{
  "Entries": [
    {
      "RequestUri": "https://fakeHost.api.wus2.digitaltwins.azure.net/models/dtmi%3Aexample%3Afloor%3B11634738?includeModelDefinition=true\u0026api-version=2022-05-31",
      "RequestMethod": "GET",
      "RequestHeaders": {
        "Accept": "application/json",
        "Authorization": "Sanitized",
        "traceparent": "00-5d36ac610e6d774da19bd99a5890dfd3-d99d905a57e85a4e-00",
        "User-Agent": "azsdk-net-DigitalTwins.Core/1.4.0-alpha.20220629.1 (.NET Core 3.1.26; Microsoft Windows 10.0.19044)",
        "x-ms-client-request-id": "791c78ee4aa2e7e5b4d6d1578a96be0d",
        "x-ms-return-client-request-id": "true"
      },
      "RequestBody": null,
      "StatusCode": 404,
      "ResponseHeaders": {
        "Content-Length": "212",
        "Content-Type": "application/json; charset=utf-8",
        "Date": "Wed, 29 Jun 2022 09:18:12 GMT",
        "mise-correlation-id": "3281a251-a9a5-4e26-b0c2-5812e148f284",
        "Strict-Transport-Security": "max-age=2592000",
        "traceresponse": "00-5d36ac610e6d774da19bd99a5890dfd3-d85d5e08f037f869-01"
      },
      "ResponseBody": {
        "error": {
          "code": "ModelNotFound",
          "message": "There is no Model(s) available that matches the provided id(s) dtmi:example:floor;11634738. Check that the Model ID provided is valid by doing a Model_List API call."
        }
      }
    },
    {
      "RequestUri": "https://fakeHost.api.wus2.digitaltwins.azure.net/models/dtmi%3Aexample%3Aroom%3B118078431?includeModelDefinition=true\u0026api-version=2022-05-31",
      "RequestMethod": "GET",
      "RequestHeaders": {
        "Accept": "application/json",
        "Authorization": "Sanitized",
        "traceparent": "00-f794724383218742847041a64399d0e0-79288d51544d3d41-00",
        "User-Agent": "azsdk-net-DigitalTwins.Core/1.4.0-alpha.20220629.1 (.NET Core 3.1.26; Microsoft Windows 10.0.19044)",
        "x-ms-client-request-id": "d15cede063d0c95fc048cf57db325a3d",
        "x-ms-return-client-request-id": "true"
      },
      "RequestBody": null,
      "StatusCode": 404,
      "ResponseHeaders": {
        "Content-Length": "212",
        "Content-Type": "application/json; charset=utf-8",
        "Date": "Wed, 29 Jun 2022 09:18:12 GMT",
        "mise-correlation-id": "89318e03-216e-4070-bcb3-df08c461b841",
        "Strict-Transport-Security": "max-age=2592000",
        "traceresponse": "00-f794724383218742847041a64399d0e0-f09fb097f69eb9c0-01"
      },
      "ResponseBody": {
        "error": {
          "code": "ModelNotFound",
          "message": "There is no Model(s) available that matches the provided id(s) dtmi:example:room;118078431. Check that the Model ID provided is valid by doing a Model_List API call."
        }
      }
    },
    {
      "RequestUri": "https://fakeHost.api.wus2.digitaltwins.azure.net/digitaltwins/dtmi%3Aexample%3Ahvac%3B113848417?api-version=2022-05-31",
      "RequestMethod": "GET",
      "RequestHeaders": {
        "Accept": "application/json",
        "Authorization": "Sanitized",
        "traceparent": "00-a284a0b632be8949b585f54a19bda77f-02b7456614ba4646-00",
        "User-Agent": "azsdk-net-DigitalTwins.Core/1.4.0-alpha.20220629.1 (.NET Core 3.1.26; Microsoft Windows 10.0.19044)",
        "x-ms-client-request-id": "9b23401f6ef37fcb38050b0ba8aa6e1f",
        "x-ms-return-client-request-id": "true"
      },
      "RequestBody": null,
      "StatusCode": 404,
      "ResponseHeaders": {
        "Content-Length": "281",
        "Content-Type": "application/json; charset=utf-8",
        "Date": "Wed, 29 Jun 2022 09:18:12 GMT",
        "mise-correlation-id": "0de3e4d4-d6a2-4228-9057-adc7ed556973",
        "Strict-Transport-Security": "max-age=2592000",
        "traceresponse": "00-a284a0b632be8949b585f54a19bda77f-c6da7d0da13be0e8-01"
      },
      "ResponseBody": {
        "error": {
          "code": "DigitalTwinNotFound",
          "message": "There is no digital twin instance that exists with the ID dtmi:example:hvac;113848417. Please verify that the twin id is valid and ensure that the twin is not deleted. See section on querying the twins https://aka.ms/adtv2query."
        }
      }
    },
    {
      "RequestUri": "https://fakeHost.api.wus2.digitaltwins.azure.net/digitaltwins/floorTwin206061042?api-version=2022-05-31",
      "RequestMethod": "GET",
      "RequestHeaders": {
        "Accept": "application/json",
        "Authorization": "Sanitized",
        "traceparent": "00-1d193cf538e91142a9db9ff15d9f627e-5ed368fb43c0974f-00",
        "User-Agent": "azsdk-net-DigitalTwins.Core/1.4.0-alpha.20220629.1 (.NET Core 3.1.26; Microsoft Windows 10.0.19044)",
        "x-ms-client-request-id": "b4ae62b3141db0bce2021590d8a4771a",
        "x-ms-return-client-request-id": "true"
      },
      "RequestBody": null,
      "StatusCode": 404,
      "ResponseHeaders": {
        "Content-Length": "272",
        "Content-Type": "application/json; charset=utf-8",
        "Date": "Wed, 29 Jun 2022 09:18:13 GMT",
        "mise-correlation-id": "b9caa67f-fe5b-47cd-a488-1e4606986924",
        "Strict-Transport-Security": "max-age=2592000",
        "traceresponse": "00-1d193cf538e91142a9db9ff15d9f627e-85310bce6ba0ac39-01"
      },
      "ResponseBody": {
        "error": {
          "code": "DigitalTwinNotFound",
          "message": "There is no digital twin instance that exists with the ID floorTwin206061042. Please verify that the twin id is valid and ensure that the twin is not deleted. See section on querying the twins https://aka.ms/adtv2query."
        }
      }
    },
    {
      "RequestUri": "https://fakeHost.api.wus2.digitaltwins.azure.net/digitaltwins/roomTwin1563541905?api-version=2022-05-31",
      "RequestMethod": "GET",
      "RequestHeaders": {
        "Accept": "application/json",
        "Authorization": "Sanitized",
        "traceparent": "00-4e164dcf065a5446ba7238dbbcd79ccf-770d224bff597a44-00",
        "User-Agent": "azsdk-net-DigitalTwins.Core/1.4.0-alpha.20220629.1 (.NET Core 3.1.26; Microsoft Windows 10.0.19044)",
        "x-ms-client-request-id": "aeea7e777eec5190975d54bd179d6037",
        "x-ms-return-client-request-id": "true"
      },
      "RequestBody": null,
      "StatusCode": 404,
      "ResponseHeaders": {
        "Content-Length": "272",
        "Content-Type": "application/json; charset=utf-8",
        "Date": "Wed, 29 Jun 2022 09:18:13 GMT",
        "mise-correlation-id": "e85fa467-00b9-423d-9bed-d0b9fc61f46d",
        "Strict-Transport-Security": "max-age=2592000",
        "traceresponse": "00-4e164dcf065a5446ba7238dbbcd79ccf-707644df91398fdb-01"
      },
      "ResponseBody": {
        "error": {
          "code": "DigitalTwinNotFound",
          "message": "There is no digital twin instance that exists with the ID roomTwin1563541905. Please verify that the twin id is valid and ensure that the twin is not deleted. See section on querying the twins https://aka.ms/adtv2query."
        }
      }
    },
    {
      "RequestUri": "https://fakeHost.api.wus2.digitaltwins.azure.net/digitaltwins/hvacTwin483486953?api-version=2022-05-31",
      "RequestMethod": "GET",
      "RequestHeaders": {
        "Accept": "application/json",
        "Authorization": "Sanitized",
        "traceparent": "00-7dd6c12646e4e348bd0003a657a129c1-0c3395c703e2be45-00",
        "User-Agent": "azsdk-net-DigitalTwins.Core/1.4.0-alpha.20220629.1 (.NET Core 3.1.26; Microsoft Windows 10.0.19044)",
        "x-ms-client-request-id": "448ef77e2b01ea66116cb6ef5f6194f1",
        "x-ms-return-client-request-id": "true"
      },
      "RequestBody": null,
      "StatusCode": 404,
      "ResponseHeaders": {
        "Content-Length": "271",
        "Content-Type": "application/json; charset=utf-8",
        "Date": "Wed, 29 Jun 2022 09:18:13 GMT",
        "mise-correlation-id": "9dfdcddc-ec1c-43ad-abb1-b308731cd6b5",
        "Strict-Transport-Security": "max-age=2592000",
        "traceresponse": "00-7dd6c12646e4e348bd0003a657a129c1-435670094f3c89f0-01"
      },
      "ResponseBody": {
        "error": {
          "code": "DigitalTwinNotFound",
          "message": "There is no digital twin instance that exists with the ID hvacTwin483486953. Please verify that the twin id is valid and ensure that the twin is not deleted. See section on querying the twins https://aka.ms/adtv2query."
        }
      }
    },
    {
      "RequestUri": "https://fakeHost.api.wus2.digitaltwins.azure.net/models?api-version=2022-05-31",
      "RequestMethod": "POST",
      "RequestHeaders": {
        "Accept": "application/json",
        "Authorization": "Sanitized",
        "Content-Length": "2310",
        "Content-Type": "application/json",
        "traceparent": "00-14d35367722d0f4ab2a133dce478a59a-19c464b9416d8c4a-00",
        "User-Agent": "azsdk-net-DigitalTwins.Core/1.4.0-alpha.20220629.1 (.NET Core 3.1.26; Microsoft Windows 10.0.19044)",
        "x-ms-client-request-id": "34f03316c6431de36285b768f2ca64b4",
        "x-ms-return-client-request-id": "true"
      },
      "RequestBody": "[{    \u0022@id\u0022: \u0022dtmi:example:floor;11634738\u0022,    \u0022@type\u0022: \u0022Interface\u0022,    \u0022@context\u0022: \u0022dtmi:dtdl:context;2\u0022,    \u0022displayName\u0022: \u0022Floor\u0022,    \u0022description\u0022: \u0022A building story.\u0022,    \u0022contents\u0022: [        {            \u0022@type\u0022: \u0022Relationship\u0022,            \u0022name\u0022: \u0022contains\u0022,            \u0022target\u0022: \u0022dtmi:example:room;118078431\u0022,            \u0022properties\u0022: [                {                    \u0022@type\u0022: \u0022Property\u0022,                    \u0022name\u0022: \u0022isAccessRestricted\u0022,                    \u0022schema\u0022: \u0022boolean\u0022                }            ]        },        {            \u0022@type\u0022: \u0022Relationship\u0022,            \u0022name\u0022: \u0022cooledBy\u0022,            \u0022target\u0022: \u0022dtmi:example:hvac;113848417\u0022        },        {            \u0022@type\u0022: \u0022Property\u0022,            \u0022name\u0022: \u0022AverageTemperature\u0022,            \u0022schema\u0022: \u0022double\u0022        }    ]},{    \u0022@id\u0022: \u0022dtmi:example:room;118078431\u0022,    \u0022@type\u0022: \u0022Interface\u0022,    \u0022displayName\u0022: \u0022Room\u0022,    \u0022description\u0022: \u0022An enclosure inside a building.\u0022,    \u0022contents\u0022: [        {            \u0022@type\u0022: \u0022Relationship\u0022,            \u0022name\u0022: \u0022containedIn\u0022,            \u0022target\u0022: \u0022dtmi:example:floor;11634738\u0022        },        {            \u0022@type\u0022: \u0022Property\u0022,            \u0022name\u0022: \u0022Temperature\u0022,            \u0022schema\u0022: \u0022double\u0022        },        {            \u0022@type\u0022: \u0022Property\u0022,            \u0022name\u0022: \u0022Humidity\u0022,            \u0022schema\u0022: \u0022double\u0022        },        {            \u0022@type\u0022: \u0022Property\u0022,            \u0022name\u0022: \u0022IsOccupied\u0022,            \u0022schema\u0022: \u0022boolean\u0022        },        {            \u0022@type\u0022: \u0022Property\u0022,            \u0022name\u0022: \u0022EmployeeId\u0022,            \u0022schema\u0022: \u0022string\u0022        }    ],    \u0022@context\u0022: \u0022dtmi:dtdl:context;2\u0022},{    \u0022@id\u0022: \u0022dtmi:example:hvac;113848417\u0022,    \u0022@type\u0022: \u0022Interface\u0022,    \u0022displayName\u0022: \u0022HVAC\u0022,    \u0022description\u0022: \u0022A heating, ventilation, and air conditioning unit.\u0022,    \u0022contents\u0022: [        {            \u0022@type\u0022: \u0022Property\u0022,            \u0022name\u0022: \u0022Efficiency\u0022,            \u0022schema\u0022: \u0022double\u0022        },        {            \u0022@type\u0022: \u0022Property\u0022,            \u0022name\u0022: \u0022TargetTemperature\u0022,            \u0022schema\u0022: \u0022double\u0022        },        {            \u0022@type\u0022: \u0022Property\u0022,            \u0022name\u0022: \u0022TargetHumidity\u0022,            \u0022schema\u0022: \u0022double\u0022        },        {            \u0022@type\u0022: \u0022Relationship\u0022,            \u0022name\u0022: \u0022cools\u0022,            \u0022target\u0022: \u0022dtmi:example:floor;11634738\u0022        }    ],    \u0022@context\u0022: \u0022dtmi:dtdl:context;2\u0022}]",
      "StatusCode": 201,
      "ResponseHeaders": {
        "Content-Length": "581",
        "Content-Type": "application/json; charset=utf-8",
        "Date": "Wed, 29 Jun 2022 09:18:13 GMT",
        "mise-correlation-id": "48d77166-3ac2-4c8c-a12c-ed7638fdd1d0",
        "Strict-Transport-Security": "max-age=2592000",
        "traceresponse": "00-14d35367722d0f4ab2a133dce478a59a-096559c700fa487d-01"
      },
      "ResponseBody": "[{\u0022id\u0022:\u0022dtmi:example:floor;11634738\u0022,\u0022description\u0022:{\u0022en\u0022:\u0022A building story.\u0022},\u0022displayName\u0022:{\u0022en\u0022:\u0022Floor\u0022},\u0022decommissioned\u0022:false,\u0022uploadTime\u0022:\u00222022-06-29T09:18:14.0651886\u002B00:00\u0022},{\u0022id\u0022:\u0022dtmi:example:room;118078431\u0022,\u0022description\u0022:{\u0022en\u0022:\u0022An enclosure inside a building.\u0022},\u0022displayName\u0022:{\u0022en\u0022:\u0022Room\u0022},\u0022decommissioned\u0022:false,\u0022uploadTime\u0022:\u00222022-06-29T09:18:14.065225\u002B00:00\u0022},{\u0022id\u0022:\u0022dtmi:example:hvac;113848417\u0022,\u0022description\u0022:{\u0022en\u0022:\u0022A heating, ventilation, and air conditioning unit.\u0022},\u0022displayName\u0022:{\u0022en\u0022:\u0022HVAC\u0022},\u0022decommissioned\u0022:false,\u0022uploadTime\u0022:\u00222022-06-29T09:18:14.065277\u002B00:00\u0022}]"
    },
    {
      "RequestUri": "https://fakeHost.api.wus2.digitaltwins.azure.net/models?api-version=2022-05-31",
      "RequestMethod": "GET",
      "RequestHeaders": {
        "Accept": "application/json",
        "Authorization": "Sanitized",
        "traceparent": "00-8172c492c8c73e4f83f99a0f36c655b5-0858ad08f532834b-00",
        "User-Agent": "azsdk-net-DigitalTwins.Core/1.4.0-alpha.20220629.1 (.NET Core 3.1.26; Microsoft Windows 10.0.19044)",
        "x-ms-client-request-id": "7f26ef594d8b527584c3db12da6238fc",
        "x-ms-return-client-request-id": "true"
      },
      "RequestBody": null,
      "StatusCode": 200,
      "ResponseHeaders": {
        "Content-Length": "4638",
        "Content-Type": "application/json; charset=utf-8",
        "Date": "Wed, 29 Jun 2022 09:18:13 GMT",
        "mise-correlation-id": "26ef8f7b-8674-4272-99d0-d4ccf3de2821",
        "Strict-Transport-Security": "max-age=2592000",
        "traceresponse": "00-8172c492c8c73e4f83f99a0f36c655b5-14c947636cc642f3-01"
      },
      "ResponseBody": {
        "value": [
          {
            "id": "dtmi:example:room;121402403",
            "description": {
              "en": "An enclosure inside a building."
            },
            "displayName": {
              "en": "Room"
            },
            "decommissioned": false,
            "uploadTime": "2022-06-29T09:12:41.9553675\u002B00:00"
          },
          {
            "id": "dtmi:example:Ward;152687811",
            "description": {
              "en": "A separate partition in a building, made of rooms and hallways."
            },
            "displayName": {
              "en": "Ward"
            },
            "decommissioned": false,
            "uploadTime": "2022-06-29T09:16:39.2263719\u002B00:00"
          },
          {
            "id": "dtmi:example:Ward;131703964",
            "description": {
              "en": "A separate partition in a building, made of rooms and hallways."
            },
            "displayName": {
              "en": "Ward"
            },
            "decommissioned": false,
            "uploadTime": "2022-06-29T09:16:39.2289029\u002B00:00"
          },
          {
            "id": "dtmi:example:room;123733427",
            "description": {
              "en": "An enclosure inside a building."
            },
            "displayName": {
              "en": "Room"
            },
            "decommissioned": false,
            "uploadTime": "2022-06-29T09:16:39.3335496\u002B00:00"
          },
          {
            "id": "dtmi:example:room;120044467",
            "description": {
              "en": "An enclosure inside a building."
            },
            "displayName": {
              "en": "Room"
            },
            "decommissioned": false,
            "uploadTime": "2022-06-29T09:16:39.8692541\u002B00:00"
          },
          {
            "id": "dtmi:example:Ward;139229285",
            "description": {
              "en": "A separate partition in a building, made of rooms and hallways."
            },
            "displayName": {
              "en": "Ward"
            },
            "decommissioned": false,
            "uploadTime": "2022-06-29T09:16:40.8415471\u002B00:00"
          },
          {
            "id": "dtmi:example:Ward;116580092",
            "description": {
              "en": "A separate partition in a building, made of rooms and hallways."
            },
            "displayName": {
              "en": "Ward"
            },
            "decommissioned": false,
            "uploadTime": "2022-06-29T09:16:40.8446486\u002B00:00"
          },
          {
            "id": "dtmi:example:Ward;115396593",
            "description": {
              "en": "A separate partition in a building, made of rooms and hallways."
            },
            "displayName": {
              "en": "Ward"
            },
            "decommissioned": false,
            "uploadTime": "2022-06-29T09:17:08.812792\u002B00:00"
          },
          {
            "id": "dtmi:example:Ward;145145886",
            "description": {
              "en": "A separate partition in a building, made of rooms and hallways."
            },
            "displayName": {
              "en": "Ward"
            },
            "decommissioned": false,
            "uploadTime": "2022-06-29T09:17:08.8269194\u002B00:00"
          },
          {
            "id": "dtmi:example:room;120333472",
            "description": {
              "en": "An enclosure inside a building."
            },
            "displayName": {
              "en": "Room"
            },
            "decommissioned": false,
            "uploadTime": "2022-06-29T09:17:08.9144171\u002B00:00"
          },
          {
            "id": "dtmi:example:room;110250576",
            "description": {
              "en": "An enclosure inside a building."
            },
            "displayName": {
              "en": "Room"
            },
            "decommissioned": false,
            "uploadTime": "2022-06-29T09:17:08.9308331\u002B00:00"
          },
          {
            "id": "dtmi:example:Ward;139572678",
            "description": {
              "en": "A separate partition in a building, made of rooms and hallways."
            },
            "displayName": {
              "en": "Ward"
            },
            "decommissioned": false,
            "uploadTime": "2022-06-29T09:17:10.1457961\u002B00:00"
          },
          {
            "id": "dtmi:example:Ward;117518715",
            "description": {
              "en": "A separate partition in a building, made of rooms and hallways."
            },
            "displayName": {
              "en": "Ward"
            },
            "decommissioned": false,
            "uploadTime": "2022-06-29T09:17:10.1772887\u002B00:00"
          },
          {
            "id": "dtmi:example:Ward;116261055",
            "description": {
              "en": "A separate partition in a building, made of rooms and hallways."
            },
            "displayName": {
              "en": "Ward"
            },
            "decommissioned": false,
            "uploadTime": "2022-06-29T09:17:44.4460468\u002B00:00"
          },
          {
            "id": "dtmi:example:Ward;184550207",
            "description": {
              "en": "A separate partition in a building, made of rooms and hallways."
            },
            "displayName": {
              "en": "Ward"
            },
            "decommissioned": false,
            "uploadTime": "2022-06-29T09:17:44.4466624\u002B00:00"
          },
          {
            "id": "dtmi:example:room;113116704",
            "description": {
              "en": "An enclosure inside a building."
            },
            "displayName": {
              "en": "Room"
            },
            "decommissioned": false,
            "uploadTime": "2022-06-29T09:17:44.5301039\u002B00:00"
          },
          {
            "id": "dtmi:example:room;171253566",
            "description": {
              "en": "An enclosure inside a building."
            },
            "displayName": {
              "en": "Room"
            },
            "decommissioned": false,
            "uploadTime": "2022-06-29T09:17:44.5489354\u002B00:00"
          },
          {
            "id": "dtmi:example:Ward;119571131",
            "description": {
              "en": "A separate partition in a building, made of rooms and hallways."
            },
            "displayName": {
              "en": "Ward"
            },
            "decommissioned": false,
            "uploadTime": "2022-06-29T09:17:45.8033076\u002B00:00"
          },
          {
            "id": "dtmi:example:Ward;176658601",
            "description": {
              "en": "A separate partition in a building, made of rooms and hallways."
            },
            "displayName": {
              "en": "Ward"
            },
            "decommissioned": false,
            "uploadTime": "2022-06-29T09:17:45.8396347\u002B00:00"
          },
          {
            "id": "dtmi:example:floor;11634738",
            "description": {
              "en": "A building story."
            },
            "displayName": {
              "en": "Floor"
            },
            "decommissioned": false,
            "uploadTime": "2022-06-29T09:18:14.0651886\u002B00:00"
          },
          {
            "id": "dtmi:example:room;118078431",
            "description": {
              "en": "An enclosure inside a building."
            },
            "displayName": {
              "en": "Room"
            },
            "decommissioned": false,
            "uploadTime": "2022-06-29T09:18:14.065225\u002B00:00"
          },
          {
            "id": "dtmi:example:hvac;113848417",
            "description": {
              "en": "A heating, ventilation, and air conditioning unit."
            },
            "displayName": {
              "en": "HVAC"
            },
            "decommissioned": false,
            "uploadTime": "2022-06-29T09:18:14.065277\u002B00:00"
          }
        ],
        "nextLink": null
      }
    },
    {
      "RequestUri": "https://fakeHost.api.wus2.digitaltwins.azure.net/digitaltwins/floorTwin206061042?api-version=2022-05-31",
      "RequestMethod": "PUT",
      "RequestHeaders": {
        "Accept": "application/json",
        "Authorization": "Sanitized",
        "Content-Length": "104",
        "Content-Type": "application/json",
        "traceparent": "00-c9a520035dc3194eaf5d8ab41d0a1ef6-ba27ce398730594b-00",
        "User-Agent": "azsdk-net-DigitalTwins.Core/1.4.0-alpha.20220629.1 (.NET Core 3.1.26; Microsoft Windows 10.0.19044)",
        "x-ms-client-request-id": "6900ccc00270b7a51370e27b74fdf846",
        "x-ms-return-client-request-id": "true"
      },
      "RequestBody": {
        "$dtId": null,
        "$etag": null,
        "AverageTemperature": 75,
        "$metadata": {
          "$model": "dtmi:example:floor;11634738"
        }
      },
      "StatusCode": 200,
      "ResponseHeaders": {
        "Content-Length": "280",
        "Content-Type": "application/json; charset=utf-8",
        "Date": "Wed, 29 Jun 2022 09:18:13 GMT",
        "ETag": "W/\u0022f2d4f1d7-ed1f-4008-97e8-e3fd2f8e1188\u0022",
        "mise-correlation-id": "96296637-2090-4b3b-b340-b8cdf6ad05b1",
        "Strict-Transport-Security": "max-age=2592000",
        "traceresponse": "00-c9a520035dc3194eaf5d8ab41d0a1ef6-c16ff5d6d29d5f75-01"
      },
      "ResponseBody": {
        "$dtId": "floorTwin206061042",
        "$etag": "W/\u0022f2d4f1d7-ed1f-4008-97e8-e3fd2f8e1188\u0022",
        "AverageTemperature": 75,
        "$metadata": {
          "$model": "dtmi:example:floor;11634738",
          "$lastUpdateTime": "2022-06-29T09:18:14.1840865Z",
          "AverageTemperature": {
            "lastUpdateTime": "2022-06-29T09:18:14.1840865Z"
          }
        }
      }
    },
    {
      "RequestUri": "https://fakeHost.api.wus2.digitaltwins.azure.net/digitaltwins/roomTwin1563541905?api-version=2022-05-31",
      "RequestMethod": "PUT",
      "RequestHeaders": {
        "Accept": "application/json",
        "Authorization": "Sanitized",
        "Content-Length": "154",
        "Content-Type": "application/json",
        "traceparent": "00-f94798974a91b54d80601e4a871fb6fa-59e83bf5ce65534d-00",
        "User-Agent": "azsdk-net-DigitalTwins.Core/1.4.0-alpha.20220629.1 (.NET Core 3.1.26; Microsoft Windows 10.0.19044)",
        "x-ms-client-request-id": "70960107143ac966bd9eb07febd04300",
        "x-ms-return-client-request-id": "true"
      },
      "RequestBody": {
        "$dtId": null,
        "$etag": null,
        "Temperature": 80,
        "Humidity": 25,
        "IsOccupied": true,
        "EmployeeId": "Employee1",
        "$metadata": {
          "$model": "dtmi:example:room;118078431"
        }
      },
      "StatusCode": 200,
      "ResponseHeaders": {
        "Content-Length": "510",
        "Content-Type": "application/json; charset=utf-8",
        "Date": "Wed, 29 Jun 2022 09:18:13 GMT",
        "ETag": "W/\u00223478ac49-6006-4f57-8cf6-c1e5bb39b1f2\u0022",
        "mise-correlation-id": "5fc25dce-351d-42b8-9fd9-10e40514a1f0",
        "Strict-Transport-Security": "max-age=2592000",
        "traceresponse": "00-f94798974a91b54d80601e4a871fb6fa-3eccc4283940b6cc-01"
      },
      "ResponseBody": {
        "$dtId": "roomTwin1563541905",
        "$etag": "W/\u00223478ac49-6006-4f57-8cf6-c1e5bb39b1f2\u0022",
        "Temperature": 80,
        "Humidity": 25,
        "IsOccupied": true,
        "EmployeeId": "Employee1",
        "$metadata": {
          "$model": "dtmi:example:room;118078431",
          "$lastUpdateTime": "2022-06-29T09:18:14.2542020Z",
          "Temperature": {
            "lastUpdateTime": "2022-06-29T09:18:14.2542020Z"
          },
          "Humidity": {
            "lastUpdateTime": "2022-06-29T09:18:14.2542020Z"
          },
          "IsOccupied": {
            "lastUpdateTime": "2022-06-29T09:18:14.2542020Z"
          },
          "EmployeeId": {
            "lastUpdateTime": "2022-06-29T09:18:14.2542020Z"
          }
        }
      }
    },
    {
      "RequestUri": "https://fakeHost.api.wus2.digitaltwins.azure.net/digitaltwins/hvacTwin483486953?api-version=2022-05-31",
      "RequestMethod": "PUT",
      "RequestHeaders": {
        "Accept": "application/json",
        "Authorization": "Sanitized",
        "Content-Length": "123",
        "Content-Type": "application/json",
        "traceparent": "00-4ec827d131f9b34ca3fd80e6bc63e93b-9e6df2f6d83f984a-00",
        "User-Agent": "azsdk-net-DigitalTwins.Core/1.4.0-alpha.20220629.1 (.NET Core 3.1.26; Microsoft Windows 10.0.19044)",
        "x-ms-client-request-id": "26a8ba4dfbca5644496e6b1a6af9de86",
        "x-ms-return-client-request-id": "true"
      },
      "RequestBody": {
        "$dtId": null,
        "$etag": null,
        "TargetTemperature": 80,
        "TargetHumidity": 25,
        "$metadata": {
          "$model": "dtmi:example:hvac;113848417"
        }
      },
      "StatusCode": 200,
      "ResponseHeaders": {
        "Content-Length": "364",
        "Content-Type": "application/json; charset=utf-8",
        "Date": "Wed, 29 Jun 2022 09:18:13 GMT",
        "ETag": "W/\u0022f2ea2cda-4632-4914-89ea-4ba7882e7b11\u0022",
        "mise-correlation-id": "a408718f-79c2-4ad7-81d5-0438a8b1ca2f",
        "Strict-Transport-Security": "max-age=2592000",
        "traceresponse": "00-4ec827d131f9b34ca3fd80e6bc63e93b-18c59eaa47cffa67-01"
      },
      "ResponseBody": {
        "$dtId": "hvacTwin483486953",
        "$etag": "W/\u0022f2ea2cda-4632-4914-89ea-4ba7882e7b11\u0022",
        "TargetTemperature": 80,
        "TargetHumidity": 25,
        "$metadata": {
          "$model": "dtmi:example:hvac;113848417",
          "$lastUpdateTime": "2022-06-29T09:18:14.3211025Z",
          "TargetTemperature": {
            "lastUpdateTime": "2022-06-29T09:18:14.3211025Z"
          },
          "TargetHumidity": {
            "lastUpdateTime": "2022-06-29T09:18:14.3211025Z"
          }
        }
      }
    },
    {
      "RequestUri": "https://fakeHost.api.wus2.digitaltwins.azure.net/digitaltwins/floorTwin206061042/relationships/FloorToRoomRelationship?api-version=2022-05-31",
      "RequestMethod": "PUT",
      "RequestHeaders": {
        "Accept": "application/json",
        "Authorization": "Sanitized",
        "Content-Length": "144",
        "Content-Type": "application/json",
        "traceparent": "00-191bf3aa208b3842ab06c40d0375f4a5-bcbc5e71a2242544-00",
        "User-Agent": "azsdk-net-DigitalTwins.Core/1.4.0-alpha.20220629.1 (.NET Core 3.1.26; Microsoft Windows 10.0.19044)",
        "x-ms-client-request-id": "d80b95cbc8cbabc16536acd25225cc42",
        "x-ms-return-client-request-id": "true"
      },
      "RequestBody": {
        "$relationshipId": null,
        "$targetId": "roomTwin1563541905",
        "$sourceId": null,
        "$relationshipName": "contains",
        "$etag": null,
        "isAccessRestricted": true
      },
      "StatusCode": 200,
      "ResponseHeaders": {
        "Content-Length": "221",
        "Content-Type": "application/json; charset=utf-8",
        "Date": "Wed, 29 Jun 2022 09:18:13 GMT",
        "ETag": "W/\u0022d1e746a1-9cac-49ba-a991-ae2cc14afab5\u0022",
        "mise-correlation-id": "887f6a60-1c20-4613-91da-144393d2bd52",
        "Strict-Transport-Security": "max-age=2592000",
        "traceresponse": "00-191bf3aa208b3842ab06c40d0375f4a5-38199a1d7d580b44-01"
      },
      "ResponseBody": {
        "$relationshipId": "FloorToRoomRelationship",
        "$etag": "W/\u0022d1e746a1-9cac-49ba-a991-ae2cc14afab5\u0022",
        "$sourceId": "floorTwin206061042",
        "$relationshipName": "contains",
        "$targetId": "roomTwin1563541905",
        "isAccessRestricted": true
      }
    },
    {
      "RequestUri": "https://fakeHost.api.wus2.digitaltwins.azure.net/digitaltwins/floorTwin206061042/relationships/FloorToRoomRelationship?api-version=2022-05-31",
      "RequestMethod": "PATCH",
      "RequestHeaders": {
        "Accept": "application/json",
        "Authorization": "Sanitized",
        "Content-Length": "61",
        "Content-Type": "application/json-patch\u002Bjson",
        "traceparent": "00-8dfaea426445424cb6c6dc75453c0609-b75841feae0bd347-00",
        "User-Agent": "azsdk-net-DigitalTwins.Core/1.4.0-alpha.20220629.1 (.NET Core 3.1.26; Microsoft Windows 10.0.19044)",
        "x-ms-client-request-id": "b92ee22dd1550b7bbc3f26cca94c5fc3",
        "x-ms-return-client-request-id": "true"
      },
      "RequestBody": "[{\u0022op\u0022:\u0022replace\u0022,\u0022path\u0022:\u0022/isAccessRestricted\u0022,\u0022value\u0022:false}]",
      "StatusCode": 204,
      "ResponseHeaders": {
        "Content-Length": "0",
        "Date": "Wed, 29 Jun 2022 09:18:13 GMT",
        "ETag": "W/\u0022f583997e-1c5c-4886-b88d-d37f9f2252ab\u0022",
        "mise-correlation-id": "7360b603-23aa-4f56-8d7e-6137760a9883",
        "Strict-Transport-Security": "max-age=2592000",
        "traceresponse": "00-8dfaea426445424cb6c6dc75453c0609-dd2ddfd01eab200d-01"
      },
      "ResponseBody": null
    },
    {
      "RequestUri": "https://fakeHost.api.wus2.digitaltwins.azure.net/digitaltwins/floorTwin206061042/relationships/FloorToRoomRelationship?api-version=2022-05-31",
      "RequestMethod": "PATCH",
      "RequestHeaders": {
        "Accept": "application/json",
        "Authorization": "Sanitized",
        "Content-Length": "60",
        "Content-Type": "application/json-patch\u002Bjson",
        "If-Match": "W/\u0022d1e746a1-9cac-49ba-a991-ae2cc14afab5\u0022",
        "traceparent": "00-3114c1c31f51a04388cab49f92e0dfca-d1077fb31e6e5f45-00",
        "User-Agent": "azsdk-net-DigitalTwins.Core/1.4.0-alpha.20220629.1 (.NET Core 3.1.26; Microsoft Windows 10.0.19044)",
        "x-ms-client-request-id": "56b429bf6ac58534f8fcc0934e720424",
        "x-ms-return-client-request-id": "true"
      },
      "RequestBody": "[{\u0022op\u0022:\u0022replace\u0022,\u0022path\u0022:\u0022/isAccessRestricted\u0022,\u0022value\u0022:true}]",
      "StatusCode": 412,
      "ResponseHeaders": {
        "Content-Length": "300",
        "Content-Type": "application/json; charset=utf-8",
        "Date": "Wed, 29 Jun 2022 09:18:13 GMT",
        "mise-correlation-id": "ff8abaf0-c609-4a5b-abbc-21baee52adef",
        "Strict-Transport-Security": "max-age=2592000",
        "traceresponse": "00-3114c1c31f51a04388cab49f92e0dfca-a66aca2ba1e8421d-01"
      },
      "ResponseBody": {
        "error": {
          "code": "PreconditionFailed",
          "message": "The provided etag W/\u0022d1e746a1-9cac-49ba-a991-ae2cc14afab5\u0022 doesn\u0027t match the current etag for the resource. Please obtain and provide the latest etag by getting the resource. See section on get apis in the documentation https://aka.ms/adtv2twins."
        }
      }
    },
    {
      "RequestUri": "https://fakeHost.api.wus2.digitaltwins.azure.net/digitaltwins/floorTwin206061042/relationships/FloorToRoomRelationship?api-version=2022-05-31",
      "RequestMethod": "DELETE",
      "RequestHeaders": {
        "Accept": "application/json",
        "Authorization": "Sanitized",
        "traceparent": "00-8d801a950709264db9d1fd1ad96a5b20-9d56ec44d1653449-00",
        "User-Agent": "azsdk-net-DigitalTwins.Core/1.4.0-alpha.20220629.1 (.NET Core 3.1.26; Microsoft Windows 10.0.19044)",
        "x-ms-client-request-id": "88ed28a224cbf93019ff1c8ba1f50219",
        "x-ms-return-client-request-id": "true"
      },
      "RequestBody": null,
      "StatusCode": 204,
      "ResponseHeaders": {
        "Content-Length": "0",
        "Date": "Wed, 29 Jun 2022 09:18:13 GMT",
        "mise-correlation-id": "ae396a26-35b4-459e-89b8-ed905dc0032a",
        "Strict-Transport-Security": "max-age=2592000",
        "traceresponse": "00-8d801a950709264db9d1fd1ad96a5b20-3a5b5f53baafeb10-01"
      },
      "ResponseBody": null
    },
    {
      "RequestUri": "https://fakeHost.api.wus2.digitaltwins.azure.net/digitaltwins/floorTwin206061042?api-version=2022-05-31",
      "RequestMethod": "DELETE",
      "RequestHeaders": {
        "Accept": "application/json",
        "Authorization": "Sanitized",
        "traceparent": "00-a8fa32ae39b6af4e9ef2f33bb4c14024-29636a6e6ea14944-00",
        "User-Agent": "azsdk-net-DigitalTwins.Core/1.4.0-alpha.20220629.1 (.NET Core 3.1.26; Microsoft Windows 10.0.19044)",
        "x-ms-client-request-id": "2812e8d77571c27daea9c05911e8bd49",
        "x-ms-return-client-request-id": "true"
      },
      "RequestBody": null,
      "StatusCode": 204,
      "ResponseHeaders": {
        "Content-Length": "0",
        "Date": "Wed, 29 Jun 2022 09:18:13 GMT",
        "mise-correlation-id": "9121b2fc-832a-40d3-9429-56e28c478654",
        "Strict-Transport-Security": "max-age=2592000",
        "traceresponse": "00-a8fa32ae39b6af4e9ef2f33bb4c14024-8ec33cdb1ea69b11-01"
      },
      "ResponseBody": null
    },
    {
      "RequestUri": "https://fakeHost.api.wus2.digitaltwins.azure.net/digitaltwins/roomTwin1563541905?api-version=2022-05-31",
      "RequestMethod": "DELETE",
      "RequestHeaders": {
        "Accept": "application/json",
        "Authorization": "Sanitized",
        "traceparent": "00-17b79065bebfc741af4433d4213fb88d-267df4ef006f8749-00",
        "User-Agent": "azsdk-net-DigitalTwins.Core/1.4.0-alpha.20220629.1 (.NET Core 3.1.26; Microsoft Windows 10.0.19044)",
        "x-ms-client-request-id": "8029023bd65f9bf8f8ba3cc54ea8e303",
        "x-ms-return-client-request-id": "true"
      },
      "RequestBody": null,
      "StatusCode": 204,
      "ResponseHeaders": {
        "Content-Length": "0",
        "Date": "Wed, 29 Jun 2022 09:18:13 GMT",
        "mise-correlation-id": "6d12d8bf-3554-4fc5-9a44-253fd08940b3",
        "Strict-Transport-Security": "max-age=2592000",
        "traceresponse": "00-17b79065bebfc741af4433d4213fb88d-43c88329d2c10cb2-01"
      },
      "ResponseBody": null
    },
    {
      "RequestUri": "https://fakeHost.api.wus2.digitaltwins.azure.net/digitaltwins/hvacTwin483486953?api-version=2022-05-31",
      "RequestMethod": "DELETE",
      "RequestHeaders": {
        "Accept": "application/json",
        "Authorization": "Sanitized",
        "traceparent": "00-e9f0e29833957e4b9c7133854d76f1e1-ecb297fe7008fa44-00",
        "User-Agent": "azsdk-net-DigitalTwins.Core/1.4.0-alpha.20220629.1 (.NET Core 3.1.26; Microsoft Windows 10.0.19044)",
        "x-ms-client-request-id": "66bca6fadb602cb2aa2ada2263d7e831",
        "x-ms-return-client-request-id": "true"
      },
      "RequestBody": null,
      "StatusCode": 204,
      "ResponseHeaders": {
        "Content-Length": "0",
        "Date": "Wed, 29 Jun 2022 09:18:13 GMT",
        "mise-correlation-id": "2217469f-4a86-41e8-a4bd-d5ac9603ae97",
        "Strict-Transport-Security": "max-age=2592000",
        "traceresponse": "00-e9f0e29833957e4b9c7133854d76f1e1-3927ae6414c629a3-01"
      },
      "ResponseBody": null
    },
    {
      "RequestUri": "https://fakeHost.api.wus2.digitaltwins.azure.net/models/dtmi%3Aexample%3Ahvac%3B113848417?api-version=2022-05-31",
      "RequestMethod": "DELETE",
      "RequestHeaders": {
        "Accept": "application/json",
        "Authorization": "Sanitized",
        "traceparent": "00-bb9bfec4ec12914ca012855ee458d94c-ff8e3df7628bc34b-00",
        "User-Agent": "azsdk-net-DigitalTwins.Core/1.4.0-alpha.20220629.1 (.NET Core 3.1.26; Microsoft Windows 10.0.19044)",
        "x-ms-client-request-id": "9f50d24281cb00baf0762fb638b87305",
        "x-ms-return-client-request-id": "true"
      },
      "RequestBody": null,
      "StatusCode": 204,
      "ResponseHeaders": {
        "Content-Length": "0",
        "Date": "Wed, 29 Jun 2022 09:18:13 GMT",
        "mise-correlation-id": "e448309f-d7c2-415b-a38f-4df78f8c9f84",
        "Strict-Transport-Security": "max-age=2592000",
        "traceresponse": "00-bb9bfec4ec12914ca012855ee458d94c-41f69886216d9aef-01"
      },
      "ResponseBody": null
    },
    {
      "RequestUri": "https://fakeHost.api.wus2.digitaltwins.azure.net/models/dtmi%3Aexample%3Afloor%3B11634738?api-version=2022-05-31",
      "RequestMethod": "DELETE",
      "RequestHeaders": {
        "Accept": "application/json",
        "Authorization": "Sanitized",
        "traceparent": "00-96462ed1f9cb0447b3cb1d5a1ab42397-9852b28d324b0c43-00",
        "User-Agent": "azsdk-net-DigitalTwins.Core/1.4.0-alpha.20220629.1 (.NET Core 3.1.26; Microsoft Windows 10.0.19044)",
        "x-ms-client-request-id": "6a5ebdc5562c5fe94ffcd634fcd63821",
        "x-ms-return-client-request-id": "true"
      },
      "RequestBody": null,
      "StatusCode": 204,
      "ResponseHeaders": {
        "Content-Length": "0",
        "Date": "Wed, 29 Jun 2022 09:18:13 GMT",
        "mise-correlation-id": "23f0a8ad-bcd8-4a08-b42b-b8338a8bde54",
        "Strict-Transport-Security": "max-age=2592000",
        "traceresponse": "00-96462ed1f9cb0447b3cb1d5a1ab42397-bfa242473f84b786-01"
      },
      "ResponseBody": null
    },
    {
      "RequestUri": "https://fakeHost.api.wus2.digitaltwins.azure.net/models/dtmi%3Aexample%3Aroom%3B118078431?api-version=2022-05-31",
      "RequestMethod": "DELETE",
      "RequestHeaders": {
        "Accept": "application/json",
        "Authorization": "Sanitized",
        "traceparent": "00-e53cfb4453c01e45ba2fa031102506a5-11e09e0fb9253846-00",
        "User-Agent": "azsdk-net-DigitalTwins.Core/1.4.0-alpha.20220629.1 (.NET Core 3.1.26; Microsoft Windows 10.0.19044)",
        "x-ms-client-request-id": "7c820bd243577937ecbb76eaacfcf3f1",
        "x-ms-return-client-request-id": "true"
      },
      "RequestBody": null,
      "StatusCode": 204,
      "ResponseHeaders": {
        "Content-Length": "0",
        "Date": "Wed, 29 Jun 2022 09:18:14 GMT",
        "mise-correlation-id": "3cbf6d22-870e-4347-bf13-d71daaaa10de",
        "Strict-Transport-Security": "max-age=2592000",
        "traceresponse": "00-e53cfb4453c01e45ba2fa031102506a5-d05bb9cd5db39d2e-01"
      },
      "ResponseBody": null
    }
  ],
  "Variables": {
    "AZURE_AUTHORITY_HOST": "https://login.microsoftonline.com/",
    "DIGITALTWINS_URL": "https://fakeHost.api.wus2.digitaltwins.azure.net",
    "RandomSeed": "101989654"
  }
}
