{
  "Entries": [
    {
      "RequestUri": "https://fakeHost.api.wus2.digitaltwins.azure.net/models/dtmi%3Aexample%3Afloor%3B17442671?includeModelDefinition=true\u0026api-version=2023-02-27-preview",
      "RequestMethod": "GET",
      "RequestHeaders": {
        "Accept": "application/json",
        "Authorization": "Sanitized",
        "traceparent": "00-1e1efb066c8e6c6495b6a81b8a6c1b8e-23b5ce8da02a7ce0-00",
        "User-Agent": "azsdk-net-DigitalTwins.Core/1.5.0-alpha.20230131.1 (.NET 6.0.13; Microsoft Windows 10.0.22621)",
        "x-ms-client-request-id": "9415c89e75ce108a1ea586a6d9fadee6",
        "x-ms-return-client-request-id": "true"
      },
      "RequestBody": null,
      "StatusCode": 404,
      "ResponseHeaders": {
        "Content-Length": "212",
        "Content-Type": "application/json; charset=utf-8",
        "Date": "Wed, 01 Feb 2023 23:58:59 GMT",
        "mise-correlation-id": "40699549-6958-451f-bd2d-f2552eae807f",
        "Strict-Transport-Security": "max-age=2592000",
        "traceresponse": "00-1e1efb066c8e6c6495b6a81b8a6c1b8e-76af0611838f3b8f-01"
      },
      "ResponseBody": {
        "error": {
          "code": "ModelNotFound",
          "message": "There is no Model(s) available that matches the provided id(s) dtmi:example:floor;17442671. Check that the Model ID provided is valid by doing a Model_List API call."
        }
      }
    },
    {
      "RequestUri": "https://fakeHost.api.wus2.digitaltwins.azure.net/models/dtmi%3Aexample%3Aroom%3B170871229?includeModelDefinition=true\u0026api-version=2023-02-27-preview",
      "RequestMethod": "GET",
      "RequestHeaders": {
        "Accept": "application/json",
        "Authorization": "Sanitized",
        "traceparent": "00-2fe8225472bc95c5133ecf601154672b-ae77e3071684836d-00",
        "User-Agent": "azsdk-net-DigitalTwins.Core/1.5.0-alpha.20230131.1 (.NET 6.0.13; Microsoft Windows 10.0.22621)",
        "x-ms-client-request-id": "673be631c8dd010a84679318a837cf35",
        "x-ms-return-client-request-id": "true"
      },
      "RequestBody": null,
      "StatusCode": 404,
      "ResponseHeaders": {
        "Content-Length": "212",
        "Content-Type": "application/json; charset=utf-8",
        "Date": "Wed, 01 Feb 2023 23:59:00 GMT",
        "mise-correlation-id": "a1997a74-ca7a-4bd2-8235-491994ddd9f8",
        "Strict-Transport-Security": "max-age=2592000",
        "traceresponse": "00-2fe8225472bc95c5133ecf601154672b-2559e256606d78e1-01"
      },
      "ResponseBody": {
        "error": {
          "code": "ModelNotFound",
          "message": "There is no Model(s) available that matches the provided id(s) dtmi:example:room;170871229. Check that the Model ID provided is valid by doing a Model_List API call."
        }
      }
    },
    {
      "RequestUri": "https://fakeHost.api.wus2.digitaltwins.azure.net/digitaltwins/dtmi%3Aexample%3Ahvac%3B110319584?api-version=2023-02-27-preview",
      "RequestMethod": "GET",
      "RequestHeaders": {
        "Accept": "application/json",
        "Authorization": "Sanitized",
        "traceparent": "00-5aaacc1e58715aebdde465fb00c82e75-e1bd31e5fdf5c200-00",
        "User-Agent": "azsdk-net-DigitalTwins.Core/1.5.0-alpha.20230131.1 (.NET 6.0.13; Microsoft Windows 10.0.22621)",
        "x-ms-client-request-id": "58020b0fe17390e34ff39af8a26c689d",
        "x-ms-return-client-request-id": "true"
      },
      "RequestBody": null,
      "StatusCode": 404,
      "ResponseHeaders": {
        "Content-Length": "281",
        "Content-Type": "application/json; charset=utf-8",
        "Date": "Wed, 01 Feb 2023 23:59:00 GMT",
        "mise-correlation-id": "7a3ef065-0bf8-4daf-84db-10ec123062e6",
        "Strict-Transport-Security": "max-age=2592000",
        "traceresponse": "00-5aaacc1e58715aebdde465fb00c82e75-6c37aa2e0aa70c3f-01"
      },
      "ResponseBody": {
        "error": {
          "code": "DigitalTwinNotFound",
          "message": "There is no digital twin instance that exists with the ID dtmi:example:hvac;110319584. Please verify that the twin id is valid and ensure that the twin is not deleted. See section on querying the twins https://aka.ms/adtv2query."
        }
      }
    },
    {
      "RequestUri": "https://fakeHost.api.wus2.digitaltwins.azure.net/digitaltwins/floorTwin490293137?api-version=2023-02-27-preview",
      "RequestMethod": "GET",
      "RequestHeaders": {
        "Accept": "application/json",
        "Authorization": "Sanitized",
        "traceparent": "00-c2b22e260750929dddbf38b1f49cf477-45030899057a244a-00",
        "User-Agent": "azsdk-net-DigitalTwins.Core/1.5.0-alpha.20230131.1 (.NET 6.0.13; Microsoft Windows 10.0.22621)",
        "x-ms-client-request-id": "09430473ffc0930b490df6f7756eb770",
        "x-ms-return-client-request-id": "true"
      },
      "RequestBody": null,
      "StatusCode": 404,
      "ResponseHeaders": {
        "Content-Length": "272",
        "Content-Type": "application/json; charset=utf-8",
        "Date": "Wed, 01 Feb 2023 23:59:00 GMT",
        "mise-correlation-id": "32059215-f1d4-4ae9-be9a-362720b99b1e",
        "Strict-Transport-Security": "max-age=2592000",
        "traceresponse": "00-c2b22e260750929dddbf38b1f49cf477-ba7e3bedba00e0d6-01"
      },
      "ResponseBody": {
        "error": {
          "code": "DigitalTwinNotFound",
          "message": "There is no digital twin instance that exists with the ID floorTwin490293137. Please verify that the twin id is valid and ensure that the twin is not deleted. See section on querying the twins https://aka.ms/adtv2query."
        }
      }
    },
    {
      "RequestUri": "https://fakeHost.api.wus2.digitaltwins.azure.net/digitaltwins/roomTwin869204760?api-version=2023-02-27-preview",
      "RequestMethod": "GET",
      "RequestHeaders": {
        "Accept": "application/json",
        "Authorization": "Sanitized",
        "traceparent": "00-ea16799af8650c35aade2864040ed581-2564c92f942d0ea0-00",
        "User-Agent": "azsdk-net-DigitalTwins.Core/1.5.0-alpha.20230131.1 (.NET 6.0.13; Microsoft Windows 10.0.22621)",
        "x-ms-client-request-id": "10e4d3ea04bdd7578ed56f09e2fb2a7b",
        "x-ms-return-client-request-id": "true"
      },
      "RequestBody": null,
      "StatusCode": 404,
      "ResponseHeaders": {
        "Content-Length": "271",
        "Content-Type": "application/json; charset=utf-8",
        "Date": "Wed, 01 Feb 2023 23:59:00 GMT",
        "mise-correlation-id": "3016972a-1efc-4e82-9d0e-784bdb45c02b",
        "Strict-Transport-Security": "max-age=2592000",
        "traceresponse": "00-ea16799af8650c35aade2864040ed581-238a329cff91d3ae-01"
      },
      "ResponseBody": {
        "error": {
          "code": "DigitalTwinNotFound",
          "message": "There is no digital twin instance that exists with the ID roomTwin869204760. Please verify that the twin id is valid and ensure that the twin is not deleted. See section on querying the twins https://aka.ms/adtv2query."
        }
      }
    },
    {
      "RequestUri": "https://fakeHost.api.wus2.digitaltwins.azure.net/digitaltwins/hvacTwin1290289687?api-version=2023-02-27-preview",
      "RequestMethod": "GET",
      "RequestHeaders": {
        "Accept": "application/json",
        "Authorization": "Sanitized",
        "traceparent": "00-ae2d2f45d309044c67acad93a48fc141-a5c45a47028a94ce-00",
        "User-Agent": "azsdk-net-DigitalTwins.Core/1.5.0-alpha.20230131.1 (.NET 6.0.13; Microsoft Windows 10.0.22621)",
        "x-ms-client-request-id": "b7f2cac30c4ec5f629d4ec98d984e387",
        "x-ms-return-client-request-id": "true"
      },
      "RequestBody": null,
      "StatusCode": 404,
      "ResponseHeaders": {
        "Content-Length": "272",
        "Content-Type": "application/json; charset=utf-8",
        "Date": "Wed, 01 Feb 2023 23:59:00 GMT",
        "mise-correlation-id": "ff7fa849-4963-4468-bfa4-7dd00ff33e7f",
        "Strict-Transport-Security": "max-age=2592000",
        "traceresponse": "00-ae2d2f45d309044c67acad93a48fc141-0f7b6009acfa1f64-01"
      },
      "ResponseBody": {
        "error": {
          "code": "DigitalTwinNotFound",
          "message": "There is no digital twin instance that exists with the ID hvacTwin1290289687. Please verify that the twin id is valid and ensure that the twin is not deleted. See section on querying the twins https://aka.ms/adtv2query."
        }
      }
    },
    {
      "RequestUri": "https://fakeHost.api.wus2.digitaltwins.azure.net/models?api-version=2023-02-27-preview",
      "RequestMethod": "POST",
      "RequestHeaders": {
        "Accept": "application/json",
        "Authorization": "Sanitized",
        "Content-Length": "2310",
        "Content-Type": "application/json",
        "traceparent": "00-b747591eb7f7d8d81f08247b9fb7f366-e30d4a1811f23130-00",
        "User-Agent": "azsdk-net-DigitalTwins.Core/1.5.0-alpha.20230131.1 (.NET 6.0.13; Microsoft Windows 10.0.22621)",
        "x-ms-client-request-id": "b995818ab580eb003232299b896711cc",
        "x-ms-return-client-request-id": "true"
      },
      "RequestBody": "[{    \u0022@id\u0022: \u0022dtmi:example:floor;17442671\u0022,    \u0022@type\u0022: \u0022Interface\u0022,    \u0022@context\u0022: \u0022dtmi:dtdl:context;2\u0022,    \u0022displayName\u0022: \u0022Floor\u0022,    \u0022description\u0022: \u0022A building story.\u0022,    \u0022contents\u0022: [        {            \u0022@type\u0022: \u0022Relationship\u0022,            \u0022name\u0022: \u0022contains\u0022,            \u0022target\u0022: \u0022dtmi:example:room;170871229\u0022,            \u0022properties\u0022: [                {                    \u0022@type\u0022: \u0022Property\u0022,                    \u0022name\u0022: \u0022isAccessRestricted\u0022,                    \u0022schema\u0022: \u0022boolean\u0022                }            ]        },        {            \u0022@type\u0022: \u0022Relationship\u0022,            \u0022name\u0022: \u0022cooledBy\u0022,            \u0022target\u0022: \u0022dtmi:example:hvac;110319584\u0022        },        {            \u0022@type\u0022: \u0022Property\u0022,            \u0022name\u0022: \u0022AverageTemperature\u0022,            \u0022schema\u0022: \u0022double\u0022        }    ]},{    \u0022@id\u0022: \u0022dtmi:example:room;170871229\u0022,    \u0022@type\u0022: \u0022Interface\u0022,    \u0022displayName\u0022: \u0022Room\u0022,    \u0022description\u0022: \u0022An enclosure inside a building.\u0022,    \u0022contents\u0022: [        {            \u0022@type\u0022: \u0022Relationship\u0022,            \u0022name\u0022: \u0022containedIn\u0022,            \u0022target\u0022: \u0022dtmi:example:floor;17442671\u0022        },        {            \u0022@type\u0022: \u0022Property\u0022,            \u0022name\u0022: \u0022Temperature\u0022,            \u0022schema\u0022: \u0022double\u0022        },        {            \u0022@type\u0022: \u0022Property\u0022,            \u0022name\u0022: \u0022Humidity\u0022,            \u0022schema\u0022: \u0022double\u0022        },        {            \u0022@type\u0022: \u0022Property\u0022,            \u0022name\u0022: \u0022IsOccupied\u0022,            \u0022schema\u0022: \u0022boolean\u0022        },        {            \u0022@type\u0022: \u0022Property\u0022,            \u0022name\u0022: \u0022EmployeeId\u0022,            \u0022schema\u0022: \u0022string\u0022        }    ],    \u0022@context\u0022: \u0022dtmi:dtdl:context;2\u0022},{    \u0022@id\u0022: \u0022dtmi:example:hvac;110319584\u0022,    \u0022@type\u0022: \u0022Interface\u0022,    \u0022displayName\u0022: \u0022HVAC\u0022,    \u0022description\u0022: \u0022A heating, ventilation, and air conditioning unit.\u0022,    \u0022contents\u0022: [        {            \u0022@type\u0022: \u0022Property\u0022,            \u0022name\u0022: \u0022Efficiency\u0022,            \u0022schema\u0022: \u0022double\u0022        },        {            \u0022@type\u0022: \u0022Property\u0022,            \u0022name\u0022: \u0022TargetTemperature\u0022,            \u0022schema\u0022: \u0022double\u0022        },        {            \u0022@type\u0022: \u0022Property\u0022,            \u0022name\u0022: \u0022TargetHumidity\u0022,            \u0022schema\u0022: \u0022double\u0022        },        {            \u0022@type\u0022: \u0022Relationship\u0022,            \u0022name\u0022: \u0022cools\u0022,            \u0022target\u0022: \u0022dtmi:example:floor;17442671\u0022        }    ],    \u0022@context\u0022: \u0022dtmi:dtdl:context;2\u0022}]",
      "StatusCode": 201,
      "ResponseHeaders": {
        "Content-Length": "583",
        "Content-Type": "application/json; charset=utf-8",
        "Date": "Wed, 01 Feb 2023 23:59:00 GMT",
        "mise-correlation-id": "23ad12cb-e542-4a06-b422-b5a0612017c3",
        "Strict-Transport-Security": "max-age=2592000",
        "traceresponse": "00-b747591eb7f7d8d81f08247b9fb7f366-3ae746e9bd8d9f1c-01"
      },
      "ResponseBody": "[{\u0022id\u0022:\u0022dtmi:example:floor;17442671\u0022,\u0022description\u0022:{\u0022en\u0022:\u0022A building story.\u0022},\u0022displayName\u0022:{\u0022en\u0022:\u0022Floor\u0022},\u0022decommissioned\u0022:false,\u0022uploadTime\u0022:\u00222023-02-01T23:59:01.3281318\u002B00:00\u0022},{\u0022id\u0022:\u0022dtmi:example:room;170871229\u0022,\u0022description\u0022:{\u0022en\u0022:\u0022An enclosure inside a building.\u0022},\u0022displayName\u0022:{\u0022en\u0022:\u0022Room\u0022},\u0022decommissioned\u0022:false,\u0022uploadTime\u0022:\u00222023-02-01T23:59:01.3281769\u002B00:00\u0022},{\u0022id\u0022:\u0022dtmi:example:hvac;110319584\u0022,\u0022description\u0022:{\u0022en\u0022:\u0022A heating, ventilation, and air conditioning unit.\u0022},\u0022displayName\u0022:{\u0022en\u0022:\u0022HVAC\u0022},\u0022decommissioned\u0022:false,\u0022uploadTime\u0022:\u00222023-02-01T23:59:01.3281919\u002B00:00\u0022}]"
    },
    {
      "RequestUri": "https://fakeHost.api.wus2.digitaltwins.azure.net/models?api-version=2023-02-27-preview",
      "RequestMethod": "GET",
      "RequestHeaders": {
        "Accept": "application/json",
        "Authorization": "Sanitized",
        "traceparent": "00-5814da24956b59216a671e9cbc372846-d7cd412212cb1c97-00",
        "User-Agent": "azsdk-net-DigitalTwins.Core/1.5.0-alpha.20230131.1 (.NET 6.0.13; Microsoft Windows 10.0.22621)",
        "x-ms-client-request-id": "edab5e7c607ec79bed4b942f6b3eb451",
        "x-ms-return-client-request-id": "true"
      },
      "RequestBody": null,
      "StatusCode": 200,
      "ResponseHeaders": {
        "Content-Length": "14545",
        "Content-Type": "application/json; charset=utf-8",
        "Date": "Wed, 01 Feb 2023 23:59:01 GMT",
        "mise-correlation-id": "02c6f241-dd3f-4abd-80f3-119c0088a5c1",
        "Strict-Transport-Security": "max-age=2592000",
        "traceresponse": "00-5814da24956b59216a671e9cbc372846-9aac4333701000a6-01"
      },
      "ResponseBody": {
        "value": [
          {
            "id": "dtmi:example:room;172332512",
            "description": {
              "en": "An enclosure inside a building."
            },
            "displayName": {
              "en": "Room"
            },
            "decommissioned": false,
            "uploadTime": "2023-01-30T18:49:13.4317179\u002B00:00"
          },
          {
            "id": "dtmi:example:room;120668288",
            "description": {
              "en": "An enclosure inside a building."
            },
            "displayName": {
              "en": "Room"
            },
            "decommissioned": false,
            "uploadTime": "2023-01-30T18:49:13.443748\u002B00:00"
          },
          {
            "id": "dtmi:example:Ward;136137213",
            "description": {
              "en": "A separate partition in a building, made of rooms and hallways."
            },
            "displayName": {
              "en": "Ward"
            },
            "decommissioned": false,
            "uploadTime": "2023-01-30T18:49:20.957538\u002B00:00"
          },
          {
            "id": "dtmi:example:Ward;195505176",
            "description": {
              "en": "A separate partition in a building, made of rooms and hallways."
            },
            "displayName": {
              "en": "Ward"
            },
            "decommissioned": false,
            "uploadTime": "2023-01-30T18:49:21.0378934\u002B00:00"
          },
          {
            "id": "dtmi:example:Ward;173183444",
            "description": {
              "en": "A separate partition in a building, made of rooms and hallways."
            },
            "displayName": {
              "en": "Ward"
            },
            "decommissioned": false,
            "uploadTime": "2023-01-30T18:49:24.6164701\u002B00:00"
          },
          {
            "id": "dtmi:example:Ward;139219349",
            "description": {
              "en": "A separate partition in a building, made of rooms and hallways."
            },
            "displayName": {
              "en": "Ward"
            },
            "decommissioned": false,
            "uploadTime": "2023-01-30T18:49:24.7722449\u002B00:00"
          },
          {
            "id": "dtmi:example:room;131646648",
            "description": {
              "en": "An enclosure inside a building."
            },
            "displayName": {
              "en": "Room"
            },
            "decommissioned": false,
            "uploadTime": "2023-01-30T18:50:19.8880309\u002B00:00"
          },
          {
            "id": "dtmi:example:room;114341601",
            "description": {
              "en": "An enclosure inside a building."
            },
            "displayName": {
              "en": "Room"
            },
            "decommissioned": false,
            "uploadTime": "2023-01-30T18:50:19.8897283\u002B00:00"
          },
          {
            "id": "dtmi:example:Ward;141153648",
            "description": {
              "en": "A separate partition in a building, made of rooms and hallways."
            },
            "displayName": {
              "en": "Ward"
            },
            "decommissioned": false,
            "uploadTime": "2023-01-30T18:50:26.959772\u002B00:00"
          },
          {
            "id": "dtmi:example:Ward;158841356",
            "description": {
              "en": "A separate partition in a building, made of rooms and hallways."
            },
            "displayName": {
              "en": "Ward"
            },
            "decommissioned": false,
            "uploadTime": "2023-01-30T18:50:27.1277461\u002B00:00"
          },
          {
            "id": "dtmi:example:Ward;171469462",
            "description": {
              "en": "A separate partition in a building, made of rooms and hallways."
            },
            "displayName": {
              "en": "Ward"
            },
            "decommissioned": false,
            "uploadTime": "2023-01-30T18:50:30.5541029\u002B00:00"
          },
          {
            "id": "dtmi:example:Ward;164791007",
            "description": {
              "en": "A separate partition in a building, made of rooms and hallways."
            },
            "displayName": {
              "en": "Ward"
            },
            "decommissioned": false,
            "uploadTime": "2023-01-30T18:50:30.6368348\u002B00:00"
          },
          {
            "id": "dtmi:example:room;118288666",
            "description": {
              "en": "An enclosure inside a building."
            },
            "displayName": {
              "en": "Room"
            },
            "decommissioned": false,
            "uploadTime": "2023-01-30T18:51:27.267604\u002B00:00"
          },
          {
            "id": "dtmi:example:Ward;149766490",
            "description": {
              "en": "A separate partition in a building, made of rooms and hallways."
            },
            "displayName": {
              "en": "Ward"
            },
            "decommissioned": false,
            "uploadTime": "2023-01-30T18:51:33.4601339\u002B00:00"
          },
          {
            "id": "dtmi:example:Ward;131299237",
            "description": {
              "en": "A separate partition in a building, made of rooms and hallways."
            },
            "displayName": {
              "en": "Ward"
            },
            "decommissioned": false,
            "uploadTime": "2023-01-30T18:51:34.7335383\u002B00:00"
          },
          {
            "id": "dtmi:example:Ward;117899765",
            "description": {
              "en": "A separate partition in a building, made of rooms and hallways."
            },
            "displayName": {
              "en": "Ward"
            },
            "decommissioned": false,
            "uploadTime": "2023-01-30T18:51:37.2274068\u002B00:00"
          },
          {
            "id": "dtmi:example:Ward;115356137",
            "description": {
              "en": "A separate partition in a building, made of rooms and hallways."
            },
            "displayName": {
              "en": "Ward"
            },
            "decommissioned": false,
            "uploadTime": "2023-01-30T18:51:38.7349529\u002B00:00"
          },
          {
            "id": "dtmi:example:room;114633963",
            "description": {
              "en": "An enclosure inside a building."
            },
            "displayName": {
              "en": "Room"
            },
            "decommissioned": false,
            "uploadTime": "2023-01-30T19:02:55.0078654\u002B00:00"
          },
          {
            "id": "dtmi:example:room;116945898",
            "description": {
              "en": "An enclosure inside a building."
            },
            "displayName": {
              "en": "Room"
            },
            "decommissioned": false,
            "uploadTime": "2023-01-30T19:02:55.0078653\u002B00:00"
          },
          {
            "id": "dtmi:example:Ward;153536672",
            "description": {
              "en": "A separate partition in a building, made of rooms and hallways."
            },
            "displayName": {
              "en": "Ward"
            },
            "decommissioned": false,
            "uploadTime": "2023-01-30T19:03:01.9956885\u002B00:00"
          },
          {
            "id": "dtmi:example:Ward;158439139",
            "description": {
              "en": "A separate partition in a building, made of rooms and hallways."
            },
            "displayName": {
              "en": "Ward"
            },
            "decommissioned": false,
            "uploadTime": "2023-01-30T19:03:01.9965522\u002B00:00"
          },
          {
            "id": "dtmi:example:Ward;116723537",
            "description": {
              "en": "A separate partition in a building, made of rooms and hallways."
            },
            "displayName": {
              "en": "Ward"
            },
            "decommissioned": false,
            "uploadTime": "2023-01-30T19:03:05.2454263\u002B00:00"
          },
          {
            "id": "dtmi:example:Ward;116976298",
            "description": {
              "en": "A separate partition in a building, made of rooms and hallways."
            },
            "displayName": {
              "en": "Ward"
            },
            "decommissioned": false,
            "uploadTime": "2023-01-30T19:03:05.2909189\u002B00:00"
          },
          {
            "id": "dtmi:example:room;197208921",
            "description": {
              "en": "An enclosure inside a building."
            },
            "displayName": {
              "en": "Room"
            },
            "decommissioned": false,
            "uploadTime": "2023-01-30T19:04:08.4222844\u002B00:00"
          },
          {
            "id": "dtmi:example:room;115740098",
            "description": {
              "en": "An enclosure inside a building."
            },
            "displayName": {
              "en": "Room"
            },
            "decommissioned": false,
            "uploadTime": "2023-01-30T19:04:08.423096\u002B00:00"
          },
          {
            "id": "dtmi:example:Ward;189184331",
            "description": {
              "en": "A separate partition in a building, made of rooms and hallways."
            },
            "displayName": {
              "en": "Ward"
            },
            "decommissioned": false,
            "uploadTime": "2023-01-30T19:04:15.6169107\u002B00:00"
          },
          {
            "id": "dtmi:example:Ward;120612126",
            "description": {
              "en": "A separate partition in a building, made of rooms and hallways."
            },
            "displayName": {
              "en": "Ward"
            },
            "decommissioned": false,
            "uploadTime": "2023-01-30T19:04:15.7007508\u002B00:00"
          },
          {
            "id": "dtmi:example:Ward;124098732",
            "description": {
              "en": "A separate partition in a building, made of rooms and hallways."
            },
            "displayName": {
              "en": "Ward"
            },
            "decommissioned": false,
            "uploadTime": "2023-01-30T19:04:19.1401348\u002B00:00"
          },
          {
            "id": "dtmi:example:Ward;189524202",
            "description": {
              "en": "A separate partition in a building, made of rooms and hallways."
            },
            "displayName": {
              "en": "Ward"
            },
            "decommissioned": false,
            "uploadTime": "2023-01-30T19:04:19.1595448\u002B00:00"
          },
          {
            "id": "dtmi:example:room;165686561",
            "description": {
              "en": "An enclosure inside a building."
            },
            "displayName": {
              "en": "Room"
            },
            "decommissioned": false,
            "uploadTime": "2023-01-30T19:05:23.1150455\u002B00:00"
          },
          {
            "id": "dtmi:example:Ward;118564120",
            "description": {
              "en": "A separate partition in a building, made of rooms and hallways."
            },
            "displayName": {
              "en": "Ward"
            },
            "decommissioned": false,
            "uploadTime": "2023-01-30T19:05:29.5269872\u002B00:00"
          },
          {
            "id": "dtmi:example:Ward;114501964",
            "description": {
              "en": "A separate partition in a building, made of rooms and hallways."
            },
            "displayName": {
              "en": "Ward"
            },
            "decommissioned": false,
            "uploadTime": "2023-01-30T19:05:30.7916766\u002B00:00"
          },
          {
            "id": "dtmi:example:Ward;111063187",
            "description": {
              "en": "A separate partition in a building, made of rooms and hallways."
            },
            "displayName": {
              "en": "Ward"
            },
            "decommissioned": false,
            "uploadTime": "2023-01-30T19:05:33.2897233\u002B00:00"
          },
          {
            "id": "dtmi:example:Ward;131545125",
            "description": {
              "en": "A separate partition in a building, made of rooms and hallways."
            },
            "displayName": {
              "en": "Ward"
            },
            "decommissioned": false,
            "uploadTime": "2023-01-30T19:05:34.825814\u002B00:00"
          },
          {
            "id": "dtmi:example:room;114520948",
            "description": {
              "en": "An enclosure inside a building."
            },
            "displayName": {
              "en": "Room"
            },
            "decommissioned": false,
            "uploadTime": "2023-01-31T18:39:17.3695411\u002B00:00"
          },
          {
            "id": "dtmi:example:Ward;116515971",
            "description": {
              "en": "A separate partition in a building, made of rooms and hallways."
            },
            "displayName": {
              "en": "Ward"
            },
            "decommissioned": false,
            "uploadTime": "2023-01-31T18:39:24.8324472\u002B00:00"
          },
          {
            "id": "dtmi:example:Ward;130300361",
            "description": {
              "en": "A separate partition in a building, made of rooms and hallways."
            },
            "displayName": {
              "en": "Ward"
            },
            "decommissioned": false,
            "uploadTime": "2023-01-31T18:39:28.5072853\u002B00:00"
          },
          {
            "id": "dtmi:example:Ward;132821401",
            "description": {
              "en": "A separate partition in a building, made of rooms and hallways."
            },
            "displayName": {
              "en": "Ward"
            },
            "decommissioned": false,
            "uploadTime": "2023-01-31T18:39:29.7504741\u002B00:00"
          },
          {
            "id": "dtmi:example:Ward;126425202",
            "description": {
              "en": "A separate partition in a building, made of rooms and hallways."
            },
            "displayName": {
              "en": "Ward"
            },
            "decommissioned": false,
            "uploadTime": "2023-01-31T18:39:33.2914665\u002B00:00"
          },
          {
            "id": "dtmi:example:room;119906302",
            "description": {
              "en": "An enclosure inside a building."
            },
            "displayName": {
              "en": "Room"
            },
            "decommissioned": false,
            "uploadTime": "2023-01-31T18:39:54.6623604\u002B00:00"
          },
          {
            "id": "dtmi:example:room;146386137",
            "description": {
              "en": "An enclosure inside a building."
            },
            "displayName": {
              "en": "Room"
            },
            "decommissioned": false,
            "uploadTime": "2023-01-31T18:39:55.5276979\u002B00:00"
          },
          {
            "id": "dtmi:com:microsoft:azure:iot:model0;1",
            "description": {
              "en": "This is the description of model"
            },
            "displayName": {
              "en": "This is the display name"
            },
            "decommissioned": false,
            "uploadTime": "2023-02-01T18:43:52.9298946\u002B00:00"
          },
          {
            "id": "dtmi:com:microsoft:azure:iot:model1;1",
            "description": {
              "en": "This is the description of model"
            },
            "displayName": {
              "en": "This is the display name"
            },
            "decommissioned": false,
            "uploadTime": "2023-02-01T18:43:52.9299635\u002B00:00"
          },
          {
            "id": "dtmi:com:microsoft:azure:iot:model2;1",
            "description": {
              "en": "This is the description of model"
            },
            "displayName": {
              "en": "This is the display name"
            },
            "decommissioned": false,
            "uploadTime": "2023-02-01T18:43:52.9299959\u002B00:00"
          },
          {
            "id": "dtmi:com:microsoft:azure:iot:model3;1",
            "description": {
              "en": "This is the description of model"
            },
            "displayName": {
              "en": "This is the display name"
            },
            "decommissioned": false,
            "uploadTime": "2023-02-01T18:43:52.9300628\u002B00:00"
          },
          {
            "id": "dtmi:com:microsoft:azure:iot:model4;1",
            "description": {
              "en": "This is the description of model"
            },
            "displayName": {
              "en": "This is the display name"
            },
            "decommissioned": false,
            "uploadTime": "2023-02-01T18:43:52.9300941\u002B00:00"
          },
          {
            "id": "dtmi:com:microsoft:azure:iot:model5;1",
            "description": {
              "en": "This is the description of model"
            },
            "displayName": {
              "en": "This is the display name"
            },
            "decommissioned": false,
            "uploadTime": "2023-02-01T18:43:52.9301265\u002B00:00"
          },
          {
            "id": "dtmi:com:microsoft:azure:iot:model6;1",
            "description": {
              "en": "This is the description of model"
            },
            "displayName": {
              "en": "This is the display name"
            },
            "decommissioned": false,
            "uploadTime": "2023-02-01T18:43:52.9301567\u002B00:00"
          },
          {
            "id": "dtmi:com:microsoft:azure:iot:model7;1",
            "description": {
              "en": "This is the description of model"
            },
            "displayName": {
              "en": "This is the display name"
            },
            "decommissioned": false,
            "uploadTime": "2023-02-01T18:43:52.9301886\u002B00:00"
          },
          {
            "id": "dtmi:com:microsoft:azure:iot:model8;1",
            "description": {
              "en": "This is the description of model"
            },
            "displayName": {
              "en": "This is the display name"
            },
            "decommissioned": false,
            "uploadTime": "2023-02-01T18:43:52.9302192\u002B00:00"
          },
          {
            "id": "dtmi:com:microsoft:azure:iot:model9;1",
            "description": {
              "en": "This is the description of model"
            },
            "displayName": {
              "en": "This is the display name"
            },
            "decommissioned": false,
            "uploadTime": "2023-02-01T18:43:52.9302512\u002B00:00"
          },
          {
            "id": "dtmi:example:room;134918535",
            "description": {
              "en": "An enclosure inside a building."
            },
            "displayName": {
              "en": "Room"
            },
            "decommissioned": false,
            "uploadTime": "2023-02-01T23:16:08.2570901\u002B00:00"
          },
          {
            "id": "dtmi:example:room;121085688",
            "description": {
              "en": "An enclosure inside a building."
            },
            "displayName": {
              "en": "Room"
            },
            "decommissioned": false,
            "uploadTime": "2023-02-01T23:16:08.3431108\u002B00:00"
          },
          {
            "id": "dtmi:example:Ward;118241224",
            "description": {
              "en": "A separate partition in a building, made of rooms and hallways."
            },
            "displayName": {
              "en": "Ward"
            },
            "decommissioned": false,
            "uploadTime": "2023-02-01T23:16:22.8252914\u002B00:00"
          },
          {
            "id": "dtmi:example:Ward;156098248",
            "description": {
              "en": "A separate partition in a building, made of rooms and hallways."
            },
            "displayName": {
              "en": "Ward"
            },
            "decommissioned": false,
            "uploadTime": "2023-02-01T23:16:23.1900878\u002B00:00"
          },
          {
            "id": "dtmi:example:Ward;135468080",
            "description": {
              "en": "A separate partition in a building, made of rooms and hallways."
            },
            "displayName": {
              "en": "Ward"
            },
            "decommissioned": false,
            "uploadTime": "2023-02-01T23:16:26.3341152\u002B00:00"
          },
          {
            "id": "dtmi:example:Ward;116258931",
            "description": {
              "en": "A separate partition in a building, made of rooms and hallways."
            },
            "displayName": {
              "en": "Ward"
            },
            "decommissioned": false,
            "uploadTime": "2023-02-01T23:16:26.6386423\u002B00:00"
          },
          {
            "id": "dtmi:example:room;116440666",
            "description": {
              "en": "An enclosure inside a building."
            },
            "displayName": {
              "en": "Room"
            },
            "decommissioned": false,
            "uploadTime": "2023-02-01T23:58:08.7522689\u002B00:00"
          },
          {
            "id": "dtmi:example:room;117300288",
            "description": {
              "en": "An enclosure inside a building."
            },
            "displayName": {
              "en": "Room"
            },
            "decommissioned": false,
            "uploadTime": "2023-02-01T23:58:08.7945785\u002B00:00"
          },
          {
            "id": "dtmi:example:Ward;187559934",
            "description": {
              "en": "A separate partition in a building, made of rooms and hallways."
            },
            "displayName": {
              "en": "Ward"
            },
            "decommissioned": false,
            "uploadTime": "2023-02-01T23:58:23.9977027\u002B00:00"
          },
          {
            "id": "dtmi:example:Ward;170392625",
            "description": {
              "en": "A separate partition in a building, made of rooms and hallways."
            },
            "displayName": {
              "en": "Ward"
            },
            "decommissioned": false,
            "uploadTime": "2023-02-01T23:58:24.2309869\u002B00:00"
          },
          {
            "id": "dtmi:example:Ward;121318633",
            "description": {
              "en": "A separate partition in a building, made of rooms and hallways."
            },
            "displayName": {
              "en": "Ward"
            },
            "decommissioned": false,
            "uploadTime": "2023-02-01T23:58:27.4340058\u002B00:00"
          },
          {
            "id": "dtmi:example:Ward;110922509",
            "description": {
              "en": "A separate partition in a building, made of rooms and hallways."
            },
            "displayName": {
              "en": "Ward"
            },
            "decommissioned": false,
            "uploadTime": "2023-02-01T23:58:27.7600804\u002B00:00"
          },
          {
            "id": "dtmi:example:room;120458170",
            "description": {
              "en": "An enclosure inside a building."
            },
            "displayName": {
              "en": "Room"
            },
            "decommissioned": false,
            "uploadTime": "2023-02-01T23:58:49.3785909\u002B00:00"
          },
          {
            "id": "dtmi:example:room;113773034",
            "description": {
              "en": "An enclosure inside a building."
            },
            "displayName": {
              "en": "Room"
            },
            "decommissioned": false,
            "uploadTime": "2023-02-01T23:58:49.4650553\u002B00:00"
          },
          {
            "id": "dtmi:example:floor;17442671",
            "description": {
              "en": "A building story."
            },
            "displayName": {
              "en": "Floor"
            },
            "decommissioned": false,
            "uploadTime": "2023-02-01T23:59:01.3281318\u002B00:00"
          },
          {
            "id": "dtmi:example:room;170871229",
            "description": {
              "en": "An enclosure inside a building."
            },
            "displayName": {
              "en": "Room"
            },
            "decommissioned": false,
            "uploadTime": "2023-02-01T23:59:01.3281769\u002B00:00"
          },
          {
            "id": "dtmi:example:hvac;110319584",
            "description": {
              "en": "A heating, ventilation, and air conditioning unit."
            },
            "displayName": {
              "en": "HVAC"
            },
            "decommissioned": false,
            "uploadTime": "2023-02-01T23:59:01.3281919\u002B00:00"
          }
        ],
        "nextLink": null
      }
    },
    {
      "RequestUri": "https://fakeHost.api.wus2.digitaltwins.azure.net/digitaltwins/floorTwin490293137?api-version=2023-02-27-preview",
      "RequestMethod": "PUT",
      "RequestHeaders": {
        "Accept": "application/json",
        "Authorization": "Sanitized",
        "Content-Length": "104",
        "Content-Type": "application/json",
        "traceparent": "00-c7e940f8caa8e2e5bc0c37cd62aeec49-9351a8e2e1781af2-00",
        "User-Agent": "azsdk-net-DigitalTwins.Core/1.5.0-alpha.20230131.1 (.NET 6.0.13; Microsoft Windows 10.0.22621)",
        "x-ms-client-request-id": "7a57828cc1950d97c906851be25b3bc2",
        "x-ms-return-client-request-id": "true"
      },
      "RequestBody": {
        "$dtId": null,
        "$etag": null,
        "AverageTemperature": 75,
        "$metadata": {
          "$model": "dtmi:example:floor;17442671"
        }
      },
      "StatusCode": 200,
      "ResponseHeaders": {
        "Content-Length": "280",
        "Content-Type": "application/json; charset=utf-8",
        "Date": "Wed, 01 Feb 2023 23:59:01 GMT",
        "ETag": "W/\u0022f7b67ef5-e227-4d7a-b8a4-548baffdc903\u0022",
        "mise-correlation-id": "ca52c70c-6cc3-44e5-bcf2-7d1ebea7e414",
        "Strict-Transport-Security": "max-age=2592000",
        "traceresponse": "00-c7e940f8caa8e2e5bc0c37cd62aeec49-35a8c286a1791987-01"
      },
      "ResponseBody": {
        "$dtId": "floorTwin490293137",
        "$etag": "W/\u0022f7b67ef5-e227-4d7a-b8a4-548baffdc903\u0022",
        "AverageTemperature": 75,
        "$metadata": {
          "$model": "dtmi:example:floor;17442671",
          "$lastUpdateTime": "2023-02-01T23:59:01.6987555Z",
          "AverageTemperature": {
            "lastUpdateTime": "2023-02-01T23:59:01.6987555Z"
          }
        }
      }
    },
    {
      "RequestUri": "https://fakeHost.api.wus2.digitaltwins.azure.net/digitaltwins/roomTwin869204760?api-version=2023-02-27-preview",
      "RequestMethod": "PUT",
      "RequestHeaders": {
        "Accept": "application/json",
        "Authorization": "Sanitized",
        "Content-Length": "154",
        "Content-Type": "application/json",
        "traceparent": "00-71c93743757a0994055bcdc1ca4fd33a-fa807e3a1e64e1aa-00",
        "User-Agent": "azsdk-net-DigitalTwins.Core/1.5.0-alpha.20230131.1 (.NET 6.0.13; Microsoft Windows 10.0.22621)",
        "x-ms-client-request-id": "7a1c20c2f5d82908e5cecc3421d080f3",
        "x-ms-return-client-request-id": "true"
      },
      "RequestBody": {
        "$dtId": null,
        "$etag": null,
        "Temperature": 80,
        "Humidity": 25,
        "IsOccupied": true,
        "EmployeeId": "Employee1",
        "$metadata": {
          "$model": "dtmi:example:room;170871229"
        }
      },
      "StatusCode": 200,
      "ResponseHeaders": {
        "Content-Length": "509",
        "Content-Type": "application/json; charset=utf-8",
        "Date": "Wed, 01 Feb 2023 23:59:01 GMT",
        "ETag": "W/\u002250749647-8412-4d51-875e-53fa92e7cff7\u0022",
        "mise-correlation-id": "ce8d0f26-d09f-41c8-b625-1cbd66d0bd6b",
        "Strict-Transport-Security": "max-age=2592000",
        "traceresponse": "00-71c93743757a0994055bcdc1ca4fd33a-32bbc80273472057-01"
      },
      "ResponseBody": {
        "$dtId": "roomTwin869204760",
        "$etag": "W/\u002250749647-8412-4d51-875e-53fa92e7cff7\u0022",
        "Temperature": 80,
        "Humidity": 25,
        "IsOccupied": true,
        "EmployeeId": "Employee1",
        "$metadata": {
          "$model": "dtmi:example:room;170871229",
          "$lastUpdateTime": "2023-02-01T23:59:01.8883146Z",
          "Temperature": {
            "lastUpdateTime": "2023-02-01T23:59:01.8883146Z"
          },
          "Humidity": {
            "lastUpdateTime": "2023-02-01T23:59:01.8883146Z"
          },
          "IsOccupied": {
            "lastUpdateTime": "2023-02-01T23:59:01.8883146Z"
          },
          "EmployeeId": {
            "lastUpdateTime": "2023-02-01T23:59:01.8883146Z"
          }
        }
      }
    },
    {
      "RequestUri": "https://fakeHost.api.wus2.digitaltwins.azure.net/digitaltwins/hvacTwin1290289687?api-version=2023-02-27-preview",
      "RequestMethod": "PUT",
      "RequestHeaders": {
        "Accept": "application/json",
        "Authorization": "Sanitized",
        "Content-Length": "123",
        "Content-Type": "application/json",
        "traceparent": "00-45672e7fdefb2a310dc94296c7dbb688-f17a048884f8da81-00",
        "User-Agent": "azsdk-net-DigitalTwins.Core/1.5.0-alpha.20230131.1 (.NET 6.0.13; Microsoft Windows 10.0.22621)",
        "x-ms-client-request-id": "070ed87e970fba36c79d2378db7fe491",
        "x-ms-return-client-request-id": "true"
      },
      "RequestBody": {
        "$dtId": null,
        "$etag": null,
        "TargetTemperature": 80,
        "TargetHumidity": 25,
        "$metadata": {
          "$model": "dtmi:example:hvac;110319584"
        }
      },
      "StatusCode": 200,
      "ResponseHeaders": {
        "Content-Length": "365",
        "Content-Type": "application/json; charset=utf-8",
        "Date": "Wed, 01 Feb 2023 23:59:01 GMT",
        "ETag": "W/\u0022ba578086-db2b-4f16-8e67-16b768bf8dda\u0022",
        "mise-correlation-id": "9826f547-de80-4356-9108-37a812af12de",
        "Strict-Transport-Security": "max-age=2592000",
        "traceresponse": "00-45672e7fdefb2a310dc94296c7dbb688-d6f4fbb6057af9da-01"
      },
      "ResponseBody": {
        "$dtId": "hvacTwin1290289687",
        "$etag": "W/\u0022ba578086-db2b-4f16-8e67-16b768bf8dda\u0022",
        "TargetTemperature": 80,
        "TargetHumidity": 25,
        "$metadata": {
          "$model": "dtmi:example:hvac;110319584",
          "$lastUpdateTime": "2023-02-01T23:59:02.0832315Z",
          "TargetTemperature": {
            "lastUpdateTime": "2023-02-01T23:59:02.0832315Z"
          },
          "TargetHumidity": {
            "lastUpdateTime": "2023-02-01T23:59:02.0832315Z"
          }
        }
      }
    },
    {
      "RequestUri": "https://fakeHost.api.wus2.digitaltwins.azure.net/digitaltwins/floorTwin490293137/relationships/FloorToRoomRelationship?api-version=2023-02-27-preview",
      "RequestMethod": "PUT",
      "RequestHeaders": {
        "Accept": "application/json",
        "Authorization": "Sanitized",
        "Content-Length": "143",
        "Content-Type": "application/json",
        "traceparent": "00-93ce4ad0dafe7b5359826eaf8b7eaa5d-0d3b7f39ab162e0c-00",
        "User-Agent": "azsdk-net-DigitalTwins.Core/1.5.0-alpha.20230131.1 (.NET 6.0.13; Microsoft Windows 10.0.22621)",
        "x-ms-client-request-id": "4a6dd10f39219678792e94c6f462ebf9",
        "x-ms-return-client-request-id": "true"
      },
      "RequestBody": {
        "$relationshipId": null,
        "$targetId": "roomTwin869204760",
        "$sourceId": null,
        "$relationshipName": "contains",
        "$etag": null,
        "isAccessRestricted": true
      },
      "StatusCode": 200,
      "ResponseHeaders": {
        "Content-Length": "220",
        "Content-Type": "application/json; charset=utf-8",
        "Date": "Wed, 01 Feb 2023 23:59:01 GMT",
        "ETag": "W/\u00223d53c787-6399-4f38-8190-13341ad499f2\u0022",
        "mise-correlation-id": "47c0aeb3-dfc7-46b5-ba39-e160e22a6107",
        "Strict-Transport-Security": "max-age=2592000",
        "traceresponse": "00-93ce4ad0dafe7b5359826eaf8b7eaa5d-e46f8061913d9570-01"
      },
      "ResponseBody": {
        "$relationshipId": "FloorToRoomRelationship",
        "$etag": "W/\u00223d53c787-6399-4f38-8190-13341ad499f2\u0022",
        "$sourceId": "floorTwin490293137",
        "$relationshipName": "contains",
        "$targetId": "roomTwin869204760",
        "isAccessRestricted": true
      }
    },
    {
      "RequestUri": "https://fakeHost.api.wus2.digitaltwins.azure.net/digitaltwins/floorTwin490293137/relationships/FloorToRoomRelationship?api-version=2023-02-27-preview",
      "RequestMethod": "PATCH",
      "RequestHeaders": {
        "Accept": "application/json",
        "Authorization": "Sanitized",
        "Content-Length": "61",
        "Content-Type": "application/json-patch\u002Bjson",
        "traceparent": "00-92822fef969aa48b0f0215dddde40bc6-678c950c7e2bdce5-00",
        "User-Agent": "azsdk-net-DigitalTwins.Core/1.5.0-alpha.20230131.1 (.NET 6.0.13; Microsoft Windows 10.0.22621)",
        "x-ms-client-request-id": "099d9186334c2bb2e961b33ad2904e65",
        "x-ms-return-client-request-id": "true"
      },
      "RequestBody": "[{\u0022op\u0022:\u0022replace\u0022,\u0022path\u0022:\u0022/isAccessRestricted\u0022,\u0022value\u0022:false}]",
      "StatusCode": 204,
      "ResponseHeaders": {
        "Content-Length": "0",
        "Date": "Wed, 01 Feb 2023 23:59:02 GMT",
        "ETag": "W/\u00227ee117eb-8eb6-45f8-a5b1-9489f227bd68\u0022",
        "mise-correlation-id": "7423e3aa-dcc1-453c-9bc2-4304fac39ed4",
        "Strict-Transport-Security": "max-age=2592000",
        "traceresponse": "00-92822fef969aa48b0f0215dddde40bc6-62999f5d50beb5d0-01"
      },
      "ResponseBody": null
    },
    {
      "RequestUri": "https://fakeHost.api.wus2.digitaltwins.azure.net/digitaltwins/floorTwin490293137/relationships/FloorToRoomRelationship?api-version=2023-02-27-preview",
      "RequestMethod": "GET",
      "RequestHeaders": {
        "Accept": "application/json",
        "Authorization": "Sanitized",
        "traceparent": "00-b921b1c3eef045ff270f82138ffa6790-252d6e87dfb67c1c-00",
        "User-Agent": "azsdk-net-DigitalTwins.Core/1.5.0-alpha.20230131.1 (.NET 6.0.13; Microsoft Windows 10.0.22621)",
        "x-ms-client-request-id": "4f253be9356344d15f778de10270c664",
        "x-ms-return-client-request-id": "true"
      },
      "RequestBody": null,
      "StatusCode": 200,
      "ResponseHeaders": {
        "Content-Length": "221",
        "Content-Type": "application/json; charset=utf-8",
        "Date": "Wed, 01 Feb 2023 23:59:02 GMT",
        "ETag": "W/\u00227ee117eb-8eb6-45f8-a5b1-9489f227bd68\u0022",
        "mise-correlation-id": "3b1f124f-b8fb-404f-8a25-9cac1a73c36e",
        "Strict-Transport-Security": "max-age=2592000",
        "traceresponse": "00-b921b1c3eef045ff270f82138ffa6790-6c972036f7a2e23c-01"
      },
      "ResponseBody": {
        "$relationshipId": "FloorToRoomRelationship",
        "$etag": "W/\u00227ee117eb-8eb6-45f8-a5b1-9489f227bd68\u0022",
        "$sourceId": "floorTwin490293137",
        "$relationshipName": "contains",
        "$targetId": "roomTwin869204760",
        "isAccessRestricted": false
      }
    },
    {
      "RequestUri": "https://fakeHost.api.wus2.digitaltwins.azure.net/digitaltwins/floorTwin490293137/relationships/FloorToRoomRelationship?api-version=2023-02-27-preview",
      "RequestMethod": "PATCH",
      "RequestHeaders": {
        "Accept": "application/json",
        "Authorization": "Sanitized",
        "Content-Length": "60",
        "Content-Type": "application/json-patch\u002Bjson",
        "If-Match": "W/\u00227ee117eb-8eb6-45f8-a5b1-9489f227bd68\u0022",
        "traceparent": "00-98d00159a6b55280ff37d5f4067b675c-95069ba90e5e321f-00",
        "User-Agent": "azsdk-net-DigitalTwins.Core/1.5.0-alpha.20230131.1 (.NET 6.0.13; Microsoft Windows 10.0.22621)",
        "x-ms-client-request-id": "49f129b2dbe1dc441f4161bf853dc4e9",
        "x-ms-return-client-request-id": "true"
      },
      "RequestBody": "[{\u0022op\u0022:\u0022replace\u0022,\u0022path\u0022:\u0022/isAccessRestricted\u0022,\u0022value\u0022:true}]",
      "StatusCode": 204,
      "ResponseHeaders": {
        "Content-Length": "0",
        "Date": "Wed, 01 Feb 2023 23:59:02 GMT",
        "ETag": "W/\u0022b7c45f33-82d8-483a-bcb8-c32b48ed7c15\u0022",
        "mise-correlation-id": "eb5f49c7-eb4f-4419-b00e-c1a6c32afafd",
        "Strict-Transport-Security": "max-age=2592000",
        "traceresponse": "00-98d00159a6b55280ff37d5f4067b675c-ffeb16f3d0b0a18e-01"
      },
      "ResponseBody": null
    },
    {
      "RequestUri": "https://fakeHost.api.wus2.digitaltwins.azure.net/digitaltwins/floorTwin490293137/relationships/FloorToRoomRelationship?api-version=2023-02-27-preview",
      "RequestMethod": "DELETE",
      "RequestHeaders": {
        "Accept": "application/json",
        "Authorization": "Sanitized",
        "traceparent": "00-751c0b87af308206db04d31561cce0f8-0e736e8eec5b55b6-00",
        "User-Agent": "azsdk-net-DigitalTwins.Core/1.5.0-alpha.20230131.1 (.NET 6.0.13; Microsoft Windows 10.0.22621)",
        "x-ms-client-request-id": "b9dd2ee09b3d5195bf59a9d5a5d12879",
        "x-ms-return-client-request-id": "true"
      },
      "RequestBody": null,
      "StatusCode": 204,
      "ResponseHeaders": {
        "Content-Length": "0",
        "Date": "Wed, 01 Feb 2023 23:59:02 GMT",
        "mise-correlation-id": "a65e92bf-6c94-48b2-9f48-bf99ef86059f",
        "Strict-Transport-Security": "max-age=2592000",
        "traceresponse": "00-751c0b87af308206db04d31561cce0f8-4d695f68c82671ef-01"
      },
      "ResponseBody": null
    },
    {
      "RequestUri": "https://fakeHost.api.wus2.digitaltwins.azure.net/digitaltwins/floorTwin490293137?api-version=2023-02-27-preview",
      "RequestMethod": "DELETE",
      "RequestHeaders": {
        "Accept": "application/json",
        "Authorization": "Sanitized",
        "traceparent": "00-c6fdd24bf70430feb06ca92cd2f03019-ef55407071c9d465-00",
        "User-Agent": "azsdk-net-DigitalTwins.Core/1.5.0-alpha.20230131.1 (.NET 6.0.13; Microsoft Windows 10.0.22621)",
        "x-ms-client-request-id": "a8884f9b049e0e83f6483021d312be22",
        "x-ms-return-client-request-id": "true"
      },
      "RequestBody": null,
      "StatusCode": 204,
      "ResponseHeaders": {
        "Content-Length": "0",
        "Date": "Wed, 01 Feb 2023 23:59:02 GMT",
        "mise-correlation-id": "b314e933-0af5-4aaf-a18a-a576ebda4642",
        "Strict-Transport-Security": "max-age=2592000",
        "traceresponse": "00-c6fdd24bf70430feb06ca92cd2f03019-d653a3af415fb778-01"
      },
      "ResponseBody": null
    },
    {
      "RequestUri": "https://fakeHost.api.wus2.digitaltwins.azure.net/digitaltwins/roomTwin869204760?api-version=2023-02-27-preview",
      "RequestMethod": "DELETE",
      "RequestHeaders": {
        "Accept": "application/json",
        "Authorization": "Sanitized",
        "traceparent": "00-c81a87d90b74b649d334ea5a568f1757-bd4d9afa15a0fe28-00",
        "User-Agent": "azsdk-net-DigitalTwins.Core/1.5.0-alpha.20230131.1 (.NET 6.0.13; Microsoft Windows 10.0.22621)",
        "x-ms-client-request-id": "d400a4b30d92162793a08988316f364e",
        "x-ms-return-client-request-id": "true"
      },
      "RequestBody": null,
      "StatusCode": 204,
      "ResponseHeaders": {
        "Content-Length": "0",
        "Date": "Wed, 01 Feb 2023 23:59:02 GMT",
        "mise-correlation-id": "9ff1b31c-775f-467b-ae68-8d272df9c497",
        "Strict-Transport-Security": "max-age=2592000",
        "traceresponse": "00-c81a87d90b74b649d334ea5a568f1757-3edeaae724e9b2ab-01"
      },
      "ResponseBody": null
    },
    {
      "RequestUri": "https://fakeHost.api.wus2.digitaltwins.azure.net/digitaltwins/hvacTwin1290289687?api-version=2023-02-27-preview",
      "RequestMethod": "DELETE",
      "RequestHeaders": {
        "Accept": "application/json",
        "Authorization": "Sanitized",
        "traceparent": "00-55e3fa760c2c056dd3a2b47af8b8f63c-b3a272aa29daaa10-00",
        "User-Agent": "azsdk-net-DigitalTwins.Core/1.5.0-alpha.20230131.1 (.NET 6.0.13; Microsoft Windows 10.0.22621)",
        "x-ms-client-request-id": "3624e8191bb4db4aabcfc2f46b747dad",
        "x-ms-return-client-request-id": "true"
      },
      "RequestBody": null,
      "StatusCode": 204,
      "ResponseHeaders": {
        "Content-Length": "0",
        "Date": "Wed, 01 Feb 2023 23:59:03 GMT",
        "mise-correlation-id": "0522f908-c5d4-4d63-809b-be59591d3137",
        "Strict-Transport-Security": "max-age=2592000",
        "traceresponse": "00-55e3fa760c2c056dd3a2b47af8b8f63c-317678abea5b1a60-01"
      },
      "ResponseBody": null
    },
    {
      "RequestUri": "https://fakeHost.api.wus2.digitaltwins.azure.net/models/dtmi%3Aexample%3Ahvac%3B110319584?api-version=2023-02-27-preview",
      "RequestMethod": "DELETE",
      "RequestHeaders": {
        "Accept": "application/json",
        "Authorization": "Sanitized",
        "traceparent": "00-d98b0a3eb230515f0ab555a6c31053c2-f6d2a8851c00c707-00",
        "User-Agent": "azsdk-net-DigitalTwins.Core/1.5.0-alpha.20230131.1 (.NET 6.0.13; Microsoft Windows 10.0.22621)",
        "x-ms-client-request-id": "0121879b54d08ee6277115fe7bfbdc87",
        "x-ms-return-client-request-id": "true"
      },
      "RequestBody": null,
      "StatusCode": 204,
      "ResponseHeaders": {
        "Content-Length": "0",
        "Date": "Wed, 01 Feb 2023 23:59:03 GMT",
        "mise-correlation-id": "e235e6a6-d66b-4d3f-b4ae-b48a29c99496",
        "Strict-Transport-Security": "max-age=2592000",
        "traceresponse": "00-d98b0a3eb230515f0ab555a6c31053c2-f1f3bf4a32e367e5-01"
      },
      "ResponseBody": null
    },
    {
      "RequestUri": "https://fakeHost.api.wus2.digitaltwins.azure.net/models/dtmi%3Aexample%3Afloor%3B17442671?api-version=2023-02-27-preview",
      "RequestMethod": "DELETE",
      "RequestHeaders": {
        "Accept": "application/json",
        "Authorization": "Sanitized",
        "traceparent": "00-0e472d64e883e7a9867d03d3fd5e6608-61bda5b2c0d28f35-00",
        "User-Agent": "azsdk-net-DigitalTwins.Core/1.5.0-alpha.20230131.1 (.NET 6.0.13; Microsoft Windows 10.0.22621)",
        "x-ms-client-request-id": "eb07e11287ed986d592528c34a33ab1f",
        "x-ms-return-client-request-id": "true"
      },
      "RequestBody": null,
      "StatusCode": 204,
      "ResponseHeaders": {
        "Content-Length": "0",
        "Date": "Wed, 01 Feb 2023 23:59:03 GMT",
        "mise-correlation-id": "691d6c78-396f-4a3f-a9fa-cf3cb81d411b",
        "Strict-Transport-Security": "max-age=2592000",
        "traceresponse": "00-0e472d64e883e7a9867d03d3fd5e6608-2c78a6a29211e2e8-01"
      },
      "ResponseBody": null
    },
    {
      "RequestUri": "https://fakeHost.api.wus2.digitaltwins.azure.net/models/dtmi%3Aexample%3Aroom%3B170871229?api-version=2023-02-27-preview",
      "RequestMethod": "DELETE",
      "RequestHeaders": {
        "Accept": "application/json",
        "Authorization": "Sanitized",
        "traceparent": "00-34355f4cf94003c47a75e737a57d7b71-ef192056281bbc27-00",
        "User-Agent": "azsdk-net-DigitalTwins.Core/1.5.0-alpha.20230131.1 (.NET 6.0.13; Microsoft Windows 10.0.22621)",
        "x-ms-client-request-id": "aaecdb22344ec57e01950f43054c5faf",
        "x-ms-return-client-request-id": "true"
      },
      "RequestBody": null,
      "StatusCode": 204,
      "ResponseHeaders": {
        "Content-Length": "0",
        "Date": "Wed, 01 Feb 2023 23:59:03 GMT",
        "mise-correlation-id": "3456e9f4-e263-4c3e-8e56-bdac075c5dcd",
        "Strict-Transport-Security": "max-age=2592000",
        "traceresponse": "00-34355f4cf94003c47a75e737a57d7b71-cc1b2e9a3c730725-01"
      },
      "ResponseBody": null
    }
  ],
  "Variables": {
    "AZURE_AUTHORITY_HOST": "https://login.microsoftonline.com/",
    "DIGITALTWINS_URL": "https://fakeHost.api.wus2.digitaltwins.azure.net",
    "RandomSeed": "609269507"
  }
}
