{
  "Entries": [
    {
      "RequestUri": "https://fakeHost.api.wus2.digitaltwins.azure.net/models/dtmi%3Aexample%3Afloor%3B16548692?includeModelDefinition=true\u0026api-version=2021-06-30-preview",
      "RequestMethod": "GET",
      "RequestHeaders": {
        "Accept": "application/json",
        "Authorization": "Sanitized",
        "traceparent": "00-b842379832e59b419ae3b8d646eb766f-9ef9d6a125ba414c-00",
        "User-Agent": [
          "azsdk-net-DigitalTwins.Core/1.3.0-alpha.20220118.1",
          "(.NET Core 3.1.22; Microsoft Windows 10.0.19044)"
        ],
        "x-ms-client-request-id": "8470bc3d90444ec4f475951c42fba38d",
        "x-ms-return-client-request-id": "true"
      },
      "RequestBody": null,
      "StatusCode": 404,
      "ResponseHeaders": {
        "Content-Length": "212",
        "Content-Type": "application/json; charset=utf-8",
        "Date": "Thu, 20 Jan 2022 06:11:37 GMT",
        "Strict-Transport-Security": "max-age=2592000",
        "traceresponse": "00-b842379832e59b419ae3b8d646eb766f-1f9a64ccaff6e44d-01"
      },
      "ResponseBody": {
        "error": {
          "code": "ModelNotFound",
          "message": "There is no Model(s) available that matches the provided id(s) dtmi:example:floor;16548692. Check that the Model ID provided is valid by doing a Model_List API call."
        }
      }
    },
    {
      "RequestUri": "https://fakeHost.api.wus2.digitaltwins.azure.net/models/dtmi%3Aexample%3Aroom%3B131447432?includeModelDefinition=true\u0026api-version=2021-06-30-preview",
      "RequestMethod": "GET",
      "RequestHeaders": {
        "Accept": "application/json",
        "Authorization": "Sanitized",
        "traceparent": "00-0f2bf3ab97cf09499f1b413cfeda7edb-202878b2ff32e540-00",
        "User-Agent": [
          "azsdk-net-DigitalTwins.Core/1.3.0-alpha.20220118.1",
          "(.NET Core 3.1.22; Microsoft Windows 10.0.19044)"
        ],
        "x-ms-client-request-id": "1652f6802ad1a11c813533c48f2c360f",
        "x-ms-return-client-request-id": "true"
      },
      "RequestBody": null,
      "StatusCode": 404,
      "ResponseHeaders": {
        "Content-Length": "212",
        "Content-Type": "application/json; charset=utf-8",
        "Date": "Thu, 20 Jan 2022 06:11:37 GMT",
        "Strict-Transport-Security": "max-age=2592000",
        "traceresponse": "00-0f2bf3ab97cf09499f1b413cfeda7edb-1baae3fbdc3a7d49-01"
      },
      "ResponseBody": {
        "error": {
          "code": "ModelNotFound",
          "message": "There is no Model(s) available that matches the provided id(s) dtmi:example:room;131447432. Check that the Model ID provided is valid by doing a Model_List API call."
        }
      }
    },
    {
      "RequestUri": "https://fakeHost.api.wus2.digitaltwins.azure.net/digitaltwins/dtmi%3Aexample%3Ahvac%3B117457080?api-version=2021-06-30-preview",
      "RequestMethod": "GET",
      "RequestHeaders": {
        "Accept": "application/json",
        "Authorization": "Sanitized",
        "traceparent": "00-11ede4ade42b0b48a960df8c30a8f401-e9a902637620064c-00",
        "User-Agent": [
          "azsdk-net-DigitalTwins.Core/1.3.0-alpha.20220118.1",
          "(.NET Core 3.1.22; Microsoft Windows 10.0.19044)"
        ],
        "x-ms-client-request-id": "2b14fb668ec82bbf2c2fb159988811e8",
        "x-ms-return-client-request-id": "true"
      },
      "RequestBody": null,
      "StatusCode": 404,
      "ResponseHeaders": {
        "Content-Length": "281",
        "Content-Type": "application/json; charset=utf-8",
        "Date": "Thu, 20 Jan 2022 06:11:37 GMT",
        "Strict-Transport-Security": "max-age=2592000",
        "traceresponse": "00-11ede4ade42b0b48a960df8c30a8f401-e2fd5797c6e05e4c-01"
      },
      "ResponseBody": {
        "error": {
          "code": "DigitalTwinNotFound",
          "message": "There is no digital twin instance that exists with the ID dtmi:example:hvac;117457080. Please verify that the twin id is valid and ensure that the twin is not deleted. See section on querying the twins https://aka.ms/adtv2query."
        }
      }
    },
    {
      "RequestUri": "https://fakeHost.api.wus2.digitaltwins.azure.net/digitaltwins/floorTwin1245561546?api-version=2021-06-30-preview",
      "RequestMethod": "GET",
      "RequestHeaders": {
        "Accept": "application/json",
        "Authorization": "Sanitized",
        "traceparent": "00-13e054470dd8c4438d26b79903411f06-76326d0cd746f149-00",
        "User-Agent": [
          "azsdk-net-DigitalTwins.Core/1.3.0-alpha.20220118.1",
          "(.NET Core 3.1.22; Microsoft Windows 10.0.19044)"
        ],
        "x-ms-client-request-id": "16bc3711916ce354c25a918964485e0d",
        "x-ms-return-client-request-id": "true"
      },
      "RequestBody": null,
      "StatusCode": 404,
      "ResponseHeaders": {
        "Content-Length": "273",
        "Content-Type": "application/json; charset=utf-8",
        "Date": "Thu, 20 Jan 2022 06:11:38 GMT",
        "Strict-Transport-Security": "max-age=2592000",
        "traceresponse": "00-13e054470dd8c4438d26b79903411f06-de4713e4b51a334e-01"
      },
      "ResponseBody": {
        "error": {
          "code": "DigitalTwinNotFound",
          "message": "There is no digital twin instance that exists with the ID floorTwin1245561546. Please verify that the twin id is valid and ensure that the twin is not deleted. See section on querying the twins https://aka.ms/adtv2query."
        }
      }
    },
    {
      "RequestUri": "https://fakeHost.api.wus2.digitaltwins.azure.net/digitaltwins/roomTwin771068511?api-version=2021-06-30-preview",
      "RequestMethod": "GET",
      "RequestHeaders": {
        "Accept": "application/json",
        "Authorization": "Sanitized",
        "traceparent": "00-20193f071fad7648b8a04e7f66bf8788-ad5166250411d14c-00",
        "User-Agent": [
          "azsdk-net-DigitalTwins.Core/1.3.0-alpha.20220118.1",
          "(.NET Core 3.1.22; Microsoft Windows 10.0.19044)"
        ],
        "x-ms-client-request-id": "2c79a79567b8ea93a5fa6a47e8ad21db",
        "x-ms-return-client-request-id": "true"
      },
      "RequestBody": null,
      "StatusCode": 404,
      "ResponseHeaders": {
        "Content-Length": "271",
        "Content-Type": "application/json; charset=utf-8",
        "Date": "Thu, 20 Jan 2022 06:11:38 GMT",
        "Strict-Transport-Security": "max-age=2592000",
        "traceresponse": "00-20193f071fad7648b8a04e7f66bf8788-72cdef78d5bac840-01"
      },
      "ResponseBody": {
        "error": {
          "code": "DigitalTwinNotFound",
          "message": "There is no digital twin instance that exists with the ID roomTwin771068511. Please verify that the twin id is valid and ensure that the twin is not deleted. See section on querying the twins https://aka.ms/adtv2query."
        }
      }
    },
    {
      "RequestUri": "https://fakeHost.api.wus2.digitaltwins.azure.net/digitaltwins/hvacTwin1588096708?api-version=2021-06-30-preview",
      "RequestMethod": "GET",
      "RequestHeaders": {
        "Accept": "application/json",
        "Authorization": "Sanitized",
        "traceparent": "00-aae21885b1f95e47a4324588c37acb59-b1cd1cfe27b0384a-00",
        "User-Agent": [
          "azsdk-net-DigitalTwins.Core/1.3.0-alpha.20220118.1",
          "(.NET Core 3.1.22; Microsoft Windows 10.0.19044)"
        ],
        "x-ms-client-request-id": "cc52ff1b6afa48c005332da1c7e6534c",
        "x-ms-return-client-request-id": "true"
      },
      "RequestBody": null,
      "StatusCode": 404,
      "ResponseHeaders": {
        "Content-Length": "272",
        "Content-Type": "application/json; charset=utf-8",
        "Date": "Thu, 20 Jan 2022 06:11:38 GMT",
        "Strict-Transport-Security": "max-age=2592000",
        "traceresponse": "00-aae21885b1f95e47a4324588c37acb59-65ae10312262ee43-01"
      },
      "ResponseBody": {
        "error": {
          "code": "DigitalTwinNotFound",
          "message": "There is no digital twin instance that exists with the ID hvacTwin1588096708. Please verify that the twin id is valid and ensure that the twin is not deleted. See section on querying the twins https://aka.ms/adtv2query."
        }
      }
    },
    {
      "RequestUri": "https://fakeHost.api.wus2.digitaltwins.azure.net/models?api-version=2021-06-30-preview",
      "RequestMethod": "POST",
      "RequestHeaders": {
        "Accept": "application/json",
        "Authorization": "Sanitized",
        "Content-Length": "2310",
        "Content-Type": "application/json",
        "traceparent": "00-2b6ca98261c6f043a9bd725047fa7c7b-5dacd8b22666ae4b-00",
        "User-Agent": [
          "azsdk-net-DigitalTwins.Core/1.3.0-alpha.20220118.1",
          "(.NET Core 3.1.22; Microsoft Windows 10.0.19044)"
        ],
        "x-ms-client-request-id": "6f69f239589d29cf2bc796e99bd9ad70",
        "x-ms-return-client-request-id": "true"
      },
      "RequestBody": "[{    \u0022@id\u0022: \u0022dtmi:example:floor;16548692\u0022,    \u0022@type\u0022: \u0022Interface\u0022,    \u0022@context\u0022: \u0022dtmi:dtdl:context;2\u0022,    \u0022displayName\u0022: \u0022Floor\u0022,    \u0022description\u0022: \u0022A building story.\u0022,    \u0022contents\u0022: [        {            \u0022@type\u0022: \u0022Relationship\u0022,            \u0022name\u0022: \u0022contains\u0022,            \u0022target\u0022: \u0022dtmi:example:room;131447432\u0022,            \u0022properties\u0022: [                {                    \u0022@type\u0022: \u0022Property\u0022,                    \u0022name\u0022: \u0022isAccessRestricted\u0022,                    \u0022schema\u0022: \u0022boolean\u0022                }            ]        },        {            \u0022@type\u0022: \u0022Relationship\u0022,            \u0022name\u0022: \u0022cooledBy\u0022,            \u0022target\u0022: \u0022dtmi:example:hvac;117457080\u0022        },        {            \u0022@type\u0022: \u0022Property\u0022,            \u0022name\u0022: \u0022AverageTemperature\u0022,            \u0022schema\u0022: \u0022double\u0022        }    ]},{    \u0022@id\u0022: \u0022dtmi:example:room;131447432\u0022,    \u0022@type\u0022: \u0022Interface\u0022,    \u0022displayName\u0022: \u0022Room\u0022,    \u0022description\u0022: \u0022An enclosure inside a building.\u0022,    \u0022contents\u0022: [        {            \u0022@type\u0022: \u0022Relationship\u0022,            \u0022name\u0022: \u0022containedIn\u0022,            \u0022target\u0022: \u0022dtmi:example:floor;16548692\u0022        },        {            \u0022@type\u0022: \u0022Property\u0022,            \u0022name\u0022: \u0022Temperature\u0022,            \u0022schema\u0022: \u0022double\u0022        },        {            \u0022@type\u0022: \u0022Property\u0022,            \u0022name\u0022: \u0022Humidity\u0022,            \u0022schema\u0022: \u0022double\u0022        },        {            \u0022@type\u0022: \u0022Property\u0022,            \u0022name\u0022: \u0022IsOccupied\u0022,            \u0022schema\u0022: \u0022boolean\u0022        },        {            \u0022@type\u0022: \u0022Property\u0022,            \u0022name\u0022: \u0022EmployeeId\u0022,            \u0022schema\u0022: \u0022string\u0022        }    ],    \u0022@context\u0022: \u0022dtmi:dtdl:context;2\u0022},{    \u0022@id\u0022: \u0022dtmi:example:hvac;117457080\u0022,    \u0022@type\u0022: \u0022Interface\u0022,    \u0022displayName\u0022: \u0022HVAC\u0022,    \u0022description\u0022: \u0022A heating, ventilation, and air conditioning unit.\u0022,    \u0022contents\u0022: [        {            \u0022@type\u0022: \u0022Property\u0022,            \u0022name\u0022: \u0022Efficiency\u0022,            \u0022schema\u0022: \u0022double\u0022        },        {            \u0022@type\u0022: \u0022Property\u0022,            \u0022name\u0022: \u0022TargetTemperature\u0022,            \u0022schema\u0022: \u0022double\u0022        },        {            \u0022@type\u0022: \u0022Property\u0022,            \u0022name\u0022: \u0022TargetHumidity\u0022,            \u0022schema\u0022: \u0022double\u0022        },        {            \u0022@type\u0022: \u0022Relationship\u0022,            \u0022name\u0022: \u0022cools\u0022,            \u0022target\u0022: \u0022dtmi:example:floor;16548692\u0022        }    ],    \u0022@context\u0022: \u0022dtmi:dtdl:context;2\u0022}]",
      "StatusCode": 201,
      "ResponseHeaders": {
        "Content-Length": "583",
        "Content-Type": "application/json; charset=utf-8",
        "Date": "Thu, 20 Jan 2022 06:11:38 GMT",
        "Strict-Transport-Security": "max-age=2592000",
        "traceresponse": "00-2b6ca98261c6f043a9bd725047fa7c7b-bd21962a93022c4e-01"
      },
      "ResponseBody": "[{\u0022id\u0022:\u0022dtmi:example:floor;16548692\u0022,\u0022description\u0022:{\u0022en\u0022:\u0022A building story.\u0022},\u0022displayName\u0022:{\u0022en\u0022:\u0022Floor\u0022},\u0022decommissioned\u0022:false,\u0022uploadTime\u0022:\u00222022-01-20T06:11:39.1262647\u002B00:00\u0022},{\u0022id\u0022:\u0022dtmi:example:room;131447432\u0022,\u0022description\u0022:{\u0022en\u0022:\u0022An enclosure inside a building.\u0022},\u0022displayName\u0022:{\u0022en\u0022:\u0022Room\u0022},\u0022decommissioned\u0022:false,\u0022uploadTime\u0022:\u00222022-01-20T06:11:39.1263023\u002B00:00\u0022},{\u0022id\u0022:\u0022dtmi:example:hvac;117457080\u0022,\u0022description\u0022:{\u0022en\u0022:\u0022A heating, ventilation, and air conditioning unit.\u0022},\u0022displayName\u0022:{\u0022en\u0022:\u0022HVAC\u0022},\u0022decommissioned\u0022:false,\u0022uploadTime\u0022:\u00222022-01-20T06:11:39.1263288\u002B00:00\u0022}]"
    },
    {
      "RequestUri": "https://fakeHost.api.wus2.digitaltwins.azure.net/models?api-version=2021-06-30-preview",
      "RequestMethod": "GET",
      "RequestHeaders": {
        "Accept": "application/json",
        "Authorization": "Sanitized",
        "traceparent": "00-ec1c94d57300a046a9bf8a133462e522-312f7cabfb0f884b-00",
        "User-Agent": [
          "azsdk-net-DigitalTwins.Core/1.3.0-alpha.20220118.1",
          "(.NET Core 3.1.22; Microsoft Windows 10.0.19044)"
        ],
        "x-ms-client-request-id": "5f2d9fad92ba3d9bb8e4b3336548dd14",
        "x-ms-return-client-request-id": "true"
      },
      "RequestBody": null,
      "StatusCode": 200,
      "ResponseHeaders": {
        "Content-Length": "5214",
        "Content-Type": "application/json; charset=utf-8",
        "Date": "Thu, 20 Jan 2022 06:11:38 GMT",
        "Strict-Transport-Security": "max-age=2592000",
        "traceresponse": "00-ec1c94d57300a046a9bf8a133462e522-d06fdf2831a7fb40-01"
      },
      "ResponseBody": {
        "value": [
          {
            "id": "dtmi:example:Ward;145613168",
            "description": {
              "en": "A separate partition in a building, made of rooms and hallways."
            },
            "displayName": {
              "en": "Ward"
            },
            "decommissioned": false,
            "uploadTime": "2022-01-20T06:09:22.6352542\u002B00:00"
          },
          {
            "id": "dtmi:example:room;133999852",
            "description": {
              "en": "An enclosure inside a building."
            },
            "displayName": {
              "en": "Room"
            },
            "decommissioned": false,
            "uploadTime": "2022-01-20T06:09:22.9537885\u002B00:00"
          },
          {
            "id": "dtmi:example:room;111892730",
            "description": {
              "en": "An enclosure inside a building."
            },
            "displayName": {
              "en": "Room"
            },
            "decommissioned": false,
            "uploadTime": "2022-01-20T06:09:22.9538494\u002B00:00"
          },
          {
            "id": "dtmi:example:Ward;154155931",
            "description": {
              "en": "A separate partition in a building, made of rooms and hallways."
            },
            "displayName": {
              "en": "Ward"
            },
            "decommissioned": false,
            "uploadTime": "2022-01-20T06:09:22.63888\u002B00:00"
          },
          {
            "id": "dtmi:example:Ward;118112199",
            "description": {
              "en": "A separate partition in a building, made of rooms and hallways."
            },
            "displayName": {
              "en": "Ward"
            },
            "decommissioned": false,
            "uploadTime": "2022-01-20T06:09:26.3023912\u002B00:00"
          },
          {
            "id": "dtmi:example:Ward;181053342",
            "description": {
              "en": "A separate partition in a building, made of rooms and hallways."
            },
            "displayName": {
              "en": "Ward"
            },
            "decommissioned": false,
            "uploadTime": "2022-01-20T06:09:27.1405736\u002B00:00"
          },
          {
            "id": "dtmi:example:Ward;121217931",
            "description": {
              "en": "A separate partition in a building, made of rooms and hallways."
            },
            "displayName": {
              "en": "Ward"
            },
            "decommissioned": false,
            "uploadTime": "2022-01-20T06:10:34.4185515\u002B00:00"
          },
          {
            "id": "dtmi:example:Ward;115328933",
            "description": {
              "en": "A separate partition in a building, made of rooms and hallways."
            },
            "displayName": {
              "en": "Ward"
            },
            "decommissioned": false,
            "uploadTime": "2022-01-20T06:10:34.4566264\u002B00:00"
          },
          {
            "id": "dtmi:example:room;112105035",
            "description": {
              "en": "An enclosure inside a building."
            },
            "displayName": {
              "en": "Room"
            },
            "decommissioned": false,
            "uploadTime": "2022-01-20T06:10:34.7165488\u002B00:00"
          },
          {
            "id": "dtmi:example:room;121250289",
            "description": {
              "en": "An enclosure inside a building."
            },
            "displayName": {
              "en": "Room"
            },
            "decommissioned": false,
            "uploadTime": "2022-01-20T06:10:34.8250257\u002B00:00"
          },
          {
            "id": "dtmi:example:Ward;182199568",
            "description": {
              "en": "A separate partition in a building, made of rooms and hallways."
            },
            "displayName": {
              "en": "Ward"
            },
            "decommissioned": false,
            "uploadTime": "2022-01-20T06:10:37.5816244\u002B00:00"
          },
          {
            "id": "dtmi:example:Ward;112723645",
            "description": {
              "en": "A separate partition in a building, made of rooms and hallways."
            },
            "displayName": {
              "en": "Ward"
            },
            "decommissioned": false,
            "uploadTime": "2022-01-20T06:10:37.7104491\u002B00:00"
          },
          {
            "id": "dtmi:example:Ward;118593807",
            "description": {
              "en": "A separate partition in a building, made of rooms and hallways."
            },
            "displayName": {
              "en": "Ward"
            },
            "decommissioned": false,
            "uploadTime": "2022-01-20T06:11:31.526816\u002B00:00"
          },
          {
            "id": "dtmi:example:Ward;110940445",
            "description": {
              "en": "A separate partition in a building, made of rooms and hallways."
            },
            "displayName": {
              "en": "Ward"
            },
            "decommissioned": false,
            "uploadTime": "2022-01-20T06:11:31.5334864\u002B00:00"
          },
          {
            "id": "dtmi:example:room;117091085",
            "description": {
              "en": "An enclosure inside a building."
            },
            "displayName": {
              "en": "Room"
            },
            "decommissioned": false,
            "uploadTime": "2022-01-20T06:11:31.8598011\u002B00:00"
          },
          {
            "id": "dtmi:example:room;112637152",
            "description": {
              "en": "An enclosure inside a building."
            },
            "displayName": {
              "en": "Room"
            },
            "decommissioned": false,
            "uploadTime": "2022-01-20T06:11:31.8879092\u002B00:00"
          },
          {
            "id": "dtmi:example:Ward;120938399",
            "description": {
              "en": "A separate partition in a building, made of rooms and hallways."
            },
            "displayName": {
              "en": "Ward"
            },
            "decommissioned": false,
            "uploadTime": "2022-01-20T06:11:34.9339237\u002B00:00"
          },
          {
            "id": "dtmi:example:Ward;110400742",
            "description": {
              "en": "A separate partition in a building, made of rooms and hallways."
            },
            "displayName": {
              "en": "Ward"
            },
            "decommissioned": false,
            "uploadTime": "2022-01-20T06:11:35.0005094\u002B00:00"
          },
          {
            "id": "dtmi:example:room;119708157",
            "description": {
              "en": "An enclosure inside a building."
            },
            "displayName": {
              "en": "Room"
            },
            "decommissioned": false,
            "uploadTime": "2022-01-20T06:11:37.4619678\u002B00:00"
          },
          {
            "id": "dtmi:example:room;115780864",
            "description": {
              "en": "An enclosure inside a building."
            },
            "displayName": {
              "en": "Room"
            },
            "decommissioned": false,
            "uploadTime": "2022-01-20T06:11:37.5252309\u002B00:00"
          },
          {
            "id": "dtmi:example:room;175120678",
            "description": {
              "en": "An enclosure inside a building."
            },
            "displayName": {
              "en": "Room"
            },
            "decommissioned": false,
            "uploadTime": "2022-01-20T06:11:38.6618825\u002B00:00"
          },
          {
            "id": "dtmi:example:room;120002095",
            "description": {
              "en": "An enclosure inside a building."
            },
            "displayName": {
              "en": "Room"
            },
            "decommissioned": false,
            "uploadTime": "2022-01-20T06:11:38.8112077\u002B00:00"
          },
          {
            "id": "dtmi:example:floor;16548692",
            "description": {
              "en": "A building story."
            },
            "displayName": {
              "en": "Floor"
            },
            "decommissioned": false,
            "uploadTime": "2022-01-20T06:11:39.1262647\u002B00:00"
          },
          {
            "id": "dtmi:example:room;131447432",
            "description": {
              "en": "An enclosure inside a building."
            },
            "displayName": {
              "en": "Room"
            },
            "decommissioned": false,
            "uploadTime": "2022-01-20T06:11:39.1263023\u002B00:00"
          },
          {
            "id": "dtmi:example:hvac;117457080",
            "description": {
              "en": "A heating, ventilation, and air conditioning unit."
            },
            "displayName": {
              "en": "HVAC"
            },
            "decommissioned": false,
            "uploadTime": "2022-01-20T06:11:39.1263288\u002B00:00"
          }
        ],
        "nextLink": null
      }
    },
    {
      "RequestUri": "https://fakeHost.api.wus2.digitaltwins.azure.net/digitaltwins/floorTwin1245561546?api-version=2021-06-30-preview",
      "RequestMethod": "PUT",
      "RequestHeaders": {
        "Accept": "application/json",
        "Authorization": "Sanitized",
        "Content-Length": "104",
        "Content-Type": "application/json",
        "traceparent": "00-efdcaccda233d649ba264d9e655c4f1f-a5f3b75a766afa4f-00",
        "User-Agent": [
          "azsdk-net-DigitalTwins.Core/1.3.0-alpha.20220118.1",
          "(.NET Core 3.1.22; Microsoft Windows 10.0.19044)"
        ],
        "x-ms-client-request-id": "baaffa176bb7c2262f29a032d3d6ac2b",
        "x-ms-return-client-request-id": "true"
      },
      "RequestBody": {
        "$dtId": null,
        "$etag": null,
        "$metadata": {
          "$model": "dtmi:example:floor;16548692"
        },
        "AverageTemperature": 75
      },
      "StatusCode": 200,
      "ResponseHeaders": {
        "Content-Length": "232",
        "Content-Type": "application/json; charset=utf-8",
        "Date": "Thu, 20 Jan 2022 06:11:38 GMT",
        "ETag": "W/\u0022d00d00a3-b7ec-402b-8c5b-dd837a943680\u0022",
        "Strict-Transport-Security": "max-age=2592000",
        "traceresponse": "00-efdcaccda233d649ba264d9e655c4f1f-ce5cdc38e6eac646-01"
      },
      "ResponseBody": {
        "$dtId": "floorTwin1245561546",
        "$etag": "W/\u0022d00d00a3-b7ec-402b-8c5b-dd837a943680\u0022",
        "AverageTemperature": 75,
        "$metadata": {
          "$model": "dtmi:example:floor;16548692",
          "AverageTemperature": {
            "lastUpdateTime": "2022-01-20T06:11:39.4502464Z"
          }
        }
      }
    },
    {
      "RequestUri": "https://fakeHost.api.wus2.digitaltwins.azure.net/digitaltwins/roomTwin771068511?api-version=2021-06-30-preview",
      "RequestMethod": "PUT",
      "RequestHeaders": {
        "Accept": "application/json",
        "Authorization": "Sanitized",
        "Content-Length": "154",
        "Content-Type": "application/json",
        "traceparent": "00-4233ee9b04a601489db31b5f522e80c1-cf54444d09853b45-00",
        "User-Agent": [
          "azsdk-net-DigitalTwins.Core/1.3.0-alpha.20220118.1",
          "(.NET Core 3.1.22; Microsoft Windows 10.0.19044)"
        ],
        "x-ms-client-request-id": "27f4bd86f3b9a691572cb7b8a49cc3e2",
        "x-ms-return-client-request-id": "true"
      },
      "RequestBody": {
        "$dtId": null,
        "$etag": null,
        "$metadata": {
          "$model": "dtmi:example:room;131447432"
        },
        "Temperature": 80,
        "Humidity": 25,
        "IsOccupied": true,
        "EmployeeId": "Employee1"
      },
      "StatusCode": 200,
      "ResponseHeaders": {
        "Content-Length": "460",
        "Content-Type": "application/json; charset=utf-8",
        "Date": "Thu, 20 Jan 2022 06:11:39 GMT",
        "ETag": "W/\u0022a9ce6f49-90c5-4a6e-ba9b-556d8fcb21b4\u0022",
        "Strict-Transport-Security": "max-age=2592000",
        "traceresponse": "00-4233ee9b04a601489db31b5f522e80c1-83b93c0e0a86184f-01"
      },
      "ResponseBody": {
        "$dtId": "roomTwin771068511",
        "$etag": "W/\u0022a9ce6f49-90c5-4a6e-ba9b-556d8fcb21b4\u0022",
        "Temperature": 80,
        "Humidity": 25,
        "IsOccupied": true,
        "EmployeeId": "Employee1",
        "$metadata": {
          "$model": "dtmi:example:room;131447432",
          "Temperature": {
            "lastUpdateTime": "2022-01-20T06:11:39.6214742Z"
          },
          "Humidity": {
            "lastUpdateTime": "2022-01-20T06:11:39.6214742Z"
          },
          "IsOccupied": {
            "lastUpdateTime": "2022-01-20T06:11:39.6214742Z"
          },
          "EmployeeId": {
            "lastUpdateTime": "2022-01-20T06:11:39.6214742Z"
          }
        }
      }
    },
    {
      "RequestUri": "https://fakeHost.api.wus2.digitaltwins.azure.net/digitaltwins/hvacTwin1588096708?api-version=2021-06-30-preview",
      "RequestMethod": "PUT",
      "RequestHeaders": {
        "Accept": "application/json",
        "Authorization": "Sanitized",
        "Content-Length": "123",
        "Content-Type": "application/json",
        "traceparent": "00-d8c5e0be97b0944dba8c6cfd3e16eafc-233090c13e82084f-00",
        "User-Agent": [
          "azsdk-net-DigitalTwins.Core/1.3.0-alpha.20220118.1",
          "(.NET Core 3.1.22; Microsoft Windows 10.0.19044)"
        ],
        "x-ms-client-request-id": "a1d282e9f22a41b8786b2f90f1686ae2",
        "x-ms-return-client-request-id": "true"
      },
      "RequestBody": {
        "$dtId": null,
        "$etag": null,
        "$metadata": {
          "$model": "dtmi:example:hvac;117457080"
        },
        "TargetTemperature": 80,
        "TargetHumidity": 25
      },
      "StatusCode": 200,
      "ResponseHeaders": {
        "Content-Length": "316",
        "Content-Type": "application/json; charset=utf-8",
        "Date": "Thu, 20 Jan 2022 06:11:39 GMT",
        "ETag": "W/\u002243e8122e-f9b2-4964-bf98-3209bd40c577\u0022",
        "Strict-Transport-Security": "max-age=2592000",
        "traceresponse": "00-d8c5e0be97b0944dba8c6cfd3e16eafc-cbac8e5fb5fa1c45-01"
      },
      "ResponseBody": {
        "$dtId": "hvacTwin1588096708",
        "$etag": "W/\u002243e8122e-f9b2-4964-bf98-3209bd40c577\u0022",
        "TargetTemperature": 80,
        "TargetHumidity": 25,
        "$metadata": {
          "$model": "dtmi:example:hvac;117457080",
          "TargetTemperature": {
            "lastUpdateTime": "2022-01-20T06:11:39.7863794Z"
          },
          "TargetHumidity": {
            "lastUpdateTime": "2022-01-20T06:11:39.7863794Z"
          }
        }
      }
    },
    {
      "RequestUri": "https://fakeHost.api.wus2.digitaltwins.azure.net/digitaltwins/floorTwin1245561546/relationships/FloorToRoomRelationship?api-version=2021-06-30-preview",
      "RequestMethod": "PUT",
      "RequestHeaders": {
        "Accept": "application/json",
        "Authorization": "Sanitized",
        "Content-Length": "143",
        "Content-Type": "application/json",
        "traceparent": "00-18d48bac49074942916b83eed093019f-e0f799d6565bde46-00",
        "User-Agent": [
          "azsdk-net-DigitalTwins.Core/1.3.0-alpha.20220118.1",
          "(.NET Core 3.1.22; Microsoft Windows 10.0.19044)"
        ],
        "x-ms-client-request-id": "a8ac8838b654235a6809628bb46e1d92",
        "x-ms-return-client-request-id": "true"
      },
      "RequestBody": {
        "$relationshipId": null,
        "$targetId": "roomTwin771068511",
        "$sourceId": null,
        "$relationshipName": "contains",
        "$etag": null,
        "isAccessRestricted": true
      },
      "StatusCode": 200,
      "ResponseHeaders": {
        "Content-Length": "221",
        "Content-Type": "application/json; charset=utf-8",
        "Date": "Thu, 20 Jan 2022 06:11:38 GMT",
        "ETag": "W/\u0022f18d9e3b-f241-4917-9913-a30af4546baf\u0022",
        "Strict-Transport-Security": "max-age=2592000",
        "traceresponse": "00-18d48bac49074942916b83eed093019f-2d18f0636343564b-01"
      },
      "ResponseBody": {
        "$relationshipId": "FloorToRoomRelationship",
        "$etag": "W/\u0022f18d9e3b-f241-4917-9913-a30af4546baf\u0022",
        "$sourceId": "floorTwin1245561546",
        "$relationshipName": "contains",
        "$targetId": "roomTwin771068511",
        "isAccessRestricted": true
      }
    },
    {
      "RequestUri": "https://fakeHost.api.wus2.digitaltwins.azure.net/digitaltwins/floorTwin1245561546/relationships/FloorToRoomRelationship?api-version=2021-06-30-preview",
      "RequestMethod": "PATCH",
      "RequestHeaders": {
        "Accept": "application/json",
        "Authorization": "Sanitized",
        "Content-Length": "61",
        "Content-Type": "application/json-patch\u002Bjson",
        "traceparent": "00-cc5976216cb40941ba4d0643d4db73e3-5d086a0b2b301f48-00",
        "User-Agent": [
          "azsdk-net-DigitalTwins.Core/1.3.0-alpha.20220118.1",
          "(.NET Core 3.1.22; Microsoft Windows 10.0.19044)"
        ],
        "x-ms-client-request-id": "5048be660a03940004b2ae4dc301b4ef",
        "x-ms-return-client-request-id": "true"
      },
      "RequestBody": "[{\u0022op\u0022:\u0022replace\u0022,\u0022path\u0022:\u0022/isAccessRestricted\u0022,\u0022value\u0022:false}]",
      "StatusCode": 204,
      "ResponseHeaders": {
        "Content-Length": "0",
        "Date": "Thu, 20 Jan 2022 06:11:40 GMT",
        "ETag": "W/\u00228d393b73-b62e-4edb-b4a1-f6a742f36568\u0022",
        "Strict-Transport-Security": "max-age=2592000",
        "traceresponse": "00-cc5976216cb40941ba4d0643d4db73e3-620bb71fddff6e42-01"
      },
      "ResponseBody": []
    },
    {
      "RequestUri": "https://fakeHost.api.wus2.digitaltwins.azure.net/digitaltwins/floorTwin1245561546/relationships/FloorToRoomRelationship?api-version=2021-06-30-preview",
      "RequestMethod": "DELETE",
      "RequestHeaders": {
        "Accept": "application/json",
        "Authorization": "Sanitized",
        "If-Match": "W/\u0022f18d9e3b-f241-4917-9913-a30af4546baf\u0022",
        "traceparent": "00-7fce60c53a61fc4780ef08a5b4e65980-8a8fa7220487414d-00",
        "User-Agent": [
          "azsdk-net-DigitalTwins.Core/1.3.0-alpha.20220118.1",
          "(.NET Core 3.1.22; Microsoft Windows 10.0.19044)"
        ],
        "x-ms-client-request-id": "1b80d5c11aef338e27af3820902d8c0a",
        "x-ms-return-client-request-id": "true"
      },
      "RequestBody": null,
      "StatusCode": 412,
      "ResponseHeaders": {
        "Content-Length": "300",
        "Content-Type": "application/json; charset=utf-8",
        "Date": "Thu, 20 Jan 2022 06:11:40 GMT",
        "Strict-Transport-Security": "max-age=2592000",
        "traceresponse": "00-7fce60c53a61fc4780ef08a5b4e65980-920e4d7605294d49-01"
      },
      "ResponseBody": {
        "error": {
          "code": "PreconditionFailed",
          "message": "The provided etag W/\u0022f18d9e3b-f241-4917-9913-a30af4546baf\u0022 doesn\u0027t match the current etag for the resource. Please obtain and provide the latest etag by getting the resource. See section on get apis in the documentation https://aka.ms/adtv2twins."
        }
      }
    },
    {
      "RequestUri": "https://fakeHost.api.wus2.digitaltwins.azure.net/digitaltwins/floorTwin1245561546/relationships/FloorToRoomRelationship?api-version=2021-06-30-preview",
      "RequestMethod": "DELETE",
      "RequestHeaders": {
        "Accept": "application/json",
        "Authorization": "Sanitized",
        "traceparent": "00-1f328da7a4f1504389f33d073b083042-d712635f5d649b49-00",
        "User-Agent": [
          "azsdk-net-DigitalTwins.Core/1.3.0-alpha.20220118.1",
          "(.NET Core 3.1.22; Microsoft Windows 10.0.19044)"
        ],
        "x-ms-client-request-id": "332a9d4d1a1f2dde8718a4a1070d5f67",
        "x-ms-return-client-request-id": "true"
      },
      "RequestBody": null,
      "StatusCode": 204,
      "ResponseHeaders": {
        "Content-Length": "0",
        "Date": "Thu, 20 Jan 2022 06:11:40 GMT",
        "Strict-Transport-Security": "max-age=2592000",
        "traceresponse": "00-1f328da7a4f1504389f33d073b083042-3242b56170383143-01"
      },
      "ResponseBody": []
    },
    {
      "RequestUri": "https://fakeHost.api.wus2.digitaltwins.azure.net/digitaltwins/floorTwin1245561546?api-version=2021-06-30-preview",
      "RequestMethod": "DELETE",
      "RequestHeaders": {
        "Accept": "application/json",
        "Authorization": "Sanitized",
        "traceparent": "00-e1d8c454abbba1499f1ad5248efc7e22-70f14d7c8a88184c-00",
        "User-Agent": [
          "azsdk-net-DigitalTwins.Core/1.3.0-alpha.20220118.1",
          "(.NET Core 3.1.22; Microsoft Windows 10.0.19044)"
        ],
        "x-ms-client-request-id": "dfc9735501ed4ca22f152854d2e004d6",
        "x-ms-return-client-request-id": "true"
      },
      "RequestBody": null,
      "StatusCode": 204,
      "ResponseHeaders": {
        "Content-Length": "0",
        "Date": "Thu, 20 Jan 2022 06:11:40 GMT",
        "Strict-Transport-Security": "max-age=2592000",
        "traceresponse": "00-e1d8c454abbba1499f1ad5248efc7e22-1afb8d4073978c41-01"
      },
      "ResponseBody": []
    },
    {
      "RequestUri": "https://fakeHost.api.wus2.digitaltwins.azure.net/digitaltwins/roomTwin771068511?api-version=2021-06-30-preview",
      "RequestMethod": "DELETE",
      "RequestHeaders": {
        "Accept": "application/json",
        "Authorization": "Sanitized",
        "traceparent": "00-c38aea6824d5214a8f427c3acf63e713-49bb5d1a7d2d6b42-00",
        "User-Agent": [
          "azsdk-net-DigitalTwins.Core/1.3.0-alpha.20220118.1",
          "(.NET Core 3.1.22; Microsoft Windows 10.0.19044)"
        ],
        "x-ms-client-request-id": "2600a32680d7a7cff75294d775ed2b1a",
        "x-ms-return-client-request-id": "true"
      },
      "RequestBody": null,
      "StatusCode": 204,
      "ResponseHeaders": {
        "Content-Length": "0",
        "Date": "Thu, 20 Jan 2022 06:11:40 GMT",
        "Strict-Transport-Security": "max-age=2592000",
        "traceresponse": "00-c38aea6824d5214a8f427c3acf63e713-9f90b0e115a9da44-01"
      },
      "ResponseBody": []
    },
    {
      "RequestUri": "https://fakeHost.api.wus2.digitaltwins.azure.net/digitaltwins/hvacTwin1588096708?api-version=2021-06-30-preview",
      "RequestMethod": "DELETE",
      "RequestHeaders": {
        "Accept": "application/json",
        "Authorization": "Sanitized",
        "traceparent": "00-7c864f71ccdfb04695d40ea387d408dd-a00be5a1b200f944-00",
        "User-Agent": [
          "azsdk-net-DigitalTwins.Core/1.3.0-alpha.20220118.1",
          "(.NET Core 3.1.22; Microsoft Windows 10.0.19044)"
        ],
        "x-ms-client-request-id": "1ccbd04fad644b1dfadd0409f1895ba7",
        "x-ms-return-client-request-id": "true"
      },
      "RequestBody": null,
      "StatusCode": 204,
      "ResponseHeaders": {
        "Content-Length": "0",
        "Date": "Thu, 20 Jan 2022 06:11:40 GMT",
        "Strict-Transport-Security": "max-age=2592000",
        "traceresponse": "00-7c864f71ccdfb04695d40ea387d408dd-69c1573e83c34941-01"
      },
      "ResponseBody": []
    },
    {
      "RequestUri": "https://fakeHost.api.wus2.digitaltwins.azure.net/models/dtmi%3Aexample%3Ahvac%3B117457080?api-version=2021-06-30-preview",
      "RequestMethod": "DELETE",
      "RequestHeaders": {
        "Accept": "application/json",
        "Authorization": "Sanitized",
        "traceparent": "00-19874d3c54ba644aa614bfd077b9a164-279bdb683fb7ed44-00",
        "User-Agent": [
          "azsdk-net-DigitalTwins.Core/1.3.0-alpha.20220118.1",
          "(.NET Core 3.1.22; Microsoft Windows 10.0.19044)"
        ],
        "x-ms-client-request-id": "647bce14380cd490a321e89b6dcbd642",
        "x-ms-return-client-request-id": "true"
      },
      "RequestBody": null,
      "StatusCode": 204,
      "ResponseHeaders": {
        "Content-Length": "0",
        "Date": "Thu, 20 Jan 2022 06:11:40 GMT",
        "Strict-Transport-Security": "max-age=2592000",
        "traceresponse": "00-19874d3c54ba644aa614bfd077b9a164-8a9af1d72b229a49-01"
      },
      "ResponseBody": []
    },
    {
      "RequestUri": "https://fakeHost.api.wus2.digitaltwins.azure.net/models/dtmi%3Aexample%3Afloor%3B16548692?api-version=2021-06-30-preview",
      "RequestMethod": "DELETE",
      "RequestHeaders": {
        "Accept": "application/json",
        "Authorization": "Sanitized",
        "traceparent": "00-6d50e25cc2b87a4a8d6ab198a3e0a9fa-b376b53698b4034a-00",
        "User-Agent": [
          "azsdk-net-DigitalTwins.Core/1.3.0-alpha.20220118.1",
          "(.NET Core 3.1.22; Microsoft Windows 10.0.19044)"
        ],
        "x-ms-client-request-id": "01040deae714787186b42cf97cc5b56d",
        "x-ms-return-client-request-id": "true"
      },
      "RequestBody": null,
      "StatusCode": 204,
      "ResponseHeaders": {
        "Content-Length": "0",
        "Date": "Thu, 20 Jan 2022 06:11:41 GMT",
        "Strict-Transport-Security": "max-age=2592000",
        "traceresponse": "00-6d50e25cc2b87a4a8d6ab198a3e0a9fa-1f27dfb3a1400c43-01"
      },
      "ResponseBody": []
    },
    {
      "RequestUri": "https://fakeHost.api.wus2.digitaltwins.azure.net/models/dtmi%3Aexample%3Aroom%3B131447432?api-version=2021-06-30-preview",
      "RequestMethod": "DELETE",
      "RequestHeaders": {
        "Accept": "application/json",
        "Authorization": "Sanitized",
        "traceparent": "00-d57add08a4d2a34ab80dbe102b5d05b6-a32665b733339047-00",
        "User-Agent": [
          "azsdk-net-DigitalTwins.Core/1.3.0-alpha.20220118.1",
          "(.NET Core 3.1.22; Microsoft Windows 10.0.19044)"
        ],
        "x-ms-client-request-id": "a6c3ecf6c772170d40f77842c481de2e",
        "x-ms-return-client-request-id": "true"
      },
      "RequestBody": null,
      "StatusCode": 204,
      "ResponseHeaders": {
        "Content-Length": "0",
        "Date": "Thu, 20 Jan 2022 06:11:41 GMT",
        "Strict-Transport-Security": "max-age=2592000",
        "traceresponse": "00-d57add08a4d2a34ab80dbe102b5d05b6-e9da68cff5c5d94a-01"
      },
      "ResponseBody": []
    }
  ],
  "Variables": {
    "DIGITALTWINS_URL": "https://fakeHost.api.wus2.digitaltwins.azure.net",
    "RandomSeed": "345419980"
  }
}