{
  "Entries": [
    {
      "RequestUri": "https://fakeHost.api.wus2.digitaltwins.azure.net/models/dtmi%3Aexample%3Afloor%3B11316969?includeModelDefinition=true\u0026api-version=2020-10-31",
      "RequestMethod": "GET",
      "RequestHeaders": {
        "Accept": "application/json",
        "Authorization": "Sanitized",
        "User-Agent": [
          "azsdk-net-DigitalTwins.Core/1.0.0-alpha.20201029.1",
          "(.NET Core 4.6.29130.01; Microsoft Windows 10.0.17134 )"
        ],
        "x-ms-client-request-id": "3abad14ad52443c44b693d8f77de2cc7",
        "x-ms-return-client-request-id": "true"
      },
      "RequestBody": null,
      "StatusCode": 404,
      "ResponseHeaders": {
        "Content-Length": "212",
        "Content-Type": "application/json; charset=utf-8",
        "Date": "Fri, 30 Oct 2020 00:38:18 GMT",
        "Strict-Transport-Security": "max-age=2592000"
      },
      "ResponseBody": {
        "error": {
          "code": "ModelNotFound",
          "message": "There is no Model(s) available that matches the provided id(s) dtmi:example:floor;11316969. Check that the Model ID provided is valid by doing a Model_List API call."
        }
      }
    },
    {
      "RequestUri": "https://fakeHost.api.wus2.digitaltwins.azure.net/models/dtmi%3Aexample%3Aroom%3B175745235?includeModelDefinition=true\u0026api-version=2020-10-31",
      "RequestMethod": "GET",
      "RequestHeaders": {
        "Accept": "application/json",
        "Authorization": "Sanitized",
        "User-Agent": [
          "azsdk-net-DigitalTwins.Core/1.0.0-alpha.20201029.1",
          "(.NET Core 4.6.29130.01; Microsoft Windows 10.0.17134 )"
        ],
        "x-ms-client-request-id": "390189b973c5a4648b3f7ab72fb57493",
        "x-ms-return-client-request-id": "true"
      },
      "RequestBody": null,
      "StatusCode": 404,
      "ResponseHeaders": {
        "Content-Length": "212",
        "Content-Type": "application/json; charset=utf-8",
        "Date": "Fri, 30 Oct 2020 00:38:18 GMT",
        "Strict-Transport-Security": "max-age=2592000"
      },
      "ResponseBody": {
        "error": {
          "code": "ModelNotFound",
          "message": "There is no Model(s) available that matches the provided id(s) dtmi:example:room;175745235. Check that the Model ID provided is valid by doing a Model_List API call."
        }
      }
    },
    {
      "RequestUri": "https://fakeHost.api.wus2.digitaltwins.azure.net/digitaltwins/dtmi%3Aexample%3Ahvac%3B113811109?api-version=2020-10-31",
      "RequestMethod": "GET",
      "RequestHeaders": {
        "Accept": "application/json",
        "Authorization": "Sanitized",
        "User-Agent": [
          "azsdk-net-DigitalTwins.Core/1.0.0-alpha.20201029.1",
          "(.NET Core 4.6.29130.01; Microsoft Windows 10.0.17134 )"
        ],
        "x-ms-client-request-id": "4fcee59236be0da49266648f1f34f4ff",
        "x-ms-return-client-request-id": "true"
      },
      "RequestBody": null,
      "StatusCode": 404,
      "ResponseHeaders": {
        "Content-Length": "280",
        "Content-Type": "application/json; charset=utf-8",
        "Date": "Fri, 30 Oct 2020 00:38:18 GMT",
        "Strict-Transport-Security": "max-age=2592000"
      },
      "ResponseBody": {
        "error": {
          "code": "DigitalTwinNotFound",
          "message": "There is no digital twin instance that exists with the ID dtmi:example:hvac;113811109. Please verify that the twin id is valid and ensure that the twin is not deleted. See section on querying the twins http://aka.ms/adtv2query."
        }
      }
    },
    {
      "RequestUri": "https://fakeHost.api.wus2.digitaltwins.azure.net/digitaltwins/floorTwin852220096?api-version=2020-10-31",
      "RequestMethod": "GET",
      "RequestHeaders": {
        "Accept": "application/json",
        "Authorization": "Sanitized",
        "User-Agent": [
          "azsdk-net-DigitalTwins.Core/1.0.0-alpha.20201029.1",
          "(.NET Core 4.6.29130.01; Microsoft Windows 10.0.17134 )"
        ],
        "x-ms-client-request-id": "5136ad865e84965699964a8c1cb4c9fb",
        "x-ms-return-client-request-id": "true"
      },
      "RequestBody": null,
      "StatusCode": 404,
      "ResponseHeaders": {
        "Content-Length": "271",
        "Content-Type": "application/json; charset=utf-8",
        "Date": "Fri, 30 Oct 2020 00:38:18 GMT",
        "Strict-Transport-Security": "max-age=2592000"
      },
      "ResponseBody": {
        "error": {
          "code": "DigitalTwinNotFound",
          "message": "There is no digital twin instance that exists with the ID floorTwin852220096. Please verify that the twin id is valid and ensure that the twin is not deleted. See section on querying the twins http://aka.ms/adtv2query."
        }
      }
    },
    {
      "RequestUri": "https://fakeHost.api.wus2.digitaltwins.azure.net/digitaltwins/roomTwin713296313?api-version=2020-10-31",
      "RequestMethod": "GET",
      "RequestHeaders": {
        "Accept": "application/json",
        "Authorization": "Sanitized",
        "User-Agent": [
          "azsdk-net-DigitalTwins.Core/1.0.0-alpha.20201029.1",
          "(.NET Core 4.6.29130.01; Microsoft Windows 10.0.17134 )"
        ],
        "x-ms-client-request-id": "eef9464c52fa2c5d330c00146c0a86b8",
        "x-ms-return-client-request-id": "true"
      },
      "RequestBody": null,
      "StatusCode": 404,
      "ResponseHeaders": {
        "Content-Length": "270",
        "Content-Type": "application/json; charset=utf-8",
        "Date": "Fri, 30 Oct 2020 00:38:18 GMT",
        "Strict-Transport-Security": "max-age=2592000"
      },
      "ResponseBody": {
        "error": {
          "code": "DigitalTwinNotFound",
          "message": "There is no digital twin instance that exists with the ID roomTwin713296313. Please verify that the twin id is valid and ensure that the twin is not deleted. See section on querying the twins http://aka.ms/adtv2query."
        }
      }
    },
    {
      "RequestUri": "https://fakeHost.api.wus2.digitaltwins.azure.net/digitaltwins/hvacTwin214020207?api-version=2020-10-31",
      "RequestMethod": "GET",
      "RequestHeaders": {
        "Accept": "application/json",
        "Authorization": "Sanitized",
        "User-Agent": [
          "azsdk-net-DigitalTwins.Core/1.0.0-alpha.20201029.1",
          "(.NET Core 4.6.29130.01; Microsoft Windows 10.0.17134 )"
        ],
        "x-ms-client-request-id": "6d5cc72f870db97825a05a8076b29a93",
        "x-ms-return-client-request-id": "true"
      },
      "RequestBody": null,
      "StatusCode": 404,
      "ResponseHeaders": {
        "Content-Length": "270",
        "Content-Type": "application/json; charset=utf-8",
        "Date": "Fri, 30 Oct 2020 00:38:18 GMT",
        "Strict-Transport-Security": "max-age=2592000"
      },
      "ResponseBody": {
        "error": {
          "code": "DigitalTwinNotFound",
          "message": "There is no digital twin instance that exists with the ID hvacTwin214020207. Please verify that the twin id is valid and ensure that the twin is not deleted. See section on querying the twins http://aka.ms/adtv2query."
        }
      }
    },
    {
      "RequestUri": "https://fakeHost.api.wus2.digitaltwins.azure.net/models?api-version=2020-10-31",
      "RequestMethod": "POST",
      "RequestHeaders": {
        "Accept": "application/json",
        "Authorization": "Sanitized",
        "Content-Length": "2310",
        "Content-Type": "application/json",
        "User-Agent": [
          "azsdk-net-DigitalTwins.Core/1.0.0-alpha.20201029.1",
          "(.NET Core 4.6.29130.01; Microsoft Windows 10.0.17134 )"
        ],
        "x-ms-client-request-id": "05ade8668bd1d95a24505155812d8cc3",
        "x-ms-return-client-request-id": "true"
      },
      "RequestBody": "[{    \u0022@id\u0022: \u0022dtmi:example:floor;11316969\u0022,    \u0022@type\u0022: \u0022Interface\u0022,    \u0022@context\u0022: \u0022dtmi:dtdl:context;2\u0022,    \u0022displayName\u0022: \u0022Floor\u0022,    \u0022description\u0022: \u0022A building story.\u0022,    \u0022contents\u0022: [        {            \u0022@type\u0022: \u0022Relationship\u0022,            \u0022name\u0022: \u0022contains\u0022,            \u0022target\u0022: \u0022dtmi:example:room;175745235\u0022,            \u0022properties\u0022: [                {                    \u0022@type\u0022: \u0022Property\u0022,                    \u0022name\u0022: \u0022isAccessRestricted\u0022,                    \u0022schema\u0022: \u0022boolean\u0022                }            ]        },        {            \u0022@type\u0022: \u0022Relationship\u0022,            \u0022name\u0022: \u0022cooledBy\u0022,            \u0022target\u0022: \u0022dtmi:example:hvac;113811109\u0022        },        {            \u0022@type\u0022: \u0022Property\u0022,            \u0022name\u0022: \u0022AverageTemperature\u0022,            \u0022schema\u0022: \u0022double\u0022        }    ]},{    \u0022@id\u0022: \u0022dtmi:example:room;175745235\u0022,    \u0022@type\u0022: \u0022Interface\u0022,    \u0022displayName\u0022: \u0022Room\u0022,    \u0022description\u0022: \u0022An enclosure inside a building.\u0022,    \u0022contents\u0022: [        {            \u0022@type\u0022: \u0022Relationship\u0022,            \u0022name\u0022: \u0022containedIn\u0022,            \u0022target\u0022: \u0022dtmi:example:floor;11316969\u0022        },        {            \u0022@type\u0022: \u0022Property\u0022,            \u0022name\u0022: \u0022Temperature\u0022,            \u0022schema\u0022: \u0022double\u0022        },        {            \u0022@type\u0022: \u0022Property\u0022,            \u0022name\u0022: \u0022Humidity\u0022,            \u0022schema\u0022: \u0022double\u0022        },        {            \u0022@type\u0022: \u0022Property\u0022,            \u0022name\u0022: \u0022IsOccupied\u0022,            \u0022schema\u0022: \u0022boolean\u0022        },        {            \u0022@type\u0022: \u0022Property\u0022,            \u0022name\u0022: \u0022EmployeeId\u0022,            \u0022schema\u0022: \u0022string\u0022        }    ],    \u0022@context\u0022: \u0022dtmi:dtdl:context;2\u0022},{    \u0022@id\u0022: \u0022dtmi:example:hvac;113811109\u0022,    \u0022@type\u0022: \u0022Interface\u0022,    \u0022displayName\u0022: \u0022HVAC\u0022,    \u0022description\u0022: \u0022A heating, ventilation, and air conditioning unit.\u0022,    \u0022contents\u0022: [        {            \u0022@type\u0022: \u0022Property\u0022,            \u0022name\u0022: \u0022Efficiency\u0022,            \u0022schema\u0022: \u0022double\u0022        },        {            \u0022@type\u0022: \u0022Property\u0022,            \u0022name\u0022: \u0022TargetTemperature\u0022,            \u0022schema\u0022: \u0022double\u0022        },        {            \u0022@type\u0022: \u0022Property\u0022,            \u0022name\u0022: \u0022TargetHumidity\u0022,            \u0022schema\u0022: \u0022double\u0022        },        {            \u0022@type\u0022: \u0022Relationship\u0022,            \u0022name\u0022: \u0022cools\u0022,            \u0022target\u0022: \u0022dtmi:example:floor;11316969\u0022        }    ],    \u0022@context\u0022: \u0022dtmi:dtdl:context;2\u0022}]",
      "StatusCode": 201,
      "ResponseHeaders": {
        "Content-Length": "583",
        "Content-Type": "application/json; charset=utf-8",
        "Date": "Fri, 30 Oct 2020 00:38:18 GMT",
        "Strict-Transport-Security": "max-age=2592000"
      },
      "ResponseBody": "[{\u0022id\u0022:\u0022dtmi:example:floor;11316969\u0022,\u0022description\u0022:{\u0022en\u0022:\u0022A building story.\u0022},\u0022displayName\u0022:{\u0022en\u0022:\u0022Floor\u0022},\u0022decommissioned\u0022:false,\u0022uploadTime\u0022:\u00222020-10-30T00:38:18.5428063\u002B00:00\u0022},{\u0022id\u0022:\u0022dtmi:example:room;175745235\u0022,\u0022description\u0022:{\u0022en\u0022:\u0022An enclosure inside a building.\u0022},\u0022displayName\u0022:{\u0022en\u0022:\u0022Room\u0022},\u0022decommissioned\u0022:false,\u0022uploadTime\u0022:\u00222020-10-30T00:38:18.5429889\u002B00:00\u0022},{\u0022id\u0022:\u0022dtmi:example:hvac;113811109\u0022,\u0022description\u0022:{\u0022en\u0022:\u0022A heating, ventilation, and air conditioning unit.\u0022},\u0022displayName\u0022:{\u0022en\u0022:\u0022HVAC\u0022},\u0022decommissioned\u0022:false,\u0022uploadTime\u0022:\u00222020-10-30T00:38:18.5431245\u002B00:00\u0022}]"
    },
    {
      "RequestUri": "https://fakeHost.api.wus2.digitaltwins.azure.net/digitaltwins/floorTwin852220096?api-version=2020-10-31",
      "RequestMethod": "PUT",
      "RequestHeaders": {
        "Accept": "application/json",
        "Authorization": "Sanitized",
        "Content-Length": "104",
        "Content-Type": "application/json",
        "User-Agent": [
          "azsdk-net-DigitalTwins.Core/1.0.0-alpha.20201029.1",
          "(.NET Core 4.6.29130.01; Microsoft Windows 10.0.17134 )"
        ],
        "x-ms-client-request-id": "0185acd44b9fbf3e8035d4b102abbd5a",
        "x-ms-return-client-request-id": "true"
      },
      "RequestBody": {
        "$dtId": null,
        "$etag": null,
        "$metadata": {
          "$model": "dtmi:example:floor;11316969"
        },
        "AverageTemperature": 75
      },
      "StatusCode": 200,
      "ResponseHeaders": {
        "Content-Length": "231",
        "Content-Type": "application/json; charset=utf-8",
        "Date": "Fri, 30 Oct 2020 00:38:18 GMT",
        "ETag": "W/\u0022c9f47dcf-41ab-43a0-b150-99e4fcd7cf41\u0022",
        "Strict-Transport-Security": "max-age=2592000"
      },
      "ResponseBody": {
        "$dtId": "floorTwin852220096",
        "$etag": "W/\u0022c9f47dcf-41ab-43a0-b150-99e4fcd7cf41\u0022",
        "AverageTemperature": 75,
        "$metadata": {
          "$model": "dtmi:example:floor;11316969",
          "AverageTemperature": {
            "lastUpdateTime": "2020-10-30T00:38:18.6087038Z"
          }
        }
      }
    },
    {
      "RequestUri": "https://fakeHost.api.wus2.digitaltwins.azure.net/digitaltwins/roomTwin713296313?api-version=2020-10-31",
      "RequestMethod": "PUT",
      "RequestHeaders": {
        "Accept": "application/json",
        "Authorization": "Sanitized",
        "Content-Length": "154",
        "Content-Type": "application/json",
        "User-Agent": [
          "azsdk-net-DigitalTwins.Core/1.0.0-alpha.20201029.1",
          "(.NET Core 4.6.29130.01; Microsoft Windows 10.0.17134 )"
        ],
        "x-ms-client-request-id": "21068065b2d9a39d6d8248bc352237f8",
        "x-ms-return-client-request-id": "true"
      },
      "RequestBody": {
        "$dtId": null,
        "$etag": null,
        "$metadata": {
          "$model": "dtmi:example:room;175745235"
        },
        "Temperature": 80,
        "Humidity": 25,
        "IsOccupied": true,
        "EmployeeId": "Employee1"
      },
      "StatusCode": 200,
      "ResponseHeaders": {
        "Content-Length": "460",
        "Content-Type": "application/json; charset=utf-8",
        "Date": "Fri, 30 Oct 2020 00:38:18 GMT",
        "ETag": "W/\u0022beddc945-bdff-4067-a604-3b6d49e20073\u0022",
        "Strict-Transport-Security": "max-age=2592000"
      },
      "ResponseBody": {
        "$dtId": "roomTwin713296313",
        "$etag": "W/\u0022beddc945-bdff-4067-a604-3b6d49e20073\u0022",
        "Temperature": 80,
        "Humidity": 25,
        "IsOccupied": true,
        "EmployeeId": "Employee1",
        "$metadata": {
          "$model": "dtmi:example:room;175745235",
          "Temperature": {
            "lastUpdateTime": "2020-10-30T00:38:18.6552225Z"
          },
          "Humidity": {
            "lastUpdateTime": "2020-10-30T00:38:18.6552225Z"
          },
          "IsOccupied": {
            "lastUpdateTime": "2020-10-30T00:38:18.6552225Z"
          },
          "EmployeeId": {
            "lastUpdateTime": "2020-10-30T00:38:18.6552225Z"
          }
        }
      }
    },
    {
      "RequestUri": "https://fakeHost.api.wus2.digitaltwins.azure.net/digitaltwins/hvacTwin214020207?api-version=2020-10-31",
      "RequestMethod": "PUT",
      "RequestHeaders": {
        "Accept": "application/json",
        "Authorization": "Sanitized",
        "Content-Length": "123",
        "Content-Type": "application/json",
        "User-Agent": [
          "azsdk-net-DigitalTwins.Core/1.0.0-alpha.20201029.1",
          "(.NET Core 4.6.29130.01; Microsoft Windows 10.0.17134 )"
        ],
        "x-ms-client-request-id": "c9ac9714992c1af4aaed849cb7a8d779",
        "x-ms-return-client-request-id": "true"
      },
      "RequestBody": {
        "$dtId": null,
        "$etag": null,
        "$metadata": {
          "$model": "dtmi:example:hvac;113811109"
        },
        "TargetTemperature": 80,
        "TargetHumidity": 25
      },
      "StatusCode": 200,
      "ResponseHeaders": {
        "Content-Length": "315",
        "Content-Type": "application/json; charset=utf-8",
        "Date": "Fri, 30 Oct 2020 00:38:18 GMT",
        "ETag": "W/\u0022541d1b3f-dc16-493d-8cfd-0033a5ecdea9\u0022",
        "Strict-Transport-Security": "max-age=2592000"
      },
      "ResponseBody": {
        "$dtId": "hvacTwin214020207",
        "$etag": "W/\u0022541d1b3f-dc16-493d-8cfd-0033a5ecdea9\u0022",
        "TargetTemperature": 80,
        "TargetHumidity": 25,
        "$metadata": {
          "$model": "dtmi:example:hvac;113811109",
          "TargetTemperature": {
            "lastUpdateTime": "2020-10-30T00:38:18.6970141Z"
          },
          "TargetHumidity": {
            "lastUpdateTime": "2020-10-30T00:38:18.6970141Z"
          }
        }
      }
    },
    {
      "RequestUri": "https://fakeHost.api.wus2.digitaltwins.azure.net/digitaltwins/floorTwin852220096/relationships/FloorToRoomRelationship?api-version=2020-10-31",
      "RequestMethod": "PUT",
      "RequestHeaders": {
        "Accept": "application/json",
        "Authorization": "Sanitized",
        "Content-Length": "143",
        "Content-Type": "application/json",
        "User-Agent": [
          "azsdk-net-DigitalTwins.Core/1.0.0-alpha.20201029.1",
          "(.NET Core 4.6.29130.01; Microsoft Windows 10.0.17134 )"
        ],
        "x-ms-client-request-id": "01eff7936a2722ea0fe2941c03818a5e",
        "x-ms-return-client-request-id": "true"
      },
      "RequestBody": {
        "$relationshipId": null,
        "$targetId": "roomTwin713296313",
        "$sourceId": null,
        "$relationshipName": "contains",
        "$etag": null,
        "isAccessRestricted": true
      },
      "StatusCode": 200,
      "ResponseHeaders": {
        "Content-Length": "220",
        "Content-Type": "application/json; charset=utf-8",
        "Date": "Fri, 30 Oct 2020 00:38:18 GMT",
        "ETag": "W/\u0022cac76257-e421-481d-a2fd-eb70868df2d8\u0022",
        "Strict-Transport-Security": "max-age=2592000"
      },
      "ResponseBody": {
        "$relationshipId": "FloorToRoomRelationship",
        "$etag": "W/\u0022cac76257-e421-481d-a2fd-eb70868df2d8\u0022",
        "$sourceId": "floorTwin852220096",
        "$relationshipName": "contains",
        "$targetId": "roomTwin713296313",
        "isAccessRestricted": true
      }
    },
    {
      "RequestUri": "https://fakeHost.api.wus2.digitaltwins.azure.net/digitaltwins/floorTwin852220096/relationships/FloorToRoomRelationship?api-version=2020-10-31",
      "RequestMethod": "PATCH",
      "RequestHeaders": {
        "Accept": "application/json",
        "Authorization": "Sanitized",
        "Content-Length": "61",
        "Content-Type": "application/json-patch\u002Bjson",
        "User-Agent": [
          "azsdk-net-DigitalTwins.Core/1.0.0-alpha.20201029.1",
          "(.NET Core 4.6.29130.01; Microsoft Windows 10.0.17134 )"
        ],
        "x-ms-client-request-id": "6b9ddbfdf4ffcc2d8ceb77eb2d00ebc4",
        "x-ms-return-client-request-id": "true"
      },
      "RequestBody": "[{\u0022op\u0022:\u0022replace\u0022,\u0022path\u0022:\u0022/isAccessRestricted\u0022,\u0022value\u0022:false}]",
      "StatusCode": 204,
      "ResponseHeaders": {
        "Content-Length": "0",
        "Date": "Fri, 30 Oct 2020 00:38:18 GMT",
        "ETag": "W/\u002287ee883e-c61b-493b-9789-a02b927a0100\u0022",
        "Strict-Transport-Security": "max-age=2592000"
      },
      "ResponseBody": []
    },
    {
      "RequestUri": "https://fakeHost.api.wus2.digitaltwins.azure.net/digitaltwins/floorTwin852220096/relationships/FloorToRoomRelationship?api-version=2020-10-31",
      "RequestMethod": "PATCH",
      "RequestHeaders": {
        "Accept": "application/json",
        "Authorization": "Sanitized",
        "Content-Length": "60",
        "Content-Type": "application/json-patch\u002Bjson",
        "If-Match": "W/\u0022cac76257-e421-481d-a2fd-eb70868df2d8\u0022",
        "User-Agent": [
          "azsdk-net-DigitalTwins.Core/1.0.0-alpha.20201029.1",
          "(.NET Core 4.6.29130.01; Microsoft Windows 10.0.17134 )"
        ],
        "x-ms-client-request-id": "3d29cfab3633a9d1ac8ab94905d71728",
        "x-ms-return-client-request-id": "true"
      },
      "RequestBody": "[{\u0022op\u0022:\u0022replace\u0022,\u0022path\u0022:\u0022/isAccessRestricted\u0022,\u0022value\u0022:true}]",
      "StatusCode": 412,
      "ResponseHeaders": {
        "Content-Length": "299",
        "Content-Type": "application/json; charset=utf-8",
        "Date": "Fri, 30 Oct 2020 00:38:18 GMT",
        "Strict-Transport-Security": "max-age=2592000"
      },
      "ResponseBody": {
        "error": {
          "code": "PreconditionFailed",
          "message": "The provided etag W/\u0022cac76257-e421-481d-a2fd-eb70868df2d8\u0022 doesn\u0027t match the current etag for the resource. Please obtain and provide the latest etag by getting the resource. See section on get apis in the documentation http://aka.ms/adtv2twins."
        }
      }
    },
    {
      "RequestUri": "https://fakeHost.api.wus2.digitaltwins.azure.net/digitaltwins/floorTwin852220096/relationships/FloorToRoomRelationship?api-version=2020-10-31",
      "RequestMethod": "DELETE",
      "RequestHeaders": {
        "Accept": "application/json",
        "Authorization": "Sanitized",
        "User-Agent": [
          "azsdk-net-DigitalTwins.Core/1.0.0-alpha.20201029.1",
          "(.NET Core 4.6.29130.01; Microsoft Windows 10.0.17134 )"
        ],
        "x-ms-client-request-id": "db9e26626c0a9e79c922743bf3fef40f",
        "x-ms-return-client-request-id": "true"
      },
      "RequestBody": null,
      "StatusCode": 204,
      "ResponseHeaders": {
        "Content-Length": "0",
        "Date": "Fri, 30 Oct 2020 00:38:18 GMT",
        "Strict-Transport-Security": "max-age=2592000"
      },
      "ResponseBody": []
    },
    {
      "RequestUri": "https://fakeHost.api.wus2.digitaltwins.azure.net/digitaltwins/floorTwin852220096?api-version=2020-10-31",
      "RequestMethod": "DELETE",
      "RequestHeaders": {
        "Accept": "application/json",
        "Authorization": "Sanitized",
        "User-Agent": [
          "azsdk-net-DigitalTwins.Core/1.0.0-alpha.20201029.1",
          "(.NET Core 4.6.29130.01; Microsoft Windows 10.0.17134 )"
        ],
        "x-ms-client-request-id": "3371cff74d58c72a0af3be743be4c7b4",
        "x-ms-return-client-request-id": "true"
      },
      "RequestBody": null,
      "StatusCode": 204,
      "ResponseHeaders": {
        "Content-Length": "0",
        "Date": "Fri, 30 Oct 2020 00:38:18 GMT",
        "Strict-Transport-Security": "max-age=2592000"
      },
      "ResponseBody": []
    },
    {
      "RequestUri": "https://fakeHost.api.wus2.digitaltwins.azure.net/digitaltwins/roomTwin713296313?api-version=2020-10-31",
      "RequestMethod": "DELETE",
      "RequestHeaders": {
        "Accept": "application/json",
        "Authorization": "Sanitized",
        "User-Agent": [
          "azsdk-net-DigitalTwins.Core/1.0.0-alpha.20201029.1",
          "(.NET Core 4.6.29130.01; Microsoft Windows 10.0.17134 )"
        ],
        "x-ms-client-request-id": "06884ed410613fb9558a7310c195b6ad",
        "x-ms-return-client-request-id": "true"
      },
      "RequestBody": null,
      "StatusCode": 204,
      "ResponseHeaders": {
        "Content-Length": "0",
        "Date": "Fri, 30 Oct 2020 00:38:18 GMT",
        "Strict-Transport-Security": "max-age=2592000"
      },
      "ResponseBody": []
    },
    {
      "RequestUri": "https://fakeHost.api.wus2.digitaltwins.azure.net/digitaltwins/hvacTwin214020207?api-version=2020-10-31",
      "RequestMethod": "DELETE",
      "RequestHeaders": {
        "Accept": "application/json",
        "Authorization": "Sanitized",
        "User-Agent": [
          "azsdk-net-DigitalTwins.Core/1.0.0-alpha.20201029.1",
          "(.NET Core 4.6.29130.01; Microsoft Windows 10.0.17134 )"
        ],
        "x-ms-client-request-id": "3552a995e36615cffcd6d017ad0463e5",
        "x-ms-return-client-request-id": "true"
      },
      "RequestBody": null,
      "StatusCode": 204,
      "ResponseHeaders": {
        "Content-Length": "0",
        "Date": "Fri, 30 Oct 2020 00:38:18 GMT",
        "Strict-Transport-Security": "max-age=2592000"
      },
      "ResponseBody": []
    },
    {
      "RequestUri": "https://fakeHost.api.wus2.digitaltwins.azure.net/models/dtmi%3Aexample%3Ahvac%3B113811109?api-version=2020-10-31",
      "RequestMethod": "DELETE",
      "RequestHeaders": {
        "Accept": "application/json",
        "Authorization": "Sanitized",
        "User-Agent": [
          "azsdk-net-DigitalTwins.Core/1.0.0-alpha.20201029.1",
          "(.NET Core 4.6.29130.01; Microsoft Windows 10.0.17134 )"
        ],
        "x-ms-client-request-id": "a466c05bee76e7ad1532ddcdd91a0674",
        "x-ms-return-client-request-id": "true"
      },
      "RequestBody": null,
      "StatusCode": 204,
      "ResponseHeaders": {
        "Content-Length": "0",
        "Date": "Fri, 30 Oct 2020 00:38:18 GMT",
        "Strict-Transport-Security": "max-age=2592000"
      },
      "ResponseBody": []
    },
    {
      "RequestUri": "https://fakeHost.api.wus2.digitaltwins.azure.net/models/dtmi%3Aexample%3Afloor%3B11316969?api-version=2020-10-31",
      "RequestMethod": "DELETE",
      "RequestHeaders": {
        "Accept": "application/json",
        "Authorization": "Sanitized",
        "User-Agent": [
          "azsdk-net-DigitalTwins.Core/1.0.0-alpha.20201029.1",
          "(.NET Core 4.6.29130.01; Microsoft Windows 10.0.17134 )"
        ],
        "x-ms-client-request-id": "91df103d9191f14d7f730a8a3fa29151",
        "x-ms-return-client-request-id": "true"
      },
      "RequestBody": null,
      "StatusCode": 204,
      "ResponseHeaders": {
        "Content-Length": "0",
        "Date": "Fri, 30 Oct 2020 00:38:18 GMT",
        "Strict-Transport-Security": "max-age=2592000"
      },
      "ResponseBody": []
    },
    {
      "RequestUri": "https://fakeHost.api.wus2.digitaltwins.azure.net/models/dtmi%3Aexample%3Aroom%3B175745235?api-version=2020-10-31",
      "RequestMethod": "DELETE",
      "RequestHeaders": {
        "Accept": "application/json",
        "Authorization": "Sanitized",
        "User-Agent": [
          "azsdk-net-DigitalTwins.Core/1.0.0-alpha.20201029.1",
          "(.NET Core 4.6.29130.01; Microsoft Windows 10.0.17134 )"
        ],
        "x-ms-client-request-id": "01b48e27122fa737fc6b203406023be1",
        "x-ms-return-client-request-id": "true"
      },
      "RequestBody": null,
      "StatusCode": 204,
      "ResponseHeaders": {
        "Content-Length": "0",
        "Date": "Fri, 30 Oct 2020 00:38:19 GMT",
        "Strict-Transport-Security": "max-age=2592000"
      },
      "ResponseBody": []
    }
  ],
  "Variables": {
    "DIGITALTWINS_URL": "https://fakeHost.api.wus2.digitaltwins.azure.net",
    "RandomSeed": "1460597123"
  }
}