{
  "Entries": [
    {
      "RequestUri": "https://fakeHost.api.wus2.digitaltwins.azure.net/models/dtmi%3Aexample%3Afloor%3B12904852?includeModelDefinition=true\u0026api-version=2020-10-31",
      "RequestMethod": "GET",
      "RequestHeaders": {
        "Accept": "application/json",
        "Authorization": "Sanitized",
        "User-Agent": "azsdk-net-DigitalTwins.Core/1.1.0-alpha.20201103.1 (.NET Framework 4.8.4250.0; Microsoft Windows 10.0.19042 )",
        "x-ms-client-request-id": "6419e62d960b95e549641649ee09c075",
        "x-ms-return-client-request-id": "true"
      },
      "RequestBody": null,
      "StatusCode": 404,
      "ResponseHeaders": {
        "Content-Length": "212",
        "Content-Type": "application/json; charset=utf-8",
        "Date": "Tue, 03 Nov 2020 23:54:31 GMT",
        "Strict-Transport-Security": "max-age=2592000"
      },
      "ResponseBody": {
        "error": {
          "code": "ModelNotFound",
          "message": "There is no Model(s) available that matches the provided id(s) dtmi:example:floor;12904852. Check that the Model ID provided is valid by doing a Model_List API call."
        }
      }
    },
    {
      "RequestUri": "https://fakeHost.api.wus2.digitaltwins.azure.net/models/dtmi%3Aexample%3Aroom%3B114513986?includeModelDefinition=true\u0026api-version=2020-10-31",
      "RequestMethod": "GET",
      "RequestHeaders": {
        "Accept": "application/json",
        "Authorization": "Sanitized",
        "User-Agent": "azsdk-net-DigitalTwins.Core/1.1.0-alpha.20201103.1 (.NET Framework 4.8.4250.0; Microsoft Windows 10.0.19042 )",
        "x-ms-client-request-id": "b71bc91730aff0007fa6612cb25b930a",
        "x-ms-return-client-request-id": "true"
      },
      "RequestBody": null,
      "StatusCode": 404,
      "ResponseHeaders": {
        "Content-Length": "212",
        "Content-Type": "application/json; charset=utf-8",
        "Date": "Tue, 03 Nov 2020 23:54:31 GMT",
        "Strict-Transport-Security": "max-age=2592000"
      },
      "ResponseBody": {
        "error": {
          "code": "ModelNotFound",
          "message": "There is no Model(s) available that matches the provided id(s) dtmi:example:room;114513986. Check that the Model ID provided is valid by doing a Model_List API call."
        }
      }
    },
    {
      "RequestUri": "https://fakeHost.api.wus2.digitaltwins.azure.net/digitaltwins/dtmi%3Aexample%3Ahvac%3B113394842?api-version=2020-10-31",
      "RequestMethod": "GET",
      "RequestHeaders": {
        "Accept": "application/json",
        "Authorization": "Sanitized",
        "User-Agent": "azsdk-net-DigitalTwins.Core/1.1.0-alpha.20201103.1 (.NET Framework 4.8.4250.0; Microsoft Windows 10.0.19042 )",
        "x-ms-client-request-id": "c9f904ea88a8c46c6896ab430541cdc0",
        "x-ms-return-client-request-id": "true"
      },
      "RequestBody": null,
      "StatusCode": 404,
      "ResponseHeaders": {
        "Content-Length": "280",
        "Content-Type": "application/json; charset=utf-8",
        "Date": "Tue, 03 Nov 2020 23:54:31 GMT",
        "Strict-Transport-Security": "max-age=2592000"
      },
      "ResponseBody": {
        "error": {
          "code": "DigitalTwinNotFound",
          "message": "There is no digital twin instance that exists with the ID dtmi:example:hvac;113394842. Please verify that the twin id is valid and ensure that the twin is not deleted. See section on querying the twins http://aka.ms/adtv2query."
        }
      }
    },
    {
      "RequestUri": "https://fakeHost.api.wus2.digitaltwins.azure.net/digitaltwins/floorTwin1355639973?api-version=2020-10-31",
      "RequestMethod": "GET",
      "RequestHeaders": {
        "Accept": "application/json",
        "Authorization": "Sanitized",
        "User-Agent": "azsdk-net-DigitalTwins.Core/1.1.0-alpha.20201103.1 (.NET Framework 4.8.4250.0; Microsoft Windows 10.0.19042 )",
        "x-ms-client-request-id": "2b11f79cb57e74188cf083689708833e",
        "x-ms-return-client-request-id": "true"
      },
      "RequestBody": null,
      "StatusCode": 404,
      "ResponseHeaders": {
        "Content-Length": "272",
        "Content-Type": "application/json; charset=utf-8",
        "Date": "Tue, 03 Nov 2020 23:54:31 GMT",
        "Strict-Transport-Security": "max-age=2592000"
      },
      "ResponseBody": {
        "error": {
          "code": "DigitalTwinNotFound",
          "message": "There is no digital twin instance that exists with the ID floorTwin1355639973. Please verify that the twin id is valid and ensure that the twin is not deleted. See section on querying the twins http://aka.ms/adtv2query."
        }
      }
    },
    {
      "RequestUri": "https://fakeHost.api.wus2.digitaltwins.azure.net/digitaltwins/roomTwin2002815648?api-version=2020-10-31",
      "RequestMethod": "GET",
      "RequestHeaders": {
        "Accept": "application/json",
        "Authorization": "Sanitized",
        "User-Agent": "azsdk-net-DigitalTwins.Core/1.1.0-alpha.20201103.1 (.NET Framework 4.8.4250.0; Microsoft Windows 10.0.19042 )",
        "x-ms-client-request-id": "287bbb1e406ff3af479a55ad7964936b",
        "x-ms-return-client-request-id": "true"
      },
      "RequestBody": null,
      "StatusCode": 404,
      "ResponseHeaders": {
        "Content-Length": "271",
        "Content-Type": "application/json; charset=utf-8",
        "Date": "Tue, 03 Nov 2020 23:54:31 GMT",
        "Strict-Transport-Security": "max-age=2592000"
      },
      "ResponseBody": {
        "error": {
          "code": "DigitalTwinNotFound",
          "message": "There is no digital twin instance that exists with the ID roomTwin2002815648. Please verify that the twin id is valid and ensure that the twin is not deleted. See section on querying the twins http://aka.ms/adtv2query."
        }
      }
    },
    {
      "RequestUri": "https://fakeHost.api.wus2.digitaltwins.azure.net/digitaltwins/hvacTwin1811962380?api-version=2020-10-31",
      "RequestMethod": "GET",
      "RequestHeaders": {
        "Accept": "application/json",
        "Authorization": "Sanitized",
        "User-Agent": "azsdk-net-DigitalTwins.Core/1.1.0-alpha.20201103.1 (.NET Framework 4.8.4250.0; Microsoft Windows 10.0.19042 )",
        "x-ms-client-request-id": "21f89bbf4e6c55e11c98e85bd18e2804",
        "x-ms-return-client-request-id": "true"
      },
      "RequestBody": null,
      "StatusCode": 404,
      "ResponseHeaders": {
        "Content-Length": "271",
        "Content-Type": "application/json; charset=utf-8",
        "Date": "Tue, 03 Nov 2020 23:54:31 GMT",
        "Strict-Transport-Security": "max-age=2592000"
      },
      "ResponseBody": {
        "error": {
          "code": "DigitalTwinNotFound",
          "message": "There is no digital twin instance that exists with the ID hvacTwin1811962380. Please verify that the twin id is valid and ensure that the twin is not deleted. See section on querying the twins http://aka.ms/adtv2query."
        }
      }
    },
    {
      "RequestUri": "https://fakeHost.api.wus2.digitaltwins.azure.net/models?api-version=2020-10-31",
      "RequestMethod": "POST",
      "RequestHeaders": {
        "Accept": "application/json",
        "Authorization": "Sanitized",
        "Content-Length": "2310",
        "Content-Type": "application/json",
        "User-Agent": "azsdk-net-DigitalTwins.Core/1.1.0-alpha.20201103.1 (.NET Framework 4.8.4250.0; Microsoft Windows 10.0.19042 )",
        "x-ms-client-request-id": "451222642c7c62b638371bc2c6128bef",
        "x-ms-return-client-request-id": "true"
      },
      "RequestBody": "[{    \u0022@id\u0022: \u0022dtmi:example:floor;12904852\u0022,    \u0022@type\u0022: \u0022Interface\u0022,    \u0022@context\u0022: \u0022dtmi:dtdl:context;2\u0022,    \u0022displayName\u0022: \u0022Floor\u0022,    \u0022description\u0022: \u0022A building story.\u0022,    \u0022contents\u0022: [        {            \u0022@type\u0022: \u0022Relationship\u0022,            \u0022name\u0022: \u0022contains\u0022,            \u0022target\u0022: \u0022dtmi:example:room;114513986\u0022,            \u0022properties\u0022: [                {                    \u0022@type\u0022: \u0022Property\u0022,                    \u0022name\u0022: \u0022isAccessRestricted\u0022,                    \u0022schema\u0022: \u0022boolean\u0022                }            ]        },        {            \u0022@type\u0022: \u0022Relationship\u0022,            \u0022name\u0022: \u0022cooledBy\u0022,            \u0022target\u0022: \u0022dtmi:example:hvac;113394842\u0022        },        {            \u0022@type\u0022: \u0022Property\u0022,            \u0022name\u0022: \u0022AverageTemperature\u0022,            \u0022schema\u0022: \u0022double\u0022        }    ]},{    \u0022@id\u0022: \u0022dtmi:example:room;114513986\u0022,    \u0022@type\u0022: \u0022Interface\u0022,    \u0022displayName\u0022: \u0022Room\u0022,    \u0022description\u0022: \u0022An enclosure inside a building.\u0022,    \u0022contents\u0022: [        {            \u0022@type\u0022: \u0022Relationship\u0022,            \u0022name\u0022: \u0022containedIn\u0022,            \u0022target\u0022: \u0022dtmi:example:floor;12904852\u0022        },        {            \u0022@type\u0022: \u0022Property\u0022,            \u0022name\u0022: \u0022Temperature\u0022,            \u0022schema\u0022: \u0022double\u0022        },        {            \u0022@type\u0022: \u0022Property\u0022,            \u0022name\u0022: \u0022Humidity\u0022,            \u0022schema\u0022: \u0022double\u0022        },        {            \u0022@type\u0022: \u0022Property\u0022,            \u0022name\u0022: \u0022IsOccupied\u0022,            \u0022schema\u0022: \u0022boolean\u0022        },        {            \u0022@type\u0022: \u0022Property\u0022,            \u0022name\u0022: \u0022EmployeeId\u0022,            \u0022schema\u0022: \u0022string\u0022        }    ],    \u0022@context\u0022: \u0022dtmi:dtdl:context;2\u0022},{    \u0022@id\u0022: \u0022dtmi:example:hvac;113394842\u0022,    \u0022@type\u0022: \u0022Interface\u0022,    \u0022displayName\u0022: \u0022HVAC\u0022,    \u0022description\u0022: \u0022A heating, ventilation, and air conditioning unit.\u0022,    \u0022contents\u0022: [        {            \u0022@type\u0022: \u0022Property\u0022,            \u0022name\u0022: \u0022Efficiency\u0022,            \u0022schema\u0022: \u0022double\u0022        },        {            \u0022@type\u0022: \u0022Property\u0022,            \u0022name\u0022: \u0022TargetTemperature\u0022,            \u0022schema\u0022: \u0022double\u0022        },        {            \u0022@type\u0022: \u0022Property\u0022,            \u0022name\u0022: \u0022TargetHumidity\u0022,            \u0022schema\u0022: \u0022double\u0022        },        {            \u0022@type\u0022: \u0022Relationship\u0022,            \u0022name\u0022: \u0022cools\u0022,            \u0022target\u0022: \u0022dtmi:example:floor;12904852\u0022        }    ],    \u0022@context\u0022: \u0022dtmi:dtdl:context;2\u0022}]",
      "StatusCode": 201,
      "ResponseHeaders": {
        "Content-Length": "582",
        "Content-Type": "application/json; charset=utf-8",
        "Date": "Tue, 03 Nov 2020 23:54:31 GMT",
        "Strict-Transport-Security": "max-age=2592000"
      },
      "ResponseBody": "[{\u0022id\u0022:\u0022dtmi:example:floor;12904852\u0022,\u0022description\u0022:{\u0022en\u0022:\u0022A building story.\u0022},\u0022displayName\u0022:{\u0022en\u0022:\u0022Floor\u0022},\u0022decommissioned\u0022:false,\u0022uploadTime\u0022:\u00222020-11-03T23:54:32.5288585\u002B00:00\u0022},{\u0022id\u0022:\u0022dtmi:example:room;114513986\u0022,\u0022description\u0022:{\u0022en\u0022:\u0022An enclosure inside a building.\u0022},\u0022displayName\u0022:{\u0022en\u0022:\u0022Room\u0022},\u0022decommissioned\u0022:false,\u0022uploadTime\u0022:\u00222020-11-03T23:54:32.5289921\u002B00:00\u0022},{\u0022id\u0022:\u0022dtmi:example:hvac;113394842\u0022,\u0022description\u0022:{\u0022en\u0022:\u0022A heating, ventilation, and air conditioning unit.\u0022},\u0022displayName\u0022:{\u0022en\u0022:\u0022HVAC\u0022},\u0022decommissioned\u0022:false,\u0022uploadTime\u0022:\u00222020-11-03T23:54:32.529104\u002B00:00\u0022}]"
    },
    {
      "RequestUri": "https://fakeHost.api.wus2.digitaltwins.azure.net/models?api-version=2020-10-31",
      "RequestMethod": "GET",
      "RequestHeaders": {
        "Accept": "application/json",
        "Authorization": "Sanitized",
        "User-Agent": "azsdk-net-DigitalTwins.Core/1.1.0-alpha.20201103.1 (.NET Framework 4.8.4250.0; Microsoft Windows 10.0.19042 )",
        "x-ms-client-request-id": "e7488afd7e466db29ad253a8c797750c",
        "x-ms-return-client-request-id": "true"
      },
      "RequestBody": null,
      "StatusCode": 200,
      "ResponseHeaders": {
        "Content-Length": "18702",
        "Content-Type": "application/json; charset=utf-8",
        "Date": "Tue, 03 Nov 2020 23:54:31 GMT",
        "Strict-Transport-Security": "max-age=2592000"
      },
      "ResponseBody": {
        "value": [
          {
            "id": "dtmi:example:Ward;120766759",
            "description": {
              "en": "A separate partition in a building, made of rooms and hallways."
            },
            "displayName": {
              "en": "Ward"
            },
            "decommissioned": false,
            "uploadTime": "2020-11-02T23:30:14.1833823\u002B00:00"
          },
          {
            "id": "dtmi:example:Ward;149320663",
            "description": {
              "en": "A separate partition in a building, made of rooms and hallways."
            },
            "displayName": {
              "en": "Ward"
            },
            "decommissioned": false,
            "uploadTime": "2020-11-02T23:30:14.2288262\u002B00:00"
          },
          {
            "id": "dtmi:example:room;110605346",
            "description": {
              "en": "An enclosure inside a building."
            },
            "displayName": {
              "en": "Room"
            },
            "decommissioned": false,
            "uploadTime": "2020-11-02T23:30:14.258186\u002B00:00"
          },
          {
            "id": "dtmi:example:room;111185878",
            "description": {
              "en": "An enclosure inside a building."
            },
            "displayName": {
              "en": "Room"
            },
            "decommissioned": false,
            "uploadTime": "2020-11-02T23:30:14.3697601\u002B00:00"
          },
          {
            "id": "dtmi:example:Ward;120270384",
            "description": {
              "en": "A separate partition in a building, made of rooms and hallways."
            },
            "displayName": {
              "en": "Ward"
            },
            "decommissioned": false,
            "uploadTime": "2020-11-02T23:30:15.0126535\u002B00:00"
          },
          {
            "id": "dtmi:example:Ward;117377520",
            "description": {
              "en": "A separate partition in a building, made of rooms and hallways."
            },
            "displayName": {
              "en": "Ward"
            },
            "decommissioned": false,
            "uploadTime": "2020-11-02T23:30:15.0390221\u002B00:00"
          },
          {
            "id": "dtmi:example:wifiroom;12014",
            "description": {},
            "displayName": {
              "en": "RoomWithWifi"
            },
            "decommissioned": false,
            "uploadTime": "2020-11-02T23:30:15.4326691\u002B00:00"
          },
          {
            "id": "dtmi:example:wifi;112002049",
            "description": {},
            "displayName": {
              "en": "Wifi"
            },
            "decommissioned": false,
            "uploadTime": "2020-11-02T23:30:15.4327923\u002B00:00"
          },
          {
            "id": "dtmi:example:wifiroom;19020",
            "description": {},
            "displayName": {
              "en": "RoomWithWifi"
            },
            "decommissioned": false,
            "uploadTime": "2020-11-02T23:30:15.8905889\u002B00:00"
          },
          {
            "id": "dtmi:example:wifi;191543175",
            "description": {},
            "displayName": {
              "en": "Wifi"
            },
            "decommissioned": false,
            "uploadTime": "2020-11-02T23:30:15.8907644\u002B00:00"
          },
          {
            "id": "dtmi:example:Ward;114545091",
            "description": {
              "en": "A separate partition in a building, made of rooms and hallways."
            },
            "displayName": {
              "en": "Ward"
            },
            "decommissioned": false,
            "uploadTime": "2020-11-02T23:33:22.4660877\u002B00:00"
          },
          {
            "id": "dtmi:example:Ward;122183664",
            "description": {
              "en": "A separate partition in a building, made of rooms and hallways."
            },
            "displayName": {
              "en": "Ward"
            },
            "decommissioned": false,
            "uploadTime": "2020-11-02T23:33:22.4742372\u002B00:00"
          },
          {
            "id": "dtmi:example:room;121023000",
            "description": {
              "en": "An enclosure inside a building."
            },
            "displayName": {
              "en": "Room"
            },
            "decommissioned": false,
            "uploadTime": "2020-11-02T23:33:22.5023631\u002B00:00"
          },
          {
            "id": "dtmi:example:room;120411326",
            "description": {
              "en": "An enclosure inside a building."
            },
            "displayName": {
              "en": "Room"
            },
            "decommissioned": false,
            "uploadTime": "2020-11-02T23:33:22.5184313\u002B00:00"
          },
          {
            "id": "dtmi:example:Ward;158795251",
            "description": {
              "en": "A separate partition in a building, made of rooms and hallways."
            },
            "displayName": {
              "en": "Ward"
            },
            "decommissioned": false,
            "uploadTime": "2020-11-02T23:33:23.1770293\u002B00:00"
          },
          {
            "id": "dtmi:example:Ward;114852619",
            "description": {
              "en": "A separate partition in a building, made of rooms and hallways."
            },
            "displayName": {
              "en": "Ward"
            },
            "decommissioned": false,
            "uploadTime": "2020-11-02T23:33:23.2066359\u002B00:00"
          },
          {
            "id": "dtmi:example:wifiroom;16663",
            "description": {},
            "displayName": {
              "en": "RoomWithWifi"
            },
            "decommissioned": false,
            "uploadTime": "2020-11-02T23:33:36.4212148\u002B00:00"
          },
          {
            "id": "dtmi:example:wifi;118448800",
            "description": {},
            "displayName": {
              "en": "Wifi"
            },
            "decommissioned": false,
            "uploadTime": "2020-11-02T23:33:36.4213354\u002B00:00"
          },
          {
            "id": "dtmi:example:Ward;112875503",
            "description": {
              "en": "A separate partition in a building, made of rooms and hallways."
            },
            "displayName": {
              "en": "Ward"
            },
            "decommissioned": false,
            "uploadTime": "2020-11-02T23:33:58.4058158\u002B00:00"
          },
          {
            "id": "dtmi:example:Ward;127660614",
            "description": {
              "en": "A separate partition in a building, made of rooms and hallways."
            },
            "displayName": {
              "en": "Ward"
            },
            "decommissioned": false,
            "uploadTime": "2020-11-02T23:33:58.4072385\u002B00:00"
          },
          {
            "id": "dtmi:example:room;119516148",
            "description": {
              "en": "An enclosure inside a building."
            },
            "displayName": {
              "en": "Room"
            },
            "decommissioned": false,
            "uploadTime": "2020-11-02T23:33:58.4837681\u002B00:00"
          },
          {
            "id": "dtmi:example:room;168042030",
            "description": {
              "en": "An enclosure inside a building."
            },
            "displayName": {
              "en": "Room"
            },
            "decommissioned": false,
            "uploadTime": "2020-11-02T23:33:58.4743211\u002B00:00"
          },
          {
            "id": "dtmi:example:Ward;111319901",
            "description": {
              "en": "A separate partition in a building, made of rooms and hallways."
            },
            "displayName": {
              "en": "Ward"
            },
            "decommissioned": false,
            "uploadTime": "2020-11-02T23:34:03.0726955\u002B00:00"
          },
          {
            "id": "dtmi:example:Ward;111525571",
            "description": {
              "en": "A separate partition in a building, made of rooms and hallways."
            },
            "displayName": {
              "en": "Ward"
            },
            "decommissioned": false,
            "uploadTime": "2020-11-02T23:34:03.1550313\u002B00:00"
          },
          {
            "id": "dtmi:example:Ward;152074844",
            "description": {
              "en": "A separate partition in a building, made of rooms and hallways."
            },
            "displayName": {
              "en": "Ward"
            },
            "decommissioned": false,
            "uploadTime": "2020-11-02T23:36:48.4029207\u002B00:00"
          },
          {
            "id": "dtmi:example:room;117912480",
            "description": {
              "en": "An enclosure inside a building."
            },
            "displayName": {
              "en": "Room"
            },
            "decommissioned": false,
            "uploadTime": "2020-11-02T23:36:48.4215127\u002B00:00"
          },
          {
            "id": "dtmi:example:Ward;116534673",
            "description": {
              "en": "A separate partition in a building, made of rooms and hallways."
            },
            "displayName": {
              "en": "Ward"
            },
            "decommissioned": false,
            "uploadTime": "2020-11-02T23:36:48.4252661\u002B00:00"
          },
          {
            "id": "dtmi:example:room;110549824",
            "description": {
              "en": "An enclosure inside a building."
            },
            "displayName": {
              "en": "Room"
            },
            "decommissioned": false,
            "uploadTime": "2020-11-02T23:36:48.4304055\u002B00:00"
          },
          {
            "id": "dtmi:example:Ward;117005770",
            "description": {
              "en": "A separate partition in a building, made of rooms and hallways."
            },
            "displayName": {
              "en": "Ward"
            },
            "decommissioned": false,
            "uploadTime": "2020-11-02T23:36:49.0290409\u002B00:00"
          },
          {
            "id": "dtmi:example:Ward;193342303",
            "description": {
              "en": "A separate partition in a building, made of rooms and hallways."
            },
            "displayName": {
              "en": "Ward"
            },
            "decommissioned": false,
            "uploadTime": "2020-11-02T23:36:49.0410696\u002B00:00"
          },
          {
            "id": "dtmi:example:wifiroom;11312",
            "description": {},
            "displayName": {
              "en": "RoomWithWifi"
            },
            "decommissioned": false,
            "uploadTime": "2020-11-02T23:36:49.2201171\u002B00:00"
          },
          {
            "id": "dtmi:example:wifi;115499689",
            "description": {},
            "displayName": {
              "en": "Wifi"
            },
            "decommissioned": false,
            "uploadTime": "2020-11-02T23:36:49.2202427\u002B00:00"
          },
          {
            "id": "dtmi:example:Ward;199117351",
            "description": {
              "en": "A separate partition in a building, made of rooms and hallways."
            },
            "displayName": {
              "en": "Ward"
            },
            "decommissioned": false,
            "uploadTime": "2020-11-03T21:44:55.755901\u002B00:00"
          },
          {
            "id": "dtmi:example:Ward;118130059",
            "description": {
              "en": "A separate partition in a building, made of rooms and hallways."
            },
            "displayName": {
              "en": "Ward"
            },
            "decommissioned": false,
            "uploadTime": "2020-11-03T21:44:55.9903815\u002B00:00"
          },
          {
            "id": "dtmi:example:room;114279865",
            "description": {
              "en": "An enclosure inside a building."
            },
            "displayName": {
              "en": "Room"
            },
            "decommissioned": false,
            "uploadTime": "2020-11-03T21:44:56.0019144\u002B00:00"
          },
          {
            "id": "dtmi:example:room;142882955",
            "description": {
              "en": "An enclosure inside a building."
            },
            "displayName": {
              "en": "Room"
            },
            "decommissioned": false,
            "uploadTime": "2020-11-03T21:44:56.0344087\u002B00:00"
          },
          {
            "id": "dtmi:example:Ward;112304324",
            "description": {
              "en": "A separate partition in a building, made of rooms and hallways."
            },
            "displayName": {
              "en": "Ward"
            },
            "decommissioned": false,
            "uploadTime": "2020-11-03T21:44:56.6793729\u002B00:00"
          },
          {
            "id": "dtmi:example:Ward;127899715",
            "description": {
              "en": "A separate partition in a building, made of rooms and hallways."
            },
            "displayName": {
              "en": "Ward"
            },
            "decommissioned": false,
            "uploadTime": "2020-11-03T21:44:56.8349567\u002B00:00"
          },
          {
            "id": "dtmi:example:room;150719076",
            "description": {
              "en": "An enclosure inside a building."
            },
            "displayName": {
              "en": "Room"
            },
            "decommissioned": false,
            "uploadTime": "2020-11-03T21:57:06.3415177\u002B00:00"
          },
          {
            "id": "dtmi:example:room;116988063",
            "description": {
              "en": "An enclosure inside a building."
            },
            "displayName": {
              "en": "Room"
            },
            "decommissioned": false,
            "uploadTime": "2020-11-03T21:57:06.3424815\u002B00:00"
          },
          {
            "id": "dtmi:example:Ward;195185450",
            "description": {
              "en": "A separate partition in a building, made of rooms and hallways."
            },
            "displayName": {
              "en": "Ward"
            },
            "decommissioned": false,
            "uploadTime": "2020-11-03T21:57:06.431755\u002B00:00"
          },
          {
            "id": "dtmi:example:Ward;122125874",
            "description": {
              "en": "A separate partition in a building, made of rooms and hallways."
            },
            "displayName": {
              "en": "Ward"
            },
            "decommissioned": false,
            "uploadTime": "2020-11-03T21:57:06.5499674\u002B00:00"
          },
          {
            "id": "dtmi:example:Ward;113948011",
            "description": {
              "en": "A separate partition in a building, made of rooms and hallways."
            },
            "displayName": {
              "en": "Ward"
            },
            "decommissioned": false,
            "uploadTime": "2020-11-03T21:57:07.1669356\u002B00:00"
          },
          {
            "id": "dtmi:example:Ward;120731826",
            "description": {
              "en": "A separate partition in a building, made of rooms and hallways."
            },
            "displayName": {
              "en": "Ward"
            },
            "decommissioned": false,
            "uploadTime": "2020-11-03T21:57:07.4085009\u002B00:00"
          },
          {
            "id": "dtmi:example:Ward;158040063",
            "description": {
              "en": "A separate partition in a building, made of rooms and hallways."
            },
            "displayName": {
              "en": "Ward"
            },
            "decommissioned": false,
            "uploadTime": "2020-11-03T22:18:30.2359714\u002B00:00"
          },
          {
            "id": "dtmi:example:Ward;113302228",
            "description": {
              "en": "A separate partition in a building, made of rooms and hallways."
            },
            "displayName": {
              "en": "Ward"
            },
            "decommissioned": false,
            "uploadTime": "2020-11-03T22:18:30.262791\u002B00:00"
          },
          {
            "id": "dtmi:example:room;147515709",
            "description": {
              "en": "An enclosure inside a building."
            },
            "displayName": {
              "en": "Room"
            },
            "decommissioned": false,
            "uploadTime": "2020-11-03T22:18:30.3443962\u002B00:00"
          },
          {
            "id": "dtmi:example:room;117234912",
            "description": {
              "en": "An enclosure inside a building."
            },
            "displayName": {
              "en": "Room"
            },
            "decommissioned": false,
            "uploadTime": "2020-11-03T22:18:30.3930489\u002B00:00"
          },
          {
            "id": "dtmi:example:Ward;113345508",
            "description": {
              "en": "A separate partition in a building, made of rooms and hallways."
            },
            "displayName": {
              "en": "Ward"
            },
            "decommissioned": false,
            "uploadTime": "2020-11-03T22:18:31.1576217\u002B00:00"
          },
          {
            "id": "dtmi:example:Ward;169808402",
            "description": {
              "en": "A separate partition in a building, made of rooms and hallways."
            },
            "displayName": {
              "en": "Ward"
            },
            "decommissioned": false,
            "uploadTime": "2020-11-03T22:18:31.2414045\u002B00:00"
          },
          {
            "id": "dtmi:com:samples:ComponentModel;377",
            "description": {},
            "displayName": {
              "en": "Component1"
            },
            "decommissioned": false,
            "uploadTime": "2020-11-03T22:34:14.8041815\u002B00:00"
          },
          {
            "id": "dtmi:com:samples:Building;1",
            "description": {},
            "displayName": {
              "en": "Building"
            },
            "decommissioned": false,
            "uploadTime": "2020-11-03T23:00:08.7062\u002B00:00"
          },
          {
            "id": "dtmi:com:samples:Floor;1",
            "description": {},
            "displayName": {
              "en": "Floor"
            },
            "decommissioned": false,
            "uploadTime": "2020-11-03T23:00:08.7064004\u002B00:00"
          },
          {
            "id": "dtmi:com:samples:HVAC;1",
            "description": {},
            "displayName": {
              "en": "HVAC"
            },
            "decommissioned": false,
            "uploadTime": "2020-11-03T23:00:08.706474\u002B00:00"
          },
          {
            "id": "dtmi:com:samples:Room;1",
            "description": {},
            "displayName": {
              "en": "Room"
            },
            "decommissioned": false,
            "uploadTime": "2020-11-03T23:00:08.7065695\u002B00:00"
          },
          {
            "id": "dtmi:com:samples:Wifi;1",
            "description": {},
            "displayName": {
              "en": "Wifi"
            },
            "decommissioned": false,
            "uploadTime": "2020-11-03T23:00:08.7066874\u002B00:00"
          },
          {
            "id": "dtmi:com:samples:ComponentModel;2867",
            "description": {},
            "displayName": {
              "en": "Component1"
            },
            "decommissioned": false,
            "uploadTime": "2020-11-03T23:00:10.5423819\u002B00:00"
          },
          {
            "id": "dtmi:example:Ward;120359253",
            "description": {
              "en": "A separate partition in a building, made of rooms and hallways."
            },
            "displayName": {
              "en": "Ward"
            },
            "decommissioned": false,
            "uploadTime": "2020-11-03T23:00:19.0686533\u002B00:00"
          },
          {
            "id": "dtmi:example:room;144477455",
            "description": {
              "en": "An enclosure inside a building."
            },
            "displayName": {
              "en": "Room"
            },
            "decommissioned": false,
            "uploadTime": "2020-11-03T23:00:19.0817287\u002B00:00"
          },
          {
            "id": "dtmi:example:Ward;124865413",
            "description": {
              "en": "A separate partition in a building, made of rooms and hallways."
            },
            "displayName": {
              "en": "Ward"
            },
            "decommissioned": false,
            "uploadTime": "2020-11-03T23:00:19.1455299\u002B00:00"
          },
          {
            "id": "dtmi:example:room;161600560",
            "description": {
              "en": "An enclosure inside a building."
            },
            "displayName": {
              "en": "Room"
            },
            "decommissioned": false,
            "uploadTime": "2020-11-03T23:00:19.2740638\u002B00:00"
          },
          {
            "id": "dtmi:example:Ward;149535775",
            "description": {
              "en": "A separate partition in a building, made of rooms and hallways."
            },
            "displayName": {
              "en": "Ward"
            },
            "decommissioned": false,
            "uploadTime": "2020-11-03T23:00:20.3786747\u002B00:00"
          },
          {
            "id": "dtmi:example:Ward;181662294",
            "description": {
              "en": "A separate partition in a building, made of rooms and hallways."
            },
            "displayName": {
              "en": "Ward"
            },
            "decommissioned": false,
            "uploadTime": "2020-11-03T23:00:32.0279793\u002B00:00"
          },
          {
            "id": "dtmi:example:Ward;110184439",
            "description": {
              "en": "A separate partition in a building, made of rooms and hallways."
            },
            "displayName": {
              "en": "Ward"
            },
            "decommissioned": false,
            "uploadTime": "2020-11-03T23:51:50.2685428\u002B00:00"
          },
          {
            "id": "dtmi:example:Ward;128072960",
            "description": {
              "en": "A separate partition in a building, made of rooms and hallways."
            },
            "displayName": {
              "en": "Ward"
            },
            "decommissioned": false,
            "uploadTime": "2020-11-03T23:51:50.2932615\u002B00:00"
          },
          {
            "id": "dtmi:example:room;190129607",
            "description": {
              "en": "An enclosure inside a building."
            },
            "displayName": {
              "en": "Room"
            },
            "decommissioned": false,
            "uploadTime": "2020-11-03T23:51:50.3404726\u002B00:00"
          },
          {
            "id": "dtmi:example:room;116018086",
            "description": {
              "en": "An enclosure inside a building."
            },
            "displayName": {
              "en": "Room"
            },
            "decommissioned": false,
            "uploadTime": "2020-11-03T23:51:50.385263\u002B00:00"
          },
          {
            "id": "dtmi:example:Ward;116847374",
            "description": {
              "en": "A separate partition in a building, made of rooms and hallways."
            },
            "displayName": {
              "en": "Ward"
            },
            "decommissioned": false,
            "uploadTime": "2020-11-03T23:51:51.2251875\u002B00:00"
          },
          {
            "id": "dtmi:example:Ward;155773321",
            "description": {
              "en": "A separate partition in a building, made of rooms and hallways."
            },
            "displayName": {
              "en": "Ward"
            },
            "decommissioned": false,
            "uploadTime": "2020-11-03T23:51:51.2644591\u002B00:00"
          },
          {
            "id": "dtmi:example:room;117844699",
            "description": {
              "en": "An enclosure inside a building."
            },
            "displayName": {
              "en": "Room"
            },
            "decommissioned": false,
            "uploadTime": "2020-11-03T23:52:33.8960869\u002B00:00"
          },
          {
            "id": "dtmi:example:Ward;186622131",
            "description": {
              "en": "A separate partition in a building, made of rooms and hallways."
            },
            "displayName": {
              "en": "Ward"
            },
            "decommissioned": false,
            "uploadTime": "2020-11-03T23:52:33.9665178\u002B00:00"
          },
          {
            "id": "dtmi:example:room;117709766",
            "description": {
              "en": "An enclosure inside a building."
            },
            "displayName": {
              "en": "Room"
            },
            "decommissioned": false,
            "uploadTime": "2020-11-03T23:52:34.0283676\u002B00:00"
          },
          {
            "id": "dtmi:example:Ward;145075813",
            "description": {
              "en": "A separate partition in a building, made of rooms and hallways."
            },
            "displayName": {
              "en": "Ward"
            },
            "decommissioned": false,
            "uploadTime": "2020-11-03T23:52:34.0997313\u002B00:00"
          },
          {
            "id": "dtmi:example:Ward;145121366",
            "description": {
              "en": "A separate partition in a building, made of rooms and hallways."
            },
            "displayName": {
              "en": "Ward"
            },
            "decommissioned": false,
            "uploadTime": "2020-11-03T23:52:38.3283489\u002B00:00"
          },
          {
            "id": "dtmi:example:Ward;116421010",
            "description": {
              "en": "A separate partition in a building, made of rooms and hallways."
            },
            "displayName": {
              "en": "Ward"
            },
            "decommissioned": false,
            "uploadTime": "2020-11-03T23:52:38.3417398\u002B00:00"
          },
          {
            "id": "dtmi:example:Ward;189540703",
            "description": {
              "en": "A separate partition in a building, made of rooms and hallways."
            },
            "displayName": {
              "en": "Ward"
            },
            "decommissioned": false,
            "uploadTime": "2020-11-03T23:53:43.5243171\u002B00:00"
          },
          {
            "id": "dtmi:example:Ward;115429255",
            "description": {
              "en": "A separate partition in a building, made of rooms and hallways."
            },
            "displayName": {
              "en": "Ward"
            },
            "decommissioned": false,
            "uploadTime": "2020-11-03T23:53:43.52921\u002B00:00"
          },
          {
            "id": "dtmi:example:room;119507364",
            "description": {
              "en": "An enclosure inside a building."
            },
            "displayName": {
              "en": "Room"
            },
            "decommissioned": false,
            "uploadTime": "2020-11-03T23:53:43.6288876\u002B00:00"
          },
          {
            "id": "dtmi:example:room;113676711",
            "description": {
              "en": "An enclosure inside a building."
            },
            "displayName": {
              "en": "Room"
            },
            "decommissioned": false,
            "uploadTime": "2020-11-03T23:53:43.6788074\u002B00:00"
          },
          {
            "id": "dtmi:example:Ward;113005607",
            "description": {
              "en": "A separate partition in a building, made of rooms and hallways."
            },
            "displayName": {
              "en": "Ward"
            },
            "decommissioned": false,
            "uploadTime": "2020-11-03T23:53:51.8682078\u002B00:00"
          },
          {
            "id": "dtmi:example:Ward;118728284",
            "description": {
              "en": "A separate partition in a building, made of rooms and hallways."
            },
            "displayName": {
              "en": "Ward"
            },
            "decommissioned": false,
            "uploadTime": "2020-11-03T23:53:56.5135492\u002B00:00"
          },
          {
            "id": "dtmi:example:Ward;144568920",
            "description": {
              "en": "A separate partition in a building, made of rooms and hallways."
            },
            "displayName": {
              "en": "Ward"
            },
            "decommissioned": false,
            "uploadTime": "2020-11-03T23:54:26.2038369\u002B00:00"
          },
          {
            "id": "dtmi:example:Ward;110855032",
            "description": {
              "en": "A separate partition in a building, made of rooms and hallways."
            },
            "displayName": {
              "en": "Ward"
            },
            "decommissioned": false,
            "uploadTime": "2020-11-03T23:54:26.2400658\u002B00:00"
          },
          {
            "id": "dtmi:example:room;116902615",
            "description": {
              "en": "An enclosure inside a building."
            },
            "displayName": {
              "en": "Room"
            },
            "decommissioned": false,
            "uploadTime": "2020-11-03T23:54:26.2606816\u002B00:00"
          },
          {
            "id": "dtmi:example:room;110174774",
            "description": {
              "en": "An enclosure inside a building."
            },
            "displayName": {
              "en": "Room"
            },
            "decommissioned": false,
            "uploadTime": "2020-11-03T23:54:26.3757382\u002B00:00"
          },
          {
            "id": "dtmi:example:room;113863769",
            "description": {
              "en": "An enclosure inside a building."
            },
            "displayName": {
              "en": "Room"
            },
            "decommissioned": false,
            "uploadTime": "2020-11-03T23:54:28.6909902\u002B00:00"
          },
          {
            "id": "dtmi:example:room;120254295",
            "description": {
              "en": "An enclosure inside a building."
            },
            "displayName": {
              "en": "Room"
            },
            "decommissioned": false,
            "uploadTime": "2020-11-03T23:54:28.9941543\u002B00:00"
          },
          {
            "id": "dtmi:example:Ward;168945250",
            "description": {
              "en": "A separate partition in a building, made of rooms and hallways."
            },
            "displayName": {
              "en": "Ward"
            },
            "decommissioned": false,
            "uploadTime": "2020-11-03T23:54:30.2639886\u002B00:00"
          },
          {
            "id": "dtmi:example:Ward;181743108",
            "description": {
              "en": "A separate partition in a building, made of rooms and hallways."
            },
            "displayName": {
              "en": "Ward"
            },
            "decommissioned": false,
            "uploadTime": "2020-11-03T23:54:30.3772067\u002B00:00"
          },
          {
            "id": "dtmi:example:floor;12904852",
            "description": {
              "en": "A building story."
            },
            "displayName": {
              "en": "Floor"
            },
            "decommissioned": false,
            "uploadTime": "2020-11-03T23:54:32.5288585\u002B00:00"
          },
          {
            "id": "dtmi:example:room;114513986",
            "description": {
              "en": "An enclosure inside a building."
            },
            "displayName": {
              "en": "Room"
            },
            "decommissioned": false,
            "uploadTime": "2020-11-03T23:54:32.5289921\u002B00:00"
          },
          {
            "id": "dtmi:example:hvac;113394842",
            "description": {
              "en": "A heating, ventilation, and air conditioning unit."
            },
            "displayName": {
              "en": "HVAC"
            },
            "decommissioned": false,
            "uploadTime": "2020-11-03T23:54:32.529104\u002B00:00"
          }
        ],
        "nextLink": null
      }
    },
    {
      "RequestUri": "https://fakeHost.api.wus2.digitaltwins.azure.net/digitaltwins/floorTwin1355639973?api-version=2020-10-31",
      "RequestMethod": "PUT",
      "RequestHeaders": {
        "Accept": "application/json",
        "Authorization": "Sanitized",
        "Content-Length": "104",
        "Content-Type": "application/json",
        "User-Agent": "azsdk-net-DigitalTwins.Core/1.1.0-alpha.20201103.1 (.NET Framework 4.8.4250.0; Microsoft Windows 10.0.19042 )",
        "x-ms-client-request-id": "4114a82d2681928fe596e935331e8f09",
        "x-ms-return-client-request-id": "true"
      },
      "RequestBody": {
        "$dtId": null,
        "$etag": null,
        "$metadata": {
          "$model": "dtmi:example:floor;12904852"
        },
        "AverageTemperature": 75
      },
      "StatusCode": 200,
      "ResponseHeaders": {
        "Content-Length": "232",
        "Content-Type": "application/json; charset=utf-8",
        "Date": "Tue, 03 Nov 2020 23:54:31 GMT",
        "ETag": "W/\u0022cd735477-2455-465e-b6e3-ea57f4503a71\u0022",
        "Strict-Transport-Security": "max-age=2592000"
      },
      "ResponseBody": {
        "$dtId": "floorTwin1355639973",
        "$etag": "W/\u0022cd735477-2455-465e-b6e3-ea57f4503a71\u0022",
        "AverageTemperature": 75,
        "$metadata": {
          "$model": "dtmi:example:floor;12904852",
          "AverageTemperature": {
            "lastUpdateTime": "2020-11-03T23:54:32.6229223Z"
          }
        }
      }
    },
    {
      "RequestUri": "https://fakeHost.api.wus2.digitaltwins.azure.net/digitaltwins/roomTwin2002815648?api-version=2020-10-31",
      "RequestMethod": "PUT",
      "RequestHeaders": {
        "Accept": "application/json",
        "Authorization": "Sanitized",
        "Content-Length": "154",
        "Content-Type": "application/json",
        "User-Agent": "azsdk-net-DigitalTwins.Core/1.1.0-alpha.20201103.1 (.NET Framework 4.8.4250.0; Microsoft Windows 10.0.19042 )",
        "x-ms-client-request-id": "465ef80c4045e5bd70a5aaaad90d9aa0",
        "x-ms-return-client-request-id": "true"
      },
      "RequestBody": {
        "$dtId": null,
        "$etag": null,
        "$metadata": {
          "$model": "dtmi:example:room;114513986"
        },
        "Temperature": 80,
        "Humidity": 25,
        "IsOccupied": true,
        "EmployeeId": "Employee1"
      },
      "StatusCode": 200,
      "ResponseHeaders": {
        "Content-Length": "461",
        "Content-Type": "application/json; charset=utf-8",
        "Date": "Tue, 03 Nov 2020 23:54:32 GMT",
        "ETag": "W/\u00222b65c7fc-5bad-4dc8-9754-8a1b8b123359\u0022",
        "Strict-Transport-Security": "max-age=2592000"
      },
      "ResponseBody": {
        "$dtId": "roomTwin2002815648",
        "$etag": "W/\u00222b65c7fc-5bad-4dc8-9754-8a1b8b123359\u0022",
        "Temperature": 80,
        "Humidity": 25,
        "IsOccupied": true,
        "EmployeeId": "Employee1",
        "$metadata": {
          "$model": "dtmi:example:room;114513986",
          "Temperature": {
            "lastUpdateTime": "2020-11-03T23:54:32.7023389Z"
          },
          "Humidity": {
            "lastUpdateTime": "2020-11-03T23:54:32.7023389Z"
          },
          "IsOccupied": {
            "lastUpdateTime": "2020-11-03T23:54:32.7023389Z"
          },
          "EmployeeId": {
            "lastUpdateTime": "2020-11-03T23:54:32.7023389Z"
          }
        }
      }
    },
    {
      "RequestUri": "https://fakeHost.api.wus2.digitaltwins.azure.net/digitaltwins/hvacTwin1811962380?api-version=2020-10-31",
      "RequestMethod": "PUT",
      "RequestHeaders": {
        "Accept": "application/json",
        "Authorization": "Sanitized",
        "Content-Length": "123",
        "Content-Type": "application/json",
        "User-Agent": "azsdk-net-DigitalTwins.Core/1.1.0-alpha.20201103.1 (.NET Framework 4.8.4250.0; Microsoft Windows 10.0.19042 )",
        "x-ms-client-request-id": "1d950ec149fed66efab601b0957c397c",
        "x-ms-return-client-request-id": "true"
      },
      "RequestBody": {
        "$dtId": null,
        "$etag": null,
        "$metadata": {
          "$model": "dtmi:example:hvac;113394842"
        },
        "TargetTemperature": 80,
        "TargetHumidity": 25
      },
      "StatusCode": 200,
      "ResponseHeaders": {
        "Content-Length": "316",
        "Content-Type": "application/json; charset=utf-8",
        "Date": "Tue, 03 Nov 2020 23:54:32 GMT",
        "ETag": "W/\u0022ea6e8e17-4ffc-4fa2-9b82-8d1634593ed2\u0022",
        "Strict-Transport-Security": "max-age=2592000"
      },
      "ResponseBody": {
        "$dtId": "hvacTwin1811962380",
        "$etag": "W/\u0022ea6e8e17-4ffc-4fa2-9b82-8d1634593ed2\u0022",
        "TargetTemperature": 80,
        "TargetHumidity": 25,
        "$metadata": {
          "$model": "dtmi:example:hvac;113394842",
          "TargetTemperature": {
            "lastUpdateTime": "2020-11-03T23:54:32.7541157Z"
          },
          "TargetHumidity": {
            "lastUpdateTime": "2020-11-03T23:54:32.7541157Z"
          }
        }
      }
    },
    {
      "RequestUri": "https://fakeHost.api.wus2.digitaltwins.azure.net/digitaltwins/floorTwin1355639973/relationships/FloorToRoomRelationship?api-version=2020-10-31",
      "RequestMethod": "PUT",
      "RequestHeaders": {
        "Accept": "application/json",
        "Authorization": "Sanitized",
        "Content-Length": "144",
        "Content-Type": "application/json",
        "User-Agent": "azsdk-net-DigitalTwins.Core/1.1.0-alpha.20201103.1 (.NET Framework 4.8.4250.0; Microsoft Windows 10.0.19042 )",
        "x-ms-client-request-id": "cf9c4a432e39ecc7eb2ed1dc7be5b9d7",
        "x-ms-return-client-request-id": "true"
      },
      "RequestBody": {
        "$relationshipId": null,
        "$targetId": "roomTwin2002815648",
        "$sourceId": null,
        "$relationshipName": "contains",
        "$etag": null,
        "isAccessRestricted": true
      },
      "StatusCode": 200,
      "ResponseHeaders": {
        "Content-Length": "222",
        "Content-Type": "application/json; charset=utf-8",
        "Date": "Tue, 03 Nov 2020 23:54:32 GMT",
        "ETag": "W/\u0022efaf9eed-baea-4c62-9061-56a31bd65d47\u0022",
        "Strict-Transport-Security": "max-age=2592000"
      },
      "ResponseBody": {
        "$relationshipId": "FloorToRoomRelationship",
        "$etag": "W/\u0022efaf9eed-baea-4c62-9061-56a31bd65d47\u0022",
        "$sourceId": "floorTwin1355639973",
        "$relationshipName": "contains",
        "$targetId": "roomTwin2002815648",
        "isAccessRestricted": true
      }
    },
    {
      "RequestUri": "https://fakeHost.api.wus2.digitaltwins.azure.net/digitaltwins/floorTwin1355639973/relationships/FloorToHvacRelationship?api-version=2020-10-31",
      "RequestMethod": "PUT",
      "RequestHeaders": {
        "Accept": "application/json",
        "Authorization": "Sanitized",
        "Content-Length": "118",
        "Content-Type": "application/json",
        "User-Agent": "azsdk-net-DigitalTwins.Core/1.1.0-alpha.20201103.1 (.NET Framework 4.8.4250.0; Microsoft Windows 10.0.19042 )",
        "x-ms-client-request-id": "247448fb7189c30b8a874c8e3f0d50f4",
        "x-ms-return-client-request-id": "true"
      },
      "RequestBody": {
        "$relationshipId": null,
        "$targetId": "hvacTwin1811962380",
        "$sourceId": null,
        "$relationshipName": "cooledBy",
        "$etag": null
      },
      "StatusCode": 200,
      "ResponseHeaders": {
        "Content-Length": "196",
        "Content-Type": "application/json; charset=utf-8",
        "Date": "Tue, 03 Nov 2020 23:54:32 GMT",
        "ETag": "W/\u0022db47c696-4b55-48bd-885b-4a780e2949ce\u0022",
        "Strict-Transport-Security": "max-age=2592000"
      },
      "ResponseBody": {
        "$relationshipId": "FloorToHvacRelationship",
        "$etag": "W/\u0022db47c696-4b55-48bd-885b-4a780e2949ce\u0022",
        "$sourceId": "floorTwin1355639973",
        "$relationshipName": "cooledBy",
        "$targetId": "hvacTwin1811962380"
      }
    },
    {
      "RequestUri": "https://fakeHost.api.wus2.digitaltwins.azure.net/digitaltwins/hvacTwin1811962380/relationships/HvacToFloorRelationship?api-version=2020-10-31",
      "RequestMethod": "PUT",
      "RequestHeaders": {
        "Accept": "application/json",
        "Authorization": "Sanitized",
        "Content-Length": "116",
        "Content-Type": "application/json",
        "User-Agent": "azsdk-net-DigitalTwins.Core/1.1.0-alpha.20201103.1 (.NET Framework 4.8.4250.0; Microsoft Windows 10.0.19042 )",
        "x-ms-client-request-id": "8f662e6bcb71926747a832cf78915a14",
        "x-ms-return-client-request-id": "true"
      },
      "RequestBody": {
        "$relationshipId": null,
        "$targetId": "floorTwin1355639973",
        "$sourceId": null,
        "$relationshipName": "cools",
        "$etag": null
      },
      "StatusCode": 200,
      "ResponseHeaders": {
        "Content-Length": "193",
        "Content-Type": "application/json; charset=utf-8",
        "Date": "Tue, 03 Nov 2020 23:54:32 GMT",
        "ETag": "W/\u0022f9978e5f-ca2b-4e8c-8ef1-3e71badca8a4\u0022",
        "Strict-Transport-Security": "max-age=2592000"
      },
      "ResponseBody": {
        "$relationshipId": "HvacToFloorRelationship",
        "$etag": "W/\u0022f9978e5f-ca2b-4e8c-8ef1-3e71badca8a4\u0022",
        "$sourceId": "hvacTwin1811962380",
        "$relationshipName": "cools",
        "$targetId": "floorTwin1355639973"
      }
    },
    {
      "RequestUri": "https://fakeHost.api.wus2.digitaltwins.azure.net/digitaltwins/roomTwin2002815648/relationships/RoomToFloorRelationship?api-version=2020-10-31",
      "RequestMethod": "PUT",
      "RequestHeaders": {
        "Accept": "application/json",
        "Authorization": "Sanitized",
        "Content-Length": "122",
        "Content-Type": "application/json",
        "User-Agent": "azsdk-net-DigitalTwins.Core/1.1.0-alpha.20201103.1 (.NET Framework 4.8.4250.0; Microsoft Windows 10.0.19042 )",
        "x-ms-client-request-id": "4cb529fd1408d2f33ed845b1e238addd",
        "x-ms-return-client-request-id": "true"
      },
      "RequestBody": {
        "$relationshipId": null,
        "$targetId": "floorTwin1355639973",
        "$sourceId": null,
        "$relationshipName": "containedIn",
        "$etag": null
      },
      "StatusCode": 200,
      "ResponseHeaders": {
        "Content-Length": "199",
        "Content-Type": "application/json; charset=utf-8",
        "Date": "Tue, 03 Nov 2020 23:54:32 GMT",
        "ETag": "W/\u00223cc6cb67-3337-42f7-ad6b-4411fa457953\u0022",
        "Strict-Transport-Security": "max-age=2592000"
      },
      "ResponseBody": {
        "$relationshipId": "RoomToFloorRelationship",
        "$etag": "W/\u00223cc6cb67-3337-42f7-ad6b-4411fa457953\u0022",
        "$sourceId": "roomTwin2002815648",
        "$relationshipName": "containedIn",
        "$targetId": "floorTwin1355639973"
      }
    },
    {
      "RequestUri": "https://fakeHost.api.wus2.digitaltwins.azure.net/digitaltwins/floorTwin1355639973/relationships/FloorToRoomRelationship?api-version=2020-10-31",
      "RequestMethod": "PATCH",
      "RequestHeaders": {
        "Accept": "application/json",
        "Authorization": "Sanitized",
        "Content-Length": "61",
        "Content-Type": "application/json-patch\u002Bjson",
        "User-Agent": "azsdk-net-DigitalTwins.Core/1.1.0-alpha.20201103.1 (.NET Framework 4.8.4250.0; Microsoft Windows 10.0.19042 )",
        "x-ms-client-request-id": "4d70dcde297f2f66e0e1dde03e3b4af8",
        "x-ms-return-client-request-id": "true"
      },
      "RequestBody": "[{\u0022op\u0022:\u0022replace\u0022,\u0022path\u0022:\u0022/isAccessRestricted\u0022,\u0022value\u0022:false}]",
      "StatusCode": 204,
      "ResponseHeaders": {
        "Content-Length": "0",
        "Date": "Tue, 03 Nov 2020 23:54:32 GMT",
        "ETag": "W/\u0022273ebfa2-b75f-432e-9bc2-fffdefe37544\u0022",
        "Strict-Transport-Security": "max-age=2592000"
      },
      "ResponseBody": []
    },
    {
      "RequestUri": "https://fakeHost.api.wus2.digitaltwins.azure.net/digitaltwins/floorTwin1355639973/relationships/FloorToRoomRelationship?api-version=2020-10-31",
      "RequestMethod": "GET",
      "RequestHeaders": {
        "Accept": "application/json",
        "Authorization": "Sanitized",
        "User-Agent": "azsdk-net-DigitalTwins.Core/1.1.0-alpha.20201103.1 (.NET Framework 4.8.4250.0; Microsoft Windows 10.0.19042 )",
        "x-ms-client-request-id": "1591372d035857ec3b93509886b6b00e",
        "x-ms-return-client-request-id": "true"
      },
      "RequestBody": null,
      "StatusCode": 200,
      "ResponseHeaders": {
        "Content-Length": "223",
        "Content-Type": "application/json; charset=utf-8",
        "Date": "Tue, 03 Nov 2020 23:54:33 GMT",
        "ETag": "W/\u0022273ebfa2-b75f-432e-9bc2-fffdefe37544\u0022",
        "Strict-Transport-Security": "max-age=2592000"
      },
      "ResponseBody": {
        "$relationshipId": "FloorToRoomRelationship",
        "$etag": "W/\u0022273ebfa2-b75f-432e-9bc2-fffdefe37544\u0022",
        "$sourceId": "floorTwin1355639973",
        "$relationshipName": "contains",
        "$targetId": "roomTwin2002815648",
        "isAccessRestricted": false
      }
    },
    {
      "RequestUri": "https://fakeHost.api.wus2.digitaltwins.azure.net/digitaltwins/floorTwin1355639973/incomingrelationships?api-version=2020-10-31",
      "RequestMethod": "GET",
      "RequestHeaders": {
        "Accept": "application/json",
        "Authorization": "Sanitized",
        "User-Agent": "azsdk-net-DigitalTwins.Core/1.1.0-alpha.20201103.1 (.NET Framework 4.8.4250.0; Microsoft Windows 10.0.19042 )",
        "x-ms-client-request-id": "9bf155fb0d20d394c3856b2636129403",
        "x-ms-return-client-request-id": "true"
      },
      "RequestBody": null,
      "StatusCode": 200,
      "ResponseHeaders": {
        "Content-Length": "605",
        "Content-Type": "application/json; charset=utf-8",
        "Date": "Tue, 03 Nov 2020 23:54:33 GMT",
        "Strict-Transport-Security": "max-age=2592000"
      },
      "ResponseBody": {
        "nextLink": null,
        "value": [
          {
            "$relationshipId": "HvacToFloorRelationship",
            "$sourceId": "hvacTwin1811962380",
            "$relationshipName": "cools",
            "$relationshipLink": "https://barustum-adt-11022020-2.api.wus2.digitaltwins.azure.net/digitaltwins/hvacTwin1811962380/relationships/HvacToFloorRelationship?api-version=2020-10-31"
          },
          {
            "$relationshipId": "RoomToFloorRelationship",
            "$sourceId": "roomTwin2002815648",
            "$relationshipName": "containedIn",
            "$relationshipLink": "https://barustum-adt-11022020-2.api.wus2.digitaltwins.azure.net/digitaltwins/roomTwin2002815648/relationships/RoomToFloorRelationship?api-version=2020-10-31"
          }
        ]
      }
    },
    {
      "RequestUri": "https://fakeHost.api.wus2.digitaltwins.azure.net/digitaltwins/floorTwin1355639973/relationships?api-version=2020-10-31",
      "RequestMethod": "GET",
      "RequestHeaders": {
        "Accept": "application/json",
        "Authorization": "Sanitized",
        "User-Agent": "azsdk-net-DigitalTwins.Core/1.1.0-alpha.20201103.1 (.NET Framework 4.8.4250.0; Microsoft Windows 10.0.19042 )",
        "x-ms-client-request-id": "aa834c8e97a7da85f01912ecd9cda82a",
        "x-ms-return-client-request-id": "true"
      },
      "RequestBody": null,
      "StatusCode": 200,
      "ResponseHeaders": {
        "Content-Length": "448",
        "Content-Type": "application/json; charset=utf-8",
        "Date": "Tue, 03 Nov 2020 23:54:33 GMT",
        "Strict-Transport-Security": "max-age=2592000"
      },
      "ResponseBody": {
        "nextLink": null,
        "value": [
          {
            "$relationshipId": "FloorToHvacRelationship",
            "$etag": "W/\u0022db47c696-4b55-48bd-885b-4a780e2949ce\u0022",
            "$sourceId": "floorTwin1355639973",
            "$relationshipName": "cooledBy",
            "$targetId": "hvacTwin1811962380"
          },
          {
            "$relationshipId": "FloorToRoomRelationship",
            "$etag": "W/\u0022273ebfa2-b75f-432e-9bc2-fffdefe37544\u0022",
            "$sourceId": "floorTwin1355639973",
            "$relationshipName": "contains",
            "$targetId": "roomTwin2002815648",
            "isAccessRestricted": false
          }
        ]
      }
    },
    {
      "RequestUri": "https://fakeHost.api.wus2.digitaltwins.azure.net/digitaltwins/roomTwin2002815648/relationships?relationshipName=containedIn\u0026api-version=2020-10-31",
      "RequestMethod": "GET",
      "RequestHeaders": {
        "Accept": "application/json",
        "Authorization": "Sanitized",
        "User-Agent": "azsdk-net-DigitalTwins.Core/1.1.0-alpha.20201103.1 (.NET Framework 4.8.4250.0; Microsoft Windows 10.0.19042 )",
        "x-ms-client-request-id": "e8e5ce31af4a20d7a3bd52d297c52028",
        "x-ms-return-client-request-id": "true"
      },
      "RequestBody": null,
      "StatusCode": 200,
      "ResponseHeaders": {
        "Content-Length": "227",
        "Content-Type": "application/json; charset=utf-8",
        "Date": "Tue, 03 Nov 2020 23:54:33 GMT",
        "Strict-Transport-Security": "max-age=2592000"
      },
      "ResponseBody": {
        "nextLink": null,
        "value": [
          {
            "$relationshipId": "RoomToFloorRelationship",
            "$etag": "W/\u00223cc6cb67-3337-42f7-ad6b-4411fa457953\u0022",
            "$sourceId": "roomTwin2002815648",
            "$relationshipName": "containedIn",
            "$targetId": "floorTwin1355639973"
          }
        ]
      }
    },
    {
      "RequestUri": "https://fakeHost.api.wus2.digitaltwins.azure.net/digitaltwins/floorTwin1355639973/relationships/FloorToRoomRelationship?api-version=2020-10-31",
      "RequestMethod": "DELETE",
      "RequestHeaders": {
        "Accept": "application/json",
        "Authorization": "Sanitized",
        "User-Agent": "azsdk-net-DigitalTwins.Core/1.1.0-alpha.20201103.1 (.NET Framework 4.8.4250.0; Microsoft Windows 10.0.19042 )",
        "x-ms-client-request-id": "390a4dfe05326467cf16ab07faa8faf5",
        "x-ms-return-client-request-id": "true"
      },
      "RequestBody": null,
      "StatusCode": 204,
      "ResponseHeaders": {
        "Content-Length": "0",
        "Date": "Tue, 03 Nov 2020 23:54:33 GMT",
        "Strict-Transport-Security": "max-age=2592000"
      },
      "ResponseBody": []
    },
    {
      "RequestUri": "https://fakeHost.api.wus2.digitaltwins.azure.net/digitaltwins/roomTwin2002815648/relationships/RoomToFloorRelationship?api-version=2020-10-31",
      "RequestMethod": "DELETE",
      "RequestHeaders": {
        "Accept": "application/json",
        "Authorization": "Sanitized",
        "User-Agent": "azsdk-net-DigitalTwins.Core/1.1.0-alpha.20201103.1 (.NET Framework 4.8.4250.0; Microsoft Windows 10.0.19042 )",
        "x-ms-client-request-id": "68f441dcab2ddeb8756307ea44b2422a",
        "x-ms-return-client-request-id": "true"
      },
      "RequestBody": null,
      "StatusCode": 204,
      "ResponseHeaders": {
        "Content-Length": "0",
        "Date": "Tue, 03 Nov 2020 23:54:33 GMT",
        "Strict-Transport-Security": "max-age=2592000"
      },
      "ResponseBody": []
    },
    {
      "RequestUri": "https://fakeHost.api.wus2.digitaltwins.azure.net/digitaltwins/floorTwin1355639973/relationships/FloorToHvacRelationship?api-version=2020-10-31",
      "RequestMethod": "DELETE",
      "RequestHeaders": {
        "Accept": "application/json",
        "Authorization": "Sanitized",
        "User-Agent": "azsdk-net-DigitalTwins.Core/1.1.0-alpha.20201103.1 (.NET Framework 4.8.4250.0; Microsoft Windows 10.0.19042 )",
        "x-ms-client-request-id": "8bede9f86fc22cf76781193304cf25fa",
        "x-ms-return-client-request-id": "true"
      },
      "RequestBody": null,
      "StatusCode": 204,
      "ResponseHeaders": {
        "Content-Length": "0",
        "Date": "Tue, 03 Nov 2020 23:54:33 GMT",
        "Strict-Transport-Security": "max-age=2592000"
      },
      "ResponseBody": []
    },
    {
      "RequestUri": "https://fakeHost.api.wus2.digitaltwins.azure.net/digitaltwins/hvacTwin1811962380/relationships/HvacToFloorRelationship?api-version=2020-10-31",
      "RequestMethod": "DELETE",
      "RequestHeaders": {
        "Accept": "application/json",
        "Authorization": "Sanitized",
        "User-Agent": "azsdk-net-DigitalTwins.Core/1.1.0-alpha.20201103.1 (.NET Framework 4.8.4250.0; Microsoft Windows 10.0.19042 )",
        "x-ms-client-request-id": "56f65dc2b8d153fb942bc4cefe7d1f1d",
        "x-ms-return-client-request-id": "true"
      },
      "RequestBody": null,
      "StatusCode": 204,
      "ResponseHeaders": {
        "Content-Length": "0",
        "Date": "Tue, 03 Nov 2020 23:54:33 GMT",
        "Strict-Transport-Security": "max-age=2592000"
      },
      "ResponseBody": []
    },
    {
      "RequestUri": "https://fakeHost.api.wus2.digitaltwins.azure.net/digitaltwins/floorTwin1355639973/relationships/FloorToRoomRelationship?api-version=2020-10-31",
      "RequestMethod": "GET",
      "RequestHeaders": {
        "Accept": "application/json",
        "Authorization": "Sanitized",
        "User-Agent": "azsdk-net-DigitalTwins.Core/1.1.0-alpha.20201103.1 (.NET Framework 4.8.4250.0; Microsoft Windows 10.0.19042 )",
        "x-ms-client-request-id": "110e80d46eba6d3249c800ac9285daa5",
        "x-ms-return-client-request-id": "true"
      },
      "RequestBody": null,
      "StatusCode": 404,
      "ResponseHeaders": {
        "Content-Length": "310",
        "Content-Type": "application/json; charset=utf-8",
        "Date": "Tue, 03 Nov 2020 23:54:33 GMT",
        "Strict-Transport-Security": "max-age=2592000"
      },
      "ResponseBody": {
        "error": {
          "code": "RelationshipNotFound",
          "message": "Relationship FloorToRoomRelationship not found on twin floorTwin1355639973. Please verify that the relationship id is valid and ensure that the relationship is not deleted. See section on listing relationships in the documentation http://aka.ms/adtv2twins."
        }
      }
    },
    {
      "RequestUri": "https://fakeHost.api.wus2.digitaltwins.azure.net/digitaltwins/roomTwin2002815648/relationships/RoomToFloorRelationship?api-version=2020-10-31",
      "RequestMethod": "GET",
      "RequestHeaders": {
        "Accept": "application/json",
        "Authorization": "Sanitized",
        "User-Agent": "azsdk-net-DigitalTwins.Core/1.1.0-alpha.20201103.1 (.NET Framework 4.8.4250.0; Microsoft Windows 10.0.19042 )",
        "x-ms-client-request-id": "e7270c3eecbc4059ee9af797aa292dea",
        "x-ms-return-client-request-id": "true"
      },
      "RequestBody": null,
      "StatusCode": 404,
      "ResponseHeaders": {
        "Content-Length": "309",
        "Content-Type": "application/json; charset=utf-8",
        "Date": "Tue, 03 Nov 2020 23:54:32 GMT",
        "Strict-Transport-Security": "max-age=2592000"
      },
      "ResponseBody": {
        "error": {
          "code": "RelationshipNotFound",
          "message": "Relationship RoomToFloorRelationship not found on twin roomTwin2002815648. Please verify that the relationship id is valid and ensure that the relationship is not deleted. See section on listing relationships in the documentation http://aka.ms/adtv2twins."
        }
      }
    },
    {
      "RequestUri": "https://fakeHost.api.wus2.digitaltwins.azure.net/digitaltwins/floorTwin1355639973/relationships/FloorToHvacRelationship?api-version=2020-10-31",
      "RequestMethod": "GET",
      "RequestHeaders": {
        "Accept": "application/json",
        "Authorization": "Sanitized",
        "User-Agent": "azsdk-net-DigitalTwins.Core/1.1.0-alpha.20201103.1 (.NET Framework 4.8.4250.0; Microsoft Windows 10.0.19042 )",
        "x-ms-client-request-id": "835ffc6114c0543f2a880c09b74fc00f",
        "x-ms-return-client-request-id": "true"
      },
      "RequestBody": null,
      "StatusCode": 404,
      "ResponseHeaders": {
        "Content-Length": "310",
        "Content-Type": "application/json; charset=utf-8",
        "Date": "Tue, 03 Nov 2020 23:54:32 GMT",
        "Strict-Transport-Security": "max-age=2592000"
      },
      "ResponseBody": {
        "error": {
          "code": "RelationshipNotFound",
          "message": "Relationship FloorToHvacRelationship not found on twin floorTwin1355639973. Please verify that the relationship id is valid and ensure that the relationship is not deleted. See section on listing relationships in the documentation http://aka.ms/adtv2twins."
        }
      }
    },
    {
      "RequestUri": "https://fakeHost.api.wus2.digitaltwins.azure.net/digitaltwins/hvacTwin1811962380/relationships/HvacToFloorRelationship?api-version=2020-10-31",
      "RequestMethod": "GET",
      "RequestHeaders": {
        "Accept": "application/json",
        "Authorization": "Sanitized",
        "User-Agent": "azsdk-net-DigitalTwins.Core/1.1.0-alpha.20201103.1 (.NET Framework 4.8.4250.0; Microsoft Windows 10.0.19042 )",
        "x-ms-client-request-id": "f2901e513855e76027ce2320779bc320",
        "x-ms-return-client-request-id": "true"
      },
      "RequestBody": null,
      "StatusCode": 404,
      "ResponseHeaders": {
        "Content-Length": "309",
        "Content-Type": "application/json; charset=utf-8",
        "Date": "Tue, 03 Nov 2020 23:54:32 GMT",
        "Strict-Transport-Security": "max-age=2592000"
      },
      "ResponseBody": {
        "error": {
          "code": "RelationshipNotFound",
          "message": "Relationship HvacToFloorRelationship not found on twin hvacTwin1811962380. Please verify that the relationship id is valid and ensure that the relationship is not deleted. See section on listing relationships in the documentation http://aka.ms/adtv2twins."
        }
      }
    },
    {
      "RequestUri": "https://fakeHost.api.wus2.digitaltwins.azure.net/digitaltwins/floorTwin1355639973?api-version=2020-10-31",
      "RequestMethod": "DELETE",
      "RequestHeaders": {
        "Accept": "application/json",
        "Authorization": "Sanitized",
        "User-Agent": "azsdk-net-DigitalTwins.Core/1.1.0-alpha.20201103.1 (.NET Framework 4.8.4250.0; Microsoft Windows 10.0.19042 )",
        "x-ms-client-request-id": "964b159a57252ae4ccd3bc33df4f889e",
        "x-ms-return-client-request-id": "true"
      },
      "RequestBody": null,
      "StatusCode": 204,
      "ResponseHeaders": {
        "Content-Length": "0",
        "Date": "Tue, 03 Nov 2020 23:54:32 GMT",
        "Strict-Transport-Security": "max-age=2592000"
      },
      "ResponseBody": []
    },
    {
      "RequestUri": "https://fakeHost.api.wus2.digitaltwins.azure.net/digitaltwins/roomTwin2002815648?api-version=2020-10-31",
      "RequestMethod": "DELETE",
      "RequestHeaders": {
        "Accept": "application/json",
        "Authorization": "Sanitized",
        "User-Agent": "azsdk-net-DigitalTwins.Core/1.1.0-alpha.20201103.1 (.NET Framework 4.8.4250.0; Microsoft Windows 10.0.19042 )",
        "x-ms-client-request-id": "8b46e7d93b9828949b775cf2f11fdc8f",
        "x-ms-return-client-request-id": "true"
      },
      "RequestBody": null,
      "StatusCode": 204,
      "ResponseHeaders": {
        "Content-Length": "0",
        "Date": "Tue, 03 Nov 2020 23:54:33 GMT",
        "Strict-Transport-Security": "max-age=2592000"
      },
      "ResponseBody": []
    },
    {
      "RequestUri": "https://fakeHost.api.wus2.digitaltwins.azure.net/digitaltwins/hvacTwin1811962380?api-version=2020-10-31",
      "RequestMethod": "DELETE",
      "RequestHeaders": {
        "Accept": "application/json",
        "Authorization": "Sanitized",
        "User-Agent": "azsdk-net-DigitalTwins.Core/1.1.0-alpha.20201103.1 (.NET Framework 4.8.4250.0; Microsoft Windows 10.0.19042 )",
        "x-ms-client-request-id": "a16eecc52a04f9e93a6625827c2d08d7",
        "x-ms-return-client-request-id": "true"
      },
      "RequestBody": null,
      "StatusCode": 204,
      "ResponseHeaders": {
        "Content-Length": "0",
        "Date": "Tue, 03 Nov 2020 23:54:33 GMT",
        "Strict-Transport-Security": "max-age=2592000"
      },
      "ResponseBody": []
    },
    {
      "RequestUri": "https://fakeHost.api.wus2.digitaltwins.azure.net/models/dtmi%3Aexample%3Ahvac%3B113394842?api-version=2020-10-31",
      "RequestMethod": "DELETE",
      "RequestHeaders": {
        "Accept": "application/json",
        "Authorization": "Sanitized",
        "User-Agent": "azsdk-net-DigitalTwins.Core/1.1.0-alpha.20201103.1 (.NET Framework 4.8.4250.0; Microsoft Windows 10.0.19042 )",
        "x-ms-client-request-id": "8f46844637555e878122fbaefaf239ac",
        "x-ms-return-client-request-id": "true"
      },
      "RequestBody": null,
      "StatusCode": 204,
      "ResponseHeaders": {
        "Content-Length": "0",
        "Date": "Tue, 03 Nov 2020 23:54:33 GMT",
        "Strict-Transport-Security": "max-age=2592000"
      },
      "ResponseBody": []
    },
    {
      "RequestUri": "https://fakeHost.api.wus2.digitaltwins.azure.net/models/dtmi%3Aexample%3Afloor%3B12904852?api-version=2020-10-31",
      "RequestMethod": "DELETE",
      "RequestHeaders": {
        "Accept": "application/json",
        "Authorization": "Sanitized",
        "User-Agent": "azsdk-net-DigitalTwins.Core/1.1.0-alpha.20201103.1 (.NET Framework 4.8.4250.0; Microsoft Windows 10.0.19042 )",
        "x-ms-client-request-id": "f26d2cf6e6e1af9afe4c51321512ab6e",
        "x-ms-return-client-request-id": "true"
      },
      "RequestBody": null,
      "StatusCode": 204,
      "ResponseHeaders": {
        "Content-Length": "0",
        "Date": "Tue, 03 Nov 2020 23:54:33 GMT",
        "Strict-Transport-Security": "max-age=2592000"
      },
      "ResponseBody": []
    },
    {
      "RequestUri": "https://fakeHost.api.wus2.digitaltwins.azure.net/models/dtmi%3Aexample%3Aroom%3B114513986?api-version=2020-10-31",
      "RequestMethod": "DELETE",
      "RequestHeaders": {
        "Accept": "application/json",
        "Authorization": "Sanitized",
        "User-Agent": "azsdk-net-DigitalTwins.Core/1.1.0-alpha.20201103.1 (.NET Framework 4.8.4250.0; Microsoft Windows 10.0.19042 )",
        "x-ms-client-request-id": "6cac856f4cd98e3a640f20e12f3bff47",
        "x-ms-return-client-request-id": "true"
      },
      "RequestBody": null,
      "StatusCode": 204,
      "ResponseHeaders": {
        "Content-Length": "0",
        "Date": "Tue, 03 Nov 2020 23:54:33 GMT",
        "Strict-Transport-Security": "max-age=2592000"
      },
      "ResponseBody": []
    }
  ],
  "Variables": {
    "DIGITALTWINS_URL": "https://fakeHost.api.wus2.digitaltwins.azure.net",
    "RandomSeed": "168304037"
  }
}