{
  "Entries": [
    {
      "RequestUri": "/subscriptions/3c729b2a-4f86-4bb2-abe8-4b8647af156c/providers/Microsoft.Search/register?api-version=2016-09-01",
      "EncodedRequestUri": "L3N1YnNjcmlwdGlvbnMvM2M3MjliMmEtNGY4Ni00YmIyLWFiZTgtNGI4NjQ3YWYxNTZjL3Byb3ZpZGVycy9NaWNyb3NvZnQuU2VhcmNoL3JlZ2lzdGVyP2FwaS12ZXJzaW9uPTIwMTYtMDktMDE=",
      "RequestMethod": "POST",
      "RequestBody": "",
      "RequestHeaders": {
        "x-ms-client-request-id": [
          "22bc1a42-2a69-4d10-b7ff-a75d5466b546"
        ],
        "accept-language": [
          "en-US"
        ],
        "User-Agent": [
          "FxVersion/4.6.26614.01",
          "OSName/Windows",
          "OSVersion/Microsoft.Windows.10.0.17763.",
          "Microsoft.Azure.Management.ResourceManager.ResourceManagementClient/1.5.0.0"
        ]
      },
      "ResponseHeaders": {
        "Cache-Control": [
          "no-cache"
        ],
        "Date": [
          "Sun, 17 Mar 2019 22:09:51 GMT"
        ],
        "Pragma": [
          "no-cache"
        ],
        "x-ms-ratelimit-remaining-subscription-writes": [
          "1141"
        ],
        "x-ms-request-id": [
          "4bc9b9f0-3fca-4493-9469-48550d109983"
        ],
        "x-ms-correlation-request-id": [
          "4bc9b9f0-3fca-4493-9469-48550d109983"
        ],
        "x-ms-routing-request-id": [
          "NORTHEUROPE:20190317T220952Z:4bc9b9f0-3fca-4493-9469-48550d109983"
        ],
        "Strict-Transport-Security": [
          "max-age=31536000; includeSubDomains"
        ],
        "X-Content-Type-Options": [
          "nosniff"
        ],
        "Content-Length": [
          "2230"
        ],
        "Content-Type": [
          "application/json; charset=utf-8"
        ],
        "Expires": [
          "-1"
        ]
      },
      "ResponseBody": "{\r\n  \"id\": \"/subscriptions/3c729b2a-4f86-4bb2-abe8-4b8647af156c/providers/Microsoft.Search\",\r\n  \"namespace\": \"Microsoft.Search\",\r\n  \"authorization\": {\r\n    \"applicationId\": \"804f4a7a-7d6e-4df7-bf8c-e7f0106e16c2\",\r\n    \"roleDefinitionId\": \"20FA3191-87CF-4C3D-9510-74CCB594A310\"\r\n  },\r\n  \"resourceTypes\": [\r\n    {\r\n      \"resourceType\": \"searchServices\",\r\n      \"locations\": [\r\n        \"West US\",\r\n        \"East US\"\r\n      ],\r\n      \"apiVersions\": [\r\n        \"2015-08-19\",\r\n        \"2015-02-28\",\r\n        \"2014-07-31-Preview\"\r\n      ],\r\n      \"capabilities\": \"CrossResourceGroupResourceMove, CrossSubscriptionResourceMove, SystemAssignedResourceIdentity\"\r\n    },\r\n    {\r\n      \"resourceType\": \"searchServicesCit\",\r\n      \"locations\": [\r\n        \"West US\"\r\n      ],\r\n      \"apiVersions\": [\r\n        \"2015-08-19\",\r\n        \"2015-02-28\",\r\n        \"2014-07-31-Preview\"\r\n      ],\r\n      \"capabilities\": \"CrossResourceGroupResourceMove, CrossSubscriptionResourceMove, SystemAssignedResourceIdentity\"\r\n    },\r\n    {\r\n      \"resourceType\": \"searchServicesInt\",\r\n      \"locations\": [\r\n        \"West US\"\r\n      ],\r\n      \"apiVersions\": [\r\n        \"2015-08-19\",\r\n        \"2015-02-28\",\r\n        \"2014-07-31-Preview\"\r\n      ],\r\n      \"capabilities\": \"CrossResourceGroupResourceMove, CrossSubscriptionResourceMove, SystemAssignedResourceIdentity\"\r\n    },\r\n    {\r\n      \"resourceType\": \"searchServicesPpe\",\r\n      \"locations\": [\r\n        \"West US\"\r\n      ],\r\n      \"apiVersions\": [\r\n        \"2015-08-19\",\r\n        \"2015-02-28\",\r\n        \"2014-07-31-Preview\"\r\n      ],\r\n      \"capabilities\": \"CrossResourceGroupResourceMove, CrossSubscriptionResourceMove, SystemAssignedResourceIdentity\"\r\n    },\r\n    {\r\n      \"resourceType\": \"checkServiceNameAvailability\",\r\n      \"locations\": [],\r\n      \"apiVersions\": [\r\n        \"2015-02-28\",\r\n        \"2014-07-31-Preview\"\r\n      ]\r\n    },\r\n    {\r\n      \"resourceType\": \"checkServiceNameAvailabilityCit\",\r\n      \"locations\": [],\r\n      \"apiVersions\": [\r\n        \"2015-02-28\",\r\n        \"2014-07-31-Preview\"\r\n      ]\r\n    },\r\n    {\r\n      \"resourceType\": \"checkServiceNameAvailabilityInt\",\r\n      \"locations\": [],\r\n      \"apiVersions\": [\r\n        \"2015-02-28\",\r\n        \"2014-07-31-Preview\"\r\n      ]\r\n    },\r\n    {\r\n      \"resourceType\": \"checkServiceNameAvailabilityPpe\",\r\n      \"locations\": [],\r\n      \"apiVersions\": [\r\n        \"2015-02-28\",\r\n        \"2014-07-31-Preview\"\r\n      ]\r\n    },\r\n    {\r\n      \"resourceType\": \"checkNameAvailability\",\r\n      \"locations\": [],\r\n      \"apiVersions\": [\r\n        \"2015-08-19\"\r\n      ]\r\n    },\r\n    {\r\n      \"resourceType\": \"checkNameAvailabilityCit\",\r\n      \"locations\": [],\r\n      \"apiVersions\": [\r\n        \"2015-08-19\"\r\n      ]\r\n    },\r\n    {\r\n      \"resourceType\": \"checkNameAvailabilityInt\",\r\n      \"locations\": [],\r\n      \"apiVersions\": [\r\n        \"2015-08-19\"\r\n      ]\r\n    },\r\n    {\r\n      \"resourceType\": \"checkNameAvailabilityPpe\",\r\n      \"locations\": [],\r\n      \"apiVersions\": [\r\n        \"2015-08-19\"\r\n      ]\r\n    },\r\n    {\r\n      \"resourceType\": \"resourceHealthMetadata\",\r\n      \"locations\": [],\r\n      \"apiVersions\": [\r\n        \"2015-08-19\"\r\n      ]\r\n    },\r\n    {\r\n      \"resourceType\": \"operations\",\r\n      \"locations\": [],\r\n      \"apiVersions\": [\r\n        \"2015-08-19\",\r\n        \"2015-02-28\"\r\n      ]\r\n    }\r\n  ],\r\n  \"registrationState\": \"Registered\"\r\n}",
      "StatusCode": 200
    },
    {
      "RequestUri": "/subscriptions/3c729b2a-4f86-4bb2-abe8-4b8647af156c/resourcegroups/azsmnet9954?api-version=2016-09-01",
      "EncodedRequestUri": "L3N1YnNjcmlwdGlvbnMvM2M3MjliMmEtNGY4Ni00YmIyLWFiZTgtNGI4NjQ3YWYxNTZjL3Jlc291cmNlZ3JvdXBzL2F6c21uZXQ5OTU0P2FwaS12ZXJzaW9uPTIwMTYtMDktMDE=",
      "RequestMethod": "PUT",
      "RequestBody": "{\r\n  \"location\": \"West US\"\r\n}",
      "RequestHeaders": {
        "x-ms-client-request-id": [
          "5c6a3292-f1c5-4819-8afb-317a19537498"
        ],
        "accept-language": [
          "en-US"
        ],
        "User-Agent": [
          "FxVersion/4.6.26614.01",
          "OSName/Windows",
          "OSVersion/Microsoft.Windows.10.0.17763.",
          "Microsoft.Azure.Management.ResourceManager.ResourceManagementClient/1.5.0.0"
        ],
        "Content-Type": [
          "application/json; charset=utf-8"
        ],
        "Content-Length": [
          "29"
        ]
      },
      "ResponseHeaders": {
        "Cache-Control": [
          "no-cache"
        ],
        "Date": [
          "Sun, 17 Mar 2019 22:09:52 GMT"
        ],
        "Pragma": [
          "no-cache"
        ],
        "x-ms-ratelimit-remaining-subscription-writes": [
          "1141"
        ],
        "x-ms-request-id": [
          "f4c71e95-8272-40cc-ba9d-b07fc65a06f7"
        ],
        "x-ms-correlation-request-id": [
          "f4c71e95-8272-40cc-ba9d-b07fc65a06f7"
        ],
        "x-ms-routing-request-id": [
          "NORTHEUROPE:20190317T220952Z:f4c71e95-8272-40cc-ba9d-b07fc65a06f7"
        ],
        "Strict-Transport-Security": [
          "max-age=31536000; includeSubDomains"
        ],
        "X-Content-Type-Options": [
          "nosniff"
        ],
        "Content-Length": [
          "175"
        ],
        "Content-Type": [
          "application/json; charset=utf-8"
        ],
        "Expires": [
          "-1"
        ]
      },
      "ResponseBody": "{\r\n  \"id\": \"/subscriptions/3c729b2a-4f86-4bb2-abe8-4b8647af156c/resourceGroups/azsmnet9954\",\r\n  \"name\": \"azsmnet9954\",\r\n  \"location\": \"westus\",\r\n  \"properties\": {\r\n    \"provisioningState\": \"Succeeded\"\r\n  }\r\n}",
      "StatusCode": 201
    },
    {
      "RequestUri": "/subscriptions/3c729b2a-4f86-4bb2-abe8-4b8647af156c/resourceGroups/azsmnet9954/providers/Microsoft.Search/searchServices/azs-1801?api-version=2015-08-19",
      "EncodedRequestUri": "L3N1YnNjcmlwdGlvbnMvM2M3MjliMmEtNGY4Ni00YmIyLWFiZTgtNGI4NjQ3YWYxNTZjL3Jlc291cmNlR3JvdXBzL2F6c21uZXQ5OTU0L3Byb3ZpZGVycy9NaWNyb3NvZnQuU2VhcmNoL3NlYXJjaFNlcnZpY2VzL2F6cy0xODAxP2FwaS12ZXJzaW9uPTIwMTUtMDgtMTk=",
      "RequestMethod": "PUT",
      "RequestBody": "{\r\n  \"sku\": {\r\n    \"name\": \"free\"\r\n  },\r\n  \"location\": \"West US\"\r\n}",
      "RequestHeaders": {
        "x-ms-client-request-id": [
          "c26bb4c2-d9d9-4c01-8f27-7def7f9486b0"
        ],
        "accept-language": [
          "en-US"
        ],
        "User-Agent": [
          "FxVersion/4.6.26614.01",
          "OSName/Windows",
          "OSVersion/Microsoft.Windows.10.0.17763.",
          "Microsoft.Azure.Management.Search.SearchManagementClient/2.0.1.0"
        ],
        "Content-Type": [
          "application/json; charset=utf-8"
        ],
        "Content-Length": [
          "67"
        ]
      },
      "ResponseHeaders": {
        "Cache-Control": [
          "no-cache"
        ],
        "Date": [
          "Sun, 17 Mar 2019 22:09:54 GMT"
        ],
        "Pragma": [
          "no-cache"
        ],
        "ETag": [
          "W/\"datetime'2019-03-17T22%3A09%3A54.5750853Z'\""
        ],
        "x-ms-request-id": [
          "c26bb4c2-d9d9-4c01-8f27-7def7f9486b0"
        ],
        "request-id": [
          "c26bb4c2-d9d9-4c01-8f27-7def7f9486b0"
        ],
        "elapsed-time": [
          "892"
        ],
        "Strict-Transport-Security": [
          "max-age=31536000; includeSubDomains"
        ],
        "x-ms-ratelimit-remaining-subscription-writes": [
          "1139"
        ],
        "x-ms-correlation-request-id": [
          "cc3bf190-08ee-4163-ae88-c4cc7236767c"
        ],
        "x-ms-routing-request-id": [
          "NORTHEUROPE:20190317T220955Z:cc3bf190-08ee-4163-ae88-c4cc7236767c"
        ],
        "X-Content-Type-Options": [
          "nosniff"
        ],
        "Content-Length": [
          "385"
        ],
        "Content-Type": [
          "application/json; charset=utf-8"
        ],
        "Expires": [
          "-1"
        ]
      },
      "ResponseBody": "{\r\n  \"id\": \"/subscriptions/3c729b2a-4f86-4bb2-abe8-4b8647af156c/resourceGroups/azsmnet9954/providers/Microsoft.Search/searchServices/azs-1801\",\r\n  \"name\": \"azs-1801\",\r\n  \"type\": \"Microsoft.Search/searchServices\",\r\n  \"location\": \"West US\",\r\n  \"properties\": {\r\n    \"replicaCount\": 1,\r\n    \"partitionCount\": 1,\r\n    \"status\": \"running\",\r\n    \"statusDetails\": \"\",\r\n    \"provisioningState\": \"succeeded\",\r\n    \"hostingMode\": \"Default\"\r\n  },\r\n  \"sku\": {\r\n    \"name\": \"free\"\r\n  }\r\n}",
      "StatusCode": 201
    },
    {
      "RequestUri": "/subscriptions/3c729b2a-4f86-4bb2-abe8-4b8647af156c/resourceGroups/azsmnet9954/providers/Microsoft.Search/searchServices/azs-1801/listAdminKeys?api-version=2015-08-19",
      "EncodedRequestUri": "L3N1YnNjcmlwdGlvbnMvM2M3MjliMmEtNGY4Ni00YmIyLWFiZTgtNGI4NjQ3YWYxNTZjL3Jlc291cmNlR3JvdXBzL2F6c21uZXQ5OTU0L3Byb3ZpZGVycy9NaWNyb3NvZnQuU2VhcmNoL3NlYXJjaFNlcnZpY2VzL2F6cy0xODAxL2xpc3RBZG1pbktleXM/YXBpLXZlcnNpb249MjAxNS0wOC0xOQ==",
      "RequestMethod": "POST",
      "RequestBody": "",
      "RequestHeaders": {
        "x-ms-client-request-id": [
          "a8899901-b587-4716-b28f-d5f3eaedd528"
        ],
        "accept-language": [
          "en-US"
        ],
        "User-Agent": [
          "FxVersion/4.6.26614.01",
          "OSName/Windows",
          "OSVersion/Microsoft.Windows.10.0.17763.",
          "Microsoft.Azure.Management.Search.SearchManagementClient/2.0.1.0"
        ]
      },
      "ResponseHeaders": {
        "Cache-Control": [
          "no-cache"
        ],
        "Date": [
          "Sun, 17 Mar 2019 22:09:55 GMT"
        ],
        "Pragma": [
          "no-cache"
        ],
        "Vary": [
          "Accept-Encoding"
        ],
        "x-ms-request-id": [
          "a8899901-b587-4716-b28f-d5f3eaedd528"
        ],
        "request-id": [
          "a8899901-b587-4716-b28f-d5f3eaedd528"
        ],
        "elapsed-time": [
          "141"
        ],
        "Strict-Transport-Security": [
          "max-age=31536000; includeSubDomains"
        ],
        "x-ms-ratelimit-remaining-subscription-writes": [
          "1139"
        ],
        "x-ms-correlation-request-id": [
          "111fef1b-5420-4c0e-8029-4a0fa5d61cd5"
        ],
        "x-ms-routing-request-id": [
          "NORTHEUROPE:20190317T220956Z:111fef1b-5420-4c0e-8029-4a0fa5d61cd5"
        ],
        "X-Content-Type-Options": [
          "nosniff"
        ],
        "Content-Length": [
          "99"
        ],
        "Content-Type": [
          "application/json; charset=utf-8"
        ],
        "Expires": [
          "-1"
        ]
      },
      "ResponseBody": "{\r\n  \"primaryKey\": \"2F23CFF9BC3AFFEDAE244CC29D380C7F\",\r\n  \"secondaryKey\": \"FF5160A0E99CE6B6DFEBC61E9AA1BD2F\"\r\n}",
      "StatusCode": 200
    },
    {
      "RequestUri": "/subscriptions/3c729b2a-4f86-4bb2-abe8-4b8647af156c/resourceGroups/azsmnet9954/providers/Microsoft.Search/searchServices/azs-1801/listQueryKeys?api-version=2015-08-19",
      "EncodedRequestUri": "L3N1YnNjcmlwdGlvbnMvM2M3MjliMmEtNGY4Ni00YmIyLWFiZTgtNGI4NjQ3YWYxNTZjL3Jlc291cmNlR3JvdXBzL2F6c21uZXQ5OTU0L3Byb3ZpZGVycy9NaWNyb3NvZnQuU2VhcmNoL3NlYXJjaFNlcnZpY2VzL2F6cy0xODAxL2xpc3RRdWVyeUtleXM/YXBpLXZlcnNpb249MjAxNS0wOC0xOQ==",
      "RequestMethod": "GET",
      "RequestBody": "",
      "RequestHeaders": {
        "x-ms-client-request-id": [
          "bad7ad5d-bf98-4731-a913-9a0c24213658"
        ],
        "accept-language": [
          "en-US"
        ],
        "User-Agent": [
          "FxVersion/4.6.26614.01",
          "OSName/Windows",
          "OSVersion/Microsoft.Windows.10.0.17763.",
          "Microsoft.Azure.Management.Search.SearchManagementClient/2.0.1.0"
        ]
      },
      "ResponseHeaders": {
        "Cache-Control": [
          "no-cache"
        ],
        "Date": [
          "Sun, 17 Mar 2019 22:09:56 GMT"
        ],
        "Pragma": [
          "no-cache"
        ],
        "Vary": [
          "Accept-Encoding"
        ],
        "x-ms-request-id": [
          "bad7ad5d-bf98-4731-a913-9a0c24213658"
        ],
        "request-id": [
          "bad7ad5d-bf98-4731-a913-9a0c24213658"
        ],
        "elapsed-time": [
          "135"
        ],
        "Strict-Transport-Security": [
          "max-age=31536000; includeSubDomains"
        ],
        "x-ms-ratelimit-remaining-subscription-reads": [
          "14965"
        ],
        "x-ms-correlation-request-id": [
          "8d6b36f8-2899-46ab-9eff-39306ee77b20"
        ],
        "x-ms-routing-request-id": [
          "NORTHEUROPE:20190317T220957Z:8d6b36f8-2899-46ab-9eff-39306ee77b20"
        ],
        "X-Content-Type-Options": [
          "nosniff"
        ],
        "Content-Length": [
          "82"
        ],
        "Content-Type": [
          "application/json; charset=utf-8"
        ],
        "Expires": [
          "-1"
        ]
      },
      "ResponseBody": "{\r\n  \"value\": [\r\n    {\r\n      \"name\": null,\r\n      \"key\": \"E97CEAA59FF9E599F65AE5A0D964D1B9\"\r\n    }\r\n  ],\r\n  \"nextLink\": null\r\n}",
      "StatusCode": 200
    },
    {
      "RequestUri": "/indexes?api-version=2017-11-11-Preview",
      "EncodedRequestUri": "L2luZGV4ZXM/YXBpLXZlcnNpb249MjAxNy0xMS0xMS1QcmV2aWV3",
      "RequestMethod": "POST",
      "RequestBody": "{\r\n  \"name\": \"azsmnet8346\",\r\n  \"fields\": [\r\n    {\r\n      \"name\": \"feature_id\",\r\n      \"type\": \"Edm.String\",\r\n      \"analyzer\": null,\r\n      \"searchAnalyzer\": null,\r\n      \"indexAnalyzer\": null,\r\n      \"key\": true,\r\n      \"searchable\": false,\r\n      \"filterable\": false,\r\n      \"sortable\": false,\r\n      \"facetable\": false,\r\n      \"retrievable\": true\r\n    },\r\n    {\r\n      \"name\": \"feature_name\",\r\n      \"type\": \"Edm.String\",\r\n      \"analyzer\": null,\r\n      \"searchAnalyzer\": null,\r\n      \"indexAnalyzer\": null,\r\n      \"key\": false,\r\n      \"searchable\": true,\r\n      \"filterable\": true,\r\n      \"sortable\": false,\r\n      \"facetable\": false,\r\n      \"retrievable\": true\r\n    },\r\n    {\r\n      \"name\": \"feature_class\",\r\n      \"type\": \"Edm.String\",\r\n      \"analyzer\": null,\r\n      \"searchAnalyzer\": null,\r\n      \"indexAnalyzer\": null,\r\n      \"key\": false,\r\n      \"searchable\": false,\r\n      \"filterable\": false,\r\n      \"sortable\": false,\r\n      \"facetable\": false,\r\n      \"retrievable\": true\r\n    },\r\n    {\r\n      \"name\": \"state\",\r\n      \"type\": \"Edm.String\",\r\n      \"analyzer\": null,\r\n      \"searchAnalyzer\": null,\r\n      \"indexAnalyzer\": null,\r\n      \"key\": false,\r\n      \"searchable\": true,\r\n      \"filterable\": true,\r\n      \"sortable\": false,\r\n      \"facetable\": false,\r\n      \"retrievable\": true\r\n    },\r\n    {\r\n      \"name\": \"county_name\",\r\n      \"type\": \"Edm.String\",\r\n      \"analyzer\": null,\r\n      \"searchAnalyzer\": null,\r\n      \"indexAnalyzer\": null,\r\n      \"key\": false,\r\n      \"searchable\": true,\r\n      \"filterable\": true,\r\n      \"sortable\": false,\r\n      \"facetable\": false,\r\n      \"retrievable\": true\r\n    },\r\n    {\r\n      \"name\": \"elevation\",\r\n      \"type\": \"Edm.Int32\",\r\n      \"analyzer\": null,\r\n      \"searchAnalyzer\": null,\r\n      \"indexAnalyzer\": null,\r\n      \"key\": false,\r\n      \"searchable\": false,\r\n      \"filterable\": true,\r\n      \"sortable\": false,\r\n      \"facetable\": false,\r\n      \"retrievable\": true\r\n    },\r\n    {\r\n      \"name\": \"map_name\",\r\n      \"type\": \"Edm.String\",\r\n      \"analyzer\": null,\r\n      \"searchAnalyzer\": null,\r\n      \"indexAnalyzer\": null,\r\n      \"key\": false,\r\n      \"searchable\": true,\r\n      \"filterable\": true,\r\n      \"sortable\": false,\r\n      \"facetable\": false,\r\n      \"retrievable\": true\r\n    },\r\n    {\r\n      \"name\": \"history\",\r\n      \"type\": \"Collection(Edm.String)\",\r\n      \"analyzer\": null,\r\n      \"searchAnalyzer\": null,\r\n      \"indexAnalyzer\": null,\r\n      \"key\": false,\r\n      \"searchable\": true,\r\n      \"filterable\": false,\r\n      \"sortable\": false,\r\n      \"facetable\": false,\r\n      \"retrievable\": true\r\n    },\r\n    {\r\n      \"name\": \"myEntities\",\r\n      \"type\": \"Collection(Edm.String)\",\r\n      \"analyzer\": null,\r\n      \"searchAnalyzer\": null,\r\n      \"indexAnalyzer\": null,\r\n      \"key\": false,\r\n      \"searchable\": true,\r\n      \"filterable\": false,\r\n      \"sortable\": false,\r\n      \"facetable\": false,\r\n      \"retrievable\": true\r\n    },\r\n    {\r\n      \"name\": \"myText\",\r\n      \"type\": \"Edm.String\",\r\n      \"analyzer\": null,\r\n      \"searchAnalyzer\": null,\r\n      \"indexAnalyzer\": null,\r\n      \"key\": false,\r\n      \"searchable\": true,\r\n      \"filterable\": false,\r\n      \"sortable\": false,\r\n      \"facetable\": false,\r\n      \"retrievable\": true\r\n    }\r\n  ]\r\n}",
      "RequestHeaders": {
        "client-request-id": [
          "09f60d05-d13a-4eff-9825-7f507ee7cf1c"
        ],
        "accept-language": [
          "en-US"
        ],
        "api-key": [
          "2F23CFF9BC3AFFEDAE244CC29D380C7F"
        ],
        "User-Agent": [
          "FxVersion/4.6.26614.01",
          "OSName/Windows",
          "OSVersion/Microsoft.Windows.10.0.17763.",
          "Microsoft.Azure.Search.SearchServiceClient/8.0.0.0"
        ],
        "Content-Type": [
          "application/json; charset=utf-8"
        ],
        "Content-Length": [
          "3210"
        ]
      },
      "ResponseHeaders": {
        "Cache-Control": [
          "no-cache"
        ],
        "Date": [
          "Sun, 17 Mar 2019 22:09:58 GMT"
        ],
        "Pragma": [
          "no-cache"
        ],
        "ETag": [
          "W/\"0x8D6AB254B8D4E68\""
        ],
        "Location": [
          "https://azs-1801.search-dogfood.windows-int.net/indexes('azsmnet8346')?api-version=2017-11-11-Preview"
        ],
        "request-id": [
          "09f60d05-d13a-4eff-9825-7f507ee7cf1c"
        ],
        "elapsed-time": [
          "825"
        ],
        "OData-Version": [
          "4.0"
        ],
        "Preference-Applied": [
          "odata.include-annotations=\"*\""
        ],
        "Strict-Transport-Security": [
          "max-age=15724800; includeSubDomains"
        ],
        "Content-Length": [
          "2536"
        ],
        "Content-Type": [
          "application/json; odata.metadata=minimal"
        ],
        "Expires": [
          "-1"
        ]
      },
      "ResponseBody": "{\r\n  \"@odata.context\": \"https://azs-1801.search-dogfood.windows-int.net/$metadata#indexes/$entity\",\r\n  \"@odata.etag\": \"\\\"0x8D6AB254B8D4E68\\\"\",\r\n  \"name\": \"azsmnet8346\",\r\n  \"defaultScoringProfile\": null,\r\n  \"fields\": [\r\n    {\r\n      \"name\": \"feature_id\",\r\n      \"type\": \"Edm.String\",\r\n      \"searchable\": false,\r\n      \"filterable\": false,\r\n      \"retrievable\": true,\r\n      \"sortable\": false,\r\n      \"facetable\": false,\r\n      \"key\": true,\r\n      \"indexAnalyzer\": null,\r\n      \"searchAnalyzer\": null,\r\n      \"analyzer\": null,\r\n      \"synonymMaps\": []\r\n    },\r\n    {\r\n      \"name\": \"feature_name\",\r\n      \"type\": \"Edm.String\",\r\n      \"searchable\": true,\r\n      \"filterable\": true,\r\n      \"retrievable\": true,\r\n      \"sortable\": false,\r\n      \"facetable\": false,\r\n      \"key\": false,\r\n      \"indexAnalyzer\": null,\r\n      \"searchAnalyzer\": null,\r\n      \"analyzer\": null,\r\n      \"synonymMaps\": []\r\n    },\r\n    {\r\n      \"name\": \"feature_class\",\r\n      \"type\": \"Edm.String\",\r\n      \"searchable\": false,\r\n      \"filterable\": false,\r\n      \"retrievable\": true,\r\n      \"sortable\": false,\r\n      \"facetable\": false,\r\n      \"key\": false,\r\n      \"indexAnalyzer\": null,\r\n      \"searchAnalyzer\": null,\r\n      \"analyzer\": null,\r\n      \"synonymMaps\": []\r\n    },\r\n    {\r\n      \"name\": \"state\",\r\n      \"type\": \"Edm.String\",\r\n      \"searchable\": true,\r\n      \"filterable\": true,\r\n      \"retrievable\": true,\r\n      \"sortable\": false,\r\n      \"facetable\": false,\r\n      \"key\": false,\r\n      \"indexAnalyzer\": null,\r\n      \"searchAnalyzer\": null,\r\n      \"analyzer\": null,\r\n      \"synonymMaps\": []\r\n    },\r\n    {\r\n      \"name\": \"county_name\",\r\n      \"type\": \"Edm.String\",\r\n      \"searchable\": true,\r\n      \"filterable\": true,\r\n      \"retrievable\": true,\r\n      \"sortable\": false,\r\n      \"facetable\": false,\r\n      \"key\": false,\r\n      \"indexAnalyzer\": null,\r\n      \"searchAnalyzer\": null,\r\n      \"analyzer\": null,\r\n      \"synonymMaps\": []\r\n    },\r\n    {\r\n      \"name\": \"elevation\",\r\n      \"type\": \"Edm.Int32\",\r\n      \"searchable\": false,\r\n      \"filterable\": true,\r\n      \"retrievable\": true,\r\n      \"sortable\": false,\r\n      \"facetable\": false,\r\n      \"key\": false,\r\n      \"indexAnalyzer\": null,\r\n      \"searchAnalyzer\": null,\r\n      \"analyzer\": null,\r\n      \"synonymMaps\": []\r\n    },\r\n    {\r\n      \"name\": \"map_name\",\r\n      \"type\": \"Edm.String\",\r\n      \"searchable\": true,\r\n      \"filterable\": true,\r\n      \"retrievable\": true,\r\n      \"sortable\": false,\r\n      \"facetable\": false,\r\n      \"key\": false,\r\n      \"indexAnalyzer\": null,\r\n      \"searchAnalyzer\": null,\r\n      \"analyzer\": null,\r\n      \"synonymMaps\": []\r\n    },\r\n    {\r\n      \"name\": \"history\",\r\n      \"type\": \"Collection(Edm.String)\",\r\n      \"searchable\": true,\r\n      \"filterable\": false,\r\n      \"retrievable\": true,\r\n      \"sortable\": false,\r\n      \"facetable\": false,\r\n      \"key\": false,\r\n      \"indexAnalyzer\": null,\r\n      \"searchAnalyzer\": null,\r\n      \"analyzer\": null,\r\n      \"synonymMaps\": []\r\n    },\r\n    {\r\n      \"name\": \"myEntities\",\r\n      \"type\": \"Collection(Edm.String)\",\r\n      \"searchable\": true,\r\n      \"filterable\": false,\r\n      \"retrievable\": true,\r\n      \"sortable\": false,\r\n      \"facetable\": false,\r\n      \"key\": false,\r\n      \"indexAnalyzer\": null,\r\n      \"searchAnalyzer\": null,\r\n      \"analyzer\": null,\r\n      \"synonymMaps\": []\r\n    },\r\n    {\r\n      \"name\": \"myText\",\r\n      \"type\": \"Edm.String\",\r\n      \"searchable\": true,\r\n      \"filterable\": false,\r\n      \"retrievable\": true,\r\n      \"sortable\": false,\r\n      \"facetable\": false,\r\n      \"key\": false,\r\n      \"indexAnalyzer\": null,\r\n      \"searchAnalyzer\": null,\r\n      \"analyzer\": null,\r\n      \"synonymMaps\": []\r\n    }\r\n  ],\r\n  \"scoringProfiles\": [],\r\n  \"corsOptions\": null,\r\n  \"suggesters\": [],\r\n  \"analyzers\": [],\r\n  \"tokenizers\": [],\r\n  \"tokenFilters\": [],\r\n  \"charFilters\": []\r\n}",
      "StatusCode": 201
    },
    {
      "RequestUri": "/datasources?api-version=2017-11-11-Preview",
      "EncodedRequestUri": "L2RhdGFzb3VyY2VzP2FwaS12ZXJzaW9uPTIwMTctMTEtMTEtUHJldmlldw==",
      "RequestMethod": "POST",
      "RequestBody": "{\r\n  \"name\": \"azsmnet5464\",\r\n  \"type\": \"azuresql\",\r\n  \"credentials\": {\r\n    \"connectionString\": \"Server=tcp:azs-playground.database.windows.net,1433;Database=usgs;User ID=reader;Password=EdrERBt3j6mZDP;Trusted_Connection=False;Encrypt=True;Connection Timeout=30;\"\r\n  },\r\n  \"container\": {\r\n    \"name\": \"GeoNamesRI\"\r\n  }\r\n}",
      "RequestHeaders": {
        "client-request-id": [
          "6ec44df7-4672-4af8-8093-b830a8d5f09c"
        ],
        "accept-language": [
          "en-US"
        ],
        "api-key": [
          "2F23CFF9BC3AFFEDAE244CC29D380C7F"
        ],
        "User-Agent": [
          "FxVersion/4.6.26614.01",
          "OSName/Windows",
          "OSVersion/Microsoft.Windows.10.0.17763.",
          "Microsoft.Azure.Search.SearchServiceClient/8.0.0.0"
        ],
        "Content-Type": [
          "application/json; charset=utf-8"
        ],
        "Content-Length": [
          "321"
        ]
      },
      "ResponseHeaders": {
        "Cache-Control": [
          "no-cache"
        ],
        "Date": [
          "Sun, 17 Mar 2019 22:09:58 GMT"
        ],
        "Pragma": [
          "no-cache"
        ],
        "ETag": [
          "W/\"0x8D6AB254BA45E71\""
        ],
        "Location": [
          "https://azs-1801.search-dogfood.windows-int.net/datasources('azsmnet5464')?api-version=2017-11-11-Preview"
        ],
        "request-id": [
          "6ec44df7-4672-4af8-8093-b830a8d5f09c"
        ],
        "elapsed-time": [
          "33"
        ],
        "OData-Version": [
          "4.0"
        ],
        "Preference-Applied": [
          "odata.include-annotations=\"*\""
        ],
        "Strict-Transport-Security": [
          "max-age=15724800; includeSubDomains"
        ],
        "Content-Length": [
          "527"
        ],
        "Content-Type": [
          "application/json; odata.metadata=minimal"
        ],
        "Expires": [
          "-1"
        ]
      },
      "ResponseBody": "{\r\n  \"@odata.context\": \"https://azs-1801.search-dogfood.windows-int.net/$metadata#datasources/$entity\",\r\n  \"@odata.etag\": \"\\\"0x8D6AB254BA45E71\\\"\",\r\n  \"name\": \"azsmnet5464\",\r\n  \"description\": null,\r\n  \"type\": \"azuresql\",\r\n  \"subtype\": null,\r\n  \"credentials\": {\r\n    \"connectionString\": \"Server=tcp:azs-playground.database.windows.net,1433;Database=usgs;User ID=reader;Password=EdrERBt3j6mZDP;Trusted_Connection=False;Encrypt=True;Connection Timeout=30;\"\r\n  },\r\n  \"container\": {\r\n    \"name\": \"GeoNamesRI\",\r\n    \"query\": null\r\n  },\r\n  \"dataChangeDetectionPolicy\": null,\r\n  \"dataDeletionDetectionPolicy\": null\r\n}",
      "StatusCode": 201
    },
    {
      "RequestUri": "/indexers?api-version=2017-11-11-Preview",
      "EncodedRequestUri": "L2luZGV4ZXJzP2FwaS12ZXJzaW9uPTIwMTctMTEtMTEtUHJldmlldw==",
      "RequestMethod": "POST",
      "RequestBody": "{\r\n  \"name\": \"azsmnet7663\",\r\n  \"dataSourceName\": \"azsmnet5464\",\r\n  \"targetIndexName\": \"azsmnet8346\",\r\n  \"schedule\": {\r\n    \"interval\": \"P1D\"\r\n  },\r\n  \"fieldMappings\": [\r\n    {\r\n      \"sourceFieldName\": \"feature_class\",\r\n      \"targetFieldName\": \"feature_class\",\r\n      \"mappingFunction\": {\r\n        \"name\": \"base64Encode\"\r\n      }\r\n    },\r\n    {\r\n      \"sourceFieldName\": \"state_alpha\",\r\n      \"targetFieldName\": \"state\"\r\n    },\r\n    {\r\n      \"sourceFieldName\": \"county_name\",\r\n      \"targetFieldName\": \"county_name\",\r\n      \"mappingFunction\": {\r\n        \"name\": \"extractTokenAtPosition\",\r\n        \"parameters\": {\r\n          \"delimiter\": \" \",\r\n          \"position\": 0\r\n        }\r\n      }\r\n    },\r\n    {\r\n      \"sourceFieldName\": \"elev_in_m\",\r\n      \"targetFieldName\": \"elevation\"\r\n    },\r\n    {\r\n      \"sourceFieldName\": \"map_name\",\r\n      \"targetFieldName\": \"map_name\",\r\n      \"mappingFunction\": {\r\n        \"name\": \"base64Decode\"\r\n      }\r\n    },\r\n    {\r\n      \"sourceFieldName\": \"history\",\r\n      \"targetFieldName\": \"history\",\r\n      \"mappingFunction\": {\r\n        \"name\": \"jsonArrayToStringCollection\"\r\n      }\r\n    }\r\n  ]\r\n}",
      "RequestHeaders": {
        "client-request-id": [
          "66f7b627-4e8d-4d29-9037-2e4383f93a9e"
        ],
        "accept-language": [
          "en-US"
        ],
        "api-key": [
          "2F23CFF9BC3AFFEDAE244CC29D380C7F"
        ],
        "User-Agent": [
          "FxVersion/4.6.26614.01",
          "OSName/Windows",
          "OSVersion/Microsoft.Windows.10.0.17763.",
          "Microsoft.Azure.Search.SearchServiceClient/8.0.0.0"
        ],
        "Content-Type": [
          "application/json; charset=utf-8"
        ],
        "Content-Length": [
          "1127"
        ]
      },
      "ResponseHeaders": {
        "Cache-Control": [
          "no-cache"
        ],
        "Date": [
          "Sun, 17 Mar 2019 22:10:00 GMT"
        ],
        "Pragma": [
          "no-cache"
        ],
        "ETag": [
          "W/\"0x8D6AB254C3576B9\""
        ],
        "Location": [
          "https://azs-1801.search-dogfood.windows-int.net/indexers('azsmnet7663')?api-version=2017-11-11-Preview"
        ],
        "request-id": [
          "66f7b627-4e8d-4d29-9037-2e4383f93a9e"
        ],
        "elapsed-time": [
          "161"
        ],
        "OData-Version": [
          "4.0"
        ],
        "Preference-Applied": [
          "odata.include-annotations=\"*\""
        ],
        "Strict-Transport-Security": [
          "max-age=15724800; includeSubDomains"
        ],
        "Content-Length": [
          "1111"
        ],
        "Content-Type": [
          "application/json; odata.metadata=minimal"
        ],
        "Expires": [
          "-1"
        ]
      },
      "ResponseBody": "{\r\n  \"@odata.context\": \"https://azs-1801.search-dogfood.windows-int.net/$metadata#indexers/$entity\",\r\n  \"@odata.etag\": \"\\\"0x8D6AB254C3576B9\\\"\",\r\n  \"name\": \"azsmnet7663\",\r\n  \"description\": null,\r\n  \"dataSourceName\": \"azsmnet5464\",\r\n  \"skillsetName\": null,\r\n  \"targetIndexName\": \"azsmnet8346\",\r\n  \"disabled\": null,\r\n  \"schedule\": {\r\n    \"interval\": \"P1D\",\r\n    \"startTime\": \"0001-01-01T00:00:00Z\"\r\n  },\r\n  \"parameters\": null,\r\n  \"fieldMappings\": [\r\n    {\r\n      \"sourceFieldName\": \"feature_class\",\r\n      \"targetFieldName\": \"feature_class\",\r\n      \"mappingFunction\": {\r\n        \"name\": \"base64Encode\",\r\n        \"parameters\": null\r\n      }\r\n    },\r\n    {\r\n      \"sourceFieldName\": \"state_alpha\",\r\n      \"targetFieldName\": \"state\",\r\n      \"mappingFunction\": null\r\n    },\r\n    {\r\n      \"sourceFieldName\": \"county_name\",\r\n      \"targetFieldName\": \"county_name\",\r\n      \"mappingFunction\": {\r\n        \"name\": \"extractTokenAtPosition\",\r\n        \"parameters\": {\r\n          \"delimiter\": \" \",\r\n          \"position\": 0\r\n        }\r\n      }\r\n    },\r\n    {\r\n      \"sourceFieldName\": \"elev_in_m\",\r\n      \"targetFieldName\": \"elevation\",\r\n      \"mappingFunction\": null\r\n    },\r\n    {\r\n      \"sourceFieldName\": \"map_name\",\r\n      \"targetFieldName\": \"map_name\",\r\n      \"mappingFunction\": {\r\n        \"name\": \"base64Decode\",\r\n        \"parameters\": null\r\n      }\r\n    },\r\n    {\r\n      \"sourceFieldName\": \"history\",\r\n      \"targetFieldName\": \"history\",\r\n      \"mappingFunction\": {\r\n        \"name\": \"jsonArrayToStringCollection\",\r\n        \"parameters\": null\r\n      }\r\n    }\r\n  ],\r\n  \"outputFieldMappings\": []\r\n}",
      "StatusCode": 201
    },
    {
      "RequestUri": "/indexers('azsmnet7663')/search.reset?api-version=2017-11-11-Preview",
      "EncodedRequestUri": "L2luZGV4ZXJzKCdhenNtbmV0NzY2MycpL3NlYXJjaC5yZXNldD9hcGktdmVyc2lvbj0yMDE3LTExLTExLVByZXZpZXc=",
      "RequestMethod": "POST",
      "RequestBody": "",
      "RequestHeaders": {
        "client-request-id": [
          "fc2ee828-3277-4339-9fa7-aa06deba5496"
        ],
        "accept-language": [
          "en-US"
        ],
        "api-key": [
          "2F23CFF9BC3AFFEDAE244CC29D380C7F"
        ],
        "User-Agent": [
          "FxVersion/4.6.26614.01",
          "OSName/Windows",
          "OSVersion/Microsoft.Windows.10.0.17763.",
          "Microsoft.Azure.Search.SearchServiceClient/8.0.0.0"
        ]
      },
      "ResponseHeaders": {
        "Cache-Control": [
          "no-cache"
        ],
        "Date": [
          "Sun, 17 Mar 2019 22:10:00 GMT"
        ],
        "Pragma": [
          "no-cache"
        ],
        "request-id": [
          "fc2ee828-3277-4339-9fa7-aa06deba5496"
        ],
        "elapsed-time": [
          "54"
        ],
        "Strict-Transport-Security": [
          "max-age=15724800; includeSubDomains"
        ],
        "Expires": [
          "-1"
        ]
      },
      "ResponseBody": "",
      "StatusCode": 204
    },
    {
      "RequestUri": "/indexers('azsmnet7663')/search.status?api-version=2017-11-11-Preview",
      "EncodedRequestUri": "L2luZGV4ZXJzKCdhenNtbmV0NzY2MycpL3NlYXJjaC5zdGF0dXM/YXBpLXZlcnNpb249MjAxNy0xMS0xMS1QcmV2aWV3",
      "RequestMethod": "GET",
      "RequestBody": "",
      "RequestHeaders": {
        "client-request-id": [
          "9800cda3-77ab-4c6a-b83e-cf1de7aabfd9"
        ],
        "accept-language": [
          "en-US"
        ],
        "api-key": [
          "2F23CFF9BC3AFFEDAE244CC29D380C7F"
        ],
        "User-Agent": [
          "FxVersion/4.6.26614.01",
          "OSName/Windows",
          "OSVersion/Microsoft.Windows.10.0.17763.",
          "Microsoft.Azure.Search.SearchServiceClient/8.0.0.0"
        ]
      },
      "ResponseHeaders": {
        "Cache-Control": [
          "no-cache"
        ],
        "Date": [
          "Sun, 17 Mar 2019 22:10:00 GMT"
        ],
        "Pragma": [
          "no-cache"
        ],
        "request-id": [
          "9800cda3-77ab-4c6a-b83e-cf1de7aabfd9"
        ],
        "elapsed-time": [
          "17"
        ],
        "OData-Version": [
          "4.0"
        ],
        "Preference-Applied": [
          "odata.include-annotations=\"*\""
        ],
        "Strict-Transport-Security": [
          "max-age=15724800; includeSubDomains"
        ],
        "Content-Length": [
          "720"
        ],
        "Content-Type": [
          "application/json; odata.metadata=minimal; odata.streaming=true"
        ],
        "Expires": [
          "-1"
        ]
      },
      "ResponseBody": "{\r\n  \"@odata.context\": \"https://azs-1801.search-dogfood.windows-int.net/$metadata#Microsoft.Azure.Search.V2017_11_11_Preview.IndexerExecutionInfo\",\r\n  \"name\": \"azsmnet7663\",\r\n  \"status\": \"running\",\r\n  \"lastResult\": {\r\n    \"status\": \"reset\",\r\n    \"errorMessage\": null,\r\n    \"startTime\": \"2019-03-17T22:10:00.149Z\",\r\n    \"endTime\": \"2019-03-17T22:10:00.149Z\",\r\n    \"itemsProcessed\": 0,\r\n    \"itemsFailed\": 0,\r\n    \"initialTrackingState\": null,\r\n    \"finalTrackingState\": null,\r\n    \"errors\": [],\r\n    \"warnings\": [],\r\n    \"metrics\": null\r\n  },\r\n  \"executionHistory\": [\r\n    {\r\n      \"status\": \"reset\",\r\n      \"errorMessage\": null,\r\n      \"startTime\": \"2019-03-17T22:10:00.149Z\",\r\n      \"endTime\": \"2019-03-17T22:10:00.149Z\",\r\n      \"itemsProcessed\": 0,\r\n      \"itemsFailed\": 0,\r\n      \"initialTrackingState\": null,\r\n      \"finalTrackingState\": null,\r\n      \"errors\": [],\r\n      \"warnings\": [],\r\n      \"metrics\": null\r\n    }\r\n  ],\r\n  \"limits\": null\r\n}",
      "StatusCode": 200
    },
    {
      "RequestUri": "/subscriptions/3c729b2a-4f86-4bb2-abe8-4b8647af156c/resourceGroups/azsmnet9954/providers/Microsoft.Search/searchServices/azs-1801?api-version=2015-08-19",
      "EncodedRequestUri": "L3N1YnNjcmlwdGlvbnMvM2M3MjliMmEtNGY4Ni00YmIyLWFiZTgtNGI4NjQ3YWYxNTZjL3Jlc291cmNlR3JvdXBzL2F6c21uZXQ5OTU0L3Byb3ZpZGVycy9NaWNyb3NvZnQuU2VhcmNoL3NlYXJjaFNlcnZpY2VzL2F6cy0xODAxP2FwaS12ZXJzaW9uPTIwMTUtMDgtMTk=",
      "RequestMethod": "DELETE",
      "RequestBody": "",
      "RequestHeaders": {
        "x-ms-client-request-id": [
          "d9b3b219-5169-4ae9-97fb-d313ca39110c"
        ],
        "accept-language": [
          "en-US"
        ],
        "User-Agent": [
          "FxVersion/4.6.26614.01",
          "OSName/Windows",
          "OSVersion/Microsoft.Windows.10.0.17763.",
          "Microsoft.Azure.Management.Search.SearchManagementClient/2.0.1.0"
        ]
      },
      "ResponseHeaders": {
        "Cache-Control": [
          "no-cache"
        ],
        "Date": [
          "Sun, 17 Mar 2019 22:10:02 GMT"
        ],
        "Pragma": [
          "no-cache"
        ],
        "x-ms-request-id": [
          "d9b3b219-5169-4ae9-97fb-d313ca39110c"
        ],
        "request-id": [
          "d9b3b219-5169-4ae9-97fb-d313ca39110c"
        ],
        "elapsed-time": [
          "1484"
        ],
        "Strict-Transport-Security": [
          "max-age=31536000; includeSubDomains"
        ],
        "x-ms-ratelimit-remaining-subscription-deletes": [
          "14955"
        ],
        "x-ms-correlation-request-id": [
          "fefa8b09-5d3a-4b68-8ea2-dbf0e6effbb8"
        ],
        "x-ms-routing-request-id": [
          "NORTHEUROPE:20190317T221003Z:fefa8b09-5d3a-4b68-8ea2-dbf0e6effbb8"
        ],
        "X-Content-Type-Options": [
          "nosniff"
        ],
        "Content-Length": [
          "0"
        ],
        "Expires": [
          "-1"
        ]
      },
      "ResponseBody": "",
      "StatusCode": 200
    }
  ],
  "Names": {
    "GenerateName": [
      "azsmnet9954",
      "azsmnet8346",
      "azsmnet5464",
      "azsmnet7663"
    ],
    "GenerateServiceName": [
      "azs-1801"
    ]
  },
  "Variables": {
    "SubscriptionId": "3c729b2a-4f86-4bb2-abe8-4b8647af156c"
  }
}