{
  "Entries": [
    {
      "RequestUri": "/subscriptions/3c729b2a-4f86-4bb2-abe8-4b8647af156c/providers/Microsoft.Search/register?api-version=2016-09-01",
      "EncodedRequestUri": "L3N1YnNjcmlwdGlvbnMvM2M3MjliMmEtNGY4Ni00YmIyLWFiZTgtNGI4NjQ3YWYxNTZjL3Byb3ZpZGVycy9NaWNyb3NvZnQuU2VhcmNoL3JlZ2lzdGVyP2FwaS12ZXJzaW9uPTIwMTYtMDktMDE=",
      "RequestMethod": "POST",
      "RequestBody": "",
      "RequestHeaders": {
        "x-ms-client-request-id": [
          "17d3745b-eb4e-49ef-aa0f-b29f53a6b074"
        ],
        "accept-language": [
          "en-US"
        ],
        "User-Agent": [
          "FxVersion/4.6.26614.01",
          "OSName/Windows",
          "OSVersion/Microsoft.Windows.10.0.17763.",
          "Microsoft.Azure.Management.ResourceManager.ResourceManagementClient/1.5.0.0"
        ]
      },
      "ResponseHeaders": {
        "Cache-Control": [
          "no-cache"
        ],
        "Date": [
          "Sun, 17 Mar 2019 22:07:24 GMT"
        ],
        "Pragma": [
          "no-cache"
        ],
        "x-ms-ratelimit-remaining-subscription-writes": [
          "1143"
        ],
        "x-ms-request-id": [
          "1635e8f1-af41-4d31-8a65-54f575b94f71"
        ],
        "x-ms-correlation-request-id": [
          "1635e8f1-af41-4d31-8a65-54f575b94f71"
        ],
        "x-ms-routing-request-id": [
          "NORTHEUROPE:20190317T220724Z:1635e8f1-af41-4d31-8a65-54f575b94f71"
        ],
        "Strict-Transport-Security": [
          "max-age=31536000; includeSubDomains"
        ],
        "X-Content-Type-Options": [
          "nosniff"
        ],
        "Content-Length": [
          "2230"
        ],
        "Content-Type": [
          "application/json; charset=utf-8"
        ],
        "Expires": [
          "-1"
        ]
      },
      "ResponseBody": "{\r\n  \"id\": \"/subscriptions/3c729b2a-4f86-4bb2-abe8-4b8647af156c/providers/Microsoft.Search\",\r\n  \"namespace\": \"Microsoft.Search\",\r\n  \"authorization\": {\r\n    \"applicationId\": \"804f4a7a-7d6e-4df7-bf8c-e7f0106e16c2\",\r\n    \"roleDefinitionId\": \"20FA3191-87CF-4C3D-9510-74CCB594A310\"\r\n  },\r\n  \"resourceTypes\": [\r\n    {\r\n      \"resourceType\": \"searchServices\",\r\n      \"locations\": [\r\n        \"West US\",\r\n        \"East US\"\r\n      ],\r\n      \"apiVersions\": [\r\n        \"2015-08-19\",\r\n        \"2015-02-28\",\r\n        \"2014-07-31-Preview\"\r\n      ],\r\n      \"capabilities\": \"CrossResourceGroupResourceMove, CrossSubscriptionResourceMove, SystemAssignedResourceIdentity\"\r\n    },\r\n    {\r\n      \"resourceType\": \"searchServicesCit\",\r\n      \"locations\": [\r\n        \"West US\"\r\n      ],\r\n      \"apiVersions\": [\r\n        \"2015-08-19\",\r\n        \"2015-02-28\",\r\n        \"2014-07-31-Preview\"\r\n      ],\r\n      \"capabilities\": \"CrossResourceGroupResourceMove, CrossSubscriptionResourceMove, SystemAssignedResourceIdentity\"\r\n    },\r\n    {\r\n      \"resourceType\": \"searchServicesInt\",\r\n      \"locations\": [\r\n        \"West US\"\r\n      ],\r\n      \"apiVersions\": [\r\n        \"2015-08-19\",\r\n        \"2015-02-28\",\r\n        \"2014-07-31-Preview\"\r\n      ],\r\n      \"capabilities\": \"CrossResourceGroupResourceMove, CrossSubscriptionResourceMove, SystemAssignedResourceIdentity\"\r\n    },\r\n    {\r\n      \"resourceType\": \"searchServicesPpe\",\r\n      \"locations\": [\r\n        \"West US\"\r\n      ],\r\n      \"apiVersions\": [\r\n        \"2015-08-19\",\r\n        \"2015-02-28\",\r\n        \"2014-07-31-Preview\"\r\n      ],\r\n      \"capabilities\": \"CrossResourceGroupResourceMove, CrossSubscriptionResourceMove, SystemAssignedResourceIdentity\"\r\n    },\r\n    {\r\n      \"resourceType\": \"checkServiceNameAvailability\",\r\n      \"locations\": [],\r\n      \"apiVersions\": [\r\n        \"2015-02-28\",\r\n        \"2014-07-31-Preview\"\r\n      ]\r\n    },\r\n    {\r\n      \"resourceType\": \"checkServiceNameAvailabilityCit\",\r\n      \"locations\": [],\r\n      \"apiVersions\": [\r\n        \"2015-02-28\",\r\n        \"2014-07-31-Preview\"\r\n      ]\r\n    },\r\n    {\r\n      \"resourceType\": \"checkServiceNameAvailabilityInt\",\r\n      \"locations\": [],\r\n      \"apiVersions\": [\r\n        \"2015-02-28\",\r\n        \"2014-07-31-Preview\"\r\n      ]\r\n    },\r\n    {\r\n      \"resourceType\": \"checkServiceNameAvailabilityPpe\",\r\n      \"locations\": [],\r\n      \"apiVersions\": [\r\n        \"2015-02-28\",\r\n        \"2014-07-31-Preview\"\r\n      ]\r\n    },\r\n    {\r\n      \"resourceType\": \"checkNameAvailability\",\r\n      \"locations\": [],\r\n      \"apiVersions\": [\r\n        \"2015-08-19\"\r\n      ]\r\n    },\r\n    {\r\n      \"resourceType\": \"checkNameAvailabilityCit\",\r\n      \"locations\": [],\r\n      \"apiVersions\": [\r\n        \"2015-08-19\"\r\n      ]\r\n    },\r\n    {\r\n      \"resourceType\": \"checkNameAvailabilityInt\",\r\n      \"locations\": [],\r\n      \"apiVersions\": [\r\n        \"2015-08-19\"\r\n      ]\r\n    },\r\n    {\r\n      \"resourceType\": \"checkNameAvailabilityPpe\",\r\n      \"locations\": [],\r\n      \"apiVersions\": [\r\n        \"2015-08-19\"\r\n      ]\r\n    },\r\n    {\r\n      \"resourceType\": \"resourceHealthMetadata\",\r\n      \"locations\": [],\r\n      \"apiVersions\": [\r\n        \"2015-08-19\"\r\n      ]\r\n    },\r\n    {\r\n      \"resourceType\": \"operations\",\r\n      \"locations\": [],\r\n      \"apiVersions\": [\r\n        \"2015-08-19\",\r\n        \"2015-02-28\"\r\n      ]\r\n    }\r\n  ],\r\n  \"registrationState\": \"Registered\"\r\n}",
      "StatusCode": 200
    },
    {
      "RequestUri": "/subscriptions/3c729b2a-4f86-4bb2-abe8-4b8647af156c/resourcegroups/azsmnet7468?api-version=2016-09-01",
      "EncodedRequestUri": "L3N1YnNjcmlwdGlvbnMvM2M3MjliMmEtNGY4Ni00YmIyLWFiZTgtNGI4NjQ3YWYxNTZjL3Jlc291cmNlZ3JvdXBzL2F6c21uZXQ3NDY4P2FwaS12ZXJzaW9uPTIwMTYtMDktMDE=",
      "RequestMethod": "PUT",
      "RequestBody": "{\r\n  \"location\": \"West US\"\r\n}",
      "RequestHeaders": {
        "x-ms-client-request-id": [
          "a1d81331-7b5a-484f-a3ef-f99358c6c5bc"
        ],
        "accept-language": [
          "en-US"
        ],
        "User-Agent": [
          "FxVersion/4.6.26614.01",
          "OSName/Windows",
          "OSVersion/Microsoft.Windows.10.0.17763.",
          "Microsoft.Azure.Management.ResourceManager.ResourceManagementClient/1.5.0.0"
        ],
        "Content-Type": [
          "application/json; charset=utf-8"
        ],
        "Content-Length": [
          "29"
        ]
      },
      "ResponseHeaders": {
        "Cache-Control": [
          "no-cache"
        ],
        "Date": [
          "Sun, 17 Mar 2019 22:07:25 GMT"
        ],
        "Pragma": [
          "no-cache"
        ],
        "x-ms-ratelimit-remaining-subscription-writes": [
          "1143"
        ],
        "x-ms-request-id": [
          "04805b56-612d-4ad1-a707-4ead09a9a501"
        ],
        "x-ms-correlation-request-id": [
          "04805b56-612d-4ad1-a707-4ead09a9a501"
        ],
        "x-ms-routing-request-id": [
          "NORTHEUROPE:20190317T220725Z:04805b56-612d-4ad1-a707-4ead09a9a501"
        ],
        "Strict-Transport-Security": [
          "max-age=31536000; includeSubDomains"
        ],
        "X-Content-Type-Options": [
          "nosniff"
        ],
        "Content-Length": [
          "175"
        ],
        "Content-Type": [
          "application/json; charset=utf-8"
        ],
        "Expires": [
          "-1"
        ]
      },
      "ResponseBody": "{\r\n  \"id\": \"/subscriptions/3c729b2a-4f86-4bb2-abe8-4b8647af156c/resourceGroups/azsmnet7468\",\r\n  \"name\": \"azsmnet7468\",\r\n  \"location\": \"westus\",\r\n  \"properties\": {\r\n    \"provisioningState\": \"Succeeded\"\r\n  }\r\n}",
      "StatusCode": 201
    },
    {
      "RequestUri": "/subscriptions/3c729b2a-4f86-4bb2-abe8-4b8647af156c/resourceGroups/azsmnet7468/providers/Microsoft.Search/searchServices/azs-7736?api-version=2015-08-19",
      "EncodedRequestUri": "L3N1YnNjcmlwdGlvbnMvM2M3MjliMmEtNGY4Ni00YmIyLWFiZTgtNGI4NjQ3YWYxNTZjL3Jlc291cmNlR3JvdXBzL2F6c21uZXQ3NDY4L3Byb3ZpZGVycy9NaWNyb3NvZnQuU2VhcmNoL3NlYXJjaFNlcnZpY2VzL2F6cy03NzM2P2FwaS12ZXJzaW9uPTIwMTUtMDgtMTk=",
      "RequestMethod": "PUT",
      "RequestBody": "{\r\n  \"sku\": {\r\n    \"name\": \"free\"\r\n  },\r\n  \"location\": \"West US\"\r\n}",
      "RequestHeaders": {
        "x-ms-client-request-id": [
          "e63ebe0e-2861-488f-9667-60709b62337a"
        ],
        "accept-language": [
          "en-US"
        ],
        "User-Agent": [
          "FxVersion/4.6.26614.01",
          "OSName/Windows",
          "OSVersion/Microsoft.Windows.10.0.17763.",
          "Microsoft.Azure.Management.Search.SearchManagementClient/2.0.1.0"
        ],
        "Content-Type": [
          "application/json; charset=utf-8"
        ],
        "Content-Length": [
          "67"
        ]
      },
      "ResponseHeaders": {
        "Cache-Control": [
          "no-cache"
        ],
        "Date": [
          "Sun, 17 Mar 2019 22:07:27 GMT"
        ],
        "Pragma": [
          "no-cache"
        ],
        "ETag": [
          "W/\"datetime'2019-03-17T22%3A07%3A27.9037961Z'\""
        ],
        "x-ms-request-id": [
          "e63ebe0e-2861-488f-9667-60709b62337a"
        ],
        "request-id": [
          "e63ebe0e-2861-488f-9667-60709b62337a"
        ],
        "elapsed-time": [
          "876"
        ],
        "Strict-Transport-Security": [
          "max-age=31536000; includeSubDomains"
        ],
        "x-ms-ratelimit-remaining-subscription-writes": [
          "1145"
        ],
        "x-ms-correlation-request-id": [
          "0edba595-1e12-4fd3-9cc6-f94632c9ea2f"
        ],
        "x-ms-routing-request-id": [
          "NORTHEUROPE:20190317T220728Z:0edba595-1e12-4fd3-9cc6-f94632c9ea2f"
        ],
        "X-Content-Type-Options": [
          "nosniff"
        ],
        "Content-Length": [
          "385"
        ],
        "Content-Type": [
          "application/json; charset=utf-8"
        ],
        "Expires": [
          "-1"
        ]
      },
      "ResponseBody": "{\r\n  \"id\": \"/subscriptions/3c729b2a-4f86-4bb2-abe8-4b8647af156c/resourceGroups/azsmnet7468/providers/Microsoft.Search/searchServices/azs-7736\",\r\n  \"name\": \"azs-7736\",\r\n  \"type\": \"Microsoft.Search/searchServices\",\r\n  \"location\": \"West US\",\r\n  \"properties\": {\r\n    \"replicaCount\": 1,\r\n    \"partitionCount\": 1,\r\n    \"status\": \"running\",\r\n    \"statusDetails\": \"\",\r\n    \"provisioningState\": \"succeeded\",\r\n    \"hostingMode\": \"Default\"\r\n  },\r\n  \"sku\": {\r\n    \"name\": \"free\"\r\n  }\r\n}",
      "StatusCode": 201
    },
    {
      "RequestUri": "/subscriptions/3c729b2a-4f86-4bb2-abe8-4b8647af156c/resourceGroups/azsmnet7468/providers/Microsoft.Search/searchServices/azs-7736/listAdminKeys?api-version=2015-08-19",
      "EncodedRequestUri": "L3N1YnNjcmlwdGlvbnMvM2M3MjliMmEtNGY4Ni00YmIyLWFiZTgtNGI4NjQ3YWYxNTZjL3Jlc291cmNlR3JvdXBzL2F6c21uZXQ3NDY4L3Byb3ZpZGVycy9NaWNyb3NvZnQuU2VhcmNoL3NlYXJjaFNlcnZpY2VzL2F6cy03NzM2L2xpc3RBZG1pbktleXM/YXBpLXZlcnNpb249MjAxNS0wOC0xOQ==",
      "RequestMethod": "POST",
      "RequestBody": "",
      "RequestHeaders": {
        "x-ms-client-request-id": [
          "b8dc01f2-8a08-4bf0-b4b1-73ed588e7495"
        ],
        "accept-language": [
          "en-US"
        ],
        "User-Agent": [
          "FxVersion/4.6.26614.01",
          "OSName/Windows",
          "OSVersion/Microsoft.Windows.10.0.17763.",
          "Microsoft.Azure.Management.Search.SearchManagementClient/2.0.1.0"
        ]
      },
      "ResponseHeaders": {
        "Cache-Control": [
          "no-cache"
        ],
        "Date": [
          "Sun, 17 Mar 2019 22:07:29 GMT"
        ],
        "Pragma": [
          "no-cache"
        ],
        "Vary": [
          "Accept-Encoding"
        ],
        "x-ms-request-id": [
          "b8dc01f2-8a08-4bf0-b4b1-73ed588e7495"
        ],
        "request-id": [
          "b8dc01f2-8a08-4bf0-b4b1-73ed588e7495"
        ],
        "elapsed-time": [
          "93"
        ],
        "Strict-Transport-Security": [
          "max-age=31536000; includeSubDomains"
        ],
        "x-ms-ratelimit-remaining-subscription-writes": [
          "1145"
        ],
        "x-ms-correlation-request-id": [
          "df5bb757-2569-4ce0-a001-28ff0cc62093"
        ],
        "x-ms-routing-request-id": [
          "NORTHEUROPE:20190317T220730Z:df5bb757-2569-4ce0-a001-28ff0cc62093"
        ],
        "X-Content-Type-Options": [
          "nosniff"
        ],
        "Content-Length": [
          "99"
        ],
        "Content-Type": [
          "application/json; charset=utf-8"
        ],
        "Expires": [
          "-1"
        ]
      },
      "ResponseBody": "{\r\n  \"primaryKey\": \"0370D6BFE34BF0F1F959A598A5490903\",\r\n  \"secondaryKey\": \"CD055CCCFFA1AD4765E48CD476541908\"\r\n}",
      "StatusCode": 200
    },
    {
      "RequestUri": "/subscriptions/3c729b2a-4f86-4bb2-abe8-4b8647af156c/resourceGroups/azsmnet7468/providers/Microsoft.Search/searchServices/azs-7736/listQueryKeys?api-version=2015-08-19",
      "EncodedRequestUri": "L3N1YnNjcmlwdGlvbnMvM2M3MjliMmEtNGY4Ni00YmIyLWFiZTgtNGI4NjQ3YWYxNTZjL3Jlc291cmNlR3JvdXBzL2F6c21uZXQ3NDY4L3Byb3ZpZGVycy9NaWNyb3NvZnQuU2VhcmNoL3NlYXJjaFNlcnZpY2VzL2F6cy03NzM2L2xpc3RRdWVyeUtleXM/YXBpLXZlcnNpb249MjAxNS0wOC0xOQ==",
      "RequestMethod": "GET",
      "RequestBody": "",
      "RequestHeaders": {
        "x-ms-client-request-id": [
          "0faef74a-e03b-4551-959f-53115570aae6"
        ],
        "accept-language": [
          "en-US"
        ],
        "User-Agent": [
          "FxVersion/4.6.26614.01",
          "OSName/Windows",
          "OSVersion/Microsoft.Windows.10.0.17763.",
          "Microsoft.Azure.Management.Search.SearchManagementClient/2.0.1.0"
        ]
      },
      "ResponseHeaders": {
        "Cache-Control": [
          "no-cache"
        ],
        "Date": [
          "Sun, 17 Mar 2019 22:07:29 GMT"
        ],
        "Pragma": [
          "no-cache"
        ],
        "Vary": [
          "Accept-Encoding"
        ],
        "x-ms-request-id": [
          "0faef74a-e03b-4551-959f-53115570aae6"
        ],
        "request-id": [
          "0faef74a-e03b-4551-959f-53115570aae6"
        ],
        "elapsed-time": [
          "159"
        ],
        "Strict-Transport-Security": [
          "max-age=31536000; includeSubDomains"
        ],
        "x-ms-ratelimit-remaining-subscription-reads": [
          "14969"
        ],
        "x-ms-correlation-request-id": [
          "1b98d046-638e-497e-8738-0e2fed09dcd0"
        ],
        "x-ms-routing-request-id": [
          "NORTHEUROPE:20190317T220730Z:1b98d046-638e-497e-8738-0e2fed09dcd0"
        ],
        "X-Content-Type-Options": [
          "nosniff"
        ],
        "Content-Length": [
          "82"
        ],
        "Content-Type": [
          "application/json; charset=utf-8"
        ],
        "Expires": [
          "-1"
        ]
      },
      "ResponseBody": "{\r\n  \"value\": [\r\n    {\r\n      \"name\": null,\r\n      \"key\": \"A71101AA16E1D10D256339B4BE9A274C\"\r\n    }\r\n  ],\r\n  \"nextLink\": null\r\n}",
      "StatusCode": 200
    },
    {
      "RequestUri": "/indexes?api-version=2017-11-11-Preview",
      "EncodedRequestUri": "L2luZGV4ZXM/YXBpLXZlcnNpb249MjAxNy0xMS0xMS1QcmV2aWV3",
      "RequestMethod": "POST",
      "RequestBody": "{\r\n  \"name\": \"azsmnet2418\",\r\n  \"fields\": [\r\n    {\r\n      \"name\": \"feature_id\",\r\n      \"type\": \"Edm.String\",\r\n      \"analyzer\": null,\r\n      \"searchAnalyzer\": null,\r\n      \"indexAnalyzer\": null,\r\n      \"key\": true,\r\n      \"searchable\": false,\r\n      \"filterable\": false,\r\n      \"sortable\": false,\r\n      \"facetable\": false,\r\n      \"retrievable\": true\r\n    },\r\n    {\r\n      \"name\": \"feature_name\",\r\n      \"type\": \"Edm.String\",\r\n      \"analyzer\": null,\r\n      \"searchAnalyzer\": null,\r\n      \"indexAnalyzer\": null,\r\n      \"key\": false,\r\n      \"searchable\": true,\r\n      \"filterable\": true,\r\n      \"sortable\": false,\r\n      \"facetable\": false,\r\n      \"retrievable\": true\r\n    },\r\n    {\r\n      \"name\": \"feature_class\",\r\n      \"type\": \"Edm.String\",\r\n      \"analyzer\": null,\r\n      \"searchAnalyzer\": null,\r\n      \"indexAnalyzer\": null,\r\n      \"key\": false,\r\n      \"searchable\": false,\r\n      \"filterable\": false,\r\n      \"sortable\": false,\r\n      \"facetable\": false,\r\n      \"retrievable\": true\r\n    },\r\n    {\r\n      \"name\": \"state\",\r\n      \"type\": \"Edm.String\",\r\n      \"analyzer\": null,\r\n      \"searchAnalyzer\": null,\r\n      \"indexAnalyzer\": null,\r\n      \"key\": false,\r\n      \"searchable\": true,\r\n      \"filterable\": true,\r\n      \"sortable\": false,\r\n      \"facetable\": false,\r\n      \"retrievable\": true\r\n    },\r\n    {\r\n      \"name\": \"county_name\",\r\n      \"type\": \"Edm.String\",\r\n      \"analyzer\": null,\r\n      \"searchAnalyzer\": null,\r\n      \"indexAnalyzer\": null,\r\n      \"key\": false,\r\n      \"searchable\": true,\r\n      \"filterable\": true,\r\n      \"sortable\": false,\r\n      \"facetable\": false,\r\n      \"retrievable\": true\r\n    },\r\n    {\r\n      \"name\": \"elevation\",\r\n      \"type\": \"Edm.Int32\",\r\n      \"analyzer\": null,\r\n      \"searchAnalyzer\": null,\r\n      \"indexAnalyzer\": null,\r\n      \"key\": false,\r\n      \"searchable\": false,\r\n      \"filterable\": true,\r\n      \"sortable\": false,\r\n      \"facetable\": false,\r\n      \"retrievable\": true\r\n    },\r\n    {\r\n      \"name\": \"map_name\",\r\n      \"type\": \"Edm.String\",\r\n      \"analyzer\": null,\r\n      \"searchAnalyzer\": null,\r\n      \"indexAnalyzer\": null,\r\n      \"key\": false,\r\n      \"searchable\": true,\r\n      \"filterable\": true,\r\n      \"sortable\": false,\r\n      \"facetable\": false,\r\n      \"retrievable\": true\r\n    },\r\n    {\r\n      \"name\": \"history\",\r\n      \"type\": \"Collection(Edm.String)\",\r\n      \"analyzer\": null,\r\n      \"searchAnalyzer\": null,\r\n      \"indexAnalyzer\": null,\r\n      \"key\": false,\r\n      \"searchable\": true,\r\n      \"filterable\": false,\r\n      \"sortable\": false,\r\n      \"facetable\": false,\r\n      \"retrievable\": true\r\n    },\r\n    {\r\n      \"name\": \"myEntities\",\r\n      \"type\": \"Collection(Edm.String)\",\r\n      \"analyzer\": null,\r\n      \"searchAnalyzer\": null,\r\n      \"indexAnalyzer\": null,\r\n      \"key\": false,\r\n      \"searchable\": true,\r\n      \"filterable\": false,\r\n      \"sortable\": false,\r\n      \"facetable\": false,\r\n      \"retrievable\": true\r\n    },\r\n    {\r\n      \"name\": \"myText\",\r\n      \"type\": \"Edm.String\",\r\n      \"analyzer\": null,\r\n      \"searchAnalyzer\": null,\r\n      \"indexAnalyzer\": null,\r\n      \"key\": false,\r\n      \"searchable\": true,\r\n      \"filterable\": false,\r\n      \"sortable\": false,\r\n      \"facetable\": false,\r\n      \"retrievable\": true\r\n    }\r\n  ]\r\n}",
      "RequestHeaders": {
        "client-request-id": [
          "393c0753-847a-4b74-9c1d-326cd92ad0e0"
        ],
        "accept-language": [
          "en-US"
        ],
        "api-key": [
          "0370D6BFE34BF0F1F959A598A5490903"
        ],
        "User-Agent": [
          "FxVersion/4.6.26614.01",
          "OSName/Windows",
          "OSVersion/Microsoft.Windows.10.0.17763.",
          "Microsoft.Azure.Search.SearchServiceClient/8.0.0.0"
        ],
        "Content-Type": [
          "application/json; charset=utf-8"
        ],
        "Content-Length": [
          "3210"
        ]
      },
      "ResponseHeaders": {
        "Cache-Control": [
          "no-cache"
        ],
        "Date": [
          "Sun, 17 Mar 2019 22:07:33 GMT"
        ],
        "Pragma": [
          "no-cache"
        ],
        "ETag": [
          "W/\"0x8D6AB24F4A6E67B\""
        ],
        "Location": [
          "https://azs-7736.search-dogfood.windows-int.net/indexes('azsmnet2418')?api-version=2017-11-11-Preview"
        ],
        "request-id": [
          "393c0753-847a-4b74-9c1d-326cd92ad0e0"
        ],
        "elapsed-time": [
          "1528"
        ],
        "OData-Version": [
          "4.0"
        ],
        "Preference-Applied": [
          "odata.include-annotations=\"*\""
        ],
        "Strict-Transport-Security": [
          "max-age=15724800; includeSubDomains"
        ],
        "Content-Length": [
          "2536"
        ],
        "Content-Type": [
          "application/json; odata.metadata=minimal"
        ],
        "Expires": [
          "-1"
        ]
      },
      "ResponseBody": "{\r\n  \"@odata.context\": \"https://azs-7736.search-dogfood.windows-int.net/$metadata#indexes/$entity\",\r\n  \"@odata.etag\": \"\\\"0x8D6AB24F4A6E67B\\\"\",\r\n  \"name\": \"azsmnet2418\",\r\n  \"defaultScoringProfile\": null,\r\n  \"fields\": [\r\n    {\r\n      \"name\": \"feature_id\",\r\n      \"type\": \"Edm.String\",\r\n      \"searchable\": false,\r\n      \"filterable\": false,\r\n      \"retrievable\": true,\r\n      \"sortable\": false,\r\n      \"facetable\": false,\r\n      \"key\": true,\r\n      \"indexAnalyzer\": null,\r\n      \"searchAnalyzer\": null,\r\n      \"analyzer\": null,\r\n      \"synonymMaps\": []\r\n    },\r\n    {\r\n      \"name\": \"feature_name\",\r\n      \"type\": \"Edm.String\",\r\n      \"searchable\": true,\r\n      \"filterable\": true,\r\n      \"retrievable\": true,\r\n      \"sortable\": false,\r\n      \"facetable\": false,\r\n      \"key\": false,\r\n      \"indexAnalyzer\": null,\r\n      \"searchAnalyzer\": null,\r\n      \"analyzer\": null,\r\n      \"synonymMaps\": []\r\n    },\r\n    {\r\n      \"name\": \"feature_class\",\r\n      \"type\": \"Edm.String\",\r\n      \"searchable\": false,\r\n      \"filterable\": false,\r\n      \"retrievable\": true,\r\n      \"sortable\": false,\r\n      \"facetable\": false,\r\n      \"key\": false,\r\n      \"indexAnalyzer\": null,\r\n      \"searchAnalyzer\": null,\r\n      \"analyzer\": null,\r\n      \"synonymMaps\": []\r\n    },\r\n    {\r\n      \"name\": \"state\",\r\n      \"type\": \"Edm.String\",\r\n      \"searchable\": true,\r\n      \"filterable\": true,\r\n      \"retrievable\": true,\r\n      \"sortable\": false,\r\n      \"facetable\": false,\r\n      \"key\": false,\r\n      \"indexAnalyzer\": null,\r\n      \"searchAnalyzer\": null,\r\n      \"analyzer\": null,\r\n      \"synonymMaps\": []\r\n    },\r\n    {\r\n      \"name\": \"county_name\",\r\n      \"type\": \"Edm.String\",\r\n      \"searchable\": true,\r\n      \"filterable\": true,\r\n      \"retrievable\": true,\r\n      \"sortable\": false,\r\n      \"facetable\": false,\r\n      \"key\": false,\r\n      \"indexAnalyzer\": null,\r\n      \"searchAnalyzer\": null,\r\n      \"analyzer\": null,\r\n      \"synonymMaps\": []\r\n    },\r\n    {\r\n      \"name\": \"elevation\",\r\n      \"type\": \"Edm.Int32\",\r\n      \"searchable\": false,\r\n      \"filterable\": true,\r\n      \"retrievable\": true,\r\n      \"sortable\": false,\r\n      \"facetable\": false,\r\n      \"key\": false,\r\n      \"indexAnalyzer\": null,\r\n      \"searchAnalyzer\": null,\r\n      \"analyzer\": null,\r\n      \"synonymMaps\": []\r\n    },\r\n    {\r\n      \"name\": \"map_name\",\r\n      \"type\": \"Edm.String\",\r\n      \"searchable\": true,\r\n      \"filterable\": true,\r\n      \"retrievable\": true,\r\n      \"sortable\": false,\r\n      \"facetable\": false,\r\n      \"key\": false,\r\n      \"indexAnalyzer\": null,\r\n      \"searchAnalyzer\": null,\r\n      \"analyzer\": null,\r\n      \"synonymMaps\": []\r\n    },\r\n    {\r\n      \"name\": \"history\",\r\n      \"type\": \"Collection(Edm.String)\",\r\n      \"searchable\": true,\r\n      \"filterable\": false,\r\n      \"retrievable\": true,\r\n      \"sortable\": false,\r\n      \"facetable\": false,\r\n      \"key\": false,\r\n      \"indexAnalyzer\": null,\r\n      \"searchAnalyzer\": null,\r\n      \"analyzer\": null,\r\n      \"synonymMaps\": []\r\n    },\r\n    {\r\n      \"name\": \"myEntities\",\r\n      \"type\": \"Collection(Edm.String)\",\r\n      \"searchable\": true,\r\n      \"filterable\": false,\r\n      \"retrievable\": true,\r\n      \"sortable\": false,\r\n      \"facetable\": false,\r\n      \"key\": false,\r\n      \"indexAnalyzer\": null,\r\n      \"searchAnalyzer\": null,\r\n      \"analyzer\": null,\r\n      \"synonymMaps\": []\r\n    },\r\n    {\r\n      \"name\": \"myText\",\r\n      \"type\": \"Edm.String\",\r\n      \"searchable\": true,\r\n      \"filterable\": false,\r\n      \"retrievable\": true,\r\n      \"sortable\": false,\r\n      \"facetable\": false,\r\n      \"key\": false,\r\n      \"indexAnalyzer\": null,\r\n      \"searchAnalyzer\": null,\r\n      \"analyzer\": null,\r\n      \"synonymMaps\": []\r\n    }\r\n  ],\r\n  \"scoringProfiles\": [],\r\n  \"corsOptions\": null,\r\n  \"suggesters\": [],\r\n  \"analyzers\": [],\r\n  \"tokenizers\": [],\r\n  \"tokenFilters\": [],\r\n  \"charFilters\": []\r\n}",
      "StatusCode": 201
    },
    {
      "RequestUri": "/datasources?api-version=2017-11-11-Preview",
      "EncodedRequestUri": "L2RhdGFzb3VyY2VzP2FwaS12ZXJzaW9uPTIwMTctMTEtMTEtUHJldmlldw==",
      "RequestMethod": "POST",
      "RequestBody": "{\r\n  \"name\": \"azsmnet7532\",\r\n  \"type\": \"azuresql\",\r\n  \"credentials\": {\r\n    \"connectionString\": \"Server=tcp:azs-playground.database.windows.net,1433;Database=usgs;User ID=reader;Password=EdrERBt3j6mZDP;Trusted_Connection=False;Encrypt=True;Connection Timeout=30;\"\r\n  },\r\n  \"container\": {\r\n    \"name\": \"GeoNamesRI\"\r\n  }\r\n}",
      "RequestHeaders": {
        "client-request-id": [
          "1f66456f-8660-4ea3-8ba8-0169ef3463fb"
        ],
        "accept-language": [
          "en-US"
        ],
        "api-key": [
          "0370D6BFE34BF0F1F959A598A5490903"
        ],
        "User-Agent": [
          "FxVersion/4.6.26614.01",
          "OSName/Windows",
          "OSVersion/Microsoft.Windows.10.0.17763.",
          "Microsoft.Azure.Search.SearchServiceClient/8.0.0.0"
        ],
        "Content-Type": [
          "application/json; charset=utf-8"
        ],
        "Content-Length": [
          "321"
        ]
      },
      "ResponseHeaders": {
        "Cache-Control": [
          "no-cache"
        ],
        "Date": [
          "Sun, 17 Mar 2019 22:07:33 GMT"
        ],
        "Pragma": [
          "no-cache"
        ],
        "ETag": [
          "W/\"0x8D6AB24F4BCE4D4\""
        ],
        "Location": [
          "https://azs-7736.search-dogfood.windows-int.net/datasources('azsmnet7532')?api-version=2017-11-11-Preview"
        ],
        "request-id": [
          "1f66456f-8660-4ea3-8ba8-0169ef3463fb"
        ],
        "elapsed-time": [
          "29"
        ],
        "OData-Version": [
          "4.0"
        ],
        "Preference-Applied": [
          "odata.include-annotations=\"*\""
        ],
        "Strict-Transport-Security": [
          "max-age=15724800; includeSubDomains"
        ],
        "Content-Length": [
          "527"
        ],
        "Content-Type": [
          "application/json; odata.metadata=minimal"
        ],
        "Expires": [
          "-1"
        ]
      },
      "ResponseBody": "{\r\n  \"@odata.context\": \"https://azs-7736.search-dogfood.windows-int.net/$metadata#datasources/$entity\",\r\n  \"@odata.etag\": \"\\\"0x8D6AB24F4BCE4D4\\\"\",\r\n  \"name\": \"azsmnet7532\",\r\n  \"description\": null,\r\n  \"type\": \"azuresql\",\r\n  \"subtype\": null,\r\n  \"credentials\": {\r\n    \"connectionString\": \"Server=tcp:azs-playground.database.windows.net,1433;Database=usgs;User ID=reader;Password=EdrERBt3j6mZDP;Trusted_Connection=False;Encrypt=True;Connection Timeout=30;\"\r\n  },\r\n  \"container\": {\r\n    \"name\": \"GeoNamesRI\",\r\n    \"query\": null\r\n  },\r\n  \"dataChangeDetectionPolicy\": null,\r\n  \"dataDeletionDetectionPolicy\": null\r\n}",
      "StatusCode": 201
    },
    {
      "RequestUri": "/indexers('azsmnet728')?api-version=2017-11-11-Preview",
      "EncodedRequestUri": "L2luZGV4ZXJzKCdhenNtbmV0NzI4Jyk/YXBpLXZlcnNpb249MjAxNy0xMS0xMS1QcmV2aWV3",
      "RequestMethod": "DELETE",
      "RequestBody": "",
      "RequestHeaders": {
        "client-request-id": [
          "a69a8d9a-871c-47e1-9d2b-21bcd457a4ef"
        ],
        "accept-language": [
          "en-US"
        ],
        "api-key": [
          "0370D6BFE34BF0F1F959A598A5490903"
        ],
        "User-Agent": [
          "FxVersion/4.6.26614.01",
          "OSName/Windows",
          "OSVersion/Microsoft.Windows.10.0.17763.",
          "Microsoft.Azure.Search.SearchServiceClient/8.0.0.0"
        ]
      },
      "ResponseHeaders": {
        "Cache-Control": [
          "no-cache"
        ],
        "Date": [
          "Sun, 17 Mar 2019 22:07:34 GMT"
        ],
        "Pragma": [
          "no-cache"
        ],
        "request-id": [
          "a69a8d9a-871c-47e1-9d2b-21bcd457a4ef"
        ],
        "elapsed-time": [
          "8"
        ],
        "OData-Version": [
          "4.0"
        ],
        "Preference-Applied": [
          "odata.include-annotations=\"*\""
        ],
        "Strict-Transport-Security": [
          "max-age=15724800; includeSubDomains"
        ],
        "Content-Length": [
          "91"
        ],
        "Content-Type": [
          "application/json; odata.metadata=minimal; odata.streaming=true"
        ],
        "Content-Language": [
          "en"
        ],
        "Expires": [
          "-1"
        ]
      },
      "ResponseBody": "{\r\n  \"error\": {\r\n    \"code\": \"\",\r\n    \"message\": \"Indexer 'azsmnet728' was not found in service 'azs-7736'.\"\r\n  }\r\n}",
      "StatusCode": 404
    },
    {
      "RequestUri": "/indexers('azsmnet728')?api-version=2017-11-11-Preview",
      "EncodedRequestUri": "L2luZGV4ZXJzKCdhenNtbmV0NzI4Jyk/YXBpLXZlcnNpb249MjAxNy0xMS0xMS1QcmV2aWV3",
      "RequestMethod": "DELETE",
      "RequestBody": "",
      "RequestHeaders": {
        "client-request-id": [
          "0498a95a-cd4a-4864-9498-725726cddcc4"
        ],
        "accept-language": [
          "en-US"
        ],
        "api-key": [
          "0370D6BFE34BF0F1F959A598A5490903"
        ],
        "User-Agent": [
          "FxVersion/4.6.26614.01",
          "OSName/Windows",
          "OSVersion/Microsoft.Windows.10.0.17763.",
          "Microsoft.Azure.Search.SearchServiceClient/8.0.0.0"
        ]
      },
      "ResponseHeaders": {
        "Cache-Control": [
          "no-cache"
        ],
        "Date": [
          "Sun, 17 Mar 2019 22:07:34 GMT"
        ],
        "Pragma": [
          "no-cache"
        ],
        "request-id": [
          "0498a95a-cd4a-4864-9498-725726cddcc4"
        ],
        "elapsed-time": [
          "39"
        ],
        "Strict-Transport-Security": [
          "max-age=15724800; includeSubDomains"
        ],
        "Expires": [
          "-1"
        ]
      },
      "ResponseBody": "",
      "StatusCode": 204
    },
    {
      "RequestUri": "/indexers('azsmnet728')?api-version=2017-11-11-Preview",
      "EncodedRequestUri": "L2luZGV4ZXJzKCdhenNtbmV0NzI4Jyk/YXBpLXZlcnNpb249MjAxNy0xMS0xMS1QcmV2aWV3",
      "RequestMethod": "DELETE",
      "RequestBody": "",
      "RequestHeaders": {
        "client-request-id": [
          "1111a9db-c234-4c3e-bae7-11d0aa6940a0"
        ],
        "accept-language": [
          "en-US"
        ],
        "api-key": [
          "0370D6BFE34BF0F1F959A598A5490903"
        ],
        "User-Agent": [
          "FxVersion/4.6.26614.01",
          "OSName/Windows",
          "OSVersion/Microsoft.Windows.10.0.17763.",
          "Microsoft.Azure.Search.SearchServiceClient/8.0.0.0"
        ]
      },
      "ResponseHeaders": {
        "Cache-Control": [
          "no-cache"
        ],
        "Date": [
          "Sun, 17 Mar 2019 22:07:34 GMT"
        ],
        "Pragma": [
          "no-cache"
        ],
        "request-id": [
          "1111a9db-c234-4c3e-bae7-11d0aa6940a0"
        ],
        "elapsed-time": [
          "6"
        ],
        "OData-Version": [
          "4.0"
        ],
        "Preference-Applied": [
          "odata.include-annotations=\"*\""
        ],
        "Strict-Transport-Security": [
          "max-age=15724800; includeSubDomains"
        ],
        "Content-Length": [
          "91"
        ],
        "Content-Type": [
          "application/json; odata.metadata=minimal; odata.streaming=true"
        ],
        "Content-Language": [
          "en"
        ],
        "Expires": [
          "-1"
        ]
      },
      "ResponseBody": "{\r\n  \"error\": {\r\n    \"code\": \"\",\r\n    \"message\": \"Indexer 'azsmnet728' was not found in service 'azs-7736'.\"\r\n  }\r\n}",
      "StatusCode": 404
    },
    {
      "RequestUri": "/indexers?api-version=2017-11-11-Preview",
      "EncodedRequestUri": "L2luZGV4ZXJzP2FwaS12ZXJzaW9uPTIwMTctMTEtMTEtUHJldmlldw==",
      "RequestMethod": "POST",
      "RequestBody": "{\r\n  \"name\": \"azsmnet728\",\r\n  \"dataSourceName\": \"azsmnet7532\",\r\n  \"targetIndexName\": \"azsmnet2418\",\r\n  \"schedule\": {\r\n    \"interval\": \"P1D\"\r\n  },\r\n  \"fieldMappings\": [\r\n    {\r\n      \"sourceFieldName\": \"feature_class\",\r\n      \"targetFieldName\": \"feature_class\",\r\n      \"mappingFunction\": {\r\n        \"name\": \"base64Encode\"\r\n      }\r\n    },\r\n    {\r\n      \"sourceFieldName\": \"state_alpha\",\r\n      \"targetFieldName\": \"state\"\r\n    },\r\n    {\r\n      \"sourceFieldName\": \"county_name\",\r\n      \"targetFieldName\": \"county_name\",\r\n      \"mappingFunction\": {\r\n        \"name\": \"extractTokenAtPosition\",\r\n        \"parameters\": {\r\n          \"delimiter\": \" \",\r\n          \"position\": 0\r\n        }\r\n      }\r\n    },\r\n    {\r\n      \"sourceFieldName\": \"elev_in_m\",\r\n      \"targetFieldName\": \"elevation\"\r\n    },\r\n    {\r\n      \"sourceFieldName\": \"map_name\",\r\n      \"targetFieldName\": \"map_name\",\r\n      \"mappingFunction\": {\r\n        \"name\": \"base64Decode\"\r\n      }\r\n    },\r\n    {\r\n      \"sourceFieldName\": \"history\",\r\n      \"targetFieldName\": \"history\",\r\n      \"mappingFunction\": {\r\n        \"name\": \"jsonArrayToStringCollection\"\r\n      }\r\n    }\r\n  ]\r\n}",
      "RequestHeaders": {
        "client-request-id": [
          "bd46b7de-4cf4-49a6-a9e8-e3301c058f54"
        ],
        "accept-language": [
          "en-US"
        ],
        "api-key": [
          "0370D6BFE34BF0F1F959A598A5490903"
        ],
        "User-Agent": [
          "FxVersion/4.6.26614.01",
          "OSName/Windows",
          "OSVersion/Microsoft.Windows.10.0.17763.",
          "Microsoft.Azure.Search.SearchServiceClient/8.0.0.0"
        ],
        "Content-Type": [
          "application/json; charset=utf-8"
        ],
        "Content-Length": [
          "1126"
        ]
      },
      "ResponseHeaders": {
        "Cache-Control": [
          "no-cache"
        ],
        "Date": [
          "Sun, 17 Mar 2019 22:07:34 GMT"
        ],
        "Pragma": [
          "no-cache"
        ],
        "ETag": [
          "W/\"0x8D6AB24F5B5B183\""
        ],
        "Location": [
          "https://azs-7736.search-dogfood.windows-int.net/indexers('azsmnet728')?api-version=2017-11-11-Preview"
        ],
        "request-id": [
          "bd46b7de-4cf4-49a6-a9e8-e3301c058f54"
        ],
        "elapsed-time": [
          "701"
        ],
        "OData-Version": [
          "4.0"
        ],
        "Preference-Applied": [
          "odata.include-annotations=\"*\""
        ],
        "Strict-Transport-Security": [
          "max-age=15724800; includeSubDomains"
        ],
        "Content-Length": [
          "1110"
        ],
        "Content-Type": [
          "application/json; odata.metadata=minimal"
        ],
        "Expires": [
          "-1"
        ]
      },
      "ResponseBody": "{\r\n  \"@odata.context\": \"https://azs-7736.search-dogfood.windows-int.net/$metadata#indexers/$entity\",\r\n  \"@odata.etag\": \"\\\"0x8D6AB24F5B5B183\\\"\",\r\n  \"name\": \"azsmnet728\",\r\n  \"description\": null,\r\n  \"dataSourceName\": \"azsmnet7532\",\r\n  \"skillsetName\": null,\r\n  \"targetIndexName\": \"azsmnet2418\",\r\n  \"disabled\": null,\r\n  \"schedule\": {\r\n    \"interval\": \"P1D\",\r\n    \"startTime\": \"0001-01-01T00:00:00Z\"\r\n  },\r\n  \"parameters\": null,\r\n  \"fieldMappings\": [\r\n    {\r\n      \"sourceFieldName\": \"feature_class\",\r\n      \"targetFieldName\": \"feature_class\",\r\n      \"mappingFunction\": {\r\n        \"name\": \"base64Encode\",\r\n        \"parameters\": null\r\n      }\r\n    },\r\n    {\r\n      \"sourceFieldName\": \"state_alpha\",\r\n      \"targetFieldName\": \"state\",\r\n      \"mappingFunction\": null\r\n    },\r\n    {\r\n      \"sourceFieldName\": \"county_name\",\r\n      \"targetFieldName\": \"county_name\",\r\n      \"mappingFunction\": {\r\n        \"name\": \"extractTokenAtPosition\",\r\n        \"parameters\": {\r\n          \"delimiter\": \" \",\r\n          \"position\": 0\r\n        }\r\n      }\r\n    },\r\n    {\r\n      \"sourceFieldName\": \"elev_in_m\",\r\n      \"targetFieldName\": \"elevation\",\r\n      \"mappingFunction\": null\r\n    },\r\n    {\r\n      \"sourceFieldName\": \"map_name\",\r\n      \"targetFieldName\": \"map_name\",\r\n      \"mappingFunction\": {\r\n        \"name\": \"base64Decode\",\r\n        \"parameters\": null\r\n      }\r\n    },\r\n    {\r\n      \"sourceFieldName\": \"history\",\r\n      \"targetFieldName\": \"history\",\r\n      \"mappingFunction\": {\r\n        \"name\": \"jsonArrayToStringCollection\",\r\n        \"parameters\": null\r\n      }\r\n    }\r\n  ],\r\n  \"outputFieldMappings\": []\r\n}",
      "StatusCode": 201
    },
    {
      "RequestUri": "/subscriptions/3c729b2a-4f86-4bb2-abe8-4b8647af156c/resourceGroups/azsmnet7468/providers/Microsoft.Search/searchServices/azs-7736?api-version=2015-08-19",
      "EncodedRequestUri": "L3N1YnNjcmlwdGlvbnMvM2M3MjliMmEtNGY4Ni00YmIyLWFiZTgtNGI4NjQ3YWYxNTZjL3Jlc291cmNlR3JvdXBzL2F6c21uZXQ3NDY4L3Byb3ZpZGVycy9NaWNyb3NvZnQuU2VhcmNoL3NlYXJjaFNlcnZpY2VzL2F6cy03NzM2P2FwaS12ZXJzaW9uPTIwMTUtMDgtMTk=",
      "RequestMethod": "DELETE",
      "RequestBody": "",
      "RequestHeaders": {
        "x-ms-client-request-id": [
          "5ee53fbf-ae04-4313-9e48-b8e3b3a84ad4"
        ],
        "accept-language": [
          "en-US"
        ],
        "User-Agent": [
          "FxVersion/4.6.26614.01",
          "OSName/Windows",
          "OSVersion/Microsoft.Windows.10.0.17763.",
          "Microsoft.Azure.Management.Search.SearchManagementClient/2.0.1.0"
        ]
      },
      "ResponseHeaders": {
        "Cache-Control": [
          "no-cache"
        ],
        "Date": [
          "Sun, 17 Mar 2019 22:07:37 GMT"
        ],
        "Pragma": [
          "no-cache"
        ],
        "x-ms-request-id": [
          "5ee53fbf-ae04-4313-9e48-b8e3b3a84ad4"
        ],
        "request-id": [
          "5ee53fbf-ae04-4313-9e48-b8e3b3a84ad4"
        ],
        "elapsed-time": [
          "682"
        ],
        "Strict-Transport-Security": [
          "max-age=31536000; includeSubDomains"
        ],
        "x-ms-ratelimit-remaining-subscription-deletes": [
          "14966"
        ],
        "x-ms-correlation-request-id": [
          "74256209-ef23-480c-a281-f8e5797e8c01"
        ],
        "x-ms-routing-request-id": [
          "NORTHEUROPE:20190317T220737Z:74256209-ef23-480c-a281-f8e5797e8c01"
        ],
        "X-Content-Type-Options": [
          "nosniff"
        ],
        "Content-Length": [
          "0"
        ],
        "Expires": [
          "-1"
        ]
      },
      "ResponseBody": "",
      "StatusCode": 200
    }
  ],
  "Names": {
    "GenerateName": [
      "azsmnet7468",
      "azsmnet2418",
      "azsmnet7532",
      "azsmnet728"
    ],
    "GenerateServiceName": [
      "azs-7736"
    ]
  },
  "Variables": {
    "SubscriptionId": "3c729b2a-4f86-4bb2-abe8-4b8647af156c"
  }
}