{
  "Entries": [
    {
      "RequestUri": "/subscriptions/56b5e0a9-b645-407d-99b0-c64f86013e3d/resourcegroups/sjrg692?api-version=2017-05-10",
      "EncodedRequestUri": "L3N1YnNjcmlwdGlvbnMvNTZiNWUwYTktYjY0NS00MDdkLTk5YjAtYzY0Zjg2MDEzZTNkL3Jlc291cmNlZ3JvdXBzL3Nqcmc2OTI/YXBpLXZlcnNpb249MjAxNy0wNS0xMA==",
      "RequestMethod": "PUT",
      "RequestBody": "{\r\n  \"location\": \"West US\"\r\n}",
      "RequestHeaders": {
        "Content-Type": [
          "application/json; charset=utf-8"
        ],
        "Content-Length": [
          "29"
        ],
        "x-ms-client-request-id": [
          "3c49a514-26cf-4ec3-bbd5-3ddce9008400"
        ],
        "accept-language": [
          "en-US"
        ],
        "User-Agent": [
          "FxVersion/4.6.25009.03",
          "Microsoft.Azure.Management.ResourceManager.ResourceManagementClient/1.6.0.0"
        ]
      },
      "ResponseBody": "{\r\n  \"id\": \"/subscriptions/56b5e0a9-b645-407d-99b0-c64f86013e3d/resourceGroups/sjrg692\",\r\n  \"name\": \"sjrg692\",\r\n  \"location\": \"westus\",\r\n  \"properties\": {\r\n    \"provisioningState\": \"Succeeded\"\r\n  }\r\n}",
      "ResponseHeaders": {
        "Content-Length": [
          "167"
        ],
        "Content-Type": [
          "application/json; charset=utf-8"
        ],
        "Expires": [
          "-1"
        ],
        "Cache-Control": [
          "no-cache"
        ],
        "Date": [
          "Sat, 03 Jun 2017 02:53:35 GMT"
        ],
        "Pragma": [
          "no-cache"
        ],
        "x-ms-ratelimit-remaining-subscription-writes": [
          "1158"
        ],
        "x-ms-request-id": [
          "67b1163c-c088-4282-88a6-47a89fc72858"
        ],
        "x-ms-correlation-request-id": [
          "67b1163c-c088-4282-88a6-47a89fc72858"
        ],
        "x-ms-routing-request-id": [
          "WESTEUROPE:20170603T025335Z:67b1163c-c088-4282-88a6-47a89fc72858"
        ],
        "Strict-Transport-Security": [
          "max-age=31536000; includeSubDomains"
        ]
      },
      "StatusCode": 201
    },
    {
      "RequestUri": "/subscriptions/56b5e0a9-b645-407d-99b0-c64f86013e3d/resourcegroups/sjrg692/providers/Microsoft.StreamAnalytics/streamingjobs/sj8502?api-version=2016-03-01",
      "EncodedRequestUri": "L3N1YnNjcmlwdGlvbnMvNTZiNWUwYTktYjY0NS00MDdkLTk5YjAtYzY0Zjg2MDEzZTNkL3Jlc291cmNlZ3JvdXBzL3Nqcmc2OTIvcHJvdmlkZXJzL01pY3Jvc29mdC5TdHJlYW1BbmFseXRpY3Mvc3RyZWFtaW5nam9icy9zajg1MDI/YXBpLXZlcnNpb249MjAxNi0wMy0wMQ==",
      "RequestMethod": "PUT",
      "RequestBody": "{\r\n  \"properties\": {\r\n    \"sku\": {\r\n      \"name\": \"Standard\"\r\n    }\r\n  },\r\n  \"location\": \"West US\",\r\n  \"tags\": {\r\n    \"key1\": \"value1\",\r\n    \"randomKey\": \"randomValue\",\r\n    \"key3\": \"value3\"\r\n  }\r\n}",
      "RequestHeaders": {
        "Content-Type": [
          "application/json; charset=utf-8"
        ],
        "Content-Length": [
          "198"
        ],
        "x-ms-client-request-id": [
          "2db5c651-4f80-4e9f-a381-00c1a93f3037"
        ],
        "accept-language": [
          "en-US"
        ],
        "User-Agent": [
          "FxVersion/4.6.25009.03",
          "Microsoft.Azure.Management.StreamAnalytics.StreamAnalyticsManagementClient/2.0.0.0"
        ]
      },
      "ResponseBody": "{\r\n  \"id\": \"/subscriptions/56b5e0a9-b645-407d-99b0-c64f86013e3d/resourceGroups/sjrg692/providers/Microsoft.StreamAnalytics/streamingjobs/sj8502\",\r\n  \"name\": \"sj8502\",\r\n  \"type\": \"Microsoft.StreamAnalytics/streamingjobs\",\r\n  \"location\": \"West US\",\r\n  \"tags\": {\r\n    \"key1\": \"value1\",\r\n    \"randomKey\": \"randomValue\",\r\n    \"key3\": \"value3\"\r\n  },\r\n  \"properties\": {\r\n    \"sku\": {\r\n      \"name\": \"Standard\"\r\n    },\r\n    \"jobId\": \"f2452a8e-8343-4f9f-bb3b-2f1eb1cd6efc\",\r\n    \"provisioningState\": \"Succeeded\",\r\n    \"jobState\": \"Created\",\r\n    \"outputErrorPolicy\": \"Stop\",\r\n    \"eventsLateArrivalMaxDelayInSeconds\": 5,\r\n    \"dataLocale\": \"en-US\",\r\n    \"createdDate\": \"2017-06-03T02:53:35.527Z\",\r\n    \"compatibilityLevel\": \"1.0\",\r\n    \"inputs\": [],\r\n    \"functions\": [],\r\n    \"outputs\": []\r\n  }\r\n}",
      "ResponseHeaders": {
        "Content-Type": [
          "application/json; charset=utf-8"
        ],
        "Expires": [
          "-1"
        ],
        "Cache-Control": [
          "no-store, no-cache"
        ],
        "Date": [
          "Sat, 03 Jun 2017 02:53:38 GMT"
        ],
        "Pragma": [
          "no-cache"
        ],
        "Transfer-Encoding": [
          "chunked"
        ],
        "ETag": [
          "b82b210a-827c-4472-a687-e5b042f15396"
        ],
        "Server": [
          "Microsoft-IIS/8.5"
        ],
        "Vary": [
          "Accept-Encoding"
        ],
        "X-AspNetMvc-Version": [
          "5.0"
        ],
        "x-ms-request-id": [
          "eb46eb53-9737-4bcc-ae88-c8d455982af2"
        ],
        "X-Powered-By": [
          "ASP.NET"
        ],
        "x-ms-ratelimit-remaining-subscription-writes": [
          "1145"
        ],
        "x-ms-correlation-request-id": [
          "ae719965-df0a-4d64-866c-ab224e514a0c"
        ],
        "x-ms-routing-request-id": [
          "WESTEUROPE:20170603T025338Z:ae719965-df0a-4d64-866c-ab224e514a0c"
        ],
        "Strict-Transport-Security": [
          "max-age=31536000; includeSubDomains"
        ]
      },
      "StatusCode": 200
    },
    {
      "RequestUri": "/subscriptions/56b5e0a9-b645-407d-99b0-c64f86013e3d/resourcegroups/sjrg692/providers/Microsoft.StreamAnalytics/streamingjobs/sj8502/inputs/input953?api-version=2016-03-01",
      "EncodedRequestUri": "L3N1YnNjcmlwdGlvbnMvNTZiNWUwYTktYjY0NS00MDdkLTk5YjAtYzY0Zjg2MDEzZTNkL3Jlc291cmNlZ3JvdXBzL3Nqcmc2OTIvcHJvdmlkZXJzL01pY3Jvc29mdC5TdHJlYW1BbmFseXRpY3Mvc3RyZWFtaW5nam9icy9zajg1MDIvaW5wdXRzL2lucHV0OTUzP2FwaS12ZXJzaW9uPTIwMTYtMDMtMDE=",
      "RequestMethod": "PUT",
      "RequestBody": "{\r\n  \"properties\": {\r\n    \"type\": \"Reference\",\r\n    \"datasource\": {\r\n      \"type\": \"Microsoft.Storage/Blob\",\r\n      \"properties\": {\r\n        \"storageAccounts\": [\r\n          {\r\n            \"accountName\": \"$testAccountName$\",\r\n            \"accountKey\": \"$testStorageAccountKey$\"\r\n          }\r\n        ],\r\n        \"container\": \"state\",\r\n        \"pathPattern\": \"{date}/{time}\",\r\n        \"dateFormat\": \"yyyy/MM/dd\",\r\n        \"timeFormat\": \"HH\"\r\n      }\r\n    },\r\n    \"serialization\": {\r\n      \"type\": \"Csv\",\r\n      \"properties\": {\r\n        \"fieldDelimiter\": \",\",\r\n        \"encoding\": \"UTF8\"\r\n      }\r\n    }\r\n  }\r\n}",
      "RequestHeaders": {
        "Content-Type": [
          "application/json; charset=utf-8"
        ],
        "Content-Length": [
          "669"
        ],
        "x-ms-client-request-id": [
          "c0101f50-71bb-4e4f-8c0d-bb369c6da057"
        ],
        "accept-language": [
          "en-US"
        ],
        "User-Agent": [
          "FxVersion/4.6.25009.03",
          "Microsoft.Azure.Management.StreamAnalytics.StreamAnalyticsManagementClient/2.0.0.0"
        ]
      },
      "ResponseBody": "{\r\n  \"id\": \"/subscriptions/56b5e0a9-b645-407d-99b0-c64f86013e3d/resourceGroups/sjrg692/providers/Microsoft.StreamAnalytics/streamingjobs/sj8502/inputs/input953\",\r\n  \"name\": \"input953\",\r\n  \"type\": \"Microsoft.StreamAnalytics/streamingjobs/inputs\",\r\n  \"properties\": {\r\n    \"type\": \"Reference\",\r\n    \"datasource\": {\r\n      \"type\": \"Microsoft.Storage/Blob\",\r\n      \"properties\": {\r\n        \"storageAccounts\": [\r\n          {\r\n            \"accountName\": \"$testAccountName$\"\r\n          }\r\n        ],\r\n        \"container\": \"state\",\r\n        \"pathPattern\": \"{date}/{time}\",\r\n        \"dateFormat\": \"yyyy/MM/dd\",\r\n        \"timeFormat\": \"HH\"\r\n      }\r\n    },\r\n    \"serialization\": {\r\n      \"type\": \"Csv\",\r\n      \"properties\": {\r\n        \"fieldDelimiter\": \",\",\r\n        \"encoding\": \"UTF8\"\r\n      }\r\n    }\r\n  }\r\n}",
      "ResponseHeaders": {
        "Content-Type": [
          "application/json; charset=utf-8"
        ],
        "Expires": [
          "-1"
        ],
        "Cache-Control": [
          "no-store, no-cache"
        ],
        "Date": [
          "Sat, 03 Jun 2017 02:53:39 GMT"
        ],
        "Pragma": [
          "no-cache"
        ],
        "Transfer-Encoding": [
          "chunked"
        ],
        "ETag": [
          "8503c6fb-320e-4d42-9637-026ef2311a0c"
        ],
        "Server": [
          "Microsoft-IIS/8.5"
        ],
        "Vary": [
          "Accept-Encoding"
        ],
        "X-AspNetMvc-Version": [
          "5.0"
        ],
        "x-ms-request-id": [
          "aec3d992-ea1e-48f2-9f1a-84002fff66fc"
        ],
        "X-Powered-By": [
          "ASP.NET"
        ],
        "x-ms-ratelimit-remaining-subscription-writes": [
          "1144"
        ],
        "x-ms-correlation-request-id": [
          "c567f72f-6e90-4c57-9606-eb39117f28ce"
        ],
        "x-ms-routing-request-id": [
          "WESTEUROPE:20170603T025339Z:c567f72f-6e90-4c57-9606-eb39117f28ce"
        ],
        "Strict-Transport-Security": [
          "max-age=31536000; includeSubDomains"
        ]
      },
      "StatusCode": 200
    },
    {
      "RequestUri": "/subscriptions/56b5e0a9-b645-407d-99b0-c64f86013e3d/resourcegroups/sjrg692/providers/Microsoft.StreamAnalytics/streamingjobs/sj8502/inputs/input953?api-version=2016-03-01",
      "EncodedRequestUri": "L3N1YnNjcmlwdGlvbnMvNTZiNWUwYTktYjY0NS00MDdkLTk5YjAtYzY0Zjg2MDEzZTNkL3Jlc291cmNlZ3JvdXBzL3Nqcmc2OTIvcHJvdmlkZXJzL01pY3Jvc29mdC5TdHJlYW1BbmFseXRpY3Mvc3RyZWFtaW5nam9icy9zajg1MDIvaW5wdXRzL2lucHV0OTUzP2FwaS12ZXJzaW9uPTIwMTYtMDMtMDE=",
      "RequestMethod": "GET",
      "RequestBody": "",
      "RequestHeaders": {
        "x-ms-client-request-id": [
          "432f3590-721d-4e14-a3f3-861718bf14e3"
        ],
        "accept-language": [
          "en-US"
        ],
        "User-Agent": [
          "FxVersion/4.6.25009.03",
          "Microsoft.Azure.Management.StreamAnalytics.StreamAnalyticsManagementClient/2.0.0.0"
        ]
      },
      "ResponseBody": "{\r\n  \"id\": \"/subscriptions/56b5e0a9-b645-407d-99b0-c64f86013e3d/resourceGroups/sjrg692/providers/Microsoft.StreamAnalytics/streamingjobs/sj8502/inputs/input953\",\r\n  \"name\": \"input953\",\r\n  \"type\": \"Microsoft.StreamAnalytics/streamingjobs/inputs\",\r\n  \"properties\": {\r\n    \"type\": \"Reference\",\r\n    \"datasource\": {\r\n      \"type\": \"Microsoft.Storage/Blob\",\r\n      \"properties\": {\r\n        \"storageAccounts\": [\r\n          {\r\n            \"accountName\": \"$testAccountName$\"\r\n          }\r\n        ],\r\n        \"container\": \"state\",\r\n        \"pathPattern\": \"{date}/{time}\",\r\n        \"dateFormat\": \"yyyy/MM/dd\",\r\n        \"timeFormat\": \"HH\"\r\n      }\r\n    },\r\n    \"serialization\": {\r\n      \"type\": \"Csv\",\r\n      \"properties\": {\r\n        \"fieldDelimiter\": \",\",\r\n        \"encoding\": \"UTF8\"\r\n      }\r\n    }\r\n  }\r\n}",
      "ResponseHeaders": {
        "Content-Type": [
          "application/json; charset=utf-8"
        ],
        "Expires": [
          "-1"
        ],
        "Cache-Control": [
          "no-store, no-cache"
        ],
        "Date": [
          "Sat, 03 Jun 2017 02:53:39 GMT"
        ],
        "Pragma": [
          "no-cache"
        ],
        "Transfer-Encoding": [
          "chunked"
        ],
        "ETag": [
          "8503c6fb-320e-4d42-9637-026ef2311a0c"
        ],
        "Server": [
          "Microsoft-IIS/8.5"
        ],
        "Vary": [
          "Accept-Encoding"
        ],
        "X-AspNetMvc-Version": [
          "5.0"
        ],
        "x-ms-request-id": [
          "432f3590-721d-4e14-a3f3-861718bf14e3"
        ],
        "X-Powered-By": [
          "ASP.NET"
        ],
        "x-ms-ratelimit-remaining-subscription-reads": [
          "14938"
        ],
        "x-ms-correlation-request-id": [
          "e3f4d836-2fa5-4633-a6d1-b60dd5969913"
        ],
        "x-ms-routing-request-id": [
          "WESTEUROPE:20170603T025339Z:e3f4d836-2fa5-4633-a6d1-b60dd5969913"
        ],
        "Strict-Transport-Security": [
          "max-age=31536000; includeSubDomains"
        ]
      },
      "StatusCode": 200
    },
    {
      "RequestUri": "/subscriptions/56b5e0a9-b645-407d-99b0-c64f86013e3d/resourcegroups/sjrg692/providers/Microsoft.StreamAnalytics/streamingjobs/sj8502/inputs/input953?api-version=2016-03-01",
      "EncodedRequestUri": "L3N1YnNjcmlwdGlvbnMvNTZiNWUwYTktYjY0NS00MDdkLTk5YjAtYzY0Zjg2MDEzZTNkL3Jlc291cmNlZ3JvdXBzL3Nqcmc2OTIvcHJvdmlkZXJzL01pY3Jvc29mdC5TdHJlYW1BbmFseXRpY3Mvc3RyZWFtaW5nam9icy9zajg1MDIvaW5wdXRzL2lucHV0OTUzP2FwaS12ZXJzaW9uPTIwMTYtMDMtMDE=",
      "RequestMethod": "GET",
      "RequestBody": "",
      "RequestHeaders": {
        "x-ms-client-request-id": [
          "6bb9478c-dc52-4663-bc14-3bff50968d9a"
        ],
        "accept-language": [
          "en-US"
        ],
        "User-Agent": [
          "FxVersion/4.6.25009.03",
          "Microsoft.Azure.Management.StreamAnalytics.StreamAnalyticsManagementClient/2.0.0.0"
        ]
      },
      "ResponseBody": "{\r\n  \"id\": \"/subscriptions/56b5e0a9-b645-407d-99b0-c64f86013e3d/resourceGroups/sjrg692/providers/Microsoft.StreamAnalytics/streamingjobs/sj8502/inputs/input953\",\r\n  \"name\": \"input953\",\r\n  \"type\": \"Microsoft.StreamAnalytics/streamingjobs/inputs\",\r\n  \"properties\": {\r\n    \"type\": \"Reference\",\r\n    \"datasource\": {\r\n      \"type\": \"Microsoft.Storage/Blob\",\r\n      \"properties\": {\r\n        \"storageAccounts\": [\r\n          {\r\n            \"accountName\": \"$testAccountName$\"\r\n          }\r\n        ],\r\n        \"container\": \"differentContainer\",\r\n        \"pathPattern\": \"{date}/{time}\",\r\n        \"dateFormat\": \"yyyy/MM/dd\",\r\n        \"timeFormat\": \"HH\"\r\n      }\r\n    },\r\n    \"serialization\": {\r\n      \"type\": \"Csv\",\r\n      \"properties\": {\r\n        \"fieldDelimiter\": \"|\",\r\n        \"encoding\": \"UTF8\"\r\n      }\r\n    }\r\n  }\r\n}",
      "ResponseHeaders": {
        "Content-Type": [
          "application/json; charset=utf-8"
        ],
        "Expires": [
          "-1"
        ],
        "Cache-Control": [
          "no-store, no-cache"
        ],
        "Date": [
          "Sat, 03 Jun 2017 02:54:12 GMT"
        ],
        "Pragma": [
          "no-cache"
        ],
        "Transfer-Encoding": [
          "chunked"
        ],
        "ETag": [
          "ce023164-1c64-46fd-bd2b-79b38699fe81"
        ],
        "Server": [
          "Microsoft-IIS/8.5"
        ],
        "Vary": [
          "Accept-Encoding"
        ],
        "X-AspNetMvc-Version": [
          "5.0"
        ],
        "x-ms-request-id": [
          "6bb9478c-dc52-4663-bc14-3bff50968d9a"
        ],
        "X-Powered-By": [
          "ASP.NET"
        ],
        "x-ms-ratelimit-remaining-subscription-reads": [
          "14936"
        ],
        "x-ms-correlation-request-id": [
          "d35c59d2-331b-4500-b300-4989aa16ad3a"
        ],
        "x-ms-routing-request-id": [
          "WESTEUROPE:20170603T025412Z:d35c59d2-331b-4500-b300-4989aa16ad3a"
        ],
        "Strict-Transport-Security": [
          "max-age=31536000; includeSubDomains"
        ]
      },
      "StatusCode": 200
    },
    {
      "RequestUri": "/subscriptions/56b5e0a9-b645-407d-99b0-c64f86013e3d/resourcegroups/sjrg692/providers/Microsoft.StreamAnalytics/streamingjobs/sj8502/inputs/input953/test?api-version=2016-03-01",
      "EncodedRequestUri": "L3N1YnNjcmlwdGlvbnMvNTZiNWUwYTktYjY0NS00MDdkLTk5YjAtYzY0Zjg2MDEzZTNkL3Jlc291cmNlZ3JvdXBzL3Nqcmc2OTIvcHJvdmlkZXJzL01pY3Jvc29mdC5TdHJlYW1BbmFseXRpY3Mvc3RyZWFtaW5nam9icy9zajg1MDIvaW5wdXRzL2lucHV0OTUzL3Rlc3Q/YXBpLXZlcnNpb249MjAxNi0wMy0wMQ==",
      "RequestMethod": "POST",
      "RequestBody": "",
      "RequestHeaders": {
        "x-ms-client-request-id": [
          "0a609347-2cf7-4fba-9bd9-6e1c76e8252f"
        ],
        "accept-language": [
          "en-US"
        ],
        "User-Agent": [
          "FxVersion/4.6.25009.03",
          "Microsoft.Azure.Management.StreamAnalytics.StreamAnalyticsManagementClient/2.0.0.0"
        ]
      },
      "ResponseBody": "",
      "ResponseHeaders": {
        "Content-Length": [
          "0"
        ],
        "Content-Type": [
          "application/json"
        ],
        "Expires": [
          "-1"
        ],
        "Cache-Control": [
          "no-store, no-cache"
        ],
        "Date": [
          "Sat, 03 Jun 2017 02:53:39 GMT"
        ],
        "Pragma": [
          "no-cache"
        ],
        "Location": [
          "https://api-dogfood.resources.windows-int.net/subscriptions/56b5e0a9-b645-407d-99b0-c64f86013e3d/resourcegroups/sjrg692/providers/Microsoft.StreamAnalytics/streamingjobs/sj8502/inputs/input953/OperationResults/2d2e8fb2-a07a-402a-b44c-d7d1fa376650?api-version=2016-03-01"
        ],
        "Retry-After": [
          "10"
        ],
        "Server": [
          "Microsoft-IIS/8.5"
        ],
        "X-AspNetMvc-Version": [
          "5.0"
        ],
        "x-ms-request-id": [
          "0a609347-2cf7-4fba-9bd9-6e1c76e8252f"
        ],
        "X-Powered-By": [
          "ASP.NET"
        ],
        "x-ms-ratelimit-remaining-subscription-writes": [
          "1143"
        ],
        "x-ms-correlation-request-id": [
          "11bdebbc-fe18-48c5-86dd-6d60125e894c"
        ],
        "x-ms-routing-request-id": [
          "WESTEUROPE:20170603T025340Z:11bdebbc-fe18-48c5-86dd-6d60125e894c"
        ],
        "Strict-Transport-Security": [
          "max-age=31536000; includeSubDomains"
        ]
      },
      "StatusCode": 202
    },
    {
      "RequestUri": "/subscriptions/56b5e0a9-b645-407d-99b0-c64f86013e3d/resourcegroups/sjrg692/providers/Microsoft.StreamAnalytics/streamingjobs/sj8502/inputs/input953/OperationResults/2d2e8fb2-a07a-402a-b44c-d7d1fa376650?api-version=2016-03-01",
      "EncodedRequestUri": "L3N1YnNjcmlwdGlvbnMvNTZiNWUwYTktYjY0NS00MDdkLTk5YjAtYzY0Zjg2MDEzZTNkL3Jlc291cmNlZ3JvdXBzL3Nqcmc2OTIvcHJvdmlkZXJzL01pY3Jvc29mdC5TdHJlYW1BbmFseXRpY3Mvc3RyZWFtaW5nam9icy9zajg1MDIvaW5wdXRzL2lucHV0OTUzL09wZXJhdGlvblJlc3VsdHMvMmQyZThmYjItYTA3YS00MDJhLWI0NGMtZDdkMWZhMzc2NjUwP2FwaS12ZXJzaW9uPTIwMTYtMDMtMDE=",
      "RequestMethod": "GET",
      "RequestBody": "",
      "RequestHeaders": {
        "User-Agent": [
          "FxVersion/4.6.25009.03",
          "Microsoft.Azure.Management.StreamAnalytics.StreamAnalyticsManagementClient/2.0.0.0"
        ]
      },
      "ResponseBody": "{\r\n  \"status\": \"TestSucceeded\",\r\n  \"error\": null\r\n}",
      "ResponseHeaders": {
        "Content-Type": [
          "application/json; charset=utf-8"
        ],
        "Expires": [
          "-1"
        ],
        "Cache-Control": [
          "no-store, no-cache"
        ],
        "Date": [
          "Sat, 03 Jun 2017 02:54:10 GMT"
        ],
        "Pragma": [
          "no-cache"
        ],
        "Transfer-Encoding": [
          "chunked"
        ],
        "Server": [
          "Microsoft-IIS/8.5"
        ],
        "Vary": [
          "Accept-Encoding"
        ],
        "X-AspNetMvc-Version": [
          "5.0"
        ],
        "x-ms-request-id": [
          "75c757e5-461c-4dd4-8b11-9ae8c40c8a0a"
        ],
        "X-Powered-By": [
          "ASP.NET"
        ],
        "x-ms-ratelimit-remaining-subscription-reads": [
          "14937"
        ],
        "x-ms-correlation-request-id": [
          "92fb7e20-cf07-44be-afee-90ae58b0ce97"
        ],
        "x-ms-routing-request-id": [
          "WESTEUROPE:20170603T025411Z:92fb7e20-cf07-44be-afee-90ae58b0ce97"
        ],
        "Strict-Transport-Security": [
          "max-age=31536000; includeSubDomains"
        ]
      },
      "StatusCode": 200
    },
    {
      "RequestUri": "/subscriptions/56b5e0a9-b645-407d-99b0-c64f86013e3d/resourcegroups/sjrg692/providers/Microsoft.StreamAnalytics/streamingjobs/sj8502/inputs/input953?api-version=2016-03-01",
      "EncodedRequestUri": "L3N1YnNjcmlwdGlvbnMvNTZiNWUwYTktYjY0NS00MDdkLTk5YjAtYzY0Zjg2MDEzZTNkL3Jlc291cmNlZ3JvdXBzL3Nqcmc2OTIvcHJvdmlkZXJzL01pY3Jvc29mdC5TdHJlYW1BbmFseXRpY3Mvc3RyZWFtaW5nam9icy9zajg1MDIvaW5wdXRzL2lucHV0OTUzP2FwaS12ZXJzaW9uPTIwMTYtMDMtMDE=",
      "RequestMethod": "PATCH",
      "RequestBody": "{\r\n  \"properties\": {\r\n    \"type\": \"Reference\",\r\n    \"datasource\": {\r\n      \"type\": \"Microsoft.Storage/Blob\",\r\n      \"properties\": {\r\n        \"container\": \"differentContainer\"\r\n      }\r\n    },\r\n    \"serialization\": {\r\n      \"type\": \"Csv\",\r\n      \"properties\": {\r\n        \"fieldDelimiter\": \"|\",\r\n        \"encoding\": \"UTF8\"\r\n      }\r\n    }\r\n  }\r\n}",
      "RequestHeaders": {
        "Content-Type": [
          "application/json; charset=utf-8"
        ],
        "Content-Length": [
          "344"
        ],
        "x-ms-client-request-id": [
          "a3fdf2e1-6875-4c1c-bcf5-f46b6ffedbdb"
        ],
        "accept-language": [
          "en-US"
        ],
        "User-Agent": [
          "FxVersion/4.6.25009.03",
          "Microsoft.Azure.Management.StreamAnalytics.StreamAnalyticsManagementClient/2.0.0.0"
        ]
      },
      "ResponseBody": "{\r\n  \"id\": \"/subscriptions/56b5e0a9-b645-407d-99b0-c64f86013e3d/resourceGroups/sjrg692/providers/Microsoft.StreamAnalytics/streamingjobs/sj8502/inputs/input953\",\r\n  \"name\": \"input953\",\r\n  \"type\": \"Microsoft.StreamAnalytics/streamingjobs/inputs\",\r\n  \"properties\": {\r\n    \"type\": \"Reference\",\r\n    \"datasource\": {\r\n      \"type\": \"Microsoft.Storage/Blob\",\r\n      \"properties\": {\r\n        \"storageAccounts\": [\r\n          {\r\n            \"accountName\": \"$testAccountName$\"\r\n          }\r\n        ],\r\n        \"container\": \"differentContainer\",\r\n        \"pathPattern\": \"{date}/{time}\",\r\n        \"dateFormat\": \"yyyy/MM/dd\",\r\n        \"timeFormat\": \"HH\"\r\n      }\r\n    },\r\n    \"serialization\": {\r\n      \"type\": \"Csv\",\r\n      \"properties\": {\r\n        \"fieldDelimiter\": \"|\",\r\n        \"encoding\": \"UTF8\"\r\n      }\r\n    }\r\n  }\r\n}",
      "ResponseHeaders": {
        "Content-Type": [
          "application/json; charset=utf-8"
        ],
        "Expires": [
          "-1"
        ],
        "Cache-Control": [
          "no-store, no-cache"
        ],
        "Date": [
          "Sat, 03 Jun 2017 02:54:12 GMT"
        ],
        "Pragma": [
          "no-cache"
        ],
        "Transfer-Encoding": [
          "chunked"
        ],
        "ETag": [
          "ce023164-1c64-46fd-bd2b-79b38699fe81"
        ],
        "Server": [
          "Microsoft-IIS/8.5"
        ],
        "Vary": [
          "Accept-Encoding"
        ],
        "X-AspNetMvc-Version": [
          "5.0"
        ],
        "x-ms-request-id": [
          "aaf909d2-7936-4e94-bd94-19efe90420a0"
        ],
        "X-Powered-By": [
          "ASP.NET"
        ],
        "x-ms-ratelimit-remaining-subscription-writes": [
          "1142"
        ],
        "x-ms-correlation-request-id": [
          "5343124f-ed8a-4380-8145-80dcf89c1474"
        ],
        "x-ms-routing-request-id": [
          "WESTEUROPE:20170603T025412Z:5343124f-ed8a-4380-8145-80dcf89c1474"
        ],
        "Strict-Transport-Security": [
          "max-age=31536000; includeSubDomains"
        ]
      },
      "StatusCode": 200
    },
    {
      "RequestUri": "/subscriptions/56b5e0a9-b645-407d-99b0-c64f86013e3d/resourcegroups/sjrg692/providers/Microsoft.StreamAnalytics/streamingjobs/sj8502/inputs?api-version=2016-03-01",
      "EncodedRequestUri": "L3N1YnNjcmlwdGlvbnMvNTZiNWUwYTktYjY0NS00MDdkLTk5YjAtYzY0Zjg2MDEzZTNkL3Jlc291cmNlZ3JvdXBzL3Nqcmc2OTIvcHJvdmlkZXJzL01pY3Jvc29mdC5TdHJlYW1BbmFseXRpY3Mvc3RyZWFtaW5nam9icy9zajg1MDIvaW5wdXRzP2FwaS12ZXJzaW9uPTIwMTYtMDMtMDE=",
      "RequestMethod": "GET",
      "RequestBody": "",
      "RequestHeaders": {
        "x-ms-client-request-id": [
          "00807ddb-2619-40f1-a822-290abd6309a7"
        ],
        "accept-language": [
          "en-US"
        ],
        "User-Agent": [
          "FxVersion/4.6.25009.03",
          "Microsoft.Azure.Management.StreamAnalytics.StreamAnalyticsManagementClient/2.0.0.0"
        ]
      },
      "ResponseBody": "{\r\n  \"value\": [\r\n    {\r\n      \"id\": \"/subscriptions/56b5e0a9-b645-407d-99b0-c64f86013e3d/resourceGroups/sjrg692/providers/Microsoft.StreamAnalytics/streamingjobs/sj8502/inputs/input953\",\r\n      \"name\": \"input953\",\r\n      \"type\": \"Microsoft.StreamAnalytics/streamingjobs/inputs\",\r\n      \"properties\": {\r\n        \"type\": \"Reference\",\r\n        \"datasource\": {\r\n          \"type\": \"Microsoft.Storage/Blob\",\r\n          \"properties\": {\r\n            \"storageAccounts\": [\r\n              {\r\n                \"accountName\": \"$testAccountName$\"\r\n              }\r\n            ],\r\n            \"container\": \"differentContainer\",\r\n            \"pathPattern\": \"{date}/{time}\",\r\n            \"dateFormat\": \"yyyy/MM/dd\",\r\n            \"timeFormat\": \"HH\"\r\n          }\r\n        },\r\n        \"serialization\": {\r\n          \"type\": \"Csv\",\r\n          \"properties\": {\r\n            \"fieldDelimiter\": \"|\",\r\n            \"encoding\": \"UTF8\"\r\n          }\r\n        },\r\n        \"etag\": \"ce023164-1c64-46fd-bd2b-79b38699fe81\"\r\n      }\r\n    }\r\n  ],\r\n  \"nextLink\": null\r\n}",
      "ResponseHeaders": {
        "Content-Type": [
          "application/json; charset=utf-8"
        ],
        "Expires": [
          "-1"
        ],
        "Cache-Control": [
          "no-store, no-cache"
        ],
        "Date": [
          "Sat, 03 Jun 2017 02:54:13 GMT"
        ],
        "Pragma": [
          "no-cache"
        ],
        "Transfer-Encoding": [
          "chunked"
        ],
        "Server": [
          "Microsoft-IIS/8.5"
        ],
        "Vary": [
          "Accept-Encoding"
        ],
        "X-AspNetMvc-Version": [
          "5.0"
        ],
        "x-ms-request-id": [
          "00807ddb-2619-40f1-a822-290abd6309a7"
        ],
        "X-Powered-By": [
          "ASP.NET"
        ],
        "x-ms-ratelimit-remaining-subscription-reads": [
          "14935"
        ],
        "x-ms-correlation-request-id": [
          "6ed53bcd-6473-419b-914a-88c1364b20dc"
        ],
        "x-ms-routing-request-id": [
          "WESTEUROPE:20170603T025413Z:6ed53bcd-6473-419b-914a-88c1364b20dc"
        ],
        "Strict-Transport-Security": [
          "max-age=31536000; includeSubDomains"
        ]
      },
      "StatusCode": 200
    },
    {
      "RequestUri": "/subscriptions/56b5e0a9-b645-407d-99b0-c64f86013e3d/resourcegroups/sjrg692/providers/Microsoft.StreamAnalytics/streamingjobs/sj8502/inputs?api-version=2016-03-01",
      "EncodedRequestUri": "L3N1YnNjcmlwdGlvbnMvNTZiNWUwYTktYjY0NS00MDdkLTk5YjAtYzY0Zjg2MDEzZTNkL3Jlc291cmNlZ3JvdXBzL3Nqcmc2OTIvcHJvdmlkZXJzL01pY3Jvc29mdC5TdHJlYW1BbmFseXRpY3Mvc3RyZWFtaW5nam9icy9zajg1MDIvaW5wdXRzP2FwaS12ZXJzaW9uPTIwMTYtMDMtMDE=",
      "RequestMethod": "GET",
      "RequestBody": "",
      "RequestHeaders": {
        "x-ms-client-request-id": [
          "46b21ff6-b2ce-48f8-ab8c-b31e5ae1f1eb"
        ],
        "accept-language": [
          "en-US"
        ],
        "User-Agent": [
          "FxVersion/4.6.25009.03",
          "Microsoft.Azure.Management.StreamAnalytics.StreamAnalyticsManagementClient/2.0.0.0"
        ]
      },
      "ResponseBody": "{\r\n  \"value\": [],\r\n  \"nextLink\": null\r\n}",
      "ResponseHeaders": {
        "Content-Type": [
          "application/json; charset=utf-8"
        ],
        "Expires": [
          "-1"
        ],
        "Cache-Control": [
          "no-store, no-cache"
        ],
        "Date": [
          "Sat, 03 Jun 2017 02:54:14 GMT"
        ],
        "Pragma": [
          "no-cache"
        ],
        "Transfer-Encoding": [
          "chunked"
        ],
        "Server": [
          "Microsoft-IIS/8.5"
        ],
        "Vary": [
          "Accept-Encoding"
        ],
        "X-AspNetMvc-Version": [
          "5.0"
        ],
        "x-ms-request-id": [
          "46b21ff6-b2ce-48f8-ab8c-b31e5ae1f1eb"
        ],
        "X-Powered-By": [
          "ASP.NET"
        ],
        "x-ms-ratelimit-remaining-subscription-reads": [
          "14933"
        ],
        "x-ms-correlation-request-id": [
          "669dcb31-8656-415f-bab9-a9ce51f5fc40"
        ],
        "x-ms-routing-request-id": [
          "WESTEUROPE:20170603T025414Z:669dcb31-8656-415f-bab9-a9ce51f5fc40"
        ],
        "Strict-Transport-Security": [
          "max-age=31536000; includeSubDomains"
        ]
      },
      "StatusCode": 200
    },
    {
      "RequestUri": "/subscriptions/56b5e0a9-b645-407d-99b0-c64f86013e3d/resourcegroups/sjrg692/providers/Microsoft.StreamAnalytics/streamingjobs/sj8502?$expand=inputs&api-version=2016-03-01",
      "EncodedRequestUri": "L3N1YnNjcmlwdGlvbnMvNTZiNWUwYTktYjY0NS00MDdkLTk5YjAtYzY0Zjg2MDEzZTNkL3Jlc291cmNlZ3JvdXBzL3Nqcmc2OTIvcHJvdmlkZXJzL01pY3Jvc29mdC5TdHJlYW1BbmFseXRpY3Mvc3RyZWFtaW5nam9icy9zajg1MDI/JGV4cGFuZD1pbnB1dHMmYXBpLXZlcnNpb249MjAxNi0wMy0wMQ==",
      "RequestMethod": "GET",
      "RequestBody": "",
      "RequestHeaders": {
        "x-ms-client-request-id": [
          "b2016711-52b2-4e73-a7ee-b050e8d59f3e"
        ],
        "accept-language": [
          "en-US"
        ],
        "User-Agent": [
          "FxVersion/4.6.25009.03",
          "Microsoft.Azure.Management.StreamAnalytics.StreamAnalyticsManagementClient/2.0.0.0"
        ]
      },
      "ResponseBody": "{\r\n  \"id\": \"/subscriptions/56b5e0a9-b645-407d-99b0-c64f86013e3d/resourceGroups/sjrg692/providers/Microsoft.StreamAnalytics/streamingjobs/sj8502\",\r\n  \"name\": \"sj8502\",\r\n  \"type\": \"Microsoft.StreamAnalytics/streamingjobs\",\r\n  \"location\": \"West US\",\r\n  \"tags\": {\r\n    \"key1\": \"value1\",\r\n    \"randomKey\": \"randomValue\",\r\n    \"key3\": \"value3\"\r\n  },\r\n  \"properties\": {\r\n    \"sku\": {\r\n      \"name\": \"Standard\"\r\n    },\r\n    \"jobId\": \"f2452a8e-8343-4f9f-bb3b-2f1eb1cd6efc\",\r\n    \"provisioningState\": \"Succeeded\",\r\n    \"jobState\": \"Created\",\r\n    \"outputErrorPolicy\": \"Stop\",\r\n    \"eventsLateArrivalMaxDelayInSeconds\": 5,\r\n    \"dataLocale\": \"en-US\",\r\n    \"createdDate\": \"2017-06-03T02:53:35.527Z\",\r\n    \"compatibilityLevel\": \"1.0\",\r\n    \"inputs\": [\r\n      {\r\n        \"id\": \"/subscriptions/56b5e0a9-b645-407d-99b0-c64f86013e3d/resourceGroups/sjrg692/providers/Microsoft.StreamAnalytics/streamingjobs/sj8502/inputs/input953\",\r\n        \"name\": \"input953\",\r\n        \"type\": \"Microsoft.StreamAnalytics/streamingjobs/inputs\",\r\n        \"properties\": {\r\n          \"type\": \"Reference\",\r\n          \"datasource\": {\r\n            \"type\": \"Microsoft.Storage/Blob\",\r\n            \"properties\": {\r\n              \"storageAccounts\": [\r\n                {\r\n                  \"accountName\": \"$testAccountName$\"\r\n                }\r\n              ],\r\n              \"container\": \"differentContainer\",\r\n              \"pathPattern\": \"{date}/{time}\",\r\n              \"dateFormat\": \"yyyy/MM/dd\",\r\n              \"timeFormat\": \"HH\"\r\n            }\r\n          },\r\n          \"serialization\": {\r\n            \"type\": \"Csv\",\r\n            \"properties\": {\r\n              \"fieldDelimiter\": \"|\",\r\n              \"encoding\": \"UTF8\"\r\n            }\r\n          },\r\n          \"etag\": \"ce023164-1c64-46fd-bd2b-79b38699fe81\"\r\n        }\r\n      }\r\n    ]\r\n  }\r\n}",
      "ResponseHeaders": {
        "Content-Type": [
          "application/json; charset=utf-8"
        ],
        "Expires": [
          "-1"
        ],
        "Cache-Control": [
          "no-store, no-cache"
        ],
        "Date": [
          "Sat, 03 Jun 2017 02:54:13 GMT"
        ],
        "Pragma": [
          "no-cache"
        ],
        "Transfer-Encoding": [
          "chunked"
        ],
        "ETag": [
          "3ae9b1cb-6089-4315-82e7-a134e4aeb4d8"
        ],
        "Server": [
          "Microsoft-IIS/8.5"
        ],
        "Vary": [
          "Accept-Encoding"
        ],
        "X-AspNetMvc-Version": [
          "5.0"
        ],
        "x-ms-request-id": [
          "b2016711-52b2-4e73-a7ee-b050e8d59f3e"
        ],
        "X-Powered-By": [
          "ASP.NET"
        ],
        "x-ms-ratelimit-remaining-subscription-reads": [
          "14934"
        ],
        "x-ms-correlation-request-id": [
          "735fe7c0-c104-42db-8562-6afbad74178c"
        ],
        "x-ms-routing-request-id": [
          "WESTEUROPE:20170603T025413Z:735fe7c0-c104-42db-8562-6afbad74178c"
        ],
        "Strict-Transport-Security": [
          "max-age=31536000; includeSubDomains"
        ]
      },
      "StatusCode": 200
    },
    {
      "RequestUri": "/subscriptions/56b5e0a9-b645-407d-99b0-c64f86013e3d/resourcegroups/sjrg692/providers/Microsoft.StreamAnalytics/streamingjobs/sj8502?$expand=inputs&api-version=2016-03-01",
      "EncodedRequestUri": "L3N1YnNjcmlwdGlvbnMvNTZiNWUwYTktYjY0NS00MDdkLTk5YjAtYzY0Zjg2MDEzZTNkL3Jlc291cmNlZ3JvdXBzL3Nqcmc2OTIvcHJvdmlkZXJzL01pY3Jvc29mdC5TdHJlYW1BbmFseXRpY3Mvc3RyZWFtaW5nam9icy9zajg1MDI/JGV4cGFuZD1pbnB1dHMmYXBpLXZlcnNpb249MjAxNi0wMy0wMQ==",
      "RequestMethod": "GET",
      "RequestBody": "",
      "RequestHeaders": {
        "x-ms-client-request-id": [
          "f6ceb12b-b0cc-4e85-aaae-a43736689342"
        ],
        "accept-language": [
          "en-US"
        ],
        "User-Agent": [
          "FxVersion/4.6.25009.03",
          "Microsoft.Azure.Management.StreamAnalytics.StreamAnalyticsManagementClient/2.0.0.0"
        ]
      },
      "ResponseBody": "{\r\n  \"id\": \"/subscriptions/56b5e0a9-b645-407d-99b0-c64f86013e3d/resourceGroups/sjrg692/providers/Microsoft.StreamAnalytics/streamingjobs/sj8502\",\r\n  \"name\": \"sj8502\",\r\n  \"type\": \"Microsoft.StreamAnalytics/streamingjobs\",\r\n  \"location\": \"West US\",\r\n  \"tags\": {\r\n    \"key1\": \"value1\",\r\n    \"randomKey\": \"randomValue\",\r\n    \"key3\": \"value3\"\r\n  },\r\n  \"properties\": {\r\n    \"sku\": {\r\n      \"name\": \"Standard\"\r\n    },\r\n    \"jobId\": \"f2452a8e-8343-4f9f-bb3b-2f1eb1cd6efc\",\r\n    \"provisioningState\": \"Succeeded\",\r\n    \"jobState\": \"Created\",\r\n    \"outputErrorPolicy\": \"Stop\",\r\n    \"eventsLateArrivalMaxDelayInSeconds\": 5,\r\n    \"dataLocale\": \"en-US\",\r\n    \"createdDate\": \"2017-06-03T02:53:35.527Z\",\r\n    \"compatibilityLevel\": \"1.0\",\r\n    \"inputs\": []\r\n  }\r\n}",
      "ResponseHeaders": {
        "Content-Type": [
          "application/json; charset=utf-8"
        ],
        "Expires": [
          "-1"
        ],
        "Cache-Control": [
          "no-store, no-cache"
        ],
        "Date": [
          "Sat, 03 Jun 2017 02:54:15 GMT"
        ],
        "Pragma": [
          "no-cache"
        ],
        "Transfer-Encoding": [
          "chunked"
        ],
        "ETag": [
          "a76e9ee3-f2f3-4e13-81ca-06cf1214233c"
        ],
        "Server": [
          "Microsoft-IIS/8.5"
        ],
        "Vary": [
          "Accept-Encoding"
        ],
        "X-AspNetMvc-Version": [
          "5.0"
        ],
        "x-ms-request-id": [
          "f6ceb12b-b0cc-4e85-aaae-a43736689342"
        ],
        "X-Powered-By": [
          "ASP.NET"
        ],
        "x-ms-ratelimit-remaining-subscription-reads": [
          "14932"
        ],
        "x-ms-correlation-request-id": [
          "8e4b97b5-5b52-4574-8cd9-348067927d17"
        ],
        "x-ms-routing-request-id": [
          "WESTEUROPE:20170603T025415Z:8e4b97b5-5b52-4574-8cd9-348067927d17"
        ],
        "Strict-Transport-Security": [
          "max-age=31536000; includeSubDomains"
        ]
      },
      "StatusCode": 200
    },
    {
      "RequestUri": "/subscriptions/56b5e0a9-b645-407d-99b0-c64f86013e3d/resourcegroups/sjrg692/providers/Microsoft.StreamAnalytics/streamingjobs/sj8502/inputs/input953?api-version=2016-03-01",
      "EncodedRequestUri": "L3N1YnNjcmlwdGlvbnMvNTZiNWUwYTktYjY0NS00MDdkLTk5YjAtYzY0Zjg2MDEzZTNkL3Jlc291cmNlZ3JvdXBzL3Nqcmc2OTIvcHJvdmlkZXJzL01pY3Jvc29mdC5TdHJlYW1BbmFseXRpY3Mvc3RyZWFtaW5nam9icy9zajg1MDIvaW5wdXRzL2lucHV0OTUzP2FwaS12ZXJzaW9uPTIwMTYtMDMtMDE=",
      "RequestMethod": "DELETE",
      "RequestBody": "",
      "RequestHeaders": {
        "x-ms-client-request-id": [
          "0da8def6-919d-44a1-89ce-6d5273f9909d"
        ],
        "accept-language": [
          "en-US"
        ],
        "User-Agent": [
          "FxVersion/4.6.25009.03",
          "Microsoft.Azure.Management.StreamAnalytics.StreamAnalyticsManagementClient/2.0.0.0"
        ]
      },
      "ResponseBody": "",
      "ResponseHeaders": {
        "Content-Length": [
          "0"
        ],
        "Content-Type": [
          "application/json"
        ],
        "Expires": [
          "-1"
        ],
        "Cache-Control": [
          "no-store, no-cache"
        ],
        "Date": [
          "Sat, 03 Jun 2017 02:54:14 GMT"
        ],
        "Pragma": [
          "no-cache"
        ],
        "Server": [
          "Microsoft-IIS/8.5"
        ],
        "X-AspNetMvc-Version": [
          "5.0"
        ],
        "x-ms-request-id": [
          "0da8def6-919d-44a1-89ce-6d5273f9909d"
        ],
        "X-Powered-By": [
          "ASP.NET"
        ],
        "x-ms-ratelimit-remaining-subscription-writes": [
          "1141"
        ],
        "x-ms-correlation-request-id": [
          "f702c686-d4af-42e3-a93c-423865c71196"
        ],
        "x-ms-routing-request-id": [
          "WESTEUROPE:20170603T025414Z:f702c686-d4af-42e3-a93c-423865c71196"
        ],
        "Strict-Transport-Security": [
          "max-age=31536000; includeSubDomains"
        ]
      },
      "StatusCode": 200
    }
  ],
  "Names": {
    "InputOperationsTest_Reference_Blob": [
      "sjrg692",
      "sj8502",
      "input953"
    ]
  },
  "Variables": {
    "SubscriptionId": "56b5e0a9-b645-407d-99b0-c64f86013e3d"
  }
}