{
  "Entries": [
    {
      "RequestUri": "https://management.azure.com/subscriptions/5b0120b2-6e29-4784-95cd-49a1b101a0c4?api-version=2021-01-01",
      "RequestMethod": "GET",
      "RequestHeaders": {
        "Accept": "application/json",
        "Authorization": "Sanitized",
        "traceparent": "00-41cfe9ff09895b0c6edf22c9eab9cac2-a9e159b7ab180eed-00",
        "User-Agent": "azsdk-net-ResourceManager/1.6.0 (.NET 6.0.16; Microsoft Windows 10.0.22621)",
        "x-ms-client-request-id": "e930ab645299bcd320bb0d2be9b060b5",
        "x-ms-return-client-request-id": "true"
      },
      "RequestBody": null,
      "StatusCode": 200,
      "ResponseHeaders": {
        "Cache-Control": "no-cache",
        "Content-Length": "456",
        "Content-Type": "application/json; charset=utf-8",
        "Date": "Wed, 31 May 2023 22:57:10 GMT",
        "Expires": "-1",
        "Pragma": "no-cache",
        "Strict-Transport-Security": "max-age=31536000; includeSubDomains",
        "X-Content-Type-Options": "nosniff",
        "x-ms-correlation-request-id": "804dcc48-d2a2-4f96-981d-33c1847938a4",
        "x-ms-ratelimit-remaining-subscription-reads": "11931",
        "x-ms-request-id": "804dcc48-d2a2-4f96-981d-33c1847938a4",
        "x-ms-routing-request-id": "GERMANYWESTCENTRAL:20230531T225711Z:804dcc48-d2a2-4f96-981d-33c1847938a4"
      },
      "ResponseBody": {
        "id": "/subscriptions/5b0120b2-6e29-4784-95cd-49a1b101a0c4",
        "authorizationSource": "RoleBased",
        "managedByTenants": [],
        "tags": {
          "NRMSBreakGlassAzureOnly": "NRMSBreakGlassAzureOnly"
        },
        "subscriptionId": "5b0120b2-6e29-4784-95cd-49a1b101a0c4",
        "tenantId": "72f988bf-86f1-41af-91ab-2d7cd011db47",
        "displayName": "Marlin - Dev CP",
        "state": "Enabled",
        "subscriptionPolicies": {
          "locationPlacementId": "Internal_2014-09-01",
          "quotaId": "Internal_2014-09-01",
          "spendingLimit": "Off"
        }
      }
    },
    {
      "RequestUri": "https://management.azure.com/subscriptions/5b0120b2-6e29-4784-95cd-49a1b101a0c4/resourcegroups/test-rg-5555?api-version=**",
      "RequestMethod": "GET",
      "RequestHeaders": {
        "Accept": "application/json",
        "Authorization": "Sanitized",
        "traceparent": "00-3af05c8af3e6d765a64f2b1dfc0a31c5-c22ed2ed0c3a7b24-00",
        "User-Agent": "azsdk-net-ResourceManager/1.6.0 (.NET 6.0.16; Microsoft Windows 10.0.22621)",
        "x-ms-client-request-id": "373ac9cb26018c9ce4ac7937bb708b8e",
        "x-ms-return-client-request-id": "true"
      },
      "RequestBody": null,
      "StatusCode": 200,
      "ResponseHeaders": {
        "Cache-Control": "no-cache",
        "Content-Length": "222",
        "Content-Type": "application/json; charset=utf-8",
        "Date": "Wed, 31 May 2023 22:57:11 GMT",
        "Expires": "-1",
        "Pragma": "no-cache",
        "Strict-Transport-Security": "max-age=31536000; includeSubDomains",
        "X-Content-Type-Options": "nosniff",
        "x-ms-correlation-request-id": "938fec8e-251f-4e79-8288-cc656606bf22",
        "x-ms-ratelimit-remaining-subscription-reads": "11930",
        "x-ms-request-id": "938fec8e-251f-4e79-8288-cc656606bf22",
        "x-ms-routing-request-id": "GERMANYWESTCENTRAL:20230531T225711Z:938fec8e-251f-4e79-8288-cc656606bf22"
      },
      "ResponseBody": {
        "id": "/subscriptions/5b0120b2-6e29-4784-95cd-49a1b101a0c4/resourceGroups/test-rg-5555",
        "name": "test-rg-5555",
        "type": "Microsoft.Resources/resourceGroups",
        "location": "westus2",
        "properties": {
          "provisioningState": "Succeeded"
        }
      }
    },
    {
      "RequestUri": "https://management.azure.com/subscriptions/5b0120b2-6e29-4784-95cd-49a1b101a0c4/resourceGroups/test-rg-5555/providers/Microsoft.DBforPostgreSQL/serverGroupsv2/cosmos-pg-net-8417?api-version=2022-11-08",
      "RequestMethod": "GET",
      "RequestHeaders": {
        "Accept": "application/json",
        "Authorization": "Sanitized",
        "traceparent": "00-14ae3911258cebb26afe34aebc5aa773-5a36913c825a4531-00",
        "User-Agent": "azsdk-net-ResourceManager.CosmosDBForPostgreSql/1.0.0-alpha.20230601.1 (.NET 6.0.16; Microsoft Windows 10.0.22621)",
        "x-ms-client-request-id": "5351879482a27b9a77fd22dfa6e5706b",
        "x-ms-return-client-request-id": "true"
      },
      "RequestBody": null,
      "StatusCode": 200,
      "ResponseHeaders": {
        "Cache-Control": "no-cache",
        "Content-Length": "1624",
        "Content-Security-Policy": "default-src \u0027none\u0027; base-uri \u0027self\u0027; block-all-mixed-content; connect-src \u0027self\u0027; font-src \u0027self\u0027; form-action \u0027self\u0027; img-src \u0027self\u0027; script-src \u0027self\u0027; style-src \u0027self\u0027; upgrade-insecure-requests",
        "Content-Type": "application/json; charset=utf-8",
        "Date": "Wed, 31 May 2023 22:57:11 GMT",
        "Expires": "-1",
        "Pragma": "no-cache",
        "Referrer-Policy": "same-origin",
        "Request-Id": "0a8e5da3-8557-40fc-9ae9-6c7b6df78ec0",
        "Strict-Transport-Security": "max-age=31536000; includeSubDomains",
        "Vary": "Accept-Encoding",
        "X-Content-Type-Options": "nosniff",
        "X-Download-Options": "noopen",
        "X-Frame-Options": "DENY",
        "x-ms-correlation-request-id": "ccbcdb90-2129-4de0-a991-bd978004726a",
        "x-ms-ratelimit-remaining-subscription-reads": "11929",
        "x-ms-request-id": "ccbcdb90-2129-4de0-a991-bd978004726a",
        "x-ms-routing-request-id": "GERMANYWESTCENTRAL:20230531T225712Z:ccbcdb90-2129-4de0-a991-bd978004726a",
        "X-Permitted-Cross-Domain-Policies": "none",
        "X-XSS-Protection": "1; mode=block"
      },
      "ResponseBody": {
        "id": "/subscriptions/5b0120b2-6e29-4784-95cd-49a1b101a0c4/resourceGroups/test-rg-5555/providers/Microsoft.DBforPostgreSQL/serverGroupsv2/cosmos-pg-net-8417",
        "name": "cosmos-pg-net-8417",
        "type": "Microsoft.DBforPostgreSQL/serverGroupsv2",
        "tags": {},
        "location": "westus2",
        "systemData": {
          "createdAt": "2023-05-31T22:51:07.7536526Z",
          "createdBy": "66761688-d440-4677-af3f-3325374b8ebf",
          "createdByType": "Application",
          "lastModifiedAt": "2023-05-31T22:51:07.7536526Z",
          "lastModifiedBy": "66761688-d440-4677-af3f-3325374b8ebf",
          "lastModifiedByType": "Application"
        },
        "properties": {
          "provisioningState": "Succeeded",
          "state": "Ready",
          "administratorLogin": "citus",
          "postgresqlVersion": "14",
          "citusVersion": "11.1",
          "maintenanceWindow": {
            "customWindow": "Disabled",
            "dayOfWeek": 0,
            "startHour": 0,
            "startMinute": 0
          },
          "preferredPrimaryZone": "1",
          "enableShardsOnCoordinator": true,
          "earliestRestoreTime": null,
          "sourceResourceId": null,
          "enableHa": false,
          "coordinatorServerEdition": "GeneralPurpose",
          "nodeServerEdition": "MemoryOptimized",
          "coordinatorStorageQuotaInMb": 524288,
          "nodeStorageQuotaInMb": 524288,
          "coordinatorVCores": 4,
          "nodeVCores": 4,
          "coordinatorEnablePublicIpAccess": true,
          "nodeEnablePublicIpAccess": false,
          "nodeCount": 0,
          "serverNames": [
            {
              "name": "cosmos-pg-net-8417-c",
              "fullyQualifiedDomainName": "c.cosmos-pg-net-8417.postgres.database.azure.com"
            }
          ],
          "readReplicas": [],
          "privateEndpointConnections": []
        }
      }
    },
    {
      "RequestUri": "https://management.azure.com/subscriptions/5b0120b2-6e29-4784-95cd-49a1b101a0c4/resourceGroups/test-rg-5555/providers/Microsoft.DBforPostgreSQL/serverGroupsv2/cosmos-pg-net-8417/roles/role3009?api-version=2022-11-08",
      "RequestMethod": "PUT",
      "RequestHeaders": {
        "Accept": "application/json",
        "Authorization": "Sanitized",
        "Content-Length": "38",
        "Content-Type": "application/json",
        "traceparent": "00-07919d7154fbfed4025c88de93e62c30-721b6713ef999071-00",
        "User-Agent": "azsdk-net-ResourceManager.CosmosDBForPostgreSql/1.0.0-alpha.20230601.1 (.NET 6.0.16; Microsoft Windows 10.0.22621)",
        "x-ms-client-request-id": "b5a353bf6ce90e3da405ecd89c00af30",
        "x-ms-return-client-request-id": "true"
      },
      "RequestBody": {
        "properties": {
          "password": "P4ssw@rd"
        }
      },
      "StatusCode": 201,
      "ResponseHeaders": {
        "Azure-AsyncOperation": "https://management.azure.com/subscriptions/5b0120b2-6e29-4784-95cd-49a1b101a0c4/providers/Microsoft.DBforPostgreSQL/locations/westus2/azureAsyncOperation/a12e40b8-9cc4-4237-81b8-0ea65edaa1a4?api-version=2022-11-08",
        "Cache-Control": "no-cache",
        "Content-Length": "628",
        "Content-Security-Policy": "default-src \u0027none\u0027; base-uri \u0027self\u0027; block-all-mixed-content; connect-src \u0027self\u0027; font-src \u0027self\u0027; form-action \u0027self\u0027; img-src \u0027self\u0027; script-src \u0027self\u0027; style-src \u0027self\u0027; upgrade-insecure-requests",
        "Content-Type": "application/json; charset=utf-8",
        "Date": "Wed, 31 May 2023 22:57:12 GMT",
        "Expires": "-1",
        "Location": "https://management.azure.com/subscriptions/5b0120b2-6e29-4784-95cd-49a1b101a0c4/providers/Microsoft.DBforPostgreSQL/locations/westus2/operationResults/a12e40b8-9cc4-4237-81b8-0ea65edaa1a4?api-version=2022-11-08",
        "Pragma": "no-cache",
        "Referrer-Policy": "same-origin",
        "Request-Id": "30fd2c5a-f1bb-491f-ba1e-d9a8c4e36984",
        "Strict-Transport-Security": "max-age=31536000; includeSubDomains",
        "Vary": "Accept-Encoding",
        "X-Content-Type-Options": "nosniff",
        "X-Download-Options": "noopen",
        "X-Frame-Options": "DENY",
        "x-ms-correlation-request-id": "36128f14-d8ca-452b-a378-f67909bb14c5",
        "x-ms-ratelimit-remaining-subscription-writes": "1193",
        "x-ms-request-id": "a12e40b8-9cc4-4237-81b8-0ea65edaa1a4",
        "x-ms-routing-request-id": "GERMANYWESTCENTRAL:20230531T225713Z:36128f14-d8ca-452b-a378-f67909bb14c5",
        "X-Permitted-Cross-Domain-Policies": "none",
        "X-XSS-Protection": "1; mode=block"
      },
      "ResponseBody": {
        "id": "/subscriptions/5b0120b2-6e29-4784-95cd-49a1b101a0c4/resourceGroups/test-rg-5555/providers/Microsoft.DBforPostgreSQL/serverGroupsv2/cosmos-pg-net-8417/roles/role3009",
        "name": "role3009",
        "type": "Microsoft.DBforPostgreSQL/serverGroupsv2/roles",
        "systemData": {
          "createdAt": "2023-05-31T22:57:12.6299524Z",
          "createdBy": "66761688-d440-4677-af3f-3325374b8ebf",
          "createdByType": "Application",
          "lastModifiedAt": "2023-05-31T22:57:12.6299524Z",
          "lastModifiedBy": "66761688-d440-4677-af3f-3325374b8ebf",
          "lastModifiedByType": "Application"
        },
        "properties": {
          "provisioningState": "InProgress"
        }
      }
    },
    {
      "RequestUri": "https://management.azure.com/subscriptions/5b0120b2-6e29-4784-95cd-49a1b101a0c4/providers/Microsoft.DBforPostgreSQL/locations/westus2/azureAsyncOperation/a12e40b8-9cc4-4237-81b8-0ea65edaa1a4?api-version=2022-11-08",
      "RequestMethod": "GET",
      "RequestHeaders": {
        "Authorization": "Sanitized",
        "traceparent": "00-07919d7154fbfed4025c88de93e62c30-7245e408bef5956e-00",
        "User-Agent": "azsdk-net-ResourceManager/1.6.0 (.NET 6.0.16; Microsoft Windows 10.0.22621)",
        "x-ms-client-request-id": "1dfb2d0dd9e81baa1345fe7dada2dbfc",
        "x-ms-return-client-request-id": "true"
      },
      "RequestBody": null,
      "StatusCode": 200,
      "ResponseHeaders": {
        "Azure-AsyncOperation": "https://management.azure.com/subscriptions/5b0120b2-6e29-4784-95cd-49a1b101a0c4/providers/Microsoft.DBforPostgreSQL/locations/westus2/azureAsyncOperation/a12e40b8-9cc4-4237-81b8-0ea65edaa1a4?api-version=2022-11-08",
        "Cache-Control": "no-cache",
        "Content-Length": "296",
        "Content-Security-Policy": "default-src \u0027none\u0027; base-uri \u0027self\u0027; block-all-mixed-content; connect-src \u0027self\u0027; font-src \u0027self\u0027; form-action \u0027self\u0027; img-src \u0027self\u0027; script-src \u0027self\u0027; style-src \u0027self\u0027; upgrade-insecure-requests",
        "Content-Type": "application/json; charset=utf-8",
        "Date": "Wed, 31 May 2023 22:57:12 GMT",
        "Expires": "-1",
        "Location": "https://management.azure.com/subscriptions/5b0120b2-6e29-4784-95cd-49a1b101a0c4/providers/Microsoft.DBforPostgreSQL/locations/westus2/operationResults/a12e40b8-9cc4-4237-81b8-0ea65edaa1a4?api-version=2022-11-08",
        "Pragma": "no-cache",
        "Referrer-Policy": "same-origin",
        "Request-Id": "c55ded27-41aa-4ed0-a5c6-972ecc994e5e",
        "Strict-Transport-Security": "max-age=31536000; includeSubDomains",
        "Vary": "Accept-Encoding",
        "X-Content-Type-Options": "nosniff",
        "X-Download-Options": "noopen",
        "X-Frame-Options": "DENY",
        "x-ms-correlation-request-id": "95f4833d-62ba-44a7-ac9f-95da7eb670b0",
        "x-ms-ratelimit-remaining-subscription-reads": "11928",
        "x-ms-request-id": "a12e40b8-9cc4-4237-81b8-0ea65edaa1a4",
        "x-ms-routing-request-id": "GERMANYWESTCENTRAL:20230531T225713Z:95f4833d-62ba-44a7-ac9f-95da7eb670b0",
        "X-Permitted-Cross-Domain-Policies": "none",
        "X-XSS-Protection": "1; mode=block"
      },
      "ResponseBody": {
        "id": "/subscriptions/5b0120b2-6e29-4784-95cd-49a1b101a0c4/providers/Microsoft.DBforPostgreSQL/locations/westus2/azureAsyncOperation/a12e40b8-9cc4-4237-81b8-0ea65edaa1a4",
        "name": "a12e40b8-9cc4-4237-81b8-0ea65edaa1a4",
        "status": "InProgress",
        "startTime": "2023-05-31 22:57:12 \u002B0000"
      }
    },
    {
      "RequestUri": "https://management.azure.com/subscriptions/5b0120b2-6e29-4784-95cd-49a1b101a0c4/providers/Microsoft.DBforPostgreSQL/locations/westus2/azureAsyncOperation/a12e40b8-9cc4-4237-81b8-0ea65edaa1a4?api-version=2022-11-08",
      "RequestMethod": "GET",
      "RequestHeaders": {
        "Authorization": "Sanitized",
        "traceparent": "00-07919d7154fbfed4025c88de93e62c30-7bc999239754443d-00",
        "User-Agent": "azsdk-net-ResourceManager/1.6.0 (.NET 6.0.16; Microsoft Windows 10.0.22621)",
        "x-ms-client-request-id": "4e26af730c0eacfd0a73f529673950bd",
        "x-ms-return-client-request-id": "true"
      },
      "RequestBody": null,
      "StatusCode": 200,
      "ResponseHeaders": {
        "Azure-AsyncOperation": "https://management.azure.com/subscriptions/5b0120b2-6e29-4784-95cd-49a1b101a0c4/providers/Microsoft.DBforPostgreSQL/locations/westus2/azureAsyncOperation/a12e40b8-9cc4-4237-81b8-0ea65edaa1a4?api-version=2022-11-08",
        "Cache-Control": "no-cache",
        "Content-Length": "296",
        "Content-Security-Policy": "default-src \u0027none\u0027; base-uri \u0027self\u0027; block-all-mixed-content; connect-src \u0027self\u0027; font-src \u0027self\u0027; form-action \u0027self\u0027; img-src \u0027self\u0027; script-src \u0027self\u0027; style-src \u0027self\u0027; upgrade-insecure-requests",
        "Content-Type": "application/json; charset=utf-8",
        "Date": "Wed, 31 May 2023 22:57:13 GMT",
        "Expires": "-1",
        "Location": "https://management.azure.com/subscriptions/5b0120b2-6e29-4784-95cd-49a1b101a0c4/providers/Microsoft.DBforPostgreSQL/locations/westus2/operationResults/a12e40b8-9cc4-4237-81b8-0ea65edaa1a4?api-version=2022-11-08",
        "Pragma": "no-cache",
        "Referrer-Policy": "same-origin",
        "Request-Id": "7420b8cf-d2d0-45ee-a926-ffff9b31b1d2",
        "Strict-Transport-Security": "max-age=31536000; includeSubDomains",
        "Vary": "Accept-Encoding",
        "X-Content-Type-Options": "nosniff",
        "X-Download-Options": "noopen",
        "X-Frame-Options": "DENY",
        "x-ms-correlation-request-id": "34f19e38-7fba-419b-a817-81ad5a87a55d",
        "x-ms-ratelimit-remaining-subscription-reads": "11927",
        "x-ms-request-id": "a12e40b8-9cc4-4237-81b8-0ea65edaa1a4",
        "x-ms-routing-request-id": "GERMANYWESTCENTRAL:20230531T225714Z:34f19e38-7fba-419b-a817-81ad5a87a55d",
        "X-Permitted-Cross-Domain-Policies": "none",
        "X-XSS-Protection": "1; mode=block"
      },
      "ResponseBody": {
        "id": "/subscriptions/5b0120b2-6e29-4784-95cd-49a1b101a0c4/providers/Microsoft.DBforPostgreSQL/locations/westus2/azureAsyncOperation/a12e40b8-9cc4-4237-81b8-0ea65edaa1a4",
        "name": "a12e40b8-9cc4-4237-81b8-0ea65edaa1a4",
        "status": "InProgress",
        "startTime": "2023-05-31 22:57:12 \u002B0000"
      }
    },
    {
      "RequestUri": "https://management.azure.com/subscriptions/5b0120b2-6e29-4784-95cd-49a1b101a0c4/providers/Microsoft.DBforPostgreSQL/locations/westus2/azureAsyncOperation/a12e40b8-9cc4-4237-81b8-0ea65edaa1a4?api-version=2022-11-08",
      "RequestMethod": "GET",
      "RequestHeaders": {
        "Authorization": "Sanitized",
        "traceparent": "00-07919d7154fbfed4025c88de93e62c30-ef0b7e7c750ca953-00",
        "User-Agent": "azsdk-net-ResourceManager/1.6.0 (.NET 6.0.16; Microsoft Windows 10.0.22621)",
        "x-ms-client-request-id": "6ecbb0069205a647ec464bc714cb821d",
        "x-ms-return-client-request-id": "true"
      },
      "RequestBody": null,
      "StatusCode": 200,
      "ResponseHeaders": {
        "Azure-AsyncOperation": "https://management.azure.com/subscriptions/5b0120b2-6e29-4784-95cd-49a1b101a0c4/providers/Microsoft.DBforPostgreSQL/locations/westus2/azureAsyncOperation/a12e40b8-9cc4-4237-81b8-0ea65edaa1a4?api-version=2022-11-08",
        "Cache-Control": "no-cache",
        "Content-Length": "296",
        "Content-Security-Policy": "default-src \u0027none\u0027; base-uri \u0027self\u0027; block-all-mixed-content; connect-src \u0027self\u0027; font-src \u0027self\u0027; form-action \u0027self\u0027; img-src \u0027self\u0027; script-src \u0027self\u0027; style-src \u0027self\u0027; upgrade-insecure-requests",
        "Content-Type": "application/json; charset=utf-8",
        "Date": "Wed, 31 May 2023 22:57:14 GMT",
        "Expires": "-1",
        "Location": "https://management.azure.com/subscriptions/5b0120b2-6e29-4784-95cd-49a1b101a0c4/providers/Microsoft.DBforPostgreSQL/locations/westus2/operationResults/a12e40b8-9cc4-4237-81b8-0ea65edaa1a4?api-version=2022-11-08",
        "Pragma": "no-cache",
        "Referrer-Policy": "same-origin",
        "Request-Id": "a1ca51aa-91df-4503-840b-3921195595de",
        "Strict-Transport-Security": "max-age=31536000; includeSubDomains",
        "Vary": "Accept-Encoding",
        "X-Content-Type-Options": "nosniff",
        "X-Download-Options": "noopen",
        "X-Frame-Options": "DENY",
        "x-ms-correlation-request-id": "8c366312-4cc5-4e4d-b8fb-9a082fb6d8ef",
        "x-ms-ratelimit-remaining-subscription-reads": "11926",
        "x-ms-request-id": "a12e40b8-9cc4-4237-81b8-0ea65edaa1a4",
        "x-ms-routing-request-id": "GERMANYWESTCENTRAL:20230531T225715Z:8c366312-4cc5-4e4d-b8fb-9a082fb6d8ef",
        "X-Permitted-Cross-Domain-Policies": "none",
        "X-XSS-Protection": "1; mode=block"
      },
      "ResponseBody": {
        "id": "/subscriptions/5b0120b2-6e29-4784-95cd-49a1b101a0c4/providers/Microsoft.DBforPostgreSQL/locations/westus2/azureAsyncOperation/a12e40b8-9cc4-4237-81b8-0ea65edaa1a4",
        "name": "a12e40b8-9cc4-4237-81b8-0ea65edaa1a4",
        "status": "InProgress",
        "startTime": "2023-05-31 22:57:12 \u002B0000"
      }
    },
    {
      "RequestUri": "https://management.azure.com/subscriptions/5b0120b2-6e29-4784-95cd-49a1b101a0c4/providers/Microsoft.DBforPostgreSQL/locations/westus2/azureAsyncOperation/a12e40b8-9cc4-4237-81b8-0ea65edaa1a4?api-version=2022-11-08",
      "RequestMethod": "GET",
      "RequestHeaders": {
        "Authorization": "Sanitized",
        "traceparent": "00-07919d7154fbfed4025c88de93e62c30-cad2a269d5f9f0f9-00",
        "User-Agent": "azsdk-net-ResourceManager/1.6.0 (.NET 6.0.16; Microsoft Windows 10.0.22621)",
        "x-ms-client-request-id": "0d9008e4b0bf002d2f4f1275e381b4d9",
        "x-ms-return-client-request-id": "true"
      },
      "RequestBody": null,
      "StatusCode": 200,
      "ResponseHeaders": {
        "Azure-AsyncOperation": "https://management.azure.com/subscriptions/5b0120b2-6e29-4784-95cd-49a1b101a0c4/providers/Microsoft.DBforPostgreSQL/locations/westus2/azureAsyncOperation/a12e40b8-9cc4-4237-81b8-0ea65edaa1a4?api-version=2022-11-08",
        "Cache-Control": "no-cache",
        "Content-Length": "296",
        "Content-Security-Policy": "default-src \u0027none\u0027; base-uri \u0027self\u0027; block-all-mixed-content; connect-src \u0027self\u0027; font-src \u0027self\u0027; form-action \u0027self\u0027; img-src \u0027self\u0027; script-src \u0027self\u0027; style-src \u0027self\u0027; upgrade-insecure-requests",
        "Content-Type": "application/json; charset=utf-8",
        "Date": "Wed, 31 May 2023 22:57:16 GMT",
        "Expires": "-1",
        "Location": "https://management.azure.com/subscriptions/5b0120b2-6e29-4784-95cd-49a1b101a0c4/providers/Microsoft.DBforPostgreSQL/locations/westus2/operationResults/a12e40b8-9cc4-4237-81b8-0ea65edaa1a4?api-version=2022-11-08",
        "Pragma": "no-cache",
        "Referrer-Policy": "same-origin",
        "Request-Id": "b7f8287d-0cbd-4a25-abd3-faf34060b635",
        "Strict-Transport-Security": "max-age=31536000; includeSubDomains",
        "Vary": "Accept-Encoding",
        "X-Content-Type-Options": "nosniff",
        "X-Download-Options": "noopen",
        "X-Frame-Options": "DENY",
        "x-ms-correlation-request-id": "89813f66-459d-4ffb-9c43-ce34d6c50855",
        "x-ms-ratelimit-remaining-subscription-reads": "11925",
        "x-ms-request-id": "a12e40b8-9cc4-4237-81b8-0ea65edaa1a4",
        "x-ms-routing-request-id": "GERMANYWESTCENTRAL:20230531T225716Z:89813f66-459d-4ffb-9c43-ce34d6c50855",
        "X-Permitted-Cross-Domain-Policies": "none",
        "X-XSS-Protection": "1; mode=block"
      },
      "ResponseBody": {
        "id": "/subscriptions/5b0120b2-6e29-4784-95cd-49a1b101a0c4/providers/Microsoft.DBforPostgreSQL/locations/westus2/azureAsyncOperation/a12e40b8-9cc4-4237-81b8-0ea65edaa1a4",
        "name": "a12e40b8-9cc4-4237-81b8-0ea65edaa1a4",
        "status": "InProgress",
        "startTime": "2023-05-31 22:57:12 \u002B0000"
      }
    },
    {
      "RequestUri": "https://management.azure.com/subscriptions/5b0120b2-6e29-4784-95cd-49a1b101a0c4/providers/Microsoft.DBforPostgreSQL/locations/westus2/azureAsyncOperation/a12e40b8-9cc4-4237-81b8-0ea65edaa1a4?api-version=2022-11-08",
      "RequestMethod": "GET",
      "RequestHeaders": {
        "Authorization": "Sanitized",
        "traceparent": "00-07919d7154fbfed4025c88de93e62c30-16d467b888221e2e-00",
        "User-Agent": "azsdk-net-ResourceManager/1.6.0 (.NET 6.0.16; Microsoft Windows 10.0.22621)",
        "x-ms-client-request-id": "fc7640f46cd6e1f7688062c8c136973f",
        "x-ms-return-client-request-id": "true"
      },
      "RequestBody": null,
      "StatusCode": 200,
      "ResponseHeaders": {
        "Azure-AsyncOperation": "https://management.azure.com/subscriptions/5b0120b2-6e29-4784-95cd-49a1b101a0c4/providers/Microsoft.DBforPostgreSQL/locations/westus2/azureAsyncOperation/a12e40b8-9cc4-4237-81b8-0ea65edaa1a4?api-version=2022-11-08",
        "Cache-Control": "no-cache",
        "Content-Length": "296",
        "Content-Security-Policy": "default-src \u0027none\u0027; base-uri \u0027self\u0027; block-all-mixed-content; connect-src \u0027self\u0027; font-src \u0027self\u0027; form-action \u0027self\u0027; img-src \u0027self\u0027; script-src \u0027self\u0027; style-src \u0027self\u0027; upgrade-insecure-requests",
        "Content-Type": "application/json; charset=utf-8",
        "Date": "Wed, 31 May 2023 22:57:18 GMT",
        "Expires": "-1",
        "Location": "https://management.azure.com/subscriptions/5b0120b2-6e29-4784-95cd-49a1b101a0c4/providers/Microsoft.DBforPostgreSQL/locations/westus2/operationResults/a12e40b8-9cc4-4237-81b8-0ea65edaa1a4?api-version=2022-11-08",
        "Pragma": "no-cache",
        "Referrer-Policy": "same-origin",
        "Request-Id": "d2aca3e1-4921-461d-b3c1-45e2d343ad1e",
        "Strict-Transport-Security": "max-age=31536000; includeSubDomains",
        "Vary": "Accept-Encoding",
        "X-Content-Type-Options": "nosniff",
        "X-Download-Options": "noopen",
        "X-Frame-Options": "DENY",
        "x-ms-correlation-request-id": "253d4e4c-72a6-4800-80fb-091687f91a09",
        "x-ms-ratelimit-remaining-subscription-reads": "11924",
        "x-ms-request-id": "a12e40b8-9cc4-4237-81b8-0ea65edaa1a4",
        "x-ms-routing-request-id": "GERMANYWESTCENTRAL:20230531T225719Z:253d4e4c-72a6-4800-80fb-091687f91a09",
        "X-Permitted-Cross-Domain-Policies": "none",
        "X-XSS-Protection": "1; mode=block"
      },
      "ResponseBody": {
        "id": "/subscriptions/5b0120b2-6e29-4784-95cd-49a1b101a0c4/providers/Microsoft.DBforPostgreSQL/locations/westus2/azureAsyncOperation/a12e40b8-9cc4-4237-81b8-0ea65edaa1a4",
        "name": "a12e40b8-9cc4-4237-81b8-0ea65edaa1a4",
        "status": "InProgress",
        "startTime": "2023-05-31 22:57:12 \u002B0000"
      }
    },
    {
      "RequestUri": "https://management.azure.com/subscriptions/5b0120b2-6e29-4784-95cd-49a1b101a0c4/providers/Microsoft.DBforPostgreSQL/locations/westus2/azureAsyncOperation/a12e40b8-9cc4-4237-81b8-0ea65edaa1a4?api-version=2022-11-08",
      "RequestMethod": "GET",
      "RequestHeaders": {
        "Authorization": "Sanitized",
        "traceparent": "00-07919d7154fbfed4025c88de93e62c30-689672d976baaf76-00",
        "User-Agent": "azsdk-net-ResourceManager/1.6.0 (.NET 6.0.16; Microsoft Windows 10.0.22621)",
        "x-ms-client-request-id": "5f44d8f043a955fd82ca3fb57fd2c26b",
        "x-ms-return-client-request-id": "true"
      },
      "RequestBody": null,
      "StatusCode": 200,
      "ResponseHeaders": {
        "Azure-AsyncOperation": "https://management.azure.com/subscriptions/5b0120b2-6e29-4784-95cd-49a1b101a0c4/providers/Microsoft.DBforPostgreSQL/locations/westus2/azureAsyncOperation/a12e40b8-9cc4-4237-81b8-0ea65edaa1a4?api-version=2022-11-08",
        "Cache-Control": "no-cache",
        "Content-Length": "296",
        "Content-Security-Policy": "default-src \u0027none\u0027; base-uri \u0027self\u0027; block-all-mixed-content; connect-src \u0027self\u0027; font-src \u0027self\u0027; form-action \u0027self\u0027; img-src \u0027self\u0027; script-src \u0027self\u0027; style-src \u0027self\u0027; upgrade-insecure-requests",
        "Content-Type": "application/json; charset=utf-8",
        "Date": "Wed, 31 May 2023 22:57:22 GMT",
        "Expires": "-1",
        "Location": "https://management.azure.com/subscriptions/5b0120b2-6e29-4784-95cd-49a1b101a0c4/providers/Microsoft.DBforPostgreSQL/locations/westus2/operationResults/a12e40b8-9cc4-4237-81b8-0ea65edaa1a4?api-version=2022-11-08",
        "Pragma": "no-cache",
        "Referrer-Policy": "same-origin",
        "Request-Id": "28b54e25-6417-4724-bf20-caa414746a6f",
        "Strict-Transport-Security": "max-age=31536000; includeSubDomains",
        "Vary": "Accept-Encoding",
        "X-Content-Type-Options": "nosniff",
        "X-Download-Options": "noopen",
        "X-Frame-Options": "DENY",
        "x-ms-correlation-request-id": "b83407df-b7c4-42e0-994b-e0cba4836bbb",
        "x-ms-ratelimit-remaining-subscription-reads": "11923",
        "x-ms-request-id": "a12e40b8-9cc4-4237-81b8-0ea65edaa1a4",
        "x-ms-routing-request-id": "GERMANYWESTCENTRAL:20230531T225723Z:b83407df-b7c4-42e0-994b-e0cba4836bbb",
        "X-Permitted-Cross-Domain-Policies": "none",
        "X-XSS-Protection": "1; mode=block"
      },
      "ResponseBody": {
        "id": "/subscriptions/5b0120b2-6e29-4784-95cd-49a1b101a0c4/providers/Microsoft.DBforPostgreSQL/locations/westus2/azureAsyncOperation/a12e40b8-9cc4-4237-81b8-0ea65edaa1a4",
        "name": "a12e40b8-9cc4-4237-81b8-0ea65edaa1a4",
        "status": "InProgress",
        "startTime": "2023-05-31 22:57:12 \u002B0000"
      }
    },
    {
      "RequestUri": "https://management.azure.com/subscriptions/5b0120b2-6e29-4784-95cd-49a1b101a0c4/providers/Microsoft.DBforPostgreSQL/locations/westus2/azureAsyncOperation/a12e40b8-9cc4-4237-81b8-0ea65edaa1a4?api-version=2022-11-08",
      "RequestMethod": "GET",
      "RequestHeaders": {
        "Authorization": "Sanitized",
        "traceparent": "00-07919d7154fbfed4025c88de93e62c30-dcfedf5865294abc-00",
        "User-Agent": "azsdk-net-ResourceManager/1.6.0 (.NET 6.0.16; Microsoft Windows 10.0.22621)",
        "x-ms-client-request-id": "d4d271928554784610afa53f4e653ff9",
        "x-ms-return-client-request-id": "true"
      },
      "RequestBody": null,
      "StatusCode": 200,
      "ResponseHeaders": {
        "Azure-AsyncOperation": "https://management.azure.com/subscriptions/5b0120b2-6e29-4784-95cd-49a1b101a0c4/providers/Microsoft.DBforPostgreSQL/locations/westus2/azureAsyncOperation/a12e40b8-9cc4-4237-81b8-0ea65edaa1a4?api-version=2022-11-08",
        "Cache-Control": "no-cache",
        "Content-Length": "296",
        "Content-Security-Policy": "default-src \u0027none\u0027; base-uri \u0027self\u0027; block-all-mixed-content; connect-src \u0027self\u0027; font-src \u0027self\u0027; form-action \u0027self\u0027; img-src \u0027self\u0027; script-src \u0027self\u0027; style-src \u0027self\u0027; upgrade-insecure-requests",
        "Content-Type": "application/json; charset=utf-8",
        "Date": "Wed, 31 May 2023 22:57:30 GMT",
        "Expires": "-1",
        "Location": "https://management.azure.com/subscriptions/5b0120b2-6e29-4784-95cd-49a1b101a0c4/providers/Microsoft.DBforPostgreSQL/locations/westus2/operationResults/a12e40b8-9cc4-4237-81b8-0ea65edaa1a4?api-version=2022-11-08",
        "Pragma": "no-cache",
        "Referrer-Policy": "same-origin",
        "Request-Id": "2c269dc7-3475-4afc-be34-4feb1fb0c036",
        "Strict-Transport-Security": "max-age=31536000; includeSubDomains",
        "Vary": "Accept-Encoding",
        "X-Content-Type-Options": "nosniff",
        "X-Download-Options": "noopen",
        "X-Frame-Options": "DENY",
        "x-ms-correlation-request-id": "31ba46a7-0f30-4a7d-95b3-9823674a2f70",
        "x-ms-ratelimit-remaining-subscription-reads": "11922",
        "x-ms-request-id": "a12e40b8-9cc4-4237-81b8-0ea65edaa1a4",
        "x-ms-routing-request-id": "GERMANYWESTCENTRAL:20230531T225731Z:31ba46a7-0f30-4a7d-95b3-9823674a2f70",
        "X-Permitted-Cross-Domain-Policies": "none",
        "X-XSS-Protection": "1; mode=block"
      },
      "ResponseBody": {
        "id": "/subscriptions/5b0120b2-6e29-4784-95cd-49a1b101a0c4/providers/Microsoft.DBforPostgreSQL/locations/westus2/azureAsyncOperation/a12e40b8-9cc4-4237-81b8-0ea65edaa1a4",
        "name": "a12e40b8-9cc4-4237-81b8-0ea65edaa1a4",
        "status": "InProgress",
        "startTime": "2023-05-31 22:57:12 \u002B0000"
      }
    },
    {
      "RequestUri": "https://management.azure.com/subscriptions/5b0120b2-6e29-4784-95cd-49a1b101a0c4/providers/Microsoft.DBforPostgreSQL/locations/westus2/azureAsyncOperation/a12e40b8-9cc4-4237-81b8-0ea65edaa1a4?api-version=2022-11-08",
      "RequestMethod": "GET",
      "RequestHeaders": {
        "Authorization": "Sanitized",
        "traceparent": "00-07919d7154fbfed4025c88de93e62c30-125081b78a90ad07-00",
        "User-Agent": "azsdk-net-ResourceManager/1.6.0 (.NET 6.0.16; Microsoft Windows 10.0.22621)",
        "x-ms-client-request-id": "0b84d3b7543cb13042207a0c2c416195",
        "x-ms-return-client-request-id": "true"
      },
      "RequestBody": null,
      "StatusCode": 200,
      "ResponseHeaders": {
        "Azure-AsyncOperation": "https://management.azure.com/subscriptions/5b0120b2-6e29-4784-95cd-49a1b101a0c4/providers/Microsoft.DBforPostgreSQL/locations/westus2/azureAsyncOperation/a12e40b8-9cc4-4237-81b8-0ea65edaa1a4?api-version=2022-11-08",
        "Cache-Control": "no-cache",
        "Content-Length": "296",
        "Content-Security-Policy": "default-src \u0027none\u0027; base-uri \u0027self\u0027; block-all-mixed-content; connect-src \u0027self\u0027; font-src \u0027self\u0027; form-action \u0027self\u0027; img-src \u0027self\u0027; script-src \u0027self\u0027; style-src \u0027self\u0027; upgrade-insecure-requests",
        "Content-Type": "application/json; charset=utf-8",
        "Date": "Wed, 31 May 2023 22:57:46 GMT",
        "Expires": "-1",
        "Location": "https://management.azure.com/subscriptions/5b0120b2-6e29-4784-95cd-49a1b101a0c4/providers/Microsoft.DBforPostgreSQL/locations/westus2/operationResults/a12e40b8-9cc4-4237-81b8-0ea65edaa1a4?api-version=2022-11-08",
        "Pragma": "no-cache",
        "Referrer-Policy": "same-origin",
        "Request-Id": "a6511589-a82a-458a-ab74-f9e3a378499c",
        "Strict-Transport-Security": "max-age=31536000; includeSubDomains",
        "Vary": "Accept-Encoding",
        "X-Content-Type-Options": "nosniff",
        "X-Download-Options": "noopen",
        "X-Frame-Options": "DENY",
        "x-ms-correlation-request-id": "bb3b599a-7046-40ec-b06a-3fa712675476",
        "x-ms-ratelimit-remaining-subscription-reads": "11921",
        "x-ms-request-id": "a12e40b8-9cc4-4237-81b8-0ea65edaa1a4",
        "x-ms-routing-request-id": "GERMANYWESTCENTRAL:20230531T225747Z:bb3b599a-7046-40ec-b06a-3fa712675476",
        "X-Permitted-Cross-Domain-Policies": "none",
        "X-XSS-Protection": "1; mode=block"
      },
      "ResponseBody": {
        "id": "/subscriptions/5b0120b2-6e29-4784-95cd-49a1b101a0c4/providers/Microsoft.DBforPostgreSQL/locations/westus2/azureAsyncOperation/a12e40b8-9cc4-4237-81b8-0ea65edaa1a4",
        "name": "a12e40b8-9cc4-4237-81b8-0ea65edaa1a4",
        "status": "InProgress",
        "startTime": "2023-05-31 22:57:12 \u002B0000"
      }
    },
    {
      "RequestUri": "https://management.azure.com/subscriptions/5b0120b2-6e29-4784-95cd-49a1b101a0c4/providers/Microsoft.DBforPostgreSQL/locations/westus2/azureAsyncOperation/a12e40b8-9cc4-4237-81b8-0ea65edaa1a4?api-version=2022-11-08",
      "RequestMethod": "GET",
      "RequestHeaders": {
        "Authorization": "Sanitized",
        "traceparent": "00-07919d7154fbfed4025c88de93e62c30-5a903b910d2e05a5-00",
        "User-Agent": "azsdk-net-ResourceManager/1.6.0 (.NET 6.0.16; Microsoft Windows 10.0.22621)",
        "x-ms-client-request-id": "5036f6bec3636bea91cc4efa9dbe071c",
        "x-ms-return-client-request-id": "true"
      },
      "RequestBody": null,
      "StatusCode": 200,
      "ResponseHeaders": {
        "Azure-AsyncOperation": "https://management.azure.com/subscriptions/5b0120b2-6e29-4784-95cd-49a1b101a0c4/providers/Microsoft.DBforPostgreSQL/locations/westus2/azureAsyncOperation/a12e40b8-9cc4-4237-81b8-0ea65edaa1a4?api-version=2022-11-08",
        "Cache-Control": "no-cache",
        "Content-Length": "295",
        "Content-Security-Policy": "default-src \u0027none\u0027; base-uri \u0027self\u0027; block-all-mixed-content; connect-src \u0027self\u0027; font-src \u0027self\u0027; form-action \u0027self\u0027; img-src \u0027self\u0027; script-src \u0027self\u0027; style-src \u0027self\u0027; upgrade-insecure-requests",
        "Content-Type": "application/json; charset=utf-8",
        "Date": "Wed, 31 May 2023 22:58:20 GMT",
        "Expires": "-1",
        "Location": "https://management.azure.com/subscriptions/5b0120b2-6e29-4784-95cd-49a1b101a0c4/providers/Microsoft.DBforPostgreSQL/locations/westus2/operationResults/a12e40b8-9cc4-4237-81b8-0ea65edaa1a4?api-version=2022-11-08",
        "Pragma": "no-cache",
        "Referrer-Policy": "same-origin",
        "Request-Id": "9c4aa595-421c-4769-a5cd-6fba73f15f94",
        "Strict-Transport-Security": "max-age=31536000; includeSubDomains",
        "Vary": "Accept-Encoding",
        "X-Content-Type-Options": "nosniff",
        "X-Download-Options": "noopen",
        "X-Frame-Options": "DENY",
        "x-ms-correlation-request-id": "25118d7e-f206-44e3-80ac-f7de8af7808c",
        "x-ms-ratelimit-remaining-subscription-reads": "11920",
        "x-ms-request-id": "a12e40b8-9cc4-4237-81b8-0ea65edaa1a4",
        "x-ms-routing-request-id": "GERMANYWESTCENTRAL:20230531T225820Z:25118d7e-f206-44e3-80ac-f7de8af7808c",
        "X-Permitted-Cross-Domain-Policies": "none",
        "X-XSS-Protection": "1; mode=block"
      },
      "ResponseBody": {
        "id": "/subscriptions/5b0120b2-6e29-4784-95cd-49a1b101a0c4/providers/Microsoft.DBforPostgreSQL/locations/westus2/azureAsyncOperation/a12e40b8-9cc4-4237-81b8-0ea65edaa1a4",
        "name": "a12e40b8-9cc4-4237-81b8-0ea65edaa1a4",
        "status": "Succeeded",
        "startTime": "2023-05-31 22:57:12 \u002B0000"
      }
    },
    {
      "RequestUri": "https://management.azure.com/subscriptions/5b0120b2-6e29-4784-95cd-49a1b101a0c4/resourceGroups/test-rg-5555/providers/Microsoft.DBforPostgreSQL/serverGroupsv2/cosmos-pg-net-8417/roles/role3009?api-version=2022-11-08",
      "RequestMethod": "GET",
      "RequestHeaders": {
        "Authorization": "Sanitized",
        "traceparent": "00-07919d7154fbfed4025c88de93e62c30-2caadc4f5191bfee-00",
        "User-Agent": "azsdk-net-ResourceManager/1.6.0 (.NET 6.0.16; Microsoft Windows 10.0.22621)",
        "x-ms-client-request-id": "abfe468bb64e3d2e402191340b3a4bcf",
        "x-ms-return-client-request-id": "true"
      },
      "RequestBody": null,
      "StatusCode": 200,
      "ResponseHeaders": {
        "Cache-Control": "no-cache",
        "Content-Length": "627",
        "Content-Security-Policy": "default-src \u0027none\u0027; base-uri \u0027self\u0027; block-all-mixed-content; connect-src \u0027self\u0027; font-src \u0027self\u0027; form-action \u0027self\u0027; img-src \u0027self\u0027; script-src \u0027self\u0027; style-src \u0027self\u0027; upgrade-insecure-requests",
        "Content-Type": "application/json; charset=utf-8",
        "Date": "Wed, 31 May 2023 22:58:20 GMT",
        "Expires": "-1",
        "Pragma": "no-cache",
        "Referrer-Policy": "same-origin",
        "Request-Id": "76c15246-798a-4abf-927b-2d2e6d2c262c",
        "Strict-Transport-Security": "max-age=31536000; includeSubDomains",
        "Vary": "Accept-Encoding",
        "X-Content-Type-Options": "nosniff",
        "X-Download-Options": "noopen",
        "X-Frame-Options": "DENY",
        "x-ms-correlation-request-id": "efc55913-4e28-4b3d-8ca5-d5a8d12deae1",
        "x-ms-ratelimit-remaining-subscription-reads": "11919",
        "x-ms-request-id": "efc55913-4e28-4b3d-8ca5-d5a8d12deae1",
        "x-ms-routing-request-id": "GERMANYWESTCENTRAL:20230531T225820Z:efc55913-4e28-4b3d-8ca5-d5a8d12deae1",
        "X-Permitted-Cross-Domain-Policies": "none",
        "X-XSS-Protection": "1; mode=block"
      },
      "ResponseBody": {
        "id": "/subscriptions/5b0120b2-6e29-4784-95cd-49a1b101a0c4/resourceGroups/test-rg-5555/providers/Microsoft.DBforPostgreSQL/serverGroupsv2/cosmos-pg-net-8417/roles/role3009",
        "name": "role3009",
        "type": "Microsoft.DBforPostgreSQL/serverGroupsv2/roles",
        "systemData": {
          "createdAt": "2023-05-31T22:57:12.6299524Z",
          "createdBy": "66761688-d440-4677-af3f-3325374b8ebf",
          "createdByType": "Application",
          "lastModifiedAt": "2023-05-31T22:57:12.6299524Z",
          "lastModifiedBy": "66761688-d440-4677-af3f-3325374b8ebf",
          "lastModifiedByType": "Application"
        },
        "properties": {
          "provisioningState": "Succeeded"
        }
      }
    },
    {
      "RequestUri": "https://management.azure.com/subscriptions/5b0120b2-6e29-4784-95cd-49a1b101a0c4/resourceGroups/test-rg-5555/providers/Microsoft.DBforPostgreSQL/serverGroupsv2/cosmos-pg-net-8417/roles/role3009?api-version=2022-11-08",
      "RequestMethod": "GET",
      "RequestHeaders": {
        "Accept": "application/json",
        "Authorization": "Sanitized",
        "traceparent": "00-b2e1a72d42c2cfa18f9db902b0622b46-fb814d847bda5623-00",
        "User-Agent": "azsdk-net-ResourceManager.CosmosDBForPostgreSql/1.0.0-alpha.20230601.1 (.NET 6.0.16; Microsoft Windows 10.0.22621)",
        "x-ms-client-request-id": "57800f4dee2ff495e919797005351384",
        "x-ms-return-client-request-id": "true"
      },
      "RequestBody": null,
      "StatusCode": 200,
      "ResponseHeaders": {
        "Cache-Control": "no-cache",
        "Content-Length": "627",
        "Content-Security-Policy": "default-src \u0027none\u0027; base-uri \u0027self\u0027; block-all-mixed-content; connect-src \u0027self\u0027; font-src \u0027self\u0027; form-action \u0027self\u0027; img-src \u0027self\u0027; script-src \u0027self\u0027; style-src \u0027self\u0027; upgrade-insecure-requests",
        "Content-Type": "application/json; charset=utf-8",
        "Date": "Wed, 31 May 2023 22:58:20 GMT",
        "Expires": "-1",
        "Pragma": "no-cache",
        "Referrer-Policy": "same-origin",
        "Request-Id": "03339d2e-c428-45d8-89d5-84afa97c784c",
        "Strict-Transport-Security": "max-age=31536000; includeSubDomains",
        "Vary": "Accept-Encoding",
        "X-Content-Type-Options": "nosniff",
        "X-Download-Options": "noopen",
        "X-Frame-Options": "DENY",
        "x-ms-correlation-request-id": "a2f3a2d0-bd7b-4607-8e46-b8ab83c65adc",
        "x-ms-ratelimit-remaining-subscription-reads": "11918",
        "x-ms-request-id": "a2f3a2d0-bd7b-4607-8e46-b8ab83c65adc",
        "x-ms-routing-request-id": "GERMANYWESTCENTRAL:20230531T225821Z:a2f3a2d0-bd7b-4607-8e46-b8ab83c65adc",
        "X-Permitted-Cross-Domain-Policies": "none",
        "X-XSS-Protection": "1; mode=block"
      },
      "ResponseBody": {
        "id": "/subscriptions/5b0120b2-6e29-4784-95cd-49a1b101a0c4/resourceGroups/test-rg-5555/providers/Microsoft.DBforPostgreSQL/serverGroupsv2/cosmos-pg-net-8417/roles/role3009",
        "name": "role3009",
        "type": "Microsoft.DBforPostgreSQL/serverGroupsv2/roles",
        "systemData": {
          "createdAt": "2023-05-31T22:57:12.6299524Z",
          "createdBy": "66761688-d440-4677-af3f-3325374b8ebf",
          "createdByType": "Application",
          "lastModifiedAt": "2023-05-31T22:57:12.6299524Z",
          "lastModifiedBy": "66761688-d440-4677-af3f-3325374b8ebf",
          "lastModifiedByType": "Application"
        },
        "properties": {
          "provisioningState": "Succeeded"
        }
      }
    },
    {
      "RequestUri": "https://management.azure.com/subscriptions/5b0120b2-6e29-4784-95cd-49a1b101a0c4/resourceGroups/test-rg-5555/providers/Microsoft.DBforPostgreSQL/serverGroupsv2/cosmos-pg-net-8417/roles/role3009?api-version=2022-11-08",
      "RequestMethod": "DELETE",
      "RequestHeaders": {
        "Accept": "application/json",
        "Authorization": "Sanitized",
        "traceparent": "00-8dc8e4dbad2c7e6e6d321cf820cdc8ec-14842057ba23971d-00",
        "User-Agent": "azsdk-net-ResourceManager.CosmosDBForPostgreSql/1.0.0-alpha.20230601.1 (.NET 6.0.16; Microsoft Windows 10.0.22621)",
        "x-ms-client-request-id": "e6805d19b6430747c8f80f4232b65f57",
        "x-ms-return-client-request-id": "true"
      },
      "RequestBody": null,
      "StatusCode": 202,
      "ResponseHeaders": {
        "Azure-AsyncOperation": "https://management.azure.com/subscriptions/5b0120b2-6e29-4784-95cd-49a1b101a0c4/providers/Microsoft.DBforPostgreSQL/locations/westus2/azureAsyncOperation/36047c19-b6f2-4db7-9b27-809ffaa70c4d?api-version=2022-11-08",
        "Cache-Control": "no-cache",
        "Content-Length": "2",
        "Content-Security-Policy": "default-src \u0027none\u0027; base-uri \u0027self\u0027; block-all-mixed-content; connect-src \u0027self\u0027; font-src \u0027self\u0027; form-action \u0027self\u0027; img-src \u0027self\u0027; script-src \u0027self\u0027; style-src \u0027self\u0027; upgrade-insecure-requests",
        "Content-Type": "application/json; charset=utf-8",
        "Date": "Wed, 31 May 2023 22:58:22 GMT",
        "Expires": "-1",
        "Location": "https://management.azure.com/subscriptions/5b0120b2-6e29-4784-95cd-49a1b101a0c4/providers/Microsoft.DBforPostgreSQL/locations/westus2/operationResults/36047c19-b6f2-4db7-9b27-809ffaa70c4d?api-version=2022-11-08",
        "Pragma": "no-cache",
        "Referrer-Policy": "same-origin",
        "Request-Id": "b37e49a6-ba3d-48df-8482-d9a14222c3ad",
        "Strict-Transport-Security": "max-age=31536000; includeSubDomains",
        "Vary": "Accept-Encoding",
        "X-Content-Type-Options": "nosniff",
        "X-Download-Options": "noopen",
        "X-Frame-Options": "DENY",
        "x-ms-correlation-request-id": "d66105b7-0943-443d-a835-ff471008d2d5",
        "x-ms-ratelimit-remaining-subscription-deletes": "14999",
        "x-ms-request-id": "36047c19-b6f2-4db7-9b27-809ffaa70c4d",
        "x-ms-routing-request-id": "GERMANYWESTCENTRAL:20230531T225822Z:d66105b7-0943-443d-a835-ff471008d2d5",
        "X-Permitted-Cross-Domain-Policies": "none",
        "X-XSS-Protection": "1; mode=block"
      },
      "ResponseBody": {}
    },
    {
      "RequestUri": "https://management.azure.com/subscriptions/5b0120b2-6e29-4784-95cd-49a1b101a0c4/providers/Microsoft.DBforPostgreSQL/locations/westus2/azureAsyncOperation/36047c19-b6f2-4db7-9b27-809ffaa70c4d?api-version=2022-11-08",
      "RequestMethod": "GET",
      "RequestHeaders": {
        "Authorization": "Sanitized",
        "traceparent": "00-8dc8e4dbad2c7e6e6d321cf820cdc8ec-80c7c64ca68a785f-00",
        "User-Agent": "azsdk-net-ResourceManager/1.6.0 (.NET 6.0.16; Microsoft Windows 10.0.22621)",
        "x-ms-client-request-id": "ad1a0d0e64b9968bc8798f36de53c132",
        "x-ms-return-client-request-id": "true"
      },
      "RequestBody": null,
      "StatusCode": 200,
      "ResponseHeaders": {
        "Azure-AsyncOperation": "https://management.azure.com/subscriptions/5b0120b2-6e29-4784-95cd-49a1b101a0c4/providers/Microsoft.DBforPostgreSQL/locations/westus2/azureAsyncOperation/36047c19-b6f2-4db7-9b27-809ffaa70c4d?api-version=2022-11-08",
        "Cache-Control": "no-cache",
        "Content-Length": "296",
        "Content-Security-Policy": "default-src \u0027none\u0027; base-uri \u0027self\u0027; block-all-mixed-content; connect-src \u0027self\u0027; font-src \u0027self\u0027; form-action \u0027self\u0027; img-src \u0027self\u0027; script-src \u0027self\u0027; style-src \u0027self\u0027; upgrade-insecure-requests",
        "Content-Type": "application/json; charset=utf-8",
        "Date": "Wed, 31 May 2023 22:58:22 GMT",
        "Expires": "-1",
        "Location": "https://management.azure.com/subscriptions/5b0120b2-6e29-4784-95cd-49a1b101a0c4/providers/Microsoft.DBforPostgreSQL/locations/westus2/operationResults/36047c19-b6f2-4db7-9b27-809ffaa70c4d?api-version=2022-11-08",
        "Pragma": "no-cache",
        "Referrer-Policy": "same-origin",
        "Request-Id": "5f54f8e2-98ce-43d0-b3e5-f7c33680ceef",
        "Strict-Transport-Security": "max-age=31536000; includeSubDomains",
        "Vary": "Accept-Encoding",
        "X-Content-Type-Options": "nosniff",
        "X-Download-Options": "noopen",
        "X-Frame-Options": "DENY",
        "x-ms-correlation-request-id": "ef333779-4eba-4535-abcb-25e7bc31e98a",
        "x-ms-ratelimit-remaining-subscription-reads": "11917",
        "x-ms-request-id": "36047c19-b6f2-4db7-9b27-809ffaa70c4d",
        "x-ms-routing-request-id": "GERMANYWESTCENTRAL:20230531T225822Z:ef333779-4eba-4535-abcb-25e7bc31e98a",
        "X-Permitted-Cross-Domain-Policies": "none",
        "X-XSS-Protection": "1; mode=block"
      },
      "ResponseBody": {
        "id": "/subscriptions/5b0120b2-6e29-4784-95cd-49a1b101a0c4/providers/Microsoft.DBforPostgreSQL/locations/westus2/azureAsyncOperation/36047c19-b6f2-4db7-9b27-809ffaa70c4d",
        "name": "36047c19-b6f2-4db7-9b27-809ffaa70c4d",
        "status": "InProgress",
        "startTime": "2023-05-31 22:58:22 \u002B0000"
      }
    },
    {
      "RequestUri": "https://management.azure.com/subscriptions/5b0120b2-6e29-4784-95cd-49a1b101a0c4/providers/Microsoft.DBforPostgreSQL/locations/westus2/azureAsyncOperation/36047c19-b6f2-4db7-9b27-809ffaa70c4d?api-version=2022-11-08",
      "RequestMethod": "GET",
      "RequestHeaders": {
        "Authorization": "Sanitized",
        "traceparent": "00-8dc8e4dbad2c7e6e6d321cf820cdc8ec-5b0726c213a87906-00",
        "User-Agent": "azsdk-net-ResourceManager/1.6.0 (.NET 6.0.16; Microsoft Windows 10.0.22621)",
        "x-ms-client-request-id": "86ef22b9858869466fe33539f312ca0a",
        "x-ms-return-client-request-id": "true"
      },
      "RequestBody": null,
      "StatusCode": 200,
      "ResponseHeaders": {
        "Azure-AsyncOperation": "https://management.azure.com/subscriptions/5b0120b2-6e29-4784-95cd-49a1b101a0c4/providers/Microsoft.DBforPostgreSQL/locations/westus2/azureAsyncOperation/36047c19-b6f2-4db7-9b27-809ffaa70c4d?api-version=2022-11-08",
        "Cache-Control": "no-cache",
        "Content-Length": "296",
        "Content-Security-Policy": "default-src \u0027none\u0027; base-uri \u0027self\u0027; block-all-mixed-content; connect-src \u0027self\u0027; font-src \u0027self\u0027; form-action \u0027self\u0027; img-src \u0027self\u0027; script-src \u0027self\u0027; style-src \u0027self\u0027; upgrade-insecure-requests",
        "Content-Type": "application/json; charset=utf-8",
        "Date": "Wed, 31 May 2023 22:58:23 GMT",
        "Expires": "-1",
        "Location": "https://management.azure.com/subscriptions/5b0120b2-6e29-4784-95cd-49a1b101a0c4/providers/Microsoft.DBforPostgreSQL/locations/westus2/operationResults/36047c19-b6f2-4db7-9b27-809ffaa70c4d?api-version=2022-11-08",
        "Pragma": "no-cache",
        "Referrer-Policy": "same-origin",
        "Request-Id": "1b3d92bc-b345-4f96-b41f-22bab6f19cfd",
        "Strict-Transport-Security": "max-age=31536000; includeSubDomains",
        "Vary": "Accept-Encoding",
        "X-Content-Type-Options": "nosniff",
        "X-Download-Options": "noopen",
        "X-Frame-Options": "DENY",
        "x-ms-correlation-request-id": "edc6c99d-0dbe-46fc-9917-6b165f942f50",
        "x-ms-ratelimit-remaining-subscription-reads": "11916",
        "x-ms-request-id": "36047c19-b6f2-4db7-9b27-809ffaa70c4d",
        "x-ms-routing-request-id": "GERMANYWESTCENTRAL:20230531T225823Z:edc6c99d-0dbe-46fc-9917-6b165f942f50",
        "X-Permitted-Cross-Domain-Policies": "none",
        "X-XSS-Protection": "1; mode=block"
      },
      "ResponseBody": {
        "id": "/subscriptions/5b0120b2-6e29-4784-95cd-49a1b101a0c4/providers/Microsoft.DBforPostgreSQL/locations/westus2/azureAsyncOperation/36047c19-b6f2-4db7-9b27-809ffaa70c4d",
        "name": "36047c19-b6f2-4db7-9b27-809ffaa70c4d",
        "status": "InProgress",
        "startTime": "2023-05-31 22:58:22 \u002B0000"
      }
    },
    {
      "RequestUri": "https://management.azure.com/subscriptions/5b0120b2-6e29-4784-95cd-49a1b101a0c4/providers/Microsoft.DBforPostgreSQL/locations/westus2/azureAsyncOperation/36047c19-b6f2-4db7-9b27-809ffaa70c4d?api-version=2022-11-08",
      "RequestMethod": "GET",
      "RequestHeaders": {
        "Authorization": "Sanitized",
        "traceparent": "00-8dc8e4dbad2c7e6e6d321cf820cdc8ec-a81ab523aed15c48-00",
        "User-Agent": "azsdk-net-ResourceManager/1.6.0 (.NET 6.0.16; Microsoft Windows 10.0.22621)",
        "x-ms-client-request-id": "253304c1b19b1b9df316c5c420b7be5e",
        "x-ms-return-client-request-id": "true"
      },
      "RequestBody": null,
      "StatusCode": 200,
      "ResponseHeaders": {
        "Azure-AsyncOperation": "https://management.azure.com/subscriptions/5b0120b2-6e29-4784-95cd-49a1b101a0c4/providers/Microsoft.DBforPostgreSQL/locations/westus2/azureAsyncOperation/36047c19-b6f2-4db7-9b27-809ffaa70c4d?api-version=2022-11-08",
        "Cache-Control": "no-cache",
        "Content-Length": "296",
        "Content-Security-Policy": "default-src \u0027none\u0027; base-uri \u0027self\u0027; block-all-mixed-content; connect-src \u0027self\u0027; font-src \u0027self\u0027; form-action \u0027self\u0027; img-src \u0027self\u0027; script-src \u0027self\u0027; style-src \u0027self\u0027; upgrade-insecure-requests",
        "Content-Type": "application/json; charset=utf-8",
        "Date": "Wed, 31 May 2023 22:58:24 GMT",
        "Expires": "-1",
        "Location": "https://management.azure.com/subscriptions/5b0120b2-6e29-4784-95cd-49a1b101a0c4/providers/Microsoft.DBforPostgreSQL/locations/westus2/operationResults/36047c19-b6f2-4db7-9b27-809ffaa70c4d?api-version=2022-11-08",
        "Pragma": "no-cache",
        "Referrer-Policy": "same-origin",
        "Request-Id": "cffa6b06-d644-4a81-9235-0b1cc5c2e389",
        "Strict-Transport-Security": "max-age=31536000; includeSubDomains",
        "Vary": "Accept-Encoding",
        "X-Content-Type-Options": "nosniff",
        "X-Download-Options": "noopen",
        "X-Frame-Options": "DENY",
        "x-ms-correlation-request-id": "cac78222-d3c0-4f93-b35f-db8524cbd428",
        "x-ms-ratelimit-remaining-subscription-reads": "11915",
        "x-ms-request-id": "36047c19-b6f2-4db7-9b27-809ffaa70c4d",
        "x-ms-routing-request-id": "GERMANYWESTCENTRAL:20230531T225825Z:cac78222-d3c0-4f93-b35f-db8524cbd428",
        "X-Permitted-Cross-Domain-Policies": "none",
        "X-XSS-Protection": "1; mode=block"
      },
      "ResponseBody": {
        "id": "/subscriptions/5b0120b2-6e29-4784-95cd-49a1b101a0c4/providers/Microsoft.DBforPostgreSQL/locations/westus2/azureAsyncOperation/36047c19-b6f2-4db7-9b27-809ffaa70c4d",
        "name": "36047c19-b6f2-4db7-9b27-809ffaa70c4d",
        "status": "InProgress",
        "startTime": "2023-05-31 22:58:22 \u002B0000"
      }
    },
    {
      "RequestUri": "https://management.azure.com/subscriptions/5b0120b2-6e29-4784-95cd-49a1b101a0c4/providers/Microsoft.DBforPostgreSQL/locations/westus2/azureAsyncOperation/36047c19-b6f2-4db7-9b27-809ffaa70c4d?api-version=2022-11-08",
      "RequestMethod": "GET",
      "RequestHeaders": {
        "Authorization": "Sanitized",
        "traceparent": "00-8dc8e4dbad2c7e6e6d321cf820cdc8ec-8c3996c358773cc2-00",
        "User-Agent": "azsdk-net-ResourceManager/1.6.0 (.NET 6.0.16; Microsoft Windows 10.0.22621)",
        "x-ms-client-request-id": "1a7b8f48b1ce8882c6b03ed62f52a3b5",
        "x-ms-return-client-request-id": "true"
      },
      "RequestBody": null,
      "StatusCode": 200,
      "ResponseHeaders": {
        "Azure-AsyncOperation": "https://management.azure.com/subscriptions/5b0120b2-6e29-4784-95cd-49a1b101a0c4/providers/Microsoft.DBforPostgreSQL/locations/westus2/azureAsyncOperation/36047c19-b6f2-4db7-9b27-809ffaa70c4d?api-version=2022-11-08",
        "Cache-Control": "no-cache",
        "Content-Length": "296",
        "Content-Security-Policy": "default-src \u0027none\u0027; base-uri \u0027self\u0027; block-all-mixed-content; connect-src \u0027self\u0027; font-src \u0027self\u0027; form-action \u0027self\u0027; img-src \u0027self\u0027; script-src \u0027self\u0027; style-src \u0027self\u0027; upgrade-insecure-requests",
        "Content-Type": "application/json; charset=utf-8",
        "Date": "Wed, 31 May 2023 22:58:26 GMT",
        "Expires": "-1",
        "Location": "https://management.azure.com/subscriptions/5b0120b2-6e29-4784-95cd-49a1b101a0c4/providers/Microsoft.DBforPostgreSQL/locations/westus2/operationResults/36047c19-b6f2-4db7-9b27-809ffaa70c4d?api-version=2022-11-08",
        "Pragma": "no-cache",
        "Referrer-Policy": "same-origin",
        "Request-Id": "99d4d92f-2661-4090-893e-93ff7d79800e",
        "Strict-Transport-Security": "max-age=31536000; includeSubDomains",
        "Vary": "Accept-Encoding",
        "X-Content-Type-Options": "nosniff",
        "X-Download-Options": "noopen",
        "X-Frame-Options": "DENY",
        "x-ms-correlation-request-id": "dfee12e2-f761-4f83-9eba-e8565b1240e8",
        "x-ms-ratelimit-remaining-subscription-reads": "11914",
        "x-ms-request-id": "36047c19-b6f2-4db7-9b27-809ffaa70c4d",
        "x-ms-routing-request-id": "GERMANYWESTCENTRAL:20230531T225826Z:dfee12e2-f761-4f83-9eba-e8565b1240e8",
        "X-Permitted-Cross-Domain-Policies": "none",
        "X-XSS-Protection": "1; mode=block"
      },
      "ResponseBody": {
        "id": "/subscriptions/5b0120b2-6e29-4784-95cd-49a1b101a0c4/providers/Microsoft.DBforPostgreSQL/locations/westus2/azureAsyncOperation/36047c19-b6f2-4db7-9b27-809ffaa70c4d",
        "name": "36047c19-b6f2-4db7-9b27-809ffaa70c4d",
        "status": "InProgress",
        "startTime": "2023-05-31 22:58:22 \u002B0000"
      }
    },
    {
      "RequestUri": "https://management.azure.com/subscriptions/5b0120b2-6e29-4784-95cd-49a1b101a0c4/providers/Microsoft.DBforPostgreSQL/locations/westus2/azureAsyncOperation/36047c19-b6f2-4db7-9b27-809ffaa70c4d?api-version=2022-11-08",
      "RequestMethod": "GET",
      "RequestHeaders": {
        "Authorization": "Sanitized",
        "traceparent": "00-8dc8e4dbad2c7e6e6d321cf820cdc8ec-b288705f0499c77c-00",
        "User-Agent": "azsdk-net-ResourceManager/1.6.0 (.NET 6.0.16; Microsoft Windows 10.0.22621)",
        "x-ms-client-request-id": "da7484af9c1f079684d49272c08249b7",
        "x-ms-return-client-request-id": "true"
      },
      "RequestBody": null,
      "StatusCode": 200,
      "ResponseHeaders": {
        "Azure-AsyncOperation": "https://management.azure.com/subscriptions/5b0120b2-6e29-4784-95cd-49a1b101a0c4/providers/Microsoft.DBforPostgreSQL/locations/westus2/azureAsyncOperation/36047c19-b6f2-4db7-9b27-809ffaa70c4d?api-version=2022-11-08",
        "Cache-Control": "no-cache",
        "Content-Length": "296",
        "Content-Security-Policy": "default-src \u0027none\u0027; base-uri \u0027self\u0027; block-all-mixed-content; connect-src \u0027self\u0027; font-src \u0027self\u0027; form-action \u0027self\u0027; img-src \u0027self\u0027; script-src \u0027self\u0027; style-src \u0027self\u0027; upgrade-insecure-requests",
        "Content-Type": "application/json; charset=utf-8",
        "Date": "Wed, 31 May 2023 22:58:28 GMT",
        "Expires": "-1",
        "Location": "https://management.azure.com/subscriptions/5b0120b2-6e29-4784-95cd-49a1b101a0c4/providers/Microsoft.DBforPostgreSQL/locations/westus2/operationResults/36047c19-b6f2-4db7-9b27-809ffaa70c4d?api-version=2022-11-08",
        "Pragma": "no-cache",
        "Referrer-Policy": "same-origin",
        "Request-Id": "163f04ba-a66f-4f45-afbb-fe294eae84ae",
        "Strict-Transport-Security": "max-age=31536000; includeSubDomains",
        "Vary": "Accept-Encoding",
        "X-Content-Type-Options": "nosniff",
        "X-Download-Options": "noopen",
        "X-Frame-Options": "DENY",
        "x-ms-correlation-request-id": "6f83379e-d07f-427f-81dd-9c9de80519a0",
        "x-ms-ratelimit-remaining-subscription-reads": "11913",
        "x-ms-request-id": "36047c19-b6f2-4db7-9b27-809ffaa70c4d",
        "x-ms-routing-request-id": "GERMANYWESTCENTRAL:20230531T225828Z:6f83379e-d07f-427f-81dd-9c9de80519a0",
        "X-Permitted-Cross-Domain-Policies": "none",
        "X-XSS-Protection": "1; mode=block"
      },
      "ResponseBody": {
        "id": "/subscriptions/5b0120b2-6e29-4784-95cd-49a1b101a0c4/providers/Microsoft.DBforPostgreSQL/locations/westus2/azureAsyncOperation/36047c19-b6f2-4db7-9b27-809ffaa70c4d",
        "name": "36047c19-b6f2-4db7-9b27-809ffaa70c4d",
        "status": "InProgress",
        "startTime": "2023-05-31 22:58:22 \u002B0000"
      }
    },
    {
      "RequestUri": "https://management.azure.com/subscriptions/5b0120b2-6e29-4784-95cd-49a1b101a0c4/providers/Microsoft.DBforPostgreSQL/locations/westus2/azureAsyncOperation/36047c19-b6f2-4db7-9b27-809ffaa70c4d?api-version=2022-11-08",
      "RequestMethod": "GET",
      "RequestHeaders": {
        "Authorization": "Sanitized",
        "traceparent": "00-8dc8e4dbad2c7e6e6d321cf820cdc8ec-2da615227770a1fc-00",
        "User-Agent": "azsdk-net-ResourceManager/1.6.0 (.NET 6.0.16; Microsoft Windows 10.0.22621)",
        "x-ms-client-request-id": "63f1d725af97103b81ab5eeb73c7eca1",
        "x-ms-return-client-request-id": "true"
      },
      "RequestBody": null,
      "StatusCode": 200,
      "ResponseHeaders": {
        "Azure-AsyncOperation": "https://management.azure.com/subscriptions/5b0120b2-6e29-4784-95cd-49a1b101a0c4/providers/Microsoft.DBforPostgreSQL/locations/westus2/azureAsyncOperation/36047c19-b6f2-4db7-9b27-809ffaa70c4d?api-version=2022-11-08",
        "Cache-Control": "no-cache",
        "Content-Length": "296",
        "Content-Security-Policy": "default-src \u0027none\u0027; base-uri \u0027self\u0027; block-all-mixed-content; connect-src \u0027self\u0027; font-src \u0027self\u0027; form-action \u0027self\u0027; img-src \u0027self\u0027; script-src \u0027self\u0027; style-src \u0027self\u0027; upgrade-insecure-requests",
        "Content-Type": "application/json; charset=utf-8",
        "Date": "Wed, 31 May 2023 22:58:32 GMT",
        "Expires": "-1",
        "Location": "https://management.azure.com/subscriptions/5b0120b2-6e29-4784-95cd-49a1b101a0c4/providers/Microsoft.DBforPostgreSQL/locations/westus2/operationResults/36047c19-b6f2-4db7-9b27-809ffaa70c4d?api-version=2022-11-08",
        "Pragma": "no-cache",
        "Referrer-Policy": "same-origin",
        "Request-Id": "43796685-6413-46aa-97be-f12c5c828f8b",
        "Strict-Transport-Security": "max-age=31536000; includeSubDomains",
        "Vary": "Accept-Encoding",
        "X-Content-Type-Options": "nosniff",
        "X-Download-Options": "noopen",
        "X-Frame-Options": "DENY",
        "x-ms-correlation-request-id": "569fd332-ce0f-494a-9c42-bf99047091a8",
        "x-ms-ratelimit-remaining-subscription-reads": "11912",
        "x-ms-request-id": "36047c19-b6f2-4db7-9b27-809ffaa70c4d",
        "x-ms-routing-request-id": "GERMANYWESTCENTRAL:20230531T225832Z:569fd332-ce0f-494a-9c42-bf99047091a8",
        "X-Permitted-Cross-Domain-Policies": "none",
        "X-XSS-Protection": "1; mode=block"
      },
      "ResponseBody": {
        "id": "/subscriptions/5b0120b2-6e29-4784-95cd-49a1b101a0c4/providers/Microsoft.DBforPostgreSQL/locations/westus2/azureAsyncOperation/36047c19-b6f2-4db7-9b27-809ffaa70c4d",
        "name": "36047c19-b6f2-4db7-9b27-809ffaa70c4d",
        "status": "InProgress",
        "startTime": "2023-05-31 22:58:22 \u002B0000"
      }
    },
    {
      "RequestUri": "https://management.azure.com/subscriptions/5b0120b2-6e29-4784-95cd-49a1b101a0c4/providers/Microsoft.DBforPostgreSQL/locations/westus2/azureAsyncOperation/36047c19-b6f2-4db7-9b27-809ffaa70c4d?api-version=2022-11-08",
      "RequestMethod": "GET",
      "RequestHeaders": {
        "Authorization": "Sanitized",
        "traceparent": "00-8dc8e4dbad2c7e6e6d321cf820cdc8ec-4a9ae09ce1c29330-00",
        "User-Agent": "azsdk-net-ResourceManager/1.6.0 (.NET 6.0.16; Microsoft Windows 10.0.22621)",
        "x-ms-client-request-id": "9b150f73e442ab3ef87396fa1e10c843",
        "x-ms-return-client-request-id": "true"
      },
      "RequestBody": null,
      "StatusCode": 200,
      "ResponseHeaders": {
        "Azure-AsyncOperation": "https://management.azure.com/subscriptions/5b0120b2-6e29-4784-95cd-49a1b101a0c4/providers/Microsoft.DBforPostgreSQL/locations/westus2/azureAsyncOperation/36047c19-b6f2-4db7-9b27-809ffaa70c4d?api-version=2022-11-08",
        "Cache-Control": "no-cache",
        "Content-Length": "296",
        "Content-Security-Policy": "default-src \u0027none\u0027; base-uri \u0027self\u0027; block-all-mixed-content; connect-src \u0027self\u0027; font-src \u0027self\u0027; form-action \u0027self\u0027; img-src \u0027self\u0027; script-src \u0027self\u0027; style-src \u0027self\u0027; upgrade-insecure-requests",
        "Content-Type": "application/json; charset=utf-8",
        "Date": "Wed, 31 May 2023 22:58:40 GMT",
        "Expires": "-1",
        "Location": "https://management.azure.com/subscriptions/5b0120b2-6e29-4784-95cd-49a1b101a0c4/providers/Microsoft.DBforPostgreSQL/locations/westus2/operationResults/36047c19-b6f2-4db7-9b27-809ffaa70c4d?api-version=2022-11-08",
        "Pragma": "no-cache",
        "Referrer-Policy": "same-origin",
        "Request-Id": "3390757d-b545-4564-bebb-9c271398e8c7",
        "Strict-Transport-Security": "max-age=31536000; includeSubDomains",
        "Vary": "Accept-Encoding",
        "X-Content-Type-Options": "nosniff",
        "X-Download-Options": "noopen",
        "X-Frame-Options": "DENY",
        "x-ms-correlation-request-id": "79a30600-a46f-4f43-a1b7-4e778ced582a",
        "x-ms-ratelimit-remaining-subscription-reads": "11911",
        "x-ms-request-id": "36047c19-b6f2-4db7-9b27-809ffaa70c4d",
        "x-ms-routing-request-id": "GERMANYWESTCENTRAL:20230531T225841Z:79a30600-a46f-4f43-a1b7-4e778ced582a",
        "X-Permitted-Cross-Domain-Policies": "none",
        "X-XSS-Protection": "1; mode=block"
      },
      "ResponseBody": {
        "id": "/subscriptions/5b0120b2-6e29-4784-95cd-49a1b101a0c4/providers/Microsoft.DBforPostgreSQL/locations/westus2/azureAsyncOperation/36047c19-b6f2-4db7-9b27-809ffaa70c4d",
        "name": "36047c19-b6f2-4db7-9b27-809ffaa70c4d",
        "status": "InProgress",
        "startTime": "2023-05-31 22:58:22 \u002B0000"
      }
    },
    {
      "RequestUri": "https://management.azure.com/subscriptions/5b0120b2-6e29-4784-95cd-49a1b101a0c4/providers/Microsoft.DBforPostgreSQL/locations/westus2/azureAsyncOperation/36047c19-b6f2-4db7-9b27-809ffaa70c4d?api-version=2022-11-08",
      "RequestMethod": "GET",
      "RequestHeaders": {
        "Authorization": "Sanitized",
        "traceparent": "00-8dc8e4dbad2c7e6e6d321cf820cdc8ec-49b44b3e5a4ababe-00",
        "User-Agent": "azsdk-net-ResourceManager/1.6.0 (.NET 6.0.16; Microsoft Windows 10.0.22621)",
        "x-ms-client-request-id": "57b086663f61ff1d496458733eab94bc",
        "x-ms-return-client-request-id": "true"
      },
      "RequestBody": null,
      "StatusCode": 200,
      "ResponseHeaders": {
        "Azure-AsyncOperation": "https://management.azure.com/subscriptions/5b0120b2-6e29-4784-95cd-49a1b101a0c4/providers/Microsoft.DBforPostgreSQL/locations/westus2/azureAsyncOperation/36047c19-b6f2-4db7-9b27-809ffaa70c4d?api-version=2022-11-08",
        "Cache-Control": "no-cache",
        "Content-Length": "296",
        "Content-Security-Policy": "default-src \u0027none\u0027; base-uri \u0027self\u0027; block-all-mixed-content; connect-src \u0027self\u0027; font-src \u0027self\u0027; form-action \u0027self\u0027; img-src \u0027self\u0027; script-src \u0027self\u0027; style-src \u0027self\u0027; upgrade-insecure-requests",
        "Content-Type": "application/json; charset=utf-8",
        "Date": "Wed, 31 May 2023 22:58:56 GMT",
        "Expires": "-1",
        "Location": "https://management.azure.com/subscriptions/5b0120b2-6e29-4784-95cd-49a1b101a0c4/providers/Microsoft.DBforPostgreSQL/locations/westus2/operationResults/36047c19-b6f2-4db7-9b27-809ffaa70c4d?api-version=2022-11-08",
        "Pragma": "no-cache",
        "Referrer-Policy": "same-origin",
        "Request-Id": "fe7eab38-bafb-437b-ac05-ae737fc7090e",
        "Strict-Transport-Security": "max-age=31536000; includeSubDomains",
        "Vary": "Accept-Encoding",
        "X-Content-Type-Options": "nosniff",
        "X-Download-Options": "noopen",
        "X-Frame-Options": "DENY",
        "x-ms-correlation-request-id": "1c7ee23d-80d1-4b2f-97ee-2431a10f030a",
        "x-ms-ratelimit-remaining-subscription-reads": "11910",
        "x-ms-request-id": "36047c19-b6f2-4db7-9b27-809ffaa70c4d",
        "x-ms-routing-request-id": "GERMANYWESTCENTRAL:20230531T225857Z:1c7ee23d-80d1-4b2f-97ee-2431a10f030a",
        "X-Permitted-Cross-Domain-Policies": "none",
        "X-XSS-Protection": "1; mode=block"
      },
      "ResponseBody": {
        "id": "/subscriptions/5b0120b2-6e29-4784-95cd-49a1b101a0c4/providers/Microsoft.DBforPostgreSQL/locations/westus2/azureAsyncOperation/36047c19-b6f2-4db7-9b27-809ffaa70c4d",
        "name": "36047c19-b6f2-4db7-9b27-809ffaa70c4d",
        "status": "InProgress",
        "startTime": "2023-05-31 22:58:22 \u002B0000"
      }
    },
    {
      "RequestUri": "https://management.azure.com/subscriptions/5b0120b2-6e29-4784-95cd-49a1b101a0c4/providers/Microsoft.DBforPostgreSQL/locations/westus2/azureAsyncOperation/36047c19-b6f2-4db7-9b27-809ffaa70c4d?api-version=2022-11-08",
      "RequestMethod": "GET",
      "RequestHeaders": {
        "Authorization": "Sanitized",
        "traceparent": "00-8dc8e4dbad2c7e6e6d321cf820cdc8ec-86c696ad73d24794-00",
        "User-Agent": "azsdk-net-ResourceManager/1.6.0 (.NET 6.0.16; Microsoft Windows 10.0.22621)",
        "x-ms-client-request-id": "b0fef1e7ae6d407598456b241941f170",
        "x-ms-return-client-request-id": "true"
      },
      "RequestBody": null,
      "StatusCode": 200,
      "ResponseHeaders": {
        "Azure-AsyncOperation": "https://management.azure.com/subscriptions/5b0120b2-6e29-4784-95cd-49a1b101a0c4/providers/Microsoft.DBforPostgreSQL/locations/westus2/azureAsyncOperation/36047c19-b6f2-4db7-9b27-809ffaa70c4d?api-version=2022-11-08",
        "Cache-Control": "no-cache",
        "Content-Length": "296",
        "Content-Security-Policy": "default-src \u0027none\u0027; base-uri \u0027self\u0027; block-all-mixed-content; connect-src \u0027self\u0027; font-src \u0027self\u0027; form-action \u0027self\u0027; img-src \u0027self\u0027; script-src \u0027self\u0027; style-src \u0027self\u0027; upgrade-insecure-requests",
        "Content-Type": "application/json; charset=utf-8",
        "Date": "Wed, 31 May 2023 22:59:29 GMT",
        "Expires": "-1",
        "Location": "https://management.azure.com/subscriptions/5b0120b2-6e29-4784-95cd-49a1b101a0c4/providers/Microsoft.DBforPostgreSQL/locations/westus2/operationResults/36047c19-b6f2-4db7-9b27-809ffaa70c4d?api-version=2022-11-08",
        "Pragma": "no-cache",
        "Referrer-Policy": "same-origin",
        "Request-Id": "e8c7583e-4161-4ee6-a7fb-ef86ce05a124",
        "Strict-Transport-Security": "max-age=31536000; includeSubDomains",
        "Vary": "Accept-Encoding",
        "X-Content-Type-Options": "nosniff",
        "X-Download-Options": "noopen",
        "X-Frame-Options": "DENY",
        "x-ms-correlation-request-id": "4b14b452-b8a4-4452-907f-08742ba2ef21",
        "x-ms-ratelimit-remaining-subscription-reads": "11909",
        "x-ms-request-id": "36047c19-b6f2-4db7-9b27-809ffaa70c4d",
        "x-ms-routing-request-id": "GERMANYWESTCENTRAL:20230531T225929Z:4b14b452-b8a4-4452-907f-08742ba2ef21",
        "X-Permitted-Cross-Domain-Policies": "none",
        "X-XSS-Protection": "1; mode=block"
      },
      "ResponseBody": {
        "id": "/subscriptions/5b0120b2-6e29-4784-95cd-49a1b101a0c4/providers/Microsoft.DBforPostgreSQL/locations/westus2/azureAsyncOperation/36047c19-b6f2-4db7-9b27-809ffaa70c4d",
        "name": "36047c19-b6f2-4db7-9b27-809ffaa70c4d",
        "status": "InProgress",
        "startTime": "2023-05-31 22:58:22 \u002B0000"
      }
    },
    {
      "RequestUri": "https://management.azure.com/subscriptions/5b0120b2-6e29-4784-95cd-49a1b101a0c4/providers/Microsoft.DBforPostgreSQL/locations/westus2/azureAsyncOperation/36047c19-b6f2-4db7-9b27-809ffaa70c4d?api-version=2022-11-08",
      "RequestMethod": "GET",
      "RequestHeaders": {
        "Authorization": "Sanitized",
        "traceparent": "00-8dc8e4dbad2c7e6e6d321cf820cdc8ec-95528ea6bdb457f5-00",
        "User-Agent": "azsdk-net-ResourceManager/1.6.0 (.NET 6.0.16; Microsoft Windows 10.0.22621)",
        "x-ms-client-request-id": "ed841ae29416333ff11552de8bcb6d4d",
        "x-ms-return-client-request-id": "true"
      },
      "RequestBody": null,
      "StatusCode": 200,
      "ResponseHeaders": {
        "Azure-AsyncOperation": "https://management.azure.com/subscriptions/5b0120b2-6e29-4784-95cd-49a1b101a0c4/providers/Microsoft.DBforPostgreSQL/locations/westus2/azureAsyncOperation/36047c19-b6f2-4db7-9b27-809ffaa70c4d?api-version=2022-11-08",
        "Cache-Control": "no-cache",
        "Content-Length": "295",
        "Content-Security-Policy": "default-src \u0027none\u0027; base-uri \u0027self\u0027; block-all-mixed-content; connect-src \u0027self\u0027; font-src \u0027self\u0027; form-action \u0027self\u0027; img-src \u0027self\u0027; script-src \u0027self\u0027; style-src \u0027self\u0027; upgrade-insecure-requests",
        "Content-Type": "application/json; charset=utf-8",
        "Date": "Wed, 31 May 2023 23:00:02 GMT",
        "Expires": "-1",
        "Location": "https://management.azure.com/subscriptions/5b0120b2-6e29-4784-95cd-49a1b101a0c4/providers/Microsoft.DBforPostgreSQL/locations/westus2/operationResults/36047c19-b6f2-4db7-9b27-809ffaa70c4d?api-version=2022-11-08",
        "Pragma": "no-cache",
        "Referrer-Policy": "same-origin",
        "Request-Id": "46307d29-5074-40cc-923b-0c52252687ec",
        "Strict-Transport-Security": "max-age=31536000; includeSubDomains",
        "Vary": "Accept-Encoding",
        "X-Content-Type-Options": "nosniff",
        "X-Download-Options": "noopen",
        "X-Frame-Options": "DENY",
        "x-ms-correlation-request-id": "29669ef3-8355-472a-98c2-db311fcdab6b",
        "x-ms-ratelimit-remaining-subscription-reads": "11908",
        "x-ms-request-id": "36047c19-b6f2-4db7-9b27-809ffaa70c4d",
        "x-ms-routing-request-id": "GERMANYWESTCENTRAL:20230531T230002Z:29669ef3-8355-472a-98c2-db311fcdab6b",
        "X-Permitted-Cross-Domain-Policies": "none",
        "X-XSS-Protection": "1; mode=block"
      },
      "ResponseBody": {
        "id": "/subscriptions/5b0120b2-6e29-4784-95cd-49a1b101a0c4/providers/Microsoft.DBforPostgreSQL/locations/westus2/azureAsyncOperation/36047c19-b6f2-4db7-9b27-809ffaa70c4d",
        "name": "36047c19-b6f2-4db7-9b27-809ffaa70c4d",
        "status": "Succeeded",
        "startTime": "2023-05-31 22:58:22 \u002B0000"
      }
    },
    {
      "RequestUri": "https://management.azure.com/subscriptions/5b0120b2-6e29-4784-95cd-49a1b101a0c4/resourceGroups/test-rg-5555/providers/Microsoft.DBforPostgreSQL/serverGroupsv2/cosmos-pg-net-8417/roles?api-version=2022-11-08",
      "RequestMethod": "GET",
      "RequestHeaders": {
        "Accept": "application/json",
        "Authorization": "Sanitized",
        "traceparent": "00-01aeabac30d738fb56f3070547fad579-7d0488e422a22ca9-00",
        "User-Agent": "azsdk-net-ResourceManager.CosmosDBForPostgreSql/1.0.0-alpha.20230601.1 (.NET 6.0.16; Microsoft Windows 10.0.22621)",
        "x-ms-client-request-id": "2c12d9de1811b8d6116fbe1bd4f9e607",
        "x-ms-return-client-request-id": "true"
      },
      "RequestBody": null,
      "StatusCode": 200,
      "ResponseHeaders": {
        "Cache-Control": "no-cache",
        "Content-Length": "17",
        "Content-Security-Policy": "default-src \u0027none\u0027; base-uri \u0027self\u0027; block-all-mixed-content; connect-src \u0027self\u0027; font-src \u0027self\u0027; form-action \u0027self\u0027; img-src \u0027self\u0027; script-src \u0027self\u0027; style-src \u0027self\u0027; upgrade-insecure-requests",
        "Content-Type": "application/json; charset=utf-8",
        "Date": "Wed, 31 May 2023 23:00:02 GMT",
        "Expires": "-1",
        "Pragma": "no-cache",
        "Referrer-Policy": "same-origin",
        "Request-Id": "c0b5e6cb-c866-45c2-976b-1c1789dc0fa8",
        "Strict-Transport-Security": "max-age=31536000; includeSubDomains",
        "Vary": "Accept-Encoding",
        "X-Content-Type-Options": "nosniff",
        "X-Download-Options": "noopen",
        "X-Frame-Options": "DENY",
        "x-ms-correlation-request-id": "d425f448-0ff9-470c-8288-ea2d426ec7e0",
        "x-ms-ratelimit-remaining-subscription-reads": "11907",
        "x-ms-request-id": "d425f448-0ff9-470c-8288-ea2d426ec7e0",
        "x-ms-routing-request-id": "GERMANYWESTCENTRAL:20230531T230002Z:d425f448-0ff9-470c-8288-ea2d426ec7e0",
        "X-Permitted-Cross-Domain-Policies": "none",
        "X-XSS-Protection": "1; mode=block"
      },
      "ResponseBody": {
        "value": []
      }
    }
  ],
  "Variables": {
    "AZURE_AUTHORITY_HOST": "https://login.microsoftonline.com/",
    "RandomSeed": "784766550",
    "RESOURCE_MANAGER_URL": "https://management.azure.com/",
    "SUBSCRIPTION_ID": "5b0120b2-6e29-4784-95cd-49a1b101a0c4"
  }
}
