{
  "Entries": [
    {
      "RequestUri": "https://management.azure.com/subscriptions/f3d94233-a9aa-4241-ac82-2dfb63ce637a?api-version=2019-11-01",
      "RequestMethod": "GET",
      "RequestHeaders": {
        "Accept": "application/json",
        "Authorization": "Sanitized",
        "User-Agent": [
          "azsdk-net-ResourceManager/1.0.0-beta.3",
          "(.NET 5.0.10; Microsoft Windows 10.0.19043)"
        ],
        "x-ms-client-request-id": "bbc0027d4578e795b6edfdd713fa4dfb",
        "x-ms-return-client-request-id": "true"
      },
      "RequestBody": null,
      "StatusCode": 200,
      "ResponseHeaders": {
        "Cache-Control": "no-cache",
        "Content-Length": "410",
        "Content-Type": "application/json; charset=utf-8",
        "Date": "Wed, 22 Sep 2021 06:36:26 GMT",
        "Expires": "-1",
        "Pragma": "no-cache",
        "Strict-Transport-Security": "max-age=31536000; includeSubDomains",
        "X-Content-Type-Options": "nosniff",
        "x-ms-correlation-request-id": "ec7cf4ee-dea7-4366-b8ca-8a74016aee0b",
        "x-ms-ratelimit-remaining-subscription-reads": "11942",
        "x-ms-request-id": "ec7cf4ee-dea7-4366-b8ca-8a74016aee0b",
        "x-ms-routing-request-id": "SOUTHEASTASIA:20210922T063626Z:ec7cf4ee-dea7-4366-b8ca-8a74016aee0b"
      },
      "ResponseBody": {
        "id": "/subscriptions/f3d94233-a9aa-4241-ac82-2dfb63ce637a",
        "authorizationSource": "RoleBased",
        "managedByTenants": [],
        "subscriptionId": "f3d94233-a9aa-4241-ac82-2dfb63ce637a",
        "tenantId": "75743128-1c62-4904-9be1-c23c1edb9a9f",
        "displayName": "Visual Studio Enterprise Subscription",
        "state": "Enabled",
        "subscriptionPolicies": {
          "locationPlacementId": "Public_2014-09-01",
          "quotaId": "MSDN_2014-09-01",
          "spendingLimit": "On"
        }
      }
    },
    {
      "RequestUri": "https://management.azure.com/subscriptions/f3d94233-a9aa-4241-ac82-2dfb63ce637a/resourcegroups/testRg-4143?api-version=2019-10-01",
      "RequestMethod": "PUT",
      "RequestHeaders": {
        "Accept": "application/json",
        "Authorization": "Sanitized",
        "Content-Length": "21",
        "Content-Type": "application/json",
        "traceparent": "00-902798f7b453b74ca92ba4b57dc775e1-2bfbaeddbddc864a-00",
        "User-Agent": [
          "azsdk-net-ResourceManager/1.0.0-beta.3",
          "(.NET 5.0.10; Microsoft Windows 10.0.19043)"
        ],
        "x-ms-client-request-id": "5ace743e128484b3ad95a0e9e3ed2cfe",
        "x-ms-return-client-request-id": "true"
      },
      "RequestBody": {
        "location": "westus"
      },
      "StatusCode": 201,
      "ResponseHeaders": {
        "Cache-Control": "no-cache",
        "Content-Length": "219",
        "Content-Type": "application/json; charset=utf-8",
        "Date": "Wed, 22 Sep 2021 06:36:26 GMT",
        "Expires": "-1",
        "Pragma": "no-cache",
        "Strict-Transport-Security": "max-age=31536000; includeSubDomains",
        "X-Content-Type-Options": "nosniff",
        "x-ms-correlation-request-id": "548bc435-0812-4ac5-beb0-a0975dd14a32",
        "x-ms-ratelimit-remaining-subscription-writes": "1197",
        "x-ms-request-id": "548bc435-0812-4ac5-beb0-a0975dd14a32",
        "x-ms-routing-request-id": "SOUTHEASTASIA:20210922T063627Z:548bc435-0812-4ac5-beb0-a0975dd14a32"
      },
      "ResponseBody": {
        "id": "/subscriptions/f3d94233-a9aa-4241-ac82-2dfb63ce637a/resourceGroups/testRg-4143",
        "name": "testRg-4143",
        "type": "Microsoft.Resources/resourceGroups",
        "location": "westus",
        "properties": {
          "provisioningState": "Succeeded"
        }
      }
    },
    {
      "RequestUri": "https://management.azure.com/subscriptions/f3d94233-a9aa-4241-ac82-2dfb63ce637a/resourceGroups/testRg-4143/providers/Microsoft.Cdn/profiles/profile-3005?api-version=2020-09-01",
      "RequestMethod": "PUT",
      "RequestHeaders": {
        "Accept": "application/json",
        "Authorization": "Sanitized",
        "Content-Length": "73",
        "Content-Type": "application/json",
        "User-Agent": [
          "azsdk-net-ResourceManager.Cdn/1.0.0-alpha.20210922.1",
          "(.NET 5.0.10; Microsoft Windows 10.0.19043)"
        ],
        "x-ms-client-request-id": "d887d7a11f4bc9c64e52dbc6c76ea663",
        "x-ms-return-client-request-id": "true"
      },
      "RequestBody": {
        "sku": {
          "name": "Standard_Microsoft"
        },
        "location": "westus",
        "properties": {}
      },
      "StatusCode": 201,
      "ResponseHeaders": {
        "Azure-AsyncOperation": "https://management.azure.com/subscriptions/f3d94233-a9aa-4241-ac82-2dfb63ce637a/resourcegroups/testRg-4143/providers/Microsoft.Cdn/operationresults/fb983085-2e6b-4a5f-bba1-97ef1310c85c?api-version=2020-09-01",
        "Cache-Control": "no-cache",
        "Content-Length": "339",
        "Content-Type": "application/json; charset=utf-8",
        "Date": "Wed, 22 Sep 2021 06:36:30 GMT",
        "Expires": "-1",
        "Pragma": "no-cache",
        "Retry-After": "10",
        "Server": "Kestrel",
        "Strict-Transport-Security": "max-age=31536000; includeSubDomains",
        "X-Content-Type-Options": "nosniff",
        "x-ms-client-request-id": "d887d7a11f4bc9c64e52dbc6c76ea663",
        "x-ms-correlation-request-id": "cfc3f320-f422-4d19-b3cb-b06cd042d735",
        "x-ms-ratelimit-remaining-subscription-resource-requests": "23",
        "x-ms-request-id": "3e399423-da9d-488c-8e6d-e6fcd939f593",
        "x-ms-routing-request-id": "SOUTHEASTASIA:20210922T063630Z:cfc3f320-f422-4d19-b3cb-b06cd042d735"
      },
      "ResponseBody": {
        "id": "/subscriptions/f3d94233-a9aa-4241-ac82-2dfb63ce637a/resourcegroups/testRg-4143/providers/Microsoft.Cdn/profiles/profile-3005",
        "type": "Microsoft.Cdn/profiles",
        "name": "profile-3005",
        "location": "WestUs",
        "kind": "cdn",
        "tags": {},
        "sku": {
          "name": "Standard_Microsoft"
        },
        "properties": {
          "resourceState": "Creating",
          "provisioningState": "Creating"
        }
      }
    },
    {
      "RequestUri": "https://management.azure.com/subscriptions/f3d94233-a9aa-4241-ac82-2dfb63ce637a/resourcegroups/testRg-4143/providers/Microsoft.Cdn/operationresults/fb983085-2e6b-4a5f-bba1-97ef1310c85c?api-version=2020-09-01",
      "RequestMethod": "GET",
      "RequestHeaders": {
        "Authorization": "Sanitized",
        "User-Agent": [
          "azsdk-net-ResourceManager/1.0.0-beta.3",
          "(.NET 5.0.10; Microsoft Windows 10.0.19043)"
        ],
        "x-ms-client-request-id": "7658c5d9ca7455f2089135bfd8bee626",
        "x-ms-return-client-request-id": "true"
      },
      "RequestBody": null,
      "StatusCode": 200,
      "ResponseHeaders": {
        "Cache-Control": "no-cache",
        "Content-Length": "62",
        "Content-Type": "application/json; charset=utf-8",
        "Date": "Wed, 22 Sep 2021 06:36:30 GMT",
        "Expires": "-1",
        "Pragma": "no-cache",
        "Server": "Kestrel",
        "Strict-Transport-Security": "max-age=31536000; includeSubDomains",
        "X-Content-Type-Options": "nosniff",
        "x-ms-client-request-id": "7658c5d9ca7455f2089135bfd8bee626",
        "x-ms-correlation-request-id": "7361f62e-ba77-4c6b-ae99-ee5e4b0bb562",
        "x-ms-ratelimit-remaining-subscription-reads": "11941",
        "x-ms-request-id": "d56821ad-591e-4bb1-b8d8-0d762347a41e",
        "x-ms-routing-request-id": "SOUTHEASTASIA:20210922T063631Z:7361f62e-ba77-4c6b-ae99-ee5e4b0bb562"
      },
      "ResponseBody": {
        "status": "InProgress",
        "error": {
          "code": "None",
          "message": null
        }
      }
    },
    {
      "RequestUri": "https://management.azure.com/subscriptions/f3d94233-a9aa-4241-ac82-2dfb63ce637a/resourcegroups/testRg-4143/providers/Microsoft.Cdn/operationresults/fb983085-2e6b-4a5f-bba1-97ef1310c85c?api-version=2020-09-01",
      "RequestMethod": "GET",
      "RequestHeaders": {
        "Authorization": "Sanitized",
        "User-Agent": [
          "azsdk-net-ResourceManager/1.0.0-beta.3",
          "(.NET 5.0.10; Microsoft Windows 10.0.19043)"
        ],
        "x-ms-client-request-id": "ff3685f9e061a835e77aa1806fd1cb7b",
        "x-ms-return-client-request-id": "true"
      },
      "RequestBody": null,
      "StatusCode": 200,
      "ResponseHeaders": {
        "Cache-Control": "no-cache",
        "Content-Length": "62",
        "Content-Type": "application/json; charset=utf-8",
        "Date": "Wed, 22 Sep 2021 06:36:31 GMT",
        "Expires": "-1",
        "Pragma": "no-cache",
        "Server": "Kestrel",
        "Strict-Transport-Security": "max-age=31536000; includeSubDomains",
        "X-Content-Type-Options": "nosniff",
        "x-ms-client-request-id": "ff3685f9e061a835e77aa1806fd1cb7b",
        "x-ms-correlation-request-id": "99c98e0d-6f3c-4ad9-b74b-78c5a5778202",
        "x-ms-ratelimit-remaining-subscription-reads": "11940",
        "x-ms-request-id": "91d41d48-e7c2-41dd-a049-fdfb756b6e37",
        "x-ms-routing-request-id": "SOUTHEASTASIA:20210922T063631Z:99c98e0d-6f3c-4ad9-b74b-78c5a5778202"
      },
      "ResponseBody": {
        "status": "InProgress",
        "error": {
          "code": "None",
          "message": null
        }
      }
    },
    {
      "RequestUri": "https://management.azure.com/subscriptions/f3d94233-a9aa-4241-ac82-2dfb63ce637a/resourcegroups/testRg-4143/providers/Microsoft.Cdn/operationresults/fb983085-2e6b-4a5f-bba1-97ef1310c85c?api-version=2020-09-01",
      "RequestMethod": "GET",
      "RequestHeaders": {
        "Authorization": "Sanitized",
        "User-Agent": [
          "azsdk-net-ResourceManager/1.0.0-beta.3",
          "(.NET 5.0.10; Microsoft Windows 10.0.19043)"
        ],
        "x-ms-client-request-id": "01ed0a523016e2eefa751587c4303478",
        "x-ms-return-client-request-id": "true"
      },
      "RequestBody": null,
      "StatusCode": 200,
      "ResponseHeaders": {
        "Cache-Control": "no-cache",
        "Content-Length": "62",
        "Content-Type": "application/json; charset=utf-8",
        "Date": "Wed, 22 Sep 2021 06:36:31 GMT",
        "Expires": "-1",
        "Pragma": "no-cache",
        "Server": "Kestrel",
        "Strict-Transport-Security": "max-age=31536000; includeSubDomains",
        "X-Content-Type-Options": "nosniff",
        "x-ms-client-request-id": "01ed0a523016e2eefa751587c4303478",
        "x-ms-correlation-request-id": "950fea08-9137-42cc-a805-a1b3bd7ee69f",
        "x-ms-ratelimit-remaining-subscription-reads": "11939",
        "x-ms-request-id": "6a0f457d-cd40-4d5f-8f38-0f1ebcd4aa03",
        "x-ms-routing-request-id": "SOUTHEASTASIA:20210922T063631Z:950fea08-9137-42cc-a805-a1b3bd7ee69f"
      },
      "ResponseBody": {
        "status": "InProgress",
        "error": {
          "code": "None",
          "message": null
        }
      }
    },
    {
      "RequestUri": "https://management.azure.com/subscriptions/f3d94233-a9aa-4241-ac82-2dfb63ce637a/resourcegroups/testRg-4143/providers/Microsoft.Cdn/operationresults/fb983085-2e6b-4a5f-bba1-97ef1310c85c?api-version=2020-09-01",
      "RequestMethod": "GET",
      "RequestHeaders": {
        "Authorization": "Sanitized",
        "User-Agent": [
          "azsdk-net-ResourceManager/1.0.0-beta.3",
          "(.NET 5.0.10; Microsoft Windows 10.0.19043)"
        ],
        "x-ms-client-request-id": "79fb88e4009cf86f90af8ffa2871e537",
        "x-ms-return-client-request-id": "true"
      },
      "RequestBody": null,
      "StatusCode": 200,
      "ResponseHeaders": {
        "Cache-Control": "no-cache",
        "Content-Length": "62",
        "Content-Type": "application/json; charset=utf-8",
        "Date": "Wed, 22 Sep 2021 06:36:31 GMT",
        "Expires": "-1",
        "Pragma": "no-cache",
        "Server": "Kestrel",
        "Strict-Transport-Security": "max-age=31536000; includeSubDomains",
        "X-Content-Type-Options": "nosniff",
        "x-ms-client-request-id": "79fb88e4009cf86f90af8ffa2871e537",
        "x-ms-correlation-request-id": "12d8d5b8-d648-415d-b650-95f559c84bfc",
        "x-ms-ratelimit-remaining-subscription-reads": "11938",
        "x-ms-request-id": "a9fbbab2-2240-43a8-aca8-d9abd7cf53d4",
        "x-ms-routing-request-id": "SOUTHEASTASIA:20210922T063632Z:12d8d5b8-d648-415d-b650-95f559c84bfc"
      },
      "ResponseBody": {
        "status": "InProgress",
        "error": {
          "code": "None",
          "message": null
        }
      }
    },
    {
      "RequestUri": "https://management.azure.com/subscriptions/f3d94233-a9aa-4241-ac82-2dfb63ce637a/resourcegroups/testRg-4143/providers/Microsoft.Cdn/operationresults/fb983085-2e6b-4a5f-bba1-97ef1310c85c?api-version=2020-09-01",
      "RequestMethod": "GET",
      "RequestHeaders": {
        "Authorization": "Sanitized",
        "User-Agent": [
          "azsdk-net-ResourceManager/1.0.0-beta.3",
          "(.NET 5.0.10; Microsoft Windows 10.0.19043)"
        ],
        "x-ms-client-request-id": "cd6dbac5e4d0c910965404eccaade4b6",
        "x-ms-return-client-request-id": "true"
      },
      "RequestBody": null,
      "StatusCode": 200,
      "ResponseHeaders": {
        "Cache-Control": "no-cache",
        "Content-Length": "62",
        "Content-Type": "application/json; charset=utf-8",
        "Date": "Wed, 22 Sep 2021 06:36:32 GMT",
        "Expires": "-1",
        "Pragma": "no-cache",
        "Server": "Kestrel",
        "Strict-Transport-Security": "max-age=31536000; includeSubDomains",
        "X-Content-Type-Options": "nosniff",
        "x-ms-client-request-id": "cd6dbac5e4d0c910965404eccaade4b6",
        "x-ms-correlation-request-id": "c3a576a6-38bd-425f-bad3-f9b99968a1df",
        "x-ms-ratelimit-remaining-subscription-reads": "11937",
        "x-ms-request-id": "9e528ca2-91fb-4043-9cbb-8f86f5ac8243",
        "x-ms-routing-request-id": "SOUTHEASTASIA:20210922T063632Z:c3a576a6-38bd-425f-bad3-f9b99968a1df"
      },
      "ResponseBody": {
        "status": "InProgress",
        "error": {
          "code": "None",
          "message": null
        }
      }
    },
    {
      "RequestUri": "https://management.azure.com/subscriptions/f3d94233-a9aa-4241-ac82-2dfb63ce637a/resourcegroups/testRg-4143/providers/Microsoft.Cdn/operationresults/fb983085-2e6b-4a5f-bba1-97ef1310c85c?api-version=2020-09-01",
      "RequestMethod": "GET",
      "RequestHeaders": {
        "Authorization": "Sanitized",
        "User-Agent": [
          "azsdk-net-ResourceManager/1.0.0-beta.3",
          "(.NET 5.0.10; Microsoft Windows 10.0.19043)"
        ],
        "x-ms-client-request-id": "e69c284651d552df9af47166a1f4b988",
        "x-ms-return-client-request-id": "true"
      },
      "RequestBody": null,
      "StatusCode": 200,
      "ResponseHeaders": {
        "Cache-Control": "no-cache",
        "Content-Length": "62",
        "Content-Type": "application/json; charset=utf-8",
        "Date": "Wed, 22 Sep 2021 06:36:32 GMT",
        "Expires": "-1",
        "Pragma": "no-cache",
        "Server": "Kestrel",
        "Strict-Transport-Security": "max-age=31536000; includeSubDomains",
        "X-Content-Type-Options": "nosniff",
        "x-ms-client-request-id": "e69c284651d552df9af47166a1f4b988",
        "x-ms-correlation-request-id": "04d30076-b85c-42d5-8a9f-65b067561f26",
        "x-ms-ratelimit-remaining-subscription-reads": "11936",
        "x-ms-request-id": "8be8b5ca-7e70-49a3-a168-42ddc748bb33",
        "x-ms-routing-request-id": "SOUTHEASTASIA:20210922T063632Z:04d30076-b85c-42d5-8a9f-65b067561f26"
      },
      "ResponseBody": {
        "status": "InProgress",
        "error": {
          "code": "None",
          "message": null
        }
      }
    },
    {
      "RequestUri": "https://management.azure.com/subscriptions/f3d94233-a9aa-4241-ac82-2dfb63ce637a/resourcegroups/testRg-4143/providers/Microsoft.Cdn/operationresults/fb983085-2e6b-4a5f-bba1-97ef1310c85c?api-version=2020-09-01",
      "RequestMethod": "GET",
      "RequestHeaders": {
        "Authorization": "Sanitized",
        "User-Agent": [
          "azsdk-net-ResourceManager/1.0.0-beta.3",
          "(.NET 5.0.10; Microsoft Windows 10.0.19043)"
        ],
        "x-ms-client-request-id": "0ac1de8f66c300a77832e248fb822de2",
        "x-ms-return-client-request-id": "true"
      },
      "RequestBody": null,
      "StatusCode": 200,
      "ResponseHeaders": {
        "Cache-Control": "no-cache",
        "Content-Length": "62",
        "Content-Type": "application/json; charset=utf-8",
        "Date": "Wed, 22 Sep 2021 06:36:32 GMT",
        "Expires": "-1",
        "Pragma": "no-cache",
        "Server": "Kestrel",
        "Strict-Transport-Security": "max-age=31536000; includeSubDomains",
        "X-Content-Type-Options": "nosniff",
        "x-ms-client-request-id": "0ac1de8f66c300a77832e248fb822de2",
        "x-ms-correlation-request-id": "0bfc8d55-861c-4f96-9fcd-215525dbb091",
        "x-ms-ratelimit-remaining-subscription-reads": "11935",
        "x-ms-request-id": "7da93d1f-f5b9-42b4-ba28-785faa7f54b5",
        "x-ms-routing-request-id": "SOUTHEASTASIA:20210922T063633Z:0bfc8d55-861c-4f96-9fcd-215525dbb091"
      },
      "ResponseBody": {
        "status": "InProgress",
        "error": {
          "code": "None",
          "message": null
        }
      }
    },
    {
      "RequestUri": "https://management.azure.com/subscriptions/f3d94233-a9aa-4241-ac82-2dfb63ce637a/resourcegroups/testRg-4143/providers/Microsoft.Cdn/operationresults/fb983085-2e6b-4a5f-bba1-97ef1310c85c?api-version=2020-09-01",
      "RequestMethod": "GET",
      "RequestHeaders": {
        "Authorization": "Sanitized",
        "User-Agent": [
          "azsdk-net-ResourceManager/1.0.0-beta.3",
          "(.NET 5.0.10; Microsoft Windows 10.0.19043)"
        ],
        "x-ms-client-request-id": "00b3d8cbffd57361db1a33dc72a927a2",
        "x-ms-return-client-request-id": "true"
      },
      "RequestBody": null,
      "StatusCode": 200,
      "ResponseHeaders": {
        "Cache-Control": "no-cache",
        "Content-Length": "62",
        "Content-Type": "application/json; charset=utf-8",
        "Date": "Wed, 22 Sep 2021 06:36:33 GMT",
        "Expires": "-1",
        "Pragma": "no-cache",
        "Server": "Kestrel",
        "Strict-Transport-Security": "max-age=31536000; includeSubDomains",
        "X-Content-Type-Options": "nosniff",
        "x-ms-client-request-id": "00b3d8cbffd57361db1a33dc72a927a2",
        "x-ms-correlation-request-id": "61630050-738a-4566-91b9-08408f9c00c7",
        "x-ms-ratelimit-remaining-subscription-reads": "11934",
        "x-ms-request-id": "1de72984-6aed-454f-8461-c11f8f78c0f3",
        "x-ms-routing-request-id": "SOUTHEASTASIA:20210922T063633Z:61630050-738a-4566-91b9-08408f9c00c7"
      },
      "ResponseBody": {
        "status": "InProgress",
        "error": {
          "code": "None",
          "message": null
        }
      }
    },
    {
      "RequestUri": "https://management.azure.com/subscriptions/f3d94233-a9aa-4241-ac82-2dfb63ce637a/resourcegroups/testRg-4143/providers/Microsoft.Cdn/operationresults/fb983085-2e6b-4a5f-bba1-97ef1310c85c?api-version=2020-09-01",
      "RequestMethod": "GET",
      "RequestHeaders": {
        "Authorization": "Sanitized",
        "User-Agent": [
          "azsdk-net-ResourceManager/1.0.0-beta.3",
          "(.NET 5.0.10; Microsoft Windows 10.0.19043)"
        ],
        "x-ms-client-request-id": "ec5c7c9ad9ece0f3809c6ea36f965717",
        "x-ms-return-client-request-id": "true"
      },
      "RequestBody": null,
      "StatusCode": 200,
      "ResponseHeaders": {
        "Cache-Control": "no-cache",
        "Content-Length": "62",
        "Content-Type": "application/json; charset=utf-8",
        "Date": "Wed, 22 Sep 2021 06:36:33 GMT",
        "Expires": "-1",
        "Pragma": "no-cache",
        "Server": "Kestrel",
        "Strict-Transport-Security": "max-age=31536000; includeSubDomains",
        "X-Content-Type-Options": "nosniff",
        "x-ms-client-request-id": "ec5c7c9ad9ece0f3809c6ea36f965717",
        "x-ms-correlation-request-id": "5d5b1414-994d-4137-8564-b54d200b4fca",
        "x-ms-ratelimit-remaining-subscription-reads": "11933",
        "x-ms-request-id": "49b8f415-8782-4e4d-9b94-eee25a1595a9",
        "x-ms-routing-request-id": "SOUTHEASTASIA:20210922T063633Z:5d5b1414-994d-4137-8564-b54d200b4fca"
      },
      "ResponseBody": {
        "status": "InProgress",
        "error": {
          "code": "None",
          "message": null
        }
      }
    },
    {
      "RequestUri": "https://management.azure.com/subscriptions/f3d94233-a9aa-4241-ac82-2dfb63ce637a/resourcegroups/testRg-4143/providers/Microsoft.Cdn/operationresults/fb983085-2e6b-4a5f-bba1-97ef1310c85c?api-version=2020-09-01",
      "RequestMethod": "GET",
      "RequestHeaders": {
        "Authorization": "Sanitized",
        "User-Agent": [
          "azsdk-net-ResourceManager/1.0.0-beta.3",
          "(.NET 5.0.10; Microsoft Windows 10.0.19043)"
        ],
        "x-ms-client-request-id": "c89a8fc6b94090b37c4d2fa833cb8dce",
        "x-ms-return-client-request-id": "true"
      },
      "RequestBody": null,
      "StatusCode": 200,
      "ResponseHeaders": {
        "Cache-Control": "no-cache",
        "Content-Length": "62",
        "Content-Type": "application/json; charset=utf-8",
        "Date": "Wed, 22 Sep 2021 06:36:33 GMT",
        "Expires": "-1",
        "Pragma": "no-cache",
        "Server": "Kestrel",
        "Strict-Transport-Security": "max-age=31536000; includeSubDomains",
        "X-Content-Type-Options": "nosniff",
        "x-ms-client-request-id": "c89a8fc6b94090b37c4d2fa833cb8dce",
        "x-ms-correlation-request-id": "8ee92f0a-22d8-4a4c-b96f-3afd5cd179b0",
        "x-ms-ratelimit-remaining-subscription-reads": "11932",
        "x-ms-request-id": "2472dc45-dee4-474a-a306-547ab2d4be5c",
        "x-ms-routing-request-id": "SOUTHEASTASIA:20210922T063633Z:8ee92f0a-22d8-4a4c-b96f-3afd5cd179b0"
      },
      "ResponseBody": {
        "status": "InProgress",
        "error": {
          "code": "None",
          "message": null
        }
      }
    },
    {
      "RequestUri": "https://management.azure.com/subscriptions/f3d94233-a9aa-4241-ac82-2dfb63ce637a/resourcegroups/testRg-4143/providers/Microsoft.Cdn/operationresults/fb983085-2e6b-4a5f-bba1-97ef1310c85c?api-version=2020-09-01",
      "RequestMethod": "GET",
      "RequestHeaders": {
        "Authorization": "Sanitized",
        "User-Agent": [
          "azsdk-net-ResourceManager/1.0.0-beta.3",
          "(.NET 5.0.10; Microsoft Windows 10.0.19043)"
        ],
        "x-ms-client-request-id": "7fad400a4126f1f5e5d37f3990be0444",
        "x-ms-return-client-request-id": "true"
      },
      "RequestBody": null,
      "StatusCode": 200,
      "ResponseHeaders": {
        "Cache-Control": "no-cache",
        "Content-Length": "62",
        "Content-Type": "application/json; charset=utf-8",
        "Date": "Wed, 22 Sep 2021 06:36:33 GMT",
        "Expires": "-1",
        "Pragma": "no-cache",
        "Server": "Kestrel",
        "Strict-Transport-Security": "max-age=31536000; includeSubDomains",
        "X-Content-Type-Options": "nosniff",
        "x-ms-client-request-id": "7fad400a4126f1f5e5d37f3990be0444",
        "x-ms-correlation-request-id": "2e82c7c0-b74b-49d6-b977-ffaa80618c69",
        "x-ms-ratelimit-remaining-subscription-reads": "11931",
        "x-ms-request-id": "f2ecffd3-c191-4dc9-b2ad-9c5d963c1a23",
        "x-ms-routing-request-id": "SOUTHEASTASIA:20210922T063634Z:2e82c7c0-b74b-49d6-b977-ffaa80618c69"
      },
      "ResponseBody": {
        "status": "InProgress",
        "error": {
          "code": "None",
          "message": null
        }
      }
    },
    {
      "RequestUri": "https://management.azure.com/subscriptions/f3d94233-a9aa-4241-ac82-2dfb63ce637a/resourcegroups/testRg-4143/providers/Microsoft.Cdn/operationresults/fb983085-2e6b-4a5f-bba1-97ef1310c85c?api-version=2020-09-01",
      "RequestMethod": "GET",
      "RequestHeaders": {
        "Authorization": "Sanitized",
        "User-Agent": [
          "azsdk-net-ResourceManager/1.0.0-beta.3",
          "(.NET 5.0.10; Microsoft Windows 10.0.19043)"
        ],
        "x-ms-client-request-id": "e3161bc35e0fe161c8cc6f9eaa4aacb5",
        "x-ms-return-client-request-id": "true"
      },
      "RequestBody": null,
      "StatusCode": 200,
      "ResponseHeaders": {
        "Cache-Control": "no-cache",
        "Content-Length": "62",
        "Content-Type": "application/json; charset=utf-8",
        "Date": "Wed, 22 Sep 2021 06:36:34 GMT",
        "Expires": "-1",
        "Pragma": "no-cache",
        "Server": "Kestrel",
        "Strict-Transport-Security": "max-age=31536000; includeSubDomains",
        "X-Content-Type-Options": "nosniff",
        "x-ms-client-request-id": "e3161bc35e0fe161c8cc6f9eaa4aacb5",
        "x-ms-correlation-request-id": "e3ef485c-b5d2-440f-9c37-e1e11d4154e8",
        "x-ms-ratelimit-remaining-subscription-reads": "11930",
        "x-ms-request-id": "5d521152-a22f-4bf3-8e72-662b2968522f",
        "x-ms-routing-request-id": "SOUTHEASTASIA:20210922T063634Z:e3ef485c-b5d2-440f-9c37-e1e11d4154e8"
      },
      "ResponseBody": {
        "status": "InProgress",
        "error": {
          "code": "None",
          "message": null
        }
      }
    },
    {
      "RequestUri": "https://management.azure.com/subscriptions/f3d94233-a9aa-4241-ac82-2dfb63ce637a/resourcegroups/testRg-4143/providers/Microsoft.Cdn/operationresults/fb983085-2e6b-4a5f-bba1-97ef1310c85c?api-version=2020-09-01",
      "RequestMethod": "GET",
      "RequestHeaders": {
        "Authorization": "Sanitized",
        "User-Agent": [
          "azsdk-net-ResourceManager/1.0.0-beta.3",
          "(.NET 5.0.10; Microsoft Windows 10.0.19043)"
        ],
        "x-ms-client-request-id": "2f989f0ed8e985f199a8e36c3979ffbe",
        "x-ms-return-client-request-id": "true"
      },
      "RequestBody": null,
      "StatusCode": 200,
      "ResponseHeaders": {
        "Cache-Control": "no-cache",
        "Content-Length": "62",
        "Content-Type": "application/json; charset=utf-8",
        "Date": "Wed, 22 Sep 2021 06:36:34 GMT",
        "Expires": "-1",
        "Pragma": "no-cache",
        "Server": "Kestrel",
        "Strict-Transport-Security": "max-age=31536000; includeSubDomains",
        "X-Content-Type-Options": "nosniff",
        "x-ms-client-request-id": "2f989f0ed8e985f199a8e36c3979ffbe",
        "x-ms-correlation-request-id": "1a0b042b-2f70-46a3-ad30-fe29bb4bec28",
        "x-ms-ratelimit-remaining-subscription-reads": "11929",
        "x-ms-request-id": "d4cc449d-79ae-49ea-8686-d63522d34c24",
        "x-ms-routing-request-id": "SOUTHEASTASIA:20210922T063634Z:1a0b042b-2f70-46a3-ad30-fe29bb4bec28"
      },
      "ResponseBody": {
        "status": "InProgress",
        "error": {
          "code": "None",
          "message": null
        }
      }
    },
    {
      "RequestUri": "https://management.azure.com/subscriptions/f3d94233-a9aa-4241-ac82-2dfb63ce637a/resourcegroups/testRg-4143/providers/Microsoft.Cdn/operationresults/fb983085-2e6b-4a5f-bba1-97ef1310c85c?api-version=2020-09-01",
      "RequestMethod": "GET",
      "RequestHeaders": {
        "Authorization": "Sanitized",
        "User-Agent": [
          "azsdk-net-ResourceManager/1.0.0-beta.3",
          "(.NET 5.0.10; Microsoft Windows 10.0.19043)"
        ],
        "x-ms-client-request-id": "18e4ea49aab4acbfdeccb65ad157479a",
        "x-ms-return-client-request-id": "true"
      },
      "RequestBody": null,
      "StatusCode": 200,
      "ResponseHeaders": {
        "Cache-Control": "no-cache",
        "Content-Length": "62",
        "Content-Type": "application/json; charset=utf-8",
        "Date": "Wed, 22 Sep 2021 06:36:34 GMT",
        "Expires": "-1",
        "Pragma": "no-cache",
        "Server": "Kestrel",
        "Strict-Transport-Security": "max-age=31536000; includeSubDomains",
        "X-Content-Type-Options": "nosniff",
        "x-ms-client-request-id": "18e4ea49aab4acbfdeccb65ad157479a",
        "x-ms-correlation-request-id": "52e25c4e-accb-449a-864a-f01b115c249f",
        "x-ms-ratelimit-remaining-subscription-reads": "11928",
        "x-ms-request-id": "15a80459-d4e5-48ce-8d77-ee8f2705a8d7",
        "x-ms-routing-request-id": "SOUTHEASTASIA:20210922T063635Z:52e25c4e-accb-449a-864a-f01b115c249f"
      },
      "ResponseBody": {
        "status": "InProgress",
        "error": {
          "code": "None",
          "message": null
        }
      }
    },
    {
      "RequestUri": "https://management.azure.com/subscriptions/f3d94233-a9aa-4241-ac82-2dfb63ce637a/resourcegroups/testRg-4143/providers/Microsoft.Cdn/operationresults/fb983085-2e6b-4a5f-bba1-97ef1310c85c?api-version=2020-09-01",
      "RequestMethod": "GET",
      "RequestHeaders": {
        "Authorization": "Sanitized",
        "User-Agent": [
          "azsdk-net-ResourceManager/1.0.0-beta.3",
          "(.NET 5.0.10; Microsoft Windows 10.0.19043)"
        ],
        "x-ms-client-request-id": "f12ac927d426eb5b299149667bf4a74f",
        "x-ms-return-client-request-id": "true"
      },
      "RequestBody": null,
      "StatusCode": 200,
      "ResponseHeaders": {
        "Cache-Control": "no-cache",
        "Content-Length": "62",
        "Content-Type": "application/json; charset=utf-8",
        "Date": "Wed, 22 Sep 2021 06:36:35 GMT",
        "Expires": "-1",
        "Pragma": "no-cache",
        "Server": "Kestrel",
        "Strict-Transport-Security": "max-age=31536000; includeSubDomains",
        "X-Content-Type-Options": "nosniff",
        "x-ms-client-request-id": "f12ac927d426eb5b299149667bf4a74f",
        "x-ms-correlation-request-id": "112d9faa-c45d-4908-8e27-c189487a7c1d",
        "x-ms-ratelimit-remaining-subscription-reads": "11927",
        "x-ms-request-id": "527ddf50-f68c-45fa-a7ad-7de6c4bc19c0",
        "x-ms-routing-request-id": "SOUTHEASTASIA:20210922T063635Z:112d9faa-c45d-4908-8e27-c189487a7c1d"
      },
      "ResponseBody": {
        "status": "InProgress",
        "error": {
          "code": "None",
          "message": null
        }
      }
    },
    {
      "RequestUri": "https://management.azure.com/subscriptions/f3d94233-a9aa-4241-ac82-2dfb63ce637a/resourcegroups/testRg-4143/providers/Microsoft.Cdn/operationresults/fb983085-2e6b-4a5f-bba1-97ef1310c85c?api-version=2020-09-01",
      "RequestMethod": "GET",
      "RequestHeaders": {
        "Authorization": "Sanitized",
        "User-Agent": [
          "azsdk-net-ResourceManager/1.0.0-beta.3",
          "(.NET 5.0.10; Microsoft Windows 10.0.19043)"
        ],
        "x-ms-client-request-id": "c054b1cc94666400e0eb511d2197b341",
        "x-ms-return-client-request-id": "true"
      },
      "RequestBody": null,
      "StatusCode": 200,
      "ResponseHeaders": {
        "Cache-Control": "no-cache",
        "Content-Length": "62",
        "Content-Type": "application/json; charset=utf-8",
        "Date": "Wed, 22 Sep 2021 06:36:35 GMT",
        "Expires": "-1",
        "Pragma": "no-cache",
        "Server": "Kestrel",
        "Strict-Transport-Security": "max-age=31536000; includeSubDomains",
        "X-Content-Type-Options": "nosniff",
        "x-ms-client-request-id": "c054b1cc94666400e0eb511d2197b341",
        "x-ms-correlation-request-id": "194a5f13-9e0f-4efa-958a-9cee19426a1d",
        "x-ms-ratelimit-remaining-subscription-reads": "11926",
        "x-ms-request-id": "11f29f13-3bdb-4bce-8c2a-1eec232904a6",
        "x-ms-routing-request-id": "SOUTHEASTASIA:20210922T063635Z:194a5f13-9e0f-4efa-958a-9cee19426a1d"
      },
      "ResponseBody": {
        "status": "InProgress",
        "error": {
          "code": "None",
          "message": null
        }
      }
    },
    {
      "RequestUri": "https://management.azure.com/subscriptions/f3d94233-a9aa-4241-ac82-2dfb63ce637a/resourcegroups/testRg-4143/providers/Microsoft.Cdn/operationresults/fb983085-2e6b-4a5f-bba1-97ef1310c85c?api-version=2020-09-01",
      "RequestMethod": "GET",
      "RequestHeaders": {
        "Authorization": "Sanitized",
        "User-Agent": [
          "azsdk-net-ResourceManager/1.0.0-beta.3",
          "(.NET 5.0.10; Microsoft Windows 10.0.19043)"
        ],
        "x-ms-client-request-id": "6f4549610e4f74988ff9ef23605831e9",
        "x-ms-return-client-request-id": "true"
      },
      "RequestBody": null,
      "StatusCode": 200,
      "ResponseHeaders": {
        "Cache-Control": "no-cache",
        "Content-Length": "62",
        "Content-Type": "application/json; charset=utf-8",
        "Date": "Wed, 22 Sep 2021 06:36:35 GMT",
        "Expires": "-1",
        "Pragma": "no-cache",
        "Server": "Kestrel",
        "Strict-Transport-Security": "max-age=31536000; includeSubDomains",
        "X-Content-Type-Options": "nosniff",
        "x-ms-client-request-id": "6f4549610e4f74988ff9ef23605831e9",
        "x-ms-correlation-request-id": "29ae83c3-74e7-42e4-aea3-9394e95a44e2",
        "x-ms-ratelimit-remaining-subscription-reads": "11925",
        "x-ms-request-id": "2123bd8a-fcfb-41e8-86aa-8787b9dbc1d3",
        "x-ms-routing-request-id": "SOUTHEASTASIA:20210922T063636Z:29ae83c3-74e7-42e4-aea3-9394e95a44e2"
      },
      "ResponseBody": {
        "status": "InProgress",
        "error": {
          "code": "None",
          "message": null
        }
      }
    },
    {
      "RequestUri": "https://management.azure.com/subscriptions/f3d94233-a9aa-4241-ac82-2dfb63ce637a/resourcegroups/testRg-4143/providers/Microsoft.Cdn/operationresults/fb983085-2e6b-4a5f-bba1-97ef1310c85c?api-version=2020-09-01",
      "RequestMethod": "GET",
      "RequestHeaders": {
        "Authorization": "Sanitized",
        "User-Agent": [
          "azsdk-net-ResourceManager/1.0.0-beta.3",
          "(.NET 5.0.10; Microsoft Windows 10.0.19043)"
        ],
        "x-ms-client-request-id": "208d672486039234c9c5103a833eca91",
        "x-ms-return-client-request-id": "true"
      },
      "RequestBody": null,
      "StatusCode": 200,
      "ResponseHeaders": {
        "Cache-Control": "no-cache",
        "Content-Length": "62",
        "Content-Type": "application/json; charset=utf-8",
        "Date": "Wed, 22 Sep 2021 06:36:36 GMT",
        "Expires": "-1",
        "Pragma": "no-cache",
        "Server": "Kestrel",
        "Strict-Transport-Security": "max-age=31536000; includeSubDomains",
        "X-Content-Type-Options": "nosniff",
        "x-ms-client-request-id": "208d672486039234c9c5103a833eca91",
        "x-ms-correlation-request-id": "523424ef-0f97-49f1-9fd8-9fd329acc36d",
        "x-ms-ratelimit-remaining-subscription-reads": "11924",
        "x-ms-request-id": "6448221d-28c4-4b8d-86cd-22af8607947d",
        "x-ms-routing-request-id": "SOUTHEASTASIA:20210922T063636Z:523424ef-0f97-49f1-9fd8-9fd329acc36d"
      },
      "ResponseBody": {
        "status": "InProgress",
        "error": {
          "code": "None",
          "message": null
        }
      }
    },
    {
      "RequestUri": "https://management.azure.com/subscriptions/f3d94233-a9aa-4241-ac82-2dfb63ce637a/resourcegroups/testRg-4143/providers/Microsoft.Cdn/operationresults/fb983085-2e6b-4a5f-bba1-97ef1310c85c?api-version=2020-09-01",
      "RequestMethod": "GET",
      "RequestHeaders": {
        "Authorization": "Sanitized",
        "User-Agent": [
          "azsdk-net-ResourceManager/1.0.0-beta.3",
          "(.NET 5.0.10; Microsoft Windows 10.0.19043)"
        ],
        "x-ms-client-request-id": "310507dd38aebe0019df306ca5dc0488",
        "x-ms-return-client-request-id": "true"
      },
      "RequestBody": null,
      "StatusCode": 200,
      "ResponseHeaders": {
        "Cache-Control": "no-cache",
        "Content-Length": "62",
        "Content-Type": "application/json; charset=utf-8",
        "Date": "Wed, 22 Sep 2021 06:36:36 GMT",
        "Expires": "-1",
        "Pragma": "no-cache",
        "Server": "Kestrel",
        "Strict-Transport-Security": "max-age=31536000; includeSubDomains",
        "X-Content-Type-Options": "nosniff",
        "x-ms-client-request-id": "310507dd38aebe0019df306ca5dc0488",
        "x-ms-correlation-request-id": "93080edd-5e36-474e-b324-0b628e420c8d",
        "x-ms-ratelimit-remaining-subscription-reads": "11923",
        "x-ms-request-id": "4ed8b51c-a982-4a9c-935b-194ea38e7d82",
        "x-ms-routing-request-id": "SOUTHEASTASIA:20210922T063636Z:93080edd-5e36-474e-b324-0b628e420c8d"
      },
      "ResponseBody": {
        "status": "InProgress",
        "error": {
          "code": "None",
          "message": null
        }
      }
    },
    {
      "RequestUri": "https://management.azure.com/subscriptions/f3d94233-a9aa-4241-ac82-2dfb63ce637a/resourcegroups/testRg-4143/providers/Microsoft.Cdn/operationresults/fb983085-2e6b-4a5f-bba1-97ef1310c85c?api-version=2020-09-01",
      "RequestMethod": "GET",
      "RequestHeaders": {
        "Authorization": "Sanitized",
        "User-Agent": [
          "azsdk-net-ResourceManager/1.0.0-beta.3",
          "(.NET 5.0.10; Microsoft Windows 10.0.19043)"
        ],
        "x-ms-client-request-id": "baf967ba930ada3e14b2a689fd5df151",
        "x-ms-return-client-request-id": "true"
      },
      "RequestBody": null,
      "StatusCode": 200,
      "ResponseHeaders": {
        "Cache-Control": "no-cache",
        "Content-Length": "62",
        "Content-Type": "application/json; charset=utf-8",
        "Date": "Wed, 22 Sep 2021 06:36:37 GMT",
        "Expires": "-1",
        "Pragma": "no-cache",
        "Server": "Kestrel",
        "Strict-Transport-Security": "max-age=31536000; includeSubDomains",
        "X-Content-Type-Options": "nosniff",
        "x-ms-client-request-id": "baf967ba930ada3e14b2a689fd5df151",
        "x-ms-correlation-request-id": "5a5c79c7-1188-41c1-8690-a178e42c4658",
        "x-ms-ratelimit-remaining-subscription-reads": "11922",
        "x-ms-request-id": "084ba2a0-2e7d-400a-a8b7-39a47b111b26",
        "x-ms-routing-request-id": "SOUTHEASTASIA:20210922T063637Z:5a5c79c7-1188-41c1-8690-a178e42c4658"
      },
      "ResponseBody": {
        "status": "InProgress",
        "error": {
          "code": "None",
          "message": null
        }
      }
    },
    {
      "RequestUri": "https://management.azure.com/subscriptions/f3d94233-a9aa-4241-ac82-2dfb63ce637a/resourcegroups/testRg-4143/providers/Microsoft.Cdn/operationresults/fb983085-2e6b-4a5f-bba1-97ef1310c85c?api-version=2020-09-01",
      "RequestMethod": "GET",
      "RequestHeaders": {
        "Authorization": "Sanitized",
        "User-Agent": [
          "azsdk-net-ResourceManager/1.0.0-beta.3",
          "(.NET 5.0.10; Microsoft Windows 10.0.19043)"
        ],
        "x-ms-client-request-id": "58465d2fff53eb3a67cf072355c7edec",
        "x-ms-return-client-request-id": "true"
      },
      "RequestBody": null,
      "StatusCode": 200,
      "ResponseHeaders": {
        "Cache-Control": "no-cache",
        "Content-Length": "62",
        "Content-Type": "application/json; charset=utf-8",
        "Date": "Wed, 22 Sep 2021 06:36:37 GMT",
        "Expires": "-1",
        "Pragma": "no-cache",
        "Server": "Kestrel",
        "Strict-Transport-Security": "max-age=31536000; includeSubDomains",
        "X-Content-Type-Options": "nosniff",
        "x-ms-client-request-id": "58465d2fff53eb3a67cf072355c7edec",
        "x-ms-correlation-request-id": "21ed8829-3ea1-44c9-9063-9125c292fc9f",
        "x-ms-ratelimit-remaining-subscription-reads": "11921",
        "x-ms-request-id": "88915da7-da59-40a7-943d-1f7135f06b69",
        "x-ms-routing-request-id": "SOUTHEASTASIA:20210922T063637Z:21ed8829-3ea1-44c9-9063-9125c292fc9f"
      },
      "ResponseBody": {
        "status": "InProgress",
        "error": {
          "code": "None",
          "message": null
        }
      }
    },
    {
      "RequestUri": "https://management.azure.com/subscriptions/f3d94233-a9aa-4241-ac82-2dfb63ce637a/resourcegroups/testRg-4143/providers/Microsoft.Cdn/operationresults/fb983085-2e6b-4a5f-bba1-97ef1310c85c?api-version=2020-09-01",
      "RequestMethod": "GET",
      "RequestHeaders": {
        "Authorization": "Sanitized",
        "User-Agent": [
          "azsdk-net-ResourceManager/1.0.0-beta.3",
          "(.NET 5.0.10; Microsoft Windows 10.0.19043)"
        ],
        "x-ms-client-request-id": "1c7f87c10f454a87c92a1dfc9177c0bb",
        "x-ms-return-client-request-id": "true"
      },
      "RequestBody": null,
      "StatusCode": 200,
      "ResponseHeaders": {
        "Cache-Control": "no-cache",
        "Content-Length": "62",
        "Content-Type": "application/json; charset=utf-8",
        "Date": "Wed, 22 Sep 2021 06:36:37 GMT",
        "Expires": "-1",
        "Pragma": "no-cache",
        "Server": "Kestrel",
        "Strict-Transport-Security": "max-age=31536000; includeSubDomains",
        "X-Content-Type-Options": "nosniff",
        "x-ms-client-request-id": "1c7f87c10f454a87c92a1dfc9177c0bb",
        "x-ms-correlation-request-id": "55237524-66e9-4f32-8ada-080ad268a3e5",
        "x-ms-ratelimit-remaining-subscription-reads": "11920",
        "x-ms-request-id": "d5fcc8fe-e6f7-448c-8cd6-7e2491ceab6e",
        "x-ms-routing-request-id": "SOUTHEASTASIA:20210922T063638Z:55237524-66e9-4f32-8ada-080ad268a3e5"
      },
      "ResponseBody": {
        "status": "InProgress",
        "error": {
          "code": "None",
          "message": null
        }
      }
    },
    {
      "RequestUri": "https://management.azure.com/subscriptions/f3d94233-a9aa-4241-ac82-2dfb63ce637a/resourcegroups/testRg-4143/providers/Microsoft.Cdn/operationresults/fb983085-2e6b-4a5f-bba1-97ef1310c85c?api-version=2020-09-01",
      "RequestMethod": "GET",
      "RequestHeaders": {
        "Authorization": "Sanitized",
        "User-Agent": [
          "azsdk-net-ResourceManager/1.0.0-beta.3",
          "(.NET 5.0.10; Microsoft Windows 10.0.19043)"
        ],
        "x-ms-client-request-id": "473ddfeeac96bb352c0d533b8b1b854d",
        "x-ms-return-client-request-id": "true"
      },
      "RequestBody": null,
      "StatusCode": 200,
      "ResponseHeaders": {
        "Cache-Control": "no-cache",
        "Content-Length": "62",
        "Content-Type": "application/json; charset=utf-8",
        "Date": "Wed, 22 Sep 2021 06:36:38 GMT",
        "Expires": "-1",
        "Pragma": "no-cache",
        "Server": "Kestrel",
        "Strict-Transport-Security": "max-age=31536000; includeSubDomains",
        "X-Content-Type-Options": "nosniff",
        "x-ms-client-request-id": "473ddfeeac96bb352c0d533b8b1b854d",
        "x-ms-correlation-request-id": "c33cd720-93dd-4f92-b1cf-e0dc2b00d1af",
        "x-ms-ratelimit-remaining-subscription-reads": "11919",
        "x-ms-request-id": "de726a83-f5b3-4a4b-9da5-2bb8ef274127",
        "x-ms-routing-request-id": "SOUTHEASTASIA:20210922T063638Z:c33cd720-93dd-4f92-b1cf-e0dc2b00d1af"
      },
      "ResponseBody": {
        "status": "InProgress",
        "error": {
          "code": "None",
          "message": null
        }
      }
    },
    {
      "RequestUri": "https://management.azure.com/subscriptions/f3d94233-a9aa-4241-ac82-2dfb63ce637a/resourcegroups/testRg-4143/providers/Microsoft.Cdn/operationresults/fb983085-2e6b-4a5f-bba1-97ef1310c85c?api-version=2020-09-01",
      "RequestMethod": "GET",
      "RequestHeaders": {
        "Authorization": "Sanitized",
        "User-Agent": [
          "azsdk-net-ResourceManager/1.0.0-beta.3",
          "(.NET 5.0.10; Microsoft Windows 10.0.19043)"
        ],
        "x-ms-client-request-id": "76c7bac5d5de1f0cd6fb8f28e23e5af0",
        "x-ms-return-client-request-id": "true"
      },
      "RequestBody": null,
      "StatusCode": 200,
      "ResponseHeaders": {
        "Cache-Control": "no-cache",
        "Content-Length": "62",
        "Content-Type": "application/json; charset=utf-8",
        "Date": "Wed, 22 Sep 2021 06:36:38 GMT",
        "Expires": "-1",
        "Pragma": "no-cache",
        "Server": "Kestrel",
        "Strict-Transport-Security": "max-age=31536000; includeSubDomains",
        "X-Content-Type-Options": "nosniff",
        "x-ms-client-request-id": "76c7bac5d5de1f0cd6fb8f28e23e5af0",
        "x-ms-correlation-request-id": "be10f7c1-3acb-4976-a649-c8f267256d19",
        "x-ms-ratelimit-remaining-subscription-reads": "11918",
        "x-ms-request-id": "6f325c36-87e6-43cc-9b08-4db4f8956d22",
        "x-ms-routing-request-id": "SOUTHEASTASIA:20210922T063638Z:be10f7c1-3acb-4976-a649-c8f267256d19"
      },
      "ResponseBody": {
        "status": "InProgress",
        "error": {
          "code": "None",
          "message": null
        }
      }
    },
    {
      "RequestUri": "https://management.azure.com/subscriptions/f3d94233-a9aa-4241-ac82-2dfb63ce637a/resourcegroups/testRg-4143/providers/Microsoft.Cdn/operationresults/fb983085-2e6b-4a5f-bba1-97ef1310c85c?api-version=2020-09-01",
      "RequestMethod": "GET",
      "RequestHeaders": {
        "Authorization": "Sanitized",
        "User-Agent": [
          "azsdk-net-ResourceManager/1.0.0-beta.3",
          "(.NET 5.0.10; Microsoft Windows 10.0.19043)"
        ],
        "x-ms-client-request-id": "75354c0ea689155552c4ef37bc4bbead",
        "x-ms-return-client-request-id": "true"
      },
      "RequestBody": null,
      "StatusCode": 200,
      "ResponseHeaders": {
        "Cache-Control": "no-cache",
        "Content-Length": "61",
        "Content-Type": "application/json; charset=utf-8",
        "Date": "Wed, 22 Sep 2021 06:36:38 GMT",
        "Expires": "-1",
        "Pragma": "no-cache",
        "Server": "Kestrel",
        "Strict-Transport-Security": "max-age=31536000; includeSubDomains",
        "X-Content-Type-Options": "nosniff",
        "x-ms-client-request-id": "75354c0ea689155552c4ef37bc4bbead",
        "x-ms-correlation-request-id": "057ee37a-0918-44f3-b22c-11963b7bc97d",
        "x-ms-ratelimit-remaining-subscription-reads": "11917",
        "x-ms-request-id": "555db3e3-c11f-404b-b7ab-2b72bffa7ba3",
        "x-ms-routing-request-id": "SOUTHEASTASIA:20210922T063639Z:057ee37a-0918-44f3-b22c-11963b7bc97d"
      },
      "ResponseBody": {
        "status": "Succeeded",
        "error": {
          "code": "None",
          "message": null
        }
      }
    },
    {
      "RequestUri": "https://management.azure.com/subscriptions/f3d94233-a9aa-4241-ac82-2dfb63ce637a/resourceGroups/testRg-4143/providers/Microsoft.Cdn/profiles/profile-3005?api-version=2020-09-01",
      "RequestMethod": "GET",
      "RequestHeaders": {
        "Authorization": "Sanitized",
        "User-Agent": [
          "azsdk-net-ResourceManager/1.0.0-beta.3",
          "(.NET 5.0.10; Microsoft Windows 10.0.19043)"
        ],
        "x-ms-client-request-id": "d736cfa54aaf18dcd31e709b1c0cd9ee",
        "x-ms-return-client-request-id": "true"
      },
      "RequestBody": null,
      "StatusCode": 200,
      "ResponseHeaders": {
        "Cache-Control": "no-cache",
        "Content-Length": "338",
        "Content-Type": "application/json; charset=utf-8",
        "Date": "Wed, 22 Sep 2021 06:36:39 GMT",
        "Expires": "-1",
        "Pragma": "no-cache",
        "Server": "Kestrel",
        "Strict-Transport-Security": "max-age=31536000; includeSubDomains",
        "X-Content-Type-Options": "nosniff",
        "x-ms-client-request-id": "d736cfa54aaf18dcd31e709b1c0cd9ee",
        "x-ms-correlation-request-id": "c54557f5-87c3-4b2f-84a5-5a45e66076f9",
        "x-ms-ratelimit-remaining-subscription-resource-requests": "48",
        "x-ms-request-id": "592c4b91-18ca-4596-a721-f95082c3e247",
        "x-ms-routing-request-id": "SOUTHEASTASIA:20210922T063639Z:c54557f5-87c3-4b2f-84a5-5a45e66076f9"
      },
      "ResponseBody": {
        "id": "/subscriptions/f3d94233-a9aa-4241-ac82-2dfb63ce637a/resourcegroups/testRg-4143/providers/Microsoft.Cdn/profiles/profile-3005",
        "type": "Microsoft.Cdn/profiles",
        "name": "profile-3005",
        "location": "WestUs",
        "kind": "cdn",
        "tags": {},
        "sku": {
          "name": "Standard_Microsoft"
        },
        "properties": {
          "resourceState": "Active",
          "provisioningState": "Succeeded"
        }
      }
    },
    {
      "RequestUri": "https://management.azure.com/subscriptions/f3d94233-a9aa-4241-ac82-2dfb63ce637a/resourceGroups/testRg-4143/providers/Microsoft.Cdn/profiles/profile-3005/endpoints/endpoint-7658?api-version=2020-09-01",
      "RequestMethod": "PUT",
      "RequestHeaders": {
        "Accept": "application/json",
        "Authorization": "Sanitized",
        "Content-Length": "827",
        "Content-Type": "application/json",
        "User-Agent": [
          "azsdk-net-ResourceManager.Cdn/1.0.0-alpha.20210922.1",
          "(.NET 5.0.10; Microsoft Windows 10.0.19043)"
        ],
        "x-ms-client-request-id": "e63f2c63c30f641eb2231ae5d4638a3c",
        "x-ms-return-client-request-id": "true"
      },
      "RequestBody": {
        "location": "westus",
        "properties": {
          "isHttpAllowed": true,
          "isHttpsAllowed": true,
          "optimizationType": "GeneralWebDelivery",
          "defaultOriginGroup": {
            "id": "/subscriptions/f3d94233-a9aa-4241-ac82-2dfb63ce637a/resourceGroups/testRg-4143/providers/Microsoft.Cdn/profiles/profile-3005/endpoints/endpoint-7658/originGroups/testOriginGroup"
          },
          "origins": [
            {
              "name": "testOrigin",
              "properties": {
                "hostName": "testsa4dotnetsdk.blob.core.windows.net",
                "priority": 3,
                "weight": 100
              }
            }
          ],
          "originGroups": [
            {
              "name": "testOriginGroup",
              "properties": {
                "healthProbeSettings": {
                  "probePath": "/healthz",
                  "probeRequestType": "HEAD",
                  "probeProtocol": "Https",
                  "probeIntervalInSeconds": 60
                },
                "origins": [
                  {
                    "id": "/subscriptions/f3d94233-a9aa-4241-ac82-2dfb63ce637a/resourceGroups/testRg-4143/providers/Microsoft.Cdn/profiles/profile-3005/endpoints/endpoint-7658/origins/testOrigin"
                  }
                ]
              }
            }
          ]
        }
      },
      "StatusCode": 201,
      "ResponseHeaders": {
        "Azure-AsyncOperation": "https://management.azure.com/subscriptions/f3d94233-a9aa-4241-ac82-2dfb63ce637a/resourcegroups/testRg-4143/providers/Microsoft.Cdn/operationresults/fcd36d64-0746-4ed0-87bc-69bd9547bcf0?api-version=2020-09-01",
        "Cache-Control": "no-cache",
        "Content-Length": "1766",
        "Content-Type": "application/json; charset=utf-8",
        "Date": "Wed, 22 Sep 2021 06:36:43 GMT",
        "Expires": "-1",
        "Pragma": "no-cache",
        "Retry-After": "10",
        "Server": "Kestrel",
        "Strict-Transport-Security": "max-age=31536000; includeSubDomains",
        "X-Content-Type-Options": "nosniff",
        "x-ms-client-request-id": "e63f2c63c30f641eb2231ae5d4638a3c",
        "x-ms-correlation-request-id": "9667b70a-9087-417d-a9e6-e4caeb80f0dc",
        "x-ms-ratelimit-remaining-subscription-resource-requests": "98",
        "x-ms-request-id": "2269b788-5165-496d-961f-4708e0411b1d",
        "x-ms-routing-request-id": "SOUTHEASTASIA:20210922T063644Z:9667b70a-9087-417d-a9e6-e4caeb80f0dc"
      },
      "ResponseBody": {
        "id": "/subscriptions/f3d94233-a9aa-4241-ac82-2dfb63ce637a/resourcegroups/testRg-4143/providers/Microsoft.Cdn/profiles/profile-3005/endpoints/endpoint-7658",
        "type": "Microsoft.Cdn/profiles/endpoints",
        "name": "endpoint-7658",
        "location": "WestUs",
        "tags": {},
        "properties": {
          "hostName": "endpoint-7658.azureedge.net",
          "originHostHeader": null,
          "originPath": null,
          "contentTypesToCompress": [],
          "isCompressionEnabled": false,
          "isHttpAllowed": true,
          "isHttpsAllowed": true,
          "queryStringCachingBehavior": "IgnoreQueryString",
          "optimizationType": "GeneralWebDelivery",
          "probePath": null,
          "origins": [
            {
              "name": "testOrigin",
              "properties": {
                "hostName": "testsa4dotnetsdk.blob.core.windows.net",
                "httpPort": null,
                "httpsPort": null,
                "originHostHeader": null,
                "priority": 3,
                "weight": 100,
                "enabled": true,
                "privateLinkAlias": null,
                "privateLinkResourceId": null,
                "privateLinkLocation": null,
                "privateEndpointStatus": null,
                "privateLinkApprovalMessage": null
              }
            }
          ],
          "originGroups": [
            {
              "name": "testOriginGroup",
              "properties": {
                "healthProbeSettings": {
                  "probePath": "/healthz",
                  "probeRequestType": "HEAD",
                  "probeProtocol": "Https",
                  "probeIntervalInSeconds": 60
                },
                "responseBasedOriginErrorDetectionSettings": null,
                "trafficRestorationTimeToHealedOrNewEndpointsInMinutes": null,
                "origins": [
                  {
                    "id": "/subscriptions/f3d94233-a9aa-4241-ac82-2dfb63ce637a/resourceGroups/testRg-4143/providers/Microsoft.Cdn/profiles/profile-3005/endpoints/endpoint-7658/origins/testOrigin"
                  }
                ]
              }
            }
          ],
          "defaultOriginGroup": {
            "id": "/subscriptions/f3d94233-a9aa-4241-ac82-2dfb63ce637a/resourceGroups/testRg-4143/providers/Microsoft.Cdn/profiles/profile-3005/endpoints/endpoint-7658/originGroups/testOriginGroup"
          },
          "customDomains": [],
          "geoFilters": [],
          "deliveryPolicy": null,
          "urlSigningKeys": null,
          "webApplicationFirewallPolicyLink": null,
          "resourceState": "Creating",
          "provisioningState": "Creating"
        }
      }
    },
    {
      "RequestUri": "https://management.azure.com/subscriptions/f3d94233-a9aa-4241-ac82-2dfb63ce637a/resourcegroups/testRg-4143/providers/Microsoft.Cdn/operationresults/fcd36d64-0746-4ed0-87bc-69bd9547bcf0?api-version=2020-09-01",
      "RequestMethod": "GET",
      "RequestHeaders": {
        "Authorization": "Sanitized",
        "User-Agent": [
          "azsdk-net-ResourceManager/1.0.0-beta.3",
          "(.NET 5.0.10; Microsoft Windows 10.0.19043)"
        ],
        "x-ms-client-request-id": "1f588501c77f0c951872fd26c232ffbb",
        "x-ms-return-client-request-id": "true"
      },
      "RequestBody": null,
      "StatusCode": 200,
      "ResponseHeaders": {
        "Cache-Control": "no-cache",
        "Content-Length": "62",
        "Content-Type": "application/json; charset=utf-8",
        "Date": "Wed, 22 Sep 2021 06:36:43 GMT",
        "Expires": "-1",
        "Pragma": "no-cache",
        "Server": "Kestrel",
        "Strict-Transport-Security": "max-age=31536000; includeSubDomains",
        "X-Content-Type-Options": "nosniff",
        "x-ms-client-request-id": "1f588501c77f0c951872fd26c232ffbb",
        "x-ms-correlation-request-id": "62862939-d5d1-4942-9cf1-ddfdd3994820",
        "x-ms-ratelimit-remaining-subscription-reads": "11916",
        "x-ms-request-id": "b5561f1a-bf15-4de9-bf29-89ad68e36e7d",
        "x-ms-routing-request-id": "SOUTHEASTASIA:20210922T063644Z:62862939-d5d1-4942-9cf1-ddfdd3994820"
      },
      "ResponseBody": {
        "status": "InProgress",
        "error": {
          "code": "None",
          "message": null
        }
      }
    },
    {
      "RequestUri": "https://management.azure.com/subscriptions/f3d94233-a9aa-4241-ac82-2dfb63ce637a/resourcegroups/testRg-4143/providers/Microsoft.Cdn/operationresults/fcd36d64-0746-4ed0-87bc-69bd9547bcf0?api-version=2020-09-01",
      "RequestMethod": "GET",
      "RequestHeaders": {
        "Authorization": "Sanitized",
        "User-Agent": [
          "azsdk-net-ResourceManager/1.0.0-beta.3",
          "(.NET 5.0.10; Microsoft Windows 10.0.19043)"
        ],
        "x-ms-client-request-id": "883a5ee5e6c6222f68d0c96c58e9aab9",
        "x-ms-return-client-request-id": "true"
      },
      "RequestBody": null,
      "StatusCode": 200,
      "ResponseHeaders": {
        "Cache-Control": "no-cache",
        "Content-Length": "62",
        "Content-Type": "application/json; charset=utf-8",
        "Date": "Wed, 22 Sep 2021 06:36:44 GMT",
        "Expires": "-1",
        "Pragma": "no-cache",
        "Server": "Kestrel",
        "Strict-Transport-Security": "max-age=31536000; includeSubDomains",
        "X-Content-Type-Options": "nosniff",
        "x-ms-client-request-id": "883a5ee5e6c6222f68d0c96c58e9aab9",
        "x-ms-correlation-request-id": "1f7a453e-887c-480e-8212-cfd308642a97",
        "x-ms-ratelimit-remaining-subscription-reads": "11915",
        "x-ms-request-id": "5a6dc142-0f5c-4d98-ba57-8e2794810f0e",
        "x-ms-routing-request-id": "SOUTHEASTASIA:20210922T063644Z:1f7a453e-887c-480e-8212-cfd308642a97"
      },
      "ResponseBody": {
        "status": "InProgress",
        "error": {
          "code": "None",
          "message": null
        }
      }
    },
    {
      "RequestUri": "https://management.azure.com/subscriptions/f3d94233-a9aa-4241-ac82-2dfb63ce637a/resourcegroups/testRg-4143/providers/Microsoft.Cdn/operationresults/fcd36d64-0746-4ed0-87bc-69bd9547bcf0?api-version=2020-09-01",
      "RequestMethod": "GET",
      "RequestHeaders": {
        "Authorization": "Sanitized",
        "User-Agent": [
          "azsdk-net-ResourceManager/1.0.0-beta.3",
          "(.NET 5.0.10; Microsoft Windows 10.0.19043)"
        ],
        "x-ms-client-request-id": "4ee42fdd6b0a1abdee06ef10439dace9",
        "x-ms-return-client-request-id": "true"
      },
      "RequestBody": null,
      "StatusCode": 200,
      "ResponseHeaders": {
        "Cache-Control": "no-cache",
        "Content-Length": "62",
        "Content-Type": "application/json; charset=utf-8",
        "Date": "Wed, 22 Sep 2021 06:36:44 GMT",
        "Expires": "-1",
        "Pragma": "no-cache",
        "Server": "Kestrel",
        "Strict-Transport-Security": "max-age=31536000; includeSubDomains",
        "X-Content-Type-Options": "nosniff",
        "x-ms-client-request-id": "4ee42fdd6b0a1abdee06ef10439dace9",
        "x-ms-correlation-request-id": "a6f29ee6-c761-4e01-9b7e-440eb9eca3ca",
        "x-ms-ratelimit-remaining-subscription-reads": "11914",
        "x-ms-request-id": "d32a4871-24bb-4b47-8cd6-0a4620c6209c",
        "x-ms-routing-request-id": "SOUTHEASTASIA:20210922T063645Z:a6f29ee6-c761-4e01-9b7e-440eb9eca3ca"
      },
      "ResponseBody": {
        "status": "InProgress",
        "error": {
          "code": "None",
          "message": null
        }
      }
    },
    {
      "RequestUri": "https://management.azure.com/subscriptions/f3d94233-a9aa-4241-ac82-2dfb63ce637a/resourcegroups/testRg-4143/providers/Microsoft.Cdn/operationresults/fcd36d64-0746-4ed0-87bc-69bd9547bcf0?api-version=2020-09-01",
      "RequestMethod": "GET",
      "RequestHeaders": {
        "Authorization": "Sanitized",
        "User-Agent": [
          "azsdk-net-ResourceManager/1.0.0-beta.3",
          "(.NET 5.0.10; Microsoft Windows 10.0.19043)"
        ],
        "x-ms-client-request-id": "5b4fb0a2bdbd1a245536b7affd28b32e",
        "x-ms-return-client-request-id": "true"
      },
      "RequestBody": null,
      "StatusCode": 200,
      "ResponseHeaders": {
        "Cache-Control": "no-cache",
        "Content-Length": "62",
        "Content-Type": "application/json; charset=utf-8",
        "Date": "Wed, 22 Sep 2021 06:36:44 GMT",
        "Expires": "-1",
        "Pragma": "no-cache",
        "Server": "Kestrel",
        "Strict-Transport-Security": "max-age=31536000; includeSubDomains",
        "X-Content-Type-Options": "nosniff",
        "x-ms-client-request-id": "5b4fb0a2bdbd1a245536b7affd28b32e",
        "x-ms-correlation-request-id": "743bd84d-c6b9-4111-abca-0a806b0e15dd",
        "x-ms-ratelimit-remaining-subscription-reads": "11913",
        "x-ms-request-id": "6838683a-3ed2-4152-873a-63e19689354f",
        "x-ms-routing-request-id": "SOUTHEASTASIA:20210922T063645Z:743bd84d-c6b9-4111-abca-0a806b0e15dd"
      },
      "ResponseBody": {
        "status": "InProgress",
        "error": {
          "code": "None",
          "message": null
        }
      }
    },
    {
      "RequestUri": "https://management.azure.com/subscriptions/f3d94233-a9aa-4241-ac82-2dfb63ce637a/resourcegroups/testRg-4143/providers/Microsoft.Cdn/operationresults/fcd36d64-0746-4ed0-87bc-69bd9547bcf0?api-version=2020-09-01",
      "RequestMethod": "GET",
      "RequestHeaders": {
        "Authorization": "Sanitized",
        "User-Agent": [
          "azsdk-net-ResourceManager/1.0.0-beta.3",
          "(.NET 5.0.10; Microsoft Windows 10.0.19043)"
        ],
        "x-ms-client-request-id": "934844c7b04e79b0a1209ac0f61edfca",
        "x-ms-return-client-request-id": "true"
      },
      "RequestBody": null,
      "StatusCode": 200,
      "ResponseHeaders": {
        "Cache-Control": "no-cache",
        "Content-Length": "62",
        "Content-Type": "application/json; charset=utf-8",
        "Date": "Wed, 22 Sep 2021 06:36:45 GMT",
        "Expires": "-1",
        "Pragma": "no-cache",
        "Server": "Kestrel",
        "Strict-Transport-Security": "max-age=31536000; includeSubDomains",
        "X-Content-Type-Options": "nosniff",
        "x-ms-client-request-id": "934844c7b04e79b0a1209ac0f61edfca",
        "x-ms-correlation-request-id": "6aaa9126-b9be-44c5-95c1-69d9f3987fbc",
        "x-ms-ratelimit-remaining-subscription-reads": "11912",
        "x-ms-request-id": "b394ffe4-7d10-4f69-91a3-6da8e91f7d0a",
        "x-ms-routing-request-id": "SOUTHEASTASIA:20210922T063645Z:6aaa9126-b9be-44c5-95c1-69d9f3987fbc"
      },
      "ResponseBody": {
        "status": "InProgress",
        "error": {
          "code": "None",
          "message": null
        }
      }
    },
    {
      "RequestUri": "https://management.azure.com/subscriptions/f3d94233-a9aa-4241-ac82-2dfb63ce637a/resourcegroups/testRg-4143/providers/Microsoft.Cdn/operationresults/fcd36d64-0746-4ed0-87bc-69bd9547bcf0?api-version=2020-09-01",
      "RequestMethod": "GET",
      "RequestHeaders": {
        "Authorization": "Sanitized",
        "User-Agent": [
          "azsdk-net-ResourceManager/1.0.0-beta.3",
          "(.NET 5.0.10; Microsoft Windows 10.0.19043)"
        ],
        "x-ms-client-request-id": "a8cae0234e9920fb0bc9f9d4b40d1cc5",
        "x-ms-return-client-request-id": "true"
      },
      "RequestBody": null,
      "StatusCode": 200,
      "ResponseHeaders": {
        "Cache-Control": "no-cache",
        "Content-Length": "62",
        "Content-Type": "application/json; charset=utf-8",
        "Date": "Wed, 22 Sep 2021 06:36:45 GMT",
        "Expires": "-1",
        "Pragma": "no-cache",
        "Server": "Kestrel",
        "Strict-Transport-Security": "max-age=31536000; includeSubDomains",
        "X-Content-Type-Options": "nosniff",
        "x-ms-client-request-id": "a8cae0234e9920fb0bc9f9d4b40d1cc5",
        "x-ms-correlation-request-id": "86fbd6a4-9725-445f-9e02-63ae71ac92f1",
        "x-ms-ratelimit-remaining-subscription-reads": "11911",
        "x-ms-request-id": "62b678a4-e764-404c-816d-1d5b6d66cf42",
        "x-ms-routing-request-id": "SOUTHEASTASIA:20210922T063646Z:86fbd6a4-9725-445f-9e02-63ae71ac92f1"
      },
      "ResponseBody": {
        "status": "InProgress",
        "error": {
          "code": "None",
          "message": null
        }
      }
    },
    {
      "RequestUri": "https://management.azure.com/subscriptions/f3d94233-a9aa-4241-ac82-2dfb63ce637a/resourcegroups/testRg-4143/providers/Microsoft.Cdn/operationresults/fcd36d64-0746-4ed0-87bc-69bd9547bcf0?api-version=2020-09-01",
      "RequestMethod": "GET",
      "RequestHeaders": {
        "Authorization": "Sanitized",
        "User-Agent": [
          "azsdk-net-ResourceManager/1.0.0-beta.3",
          "(.NET 5.0.10; Microsoft Windows 10.0.19043)"
        ],
        "x-ms-client-request-id": "fe48c0521955f29bffd5ba9d22632436",
        "x-ms-return-client-request-id": "true"
      },
      "RequestBody": null,
      "StatusCode": 200,
      "ResponseHeaders": {
        "Cache-Control": "no-cache",
        "Content-Length": "62",
        "Content-Type": "application/json; charset=utf-8",
        "Date": "Wed, 22 Sep 2021 06:36:45 GMT",
        "Expires": "-1",
        "Pragma": "no-cache",
        "Server": "Kestrel",
        "Strict-Transport-Security": "max-age=31536000; includeSubDomains",
        "X-Content-Type-Options": "nosniff",
        "x-ms-client-request-id": "fe48c0521955f29bffd5ba9d22632436",
        "x-ms-correlation-request-id": "b4ea5400-2fd1-4f51-ae61-2dbc94216e93",
        "x-ms-ratelimit-remaining-subscription-reads": "11910",
        "x-ms-request-id": "123953f9-72e9-4ff7-a4d7-90714cf4d18a",
        "x-ms-routing-request-id": "SOUTHEASTASIA:20210922T063646Z:b4ea5400-2fd1-4f51-ae61-2dbc94216e93"
      },
      "ResponseBody": {
        "status": "InProgress",
        "error": {
          "code": "None",
          "message": null
        }
      }
    },
    {
      "RequestUri": "https://management.azure.com/subscriptions/f3d94233-a9aa-4241-ac82-2dfb63ce637a/resourcegroups/testRg-4143/providers/Microsoft.Cdn/operationresults/fcd36d64-0746-4ed0-87bc-69bd9547bcf0?api-version=2020-09-01",
      "RequestMethod": "GET",
      "RequestHeaders": {
        "Authorization": "Sanitized",
        "User-Agent": [
          "azsdk-net-ResourceManager/1.0.0-beta.3",
          "(.NET 5.0.10; Microsoft Windows 10.0.19043)"
        ],
        "x-ms-client-request-id": "1d8cec560b5e799548288784b7dcc493",
        "x-ms-return-client-request-id": "true"
      },
      "RequestBody": null,
      "StatusCode": 200,
      "ResponseHeaders": {
        "Cache-Control": "no-cache",
        "Content-Length": "62",
        "Content-Type": "application/json; charset=utf-8",
        "Date": "Wed, 22 Sep 2021 06:36:46 GMT",
        "Expires": "-1",
        "Pragma": "no-cache",
        "Server": "Kestrel",
        "Strict-Transport-Security": "max-age=31536000; includeSubDomains",
        "X-Content-Type-Options": "nosniff",
        "x-ms-client-request-id": "1d8cec560b5e799548288784b7dcc493",
        "x-ms-correlation-request-id": "6d9cc50c-7944-4af7-a6b1-f29e3305fb3a",
        "x-ms-ratelimit-remaining-subscription-reads": "11909",
        "x-ms-request-id": "44dc57da-faef-4502-ba91-e6251bc23e51",
        "x-ms-routing-request-id": "SOUTHEASTASIA:20210922T063646Z:6d9cc50c-7944-4af7-a6b1-f29e3305fb3a"
      },
      "ResponseBody": {
        "status": "InProgress",
        "error": {
          "code": "None",
          "message": null
        }
      }
    },
    {
      "RequestUri": "https://management.azure.com/subscriptions/f3d94233-a9aa-4241-ac82-2dfb63ce637a/resourcegroups/testRg-4143/providers/Microsoft.Cdn/operationresults/fcd36d64-0746-4ed0-87bc-69bd9547bcf0?api-version=2020-09-01",
      "RequestMethod": "GET",
      "RequestHeaders": {
        "Authorization": "Sanitized",
        "User-Agent": [
          "azsdk-net-ResourceManager/1.0.0-beta.3",
          "(.NET 5.0.10; Microsoft Windows 10.0.19043)"
        ],
        "x-ms-client-request-id": "366dd503e0d6097445d8a8c3945dfea7",
        "x-ms-return-client-request-id": "true"
      },
      "RequestBody": null,
      "StatusCode": 200,
      "ResponseHeaders": {
        "Cache-Control": "no-cache",
        "Content-Length": "62",
        "Content-Type": "application/json; charset=utf-8",
        "Date": "Wed, 22 Sep 2021 06:36:46 GMT",
        "Expires": "-1",
        "Pragma": "no-cache",
        "Server": "Kestrel",
        "Strict-Transport-Security": "max-age=31536000; includeSubDomains",
        "X-Content-Type-Options": "nosniff",
        "x-ms-client-request-id": "366dd503e0d6097445d8a8c3945dfea7",
        "x-ms-correlation-request-id": "d5282b9e-7f18-47a1-b703-cf1610f96927",
        "x-ms-ratelimit-remaining-subscription-reads": "11908",
        "x-ms-request-id": "4f7afee6-0079-4459-82a0-ae688de40369",
        "x-ms-routing-request-id": "SOUTHEASTASIA:20210922T063646Z:d5282b9e-7f18-47a1-b703-cf1610f96927"
      },
      "ResponseBody": {
        "status": "InProgress",
        "error": {
          "code": "None",
          "message": null
        }
      }
    },
    {
      "RequestUri": "https://management.azure.com/subscriptions/f3d94233-a9aa-4241-ac82-2dfb63ce637a/resourcegroups/testRg-4143/providers/Microsoft.Cdn/operationresults/fcd36d64-0746-4ed0-87bc-69bd9547bcf0?api-version=2020-09-01",
      "RequestMethod": "GET",
      "RequestHeaders": {
        "Authorization": "Sanitized",
        "User-Agent": [
          "azsdk-net-ResourceManager/1.0.0-beta.3",
          "(.NET 5.0.10; Microsoft Windows 10.0.19043)"
        ],
        "x-ms-client-request-id": "c87dc2a5ff8147662bcfb52d91163a22",
        "x-ms-return-client-request-id": "true"
      },
      "RequestBody": null,
      "StatusCode": 200,
      "ResponseHeaders": {
        "Cache-Control": "no-cache",
        "Content-Length": "62",
        "Content-Type": "application/json; charset=utf-8",
        "Date": "Wed, 22 Sep 2021 06:36:47 GMT",
        "Expires": "-1",
        "Pragma": "no-cache",
        "Server": "Kestrel",
        "Strict-Transport-Security": "max-age=31536000; includeSubDomains",
        "X-Content-Type-Options": "nosniff",
        "x-ms-client-request-id": "c87dc2a5ff8147662bcfb52d91163a22",
        "x-ms-correlation-request-id": "2c1eea80-d0cd-468d-ac63-e512a7000559",
        "x-ms-ratelimit-remaining-subscription-reads": "11907",
        "x-ms-request-id": "fa3fa6b2-6b4f-48b0-b0ab-30024b60320a",
        "x-ms-routing-request-id": "SOUTHEASTASIA:20210922T063647Z:2c1eea80-d0cd-468d-ac63-e512a7000559"
      },
      "ResponseBody": {
        "status": "InProgress",
        "error": {
          "code": "None",
          "message": null
        }
      }
    },
    {
      "RequestUri": "https://management.azure.com/subscriptions/f3d94233-a9aa-4241-ac82-2dfb63ce637a/resourcegroups/testRg-4143/providers/Microsoft.Cdn/operationresults/fcd36d64-0746-4ed0-87bc-69bd9547bcf0?api-version=2020-09-01",
      "RequestMethod": "GET",
      "RequestHeaders": {
        "Authorization": "Sanitized",
        "User-Agent": [
          "azsdk-net-ResourceManager/1.0.0-beta.3",
          "(.NET 5.0.10; Microsoft Windows 10.0.19043)"
        ],
        "x-ms-client-request-id": "4c992610edf675607782d78662d1e4eb",
        "x-ms-return-client-request-id": "true"
      },
      "RequestBody": null,
      "StatusCode": 200,
      "ResponseHeaders": {
        "Cache-Control": "no-cache",
        "Content-Length": "62",
        "Content-Type": "application/json; charset=utf-8",
        "Date": "Wed, 22 Sep 2021 06:36:47 GMT",
        "Expires": "-1",
        "Pragma": "no-cache",
        "Server": "Kestrel",
        "Strict-Transport-Security": "max-age=31536000; includeSubDomains",
        "X-Content-Type-Options": "nosniff",
        "x-ms-client-request-id": "4c992610edf675607782d78662d1e4eb",
        "x-ms-correlation-request-id": "b77f6c3b-3207-4571-a485-bb8d2c7705ca",
        "x-ms-ratelimit-remaining-subscription-reads": "11906",
        "x-ms-request-id": "737e5e42-e349-4b7c-8b74-28f13ec0bf14",
        "x-ms-routing-request-id": "SOUTHEASTASIA:20210922T063648Z:b77f6c3b-3207-4571-a485-bb8d2c7705ca"
      },
      "ResponseBody": {
        "status": "InProgress",
        "error": {
          "code": "None",
          "message": null
        }
      }
    },
    {
      "RequestUri": "https://management.azure.com/subscriptions/f3d94233-a9aa-4241-ac82-2dfb63ce637a/resourcegroups/testRg-4143/providers/Microsoft.Cdn/operationresults/fcd36d64-0746-4ed0-87bc-69bd9547bcf0?api-version=2020-09-01",
      "RequestMethod": "GET",
      "RequestHeaders": {
        "Authorization": "Sanitized",
        "User-Agent": [
          "azsdk-net-ResourceManager/1.0.0-beta.3",
          "(.NET 5.0.10; Microsoft Windows 10.0.19043)"
        ],
        "x-ms-client-request-id": "f4dee029fc5e04116e260a062a47772e",
        "x-ms-return-client-request-id": "true"
      },
      "RequestBody": null,
      "StatusCode": 200,
      "ResponseHeaders": {
        "Cache-Control": "no-cache",
        "Content-Length": "62",
        "Content-Type": "application/json; charset=utf-8",
        "Date": "Wed, 22 Sep 2021 06:36:47 GMT",
        "Expires": "-1",
        "Pragma": "no-cache",
        "Server": "Kestrel",
        "Strict-Transport-Security": "max-age=31536000; includeSubDomains",
        "X-Content-Type-Options": "nosniff",
        "x-ms-client-request-id": "f4dee029fc5e04116e260a062a47772e",
        "x-ms-correlation-request-id": "0c6f9a19-f6fa-4f28-8ffa-ca87d6c1defe",
        "x-ms-ratelimit-remaining-subscription-reads": "11905",
        "x-ms-request-id": "86e72903-a3d3-47d7-8572-1e8f73dee7e3",
        "x-ms-routing-request-id": "SOUTHEASTASIA:20210922T063648Z:0c6f9a19-f6fa-4f28-8ffa-ca87d6c1defe"
      },
      "ResponseBody": {
        "status": "InProgress",
        "error": {
          "code": "None",
          "message": null
        }
      }
    },
    {
      "RequestUri": "https://management.azure.com/subscriptions/f3d94233-a9aa-4241-ac82-2dfb63ce637a/resourcegroups/testRg-4143/providers/Microsoft.Cdn/operationresults/fcd36d64-0746-4ed0-87bc-69bd9547bcf0?api-version=2020-09-01",
      "RequestMethod": "GET",
      "RequestHeaders": {
        "Authorization": "Sanitized",
        "User-Agent": [
          "azsdk-net-ResourceManager/1.0.0-beta.3",
          "(.NET 5.0.10; Microsoft Windows 10.0.19043)"
        ],
        "x-ms-client-request-id": "6eb2869db1c4b7b0610750ff27e0e45a",
        "x-ms-return-client-request-id": "true"
      },
      "RequestBody": null,
      "StatusCode": 200,
      "ResponseHeaders": {
        "Cache-Control": "no-cache",
        "Content-Length": "62",
        "Content-Type": "application/json; charset=utf-8",
        "Date": "Wed, 22 Sep 2021 06:36:48 GMT",
        "Expires": "-1",
        "Pragma": "no-cache",
        "Server": "Kestrel",
        "Strict-Transport-Security": "max-age=31536000; includeSubDomains",
        "X-Content-Type-Options": "nosniff",
        "x-ms-client-request-id": "6eb2869db1c4b7b0610750ff27e0e45a",
        "x-ms-correlation-request-id": "d95c5a51-f2cc-4362-a68a-93e236df221c",
        "x-ms-ratelimit-remaining-subscription-reads": "11904",
        "x-ms-request-id": "ee92e6d9-1b6f-4c84-b028-678ede929983",
        "x-ms-routing-request-id": "SOUTHEASTASIA:20210922T063648Z:d95c5a51-f2cc-4362-a68a-93e236df221c"
      },
      "ResponseBody": {
        "status": "InProgress",
        "error": {
          "code": "None",
          "message": null
        }
      }
    },
    {
      "RequestUri": "https://management.azure.com/subscriptions/f3d94233-a9aa-4241-ac82-2dfb63ce637a/resourcegroups/testRg-4143/providers/Microsoft.Cdn/operationresults/fcd36d64-0746-4ed0-87bc-69bd9547bcf0?api-version=2020-09-01",
      "RequestMethod": "GET",
      "RequestHeaders": {
        "Authorization": "Sanitized",
        "User-Agent": [
          "azsdk-net-ResourceManager/1.0.0-beta.3",
          "(.NET 5.0.10; Microsoft Windows 10.0.19043)"
        ],
        "x-ms-client-request-id": "b103caeb453813c31495ded0e35a4a30",
        "x-ms-return-client-request-id": "true"
      },
      "RequestBody": null,
      "StatusCode": 200,
      "ResponseHeaders": {
        "Cache-Control": "no-cache",
        "Content-Length": "62",
        "Content-Type": "application/json; charset=utf-8",
        "Date": "Wed, 22 Sep 2021 06:36:48 GMT",
        "Expires": "-1",
        "Pragma": "no-cache",
        "Server": "Kestrel",
        "Strict-Transport-Security": "max-age=31536000; includeSubDomains",
        "X-Content-Type-Options": "nosniff",
        "x-ms-client-request-id": "b103caeb453813c31495ded0e35a4a30",
        "x-ms-correlation-request-id": "3642cb35-f5ad-440a-8011-e680c48add6a",
        "x-ms-ratelimit-remaining-subscription-reads": "11903",
        "x-ms-request-id": "76daec98-0131-40e6-9014-90415b34b197",
        "x-ms-routing-request-id": "SOUTHEASTASIA:20210922T063649Z:3642cb35-f5ad-440a-8011-e680c48add6a"
      },
      "ResponseBody": {
        "status": "InProgress",
        "error": {
          "code": "None",
          "message": null
        }
      }
    },
    {
      "RequestUri": "https://management.azure.com/subscriptions/f3d94233-a9aa-4241-ac82-2dfb63ce637a/resourcegroups/testRg-4143/providers/Microsoft.Cdn/operationresults/fcd36d64-0746-4ed0-87bc-69bd9547bcf0?api-version=2020-09-01",
      "RequestMethod": "GET",
      "RequestHeaders": {
        "Authorization": "Sanitized",
        "User-Agent": [
          "azsdk-net-ResourceManager/1.0.0-beta.3",
          "(.NET 5.0.10; Microsoft Windows 10.0.19043)"
        ],
        "x-ms-client-request-id": "dce8a90b761e782730269256ac12dc8e",
        "x-ms-return-client-request-id": "true"
      },
      "RequestBody": null,
      "StatusCode": 200,
      "ResponseHeaders": {
        "Cache-Control": "no-cache",
        "Content-Length": "62",
        "Content-Type": "application/json; charset=utf-8",
        "Date": "Wed, 22 Sep 2021 06:36:48 GMT",
        "Expires": "-1",
        "Pragma": "no-cache",
        "Server": "Kestrel",
        "Strict-Transport-Security": "max-age=31536000; includeSubDomains",
        "X-Content-Type-Options": "nosniff",
        "x-ms-client-request-id": "dce8a90b761e782730269256ac12dc8e",
        "x-ms-correlation-request-id": "b7eee31f-27ad-4204-a32c-1474ee92f63f",
        "x-ms-ratelimit-remaining-subscription-reads": "11902",
        "x-ms-request-id": "ed2fe1d3-74f7-4b8f-807d-d544f1859c50",
        "x-ms-routing-request-id": "SOUTHEASTASIA:20210922T063649Z:b7eee31f-27ad-4204-a32c-1474ee92f63f"
      },
      "ResponseBody": {
        "status": "InProgress",
        "error": {
          "code": "None",
          "message": null
        }
      }
    },
    {
      "RequestUri": "https://management.azure.com/subscriptions/f3d94233-a9aa-4241-ac82-2dfb63ce637a/resourcegroups/testRg-4143/providers/Microsoft.Cdn/operationresults/fcd36d64-0746-4ed0-87bc-69bd9547bcf0?api-version=2020-09-01",
      "RequestMethod": "GET",
      "RequestHeaders": {
        "Authorization": "Sanitized",
        "User-Agent": [
          "azsdk-net-ResourceManager/1.0.0-beta.3",
          "(.NET 5.0.10; Microsoft Windows 10.0.19043)"
        ],
        "x-ms-client-request-id": "5f1bb041c64457f5c29e592ed3e0d407",
        "x-ms-return-client-request-id": "true"
      },
      "RequestBody": null,
      "StatusCode": 200,
      "ResponseHeaders": {
        "Cache-Control": "no-cache",
        "Content-Length": "62",
        "Content-Type": "application/json; charset=utf-8",
        "Date": "Wed, 22 Sep 2021 06:36:49 GMT",
        "Expires": "-1",
        "Pragma": "no-cache",
        "Server": "Kestrel",
        "Strict-Transport-Security": "max-age=31536000; includeSubDomains",
        "X-Content-Type-Options": "nosniff",
        "x-ms-client-request-id": "5f1bb041c64457f5c29e592ed3e0d407",
        "x-ms-correlation-request-id": "73cb965d-471c-49cd-b299-36f95ca49f3a",
        "x-ms-ratelimit-remaining-subscription-reads": "11901",
        "x-ms-request-id": "d30e1753-84fd-4b7b-b217-b8c744adeec9",
        "x-ms-routing-request-id": "SOUTHEASTASIA:20210922T063649Z:73cb965d-471c-49cd-b299-36f95ca49f3a"
      },
      "ResponseBody": {
        "status": "InProgress",
        "error": {
          "code": "None",
          "message": null
        }
      }
    },
    {
      "RequestUri": "https://management.azure.com/subscriptions/f3d94233-a9aa-4241-ac82-2dfb63ce637a/resourcegroups/testRg-4143/providers/Microsoft.Cdn/operationresults/fcd36d64-0746-4ed0-87bc-69bd9547bcf0?api-version=2020-09-01",
      "RequestMethod": "GET",
      "RequestHeaders": {
        "Authorization": "Sanitized",
        "User-Agent": [
          "azsdk-net-ResourceManager/1.0.0-beta.3",
          "(.NET 5.0.10; Microsoft Windows 10.0.19043)"
        ],
        "x-ms-client-request-id": "7ef31fbc08f7753ba38b8011b26c6702",
        "x-ms-return-client-request-id": "true"
      },
      "RequestBody": null,
      "StatusCode": 200,
      "ResponseHeaders": {
        "Cache-Control": "no-cache",
        "Content-Length": "61",
        "Content-Type": "application/json; charset=utf-8",
        "Date": "Wed, 22 Sep 2021 06:36:49 GMT",
        "Expires": "-1",
        "Pragma": "no-cache",
        "Server": "Kestrel",
        "Strict-Transport-Security": "max-age=31536000; includeSubDomains",
        "X-Content-Type-Options": "nosniff",
        "x-ms-client-request-id": "7ef31fbc08f7753ba38b8011b26c6702",
        "x-ms-correlation-request-id": "66ecce4f-46e6-4332-88f1-dde28fe28005",
        "x-ms-ratelimit-remaining-subscription-reads": "11900",
        "x-ms-request-id": "c0c7c955-5643-415a-a38b-c1cefd84e848",
        "x-ms-routing-request-id": "SOUTHEASTASIA:20210922T063650Z:66ecce4f-46e6-4332-88f1-dde28fe28005"
      },
      "ResponseBody": {
        "status": "Succeeded",
        "error": {
          "code": "None",
          "message": null
        }
      }
    },
    {
      "RequestUri": "https://management.azure.com/subscriptions/f3d94233-a9aa-4241-ac82-2dfb63ce637a/resourceGroups/testRg-4143/providers/Microsoft.Cdn/profiles/profile-3005/endpoints/endpoint-7658?api-version=2020-09-01",
      "RequestMethod": "GET",
      "RequestHeaders": {
        "Authorization": "Sanitized",
        "User-Agent": [
          "azsdk-net-ResourceManager/1.0.0-beta.3",
          "(.NET 5.0.10; Microsoft Windows 10.0.19043)"
        ],
        "x-ms-client-request-id": "328e4fb9eb3f45ebb3911a7f1cf8a44f",
        "x-ms-return-client-request-id": "true"
      },
      "RequestBody": null,
      "StatusCode": 200,
      "ResponseHeaders": {
        "Cache-Control": "no-cache",
        "Content-Length": "1766",
        "Content-Type": "application/json; charset=utf-8",
        "Date": "Wed, 22 Sep 2021 06:36:50 GMT",
        "Expires": "-1",
        "Pragma": "no-cache",
        "Server": "Kestrel",
        "Strict-Transport-Security": "max-age=31536000; includeSubDomains",
        "X-Content-Type-Options": "nosniff",
        "x-ms-client-request-id": "328e4fb9eb3f45ebb3911a7f1cf8a44f",
        "x-ms-correlation-request-id": "1cd3038c-c0c1-4386-9367-8bb613d4cfe3",
        "x-ms-ratelimit-remaining-subscription-resource-requests": "48",
        "x-ms-request-id": "db2f7ca3-0914-4408-8517-92c00d5a1d83",
        "x-ms-routing-request-id": "SOUTHEASTASIA:20210922T063650Z:1cd3038c-c0c1-4386-9367-8bb613d4cfe3"
      },
      "ResponseBody": {
        "id": "/subscriptions/f3d94233-a9aa-4241-ac82-2dfb63ce637a/resourcegroups/testRg-4143/providers/Microsoft.Cdn/profiles/profile-3005/endpoints/endpoint-7658",
        "type": "Microsoft.Cdn/profiles/endpoints",
        "name": "endpoint-7658",
        "location": "WestUs",
        "tags": {},
        "properties": {
          "hostName": "endpoint-7658.azureedge.net",
          "originHostHeader": null,
          "originPath": null,
          "contentTypesToCompress": [],
          "isCompressionEnabled": false,
          "isHttpAllowed": true,
          "isHttpsAllowed": true,
          "queryStringCachingBehavior": "IgnoreQueryString",
          "optimizationType": "GeneralWebDelivery",
          "probePath": null,
          "origins": [
            {
              "name": "testOrigin",
              "properties": {
                "hostName": "testsa4dotnetsdk.blob.core.windows.net",
                "httpPort": null,
                "httpsPort": null,
                "originHostHeader": null,
                "priority": 3,
                "weight": 100,
                "enabled": true,
                "privateLinkAlias": null,
                "privateLinkResourceId": null,
                "privateLinkLocation": null,
                "privateEndpointStatus": null,
                "privateLinkApprovalMessage": null
              }
            }
          ],
          "originGroups": [
            {
              "name": "testOriginGroup",
              "properties": {
                "healthProbeSettings": {
                  "probePath": "/healthz",
                  "probeRequestType": "HEAD",
                  "probeProtocol": "Https",
                  "probeIntervalInSeconds": 60
                },
                "responseBasedOriginErrorDetectionSettings": null,
                "trafficRestorationTimeToHealedOrNewEndpointsInMinutes": null,
                "origins": [
                  {
                    "id": "/subscriptions/f3d94233-a9aa-4241-ac82-2dfb63ce637a/resourceGroups/testRg-4143/providers/Microsoft.Cdn/profiles/profile-3005/endpoints/endpoint-7658/origins/testOrigin"
                  }
                ]
              }
            }
          ],
          "defaultOriginGroup": {
            "id": "/subscriptions/f3d94233-a9aa-4241-ac82-2dfb63ce637a/resourceGroups/testRg-4143/providers/Microsoft.Cdn/profiles/profile-3005/endpoints/endpoint-7658/originGroups/testOriginGroup"
          },
          "customDomains": [],
          "geoFilters": [],
          "deliveryPolicy": null,
          "urlSigningKeys": null,
          "webApplicationFirewallPolicyLink": null,
          "resourceState": "Running",
          "provisioningState": "Succeeded"
        }
      }
    },
    {
      "RequestUri": "https://management.azure.com/subscriptions/f3d94233-a9aa-4241-ac82-2dfb63ce637a/resourceGroups/testRg-4143/providers/Microsoft.Cdn/profiles/profile-3005/endpoints/endpoint-7658/origins/origin-121?api-version=2020-09-01",
      "RequestMethod": "PUT",
      "RequestHeaders": {
        "Accept": "application/json",
        "Authorization": "Sanitized",
        "Content-Length": "94",
        "Content-Type": "application/json",
        "User-Agent": [
          "azsdk-net-ResourceManager.Cdn/1.0.0-alpha.20210922.1",
          "(.NET 5.0.10; Microsoft Windows 10.0.19043)"
        ],
        "x-ms-client-request-id": "1e8d9a8b965d7538a5bcb945e4a45537",
        "x-ms-return-client-request-id": "true"
      },
      "RequestBody": {
        "properties": {
          "hostName": "testsa4dotnetsdk.blob.core.windows.net",
          "priority": 1,
          "weight": 150
        }
      },
      "StatusCode": 201,
      "ResponseHeaders": {
        "Azure-AsyncOperation": "https://management.azure.com/subscriptions/f3d94233-a9aa-4241-ac82-2dfb63ce637a/resourcegroups/testRg-4143/providers/Microsoft.Cdn/operationresults/214c48f1-e3f2-4116-b63e-1af0e3cb4280?api-version=2020-09-01",
        "Cache-Control": "no-cache",
        "Content-Length": "612",
        "Content-Type": "application/json; charset=utf-8",
        "Date": "Wed, 22 Sep 2021 06:36:51 GMT",
        "Expires": "-1",
        "Pragma": "no-cache",
        "Retry-After": "10",
        "Server": "Kestrel",
        "Strict-Transport-Security": "max-age=31536000; includeSubDomains",
        "X-Content-Type-Options": "nosniff",
        "x-ms-client-request-id": "1e8d9a8b965d7538a5bcb945e4a45537",
        "x-ms-correlation-request-id": "4aa7840c-21a1-4d5b-adc6-8c4c09ae1bec",
        "x-ms-ratelimit-remaining-subscription-writes": "1196",
        "x-ms-request-id": "ba2d657a-bb4a-48b6-814d-7dcfd821d0b1",
        "x-ms-routing-request-id": "SOUTHEASTASIA:20210922T063652Z:4aa7840c-21a1-4d5b-adc6-8c4c09ae1bec"
      },
      "ResponseBody": {
        "id": "/subscriptions/f3d94233-a9aa-4241-ac82-2dfb63ce637a/resourcegroups/testRg-4143/providers/Microsoft.Cdn/profiles/profile-3005/endpoints/endpoint-7658/origins/origin-121",
        "type": "Microsoft.Cdn/profiles/endpoints/origins",
        "name": "origin-121",
        "properties": {
          "hostName": "testsa4dotnetsdk.blob.core.windows.net",
          "httpPort": null,
          "httpsPort": null,
          "resourceState": "Creating",
          "originHostHeader": null,
          "priority": 1,
          "weight": 150,
          "enabled": true,
          "privateLinkAlias": null,
          "privateLinkResourceId": null,
          "privateLinkLocation": null,
          "privateEndpointStatus": null,
          "privateLinkApprovalMessage": null,
          "provisioningState": "Creating"
        }
      }
    },
    {
      "RequestUri": "https://management.azure.com/subscriptions/f3d94233-a9aa-4241-ac82-2dfb63ce637a/resourcegroups/testRg-4143/providers/Microsoft.Cdn/operationresults/214c48f1-e3f2-4116-b63e-1af0e3cb4280?api-version=2020-09-01",
      "RequestMethod": "GET",
      "RequestHeaders": {
        "Authorization": "Sanitized",
        "User-Agent": [
          "azsdk-net-ResourceManager/1.0.0-beta.3",
          "(.NET 5.0.10; Microsoft Windows 10.0.19043)"
        ],
        "x-ms-client-request-id": "d227bf31e3dab95b56bd992f32ffcfec",
        "x-ms-return-client-request-id": "true"
      },
      "RequestBody": null,
      "StatusCode": 200,
      "ResponseHeaders": {
        "Cache-Control": "no-cache",
        "Content-Length": "62",
        "Content-Type": "application/json; charset=utf-8",
        "Date": "Wed, 22 Sep 2021 06:36:51 GMT",
        "Expires": "-1",
        "Pragma": "no-cache",
        "Server": "Kestrel",
        "Strict-Transport-Security": "max-age=31536000; includeSubDomains",
        "X-Content-Type-Options": "nosniff",
        "x-ms-client-request-id": "d227bf31e3dab95b56bd992f32ffcfec",
        "x-ms-correlation-request-id": "8e18d337-8079-4cf9-b49f-176bcf58616a",
        "x-ms-ratelimit-remaining-subscription-reads": "11899",
        "x-ms-request-id": "1deff72a-86b3-442a-a84a-62ce02f92d40",
        "x-ms-routing-request-id": "SOUTHEASTASIA:20210922T063652Z:8e18d337-8079-4cf9-b49f-176bcf58616a"
      },
      "ResponseBody": {
        "status": "InProgress",
        "error": {
          "code": "None",
          "message": null
        }
      }
    },
    {
      "RequestUri": "https://management.azure.com/subscriptions/f3d94233-a9aa-4241-ac82-2dfb63ce637a/resourcegroups/testRg-4143/providers/Microsoft.Cdn/operationresults/214c48f1-e3f2-4116-b63e-1af0e3cb4280?api-version=2020-09-01",
      "RequestMethod": "GET",
      "RequestHeaders": {
        "Authorization": "Sanitized",
        "User-Agent": [
          "azsdk-net-ResourceManager/1.0.0-beta.3",
          "(.NET 5.0.10; Microsoft Windows 10.0.19043)"
        ],
        "x-ms-client-request-id": "83c548c4fe20c2b0c85870932f4ab94d",
        "x-ms-return-client-request-id": "true"
      },
      "RequestBody": null,
      "StatusCode": 200,
      "ResponseHeaders": {
        "Cache-Control": "no-cache",
        "Content-Length": "62",
        "Content-Type": "application/json; charset=utf-8",
        "Date": "Wed, 22 Sep 2021 06:36:52 GMT",
        "Expires": "-1",
        "Pragma": "no-cache",
        "Server": "Kestrel",
        "Strict-Transport-Security": "max-age=31536000; includeSubDomains",
        "X-Content-Type-Options": "nosniff",
        "x-ms-client-request-id": "83c548c4fe20c2b0c85870932f4ab94d",
        "x-ms-correlation-request-id": "6aac4161-4b23-48d4-8171-bb53d7c6e1a9",
        "x-ms-ratelimit-remaining-subscription-reads": "11898",
        "x-ms-request-id": "251c1c90-1f92-49f4-be98-292251a365b2",
        "x-ms-routing-request-id": "SOUTHEASTASIA:20210922T063652Z:6aac4161-4b23-48d4-8171-bb53d7c6e1a9"
      },
      "ResponseBody": {
        "status": "InProgress",
        "error": {
          "code": "None",
          "message": null
        }
      }
    },
    {
      "RequestUri": "https://management.azure.com/subscriptions/f3d94233-a9aa-4241-ac82-2dfb63ce637a/resourcegroups/testRg-4143/providers/Microsoft.Cdn/operationresults/214c48f1-e3f2-4116-b63e-1af0e3cb4280?api-version=2020-09-01",
      "RequestMethod": "GET",
      "RequestHeaders": {
        "Authorization": "Sanitized",
        "User-Agent": [
          "azsdk-net-ResourceManager/1.0.0-beta.3",
          "(.NET 5.0.10; Microsoft Windows 10.0.19043)"
        ],
        "x-ms-client-request-id": "2414d210827d735d19cafbe42fa201ae",
        "x-ms-return-client-request-id": "true"
      },
      "RequestBody": null,
      "StatusCode": 200,
      "ResponseHeaders": {
        "Cache-Control": "no-cache",
        "Content-Length": "62",
        "Content-Type": "application/json; charset=utf-8",
        "Date": "Wed, 22 Sep 2021 06:36:52 GMT",
        "Expires": "-1",
        "Pragma": "no-cache",
        "Server": "Kestrel",
        "Strict-Transport-Security": "max-age=31536000; includeSubDomains",
        "X-Content-Type-Options": "nosniff",
        "x-ms-client-request-id": "2414d210827d735d19cafbe42fa201ae",
        "x-ms-correlation-request-id": "608eafd0-c17a-40e4-9caa-07b93ab9a8d0",
        "x-ms-ratelimit-remaining-subscription-reads": "11897",
        "x-ms-request-id": "4e5923f1-f984-4118-9222-e16974bbc8ee",
        "x-ms-routing-request-id": "SOUTHEASTASIA:20210922T063653Z:608eafd0-c17a-40e4-9caa-07b93ab9a8d0"
      },
      "ResponseBody": {
        "status": "InProgress",
        "error": {
          "code": "None",
          "message": null
        }
      }
    },
    {
      "RequestUri": "https://management.azure.com/subscriptions/f3d94233-a9aa-4241-ac82-2dfb63ce637a/resourcegroups/testRg-4143/providers/Microsoft.Cdn/operationresults/214c48f1-e3f2-4116-b63e-1af0e3cb4280?api-version=2020-09-01",
      "RequestMethod": "GET",
      "RequestHeaders": {
        "Authorization": "Sanitized",
        "User-Agent": [
          "azsdk-net-ResourceManager/1.0.0-beta.3",
          "(.NET 5.0.10; Microsoft Windows 10.0.19043)"
        ],
        "x-ms-client-request-id": "73297afb279233c50f650a8173c8890b",
        "x-ms-return-client-request-id": "true"
      },
      "RequestBody": null,
      "StatusCode": 200,
      "ResponseHeaders": {
        "Cache-Control": "no-cache",
        "Content-Length": "62",
        "Content-Type": "application/json; charset=utf-8",
        "Date": "Wed, 22 Sep 2021 06:36:52 GMT",
        "Expires": "-1",
        "Pragma": "no-cache",
        "Server": "Kestrel",
        "Strict-Transport-Security": "max-age=31536000; includeSubDomains",
        "X-Content-Type-Options": "nosniff",
        "x-ms-client-request-id": "73297afb279233c50f650a8173c8890b",
        "x-ms-correlation-request-id": "f0af4d1f-8e65-4198-94b3-d49e6e40b7e7",
        "x-ms-ratelimit-remaining-subscription-reads": "11896",
        "x-ms-request-id": "f94e5dc8-460d-4896-b4b6-1430b38ca814",
        "x-ms-routing-request-id": "SOUTHEASTASIA:20210922T063653Z:f0af4d1f-8e65-4198-94b3-d49e6e40b7e7"
      },
      "ResponseBody": {
        "status": "InProgress",
        "error": {
          "code": "None",
          "message": null
        }
      }
    },
    {
      "RequestUri": "https://management.azure.com/subscriptions/f3d94233-a9aa-4241-ac82-2dfb63ce637a/resourcegroups/testRg-4143/providers/Microsoft.Cdn/operationresults/214c48f1-e3f2-4116-b63e-1af0e3cb4280?api-version=2020-09-01",
      "RequestMethod": "GET",
      "RequestHeaders": {
        "Authorization": "Sanitized",
        "User-Agent": [
          "azsdk-net-ResourceManager/1.0.0-beta.3",
          "(.NET 5.0.10; Microsoft Windows 10.0.19043)"
        ],
        "x-ms-client-request-id": "601e4b03aaeb426fea526a5602cc9325",
        "x-ms-return-client-request-id": "true"
      },
      "RequestBody": null,
      "StatusCode": 200,
      "ResponseHeaders": {
        "Cache-Control": "no-cache",
        "Content-Length": "62",
        "Content-Type": "application/json; charset=utf-8",
        "Date": "Wed, 22 Sep 2021 06:36:53 GMT",
        "Expires": "-1",
        "Pragma": "no-cache",
        "Server": "Kestrel",
        "Strict-Transport-Security": "max-age=31536000; includeSubDomains",
        "X-Content-Type-Options": "nosniff",
        "x-ms-client-request-id": "601e4b03aaeb426fea526a5602cc9325",
        "x-ms-correlation-request-id": "5204f4b5-5591-419b-b028-c43ad6844597",
        "x-ms-ratelimit-remaining-subscription-reads": "11895",
        "x-ms-request-id": "a88c0b8b-6c58-40af-90c0-0398255a9c66",
        "x-ms-routing-request-id": "SOUTHEASTASIA:20210922T063654Z:5204f4b5-5591-419b-b028-c43ad6844597"
      },
      "ResponseBody": {
        "status": "InProgress",
        "error": {
          "code": "None",
          "message": null
        }
      }
    },
    {
      "RequestUri": "https://management.azure.com/subscriptions/f3d94233-a9aa-4241-ac82-2dfb63ce637a/resourcegroups/testRg-4143/providers/Microsoft.Cdn/operationresults/214c48f1-e3f2-4116-b63e-1af0e3cb4280?api-version=2020-09-01",
      "RequestMethod": "GET",
      "RequestHeaders": {
        "Authorization": "Sanitized",
        "User-Agent": [
          "azsdk-net-ResourceManager/1.0.0-beta.3",
          "(.NET 5.0.10; Microsoft Windows 10.0.19043)"
        ],
        "x-ms-client-request-id": "b597c1574620e9bb0ce1151777dc0050",
        "x-ms-return-client-request-id": "true"
      },
      "RequestBody": null,
      "StatusCode": 200,
      "ResponseHeaders": {
        "Cache-Control": "no-cache",
        "Content-Length": "62",
        "Content-Type": "application/json; charset=utf-8",
        "Date": "Wed, 22 Sep 2021 06:36:54 GMT",
        "Expires": "-1",
        "Pragma": "no-cache",
        "Server": "Kestrel",
        "Strict-Transport-Security": "max-age=31536000; includeSubDomains",
        "X-Content-Type-Options": "nosniff",
        "x-ms-client-request-id": "b597c1574620e9bb0ce1151777dc0050",
        "x-ms-correlation-request-id": "85121a25-393d-4eff-9031-68e2a46a6120",
        "x-ms-ratelimit-remaining-subscription-reads": "11894",
        "x-ms-request-id": "b6cf56eb-610a-40b9-98a4-a5b2b718e38b",
        "x-ms-routing-request-id": "SOUTHEASTASIA:20210922T063654Z:85121a25-393d-4eff-9031-68e2a46a6120"
      },
      "ResponseBody": {
        "status": "InProgress",
        "error": {
          "code": "None",
          "message": null
        }
      }
    },
    {
      "RequestUri": "https://management.azure.com/subscriptions/f3d94233-a9aa-4241-ac82-2dfb63ce637a/resourcegroups/testRg-4143/providers/Microsoft.Cdn/operationresults/214c48f1-e3f2-4116-b63e-1af0e3cb4280?api-version=2020-09-01",
      "RequestMethod": "GET",
      "RequestHeaders": {
        "Authorization": "Sanitized",
        "User-Agent": [
          "azsdk-net-ResourceManager/1.0.0-beta.3",
          "(.NET 5.0.10; Microsoft Windows 10.0.19043)"
        ],
        "x-ms-client-request-id": "e3e0ef41a18450c30be7883fbd6f3043",
        "x-ms-return-client-request-id": "true"
      },
      "RequestBody": null,
      "StatusCode": 200,
      "ResponseHeaders": {
        "Cache-Control": "no-cache",
        "Content-Length": "62",
        "Content-Type": "application/json; charset=utf-8",
        "Date": "Wed, 22 Sep 2021 06:36:54 GMT",
        "Expires": "-1",
        "Pragma": "no-cache",
        "Server": "Kestrel",
        "Strict-Transport-Security": "max-age=31536000; includeSubDomains",
        "X-Content-Type-Options": "nosniff",
        "x-ms-client-request-id": "e3e0ef41a18450c30be7883fbd6f3043",
        "x-ms-correlation-request-id": "e245e8ea-cdd7-4d27-bc5f-838656899547",
        "x-ms-ratelimit-remaining-subscription-reads": "11893",
        "x-ms-request-id": "60074b84-cb95-4f11-8948-5f6d770f688e",
        "x-ms-routing-request-id": "SOUTHEASTASIA:20210922T063654Z:e245e8ea-cdd7-4d27-bc5f-838656899547"
      },
      "ResponseBody": {
        "status": "InProgress",
        "error": {
          "code": "None",
          "message": null
        }
      }
    },
    {
      "RequestUri": "https://management.azure.com/subscriptions/f3d94233-a9aa-4241-ac82-2dfb63ce637a/resourcegroups/testRg-4143/providers/Microsoft.Cdn/operationresults/214c48f1-e3f2-4116-b63e-1af0e3cb4280?api-version=2020-09-01",
      "RequestMethod": "GET",
      "RequestHeaders": {
        "Authorization": "Sanitized",
        "User-Agent": [
          "azsdk-net-ResourceManager/1.0.0-beta.3",
          "(.NET 5.0.10; Microsoft Windows 10.0.19043)"
        ],
        "x-ms-client-request-id": "b129e5d1d330bdeb9035530a9557ca0d",
        "x-ms-return-client-request-id": "true"
      },
      "RequestBody": null,
      "StatusCode": 200,
      "ResponseHeaders": {
        "Cache-Control": "no-cache",
        "Content-Length": "62",
        "Content-Type": "application/json; charset=utf-8",
        "Date": "Wed, 22 Sep 2021 06:36:54 GMT",
        "Expires": "-1",
        "Pragma": "no-cache",
        "Server": "Kestrel",
        "Strict-Transport-Security": "max-age=31536000; includeSubDomains",
        "X-Content-Type-Options": "nosniff",
        "x-ms-client-request-id": "b129e5d1d330bdeb9035530a9557ca0d",
        "x-ms-correlation-request-id": "b1a451b9-58a3-44b3-a19e-6071039ab89d",
        "x-ms-ratelimit-remaining-subscription-reads": "11892",
        "x-ms-request-id": "31b95e32-1d9a-484e-a59a-75969645f431",
        "x-ms-routing-request-id": "SOUTHEASTASIA:20210922T063655Z:b1a451b9-58a3-44b3-a19e-6071039ab89d"
      },
      "ResponseBody": {
        "status": "InProgress",
        "error": {
          "code": "None",
          "message": null
        }
      }
    },
    {
      "RequestUri": "https://management.azure.com/subscriptions/f3d94233-a9aa-4241-ac82-2dfb63ce637a/resourcegroups/testRg-4143/providers/Microsoft.Cdn/operationresults/214c48f1-e3f2-4116-b63e-1af0e3cb4280?api-version=2020-09-01",
      "RequestMethod": "GET",
      "RequestHeaders": {
        "Authorization": "Sanitized",
        "User-Agent": [
          "azsdk-net-ResourceManager/1.0.0-beta.3",
          "(.NET 5.0.10; Microsoft Windows 10.0.19043)"
        ],
        "x-ms-client-request-id": "12141952afecb5a0fe46aa38bd7b2b9d",
        "x-ms-return-client-request-id": "true"
      },
      "RequestBody": null,
      "StatusCode": 200,
      "ResponseHeaders": {
        "Cache-Control": "no-cache",
        "Content-Length": "62",
        "Content-Type": "application/json; charset=utf-8",
        "Date": "Wed, 22 Sep 2021 06:36:54 GMT",
        "Expires": "-1",
        "Pragma": "no-cache",
        "Server": "Kestrel",
        "Strict-Transport-Security": "max-age=31536000; includeSubDomains",
        "X-Content-Type-Options": "nosniff",
        "x-ms-client-request-id": "12141952afecb5a0fe46aa38bd7b2b9d",
        "x-ms-correlation-request-id": "e0d299cf-6e1f-48c5-a16e-69271a6e0bf6",
        "x-ms-ratelimit-remaining-subscription-reads": "11891",
        "x-ms-request-id": "6bc00e5b-9a21-46f2-923f-de37246c1686",
        "x-ms-routing-request-id": "SOUTHEASTASIA:20210922T063655Z:e0d299cf-6e1f-48c5-a16e-69271a6e0bf6"
      },
      "ResponseBody": {
        "status": "InProgress",
        "error": {
          "code": "None",
          "message": null
        }
      }
    },
    {
      "RequestUri": "https://management.azure.com/subscriptions/f3d94233-a9aa-4241-ac82-2dfb63ce637a/resourcegroups/testRg-4143/providers/Microsoft.Cdn/operationresults/214c48f1-e3f2-4116-b63e-1af0e3cb4280?api-version=2020-09-01",
      "RequestMethod": "GET",
      "RequestHeaders": {
        "Authorization": "Sanitized",
        "User-Agent": [
          "azsdk-net-ResourceManager/1.0.0-beta.3",
          "(.NET 5.0.10; Microsoft Windows 10.0.19043)"
        ],
        "x-ms-client-request-id": "9246d1b04fb26d1f0422534f4eb8bab3",
        "x-ms-return-client-request-id": "true"
      },
      "RequestBody": null,
      "StatusCode": 200,
      "ResponseHeaders": {
        "Cache-Control": "no-cache",
        "Content-Length": "61",
        "Content-Type": "application/json; charset=utf-8",
        "Date": "Wed, 22 Sep 2021 06:36:55 GMT",
        "Expires": "-1",
        "Pragma": "no-cache",
        "Server": "Kestrel",
        "Strict-Transport-Security": "max-age=31536000; includeSubDomains",
        "X-Content-Type-Options": "nosniff",
        "x-ms-client-request-id": "9246d1b04fb26d1f0422534f4eb8bab3",
        "x-ms-correlation-request-id": "efe11e4b-a7d4-4da0-bd64-8b556de7c254",
        "x-ms-ratelimit-remaining-subscription-reads": "11890",
        "x-ms-request-id": "720a52b6-6ab0-4339-bfc1-b3190a85995d",
        "x-ms-routing-request-id": "SOUTHEASTASIA:20210922T063655Z:efe11e4b-a7d4-4da0-bd64-8b556de7c254"
      },
      "ResponseBody": {
        "status": "Succeeded",
        "error": {
          "code": "None",
          "message": null
        }
      }
    },
    {
      "RequestUri": "https://management.azure.com/subscriptions/f3d94233-a9aa-4241-ac82-2dfb63ce637a/resourceGroups/testRg-4143/providers/Microsoft.Cdn/profiles/profile-3005/endpoints/endpoint-7658/origins/origin-121?api-version=2020-09-01",
      "RequestMethod": "GET",
      "RequestHeaders": {
        "Authorization": "Sanitized",
        "User-Agent": [
          "azsdk-net-ResourceManager/1.0.0-beta.3",
          "(.NET 5.0.10; Microsoft Windows 10.0.19043)"
        ],
        "x-ms-client-request-id": "a3ed7a1d1d5a22574474b2ea29b2ff15",
        "x-ms-return-client-request-id": "true"
      },
      "RequestBody": null,
      "StatusCode": 200,
      "ResponseHeaders": {
        "Cache-Control": "no-cache",
        "Content-Length": "611",
        "Content-Type": "application/json; charset=utf-8",
        "Date": "Wed, 22 Sep 2021 06:36:55 GMT",
        "Expires": "-1",
        "Pragma": "no-cache",
        "Server": "Kestrel",
        "Strict-Transport-Security": "max-age=31536000; includeSubDomains",
        "X-Content-Type-Options": "nosniff",
        "x-ms-client-request-id": "a3ed7a1d1d5a22574474b2ea29b2ff15",
        "x-ms-correlation-request-id": "534d2fb1-de1c-4d88-953b-f8a2c4ab4420",
        "x-ms-ratelimit-remaining-subscription-reads": "11889",
        "x-ms-request-id": "c71df8fa-65ee-454c-ad0a-abed0a4ad82f",
        "x-ms-routing-request-id": "SOUTHEASTASIA:20210922T063656Z:534d2fb1-de1c-4d88-953b-f8a2c4ab4420"
      },
      "ResponseBody": {
        "id": "/subscriptions/f3d94233-a9aa-4241-ac82-2dfb63ce637a/resourcegroups/testRg-4143/providers/Microsoft.Cdn/profiles/profile-3005/endpoints/endpoint-7658/origins/origin-121",
        "type": "Microsoft.Cdn/profiles/endpoints/origins",
        "name": "origin-121",
        "properties": {
          "hostName": "testsa4dotnetsdk.blob.core.windows.net",
          "httpPort": null,
          "httpsPort": null,
          "resourceState": "Active",
          "originHostHeader": null,
          "priority": 1,
          "weight": 150,
          "enabled": true,
          "privateLinkAlias": null,
          "privateLinkResourceId": null,
          "privateLinkLocation": null,
          "privateEndpointStatus": null,
          "privateLinkApprovalMessage": null,
          "provisioningState": "Succeeded"
        }
      }
    },
    {
      "RequestUri": "https://management.azure.com/subscriptions/f3d94233-a9aa-4241-ac82-2dfb63ce637a/resourceGroups/testRg-4143/providers/Microsoft.Cdn/profiles/profile-3005/endpoints/endpoint-7658/origins/origin-121?api-version=2020-09-01",
      "RequestMethod": "GET",
      "RequestHeaders": {
        "Accept": "application/json",
        "Authorization": "Sanitized",
        "User-Agent": [
          "azsdk-net-ResourceManager.Cdn/1.0.0-alpha.20210922.1",
          "(.NET 5.0.10; Microsoft Windows 10.0.19043)"
        ],
        "x-ms-client-request-id": "c459b5093711035bfaa70ec95c516746",
        "x-ms-return-client-request-id": "true"
      },
      "RequestBody": null,
      "StatusCode": 200,
      "ResponseHeaders": {
        "Cache-Control": "no-cache",
        "Content-Length": "611",
        "Content-Type": "application/json; charset=utf-8",
        "Date": "Wed, 22 Sep 2021 06:36:56 GMT",
        "Expires": "-1",
        "Pragma": "no-cache",
        "Server": "Kestrel",
        "Strict-Transport-Security": "max-age=31536000; includeSubDomains",
        "X-Content-Type-Options": "nosniff",
        "x-ms-client-request-id": "c459b5093711035bfaa70ec95c516746",
        "x-ms-correlation-request-id": "b79dab4e-5b54-406f-841c-05fd5838a9e7",
        "x-ms-ratelimit-remaining-subscription-reads": "11888",
        "x-ms-request-id": "5d347684-3da8-4456-9135-d6df5c9e1861",
        "x-ms-routing-request-id": "SOUTHEASTASIA:20210922T063656Z:b79dab4e-5b54-406f-841c-05fd5838a9e7"
      },
      "ResponseBody": {
        "id": "/subscriptions/f3d94233-a9aa-4241-ac82-2dfb63ce637a/resourcegroups/testRg-4143/providers/Microsoft.Cdn/profiles/profile-3005/endpoints/endpoint-7658/origins/origin-121",
        "type": "Microsoft.Cdn/profiles/endpoints/origins",
        "name": "origin-121",
        "properties": {
          "hostName": "testsa4dotnetsdk.blob.core.windows.net",
          "httpPort": null,
          "httpsPort": null,
          "resourceState": "Active",
          "originHostHeader": null,
          "priority": 1,
          "weight": 150,
          "enabled": true,
          "privateLinkAlias": null,
          "privateLinkResourceId": null,
          "privateLinkLocation": null,
          "privateEndpointStatus": null,
          "privateLinkApprovalMessage": null,
          "provisioningState": "Succeeded"
        }
      }
    }
  ],
  "Variables": {
    "RandomSeed": "216759799",
    "RESOURCE_MANAGER_URL": null,
    "SUBSCRIPTION_ID": "f3d94233-a9aa-4241-ac82-2dfb63ce637a"
  }
}