{
  "Entries": [
    {
      "RequestUri": "https://management.azure.com/subscriptions/db1ab6f0-4769-4b27-930e-01e2ef9c123c?api-version=2021-01-01",
      "RequestMethod": "GET",
      "RequestHeaders": {
        "Accept": "application/json",
        "Authorization": "Sanitized",
        "traceparent": "00-b84f9992e95bec4abd407cd7c648cb60-742082743da79047-00",
        "User-Agent": "azsdk-net-ResourceManager/1.3.1 (.NET Core 3.1.30; Microsoft Windows 10.0.22621)",
        "x-ms-client-request-id": "024b54d0436505a1871a60ce698f6f57",
        "x-ms-return-client-request-id": "true"
      },
      "RequestBody": null,
      "StatusCode": 200,
      "ResponseHeaders": {
        "Cache-Control": "no-cache",
        "Content-Length": "747",
        "Content-Type": "application/json; charset=utf-8",
        "Date": "Wed, 02 Nov 2022 08:55:21 GMT",
        "Expires": "-1",
        "Pragma": "no-cache",
        "Strict-Transport-Security": "max-age=31536000; includeSubDomains",
        "X-Content-Type-Options": "nosniff",
        "x-ms-correlation-request-id": "f6509381-478b-41b5-b276-77af15d7630f",
        "x-ms-ratelimit-remaining-subscription-reads": "11971",
        "x-ms-request-id": "f6509381-478b-41b5-b276-77af15d7630f",
        "x-ms-routing-request-id": "SOUTHEASTASIA:20221102T085522Z:f6509381-478b-41b5-b276-77af15d7630f"
      },
      "ResponseBody": {
        "id": "/subscriptions/db1ab6f0-4769-4b27-930e-01e2ef9c123c",
        "authorizationSource": "RoleBased",
        "managedByTenants": [],
        "tags": {
          "TagKey-9823": "TagValue-566",
          "TagKey-3481": "TagValue-320",
          "TagKey-4926": "TagValue-1187",
          "TagKey-751": "TagValue-3921",
          "TagKey-1866": "TagValue-8559",
          "TagKey-3094": "TagValue-9190",
          "TagKey-2449": "TagValue-9",
          "TagKey-8379": "TagValue-164",
          "TagKey-7470": "TagValue-2205",
          "TagKey-4236": "TagValue-3698",
          "TagKey-5316": "TagValue-2725"
        },
        "subscriptionId": "db1ab6f0-4769-4b27-930e-01e2ef9c123c",
        "tenantId": "72f988bf-86f1-41af-91ab-2d7cd011db47",
        "displayName": ".NET Mgmt SDK Test with TTL = 1 Day",
        "state": "Enabled",
        "subscriptionPolicies": {
          "locationPlacementId": "Internal_2014-09-01",
          "quotaId": "Internal_2014-09-01",
          "spendingLimit": "Off"
        }
      }
    },
    {
      "RequestUri": "https://management.azure.com/subscriptions/db1ab6f0-4769-4b27-930e-01e2ef9c123c/resourcegroups/PrivateDnsRG9849?api-version=**",
      "RequestMethod": "PUT",
      "RequestHeaders": {
        "Accept": "application/json",
        "Authorization": "Sanitized",
        "Content-Length": "21",
        "Content-Type": "application/json",
        "traceparent": "00-c694e346d2f22540ad16004e45a74d7b-502d4a3a4cdbfa40-00",
        "User-Agent": "azsdk-net-ResourceManager/1.3.1 (.NET Core 3.1.30; Microsoft Windows 10.0.22621)",
        "x-ms-client-request-id": "ab15a357c27134005f5ddf175fcb5ce2",
        "x-ms-return-client-request-id": "true"
      },
      "RequestBody": {
        "location": "eastus"
      },
      "StatusCode": 201,
      "ResponseHeaders": {
        "Cache-Control": "no-cache",
        "Content-Length": "229",
        "Content-Type": "application/json; charset=utf-8",
        "Date": "Wed, 02 Nov 2022 08:55:24 GMT",
        "Expires": "-1",
        "Pragma": "no-cache",
        "Strict-Transport-Security": "max-age=31536000; includeSubDomains",
        "X-Content-Type-Options": "nosniff",
        "x-ms-correlation-request-id": "be39f561-143d-46ee-a504-300a55137cc7",
        "x-ms-ratelimit-remaining-subscription-writes": "1198",
        "x-ms-request-id": "be39f561-143d-46ee-a504-300a55137cc7",
        "x-ms-routing-request-id": "SOUTHEASTASIA:20221102T085525Z:be39f561-143d-46ee-a504-300a55137cc7"
      },
      "ResponseBody": {
        "id": "/subscriptions/db1ab6f0-4769-4b27-930e-01e2ef9c123c/resourceGroups/PrivateDnsRG9849",
        "name": "PrivateDnsRG9849",
        "type": "Microsoft.Resources/resourceGroups",
        "location": "eastus",
        "properties": {
          "provisioningState": "Succeeded"
        }
      }
    },
    {
      "RequestUri": "https://management.azure.com/subscriptions/db1ab6f0-4769-4b27-930e-01e2ef9c123c/resourceGroups/PrivateDnsRG9849/providers/Microsoft.Network/privateDnsZones/sample6893.com?api-version=2020-06-01",
      "RequestMethod": "PUT",
      "RequestHeaders": {
        "Accept": "application/json",
        "Authorization": "Sanitized",
        "Content-Length": "47",
        "Content-Type": "application/json",
        "traceparent": "00-c1031b06bcdf89408af37ed3cdc06ab2-360df2fff6914f41-00",
        "User-Agent": "azsdk-net-ResourceManager.PrivateDns/1.0.0-alpha.20221102.1 (.NET Core 3.1.30; Microsoft Windows 10.0.22621)",
        "x-ms-client-request-id": "a14950509e38be316b06f738b57ed467",
        "x-ms-return-client-request-id": "true"
      },
      "RequestBody": {
        "tags": {},
        "location": "global",
        "properties": {}
      },
      "StatusCode": 202,
      "ResponseHeaders": {
        "Azure-AsyncOperation": "https://management.azure.com:443/subscriptions/db1ab6f0-4769-4b27-930e-01e2ef9c123c/resourceGroups/privatednsrg9849/providers/Microsoft.Network/privateDnsOperationStatuses/RnJvbnRFbmRBc3luY09wZXJhdGlvbjtVcHNlcnRQcml2YXRlRG5zWm9uZTs1NDBjZDUwMy04NmU0LTRiMDAtOGFjNS02ZjBlYjdjMzgxZDRfZGIxYWI2ZjAtNDc2OS00YjI3LTkzMGUtMDFlMmVmOWMxMjNj?api-version=2020-06-01",
        "Cache-Control": "private",
        "Content-Length": "2",
        "Content-Type": "application/json; charset=utf-8",
        "Date": "Wed, 02 Nov 2022 08:55:29 GMT",
        "Location": "https://management.azure.com/subscriptions/db1ab6f0-4769-4b27-930e-01e2ef9c123c/resourceGroups/privatednsrg9849/providers/Microsoft.Network/privateDnsOperationResults/RnJvbnRFbmRBc3luY09wZXJhdGlvbjtVcHNlcnRQcml2YXRlRG5zWm9uZTs1NDBjZDUwMy04NmU0LTRiMDAtOGFjNS02ZjBlYjdjMzgxZDRfZGIxYWI2ZjAtNDc2OS00YjI3LTkzMGUtMDFlMmVmOWMxMjNj?api-version=2020-06-01",
        "Retry-After": "30",
        "Server": "Microsoft-IIS/10.0",
        "Strict-Transport-Security": "max-age=31536000; includeSubDomains",
        "X-AspNet-Version": "4.0.30319",
        "X-Content-Type-Options": "nosniff",
        "x-ms-correlation-request-id": "9d11dcc5-0428-4244-a2bb-ff8f160fd486",
        "x-ms-ratelimit-remaining-subscription-resource-requests": "11998",
        "x-ms-request-id": "a1495050-9e38-be31-6b06-f738b57ed467",
        "x-ms-routing-request-id": "SOUTHEASTASIA:20221102T085529Z:9d11dcc5-0428-4244-a2bb-ff8f160fd486",
        "X-Powered-By": "ASP.NET"
      },
      "ResponseBody": {}
    },
    {
      "RequestUri": "https://management.azure.com/subscriptions/db1ab6f0-4769-4b27-930e-01e2ef9c123c/resourceGroups/privatednsrg9849/providers/Microsoft.Network/privateDnsOperationStatuses/RnJvbnRFbmRBc3luY09wZXJhdGlvbjtVcHNlcnRQcml2YXRlRG5zWm9uZTs1NDBjZDUwMy04NmU0LTRiMDAtOGFjNS02ZjBlYjdjMzgxZDRfZGIxYWI2ZjAtNDc2OS00YjI3LTkzMGUtMDFlMmVmOWMxMjNj?api-version=2020-06-01",
      "RequestMethod": "GET",
      "RequestHeaders": {
        "Authorization": "Sanitized",
        "traceparent": "00-c1031b06bcdf89408af37ed3cdc06ab2-2d776aa4a2b87746-00",
        "User-Agent": "azsdk-net-ResourceManager/1.3.1 (.NET Core 3.1.30; Microsoft Windows 10.0.22621)",
        "x-ms-client-request-id": "1f3eb1eca90d041fe3ec06bb09fcaadf",
        "x-ms-return-client-request-id": "true"
      },
      "RequestBody": null,
      "StatusCode": 202,
      "ResponseHeaders": {
        "Azure-AsyncOperation": "https://management.azure.com:443/subscriptions/db1ab6f0-4769-4b27-930e-01e2ef9c123c/resourceGroups/privatednsrg9849/providers/Microsoft.Network/privateDnsOperationStatuses/RnJvbnRFbmRBc3luY09wZXJhdGlvbjtVcHNlcnRQcml2YXRlRG5zWm9uZTs1NDBjZDUwMy04NmU0LTRiMDAtOGFjNS02ZjBlYjdjMzgxZDRfZGIxYWI2ZjAtNDc2OS00YjI3LTkzMGUtMDFlMmVmOWMxMjNj?api-version=2020-06-01",
        "Cache-Control": "private",
        "Content-Length": "23",
        "Content-Type": "application/json; charset=utf-8",
        "Date": "Wed, 02 Nov 2022 08:55:29 GMT",
        "Location": "https://management.azure.com/subscriptions/db1ab6f0-4769-4b27-930e-01e2ef9c123c/resourceGroups/privatednsrg9849/providers/Microsoft.Network/privateDnsOperationResults/RnJvbnRFbmRBc3luY09wZXJhdGlvbjtVcHNlcnRQcml2YXRlRG5zWm9uZTs1NDBjZDUwMy04NmU0LTRiMDAtOGFjNS02ZjBlYjdjMzgxZDRfZGIxYWI2ZjAtNDc2OS00YjI3LTkzMGUtMDFlMmVmOWMxMjNj?api-version=2020-06-01",
        "Retry-After": "30",
        "Server": "Microsoft-IIS/10.0",
        "Strict-Transport-Security": "max-age=31536000; includeSubDomains",
        "X-AspNet-Version": "4.0.30319",
        "X-Content-Type-Options": "nosniff",
        "x-ms-correlation-request-id": "8d393a41-e41c-487b-9e7f-551f77afa0d4",
        "x-ms-ratelimit-remaining-subscription-resource-requests": "497",
        "x-ms-request-id": "1f3eb1ec-a90d-041f-e3ec-06bb09fcaadf",
        "x-ms-routing-request-id": "SOUTHEASTASIA:20221102T085529Z:8d393a41-e41c-487b-9e7f-551f77afa0d4",
        "X-Powered-By": "ASP.NET"
      },
      "ResponseBody": {
        "status": "InProgress"
      }
    },
    {
      "RequestUri": "https://management.azure.com/subscriptions/db1ab6f0-4769-4b27-930e-01e2ef9c123c/resourceGroups/privatednsrg9849/providers/Microsoft.Network/privateDnsOperationStatuses/RnJvbnRFbmRBc3luY09wZXJhdGlvbjtVcHNlcnRQcml2YXRlRG5zWm9uZTs1NDBjZDUwMy04NmU0LTRiMDAtOGFjNS02ZjBlYjdjMzgxZDRfZGIxYWI2ZjAtNDc2OS00YjI3LTkzMGUtMDFlMmVmOWMxMjNj?api-version=2020-06-01",
      "RequestMethod": "GET",
      "RequestHeaders": {
        "Authorization": "Sanitized",
        "traceparent": "00-c1031b06bcdf89408af37ed3cdc06ab2-f5f6fbb26e237f4c-00",
        "User-Agent": "azsdk-net-ResourceManager/1.3.1 (.NET Core 3.1.30; Microsoft Windows 10.0.22621)",
        "x-ms-client-request-id": "f25caf0aeef9f2f1befed332b86fd043",
        "x-ms-return-client-request-id": "true"
      },
      "RequestBody": null,
      "StatusCode": 200,
      "ResponseHeaders": {
        "Cache-Control": "private",
        "Content-Length": "22",
        "Content-Type": "application/json; charset=utf-8",
        "Date": "Wed, 02 Nov 2022 08:55:59 GMT",
        "Server": "Microsoft-IIS/10.0",
        "Strict-Transport-Security": "max-age=31536000; includeSubDomains",
        "X-AspNet-Version": "4.0.30319",
        "X-Content-Type-Options": "nosniff",
        "x-ms-correlation-request-id": "0d03d11e-dbe5-48eb-aa7c-0269a56c2604",
        "x-ms-ratelimit-remaining-subscription-resource-requests": "496",
        "x-ms-request-id": "f25caf0a-eef9-f2f1-befe-d332b86fd043",
        "x-ms-routing-request-id": "SOUTHEASTASIA:20221102T085600Z:0d03d11e-dbe5-48eb-aa7c-0269a56c2604",
        "X-Powered-By": "ASP.NET"
      },
      "ResponseBody": {
        "status": "Succeeded"
      }
    },
    {
      "RequestUri": "https://management.azure.com/subscriptions/db1ab6f0-4769-4b27-930e-01e2ef9c123c/resourceGroups/PrivateDnsRG9849/providers/Microsoft.Network/privateDnsZones/sample6893.com?api-version=2020-06-01",
      "RequestMethod": "GET",
      "RequestHeaders": {
        "Authorization": "Sanitized",
        "traceparent": "00-c1031b06bcdf89408af37ed3cdc06ab2-b2efa0ca80ee8243-00",
        "User-Agent": "azsdk-net-ResourceManager/1.3.1 (.NET Core 3.1.30; Microsoft Windows 10.0.22621)",
        "x-ms-client-request-id": "034cf3b7b53f5859ba5e0fd957d642d1",
        "x-ms-return-client-request-id": "true"
      },
      "RequestBody": null,
      "StatusCode": 200,
      "ResponseHeaders": {
        "Cache-Control": "private",
        "Content-Length": "670",
        "Content-Type": "application/json; charset=utf-8",
        "Date": "Wed, 02 Nov 2022 08:56:00 GMT",
        "ETag": "a4c50bf7-dd9f-47da-b7f3-784cd7797852",
        "Server": "Microsoft-IIS/10.0",
        "Strict-Transport-Security": "max-age=31536000; includeSubDomains",
        "X-AspNet-Version": "4.0.30319",
        "X-Content-Type-Options": "nosniff",
        "x-ms-correlation-request-id": "81f8d1b4-6b6f-4d31-8a2b-63ddb86982b5",
        "x-ms-ratelimit-remaining-subscription-resource-requests": "498",
        "x-ms-request-id": "034cf3b7-b53f-5859-ba5e-0fd957d642d1",
        "x-ms-routing-request-id": "SOUTHEASTASIA:20221102T085600Z:81f8d1b4-6b6f-4d31-8a2b-63ddb86982b5",
        "X-Powered-By": "ASP.NET"
      },
      "ResponseBody": {
        "id": "/subscriptions/db1ab6f0-4769-4b27-930e-01e2ef9c123c/resourceGroups/privatednsrg9849/providers/Microsoft.Network/privateDnsZones/sample6893.com",
        "name": "sample6893.com",
        "type": "Microsoft.Network/privateDnsZones",
        "etag": "a4c50bf7-dd9f-47da-b7f3-784cd7797852",
        "location": "global",
        "tags": {},
        "properties": {
          "internalId": "SW1tdXRhYmxlWm9uZUlkZW50aXR5OzY5NzZjMDhmLWIyOGQtNDcxNC04MWEzLTA3Y2M0MzA0OWNjYzsw",
          "maxNumberOfRecordSets": 25000,
          "maxNumberOfVirtualNetworkLinks": 1000,
          "maxNumberOfVirtualNetworkLinksWithRegistration": 100,
          "numberOfRecordSets": 1,
          "numberOfVirtualNetworkLinks": 0,
          "numberOfVirtualNetworkLinksWithRegistration": 0,
          "provisioningState": "Succeeded"
        }
      }
    },
    {
      "RequestUri": "https://management.azure.com/subscriptions/db1ab6f0-4769-4b27-930e-01e2ef9c123c/resourceGroups/privatednsrg9849/providers/Microsoft.Network/privateDnsZones/sample6893.com/A/a4054?api-version=2020-06-01",
      "RequestMethod": "PUT",
      "RequestHeaders": {
        "Accept": "application/json",
        "Authorization": "Sanitized",
        "Content-Length": "96",
        "Content-Type": "application/json",
        "traceparent": "00-5e70f77bb81ede4a942be5c4794017f7-cb11670a38b2c54a-00",
        "User-Agent": "azsdk-net-ResourceManager.PrivateDns/1.0.0-alpha.20221102.1 (.NET Core 3.1.30; Microsoft Windows 10.0.22621)",
        "x-ms-client-request-id": "cb3eb7060a5dc0fd4c610fd6ec4c731c",
        "x-ms-return-client-request-id": "true"
      },
      "RequestBody": {
        "properties": {
          "ttl": 3600,
          "aRecords": [
            {
              "ipv4Address": "10.10.0.1"
            },
            {
              "ipv4Address": "10.10.0.2"
            }
          ]
        }
      },
      "StatusCode": 201,
      "ResponseHeaders": {
        "Cache-Control": "private",
        "Content-Length": "428",
        "Content-Type": "application/json; charset=utf-8",
        "Date": "Wed, 02 Nov 2022 08:56:01 GMT",
        "ETag": "fc835c37-29d8-4156-9982-62904dd7a8a8",
        "Server": "Microsoft-IIS/10.0",
        "Strict-Transport-Security": "max-age=31536000; includeSubDomains",
        "X-AspNet-Version": "4.0.30319",
        "X-Content-Type-Options": "nosniff",
        "x-ms-correlation-request-id": "8a6a3cae-82f2-40fc-9714-3c5fa871d170",
        "x-ms-ratelimit-remaining-subscription-resource-requests": "11999",
        "x-ms-request-id": "cb3eb706-0a5d-c0fd-4c61-0fd6ec4c731c",
        "x-ms-routing-request-id": "SOUTHEASTASIA:20221102T085602Z:8a6a3cae-82f2-40fc-9714-3c5fa871d170",
        "X-Powered-By": "ASP.NET"
      },
      "ResponseBody": {
        "id": "/subscriptions/db1ab6f0-4769-4b27-930e-01e2ef9c123c/resourceGroups/privatednsrg9849/providers/Microsoft.Network/privateDnsZones/sample6893.com/A/a4054",
        "name": "a4054",
        "type": "Microsoft.Network/privateDnsZones/A",
        "etag": "fc835c37-29d8-4156-9982-62904dd7a8a8",
        "properties": {
          "fqdn": "a4054.sample6893.com.",
          "ttl": 3600,
          "aRecords": [
            {
              "ipv4Address": "10.10.0.1"
            },
            {
              "ipv4Address": "10.10.0.2"
            }
          ],
          "isAutoRegistered": false
        }
      }
    },
    {
      "RequestUri": "https://management.azure.com/subscriptions/db1ab6f0-4769-4b27-930e-01e2ef9c123c/resourceGroups/privatednsrg9849/providers/Microsoft.Network/privateDnsZones/sample6893.com/A/a4054?api-version=2020-06-01",
      "RequestMethod": "GET",
      "RequestHeaders": {
        "Accept": "application/json",
        "Authorization": "Sanitized",
        "traceparent": "00-7af68b89e938434a9f7bdcee912b020f-fd1562d8cb4f214a-00",
        "User-Agent": "azsdk-net-ResourceManager.PrivateDns/1.0.0-alpha.20221102.1 (.NET Core 3.1.30; Microsoft Windows 10.0.22621)",
        "x-ms-client-request-id": "b01504c29fa7565503379bde189ae7bc",
        "x-ms-return-client-request-id": "true"
      },
      "RequestBody": null,
      "StatusCode": 200,
      "ResponseHeaders": {
        "Cache-Control": "private",
        "Content-Length": "428",
        "Content-Type": "application/json; charset=utf-8",
        "Date": "Wed, 02 Nov 2022 08:56:02 GMT",
        "ETag": "fc835c37-29d8-4156-9982-62904dd7a8a8",
        "Server": "Microsoft-IIS/10.0",
        "Strict-Transport-Security": "max-age=31536000; includeSubDomains",
        "X-AspNet-Version": "4.0.30319",
        "X-Content-Type-Options": "nosniff",
        "x-ms-correlation-request-id": "96a0346f-424e-49c4-8e84-88ae27ce79c4",
        "x-ms-ratelimit-remaining-subscription-resource-requests": "499",
        "x-ms-request-id": "b01504c2-9fa7-5655-0337-9bde189ae7bc",
        "x-ms-routing-request-id": "SOUTHEASTASIA:20221102T085603Z:96a0346f-424e-49c4-8e84-88ae27ce79c4",
        "X-Powered-By": "ASP.NET"
      },
      "ResponseBody": {
        "id": "/subscriptions/db1ab6f0-4769-4b27-930e-01e2ef9c123c/resourceGroups/privatednsrg9849/providers/Microsoft.Network/privateDnsZones/sample6893.com/A/a4054",
        "name": "a4054",
        "type": "Microsoft.Network/privateDnsZones/A",
        "etag": "fc835c37-29d8-4156-9982-62904dd7a8a8",
        "properties": {
          "fqdn": "a4054.sample6893.com.",
          "ttl": 3600,
          "aRecords": [
            {
              "ipv4Address": "10.10.0.1"
            },
            {
              "ipv4Address": "10.10.0.2"
            }
          ],
          "isAutoRegistered": false
        }
      }
    },
    {
      "RequestUri": "https://management.azure.com/subscriptions/db1ab6f0-4769-4b27-930e-01e2ef9c123c/resourceGroups/privatednsrg9849/providers/Microsoft.Network/privateDnsZones/sample6893.com/A/a4054?api-version=2020-06-01",
      "RequestMethod": "PATCH",
      "RequestHeaders": {
        "Accept": "application/json",
        "Authorization": "Sanitized",
        "Content-Length": "27",
        "Content-Type": "application/json",
        "traceparent": "00-1cd987e6d10e3d479b33ff906199d2b2-3da9d42a1538aa49-00",
        "User-Agent": "azsdk-net-ResourceManager.PrivateDns/1.0.0-alpha.20221102.1 (.NET Core 3.1.30; Microsoft Windows 10.0.22621)",
        "x-ms-client-request-id": "b8b1d6027891e95a4e43f3534982cd11",
        "x-ms-return-client-request-id": "true"
      },
      "RequestBody": {
        "properties": {
          "ttl": 7200
        }
      },
      "StatusCode": 200,
      "ResponseHeaders": {
        "Cache-Control": "private",
        "Content-Length": "428",
        "Content-Type": "application/json; charset=utf-8",
        "Date": "Wed, 02 Nov 2022 08:56:03 GMT",
        "ETag": "1d1796bd-2eee-40ec-92a7-32bfc633a2c0",
        "Server": "Microsoft-IIS/10.0",
        "Strict-Transport-Security": "max-age=31536000; includeSubDomains",
        "X-AspNet-Version": "4.0.30319",
        "X-Content-Type-Options": "nosniff",
        "x-ms-correlation-request-id": "092c2eb0-bb79-4c5a-bda6-2f539190cde8",
        "x-ms-ratelimit-remaining-subscription-resource-requests": "11998",
        "x-ms-request-id": "b8b1d602-7891-e95a-4e43-f3534982cd11",
        "x-ms-routing-request-id": "SOUTHEASTASIA:20221102T085604Z:092c2eb0-bb79-4c5a-bda6-2f539190cde8",
        "X-Powered-By": "ASP.NET"
      },
      "ResponseBody": {
        "id": "/subscriptions/db1ab6f0-4769-4b27-930e-01e2ef9c123c/resourceGroups/privatednsrg9849/providers/Microsoft.Network/privateDnsZones/sample6893.com/A/a4054",
        "name": "a4054",
        "type": "Microsoft.Network/privateDnsZones/A",
        "etag": "1d1796bd-2eee-40ec-92a7-32bfc633a2c0",
        "properties": {
          "fqdn": "a4054.sample6893.com.",
          "ttl": 7200,
          "aRecords": [
            {
              "ipv4Address": "10.10.0.1"
            },
            {
              "ipv4Address": "10.10.0.2"
            }
          ],
          "isAutoRegistered": false
        }
      }
    },
    {
      "RequestUri": "https://management.azure.com/subscriptions/db1ab6f0-4769-4b27-930e-01e2ef9c123c/resourceGroups/privatednsrg9849/providers/Microsoft.Network/privateDnsZones/sample6893.com/A/a4054?api-version=2020-06-01",
      "RequestMethod": "GET",
      "RequestHeaders": {
        "Accept": "application/json",
        "Authorization": "Sanitized",
        "traceparent": "00-d09e947b4498934d9599b0007a4c1e09-1fadfdd2f2ddda45-00",
        "User-Agent": "azsdk-net-ResourceManager.PrivateDns/1.0.0-alpha.20221102.1 (.NET Core 3.1.30; Microsoft Windows 10.0.22621)",
        "x-ms-client-request-id": "d295bc9b202c66b461e8c7256e1ea7b1",
        "x-ms-return-client-request-id": "true"
      },
      "RequestBody": null,
      "StatusCode": 200,
      "ResponseHeaders": {
        "Cache-Control": "private",
        "Content-Length": "428",
        "Content-Type": "application/json; charset=utf-8",
        "Date": "Wed, 02 Nov 2022 08:56:04 GMT",
        "ETag": "1d1796bd-2eee-40ec-92a7-32bfc633a2c0",
        "Server": "Microsoft-IIS/10.0",
        "Strict-Transport-Security": "max-age=31536000; includeSubDomains",
        "X-AspNet-Version": "4.0.30319",
        "X-Content-Type-Options": "nosniff",
        "x-ms-correlation-request-id": "322b8c36-5aa8-4226-a6a8-59f0fa758814",
        "x-ms-ratelimit-remaining-subscription-resource-requests": "498",
        "x-ms-request-id": "d295bc9b-202c-66b4-61e8-c7256e1ea7b1",
        "x-ms-routing-request-id": "SOUTHEASTASIA:20221102T085604Z:322b8c36-5aa8-4226-a6a8-59f0fa758814",
        "X-Powered-By": "ASP.NET"
      },
      "ResponseBody": {
        "id": "/subscriptions/db1ab6f0-4769-4b27-930e-01e2ef9c123c/resourceGroups/privatednsrg9849/providers/Microsoft.Network/privateDnsZones/sample6893.com/A/a4054",
        "name": "a4054",
        "type": "Microsoft.Network/privateDnsZones/A",
        "etag": "1d1796bd-2eee-40ec-92a7-32bfc633a2c0",
        "properties": {
          "fqdn": "a4054.sample6893.com.",
          "ttl": 7200,
          "aRecords": [
            {
              "ipv4Address": "10.10.0.1"
            },
            {
              "ipv4Address": "10.10.0.2"
            }
          ],
          "isAutoRegistered": false
        }
      }
    },
    {
      "RequestUri": "https://management.azure.com/subscriptions/db1ab6f0-4769-4b27-930e-01e2ef9c123c/resourceGroups/privatednsrg9849/providers/Microsoft.Network/privateDnsZones/sample6893.com/A?api-version=2020-06-01",
      "RequestMethod": "GET",
      "RequestHeaders": {
        "Accept": "application/json",
        "Authorization": "Sanitized",
        "traceparent": "00-5874df0b3b7aa241a4d3e75234c7ad30-89d368f0df4c1c4f-00",
        "User-Agent": "azsdk-net-ResourceManager.PrivateDns/1.0.0-alpha.20221102.1 (.NET Core 3.1.30; Microsoft Windows 10.0.22621)",
        "x-ms-client-request-id": "16d45379bb9a498ba92c6163ac010c81",
        "x-ms-return-client-request-id": "true"
      },
      "RequestBody": null,
      "StatusCode": 200,
      "ResponseHeaders": {
        "Cache-Control": "private",
        "Content-Length": "440",
        "Content-Type": "application/json; charset=utf-8",
        "Date": "Wed, 02 Nov 2022 08:56:04 GMT",
        "Server": "Microsoft-IIS/10.0",
        "Strict-Transport-Security": "max-age=31536000; includeSubDomains",
        "X-AspNet-Version": "4.0.30319",
        "X-Content-Type-Options": "nosniff",
        "x-ms-correlation-request-id": "c6d4e3d7-068e-4ad6-8f49-e7c2d09c7475",
        "x-ms-ratelimit-remaining-subscription-resource-entities-read": "59999",
        "x-ms-ratelimit-remaining-subscription-resource-requests": "497",
        "x-ms-request-id": "16d45379-bb9a-498b-a92c-6163ac010c81",
        "x-ms-routing-request-id": "SOUTHEASTASIA:20221102T085605Z:c6d4e3d7-068e-4ad6-8f49-e7c2d09c7475",
        "X-Powered-By": "ASP.NET"
      },
      "ResponseBody": {
        "value": [
          {
            "id": "/subscriptions/db1ab6f0-4769-4b27-930e-01e2ef9c123c/resourceGroups/privatednsrg9849/providers/Microsoft.Network/privateDnsZones/sample6893.com/A/a4054",
            "name": "a4054",
            "type": "Microsoft.Network/privateDnsZones/A",
            "etag": "1d1796bd-2eee-40ec-92a7-32bfc633a2c0",
            "properties": {
              "fqdn": "a4054.sample6893.com.",
              "ttl": 7200,
              "aRecords": [
                {
                  "ipv4Address": "10.10.0.1"
                },
                {
                  "ipv4Address": "10.10.0.2"
                }
              ],
              "isAutoRegistered": false
            }
          }
        ]
      }
    },
    {
      "RequestUri": "https://management.azure.com/subscriptions/db1ab6f0-4769-4b27-930e-01e2ef9c123c/resourceGroups/privatednsrg9849/providers/Microsoft.Network/privateDnsZones/sample6893.com/A/a4054?api-version=2020-06-01",
      "RequestMethod": "DELETE",
      "RequestHeaders": {
        "Accept": "application/json",
        "Authorization": "Sanitized",
        "traceparent": "00-295d74c54335604ba7b2a0e45b3f579b-37686c55b29a744b-00",
        "User-Agent": "azsdk-net-ResourceManager.PrivateDns/1.0.0-alpha.20221102.1 (.NET Core 3.1.30; Microsoft Windows 10.0.22621)",
        "x-ms-client-request-id": "5b4289691504e18f224b57a8b1347a30",
        "x-ms-return-client-request-id": "true"
      },
      "RequestBody": null,
      "StatusCode": 200,
      "ResponseHeaders": {
        "Cache-Control": "private",
        "Content-Length": "0",
        "Date": "Wed, 02 Nov 2022 08:56:06 GMT",
        "Server": "Microsoft-IIS/10.0",
        "Strict-Transport-Security": "max-age=31536000; includeSubDomains",
        "X-AspNet-Version": "4.0.30319",
        "X-Content-Type-Options": "nosniff",
        "x-ms-correlation-request-id": "bf6f7cce-ff61-432f-b79b-ac00de54901b",
        "x-ms-ratelimit-remaining-subscription-resource-requests": "11999",
        "x-ms-request-id": "5b428969-1504-e18f-224b-57a8b1347a30",
        "x-ms-routing-request-id": "SOUTHEASTASIA:20221102T085606Z:bf6f7cce-ff61-432f-b79b-ac00de54901b",
        "X-Powered-By": "ASP.NET"
      },
      "ResponseBody": null
    },
    {
      "RequestUri": "https://management.azure.com/subscriptions/db1ab6f0-4769-4b27-930e-01e2ef9c123c/resourceGroups/privatednsrg9849/providers/Microsoft.Network/privateDnsZones/sample6893.com/A/a4054?api-version=2020-06-01",
      "RequestMethod": "GET",
      "RequestHeaders": {
        "Accept": "application/json",
        "Authorization": "Sanitized",
        "traceparent": "00-ce985f2fd5169d40a83205692b80cf6d-765161ba5094fc46-00",
        "User-Agent": "azsdk-net-ResourceManager.PrivateDns/1.0.0-alpha.20221102.1 (.NET Core 3.1.30; Microsoft Windows 10.0.22621)",
        "x-ms-client-request-id": "f6da419bb7ade077314c2800bf50b95f",
        "x-ms-return-client-request-id": "true"
      },
      "RequestBody": null,
      "StatusCode": 404,
      "ResponseHeaders": {
        "Cache-Control": "private",
        "Content-Length": "167",
        "Content-Type": "application/json; charset=utf-8",
        "Date": "Wed, 02 Nov 2022 08:56:06 GMT",
        "Server": "Microsoft-IIS/10.0",
        "Strict-Transport-Security": "max-age=31536000; includeSubDomains",
        "X-AspNet-Version": "4.0.30319",
        "X-Content-Type-Options": "nosniff",
        "x-ms-correlation-request-id": "a3338796-4f4f-4f1c-9d81-d513b0a131c5",
        "x-ms-ratelimit-remaining-subscription-resource-requests": "496",
        "x-ms-request-id": "f6da419b-b7ad-e077-314c-2800bf50b95f",
        "x-ms-routing-request-id": "SOUTHEASTASIA:20221102T085607Z:a3338796-4f4f-4f1c-9d81-d513b0a131c5",
        "X-Powered-By": "ASP.NET"
      },
      "ResponseBody": {
        "code": "NotFound",
        "message": "The resource record \u0027a4054\u0027 does not exist in resource group \u0027privatednsrg9849\u0027 of subscription \u0027db1ab6f0-4769-4b27-930e-01e2ef9c123c\u0027."
      }
    }
  ],
  "Variables": {
    "AZURE_AUTHORITY_HOST": "https://login.microsoftonline.com",
    "RandomSeed": "858912691",
    "RESOURCE_MANAGER_URL": null,
    "SUBSCRIPTION_ID": "db1ab6f0-4769-4b27-930e-01e2ef9c123c"
  }
}
