{
  "Entries": [
    {
      "RequestUri": "/luis/api/v2.0/apps/86226c53-b7a6-416f-876b-226b2b5ab07b/versions/0.1/customprebuiltentities",
      "EncodedRequestUri": "L2x1aXMvYXBpL3YyLjAvYXBwcy84NjIyNmM1My1iN2E2LTQxNmYtODc2Yi0yMjZiMmI1YWIwN2IvdmVyc2lvbnMvMC4xL2N1c3RvbXByZWJ1aWx0ZW50aXRpZXM=",
      "RequestMethod": "POST",
      "RequestBody": "{\r\n  \"domainName\": \"Communication\",\r\n  \"modelName\": \"ContactName\"\r\n}",
      "RequestHeaders": {
        "Content-Type": [
          "application/json; charset=utf-8"
        ],
        "Content-Length": [
          "68"
        ],
        "Ocp-Apim-Subscription-Key": [
          "00000000000000000000000000000000"
        ],
        "User-Agent": [
          "FxVersion/4.6.25211.01",
          "Microsoft.Azure.CognitiveServices.Language.LUIS.Authoring.LuisAuthoringAPI/2.0.0.0"
        ]
      },
      "ResponseBody": "\"27be433d-3d48-4bf3-b138-cdf2aaeac090\"",
      "ResponseHeaders": {
        "Content-Length": [
          "38"
        ],
        "Content-Type": [
          "application/json; charset=utf-8"
        ],
        "Cache-Control": [
          "no-store, proxy-revalidate, no-cache, max-age=0, private"
        ],
        "Date": [
          "Mon, 28 May 2018 23:44:17 GMT"
        ],
        "Pragma": [
          "no-cache"
        ],
        "Location": [
          "https://westus.api.cognitive.microsoft.com/luis/api/v2.0/apps/86226c53-b7a6-416f-876b-226b2b5ab07b/versions/0.1/customprebuiltentities/27be433d-3d48-4bf3-b138-cdf2aaeac090"
        ],
        "Apim-Request-Id": [
          "cfd2309b-d486-4ac3-ad66-4ea5d02addbf"
        ],
        "Request-Id": [
          "cfd2309b-d486-4ac3-ad66-4ea5d02addbf"
        ],
        "Operation-Location": [
          "https://westus.api.cognitive.microsoft.com/luis/api/v2.0/apps/86226c53-b7a6-416f-876b-226b2b5ab07b/versions/0.1/customprebuiltentities/27be433d-3d48-4bf3-b138-cdf2aaeac090"
        ],
        "Request-Context": [
          "appId=cid-v1:26a3540d-a02a-4998-a060-715488fd769b"
        ],
        "X-Content-Type-Options": [
          "nosniff"
        ],
        "X-Frame-Options": [
          "SAMEORIGIN"
        ],
        "X-Powered-By": [
          "ASP.NET"
        ],
        "Strict-Transport-Security": [
          "max-age=31536000; includeSubDomains; preload"
        ]
      },
      "StatusCode": 201
    },
    {
      "RequestUri": "/luis/api/v2.0/apps/86226c53-b7a6-416f-876b-226b2b5ab07b/versions/0.1/customprebuiltentities/27be433d-3d48-4bf3-b138-cdf2aaeac090/roles",
      "EncodedRequestUri": "L2x1aXMvYXBpL3YyLjAvYXBwcy84NjIyNmM1My1iN2E2LTQxNmYtODc2Yi0yMjZiMmI1YWIwN2IvdmVyc2lvbnMvMC4xL2N1c3RvbXByZWJ1aWx0ZW50aXRpZXMvMjdiZTQzM2QtM2Q0OC00YmYzLWIxMzgtY2RmMmFhZWFjMDkwL3JvbGVz",
      "RequestMethod": "POST",
      "RequestBody": "{\r\n  \"name\": \"simple role\"\r\n}",
      "RequestHeaders": {
        "Content-Type": [
          "application/json; charset=utf-8"
        ],
        "Content-Length": [
          "29"
        ],
        "Ocp-Apim-Subscription-Key": [
          "00000000000000000000000000000000"
        ],
        "User-Agent": [
          "FxVersion/4.6.25211.01",
          "Microsoft.Azure.CognitiveServices.Language.LUIS.Authoring.LuisAuthoringAPI/2.0.0.0"
        ]
      },
      "ResponseBody": "\"53459a84-ce6f-4994-9d35-9e5980d8b934\"",
      "ResponseHeaders": {
        "Content-Length": [
          "38"
        ],
        "Content-Type": [
          "application/json; charset=utf-8"
        ],
        "Cache-Control": [
          "no-store, proxy-revalidate, no-cache, max-age=0, private"
        ],
        "Date": [
          "Mon, 28 May 2018 23:44:17 GMT"
        ],
        "Pragma": [
          "no-cache"
        ],
        "Location": [
          "https://westus.api.cognitive.microsoft.com/luis/api/v2.0/apps/86226c53-b7a6-416f-876b-226b2b5ab07b/versions/0.1/customprebuiltentities/27be433d-3d48-4bf3-b138-cdf2aaeac090/roles/53459a84-ce6f-4994-9d35-9e5980d8b934"
        ],
        "Apim-Request-Id": [
          "aa22ada8-a493-4ef4-957a-73e04488f854"
        ],
        "Request-Id": [
          "aa22ada8-a493-4ef4-957a-73e04488f854"
        ],
        "Operation-Location": [
          "https://westus.api.cognitive.microsoft.com/luis/api/v2.0/apps/86226c53-b7a6-416f-876b-226b2b5ab07b/versions/0.1/customprebuiltentities/27be433d-3d48-4bf3-b138-cdf2aaeac090/roles/53459a84-ce6f-4994-9d35-9e5980d8b934"
        ],
        "Request-Context": [
          "appId=cid-v1:26a3540d-a02a-4998-a060-715488fd769b"
        ],
        "X-Content-Type-Options": [
          "nosniff"
        ],
        "X-Frame-Options": [
          "SAMEORIGIN"
        ],
        "X-Powered-By": [
          "ASP.NET"
        ],
        "Strict-Transport-Security": [
          "max-age=31536000; includeSubDomains; preload"
        ]
      },
      "StatusCode": 201
    },
    {
      "RequestUri": "/luis/api/v2.0/apps/86226c53-b7a6-416f-876b-226b2b5ab07b/versions/0.1/customprebuiltentities/27be433d-3d48-4bf3-b138-cdf2aaeac090/roles/53459a84-ce6f-4994-9d35-9e5980d8b934",
      "EncodedRequestUri": "L2x1aXMvYXBpL3YyLjAvYXBwcy84NjIyNmM1My1iN2E2LTQxNmYtODc2Yi0yMjZiMmI1YWIwN2IvdmVyc2lvbnMvMC4xL2N1c3RvbXByZWJ1aWx0ZW50aXRpZXMvMjdiZTQzM2QtM2Q0OC00YmYzLWIxMzgtY2RmMmFhZWFjMDkwL3JvbGVzLzUzNDU5YTg0LWNlNmYtNDk5NC05ZDM1LTllNTk4MGQ4YjkzNA==",
      "RequestMethod": "GET",
      "RequestBody": "",
      "RequestHeaders": {
        "Ocp-Apim-Subscription-Key": [
          "00000000000000000000000000000000"
        ],
        "User-Agent": [
          "FxVersion/4.6.25211.01",
          "Microsoft.Azure.CognitiveServices.Language.LUIS.Authoring.LuisAuthoringAPI/2.0.0.0"
        ]
      },
      "ResponseBody": "{\r\n  \"id\": \"53459a84-ce6f-4994-9d35-9e5980d8b934\",\r\n  \"name\": \"simple role\"\r\n}",
      "ResponseHeaders": {
        "Content-Length": [
          "66"
        ],
        "Content-Type": [
          "application/json; charset=utf-8"
        ],
        "Cache-Control": [
          "no-store, proxy-revalidate, no-cache, max-age=0, private"
        ],
        "Date": [
          "Mon, 28 May 2018 23:44:19 GMT"
        ],
        "Pragma": [
          "no-cache"
        ],
        "Apim-Request-Id": [
          "a5f2ef9b-34a1-465b-94a9-b60efed0d95b"
        ],
        "Request-Id": [
          "a5f2ef9b-34a1-465b-94a9-b60efed0d95b"
        ],
        "Request-Context": [
          "appId=cid-v1:26a3540d-a02a-4998-a060-715488fd769b"
        ],
        "X-Content-Type-Options": [
          "nosniff"
        ],
        "X-Frame-Options": [
          "SAMEORIGIN"
        ],
        "X-Powered-By": [
          "ASP.NET"
        ],
        "Strict-Transport-Security": [
          "max-age=31536000; includeSubDomains; preload"
        ]
      },
      "StatusCode": 200
    },
    {
      "RequestUri": "/luis/api/v2.0/apps/86226c53-b7a6-416f-876b-226b2b5ab07b/versions/0.1/entities/27be433d-3d48-4bf3-b138-cdf2aaeac090",
      "EncodedRequestUri": "L2x1aXMvYXBpL3YyLjAvYXBwcy84NjIyNmM1My1iN2E2LTQxNmYtODc2Yi0yMjZiMmI1YWIwN2IvdmVyc2lvbnMvMC4xL2VudGl0aWVzLzI3YmU0MzNkLTNkNDgtNGJmMy1iMTM4LWNkZjJhYWVhYzA5MA==",
      "RequestMethod": "DELETE",
      "RequestBody": "",
      "RequestHeaders": {
        "Ocp-Apim-Subscription-Key": [
          "00000000000000000000000000000000"
        ],
        "User-Agent": [
          "FxVersion/4.6.25211.01",
          "Microsoft.Azure.CognitiveServices.Language.LUIS.Authoring.LuisAuthoringAPI/2.0.0.0"
        ]
      },
      "ResponseBody": "{\r\n  \"code\": \"Success\",\r\n  \"message\": \"Operation Successful\"\r\n}",
      "ResponseHeaders": {
        "Content-Length": [
          "51"
        ],
        "Content-Type": [
          "application/json; charset=utf-8"
        ],
        "Cache-Control": [
          "no-store, proxy-revalidate, no-cache, max-age=0, private"
        ],
        "Date": [
          "Mon, 28 May 2018 23:44:19 GMT"
        ],
        "Pragma": [
          "no-cache"
        ],
        "Apim-Request-Id": [
          "ff3bca2c-0003-4008-8860-b3841f26f9bd"
        ],
        "Request-Id": [
          "ff3bca2c-0003-4008-8860-b3841f26f9bd"
        ],
        "Request-Context": [
          "appId=cid-v1:26a3540d-a02a-4998-a060-715488fd769b"
        ],
        "X-Content-Type-Options": [
          "nosniff"
        ],
        "X-Frame-Options": [
          "SAMEORIGIN"
        ],
        "X-Powered-By": [
          "ASP.NET"
        ],
        "Strict-Transport-Security": [
          "max-age=31536000; includeSubDomains; preload"
        ]
      },
      "StatusCode": 200
    }
  ],
  "Names": {},
  "Variables": {}
}