{
  "Entries": [
    {
      "RequestUri": "/subscriptions/0d3ae56c-deaf-4982-b514-33d016d4a683/resourcegroups/csmrg7816?api-version=2015-11-01",
      "EncodedRequestUri": "L3N1YnNjcmlwdGlvbnMvMGQzYWU1NmMtZGVhZi00OTgyLWI1MTQtMzNkMDE2ZDRhNjgzL3Jlc291cmNlZ3JvdXBzL2NzbXJnNzgxNj9hcGktdmVyc2lvbj0yMDE1LTExLTAx",
      "RequestMethod": "PUT",
      "RequestBody": "{\r\n  \"location\": \"West US\"\r\n}",
      "RequestHeaders": {
        "Content-Type": [
          "application/json; charset=utf-8"
        ],
        "Content-Length": [
          "29"
        ],
        "x-ms-client-request-id": [
          "fa2a3b5c-b777-4283-a800-ee5f1c459bdd"
        ],
        "accept-language": [
          "en-US"
        ],
        "User-Agent": [
          "FxVersion/4.6.24214.01",
          "Microsoft.Azure.Management.Resources.ResourceManagementClient/1.0.0-preview"
        ]
      },
      "ResponseBody": "{\r\n  \"id\": \"/subscriptions/0d3ae56c-deaf-4982-b514-33d016d4a683/resourceGroups/csmrg7816\",\r\n  \"name\": \"csmrg7816\",\r\n  \"location\": \"westus\",\r\n  \"properties\": {\r\n    \"provisioningState\": \"Succeeded\"\r\n  }\r\n}",
      "ResponseHeaders": {
        "Content-Length": [
          "171"
        ],
        "Content-Type": [
          "application/json; charset=utf-8"
        ],
        "Expires": [
          "-1"
        ],
        "Cache-Control": [
          "no-cache"
        ],
        "Date": [
          "Fri, 27 Jan 2017 19:04:56 GMT"
        ],
        "Pragma": [
          "no-cache"
        ],
        "x-ms-ratelimit-remaining-subscription-writes": [
          "1199"
        ],
        "x-ms-request-id": [
          "ab2ddb9e-8c33-4303-8db2-675a4b927588"
        ],
        "x-ms-correlation-request-id": [
          "ab2ddb9e-8c33-4303-8db2-675a4b927588"
        ],
        "x-ms-routing-request-id": [
          "WESTUS2:20170127T190457Z:ab2ddb9e-8c33-4303-8db2-675a4b927588"
        ],
        "Strict-Transport-Security": [
          "max-age=31536000; includeSubDomains"
        ]
      },
      "StatusCode": 201
    },
    {
      "RequestUri": "/subscriptions/0d3ae56c-deaf-4982-b514-33d016d4a683/resourceGroups/csmrg7816/providers/Microsoft.Web/serverfarms/csmsf757?api-version=2016-09-01",
      "EncodedRequestUri": "L3N1YnNjcmlwdGlvbnMvMGQzYWU1NmMtZGVhZi00OTgyLWI1MTQtMzNkMDE2ZDRhNjgzL3Jlc291cmNlR3JvdXBzL2NzbXJnNzgxNi9wcm92aWRlcnMvTWljcm9zb2Z0LldlYi9zZXJ2ZXJmYXJtcy9jc21zZjc1Nz9hcGktdmVyc2lvbj0yMDE2LTA5LTAx",
      "RequestMethod": "PUT",
      "RequestBody": "{\r\n  \"sku\": {\r\n    \"name\": \"S1\",\r\n    \"tier\": \"Standard\",\r\n    \"capacity\": 1\r\n  },\r\n  \"name\": \"csmsf757\",\r\n  \"location\": \"West US\"\r\n}",
      "RequestHeaders": {
        "Content-Type": [
          "application/json; charset=utf-8"
        ],
        "Content-Length": [
          "133"
        ],
        "x-ms-client-request-id": [
          "910f5867-e33a-4f84-938c-36fcae35d4c6"
        ],
        "accept-language": [
          "en-US"
        ],
        "User-Agent": [
          "FxVersion/4.6.24214.01",
          "Microsoft.Azure.Management.WebSites.WebSiteManagementClient/1.5.0-preview"
        ]
      },
      "ResponseBody": "{\r\n  \"id\": \"/subscriptions/0d3ae56c-deaf-4982-b514-33d016d4a683/resourceGroups/csmrg7816/providers/Microsoft.Web/serverfarms/csmsf757\",\r\n  \"name\": \"csmsf757\",\r\n  \"type\": \"Microsoft.Web/serverfarms\",\r\n  \"kind\": \"app\",\r\n  \"location\": \"West US\",\r\n  \"tags\": null,\r\n  \"properties\": {\r\n    \"serverFarmId\": 0,\r\n    \"name\": \"csmsf757\",\r\n    \"workerSize\": \"Small\",\r\n    \"workerSizeId\": 0,\r\n    \"workerTierName\": null,\r\n    \"numberOfWorkers\": 1,\r\n    \"currentWorkerSize\": \"Small\",\r\n    \"currentWorkerSizeId\": 0,\r\n    \"currentNumberOfWorkers\": 1,\r\n    \"status\": \"Ready\",\r\n    \"webSpace\": \"csmrg7816-WestUSwebspace\",\r\n    \"subscription\": \"0d3ae56c-deaf-4982-b514-33d016d4a683\",\r\n    \"adminSiteName\": null,\r\n    \"hostingEnvironment\": null,\r\n    \"hostingEnvironmentProfile\": null,\r\n    \"maximumNumberOfWorkers\": 10,\r\n    \"planName\": \"VirtualDedicatedPlan\",\r\n    \"adminRuntimeSiteName\": null,\r\n    \"computeMode\": \"Shared\",\r\n    \"siteMode\": null,\r\n    \"geoRegion\": \"West US\",\r\n    \"perSiteScaling\": false,\r\n    \"numberOfSites\": 0,\r\n    \"hostingEnvironmentId\": null,\r\n    \"tags\": null,\r\n    \"kind\": \"app\",\r\n    \"resourceGroup\": \"csmrg7816\",\r\n    \"reserved\": false,\r\n    \"mdmId\": \"waws-prod-bay-067_6970\",\r\n    \"targetWorkerCount\": 0,\r\n    \"targetWorkerSizeId\": 0,\r\n    \"provisioningState\": \"Succeeded\"\r\n  },\r\n  \"sku\": {\r\n    \"name\": \"S1\",\r\n    \"tier\": \"Standard\",\r\n    \"size\": \"S1\",\r\n    \"family\": \"S\",\r\n    \"capacity\": 1\r\n  }\r\n}",
      "ResponseHeaders": {
        "Content-Type": [
          "application/json"
        ],
        "Expires": [
          "-1"
        ],
        "Cache-Control": [
          "no-cache"
        ],
        "Date": [
          "Fri, 27 Jan 2017 19:05:13 GMT"
        ],
        "Pragma": [
          "no-cache"
        ],
        "Transfer-Encoding": [
          "chunked"
        ],
        "Server": [
          "Microsoft-IIS/8.0"
        ],
        "Vary": [
          "Accept-Encoding"
        ],
        "Strict-Transport-Security": [
          "max-age=31536000; includeSubDomains"
        ],
        "x-ms-request-id": [
          "22d892a7-1de4-42a1-8148-98b968cceaae"
        ],
        "X-AspNet-Version": [
          "4.0.30319"
        ],
        "X-Powered-By": [
          "ASP.NET"
        ],
        "x-ms-ratelimit-remaining-subscription-writes": [
          "1198"
        ],
        "x-ms-correlation-request-id": [
          "83317224-06be-438c-b0ae-31107ed43238"
        ],
        "x-ms-routing-request-id": [
          "WESTUS2:20170127T190514Z:83317224-06be-438c-b0ae-31107ed43238"
        ]
      },
      "StatusCode": 200
    },
    {
      "RequestUri": "/subscriptions/0d3ae56c-deaf-4982-b514-33d016d4a683/resourceGroups/csmrg7816/providers/Microsoft.Web/sites/csmws5492?api-version=2016-08-01",
      "EncodedRequestUri": "L3N1YnNjcmlwdGlvbnMvMGQzYWU1NmMtZGVhZi00OTgyLWI1MTQtMzNkMDE2ZDRhNjgzL3Jlc291cmNlR3JvdXBzL2NzbXJnNzgxNi9wcm92aWRlcnMvTWljcm9zb2Z0LldlYi9zaXRlcy9jc213czU0OTI/YXBpLXZlcnNpb249MjAxNi0wOC0wMQ==",
      "RequestMethod": "PUT",
      "RequestBody": "{\r\n  \"properties\": {\r\n    \"serverFarmId\": \"/subscriptions/0d3ae56c-deaf-4982-b514-33d016d4a683/resourcegroups/csmrg7816/providers/Microsoft.Web/serverfarms/csmsf757\"\r\n  },\r\n  \"name\": \"csmws5492\",\r\n  \"location\": \"West US\"\r\n}",
      "RequestHeaders": {
        "Content-Type": [
          "application/json; charset=utf-8"
        ],
        "Content-Length": [
          "223"
        ],
        "x-ms-client-request-id": [
          "fb6d842d-402f-4013-9a4c-fc071fd38b04"
        ],
        "accept-language": [
          "en-US"
        ],
        "User-Agent": [
          "FxVersion/4.6.24214.01",
          "Microsoft.Azure.Management.WebSites.WebSiteManagementClient/1.5.0-preview"
        ]
      },
      "ResponseBody": "{\r\n  \"id\": \"/subscriptions/0d3ae56c-deaf-4982-b514-33d016d4a683/resourceGroups/csmrg7816/providers/Microsoft.Web/sites/csmws5492\",\r\n  \"name\": \"csmws5492\",\r\n  \"type\": \"Microsoft.Web/sites\",\r\n  \"kind\": \"app\",\r\n  \"location\": \"West US\",\r\n  \"tags\": null,\r\n  \"properties\": {\r\n    \"name\": \"csmws5492\",\r\n    \"state\": \"Running\",\r\n    \"hostNames\": [\r\n      \"csmws5492.azurewebsites.net\"\r\n    ],\r\n    \"webSpace\": \"csmrg7816-WestUSwebspace\",\r\n    \"selfLink\": \"https://waws-prod-bay-067.api.azurewebsites.windows.net:454/subscriptions/0d3ae56c-deaf-4982-b514-33d016d4a683/webspaces/csmrg7816-WestUSwebspace/sites/csmws5492\",\r\n    \"repositorySiteName\": \"csmws5492\",\r\n    \"owner\": null,\r\n    \"usageState\": \"Normal\",\r\n    \"enabled\": true,\r\n    \"adminEnabled\": true,\r\n    \"enabledHostNames\": [\r\n      \"csmws5492.azurewebsites.net\",\r\n      \"csmws5492.scm.azurewebsites.net\"\r\n    ],\r\n    \"siteProperties\": {\r\n      \"metadata\": null,\r\n      \"properties\": [],\r\n      \"appSettings\": null\r\n    },\r\n    \"availabilityState\": \"Normal\",\r\n    \"sslCertificates\": null,\r\n    \"csrs\": [],\r\n    \"cers\": null,\r\n    \"siteMode\": null,\r\n    \"hostNameSslStates\": [\r\n      {\r\n        \"name\": \"csmws5492.azurewebsites.net\",\r\n        \"sslState\": \"Disabled\",\r\n        \"ipBasedSslResult\": null,\r\n        \"virtualIP\": null,\r\n        \"thumbprint\": null,\r\n        \"toUpdate\": null,\r\n        \"toUpdateIpBasedSsl\": null,\r\n        \"ipBasedSslState\": \"NotConfigured\",\r\n        \"hostType\": \"Standard\"\r\n      },\r\n      {\r\n        \"name\": \"csmws5492.scm.azurewebsites.net\",\r\n        \"sslState\": \"Disabled\",\r\n        \"ipBasedSslResult\": null,\r\n        \"virtualIP\": null,\r\n        \"thumbprint\": null,\r\n        \"toUpdate\": null,\r\n        \"toUpdateIpBasedSsl\": null,\r\n        \"ipBasedSslState\": \"NotConfigured\",\r\n        \"hostType\": \"Repository\"\r\n      }\r\n    ],\r\n    \"computeMode\": null,\r\n    \"serverFarm\": null,\r\n    \"serverFarmId\": \"/subscriptions/0d3ae56c-deaf-4982-b514-33d016d4a683/resourceGroups/csmrg7816/providers/Microsoft.Web/serverfarms/csmsf757\",\r\n    \"reserved\": false,\r\n    \"lastModifiedTimeUtc\": \"2017-01-27T19:05:16.39\",\r\n    \"storageRecoveryDefaultState\": \"Running\",\r\n    \"contentAvailabilityState\": \"Normal\",\r\n    \"runtimeAvailabilityState\": \"Normal\",\r\n    \"siteConfig\": null,\r\n    \"deploymentId\": \"csmws5492\",\r\n    \"trafficManagerHostNames\": null,\r\n    \"sku\": \"Standard\",\r\n    \"premiumAppDeployed\": null,\r\n    \"scmSiteAlsoStopped\": false,\r\n    \"targetSwapSlot\": null,\r\n    \"hostingEnvironment\": null,\r\n    \"hostingEnvironmentProfile\": null,\r\n    \"microService\": \"WebSites\",\r\n    \"gatewaySiteName\": null,\r\n    \"clientAffinityEnabled\": true,\r\n    \"clientCertEnabled\": false,\r\n    \"hostNamesDisabled\": false,\r\n    \"domainVerificationIdentifiers\": null,\r\n    \"kind\": \"app\",\r\n    \"outboundIpAddresses\": \"23.99.58.14,23.99.60.163,23.99.57.5,23.99.60.173\",\r\n    \"containerSize\": 0,\r\n    \"dailyMemoryTimeQuota\": 0,\r\n    \"suspendedTill\": null,\r\n    \"siteDisabledReason\": 0,\r\n    \"functionExecutionUnitsCache\": null,\r\n    \"maxNumberOfWorkers\": null,\r\n    \"homeStamp\": \"waws-prod-bay-067\",\r\n    \"cloningInfo\": null,\r\n    \"hostingEnvironmentId\": null,\r\n    \"tags\": null,\r\n    \"resourceGroup\": \"csmrg7816\",\r\n    \"defaultHostName\": \"csmws5492.azurewebsites.net\",\r\n    \"slotSwapStatus\": null\r\n  }\r\n}",
      "ResponseHeaders": {
        "Content-Type": [
          "application/json"
        ],
        "Expires": [
          "-1"
        ],
        "Cache-Control": [
          "no-cache"
        ],
        "Date": [
          "Fri, 27 Jan 2017 19:05:17 GMT"
        ],
        "Pragma": [
          "no-cache"
        ],
        "Transfer-Encoding": [
          "chunked"
        ],
        "Server": [
          "Microsoft-IIS/8.0"
        ],
        "Vary": [
          "Accept-Encoding"
        ],
        "Strict-Transport-Security": [
          "max-age=31536000; includeSubDomains"
        ],
        "x-ms-request-id": [
          "287a20bb-dd4e-40a3-b763-161905e3fdb1"
        ],
        "X-AspNet-Version": [
          "4.0.30319"
        ],
        "X-Powered-By": [
          "ASP.NET"
        ],
        "x-ms-ratelimit-remaining-subscription-writes": [
          "1197"
        ],
        "x-ms-correlation-request-id": [
          "733bdac1-a00f-46fd-958d-3c8e3e25a5b9"
        ],
        "x-ms-routing-request-id": [
          "WESTUS2:20170127T190517Z:733bdac1-a00f-46fd-958d-3c8e3e25a5b9"
        ]
      },
      "StatusCode": 200
    },
    {
      "RequestUri": "/subscriptions/0d3ae56c-deaf-4982-b514-33d016d4a683/resourceGroups/csmrg7816/providers/Microsoft.Web/sites/csmws5492/backups?api-version=2016-08-01",
      "EncodedRequestUri": "L3N1YnNjcmlwdGlvbnMvMGQzYWU1NmMtZGVhZi00OTgyLWI1MTQtMzNkMDE2ZDRhNjgzL3Jlc291cmNlR3JvdXBzL2NzbXJnNzgxNi9wcm92aWRlcnMvTWljcm9zb2Z0LldlYi9zaXRlcy9jc213czU0OTIvYmFja3Vwcz9hcGktdmVyc2lvbj0yMDE2LTA4LTAx",
      "RequestMethod": "GET",
      "RequestBody": "",
      "RequestHeaders": {
        "x-ms-client-request-id": [
          "5b52b731-fecd-45ca-a390-b2ad5a5e93b7"
        ],
        "accept-language": [
          "en-US"
        ],
        "User-Agent": [
          "FxVersion/4.6.24214.01",
          "Microsoft.Azure.Management.WebSites.WebSiteManagementClient/1.5.0-preview"
        ]
      },
      "ResponseBody": "{\r\n  \"value\": [],\r\n  \"nextLink\": null,\r\n  \"id\": null\r\n}",
      "ResponseHeaders": {
        "Content-Type": [
          "application/json"
        ],
        "Expires": [
          "-1"
        ],
        "Cache-Control": [
          "no-cache"
        ],
        "Date": [
          "Fri, 27 Jan 2017 19:05:17 GMT"
        ],
        "Pragma": [
          "no-cache"
        ],
        "Transfer-Encoding": [
          "chunked"
        ],
        "Server": [
          "Microsoft-IIS/8.0"
        ],
        "Vary": [
          "Accept-Encoding"
        ],
        "Strict-Transport-Security": [
          "max-age=31536000; includeSubDomains"
        ],
        "x-ms-request-id": [
          "c73ac4ef-27b2-4df2-a4ad-595fbb31bf18"
        ],
        "X-AspNet-Version": [
          "4.0.30319"
        ],
        "X-Powered-By": [
          "ASP.NET"
        ],
        "x-ms-ratelimit-remaining-subscription-reads": [
          "14835"
        ],
        "x-ms-correlation-request-id": [
          "1e56d888-4d24-4e77-b68d-ad87aa0922cf"
        ],
        "x-ms-routing-request-id": [
          "WESTUS2:20170127T190517Z:1e56d888-4d24-4e77-b68d-ad87aa0922cf"
        ]
      },
      "StatusCode": 200
    },
    {
      "RequestUri": "/subscriptions/0d3ae56c-deaf-4982-b514-33d016d4a683/resourceGroups/csmrg7816/providers/Microsoft.Web/sites/csmws5492/config/backup?api-version=2016-08-01",
      "EncodedRequestUri": "L3N1YnNjcmlwdGlvbnMvMGQzYWU1NmMtZGVhZi00OTgyLWI1MTQtMzNkMDE2ZDRhNjgzL3Jlc291cmNlR3JvdXBzL2NzbXJnNzgxNi9wcm92aWRlcnMvTWljcm9zb2Z0LldlYi9zaXRlcy9jc213czU0OTIvY29uZmlnL2JhY2t1cD9hcGktdmVyc2lvbj0yMDE2LTA4LTAx",
      "RequestMethod": "PUT",
      "RequestBody": "{\r\n  \"properties\": {\r\n    \"name\": \"abc\",\r\n    \"enabled\": false,\r\n    \"storageAccountUrl\": \"https://nonexistingusername3567.blob.core.windows.net/backup/?sv=2012-02-12&st=2013-12-05T19%3A30%3A45Z&se=2017-12-04T19%3A30%3A45Z&sr=c&sp=rwdl&sig=3BY5sbzQ2NeKvdaelzxc8inxJgE1mGq2a%2BaqUeFGJYo%3D\",\r\n    \"backupSchedule\": {\r\n      \"frequencyInterval\": 17,\r\n      \"frequencyUnit\": \"Day\",\r\n      \"keepAtLeastOneBackup\": true,\r\n      \"retentionPeriodInDays\": 26,\r\n      \"startTime\": \"2017-02-01T19:05:17.6738839Z\"\r\n    }\r\n  },\r\n  \"location\": \"West US\"\r\n}",
      "RequestHeaders": {
        "Content-Type": [
          "application/json; charset=utf-8"
        ],
        "Content-Length": [
          "543"
        ],
        "x-ms-client-request-id": [
          "d0bf6dc9-8229-49dd-a89c-fea53fe949f5"
        ],
        "accept-language": [
          "en-US"
        ],
        "User-Agent": [
          "FxVersion/4.6.24214.01",
          "Microsoft.Azure.Management.WebSites.WebSiteManagementClient/1.5.0-preview"
        ]
      },
      "ResponseBody": "",
      "ResponseHeaders": {
        "Content-Length": [
          "0"
        ],
        "Expires": [
          "-1"
        ],
        "Cache-Control": [
          "no-cache"
        ],
        "Date": [
          "Fri, 27 Jan 2017 19:05:17 GMT"
        ],
        "Pragma": [
          "no-cache"
        ],
        "Server": [
          "Microsoft-IIS/8.0"
        ],
        "Strict-Transport-Security": [
          "max-age=31536000; includeSubDomains"
        ],
        "x-ms-request-id": [
          "fcbdad96-af04-4c03-8dd6-4734817ac0b2"
        ],
        "X-AspNet-Version": [
          "4.0.30319"
        ],
        "X-Powered-By": [
          "ASP.NET"
        ],
        "x-ms-ratelimit-remaining-subscription-writes": [
          "1196"
        ],
        "x-ms-correlation-request-id": [
          "d7b43603-9f77-43c8-8ee0-5a39bb3e2767"
        ],
        "x-ms-routing-request-id": [
          "WESTUS2:20170127T190518Z:d7b43603-9f77-43c8-8ee0-5a39bb3e2767"
        ]
      },
      "StatusCode": 200
    },
    {
      "RequestUri": "/subscriptions/0d3ae56c-deaf-4982-b514-33d016d4a683/resourceGroups/csmrg7816/providers/Microsoft.Web/sites/csmws5492/config/backup/list?api-version=2016-08-01",
      "EncodedRequestUri": "L3N1YnNjcmlwdGlvbnMvMGQzYWU1NmMtZGVhZi00OTgyLWI1MTQtMzNkMDE2ZDRhNjgzL3Jlc291cmNlR3JvdXBzL2NzbXJnNzgxNi9wcm92aWRlcnMvTWljcm9zb2Z0LldlYi9zaXRlcy9jc213czU0OTIvY29uZmlnL2JhY2t1cC9saXN0P2FwaS12ZXJzaW9uPTIwMTYtMDgtMDE=",
      "RequestMethod": "POST",
      "RequestBody": "",
      "RequestHeaders": {
        "x-ms-client-request-id": [
          "6440b025-402b-478e-84c4-2aa87b2aaa3c"
        ],
        "accept-language": [
          "en-US"
        ],
        "User-Agent": [
          "FxVersion/4.6.24214.01",
          "Microsoft.Azure.Management.WebSites.WebSiteManagementClient/1.5.0-preview"
        ]
      },
      "ResponseBody": "{\r\n  \"id\": \"/subscriptions/0d3ae56c-deaf-4982-b514-33d016d4a683/resourceGroups/csmrg7816/providers/Microsoft.Web/sites/csmws5492\",\r\n  \"name\": \"csmws5492\",\r\n  \"type\": \"Microsoft.Web/sites\",\r\n  \"location\": \"West US\",\r\n  \"tags\": null,\r\n  \"properties\": {\r\n    \"name\": \"abc\",\r\n    \"enabled\": false,\r\n    \"storageAccountUrl\": \"https://nonexistingusername3567.blob.core.windows.net/backup/?sv=2012-02-12&st=2013-12-05T19%3A30%3A45Z&se=2017-12-04T19%3A30%3A45Z&sr=c&sp=rwdl&sig=3BY5sbzQ2NeKvdaelzxc8inxJgE1mGq2a%2BaqUeFGJYo%3D\",\r\n    \"backupSchedule\": {\r\n      \"frequencyInterval\": 17,\r\n      \"frequencyUnit\": \"Day\",\r\n      \"keepAtLeastOneBackup\": true,\r\n      \"retentionPeriodInDays\": 26,\r\n      \"startTime\": \"2017-02-01T19:05:17.6738839\"\r\n    },\r\n    \"databases\": null,\r\n    \"type\": \"Default\"\r\n  }\r\n}",
      "ResponseHeaders": {
        "Content-Type": [
          "application/json"
        ],
        "Expires": [
          "-1"
        ],
        "Cache-Control": [
          "no-cache"
        ],
        "Date": [
          "Fri, 27 Jan 2017 19:05:18 GMT"
        ],
        "Pragma": [
          "no-cache"
        ],
        "Transfer-Encoding": [
          "chunked"
        ],
        "Server": [
          "Microsoft-IIS/8.0"
        ],
        "Vary": [
          "Accept-Encoding"
        ],
        "Strict-Transport-Security": [
          "max-age=31536000; includeSubDomains"
        ],
        "x-ms-request-id": [
          "31a101fb-0839-46ff-8051-26459190896f"
        ],
        "X-AspNet-Version": [
          "4.0.30319"
        ],
        "X-Powered-By": [
          "ASP.NET"
        ],
        "x-ms-ratelimit-remaining-subscription-resource-requests": [
          "11993"
        ],
        "x-ms-correlation-request-id": [
          "d8cb7fa3-ed24-437b-bd78-196c5f074f29"
        ],
        "x-ms-routing-request-id": [
          "WESTUS2:20170127T190518Z:d8cb7fa3-ed24-437b-bd78-196c5f074f29"
        ]
      },
      "StatusCode": 200
    },
    {
      "RequestUri": "/subscriptions/0d3ae56c-deaf-4982-b514-33d016d4a683/resourceGroups/csmrg7816/providers/Microsoft.Web/sites/csmws5492?deleteMetrics=true&api-version=2016-08-01",
      "EncodedRequestUri": "L3N1YnNjcmlwdGlvbnMvMGQzYWU1NmMtZGVhZi00OTgyLWI1MTQtMzNkMDE2ZDRhNjgzL3Jlc291cmNlR3JvdXBzL2NzbXJnNzgxNi9wcm92aWRlcnMvTWljcm9zb2Z0LldlYi9zaXRlcy9jc213czU0OTI/ZGVsZXRlTWV0cmljcz10cnVlJmFwaS12ZXJzaW9uPTIwMTYtMDgtMDE=",
      "RequestMethod": "DELETE",
      "RequestBody": "",
      "RequestHeaders": {
        "x-ms-client-request-id": [
          "415c9b4e-868c-4103-a524-df60f559fcd3"
        ],
        "accept-language": [
          "en-US"
        ],
        "User-Agent": [
          "FxVersion/4.6.24214.01",
          "Microsoft.Azure.Management.WebSites.WebSiteManagementClient/1.5.0-preview"
        ]
      },
      "ResponseBody": "",
      "ResponseHeaders": {
        "Content-Length": [
          "0"
        ],
        "Expires": [
          "-1"
        ],
        "Cache-Control": [
          "no-cache"
        ],
        "Date": [
          "Fri, 27 Jan 2017 19:05:21 GMT"
        ],
        "Pragma": [
          "no-cache"
        ],
        "ETag": [
          "\"1D278D04B9E5F4B\""
        ],
        "Server": [
          "Microsoft-IIS/8.0"
        ],
        "Strict-Transport-Security": [
          "max-age=31536000; includeSubDomains"
        ],
        "x-ms-request-id": [
          "166e98ca-9f42-4380-ac7b-f7035627fbf8"
        ],
        "X-AspNet-Version": [
          "4.0.30319"
        ],
        "X-Powered-By": [
          "ASP.NET"
        ],
        "x-ms-ratelimit-remaining-subscription-writes": [
          "1195"
        ],
        "x-ms-correlation-request-id": [
          "9ae9e851-827b-4a6b-99e9-11fc4d3a85f7"
        ],
        "x-ms-routing-request-id": [
          "WESTUS2:20170127T190521Z:9ae9e851-827b-4a6b-99e9-11fc4d3a85f7"
        ]
      },
      "StatusCode": 200
    },
    {
      "RequestUri": "/subscriptions/0d3ae56c-deaf-4982-b514-33d016d4a683/resourceGroups/csmrg7816/providers/Microsoft.Web/serverfarms/csmsf757?api-version=2016-09-01",
      "EncodedRequestUri": "L3N1YnNjcmlwdGlvbnMvMGQzYWU1NmMtZGVhZi00OTgyLWI1MTQtMzNkMDE2ZDRhNjgzL3Jlc291cmNlR3JvdXBzL2NzbXJnNzgxNi9wcm92aWRlcnMvTWljcm9zb2Z0LldlYi9zZXJ2ZXJmYXJtcy9jc21zZjc1Nz9hcGktdmVyc2lvbj0yMDE2LTA5LTAx",
      "RequestMethod": "DELETE",
      "RequestBody": "",
      "RequestHeaders": {
        "x-ms-client-request-id": [
          "eb07cf51-f76c-4158-82af-b6da8231954e"
        ],
        "accept-language": [
          "en-US"
        ],
        "User-Agent": [
          "FxVersion/4.6.24214.01",
          "Microsoft.Azure.Management.WebSites.WebSiteManagementClient/1.5.0-preview"
        ]
      },
      "ResponseBody": "",
      "ResponseHeaders": {
        "Content-Length": [
          "0"
        ],
        "Expires": [
          "-1"
        ],
        "Cache-Control": [
          "no-cache"
        ],
        "Date": [
          "Fri, 27 Jan 2017 19:05:21 GMT"
        ],
        "Pragma": [
          "no-cache"
        ],
        "Server": [
          "Microsoft-IIS/8.0"
        ],
        "Strict-Transport-Security": [
          "max-age=31536000; includeSubDomains"
        ],
        "x-ms-request-id": [
          "5ba08c63-2a5a-4daa-8fb4-4714d2220a24"
        ],
        "X-AspNet-Version": [
          "4.0.30319"
        ],
        "X-Powered-By": [
          "ASP.NET"
        ],
        "x-ms-ratelimit-remaining-subscription-writes": [
          "1194"
        ],
        "x-ms-correlation-request-id": [
          "df605a3c-8747-462c-8b2f-04a6bd4d0c49"
        ],
        "x-ms-routing-request-id": [
          "WESTUS2:20170127T190521Z:df605a3c-8747-462c-8b2f-04a6bd4d0c49"
        ]
      },
      "StatusCode": 200
    },
    {
      "RequestUri": "/subscriptions/0d3ae56c-deaf-4982-b514-33d016d4a683/resourceGroups/csmrg7816/providers/Microsoft.Web/serverfarms?api-version=2016-09-01",
      "EncodedRequestUri": "L3N1YnNjcmlwdGlvbnMvMGQzYWU1NmMtZGVhZi00OTgyLWI1MTQtMzNkMDE2ZDRhNjgzL3Jlc291cmNlR3JvdXBzL2NzbXJnNzgxNi9wcm92aWRlcnMvTWljcm9zb2Z0LldlYi9zZXJ2ZXJmYXJtcz9hcGktdmVyc2lvbj0yMDE2LTA5LTAx",
      "RequestMethod": "GET",
      "RequestBody": "",
      "RequestHeaders": {
        "x-ms-client-request-id": [
          "48af0532-b4f8-45f5-894b-f5333cfdaafc"
        ],
        "accept-language": [
          "en-US"
        ],
        "User-Agent": [
          "FxVersion/4.6.24214.01",
          "Microsoft.Azure.Management.WebSites.WebSiteManagementClient/1.5.0-preview"
        ]
      },
      "ResponseBody": "{\r\n  \"value\": [],\r\n  \"nextLink\": null,\r\n  \"id\": null\r\n}",
      "ResponseHeaders": {
        "Content-Type": [
          "application/json"
        ],
        "Expires": [
          "-1"
        ],
        "Cache-Control": [
          "no-cache"
        ],
        "Date": [
          "Fri, 27 Jan 2017 19:05:21 GMT"
        ],
        "Pragma": [
          "no-cache"
        ],
        "Transfer-Encoding": [
          "chunked"
        ],
        "Server": [
          "Microsoft-IIS/8.0"
        ],
        "Vary": [
          "Accept-Encoding"
        ],
        "Strict-Transport-Security": [
          "max-age=31536000; includeSubDomains"
        ],
        "x-ms-request-id": [
          "580e67a6-9165-40c9-8422-af7a2883d07c"
        ],
        "X-AspNet-Version": [
          "4.0.30319"
        ],
        "X-Powered-By": [
          "ASP.NET"
        ],
        "x-ms-ratelimit-remaining-subscription-reads": [
          "14834"
        ],
        "x-ms-correlation-request-id": [
          "26950c54-d17b-40a1-8532-1ff59c9d92e5"
        ],
        "x-ms-routing-request-id": [
          "WESTUS2:20170127T190522Z:26950c54-d17b-40a1-8532-1ff59c9d92e5"
        ]
      },
      "StatusCode": 200
    }
  ],
  "Names": {
    "ListBackupsAndScheduledBackupRoundTrip": [
      "csmsf757",
      "csmrg7816",
      "csmws5492"
    ]
  },
  "Variables": {
    "SubscriptionId": "0d3ae56c-deaf-4982-b514-33d016d4a683"
  }
}