{
  "Entries": [
    {
      "RequestUri": "https://management.azure.com/subscriptions/db1ab6f0-4769-4b27-930e-01e2ef9c123c?api-version=2019-11-01",
      "RequestMethod": "GET",
      "RequestHeaders": {
        "Accept": "application/json",
        "Authorization": "Sanitized",
        "traceparent": "00-1f1db9355217db4897b6092192483a4a-01971c501707d04e-00",
        "User-Agent": "azsdk-net-ResourceManager/1.0.0-beta.5 (.NET Framework 4.8.4300.0; Microsoft Windows 10.0.19043 )",
        "x-ms-client-request-id": "dba8ff9ab36327d57c253a62c3c731c3",
        "x-ms-return-client-request-id": "true"
      },
      "RequestBody": null,
      "StatusCode": 200,
      "ResponseHeaders": {
        "Cache-Control": "no-cache",
        "Content-Length": "468",
        "Content-Type": "application/json; charset=utf-8",
        "Date": "Mon, 15 Nov 2021 06:17:53 GMT",
        "Expires": "-1",
        "Pragma": "no-cache",
        "Strict-Transport-Security": "max-age=31536000; includeSubDomains",
        "X-Content-Type-Options": "nosniff",
        "x-ms-correlation-request-id": "91bfffe7-f7a9-4910-84b1-b61a6ea91390",
        "x-ms-ratelimit-remaining-subscription-reads": "11994",
        "x-ms-request-id": "91bfffe7-f7a9-4910-84b1-b61a6ea91390",
        "x-ms-routing-request-id": "SOUTHEASTASIA:20211115T061753Z:91bfffe7-f7a9-4910-84b1-b61a6ea91390"
      },
      "ResponseBody": {
        "id": "/subscriptions/db1ab6f0-4769-4b27-930e-01e2ef9c123c",
        "authorizationSource": "RoleBased",
        "managedByTenants": [],
        "tags": {
          "tagKey1": "tagValue1",
          "tagKey2": "tagValue2"
        },
        "subscriptionId": "db1ab6f0-4769-4b27-930e-01e2ef9c123c",
        "tenantId": "72f988bf-86f1-41af-91ab-2d7cd011db47",
        "displayName": ".NET Mgmt SDK Test with TTL = 1 Day",
        "state": "Enabled",
        "subscriptionPolicies": {
          "locationPlacementId": "Internal_2014-09-01",
          "quotaId": "Internal_2014-09-01",
          "spendingLimit": "Off"
        }
      }
    },
    {
      "RequestUri": "https://management.azure.com/subscriptions/db1ab6f0-4769-4b27-930e-01e2ef9c123c/resourcegroups/testRg-8991?api-version=2019-10-01",
      "RequestMethod": "PUT",
      "RequestHeaders": {
        "Accept": "application/json",
        "Authorization": "Sanitized",
        "Content-Length": "21",
        "Content-Type": "application/json",
        "User-Agent": "azsdk-net-ResourceManager/1.0.0-beta.5 (.NET Framework 4.8.4300.0; Microsoft Windows 10.0.19043 )",
        "x-ms-client-request-id": "897c8c66b3d9da472e4dbbdcc5db24d7",
        "x-ms-return-client-request-id": "true"
      },
      "RequestBody": {
        "location": "westus"
      },
      "StatusCode": 201,
      "ResponseHeaders": {
        "Cache-Control": "no-cache",
        "Content-Length": "219",
        "Content-Type": "application/json; charset=utf-8",
        "Date": "Mon, 15 Nov 2021 06:17:54 GMT",
        "Expires": "-1",
        "Pragma": "no-cache",
        "Strict-Transport-Security": "max-age=31536000; includeSubDomains",
        "X-Content-Type-Options": "nosniff",
        "x-ms-correlation-request-id": "b1ffc92d-1745-4c7e-8274-7e7bbad9f8df",
        "x-ms-ratelimit-remaining-subscription-writes": "1197",
        "x-ms-request-id": "b1ffc92d-1745-4c7e-8274-7e7bbad9f8df",
        "x-ms-routing-request-id": "SOUTHEASTASIA:20211115T061754Z:b1ffc92d-1745-4c7e-8274-7e7bbad9f8df"
      },
      "ResponseBody": {
        "id": "/subscriptions/db1ab6f0-4769-4b27-930e-01e2ef9c123c/resourceGroups/testRg-8991",
        "name": "testRg-8991",
        "type": "Microsoft.Resources/resourceGroups",
        "location": "westus",
        "properties": {
          "provisioningState": "Succeeded"
        }
      }
    },
    {
      "RequestUri": "https://management.azure.com/subscriptions/db1ab6f0-4769-4b27-930e-01e2ef9c123c/resourceGroups/testRg-8991/providers/Microsoft.DeviceUpdate/accounts/Account-5080?api-version=2020-03-01-preview",
      "RequestMethod": "PUT",
      "RequestHeaders": {
        "Accept": "application/json",
        "Authorization": "Sanitized",
        "Content-Length": "38",
        "Content-Type": "application/json",
        "User-Agent": "azsdk-net-ResourceManager.DeviceUpdate/1.0.0-alpha.20211115.1 (.NET Framework 4.8.4300.0; Microsoft Windows 10.0.19043 )",
        "x-ms-client-request-id": "48ad0f41ed0f983f297d5b1e16268e2b",
        "x-ms-return-client-request-id": "true"
      },
      "RequestBody": {
        "location": "westus2",
        "properties": {}
      },
      "StatusCode": 201,
      "ResponseHeaders": {
        "api-supported-versions": "2020-03-01-preview, 2021-11-02-preview",
        "Azure-AsyncOperation": "https://management.azure.com/providers/Microsoft.DeviceUpdate/locations/WESTUS2/operationStatuses/8d13e311-1caf-455f-9bbf-42d1b601aad5*58092C7F24818F67CBD7408A6006FE5DD75DEF9A275A3779B32AAE4A2AFB7574?api-version=2020-03-01-preview",
        "Cache-Control": "no-cache",
        "Content-Length": "598",
        "Content-Type": "application/json; charset=utf-8",
        "Date": "Mon, 15 Nov 2021 06:17:59 GMT",
        "ETag": "\u002231000ccb-0000-0800-0000-6191fb960000\u0022",
        "Expires": "-1",
        "Pragma": "no-cache",
        "Strict-Transport-Security": "max-age=31536000; includeSubDomains",
        "X-Content-Type-Options": "nosniff",
        "x-ms-async-operation-timeout": "PT15M",
        "x-ms-correlation-request-id": "7214ac8b-5b51-4295-a156-ab2e5cf8f08e",
        "x-ms-providerhub-traffic": "True",
        "x-ms-ratelimit-remaining-subscription-writes": "1196",
        "x-ms-request-id": "8d13e311-1caf-455f-9bbf-42d1b601aad5",
        "x-ms-routing-request-id": "SOUTHEASTASIA:20211115T061800Z:7214ac8b-5b51-4295-a156-ab2e5cf8f08e"
      },
      "ResponseBody": {
        "id": "/subscriptions/db1ab6f0-4769-4b27-930e-01e2ef9c123c/resourceGroups/testRg-8991/providers/Microsoft.DeviceUpdate/accounts/Account-5080",
        "name": "Account-5080",
        "type": "microsoft.deviceupdate/accounts",
        "location": "westus2",
        "systemData": {
          "createdBy": "814cdb39-82c4-4a9a-b57d-82a22becc8f7",
          "createdByType": "Application",
          "createdAt": "2021-11-15T06:17:57.3561894Z",
          "lastModifiedBy": "814cdb39-82c4-4a9a-b57d-82a22becc8f7",
          "lastModifiedByType": "Application",
          "lastModifiedAt": "2021-11-15T06:17:57.3561894Z"
        },
        "properties": {
          "provisioningState": "Accepted",
          "hostName": "account-5080.api.adu.microsoft.com"
        }
      }
    },
    {
      "RequestUri": "https://management.azure.com/providers/Microsoft.DeviceUpdate/locations/WESTUS2/operationStatuses/8d13e311-1caf-455f-9bbf-42d1b601aad5*58092C7F24818F67CBD7408A6006FE5DD75DEF9A275A3779B32AAE4A2AFB7574?api-version=2020-03-01-preview",
      "RequestMethod": "GET",
      "RequestHeaders": {
        "Authorization": "Sanitized",
        "User-Agent": "azsdk-net-ResourceManager/1.0.0-beta.5 (.NET Framework 4.8.4300.0; Microsoft Windows 10.0.19043 )",
        "x-ms-client-request-id": "2186ab8a6d159f563df0af36ecbc1727",
        "x-ms-return-client-request-id": "true"
      },
      "RequestBody": null,
      "StatusCode": 200,
      "ResponseHeaders": {
        "Cache-Control": "no-cache",
        "Content-Length": "503",
        "Content-Type": "application/json; charset=utf-8",
        "Date": "Mon, 15 Nov 2021 06:17:59 GMT",
        "ETag": "\u00222b0085cb-0000-0800-0000-6191fb960000\u0022",
        "Expires": "-1",
        "Pragma": "no-cache",
        "Strict-Transport-Security": "max-age=31536000; includeSubDomains",
        "X-Content-Type-Options": "nosniff",
        "x-ms-correlation-request-id": "07ff77bd-133b-4ee5-8dc4-35c241ee0188",
        "x-ms-ratelimit-remaining-tenant-reads": "11948",
        "x-ms-request-id": "76047bcf-265d-4dc5-b1f6-9017e9b443c1",
        "x-ms-routing-request-id": "SOUTHEASTASIA:20211115T061800Z:07ff77bd-133b-4ee5-8dc4-35c241ee0188"
      },
      "ResponseBody": {
        "id": "/providers/Microsoft.DeviceUpdate/locations/WESTUS2/operationStatuses/8d13e311-1caf-455f-9bbf-42d1b601aad5*58092C7F24818F67CBD7408A6006FE5DD75DEF9A275A3779B32AAE4A2AFB7574",
        "name": "8d13e311-1caf-455f-9bbf-42d1b601aad5*58092C7F24818F67CBD7408A6006FE5DD75DEF9A275A3779B32AAE4A2AFB7574",
        "resourceId": "/subscriptions/db1ab6f0-4769-4b27-930e-01e2ef9c123c/resourceGroups/testRg-8991/providers/Microsoft.DeviceUpdate/accounts/Account-5080",
        "status": "Accepted",
        "startTime": "2021-11-15T06:17:58.7605376Z"
      }
    },
    {
      "RequestUri": "https://management.azure.com/providers/Microsoft.DeviceUpdate/locations/WESTUS2/operationStatuses/8d13e311-1caf-455f-9bbf-42d1b601aad5*58092C7F24818F67CBD7408A6006FE5DD75DEF9A275A3779B32AAE4A2AFB7574?api-version=2020-03-01-preview",
      "RequestMethod": "GET",
      "RequestHeaders": {
        "Authorization": "Sanitized",
        "User-Agent": "azsdk-net-ResourceManager/1.0.0-beta.5 (.NET Framework 4.8.4300.0; Microsoft Windows 10.0.19043 )",
        "x-ms-client-request-id": "26a5b12dc37f8006c34d47da87254d73",
        "x-ms-return-client-request-id": "true"
      },
      "RequestBody": null,
      "StatusCode": 200,
      "ResponseHeaders": {
        "Cache-Control": "no-cache",
        "Content-Length": "503",
        "Content-Type": "application/json; charset=utf-8",
        "Date": "Mon, 15 Nov 2021 06:18:01 GMT",
        "ETag": "\u00222b0085cb-0000-0800-0000-6191fb960000\u0022",
        "Expires": "-1",
        "Pragma": "no-cache",
        "Strict-Transport-Security": "max-age=31536000; includeSubDomains",
        "X-Content-Type-Options": "nosniff",
        "x-ms-correlation-request-id": "ef4a5362-a08b-483b-8256-c35e96f15956",
        "x-ms-ratelimit-remaining-tenant-reads": "11947",
        "x-ms-request-id": "d4b4dfdd-dc17-4f61-8730-66f83b4fc318",
        "x-ms-routing-request-id": "SOUTHEASTASIA:20211115T061801Z:ef4a5362-a08b-483b-8256-c35e96f15956"
      },
      "ResponseBody": {
        "id": "/providers/Microsoft.DeviceUpdate/locations/WESTUS2/operationStatuses/8d13e311-1caf-455f-9bbf-42d1b601aad5*58092C7F24818F67CBD7408A6006FE5DD75DEF9A275A3779B32AAE4A2AFB7574",
        "name": "8d13e311-1caf-455f-9bbf-42d1b601aad5*58092C7F24818F67CBD7408A6006FE5DD75DEF9A275A3779B32AAE4A2AFB7574",
        "resourceId": "/subscriptions/db1ab6f0-4769-4b27-930e-01e2ef9c123c/resourceGroups/testRg-8991/providers/Microsoft.DeviceUpdate/accounts/Account-5080",
        "status": "Accepted",
        "startTime": "2021-11-15T06:17:58.7605376Z"
      }
    },
    {
      "RequestUri": "https://management.azure.com/providers/Microsoft.DeviceUpdate/locations/WESTUS2/operationStatuses/8d13e311-1caf-455f-9bbf-42d1b601aad5*58092C7F24818F67CBD7408A6006FE5DD75DEF9A275A3779B32AAE4A2AFB7574?api-version=2020-03-01-preview",
      "RequestMethod": "GET",
      "RequestHeaders": {
        "Authorization": "Sanitized",
        "User-Agent": "azsdk-net-ResourceManager/1.0.0-beta.5 (.NET Framework 4.8.4300.0; Microsoft Windows 10.0.19043 )",
        "x-ms-client-request-id": "6a9445336c9fb2155e05d61f10167444",
        "x-ms-return-client-request-id": "true"
      },
      "RequestBody": null,
      "StatusCode": 200,
      "ResponseHeaders": {
        "Cache-Control": "no-cache",
        "Content-Length": "503",
        "Content-Type": "application/json; charset=utf-8",
        "Date": "Mon, 15 Nov 2021 06:18:02 GMT",
        "ETag": "\u00222b0085cb-0000-0800-0000-6191fb960000\u0022",
        "Expires": "-1",
        "Pragma": "no-cache",
        "Strict-Transport-Security": "max-age=31536000; includeSubDomains",
        "X-Content-Type-Options": "nosniff",
        "x-ms-correlation-request-id": "0c56bd3b-0602-496c-ad94-d187208f3300",
        "x-ms-ratelimit-remaining-tenant-reads": "11946",
        "x-ms-request-id": "3b775751-714a-47de-ae1d-e8a1af18d05c",
        "x-ms-routing-request-id": "SOUTHEASTASIA:20211115T061803Z:0c56bd3b-0602-496c-ad94-d187208f3300"
      },
      "ResponseBody": {
        "id": "/providers/Microsoft.DeviceUpdate/locations/WESTUS2/operationStatuses/8d13e311-1caf-455f-9bbf-42d1b601aad5*58092C7F24818F67CBD7408A6006FE5DD75DEF9A275A3779B32AAE4A2AFB7574",
        "name": "8d13e311-1caf-455f-9bbf-42d1b601aad5*58092C7F24818F67CBD7408A6006FE5DD75DEF9A275A3779B32AAE4A2AFB7574",
        "resourceId": "/subscriptions/db1ab6f0-4769-4b27-930e-01e2ef9c123c/resourceGroups/testRg-8991/providers/Microsoft.DeviceUpdate/accounts/Account-5080",
        "status": "Accepted",
        "startTime": "2021-11-15T06:17:58.7605376Z"
      }
    },
    {
      "RequestUri": "https://management.azure.com/providers/Microsoft.DeviceUpdate/locations/WESTUS2/operationStatuses/8d13e311-1caf-455f-9bbf-42d1b601aad5*58092C7F24818F67CBD7408A6006FE5DD75DEF9A275A3779B32AAE4A2AFB7574?api-version=2020-03-01-preview",
      "RequestMethod": "GET",
      "RequestHeaders": {
        "Authorization": "Sanitized",
        "User-Agent": "azsdk-net-ResourceManager/1.0.0-beta.5 (.NET Framework 4.8.4300.0; Microsoft Windows 10.0.19043 )",
        "x-ms-client-request-id": "99ec3d1d2311c696a4055dc8267c1717",
        "x-ms-return-client-request-id": "true"
      },
      "RequestBody": null,
      "StatusCode": 200,
      "ResponseHeaders": {
        "Cache-Control": "no-cache",
        "Content-Length": "503",
        "Content-Type": "application/json; charset=utf-8",
        "Date": "Mon, 15 Nov 2021 06:18:03 GMT",
        "ETag": "\u00222b0085cb-0000-0800-0000-6191fb960000\u0022",
        "Expires": "-1",
        "Pragma": "no-cache",
        "Strict-Transport-Security": "max-age=31536000; includeSubDomains",
        "X-Content-Type-Options": "nosniff",
        "x-ms-correlation-request-id": "32e3798f-fb33-49be-afac-8bcf8321aa40",
        "x-ms-ratelimit-remaining-tenant-reads": "11945",
        "x-ms-request-id": "9a675ece-8bdd-477f-8491-d8932a7c2358",
        "x-ms-routing-request-id": "SOUTHEASTASIA:20211115T061804Z:32e3798f-fb33-49be-afac-8bcf8321aa40"
      },
      "ResponseBody": {
        "id": "/providers/Microsoft.DeviceUpdate/locations/WESTUS2/operationStatuses/8d13e311-1caf-455f-9bbf-42d1b601aad5*58092C7F24818F67CBD7408A6006FE5DD75DEF9A275A3779B32AAE4A2AFB7574",
        "name": "8d13e311-1caf-455f-9bbf-42d1b601aad5*58092C7F24818F67CBD7408A6006FE5DD75DEF9A275A3779B32AAE4A2AFB7574",
        "resourceId": "/subscriptions/db1ab6f0-4769-4b27-930e-01e2ef9c123c/resourceGroups/testRg-8991/providers/Microsoft.DeviceUpdate/accounts/Account-5080",
        "status": "Accepted",
        "startTime": "2021-11-15T06:17:58.7605376Z"
      }
    },
    {
      "RequestUri": "https://management.azure.com/providers/Microsoft.DeviceUpdate/locations/WESTUS2/operationStatuses/8d13e311-1caf-455f-9bbf-42d1b601aad5*58092C7F24818F67CBD7408A6006FE5DD75DEF9A275A3779B32AAE4A2AFB7574?api-version=2020-03-01-preview",
      "RequestMethod": "GET",
      "RequestHeaders": {
        "Authorization": "Sanitized",
        "User-Agent": "azsdk-net-ResourceManager/1.0.0-beta.5 (.NET Framework 4.8.4300.0; Microsoft Windows 10.0.19043 )",
        "x-ms-client-request-id": "a7023ca3ac28c0879cf2c87aece76fad",
        "x-ms-return-client-request-id": "true"
      },
      "RequestBody": null,
      "StatusCode": 200,
      "ResponseHeaders": {
        "Cache-Control": "no-cache",
        "Content-Length": "503",
        "Content-Type": "application/json; charset=utf-8",
        "Date": "Mon, 15 Nov 2021 06:18:04 GMT",
        "ETag": "\u00222b0085cb-0000-0800-0000-6191fb960000\u0022",
        "Expires": "-1",
        "Pragma": "no-cache",
        "Strict-Transport-Security": "max-age=31536000; includeSubDomains",
        "X-Content-Type-Options": "nosniff",
        "x-ms-correlation-request-id": "c34f80eb-2bab-4152-90ff-743c539d0aa9",
        "x-ms-ratelimit-remaining-tenant-reads": "11944",
        "x-ms-request-id": "3f3b4926-08c8-4612-9a41-456f3cbab731",
        "x-ms-routing-request-id": "SOUTHEASTASIA:20211115T061805Z:c34f80eb-2bab-4152-90ff-743c539d0aa9"
      },
      "ResponseBody": {
        "id": "/providers/Microsoft.DeviceUpdate/locations/WESTUS2/operationStatuses/8d13e311-1caf-455f-9bbf-42d1b601aad5*58092C7F24818F67CBD7408A6006FE5DD75DEF9A275A3779B32AAE4A2AFB7574",
        "name": "8d13e311-1caf-455f-9bbf-42d1b601aad5*58092C7F24818F67CBD7408A6006FE5DD75DEF9A275A3779B32AAE4A2AFB7574",
        "resourceId": "/subscriptions/db1ab6f0-4769-4b27-930e-01e2ef9c123c/resourceGroups/testRg-8991/providers/Microsoft.DeviceUpdate/accounts/Account-5080",
        "status": "Accepted",
        "startTime": "2021-11-15T06:17:58.7605376Z"
      }
    },
    {
      "RequestUri": "https://management.azure.com/providers/Microsoft.DeviceUpdate/locations/WESTUS2/operationStatuses/8d13e311-1caf-455f-9bbf-42d1b601aad5*58092C7F24818F67CBD7408A6006FE5DD75DEF9A275A3779B32AAE4A2AFB7574?api-version=2020-03-01-preview",
      "RequestMethod": "GET",
      "RequestHeaders": {
        "Authorization": "Sanitized",
        "User-Agent": "azsdk-net-ResourceManager/1.0.0-beta.5 (.NET Framework 4.8.4300.0; Microsoft Windows 10.0.19043 )",
        "x-ms-client-request-id": "49bd02d8b4380f61afcdc69a0e4c8ce1",
        "x-ms-return-client-request-id": "true"
      },
      "RequestBody": null,
      "StatusCode": 200,
      "ResponseHeaders": {
        "Cache-Control": "no-cache",
        "Content-Length": "503",
        "Content-Type": "application/json; charset=utf-8",
        "Date": "Mon, 15 Nov 2021 06:18:06 GMT",
        "ETag": "\u00222b00b7cb-0000-0800-0000-6191fb9e0000\u0022",
        "Expires": "-1",
        "Pragma": "no-cache",
        "Strict-Transport-Security": "max-age=31536000; includeSubDomains",
        "X-Content-Type-Options": "nosniff",
        "x-ms-correlation-request-id": "a58b5a2f-9af2-428e-9ef6-a99bf9a750fe",
        "x-ms-ratelimit-remaining-tenant-reads": "11943",
        "x-ms-request-id": "82590d1c-2704-4896-86d5-64e3d9c79ac1",
        "x-ms-routing-request-id": "SOUTHEASTASIA:20211115T061806Z:a58b5a2f-9af2-428e-9ef6-a99bf9a750fe"
      },
      "ResponseBody": {
        "id": "/providers/Microsoft.DeviceUpdate/locations/WESTUS2/operationStatuses/8d13e311-1caf-455f-9bbf-42d1b601aad5*58092C7F24818F67CBD7408A6006FE5DD75DEF9A275A3779B32AAE4A2AFB7574",
        "name": "8d13e311-1caf-455f-9bbf-42d1b601aad5*58092C7F24818F67CBD7408A6006FE5DD75DEF9A275A3779B32AAE4A2AFB7574",
        "resourceId": "/subscriptions/db1ab6f0-4769-4b27-930e-01e2ef9c123c/resourceGroups/testRg-8991/providers/Microsoft.DeviceUpdate/accounts/Account-5080",
        "status": "Creating",
        "startTime": "2021-11-15T06:17:58.7605376Z"
      }
    },
    {
      "RequestUri": "https://management.azure.com/providers/Microsoft.DeviceUpdate/locations/WESTUS2/operationStatuses/8d13e311-1caf-455f-9bbf-42d1b601aad5*58092C7F24818F67CBD7408A6006FE5DD75DEF9A275A3779B32AAE4A2AFB7574?api-version=2020-03-01-preview",
      "RequestMethod": "GET",
      "RequestHeaders": {
        "Authorization": "Sanitized",
        "User-Agent": "azsdk-net-ResourceManager/1.0.0-beta.5 (.NET Framework 4.8.4300.0; Microsoft Windows 10.0.19043 )",
        "x-ms-client-request-id": "d37cbfedcd13701cb52cfd1f5b1cdabd",
        "x-ms-return-client-request-id": "true"
      },
      "RequestBody": null,
      "StatusCode": 200,
      "ResponseHeaders": {
        "Cache-Control": "no-cache",
        "Content-Length": "503",
        "Content-Type": "application/json; charset=utf-8",
        "Date": "Mon, 15 Nov 2021 06:18:07 GMT",
        "ETag": "\u00222b00b7cb-0000-0800-0000-6191fb9e0000\u0022",
        "Expires": "-1",
        "Pragma": "no-cache",
        "Strict-Transport-Security": "max-age=31536000; includeSubDomains",
        "X-Content-Type-Options": "nosniff",
        "x-ms-correlation-request-id": "d60af5bb-9023-4a00-b2b8-0f8696d8d94c",
        "x-ms-ratelimit-remaining-tenant-reads": "11942",
        "x-ms-request-id": "5f94a25c-480e-45f8-ba02-6959e356a551",
        "x-ms-routing-request-id": "SOUTHEASTASIA:20211115T061808Z:d60af5bb-9023-4a00-b2b8-0f8696d8d94c"
      },
      "ResponseBody": {
        "id": "/providers/Microsoft.DeviceUpdate/locations/WESTUS2/operationStatuses/8d13e311-1caf-455f-9bbf-42d1b601aad5*58092C7F24818F67CBD7408A6006FE5DD75DEF9A275A3779B32AAE4A2AFB7574",
        "name": "8d13e311-1caf-455f-9bbf-42d1b601aad5*58092C7F24818F67CBD7408A6006FE5DD75DEF9A275A3779B32AAE4A2AFB7574",
        "resourceId": "/subscriptions/db1ab6f0-4769-4b27-930e-01e2ef9c123c/resourceGroups/testRg-8991/providers/Microsoft.DeviceUpdate/accounts/Account-5080",
        "status": "Creating",
        "startTime": "2021-11-15T06:17:58.7605376Z"
      }
    },
    {
      "RequestUri": "https://management.azure.com/providers/Microsoft.DeviceUpdate/locations/WESTUS2/operationStatuses/8d13e311-1caf-455f-9bbf-42d1b601aad5*58092C7F24818F67CBD7408A6006FE5DD75DEF9A275A3779B32AAE4A2AFB7574?api-version=2020-03-01-preview",
      "RequestMethod": "GET",
      "RequestHeaders": {
        "Authorization": "Sanitized",
        "User-Agent": "azsdk-net-ResourceManager/1.0.0-beta.5 (.NET Framework 4.8.4300.0; Microsoft Windows 10.0.19043 )",
        "x-ms-client-request-id": "23efb095cdbeefdfdbf2f75ae6edb14f",
        "x-ms-return-client-request-id": "true"
      },
      "RequestBody": null,
      "StatusCode": 200,
      "ResponseHeaders": {
        "Cache-Control": "no-cache",
        "Content-Length": "503",
        "Content-Type": "application/json; charset=utf-8",
        "Date": "Mon, 15 Nov 2021 06:18:08 GMT",
        "ETag": "\u00222b00b7cb-0000-0800-0000-6191fb9e0000\u0022",
        "Expires": "-1",
        "Pragma": "no-cache",
        "Strict-Transport-Security": "max-age=31536000; includeSubDomains",
        "X-Content-Type-Options": "nosniff",
        "x-ms-correlation-request-id": "0e6c2697-7307-4107-95f6-9cf7f4b31c62",
        "x-ms-ratelimit-remaining-tenant-reads": "11941",
        "x-ms-request-id": "15066450-9b41-4b88-8a08-8a22dd5c8120",
        "x-ms-routing-request-id": "SOUTHEASTASIA:20211115T061809Z:0e6c2697-7307-4107-95f6-9cf7f4b31c62"
      },
      "ResponseBody": {
        "id": "/providers/Microsoft.DeviceUpdate/locations/WESTUS2/operationStatuses/8d13e311-1caf-455f-9bbf-42d1b601aad5*58092C7F24818F67CBD7408A6006FE5DD75DEF9A275A3779B32AAE4A2AFB7574",
        "name": "8d13e311-1caf-455f-9bbf-42d1b601aad5*58092C7F24818F67CBD7408A6006FE5DD75DEF9A275A3779B32AAE4A2AFB7574",
        "resourceId": "/subscriptions/db1ab6f0-4769-4b27-930e-01e2ef9c123c/resourceGroups/testRg-8991/providers/Microsoft.DeviceUpdate/accounts/Account-5080",
        "status": "Creating",
        "startTime": "2021-11-15T06:17:58.7605376Z"
      }
    },
    {
      "RequestUri": "https://management.azure.com/providers/Microsoft.DeviceUpdate/locations/WESTUS2/operationStatuses/8d13e311-1caf-455f-9bbf-42d1b601aad5*58092C7F24818F67CBD7408A6006FE5DD75DEF9A275A3779B32AAE4A2AFB7574?api-version=2020-03-01-preview",
      "RequestMethod": "GET",
      "RequestHeaders": {
        "Authorization": "Sanitized",
        "User-Agent": "azsdk-net-ResourceManager/1.0.0-beta.5 (.NET Framework 4.8.4300.0; Microsoft Windows 10.0.19043 )",
        "x-ms-client-request-id": "2d8ce6659b6b0b9ae54c930bb742b493",
        "x-ms-return-client-request-id": "true"
      },
      "RequestBody": null,
      "StatusCode": 200,
      "ResponseHeaders": {
        "Cache-Control": "no-cache",
        "Content-Length": "503",
        "Content-Type": "application/json; charset=utf-8",
        "Date": "Mon, 15 Nov 2021 06:18:09 GMT",
        "ETag": "\u00222b00b7cb-0000-0800-0000-6191fb9e0000\u0022",
        "Expires": "-1",
        "Pragma": "no-cache",
        "Strict-Transport-Security": "max-age=31536000; includeSubDomains",
        "X-Content-Type-Options": "nosniff",
        "x-ms-correlation-request-id": "2d123b0f-23c3-40d8-8fdd-51fef80f46b1",
        "x-ms-ratelimit-remaining-tenant-reads": "11940",
        "x-ms-request-id": "cfd1f592-e2ad-490f-970c-4ebd2ae1c607",
        "x-ms-routing-request-id": "SOUTHEASTASIA:20211115T061810Z:2d123b0f-23c3-40d8-8fdd-51fef80f46b1"
      },
      "ResponseBody": {
        "id": "/providers/Microsoft.DeviceUpdate/locations/WESTUS2/operationStatuses/8d13e311-1caf-455f-9bbf-42d1b601aad5*58092C7F24818F67CBD7408A6006FE5DD75DEF9A275A3779B32AAE4A2AFB7574",
        "name": "8d13e311-1caf-455f-9bbf-42d1b601aad5*58092C7F24818F67CBD7408A6006FE5DD75DEF9A275A3779B32AAE4A2AFB7574",
        "resourceId": "/subscriptions/db1ab6f0-4769-4b27-930e-01e2ef9c123c/resourceGroups/testRg-8991/providers/Microsoft.DeviceUpdate/accounts/Account-5080",
        "status": "Creating",
        "startTime": "2021-11-15T06:17:58.7605376Z"
      }
    },
    {
      "RequestUri": "https://management.azure.com/providers/Microsoft.DeviceUpdate/locations/WESTUS2/operationStatuses/8d13e311-1caf-455f-9bbf-42d1b601aad5*58092C7F24818F67CBD7408A6006FE5DD75DEF9A275A3779B32AAE4A2AFB7574?api-version=2020-03-01-preview",
      "RequestMethod": "GET",
      "RequestHeaders": {
        "Authorization": "Sanitized",
        "User-Agent": "azsdk-net-ResourceManager/1.0.0-beta.5 (.NET Framework 4.8.4300.0; Microsoft Windows 10.0.19043 )",
        "x-ms-client-request-id": "5e0408f3685c2023df8cf820d5c189c8",
        "x-ms-return-client-request-id": "true"
      },
      "RequestBody": null,
      "StatusCode": 200,
      "ResponseHeaders": {
        "Cache-Control": "no-cache",
        "Content-Length": "503",
        "Content-Type": "application/json; charset=utf-8",
        "Date": "Mon, 15 Nov 2021 06:18:11 GMT",
        "ETag": "\u00222b00b7cb-0000-0800-0000-6191fb9e0000\u0022",
        "Expires": "-1",
        "Pragma": "no-cache",
        "Strict-Transport-Security": "max-age=31536000; includeSubDomains",
        "X-Content-Type-Options": "nosniff",
        "x-ms-correlation-request-id": "41556799-3aee-4416-a502-dcdf4e72abc9",
        "x-ms-ratelimit-remaining-tenant-reads": "11939",
        "x-ms-request-id": "1baa51aa-160c-4ba7-818c-ee01accc90cd",
        "x-ms-routing-request-id": "SOUTHEASTASIA:20211115T061811Z:41556799-3aee-4416-a502-dcdf4e72abc9"
      },
      "ResponseBody": {
        "id": "/providers/Microsoft.DeviceUpdate/locations/WESTUS2/operationStatuses/8d13e311-1caf-455f-9bbf-42d1b601aad5*58092C7F24818F67CBD7408A6006FE5DD75DEF9A275A3779B32AAE4A2AFB7574",
        "name": "8d13e311-1caf-455f-9bbf-42d1b601aad5*58092C7F24818F67CBD7408A6006FE5DD75DEF9A275A3779B32AAE4A2AFB7574",
        "resourceId": "/subscriptions/db1ab6f0-4769-4b27-930e-01e2ef9c123c/resourceGroups/testRg-8991/providers/Microsoft.DeviceUpdate/accounts/Account-5080",
        "status": "Creating",
        "startTime": "2021-11-15T06:17:58.7605376Z"
      }
    },
    {
      "RequestUri": "https://management.azure.com/providers/Microsoft.DeviceUpdate/locations/WESTUS2/operationStatuses/8d13e311-1caf-455f-9bbf-42d1b601aad5*58092C7F24818F67CBD7408A6006FE5DD75DEF9A275A3779B32AAE4A2AFB7574?api-version=2020-03-01-preview",
      "RequestMethod": "GET",
      "RequestHeaders": {
        "Authorization": "Sanitized",
        "User-Agent": "azsdk-net-ResourceManager/1.0.0-beta.5 (.NET Framework 4.8.4300.0; Microsoft Windows 10.0.19043 )",
        "x-ms-client-request-id": "75b9ad7aac8ffa5216e33e7239d33899",
        "x-ms-return-client-request-id": "true"
      },
      "RequestBody": null,
      "StatusCode": 200,
      "ResponseHeaders": {
        "Cache-Control": "no-cache",
        "Content-Length": "503",
        "Content-Type": "application/json; charset=utf-8",
        "Date": "Mon, 15 Nov 2021 06:18:12 GMT",
        "ETag": "\u00222b00b7cb-0000-0800-0000-6191fb9e0000\u0022",
        "Expires": "-1",
        "Pragma": "no-cache",
        "Strict-Transport-Security": "max-age=31536000; includeSubDomains",
        "X-Content-Type-Options": "nosniff",
        "x-ms-correlation-request-id": "d0544156-e4af-45ce-bf97-e1daa1f8d499",
        "x-ms-ratelimit-remaining-tenant-reads": "11938",
        "x-ms-request-id": "88f9f34b-c83c-4d43-8396-fc5b0c1cc25e",
        "x-ms-routing-request-id": "SOUTHEASTASIA:20211115T061813Z:d0544156-e4af-45ce-bf97-e1daa1f8d499"
      },
      "ResponseBody": {
        "id": "/providers/Microsoft.DeviceUpdate/locations/WESTUS2/operationStatuses/8d13e311-1caf-455f-9bbf-42d1b601aad5*58092C7F24818F67CBD7408A6006FE5DD75DEF9A275A3779B32AAE4A2AFB7574",
        "name": "8d13e311-1caf-455f-9bbf-42d1b601aad5*58092C7F24818F67CBD7408A6006FE5DD75DEF9A275A3779B32AAE4A2AFB7574",
        "resourceId": "/subscriptions/db1ab6f0-4769-4b27-930e-01e2ef9c123c/resourceGroups/testRg-8991/providers/Microsoft.DeviceUpdate/accounts/Account-5080",
        "status": "Creating",
        "startTime": "2021-11-15T06:17:58.7605376Z"
      }
    },
    {
      "RequestUri": "https://management.azure.com/providers/Microsoft.DeviceUpdate/locations/WESTUS2/operationStatuses/8d13e311-1caf-455f-9bbf-42d1b601aad5*58092C7F24818F67CBD7408A6006FE5DD75DEF9A275A3779B32AAE4A2AFB7574?api-version=2020-03-01-preview",
      "RequestMethod": "GET",
      "RequestHeaders": {
        "Authorization": "Sanitized",
        "User-Agent": "azsdk-net-ResourceManager/1.0.0-beta.5 (.NET Framework 4.8.4300.0; Microsoft Windows 10.0.19043 )",
        "x-ms-client-request-id": "dd67643e52e9fcf2c36b4ddea3793624",
        "x-ms-return-client-request-id": "true"
      },
      "RequestBody": null,
      "StatusCode": 200,
      "ResponseHeaders": {
        "Cache-Control": "no-cache",
        "Content-Length": "503",
        "Content-Type": "application/json; charset=utf-8",
        "Date": "Mon, 15 Nov 2021 06:18:13 GMT",
        "ETag": "\u00222b00b7cb-0000-0800-0000-6191fb9e0000\u0022",
        "Expires": "-1",
        "Pragma": "no-cache",
        "Strict-Transport-Security": "max-age=31536000; includeSubDomains",
        "X-Content-Type-Options": "nosniff",
        "x-ms-correlation-request-id": "594d36da-f8aa-4d78-82fd-f8a0524fb1b9",
        "x-ms-ratelimit-remaining-tenant-reads": "11937",
        "x-ms-request-id": "f365147d-8c5f-4d1e-95fc-f31059ca9969",
        "x-ms-routing-request-id": "SOUTHEASTASIA:20211115T061814Z:594d36da-f8aa-4d78-82fd-f8a0524fb1b9"
      },
      "ResponseBody": {
        "id": "/providers/Microsoft.DeviceUpdate/locations/WESTUS2/operationStatuses/8d13e311-1caf-455f-9bbf-42d1b601aad5*58092C7F24818F67CBD7408A6006FE5DD75DEF9A275A3779B32AAE4A2AFB7574",
        "name": "8d13e311-1caf-455f-9bbf-42d1b601aad5*58092C7F24818F67CBD7408A6006FE5DD75DEF9A275A3779B32AAE4A2AFB7574",
        "resourceId": "/subscriptions/db1ab6f0-4769-4b27-930e-01e2ef9c123c/resourceGroups/testRg-8991/providers/Microsoft.DeviceUpdate/accounts/Account-5080",
        "status": "Creating",
        "startTime": "2021-11-15T06:17:58.7605376Z"
      }
    },
    {
      "RequestUri": "https://management.azure.com/providers/Microsoft.DeviceUpdate/locations/WESTUS2/operationStatuses/8d13e311-1caf-455f-9bbf-42d1b601aad5*58092C7F24818F67CBD7408A6006FE5DD75DEF9A275A3779B32AAE4A2AFB7574?api-version=2020-03-01-preview",
      "RequestMethod": "GET",
      "RequestHeaders": {
        "Authorization": "Sanitized",
        "User-Agent": "azsdk-net-ResourceManager/1.0.0-beta.5 (.NET Framework 4.8.4300.0; Microsoft Windows 10.0.19043 )",
        "x-ms-client-request-id": "0991cbc33f884603b60a48782ab0e60c",
        "x-ms-return-client-request-id": "true"
      },
      "RequestBody": null,
      "StatusCode": 200,
      "ResponseHeaders": {
        "Cache-Control": "no-cache",
        "Content-Length": "503",
        "Content-Type": "application/json; charset=utf-8",
        "Date": "Mon, 15 Nov 2021 06:18:14 GMT",
        "ETag": "\u00222b00b7cb-0000-0800-0000-6191fb9e0000\u0022",
        "Expires": "-1",
        "Pragma": "no-cache",
        "Strict-Transport-Security": "max-age=31536000; includeSubDomains",
        "X-Content-Type-Options": "nosniff",
        "x-ms-correlation-request-id": "0898de34-b0a7-48bb-9dca-3906952006fb",
        "x-ms-ratelimit-remaining-tenant-reads": "11936",
        "x-ms-request-id": "04af87f8-35d1-47bd-ad89-021eb493d90c",
        "x-ms-routing-request-id": "SOUTHEASTASIA:20211115T061815Z:0898de34-b0a7-48bb-9dca-3906952006fb"
      },
      "ResponseBody": {
        "id": "/providers/Microsoft.DeviceUpdate/locations/WESTUS2/operationStatuses/8d13e311-1caf-455f-9bbf-42d1b601aad5*58092C7F24818F67CBD7408A6006FE5DD75DEF9A275A3779B32AAE4A2AFB7574",
        "name": "8d13e311-1caf-455f-9bbf-42d1b601aad5*58092C7F24818F67CBD7408A6006FE5DD75DEF9A275A3779B32AAE4A2AFB7574",
        "resourceId": "/subscriptions/db1ab6f0-4769-4b27-930e-01e2ef9c123c/resourceGroups/testRg-8991/providers/Microsoft.DeviceUpdate/accounts/Account-5080",
        "status": "Creating",
        "startTime": "2021-11-15T06:17:58.7605376Z"
      }
    },
    {
      "RequestUri": "https://management.azure.com/providers/Microsoft.DeviceUpdate/locations/WESTUS2/operationStatuses/8d13e311-1caf-455f-9bbf-42d1b601aad5*58092C7F24818F67CBD7408A6006FE5DD75DEF9A275A3779B32AAE4A2AFB7574?api-version=2020-03-01-preview",
      "RequestMethod": "GET",
      "RequestHeaders": {
        "Authorization": "Sanitized",
        "User-Agent": "azsdk-net-ResourceManager/1.0.0-beta.5 (.NET Framework 4.8.4300.0; Microsoft Windows 10.0.19043 )",
        "x-ms-client-request-id": "70e25f54ab5927dfbabcb1245f73569c",
        "x-ms-return-client-request-id": "true"
      },
      "RequestBody": null,
      "StatusCode": 200,
      "ResponseHeaders": {
        "Cache-Control": "no-cache",
        "Content-Length": "503",
        "Content-Type": "application/json; charset=utf-8",
        "Date": "Mon, 15 Nov 2021 06:18:16 GMT",
        "ETag": "\u00222b00b7cb-0000-0800-0000-6191fb9e0000\u0022",
        "Expires": "-1",
        "Pragma": "no-cache",
        "Strict-Transport-Security": "max-age=31536000; includeSubDomains",
        "X-Content-Type-Options": "nosniff",
        "x-ms-correlation-request-id": "df7bd726-441e-4cf0-b582-d7d613bcaabe",
        "x-ms-ratelimit-remaining-tenant-reads": "11935",
        "x-ms-request-id": "818b280c-5e3f-42c5-a871-5454ea7276a4",
        "x-ms-routing-request-id": "SOUTHEASTASIA:20211115T061816Z:df7bd726-441e-4cf0-b582-d7d613bcaabe"
      },
      "ResponseBody": {
        "id": "/providers/Microsoft.DeviceUpdate/locations/WESTUS2/operationStatuses/8d13e311-1caf-455f-9bbf-42d1b601aad5*58092C7F24818F67CBD7408A6006FE5DD75DEF9A275A3779B32AAE4A2AFB7574",
        "name": "8d13e311-1caf-455f-9bbf-42d1b601aad5*58092C7F24818F67CBD7408A6006FE5DD75DEF9A275A3779B32AAE4A2AFB7574",
        "resourceId": "/subscriptions/db1ab6f0-4769-4b27-930e-01e2ef9c123c/resourceGroups/testRg-8991/providers/Microsoft.DeviceUpdate/accounts/Account-5080",
        "status": "Creating",
        "startTime": "2021-11-15T06:17:58.7605376Z"
      }
    },
    {
      "RequestUri": "https://management.azure.com/providers/Microsoft.DeviceUpdate/locations/WESTUS2/operationStatuses/8d13e311-1caf-455f-9bbf-42d1b601aad5*58092C7F24818F67CBD7408A6006FE5DD75DEF9A275A3779B32AAE4A2AFB7574?api-version=2020-03-01-preview",
      "RequestMethod": "GET",
      "RequestHeaders": {
        "Authorization": "Sanitized",
        "User-Agent": "azsdk-net-ResourceManager/1.0.0-beta.5 (.NET Framework 4.8.4300.0; Microsoft Windows 10.0.19043 )",
        "x-ms-client-request-id": "6eaf19ad2e42ff11612127de0a7ad212",
        "x-ms-return-client-request-id": "true"
      },
      "RequestBody": null,
      "StatusCode": 200,
      "ResponseHeaders": {
        "Cache-Control": "no-cache",
        "Content-Length": "503",
        "Content-Type": "application/json; charset=utf-8",
        "Date": "Mon, 15 Nov 2021 06:18:17 GMT",
        "ETag": "\u00222b00b7cb-0000-0800-0000-6191fb9e0000\u0022",
        "Expires": "-1",
        "Pragma": "no-cache",
        "Strict-Transport-Security": "max-age=31536000; includeSubDomains",
        "X-Content-Type-Options": "nosniff",
        "x-ms-correlation-request-id": "90c69e65-2db1-49fc-aa4b-3969b7100490",
        "x-ms-ratelimit-remaining-tenant-reads": "11934",
        "x-ms-request-id": "373e1571-9121-4e46-acaa-5f2ddbc1941f",
        "x-ms-routing-request-id": "SOUTHEASTASIA:20211115T061818Z:90c69e65-2db1-49fc-aa4b-3969b7100490"
      },
      "ResponseBody": {
        "id": "/providers/Microsoft.DeviceUpdate/locations/WESTUS2/operationStatuses/8d13e311-1caf-455f-9bbf-42d1b601aad5*58092C7F24818F67CBD7408A6006FE5DD75DEF9A275A3779B32AAE4A2AFB7574",
        "name": "8d13e311-1caf-455f-9bbf-42d1b601aad5*58092C7F24818F67CBD7408A6006FE5DD75DEF9A275A3779B32AAE4A2AFB7574",
        "resourceId": "/subscriptions/db1ab6f0-4769-4b27-930e-01e2ef9c123c/resourceGroups/testRg-8991/providers/Microsoft.DeviceUpdate/accounts/Account-5080",
        "status": "Creating",
        "startTime": "2021-11-15T06:17:58.7605376Z"
      }
    },
    {
      "RequestUri": "https://management.azure.com/providers/Microsoft.DeviceUpdate/locations/WESTUS2/operationStatuses/8d13e311-1caf-455f-9bbf-42d1b601aad5*58092C7F24818F67CBD7408A6006FE5DD75DEF9A275A3779B32AAE4A2AFB7574?api-version=2020-03-01-preview",
      "RequestMethod": "GET",
      "RequestHeaders": {
        "Authorization": "Sanitized",
        "User-Agent": "azsdk-net-ResourceManager/1.0.0-beta.5 (.NET Framework 4.8.4300.0; Microsoft Windows 10.0.19043 )",
        "x-ms-client-request-id": "44894085c59717caec694fcb8ddfe743",
        "x-ms-return-client-request-id": "true"
      },
      "RequestBody": null,
      "StatusCode": 200,
      "ResponseHeaders": {
        "Cache-Control": "no-cache",
        "Content-Length": "503",
        "Content-Type": "application/json; charset=utf-8",
        "Date": "Mon, 15 Nov 2021 06:18:18 GMT",
        "ETag": "\u00222b00b7cb-0000-0800-0000-6191fb9e0000\u0022",
        "Expires": "-1",
        "Pragma": "no-cache",
        "Strict-Transport-Security": "max-age=31536000; includeSubDomains",
        "X-Content-Type-Options": "nosniff",
        "x-ms-correlation-request-id": "db69cbdd-0598-4f8b-ab58-9a84d71217d2",
        "x-ms-ratelimit-remaining-tenant-reads": "11933",
        "x-ms-request-id": "7d42eba8-4215-47de-8624-cd6b8d4c2edb",
        "x-ms-routing-request-id": "SOUTHEASTASIA:20211115T061819Z:db69cbdd-0598-4f8b-ab58-9a84d71217d2"
      },
      "ResponseBody": {
        "id": "/providers/Microsoft.DeviceUpdate/locations/WESTUS2/operationStatuses/8d13e311-1caf-455f-9bbf-42d1b601aad5*58092C7F24818F67CBD7408A6006FE5DD75DEF9A275A3779B32AAE4A2AFB7574",
        "name": "8d13e311-1caf-455f-9bbf-42d1b601aad5*58092C7F24818F67CBD7408A6006FE5DD75DEF9A275A3779B32AAE4A2AFB7574",
        "resourceId": "/subscriptions/db1ab6f0-4769-4b27-930e-01e2ef9c123c/resourceGroups/testRg-8991/providers/Microsoft.DeviceUpdate/accounts/Account-5080",
        "status": "Creating",
        "startTime": "2021-11-15T06:17:58.7605376Z"
      }
    },
    {
      "RequestUri": "https://management.azure.com/providers/Microsoft.DeviceUpdate/locations/WESTUS2/operationStatuses/8d13e311-1caf-455f-9bbf-42d1b601aad5*58092C7F24818F67CBD7408A6006FE5DD75DEF9A275A3779B32AAE4A2AFB7574?api-version=2020-03-01-preview",
      "RequestMethod": "GET",
      "RequestHeaders": {
        "Authorization": "Sanitized",
        "User-Agent": "azsdk-net-ResourceManager/1.0.0-beta.5 (.NET Framework 4.8.4300.0; Microsoft Windows 10.0.19043 )",
        "x-ms-client-request-id": "10cbacb3780126ca4ee20f3884001d40",
        "x-ms-return-client-request-id": "true"
      },
      "RequestBody": null,
      "StatusCode": 200,
      "ResponseHeaders": {
        "Cache-Control": "no-cache",
        "Content-Length": "503",
        "Content-Type": "application/json; charset=utf-8",
        "Date": "Mon, 15 Nov 2021 06:18:19 GMT",
        "ETag": "\u00222b00b7cb-0000-0800-0000-6191fb9e0000\u0022",
        "Expires": "-1",
        "Pragma": "no-cache",
        "Strict-Transport-Security": "max-age=31536000; includeSubDomains",
        "X-Content-Type-Options": "nosniff",
        "x-ms-correlation-request-id": "f7ab6e4a-03bb-4a76-b392-21b74e39b76a",
        "x-ms-ratelimit-remaining-tenant-reads": "11932",
        "x-ms-request-id": "f9d0f436-2612-4ba3-b005-a7b3b3a06cc6",
        "x-ms-routing-request-id": "SOUTHEASTASIA:20211115T061820Z:f7ab6e4a-03bb-4a76-b392-21b74e39b76a"
      },
      "ResponseBody": {
        "id": "/providers/Microsoft.DeviceUpdate/locations/WESTUS2/operationStatuses/8d13e311-1caf-455f-9bbf-42d1b601aad5*58092C7F24818F67CBD7408A6006FE5DD75DEF9A275A3779B32AAE4A2AFB7574",
        "name": "8d13e311-1caf-455f-9bbf-42d1b601aad5*58092C7F24818F67CBD7408A6006FE5DD75DEF9A275A3779B32AAE4A2AFB7574",
        "resourceId": "/subscriptions/db1ab6f0-4769-4b27-930e-01e2ef9c123c/resourceGroups/testRg-8991/providers/Microsoft.DeviceUpdate/accounts/Account-5080",
        "status": "Creating",
        "startTime": "2021-11-15T06:17:58.7605376Z"
      }
    },
    {
      "RequestUri": "https://management.azure.com/providers/Microsoft.DeviceUpdate/locations/WESTUS2/operationStatuses/8d13e311-1caf-455f-9bbf-42d1b601aad5*58092C7F24818F67CBD7408A6006FE5DD75DEF9A275A3779B32AAE4A2AFB7574?api-version=2020-03-01-preview",
      "RequestMethod": "GET",
      "RequestHeaders": {
        "Authorization": "Sanitized",
        "User-Agent": "azsdk-net-ResourceManager/1.0.0-beta.5 (.NET Framework 4.8.4300.0; Microsoft Windows 10.0.19043 )",
        "x-ms-client-request-id": "1e9e9fea12e9e8044f9781d9df457182",
        "x-ms-return-client-request-id": "true"
      },
      "RequestBody": null,
      "StatusCode": 200,
      "ResponseHeaders": {
        "Cache-Control": "no-cache",
        "Content-Length": "503",
        "Content-Type": "application/json; charset=utf-8",
        "Date": "Mon, 15 Nov 2021 06:18:21 GMT",
        "ETag": "\u00222b00b7cb-0000-0800-0000-6191fb9e0000\u0022",
        "Expires": "-1",
        "Pragma": "no-cache",
        "Strict-Transport-Security": "max-age=31536000; includeSubDomains",
        "X-Content-Type-Options": "nosniff",
        "x-ms-correlation-request-id": "efb7fb92-99eb-45ac-84f4-3a1efd264313",
        "x-ms-ratelimit-remaining-tenant-reads": "11931",
        "x-ms-request-id": "6a4efb0c-3067-4ca6-8bc8-4f9ef7ffda56",
        "x-ms-routing-request-id": "SOUTHEASTASIA:20211115T061821Z:efb7fb92-99eb-45ac-84f4-3a1efd264313"
      },
      "ResponseBody": {
        "id": "/providers/Microsoft.DeviceUpdate/locations/WESTUS2/operationStatuses/8d13e311-1caf-455f-9bbf-42d1b601aad5*58092C7F24818F67CBD7408A6006FE5DD75DEF9A275A3779B32AAE4A2AFB7574",
        "name": "8d13e311-1caf-455f-9bbf-42d1b601aad5*58092C7F24818F67CBD7408A6006FE5DD75DEF9A275A3779B32AAE4A2AFB7574",
        "resourceId": "/subscriptions/db1ab6f0-4769-4b27-930e-01e2ef9c123c/resourceGroups/testRg-8991/providers/Microsoft.DeviceUpdate/accounts/Account-5080",
        "status": "Creating",
        "startTime": "2021-11-15T06:17:58.7605376Z"
      }
    },
    {
      "RequestUri": "https://management.azure.com/providers/Microsoft.DeviceUpdate/locations/WESTUS2/operationStatuses/8d13e311-1caf-455f-9bbf-42d1b601aad5*58092C7F24818F67CBD7408A6006FE5DD75DEF9A275A3779B32AAE4A2AFB7574?api-version=2020-03-01-preview",
      "RequestMethod": "GET",
      "RequestHeaders": {
        "Authorization": "Sanitized",
        "User-Agent": "azsdk-net-ResourceManager/1.0.0-beta.5 (.NET Framework 4.8.4300.0; Microsoft Windows 10.0.19043 )",
        "x-ms-client-request-id": "5d2be439c1ae0d107663f6b4b69192ec",
        "x-ms-return-client-request-id": "true"
      },
      "RequestBody": null,
      "StatusCode": 200,
      "ResponseHeaders": {
        "Cache-Control": "no-cache",
        "Content-Length": "503",
        "Content-Type": "application/json; charset=utf-8",
        "Date": "Mon, 15 Nov 2021 06:18:22 GMT",
        "ETag": "\u00222b00b7cb-0000-0800-0000-6191fb9e0000\u0022",
        "Expires": "-1",
        "Pragma": "no-cache",
        "Strict-Transport-Security": "max-age=31536000; includeSubDomains",
        "X-Content-Type-Options": "nosniff",
        "x-ms-correlation-request-id": "1f6e01ee-f249-4fae-be29-1749c947ef77",
        "x-ms-ratelimit-remaining-tenant-reads": "11930",
        "x-ms-request-id": "b9f52888-b57b-4148-a267-e0cfcf662ff7",
        "x-ms-routing-request-id": "SOUTHEASTASIA:20211115T061823Z:1f6e01ee-f249-4fae-be29-1749c947ef77"
      },
      "ResponseBody": {
        "id": "/providers/Microsoft.DeviceUpdate/locations/WESTUS2/operationStatuses/8d13e311-1caf-455f-9bbf-42d1b601aad5*58092C7F24818F67CBD7408A6006FE5DD75DEF9A275A3779B32AAE4A2AFB7574",
        "name": "8d13e311-1caf-455f-9bbf-42d1b601aad5*58092C7F24818F67CBD7408A6006FE5DD75DEF9A275A3779B32AAE4A2AFB7574",
        "resourceId": "/subscriptions/db1ab6f0-4769-4b27-930e-01e2ef9c123c/resourceGroups/testRg-8991/providers/Microsoft.DeviceUpdate/accounts/Account-5080",
        "status": "Creating",
        "startTime": "2021-11-15T06:17:58.7605376Z"
      }
    },
    {
      "RequestUri": "https://management.azure.com/providers/Microsoft.DeviceUpdate/locations/WESTUS2/operationStatuses/8d13e311-1caf-455f-9bbf-42d1b601aad5*58092C7F24818F67CBD7408A6006FE5DD75DEF9A275A3779B32AAE4A2AFB7574?api-version=2020-03-01-preview",
      "RequestMethod": "GET",
      "RequestHeaders": {
        "Authorization": "Sanitized",
        "User-Agent": "azsdk-net-ResourceManager/1.0.0-beta.5 (.NET Framework 4.8.4300.0; Microsoft Windows 10.0.19043 )",
        "x-ms-client-request-id": "eee00f4bc840a059a7e3c16af6f14708",
        "x-ms-return-client-request-id": "true"
      },
      "RequestBody": null,
      "StatusCode": 200,
      "ResponseHeaders": {
        "Cache-Control": "no-cache",
        "Content-Length": "503",
        "Content-Type": "application/json; charset=utf-8",
        "Date": "Mon, 15 Nov 2021 06:18:23 GMT",
        "ETag": "\u00222b00b7cb-0000-0800-0000-6191fb9e0000\u0022",
        "Expires": "-1",
        "Pragma": "no-cache",
        "Strict-Transport-Security": "max-age=31536000; includeSubDomains",
        "X-Content-Type-Options": "nosniff",
        "x-ms-correlation-request-id": "f37b918c-5622-4100-ba57-ac6549a28fcb",
        "x-ms-ratelimit-remaining-tenant-reads": "11929",
        "x-ms-request-id": "9d8e357d-e373-42d3-a613-68d159175a33",
        "x-ms-routing-request-id": "SOUTHEASTASIA:20211115T061824Z:f37b918c-5622-4100-ba57-ac6549a28fcb"
      },
      "ResponseBody": {
        "id": "/providers/Microsoft.DeviceUpdate/locations/WESTUS2/operationStatuses/8d13e311-1caf-455f-9bbf-42d1b601aad5*58092C7F24818F67CBD7408A6006FE5DD75DEF9A275A3779B32AAE4A2AFB7574",
        "name": "8d13e311-1caf-455f-9bbf-42d1b601aad5*58092C7F24818F67CBD7408A6006FE5DD75DEF9A275A3779B32AAE4A2AFB7574",
        "resourceId": "/subscriptions/db1ab6f0-4769-4b27-930e-01e2ef9c123c/resourceGroups/testRg-8991/providers/Microsoft.DeviceUpdate/accounts/Account-5080",
        "status": "Creating",
        "startTime": "2021-11-15T06:17:58.7605376Z"
      }
    },
    {
      "RequestUri": "https://management.azure.com/providers/Microsoft.DeviceUpdate/locations/WESTUS2/operationStatuses/8d13e311-1caf-455f-9bbf-42d1b601aad5*58092C7F24818F67CBD7408A6006FE5DD75DEF9A275A3779B32AAE4A2AFB7574?api-version=2020-03-01-preview",
      "RequestMethod": "GET",
      "RequestHeaders": {
        "Authorization": "Sanitized",
        "User-Agent": "azsdk-net-ResourceManager/1.0.0-beta.5 (.NET Framework 4.8.4300.0; Microsoft Windows 10.0.19043 )",
        "x-ms-client-request-id": "a0fe8d71bfd428918e91a8861c5031bd",
        "x-ms-return-client-request-id": "true"
      },
      "RequestBody": null,
      "StatusCode": 200,
      "ResponseHeaders": {
        "Cache-Control": "no-cache",
        "Content-Length": "503",
        "Content-Type": "application/json; charset=utf-8",
        "Date": "Mon, 15 Nov 2021 06:18:24 GMT",
        "ETag": "\u00222b00b7cb-0000-0800-0000-6191fb9e0000\u0022",
        "Expires": "-1",
        "Pragma": "no-cache",
        "Strict-Transport-Security": "max-age=31536000; includeSubDomains",
        "X-Content-Type-Options": "nosniff",
        "x-ms-correlation-request-id": "fa64bc16-b6ed-49d1-a806-d36d689d326a",
        "x-ms-ratelimit-remaining-tenant-reads": "11928",
        "x-ms-request-id": "4ecce531-c4a4-4e46-9ed3-79837a2bb7ef",
        "x-ms-routing-request-id": "SOUTHEASTASIA:20211115T061825Z:fa64bc16-b6ed-49d1-a806-d36d689d326a"
      },
      "ResponseBody": {
        "id": "/providers/Microsoft.DeviceUpdate/locations/WESTUS2/operationStatuses/8d13e311-1caf-455f-9bbf-42d1b601aad5*58092C7F24818F67CBD7408A6006FE5DD75DEF9A275A3779B32AAE4A2AFB7574",
        "name": "8d13e311-1caf-455f-9bbf-42d1b601aad5*58092C7F24818F67CBD7408A6006FE5DD75DEF9A275A3779B32AAE4A2AFB7574",
        "resourceId": "/subscriptions/db1ab6f0-4769-4b27-930e-01e2ef9c123c/resourceGroups/testRg-8991/providers/Microsoft.DeviceUpdate/accounts/Account-5080",
        "status": "Creating",
        "startTime": "2021-11-15T06:17:58.7605376Z"
      }
    },
    {
      "RequestUri": "https://management.azure.com/providers/Microsoft.DeviceUpdate/locations/WESTUS2/operationStatuses/8d13e311-1caf-455f-9bbf-42d1b601aad5*58092C7F24818F67CBD7408A6006FE5DD75DEF9A275A3779B32AAE4A2AFB7574?api-version=2020-03-01-preview",
      "RequestMethod": "GET",
      "RequestHeaders": {
        "Authorization": "Sanitized",
        "User-Agent": "azsdk-net-ResourceManager/1.0.0-beta.5 (.NET Framework 4.8.4300.0; Microsoft Windows 10.0.19043 )",
        "x-ms-client-request-id": "cf8d9504836470418a8ab6cb00a61685",
        "x-ms-return-client-request-id": "true"
      },
      "RequestBody": null,
      "StatusCode": 200,
      "ResponseHeaders": {
        "Cache-Control": "no-cache",
        "Content-Length": "563",
        "Content-Type": "application/json; charset=utf-8",
        "Date": "Mon, 15 Nov 2021 06:18:26 GMT",
        "ETag": "\u00222b0016cc-0000-0800-0000-6191fbb20000\u0022",
        "Expires": "-1",
        "Pragma": "no-cache",
        "Strict-Transport-Security": "max-age=31536000; includeSubDomains",
        "X-Content-Type-Options": "nosniff",
        "x-ms-correlation-request-id": "8d390033-c8bc-49cc-b7c0-974e4d539b24",
        "x-ms-ratelimit-remaining-tenant-reads": "11927",
        "x-ms-request-id": "942481d8-5937-44f0-a415-89c83c5028f4",
        "x-ms-routing-request-id": "SOUTHEASTASIA:20211115T061827Z:8d390033-c8bc-49cc-b7c0-974e4d539b24"
      },
      "ResponseBody": {
        "id": "/providers/Microsoft.DeviceUpdate/locations/WESTUS2/operationStatuses/8d13e311-1caf-455f-9bbf-42d1b601aad5*58092C7F24818F67CBD7408A6006FE5DD75DEF9A275A3779B32AAE4A2AFB7574",
        "name": "8d13e311-1caf-455f-9bbf-42d1b601aad5*58092C7F24818F67CBD7408A6006FE5DD75DEF9A275A3779B32AAE4A2AFB7574",
        "resourceId": "/subscriptions/db1ab6f0-4769-4b27-930e-01e2ef9c123c/resourceGroups/testRg-8991/providers/Microsoft.DeviceUpdate/accounts/Account-5080",
        "status": "Succeeded",
        "startTime": "2021-11-15T06:17:58.7605376Z",
        "endTime": "2021-11-15T06:18:26.3185352Z",
        "properties": null
      }
    },
    {
      "RequestUri": "https://management.azure.com/subscriptions/db1ab6f0-4769-4b27-930e-01e2ef9c123c/resourceGroups/testRg-8991/providers/Microsoft.DeviceUpdate/accounts/Account-5080?api-version=2020-03-01-preview",
      "RequestMethod": "GET",
      "RequestHeaders": {
        "Authorization": "Sanitized",
        "User-Agent": "azsdk-net-ResourceManager/1.0.0-beta.5 (.NET Framework 4.8.4300.0; Microsoft Windows 10.0.19043 )",
        "x-ms-client-request-id": "2843ed1cf2928b177db85faf20d28357",
        "x-ms-return-client-request-id": "true"
      },
      "RequestBody": null,
      "StatusCode": 200,
      "ResponseHeaders": {
        "Cache-Control": "no-cache",
        "Content-Length": "599",
        "Content-Type": "application/json; charset=utf-8",
        "Date": "Mon, 15 Nov 2021 06:18:26 GMT",
        "ETag": "\u0022310090cb-0000-0800-0000-6191fbb20000\u0022",
        "Expires": "-1",
        "Pragma": "no-cache",
        "Strict-Transport-Security": "max-age=31536000; includeSubDomains",
        "X-Content-Type-Options": "nosniff",
        "x-ms-correlation-request-id": "911a0c7b-1ad8-4d17-a7c8-db1fc26e4638",
        "x-ms-providerhub-traffic": "True",
        "x-ms-ratelimit-remaining-subscription-reads": "11993",
        "x-ms-request-id": "01919c15-6774-43cc-bd66-2cd84c0a93a2",
        "x-ms-routing-request-id": "SOUTHEASTASIA:20211115T061827Z:911a0c7b-1ad8-4d17-a7c8-db1fc26e4638"
      },
      "ResponseBody": {
        "id": "/subscriptions/db1ab6f0-4769-4b27-930e-01e2ef9c123c/resourceGroups/testRg-8991/providers/Microsoft.DeviceUpdate/accounts/Account-5080",
        "name": "Account-5080",
        "type": "microsoft.deviceupdate/accounts",
        "location": "westus2",
        "systemData": {
          "createdBy": "814cdb39-82c4-4a9a-b57d-82a22becc8f7",
          "createdByType": "Application",
          "createdAt": "2021-11-15T06:17:57.3561894Z",
          "lastModifiedBy": "814cdb39-82c4-4a9a-b57d-82a22becc8f7",
          "lastModifiedByType": "Application",
          "lastModifiedAt": "2021-11-15T06:17:57.3561894Z"
        },
        "properties": {
          "provisioningState": "Succeeded",
          "hostName": "account-5080.api.adu.microsoft.com"
        }
      }
    },
    {
      "RequestUri": "https://management.azure.com/subscriptions/db1ab6f0-4769-4b27-930e-01e2ef9c123c/resourceGroups/testRg-8991/providers/Microsoft.DeviceUpdate/accounts/Account-5080?api-version=2020-03-01-preview",
      "RequestMethod": "DELETE",
      "RequestHeaders": {
        "Accept": "application/json",
        "Authorization": "Sanitized",
        "User-Agent": "azsdk-net-ResourceManager.DeviceUpdate/1.0.0-alpha.20211115.1 (.NET Framework 4.8.4300.0; Microsoft Windows 10.0.19043 )",
        "x-ms-client-request-id": "616503b17763eda34b8d154909c528e8",
        "x-ms-return-client-request-id": "true"
      },
      "RequestBody": null,
      "StatusCode": 202,
      "ResponseHeaders": {
        "Azure-AsyncOperation": "https://management.azure.com/providers/Microsoft.DeviceUpdate/locations/WESTUS2/operationStatuses/08355683-c35b-4664-8fe8-afe6a7e695a1*58092C7F24818F67CBD7408A6006FE5DD75DEF9A275A3779B32AAE4A2AFB7574?api-version=2020-03-01-preview",
        "Cache-Control": "no-cache",
        "Content-Length": "4",
        "Content-Type": "application/json; charset=utf-8",
        "Date": "Mon, 15 Nov 2021 06:18:27 GMT",
        "ETag": "\u0022310096cb-0000-0800-0000-6191fbb30000\u0022",
        "Expires": "-1",
        "Location": "https://management.azure.com/providers/Microsoft.DeviceUpdate/locations/WESTUS2/operationStatuses/08355683-c35b-4664-8fe8-afe6a7e695a1*58092C7F24818F67CBD7408A6006FE5DD75DEF9A275A3779B32AAE4A2AFB7574?api-version=2020-03-01-preview",
        "Pragma": "no-cache",
        "Strict-Transport-Security": "max-age=31536000; includeSubDomains",
        "X-Content-Type-Options": "nosniff",
        "x-ms-correlation-request-id": "b7167981-2dbf-4da5-9855-460ce39f41e7",
        "x-ms-providerhub-traffic": "True",
        "x-ms-ratelimit-remaining-subscription-deletes": "14997",
        "x-ms-request-id": "08355683-c35b-4664-8fe8-afe6a7e695a1",
        "x-ms-routing-request-id": "SOUTHEASTASIA:20211115T061828Z:b7167981-2dbf-4da5-9855-460ce39f41e7"
      },
      "ResponseBody": null
    },
    {
      "RequestUri": "https://management.azure.com/providers/Microsoft.DeviceUpdate/locations/WESTUS2/operationStatuses/08355683-c35b-4664-8fe8-afe6a7e695a1*58092C7F24818F67CBD7408A6006FE5DD75DEF9A275A3779B32AAE4A2AFB7574?api-version=2020-03-01-preview",
      "RequestMethod": "GET",
      "RequestHeaders": {
        "Authorization": "Sanitized",
        "User-Agent": "azsdk-net-ResourceManager/1.0.0-beta.5 (.NET Framework 4.8.4300.0; Microsoft Windows 10.0.19043 )",
        "x-ms-client-request-id": "fd1a5f06b541a4214956dd04dccd82b8",
        "x-ms-return-client-request-id": "true"
      },
      "RequestBody": null,
      "StatusCode": 202,
      "ResponseHeaders": {
        "Cache-Control": "no-cache",
        "Content-Length": "503",
        "Content-Type": "application/json; charset=utf-8",
        "Date": "Mon, 15 Nov 2021 06:18:27 GMT",
        "ETag": "\u00222b001ecc-0000-0800-0000-6191fbb30000\u0022",
        "Expires": "-1",
        "Pragma": "no-cache",
        "Strict-Transport-Security": "max-age=31536000; includeSubDomains",
        "X-Content-Type-Options": "nosniff",
        "x-ms-correlation-request-id": "998b01c9-6ff7-4342-8ebf-5779c3c16496",
        "x-ms-ratelimit-remaining-tenant-reads": "11926",
        "x-ms-request-id": "525ab2a9-6642-4e88-b2b5-c2fdde9ccc66",
        "x-ms-routing-request-id": "SOUTHEASTASIA:20211115T061828Z:998b01c9-6ff7-4342-8ebf-5779c3c16496"
      },
      "ResponseBody": {
        "id": "/providers/Microsoft.DeviceUpdate/locations/WESTUS2/operationStatuses/08355683-c35b-4664-8fe8-afe6a7e695a1*58092C7F24818F67CBD7408A6006FE5DD75DEF9A275A3779B32AAE4A2AFB7574",
        "name": "08355683-c35b-4664-8fe8-afe6a7e695a1*58092C7F24818F67CBD7408A6006FE5DD75DEF9A275A3779B32AAE4A2AFB7574",
        "resourceId": "/subscriptions/db1ab6f0-4769-4b27-930e-01e2ef9c123c/resourceGroups/testRg-8991/providers/Microsoft.DeviceUpdate/accounts/Account-5080",
        "status": "Deleting",
        "startTime": "2021-11-15T06:18:27.8975574Z"
      }
    },
    {
      "RequestUri": "https://management.azure.com/providers/Microsoft.DeviceUpdate/locations/WESTUS2/operationStatuses/08355683-c35b-4664-8fe8-afe6a7e695a1*58092C7F24818F67CBD7408A6006FE5DD75DEF9A275A3779B32AAE4A2AFB7574?api-version=2020-03-01-preview",
      "RequestMethod": "GET",
      "RequestHeaders": {
        "Authorization": "Sanitized",
        "User-Agent": "azsdk-net-ResourceManager/1.0.0-beta.5 (.NET Framework 4.8.4300.0; Microsoft Windows 10.0.19043 )",
        "x-ms-client-request-id": "fd35778f5467a84ad752e36125f7c9b9",
        "x-ms-return-client-request-id": "true"
      },
      "RequestBody": null,
      "StatusCode": 202,
      "ResponseHeaders": {
        "Cache-Control": "no-cache",
        "Content-Length": "503",
        "Content-Type": "application/json; charset=utf-8",
        "Date": "Mon, 15 Nov 2021 06:18:28 GMT",
        "ETag": "\u00222b001ecc-0000-0800-0000-6191fbb30000\u0022",
        "Expires": "-1",
        "Pragma": "no-cache",
        "Strict-Transport-Security": "max-age=31536000; includeSubDomains",
        "X-Content-Type-Options": "nosniff",
        "x-ms-correlation-request-id": "65e45688-594f-44b2-96a8-9590bc652a37",
        "x-ms-ratelimit-remaining-tenant-reads": "11925",
        "x-ms-request-id": "24ba46ad-4a8d-4eb6-af21-288267731ec0",
        "x-ms-routing-request-id": "SOUTHEASTASIA:20211115T061829Z:65e45688-594f-44b2-96a8-9590bc652a37"
      },
      "ResponseBody": {
        "id": "/providers/Microsoft.DeviceUpdate/locations/WESTUS2/operationStatuses/08355683-c35b-4664-8fe8-afe6a7e695a1*58092C7F24818F67CBD7408A6006FE5DD75DEF9A275A3779B32AAE4A2AFB7574",
        "name": "08355683-c35b-4664-8fe8-afe6a7e695a1*58092C7F24818F67CBD7408A6006FE5DD75DEF9A275A3779B32AAE4A2AFB7574",
        "resourceId": "/subscriptions/db1ab6f0-4769-4b27-930e-01e2ef9c123c/resourceGroups/testRg-8991/providers/Microsoft.DeviceUpdate/accounts/Account-5080",
        "status": "Deleting",
        "startTime": "2021-11-15T06:18:27.8975574Z"
      }
    },
    {
      "RequestUri": "https://management.azure.com/providers/Microsoft.DeviceUpdate/locations/WESTUS2/operationStatuses/08355683-c35b-4664-8fe8-afe6a7e695a1*58092C7F24818F67CBD7408A6006FE5DD75DEF9A275A3779B32AAE4A2AFB7574?api-version=2020-03-01-preview",
      "RequestMethod": "GET",
      "RequestHeaders": {
        "Authorization": "Sanitized",
        "User-Agent": "azsdk-net-ResourceManager/1.0.0-beta.5 (.NET Framework 4.8.4300.0; Microsoft Windows 10.0.19043 )",
        "x-ms-client-request-id": "a9425d3d2aaac4a601c6e5b62b2635b0",
        "x-ms-return-client-request-id": "true"
      },
      "RequestBody": null,
      "StatusCode": 202,
      "ResponseHeaders": {
        "Cache-Control": "no-cache",
        "Content-Length": "503",
        "Content-Type": "application/json; charset=utf-8",
        "Date": "Mon, 15 Nov 2021 06:18:29 GMT",
        "ETag": "\u00222b001ecc-0000-0800-0000-6191fbb30000\u0022",
        "Expires": "-1",
        "Pragma": "no-cache",
        "Strict-Transport-Security": "max-age=31536000; includeSubDomains",
        "X-Content-Type-Options": "nosniff",
        "x-ms-correlation-request-id": "f1e8235d-c883-4088-8759-8dd4bc88a958",
        "x-ms-ratelimit-remaining-tenant-reads": "11924",
        "x-ms-request-id": "0284ba16-2f4c-4f63-ad99-01dcd5ae2af6",
        "x-ms-routing-request-id": "SOUTHEASTASIA:20211115T061830Z:f1e8235d-c883-4088-8759-8dd4bc88a958"
      },
      "ResponseBody": {
        "id": "/providers/Microsoft.DeviceUpdate/locations/WESTUS2/operationStatuses/08355683-c35b-4664-8fe8-afe6a7e695a1*58092C7F24818F67CBD7408A6006FE5DD75DEF9A275A3779B32AAE4A2AFB7574",
        "name": "08355683-c35b-4664-8fe8-afe6a7e695a1*58092C7F24818F67CBD7408A6006FE5DD75DEF9A275A3779B32AAE4A2AFB7574",
        "resourceId": "/subscriptions/db1ab6f0-4769-4b27-930e-01e2ef9c123c/resourceGroups/testRg-8991/providers/Microsoft.DeviceUpdate/accounts/Account-5080",
        "status": "Deleting",
        "startTime": "2021-11-15T06:18:27.8975574Z"
      }
    },
    {
      "RequestUri": "https://management.azure.com/providers/Microsoft.DeviceUpdate/locations/WESTUS2/operationStatuses/08355683-c35b-4664-8fe8-afe6a7e695a1*58092C7F24818F67CBD7408A6006FE5DD75DEF9A275A3779B32AAE4A2AFB7574?api-version=2020-03-01-preview",
      "RequestMethod": "GET",
      "RequestHeaders": {
        "Authorization": "Sanitized",
        "User-Agent": "azsdk-net-ResourceManager/1.0.0-beta.5 (.NET Framework 4.8.4300.0; Microsoft Windows 10.0.19043 )",
        "x-ms-client-request-id": "ac1c997f525cb250147225eed2c07e52",
        "x-ms-return-client-request-id": "true"
      },
      "RequestBody": null,
      "StatusCode": 202,
      "ResponseHeaders": {
        "Cache-Control": "no-cache",
        "Content-Length": "503",
        "Content-Type": "application/json; charset=utf-8",
        "Date": "Mon, 15 Nov 2021 06:18:31 GMT",
        "ETag": "\u00222b001ecc-0000-0800-0000-6191fbb30000\u0022",
        "Expires": "-1",
        "Pragma": "no-cache",
        "Strict-Transport-Security": "max-age=31536000; includeSubDomains",
        "X-Content-Type-Options": "nosniff",
        "x-ms-correlation-request-id": "aff4c5d8-fdab-4056-95d8-9da6d9c45078",
        "x-ms-ratelimit-remaining-tenant-reads": "11923",
        "x-ms-request-id": "4ab46b50-2167-4d0e-9793-cfccd2f2f688",
        "x-ms-routing-request-id": "SOUTHEASTASIA:20211115T061832Z:aff4c5d8-fdab-4056-95d8-9da6d9c45078"
      },
      "ResponseBody": {
        "id": "/providers/Microsoft.DeviceUpdate/locations/WESTUS2/operationStatuses/08355683-c35b-4664-8fe8-afe6a7e695a1*58092C7F24818F67CBD7408A6006FE5DD75DEF9A275A3779B32AAE4A2AFB7574",
        "name": "08355683-c35b-4664-8fe8-afe6a7e695a1*58092C7F24818F67CBD7408A6006FE5DD75DEF9A275A3779B32AAE4A2AFB7574",
        "resourceId": "/subscriptions/db1ab6f0-4769-4b27-930e-01e2ef9c123c/resourceGroups/testRg-8991/providers/Microsoft.DeviceUpdate/accounts/Account-5080",
        "status": "Deleting",
        "startTime": "2021-11-15T06:18:27.8975574Z"
      }
    },
    {
      "RequestUri": "https://management.azure.com/providers/Microsoft.DeviceUpdate/locations/WESTUS2/operationStatuses/08355683-c35b-4664-8fe8-afe6a7e695a1*58092C7F24818F67CBD7408A6006FE5DD75DEF9A275A3779B32AAE4A2AFB7574?api-version=2020-03-01-preview",
      "RequestMethod": "GET",
      "RequestHeaders": {
        "Authorization": "Sanitized",
        "User-Agent": "azsdk-net-ResourceManager/1.0.0-beta.5 (.NET Framework 4.8.4300.0; Microsoft Windows 10.0.19043 )",
        "x-ms-client-request-id": "7fc7238cd88a650ed070fca16f947cb1",
        "x-ms-return-client-request-id": "true"
      },
      "RequestBody": null,
      "StatusCode": 202,
      "ResponseHeaders": {
        "Cache-Control": "no-cache",
        "Content-Length": "503",
        "Content-Type": "application/json; charset=utf-8",
        "Date": "Mon, 15 Nov 2021 06:18:32 GMT",
        "ETag": "\u00222b001ecc-0000-0800-0000-6191fbb30000\u0022",
        "Expires": "-1",
        "Pragma": "no-cache",
        "Strict-Transport-Security": "max-age=31536000; includeSubDomains",
        "X-Content-Type-Options": "nosniff",
        "x-ms-correlation-request-id": "948f833e-1ccc-4b21-916f-6d3983c2a24c",
        "x-ms-ratelimit-remaining-tenant-reads": "11922",
        "x-ms-request-id": "dbee4a54-025b-423f-8bd2-f3dba986a770",
        "x-ms-routing-request-id": "SOUTHEASTASIA:20211115T061833Z:948f833e-1ccc-4b21-916f-6d3983c2a24c"
      },
      "ResponseBody": {
        "id": "/providers/Microsoft.DeviceUpdate/locations/WESTUS2/operationStatuses/08355683-c35b-4664-8fe8-afe6a7e695a1*58092C7F24818F67CBD7408A6006FE5DD75DEF9A275A3779B32AAE4A2AFB7574",
        "name": "08355683-c35b-4664-8fe8-afe6a7e695a1*58092C7F24818F67CBD7408A6006FE5DD75DEF9A275A3779B32AAE4A2AFB7574",
        "resourceId": "/subscriptions/db1ab6f0-4769-4b27-930e-01e2ef9c123c/resourceGroups/testRg-8991/providers/Microsoft.DeviceUpdate/accounts/Account-5080",
        "status": "Deleting",
        "startTime": "2021-11-15T06:18:27.8975574Z"
      }
    },
    {
      "RequestUri": "https://management.azure.com/providers/Microsoft.DeviceUpdate/locations/WESTUS2/operationStatuses/08355683-c35b-4664-8fe8-afe6a7e695a1*58092C7F24818F67CBD7408A6006FE5DD75DEF9A275A3779B32AAE4A2AFB7574?api-version=2020-03-01-preview",
      "RequestMethod": "GET",
      "RequestHeaders": {
        "Authorization": "Sanitized",
        "User-Agent": "azsdk-net-ResourceManager/1.0.0-beta.5 (.NET Framework 4.8.4300.0; Microsoft Windows 10.0.19043 )",
        "x-ms-client-request-id": "8ce1321c1ddbeb5d0d90953705b8f240",
        "x-ms-return-client-request-id": "true"
      },
      "RequestBody": null,
      "StatusCode": 202,
      "ResponseHeaders": {
        "Cache-Control": "no-cache",
        "Content-Length": "503",
        "Content-Type": "application/json; charset=utf-8",
        "Date": "Mon, 15 Nov 2021 06:18:33 GMT",
        "ETag": "\u00222b001ecc-0000-0800-0000-6191fbb30000\u0022",
        "Expires": "-1",
        "Pragma": "no-cache",
        "Strict-Transport-Security": "max-age=31536000; includeSubDomains",
        "X-Content-Type-Options": "nosniff",
        "x-ms-correlation-request-id": "85ce75a5-e11d-4802-84b7-5ac8fbe63632",
        "x-ms-ratelimit-remaining-tenant-reads": "11921",
        "x-ms-request-id": "83436394-5457-4b3f-8563-cebff3a77801",
        "x-ms-routing-request-id": "SOUTHEASTASIA:20211115T061834Z:85ce75a5-e11d-4802-84b7-5ac8fbe63632"
      },
      "ResponseBody": {
        "id": "/providers/Microsoft.DeviceUpdate/locations/WESTUS2/operationStatuses/08355683-c35b-4664-8fe8-afe6a7e695a1*58092C7F24818F67CBD7408A6006FE5DD75DEF9A275A3779B32AAE4A2AFB7574",
        "name": "08355683-c35b-4664-8fe8-afe6a7e695a1*58092C7F24818F67CBD7408A6006FE5DD75DEF9A275A3779B32AAE4A2AFB7574",
        "resourceId": "/subscriptions/db1ab6f0-4769-4b27-930e-01e2ef9c123c/resourceGroups/testRg-8991/providers/Microsoft.DeviceUpdate/accounts/Account-5080",
        "status": "Deleting",
        "startTime": "2021-11-15T06:18:27.8975574Z"
      }
    },
    {
      "RequestUri": "https://management.azure.com/providers/Microsoft.DeviceUpdate/locations/WESTUS2/operationStatuses/08355683-c35b-4664-8fe8-afe6a7e695a1*58092C7F24818F67CBD7408A6006FE5DD75DEF9A275A3779B32AAE4A2AFB7574?api-version=2020-03-01-preview",
      "RequestMethod": "GET",
      "RequestHeaders": {
        "Authorization": "Sanitized",
        "User-Agent": "azsdk-net-ResourceManager/1.0.0-beta.5 (.NET Framework 4.8.4300.0; Microsoft Windows 10.0.19043 )",
        "x-ms-client-request-id": "082a9347b65fa7258bb7dbec55ae4280",
        "x-ms-return-client-request-id": "true"
      },
      "RequestBody": null,
      "StatusCode": 202,
      "ResponseHeaders": {
        "Cache-Control": "no-cache",
        "Content-Length": "503",
        "Content-Type": "application/json; charset=utf-8",
        "Date": "Mon, 15 Nov 2021 06:18:34 GMT",
        "ETag": "\u00222b001ecc-0000-0800-0000-6191fbb30000\u0022",
        "Expires": "-1",
        "Pragma": "no-cache",
        "Strict-Transport-Security": "max-age=31536000; includeSubDomains",
        "X-Content-Type-Options": "nosniff",
        "x-ms-correlation-request-id": "4b865577-39bb-4979-81d0-aebaf6edead3",
        "x-ms-ratelimit-remaining-tenant-reads": "11920",
        "x-ms-request-id": "587e575c-bf52-49c0-a59d-3d9bfe43d0c6",
        "x-ms-routing-request-id": "SOUTHEASTASIA:20211115T061835Z:4b865577-39bb-4979-81d0-aebaf6edead3"
      },
      "ResponseBody": {
        "id": "/providers/Microsoft.DeviceUpdate/locations/WESTUS2/operationStatuses/08355683-c35b-4664-8fe8-afe6a7e695a1*58092C7F24818F67CBD7408A6006FE5DD75DEF9A275A3779B32AAE4A2AFB7574",
        "name": "08355683-c35b-4664-8fe8-afe6a7e695a1*58092C7F24818F67CBD7408A6006FE5DD75DEF9A275A3779B32AAE4A2AFB7574",
        "resourceId": "/subscriptions/db1ab6f0-4769-4b27-930e-01e2ef9c123c/resourceGroups/testRg-8991/providers/Microsoft.DeviceUpdate/accounts/Account-5080",
        "status": "Deleting",
        "startTime": "2021-11-15T06:18:27.8975574Z"
      }
    },
    {
      "RequestUri": "https://management.azure.com/providers/Microsoft.DeviceUpdate/locations/WESTUS2/operationStatuses/08355683-c35b-4664-8fe8-afe6a7e695a1*58092C7F24818F67CBD7408A6006FE5DD75DEF9A275A3779B32AAE4A2AFB7574?api-version=2020-03-01-preview",
      "RequestMethod": "GET",
      "RequestHeaders": {
        "Authorization": "Sanitized",
        "User-Agent": "azsdk-net-ResourceManager/1.0.0-beta.5 (.NET Framework 4.8.4300.0; Microsoft Windows 10.0.19043 )",
        "x-ms-client-request-id": "9fd173f6f2df6e77c6db72f943d65f18",
        "x-ms-return-client-request-id": "true"
      },
      "RequestBody": null,
      "StatusCode": 202,
      "ResponseHeaders": {
        "Cache-Control": "no-cache",
        "Content-Length": "503",
        "Content-Type": "application/json; charset=utf-8",
        "Date": "Mon, 15 Nov 2021 06:18:36 GMT",
        "ETag": "\u00222b001ecc-0000-0800-0000-6191fbb30000\u0022",
        "Expires": "-1",
        "Pragma": "no-cache",
        "Strict-Transport-Security": "max-age=31536000; includeSubDomains",
        "X-Content-Type-Options": "nosniff",
        "x-ms-correlation-request-id": "9f471685-136a-49b2-b81b-62e744be74c6",
        "x-ms-ratelimit-remaining-tenant-reads": "11919",
        "x-ms-request-id": "3c30ce41-cad2-4e68-b7d4-182ef2980ed7",
        "x-ms-routing-request-id": "SOUTHEASTASIA:20211115T061837Z:9f471685-136a-49b2-b81b-62e744be74c6"
      },
      "ResponseBody": {
        "id": "/providers/Microsoft.DeviceUpdate/locations/WESTUS2/operationStatuses/08355683-c35b-4664-8fe8-afe6a7e695a1*58092C7F24818F67CBD7408A6006FE5DD75DEF9A275A3779B32AAE4A2AFB7574",
        "name": "08355683-c35b-4664-8fe8-afe6a7e695a1*58092C7F24818F67CBD7408A6006FE5DD75DEF9A275A3779B32AAE4A2AFB7574",
        "resourceId": "/subscriptions/db1ab6f0-4769-4b27-930e-01e2ef9c123c/resourceGroups/testRg-8991/providers/Microsoft.DeviceUpdate/accounts/Account-5080",
        "status": "Deleting",
        "startTime": "2021-11-15T06:18:27.8975574Z"
      }
    },
    {
      "RequestUri": "https://management.azure.com/providers/Microsoft.DeviceUpdate/locations/WESTUS2/operationStatuses/08355683-c35b-4664-8fe8-afe6a7e695a1*58092C7F24818F67CBD7408A6006FE5DD75DEF9A275A3779B32AAE4A2AFB7574?api-version=2020-03-01-preview",
      "RequestMethod": "GET",
      "RequestHeaders": {
        "Authorization": "Sanitized",
        "User-Agent": "azsdk-net-ResourceManager/1.0.0-beta.5 (.NET Framework 4.8.4300.0; Microsoft Windows 10.0.19043 )",
        "x-ms-client-request-id": "dc5abb7e736a66520d3a01234171965e",
        "x-ms-return-client-request-id": "true"
      },
      "RequestBody": null,
      "StatusCode": 202,
      "ResponseHeaders": {
        "Cache-Control": "no-cache",
        "Content-Length": "503",
        "Content-Type": "application/json; charset=utf-8",
        "Date": "Mon, 15 Nov 2021 06:18:38 GMT",
        "ETag": "\u00222b001ecc-0000-0800-0000-6191fbb30000\u0022",
        "Expires": "-1",
        "Pragma": "no-cache",
        "Strict-Transport-Security": "max-age=31536000; includeSubDomains",
        "X-Content-Type-Options": "nosniff",
        "x-ms-correlation-request-id": "efb3757c-aac2-41a5-9c1c-04aeffd14e79",
        "x-ms-ratelimit-remaining-tenant-reads": "11918",
        "x-ms-request-id": "306348c0-9d3f-4d08-b413-71fe2b8c4dda",
        "x-ms-routing-request-id": "SOUTHEASTASIA:20211115T061838Z:efb3757c-aac2-41a5-9c1c-04aeffd14e79"
      },
      "ResponseBody": {
        "id": "/providers/Microsoft.DeviceUpdate/locations/WESTUS2/operationStatuses/08355683-c35b-4664-8fe8-afe6a7e695a1*58092C7F24818F67CBD7408A6006FE5DD75DEF9A275A3779B32AAE4A2AFB7574",
        "name": "08355683-c35b-4664-8fe8-afe6a7e695a1*58092C7F24818F67CBD7408A6006FE5DD75DEF9A275A3779B32AAE4A2AFB7574",
        "resourceId": "/subscriptions/db1ab6f0-4769-4b27-930e-01e2ef9c123c/resourceGroups/testRg-8991/providers/Microsoft.DeviceUpdate/accounts/Account-5080",
        "status": "Deleting",
        "startTime": "2021-11-15T06:18:27.8975574Z"
      }
    },
    {
      "RequestUri": "https://management.azure.com/providers/Microsoft.DeviceUpdate/locations/WESTUS2/operationStatuses/08355683-c35b-4664-8fe8-afe6a7e695a1*58092C7F24818F67CBD7408A6006FE5DD75DEF9A275A3779B32AAE4A2AFB7574?api-version=2020-03-01-preview",
      "RequestMethod": "GET",
      "RequestHeaders": {
        "Authorization": "Sanitized",
        "User-Agent": "azsdk-net-ResourceManager/1.0.0-beta.5 (.NET Framework 4.8.4300.0; Microsoft Windows 10.0.19043 )",
        "x-ms-client-request-id": "9141154e52e654611cbb4283442b63b4",
        "x-ms-return-client-request-id": "true"
      },
      "RequestBody": null,
      "StatusCode": 202,
      "ResponseHeaders": {
        "Cache-Control": "no-cache",
        "Content-Length": "503",
        "Content-Type": "application/json; charset=utf-8",
        "Date": "Mon, 15 Nov 2021 06:18:39 GMT",
        "ETag": "\u00222b001ecc-0000-0800-0000-6191fbb30000\u0022",
        "Expires": "-1",
        "Pragma": "no-cache",
        "Strict-Transport-Security": "max-age=31536000; includeSubDomains",
        "X-Content-Type-Options": "nosniff",
        "x-ms-correlation-request-id": "14973d97-db36-4bef-b666-f5c2382c68c2",
        "x-ms-ratelimit-remaining-tenant-reads": "11917",
        "x-ms-request-id": "684be091-2ec1-433a-a403-eb9b12af1160",
        "x-ms-routing-request-id": "SOUTHEASTASIA:20211115T061839Z:14973d97-db36-4bef-b666-f5c2382c68c2"
      },
      "ResponseBody": {
        "id": "/providers/Microsoft.DeviceUpdate/locations/WESTUS2/operationStatuses/08355683-c35b-4664-8fe8-afe6a7e695a1*58092C7F24818F67CBD7408A6006FE5DD75DEF9A275A3779B32AAE4A2AFB7574",
        "name": "08355683-c35b-4664-8fe8-afe6a7e695a1*58092C7F24818F67CBD7408A6006FE5DD75DEF9A275A3779B32AAE4A2AFB7574",
        "resourceId": "/subscriptions/db1ab6f0-4769-4b27-930e-01e2ef9c123c/resourceGroups/testRg-8991/providers/Microsoft.DeviceUpdate/accounts/Account-5080",
        "status": "Deleting",
        "startTime": "2021-11-15T06:18:27.8975574Z"
      }
    },
    {
      "RequestUri": "https://management.azure.com/providers/Microsoft.DeviceUpdate/locations/WESTUS2/operationStatuses/08355683-c35b-4664-8fe8-afe6a7e695a1*58092C7F24818F67CBD7408A6006FE5DD75DEF9A275A3779B32AAE4A2AFB7574?api-version=2020-03-01-preview",
      "RequestMethod": "GET",
      "RequestHeaders": {
        "Authorization": "Sanitized",
        "User-Agent": "azsdk-net-ResourceManager/1.0.0-beta.5 (.NET Framework 4.8.4300.0; Microsoft Windows 10.0.19043 )",
        "x-ms-client-request-id": "996dc25765548215216b92a5f1532c54",
        "x-ms-return-client-request-id": "true"
      },
      "RequestBody": null,
      "StatusCode": 202,
      "ResponseHeaders": {
        "Cache-Control": "no-cache",
        "Content-Length": "503",
        "Content-Type": "application/json; charset=utf-8",
        "Date": "Mon, 15 Nov 2021 06:18:40 GMT",
        "ETag": "\u00222b001ecc-0000-0800-0000-6191fbb30000\u0022",
        "Expires": "-1",
        "Pragma": "no-cache",
        "Strict-Transport-Security": "max-age=31536000; includeSubDomains",
        "X-Content-Type-Options": "nosniff",
        "x-ms-correlation-request-id": "bf357e11-de97-4605-a9b9-99a4a40d8270",
        "x-ms-ratelimit-remaining-tenant-reads": "11916",
        "x-ms-request-id": "eeafe5cb-c716-419d-a05e-ab88258ddbd1",
        "x-ms-routing-request-id": "SOUTHEASTASIA:20211115T061840Z:bf357e11-de97-4605-a9b9-99a4a40d8270"
      },
      "ResponseBody": {
        "id": "/providers/Microsoft.DeviceUpdate/locations/WESTUS2/operationStatuses/08355683-c35b-4664-8fe8-afe6a7e695a1*58092C7F24818F67CBD7408A6006FE5DD75DEF9A275A3779B32AAE4A2AFB7574",
        "name": "08355683-c35b-4664-8fe8-afe6a7e695a1*58092C7F24818F67CBD7408A6006FE5DD75DEF9A275A3779B32AAE4A2AFB7574",
        "resourceId": "/subscriptions/db1ab6f0-4769-4b27-930e-01e2ef9c123c/resourceGroups/testRg-8991/providers/Microsoft.DeviceUpdate/accounts/Account-5080",
        "status": "Deleting",
        "startTime": "2021-11-15T06:18:27.8975574Z"
      }
    },
    {
      "RequestUri": "https://management.azure.com/providers/Microsoft.DeviceUpdate/locations/WESTUS2/operationStatuses/08355683-c35b-4664-8fe8-afe6a7e695a1*58092C7F24818F67CBD7408A6006FE5DD75DEF9A275A3779B32AAE4A2AFB7574?api-version=2020-03-01-preview",
      "RequestMethod": "GET",
      "RequestHeaders": {
        "Authorization": "Sanitized",
        "User-Agent": "azsdk-net-ResourceManager/1.0.0-beta.5 (.NET Framework 4.8.4300.0; Microsoft Windows 10.0.19043 )",
        "x-ms-client-request-id": "2eab1345ce942c325a05c0af31ce21e1",
        "x-ms-return-client-request-id": "true"
      },
      "RequestBody": null,
      "StatusCode": 202,
      "ResponseHeaders": {
        "Cache-Control": "no-cache",
        "Content-Length": "503",
        "Content-Type": "application/json; charset=utf-8",
        "Date": "Mon, 15 Nov 2021 06:18:42 GMT",
        "ETag": "\u00222b001ecc-0000-0800-0000-6191fbb30000\u0022",
        "Expires": "-1",
        "Pragma": "no-cache",
        "Strict-Transport-Security": "max-age=31536000; includeSubDomains",
        "X-Content-Type-Options": "nosniff",
        "x-ms-correlation-request-id": "d872bee9-1ca3-43e6-8045-84fc66a08102",
        "x-ms-ratelimit-remaining-tenant-reads": "11915",
        "x-ms-request-id": "5950e368-aecc-4282-8275-239bfdfe1b60",
        "x-ms-routing-request-id": "SOUTHEASTASIA:20211115T061842Z:d872bee9-1ca3-43e6-8045-84fc66a08102"
      },
      "ResponseBody": {
        "id": "/providers/Microsoft.DeviceUpdate/locations/WESTUS2/operationStatuses/08355683-c35b-4664-8fe8-afe6a7e695a1*58092C7F24818F67CBD7408A6006FE5DD75DEF9A275A3779B32AAE4A2AFB7574",
        "name": "08355683-c35b-4664-8fe8-afe6a7e695a1*58092C7F24818F67CBD7408A6006FE5DD75DEF9A275A3779B32AAE4A2AFB7574",
        "resourceId": "/subscriptions/db1ab6f0-4769-4b27-930e-01e2ef9c123c/resourceGroups/testRg-8991/providers/Microsoft.DeviceUpdate/accounts/Account-5080",
        "status": "Deleting",
        "startTime": "2021-11-15T06:18:27.8975574Z"
      }
    },
    {
      "RequestUri": "https://management.azure.com/providers/Microsoft.DeviceUpdate/locations/WESTUS2/operationStatuses/08355683-c35b-4664-8fe8-afe6a7e695a1*58092C7F24818F67CBD7408A6006FE5DD75DEF9A275A3779B32AAE4A2AFB7574?api-version=2020-03-01-preview",
      "RequestMethod": "GET",
      "RequestHeaders": {
        "Authorization": "Sanitized",
        "User-Agent": "azsdk-net-ResourceManager/1.0.0-beta.5 (.NET Framework 4.8.4300.0; Microsoft Windows 10.0.19043 )",
        "x-ms-client-request-id": "7fcc4cd6fc03e80affbe707ac0bc63c8",
        "x-ms-return-client-request-id": "true"
      },
      "RequestBody": null,
      "StatusCode": 202,
      "ResponseHeaders": {
        "Cache-Control": "no-cache",
        "Content-Length": "503",
        "Content-Type": "application/json; charset=utf-8",
        "Date": "Mon, 15 Nov 2021 06:18:43 GMT",
        "ETag": "\u00222b001ecc-0000-0800-0000-6191fbb30000\u0022",
        "Expires": "-1",
        "Pragma": "no-cache",
        "Strict-Transport-Security": "max-age=31536000; includeSubDomains",
        "X-Content-Type-Options": "nosniff",
        "x-ms-correlation-request-id": "8c642912-d66e-4d4b-8af2-64a4d20eaba7",
        "x-ms-ratelimit-remaining-tenant-reads": "11914",
        "x-ms-request-id": "2640e03b-b8e3-4434-8712-72bc57a32886",
        "x-ms-routing-request-id": "SOUTHEASTASIA:20211115T061843Z:8c642912-d66e-4d4b-8af2-64a4d20eaba7"
      },
      "ResponseBody": {
        "id": "/providers/Microsoft.DeviceUpdate/locations/WESTUS2/operationStatuses/08355683-c35b-4664-8fe8-afe6a7e695a1*58092C7F24818F67CBD7408A6006FE5DD75DEF9A275A3779B32AAE4A2AFB7574",
        "name": "08355683-c35b-4664-8fe8-afe6a7e695a1*58092C7F24818F67CBD7408A6006FE5DD75DEF9A275A3779B32AAE4A2AFB7574",
        "resourceId": "/subscriptions/db1ab6f0-4769-4b27-930e-01e2ef9c123c/resourceGroups/testRg-8991/providers/Microsoft.DeviceUpdate/accounts/Account-5080",
        "status": "Deleting",
        "startTime": "2021-11-15T06:18:27.8975574Z"
      }
    },
    {
      "RequestUri": "https://management.azure.com/providers/Microsoft.DeviceUpdate/locations/WESTUS2/operationStatuses/08355683-c35b-4664-8fe8-afe6a7e695a1*58092C7F24818F67CBD7408A6006FE5DD75DEF9A275A3779B32AAE4A2AFB7574?api-version=2020-03-01-preview",
      "RequestMethod": "GET",
      "RequestHeaders": {
        "Authorization": "Sanitized",
        "User-Agent": "azsdk-net-ResourceManager/1.0.0-beta.5 (.NET Framework 4.8.4300.0; Microsoft Windows 10.0.19043 )",
        "x-ms-client-request-id": "313eed8e3580881f90413f4ea5665152",
        "x-ms-return-client-request-id": "true"
      },
      "RequestBody": null,
      "StatusCode": 202,
      "ResponseHeaders": {
        "Cache-Control": "no-cache",
        "Content-Length": "503",
        "Content-Type": "application/json; charset=utf-8",
        "Date": "Mon, 15 Nov 2021 06:18:44 GMT",
        "ETag": "\u00222b001ecc-0000-0800-0000-6191fbb30000\u0022",
        "Expires": "-1",
        "Pragma": "no-cache",
        "Strict-Transport-Security": "max-age=31536000; includeSubDomains",
        "X-Content-Type-Options": "nosniff",
        "x-ms-correlation-request-id": "71359b85-3ac6-4ed2-a149-3e6151f7f6e4",
        "x-ms-ratelimit-remaining-tenant-reads": "11913",
        "x-ms-request-id": "dbd5130c-a541-42d6-98a0-728b81ba5164",
        "x-ms-routing-request-id": "SOUTHEASTASIA:20211115T061844Z:71359b85-3ac6-4ed2-a149-3e6151f7f6e4"
      },
      "ResponseBody": {
        "id": "/providers/Microsoft.DeviceUpdate/locations/WESTUS2/operationStatuses/08355683-c35b-4664-8fe8-afe6a7e695a1*58092C7F24818F67CBD7408A6006FE5DD75DEF9A275A3779B32AAE4A2AFB7574",
        "name": "08355683-c35b-4664-8fe8-afe6a7e695a1*58092C7F24818F67CBD7408A6006FE5DD75DEF9A275A3779B32AAE4A2AFB7574",
        "resourceId": "/subscriptions/db1ab6f0-4769-4b27-930e-01e2ef9c123c/resourceGroups/testRg-8991/providers/Microsoft.DeviceUpdate/accounts/Account-5080",
        "status": "Deleting",
        "startTime": "2021-11-15T06:18:27.8975574Z"
      }
    },
    {
      "RequestUri": "https://management.azure.com/providers/Microsoft.DeviceUpdate/locations/WESTUS2/operationStatuses/08355683-c35b-4664-8fe8-afe6a7e695a1*58092C7F24818F67CBD7408A6006FE5DD75DEF9A275A3779B32AAE4A2AFB7574?api-version=2020-03-01-preview",
      "RequestMethod": "GET",
      "RequestHeaders": {
        "Authorization": "Sanitized",
        "User-Agent": "azsdk-net-ResourceManager/1.0.0-beta.5 (.NET Framework 4.8.4300.0; Microsoft Windows 10.0.19043 )",
        "x-ms-client-request-id": "a4cfb04aad87485109c22ed55eb76b9e",
        "x-ms-return-client-request-id": "true"
      },
      "RequestBody": null,
      "StatusCode": 202,
      "ResponseHeaders": {
        "Cache-Control": "no-cache",
        "Content-Length": "503",
        "Content-Type": "application/json; charset=utf-8",
        "Date": "Mon, 15 Nov 2021 06:18:45 GMT",
        "ETag": "\u00222b001ecc-0000-0800-0000-6191fbb30000\u0022",
        "Expires": "-1",
        "Pragma": "no-cache",
        "Strict-Transport-Security": "max-age=31536000; includeSubDomains",
        "X-Content-Type-Options": "nosniff",
        "x-ms-correlation-request-id": "7fc11c49-2605-4de0-a39b-2c8e3a688cf9",
        "x-ms-ratelimit-remaining-tenant-reads": "11912",
        "x-ms-request-id": "60d4f511-4a49-45d1-850c-e8218c5c837b",
        "x-ms-routing-request-id": "SOUTHEASTASIA:20211115T061846Z:7fc11c49-2605-4de0-a39b-2c8e3a688cf9"
      },
      "ResponseBody": {
        "id": "/providers/Microsoft.DeviceUpdate/locations/WESTUS2/operationStatuses/08355683-c35b-4664-8fe8-afe6a7e695a1*58092C7F24818F67CBD7408A6006FE5DD75DEF9A275A3779B32AAE4A2AFB7574",
        "name": "08355683-c35b-4664-8fe8-afe6a7e695a1*58092C7F24818F67CBD7408A6006FE5DD75DEF9A275A3779B32AAE4A2AFB7574",
        "resourceId": "/subscriptions/db1ab6f0-4769-4b27-930e-01e2ef9c123c/resourceGroups/testRg-8991/providers/Microsoft.DeviceUpdate/accounts/Account-5080",
        "status": "Deleting",
        "startTime": "2021-11-15T06:18:27.8975574Z"
      }
    },
    {
      "RequestUri": "https://management.azure.com/providers/Microsoft.DeviceUpdate/locations/WESTUS2/operationStatuses/08355683-c35b-4664-8fe8-afe6a7e695a1*58092C7F24818F67CBD7408A6006FE5DD75DEF9A275A3779B32AAE4A2AFB7574?api-version=2020-03-01-preview",
      "RequestMethod": "GET",
      "RequestHeaders": {
        "Authorization": "Sanitized",
        "User-Agent": "azsdk-net-ResourceManager/1.0.0-beta.5 (.NET Framework 4.8.4300.0; Microsoft Windows 10.0.19043 )",
        "x-ms-client-request-id": "4320f7a1f08fa0612c43eec2bdbb4298",
        "x-ms-return-client-request-id": "true"
      },
      "RequestBody": null,
      "StatusCode": 202,
      "ResponseHeaders": {
        "Cache-Control": "no-cache",
        "Content-Length": "503",
        "Content-Type": "application/json; charset=utf-8",
        "Date": "Mon, 15 Nov 2021 06:18:47 GMT",
        "ETag": "\u00222b001ecc-0000-0800-0000-6191fbb30000\u0022",
        "Expires": "-1",
        "Pragma": "no-cache",
        "Strict-Transport-Security": "max-age=31536000; includeSubDomains",
        "X-Content-Type-Options": "nosniff",
        "x-ms-correlation-request-id": "557afec1-2a8b-4754-ba05-14dd67882d52",
        "x-ms-ratelimit-remaining-tenant-reads": "11911",
        "x-ms-request-id": "c7ccb450-8e2b-4248-98cd-c2ada046e4db",
        "x-ms-routing-request-id": "SOUTHEASTASIA:20211115T061847Z:557afec1-2a8b-4754-ba05-14dd67882d52"
      },
      "ResponseBody": {
        "id": "/providers/Microsoft.DeviceUpdate/locations/WESTUS2/operationStatuses/08355683-c35b-4664-8fe8-afe6a7e695a1*58092C7F24818F67CBD7408A6006FE5DD75DEF9A275A3779B32AAE4A2AFB7574",
        "name": "08355683-c35b-4664-8fe8-afe6a7e695a1*58092C7F24818F67CBD7408A6006FE5DD75DEF9A275A3779B32AAE4A2AFB7574",
        "resourceId": "/subscriptions/db1ab6f0-4769-4b27-930e-01e2ef9c123c/resourceGroups/testRg-8991/providers/Microsoft.DeviceUpdate/accounts/Account-5080",
        "status": "Deleting",
        "startTime": "2021-11-15T06:18:27.8975574Z"
      }
    },
    {
      "RequestUri": "https://management.azure.com/providers/Microsoft.DeviceUpdate/locations/WESTUS2/operationStatuses/08355683-c35b-4664-8fe8-afe6a7e695a1*58092C7F24818F67CBD7408A6006FE5DD75DEF9A275A3779B32AAE4A2AFB7574?api-version=2020-03-01-preview",
      "RequestMethod": "GET",
      "RequestHeaders": {
        "Authorization": "Sanitized",
        "User-Agent": "azsdk-net-ResourceManager/1.0.0-beta.5 (.NET Framework 4.8.4300.0; Microsoft Windows 10.0.19043 )",
        "x-ms-client-request-id": "10301d6dbfede0419cf627bd06492ad9",
        "x-ms-return-client-request-id": "true"
      },
      "RequestBody": null,
      "StatusCode": 202,
      "ResponseHeaders": {
        "Cache-Control": "no-cache",
        "Content-Length": "503",
        "Content-Type": "application/json; charset=utf-8",
        "Date": "Mon, 15 Nov 2021 06:18:48 GMT",
        "ETag": "\u00222b001ecc-0000-0800-0000-6191fbb30000\u0022",
        "Expires": "-1",
        "Pragma": "no-cache",
        "Strict-Transport-Security": "max-age=31536000; includeSubDomains",
        "X-Content-Type-Options": "nosniff",
        "x-ms-correlation-request-id": "ab0ff710-48ab-4ca9-aefb-79c6bf7b8488",
        "x-ms-ratelimit-remaining-tenant-reads": "11910",
        "x-ms-request-id": "3aafbddb-8f95-4a48-b11e-34ea6bde0ab2",
        "x-ms-routing-request-id": "SOUTHEASTASIA:20211115T061848Z:ab0ff710-48ab-4ca9-aefb-79c6bf7b8488"
      },
      "ResponseBody": {
        "id": "/providers/Microsoft.DeviceUpdate/locations/WESTUS2/operationStatuses/08355683-c35b-4664-8fe8-afe6a7e695a1*58092C7F24818F67CBD7408A6006FE5DD75DEF9A275A3779B32AAE4A2AFB7574",
        "name": "08355683-c35b-4664-8fe8-afe6a7e695a1*58092C7F24818F67CBD7408A6006FE5DD75DEF9A275A3779B32AAE4A2AFB7574",
        "resourceId": "/subscriptions/db1ab6f0-4769-4b27-930e-01e2ef9c123c/resourceGroups/testRg-8991/providers/Microsoft.DeviceUpdate/accounts/Account-5080",
        "status": "Deleting",
        "startTime": "2021-11-15T06:18:27.8975574Z"
      }
    },
    {
      "RequestUri": "https://management.azure.com/providers/Microsoft.DeviceUpdate/locations/WESTUS2/operationStatuses/08355683-c35b-4664-8fe8-afe6a7e695a1*58092C7F24818F67CBD7408A6006FE5DD75DEF9A275A3779B32AAE4A2AFB7574?api-version=2020-03-01-preview",
      "RequestMethod": "GET",
      "RequestHeaders": {
        "Authorization": "Sanitized",
        "User-Agent": "azsdk-net-ResourceManager/1.0.0-beta.5 (.NET Framework 4.8.4300.0; Microsoft Windows 10.0.19043 )",
        "x-ms-client-request-id": "adaca0d50d455ac34e2e7743bf8e8a4e",
        "x-ms-return-client-request-id": "true"
      },
      "RequestBody": null,
      "StatusCode": 202,
      "ResponseHeaders": {
        "Cache-Control": "no-cache",
        "Content-Length": "503",
        "Content-Type": "application/json; charset=utf-8",
        "Date": "Mon, 15 Nov 2021 06:18:49 GMT",
        "ETag": "\u00222b001ecc-0000-0800-0000-6191fbb30000\u0022",
        "Expires": "-1",
        "Pragma": "no-cache",
        "Strict-Transport-Security": "max-age=31536000; includeSubDomains",
        "X-Content-Type-Options": "nosniff",
        "x-ms-correlation-request-id": "82d6eacd-eea3-49ba-931c-e56c215a3340",
        "x-ms-ratelimit-remaining-tenant-reads": "11909",
        "x-ms-request-id": "7b0bccec-f644-410b-9be0-890f7ea200e7",
        "x-ms-routing-request-id": "SOUTHEASTASIA:20211115T061849Z:82d6eacd-eea3-49ba-931c-e56c215a3340"
      },
      "ResponseBody": {
        "id": "/providers/Microsoft.DeviceUpdate/locations/WESTUS2/operationStatuses/08355683-c35b-4664-8fe8-afe6a7e695a1*58092C7F24818F67CBD7408A6006FE5DD75DEF9A275A3779B32AAE4A2AFB7574",
        "name": "08355683-c35b-4664-8fe8-afe6a7e695a1*58092C7F24818F67CBD7408A6006FE5DD75DEF9A275A3779B32AAE4A2AFB7574",
        "resourceId": "/subscriptions/db1ab6f0-4769-4b27-930e-01e2ef9c123c/resourceGroups/testRg-8991/providers/Microsoft.DeviceUpdate/accounts/Account-5080",
        "status": "Deleting",
        "startTime": "2021-11-15T06:18:27.8975574Z"
      }
    },
    {
      "RequestUri": "https://management.azure.com/providers/Microsoft.DeviceUpdate/locations/WESTUS2/operationStatuses/08355683-c35b-4664-8fe8-afe6a7e695a1*58092C7F24818F67CBD7408A6006FE5DD75DEF9A275A3779B32AAE4A2AFB7574?api-version=2020-03-01-preview",
      "RequestMethod": "GET",
      "RequestHeaders": {
        "Authorization": "Sanitized",
        "User-Agent": "azsdk-net-ResourceManager/1.0.0-beta.5 (.NET Framework 4.8.4300.0; Microsoft Windows 10.0.19043 )",
        "x-ms-client-request-id": "4168957f5b86e2b0b63fa799c8a499e2",
        "x-ms-return-client-request-id": "true"
      },
      "RequestBody": null,
      "StatusCode": 202,
      "ResponseHeaders": {
        "Cache-Control": "no-cache",
        "Content-Length": "503",
        "Content-Type": "application/json; charset=utf-8",
        "Date": "Mon, 15 Nov 2021 06:18:51 GMT",
        "ETag": "\u00222b001ecc-0000-0800-0000-6191fbb30000\u0022",
        "Expires": "-1",
        "Pragma": "no-cache",
        "Strict-Transport-Security": "max-age=31536000; includeSubDomains",
        "X-Content-Type-Options": "nosniff",
        "x-ms-correlation-request-id": "e9761c13-2995-4082-8871-33f137125d75",
        "x-ms-ratelimit-remaining-tenant-reads": "11908",
        "x-ms-request-id": "ba8d0a9b-2659-42c7-9722-10c8ac3dda87",
        "x-ms-routing-request-id": "SOUTHEASTASIA:20211115T061851Z:e9761c13-2995-4082-8871-33f137125d75"
      },
      "ResponseBody": {
        "id": "/providers/Microsoft.DeviceUpdate/locations/WESTUS2/operationStatuses/08355683-c35b-4664-8fe8-afe6a7e695a1*58092C7F24818F67CBD7408A6006FE5DD75DEF9A275A3779B32AAE4A2AFB7574",
        "name": "08355683-c35b-4664-8fe8-afe6a7e695a1*58092C7F24818F67CBD7408A6006FE5DD75DEF9A275A3779B32AAE4A2AFB7574",
        "resourceId": "/subscriptions/db1ab6f0-4769-4b27-930e-01e2ef9c123c/resourceGroups/testRg-8991/providers/Microsoft.DeviceUpdate/accounts/Account-5080",
        "status": "Deleting",
        "startTime": "2021-11-15T06:18:27.8975574Z"
      }
    },
    {
      "RequestUri": "https://management.azure.com/providers/Microsoft.DeviceUpdate/locations/WESTUS2/operationStatuses/08355683-c35b-4664-8fe8-afe6a7e695a1*58092C7F24818F67CBD7408A6006FE5DD75DEF9A275A3779B32AAE4A2AFB7574?api-version=2020-03-01-preview",
      "RequestMethod": "GET",
      "RequestHeaders": {
        "Authorization": "Sanitized",
        "User-Agent": "azsdk-net-ResourceManager/1.0.0-beta.5 (.NET Framework 4.8.4300.0; Microsoft Windows 10.0.19043 )",
        "x-ms-client-request-id": "1cec1519950e605259d6c2be47fe210d",
        "x-ms-return-client-request-id": "true"
      },
      "RequestBody": null,
      "StatusCode": 202,
      "ResponseHeaders": {
        "Cache-Control": "no-cache",
        "Content-Length": "503",
        "Content-Type": "application/json; charset=utf-8",
        "Date": "Mon, 15 Nov 2021 06:18:52 GMT",
        "ETag": "\u00222b001ecc-0000-0800-0000-6191fbb30000\u0022",
        "Expires": "-1",
        "Pragma": "no-cache",
        "Strict-Transport-Security": "max-age=31536000; includeSubDomains",
        "X-Content-Type-Options": "nosniff",
        "x-ms-correlation-request-id": "067f3add-ce08-4b3c-936f-1cef33621ce0",
        "x-ms-ratelimit-remaining-tenant-reads": "11907",
        "x-ms-request-id": "26cbe6b2-04d1-4e55-820e-8af5d43872c4",
        "x-ms-routing-request-id": "SOUTHEASTASIA:20211115T061852Z:067f3add-ce08-4b3c-936f-1cef33621ce0"
      },
      "ResponseBody": {
        "id": "/providers/Microsoft.DeviceUpdate/locations/WESTUS2/operationStatuses/08355683-c35b-4664-8fe8-afe6a7e695a1*58092C7F24818F67CBD7408A6006FE5DD75DEF9A275A3779B32AAE4A2AFB7574",
        "name": "08355683-c35b-4664-8fe8-afe6a7e695a1*58092C7F24818F67CBD7408A6006FE5DD75DEF9A275A3779B32AAE4A2AFB7574",
        "resourceId": "/subscriptions/db1ab6f0-4769-4b27-930e-01e2ef9c123c/resourceGroups/testRg-8991/providers/Microsoft.DeviceUpdate/accounts/Account-5080",
        "status": "Deleting",
        "startTime": "2021-11-15T06:18:27.8975574Z"
      }
    },
    {
      "RequestUri": "https://management.azure.com/providers/Microsoft.DeviceUpdate/locations/WESTUS2/operationStatuses/08355683-c35b-4664-8fe8-afe6a7e695a1*58092C7F24818F67CBD7408A6006FE5DD75DEF9A275A3779B32AAE4A2AFB7574?api-version=2020-03-01-preview",
      "RequestMethod": "GET",
      "RequestHeaders": {
        "Authorization": "Sanitized",
        "User-Agent": "azsdk-net-ResourceManager/1.0.0-beta.5 (.NET Framework 4.8.4300.0; Microsoft Windows 10.0.19043 )",
        "x-ms-client-request-id": "713dd96ce9e17a52f0caf705652a91a9",
        "x-ms-return-client-request-id": "true"
      },
      "RequestBody": null,
      "StatusCode": 202,
      "ResponseHeaders": {
        "Cache-Control": "no-cache",
        "Content-Length": "503",
        "Content-Type": "application/json; charset=utf-8",
        "Date": "Mon, 15 Nov 2021 06:18:53 GMT",
        "ETag": "\u00222b001ecc-0000-0800-0000-6191fbb30000\u0022",
        "Expires": "-1",
        "Pragma": "no-cache",
        "Strict-Transport-Security": "max-age=31536000; includeSubDomains",
        "X-Content-Type-Options": "nosniff",
        "x-ms-correlation-request-id": "a613426e-4880-4610-9b39-60c7b61b740d",
        "x-ms-ratelimit-remaining-tenant-reads": "11906",
        "x-ms-request-id": "fc0f9967-4268-46b1-9262-8cb76e558f7c",
        "x-ms-routing-request-id": "SOUTHEASTASIA:20211115T061853Z:a613426e-4880-4610-9b39-60c7b61b740d"
      },
      "ResponseBody": {
        "id": "/providers/Microsoft.DeviceUpdate/locations/WESTUS2/operationStatuses/08355683-c35b-4664-8fe8-afe6a7e695a1*58092C7F24818F67CBD7408A6006FE5DD75DEF9A275A3779B32AAE4A2AFB7574",
        "name": "08355683-c35b-4664-8fe8-afe6a7e695a1*58092C7F24818F67CBD7408A6006FE5DD75DEF9A275A3779B32AAE4A2AFB7574",
        "resourceId": "/subscriptions/db1ab6f0-4769-4b27-930e-01e2ef9c123c/resourceGroups/testRg-8991/providers/Microsoft.DeviceUpdate/accounts/Account-5080",
        "status": "Deleting",
        "startTime": "2021-11-15T06:18:27.8975574Z"
      }
    },
    {
      "RequestUri": "https://management.azure.com/providers/Microsoft.DeviceUpdate/locations/WESTUS2/operationStatuses/08355683-c35b-4664-8fe8-afe6a7e695a1*58092C7F24818F67CBD7408A6006FE5DD75DEF9A275A3779B32AAE4A2AFB7574?api-version=2020-03-01-preview",
      "RequestMethod": "GET",
      "RequestHeaders": {
        "Authorization": "Sanitized",
        "User-Agent": "azsdk-net-ResourceManager/1.0.0-beta.5 (.NET Framework 4.8.4300.0; Microsoft Windows 10.0.19043 )",
        "x-ms-client-request-id": "a92a95956da2ea3f4207e7b099f29bb8",
        "x-ms-return-client-request-id": "true"
      },
      "RequestBody": null,
      "StatusCode": 202,
      "ResponseHeaders": {
        "Cache-Control": "no-cache",
        "Content-Length": "503",
        "Content-Type": "application/json; charset=utf-8",
        "Date": "Mon, 15 Nov 2021 06:18:54 GMT",
        "ETag": "\u00222b001ecc-0000-0800-0000-6191fbb30000\u0022",
        "Expires": "-1",
        "Pragma": "no-cache",
        "Strict-Transport-Security": "max-age=31536000; includeSubDomains",
        "X-Content-Type-Options": "nosniff",
        "x-ms-correlation-request-id": "331f5f8b-533b-4f57-a191-005d986c8844",
        "x-ms-ratelimit-remaining-tenant-reads": "11905",
        "x-ms-request-id": "da7f3860-a842-4026-bd28-ad16f5f4986d",
        "x-ms-routing-request-id": "SOUTHEASTASIA:20211115T061854Z:331f5f8b-533b-4f57-a191-005d986c8844"
      },
      "ResponseBody": {
        "id": "/providers/Microsoft.DeviceUpdate/locations/WESTUS2/operationStatuses/08355683-c35b-4664-8fe8-afe6a7e695a1*58092C7F24818F67CBD7408A6006FE5DD75DEF9A275A3779B32AAE4A2AFB7574",
        "name": "08355683-c35b-4664-8fe8-afe6a7e695a1*58092C7F24818F67CBD7408A6006FE5DD75DEF9A275A3779B32AAE4A2AFB7574",
        "resourceId": "/subscriptions/db1ab6f0-4769-4b27-930e-01e2ef9c123c/resourceGroups/testRg-8991/providers/Microsoft.DeviceUpdate/accounts/Account-5080",
        "status": "Deleting",
        "startTime": "2021-11-15T06:18:27.8975574Z"
      }
    },
    {
      "RequestUri": "https://management.azure.com/providers/Microsoft.DeviceUpdate/locations/WESTUS2/operationStatuses/08355683-c35b-4664-8fe8-afe6a7e695a1*58092C7F24818F67CBD7408A6006FE5DD75DEF9A275A3779B32AAE4A2AFB7574?api-version=2020-03-01-preview",
      "RequestMethod": "GET",
      "RequestHeaders": {
        "Authorization": "Sanitized",
        "User-Agent": "azsdk-net-ResourceManager/1.0.0-beta.5 (.NET Framework 4.8.4300.0; Microsoft Windows 10.0.19043 )",
        "x-ms-client-request-id": "ef2d991e28672f01c2712c439d4cfa2f",
        "x-ms-return-client-request-id": "true"
      },
      "RequestBody": null,
      "StatusCode": 202,
      "ResponseHeaders": {
        "Cache-Control": "no-cache",
        "Content-Length": "503",
        "Content-Type": "application/json; charset=utf-8",
        "Date": "Mon, 15 Nov 2021 06:18:56 GMT",
        "ETag": "\u00222b001ecc-0000-0800-0000-6191fbb30000\u0022",
        "Expires": "-1",
        "Pragma": "no-cache",
        "Strict-Transport-Security": "max-age=31536000; includeSubDomains",
        "X-Content-Type-Options": "nosniff",
        "x-ms-correlation-request-id": "1f2bb2a5-1f38-457a-be46-c3ae81a700d2",
        "x-ms-ratelimit-remaining-tenant-reads": "11904",
        "x-ms-request-id": "7e9dccb3-ea5b-4893-b035-84707426b1d0",
        "x-ms-routing-request-id": "SOUTHEASTASIA:20211115T061856Z:1f2bb2a5-1f38-457a-be46-c3ae81a700d2"
      },
      "ResponseBody": {
        "id": "/providers/Microsoft.DeviceUpdate/locations/WESTUS2/operationStatuses/08355683-c35b-4664-8fe8-afe6a7e695a1*58092C7F24818F67CBD7408A6006FE5DD75DEF9A275A3779B32AAE4A2AFB7574",
        "name": "08355683-c35b-4664-8fe8-afe6a7e695a1*58092C7F24818F67CBD7408A6006FE5DD75DEF9A275A3779B32AAE4A2AFB7574",
        "resourceId": "/subscriptions/db1ab6f0-4769-4b27-930e-01e2ef9c123c/resourceGroups/testRg-8991/providers/Microsoft.DeviceUpdate/accounts/Account-5080",
        "status": "Deleting",
        "startTime": "2021-11-15T06:18:27.8975574Z"
      }
    },
    {
      "RequestUri": "https://management.azure.com/providers/Microsoft.DeviceUpdate/locations/WESTUS2/operationStatuses/08355683-c35b-4664-8fe8-afe6a7e695a1*58092C7F24818F67CBD7408A6006FE5DD75DEF9A275A3779B32AAE4A2AFB7574?api-version=2020-03-01-preview",
      "RequestMethod": "GET",
      "RequestHeaders": {
        "Authorization": "Sanitized",
        "User-Agent": "azsdk-net-ResourceManager/1.0.0-beta.5 (.NET Framework 4.8.4300.0; Microsoft Windows 10.0.19043 )",
        "x-ms-client-request-id": "b229184577d3fe6b99522ed901a2e1fd",
        "x-ms-return-client-request-id": "true"
      },
      "RequestBody": null,
      "StatusCode": 202,
      "ResponseHeaders": {
        "Cache-Control": "no-cache",
        "Content-Length": "503",
        "Content-Type": "application/json; charset=utf-8",
        "Date": "Mon, 15 Nov 2021 06:18:57 GMT",
        "ETag": "\u00222b001ecc-0000-0800-0000-6191fbb30000\u0022",
        "Expires": "-1",
        "Pragma": "no-cache",
        "Strict-Transport-Security": "max-age=31536000; includeSubDomains",
        "X-Content-Type-Options": "nosniff",
        "x-ms-correlation-request-id": "471ce237-e16a-4c90-8380-3db727491323",
        "x-ms-ratelimit-remaining-tenant-reads": "11903",
        "x-ms-request-id": "4a6b006c-2b34-487a-953f-fb90d85059a3",
        "x-ms-routing-request-id": "SOUTHEASTASIA:20211115T061857Z:471ce237-e16a-4c90-8380-3db727491323"
      },
      "ResponseBody": {
        "id": "/providers/Microsoft.DeviceUpdate/locations/WESTUS2/operationStatuses/08355683-c35b-4664-8fe8-afe6a7e695a1*58092C7F24818F67CBD7408A6006FE5DD75DEF9A275A3779B32AAE4A2AFB7574",
        "name": "08355683-c35b-4664-8fe8-afe6a7e695a1*58092C7F24818F67CBD7408A6006FE5DD75DEF9A275A3779B32AAE4A2AFB7574",
        "resourceId": "/subscriptions/db1ab6f0-4769-4b27-930e-01e2ef9c123c/resourceGroups/testRg-8991/providers/Microsoft.DeviceUpdate/accounts/Account-5080",
        "status": "Deleting",
        "startTime": "2021-11-15T06:18:27.8975574Z"
      }
    },
    {
      "RequestUri": "https://management.azure.com/providers/Microsoft.DeviceUpdate/locations/WESTUS2/operationStatuses/08355683-c35b-4664-8fe8-afe6a7e695a1*58092C7F24818F67CBD7408A6006FE5DD75DEF9A275A3779B32AAE4A2AFB7574?api-version=2020-03-01-preview",
      "RequestMethod": "GET",
      "RequestHeaders": {
        "Authorization": "Sanitized",
        "User-Agent": "azsdk-net-ResourceManager/1.0.0-beta.5 (.NET Framework 4.8.4300.0; Microsoft Windows 10.0.19043 )",
        "x-ms-client-request-id": "cce73f2fa1fd6c4294fae73040fb4df5",
        "x-ms-return-client-request-id": "true"
      },
      "RequestBody": null,
      "StatusCode": 202,
      "ResponseHeaders": {
        "Cache-Control": "no-cache",
        "Content-Length": "503",
        "Content-Type": "application/json; charset=utf-8",
        "Date": "Mon, 15 Nov 2021 06:18:58 GMT",
        "ETag": "\u00222b001ecc-0000-0800-0000-6191fbb30000\u0022",
        "Expires": "-1",
        "Pragma": "no-cache",
        "Strict-Transport-Security": "max-age=31536000; includeSubDomains",
        "X-Content-Type-Options": "nosniff",
        "x-ms-correlation-request-id": "3ed094e7-19ef-442d-834a-003c72987ca7",
        "x-ms-ratelimit-remaining-tenant-reads": "11902",
        "x-ms-request-id": "b6d66d43-b918-4c99-ba4d-83e0aad26783",
        "x-ms-routing-request-id": "SOUTHEASTASIA:20211115T061858Z:3ed094e7-19ef-442d-834a-003c72987ca7"
      },
      "ResponseBody": {
        "id": "/providers/Microsoft.DeviceUpdate/locations/WESTUS2/operationStatuses/08355683-c35b-4664-8fe8-afe6a7e695a1*58092C7F24818F67CBD7408A6006FE5DD75DEF9A275A3779B32AAE4A2AFB7574",
        "name": "08355683-c35b-4664-8fe8-afe6a7e695a1*58092C7F24818F67CBD7408A6006FE5DD75DEF9A275A3779B32AAE4A2AFB7574",
        "resourceId": "/subscriptions/db1ab6f0-4769-4b27-930e-01e2ef9c123c/resourceGroups/testRg-8991/providers/Microsoft.DeviceUpdate/accounts/Account-5080",
        "status": "Deleting",
        "startTime": "2021-11-15T06:18:27.8975574Z"
      }
    },
    {
      "RequestUri": "https://management.azure.com/providers/Microsoft.DeviceUpdate/locations/WESTUS2/operationStatuses/08355683-c35b-4664-8fe8-afe6a7e695a1*58092C7F24818F67CBD7408A6006FE5DD75DEF9A275A3779B32AAE4A2AFB7574?api-version=2020-03-01-preview",
      "RequestMethod": "GET",
      "RequestHeaders": {
        "Authorization": "Sanitized",
        "User-Agent": "azsdk-net-ResourceManager/1.0.0-beta.5 (.NET Framework 4.8.4300.0; Microsoft Windows 10.0.19043 )",
        "x-ms-client-request-id": "806ab70de8c8a6e42e2e5614fa272e1f",
        "x-ms-return-client-request-id": "true"
      },
      "RequestBody": null,
      "StatusCode": 202,
      "ResponseHeaders": {
        "Cache-Control": "no-cache",
        "Content-Length": "503",
        "Content-Type": "application/json; charset=utf-8",
        "Date": "Mon, 15 Nov 2021 06:18:59 GMT",
        "ETag": "\u00222b001ecc-0000-0800-0000-6191fbb30000\u0022",
        "Expires": "-1",
        "Pragma": "no-cache",
        "Strict-Transport-Security": "max-age=31536000; includeSubDomains",
        "X-Content-Type-Options": "nosniff",
        "x-ms-correlation-request-id": "c2f3f81d-c9dc-406d-8ce8-c9193a8e573e",
        "x-ms-ratelimit-remaining-tenant-reads": "11901",
        "x-ms-request-id": "7fe8ab67-474a-44f7-bead-72f2f0fe61cd",
        "x-ms-routing-request-id": "SOUTHEASTASIA:20211115T061859Z:c2f3f81d-c9dc-406d-8ce8-c9193a8e573e"
      },
      "ResponseBody": {
        "id": "/providers/Microsoft.DeviceUpdate/locations/WESTUS2/operationStatuses/08355683-c35b-4664-8fe8-afe6a7e695a1*58092C7F24818F67CBD7408A6006FE5DD75DEF9A275A3779B32AAE4A2AFB7574",
        "name": "08355683-c35b-4664-8fe8-afe6a7e695a1*58092C7F24818F67CBD7408A6006FE5DD75DEF9A275A3779B32AAE4A2AFB7574",
        "resourceId": "/subscriptions/db1ab6f0-4769-4b27-930e-01e2ef9c123c/resourceGroups/testRg-8991/providers/Microsoft.DeviceUpdate/accounts/Account-5080",
        "status": "Deleting",
        "startTime": "2021-11-15T06:18:27.8975574Z"
      }
    },
    {
      "RequestUri": "https://management.azure.com/providers/Microsoft.DeviceUpdate/locations/WESTUS2/operationStatuses/08355683-c35b-4664-8fe8-afe6a7e695a1*58092C7F24818F67CBD7408A6006FE5DD75DEF9A275A3779B32AAE4A2AFB7574?api-version=2020-03-01-preview",
      "RequestMethod": "GET",
      "RequestHeaders": {
        "Authorization": "Sanitized",
        "User-Agent": "azsdk-net-ResourceManager/1.0.0-beta.5 (.NET Framework 4.8.4300.0; Microsoft Windows 10.0.19043 )",
        "x-ms-client-request-id": "5d142f8f2e65a432d6bc1ed9903abd9d",
        "x-ms-return-client-request-id": "true"
      },
      "RequestBody": null,
      "StatusCode": 202,
      "ResponseHeaders": {
        "Cache-Control": "no-cache",
        "Content-Length": "503",
        "Content-Type": "application/json; charset=utf-8",
        "Date": "Mon, 15 Nov 2021 06:19:01 GMT",
        "ETag": "\u00222b001ecc-0000-0800-0000-6191fbb30000\u0022",
        "Expires": "-1",
        "Pragma": "no-cache",
        "Strict-Transport-Security": "max-age=31536000; includeSubDomains",
        "X-Content-Type-Options": "nosniff",
        "x-ms-correlation-request-id": "47e00c67-55aa-4085-9688-0c84c58b7fd4",
        "x-ms-ratelimit-remaining-tenant-reads": "11900",
        "x-ms-request-id": "234519f6-0663-4c37-984d-99fbfcdbb0fc",
        "x-ms-routing-request-id": "SOUTHEASTASIA:20211115T061901Z:47e00c67-55aa-4085-9688-0c84c58b7fd4"
      },
      "ResponseBody": {
        "id": "/providers/Microsoft.DeviceUpdate/locations/WESTUS2/operationStatuses/08355683-c35b-4664-8fe8-afe6a7e695a1*58092C7F24818F67CBD7408A6006FE5DD75DEF9A275A3779B32AAE4A2AFB7574",
        "name": "08355683-c35b-4664-8fe8-afe6a7e695a1*58092C7F24818F67CBD7408A6006FE5DD75DEF9A275A3779B32AAE4A2AFB7574",
        "resourceId": "/subscriptions/db1ab6f0-4769-4b27-930e-01e2ef9c123c/resourceGroups/testRg-8991/providers/Microsoft.DeviceUpdate/accounts/Account-5080",
        "status": "Deleting",
        "startTime": "2021-11-15T06:18:27.8975574Z"
      }
    },
    {
      "RequestUri": "https://management.azure.com/providers/Microsoft.DeviceUpdate/locations/WESTUS2/operationStatuses/08355683-c35b-4664-8fe8-afe6a7e695a1*58092C7F24818F67CBD7408A6006FE5DD75DEF9A275A3779B32AAE4A2AFB7574?api-version=2020-03-01-preview",
      "RequestMethod": "GET",
      "RequestHeaders": {
        "Authorization": "Sanitized",
        "User-Agent": "azsdk-net-ResourceManager/1.0.0-beta.5 (.NET Framework 4.8.4300.0; Microsoft Windows 10.0.19043 )",
        "x-ms-client-request-id": "4acc3805613746355b419dce4a2d726c",
        "x-ms-return-client-request-id": "true"
      },
      "RequestBody": null,
      "StatusCode": 202,
      "ResponseHeaders": {
        "Cache-Control": "no-cache",
        "Content-Length": "503",
        "Content-Type": "application/json; charset=utf-8",
        "Date": "Mon, 15 Nov 2021 06:19:02 GMT",
        "ETag": "\u00222b001ecc-0000-0800-0000-6191fbb30000\u0022",
        "Expires": "-1",
        "Pragma": "no-cache",
        "Strict-Transport-Security": "max-age=31536000; includeSubDomains",
        "X-Content-Type-Options": "nosniff",
        "x-ms-correlation-request-id": "483db554-bc47-4598-88d8-defa6a649481",
        "x-ms-ratelimit-remaining-tenant-reads": "11899",
        "x-ms-request-id": "3651c13c-1760-4c2a-835b-49ae5860da7f",
        "x-ms-routing-request-id": "SOUTHEASTASIA:20211115T061902Z:483db554-bc47-4598-88d8-defa6a649481"
      },
      "ResponseBody": {
        "id": "/providers/Microsoft.DeviceUpdate/locations/WESTUS2/operationStatuses/08355683-c35b-4664-8fe8-afe6a7e695a1*58092C7F24818F67CBD7408A6006FE5DD75DEF9A275A3779B32AAE4A2AFB7574",
        "name": "08355683-c35b-4664-8fe8-afe6a7e695a1*58092C7F24818F67CBD7408A6006FE5DD75DEF9A275A3779B32AAE4A2AFB7574",
        "resourceId": "/subscriptions/db1ab6f0-4769-4b27-930e-01e2ef9c123c/resourceGroups/testRg-8991/providers/Microsoft.DeviceUpdate/accounts/Account-5080",
        "status": "Deleting",
        "startTime": "2021-11-15T06:18:27.8975574Z"
      }
    },
    {
      "RequestUri": "https://management.azure.com/providers/Microsoft.DeviceUpdate/locations/WESTUS2/operationStatuses/08355683-c35b-4664-8fe8-afe6a7e695a1*58092C7F24818F67CBD7408A6006FE5DD75DEF9A275A3779B32AAE4A2AFB7574?api-version=2020-03-01-preview",
      "RequestMethod": "GET",
      "RequestHeaders": {
        "Authorization": "Sanitized",
        "User-Agent": "azsdk-net-ResourceManager/1.0.0-beta.5 (.NET Framework 4.8.4300.0; Microsoft Windows 10.0.19043 )",
        "x-ms-client-request-id": "11a0c7ccefe7de9085c6aa0bca0b16f4",
        "x-ms-return-client-request-id": "true"
      },
      "RequestBody": null,
      "StatusCode": 200,
      "ResponseHeaders": {
        "Cache-Control": "no-cache",
        "Content-Length": "522",
        "Content-Type": "application/json; charset=utf-8",
        "Date": "Mon, 15 Nov 2021 06:19:03 GMT",
        "ETag": "\u00222b00e2cc-0000-0800-0000-6191fbd70000\u0022",
        "Expires": "-1",
        "Pragma": "no-cache",
        "Strict-Transport-Security": "max-age=31536000; includeSubDomains",
        "X-Content-Type-Options": "nosniff",
        "x-ms-correlation-request-id": "180a1334-0cdc-4ce5-a42c-7314d4b4df31",
        "x-ms-ratelimit-remaining-tenant-reads": "11898",
        "x-ms-request-id": "e8730bf8-7ca4-4fd1-9de8-ffee28c2f1bd",
        "x-ms-routing-request-id": "SOUTHEASTASIA:20211115T061903Z:180a1334-0cdc-4ce5-a42c-7314d4b4df31"
      },
      "ResponseBody": {
        "id": "/providers/Microsoft.DeviceUpdate/locations/WESTUS2/operationStatuses/08355683-c35b-4664-8fe8-afe6a7e695a1*58092C7F24818F67CBD7408A6006FE5DD75DEF9A275A3779B32AAE4A2AFB7574",
        "name": "08355683-c35b-4664-8fe8-afe6a7e695a1*58092C7F24818F67CBD7408A6006FE5DD75DEF9A275A3779B32AAE4A2AFB7574",
        "resourceId": "/subscriptions/db1ab6f0-4769-4b27-930e-01e2ef9c123c/resourceGroups/testRg-8991/providers/Microsoft.DeviceUpdate/accounts/Account-5080",
        "status": "Succeeded",
        "startTime": "2021-11-15T06:18:27.8975574Z",
        "properties": null
      }
    },
    {
      "RequestUri": "https://management.azure.com/subscriptions/db1ab6f0-4769-4b27-930e-01e2ef9c123c/resourceGroups/testRg-8991/providers/Microsoft.DeviceUpdate/accounts/Account-5080?api-version=2020-03-01-preview",
      "RequestMethod": "GET",
      "RequestHeaders": {
        "Accept": "application/json",
        "Authorization": "Sanitized",
        "User-Agent": "azsdk-net-ResourceManager.DeviceUpdate/1.0.0-alpha.20211115.1 (.NET Framework 4.8.4300.0; Microsoft Windows 10.0.19043 )",
        "x-ms-client-request-id": "c10fb970e45a2ee7f9ce0224916359a8",
        "x-ms-return-client-request-id": "true"
      },
      "RequestBody": null,
      "StatusCode": 404,
      "ResponseHeaders": {
        "Cache-Control": "no-cache",
        "Content-Length": "129",
        "Content-Type": "application/json",
        "Date": "Mon, 15 Nov 2021 06:19:04 GMT",
        "Expires": "-1",
        "Pragma": "no-cache",
        "Strict-Transport-Security": "max-age=31536000; includeSubDomains",
        "X-Content-Type-Options": "nosniff",
        "x-ms-correlation-request-id": "027cd370-c3b1-4f6c-abc9-e55b52055e3e",
        "x-ms-failure-cause": "gateway",
        "x-ms-providerhub-traffic": "True",
        "x-ms-ratelimit-remaining-subscription-reads": "11992",
        "x-ms-request-id": "e44be4d1-6810-4d11-91c0-a0962fb51253",
        "x-ms-routing-request-id": "SOUTHEASTASIA:20211115T061904Z:027cd370-c3b1-4f6c-abc9-e55b52055e3e"
      },
      "ResponseBody": {
        "error": {
          "code": "ResourceNotFound",
          "message": "The resource \u0027Microsoft.DeviceUpdate/accounts/Account-5080\u0027 could not be found."
        }
      }
    }
  ],
  "Variables": {
    "RandomSeed": "1117823",
    "RESOURCE_MANAGER_URL": null,
    "SUBSCRIPTION_ID": "db1ab6f0-4769-4b27-930e-01e2ef9c123c"
  }
}