{
  "Entries": [
    {
      "RequestUri": "https://rsarkar-sdktest.int.communication.azure.net/routing/distributionPolicies/A9-93-D6-81-6C-9C-4C-87-6C-AA-27-8F-C2-C2-28-7D-E5?api-version=2022-07-18-preview",
      "RequestMethod": "PATCH",
      "RequestHeaders": {
        "Accept": "application/json",
        "Authorization": "Sanitized",
        "Content-Length": "161",
        "Content-Type": "application/merge-patch\u002Bjson",
        "traceparent": "00-751b8ab1b6291349b117bad2ada68608-da754d0d30c50243-00",
        "User-Agent": "azsdk-net-Communication.JobRouter/1.0.0-alpha.20220722.1 (.NET Framework 4.8.4510.0; Microsoft Windows 10.0.22000 )",
        "x-ms-client-request-id": "f29c637cea06a89f10aa55e832545800",
        "x-ms-content-sha256": "Sanitized",
        "x-ms-date": "Sat, 23 Jul 2022 04:20:05 GMT",
        "x-ms-return-client-request-id": "true"
      },
      "RequestBody": {
        "name": "Simple-Queue-Distribution",
        "offerTtlSeconds": 600,
        "mode": {
          "kind": "longest-idle",
          "minConcurrentOffers": 1,
          "maxConcurrentOffers": 1,
          "bypassSelectors": false
        }
      },
      "StatusCode": 200,
      "ResponseHeaders": {
        "api-supported-versions": "2021-04-07-preview1, 2021-10-20-preview2, 2022-07-18-preview",
        "Content-Type": "application/json; charset=utf-8",
        "Date": "Sat, 23 Jul 2022 04:20:07 GMT",
        "ETag": "\u002231074dd2-0000-0700-0000-62db76f70000\u0022",
        "Last-Modified": "Sat, 23 Jul 2022 04:20:07 GMT",
        "Request-Context": "appId=",
        "trace-id": "751b8ab1b6291349b117bad2ada68608",
        "Transfer-Encoding": "chunked",
        "X-Azure-Ref": "09XbbYgAAAAA7E32QCWDtR4hpD6bDag4OWVZSMzExMDAwMTE1MDA5AGNjOTI3NThkLTA1ZjctNGFkNi1hYTVlLTBmYTk3MThkODk4NQ==",
        "X-Cache": "CONFIG_NOCACHE"
      },
      "ResponseBody": {
        "id": "A9-93-D6-81-6C-9C-4C-87-6C-AA-27-8F-C2-C2-28-7D-E5",
        "name": "Simple-Queue-Distribution",
        "offerTtlSeconds": 600,
        "mode": {
          "kind": "longest-idle",
          "minConcurrentOffers": 1,
          "maxConcurrentOffers": 1,
          "bypassSelectors": false
        }
      }
    },
    {
      "RequestUri": "https://rsarkar-sdktest.int.communication.azure.net/routing/queues/A9-93-D6-81-6C-9C-4C-87-6C-AA-27-8F-C2-C2-28-7D-E5?api-version=2022-07-18-preview",
      "RequestMethod": "PATCH",
      "RequestHeaders": {
        "Accept": "application/json",
        "Authorization": "Sanitized",
        "Content-Length": "91",
        "Content-Type": "application/merge-patch\u002Bjson",
        "traceparent": "00-8dd82f874b01a748897577356b493b75-d7b173b5041e1545-00",
        "User-Agent": "azsdk-net-Communication.JobRouter/1.0.0-alpha.20220722.1 (.NET Framework 4.8.4510.0; Microsoft Windows 10.0.22000 )",
        "x-ms-client-request-id": "9a1e44850f18caecfc65bcac2a36590c",
        "x-ms-content-sha256": "Sanitized",
        "x-ms-date": "Sat, 23 Jul 2022 04:20:07 GMT",
        "x-ms-return-client-request-id": "true"
      },
      "RequestBody": {
        "name": "test",
        "distributionPolicyId": "A9-93-D6-81-6C-9C-4C-87-6C-AA-27-8F-C2-C2-28-7D-E5"
      },
      "StatusCode": 200,
      "ResponseHeaders": {
        "api-supported-versions": "2021-04-07-preview1, 2021-10-20-preview2, 2022-07-18-preview",
        "Content-Type": "application/json; charset=utf-8",
        "Date": "Sat, 23 Jul 2022 04:20:10 GMT",
        "ETag": "\u00225f004958-0000-0700-0000-62db76f90000\u0022",
        "Last-Modified": "Sat, 23 Jul 2022 04:20:09 GMT",
        "Request-Context": "appId=",
        "trace-id": "8dd82f874b01a748897577356b493b75",
        "Transfer-Encoding": "chunked",
        "X-Azure-Ref": "093bbYgAAAACUBSAi\u002BzE/SroVajHezorgWVZSMzExMDAwMTE1MDA5AGNjOTI3NThkLTA1ZjctNGFkNi1hYTVlLTBmYTk3MThkODk4NQ==",
        "X-Cache": "CONFIG_NOCACHE"
      },
      "ResponseBody": {
        "id": "A9-93-D6-81-6C-9C-4C-87-6C-AA-27-8F-C2-C2-28-7D-E5",
        "name": "test",
        "distributionPolicyId": "A9-93-D6-81-6C-9C-4C-87-6C-AA-27-8F-C2-C2-28-7D-E5",
        "labels": {
          "Id": "A9-93-D6-81-6C-9C-4C-87-6C-AA-27-8F-C2-C2-28-7D-E5"
        }
      }
    },
    {
      "RequestUri": "https://rsarkar-sdktest.int.communication.azure.net/routing/queues/2E-22-BE-06-2A-94-E1-9F-9D-2C-D1-92-E1-74-1E-45-26?api-version=2022-07-18-preview",
      "RequestMethod": "PATCH",
      "RequestHeaders": {
        "Accept": "application/json",
        "Authorization": "Sanitized",
        "Content-Length": "91",
        "Content-Type": "application/merge-patch\u002Bjson",
        "traceparent": "00-084b32b1686e544e9dd872be942335c3-b85aeefdee224844-00",
        "User-Agent": "azsdk-net-Communication.JobRouter/1.0.0-alpha.20220722.1 (.NET Framework 4.8.4510.0; Microsoft Windows 10.0.22000 )",
        "x-ms-client-request-id": "32de88e7ea554d9f62d619b48cd14590",
        "x-ms-content-sha256": "Sanitized",
        "x-ms-date": "Sat, 23 Jul 2022 04:20:10 GMT",
        "x-ms-return-client-request-id": "true"
      },
      "RequestBody": {
        "name": "test",
        "distributionPolicyId": "A9-93-D6-81-6C-9C-4C-87-6C-AA-27-8F-C2-C2-28-7D-E5"
      },
      "StatusCode": 200,
      "ResponseHeaders": {
        "api-supported-versions": "2021-04-07-preview1, 2021-10-20-preview2, 2022-07-18-preview",
        "Content-Type": "application/json; charset=utf-8",
        "Date": "Sat, 23 Jul 2022 04:20:12 GMT",
        "ETag": "\u00225f004a58-0000-0700-0000-62db76fb0000\u0022",
        "Last-Modified": "Sat, 23 Jul 2022 04:20:11 GMT",
        "Request-Context": "appId=",
        "trace-id": "084b32b1686e544e9dd872be942335c3",
        "Transfer-Encoding": "chunked",
        "X-Azure-Ref": "0\u002BnbbYgAAAABhF0okJ7Y/QqbQ6tQSL\u002BP\u002BWVZSMzExMDAwMTE1MDA5AGNjOTI3NThkLTA1ZjctNGFkNi1hYTVlLTBmYTk3MThkODk4NQ==",
        "X-Cache": "CONFIG_NOCACHE"
      },
      "ResponseBody": {
        "id": "2E-22-BE-06-2A-94-E1-9F-9D-2C-D1-92-E1-74-1E-45-26",
        "name": "test",
        "distributionPolicyId": "A9-93-D6-81-6C-9C-4C-87-6C-AA-27-8F-C2-C2-28-7D-E5",
        "labels": {
          "Id": "2E-22-BE-06-2A-94-E1-9F-9D-2C-D1-92-E1-74-1E-45-26"
        }
      }
    },
    {
      "RequestUri": "https://rsarkar-sdktest.int.communication.azure.net/routing/classificationPolicies/24-D0-75-39-B7-06-1D-B9-AF-E4-04-9F-30-BD-B0-B6-58?api-version=2022-07-18-preview",
      "RequestMethod": "PATCH",
      "RequestHeaders": {
        "Accept": "application/json",
        "Authorization": "Sanitized",
        "Content-Length": "375",
        "Content-Type": "application/merge-patch\u002Bjson",
        "traceparent": "00-91ed7784c5373b489a70ccb81906a74f-f4059e743252894a-00",
        "User-Agent": "azsdk-net-Communication.JobRouter/1.0.0-alpha.20220722.1 (.NET Framework 4.8.4510.0; Microsoft Windows 10.0.22000 )",
        "x-ms-client-request-id": "156d626afe266d5477d1f5a02ef27dd9",
        "x-ms-content-sha256": "Sanitized",
        "x-ms-date": "Sat, 23 Jul 2022 04:20:11 GMT",
        "x-ms-return-client-request-id": "true"
      },
      "RequestBody": {
        "fallbackQueueId": "2E-22-BE-06-2A-94-E1-9F-9D-2C-D1-92-E1-74-1E-45-26",
        "queueSelectors": [
          {
            "condition": {
              "language": "powerFx",
              "expression": "If(job.Product = \u0022O365\u0022, true, false)",
              "kind": "expression-rule"
            },
            "labelSelectors": [
              {
                "key": "Id",
                "labelOperator": "equal",
                "value": "A9-93-D6-81-6C-9C-4C-87-6C-AA-27-8F-C2-C2-28-7D-E5"
              }
            ],
            "kind": "conditional"
          }
        ],
        "workerSelectors": []
      },
      "StatusCode": 200,
      "ResponseHeaders": {
        "api-supported-versions": "2021-04-07-preview1, 2021-10-20-preview2, 2022-07-18-preview",
        "Content-Type": "application/json; charset=utf-8",
        "Date": "Sat, 23 Jul 2022 04:20:14 GMT",
        "ETag": "\u00224a01ec67-0000-0700-0000-62db76fd0000\u0022",
        "Last-Modified": "Sat, 23 Jul 2022 04:20:13 GMT",
        "Request-Context": "appId=",
        "trace-id": "91ed7784c5373b489a70ccb81906a74f",
        "Transfer-Encoding": "chunked",
        "X-Azure-Ref": "0/HbbYgAAAAD3I21X8rbpSKxWSQErtfisWVZSMzExMDAwMTE1MDA5AGNjOTI3NThkLTA1ZjctNGFkNi1hYTVlLTBmYTk3MThkODk4NQ==",
        "X-Cache": "CONFIG_NOCACHE"
      },
      "ResponseBody": {
        "id": "24-D0-75-39-B7-06-1D-B9-AF-E4-04-9F-30-BD-B0-B6-58",
        "fallbackQueueId": "2E-22-BE-06-2A-94-E1-9F-9D-2C-D1-92-E1-74-1E-45-26",
        "queueSelectors": [
          {
            "kind": "conditional",
            "condition": {
              "kind": "expression-rule",
              "language": "powerFx",
              "expression": "If(job.Product = \u0022O365\u0022, true, false)"
            },
            "labelSelectors": [
              {
                "key": "Id",
                "labelOperator": "equal",
                "value": "A9-93-D6-81-6C-9C-4C-87-6C-AA-27-8F-C2-C2-28-7D-E5"
              }
            ]
          }
        ],
        "workerSelectors": []
      }
    },
    {
      "RequestUri": "https://rsarkar-sdktest.int.communication.azure.net/routing/jobs/A9-93-D6-81-6C-9C-4C-87-6C-AA-27-8F-C2-C2-28-7D-E5?api-version=2022-07-18-preview",
      "RequestMethod": "PATCH",
      "RequestHeaders": {
        "Accept": "application/json",
        "Authorization": "Sanitized",
        "Content-Length": "226",
        "Content-Type": "application/merge-patch\u002Bjson",
        "traceparent": "00-153c230fb188bc448e6d09e0029bafc5-953969ec3716df4a-00",
        "User-Agent": "azsdk-net-Communication.JobRouter/1.0.0-alpha.20220722.1 (.NET Framework 4.8.4510.0; Microsoft Windows 10.0.22000 )",
        "x-ms-client-request-id": "a900485125769baba5d03741f6373d2b",
        "x-ms-content-sha256": "Sanitized",
        "x-ms-date": "Sat, 23 Jul 2022 04:20:14 GMT",
        "x-ms-return-client-request-id": "true"
      },
      "RequestBody": {
        "channelId": "04-9D-5A-B8-E2-7D-25-6D-61-4B-72-70-58-A0-B8-45-2D",
        "classificationPolicyId": "24-D0-75-39-B7-06-1D-B9-AF-E4-04-9F-30-BD-B0-B6-58",
        "priority": 0,
        "requestedWorkerSelectors": [],
        "labels": {
          "Product": "O365"
        },
        "notes": {}
      },
      "StatusCode": 200,
      "ResponseHeaders": {
        "api-supported-versions": "2021-04-07-preview1, 2021-10-20-preview2, 2022-07-18-preview",
        "Content-Type": "application/json; charset=utf-8",
        "Date": "Sat, 23 Jul 2022 04:20:15 GMT",
        "ETag": "\u002200000000-0000-0000-2056-b7a4626cda08\u0022",
        "Last-Modified": "Sat, 23 Jul 2022 04:20:15 GMT",
        "Request-Context": "appId=",
        "trace-id": "153c230fb188bc448e6d09e0029bafc5",
        "Transfer-Encoding": "chunked",
        "X-Azure-Ref": "0/nbbYgAAAABegb29AhdBQbRrnBmrGvS4WVZSMzExMDAwMTE1MDA5AGNjOTI3NThkLTA1ZjctNGFkNi1hYTVlLTBmYTk3MThkODk4NQ==",
        "X-Cache": "CONFIG_NOCACHE"
      },
      "ResponseBody": {
        "id": "A9-93-D6-81-6C-9C-4C-87-6C-AA-27-8F-C2-C2-28-7D-E5",
        "jobStatus": "pendingClassification",
        "channelId": "04-9D-5A-B8-E2-7D-25-6D-61-4B-72-70-58-A0-B8-45-2D",
        "classificationPolicyId": "24-D0-75-39-B7-06-1D-B9-AF-E4-04-9F-30-BD-B0-B6-58",
        "priority": 0,
        "requestedWorkerSelectors": [],
        "attachedWorkerSelectors": [],
        "labels": {
          "Product": "O365"
        },
        "assignments": {},
        "tags": {},
        "notes": {}
      }
    },
    {
      "RequestUri": "https://rsarkar-sdktest.int.communication.azure.net/routing/jobs/A9-93-D6-81-6C-9C-4C-87-6C-AA-27-8F-C2-C2-28-7D-E5?api-version=2022-07-18-preview",
      "RequestMethod": "GET",
      "RequestHeaders": {
        "Accept": "application/json",
        "Authorization": "Sanitized",
        "traceparent": "00-fc1b16ed9fac17469d844a6ee3523b3f-a4d2d1c5fa8b294a-00",
        "User-Agent": "azsdk-net-Communication.JobRouter/1.0.0-alpha.20220722.1 (.NET Framework 4.8.4510.0; Microsoft Windows 10.0.22000 )",
        "x-ms-client-request-id": "c8422c2044c8e8e63471ba83f4fe1f6f",
        "x-ms-content-sha256": "Sanitized",
        "x-ms-date": "Sat, 23 Jul 2022 04:20:15 GMT",
        "x-ms-return-client-request-id": "true"
      },
      "RequestBody": null,
      "StatusCode": 200,
      "ResponseHeaders": {
        "api-supported-versions": "2021-04-07-preview1, 2021-10-20-preview2, 2022-07-18-preview",
        "Content-Type": "application/json; charset=utf-8",
        "Date": "Sat, 23 Jul 2022 04:20:16 GMT",
        "ETag": "\u002200000000-0000-0000-2056-b7a4626cda08\u0022",
        "Last-Modified": "Sat, 23 Jul 2022 04:20:15 GMT",
        "Request-Context": "appId=",
        "trace-id": "fc1b16ed9fac17469d844a6ee3523b3f",
        "Transfer-Encoding": "chunked",
        "X-Azure-Ref": "0/3bbYgAAAAAkiR1IW\u002BtfSaxmjNguuVC5WVZSMzExMDAwMTE1MDA5AGNjOTI3NThkLTA1ZjctNGFkNi1hYTVlLTBmYTk3MThkODk4NQ==",
        "X-Cache": "CONFIG_NOCACHE"
      },
      "ResponseBody": {
        "id": "A9-93-D6-81-6C-9C-4C-87-6C-AA-27-8F-C2-C2-28-7D-E5",
        "jobStatus": "pendingClassification",
        "channelId": "04-9D-5A-B8-E2-7D-25-6D-61-4B-72-70-58-A0-B8-45-2D",
        "classificationPolicyId": "24-D0-75-39-B7-06-1D-B9-AF-E4-04-9F-30-BD-B0-B6-58",
        "priority": 0,
        "requestedWorkerSelectors": [],
        "attachedWorkerSelectors": [],
        "labels": {
          "Product": "O365"
        },
        "assignments": {},
        "tags": {},
        "notes": {}
      }
    },
    {
      "RequestUri": "https://rsarkar-sdktest.int.communication.azure.net/routing/jobs/A9-93-D6-81-6C-9C-4C-87-6C-AA-27-8F-C2-C2-28-7D-E5?api-version=2022-07-18-preview",
      "RequestMethod": "GET",
      "RequestHeaders": {
        "Accept": "application/json",
        "Authorization": "Sanitized",
        "traceparent": "00-ff3524231e2ac346b04b1176daefc04c-8f7da2279e32eb4f-00",
        "User-Agent": "azsdk-net-Communication.JobRouter/1.0.0-alpha.20220722.1 (.NET Framework 4.8.4510.0; Microsoft Windows 10.0.22000 )",
        "x-ms-client-request-id": "44633f599bd04419b6d26f55c613763f",
        "x-ms-content-sha256": "Sanitized",
        "x-ms-date": "Sat, 23 Jul 2022 04:20:17 GMT",
        "x-ms-return-client-request-id": "true"
      },
      "RequestBody": null,
      "StatusCode": 200,
      "ResponseHeaders": {
        "api-supported-versions": "2021-04-07-preview1, 2021-10-20-preview2, 2022-07-18-preview",
        "Content-Type": "application/json; charset=utf-8",
        "Date": "Sat, 23 Jul 2022 04:20:17 GMT",
        "ETag": "\u002200000001-0000-0000-98d1-17a5626cda08\u0022",
        "Last-Modified": "Sat, 23 Jul 2022 04:20:15 GMT",
        "Request-Context": "appId=",
        "trace-id": "ff3524231e2ac346b04b1176daefc04c",
        "Transfer-Encoding": "chunked",
        "X-Azure-Ref": "0AXfbYgAAAAB\u002B9MV9N0qzQqL6/1UhE12zWVZSMzExMDAwMTE1MDA5AGNjOTI3NThkLTA1ZjctNGFkNi1hYTVlLTBmYTk3MThkODk4NQ==",
        "X-Cache": "CONFIG_NOCACHE"
      },
      "ResponseBody": {
        "id": "A9-93-D6-81-6C-9C-4C-87-6C-AA-27-8F-C2-C2-28-7D-E5",
        "jobStatus": "pendingClassification",
        "channelId": "04-9D-5A-B8-E2-7D-25-6D-61-4B-72-70-58-A0-B8-45-2D",
        "classificationPolicyId": "24-D0-75-39-B7-06-1D-B9-AF-E4-04-9F-30-BD-B0-B6-58",
        "queueId": "A9-93-D6-81-6C-9C-4C-87-6C-AA-27-8F-C2-C2-28-7D-E5",
        "priority": 0,
        "requestedWorkerSelectors": [],
        "attachedWorkerSelectors": [],
        "labels": {
          "Product": "O365"
        },
        "assignments": {},
        "tags": {},
        "notes": {}
      }
    },
    {
      "RequestUri": "https://rsarkar-sdktest.int.communication.azure.net/routing/jobs/A9-93-D6-81-6C-9C-4C-87-6C-AA-27-8F-C2-C2-28-7D-E5?api-version=2022-07-18-preview",
      "RequestMethod": "GET",
      "RequestHeaders": {
        "Accept": "application/json",
        "Authorization": "Sanitized",
        "traceparent": "00-3b8f88b4ec8ef94e8c5bf1fed2671ca7-ec00e26736a86347-00",
        "User-Agent": "azsdk-net-Communication.JobRouter/1.0.0-alpha.20220722.1 (.NET Framework 4.8.4510.0; Microsoft Windows 10.0.22000 )",
        "x-ms-client-request-id": "0280ca93b5b00d11621875056a28a7a6",
        "x-ms-content-sha256": "Sanitized",
        "x-ms-date": "Sat, 23 Jul 2022 04:20:18 GMT",
        "x-ms-return-client-request-id": "true"
      },
      "RequestBody": null,
      "StatusCode": 200,
      "ResponseHeaders": {
        "api-supported-versions": "2021-04-07-preview1, 2021-10-20-preview2, 2022-07-18-preview",
        "Content-Type": "application/json; charset=utf-8",
        "Date": "Sat, 23 Jul 2022 04:20:18 GMT",
        "ETag": "\u002200000002-0000-0000-ba88-1aa6626cda08\u0022",
        "Last-Modified": "Sat, 23 Jul 2022 04:20:17 GMT",
        "Request-Context": "appId=",
        "trace-id": "3b8f88b4ec8ef94e8c5bf1fed2671ca7",
        "Transfer-Encoding": "chunked",
        "X-Azure-Ref": "0AnfbYgAAAABluaVEUV0aQolAGVsKpSNoWVZSMzExMDAwMTE1MDA5AGNjOTI3NThkLTA1ZjctNGFkNi1hYTVlLTBmYTk3MThkODk4NQ==",
        "X-Cache": "CONFIG_NOCACHE"
      },
      "ResponseBody": {
        "id": "A9-93-D6-81-6C-9C-4C-87-6C-AA-27-8F-C2-C2-28-7D-E5",
        "jobStatus": "queued",
        "enqueueTimeUtc": "2022-07-23T04:20:17.5698106\u002B00:00",
        "channelId": "04-9D-5A-B8-E2-7D-25-6D-61-4B-72-70-58-A0-B8-45-2D",
        "classificationPolicyId": "24-D0-75-39-B7-06-1D-B9-AF-E4-04-9F-30-BD-B0-B6-58",
        "queueId": "A9-93-D6-81-6C-9C-4C-87-6C-AA-27-8F-C2-C2-28-7D-E5",
        "priority": 0,
        "requestedWorkerSelectors": [],
        "attachedWorkerSelectors": [],
        "labels": {
          "Product": "O365"
        },
        "assignments": {},
        "tags": {},
        "notes": {}
      }
    }
  ],
  "Variables": {
    "COMMUNICATION_LIVETEST_DYNAMIC_CONNECTION_STRING": "endpoint=https://rsarkar-sdktest.int.communication.azure.net/;accesskey=Kg==",
    "id-prefix": "sdk-9z6QKmqoNEWq-AZ8MzMfuw-",
    "RandomSeed": "126160795"
  }
}
