{
  "Entries": [
    {
      "RequestUri": "https://prod-test.communication.azure.com/routing/channels?api-version=2021-04-07-preview1",
      "RequestMethod": "PUT",
      "RequestHeaders": {
        "Accept": "application/json",
        "Authorization": "Sanitized",
        "Content-Length": "64",
        "Content-Type": "application/json",
        "traceparent": "00-06d3677d4016ec42a3cd494141af7551-92ad52a6596b2148-00",
        "User-Agent": "azsdk-net-Communication.JobRouter/1.0.0-alpha.20220216.1 (.NET Framework 4.8.4420.0; Microsoft Windows 10.0.22000 )",
        "x-ms-client-request-id": "cd58ecc8286ac08540f3d1d5a28bcaed",
        "x-ms-content-sha256": "Sanitized",
        "x-ms-date": "Wed, 16 Feb 2022 17:42:11 GMT",
        "x-ms-return-client-request-id": "true"
      },
      "RequestBody": {
        "id": "sdk-9vOCa9NgJEO3qzXrXG7C6w--QueueScenario",
        "name": "test"
      },
      "StatusCode": 200,
      "ResponseHeaders": {
        "api-supported-versions": "2021-04-07-preview1",
        "Content-Type": "application/json; charset=utf-8",
        "Date": "Wed, 16 Feb 2022 17:42:11 GMT",
        "Request-Context": "appId=",
        "trace-id": "06d3677d4016ec42a3cd494141af7551",
        "Transfer-Encoding": "chunked",
        "X-Azure-Ref": "0czcNYgAAAADiy61SIjNBTqjgi6OPf3MdWVZSMzExMDAwMTE1MDQ1ADlmYzdiNTE5LWE4Y2MtNGY4OS05MzVlLWM5MTQ4YWUwOWU4MQ==",
        "X-Cache": "CONFIG_NOCACHE"
      },
      "ResponseBody": {
        "id": "sdk-9vOCa9NgJEO3qzXrXG7C6w--QueueScenario",
        "name": "test",
        "acsManaged": false
      }
    },
    {
      "RequestUri": "https://prod-test.communication.azure.com/routing/distributionpolicies?api-version=2021-04-07-preview1",
      "RequestMethod": "PUT",
      "RequestHeaders": {
        "Accept": "application/json",
        "Authorization": "Sanitized",
        "Content-Length": "210",
        "Content-Type": "application/json",
        "traceparent": "00-7ffaf550116ca741b84cf2dbef35dad7-b72d296db563724c-00",
        "User-Agent": "azsdk-net-Communication.JobRouter/1.0.0-alpha.20220216.1 (.NET Framework 4.8.4420.0; Microsoft Windows 10.0.22000 )",
        "x-ms-client-request-id": "cc585c9f1f63b525b914b6400ad12261",
        "x-ms-content-sha256": "Sanitized",
        "x-ms-date": "Wed, 16 Feb 2022 17:42:12 GMT",
        "x-ms-return-client-request-id": "true"
      },
      "RequestBody": {
        "id": "sdk-9vOCa9NgJEO3qzXrXG7C6w--QueueScenario",
        "name": "Simple-Queue-Distribution",
        "offerTTL": "00:10:00",
        "mode": {
          "kind": "longest-idle",
          "minConcurrentOffers": 1,
          "maxConcurrentOffers": 1,
          "bypassSelectors": false
        }
      },
      "StatusCode": 200,
      "ResponseHeaders": {
        "api-supported-versions": "2021-04-07-preview1, 2021-10-20-preview2",
        "Content-Type": "application/json; charset=utf-8",
        "Date": "Wed, 16 Feb 2022 17:42:12 GMT",
        "Request-Context": "appId=",
        "trace-id": "7ffaf550116ca741b84cf2dbef35dad7",
        "Transfer-Encoding": "chunked",
        "X-Azure-Ref": "0dDcNYgAAAACbcX4vfgiATbXXqXm5HQVGWVZSMzExMDAwMTE1MDQ1ADlmYzdiNTE5LWE4Y2MtNGY4OS05MzVlLWM5MTQ4YWUwOWU4MQ==",
        "X-Cache": "CONFIG_NOCACHE"
      },
      "ResponseBody": {
        "id": "sdk-9vOCa9NgJEO3qzXrXG7C6w--QueueScenario",
        "name": "Simple-Queue-Distribution",
        "offerTTL": "00:10:00",
        "mode": {
          "kind": "longest-idle",
          "minConcurrentOffers": 1,
          "maxConcurrentOffers": 1,
          "bypassSelectors": false
        }
      }
    },
    {
      "RequestUri": "https://prod-test.communication.azure.com/routing/queues?api-version=2021-04-07-preview1",
      "RequestMethod": "PUT",
      "RequestHeaders": {
        "Accept": "application/json",
        "Authorization": "Sanitized",
        "Content-Length": "145",
        "Content-Type": "application/json",
        "traceparent": "00-b0dc81644326ea438e63ee76a53626b9-27f46811772cd041-00",
        "User-Agent": "azsdk-net-Communication.JobRouter/1.0.0-alpha.20220216.1 (.NET Framework 4.8.4420.0; Microsoft Windows 10.0.22000 )",
        "x-ms-client-request-id": "433ce6ceed2c296a787a1a107376e84e",
        "x-ms-content-sha256": "Sanitized",
        "x-ms-date": "Wed, 16 Feb 2022 17:42:12 GMT",
        "x-ms-return-client-request-id": "true"
      },
      "RequestBody": {
        "id": "sdk-9vOCa9NgJEO3qzXrXG7C6w--QueueScenario",
        "name": "test",
        "distributionPolicyId": "sdk-9vOCa9NgJEO3qzXrXG7C6w--QueueScenario",
        "labels": null
      },
      "StatusCode": 200,
      "ResponseHeaders": {
        "api-supported-versions": "2021-04-07-preview1, 2021-10-20-preview2",
        "Content-Type": "application/json; charset=utf-8",
        "Date": "Wed, 16 Feb 2022 17:42:12 GMT",
        "Request-Context": "appId=",
        "trace-id": "b0dc81644326ea438e63ee76a53626b9",
        "Transfer-Encoding": "chunked",
        "X-Azure-Ref": "0dDcNYgAAAAA9CVsju6a5Q4qM25M6LwT6WVZSMzExMDAwMTE1MDQ1ADlmYzdiNTE5LWE4Y2MtNGY4OS05MzVlLWM5MTQ4YWUwOWU4MQ==",
        "X-Cache": "CONFIG_NOCACHE"
      },
      "ResponseBody": {
        "id": "sdk-9vOCa9NgJEO3qzXrXG7C6w--QueueScenario",
        "name": "test",
        "distributionPolicyId": "sdk-9vOCa9NgJEO3qzXrXG7C6w--QueueScenario",
        "labels": {
          "Id": "sdk-9vOCa9NgJEO3qzXrXG7C6w--QueueScenario"
        },
        "exceptionPolicyId": null,
        "estimatedWaitTimeMs": null
      }
    },
    {
      "RequestUri": "https://prod-test.communication.azure.com/routing/jobs?api-version=2021-04-07-preview1",
      "RequestMethod": "POST",
      "RequestHeaders": {
        "Accept": "application/json",
        "Authorization": "Sanitized",
        "Content-Length": "161",
        "Content-Type": "application/json",
        "traceparent": "00-00dfcd5fa75f5c44830a05085230a0fc-f8377a5d2bf90640-00",
        "User-Agent": "azsdk-net-Communication.JobRouter/1.0.0-alpha.20220216.1 (.NET Framework 4.8.4420.0; Microsoft Windows 10.0.22000 )",
        "x-ms-client-request-id": "6dfc196c3e6aa822c7a314567245b66e",
        "x-ms-content-sha256": "Sanitized",
        "x-ms-date": "Wed, 16 Feb 2022 17:42:12 GMT",
        "x-ms-return-client-request-id": "true"
      },
      "RequestBody": {
        "channelId": "sdk-9vOCa9NgJEO3qzXrXG7C6w--QueueScenario",
        "queueId": "sdk-9vOCa9NgJEO3qzXrXG7C6w--QueueScenario",
        "priority": 1,
        "workerSelectors": null,
        "labels": null
      },
      "StatusCode": 201,
      "ResponseHeaders": {
        "api-supported-versions": "2021-04-07-preview1, 2021-10-20-preview2",
        "Content-Type": "application/json; charset=utf-8",
        "Date": "Wed, 16 Feb 2022 17:42:12 GMT",
        "Location": "https://global.router.prod.communication.microsoft.com/routing/jobs/eec61897-5fe5-4a39-8ba9-7942b09df574",
        "Request-Context": "appId=",
        "trace-id": "00dfcd5fa75f5c44830a05085230a0fc",
        "Transfer-Encoding": "chunked",
        "X-Azure-Ref": "0dDcNYgAAAADvw9Bh53iySbWKZs6LiMlAWVZSMzExMDAwMTE1MDQ1ADlmYzdiNTE5LWE4Y2MtNGY4OS05MzVlLWM5MTQ4YWUwOWU4MQ==",
        "X-Cache": "CONFIG_NOCACHE"
      },
      "ResponseBody": {
        "id": "eec61897-5fe5-4a39-8ba9-7942b09df574"
      }
    },
    {
      "RequestUri": "https://prod-test.communication.azure.com/routing/jobs/eec61897-5fe5-4a39-8ba9-7942b09df574?api-version=2021-04-07-preview1",
      "RequestMethod": "GET",
      "RequestHeaders": {
        "Accept": "application/json",
        "Authorization": "Sanitized",
        "traceparent": "00-77e95394da08b741ba347f69bd59ff77-9b21781e3f2fce4f-00",
        "User-Agent": "azsdk-net-Communication.JobRouter/1.0.0-alpha.20220216.1 (.NET Framework 4.8.4420.0; Microsoft Windows 10.0.22000 )",
        "x-ms-client-request-id": "bb066fd1864fb1c0f22f53e804144142",
        "x-ms-content-sha256": "Sanitized",
        "x-ms-date": "Wed, 16 Feb 2022 17:42:13 GMT",
        "x-ms-return-client-request-id": "true"
      },
      "RequestBody": null,
      "StatusCode": 200,
      "ResponseHeaders": {
        "api-supported-versions": "2021-04-07-preview1, 2021-10-20-preview2",
        "Content-Type": "application/json; charset=utf-8",
        "Date": "Wed, 16 Feb 2022 17:42:13 GMT",
        "ETag": "\u002200000000-0000-0000-025d-4baa73f1d908\u0022",
        "Request-Context": "appId=",
        "trace-id": "77e95394da08b741ba347f69bd59ff77",
        "Transfer-Encoding": "chunked",
        "X-Azure-Ref": "0dTcNYgAAAAB7CdjFyQZSSZv8OiNljQe3WVZSMzExMDAwMTE1MDQ1ADlmYzdiNTE5LWE4Y2MtNGY4OS05MzVlLWM5MTQ4YWUwOWU4MQ==",
        "X-Cache": "CONFIG_NOCACHE"
      },
      "ResponseBody": {
        "id": "eec61897-5fe5-4a39-8ba9-7942b09df574",
        "channelReference": null,
        "jobStatus": "queued",
        "enqueueTimeUtc": null,
        "channelId": "sdk-9vOCa9NgJEO3qzXrXG7C6w--QueueScenario",
        "classificationPolicyId": null,
        "queueId": "sdk-9vOCa9NgJEO3qzXrXG7C6w--QueueScenario",
        "priority": 1,
        "dispositionCode": null,
        "workerSelectors": [],
        "labels": {},
        "assignments": {},
        "notes": {}
      }
    }
  ],
  "Variables": {
    "COMMUNICATION_LIVETEST_DYNAMIC_CONNECTION_STRING": "endpoint=https://prod-test.communication.azure.com/;accesskey=Kg==",
    "id-prefix": "sdk-9vOCa9NgJEO3qzXrXG7C6w-",
    "RandomSeed": "112913335"
  }
}