{
  "Entries": [
    {
      "RequestUri": "https://amandadev3.file.core.windows.net/test-share-80da17d0-9100-badd-d5c2-e7069e0f1a45?restype=share",
      "RequestMethod": "PUT",
      "RequestHeaders": {
        "Accept": "application/xml",
        "Authorization": "Sanitized",
        "Content-Length": "0",
        "traceparent": "00-41e4640ad38c9b73ff9efc31c16135c2-7c3fbc7178d464ab-00",
        "User-Agent": "azsdk-net-Storage.Files.Shares/12.12.0-alpha.20220725.1 (.NET 6.0.7; Microsoft Windows 10.0.22000)",
        "x-ms-client-request-id": "5cb4916b-5724-e0aa-73a1-ce50b2713a4d",
        "x-ms-date": "Tue, 26 Jul 2022 06:15:59 GMT",
        "x-ms-return-client-request-id": "true",
        "x-ms-version": "2021-08-06"
      },
      "RequestBody": null,
      "StatusCode": 201,
      "ResponseHeaders": {
        "Content-Length": "0",
        "Date": "Tue, 26 Jul 2022 06:15:59 GMT",
        "ETag": "\u00220x8DA6ECE4F38B1D3\u0022",
        "Last-Modified": "Tue, 26 Jul 2022 06:15:59 GMT",
        "Server": [
          "Windows-Azure-File/1.0",
          "Microsoft-HTTPAPI/2.0"
        ],
        "x-ms-client-request-id": "5cb4916b-5724-e0aa-73a1-ce50b2713a4d",
        "x-ms-request-id": "e775d25c-f01a-0060-80b7-a0313f000000",
        "x-ms-version": "2021-08-06"
      },
      "ResponseBody": null
    },
    {
      "RequestUri": "https://amandadev3.file.core.windows.net/test-share-80da17d0-9100-badd-d5c2-e7069e0f1a45/test-directory-da8e1eb9-8d5a-1595-83fb-28d7d42648d9?sv=2021-08-06\u0026ss=tqfb\u0026srt=sco\u0026se=2022-07-27T06%3A15%3A59Z\u0026sp=rwdylacuptfi\u0026sig=Sanitized\u0026restype=directory",
      "RequestMethod": "PUT",
      "RequestHeaders": {
        "Accept": "application/xml",
        "Content-Length": "0",
        "traceparent": "00-ab600d1517ae29dacaed47711a16a077-e2c3d7c370260430-00",
        "User-Agent": "azsdk-net-Storage.Files.Shares/12.12.0-alpha.20220725.1 (.NET 6.0.7; Microsoft Windows 10.0.22000)",
        "x-ms-client-request-id": "53fd6fef-aa6d-deed-fc9e-d9282fd30c4d",
        "x-ms-file-attributes": "None",
        "x-ms-file-creation-time": "Now",
        "x-ms-file-last-write-time": "Now",
        "x-ms-file-permission": "Inherit",
        "x-ms-return-client-request-id": "true",
        "x-ms-version": "2021-08-06"
      },
      "RequestBody": null,
      "StatusCode": 201,
      "ResponseHeaders": {
        "Content-Length": "0",
        "Date": "Tue, 26 Jul 2022 06:15:59 GMT",
        "ETag": "\u00220x8DA6ECE4F50B69D\u0022",
        "Last-Modified": "Tue, 26 Jul 2022 06:15:59 GMT",
        "Server": [
          "Windows-Azure-File/1.0",
          "Microsoft-HTTPAPI/2.0"
        ],
        "x-ms-client-request-id": "53fd6fef-aa6d-deed-fc9e-d9282fd30c4d",
        "x-ms-file-attributes": "Directory",
        "x-ms-file-change-time": "2022-07-26T06:15:59.9354525Z",
        "x-ms-file-creation-time": "2022-07-26T06:15:59.9354525Z",
        "x-ms-file-id": "13835128424026341376",
        "x-ms-file-last-write-time": "2022-07-26T06:15:59.9354525Z",
        "x-ms-file-parent-id": "0",
        "x-ms-file-permission-key": "3480340292393086624*6383712961487845673",
        "x-ms-request-id": "e775d25e-f01a-0060-01b7-a0313f000000",
        "x-ms-request-server-encrypted": "true",
        "x-ms-version": "2021-08-06"
      },
      "ResponseBody": null
    },
    {
      "RequestUri": "https://amandadev3.file.core.windows.net/test-share-80da17d0-9100-badd-d5c2-e7069e0f1a45?restype=share",
      "RequestMethod": "DELETE",
      "RequestHeaders": {
        "Accept": "application/xml",
        "Authorization": "Sanitized",
        "traceparent": "00-7fdd281517becad319503fa768ce7339-464682c10f5a5618-00",
        "User-Agent": "azsdk-net-Storage.Files.Shares/12.12.0-alpha.20220725.1 (.NET 6.0.7; Microsoft Windows 10.0.22000)",
        "x-ms-client-request-id": "64e841cf-f528-926b-b1bc-0fbce3f8bce2",
        "x-ms-date": "Tue, 26 Jul 2022 06:15:59 GMT",
        "x-ms-delete-snapshots": "include",
        "x-ms-return-client-request-id": "true",
        "x-ms-version": "2021-08-06"
      },
      "RequestBody": null,
      "StatusCode": 202,
      "ResponseHeaders": {
        "Content-Length": "0",
        "Date": "Tue, 26 Jul 2022 06:15:59 GMT",
        "Server": [
          "Windows-Azure-File/1.0",
          "Microsoft-HTTPAPI/2.0"
        ],
        "x-ms-client-request-id": "64e841cf-f528-926b-b1bc-0fbce3f8bce2",
        "x-ms-request-id": "e775d260-f01a-0060-02b7-a0313f000000",
        "x-ms-version": "2021-08-06"
      },
      "ResponseBody": null
    }
  ],
  "Variables": {
    "DateTimeOffsetNow": "2022-07-25T23:15:59.2341571-07:00",
    "RandomSeed": "1040214452",
    "Storage_TestConfigDefault": "ProductionTenant\namandadev3\nU2FuaXRpemVk\nhttps://amandadev3.blob.core.windows.net\nhttps://amandadev3.file.core.windows.net\nhttps://amandadev3.queue.core.windows.net\nhttps://amandadev3.table.core.windows.net\n\n\n\n\nhttps://amandadev3-secondary.core.windows.net\nhttps://amandadev3-secondary.file.core.windows.net\nhttps://amandadev3-secondary.queue.core.windows.net\nhttps://amandadev3-secondary.table.core.windows.net\n\nSanitized\n\n\nCloud\nBlobEndpoint=https://amandadev3.blob.core.windows.net/;QueueEndpoint=https://amandadev3.queue.core.windows.net/;FileEndpoint=https://amandadev3.file.core.windows.net/;BlobSecondaryEndpoint=https://amandadev3-secondary.core.windows.net/;QueueSecondaryEndpoint=https://amandadev3-secondary.queue.core.windows.net/;FileSecondaryEndpoint=https://amandadev3-secondary.file.core.windows.net/;AccountName=amandadev3;AccountKey=Sanitized\nencryptionScope1\n\n"
  }
}
