{
  "Entries": [
    {
      "RequestUri": "https://amandadev3.file.core.windows.net/test-share-b45db30b-130c-7a5e-f5b5-83df0c1368cf?restype=share",
      "RequestMethod": "PUT",
      "RequestHeaders": {
        "Accept": "application/xml",
        "Authorization": "Sanitized",
        "Content-Length": "0",
        "traceparent": "00-c9c554018727a17f7ea6df897bed4567-027f255f535da956-00",
        "User-Agent": "azsdk-net-Storage.Files.Shares/12.12.0-alpha.20220725.1 (.NET 6.0.7; Microsoft Windows 10.0.22000)",
        "x-ms-client-request-id": "a0da9746-b3fe-1be2-8e34-23abdb82de1b",
        "x-ms-date": "Tue, 26 Jul 2022 06:15:02 GMT",
        "x-ms-return-client-request-id": "true",
        "x-ms-version": "2021-08-06"
      },
      "RequestBody": null,
      "StatusCode": 201,
      "ResponseHeaders": {
        "Content-Length": "0",
        "Date": "Tue, 26 Jul 2022 06:15:03 GMT",
        "ETag": "\u00220x8DA6ECE2D98F507\u0022",
        "Last-Modified": "Tue, 26 Jul 2022 06:15:03 GMT",
        "Server": [
          "Windows-Azure-File/1.0",
          "Microsoft-HTTPAPI/2.0"
        ],
        "x-ms-client-request-id": "a0da9746-b3fe-1be2-8e34-23abdb82de1b",
        "x-ms-request-id": "e775cf07-f01a-0060-19b7-a0313f000000",
        "x-ms-version": "2021-08-06"
      },
      "ResponseBody": null
    },
    {
      "RequestUri": "https://amandadev3.file.core.windows.net/test-share-b45db30b-130c-7a5e-f5b5-83df0c1368cf/test-directory-cfa19592-f76c-e412-e004-dac9b6ca5a4a?restype=directory",
      "RequestMethod": "PUT",
      "RequestHeaders": {
        "Accept": "application/xml",
        "Authorization": "Sanitized",
        "Content-Length": "0",
        "traceparent": "00-b7d5d161ef7328d9c8b95f5ea7c61563-4ef232e30fd8fbee-00",
        "User-Agent": "azsdk-net-Storage.Files.Shares/12.12.0-alpha.20220725.1 (.NET 6.0.7; Microsoft Windows 10.0.22000)",
        "x-ms-client-request-id": "eb25d9d9-69e9-c9e2-c40e-602af41bdfb8",
        "x-ms-date": "Tue, 26 Jul 2022 06:15:02 GMT",
        "x-ms-file-attributes": "None",
        "x-ms-file-creation-time": "Now",
        "x-ms-file-last-write-time": "Now",
        "x-ms-file-permission": "Inherit",
        "x-ms-return-client-request-id": "true",
        "x-ms-version": "2021-08-06"
      },
      "RequestBody": null,
      "StatusCode": 201,
      "ResponseHeaders": {
        "Content-Length": "0",
        "Date": "Tue, 26 Jul 2022 06:15:03 GMT",
        "ETag": "\u00220x8DA6ECE2DB1707F\u0022",
        "Last-Modified": "Tue, 26 Jul 2022 06:15:03 GMT",
        "Server": [
          "Windows-Azure-File/1.0",
          "Microsoft-HTTPAPI/2.0"
        ],
        "x-ms-client-request-id": "eb25d9d9-69e9-c9e2-c40e-602af41bdfb8",
        "x-ms-file-attributes": "Directory",
        "x-ms-file-change-time": "2022-07-26T06:15:03.5268223Z",
        "x-ms-file-creation-time": "2022-07-26T06:15:03.5268223Z",
        "x-ms-file-id": "13835128424026341376",
        "x-ms-file-last-write-time": "2022-07-26T06:15:03.5268223Z",
        "x-ms-file-parent-id": "0",
        "x-ms-file-permission-key": "3480340292393086624*6383712961487845673",
        "x-ms-request-id": "e775cf09-f01a-0060-1ab7-a0313f000000",
        "x-ms-request-server-encrypted": "true",
        "x-ms-version": "2021-08-06"
      },
      "ResponseBody": null
    },
    {
      "RequestUri": "https://amandadev3.file.core.windows.net/test-share-b45db30b-130c-7a5e-f5b5-83df0c1368cf/test-directory-cfa19592-f76c-e412-e004-dac9b6ca5a4a/test-file-7499f085-c839-93d0-6e42-02f704277d57",
      "RequestMethod": "PUT",
      "RequestHeaders": {
        "Accept": "application/xml",
        "Authorization": "Sanitized",
        "Content-Length": "0",
        "traceparent": "00-a62ac2e26e0b2f93a6c3f8b91706c915-4c37d8ec258287ab-00",
        "User-Agent": "azsdk-net-Storage.Files.Shares/12.12.0-alpha.20220725.1 (.NET 6.0.7; Microsoft Windows 10.0.22000)",
        "x-ms-client-request-id": "2a1d3edd-9202-fb6d-5e37-c5fbfffb5a69",
        "x-ms-content-length": "1048576",
        "x-ms-date": "Tue, 26 Jul 2022 06:15:02 GMT",
        "x-ms-file-attributes": "None",
        "x-ms-file-creation-time": "Now",
        "x-ms-file-last-write-time": "Now",
        "x-ms-file-permission": "Inherit",
        "x-ms-return-client-request-id": "true",
        "x-ms-type": "file",
        "x-ms-version": "2021-08-06"
      },
      "RequestBody": null,
      "StatusCode": 201,
      "ResponseHeaders": {
        "Content-Length": "0",
        "Date": "Tue, 26 Jul 2022 06:15:03 GMT",
        "ETag": "\u00220x8DA6ECE2DBFC642\u0022",
        "Last-Modified": "Tue, 26 Jul 2022 06:15:03 GMT",
        "Server": [
          "Windows-Azure-File/1.0",
          "Microsoft-HTTPAPI/2.0"
        ],
        "x-ms-client-request-id": "2a1d3edd-9202-fb6d-5e37-c5fbfffb5a69",
        "x-ms-file-attributes": "Archive",
        "x-ms-file-change-time": "2022-07-26T06:15:03.6207682Z",
        "x-ms-file-creation-time": "2022-07-26T06:15:03.6207682Z",
        "x-ms-file-id": "11529285414812647424",
        "x-ms-file-last-write-time": "2022-07-26T06:15:03.6207682Z",
        "x-ms-file-parent-id": "13835128424026341376",
        "x-ms-file-permission-key": "17309419537579889063*6383712961487845673",
        "x-ms-request-id": "e775cf0a-f01a-0060-1bb7-a0313f000000",
        "x-ms-request-server-encrypted": "true",
        "x-ms-version": "2021-08-06"
      },
      "ResponseBody": null
    },
    {
      "RequestUri": "https://amandadev3.file.core.windows.net/test-share-b45db30b-130c-7a5e-f5b5-83df0c1368cf/test-directory-cfa19592-f76c-e412-e004-dac9b6ca5a4a/test-file-7499f085-c839-93d0-6e42-02f704277d57?sv=2021-08-06\u0026ss=bqtf\u0026srt=cos\u0026se=2022-07-27T06%3A15%3A03Z\u0026sp=rwdylacuptfi\u0026sig=Sanitized",
      "RequestMethod": "HEAD",
      "RequestHeaders": {
        "Accept": "application/xml",
        "traceparent": "00-eff784f47344d07c566f43dcebb79d82-950c0000d9e7df77-00",
        "User-Agent": "azsdk-net-Storage.Files.Shares/12.12.0-alpha.20220725.1 (.NET 6.0.7; Microsoft Windows 10.0.22000)",
        "x-ms-client-request-id": "b54c0a54-b5fd-f5b6-1569-16900a4425ce",
        "x-ms-return-client-request-id": "true",
        "x-ms-version": "2021-08-06"
      },
      "RequestBody": null,
      "StatusCode": 200,
      "ResponseHeaders": {
        "Content-Length": "1048576",
        "Content-Type": "application/octet-stream",
        "Date": "Tue, 26 Jul 2022 06:15:03 GMT",
        "ETag": "\u00220x8DA6ECE2DBFC642\u0022",
        "Last-Modified": "Tue, 26 Jul 2022 06:15:03 GMT",
        "Server": [
          "Windows-Azure-File/1.0",
          "Microsoft-HTTPAPI/2.0"
        ],
        "x-ms-client-request-id": "b54c0a54-b5fd-f5b6-1569-16900a4425ce",
        "x-ms-file-attributes": "Archive",
        "x-ms-file-change-time": "2022-07-26T06:15:03.6207682Z",
        "x-ms-file-creation-time": "2022-07-26T06:15:03.6207682Z",
        "x-ms-file-id": "11529285414812647424",
        "x-ms-file-last-write-time": "2022-07-26T06:15:03.6207682Z",
        "x-ms-file-parent-id": "13835128424026341376",
        "x-ms-file-permission-key": "17309419537579889063*6383712961487845673",
        "x-ms-lease-state": "available",
        "x-ms-lease-status": "unlocked",
        "x-ms-request-id": "e775cf0b-f01a-0060-1cb7-a0313f000000",
        "x-ms-server-encrypted": "true",
        "x-ms-type": "File",
        "x-ms-version": "2021-08-06"
      },
      "ResponseBody": null
    },
    {
      "RequestUri": "https://amandadev3.file.core.windows.net/test-share-b45db30b-130c-7a5e-f5b5-83df0c1368cf?restype=share",
      "RequestMethod": "DELETE",
      "RequestHeaders": {
        "Accept": "application/xml",
        "Authorization": "Sanitized",
        "traceparent": "00-c7199f3c0b952697c5544154f8b3e55e-f32c461190accf02-00",
        "User-Agent": "azsdk-net-Storage.Files.Shares/12.12.0-alpha.20220725.1 (.NET 6.0.7; Microsoft Windows 10.0.22000)",
        "x-ms-client-request-id": "f4a7d876-a5ae-606b-517d-404bd86bfe54",
        "x-ms-date": "Tue, 26 Jul 2022 06:15:03 GMT",
        "x-ms-delete-snapshots": "include",
        "x-ms-return-client-request-id": "true",
        "x-ms-version": "2021-08-06"
      },
      "RequestBody": null,
      "StatusCode": 202,
      "ResponseHeaders": {
        "Content-Length": "0",
        "Date": "Tue, 26 Jul 2022 06:15:03 GMT",
        "Server": [
          "Windows-Azure-File/1.0",
          "Microsoft-HTTPAPI/2.0"
        ],
        "x-ms-client-request-id": "f4a7d876-a5ae-606b-517d-404bd86bfe54",
        "x-ms-request-id": "e775cf0c-f01a-0060-1db7-a0313f000000",
        "x-ms-version": "2021-08-06"
      },
      "ResponseBody": null
    }
  ],
  "Variables": {
    "DateTimeOffsetNow": "2022-07-25T23:15:03.0013929-07:00",
    "RandomSeed": "1437698755",
    "Storage_TestConfigDefault": "ProductionTenant\namandadev3\nU2FuaXRpemVk\nhttps://amandadev3.blob.core.windows.net\nhttps://amandadev3.file.core.windows.net\nhttps://amandadev3.queue.core.windows.net\nhttps://amandadev3.table.core.windows.net\n\n\n\n\nhttps://amandadev3-secondary.core.windows.net\nhttps://amandadev3-secondary.file.core.windows.net\nhttps://amandadev3-secondary.queue.core.windows.net\nhttps://amandadev3-secondary.table.core.windows.net\n\nSanitized\n\n\nCloud\nBlobEndpoint=https://amandadev3.blob.core.windows.net/;QueueEndpoint=https://amandadev3.queue.core.windows.net/;FileEndpoint=https://amandadev3.file.core.windows.net/;BlobSecondaryEndpoint=https://amandadev3-secondary.core.windows.net/;QueueSecondaryEndpoint=https://amandadev3-secondary.queue.core.windows.net/;FileSecondaryEndpoint=https://amandadev3-secondary.file.core.windows.net/;AccountName=amandadev3;AccountKey=Sanitized\nencryptionScope1\n\n"
  }
}
