{
  "Entries": [
    {
      "RequestUri": "https://amandadev3.file.core.windows.net/test-share-be5dd256-58d3-a71a-072b-31ee596cdf89?restype=share",
      "RequestMethod": "PUT",
      "RequestHeaders": {
        "Accept": "application/xml",
        "Authorization": "Sanitized",
        "Content-Length": "0",
        "traceparent": "00-cfc41beca2b57f7d7452362402c1f4b4-1fa357071e3fc4fa-00",
        "User-Agent": "azsdk-net-Storage.Files.Shares/12.12.0-alpha.20220725.1 (.NET 6.0.7; Microsoft Windows 10.0.22000)",
        "x-ms-client-request-id": "552355fb-5342-33c4-1fb1-7762041e8bb4",
        "x-ms-date": "Tue, 26 Jul 2022 06:18:46 GMT",
        "x-ms-return-client-request-id": "true",
        "x-ms-version": "2021-08-06"
      },
      "RequestBody": null,
      "StatusCode": 201,
      "ResponseHeaders": {
        "Content-Length": "0",
        "Date": "Tue, 26 Jul 2022 06:18:46 GMT",
        "ETag": "\u00220x8DA6ECEB321B434\u0022",
        "Last-Modified": "Tue, 26 Jul 2022 06:18:47 GMT",
        "Server": [
          "Windows-Azure-File/1.0",
          "Microsoft-HTTPAPI/2.0"
        ],
        "x-ms-client-request-id": "552355fb-5342-33c4-1fb1-7762041e8bb4",
        "x-ms-request-id": "20a1ff89-401a-0075-69b7-a0268c000000",
        "x-ms-version": "2021-08-06"
      },
      "ResponseBody": null
    },
    {
      "RequestUri": "https://amandadev3.file.core.windows.net/test-share-be5dd256-58d3-a71a-072b-31ee596cdf89/test-directory-0fdddb11-ef94-2b74-c4bb-a99b11c585b7?restype=directory",
      "RequestMethod": "PUT",
      "RequestHeaders": {
        "Accept": "application/xml",
        "Authorization": "Sanitized",
        "Content-Length": "0",
        "traceparent": "00-40263b09503772c39894e2b56cf8d8b5-b0d7c1c55c5c6fed-00",
        "User-Agent": "azsdk-net-Storage.Files.Shares/12.12.0-alpha.20220725.1 (.NET 6.0.7; Microsoft Windows 10.0.22000)",
        "x-ms-client-request-id": "debdc02c-872b-886b-94c0-ff663de47718",
        "x-ms-date": "Tue, 26 Jul 2022 06:18:46 GMT",
        "x-ms-file-attributes": "None",
        "x-ms-file-creation-time": "Now",
        "x-ms-file-last-write-time": "Now",
        "x-ms-file-permission": "Inherit",
        "x-ms-return-client-request-id": "true",
        "x-ms-version": "2021-08-06"
      },
      "RequestBody": null,
      "StatusCode": 201,
      "ResponseHeaders": {
        "Content-Length": "0",
        "Date": "Tue, 26 Jul 2022 06:18:46 GMT",
        "ETag": "\u00220x8DA6ECEB3300440\u0022",
        "Last-Modified": "Tue, 26 Jul 2022 06:18:47 GMT",
        "Server": [
          "Windows-Azure-File/1.0",
          "Microsoft-HTTPAPI/2.0"
        ],
        "x-ms-client-request-id": "debdc02c-872b-886b-94c0-ff663de47718",
        "x-ms-file-attributes": "Directory",
        "x-ms-file-change-time": "2022-07-26T06:18:47.4933312Z",
        "x-ms-file-creation-time": "2022-07-26T06:18:47.4933312Z",
        "x-ms-file-id": "13835128424026341376",
        "x-ms-file-last-write-time": "2022-07-26T06:18:47.4933312Z",
        "x-ms-file-parent-id": "0",
        "x-ms-file-permission-key": "3480340292393086624*6383712961487845673",
        "x-ms-request-id": "20a1ff8b-401a-0075-6ab7-a0268c000000",
        "x-ms-request-server-encrypted": "true",
        "x-ms-version": "2021-08-06"
      },
      "ResponseBody": null
    },
    {
      "RequestUri": "https://amandadev3.file.core.windows.net/test-share-be5dd256-58d3-a71a-072b-31ee596cdf89/test-directory-0fdddb11-ef94-2b74-c4bb-a99b11c585b7/test-file-04f326a5-8949-1d46-102d-b190b3ab9cf5",
      "RequestMethod": "PUT",
      "RequestHeaders": {
        "Accept": "application/xml",
        "Authorization": "Sanitized",
        "Content-Length": "0",
        "traceparent": "00-04f0e3639301143be8aaf4f7a67d64c2-062e4df1fb4ee103-00",
        "User-Agent": "azsdk-net-Storage.Files.Shares/12.12.0-alpha.20220725.1 (.NET 6.0.7; Microsoft Windows 10.0.22000)",
        "x-ms-client-request-id": "f364570c-beee-24ca-27bb-b1b1770fcefb",
        "x-ms-content-length": "1048576",
        "x-ms-date": "Tue, 26 Jul 2022 06:18:46 GMT",
        "x-ms-file-attributes": "None",
        "x-ms-file-creation-time": "Now",
        "x-ms-file-last-write-time": "Now",
        "x-ms-file-permission": "Inherit",
        "x-ms-return-client-request-id": "true",
        "x-ms-type": "file",
        "x-ms-version": "2021-08-06"
      },
      "RequestBody": null,
      "StatusCode": 201,
      "ResponseHeaders": {
        "Content-Length": "0",
        "Date": "Tue, 26 Jul 2022 06:18:46 GMT",
        "ETag": "\u00220x8DA6ECEB33B4D38\u0022",
        "Last-Modified": "Tue, 26 Jul 2022 06:18:47 GMT",
        "Server": [
          "Windows-Azure-File/1.0",
          "Microsoft-HTTPAPI/2.0"
        ],
        "x-ms-client-request-id": "f364570c-beee-24ca-27bb-b1b1770fcefb",
        "x-ms-file-attributes": "Archive",
        "x-ms-file-change-time": "2022-07-26T06:18:47.5672888Z",
        "x-ms-file-creation-time": "2022-07-26T06:18:47.5672888Z",
        "x-ms-file-id": "11529285414812647424",
        "x-ms-file-last-write-time": "2022-07-26T06:18:47.5672888Z",
        "x-ms-file-parent-id": "13835128424026341376",
        "x-ms-file-permission-key": "17309419537579889063*6383712961487845673",
        "x-ms-request-id": "20a1ff8c-401a-0075-6bb7-a0268c000000",
        "x-ms-request-server-encrypted": "true",
        "x-ms-version": "2021-08-06"
      },
      "ResponseBody": null
    },
    {
      "RequestUri": "https://amandadev3.file.core.windows.net/test-share-be5dd256-58d3-a71a-072b-31ee596cdf89/test-directory-0fdddb11-ef94-2b74-c4bb-a99b11c585b7/test-file-04f326a5-8949-1d46-102d-b190b3ab9cf5?sv=2021-08-06\u0026ss=tqfb\u0026srt=sco\u0026se=2022-07-27T06%3A18%3A46Z\u0026sp=rwdylacuptfi\u0026sig=Sanitized",
      "RequestMethod": "HEAD",
      "RequestHeaders": {
        "Accept": "application/xml",
        "traceparent": "00-bf29a66cd9e5e0f76f5b075d9d65b9ac-1916e027186022a4-00",
        "User-Agent": "azsdk-net-Storage.Files.Shares/12.12.0-alpha.20220725.1 (.NET 6.0.7; Microsoft Windows 10.0.22000)",
        "x-ms-client-request-id": "e65a174c-8480-602a-e9cb-58c58d94b8a1",
        "x-ms-return-client-request-id": "true",
        "x-ms-version": "2021-08-06"
      },
      "RequestBody": null,
      "StatusCode": 200,
      "ResponseHeaders": {
        "Content-Length": "1048576",
        "Content-Type": "application/octet-stream",
        "Date": "Tue, 26 Jul 2022 06:18:46 GMT",
        "ETag": "\u00220x8DA6ECEB33B4D38\u0022",
        "Last-Modified": "Tue, 26 Jul 2022 06:18:47 GMT",
        "Server": [
          "Windows-Azure-File/1.0",
          "Microsoft-HTTPAPI/2.0"
        ],
        "x-ms-client-request-id": "e65a174c-8480-602a-e9cb-58c58d94b8a1",
        "x-ms-file-attributes": "Archive",
        "x-ms-file-change-time": "2022-07-26T06:18:47.5672888Z",
        "x-ms-file-creation-time": "2022-07-26T06:18:47.5672888Z",
        "x-ms-file-id": "11529285414812647424",
        "x-ms-file-last-write-time": "2022-07-26T06:18:47.5672888Z",
        "x-ms-file-parent-id": "13835128424026341376",
        "x-ms-file-permission-key": "17309419537579889063*6383712961487845673",
        "x-ms-lease-state": "available",
        "x-ms-lease-status": "unlocked",
        "x-ms-request-id": "20a1ff8d-401a-0075-6cb7-a0268c000000",
        "x-ms-server-encrypted": "true",
        "x-ms-type": "File",
        "x-ms-version": "2021-08-06"
      },
      "ResponseBody": null
    },
    {
      "RequestUri": "https://amandadev3.file.core.windows.net/test-share-be5dd256-58d3-a71a-072b-31ee596cdf89?restype=share",
      "RequestMethod": "DELETE",
      "RequestHeaders": {
        "Accept": "application/xml",
        "Authorization": "Sanitized",
        "traceparent": "00-a5e9e577a3322bc8b6b7d01b8ff85d65-aba11b9c2c7fa247-00",
        "User-Agent": "azsdk-net-Storage.Files.Shares/12.12.0-alpha.20220725.1 (.NET 6.0.7; Microsoft Windows 10.0.22000)",
        "x-ms-client-request-id": "5f64dc2b-e7b5-fb7b-4d06-0c6d49125fe5",
        "x-ms-date": "Tue, 26 Jul 2022 06:18:47 GMT",
        "x-ms-delete-snapshots": "include",
        "x-ms-return-client-request-id": "true",
        "x-ms-version": "2021-08-06"
      },
      "RequestBody": null,
      "StatusCode": 202,
      "ResponseHeaders": {
        "Content-Length": "0",
        "Date": "Tue, 26 Jul 2022 06:18:46 GMT",
        "Server": [
          "Windows-Azure-File/1.0",
          "Microsoft-HTTPAPI/2.0"
        ],
        "x-ms-client-request-id": "5f64dc2b-e7b5-fb7b-4d06-0c6d49125fe5",
        "x-ms-request-id": "20a1ff9a-401a-0075-6eb7-a0268c000000",
        "x-ms-version": "2021-08-06"
      },
      "ResponseBody": null
    }
  ],
  "Variables": {
    "DateTimeOffsetNow": "2022-07-25T23:18:46.9476867-07:00",
    "RandomSeed": "2102342217",
    "Storage_TestConfigDefault": "ProductionTenant\namandadev3\nU2FuaXRpemVk\nhttps://amandadev3.blob.core.windows.net\nhttps://amandadev3.file.core.windows.net\nhttps://amandadev3.queue.core.windows.net\nhttps://amandadev3.table.core.windows.net\n\n\n\n\nhttps://amandadev3-secondary.core.windows.net\nhttps://amandadev3-secondary.file.core.windows.net\nhttps://amandadev3-secondary.queue.core.windows.net\nhttps://amandadev3-secondary.table.core.windows.net\n\nSanitized\n\n\nCloud\nBlobEndpoint=https://amandadev3.blob.core.windows.net/;QueueEndpoint=https://amandadev3.queue.core.windows.net/;FileEndpoint=https://amandadev3.file.core.windows.net/;BlobSecondaryEndpoint=https://amandadev3-secondary.core.windows.net/;QueueSecondaryEndpoint=https://amandadev3-secondary.queue.core.windows.net/;FileSecondaryEndpoint=https://amandadev3-secondary.file.core.windows.net/;AccountName=amandadev3;AccountKey=Sanitized\nencryptionScope1\n\n"
  }
}
