{
  "Entries": [
    {
      "RequestUri": "https://amandadev3.file.core.windows.net/test-share-313d451b-423b-e7e0-37e1-2902bee12a66?restype=share",
      "RequestMethod": "PUT",
      "RequestHeaders": {
        "Accept": "application/xml",
        "Authorization": "Sanitized",
        "Content-Length": "0",
        "traceparent": "00-bf41169751bacc9a3d4ad3cbb5c776ca-a30bbe4489e99a12-00",
        "User-Agent": "azsdk-net-Storage.Files.Shares/12.12.0-alpha.20220725.1 (.NET 6.0.7; Microsoft Windows 10.0.22000)",
        "x-ms-client-request-id": "7f41dc02-94d6-853b-ba0f-9eeeecf9d50e",
        "x-ms-date": "Tue, 26 Jul 2022 06:15:37 GMT",
        "x-ms-return-client-request-id": "true",
        "x-ms-version": "2021-08-06"
      },
      "RequestBody": null,
      "StatusCode": 201,
      "ResponseHeaders": {
        "Content-Length": "0",
        "Date": "Tue, 26 Jul 2022 06:15:38 GMT",
        "ETag": "\u00220x8DA6ECE427A678A\u0022",
        "Last-Modified": "Tue, 26 Jul 2022 06:15:38 GMT",
        "Server": [
          "Windows-Azure-File/1.0",
          "Microsoft-HTTPAPI/2.0"
        ],
        "x-ms-client-request-id": "7f41dc02-94d6-853b-ba0f-9eeeecf9d50e",
        "x-ms-request-id": "e775d13b-f01a-0060-33b7-a0313f000000",
        "x-ms-version": "2021-08-06"
      },
      "ResponseBody": null
    },
    {
      "RequestUri": "https://amandadev3.file.core.windows.net/test-share-313d451b-423b-e7e0-37e1-2902bee12a66/test-file-d5f69ac8-15d0-94fb-ef56-40706333a01e",
      "RequestMethod": "PUT",
      "RequestHeaders": {
        "Accept": "application/xml",
        "Authorization": "Sanitized",
        "Content-Length": "0",
        "traceparent": "00-a1e7009ff0281ffdf1af620d5344933c-6e0dd54c7731f5f2-00",
        "User-Agent": "azsdk-net-Storage.Files.Shares/12.12.0-alpha.20220725.1 (.NET 6.0.7; Microsoft Windows 10.0.22000)",
        "x-ms-client-request-id": "e2ff255d-ab9f-c28f-72a6-3cd45ff17679",
        "x-ms-content-length": "1048576",
        "x-ms-date": "Tue, 26 Jul 2022 06:15:37 GMT",
        "x-ms-file-attributes": "None",
        "x-ms-file-creation-time": "Now",
        "x-ms-file-last-write-time": "Now",
        "x-ms-file-permission": "Inherit",
        "x-ms-return-client-request-id": "true",
        "x-ms-type": "file",
        "x-ms-version": "2021-08-06"
      },
      "RequestBody": null,
      "StatusCode": 201,
      "ResponseHeaders": {
        "Content-Length": "0",
        "Date": "Tue, 26 Jul 2022 06:15:38 GMT",
        "ETag": "\u00220x8DA6ECE4286FCCE\u0022",
        "Last-Modified": "Tue, 26 Jul 2022 06:15:38 GMT",
        "Server": [
          "Windows-Azure-File/1.0",
          "Microsoft-HTTPAPI/2.0"
        ],
        "x-ms-client-request-id": "e2ff255d-ab9f-c28f-72a6-3cd45ff17679",
        "x-ms-file-attributes": "Archive",
        "x-ms-file-change-time": "2022-07-26T06:15:38.4807630Z",
        "x-ms-file-creation-time": "2022-07-26T06:15:38.4807630Z",
        "x-ms-file-id": "13835128424026341376",
        "x-ms-file-last-write-time": "2022-07-26T06:15:38.4807630Z",
        "x-ms-file-parent-id": "0",
        "x-ms-file-permission-key": "17309419537579889063*6383712961487845673",
        "x-ms-request-id": "e775d13d-f01a-0060-34b7-a0313f000000",
        "x-ms-request-server-encrypted": "true",
        "x-ms-version": "2021-08-06"
      },
      "ResponseBody": null
    },
    {
      "RequestUri": "https://amandadev3.file.core.windows.net/test-share-313d451b-423b-e7e0-37e1-2902bee12a66?restype=share\u0026comp=snapshot",
      "RequestMethod": "PUT",
      "RequestHeaders": {
        "Accept": "application/xml",
        "Authorization": "Sanitized",
        "Content-Length": "0",
        "traceparent": "00-4c67b68cf7f3cda1342b7f253d737640-3966d0e8c81a5a5d-00",
        "User-Agent": "azsdk-net-Storage.Files.Shares/12.12.0-alpha.20220725.1 (.NET 6.0.7; Microsoft Windows 10.0.22000)",
        "x-ms-client-request-id": "c691ba30-f3f9-7f6e-4a57-42616d65bd72",
        "x-ms-date": "Tue, 26 Jul 2022 06:15:37 GMT",
        "x-ms-return-client-request-id": "true",
        "x-ms-version": "2021-08-06"
      },
      "RequestBody": null,
      "StatusCode": 201,
      "ResponseHeaders": {
        "Content-Length": "0",
        "Date": "Tue, 26 Jul 2022 06:15:38 GMT",
        "ETag": "\u00220x8DA6ECE427A678A\u0022",
        "Last-Modified": "Tue, 26 Jul 2022 06:15:38 GMT",
        "Server": [
          "Windows-Azure-File/1.0",
          "Microsoft-HTTPAPI/2.0"
        ],
        "x-ms-client-request-id": "c691ba30-f3f9-7f6e-4a57-42616d65bd72",
        "x-ms-request-id": "e775d13e-f01a-0060-35b7-a0313f000000",
        "x-ms-snapshot": "2022-07-26T06:15:38.0000000Z",
        "x-ms-version": "2021-08-06"
      },
      "ResponseBody": null
    },
    {
      "RequestUri": "https://amandadev3.file.core.windows.net/test-share-313d451b-423b-e7e0-37e1-2902bee12a66/test-file-d5f69ac8-15d0-94fb-ef56-40706333a01e?sharesnapshot=2022-07-26T06:15:38.0000000Z\u0026sv=2021-08-06\u0026ss=bqtf\u0026srt=soc\u0026se=2022-07-27T06%3A15%3A37Z\u0026sp=rwdylacuptfi\u0026sig=Sanitized",
      "RequestMethod": "HEAD",
      "RequestHeaders": {
        "Accept": "application/xml",
        "traceparent": "00-9fa9cd9ca2268ec77978cfd93e12f3cb-f2a4c72c2e4ae78e-00",
        "User-Agent": "azsdk-net-Storage.Files.Shares/12.12.0-alpha.20220725.1 (.NET 6.0.7; Microsoft Windows 10.0.22000)",
        "x-ms-client-request-id": "a4a4e11a-b060-207f-cbd6-e4e18b9aeb3c",
        "x-ms-return-client-request-id": "true",
        "x-ms-version": "2021-08-06"
      },
      "RequestBody": null,
      "StatusCode": 200,
      "ResponseHeaders": {
        "Content-Length": "1048576",
        "Content-Type": "application/octet-stream",
        "Date": "Tue, 26 Jul 2022 06:15:38 GMT",
        "ETag": "\u00220x8DA6ECE4286FCCE\u0022",
        "Last-Modified": "Tue, 26 Jul 2022 06:15:38 GMT",
        "Server": [
          "Windows-Azure-File/1.0",
          "Microsoft-HTTPAPI/2.0"
        ],
        "x-ms-client-request-id": "a4a4e11a-b060-207f-cbd6-e4e18b9aeb3c",
        "x-ms-file-attributes": "Archive",
        "x-ms-file-change-time": "2022-07-26T06:15:38.4807630Z",
        "x-ms-file-creation-time": "2022-07-26T06:15:38.4807630Z",
        "x-ms-file-id": "13835128424026341376",
        "x-ms-file-last-write-time": "2022-07-26T06:15:38.4807630Z",
        "x-ms-file-parent-id": "0",
        "x-ms-file-permission-key": "17309419537579889063*6383712961487845673",
        "x-ms-request-id": "e775d13f-f01a-0060-36b7-a0313f000000",
        "x-ms-server-encrypted": "true",
        "x-ms-type": "File",
        "x-ms-version": "2021-08-06"
      },
      "ResponseBody": null
    },
    {
      "RequestUri": "https://amandadev3.file.core.windows.net/test-share-313d451b-423b-e7e0-37e1-2902bee12a66?restype=share",
      "RequestMethod": "DELETE",
      "RequestHeaders": {
        "Accept": "application/xml",
        "Authorization": "Sanitized",
        "traceparent": "00-9d14275cfdbd3660dad43d18ad77dcaf-f49e30e7e688165d-00",
        "User-Agent": "azsdk-net-Storage.Files.Shares/12.12.0-alpha.20220725.1 (.NET 6.0.7; Microsoft Windows 10.0.22000)",
        "x-ms-client-request-id": "8c46b96a-19c1-b412-c61d-f431cac7028f",
        "x-ms-date": "Tue, 26 Jul 2022 06:15:38 GMT",
        "x-ms-delete-snapshots": "include",
        "x-ms-return-client-request-id": "true",
        "x-ms-version": "2021-08-06"
      },
      "RequestBody": null,
      "StatusCode": 202,
      "ResponseHeaders": {
        "Content-Length": "0",
        "Date": "Tue, 26 Jul 2022 06:15:38 GMT",
        "Server": [
          "Windows-Azure-File/1.0",
          "Microsoft-HTTPAPI/2.0"
        ],
        "x-ms-client-request-id": "8c46b96a-19c1-b412-c61d-f431cac7028f",
        "x-ms-request-id": "e775d142-f01a-0060-37b7-a0313f000000",
        "x-ms-version": "2021-08-06"
      },
      "ResponseBody": null
    }
  ],
  "Variables": {
    "DateTimeOffsetNow": "2022-07-25T23:15:37.9440022-07:00",
    "RandomSeed": "746725237",
    "Storage_TestConfigDefault": "ProductionTenant\namandadev3\nU2FuaXRpemVk\nhttps://amandadev3.blob.core.windows.net\nhttps://amandadev3.file.core.windows.net\nhttps://amandadev3.queue.core.windows.net\nhttps://amandadev3.table.core.windows.net\n\n\n\n\nhttps://amandadev3-secondary.core.windows.net\nhttps://amandadev3-secondary.file.core.windows.net\nhttps://amandadev3-secondary.queue.core.windows.net\nhttps://amandadev3-secondary.table.core.windows.net\n\nSanitized\n\n\nCloud\nBlobEndpoint=https://amandadev3.blob.core.windows.net/;QueueEndpoint=https://amandadev3.queue.core.windows.net/;FileEndpoint=https://amandadev3.file.core.windows.net/;BlobSecondaryEndpoint=https://amandadev3-secondary.core.windows.net/;QueueSecondaryEndpoint=https://amandadev3-secondary.queue.core.windows.net/;FileSecondaryEndpoint=https://amandadev3-secondary.file.core.windows.net/;AccountName=amandadev3;AccountKey=Sanitized\nencryptionScope1\n\n"
  }
}
