{
  "Entries": [
    {
      "RequestUri": "https://amandadev3.file.core.windows.net/test-share-4044cbfd-b0eb-b57f-18f3-3028fb25af9d?restype=share",
      "RequestMethod": "PUT",
      "RequestHeaders": {
        "Accept": "application/xml",
        "Authorization": "Sanitized",
        "Content-Length": "0",
        "traceparent": "00-5cf9a949af26f7f27b32e3d90994cb89-d8000a33675ee63e-00",
        "User-Agent": "azsdk-net-Storage.Files.Shares/12.12.0-alpha.20220725.1 (.NET 6.0.7; Microsoft Windows 10.0.22000)",
        "x-ms-client-request-id": "ee63de55-9421-1cdd-2371-0ab25736c685",
        "x-ms-date": "Tue, 26 Jul 2022 06:19:12 GMT",
        "x-ms-return-client-request-id": "true",
        "x-ms-version": "2021-08-06"
      },
      "RequestBody": null,
      "StatusCode": 201,
      "ResponseHeaders": {
        "Content-Length": "0",
        "Date": "Tue, 26 Jul 2022 06:19:11 GMT",
        "ETag": "\u00220x8DA6ECEC248B5AF\u0022",
        "Last-Modified": "Tue, 26 Jul 2022 06:19:12 GMT",
        "Server": [
          "Windows-Azure-File/1.0",
          "Microsoft-HTTPAPI/2.0"
        ],
        "x-ms-client-request-id": "ee63de55-9421-1cdd-2371-0ab25736c685",
        "x-ms-request-id": "20a20120-401a-0075-08b7-a0268c000000",
        "x-ms-version": "2021-08-06"
      },
      "ResponseBody": null
    },
    {
      "RequestUri": "https://amandadev3.file.core.windows.net/test-share-4044cbfd-b0eb-b57f-18f3-3028fb25af9d/test-directory-2327a3cc-87a6-c15f-abcd-bdab3ffb820b?restype=directory",
      "RequestMethod": "PUT",
      "RequestHeaders": {
        "Accept": "application/xml",
        "Authorization": "Sanitized",
        "Content-Length": "0",
        "traceparent": "00-a40f2bf25a971a1f51276c00a391773e-17eb0ff267a04192-00",
        "User-Agent": "azsdk-net-Storage.Files.Shares/12.12.0-alpha.20220725.1 (.NET 6.0.7; Microsoft Windows 10.0.22000)",
        "x-ms-client-request-id": "1cd311a7-c0c1-557c-1602-788cde1997fc",
        "x-ms-date": "Tue, 26 Jul 2022 06:19:12 GMT",
        "x-ms-file-attributes": "None",
        "x-ms-file-creation-time": "Now",
        "x-ms-file-last-write-time": "Now",
        "x-ms-file-permission": "Inherit",
        "x-ms-return-client-request-id": "true",
        "x-ms-version": "2021-08-06"
      },
      "RequestBody": null,
      "StatusCode": 201,
      "ResponseHeaders": {
        "Content-Length": "0",
        "Date": "Tue, 26 Jul 2022 06:19:12 GMT",
        "ETag": "\u00220x8DA6ECEC257046B\u0022",
        "Last-Modified": "Tue, 26 Jul 2022 06:19:12 GMT",
        "Server": [
          "Windows-Azure-File/1.0",
          "Microsoft-HTTPAPI/2.0"
        ],
        "x-ms-client-request-id": "1cd311a7-c0c1-557c-1602-788cde1997fc",
        "x-ms-file-attributes": "Directory",
        "x-ms-file-change-time": "2022-07-26T06:19:12.9147499Z",
        "x-ms-file-creation-time": "2022-07-26T06:19:12.9147499Z",
        "x-ms-file-id": "13835128424026341376",
        "x-ms-file-last-write-time": "2022-07-26T06:19:12.9147499Z",
        "x-ms-file-parent-id": "0",
        "x-ms-file-permission-key": "3480340292393086624*6383712961487845673",
        "x-ms-request-id": "20a20123-401a-0075-0ab7-a0268c000000",
        "x-ms-request-server-encrypted": "true",
        "x-ms-version": "2021-08-06"
      },
      "ResponseBody": null
    },
    {
      "RequestUri": "https://amandadev3.file.core.windows.net/test-share-4044cbfd-b0eb-b57f-18f3-3028fb25af9d?restype=share\u0026comp=snapshot",
      "RequestMethod": "PUT",
      "RequestHeaders": {
        "Accept": "application/xml",
        "Authorization": "Sanitized",
        "Content-Length": "0",
        "traceparent": "00-c256edd5870c7d2145a1974ededb3cd1-bc8a5c733e65ee0d-00",
        "User-Agent": "azsdk-net-Storage.Files.Shares/12.12.0-alpha.20220725.1 (.NET 6.0.7; Microsoft Windows 10.0.22000)",
        "x-ms-client-request-id": "450b7715-a962-5dc4-a36b-34d96d8034e6",
        "x-ms-date": "Tue, 26 Jul 2022 06:19:12 GMT",
        "x-ms-return-client-request-id": "true",
        "x-ms-version": "2021-08-06"
      },
      "RequestBody": null,
      "StatusCode": 201,
      "ResponseHeaders": {
        "Content-Length": "0",
        "Date": "Tue, 26 Jul 2022 06:19:12 GMT",
        "ETag": "\u00220x8DA6ECEC248B5AF\u0022",
        "Last-Modified": "Tue, 26 Jul 2022 06:19:12 GMT",
        "Server": [
          "Windows-Azure-File/1.0",
          "Microsoft-HTTPAPI/2.0"
        ],
        "x-ms-client-request-id": "450b7715-a962-5dc4-a36b-34d96d8034e6",
        "x-ms-request-id": "20a20125-401a-0075-0cb7-a0268c000000",
        "x-ms-snapshot": "2022-07-26T06:19:12.0000000Z",
        "x-ms-version": "2021-08-06"
      },
      "ResponseBody": null
    },
    {
      "RequestUri": "https://amandadev3.file.core.windows.net/test-share-4044cbfd-b0eb-b57f-18f3-3028fb25af9d/test-directory-2327a3cc-87a6-c15f-abcd-bdab3ffb820b?sharesnapshot=2022-07-26T06:19:12.0000000Z\u0026sv=2021-08-06\u0026ss=bqtf\u0026srt=os\u0026se=2022-07-27T06%3A19%3A12Z\u0026sp=rwdylacuptfi\u0026sig=Sanitized\u0026restype=directory",
      "RequestMethod": "GET",
      "RequestHeaders": {
        "Accept": "application/xml",
        "traceparent": "00-6ade0fb0ae574196cf00bca33db10b2a-976120134faba14b-00",
        "User-Agent": "azsdk-net-Storage.Files.Shares/12.12.0-alpha.20220725.1 (.NET 6.0.7; Microsoft Windows 10.0.22000)",
        "x-ms-client-request-id": "67775c93-520d-169a-bafb-9557cc680151",
        "x-ms-return-client-request-id": "true",
        "x-ms-version": "2021-08-06"
      },
      "RequestBody": null,
      "StatusCode": 200,
      "ResponseHeaders": {
        "Content-Length": "0",
        "Date": "Tue, 26 Jul 2022 06:19:12 GMT",
        "ETag": "\u00220x8DA6ECEC257046B\u0022",
        "Last-Modified": "Tue, 26 Jul 2022 06:19:12 GMT",
        "Server": [
          "Windows-Azure-File/1.0",
          "Microsoft-HTTPAPI/2.0"
        ],
        "x-ms-client-request-id": "67775c93-520d-169a-bafb-9557cc680151",
        "x-ms-file-attributes": "Directory",
        "x-ms-file-change-time": "2022-07-26T06:19:12.9147499Z",
        "x-ms-file-creation-time": "2022-07-26T06:19:12.9147499Z",
        "x-ms-file-id": "13835128424026341376",
        "x-ms-file-last-write-time": "2022-07-26T06:19:12.9147499Z",
        "x-ms-file-parent-id": "0",
        "x-ms-file-permission-key": "3480340292393086624*6383712961487845673",
        "x-ms-request-id": "20a20126-401a-0075-0db7-a0268c000000",
        "x-ms-server-encrypted": "true",
        "x-ms-version": "2021-08-06"
      },
      "ResponseBody": null
    },
    {
      "RequestUri": "https://amandadev3.file.core.windows.net/test-share-4044cbfd-b0eb-b57f-18f3-3028fb25af9d?restype=share",
      "RequestMethod": "DELETE",
      "RequestHeaders": {
        "Accept": "application/xml",
        "Authorization": "Sanitized",
        "traceparent": "00-33ce87f36fc9f14996afd2954ae77a2f-2a522c531b3658cf-00",
        "User-Agent": "azsdk-net-Storage.Files.Shares/12.12.0-alpha.20220725.1 (.NET 6.0.7; Microsoft Windows 10.0.22000)",
        "x-ms-client-request-id": "1146979c-cd08-6bd8-768c-73b38d78d965",
        "x-ms-date": "Tue, 26 Jul 2022 06:19:12 GMT",
        "x-ms-delete-snapshots": "include",
        "x-ms-return-client-request-id": "true",
        "x-ms-version": "2021-08-06"
      },
      "RequestBody": null,
      "StatusCode": 202,
      "ResponseHeaders": {
        "Content-Length": "0",
        "Date": "Tue, 26 Jul 2022 06:19:12 GMT",
        "Server": [
          "Windows-Azure-File/1.0",
          "Microsoft-HTTPAPI/2.0"
        ],
        "x-ms-client-request-id": "1146979c-cd08-6bd8-768c-73b38d78d965",
        "x-ms-request-id": "20a20129-401a-0075-0fb7-a0268c000000",
        "x-ms-version": "2021-08-06"
      },
      "ResponseBody": null
    }
  ],
  "Variables": {
    "DateTimeOffsetNow": "2022-07-25T23:19:12.3834193-07:00",
    "RandomSeed": "1851345878",
    "Storage_TestConfigDefault": "ProductionTenant\namandadev3\nU2FuaXRpemVk\nhttps://amandadev3.blob.core.windows.net\nhttps://amandadev3.file.core.windows.net\nhttps://amandadev3.queue.core.windows.net\nhttps://amandadev3.table.core.windows.net\n\n\n\n\nhttps://amandadev3-secondary.core.windows.net\nhttps://amandadev3-secondary.file.core.windows.net\nhttps://amandadev3-secondary.queue.core.windows.net\nhttps://amandadev3-secondary.table.core.windows.net\n\nSanitized\n\n\nCloud\nBlobEndpoint=https://amandadev3.blob.core.windows.net/;QueueEndpoint=https://amandadev3.queue.core.windows.net/;FileEndpoint=https://amandadev3.file.core.windows.net/;BlobSecondaryEndpoint=https://amandadev3-secondary.core.windows.net/;QueueSecondaryEndpoint=https://amandadev3-secondary.queue.core.windows.net/;FileSecondaryEndpoint=https://amandadev3-secondary.file.core.windows.net/;AccountName=amandadev3;AccountKey=Sanitized\nencryptionScope1\n\n"
  }
}
