{
  "Entries": [
    {
      "RequestUri": "https://amandadev3.file.core.windows.net/test-share-68d086e8-0ba8-b878-112a-230e8d6d0f49?restype=share",
      "RequestMethod": "PUT",
      "RequestHeaders": {
        "Accept": "application/xml",
        "Authorization": "Sanitized",
        "Content-Length": "0",
        "traceparent": "00-2f8d83c3cef5ed0eb288209a3a71237e-317e786df97b19a4-00",
        "User-Agent": "azsdk-net-Storage.Files.Shares/12.12.0-alpha.20220727.1 (.NET 6.0.7; Microsoft Windows 10.0.22000)",
        "x-ms-client-request-id": "3561a2fe-4238-f31c-5d60-df503ef36d1a",
        "x-ms-date": "Wed, 27 Jul 2022 22:36:22 GMT",
        "x-ms-return-client-request-id": "true",
        "x-ms-version": "2021-10-04"
      },
      "RequestBody": null,
      "StatusCode": 201,
      "ResponseHeaders": {
        "Content-Length": "0",
        "Date": "Wed, 27 Jul 2022 22:36:24 GMT",
        "ETag": "\u00220x8DA70206FF4B48A\u0022",
        "Last-Modified": "Wed, 27 Jul 2022 22:36:24 GMT",
        "Server": [
          "Windows-Azure-File/1.0",
          "Microsoft-HTTPAPI/2.0"
        ],
        "x-ms-client-request-id": "3561a2fe-4238-f31c-5d60-df503ef36d1a",
        "x-ms-request-id": "4b180a8d-301a-008b-5809-a249cd000000",
        "x-ms-version": "2021-10-04"
      },
      "ResponseBody": null
    },
    {
      "RequestUri": "https://amandadev3.file.core.windows.net/test-share-68d086e8-0ba8-b878-112a-230e8d6d0f49/test-directory-e853ccbf-bf7a-3717-1e94-18634167a6e7?sv=2021-10-04\u0026ss=bqtf\u0026srt=soc\u0026se=2022-07-28T22%3A36%3A22Z\u0026sp=rwdylacuptfi\u0026sig=Sanitized\u0026restype=directory",
      "RequestMethod": "PUT",
      "RequestHeaders": {
        "Accept": "application/xml",
        "Content-Length": "0",
        "traceparent": "00-f45d7cadc319ec46481ecb3db285dfed-6624c2960f01daf0-00",
        "User-Agent": "azsdk-net-Storage.Files.Shares/12.12.0-alpha.20220727.1 (.NET 6.0.7; Microsoft Windows 10.0.22000)",
        "x-ms-client-request-id": "4451afd6-03d7-3f25-8a29-16a429b9b1f5",
        "x-ms-file-attributes": "None",
        "x-ms-file-creation-time": "Now",
        "x-ms-file-last-write-time": "Now",
        "x-ms-file-permission": "Inherit",
        "x-ms-return-client-request-id": "true",
        "x-ms-version": "2021-10-04"
      },
      "RequestBody": null,
      "StatusCode": 201,
      "ResponseHeaders": {
        "Content-Length": "0",
        "Date": "Wed, 27 Jul 2022 22:36:24 GMT",
        "ETag": "\u00220x8DA702070068D55\u0022",
        "Last-Modified": "Wed, 27 Jul 2022 22:36:24 GMT",
        "Server": [
          "Windows-Azure-File/1.0",
          "Microsoft-HTTPAPI/2.0"
        ],
        "x-ms-client-request-id": "4451afd6-03d7-3f25-8a29-16a429b9b1f5",
        "x-ms-file-attributes": "Directory",
        "x-ms-file-change-time": "2022-07-27T22:36:24.7088469Z",
        "x-ms-file-creation-time": "2022-07-27T22:36:24.7088469Z",
        "x-ms-file-id": "13835128424026341376",
        "x-ms-file-last-write-time": "2022-07-27T22:36:24.7088469Z",
        "x-ms-file-parent-id": "0",
        "x-ms-file-permission-key": "3480340292393086624*6383712961487845673",
        "x-ms-request-id": "4b180a8f-301a-008b-5909-a249cd000000",
        "x-ms-request-server-encrypted": "true",
        "x-ms-version": "2021-10-04"
      },
      "ResponseBody": null
    },
    {
      "RequestUri": "https://amandadev3.file.core.windows.net/test-share-68d086e8-0ba8-b878-112a-230e8d6d0f49/test-directory-e853ccbf-bf7a-3717-1e94-18634167a6e7/test-directory-bb11f8ba-82e3-e50d-bb7c-1d91f7a86607?sv=2021-10-04\u0026ss=bqtf\u0026srt=soc\u0026se=2022-07-28T22%3A36%3A22Z\u0026sp=rwdylacuptfi\u0026sig=Sanitized\u0026restype=directory",
      "RequestMethod": "PUT",
      "RequestHeaders": {
        "Accept": "application/xml",
        "Content-Length": "0",
        "traceparent": "00-37b520e3943cb9b7981a60272b440d77-0e8c0b4103bd5e9c-00",
        "User-Agent": "azsdk-net-Storage.Files.Shares/12.12.0-alpha.20220727.1 (.NET 6.0.7; Microsoft Windows 10.0.22000)",
        "x-ms-client-request-id": "d8b5d136-4206-5479-a16b-895ae69447e1",
        "x-ms-file-attributes": "None",
        "x-ms-file-creation-time": "Now",
        "x-ms-file-last-write-time": "Now",
        "x-ms-file-permission": "Inherit",
        "x-ms-return-client-request-id": "true",
        "x-ms-version": "2021-10-04"
      },
      "RequestBody": null,
      "StatusCode": 201,
      "ResponseHeaders": {
        "Content-Length": "0",
        "Date": "Wed, 27 Jul 2022 22:36:24 GMT",
        "ETag": "\u00220x8DA7020701EA5B0\u0022",
        "Last-Modified": "Wed, 27 Jul 2022 22:36:24 GMT",
        "Server": [
          "Windows-Azure-File/1.0",
          "Microsoft-HTTPAPI/2.0"
        ],
        "x-ms-client-request-id": "d8b5d136-4206-5479-a16b-895ae69447e1",
        "x-ms-file-attributes": "Directory",
        "x-ms-file-change-time": "2022-07-27T22:36:24.8667568Z",
        "x-ms-file-creation-time": "2022-07-27T22:36:24.8667568Z",
        "x-ms-file-id": "11529285414812647424",
        "x-ms-file-last-write-time": "2022-07-27T22:36:24.8667568Z",
        "x-ms-file-parent-id": "13835128424026341376",
        "x-ms-file-permission-key": "3480340292393086624*6383712961487845673",
        "x-ms-request-id": "4b180a90-301a-008b-5a09-a249cd000000",
        "x-ms-request-server-encrypted": "true",
        "x-ms-version": "2021-10-04"
      },
      "ResponseBody": null
    },
    {
      "RequestUri": "https://amandadev3.file.core.windows.net/test-share-68d086e8-0ba8-b878-112a-230e8d6d0f49?restype=share",
      "RequestMethod": "DELETE",
      "RequestHeaders": {
        "Accept": "application/xml",
        "Authorization": "Sanitized",
        "traceparent": "00-d383afeaa9586519489732d78164f7f1-e8050012d9c5cede-00",
        "User-Agent": "azsdk-net-Storage.Files.Shares/12.12.0-alpha.20220727.1 (.NET 6.0.7; Microsoft Windows 10.0.22000)",
        "x-ms-client-request-id": "265a0bcf-8df3-5301-4238-f1aad8b555c8",
        "x-ms-date": "Wed, 27 Jul 2022 22:36:22 GMT",
        "x-ms-delete-snapshots": "include",
        "x-ms-return-client-request-id": "true",
        "x-ms-version": "2021-10-04"
      },
      "RequestBody": null,
      "StatusCode": 202,
      "ResponseHeaders": {
        "Content-Length": "0",
        "Date": "Wed, 27 Jul 2022 22:36:24 GMT",
        "Server": [
          "Windows-Azure-File/1.0",
          "Microsoft-HTTPAPI/2.0"
        ],
        "x-ms-client-request-id": "265a0bcf-8df3-5301-4238-f1aad8b555c8",
        "x-ms-request-id": "4b180a91-301a-008b-5b09-a249cd000000",
        "x-ms-version": "2021-10-04"
      },
      "ResponseBody": null
    }
  ],
  "Variables": {
    "DateTimeOffsetNow": "2022-07-27T15:36:22.1909250-07:00",
    "RandomSeed": "56748054",
    "Storage_TestConfigDefault": "ProductionTenant\namandadev3\nU2FuaXRpemVk\nhttps://amandadev3.blob.core.windows.net\nhttps://amandadev3.file.core.windows.net\nhttps://amandadev3.queue.core.windows.net\nhttps://amandadev3.table.core.windows.net\n\n\n\n\nhttps://amandadev3-secondary.core.windows.net\nhttps://amandadev3-secondary.file.core.windows.net\nhttps://amandadev3-secondary.queue.core.windows.net\nhttps://amandadev3-secondary.table.core.windows.net\n\nSanitized\n\n\nCloud\nBlobEndpoint=https://amandadev3.blob.core.windows.net/;QueueEndpoint=https://amandadev3.queue.core.windows.net/;FileEndpoint=https://amandadev3.file.core.windows.net/;BlobSecondaryEndpoint=https://amandadev3-secondary.core.windows.net/;QueueSecondaryEndpoint=https://amandadev3-secondary.queue.core.windows.net/;FileSecondaryEndpoint=https://amandadev3-secondary.file.core.windows.net/;AccountName=amandadev3;AccountKey=Sanitized\nencryptionScope1\n\n"
  }
}
