{
  "Entries": [
    {
      "RequestUri": "https://amandadev3.file.core.windows.net/test-share-6f4b88f7-6166-19f0-9958-287e6453313e?restype=share",
      "RequestMethod": "PUT",
      "RequestHeaders": {
        "Accept": "application/xml",
        "Authorization": "Sanitized",
        "Content-Length": "0",
        "traceparent": "00-b48b27c1782288a52de7a38017b90200-dc6155f73233440a-00",
        "User-Agent": "azsdk-net-Storage.Files.Shares/12.12.0-alpha.20220727.1 (.NET 6.0.7; Microsoft Windows 10.0.22000)",
        "x-ms-client-request-id": "ccbde5a0-0ccc-53ee-26f7-f35bbafced4d",
        "x-ms-date": "Wed, 27 Jul 2022 22:36:08 GMT",
        "x-ms-return-client-request-id": "true",
        "x-ms-version": "2021-10-04"
      },
      "RequestBody": null,
      "StatusCode": 201,
      "ResponseHeaders": {
        "Content-Length": "0",
        "Date": "Wed, 27 Jul 2022 22:36:10 GMT",
        "ETag": "\u00220x8DA702067CDBBE5\u0022",
        "Last-Modified": "Wed, 27 Jul 2022 22:36:10 GMT",
        "Server": [
          "Windows-Azure-File/1.0",
          "Microsoft-HTTPAPI/2.0"
        ],
        "x-ms-client-request-id": "ccbde5a0-0ccc-53ee-26f7-f35bbafced4d",
        "x-ms-request-id": "4b1809c8-301a-008b-4109-a249cd000000",
        "x-ms-version": "2021-10-04"
      },
      "ResponseBody": null
    },
    {
      "RequestUri": "https://amandadev3.file.core.windows.net/test-share-6f4b88f7-6166-19f0-9958-287e6453313e/test-directory-0145a37a-f2b7-7d97-bac0-430ece3ea247?restype=directory",
      "RequestMethod": "PUT",
      "RequestHeaders": {
        "Accept": "application/xml",
        "Authorization": "Sanitized",
        "Content-Length": "0",
        "traceparent": "00-d3230f03d916f749c6cff5fe294083f3-defd812497a16cc5-00",
        "User-Agent": "azsdk-net-Storage.Files.Shares/12.12.0-alpha.20220727.1 (.NET 6.0.7; Microsoft Windows 10.0.22000)",
        "x-ms-client-request-id": "e4edac54-6d1e-15b7-31cc-b4ab0ebcf648",
        "x-ms-date": "Wed, 27 Jul 2022 22:36:08 GMT",
        "x-ms-file-attributes": "None",
        "x-ms-file-creation-time": "Now",
        "x-ms-file-last-write-time": "Now",
        "x-ms-file-permission": "Inherit",
        "x-ms-return-client-request-id": "true",
        "x-ms-version": "2021-10-04"
      },
      "RequestBody": null,
      "StatusCode": 201,
      "ResponseHeaders": {
        "Content-Length": "0",
        "Date": "Wed, 27 Jul 2022 22:36:10 GMT",
        "ETag": "\u00220x8DA702067DB5087\u0022",
        "Last-Modified": "Wed, 27 Jul 2022 22:36:11 GMT",
        "Server": [
          "Windows-Azure-File/1.0",
          "Microsoft-HTTPAPI/2.0"
        ],
        "x-ms-client-request-id": "e4edac54-6d1e-15b7-31cc-b4ab0ebcf648",
        "x-ms-file-attributes": "Directory",
        "x-ms-file-change-time": "2022-07-27T22:36:11.0037127Z",
        "x-ms-file-creation-time": "2022-07-27T22:36:11.0037127Z",
        "x-ms-file-id": "13835128424026341376",
        "x-ms-file-last-write-time": "2022-07-27T22:36:11.0037127Z",
        "x-ms-file-parent-id": "0",
        "x-ms-file-permission-key": "3480340292393086624*6383712961487845673",
        "x-ms-request-id": "4b1809ca-301a-008b-4209-a249cd000000",
        "x-ms-request-server-encrypted": "true",
        "x-ms-version": "2021-10-04"
      },
      "ResponseBody": null
    },
    {
      "RequestUri": "https://amandadev3.file.core.windows.net/test-share-6f4b88f7-6166-19f0-9958-287e6453313e/test-directory-0145a37a-f2b7-7d97-bac0-430ece3ea247/test-file-7fddd56e-6496-7972-4c0c-e3da8672d130",
      "RequestMethod": "PUT",
      "RequestHeaders": {
        "Accept": "application/xml",
        "Authorization": "Sanitized",
        "Content-Length": "0",
        "traceparent": "00-2adefff3f50d0b3c73caaaaf5c9fd1a1-e7c702440ab55013-00",
        "User-Agent": "azsdk-net-Storage.Files.Shares/12.12.0-alpha.20220727.1 (.NET 6.0.7; Microsoft Windows 10.0.22000)",
        "x-ms-client-request-id": "da85fb88-ec85-fc11-8e21-a23f34f09f91",
        "x-ms-content-length": "1048576",
        "x-ms-date": "Wed, 27 Jul 2022 22:36:08 GMT",
        "x-ms-file-attributes": "None",
        "x-ms-file-creation-time": "Now",
        "x-ms-file-last-write-time": "Now",
        "x-ms-file-permission": "Inherit",
        "x-ms-return-client-request-id": "true",
        "x-ms-type": "file",
        "x-ms-version": "2021-10-04"
      },
      "RequestBody": null,
      "StatusCode": 201,
      "ResponseHeaders": {
        "Content-Length": "0",
        "Date": "Wed, 27 Jul 2022 22:36:10 GMT",
        "ETag": "\u00220x8DA702067E7F8DE\u0022",
        "Last-Modified": "Wed, 27 Jul 2022 22:36:11 GMT",
        "Server": [
          "Windows-Azure-File/1.0",
          "Microsoft-HTTPAPI/2.0"
        ],
        "x-ms-client-request-id": "da85fb88-ec85-fc11-8e21-a23f34f09f91",
        "x-ms-file-attributes": "Archive",
        "x-ms-file-change-time": "2022-07-27T22:36:11.0866654Z",
        "x-ms-file-creation-time": "2022-07-27T22:36:11.0866654Z",
        "x-ms-file-id": "11529285414812647424",
        "x-ms-file-last-write-time": "2022-07-27T22:36:11.0866654Z",
        "x-ms-file-parent-id": "13835128424026341376",
        "x-ms-file-permission-key": "17309419537579889063*6383712961487845673",
        "x-ms-request-id": "4b1809cb-301a-008b-4309-a249cd000000",
        "x-ms-request-server-encrypted": "true",
        "x-ms-version": "2021-10-04"
      },
      "ResponseBody": null
    },
    {
      "RequestUri": "https://amandadev3.file.core.windows.net/test-share-6f4b88f7-6166-19f0-9958-287e6453313e/test-directory-0145a37a-f2b7-7d97-bac0-430ece3ea247/test-file-7fddd56e-6496-7972-4c0c-e3da8672d130?sv=2021-10-04\u0026ss=bqtf\u0026srt=soc\u0026se=2022-07-28T22%3A36%3A08Z\u0026sp=rwdylacuptfi\u0026sig=Sanitized",
      "RequestMethod": "HEAD",
      "RequestHeaders": {
        "Accept": "application/xml",
        "traceparent": "00-cad5efe03e7e379c9a6cfa70e0add7a6-e2baa9fa547954b4-00",
        "User-Agent": "azsdk-net-Storage.Files.Shares/12.12.0-alpha.20220727.1 (.NET 6.0.7; Microsoft Windows 10.0.22000)",
        "x-ms-client-request-id": "1322471d-1b36-02c3-01a6-fbe62cfc5148",
        "x-ms-return-client-request-id": "true",
        "x-ms-version": "2021-10-04"
      },
      "RequestBody": null,
      "StatusCode": 200,
      "ResponseHeaders": {
        "Content-Length": "1048576",
        "Content-Type": "application/octet-stream",
        "Date": "Wed, 27 Jul 2022 22:36:10 GMT",
        "ETag": "\u00220x8DA702067E7F8DE\u0022",
        "Last-Modified": "Wed, 27 Jul 2022 22:36:11 GMT",
        "Server": [
          "Windows-Azure-File/1.0",
          "Microsoft-HTTPAPI/2.0"
        ],
        "x-ms-client-request-id": "1322471d-1b36-02c3-01a6-fbe62cfc5148",
        "x-ms-file-attributes": "Archive",
        "x-ms-file-change-time": "2022-07-27T22:36:11.0866654Z",
        "x-ms-file-creation-time": "2022-07-27T22:36:11.0866654Z",
        "x-ms-file-id": "11529285414812647424",
        "x-ms-file-last-write-time": "2022-07-27T22:36:11.0866654Z",
        "x-ms-file-parent-id": "13835128424026341376",
        "x-ms-file-permission-key": "17309419537579889063*6383712961487845673",
        "x-ms-lease-state": "available",
        "x-ms-lease-status": "unlocked",
        "x-ms-request-id": "4b1809cc-301a-008b-4409-a249cd000000",
        "x-ms-server-encrypted": "true",
        "x-ms-type": "File",
        "x-ms-version": "2021-10-04"
      },
      "ResponseBody": null
    },
    {
      "RequestUri": "https://amandadev3.file.core.windows.net/test-share-6f4b88f7-6166-19f0-9958-287e6453313e?restype=share",
      "RequestMethod": "DELETE",
      "RequestHeaders": {
        "Accept": "application/xml",
        "Authorization": "Sanitized",
        "traceparent": "00-631b7022eb8ebd3293f9d852fc7d7b24-b0a7fd2284421f1f-00",
        "User-Agent": "azsdk-net-Storage.Files.Shares/12.12.0-alpha.20220727.1 (.NET 6.0.7; Microsoft Windows 10.0.22000)",
        "x-ms-client-request-id": "ec22d65e-8ccd-2e5a-061a-b596fff95974",
        "x-ms-date": "Wed, 27 Jul 2022 22:36:08 GMT",
        "x-ms-delete-snapshots": "include",
        "x-ms-return-client-request-id": "true",
        "x-ms-version": "2021-10-04"
      },
      "RequestBody": null,
      "StatusCode": 202,
      "ResponseHeaders": {
        "Content-Length": "0",
        "Date": "Wed, 27 Jul 2022 22:36:10 GMT",
        "Server": [
          "Windows-Azure-File/1.0",
          "Microsoft-HTTPAPI/2.0"
        ],
        "x-ms-client-request-id": "ec22d65e-8ccd-2e5a-061a-b596fff95974",
        "x-ms-request-id": "4b1809cd-301a-008b-4509-a249cd000000",
        "x-ms-version": "2021-10-04"
      },
      "ResponseBody": null
    }
  ],
  "Variables": {
    "DateTimeOffsetNow": "2022-07-27T15:36:08.6797936-07:00",
    "RandomSeed": "2098697165",
    "Storage_TestConfigDefault": "ProductionTenant\namandadev3\nU2FuaXRpemVk\nhttps://amandadev3.blob.core.windows.net\nhttps://amandadev3.file.core.windows.net\nhttps://amandadev3.queue.core.windows.net\nhttps://amandadev3.table.core.windows.net\n\n\n\n\nhttps://amandadev3-secondary.core.windows.net\nhttps://amandadev3-secondary.file.core.windows.net\nhttps://amandadev3-secondary.queue.core.windows.net\nhttps://amandadev3-secondary.table.core.windows.net\n\nSanitized\n\n\nCloud\nBlobEndpoint=https://amandadev3.blob.core.windows.net/;QueueEndpoint=https://amandadev3.queue.core.windows.net/;FileEndpoint=https://amandadev3.file.core.windows.net/;BlobSecondaryEndpoint=https://amandadev3-secondary.core.windows.net/;QueueSecondaryEndpoint=https://amandadev3-secondary.queue.core.windows.net/;FileSecondaryEndpoint=https://amandadev3-secondary.file.core.windows.net/;AccountName=amandadev3;AccountKey=Sanitized\nencryptionScope1\n\n"
  }
}
