{
  "Entries": [
    {
      "RequestUri": "https://amandadev3.file.core.windows.net/test-share-2dfb2f79-31df-c860-da41-c11f87e6dae7?restype=share",
      "RequestMethod": "PUT",
      "RequestHeaders": {
        "Accept": "application/xml",
        "Authorization": "Sanitized",
        "Content-Length": "0",
        "traceparent": "00-8547697af07c07897b0d27daca0f7371-9391ea0f1f62b5ab-00",
        "User-Agent": "azsdk-net-Storage.Files.Shares/12.12.0-alpha.20220727.1 (.NET 6.0.7; Microsoft Windows 10.0.22000)",
        "x-ms-client-request-id": "809da7ae-0a8e-f949-1c97-ca1ad881baef",
        "x-ms-date": "Wed, 27 Jul 2022 22:35:59 GMT",
        "x-ms-return-client-request-id": "true",
        "x-ms-version": "2021-10-04"
      },
      "RequestBody": null,
      "StatusCode": 201,
      "ResponseHeaders": {
        "Content-Length": "0",
        "Date": "Wed, 27 Jul 2022 22:36:02 GMT",
        "ETag": "\u00220x8DA702062B69DB3\u0022",
        "Last-Modified": "Wed, 27 Jul 2022 22:36:02 GMT",
        "Server": [
          "Windows-Azure-File/1.0",
          "Microsoft-HTTPAPI/2.0"
        ],
        "x-ms-client-request-id": "809da7ae-0a8e-f949-1c97-ca1ad881baef",
        "x-ms-request-id": "4b180949-301a-008b-6309-a249cd000000",
        "x-ms-version": "2021-10-04"
      },
      "ResponseBody": null
    },
    {
      "RequestUri": "https://amandadev3.file.core.windows.net/test-share-2dfb2f79-31df-c860-da41-c11f87e6dae7/test-directory-3ca1785e-7238-2cc7-1808-576540e58789?restype=directory",
      "RequestMethod": "PUT",
      "RequestHeaders": {
        "Accept": "application/xml",
        "Authorization": "Sanitized",
        "Content-Length": "0",
        "traceparent": "00-2e98511f700fb008e826a00f8d00a34c-1a0f1b519716a509-00",
        "User-Agent": "azsdk-net-Storage.Files.Shares/12.12.0-alpha.20220727.1 (.NET 6.0.7; Microsoft Windows 10.0.22000)",
        "x-ms-client-request-id": "c81d01bf-4dae-3b58-e070-6786b3e4b837",
        "x-ms-date": "Wed, 27 Jul 2022 22:35:59 GMT",
        "x-ms-file-attributes": "None",
        "x-ms-file-creation-time": "Now",
        "x-ms-file-last-write-time": "Now",
        "x-ms-file-permission": "Inherit",
        "x-ms-return-client-request-id": "true",
        "x-ms-version": "2021-10-04"
      },
      "RequestBody": null,
      "StatusCode": 201,
      "ResponseHeaders": {
        "Content-Length": "0",
        "Date": "Wed, 27 Jul 2022 22:36:02 GMT",
        "ETag": "\u00220x8DA702062C2AC85\u0022",
        "Last-Modified": "Wed, 27 Jul 2022 22:36:02 GMT",
        "Server": [
          "Windows-Azure-File/1.0",
          "Microsoft-HTTPAPI/2.0"
        ],
        "x-ms-client-request-id": "c81d01bf-4dae-3b58-e070-6786b3e4b837",
        "x-ms-file-attributes": "Directory",
        "x-ms-file-change-time": "2022-07-27T22:36:02.4536197Z",
        "x-ms-file-creation-time": "2022-07-27T22:36:02.4536197Z",
        "x-ms-file-id": "13835128424026341376",
        "x-ms-file-last-write-time": "2022-07-27T22:36:02.4536197Z",
        "x-ms-file-parent-id": "0",
        "x-ms-file-permission-key": "3480340292393086624*6383712961487845673",
        "x-ms-request-id": "4b18094c-301a-008b-6509-a249cd000000",
        "x-ms-request-server-encrypted": "true",
        "x-ms-version": "2021-10-04"
      },
      "ResponseBody": null
    },
    {
      "RequestUri": "https://amandadev3.file.core.windows.net/test-share-2dfb2f79-31df-c860-da41-c11f87e6dae7/test-directory-3ca1785e-7238-2cc7-1808-576540e58789?sv=2021-10-04\u0026ss=tfb\u0026srt=sco\u0026se=2022-07-28T22%3A36%3A00Z\u0026sp=rwdylacuptfi\u0026sig=Sanitized\u0026restype=directory",
      "RequestMethod": "GET",
      "RequestHeaders": {
        "Accept": "application/xml",
        "traceparent": "00-42184158b735c05ff7caeadf5dc4be88-f9dd4dd44dad4694-00",
        "User-Agent": "azsdk-net-Storage.Files.Shares/12.12.0-alpha.20220727.1 (.NET 6.0.7; Microsoft Windows 10.0.22000)",
        "x-ms-client-request-id": "4260a648-7198-e444-5a18-a8da2c21a78a",
        "x-ms-return-client-request-id": "true",
        "x-ms-version": "2021-10-04"
      },
      "RequestBody": null,
      "StatusCode": 200,
      "ResponseHeaders": {
        "Content-Length": "0",
        "Date": "Wed, 27 Jul 2022 22:36:02 GMT",
        "ETag": "\u00220x8DA702062C2AC85\u0022",
        "Last-Modified": "Wed, 27 Jul 2022 22:36:02 GMT",
        "Server": [
          "Windows-Azure-File/1.0",
          "Microsoft-HTTPAPI/2.0"
        ],
        "x-ms-client-request-id": "4260a648-7198-e444-5a18-a8da2c21a78a",
        "x-ms-file-attributes": "Directory",
        "x-ms-file-change-time": "2022-07-27T22:36:02.4536197Z",
        "x-ms-file-creation-time": "2022-07-27T22:36:02.4536197Z",
        "x-ms-file-id": "13835128424026341376",
        "x-ms-file-last-write-time": "2022-07-27T22:36:02.4536197Z",
        "x-ms-file-parent-id": "0",
        "x-ms-file-permission-key": "3480340292393086624*6383712961487845673",
        "x-ms-request-id": "4b18094d-301a-008b-6609-a249cd000000",
        "x-ms-server-encrypted": "true",
        "x-ms-version": "2021-10-04"
      },
      "ResponseBody": null
    },
    {
      "RequestUri": "https://amandadev3.file.core.windows.net/test-share-2dfb2f79-31df-c860-da41-c11f87e6dae7?restype=share",
      "RequestMethod": "DELETE",
      "RequestHeaders": {
        "Accept": "application/xml",
        "Authorization": "Sanitized",
        "traceparent": "00-05c7a708c40961ea019bf54d861971c7-6857aabc8757dd11-00",
        "User-Agent": "azsdk-net-Storage.Files.Shares/12.12.0-alpha.20220727.1 (.NET 6.0.7; Microsoft Windows 10.0.22000)",
        "x-ms-client-request-id": "edede8ba-67f5-7c83-bec1-e4af15ff3cb5",
        "x-ms-date": "Wed, 27 Jul 2022 22:36:00 GMT",
        "x-ms-delete-snapshots": "include",
        "x-ms-return-client-request-id": "true",
        "x-ms-version": "2021-10-04"
      },
      "RequestBody": null,
      "StatusCode": 202,
      "ResponseHeaders": {
        "Content-Length": "0",
        "Date": "Wed, 27 Jul 2022 22:36:02 GMT",
        "Server": [
          "Windows-Azure-File/1.0",
          "Microsoft-HTTPAPI/2.0"
        ],
        "x-ms-client-request-id": "edede8ba-67f5-7c83-bec1-e4af15ff3cb5",
        "x-ms-request-id": "4b18094e-301a-008b-6709-a249cd000000",
        "x-ms-version": "2021-10-04"
      },
      "ResponseBody": null
    }
  ],
  "Variables": {
    "DateTimeOffsetNow": "2022-07-27T15:36:00.0535043-07:00",
    "RandomSeed": "1859000226",
    "Storage_TestConfigDefault": "ProductionTenant\namandadev3\nU2FuaXRpemVk\nhttps://amandadev3.blob.core.windows.net\nhttps://amandadev3.file.core.windows.net\nhttps://amandadev3.queue.core.windows.net\nhttps://amandadev3.table.core.windows.net\n\n\n\n\nhttps://amandadev3-secondary.core.windows.net\nhttps://amandadev3-secondary.file.core.windows.net\nhttps://amandadev3-secondary.queue.core.windows.net\nhttps://amandadev3-secondary.table.core.windows.net\n\nSanitized\n\n\nCloud\nBlobEndpoint=https://amandadev3.blob.core.windows.net/;QueueEndpoint=https://amandadev3.queue.core.windows.net/;FileEndpoint=https://amandadev3.file.core.windows.net/;BlobSecondaryEndpoint=https://amandadev3-secondary.core.windows.net/;QueueSecondaryEndpoint=https://amandadev3-secondary.queue.core.windows.net/;FileSecondaryEndpoint=https://amandadev3-secondary.file.core.windows.net/;AccountName=amandadev3;AccountKey=Sanitized\nencryptionScope1\n\n"
  }
}
