{
  "Entries": [
    {
      "RequestUri": "https://amandadev3.file.core.windows.net/test-share-e91ba79e-fe4e-2fea-a4c2-a7d40ef49a3b?restype=share",
      "RequestMethod": "PUT",
      "RequestHeaders": {
        "Accept": "application/xml",
        "Authorization": "Sanitized",
        "Content-Length": "0",
        "traceparent": "00-eb588adfb2f5a518e951152c500e881a-4f7450db654048fd-00",
        "User-Agent": "azsdk-net-Storage.Files.Shares/12.12.0-alpha.20220725.1 (.NET 6.0.7; Microsoft Windows 10.0.22000)",
        "x-ms-client-request-id": "eccc4b86-fdb6-4c57-a4ec-480a7089cb0c",
        "x-ms-date": "Tue, 26 Jul 2022 06:19:03 GMT",
        "x-ms-return-client-request-id": "true",
        "x-ms-version": "2021-08-06"
      },
      "RequestBody": null,
      "StatusCode": 201,
      "ResponseHeaders": {
        "Content-Length": "0",
        "Date": "Tue, 26 Jul 2022 06:19:03 GMT",
        "ETag": "\u00220x8DA6ECEBD22577E\u0022",
        "Last-Modified": "Tue, 26 Jul 2022 06:19:04 GMT",
        "Server": [
          "Windows-Azure-File/1.0",
          "Microsoft-HTTPAPI/2.0"
        ],
        "x-ms-client-request-id": "eccc4b86-fdb6-4c57-a4ec-480a7089cb0c",
        "x-ms-request-id": "20a200ac-401a-0075-34b7-a0268c000000",
        "x-ms-version": "2021-08-06"
      },
      "ResponseBody": null
    },
    {
      "RequestUri": "https://amandadev3.file.core.windows.net/test-share-e91ba79e-fe4e-2fea-a4c2-a7d40ef49a3b?sv=2021-08-06\u0026ss=bqtf\u0026srt=sco\u0026se=2022-07-27T06%3A19%3A03Z\u0026sp=cuprwdyla\u0026sig=Sanitized\u0026comp=lease\u0026restype=share",
      "RequestMethod": "PUT",
      "RequestHeaders": {
        "Accept": "application/xml",
        "Content-Length": "0",
        "User-Agent": "azsdk-net-Storage.Files.Shares/12.12.0-alpha.20220725.1 (.NET 6.0.7; Microsoft Windows 10.0.22000)",
        "x-ms-client-request-id": "c34d34ac-ad28-9785-2ff5-2eb60880c027",
        "x-ms-lease-action": "acquire",
        "x-ms-lease-duration": "-1",
        "x-ms-proposed-lease-id": "879dfc7d-2cdc-49f2-9067-3c1856d02db3",
        "x-ms-return-client-request-id": "true",
        "x-ms-version": "2021-08-06"
      },
      "RequestBody": null,
      "StatusCode": 201,
      "ResponseHeaders": {
        "Content-Length": "0",
        "Date": "Tue, 26 Jul 2022 06:19:03 GMT",
        "ETag": "\u00220x8DA6ECEBD22577E\u0022",
        "Last-Modified": "Tue, 26 Jul 2022 06:19:04 GMT",
        "Server": [
          "Windows-Azure-File/1.0",
          "Microsoft-HTTPAPI/2.0"
        ],
        "x-ms-client-request-id": "c34d34ac-ad28-9785-2ff5-2eb60880c027",
        "x-ms-lease-id": "879dfc7d-2cdc-49f2-9067-3c1856d02db3",
        "x-ms-request-id": "20a200ae-401a-0075-35b7-a0268c000000",
        "x-ms-version": "2021-08-06"
      },
      "ResponseBody": null
    },
    {
      "RequestUri": "https://amandadev3.file.core.windows.net/test-share-e91ba79e-fe4e-2fea-a4c2-a7d40ef49a3b?sv=2021-08-06\u0026ss=bqtf\u0026srt=sco\u0026se=2022-07-27T06%3A19%3A03Z\u0026sp=cuprwdyla\u0026sig=Sanitized\u0026comp=lease\u0026restype=share",
      "RequestMethod": "PUT",
      "RequestHeaders": {
        "Accept": "application/xml",
        "Content-Length": "0",
        "User-Agent": "azsdk-net-Storage.Files.Shares/12.12.0-alpha.20220725.1 (.NET 6.0.7; Microsoft Windows 10.0.22000)",
        "x-ms-client-request-id": "3b5d1f6b-083b-67e4-809b-736968cc459b",
        "x-ms-lease-action": "break",
        "x-ms-return-client-request-id": "true",
        "x-ms-version": "2021-08-06"
      },
      "RequestBody": null,
      "StatusCode": 202,
      "ResponseHeaders": {
        "Content-Length": "0",
        "Date": "Tue, 26 Jul 2022 06:19:03 GMT",
        "ETag": "\u00220x8DA6ECEBD22577E\u0022",
        "Last-Modified": "Tue, 26 Jul 2022 06:19:04 GMT",
        "Server": [
          "Windows-Azure-File/1.0",
          "Microsoft-HTTPAPI/2.0"
        ],
        "x-ms-client-request-id": "3b5d1f6b-083b-67e4-809b-736968cc459b",
        "x-ms-lease-time": "0",
        "x-ms-request-id": "20a200af-401a-0075-36b7-a0268c000000",
        "x-ms-version": "2021-08-06"
      },
      "ResponseBody": null
    },
    {
      "RequestUri": "https://amandadev3.file.core.windows.net/test-share-e91ba79e-fe4e-2fea-a4c2-a7d40ef49a3b?restype=share",
      "RequestMethod": "DELETE",
      "RequestHeaders": {
        "Accept": "application/xml",
        "Authorization": "Sanitized",
        "traceparent": "00-05e5cea541e6537025f93d74a2c8e2e2-ecc43f06f85cdf66-00",
        "User-Agent": "azsdk-net-Storage.Files.Shares/12.12.0-alpha.20220725.1 (.NET 6.0.7; Microsoft Windows 10.0.22000)",
        "x-ms-client-request-id": "e84ba17c-8422-d6eb-3a55-28adfeaa88fc",
        "x-ms-date": "Tue, 26 Jul 2022 06:19:03 GMT",
        "x-ms-delete-snapshots": "include",
        "x-ms-return-client-request-id": "true",
        "x-ms-version": "2021-08-06"
      },
      "RequestBody": null,
      "StatusCode": 202,
      "ResponseHeaders": {
        "Content-Length": "0",
        "Date": "Tue, 26 Jul 2022 06:19:03 GMT",
        "Server": [
          "Windows-Azure-File/1.0",
          "Microsoft-HTTPAPI/2.0"
        ],
        "x-ms-client-request-id": "e84ba17c-8422-d6eb-3a55-28adfeaa88fc",
        "x-ms-request-id": "20a200b0-401a-0075-37b7-a0268c000000",
        "x-ms-version": "2021-08-06"
      },
      "ResponseBody": null
    }
  ],
  "Variables": {
    "DateTimeOffsetNow": "2022-07-25T23:19:03.6163840-07:00",
    "RandomSeed": "1054997627",
    "Storage_TestConfigDefault": "ProductionTenant\namandadev3\nU2FuaXRpemVk\nhttps://amandadev3.blob.core.windows.net\nhttps://amandadev3.file.core.windows.net\nhttps://amandadev3.queue.core.windows.net\nhttps://amandadev3.table.core.windows.net\n\n\n\n\nhttps://amandadev3-secondary.core.windows.net\nhttps://amandadev3-secondary.file.core.windows.net\nhttps://amandadev3-secondary.queue.core.windows.net\nhttps://amandadev3-secondary.table.core.windows.net\n\nSanitized\n\n\nCloud\nBlobEndpoint=https://amandadev3.blob.core.windows.net/;QueueEndpoint=https://amandadev3.queue.core.windows.net/;FileEndpoint=https://amandadev3.file.core.windows.net/;BlobSecondaryEndpoint=https://amandadev3-secondary.core.windows.net/;QueueSecondaryEndpoint=https://amandadev3-secondary.queue.core.windows.net/;FileSecondaryEndpoint=https://amandadev3-secondary.file.core.windows.net/;AccountName=amandadev3;AccountKey=Sanitized\nencryptionScope1\n\n"
  }
}
