{
  "Entries": [
    {
      "RequestUri": "/subscriptions/964c10bb-8a6c-43bc-83d3-6b318c6c7305/resourcegroups/hdi294?api-version=2016-09-01",
      "EncodedRequestUri": "L3N1YnNjcmlwdGlvbnMvOTY0YzEwYmItOGE2Yy00M2JjLTgzZDMtNmIzMThjNmM3MzA1L3Jlc291cmNlZ3JvdXBzL2hkaTI5ND9hcGktdmVyc2lvbj0yMDE2LTA5LTAx",
      "RequestMethod": "PUT",
      "RequestBody": "{\r\n  \"location\": \"West US\"\r\n}",
      "RequestHeaders": {
        "Content-Type": [
          "application/json; charset=utf-8"
        ],
        "Content-Length": [
          "29"
        ],
        "x-ms-client-request-id": [
          "31bd3e0c-8361-4f63-b92d-8d207ce822c6"
        ],
        "accept-language": [
          "en-US"
        ],
        "User-Agent": [
          "FxVersion/4.6.25009.01",
          "Microsoft.Azure.Management.ResourceManager.ResourceManagementClient/1.4.0-preview"
        ]
      },
      "ResponseBody": "{\r\n  \"id\": \"/subscriptions/964c10bb-8a6c-43bc-83d3-6b318c6c7305/resourceGroups/hdi294\",\r\n  \"name\": \"hdi294\",\r\n  \"location\": \"westus\",\r\n  \"properties\": {\r\n    \"provisioningState\": \"Succeeded\"\r\n  }\r\n}",
      "ResponseHeaders": {
        "Content-Length": [
          "165"
        ],
        "Content-Type": [
          "application/json; charset=utf-8"
        ],
        "Expires": [
          "-1"
        ],
        "Cache-Control": [
          "no-cache"
        ],
        "Date": [
          "Thu, 04 Apr 2019 03:23:16 GMT"
        ],
        "Pragma": [
          "no-cache"
        ],
        "x-ms-ratelimit-remaining-subscription-writes": [
          "1199"
        ],
        "x-ms-request-id": [
          "c4a4158a-ba0d-46e9-8399-4430073c170f"
        ],
        "x-ms-correlation-request-id": [
          "c4a4158a-ba0d-46e9-8399-4430073c170f"
        ],
        "x-ms-routing-request-id": [
          "JAPANEAST:20190404T032316Z:c4a4158a-ba0d-46e9-8399-4430073c170f"
        ],
        "Strict-Transport-Security": [
          "max-age=31536000; includeSubDomains"
        ],
        "X-Content-Type-Options": [
          "nosniff"
        ]
      },
      "StatusCode": 201
    },
    {
      "RequestUri": "/subscriptions/964c10bb-8a6c-43bc-83d3-6b318c6c7305/resourceGroups/hdi294/providers/Microsoft.HDInsight/clusters/hdisdk-httptest4?api-version=2015-03-01-preview",
      "EncodedRequestUri": "L3N1YnNjcmlwdGlvbnMvOTY0YzEwYmItOGE2Yy00M2JjLTgzZDMtNmIzMThjNmM3MzA1L3Jlc291cmNlR3JvdXBzL2hkaTI5NC9wcm92aWRlcnMvTWljcm9zb2Z0LkhESW5zaWdodC9jbHVzdGVycy9oZGlzZGstaHR0cHRlc3Q0P2FwaS12ZXJzaW9uPTIwMTUtMDMtMDEtcHJldmlldw==",
      "RequestMethod": "PUT",
      "RequestBody": "{\r\n  \"location\": \"North Central US\",\r\n  \"properties\": {\r\n    \"clusterVersion\": \"3.6\",\r\n    \"osType\": \"Linux\",\r\n    \"tier\": \"Standard\",\r\n    \"clusterDefinition\": {\r\n      \"kind\": \"Hadoop\",\r\n      \"componentVersion\": {},\r\n      \"configurations\": {\r\n        \"core-site\": {\r\n          \"fs.defaultFS\": \"wasb://hdisdk-httptest4@test.blob.core.windows.net\",\r\n          \"fs.azure.account.key.test.blob.core.windows.net\": \"testxxyyzz\"\r\n        },\r\n        \"gateway\": {\r\n          \"restAuthCredential.isEnabled\": \"true\",\r\n          \"restAuthCredential.username\": \"admin\",\r\n          \"restAuthCredential.password\": \"test123!\"\r\n        }\r\n      }\r\n    },\r\n    \"computeProfile\": {\r\n      \"roles\": [\r\n        {\r\n          \"name\": \"headnode\",\r\n          \"targetInstanceCount\": 2,\r\n          \"hardwareProfile\": {\r\n            \"vmSize\": \"Standard_D3\"\r\n          },\r\n          \"osProfile\": {\r\n            \"linuxOperatingSystemProfile\": {\r\n              \"username\": \"sshuser\",\r\n              \"password\": \"test123!\"\r\n            }\r\n          }\r\n        },\r\n        {\r\n          \"name\": \"workernode\",\r\n          \"targetInstanceCount\": 3,\r\n          \"hardwareProfile\": {\r\n            \"vmSize\": \"Large\"\r\n          },\r\n          \"osProfile\": {\r\n            \"linuxOperatingSystemProfile\": {\r\n              \"username\": \"sshuser\",\r\n              \"password\": \"test123!\"\r\n            }\r\n          }\r\n        },\r\n        {\r\n          \"name\": \"zookeepernode\",\r\n          \"targetInstanceCount\": 3,\r\n          \"hardwareProfile\": {\r\n            \"vmSize\": \"Small\"\r\n          },\r\n          \"osProfile\": {\r\n            \"linuxOperatingSystemProfile\": {\r\n              \"username\": \"sshuser\",\r\n              \"password\": \"test123!\"\r\n            }\r\n          }\r\n        }\r\n      ]\r\n    }\r\n  }\r\n}",
      "RequestHeaders": {
        "Content-Type": [
          "application/json"
        ],
        "Content-Length": [
          "1879"
        ],
        "User-Agent": [
          "ARM",
          "SDK",
          "v2.1.0"
        ]
      },
      "ResponseBody": "{\r\n  \"id\": \"/subscriptions/964c10bb-8a6c-43bc-83d3-6b318c6c7305/resourceGroups/hdi294/providers/Microsoft.HDInsight/clusters/hdisdk-httptest4\",\r\n  \"name\": \"hdisdk-httptest4\",\r\n  \"type\": \"Microsoft.HDInsight/clusters\",\r\n  \"location\": \"North Central US\",\r\n  \"etag\": \"68170bb6-05a2-4f4b-84a7-3206ebc71c20\",\r\n  \"tags\": null,\r\n  \"properties\": {\r\n    \"clusterVersion\": \"3.6.1000.67\",\r\n    \"clusterHdpVersion\": \"\",\r\n    \"osType\": \"Linux\",\r\n    \"clusterDefinition\": {\r\n      \"blueprint\": \"https://blueprints.azurehdinsight.net/hadoop-3.6.1000.67.1903060535.json\",\r\n      \"kind\": \"Hadoop\",\r\n      \"componentVersion\": {\r\n        \"Hadoop\": \"2.7\"\r\n      }\r\n    },\r\n    \"computeProfile\": {\r\n      \"roles\": [\r\n        {\r\n          \"name\": \"headnode\",\r\n          \"targetInstanceCount\": 2,\r\n          \"hardwareProfile\": {\r\n            \"vmSize\": \"Standard_D3\"\r\n          },\r\n          \"osProfile\": {\r\n            \"linuxOperatingSystemProfile\": {\r\n              \"username\": \"sshuser\"\r\n            }\r\n          },\r\n          \"encryptDataDisks\": false\r\n        },\r\n        {\r\n          \"name\": \"workernode\",\r\n          \"targetInstanceCount\": 3,\r\n          \"hardwareProfile\": {\r\n            \"vmSize\": \"Large\"\r\n          },\r\n          \"osProfile\": {\r\n            \"linuxOperatingSystemProfile\": {\r\n              \"username\": \"sshuser\"\r\n            }\r\n          },\r\n          \"encryptDataDisks\": false\r\n        },\r\n        {\r\n          \"name\": \"zookeepernode\",\r\n          \"targetInstanceCount\": 3,\r\n          \"hardwareProfile\": {\r\n            \"vmSize\": \"Medium\"\r\n          },\r\n          \"osProfile\": {\r\n            \"linuxOperatingSystemProfile\": {\r\n              \"username\": \"sshuser\"\r\n            }\r\n          },\r\n          \"encryptDataDisks\": false\r\n        }\r\n      ]\r\n    },\r\n    \"provisioningState\": \"InProgress\",\r\n    \"clusterState\": \"Accepted\",\r\n    \"createdDate\": \"2019-04-04T03:23:23.673\",\r\n    \"quotaInfo\": {\r\n      \"coresUsed\": 20\r\n    },\r\n    \"tier\": \"standard\"\r\n  }\r\n}",
      "ResponseHeaders": {
        "Content-Type": [
          "application/json; charset=utf-8"
        ],
        "Expires": [
          "-1"
        ],
        "Cache-Control": [
          "no-cache"
        ],
        "Date": [
          "Thu, 04 Apr 2019 03:23:24 GMT"
        ],
        "Pragma": [
          "no-cache"
        ],
        "Transfer-Encoding": [
          "chunked"
        ],
        "ETag": [
          "\"68170bb6-05a2-4f4b-84a7-3206ebc71c20\""
        ],
        "Vary": [
          "Accept-Encoding"
        ],
        "x-ms-hdi-matched-rule": [
          "ClusterResourcesAndSubResources"
        ],
        "x-ms-hdi-routed-to": [
          "RegionalRp"
        ],
        "x-ms-hdi-clusteruri": [
          "https://management.azure.com/subscriptions/964c10bb-8a6c-43bc-83d3-6b318c6c7305/resourceGroups/hdi294/providers/Microsoft.HDInsight/clusters/hdisdk-httptest4?api-version=2015-03-01-preview"
        ],
        "Azure-AsyncOperation": [
          "https://management.azure.com/subscriptions/964c10bb-8a6c-43bc-83d3-6b318c6c7305/resourceGroups/hdi294/providers/Microsoft.HDInsight/clusters/hdisdk-httptest4/azureasyncoperations/create?api-version=2015-03-01-preview"
        ],
        "x-ms-request-id": [
          "a9cd35dc-9cc1-4bfb-81f3-17799a4ab529"
        ],
        "x-ms-hdi-served-by": [
          "northcentralus"
        ],
        "x-ms-correlation-request-id": [
          "244a5983-078e-4f6a-a32a-f75cfb0aa546"
        ],
        "Strict-Transport-Security": [
          "max-age=31536000; includeSubDomains"
        ],
        "x-ms-ratelimit-remaining-subscription-writes": [
          "1198"
        ],
        "x-ms-routing-request-id": [
          "JAPANEAST:20190404T032324Z:244a5983-078e-4f6a-a32a-f75cfb0aa546"
        ],
        "X-Content-Type-Options": [
          "nosniff"
        ]
      },
      "StatusCode": 200
    },
    {
      "RequestUri": "/subscriptions/964c10bb-8a6c-43bc-83d3-6b318c6c7305/resourceGroups/hdi294/providers/Microsoft.HDInsight/clusters/hdisdk-httptest4?api-version=2015-03-01-preview",
      "EncodedRequestUri": "L3N1YnNjcmlwdGlvbnMvOTY0YzEwYmItOGE2Yy00M2JjLTgzZDMtNmIzMThjNmM3MzA1L3Jlc291cmNlR3JvdXBzL2hkaTI5NC9wcm92aWRlcnMvTWljcm9zb2Z0LkhESW5zaWdodC9jbHVzdGVycy9oZGlzZGstaHR0cHRlc3Q0P2FwaS12ZXJzaW9uPTIwMTUtMDMtMDEtcHJldmlldw==",
      "RequestMethod": "GET",
      "RequestBody": "",
      "RequestHeaders": {
        "User-Agent": [
          "ARM",
          "SDK",
          "v2.1.0"
        ]
      },
      "ResponseBody": "{\r\n  \"id\": \"/subscriptions/964c10bb-8a6c-43bc-83d3-6b318c6c7305/resourceGroups/hdi294/providers/Microsoft.HDInsight/clusters/hdisdk-httptest4\",\r\n  \"name\": \"hdisdk-httptest4\",\r\n  \"type\": \"Microsoft.HDInsight/clusters\",\r\n  \"location\": \"North Central US\",\r\n  \"etag\": \"68170bb6-05a2-4f4b-84a7-3206ebc71c20\",\r\n  \"tags\": null,\r\n  \"properties\": {\r\n    \"clusterVersion\": \"3.6.1000.67\",\r\n    \"clusterHdpVersion\": \"\",\r\n    \"osType\": \"Linux\",\r\n    \"clusterDefinition\": {\r\n      \"blueprint\": \"https://blueprints.azurehdinsight.net/hadoop-3.6.1000.67.1903060535.json\",\r\n      \"kind\": \"Hadoop\",\r\n      \"componentVersion\": {\r\n        \"Hadoop\": \"2.7\"\r\n      }\r\n    },\r\n    \"computeProfile\": {\r\n      \"roles\": [\r\n        {\r\n          \"name\": \"headnode\",\r\n          \"targetInstanceCount\": 2,\r\n          \"hardwareProfile\": {\r\n            \"vmSize\": \"Standard_D3\"\r\n          },\r\n          \"osProfile\": {\r\n            \"linuxOperatingSystemProfile\": {\r\n              \"username\": \"sshuser\"\r\n            }\r\n          },\r\n          \"encryptDataDisks\": false\r\n        },\r\n        {\r\n          \"name\": \"workernode\",\r\n          \"targetInstanceCount\": 3,\r\n          \"hardwareProfile\": {\r\n            \"vmSize\": \"Large\"\r\n          },\r\n          \"osProfile\": {\r\n            \"linuxOperatingSystemProfile\": {\r\n              \"username\": \"sshuser\"\r\n            }\r\n          },\r\n          \"encryptDataDisks\": false\r\n        },\r\n        {\r\n          \"name\": \"zookeepernode\",\r\n          \"targetInstanceCount\": 3,\r\n          \"hardwareProfile\": {\r\n            \"vmSize\": \"Medium\"\r\n          },\r\n          \"osProfile\": {\r\n            \"linuxOperatingSystemProfile\": {\r\n              \"username\": \"sshuser\"\r\n            }\r\n          },\r\n          \"encryptDataDisks\": false\r\n        }\r\n      ]\r\n    },\r\n    \"provisioningState\": \"InProgress\",\r\n    \"clusterState\": \"Accepted\",\r\n    \"createdDate\": \"2019-04-04T03:23:23.673\",\r\n    \"quotaInfo\": {\r\n      \"coresUsed\": 20\r\n    },\r\n    \"tier\": \"standard\"\r\n  }\r\n}",
      "ResponseHeaders": {
        "Content-Type": [
          "application/json; charset=utf-8"
        ],
        "Expires": [
          "-1"
        ],
        "Cache-Control": [
          "no-cache"
        ],
        "Date": [
          "Thu, 04 Apr 2019 03:23:25 GMT"
        ],
        "Pragma": [
          "no-cache"
        ],
        "Transfer-Encoding": [
          "chunked"
        ],
        "Vary": [
          "Accept-Encoding"
        ],
        "x-ms-hdi-matched-rule": [
          "ClusterResourcesAndSubResources"
        ],
        "x-ms-hdi-routed-to": [
          "RegionalRp"
        ],
        "x-ms-request-id": [
          "3242b923-975d-4031-af98-21d99fea6747"
        ],
        "x-ms-hdi-served-by": [
          "northcentralus"
        ],
        "x-ms-correlation-request-id": [
          "f39d04fc-c7a1-483e-8dc0-8075033d3837"
        ],
        "Strict-Transport-Security": [
          "max-age=31536000; includeSubDomains"
        ],
        "x-ms-ratelimit-remaining-subscription-reads": [
          "11999"
        ],
        "x-ms-routing-request-id": [
          "JAPANEAST:20190404T032325Z:f39d04fc-c7a1-483e-8dc0-8075033d3837"
        ],
        "X-Content-Type-Options": [
          "nosniff"
        ]
      },
      "StatusCode": 200
    },
    {
      "RequestUri": "/subscriptions/964c10bb-8a6c-43bc-83d3-6b318c6c7305/resourceGroups/hdi294/providers/Microsoft.HDInsight/clusters/hdisdk-httptest4?api-version=2015-03-01-preview",
      "EncodedRequestUri": "L3N1YnNjcmlwdGlvbnMvOTY0YzEwYmItOGE2Yy00M2JjLTgzZDMtNmIzMThjNmM3MzA1L3Jlc291cmNlR3JvdXBzL2hkaTI5NC9wcm92aWRlcnMvTWljcm9zb2Z0LkhESW5zaWdodC9jbHVzdGVycy9oZGlzZGstaHR0cHRlc3Q0P2FwaS12ZXJzaW9uPTIwMTUtMDMtMDEtcHJldmlldw==",
      "RequestMethod": "GET",
      "RequestBody": "",
      "RequestHeaders": {
        "User-Agent": [
          "ARM",
          "SDK",
          "v2.1.0"
        ]
      },
      "ResponseBody": "{\r\n  \"id\": \"/subscriptions/964c10bb-8a6c-43bc-83d3-6b318c6c7305/resourceGroups/hdi294/providers/Microsoft.HDInsight/clusters/hdisdk-httptest4\",\r\n  \"name\": \"hdisdk-httptest4\",\r\n  \"type\": \"Microsoft.HDInsight/clusters\",\r\n  \"location\": \"North Central US\",\r\n  \"etag\": \"68170bb6-05a2-4f4b-84a7-3206ebc71c20\",\r\n  \"tags\": null,\r\n  \"properties\": {\r\n    \"clusterVersion\": \"3.6.1000.67\",\r\n    \"clusterHdpVersion\": \"\",\r\n    \"osType\": \"Linux\",\r\n    \"clusterDefinition\": {\r\n      \"blueprint\": \"https://blueprints.azurehdinsight.net/hadoop-3.6.1000.67.1903060535.json\",\r\n      \"kind\": \"Hadoop\",\r\n      \"componentVersion\": {\r\n        \"Hadoop\": \"2.7\"\r\n      }\r\n    },\r\n    \"computeProfile\": {\r\n      \"roles\": [\r\n        {\r\n          \"name\": \"headnode\",\r\n          \"targetInstanceCount\": 2,\r\n          \"hardwareProfile\": {\r\n            \"vmSize\": \"Standard_D3_v2\"\r\n          },\r\n          \"osProfile\": {\r\n            \"linuxOperatingSystemProfile\": {\r\n              \"username\": \"sshuser\"\r\n            }\r\n          },\r\n          \"encryptDataDisks\": false\r\n        },\r\n        {\r\n          \"name\": \"workernode\",\r\n          \"targetInstanceCount\": 3,\r\n          \"hardwareProfile\": {\r\n            \"vmSize\": \"Large\"\r\n          },\r\n          \"osProfile\": {\r\n            \"linuxOperatingSystemProfile\": {\r\n              \"username\": \"sshuser\"\r\n            }\r\n          },\r\n          \"encryptDataDisks\": false\r\n        },\r\n        {\r\n          \"name\": \"zookeepernode\",\r\n          \"targetInstanceCount\": 3,\r\n          \"hardwareProfile\": {\r\n            \"vmSize\": \"Medium\"\r\n          },\r\n          \"osProfile\": {\r\n            \"linuxOperatingSystemProfile\": {\r\n              \"username\": \"sshuser\"\r\n            }\r\n          },\r\n          \"encryptDataDisks\": false\r\n        }\r\n      ]\r\n    },\r\n    \"provisioningState\": \"InProgress\",\r\n    \"clusterState\": \"ClusterStorageConfiguration\",\r\n    \"createdDate\": \"2019-04-04T03:23:23.673\",\r\n    \"quotaInfo\": {\r\n      \"coresUsed\": 20\r\n    },\r\n    \"connectivityEndpoints\": [\r\n      {\r\n        \"name\": \"SSH\",\r\n        \"protocol\": \"TCP\",\r\n        \"location\": \"hdisdk-httptest4-ssh.azurehdinsight.net\",\r\n        \"port\": 22\r\n      },\r\n      {\r\n        \"name\": \"HTTPS\",\r\n        \"protocol\": \"TCP\",\r\n        \"location\": \"hdisdk-httptest4.azurehdinsight.net\",\r\n        \"port\": 443\r\n      }\r\n    ],\r\n    \"tier\": \"standard\"\r\n  }\r\n}",
      "ResponseHeaders": {
        "Content-Type": [
          "application/json; charset=utf-8"
        ],
        "Expires": [
          "-1"
        ],
        "Cache-Control": [
          "no-cache"
        ],
        "Date": [
          "Thu, 04 Apr 2019 03:24:26 GMT"
        ],
        "Pragma": [
          "no-cache"
        ],
        "Transfer-Encoding": [
          "chunked"
        ],
        "Vary": [
          "Accept-Encoding"
        ],
        "x-ms-hdi-matched-rule": [
          "ClusterResourcesAndSubResources"
        ],
        "x-ms-hdi-routed-to": [
          "RegionalRp"
        ],
        "x-ms-request-id": [
          "aab9080e-4a14-4512-9c41-08dcf2bbc6b4"
        ],
        "x-ms-hdi-served-by": [
          "northcentralus"
        ],
        "x-ms-correlation-request-id": [
          "80f04cf6-4b2d-4142-bee4-41dbcff1c88b"
        ],
        "Strict-Transport-Security": [
          "max-age=31536000; includeSubDomains"
        ],
        "x-ms-ratelimit-remaining-subscription-reads": [
          "11999"
        ],
        "x-ms-routing-request-id": [
          "JAPANEAST:20190404T032427Z:80f04cf6-4b2d-4142-bee4-41dbcff1c88b"
        ],
        "X-Content-Type-Options": [
          "nosniff"
        ]
      },
      "StatusCode": 200
    },
    {
      "RequestUri": "/subscriptions/964c10bb-8a6c-43bc-83d3-6b318c6c7305/resourceGroups/hdi294/providers/Microsoft.HDInsight/clusters/hdisdk-httptest4?api-version=2015-03-01-preview",
      "EncodedRequestUri": "L3N1YnNjcmlwdGlvbnMvOTY0YzEwYmItOGE2Yy00M2JjLTgzZDMtNmIzMThjNmM3MzA1L3Jlc291cmNlR3JvdXBzL2hkaTI5NC9wcm92aWRlcnMvTWljcm9zb2Z0LkhESW5zaWdodC9jbHVzdGVycy9oZGlzZGstaHR0cHRlc3Q0P2FwaS12ZXJzaW9uPTIwMTUtMDMtMDEtcHJldmlldw==",
      "RequestMethod": "GET",
      "RequestBody": "",
      "RequestHeaders": {
        "User-Agent": [
          "ARM",
          "SDK",
          "v2.1.0"
        ]
      },
      "ResponseBody": "{\r\n  \"id\": \"/subscriptions/964c10bb-8a6c-43bc-83d3-6b318c6c7305/resourceGroups/hdi294/providers/Microsoft.HDInsight/clusters/hdisdk-httptest4\",\r\n  \"name\": \"hdisdk-httptest4\",\r\n  \"type\": \"Microsoft.HDInsight/clusters\",\r\n  \"location\": \"North Central US\",\r\n  \"etag\": \"68170bb6-05a2-4f4b-84a7-3206ebc71c20\",\r\n  \"tags\": null,\r\n  \"properties\": {\r\n    \"clusterVersion\": \"3.6.1000.67\",\r\n    \"clusterHdpVersion\": \"\",\r\n    \"osType\": \"Linux\",\r\n    \"clusterDefinition\": {\r\n      \"blueprint\": \"https://blueprints.azurehdinsight.net/hadoop-3.6.1000.67.1903060535.json\",\r\n      \"kind\": \"Hadoop\",\r\n      \"componentVersion\": {\r\n        \"Hadoop\": \"2.7\"\r\n      }\r\n    },\r\n    \"computeProfile\": {\r\n      \"roles\": [\r\n        {\r\n          \"name\": \"headnode\",\r\n          \"targetInstanceCount\": 2,\r\n          \"hardwareProfile\": {\r\n            \"vmSize\": \"Standard_D3_v2\"\r\n          },\r\n          \"osProfile\": {\r\n            \"linuxOperatingSystemProfile\": {\r\n              \"username\": \"sshuser\"\r\n            }\r\n          },\r\n          \"encryptDataDisks\": false\r\n        },\r\n        {\r\n          \"name\": \"workernode\",\r\n          \"targetInstanceCount\": 3,\r\n          \"hardwareProfile\": {\r\n            \"vmSize\": \"Large\"\r\n          },\r\n          \"osProfile\": {\r\n            \"linuxOperatingSystemProfile\": {\r\n              \"username\": \"sshuser\"\r\n            }\r\n          },\r\n          \"encryptDataDisks\": false\r\n        },\r\n        {\r\n          \"name\": \"zookeepernode\",\r\n          \"targetInstanceCount\": 3,\r\n          \"hardwareProfile\": {\r\n            \"vmSize\": \"Medium\"\r\n          },\r\n          \"osProfile\": {\r\n            \"linuxOperatingSystemProfile\": {\r\n              \"username\": \"sshuser\"\r\n            }\r\n          },\r\n          \"encryptDataDisks\": false\r\n        }\r\n      ]\r\n    },\r\n    \"provisioningState\": \"InProgress\",\r\n    \"clusterState\": \"AzureVMConfiguration\",\r\n    \"createdDate\": \"2019-04-04T03:23:23.673\",\r\n    \"quotaInfo\": {\r\n      \"coresUsed\": 20\r\n    },\r\n    \"connectivityEndpoints\": [\r\n      {\r\n        \"name\": \"SSH\",\r\n        \"protocol\": \"TCP\",\r\n        \"location\": \"hdisdk-httptest4-ssh.azurehdinsight.net\",\r\n        \"port\": 22\r\n      },\r\n      {\r\n        \"name\": \"HTTPS\",\r\n        \"protocol\": \"TCP\",\r\n        \"location\": \"hdisdk-httptest4.azurehdinsight.net\",\r\n        \"port\": 443\r\n      }\r\n    ],\r\n    \"tier\": \"standard\"\r\n  }\r\n}",
      "ResponseHeaders": {
        "Content-Type": [
          "application/json; charset=utf-8"
        ],
        "Expires": [
          "-1"
        ],
        "Cache-Control": [
          "no-cache"
        ],
        "Date": [
          "Thu, 04 Apr 2019 03:25:28 GMT"
        ],
        "Pragma": [
          "no-cache"
        ],
        "Transfer-Encoding": [
          "chunked"
        ],
        "Vary": [
          "Accept-Encoding"
        ],
        "x-ms-hdi-matched-rule": [
          "ClusterResourcesAndSubResources"
        ],
        "x-ms-hdi-routed-to": [
          "RegionalRp"
        ],
        "x-ms-request-id": [
          "0836ec0b-1a48-4424-9762-93a3a23a2cb6"
        ],
        "x-ms-hdi-served-by": [
          "northcentralus"
        ],
        "x-ms-correlation-request-id": [
          "2e434550-8145-4ec3-afee-62ac3729aad2"
        ],
        "Strict-Transport-Security": [
          "max-age=31536000; includeSubDomains"
        ],
        "x-ms-ratelimit-remaining-subscription-reads": [
          "11998"
        ],
        "x-ms-routing-request-id": [
          "JAPANEAST:20190404T032528Z:2e434550-8145-4ec3-afee-62ac3729aad2"
        ],
        "X-Content-Type-Options": [
          "nosniff"
        ]
      },
      "StatusCode": 200
    },
    {
      "RequestUri": "/subscriptions/964c10bb-8a6c-43bc-83d3-6b318c6c7305/resourceGroups/hdi294/providers/Microsoft.HDInsight/clusters/hdisdk-httptest4?api-version=2015-03-01-preview",
      "EncodedRequestUri": "L3N1YnNjcmlwdGlvbnMvOTY0YzEwYmItOGE2Yy00M2JjLTgzZDMtNmIzMThjNmM3MzA1L3Jlc291cmNlR3JvdXBzL2hkaTI5NC9wcm92aWRlcnMvTWljcm9zb2Z0LkhESW5zaWdodC9jbHVzdGVycy9oZGlzZGstaHR0cHRlc3Q0P2FwaS12ZXJzaW9uPTIwMTUtMDMtMDEtcHJldmlldw==",
      "RequestMethod": "GET",
      "RequestBody": "",
      "RequestHeaders": {
        "User-Agent": [
          "ARM",
          "SDK",
          "v2.1.0"
        ]
      },
      "ResponseBody": "{\r\n  \"id\": \"/subscriptions/964c10bb-8a6c-43bc-83d3-6b318c6c7305/resourceGroups/hdi294/providers/Microsoft.HDInsight/clusters/hdisdk-httptest4\",\r\n  \"name\": \"hdisdk-httptest4\",\r\n  \"type\": \"Microsoft.HDInsight/clusters\",\r\n  \"location\": \"North Central US\",\r\n  \"etag\": \"68170bb6-05a2-4f4b-84a7-3206ebc71c20\",\r\n  \"tags\": null,\r\n  \"properties\": {\r\n    \"clusterVersion\": \"3.6.1000.67\",\r\n    \"clusterHdpVersion\": \"\",\r\n    \"osType\": \"Linux\",\r\n    \"clusterDefinition\": {\r\n      \"blueprint\": \"https://blueprints.azurehdinsight.net/hadoop-3.6.1000.67.1903060535.json\",\r\n      \"kind\": \"Hadoop\",\r\n      \"componentVersion\": {\r\n        \"Hadoop\": \"2.7\"\r\n      }\r\n    },\r\n    \"computeProfile\": {\r\n      \"roles\": [\r\n        {\r\n          \"name\": \"headnode\",\r\n          \"targetInstanceCount\": 2,\r\n          \"hardwareProfile\": {\r\n            \"vmSize\": \"Standard_D3_v2\"\r\n          },\r\n          \"osProfile\": {\r\n            \"linuxOperatingSystemProfile\": {\r\n              \"username\": \"sshuser\"\r\n            }\r\n          },\r\n          \"encryptDataDisks\": false\r\n        },\r\n        {\r\n          \"name\": \"workernode\",\r\n          \"targetInstanceCount\": 3,\r\n          \"hardwareProfile\": {\r\n            \"vmSize\": \"Large\"\r\n          },\r\n          \"osProfile\": {\r\n            \"linuxOperatingSystemProfile\": {\r\n              \"username\": \"sshuser\"\r\n            }\r\n          },\r\n          \"encryptDataDisks\": false\r\n        },\r\n        {\r\n          \"name\": \"zookeepernode\",\r\n          \"targetInstanceCount\": 3,\r\n          \"hardwareProfile\": {\r\n            \"vmSize\": \"Medium\"\r\n          },\r\n          \"osProfile\": {\r\n            \"linuxOperatingSystemProfile\": {\r\n              \"username\": \"sshuser\"\r\n            }\r\n          },\r\n          \"encryptDataDisks\": false\r\n        }\r\n      ]\r\n    },\r\n    \"provisioningState\": \"InProgress\",\r\n    \"clusterState\": \"AzureVMConfiguration\",\r\n    \"createdDate\": \"2019-04-04T03:23:23.673\",\r\n    \"quotaInfo\": {\r\n      \"coresUsed\": 20\r\n    },\r\n    \"connectivityEndpoints\": [\r\n      {\r\n        \"name\": \"SSH\",\r\n        \"protocol\": \"TCP\",\r\n        \"location\": \"hdisdk-httptest4-ssh.azurehdinsight.net\",\r\n        \"port\": 22\r\n      },\r\n      {\r\n        \"name\": \"HTTPS\",\r\n        \"protocol\": \"TCP\",\r\n        \"location\": \"hdisdk-httptest4.azurehdinsight.net\",\r\n        \"port\": 443\r\n      }\r\n    ],\r\n    \"tier\": \"standard\"\r\n  }\r\n}",
      "ResponseHeaders": {
        "Content-Type": [
          "application/json; charset=utf-8"
        ],
        "Expires": [
          "-1"
        ],
        "Cache-Control": [
          "no-cache"
        ],
        "Date": [
          "Thu, 04 Apr 2019 03:26:30 GMT"
        ],
        "Pragma": [
          "no-cache"
        ],
        "Transfer-Encoding": [
          "chunked"
        ],
        "Vary": [
          "Accept-Encoding"
        ],
        "x-ms-hdi-matched-rule": [
          "ClusterResourcesAndSubResources"
        ],
        "x-ms-hdi-routed-to": [
          "RegionalRp"
        ],
        "x-ms-request-id": [
          "b1e55193-69a6-4996-9e1c-908e5eb2edd0"
        ],
        "x-ms-hdi-served-by": [
          "northcentralus"
        ],
        "x-ms-correlation-request-id": [
          "d6fc095c-f393-4c58-9596-cfdb00a0f64d"
        ],
        "Strict-Transport-Security": [
          "max-age=31536000; includeSubDomains"
        ],
        "x-ms-ratelimit-remaining-subscription-reads": [
          "11990"
        ],
        "x-ms-routing-request-id": [
          "JAPANEAST:20190404T032630Z:d6fc095c-f393-4c58-9596-cfdb00a0f64d"
        ],
        "X-Content-Type-Options": [
          "nosniff"
        ]
      },
      "StatusCode": 200
    },
    {
      "RequestUri": "/subscriptions/964c10bb-8a6c-43bc-83d3-6b318c6c7305/resourceGroups/hdi294/providers/Microsoft.HDInsight/clusters/hdisdk-httptest4?api-version=2015-03-01-preview",
      "EncodedRequestUri": "L3N1YnNjcmlwdGlvbnMvOTY0YzEwYmItOGE2Yy00M2JjLTgzZDMtNmIzMThjNmM3MzA1L3Jlc291cmNlR3JvdXBzL2hkaTI5NC9wcm92aWRlcnMvTWljcm9zb2Z0LkhESW5zaWdodC9jbHVzdGVycy9oZGlzZGstaHR0cHRlc3Q0P2FwaS12ZXJzaW9uPTIwMTUtMDMtMDEtcHJldmlldw==",
      "RequestMethod": "GET",
      "RequestBody": "",
      "RequestHeaders": {
        "User-Agent": [
          "ARM",
          "SDK",
          "v2.1.0"
        ]
      },
      "ResponseBody": "{\r\n  \"id\": \"/subscriptions/964c10bb-8a6c-43bc-83d3-6b318c6c7305/resourceGroups/hdi294/providers/Microsoft.HDInsight/clusters/hdisdk-httptest4\",\r\n  \"name\": \"hdisdk-httptest4\",\r\n  \"type\": \"Microsoft.HDInsight/clusters\",\r\n  \"location\": \"North Central US\",\r\n  \"etag\": \"68170bb6-05a2-4f4b-84a7-3206ebc71c20\",\r\n  \"tags\": null,\r\n  \"properties\": {\r\n    \"clusterVersion\": \"3.6.1000.67\",\r\n    \"clusterHdpVersion\": \"\",\r\n    \"osType\": \"Linux\",\r\n    \"clusterDefinition\": {\r\n      \"blueprint\": \"https://blueprints.azurehdinsight.net/hadoop-3.6.1000.67.1903060535.json\",\r\n      \"kind\": \"Hadoop\",\r\n      \"componentVersion\": {\r\n        \"Hadoop\": \"2.7\"\r\n      }\r\n    },\r\n    \"computeProfile\": {\r\n      \"roles\": [\r\n        {\r\n          \"name\": \"headnode\",\r\n          \"targetInstanceCount\": 2,\r\n          \"hardwareProfile\": {\r\n            \"vmSize\": \"Standard_D3_v2\"\r\n          },\r\n          \"osProfile\": {\r\n            \"linuxOperatingSystemProfile\": {\r\n              \"username\": \"sshuser\"\r\n            }\r\n          },\r\n          \"encryptDataDisks\": false\r\n        },\r\n        {\r\n          \"name\": \"workernode\",\r\n          \"targetInstanceCount\": 3,\r\n          \"hardwareProfile\": {\r\n            \"vmSize\": \"Large\"\r\n          },\r\n          \"osProfile\": {\r\n            \"linuxOperatingSystemProfile\": {\r\n              \"username\": \"sshuser\"\r\n            }\r\n          },\r\n          \"encryptDataDisks\": false\r\n        },\r\n        {\r\n          \"name\": \"zookeepernode\",\r\n          \"targetInstanceCount\": 3,\r\n          \"hardwareProfile\": {\r\n            \"vmSize\": \"Medium\"\r\n          },\r\n          \"osProfile\": {\r\n            \"linuxOperatingSystemProfile\": {\r\n              \"username\": \"sshuser\"\r\n            }\r\n          },\r\n          \"encryptDataDisks\": false\r\n        }\r\n      ]\r\n    },\r\n    \"provisioningState\": \"InProgress\",\r\n    \"clusterState\": \"HdInsightConfiguration\",\r\n    \"createdDate\": \"2019-04-04T03:23:23.673\",\r\n    \"quotaInfo\": {\r\n      \"coresUsed\": 20\r\n    },\r\n    \"connectivityEndpoints\": [\r\n      {\r\n        \"name\": \"SSH\",\r\n        \"protocol\": \"TCP\",\r\n        \"location\": \"hdisdk-httptest4-ssh.azurehdinsight.net\",\r\n        \"port\": 22\r\n      },\r\n      {\r\n        \"name\": \"HTTPS\",\r\n        \"protocol\": \"TCP\",\r\n        \"location\": \"hdisdk-httptest4.azurehdinsight.net\",\r\n        \"port\": 443\r\n      }\r\n    ],\r\n    \"tier\": \"standard\"\r\n  }\r\n}",
      "ResponseHeaders": {
        "Content-Type": [
          "application/json; charset=utf-8"
        ],
        "Expires": [
          "-1"
        ],
        "Cache-Control": [
          "no-cache"
        ],
        "Date": [
          "Thu, 04 Apr 2019 03:27:34 GMT"
        ],
        "Pragma": [
          "no-cache"
        ],
        "Transfer-Encoding": [
          "chunked"
        ],
        "Vary": [
          "Accept-Encoding"
        ],
        "x-ms-hdi-matched-rule": [
          "ClusterResourcesAndSubResources"
        ],
        "x-ms-hdi-routed-to": [
          "RegionalRp"
        ],
        "x-ms-request-id": [
          "e14b6134-f11f-45b9-8d5f-80c1e68103a3"
        ],
        "x-ms-hdi-served-by": [
          "northcentralus"
        ],
        "x-ms-correlation-request-id": [
          "d01a0464-2fcd-45f2-8198-0c04de137a35"
        ],
        "Strict-Transport-Security": [
          "max-age=31536000; includeSubDomains"
        ],
        "x-ms-ratelimit-remaining-subscription-reads": [
          "11999"
        ],
        "x-ms-routing-request-id": [
          "AUSTRALIAEAST:20190404T032734Z:d01a0464-2fcd-45f2-8198-0c04de137a35"
        ],
        "X-Content-Type-Options": [
          "nosniff"
        ]
      },
      "StatusCode": 200
    },
    {
      "RequestUri": "/subscriptions/964c10bb-8a6c-43bc-83d3-6b318c6c7305/resourceGroups/hdi294/providers/Microsoft.HDInsight/clusters/hdisdk-httptest4?api-version=2015-03-01-preview",
      "EncodedRequestUri": "L3N1YnNjcmlwdGlvbnMvOTY0YzEwYmItOGE2Yy00M2JjLTgzZDMtNmIzMThjNmM3MzA1L3Jlc291cmNlR3JvdXBzL2hkaTI5NC9wcm92aWRlcnMvTWljcm9zb2Z0LkhESW5zaWdodC9jbHVzdGVycy9oZGlzZGstaHR0cHRlc3Q0P2FwaS12ZXJzaW9uPTIwMTUtMDMtMDEtcHJldmlldw==",
      "RequestMethod": "GET",
      "RequestBody": "",
      "RequestHeaders": {
        "User-Agent": [
          "ARM",
          "SDK",
          "v2.1.0"
        ]
      },
      "ResponseBody": "{\r\n  \"id\": \"/subscriptions/964c10bb-8a6c-43bc-83d3-6b318c6c7305/resourceGroups/hdi294/providers/Microsoft.HDInsight/clusters/hdisdk-httptest4\",\r\n  \"name\": \"hdisdk-httptest4\",\r\n  \"type\": \"Microsoft.HDInsight/clusters\",\r\n  \"location\": \"North Central US\",\r\n  \"etag\": \"68170bb6-05a2-4f4b-84a7-3206ebc71c20\",\r\n  \"tags\": null,\r\n  \"properties\": {\r\n    \"clusterVersion\": \"3.6.1000.67\",\r\n    \"clusterHdpVersion\": \"\",\r\n    \"osType\": \"Linux\",\r\n    \"clusterDefinition\": {\r\n      \"blueprint\": \"https://blueprints.azurehdinsight.net/hadoop-3.6.1000.67.1903060535.json\",\r\n      \"kind\": \"Hadoop\",\r\n      \"componentVersion\": {\r\n        \"Hadoop\": \"2.7\"\r\n      }\r\n    },\r\n    \"computeProfile\": {\r\n      \"roles\": [\r\n        {\r\n          \"name\": \"headnode\",\r\n          \"targetInstanceCount\": 2,\r\n          \"hardwareProfile\": {\r\n            \"vmSize\": \"Standard_D3_v2\"\r\n          },\r\n          \"osProfile\": {\r\n            \"linuxOperatingSystemProfile\": {\r\n              \"username\": \"sshuser\"\r\n            }\r\n          },\r\n          \"encryptDataDisks\": false\r\n        },\r\n        {\r\n          \"name\": \"workernode\",\r\n          \"targetInstanceCount\": 3,\r\n          \"hardwareProfile\": {\r\n            \"vmSize\": \"Large\"\r\n          },\r\n          \"osProfile\": {\r\n            \"linuxOperatingSystemProfile\": {\r\n              \"username\": \"sshuser\"\r\n            }\r\n          },\r\n          \"encryptDataDisks\": false\r\n        },\r\n        {\r\n          \"name\": \"zookeepernode\",\r\n          \"targetInstanceCount\": 3,\r\n          \"hardwareProfile\": {\r\n            \"vmSize\": \"Medium\"\r\n          },\r\n          \"osProfile\": {\r\n            \"linuxOperatingSystemProfile\": {\r\n              \"username\": \"sshuser\"\r\n            }\r\n          },\r\n          \"encryptDataDisks\": false\r\n        }\r\n      ]\r\n    },\r\n    \"provisioningState\": \"InProgress\",\r\n    \"clusterState\": \"HdInsightConfiguration\",\r\n    \"createdDate\": \"2019-04-04T03:23:23.673\",\r\n    \"quotaInfo\": {\r\n      \"coresUsed\": 20\r\n    },\r\n    \"connectivityEndpoints\": [\r\n      {\r\n        \"name\": \"SSH\",\r\n        \"protocol\": \"TCP\",\r\n        \"location\": \"hdisdk-httptest4-ssh.azurehdinsight.net\",\r\n        \"port\": 22\r\n      },\r\n      {\r\n        \"name\": \"HTTPS\",\r\n        \"protocol\": \"TCP\",\r\n        \"location\": \"hdisdk-httptest4.azurehdinsight.net\",\r\n        \"port\": 443\r\n      }\r\n    ],\r\n    \"tier\": \"standard\"\r\n  }\r\n}",
      "ResponseHeaders": {
        "Content-Type": [
          "application/json; charset=utf-8"
        ],
        "Expires": [
          "-1"
        ],
        "Cache-Control": [
          "no-cache"
        ],
        "Date": [
          "Thu, 04 Apr 2019 03:28:37 GMT"
        ],
        "Pragma": [
          "no-cache"
        ],
        "Transfer-Encoding": [
          "chunked"
        ],
        "Vary": [
          "Accept-Encoding"
        ],
        "x-ms-hdi-matched-rule": [
          "ClusterResourcesAndSubResources"
        ],
        "x-ms-hdi-routed-to": [
          "RegionalRp"
        ],
        "x-ms-request-id": [
          "2de49557-af68-4458-a780-604073703552"
        ],
        "x-ms-hdi-served-by": [
          "northcentralus"
        ],
        "x-ms-correlation-request-id": [
          "52c75041-3d7c-41dc-a541-d1e1a6fe4181"
        ],
        "Strict-Transport-Security": [
          "max-age=31536000; includeSubDomains"
        ],
        "x-ms-ratelimit-remaining-subscription-reads": [
          "11999"
        ],
        "x-ms-routing-request-id": [
          "AUSTRALIAEAST:20190404T032838Z:52c75041-3d7c-41dc-a541-d1e1a6fe4181"
        ],
        "X-Content-Type-Options": [
          "nosniff"
        ]
      },
      "StatusCode": 200
    },
    {
      "RequestUri": "/subscriptions/964c10bb-8a6c-43bc-83d3-6b318c6c7305/resourceGroups/hdi294/providers/Microsoft.HDInsight/clusters/hdisdk-httptest4?api-version=2015-03-01-preview",
      "EncodedRequestUri": "L3N1YnNjcmlwdGlvbnMvOTY0YzEwYmItOGE2Yy00M2JjLTgzZDMtNmIzMThjNmM3MzA1L3Jlc291cmNlR3JvdXBzL2hkaTI5NC9wcm92aWRlcnMvTWljcm9zb2Z0LkhESW5zaWdodC9jbHVzdGVycy9oZGlzZGstaHR0cHRlc3Q0P2FwaS12ZXJzaW9uPTIwMTUtMDMtMDEtcHJldmlldw==",
      "RequestMethod": "GET",
      "RequestBody": "",
      "RequestHeaders": {
        "User-Agent": [
          "ARM",
          "SDK",
          "v2.1.0"
        ]
      },
      "ResponseBody": "{\r\n  \"id\": \"/subscriptions/964c10bb-8a6c-43bc-83d3-6b318c6c7305/resourceGroups/hdi294/providers/Microsoft.HDInsight/clusters/hdisdk-httptest4\",\r\n  \"name\": \"hdisdk-httptest4\",\r\n  \"type\": \"Microsoft.HDInsight/clusters\",\r\n  \"location\": \"North Central US\",\r\n  \"etag\": \"68170bb6-05a2-4f4b-84a7-3206ebc71c20\",\r\n  \"tags\": null,\r\n  \"properties\": {\r\n    \"clusterVersion\": \"3.6.1000.67\",\r\n    \"clusterHdpVersion\": \"\",\r\n    \"osType\": \"Linux\",\r\n    \"clusterDefinition\": {\r\n      \"blueprint\": \"https://blueprints.azurehdinsight.net/hadoop-3.6.1000.67.1903060535.json\",\r\n      \"kind\": \"Hadoop\",\r\n      \"componentVersion\": {\r\n        \"Hadoop\": \"2.7\"\r\n      }\r\n    },\r\n    \"computeProfile\": {\r\n      \"roles\": [\r\n        {\r\n          \"name\": \"headnode\",\r\n          \"targetInstanceCount\": 2,\r\n          \"hardwareProfile\": {\r\n            \"vmSize\": \"Standard_D3_v2\"\r\n          },\r\n          \"osProfile\": {\r\n            \"linuxOperatingSystemProfile\": {\r\n              \"username\": \"sshuser\"\r\n            }\r\n          },\r\n          \"encryptDataDisks\": false\r\n        },\r\n        {\r\n          \"name\": \"workernode\",\r\n          \"targetInstanceCount\": 3,\r\n          \"hardwareProfile\": {\r\n            \"vmSize\": \"Large\"\r\n          },\r\n          \"osProfile\": {\r\n            \"linuxOperatingSystemProfile\": {\r\n              \"username\": \"sshuser\"\r\n            }\r\n          },\r\n          \"encryptDataDisks\": false\r\n        },\r\n        {\r\n          \"name\": \"zookeepernode\",\r\n          \"targetInstanceCount\": 3,\r\n          \"hardwareProfile\": {\r\n            \"vmSize\": \"Medium\"\r\n          },\r\n          \"osProfile\": {\r\n            \"linuxOperatingSystemProfile\": {\r\n              \"username\": \"sshuser\"\r\n            }\r\n          },\r\n          \"encryptDataDisks\": false\r\n        }\r\n      ]\r\n    },\r\n    \"provisioningState\": \"InProgress\",\r\n    \"clusterState\": \"HdInsightConfiguration\",\r\n    \"createdDate\": \"2019-04-04T03:23:23.673\",\r\n    \"quotaInfo\": {\r\n      \"coresUsed\": 20\r\n    },\r\n    \"connectivityEndpoints\": [\r\n      {\r\n        \"name\": \"SSH\",\r\n        \"protocol\": \"TCP\",\r\n        \"location\": \"hdisdk-httptest4-ssh.azurehdinsight.net\",\r\n        \"port\": 22\r\n      },\r\n      {\r\n        \"name\": \"HTTPS\",\r\n        \"protocol\": \"TCP\",\r\n        \"location\": \"hdisdk-httptest4.azurehdinsight.net\",\r\n        \"port\": 443\r\n      }\r\n    ],\r\n    \"tier\": \"standard\"\r\n  }\r\n}",
      "ResponseHeaders": {
        "Content-Type": [
          "application/json; charset=utf-8"
        ],
        "Expires": [
          "-1"
        ],
        "Cache-Control": [
          "no-cache"
        ],
        "Date": [
          "Thu, 04 Apr 2019 03:29:39 GMT"
        ],
        "Pragma": [
          "no-cache"
        ],
        "Transfer-Encoding": [
          "chunked"
        ],
        "Vary": [
          "Accept-Encoding"
        ],
        "x-ms-hdi-matched-rule": [
          "ClusterResourcesAndSubResources"
        ],
        "x-ms-hdi-routed-to": [
          "RegionalRp"
        ],
        "x-ms-request-id": [
          "a05369fa-003e-4d8b-b8e9-65fc89f1769e"
        ],
        "x-ms-hdi-served-by": [
          "northcentralus"
        ],
        "x-ms-correlation-request-id": [
          "ee921cef-eb04-4189-8274-211001f63a86"
        ],
        "Strict-Transport-Security": [
          "max-age=31536000; includeSubDomains"
        ],
        "x-ms-ratelimit-remaining-subscription-reads": [
          "11998"
        ],
        "x-ms-routing-request-id": [
          "AUSTRALIAEAST:20190404T032940Z:ee921cef-eb04-4189-8274-211001f63a86"
        ],
        "X-Content-Type-Options": [
          "nosniff"
        ]
      },
      "StatusCode": 200
    },
    {
      "RequestUri": "/subscriptions/964c10bb-8a6c-43bc-83d3-6b318c6c7305/resourceGroups/hdi294/providers/Microsoft.HDInsight/clusters/hdisdk-httptest4?api-version=2015-03-01-preview",
      "EncodedRequestUri": "L3N1YnNjcmlwdGlvbnMvOTY0YzEwYmItOGE2Yy00M2JjLTgzZDMtNmIzMThjNmM3MzA1L3Jlc291cmNlR3JvdXBzL2hkaTI5NC9wcm92aWRlcnMvTWljcm9zb2Z0LkhESW5zaWdodC9jbHVzdGVycy9oZGlzZGstaHR0cHRlc3Q0P2FwaS12ZXJzaW9uPTIwMTUtMDMtMDEtcHJldmlldw==",
      "RequestMethod": "GET",
      "RequestBody": "",
      "RequestHeaders": {
        "User-Agent": [
          "ARM",
          "SDK",
          "v2.1.0"
        ]
      },
      "ResponseBody": "{\r\n  \"id\": \"/subscriptions/964c10bb-8a6c-43bc-83d3-6b318c6c7305/resourceGroups/hdi294/providers/Microsoft.HDInsight/clusters/hdisdk-httptest4\",\r\n  \"name\": \"hdisdk-httptest4\",\r\n  \"type\": \"Microsoft.HDInsight/clusters\",\r\n  \"location\": \"North Central US\",\r\n  \"etag\": \"68170bb6-05a2-4f4b-84a7-3206ebc71c20\",\r\n  \"tags\": null,\r\n  \"properties\": {\r\n    \"clusterVersion\": \"3.6.1000.67\",\r\n    \"clusterHdpVersion\": \"\",\r\n    \"osType\": \"Linux\",\r\n    \"clusterDefinition\": {\r\n      \"blueprint\": \"https://blueprints.azurehdinsight.net/hadoop-3.6.1000.67.1903060535.json\",\r\n      \"kind\": \"Hadoop\",\r\n      \"componentVersion\": {\r\n        \"Hadoop\": \"2.7\"\r\n      }\r\n    },\r\n    \"computeProfile\": {\r\n      \"roles\": [\r\n        {\r\n          \"name\": \"headnode\",\r\n          \"targetInstanceCount\": 2,\r\n          \"hardwareProfile\": {\r\n            \"vmSize\": \"Standard_D3_v2\"\r\n          },\r\n          \"osProfile\": {\r\n            \"linuxOperatingSystemProfile\": {\r\n              \"username\": \"sshuser\"\r\n            }\r\n          },\r\n          \"encryptDataDisks\": false\r\n        },\r\n        {\r\n          \"name\": \"workernode\",\r\n          \"targetInstanceCount\": 3,\r\n          \"hardwareProfile\": {\r\n            \"vmSize\": \"Large\"\r\n          },\r\n          \"osProfile\": {\r\n            \"linuxOperatingSystemProfile\": {\r\n              \"username\": \"sshuser\"\r\n            }\r\n          },\r\n          \"encryptDataDisks\": false\r\n        },\r\n        {\r\n          \"name\": \"zookeepernode\",\r\n          \"targetInstanceCount\": 3,\r\n          \"hardwareProfile\": {\r\n            \"vmSize\": \"Medium\"\r\n          },\r\n          \"osProfile\": {\r\n            \"linuxOperatingSystemProfile\": {\r\n              \"username\": \"sshuser\"\r\n            }\r\n          },\r\n          \"encryptDataDisks\": false\r\n        }\r\n      ]\r\n    },\r\n    \"provisioningState\": \"InProgress\",\r\n    \"clusterState\": \"HdInsightConfiguration\",\r\n    \"createdDate\": \"2019-04-04T03:23:23.673\",\r\n    \"quotaInfo\": {\r\n      \"coresUsed\": 20\r\n    },\r\n    \"connectivityEndpoints\": [\r\n      {\r\n        \"name\": \"SSH\",\r\n        \"protocol\": \"TCP\",\r\n        \"location\": \"hdisdk-httptest4-ssh.azurehdinsight.net\",\r\n        \"port\": 22\r\n      },\r\n      {\r\n        \"name\": \"HTTPS\",\r\n        \"protocol\": \"TCP\",\r\n        \"location\": \"hdisdk-httptest4.azurehdinsight.net\",\r\n        \"port\": 443\r\n      }\r\n    ],\r\n    \"tier\": \"standard\"\r\n  }\r\n}",
      "ResponseHeaders": {
        "Content-Type": [
          "application/json; charset=utf-8"
        ],
        "Expires": [
          "-1"
        ],
        "Cache-Control": [
          "no-cache"
        ],
        "Date": [
          "Thu, 04 Apr 2019 03:30:42 GMT"
        ],
        "Pragma": [
          "no-cache"
        ],
        "Transfer-Encoding": [
          "chunked"
        ],
        "Vary": [
          "Accept-Encoding"
        ],
        "x-ms-hdi-matched-rule": [
          "ClusterResourcesAndSubResources"
        ],
        "x-ms-hdi-routed-to": [
          "RegionalRp"
        ],
        "x-ms-request-id": [
          "79510847-0dcc-4542-b4d8-743e8ad0150f"
        ],
        "x-ms-hdi-served-by": [
          "northcentralus"
        ],
        "x-ms-correlation-request-id": [
          "741fe65a-937e-4b2a-baa0-b263d05a3c86"
        ],
        "Strict-Transport-Security": [
          "max-age=31536000; includeSubDomains"
        ],
        "x-ms-ratelimit-remaining-subscription-reads": [
          "11990"
        ],
        "x-ms-routing-request-id": [
          "AUSTRALIAEAST:20190404T033042Z:741fe65a-937e-4b2a-baa0-b263d05a3c86"
        ],
        "X-Content-Type-Options": [
          "nosniff"
        ]
      },
      "StatusCode": 200
    },
    {
      "RequestUri": "/subscriptions/964c10bb-8a6c-43bc-83d3-6b318c6c7305/resourceGroups/hdi294/providers/Microsoft.HDInsight/clusters/hdisdk-httptest4?api-version=2015-03-01-preview",
      "EncodedRequestUri": "L3N1YnNjcmlwdGlvbnMvOTY0YzEwYmItOGE2Yy00M2JjLTgzZDMtNmIzMThjNmM3MzA1L3Jlc291cmNlR3JvdXBzL2hkaTI5NC9wcm92aWRlcnMvTWljcm9zb2Z0LkhESW5zaWdodC9jbHVzdGVycy9oZGlzZGstaHR0cHRlc3Q0P2FwaS12ZXJzaW9uPTIwMTUtMDMtMDEtcHJldmlldw==",
      "RequestMethod": "GET",
      "RequestBody": "",
      "RequestHeaders": {
        "User-Agent": [
          "ARM",
          "SDK",
          "v2.1.0"
        ]
      },
      "ResponseBody": "{\r\n  \"id\": \"/subscriptions/964c10bb-8a6c-43bc-83d3-6b318c6c7305/resourceGroups/hdi294/providers/Microsoft.HDInsight/clusters/hdisdk-httptest4\",\r\n  \"name\": \"hdisdk-httptest4\",\r\n  \"type\": \"Microsoft.HDInsight/clusters\",\r\n  \"location\": \"North Central US\",\r\n  \"etag\": \"68170bb6-05a2-4f4b-84a7-3206ebc71c20\",\r\n  \"tags\": null,\r\n  \"properties\": {\r\n    \"clusterVersion\": \"3.6.1000.67\",\r\n    \"clusterHdpVersion\": \"\",\r\n    \"osType\": \"Linux\",\r\n    \"clusterDefinition\": {\r\n      \"blueprint\": \"https://blueprints.azurehdinsight.net/hadoop-3.6.1000.67.1903060535.json\",\r\n      \"kind\": \"Hadoop\",\r\n      \"componentVersion\": {\r\n        \"Hadoop\": \"2.7\"\r\n      }\r\n    },\r\n    \"computeProfile\": {\r\n      \"roles\": [\r\n        {\r\n          \"name\": \"headnode\",\r\n          \"targetInstanceCount\": 2,\r\n          \"hardwareProfile\": {\r\n            \"vmSize\": \"Standard_D3_v2\"\r\n          },\r\n          \"osProfile\": {\r\n            \"linuxOperatingSystemProfile\": {\r\n              \"username\": \"sshuser\"\r\n            }\r\n          },\r\n          \"encryptDataDisks\": false\r\n        },\r\n        {\r\n          \"name\": \"workernode\",\r\n          \"targetInstanceCount\": 3,\r\n          \"hardwareProfile\": {\r\n            \"vmSize\": \"Large\"\r\n          },\r\n          \"osProfile\": {\r\n            \"linuxOperatingSystemProfile\": {\r\n              \"username\": \"sshuser\"\r\n            }\r\n          },\r\n          \"encryptDataDisks\": false\r\n        },\r\n        {\r\n          \"name\": \"zookeepernode\",\r\n          \"targetInstanceCount\": 3,\r\n          \"hardwareProfile\": {\r\n            \"vmSize\": \"Medium\"\r\n          },\r\n          \"osProfile\": {\r\n            \"linuxOperatingSystemProfile\": {\r\n              \"username\": \"sshuser\"\r\n            }\r\n          },\r\n          \"encryptDataDisks\": false\r\n        }\r\n      ]\r\n    },\r\n    \"provisioningState\": \"InProgress\",\r\n    \"clusterState\": \"HdInsightConfiguration\",\r\n    \"createdDate\": \"2019-04-04T03:23:23.673\",\r\n    \"quotaInfo\": {\r\n      \"coresUsed\": 20\r\n    },\r\n    \"connectivityEndpoints\": [\r\n      {\r\n        \"name\": \"SSH\",\r\n        \"protocol\": \"TCP\",\r\n        \"location\": \"hdisdk-httptest4-ssh.azurehdinsight.net\",\r\n        \"port\": 22\r\n      },\r\n      {\r\n        \"name\": \"HTTPS\",\r\n        \"protocol\": \"TCP\",\r\n        \"location\": \"hdisdk-httptest4.azurehdinsight.net\",\r\n        \"port\": 443\r\n      }\r\n    ],\r\n    \"tier\": \"standard\"\r\n  }\r\n}",
      "ResponseHeaders": {
        "Content-Type": [
          "application/json; charset=utf-8"
        ],
        "Expires": [
          "-1"
        ],
        "Cache-Control": [
          "no-cache"
        ],
        "Date": [
          "Thu, 04 Apr 2019 03:31:45 GMT"
        ],
        "Pragma": [
          "no-cache"
        ],
        "Transfer-Encoding": [
          "chunked"
        ],
        "Vary": [
          "Accept-Encoding"
        ],
        "x-ms-hdi-matched-rule": [
          "ClusterResourcesAndSubResources"
        ],
        "x-ms-hdi-routed-to": [
          "RegionalRp"
        ],
        "x-ms-request-id": [
          "33f5e6bc-4ad6-4b14-9410-3fda79106181"
        ],
        "x-ms-hdi-served-by": [
          "northcentralus"
        ],
        "x-ms-correlation-request-id": [
          "dd99279d-349c-43be-8ba5-420b22456b89"
        ],
        "Strict-Transport-Security": [
          "max-age=31536000; includeSubDomains"
        ],
        "x-ms-ratelimit-remaining-subscription-reads": [
          "11997"
        ],
        "x-ms-routing-request-id": [
          "AUSTRALIAEAST:20190404T033145Z:dd99279d-349c-43be-8ba5-420b22456b89"
        ],
        "X-Content-Type-Options": [
          "nosniff"
        ]
      },
      "StatusCode": 200
    },
    {
      "RequestUri": "/subscriptions/964c10bb-8a6c-43bc-83d3-6b318c6c7305/resourceGroups/hdi294/providers/Microsoft.HDInsight/clusters/hdisdk-httptest4?api-version=2015-03-01-preview",
      "EncodedRequestUri": "L3N1YnNjcmlwdGlvbnMvOTY0YzEwYmItOGE2Yy00M2JjLTgzZDMtNmIzMThjNmM3MzA1L3Jlc291cmNlR3JvdXBzL2hkaTI5NC9wcm92aWRlcnMvTWljcm9zb2Z0LkhESW5zaWdodC9jbHVzdGVycy9oZGlzZGstaHR0cHRlc3Q0P2FwaS12ZXJzaW9uPTIwMTUtMDMtMDEtcHJldmlldw==",
      "RequestMethod": "GET",
      "RequestBody": "",
      "RequestHeaders": {
        "User-Agent": [
          "ARM",
          "SDK",
          "v2.1.0"
        ]
      },
      "ResponseBody": "{\r\n  \"id\": \"/subscriptions/964c10bb-8a6c-43bc-83d3-6b318c6c7305/resourceGroups/hdi294/providers/Microsoft.HDInsight/clusters/hdisdk-httptest4\",\r\n  \"name\": \"hdisdk-httptest4\",\r\n  \"type\": \"Microsoft.HDInsight/clusters\",\r\n  \"location\": \"North Central US\",\r\n  \"etag\": \"68170bb6-05a2-4f4b-84a7-3206ebc71c20\",\r\n  \"tags\": null,\r\n  \"properties\": {\r\n    \"clusterVersion\": \"3.6.1000.67\",\r\n    \"clusterHdpVersion\": \"\",\r\n    \"osType\": \"Linux\",\r\n    \"clusterDefinition\": {\r\n      \"blueprint\": \"https://blueprints.azurehdinsight.net/hadoop-3.6.1000.67.1903060535.json\",\r\n      \"kind\": \"Hadoop\",\r\n      \"componentVersion\": {\r\n        \"Hadoop\": \"2.7\"\r\n      }\r\n    },\r\n    \"computeProfile\": {\r\n      \"roles\": [\r\n        {\r\n          \"name\": \"headnode\",\r\n          \"targetInstanceCount\": 2,\r\n          \"hardwareProfile\": {\r\n            \"vmSize\": \"Standard_D3_v2\"\r\n          },\r\n          \"osProfile\": {\r\n            \"linuxOperatingSystemProfile\": {\r\n              \"username\": \"sshuser\"\r\n            }\r\n          },\r\n          \"encryptDataDisks\": false\r\n        },\r\n        {\r\n          \"name\": \"workernode\",\r\n          \"targetInstanceCount\": 3,\r\n          \"hardwareProfile\": {\r\n            \"vmSize\": \"Large\"\r\n          },\r\n          \"osProfile\": {\r\n            \"linuxOperatingSystemProfile\": {\r\n              \"username\": \"sshuser\"\r\n            }\r\n          },\r\n          \"encryptDataDisks\": false\r\n        },\r\n        {\r\n          \"name\": \"zookeepernode\",\r\n          \"targetInstanceCount\": 3,\r\n          \"hardwareProfile\": {\r\n            \"vmSize\": \"Medium\"\r\n          },\r\n          \"osProfile\": {\r\n            \"linuxOperatingSystemProfile\": {\r\n              \"username\": \"sshuser\"\r\n            }\r\n          },\r\n          \"encryptDataDisks\": false\r\n        }\r\n      ]\r\n    },\r\n    \"provisioningState\": \"InProgress\",\r\n    \"clusterState\": \"HdInsightConfiguration\",\r\n    \"createdDate\": \"2019-04-04T03:23:23.673\",\r\n    \"quotaInfo\": {\r\n      \"coresUsed\": 20\r\n    },\r\n    \"connectivityEndpoints\": [\r\n      {\r\n        \"name\": \"SSH\",\r\n        \"protocol\": \"TCP\",\r\n        \"location\": \"hdisdk-httptest4-ssh.azurehdinsight.net\",\r\n        \"port\": 22\r\n      },\r\n      {\r\n        \"name\": \"HTTPS\",\r\n        \"protocol\": \"TCP\",\r\n        \"location\": \"hdisdk-httptest4.azurehdinsight.net\",\r\n        \"port\": 443\r\n      }\r\n    ],\r\n    \"tier\": \"standard\"\r\n  }\r\n}",
      "ResponseHeaders": {
        "Content-Type": [
          "application/json; charset=utf-8"
        ],
        "Expires": [
          "-1"
        ],
        "Cache-Control": [
          "no-cache"
        ],
        "Date": [
          "Thu, 04 Apr 2019 03:32:47 GMT"
        ],
        "Pragma": [
          "no-cache"
        ],
        "Transfer-Encoding": [
          "chunked"
        ],
        "Vary": [
          "Accept-Encoding"
        ],
        "x-ms-hdi-matched-rule": [
          "ClusterResourcesAndSubResources"
        ],
        "x-ms-hdi-routed-to": [
          "RegionalRp"
        ],
        "x-ms-request-id": [
          "419ab32e-6f3f-4895-96ce-03c7ab38a5ab"
        ],
        "x-ms-hdi-served-by": [
          "northcentralus"
        ],
        "x-ms-correlation-request-id": [
          "52a90e11-f15a-4cc2-ad99-7bd242a84c7d"
        ],
        "Strict-Transport-Security": [
          "max-age=31536000; includeSubDomains"
        ],
        "x-ms-ratelimit-remaining-subscription-reads": [
          "11996"
        ],
        "x-ms-routing-request-id": [
          "AUSTRALIAEAST:20190404T033248Z:52a90e11-f15a-4cc2-ad99-7bd242a84c7d"
        ],
        "X-Content-Type-Options": [
          "nosniff"
        ]
      },
      "StatusCode": 200
    },
    {
      "RequestUri": "/subscriptions/964c10bb-8a6c-43bc-83d3-6b318c6c7305/resourceGroups/hdi294/providers/Microsoft.HDInsight/clusters/hdisdk-httptest4?api-version=2015-03-01-preview",
      "EncodedRequestUri": "L3N1YnNjcmlwdGlvbnMvOTY0YzEwYmItOGE2Yy00M2JjLTgzZDMtNmIzMThjNmM3MzA1L3Jlc291cmNlR3JvdXBzL2hkaTI5NC9wcm92aWRlcnMvTWljcm9zb2Z0LkhESW5zaWdodC9jbHVzdGVycy9oZGlzZGstaHR0cHRlc3Q0P2FwaS12ZXJzaW9uPTIwMTUtMDMtMDEtcHJldmlldw==",
      "RequestMethod": "GET",
      "RequestBody": "",
      "RequestHeaders": {
        "User-Agent": [
          "ARM",
          "SDK",
          "v2.1.0"
        ]
      },
      "ResponseBody": "{\r\n  \"id\": \"/subscriptions/964c10bb-8a6c-43bc-83d3-6b318c6c7305/resourceGroups/hdi294/providers/Microsoft.HDInsight/clusters/hdisdk-httptest4\",\r\n  \"name\": \"hdisdk-httptest4\",\r\n  \"type\": \"Microsoft.HDInsight/clusters\",\r\n  \"location\": \"North Central US\",\r\n  \"etag\": \"68170bb6-05a2-4f4b-84a7-3206ebc71c20\",\r\n  \"tags\": null,\r\n  \"properties\": {\r\n    \"clusterVersion\": \"3.6.1000.67\",\r\n    \"clusterHdpVersion\": \"\",\r\n    \"osType\": \"Linux\",\r\n    \"clusterDefinition\": {\r\n      \"blueprint\": \"https://blueprints.azurehdinsight.net/hadoop-3.6.1000.67.1903060535.json\",\r\n      \"kind\": \"Hadoop\",\r\n      \"componentVersion\": {\r\n        \"Hadoop\": \"2.7\"\r\n      }\r\n    },\r\n    \"computeProfile\": {\r\n      \"roles\": [\r\n        {\r\n          \"name\": \"headnode\",\r\n          \"targetInstanceCount\": 2,\r\n          \"hardwareProfile\": {\r\n            \"vmSize\": \"Standard_D3_v2\"\r\n          },\r\n          \"osProfile\": {\r\n            \"linuxOperatingSystemProfile\": {\r\n              \"username\": \"sshuser\"\r\n            }\r\n          },\r\n          \"encryptDataDisks\": false\r\n        },\r\n        {\r\n          \"name\": \"workernode\",\r\n          \"targetInstanceCount\": 3,\r\n          \"hardwareProfile\": {\r\n            \"vmSize\": \"Large\"\r\n          },\r\n          \"osProfile\": {\r\n            \"linuxOperatingSystemProfile\": {\r\n              \"username\": \"sshuser\"\r\n            }\r\n          },\r\n          \"encryptDataDisks\": false\r\n        },\r\n        {\r\n          \"name\": \"zookeepernode\",\r\n          \"targetInstanceCount\": 3,\r\n          \"hardwareProfile\": {\r\n            \"vmSize\": \"Medium\"\r\n          },\r\n          \"osProfile\": {\r\n            \"linuxOperatingSystemProfile\": {\r\n              \"username\": \"sshuser\"\r\n            }\r\n          },\r\n          \"encryptDataDisks\": false\r\n        }\r\n      ]\r\n    },\r\n    \"provisioningState\": \"InProgress\",\r\n    \"clusterState\": \"HdInsightConfiguration\",\r\n    \"createdDate\": \"2019-04-04T03:23:23.673\",\r\n    \"quotaInfo\": {\r\n      \"coresUsed\": 20\r\n    },\r\n    \"connectivityEndpoints\": [\r\n      {\r\n        \"name\": \"SSH\",\r\n        \"protocol\": \"TCP\",\r\n        \"location\": \"hdisdk-httptest4-ssh.azurehdinsight.net\",\r\n        \"port\": 22\r\n      },\r\n      {\r\n        \"name\": \"HTTPS\",\r\n        \"protocol\": \"TCP\",\r\n        \"location\": \"hdisdk-httptest4.azurehdinsight.net\",\r\n        \"port\": 443\r\n      }\r\n    ],\r\n    \"tier\": \"standard\"\r\n  }\r\n}",
      "ResponseHeaders": {
        "Content-Type": [
          "application/json; charset=utf-8"
        ],
        "Expires": [
          "-1"
        ],
        "Cache-Control": [
          "no-cache"
        ],
        "Date": [
          "Thu, 04 Apr 2019 03:33:49 GMT"
        ],
        "Pragma": [
          "no-cache"
        ],
        "Transfer-Encoding": [
          "chunked"
        ],
        "Vary": [
          "Accept-Encoding"
        ],
        "x-ms-hdi-matched-rule": [
          "ClusterResourcesAndSubResources"
        ],
        "x-ms-hdi-routed-to": [
          "RegionalRp"
        ],
        "x-ms-request-id": [
          "a4f898b1-adfb-4bfb-a3fd-80d062df510f"
        ],
        "x-ms-hdi-served-by": [
          "northcentralus"
        ],
        "x-ms-correlation-request-id": [
          "cb752428-b4b7-409a-aa4f-8632bb8a8276"
        ],
        "Strict-Transport-Security": [
          "max-age=31536000; includeSubDomains"
        ],
        "x-ms-ratelimit-remaining-subscription-reads": [
          "11995"
        ],
        "x-ms-routing-request-id": [
          "AUSTRALIAEAST:20190404T033350Z:cb752428-b4b7-409a-aa4f-8632bb8a8276"
        ],
        "X-Content-Type-Options": [
          "nosniff"
        ]
      },
      "StatusCode": 200
    },
    {
      "RequestUri": "/subscriptions/964c10bb-8a6c-43bc-83d3-6b318c6c7305/resourceGroups/hdi294/providers/Microsoft.HDInsight/clusters/hdisdk-httptest4?api-version=2015-03-01-preview",
      "EncodedRequestUri": "L3N1YnNjcmlwdGlvbnMvOTY0YzEwYmItOGE2Yy00M2JjLTgzZDMtNmIzMThjNmM3MzA1L3Jlc291cmNlR3JvdXBzL2hkaTI5NC9wcm92aWRlcnMvTWljcm9zb2Z0LkhESW5zaWdodC9jbHVzdGVycy9oZGlzZGstaHR0cHRlc3Q0P2FwaS12ZXJzaW9uPTIwMTUtMDMtMDEtcHJldmlldw==",
      "RequestMethod": "GET",
      "RequestBody": "",
      "RequestHeaders": {
        "User-Agent": [
          "ARM",
          "SDK",
          "v2.1.0"
        ]
      },
      "ResponseBody": "{\r\n  \"id\": \"/subscriptions/964c10bb-8a6c-43bc-83d3-6b318c6c7305/resourceGroups/hdi294/providers/Microsoft.HDInsight/clusters/hdisdk-httptest4\",\r\n  \"name\": \"hdisdk-httptest4\",\r\n  \"type\": \"Microsoft.HDInsight/clusters\",\r\n  \"location\": \"North Central US\",\r\n  \"etag\": \"68170bb6-05a2-4f4b-84a7-3206ebc71c20\",\r\n  \"tags\": null,\r\n  \"properties\": {\r\n    \"clusterVersion\": \"3.6.1000.67\",\r\n    \"clusterHdpVersion\": \"2.6.5.3006-29\",\r\n    \"osType\": \"Linux\",\r\n    \"clusterDefinition\": {\r\n      \"blueprint\": \"https://blueprints.azurehdinsight.net/hadoop-3.6.1000.67.1903060535.json\",\r\n      \"kind\": \"Hadoop\",\r\n      \"componentVersion\": {\r\n        \"Hadoop\": \"2.7\"\r\n      }\r\n    },\r\n    \"computeProfile\": {\r\n      \"roles\": [\r\n        {\r\n          \"name\": \"headnode\",\r\n          \"targetInstanceCount\": 2,\r\n          \"hardwareProfile\": {\r\n            \"vmSize\": \"Standard_D3_v2\"\r\n          },\r\n          \"osProfile\": {\r\n            \"linuxOperatingSystemProfile\": {\r\n              \"username\": \"sshuser\"\r\n            }\r\n          },\r\n          \"encryptDataDisks\": false\r\n        },\r\n        {\r\n          \"name\": \"workernode\",\r\n          \"targetInstanceCount\": 3,\r\n          \"hardwareProfile\": {\r\n            \"vmSize\": \"Large\"\r\n          },\r\n          \"osProfile\": {\r\n            \"linuxOperatingSystemProfile\": {\r\n              \"username\": \"sshuser\"\r\n            }\r\n          },\r\n          \"encryptDataDisks\": false\r\n        },\r\n        {\r\n          \"name\": \"zookeepernode\",\r\n          \"targetInstanceCount\": 3,\r\n          \"hardwareProfile\": {\r\n            \"vmSize\": \"Medium\"\r\n          },\r\n          \"osProfile\": {\r\n            \"linuxOperatingSystemProfile\": {\r\n              \"username\": \"sshuser\"\r\n            }\r\n          },\r\n          \"encryptDataDisks\": false\r\n        }\r\n      ]\r\n    },\r\n    \"provisioningState\": \"InProgress\",\r\n    \"clusterState\": \"Operational\",\r\n    \"createdDate\": \"2019-04-04T03:23:23.673\",\r\n    \"quotaInfo\": {\r\n      \"coresUsed\": 20\r\n    },\r\n    \"connectivityEndpoints\": [\r\n      {\r\n        \"name\": \"SSH\",\r\n        \"protocol\": \"TCP\",\r\n        \"location\": \"hdisdk-httptest4-ssh.azurehdinsight.net\",\r\n        \"port\": 22\r\n      },\r\n      {\r\n        \"name\": \"HTTPS\",\r\n        \"protocol\": \"TCP\",\r\n        \"location\": \"hdisdk-httptest4.azurehdinsight.net\",\r\n        \"port\": 443\r\n      }\r\n    ],\r\n    \"tier\": \"standard\"\r\n  }\r\n}",
      "ResponseHeaders": {
        "Content-Type": [
          "application/json; charset=utf-8"
        ],
        "Expires": [
          "-1"
        ],
        "Cache-Control": [
          "no-cache"
        ],
        "Date": [
          "Thu, 04 Apr 2019 03:34:51 GMT"
        ],
        "Pragma": [
          "no-cache"
        ],
        "Transfer-Encoding": [
          "chunked"
        ],
        "Vary": [
          "Accept-Encoding"
        ],
        "x-ms-hdi-matched-rule": [
          "ClusterResourcesAndSubResources"
        ],
        "x-ms-hdi-routed-to": [
          "RegionalRp"
        ],
        "x-ms-request-id": [
          "2120fec4-fac4-4dbd-a0af-ee8b6abc4a24"
        ],
        "x-ms-hdi-served-by": [
          "northcentralus"
        ],
        "x-ms-correlation-request-id": [
          "f8a05844-6d4b-4569-952d-21b3d3e75a2b"
        ],
        "Strict-Transport-Security": [
          "max-age=31536000; includeSubDomains"
        ],
        "x-ms-ratelimit-remaining-subscription-reads": [
          "11994"
        ],
        "x-ms-routing-request-id": [
          "AUSTRALIAEAST:20190404T033451Z:f8a05844-6d4b-4569-952d-21b3d3e75a2b"
        ],
        "X-Content-Type-Options": [
          "nosniff"
        ]
      },
      "StatusCode": 200
    },
    {
      "RequestUri": "/subscriptions/964c10bb-8a6c-43bc-83d3-6b318c6c7305/resourceGroups/hdi294/providers/Microsoft.HDInsight/clusters/hdisdk-httptest4?api-version=2015-03-01-preview",
      "EncodedRequestUri": "L3N1YnNjcmlwdGlvbnMvOTY0YzEwYmItOGE2Yy00M2JjLTgzZDMtNmIzMThjNmM3MzA1L3Jlc291cmNlR3JvdXBzL2hkaTI5NC9wcm92aWRlcnMvTWljcm9zb2Z0LkhESW5zaWdodC9jbHVzdGVycy9oZGlzZGstaHR0cHRlc3Q0P2FwaS12ZXJzaW9uPTIwMTUtMDMtMDEtcHJldmlldw==",
      "RequestMethod": "GET",
      "RequestBody": "",
      "RequestHeaders": {
        "User-Agent": [
          "ARM",
          "SDK",
          "v2.1.0"
        ]
      },
      "ResponseBody": "{\r\n  \"id\": \"/subscriptions/964c10bb-8a6c-43bc-83d3-6b318c6c7305/resourceGroups/hdi294/providers/Microsoft.HDInsight/clusters/hdisdk-httptest4\",\r\n  \"name\": \"hdisdk-httptest4\",\r\n  \"type\": \"Microsoft.HDInsight/clusters\",\r\n  \"location\": \"North Central US\",\r\n  \"etag\": \"68170bb6-05a2-4f4b-84a7-3206ebc71c20\",\r\n  \"tags\": null,\r\n  \"properties\": {\r\n    \"clusterVersion\": \"3.6.1000.67\",\r\n    \"clusterHdpVersion\": \"2.6.5.3006-29\",\r\n    \"osType\": \"Linux\",\r\n    \"clusterDefinition\": {\r\n      \"blueprint\": \"https://blueprints.azurehdinsight.net/hadoop-3.6.1000.67.1903060535.json\",\r\n      \"kind\": \"Hadoop\",\r\n      \"componentVersion\": {\r\n        \"Hadoop\": \"2.7\"\r\n      }\r\n    },\r\n    \"computeProfile\": {\r\n      \"roles\": [\r\n        {\r\n          \"name\": \"headnode\",\r\n          \"targetInstanceCount\": 2,\r\n          \"hardwareProfile\": {\r\n            \"vmSize\": \"Standard_D3_v2\"\r\n          },\r\n          \"osProfile\": {\r\n            \"linuxOperatingSystemProfile\": {\r\n              \"username\": \"sshuser\"\r\n            }\r\n          },\r\n          \"encryptDataDisks\": false\r\n        },\r\n        {\r\n          \"name\": \"workernode\",\r\n          \"targetInstanceCount\": 3,\r\n          \"hardwareProfile\": {\r\n            \"vmSize\": \"Large\"\r\n          },\r\n          \"osProfile\": {\r\n            \"linuxOperatingSystemProfile\": {\r\n              \"username\": \"sshuser\"\r\n            }\r\n          },\r\n          \"encryptDataDisks\": false\r\n        },\r\n        {\r\n          \"name\": \"zookeepernode\",\r\n          \"targetInstanceCount\": 3,\r\n          \"hardwareProfile\": {\r\n            \"vmSize\": \"Medium\"\r\n          },\r\n          \"osProfile\": {\r\n            \"linuxOperatingSystemProfile\": {\r\n              \"username\": \"sshuser\"\r\n            }\r\n          },\r\n          \"encryptDataDisks\": false\r\n        }\r\n      ]\r\n    },\r\n    \"provisioningState\": \"Succeeded\",\r\n    \"clusterState\": \"Running\",\r\n    \"createdDate\": \"2019-04-04T03:23:23.673\",\r\n    \"quotaInfo\": {\r\n      \"coresUsed\": 20\r\n    },\r\n    \"connectivityEndpoints\": [\r\n      {\r\n        \"name\": \"SSH\",\r\n        \"protocol\": \"TCP\",\r\n        \"location\": \"hdisdk-httptest4-ssh.azurehdinsight.net\",\r\n        \"port\": 22\r\n      },\r\n      {\r\n        \"name\": \"HTTPS\",\r\n        \"protocol\": \"TCP\",\r\n        \"location\": \"hdisdk-httptest4.azurehdinsight.net\",\r\n        \"port\": 443\r\n      }\r\n    ],\r\n    \"tier\": \"standard\"\r\n  }\r\n}",
      "ResponseHeaders": {
        "Content-Type": [
          "application/json; charset=utf-8"
        ],
        "Expires": [
          "-1"
        ],
        "Cache-Control": [
          "no-cache"
        ],
        "Date": [
          "Thu, 04 Apr 2019 03:35:53 GMT"
        ],
        "Pragma": [
          "no-cache"
        ],
        "Transfer-Encoding": [
          "chunked"
        ],
        "Vary": [
          "Accept-Encoding"
        ],
        "x-ms-hdi-matched-rule": [
          "ClusterResourcesAndSubResources"
        ],
        "x-ms-hdi-routed-to": [
          "RegionalRp"
        ],
        "x-ms-request-id": [
          "1c4d1ddd-6eb5-4f19-8bb0-077b5caf5f09"
        ],
        "x-ms-hdi-served-by": [
          "northcentralus"
        ],
        "x-ms-correlation-request-id": [
          "35cdcf79-5122-4461-8e33-f1977eb01643"
        ],
        "Strict-Transport-Security": [
          "max-age=31536000; includeSubDomains"
        ],
        "x-ms-ratelimit-remaining-subscription-reads": [
          "11999"
        ],
        "x-ms-routing-request-id": [
          "JAPANEAST:20190404T033553Z:35cdcf79-5122-4461-8e33-f1977eb01643"
        ],
        "X-Content-Type-Options": [
          "nosniff"
        ]
      },
      "StatusCode": 200
    },
    {
      "RequestUri": "/subscriptions/964c10bb-8a6c-43bc-83d3-6b318c6c7305/resourceGroups/hdi294/providers/Microsoft.HDInsight/clusters/hdisdk-httptest4/getGatewaySettings?api-version=2015-03-01-preview",
      "EncodedRequestUri": "L3N1YnNjcmlwdGlvbnMvOTY0YzEwYmItOGE2Yy00M2JjLTgzZDMtNmIzMThjNmM3MzA1L3Jlc291cmNlR3JvdXBzL2hkaTI5NC9wcm92aWRlcnMvTWljcm9zb2Z0LkhESW5zaWdodC9jbHVzdGVycy9oZGlzZGstaHR0cHRlc3Q0L2dldEdhdGV3YXlTZXR0aW5ncz9hcGktdmVyc2lvbj0yMDE1LTAzLTAxLXByZXZpZXc=",
      "RequestMethod": "POST",
      "RequestBody": "",
      "RequestHeaders": {
        "User-Agent": [
          "ARM",
          "SDK",
          "v2.1.0"
        ]
      },
      "ResponseBody": "{\r\n  \"restAuthCredential.isEnabled\": \"true\",\r\n  \"restAuthCredential.username\": \"admin\",\r\n  \"restAuthCredential.password\": \"test123!\"\r\n}",
      "ResponseHeaders": {
        "Content-Type": [
          "application/json; charset=utf-8"
        ],
        "Expires": [
          "-1"
        ],
        "Cache-Control": [
          "no-cache"
        ],
        "Date": [
          "Thu, 04 Apr 2019 03:35:54 GMT"
        ],
        "Pragma": [
          "no-cache"
        ],
        "Transfer-Encoding": [
          "chunked"
        ],
        "Vary": [
          "Accept-Encoding"
        ],
        "x-ms-hdi-matched-rule": [
          "ClusterResourcesAndSubResources"
        ],
        "x-ms-hdi-routed-to": [
          "RegionalRp"
        ],
        "x-ms-request-id": [
          "479a7de2-c946-4f2a-bf07-8e4bed97ca89"
        ],
        "x-ms-hdi-served-by": [
          "northcentralus"
        ],
        "x-ms-correlation-request-id": [
          "08e785f2-fe5e-430f-adbd-a1a9cd346cc5"
        ],
        "Strict-Transport-Security": [
          "max-age=31536000; includeSubDomains"
        ],
        "x-ms-ratelimit-remaining-subscription-writes": [
          "1199"
        ],
        "x-ms-routing-request-id": [
          "JAPANEAST:20190404T033554Z:08e785f2-fe5e-430f-adbd-a1a9cd346cc5"
        ],
        "X-Content-Type-Options": [
          "nosniff"
        ]
      },
      "StatusCode": 200
    },
    {
      "RequestUri": "/subscriptions/964c10bb-8a6c-43bc-83d3-6b318c6c7305/resourceGroups/hdi294/providers/Microsoft.HDInsight/clusters/hdisdk-httptest4?api-version=2015-03-01-preview",
      "EncodedRequestUri": "L3N1YnNjcmlwdGlvbnMvOTY0YzEwYmItOGE2Yy00M2JjLTgzZDMtNmIzMThjNmM3MzA1L3Jlc291cmNlR3JvdXBzL2hkaTI5NC9wcm92aWRlcnMvTWljcm9zb2Z0LkhESW5zaWdodC9jbHVzdGVycy9oZGlzZGstaHR0cHRlc3Q0P2FwaS12ZXJzaW9uPTIwMTUtMDMtMDEtcHJldmlldw==",
      "RequestMethod": "DELETE",
      "RequestBody": "",
      "RequestHeaders": {
        "User-Agent": [
          "ARM",
          "SDK",
          "v2.1.0"
        ]
      },
      "ResponseBody": "",
      "ResponseHeaders": {
        "Content-Length": [
          "0"
        ],
        "Expires": [
          "-1"
        ],
        "Cache-Control": [
          "no-cache"
        ],
        "Date": [
          "Thu, 04 Apr 2019 03:35:55 GMT"
        ],
        "Pragma": [
          "no-cache"
        ],
        "Location": [
          "https://management.azure.com/subscriptions/964c10bb-8a6c-43bc-83d3-6b318c6c7305/providers/Microsoft.HDInsight/locations/North%20Central%20US/operationresults/471333d8-822d-41ff-a1af-243ba4452d71-0-r?api-version=2015-03-01-preview"
        ],
        "Retry-After": [
          "60"
        ],
        "x-ms-hdi-matched-rule": [
          "ClusterResourcesAndSubResources"
        ],
        "x-ms-hdi-routed-to": [
          "RegionalRp"
        ],
        "Azure-AsyncOperation": [
          "https://management.azure.com/subscriptions/964c10bb-8a6c-43bc-83d3-6b318c6c7305/providers/Microsoft.HDInsight/locations/North%20Central%20US/azureasyncoperations/471333d8-822d-41ff-a1af-243ba4452d71-0-r?api-version=2015-03-01-preview"
        ],
        "x-ms-request-id": [
          "e3e70dca-c785-4ceb-9720-474157cf16b3"
        ],
        "x-ms-hdi-served-by": [
          "northcentralus"
        ],
        "x-ms-correlation-request-id": [
          "94a90a66-84de-4527-92e8-91e688f0e1fb"
        ],
        "Strict-Transport-Security": [
          "max-age=31536000; includeSubDomains"
        ],
        "x-ms-ratelimit-remaining-subscription-deletes": [
          "14999"
        ],
        "x-ms-routing-request-id": [
          "JAPANEAST:20190404T033556Z:94a90a66-84de-4527-92e8-91e688f0e1fb"
        ],
        "X-Content-Type-Options": [
          "nosniff"
        ]
      },
      "StatusCode": 202
    },
    {
      "RequestUri": "/subscriptions/964c10bb-8a6c-43bc-83d3-6b318c6c7305/providers/Microsoft.HDInsight/locations/North%20Central%20US/azureasyncoperations/471333d8-822d-41ff-a1af-243ba4452d71-0-r?api-version=2015-03-01-preview",
      "EncodedRequestUri": "L3N1YnNjcmlwdGlvbnMvOTY0YzEwYmItOGE2Yy00M2JjLTgzZDMtNmIzMThjNmM3MzA1L3Byb3ZpZGVycy9NaWNyb3NvZnQuSERJbnNpZ2h0L2xvY2F0aW9ucy9Ob3J0aCUyMENlbnRyYWwlMjBVUy9henVyZWFzeW5jb3BlcmF0aW9ucy80NzEzMzNkOC04MjJkLTQxZmYtYTFhZi0yNDNiYTQ0NTJkNzEtMC1yP2FwaS12ZXJzaW9uPTIwMTUtMDMtMDEtcHJldmlldw==",
      "RequestMethod": "GET",
      "RequestBody": "",
      "RequestHeaders": {
        "User-Agent": [
          "ARM",
          "SDK",
          "v2.1.0"
        ],
        "x-ms-version": [
          "2015-03-01-preview"
        ]
      },
      "ResponseBody": "{\r\n  \"status\": \"InProgress\"\r\n}",
      "ResponseHeaders": {
        "Content-Type": [
          "application/json; charset=utf-8"
        ],
        "Expires": [
          "-1"
        ],
        "Cache-Control": [
          "no-cache"
        ],
        "Date": [
          "Thu, 04 Apr 2019 03:35:56 GMT"
        ],
        "Pragma": [
          "no-cache"
        ],
        "Transfer-Encoding": [
          "chunked"
        ],
        "Vary": [
          "Accept-Encoding"
        ],
        "x-ms-hdi-matched-rule": [
          "AsyncOperationsWithRegionalSuffix"
        ],
        "x-ms-hdi-routed-to": [
          "RegionalRp"
        ],
        "x-ms-request-id": [
          "d09adfd9-8331-4f63-a252-b9502c612bc9"
        ],
        "x-ms-hdi-served-by": [
          "northcentralus"
        ],
        "x-ms-correlation-request-id": [
          "da16cbb9-2e00-4d0b-b8de-42b3cee4b9fb"
        ],
        "Strict-Transport-Security": [
          "max-age=31536000; includeSubDomains"
        ],
        "x-ms-ratelimit-remaining-subscription-reads": [
          "11998"
        ],
        "x-ms-routing-request-id": [
          "JAPANEAST:20190404T033556Z:da16cbb9-2e00-4d0b-b8de-42b3cee4b9fb"
        ],
        "X-Content-Type-Options": [
          "nosniff"
        ]
      },
      "StatusCode": 200
    },
    {
      "RequestUri": "/subscriptions/964c10bb-8a6c-43bc-83d3-6b318c6c7305/providers/Microsoft.HDInsight/locations/North%20Central%20US/azureasyncoperations/471333d8-822d-41ff-a1af-243ba4452d71-0-r?api-version=2015-03-01-preview",
      "EncodedRequestUri": "L3N1YnNjcmlwdGlvbnMvOTY0YzEwYmItOGE2Yy00M2JjLTgzZDMtNmIzMThjNmM3MzA1L3Byb3ZpZGVycy9NaWNyb3NvZnQuSERJbnNpZ2h0L2xvY2F0aW9ucy9Ob3J0aCUyMENlbnRyYWwlMjBVUy9henVyZWFzeW5jb3BlcmF0aW9ucy80NzEzMzNkOC04MjJkLTQxZmYtYTFhZi0yNDNiYTQ0NTJkNzEtMC1yP2FwaS12ZXJzaW9uPTIwMTUtMDMtMDEtcHJldmlldw==",
      "RequestMethod": "GET",
      "RequestBody": "",
      "RequestHeaders": {
        "User-Agent": [
          "ARM",
          "SDK",
          "v2.1.0"
        ],
        "x-ms-version": [
          "2015-03-01-preview"
        ]
      },
      "ResponseBody": "{\r\n  \"status\": \"InProgress\"\r\n}",
      "ResponseHeaders": {
        "Content-Type": [
          "application/json; charset=utf-8"
        ],
        "Expires": [
          "-1"
        ],
        "Cache-Control": [
          "no-cache"
        ],
        "Date": [
          "Thu, 04 Apr 2019 03:36:56 GMT"
        ],
        "Pragma": [
          "no-cache"
        ],
        "Transfer-Encoding": [
          "chunked"
        ],
        "Vary": [
          "Accept-Encoding"
        ],
        "x-ms-hdi-matched-rule": [
          "AsyncOperationsWithRegionalSuffix"
        ],
        "x-ms-hdi-routed-to": [
          "RegionalRp"
        ],
        "x-ms-request-id": [
          "a17f7365-ad57-4fd8-a00e-c4e05bb0a360"
        ],
        "x-ms-hdi-served-by": [
          "northcentralus"
        ],
        "x-ms-correlation-request-id": [
          "04938461-d276-4eae-9e5c-590060789939"
        ],
        "Strict-Transport-Security": [
          "max-age=31536000; includeSubDomains"
        ],
        "x-ms-ratelimit-remaining-subscription-reads": [
          "11997"
        ],
        "x-ms-routing-request-id": [
          "JAPANEAST:20190404T033657Z:04938461-d276-4eae-9e5c-590060789939"
        ],
        "X-Content-Type-Options": [
          "nosniff"
        ]
      },
      "StatusCode": 200
    },
    {
      "RequestUri": "/subscriptions/964c10bb-8a6c-43bc-83d3-6b318c6c7305/providers/Microsoft.HDInsight/locations/North%20Central%20US/azureasyncoperations/471333d8-822d-41ff-a1af-243ba4452d71-0-r?api-version=2015-03-01-preview",
      "EncodedRequestUri": "L3N1YnNjcmlwdGlvbnMvOTY0YzEwYmItOGE2Yy00M2JjLTgzZDMtNmIzMThjNmM3MzA1L3Byb3ZpZGVycy9NaWNyb3NvZnQuSERJbnNpZ2h0L2xvY2F0aW9ucy9Ob3J0aCUyMENlbnRyYWwlMjBVUy9henVyZWFzeW5jb3BlcmF0aW9ucy80NzEzMzNkOC04MjJkLTQxZmYtYTFhZi0yNDNiYTQ0NTJkNzEtMC1yP2FwaS12ZXJzaW9uPTIwMTUtMDMtMDEtcHJldmlldw==",
      "RequestMethod": "GET",
      "RequestBody": "",
      "RequestHeaders": {
        "User-Agent": [
          "ARM",
          "SDK",
          "v2.1.0"
        ],
        "x-ms-version": [
          "2015-03-01-preview"
        ]
      },
      "ResponseBody": "{\r\n  \"status\": \"Succeeded\"\r\n}",
      "ResponseHeaders": {
        "Content-Type": [
          "application/json; charset=utf-8"
        ],
        "Expires": [
          "-1"
        ],
        "Cache-Control": [
          "no-cache"
        ],
        "Date": [
          "Thu, 04 Apr 2019 03:37:57 GMT"
        ],
        "Pragma": [
          "no-cache"
        ],
        "Transfer-Encoding": [
          "chunked"
        ],
        "Vary": [
          "Accept-Encoding"
        ],
        "x-ms-hdi-matched-rule": [
          "AsyncOperationsWithRegionalSuffix"
        ],
        "x-ms-hdi-routed-to": [
          "RegionalRp"
        ],
        "x-ms-request-id": [
          "5be8bf73-46ff-499e-bfb3-64dfd562ab77"
        ],
        "x-ms-hdi-served-by": [
          "northcentralus"
        ],
        "x-ms-correlation-request-id": [
          "4fcaa1a8-155e-4ee4-b974-779eb2c65f38"
        ],
        "Strict-Transport-Security": [
          "max-age=31536000; includeSubDomains"
        ],
        "x-ms-ratelimit-remaining-subscription-reads": [
          "11996"
        ],
        "x-ms-routing-request-id": [
          "JAPANEAST:20190404T033758Z:4fcaa1a8-155e-4ee4-b974-779eb2c65f38"
        ],
        "X-Content-Type-Options": [
          "nosniff"
        ]
      },
      "StatusCode": 200
    }
  ],
  "Names": {
    "CreateResourceGroup": [
      "hdi294"
    ]
  },
  "Variables": {
    "SubscriptionId": "964c10bb-8a6c-43bc-83d3-6b318c6c7305"
  }
}