{
  "Entries": [
    {
      "RequestUri": "https://management.azure.com/subscriptions/db1ab6f0-4769-4b27-930e-01e2ef9c123c/resourceGroups/dbaccount-7492/providers/Microsoft.DocumentDB/databaseAccounts/dbaccount-4951?api-version=2021-10-15",
      "RequestMethod": "GET",
      "RequestHeaders": {
        "Accept": "application/json",
        "Authorization": "Sanitized",
        "User-Agent": "azsdk-net-ResourceManager.CosmosDB/1.0.0-alpha.20211204.1 (.NET Framework 4.8.4420.0; Microsoft Windows 10.0.22000 )",
        "x-ms-client-request-id": "b15604e29c1a420dbeb00762ba73b6af",
        "x-ms-return-client-request-id": "true"
      },
      "RequestBody": null,
      "StatusCode": 200,
      "ResponseHeaders": {
        "Cache-Control": [
          "no-store",
          "no-cache"
        ],
        "Content-Length": "2420",
        "Content-Type": "application/json",
        "Date": "Sat, 04 Dec 2021 23:54:20 GMT",
        "Pragma": "no-cache",
        "Server": "Microsoft-HTTPAPI/2.0",
        "Strict-Transport-Security": "max-age=31536000; includeSubDomains",
        "X-Content-Type-Options": "nosniff",
        "x-ms-correlation-request-id": "c07b349a-93ac-466a-bcc2-8a628b5ce1a6",
        "x-ms-gatewayversion": "version=2.14.0",
        "x-ms-ratelimit-remaining-subscription-reads": "11928",
        "x-ms-request-id": "c07b349a-93ac-466a-bcc2-8a628b5ce1a6",
        "x-ms-routing-request-id": "EASTASIA:20211204T235420Z:c07b349a-93ac-466a-bcc2-8a628b5ce1a6"
      },
      "ResponseBody": {
        "id": "/subscriptions/db1ab6f0-4769-4b27-930e-01e2ef9c123c/resourceGroups/dbaccount-7492/providers/Microsoft.DocumentDB/databaseAccounts/dbaccount-4951",
        "name": "dbaccount-4951",
        "location": "West US 2",
        "type": "Microsoft.DocumentDB/databaseAccounts",
        "kind": "MongoDB",
        "tags": {
          "key1": "value1",
          "key2": "value2"
        },
        "systemData": {
          "createdAt": "2021-12-04T23:52:41.690343Z"
        },
        "properties": {
          "provisioningState": "Succeeded",
          "documentEndpoint": "https://dbaccount-4951.documents.azure.com:443/",
          "mongoEndpoint": "https://dbaccount-4951.mongo.cosmos.azure.com:443/",
          "publicNetworkAccess": "Enabled",
          "enableAutomaticFailover": false,
          "enableMultipleWriteLocations": false,
          "enablePartitionKeyMonitor": false,
          "isVirtualNetworkFilterEnabled": true,
          "virtualNetworkRules": [],
          "EnabledApiTypes": "MongoDB",
          "disableKeyBasedMetadataWriteAccess": false,
          "enableFreeTier": false,
          "enableAnalyticalStorage": false,
          "analyticalStorageConfiguration": {
            "schemaType": "FullFidelity"
          },
          "instanceId": "8ffa63a9-174f-4241-84ae-6813c9c1fc58",
          "databaseAccountOfferType": "Standard",
          "defaultIdentity": "FirstPartyIdentity",
          "networkAclBypass": "None",
          "disableLocalAuth": false,
          "consistencyPolicy": {
            "defaultConsistencyLevel": "BoundedStaleness",
            "maxIntervalInSeconds": 1000,
            "maxStalenessPrefix": 300
          },
          "apiProperties": {
            "serverVersion": "3.6"
          },
          "configurationOverrides": {
            "EnableBsonSchema": "True"
          },
          "writeLocations": [
            {
              "id": "dbaccount-4951-westus",
              "locationName": "West US",
              "documentEndpoint": "https://dbaccount-4951-westus.documents.azure.com:443/",
              "provisioningState": "Succeeded",
              "failoverPriority": 0,
              "isZoneRedundant": false
            }
          ],
          "readLocations": [
            {
              "id": "dbaccount-4951-westus",
              "locationName": "West US",
              "documentEndpoint": "https://dbaccount-4951-westus.documents.azure.com:443/",
              "provisioningState": "Succeeded",
              "failoverPriority": 0,
              "isZoneRedundant": false
            }
          ],
          "locations": [
            {
              "id": "dbaccount-4951-westus",
              "locationName": "West US",
              "documentEndpoint": "https://dbaccount-4951-westus.documents.azure.com:443/",
              "provisioningState": "Succeeded",
              "failoverPriority": 0,
              "isZoneRedundant": false
            }
          ],
          "failoverPolicies": [
            {
              "id": "dbaccount-4951-westus",
              "locationName": "West US",
              "failoverPriority": 0
            }
          ],
          "cors": [],
          "capabilities": [
            {
              "name": "EnableMongo"
            }
          ],
          "ipRules": [
            {
              "ipAddressOrRange": "23.43.230.120"
            }
          ],
          "backupPolicy": {
            "type": "Periodic",
            "periodicModeProperties": {
              "backupIntervalInMinutes": 240,
              "backupRetentionIntervalInHours": 8,
              "backupStorageRedundancy": "Geo"
            }
          },
          "networkAclBypassResourceIds": []
        },
        "identity": {
          "type": "None"
        }
      }
    },
    {
      "RequestUri": "https://management.azure.com/subscriptions/db1ab6f0-4769-4b27-930e-01e2ef9c123c/resourceGroups/dbaccount-7492/providers/Microsoft.DocumentDB/databaseAccounts/dbaccount-4951/mongodbDatabases/mongodb-5411?api-version=2021-10-15",
      "RequestMethod": "PUT",
      "RequestHeaders": {
        "Accept": "application/json",
        "Authorization": "Sanitized",
        "Content-Length": "108",
        "Content-Type": "application/json",
        "User-Agent": "azsdk-net-ResourceManager.CosmosDB/1.0.0-alpha.20211204.1 (.NET Framework 4.8.4420.0; Microsoft Windows 10.0.22000 )",
        "x-ms-client-request-id": "a2fe7246886755693561150bad484c52",
        "x-ms-return-client-request-id": "true"
      },
      "RequestBody": {
        "tags": {},
        "location": "westus",
        "properties": {
          "resource": {
            "id": "mongodb-5411"
          },
          "options": {
            "throughput": 700
          }
        }
      },
      "StatusCode": 202,
      "ResponseHeaders": {
        "Azure-AsyncOperation": "https://management.azure.com/subscriptions/db1ab6f0-4769-4b27-930e-01e2ef9c123c/providers/Microsoft.DocumentDB/locations/westus2/operationsStatus/cd1c131a-e70d-4612-ad96-4e91999439c6?api-version=2021-10-15",
        "Cache-Control": [
          "no-store",
          "no-cache"
        ],
        "Content-Length": "21",
        "Content-Type": "application/json",
        "Date": "Sat, 04 Dec 2021 23:54:21 GMT",
        "Location": "https://management.azure.com/subscriptions/db1ab6f0-4769-4b27-930e-01e2ef9c123c/resourceGroups/dbaccount-7492/providers/Microsoft.DocumentDB/databaseAccounts/dbaccount-4951/mongodbDatabases/mongodb-5411/operationResults/cd1c131a-e70d-4612-ad96-4e91999439c6?api-version=2021-10-15",
        "Pragma": "no-cache",
        "Server": "Microsoft-HTTPAPI/2.0",
        "Strict-Transport-Security": "max-age=31536000; includeSubDomains",
        "X-Content-Type-Options": "nosniff",
        "x-ms-correlation-request-id": "e860e12a-8765-409e-80cb-9daeb77e062f",
        "x-ms-gatewayversion": "version=2.14.0",
        "x-ms-ratelimit-remaining-subscription-writes": "1196",
        "x-ms-request-id": "cd1c131a-e70d-4612-ad96-4e91999439c6",
        "x-ms-routing-request-id": "EASTASIA:20211204T235421Z:e860e12a-8765-409e-80cb-9daeb77e062f"
      },
      "ResponseBody": {
        "status": "Enqueued"
      }
    },
    {
      "RequestUri": "https://management.azure.com/subscriptions/db1ab6f0-4769-4b27-930e-01e2ef9c123c/providers/Microsoft.DocumentDB/locations/westus2/operationsStatus/cd1c131a-e70d-4612-ad96-4e91999439c6?api-version=2021-10-15",
      "RequestMethod": "GET",
      "RequestHeaders": {
        "Authorization": "Sanitized",
        "User-Agent": "azsdk-net-ResourceManager/1.0.0-alpha.20211204.1 (.NET Framework 4.8.4420.0; Microsoft Windows 10.0.22000 )",
        "x-ms-client-request-id": "e1faf46d2ed004300d9b54d0ad484ae5",
        "x-ms-return-client-request-id": "true"
      },
      "RequestBody": null,
      "StatusCode": 200,
      "ResponseHeaders": {
        "Cache-Control": [
          "no-store",
          "no-cache"
        ],
        "Content-Length": "22",
        "Content-Type": "application/json",
        "Date": "Sat, 04 Dec 2021 23:54:29 GMT",
        "Pragma": "no-cache",
        "Server": "Microsoft-HTTPAPI/2.0",
        "Strict-Transport-Security": "max-age=31536000; includeSubDomains",
        "X-Content-Type-Options": "nosniff",
        "x-ms-correlation-request-id": "8046722b-efb0-41cb-aa56-75561cfb137a",
        "x-ms-gatewayversion": "version=2.14.0",
        "x-ms-ratelimit-remaining-subscription-reads": "11920",
        "x-ms-request-id": "8046722b-efb0-41cb-aa56-75561cfb137a",
        "x-ms-routing-request-id": "EASTASIA:20211204T235429Z:8046722b-efb0-41cb-aa56-75561cfb137a"
      },
      "ResponseBody": {
        "status": "Succeeded"
      }
    },
    {
      "RequestUri": "https://management.azure.com/subscriptions/db1ab6f0-4769-4b27-930e-01e2ef9c123c/resourceGroups/dbaccount-7492/providers/Microsoft.DocumentDB/databaseAccounts/dbaccount-4951/mongodbDatabases/mongodb-5411?api-version=2021-10-15",
      "RequestMethod": "GET",
      "RequestHeaders": {
        "Authorization": "Sanitized",
        "User-Agent": "azsdk-net-ResourceManager/1.0.0-alpha.20211204.1 (.NET Framework 4.8.4420.0; Microsoft Windows 10.0.22000 )",
        "x-ms-client-request-id": "f87262f2bf3f90002d8315b29f1fca8f",
        "x-ms-return-client-request-id": "true"
      },
      "RequestBody": null,
      "StatusCode": 200,
      "ResponseHeaders": {
        "Cache-Control": [
          "no-store",
          "no-cache"
        ],
        "Content-Length": "317",
        "Content-Type": "application/json",
        "Date": "Sat, 04 Dec 2021 23:54:30 GMT",
        "Pragma": "no-cache",
        "Server": "Microsoft-HTTPAPI/2.0",
        "Strict-Transport-Security": "max-age=31536000; includeSubDomains",
        "X-Content-Type-Options": "nosniff",
        "x-ms-correlation-request-id": "658ce243-192e-4959-b6cc-9804a1e596a3",
        "x-ms-gatewayversion": "version=2.14.0",
        "x-ms-ratelimit-remaining-subscription-reads": "11919",
        "x-ms-request-id": "658ce243-192e-4959-b6cc-9804a1e596a3",
        "x-ms-routing-request-id": "EASTASIA:20211204T235430Z:658ce243-192e-4959-b6cc-9804a1e596a3"
      },
      "ResponseBody": {
        "id": "/subscriptions/db1ab6f0-4769-4b27-930e-01e2ef9c123c/resourceGroups/dbaccount-7492/providers/Microsoft.DocumentDB/databaseAccounts/dbaccount-4951/mongodbDatabases/mongodb-5411",
        "type": "Microsoft.DocumentDB/databaseAccounts/mongodbDatabases",
        "name": "mongodb-5411",
        "properties": {
          "resource": {
            "id": "mongodb-5411"
          }
        }
      }
    },
    {
      "RequestUri": "https://management.azure.com/subscriptions/db1ab6f0-4769-4b27-930e-01e2ef9c123c/resourceGroups/dbaccount-7492/providers/Microsoft.DocumentDB/databaseAccounts/dbaccount-4951/mongodbDatabases/mongodb-5411/throughputSettings/default?api-version=2021-10-15",
      "RequestMethod": "GET",
      "RequestHeaders": {
        "Accept": "application/json",
        "Authorization": "Sanitized",
        "User-Agent": "azsdk-net-ResourceManager.CosmosDB/1.0.0-alpha.20211204.1 (.NET Framework 4.8.4420.0; Microsoft Windows 10.0.22000 )",
        "x-ms-client-request-id": "6732434cfdad4b2d37d6a529fc18cd20",
        "x-ms-return-client-request-id": "true"
      },
      "RequestBody": null,
      "StatusCode": 200,
      "ResponseHeaders": {
        "Cache-Control": [
          "no-store",
          "no-cache"
        ],
        "Content-Length": "378",
        "Content-Type": "application/json",
        "Date": "Sat, 04 Dec 2021 23:54:30 GMT",
        "Pragma": "no-cache",
        "Server": "Microsoft-HTTPAPI/2.0",
        "Strict-Transport-Security": "max-age=31536000; includeSubDomains",
        "X-Content-Type-Options": "nosniff",
        "x-ms-correlation-request-id": "db9b0fbc-49a3-4d14-ba87-69d2e618e1aa",
        "x-ms-gatewayversion": "version=2.14.0",
        "x-ms-ratelimit-remaining-subscription-reads": "11918",
        "x-ms-request-id": "db9b0fbc-49a3-4d14-ba87-69d2e618e1aa",
        "x-ms-routing-request-id": "EASTASIA:20211204T235430Z:db9b0fbc-49a3-4d14-ba87-69d2e618e1aa"
      },
      "ResponseBody": {
        "id": "/subscriptions/db1ab6f0-4769-4b27-930e-01e2ef9c123c/resourceGroups/dbaccount-7492/providers/Microsoft.DocumentDB/databaseAccounts/dbaccount-4951/mongodbDatabases/mongodb-5411/throughputSettings/default",
        "type": "Microsoft.DocumentDB/databaseAccounts/mongodbDatabases/throughputSettings",
        "name": "gJvJ",
        "properties": {
          "resource": {
            "throughput": 700,
            "minimumThroughput": "400"
          }
        }
      }
    },
    {
      "RequestUri": "https://management.azure.com/subscriptions/db1ab6f0-4769-4b27-930e-01e2ef9c123c/resourceGroups/dbaccount-7492/providers/Microsoft.DocumentDB/databaseAccounts/dbaccount-4951/mongodbDatabases/mongodb-5411/throughputSettings/default/migrateToAutoscale?api-version=2021-10-15",
      "RequestMethod": "POST",
      "RequestHeaders": {
        "Accept": "application/json",
        "Authorization": "Sanitized",
        "User-Agent": "azsdk-net-ResourceManager.CosmosDB/1.0.0-alpha.20211204.1 (.NET Framework 4.8.4420.0; Microsoft Windows 10.0.22000 )",
        "x-ms-client-request-id": "2ba4f49a2b6aae00f36ab44c197d64ed",
        "x-ms-return-client-request-id": "true"
      },
      "RequestBody": null,
      "StatusCode": 202,
      "ResponseHeaders": {
        "Azure-AsyncOperation": "https://management.azure.com/subscriptions/db1ab6f0-4769-4b27-930e-01e2ef9c123c/providers/Microsoft.DocumentDB/locations/westus2/operationsStatus/e3a88492-a5c9-4c69-95d9-ffcdf99d04a0?api-version=2021-10-15",
        "Cache-Control": [
          "no-store",
          "no-cache"
        ],
        "Content-Length": "21",
        "Content-Type": "application/json",
        "Date": "Sat, 04 Dec 2021 23:54:31 GMT",
        "Location": "https://management.azure.com/subscriptions/db1ab6f0-4769-4b27-930e-01e2ef9c123c/resourceGroups/dbaccount-7492/providers/Microsoft.DocumentDB/databaseAccounts/dbaccount-4951/mongodbDatabases/mongodb-5411/throughputSettings/default/migrateToAutoscale/operationResults/e3a88492-a5c9-4c69-95d9-ffcdf99d04a0?api-version=2021-10-15",
        "Pragma": "no-cache",
        "Server": "Microsoft-HTTPAPI/2.0",
        "Strict-Transport-Security": "max-age=31536000; includeSubDomains",
        "X-Content-Type-Options": "nosniff",
        "x-ms-correlation-request-id": "13f2735a-7ca8-4abf-9b18-1470ef5aff61",
        "x-ms-gatewayversion": "version=2.14.0",
        "x-ms-ratelimit-remaining-subscription-writes": "1199",
        "x-ms-request-id": "e3a88492-a5c9-4c69-95d9-ffcdf99d04a0",
        "x-ms-routing-request-id": "EASTASIA:20211204T235431Z:13f2735a-7ca8-4abf-9b18-1470ef5aff61"
      },
      "ResponseBody": {
        "status": "Enqueued"
      }
    },
    {
      "RequestUri": "https://management.azure.com/subscriptions/db1ab6f0-4769-4b27-930e-01e2ef9c123c/providers/Microsoft.DocumentDB/locations/westus2/operationsStatus/e3a88492-a5c9-4c69-95d9-ffcdf99d04a0?api-version=2021-10-15",
      "RequestMethod": "GET",
      "RequestHeaders": {
        "Authorization": "Sanitized",
        "User-Agent": "azsdk-net-ResourceManager/1.0.0-alpha.20211204.1 (.NET Framework 4.8.4420.0; Microsoft Windows 10.0.22000 )",
        "x-ms-client-request-id": "06c826185494bb0bbaf08a06d24eeda0",
        "x-ms-return-client-request-id": "true"
      },
      "RequestBody": null,
      "StatusCode": 200,
      "ResponseHeaders": {
        "Cache-Control": [
          "no-store",
          "no-cache"
        ],
        "Content-Length": "22",
        "Content-Type": "application/json",
        "Date": "Sat, 04 Dec 2021 23:54:39 GMT",
        "Pragma": "no-cache",
        "Server": "Microsoft-HTTPAPI/2.0",
        "Strict-Transport-Security": "max-age=31536000; includeSubDomains",
        "X-Content-Type-Options": "nosniff",
        "x-ms-correlation-request-id": "ee0ab767-bc36-4577-9eba-fb4bde7a3a35",
        "x-ms-gatewayversion": "version=2.14.0",
        "x-ms-ratelimit-remaining-subscription-reads": "11910",
        "x-ms-request-id": "ee0ab767-bc36-4577-9eba-fb4bde7a3a35",
        "x-ms-routing-request-id": "EASTASIA:20211204T235440Z:ee0ab767-bc36-4577-9eba-fb4bde7a3a35"
      },
      "ResponseBody": {
        "status": "Succeeded"
      }
    },
    {
      "RequestUri": "https://management.azure.com/subscriptions/db1ab6f0-4769-4b27-930e-01e2ef9c123c/resourceGroups/dbaccount-7492/providers/Microsoft.DocumentDB/databaseAccounts/dbaccount-4951/mongodbDatabases/mongodb-5411/throughputSettings/default/migrateToAutoscale/operationResults/e3a88492-a5c9-4c69-95d9-ffcdf99d04a0?api-version=2021-10-15",
      "RequestMethod": "GET",
      "RequestHeaders": {
        "Authorization": "Sanitized",
        "User-Agent": "azsdk-net-ResourceManager/1.0.0-alpha.20211204.1 (.NET Framework 4.8.4420.0; Microsoft Windows 10.0.22000 )",
        "x-ms-client-request-id": "c187db982ed401409765b05f1941b9d1",
        "x-ms-return-client-request-id": "true"
      },
      "RequestBody": null,
      "StatusCode": 200,
      "ResponseHeaders": {
        "Cache-Control": [
          "no-store",
          "no-cache"
        ],
        "Content-Length": "460",
        "Content-Type": "application/json",
        "Date": "Sat, 04 Dec 2021 23:54:39 GMT",
        "Pragma": "no-cache",
        "Server": "Microsoft-HTTPAPI/2.0",
        "Strict-Transport-Security": "max-age=31536000; includeSubDomains",
        "X-Content-Type-Options": "nosniff",
        "x-ms-correlation-request-id": "6b292e9b-4388-4cae-972c-f4ef16733118",
        "x-ms-gatewayversion": "version=2.14.0",
        "x-ms-ratelimit-remaining-subscription-reads": "11909",
        "x-ms-request-id": "6b292e9b-4388-4cae-972c-f4ef16733118",
        "x-ms-routing-request-id": "EASTASIA:20211204T235440Z:6b292e9b-4388-4cae-972c-f4ef16733118"
      },
      "ResponseBody": {
        "id": "/subscriptions/db1ab6f0-4769-4b27-930e-01e2ef9c123c/resourceGroups/dbaccount-7492/providers/Microsoft.DocumentDB/databaseAccounts/dbaccount-4951/mongodbDatabases/mongodb-5411/throughputSettings/default/migrateToAutoscale",
        "type": "Microsoft.DocumentDB/databaseAccounts/mongodbDatabases/throughputSettings/migrateToAutoscale",
        "name": "gJvJ",
        "properties": {
          "resource": {
            "throughput": 400,
            "autoscaleSettings": {
              "maxThroughput": 4000
            },
            "minimumThroughput": "4000"
          }
        }
      }
    },
    {
      "RequestUri": "https://management.azure.com/subscriptions/db1ab6f0-4769-4b27-930e-01e2ef9c123c/providers/Microsoft.DocumentDB/locations/westus2/operationsStatus/e3a88492-a5c9-4c69-95d9-ffcdf99d04a0?api-version=2021-10-15",
      "RequestMethod": "GET",
      "RequestHeaders": {
        "Authorization": "Sanitized",
        "User-Agent": "azsdk-net-ResourceManager/1.0.0-alpha.20211204.1 (.NET Framework 4.8.4420.0; Microsoft Windows 10.0.22000 )",
        "x-ms-client-request-id": "a3ecc72e85dd562970e75e9777041563",
        "x-ms-return-client-request-id": "true"
      },
      "RequestBody": null,
      "StatusCode": 200,
      "ResponseHeaders": {
        "Cache-Control": [
          "no-store",
          "no-cache"
        ],
        "Content-Length": "22",
        "Content-Type": "application/json",
        "Date": "Sat, 04 Dec 2021 23:54:40 GMT",
        "Pragma": "no-cache",
        "Server": "Microsoft-HTTPAPI/2.0",
        "Strict-Transport-Security": "max-age=31536000; includeSubDomains",
        "X-Content-Type-Options": "nosniff",
        "x-ms-correlation-request-id": "70f7075e-6094-47d1-be7b-3fde820aa7c7",
        "x-ms-gatewayversion": "version=2.14.0",
        "x-ms-ratelimit-remaining-subscription-reads": "11908",
        "x-ms-request-id": "70f7075e-6094-47d1-be7b-3fde820aa7c7",
        "x-ms-routing-request-id": "EASTASIA:20211204T235440Z:70f7075e-6094-47d1-be7b-3fde820aa7c7"
      },
      "ResponseBody": {
        "status": "Succeeded"
      }
    },
    {
      "RequestUri": "https://management.azure.com/subscriptions/db1ab6f0-4769-4b27-930e-01e2ef9c123c/resourceGroups/dbaccount-7492/providers/Microsoft.DocumentDB/databaseAccounts/dbaccount-4951/mongodbDatabases/mongodb-5411/throughputSettings/default/migrateToAutoscale/operationResults/e3a88492-a5c9-4c69-95d9-ffcdf99d04a0?api-version=2021-10-15",
      "RequestMethod": "GET",
      "RequestHeaders": {
        "Authorization": "Sanitized",
        "User-Agent": "azsdk-net-ResourceManager/1.0.0-alpha.20211204.1 (.NET Framework 4.8.4420.0; Microsoft Windows 10.0.22000 )",
        "x-ms-client-request-id": "e6c2795254c6ea9ee6c66e2ea3aba278",
        "x-ms-return-client-request-id": "true"
      },
      "RequestBody": null,
      "StatusCode": 200,
      "ResponseHeaders": {
        "Cache-Control": [
          "no-store",
          "no-cache"
        ],
        "Content-Length": "460",
        "Content-Type": "application/json",
        "Date": "Sat, 04 Dec 2021 23:54:40 GMT",
        "Pragma": "no-cache",
        "Server": "Microsoft-HTTPAPI/2.0",
        "Strict-Transport-Security": "max-age=31536000; includeSubDomains",
        "X-Content-Type-Options": "nosniff",
        "x-ms-correlation-request-id": "39e5036e-688a-4724-9cbb-e679b80319e3",
        "x-ms-gatewayversion": "version=2.14.0",
        "x-ms-ratelimit-remaining-subscription-reads": "11907",
        "x-ms-request-id": "39e5036e-688a-4724-9cbb-e679b80319e3",
        "x-ms-routing-request-id": "EASTASIA:20211204T235440Z:39e5036e-688a-4724-9cbb-e679b80319e3"
      },
      "ResponseBody": {
        "id": "/subscriptions/db1ab6f0-4769-4b27-930e-01e2ef9c123c/resourceGroups/dbaccount-7492/providers/Microsoft.DocumentDB/databaseAccounts/dbaccount-4951/mongodbDatabases/mongodb-5411/throughputSettings/default/migrateToAutoscale",
        "type": "Microsoft.DocumentDB/databaseAccounts/mongodbDatabases/throughputSettings/migrateToAutoscale",
        "name": "gJvJ",
        "properties": {
          "resource": {
            "throughput": 400,
            "autoscaleSettings": {
              "maxThroughput": 4000
            },
            "minimumThroughput": "4000"
          }
        }
      }
    },
    {
      "RequestUri": "https://management.azure.com/subscriptions/db1ab6f0-4769-4b27-930e-01e2ef9c123c/resourceGroups/dbaccount-7492/providers/Microsoft.DocumentDB/databaseAccounts/dbaccount-4951/mongodbDatabases/mongodb-5411?api-version=2021-10-15",
      "RequestMethod": "GET",
      "RequestHeaders": {
        "Accept": "application/json",
        "Authorization": "Sanitized",
        "User-Agent": "azsdk-net-ResourceManager.CosmosDB/1.0.0-alpha.20211204.1 (.NET Framework 4.8.4420.0; Microsoft Windows 10.0.22000 )",
        "x-ms-client-request-id": "0bd7b937496213c2b13150edd0a98a92",
        "x-ms-return-client-request-id": "true"
      },
      "RequestBody": null,
      "StatusCode": 200,
      "ResponseHeaders": {
        "Cache-Control": [
          "no-store",
          "no-cache"
        ],
        "Content-Length": "317",
        "Content-Type": "application/json",
        "Date": "Sat, 04 Dec 2021 23:54:40 GMT",
        "Pragma": "no-cache",
        "Server": "Microsoft-HTTPAPI/2.0",
        "Strict-Transport-Security": "max-age=31536000; includeSubDomains",
        "X-Content-Type-Options": "nosniff",
        "x-ms-correlation-request-id": "9ea20dda-e78f-482e-afa7-590e49d989d6",
        "x-ms-gatewayversion": "version=2.14.0",
        "x-ms-ratelimit-remaining-subscription-reads": "11906",
        "x-ms-request-id": "9ea20dda-e78f-482e-afa7-590e49d989d6",
        "x-ms-routing-request-id": "EASTASIA:20211204T235441Z:9ea20dda-e78f-482e-afa7-590e49d989d6"
      },
      "ResponseBody": {
        "id": "/subscriptions/db1ab6f0-4769-4b27-930e-01e2ef9c123c/resourceGroups/dbaccount-7492/providers/Microsoft.DocumentDB/databaseAccounts/dbaccount-4951/mongodbDatabases/mongodb-5411",
        "type": "Microsoft.DocumentDB/databaseAccounts/mongodbDatabases",
        "name": "mongodb-5411",
        "properties": {
          "resource": {
            "id": "mongodb-5411"
          }
        }
      }
    },
    {
      "RequestUri": "https://management.azure.com/subscriptions/db1ab6f0-4769-4b27-930e-01e2ef9c123c/resourceGroups/dbaccount-7492/providers/Microsoft.DocumentDB/databaseAccounts/dbaccount-4951/mongodbDatabases/mongodb-5411?api-version=2021-10-15",
      "RequestMethod": "DELETE",
      "RequestHeaders": {
        "Authorization": "Sanitized",
        "User-Agent": "azsdk-net-ResourceManager.CosmosDB/1.0.0-alpha.20211204.1 (.NET Framework 4.8.4420.0; Microsoft Windows 10.0.22000 )",
        "x-ms-client-request-id": "9f0d4c4fd27eda0b2802bd1716fab3c5",
        "x-ms-return-client-request-id": "true"
      },
      "RequestBody": null,
      "StatusCode": 202,
      "ResponseHeaders": {
        "Azure-AsyncOperation": "https://management.azure.com/subscriptions/db1ab6f0-4769-4b27-930e-01e2ef9c123c/providers/Microsoft.DocumentDB/locations/westus2/operationsStatus/bb4f421a-88e3-4560-b004-264773a28562?api-version=2021-10-15",
        "Cache-Control": [
          "no-store",
          "no-cache"
        ],
        "Content-Length": "21",
        "Content-Type": "application/json",
        "Date": "Sat, 04 Dec 2021 23:54:41 GMT",
        "Location": "https://management.azure.com/subscriptions/db1ab6f0-4769-4b27-930e-01e2ef9c123c/resourceGroups/dbaccount-7492/providers/Microsoft.DocumentDB/databaseAccounts/dbaccount-4951/mongodbDatabases/mongodb-5411/operationResults/bb4f421a-88e3-4560-b004-264773a28562?api-version=2021-10-15",
        "Pragma": "no-cache",
        "Server": "Microsoft-HTTPAPI/2.0",
        "Strict-Transport-Security": "max-age=31536000; includeSubDomains",
        "X-Content-Type-Options": "nosniff",
        "x-ms-correlation-request-id": "1924d64c-4081-48c4-abc5-ef45d6d4a402",
        "x-ms-gatewayversion": "version=2.14.0",
        "x-ms-ratelimit-remaining-subscription-deletes": "14996",
        "x-ms-request-id": "bb4f421a-88e3-4560-b004-264773a28562",
        "x-ms-routing-request-id": "EASTASIA:20211204T235441Z:1924d64c-4081-48c4-abc5-ef45d6d4a402"
      },
      "ResponseBody": {
        "status": "Enqueued"
      }
    },
    {
      "RequestUri": "https://management.azure.com/subscriptions/db1ab6f0-4769-4b27-930e-01e2ef9c123c/providers/Microsoft.DocumentDB/locations/westus2/operationsStatus/bb4f421a-88e3-4560-b004-264773a28562?api-version=2021-10-15",
      "RequestMethod": "GET",
      "RequestHeaders": {
        "Authorization": "Sanitized",
        "User-Agent": "azsdk-net-ResourceManager/1.0.0-alpha.20211204.1 (.NET Framework 4.8.4420.0; Microsoft Windows 10.0.22000 )",
        "x-ms-client-request-id": "201ddb885e5fb76e8b6cc381528d25c1",
        "x-ms-return-client-request-id": "true"
      },
      "RequestBody": null,
      "StatusCode": 200,
      "ResponseHeaders": {
        "Cache-Control": [
          "no-store",
          "no-cache"
        ],
        "Content-Length": "22",
        "Content-Type": "application/json",
        "Date": "Sat, 04 Dec 2021 23:54:47 GMT",
        "Pragma": "no-cache",
        "Server": "Microsoft-HTTPAPI/2.0",
        "Strict-Transport-Security": "max-age=31536000; includeSubDomains",
        "X-Content-Type-Options": "nosniff",
        "x-ms-correlation-request-id": "01aa478f-eb82-42a3-899e-dc5abdd57fcb",
        "x-ms-gatewayversion": "version=2.14.0",
        "x-ms-ratelimit-remaining-subscription-reads": "11900",
        "x-ms-request-id": "01aa478f-eb82-42a3-899e-dc5abdd57fcb",
        "x-ms-routing-request-id": "EASTASIA:20211204T235448Z:01aa478f-eb82-42a3-899e-dc5abdd57fcb"
      },
      "ResponseBody": {
        "status": "Succeeded"
      }
    }
  ],
  "Variables": {
    "RandomSeed": "933704641",
    "RESOURCE_MANAGER_URL": null,
    "SUBSCRIPTION_ID": "db1ab6f0-4769-4b27-930e-01e2ef9c123c"
  }
}