{
  "Entries": [
    {
      "RequestUri": "https://management.azure.com/subscriptions/db1ab6f0-4769-4b27-930e-01e2ef9c123c/resourceGroups/dbaccount-2451/providers/Microsoft.DocumentDB/databaseAccounts/dbaccount-7661?api-version=2022-11-15-preview",
      "RequestMethod": "GET",
      "RequestHeaders": {
        "Accept": "application/json",
        "Authorization": "Sanitized",
        "traceparent": "00-7053bcaef7d2c84fb570d8d8d25cd4ca-8f65c000f9aa0941-00",
        "User-Agent": "azsdk-net-ResourceManager.CosmosDB/1.4.0-alpha.20230511.1 (.NET Framework 4.8.9139.0; Microsoft Windows 10.0.22621 )",
        "x-ms-client-request-id": "55fb33753b33fe9752759f9226a0d57b",
        "x-ms-return-client-request-id": "true"
      },
      "RequestBody": null,
      "StatusCode": 200,
      "ResponseHeaders": {
        "Cache-Control": "no-store, no-cache",
        "Content-Length": "2970",
        "Content-Type": "application/json",
        "Date": "Thu, 11 May 2023 04:16:01 GMT",
        "Pragma": "no-cache",
        "Server": "Microsoft-HTTPAPI/2.0",
        "Strict-Transport-Security": "max-age=31536000; includeSubDomains",
        "X-Content-Type-Options": "nosniff",
        "x-ms-correlation-request-id": "2a800624-0dbb-4f68-9890-65adc7512948",
        "x-ms-gatewayversion": "version=2.14.0",
        "x-ms-ratelimit-remaining-subscription-reads": "11997",
        "x-ms-request-id": "2a800624-0dbb-4f68-9890-65adc7512948",
        "x-ms-routing-request-id": "SOUTHEASTASIA:20230511T041601Z:2a800624-0dbb-4f68-9890-65adc7512948"
      },
      "ResponseBody": {
        "id": "/subscriptions/db1ab6f0-4769-4b27-930e-01e2ef9c123c/resourceGroups/dbaccount-2451/providers/Microsoft.DocumentDB/databaseAccounts/dbaccount-7661",
        "name": "dbaccount-7661",
        "location": "West US 2",
        "type": "Microsoft.DocumentDB/databaseAccounts",
        "kind": "MongoDB",
        "tags": {
          "key1": "value1",
          "key2": "value2"
        },
        "systemData": {
          "createdAt": "2023-05-11T04:14:59.6799977Z"
        },
        "properties": {
          "provisioningState": "Succeeded",
          "documentEndpoint": "https://dbaccount-7661.documents.azure.com:443/",
          "sqlEndpoint": "https://dbaccount-7661.documents.azure.com:443/",
          "mongoEndpoint": "https://dbaccount-7661.mongo.cosmos.azure.com:443/",
          "publicNetworkAccess": "Enabled",
          "enableAutomaticFailover": false,
          "enableMultipleWriteLocations": false,
          "enablePartitionKeyMonitor": false,
          "isVirtualNetworkFilterEnabled": true,
          "virtualNetworkRules": [],
          "EnabledApiTypes": "MongoDB",
          "disableKeyBasedMetadataWriteAccess": false,
          "enableFreeTier": false,
          "enableAnalyticalStorage": false,
          "analyticalStorageConfiguration": {
            "schemaType": "FullFidelity"
          },
          "instanceId": "2ba087c3-051b-43e5-a3e4-6b7934790f41",
          "databaseAccountOfferType": "Standard",
          "enableMaterializedViews": false,
          "defaultIdentity": "FirstPartyIdentity",
          "networkAclBypass": "None",
          "disableLocalAuth": false,
          "enablePartitionMerge": false,
          "enableBurstCapacity": false,
          "minimalTlsVersion": "Tls12",
          "consistencyPolicy": {
            "defaultConsistencyLevel": "BoundedStaleness",
            "maxIntervalInSeconds": 1000,
            "maxStalenessPrefix": 300
          },
          "apiProperties": {
            "serverVersion": "3.6"
          },
          "configurationOverrides": {
            "EnableBsonSchema": "True"
          },
          "writeLocations": [
            {
              "id": "dbaccount-7661-westus",
              "locationName": "West US",
              "documentEndpoint": "https://dbaccount-7661-westus.documents.azure.com:443/",
              "provisioningState": "Succeeded",
              "failoverPriority": 0,
              "isZoneRedundant": false
            }
          ],
          "readLocations": [
            {
              "id": "dbaccount-7661-westus",
              "locationName": "West US",
              "documentEndpoint": "https://dbaccount-7661-westus.documents.azure.com:443/",
              "provisioningState": "Succeeded",
              "failoverPriority": 0,
              "isZoneRedundant": false
            }
          ],
          "locations": [
            {
              "id": "dbaccount-7661-westus",
              "locationName": "West US",
              "documentEndpoint": "https://dbaccount-7661-westus.documents.azure.com:443/",
              "provisioningState": "Succeeded",
              "failoverPriority": 0,
              "isZoneRedundant": false
            }
          ],
          "failoverPolicies": [
            {
              "id": "dbaccount-7661-westus",
              "locationName": "West US",
              "failoverPriority": 0
            }
          ],
          "cors": [],
          "capabilities": [
            {
              "name": "EnableMongo"
            }
          ],
          "ipRules": [
            {
              "ipAddressOrRange": "23.43.230.120"
            }
          ],
          "backupPolicy": {
            "type": "Periodic",
            "periodicModeProperties": {
              "backupIntervalInMinutes": 240,
              "backupRetentionIntervalInHours": 8,
              "backupStorageRedundancy": "Geo"
            }
          },
          "networkAclBypassResourceIds": [],
          "diagnosticLogSettings": {
            "enableFullTextQuery": "None"
          },
          "keysMetadata": {
            "primaryMasterKey": {
              "generationTime": "2023-05-11T04:14:59.6799977Z"
            },
            "secondaryMasterKey": {
              "generationTime": "2023-05-11T04:14:59.6799977Z"
            },
            "primaryReadonlyMasterKey": {
              "generationTime": "2023-05-11T04:14:59.6799977Z"
            },
            "secondaryReadonlyMasterKey": {
              "generationTime": "2023-05-11T04:14:59.6799977Z"
            }
          }
        },
        "identity": {
          "type": "None"
        }
      }
    },
    {
      "RequestUri": "https://management.azure.com/subscriptions/db1ab6f0-4769-4b27-930e-01e2ef9c123c/resourceGroups/dbaccount-2451/providers/Microsoft.DocumentDB/databaseAccounts/dbaccount-7661/mongodbDatabases/mongodb-1600?api-version=2022-11-15-preview",
      "RequestMethod": "PUT",
      "RequestHeaders": {
        "Accept": "application/json",
        "Authorization": "Sanitized",
        "Content-Length": "108",
        "Content-Type": "application/json",
        "traceparent": "00-e6e432c9a8f6244ab33858cb7c3b4416-196a2c91b6700640-00",
        "User-Agent": "azsdk-net-ResourceManager.CosmosDB/1.4.0-alpha.20230511.1 (.NET Framework 4.8.9139.0; Microsoft Windows 10.0.22621 )",
        "x-ms-client-request-id": "9c5c2d0d9a9f0ded1294fe7960145e92",
        "x-ms-return-client-request-id": "true"
      },
      "RequestBody": {
        "tags": {},
        "location": "westus",
        "properties": {
          "resource": {
            "id": "mongodb-1600"
          },
          "options": {
            "throughput": 700
          }
        }
      },
      "StatusCode": 202,
      "ResponseHeaders": {
        "Azure-AsyncOperation": "https://management.azure.com/subscriptions/db1ab6f0-4769-4b27-930e-01e2ef9c123c/providers/Microsoft.DocumentDB/locations/westus2/operationsStatus/4ea3a31f-8285-4773-9e21-c884563a03da?api-version=2022-11-15-preview",
        "Cache-Control": "no-store, no-cache",
        "Content-Length": "21",
        "Content-Type": "application/json",
        "Date": "Thu, 11 May 2023 04:16:03 GMT",
        "Location": "https://management.azure.com/subscriptions/db1ab6f0-4769-4b27-930e-01e2ef9c123c/resourceGroups/dbaccount-2451/providers/Microsoft.DocumentDB/databaseAccounts/dbaccount-7661/mongodbDatabases/mongodb-1600/operationResults/4ea3a31f-8285-4773-9e21-c884563a03da?api-version=2022-11-15-preview",
        "Pragma": "no-cache",
        "Server": "Microsoft-HTTPAPI/2.0",
        "Strict-Transport-Security": "max-age=31536000; includeSubDomains",
        "X-Content-Type-Options": "nosniff",
        "x-ms-correlation-request-id": "bcb04309-4619-493e-8e10-84a6824a0e13",
        "x-ms-gatewayversion": "version=2.14.0",
        "x-ms-ratelimit-remaining-subscription-writes": "1199",
        "x-ms-request-id": "4ea3a31f-8285-4773-9e21-c884563a03da",
        "x-ms-routing-request-id": "SOUTHEASTASIA:20230511T041603Z:bcb04309-4619-493e-8e10-84a6824a0e13"
      },
      "ResponseBody": {
        "status": "Enqueued"
      }
    },
    {
      "RequestUri": "https://management.azure.com/subscriptions/db1ab6f0-4769-4b27-930e-01e2ef9c123c/providers/Microsoft.DocumentDB/locations/westus2/operationsStatus/4ea3a31f-8285-4773-9e21-c884563a03da?api-version=2022-11-15-preview",
      "RequestMethod": "GET",
      "RequestHeaders": {
        "Authorization": "Sanitized",
        "traceparent": "00-e6e432c9a8f6244ab33858cb7c3b4416-d95c4c0827a16c40-00",
        "User-Agent": "azsdk-net-ResourceManager/1.5.0 (.NET Framework 4.8.9139.0; Microsoft Windows 10.0.22621 )",
        "x-ms-client-request-id": "e68c3063f22798d50d4821a79984f261",
        "x-ms-return-client-request-id": "true"
      },
      "RequestBody": null,
      "StatusCode": 200,
      "ResponseHeaders": {
        "Cache-Control": "no-store, no-cache",
        "Content-Length": "21",
        "Content-Type": "application/json",
        "Date": "Thu, 11 May 2023 04:16:03 GMT",
        "Pragma": "no-cache",
        "Server": "Microsoft-HTTPAPI/2.0",
        "Strict-Transport-Security": "max-age=31536000; includeSubDomains",
        "X-Content-Type-Options": "nosniff",
        "x-ms-correlation-request-id": "1120d208-0cf1-4f97-93e7-3bd767dfeddf",
        "x-ms-gatewayversion": "version=2.14.0",
        "x-ms-ratelimit-remaining-subscription-reads": "11996",
        "x-ms-request-id": "1120d208-0cf1-4f97-93e7-3bd767dfeddf",
        "x-ms-routing-request-id": "SOUTHEASTASIA:20230511T041603Z:1120d208-0cf1-4f97-93e7-3bd767dfeddf"
      },
      "ResponseBody": {
        "status": "Enqueued"
      }
    },
    {
      "RequestUri": "https://management.azure.com/subscriptions/db1ab6f0-4769-4b27-930e-01e2ef9c123c/providers/Microsoft.DocumentDB/locations/westus2/operationsStatus/4ea3a31f-8285-4773-9e21-c884563a03da?api-version=2022-11-15-preview",
      "RequestMethod": "GET",
      "RequestHeaders": {
        "Authorization": "Sanitized",
        "traceparent": "00-e6e432c9a8f6244ab33858cb7c3b4416-61e36d23bcc7704f-00",
        "User-Agent": "azsdk-net-ResourceManager/1.5.0 (.NET Framework 4.8.9139.0; Microsoft Windows 10.0.22621 )",
        "x-ms-client-request-id": "e8a60041366b8a4796ec1e22e6c88352",
        "x-ms-return-client-request-id": "true"
      },
      "RequestBody": null,
      "StatusCode": 200,
      "ResponseHeaders": {
        "Cache-Control": "no-store, no-cache",
        "Content-Length": "21",
        "Content-Type": "application/json",
        "Date": "Thu, 11 May 2023 04:16:04 GMT",
        "Pragma": "no-cache",
        "Server": "Microsoft-HTTPAPI/2.0",
        "Strict-Transport-Security": "max-age=31536000; includeSubDomains",
        "X-Content-Type-Options": "nosniff",
        "x-ms-correlation-request-id": "a046d327-4860-4199-aea9-57ff4a9f4290",
        "x-ms-gatewayversion": "version=2.14.0",
        "x-ms-ratelimit-remaining-subscription-reads": "11995",
        "x-ms-request-id": "a046d327-4860-4199-aea9-57ff4a9f4290",
        "x-ms-routing-request-id": "SOUTHEASTASIA:20230511T041605Z:a046d327-4860-4199-aea9-57ff4a9f4290"
      },
      "ResponseBody": {
        "status": "Enqueued"
      }
    },
    {
      "RequestUri": "https://management.azure.com/subscriptions/db1ab6f0-4769-4b27-930e-01e2ef9c123c/providers/Microsoft.DocumentDB/locations/westus2/operationsStatus/4ea3a31f-8285-4773-9e21-c884563a03da?api-version=2022-11-15-preview",
      "RequestMethod": "GET",
      "RequestHeaders": {
        "Authorization": "Sanitized",
        "traceparent": "00-e6e432c9a8f6244ab33858cb7c3b4416-c900aabdf2a9c648-00",
        "User-Agent": "azsdk-net-ResourceManager/1.5.0 (.NET Framework 4.8.9139.0; Microsoft Windows 10.0.22621 )",
        "x-ms-client-request-id": "2f16a09978878d6ae2d2361261f0d7fa",
        "x-ms-return-client-request-id": "true"
      },
      "RequestBody": null,
      "StatusCode": 200,
      "ResponseHeaders": {
        "Cache-Control": "no-store, no-cache",
        "Content-Length": "21",
        "Content-Type": "application/json",
        "Date": "Thu, 11 May 2023 04:16:06 GMT",
        "Pragma": "no-cache",
        "Server": "Microsoft-HTTPAPI/2.0",
        "Strict-Transport-Security": "max-age=31536000; includeSubDomains",
        "X-Content-Type-Options": "nosniff",
        "x-ms-correlation-request-id": "839d2727-55dd-47ec-a9e5-9d7528f76739",
        "x-ms-gatewayversion": "version=2.14.0",
        "x-ms-ratelimit-remaining-subscription-reads": "11994",
        "x-ms-request-id": "839d2727-55dd-47ec-a9e5-9d7528f76739",
        "x-ms-routing-request-id": "SOUTHEASTASIA:20230511T041606Z:839d2727-55dd-47ec-a9e5-9d7528f76739"
      },
      "ResponseBody": {
        "status": "Enqueued"
      }
    },
    {
      "RequestUri": "https://management.azure.com/subscriptions/db1ab6f0-4769-4b27-930e-01e2ef9c123c/providers/Microsoft.DocumentDB/locations/westus2/operationsStatus/4ea3a31f-8285-4773-9e21-c884563a03da?api-version=2022-11-15-preview",
      "RequestMethod": "GET",
      "RequestHeaders": {
        "Authorization": "Sanitized",
        "traceparent": "00-e6e432c9a8f6244ab33858cb7c3b4416-ece958ae18720644-00",
        "User-Agent": "azsdk-net-ResourceManager/1.5.0 (.NET Framework 4.8.9139.0; Microsoft Windows 10.0.22621 )",
        "x-ms-client-request-id": "8ae3538913192df3e8014f3bd4b2b245",
        "x-ms-return-client-request-id": "true"
      },
      "RequestBody": null,
      "StatusCode": 200,
      "ResponseHeaders": {
        "Cache-Control": "no-store, no-cache",
        "Content-Length": "21",
        "Content-Type": "application/json",
        "Date": "Thu, 11 May 2023 04:16:07 GMT",
        "Pragma": "no-cache",
        "Server": "Microsoft-HTTPAPI/2.0",
        "Strict-Transport-Security": "max-age=31536000; includeSubDomains",
        "X-Content-Type-Options": "nosniff",
        "x-ms-correlation-request-id": "11185836-3cb5-4f68-9e39-fbf006b26a5a",
        "x-ms-gatewayversion": "version=2.14.0",
        "x-ms-ratelimit-remaining-subscription-reads": "11993",
        "x-ms-request-id": "11185836-3cb5-4f68-9e39-fbf006b26a5a",
        "x-ms-routing-request-id": "SOUTHEASTASIA:20230511T041607Z:11185836-3cb5-4f68-9e39-fbf006b26a5a"
      },
      "ResponseBody": {
        "status": "Dequeued"
      }
    },
    {
      "RequestUri": "https://management.azure.com/subscriptions/db1ab6f0-4769-4b27-930e-01e2ef9c123c/providers/Microsoft.DocumentDB/locations/westus2/operationsStatus/4ea3a31f-8285-4773-9e21-c884563a03da?api-version=2022-11-15-preview",
      "RequestMethod": "GET",
      "RequestHeaders": {
        "Authorization": "Sanitized",
        "traceparent": "00-e6e432c9a8f6244ab33858cb7c3b4416-cd0e5b816a8d5e4c-00",
        "User-Agent": "azsdk-net-ResourceManager/1.5.0 (.NET Framework 4.8.9139.0; Microsoft Windows 10.0.22621 )",
        "x-ms-client-request-id": "f90dcec5c26ec9d995190599ff3528a6",
        "x-ms-return-client-request-id": "true"
      },
      "RequestBody": null,
      "StatusCode": 200,
      "ResponseHeaders": {
        "Cache-Control": "no-store, no-cache",
        "Content-Length": "22",
        "Content-Type": "application/json",
        "Date": "Thu, 11 May 2023 04:16:09 GMT",
        "Pragma": "no-cache",
        "Server": "Microsoft-HTTPAPI/2.0",
        "Strict-Transport-Security": "max-age=31536000; includeSubDomains",
        "X-Content-Type-Options": "nosniff",
        "x-ms-correlation-request-id": "4e510baf-da80-4659-bdc4-6f0e6326d149",
        "x-ms-gatewayversion": "version=2.14.0",
        "x-ms-ratelimit-remaining-subscription-reads": "11992",
        "x-ms-request-id": "4e510baf-da80-4659-bdc4-6f0e6326d149",
        "x-ms-routing-request-id": "SOUTHEASTASIA:20230511T041610Z:4e510baf-da80-4659-bdc4-6f0e6326d149"
      },
      "ResponseBody": {
        "status": "Succeeded"
      }
    },
    {
      "RequestUri": "https://management.azure.com/subscriptions/db1ab6f0-4769-4b27-930e-01e2ef9c123c/resourceGroups/dbaccount-2451/providers/Microsoft.DocumentDB/databaseAccounts/dbaccount-7661/mongodbDatabases/mongodb-1600?api-version=2022-11-15-preview",
      "RequestMethod": "GET",
      "RequestHeaders": {
        "Authorization": "Sanitized",
        "traceparent": "00-e6e432c9a8f6244ab33858cb7c3b4416-061bef928ca11146-00",
        "User-Agent": "azsdk-net-ResourceManager/1.5.0 (.NET Framework 4.8.9139.0; Microsoft Windows 10.0.22621 )",
        "x-ms-client-request-id": "92992414f9e48538ace94786282fb82f",
        "x-ms-return-client-request-id": "true"
      },
      "RequestBody": null,
      "StatusCode": 200,
      "ResponseHeaders": {
        "Cache-Control": "no-store, no-cache",
        "Content-Length": "317",
        "Content-Type": "application/json",
        "Date": "Thu, 11 May 2023 04:16:10 GMT",
        "Pragma": "no-cache",
        "Server": "Microsoft-HTTPAPI/2.0",
        "Strict-Transport-Security": "max-age=31536000; includeSubDomains",
        "X-Content-Type-Options": "nosniff",
        "x-ms-correlation-request-id": "0d49831c-861b-4903-8b7f-274c3ae19e57",
        "x-ms-gatewayversion": "version=2.14.0",
        "x-ms-ratelimit-remaining-subscription-reads": "11991",
        "x-ms-request-id": "0d49831c-861b-4903-8b7f-274c3ae19e57",
        "x-ms-routing-request-id": "SOUTHEASTASIA:20230511T041610Z:0d49831c-861b-4903-8b7f-274c3ae19e57"
      },
      "ResponseBody": {
        "id": "/subscriptions/db1ab6f0-4769-4b27-930e-01e2ef9c123c/resourceGroups/dbaccount-2451/providers/Microsoft.DocumentDB/databaseAccounts/dbaccount-7661/mongodbDatabases/mongodb-1600",
        "type": "Microsoft.DocumentDB/databaseAccounts/mongodbDatabases",
        "name": "mongodb-1600",
        "properties": {
          "resource": {
            "id": "mongodb-1600"
          }
        }
      }
    },
    {
      "RequestUri": "https://management.azure.com/subscriptions/db1ab6f0-4769-4b27-930e-01e2ef9c123c/resourceGroups/dbaccount-2451/providers/Microsoft.DocumentDB/databaseAccounts/dbaccount-7661/mongodbDatabases/mongodb-1600?api-version=2022-11-15-preview",
      "RequestMethod": "GET",
      "RequestHeaders": {
        "Accept": "application/json",
        "Authorization": "Sanitized",
        "traceparent": "00-0f14d33df6e27a4fb419fb9011d98776-21b5b0c5351eca4d-00",
        "User-Agent": "azsdk-net-ResourceManager.CosmosDB/1.4.0-alpha.20230511.1 (.NET Framework 4.8.9139.0; Microsoft Windows 10.0.22621 )",
        "x-ms-client-request-id": "924df11fdde2c68b7a1af4000d5a2db3",
        "x-ms-return-client-request-id": "true"
      },
      "RequestBody": null,
      "StatusCode": 200,
      "ResponseHeaders": {
        "Cache-Control": "no-store, no-cache",
        "Content-Length": "317",
        "Content-Type": "application/json",
        "Date": "Thu, 11 May 2023 04:16:11 GMT",
        "Pragma": "no-cache",
        "Server": "Microsoft-HTTPAPI/2.0",
        "Strict-Transport-Security": "max-age=31536000; includeSubDomains",
        "X-Content-Type-Options": "nosniff",
        "x-ms-correlation-request-id": "4444b8ce-d6db-45c1-85af-3a945c937831",
        "x-ms-gatewayversion": "version=2.14.0",
        "x-ms-ratelimit-remaining-subscription-reads": "11990",
        "x-ms-request-id": "4444b8ce-d6db-45c1-85af-3a945c937831",
        "x-ms-routing-request-id": "SOUTHEASTASIA:20230511T041611Z:4444b8ce-d6db-45c1-85af-3a945c937831"
      },
      "ResponseBody": {
        "id": "/subscriptions/db1ab6f0-4769-4b27-930e-01e2ef9c123c/resourceGroups/dbaccount-2451/providers/Microsoft.DocumentDB/databaseAccounts/dbaccount-7661/mongodbDatabases/mongodb-1600",
        "type": "Microsoft.DocumentDB/databaseAccounts/mongodbDatabases",
        "name": "mongodb-1600",
        "properties": {
          "resource": {
            "id": "mongodb-1600"
          }
        }
      }
    },
    {
      "RequestUri": "https://management.azure.com/subscriptions/db1ab6f0-4769-4b27-930e-01e2ef9c123c/resourceGroups/dbaccount-2451/providers/Microsoft.DocumentDB/databaseAccounts/dbaccount-7661/mongodbDatabases/mongodb-1600?api-version=2022-11-15-preview",
      "RequestMethod": "GET",
      "RequestHeaders": {
        "Accept": "application/json",
        "Authorization": "Sanitized",
        "traceparent": "00-c948b71f7284db489164499a35a429ee-330ca7f33a186941-00",
        "User-Agent": "azsdk-net-ResourceManager.CosmosDB/1.4.0-alpha.20230511.1 (.NET Framework 4.8.9139.0; Microsoft Windows 10.0.22621 )",
        "x-ms-client-request-id": "b026a9d82019cc6096874c847b52a066",
        "x-ms-return-client-request-id": "true"
      },
      "RequestBody": null,
      "StatusCode": 200,
      "ResponseHeaders": {
        "Cache-Control": "no-store, no-cache",
        "Content-Length": "317",
        "Content-Type": "application/json",
        "Date": "Thu, 11 May 2023 04:16:12 GMT",
        "Pragma": "no-cache",
        "Server": "Microsoft-HTTPAPI/2.0",
        "Strict-Transport-Security": "max-age=31536000; includeSubDomains",
        "X-Content-Type-Options": "nosniff",
        "x-ms-correlation-request-id": "fe269d9d-fa38-4d46-a664-36eb7dfe9cc2",
        "x-ms-gatewayversion": "version=2.14.0",
        "x-ms-ratelimit-remaining-subscription-reads": "11989",
        "x-ms-request-id": "fe269d9d-fa38-4d46-a664-36eb7dfe9cc2",
        "x-ms-routing-request-id": "SOUTHEASTASIA:20230511T041612Z:fe269d9d-fa38-4d46-a664-36eb7dfe9cc2"
      },
      "ResponseBody": {
        "id": "/subscriptions/db1ab6f0-4769-4b27-930e-01e2ef9c123c/resourceGroups/dbaccount-2451/providers/Microsoft.DocumentDB/databaseAccounts/dbaccount-7661/mongodbDatabases/mongodb-1600",
        "type": "Microsoft.DocumentDB/databaseAccounts/mongodbDatabases",
        "name": "mongodb-1600",
        "properties": {
          "resource": {
            "id": "mongodb-1600"
          }
        }
      }
    },
    {
      "RequestUri": "https://management.azure.com/subscriptions/db1ab6f0-4769-4b27-930e-01e2ef9c123c/resourceGroups/dbaccount-2451/providers/Microsoft.DocumentDB/databaseAccounts/dbaccount-7661/mongodbDatabases/mongodb-1600?api-version=2022-11-15-preview",
      "RequestMethod": "PUT",
      "RequestHeaders": {
        "Accept": "application/json",
        "Authorization": "Sanitized",
        "Content-Length": "109",
        "Content-Type": "application/json",
        "traceparent": "00-90727cbc8f962343a24d26bc426515e8-d9f30f23f795e740-00",
        "User-Agent": "azsdk-net-ResourceManager.CosmosDB/1.4.0-alpha.20230511.1 (.NET Framework 4.8.9139.0; Microsoft Windows 10.0.22621 )",
        "x-ms-client-request-id": "0d79d56195e836c398d217ca04387852",
        "x-ms-return-client-request-id": "true"
      },
      "RequestBody": {
        "tags": {},
        "location": "westus",
        "properties": {
          "resource": {
            "id": "mongodb-1600"
          },
          "options": {
            "throughput": 1000
          }
        }
      },
      "StatusCode": 202,
      "ResponseHeaders": {
        "Azure-AsyncOperation": "https://management.azure.com/subscriptions/db1ab6f0-4769-4b27-930e-01e2ef9c123c/providers/Microsoft.DocumentDB/locations/westus2/operationsStatus/d2af669c-a222-443b-a1ed-d5f87c2ac241?api-version=2022-11-15-preview",
        "Cache-Control": "no-store, no-cache",
        "Content-Length": "21",
        "Content-Type": "application/json",
        "Date": "Thu, 11 May 2023 04:16:13 GMT",
        "Location": "https://management.azure.com/subscriptions/db1ab6f0-4769-4b27-930e-01e2ef9c123c/resourceGroups/dbaccount-2451/providers/Microsoft.DocumentDB/databaseAccounts/dbaccount-7661/mongodbDatabases/mongodb-1600/operationResults/d2af669c-a222-443b-a1ed-d5f87c2ac241?api-version=2022-11-15-preview",
        "Pragma": "no-cache",
        "Server": "Microsoft-HTTPAPI/2.0",
        "Strict-Transport-Security": "max-age=31536000; includeSubDomains",
        "X-Content-Type-Options": "nosniff",
        "x-ms-correlation-request-id": "2ad728e1-ad2e-420e-959d-6e03f895c778",
        "x-ms-gatewayversion": "version=2.14.0",
        "x-ms-ratelimit-remaining-subscription-writes": "1198",
        "x-ms-request-id": "d2af669c-a222-443b-a1ed-d5f87c2ac241",
        "x-ms-routing-request-id": "SOUTHEASTASIA:20230511T041613Z:2ad728e1-ad2e-420e-959d-6e03f895c778"
      },
      "ResponseBody": {
        "status": "Enqueued"
      }
    },
    {
      "RequestUri": "https://management.azure.com/subscriptions/db1ab6f0-4769-4b27-930e-01e2ef9c123c/providers/Microsoft.DocumentDB/locations/westus2/operationsStatus/d2af669c-a222-443b-a1ed-d5f87c2ac241?api-version=2022-11-15-preview",
      "RequestMethod": "GET",
      "RequestHeaders": {
        "Authorization": "Sanitized",
        "traceparent": "00-90727cbc8f962343a24d26bc426515e8-a2e3958a4d321749-00",
        "User-Agent": "azsdk-net-ResourceManager/1.5.0 (.NET Framework 4.8.9139.0; Microsoft Windows 10.0.22621 )",
        "x-ms-client-request-id": "379f8d7a1fe042cae5ef18460896c75e",
        "x-ms-return-client-request-id": "true"
      },
      "RequestBody": null,
      "StatusCode": 200,
      "ResponseHeaders": {
        "Cache-Control": "no-store, no-cache",
        "Content-Length": "21",
        "Content-Type": "application/json",
        "Date": "Thu, 11 May 2023 04:16:13 GMT",
        "Pragma": "no-cache",
        "Server": "Microsoft-HTTPAPI/2.0",
        "Strict-Transport-Security": "max-age=31536000; includeSubDomains",
        "X-Content-Type-Options": "nosniff",
        "x-ms-correlation-request-id": "f397d2bc-c594-4c39-8e8f-a2a8d6342403",
        "x-ms-gatewayversion": "version=2.14.0",
        "x-ms-ratelimit-remaining-subscription-reads": "11988",
        "x-ms-request-id": "f397d2bc-c594-4c39-8e8f-a2a8d6342403",
        "x-ms-routing-request-id": "SOUTHEASTASIA:20230511T041614Z:f397d2bc-c594-4c39-8e8f-a2a8d6342403"
      },
      "ResponseBody": {
        "status": "Enqueued"
      }
    },
    {
      "RequestUri": "https://management.azure.com/subscriptions/db1ab6f0-4769-4b27-930e-01e2ef9c123c/providers/Microsoft.DocumentDB/locations/westus2/operationsStatus/d2af669c-a222-443b-a1ed-d5f87c2ac241?api-version=2022-11-15-preview",
      "RequestMethod": "GET",
      "RequestHeaders": {
        "Authorization": "Sanitized",
        "traceparent": "00-90727cbc8f962343a24d26bc426515e8-78baa42c76da4b49-00",
        "User-Agent": "azsdk-net-ResourceManager/1.5.0 (.NET Framework 4.8.9139.0; Microsoft Windows 10.0.22621 )",
        "x-ms-client-request-id": "e7c9f90f21a5585dbf7a7c679969a591",
        "x-ms-return-client-request-id": "true"
      },
      "RequestBody": null,
      "StatusCode": 200,
      "ResponseHeaders": {
        "Cache-Control": "no-store, no-cache",
        "Content-Length": "21",
        "Content-Type": "application/json",
        "Date": "Thu, 11 May 2023 04:16:15 GMT",
        "Pragma": "no-cache",
        "Server": "Microsoft-HTTPAPI/2.0",
        "Strict-Transport-Security": "max-age=31536000; includeSubDomains",
        "X-Content-Type-Options": "nosniff",
        "x-ms-correlation-request-id": "f98fb188-d474-47de-9c7b-c190f57f047a",
        "x-ms-gatewayversion": "version=2.14.0",
        "x-ms-ratelimit-remaining-subscription-reads": "11987",
        "x-ms-request-id": "f98fb188-d474-47de-9c7b-c190f57f047a",
        "x-ms-routing-request-id": "SOUTHEASTASIA:20230511T041615Z:f98fb188-d474-47de-9c7b-c190f57f047a"
      },
      "ResponseBody": {
        "status": "Enqueued"
      }
    },
    {
      "RequestUri": "https://management.azure.com/subscriptions/db1ab6f0-4769-4b27-930e-01e2ef9c123c/providers/Microsoft.DocumentDB/locations/westus2/operationsStatus/d2af669c-a222-443b-a1ed-d5f87c2ac241?api-version=2022-11-15-preview",
      "RequestMethod": "GET",
      "RequestHeaders": {
        "Authorization": "Sanitized",
        "traceparent": "00-90727cbc8f962343a24d26bc426515e8-e4fe3fbef423294b-00",
        "User-Agent": "azsdk-net-ResourceManager/1.5.0 (.NET Framework 4.8.9139.0; Microsoft Windows 10.0.22621 )",
        "x-ms-client-request-id": "764fef8740999c71c96a9919f0cff6fb",
        "x-ms-return-client-request-id": "true"
      },
      "RequestBody": null,
      "StatusCode": 200,
      "ResponseHeaders": {
        "Cache-Control": "no-store, no-cache",
        "Content-Length": "21",
        "Content-Type": "application/json",
        "Date": "Thu, 11 May 2023 04:16:16 GMT",
        "Pragma": "no-cache",
        "Server": "Microsoft-HTTPAPI/2.0",
        "Strict-Transport-Security": "max-age=31536000; includeSubDomains",
        "X-Content-Type-Options": "nosniff",
        "x-ms-correlation-request-id": "664a7a97-98bc-4e4f-81d8-d2e9e8796359",
        "x-ms-gatewayversion": "version=2.14.0",
        "x-ms-ratelimit-remaining-subscription-reads": "11986",
        "x-ms-request-id": "664a7a97-98bc-4e4f-81d8-d2e9e8796359",
        "x-ms-routing-request-id": "SOUTHEASTASIA:20230511T041616Z:664a7a97-98bc-4e4f-81d8-d2e9e8796359"
      },
      "ResponseBody": {
        "status": "Enqueued"
      }
    },
    {
      "RequestUri": "https://management.azure.com/subscriptions/db1ab6f0-4769-4b27-930e-01e2ef9c123c/providers/Microsoft.DocumentDB/locations/westus2/operationsStatus/d2af669c-a222-443b-a1ed-d5f87c2ac241?api-version=2022-11-15-preview",
      "RequestMethod": "GET",
      "RequestHeaders": {
        "Authorization": "Sanitized",
        "traceparent": "00-90727cbc8f962343a24d26bc426515e8-3232bb18815d624b-00",
        "User-Agent": "azsdk-net-ResourceManager/1.5.0 (.NET Framework 4.8.9139.0; Microsoft Windows 10.0.22621 )",
        "x-ms-client-request-id": "974a9eb9633d588230467866a363a97b",
        "x-ms-return-client-request-id": "true"
      },
      "RequestBody": null,
      "StatusCode": 200,
      "ResponseHeaders": {
        "Cache-Control": "no-store, no-cache",
        "Content-Length": "21",
        "Content-Type": "application/json",
        "Date": "Thu, 11 May 2023 04:16:17 GMT",
        "Pragma": "no-cache",
        "Server": "Microsoft-HTTPAPI/2.0",
        "Strict-Transport-Security": "max-age=31536000; includeSubDomains",
        "X-Content-Type-Options": "nosniff",
        "x-ms-correlation-request-id": "9b7e1cec-bb59-4003-b9dc-e49815b459ec",
        "x-ms-gatewayversion": "version=2.14.0",
        "x-ms-ratelimit-remaining-subscription-reads": "11985",
        "x-ms-request-id": "9b7e1cec-bb59-4003-b9dc-e49815b459ec",
        "x-ms-routing-request-id": "SOUTHEASTASIA:20230511T041617Z:9b7e1cec-bb59-4003-b9dc-e49815b459ec"
      },
      "ResponseBody": {
        "status": "Dequeued"
      }
    },
    {
      "RequestUri": "https://management.azure.com/subscriptions/db1ab6f0-4769-4b27-930e-01e2ef9c123c/providers/Microsoft.DocumentDB/locations/westus2/operationsStatus/d2af669c-a222-443b-a1ed-d5f87c2ac241?api-version=2022-11-15-preview",
      "RequestMethod": "GET",
      "RequestHeaders": {
        "Authorization": "Sanitized",
        "traceparent": "00-90727cbc8f962343a24d26bc426515e8-e8e3d5d6921bcd47-00",
        "User-Agent": "azsdk-net-ResourceManager/1.5.0 (.NET Framework 4.8.9139.0; Microsoft Windows 10.0.22621 )",
        "x-ms-client-request-id": "19bf86495046cfc5872d1e3a884468ef",
        "x-ms-return-client-request-id": "true"
      },
      "RequestBody": null,
      "StatusCode": 200,
      "ResponseHeaders": {
        "Cache-Control": "no-store, no-cache",
        "Content-Length": "22",
        "Content-Type": "application/json",
        "Date": "Thu, 11 May 2023 04:16:19 GMT",
        "Pragma": "no-cache",
        "Server": "Microsoft-HTTPAPI/2.0",
        "Strict-Transport-Security": "max-age=31536000; includeSubDomains",
        "X-Content-Type-Options": "nosniff",
        "x-ms-correlation-request-id": "7e72b855-5d73-4199-a0da-e784bc6a014a",
        "x-ms-gatewayversion": "version=2.14.0",
        "x-ms-ratelimit-remaining-subscription-reads": "11984",
        "x-ms-request-id": "7e72b855-5d73-4199-a0da-e784bc6a014a",
        "x-ms-routing-request-id": "SOUTHEASTASIA:20230511T041620Z:7e72b855-5d73-4199-a0da-e784bc6a014a"
      },
      "ResponseBody": {
        "status": "Succeeded"
      }
    },
    {
      "RequestUri": "https://management.azure.com/subscriptions/db1ab6f0-4769-4b27-930e-01e2ef9c123c/resourceGroups/dbaccount-2451/providers/Microsoft.DocumentDB/databaseAccounts/dbaccount-7661/mongodbDatabases/mongodb-1600?api-version=2022-11-15-preview",
      "RequestMethod": "GET",
      "RequestHeaders": {
        "Authorization": "Sanitized",
        "traceparent": "00-90727cbc8f962343a24d26bc426515e8-b1bca3b087234a48-00",
        "User-Agent": "azsdk-net-ResourceManager/1.5.0 (.NET Framework 4.8.9139.0; Microsoft Windows 10.0.22621 )",
        "x-ms-client-request-id": "faad81830d1e23536cf74652c70bf865",
        "x-ms-return-client-request-id": "true"
      },
      "RequestBody": null,
      "StatusCode": 200,
      "ResponseHeaders": {
        "Cache-Control": "no-store, no-cache",
        "Content-Length": "317",
        "Content-Type": "application/json",
        "Date": "Thu, 11 May 2023 04:16:20 GMT",
        "Pragma": "no-cache",
        "Server": "Microsoft-HTTPAPI/2.0",
        "Strict-Transport-Security": "max-age=31536000; includeSubDomains",
        "X-Content-Type-Options": "nosniff",
        "x-ms-correlation-request-id": "eec99bd3-11ab-496f-a813-4bba7ee01e63",
        "x-ms-gatewayversion": "version=2.14.0",
        "x-ms-ratelimit-remaining-subscription-reads": "11983",
        "x-ms-request-id": "eec99bd3-11ab-496f-a813-4bba7ee01e63",
        "x-ms-routing-request-id": "SOUTHEASTASIA:20230511T041620Z:eec99bd3-11ab-496f-a813-4bba7ee01e63"
      },
      "ResponseBody": {
        "id": "/subscriptions/db1ab6f0-4769-4b27-930e-01e2ef9c123c/resourceGroups/dbaccount-2451/providers/Microsoft.DocumentDB/databaseAccounts/dbaccount-7661/mongodbDatabases/mongodb-1600",
        "type": "Microsoft.DocumentDB/databaseAccounts/mongodbDatabases",
        "name": "mongodb-1600",
        "properties": {
          "resource": {
            "id": "mongodb-1600"
          }
        }
      }
    },
    {
      "RequestUri": "https://management.azure.com/subscriptions/db1ab6f0-4769-4b27-930e-01e2ef9c123c/resourceGroups/dbaccount-2451/providers/Microsoft.DocumentDB/databaseAccounts/dbaccount-7661/mongodbDatabases/mongodb-1600?api-version=2022-11-15-preview",
      "RequestMethod": "GET",
      "RequestHeaders": {
        "Accept": "application/json",
        "Authorization": "Sanitized",
        "traceparent": "00-ebc9cc8df05e4a4e85031f51e973fb51-0be27326fc6ec347-00",
        "User-Agent": "azsdk-net-ResourceManager.CosmosDB/1.4.0-alpha.20230511.1 (.NET Framework 4.8.9139.0; Microsoft Windows 10.0.22621 )",
        "x-ms-client-request-id": "69cf1dc1dc0f69b4d97b0f104548cfec",
        "x-ms-return-client-request-id": "true"
      },
      "RequestBody": null,
      "StatusCode": 200,
      "ResponseHeaders": {
        "Cache-Control": "no-store, no-cache",
        "Content-Length": "317",
        "Content-Type": "application/json",
        "Date": "Thu, 11 May 2023 04:16:21 GMT",
        "Pragma": "no-cache",
        "Server": "Microsoft-HTTPAPI/2.0",
        "Strict-Transport-Security": "max-age=31536000; includeSubDomains",
        "X-Content-Type-Options": "nosniff",
        "x-ms-correlation-request-id": "9aab2aa0-34ac-434a-bb6b-229cd501b06c",
        "x-ms-gatewayversion": "version=2.14.0",
        "x-ms-ratelimit-remaining-subscription-reads": "11982",
        "x-ms-request-id": "9aab2aa0-34ac-434a-bb6b-229cd501b06c",
        "x-ms-routing-request-id": "SOUTHEASTASIA:20230511T041621Z:9aab2aa0-34ac-434a-bb6b-229cd501b06c"
      },
      "ResponseBody": {
        "id": "/subscriptions/db1ab6f0-4769-4b27-930e-01e2ef9c123c/resourceGroups/dbaccount-2451/providers/Microsoft.DocumentDB/databaseAccounts/dbaccount-7661/mongodbDatabases/mongodb-1600",
        "type": "Microsoft.DocumentDB/databaseAccounts/mongodbDatabases",
        "name": "mongodb-1600",
        "properties": {
          "resource": {
            "id": "mongodb-1600"
          }
        }
      }
    },
    {
      "RequestUri": "https://management.azure.com/subscriptions/db1ab6f0-4769-4b27-930e-01e2ef9c123c/resourceGroups/dbaccount-2451/providers/Microsoft.DocumentDB/databaseAccounts/dbaccount-7661/mongodbDatabases/mongodb-1600?api-version=2022-11-15-preview",
      "RequestMethod": "GET",
      "RequestHeaders": {
        "Accept": "application/json",
        "Authorization": "Sanitized",
        "traceparent": "00-7718be523de51f40a6afc6741cf0c09b-5070572a08103a47-00",
        "User-Agent": "azsdk-net-ResourceManager.CosmosDB/1.4.0-alpha.20230511.1 (.NET Framework 4.8.9139.0; Microsoft Windows 10.0.22621 )",
        "x-ms-client-request-id": "21e289ddaeb63b5d339bac4e0a72077c",
        "x-ms-return-client-request-id": "true"
      },
      "RequestBody": null,
      "StatusCode": 200,
      "ResponseHeaders": {
        "Cache-Control": "no-store, no-cache",
        "Content-Length": "317",
        "Content-Type": "application/json",
        "Date": "Thu, 11 May 2023 04:16:22 GMT",
        "Pragma": "no-cache",
        "Server": "Microsoft-HTTPAPI/2.0",
        "Strict-Transport-Security": "max-age=31536000; includeSubDomains",
        "X-Content-Type-Options": "nosniff",
        "x-ms-correlation-request-id": "6c960432-b0fe-422b-96da-6d81612347d7",
        "x-ms-gatewayversion": "version=2.14.0",
        "x-ms-ratelimit-remaining-subscription-reads": "11981",
        "x-ms-request-id": "6c960432-b0fe-422b-96da-6d81612347d7",
        "x-ms-routing-request-id": "SOUTHEASTASIA:20230511T041622Z:6c960432-b0fe-422b-96da-6d81612347d7"
      },
      "ResponseBody": {
        "id": "/subscriptions/db1ab6f0-4769-4b27-930e-01e2ef9c123c/resourceGroups/dbaccount-2451/providers/Microsoft.DocumentDB/databaseAccounts/dbaccount-7661/mongodbDatabases/mongodb-1600",
        "type": "Microsoft.DocumentDB/databaseAccounts/mongodbDatabases",
        "name": "mongodb-1600",
        "properties": {
          "resource": {
            "id": "mongodb-1600"
          }
        }
      }
    },
    {
      "RequestUri": "https://management.azure.com/subscriptions/db1ab6f0-4769-4b27-930e-01e2ef9c123c/resourceGroups/dbaccount-2451/providers/Microsoft.DocumentDB/databaseAccounts/dbaccount-7661/mongodbDatabases/mongodb-1600?api-version=2022-11-15-preview",
      "RequestMethod": "DELETE",
      "RequestHeaders": {
        "Authorization": "Sanitized",
        "traceparent": "00-63927086f656af418b816629478645a2-1b63a29493124f46-00",
        "User-Agent": "azsdk-net-ResourceManager.CosmosDB/1.4.0-alpha.20230511.1 (.NET Framework 4.8.9139.0; Microsoft Windows 10.0.22621 )",
        "x-ms-client-request-id": "6b78b834ff74a6dfcc4421a3fe42de23",
        "x-ms-return-client-request-id": "true"
      },
      "RequestBody": null,
      "StatusCode": 202,
      "ResponseHeaders": {
        "Azure-AsyncOperation": "https://management.azure.com/subscriptions/db1ab6f0-4769-4b27-930e-01e2ef9c123c/providers/Microsoft.DocumentDB/locations/westus2/operationsStatus/3ee33253-65c6-4b93-a5ce-97ef5361a934?api-version=2022-11-15-preview",
        "Cache-Control": "no-store, no-cache",
        "Content-Length": "21",
        "Content-Type": "application/json",
        "Date": "Thu, 11 May 2023 04:16:23 GMT",
        "Location": "https://management.azure.com/subscriptions/db1ab6f0-4769-4b27-930e-01e2ef9c123c/resourceGroups/dbaccount-2451/providers/Microsoft.DocumentDB/databaseAccounts/dbaccount-7661/mongodbDatabases/mongodb-1600/operationResults/3ee33253-65c6-4b93-a5ce-97ef5361a934?api-version=2022-11-15-preview",
        "Pragma": "no-cache",
        "Server": "Microsoft-HTTPAPI/2.0",
        "Strict-Transport-Security": "max-age=31536000; includeSubDomains",
        "X-Content-Type-Options": "nosniff",
        "x-ms-correlation-request-id": "39b87041-6c65-4080-8671-6aae58e7f79d",
        "x-ms-gatewayversion": "version=2.14.0",
        "x-ms-ratelimit-remaining-subscription-deletes": "14999",
        "x-ms-request-id": "3ee33253-65c6-4b93-a5ce-97ef5361a934",
        "x-ms-routing-request-id": "SOUTHEASTASIA:20230511T041623Z:39b87041-6c65-4080-8671-6aae58e7f79d"
      },
      "ResponseBody": {
        "status": "Enqueued"
      }
    },
    {
      "RequestUri": "https://management.azure.com/subscriptions/db1ab6f0-4769-4b27-930e-01e2ef9c123c/providers/Microsoft.DocumentDB/locations/westus2/operationsStatus/3ee33253-65c6-4b93-a5ce-97ef5361a934?api-version=2022-11-15-preview",
      "RequestMethod": "GET",
      "RequestHeaders": {
        "Authorization": "Sanitized",
        "traceparent": "00-63927086f656af418b816629478645a2-9c34bd07c0c5734d-00",
        "User-Agent": "azsdk-net-ResourceManager/1.5.0 (.NET Framework 4.8.9139.0; Microsoft Windows 10.0.22621 )",
        "x-ms-client-request-id": "8cdc937364d0de77a93b55728db93df0",
        "x-ms-return-client-request-id": "true"
      },
      "RequestBody": null,
      "StatusCode": 200,
      "ResponseHeaders": {
        "Cache-Control": "no-store, no-cache",
        "Content-Length": "21",
        "Content-Type": "application/json",
        "Date": "Thu, 11 May 2023 04:16:23 GMT",
        "Pragma": "no-cache",
        "Server": "Microsoft-HTTPAPI/2.0",
        "Strict-Transport-Security": "max-age=31536000; includeSubDomains",
        "X-Content-Type-Options": "nosniff",
        "x-ms-correlation-request-id": "6d339c8a-51ad-4d31-8185-5541cb5f9812",
        "x-ms-gatewayversion": "version=2.14.0",
        "x-ms-ratelimit-remaining-subscription-reads": "11980",
        "x-ms-request-id": "6d339c8a-51ad-4d31-8185-5541cb5f9812",
        "x-ms-routing-request-id": "SOUTHEASTASIA:20230511T041623Z:6d339c8a-51ad-4d31-8185-5541cb5f9812"
      },
      "ResponseBody": {
        "status": "Enqueued"
      }
    },
    {
      "RequestUri": "https://management.azure.com/subscriptions/db1ab6f0-4769-4b27-930e-01e2ef9c123c/providers/Microsoft.DocumentDB/locations/westus2/operationsStatus/3ee33253-65c6-4b93-a5ce-97ef5361a934?api-version=2022-11-15-preview",
      "RequestMethod": "GET",
      "RequestHeaders": {
        "Authorization": "Sanitized",
        "traceparent": "00-63927086f656af418b816629478645a2-e3016e8c1d4e0c48-00",
        "User-Agent": "azsdk-net-ResourceManager/1.5.0 (.NET Framework 4.8.9139.0; Microsoft Windows 10.0.22621 )",
        "x-ms-client-request-id": "b02689bdc9fd5d530a65abe1c86b7666",
        "x-ms-return-client-request-id": "true"
      },
      "RequestBody": null,
      "StatusCode": 200,
      "ResponseHeaders": {
        "Cache-Control": "no-store, no-cache",
        "Content-Length": "21",
        "Content-Type": "application/json",
        "Date": "Thu, 11 May 2023 04:16:24 GMT",
        "Pragma": "no-cache",
        "Server": "Microsoft-HTTPAPI/2.0",
        "Strict-Transport-Security": "max-age=31536000; includeSubDomains",
        "X-Content-Type-Options": "nosniff",
        "x-ms-correlation-request-id": "796c3d98-de57-4866-9430-63d74cb4694c",
        "x-ms-gatewayversion": "version=2.14.0",
        "x-ms-ratelimit-remaining-subscription-reads": "11979",
        "x-ms-request-id": "796c3d98-de57-4866-9430-63d74cb4694c",
        "x-ms-routing-request-id": "SOUTHEASTASIA:20230511T041625Z:796c3d98-de57-4866-9430-63d74cb4694c"
      },
      "ResponseBody": {
        "status": "Enqueued"
      }
    },
    {
      "RequestUri": "https://management.azure.com/subscriptions/db1ab6f0-4769-4b27-930e-01e2ef9c123c/providers/Microsoft.DocumentDB/locations/westus2/operationsStatus/3ee33253-65c6-4b93-a5ce-97ef5361a934?api-version=2022-11-15-preview",
      "RequestMethod": "GET",
      "RequestHeaders": {
        "Authorization": "Sanitized",
        "traceparent": "00-63927086f656af418b816629478645a2-df2ce80621b0e046-00",
        "User-Agent": "azsdk-net-ResourceManager/1.5.0 (.NET Framework 4.8.9139.0; Microsoft Windows 10.0.22621 )",
        "x-ms-client-request-id": "6a2fb9e55266c353e39694ed813c8406",
        "x-ms-return-client-request-id": "true"
      },
      "RequestBody": null,
      "StatusCode": 200,
      "ResponseHeaders": {
        "Cache-Control": "no-store, no-cache",
        "Content-Length": "21",
        "Content-Type": "application/json",
        "Date": "Thu, 11 May 2023 04:16:25 GMT",
        "Pragma": "no-cache",
        "Server": "Microsoft-HTTPAPI/2.0",
        "Strict-Transport-Security": "max-age=31536000; includeSubDomains",
        "X-Content-Type-Options": "nosniff",
        "x-ms-correlation-request-id": "6f48c679-2a59-465b-a061-e033810eff76",
        "x-ms-gatewayversion": "version=2.14.0",
        "x-ms-ratelimit-remaining-subscription-reads": "11978",
        "x-ms-request-id": "6f48c679-2a59-465b-a061-e033810eff76",
        "x-ms-routing-request-id": "SOUTHEASTASIA:20230511T041626Z:6f48c679-2a59-465b-a061-e033810eff76"
      },
      "ResponseBody": {
        "status": "Enqueued"
      }
    },
    {
      "RequestUri": "https://management.azure.com/subscriptions/db1ab6f0-4769-4b27-930e-01e2ef9c123c/providers/Microsoft.DocumentDB/locations/westus2/operationsStatus/3ee33253-65c6-4b93-a5ce-97ef5361a934?api-version=2022-11-15-preview",
      "RequestMethod": "GET",
      "RequestHeaders": {
        "Authorization": "Sanitized",
        "traceparent": "00-63927086f656af418b816629478645a2-44a6cd7431ac9e4b-00",
        "User-Agent": "azsdk-net-ResourceManager/1.5.0 (.NET Framework 4.8.9139.0; Microsoft Windows 10.0.22621 )",
        "x-ms-client-request-id": "a6b64555ae3faa69407f826ab995153d",
        "x-ms-return-client-request-id": "true"
      },
      "RequestBody": null,
      "StatusCode": 200,
      "ResponseHeaders": {
        "Cache-Control": "no-store, no-cache",
        "Content-Length": "21",
        "Content-Type": "application/json",
        "Date": "Thu, 11 May 2023 04:16:27 GMT",
        "Pragma": "no-cache",
        "Server": "Microsoft-HTTPAPI/2.0",
        "Strict-Transport-Security": "max-age=31536000; includeSubDomains",
        "X-Content-Type-Options": "nosniff",
        "x-ms-correlation-request-id": "02b801e1-7cc9-4eca-8038-5ab536bf7488",
        "x-ms-gatewayversion": "version=2.14.0",
        "x-ms-ratelimit-remaining-subscription-reads": "11977",
        "x-ms-request-id": "02b801e1-7cc9-4eca-8038-5ab536bf7488",
        "x-ms-routing-request-id": "SOUTHEASTASIA:20230511T041627Z:02b801e1-7cc9-4eca-8038-5ab536bf7488"
      },
      "ResponseBody": {
        "status": "Dequeued"
      }
    },
    {
      "RequestUri": "https://management.azure.com/subscriptions/db1ab6f0-4769-4b27-930e-01e2ef9c123c/providers/Microsoft.DocumentDB/locations/westus2/operationsStatus/3ee33253-65c6-4b93-a5ce-97ef5361a934?api-version=2022-11-15-preview",
      "RequestMethod": "GET",
      "RequestHeaders": {
        "Authorization": "Sanitized",
        "traceparent": "00-63927086f656af418b816629478645a2-037cdc5068c79a49-00",
        "User-Agent": "azsdk-net-ResourceManager/1.5.0 (.NET Framework 4.8.9139.0; Microsoft Windows 10.0.22621 )",
        "x-ms-client-request-id": "d48ceec4d28a6b8a3662cc673465dbcd",
        "x-ms-return-client-request-id": "true"
      },
      "RequestBody": null,
      "StatusCode": 200,
      "ResponseHeaders": {
        "Cache-Control": "no-store, no-cache",
        "Content-Length": "22",
        "Content-Type": "application/json",
        "Date": "Thu, 11 May 2023 04:16:29 GMT",
        "Pragma": "no-cache",
        "Server": "Microsoft-HTTPAPI/2.0",
        "Strict-Transport-Security": "max-age=31536000; includeSubDomains",
        "X-Content-Type-Options": "nosniff",
        "x-ms-correlation-request-id": "e18a2319-f44c-4ef2-8be2-342868bfd158",
        "x-ms-gatewayversion": "version=2.14.0",
        "x-ms-ratelimit-remaining-subscription-reads": "11976",
        "x-ms-request-id": "e18a2319-f44c-4ef2-8be2-342868bfd158",
        "x-ms-routing-request-id": "SOUTHEASTASIA:20230511T041630Z:e18a2319-f44c-4ef2-8be2-342868bfd158"
      },
      "ResponseBody": {
        "status": "Succeeded"
      }
    }
  ],
  "Variables": {
    "AZURE_AUTHORITY_HOST": "https://login.microsoftonline.com/",
    "RandomSeed": "1882152418",
    "RESOURCE_MANAGER_URL": null,
    "SUBSCRIPTION_ID": "db1ab6f0-4769-4b27-930e-01e2ef9c123c"
  }
}
