{
  "Entries": [
    {
      "RequestUri": "http:\u002f\u002fseandevtest.file.core.windows.net\u002ftest-share-3cf277dd-aae0-9484-5dc2-4fe3aa8cd2bd?restype=share",
      "RequestMethod": "PUT",
      "RequestHeaders": {
        "Authorization": "Sanitized",
        "Request-Id": "|b06e0121-41c66f948391e8eb.",
        "User-Agent": [
          "azsdk-net-Storage.Files\u002f12.0.0-dev.20190823.1\u002b5d1adc9e780ddad85dab0c608c4fad05ab097b18",
          "(.NET Core 4.6.27817.01; Microsoft Windows 10.0.18362 )"
        ],
        "x-ms-client-request-id": "0c8ce7255ca28a7cfafd4a04fa66d46f",
        "x-ms-date": "Fri, 23 Aug 2019 21:50:19 GMT",
        "x-ms-return-client-request-id": "true",
        "x-ms-share-quota": "1",
        "x-ms-version": "2019-02-02"
      },
      "RequestBody": null,
      "StatusCode": 201,
      "ResponseHeaders": {
        "Content-Length": "0",
        "Date": "Fri, 23 Aug 2019 21:50:18 GMT",
        "ETag": "\u00220x8D72813E43A8AD3\u0022",
        "Last-Modified": "Fri, 23 Aug 2019 21:50:19 GMT",
        "Server": [
          "Windows-Azure-File\u002f1.0",
          "Microsoft-HTTPAPI\u002f2.0"
        ],
        "x-ms-client-request-id": "0c8ce7255ca28a7cfafd4a04fa66d46f",
        "x-ms-request-id": "1a938c42-201a-0071-62fc-597833000000",
        "x-ms-version": "2019-02-02"
      },
      "ResponseBody": []
    },
    {
      "RequestUri": "http:\u002f\u002fseandevtest.file.core.windows.net\u002ftest-share-3cf277dd-aae0-9484-5dc2-4fe3aa8cd2bd\u002ftest-directory-04f20679-d410-2836-9c20-fb0470eec55b?restype=directory",
      "RequestMethod": "PUT",
      "RequestHeaders": {
        "Authorization": "Sanitized",
        "Request-Id": "|b06e0122-41c66f948391e8eb.",
        "User-Agent": [
          "azsdk-net-Storage.Files\u002f12.0.0-dev.20190823.1\u002b5d1adc9e780ddad85dab0c608c4fad05ab097b18",
          "(.NET Core 4.6.27817.01; Microsoft Windows 10.0.18362 )"
        ],
        "x-ms-client-request-id": "5f4a822138ac8088fb6742e25f7f9af7",
        "x-ms-date": "Fri, 23 Aug 2019 21:50:19 GMT",
        "x-ms-file-attributes": "None",
        "x-ms-file-creation-time": "Now",
        "x-ms-file-last-write-time": "Now",
        "x-ms-file-permission": "Inherit",
        "x-ms-return-client-request-id": "true",
        "x-ms-version": "2019-02-02"
      },
      "RequestBody": null,
      "StatusCode": 201,
      "ResponseHeaders": {
        "Content-Length": "0",
        "Date": "Fri, 23 Aug 2019 21:50:18 GMT",
        "ETag": "\u00220x8D72813E43F122F\u0022",
        "Last-Modified": "Fri, 23 Aug 2019 21:50:19 GMT",
        "Server": [
          "Windows-Azure-File\u002f1.0",
          "Microsoft-HTTPAPI\u002f2.0"
        ],
        "x-ms-client-request-id": "5f4a822138ac8088fb6742e25f7f9af7",
        "x-ms-file-attributes": "Directory",
        "x-ms-file-change-time": "2019-08-23T21:50:19.5042863Z",
        "x-ms-file-creation-time": "2019-08-23T21:50:19.5042863Z",
        "x-ms-file-id": "13835128424026341376",
        "x-ms-file-last-write-time": "2019-08-23T21:50:19.5042863Z",
        "x-ms-file-parent-id": "0",
        "x-ms-file-permission-key": "5337567907660077720*2506815767522118929",
        "x-ms-request-id": "1a938c44-201a-0071-63fc-597833000000",
        "x-ms-request-server-encrypted": "true",
        "x-ms-version": "2019-02-02"
      },
      "ResponseBody": []
    },
    {
      "RequestUri": "http:\u002f\u002fseandevtest.file.core.windows.net\u002ftest-share-3cf277dd-aae0-9484-5dc2-4fe3aa8cd2bd\u002ftest-directory-04f20679-d410-2836-9c20-fb0470eec55b\u002ftest-directory-a469e0ed-ce9a-51ac-b063-708260781a0b?restype=directory",
      "RequestMethod": "PUT",
      "RequestHeaders": {
        "Authorization": "Sanitized",
        "Request-Id": "|b06e0123-41c66f948391e8eb.",
        "User-Agent": [
          "azsdk-net-Storage.Files\u002f12.0.0-dev.20190823.1\u002b5d1adc9e780ddad85dab0c608c4fad05ab097b18",
          "(.NET Core 4.6.27817.01; Microsoft Windows 10.0.18362 )"
        ],
        "x-ms-client-request-id": "77e3ee38751c41c37e7208a99153c81c",
        "x-ms-date": "Fri, 23 Aug 2019 21:50:19 GMT",
        "x-ms-file-attributes": "None",
        "x-ms-file-creation-time": "Now",
        "x-ms-file-last-write-time": "Now",
        "x-ms-file-permission": "Inherit",
        "x-ms-return-client-request-id": "true",
        "x-ms-version": "2019-02-02"
      },
      "RequestBody": null,
      "StatusCode": 201,
      "ResponseHeaders": {
        "Content-Length": "0",
        "Date": "Fri, 23 Aug 2019 21:50:18 GMT",
        "ETag": "\u00220x8D72813E44358A8\u0022",
        "Last-Modified": "Fri, 23 Aug 2019 21:50:19 GMT",
        "Server": [
          "Windows-Azure-File\u002f1.0",
          "Microsoft-HTTPAPI\u002f2.0"
        ],
        "x-ms-client-request-id": "77e3ee38751c41c37e7208a99153c81c",
        "x-ms-file-attributes": "Directory",
        "x-ms-file-change-time": "2019-08-23T21:50:19.5323048Z",
        "x-ms-file-creation-time": "2019-08-23T21:50:19.5323048Z",
        "x-ms-file-id": "11529285414812647424",
        "x-ms-file-last-write-time": "2019-08-23T21:50:19.5323048Z",
        "x-ms-file-parent-id": "13835128424026341376",
        "x-ms-file-permission-key": "5337567907660077720*2506815767522118929",
        "x-ms-request-id": "1a938c45-201a-0071-64fc-597833000000",
        "x-ms-request-server-encrypted": "true",
        "x-ms-version": "2019-02-02"
      },
      "ResponseBody": []
    },
    {
      "RequestUri": "http:\u002f\u002fseandevtest.file.core.windows.net\u002ftest-share-3cf277dd-aae0-9484-5dc2-4fe3aa8cd2bd\u002ftest-directory-04f20679-d410-2836-9c20-fb0470eec55b\u002ftest-directory-a469e0ed-ce9a-51ac-b063-708260781a0b?restype=directory",
      "RequestMethod": "GET",
      "RequestHeaders": {
        "Authorization": "Sanitized",
        "User-Agent": [
          "azsdk-net-Storage.Files\u002f12.0.0-dev.20190823.1\u002b5d1adc9e780ddad85dab0c608c4fad05ab097b18",
          "(.NET Core 4.6.27817.01; Microsoft Windows 10.0.18362 )"
        ],
        "x-ms-client-request-id": "90160486218553c0d6f8ae48c8051f83",
        "x-ms-date": "Fri, 23 Aug 2019 21:50:19 GMT",
        "x-ms-return-client-request-id": "true",
        "x-ms-version": "2019-02-02"
      },
      "RequestBody": null,
      "StatusCode": 200,
      "ResponseHeaders": {
        "Access-Control-Allow-Origin": "*",
        "Content-Length": "0",
        "Date": "Fri, 23 Aug 2019 21:50:18 GMT",
        "ETag": "\u00220x8D72813E44358A8\u0022",
        "Last-Modified": "Fri, 23 Aug 2019 21:50:19 GMT",
        "Server": [
          "Windows-Azure-File\u002f1.0",
          "Microsoft-HTTPAPI\u002f2.0"
        ],
        "x-ms-client-request-id": "90160486218553c0d6f8ae48c8051f83",
        "x-ms-file-attributes": "Directory",
        "x-ms-file-change-time": "2019-08-23T21:50:19.5323048Z",
        "x-ms-file-creation-time": "2019-08-23T21:50:19.5323048Z",
        "x-ms-file-id": "11529285414812647424",
        "x-ms-file-last-write-time": "2019-08-23T21:50:19.5323048Z",
        "x-ms-file-parent-id": "13835128424026341376",
        "x-ms-file-permission-key": "5337567907660077720*2506815767522118929",
        "x-ms-request-id": "1a938c46-201a-0071-65fc-597833000000",
        "x-ms-server-encrypted": "true",
        "x-ms-version": "2019-02-02"
      },
      "ResponseBody": []
    },
    {
      "RequestUri": "http:\u002f\u002fseandevtest.file.core.windows.net\u002ftest-share-3cf277dd-aae0-9484-5dc2-4fe3aa8cd2bd?restype=share",
      "RequestMethod": "DELETE",
      "RequestHeaders": {
        "Authorization": "Sanitized",
        "Request-Id": "|b06e0124-41c66f948391e8eb.",
        "User-Agent": [
          "azsdk-net-Storage.Files\u002f12.0.0-dev.20190823.1\u002b5d1adc9e780ddad85dab0c608c4fad05ab097b18",
          "(.NET Core 4.6.27817.01; Microsoft Windows 10.0.18362 )"
        ],
        "x-ms-client-request-id": "70aa364d229c78da1d282628c502c05c",
        "x-ms-date": "Fri, 23 Aug 2019 21:50:19 GMT",
        "x-ms-return-client-request-id": "true",
        "x-ms-version": "2019-02-02"
      },
      "RequestBody": null,
      "StatusCode": 202,
      "ResponseHeaders": {
        "Content-Length": "0",
        "Date": "Fri, 23 Aug 2019 21:50:18 GMT",
        "Server": [
          "Windows-Azure-File\u002f1.0",
          "Microsoft-HTTPAPI\u002f2.0"
        ],
        "x-ms-client-request-id": "70aa364d229c78da1d282628c502c05c",
        "x-ms-request-id": "1a938c47-201a-0071-66fc-597833000000",
        "x-ms-version": "2019-02-02"
      },
      "ResponseBody": []
    }
  ],
  "Variables": {
    "RandomSeed": "253539028",
    "Storage_TestConfigDefault": "ProductionTenant\nseandevtest\nU2FuaXRpemVk\nhttp:\u002f\u002fseandevtest.blob.core.windows.net\nhttp:\u002f\u002fseandevtest.file.core.windows.net\nhttp:\u002f\u002fseandevtest.queue.core.windows.net\nhttp:\u002f\u002fseandevtest.table.core.windows.net\n\n\n\n\nhttp:\u002f\u002fseandevtest-secondary.blob.core.windows.net\nhttp:\u002f\u002fseandevtest-secondary.file.core.windows.net\nhttp:\u002f\u002fseandevtest-secondary.queue.core.windows.net\nhttp:\u002f\u002fseandevtest-secondary.table.core.windows.net\n\nSanitized\n\n\nCloud\nBlobEndpoint=http:\u002f\u002fseandevtest.blob.core.windows.net\u002f;QueueEndpoint=http:\u002f\u002fseandevtest.queue.core.windows.net\u002f;TableEndpoint=http:\u002f\u002fseandevtest.table.core.windows.net\u002f;FileEndpoint=http:\u002f\u002fseandevtest.file.core.windows.net\u002f;BlobSecondaryEndpoint=http:\u002f\u002fseandevtest-secondary.blob.core.windows.net\u002f;QueueSecondaryEndpoint=http:\u002f\u002fseandevtest-secondary.queue.core.windows.net\u002f;TableSecondaryEndpoint=http:\u002f\u002fseandevtest-secondary.table.core.windows.net\u002f;FileSecondaryEndpoint=http:\u002f\u002fseandevtest-secondary.file.core.windows.net\u002f;AccountName=seandevtest;AccountKey=Sanitized"
  }
}