{
  "Entries": [
    {
      "RequestUri": "http://storageteglazatesting.file.core.windows.net/test-share-1f34645a-c9fe-ff1f-a923-98846c3bffea?restype=share",
      "RequestMethod": "PUT",
      "RequestHeaders": {
        "Authorization": "Sanitized",
        "User-Agent": [
          "azsdk-net-Storage.Files/12.0.0-dev.20190712.1\u002b449c23cd1e82894613a14e163bc0fe3e0583c3ec",
          "(.NET Core 4.6.27414.06; Microsoft Windows 10.0.18362 )"
        ],
        "x-ms-client-request-id": "a1c061d13b4612a0528bab434a9f3126",
        "x-ms-date": "Fri, 12 Jul 2019 17:58:07 GMT",
        "x-ms-return-client-request-id": "true",
        "x-ms-share-quota": "1",
        "x-ms-version": "2018-11-09"
      },
      "RequestBody": null,
      "StatusCode": 201,
      "ResponseHeaders": {
        "Content-Length": "0",
        "Date": "Fri, 12 Jul 2019 17:58:07 GMT",
        "ETag": "\u00220x8D706F27EFC8B51\u0022",
        "Last-Modified": "Fri, 12 Jul 2019 17:58:07 GMT",
        "Server": [
          "Windows-Azure-File/1.0",
          "Microsoft-HTTPAPI/2.0"
        ],
        "x-ms-request-id": "0e14e447-101a-0070-54db-38f4f9000000",
        "x-ms-version": "2018-11-09"
      },
      "ResponseBody": null
    },
    {
      "RequestUri": "http://storageteglazatesting.file.core.windows.net/test-share-1f34645a-c9fe-ff1f-a923-98846c3bffea/test-directory-e914cb8f-d12e-6cbf-de4f-627a2a329e64?restype=directory",
      "RequestMethod": "PUT",
      "RequestHeaders": {
        "Authorization": "Sanitized",
        "User-Agent": [
          "azsdk-net-Storage.Files/12.0.0-dev.20190712.1\u002b449c23cd1e82894613a14e163bc0fe3e0583c3ec",
          "(.NET Core 4.6.27414.06; Microsoft Windows 10.0.18362 )"
        ],
        "x-ms-client-request-id": "23e732d9ea811e53c321cc731ddbb509",
        "x-ms-date": "Fri, 12 Jul 2019 17:58:07 GMT",
        "x-ms-return-client-request-id": "true",
        "x-ms-version": "2018-11-09"
      },
      "RequestBody": null,
      "StatusCode": 201,
      "ResponseHeaders": {
        "Content-Length": "0",
        "Date": "Fri, 12 Jul 2019 17:58:07 GMT",
        "ETag": "\u00220x8D706F27EFFB814\u0022",
        "Last-Modified": "Fri, 12 Jul 2019 17:58:07 GMT",
        "Server": [
          "Windows-Azure-File/1.0",
          "Microsoft-HTTPAPI/2.0"
        ],
        "x-ms-request-id": "0e14e449-101a-0070-55db-38f4f9000000",
        "x-ms-request-server-encrypted": "true",
        "x-ms-version": "2018-11-09"
      },
      "ResponseBody": null
    },
    {
      "RequestUri": "http://storageteglazatesting.file.core.windows.net/test-share-1f34645a-c9fe-ff1f-a923-98846c3bffea/test-directory-e914cb8f-d12e-6cbf-de4f-627a2a329e64?restype=directory",
      "RequestMethod": "PUT",
      "RequestHeaders": {
        "Authorization": "Sanitized",
        "User-Agent": [
          "azsdk-net-Storage.Files/12.0.0-dev.20190712.1\u002b449c23cd1e82894613a14e163bc0fe3e0583c3ec",
          "(.NET Core 4.6.27414.06; Microsoft Windows 10.0.18362 )"
        ],
        "x-ms-client-request-id": "a0f572f11627ffbba254c2f7d926e81f",
        "x-ms-date": "Fri, 12 Jul 2019 17:58:07 GMT",
        "x-ms-return-client-request-id": "true",
        "x-ms-version": "2018-11-09"
      },
      "RequestBody": null,
      "StatusCode": 409,
      "ResponseHeaders": {
        "Content-Length": "228",
        "Content-Type": "application/xml",
        "Date": "Fri, 12 Jul 2019 17:58:07 GMT",
        "Server": [
          "Windows-Azure-File/1.0",
          "Microsoft-HTTPAPI/2.0"
        ],
        "x-ms-error-code": "ResourceAlreadyExists",
        "x-ms-request-id": "0e14e44a-101a-0070-56db-38f4f9000000",
        "x-ms-version": "2018-11-09"
      },
      "ResponseBody": [
        "\ufeff\u003c?xml version=\u00221.0\u0022 encoding=\u0022utf-8\u0022?\u003e\u003cError\u003e\u003cCode\u003eResourceAlreadyExists\u003c/Code\u003e\u003cMessage\u003eThe specified resource already exists.\n",
        "RequestId:0e14e44a-101a-0070-56db-38f4f9000000\n",
        "Time:2019-07-12T17:58:07.8897105Z\u003c/Message\u003e\u003c/Error\u003e"
      ]
    },
    {
      "RequestUri": "http://storageteglazatesting.file.core.windows.net/test-share-1f34645a-c9fe-ff1f-a923-98846c3bffea?restype=share",
      "RequestMethod": "DELETE",
      "RequestHeaders": {
        "Authorization": "Sanitized",
        "User-Agent": [
          "azsdk-net-Storage.Files/12.0.0-dev.20190712.1\u002b449c23cd1e82894613a14e163bc0fe3e0583c3ec",
          "(.NET Core 4.6.27414.06; Microsoft Windows 10.0.18362 )"
        ],
        "x-ms-client-request-id": "176947ec0eb8a4a477f5250d044b4e02",
        "x-ms-date": "Fri, 12 Jul 2019 17:58:07 GMT",
        "x-ms-return-client-request-id": "true",
        "x-ms-version": "2018-11-09"
      },
      "RequestBody": null,
      "StatusCode": 202,
      "ResponseHeaders": {
        "Content-Length": "0",
        "Date": "Fri, 12 Jul 2019 17:58:07 GMT",
        "Server": [
          "Windows-Azure-File/1.0",
          "Microsoft-HTTPAPI/2.0"
        ],
        "x-ms-request-id": "0e14e44b-101a-0070-57db-38f4f9000000",
        "x-ms-version": "2018-11-09"
      },
      "ResponseBody": null
    }
  ],
  "Variables": {
    "RandomSeed": "2026976323",
    "Storage_TestConfigDefault": "ProductionTenant\nstorageteglazatesting\nU2FuaXRpemVk\nhttp://storageteglazatesting.blob.core.windows.net\nhttp://storageteglazatesting.file.core.windows.net\nhttp://storageteglazatesting.queue.core.windows.net\nhttp://storageteglazatesting.table.core.windows.net\n\n\n\n\nhttp://storageteglazatesting-secondary.blob.core.windows.net\n\nhttp://storageteglazatesting-secondary.queue.core.windows.net\nhttp://storageteglazatesting-secondary.table.core.windows.net\n\nSanitized\n\n\nCloud\nBlobEndpoint=http://storageteglazatesting.blob.core.windows.net/;QueueEndpoint=http://storageteglazatesting.queue.core.windows.net/;TableEndpoint=http://storageteglazatesting.table.core.windows.net/;FileEndpoint=http://storageteglazatesting.file.core.windows.net/;BlobSecondaryEndpoint=http://storageteglazatesting-secondary.blob.core.windows.net/;QueueSecondaryEndpoint=http://storageteglazatesting-secondary.queue.core.windows.net/;TableSecondaryEndpoint=http://storageteglazatesting-secondary.table.core.windows.net/;AccountName=storageteglazatesting;AccountKey=Sanitized"
  }
}