{
  "Entries": [
    {
      "RequestUri": "http:\u002f\u002fstorageteglazatesting.file.core.windows.net\u002ftest-share-6625c414-3fee-1d58-19b6-b2604c163d24?restype=share",
      "RequestMethod": "PUT",
      "RequestHeaders": {
        "Authorization": "Sanitized",
        "Request-Id": "|383078ec-498d0b09a1fa9f82.",
        "User-Agent": [
          "azsdk-net-Storage.Files\u002f12.0.0-dev.20190816.1\u002bf7717178bb2ed9e0b85144949d3624f75e24f4a0",
          "(.NET Core 4.6.27817.01; Microsoft Windows 10.0.18362 )"
        ],
        "x-ms-client-request-id": "fd229cf7ffcf70bcad93d3a0414d3ea4",
        "x-ms-date": "Sat, 17 Aug 2019 00:52:32 GMT",
        "x-ms-return-client-request-id": "true",
        "x-ms-share-quota": "1",
        "x-ms-version": "2019-02-02"
      },
      "RequestBody": null,
      "StatusCode": 201,
      "ResponseHeaders": {
        "Content-Length": "0",
        "Date": "Sat, 17 Aug 2019 00:52:31 GMT",
        "ETag": "\u00220x8D722AD2FAC846A\u0022",
        "Last-Modified": "Sat, 17 Aug 2019 00:52:32 GMT",
        "Server": [
          "Windows-Azure-File\u002f1.0",
          "Microsoft-HTTPAPI\u002f2.0"
        ],
        "x-ms-client-request-id": "fd229cf7ffcf70bcad93d3a0414d3ea4",
        "x-ms-request-id": "24131d48-b01a-009d-7596-54bfb4000000",
        "x-ms-version": "2019-02-02"
      },
      "ResponseBody": []
    },
    {
      "RequestUri": "http:\u002f\u002fstorageteglazatesting.file.core.windows.net\u002ftest-share-6625c414-3fee-1d58-19b6-b2604c163d24\u002ftest-directory-c05c295d-6cb7-28b4-6823-546d2a9d33af?restype=directory",
      "RequestMethod": "PUT",
      "RequestHeaders": {
        "Authorization": "Sanitized",
        "Request-Id": "|383078ed-498d0b09a1fa9f82.",
        "User-Agent": [
          "azsdk-net-Storage.Files\u002f12.0.0-dev.20190816.1\u002bf7717178bb2ed9e0b85144949d3624f75e24f4a0",
          "(.NET Core 4.6.27817.01; Microsoft Windows 10.0.18362 )"
        ],
        "x-ms-client-request-id": "f1b74bc414db153007b4b95a6cb8dccb",
        "x-ms-date": "Sat, 17 Aug 2019 00:52:32 GMT",
        "x-ms-file-attributes": "None",
        "x-ms-file-creation-time": "Now",
        "x-ms-file-last-write-time": "Now",
        "x-ms-file-permission": "inherit",
        "x-ms-return-client-request-id": "true",
        "x-ms-version": "2019-02-02"
      },
      "RequestBody": null,
      "StatusCode": 201,
      "ResponseHeaders": {
        "Content-Length": "0",
        "Date": "Sat, 17 Aug 2019 00:52:31 GMT",
        "ETag": "\u00220x8D722AD2FAF8EEE\u0022",
        "Last-Modified": "Sat, 17 Aug 2019 00:52:32 GMT",
        "Server": [
          "Windows-Azure-File\u002f1.0",
          "Microsoft-HTTPAPI\u002f2.0"
        ],
        "x-ms-client-request-id": "f1b74bc414db153007b4b95a6cb8dccb",
        "x-ms-file-attributes": "Directory",
        "x-ms-file-change-time": "2019-08-17T00:52:32.0935662Z",
        "x-ms-file-creation-time": "2019-08-17T00:52:32.0935662Z",
        "x-ms-file-id": "13835128424026341376",
        "x-ms-file-last-write-time": "2019-08-17T00:52:32.0935662Z",
        "x-ms-file-parent-id": "0",
        "x-ms-file-permission-key": "5551277012781935673*2725028605417700272",
        "x-ms-request-id": "24131d4a-b01a-009d-7696-54bfb4000000",
        "x-ms-request-server-encrypted": "true",
        "x-ms-version": "2019-02-02"
      },
      "ResponseBody": []
    },
    {
      "RequestUri": "http:\u002f\u002fstorageteglazatesting.file.core.windows.net\u002ftest-share-6625c414-3fee-1d58-19b6-b2604c163d24?restype=share",
      "RequestMethod": "DELETE",
      "RequestHeaders": {
        "Authorization": "Sanitized",
        "Request-Id": "|383078ee-498d0b09a1fa9f82.",
        "User-Agent": [
          "azsdk-net-Storage.Files\u002f12.0.0-dev.20190816.1\u002bf7717178bb2ed9e0b85144949d3624f75e24f4a0",
          "(.NET Core 4.6.27817.01; Microsoft Windows 10.0.18362 )"
        ],
        "x-ms-client-request-id": "23020e787cba8b6de7f994abaa4e460f",
        "x-ms-date": "Sat, 17 Aug 2019 00:52:32 GMT",
        "x-ms-return-client-request-id": "true",
        "x-ms-version": "2019-02-02"
      },
      "RequestBody": null,
      "StatusCode": 202,
      "ResponseHeaders": {
        "Content-Length": "0",
        "Date": "Sat, 17 Aug 2019 00:52:31 GMT",
        "Server": [
          "Windows-Azure-File\u002f1.0",
          "Microsoft-HTTPAPI\u002f2.0"
        ],
        "x-ms-client-request-id": "23020e787cba8b6de7f994abaa4e460f",
        "x-ms-request-id": "24131d4b-b01a-009d-7796-54bfb4000000",
        "x-ms-version": "2019-02-02"
      },
      "ResponseBody": []
    }
  ],
  "Variables": {
    "RandomSeed": "633482132",
    "Storage_TestConfigDefault": "ProductionTenant\nstorageteglazatesting\nU2FuaXRpemVk\nhttp:\u002f\u002fstorageteglazatesting.blob.core.windows.net\nhttp:\u002f\u002fstorageteglazatesting.file.core.windows.net\nhttp:\u002f\u002fstorageteglazatesting.queue.core.windows.net\nhttp:\u002f\u002fstorageteglazatesting.table.core.windows.net\n\n\n\n\nhttp:\u002f\u002fstorageteglazatesting-secondary.blob.core.windows.net\n\nhttp:\u002f\u002fstorageteglazatesting-secondary.queue.core.windows.net\nhttp:\u002f\u002fstorageteglazatesting-secondary.table.core.windows.net\n\nSanitized\n\n\nCloud\nBlobEndpoint=http:\u002f\u002fstorageteglazatesting.blob.core.windows.net\u002f;QueueEndpoint=http:\u002f\u002fstorageteglazatesting.queue.core.windows.net\u002f;TableEndpoint=http:\u002f\u002fstorageteglazatesting.table.core.windows.net\u002f;FileEndpoint=http:\u002f\u002fstorageteglazatesting.file.core.windows.net\u002f;BlobSecondaryEndpoint=http:\u002f\u002fstorageteglazatesting-secondary.blob.core.windows.net\u002f;QueueSecondaryEndpoint=http:\u002f\u002fstorageteglazatesting-secondary.queue.core.windows.net\u002f;TableSecondaryEndpoint=http:\u002f\u002fstorageteglazatesting-secondary.table.core.windows.net\u002f;AccountName=storageteglazatesting;AccountKey=Sanitized"
  }
}