{
  "Entries": [
    {
      "RequestUri": "http://storageteglazatesting.file.core.windows.net/test-share-8696f6ae-22ea-0eda-76fe-32d2593edbfc?restype=share",
      "RequestMethod": "PUT",
      "RequestHeaders": {
        "Authorization": "Sanitized",
        "User-Agent": [
          "azsdk-net-Storage.Files/1.0.0.0",
          "(.NET Core 4.6.27414.06; Microsoft Windows 10.0.18362 )"
        ],
        "x-ms-client-request-id": "7468ce490f8b665513272990063bd1af",
        "x-ms-date": "Sun, 30 Jun 2019 17:34:03 GMT",
        "x-ms-return-client-request-id": "true",
        "x-ms-share-quota": "1",
        "x-ms-version": "2018-11-09"
      },
      "RequestBody": null,
      "StatusCode": 201,
      "ResponseHeaders": {
        "Content-Length": "0",
        "Date": "Sun, 30 Jun 2019 17:34:05 GMT",
        "ETag": "\u00220x8D6FD8126DAFDD1\u0022",
        "Last-Modified": "Sun, 30 Jun 2019 17:34:06 GMT",
        "Server": [
          "Windows-Azure-File/1.0",
          "Microsoft-HTTPAPI/2.0"
        ],
        "x-ms-request-id": "992cc2df-d01a-0040-576a-2f4a36000000",
        "x-ms-version": "2018-11-09"
      },
      "ResponseBody": null
    },
    {
      "RequestUri": "http://storageteglazatesting.file.core.windows.net/test-share-8696f6ae-22ea-0eda-76fe-32d2593edbfc/test-directory-fa44c0c1-e859-5895-370b-18bd2b3e81bc?restype=directory",
      "RequestMethod": "GET",
      "RequestHeaders": {
        "Authorization": "Sanitized",
        "User-Agent": [
          "azsdk-net-Storage.Files/1.0.0.0",
          "(.NET Core 4.6.27414.06; Microsoft Windows 10.0.18362 )"
        ],
        "x-ms-client-request-id": "09e92f5788769ea2a02f73c3f84a073b",
        "x-ms-date": "Sun, 30 Jun 2019 17:34:03 GMT",
        "x-ms-return-client-request-id": "true",
        "x-ms-version": "2018-11-09"
      },
      "RequestBody": null,
      "StatusCode": 404,
      "ResponseHeaders": {
        "Access-Control-Allow-Origin": "*",
        "Content-Length": "223",
        "Content-Type": "application/xml",
        "Date": "Sun, 30 Jun 2019 17:34:05 GMT",
        "Server": [
          "Windows-Azure-File/1.0",
          "Microsoft-HTTPAPI/2.0"
        ],
        "x-ms-error-code": "ResourceNotFound",
        "x-ms-request-id": "992cc2e1-d01a-0040-586a-2f4a36000000",
        "x-ms-version": "2018-11-09"
      },
      "ResponseBody": [
        "\ufeff\u003c?xml version=\u00221.0\u0022 encoding=\u0022utf-8\u0022?\u003e\u003cError\u003e\u003cCode\u003eResourceNotFound\u003c/Code\u003e\u003cMessage\u003eThe specified resource does not exist.\n",
        "RequestId:992cc2e1-d01a-0040-586a-2f4a36000000\n",
        "Time:2019-06-30T17:34:06.4168575Z\u003c/Message\u003e\u003c/Error\u003e"
      ]
    },
    {
      "RequestUri": "http://storageteglazatesting.file.core.windows.net/test-share-8696f6ae-22ea-0eda-76fe-32d2593edbfc?restype=share",
      "RequestMethod": "DELETE",
      "RequestHeaders": {
        "Authorization": "Sanitized",
        "User-Agent": [
          "azsdk-net-Storage.Files/1.0.0.0",
          "(.NET Core 4.6.27414.06; Microsoft Windows 10.0.18362 )"
        ],
        "x-ms-client-request-id": "9811832ce0fa60a338103d80f7983ad5",
        "x-ms-date": "Sun, 30 Jun 2019 17:34:03 GMT",
        "x-ms-return-client-request-id": "true",
        "x-ms-version": "2018-11-09"
      },
      "RequestBody": null,
      "StatusCode": 202,
      "ResponseHeaders": {
        "Content-Length": "0",
        "Date": "Sun, 30 Jun 2019 17:34:05 GMT",
        "Server": [
          "Windows-Azure-File/1.0",
          "Microsoft-HTTPAPI/2.0"
        ],
        "x-ms-request-id": "992cc2e2-d01a-0040-596a-2f4a36000000",
        "x-ms-version": "2018-11-09"
      },
      "ResponseBody": null
    }
  ],
  "Variables": {
    "RandomSeed": "297574467"
  }
}