{
  "Entries": [
    {
      "RequestUri": "http:\u002f\u002fseandevtest.file.core.windows.net\u002ftest-share-f780aa82-94b3-ac70-9c0a-88673e90407d?restype=share",
      "RequestMethod": "PUT",
      "RequestHeaders": {
        "Authorization": "Sanitized",
        "Request-Id": "|a3ae31c7-4d69145cf1ffb57a.",
        "User-Agent": [
          "azsdk-net-Storage.Files\u002f12.0.0-dev.20190822.1\u002bd36f8fac2162e8f9b14352b4de3c24242097c7b8",
          "(.NET Core 4.6.27817.01; Microsoft Windows 10.0.18362 )"
        ],
        "x-ms-client-request-id": "059201fe9beec103d2c0b9e89e4b21f1",
        "x-ms-date": "Thu, 22 Aug 2019 21:10:46 GMT",
        "x-ms-return-client-request-id": "true",
        "x-ms-share-quota": "1",
        "x-ms-version": "2019-02-02"
      },
      "RequestBody": null,
      "StatusCode": 201,
      "ResponseHeaders": {
        "Content-Length": "0",
        "Date": "Thu, 22 Aug 2019 21:10:45 GMT",
        "ETag": "\u00220x8D727453359A464\u0022",
        "Last-Modified": "Thu, 22 Aug 2019 21:10:46 GMT",
        "Server": [
          "Windows-Azure-File\u002f1.0",
          "Microsoft-HTTPAPI\u002f2.0"
        ],
        "x-ms-client-request-id": "059201fe9beec103d2c0b9e89e4b21f1",
        "x-ms-request-id": "0dc66c8d-d01a-0002-5b2e-5908f0000000",
        "x-ms-version": "2019-02-02"
      },
      "ResponseBody": []
    },
    {
      "RequestUri": "http:\u002f\u002fseandevtest.file.core.windows.net\u002ftest-share-f780aa82-94b3-ac70-9c0a-88673e90407d\u002ftest-directory-66c11f6e-d1df-a8e8-d42b-4429c1f31df6?restype=directory",
      "RequestMethod": "PUT",
      "RequestHeaders": {
        "Authorization": "Sanitized",
        "Request-Id": "|a3ae31c8-4d69145cf1ffb57a.",
        "User-Agent": [
          "azsdk-net-Storage.Files\u002f12.0.0-dev.20190822.1\u002bd36f8fac2162e8f9b14352b4de3c24242097c7b8",
          "(.NET Core 4.6.27817.01; Microsoft Windows 10.0.18362 )"
        ],
        "x-ms-client-request-id": "ebd4c59c980be795a6bf25f2db880d50",
        "x-ms-date": "Thu, 22 Aug 2019 21:10:46 GMT",
        "x-ms-file-attributes": "None",
        "x-ms-file-creation-time": "Now",
        "x-ms-file-last-write-time": "Now",
        "x-ms-file-permission": "Inherit",
        "x-ms-return-client-request-id": "true",
        "x-ms-version": "2019-02-02"
      },
      "RequestBody": null,
      "StatusCode": 201,
      "ResponseHeaders": {
        "Content-Length": "0",
        "Date": "Thu, 22 Aug 2019 21:10:45 GMT",
        "ETag": "\u00220x8D72745335F8FD3\u0022",
        "Last-Modified": "Thu, 22 Aug 2019 21:10:46 GMT",
        "Server": [
          "Windows-Azure-File\u002f1.0",
          "Microsoft-HTTPAPI\u002f2.0"
        ],
        "x-ms-client-request-id": "ebd4c59c980be795a6bf25f2db880d50",
        "x-ms-file-attributes": "Directory",
        "x-ms-file-change-time": "2019-08-22T21:10:46.4341971Z",
        "x-ms-file-creation-time": "2019-08-22T21:10:46.4341971Z",
        "x-ms-file-id": "13835128424026341376",
        "x-ms-file-last-write-time": "2019-08-22T21:10:46.4341971Z",
        "x-ms-file-parent-id": "0",
        "x-ms-file-permission-key": "5337567907660077720*2506815767522118929",
        "x-ms-request-id": "0dc66c8f-d01a-0002-5c2e-5908f0000000",
        "x-ms-request-server-encrypted": "true",
        "x-ms-version": "2019-02-02"
      },
      "ResponseBody": []
    },
    {
      "RequestUri": "http:\u002f\u002fseandevtest.file.core.windows.net\u002ftest-share-f780aa82-94b3-ac70-9c0a-88673e90407d\u002ftest-directory-66c11f6e-d1df-a8e8-d42b-4429c1f31df6?restype=directory\u0026comp=metadata",
      "RequestMethod": "PUT",
      "RequestHeaders": {
        "Authorization": "Sanitized",
        "Request-Id": "|a3ae31c9-4d69145cf1ffb57a.",
        "User-Agent": [
          "azsdk-net-Storage.Files\u002f12.0.0-dev.20190822.1\u002bd36f8fac2162e8f9b14352b4de3c24242097c7b8",
          "(.NET Core 4.6.27817.01; Microsoft Windows 10.0.18362 )"
        ],
        "x-ms-client-request-id": "1ef996e8dace2d9d18e931c356d900df",
        "x-ms-date": "Thu, 22 Aug 2019 21:10:46 GMT",
        "x-ms-meta-foo": "bar",
        "x-ms-meta-meta": "data",
        "x-ms-return-client-request-id": "true",
        "x-ms-version": "2019-02-02"
      },
      "RequestBody": null,
      "StatusCode": 200,
      "ResponseHeaders": {
        "Content-Length": "0",
        "Date": "Thu, 22 Aug 2019 21:10:45 GMT",
        "ETag": "\u00220x8D727453364E7FE\u0022",
        "Last-Modified": "Thu, 22 Aug 2019 21:10:46 GMT",
        "Server": [
          "Windows-Azure-File\u002f1.0",
          "Microsoft-HTTPAPI\u002f2.0"
        ],
        "x-ms-client-request-id": "1ef996e8dace2d9d18e931c356d900df",
        "x-ms-request-id": "0dc66c91-d01a-0002-5d2e-5908f0000000",
        "x-ms-request-server-encrypted": "true",
        "x-ms-version": "2019-02-02"
      },
      "ResponseBody": []
    },
    {
      "RequestUri": "http:\u002f\u002fseandevtest.file.core.windows.net\u002ftest-share-f780aa82-94b3-ac70-9c0a-88673e90407d\u002ftest-directory-66c11f6e-d1df-a8e8-d42b-4429c1f31df6?restype=directory",
      "RequestMethod": "GET",
      "RequestHeaders": {
        "Authorization": "Sanitized",
        "Request-Id": "|a3ae31ca-4d69145cf1ffb57a.",
        "User-Agent": [
          "azsdk-net-Storage.Files\u002f12.0.0-dev.20190822.1\u002bd36f8fac2162e8f9b14352b4de3c24242097c7b8",
          "(.NET Core 4.6.27817.01; Microsoft Windows 10.0.18362 )"
        ],
        "x-ms-client-request-id": "d84bc3a23576d5e58adabf20abf6cd4c",
        "x-ms-date": "Thu, 22 Aug 2019 21:10:46 GMT",
        "x-ms-return-client-request-id": "true",
        "x-ms-version": "2019-02-02"
      },
      "RequestBody": null,
      "StatusCode": 200,
      "ResponseHeaders": {
        "Access-Control-Allow-Origin": "*",
        "Access-Control-Expose-Headers": "x-ms-meta-foo,x-ms-meta-meta",
        "Content-Length": "0",
        "Date": "Thu, 22 Aug 2019 21:10:45 GMT",
        "ETag": "\u00220x8D727453364E7FE\u0022",
        "Last-Modified": "Thu, 22 Aug 2019 21:10:46 GMT",
        "Server": [
          "Windows-Azure-File\u002f1.0",
          "Microsoft-HTTPAPI\u002f2.0"
        ],
        "x-ms-client-request-id": "d84bc3a23576d5e58adabf20abf6cd4c",
        "x-ms-file-attributes": "Directory",
        "x-ms-file-change-time": "2019-08-22T21:10:46.4692222Z",
        "x-ms-file-creation-time": "2019-08-22T21:10:46.4341971Z",
        "x-ms-file-id": "13835128424026341376",
        "x-ms-file-last-write-time": "2019-08-22T21:10:46.4341971Z",
        "x-ms-file-parent-id": "0",
        "x-ms-file-permission-key": "5337567907660077720*2506815767522118929",
        "x-ms-meta-foo": "bar",
        "x-ms-meta-meta": "data",
        "x-ms-request-id": "0dc66c92-d01a-0002-5e2e-5908f0000000",
        "x-ms-server-encrypted": "true",
        "x-ms-version": "2019-02-02"
      },
      "ResponseBody": []
    },
    {
      "RequestUri": "http:\u002f\u002fseandevtest.file.core.windows.net\u002ftest-share-f780aa82-94b3-ac70-9c0a-88673e90407d?restype=share",
      "RequestMethod": "DELETE",
      "RequestHeaders": {
        "Authorization": "Sanitized",
        "Request-Id": "|a3ae31cb-4d69145cf1ffb57a.",
        "User-Agent": [
          "azsdk-net-Storage.Files\u002f12.0.0-dev.20190822.1\u002bd36f8fac2162e8f9b14352b4de3c24242097c7b8",
          "(.NET Core 4.6.27817.01; Microsoft Windows 10.0.18362 )"
        ],
        "x-ms-client-request-id": "2a40f31dfffac22727a7d32267d290cc",
        "x-ms-date": "Thu, 22 Aug 2019 21:10:46 GMT",
        "x-ms-return-client-request-id": "true",
        "x-ms-version": "2019-02-02"
      },
      "RequestBody": null,
      "StatusCode": 202,
      "ResponseHeaders": {
        "Content-Length": "0",
        "Date": "Thu, 22 Aug 2019 21:10:45 GMT",
        "Server": [
          "Windows-Azure-File\u002f1.0",
          "Microsoft-HTTPAPI\u002f2.0"
        ],
        "x-ms-client-request-id": "2a40f31dfffac22727a7d32267d290cc",
        "x-ms-request-id": "0dc66c93-d01a-0002-5f2e-5908f0000000",
        "x-ms-version": "2019-02-02"
      },
      "ResponseBody": []
    }
  ],
  "Variables": {
    "RandomSeed": "2079068715",
    "Storage_TestConfigDefault": "ProductionTenant\nseandevtest\nU2FuaXRpemVk\nhttp:\u002f\u002fseandevtest.blob.core.windows.net\nhttp:\u002f\u002fseandevtest.file.core.windows.net\nhttp:\u002f\u002fseandevtest.queue.core.windows.net\nhttp:\u002f\u002fseandevtest.table.core.windows.net\n\n\n\n\nhttp:\u002f\u002fseandevtest-secondary.blob.core.windows.net\nhttp:\u002f\u002fseandevtest-secondary.file.core.windows.net\nhttp:\u002f\u002fseandevtest-secondary.queue.core.windows.net\nhttp:\u002f\u002fseandevtest-secondary.table.core.windows.net\n\nSanitized\n\n\nCloud\nBlobEndpoint=http:\u002f\u002fseandevtest.blob.core.windows.net\u002f;QueueEndpoint=http:\u002f\u002fseandevtest.queue.core.windows.net\u002f;TableEndpoint=http:\u002f\u002fseandevtest.table.core.windows.net\u002f;FileEndpoint=http:\u002f\u002fseandevtest.file.core.windows.net\u002f;BlobSecondaryEndpoint=http:\u002f\u002fseandevtest-secondary.blob.core.windows.net\u002f;QueueSecondaryEndpoint=http:\u002f\u002fseandevtest-secondary.queue.core.windows.net\u002f;TableSecondaryEndpoint=http:\u002f\u002fseandevtest-secondary.table.core.windows.net\u002f;FileSecondaryEndpoint=http:\u002f\u002fseandevtest-secondary.file.core.windows.net\u002f;AccountName=seandevtest;AccountKey=Sanitized"
  }
}