{
  "Entries": [
    {
      "RequestUri": "http:\u002f\u002fstorageteglazatesting.file.core.windows.net\u002ftest-share-e8d38496-fbe6-9a0f-634c-aab475e70654?restype=share",
      "RequestMethod": "PUT",
      "RequestHeaders": {
        "Authorization": "Sanitized",
        "Request-Id": "|cd9d0621-4ec353129fdd7630.",
        "User-Agent": [
          "azsdk-net-Storage.Files\u002f12.0.0-dev.20190816.1\u002bf7717178bb2ed9e0b85144949d3624f75e24f4a0",
          "(.NET Core 4.6.27817.01; Microsoft Windows 10.0.18362 )"
        ],
        "x-ms-client-request-id": "f922b810cbde32030b3196660d6c1c98",
        "x-ms-date": "Sat, 17 Aug 2019 00:16:32 GMT",
        "x-ms-return-client-request-id": "true",
        "x-ms-share-quota": "1",
        "x-ms-version": "2019-02-02"
      },
      "RequestBody": null,
      "StatusCode": 201,
      "ResponseHeaders": {
        "Content-Length": "0",
        "Date": "Sat, 17 Aug 2019 00:16:31 GMT",
        "ETag": "\u00220x8D722A82834F705\u0022",
        "Last-Modified": "Sat, 17 Aug 2019 00:16:32 GMT",
        "Server": [
          "Windows-Azure-File\u002f1.0",
          "Microsoft-HTTPAPI\u002f2.0"
        ],
        "x-ms-client-request-id": "f922b810cbde32030b3196660d6c1c98",
        "x-ms-request-id": "e5fc8d6f-701a-002b-6a91-54cdc2000000",
        "x-ms-version": "2019-02-02"
      },
      "ResponseBody": []
    },
    {
      "RequestUri": "http:\u002f\u002fstorageteglazatesting.file.core.windows.net\u002ftest-share-e8d38496-fbe6-9a0f-634c-aab475e70654\u002ftest-directory-682bf10a-817e-38ca-90c0-f0539544e4db?restype=directory\u0026comp=metadata",
      "RequestMethod": "PUT",
      "RequestHeaders": {
        "Authorization": "Sanitized",
        "Request-Id": "|cd9d0622-4ec353129fdd7630.",
        "User-Agent": [
          "azsdk-net-Storage.Files\u002f12.0.0-dev.20190816.1\u002bf7717178bb2ed9e0b85144949d3624f75e24f4a0",
          "(.NET Core 4.6.27817.01; Microsoft Windows 10.0.18362 )"
        ],
        "x-ms-client-request-id": "2e4bad6f3491cb9280a0ddb564a88cf7",
        "x-ms-date": "Sat, 17 Aug 2019 00:16:32 GMT",
        "x-ms-meta-foo": "bar",
        "x-ms-meta-meta": "data",
        "x-ms-return-client-request-id": "true",
        "x-ms-version": "2019-02-02"
      },
      "RequestBody": null,
      "StatusCode": 404,
      "ResponseHeaders": {
        "Content-Length": "223",
        "Content-Type": "application\u002fxml",
        "Date": "Sat, 17 Aug 2019 00:16:31 GMT",
        "Server": [
          "Windows-Azure-File\u002f1.0",
          "Microsoft-HTTPAPI\u002f2.0"
        ],
        "x-ms-client-request-id": "2e4bad6f3491cb9280a0ddb564a88cf7",
        "x-ms-error-code": "ResourceNotFound",
        "x-ms-request-id": "e5fc8d71-701a-002b-6b91-54cdc2000000",
        "x-ms-version": "2019-02-02"
      },
      "ResponseBody": [
        "\ufeff\u003c?xml version=\u00221.0\u0022 encoding=\u0022utf-8\u0022?\u003e\u003cError\u003e\u003cCode\u003eResourceNotFound\u003c\u002fCode\u003e\u003cMessage\u003eThe specified resource does not exist.\n",
        "RequestId:e5fc8d71-701a-002b-6b91-54cdc2000000\n",
        "Time:2019-08-17T00:16:32.1054806Z\u003c\u002fMessage\u003e\u003c\u002fError\u003e"
      ]
    },
    {
      "RequestUri": "http:\u002f\u002fstorageteglazatesting.file.core.windows.net\u002ftest-share-e8d38496-fbe6-9a0f-634c-aab475e70654?restype=share",
      "RequestMethod": "DELETE",
      "RequestHeaders": {
        "Authorization": "Sanitized",
        "Request-Id": "|cd9d0623-4ec353129fdd7630.",
        "User-Agent": [
          "azsdk-net-Storage.Files\u002f12.0.0-dev.20190816.1\u002bf7717178bb2ed9e0b85144949d3624f75e24f4a0",
          "(.NET Core 4.6.27817.01; Microsoft Windows 10.0.18362 )"
        ],
        "x-ms-client-request-id": "84a912309dbb8fd6eee9691edbb09dc6",
        "x-ms-date": "Sat, 17 Aug 2019 00:16:32 GMT",
        "x-ms-return-client-request-id": "true",
        "x-ms-version": "2019-02-02"
      },
      "RequestBody": null,
      "StatusCode": 202,
      "ResponseHeaders": {
        "Content-Length": "0",
        "Date": "Sat, 17 Aug 2019 00:16:31 GMT",
        "Server": [
          "Windows-Azure-File\u002f1.0",
          "Microsoft-HTTPAPI\u002f2.0"
        ],
        "x-ms-client-request-id": "84a912309dbb8fd6eee9691edbb09dc6",
        "x-ms-request-id": "e5fc8d72-701a-002b-6c91-54cdc2000000",
        "x-ms-version": "2019-02-02"
      },
      "ResponseBody": []
    }
  ],
  "Variables": {
    "RandomSeed": "620237079",
    "Storage_TestConfigDefault": "ProductionTenant\nstorageteglazatesting\nU2FuaXRpemVk\nhttp:\u002f\u002fstorageteglazatesting.blob.core.windows.net\nhttp:\u002f\u002fstorageteglazatesting.file.core.windows.net\nhttp:\u002f\u002fstorageteglazatesting.queue.core.windows.net\nhttp:\u002f\u002fstorageteglazatesting.table.core.windows.net\n\n\n\n\nhttp:\u002f\u002fstorageteglazatesting-secondary.blob.core.windows.net\n\nhttp:\u002f\u002fstorageteglazatesting-secondary.queue.core.windows.net\nhttp:\u002f\u002fstorageteglazatesting-secondary.table.core.windows.net\n\nSanitized\n\n\nCloud\nBlobEndpoint=http:\u002f\u002fstorageteglazatesting.blob.core.windows.net\u002f;QueueEndpoint=http:\u002f\u002fstorageteglazatesting.queue.core.windows.net\u002f;TableEndpoint=http:\u002f\u002fstorageteglazatesting.table.core.windows.net\u002f;FileEndpoint=http:\u002f\u002fstorageteglazatesting.file.core.windows.net\u002f;BlobSecondaryEndpoint=http:\u002f\u002fstorageteglazatesting-secondary.blob.core.windows.net\u002f;QueueSecondaryEndpoint=http:\u002f\u002fstorageteglazatesting-secondary.queue.core.windows.net\u002f;TableSecondaryEndpoint=http:\u002f\u002fstorageteglazatesting-secondary.table.core.windows.net\u002f;AccountName=storageteglazatesting;AccountKey=Sanitized"
  }
}