{
  "Entries": [
    {
      "RequestUri": "https://management.azure.com/subscriptions/f3d94233-a9aa-4241-ac82-2dfb63ce637a?api-version=2021-01-01",
      "RequestMethod": "GET",
      "RequestHeaders": {
        "Accept": "application/json",
        "Authorization": "Sanitized",
        "User-Agent": [
          "azsdk-net-ResourceManager/1.0.0-beta.2",
          "(.NET 5.0.9; Microsoft Windows 10.0.19043)"
        ],
        "x-ms-client-request-id": "36ca397932140e126372a7087188334f",
        "x-ms-return-client-request-id": "true"
      },
      "RequestBody": null,
      "StatusCode": 200,
      "ResponseHeaders": {
        "Cache-Control": "no-cache",
        "Content-Length": "410",
        "Content-Type": "application/json; charset=utf-8",
        "Date": "Mon, 06 Sep 2021 09:03:12 GMT",
        "Expires": "-1",
        "Pragma": "no-cache",
        "Strict-Transport-Security": "max-age=31536000; includeSubDomains",
        "X-Content-Type-Options": "nosniff",
        "x-ms-correlation-request-id": "a176ca57-2e68-4381-929b-cf88d631f67c",
        "x-ms-ratelimit-remaining-subscription-reads": "11931",
        "x-ms-request-id": "a176ca57-2e68-4381-929b-cf88d631f67c",
        "x-ms-routing-request-id": "SOUTHEASTASIA:20210906T090313Z:a176ca57-2e68-4381-929b-cf88d631f67c"
      },
      "ResponseBody": {
        "id": "/subscriptions/f3d94233-a9aa-4241-ac82-2dfb63ce637a",
        "authorizationSource": "RoleBased",
        "managedByTenants": [],
        "subscriptionId": "f3d94233-a9aa-4241-ac82-2dfb63ce637a",
        "tenantId": "75743128-1c62-4904-9be1-c23c1edb9a9f",
        "displayName": "Visual Studio Enterprise Subscription",
        "state": "Enabled",
        "subscriptionPolicies": {
          "locationPlacementId": "Public_2014-09-01",
          "quotaId": "MSDN_2014-09-01",
          "spendingLimit": "On"
        }
      }
    },
    {
      "RequestUri": "https://management.azure.com/subscriptions/f3d94233-a9aa-4241-ac82-2dfb63ce637a/resourcegroups/testRg-4-3087?api-version=**",
      "RequestMethod": "PUT",
      "RequestHeaders": {
        "Accept": "application/json",
        "Authorization": "Sanitized",
        "Content-Length": "21",
        "Content-Type": "application/json",
        "traceparent": "00-582e8054f6785149bbf121db4c972d52-91aa40d2a5f0494c-00",
        "User-Agent": [
          "azsdk-net-ResourceManager/1.0.0-beta.2",
          "(.NET 5.0.9; Microsoft Windows 10.0.19043)"
        ],
        "x-ms-client-request-id": "a2fa65b3af59b8c04d4be3d77f82d2af",
        "x-ms-return-client-request-id": "true"
      },
      "RequestBody": {
        "location": "westus2"
      },
      "StatusCode": 201,
      "ResponseHeaders": {
        "Cache-Control": "no-cache",
        "Content-Length": "224",
        "Content-Type": "application/json; charset=utf-8",
        "Date": "Mon, 06 Sep 2021 09:03:14 GMT",
        "Expires": "-1",
        "Pragma": "no-cache",
        "Strict-Transport-Security": "max-age=31536000; includeSubDomains",
        "X-Content-Type-Options": "nosniff",
        "x-ms-correlation-request-id": "39eec381-3b70-4d6a-9d1d-7393ea4161d1",
        "x-ms-ratelimit-remaining-subscription-writes": "1199",
        "x-ms-request-id": "39eec381-3b70-4d6a-9d1d-7393ea4161d1",
        "x-ms-routing-request-id": "SOUTHEASTASIA:20210906T090315Z:39eec381-3b70-4d6a-9d1d-7393ea4161d1"
      },
      "ResponseBody": {
        "id": "/subscriptions/f3d94233-a9aa-4241-ac82-2dfb63ce637a/resourceGroups/testRg-4-3087",
        "name": "testRg-4-3087",
        "type": "Microsoft.Resources/resourceGroups",
        "location": "westus2",
        "properties": {
          "provisioningState": "Succeeded"
        }
      }
    },
    {
      "RequestUri": "https://management.azure.com/subscriptions/f3d94233-a9aa-4241-ac82-2dfb63ce637a/resourceGroups/testRg-4-3087/providers/Microsoft.Resources/templateSpecs/templateSpec-G-2680?api-version=2021-05-01",
      "RequestMethod": "PUT",
      "RequestHeaders": {
        "Accept": "application/json",
        "Authorization": "Sanitized",
        "Content-Length": "128",
        "Content-Type": "application/json",
        "User-Agent": [
          "azsdk-net-ResourceManager.Resources/1.0.0-alpha.20210906.1",
          "(.NET 5.0.9; Microsoft Windows 10.0.19043)"
        ],
        "x-ms-client-request-id": "a5d8006197ad63ebbfaae39996fb9417",
        "x-ms-return-client-request-id": "true"
      },
      "RequestBody": {
        "location": "westus2",
        "properties": {
          "description": "Description of my Template Spec",
          "displayName": "templateSpec-G-2680 (Test)"
        }
      },
      "StatusCode": 201,
      "ResponseHeaders": {
        "Cache-Control": "no-cache",
        "Content-Length": "722",
        "Content-Type": "application/json; charset=utf-8",
        "Date": "Mon, 06 Sep 2021 09:03:18 GMT",
        "Expires": "-1",
        "Pragma": "no-cache",
        "Server": "Microsoft-HTTPAPI/2.0",
        "Strict-Transport-Security": "max-age=31536000; includeSubDomains",
        "X-Content-Type-Options": "nosniff",
        "x-ms-client-request-id": "a5d8006197ad63ebbfaae39996fb9417",
        "x-ms-correlation-request-id": "1e2d3bfd-da37-4fa2-b877-56176c98857c",
        "x-ms-ratelimit-remaining-subscription-writes": "1198",
        "x-ms-request-id": "e0c65321-3179-4bdc-b8d1-8f935c24cdec",
        "x-ms-routing-request-id": "SOUTHEASTASIA:20210906T090319Z:1e2d3bfd-da37-4fa2-b877-56176c98857c"
      },
      "ResponseBody": [
        "{\r\n",
        "  \u0022location\u0022: \u0022westus2\u0022,\r\n",
        "  \u0022properties\u0022: {\r\n",
        "    \u0022displayName\u0022: \u0022templateSpec-G-2680 (Test)\u0022,\r\n",
        "    \u0022description\u0022: \u0022Description of my Template Spec\u0022\r\n",
        "  },\r\n",
        "  \u0022systemData\u0022: {\r\n",
        "    \u0022createdBy\u0022: \u0022f03720c1-6b28-4033-b949-e30e027685c6\u0022,\r\n",
        "    \u0022createdByType\u0022: \u0022Application\u0022,\r\n",
        "    \u0022createdAt\u0022: \u00222021-09-06T09:03:17.97933Z\u0022,\r\n",
        "    \u0022lastModifiedBy\u0022: \u0022f03720c1-6b28-4033-b949-e30e027685c6\u0022,\r\n",
        "    \u0022lastModifiedByType\u0022: \u0022Application\u0022,\r\n",
        "    \u0022lastModifiedAt\u0022: \u00222021-09-06T09:03:17.97933Z\u0022\r\n",
        "  },\r\n",
        "  \u0022id\u0022: \u0022/subscriptions/f3d94233-a9aa-4241-ac82-2dfb63ce637a/resourceGroups/testRg-4-3087/providers/Microsoft.Resources/templateSpecs/templateSpec-G-2680\u0022,\r\n",
        "  \u0022type\u0022: \u0022Microsoft.Resources/templateSpecs\u0022,\r\n",
        "  \u0022name\u0022: \u0022templateSpec-G-2680\u0022\r\n",
        "}"
      ]
    },
    {
      "RequestUri": "https://management.azure.com/subscriptions/f3d94233-a9aa-4241-ac82-2dfb63ce637a/resourceGroups/testRg-4-3087/providers/Microsoft.Resources/templateSpecs/templateSpec-G-2680?api-version=2021-05-01",
      "RequestMethod": "GET",
      "RequestHeaders": {
        "Accept": "application/json",
        "Authorization": "Sanitized",
        "User-Agent": [
          "azsdk-net-ResourceManager.Resources/1.0.0-alpha.20210906.1",
          "(.NET 5.0.9; Microsoft Windows 10.0.19043)"
        ],
        "x-ms-client-request-id": "295b0c0f1f0c0a897dc7e72f36e3efd5",
        "x-ms-return-client-request-id": "true"
      },
      "RequestBody": null,
      "StatusCode": 200,
      "ResponseHeaders": {
        "Cache-Control": "no-cache",
        "Content-Length": "722",
        "Content-Type": "application/json; charset=utf-8",
        "Date": "Mon, 06 Sep 2021 09:03:19 GMT",
        "Expires": "-1",
        "Pragma": "no-cache",
        "Server": "Microsoft-HTTPAPI/2.0",
        "Strict-Transport-Security": "max-age=31536000; includeSubDomains",
        "X-Content-Type-Options": "nosniff",
        "x-ms-client-request-id": "295b0c0f1f0c0a897dc7e72f36e3efd5",
        "x-ms-correlation-request-id": "1bff544b-6470-4325-837d-c346c234fdc6",
        "x-ms-ratelimit-remaining-subscription-reads": "11930",
        "x-ms-request-id": "3fd7c62a-d32c-4b6c-9657-3cd491318d8f",
        "x-ms-routing-request-id": "SOUTHEASTASIA:20210906T090320Z:1bff544b-6470-4325-837d-c346c234fdc6"
      },
      "ResponseBody": [
        "{\r\n",
        "  \u0022location\u0022: \u0022westus2\u0022,\r\n",
        "  \u0022properties\u0022: {\r\n",
        "    \u0022displayName\u0022: \u0022templateSpec-G-2680 (Test)\u0022,\r\n",
        "    \u0022description\u0022: \u0022Description of my Template Spec\u0022\r\n",
        "  },\r\n",
        "  \u0022systemData\u0022: {\r\n",
        "    \u0022createdBy\u0022: \u0022f03720c1-6b28-4033-b949-e30e027685c6\u0022,\r\n",
        "    \u0022createdByType\u0022: \u0022Application\u0022,\r\n",
        "    \u0022createdAt\u0022: \u00222021-09-06T09:03:17.97933Z\u0022,\r\n",
        "    \u0022lastModifiedBy\u0022: \u0022f03720c1-6b28-4033-b949-e30e027685c6\u0022,\r\n",
        "    \u0022lastModifiedByType\u0022: \u0022Application\u0022,\r\n",
        "    \u0022lastModifiedAt\u0022: \u00222021-09-06T09:03:17.97933Z\u0022\r\n",
        "  },\r\n",
        "  \u0022id\u0022: \u0022/subscriptions/f3d94233-a9aa-4241-ac82-2dfb63ce637a/resourceGroups/testRg-4-3087/providers/Microsoft.Resources/templateSpecs/templateSpec-G-2680\u0022,\r\n",
        "  \u0022type\u0022: \u0022Microsoft.Resources/templateSpecs\u0022,\r\n",
        "  \u0022name\u0022: \u0022templateSpec-G-2680\u0022\r\n",
        "}"
      ]
    }
  ],
  "Variables": {
    "RandomSeed": "1104769623",
    "RESOURCE_MANAGER_URL": null,
    "SUBSCRIPTION_ID": "f3d94233-a9aa-4241-ac82-2dfb63ce637a"
  }
}
