{
  "Entries": [
    {
      "RequestUri": "https://annelocontainerregistry.azurecr.io/acr/v1/library%2Fhello-world/_tags/v1",
      "RequestMethod": "GET",
      "RequestHeaders": {
        "Accept": "application/json",
        "Authorization": "Sanitized",
        "traceparent": "00-63fbd9d3100e7a49a31d88be54897f70-b5fba56312ad0841-00",
        "User-Agent": "azsdk-net-Containers.ContainerRegistry/1.0.0-alpha.20210329.1 (.NET Framework 4.8.4300.0; Microsoft Windows 10.0.19042 )",
        "x-ms-client-request-id": "cd7a6f86474183b39bdad1e96c9b7cd7",
        "x-ms-return-client-request-id": "true"
      },
      "RequestBody": null,
      "StatusCode": 401,
      "ResponseHeaders": {
        "Access-Control-Expose-Headers": [
          "Docker-Content-Digest",
          "WWW-Authenticate",
          "Link",
          "X-Ms-Correlation-Request-Id"
        ],
        "Connection": "keep-alive",
        "Content-Length": "221",
        "Content-Type": "application/json; charset=utf-8",
        "Date": "Mon, 29 Mar 2021 18:09:29 GMT",
        "Docker-Distribution-Api-Version": "registry/2.0",
        "Server": "openresty",
        "Strict-Transport-Security": [
          "max-age=31536000; includeSubDomains",
          "max-age=31536000; includeSubDomains"
        ],
        "WWW-Authenticate": "Bearer realm=\u0022https://annelocontainerregistry.azurecr.io/oauth2/token\u0022,service=\u0022annelocontainerregistry.azurecr.io\u0022,scope=\u0022repository:library/hello-world:metadata_read\u0022,error=\u0022invalid_token\u0022",
        "X-Content-Type-Options": "nosniff",
        "X-Ms-Correlation-Request-Id": "7d741e0a-b095-48ef-99b2-4b83231f33a4"
      },
      "ResponseBody": {
        "errors": [
          {
            "code": "UNAUTHORIZED",
            "message": "authentication required, visit https://aka.ms/acr/authorization for more information.",
            "detail": [
              {
                "Type": "repository",
                "Name": "library/hello-world",
                "Action": "metadata_read"
              }
            ]
          }
        ]
      }
    },
    {
      "RequestUri": "https://annelocontainerregistry.azurecr.io/oauth2/exchange",
      "RequestMethod": "POST",
      "RequestHeaders": {
        "Accept": "application/json",
        "Content-Length": "89",
        "Content-Type": "application/x-www-form-urlencoded",
        "traceparent": "00-63fbd9d3100e7a49a31d88be54897f70-820530eb52e76740-00",
        "User-Agent": "azsdk-net-Containers.ContainerRegistry/1.0.0-alpha.20210329.1 (.NET Framework 4.8.4300.0; Microsoft Windows 10.0.19042 )",
        "x-ms-client-request-id": "ddc0e526a051a09abc4631405161181a",
        "x-ms-return-client-request-id": "true"
      },
      "RequestBody": "grant_type=access_token\u0026service=annelocontainerregistry.azurecr.io\u0026access_token=Sanitized",
      "StatusCode": 200,
      "ResponseHeaders": {
        "Connection": "keep-alive",
        "Content-Type": "application/json; charset=utf-8",
        "Date": "Mon, 29 Mar 2021 18:09:29 GMT",
        "Server": "openresty",
        "Strict-Transport-Security": "max-age=31536000; includeSubDomains",
        "Transfer-Encoding": "chunked",
        "X-Ms-Correlation-Request-Id": "aa15b9f4-6224-44ee-a87c-6988b939439f"
      },
      "ResponseBody": {
        "refresh_token": "Sanitized"
      }
    },
    {
      "RequestUri": "https://annelocontainerregistry.azurecr.io/oauth2/token",
      "RequestMethod": "POST",
      "RequestHeaders": {
        "Accept": "application/json",
        "Content-Length": "148",
        "Content-Type": "application/x-www-form-urlencoded",
        "traceparent": "00-63fbd9d3100e7a49a31d88be54897f70-96d54c9fb9e23846-00",
        "User-Agent": "azsdk-net-Containers.ContainerRegistry/1.0.0-alpha.20210329.1 (.NET Framework 4.8.4300.0; Microsoft Windows 10.0.19042 )",
        "x-ms-client-request-id": "ab9e30184ecc85bf5251eb15d0b4cfc7",
        "x-ms-return-client-request-id": "true"
      },
      "RequestBody": "grant_type=refresh_token\u0026service=annelocontainerregistry.azurecr.io\u0026scope=repository%3alibrary%2fhello-world%3ametadata_read\u0026refresh_token=Sanitized",
      "StatusCode": 200,
      "ResponseHeaders": {
        "Connection": "keep-alive",
        "Content-Type": "application/json; charset=utf-8",
        "Date": "Mon, 29 Mar 2021 18:09:29 GMT",
        "Server": "openresty",
        "Strict-Transport-Security": "max-age=31536000; includeSubDomains",
        "Transfer-Encoding": "chunked",
        "X-Ms-Correlation-Request-Id": "d41137a5-470c-42db-a5c1-a50be8d6aebb"
      },
      "ResponseBody": {
        "access_token": "Sanitized"
      }
    },
    {
      "RequestUri": "https://annelocontainerregistry.azurecr.io/acr/v1/library%2Fhello-world/_tags/v1",
      "RequestMethod": "GET",
      "RequestHeaders": {
        "Accept": "application/json",
        "Authorization": "Sanitized",
        "traceparent": "00-63fbd9d3100e7a49a31d88be54897f70-b5fba56312ad0841-00",
        "User-Agent": "azsdk-net-Containers.ContainerRegistry/1.0.0-alpha.20210329.1 (.NET Framework 4.8.4300.0; Microsoft Windows 10.0.19042 )",
        "x-ms-client-request-id": "cd7a6f86474183b39bdad1e96c9b7cd7",
        "x-ms-return-client-request-id": "true"
      },
      "RequestBody": null,
      "StatusCode": 200,
      "ResponseHeaders": {
        "Access-Control-Expose-Headers": [
          "Docker-Content-Digest",
          "WWW-Authenticate",
          "Link",
          "X-Ms-Correlation-Request-Id"
        ],
        "Connection": "keep-alive",
        "Content-Length": "398",
        "Content-Type": "application/json; charset=utf-8",
        "Date": "Mon, 29 Mar 2021 18:09:29 GMT",
        "Docker-Distribution-Api-Version": "registry/2.0",
        "Server": "openresty",
        "Strict-Transport-Security": [
          "max-age=31536000; includeSubDomains",
          "max-age=31536000; includeSubDomains"
        ],
        "X-Content-Type-Options": "nosniff",
        "X-Ms-Correlation-Request-Id": "2a43dbaa-2e61-49f1-a1e6-13b04bfd72fe"
      },
      "ResponseBody": {
        "registry": "annelocontainerregistry.azurecr.io",
        "imageName": "library/hello-world",
        "tag": {
          "name": "v1",
          "digest": "sha256:308866a43596e83578c7dfa15e27a73011bdd402185a84c5cd7f32a88b501a24",
          "createdTime": "2021-03-27T21:14:30.6504147Z",
          "lastUpdateTime": "2021-03-27T21:14:30.6504147Z",
          "signed": false,
          "changeableAttributes": {
            "deleteEnabled": true,
            "writeEnabled": true,
            "readEnabled": true,
            "listEnabled": true
          }
        }
      }
    },
    {
      "RequestUri": "https://annelocontainerregistry.azurecr.io/acr/v1/library%2Fhello-world/_manifests/sha256%3A308866a43596e83578c7dfa15e27a73011bdd402185a84c5cd7f32a88b501a24",
      "RequestMethod": "GET",
      "RequestHeaders": {
        "Accept": "application/json",
        "Authorization": "Sanitized",
        "traceparent": "00-63fbd9d3100e7a49a31d88be54897f70-8eff679d15b6e645-00",
        "User-Agent": "azsdk-net-Containers.ContainerRegistry/1.0.0-alpha.20210329.1 (.NET Framework 4.8.4300.0; Microsoft Windows 10.0.19042 )",
        "x-ms-client-request-id": "60daebe781b8e613d4da11fa15733139",
        "x-ms-return-client-request-id": "true"
      },
      "RequestBody": null,
      "StatusCode": 401,
      "ResponseHeaders": {
        "Access-Control-Expose-Headers": [
          "Docker-Content-Digest",
          "WWW-Authenticate",
          "Link",
          "X-Ms-Correlation-Request-Id"
        ],
        "Connection": "keep-alive",
        "Content-Length": "221",
        "Content-Type": "application/json; charset=utf-8",
        "Date": "Mon, 29 Mar 2021 18:09:29 GMT",
        "Docker-Distribution-Api-Version": "registry/2.0",
        "Server": "openresty",
        "Strict-Transport-Security": [
          "max-age=31536000; includeSubDomains",
          "max-age=31536000; includeSubDomains"
        ],
        "WWW-Authenticate": "Bearer realm=\u0022https://annelocontainerregistry.azurecr.io/oauth2/token\u0022,service=\u0022annelocontainerregistry.azurecr.io\u0022,scope=\u0022repository:library/hello-world:metadata_read\u0022,error=\u0022invalid_token\u0022",
        "X-Content-Type-Options": "nosniff",
        "X-Ms-Correlation-Request-Id": "be9d61da-5a96-4cc4-b333-e3c2f4d23082"
      },
      "ResponseBody": {
        "errors": [
          {
            "code": "UNAUTHORIZED",
            "message": "authentication required, visit https://aka.ms/acr/authorization for more information.",
            "detail": [
              {
                "Type": "repository",
                "Name": "library/hello-world",
                "Action": "metadata_read"
              }
            ]
          }
        ]
      }
    },
    {
      "RequestUri": "https://annelocontainerregistry.azurecr.io/oauth2/exchange",
      "RequestMethod": "POST",
      "RequestHeaders": {
        "Accept": "application/json",
        "Content-Length": "89",
        "Content-Type": "application/x-www-form-urlencoded",
        "traceparent": "00-63fbd9d3100e7a49a31d88be54897f70-ffa6d8f6131b914a-00",
        "User-Agent": "azsdk-net-Containers.ContainerRegistry/1.0.0-alpha.20210329.1 (.NET Framework 4.8.4300.0; Microsoft Windows 10.0.19042 )",
        "x-ms-client-request-id": "3bd0b6c2d0fdd70b253a8affb485cf08",
        "x-ms-return-client-request-id": "true"
      },
      "RequestBody": "grant_type=access_token\u0026service=annelocontainerregistry.azurecr.io\u0026access_token=Sanitized",
      "StatusCode": 200,
      "ResponseHeaders": {
        "Connection": "keep-alive",
        "Content-Type": "application/json; charset=utf-8",
        "Date": "Mon, 29 Mar 2021 18:09:30 GMT",
        "Server": "openresty",
        "Strict-Transport-Security": "max-age=31536000; includeSubDomains",
        "Transfer-Encoding": "chunked",
        "X-Ms-Correlation-Request-Id": "0da60082-fd13-48b6-8e09-4b2d94174057"
      },
      "ResponseBody": {
        "refresh_token": "Sanitized"
      }
    },
    {
      "RequestUri": "https://annelocontainerregistry.azurecr.io/oauth2/token",
      "RequestMethod": "POST",
      "RequestHeaders": {
        "Accept": "application/json",
        "Content-Length": "148",
        "Content-Type": "application/x-www-form-urlencoded",
        "traceparent": "00-63fbd9d3100e7a49a31d88be54897f70-5c9a4dfaad6b2746-00",
        "User-Agent": "azsdk-net-Containers.ContainerRegistry/1.0.0-alpha.20210329.1 (.NET Framework 4.8.4300.0; Microsoft Windows 10.0.19042 )",
        "x-ms-client-request-id": "65586a77b88797621db8d6f23dc570df",
        "x-ms-return-client-request-id": "true"
      },
      "RequestBody": "grant_type=refresh_token\u0026service=annelocontainerregistry.azurecr.io\u0026scope=repository%3alibrary%2fhello-world%3ametadata_read\u0026refresh_token=Sanitized",
      "StatusCode": 200,
      "ResponseHeaders": {
        "Connection": "keep-alive",
        "Content-Type": "application/json; charset=utf-8",
        "Date": "Mon, 29 Mar 2021 18:09:30 GMT",
        "Server": "openresty",
        "Strict-Transport-Security": "max-age=31536000; includeSubDomains",
        "Transfer-Encoding": "chunked",
        "X-Ms-Correlation-Request-Id": "3757172a-bd8e-47f7-904c-ad52f92b98af"
      },
      "ResponseBody": {
        "access_token": "Sanitized"
      }
    },
    {
      "RequestUri": "https://annelocontainerregistry.azurecr.io/acr/v1/library%2Fhello-world/_manifests/sha256%3A308866a43596e83578c7dfa15e27a73011bdd402185a84c5cd7f32a88b501a24",
      "RequestMethod": "GET",
      "RequestHeaders": {
        "Accept": "application/json",
        "Authorization": "Sanitized",
        "traceparent": "00-63fbd9d3100e7a49a31d88be54897f70-8eff679d15b6e645-00",
        "User-Agent": "azsdk-net-Containers.ContainerRegistry/1.0.0-alpha.20210329.1 (.NET Framework 4.8.4300.0; Microsoft Windows 10.0.19042 )",
        "x-ms-client-request-id": "60daebe781b8e613d4da11fa15733139",
        "x-ms-return-client-request-id": "true"
      },
      "RequestBody": null,
      "StatusCode": 200,
      "ResponseHeaders": {
        "Access-Control-Expose-Headers": [
          "Docker-Content-Digest",
          "WWW-Authenticate",
          "Link",
          "X-Ms-Correlation-Request-Id"
        ],
        "Connection": "keep-alive",
        "Content-Length": "1614",
        "Content-Type": "application/json; charset=utf-8",
        "Date": "Mon, 29 Mar 2021 18:09:30 GMT",
        "Docker-Distribution-Api-Version": "registry/2.0",
        "Server": "openresty",
        "Strict-Transport-Security": [
          "max-age=31536000; includeSubDomains",
          "max-age=31536000; includeSubDomains"
        ],
        "X-Content-Type-Options": "nosniff",
        "X-Ms-Correlation-Request-Id": "4abd1833-aec4-4fce-b6ab-0869f690ae43"
      },
      "ResponseBody": {
        "registry": "annelocontainerregistry.azurecr.io",
        "imageName": "library/hello-world",
        "manifest": {
          "digest": "sha256:308866a43596e83578c7dfa15e27a73011bdd402185a84c5cd7f32a88b501a24",
          "imageSize": 0,
          "createdTime": "2021-03-27T21:14:30.2138169Z",
          "lastUpdateTime": "2021-03-27T21:14:30.2138169Z",
          "mediaType": "application/vnd.docker.distribution.manifest.list.v2\u002Bjson",
          "tags": [
            "latest",
            "newest",
            "v1",
            "v2",
            "v3",
            "v4"
          ],
          "changeableAttributes": {
            "deleteEnabled": true,
            "writeEnabled": true,
            "readEnabled": true,
            "listEnabled": true
          },
          "references": [
            {
              "digest": "sha256:1b26826f602946860c279fce658f31050cff2c596583af237d971f4629b57792",
              "architecture": "amd64",
              "os": "linux"
            },
            {
              "digest": "sha256:e5785cb0c62cebbed4965129bae371f0589cadd6d84798fb58c2c5f9e237efd9",
              "architecture": "arm",
              "os": "linux"
            },
            {
              "digest": "sha256:50b8560ad574c779908da71f7ce370c0a2471c098d44d1c8f6b513c5a55eeeb1",
              "architecture": "arm",
              "os": "linux"
            },
            {
              "digest": "sha256:963612c5503f3f1674f315c67089dee577d8cc6afc18565e0b4183ae355fb343",
              "architecture": "arm64",
              "os": "linux"
            },
            {
              "digest": "sha256:cb55d8f7347376e1ba38ca740904b43c9a52f66c7d2ae1ef1a0de1bc9f40df98",
              "architecture": "386",
              "os": "linux"
            },
            {
              "digest": "sha256:88b2e00179bd6c4064612403c8d42a13de7ca809d61fee966ce9e129860a8a90",
              "architecture": "mips64le",
              "os": "linux"
            },
            {
              "digest": "sha256:bb7ab0fa94fdd78aca84b27a1bd46c4b811051f9b69905d81f5f267fc6546a9d",
              "architecture": "ppc64le",
              "os": "linux"
            },
            {
              "digest": "sha256:e49abad529e5d9bd6787f3abeab94e09ba274fe34731349556a850b9aebbf7bf",
              "architecture": "s390x",
              "os": "linux"
            },
            {
              "digest": "sha256:b0408a0f1d74eced127a2658429f336ed8fa48e36d59878f155b19865e5dbd70",
              "architecture": "amd64",
              "os": "windows"
            }
          ]
        }
      }
    },
    {
      "RequestUri": "https://annelocontainerregistry.azurecr.io/acr/v1/library%2Fhello-world/_manifests/sha256%3A963612c5503f3f1674f315c67089dee577d8cc6afc18565e0b4183ae355fb343",
      "RequestMethod": "GET",
      "RequestHeaders": {
        "Accept": "application/json",
        "Authorization": "Sanitized",
        "traceparent": "00-5f94f77e1ab3574e9f45e97fc6cf414b-bf6403c9c67c5345-00",
        "User-Agent": "azsdk-net-Containers.ContainerRegistry/1.0.0-alpha.20210329.1 (.NET Framework 4.8.4300.0; Microsoft Windows 10.0.19042 )",
        "x-ms-client-request-id": "1a53b11f93e316cadf023a7df613314f",
        "x-ms-return-client-request-id": "true"
      },
      "RequestBody": null,
      "StatusCode": 401,
      "ResponseHeaders": {
        "Access-Control-Expose-Headers": [
          "Docker-Content-Digest",
          "WWW-Authenticate",
          "Link",
          "X-Ms-Correlation-Request-Id"
        ],
        "Connection": "keep-alive",
        "Content-Length": "221",
        "Content-Type": "application/json; charset=utf-8",
        "Date": "Mon, 29 Mar 2021 18:09:30 GMT",
        "Docker-Distribution-Api-Version": "registry/2.0",
        "Server": "openresty",
        "Strict-Transport-Security": [
          "max-age=31536000; includeSubDomains",
          "max-age=31536000; includeSubDomains"
        ],
        "WWW-Authenticate": "Bearer realm=\u0022https://annelocontainerregistry.azurecr.io/oauth2/token\u0022,service=\u0022annelocontainerregistry.azurecr.io\u0022,scope=\u0022repository:library/hello-world:metadata_read\u0022,error=\u0022invalid_token\u0022",
        "X-Content-Type-Options": "nosniff",
        "X-Ms-Correlation-Request-Id": "5cc1c380-7033-4b18-b0db-9ad5046b63d2"
      },
      "ResponseBody": {
        "errors": [
          {
            "code": "UNAUTHORIZED",
            "message": "authentication required, visit https://aka.ms/acr/authorization for more information.",
            "detail": [
              {
                "Type": "repository",
                "Name": "library/hello-world",
                "Action": "metadata_read"
              }
            ]
          }
        ]
      }
    },
    {
      "RequestUri": "https://annelocontainerregistry.azurecr.io/oauth2/exchange",
      "RequestMethod": "POST",
      "RequestHeaders": {
        "Accept": "application/json",
        "Content-Length": "89",
        "Content-Type": "application/x-www-form-urlencoded",
        "traceparent": "00-5f94f77e1ab3574e9f45e97fc6cf414b-804fc35fc191eb44-00",
        "User-Agent": "azsdk-net-Containers.ContainerRegistry/1.0.0-alpha.20210329.1 (.NET Framework 4.8.4300.0; Microsoft Windows 10.0.19042 )",
        "x-ms-client-request-id": "aa83090bcc1b0ab253391e45f9199960",
        "x-ms-return-client-request-id": "true"
      },
      "RequestBody": "grant_type=access_token\u0026service=annelocontainerregistry.azurecr.io\u0026access_token=Sanitized",
      "StatusCode": 200,
      "ResponseHeaders": {
        "Connection": "keep-alive",
        "Content-Type": "application/json; charset=utf-8",
        "Date": "Mon, 29 Mar 2021 18:09:30 GMT",
        "Server": "openresty",
        "Strict-Transport-Security": "max-age=31536000; includeSubDomains",
        "Transfer-Encoding": "chunked",
        "X-Ms-Correlation-Request-Id": "0b8d2844-7785-4912-a86d-fdfb8575b7b8"
      },
      "ResponseBody": {
        "refresh_token": "Sanitized"
      }
    },
    {
      "RequestUri": "https://annelocontainerregistry.azurecr.io/oauth2/token",
      "RequestMethod": "POST",
      "RequestHeaders": {
        "Accept": "application/json",
        "Content-Length": "148",
        "Content-Type": "application/x-www-form-urlencoded",
        "traceparent": "00-5f94f77e1ab3574e9f45e97fc6cf414b-d858b018826afa4c-00",
        "User-Agent": "azsdk-net-Containers.ContainerRegistry/1.0.0-alpha.20210329.1 (.NET Framework 4.8.4300.0; Microsoft Windows 10.0.19042 )",
        "x-ms-client-request-id": "02dfabcab431e324a04185847de5a009",
        "x-ms-return-client-request-id": "true"
      },
      "RequestBody": "grant_type=refresh_token\u0026service=annelocontainerregistry.azurecr.io\u0026scope=repository%3alibrary%2fhello-world%3ametadata_read\u0026refresh_token=Sanitized",
      "StatusCode": 200,
      "ResponseHeaders": {
        "Connection": "keep-alive",
        "Content-Type": "application/json; charset=utf-8",
        "Date": "Mon, 29 Mar 2021 18:09:30 GMT",
        "Server": "openresty",
        "Strict-Transport-Security": "max-age=31536000; includeSubDomains",
        "Transfer-Encoding": "chunked",
        "X-Ms-Correlation-Request-Id": "611a58e8-be73-4a47-b6d8-f932d7f0c289"
      },
      "ResponseBody": {
        "access_token": "Sanitized"
      }
    },
    {
      "RequestUri": "https://annelocontainerregistry.azurecr.io/acr/v1/library%2Fhello-world/_manifests/sha256%3A963612c5503f3f1674f315c67089dee577d8cc6afc18565e0b4183ae355fb343",
      "RequestMethod": "GET",
      "RequestHeaders": {
        "Accept": "application/json",
        "Authorization": "Sanitized",
        "traceparent": "00-5f94f77e1ab3574e9f45e97fc6cf414b-bf6403c9c67c5345-00",
        "User-Agent": "azsdk-net-Containers.ContainerRegistry/1.0.0-alpha.20210329.1 (.NET Framework 4.8.4300.0; Microsoft Windows 10.0.19042 )",
        "x-ms-client-request-id": "1a53b11f93e316cadf023a7df613314f",
        "x-ms-return-client-request-id": "true"
      },
      "RequestBody": null,
      "StatusCode": 200,
      "ResponseHeaders": {
        "Access-Control-Expose-Headers": [
          "Docker-Content-Digest",
          "WWW-Authenticate",
          "Link",
          "X-Ms-Correlation-Request-Id"
        ],
        "Connection": "keep-alive",
        "Content-Length": "833",
        "Content-Type": "application/json; charset=utf-8",
        "Date": "Mon, 29 Mar 2021 18:09:30 GMT",
        "Docker-Distribution-Api-Version": "registry/2.0",
        "Server": "openresty",
        "Strict-Transport-Security": [
          "max-age=31536000; includeSubDomains",
          "max-age=31536000; includeSubDomains"
        ],
        "X-Content-Type-Options": "nosniff",
        "X-Ms-Correlation-Request-Id": "f92c04eb-bc96-4403-8b3b-cf64d99fcd23"
      },
      "ResponseBody": {
        "registry": "annelocontainerregistry.azurecr.io",
        "imageName": "library/hello-world",
        "manifest": {
          "digest": "sha256:963612c5503f3f1674f315c67089dee577d8cc6afc18565e0b4183ae355fb343",
          "imageSize": 0,
          "createdTime": "2021-03-26T00:32:48.1607454Z",
          "lastUpdateTime": "2021-03-26T00:32:48.1607454Z",
          "architecture": "arm64",
          "os": "linux",
          "mediaType": "application/vnd.docker.distribution.manifest.v2\u002Bjson",
          "changeableAttributes": {
            "deleteEnabled": true,
            "writeEnabled": true,
            "readEnabled": true,
            "listEnabled": true,
            "quarantineDetails": "{\u0022state\u0022:\u0022Scan Failed\u0022,\u0022link\u0022:\u0022https://aka.ms/test\u0022,\u0022scanner\u0022:\u0022Azure Security Monitoring-Qualys Scanner\u0022,\u0022result\u0022:{\u0022version\u0022:\u00223/29/2021 6:01:15 PM\u0022,\u0022summary\u0022:[{\u0022severity\u0022:\u0022High\u0022,\u0022count\u0022:0},{\u0022severity\u0022:\u0022Medium\u0022,\u0022count\u0022:0},{\u0022severity\u0022:\u0022Low\u0022,\u0022count\u0022:0}]}}",
            "quarantineState": "Passed"
          }
        }
      }
    }
  ],
  "Variables": {
    "CONTAINERREGISTRY_ENDPOINT": "https://annelocontainerregistry.azurecr.io",
    "RandomSeed": "1717480613"
  }
}