{
  "Entries": [
    {
      "RequestUri": "https://annelocontainerregistry.azurecr.io/acr/v1/library%2Fhello-world/_tags?orderby=timedesc",
      "RequestMethod": "GET",
      "RequestHeaders": {
        "Accept": "application/json",
        "Authorization": "Sanitized",
        "traceparent": "00-10e596f564bc3e45be526465a9edfcef-effe9c9d14fe5b40-00",
        "User-Agent": [
          "azsdk-net-Containers.ContainerRegistry/1.0.0-alpha.20210330.1",
          "(.NET Core 4.6.29812.02; Microsoft Windows 10.0.19042 )"
        ],
        "x-ms-client-request-id": "3695fd9e94edfd5380f0b108166a8ea6",
        "x-ms-return-client-request-id": "true"
      },
      "RequestBody": null,
      "StatusCode": 401,
      "ResponseHeaders": {
        "Access-Control-Expose-Headers": [
          "Docker-Content-Digest",
          "WWW-Authenticate",
          "Link",
          "X-Ms-Correlation-Request-Id"
        ],
        "Connection": "keep-alive",
        "Content-Length": "221",
        "Content-Type": "application/json; charset=utf-8",
        "Date": "Tue, 30 Mar 2021 18:12:12 GMT",
        "Docker-Distribution-Api-Version": "registry/2.0",
        "Server": "openresty",
        "Strict-Transport-Security": [
          "max-age=31536000; includeSubDomains",
          "max-age=31536000; includeSubDomains"
        ],
        "WWW-Authenticate": "Bearer realm=\u0022https://annelocontainerregistry.azurecr.io/oauth2/token\u0022,service=\u0022annelocontainerregistry.azurecr.io\u0022,scope=\u0022repository:library/hello-world:metadata_read\u0022,error=\u0022invalid_token\u0022",
        "X-Content-Type-Options": "nosniff",
        "X-Ms-Correlation-Request-Id": "7c1f4e03-9664-4f88-93ae-1beda01e373e"
      },
      "ResponseBody": {
        "errors": [
          {
            "code": "UNAUTHORIZED",
            "message": "authentication required, visit https://aka.ms/acr/authorization for more information.",
            "detail": [
              {
                "Type": "repository",
                "Name": "library/hello-world",
                "Action": "metadata_read"
              }
            ]
          }
        ]
      }
    },
    {
      "RequestUri": "https://annelocontainerregistry.azurecr.io/oauth2/exchange",
      "RequestMethod": "POST",
      "RequestHeaders": {
        "Accept": "application/json",
        "Content-Length": "89",
        "Content-Type": "application/x-www-form-urlencoded",
        "traceparent": "00-10e596f564bc3e45be526465a9edfcef-62a69d609c5d8b4a-00",
        "User-Agent": [
          "azsdk-net-Containers.ContainerRegistry/1.0.0-alpha.20210330.1",
          "(.NET Core 4.6.29812.02; Microsoft Windows 10.0.19042 )"
        ],
        "x-ms-client-request-id": "ee6a7180c2d6db1df043132fafea04f7",
        "x-ms-return-client-request-id": "true"
      },
      "RequestBody": "grant_type=access_token\u0026service=annelocontainerregistry.azurecr.io\u0026access_token=Sanitized",
      "StatusCode": 200,
      "ResponseHeaders": {
        "Connection": "keep-alive",
        "Content-Type": "application/json; charset=utf-8",
        "Date": "Tue, 30 Mar 2021 18:12:13 GMT",
        "Server": "openresty",
        "Strict-Transport-Security": "max-age=31536000; includeSubDomains",
        "Transfer-Encoding": "chunked",
        "X-Ms-Correlation-Request-Id": "660767d8-58dc-494d-910a-619133317504"
      },
      "ResponseBody": {
        "refresh_token": "Sanitized"
      }
    },
    {
      "RequestUri": "https://annelocontainerregistry.azurecr.io/oauth2/token",
      "RequestMethod": "POST",
      "RequestHeaders": {
        "Accept": "application/json",
        "Content-Length": "148",
        "Content-Type": "application/x-www-form-urlencoded",
        "traceparent": "00-10e596f564bc3e45be526465a9edfcef-990dc5156e434e4f-00",
        "User-Agent": [
          "azsdk-net-Containers.ContainerRegistry/1.0.0-alpha.20210330.1",
          "(.NET Core 4.6.29812.02; Microsoft Windows 10.0.19042 )"
        ],
        "x-ms-client-request-id": "b46b61619483904eaf33427ebdd22868",
        "x-ms-return-client-request-id": "true"
      },
      "RequestBody": "grant_type=refresh_token\u0026service=annelocontainerregistry.azurecr.io\u0026scope=repository%3alibrary%2fhello-world%3ametadata_read\u0026refresh_token=Sanitized",
      "StatusCode": 200,
      "ResponseHeaders": {
        "Connection": "keep-alive",
        "Content-Type": "application/json; charset=utf-8",
        "Date": "Tue, 30 Mar 2021 18:12:13 GMT",
        "Server": "openresty",
        "Strict-Transport-Security": "max-age=31536000; includeSubDomains",
        "Transfer-Encoding": "chunked",
        "X-Ms-Correlation-Request-Id": "b21db0f8-35be-4a65-81e2-f1535ce2aca9"
      },
      "ResponseBody": {
        "access_token": "Sanitized"
      }
    },
    {
      "RequestUri": "https://annelocontainerregistry.azurecr.io/acr/v1/library%2Fhello-world/_tags?orderby=timedesc",
      "RequestMethod": "GET",
      "RequestHeaders": {
        "Accept": "application/json",
        "Authorization": "Sanitized",
        "traceparent": "00-10e596f564bc3e45be526465a9edfcef-effe9c9d14fe5b40-00",
        "User-Agent": [
          "azsdk-net-Containers.ContainerRegistry/1.0.0-alpha.20210330.1",
          "(.NET Core 4.6.29812.02; Microsoft Windows 10.0.19042 )"
        ],
        "x-ms-client-request-id": "3695fd9e94edfd5380f0b108166a8ea6",
        "x-ms-return-client-request-id": "true"
      },
      "RequestBody": null,
      "StatusCode": 200,
      "ResponseHeaders": {
        "Access-Control-Expose-Headers": [
          "Docker-Content-Digest",
          "WWW-Authenticate",
          "Link",
          "X-Ms-Correlation-Request-Id"
        ],
        "Connection": "keep-alive",
        "Content-Length": "1954",
        "Content-Type": "application/json; charset=utf-8",
        "Date": "Tue, 30 Mar 2021 18:12:13 GMT",
        "Docker-Distribution-Api-Version": "registry/2.0",
        "Server": "openresty",
        "Strict-Transport-Security": [
          "max-age=31536000; includeSubDomains",
          "max-age=31536000; includeSubDomains"
        ],
        "X-Content-Type-Options": "nosniff",
        "X-Ms-Correlation-Request-Id": "2bf252ab-b2d9-4fa0-bb19-8782093ede09"
      },
      "ResponseBody": {
        "registry": "annelocontainerregistry.azurecr.io",
        "imageName": "library/hello-world",
        "tags": [
          {
            "name": "newest",
            "digest": "sha256:308866a43596e83578c7dfa15e27a73011bdd402185a84c5cd7f32a88b501a24",
            "createdTime": "2021-03-30T18:12:05.7609474Z",
            "lastUpdateTime": "2021-03-30T18:12:05.7609474Z",
            "signed": false,
            "changeableAttributes": {
              "deleteEnabled": true,
              "writeEnabled": true,
              "readEnabled": true,
              "listEnabled": true
            }
          },
          {
            "name": "latest",
            "digest": "sha256:308866a43596e83578c7dfa15e27a73011bdd402185a84c5cd7f32a88b501a24",
            "createdTime": "2021-03-30T18:11:15.8793729Z",
            "lastUpdateTime": "2021-03-30T18:11:15.8793729Z",
            "signed": false,
            "changeableAttributes": {
              "deleteEnabled": true,
              "writeEnabled": true,
              "readEnabled": true,
              "listEnabled": true
            }
          },
          {
            "name": "v4",
            "digest": "sha256:308866a43596e83578c7dfa15e27a73011bdd402185a84c5cd7f32a88b501a24",
            "createdTime": "2021-03-30T18:11:14.7917019Z",
            "lastUpdateTime": "2021-03-30T18:11:14.7917019Z",
            "signed": false,
            "changeableAttributes": {
              "deleteEnabled": true,
              "writeEnabled": true,
              "readEnabled": true,
              "listEnabled": true
            }
          },
          {
            "name": "v2",
            "digest": "sha256:308866a43596e83578c7dfa15e27a73011bdd402185a84c5cd7f32a88b501a24",
            "createdTime": "2021-03-30T18:11:14.4082592Z",
            "lastUpdateTime": "2021-03-30T18:11:14.4082592Z",
            "signed": false,
            "changeableAttributes": {
              "deleteEnabled": true,
              "writeEnabled": true,
              "readEnabled": true,
              "listEnabled": true
            }
          },
          {
            "name": "v3",
            "digest": "sha256:308866a43596e83578c7dfa15e27a73011bdd402185a84c5cd7f32a88b501a24",
            "createdTime": "2021-03-30T18:11:14.0955725Z",
            "lastUpdateTime": "2021-03-30T18:11:14.0955725Z",
            "signed": false,
            "changeableAttributes": {
              "deleteEnabled": true,
              "writeEnabled": true,
              "readEnabled": true,
              "listEnabled": true
            }
          },
          {
            "name": "v1",
            "digest": "sha256:308866a43596e83578c7dfa15e27a73011bdd402185a84c5cd7f32a88b501a24",
            "createdTime": "2021-03-30T18:11:13.8882079Z",
            "lastUpdateTime": "2021-03-30T18:11:13.8882079Z",
            "signed": false,
            "changeableAttributes": {
              "deleteEnabled": true,
              "writeEnabled": true,
              "readEnabled": true,
              "listEnabled": true
            }
          }
        ]
      }
    }
  ],
  "Variables": {
    "CLIENT_ID": "5487e79a-c0c4-47e2-ad50-7e6c236bc76f",
    "CONTAINERREGISTRY_ENDPOINT": "https://annelocontainerregistry.azurecr.io",
    "CONTAINERREGISTRY_REGISTRY_NAME": "annelocontainerregistry",
    "RandomSeed": "512060743",
    "RESOURCE_GROUP": "rg-annelocontainerregistry",
    "SUBSCRIPTION_ID": "faa080af-c1d8-40ad-9cce-e1a450ca5b57",
    "TENANT_ID": "72f988bf-86f1-41af-91ab-2d7cd011db47"
  }
}