{
  "Entries": [
    {
      "RequestUri": "https://annelocontainerregistry.azurecr.io/acr/v1/library%2Fhello-world",
      "RequestMethod": "PATCH",
      "RequestHeaders": {
        "Accept": "application/json",
        "Authorization": "Sanitized",
        "Content-Length": "84",
        "Content-Type": "application/json",
        "traceparent": "00-cbf173cd2523aa4c9bd2b07601f1ba32-80d483bb5200c044-00",
        "User-Agent": [
          "azsdk-net-Containers.ContainerRegistry/1.0.0-alpha.20210318.1",
          "(.NET Core 4.6.29812.02; Microsoft Windows 10.0.19042 )"
        ],
        "x-ms-client-request-id": "a5cfb5017a5a1a5c64fc66a1ffc77e10",
        "x-ms-return-client-request-id": "true"
      },
      "RequestBody": {
        "deleteEnabled": false,
        "writeEnabled": false,
        "listEnabled": false,
        "readEnabled": false
      },
      "StatusCode": 200,
      "ResponseHeaders": {
        "Access-Control-Expose-Headers": [
          "Docker-Content-Digest",
          "WWW-Authenticate",
          "Link",
          "X-Ms-Correlation-Request-Id"
        ],
        "Connection": "keep-alive",
        "Content-Length": "317",
        "Content-Type": "application/json; charset=utf-8",
        "Date": "Fri, 19 Mar 2021 00:31:38 GMT",
        "Docker-Distribution-Api-Version": "registry/2.0",
        "Server": "openresty",
        "Strict-Transport-Security": [
          "max-age=31536000; includeSubDomains",
          "max-age=31536000; includeSubDomains"
        ],
        "X-Content-Type-Options": "nosniff",
        "X-Ms-Correlation-Request-Id": "2a9ff8ea-2f01-45b5-bef1-12295772d155"
      },
      "ResponseBody": [
        "{\u0022registry\u0022:\u0022annelocontainerregistry.azurecr.io\u0022,\u0022imageName\u0022:\u0022library/hello-world\u0022,\u0022createdTime\u0022:\u00222021-03-11T23:39:48.4064552Z\u0022,\u0022lastUpdateTime\u0022:\u00222021-03-11T23:39:46.9010652Z\u0022,\u0022manifestCount\u0022:10,\u0022tagCount\u0022:1,\u0022changeableAttributes\u0022:{\u0022deleteEnabled\u0022:false,\u0022writeEnabled\u0022:false,\u0022readEnabled\u0022:false,\u0022listEnabled\u0022:false}}\n"
      ]
    },
    {
      "RequestUri": "https://annelocontainerregistry.azurecr.io/acr/v1/library%2Fhello-world",
      "RequestMethod": "GET",
      "RequestHeaders": {
        "Accept": "application/json",
        "Authorization": "Sanitized",
        "traceparent": "00-9f8b027fe8e1b64bb1995e849638af49-cccc2067e637b846-00",
        "User-Agent": [
          "azsdk-net-Containers.ContainerRegistry/1.0.0-alpha.20210318.1",
          "(.NET Core 4.6.29812.02; Microsoft Windows 10.0.19042 )"
        ],
        "x-ms-client-request-id": "bc44cf1f409b4fc120b82797cb24eb54",
        "x-ms-return-client-request-id": "true"
      },
      "RequestBody": null,
      "StatusCode": 200,
      "ResponseHeaders": {
        "Access-Control-Expose-Headers": [
          "Docker-Content-Digest",
          "WWW-Authenticate",
          "Link",
          "X-Ms-Correlation-Request-Id"
        ],
        "Connection": "keep-alive",
        "Content-Length": "317",
        "Content-Type": "application/json; charset=utf-8",
        "Date": "Fri, 19 Mar 2021 00:31:38 GMT",
        "Docker-Distribution-Api-Version": "registry/2.0",
        "Server": "openresty",
        "Strict-Transport-Security": [
          "max-age=31536000; includeSubDomains",
          "max-age=31536000; includeSubDomains"
        ],
        "X-Content-Type-Options": "nosniff",
        "X-Ms-Correlation-Request-Id": "a73b5d79-5d80-4a5d-8c83-5aadcf3a7ace"
      },
      "ResponseBody": [
        "{\u0022registry\u0022:\u0022annelocontainerregistry.azurecr.io\u0022,\u0022imageName\u0022:\u0022library/hello-world\u0022,\u0022createdTime\u0022:\u00222021-03-11T23:39:48.4064552Z\u0022,\u0022lastUpdateTime\u0022:\u00222021-03-11T23:39:46.9010652Z\u0022,\u0022manifestCount\u0022:10,\u0022tagCount\u0022:1,\u0022changeableAttributes\u0022:{\u0022deleteEnabled\u0022:false,\u0022writeEnabled\u0022:false,\u0022readEnabled\u0022:false,\u0022listEnabled\u0022:false}}\n"
      ]
    },
    {
      "RequestUri": "https://annelocontainerregistry.azurecr.io/acr/v1/library%2Fhello-world",
      "RequestMethod": "PATCH",
      "RequestHeaders": {
        "Accept": "application/json",
        "Authorization": "Sanitized",
        "Content-Length": "80",
        "Content-Type": "application/json",
        "traceparent": "00-1a9b106a110a6549985c63126f47e035-e27341f29dddaf46-00",
        "User-Agent": [
          "azsdk-net-Containers.ContainerRegistry/1.0.0-alpha.20210318.1",
          "(.NET Core 4.6.29812.02; Microsoft Windows 10.0.19042 )"
        ],
        "x-ms-client-request-id": "1ef24b71f9db8919961c509cf85be7b4",
        "x-ms-return-client-request-id": "true"
      },
      "RequestBody": {
        "deleteEnabled": true,
        "writeEnabled": true,
        "listEnabled": true,
        "readEnabled": true
      },
      "StatusCode": 200,
      "ResponseHeaders": {
        "Access-Control-Expose-Headers": [
          "Docker-Content-Digest",
          "WWW-Authenticate",
          "Link",
          "X-Ms-Correlation-Request-Id"
        ],
        "Connection": "keep-alive",
        "Content-Length": "313",
        "Content-Type": "application/json; charset=utf-8",
        "Date": "Fri, 19 Mar 2021 00:31:38 GMT",
        "Docker-Distribution-Api-Version": "registry/2.0",
        "Server": "openresty",
        "Strict-Transport-Security": [
          "max-age=31536000; includeSubDomains",
          "max-age=31536000; includeSubDomains"
        ],
        "X-Content-Type-Options": "nosniff",
        "X-Ms-Correlation-Request-Id": "1b8ff1db-29a7-4472-b6a4-a54c559e574b"
      },
      "ResponseBody": [
        "{\u0022registry\u0022:\u0022annelocontainerregistry.azurecr.io\u0022,\u0022imageName\u0022:\u0022library/hello-world\u0022,\u0022createdTime\u0022:\u00222021-03-11T23:39:48.4064552Z\u0022,\u0022lastUpdateTime\u0022:\u00222021-03-11T23:39:46.9010652Z\u0022,\u0022manifestCount\u0022:10,\u0022tagCount\u0022:1,\u0022changeableAttributes\u0022:{\u0022deleteEnabled\u0022:true,\u0022writeEnabled\u0022:true,\u0022readEnabled\u0022:true,\u0022listEnabled\u0022:true}}\n"
      ]
    },
    {
      "RequestUri": "https://annelocontainerregistry.azurecr.io/acr/v1/library%2Fhello-world",
      "RequestMethod": "GET",
      "RequestHeaders": {
        "Accept": "application/json",
        "Authorization": "Sanitized",
        "traceparent": "00-3fe888680bf7e84e8eed589c644c9343-1e09d78837060340-00",
        "User-Agent": [
          "azsdk-net-Containers.ContainerRegistry/1.0.0-alpha.20210318.1",
          "(.NET Core 4.6.29812.02; Microsoft Windows 10.0.19042 )"
        ],
        "x-ms-client-request-id": "12eef9957a04c0eaf37f85a152c44f40",
        "x-ms-return-client-request-id": "true"
      },
      "RequestBody": null,
      "StatusCode": 200,
      "ResponseHeaders": {
        "Access-Control-Expose-Headers": [
          "Docker-Content-Digest",
          "WWW-Authenticate",
          "Link",
          "X-Ms-Correlation-Request-Id"
        ],
        "Connection": "keep-alive",
        "Content-Length": "313",
        "Content-Type": "application/json; charset=utf-8",
        "Date": "Fri, 19 Mar 2021 00:31:38 GMT",
        "Docker-Distribution-Api-Version": "registry/2.0",
        "Server": "openresty",
        "Strict-Transport-Security": [
          "max-age=31536000; includeSubDomains",
          "max-age=31536000; includeSubDomains"
        ],
        "X-Content-Type-Options": "nosniff",
        "X-Ms-Correlation-Request-Id": "b66c2b1c-931d-4b5e-9fdc-1e8543f50875"
      },
      "ResponseBody": [
        "{\u0022registry\u0022:\u0022annelocontainerregistry.azurecr.io\u0022,\u0022imageName\u0022:\u0022library/hello-world\u0022,\u0022createdTime\u0022:\u00222021-03-11T23:39:48.4064552Z\u0022,\u0022lastUpdateTime\u0022:\u00222021-03-11T23:39:46.9010652Z\u0022,\u0022manifestCount\u0022:10,\u0022tagCount\u0022:1,\u0022changeableAttributes\u0022:{\u0022deleteEnabled\u0022:true,\u0022writeEnabled\u0022:true,\u0022readEnabled\u0022:true,\u0022listEnabled\u0022:true}}\n"
      ]
    }
  ],
  "Variables": {
    "CONTAINERREGISTRY_ENDPOINT": "https://annelocontainerregistry.azurecr.io",
    "CONTAINERREGISTRY_PASSWORD": "Sanitized",
    "CONTAINERREGISTRY_USERNAME": "Sanitized",
    "RandomSeed": "1808548676"
  }
}