{
  "Entries": [
    {
      "RequestUri": "https://annelocontainerregistry.azurecr.io/acr/v1/library%2Fhello-world",
      "RequestMethod": "PATCH",
      "RequestHeaders": {
        "Accept": "application/json",
        "Authorization": "Sanitized",
        "Content-Length": "82",
        "Content-Type": "application/json",
        "traceparent": "00-3318cb851ea95344bec08bb1aee42c82-0737391d1216f44f-00",
        "User-Agent": [
          "azsdk-net-Containers.ContainerRegistry/1.0.0-alpha.20210317.1",
          "(.NET Core 4.6.29812.02; Microsoft Windows 10.0.19042 )"
        ],
        "x-ms-client-request-id": "38757c10c2b539b8a7fbc3d580d32b1f",
        "x-ms-return-client-request-id": "true"
      },
      "RequestBody": {
        "deleteEnabled": false,
        "writeEnabled": true,
        "listEnabled": true,
        "readEnabled": false
      },
      "StatusCode": 200,
      "ResponseHeaders": {
        "Access-Control-Expose-Headers": [
          "Docker-Content-Digest",
          "WWW-Authenticate",
          "Link",
          "X-Ms-Correlation-Request-Id"
        ],
        "Connection": "keep-alive",
        "Content-Length": "315",
        "Content-Type": "application/json; charset=utf-8",
        "Date": "Wed, 17 Mar 2021 22:32:11 GMT",
        "Docker-Distribution-Api-Version": "registry/2.0",
        "Server": "openresty",
        "Strict-Transport-Security": [
          "max-age=31536000; includeSubDomains",
          "max-age=31536000; includeSubDomains"
        ],
        "X-Content-Type-Options": "nosniff",
        "X-Ms-Correlation-Request-Id": "4fee593f-fbc9-4cd2-98cd-98c705c7ac89"
      },
      "ResponseBody": [
        "{\u0022registry\u0022:\u0022annelocontainerregistry.azurecr.io\u0022,\u0022imageName\u0022:\u0022library/hello-world\u0022,\u0022createdTime\u0022:\u00222021-03-11T23:39:48.4064552Z\u0022,\u0022lastUpdateTime\u0022:\u00222021-03-11T23:39:46.9010652Z\u0022,\u0022manifestCount\u0022:10,\u0022tagCount\u0022:1,\u0022changeableAttributes\u0022:{\u0022deleteEnabled\u0022:false,\u0022writeEnabled\u0022:true,\u0022readEnabled\u0022:false,\u0022listEnabled\u0022:true}}\n"
      ]
    },
    {
      "RequestUri": "https://annelocontainerregistry.azurecr.io/acr/v1/library%2Fhello-world",
      "RequestMethod": "GET",
      "RequestHeaders": {
        "Accept": "application/json",
        "Authorization": "Sanitized",
        "traceparent": "00-6b63f94986d7f641aa2f328699deeff2-6cc2c59c4f060542-00",
        "User-Agent": [
          "azsdk-net-Containers.ContainerRegistry/1.0.0-alpha.20210317.1",
          "(.NET Core 4.6.29812.02; Microsoft Windows 10.0.19042 )"
        ],
        "x-ms-client-request-id": "4e2a43b23dff7747a6be601a37606ed6",
        "x-ms-return-client-request-id": "true"
      },
      "RequestBody": null,
      "StatusCode": 200,
      "ResponseHeaders": {
        "Access-Control-Expose-Headers": [
          "Docker-Content-Digest",
          "WWW-Authenticate",
          "Link",
          "X-Ms-Correlation-Request-Id"
        ],
        "Connection": "keep-alive",
        "Content-Length": "315",
        "Content-Type": "application/json; charset=utf-8",
        "Date": "Wed, 17 Mar 2021 22:32:11 GMT",
        "Docker-Distribution-Api-Version": "registry/2.0",
        "Server": "openresty",
        "Strict-Transport-Security": [
          "max-age=31536000; includeSubDomains",
          "max-age=31536000; includeSubDomains"
        ],
        "X-Content-Type-Options": "nosniff",
        "X-Ms-Correlation-Request-Id": "5beae313-7b49-4b24-84c9-b88443061efe"
      },
      "ResponseBody": [
        "{\u0022registry\u0022:\u0022annelocontainerregistry.azurecr.io\u0022,\u0022imageName\u0022:\u0022library/hello-world\u0022,\u0022createdTime\u0022:\u00222021-03-11T23:39:48.4064552Z\u0022,\u0022lastUpdateTime\u0022:\u00222021-03-11T23:39:46.9010652Z\u0022,\u0022manifestCount\u0022:10,\u0022tagCount\u0022:1,\u0022changeableAttributes\u0022:{\u0022deleteEnabled\u0022:false,\u0022writeEnabled\u0022:true,\u0022readEnabled\u0022:false,\u0022listEnabled\u0022:true}}\n"
      ]
    },
    {
      "RequestUri": "https://annelocontainerregistry.azurecr.io/acr/v1/library%2Fhello-world",
      "RequestMethod": "PATCH",
      "RequestHeaders": {
        "Accept": "application/json",
        "Authorization": "Sanitized",
        "Content-Length": "80",
        "Content-Type": "application/json",
        "traceparent": "00-25c2c4c7e781a24fb63ed2a75920c996-3abcdd60661b534d-00",
        "User-Agent": [
          "azsdk-net-Containers.ContainerRegistry/1.0.0-alpha.20210317.1",
          "(.NET Core 4.6.29812.02; Microsoft Windows 10.0.19042 )"
        ],
        "x-ms-client-request-id": "f0f3a203dafbfdb6191d8e865369bc9d",
        "x-ms-return-client-request-id": "true"
      },
      "RequestBody": {
        "deleteEnabled": true,
        "writeEnabled": true,
        "listEnabled": true,
        "readEnabled": true
      },
      "StatusCode": 200,
      "ResponseHeaders": {
        "Access-Control-Expose-Headers": [
          "Docker-Content-Digest",
          "WWW-Authenticate",
          "Link",
          "X-Ms-Correlation-Request-Id"
        ],
        "Connection": "keep-alive",
        "Content-Length": "313",
        "Content-Type": "application/json; charset=utf-8",
        "Date": "Wed, 17 Mar 2021 22:32:11 GMT",
        "Docker-Distribution-Api-Version": "registry/2.0",
        "Server": "openresty",
        "Strict-Transport-Security": [
          "max-age=31536000; includeSubDomains",
          "max-age=31536000; includeSubDomains"
        ],
        "X-Content-Type-Options": "nosniff",
        "X-Ms-Correlation-Request-Id": "8c55eaa6-008e-4cce-9b6d-b6db524d75a2"
      },
      "ResponseBody": [
        "{\u0022registry\u0022:\u0022annelocontainerregistry.azurecr.io\u0022,\u0022imageName\u0022:\u0022library/hello-world\u0022,\u0022createdTime\u0022:\u00222021-03-11T23:39:48.4064552Z\u0022,\u0022lastUpdateTime\u0022:\u00222021-03-11T23:39:46.9010652Z\u0022,\u0022manifestCount\u0022:10,\u0022tagCount\u0022:1,\u0022changeableAttributes\u0022:{\u0022deleteEnabled\u0022:true,\u0022writeEnabled\u0022:true,\u0022readEnabled\u0022:true,\u0022listEnabled\u0022:true}}\n"
      ]
    },
    {
      "RequestUri": "https://annelocontainerregistry.azurecr.io/acr/v1/library%2Fhello-world",
      "RequestMethod": "GET",
      "RequestHeaders": {
        "Accept": "application/json",
        "Authorization": "Sanitized",
        "traceparent": "00-f151f796c95cd2498e59cec88d917a83-e6ee96e6d83c7644-00",
        "User-Agent": [
          "azsdk-net-Containers.ContainerRegistry/1.0.0-alpha.20210317.1",
          "(.NET Core 4.6.29812.02; Microsoft Windows 10.0.19042 )"
        ],
        "x-ms-client-request-id": "c6f991335224d31e34fe92f6619d0146",
        "x-ms-return-client-request-id": "true"
      },
      "RequestBody": null,
      "StatusCode": 200,
      "ResponseHeaders": {
        "Access-Control-Expose-Headers": [
          "Docker-Content-Digest",
          "WWW-Authenticate",
          "Link",
          "X-Ms-Correlation-Request-Id"
        ],
        "Connection": "keep-alive",
        "Content-Length": "313",
        "Content-Type": "application/json; charset=utf-8",
        "Date": "Wed, 17 Mar 2021 22:32:11 GMT",
        "Docker-Distribution-Api-Version": "registry/2.0",
        "Server": "openresty",
        "Strict-Transport-Security": [
          "max-age=31536000; includeSubDomains",
          "max-age=31536000; includeSubDomains"
        ],
        "X-Content-Type-Options": "nosniff",
        "X-Ms-Correlation-Request-Id": "4656dabf-f6d0-4e1a-bffb-337cb00d2a1f"
      },
      "ResponseBody": [
        "{\u0022registry\u0022:\u0022annelocontainerregistry.azurecr.io\u0022,\u0022imageName\u0022:\u0022library/hello-world\u0022,\u0022createdTime\u0022:\u00222021-03-11T23:39:48.4064552Z\u0022,\u0022lastUpdateTime\u0022:\u00222021-03-11T23:39:46.9010652Z\u0022,\u0022manifestCount\u0022:10,\u0022tagCount\u0022:1,\u0022changeableAttributes\u0022:{\u0022deleteEnabled\u0022:true,\u0022writeEnabled\u0022:true,\u0022readEnabled\u0022:true,\u0022listEnabled\u0022:true}}\n"
      ]
    }
  ],
  "Variables": {
    "CONTAINERREGISTRY_ENDPOINT": "https://annelocontainerregistry.azurecr.io",
    "CONTAINERREGISTRY_PASSWORD": "Sanitized",
    "CONTAINERREGISTRY_USERNAME": "Sanitized",
    "RandomSeed": "1730063462"
  }
}