{
  "Entries": [
    {
      "RequestUri": "https://annelocontainerregistry.azurecr.io/acr/v1/library%2Fhello-world/_tags/latest",
      "RequestMethod": "PATCH",
      "RequestHeaders": {
        "Accept": "application/json",
        "Authorization": "Sanitized",
        "Content-Length": "83",
        "Content-Type": "application/json",
        "traceparent": "00-0c2ff7b56cf7764ab7bb32e86307c6c3-2f277edd4a8d8048-00",
        "User-Agent": "azsdk-net-Containers.ContainerRegistry/1.0.0-alpha.20210318.1 (.NET Framework 4.8.4300.0; Microsoft Windows 10.0.19042 )",
        "x-ms-client-request-id": "0be3c3c83578a7279030dcd8db27f025",
        "x-ms-return-client-request-id": "true"
      },
      "RequestBody": {
        "deleteEnabled": false,
        "writeEnabled": true,
        "listEnabled": false,
        "readEnabled": false
      },
      "StatusCode": 200,
      "ResponseHeaders": {
        "Access-Control-Expose-Headers": [
          "Docker-Content-Digest",
          "WWW-Authenticate",
          "Link",
          "X-Ms-Correlation-Request-Id"
        ],
        "Connection": "keep-alive",
        "Content-Length": "406",
        "Content-Type": "application/json; charset=utf-8",
        "Date": "Fri, 19 Mar 2021 03:12:30 GMT",
        "Docker-Distribution-Api-Version": "registry/2.0",
        "Server": "openresty",
        "Strict-Transport-Security": [
          "max-age=31536000; includeSubDomains",
          "max-age=31536000; includeSubDomains"
        ],
        "X-Content-Type-Options": "nosniff",
        "X-Ms-Correlation-Request-Id": "3cccc379-64c8-4fde-bf5c-959f4746edf8"
      },
      "ResponseBody": [
        "{\u0022registry\u0022:\u0022annelocontainerregistry.azurecr.io\u0022,\u0022imageName\u0022:\u0022library/hello-world\u0022,\u0022tag\u0022:{\u0022name\u0022:\u0022latest\u0022,\u0022digest\u0022:\u0022sha256:308866a43596e83578c7dfa15e27a73011bdd402185a84c5cd7f32a88b501a24\u0022,\u0022createdTime\u0022:\u00222021-03-11T23:39:48.6343435Z\u0022,\u0022lastUpdateTime\u0022:\u00222021-03-11T23:39:48.6343435Z\u0022,\u0022signed\u0022:false,\u0022changeableAttributes\u0022:{\u0022deleteEnabled\u0022:false,\u0022writeEnabled\u0022:true,\u0022readEnabled\u0022:false,\u0022listEnabled\u0022:false}}}\n"
      ]
    },
    {
      "RequestUri": "https://annelocontainerregistry.azurecr.io/acr/v1/library%2Fhello-world/_tags/latest",
      "RequestMethod": "GET",
      "RequestHeaders": {
        "Accept": "application/json",
        "Authorization": "Sanitized",
        "traceparent": "00-03b1617e25af61488b4f9e431d61359a-ccc7c06bc5dbde47-00",
        "User-Agent": "azsdk-net-Containers.ContainerRegistry/1.0.0-alpha.20210318.1 (.NET Framework 4.8.4300.0; Microsoft Windows 10.0.19042 )",
        "x-ms-client-request-id": "919355de822c5b947ccda3d3118d589c",
        "x-ms-return-client-request-id": "true"
      },
      "RequestBody": null,
      "StatusCode": 200,
      "ResponseHeaders": {
        "Access-Control-Expose-Headers": [
          "Docker-Content-Digest",
          "WWW-Authenticate",
          "Link",
          "X-Ms-Correlation-Request-Id"
        ],
        "Connection": "keep-alive",
        "Content-Length": "406",
        "Content-Type": "application/json; charset=utf-8",
        "Date": "Fri, 19 Mar 2021 03:12:30 GMT",
        "Docker-Distribution-Api-Version": "registry/2.0",
        "Server": "openresty",
        "Strict-Transport-Security": [
          "max-age=31536000; includeSubDomains",
          "max-age=31536000; includeSubDomains"
        ],
        "X-Content-Type-Options": "nosniff",
        "X-Ms-Correlation-Request-Id": "358ca926-cf78-4080-a00e-453657a14408"
      },
      "ResponseBody": [
        "{\u0022registry\u0022:\u0022annelocontainerregistry.azurecr.io\u0022,\u0022imageName\u0022:\u0022library/hello-world\u0022,\u0022tag\u0022:{\u0022name\u0022:\u0022latest\u0022,\u0022digest\u0022:\u0022sha256:308866a43596e83578c7dfa15e27a73011bdd402185a84c5cd7f32a88b501a24\u0022,\u0022createdTime\u0022:\u00222021-03-11T23:39:48.6343435Z\u0022,\u0022lastUpdateTime\u0022:\u00222021-03-11T23:39:48.6343435Z\u0022,\u0022signed\u0022:false,\u0022changeableAttributes\u0022:{\u0022deleteEnabled\u0022:false,\u0022writeEnabled\u0022:true,\u0022readEnabled\u0022:false,\u0022listEnabled\u0022:false}}}\n"
      ]
    },
    {
      "RequestUri": "https://annelocontainerregistry.azurecr.io/acr/v1/library%2Fhello-world/_tags/latest",
      "RequestMethod": "PATCH",
      "RequestHeaders": {
        "Accept": "application/json",
        "Authorization": "Sanitized",
        "Content-Length": "80",
        "Content-Type": "application/json",
        "traceparent": "00-264407f3f53c864fb612937c2d0fba92-785d08a21e877146-00",
        "User-Agent": "azsdk-net-Containers.ContainerRegistry/1.0.0-alpha.20210318.1 (.NET Framework 4.8.4300.0; Microsoft Windows 10.0.19042 )",
        "x-ms-client-request-id": "2e2ea6ae1b94c980fcc29646cac6e6b1",
        "x-ms-return-client-request-id": "true"
      },
      "RequestBody": {
        "deleteEnabled": true,
        "writeEnabled": true,
        "listEnabled": true,
        "readEnabled": true
      },
      "StatusCode": 200,
      "ResponseHeaders": {
        "Access-Control-Expose-Headers": [
          "Docker-Content-Digest",
          "WWW-Authenticate",
          "Link",
          "X-Ms-Correlation-Request-Id"
        ],
        "Connection": "keep-alive",
        "Content-Length": "403",
        "Content-Type": "application/json; charset=utf-8",
        "Date": "Fri, 19 Mar 2021 03:12:30 GMT",
        "Docker-Distribution-Api-Version": "registry/2.0",
        "Server": "openresty",
        "Strict-Transport-Security": [
          "max-age=31536000; includeSubDomains",
          "max-age=31536000; includeSubDomains"
        ],
        "X-Content-Type-Options": "nosniff",
        "X-Ms-Correlation-Request-Id": "f84e6566-f343-4f81-aa88-a107cc8c5dfd"
      },
      "ResponseBody": [
        "{\u0022registry\u0022:\u0022annelocontainerregistry.azurecr.io\u0022,\u0022imageName\u0022:\u0022library/hello-world\u0022,\u0022tag\u0022:{\u0022name\u0022:\u0022latest\u0022,\u0022digest\u0022:\u0022sha256:308866a43596e83578c7dfa15e27a73011bdd402185a84c5cd7f32a88b501a24\u0022,\u0022createdTime\u0022:\u00222021-03-11T23:39:48.6343435Z\u0022,\u0022lastUpdateTime\u0022:\u00222021-03-11T23:39:48.6343435Z\u0022,\u0022signed\u0022:false,\u0022changeableAttributes\u0022:{\u0022deleteEnabled\u0022:true,\u0022writeEnabled\u0022:true,\u0022readEnabled\u0022:true,\u0022listEnabled\u0022:true}}}\n"
      ]
    },
    {
      "RequestUri": "https://annelocontainerregistry.azurecr.io/acr/v1/library%2Fhello-world",
      "RequestMethod": "GET",
      "RequestHeaders": {
        "Accept": "application/json",
        "Authorization": "Sanitized",
        "traceparent": "00-0ffd30655b02ef4c8c62be9613110d7d-e035dc326fa4834d-00",
        "User-Agent": "azsdk-net-Containers.ContainerRegistry/1.0.0-alpha.20210318.1 (.NET Framework 4.8.4300.0; Microsoft Windows 10.0.19042 )",
        "x-ms-client-request-id": "6b75e9e0b59946942e878faa92539603",
        "x-ms-return-client-request-id": "true"
      },
      "RequestBody": null,
      "StatusCode": 200,
      "ResponseHeaders": {
        "Access-Control-Expose-Headers": [
          "Docker-Content-Digest",
          "WWW-Authenticate",
          "Link",
          "X-Ms-Correlation-Request-Id"
        ],
        "Connection": "keep-alive",
        "Content-Length": "313",
        "Content-Type": "application/json; charset=utf-8",
        "Date": "Fri, 19 Mar 2021 03:12:30 GMT",
        "Docker-Distribution-Api-Version": "registry/2.0",
        "Server": "openresty",
        "Strict-Transport-Security": [
          "max-age=31536000; includeSubDomains",
          "max-age=31536000; includeSubDomains"
        ],
        "X-Content-Type-Options": "nosniff",
        "X-Ms-Correlation-Request-Id": "ec9fd676-98c2-4154-a9db-d744a0a5e795"
      },
      "ResponseBody": [
        "{\u0022registry\u0022:\u0022annelocontainerregistry.azurecr.io\u0022,\u0022imageName\u0022:\u0022library/hello-world\u0022,\u0022createdTime\u0022:\u00222021-03-11T23:39:48.4064552Z\u0022,\u0022lastUpdateTime\u0022:\u00222021-03-11T23:39:46.9010652Z\u0022,\u0022manifestCount\u0022:10,\u0022tagCount\u0022:1,\u0022changeableAttributes\u0022:{\u0022deleteEnabled\u0022:true,\u0022writeEnabled\u0022:true,\u0022readEnabled\u0022:true,\u0022listEnabled\u0022:true}}\n"
      ]
    },
    {
      "RequestUri": "https://annelocontainerregistry.azurecr.io/acr/v1/library%2Fhello-world",
      "RequestMethod": "PATCH",
      "RequestHeaders": {
        "Accept": "application/json",
        "Authorization": "Sanitized",
        "Content-Length": "80",
        "Content-Type": "application/json",
        "traceparent": "00-40a1cf1c61828d4b8b94c05b7d2bc1aa-5cd867d4c25b1745-00",
        "User-Agent": "azsdk-net-Containers.ContainerRegistry/1.0.0-alpha.20210318.1 (.NET Framework 4.8.4300.0; Microsoft Windows 10.0.19042 )",
        "x-ms-client-request-id": "35293fd7c1f9c290d4ca9569ec4e90b5",
        "x-ms-return-client-request-id": "true"
      },
      "RequestBody": {
        "deleteEnabled": true,
        "writeEnabled": true,
        "listEnabled": true,
        "readEnabled": true
      },
      "StatusCode": 200,
      "ResponseHeaders": {
        "Access-Control-Expose-Headers": [
          "Docker-Content-Digest",
          "WWW-Authenticate",
          "Link",
          "X-Ms-Correlation-Request-Id"
        ],
        "Connection": "keep-alive",
        "Content-Length": "313",
        "Content-Type": "application/json; charset=utf-8",
        "Date": "Fri, 19 Mar 2021 03:12:31 GMT",
        "Docker-Distribution-Api-Version": "registry/2.0",
        "Server": "openresty",
        "Strict-Transport-Security": [
          "max-age=31536000; includeSubDomains",
          "max-age=31536000; includeSubDomains"
        ],
        "X-Content-Type-Options": "nosniff",
        "X-Ms-Correlation-Request-Id": "0b30703b-fec5-4f89-a7c7-26f698aabb9a"
      },
      "ResponseBody": [
        "{\u0022registry\u0022:\u0022annelocontainerregistry.azurecr.io\u0022,\u0022imageName\u0022:\u0022library/hello-world\u0022,\u0022createdTime\u0022:\u00222021-03-11T23:39:48.4064552Z\u0022,\u0022lastUpdateTime\u0022:\u00222021-03-11T23:39:46.9010652Z\u0022,\u0022manifestCount\u0022:10,\u0022tagCount\u0022:1,\u0022changeableAttributes\u0022:{\u0022deleteEnabled\u0022:true,\u0022writeEnabled\u0022:true,\u0022readEnabled\u0022:true,\u0022listEnabled\u0022:true}}\n"
      ]
    },
    {
      "RequestUri": "https://annelocontainerregistry.azurecr.io/acr/v1/library%2Fhello-world",
      "RequestMethod": "GET",
      "RequestHeaders": {
        "Accept": "application/json",
        "Authorization": "Sanitized",
        "traceparent": "00-156847251da6cc458b122b3c0c3728e0-22c6164b7b0eab41-00",
        "User-Agent": "azsdk-net-Containers.ContainerRegistry/1.0.0-alpha.20210318.1 (.NET Framework 4.8.4300.0; Microsoft Windows 10.0.19042 )",
        "x-ms-client-request-id": "28f3f2e6ed17f80311e7000c8bd637a9",
        "x-ms-return-client-request-id": "true"
      },
      "RequestBody": null,
      "StatusCode": 200,
      "ResponseHeaders": {
        "Access-Control-Expose-Headers": [
          "Docker-Content-Digest",
          "WWW-Authenticate",
          "Link",
          "X-Ms-Correlation-Request-Id"
        ],
        "Connection": "keep-alive",
        "Content-Length": "313",
        "Content-Type": "application/json; charset=utf-8",
        "Date": "Fri, 19 Mar 2021 03:12:31 GMT",
        "Docker-Distribution-Api-Version": "registry/2.0",
        "Server": "openresty",
        "Strict-Transport-Security": [
          "max-age=31536000; includeSubDomains",
          "max-age=31536000; includeSubDomains"
        ],
        "X-Content-Type-Options": "nosniff",
        "X-Ms-Correlation-Request-Id": "aa50a2cf-5464-4230-94fd-d188e354f146"
      },
      "ResponseBody": [
        "{\u0022registry\u0022:\u0022annelocontainerregistry.azurecr.io\u0022,\u0022imageName\u0022:\u0022library/hello-world\u0022,\u0022createdTime\u0022:\u00222021-03-11T23:39:48.4064552Z\u0022,\u0022lastUpdateTime\u0022:\u00222021-03-11T23:39:46.9010652Z\u0022,\u0022manifestCount\u0022:10,\u0022tagCount\u0022:1,\u0022changeableAttributes\u0022:{\u0022deleteEnabled\u0022:true,\u0022writeEnabled\u0022:true,\u0022readEnabled\u0022:true,\u0022listEnabled\u0022:true}}\n"
      ]
    }
  ],
  "Variables": {
    "CONTAINERREGISTRY_ENDPOINT": "https://annelocontainerregistry.azurecr.io",
    "CONTAINERREGISTRY_PASSWORD": "Sanitized",
    "CONTAINERREGISTRY_USERNAME": "Sanitized",
    "RandomSeed": "1801551647"
  }
}