{
  "Entries": [
    {
      "RequestUri": "https://management.azure.com/subscriptions/973d15c6-6c57-447e-b9c6-6d79b5b784ab/resourceGroups/audapurerg/providers/Microsoft.Edge/schemas/schema5008?api-version=2025-06-01",
      "RequestMethod": "PUT",
      "RequestHeaders": {
        "Accept": "application/json",
        "Authorization": "Sanitized",
        "Connection": "keep-alive",
        "Content-Length": "42",
        "Content-Type": "application/json",
        "User-Agent": "azsdk-net-ResourceManager.WorkloadOrchestration/1.0.0-alpha.20250707.1 (.NET Framework 4.8.9300.0; Microsoft Windows 10.0.22631 )",
        "x-ms-client-request-id": "Sanitized",
        "x-ms-return-client-request-id": "true"
      },
      "RequestBody": {
        "location": "eastus2euap",
        "properties": {}
      },
      "StatusCode": 200,
      "ResponseHeaders": {
        "Cache-Control": "no-cache",
        "Content-Length": "464",
        "Content-Type": "application/json; charset=utf-8",
        "Date": "Mon, 07 Jul 2025 04:46:44 GMT",
        "ETag": "\"7700cdee-0000-3300-0000-686b51340000\"",
        "Expires": "-1",
        "Pragma": "no-cache",
        "Strict-Transport-Security": "max-age=31536000; includeSubDomains",
        "X-Cache": "CONFIG_NOCACHE",
        "X-Content-Type-Options": "nosniff",
        "x-ms-client-request-id": "Sanitized",
        "x-ms-correlation-request-id": "a3640e81-8544-4918-a7f9-f8797e2ad5cd",
        "x-ms-operation-identifier": "tenantId=72f988bf-86f1-41af-91ab-2d7cd011db47,objectId=b12b2079-2031-4146-9a67-f7637e660a5a/westindia/806ace75-8a15-41bb-a002-e01d72efa781",
        "x-ms-providerhub-traffic": "True",
        "x-ms-ratelimit-remaining-subscription-global-writes": "11999",
        "x-ms-ratelimit-remaining-subscription-writes": "799",
        "x-ms-request-id": "5ab37e1f-6698-48c3-837b-29fc18b06f01",
        "x-ms-routing-request-id": "WESTINDIA:20250707T044644Z:a3640e81-8544-4918-a7f9-f8797e2ad5cd",
        "X-MSEdge-Ref": "Ref A: 15CBD727702C482D932FE8DCB1963BE7 Ref B: MAA201060513047 Ref C: 2025-07-07T04:46:40Z"
      },
      "ResponseBody": {
        "id": "/subscriptions/973d15c6-6c57-447e-b9c6-6d79b5b784ab/resourceGroups/audapurerg/providers/Microsoft.Edge/schemas/schema5008",
        "name": "schema5008",
        "type": "microsoft.edge/schemas",
        "location": "eastus2euap",
        "systemData": {
          "createdBy": "Sanitized",
          "createdByType": "User",
          "createdAt": "2025-07-07T04:46:43.7204649Z",
          "lastModifiedBy": "Sanitized",
          "lastModifiedByType": "User",
          "lastModifiedAt": "2025-07-07T04:46:43.7204649Z"
        },
        "properties": {
          "provisioningState": "Succeeded"
        }
      }
    },
    {
      "RequestUri": "https://management.azure.com/subscriptions/973d15c6-6c57-447e-b9c6-6d79b5b784ab/resourceGroups/audapurerg/providers/Microsoft.Edge/schemas/schema5008?api-version=2025-06-01",
      "RequestMethod": "GET",
      "RequestHeaders": {
        "Accept": "application/json",
        "Authorization": "Sanitized",
        "User-Agent": "azsdk-net-ResourceManager.WorkloadOrchestration/1.0.0-alpha.20250707.1 (.NET Framework 4.8.9300.0; Microsoft Windows 10.0.22631 )",
        "x-ms-client-request-id": "Sanitized",
        "x-ms-return-client-request-id": "true"
      },
      "RequestBody": null,
      "StatusCode": 200,
      "ResponseHeaders": {
        "Cache-Control": "no-cache",
        "Content-Length": "464",
        "Content-Type": "application/json; charset=utf-8",
        "Date": "Mon, 07 Jul 2025 04:46:45 GMT",
        "ETag": "\"7700cdee-0000-3300-0000-686b51340000\"",
        "Expires": "-1",
        "Pragma": "no-cache",
        "Strict-Transport-Security": "max-age=31536000; includeSubDomains",
        "X-Cache": "CONFIG_NOCACHE",
        "X-Content-Type-Options": "nosniff",
        "x-ms-client-request-id": "Sanitized",
        "x-ms-correlation-request-id": "0a13a7d1-ea0b-4e31-ae7f-9fbc372433b4",
        "x-ms-providerhub-traffic": "True",
        "x-ms-ratelimit-remaining-subscription-global-reads": "16499",
        "x-ms-ratelimit-remaining-subscription-reads": "1099",
        "x-ms-request-id": "2b5e883b-77e9-4b84-b3a3-eab1d5faa572",
        "x-ms-routing-request-id": "WESTINDIA:20250707T044646Z:0a13a7d1-ea0b-4e31-ae7f-9fbc372433b4",
        "X-MSEdge-Ref": "Ref A: BA04D587464E47CCA04E668BB2EF0CB3 Ref B: MAA201060513047 Ref C: 2025-07-07T04:46:45Z"
      },
      "ResponseBody": {
        "id": "/subscriptions/973d15c6-6c57-447e-b9c6-6d79b5b784ab/resourceGroups/audapurerg/providers/Microsoft.Edge/schemas/schema5008",
        "name": "schema5008",
        "type": "microsoft.edge/schemas",
        "location": "eastus2euap",
        "systemData": {
          "createdBy": "Sanitized",
          "createdByType": "User",
          "createdAt": "2025-07-07T04:46:43.7204649Z",
          "lastModifiedBy": "Sanitized",
          "lastModifiedByType": "User",
          "lastModifiedAt": "2025-07-07T04:46:43.7204649Z"
        },
        "properties": {
          "provisioningState": "Succeeded"
        }
      }
    },
    {
      "RequestUri": "https://management.azure.com/subscriptions/973d15c6-6c57-447e-b9c6-6d79b5b784ab/resourceGroups/audapurerg/providers/Microsoft.Edge/schemas/schema5008/versions/2.69.42?api-version=2025-06-01",
      "RequestMethod": "PUT",
      "RequestHeaders": {
        "Accept": "application/json",
        "Authorization": "Sanitized",
        "Content-Length": "1187",
        "Content-Type": "application/json",
        "User-Agent": "azsdk-net-ResourceManager.WorkloadOrchestration/1.0.0-alpha.20250707.1 (.NET Framework 4.8.9300.0; Microsoft Windows 10.0.22631 )",
        "x-ms-client-request-id": "Sanitized",
        "x-ms-return-client-request-id": "true"
      },
      "RequestBody": {
        "properties": {
          "value": "rules:\r\n  configs:\r\n      ErrorThreshold:\r\n        type: float\r\n        required: true\r\n        editableAt:\r\n          - factory\r\n        editableBy:\r\n          - OT\r\n      HealthCheckEndpoint:\r\n        type: string\r\n        required: false\r\n        editableAt:\r\n          - line\r\n        editableBy:\r\n          - OT\r\n      EnableLocalLog:\r\n        type: boolean\r\n        required: true\r\n        editableAt:\r\n          - line\r\n        editableBy:\r\n          - OT\r\n      AgentEndpoint:\r\n        type: string\r\n        required: true\r\n        editableAt:\r\n          - line\r\n        editableBy:\r\n          - OT\r\n      HealthCheckEnabled:\r\n        type: boolean\r\n        required: false\r\n        editableAt:\r\n          - line\r\n        editableBy:\r\n          - OT\r\n      ApplicationEndpoint:\r\n        type: string\r\n        required: true\r\n        editableAt:\r\n          - line\r\n        editableBy:\r\n          - OT\r\n      TemperatureRangeMax:\r\n        type: float\r\n        required: true\r\n        editableAt:\r\n          - line\r\n        editableBy:\r\n          - OT\r\n"
        }
      },
      "StatusCode": 200,
      "ResponseHeaders": {
        "api-supported-versions": "2024-06-01-preview, 2024-08-01-preview, 2025-01-01-preview, 2025-06-01",
        "Cache-Control": "no-cache",
        "Content-Length": "1633",
        "Content-Type": "application/json; charset=utf-8",
        "Date": "Mon, 07 Jul 2025 04:46:50 GMT",
        "ETag": "\"3e003aea-0000-3300-0000-686b513a0000\"",
        "Expires": "-1",
        "mise-correlation-id": "806922ec-08e0-4cb8-80a8-70c6f51bae84",
        "Pragma": "no-cache",
        "ServerTime": "1763 ms",
        "Strict-Transport-Security": "max-age=31536000; includeSubDomains",
        "X-Cache": "CONFIG_NOCACHE",
        "X-Content-Type-Options": "nosniff",
        "x-ms-client-request-id": "Sanitized",
        "x-ms-correlation-request-id": "96c3813c-ed35-4a45-a560-b2d925f9daae",
        "x-ms-operation-identifier": "tenantId=72f988bf-86f1-41af-91ab-2d7cd011db47,objectId=b12b2079-2031-4146-9a67-f7637e660a5a/westindia/b36861bd-01c0-41bf-8e1e-fca1707d56b3",
        "x-ms-providerhub-traffic": "True",
        "x-ms-ratelimit-remaining-subscription-global-writes": "11999",
        "x-ms-ratelimit-remaining-subscription-writes": "799",
        "x-ms-request-id": "ad70476b-e054-455c-8954-27c99b38dccd",
        "x-ms-routing-request-id": "WESTINDIA:20250707T044650Z:96c3813c-ed35-4a45-a560-b2d925f9daae",
        "X-MSEdge-Ref": "Ref A: 128038AD47C5472593D6A791B2CD102B Ref B: MAA201060513047 Ref C: 2025-07-07T04:46:46Z"
      },
      "ResponseBody": {
        "id": "/subscriptions/973d15c6-6c57-447e-b9c6-6d79b5b784ab/resourceGroups/audapurerg/providers/Microsoft.Edge/schemas/schema5008/versions/2.69.42",
        "name": "2.69.42",
        "type": "microsoft.edge/schemas/versions",
        "systemData": {
          "createdBy": "Sanitized",
          "createdByType": "User",
          "createdAt": "2025-07-07T04:46:47.3180418Z",
          "lastModifiedBy": "Sanitized",
          "lastModifiedByType": "User",
          "lastModifiedAt": "2025-07-07T04:46:47.3180418Z"
        },
        "properties": {
          "value": "rules:\r\n  configs:\r\n      ErrorThreshold:\r\n        type: float\r\n        required: true\r\n        editableAt:\r\n          - factory\r\n        editableBy:\r\n          - OT\r\n      HealthCheckEndpoint:\r\n        type: string\r\n        required: false\r\n        editableAt:\r\n          - line\r\n        editableBy:\r\n          - OT\r\n      EnableLocalLog:\r\n        type: boolean\r\n        required: true\r\n        editableAt:\r\n          - line\r\n        editableBy:\r\n          - OT\r\n      AgentEndpoint:\r\n        type: string\r\n        required: true\r\n        editableAt:\r\n          - line\r\n        editableBy:\r\n          - OT\r\n      HealthCheckEnabled:\r\n        type: boolean\r\n        required: false\r\n        editableAt:\r\n          - line\r\n        editableBy:\r\n          - OT\r\n      ApplicationEndpoint:\r\n        type: string\r\n        required: true\r\n        editableAt:\r\n          - line\r\n        editableBy:\r\n          - OT\r\n      TemperatureRangeMax:\r\n        type: float\r\n        required: true\r\n        editableAt:\r\n          - line\r\n        editableBy:\r\n          - OT\r\n",
          "provisioningState": "Succeeded"
        }
      }
    }
  ],
  "Variables": {
    "RandomSeed": "937049849"
  }
}
