{
  "Entries": [
    {
      "RequestUri": "https://login.microsoftonline.com/common/discovery/instance?api-version=1.1\u0026authorization_endpoint=https%3A%2F%2Flogin.microsoftonline.com%2Fc54fac88-3dd3-461f-a7c4-8a368e0340b3%2Foauth2%2Fv2.0%2Fauthorize",
      "RequestMethod": "GET",
      "RequestHeaders": {
        "client-request-id": "8ab73c76-bbb2-4801-a0d8-7f7e26c59b92",
        "return-client-request-id": "true",
        "User-Agent": "azsdk-net-Identity/1.4.0-alpha.20210129.1 (.NET Framework 4.8.4250.0; Microsoft Windows 10.0.19042 )",
        "x-app-name": "UnknownClient",
        "x-app-ver": "0.0.0.0",
        "x-client-CPU": "x64",
        "x-client-OS": "Microsoft Windows NT 10.0.19042.0",
        "x-client-SKU": "MSAL.Desktop",
        "x-client-Ver": "4.25.0.0",
        "x-ms-client-request-id": "e9354c950eccfa3e62d4ee004c60a0a3",
        "x-ms-return-client-request-id": "true"
      },
      "RequestBody": null,
      "StatusCode": 200,
      "ResponseHeaders": {
        "Access-Control-Allow-Methods": "GET, OPTIONS",
        "Access-Control-Allow-Origin": "*",
        "Cache-Control": [
          "max-age=86400",
          "private"
        ],
        "client-request-id": "8ab73c76-bbb2-4801-a0d8-7f7e26c59b92",
        "Content-Length": "980",
        "Content-Type": "application/json; charset=utf-8",
        "Date": "Fri, 29 Jan 2021 22:36:18 GMT",
        "P3P": "CP=\u0022DSP CUR OTPi IND OTRi ONL FIN\u0022",
        "Set-Cookie": [
          "fpc=AiURA2zWfsxJvDA9WjygQE8; expires=Sun, 28-Feb-2021 22:36:19 GMT; path=/; secure; HttpOnly; SameSite=None",
          "esctx=AQABAAAAAAD--DLA3VO7QrddgJg7WevrCzd5Jj06gB4bE74mxOM7iuHi0qBObryH-CaqM9L-91kCojFCy_W9_n16WF1FYBKvMi7ZYBvluSZNELpnXJfEELeWqWwy_Zk5eL6V5iKZqLNrGOIXbitqXOqUtHMk2Z0L9N1M0UQTjYm97Wm0cfDRNgkT9QBOoyY-1BKGn6zoUWEgAA; domain=.login.microsoftonline.com; path=/; secure; HttpOnly; SameSite=None",
          "x-ms-gateway-slice=estsfd; path=/; secure; samesite=none; httponly",
          "stsservicecookie=estsfd; path=/; secure; samesite=none; httponly"
        ],
        "Strict-Transport-Security": "max-age=31536000; includeSubDomains",
        "X-Content-Type-Options": "nosniff",
        "x-ms-ests-server": "2.1.11444.8 - WUS2 ProdSlices",
        "x-ms-request-id": "166a236b-d45a-408b-b600-d94010072601"
      },
      "ResponseBody": {
        "tenant_discovery_endpoint": "https://login.microsoftonline.com/c54fac88-3dd3-461f-a7c4-8a368e0340b3/v2.0/.well-known/openid-configuration",
        "api-version": "1.1",
        "metadata": [
          {
            "preferred_network": "login.microsoftonline.com",
            "preferred_cache": "login.windows.net",
            "aliases": [
              "login.microsoftonline.com",
              "login.windows.net",
              "login.microsoft.com",
              "sts.windows.net"
            ]
          },
          {
            "preferred_network": "login.partner.microsoftonline.cn",
            "preferred_cache": "login.partner.microsoftonline.cn",
            "aliases": [
              "login.partner.microsoftonline.cn",
              "login.chinacloudapi.cn"
            ]
          },
          {
            "preferred_network": "login.microsoftonline.de",
            "preferred_cache": "login.microsoftonline.de",
            "aliases": [
              "login.microsoftonline.de"
            ]
          },
          {
            "preferred_network": "login.microsoftonline.us",
            "preferred_cache": "login.microsoftonline.us",
            "aliases": [
              "login.microsoftonline.us",
              "login.usgovcloudapi.net"
            ]
          },
          {
            "preferred_network": "login-us.microsoftonline.com",
            "preferred_cache": "login-us.microsoftonline.com",
            "aliases": [
              "login-us.microsoftonline.com"
            ]
          }
        ]
      }
    },
    {
      "RequestUri": "https://login.microsoftonline.com/common/discovery/instance?api-version=1.1\u0026authorization_endpoint=https%3A%2F%2Flogin.microsoftonline.com%2Fc54fac88-3dd3-461f-a7c4-8a368e0340b3%2Foauth2%2Fv2.0%2Fauthorize",
      "RequestMethod": "GET",
      "RequestHeaders": {
        "client-request-id": "8e66a42b-b040-470c-8d37-9bd6f5286572",
        "return-client-request-id": "true",
        "User-Agent": "azsdk-net-Identity/1.4.0-alpha.20210129.1 (.NET Framework 4.8.4250.0; Microsoft Windows 10.0.19042 )",
        "x-app-name": "UnknownClient",
        "x-app-ver": "0.0.0.0",
        "x-client-CPU": "x64",
        "x-client-OS": "Microsoft Windows NT 10.0.19042.0",
        "x-client-SKU": "MSAL.Desktop",
        "x-client-Ver": "4.25.0.0",
        "x-ms-client-request-id": "9fe5bd04b39e59aab581729d244604d5",
        "x-ms-return-client-request-id": "true"
      },
      "RequestBody": null,
      "StatusCode": 200,
      "ResponseHeaders": {
        "Access-Control-Allow-Methods": "GET, OPTIONS",
        "Access-Control-Allow-Origin": "*",
        "Cache-Control": [
          "max-age=86400",
          "private"
        ],
        "client-request-id": "8e66a42b-b040-470c-8d37-9bd6f5286572",
        "Content-Length": "980",
        "Content-Type": "application/json; charset=utf-8",
        "Date": "Fri, 29 Jan 2021 22:36:18 GMT",
        "P3P": "CP=\u0022DSP CUR OTPi IND OTRi ONL FIN\u0022",
        "Set-Cookie": [
          "fpc=AhG0cOc9a_hIt_r_KN04CI8; expires=Sun, 28-Feb-2021 22:36:19 GMT; path=/; secure; HttpOnly; SameSite=None",
          "esctx=AQABAAAAAAD--DLA3VO7QrddgJg7WevrWfRMMyko9PBH6lauEIC6ouO6tvMjiiiu_nTCkfyHUfdoFLl9-6YJ1Z8IHnak7EkEqkFGQKY5VpVvtx5JT6tAw_8Wf8pkzD56gvGyP02CEA7xJ0RXGeKkqoBZaMcoO4Ik4_xumpvmzJ6sPbxYGgwgvhR-aLjI0me1kPUrCbB857ggAA; domain=.login.microsoftonline.com; path=/; secure; HttpOnly; SameSite=None",
          "x-ms-gateway-slice=estsfd; path=/; secure; samesite=none; httponly",
          "stsservicecookie=estsfd; path=/; secure; samesite=none; httponly"
        ],
        "Strict-Transport-Security": "max-age=31536000; includeSubDomains",
        "X-Content-Type-Options": "nosniff",
        "x-ms-ests-server": "2.1.11444.8 - WUS2 ProdSlices",
        "x-ms-request-id": "4795eb47-54a2-41b7-be8f-4509d9bd8100"
      },
      "ResponseBody": {
        "tenant_discovery_endpoint": "https://login.microsoftonline.com/c54fac88-3dd3-461f-a7c4-8a368e0340b3/v2.0/.well-known/openid-configuration",
        "api-version": "1.1",
        "metadata": [
          {
            "preferred_network": "login.microsoftonline.com",
            "preferred_cache": "login.windows.net",
            "aliases": [
              "login.microsoftonline.com",
              "login.windows.net",
              "login.microsoft.com",
              "sts.windows.net"
            ]
          },
          {
            "preferred_network": "login.partner.microsoftonline.cn",
            "preferred_cache": "login.partner.microsoftonline.cn",
            "aliases": [
              "login.partner.microsoftonline.cn",
              "login.chinacloudapi.cn"
            ]
          },
          {
            "preferred_network": "login.microsoftonline.de",
            "preferred_cache": "login.microsoftonline.de",
            "aliases": [
              "login.microsoftonline.de"
            ]
          },
          {
            "preferred_network": "login.microsoftonline.us",
            "preferred_cache": "login.microsoftonline.us",
            "aliases": [
              "login.microsoftonline.us",
              "login.usgovcloudapi.net"
            ]
          },
          {
            "preferred_network": "login-us.microsoftonline.com",
            "preferred_cache": "login-us.microsoftonline.com",
            "aliases": [
              "login-us.microsoftonline.com"
            ]
          }
        ]
      }
    },
    {
      "RequestUri": "https://login.microsoftonline.com/common/discovery/instance?api-version=1.1\u0026authorization_endpoint=https%3A%2F%2Flogin.microsoftonline.com%2Fc54fac88-3dd3-461f-a7c4-8a368e0340b3%2Foauth2%2Fv2.0%2Fauthorize",
      "RequestMethod": "GET",
      "RequestHeaders": {
        "client-request-id": "b81a75dd-d59a-4161-a04c-18e984ab10b7",
        "return-client-request-id": "true",
        "User-Agent": "azsdk-net-Identity/1.4.0-alpha.20210129.1 (.NET Framework 4.8.4250.0; Microsoft Windows 10.0.19042 )",
        "x-app-name": "UnknownClient",
        "x-app-ver": "0.0.0.0",
        "x-client-CPU": "x64",
        "x-client-OS": "Microsoft Windows NT 10.0.19042.0",
        "x-client-SKU": "MSAL.Desktop",
        "x-client-Ver": "4.25.0.0",
        "x-ms-client-request-id": "215962d925ac3c6f2c18151c43fff615",
        "x-ms-return-client-request-id": "true"
      },
      "RequestBody": null,
      "StatusCode": 200,
      "ResponseHeaders": {
        "Access-Control-Allow-Methods": "GET, OPTIONS",
        "Access-Control-Allow-Origin": "*",
        "Cache-Control": [
          "max-age=86400",
          "private"
        ],
        "client-request-id": "b81a75dd-d59a-4161-a04c-18e984ab10b7",
        "Content-Length": "980",
        "Content-Type": "application/json; charset=utf-8",
        "Date": "Fri, 29 Jan 2021 22:36:18 GMT",
        "P3P": "CP=\u0022DSP CUR OTPi IND OTRi ONL FIN\u0022",
        "Set-Cookie": [
          "fpc=ArIyb_k8vXdLkgbwoU9icb4; expires=Sun, 28-Feb-2021 22:36:19 GMT; path=/; secure; HttpOnly; SameSite=None",
          "esctx=AQABAAAAAAD--DLA3VO7QrddgJg7WevrvIoYYSyz7oaKPNNqL4wi93gLkNuBV0KpsddLXd-pY-G98CSYu9YDS_svYq3iBMTe8-r_81uRRbmPYqqqm7dNWOTLifa3dzqCdFj4ffzh-nE544B3GtCwZxYsHvetHPMXLAOVn2WtwirOtY0frz3cLEUVPi5AI54cr6VhKbnkrOQgAA; domain=.login.microsoftonline.com; path=/; secure; HttpOnly; SameSite=None",
          "x-ms-gateway-slice=estsfd; path=/; secure; samesite=none; httponly",
          "stsservicecookie=estsfd; path=/; secure; samesite=none; httponly"
        ],
        "Strict-Transport-Security": "max-age=31536000; includeSubDomains",
        "X-Content-Type-Options": "nosniff",
        "x-ms-ests-server": "2.1.11444.12 - EUS ProdSlices",
        "x-ms-request-id": "5f7cb1ff-1f7a-40c9-a318-b73f56fd1400"
      },
      "ResponseBody": {
        "tenant_discovery_endpoint": "https://login.microsoftonline.com/c54fac88-3dd3-461f-a7c4-8a368e0340b3/v2.0/.well-known/openid-configuration",
        "api-version": "1.1",
        "metadata": [
          {
            "preferred_network": "login.microsoftonline.com",
            "preferred_cache": "login.windows.net",
            "aliases": [
              "login.microsoftonline.com",
              "login.windows.net",
              "login.microsoft.com",
              "sts.windows.net"
            ]
          },
          {
            "preferred_network": "login.partner.microsoftonline.cn",
            "preferred_cache": "login.partner.microsoftonline.cn",
            "aliases": [
              "login.partner.microsoftonline.cn",
              "login.chinacloudapi.cn"
            ]
          },
          {
            "preferred_network": "login.microsoftonline.de",
            "preferred_cache": "login.microsoftonline.de",
            "aliases": [
              "login.microsoftonline.de"
            ]
          },
          {
            "preferred_network": "login.microsoftonline.us",
            "preferred_cache": "login.microsoftonline.us",
            "aliases": [
              "login.microsoftonline.us",
              "login.usgovcloudapi.net"
            ]
          },
          {
            "preferred_network": "login-us.microsoftonline.com",
            "preferred_cache": "login-us.microsoftonline.com",
            "aliases": [
              "login-us.microsoftonline.com"
            ]
          }
        ]
      }
    },
    {
      "RequestUri": "https://login.microsoftonline.com/common/discovery/instance?api-version=1.1\u0026authorization_endpoint=https%3A%2F%2Flogin.microsoftonline.com%2Fc54fac88-3dd3-461f-a7c4-8a368e0340b3%2Foauth2%2Fv2.0%2Fauthorize",
      "RequestMethod": "GET",
      "RequestHeaders": {
        "client-request-id": "04fa3eef-5f59-4692-813c-e3944f991ee3",
        "return-client-request-id": "true",
        "User-Agent": "azsdk-net-Identity/1.4.0-alpha.20210129.1 (.NET Framework 4.8.4250.0; Microsoft Windows 10.0.19042 )",
        "x-app-name": "UnknownClient",
        "x-app-ver": "0.0.0.0",
        "x-client-CPU": "x64",
        "x-client-OS": "Microsoft Windows NT 10.0.19042.0",
        "x-client-SKU": "MSAL.Desktop",
        "x-client-Ver": "4.25.0.0",
        "x-ms-client-request-id": "51ca0328a6f0a570300445d66b2f57fa",
        "x-ms-return-client-request-id": "true"
      },
      "RequestBody": null,
      "StatusCode": 200,
      "ResponseHeaders": {
        "Access-Control-Allow-Methods": "GET, OPTIONS",
        "Access-Control-Allow-Origin": "*",
        "Cache-Control": [
          "max-age=86400",
          "private"
        ],
        "client-request-id": "04fa3eef-5f59-4692-813c-e3944f991ee3",
        "Content-Length": "980",
        "Content-Type": "application/json; charset=utf-8",
        "Date": "Fri, 29 Jan 2021 22:36:18 GMT",
        "P3P": "CP=\u0022DSP CUR OTPi IND OTRi ONL FIN\u0022",
        "Set-Cookie": [
          "fpc=AtugV92XjMJGlYEqZS7xmF0; expires=Sun, 28-Feb-2021 22:36:19 GMT; path=/; secure; HttpOnly; SameSite=None",
          "esctx=AQABAAAAAAD--DLA3VO7QrddgJg7WevrWq2Qfuw1Rm7BxOQcEuzXXdGGGLgk5OQZcPWfwnGVcXoOYYRX4oXAch996HJVw-uVgDDkVYWgyx5qN3Lj5S7Qkk5PL-nuyYfuLupXzl4kfhVkas0bZOlhCm2AVs9oGm6B4AVGrpo5A3vRzZ-1GwWQ9wo2pOf9XPp-WruTW1lT-EYgAA; domain=.login.microsoftonline.com; path=/; secure; HttpOnly; SameSite=None",
          "x-ms-gateway-slice=estsfd; path=/; secure; samesite=none; httponly",
          "stsservicecookie=estsfd; path=/; secure; samesite=none; httponly"
        ],
        "Strict-Transport-Security": "max-age=31536000; includeSubDomains",
        "X-Content-Type-Options": "nosniff",
        "x-ms-ests-server": "2.1.11444.8 - NCUS ProdSlices",
        "x-ms-request-id": "62d9014a-8675-4aaa-8aa2-25d6b42e8a00"
      },
      "ResponseBody": {
        "tenant_discovery_endpoint": "https://login.microsoftonline.com/c54fac88-3dd3-461f-a7c4-8a368e0340b3/v2.0/.well-known/openid-configuration",
        "api-version": "1.1",
        "metadata": [
          {
            "preferred_network": "login.microsoftonline.com",
            "preferred_cache": "login.windows.net",
            "aliases": [
              "login.microsoftonline.com",
              "login.windows.net",
              "login.microsoft.com",
              "sts.windows.net"
            ]
          },
          {
            "preferred_network": "login.partner.microsoftonline.cn",
            "preferred_cache": "login.partner.microsoftonline.cn",
            "aliases": [
              "login.partner.microsoftonline.cn",
              "login.chinacloudapi.cn"
            ]
          },
          {
            "preferred_network": "login.microsoftonline.de",
            "preferred_cache": "login.microsoftonline.de",
            "aliases": [
              "login.microsoftonline.de"
            ]
          },
          {
            "preferred_network": "login.microsoftonline.us",
            "preferred_cache": "login.microsoftonline.us",
            "aliases": [
              "login.microsoftonline.us",
              "login.usgovcloudapi.net"
            ]
          },
          {
            "preferred_network": "login-us.microsoftonline.com",
            "preferred_cache": "login-us.microsoftonline.com",
            "aliases": [
              "login-us.microsoftonline.com"
            ]
          }
        ]
      }
    },
    {
      "RequestUri": "https://login.microsoftonline.com/common/discovery/instance?api-version=1.1\u0026authorization_endpoint=https%3A%2F%2Flogin.microsoftonline.com%2Fc54fac88-3dd3-461f-a7c4-8a368e0340b3%2Foauth2%2Fv2.0%2Fauthorize",
      "RequestMethod": "GET",
      "RequestHeaders": {
        "client-request-id": "4c191adf-87ae-4b2a-a71d-cf034f0b1924",
        "return-client-request-id": "true",
        "User-Agent": "azsdk-net-Identity/1.4.0-alpha.20210129.1 (.NET Framework 4.8.4250.0; Microsoft Windows 10.0.19042 )",
        "x-app-name": "UnknownClient",
        "x-app-ver": "0.0.0.0",
        "x-client-CPU": "x64",
        "x-client-OS": "Microsoft Windows NT 10.0.19042.0",
        "x-client-SKU": "MSAL.Desktop",
        "x-client-Ver": "4.25.0.0",
        "x-ms-client-request-id": "9348427eb5ac3db645c9a69146f0cf2a",
        "x-ms-return-client-request-id": "true"
      },
      "RequestBody": null,
      "StatusCode": 200,
      "ResponseHeaders": {
        "Access-Control-Allow-Methods": "GET, OPTIONS",
        "Access-Control-Allow-Origin": "*",
        "Cache-Control": [
          "max-age=86400",
          "private"
        ],
        "client-request-id": "4c191adf-87ae-4b2a-a71d-cf034f0b1924",
        "Content-Length": "980",
        "Content-Type": "application/json; charset=utf-8",
        "Date": "Fri, 29 Jan 2021 22:36:19 GMT",
        "P3P": "CP=\u0022DSP CUR OTPi IND OTRi ONL FIN\u0022",
        "Set-Cookie": [
          "fpc=AkuLsgHWR0BOsOk7E3V4dS0; expires=Sun, 28-Feb-2021 22:36:19 GMT; path=/; secure; HttpOnly; SameSite=None",
          "esctx=AQABAAAAAAD--DLA3VO7QrddgJg7WevrUEwOFsMNPRT7Mlc8RBXx8lhFhd41lA_Sy54neE0nz3t2d_8qVexBcsv-_VviNMogBGRYqF7IH_mzrps0T2AIeucqGVqfF_VPh5RPXkPk3jFqZ5FExkBfeGzisdjppjgmPswKGWn12bLCu-fsBiW-gM5Ko0DT83pYcEwNLEJOUxggAA; domain=.login.microsoftonline.com; path=/; secure; HttpOnly; SameSite=None",
          "x-ms-gateway-slice=estsfd; path=/; secure; samesite=none; httponly",
          "stsservicecookie=estsfd; path=/; secure; samesite=none; httponly"
        ],
        "Strict-Transport-Security": "max-age=31536000; includeSubDomains",
        "X-Content-Type-Options": "nosniff",
        "x-ms-ests-server": "2.1.11444.8 - SCUS ProdSlices",
        "x-ms-request-id": "4c8aa293-7201-4179-9883-dbec537abd00"
      },
      "ResponseBody": {
        "tenant_discovery_endpoint": "https://login.microsoftonline.com/c54fac88-3dd3-461f-a7c4-8a368e0340b3/v2.0/.well-known/openid-configuration",
        "api-version": "1.1",
        "metadata": [
          {
            "preferred_network": "login.microsoftonline.com",
            "preferred_cache": "login.windows.net",
            "aliases": [
              "login.microsoftonline.com",
              "login.windows.net",
              "login.microsoft.com",
              "sts.windows.net"
            ]
          },
          {
            "preferred_network": "login.partner.microsoftonline.cn",
            "preferred_cache": "login.partner.microsoftonline.cn",
            "aliases": [
              "login.partner.microsoftonline.cn",
              "login.chinacloudapi.cn"
            ]
          },
          {
            "preferred_network": "login.microsoftonline.de",
            "preferred_cache": "login.microsoftonline.de",
            "aliases": [
              "login.microsoftonline.de"
            ]
          },
          {
            "preferred_network": "login.microsoftonline.us",
            "preferred_cache": "login.microsoftonline.us",
            "aliases": [
              "login.microsoftonline.us",
              "login.usgovcloudapi.net"
            ]
          },
          {
            "preferred_network": "login-us.microsoftonline.com",
            "preferred_cache": "login-us.microsoftonline.com",
            "aliases": [
              "login-us.microsoftonline.com"
            ]
          }
        ]
      }
    },
    {
      "RequestUri": "https://login.microsoftonline.com/common/discovery/instance?api-version=1.1\u0026authorization_endpoint=https%3A%2F%2Flogin.microsoftonline.com%2Fc54fac88-3dd3-461f-a7c4-8a368e0340b3%2Foauth2%2Fv2.0%2Fauthorize",
      "RequestMethod": "GET",
      "RequestHeaders": {
        "client-request-id": "850c7bf7-6940-4370-8f5a-c20d9c235ca4",
        "return-client-request-id": "true",
        "User-Agent": "azsdk-net-Identity/1.4.0-alpha.20210129.1 (.NET Framework 4.8.4250.0; Microsoft Windows 10.0.19042 )",
        "x-app-name": "UnknownClient",
        "x-app-ver": "0.0.0.0",
        "x-client-CPU": "x64",
        "x-client-OS": "Microsoft Windows NT 10.0.19042.0",
        "x-client-SKU": "MSAL.Desktop",
        "x-client-Ver": "4.25.0.0",
        "x-ms-client-request-id": "2900f5c7f0b9311ba3f5a20ea268049b",
        "x-ms-return-client-request-id": "true"
      },
      "RequestBody": null,
      "StatusCode": 200,
      "ResponseHeaders": {
        "Access-Control-Allow-Methods": "GET, OPTIONS",
        "Access-Control-Allow-Origin": "*",
        "Cache-Control": [
          "max-age=86400",
          "private"
        ],
        "client-request-id": "850c7bf7-6940-4370-8f5a-c20d9c235ca4",
        "Content-Length": "980",
        "Content-Type": "application/json; charset=utf-8",
        "Date": "Fri, 29 Jan 2021 22:36:18 GMT",
        "P3P": "CP=\u0022DSP CUR OTPi IND OTRi ONL FIN\u0022",
        "Set-Cookie": [
          "fpc=AiekHzq-vq5EiyA7nH2KJKE; expires=Sun, 28-Feb-2021 22:36:19 GMT; path=/; secure; HttpOnly; SameSite=None",
          "esctx=AQABAAAAAAD--DLA3VO7QrddgJg7WevrLdp56C9ItxhfZKvwd9iUzCiJPgGwKpA4X1GEVqFZFXYpoNSEeh1M2fd8sG6Os0qb53amahOIIR8JvuwI42zLcLxQlh2QUTOz7WIK3VGkr8TPq_sZVxvewxWm2ZwtY4LqarBoxUxX4wAOmCYYMXLCO7cA3wU0tc7wUX-negS2ZCAgAA; domain=.login.microsoftonline.com; path=/; secure; HttpOnly; SameSite=None",
          "x-ms-gateway-slice=estsfd; path=/; secure; samesite=none; httponly",
          "stsservicecookie=estsfd; path=/; secure; samesite=none; httponly"
        ],
        "Strict-Transport-Security": "max-age=31536000; includeSubDomains",
        "X-Content-Type-Options": "nosniff",
        "x-ms-ests-server": "2.1.11444.8 - SCUS ProdSlices",
        "x-ms-request-id": "ef992d0e-5cdd-4689-a6a4-e18757cf9f00"
      },
      "ResponseBody": {
        "tenant_discovery_endpoint": "https://login.microsoftonline.com/c54fac88-3dd3-461f-a7c4-8a368e0340b3/v2.0/.well-known/openid-configuration",
        "api-version": "1.1",
        "metadata": [
          {
            "preferred_network": "login.microsoftonline.com",
            "preferred_cache": "login.windows.net",
            "aliases": [
              "login.microsoftonline.com",
              "login.windows.net",
              "login.microsoft.com",
              "sts.windows.net"
            ]
          },
          {
            "preferred_network": "login.partner.microsoftonline.cn",
            "preferred_cache": "login.partner.microsoftonline.cn",
            "aliases": [
              "login.partner.microsoftonline.cn",
              "login.chinacloudapi.cn"
            ]
          },
          {
            "preferred_network": "login.microsoftonline.de",
            "preferred_cache": "login.microsoftonline.de",
            "aliases": [
              "login.microsoftonline.de"
            ]
          },
          {
            "preferred_network": "login.microsoftonline.us",
            "preferred_cache": "login.microsoftonline.us",
            "aliases": [
              "login.microsoftonline.us",
              "login.usgovcloudapi.net"
            ]
          },
          {
            "preferred_network": "login-us.microsoftonline.com",
            "preferred_cache": "login-us.microsoftonline.com",
            "aliases": [
              "login-us.microsoftonline.com"
            ]
          }
        ]
      }
    },
    {
      "RequestUri": "https://login.microsoftonline.com/common/discovery/instance?api-version=1.1\u0026authorization_endpoint=https%3A%2F%2Flogin.microsoftonline.com%2Fc54fac88-3dd3-461f-a7c4-8a368e0340b3%2Foauth2%2Fv2.0%2Fauthorize",
      "RequestMethod": "GET",
      "RequestHeaders": {
        "client-request-id": "db867c98-dd68-412a-b909-1dff9dd263b1",
        "return-client-request-id": "true",
        "User-Agent": "azsdk-net-Identity/1.4.0-alpha.20210129.1 (.NET Framework 4.8.4250.0; Microsoft Windows 10.0.19042 )",
        "x-app-name": "UnknownClient",
        "x-app-ver": "0.0.0.0",
        "x-client-CPU": "x64",
        "x-client-OS": "Microsoft Windows NT 10.0.19042.0",
        "x-client-SKU": "MSAL.Desktop",
        "x-client-Ver": "4.25.0.0",
        "x-ms-client-request-id": "7a1f5c439bcf8f1c7a1ade7e6c0283c8",
        "x-ms-return-client-request-id": "true"
      },
      "RequestBody": null,
      "StatusCode": 200,
      "ResponseHeaders": {
        "Access-Control-Allow-Methods": "GET, OPTIONS",
        "Access-Control-Allow-Origin": "*",
        "Cache-Control": [
          "max-age=86400",
          "private"
        ],
        "client-request-id": "db867c98-dd68-412a-b909-1dff9dd263b1",
        "Content-Length": "980",
        "Content-Type": "application/json; charset=utf-8",
        "Date": "Fri, 29 Jan 2021 22:36:19 GMT",
        "P3P": "CP=\u0022DSP CUR OTPi IND OTRi ONL FIN\u0022",
        "Set-Cookie": [
          "fpc=AtiKcPAfF3hPnHWsH75fvjE; expires=Sun, 28-Feb-2021 22:36:19 GMT; path=/; secure; HttpOnly; SameSite=None",
          "esctx=AQABAAAAAAD--DLA3VO7QrddgJg7WevrIU1EIMVXdlWCnbq07U20Dn3GjVMP1KUmShpRFCvFSsluUU7sZuIAWJLMha7n3ryaRYh8DpmGMIzzhOCDwgWJsoQOC_xhf6GvLZ6nGdp0SPykiuDBSZcZGjpqXbrwtYshiCP1rCzPPH4PTdtrscEw37bSYf-u0To_0rOHfMrqT84gAA; domain=.login.microsoftonline.com; path=/; secure; HttpOnly; SameSite=None",
          "x-ms-gateway-slice=estsfd; path=/; secure; samesite=none; httponly",
          "stsservicecookie=estsfd; path=/; secure; samesite=none; httponly"
        ],
        "Strict-Transport-Security": "max-age=31536000; includeSubDomains",
        "X-Content-Type-Options": "nosniff",
        "x-ms-ests-server": "2.1.11444.12 - SCUS ProdSlices",
        "x-ms-request-id": "f82810c3-8ce7-4350-8bc7-7f04bc2c2000"
      },
      "ResponseBody": {
        "tenant_discovery_endpoint": "https://login.microsoftonline.com/c54fac88-3dd3-461f-a7c4-8a368e0340b3/v2.0/.well-known/openid-configuration",
        "api-version": "1.1",
        "metadata": [
          {
            "preferred_network": "login.microsoftonline.com",
            "preferred_cache": "login.windows.net",
            "aliases": [
              "login.microsoftonline.com",
              "login.windows.net",
              "login.microsoft.com",
              "sts.windows.net"
            ]
          },
          {
            "preferred_network": "login.partner.microsoftonline.cn",
            "preferred_cache": "login.partner.microsoftonline.cn",
            "aliases": [
              "login.partner.microsoftonline.cn",
              "login.chinacloudapi.cn"
            ]
          },
          {
            "preferred_network": "login.microsoftonline.de",
            "preferred_cache": "login.microsoftonline.de",
            "aliases": [
              "login.microsoftonline.de"
            ]
          },
          {
            "preferred_network": "login.microsoftonline.us",
            "preferred_cache": "login.microsoftonline.us",
            "aliases": [
              "login.microsoftonline.us",
              "login.usgovcloudapi.net"
            ]
          },
          {
            "preferred_network": "login-us.microsoftonline.com",
            "preferred_cache": "login-us.microsoftonline.com",
            "aliases": [
              "login-us.microsoftonline.com"
            ]
          }
        ]
      }
    },
    {
      "RequestUri": "https://login.microsoftonline.com/common/discovery/instance?api-version=1.1\u0026authorization_endpoint=https%3A%2F%2Flogin.microsoftonline.com%2Fc54fac88-3dd3-461f-a7c4-8a368e0340b3%2Foauth2%2Fv2.0%2Fauthorize",
      "RequestMethod": "GET",
      "RequestHeaders": {
        "client-request-id": "e9ab7240-bb90-4d1c-85c5-f764f7250598",
        "return-client-request-id": "true",
        "User-Agent": "azsdk-net-Identity/1.4.0-alpha.20210129.1 (.NET Framework 4.8.4250.0; Microsoft Windows 10.0.19042 )",
        "x-app-name": "UnknownClient",
        "x-app-ver": "0.0.0.0",
        "x-client-CPU": "x64",
        "x-client-OS": "Microsoft Windows NT 10.0.19042.0",
        "x-client-SKU": "MSAL.Desktop",
        "x-client-Ver": "4.25.0.0",
        "x-ms-client-request-id": "e83259e649d74bf98ccf4fbbefd753e9",
        "x-ms-return-client-request-id": "true"
      },
      "RequestBody": null,
      "StatusCode": 200,
      "ResponseHeaders": {
        "Access-Control-Allow-Methods": "GET, OPTIONS",
        "Access-Control-Allow-Origin": "*",
        "Cache-Control": [
          "max-age=86400",
          "private"
        ],
        "client-request-id": "e9ab7240-bb90-4d1c-85c5-f764f7250598",
        "Content-Length": "980",
        "Content-Type": "application/json; charset=utf-8",
        "Date": "Fri, 29 Jan 2021 22:36:18 GMT",
        "P3P": "CP=\u0022DSP CUR OTPi IND OTRi ONL FIN\u0022",
        "Set-Cookie": [
          "fpc=AvkqtGXjgNRDk-3ZfDQUIaI; expires=Sun, 28-Feb-2021 22:36:19 GMT; path=/; secure; HttpOnly; SameSite=None",
          "esctx=AQABAAAAAAD--DLA3VO7QrddgJg7WevrjCQK4LTS_dXac9XQDe--payXke7nlzevr80ehWj8bWt_jhegaYFt3yM_XiR8WmSY1ZJ1mx0vTzYDz5CcmpOZ5Bj6rq_or5iePWoJV_Tf8JUY1jiKNufhYdHZ741FVqU3b6VC6vUnyAsmk2R0sohXVyEyjkf4mZ9E23ZIlgKjus4gAA; domain=.login.microsoftonline.com; path=/; secure; HttpOnly; SameSite=None",
          "x-ms-gateway-slice=estsfd; path=/; secure; samesite=none; httponly",
          "stsservicecookie=estsfd; path=/; secure; samesite=none; httponly"
        ],
        "Strict-Transport-Security": "max-age=31536000; includeSubDomains",
        "X-Content-Type-Options": "nosniff",
        "x-ms-ests-server": "2.1.11444.12 - NCUS ProdSlices",
        "x-ms-request-id": "fea09497-ed43-4211-8371-ef5b8c451200"
      },
      "ResponseBody": {
        "tenant_discovery_endpoint": "https://login.microsoftonline.com/c54fac88-3dd3-461f-a7c4-8a368e0340b3/v2.0/.well-known/openid-configuration",
        "api-version": "1.1",
        "metadata": [
          {
            "preferred_network": "login.microsoftonline.com",
            "preferred_cache": "login.windows.net",
            "aliases": [
              "login.microsoftonline.com",
              "login.windows.net",
              "login.microsoft.com",
              "sts.windows.net"
            ]
          },
          {
            "preferred_network": "login.partner.microsoftonline.cn",
            "preferred_cache": "login.partner.microsoftonline.cn",
            "aliases": [
              "login.partner.microsoftonline.cn",
              "login.chinacloudapi.cn"
            ]
          },
          {
            "preferred_network": "login.microsoftonline.de",
            "preferred_cache": "login.microsoftonline.de",
            "aliases": [
              "login.microsoftonline.de"
            ]
          },
          {
            "preferred_network": "login.microsoftonline.us",
            "preferred_cache": "login.microsoftonline.us",
            "aliases": [
              "login.microsoftonline.us",
              "login.usgovcloudapi.net"
            ]
          },
          {
            "preferred_network": "login-us.microsoftonline.com",
            "preferred_cache": "login-us.microsoftonline.com",
            "aliases": [
              "login-us.microsoftonline.com"
            ]
          }
        ]
      }
    },
    {
      "RequestUri": "https://login.microsoftonline.com/common/discovery/instance?api-version=1.1\u0026authorization_endpoint=https%3A%2F%2Flogin.microsoftonline.com%2Fc54fac88-3dd3-461f-a7c4-8a368e0340b3%2Foauth2%2Fv2.0%2Fauthorize",
      "RequestMethod": "GET",
      "RequestHeaders": {
        "client-request-id": "7ce948eb-419f-495d-9927-cda48193b007",
        "return-client-request-id": "true",
        "User-Agent": "azsdk-net-Identity/1.4.0-alpha.20210129.1 (.NET Framework 4.8.4250.0; Microsoft Windows 10.0.19042 )",
        "x-app-name": "UnknownClient",
        "x-app-ver": "0.0.0.0",
        "x-client-CPU": "x64",
        "x-client-OS": "Microsoft Windows NT 10.0.19042.0",
        "x-client-SKU": "MSAL.Desktop",
        "x-client-Ver": "4.25.0.0",
        "x-ms-client-request-id": "a22625ff69a1701c044d30d8c6b5f1e5",
        "x-ms-return-client-request-id": "true"
      },
      "RequestBody": null,
      "StatusCode": 200,
      "ResponseHeaders": {
        "Access-Control-Allow-Methods": "GET, OPTIONS",
        "Access-Control-Allow-Origin": "*",
        "Cache-Control": [
          "max-age=86400",
          "private"
        ],
        "client-request-id": "7ce948eb-419f-495d-9927-cda48193b007",
        "Content-Length": "980",
        "Content-Type": "application/json; charset=utf-8",
        "Date": "Fri, 29 Jan 2021 22:36:19 GMT",
        "P3P": "CP=\u0022DSP CUR OTPi IND OTRi ONL FIN\u0022",
        "Set-Cookie": [
          "fpc=Aspn1D7bCl9Mrd20acZZZn4; expires=Sun, 28-Feb-2021 22:36:19 GMT; path=/; secure; HttpOnly; SameSite=None",
          "esctx=AQABAAAAAAD--DLA3VO7QrddgJg7WevraODzhhbHV13UWkkOoqKhzuloskcyekbbtSptUH7i1LSV8pUhE8D_sx8MKT4gKyO5APf83JHik2KzGDeVYfbMDw_nuTT3gUboYyZxDpPLCiD7HKcDMqu0we2GFHUsx4TkbADDRMValFy79qaM6ueqKcvJbRi9jdvaXofbTrVsbo4gAA; domain=.login.microsoftonline.com; path=/; secure; HttpOnly; SameSite=None",
          "x-ms-gateway-slice=estsfd; path=/; secure; samesite=none; httponly",
          "stsservicecookie=estsfd; path=/; secure; samesite=none; httponly"
        ],
        "Strict-Transport-Security": "max-age=31536000; includeSubDomains",
        "X-Content-Type-Options": "nosniff",
        "x-ms-ests-server": "2.1.11444.8 - SCUS ProdSlices",
        "x-ms-request-id": "2e2a269f-2e02-4072-ad35-28d4e9f5f600"
      },
      "ResponseBody": {
        "tenant_discovery_endpoint": "https://login.microsoftonline.com/c54fac88-3dd3-461f-a7c4-8a368e0340b3/v2.0/.well-known/openid-configuration",
        "api-version": "1.1",
        "metadata": [
          {
            "preferred_network": "login.microsoftonline.com",
            "preferred_cache": "login.windows.net",
            "aliases": [
              "login.microsoftonline.com",
              "login.windows.net",
              "login.microsoft.com",
              "sts.windows.net"
            ]
          },
          {
            "preferred_network": "login.partner.microsoftonline.cn",
            "preferred_cache": "login.partner.microsoftonline.cn",
            "aliases": [
              "login.partner.microsoftonline.cn",
              "login.chinacloudapi.cn"
            ]
          },
          {
            "preferred_network": "login.microsoftonline.de",
            "preferred_cache": "login.microsoftonline.de",
            "aliases": [
              "login.microsoftonline.de"
            ]
          },
          {
            "preferred_network": "login.microsoftonline.us",
            "preferred_cache": "login.microsoftonline.us",
            "aliases": [
              "login.microsoftonline.us",
              "login.usgovcloudapi.net"
            ]
          },
          {
            "preferred_network": "login-us.microsoftonline.com",
            "preferred_cache": "login-us.microsoftonline.com",
            "aliases": [
              "login-us.microsoftonline.com"
            ]
          }
        ]
      }
    },
    {
      "RequestUri": "https://login.microsoftonline.com/common/discovery/instance?api-version=1.1\u0026authorization_endpoint=https%3A%2F%2Flogin.microsoftonline.com%2Fc54fac88-3dd3-461f-a7c4-8a368e0340b3%2Foauth2%2Fv2.0%2Fauthorize",
      "RequestMethod": "GET",
      "RequestHeaders": {
        "client-request-id": "991cf107-3a25-4e14-9ad6-7f908bedb909",
        "return-client-request-id": "true",
        "User-Agent": "azsdk-net-Identity/1.4.0-alpha.20210129.1 (.NET Framework 4.8.4250.0; Microsoft Windows 10.0.19042 )",
        "x-app-name": "UnknownClient",
        "x-app-ver": "0.0.0.0",
        "x-client-CPU": "x64",
        "x-client-OS": "Microsoft Windows NT 10.0.19042.0",
        "x-client-SKU": "MSAL.Desktop",
        "x-client-Ver": "4.25.0.0",
        "x-ms-client-request-id": "260153cffd3a5d01d88f246bbf436aee",
        "x-ms-return-client-request-id": "true"
      },
      "RequestBody": null,
      "StatusCode": 200,
      "ResponseHeaders": {
        "Access-Control-Allow-Methods": "GET, OPTIONS",
        "Access-Control-Allow-Origin": "*",
        "Cache-Control": [
          "max-age=86400",
          "private"
        ],
        "client-request-id": "991cf107-3a25-4e14-9ad6-7f908bedb909",
        "Content-Length": "980",
        "Content-Type": "application/json; charset=utf-8",
        "Date": "Fri, 29 Jan 2021 22:36:18 GMT",
        "P3P": "CP=\u0022DSP CUR OTPi IND OTRi ONL FIN\u0022",
        "Set-Cookie": [
          "fpc=AsWUyG1Xvq9Cr04ZcLFzlvM; expires=Sun, 28-Feb-2021 22:36:19 GMT; path=/; secure; HttpOnly; SameSite=None",
          "esctx=AQABAAAAAAD--DLA3VO7QrddgJg7Wevryybt1SdyuXyvtfC93VpwObxAVQ-9gp0Tztd4YWgvsEWIByXr_Qkc0VKH0tgliBpnNu0UebCHenS8aRpqYkbdH78NJaUtnxMgrLBPw9XlNAvPV1tx6NZJIhvXiGfImouXlJPpDdmA-3cxAw0v3oqPZycwHDIinwe0ThQgP3ws_tYgAA; domain=.login.microsoftonline.com; path=/; secure; HttpOnly; SameSite=None",
          "x-ms-gateway-slice=estsfd; path=/; secure; samesite=none; httponly",
          "stsservicecookie=estsfd; path=/; secure; samesite=none; httponly"
        ],
        "Strict-Transport-Security": "max-age=31536000; includeSubDomains",
        "X-Content-Type-Options": "nosniff",
        "x-ms-ests-server": "2.1.11444.8 - EUS ProdSlices",
        "x-ms-request-id": "ae999082-bb99-464a-9e85-e912d7938900"
      },
      "ResponseBody": {
        "tenant_discovery_endpoint": "https://login.microsoftonline.com/c54fac88-3dd3-461f-a7c4-8a368e0340b3/v2.0/.well-known/openid-configuration",
        "api-version": "1.1",
        "metadata": [
          {
            "preferred_network": "login.microsoftonline.com",
            "preferred_cache": "login.windows.net",
            "aliases": [
              "login.microsoftonline.com",
              "login.windows.net",
              "login.microsoft.com",
              "sts.windows.net"
            ]
          },
          {
            "preferred_network": "login.partner.microsoftonline.cn",
            "preferred_cache": "login.partner.microsoftonline.cn",
            "aliases": [
              "login.partner.microsoftonline.cn",
              "login.chinacloudapi.cn"
            ]
          },
          {
            "preferred_network": "login.microsoftonline.de",
            "preferred_cache": "login.microsoftonline.de",
            "aliases": [
              "login.microsoftonline.de"
            ]
          },
          {
            "preferred_network": "login.microsoftonline.us",
            "preferred_cache": "login.microsoftonline.us",
            "aliases": [
              "login.microsoftonline.us",
              "login.usgovcloudapi.net"
            ]
          },
          {
            "preferred_network": "login-us.microsoftonline.com",
            "preferred_cache": "login-us.microsoftonline.com",
            "aliases": [
              "login-us.microsoftonline.com"
            ]
          }
        ]
      }
    },
    {
      "RequestUri": "https://login.microsoftonline.com/c54fac88-3dd3-461f-a7c4-8a368e0340b3/oauth2/v2.0/token",
      "RequestMethod": "POST",
      "RequestHeaders": {
        "client-request-id": "8ab73c76-bbb2-4801-a0d8-7f7e26c59b92",
        "Content-Length": "9",
        "Content-Type": "application/x-www-form-urlencoded",
        "return-client-request-id": "true",
        "User-Agent": "azsdk-net-Identity/1.4.0-alpha.20210129.1 (.NET Framework 4.8.4250.0; Microsoft Windows 10.0.19042 )",
        "x-app-name": "UnknownClient",
        "x-app-ver": "0.0.0.0",
        "x-client-CPU": "x64",
        "x-client-current-telemetry": "2|1001,0|,,0,,,,1",
        "x-client-last-telemetry": "2|0|||",
        "x-client-OS": "Microsoft Windows NT 10.0.19042.0",
        "x-client-SKU": "MSAL.Desktop",
        "x-client-Ver": "4.25.0.0",
        "x-ms-client-request-id": "730836f6cab32baa016c79608104e5ec",
        "x-ms-lib-capability": "retry-after, h429",
        "x-ms-return-client-request-id": "true"
      },
      "RequestBody": "Sanitized",
      "StatusCode": 200,
      "ResponseHeaders": {
        "Cache-Control": [
          "no-store",
          "no-cache"
        ],
        "client-request-id": "8ab73c76-bbb2-4801-a0d8-7f7e26c59b92",
        "Content-Length": "1589",
        "Content-Type": "application/json; charset=utf-8",
        "Date": "Fri, 29 Jan 2021 22:36:19 GMT",
        "Expires": "-1",
        "P3P": "CP=\u0022DSP CUR OTPi IND OTRi ONL FIN\u0022",
        "Pragma": "no-cache",
        "Set-Cookie": [
          "fpc=Avs1GSeUmZpGsz5RjxWQY4fuAdtEAQAAAOKEptcOAAAA; expires=Sun, 28-Feb-2021 22:36:19 GMT; path=/; secure; HttpOnly; SameSite=None",
          "x-ms-gateway-slice=estsfd; path=/; secure; samesite=none; httponly",
          "stsservicecookie=estsfd; path=/; secure; samesite=none; httponly"
        ],
        "Strict-Transport-Security": "max-age=31536000; includeSubDomains",
        "X-Content-Type-Options": "nosniff",
        "x-ms-clitelem": "1,0,0,534.8416,",
        "x-ms-ests-server": "2.1.11444.8 - WUS2 ProdSlices",
        "x-ms-request-id": "142cae20-dc0a-49b9-b548-1165f126b500"
      },
      "ResponseBody": {
        "token_type": "Bearer",
        "scope": "https://vault.azure.net/user_impersonation https://vault.azure.net/.default",
        "expires_in": 3599,
        "ext_expires_in": 3599,
        "access_token": "Sanitized",
        "refresh_token": "Sanitized",
        "id_token": "eyJ0eXAiOiJKV1QiLCJhbGciOiJSUzI1NiIsImtpZCI6Im5PbzNaRHJPRFhFSzFqS1doWHNsSFJfS1hFZyJ9.eyJhdWQiOiJhZWJjNjQ0My05OTZkLTQ1YzItOTBmMC0zODhmZjk2ZmFhNTYiLCJpc3MiOiJodHRwczovL2xvZ2luLm1pY3Jvc29mdG9ubGluZS5jb20vYzU0ZmFjODgtM2RkMy00NjFmLWE3YzQtOGEzNjhlMDM0MGIzL3YyLjAiLCJpYXQiOjE2MTE5NTk0NzksIm5iZiI6MTYxMTk1OTQ3OSwiZXhwIjoxNjExOTYzMzc5LCJhaW8iOiJBVFFBeS84VEFBQUFhL1VSNWNDY2pTZ0pqRVB2TkNLN3RUcVU0VWNVek9Dd0VYZWNQZ0xUYm9zZlZIM2R0Mms0bG42UWJKSExzVU53IiwibmFtZSI6InNzY2hhYWI3MTYiLCJvaWQiOiI0ZjY1ZmYzMy03MDdlLTQ0YTMtOGU4OS05ZTg0OTA2ODY5OGEiLCJwcmVmZXJyZWRfdXNlcm5hbWUiOiJzc2NoYWFiNzE2QGF6dXJlc2RrcGxheWdyb3VuZC5vbm1pY3Jvc29mdC5jb20iLCJyaCI6IjAuQVMwQWlLeFB4ZE05SDBhbnhJbzJqZ05BczBOa3ZLNXRtY0pGa1BBNGpfbHZxbFl0QVAwLiIsInN1YiI6IjJ3dW13dXlzYmZFMW92dklrSUF3WDNBdkNsajJuSkxSdE1udlRCM1VZUXciLCJ0aWQiOiJjNTRmYWM4OC0zZGQzLTQ2MWYtYTdjNC04YTM2OGUwMzQwYjMiLCJ1dGkiOiJJSzRzRkFyY3VVbTFTQkZsOFNhMUFBIiwidmVyIjoiMi4wIn0.d8-f7cZuekKMT_r-qnzdFG2DoHd6cTkB7ZAhrYcSRF5vaoUMXJ8AmLtyhgNvOINujVubsIMPXFNwOBtlozSEuqAxJGmYEYdxwxMEuWOgBLL-eghHx40SuuGOKsAXW53Rm5XdmOeyLQQNkggnxNSEBfimiGBP_cBQ0w1LPvy0k77lB11hYaqut4rjZ8bQKxrRkzDUWTxF6c-yZYq_WwzjI2GiKQAXAaiFxqwYv6g-Z53hoxEiKVcX8GxWE2MCtkJYs7uTJTuzOtK8XIpR4RJ0XPTjSDzU88WvXYdWB5GiIa8SY8x4zxI3VVE5aTPlwrPHB8F8NcI1QGN_Ty4RX7plgg",
        "client_info": "eyJ1aWQiOiI0ZjY1ZmYzMy03MDdlLTQ0YTMtOGU4OS05ZTg0OTA2ODY5OGEiLCJ1dGlkIjoiYzU0ZmFjODgtM2RkMy00NjFmLWE3YzQtOGEzNjhlMDM0MGIzIn0"
      }
    },
    {
      "RequestUri": "https://login.microsoftonline.com/c54fac88-3dd3-461f-a7c4-8a368e0340b3/oauth2/v2.0/token",
      "RequestMethod": "POST",
      "RequestHeaders": {
        "client-request-id": "8e66a42b-b040-470c-8d37-9bd6f5286572",
        "Content-Length": "9",
        "Content-Type": "application/x-www-form-urlencoded",
        "return-client-request-id": "true",
        "User-Agent": "azsdk-net-Identity/1.4.0-alpha.20210129.1 (.NET Framework 4.8.4250.0; Microsoft Windows 10.0.19042 )",
        "x-app-name": "UnknownClient",
        "x-app-ver": "0.0.0.0",
        "x-client-CPU": "x64",
        "x-client-current-telemetry": "2|1001,0|,,0,,,,1",
        "x-client-last-telemetry": "2|0|||",
        "x-client-OS": "Microsoft Windows NT 10.0.19042.0",
        "x-client-SKU": "MSAL.Desktop",
        "x-client-Ver": "4.25.0.0",
        "x-ms-client-request-id": "aed1579ab8491c5ca8a871b98b643991",
        "x-ms-lib-capability": "retry-after, h429",
        "x-ms-return-client-request-id": "true"
      },
      "RequestBody": "Sanitized",
      "StatusCode": 200,
      "ResponseHeaders": {
        "Cache-Control": [
          "no-store",
          "no-cache"
        ],
        "client-request-id": "8e66a42b-b040-470c-8d37-9bd6f5286572",
        "Content-Length": "1589",
        "Content-Type": "application/json; charset=utf-8",
        "Date": "Fri, 29 Jan 2021 22:36:18 GMT",
        "Expires": "-1",
        "P3P": "CP=\u0022DSP CUR OTPi IND OTRi ONL FIN\u0022",
        "Pragma": "no-cache",
        "Set-Cookie": [
          "fpc=AlJhl8CBLHNDpDvLK56htRzuAdtEAQAAAOOEptcOAAAA; expires=Sun, 28-Feb-2021 22:36:19 GMT; path=/; secure; HttpOnly; SameSite=None",
          "x-ms-gateway-slice=estsfd; path=/; secure; samesite=none; httponly",
          "stsservicecookie=estsfd; path=/; secure; samesite=none; httponly"
        ],
        "Strict-Transport-Security": "max-age=31536000; includeSubDomains",
        "X-Content-Type-Options": "nosniff",
        "x-ms-clitelem": "1,0,0,552.5377,",
        "x-ms-ests-server": "2.1.11444.8 - WUS2 ProdSlices",
        "x-ms-request-id": "1ce1da21-3a67-4057-95a5-01ed2c5ec100"
      },
      "ResponseBody": {
        "token_type": "Bearer",
        "scope": "https://vault.azure.net/user_impersonation https://vault.azure.net/.default",
        "expires_in": 3599,
        "ext_expires_in": 3599,
        "access_token": "Sanitized",
        "refresh_token": "Sanitized",
        "id_token": "eyJ0eXAiOiJKV1QiLCJhbGciOiJSUzI1NiIsImtpZCI6Im5PbzNaRHJPRFhFSzFqS1doWHNsSFJfS1hFZyJ9.eyJhdWQiOiJhZWJjNjQ0My05OTZkLTQ1YzItOTBmMC0zODhmZjk2ZmFhNTYiLCJpc3MiOiJodHRwczovL2xvZ2luLm1pY3Jvc29mdG9ubGluZS5jb20vYzU0ZmFjODgtM2RkMy00NjFmLWE3YzQtOGEzNjhlMDM0MGIzL3YyLjAiLCJpYXQiOjE2MTE5NTk0NzksIm5iZiI6MTYxMTk1OTQ3OSwiZXhwIjoxNjExOTYzMzc5LCJhaW8iOiJBVFFBeS84VEFBQUF2aHo4K3dLUkZlMysvWUVSRzdLNjVwYkhzcDRoakxVYlB2U0h3V3lienU4alRzWlk3MWt1MjNYTkM4YjZPUmtGIiwibmFtZSI6InNzY2hhYWI3MTYiLCJvaWQiOiI0ZjY1ZmYzMy03MDdlLTQ0YTMtOGU4OS05ZTg0OTA2ODY5OGEiLCJwcmVmZXJyZWRfdXNlcm5hbWUiOiJzc2NoYWFiNzE2QGF6dXJlc2RrcGxheWdyb3VuZC5vbm1pY3Jvc29mdC5jb20iLCJyaCI6IjAuQVMwQWlLeFB4ZE05SDBhbnhJbzJqZ05BczBOa3ZLNXRtY0pGa1BBNGpfbHZxbFl0QVAwLiIsInN1YiI6IjJ3dW13dXlzYmZFMW92dklrSUF3WDNBdkNsajJuSkxSdE1udlRCM1VZUXciLCJ0aWQiOiJjNTRmYWM4OC0zZGQzLTQ2MWYtYTdjNC04YTM2OGUwMzQwYjMiLCJ1dGkiOiJJZHJoSEdjNlYwQ1ZwUUh0TEY3QkFBIiwidmVyIjoiMi4wIn0.oCIdKxZIN29tOcOYMubIBhvVjio-1UWvOK-vn-OZjU_R32d339ymydqthf1MMpfjaxYtEMcdC2N9MURlQ2LUbmbul4FUGQnhyGDMam7sKgAFz_PwoTmFkFb4PGQNhMY4UeZ767hXSShEj-_bxaJGj1-VFJnRJuWztRFW7ygWnWH2tXI--Ql_k_60B5Zwz_agk8D-6Ujy649GsLPRnhVMQWunpyzyIAFiF5_jj-cJ6gTrnMqZdZsVuvrAm0wvJGZNr3-pgBE0pgDQ3EbhlGsIRq6InOjCJXPvY47hy42vGFWwas-72LYlS0xdN2xtIrVnuMvVX3i0twdhCxHjvCF6lQ",
        "client_info": "eyJ1aWQiOiI0ZjY1ZmYzMy03MDdlLTQ0YTMtOGU4OS05ZTg0OTA2ODY5OGEiLCJ1dGlkIjoiYzU0ZmFjODgtM2RkMy00NjFmLWE3YzQtOGEzNjhlMDM0MGIzIn0"
      }
    },
    {
      "RequestUri": "https://login.microsoftonline.com/c54fac88-3dd3-461f-a7c4-8a368e0340b3/oauth2/v2.0/token",
      "RequestMethod": "POST",
      "RequestHeaders": {
        "client-request-id": "850c7bf7-6940-4370-8f5a-c20d9c235ca4",
        "Content-Length": "9",
        "Content-Type": "application/x-www-form-urlencoded",
        "return-client-request-id": "true",
        "User-Agent": "azsdk-net-Identity/1.4.0-alpha.20210129.1 (.NET Framework 4.8.4250.0; Microsoft Windows 10.0.19042 )",
        "x-app-name": "UnknownClient",
        "x-app-ver": "0.0.0.0",
        "x-client-CPU": "x64",
        "x-client-current-telemetry": "2|1001,0|,,0,,,,1",
        "x-client-last-telemetry": "2|0|||",
        "x-client-OS": "Microsoft Windows NT 10.0.19042.0",
        "x-client-SKU": "MSAL.Desktop",
        "x-client-Ver": "4.25.0.0",
        "x-ms-client-request-id": "051dc0d06c62341dc437af4e2a2fe120",
        "x-ms-lib-capability": "retry-after, h429",
        "x-ms-return-client-request-id": "true"
      },
      "RequestBody": "Sanitized",
      "StatusCode": 200,
      "ResponseHeaders": {
        "Cache-Control": [
          "no-store",
          "no-cache"
        ],
        "client-request-id": "850c7bf7-6940-4370-8f5a-c20d9c235ca4",
        "Content-Length": "1589",
        "Content-Type": "application/json; charset=utf-8",
        "Date": "Fri, 29 Jan 2021 22:36:18 GMT",
        "Expires": "-1",
        "P3P": "CP=\u0022DSP CUR OTPi IND OTRi ONL FIN\u0022",
        "Pragma": "no-cache",
        "Set-Cookie": [
          "fpc=AtIOKiZtkkVLgEIVbiVR1f7uAdtEAQAAAOOEptcOAAAA; expires=Sun, 28-Feb-2021 22:36:19 GMT; path=/; secure; HttpOnly; SameSite=None",
          "x-ms-gateway-slice=estsfd; path=/; secure; samesite=none; httponly",
          "stsservicecookie=estsfd; path=/; secure; samesite=none; httponly"
        ],
        "Strict-Transport-Security": "max-age=31536000; includeSubDomains",
        "X-Content-Type-Options": "nosniff",
        "x-ms-clitelem": "1,0,0,582.375,",
        "x-ms-ests-server": "2.1.11444.8 - WUS2 ProdSlices",
        "x-ms-request-id": "a3f18518-8081-4042-90eb-a53e5f40ba00"
      },
      "ResponseBody": {
        "token_type": "Bearer",
        "scope": "https://vault.azure.net/user_impersonation https://vault.azure.net/.default",
        "expires_in": 3599,
        "ext_expires_in": 3599,
        "access_token": "Sanitized",
        "refresh_token": "Sanitized",
        "id_token": "eyJ0eXAiOiJKV1QiLCJhbGciOiJSUzI1NiIsImtpZCI6Im5PbzNaRHJPRFhFSzFqS1doWHNsSFJfS1hFZyJ9.eyJhdWQiOiJhZWJjNjQ0My05OTZkLTQ1YzItOTBmMC0zODhmZjk2ZmFhNTYiLCJpc3MiOiJodHRwczovL2xvZ2luLm1pY3Jvc29mdG9ubGluZS5jb20vYzU0ZmFjODgtM2RkMy00NjFmLWE3YzQtOGEzNjhlMDM0MGIzL3YyLjAiLCJpYXQiOjE2MTE5NTk0NzksIm5iZiI6MTYxMTk1OTQ3OSwiZXhwIjoxNjExOTYzMzc5LCJhaW8iOiJBVFFBeS84VEFBQUFRZ3RudkQ4UDBuWjlCUjFJZEw4azBOZXdyalN5L1ZFeW51L0tkU2VvYmR6U2wzY3V4YXozZ2RIbDlwSUdRWjJqIiwibmFtZSI6InNzY2hhYWI3MTYiLCJvaWQiOiI0ZjY1ZmYzMy03MDdlLTQ0YTMtOGU4OS05ZTg0OTA2ODY5OGEiLCJwcmVmZXJyZWRfdXNlcm5hbWUiOiJzc2NoYWFiNzE2QGF6dXJlc2RrcGxheWdyb3VuZC5vbm1pY3Jvc29mdC5jb20iLCJyaCI6IjAuQVMwQWlLeFB4ZE05SDBhbnhJbzJqZ05BczBOa3ZLNXRtY0pGa1BBNGpfbHZxbFl0QVAwLiIsInN1YiI6IjJ3dW13dXlzYmZFMW92dklrSUF3WDNBdkNsajJuSkxSdE1udlRCM1VZUXciLCJ0aWQiOiJjNTRmYWM4OC0zZGQzLTQ2MWYtYTdjNC04YTM2OGUwMzQwYjMiLCJ1dGkiOiJHSVh4bzRHQVFrQ1E2NlUtWDBDNkFBIiwidmVyIjoiMi4wIn0.ZWnmKBCuVOYOAEGPbs9fPM0_59j5h-KZaeOhRvPX2bloTCwEeYcdfY75lOnDMBY901lvOIMHwT9qMUpDL0SfGd1GPlgsINqqtXl6VdjOzsL48c-WahppHdHEbINb6rlNg4alC_GkAxn0KcjHxCpzvM_EFrSz91upc7zcQW2KwHFOhJBsH79FsiOB2vR1M-G7jrjzVHQNKYUXdxDZWgjgfPG1-ce0fnY93lGLONpWpAzs0B3sBt9ZG3SIXV4Sg_21HHOPcql6LRvcL5AGn-SxpCdMUQCa7Mq4REscCvxr78TpfhSw45FBMxogxnVsiQvm3e5CnVKHsiO6gIF5CFe6Jw",
        "client_info": "eyJ1aWQiOiI0ZjY1ZmYzMy03MDdlLTQ0YTMtOGU4OS05ZTg0OTA2ODY5OGEiLCJ1dGlkIjoiYzU0ZmFjODgtM2RkMy00NjFmLWE3YzQtOGEzNjhlMDM0MGIzIn0"
      }
    },
    {
      "RequestUri": "https://login.microsoftonline.com/c54fac88-3dd3-461f-a7c4-8a368e0340b3/oauth2/v2.0/token",
      "RequestMethod": "POST",
      "RequestHeaders": {
        "client-request-id": "991cf107-3a25-4e14-9ad6-7f908bedb909",
        "Content-Length": "9",
        "Content-Type": "application/x-www-form-urlencoded",
        "return-client-request-id": "true",
        "User-Agent": "azsdk-net-Identity/1.4.0-alpha.20210129.1 (.NET Framework 4.8.4250.0; Microsoft Windows 10.0.19042 )",
        "x-app-name": "UnknownClient",
        "x-app-ver": "0.0.0.0",
        "x-client-CPU": "x64",
        "x-client-current-telemetry": "2|1001,0|,,0,,,,1",
        "x-client-last-telemetry": "2|0|||",
        "x-client-OS": "Microsoft Windows NT 10.0.19042.0",
        "x-client-SKU": "MSAL.Desktop",
        "x-client-Ver": "4.25.0.0",
        "x-ms-client-request-id": "bc45001347f47f4bc83988d339cb9470",
        "x-ms-lib-capability": "retry-after, h429",
        "x-ms-return-client-request-id": "true"
      },
      "RequestBody": "Sanitized",
      "StatusCode": 200,
      "ResponseHeaders": {
        "Cache-Control": [
          "no-store",
          "no-cache"
        ],
        "client-request-id": "991cf107-3a25-4e14-9ad6-7f908bedb909",
        "Content-Length": "1589",
        "Content-Type": "application/json; charset=utf-8",
        "Date": "Fri, 29 Jan 2021 22:36:19 GMT",
        "Expires": "-1",
        "P3P": "CP=\u0022DSP CUR OTPi IND OTRi ONL FIN\u0022",
        "Pragma": "no-cache",
        "Set-Cookie": [
          "fpc=AgqPKVqZzt5ClIkQQrKPOUbuAdtEAQAAAOOEptcOAAAA; expires=Sun, 28-Feb-2021 22:36:19 GMT; path=/; secure; HttpOnly; SameSite=None",
          "x-ms-gateway-slice=estsfd; path=/; secure; samesite=none; httponly",
          "stsservicecookie=estsfd; path=/; secure; samesite=none; httponly"
        ],
        "Strict-Transport-Security": "max-age=31536000; includeSubDomains",
        "X-Content-Type-Options": "nosniff",
        "x-ms-clitelem": "1,0,0,606.9561,",
        "x-ms-ests-server": "2.1.11444.8 - WUS2 ProdSlices",
        "x-ms-request-id": "f18d2086-cb79-4d08-8bcf-314ccf62c400"
      },
      "ResponseBody": {
        "token_type": "Bearer",
        "scope": "https://vault.azure.net/user_impersonation https://vault.azure.net/.default",
        "expires_in": 3599,
        "ext_expires_in": 3599,
        "access_token": "Sanitized",
        "refresh_token": "Sanitized",
        "id_token": "eyJ0eXAiOiJKV1QiLCJhbGciOiJSUzI1NiIsImtpZCI6Im5PbzNaRHJPRFhFSzFqS1doWHNsSFJfS1hFZyJ9.eyJhdWQiOiJhZWJjNjQ0My05OTZkLTQ1YzItOTBmMC0zODhmZjk2ZmFhNTYiLCJpc3MiOiJodHRwczovL2xvZ2luLm1pY3Jvc29mdG9ubGluZS5jb20vYzU0ZmFjODgtM2RkMy00NjFmLWE3YzQtOGEzNjhlMDM0MGIzL3YyLjAiLCJpYXQiOjE2MTE5NTk0NzksIm5iZiI6MTYxMTk1OTQ3OSwiZXhwIjoxNjExOTYzMzc5LCJhaW8iOiJBVFFBeS84VEFBQUFnRTVTSkxvdWo1eWs4d016LzhpMXhZYTVvNlNmZlhnam9kSUlkdlpnWUV2aTdjS1dWWU52cWwrZ3E1c2Z6TkpzIiwibmFtZSI6InNzY2hhYWI3MTYiLCJvaWQiOiI0ZjY1ZmYzMy03MDdlLTQ0YTMtOGU4OS05ZTg0OTA2ODY5OGEiLCJwcmVmZXJyZWRfdXNlcm5hbWUiOiJzc2NoYWFiNzE2QGF6dXJlc2RrcGxheWdyb3VuZC5vbm1pY3Jvc29mdC5jb20iLCJyaCI6IjAuQVMwQWlLeFB4ZE05SDBhbnhJbzJqZ05BczBOa3ZLNXRtY0pGa1BBNGpfbHZxbFl0QVAwLiIsInN1YiI6IjJ3dW13dXlzYmZFMW92dklrSUF3WDNBdkNsajJuSkxSdE1udlRCM1VZUXciLCJ0aWQiOiJjNTRmYWM4OC0zZGQzLTQ2MWYtYTdjNC04YTM2OGUwMzQwYjMiLCJ1dGkiOiJoaUNOOFhuTENFMkx6ekZNejJMRUFBIiwidmVyIjoiMi4wIn0.h7CWwgG-UoBwHD_34pBupVnn6dzUYgYbfwor3EZTXMBr3Fw9HcsDTRDi1Xo3aGUZZLkpuiW5we65JCGp8LPQ1i8poQYc-3DAOUB40PNJDdMsOQ2fuwnhT0BBya5aKKO8SSqOGqSgIZZG7pn5yfFVSUNUtnGEaGnZxP3dZCk3Wz38b5UWoRRq88tA9X_KJYypcDkawj6ADsDEQqnww0nLk06LV4qzgIQgEJYnb2nYDLa_JIn9nMISnZEgzaJ_RZ6OtjLeM_m4UNYbQiFUHYOXJlOAIYe3pd0Nk_vYUKxCwnzEcoQYsGFwPZsFvJTRd-ICTsVYWOGkoa2jqKKL-Z2tJw",
        "client_info": "eyJ1aWQiOiI0ZjY1ZmYzMy03MDdlLTQ0YTMtOGU4OS05ZTg0OTA2ODY5OGEiLCJ1dGlkIjoiYzU0ZmFjODgtM2RkMy00NjFmLWE3YzQtOGEzNjhlMDM0MGIzIn0"
      }
    },
    {
      "RequestUri": "https://login.microsoftonline.com/c54fac88-3dd3-461f-a7c4-8a368e0340b3/oauth2/v2.0/token",
      "RequestMethod": "POST",
      "RequestHeaders": {
        "client-request-id": "b81a75dd-d59a-4161-a04c-18e984ab10b7",
        "Content-Length": "9",
        "Content-Type": "application/x-www-form-urlencoded",
        "return-client-request-id": "true",
        "User-Agent": "azsdk-net-Identity/1.4.0-alpha.20210129.1 (.NET Framework 4.8.4250.0; Microsoft Windows 10.0.19042 )",
        "x-app-name": "UnknownClient",
        "x-app-ver": "0.0.0.0",
        "x-client-CPU": "x64",
        "x-client-current-telemetry": "2|1001,0|,,0,,,,1",
        "x-client-last-telemetry": "2|0|||",
        "x-client-OS": "Microsoft Windows NT 10.0.19042.0",
        "x-client-SKU": "MSAL.Desktop",
        "x-client-Ver": "4.25.0.0",
        "x-ms-client-request-id": "89754f8bf63b3a3a12ba9e31394ad7b1",
        "x-ms-lib-capability": "retry-after, h429",
        "x-ms-return-client-request-id": "true"
      },
      "RequestBody": "Sanitized",
      "StatusCode": 200,
      "ResponseHeaders": {
        "Cache-Control": [
          "no-store",
          "no-cache"
        ],
        "client-request-id": "b81a75dd-d59a-4161-a04c-18e984ab10b7",
        "Content-Length": "1589",
        "Content-Type": "application/json; charset=utf-8",
        "Date": "Fri, 29 Jan 2021 22:36:18 GMT",
        "Expires": "-1",
        "P3P": "CP=\u0022DSP CUR OTPi IND OTRi ONL FIN\u0022",
        "Pragma": "no-cache",
        "Set-Cookie": [
          "fpc=Auqfg7qtb65Gm0sQ50lplI7uAdtEAQAAAOOEptcOAAAA; expires=Sun, 28-Feb-2021 22:36:19 GMT; path=/; secure; HttpOnly; SameSite=None",
          "x-ms-gateway-slice=estsfd; path=/; secure; samesite=none; httponly",
          "stsservicecookie=estsfd; path=/; secure; samesite=none; httponly"
        ],
        "Strict-Transport-Security": "max-age=31536000; includeSubDomains",
        "X-Content-Type-Options": "nosniff",
        "x-ms-clitelem": "1,0,0,617.2061,",
        "x-ms-ests-server": "2.1.11444.8 - NCUS ProdSlices",
        "x-ms-request-id": "d7da8204-73ba-45e1-b68d-d05c90e4bb00"
      },
      "ResponseBody": {
        "token_type": "Bearer",
        "scope": "https://vault.azure.net/user_impersonation https://vault.azure.net/.default",
        "expires_in": 3599,
        "ext_expires_in": 3599,
        "access_token": "Sanitized",
        "refresh_token": "Sanitized",
        "id_token": "eyJ0eXAiOiJKV1QiLCJhbGciOiJSUzI1NiIsImtpZCI6Im5PbzNaRHJPRFhFSzFqS1doWHNsSFJfS1hFZyJ9.eyJhdWQiOiJhZWJjNjQ0My05OTZkLTQ1YzItOTBmMC0zODhmZjk2ZmFhNTYiLCJpc3MiOiJodHRwczovL2xvZ2luLm1pY3Jvc29mdG9ubGluZS5jb20vYzU0ZmFjODgtM2RkMy00NjFmLWE3YzQtOGEzNjhlMDM0MGIzL3YyLjAiLCJpYXQiOjE2MTE5NTk0NzksIm5iZiI6MTYxMTk1OTQ3OSwiZXhwIjoxNjExOTYzMzc5LCJhaW8iOiJBVFFBeS84VEFBQUFzekIzZjRZYkI2bG5iWjBFL3Rwb1VmSFNjNDkxWjBzT0h4TjYxT1dNdENMbmZYeTJsZWsyYzVuUlF2QlFOZmZMIiwibmFtZSI6InNzY2hhYWI3MTYiLCJvaWQiOiI0ZjY1ZmYzMy03MDdlLTQ0YTMtOGU4OS05ZTg0OTA2ODY5OGEiLCJwcmVmZXJyZWRfdXNlcm5hbWUiOiJzc2NoYWFiNzE2QGF6dXJlc2RrcGxheWdyb3VuZC5vbm1pY3Jvc29mdC5jb20iLCJyaCI6IjAuQVMwQWlLeFB4ZE05SDBhbnhJbzJqZ05BczBOa3ZLNXRtY0pGa1BBNGpfbHZxbFl0QVAwLiIsInN1YiI6IjJ3dW13dXlzYmZFMW92dklrSUF3WDNBdkNsajJuSkxSdE1udlRCM1VZUXciLCJ0aWQiOiJjNTRmYWM4OC0zZGQzLTQ2MWYtYTdjNC04YTM2OGUwMzQwYjMiLCJ1dGkiOiJCSUxhMTdwejRVVzJqZEJja09TN0FBIiwidmVyIjoiMi4wIn0.KreY90vAK7NemGnFI8ppOGux-lO_NWZFWjF44lfjKFB4NK_jVYOtQ9ZqWWN64-H847kk08keeMZtznnowolCv7ekt-rf12gndKH7a1Fhbn7BfbjzQLjp5nZjf_IrubBL4tBtw5ujIPGj9Q7N5LuH-Yi1FSXlRmb-USDx72zHJbRS7b-HLtleNFXRE6fEYuT60PoJOMtf2quF1VLhuZ3KBWVhPb3Fc6tcZN9QpfTsvqmGzACB9-FOiE21NxQIMUoNVmXxZp3tsgx_r8jfrYwjrYt-807H-gLnx7hziyyEcgGNbpxcwJ8drDFnEwnt7KNOmNOcqA_lPIKIOmcU6BbQkQ",
        "client_info": "eyJ1aWQiOiI0ZjY1ZmYzMy03MDdlLTQ0YTMtOGU4OS05ZTg0OTA2ODY5OGEiLCJ1dGlkIjoiYzU0ZmFjODgtM2RkMy00NjFmLWE3YzQtOGEzNjhlMDM0MGIzIn0"
      }
    },
    {
      "RequestUri": "https://login.microsoftonline.com/c54fac88-3dd3-461f-a7c4-8a368e0340b3/oauth2/v2.0/token",
      "RequestMethod": "POST",
      "RequestHeaders": {
        "client-request-id": "4c191adf-87ae-4b2a-a71d-cf034f0b1924",
        "Content-Length": "9",
        "Content-Type": "application/x-www-form-urlencoded",
        "return-client-request-id": "true",
        "User-Agent": "azsdk-net-Identity/1.4.0-alpha.20210129.1 (.NET Framework 4.8.4250.0; Microsoft Windows 10.0.19042 )",
        "x-app-name": "UnknownClient",
        "x-app-ver": "0.0.0.0",
        "x-client-CPU": "x64",
        "x-client-current-telemetry": "2|1001,0|,,0,,,,1",
        "x-client-last-telemetry": "2|0|||",
        "x-client-OS": "Microsoft Windows NT 10.0.19042.0",
        "x-client-SKU": "MSAL.Desktop",
        "x-client-Ver": "4.25.0.0",
        "x-ms-client-request-id": "31d5e7325b8ea3b11c979c8f1a2ae25d",
        "x-ms-lib-capability": "retry-after, h429",
        "x-ms-return-client-request-id": "true"
      },
      "RequestBody": "Sanitized",
      "StatusCode": 200,
      "ResponseHeaders": {
        "Cache-Control": [
          "no-store",
          "no-cache"
        ],
        "client-request-id": "4c191adf-87ae-4b2a-a71d-cf034f0b1924",
        "Content-Length": "1589",
        "Content-Type": "application/json; charset=utf-8",
        "Date": "Fri, 29 Jan 2021 22:36:19 GMT",
        "Expires": "-1",
        "P3P": "CP=\u0022DSP CUR OTPi IND OTRi ONL FIN\u0022",
        "Pragma": "no-cache",
        "Set-Cookie": [
          "fpc=AsFiD8SodyJPgoGDdF7YcbLuAdtEAQAAAOKEptcOAAAA; expires=Sun, 28-Feb-2021 22:36:19 GMT; path=/; secure; HttpOnly; SameSite=None",
          "x-ms-gateway-slice=estsfd; path=/; secure; samesite=none; httponly",
          "stsservicecookie=estsfd; path=/; secure; samesite=none; httponly"
        ],
        "Strict-Transport-Security": "max-age=31536000; includeSubDomains",
        "X-Content-Type-Options": "nosniff",
        "x-ms-clitelem": "1,0,0,648.0741,",
        "x-ms-ests-server": "2.1.11444.8 - NCUS ProdSlices",
        "x-ms-request-id": "eea1088e-1e05-4811-b3dc-0263d78ab700"
      },
      "ResponseBody": {
        "token_type": "Bearer",
        "scope": "https://vault.azure.net/user_impersonation https://vault.azure.net/.default",
        "expires_in": 3599,
        "ext_expires_in": 3599,
        "access_token": "Sanitized",
        "refresh_token": "Sanitized",
        "id_token": "eyJ0eXAiOiJKV1QiLCJhbGciOiJSUzI1NiIsImtpZCI6Im5PbzNaRHJPRFhFSzFqS1doWHNsSFJfS1hFZyJ9.eyJhdWQiOiJhZWJjNjQ0My05OTZkLTQ1YzItOTBmMC0zODhmZjk2ZmFhNTYiLCJpc3MiOiJodHRwczovL2xvZ2luLm1pY3Jvc29mdG9ubGluZS5jb20vYzU0ZmFjODgtM2RkMy00NjFmLWE3YzQtOGEzNjhlMDM0MGIzL3YyLjAiLCJpYXQiOjE2MTE5NTk0NzksIm5iZiI6MTYxMTk1OTQ3OSwiZXhwIjoxNjExOTYzMzc5LCJhaW8iOiJBVFFBeS84VEFBQUFld21ZVStOaWRWMEUyUC8xdjNWblhXV1k5Vitnc2JyMXd5R3E4eGdiN1VhM3FwSnBCdndhUVh5L0tuVm5hbFk0IiwibmFtZSI6InNzY2hhYWI3MTYiLCJvaWQiOiI0ZjY1ZmYzMy03MDdlLTQ0YTMtOGU4OS05ZTg0OTA2ODY5OGEiLCJwcmVmZXJyZWRfdXNlcm5hbWUiOiJzc2NoYWFiNzE2QGF6dXJlc2RrcGxheWdyb3VuZC5vbm1pY3Jvc29mdC5jb20iLCJyaCI6IjAuQVMwQWlLeFB4ZE05SDBhbnhJbzJqZ05BczBOa3ZLNXRtY0pGa1BBNGpfbHZxbFl0QVAwLiIsInN1YiI6IjJ3dW13dXlzYmZFMW92dklrSUF3WDNBdkNsajJuSkxSdE1udlRCM1VZUXciLCJ0aWQiOiJjNTRmYWM4OC0zZGQzLTQ2MWYtYTdjNC04YTM2OGUwMzQwYjMiLCJ1dGkiOiJqZ2loN2dVZUVVaXozQUpqMTRxM0FBIiwidmVyIjoiMi4wIn0.VHIKWb5uBniBHIxJYkwYM6qnGZ1rgGCQRpQ3fuV_7ntOP7XGpnsxKFy3GZuEEJ6FPsw3V_hXtxwZWImM39TMQW6wTypWq9_c_iZllpyMsANWh4KFYaZ0XfXOQqAlSi8-U8jm0M-vuuQ49_3iUq9o8x6FBP1jTM_aYv37HwV-cvw9GF1DE0ISzuQC-Mwzkwb2LY-bBE0vRUP94xpIGjkGndyOPTe4G9vqSTwLbLGLndq-lRwobQmF4P_nZ90KQFquRFE_FyU96wxj36IyPdu0f8LDIDF0Sb2lv6qJChUYPEgOUFpYj6g9Icz-CEWDbNGopB6U2t42b2PTzHOjrGmODA",
        "client_info": "eyJ1aWQiOiI0ZjY1ZmYzMy03MDdlLTQ0YTMtOGU4OS05ZTg0OTA2ODY5OGEiLCJ1dGlkIjoiYzU0ZmFjODgtM2RkMy00NjFmLWE3YzQtOGEzNjhlMDM0MGIzIn0"
      }
    },
    {
      "RequestUri": "https://login.microsoftonline.com/c54fac88-3dd3-461f-a7c4-8a368e0340b3/oauth2/v2.0/token",
      "RequestMethod": "POST",
      "RequestHeaders": {
        "client-request-id": "04fa3eef-5f59-4692-813c-e3944f991ee3",
        "Content-Length": "9",
        "Content-Type": "application/x-www-form-urlencoded",
        "return-client-request-id": "true",
        "User-Agent": "azsdk-net-Identity/1.4.0-alpha.20210129.1 (.NET Framework 4.8.4250.0; Microsoft Windows 10.0.19042 )",
        "x-app-name": "UnknownClient",
        "x-app-ver": "0.0.0.0",
        "x-client-CPU": "x64",
        "x-client-current-telemetry": "2|1001,0|,,0,,,,1",
        "x-client-last-telemetry": "2|0|||",
        "x-client-OS": "Microsoft Windows NT 10.0.19042.0",
        "x-client-SKU": "MSAL.Desktop",
        "x-client-Ver": "4.25.0.0",
        "x-ms-client-request-id": "cc02859b56743e8bd9eccb0b59f1a09c",
        "x-ms-lib-capability": "retry-after, h429",
        "x-ms-return-client-request-id": "true"
      },
      "RequestBody": "Sanitized",
      "StatusCode": 200,
      "ResponseHeaders": {
        "Cache-Control": [
          "no-store",
          "no-cache"
        ],
        "client-request-id": "04fa3eef-5f59-4692-813c-e3944f991ee3",
        "Content-Length": "1589",
        "Content-Type": "application/json; charset=utf-8",
        "Date": "Fri, 29 Jan 2021 22:36:19 GMT",
        "Expires": "-1",
        "P3P": "CP=\u0022DSP CUR OTPi IND OTRi ONL FIN\u0022",
        "Pragma": "no-cache",
        "Set-Cookie": [
          "fpc=AsxryvwBVddFlJsrioeY7m3uAdtEAQAAAOKEptcOAAAA; expires=Sun, 28-Feb-2021 22:36:19 GMT; path=/; secure; HttpOnly; SameSite=None",
          "x-ms-gateway-slice=estsfd; path=/; secure; samesite=none; httponly",
          "stsservicecookie=estsfd; path=/; secure; samesite=none; httponly"
        ],
        "Strict-Transport-Security": "max-age=31536000; includeSubDomains",
        "X-Content-Type-Options": "nosniff",
        "x-ms-clitelem": "1,0,0,645.2406,",
        "x-ms-ests-server": "2.1.11444.8 - NCUS ProdSlices",
        "x-ms-request-id": "7ca91054-f88e-4d19-ae99-b91ba8f9b400"
      },
      "ResponseBody": {
        "token_type": "Bearer",
        "scope": "https://vault.azure.net/user_impersonation https://vault.azure.net/.default",
        "expires_in": 3599,
        "ext_expires_in": 3599,
        "access_token": "Sanitized",
        "refresh_token": "Sanitized",
        "id_token": "eyJ0eXAiOiJKV1QiLCJhbGciOiJSUzI1NiIsImtpZCI6Im5PbzNaRHJPRFhFSzFqS1doWHNsSFJfS1hFZyJ9.eyJhdWQiOiJhZWJjNjQ0My05OTZkLTQ1YzItOTBmMC0zODhmZjk2ZmFhNTYiLCJpc3MiOiJodHRwczovL2xvZ2luLm1pY3Jvc29mdG9ubGluZS5jb20vYzU0ZmFjODgtM2RkMy00NjFmLWE3YzQtOGEzNjhlMDM0MGIzL3YyLjAiLCJpYXQiOjE2MTE5NTk0NzksIm5iZiI6MTYxMTk1OTQ3OSwiZXhwIjoxNjExOTYzMzc5LCJhaW8iOiJBVFFBeS84VEFBQUFRZ3RudkQ4UDBuWjlCUjFJZEw4azBOZXdyalN5L1ZFeW51L0tkU2VvYmR6U2wzY3V4YXozZ2RIbDlwSUdRWjJqIiwibmFtZSI6InNzY2hhYWI3MTYiLCJvaWQiOiI0ZjY1ZmYzMy03MDdlLTQ0YTMtOGU4OS05ZTg0OTA2ODY5OGEiLCJwcmVmZXJyZWRfdXNlcm5hbWUiOiJzc2NoYWFiNzE2QGF6dXJlc2RrcGxheWdyb3VuZC5vbm1pY3Jvc29mdC5jb20iLCJyaCI6IjAuQVMwQWlLeFB4ZE05SDBhbnhJbzJqZ05BczBOa3ZLNXRtY0pGa1BBNGpfbHZxbFl0QVAwLiIsInN1YiI6IjJ3dW13dXlzYmZFMW92dklrSUF3WDNBdkNsajJuSkxSdE1udlRCM1VZUXciLCJ0aWQiOiJjNTRmYWM4OC0zZGQzLTQ2MWYtYTdjNC04YTM2OGUwMzQwYjMiLCJ1dGkiOiJWQkNwZkk3NEdVMnVtYmticVBtMEFBIiwidmVyIjoiMi4wIn0.aGzxMQP74Bk2AZS6-7OyLQcIxv0t50lrt5Cke9Bq79IEbhibvSrZkkMKHmr3-eGCXjlw3xpFyZ6bSxGrm1j2sIBOGtFdu9KJtgBcpn2wmSu3ABPWVgI83vVgeLRPeM3z-E0ABO21YhL5eoIHIo-c4AtDHU50oYspFJm7fpo8nmq5XoIGTLCao-8-R-cFxnWRz2udmUWLmD9D9Sxr3jX9T1UYSQ74d2OtaAAAPkqnrysqj_Fn013ez8dUpjWSLwDFNxGlAb8h2Hard7pMpYnIzXYrLnNvZYPlTLr8jAXMObHkSMGfWo7WbZF6ML9JVpJohKYRLbFtog0P51xu3-ngjw",
        "client_info": "eyJ1aWQiOiI0ZjY1ZmYzMy03MDdlLTQ0YTMtOGU4OS05ZTg0OTA2ODY5OGEiLCJ1dGlkIjoiYzU0ZmFjODgtM2RkMy00NjFmLWE3YzQtOGEzNjhlMDM0MGIzIn0"
      }
    },
    {
      "RequestUri": "https://login.microsoftonline.com/c54fac88-3dd3-461f-a7c4-8a368e0340b3/oauth2/v2.0/token",
      "RequestMethod": "POST",
      "RequestHeaders": {
        "client-request-id": "e9ab7240-bb90-4d1c-85c5-f764f7250598",
        "Content-Length": "9",
        "Content-Type": "application/x-www-form-urlencoded",
        "return-client-request-id": "true",
        "User-Agent": "azsdk-net-Identity/1.4.0-alpha.20210129.1 (.NET Framework 4.8.4250.0; Microsoft Windows 10.0.19042 )",
        "x-app-name": "UnknownClient",
        "x-app-ver": "0.0.0.0",
        "x-client-CPU": "x64",
        "x-client-current-telemetry": "2|1001,0|,,0,,,,1",
        "x-client-last-telemetry": "2|0|||",
        "x-client-OS": "Microsoft Windows NT 10.0.19042.0",
        "x-client-SKU": "MSAL.Desktop",
        "x-client-Ver": "4.25.0.0",
        "x-ms-client-request-id": "993a6d099ad4c53ac9a06c56ab6279ed",
        "x-ms-lib-capability": "retry-after, h429",
        "x-ms-return-client-request-id": "true"
      },
      "RequestBody": "Sanitized",
      "StatusCode": 200,
      "ResponseHeaders": {
        "Cache-Control": [
          "no-store",
          "no-cache"
        ],
        "client-request-id": "e9ab7240-bb90-4d1c-85c5-f764f7250598",
        "Content-Length": "1589",
        "Content-Type": "application/json; charset=utf-8",
        "Date": "Fri, 29 Jan 2021 22:36:19 GMT",
        "Expires": "-1",
        "P3P": "CP=\u0022DSP CUR OTPi IND OTRi ONL FIN\u0022",
        "Pragma": "no-cache",
        "Set-Cookie": [
          "fpc=As01iDYlmXREg6Ogm2VoRqjuAdtEAQAAAOKEptcOAAAA; expires=Sun, 28-Feb-2021 22:36:19 GMT; path=/; secure; HttpOnly; SameSite=None",
          "x-ms-gateway-slice=estsfd; path=/; secure; samesite=none; httponly",
          "stsservicecookie=estsfd; path=/; secure; samesite=none; httponly"
        ],
        "Strict-Transport-Security": "max-age=31536000; includeSubDomains",
        "X-Content-Type-Options": "nosniff",
        "x-ms-clitelem": "1,0,0,655.4325,",
        "x-ms-ests-server": "2.1.11444.8 - SCUS ProdSlices",
        "x-ms-request-id": "e9d14bf9-1806-4246-9419-47f49439b500"
      },
      "ResponseBody": {
        "token_type": "Bearer",
        "scope": "https://vault.azure.net/user_impersonation https://vault.azure.net/.default",
        "expires_in": 3599,
        "ext_expires_in": 3599,
        "access_token": "Sanitized",
        "refresh_token": "Sanitized",
        "id_token": "eyJ0eXAiOiJKV1QiLCJhbGciOiJSUzI1NiIsImtpZCI6Im5PbzNaRHJPRFhFSzFqS1doWHNsSFJfS1hFZyJ9.eyJhdWQiOiJhZWJjNjQ0My05OTZkLTQ1YzItOTBmMC0zODhmZjk2ZmFhNTYiLCJpc3MiOiJodHRwczovL2xvZ2luLm1pY3Jvc29mdG9ubGluZS5jb20vYzU0ZmFjODgtM2RkMy00NjFmLWE3YzQtOGEzNjhlMDM0MGIzL3YyLjAiLCJpYXQiOjE2MTE5NTk0NzksIm5iZiI6MTYxMTk1OTQ3OSwiZXhwIjoxNjExOTYzMzc5LCJhaW8iOiJBVFFBeS84VEFBQUFvVjg5SVBscU5ZeHNDR3l0WE9Ddy9ieGVXenJydzdwK0FUMzVYV2RUaENWYkl3UEpaOC9FZDNkcnU1dUpmQTd5IiwibmFtZSI6InNzY2hhYWI3MTYiLCJvaWQiOiI0ZjY1ZmYzMy03MDdlLTQ0YTMtOGU4OS05ZTg0OTA2ODY5OGEiLCJwcmVmZXJyZWRfdXNlcm5hbWUiOiJzc2NoYWFiNzE2QGF6dXJlc2RrcGxheWdyb3VuZC5vbm1pY3Jvc29mdC5jb20iLCJyaCI6IjAuQVMwQWlLeFB4ZE05SDBhbnhJbzJqZ05BczBOa3ZLNXRtY0pGa1BBNGpfbHZxbFl0QVAwLiIsInN1YiI6IjJ3dW13dXlzYmZFMW92dklrSUF3WDNBdkNsajJuSkxSdE1udlRCM1VZUXciLCJ0aWQiOiJjNTRmYWM4OC0zZGQzLTQ2MWYtYTdjNC04YTM2OGUwMzQwYjMiLCJ1dGkiOiItVXZSNlFZWVJrS1VHVWYwbERtMUFBIiwidmVyIjoiMi4wIn0.hn5LivfnRDRJWOlxqBVoSl-0GEywgorKegcleBAZ6OxN3e0ZG4nIai3ABtntAEMGhuUHIqX-a6GJ0RDX_LqUOTm-usAZKr21FjxsEKLtJM7yv2vrpqyteZwsln0EKyKwdRBbvCRjTI7DPAudG0we-DcOP1Z6FlNqPKSkRmUVpAvTKQrcoVXPYvYF_r6g7w1QCBjgopTWDGv28nUrzdiYdCk9pASU6EWJfMTVedBSkIpYiisY4WSs-F9dZinN9oBOF-fen9lDf8sUsZ9_GHZboJj-TvGY31IeO9J8M2I8QDXRKC-5c7rzo-iuoxnrFet_ENHkCe9PE33Csq9bomP_7A",
        "client_info": "eyJ1aWQiOiI0ZjY1ZmYzMy03MDdlLTQ0YTMtOGU4OS05ZTg0OTA2ODY5OGEiLCJ1dGlkIjoiYzU0ZmFjODgtM2RkMy00NjFmLWE3YzQtOGEzNjhlMDM0MGIzIn0"
      }
    },
    {
      "RequestUri": "https://login.microsoftonline.com/c54fac88-3dd3-461f-a7c4-8a368e0340b3/oauth2/v2.0/token",
      "RequestMethod": "POST",
      "RequestHeaders": {
        "client-request-id": "7ce948eb-419f-495d-9927-cda48193b007",
        "Content-Length": "9",
        "Content-Type": "application/x-www-form-urlencoded",
        "return-client-request-id": "true",
        "User-Agent": "azsdk-net-Identity/1.4.0-alpha.20210129.1 (.NET Framework 4.8.4250.0; Microsoft Windows 10.0.19042 )",
        "x-app-name": "UnknownClient",
        "x-app-ver": "0.0.0.0",
        "x-client-CPU": "x64",
        "x-client-current-telemetry": "2|1001,0|,,0,,,,1",
        "x-client-last-telemetry": "2|0|||",
        "x-client-OS": "Microsoft Windows NT 10.0.19042.0",
        "x-client-SKU": "MSAL.Desktop",
        "x-client-Ver": "4.25.0.0",
        "x-ms-client-request-id": "17757bb68f2b2ae99ddc3203bc3f7ac9",
        "x-ms-lib-capability": "retry-after, h429",
        "x-ms-return-client-request-id": "true"
      },
      "RequestBody": "Sanitized",
      "StatusCode": 200,
      "ResponseHeaders": {
        "Cache-Control": [
          "no-store",
          "no-cache"
        ],
        "client-request-id": "7ce948eb-419f-495d-9927-cda48193b007",
        "Content-Length": "1589",
        "Content-Type": "application/json; charset=utf-8",
        "Date": "Fri, 29 Jan 2021 22:36:19 GMT",
        "Expires": "-1",
        "P3P": "CP=\u0022DSP CUR OTPi IND OTRi ONL FIN\u0022",
        "Pragma": "no-cache",
        "Set-Cookie": [
          "fpc=AtO8pccyGmNCrGf9T4s1GSvuAdtEAQAAAOKEptcOAAAA; expires=Sun, 28-Feb-2021 22:36:19 GMT; path=/; secure; HttpOnly; SameSite=None",
          "x-ms-gateway-slice=estsfd; path=/; secure; samesite=none; httponly",
          "stsservicecookie=estsfd; path=/; secure; samesite=none; httponly"
        ],
        "Strict-Transport-Security": "max-age=31536000; includeSubDomains",
        "X-Content-Type-Options": "nosniff",
        "x-ms-clitelem": "1,0,0,701.0779,",
        "x-ms-ests-server": "2.1.11444.8 - EUS ProdSlices",
        "x-ms-request-id": "4dcfc14a-d7c4-4120-bb9f-d49a266cbb00"
      },
      "ResponseBody": {
        "token_type": "Bearer",
        "scope": "https://vault.azure.net/user_impersonation https://vault.azure.net/.default",
        "expires_in": 3599,
        "ext_expires_in": 3599,
        "access_token": "Sanitized",
        "refresh_token": "Sanitized",
        "id_token": "eyJ0eXAiOiJKV1QiLCJhbGciOiJSUzI1NiIsImtpZCI6Im5PbzNaRHJPRFhFSzFqS1doWHNsSFJfS1hFZyJ9.eyJhdWQiOiJhZWJjNjQ0My05OTZkLTQ1YzItOTBmMC0zODhmZjk2ZmFhNTYiLCJpc3MiOiJodHRwczovL2xvZ2luLm1pY3Jvc29mdG9ubGluZS5jb20vYzU0ZmFjODgtM2RkMy00NjFmLWE3YzQtOGEzNjhlMDM0MGIzL3YyLjAiLCJpYXQiOjE2MTE5NTk0NzksIm5iZiI6MTYxMTk1OTQ3OSwiZXhwIjoxNjExOTYzMzc5LCJhaW8iOiJBVFFBeS84VEFBQUFxcy82aUJ6L3ZuSHJjajRXbXkvOVJqdzJFTVBjcDc2UlNEdVRIbE1IRmxVZlRKZWlQaGFsamhIRCtwY0kxTXhCIiwibmFtZSI6InNzY2hhYWI3MTYiLCJvaWQiOiI0ZjY1ZmYzMy03MDdlLTQ0YTMtOGU4OS05ZTg0OTA2ODY5OGEiLCJwcmVmZXJyZWRfdXNlcm5hbWUiOiJzc2NoYWFiNzE2QGF6dXJlc2RrcGxheWdyb3VuZC5vbm1pY3Jvc29mdC5jb20iLCJyaCI6IjAuQVMwQWlLeFB4ZE05SDBhbnhJbzJqZ05BczBOa3ZLNXRtY0pGa1BBNGpfbHZxbFl0QVAwLiIsInN1YiI6IjJ3dW13dXlzYmZFMW92dklrSUF3WDNBdkNsajJuSkxSdE1udlRCM1VZUXciLCJ0aWQiOiJjNTRmYWM4OC0zZGQzLTQ2MWYtYTdjNC04YTM2OGUwMzQwYjMiLCJ1dGkiOiJTc0hQVGNUWElFRzduOVNhSm15N0FBIiwidmVyIjoiMi4wIn0.h4Aq4ApYDkZVKl9V9q1qjo9ZBLi6snGoVf7_6NQO10SUMIVfdIUpmYbeSBi8FDfjeWSWx5lkfqxoGD7SYYbsD4zkg9Mjcyw7AvZRodzOcq81WqwyTYP8QGsWChyRNMB7gtZ4ao1x2qPb1msr8S3BDFxbnQBcSlagO1MXl5qottLfRJ3FQ6xEuGbYTMwnmk04juWbWE-zpBCacW6jiZGVfjVMAfwnSgD7LDXSHdpmte58wLsZoq1q4ZG57UiO9VjzzMtKN6hNy1V3ywV80sz5KrBDNuPVYb-jc4yW2CRf7VxVDaEoX0Jv65krRQksS51XL-kOz_8kENxR7ejjPetFRA",
        "client_info": "eyJ1aWQiOiI0ZjY1ZmYzMy03MDdlLTQ0YTMtOGU4OS05ZTg0OTA2ODY5OGEiLCJ1dGlkIjoiYzU0ZmFjODgtM2RkMy00NjFmLWE3YzQtOGEzNjhlMDM0MGIzIn0"
      }
    },
    {
      "RequestUri": "https://login.microsoftonline.com/c54fac88-3dd3-461f-a7c4-8a368e0340b3/oauth2/v2.0/token",
      "RequestMethod": "POST",
      "RequestHeaders": {
        "client-request-id": "db867c98-dd68-412a-b909-1dff9dd263b1",
        "Content-Length": "9",
        "Content-Type": "application/x-www-form-urlencoded",
        "return-client-request-id": "true",
        "User-Agent": "azsdk-net-Identity/1.4.0-alpha.20210129.1 (.NET Framework 4.8.4250.0; Microsoft Windows 10.0.19042 )",
        "x-app-name": "UnknownClient",
        "x-app-ver": "0.0.0.0",
        "x-client-CPU": "x64",
        "x-client-current-telemetry": "2|1001,0|,,0,,,,1",
        "x-client-last-telemetry": "2|0|||",
        "x-client-OS": "Microsoft Windows NT 10.0.19042.0",
        "x-client-SKU": "MSAL.Desktop",
        "x-client-Ver": "4.25.0.0",
        "x-ms-client-request-id": "52ff0219a6744022d35eb0ddb9fb24ae",
        "x-ms-lib-capability": "retry-after, h429",
        "x-ms-return-client-request-id": "true"
      },
      "RequestBody": "Sanitized",
      "StatusCode": 200,
      "ResponseHeaders": {
        "Cache-Control": [
          "no-store",
          "no-cache"
        ],
        "client-request-id": "db867c98-dd68-412a-b909-1dff9dd263b1",
        "Content-Length": "1589",
        "Content-Type": "application/json; charset=utf-8",
        "Date": "Fri, 29 Jan 2021 22:36:19 GMT",
        "Expires": "-1",
        "P3P": "CP=\u0022DSP CUR OTPi IND OTRi ONL FIN\u0022",
        "Pragma": "no-cache",
        "Set-Cookie": [
          "fpc=AierWOZ-L6xKq0ndTr4eoKfuAdtEAQAAAOKEptcOAAAA; expires=Sun, 28-Feb-2021 22:36:19 GMT; path=/; secure; HttpOnly; SameSite=None",
          "x-ms-gateway-slice=estsfd; path=/; secure; samesite=none; httponly",
          "stsservicecookie=estsfd; path=/; secure; samesite=none; httponly"
        ],
        "Strict-Transport-Security": "max-age=31536000; includeSubDomains",
        "X-Content-Type-Options": "nosniff",
        "x-ms-clitelem": "1,0,0,664.1068,",
        "x-ms-ests-server": "2.1.11444.8 - NCUS ProdSlices",
        "x-ms-request-id": "1d7a66ae-b8b4-47cd-8351-ae63887cbb00"
      },
      "ResponseBody": {
        "token_type": "Bearer",
        "scope": "https://vault.azure.net/user_impersonation https://vault.azure.net/.default",
        "expires_in": 3599,
        "ext_expires_in": 3599,
        "access_token": "Sanitized",
        "refresh_token": "Sanitized",
        "id_token": "eyJ0eXAiOiJKV1QiLCJhbGciOiJSUzI1NiIsImtpZCI6Im5PbzNaRHJPRFhFSzFqS1doWHNsSFJfS1hFZyJ9.eyJhdWQiOiJhZWJjNjQ0My05OTZkLTQ1YzItOTBmMC0zODhmZjk2ZmFhNTYiLCJpc3MiOiJodHRwczovL2xvZ2luLm1pY3Jvc29mdG9ubGluZS5jb20vYzU0ZmFjODgtM2RkMy00NjFmLWE3YzQtOGEzNjhlMDM0MGIzL3YyLjAiLCJpYXQiOjE2MTE5NTk0NzksIm5iZiI6MTYxMTk1OTQ3OSwiZXhwIjoxNjExOTYzMzc5LCJhaW8iOiJBVFFBeS84VEFBQUE2b1VrSHVodXBSSTU2NFZSMnhXZFRwMmhyTjNaaG42N2lxK0FRd1FMZXhYOTl4TmVIZzVmeVMyZUJvcStVWmp6IiwibmFtZSI6InNzY2hhYWI3MTYiLCJvaWQiOiI0ZjY1ZmYzMy03MDdlLTQ0YTMtOGU4OS05ZTg0OTA2ODY5OGEiLCJwcmVmZXJyZWRfdXNlcm5hbWUiOiJzc2NoYWFiNzE2QGF6dXJlc2RrcGxheWdyb3VuZC5vbm1pY3Jvc29mdC5jb20iLCJyaCI6IjAuQVMwQWlLeFB4ZE05SDBhbnhJbzJqZ05BczBOa3ZLNXRtY0pGa1BBNGpfbHZxbFl0QVAwLiIsInN1YiI6IjJ3dW13dXlzYmZFMW92dklrSUF3WDNBdkNsajJuSkxSdE1udlRCM1VZUXciLCJ0aWQiOiJjNTRmYWM4OC0zZGQzLTQ2MWYtYTdjNC04YTM2OGUwMzQwYjMiLCJ1dGkiOiJybVo2SGJTNHpVZURVYTVqaUh5N0FBIiwidmVyIjoiMi4wIn0.kyZLFLR8G7XcJU1AizZAHPBNLUC474GnvikOA2PmCUIfbUSPMAwc2DwaLKMgnyA9tzI8ET3_hwG9zB10gIMuLY_R8a6XyhXJmWPrOQw1H25dxLklvy0JLCwI6Y2APKRpNylepxgiMks3w3Iy6TKMNoA-_YEZ-rVGXsazQOiQyVtpE_n04r71cWungU7ABrhrNTC47iR_yWOP78csh3F8txkrla9UAeOiljomL9gKDPxzjwRKphdwEjYZPAKioDba8ydlrOVW1SsD5NEW6sP0JCH9S6NWEFVHB-3HzCNsqTlhIIF81rTTLivs5P0NohmCbjHRA51gJSIkJp2CNePxCA",
        "client_info": "eyJ1aWQiOiI0ZjY1ZmYzMy03MDdlLTQ0YTMtOGU4OS05ZTg0OTA2ODY5OGEiLCJ1dGlkIjoiYzU0ZmFjODgtM2RkMy00NjFmLWE3YzQtOGEzNjhlMDM0MGIzIn0"
      }
    }
  ],
  "Variables": {
    "AZURE_IDENTITY_TEST_TENANTID": "c54fac88-3dd3-461f-a7c4-8a368e0340b3",
    "AZURE_IDENTITY_TEST_USERNAME": "sschaab716@azuresdkplayground.onmicrosoft.com",
    "RandomSeed": "629697818",
    "TENANT_ID": null
  }
}