{
  "Entries": [
    {
      "RequestUri": "/subscriptions/2e7fe4bd-90c7-454e-8bb6-dc44649f27b2/resourcegroups/sqlcrudtest-7204?api-version=2017-05-10",
      "EncodedRequestUri": "L3N1YnNjcmlwdGlvbnMvMmU3ZmU0YmQtOTBjNy00NTRlLThiYjYtZGM0NDY0OWYyN2IyL3Jlc291cmNlZ3JvdXBzL3NxbGNydWR0ZXN0LTcyMDQ/YXBpLXZlcnNpb249MjAxNy0wNS0xMA==",
      "RequestMethod": "PUT",
      "RequestBody": "{\r\n  \"location\": \"Japan East\",\r\n  \"tags\": {\r\n    \"sqlcrudtest-7204\": \"2017-06-26 00:22:24Z\"\r\n  }\r\n}",
      "RequestHeaders": {
        "Content-Type": [
          "application/json; charset=utf-8"
        ],
        "Content-Length": [
          "99"
        ],
        "x-ms-client-request-id": [
          "081cdfc0-a035-4ec7-b207-e26ec3bbabf9"
        ],
        "accept-language": [
          "en-US"
        ],
        "User-Agent": [
          "FxVersion/4.6.25211.01",
          "Microsoft.Azure.Management.ResourceManager.ResourceManagementClient/1.6.0.0"
        ]
      },
      "ResponseBody": "{\r\n  \"id\": \"/subscriptions/2e7fe4bd-90c7-454e-8bb6-dc44649f27b2/resourceGroups/sqlcrudtest-7204\",\r\n  \"name\": \"sqlcrudtest-7204\",\r\n  \"location\": \"japaneast\",\r\n  \"tags\": {\r\n    \"sqlcrudtest-7204\": \"2017-06-26 00:22:24Z\"\r\n  },\r\n  \"properties\": {\r\n    \"provisioningState\": \"Succeeded\"\r\n  }\r\n}",
      "ResponseHeaders": {
        "Content-Length": [
          "239"
        ],
        "Content-Type": [
          "application/json; charset=utf-8"
        ],
        "Expires": [
          "-1"
        ],
        "Cache-Control": [
          "no-cache"
        ],
        "Date": [
          "Mon, 26 Jun 2017 00:22:25 GMT"
        ],
        "Pragma": [
          "no-cache"
        ],
        "x-ms-ratelimit-remaining-subscription-writes": [
          "1195"
        ],
        "x-ms-request-id": [
          "166eb2bd-7535-4d77-8a3f-d9c470a281ae"
        ],
        "x-ms-correlation-request-id": [
          "166eb2bd-7535-4d77-8a3f-d9c470a281ae"
        ],
        "x-ms-routing-request-id": [
          "WESTUS2:20170626T002225Z:166eb2bd-7535-4d77-8a3f-d9c470a281ae"
        ],
        "Strict-Transport-Security": [
          "max-age=31536000; includeSubDomains"
        ]
      },
      "StatusCode": 201
    },
    {
      "RequestUri": "/subscriptions/2e7fe4bd-90c7-454e-8bb6-dc44649f27b2/resourceGroups/sqlcrudtest-7204/providers/Microsoft.Sql/servers/sqlcrudtest-9108?api-version=2015-05-01-preview",
      "EncodedRequestUri": "L3N1YnNjcmlwdGlvbnMvMmU3ZmU0YmQtOTBjNy00NTRlLThiYjYtZGM0NDY0OWYyN2IyL3Jlc291cmNlR3JvdXBzL3NxbGNydWR0ZXN0LTcyMDQvcHJvdmlkZXJzL01pY3Jvc29mdC5TcWwvc2VydmVycy9zcWxjcnVkdGVzdC05MTA4P2FwaS12ZXJzaW9uPTIwMTUtMDUtMDEtcHJldmlldw==",
      "RequestMethod": "PUT",
      "RequestBody": "{\r\n  \"properties\": {\r\n    \"administratorLogin\": \"dummylogin\",\r\n    \"administratorLoginPassword\": \"Un53cuRE!\",\r\n    \"version\": \"12.0\"\r\n  },\r\n  \"tags\": {},\r\n  \"location\": \"japaneast\"\r\n}",
      "RequestHeaders": {
        "Content-Type": [
          "application/json; charset=utf-8"
        ],
        "Content-Length": [
          "183"
        ],
        "x-ms-client-request-id": [
          "c343f56e-3f13-444f-8b06-49f0091f5fe0"
        ],
        "accept-language": [
          "en-US"
        ],
        "User-Agent": [
          "FxVersion/4.6.25211.01",
          "Microsoft.Azure.Management.Sql.SqlManagementClient/1.6.0.0"
        ]
      },
      "ResponseBody": "{\r\n  \"operation\": \"UpsertLogicalServer\",\r\n  \"startTime\": \"2017-06-26T00:22:30.28Z\"\r\n}",
      "ResponseHeaders": {
        "Content-Length": [
          "73"
        ],
        "Content-Type": [
          "application/json; charset=utf-8"
        ],
        "Expires": [
          "-1"
        ],
        "Cache-Control": [
          "no-cache"
        ],
        "Date": [
          "Mon, 26 Jun 2017 00:22:29 GMT"
        ],
        "Pragma": [
          "no-cache"
        ],
        "Location": [
          "https://management.azure.com/subscriptions/2e7fe4bd-90c7-454e-8bb6-dc44649f27b2/providers/Microsoft.Sql/locations/japaneast/serverOperationResults/e6bb0f40-fc06-4ada-8e07-c9b73c0f7071?api-version=2015-05-01-preview"
        ],
        "Retry-After": [
          "60"
        ],
        "Server": [
          "Microsoft-HTTPAPI/2.0"
        ],
        "Azure-AsyncOperation": [
          "https://management.azure.com/subscriptions/2e7fe4bd-90c7-454e-8bb6-dc44649f27b2/providers/Microsoft.Sql/locations/japaneast/serverAzureAsyncOperation/e6bb0f40-fc06-4ada-8e07-c9b73c0f7071?api-version=2015-05-01-preview"
        ],
        "x-ms-request-id": [
          "e6bb0f40-fc06-4ada-8e07-c9b73c0f7071"
        ],
        "x-ms-ratelimit-remaining-subscription-writes": [
          "1183"
        ],
        "x-ms-correlation-request-id": [
          "614ad276-fc52-4c80-8ebc-b734f8f4cb6f"
        ],
        "x-ms-routing-request-id": [
          "WESTUS2:20170626T002229Z:614ad276-fc52-4c80-8ebc-b734f8f4cb6f"
        ],
        "Strict-Transport-Security": [
          "max-age=31536000; includeSubDomains"
        ]
      },
      "StatusCode": 202
    },
    {
      "RequestUri": "/subscriptions/2e7fe4bd-90c7-454e-8bb6-dc44649f27b2/providers/Microsoft.Sql/locations/japaneast/serverAzureAsyncOperation/e6bb0f40-fc06-4ada-8e07-c9b73c0f7071?api-version=2015-05-01-preview",
      "EncodedRequestUri": "L3N1YnNjcmlwdGlvbnMvMmU3ZmU0YmQtOTBjNy00NTRlLThiYjYtZGM0NDY0OWYyN2IyL3Byb3ZpZGVycy9NaWNyb3NvZnQuU3FsL2xvY2F0aW9ucy9qYXBhbmVhc3Qvc2VydmVyQXp1cmVBc3luY09wZXJhdGlvbi9lNmJiMGY0MC1mYzA2LTRhZGEtOGUwNy1jOWI3M2MwZjcwNzE/YXBpLXZlcnNpb249MjAxNS0wNS0wMS1wcmV2aWV3",
      "RequestMethod": "GET",
      "RequestBody": "",
      "RequestHeaders": {
        "User-Agent": [
          "FxVersion/4.6.25211.01",
          "Microsoft.Azure.Management.Sql.SqlManagementClient/1.6.0.0"
        ]
      },
      "ResponseBody": "{\r\n  \"name\": \"e6bb0f40-fc06-4ada-8e07-c9b73c0f7071\",\r\n  \"status\": \"InProgress\",\r\n  \"startTime\": \"2017-06-26T00:22:30.28Z\"\r\n}",
      "ResponseHeaders": {
        "Content-Type": [
          "application/json; charset=utf-8"
        ],
        "Expires": [
          "-1"
        ],
        "Cache-Control": [
          "no-cache"
        ],
        "Date": [
          "Mon, 26 Jun 2017 00:22:59 GMT"
        ],
        "Pragma": [
          "no-cache"
        ],
        "Transfer-Encoding": [
          "chunked"
        ],
        "Server": [
          "Microsoft-HTTPAPI/2.0"
        ],
        "Vary": [
          "Accept-Encoding"
        ],
        "x-ms-request-id": [
          "a06e9bff-c344-400a-9d24-1fc3be16d8d1"
        ],
        "x-ms-ratelimit-remaining-subscription-reads": [
          "14981"
        ],
        "x-ms-correlation-request-id": [
          "2a55dc51-bfd3-4f4f-83b8-892ba46b7c98"
        ],
        "x-ms-routing-request-id": [
          "WESTUS2:20170626T002300Z:2a55dc51-bfd3-4f4f-83b8-892ba46b7c98"
        ],
        "Strict-Transport-Security": [
          "max-age=31536000; includeSubDomains"
        ]
      },
      "StatusCode": 200
    },
    {
      "RequestUri": "/subscriptions/2e7fe4bd-90c7-454e-8bb6-dc44649f27b2/providers/Microsoft.Sql/locations/japaneast/serverAzureAsyncOperation/e6bb0f40-fc06-4ada-8e07-c9b73c0f7071?api-version=2015-05-01-preview",
      "EncodedRequestUri": "L3N1YnNjcmlwdGlvbnMvMmU3ZmU0YmQtOTBjNy00NTRlLThiYjYtZGM0NDY0OWYyN2IyL3Byb3ZpZGVycy9NaWNyb3NvZnQuU3FsL2xvY2F0aW9ucy9qYXBhbmVhc3Qvc2VydmVyQXp1cmVBc3luY09wZXJhdGlvbi9lNmJiMGY0MC1mYzA2LTRhZGEtOGUwNy1jOWI3M2MwZjcwNzE/YXBpLXZlcnNpb249MjAxNS0wNS0wMS1wcmV2aWV3",
      "RequestMethod": "GET",
      "RequestBody": "",
      "RequestHeaders": {
        "User-Agent": [
          "FxVersion/4.6.25211.01",
          "Microsoft.Azure.Management.Sql.SqlManagementClient/1.6.0.0"
        ]
      },
      "ResponseBody": "{\r\n  \"name\": \"e6bb0f40-fc06-4ada-8e07-c9b73c0f7071\",\r\n  \"status\": \"Succeeded\",\r\n  \"startTime\": \"2017-06-26T00:22:30.28Z\"\r\n}",
      "ResponseHeaders": {
        "Content-Type": [
          "application/json; charset=utf-8"
        ],
        "Expires": [
          "-1"
        ],
        "Cache-Control": [
          "no-cache"
        ],
        "Date": [
          "Mon, 26 Jun 2017 00:23:30 GMT"
        ],
        "Pragma": [
          "no-cache"
        ],
        "Transfer-Encoding": [
          "chunked"
        ],
        "Server": [
          "Microsoft-HTTPAPI/2.0"
        ],
        "Vary": [
          "Accept-Encoding"
        ],
        "x-ms-request-id": [
          "7e6ece5f-b617-4079-a73f-040b08af5694"
        ],
        "x-ms-ratelimit-remaining-subscription-reads": [
          "14980"
        ],
        "x-ms-correlation-request-id": [
          "c492d197-662f-4fa5-8bc9-3eb7162e5447"
        ],
        "x-ms-routing-request-id": [
          "WESTUS2:20170626T002330Z:c492d197-662f-4fa5-8bc9-3eb7162e5447"
        ],
        "Strict-Transport-Security": [
          "max-age=31536000; includeSubDomains"
        ]
      },
      "StatusCode": 200
    },
    {
      "RequestUri": "/subscriptions/2e7fe4bd-90c7-454e-8bb6-dc44649f27b2/resourceGroups/sqlcrudtest-7204/providers/Microsoft.Sql/servers/sqlcrudtest-9108?api-version=2015-05-01-preview",
      "EncodedRequestUri": "L3N1YnNjcmlwdGlvbnMvMmU3ZmU0YmQtOTBjNy00NTRlLThiYjYtZGM0NDY0OWYyN2IyL3Jlc291cmNlR3JvdXBzL3NxbGNydWR0ZXN0LTcyMDQvcHJvdmlkZXJzL01pY3Jvc29mdC5TcWwvc2VydmVycy9zcWxjcnVkdGVzdC05MTA4P2FwaS12ZXJzaW9uPTIwMTUtMDUtMDEtcHJldmlldw==",
      "RequestMethod": "GET",
      "RequestBody": "",
      "RequestHeaders": {
        "User-Agent": [
          "FxVersion/4.6.25211.01",
          "Microsoft.Azure.Management.Sql.SqlManagementClient/1.6.0.0"
        ]
      },
      "ResponseBody": "{\r\n  \"kind\": \"v12.0\",\r\n  \"properties\": {\r\n    \"administratorLogin\": \"dummylogin\",\r\n    \"version\": \"12.0\",\r\n    \"state\": \"Ready\",\r\n    \"fullyQualifiedDomainName\": \"sqlcrudtest-9108.database.windows.net\"\r\n  },\r\n  \"location\": \"japaneast\",\r\n  \"tags\": {},\r\n  \"id\": \"/subscriptions/2e7fe4bd-90c7-454e-8bb6-dc44649f27b2/resourceGroups/sqlcrudtest-7204/providers/Microsoft.Sql/servers/sqlcrudtest-9108\",\r\n  \"name\": \"sqlcrudtest-9108\",\r\n  \"type\": \"Microsoft.Sql/servers\"\r\n}",
      "ResponseHeaders": {
        "Content-Type": [
          "application/json; charset=utf-8"
        ],
        "Expires": [
          "-1"
        ],
        "Cache-Control": [
          "no-cache"
        ],
        "Date": [
          "Mon, 26 Jun 2017 00:23:31 GMT"
        ],
        "Pragma": [
          "no-cache"
        ],
        "Transfer-Encoding": [
          "chunked"
        ],
        "Server": [
          "Microsoft-HTTPAPI/2.0"
        ],
        "Vary": [
          "Accept-Encoding"
        ],
        "x-ms-request-id": [
          "934ea6f3-ce53-447c-bf42-701e7f53d83b"
        ],
        "x-ms-ratelimit-remaining-subscription-reads": [
          "14979"
        ],
        "x-ms-correlation-request-id": [
          "cb8d9cdc-345a-4edf-9249-8dfa9fdf1fc1"
        ],
        "x-ms-routing-request-id": [
          "WESTUS2:20170626T002331Z:cb8d9cdc-345a-4edf-9249-8dfa9fdf1fc1"
        ],
        "Strict-Transport-Security": [
          "max-age=31536000; includeSubDomains"
        ]
      },
      "StatusCode": 200
    },
    {
      "RequestUri": "/subscriptions/2e7fe4bd-90c7-454e-8bb6-dc44649f27b2/resourceGroups/sqlcrudtest-7204/providers/Microsoft.Sql/servers/sqlcrudtest-9108/firewallRules/firewallrulecrudtest-2800?api-version=2014-04-01",
      "EncodedRequestUri": "L3N1YnNjcmlwdGlvbnMvMmU3ZmU0YmQtOTBjNy00NTRlLThiYjYtZGM0NDY0OWYyN2IyL3Jlc291cmNlR3JvdXBzL3NxbGNydWR0ZXN0LTcyMDQvcHJvdmlkZXJzL01pY3Jvc29mdC5TcWwvc2VydmVycy9zcWxjcnVkdGVzdC05MTA4L2ZpcmV3YWxsUnVsZXMvZmlyZXdhbGxydWxlY3J1ZHRlc3QtMjgwMD9hcGktdmVyc2lvbj0yMDE0LTA0LTAx",
      "RequestMethod": "PUT",
      "RequestBody": "{\r\n  \"properties\": {\r\n    \"startIpAddress\": \"0.0.0.0\",\r\n    \"endIpAddress\": \"0.0.0.0\"\r\n  }\r\n}",
      "RequestHeaders": {
        "Content-Type": [
          "application/json; charset=utf-8"
        ],
        "Content-Length": [
          "93"
        ],
        "x-ms-client-request-id": [
          "2deed28a-8eb2-46dd-a9c6-a2b55005fb83"
        ],
        "accept-language": [
          "en-US"
        ],
        "User-Agent": [
          "FxVersion/4.6.25211.01",
          "Microsoft.Azure.Management.Sql.SqlManagementClient/1.6.0.0"
        ]
      },
      "ResponseBody": "{\r\n  \"id\": \"/subscriptions/2e7fe4bd-90c7-454e-8bb6-dc44649f27b2/resourceGroups/sqlcrudtest-7204/providers/Microsoft.Sql/servers/sqlcrudtest-9108/firewallRules/firewallrulecrudtest-2800\",\r\n  \"name\": \"firewallrulecrudtest-2800\",\r\n  \"type\": \"Microsoft.Sql/servers/firewallRules\",\r\n  \"location\": \"Japan East\",\r\n  \"kind\": \"v12.0\",\r\n  \"properties\": {\r\n    \"startIpAddress\": \"0.0.0.0\",\r\n    \"endIpAddress\": \"0.0.0.0\"\r\n  }\r\n}",
      "ResponseHeaders": {
        "Content-Length": [
          "367"
        ],
        "Content-Type": [
          "application/json; odata=minimalmetadata; streaming=true; charset=utf-8"
        ],
        "Cache-Control": [
          "no-store, no-cache"
        ],
        "Date": [
          "Mon, 26 Jun 2017 00:23:32 GMT"
        ],
        "Server": [
          "Microsoft-HTTPAPI/2.0"
        ],
        "x-ms-request-id": [
          "9da01058-9ccb-413b-b207-22cd445562bd"
        ],
        "X-Content-Type-Options": [
          "nosniff"
        ],
        "Preference-Applied": [
          "return-content"
        ],
        "DataServiceVersion": [
          "3.0;"
        ],
        "Strict-Transport-Security": [
          "max-age=31536000; includeSubDomains"
        ],
        "x-ms-ratelimit-remaining-subscription-writes": [
          "1182"
        ],
        "x-ms-correlation-request-id": [
          "cbf42683-a8b4-4781-bbe7-2eda50f28104"
        ],
        "x-ms-routing-request-id": [
          "WESTUS2:20170626T002332Z:cbf42683-a8b4-4781-bbe7-2eda50f28104"
        ]
      },
      "StatusCode": 201
    },
    {
      "RequestUri": "/subscriptions/2e7fe4bd-90c7-454e-8bb6-dc44649f27b2/resourceGroups/sqlcrudtest-7204/providers/Microsoft.Sql/servers/sqlcrudtest-9108/firewallRules/firewallrulecrudtest-2800?api-version=2014-04-01",
      "EncodedRequestUri": "L3N1YnNjcmlwdGlvbnMvMmU3ZmU0YmQtOTBjNy00NTRlLThiYjYtZGM0NDY0OWYyN2IyL3Jlc291cmNlR3JvdXBzL3NxbGNydWR0ZXN0LTcyMDQvcHJvdmlkZXJzL01pY3Jvc29mdC5TcWwvc2VydmVycy9zcWxjcnVkdGVzdC05MTA4L2ZpcmV3YWxsUnVsZXMvZmlyZXdhbGxydWxlY3J1ZHRlc3QtMjgwMD9hcGktdmVyc2lvbj0yMDE0LTA0LTAx",
      "RequestMethod": "PUT",
      "RequestBody": "{\r\n  \"properties\": {\r\n    \"startIpAddress\": \"1.1.1.1\",\r\n    \"endIpAddress\": \"255.255.255.255\"\r\n  }\r\n}",
      "RequestHeaders": {
        "Content-Type": [
          "application/json; charset=utf-8"
        ],
        "Content-Length": [
          "101"
        ],
        "x-ms-client-request-id": [
          "27f30a60-b0c6-46ec-852d-f99619e8142d"
        ],
        "accept-language": [
          "en-US"
        ],
        "User-Agent": [
          "FxVersion/4.6.25211.01",
          "Microsoft.Azure.Management.Sql.SqlManagementClient/1.6.0.0"
        ]
      },
      "ResponseBody": "{\r\n  \"id\": \"/subscriptions/2e7fe4bd-90c7-454e-8bb6-dc44649f27b2/resourceGroups/sqlcrudtest-7204/providers/Microsoft.Sql/servers/sqlcrudtest-9108/firewallRules/firewallrulecrudtest-2800\",\r\n  \"name\": \"firewallrulecrudtest-2800\",\r\n  \"type\": \"Microsoft.Sql/servers/firewallRules\",\r\n  \"location\": \"Japan East\",\r\n  \"kind\": \"v12.0\",\r\n  \"properties\": {\r\n    \"startIpAddress\": \"1.1.1.1\",\r\n    \"endIpAddress\": \"255.255.255.255\"\r\n  }\r\n}",
      "ResponseHeaders": {
        "Content-Type": [
          "application/json; odata=minimalmetadata; streaming=true; charset=utf-8"
        ],
        "Cache-Control": [
          "no-store, no-cache"
        ],
        "Date": [
          "Mon, 26 Jun 2017 00:23:33 GMT"
        ],
        "Transfer-Encoding": [
          "chunked"
        ],
        "Server": [
          "Microsoft-HTTPAPI/2.0"
        ],
        "Vary": [
          "Accept-Encoding"
        ],
        "x-ms-request-id": [
          "43c669ab-a93f-4865-b2e9-6a4fa1f08a23"
        ],
        "X-Content-Type-Options": [
          "nosniff"
        ],
        "Preference-Applied": [
          "return-content"
        ],
        "DataServiceVersion": [
          "3.0;"
        ],
        "Strict-Transport-Security": [
          "max-age=31536000; includeSubDomains"
        ],
        "x-ms-ratelimit-remaining-subscription-writes": [
          "1181"
        ],
        "x-ms-correlation-request-id": [
          "bbb9ba55-7a54-4289-aa3b-261dba97f4c6"
        ],
        "x-ms-routing-request-id": [
          "WESTUS2:20170626T002333Z:bbb9ba55-7a54-4289-aa3b-261dba97f4c6"
        ]
      },
      "StatusCode": 200
    },
    {
      "RequestUri": "/subscriptions/2e7fe4bd-90c7-454e-8bb6-dc44649f27b2/resourcegroups/sqlcrudtest-7204?api-version=2017-05-10",
      "EncodedRequestUri": "L3N1YnNjcmlwdGlvbnMvMmU3ZmU0YmQtOTBjNy00NTRlLThiYjYtZGM0NDY0OWYyN2IyL3Jlc291cmNlZ3JvdXBzL3NxbGNydWR0ZXN0LTcyMDQ/YXBpLXZlcnNpb249MjAxNy0wNS0xMA==",
      "RequestMethod": "DELETE",
      "RequestBody": "",
      "RequestHeaders": {
        "x-ms-client-request-id": [
          "e03a6fd1-c1c4-4027-997c-2209cc0719ca"
        ],
        "accept-language": [
          "en-US"
        ],
        "User-Agent": [
          "FxVersion/4.6.25211.01",
          "Microsoft.Azure.Management.ResourceManager.ResourceManagementClient/1.6.0.0"
        ]
      },
      "ResponseBody": "",
      "ResponseHeaders": {
        "Content-Length": [
          "0"
        ],
        "Expires": [
          "-1"
        ],
        "Cache-Control": [
          "no-cache"
        ],
        "Date": [
          "Mon, 26 Jun 2017 00:23:34 GMT"
        ],
        "Pragma": [
          "no-cache"
        ],
        "Location": [
          "https://management.azure.com/subscriptions/2e7fe4bd-90c7-454e-8bb6-dc44649f27b2/operationresults/eyJqb2JJZCI6IlJFU09VUkNFR1JPVVBERUxFVElPTkpPQi1TUUxDUlVEVEVTVDoyRDcyMDQtSkFQQU5FQVNUIiwiam9iTG9jYXRpb24iOiJqYXBhbmVhc3QifQ?api-version=2017-05-10"
        ],
        "Retry-After": [
          "15"
        ],
        "x-ms-ratelimit-remaining-subscription-writes": [
          "1195"
        ],
        "x-ms-request-id": [
          "e9170fd5-4f5d-40bf-a8d2-11d5d6548d52"
        ],
        "x-ms-correlation-request-id": [
          "e9170fd5-4f5d-40bf-a8d2-11d5d6548d52"
        ],
        "x-ms-routing-request-id": [
          "WESTUS2:20170626T002335Z:e9170fd5-4f5d-40bf-a8d2-11d5d6548d52"
        ],
        "Strict-Transport-Security": [
          "max-age=31536000; includeSubDomains"
        ]
      },
      "StatusCode": 202
    }
  ],
  "Names": {
    "CreateResourceGroup": [
      "sqlcrudtest-7204"
    ],
    "CreateServer": [
      "sqlcrudtest-9108"
    ],
    "TestCreateAndUpdateFirewallRule": [
      "firewallrulecrudtest-2800"
    ]
  },
  "Variables": {
    "SubscriptionId": "2e7fe4bd-90c7-454e-8bb6-dc44649f27b2"
  }
}