{
  "Entries": [
    {
      "RequestUri": "https://management.azure.com/subscriptions/264e9200-2944-4334-9a02-721e6268b55f?api-version=2021-01-01",
      "RequestMethod": "GET",
      "RequestHeaders": {
        "Accept": "application/json",
        "Authorization": "Sanitized",
        "traceparent": "00-1485055b8130dce10b4f947752304f48-8e98de6256080ca5-00",
        "User-Agent": "azsdk-net-ResourceManager/1.6.0 (.NET 6.0.16; Microsoft Windows 10.0.22621)",
        "x-ms-client-request-id": "a5406af3853f02e1c24ceb04b6a8d910",
        "x-ms-return-client-request-id": "true"
      },
      "RequestBody": null,
      "StatusCode": 200,
      "ResponseHeaders": {
        "Cache-Control": "no-cache",
        "Content-Length": "464",
        "Content-Type": "application/json; charset=utf-8",
        "Date": "Fri, 26 May 2023 20:31:26 GMT",
        "Expires": "-1",
        "Pragma": "no-cache",
        "Strict-Transport-Security": "max-age=31536000; includeSubDomains",
        "X-Content-Type-Options": "nosniff",
        "x-ms-correlation-request-id": "ac866791-b634-430c-866f-fa500b23f6eb",
        "x-ms-ratelimit-remaining-subscription-reads": "11984",
        "x-ms-request-id": "ac866791-b634-430c-866f-fa500b23f6eb",
        "x-ms-routing-request-id": "CANADACENTRAL:20230526T203126Z:ac866791-b634-430c-866f-fa500b23f6eb"
      },
      "ResponseBody": {
        "id": "/subscriptions/264e9200-2944-4334-9a02-721e6268b55f",
        "authorizationSource": "RoleBased",
        "managedByTenants": [],
        "tags": {
          "NRMS15767759": "20230530",
          "NRMS14293353": "20221028"
        },
        "subscriptionId": "264e9200-2944-4334-9a02-721e6268b55f",
        "tenantId": "72f988bf-86f1-41af-91ab-2d7cd011db47",
        "displayName": "EnS-Velma-Fengy-NonProd",
        "state": "Enabled",
        "subscriptionPolicies": {
          "locationPlacementId": "Internal_2014-09-01",
          "quotaId": "Internal_2014-09-01",
          "spendingLimit": "Off"
        }
      }
    },
    {
      "RequestUri": "https://management.azure.com/subscriptions/264e9200-2944-4334-9a02-721e6268b55f/resourcegroups/testRg9362?api-version=**",
      "RequestMethod": "PUT",
      "RequestHeaders": {
        "Accept": "application/json",
        "Authorization": "Sanitized",
        "Content-Length": "21",
        "Content-Type": "application/json",
        "traceparent": "00-51117cf2ab9323af7245d3e95eca4047-73bfb2389e678804-00",
        "User-Agent": "azsdk-net-ResourceManager/1.6.0 (.NET 6.0.16; Microsoft Windows 10.0.22621)",
        "x-ms-client-request-id": "66cefac57f6a9a6b522003004aa17fc6",
        "x-ms-return-client-request-id": "true"
      },
      "RequestBody": {
        "location": "eastus"
      },
      "StatusCode": 201,
      "ResponseHeaders": {
        "Cache-Control": "no-cache",
        "Content-Length": "217",
        "Content-Type": "application/json; charset=utf-8",
        "Date": "Fri, 26 May 2023 20:31:26 GMT",
        "Expires": "-1",
        "Pragma": "no-cache",
        "Strict-Transport-Security": "max-age=31536000; includeSubDomains",
        "X-Content-Type-Options": "nosniff",
        "x-ms-correlation-request-id": "fbdaa267-d9a6-4691-b3ef-90806f2ecd71",
        "x-ms-ratelimit-remaining-subscription-writes": "1171",
        "x-ms-request-id": "fbdaa267-d9a6-4691-b3ef-90806f2ecd71",
        "x-ms-routing-request-id": "CANADACENTRAL:20230526T203126Z:fbdaa267-d9a6-4691-b3ef-90806f2ecd71"
      },
      "ResponseBody": {
        "id": "/subscriptions/264e9200-2944-4334-9a02-721e6268b55f/resourceGroups/testRg9362",
        "name": "testRg9362",
        "type": "Microsoft.Resources/resourceGroups",
        "location": "eastus",
        "properties": {
          "provisioningState": "Succeeded"
        }
      }
    },
    {
      "RequestUri": "https://management.azure.com/subscriptions/264e9200-2944-4334-9a02-721e6268b55f/resourceGroups/testRg9362/providers/Microsoft.IoTFirmwareDefense/workspaces/resource8879?api-version=2023-02-08-preview",
      "RequestMethod": "PUT",
      "RequestHeaders": {
        "Accept": "application/json",
        "Authorization": "Sanitized",
        "Content-Length": "47",
        "Content-Type": "application/json",
        "traceparent": "00-2eea2ac1eb067873141fa689ecc0239a-9a47ba39c17e10e8-00",
        "User-Agent": "azsdk-net-ResourceManager.IotFirmwareDefense/1.0.0-alpha.20230526.1 (.NET 6.0.16; Microsoft Windows 10.0.22621)",
        "x-ms-client-request-id": "ed137d5ff1bee64fb1241e10cc2879ac",
        "x-ms-return-client-request-id": "true"
      },
      "RequestBody": {
        "tags": {},
        "location": "eastus",
        "properties": {}
      },
      "StatusCode": 200,
      "ResponseHeaders": {
        "Cache-Control": "no-cache",
        "Content-Length": "575",
        "Content-Type": "application/json; charset=utf-8",
        "Date": "Fri, 26 May 2023 20:31:27 GMT",
        "ETag": "\u0022af00c43e-0000-0100-0000-6471171f0000\u0022",
        "Expires": "-1",
        "Pragma": "no-cache",
        "Strict-Transport-Security": "max-age=31536000; includeSubDomains",
        "X-Content-Type-Options": "nosniff",
        "x-ms-client-request-id": "ed137d5ff1bee64fb1241e10cc2879ac",
        "x-ms-correlation-request-id": "ac5e8187-3129-4e9c-822e-d42ee0722671",
        "x-ms-providerhub-traffic": "True",
        "x-ms-ratelimit-remaining-subscription-writes": "1170",
        "x-ms-request-id": "4aca7ea3-9684-43db-95d5-d7a30a9e94e0",
        "x-ms-routing-request-id": "CANADACENTRAL:20230526T203127Z:ac5e8187-3129-4e9c-822e-d42ee0722671"
      },
      "ResponseBody": {
        "id": "/subscriptions/264e9200-2944-4334-9a02-721e6268b55f/resourceGroups/testRg9362/providers/Microsoft.IoTFirmwareDefense/workspaces/resource8879",
        "name": "resource8879",
        "type": "microsoft.iotfirmwaredefense/workspaces",
        "location": "eastus",
        "tags": {},
        "systemData": {
          "createdBy": "7b16e1fa-ea98-4de3-bf0e-c580630393bd",
          "createdByType": "Application",
          "createdAt": "2023-05-26T20:31:27.1674257Z",
          "lastModifiedBy": "7b16e1fa-ea98-4de3-bf0e-c580630393bd",
          "lastModifiedByType": "Application",
          "lastModifiedAt": "2023-05-26T20:31:27.1674257Z"
        },
        "properties": {
          "provisioningState": "Succeeded"
        }
      }
    },
    {
      "RequestUri": "https://management.azure.com/subscriptions/264e9200-2944-4334-9a02-721e6268b55f/resourceGroups/testRg9362/providers/Microsoft.IoTFirmwareDefense/workspaces/resource8879?api-version=2023-02-08-preview",
      "RequestMethod": "GET",
      "RequestHeaders": {
        "Accept": "application/json",
        "Authorization": "Sanitized",
        "traceparent": "00-01db9117515277bf851469c11b7bc1d4-91c95fca25983c4c-00",
        "User-Agent": "azsdk-net-ResourceManager.IotFirmwareDefense/1.0.0-alpha.20230526.1 (.NET 6.0.16; Microsoft Windows 10.0.22621)",
        "x-ms-client-request-id": "c33d744089a1d5ea0bec65de0278ab6c",
        "x-ms-return-client-request-id": "true"
      },
      "RequestBody": null,
      "StatusCode": 200,
      "ResponseHeaders": {
        "Cache-Control": "no-cache",
        "Content-Length": "575",
        "Content-Type": "application/json; charset=utf-8",
        "Date": "Fri, 26 May 2023 20:31:27 GMT",
        "ETag": "\u0022af00c43e-0000-0100-0000-6471171f0000\u0022",
        "Expires": "-1",
        "Pragma": "no-cache",
        "Strict-Transport-Security": "max-age=31536000; includeSubDomains",
        "X-Content-Type-Options": "nosniff",
        "x-ms-client-request-id": "c33d744089a1d5ea0bec65de0278ab6c",
        "x-ms-correlation-request-id": "12eac099-655c-447c-831a-623c5859abdc",
        "x-ms-providerhub-traffic": "True",
        "x-ms-ratelimit-remaining-subscription-reads": "11983",
        "x-ms-request-id": "09f7967b-2ffd-4ed3-b480-ddf6d2414378",
        "x-ms-routing-request-id": "CANADACENTRAL:20230526T203127Z:12eac099-655c-447c-831a-623c5859abdc"
      },
      "ResponseBody": {
        "id": "/subscriptions/264e9200-2944-4334-9a02-721e6268b55f/resourceGroups/testRg9362/providers/Microsoft.IoTFirmwareDefense/workspaces/resource8879",
        "name": "resource8879",
        "type": "microsoft.iotfirmwaredefense/workspaces",
        "location": "eastus",
        "tags": {},
        "systemData": {
          "createdBy": "7b16e1fa-ea98-4de3-bf0e-c580630393bd",
          "createdByType": "Application",
          "createdAt": "2023-05-26T20:31:27.1674257Z",
          "lastModifiedBy": "7b16e1fa-ea98-4de3-bf0e-c580630393bd",
          "lastModifiedByType": "Application",
          "lastModifiedAt": "2023-05-26T20:31:27.1674257Z"
        },
        "properties": {
          "provisioningState": "Succeeded"
        }
      }
    },
    {
      "RequestUri": "https://management.azure.com/subscriptions/264e9200-2944-4334-9a02-721e6268b55f/resourceGroups/testRg9362/providers/Microsoft.IoTFirmwareDefense/workspaces/resource8879?api-version=2023-02-08-preview",
      "RequestMethod": "DELETE",
      "RequestHeaders": {
        "Accept": "application/json",
        "Authorization": "Sanitized",
        "traceparent": "00-46dc66f09db0c28a24b583d70e4a2d2d-06560dd996156c2a-00",
        "User-Agent": "azsdk-net-ResourceManager.IotFirmwareDefense/1.0.0-alpha.20230526.1 (.NET 6.0.16; Microsoft Windows 10.0.22621)",
        "x-ms-client-request-id": "5c48013d18fd08077e80b85b4c8985f7",
        "x-ms-return-client-request-id": "true"
      },
      "RequestBody": null,
      "StatusCode": 200,
      "ResponseHeaders": {
        "Cache-Control": "no-cache",
        "Content-Length": "0",
        "Date": "Fri, 26 May 2023 20:31:28 GMT",
        "Expires": "-1",
        "Pragma": "no-cache",
        "Strict-Transport-Security": "max-age=31536000; includeSubDomains",
        "X-Content-Type-Options": "nosniff",
        "x-ms-client-request-id": "5c48013d18fd08077e80b85b4c8985f7",
        "x-ms-correlation-request-id": "d1ac2bcb-b21c-489f-9ce6-da4d4d74b0f0",
        "x-ms-providerhub-traffic": "True",
        "x-ms-ratelimit-remaining-subscription-deletes": "14997",
        "x-ms-request-id": "00000000-0000-0000-0000-000000000000",
        "x-ms-routing-request-id": "CANADACENTRAL:20230526T203128Z:d1ac2bcb-b21c-489f-9ce6-da4d4d74b0f0"
      },
      "ResponseBody": null
    },
    {
      "RequestUri": "https://management.azure.com/subscriptions/264e9200-2944-4334-9a02-721e6268b55f/resourceGroups/testRg9362/providers/Microsoft.IoTFirmwareDefense/workspaces/resource8879?api-version=2023-02-08-preview",
      "RequestMethod": "GET",
      "RequestHeaders": {
        "Accept": "application/json",
        "Authorization": "Sanitized",
        "traceparent": "00-9cf53f91cb03ff7fae3a9111eb26aab7-72eecd690c196355-00",
        "User-Agent": "azsdk-net-ResourceManager.IotFirmwareDefense/1.0.0-alpha.20230526.1 (.NET 6.0.16; Microsoft Windows 10.0.22621)",
        "x-ms-client-request-id": "2d0a548a0341d613923ee1d18b71e339",
        "x-ms-return-client-request-id": "true"
      },
      "RequestBody": null,
      "StatusCode": 404,
      "ResponseHeaders": {
        "Cache-Control": "no-cache",
        "Content-Length": "234",
        "Content-Type": "application/json; charset=utf-8",
        "Date": "Fri, 26 May 2023 20:31:28 GMT",
        "Expires": "-1",
        "Pragma": "no-cache",
        "Strict-Transport-Security": "max-age=31536000; includeSubDomains",
        "X-Content-Type-Options": "nosniff",
        "x-ms-correlation-request-id": "961d73c9-53a2-4350-9015-5d2a4ec1544e",
        "x-ms-failure-cause": "gateway",
        "x-ms-request-id": "961d73c9-53a2-4350-9015-5d2a4ec1544e",
        "x-ms-routing-request-id": "CANADACENTRAL:20230526T203128Z:961d73c9-53a2-4350-9015-5d2a4ec1544e"
      },
      "ResponseBody": {
        "error": {
          "code": "ResourceNotFound",
          "message": "The Resource \u0027Microsoft.IoTFirmwareDefense/workspaces/resource8879\u0027 under resource group \u0027testRg9362\u0027 was not found. For more details please go to https://aka.ms/ARMResourceNotFoundFix"
        }
      }
    }
  ],
  "Variables": {
    "AZURE_AUTHORITY_HOST": "https://login.microsoftonline.com",
    "RandomSeed": "985657652",
    "RESOURCE_MANAGER_URL": null,
    "SUBSCRIPTION_ID": "264e9200-2944-4334-9a02-721e6268b55f"
  }
}
