{
  "Entries": [
    {
      "RequestUri": "https://management.azure.com/subscriptions/db1ab6f0-4769-4b27-930e-01e2ef9c123c?api-version=2021-01-01",
      "RequestMethod": "GET",
      "RequestHeaders": {
        "Accept": "application/json",
        "Authorization": "Sanitized",
        "traceparent": "00-1e7c32872a379b4ca7e2795b75316fc7-454e4e3d4544b044-00",
        "User-Agent": "azsdk-net-ResourceManager/1.3.1 (.NET Core 3.1.30; Microsoft Windows 10.0.22621)",
        "x-ms-client-request-id": "4a77d08461525f30cde672abe6ee3bce",
        "x-ms-return-client-request-id": "true"
      },
      "RequestBody": null,
      "StatusCode": 200,
      "ResponseHeaders": {
        "Cache-Control": "no-cache",
        "Content-Length": "747",
        "Content-Type": "application/json; charset=utf-8",
        "Date": "Mon, 17 Oct 2022 03:23:42 GMT",
        "Expires": "-1",
        "Pragma": "no-cache",
        "Strict-Transport-Security": "max-age=31536000; includeSubDomains",
        "X-Content-Type-Options": "nosniff",
        "x-ms-correlation-request-id": "a8cd6de7-eded-44ca-921b-49843af596ef",
        "x-ms-ratelimit-remaining-subscription-reads": "11999",
        "x-ms-request-id": "a8cd6de7-eded-44ca-921b-49843af596ef",
        "x-ms-routing-request-id": "SOUTHEASTASIA:20221017T032343Z:a8cd6de7-eded-44ca-921b-49843af596ef"
      },
      "ResponseBody": {
        "id": "/subscriptions/db1ab6f0-4769-4b27-930e-01e2ef9c123c",
        "authorizationSource": "RoleBased",
        "managedByTenants": [],
        "tags": {
          "TagKey-9823": "TagValue-566",
          "TagKey-3481": "TagValue-320",
          "TagKey-4926": "TagValue-1187",
          "TagKey-751": "TagValue-3921",
          "TagKey-1866": "TagValue-8559",
          "TagKey-3094": "TagValue-9190",
          "TagKey-2449": "TagValue-9",
          "TagKey-8379": "TagValue-164",
          "TagKey-7470": "TagValue-2205",
          "TagKey-4236": "TagValue-3698",
          "TagKey-5316": "TagValue-2725"
        },
        "subscriptionId": "db1ab6f0-4769-4b27-930e-01e2ef9c123c",
        "tenantId": "72f988bf-86f1-41af-91ab-2d7cd011db47",
        "displayName": ".NET Mgmt SDK Test with TTL = 1 Day",
        "state": "Enabled",
        "subscriptionPolicies": {
          "locationPlacementId": "Internal_2014-09-01",
          "quotaId": "Internal_2014-09-01",
          "spendingLimit": "Off"
        }
      }
    },
    {
      "RequestUri": "https://management.azure.com/subscriptions/db1ab6f0-4769-4b27-930e-01e2ef9c123c/resourcegroups/MediaServiceRG7271?api-version=2021-04-01",
      "RequestMethod": "PUT",
      "RequestHeaders": {
        "Accept": "application/json",
        "Authorization": "Sanitized",
        "Content-Length": "22",
        "Content-Type": "application/json",
        "traceparent": "00-30c3c358c7c48e498a6fc746bdee7ff5-383dae02538c044f-00",
        "User-Agent": "azsdk-net-ResourceManager/1.3.1 (.NET Core 3.1.30; Microsoft Windows 10.0.22621)",
        "x-ms-client-request-id": "e8cc1d759c7d18e1cb67f17abaf065d6",
        "x-ms-return-client-request-id": "true"
      },
      "RequestBody": {
        "location": "westus2"
      },
      "StatusCode": 201,
      "ResponseHeaders": {
        "Cache-Control": "no-cache",
        "Content-Length": "234",
        "Content-Type": "application/json; charset=utf-8",
        "Date": "Mon, 17 Oct 2022 03:23:46 GMT",
        "Expires": "-1",
        "Pragma": "no-cache",
        "Strict-Transport-Security": "max-age=31536000; includeSubDomains",
        "X-Content-Type-Options": "nosniff",
        "x-ms-correlation-request-id": "653bd769-16a0-4cb0-960a-17fff42d6b07",
        "x-ms-ratelimit-remaining-subscription-writes": "1199",
        "x-ms-request-id": "653bd769-16a0-4cb0-960a-17fff42d6b07",
        "x-ms-routing-request-id": "SOUTHEASTASIA:20221017T032347Z:653bd769-16a0-4cb0-960a-17fff42d6b07"
      },
      "ResponseBody": {
        "id": "/subscriptions/db1ab6f0-4769-4b27-930e-01e2ef9c123c/resourceGroups/MediaServiceRG7271",
        "name": "MediaServiceRG7271",
        "type": "Microsoft.Resources/resourceGroups",
        "location": "westus2",
        "properties": {
          "provisioningState": "Succeeded"
        }
      }
    },
    {
      "RequestUri": "https://management.azure.com/subscriptions/db1ab6f0-4769-4b27-930e-01e2ef9c123c/resourceGroups/MediaServiceRG7271/providers/Microsoft.Storage/storageAccounts/azstorageformedia5810?api-version=2022-05-01",
      "RequestMethod": "PUT",
      "RequestHeaders": {
        "Accept": "application/json",
        "Authorization": "Sanitized",
        "Content-Length": "107",
        "Content-Type": "application/json",
        "traceparent": "00-b1872b91762dcd4cbdd1f8ec0e583746-7e4e47e75b9cf741-00",
        "User-Agent": "azsdk-net-ResourceManager.Storage/1.0.0 (.NET Core 3.1.30; Microsoft Windows 10.0.22621)",
        "x-ms-client-request-id": "ebe9e4410781ecb96ccc11d9259ea8c7",
        "x-ms-return-client-request-id": "true"
      },
      "RequestBody": {
        "sku": {
          "name": "Standard_LRS"
        },
        "kind": "BlobStorage",
        "location": "westus2",
        "properties": {
          "accessTier": "Hot"
        }
      },
      "StatusCode": 202,
      "ResponseHeaders": {
        "Cache-Control": "no-cache",
        "Content-Length": "0",
        "Content-Type": "text/plain; charset=utf-8",
        "Date": "Mon, 17 Oct 2022 03:23:52 GMT",
        "Expires": "-1",
        "Location": "https://management.azure.com/subscriptions/db1ab6f0-4769-4b27-930e-01e2ef9c123c/providers/Microsoft.Storage/locations/westus2/asyncoperations/50c37ac9-f5f9-4f36-986f-083b5ee9637a?monitor=true\u0026api-version=2022-05-01",
        "Pragma": "no-cache",
        "Retry-After": "17",
        "Server": "Microsoft-Azure-Storage-Resource-Provider/1.0,Microsoft-HTTPAPI/2.0 Microsoft-HTTPAPI/2.0",
        "Strict-Transport-Security": "max-age=31536000; includeSubDomains",
        "X-Content-Type-Options": "nosniff",
        "x-ms-client-request-id": "ebe9e4410781ecb96ccc11d9259ea8c7",
        "x-ms-correlation-request-id": "233b94d3-11ce-4eef-b4a7-7b2337e0ebd3",
        "x-ms-ratelimit-remaining-subscription-writes": "1198",
        "x-ms-request-id": "50c37ac9-f5f9-4f36-986f-083b5ee9637a",
        "x-ms-routing-request-id": "SOUTHEASTASIA:20221017T032353Z:233b94d3-11ce-4eef-b4a7-7b2337e0ebd3"
      },
      "ResponseBody": null
    },
    {
      "RequestUri": "https://management.azure.com/subscriptions/db1ab6f0-4769-4b27-930e-01e2ef9c123c/providers/Microsoft.Storage/locations/westus2/asyncoperations/50c37ac9-f5f9-4f36-986f-083b5ee9637a?monitor=true\u0026api-version=2022-05-01",
      "RequestMethod": "GET",
      "RequestHeaders": {
        "Authorization": "Sanitized",
        "traceparent": "00-b1872b91762dcd4cbdd1f8ec0e583746-e92e48273800d64f-00",
        "User-Agent": "azsdk-net-ResourceManager/1.3.1 (.NET Core 3.1.30; Microsoft Windows 10.0.22621)",
        "x-ms-client-request-id": "57ac99d411e415f412fb11d0d03ea5c8",
        "x-ms-return-client-request-id": "true"
      },
      "RequestBody": null,
      "StatusCode": 202,
      "ResponseHeaders": {
        "Cache-Control": "no-cache",
        "Content-Length": "0",
        "Content-Type": "text/plain; charset=utf-8",
        "Date": "Mon, 17 Oct 2022 03:23:52 GMT",
        "Expires": "-1",
        "Location": "https://management.azure.com/subscriptions/db1ab6f0-4769-4b27-930e-01e2ef9c123c/providers/Microsoft.Storage/locations/westus2/asyncoperations/50c37ac9-f5f9-4f36-986f-083b5ee9637a?monitor=true\u0026api-version=2022-05-01",
        "Pragma": "no-cache",
        "Retry-After": "17",
        "Server": "Microsoft-Azure-Storage-Resource-Provider/1.0,Microsoft-HTTPAPI/2.0 Microsoft-HTTPAPI/2.0",
        "Strict-Transport-Security": "max-age=31536000; includeSubDomains",
        "X-Content-Type-Options": "nosniff",
        "x-ms-client-request-id": "57ac99d411e415f412fb11d0d03ea5c8",
        "x-ms-correlation-request-id": "f470d93c-9943-4b5c-aceb-ee78cd83a212",
        "x-ms-ratelimit-remaining-subscription-reads": "11998",
        "x-ms-request-id": "21379f19-7b65-42d1-8a26-c80fc16060ee",
        "x-ms-routing-request-id": "SOUTHEASTASIA:20221017T032353Z:f470d93c-9943-4b5c-aceb-ee78cd83a212"
      },
      "ResponseBody": null
    },
    {
      "RequestUri": "https://management.azure.com/subscriptions/db1ab6f0-4769-4b27-930e-01e2ef9c123c/providers/Microsoft.Storage/locations/westus2/asyncoperations/50c37ac9-f5f9-4f36-986f-083b5ee9637a?monitor=true\u0026api-version=2022-05-01",
      "RequestMethod": "GET",
      "RequestHeaders": {
        "Authorization": "Sanitized",
        "traceparent": "00-b1872b91762dcd4cbdd1f8ec0e583746-e0c3d6c58f85ad46-00",
        "User-Agent": "azsdk-net-ResourceManager/1.3.1 (.NET Core 3.1.30; Microsoft Windows 10.0.22621)",
        "x-ms-client-request-id": "fa56b249c9503ab5b054b9fa0d7a0759",
        "x-ms-return-client-request-id": "true"
      },
      "RequestBody": null,
      "StatusCode": 200,
      "ResponseHeaders": {
        "Cache-Control": "no-cache",
        "Content-Length": "1278",
        "Content-Type": "application/json",
        "Date": "Mon, 17 Oct 2022 03:24:10 GMT",
        "Expires": "-1",
        "Pragma": "no-cache",
        "Server": "Microsoft-Azure-Storage-Resource-Provider/1.0,Microsoft-HTTPAPI/2.0 Microsoft-HTTPAPI/2.0",
        "Strict-Transport-Security": "max-age=31536000; includeSubDomains",
        "X-Content-Type-Options": "nosniff",
        "x-ms-client-request-id": "fa56b249c9503ab5b054b9fa0d7a0759",
        "x-ms-correlation-request-id": "ba2c8fe3-cd00-4588-8e1a-947a8dd3ad98",
        "x-ms-ratelimit-remaining-subscription-reads": "11997",
        "x-ms-request-id": "8e84fa96-0699-4a50-8371-b0af4637e8d4",
        "x-ms-routing-request-id": "SOUTHEASTASIA:20221017T032411Z:ba2c8fe3-cd00-4588-8e1a-947a8dd3ad98"
      },
      "ResponseBody": {
        "sku": {
          "name": "Standard_LRS",
          "tier": "Standard"
        },
        "kind": "BlobStorage",
        "id": "/subscriptions/db1ab6f0-4769-4b27-930e-01e2ef9c123c/resourceGroups/MediaServiceRG7271/providers/Microsoft.Storage/storageAccounts/azstorageformedia5810",
        "name": "azstorageformedia5810",
        "type": "Microsoft.Storage/storageAccounts",
        "location": "westus2",
        "tags": {},
        "properties": {
          "keyCreationTime": {
            "key1": "2022-10-17T03:23:50.7449546Z",
            "key2": "2022-10-17T03:23:50.7449546Z"
          },
          "privateEndpointConnections": [],
          "minimumTlsVersion": "TLS1_0",
          "allowBlobPublicAccess": true,
          "networkAcls": {
            "bypass": "AzureServices",
            "virtualNetworkRules": [],
            "ipRules": [],
            "defaultAction": "Allow"
          },
          "supportsHttpsTrafficOnly": true,
          "encryption": {
            "services": {
              "file": {
                "keyType": "Account",
                "enabled": true,
                "lastEnabledTime": "2022-10-17T03:23:50.8543586Z"
              },
              "blob": {
                "keyType": "Account",
                "enabled": true,
                "lastEnabledTime": "2022-10-17T03:23:50.8543586Z"
              }
            },
            "keySource": "Microsoft.Storage"
          },
          "accessTier": "Hot",
          "provisioningState": "Succeeded",
          "creationTime": "2022-10-17T03:23:50.6511933Z",
          "primaryEndpoints": {
            "dfs": "https://azstorageformedia5810.dfs.core.windows.net/",
            "blob": "https://azstorageformedia5810.blob.core.windows.net/",
            "table": "https://azstorageformedia5810.table.core.windows.net/"
          },
          "primaryLocation": "westus2",
          "statusOfPrimary": "available"
        }
      }
    },
    {
      "RequestUri": "https://management.azure.com/subscriptions/db1ab6f0-4769-4b27-930e-01e2ef9c123c/resourceGroups/MediaServiceRG7271/providers/Microsoft.Media/mediaservices/mediaservice8876?api-version=2021-11-01",
      "RequestMethod": "PUT",
      "RequestHeaders": {
        "Accept": "application/json",
        "Authorization": "Sanitized",
        "Content-Length": "245",
        "Content-Type": "application/json",
        "traceparent": "00-f048bc1dde5c7d49ae0ba4a048eb0867-4ca09d9be98a8340-00",
        "User-Agent": "azsdk-net-ResourceManager.Media/1.1.0-alpha.20221017.1 (.NET Core 3.1.30; Microsoft Windows 10.0.22621)",
        "x-ms-client-request-id": "f18c0504e3500152fffb9bf563c4f3e1",
        "x-ms-return-client-request-id": "true"
      },
      "RequestBody": {
        "tags": {},
        "location": "westus2",
        "properties": {
          "storageAccounts": [
            {
              "id": "/subscriptions/db1ab6f0-4769-4b27-930e-01e2ef9c123c/resourceGroups/MediaServiceRG7271/providers/Microsoft.Storage/storageAccounts/azstorageformedia5810",
              "type": "Primary"
            }
          ]
        }
      },
      "StatusCode": 201,
      "ResponseHeaders": {
        "Azure-AsyncOperation": "https://management.azure.com/subscriptions/db1ab6f0-4769-4b27-930e-01e2ef9c123c/providers/Microsoft.Media/locations/westus2/mediaServicesOperationStatuses/e81ac1ae-4e64-4b71-adfc-230b59378d6d?api-version=2021-11-01",
        "Cache-Control": "no-cache",
        "Content-Length": "849",
        "Content-Type": "application/json; odata.metadata=minimal",
        "Date": "Mon, 17 Oct 2022 03:24:14 GMT",
        "Expires": "-1",
        "Location": "https://management.azure.com/subscriptions/db1ab6f0-4769-4b27-930e-01e2ef9c123c/providers/Microsoft.Media/locations/westus2/mediaServicesOperationResults/e81ac1ae-4e64-4b71-adfc-230b59378d6d?api-version=2021-11-01",
        "OData-Version": "4.0",
        "Pragma": "no-cache",
        "Retry-After": "30",
        "Server": "Microsoft-HTTPAPI/2.0",
        "Strict-Transport-Security": "max-age=31536000; includeSubDomains",
        "X-Content-Type-Options": "nosniff",
        "x-ms-client-request-id": "f18c0504e3500152fffb9bf563c4f3e1",
        "x-ms-correlation-request-id": "1a2b21fd-47c6-4b15-92e7-f7b23f2b19e6",
        "x-ms-ratelimit-remaining-subscription-writes": "1197",
        "x-ms-request-id": "ad3a29a7-5351-43bf-9f6c-c7d699cb9019",
        "x-ms-routing-request-id": "SOUTHEASTASIA:20221017T032414Z:1a2b21fd-47c6-4b15-92e7-f7b23f2b19e6"
      },
      "ResponseBody": {
        "name": "mediaservice8876",
        "id": "/subscriptions/db1ab6f0-4769-4b27-930e-01e2ef9c123c/resourceGroups/MediaServiceRG7271/providers/Microsoft.Media/mediaservices/mediaservice8876",
        "type": "Microsoft.Media/mediaservices",
        "location": "West US 2",
        "tags": {},
        "properties": {
          "mediaServiceId": "ebc6dd7c-56b4-428b-b2ee-5e4229934d30",
          "storageAccounts": [
            {
              "id": "/subscriptions/db1ab6f0-4769-4b27-930e-01e2ef9c123c/resourceGroups/MediaServiceRG7271/providers/Microsoft.Storage/storageAccounts/azstorageformedia5810",
              "type": "Primary"
            }
          ],
          "storageAuthentication": "System",
          "keyDelivery": {
            "accessControl": {
              "defaultAction": "Allow",
              "ipAllowList": []
            }
          },
          "publicNetworkAccess": "Enabled",
          "provisioningState": "InProgress",
          "privateEndpointConnections": []
        }
      }
    },
    {
      "RequestUri": "https://management.azure.com/subscriptions/db1ab6f0-4769-4b27-930e-01e2ef9c123c/providers/Microsoft.Media/locations/westus2/mediaServicesOperationStatuses/e81ac1ae-4e64-4b71-adfc-230b59378d6d?api-version=2021-11-01",
      "RequestMethod": "GET",
      "RequestHeaders": {
        "Authorization": "Sanitized",
        "traceparent": "00-f048bc1dde5c7d49ae0ba4a048eb0867-3240c49e6bf0fc4d-00",
        "User-Agent": "azsdk-net-ResourceManager/1.3.1 (.NET Core 3.1.30; Microsoft Windows 10.0.22621)",
        "x-ms-client-request-id": "39ccf9b7d719cff803f951cd1a454d90",
        "x-ms-return-client-request-id": "true"
      },
      "RequestBody": null,
      "StatusCode": 200,
      "ResponseHeaders": {
        "Cache-Control": "no-cache",
        "Content-Length": "329",
        "Content-Type": "application/json; odata.metadata=minimal; odata.streaming=true",
        "Date": "Mon, 17 Oct 2022 03:24:14 GMT",
        "Expires": "-1",
        "OData-Version": "4.0",
        "Pragma": "no-cache",
        "Server": "Microsoft-HTTPAPI/2.0",
        "Strict-Transport-Security": "max-age=31536000; includeSubDomains",
        "X-Content-Type-Options": "nosniff",
        "x-ms-client-request-id": "39ccf9b7d719cff803f951cd1a454d90",
        "x-ms-correlation-request-id": "000c6173-ae7c-49b4-90bb-0e2fb8b33998",
        "x-ms-ratelimit-remaining-subscription-reads": "11996",
        "x-ms-request-id": "7ccbc266-dfcc-4fd5-b84f-a7176c04dd01",
        "x-ms-routing-request-id": "SOUTHEASTASIA:20221017T032415Z:000c6173-ae7c-49b4-90bb-0e2fb8b33998"
      },
      "ResponseBody": {
        "name": "e81ac1ae-4e64-4b71-adfc-230b59378d6d",
        "id": "/subscriptions/db1ab6f0-4769-4b27-930e-01e2ef9c123c/providers/Microsoft.Media/locations/westus2/mediaServicesOperationStatuses/e81ac1ae-4e64-4b71-adfc-230b59378d6d",
        "startTime": "2022-10-17T03:24:13.8026868Z",
        "endTime": "2022-10-17T03:24:14.3027018Z",
        "status": "Succeeded"
      }
    },
    {
      "RequestUri": "https://management.azure.com/subscriptions/db1ab6f0-4769-4b27-930e-01e2ef9c123c/resourceGroups/MediaServiceRG7271/providers/Microsoft.Media/mediaservices/mediaservice8876?api-version=2021-11-01",
      "RequestMethod": "GET",
      "RequestHeaders": {
        "Authorization": "Sanitized",
        "traceparent": "00-f048bc1dde5c7d49ae0ba4a048eb0867-e525ca1cc4c5e04b-00",
        "User-Agent": "azsdk-net-ResourceManager/1.3.1 (.NET Core 3.1.30; Microsoft Windows 10.0.22621)",
        "x-ms-client-request-id": "83db18c69dd547dcfaa77fa953fa07f6",
        "x-ms-return-client-request-id": "true"
      },
      "RequestBody": null,
      "StatusCode": 200,
      "ResponseHeaders": {
        "Cache-Control": "no-cache",
        "Content-Length": "876",
        "Content-Type": "application/json; odata.metadata=minimal; odata.streaming=true",
        "Date": "Mon, 17 Oct 2022 03:24:15 GMT",
        "Expires": "-1",
        "OData-Version": "4.0",
        "Pragma": "no-cache",
        "Server": "Microsoft-HTTPAPI/2.0",
        "Strict-Transport-Security": "max-age=31536000; includeSubDomains",
        "X-Content-Type-Options": "nosniff",
        "x-ms-client-request-id": "83db18c69dd547dcfaa77fa953fa07f6",
        "x-ms-correlation-request-id": "f429256a-e302-4abf-b7dd-434660e2c0f1",
        "x-ms-ratelimit-remaining-subscription-reads": "11995",
        "x-ms-request-id": "f333e09e-8b45-4a93-834b-e9d2ae93bbf9",
        "x-ms-routing-request-id": "SOUTHEASTASIA:20221017T032415Z:f429256a-e302-4abf-b7dd-434660e2c0f1"
      },
      "ResponseBody": {
        "name": "mediaservice8876",
        "id": "/subscriptions/db1ab6f0-4769-4b27-930e-01e2ef9c123c/resourceGroups/MediaServiceRG7271/providers/Microsoft.Media/mediaservices/mediaservice8876",
        "type": "Microsoft.Media/mediaservices",
        "location": "West US 2",
        "properties": {
          "mediaServiceId": "ebc6dd7c-56b4-428b-b2ee-5e4229934d30",
          "storageAccounts": [
            {
              "id": "/subscriptions/db1ab6f0-4769-4b27-930e-01e2ef9c123c/resourceGroups/MediaServiceRG7271/providers/Microsoft.Storage/storageAccounts/azstorageformedia5810",
              "type": "Primary"
            }
          ],
          "storageAuthentication": "System",
          "encryption": {
            "type": "SystemKey"
          },
          "keyDelivery": {
            "accessControl": {
              "defaultAction": "Allow",
              "ipAllowList": []
            }
          },
          "publicNetworkAccess": "Enabled",
          "provisioningState": "Succeeded",
          "privateEndpointConnections": []
        }
      }
    }
  ],
  "Variables": {
    "AZURE_AUTHORITY_HOST": "https://login.microsoftonline.com",
    "RandomSeed": "757044578",
    "RESOURCE_MANAGER_URL": null,
    "SUBSCRIPTION_ID": "db1ab6f0-4769-4b27-930e-01e2ef9c123c"
  }
}
