{
  "Entries": [
    {
      "RequestUri": "https://management.azure.com/subscriptions/45b60d85-fd72-427a-a708-f994d26e593e/resourcegroups/res4153?api-version=2019-10-01",
      "RequestMethod": "PUT",
      "RequestHeaders": {
        "Authorization": "Sanitized",
        "Content-Length": "22",
        "Content-Type": "application/json",
        "traceparent": "00-711d9bf2af4f204c8025ab24ee54b963-228686243a119640-00",
        "User-Agent": [
          "azsdk-net-Management.Resources/1.0.0-dev.20200601.1",
          "(.NET Framework 4.8.4180.0; Microsoft Windows 10.0.19041 )"
        ],
        "x-ms-client-request-id": "ec97629f70b7d62ab8742f06711386e0",
        "x-ms-return-client-request-id": "true"
      },
      "RequestBody": {
        "location": "eastus2"
      },
      "StatusCode": 201,
      "ResponseHeaders": {
        "Cache-Control": "no-cache",
        "Content-Length": "212",
        "Content-Type": "application/json; charset=utf-8",
        "Date": "Mon, 01 Jun 2020 06:30:13 GMT",
        "Expires": "-1",
        "Pragma": "no-cache",
        "Strict-Transport-Security": "max-age=31536000; includeSubDomains",
        "X-Content-Type-Options": "nosniff",
        "x-ms-correlation-request-id": "1bd9e3a0-5ae5-4379-9106-16c337536875",
        "x-ms-ratelimit-remaining-subscription-writes": "1091",
        "x-ms-request-id": "1bd9e3a0-5ae5-4379-9106-16c337536875",
        "x-ms-routing-request-id": "SOUTHEASTASIA:20200601T063013Z:1bd9e3a0-5ae5-4379-9106-16c337536875"
      },
      "ResponseBody": {
        "id": "/subscriptions/45b60d85-fd72-427a-a708-f994d26e593e/resourceGroups/res4153",
        "name": "res4153",
        "type": "Microsoft.Resources/resourceGroups",
        "location": "eastus2",
        "properties": {
          "provisioningState": "Succeeded"
        }
      }
    },
    {
      "RequestUri": "https://management.azure.com/subscriptions/45b60d85-fd72-427a-a708-f994d26e593e/resourceGroups/res4153/providers/Microsoft.Storage/storageAccounts/sto6618?api-version=2019-06-01",
      "RequestMethod": "PUT",
      "RequestHeaders": {
        "Authorization": "Sanitized",
        "Content-Length": "240",
        "Content-Type": "application/json",
        "traceparent": "00-ac44b23e43e4994d87ac3e44f15666b2-af71ae242765b34a-00",
        "User-Agent": [
          "azsdk-net-Management.Storage/1.0.0-dev.20200601.1",
          "(.NET Framework 4.8.4180.0; Microsoft Windows 10.0.19041 )"
        ],
        "x-ms-client-request-id": "06e65973db542435ecd38c5fe9c5962b",
        "x-ms-return-client-request-id": "true"
      },
      "RequestBody": {
        "sku": {
          "name": "Standard_GRS"
        },
        "kind": "Storage",
        "location": "eastus2(stage)",
        "tags": {
          "key1": "value1",
          "key2": "value2"
        },
        "properties": {
          "encryption": {
            "services": {
              "blob": {
                "enabled": true
              },
              "file": {
                "enabled": true
              }
            },
            "keySource": "Microsoft.Storage"
          }
        }
      },
      "StatusCode": 202,
      "ResponseHeaders": {
        "Cache-Control": "no-cache",
        "Content-Length": "0",
        "Content-Type": "text/plain; charset=utf-8",
        "Date": "Mon, 01 Jun 2020 06:30:20 GMT",
        "Expires": "-1",
        "Location": "https://management.azure.com/subscriptions/45b60d85-fd72-427a-a708-f994d26e593e/providers/Microsoft.Storage/locations/eastus2(stage)/asyncoperations/cc2b7fd1-a672-4daf-8ecb-fcdafd0f3c30?monitor=true\u0026api-version=2019-06-01",
        "Pragma": "no-cache",
        "Retry-After": "17",
        "Server": "Microsoft-Azure-Storage-Resource-Provider/1.0,Microsoft-HTTPAPI/2.0 Microsoft-HTTPAPI/2.0",
        "Strict-Transport-Security": "max-age=31536000; includeSubDomains",
        "X-Content-Type-Options": "nosniff",
        "x-ms-client-request-id": "06e65973db542435ecd38c5fe9c5962b",
        "x-ms-correlation-request-id": "81cad8f7-2d55-4e37-8b02-1804bce59d96",
        "x-ms-ratelimit-remaining-subscription-writes": "1090",
        "x-ms-request-id": "cc2b7fd1-a672-4daf-8ecb-fcdafd0f3c30",
        "x-ms-routing-request-id": "SOUTHEASTASIA:20200601T063021Z:81cad8f7-2d55-4e37-8b02-1804bce59d96"
      },
      "ResponseBody": []
    },
    {
      "RequestUri": "https://management.azure.com/subscriptions/45b60d85-fd72-427a-a708-f994d26e593e/providers/Microsoft.Storage/locations/eastus2(stage)/asyncoperations/cc2b7fd1-a672-4daf-8ecb-fcdafd0f3c30?monitor=true\u0026api-version=2019-06-01",
      "RequestMethod": "GET",
      "RequestHeaders": {
        "Authorization": "Sanitized",
        "User-Agent": [
          "azsdk-net-Management.Storage/1.0.0-dev.20200601.1",
          "(.NET Framework 4.8.4180.0; Microsoft Windows 10.0.19041 )"
        ],
        "x-ms-client-request-id": "6c18797e73a6874a61c8cb9c9d77ceae",
        "x-ms-return-client-request-id": "true"
      },
      "RequestBody": null,
      "StatusCode": 202,
      "ResponseHeaders": {
        "Cache-Control": "no-cache",
        "Content-Length": "0",
        "Content-Type": "text/plain; charset=utf-8",
        "Date": "Mon, 01 Jun 2020 06:30:21 GMT",
        "Expires": "-1",
        "Location": "https://management.azure.com/subscriptions/45b60d85-fd72-427a-a708-f994d26e593e/providers/Microsoft.Storage/locations/eastus2(stage)/asyncoperations/cc2b7fd1-a672-4daf-8ecb-fcdafd0f3c30?monitor=true\u0026api-version=2019-06-01",
        "Pragma": "no-cache",
        "Retry-After": "17",
        "Server": "Microsoft-Azure-Storage-Resource-Provider/1.0,Microsoft-HTTPAPI/2.0 Microsoft-HTTPAPI/2.0",
        "Strict-Transport-Security": "max-age=31536000; includeSubDomains",
        "X-Content-Type-Options": "nosniff",
        "x-ms-client-request-id": "6c18797e73a6874a61c8cb9c9d77ceae",
        "x-ms-correlation-request-id": "4dc85ae8-1bbd-4c46-8c5d-27f825b724f1",
        "x-ms-ratelimit-remaining-subscription-reads": "11203",
        "x-ms-request-id": "71c811d2-3d2a-4177-be40-84c38108ba61",
        "x-ms-routing-request-id": "SOUTHEASTASIA:20200601T063021Z:4dc85ae8-1bbd-4c46-8c5d-27f825b724f1"
      },
      "ResponseBody": []
    },
    {
      "RequestUri": "https://management.azure.com/subscriptions/45b60d85-fd72-427a-a708-f994d26e593e/providers/Microsoft.Storage/locations/eastus2(stage)/asyncoperations/cc2b7fd1-a672-4daf-8ecb-fcdafd0f3c30?monitor=true\u0026api-version=2019-06-01",
      "RequestMethod": "GET",
      "RequestHeaders": {
        "Authorization": "Sanitized",
        "User-Agent": [
          "azsdk-net-Management.Storage/1.0.0-dev.20200601.1",
          "(.NET Framework 4.8.4180.0; Microsoft Windows 10.0.19041 )"
        ],
        "x-ms-client-request-id": "2a67da99a96862407187aceade2be6db",
        "x-ms-return-client-request-id": "true"
      },
      "RequestBody": null,
      "StatusCode": 202,
      "ResponseHeaders": {
        "Cache-Control": "no-cache",
        "Content-Length": "0",
        "Content-Type": "text/plain; charset=utf-8",
        "Date": "Mon, 01 Jun 2020 06:30:22 GMT",
        "Expires": "-1",
        "Location": "https://management.azure.com/subscriptions/45b60d85-fd72-427a-a708-f994d26e593e/providers/Microsoft.Storage/locations/eastus2(stage)/asyncoperations/cc2b7fd1-a672-4daf-8ecb-fcdafd0f3c30?monitor=true\u0026api-version=2019-06-01",
        "Pragma": "no-cache",
        "Retry-After": "17",
        "Server": "Microsoft-Azure-Storage-Resource-Provider/1.0,Microsoft-HTTPAPI/2.0 Microsoft-HTTPAPI/2.0",
        "Strict-Transport-Security": "max-age=31536000; includeSubDomains",
        "X-Content-Type-Options": "nosniff",
        "x-ms-client-request-id": "2a67da99a96862407187aceade2be6db",
        "x-ms-correlation-request-id": "255c54b6-8f64-4b18-b929-86545d9d762e",
        "x-ms-ratelimit-remaining-subscription-reads": "11202",
        "x-ms-request-id": "47af221a-7cb4-4e8a-82de-710be89d8054",
        "x-ms-routing-request-id": "SOUTHEASTASIA:20200601T063022Z:255c54b6-8f64-4b18-b929-86545d9d762e"
      },
      "ResponseBody": []
    },
    {
      "RequestUri": "https://management.azure.com/subscriptions/45b60d85-fd72-427a-a708-f994d26e593e/providers/Microsoft.Storage/locations/eastus2(stage)/asyncoperations/cc2b7fd1-a672-4daf-8ecb-fcdafd0f3c30?monitor=true\u0026api-version=2019-06-01",
      "RequestMethod": "GET",
      "RequestHeaders": {
        "Authorization": "Sanitized",
        "User-Agent": [
          "azsdk-net-Management.Storage/1.0.0-dev.20200601.1",
          "(.NET Framework 4.8.4180.0; Microsoft Windows 10.0.19041 )"
        ],
        "x-ms-client-request-id": "70e024ac29ad97859d96d4dd454bc1e2",
        "x-ms-return-client-request-id": "true"
      },
      "RequestBody": null,
      "StatusCode": 202,
      "ResponseHeaders": {
        "Cache-Control": "no-cache",
        "Content-Length": "0",
        "Content-Type": "text/plain; charset=utf-8",
        "Date": "Mon, 01 Jun 2020 06:30:23 GMT",
        "Expires": "-1",
        "Location": "https://management.azure.com/subscriptions/45b60d85-fd72-427a-a708-f994d26e593e/providers/Microsoft.Storage/locations/eastus2(stage)/asyncoperations/cc2b7fd1-a672-4daf-8ecb-fcdafd0f3c30?monitor=true\u0026api-version=2019-06-01",
        "Pragma": "no-cache",
        "Retry-After": "17",
        "Server": "Microsoft-Azure-Storage-Resource-Provider/1.0,Microsoft-HTTPAPI/2.0 Microsoft-HTTPAPI/2.0",
        "Strict-Transport-Security": "max-age=31536000; includeSubDomains",
        "X-Content-Type-Options": "nosniff",
        "x-ms-client-request-id": "70e024ac29ad97859d96d4dd454bc1e2",
        "x-ms-correlation-request-id": "7a9ab2dd-b2a3-4b02-b475-08a50e33eadb",
        "x-ms-ratelimit-remaining-subscription-reads": "11201",
        "x-ms-request-id": "c563bf66-6844-406b-90aa-6f8d0a4daa77",
        "x-ms-routing-request-id": "SOUTHEASTASIA:20200601T063024Z:7a9ab2dd-b2a3-4b02-b475-08a50e33eadb"
      },
      "ResponseBody": []
    },
    {
      "RequestUri": "https://management.azure.com/subscriptions/45b60d85-fd72-427a-a708-f994d26e593e/providers/Microsoft.Storage/locations/eastus2(stage)/asyncoperations/cc2b7fd1-a672-4daf-8ecb-fcdafd0f3c30?monitor=true\u0026api-version=2019-06-01",
      "RequestMethod": "GET",
      "RequestHeaders": {
        "Authorization": "Sanitized",
        "User-Agent": [
          "azsdk-net-Management.Storage/1.0.0-dev.20200601.1",
          "(.NET Framework 4.8.4180.0; Microsoft Windows 10.0.19041 )"
        ],
        "x-ms-client-request-id": "63714e9bfca9d5ff38b5fa1fc65fa836",
        "x-ms-return-client-request-id": "true"
      },
      "RequestBody": null,
      "StatusCode": 202,
      "ResponseHeaders": {
        "Cache-Control": "no-cache",
        "Content-Length": "0",
        "Content-Type": "text/plain; charset=utf-8",
        "Date": "Mon, 01 Jun 2020 06:30:25 GMT",
        "Expires": "-1",
        "Location": "https://management.azure.com/subscriptions/45b60d85-fd72-427a-a708-f994d26e593e/providers/Microsoft.Storage/locations/eastus2(stage)/asyncoperations/cc2b7fd1-a672-4daf-8ecb-fcdafd0f3c30?monitor=true\u0026api-version=2019-06-01",
        "Pragma": "no-cache",
        "Retry-After": "17",
        "Server": "Microsoft-Azure-Storage-Resource-Provider/1.0,Microsoft-HTTPAPI/2.0 Microsoft-HTTPAPI/2.0",
        "Strict-Transport-Security": "max-age=31536000; includeSubDomains",
        "X-Content-Type-Options": "nosniff",
        "x-ms-client-request-id": "63714e9bfca9d5ff38b5fa1fc65fa836",
        "x-ms-correlation-request-id": "c9eaf2ab-c749-4448-9e37-285e255c6155",
        "x-ms-ratelimit-remaining-subscription-reads": "11200",
        "x-ms-request-id": "74ca19af-9954-4582-9586-177794af5875",
        "x-ms-routing-request-id": "SOUTHEASTASIA:20200601T063025Z:c9eaf2ab-c749-4448-9e37-285e255c6155"
      },
      "ResponseBody": []
    },
    {
      "RequestUri": "https://management.azure.com/subscriptions/45b60d85-fd72-427a-a708-f994d26e593e/providers/Microsoft.Storage/locations/eastus2(stage)/asyncoperations/cc2b7fd1-a672-4daf-8ecb-fcdafd0f3c30?monitor=true\u0026api-version=2019-06-01",
      "RequestMethod": "GET",
      "RequestHeaders": {
        "Authorization": "Sanitized",
        "User-Agent": [
          "azsdk-net-Management.Storage/1.0.0-dev.20200601.1",
          "(.NET Framework 4.8.4180.0; Microsoft Windows 10.0.19041 )"
        ],
        "x-ms-client-request-id": "79f0f0e15e966f0155cf8cd1d4621d26",
        "x-ms-return-client-request-id": "true"
      },
      "RequestBody": null,
      "StatusCode": 202,
      "ResponseHeaders": {
        "Cache-Control": "no-cache",
        "Content-Length": "0",
        "Content-Type": "text/plain; charset=utf-8",
        "Date": "Mon, 01 Jun 2020 06:30:26 GMT",
        "Expires": "-1",
        "Location": "https://management.azure.com/subscriptions/45b60d85-fd72-427a-a708-f994d26e593e/providers/Microsoft.Storage/locations/eastus2(stage)/asyncoperations/cc2b7fd1-a672-4daf-8ecb-fcdafd0f3c30?monitor=true\u0026api-version=2019-06-01",
        "Pragma": "no-cache",
        "Retry-After": "17",
        "Server": "Microsoft-Azure-Storage-Resource-Provider/1.0,Microsoft-HTTPAPI/2.0 Microsoft-HTTPAPI/2.0",
        "Strict-Transport-Security": "max-age=31536000; includeSubDomains",
        "X-Content-Type-Options": "nosniff",
        "x-ms-client-request-id": "79f0f0e15e966f0155cf8cd1d4621d26",
        "x-ms-correlation-request-id": "fae1815d-4170-4dba-9f61-0cf9f4077a95",
        "x-ms-ratelimit-remaining-subscription-reads": "11199",
        "x-ms-request-id": "7b400d7b-0893-422a-8550-832e7c7d9056",
        "x-ms-routing-request-id": "SOUTHEASTASIA:20200601T063026Z:fae1815d-4170-4dba-9f61-0cf9f4077a95"
      },
      "ResponseBody": []
    },
    {
      "RequestUri": "https://management.azure.com/subscriptions/45b60d85-fd72-427a-a708-f994d26e593e/providers/Microsoft.Storage/locations/eastus2(stage)/asyncoperations/cc2b7fd1-a672-4daf-8ecb-fcdafd0f3c30?monitor=true\u0026api-version=2019-06-01",
      "RequestMethod": "GET",
      "RequestHeaders": {
        "Authorization": "Sanitized",
        "User-Agent": [
          "azsdk-net-Management.Storage/1.0.0-dev.20200601.1",
          "(.NET Framework 4.8.4180.0; Microsoft Windows 10.0.19041 )"
        ],
        "x-ms-client-request-id": "904fcac583b9b031240b38f72e65d13e",
        "x-ms-return-client-request-id": "true"
      },
      "RequestBody": null,
      "StatusCode": 202,
      "ResponseHeaders": {
        "Cache-Control": "no-cache",
        "Content-Length": "0",
        "Content-Type": "text/plain; charset=utf-8",
        "Date": "Mon, 01 Jun 2020 06:30:27 GMT",
        "Expires": "-1",
        "Location": "https://management.azure.com/subscriptions/45b60d85-fd72-427a-a708-f994d26e593e/providers/Microsoft.Storage/locations/eastus2(stage)/asyncoperations/cc2b7fd1-a672-4daf-8ecb-fcdafd0f3c30?monitor=true\u0026api-version=2019-06-01",
        "Pragma": "no-cache",
        "Retry-After": "17",
        "Server": "Microsoft-Azure-Storage-Resource-Provider/1.0,Microsoft-HTTPAPI/2.0 Microsoft-HTTPAPI/2.0",
        "Strict-Transport-Security": "max-age=31536000; includeSubDomains",
        "X-Content-Type-Options": "nosniff",
        "x-ms-client-request-id": "904fcac583b9b031240b38f72e65d13e",
        "x-ms-correlation-request-id": "8f544758-8dd7-49a6-b5ff-0fcabc8d6136",
        "x-ms-ratelimit-remaining-subscription-reads": "11198",
        "x-ms-request-id": "cea7362d-e1be-449a-867c-744c6e415820",
        "x-ms-routing-request-id": "SOUTHEASTASIA:20200601T063027Z:8f544758-8dd7-49a6-b5ff-0fcabc8d6136"
      },
      "ResponseBody": []
    },
    {
      "RequestUri": "https://management.azure.com/subscriptions/45b60d85-fd72-427a-a708-f994d26e593e/providers/Microsoft.Storage/locations/eastus2(stage)/asyncoperations/cc2b7fd1-a672-4daf-8ecb-fcdafd0f3c30?monitor=true\u0026api-version=2019-06-01",
      "RequestMethod": "GET",
      "RequestHeaders": {
        "Authorization": "Sanitized",
        "User-Agent": [
          "azsdk-net-Management.Storage/1.0.0-dev.20200601.1",
          "(.NET Framework 4.8.4180.0; Microsoft Windows 10.0.19041 )"
        ],
        "x-ms-client-request-id": "55fb9dee475b3c4b4c010dda702d00d5",
        "x-ms-return-client-request-id": "true"
      },
      "RequestBody": null,
      "StatusCode": 202,
      "ResponseHeaders": {
        "Cache-Control": "no-cache",
        "Content-Length": "0",
        "Content-Type": "text/plain; charset=utf-8",
        "Date": "Mon, 01 Jun 2020 06:30:28 GMT",
        "Expires": "-1",
        "Location": "https://management.azure.com/subscriptions/45b60d85-fd72-427a-a708-f994d26e593e/providers/Microsoft.Storage/locations/eastus2(stage)/asyncoperations/cc2b7fd1-a672-4daf-8ecb-fcdafd0f3c30?monitor=true\u0026api-version=2019-06-01",
        "Pragma": "no-cache",
        "Retry-After": "17",
        "Server": "Microsoft-Azure-Storage-Resource-Provider/1.0,Microsoft-HTTPAPI/2.0 Microsoft-HTTPAPI/2.0",
        "Strict-Transport-Security": "max-age=31536000; includeSubDomains",
        "X-Content-Type-Options": "nosniff",
        "x-ms-client-request-id": "55fb9dee475b3c4b4c010dda702d00d5",
        "x-ms-correlation-request-id": "7001cdb2-c78e-416c-bdc8-a766bbd8fc79",
        "x-ms-ratelimit-remaining-subscription-reads": "11197",
        "x-ms-request-id": "80520018-a54b-4a5b-aa23-0cb9aa536916",
        "x-ms-routing-request-id": "SOUTHEASTASIA:20200601T063029Z:7001cdb2-c78e-416c-bdc8-a766bbd8fc79"
      },
      "ResponseBody": []
    },
    {
      "RequestUri": "https://management.azure.com/subscriptions/45b60d85-fd72-427a-a708-f994d26e593e/providers/Microsoft.Storage/locations/eastus2(stage)/asyncoperations/cc2b7fd1-a672-4daf-8ecb-fcdafd0f3c30?monitor=true\u0026api-version=2019-06-01",
      "RequestMethod": "GET",
      "RequestHeaders": {
        "Authorization": "Sanitized",
        "User-Agent": [
          "azsdk-net-Management.Storage/1.0.0-dev.20200601.1",
          "(.NET Framework 4.8.4180.0; Microsoft Windows 10.0.19041 )"
        ],
        "x-ms-client-request-id": "fb59d49817105e7dbe40548b250941f0",
        "x-ms-return-client-request-id": "true"
      },
      "RequestBody": null,
      "StatusCode": 202,
      "ResponseHeaders": {
        "Cache-Control": "no-cache",
        "Content-Length": "0",
        "Content-Type": "text/plain; charset=utf-8",
        "Date": "Mon, 01 Jun 2020 06:30:30 GMT",
        "Expires": "-1",
        "Location": "https://management.azure.com/subscriptions/45b60d85-fd72-427a-a708-f994d26e593e/providers/Microsoft.Storage/locations/eastus2(stage)/asyncoperations/cc2b7fd1-a672-4daf-8ecb-fcdafd0f3c30?monitor=true\u0026api-version=2019-06-01",
        "Pragma": "no-cache",
        "Retry-After": "17",
        "Server": "Microsoft-Azure-Storage-Resource-Provider/1.0,Microsoft-HTTPAPI/2.0 Microsoft-HTTPAPI/2.0",
        "Strict-Transport-Security": "max-age=31536000; includeSubDomains",
        "X-Content-Type-Options": "nosniff",
        "x-ms-client-request-id": "fb59d49817105e7dbe40548b250941f0",
        "x-ms-correlation-request-id": "d18ffa48-f3db-4d10-b542-8a797a0001fc",
        "x-ms-ratelimit-remaining-subscription-reads": "11196",
        "x-ms-request-id": "8279a7dd-cc29-482e-b70e-88486ad6f051",
        "x-ms-routing-request-id": "SOUTHEASTASIA:20200601T063030Z:d18ffa48-f3db-4d10-b542-8a797a0001fc"
      },
      "ResponseBody": []
    },
    {
      "RequestUri": "https://management.azure.com/subscriptions/45b60d85-fd72-427a-a708-f994d26e593e/providers/Microsoft.Storage/locations/eastus2(stage)/asyncoperations/cc2b7fd1-a672-4daf-8ecb-fcdafd0f3c30?monitor=true\u0026api-version=2019-06-01",
      "RequestMethod": "GET",
      "RequestHeaders": {
        "Authorization": "Sanitized",
        "User-Agent": [
          "azsdk-net-Management.Storage/1.0.0-dev.20200601.1",
          "(.NET Framework 4.8.4180.0; Microsoft Windows 10.0.19041 )"
        ],
        "x-ms-client-request-id": "36e34efec7667dcb7f1243b8755740f6",
        "x-ms-return-client-request-id": "true"
      },
      "RequestBody": null,
      "StatusCode": 202,
      "ResponseHeaders": {
        "Cache-Control": "no-cache",
        "Content-Length": "0",
        "Content-Type": "text/plain; charset=utf-8",
        "Date": "Mon, 01 Jun 2020 06:30:31 GMT",
        "Expires": "-1",
        "Location": "https://management.azure.com/subscriptions/45b60d85-fd72-427a-a708-f994d26e593e/providers/Microsoft.Storage/locations/eastus2(stage)/asyncoperations/cc2b7fd1-a672-4daf-8ecb-fcdafd0f3c30?monitor=true\u0026api-version=2019-06-01",
        "Pragma": "no-cache",
        "Retry-After": "17",
        "Server": "Microsoft-Azure-Storage-Resource-Provider/1.0,Microsoft-HTTPAPI/2.0 Microsoft-HTTPAPI/2.0",
        "Strict-Transport-Security": "max-age=31536000; includeSubDomains",
        "X-Content-Type-Options": "nosniff",
        "x-ms-client-request-id": "36e34efec7667dcb7f1243b8755740f6",
        "x-ms-correlation-request-id": "3586903c-a716-4b60-a973-b0066dc90d66",
        "x-ms-ratelimit-remaining-subscription-reads": "11195",
        "x-ms-request-id": "997197dd-52ba-4fff-a8e2-27984bfb0e20",
        "x-ms-routing-request-id": "SOUTHEASTASIA:20200601T063031Z:3586903c-a716-4b60-a973-b0066dc90d66"
      },
      "ResponseBody": []
    },
    {
      "RequestUri": "https://management.azure.com/subscriptions/45b60d85-fd72-427a-a708-f994d26e593e/providers/Microsoft.Storage/locations/eastus2(stage)/asyncoperations/cc2b7fd1-a672-4daf-8ecb-fcdafd0f3c30?monitor=true\u0026api-version=2019-06-01",
      "RequestMethod": "GET",
      "RequestHeaders": {
        "Authorization": "Sanitized",
        "User-Agent": [
          "azsdk-net-Management.Storage/1.0.0-dev.20200601.1",
          "(.NET Framework 4.8.4180.0; Microsoft Windows 10.0.19041 )"
        ],
        "x-ms-client-request-id": "595f620bd50bd62d209d961bf3bf1643",
        "x-ms-return-client-request-id": "true"
      },
      "RequestBody": null,
      "StatusCode": 202,
      "ResponseHeaders": {
        "Cache-Control": "no-cache",
        "Content-Length": "0",
        "Content-Type": "text/plain; charset=utf-8",
        "Date": "Mon, 01 Jun 2020 06:30:32 GMT",
        "Expires": "-1",
        "Location": "https://management.azure.com/subscriptions/45b60d85-fd72-427a-a708-f994d26e593e/providers/Microsoft.Storage/locations/eastus2(stage)/asyncoperations/cc2b7fd1-a672-4daf-8ecb-fcdafd0f3c30?monitor=true\u0026api-version=2019-06-01",
        "Pragma": "no-cache",
        "Retry-After": "17",
        "Server": "Microsoft-Azure-Storage-Resource-Provider/1.0,Microsoft-HTTPAPI/2.0 Microsoft-HTTPAPI/2.0",
        "Strict-Transport-Security": "max-age=31536000; includeSubDomains",
        "X-Content-Type-Options": "nosniff",
        "x-ms-client-request-id": "595f620bd50bd62d209d961bf3bf1643",
        "x-ms-correlation-request-id": "d274e536-7738-43b0-9b31-b1580c281397",
        "x-ms-ratelimit-remaining-subscription-reads": "11194",
        "x-ms-request-id": "007b4be2-c447-4346-9235-3925ecbb192a",
        "x-ms-routing-request-id": "SOUTHEASTASIA:20200601T063032Z:d274e536-7738-43b0-9b31-b1580c281397"
      },
      "ResponseBody": []
    },
    {
      "RequestUri": "https://management.azure.com/subscriptions/45b60d85-fd72-427a-a708-f994d26e593e/providers/Microsoft.Storage/locations/eastus2(stage)/asyncoperations/cc2b7fd1-a672-4daf-8ecb-fcdafd0f3c30?monitor=true\u0026api-version=2019-06-01",
      "RequestMethod": "GET",
      "RequestHeaders": {
        "Authorization": "Sanitized",
        "User-Agent": [
          "azsdk-net-Management.Storage/1.0.0-dev.20200601.1",
          "(.NET Framework 4.8.4180.0; Microsoft Windows 10.0.19041 )"
        ],
        "x-ms-client-request-id": "21db1dc0c949d06f09db7bfdd4c5e867",
        "x-ms-return-client-request-id": "true"
      },
      "RequestBody": null,
      "StatusCode": 202,
      "ResponseHeaders": {
        "Cache-Control": "no-cache",
        "Content-Length": "0",
        "Content-Type": "text/plain; charset=utf-8",
        "Date": "Mon, 01 Jun 2020 06:30:33 GMT",
        "Expires": "-1",
        "Location": "https://management.azure.com/subscriptions/45b60d85-fd72-427a-a708-f994d26e593e/providers/Microsoft.Storage/locations/eastus2(stage)/asyncoperations/cc2b7fd1-a672-4daf-8ecb-fcdafd0f3c30?monitor=true\u0026api-version=2019-06-01",
        "Pragma": "no-cache",
        "Retry-After": "17",
        "Server": "Microsoft-Azure-Storage-Resource-Provider/1.0,Microsoft-HTTPAPI/2.0 Microsoft-HTTPAPI/2.0",
        "Strict-Transport-Security": "max-age=31536000; includeSubDomains",
        "X-Content-Type-Options": "nosniff",
        "x-ms-client-request-id": "21db1dc0c949d06f09db7bfdd4c5e867",
        "x-ms-correlation-request-id": "098f6f5a-ac7b-472e-9ed7-eb8b5ddcee06",
        "x-ms-ratelimit-remaining-subscription-reads": "11193",
        "x-ms-request-id": "1301174c-7bf4-492e-87e0-b15e29730331",
        "x-ms-routing-request-id": "SOUTHEASTASIA:20200601T063034Z:098f6f5a-ac7b-472e-9ed7-eb8b5ddcee06"
      },
      "ResponseBody": []
    },
    {
      "RequestUri": "https://management.azure.com/subscriptions/45b60d85-fd72-427a-a708-f994d26e593e/providers/Microsoft.Storage/locations/eastus2(stage)/asyncoperations/cc2b7fd1-a672-4daf-8ecb-fcdafd0f3c30?monitor=true\u0026api-version=2019-06-01",
      "RequestMethod": "GET",
      "RequestHeaders": {
        "Authorization": "Sanitized",
        "User-Agent": [
          "azsdk-net-Management.Storage/1.0.0-dev.20200601.1",
          "(.NET Framework 4.8.4180.0; Microsoft Windows 10.0.19041 )"
        ],
        "x-ms-client-request-id": "c3805e00e7aa28e4200d16c931af8abf",
        "x-ms-return-client-request-id": "true"
      },
      "RequestBody": null,
      "StatusCode": 202,
      "ResponseHeaders": {
        "Cache-Control": "no-cache",
        "Content-Length": "0",
        "Content-Type": "text/plain; charset=utf-8",
        "Date": "Mon, 01 Jun 2020 06:30:35 GMT",
        "Expires": "-1",
        "Location": "https://management.azure.com/subscriptions/45b60d85-fd72-427a-a708-f994d26e593e/providers/Microsoft.Storage/locations/eastus2(stage)/asyncoperations/cc2b7fd1-a672-4daf-8ecb-fcdafd0f3c30?monitor=true\u0026api-version=2019-06-01",
        "Pragma": "no-cache",
        "Retry-After": "17",
        "Server": "Microsoft-Azure-Storage-Resource-Provider/1.0,Microsoft-HTTPAPI/2.0 Microsoft-HTTPAPI/2.0",
        "Strict-Transport-Security": "max-age=31536000; includeSubDomains",
        "X-Content-Type-Options": "nosniff",
        "x-ms-client-request-id": "c3805e00e7aa28e4200d16c931af8abf",
        "x-ms-correlation-request-id": "b8e3520a-3733-4fb4-98d6-b833b1680718",
        "x-ms-ratelimit-remaining-subscription-reads": "11192",
        "x-ms-request-id": "f3c257b5-ec56-4ddb-86bc-120a99c49821",
        "x-ms-routing-request-id": "SOUTHEASTASIA:20200601T063035Z:b8e3520a-3733-4fb4-98d6-b833b1680718"
      },
      "ResponseBody": []
    },
    {
      "RequestUri": "https://management.azure.com/subscriptions/45b60d85-fd72-427a-a708-f994d26e593e/providers/Microsoft.Storage/locations/eastus2(stage)/asyncoperations/cc2b7fd1-a672-4daf-8ecb-fcdafd0f3c30?monitor=true\u0026api-version=2019-06-01",
      "RequestMethod": "GET",
      "RequestHeaders": {
        "Authorization": "Sanitized",
        "User-Agent": [
          "azsdk-net-Management.Storage/1.0.0-dev.20200601.1",
          "(.NET Framework 4.8.4180.0; Microsoft Windows 10.0.19041 )"
        ],
        "x-ms-client-request-id": "58f700fb1e7b41acf38e50305a30025b",
        "x-ms-return-client-request-id": "true"
      },
      "RequestBody": null,
      "StatusCode": 200,
      "ResponseHeaders": {
        "Cache-Control": "no-cache",
        "Content-Length": "1193",
        "Content-Type": "application/json",
        "Date": "Mon, 01 Jun 2020 06:30:36 GMT",
        "Expires": "-1",
        "Pragma": "no-cache",
        "Server": "Microsoft-Azure-Storage-Resource-Provider/1.0,Microsoft-HTTPAPI/2.0 Microsoft-HTTPAPI/2.0",
        "Strict-Transport-Security": "max-age=31536000; includeSubDomains",
        "X-Content-Type-Options": "nosniff",
        "x-ms-client-request-id": "58f700fb1e7b41acf38e50305a30025b",
        "x-ms-correlation-request-id": "e12a0ba6-e213-4cea-9d67-3b8ae3a865ff",
        "x-ms-ratelimit-remaining-subscription-reads": "11191",
        "x-ms-request-id": "33fb24e6-8884-4b96-8fc5-30e1053785c0",
        "x-ms-routing-request-id": "SOUTHEASTASIA:20200601T063036Z:e12a0ba6-e213-4cea-9d67-3b8ae3a865ff"
      },
      "ResponseBody": {
        "sku": {
          "name": "Standard_GRS",
          "tier": "Standard"
        },
        "kind": "Storage",
        "id": "/subscriptions/45b60d85-fd72-427a-a708-f994d26e593e/resourceGroups/res4153/providers/Microsoft.Storage/storageAccounts/sto6618",
        "name": "sto6618",
        "type": "Microsoft.Storage/storageAccounts",
        "location": "eastus2(stage)",
        "tags": {
          "key1": "value1",
          "key2": "value2"
        },
        "properties": {
          "privateEndpointConnections": [],
          "networkAcls": {
            "bypass": "AzureServices",
            "virtualNetworkRules": [],
            "ipRules": [],
            "defaultAction": "Allow"
          },
          "supportsHttpsTrafficOnly": true,
          "encryption": {
            "services": {
              "file": {
                "keyType": "Account",
                "enabled": true,
                "lastEnabledTime": "2020-06-01T06:30:20.5262286Z"
              },
              "blob": {
                "keyType": "Account",
                "enabled": true,
                "lastEnabledTime": "2020-06-01T06:30:20.5262286Z"
              }
            },
            "keySource": "Microsoft.Storage"
          },
          "provisioningState": "Succeeded",
          "creationTime": "2020-06-01T06:30:20.4637954Z",
          "primaryEndpoints": {
            "blob": "https://sto6618.blob.core.windows.net/",
            "queue": "https://sto6618.queue.core.windows.net/",
            "table": "https://sto6618.table.core.windows.net/",
            "file": "https://sto6618.file.core.windows.net/"
          },
          "primaryLocation": "eastus2(stage)",
          "statusOfPrimary": "available",
          "secondaryLocation": "northcentralus(stage)",
          "statusOfSecondary": "available"
        }
      }
    },
    {
      "RequestUri": "https://management.azure.com/subscriptions/45b60d85-fd72-427a-a708-f994d26e593e/resourceGroups/res4153/providers/Microsoft.Storage/storageAccounts?api-version=2019-06-01",
      "RequestMethod": "GET",
      "RequestHeaders": {
        "Authorization": "Sanitized",
        "User-Agent": [
          "azsdk-net-Management.Storage/1.0.0-dev.20200601.1",
          "(.NET Framework 4.8.4180.0; Microsoft Windows 10.0.19041 )"
        ],
        "x-ms-client-request-id": "951b2fb4533fd99939b3003cb3a59f59",
        "x-ms-return-client-request-id": "true"
      },
      "RequestBody": null,
      "StatusCode": 200,
      "ResponseHeaders": {
        "Cache-Control": "no-cache",
        "Content-Length": "1205",
        "Content-Type": "application/json",
        "Date": "Mon, 01 Jun 2020 06:30:36 GMT",
        "Expires": "-1",
        "Pragma": "no-cache",
        "Server": "Microsoft-Azure-Storage-Resource-Provider/1.0,Microsoft-HTTPAPI/2.0 Microsoft-HTTPAPI/2.0",
        "Strict-Transport-Security": "max-age=31536000; includeSubDomains",
        "X-Content-Type-Options": "nosniff",
        "x-ms-client-request-id": "951b2fb4533fd99939b3003cb3a59f59",
        "x-ms-correlation-request-id": "8b09d79e-0489-4e48-bcae-b1c9ca2658f1",
        "x-ms-ratelimit-remaining-subscription-reads": "11190",
        "x-ms-request-id": "1062b5ac-4eea-499c-be69-c6392c0b02ce",
        "x-ms-routing-request-id": "SOUTHEASTASIA:20200601T063037Z:8b09d79e-0489-4e48-bcae-b1c9ca2658f1"
      },
      "ResponseBody": {
        "value": [
          {
            "sku": {
              "name": "Standard_GRS",
              "tier": "Standard"
            },
            "kind": "Storage",
            "id": "/subscriptions/45b60d85-fd72-427a-a708-f994d26e593e/resourceGroups/res4153/providers/Microsoft.Storage/storageAccounts/sto6618",
            "name": "sto6618",
            "type": "Microsoft.Storage/storageAccounts",
            "location": "eastus2(stage)",
            "tags": {
              "key1": "value1",
              "key2": "value2"
            },
            "properties": {
              "privateEndpointConnections": [],
              "networkAcls": {
                "bypass": "AzureServices",
                "virtualNetworkRules": [],
                "ipRules": [],
                "defaultAction": "Allow"
              },
              "supportsHttpsTrafficOnly": true,
              "encryption": {
                "services": {
                  "file": {
                    "keyType": "Account",
                    "enabled": true,
                    "lastEnabledTime": "2020-06-01T06:30:20.5262286Z"
                  },
                  "blob": {
                    "keyType": "Account",
                    "enabled": true,
                    "lastEnabledTime": "2020-06-01T06:30:20.5262286Z"
                  }
                },
                "keySource": "Microsoft.Storage"
              },
              "provisioningState": "Succeeded",
              "creationTime": "2020-06-01T06:30:20.4637954Z",
              "primaryEndpoints": {
                "blob": "https://sto6618.blob.core.windows.net/",
                "queue": "https://sto6618.queue.core.windows.net/",
                "table": "https://sto6618.table.core.windows.net/",
                "file": "https://sto6618.file.core.windows.net/"
              },
              "primaryLocation": "eastus2(stage)",
              "statusOfPrimary": "available",
              "secondaryLocation": "northcentralus(stage)",
              "statusOfSecondary": "available"
            }
          }
        ]
      }
    },
    {
      "RequestUri": "https://management.azure.com/subscriptions/45b60d85-fd72-427a-a708-f994d26e593e/resourceGroups/res4153/providers/Microsoft.Storage/storageAccounts/sto6618?api-version=2019-06-01",
      "RequestMethod": "DELETE",
      "RequestHeaders": {
        "Authorization": "Sanitized",
        "traceparent": "00-aff2ba81b93f1641972eb1a9f8f638a0-107dd7f7a1f3ae42-00",
        "User-Agent": [
          "azsdk-net-Management.Storage/1.0.0-dev.20200601.1",
          "(.NET Framework 4.8.4180.0; Microsoft Windows 10.0.19041 )"
        ],
        "x-ms-client-request-id": "d302bb5090cde1ebb13ed01b96b3cef0",
        "x-ms-return-client-request-id": "true"
      },
      "RequestBody": null,
      "StatusCode": 200,
      "ResponseHeaders": {
        "Cache-Control": "no-cache",
        "Content-Length": "0",
        "Content-Type": "text/plain; charset=utf-8",
        "Date": "Mon, 01 Jun 2020 06:30:39 GMT",
        "Expires": "-1",
        "Pragma": "no-cache",
        "Server": "Microsoft-Azure-Storage-Resource-Provider/1.0,Microsoft-HTTPAPI/2.0 Microsoft-HTTPAPI/2.0",
        "Strict-Transport-Security": "max-age=31536000; includeSubDomains",
        "X-Content-Type-Options": "nosniff",
        "x-ms-client-request-id": "d302bb5090cde1ebb13ed01b96b3cef0",
        "x-ms-correlation-request-id": "cacb4fdb-fa3f-4aaf-b8c7-4ce6cf66151d",
        "x-ms-ratelimit-remaining-subscription-deletes": "14905",
        "x-ms-request-id": "588b3d55-2379-4c8b-a004-8f28edc6dd40",
        "x-ms-routing-request-id": "SOUTHEASTASIA:20200601T063039Z:cacb4fdb-fa3f-4aaf-b8c7-4ce6cf66151d"
      },
      "ResponseBody": []
    },
    {
      "RequestUri": "https://management.azure.com/subscriptions/45b60d85-fd72-427a-a708-f994d26e593e/resourcegroups/res4153?api-version=2019-10-01",
      "RequestMethod": "DELETE",
      "RequestHeaders": {
        "Authorization": "Sanitized",
        "traceparent": "00-f8af8d084eb6e74cac20c970b35efe51-23eef2387b3dff41-00",
        "User-Agent": [
          "azsdk-net-Management.Resources/1.0.0-dev.20200601.1",
          "(.NET Framework 4.8.4180.0; Microsoft Windows 10.0.19041 )"
        ],
        "x-ms-client-request-id": "0215ba0bf594a87f671e1fc81d708e4d",
        "x-ms-return-client-request-id": "true"
      },
      "RequestBody": null,
      "StatusCode": 202,
      "ResponseHeaders": {
        "Cache-Control": "no-cache",
        "Content-Length": "0",
        "Date": "Mon, 01 Jun 2020 06:30:41 GMT",
        "Expires": "-1",
        "Location": "https://management.azure.com/subscriptions/45b60d85-fd72-427a-a708-f994d26e593e/operationresults/eyJqb2JJZCI6IlJFU09VUkNFR1JPVVBERUxFVElPTkpPQi1SRVM0MTUzLUVBU1RVUzIiLCJqb2JMb2NhdGlvbiI6ImVhc3R1czIifQ?api-version=2019-10-01",
        "Pragma": "no-cache",
        "Retry-After": "15",
        "Strict-Transport-Security": "max-age=31536000; includeSubDomains",
        "X-Content-Type-Options": "nosniff",
        "x-ms-correlation-request-id": "ac71e6bb-fd7e-474c-89dc-2f08634af54d",
        "x-ms-ratelimit-remaining-subscription-deletes": "14904",
        "x-ms-request-id": "ac71e6bb-fd7e-474c-89dc-2f08634af54d",
        "x-ms-routing-request-id": "SOUTHEASTASIA:20200601T063042Z:ac71e6bb-fd7e-474c-89dc-2f08634af54d"
      },
      "ResponseBody": []
    }
  ],
  "Variables": {
    "RandomSeed": "516733170",
    "SUBSCRIPTION_ID": "45b60d85-fd72-427a-a708-f994d26e593e",
    "TENANT_ID": "72f988bf-86f1-41af-91ab-2d7cd011db47"
  }
}