{
  "Entries": [
    {
      "RequestUri": "https://management.azure.com/subscriptions/45b60d85-fd72-427a-a708-f994d26e593e/resourcegroups/res3924?api-version=2019-10-01",
      "RequestMethod": "PUT",
      "RequestHeaders": {
        "Authorization": "Sanitized",
        "Content-Length": "22",
        "Content-Type": "application/json",
        "traceparent": "00-6691a42f7f81f242b580c7c9b17e84df-57606b7b40a17548-00",
        "User-Agent": [
          "azsdk-net-Management.Resources/1.0.0-dev.20200601.1",
          "(.NET Framework 4.8.4180.0; Microsoft Windows 10.0.19041 )"
        ],
        "x-ms-client-request-id": "a2a2b2aa1463f6ac1dc2190b8ea93167",
        "x-ms-return-client-request-id": "true"
      },
      "RequestBody": {
        "location": "eastus2"
      },
      "StatusCode": 201,
      "ResponseHeaders": {
        "Cache-Control": "no-cache",
        "Content-Length": "212",
        "Content-Type": "application/json; charset=utf-8",
        "Date": "Mon, 01 Jun 2020 06:10:32 GMT",
        "Expires": "-1",
        "Pragma": "no-cache",
        "Strict-Transport-Security": "max-age=31536000; includeSubDomains",
        "X-Content-Type-Options": "nosniff",
        "x-ms-correlation-request-id": "b4e9afaa-9481-40f7-b808-f30af6c8461f",
        "x-ms-ratelimit-remaining-subscription-writes": "1155",
        "x-ms-request-id": "b4e9afaa-9481-40f7-b808-f30af6c8461f",
        "x-ms-routing-request-id": "SOUTHEASTASIA:20200601T061033Z:b4e9afaa-9481-40f7-b808-f30af6c8461f"
      },
      "ResponseBody": {
        "id": "/subscriptions/45b60d85-fd72-427a-a708-f994d26e593e/resourceGroups/res3924",
        "name": "res3924",
        "type": "Microsoft.Resources/resourceGroups",
        "location": "eastus2",
        "properties": {
          "provisioningState": "Succeeded"
        }
      }
    },
    {
      "RequestUri": "https://management.azure.com/subscriptions/45b60d85-fd72-427a-a708-f994d26e593e/providers/Microsoft.Storage/checkNameAvailability?api-version=2019-06-01",
      "RequestMethod": "POST",
      "RequestHeaders": {
        "Authorization": "Sanitized",
        "Content-Length": "61",
        "Content-Type": "application/json",
        "traceparent": "00-b20d9a6953bfc14cbcf28249b21016e8-c3c6084f32fe2a42-00",
        "User-Agent": [
          "azsdk-net-Management.Storage/1.0.0-dev.20200601.1",
          "(.NET Framework 4.8.4180.0; Microsoft Windows 10.0.19041 )"
        ],
        "x-ms-client-request-id": "ebf14d321cf49e4455b7d2199212931e",
        "x-ms-return-client-request-id": "true"
      },
      "RequestBody": {
        "name": "sto6598",
        "type": "Microsoft.Storage/storageAccounts"
      },
      "StatusCode": 200,
      "ResponseHeaders": {
        "Cache-Control": "no-cache",
        "Content-Length": "22",
        "Content-Type": "application/json",
        "Date": "Mon, 01 Jun 2020 06:10:33 GMT",
        "Expires": "-1",
        "Pragma": "no-cache",
        "Server": "Microsoft-Azure-Storage-Resource-Provider/1.0,Microsoft-HTTPAPI/2.0 Microsoft-HTTPAPI/2.0",
        "Strict-Transport-Security": "max-age=31536000; includeSubDomains",
        "X-Content-Type-Options": "nosniff",
        "x-ms-client-request-id": "ebf14d321cf49e4455b7d2199212931e",
        "x-ms-correlation-request-id": "e49731f7-97fc-4fed-9098-e53917a9853b",
        "x-ms-ratelimit-remaining-subscription-reads": "11745",
        "x-ms-request-id": "d01f867c-2936-4653-bef1-3855b326722d",
        "x-ms-routing-request-id": "SOUTHEASTASIA:20200601T061034Z:e49731f7-97fc-4fed-9098-e53917a9853b"
      },
      "ResponseBody": {
        "nameAvailable": true
      }
    },
    {
      "RequestUri": "https://management.azure.com/subscriptions/45b60d85-fd72-427a-a708-f994d26e593e/providers/Microsoft.Storage/checkNameAvailability?api-version=2019-06-01",
      "RequestMethod": "POST",
      "RequestHeaders": {
        "Authorization": "Sanitized",
        "Content-Length": "58",
        "Content-Type": "application/json",
        "traceparent": "00-370467269f803343ab8bded10c6d1e09-49c4093b554ca640-00",
        "User-Agent": [
          "azsdk-net-Management.Storage/1.0.0-dev.20200601.1",
          "(.NET Framework 4.8.4180.0; Microsoft Windows 10.0.19041 )"
        ],
        "x-ms-client-request-id": "1cb1a8b2e9f5a36486a4368671eb1427",
        "x-ms-return-client-request-id": "true"
      },
      "RequestBody": {
        "name": "CAPS",
        "type": "Microsoft.Storage/storageAccounts"
      },
      "StatusCode": 200,
      "ResponseHeaders": {
        "Cache-Control": "no-cache",
        "Content-Length": "219",
        "Content-Type": "application/json",
        "Date": "Mon, 01 Jun 2020 06:10:33 GMT",
        "Expires": "-1",
        "Pragma": "no-cache",
        "Server": "Microsoft-Azure-Storage-Resource-Provider/1.0,Microsoft-HTTPAPI/2.0 Microsoft-HTTPAPI/2.0",
        "Strict-Transport-Security": "max-age=31536000; includeSubDomains",
        "X-Content-Type-Options": "nosniff",
        "x-ms-client-request-id": "1cb1a8b2e9f5a36486a4368671eb1427",
        "x-ms-correlation-request-id": "7f40facc-bcf0-4678-be95-31c454857548",
        "x-ms-ratelimit-remaining-subscription-reads": "11744",
        "x-ms-request-id": "28077bea-74c2-46d4-a857-48607b1827d9",
        "x-ms-routing-request-id": "SOUTHEASTASIA:20200601T061034Z:7f40facc-bcf0-4678-be95-31c454857548"
      },
      "ResponseBody": {
        "nameAvailable": false,
        "reason": "AccountNameInvalid",
        "message": "CAPS is not a valid storage account name. Storage account name must be between 3 and 24 characters in length and use numbers and lower-case letters only."
      }
    },
    {
      "RequestUri": "https://management.azure.com/subscriptions/45b60d85-fd72-427a-a708-f994d26e593e/resourceGroups/res3924/providers/Microsoft.Storage/storageAccounts/sto8014?api-version=2019-06-01",
      "RequestMethod": "PUT",
      "RequestHeaders": {
        "Authorization": "Sanitized",
        "Content-Length": "133",
        "Content-Type": "application/json",
        "traceparent": "00-c5de009574ae3544aeec5b5c6ab20f59-9e3407da5cb8bd45-00",
        "User-Agent": [
          "azsdk-net-Management.Storage/1.0.0-dev.20200601.1",
          "(.NET Framework 4.8.4180.0; Microsoft Windows 10.0.19041 )"
        ],
        "x-ms-client-request-id": "ea8b0e9bb5725d95030e5cd9dd8baf85",
        "x-ms-return-client-request-id": "true"
      },
      "RequestBody": {
        "sku": {
          "name": "Standard_GRS"
        },
        "kind": "Storage",
        "location": "eastus2(stage)",
        "tags": {
          "key1": "value1",
          "key2": "value2"
        },
        "properties": {}
      },
      "StatusCode": 202,
      "ResponseHeaders": {
        "Cache-Control": "no-cache",
        "Content-Length": "0",
        "Content-Type": "text/plain; charset=utf-8",
        "Date": "Mon, 01 Jun 2020 06:10:36 GMT",
        "Expires": "-1",
        "Location": "https://management.azure.com/subscriptions/45b60d85-fd72-427a-a708-f994d26e593e/providers/Microsoft.Storage/locations/eastus2(stage)/asyncoperations/28a47a57-db21-4993-80f7-59aee4394bc3?monitor=true\u0026api-version=2019-06-01",
        "Pragma": "no-cache",
        "Retry-After": "17",
        "Server": "Microsoft-Azure-Storage-Resource-Provider/1.0,Microsoft-HTTPAPI/2.0 Microsoft-HTTPAPI/2.0",
        "Strict-Transport-Security": "max-age=31536000; includeSubDomains",
        "X-Content-Type-Options": "nosniff",
        "x-ms-client-request-id": "ea8b0e9bb5725d95030e5cd9dd8baf85",
        "x-ms-correlation-request-id": "1c565b17-d563-4e32-bad2-cc6c7ceb0716",
        "x-ms-ratelimit-remaining-subscription-writes": "1154",
        "x-ms-request-id": "28a47a57-db21-4993-80f7-59aee4394bc3",
        "x-ms-routing-request-id": "SOUTHEASTASIA:20200601T061037Z:1c565b17-d563-4e32-bad2-cc6c7ceb0716"
      },
      "ResponseBody": []
    },
    {
      "RequestUri": "https://management.azure.com/subscriptions/45b60d85-fd72-427a-a708-f994d26e593e/providers/Microsoft.Storage/locations/eastus2(stage)/asyncoperations/28a47a57-db21-4993-80f7-59aee4394bc3?monitor=true\u0026api-version=2019-06-01",
      "RequestMethod": "GET",
      "RequestHeaders": {
        "Authorization": "Sanitized",
        "User-Agent": [
          "azsdk-net-Management.Storage/1.0.0-dev.20200601.1",
          "(.NET Framework 4.8.4180.0; Microsoft Windows 10.0.19041 )"
        ],
        "x-ms-client-request-id": "03f78eab3407f33f1bbef1db07c9a818",
        "x-ms-return-client-request-id": "true"
      },
      "RequestBody": null,
      "StatusCode": 202,
      "ResponseHeaders": {
        "Cache-Control": "no-cache",
        "Content-Length": "0",
        "Content-Type": "text/plain; charset=utf-8",
        "Date": "Mon, 01 Jun 2020 06:10:36 GMT",
        "Expires": "-1",
        "Location": "https://management.azure.com/subscriptions/45b60d85-fd72-427a-a708-f994d26e593e/providers/Microsoft.Storage/locations/eastus2(stage)/asyncoperations/28a47a57-db21-4993-80f7-59aee4394bc3?monitor=true\u0026api-version=2019-06-01",
        "Pragma": "no-cache",
        "Retry-After": "17",
        "Server": "Microsoft-Azure-Storage-Resource-Provider/1.0,Microsoft-HTTPAPI/2.0 Microsoft-HTTPAPI/2.0",
        "Strict-Transport-Security": "max-age=31536000; includeSubDomains",
        "X-Content-Type-Options": "nosniff",
        "x-ms-client-request-id": "03f78eab3407f33f1bbef1db07c9a818",
        "x-ms-correlation-request-id": "1e4c0099-4bdd-4066-b1b2-6e1ee766ebfb",
        "x-ms-ratelimit-remaining-subscription-reads": "11743",
        "x-ms-request-id": "cc50e4f4-32b5-4ab1-8867-5c2dc6abb5e9",
        "x-ms-routing-request-id": "SOUTHEASTASIA:20200601T061037Z:1e4c0099-4bdd-4066-b1b2-6e1ee766ebfb"
      },
      "ResponseBody": []
    },
    {
      "RequestUri": "https://management.azure.com/subscriptions/45b60d85-fd72-427a-a708-f994d26e593e/providers/Microsoft.Storage/locations/eastus2(stage)/asyncoperations/28a47a57-db21-4993-80f7-59aee4394bc3?monitor=true\u0026api-version=2019-06-01",
      "RequestMethod": "GET",
      "RequestHeaders": {
        "Authorization": "Sanitized",
        "User-Agent": [
          "azsdk-net-Management.Storage/1.0.0-dev.20200601.1",
          "(.NET Framework 4.8.4180.0; Microsoft Windows 10.0.19041 )"
        ],
        "x-ms-client-request-id": "0f840086a713d13fc5a19c0d64afa0d6",
        "x-ms-return-client-request-id": "true"
      },
      "RequestBody": null,
      "StatusCode": 202,
      "ResponseHeaders": {
        "Cache-Control": "no-cache",
        "Content-Length": "0",
        "Content-Type": "text/plain; charset=utf-8",
        "Date": "Mon, 01 Jun 2020 06:10:37 GMT",
        "Expires": "-1",
        "Location": "https://management.azure.com/subscriptions/45b60d85-fd72-427a-a708-f994d26e593e/providers/Microsoft.Storage/locations/eastus2(stage)/asyncoperations/28a47a57-db21-4993-80f7-59aee4394bc3?monitor=true\u0026api-version=2019-06-01",
        "Pragma": "no-cache",
        "Retry-After": "17",
        "Server": "Microsoft-Azure-Storage-Resource-Provider/1.0,Microsoft-HTTPAPI/2.0 Microsoft-HTTPAPI/2.0",
        "Strict-Transport-Security": "max-age=31536000; includeSubDomains",
        "X-Content-Type-Options": "nosniff",
        "x-ms-client-request-id": "0f840086a713d13fc5a19c0d64afa0d6",
        "x-ms-correlation-request-id": "4faaa25e-a5f4-42cc-85a1-f5227948ce63",
        "x-ms-ratelimit-remaining-subscription-reads": "11742",
        "x-ms-request-id": "523c584d-03d0-44df-b154-13ed9a1a765b",
        "x-ms-routing-request-id": "SOUTHEASTASIA:20200601T061038Z:4faaa25e-a5f4-42cc-85a1-f5227948ce63"
      },
      "ResponseBody": []
    },
    {
      "RequestUri": "https://management.azure.com/subscriptions/45b60d85-fd72-427a-a708-f994d26e593e/providers/Microsoft.Storage/locations/eastus2(stage)/asyncoperations/28a47a57-db21-4993-80f7-59aee4394bc3?monitor=true\u0026api-version=2019-06-01",
      "RequestMethod": "GET",
      "RequestHeaders": {
        "Authorization": "Sanitized",
        "User-Agent": [
          "azsdk-net-Management.Storage/1.0.0-dev.20200601.1",
          "(.NET Framework 4.8.4180.0; Microsoft Windows 10.0.19041 )"
        ],
        "x-ms-client-request-id": "4e2eb9a4ac94b87d9c0d648dd86de284",
        "x-ms-return-client-request-id": "true"
      },
      "RequestBody": null,
      "StatusCode": 202,
      "ResponseHeaders": {
        "Cache-Control": "no-cache",
        "Content-Length": "0",
        "Content-Type": "text/plain; charset=utf-8",
        "Date": "Mon, 01 Jun 2020 06:10:39 GMT",
        "Expires": "-1",
        "Location": "https://management.azure.com/subscriptions/45b60d85-fd72-427a-a708-f994d26e593e/providers/Microsoft.Storage/locations/eastus2(stage)/asyncoperations/28a47a57-db21-4993-80f7-59aee4394bc3?monitor=true\u0026api-version=2019-06-01",
        "Pragma": "no-cache",
        "Retry-After": "17",
        "Server": "Microsoft-Azure-Storage-Resource-Provider/1.0,Microsoft-HTTPAPI/2.0 Microsoft-HTTPAPI/2.0",
        "Strict-Transport-Security": "max-age=31536000; includeSubDomains",
        "X-Content-Type-Options": "nosniff",
        "x-ms-client-request-id": "4e2eb9a4ac94b87d9c0d648dd86de284",
        "x-ms-correlation-request-id": "dcf332a9-d252-42aa-9311-a35f3295db8c",
        "x-ms-ratelimit-remaining-subscription-reads": "11741",
        "x-ms-request-id": "6914037d-2770-47fa-a2e7-a9489f3f2193",
        "x-ms-routing-request-id": "SOUTHEASTASIA:20200601T061040Z:dcf332a9-d252-42aa-9311-a35f3295db8c"
      },
      "ResponseBody": []
    },
    {
      "RequestUri": "https://management.azure.com/subscriptions/45b60d85-fd72-427a-a708-f994d26e593e/providers/Microsoft.Storage/locations/eastus2(stage)/asyncoperations/28a47a57-db21-4993-80f7-59aee4394bc3?monitor=true\u0026api-version=2019-06-01",
      "RequestMethod": "GET",
      "RequestHeaders": {
        "Authorization": "Sanitized",
        "User-Agent": [
          "azsdk-net-Management.Storage/1.0.0-dev.20200601.1",
          "(.NET Framework 4.8.4180.0; Microsoft Windows 10.0.19041 )"
        ],
        "x-ms-client-request-id": "bc5f37bc5aa9038f4f253e6597318e6c",
        "x-ms-return-client-request-id": "true"
      },
      "RequestBody": null,
      "StatusCode": 202,
      "ResponseHeaders": {
        "Cache-Control": "no-cache",
        "Content-Length": "0",
        "Content-Type": "text/plain; charset=utf-8",
        "Date": "Mon, 01 Jun 2020 06:10:40 GMT",
        "Expires": "-1",
        "Location": "https://management.azure.com/subscriptions/45b60d85-fd72-427a-a708-f994d26e593e/providers/Microsoft.Storage/locations/eastus2(stage)/asyncoperations/28a47a57-db21-4993-80f7-59aee4394bc3?monitor=true\u0026api-version=2019-06-01",
        "Pragma": "no-cache",
        "Retry-After": "17",
        "Server": "Microsoft-Azure-Storage-Resource-Provider/1.0,Microsoft-HTTPAPI/2.0 Microsoft-HTTPAPI/2.0",
        "Strict-Transport-Security": "max-age=31536000; includeSubDomains",
        "X-Content-Type-Options": "nosniff",
        "x-ms-client-request-id": "bc5f37bc5aa9038f4f253e6597318e6c",
        "x-ms-correlation-request-id": "820aa4ec-fd68-4a8c-b3d8-43af7376b87d",
        "x-ms-ratelimit-remaining-subscription-reads": "11740",
        "x-ms-request-id": "32cfbf00-91e3-4bc7-89ca-dbbad3bc76cf",
        "x-ms-routing-request-id": "SOUTHEASTASIA:20200601T061041Z:820aa4ec-fd68-4a8c-b3d8-43af7376b87d"
      },
      "ResponseBody": []
    },
    {
      "RequestUri": "https://management.azure.com/subscriptions/45b60d85-fd72-427a-a708-f994d26e593e/providers/Microsoft.Storage/locations/eastus2(stage)/asyncoperations/28a47a57-db21-4993-80f7-59aee4394bc3?monitor=true\u0026api-version=2019-06-01",
      "RequestMethod": "GET",
      "RequestHeaders": {
        "Authorization": "Sanitized",
        "User-Agent": [
          "azsdk-net-Management.Storage/1.0.0-dev.20200601.1",
          "(.NET Framework 4.8.4180.0; Microsoft Windows 10.0.19041 )"
        ],
        "x-ms-client-request-id": "4d371b1e5a9ada8482cc730543b1f857",
        "x-ms-return-client-request-id": "true"
      },
      "RequestBody": null,
      "StatusCode": 202,
      "ResponseHeaders": {
        "Cache-Control": "no-cache",
        "Content-Length": "0",
        "Content-Type": "text/plain; charset=utf-8",
        "Date": "Mon, 01 Jun 2020 06:10:42 GMT",
        "Expires": "-1",
        "Location": "https://management.azure.com/subscriptions/45b60d85-fd72-427a-a708-f994d26e593e/providers/Microsoft.Storage/locations/eastus2(stage)/asyncoperations/28a47a57-db21-4993-80f7-59aee4394bc3?monitor=true\u0026api-version=2019-06-01",
        "Pragma": "no-cache",
        "Retry-After": "17",
        "Server": "Microsoft-Azure-Storage-Resource-Provider/1.0,Microsoft-HTTPAPI/2.0 Microsoft-HTTPAPI/2.0",
        "Strict-Transport-Security": "max-age=31536000; includeSubDomains",
        "X-Content-Type-Options": "nosniff",
        "x-ms-client-request-id": "4d371b1e5a9ada8482cc730543b1f857",
        "x-ms-correlation-request-id": "65ddf0f9-b0b6-465e-b6fb-7c4c2e50a652",
        "x-ms-ratelimit-remaining-subscription-reads": "11739",
        "x-ms-request-id": "cb284aec-8a88-4a8f-a654-6a658a2640f2",
        "x-ms-routing-request-id": "SOUTHEASTASIA:20200601T061042Z:65ddf0f9-b0b6-465e-b6fb-7c4c2e50a652"
      },
      "ResponseBody": []
    },
    {
      "RequestUri": "https://management.azure.com/subscriptions/45b60d85-fd72-427a-a708-f994d26e593e/providers/Microsoft.Storage/locations/eastus2(stage)/asyncoperations/28a47a57-db21-4993-80f7-59aee4394bc3?monitor=true\u0026api-version=2019-06-01",
      "RequestMethod": "GET",
      "RequestHeaders": {
        "Authorization": "Sanitized",
        "User-Agent": [
          "azsdk-net-Management.Storage/1.0.0-dev.20200601.1",
          "(.NET Framework 4.8.4180.0; Microsoft Windows 10.0.19041 )"
        ],
        "x-ms-client-request-id": "2c5118bfe34f492d2a2aff6e6d17206a",
        "x-ms-return-client-request-id": "true"
      },
      "RequestBody": null,
      "StatusCode": 202,
      "ResponseHeaders": {
        "Cache-Control": "no-cache",
        "Content-Length": "0",
        "Content-Type": "text/plain; charset=utf-8",
        "Date": "Mon, 01 Jun 2020 06:10:43 GMT",
        "Expires": "-1",
        "Location": "https://management.azure.com/subscriptions/45b60d85-fd72-427a-a708-f994d26e593e/providers/Microsoft.Storage/locations/eastus2(stage)/asyncoperations/28a47a57-db21-4993-80f7-59aee4394bc3?monitor=true\u0026api-version=2019-06-01",
        "Pragma": "no-cache",
        "Retry-After": "17",
        "Server": "Microsoft-Azure-Storage-Resource-Provider/1.0,Microsoft-HTTPAPI/2.0 Microsoft-HTTPAPI/2.0",
        "Strict-Transport-Security": "max-age=31536000; includeSubDomains",
        "X-Content-Type-Options": "nosniff",
        "x-ms-client-request-id": "2c5118bfe34f492d2a2aff6e6d17206a",
        "x-ms-correlation-request-id": "f742d796-b14c-4eb4-b7bc-2b91e82721a0",
        "x-ms-ratelimit-remaining-subscription-reads": "11738",
        "x-ms-request-id": "30c2c7c5-d8b1-4db1-9ac5-bc807bb37269",
        "x-ms-routing-request-id": "SOUTHEASTASIA:20200601T061043Z:f742d796-b14c-4eb4-b7bc-2b91e82721a0"
      },
      "ResponseBody": []
    },
    {
      "RequestUri": "https://management.azure.com/subscriptions/45b60d85-fd72-427a-a708-f994d26e593e/providers/Microsoft.Storage/locations/eastus2(stage)/asyncoperations/28a47a57-db21-4993-80f7-59aee4394bc3?monitor=true\u0026api-version=2019-06-01",
      "RequestMethod": "GET",
      "RequestHeaders": {
        "Authorization": "Sanitized",
        "User-Agent": [
          "azsdk-net-Management.Storage/1.0.0-dev.20200601.1",
          "(.NET Framework 4.8.4180.0; Microsoft Windows 10.0.19041 )"
        ],
        "x-ms-client-request-id": "bc6ff87f943662e9b38539dce78ac09e",
        "x-ms-return-client-request-id": "true"
      },
      "RequestBody": null,
      "StatusCode": 202,
      "ResponseHeaders": {
        "Cache-Control": "no-cache",
        "Content-Length": "0",
        "Content-Type": "text/plain; charset=utf-8",
        "Date": "Mon, 01 Jun 2020 06:10:45 GMT",
        "Expires": "-1",
        "Location": "https://management.azure.com/subscriptions/45b60d85-fd72-427a-a708-f994d26e593e/providers/Microsoft.Storage/locations/eastus2(stage)/asyncoperations/28a47a57-db21-4993-80f7-59aee4394bc3?monitor=true\u0026api-version=2019-06-01",
        "Pragma": "no-cache",
        "Retry-After": "17",
        "Server": "Microsoft-Azure-Storage-Resource-Provider/1.0,Microsoft-HTTPAPI/2.0 Microsoft-HTTPAPI/2.0",
        "Strict-Transport-Security": "max-age=31536000; includeSubDomains",
        "X-Content-Type-Options": "nosniff",
        "x-ms-client-request-id": "bc6ff87f943662e9b38539dce78ac09e",
        "x-ms-correlation-request-id": "79a71bee-6c6c-4e14-a14a-b9d1d99b6294",
        "x-ms-ratelimit-remaining-subscription-reads": "11737",
        "x-ms-request-id": "78c92cb6-f859-4625-b920-0e12489b8435",
        "x-ms-routing-request-id": "SOUTHEASTASIA:20200601T061045Z:79a71bee-6c6c-4e14-a14a-b9d1d99b6294"
      },
      "ResponseBody": []
    },
    {
      "RequestUri": "https://management.azure.com/subscriptions/45b60d85-fd72-427a-a708-f994d26e593e/providers/Microsoft.Storage/locations/eastus2(stage)/asyncoperations/28a47a57-db21-4993-80f7-59aee4394bc3?monitor=true\u0026api-version=2019-06-01",
      "RequestMethod": "GET",
      "RequestHeaders": {
        "Authorization": "Sanitized",
        "User-Agent": [
          "azsdk-net-Management.Storage/1.0.0-dev.20200601.1",
          "(.NET Framework 4.8.4180.0; Microsoft Windows 10.0.19041 )"
        ],
        "x-ms-client-request-id": "7fa6e62c62e03b1ceeed23705a166d6a",
        "x-ms-return-client-request-id": "true"
      },
      "RequestBody": null,
      "StatusCode": 202,
      "ResponseHeaders": {
        "Cache-Control": "no-cache",
        "Content-Length": "0",
        "Content-Type": "text/plain; charset=utf-8",
        "Date": "Mon, 01 Jun 2020 06:10:46 GMT",
        "Expires": "-1",
        "Location": "https://management.azure.com/subscriptions/45b60d85-fd72-427a-a708-f994d26e593e/providers/Microsoft.Storage/locations/eastus2(stage)/asyncoperations/28a47a57-db21-4993-80f7-59aee4394bc3?monitor=true\u0026api-version=2019-06-01",
        "Pragma": "no-cache",
        "Retry-After": "17",
        "Server": "Microsoft-Azure-Storage-Resource-Provider/1.0,Microsoft-HTTPAPI/2.0 Microsoft-HTTPAPI/2.0",
        "Strict-Transport-Security": "max-age=31536000; includeSubDomains",
        "X-Content-Type-Options": "nosniff",
        "x-ms-client-request-id": "7fa6e62c62e03b1ceeed23705a166d6a",
        "x-ms-correlation-request-id": "59850e59-295d-4f96-9d80-80fc7f215169",
        "x-ms-ratelimit-remaining-subscription-reads": "11736",
        "x-ms-request-id": "603183c9-36ea-4bf9-a7d4-9856a13bfcc4",
        "x-ms-routing-request-id": "SOUTHEASTASIA:20200601T061046Z:59850e59-295d-4f96-9d80-80fc7f215169"
      },
      "ResponseBody": []
    },
    {
      "RequestUri": "https://management.azure.com/subscriptions/45b60d85-fd72-427a-a708-f994d26e593e/providers/Microsoft.Storage/locations/eastus2(stage)/asyncoperations/28a47a57-db21-4993-80f7-59aee4394bc3?monitor=true\u0026api-version=2019-06-01",
      "RequestMethod": "GET",
      "RequestHeaders": {
        "Authorization": "Sanitized",
        "User-Agent": [
          "azsdk-net-Management.Storage/1.0.0-dev.20200601.1",
          "(.NET Framework 4.8.4180.0; Microsoft Windows 10.0.19041 )"
        ],
        "x-ms-client-request-id": "4b8608ab3c422a202eee79caa950629f",
        "x-ms-return-client-request-id": "true"
      },
      "RequestBody": null,
      "StatusCode": 202,
      "ResponseHeaders": {
        "Cache-Control": "no-cache",
        "Content-Length": "0",
        "Content-Type": "text/plain; charset=utf-8",
        "Date": "Mon, 01 Jun 2020 06:10:47 GMT",
        "Expires": "-1",
        "Location": "https://management.azure.com/subscriptions/45b60d85-fd72-427a-a708-f994d26e593e/providers/Microsoft.Storage/locations/eastus2(stage)/asyncoperations/28a47a57-db21-4993-80f7-59aee4394bc3?monitor=true\u0026api-version=2019-06-01",
        "Pragma": "no-cache",
        "Retry-After": "17",
        "Server": "Microsoft-Azure-Storage-Resource-Provider/1.0,Microsoft-HTTPAPI/2.0 Microsoft-HTTPAPI/2.0",
        "Strict-Transport-Security": "max-age=31536000; includeSubDomains",
        "X-Content-Type-Options": "nosniff",
        "x-ms-client-request-id": "4b8608ab3c422a202eee79caa950629f",
        "x-ms-correlation-request-id": "1216019f-c62a-4416-ae58-5b1196312c2b",
        "x-ms-ratelimit-remaining-subscription-reads": "11735",
        "x-ms-request-id": "35bc381d-b9a4-4c86-8566-348f92faf9a1",
        "x-ms-routing-request-id": "SOUTHEASTASIA:20200601T061047Z:1216019f-c62a-4416-ae58-5b1196312c2b"
      },
      "ResponseBody": []
    },
    {
      "RequestUri": "https://management.azure.com/subscriptions/45b60d85-fd72-427a-a708-f994d26e593e/providers/Microsoft.Storage/locations/eastus2(stage)/asyncoperations/28a47a57-db21-4993-80f7-59aee4394bc3?monitor=true\u0026api-version=2019-06-01",
      "RequestMethod": "GET",
      "RequestHeaders": {
        "Authorization": "Sanitized",
        "User-Agent": [
          "azsdk-net-Management.Storage/1.0.0-dev.20200601.1",
          "(.NET Framework 4.8.4180.0; Microsoft Windows 10.0.19041 )"
        ],
        "x-ms-client-request-id": "86416169a0711d8adb34ce497179079c",
        "x-ms-return-client-request-id": "true"
      },
      "RequestBody": null,
      "StatusCode": 202,
      "ResponseHeaders": {
        "Cache-Control": "no-cache",
        "Content-Length": "0",
        "Content-Type": "text/plain; charset=utf-8",
        "Date": "Mon, 01 Jun 2020 06:10:48 GMT",
        "Expires": "-1",
        "Location": "https://management.azure.com/subscriptions/45b60d85-fd72-427a-a708-f994d26e593e/providers/Microsoft.Storage/locations/eastus2(stage)/asyncoperations/28a47a57-db21-4993-80f7-59aee4394bc3?monitor=true\u0026api-version=2019-06-01",
        "Pragma": "no-cache",
        "Retry-After": "17",
        "Server": "Microsoft-Azure-Storage-Resource-Provider/1.0,Microsoft-HTTPAPI/2.0 Microsoft-HTTPAPI/2.0",
        "Strict-Transport-Security": "max-age=31536000; includeSubDomains",
        "X-Content-Type-Options": "nosniff",
        "x-ms-client-request-id": "86416169a0711d8adb34ce497179079c",
        "x-ms-correlation-request-id": "39bc22b0-489c-46e4-9460-e9347044031c",
        "x-ms-ratelimit-remaining-subscription-reads": "11734",
        "x-ms-request-id": "ffb525eb-95a8-4749-810a-3786bd1dae07",
        "x-ms-routing-request-id": "SOUTHEASTASIA:20200601T061049Z:39bc22b0-489c-46e4-9460-e9347044031c"
      },
      "ResponseBody": []
    },
    {
      "RequestUri": "https://management.azure.com/subscriptions/45b60d85-fd72-427a-a708-f994d26e593e/providers/Microsoft.Storage/locations/eastus2(stage)/asyncoperations/28a47a57-db21-4993-80f7-59aee4394bc3?monitor=true\u0026api-version=2019-06-01",
      "RequestMethod": "GET",
      "RequestHeaders": {
        "Authorization": "Sanitized",
        "User-Agent": [
          "azsdk-net-Management.Storage/1.0.0-dev.20200601.1",
          "(.NET Framework 4.8.4180.0; Microsoft Windows 10.0.19041 )"
        ],
        "x-ms-client-request-id": "de31ce187503f05bc67b50f1e851919d",
        "x-ms-return-client-request-id": "true"
      },
      "RequestBody": null,
      "StatusCode": 202,
      "ResponseHeaders": {
        "Cache-Control": "no-cache",
        "Content-Length": "0",
        "Content-Type": "text/plain; charset=utf-8",
        "Date": "Mon, 01 Jun 2020 06:10:50 GMT",
        "Expires": "-1",
        "Location": "https://management.azure.com/subscriptions/45b60d85-fd72-427a-a708-f994d26e593e/providers/Microsoft.Storage/locations/eastus2(stage)/asyncoperations/28a47a57-db21-4993-80f7-59aee4394bc3?monitor=true\u0026api-version=2019-06-01",
        "Pragma": "no-cache",
        "Retry-After": "17",
        "Server": "Microsoft-Azure-Storage-Resource-Provider/1.0,Microsoft-HTTPAPI/2.0 Microsoft-HTTPAPI/2.0",
        "Strict-Transport-Security": "max-age=31536000; includeSubDomains",
        "X-Content-Type-Options": "nosniff",
        "x-ms-client-request-id": "de31ce187503f05bc67b50f1e851919d",
        "x-ms-correlation-request-id": "d1c80fa0-dd53-4c59-875e-33ac7e2106bc",
        "x-ms-ratelimit-remaining-subscription-reads": "11733",
        "x-ms-request-id": "124432e8-e3a9-42d0-a5b6-a3622e8db6c6",
        "x-ms-routing-request-id": "SOUTHEASTASIA:20200601T061050Z:d1c80fa0-dd53-4c59-875e-33ac7e2106bc"
      },
      "ResponseBody": []
    },
    {
      "RequestUri": "https://management.azure.com/subscriptions/45b60d85-fd72-427a-a708-f994d26e593e/providers/Microsoft.Storage/locations/eastus2(stage)/asyncoperations/28a47a57-db21-4993-80f7-59aee4394bc3?monitor=true\u0026api-version=2019-06-01",
      "RequestMethod": "GET",
      "RequestHeaders": {
        "Authorization": "Sanitized",
        "User-Agent": [
          "azsdk-net-Management.Storage/1.0.0-dev.20200601.1",
          "(.NET Framework 4.8.4180.0; Microsoft Windows 10.0.19041 )"
        ],
        "x-ms-client-request-id": "f906838ae6d50af97e696f0e6dd6b9b5",
        "x-ms-return-client-request-id": "true"
      },
      "RequestBody": null,
      "StatusCode": 202,
      "ResponseHeaders": {
        "Cache-Control": "no-cache",
        "Content-Length": "0",
        "Content-Type": "text/plain; charset=utf-8",
        "Date": "Mon, 01 Jun 2020 06:10:51 GMT",
        "Expires": "-1",
        "Location": "https://management.azure.com/subscriptions/45b60d85-fd72-427a-a708-f994d26e593e/providers/Microsoft.Storage/locations/eastus2(stage)/asyncoperations/28a47a57-db21-4993-80f7-59aee4394bc3?monitor=true\u0026api-version=2019-06-01",
        "Pragma": "no-cache",
        "Retry-After": "17",
        "Server": "Microsoft-Azure-Storage-Resource-Provider/1.0,Microsoft-HTTPAPI/2.0 Microsoft-HTTPAPI/2.0",
        "Strict-Transport-Security": "max-age=31536000; includeSubDomains",
        "X-Content-Type-Options": "nosniff",
        "x-ms-client-request-id": "f906838ae6d50af97e696f0e6dd6b9b5",
        "x-ms-correlation-request-id": "68c7808c-321b-4f09-93ed-4355ac45f092",
        "x-ms-ratelimit-remaining-subscription-reads": "11732",
        "x-ms-request-id": "f86ba78b-c442-4f66-b7a0-948cec1e9f59",
        "x-ms-routing-request-id": "SOUTHEASTASIA:20200601T061051Z:68c7808c-321b-4f09-93ed-4355ac45f092"
      },
      "ResponseBody": []
    },
    {
      "RequestUri": "https://management.azure.com/subscriptions/45b60d85-fd72-427a-a708-f994d26e593e/providers/Microsoft.Storage/locations/eastus2(stage)/asyncoperations/28a47a57-db21-4993-80f7-59aee4394bc3?monitor=true\u0026api-version=2019-06-01",
      "RequestMethod": "GET",
      "RequestHeaders": {
        "Authorization": "Sanitized",
        "User-Agent": [
          "azsdk-net-Management.Storage/1.0.0-dev.20200601.1",
          "(.NET Framework 4.8.4180.0; Microsoft Windows 10.0.19041 )"
        ],
        "x-ms-client-request-id": "dab2dde7831ff39c0550c0f65098348a",
        "x-ms-return-client-request-id": "true"
      },
      "RequestBody": null,
      "StatusCode": 202,
      "ResponseHeaders": {
        "Cache-Control": "no-cache",
        "Content-Length": "0",
        "Content-Type": "text/plain; charset=utf-8",
        "Date": "Mon, 01 Jun 2020 06:10:52 GMT",
        "Expires": "-1",
        "Location": "https://management.azure.com/subscriptions/45b60d85-fd72-427a-a708-f994d26e593e/providers/Microsoft.Storage/locations/eastus2(stage)/asyncoperations/28a47a57-db21-4993-80f7-59aee4394bc3?monitor=true\u0026api-version=2019-06-01",
        "Pragma": "no-cache",
        "Retry-After": "3",
        "Server": "Microsoft-Azure-Storage-Resource-Provider/1.0,Microsoft-HTTPAPI/2.0 Microsoft-HTTPAPI/2.0",
        "Strict-Transport-Security": "max-age=31536000; includeSubDomains",
        "X-Content-Type-Options": "nosniff",
        "x-ms-client-request-id": "dab2dde7831ff39c0550c0f65098348a",
        "x-ms-correlation-request-id": "68d94e49-4dce-4067-bf6d-0ed1f4d92b7f",
        "x-ms-ratelimit-remaining-subscription-reads": "11731",
        "x-ms-request-id": "d7288f91-8db8-4c62-8800-91cd8cb2522f",
        "x-ms-routing-request-id": "SOUTHEASTASIA:20200601T061052Z:68d94e49-4dce-4067-bf6d-0ed1f4d92b7f"
      },
      "ResponseBody": []
    },
    {
      "RequestUri": "https://management.azure.com/subscriptions/45b60d85-fd72-427a-a708-f994d26e593e/providers/Microsoft.Storage/locations/eastus2(stage)/asyncoperations/28a47a57-db21-4993-80f7-59aee4394bc3?monitor=true\u0026api-version=2019-06-01",
      "RequestMethod": "GET",
      "RequestHeaders": {
        "Authorization": "Sanitized",
        "User-Agent": [
          "azsdk-net-Management.Storage/1.0.0-dev.20200601.1",
          "(.NET Framework 4.8.4180.0; Microsoft Windows 10.0.19041 )"
        ],
        "x-ms-client-request-id": "eebf30a20d7231c6d526609a064d83ef",
        "x-ms-return-client-request-id": "true"
      },
      "RequestBody": null,
      "StatusCode": 200,
      "ResponseHeaders": {
        "Cache-Control": "no-cache",
        "Content-Length": "1193",
        "Content-Type": "application/json",
        "Date": "Mon, 01 Jun 2020 06:10:54 GMT",
        "Expires": "-1",
        "Pragma": "no-cache",
        "Server": "Microsoft-Azure-Storage-Resource-Provider/1.0,Microsoft-HTTPAPI/2.0 Microsoft-HTTPAPI/2.0",
        "Strict-Transport-Security": "max-age=31536000; includeSubDomains",
        "X-Content-Type-Options": "nosniff",
        "x-ms-client-request-id": "eebf30a20d7231c6d526609a064d83ef",
        "x-ms-correlation-request-id": "a9d40afe-d531-4a17-b51f-cf75cf180da6",
        "x-ms-ratelimit-remaining-subscription-reads": "11730",
        "x-ms-request-id": "69f92518-9434-4f73-b711-f3b62145fc22",
        "x-ms-routing-request-id": "SOUTHEASTASIA:20200601T061054Z:a9d40afe-d531-4a17-b51f-cf75cf180da6"
      },
      "ResponseBody": {
        "sku": {
          "name": "Standard_GRS",
          "tier": "Standard"
        },
        "kind": "Storage",
        "id": "/subscriptions/45b60d85-fd72-427a-a708-f994d26e593e/resourceGroups/res3924/providers/Microsoft.Storage/storageAccounts/sto8014",
        "name": "sto8014",
        "type": "Microsoft.Storage/storageAccounts",
        "location": "eastus2(stage)",
        "tags": {
          "key1": "value1",
          "key2": "value2"
        },
        "properties": {
          "privateEndpointConnections": [],
          "networkAcls": {
            "bypass": "AzureServices",
            "virtualNetworkRules": [],
            "ipRules": [],
            "defaultAction": "Allow"
          },
          "supportsHttpsTrafficOnly": true,
          "encryption": {
            "services": {
              "file": {
                "keyType": "Account",
                "enabled": true,
                "lastEnabledTime": "2020-06-01T06:10:36.6871448Z"
              },
              "blob": {
                "keyType": "Account",
                "enabled": true,
                "lastEnabledTime": "2020-06-01T06:10:36.6871448Z"
              }
            },
            "keySource": "Microsoft.Storage"
          },
          "provisioningState": "Succeeded",
          "creationTime": "2020-06-01T06:10:36.6090166Z",
          "primaryEndpoints": {
            "blob": "https://sto8014.blob.core.windows.net/",
            "queue": "https://sto8014.queue.core.windows.net/",
            "table": "https://sto8014.table.core.windows.net/",
            "file": "https://sto8014.file.core.windows.net/"
          },
          "primaryLocation": "eastus2(stage)",
          "statusOfPrimary": "available",
          "secondaryLocation": "northcentralus(stage)",
          "statusOfSecondary": "available"
        }
      }
    },
    {
      "RequestUri": "https://management.azure.com/subscriptions/45b60d85-fd72-427a-a708-f994d26e593e/providers/Microsoft.Storage/checkNameAvailability?api-version=2019-06-01",
      "RequestMethod": "POST",
      "RequestHeaders": {
        "Authorization": "Sanitized",
        "Content-Length": "61",
        "Content-Type": "application/json",
        "traceparent": "00-90a95f2e5f58b64299103f815670c776-431768ff03c4e64c-00",
        "User-Agent": [
          "azsdk-net-Management.Storage/1.0.0-dev.20200601.1",
          "(.NET Framework 4.8.4180.0; Microsoft Windows 10.0.19041 )"
        ],
        "x-ms-client-request-id": "0b0a9ac2b79e067ee712f4852603bae5",
        "x-ms-return-client-request-id": "true"
      },
      "RequestBody": {
        "name": "sto8014",
        "type": "Microsoft.Storage/storageAccounts"
      },
      "StatusCode": 200,
      "ResponseHeaders": {
        "Cache-Control": "no-cache",
        "Content-Length": "112",
        "Content-Type": "application/json",
        "Date": "Mon, 01 Jun 2020 06:10:54 GMT",
        "Expires": "-1",
        "Pragma": "no-cache",
        "Server": "Microsoft-Azure-Storage-Resource-Provider/1.0,Microsoft-HTTPAPI/2.0 Microsoft-HTTPAPI/2.0",
        "Strict-Transport-Security": "max-age=31536000; includeSubDomains",
        "X-Content-Type-Options": "nosniff",
        "x-ms-client-request-id": "0b0a9ac2b79e067ee712f4852603bae5",
        "x-ms-correlation-request-id": "f80c27b8-3d58-448c-9cf4-084684eb1d36",
        "x-ms-ratelimit-remaining-subscription-reads": "11729",
        "x-ms-request-id": "b2dc103e-0c35-4f1b-8973-d73bc15dffaa",
        "x-ms-routing-request-id": "SOUTHEASTASIA:20200601T061054Z:f80c27b8-3d58-448c-9cf4-084684eb1d36"
      },
      "ResponseBody": {
        "nameAvailable": false,
        "reason": "AlreadyExists",
        "message": "The storage account named sto8014 is already taken."
      }
    },
    {
      "RequestUri": "https://management.azure.com/subscriptions/45b60d85-fd72-427a-a708-f994d26e593e/resourceGroups/res3924/providers/Microsoft.Storage/storageAccounts/sto6598?api-version=2019-06-01",
      "RequestMethod": "DELETE",
      "RequestHeaders": {
        "Authorization": "Sanitized",
        "traceparent": "00-271ec11d8272f848ac862d7b450c61a2-c19e52897dc13041-00",
        "User-Agent": [
          "azsdk-net-Management.Storage/1.0.0-dev.20200601.1",
          "(.NET Framework 4.8.4180.0; Microsoft Windows 10.0.19041 )"
        ],
        "x-ms-client-request-id": "3c6ce434cb17da43168104f92201edb8",
        "x-ms-return-client-request-id": "true"
      },
      "RequestBody": null,
      "StatusCode": 204,
      "ResponseHeaders": {
        "Cache-Control": "no-cache",
        "Date": "Mon, 01 Jun 2020 06:10:55 GMT",
        "Expires": "-1",
        "Pragma": "no-cache",
        "Strict-Transport-Security": "max-age=31536000; includeSubDomains",
        "X-Content-Type-Options": "nosniff",
        "x-ms-correlation-request-id": "49b19fdd-8e37-4563-b834-6b12ed70c61a",
        "x-ms-ratelimit-remaining-subscription-deletes": "14968",
        "x-ms-request-id": "49b19fdd-8e37-4563-b834-6b12ed70c61a",
        "x-ms-routing-request-id": "SOUTHEASTASIA:20200601T061055Z:49b19fdd-8e37-4563-b834-6b12ed70c61a"
      },
      "ResponseBody": []
    },
    {
      "RequestUri": "https://management.azure.com/subscriptions/45b60d85-fd72-427a-a708-f994d26e593e/resourcegroups/res3924?api-version=2019-10-01",
      "RequestMethod": "DELETE",
      "RequestHeaders": {
        "Authorization": "Sanitized",
        "traceparent": "00-8034695209d5874d8931c82e8019d038-3ab2c58851020f45-00",
        "User-Agent": [
          "azsdk-net-Management.Resources/1.0.0-dev.20200601.1",
          "(.NET Framework 4.8.4180.0; Microsoft Windows 10.0.19041 )"
        ],
        "x-ms-client-request-id": "b533d0cc298eebebb2b8065f19410bd2",
        "x-ms-return-client-request-id": "true"
      },
      "RequestBody": null,
      "StatusCode": 202,
      "ResponseHeaders": {
        "Cache-Control": "no-cache",
        "Content-Length": "0",
        "Date": "Mon, 01 Jun 2020 06:10:57 GMT",
        "Expires": "-1",
        "Location": "https://management.azure.com/subscriptions/45b60d85-fd72-427a-a708-f994d26e593e/operationresults/eyJqb2JJZCI6IlJFU09VUkNFR1JPVVBERUxFVElPTkpPQi1SRVMzOTI0LUVBU1RVUzIiLCJqb2JMb2NhdGlvbiI6ImVhc3R1czIifQ?api-version=2019-10-01",
        "Pragma": "no-cache",
        "Retry-After": "15",
        "Strict-Transport-Security": "max-age=31536000; includeSubDomains",
        "X-Content-Type-Options": "nosniff",
        "x-ms-correlation-request-id": "6a9d8917-465d-410b-b893-088a239e4549",
        "x-ms-ratelimit-remaining-subscription-deletes": "14967",
        "x-ms-request-id": "6a9d8917-465d-410b-b893-088a239e4549",
        "x-ms-routing-request-id": "SOUTHEASTASIA:20200601T061057Z:6a9d8917-465d-410b-b893-088a239e4549"
      },
      "ResponseBody": []
    }
  ],
  "Variables": {
    "RandomSeed": "601557354",
    "SUBSCRIPTION_ID": "45b60d85-fd72-427a-a708-f994d26e593e",
    "TENANT_ID": "72f988bf-86f1-41af-91ab-2d7cd011db47"
  }
}