{
  "Entries": [
    {
      "RequestUri": "/subscriptions/df602c9c-7aa0-407d-a6fb-eb20c8bd1192/resourceGroups/flowrg/providers/Microsoft.Logic/workflows/logicwf7692?api-version=2015-02-01-preview",
      "EncodedRequestUri": "L3N1YnNjcmlwdGlvbnMvZGY2MDJjOWMtN2FhMC00MDdkLWE2ZmItZWIyMGM4YmQxMTkyL3Jlc291cmNlR3JvdXBzL2Zsb3dyZy9wcm92aWRlcnMvTWljcm9zb2Z0LkxvZ2ljL3dvcmtmbG93cy9sb2dpY3dmNzY5Mj9hcGktdmVyc2lvbj0yMDE1LTAyLTAxLXByZXZpZXc=",
      "RequestMethod": "PUT",
      "RequestBody": "{\r\n  \"location\": \"westus\",\r\n  \"properties\": {\r\n    \"sku\": {\r\n      \"name\": \"Basic\"\r\n    },\r\n    \"definition\": {\r\n      \"$schema\": \"http://schema.management.azure.com/providers/Microsoft.Logic/schemas/2014-12-01-preview/workflowdefinition.json#\",\r\n      \"contentVersion\": \"1.0.0.0\",\r\n      \"parameters\": {},\r\n      \"triggers\": {\r\n        \"httpTrigger\": {\r\n          \"type\": \"Http\",\r\n          \"inputs\": {\r\n            \"method\": \"GET\",\r\n            \"uri\": \"invalidUri\"\r\n          },\r\n          \"recurrence\": {\r\n            \"frequency\": \"Minute\",\r\n            \"interval\": 60\r\n          }\r\n        }\r\n      },\r\n      \"actions\": {},\r\n      \"outputs\": {}\r\n    }\r\n  }\r\n}",
      "RequestHeaders": {
        "Content-Type": [
          "application/json; charset=utf-8"
        ],
        "Content-Length": [
          "663"
        ],
        "x-ms-client-request-id": [
          "7bf25493-d6c6-4039-9a73-ece49dc544f5"
        ],
        "accept-language": [
          "en-US"
        ],
        "User-Agent": [
          "Microsoft.Azure.Management.Logic.LogicManagementClient/0.1.0.0"
        ]
      },
      "ResponseBody": "{\r\n  \"properties\": {\r\n    \"createdTime\": \"2015-07-29T05:15:00.0044966Z\",\r\n    \"changedTime\": \"2015-07-29T05:15:00.0044966Z\",\r\n    \"state\": \"Enabled\",\r\n    \"version\": \"08587634599855974347\",\r\n    \"accessEndpoint\": \"https://westus.logic.azure.com/subscriptions/df602c9c-7aa0-407d-a6fb-eb20c8bd1192/resourceGroups/flowrg/providers/Microsoft.Logic/workflows/logicwf7692\",\r\n    \"sku\": {\r\n      \"name\": \"Basic\"\r\n    },\r\n    \"definition\": {\r\n      \"$schema\": \"http://schema.management.azure.com/providers/Microsoft.Logic/schemas/2014-12-01-preview/workflowdefinition.json#\",\r\n      \"contentVersion\": \"1.0.0.0\",\r\n      \"parameters\": {},\r\n      \"triggers\": {\r\n        \"httpTrigger\": {\r\n          \"recurrence\": {\r\n            \"frequency\": \"Minute\",\r\n            \"interval\": 60\r\n          },\r\n          \"type\": \"Http\",\r\n          \"inputs\": {\r\n            \"method\": \"GET\",\r\n            \"uri\": \"invalidUri\"\r\n          }\r\n        }\r\n      },\r\n      \"actions\": {},\r\n      \"outputs\": {}\r\n    },\r\n    \"parameters\": {}\r\n  },\r\n  \"id\": \"/subscriptions/df602c9c-7aa0-407d-a6fb-eb20c8bd1192/resourceGroups/flowrg/providers/Microsoft.Logic/workflows/logicwf7692\",\r\n  \"name\": \"logicwf7692\",\r\n  \"type\": \"Microsoft.Logic/workflows\",\r\n  \"location\": \"westus\"\r\n}",
      "ResponseHeaders": {
        "Content-Length": [
          "919"
        ],
        "Content-Type": [
          "application/json; charset=utf-8"
        ],
        "Expires": [
          "-1"
        ],
        "Pragma": [
          "no-cache"
        ],
        "x-ms-request-id": [
          "westus:454af3c4-cb5c-4ba4-b66b-61dfc9803a77"
        ],
        "x-ms-ratelimit-remaining-subscription-writes": [
          "1197"
        ],
        "x-ms-correlation-request-id": [
          "ed48f774-8550-4ee7-84a2-67896476c312"
        ],
        "x-ms-routing-request-id": [
          "EASTUS:20150729T051500Z:ed48f774-8550-4ee7-84a2-67896476c312"
        ],
        "Strict-Transport-Security": [
          "max-age=31536000; includeSubDomains"
        ],
        "Cache-Control": [
          "no-cache"
        ],
        "Date": [
          "Wed, 29 Jul 2015 05:14:59 GMT"
        ]
      },
      "StatusCode": 201
    },
    {
      "RequestUri": "/subscriptions/df602c9c-7aa0-407d-a6fb-eb20c8bd1192/resourceGroups/flowrg/providers/Microsoft.Logic/workflows/logicwf7692/triggers/httpTrigger/run?api-version=2015-02-01-preview",
      "EncodedRequestUri": "L3N1YnNjcmlwdGlvbnMvZGY2MDJjOWMtN2FhMC00MDdkLWE2ZmItZWIyMGM4YmQxMTkyL3Jlc291cmNlR3JvdXBzL2Zsb3dyZy9wcm92aWRlcnMvTWljcm9zb2Z0LkxvZ2ljL3dvcmtmbG93cy9sb2dpY3dmNzY5Mi90cmlnZ2Vycy9odHRwVHJpZ2dlci9ydW4/YXBpLXZlcnNpb249MjAxNS0wMi0wMS1wcmV2aWV3",
      "RequestMethod": "POST",
      "RequestBody": "",
      "RequestHeaders": {
        "x-ms-client-request-id": [
          "f9d44ea6-e65a-49ac-acb2-56d04767f483"
        ],
        "accept-language": [
          "en-US"
        ],
        "User-Agent": [
          "Microsoft.Azure.Management.Logic.LogicManagementClient/0.1.0.0"
        ]
      },
      "ResponseBody": "",
      "ResponseHeaders": {
        "Content-Length": [
          "0"
        ],
        "Expires": [
          "-1"
        ],
        "Pragma": [
          "no-cache"
        ],
        "x-ms-request-id": [
          "westus:c9f10c86-9fc4-4c54-9fa9-0ee1f1c5529f"
        ],
        "x-ms-ratelimit-remaining-subscription-writes": [
          "1196"
        ],
        "x-ms-correlation-request-id": [
          "d8c31198-8630-4f17-82fd-fb54db8a6321"
        ],
        "x-ms-routing-request-id": [
          "EASTUS:20150729T051501Z:d8c31198-8630-4f17-82fd-fb54db8a6321"
        ],
        "Strict-Transport-Security": [
          "max-age=31536000; includeSubDomains"
        ],
        "Cache-Control": [
          "no-cache"
        ],
        "Date": [
          "Wed, 29 Jul 2015 05:15:00 GMT"
        ]
      },
      "StatusCode": 200
    },
    {
      "RequestUri": "/subscriptions/df602c9c-7aa0-407d-a6fb-eb20c8bd1192/resourceGroups/flowrg/providers/Microsoft.Logic/workflows/logicwf7692/triggers/httpTrigger/histories?api-version=2015-02-01-preview",
      "EncodedRequestUri": "L3N1YnNjcmlwdGlvbnMvZGY2MDJjOWMtN2FhMC00MDdkLWE2ZmItZWIyMGM4YmQxMTkyL3Jlc291cmNlR3JvdXBzL2Zsb3dyZy9wcm92aWRlcnMvTWljcm9zb2Z0LkxvZ2ljL3dvcmtmbG93cy9sb2dpY3dmNzY5Mi90cmlnZ2Vycy9odHRwVHJpZ2dlci9oaXN0b3JpZXM/YXBpLXZlcnNpb249MjAxNS0wMi0wMS1wcmV2aWV3",
      "RequestMethod": "GET",
      "RequestBody": "",
      "RequestHeaders": {
        "x-ms-client-request-id": [
          "24b9172e-1724-4bb5-a201-b505721b36e0"
        ],
        "accept-language": [
          "en-US"
        ],
        "User-Agent": [
          "Microsoft.Azure.Management.Logic.LogicManagementClient/0.1.0.0"
        ]
      },
      "ResponseBody": "{\r\n  \"value\": [\r\n    {\r\n      \"properties\": {\r\n        \"startTime\": \"2015-07-29T05:15:01.0319956Z\",\r\n        \"endTime\": \"2015-07-29T05:15:01.1130449Z\",\r\n        \"status\": \"Failed\",\r\n        \"code\": \"BadRequest\",\r\n        \"error\": {\r\n          \"code\": \"BadRequest\",\r\n          \"message\": \"The provided http trigger URI 'invalidUri' is not valid. The URI must be a well formed absolute URI not referencing local host or UNC path.\"\r\n        },\r\n        \"trackingId\": \"ee915d68-ca8e-4d44-baa2-1f37b911bac0\",\r\n        \"inputsLink\": {\r\n          \"uri\": \"https://flowprodcu06by01.blob.core.windows.net/flow9265348ef65b4b0994c9e025480cab1320150729t000000zcontent/07D34_a000c5daa0e54dd68f8fd67724609ab1_httpTrigger:5Finputs:2Ejson?sv=2014-02-14&sr=b&sig=t%2FSpYRB65F4OhNBHSG6SjqXomJOm469uP5Cp6F2zlZM%3D&se=2015-07-29T09%3A15%3A01Z&sp=r\",\r\n          \"contentVersion\": \"\\\"0x8D297D4A78428D0\\\"\",\r\n          \"contentSize\": 35,\r\n          \"contentHash\": {\r\n            \"algorithm\": \"md5\",\r\n            \"value\": \"mvjBdQPV3500O+iSJ4rDcg==\"\r\n          }\r\n        },\r\n        \"fired\": false\r\n      },\r\n      \"id\": \"/subscriptions/df602c9c-7aa0-407d-a6fb-eb20c8bd1192/resourceGroups/flowrg/providers/Microsoft.Logic/workflows/logicwf7692/triggers/httpTrigger/histories/08587634599844311050\",\r\n      \"name\": \"08587634599844311050\",\r\n      \"type\": \"Microsoft.Logic/workflows/triggers/histories\"\r\n    },\r\n    {\r\n      \"properties\": {\r\n        \"startTime\": \"2015-07-29T05:15:00.379258Z\",\r\n        \"endTime\": \"2015-07-29T05:15:00.5075977Z\",\r\n        \"status\": \"Failed\",\r\n        \"code\": \"BadRequest\",\r\n        \"error\": {\r\n          \"code\": \"BadRequest\",\r\n          \"message\": \"The provided http trigger URI 'invalidUri' is not valid. The URI must be a well formed absolute URI not referencing local host or UNC path.\"\r\n        },\r\n        \"trackingId\": \"444478af-84b1-43e2-a21a-7ad2ff874ea9\",\r\n        \"inputsLink\": {\r\n          \"uri\": \"https://flowprodcu06by01.blob.core.windows.net/flow9265348ef65b4b0994c9e025480cab1320150729t000000zcontent/70785_bfabc34727064bf5927729a8819c3455_httpTrigger:5Finputs:2Ejson?sv=2014-02-14&sr=b&sig=FAW0ivh1ATgdtYs9k8hflZDYdIUzoNWuY2a0cY9CajI%3D&se=2015-07-29T09%3A15%3A01Z&sp=r\",\r\n          \"contentVersion\": \"\\\"0x8D297D4A71DEA26\\\"\",\r\n          \"contentSize\": 35,\r\n          \"contentHash\": {\r\n            \"algorithm\": \"md5\",\r\n            \"value\": \"mvjBdQPV3500O+iSJ4rDcg==\"\r\n          }\r\n        },\r\n        \"fired\": false\r\n      },\r\n      \"id\": \"/subscriptions/df602c9c-7aa0-407d-a6fb-eb20c8bd1192/resourceGroups/flowrg/providers/Microsoft.Logic/workflows/logicwf7692/triggers/httpTrigger/histories/08587634599850885520\",\r\n      \"name\": \"08587634599850885520\",\r\n      \"type\": \"Microsoft.Logic/workflows/triggers/histories\"\r\n    }\r\n  ]\r\n}",
      "ResponseHeaders": {
        "Content-Length": [
          "2170"
        ],
        "Content-Type": [
          "application/json; charset=utf-8"
        ],
        "Expires": [
          "-1"
        ],
        "Pragma": [
          "no-cache"
        ],
        "Vary": [
          "Accept-Encoding"
        ],
        "x-ms-request-id": [
          "westus:edd04470-ee3e-45a1-84a3-2de98b4e2011"
        ],
        "x-ms-ratelimit-remaining-subscription-reads": [
          "14980"
        ],
        "x-ms-correlation-request-id": [
          "0c4def2c-be50-4d46-a8d8-5473765cfc06"
        ],
        "x-ms-routing-request-id": [
          "EASTUS:20150729T051501Z:0c4def2c-be50-4d46-a8d8-5473765cfc06"
        ],
        "Strict-Transport-Security": [
          "max-age=31536000; includeSubDomains"
        ],
        "Cache-Control": [
          "no-cache"
        ],
        "Date": [
          "Wed, 29 Jul 2015 05:15:00 GMT"
        ]
      },
      "StatusCode": 200
    },
    {
      "RequestUri": "/subscriptions/df602c9c-7aa0-407d-a6fb-eb20c8bd1192/resourceGroups/flowrg/providers/Microsoft.Logic/workflows/logicwf7692/triggers/httpTrigger/histories/08587634599844311050?api-version=2015-02-01-preview",
      "EncodedRequestUri": "L3N1YnNjcmlwdGlvbnMvZGY2MDJjOWMtN2FhMC00MDdkLWE2ZmItZWIyMGM4YmQxMTkyL3Jlc291cmNlR3JvdXBzL2Zsb3dyZy9wcm92aWRlcnMvTWljcm9zb2Z0LkxvZ2ljL3dvcmtmbG93cy9sb2dpY3dmNzY5Mi90cmlnZ2Vycy9odHRwVHJpZ2dlci9oaXN0b3JpZXMvMDg1ODc2MzQ1OTk4NDQzMTEwNTA/YXBpLXZlcnNpb249MjAxNS0wMi0wMS1wcmV2aWV3",
      "RequestMethod": "GET",
      "RequestBody": "",
      "RequestHeaders": {
        "x-ms-client-request-id": [
          "c908dbd5-fd74-43c2-a5ac-599c13e7b284"
        ],
        "accept-language": [
          "en-US"
        ],
        "User-Agent": [
          "Microsoft.Azure.Management.Logic.LogicManagementClient/0.1.0.0"
        ]
      },
      "ResponseBody": "{\r\n  \"properties\": {\r\n    \"startTime\": \"2015-07-29T05:15:01.0319956Z\",\r\n    \"endTime\": \"2015-07-29T05:15:01.1130449Z\",\r\n    \"status\": \"Failed\",\r\n    \"code\": \"BadRequest\",\r\n    \"error\": {\r\n      \"code\": \"BadRequest\",\r\n      \"message\": \"The provided http trigger URI 'invalidUri' is not valid. The URI must be a well formed absolute URI not referencing local host or UNC path.\"\r\n    },\r\n    \"trackingId\": \"ee915d68-ca8e-4d44-baa2-1f37b911bac0\",\r\n    \"inputsLink\": {\r\n      \"uri\": \"https://flowprodcu06by01.blob.core.windows.net/flow9265348ef65b4b0994c9e025480cab1320150729t000000zcontent/07D34_a000c5daa0e54dd68f8fd67724609ab1_httpTrigger:5Finputs:2Ejson?sv=2014-02-14&sr=b&sig=t%2FSpYRB65F4OhNBHSG6SjqXomJOm469uP5Cp6F2zlZM%3D&se=2015-07-29T09%3A15%3A01Z&sp=r\",\r\n      \"contentVersion\": \"\\\"0x8D297D4A78428D0\\\"\",\r\n      \"contentSize\": 35,\r\n      \"contentHash\": {\r\n        \"algorithm\": \"md5\",\r\n        \"value\": \"mvjBdQPV3500O+iSJ4rDcg==\"\r\n      }\r\n    },\r\n    \"fired\": false\r\n  },\r\n  \"id\": \"/subscriptions/df602c9c-7aa0-407d-a6fb-eb20c8bd1192/resourceGroups/flowrg/providers/Microsoft.Logic/workflows/logicwf7692/triggers/httpTrigger/histories/08587634599844311050\",\r\n  \"name\": \"08587634599844311050\",\r\n  \"type\": \"Microsoft.Logic/workflows/triggers/histories\"\r\n}",
      "ResponseHeaders": {
        "Content-Length": [
          "1080"
        ],
        "Content-Type": [
          "application/json; charset=utf-8"
        ],
        "Expires": [
          "-1"
        ],
        "Pragma": [
          "no-cache"
        ],
        "Vary": [
          "Accept-Encoding"
        ],
        "x-ms-request-id": [
          "westus:66a139f6-ced2-4d2b-89e9-bd3b2794511f"
        ],
        "x-ms-ratelimit-remaining-subscription-reads": [
          "14979"
        ],
        "x-ms-correlation-request-id": [
          "cb8214fb-1fcf-44a2-afd2-2c718b71553f"
        ],
        "x-ms-routing-request-id": [
          "EASTUS:20150729T051501Z:cb8214fb-1fcf-44a2-afd2-2c718b71553f"
        ],
        "Strict-Transport-Security": [
          "max-age=31536000; includeSubDomains"
        ],
        "Cache-Control": [
          "no-cache"
        ],
        "Date": [
          "Wed, 29 Jul 2015 05:15:00 GMT"
        ]
      },
      "StatusCode": 200
    },
    {
      "RequestUri": "/subscriptions/df602c9c-7aa0-407d-a6fb-eb20c8bd1192/resourceGroups/flowrg/providers/Microsoft.Logic/workflows/logicwf7692?api-version=2015-02-01-preview",
      "EncodedRequestUri": "L3N1YnNjcmlwdGlvbnMvZGY2MDJjOWMtN2FhMC00MDdkLWE2ZmItZWIyMGM4YmQxMTkyL3Jlc291cmNlR3JvdXBzL2Zsb3dyZy9wcm92aWRlcnMvTWljcm9zb2Z0LkxvZ2ljL3dvcmtmbG93cy9sb2dpY3dmNzY5Mj9hcGktdmVyc2lvbj0yMDE1LTAyLTAxLXByZXZpZXc=",
      "RequestMethod": "DELETE",
      "RequestBody": "",
      "RequestHeaders": {
        "x-ms-client-request-id": [
          "6add5a17-2c25-4c70-9311-66f291686add"
        ],
        "accept-language": [
          "en-US"
        ],
        "User-Agent": [
          "Microsoft.Azure.Management.Logic.LogicManagementClient/0.1.0.0"
        ]
      },
      "ResponseBody": "",
      "ResponseHeaders": {
        "Content-Length": [
          "0"
        ],
        "Expires": [
          "-1"
        ],
        "Pragma": [
          "no-cache"
        ],
        "x-ms-request-id": [
          "westus:56636da1-4b6a-4a4b-8371-bcbd6231af85"
        ],
        "x-ms-ratelimit-remaining-subscription-writes": [
          "1195"
        ],
        "x-ms-correlation-request-id": [
          "06f6b093-d9cd-4617-97a3-fd976c0b8822"
        ],
        "x-ms-routing-request-id": [
          "EASTUS:20150729T051503Z:06f6b093-d9cd-4617-97a3-fd976c0b8822"
        ],
        "Strict-Transport-Security": [
          "max-age=31536000; includeSubDomains"
        ],
        "Cache-Control": [
          "no-cache"
        ],
        "Date": [
          "Wed, 29 Jul 2015 05:15:03 GMT"
        ]
      },
      "StatusCode": 200
    }
  ],
  "Names": {
    "GetHistory": [
      "logicwf7692"
    ]
  },
  "Variables": {
    "SubscriptionId": "df602c9c-7aa0-407d-a6fb-eb20c8bd1192"
  }
}