{
  "Entries": [
    {
      "RequestUri": "https://js-metrics-advisor.cognitiveservices.azure.com/metricsadvisor/v1.0/dataFeeds",
      "RequestMethod": "POST",
      "RequestHeaders": {
        "Accept": "application/json",
        "Content-Length": "981",
        "Content-Type": "application/json",
        "Ocp-Apim-Subscription-Key": "Sanitized",
        "traceparent": "00-b3a0ebf1aa88b948bfd3eafb36d70ebb-a121991bb6192b43-00",
        "User-Agent": "azsdk-net-AI.MetricsAdvisor/1.1.0-alpha.20210728.1 (.NET Framework 4.8.4300.0; Microsoft Windows 10.0.19043 )",
        "x-api-key": "Sanitized",
        "x-ms-client-request-id": "e80e9cbd169ba9b340aea27e67f86572",
        "x-ms-return-client-request-id": "true"
      },
      "RequestBody": {
        "dataSourceParameter": {
          "connectionString": "Sanitized",
          "query": "query"
        },
        "dataSourceType": "AzureDataExplorer",
        "dataFeedName": "dataFeedm7a4TvMx",
        "dataFeedDescription": "This data feed was created to test the .NET client.",
        "granularityName": "Custom",
        "granularityAmount": 3000,
        "metrics": [
          {
            "metricName": "cost",
            "metricDisplayName": "costDisplayName",
            "metricDescription": "costDescription"
          },
          {
            "metricName": "revenue",
            "metricDisplayName": "revenueDisplayName",
            "metricDescription": "revenueDescription"
          }
        ],
        "dimension": [
          {
            "dimensionName": "city"
          },
          {
            "dimensionName": "category",
            "dimensionDisplayName": "categoryDisplayName"
          }
        ],
        "timestampColumn": "timestamp",
        "dataStartFrom": "2021-07-26T19:58:00.0000000Z",
        "startOffsetInSeconds": 1800,
        "maxConcurrency": 5,
        "minRetryIntervalInSeconds": 80,
        "stopRetryAfterInSeconds": 600,
        "fillMissingPointType": "CustomValue",
        "fillMissingPointValue": 45,
        "viewMode": "Public",
        "admins": [
          "fake@admin.com"
        ],
        "viewers": [
          "fake@viewer.com"
        ],
        "actionLinkTemplate": "https://fakeurl.com/%metric/%datafeed"
      },
      "StatusCode": 201,
      "ResponseHeaders": {
        "apim-request-id": "66b2c6a6-3e94-4af9-a976-68727b56909b",
        "Content-Length": "0",
        "Date": "Wed, 28 Jul 2021 19:58:36 GMT",
        "Location": "https://js-metrics-advisor.cognitiveservices.azure.com/metricsadvisor/v1.0/dataFeeds/a7ddad41-7d2c-437e-94fd-57e41bbc0b80",
        "Strict-Transport-Security": "max-age=31536000; includeSubDomains; preload",
        "x-content-type-options": "nosniff",
        "x-envoy-upstream-service-time": "12107",
        "x-request-id": "66b2c6a6-3e94-4af9-a976-68727b56909b"
      },
      "ResponseBody": []
    },
    {
      "RequestUri": "https://js-metrics-advisor.cognitiveservices.azure.com/metricsadvisor/v1.0/dataFeeds/a7ddad41-7d2c-437e-94fd-57e41bbc0b80",
      "RequestMethod": "GET",
      "RequestHeaders": {
        "Accept": "application/json",
        "Ocp-Apim-Subscription-Key": "Sanitized",
        "traceparent": "00-b3a0ebf1aa88b948bfd3eafb36d70ebb-772aeba41a969843-00",
        "User-Agent": "azsdk-net-AI.MetricsAdvisor/1.1.0-alpha.20210728.1 (.NET Framework 4.8.4300.0; Microsoft Windows 10.0.19043 )",
        "x-api-key": "Sanitized",
        "x-ms-client-request-id": "995a4a2935c6ccb57e97c69c71e6fa94",
        "x-ms-return-client-request-id": "true"
      },
      "RequestBody": null,
      "StatusCode": 200,
      "ResponseHeaders": {
        "apim-request-id": "7bf3178d-b3cf-4e51-8705-929c27c48082",
        "Content-Length": "1350",
        "Content-Type": "application/json; charset=utf-8",
        "Date": "Wed, 28 Jul 2021 19:58:36 GMT",
        "Strict-Transport-Security": "max-age=31536000; includeSubDomains; preload",
        "x-content-type-options": "nosniff",
        "x-envoy-upstream-service-time": "646",
        "x-request-id": "7bf3178d-b3cf-4e51-8705-929c27c48082"
      },
      "ResponseBody": {
        "dataFeedId": "a7ddad41-7d2c-437e-94fd-57e41bbc0b80",
        "dataFeedName": "dataFeedm7a4TvMx",
        "metrics": [
          {
            "metricId": "d66ad1ea-54aa-4963-a78f-3a658452a73a",
            "metricName": "cost",
            "metricDisplayName": "costDisplayName",
            "metricDescription": "costDescription"
          },
          {
            "metricId": "94d81f82-9616-42f7-9b0e-4a8843f86316",
            "metricName": "revenue",
            "metricDisplayName": "revenueDisplayName",
            "metricDescription": "revenueDescription"
          }
        ],
        "dimension": [
          {
            "dimensionName": "category",
            "dimensionDisplayName": "categoryDisplayName"
          },
          {
            "dimensionName": "city",
            "dimensionDisplayName": "city"
          }
        ],
        "dataStartFrom": "2021-07-26T19:58:00.0000000Z",
        "dataSourceType": "AzureDataExplorer",
        "timestampColumn": "timestamp",
        "startOffsetInSeconds": 1800,
        "maxQueryPerMinute": 30.0,
        "granularityName": "Custom",
        "granularityAmount": 3000,
        "needRollup": "NoRollup",
        "fillMissingPointType": "CustomValue",
        "fillMissingPointValue": 45.0,
        "rollUpMethod": "None",
        "dataFeedDescription": "This data feed was created to test the .NET client.",
        "stopRetryAfterInSeconds": 600,
        "minRetryIntervalInSeconds": 80,
        "maxConcurrency": 5,
        "viewMode": "Public",
        "admins": [
          "fake@admin.com",
          "foo@contoso.com"
        ],
        "viewers": [
          "fake@viewer.com"
        ],
        "creator": "foo@contoso.com",
        "status": "Active",
        "createdTime": "2021-07-28T19:58:35Z",
        "isAdmin": true,
        "actionLinkTemplate": "https://fakeurl.com/%metric/%datafeed",
        "dataSourceParameter": {
          "query": "query"
        },
        "authenticationType": "Basic"
      }
    },
    {
      "RequestUri": "https://js-metrics-advisor.cognitiveservices.azure.com/metricsadvisor/v1.0/dataFeeds/a7ddad41-7d2c-437e-94fd-57e41bbc0b80",
      "RequestMethod": "DELETE",
      "RequestHeaders": {
        "Accept": "application/json",
        "Ocp-Apim-Subscription-Key": "Sanitized",
        "traceparent": "00-c15a2ef4a67b3340adf928b16c4ffdc9-0a53e6fc197e0448-00",
        "User-Agent": "azsdk-net-AI.MetricsAdvisor/1.1.0-alpha.20210728.1 (.NET Framework 4.8.4300.0; Microsoft Windows 10.0.19043 )",
        "x-api-key": "Sanitized",
        "x-ms-client-request-id": "96c9a7e44dad54c16724ab1c108b8c60",
        "x-ms-return-client-request-id": "true"
      },
      "RequestBody": null,
      "StatusCode": 204,
      "ResponseHeaders": {
        "apim-request-id": "3c54bca1-1972-4b26-af77-84169fd529f6",
        "Content-Length": "0",
        "Date": "Wed, 28 Jul 2021 19:58:38 GMT",
        "Strict-Transport-Security": "max-age=31536000; includeSubDomains; preload",
        "x-content-type-options": "nosniff",
        "x-envoy-upstream-service-time": "1629",
        "x-request-id": "3c54bca1-1972-4b26-af77-84169fd529f6"
      },
      "ResponseBody": []
    }
  ],
  "Variables": {
    "DateTimeOffsetNow": "2021-07-28T12:58:24.1413731-07:00",
    "METRICSADVISOR_ACCOUNT_NAME": "js-metrics-advisor",
    "METRICSADVISOR_ENDPOINT_SUFFIX": null,
    "METRICSADVISOR_PRIMARY_API_KEY": "Sanitized",
    "METRICSADVISOR_SUBSCRIPTION_KEY": "Sanitized",
    "RandomSeed": "1301271195"
  }
}