{
  "Entries": [
    {
      "RequestUri": "https://management.azure.com/subscriptions/db1ab6f0-4769-4b27-930e-01e2ef9c123c?api-version=2021-01-01",
      "RequestMethod": "GET",
      "RequestHeaders": {
        "Accept": "application/json",
        "Authorization": "Sanitized",
        "traceparent": "00-13a78f66a30ee37f65f68890be5feaee-9150b32c14369e9f-00",
        "User-Agent": "azsdk-net-ResourceManager/1.4.0-alpha.20230202.1 (.NET 7.0.2; Microsoft Windows 10.0.22621)",
        "x-ms-client-request-id": "96af033a4bf5a5d71f2416849817fb4b",
        "x-ms-return-client-request-id": "true"
      },
      "RequestBody": null,
      "StatusCode": 200,
      "ResponseHeaders": {
        "Cache-Control": "no-cache",
        "Content-Length": "748",
        "Content-Type": "application/json; charset=utf-8",
        "Date": "Thu, 02 Feb 2023 13:46:08 GMT",
        "Expires": "-1",
        "Pragma": "no-cache",
        "Strict-Transport-Security": "max-age=31536000; includeSubDomains",
        "X-Content-Type-Options": "nosniff",
        "x-ms-correlation-request-id": "b9edbd47-aa2e-4b38-b275-009b16b5c7da",
        "x-ms-ratelimit-remaining-subscription-reads": "11803",
        "x-ms-request-id": "b9edbd47-aa2e-4b38-b275-009b16b5c7da",
        "x-ms-routing-request-id": "SOUTHEASTASIA:20230202T134609Z:b9edbd47-aa2e-4b38-b275-009b16b5c7da"
      },
      "ResponseBody": {
        "id": "/subscriptions/db1ab6f0-4769-4b27-930e-01e2ef9c123c",
        "authorizationSource": "RoleBased",
        "managedByTenants": [],
        "tags": {
          "TagKey-9823": "TagValue-1254",
          "TagKey-3481": "TagValue-320",
          "TagKey-4926": "TagValue-1187",
          "TagKey-751": "TagValue-3921",
          "TagKey-1866": "TagValue-8559",
          "TagKey-3094": "TagValue-9190",
          "TagKey-2449": "TagValue-9",
          "TagKey-8379": "TagValue-164",
          "TagKey-7470": "TagValue-2205",
          "TagKey-4236": "TagValue-3698",
          "TagKey-5316": "TagValue-2725"
        },
        "subscriptionId": "db1ab6f0-4769-4b27-930e-01e2ef9c123c",
        "tenantId": "72f988bf-86f1-41af-91ab-2d7cd011db47",
        "displayName": ".NET Mgmt SDK Test with TTL = 1 Day",
        "state": "Enabled",
        "subscriptionPolicies": {
          "locationPlacementId": "Internal_2014-09-01",
          "quotaId": "Internal_2014-09-01",
          "spendingLimit": "Off"
        }
      }
    },
    {
      "RequestUri": "https://management.azure.com/subscriptions/db1ab6f0-4769-4b27-930e-01e2ef9c123c/resourcegroups/testRg-4221?api-version=2022-09-01",
      "RequestMethod": "PUT",
      "RequestHeaders": {
        "Accept": "application/json",
        "Authorization": "Sanitized",
        "Content-Length": "22",
        "Content-Type": "application/json",
        "traceparent": "00-61567fda92569875acd9258c7cb7a193-0ac63e955b1013f1-00",
        "User-Agent": "azsdk-net-ResourceManager/1.4.0-alpha.20230202.1 (.NET 7.0.2; Microsoft Windows 10.0.22621)",
        "x-ms-client-request-id": "8c202789130b1883e909637cdc9c6f8c",
        "x-ms-return-client-request-id": "true"
      },
      "RequestBody": {
        "location": "westus2"
      },
      "StatusCode": 201,
      "ResponseHeaders": {
        "Cache-Control": "no-cache",
        "Content-Length": "220",
        "Content-Type": "application/json; charset=utf-8",
        "Date": "Thu, 02 Feb 2023 13:46:09 GMT",
        "Expires": "-1",
        "Pragma": "no-cache",
        "Strict-Transport-Security": "max-age=31536000; includeSubDomains",
        "X-Content-Type-Options": "nosniff",
        "x-ms-correlation-request-id": "4d0c1e50-dfcb-4322-8528-f77a45022d78",
        "x-ms-ratelimit-remaining-subscription-writes": "1188",
        "x-ms-request-id": "4d0c1e50-dfcb-4322-8528-f77a45022d78",
        "x-ms-routing-request-id": "SOUTHEASTASIA:20230202T134610Z:4d0c1e50-dfcb-4322-8528-f77a45022d78"
      },
      "ResponseBody": {
        "id": "/subscriptions/db1ab6f0-4769-4b27-930e-01e2ef9c123c/resourceGroups/testRg-4221",
        "name": "testRg-4221",
        "type": "Microsoft.Resources/resourceGroups",
        "location": "westus2",
        "properties": {
          "provisioningState": "Succeeded"
        }
      }
    },
    {
      "RequestUri": "https://management.azure.com/subscriptions/db1ab6f0-4769-4b27-930e-01e2ef9c123c/resourcegroups/testRg-4221?api-version=2022-09-01",
      "RequestMethod": "GET",
      "RequestHeaders": {
        "Accept": "application/json",
        "Authorization": "Sanitized",
        "traceparent": "00-c07bead086345d91f85e4d321c0d0b00-24fbaf067b3bd144-00",
        "User-Agent": "azsdk-net-ResourceManager/1.4.0-alpha.20230202.1 (.NET 7.0.2; Microsoft Windows 10.0.22621)",
        "x-ms-client-request-id": "74b86fdc1984046b76692ab52e0c3e0c",
        "x-ms-return-client-request-id": "true"
      },
      "RequestBody": null,
      "StatusCode": 200,
      "ResponseHeaders": {
        "Cache-Control": "no-cache",
        "Content-Length": "220",
        "Content-Type": "application/json; charset=utf-8",
        "Date": "Thu, 02 Feb 2023 13:46:10 GMT",
        "Expires": "-1",
        "Pragma": "no-cache",
        "Strict-Transport-Security": "max-age=31536000; includeSubDomains",
        "X-Content-Type-Options": "nosniff",
        "x-ms-correlation-request-id": "873544e5-3022-47ca-9221-7d95b5159c97",
        "x-ms-ratelimit-remaining-subscription-reads": "11802",
        "x-ms-request-id": "873544e5-3022-47ca-9221-7d95b5159c97",
        "x-ms-routing-request-id": "SOUTHEASTASIA:20230202T134610Z:873544e5-3022-47ca-9221-7d95b5159c97"
      },
      "ResponseBody": {
        "id": "/subscriptions/db1ab6f0-4769-4b27-930e-01e2ef9c123c/resourceGroups/testRg-4221",
        "name": "testRg-4221",
        "type": "Microsoft.Resources/resourceGroups",
        "location": "westus2",
        "properties": {
          "provisioningState": "Succeeded"
        }
      }
    },
    {
      "RequestUri": "https://management.azure.com/subscriptions/db1ab6f0-4769-4b27-930e-01e2ef9c123c/resourcegroups/testRg-42211?api-version=2022-09-01",
      "RequestMethod": "GET",
      "RequestHeaders": {
        "Accept": "application/json",
        "Authorization": "Sanitized",
        "traceparent": "00-d96d30d76c12428baeb28649e98ae287-970fd0ddfe194387-00",
        "User-Agent": "azsdk-net-ResourceManager/1.4.0-alpha.20230202.1 (.NET 7.0.2; Microsoft Windows 10.0.22621)",
        "x-ms-client-request-id": "a40e7c976145f02e2c7d0c4273294387",
        "x-ms-return-client-request-id": "true"
      },
      "RequestBody": null,
      "StatusCode": 404,
      "ResponseHeaders": {
        "Cache-Control": "no-cache",
        "Content-Length": "104",
        "Content-Type": "application/json; charset=utf-8",
        "Date": "Thu, 02 Feb 2023 13:46:10 GMT",
        "Expires": "-1",
        "Pragma": "no-cache",
        "Strict-Transport-Security": "max-age=31536000; includeSubDomains",
        "X-Content-Type-Options": "nosniff",
        "x-ms-correlation-request-id": "cca79463-5413-4866-a8e8-f38eec7e3ab4",
        "x-ms-failure-cause": "gateway",
        "x-ms-ratelimit-remaining-subscription-reads": "11801",
        "x-ms-request-id": "cca79463-5413-4866-a8e8-f38eec7e3ab4",
        "x-ms-routing-request-id": "SOUTHEASTASIA:20230202T134610Z:cca79463-5413-4866-a8e8-f38eec7e3ab4"
      },
      "ResponseBody": {
        "error": {
          "code": "ResourceGroupNotFound",
          "message": "Resource group \u0027testRg-42211\u0027 could not be found."
        }
      }
    }
  ],
  "Variables": {
    "AZURE_AUTHORITY_HOST": "https://login.microsoftonline.com",
    "RandomSeed": "1777018258",
    "RESOURCE_MANAGER_URL": "https://management.azure.com",
    "SUBSCRIPTION_ID": "db1ab6f0-4769-4b27-930e-01e2ef9c123c"
  }
}
