{
  "Entries": [
    {
      "RequestUri": "/subscriptions/47f4bc68-6fe4-43a2-be8b-dfd0e290efa2/resourcegroups/cdnResourceGroup9951?api-version=2015-11-01",
      "EncodedRequestUri": "L3N1YnNjcmlwdGlvbnMvNDdmNGJjNjgtNmZlNC00M2EyLWJlOGItZGZkMGUyOTBlZmEyL3Jlc291cmNlZ3JvdXBzL2NkblJlc291cmNlR3JvdXA5OTUxP2FwaS12ZXJzaW9uPTIwMTUtMTEtMDE=",
      "RequestMethod": "PUT",
      "RequestBody": "{\r\n  \"location\": \"westus\"\r\n}",
      "RequestHeaders": {
        "x-ms-client-request-id": [
          "ca3a1769-18a0-452e-ba34-c72d3e861560"
        ],
        "accept-language": [
          "en-US"
        ],
        "User-Agent": [
          "FxVersion/4.6.26614.01",
          "OSName/Windows",
          "OSVersion/Microsoft.Windows.10.0.17763.",
          "Microsoft.Azure.Management.Resources.ResourceManagementClient/1.0.0.0"
        ],
        "Content-Type": [
          "application/json; charset=utf-8"
        ],
        "Content-Length": [
          "28"
        ]
      },
      "ResponseHeaders": {
        "Cache-Control": [
          "no-cache"
        ],
        "Date": [
          "Wed, 08 May 2019 00:53:33 GMT"
        ],
        "Pragma": [
          "no-cache"
        ],
        "x-ms-ratelimit-remaining-subscription-writes": [
          "1199"
        ],
        "x-ms-request-id": [
          "79775bb8-93a2-47e3-8ae0-d2aa54cf06a7"
        ],
        "x-ms-correlation-request-id": [
          "79775bb8-93a2-47e3-8ae0-d2aa54cf06a7"
        ],
        "x-ms-routing-request-id": [
          "WESTUS2:20190508T005334Z:79775bb8-93a2-47e3-8ae0-d2aa54cf06a7"
        ],
        "Strict-Transport-Security": [
          "max-age=31536000; includeSubDomains"
        ],
        "X-Content-Type-Options": [
          "nosniff"
        ],
        "Content-Length": [
          "193"
        ],
        "Content-Type": [
          "application/json; charset=utf-8"
        ],
        "Expires": [
          "-1"
        ]
      },
      "ResponseBody": "{\r\n  \"id\": \"/subscriptions/47f4bc68-6fe4-43a2-be8b-dfd0e290efa2/resourceGroups/cdnResourceGroup9951\",\r\n  \"name\": \"cdnResourceGroup9951\",\r\n  \"location\": \"westus\",\r\n  \"properties\": {\r\n    \"provisioningState\": \"Succeeded\"\r\n  }\r\n}",
      "StatusCode": 201
    },
    {
      "RequestUri": "/subscriptions/47f4bc68-6fe4-43a2-be8b-dfd0e290efa2/resourceGroups/cdnResourceGroup9951/providers/Microsoft.Cdn/profiles/profile4539?api-version=2019-04-15",
      "EncodedRequestUri": "L3N1YnNjcmlwdGlvbnMvNDdmNGJjNjgtNmZlNC00M2EyLWJlOGItZGZkMGUyOTBlZmEyL3Jlc291cmNlR3JvdXBzL2NkblJlc291cmNlR3JvdXA5OTUxL3Byb3ZpZGVycy9NaWNyb3NvZnQuQ2RuL3Byb2ZpbGVzL3Byb2ZpbGU0NTM5P2FwaS12ZXJzaW9uPTIwMTktMDQtMTU=",
      "RequestMethod": "PUT",
      "RequestBody": "{\r\n  \"sku\": {\r\n    \"name\": \"Standard_Verizon\"\r\n  },\r\n  \"location\": \"WestUs\",\r\n  \"tags\": {\r\n    \"key1\": \"value1\",\r\n    \"key2\": \"value2\"\r\n  }\r\n}",
      "RequestHeaders": {
        "x-ms-client-request-id": [
          "41233230-1eb0-4031-960c-10e6d37aa57d"
        ],
        "accept-language": [
          "en-US"
        ],
        "User-Agent": [
          "FxVersion/4.6.26614.01",
          "OSName/Windows",
          "OSVersion/Microsoft.Windows.10.0.17763.",
          "Microsoft.Azure.Management.Cdn.CdnManagementClient/4.2.2.0"
        ],
        "Content-Type": [
          "application/json; charset=utf-8"
        ],
        "Content-Length": [
          "142"
        ]
      },
      "ResponseHeaders": {
        "Cache-Control": [
          "no-cache"
        ],
        "Date": [
          "Wed, 08 May 2019 00:53:32 GMT"
        ],
        "Pragma": [
          "no-cache"
        ],
        "Retry-After": [
          "10"
        ],
        "Server": [
          "Microsoft-IIS/8.5"
        ],
        "x-ms-request-id": [
          "697b7f23-007a-401d-b1ff-41e8dd5d381f"
        ],
        "x-ms-client-request-id": [
          "41233230-1eb0-4031-960c-10e6d37aa57d"
        ],
        "Azure-AsyncOperation": [
          "https://management.azure.com/subscriptions/47f4bc68-6fe4-43a2-be8b-dfd0e290efa2/resourcegroups/cdnResourceGroup9951/providers/Microsoft.Cdn/operationresults/e0efa1ec-f0f4-4454-9a4d-b53018b0e646?api-version=2019-04-15"
        ],
        "OData-Version": [
          "4.0"
        ],
        "Strict-Transport-Security": [
          "max-age=31536000; includeSubDomains"
        ],
        "X-AspNet-Version": [
          "4.0.30319"
        ],
        "X-Powered-By": [
          "ASP.NET"
        ],
        "x-ms-ratelimit-remaining-subscription-writes": [
          "1197"
        ],
        "x-ms-correlation-request-id": [
          "09d6621e-f034-44bd-b576-34480219cdbf"
        ],
        "x-ms-routing-request-id": [
          "WESTUS2:20190508T005332Z:09d6621e-f034-44bd-b576-34480219cdbf"
        ],
        "X-Content-Type-Options": [
          "nosniff"
        ],
        "Content-Length": [
          "398"
        ],
        "Content-Type": [
          "application/json; odata.metadata=minimal"
        ],
        "Expires": [
          "-1"
        ]
      },
      "ResponseBody": "{\r\n  \"name\": \"profile4539\",\r\n  \"id\": \"/subscriptions/47f4bc68-6fe4-43a2-be8b-dfd0e290efa2/resourcegroups/cdnResourceGroup9951/providers/Microsoft.Cdn/profiles/profile4539\",\r\n  \"type\": \"Microsoft.Cdn/profiles\",\r\n  \"tags\": {\r\n    \"key1\": \"value1\",\r\n    \"key2\": \"value2\"\r\n  },\r\n  \"location\": \"WestUs\",\r\n  \"sku\": {\r\n    \"name\": \"Standard_Verizon\"\r\n  },\r\n  \"properties\": {\r\n    \"provisioningState\": \"Creating\",\r\n    \"resourceState\": \"Creating\"\r\n  }\r\n}",
      "StatusCode": 201
    },
    {
      "RequestUri": "/subscriptions/47f4bc68-6fe4-43a2-be8b-dfd0e290efa2/resourcegroups/cdnResourceGroup9951/providers/Microsoft.Cdn/operationresults/e0efa1ec-f0f4-4454-9a4d-b53018b0e646?api-version=2019-04-15",
      "EncodedRequestUri": "L3N1YnNjcmlwdGlvbnMvNDdmNGJjNjgtNmZlNC00M2EyLWJlOGItZGZkMGUyOTBlZmEyL3Jlc291cmNlZ3JvdXBzL2NkblJlc291cmNlR3JvdXA5OTUxL3Byb3ZpZGVycy9NaWNyb3NvZnQuQ2RuL29wZXJhdGlvbnJlc3VsdHMvZTBlZmExZWMtZjBmNC00NDU0LTlhNGQtYjUzMDE4YjBlNjQ2P2FwaS12ZXJzaW9uPTIwMTktMDQtMTU=",
      "RequestMethod": "GET",
      "RequestBody": "",
      "RequestHeaders": {
        "User-Agent": [
          "FxVersion/4.6.26614.01",
          "OSName/Windows",
          "OSVersion/Microsoft.Windows.10.0.17763.",
          "Microsoft.Azure.Management.Cdn.CdnManagementClient/4.2.2.0"
        ]
      },
      "ResponseHeaders": {
        "Cache-Control": [
          "no-cache"
        ],
        "Date": [
          "Wed, 08 May 2019 00:53:42 GMT"
        ],
        "Pragma": [
          "no-cache"
        ],
        "Server": [
          "Microsoft-IIS/8.5"
        ],
        "x-ms-request-id": [
          "a0d91f8b-e14b-4614-959b-19be00eb2070"
        ],
        "x-ms-client-request-id": [
          "9bf18e26-6f78-4cd1-92cc-7b3ae768729a"
        ],
        "OData-Version": [
          "4.0"
        ],
        "Strict-Transport-Security": [
          "max-age=31536000; includeSubDomains"
        ],
        "X-AspNet-Version": [
          "4.0.30319"
        ],
        "X-Powered-By": [
          "ASP.NET"
        ],
        "x-ms-ratelimit-remaining-subscription-reads": [
          "11986"
        ],
        "x-ms-correlation-request-id": [
          "558cbbb7-3071-43df-a483-916e898d9be0"
        ],
        "x-ms-routing-request-id": [
          "WESTUS2:20190508T005343Z:558cbbb7-3071-43df-a483-916e898d9be0"
        ],
        "X-Content-Type-Options": [
          "nosniff"
        ],
        "Content-Length": [
          "78"
        ],
        "Content-Type": [
          "application/json; odata.metadata=minimal; odata.streaming=true"
        ],
        "Expires": [
          "-1"
        ]
      },
      "ResponseBody": "{\r\n  \"status\": \"InProgress\",\r\n  \"error\": {\r\n    \"code\": \"None\",\r\n    \"message\": null\r\n  }\r\n}",
      "StatusCode": 200
    },
    {
      "RequestUri": "/subscriptions/47f4bc68-6fe4-43a2-be8b-dfd0e290efa2/resourcegroups/cdnResourceGroup9951/providers/Microsoft.Cdn/operationresults/e0efa1ec-f0f4-4454-9a4d-b53018b0e646?api-version=2019-04-15",
      "EncodedRequestUri": "L3N1YnNjcmlwdGlvbnMvNDdmNGJjNjgtNmZlNC00M2EyLWJlOGItZGZkMGUyOTBlZmEyL3Jlc291cmNlZ3JvdXBzL2NkblJlc291cmNlR3JvdXA5OTUxL3Byb3ZpZGVycy9NaWNyb3NvZnQuQ2RuL29wZXJhdGlvbnJlc3VsdHMvZTBlZmExZWMtZjBmNC00NDU0LTlhNGQtYjUzMDE4YjBlNjQ2P2FwaS12ZXJzaW9uPTIwMTktMDQtMTU=",
      "RequestMethod": "GET",
      "RequestBody": "",
      "RequestHeaders": {
        "User-Agent": [
          "FxVersion/4.6.26614.01",
          "OSName/Windows",
          "OSVersion/Microsoft.Windows.10.0.17763.",
          "Microsoft.Azure.Management.Cdn.CdnManagementClient/4.2.2.0"
        ]
      },
      "ResponseHeaders": {
        "Cache-Control": [
          "no-cache"
        ],
        "Date": [
          "Wed, 08 May 2019 00:53:52 GMT"
        ],
        "Pragma": [
          "no-cache"
        ],
        "Server": [
          "Microsoft-IIS/8.5"
        ],
        "x-ms-request-id": [
          "d3051523-2bc1-4be8-ac9f-d8e96af082ee"
        ],
        "x-ms-client-request-id": [
          "c04daf08-8251-4a80-b5d2-ad2888069ee2"
        ],
        "OData-Version": [
          "4.0"
        ],
        "Strict-Transport-Security": [
          "max-age=31536000; includeSubDomains"
        ],
        "X-AspNet-Version": [
          "4.0.30319"
        ],
        "X-Powered-By": [
          "ASP.NET"
        ],
        "x-ms-ratelimit-remaining-subscription-reads": [
          "11985"
        ],
        "x-ms-correlation-request-id": [
          "52b65c70-fa55-4fda-90b0-a363eb53eab8"
        ],
        "x-ms-routing-request-id": [
          "WESTUS2:20190508T005353Z:52b65c70-fa55-4fda-90b0-a363eb53eab8"
        ],
        "X-Content-Type-Options": [
          "nosniff"
        ],
        "Content-Length": [
          "78"
        ],
        "Content-Type": [
          "application/json; odata.metadata=minimal; odata.streaming=true"
        ],
        "Expires": [
          "-1"
        ]
      },
      "ResponseBody": "{\r\n  \"status\": \"InProgress\",\r\n  \"error\": {\r\n    \"code\": \"None\",\r\n    \"message\": null\r\n  }\r\n}",
      "StatusCode": 200
    },
    {
      "RequestUri": "/subscriptions/47f4bc68-6fe4-43a2-be8b-dfd0e290efa2/resourcegroups/cdnResourceGroup9951/providers/Microsoft.Cdn/operationresults/e0efa1ec-f0f4-4454-9a4d-b53018b0e646?api-version=2019-04-15",
      "EncodedRequestUri": "L3N1YnNjcmlwdGlvbnMvNDdmNGJjNjgtNmZlNC00M2EyLWJlOGItZGZkMGUyOTBlZmEyL3Jlc291cmNlZ3JvdXBzL2NkblJlc291cmNlR3JvdXA5OTUxL3Byb3ZpZGVycy9NaWNyb3NvZnQuQ2RuL29wZXJhdGlvbnJlc3VsdHMvZTBlZmExZWMtZjBmNC00NDU0LTlhNGQtYjUzMDE4YjBlNjQ2P2FwaS12ZXJzaW9uPTIwMTktMDQtMTU=",
      "RequestMethod": "GET",
      "RequestBody": "",
      "RequestHeaders": {
        "User-Agent": [
          "FxVersion/4.6.26614.01",
          "OSName/Windows",
          "OSVersion/Microsoft.Windows.10.0.17763.",
          "Microsoft.Azure.Management.Cdn.CdnManagementClient/4.2.2.0"
        ]
      },
      "ResponseHeaders": {
        "Cache-Control": [
          "no-cache"
        ],
        "Date": [
          "Wed, 08 May 2019 00:54:03 GMT"
        ],
        "Pragma": [
          "no-cache"
        ],
        "Server": [
          "Microsoft-IIS/8.5"
        ],
        "x-ms-request-id": [
          "ab4f51cf-2622-4320-9d4a-9094ab5b28d0"
        ],
        "x-ms-client-request-id": [
          "ca9f433e-80be-4d96-abfe-f1671f3d7cad"
        ],
        "OData-Version": [
          "4.0"
        ],
        "Strict-Transport-Security": [
          "max-age=31536000; includeSubDomains"
        ],
        "X-AspNet-Version": [
          "4.0.30319"
        ],
        "X-Powered-By": [
          "ASP.NET"
        ],
        "x-ms-ratelimit-remaining-subscription-reads": [
          "11984"
        ],
        "x-ms-correlation-request-id": [
          "cf8a4284-b090-4413-a779-ab97a7798e0e"
        ],
        "x-ms-routing-request-id": [
          "WESTUS2:20190508T005403Z:cf8a4284-b090-4413-a779-ab97a7798e0e"
        ],
        "X-Content-Type-Options": [
          "nosniff"
        ],
        "Content-Length": [
          "77"
        ],
        "Content-Type": [
          "application/json; odata.metadata=minimal; odata.streaming=true"
        ],
        "Expires": [
          "-1"
        ]
      },
      "ResponseBody": "{\r\n  \"status\": \"Succeeded\",\r\n  \"error\": {\r\n    \"code\": \"None\",\r\n    \"message\": null\r\n  }\r\n}",
      "StatusCode": 200
    },
    {
      "RequestUri": "/subscriptions/47f4bc68-6fe4-43a2-be8b-dfd0e290efa2/resourceGroups/cdnResourceGroup9951/providers/Microsoft.Cdn/profiles/profile4539?api-version=2019-04-15",
      "EncodedRequestUri": "L3N1YnNjcmlwdGlvbnMvNDdmNGJjNjgtNmZlNC00M2EyLWJlOGItZGZkMGUyOTBlZmEyL3Jlc291cmNlR3JvdXBzL2NkblJlc291cmNlR3JvdXA5OTUxL3Byb3ZpZGVycy9NaWNyb3NvZnQuQ2RuL3Byb2ZpbGVzL3Byb2ZpbGU0NTM5P2FwaS12ZXJzaW9uPTIwMTktMDQtMTU=",
      "RequestMethod": "GET",
      "RequestBody": "",
      "RequestHeaders": {
        "User-Agent": [
          "FxVersion/4.6.26614.01",
          "OSName/Windows",
          "OSVersion/Microsoft.Windows.10.0.17763.",
          "Microsoft.Azure.Management.Cdn.CdnManagementClient/4.2.2.0"
        ]
      },
      "ResponseHeaders": {
        "Cache-Control": [
          "no-cache"
        ],
        "Date": [
          "Wed, 08 May 2019 00:54:03 GMT"
        ],
        "Pragma": [
          "no-cache"
        ],
        "Server": [
          "Microsoft-IIS/8.5"
        ],
        "x-ms-request-id": [
          "f0680191-bcec-4444-a30c-6550e9e98ada"
        ],
        "x-ms-client-request-id": [
          "2c538374-ceb1-4275-82fc-6a511c295643"
        ],
        "OData-Version": [
          "4.0"
        ],
        "Strict-Transport-Security": [
          "max-age=31536000; includeSubDomains"
        ],
        "X-AspNet-Version": [
          "4.0.30319"
        ],
        "X-Powered-By": [
          "ASP.NET"
        ],
        "x-ms-ratelimit-remaining-subscription-reads": [
          "11983"
        ],
        "x-ms-correlation-request-id": [
          "907f5cae-4d72-4b94-aef9-16af5e03cfe0"
        ],
        "x-ms-routing-request-id": [
          "WESTUS2:20190508T005403Z:907f5cae-4d72-4b94-aef9-16af5e03cfe0"
        ],
        "X-Content-Type-Options": [
          "nosniff"
        ],
        "Content-Length": [
          "397"
        ],
        "Content-Type": [
          "application/json; odata.metadata=minimal; odata.streaming=true"
        ],
        "Expires": [
          "-1"
        ]
      },
      "ResponseBody": "{\r\n  \"name\": \"profile4539\",\r\n  \"id\": \"/subscriptions/47f4bc68-6fe4-43a2-be8b-dfd0e290efa2/resourcegroups/cdnResourceGroup9951/providers/Microsoft.Cdn/profiles/profile4539\",\r\n  \"type\": \"Microsoft.Cdn/profiles\",\r\n  \"tags\": {\r\n    \"key1\": \"value1\",\r\n    \"key2\": \"value2\"\r\n  },\r\n  \"location\": \"WestUs\",\r\n  \"sku\": {\r\n    \"name\": \"Standard_Verizon\"\r\n  },\r\n  \"properties\": {\r\n    \"provisioningState\": \"Succeeded\",\r\n    \"resourceState\": \"Active\"\r\n  }\r\n}",
      "StatusCode": 200
    },
    {
      "RequestUri": "/subscriptions/47f4bc68-6fe4-43a2-be8b-dfd0e290efa2/resourceGroups/cdnResourceGroup9951/providers/Microsoft.Cdn/profiles/profile4539/endpoints/endpoint5508?api-version=2019-04-15",
      "EncodedRequestUri": "L3N1YnNjcmlwdGlvbnMvNDdmNGJjNjgtNmZlNC00M2EyLWJlOGItZGZkMGUyOTBlZmEyL3Jlc291cmNlR3JvdXBzL2NkblJlc291cmNlR3JvdXA5OTUxL3Byb3ZpZGVycy9NaWNyb3NvZnQuQ2RuL3Byb2ZpbGVzL3Byb2ZpbGU0NTM5L2VuZHBvaW50cy9lbmRwb2ludDU1MDg/YXBpLXZlcnNpb249MjAxOS0wNC0xNQ==",
      "RequestMethod": "PUT",
      "RequestBody": "{\r\n  \"properties\": {\r\n    \"isHttpAllowed\": true,\r\n    \"isHttpsAllowed\": true,\r\n    \"origins\": [\r\n      {\r\n        \"name\": \"origin1\",\r\n        \"properties\": {\r\n          \"hostName\": \"host1.hello.com\"\r\n        }\r\n      }\r\n    ]\r\n  },\r\n  \"location\": \"WestUs\"\r\n}",
      "RequestHeaders": {
        "x-ms-client-request-id": [
          "a6cea918-510f-40d4-a2ed-9e6afb636967"
        ],
        "accept-language": [
          "en-US"
        ],
        "User-Agent": [
          "FxVersion/4.6.26614.01",
          "OSName/Windows",
          "OSVersion/Microsoft.Windows.10.0.17763.",
          "Microsoft.Azure.Management.Cdn.CdnManagementClient/4.2.2.0"
        ],
        "Content-Type": [
          "application/json; charset=utf-8"
        ],
        "Content-Length": [
          "258"
        ]
      },
      "ResponseHeaders": {
        "Cache-Control": [
          "no-cache"
        ],
        "Date": [
          "Wed, 08 May 2019 00:54:04 GMT"
        ],
        "Pragma": [
          "no-cache"
        ],
        "Retry-After": [
          "10"
        ],
        "Server": [
          "Microsoft-IIS/8.5"
        ],
        "x-ms-request-id": [
          "f0b6693b-f7c3-496c-8727-0110ee66d1e3"
        ],
        "x-ms-client-request-id": [
          "a6cea918-510f-40d4-a2ed-9e6afb636967"
        ],
        "Azure-AsyncOperation": [
          "https://management.azure.com/subscriptions/47f4bc68-6fe4-43a2-be8b-dfd0e290efa2/resourcegroups/cdnResourceGroup9951/providers/Microsoft.Cdn/operationresults/dae0b60b-8277-4108-b99a-e026ea5eac84?api-version=2019-04-15"
        ],
        "OData-Version": [
          "4.0"
        ],
        "Strict-Transport-Security": [
          "max-age=31536000; includeSubDomains"
        ],
        "X-AspNet-Version": [
          "4.0.30319"
        ],
        "X-Powered-By": [
          "ASP.NET"
        ],
        "x-ms-ratelimit-remaining-subscription-writes": [
          "1196"
        ],
        "x-ms-correlation-request-id": [
          "98e00219-ccf7-4f0b-add7-e0cdc8805db6"
        ],
        "x-ms-routing-request-id": [
          "WESTUS2:20190508T005405Z:98e00219-ccf7-4f0b-add7-e0cdc8805db6"
        ],
        "X-Content-Type-Options": [
          "nosniff"
        ],
        "Content-Length": [
          "890"
        ],
        "Content-Type": [
          "application/json; odata.metadata=minimal"
        ],
        "Expires": [
          "-1"
        ]
      },
      "ResponseBody": "{\r\n  \"name\": \"endpoint5508\",\r\n  \"id\": \"/subscriptions/47f4bc68-6fe4-43a2-be8b-dfd0e290efa2/resourcegroups/cdnResourceGroup9951/providers/Microsoft.Cdn/profiles/profile4539/endpoints/endpoint5508\",\r\n  \"type\": \"Microsoft.Cdn/profiles/endpoints\",\r\n  \"tags\": {},\r\n  \"location\": \"WestUs\",\r\n  \"properties\": {\r\n    \"hostName\": \"endpoint5508.azureedge.net\",\r\n    \"originHostHeader\": null,\r\n    \"provisioningState\": \"Creating\",\r\n    \"resourceState\": \"Creating\",\r\n    \"isHttpAllowed\": true,\r\n    \"isHttpsAllowed\": true,\r\n    \"queryStringCachingBehavior\": \"IgnoreQueryString\",\r\n    \"originPath\": null,\r\n    \"origins\": [\r\n      {\r\n        \"name\": \"origin1\",\r\n        \"properties\": {\r\n          \"hostName\": \"host1.hello.com\",\r\n          \"httpPort\": null,\r\n          \"httpsPort\": null\r\n        }\r\n      }\r\n    ],\r\n    \"customDomains\": [],\r\n    \"contentTypesToCompress\": [],\r\n    \"isCompressionEnabled\": false,\r\n    \"optimizationType\": null,\r\n    \"probePath\": null,\r\n    \"geoFilters\": [],\r\n    \"deliveryPolicy\": null\r\n  }\r\n}",
      "StatusCode": 201
    },
    {
      "RequestUri": "/subscriptions/47f4bc68-6fe4-43a2-be8b-dfd0e290efa2/resourcegroups/cdnResourceGroup9951/providers/Microsoft.Cdn/operationresults/dae0b60b-8277-4108-b99a-e026ea5eac84?api-version=2019-04-15",
      "EncodedRequestUri": "L3N1YnNjcmlwdGlvbnMvNDdmNGJjNjgtNmZlNC00M2EyLWJlOGItZGZkMGUyOTBlZmEyL3Jlc291cmNlZ3JvdXBzL2NkblJlc291cmNlR3JvdXA5OTUxL3Byb3ZpZGVycy9NaWNyb3NvZnQuQ2RuL29wZXJhdGlvbnJlc3VsdHMvZGFlMGI2MGItODI3Ny00MTA4LWI5OWEtZTAyNmVhNWVhYzg0P2FwaS12ZXJzaW9uPTIwMTktMDQtMTU=",
      "RequestMethod": "GET",
      "RequestBody": "",
      "RequestHeaders": {
        "User-Agent": [
          "FxVersion/4.6.26614.01",
          "OSName/Windows",
          "OSVersion/Microsoft.Windows.10.0.17763.",
          "Microsoft.Azure.Management.Cdn.CdnManagementClient/4.2.2.0"
        ]
      },
      "ResponseHeaders": {
        "Cache-Control": [
          "no-cache"
        ],
        "Date": [
          "Wed, 08 May 2019 00:54:18 GMT"
        ],
        "Pragma": [
          "no-cache"
        ],
        "Server": [
          "Microsoft-IIS/8.5"
        ],
        "x-ms-request-id": [
          "57be4768-d70f-43d5-b869-470ddee1d362"
        ],
        "x-ms-client-request-id": [
          "bdf0b456-b1b9-4cad-8985-5510dfead686"
        ],
        "OData-Version": [
          "4.0"
        ],
        "Strict-Transport-Security": [
          "max-age=31536000; includeSubDomains"
        ],
        "X-AspNet-Version": [
          "4.0.30319"
        ],
        "X-Powered-By": [
          "ASP.NET"
        ],
        "x-ms-ratelimit-remaining-subscription-reads": [
          "11993"
        ],
        "x-ms-correlation-request-id": [
          "dd040dbe-150f-4197-8b64-9985ddf79b56"
        ],
        "x-ms-routing-request-id": [
          "WESTUS2:20190508T005419Z:dd040dbe-150f-4197-8b64-9985ddf79b56"
        ],
        "X-Content-Type-Options": [
          "nosniff"
        ],
        "Content-Length": [
          "77"
        ],
        "Content-Type": [
          "application/json; odata.metadata=minimal; odata.streaming=true"
        ],
        "Expires": [
          "-1"
        ]
      },
      "ResponseBody": "{\r\n  \"status\": \"Succeeded\",\r\n  \"error\": {\r\n    \"code\": \"None\",\r\n    \"message\": null\r\n  }\r\n}",
      "StatusCode": 200
    },
    {
      "RequestUri": "/subscriptions/47f4bc68-6fe4-43a2-be8b-dfd0e290efa2/resourceGroups/cdnResourceGroup9951/providers/Microsoft.Cdn/profiles/profile4539/endpoints/endpoint5508?api-version=2019-04-15",
      "EncodedRequestUri": "L3N1YnNjcmlwdGlvbnMvNDdmNGJjNjgtNmZlNC00M2EyLWJlOGItZGZkMGUyOTBlZmEyL3Jlc291cmNlR3JvdXBzL2NkblJlc291cmNlR3JvdXA5OTUxL3Byb3ZpZGVycy9NaWNyb3NvZnQuQ2RuL3Byb2ZpbGVzL3Byb2ZpbGU0NTM5L2VuZHBvaW50cy9lbmRwb2ludDU1MDg/YXBpLXZlcnNpb249MjAxOS0wNC0xNQ==",
      "RequestMethod": "GET",
      "RequestBody": "",
      "RequestHeaders": {
        "User-Agent": [
          "FxVersion/4.6.26614.01",
          "OSName/Windows",
          "OSVersion/Microsoft.Windows.10.0.17763.",
          "Microsoft.Azure.Management.Cdn.CdnManagementClient/4.2.2.0"
        ]
      },
      "ResponseHeaders": {
        "Cache-Control": [
          "no-cache"
        ],
        "Date": [
          "Wed, 08 May 2019 00:54:19 GMT"
        ],
        "Pragma": [
          "no-cache"
        ],
        "Server": [
          "Microsoft-IIS/8.5"
        ],
        "x-ms-request-id": [
          "0f672f99-cef6-406f-8042-18054a368e5e"
        ],
        "x-ms-client-request-id": [
          "c0a62bea-73f2-424c-98bd-8bcc3b350a72"
        ],
        "OData-Version": [
          "4.0"
        ],
        "Strict-Transport-Security": [
          "max-age=31536000; includeSubDomains"
        ],
        "X-AspNet-Version": [
          "4.0.30319"
        ],
        "X-Powered-By": [
          "ASP.NET"
        ],
        "x-ms-ratelimit-remaining-subscription-reads": [
          "11992"
        ],
        "x-ms-correlation-request-id": [
          "df24bf15-bab8-45f0-bd43-a6e2c5c32f8f"
        ],
        "x-ms-routing-request-id": [
          "WESTUS2:20190508T005419Z:df24bf15-bab8-45f0-bd43-a6e2c5c32f8f"
        ],
        "X-Content-Type-Options": [
          "nosniff"
        ],
        "Content-Length": [
          "890"
        ],
        "Content-Type": [
          "application/json; odata.metadata=minimal; odata.streaming=true"
        ],
        "Expires": [
          "-1"
        ]
      },
      "ResponseBody": "{\r\n  \"name\": \"endpoint5508\",\r\n  \"id\": \"/subscriptions/47f4bc68-6fe4-43a2-be8b-dfd0e290efa2/resourcegroups/cdnResourceGroup9951/providers/Microsoft.Cdn/profiles/profile4539/endpoints/endpoint5508\",\r\n  \"type\": \"Microsoft.Cdn/profiles/endpoints\",\r\n  \"tags\": {},\r\n  \"location\": \"WestUs\",\r\n  \"properties\": {\r\n    \"hostName\": \"endpoint5508.azureedge.net\",\r\n    \"originHostHeader\": null,\r\n    \"provisioningState\": \"Succeeded\",\r\n    \"resourceState\": \"Running\",\r\n    \"isHttpAllowed\": true,\r\n    \"isHttpsAllowed\": true,\r\n    \"queryStringCachingBehavior\": \"IgnoreQueryString\",\r\n    \"originPath\": null,\r\n    \"origins\": [\r\n      {\r\n        \"name\": \"origin1\",\r\n        \"properties\": {\r\n          \"hostName\": \"host1.hello.com\",\r\n          \"httpPort\": null,\r\n          \"httpsPort\": null\r\n        }\r\n      }\r\n    ],\r\n    \"customDomains\": [],\r\n    \"contentTypesToCompress\": [],\r\n    \"isCompressionEnabled\": false,\r\n    \"optimizationType\": null,\r\n    \"probePath\": null,\r\n    \"geoFilters\": [],\r\n    \"deliveryPolicy\": null\r\n  }\r\n}",
      "StatusCode": 200
    },
    {
      "RequestUri": "/subscriptions/47f4bc68-6fe4-43a2-be8b-dfd0e290efa2/resourceGroups/cdnResourceGroup9951/providers/Microsoft.Cdn/profiles/profile4539/endpoints/endpoint5508/origins/origin1?api-version=2019-04-15",
      "EncodedRequestUri": "L3N1YnNjcmlwdGlvbnMvNDdmNGJjNjgtNmZlNC00M2EyLWJlOGItZGZkMGUyOTBlZmEyL3Jlc291cmNlR3JvdXBzL2NkblJlc291cmNlR3JvdXA5OTUxL3Byb3ZpZGVycy9NaWNyb3NvZnQuQ2RuL3Byb2ZpbGVzL3Byb2ZpbGU0NTM5L2VuZHBvaW50cy9lbmRwb2ludDU1MDgvb3JpZ2lucy9vcmlnaW4xP2FwaS12ZXJzaW9uPTIwMTktMDQtMTU=",
      "RequestMethod": "GET",
      "RequestBody": "",
      "RequestHeaders": {
        "x-ms-client-request-id": [
          "cd2dcdcb-06d0-44d6-920d-d1869f0f778e"
        ],
        "accept-language": [
          "en-US"
        ],
        "User-Agent": [
          "FxVersion/4.6.26614.01",
          "OSName/Windows",
          "OSVersion/Microsoft.Windows.10.0.17763.",
          "Microsoft.Azure.Management.Cdn.CdnManagementClient/4.2.2.0"
        ]
      },
      "ResponseHeaders": {
        "Cache-Control": [
          "no-cache"
        ],
        "Date": [
          "Wed, 08 May 2019 00:54:19 GMT"
        ],
        "Pragma": [
          "no-cache"
        ],
        "Server": [
          "Microsoft-IIS/8.5"
        ],
        "x-ms-request-id": [
          "edb38309-8e77-4afb-b8ac-94834b2c0609"
        ],
        "x-ms-client-request-id": [
          "cd2dcdcb-06d0-44d6-920d-d1869f0f778e"
        ],
        "OData-Version": [
          "4.0"
        ],
        "Strict-Transport-Security": [
          "max-age=31536000; includeSubDomains"
        ],
        "X-AspNet-Version": [
          "4.0.30319"
        ],
        "X-Powered-By": [
          "ASP.NET"
        ],
        "x-ms-ratelimit-remaining-subscription-reads": [
          "11991"
        ],
        "x-ms-correlation-request-id": [
          "9293c98d-95b7-4c0c-b896-e439c1802900"
        ],
        "x-ms-routing-request-id": [
          "WESTUS2:20190508T005420Z:9293c98d-95b7-4c0c-b896-e439c1802900"
        ],
        "X-Content-Type-Options": [
          "nosniff"
        ],
        "Content-Length": [
          "397"
        ],
        "Content-Type": [
          "application/json; odata.metadata=minimal; odata.streaming=true"
        ],
        "Expires": [
          "-1"
        ]
      },
      "ResponseBody": "{\r\n  \"name\": \"origin1\",\r\n  \"id\": \"/subscriptions/47f4bc68-6fe4-43a2-be8b-dfd0e290efa2/resourcegroups/cdnResourceGroup9951/providers/Microsoft.Cdn/profiles/profile4539/endpoints/endpoint5508/origins/origin1\",\r\n  \"type\": \"Microsoft.Cdn/profiles/endpoints/origins\",\r\n  \"properties\": {\r\n    \"provisioningState\": \"Succeeded\",\r\n    \"resourceState\": \"Active\",\r\n    \"hostName\": \"host1.hello.com\",\r\n    \"httpPort\": null,\r\n    \"httpsPort\": null\r\n  }\r\n}",
      "StatusCode": 200
    },
    {
      "RequestUri": "/subscriptions/47f4bc68-6fe4-43a2-be8b-dfd0e290efa2/resourceGroups/cdnResourceGroup9951/providers/Microsoft.Cdn/profiles/profile4539/endpoints/endpoint5508/origins?api-version=2019-04-15",
      "EncodedRequestUri": "L3N1YnNjcmlwdGlvbnMvNDdmNGJjNjgtNmZlNC00M2EyLWJlOGItZGZkMGUyOTBlZmEyL3Jlc291cmNlR3JvdXBzL2NkblJlc291cmNlR3JvdXA5OTUxL3Byb3ZpZGVycy9NaWNyb3NvZnQuQ2RuL3Byb2ZpbGVzL3Byb2ZpbGU0NTM5L2VuZHBvaW50cy9lbmRwb2ludDU1MDgvb3JpZ2lucz9hcGktdmVyc2lvbj0yMDE5LTA0LTE1",
      "RequestMethod": "GET",
      "RequestBody": "",
      "RequestHeaders": {
        "x-ms-client-request-id": [
          "90eb9968-d3d5-4271-9140-faac86deb7d0"
        ],
        "accept-language": [
          "en-US"
        ],
        "User-Agent": [
          "FxVersion/4.6.26614.01",
          "OSName/Windows",
          "OSVersion/Microsoft.Windows.10.0.17763.",
          "Microsoft.Azure.Management.Cdn.CdnManagementClient/4.2.2.0"
        ]
      },
      "ResponseHeaders": {
        "Cache-Control": [
          "no-cache"
        ],
        "Date": [
          "Wed, 08 May 2019 00:54:19 GMT"
        ],
        "Pragma": [
          "no-cache"
        ],
        "Server": [
          "Microsoft-IIS/8.5"
        ],
        "x-ms-request-id": [
          "1f35cb11-cc94-49c8-a52a-2689ef89d97e"
        ],
        "x-ms-client-request-id": [
          "90eb9968-d3d5-4271-9140-faac86deb7d0"
        ],
        "OData-Version": [
          "4.0"
        ],
        "Strict-Transport-Security": [
          "max-age=31536000; includeSubDomains"
        ],
        "X-AspNet-Version": [
          "4.0.30319"
        ],
        "X-Powered-By": [
          "ASP.NET"
        ],
        "x-ms-ratelimit-remaining-subscription-reads": [
          "11990"
        ],
        "x-ms-correlation-request-id": [
          "a2fcf25e-a8fb-4093-b9dc-e2b0ae752753"
        ],
        "x-ms-routing-request-id": [
          "WESTUS2:20190508T005420Z:a2fcf25e-a8fb-4093-b9dc-e2b0ae752753"
        ],
        "X-Content-Type-Options": [
          "nosniff"
        ],
        "Content-Length": [
          "441"
        ],
        "Content-Type": [
          "application/json; odata.metadata=minimal; odata.streaming=true"
        ],
        "Expires": [
          "-1"
        ]
      },
      "ResponseBody": "{\r\n  \"value\": [\r\n    {\r\n      \"name\": \"origin1\",\r\n      \"id\": \"/subscriptions/47f4bc68-6fe4-43a2-be8b-dfd0e290efa2/resourcegroups/cdnResourceGroup9951/providers/Microsoft.Cdn/profiles/profile4539/endpoints/endpoint5508/origins/origin1\",\r\n      \"type\": \"Microsoft.Cdn/profiles/endpoints/origins\",\r\n      \"properties\": {\r\n        \"provisioningState\": \"Succeeded\",\r\n        \"resourceState\": \"Active\",\r\n        \"hostName\": \"host1.hello.com\",\r\n        \"httpPort\": null,\r\n        \"httpsPort\": null\r\n      }\r\n    }\r\n  ]\r\n}",
      "StatusCode": 200
    },
    {
      "RequestUri": "/subscriptions/47f4bc68-6fe4-43a2-be8b-dfd0e290efa2/resourcegroups/cdnResourceGroup9951?api-version=2015-11-01",
      "EncodedRequestUri": "L3N1YnNjcmlwdGlvbnMvNDdmNGJjNjgtNmZlNC00M2EyLWJlOGItZGZkMGUyOTBlZmEyL3Jlc291cmNlZ3JvdXBzL2NkblJlc291cmNlR3JvdXA5OTUxP2FwaS12ZXJzaW9uPTIwMTUtMTEtMDE=",
      "RequestMethod": "DELETE",
      "RequestBody": "",
      "RequestHeaders": {
        "x-ms-client-request-id": [
          "8608895b-fd90-49b4-ba55-8c1234b1f362"
        ],
        "accept-language": [
          "en-US"
        ],
        "User-Agent": [
          "FxVersion/4.6.26614.01",
          "OSName/Windows",
          "OSVersion/Microsoft.Windows.10.0.17763.",
          "Microsoft.Azure.Management.Resources.ResourceManagementClient/1.0.0.0"
        ]
      },
      "ResponseHeaders": {
        "Cache-Control": [
          "no-cache"
        ],
        "Date": [
          "Wed, 08 May 2019 00:54:20 GMT"
        ],
        "Pragma": [
          "no-cache"
        ],
        "Location": [
          "https://management.azure.com/subscriptions/47f4bc68-6fe4-43a2-be8b-dfd0e290efa2/operationresults/eyJqb2JJZCI6IlJFU09VUkNFR1JPVVBERUxFVElPTkpPQi1DRE5SRVNPVVJDRUdST1VQOTk1MS1XRVNUVVMiLCJqb2JMb2NhdGlvbiI6Indlc3R1cyJ9?api-version=2015-11-01"
        ],
        "Retry-After": [
          "15"
        ],
        "x-ms-ratelimit-remaining-subscription-deletes": [
          "14999"
        ],
        "x-ms-request-id": [
          "04dc1a22-d2c4-473e-931d-7a98756e40fb"
        ],
        "x-ms-correlation-request-id": [
          "04dc1a22-d2c4-473e-931d-7a98756e40fb"
        ],
        "x-ms-routing-request-id": [
          "WESTUS2:20190508T005421Z:04dc1a22-d2c4-473e-931d-7a98756e40fb"
        ],
        "Strict-Transport-Security": [
          "max-age=31536000; includeSubDomains"
        ],
        "X-Content-Type-Options": [
          "nosniff"
        ],
        "Content-Length": [
          "0"
        ],
        "Expires": [
          "-1"
        ]
      },
      "ResponseBody": "",
      "StatusCode": 202
    },
    {
      "RequestUri": "/subscriptions/47f4bc68-6fe4-43a2-be8b-dfd0e290efa2/operationresults/eyJqb2JJZCI6IlJFU09VUkNFR1JPVVBERUxFVElPTkpPQi1DRE5SRVNPVVJDRUdST1VQOTk1MS1XRVNUVVMiLCJqb2JMb2NhdGlvbiI6Indlc3R1cyJ9?api-version=2015-11-01",
      "EncodedRequestUri": "L3N1YnNjcmlwdGlvbnMvNDdmNGJjNjgtNmZlNC00M2EyLWJlOGItZGZkMGUyOTBlZmEyL29wZXJhdGlvbnJlc3VsdHMvZXlKcWIySkpaQ0k2SWxKRlUwOVZVa05GUjFKUFZWQkVSVXhGVkVsUFRrcFBRaTFEUkU1U1JWTlBWVkpEUlVkU1QxVlFPVGsxTVMxWFJWTlVWVk1pTENKcWIySk1iMk5oZEdsdmJpSTZJbmRsYzNSMWN5Sjk/YXBpLXZlcnNpb249MjAxNS0xMS0wMQ==",
      "RequestMethod": "GET",
      "RequestBody": "",
      "RequestHeaders": {
        "User-Agent": [
          "FxVersion/4.6.26614.01",
          "OSName/Windows",
          "OSVersion/Microsoft.Windows.10.0.17763.",
          "Microsoft.Azure.Management.Resources.ResourceManagementClient/1.0.0.0"
        ]
      },
      "ResponseHeaders": {
        "Cache-Control": [
          "no-cache"
        ],
        "Date": [
          "Wed, 08 May 2019 00:54:35 GMT"
        ],
        "Pragma": [
          "no-cache"
        ],
        "Location": [
          "https://management.azure.com/subscriptions/47f4bc68-6fe4-43a2-be8b-dfd0e290efa2/operationresults/eyJqb2JJZCI6IlJFU09VUkNFR1JPVVBERUxFVElPTkpPQi1DRE5SRVNPVVJDRUdST1VQOTk1MS1XRVNUVVMiLCJqb2JMb2NhdGlvbiI6Indlc3R1cyJ9?api-version=2015-11-01"
        ],
        "Retry-After": [
          "15"
        ],
        "x-ms-ratelimit-remaining-subscription-reads": [
          "11989"
        ],
        "x-ms-request-id": [
          "4b86b736-cf9c-4cb0-bd14-056651635664"
        ],
        "x-ms-correlation-request-id": [
          "4b86b736-cf9c-4cb0-bd14-056651635664"
        ],
        "x-ms-routing-request-id": [
          "WESTUS2:20190508T005436Z:4b86b736-cf9c-4cb0-bd14-056651635664"
        ],
        "Strict-Transport-Security": [
          "max-age=31536000; includeSubDomains"
        ],
        "X-Content-Type-Options": [
          "nosniff"
        ],
        "Content-Length": [
          "0"
        ],
        "Expires": [
          "-1"
        ]
      },
      "ResponseBody": "",
      "StatusCode": 202
    },
    {
      "RequestUri": "/subscriptions/47f4bc68-6fe4-43a2-be8b-dfd0e290efa2/operationresults/eyJqb2JJZCI6IlJFU09VUkNFR1JPVVBERUxFVElPTkpPQi1DRE5SRVNPVVJDRUdST1VQOTk1MS1XRVNUVVMiLCJqb2JMb2NhdGlvbiI6Indlc3R1cyJ9?api-version=2015-11-01",
      "EncodedRequestUri": "L3N1YnNjcmlwdGlvbnMvNDdmNGJjNjgtNmZlNC00M2EyLWJlOGItZGZkMGUyOTBlZmEyL29wZXJhdGlvbnJlc3VsdHMvZXlKcWIySkpaQ0k2SWxKRlUwOVZVa05GUjFKUFZWQkVSVXhGVkVsUFRrcFBRaTFEUkU1U1JWTlBWVkpEUlVkU1QxVlFPVGsxTVMxWFJWTlVWVk1pTENKcWIySk1iMk5oZEdsdmJpSTZJbmRsYzNSMWN5Sjk/YXBpLXZlcnNpb249MjAxNS0xMS0wMQ==",
      "RequestMethod": "GET",
      "RequestBody": "",
      "RequestHeaders": {
        "User-Agent": [
          "FxVersion/4.6.26614.01",
          "OSName/Windows",
          "OSVersion/Microsoft.Windows.10.0.17763.",
          "Microsoft.Azure.Management.Resources.ResourceManagementClient/1.0.0.0"
        ]
      },
      "ResponseHeaders": {
        "Cache-Control": [
          "no-cache"
        ],
        "Date": [
          "Wed, 08 May 2019 00:54:50 GMT"
        ],
        "Pragma": [
          "no-cache"
        ],
        "Location": [
          "https://management.azure.com/subscriptions/47f4bc68-6fe4-43a2-be8b-dfd0e290efa2/operationresults/eyJqb2JJZCI6IlJFU09VUkNFR1JPVVBERUxFVElPTkpPQi1DRE5SRVNPVVJDRUdST1VQOTk1MS1XRVNUVVMiLCJqb2JMb2NhdGlvbiI6Indlc3R1cyJ9?api-version=2015-11-01"
        ],
        "Retry-After": [
          "15"
        ],
        "x-ms-ratelimit-remaining-subscription-reads": [
          "11988"
        ],
        "x-ms-request-id": [
          "5af64400-f0e1-4239-9619-32c9737a59bb"
        ],
        "x-ms-correlation-request-id": [
          "5af64400-f0e1-4239-9619-32c9737a59bb"
        ],
        "x-ms-routing-request-id": [
          "WESTUS2:20190508T005451Z:5af64400-f0e1-4239-9619-32c9737a59bb"
        ],
        "Strict-Transport-Security": [
          "max-age=31536000; includeSubDomains"
        ],
        "X-Content-Type-Options": [
          "nosniff"
        ],
        "Content-Length": [
          "0"
        ],
        "Expires": [
          "-1"
        ]
      },
      "ResponseBody": "",
      "StatusCode": 202
    },
    {
      "RequestUri": "/subscriptions/47f4bc68-6fe4-43a2-be8b-dfd0e290efa2/operationresults/eyJqb2JJZCI6IlJFU09VUkNFR1JPVVBERUxFVElPTkpPQi1DRE5SRVNPVVJDRUdST1VQOTk1MS1XRVNUVVMiLCJqb2JMb2NhdGlvbiI6Indlc3R1cyJ9?api-version=2015-11-01",
      "EncodedRequestUri": "L3N1YnNjcmlwdGlvbnMvNDdmNGJjNjgtNmZlNC00M2EyLWJlOGItZGZkMGUyOTBlZmEyL29wZXJhdGlvbnJlc3VsdHMvZXlKcWIySkpaQ0k2SWxKRlUwOVZVa05GUjFKUFZWQkVSVXhGVkVsUFRrcFBRaTFEUkU1U1JWTlBWVkpEUlVkU1QxVlFPVGsxTVMxWFJWTlVWVk1pTENKcWIySk1iMk5oZEdsdmJpSTZJbmRsYzNSMWN5Sjk/YXBpLXZlcnNpb249MjAxNS0xMS0wMQ==",
      "RequestMethod": "GET",
      "RequestBody": "",
      "RequestHeaders": {
        "User-Agent": [
          "FxVersion/4.6.26614.01",
          "OSName/Windows",
          "OSVersion/Microsoft.Windows.10.0.17763.",
          "Microsoft.Azure.Management.Resources.ResourceManagementClient/1.0.0.0"
        ]
      },
      "ResponseHeaders": {
        "Cache-Control": [
          "no-cache"
        ],
        "Date": [
          "Wed, 08 May 2019 00:55:06 GMT"
        ],
        "Pragma": [
          "no-cache"
        ],
        "Location": [
          "https://management.azure.com/subscriptions/47f4bc68-6fe4-43a2-be8b-dfd0e290efa2/operationresults/eyJqb2JJZCI6IlJFU09VUkNFR1JPVVBERUxFVElPTkpPQi1DRE5SRVNPVVJDRUdST1VQOTk1MS1XRVNUVVMiLCJqb2JMb2NhdGlvbiI6Indlc3R1cyJ9?api-version=2015-11-01"
        ],
        "Retry-After": [
          "15"
        ],
        "x-ms-ratelimit-remaining-subscription-reads": [
          "11987"
        ],
        "x-ms-request-id": [
          "11c43937-6075-49d1-ab65-455bf9af0de4"
        ],
        "x-ms-correlation-request-id": [
          "11c43937-6075-49d1-ab65-455bf9af0de4"
        ],
        "x-ms-routing-request-id": [
          "WESTUS2:20190508T005506Z:11c43937-6075-49d1-ab65-455bf9af0de4"
        ],
        "Strict-Transport-Security": [
          "max-age=31536000; includeSubDomains"
        ],
        "X-Content-Type-Options": [
          "nosniff"
        ],
        "Content-Length": [
          "0"
        ],
        "Expires": [
          "-1"
        ]
      },
      "ResponseBody": "",
      "StatusCode": 202
    },
    {
      "RequestUri": "/subscriptions/47f4bc68-6fe4-43a2-be8b-dfd0e290efa2/operationresults/eyJqb2JJZCI6IlJFU09VUkNFR1JPVVBERUxFVElPTkpPQi1DRE5SRVNPVVJDRUdST1VQOTk1MS1XRVNUVVMiLCJqb2JMb2NhdGlvbiI6Indlc3R1cyJ9?api-version=2015-11-01",
      "EncodedRequestUri": "L3N1YnNjcmlwdGlvbnMvNDdmNGJjNjgtNmZlNC00M2EyLWJlOGItZGZkMGUyOTBlZmEyL29wZXJhdGlvbnJlc3VsdHMvZXlKcWIySkpaQ0k2SWxKRlUwOVZVa05GUjFKUFZWQkVSVXhGVkVsUFRrcFBRaTFEUkU1U1JWTlBWVkpEUlVkU1QxVlFPVGsxTVMxWFJWTlVWVk1pTENKcWIySk1iMk5oZEdsdmJpSTZJbmRsYzNSMWN5Sjk/YXBpLXZlcnNpb249MjAxNS0xMS0wMQ==",
      "RequestMethod": "GET",
      "RequestBody": "",
      "RequestHeaders": {
        "User-Agent": [
          "FxVersion/4.6.26614.01",
          "OSName/Windows",
          "OSVersion/Microsoft.Windows.10.0.17763.",
          "Microsoft.Azure.Management.Resources.ResourceManagementClient/1.0.0.0"
        ]
      },
      "ResponseHeaders": {
        "Cache-Control": [
          "no-cache"
        ],
        "Date": [
          "Wed, 08 May 2019 00:55:21 GMT"
        ],
        "Pragma": [
          "no-cache"
        ],
        "Location": [
          "https://management.azure.com/subscriptions/47f4bc68-6fe4-43a2-be8b-dfd0e290efa2/operationresults/eyJqb2JJZCI6IlJFU09VUkNFR1JPVVBERUxFVElPTkpPQi1DRE5SRVNPVVJDRUdST1VQOTk1MS1XRVNUVVMiLCJqb2JMb2NhdGlvbiI6Indlc3R1cyJ9?api-version=2015-11-01"
        ],
        "Retry-After": [
          "15"
        ],
        "x-ms-ratelimit-remaining-subscription-reads": [
          "11986"
        ],
        "x-ms-request-id": [
          "b31b8870-87fc-4d09-b486-30af10ea08fa"
        ],
        "x-ms-correlation-request-id": [
          "b31b8870-87fc-4d09-b486-30af10ea08fa"
        ],
        "x-ms-routing-request-id": [
          "WESTUS2:20190508T005521Z:b31b8870-87fc-4d09-b486-30af10ea08fa"
        ],
        "Strict-Transport-Security": [
          "max-age=31536000; includeSubDomains"
        ],
        "X-Content-Type-Options": [
          "nosniff"
        ],
        "Content-Length": [
          "0"
        ],
        "Expires": [
          "-1"
        ]
      },
      "ResponseBody": "",
      "StatusCode": 202
    },
    {
      "RequestUri": "/subscriptions/47f4bc68-6fe4-43a2-be8b-dfd0e290efa2/operationresults/eyJqb2JJZCI6IlJFU09VUkNFR1JPVVBERUxFVElPTkpPQi1DRE5SRVNPVVJDRUdST1VQOTk1MS1XRVNUVVMiLCJqb2JMb2NhdGlvbiI6Indlc3R1cyJ9?api-version=2015-11-01",
      "EncodedRequestUri": "L3N1YnNjcmlwdGlvbnMvNDdmNGJjNjgtNmZlNC00M2EyLWJlOGItZGZkMGUyOTBlZmEyL29wZXJhdGlvbnJlc3VsdHMvZXlKcWIySkpaQ0k2SWxKRlUwOVZVa05GUjFKUFZWQkVSVXhGVkVsUFRrcFBRaTFEUkU1U1JWTlBWVkpEUlVkU1QxVlFPVGsxTVMxWFJWTlVWVk1pTENKcWIySk1iMk5oZEdsdmJpSTZJbmRsYzNSMWN5Sjk/YXBpLXZlcnNpb249MjAxNS0xMS0wMQ==",
      "RequestMethod": "GET",
      "RequestBody": "",
      "RequestHeaders": {
        "User-Agent": [
          "FxVersion/4.6.26614.01",
          "OSName/Windows",
          "OSVersion/Microsoft.Windows.10.0.17763.",
          "Microsoft.Azure.Management.Resources.ResourceManagementClient/1.0.0.0"
        ]
      },
      "ResponseHeaders": {
        "Cache-Control": [
          "no-cache"
        ],
        "Date": [
          "Wed, 08 May 2019 00:55:36 GMT"
        ],
        "Pragma": [
          "no-cache"
        ],
        "Location": [
          "https://management.azure.com/subscriptions/47f4bc68-6fe4-43a2-be8b-dfd0e290efa2/operationresults/eyJqb2JJZCI6IlJFU09VUkNFR1JPVVBERUxFVElPTkpPQi1DRE5SRVNPVVJDRUdST1VQOTk1MS1XRVNUVVMiLCJqb2JMb2NhdGlvbiI6Indlc3R1cyJ9?api-version=2015-11-01"
        ],
        "Retry-After": [
          "15"
        ],
        "x-ms-ratelimit-remaining-subscription-reads": [
          "11985"
        ],
        "x-ms-request-id": [
          "4b5681a4-93a9-4b1b-86e2-0f32382d414b"
        ],
        "x-ms-correlation-request-id": [
          "4b5681a4-93a9-4b1b-86e2-0f32382d414b"
        ],
        "x-ms-routing-request-id": [
          "WESTUS2:20190508T005536Z:4b5681a4-93a9-4b1b-86e2-0f32382d414b"
        ],
        "Strict-Transport-Security": [
          "max-age=31536000; includeSubDomains"
        ],
        "X-Content-Type-Options": [
          "nosniff"
        ],
        "Content-Length": [
          "0"
        ],
        "Expires": [
          "-1"
        ]
      },
      "ResponseBody": "",
      "StatusCode": 202
    },
    {
      "RequestUri": "/subscriptions/47f4bc68-6fe4-43a2-be8b-dfd0e290efa2/operationresults/eyJqb2JJZCI6IlJFU09VUkNFR1JPVVBERUxFVElPTkpPQi1DRE5SRVNPVVJDRUdST1VQOTk1MS1XRVNUVVMiLCJqb2JMb2NhdGlvbiI6Indlc3R1cyJ9?api-version=2015-11-01",
      "EncodedRequestUri": "L3N1YnNjcmlwdGlvbnMvNDdmNGJjNjgtNmZlNC00M2EyLWJlOGItZGZkMGUyOTBlZmEyL29wZXJhdGlvbnJlc3VsdHMvZXlKcWIySkpaQ0k2SWxKRlUwOVZVa05GUjFKUFZWQkVSVXhGVkVsUFRrcFBRaTFEUkU1U1JWTlBWVkpEUlVkU1QxVlFPVGsxTVMxWFJWTlVWVk1pTENKcWIySk1iMk5oZEdsdmJpSTZJbmRsYzNSMWN5Sjk/YXBpLXZlcnNpb249MjAxNS0xMS0wMQ==",
      "RequestMethod": "GET",
      "RequestBody": "",
      "RequestHeaders": {
        "User-Agent": [
          "FxVersion/4.6.26614.01",
          "OSName/Windows",
          "OSVersion/Microsoft.Windows.10.0.17763.",
          "Microsoft.Azure.Management.Resources.ResourceManagementClient/1.0.0.0"
        ]
      },
      "ResponseHeaders": {
        "Cache-Control": [
          "no-cache"
        ],
        "Date": [
          "Wed, 08 May 2019 00:55:51 GMT"
        ],
        "Pragma": [
          "no-cache"
        ],
        "Location": [
          "https://management.azure.com/subscriptions/47f4bc68-6fe4-43a2-be8b-dfd0e290efa2/operationresults/eyJqb2JJZCI6IlJFU09VUkNFR1JPVVBERUxFVElPTkpPQi1DRE5SRVNPVVJDRUdST1VQOTk1MS1XRVNUVVMiLCJqb2JMb2NhdGlvbiI6Indlc3R1cyJ9?api-version=2015-11-01"
        ],
        "Retry-After": [
          "15"
        ],
        "x-ms-ratelimit-remaining-subscription-reads": [
          "11984"
        ],
        "x-ms-request-id": [
          "f1ae1b05-c274-48d4-9aa6-e0e29a998dee"
        ],
        "x-ms-correlation-request-id": [
          "f1ae1b05-c274-48d4-9aa6-e0e29a998dee"
        ],
        "x-ms-routing-request-id": [
          "WESTUS2:20190508T005551Z:f1ae1b05-c274-48d4-9aa6-e0e29a998dee"
        ],
        "Strict-Transport-Security": [
          "max-age=31536000; includeSubDomains"
        ],
        "X-Content-Type-Options": [
          "nosniff"
        ],
        "Content-Length": [
          "0"
        ],
        "Expires": [
          "-1"
        ]
      },
      "ResponseBody": "",
      "StatusCode": 202
    },
    {
      "RequestUri": "/subscriptions/47f4bc68-6fe4-43a2-be8b-dfd0e290efa2/operationresults/eyJqb2JJZCI6IlJFU09VUkNFR1JPVVBERUxFVElPTkpPQi1DRE5SRVNPVVJDRUdST1VQOTk1MS1XRVNUVVMiLCJqb2JMb2NhdGlvbiI6Indlc3R1cyJ9?api-version=2015-11-01",
      "EncodedRequestUri": "L3N1YnNjcmlwdGlvbnMvNDdmNGJjNjgtNmZlNC00M2EyLWJlOGItZGZkMGUyOTBlZmEyL29wZXJhdGlvbnJlc3VsdHMvZXlKcWIySkpaQ0k2SWxKRlUwOVZVa05GUjFKUFZWQkVSVXhGVkVsUFRrcFBRaTFEUkU1U1JWTlBWVkpEUlVkU1QxVlFPVGsxTVMxWFJWTlVWVk1pTENKcWIySk1iMk5oZEdsdmJpSTZJbmRsYzNSMWN5Sjk/YXBpLXZlcnNpb249MjAxNS0xMS0wMQ==",
      "RequestMethod": "GET",
      "RequestBody": "",
      "RequestHeaders": {
        "User-Agent": [
          "FxVersion/4.6.26614.01",
          "OSName/Windows",
          "OSVersion/Microsoft.Windows.10.0.17763.",
          "Microsoft.Azure.Management.Resources.ResourceManagementClient/1.0.0.0"
        ]
      },
      "ResponseHeaders": {
        "Cache-Control": [
          "no-cache"
        ],
        "Date": [
          "Wed, 08 May 2019 00:56:05 GMT"
        ],
        "Pragma": [
          "no-cache"
        ],
        "Location": [
          "https://management.azure.com/subscriptions/47f4bc68-6fe4-43a2-be8b-dfd0e290efa2/operationresults/eyJqb2JJZCI6IlJFU09VUkNFR1JPVVBERUxFVElPTkpPQi1DRE5SRVNPVVJDRUdST1VQOTk1MS1XRVNUVVMiLCJqb2JMb2NhdGlvbiI6Indlc3R1cyJ9?api-version=2015-11-01"
        ],
        "Retry-After": [
          "15"
        ],
        "x-ms-ratelimit-remaining-subscription-reads": [
          "11983"
        ],
        "x-ms-request-id": [
          "3c3e409f-5bee-4fe1-a369-180981047f11"
        ],
        "x-ms-correlation-request-id": [
          "3c3e409f-5bee-4fe1-a369-180981047f11"
        ],
        "x-ms-routing-request-id": [
          "WESTUS2:20190508T005606Z:3c3e409f-5bee-4fe1-a369-180981047f11"
        ],
        "Strict-Transport-Security": [
          "max-age=31536000; includeSubDomains"
        ],
        "X-Content-Type-Options": [
          "nosniff"
        ],
        "Content-Length": [
          "0"
        ],
        "Expires": [
          "-1"
        ]
      },
      "ResponseBody": "",
      "StatusCode": 202
    },
    {
      "RequestUri": "/subscriptions/47f4bc68-6fe4-43a2-be8b-dfd0e290efa2/operationresults/eyJqb2JJZCI6IlJFU09VUkNFR1JPVVBERUxFVElPTkpPQi1DRE5SRVNPVVJDRUdST1VQOTk1MS1XRVNUVVMiLCJqb2JMb2NhdGlvbiI6Indlc3R1cyJ9?api-version=2015-11-01",
      "EncodedRequestUri": "L3N1YnNjcmlwdGlvbnMvNDdmNGJjNjgtNmZlNC00M2EyLWJlOGItZGZkMGUyOTBlZmEyL29wZXJhdGlvbnJlc3VsdHMvZXlKcWIySkpaQ0k2SWxKRlUwOVZVa05GUjFKUFZWQkVSVXhGVkVsUFRrcFBRaTFEUkU1U1JWTlBWVkpEUlVkU1QxVlFPVGsxTVMxWFJWTlVWVk1pTENKcWIySk1iMk5oZEdsdmJpSTZJbmRsYzNSMWN5Sjk/YXBpLXZlcnNpb249MjAxNS0xMS0wMQ==",
      "RequestMethod": "GET",
      "RequestBody": "",
      "RequestHeaders": {
        "User-Agent": [
          "FxVersion/4.6.26614.01",
          "OSName/Windows",
          "OSVersion/Microsoft.Windows.10.0.17763.",
          "Microsoft.Azure.Management.Resources.ResourceManagementClient/1.0.0.0"
        ]
      },
      "ResponseHeaders": {
        "Cache-Control": [
          "no-cache"
        ],
        "Date": [
          "Wed, 08 May 2019 00:56:21 GMT"
        ],
        "Pragma": [
          "no-cache"
        ],
        "Location": [
          "https://management.azure.com/subscriptions/47f4bc68-6fe4-43a2-be8b-dfd0e290efa2/operationresults/eyJqb2JJZCI6IlJFU09VUkNFR1JPVVBERUxFVElPTkpPQi1DRE5SRVNPVVJDRUdST1VQOTk1MS1XRVNUVVMiLCJqb2JMb2NhdGlvbiI6Indlc3R1cyJ9?api-version=2015-11-01"
        ],
        "Retry-After": [
          "15"
        ],
        "x-ms-ratelimit-remaining-subscription-reads": [
          "11982"
        ],
        "x-ms-request-id": [
          "89d26f6d-b825-41c0-8897-f0935055f262"
        ],
        "x-ms-correlation-request-id": [
          "89d26f6d-b825-41c0-8897-f0935055f262"
        ],
        "x-ms-routing-request-id": [
          "WESTUS2:20190508T005621Z:89d26f6d-b825-41c0-8897-f0935055f262"
        ],
        "Strict-Transport-Security": [
          "max-age=31536000; includeSubDomains"
        ],
        "X-Content-Type-Options": [
          "nosniff"
        ],
        "Content-Length": [
          "0"
        ],
        "Expires": [
          "-1"
        ]
      },
      "ResponseBody": "",
      "StatusCode": 202
    },
    {
      "RequestUri": "/subscriptions/47f4bc68-6fe4-43a2-be8b-dfd0e290efa2/operationresults/eyJqb2JJZCI6IlJFU09VUkNFR1JPVVBERUxFVElPTkpPQi1DRE5SRVNPVVJDRUdST1VQOTk1MS1XRVNUVVMiLCJqb2JMb2NhdGlvbiI6Indlc3R1cyJ9?api-version=2015-11-01",
      "EncodedRequestUri": "L3N1YnNjcmlwdGlvbnMvNDdmNGJjNjgtNmZlNC00M2EyLWJlOGItZGZkMGUyOTBlZmEyL29wZXJhdGlvbnJlc3VsdHMvZXlKcWIySkpaQ0k2SWxKRlUwOVZVa05GUjFKUFZWQkVSVXhGVkVsUFRrcFBRaTFEUkU1U1JWTlBWVkpEUlVkU1QxVlFPVGsxTVMxWFJWTlVWVk1pTENKcWIySk1iMk5oZEdsdmJpSTZJbmRsYzNSMWN5Sjk/YXBpLXZlcnNpb249MjAxNS0xMS0wMQ==",
      "RequestMethod": "GET",
      "RequestBody": "",
      "RequestHeaders": {
        "User-Agent": [
          "FxVersion/4.6.26614.01",
          "OSName/Windows",
          "OSVersion/Microsoft.Windows.10.0.17763.",
          "Microsoft.Azure.Management.Resources.ResourceManagementClient/1.0.0.0"
        ]
      },
      "ResponseHeaders": {
        "Cache-Control": [
          "no-cache"
        ],
        "Date": [
          "Wed, 08 May 2019 00:56:36 GMT"
        ],
        "Pragma": [
          "no-cache"
        ],
        "Location": [
          "https://management.azure.com/subscriptions/47f4bc68-6fe4-43a2-be8b-dfd0e290efa2/operationresults/eyJqb2JJZCI6IlJFU09VUkNFR1JPVVBERUxFVElPTkpPQi1DRE5SRVNPVVJDRUdST1VQOTk1MS1XRVNUVVMiLCJqb2JMb2NhdGlvbiI6Indlc3R1cyJ9?api-version=2015-11-01"
        ],
        "Retry-After": [
          "15"
        ],
        "x-ms-ratelimit-remaining-subscription-reads": [
          "11981"
        ],
        "x-ms-request-id": [
          "27f3d2ae-9bfb-4768-b247-6101e85d69fd"
        ],
        "x-ms-correlation-request-id": [
          "27f3d2ae-9bfb-4768-b247-6101e85d69fd"
        ],
        "x-ms-routing-request-id": [
          "WESTUS2:20190508T005636Z:27f3d2ae-9bfb-4768-b247-6101e85d69fd"
        ],
        "Strict-Transport-Security": [
          "max-age=31536000; includeSubDomains"
        ],
        "X-Content-Type-Options": [
          "nosniff"
        ],
        "Content-Length": [
          "0"
        ],
        "Expires": [
          "-1"
        ]
      },
      "ResponseBody": "",
      "StatusCode": 202
    },
    {
      "RequestUri": "/subscriptions/47f4bc68-6fe4-43a2-be8b-dfd0e290efa2/operationresults/eyJqb2JJZCI6IlJFU09VUkNFR1JPVVBERUxFVElPTkpPQi1DRE5SRVNPVVJDRUdST1VQOTk1MS1XRVNUVVMiLCJqb2JMb2NhdGlvbiI6Indlc3R1cyJ9?api-version=2015-11-01",
      "EncodedRequestUri": "L3N1YnNjcmlwdGlvbnMvNDdmNGJjNjgtNmZlNC00M2EyLWJlOGItZGZkMGUyOTBlZmEyL29wZXJhdGlvbnJlc3VsdHMvZXlKcWIySkpaQ0k2SWxKRlUwOVZVa05GUjFKUFZWQkVSVXhGVkVsUFRrcFBRaTFEUkU1U1JWTlBWVkpEUlVkU1QxVlFPVGsxTVMxWFJWTlVWVk1pTENKcWIySk1iMk5oZEdsdmJpSTZJbmRsYzNSMWN5Sjk/YXBpLXZlcnNpb249MjAxNS0xMS0wMQ==",
      "RequestMethod": "GET",
      "RequestBody": "",
      "RequestHeaders": {
        "User-Agent": [
          "FxVersion/4.6.26614.01",
          "OSName/Windows",
          "OSVersion/Microsoft.Windows.10.0.17763.",
          "Microsoft.Azure.Management.Resources.ResourceManagementClient/1.0.0.0"
        ]
      },
      "ResponseHeaders": {
        "Cache-Control": [
          "no-cache"
        ],
        "Date": [
          "Wed, 08 May 2019 00:56:51 GMT"
        ],
        "Pragma": [
          "no-cache"
        ],
        "Location": [
          "https://management.azure.com/subscriptions/47f4bc68-6fe4-43a2-be8b-dfd0e290efa2/operationresults/eyJqb2JJZCI6IlJFU09VUkNFR1JPVVBERUxFVElPTkpPQi1DRE5SRVNPVVJDRUdST1VQOTk1MS1XRVNUVVMiLCJqb2JMb2NhdGlvbiI6Indlc3R1cyJ9?api-version=2015-11-01"
        ],
        "Retry-After": [
          "15"
        ],
        "x-ms-ratelimit-remaining-subscription-reads": [
          "11980"
        ],
        "x-ms-request-id": [
          "7deb38f5-2d4a-455b-9287-37b977f54520"
        ],
        "x-ms-correlation-request-id": [
          "7deb38f5-2d4a-455b-9287-37b977f54520"
        ],
        "x-ms-routing-request-id": [
          "WESTUS2:20190508T005651Z:7deb38f5-2d4a-455b-9287-37b977f54520"
        ],
        "Strict-Transport-Security": [
          "max-age=31536000; includeSubDomains"
        ],
        "X-Content-Type-Options": [
          "nosniff"
        ],
        "Content-Length": [
          "0"
        ],
        "Expires": [
          "-1"
        ]
      },
      "ResponseBody": "",
      "StatusCode": 202
    },
    {
      "RequestUri": "/subscriptions/47f4bc68-6fe4-43a2-be8b-dfd0e290efa2/operationresults/eyJqb2JJZCI6IlJFU09VUkNFR1JPVVBERUxFVElPTkpPQi1DRE5SRVNPVVJDRUdST1VQOTk1MS1XRVNUVVMiLCJqb2JMb2NhdGlvbiI6Indlc3R1cyJ9?api-version=2015-11-01",
      "EncodedRequestUri": "L3N1YnNjcmlwdGlvbnMvNDdmNGJjNjgtNmZlNC00M2EyLWJlOGItZGZkMGUyOTBlZmEyL29wZXJhdGlvbnJlc3VsdHMvZXlKcWIySkpaQ0k2SWxKRlUwOVZVa05GUjFKUFZWQkVSVXhGVkVsUFRrcFBRaTFEUkU1U1JWTlBWVkpEUlVkU1QxVlFPVGsxTVMxWFJWTlVWVk1pTENKcWIySk1iMk5oZEdsdmJpSTZJbmRsYzNSMWN5Sjk/YXBpLXZlcnNpb249MjAxNS0xMS0wMQ==",
      "RequestMethod": "GET",
      "RequestBody": "",
      "RequestHeaders": {
        "User-Agent": [
          "FxVersion/4.6.26614.01",
          "OSName/Windows",
          "OSVersion/Microsoft.Windows.10.0.17763.",
          "Microsoft.Azure.Management.Resources.ResourceManagementClient/1.0.0.0"
        ]
      },
      "ResponseHeaders": {
        "Cache-Control": [
          "no-cache"
        ],
        "Date": [
          "Wed, 08 May 2019 00:57:06 GMT"
        ],
        "Pragma": [
          "no-cache"
        ],
        "x-ms-ratelimit-remaining-subscription-reads": [
          "11979"
        ],
        "x-ms-request-id": [
          "a06f5076-4e86-4e44-98d5-b13bae73bcf8"
        ],
        "x-ms-correlation-request-id": [
          "a06f5076-4e86-4e44-98d5-b13bae73bcf8"
        ],
        "x-ms-routing-request-id": [
          "WESTUS2:20190508T005707Z:a06f5076-4e86-4e44-98d5-b13bae73bcf8"
        ],
        "Strict-Transport-Security": [
          "max-age=31536000; includeSubDomains"
        ],
        "X-Content-Type-Options": [
          "nosniff"
        ],
        "Content-Length": [
          "0"
        ],
        "Expires": [
          "-1"
        ]
      },
      "ResponseBody": "",
      "StatusCode": 200
    },
    {
      "RequestUri": "/subscriptions/47f4bc68-6fe4-43a2-be8b-dfd0e290efa2/operationresults/eyJqb2JJZCI6IlJFU09VUkNFR1JPVVBERUxFVElPTkpPQi1DRE5SRVNPVVJDRUdST1VQOTk1MS1XRVNUVVMiLCJqb2JMb2NhdGlvbiI6Indlc3R1cyJ9?api-version=2015-11-01",
      "EncodedRequestUri": "L3N1YnNjcmlwdGlvbnMvNDdmNGJjNjgtNmZlNC00M2EyLWJlOGItZGZkMGUyOTBlZmEyL29wZXJhdGlvbnJlc3VsdHMvZXlKcWIySkpaQ0k2SWxKRlUwOVZVa05GUjFKUFZWQkVSVXhGVkVsUFRrcFBRaTFEUkU1U1JWTlBWVkpEUlVkU1QxVlFPVGsxTVMxWFJWTlVWVk1pTENKcWIySk1iMk5oZEdsdmJpSTZJbmRsYzNSMWN5Sjk/YXBpLXZlcnNpb249MjAxNS0xMS0wMQ==",
      "RequestMethod": "GET",
      "RequestBody": "",
      "RequestHeaders": {
        "User-Agent": [
          "FxVersion/4.6.26614.01",
          "OSName/Windows",
          "OSVersion/Microsoft.Windows.10.0.17763.",
          "Microsoft.Azure.Management.Resources.ResourceManagementClient/1.0.0.0"
        ]
      },
      "ResponseHeaders": {
        "Cache-Control": [
          "no-cache"
        ],
        "Date": [
          "Wed, 08 May 2019 00:57:06 GMT"
        ],
        "Pragma": [
          "no-cache"
        ],
        "x-ms-ratelimit-remaining-subscription-reads": [
          "11978"
        ],
        "x-ms-request-id": [
          "abd0e8d8-ed39-40ec-814b-6dca87f46ebf"
        ],
        "x-ms-correlation-request-id": [
          "abd0e8d8-ed39-40ec-814b-6dca87f46ebf"
        ],
        "x-ms-routing-request-id": [
          "WESTUS2:20190508T005707Z:abd0e8d8-ed39-40ec-814b-6dca87f46ebf"
        ],
        "Strict-Transport-Security": [
          "max-age=31536000; includeSubDomains"
        ],
        "X-Content-Type-Options": [
          "nosniff"
        ],
        "Content-Length": [
          "0"
        ],
        "Expires": [
          "-1"
        ]
      },
      "ResponseBody": "",
      "StatusCode": 200
    }
  ],
  "Names": {
    "CreateResourceGroup": [
      "cdnResourceGroup9951"
    ],
    "OriginGetListTest": [
      "profile4539",
      "endpoint5508"
    ]
  },
  "Variables": {
    "SubscriptionId": "47f4bc68-6fe4-43a2-be8b-dfd0e290efa2"
  }
}