{
  "Entries": [
    {
      "RequestUri": "/subscriptions/e2ee545b-783f-4634-a277-e35f55c90660/providers/Microsoft.Cdn/profiles?api-version=2017-10-12",
      "EncodedRequestUri": "L3N1YnNjcmlwdGlvbnMvZTJlZTU0NWItNzgzZi00NjM0LWEyNzctZTM1ZjU1YzkwNjYwL3Byb3ZpZGVycy9NaWNyb3NvZnQuQ2RuL3Byb2ZpbGVzP2FwaS12ZXJzaW9uPTIwMTctMTAtMTI=",
      "RequestMethod": "GET",
      "RequestBody": "",
      "RequestHeaders": {
        "x-ms-client-request-id": [
          "453f4dbb-970a-4a21-878d-8d1a64f4754d"
        ],
        "accept-language": [
          "en-US"
        ],
        "User-Agent": [
          "FxVersion/4.6.25211.01",
          "Microsoft.Azure.Management.Cdn.CdnManagementClient/4.0.0.0"
        ]
      },
      "ResponseBody": "{\r\n  \"value\": []\r\n}",
      "ResponseHeaders": {
        "Content-Type": [
          "application/json; charset=utf-8"
        ],
        "Expires": [
          "-1"
        ],
        "Cache-Control": [
          "no-cache"
        ],
        "Date": [
          "Tue, 13 Feb 2018 23:44:26 GMT"
        ],
        "Pragma": [
          "no-cache"
        ],
        "Vary": [
          "Accept-Encoding"
        ],
        "x-ms-ratelimit-remaining-subscription-reads": [
          "14999"
        ],
        "x-ms-request-id": [
          "2f72377b-2464-4c60-afcb-cda3f685250a"
        ],
        "x-ms-correlation-request-id": [
          "2f72377b-2464-4c60-afcb-cda3f685250a"
        ],
        "x-ms-routing-request-id": [
          "WESTUS2:20180213T234426Z:2f72377b-2464-4c60-afcb-cda3f685250a"
        ],
        "Strict-Transport-Security": [
          "max-age=31536000; includeSubDomains"
        ]
      },
      "StatusCode": 200
    },
    {
      "RequestUri": "/subscriptions/e2ee545b-783f-4634-a277-e35f55c90660/providers/Microsoft.Cdn/profiles?api-version=2017-10-12",
      "EncodedRequestUri": "L3N1YnNjcmlwdGlvbnMvZTJlZTU0NWItNzgzZi00NjM0LWEyNzctZTM1ZjU1YzkwNjYwL3Byb3ZpZGVycy9NaWNyb3NvZnQuQ2RuL3Byb2ZpbGVzP2FwaS12ZXJzaW9uPTIwMTctMTAtMTI=",
      "RequestMethod": "GET",
      "RequestBody": "",
      "RequestHeaders": {
        "x-ms-client-request-id": [
          "76f73bed-108c-4b8d-ab0b-7da388634ddc"
        ],
        "accept-language": [
          "en-US"
        ],
        "User-Agent": [
          "FxVersion/4.6.25211.01",
          "Microsoft.Azure.Management.Cdn.CdnManagementClient/4.0.0.0"
        ]
      },
      "ResponseBody": "{\r\n  \"value\": [\r\n    {\r\n      \"name\": \"profile6211\",\r\n      \"id\": \"/subscriptions/e2ee545b-783f-4634-a277-e35f55c90660/resourcegroups/cdnResourceGroup760/providers/Microsoft.Cdn/profiles/profile6211\",\r\n      \"type\": \"Microsoft.Cdn/profiles\",\r\n      \"tags\": {\r\n        \"key1\": \"value1\",\r\n        \"key2\": \"value2\"\r\n      },\r\n      \"location\": \"WestUs\",\r\n      \"sku\": {\r\n        \"name\": \"Standard_Verizon\"\r\n      },\r\n      \"properties\": {\r\n        \"provisioningState\": \"Succeeded\",\r\n        \"resourceState\": \"Active\"\r\n      }\r\n    }\r\n  ]\r\n}",
      "ResponseHeaders": {
        "Content-Type": [
          "application/json; odata.metadata=minimal; odata.streaming=true"
        ],
        "Expires": [
          "-1"
        ],
        "Cache-Control": [
          "no-cache"
        ],
        "Date": [
          "Tue, 13 Feb 2018 23:45:01 GMT"
        ],
        "Pragma": [
          "no-cache"
        ],
        "Transfer-Encoding": [
          "chunked"
        ],
        "Server": [
          "Microsoft-IIS/8.5"
        ],
        "Vary": [
          "Accept-Encoding"
        ],
        "x-ms-request-id": [
          "102841b6-85b1-4d34-ac97-109903867906"
        ],
        "x-ms-client-request-id": [
          "76f73bed-108c-4b8d-ab0b-7da388634ddc"
        ],
        "OData-Version": [
          "4.0"
        ],
        "Strict-Transport-Security": [
          "max-age=31536000; includeSubDomains"
        ],
        "X-AspNet-Version": [
          "4.0.30319"
        ],
        "X-Powered-By": [
          "ASP.NET"
        ],
        "x-ms-ratelimit-remaining-subscription-reads": [
          "14993"
        ],
        "x-ms-correlation-request-id": [
          "4bdc9de0-cbd3-4624-ba4e-db4651fb7052"
        ],
        "x-ms-routing-request-id": [
          "WESTUS2:20180213T234502Z:4bdc9de0-cbd3-4624-ba4e-db4651fb7052"
        ]
      },
      "StatusCode": 200
    },
    {
      "RequestUri": "/subscriptions/e2ee545b-783f-4634-a277-e35f55c90660/providers/Microsoft.Cdn/profiles?api-version=2017-10-12",
      "EncodedRequestUri": "L3N1YnNjcmlwdGlvbnMvZTJlZTU0NWItNzgzZi00NjM0LWEyNzctZTM1ZjU1YzkwNjYwL3Byb3ZpZGVycy9NaWNyb3NvZnQuQ2RuL3Byb2ZpbGVzP2FwaS12ZXJzaW9uPTIwMTctMTAtMTI=",
      "RequestMethod": "GET",
      "RequestBody": "",
      "RequestHeaders": {
        "x-ms-client-request-id": [
          "eebe3b76-bc2a-44f2-abd8-901a29d2dd17"
        ],
        "accept-language": [
          "en-US"
        ],
        "User-Agent": [
          "FxVersion/4.6.25211.01",
          "Microsoft.Azure.Management.Cdn.CdnManagementClient/4.0.0.0"
        ]
      },
      "ResponseBody": "{\r\n  \"value\": [\r\n    {\r\n      \"name\": \"profile2557\",\r\n      \"id\": \"/subscriptions/e2ee545b-783f-4634-a277-e35f55c90660/resourcegroups/cdnResourceGroup2945/providers/Microsoft.Cdn/profiles/profile2557\",\r\n      \"type\": \"Microsoft.Cdn/profiles\",\r\n      \"tags\": {\r\n        \"key1\": \"value1\",\r\n        \"key2\": \"value2\"\r\n      },\r\n      \"location\": \"WestUs\",\r\n      \"sku\": {\r\n        \"name\": \"Standard_Verizon\"\r\n      },\r\n      \"properties\": {\r\n        \"provisioningState\": \"Succeeded\",\r\n        \"resourceState\": \"Active\"\r\n      }\r\n    },\r\n    {\r\n      \"name\": \"profile6211\",\r\n      \"id\": \"/subscriptions/e2ee545b-783f-4634-a277-e35f55c90660/resourcegroups/cdnResourceGroup760/providers/Microsoft.Cdn/profiles/profile6211\",\r\n      \"type\": \"Microsoft.Cdn/profiles\",\r\n      \"tags\": {\r\n        \"key1\": \"value1\",\r\n        \"key2\": \"value2\"\r\n      },\r\n      \"location\": \"WestUs\",\r\n      \"sku\": {\r\n        \"name\": \"Standard_Verizon\"\r\n      },\r\n      \"properties\": {\r\n        \"provisioningState\": \"Succeeded\",\r\n        \"resourceState\": \"Active\"\r\n      }\r\n    }\r\n  ]\r\n}",
      "ResponseHeaders": {
        "Content-Type": [
          "application/json; odata.metadata=minimal; odata.streaming=true"
        ],
        "Expires": [
          "-1"
        ],
        "Cache-Control": [
          "no-cache"
        ],
        "Date": [
          "Tue, 13 Feb 2018 23:45:34 GMT"
        ],
        "Pragma": [
          "no-cache"
        ],
        "Transfer-Encoding": [
          "chunked"
        ],
        "Server": [
          "Microsoft-IIS/8.5"
        ],
        "Vary": [
          "Accept-Encoding"
        ],
        "x-ms-request-id": [
          "eff96ce4-b26f-488d-af36-241e28a61a73"
        ],
        "x-ms-client-request-id": [
          "eebe3b76-bc2a-44f2-abd8-901a29d2dd17"
        ],
        "OData-Version": [
          "4.0"
        ],
        "Strict-Transport-Security": [
          "max-age=31536000; includeSubDomains"
        ],
        "X-AspNet-Version": [
          "4.0.30319"
        ],
        "X-Powered-By": [
          "ASP.NET"
        ],
        "x-ms-ratelimit-remaining-subscription-reads": [
          "14988"
        ],
        "x-ms-correlation-request-id": [
          "09214b1e-9357-4d88-be99-bd504c00ec1b"
        ],
        "x-ms-routing-request-id": [
          "WESTUS2:20180213T234534Z:09214b1e-9357-4d88-be99-bd504c00ec1b"
        ]
      },
      "StatusCode": 200
    },
    {
      "RequestUri": "/subscriptions/e2ee545b-783f-4634-a277-e35f55c90660/providers/Microsoft.Cdn/profiles?api-version=2017-10-12",
      "EncodedRequestUri": "L3N1YnNjcmlwdGlvbnMvZTJlZTU0NWItNzgzZi00NjM0LWEyNzctZTM1ZjU1YzkwNjYwL3Byb3ZpZGVycy9NaWNyb3NvZnQuQ2RuL3Byb2ZpbGVzP2FwaS12ZXJzaW9uPTIwMTctMTAtMTI=",
      "RequestMethod": "GET",
      "RequestBody": "",
      "RequestHeaders": {
        "x-ms-client-request-id": [
          "ebddcd22-a722-45f8-adae-86349ca6292f"
        ],
        "accept-language": [
          "en-US"
        ],
        "User-Agent": [
          "FxVersion/4.6.25211.01",
          "Microsoft.Azure.Management.Cdn.CdnManagementClient/4.0.0.0"
        ]
      },
      "ResponseBody": "{\r\n  \"value\": [\r\n    {\r\n      \"name\": \"profile2557\",\r\n      \"id\": \"/subscriptions/e2ee545b-783f-4634-a277-e35f55c90660/resourcegroups/cdnResourceGroup2945/providers/Microsoft.Cdn/profiles/profile2557\",\r\n      \"type\": \"Microsoft.Cdn/profiles\",\r\n      \"tags\": {\r\n        \"key1\": \"value1\",\r\n        \"key2\": \"value2\"\r\n      },\r\n      \"location\": \"WestUs\",\r\n      \"sku\": {\r\n        \"name\": \"Standard_Verizon\"\r\n      },\r\n      \"properties\": {\r\n        \"provisioningState\": \"Succeeded\",\r\n        \"resourceState\": \"Active\"\r\n      }\r\n    }\r\n  ]\r\n}",
      "ResponseHeaders": {
        "Content-Type": [
          "application/json; odata.metadata=minimal; odata.streaming=true"
        ],
        "Expires": [
          "-1"
        ],
        "Cache-Control": [
          "no-cache"
        ],
        "Date": [
          "Tue, 13 Feb 2018 23:45:45 GMT"
        ],
        "Pragma": [
          "no-cache"
        ],
        "Transfer-Encoding": [
          "chunked"
        ],
        "Server": [
          "Microsoft-IIS/8.5"
        ],
        "Vary": [
          "Accept-Encoding"
        ],
        "x-ms-request-id": [
          "48b56ba8-af60-4839-b0cc-f209c0e1218b"
        ],
        "x-ms-client-request-id": [
          "ebddcd22-a722-45f8-adae-86349ca6292f"
        ],
        "OData-Version": [
          "4.0"
        ],
        "Strict-Transport-Security": [
          "max-age=31536000; includeSubDomains"
        ],
        "X-AspNet-Version": [
          "4.0.30319"
        ],
        "X-Powered-By": [
          "ASP.NET"
        ],
        "x-ms-ratelimit-remaining-subscription-reads": [
          "14986"
        ],
        "x-ms-correlation-request-id": [
          "c2366a94-59ec-4c35-955c-4d376898fa57"
        ],
        "x-ms-routing-request-id": [
          "WESTUS2:20180213T234545Z:c2366a94-59ec-4c35-955c-4d376898fa57"
        ]
      },
      "StatusCode": 200
    },
    {
      "RequestUri": "/subscriptions/e2ee545b-783f-4634-a277-e35f55c90660/providers/Microsoft.Cdn/profiles?api-version=2017-10-12",
      "EncodedRequestUri": "L3N1YnNjcmlwdGlvbnMvZTJlZTU0NWItNzgzZi00NjM0LWEyNzctZTM1ZjU1YzkwNjYwL3Byb3ZpZGVycy9NaWNyb3NvZnQuQ2RuL3Byb2ZpbGVzP2FwaS12ZXJzaW9uPTIwMTctMTAtMTI=",
      "RequestMethod": "GET",
      "RequestBody": "",
      "RequestHeaders": {
        "x-ms-client-request-id": [
          "344b3354-342d-444e-87c1-3790917ea5bc"
        ],
        "accept-language": [
          "en-US"
        ],
        "User-Agent": [
          "FxVersion/4.6.25211.01",
          "Microsoft.Azure.Management.Cdn.CdnManagementClient/4.0.0.0"
        ]
      },
      "ResponseBody": "{\r\n  \"value\": []\r\n}",
      "ResponseHeaders": {
        "Content-Type": [
          "application/json; odata.metadata=minimal; odata.streaming=true"
        ],
        "Expires": [
          "-1"
        ],
        "Cache-Control": [
          "no-cache"
        ],
        "Date": [
          "Tue, 13 Feb 2018 23:45:56 GMT"
        ],
        "Pragma": [
          "no-cache"
        ],
        "Transfer-Encoding": [
          "chunked"
        ],
        "Server": [
          "Microsoft-IIS/8.5"
        ],
        "Vary": [
          "Accept-Encoding"
        ],
        "x-ms-request-id": [
          "c7535ae1-458c-443b-8fd6-ef297426ca96"
        ],
        "x-ms-client-request-id": [
          "344b3354-342d-444e-87c1-3790917ea5bc"
        ],
        "OData-Version": [
          "4.0"
        ],
        "Strict-Transport-Security": [
          "max-age=31536000; includeSubDomains"
        ],
        "X-AspNet-Version": [
          "4.0.30319"
        ],
        "X-Powered-By": [
          "ASP.NET"
        ],
        "x-ms-ratelimit-remaining-subscription-reads": [
          "14984"
        ],
        "x-ms-correlation-request-id": [
          "bca9e0ff-4b5d-406e-b600-bff068506c34"
        ],
        "x-ms-routing-request-id": [
          "WESTUS2:20180213T234556Z:bca9e0ff-4b5d-406e-b600-bff068506c34"
        ]
      },
      "StatusCode": 200
    },
    {
      "RequestUri": "/subscriptions/e2ee545b-783f-4634-a277-e35f55c90660/resourcegroups/cdnResourceGroup760?api-version=2015-11-01",
      "EncodedRequestUri": "L3N1YnNjcmlwdGlvbnMvZTJlZTU0NWItNzgzZi00NjM0LWEyNzctZTM1ZjU1YzkwNjYwL3Jlc291cmNlZ3JvdXBzL2NkblJlc291cmNlR3JvdXA3NjA/YXBpLXZlcnNpb249MjAxNS0xMS0wMQ==",
      "RequestMethod": "PUT",
      "RequestBody": "{\r\n  \"location\": \"westus\"\r\n}",
      "RequestHeaders": {
        "Content-Type": [
          "application/json; charset=utf-8"
        ],
        "Content-Length": [
          "28"
        ],
        "x-ms-client-request-id": [
          "f39d112b-df33-4aab-9c2b-ace2f9cf76e8"
        ],
        "accept-language": [
          "en-US"
        ],
        "User-Agent": [
          "FxVersion/4.6.25211.01",
          "Microsoft.Azure.Management.Resources.ResourceManagementClient/1.0.0.0"
        ]
      },
      "ResponseBody": "{\r\n  \"id\": \"/subscriptions/e2ee545b-783f-4634-a277-e35f55c90660/resourceGroups/cdnResourceGroup760\",\r\n  \"name\": \"cdnResourceGroup760\",\r\n  \"location\": \"westus\",\r\n  \"properties\": {\r\n    \"provisioningState\": \"Succeeded\"\r\n  }\r\n}",
      "ResponseHeaders": {
        "Content-Length": [
          "191"
        ],
        "Content-Type": [
          "application/json; charset=utf-8"
        ],
        "Expires": [
          "-1"
        ],
        "Cache-Control": [
          "no-cache"
        ],
        "Date": [
          "Tue, 13 Feb 2018 23:44:26 GMT"
        ],
        "Pragma": [
          "no-cache"
        ],
        "x-ms-ratelimit-remaining-subscription-writes": [
          "1199"
        ],
        "x-ms-request-id": [
          "511535cf-13aa-40aa-8bbb-4ccb8d3e094c"
        ],
        "x-ms-correlation-request-id": [
          "511535cf-13aa-40aa-8bbb-4ccb8d3e094c"
        ],
        "x-ms-routing-request-id": [
          "WESTUS2:20180213T234427Z:511535cf-13aa-40aa-8bbb-4ccb8d3e094c"
        ],
        "Strict-Transport-Security": [
          "max-age=31536000; includeSubDomains"
        ]
      },
      "StatusCode": 201
    },
    {
      "RequestUri": "/subscriptions/e2ee545b-783f-4634-a277-e35f55c90660/resourceGroups/cdnResourceGroup760/providers/Microsoft.Cdn/profiles/profile6211?api-version=2017-10-12",
      "EncodedRequestUri": "L3N1YnNjcmlwdGlvbnMvZTJlZTU0NWItNzgzZi00NjM0LWEyNzctZTM1ZjU1YzkwNjYwL3Jlc291cmNlR3JvdXBzL2NkblJlc291cmNlR3JvdXA3NjAvcHJvdmlkZXJzL01pY3Jvc29mdC5DZG4vcHJvZmlsZXMvcHJvZmlsZTYyMTE/YXBpLXZlcnNpb249MjAxNy0xMC0xMg==",
      "RequestMethod": "PUT",
      "RequestBody": "{\r\n  \"sku\": {\r\n    \"name\": \"Standard_Verizon\"\r\n  },\r\n  \"location\": \"WestUs\",\r\n  \"tags\": {\r\n    \"key1\": \"value1\",\r\n    \"key2\": \"value2\"\r\n  }\r\n}",
      "RequestHeaders": {
        "Content-Type": [
          "application/json; charset=utf-8"
        ],
        "Content-Length": [
          "142"
        ],
        "x-ms-client-request-id": [
          "15971b60-c969-47cb-84f4-690d672db8ec"
        ],
        "accept-language": [
          "en-US"
        ],
        "User-Agent": [
          "FxVersion/4.6.25211.01",
          "Microsoft.Azure.Management.Cdn.CdnManagementClient/4.0.0.0"
        ]
      },
      "ResponseBody": "{\r\n  \"name\": \"profile6211\",\r\n  \"id\": \"/subscriptions/e2ee545b-783f-4634-a277-e35f55c90660/resourcegroups/cdnResourceGroup760/providers/Microsoft.Cdn/profiles/profile6211\",\r\n  \"type\": \"Microsoft.Cdn/profiles\",\r\n  \"tags\": {\r\n    \"key1\": \"value1\",\r\n    \"key2\": \"value2\"\r\n  },\r\n  \"location\": \"WestUs\",\r\n  \"sku\": {\r\n    \"name\": \"Standard_Verizon\"\r\n  },\r\n  \"properties\": {\r\n    \"provisioningState\": \"Creating\",\r\n    \"resourceState\": \"Creating\"\r\n  }\r\n}",
      "ResponseHeaders": {
        "Content-Length": [
          "397"
        ],
        "Content-Type": [
          "application/json; odata.metadata=minimal"
        ],
        "Expires": [
          "-1"
        ],
        "Cache-Control": [
          "no-cache"
        ],
        "Date": [
          "Tue, 13 Feb 2018 23:44:28 GMT"
        ],
        "Pragma": [
          "no-cache"
        ],
        "Retry-After": [
          "10"
        ],
        "Server": [
          "Microsoft-IIS/8.5"
        ],
        "x-ms-request-id": [
          "2ffc49d7-0085-4332-81d3-7dca11a4434e"
        ],
        "x-ms-client-request-id": [
          "15971b60-c969-47cb-84f4-690d672db8ec"
        ],
        "Azure-AsyncOperation": [
          "https://management.azure.com/subscriptions/e2ee545b-783f-4634-a277-e35f55c90660/resourcegroups/cdnResourceGroup760/providers/Microsoft.Cdn/operationresults/85965571-43cf-43d2-bf02-173541b1dd3b?api-version=2017-10-12"
        ],
        "OData-Version": [
          "4.0"
        ],
        "Strict-Transport-Security": [
          "max-age=31536000; includeSubDomains"
        ],
        "X-AspNet-Version": [
          "4.0.30319"
        ],
        "X-Powered-By": [
          "ASP.NET"
        ],
        "x-ms-ratelimit-remaining-subscription-writes": [
          "1199"
        ],
        "x-ms-correlation-request-id": [
          "c1792949-baf7-47bc-8132-00fa1b92f9c4"
        ],
        "x-ms-routing-request-id": [
          "WESTUS2:20180213T234428Z:c1792949-baf7-47bc-8132-00fa1b92f9c4"
        ]
      },
      "StatusCode": 201
    },
    {
      "RequestUri": "/subscriptions/e2ee545b-783f-4634-a277-e35f55c90660/resourcegroups/cdnResourceGroup760/providers/Microsoft.Cdn/operationresults/85965571-43cf-43d2-bf02-173541b1dd3b?api-version=2017-10-12",
      "EncodedRequestUri": "L3N1YnNjcmlwdGlvbnMvZTJlZTU0NWItNzgzZi00NjM0LWEyNzctZTM1ZjU1YzkwNjYwL3Jlc291cmNlZ3JvdXBzL2NkblJlc291cmNlR3JvdXA3NjAvcHJvdmlkZXJzL01pY3Jvc29mdC5DZG4vb3BlcmF0aW9ucmVzdWx0cy84NTk2NTU3MS00M2NmLTQzZDItYmYwMi0xNzM1NDFiMWRkM2I/YXBpLXZlcnNpb249MjAxNy0xMC0xMg==",
      "RequestMethod": "GET",
      "RequestBody": "",
      "RequestHeaders": {
        "User-Agent": [
          "FxVersion/4.6.25211.01",
          "Microsoft.Azure.Management.Cdn.CdnManagementClient/4.0.0.0"
        ]
      },
      "ResponseBody": "{\r\n  \"status\": \"InProgress\",\r\n  \"error\": {\r\n    \"code\": \"None\",\r\n    \"message\": null\r\n  }\r\n}",
      "ResponseHeaders": {
        "Content-Type": [
          "application/json; odata.metadata=minimal; odata.streaming=true"
        ],
        "Expires": [
          "-1"
        ],
        "Cache-Control": [
          "no-cache"
        ],
        "Date": [
          "Tue, 13 Feb 2018 23:44:38 GMT"
        ],
        "Pragma": [
          "no-cache"
        ],
        "Transfer-Encoding": [
          "chunked"
        ],
        "Server": [
          "Microsoft-IIS/8.5"
        ],
        "Vary": [
          "Accept-Encoding"
        ],
        "x-ms-request-id": [
          "0478f778-e921-476b-b8f6-5c6d16ec2870"
        ],
        "x-ms-client-request-id": [
          "757645a9-086a-4ae1-a86c-a0ca272aacfb"
        ],
        "OData-Version": [
          "4.0"
        ],
        "Strict-Transport-Security": [
          "max-age=31536000; includeSubDomains"
        ],
        "X-AspNet-Version": [
          "4.0.30319"
        ],
        "X-Powered-By": [
          "ASP.NET"
        ],
        "x-ms-ratelimit-remaining-subscription-reads": [
          "14998"
        ],
        "x-ms-correlation-request-id": [
          "adb01d4d-a3d5-4a0c-94bb-4c6808094b5e"
        ],
        "x-ms-routing-request-id": [
          "WESTUS2:20180213T234438Z:adb01d4d-a3d5-4a0c-94bb-4c6808094b5e"
        ]
      },
      "StatusCode": 200
    },
    {
      "RequestUri": "/subscriptions/e2ee545b-783f-4634-a277-e35f55c90660/resourcegroups/cdnResourceGroup760/providers/Microsoft.Cdn/operationresults/85965571-43cf-43d2-bf02-173541b1dd3b?api-version=2017-10-12",
      "EncodedRequestUri": "L3N1YnNjcmlwdGlvbnMvZTJlZTU0NWItNzgzZi00NjM0LWEyNzctZTM1ZjU1YzkwNjYwL3Jlc291cmNlZ3JvdXBzL2NkblJlc291cmNlR3JvdXA3NjAvcHJvdmlkZXJzL01pY3Jvc29mdC5DZG4vb3BlcmF0aW9ucmVzdWx0cy84NTk2NTU3MS00M2NmLTQzZDItYmYwMi0xNzM1NDFiMWRkM2I/YXBpLXZlcnNpb249MjAxNy0xMC0xMg==",
      "RequestMethod": "GET",
      "RequestBody": "",
      "RequestHeaders": {
        "User-Agent": [
          "FxVersion/4.6.25211.01",
          "Microsoft.Azure.Management.Cdn.CdnManagementClient/4.0.0.0"
        ]
      },
      "ResponseBody": "{\r\n  \"status\": \"InProgress\",\r\n  \"error\": {\r\n    \"code\": \"None\",\r\n    \"message\": null\r\n  }\r\n}",
      "ResponseHeaders": {
        "Content-Type": [
          "application/json; odata.metadata=minimal; odata.streaming=true"
        ],
        "Expires": [
          "-1"
        ],
        "Cache-Control": [
          "no-cache"
        ],
        "Date": [
          "Tue, 13 Feb 2018 23:44:48 GMT"
        ],
        "Pragma": [
          "no-cache"
        ],
        "Transfer-Encoding": [
          "chunked"
        ],
        "Server": [
          "Microsoft-IIS/8.5"
        ],
        "Vary": [
          "Accept-Encoding"
        ],
        "x-ms-request-id": [
          "2e20392f-30ad-446b-8b4f-ce6eb5a8b4e4"
        ],
        "x-ms-client-request-id": [
          "981fdc9e-1714-45e0-aa65-c503a39f9fa7"
        ],
        "OData-Version": [
          "4.0"
        ],
        "Strict-Transport-Security": [
          "max-age=31536000; includeSubDomains"
        ],
        "X-AspNet-Version": [
          "4.0.30319"
        ],
        "X-Powered-By": [
          "ASP.NET"
        ],
        "x-ms-ratelimit-remaining-subscription-reads": [
          "14997"
        ],
        "x-ms-correlation-request-id": [
          "6bd76194-3a69-4dc1-93fe-ab8fc69fba3f"
        ],
        "x-ms-routing-request-id": [
          "WESTUS2:20180213T234449Z:6bd76194-3a69-4dc1-93fe-ab8fc69fba3f"
        ]
      },
      "StatusCode": 200
    },
    {
      "RequestUri": "/subscriptions/e2ee545b-783f-4634-a277-e35f55c90660/resourcegroups/cdnResourceGroup760/providers/Microsoft.Cdn/operationresults/85965571-43cf-43d2-bf02-173541b1dd3b?api-version=2017-10-12",
      "EncodedRequestUri": "L3N1YnNjcmlwdGlvbnMvZTJlZTU0NWItNzgzZi00NjM0LWEyNzctZTM1ZjU1YzkwNjYwL3Jlc291cmNlZ3JvdXBzL2NkblJlc291cmNlR3JvdXA3NjAvcHJvdmlkZXJzL01pY3Jvc29mdC5DZG4vb3BlcmF0aW9ucmVzdWx0cy84NTk2NTU3MS00M2NmLTQzZDItYmYwMi0xNzM1NDFiMWRkM2I/YXBpLXZlcnNpb249MjAxNy0xMC0xMg==",
      "RequestMethod": "GET",
      "RequestBody": "",
      "RequestHeaders": {
        "User-Agent": [
          "FxVersion/4.6.25211.01",
          "Microsoft.Azure.Management.Cdn.CdnManagementClient/4.0.0.0"
        ]
      },
      "ResponseBody": "{\r\n  \"status\": \"Succeeded\",\r\n  \"error\": {\r\n    \"code\": \"None\",\r\n    \"message\": null\r\n  }\r\n}",
      "ResponseHeaders": {
        "Content-Type": [
          "application/json; odata.metadata=minimal; odata.streaming=true"
        ],
        "Expires": [
          "-1"
        ],
        "Cache-Control": [
          "no-cache"
        ],
        "Date": [
          "Tue, 13 Feb 2018 23:45:00 GMT"
        ],
        "Pragma": [
          "no-cache"
        ],
        "Transfer-Encoding": [
          "chunked"
        ],
        "Server": [
          "Microsoft-IIS/8.5"
        ],
        "Vary": [
          "Accept-Encoding"
        ],
        "x-ms-request-id": [
          "1d97aea3-8404-4d22-95aa-d59acd23ab2c"
        ],
        "x-ms-client-request-id": [
          "fc3757fc-48cd-417d-94b6-3d895f7abd59"
        ],
        "OData-Version": [
          "4.0"
        ],
        "Strict-Transport-Security": [
          "max-age=31536000; includeSubDomains"
        ],
        "X-AspNet-Version": [
          "4.0.30319"
        ],
        "X-Powered-By": [
          "ASP.NET"
        ],
        "x-ms-ratelimit-remaining-subscription-reads": [
          "14996"
        ],
        "x-ms-correlation-request-id": [
          "37d1df02-a0ff-4026-8a71-bbe7b9b3cf4e"
        ],
        "x-ms-routing-request-id": [
          "WESTUS2:20180213T234501Z:37d1df02-a0ff-4026-8a71-bbe7b9b3cf4e"
        ]
      },
      "StatusCode": 200
    },
    {
      "RequestUri": "/subscriptions/e2ee545b-783f-4634-a277-e35f55c90660/resourceGroups/cdnResourceGroup760/providers/Microsoft.Cdn/profiles/profile6211?api-version=2017-10-12",
      "EncodedRequestUri": "L3N1YnNjcmlwdGlvbnMvZTJlZTU0NWItNzgzZi00NjM0LWEyNzctZTM1ZjU1YzkwNjYwL3Jlc291cmNlR3JvdXBzL2NkblJlc291cmNlR3JvdXA3NjAvcHJvdmlkZXJzL01pY3Jvc29mdC5DZG4vcHJvZmlsZXMvcHJvZmlsZTYyMTE/YXBpLXZlcnNpb249MjAxNy0xMC0xMg==",
      "RequestMethod": "GET",
      "RequestBody": "",
      "RequestHeaders": {
        "User-Agent": [
          "FxVersion/4.6.25211.01",
          "Microsoft.Azure.Management.Cdn.CdnManagementClient/4.0.0.0"
        ]
      },
      "ResponseBody": "{\r\n  \"name\": \"profile6211\",\r\n  \"id\": \"/subscriptions/e2ee545b-783f-4634-a277-e35f55c90660/resourcegroups/cdnResourceGroup760/providers/Microsoft.Cdn/profiles/profile6211\",\r\n  \"type\": \"Microsoft.Cdn/profiles\",\r\n  \"tags\": {\r\n    \"key1\": \"value1\",\r\n    \"key2\": \"value2\"\r\n  },\r\n  \"location\": \"WestUs\",\r\n  \"sku\": {\r\n    \"name\": \"Standard_Verizon\"\r\n  },\r\n  \"properties\": {\r\n    \"provisioningState\": \"Succeeded\",\r\n    \"resourceState\": \"Active\"\r\n  }\r\n}",
      "ResponseHeaders": {
        "Content-Type": [
          "application/json; odata.metadata=minimal; odata.streaming=true"
        ],
        "Expires": [
          "-1"
        ],
        "Cache-Control": [
          "no-cache"
        ],
        "Date": [
          "Tue, 13 Feb 2018 23:45:00 GMT"
        ],
        "Pragma": [
          "no-cache"
        ],
        "Transfer-Encoding": [
          "chunked"
        ],
        "Server": [
          "Microsoft-IIS/8.5"
        ],
        "Vary": [
          "Accept-Encoding"
        ],
        "x-ms-request-id": [
          "a5757951-f1d9-4efe-9364-48254aca1178"
        ],
        "x-ms-client-request-id": [
          "9f3ecc13-2116-47ef-8816-c66a2a81f945"
        ],
        "OData-Version": [
          "4.0"
        ],
        "Strict-Transport-Security": [
          "max-age=31536000; includeSubDomains"
        ],
        "X-AspNet-Version": [
          "4.0.30319"
        ],
        "X-Powered-By": [
          "ASP.NET"
        ],
        "x-ms-ratelimit-remaining-subscription-reads": [
          "14995"
        ],
        "x-ms-correlation-request-id": [
          "abe4e09d-052b-4049-a264-b8efae53e2f2"
        ],
        "x-ms-routing-request-id": [
          "WESTUS2:20180213T234501Z:abe4e09d-052b-4049-a264-b8efae53e2f2"
        ]
      },
      "StatusCode": 200
    },
    {
      "RequestUri": "/subscriptions/e2ee545b-783f-4634-a277-e35f55c90660/resourceGroups/cdnResourceGroup760/providers/Microsoft.Cdn/profiles/profile6211?api-version=2017-10-12",
      "EncodedRequestUri": "L3N1YnNjcmlwdGlvbnMvZTJlZTU0NWItNzgzZi00NjM0LWEyNzctZTM1ZjU1YzkwNjYwL3Jlc291cmNlR3JvdXBzL2NkblJlc291cmNlR3JvdXA3NjAvcHJvdmlkZXJzL01pY3Jvc29mdC5DZG4vcHJvZmlsZXMvcHJvZmlsZTYyMTE/YXBpLXZlcnNpb249MjAxNy0xMC0xMg==",
      "RequestMethod": "GET",
      "RequestBody": "",
      "RequestHeaders": {
        "x-ms-client-request-id": [
          "d715addf-ff06-4160-b41f-4c4efe7b35aa"
        ],
        "accept-language": [
          "en-US"
        ],
        "User-Agent": [
          "FxVersion/4.6.25211.01",
          "Microsoft.Azure.Management.Cdn.CdnManagementClient/4.0.0.0"
        ]
      },
      "ResponseBody": "{\r\n  \"name\": \"profile6211\",\r\n  \"id\": \"/subscriptions/e2ee545b-783f-4634-a277-e35f55c90660/resourcegroups/cdnResourceGroup760/providers/Microsoft.Cdn/profiles/profile6211\",\r\n  \"type\": \"Microsoft.Cdn/profiles\",\r\n  \"tags\": {\r\n    \"key1\": \"value1\",\r\n    \"key2\": \"value2\"\r\n  },\r\n  \"location\": \"WestUs\",\r\n  \"sku\": {\r\n    \"name\": \"Standard_Verizon\"\r\n  },\r\n  \"properties\": {\r\n    \"provisioningState\": \"Succeeded\",\r\n    \"resourceState\": \"Active\"\r\n  }\r\n}",
      "ResponseHeaders": {
        "Content-Type": [
          "application/json; odata.metadata=minimal; odata.streaming=true"
        ],
        "Expires": [
          "-1"
        ],
        "Cache-Control": [
          "no-cache"
        ],
        "Date": [
          "Tue, 13 Feb 2018 23:45:00 GMT"
        ],
        "Pragma": [
          "no-cache"
        ],
        "Transfer-Encoding": [
          "chunked"
        ],
        "Server": [
          "Microsoft-IIS/8.5"
        ],
        "Vary": [
          "Accept-Encoding"
        ],
        "x-ms-request-id": [
          "28de96f0-35c4-4d90-a0c3-d7198cdedb46"
        ],
        "x-ms-client-request-id": [
          "d715addf-ff06-4160-b41f-4c4efe7b35aa"
        ],
        "OData-Version": [
          "4.0"
        ],
        "Strict-Transport-Security": [
          "max-age=31536000; includeSubDomains"
        ],
        "X-AspNet-Version": [
          "4.0.30319"
        ],
        "X-Powered-By": [
          "ASP.NET"
        ],
        "x-ms-ratelimit-remaining-subscription-reads": [
          "14994"
        ],
        "x-ms-correlation-request-id": [
          "47ddd9e9-8c1a-4473-8fe5-bd37cf0e53f8"
        ],
        "x-ms-routing-request-id": [
          "WESTUS2:20180213T234501Z:47ddd9e9-8c1a-4473-8fe5-bd37cf0e53f8"
        ]
      },
      "StatusCode": 200
    },
    {
      "RequestUri": "/subscriptions/e2ee545b-783f-4634-a277-e35f55c90660/resourcegroups/cdnResourceGroup2945?api-version=2015-11-01",
      "EncodedRequestUri": "L3N1YnNjcmlwdGlvbnMvZTJlZTU0NWItNzgzZi00NjM0LWEyNzctZTM1ZjU1YzkwNjYwL3Jlc291cmNlZ3JvdXBzL2NkblJlc291cmNlR3JvdXAyOTQ1P2FwaS12ZXJzaW9uPTIwMTUtMTEtMDE=",
      "RequestMethod": "PUT",
      "RequestBody": "{\r\n  \"location\": \"westus\"\r\n}",
      "RequestHeaders": {
        "Content-Type": [
          "application/json; charset=utf-8"
        ],
        "Content-Length": [
          "28"
        ],
        "x-ms-client-request-id": [
          "293ad518-79a7-4ca3-820a-a8c9099ee922"
        ],
        "accept-language": [
          "en-US"
        ],
        "User-Agent": [
          "FxVersion/4.6.25211.01",
          "Microsoft.Azure.Management.Resources.ResourceManagementClient/1.0.0.0"
        ]
      },
      "ResponseBody": "{\r\n  \"id\": \"/subscriptions/e2ee545b-783f-4634-a277-e35f55c90660/resourceGroups/cdnResourceGroup2945\",\r\n  \"name\": \"cdnResourceGroup2945\",\r\n  \"location\": \"westus\",\r\n  \"properties\": {\r\n    \"provisioningState\": \"Succeeded\"\r\n  }\r\n}",
      "ResponseHeaders": {
        "Content-Length": [
          "193"
        ],
        "Content-Type": [
          "application/json; charset=utf-8"
        ],
        "Expires": [
          "-1"
        ],
        "Cache-Control": [
          "no-cache"
        ],
        "Date": [
          "Tue, 13 Feb 2018 23:45:01 GMT"
        ],
        "Pragma": [
          "no-cache"
        ],
        "x-ms-ratelimit-remaining-subscription-writes": [
          "1198"
        ],
        "x-ms-request-id": [
          "b3ea2f3b-909d-48c6-b156-5d79084259ee"
        ],
        "x-ms-correlation-request-id": [
          "b3ea2f3b-909d-48c6-b156-5d79084259ee"
        ],
        "x-ms-routing-request-id": [
          "WESTUS2:20180213T234502Z:b3ea2f3b-909d-48c6-b156-5d79084259ee"
        ],
        "Strict-Transport-Security": [
          "max-age=31536000; includeSubDomains"
        ]
      },
      "StatusCode": 201
    },
    {
      "RequestUri": "/subscriptions/e2ee545b-783f-4634-a277-e35f55c90660/resourceGroups/cdnResourceGroup2945/providers/Microsoft.Cdn/profiles/profile2557?api-version=2017-10-12",
      "EncodedRequestUri": "L3N1YnNjcmlwdGlvbnMvZTJlZTU0NWItNzgzZi00NjM0LWEyNzctZTM1ZjU1YzkwNjYwL3Jlc291cmNlR3JvdXBzL2NkblJlc291cmNlR3JvdXAyOTQ1L3Byb3ZpZGVycy9NaWNyb3NvZnQuQ2RuL3Byb2ZpbGVzL3Byb2ZpbGUyNTU3P2FwaS12ZXJzaW9uPTIwMTctMTAtMTI=",
      "RequestMethod": "PUT",
      "RequestBody": "{\r\n  \"sku\": {\r\n    \"name\": \"Standard_Verizon\"\r\n  },\r\n  \"location\": \"WestUs\",\r\n  \"tags\": {\r\n    \"key1\": \"value1\",\r\n    \"key2\": \"value2\"\r\n  }\r\n}",
      "RequestHeaders": {
        "Content-Type": [
          "application/json; charset=utf-8"
        ],
        "Content-Length": [
          "142"
        ],
        "x-ms-client-request-id": [
          "ab39ec56-47af-487e-93ce-92f8b3edb3ee"
        ],
        "accept-language": [
          "en-US"
        ],
        "User-Agent": [
          "FxVersion/4.6.25211.01",
          "Microsoft.Azure.Management.Cdn.CdnManagementClient/4.0.0.0"
        ]
      },
      "ResponseBody": "{\r\n  \"name\": \"profile2557\",\r\n  \"id\": \"/subscriptions/e2ee545b-783f-4634-a277-e35f55c90660/resourcegroups/cdnResourceGroup2945/providers/Microsoft.Cdn/profiles/profile2557\",\r\n  \"type\": \"Microsoft.Cdn/profiles\",\r\n  \"tags\": {\r\n    \"key1\": \"value1\",\r\n    \"key2\": \"value2\"\r\n  },\r\n  \"location\": \"WestUs\",\r\n  \"sku\": {\r\n    \"name\": \"Standard_Verizon\"\r\n  },\r\n  \"properties\": {\r\n    \"provisioningState\": \"Creating\",\r\n    \"resourceState\": \"Creating\"\r\n  }\r\n}",
      "ResponseHeaders": {
        "Content-Length": [
          "398"
        ],
        "Content-Type": [
          "application/json; odata.metadata=minimal"
        ],
        "Expires": [
          "-1"
        ],
        "Cache-Control": [
          "no-cache"
        ],
        "Date": [
          "Tue, 13 Feb 2018 23:45:02 GMT"
        ],
        "Pragma": [
          "no-cache"
        ],
        "Retry-After": [
          "10"
        ],
        "Server": [
          "Microsoft-IIS/8.5"
        ],
        "x-ms-request-id": [
          "edcd1562-743d-4c24-8474-6f40d866e649"
        ],
        "x-ms-client-request-id": [
          "ab39ec56-47af-487e-93ce-92f8b3edb3ee"
        ],
        "Azure-AsyncOperation": [
          "https://management.azure.com/subscriptions/e2ee545b-783f-4634-a277-e35f55c90660/resourcegroups/cdnResourceGroup2945/providers/Microsoft.Cdn/operationresults/b053b659-ffc4-49ef-997f-c5e9ecb5c287?api-version=2017-10-12"
        ],
        "OData-Version": [
          "4.0"
        ],
        "Strict-Transport-Security": [
          "max-age=31536000; includeSubDomains"
        ],
        "X-AspNet-Version": [
          "4.0.30319"
        ],
        "X-Powered-By": [
          "ASP.NET"
        ],
        "x-ms-ratelimit-remaining-subscription-writes": [
          "1198"
        ],
        "x-ms-correlation-request-id": [
          "b98589e5-bcc9-40a7-8d22-8fc852b91dd3"
        ],
        "x-ms-routing-request-id": [
          "WESTUS2:20180213T234503Z:b98589e5-bcc9-40a7-8d22-8fc852b91dd3"
        ]
      },
      "StatusCode": 201
    },
    {
      "RequestUri": "/subscriptions/e2ee545b-783f-4634-a277-e35f55c90660/resourcegroups/cdnResourceGroup2945/providers/Microsoft.Cdn/operationresults/b053b659-ffc4-49ef-997f-c5e9ecb5c287?api-version=2017-10-12",
      "EncodedRequestUri": "L3N1YnNjcmlwdGlvbnMvZTJlZTU0NWItNzgzZi00NjM0LWEyNzctZTM1ZjU1YzkwNjYwL3Jlc291cmNlZ3JvdXBzL2NkblJlc291cmNlR3JvdXAyOTQ1L3Byb3ZpZGVycy9NaWNyb3NvZnQuQ2RuL29wZXJhdGlvbnJlc3VsdHMvYjA1M2I2NTktZmZjNC00OWVmLTk5N2YtYzVlOWVjYjVjMjg3P2FwaS12ZXJzaW9uPTIwMTctMTAtMTI=",
      "RequestMethod": "GET",
      "RequestBody": "",
      "RequestHeaders": {
        "User-Agent": [
          "FxVersion/4.6.25211.01",
          "Microsoft.Azure.Management.Cdn.CdnManagementClient/4.0.0.0"
        ]
      },
      "ResponseBody": "{\r\n  \"status\": \"InProgress\",\r\n  \"error\": {\r\n    \"code\": \"None\",\r\n    \"message\": null\r\n  }\r\n}",
      "ResponseHeaders": {
        "Content-Type": [
          "application/json; odata.metadata=minimal; odata.streaming=true"
        ],
        "Expires": [
          "-1"
        ],
        "Cache-Control": [
          "no-cache"
        ],
        "Date": [
          "Tue, 13 Feb 2018 23:45:13 GMT"
        ],
        "Pragma": [
          "no-cache"
        ],
        "Transfer-Encoding": [
          "chunked"
        ],
        "Server": [
          "Microsoft-IIS/8.5"
        ],
        "Vary": [
          "Accept-Encoding"
        ],
        "x-ms-request-id": [
          "3cab8348-8409-4ec3-acf7-3d10a3b2372b"
        ],
        "x-ms-client-request-id": [
          "490b87a5-24ed-4e08-9d06-cfd78eae2676"
        ],
        "OData-Version": [
          "4.0"
        ],
        "Strict-Transport-Security": [
          "max-age=31536000; includeSubDomains"
        ],
        "X-AspNet-Version": [
          "4.0.30319"
        ],
        "X-Powered-By": [
          "ASP.NET"
        ],
        "x-ms-ratelimit-remaining-subscription-reads": [
          "14992"
        ],
        "x-ms-correlation-request-id": [
          "32ef76e0-1fc0-430b-8b09-fcf7161ad841"
        ],
        "x-ms-routing-request-id": [
          "WESTUS2:20180213T234513Z:32ef76e0-1fc0-430b-8b09-fcf7161ad841"
        ]
      },
      "StatusCode": 200
    },
    {
      "RequestUri": "/subscriptions/e2ee545b-783f-4634-a277-e35f55c90660/resourcegroups/cdnResourceGroup2945/providers/Microsoft.Cdn/operationresults/b053b659-ffc4-49ef-997f-c5e9ecb5c287?api-version=2017-10-12",
      "EncodedRequestUri": "L3N1YnNjcmlwdGlvbnMvZTJlZTU0NWItNzgzZi00NjM0LWEyNzctZTM1ZjU1YzkwNjYwL3Jlc291cmNlZ3JvdXBzL2NkblJlc291cmNlR3JvdXAyOTQ1L3Byb3ZpZGVycy9NaWNyb3NvZnQuQ2RuL29wZXJhdGlvbnJlc3VsdHMvYjA1M2I2NTktZmZjNC00OWVmLTk5N2YtYzVlOWVjYjVjMjg3P2FwaS12ZXJzaW9uPTIwMTctMTAtMTI=",
      "RequestMethod": "GET",
      "RequestBody": "",
      "RequestHeaders": {
        "User-Agent": [
          "FxVersion/4.6.25211.01",
          "Microsoft.Azure.Management.Cdn.CdnManagementClient/4.0.0.0"
        ]
      },
      "ResponseBody": "{\r\n  \"status\": \"InProgress\",\r\n  \"error\": {\r\n    \"code\": \"None\",\r\n    \"message\": null\r\n  }\r\n}",
      "ResponseHeaders": {
        "Content-Type": [
          "application/json; odata.metadata=minimal; odata.streaming=true"
        ],
        "Expires": [
          "-1"
        ],
        "Cache-Control": [
          "no-cache"
        ],
        "Date": [
          "Tue, 13 Feb 2018 23:45:23 GMT"
        ],
        "Pragma": [
          "no-cache"
        ],
        "Transfer-Encoding": [
          "chunked"
        ],
        "Server": [
          "Microsoft-IIS/8.5"
        ],
        "Vary": [
          "Accept-Encoding"
        ],
        "x-ms-request-id": [
          "abf85cbf-735b-4f76-b313-43cf375cb679"
        ],
        "x-ms-client-request-id": [
          "434df463-d7eb-436d-8b05-d14ce1e64075"
        ],
        "OData-Version": [
          "4.0"
        ],
        "Strict-Transport-Security": [
          "max-age=31536000; includeSubDomains"
        ],
        "X-AspNet-Version": [
          "4.0.30319"
        ],
        "X-Powered-By": [
          "ASP.NET"
        ],
        "x-ms-ratelimit-remaining-subscription-reads": [
          "14991"
        ],
        "x-ms-correlation-request-id": [
          "63bb4411-9cad-46e2-a1b7-cd0111458fb7"
        ],
        "x-ms-routing-request-id": [
          "WESTUS2:20180213T234523Z:63bb4411-9cad-46e2-a1b7-cd0111458fb7"
        ]
      },
      "StatusCode": 200
    },
    {
      "RequestUri": "/subscriptions/e2ee545b-783f-4634-a277-e35f55c90660/resourcegroups/cdnResourceGroup2945/providers/Microsoft.Cdn/operationresults/b053b659-ffc4-49ef-997f-c5e9ecb5c287?api-version=2017-10-12",
      "EncodedRequestUri": "L3N1YnNjcmlwdGlvbnMvZTJlZTU0NWItNzgzZi00NjM0LWEyNzctZTM1ZjU1YzkwNjYwL3Jlc291cmNlZ3JvdXBzL2NkblJlc291cmNlR3JvdXAyOTQ1L3Byb3ZpZGVycy9NaWNyb3NvZnQuQ2RuL29wZXJhdGlvbnJlc3VsdHMvYjA1M2I2NTktZmZjNC00OWVmLTk5N2YtYzVlOWVjYjVjMjg3P2FwaS12ZXJzaW9uPTIwMTctMTAtMTI=",
      "RequestMethod": "GET",
      "RequestBody": "",
      "RequestHeaders": {
        "User-Agent": [
          "FxVersion/4.6.25211.01",
          "Microsoft.Azure.Management.Cdn.CdnManagementClient/4.0.0.0"
        ]
      },
      "ResponseBody": "{\r\n  \"status\": \"Succeeded\",\r\n  \"error\": {\r\n    \"code\": \"None\",\r\n    \"message\": null\r\n  }\r\n}",
      "ResponseHeaders": {
        "Content-Type": [
          "application/json; odata.metadata=minimal; odata.streaming=true"
        ],
        "Expires": [
          "-1"
        ],
        "Cache-Control": [
          "no-cache"
        ],
        "Date": [
          "Tue, 13 Feb 2018 23:45:33 GMT"
        ],
        "Pragma": [
          "no-cache"
        ],
        "Transfer-Encoding": [
          "chunked"
        ],
        "Server": [
          "Microsoft-IIS/8.5"
        ],
        "Vary": [
          "Accept-Encoding"
        ],
        "x-ms-request-id": [
          "016abed8-464c-427a-8585-08d35d8ef47c"
        ],
        "x-ms-client-request-id": [
          "76f28322-c91e-4a0f-9f1f-393d49216ae4"
        ],
        "OData-Version": [
          "4.0"
        ],
        "Strict-Transport-Security": [
          "max-age=31536000; includeSubDomains"
        ],
        "X-AspNet-Version": [
          "4.0.30319"
        ],
        "X-Powered-By": [
          "ASP.NET"
        ],
        "x-ms-ratelimit-remaining-subscription-reads": [
          "14990"
        ],
        "x-ms-correlation-request-id": [
          "5ad6cfd5-b04c-42c7-8a20-0f1f277e47eb"
        ],
        "x-ms-routing-request-id": [
          "WESTUS2:20180213T234533Z:5ad6cfd5-b04c-42c7-8a20-0f1f277e47eb"
        ]
      },
      "StatusCode": 200
    },
    {
      "RequestUri": "/subscriptions/e2ee545b-783f-4634-a277-e35f55c90660/resourceGroups/cdnResourceGroup2945/providers/Microsoft.Cdn/profiles/profile2557?api-version=2017-10-12",
      "EncodedRequestUri": "L3N1YnNjcmlwdGlvbnMvZTJlZTU0NWItNzgzZi00NjM0LWEyNzctZTM1ZjU1YzkwNjYwL3Jlc291cmNlR3JvdXBzL2NkblJlc291cmNlR3JvdXAyOTQ1L3Byb3ZpZGVycy9NaWNyb3NvZnQuQ2RuL3Byb2ZpbGVzL3Byb2ZpbGUyNTU3P2FwaS12ZXJzaW9uPTIwMTctMTAtMTI=",
      "RequestMethod": "GET",
      "RequestBody": "",
      "RequestHeaders": {
        "User-Agent": [
          "FxVersion/4.6.25211.01",
          "Microsoft.Azure.Management.Cdn.CdnManagementClient/4.0.0.0"
        ]
      },
      "ResponseBody": "{\r\n  \"name\": \"profile2557\",\r\n  \"id\": \"/subscriptions/e2ee545b-783f-4634-a277-e35f55c90660/resourcegroups/cdnResourceGroup2945/providers/Microsoft.Cdn/profiles/profile2557\",\r\n  \"type\": \"Microsoft.Cdn/profiles\",\r\n  \"tags\": {\r\n    \"key1\": \"value1\",\r\n    \"key2\": \"value2\"\r\n  },\r\n  \"location\": \"WestUs\",\r\n  \"sku\": {\r\n    \"name\": \"Standard_Verizon\"\r\n  },\r\n  \"properties\": {\r\n    \"provisioningState\": \"Succeeded\",\r\n    \"resourceState\": \"Active\"\r\n  }\r\n}",
      "ResponseHeaders": {
        "Content-Type": [
          "application/json; odata.metadata=minimal; odata.streaming=true"
        ],
        "Expires": [
          "-1"
        ],
        "Cache-Control": [
          "no-cache"
        ],
        "Date": [
          "Tue, 13 Feb 2018 23:45:33 GMT"
        ],
        "Pragma": [
          "no-cache"
        ],
        "Transfer-Encoding": [
          "chunked"
        ],
        "Server": [
          "Microsoft-IIS/8.5"
        ],
        "Vary": [
          "Accept-Encoding"
        ],
        "x-ms-request-id": [
          "8c76f167-6bb9-4bdb-b947-b69518d7e965"
        ],
        "x-ms-client-request-id": [
          "bf5c1bd4-83af-4951-92e4-6229c12051e4"
        ],
        "OData-Version": [
          "4.0"
        ],
        "Strict-Transport-Security": [
          "max-age=31536000; includeSubDomains"
        ],
        "X-AspNet-Version": [
          "4.0.30319"
        ],
        "X-Powered-By": [
          "ASP.NET"
        ],
        "x-ms-ratelimit-remaining-subscription-reads": [
          "14989"
        ],
        "x-ms-correlation-request-id": [
          "bb9971f4-ee98-4817-a5e9-0a1582132f9c"
        ],
        "x-ms-routing-request-id": [
          "WESTUS2:20180213T234534Z:bb9971f4-ee98-4817-a5e9-0a1582132f9c"
        ]
      },
      "StatusCode": 200
    },
    {
      "RequestUri": "/subscriptions/e2ee545b-783f-4634-a277-e35f55c90660/resourceGroups/cdnResourceGroup760/providers/Microsoft.Cdn/profiles/profile6211?api-version=2017-10-12",
      "EncodedRequestUri": "L3N1YnNjcmlwdGlvbnMvZTJlZTU0NWItNzgzZi00NjM0LWEyNzctZTM1ZjU1YzkwNjYwL3Jlc291cmNlR3JvdXBzL2NkblJlc291cmNlR3JvdXA3NjAvcHJvdmlkZXJzL01pY3Jvc29mdC5DZG4vcHJvZmlsZXMvcHJvZmlsZTYyMTE/YXBpLXZlcnNpb249MjAxNy0xMC0xMg==",
      "RequestMethod": "DELETE",
      "RequestBody": "",
      "RequestHeaders": {
        "x-ms-client-request-id": [
          "b0739231-0ebb-46be-bc0b-4db466eda03d"
        ],
        "accept-language": [
          "en-US"
        ],
        "User-Agent": [
          "FxVersion/4.6.25211.01",
          "Microsoft.Azure.Management.Cdn.CdnManagementClient/4.0.0.0"
        ]
      },
      "ResponseBody": "",
      "ResponseHeaders": {
        "Content-Length": [
          "0"
        ],
        "Expires": [
          "-1"
        ],
        "Cache-Control": [
          "no-cache"
        ],
        "Date": [
          "Tue, 13 Feb 2018 23:45:34 GMT"
        ],
        "Pragma": [
          "no-cache"
        ],
        "Location": [
          "https://management.azure.com/subscriptions/e2ee545b-783f-4634-a277-e35f55c90660/resourcegroups/cdnResourceGroup760/providers/Microsoft.Cdn/operationresults/c44cad29-39c0-45db-8bba-e7631b2d2c52/profileresults/profile6211?api-version=2017-10-12"
        ],
        "Retry-After": [
          "10"
        ],
        "Server": [
          "Microsoft-IIS/8.5"
        ],
        "x-ms-request-id": [
          "6fa5ef3c-b1ec-4651-bc6e-fc894e0bb9ce"
        ],
        "x-ms-client-request-id": [
          "b0739231-0ebb-46be-bc0b-4db466eda03d"
        ],
        "Azure-AsyncOperation": [
          "https://management.azure.com/subscriptions/e2ee545b-783f-4634-a277-e35f55c90660/resourcegroups/cdnResourceGroup760/providers/Microsoft.Cdn/operationresults/c44cad29-39c0-45db-8bba-e7631b2d2c52?api-version=2017-10-12"
        ],
        "Strict-Transport-Security": [
          "max-age=31536000; includeSubDomains"
        ],
        "X-AspNet-Version": [
          "4.0.30319"
        ],
        "X-Powered-By": [
          "ASP.NET"
        ],
        "x-ms-ratelimit-remaining-subscription-writes": [
          "1197"
        ],
        "x-ms-correlation-request-id": [
          "2ff6347b-9837-47a6-b197-3a6e76f33f7c"
        ],
        "x-ms-routing-request-id": [
          "WESTUS2:20180213T234535Z:2ff6347b-9837-47a6-b197-3a6e76f33f7c"
        ]
      },
      "StatusCode": 202
    },
    {
      "RequestUri": "/subscriptions/e2ee545b-783f-4634-a277-e35f55c90660/resourcegroups/cdnResourceGroup760/providers/Microsoft.Cdn/operationresults/c44cad29-39c0-45db-8bba-e7631b2d2c52?api-version=2017-10-12",
      "EncodedRequestUri": "L3N1YnNjcmlwdGlvbnMvZTJlZTU0NWItNzgzZi00NjM0LWEyNzctZTM1ZjU1YzkwNjYwL3Jlc291cmNlZ3JvdXBzL2NkblJlc291cmNlR3JvdXA3NjAvcHJvdmlkZXJzL01pY3Jvc29mdC5DZG4vb3BlcmF0aW9ucmVzdWx0cy9jNDRjYWQyOS0zOWMwLTQ1ZGItOGJiYS1lNzYzMWIyZDJjNTI/YXBpLXZlcnNpb249MjAxNy0xMC0xMg==",
      "RequestMethod": "GET",
      "RequestBody": "",
      "RequestHeaders": {
        "User-Agent": [
          "FxVersion/4.6.25211.01",
          "Microsoft.Azure.Management.Cdn.CdnManagementClient/4.0.0.0"
        ]
      },
      "ResponseBody": "{\r\n  \"status\": \"Succeeded\",\r\n  \"error\": {\r\n    \"code\": \"None\",\r\n    \"message\": null\r\n  }\r\n}",
      "ResponseHeaders": {
        "Content-Type": [
          "application/json; odata.metadata=minimal; odata.streaming=true"
        ],
        "Expires": [
          "-1"
        ],
        "Cache-Control": [
          "no-cache"
        ],
        "Date": [
          "Tue, 13 Feb 2018 23:45:44 GMT"
        ],
        "Pragma": [
          "no-cache"
        ],
        "Transfer-Encoding": [
          "chunked"
        ],
        "Server": [
          "Microsoft-IIS/8.5"
        ],
        "Vary": [
          "Accept-Encoding"
        ],
        "x-ms-request-id": [
          "f9e33ca1-cebe-4f65-9a95-e6c81fedd4bc"
        ],
        "x-ms-client-request-id": [
          "1d8fc5bc-db26-4ddd-8425-ab4096bccf91"
        ],
        "OData-Version": [
          "4.0"
        ],
        "Strict-Transport-Security": [
          "max-age=31536000; includeSubDomains"
        ],
        "X-AspNet-Version": [
          "4.0.30319"
        ],
        "X-Powered-By": [
          "ASP.NET"
        ],
        "x-ms-ratelimit-remaining-subscription-reads": [
          "14987"
        ],
        "x-ms-correlation-request-id": [
          "b2ee4b52-e2a5-4673-a5e9-9ac25b727135"
        ],
        "x-ms-routing-request-id": [
          "WESTUS2:20180213T234545Z:b2ee4b52-e2a5-4673-a5e9-9ac25b727135"
        ]
      },
      "StatusCode": 200
    },
    {
      "RequestUri": "/subscriptions/e2ee545b-783f-4634-a277-e35f55c90660/resourceGroups/cdnResourceGroup2945/providers/Microsoft.Cdn/profiles/profile2557?api-version=2017-10-12",
      "EncodedRequestUri": "L3N1YnNjcmlwdGlvbnMvZTJlZTU0NWItNzgzZi00NjM0LWEyNzctZTM1ZjU1YzkwNjYwL3Jlc291cmNlR3JvdXBzL2NkblJlc291cmNlR3JvdXAyOTQ1L3Byb3ZpZGVycy9NaWNyb3NvZnQuQ2RuL3Byb2ZpbGVzL3Byb2ZpbGUyNTU3P2FwaS12ZXJzaW9uPTIwMTctMTAtMTI=",
      "RequestMethod": "DELETE",
      "RequestBody": "",
      "RequestHeaders": {
        "x-ms-client-request-id": [
          "797c0277-788d-4883-89b6-6bed0d30851f"
        ],
        "accept-language": [
          "en-US"
        ],
        "User-Agent": [
          "FxVersion/4.6.25211.01",
          "Microsoft.Azure.Management.Cdn.CdnManagementClient/4.0.0.0"
        ]
      },
      "ResponseBody": "",
      "ResponseHeaders": {
        "Content-Length": [
          "0"
        ],
        "Expires": [
          "-1"
        ],
        "Cache-Control": [
          "no-cache"
        ],
        "Date": [
          "Tue, 13 Feb 2018 23:45:45 GMT"
        ],
        "Pragma": [
          "no-cache"
        ],
        "Location": [
          "https://management.azure.com/subscriptions/e2ee545b-783f-4634-a277-e35f55c90660/resourcegroups/cdnResourceGroup2945/providers/Microsoft.Cdn/operationresults/e68b248d-aa28-4e3a-885f-5ca9b80af6c2/profileresults/profile2557?api-version=2017-10-12"
        ],
        "Retry-After": [
          "10"
        ],
        "Server": [
          "Microsoft-IIS/8.5"
        ],
        "x-ms-request-id": [
          "9e7db25f-36c4-4519-933e-e83268188dd9"
        ],
        "x-ms-client-request-id": [
          "797c0277-788d-4883-89b6-6bed0d30851f"
        ],
        "Azure-AsyncOperation": [
          "https://management.azure.com/subscriptions/e2ee545b-783f-4634-a277-e35f55c90660/resourcegroups/cdnResourceGroup2945/providers/Microsoft.Cdn/operationresults/e68b248d-aa28-4e3a-885f-5ca9b80af6c2?api-version=2017-10-12"
        ],
        "Strict-Transport-Security": [
          "max-age=31536000; includeSubDomains"
        ],
        "X-AspNet-Version": [
          "4.0.30319"
        ],
        "X-Powered-By": [
          "ASP.NET"
        ],
        "x-ms-ratelimit-remaining-subscription-writes": [
          "1196"
        ],
        "x-ms-correlation-request-id": [
          "1e381513-1213-4498-98d9-2f56e0c356e9"
        ],
        "x-ms-routing-request-id": [
          "WESTUS2:20180213T234546Z:1e381513-1213-4498-98d9-2f56e0c356e9"
        ]
      },
      "StatusCode": 202
    },
    {
      "RequestUri": "/subscriptions/e2ee545b-783f-4634-a277-e35f55c90660/resourcegroups/cdnResourceGroup2945/providers/Microsoft.Cdn/operationresults/e68b248d-aa28-4e3a-885f-5ca9b80af6c2?api-version=2017-10-12",
      "EncodedRequestUri": "L3N1YnNjcmlwdGlvbnMvZTJlZTU0NWItNzgzZi00NjM0LWEyNzctZTM1ZjU1YzkwNjYwL3Jlc291cmNlZ3JvdXBzL2NkblJlc291cmNlR3JvdXAyOTQ1L3Byb3ZpZGVycy9NaWNyb3NvZnQuQ2RuL29wZXJhdGlvbnJlc3VsdHMvZTY4YjI0OGQtYWEyOC00ZTNhLTg4NWYtNWNhOWI4MGFmNmMyP2FwaS12ZXJzaW9uPTIwMTctMTAtMTI=",
      "RequestMethod": "GET",
      "RequestBody": "",
      "RequestHeaders": {
        "User-Agent": [
          "FxVersion/4.6.25211.01",
          "Microsoft.Azure.Management.Cdn.CdnManagementClient/4.0.0.0"
        ]
      },
      "ResponseBody": "{\r\n  \"status\": \"Succeeded\",\r\n  \"error\": {\r\n    \"code\": \"None\",\r\n    \"message\": null\r\n  }\r\n}",
      "ResponseHeaders": {
        "Content-Type": [
          "application/json; odata.metadata=minimal; odata.streaming=true"
        ],
        "Expires": [
          "-1"
        ],
        "Cache-Control": [
          "no-cache"
        ],
        "Date": [
          "Tue, 13 Feb 2018 23:45:55 GMT"
        ],
        "Pragma": [
          "no-cache"
        ],
        "Transfer-Encoding": [
          "chunked"
        ],
        "Server": [
          "Microsoft-IIS/8.5"
        ],
        "Vary": [
          "Accept-Encoding"
        ],
        "x-ms-request-id": [
          "c3c885df-aa52-4470-9492-39331bfb5ce5"
        ],
        "x-ms-client-request-id": [
          "5529f62b-0f29-4ccb-a579-c67f96c9f635"
        ],
        "OData-Version": [
          "4.0"
        ],
        "Strict-Transport-Security": [
          "max-age=31536000; includeSubDomains"
        ],
        "X-AspNet-Version": [
          "4.0.30319"
        ],
        "X-Powered-By": [
          "ASP.NET"
        ],
        "x-ms-ratelimit-remaining-subscription-reads": [
          "14985"
        ],
        "x-ms-correlation-request-id": [
          "6a806122-77fd-4704-8446-1ebfd083f098"
        ],
        "x-ms-routing-request-id": [
          "WESTUS2:20180213T234556Z:6a806122-77fd-4704-8446-1ebfd083f098"
        ]
      },
      "StatusCode": 200
    },
    {
      "RequestUri": "/subscriptions/e2ee545b-783f-4634-a277-e35f55c90660/resourcegroups/cdnResourceGroup760?api-version=2015-11-01",
      "EncodedRequestUri": "L3N1YnNjcmlwdGlvbnMvZTJlZTU0NWItNzgzZi00NjM0LWEyNzctZTM1ZjU1YzkwNjYwL3Jlc291cmNlZ3JvdXBzL2NkblJlc291cmNlR3JvdXA3NjA/YXBpLXZlcnNpb249MjAxNS0xMS0wMQ==",
      "RequestMethod": "DELETE",
      "RequestBody": "",
      "RequestHeaders": {
        "x-ms-client-request-id": [
          "bdf89207-76a6-4678-9561-d5034e46d96a"
        ],
        "accept-language": [
          "en-US"
        ],
        "User-Agent": [
          "FxVersion/4.6.25211.01",
          "Microsoft.Azure.Management.Resources.ResourceManagementClient/1.0.0.0"
        ]
      },
      "ResponseBody": "",
      "ResponseHeaders": {
        "Content-Length": [
          "0"
        ],
        "Expires": [
          "-1"
        ],
        "Cache-Control": [
          "no-cache"
        ],
        "Date": [
          "Tue, 13 Feb 2018 23:45:56 GMT"
        ],
        "Pragma": [
          "no-cache"
        ],
        "Location": [
          "https://management.azure.com/subscriptions/e2ee545b-783f-4634-a277-e35f55c90660/operationresults/eyJqb2JJZCI6IlJFU09VUkNFR1JPVVBERUxFVElPTkpPQi1DRE5SRVNPVVJDRUdST1VQNzYwLVdFU1RVUyIsImpvYkxvY2F0aW9uIjoid2VzdHVzIn0?api-version=2015-11-01"
        ],
        "Retry-After": [
          "15"
        ],
        "x-ms-ratelimit-remaining-subscription-writes": [
          "1197"
        ],
        "x-ms-request-id": [
          "c98076ca-3848-4e23-8ab6-0627d157000f"
        ],
        "x-ms-correlation-request-id": [
          "c98076ca-3848-4e23-8ab6-0627d157000f"
        ],
        "x-ms-routing-request-id": [
          "WESTUS2:20180213T234557Z:c98076ca-3848-4e23-8ab6-0627d157000f"
        ],
        "Strict-Transport-Security": [
          "max-age=31536000; includeSubDomains"
        ]
      },
      "StatusCode": 202
    },
    {
      "RequestUri": "/subscriptions/e2ee545b-783f-4634-a277-e35f55c90660/operationresults/eyJqb2JJZCI6IlJFU09VUkNFR1JPVVBERUxFVElPTkpPQi1DRE5SRVNPVVJDRUdST1VQNzYwLVdFU1RVUyIsImpvYkxvY2F0aW9uIjoid2VzdHVzIn0?api-version=2015-11-01",
      "EncodedRequestUri": "L3N1YnNjcmlwdGlvbnMvZTJlZTU0NWItNzgzZi00NjM0LWEyNzctZTM1ZjU1YzkwNjYwL29wZXJhdGlvbnJlc3VsdHMvZXlKcWIySkpaQ0k2SWxKRlUwOVZVa05GUjFKUFZWQkVSVXhGVkVsUFRrcFBRaTFEUkU1U1JWTlBWVkpEUlVkU1QxVlFOell3TFZkRlUxUlZVeUlzSW1wdllreHZZMkYwYVc5dUlqb2lkMlZ6ZEhWekluMD9hcGktdmVyc2lvbj0yMDE1LTExLTAx",
      "RequestMethod": "GET",
      "RequestBody": "",
      "RequestHeaders": {
        "User-Agent": [
          "FxVersion/4.6.25211.01",
          "Microsoft.Azure.Management.Resources.ResourceManagementClient/1.0.0.0"
        ]
      },
      "ResponseBody": "",
      "ResponseHeaders": {
        "Content-Length": [
          "0"
        ],
        "Expires": [
          "-1"
        ],
        "Cache-Control": [
          "no-cache"
        ],
        "Date": [
          "Tue, 13 Feb 2018 23:46:12 GMT"
        ],
        "Pragma": [
          "no-cache"
        ],
        "Location": [
          "https://management.azure.com/subscriptions/e2ee545b-783f-4634-a277-e35f55c90660/operationresults/eyJqb2JJZCI6IlJFU09VUkNFR1JPVVBERUxFVElPTkpPQi1DRE5SRVNPVVJDRUdST1VQNzYwLVdFU1RVUyIsImpvYkxvY2F0aW9uIjoid2VzdHVzIn0?api-version=2015-11-01"
        ],
        "Retry-After": [
          "15"
        ],
        "x-ms-ratelimit-remaining-subscription-reads": [
          "14999"
        ],
        "x-ms-request-id": [
          "e833956b-5a3a-49f0-bc63-f6cb35c808b9"
        ],
        "x-ms-correlation-request-id": [
          "e833956b-5a3a-49f0-bc63-f6cb35c808b9"
        ],
        "x-ms-routing-request-id": [
          "WESTUS2:20180213T234612Z:e833956b-5a3a-49f0-bc63-f6cb35c808b9"
        ],
        "Strict-Transport-Security": [
          "max-age=31536000; includeSubDomains"
        ]
      },
      "StatusCode": 202
    },
    {
      "RequestUri": "/subscriptions/e2ee545b-783f-4634-a277-e35f55c90660/operationresults/eyJqb2JJZCI6IlJFU09VUkNFR1JPVVBERUxFVElPTkpPQi1DRE5SRVNPVVJDRUdST1VQNzYwLVdFU1RVUyIsImpvYkxvY2F0aW9uIjoid2VzdHVzIn0?api-version=2015-11-01",
      "EncodedRequestUri": "L3N1YnNjcmlwdGlvbnMvZTJlZTU0NWItNzgzZi00NjM0LWEyNzctZTM1ZjU1YzkwNjYwL29wZXJhdGlvbnJlc3VsdHMvZXlKcWIySkpaQ0k2SWxKRlUwOVZVa05GUjFKUFZWQkVSVXhGVkVsUFRrcFBRaTFEUkU1U1JWTlBWVkpEUlVkU1QxVlFOell3TFZkRlUxUlZVeUlzSW1wdllreHZZMkYwYVc5dUlqb2lkMlZ6ZEhWekluMD9hcGktdmVyc2lvbj0yMDE1LTExLTAx",
      "RequestMethod": "GET",
      "RequestBody": "",
      "RequestHeaders": {
        "User-Agent": [
          "FxVersion/4.6.25211.01",
          "Microsoft.Azure.Management.Resources.ResourceManagementClient/1.0.0.0"
        ]
      },
      "ResponseBody": "",
      "ResponseHeaders": {
        "Content-Length": [
          "0"
        ],
        "Expires": [
          "-1"
        ],
        "Cache-Control": [
          "no-cache"
        ],
        "Date": [
          "Tue, 13 Feb 2018 23:46:27 GMT"
        ],
        "Pragma": [
          "no-cache"
        ],
        "Location": [
          "https://management.azure.com/subscriptions/e2ee545b-783f-4634-a277-e35f55c90660/operationresults/eyJqb2JJZCI6IlJFU09VUkNFR1JPVVBERUxFVElPTkpPQi1DRE5SRVNPVVJDRUdST1VQNzYwLVdFU1RVUyIsImpvYkxvY2F0aW9uIjoid2VzdHVzIn0?api-version=2015-11-01"
        ],
        "Retry-After": [
          "15"
        ],
        "x-ms-ratelimit-remaining-subscription-reads": [
          "14998"
        ],
        "x-ms-request-id": [
          "925c06b2-0a24-4c5e-beae-b1ac56b7435d"
        ],
        "x-ms-correlation-request-id": [
          "925c06b2-0a24-4c5e-beae-b1ac56b7435d"
        ],
        "x-ms-routing-request-id": [
          "WESTUS2:20180213T234627Z:925c06b2-0a24-4c5e-beae-b1ac56b7435d"
        ],
        "Strict-Transport-Security": [
          "max-age=31536000; includeSubDomains"
        ]
      },
      "StatusCode": 202
    },
    {
      "RequestUri": "/subscriptions/e2ee545b-783f-4634-a277-e35f55c90660/operationresults/eyJqb2JJZCI6IlJFU09VUkNFR1JPVVBERUxFVElPTkpPQi1DRE5SRVNPVVJDRUdST1VQNzYwLVdFU1RVUyIsImpvYkxvY2F0aW9uIjoid2VzdHVzIn0?api-version=2015-11-01",
      "EncodedRequestUri": "L3N1YnNjcmlwdGlvbnMvZTJlZTU0NWItNzgzZi00NjM0LWEyNzctZTM1ZjU1YzkwNjYwL29wZXJhdGlvbnJlc3VsdHMvZXlKcWIySkpaQ0k2SWxKRlUwOVZVa05GUjFKUFZWQkVSVXhGVkVsUFRrcFBRaTFEUkU1U1JWTlBWVkpEUlVkU1QxVlFOell3TFZkRlUxUlZVeUlzSW1wdllreHZZMkYwYVc5dUlqb2lkMlZ6ZEhWekluMD9hcGktdmVyc2lvbj0yMDE1LTExLTAx",
      "RequestMethod": "GET",
      "RequestBody": "",
      "RequestHeaders": {
        "User-Agent": [
          "FxVersion/4.6.25211.01",
          "Microsoft.Azure.Management.Resources.ResourceManagementClient/1.0.0.0"
        ]
      },
      "ResponseBody": "",
      "ResponseHeaders": {
        "Content-Length": [
          "0"
        ],
        "Expires": [
          "-1"
        ],
        "Cache-Control": [
          "no-cache"
        ],
        "Date": [
          "Tue, 13 Feb 2018 23:46:41 GMT"
        ],
        "Pragma": [
          "no-cache"
        ],
        "x-ms-ratelimit-remaining-subscription-reads": [
          "14997"
        ],
        "x-ms-request-id": [
          "c9714e25-ac4c-4f21-99ca-efc3f7c4db84"
        ],
        "x-ms-correlation-request-id": [
          "c9714e25-ac4c-4f21-99ca-efc3f7c4db84"
        ],
        "x-ms-routing-request-id": [
          "WESTUS2:20180213T234642Z:c9714e25-ac4c-4f21-99ca-efc3f7c4db84"
        ],
        "Strict-Transport-Security": [
          "max-age=31536000; includeSubDomains"
        ]
      },
      "StatusCode": 200
    },
    {
      "RequestUri": "/subscriptions/e2ee545b-783f-4634-a277-e35f55c90660/resourcegroups/cdnResourceGroup2945?api-version=2015-11-01",
      "EncodedRequestUri": "L3N1YnNjcmlwdGlvbnMvZTJlZTU0NWItNzgzZi00NjM0LWEyNzctZTM1ZjU1YzkwNjYwL3Jlc291cmNlZ3JvdXBzL2NkblJlc291cmNlR3JvdXAyOTQ1P2FwaS12ZXJzaW9uPTIwMTUtMTEtMDE=",
      "RequestMethod": "DELETE",
      "RequestBody": "",
      "RequestHeaders": {
        "x-ms-client-request-id": [
          "abef1e2c-1be1-44e4-8fa2-95b0bcae08be"
        ],
        "accept-language": [
          "en-US"
        ],
        "User-Agent": [
          "FxVersion/4.6.25211.01",
          "Microsoft.Azure.Management.Resources.ResourceManagementClient/1.0.0.0"
        ]
      },
      "ResponseBody": "",
      "ResponseHeaders": {
        "Content-Length": [
          "0"
        ],
        "Expires": [
          "-1"
        ],
        "Cache-Control": [
          "no-cache"
        ],
        "Date": [
          "Tue, 13 Feb 2018 23:46:42 GMT"
        ],
        "Pragma": [
          "no-cache"
        ],
        "Location": [
          "https://management.azure.com/subscriptions/e2ee545b-783f-4634-a277-e35f55c90660/operationresults/eyJqb2JJZCI6IlJFU09VUkNFR1JPVVBERUxFVElPTkpPQi1DRE5SRVNPVVJDRUdST1VQMjk0NS1XRVNUVVMiLCJqb2JMb2NhdGlvbiI6Indlc3R1cyJ9?api-version=2015-11-01"
        ],
        "Retry-After": [
          "15"
        ],
        "x-ms-ratelimit-remaining-subscription-writes": [
          "1196"
        ],
        "x-ms-request-id": [
          "7e41b18e-e8c2-4891-b4db-42b8ea575805"
        ],
        "x-ms-correlation-request-id": [
          "7e41b18e-e8c2-4891-b4db-42b8ea575805"
        ],
        "x-ms-routing-request-id": [
          "WESTUS2:20180213T234642Z:7e41b18e-e8c2-4891-b4db-42b8ea575805"
        ],
        "Strict-Transport-Security": [
          "max-age=31536000; includeSubDomains"
        ]
      },
      "StatusCode": 202
    },
    {
      "RequestUri": "/subscriptions/e2ee545b-783f-4634-a277-e35f55c90660/operationresults/eyJqb2JJZCI6IlJFU09VUkNFR1JPVVBERUxFVElPTkpPQi1DRE5SRVNPVVJDRUdST1VQMjk0NS1XRVNUVVMiLCJqb2JMb2NhdGlvbiI6Indlc3R1cyJ9?api-version=2015-11-01",
      "EncodedRequestUri": "L3N1YnNjcmlwdGlvbnMvZTJlZTU0NWItNzgzZi00NjM0LWEyNzctZTM1ZjU1YzkwNjYwL29wZXJhdGlvbnJlc3VsdHMvZXlKcWIySkpaQ0k2SWxKRlUwOVZVa05GUjFKUFZWQkVSVXhGVkVsUFRrcFBRaTFEUkU1U1JWTlBWVkpEUlVkU1QxVlFNamswTlMxWFJWTlVWVk1pTENKcWIySk1iMk5oZEdsdmJpSTZJbmRsYzNSMWN5Sjk/YXBpLXZlcnNpb249MjAxNS0xMS0wMQ==",
      "RequestMethod": "GET",
      "RequestBody": "",
      "RequestHeaders": {
        "User-Agent": [
          "FxVersion/4.6.25211.01",
          "Microsoft.Azure.Management.Resources.ResourceManagementClient/1.0.0.0"
        ]
      },
      "ResponseBody": "",
      "ResponseHeaders": {
        "Content-Length": [
          "0"
        ],
        "Expires": [
          "-1"
        ],
        "Cache-Control": [
          "no-cache"
        ],
        "Date": [
          "Tue, 13 Feb 2018 23:46:57 GMT"
        ],
        "Pragma": [
          "no-cache"
        ],
        "Location": [
          "https://management.azure.com/subscriptions/e2ee545b-783f-4634-a277-e35f55c90660/operationresults/eyJqb2JJZCI6IlJFU09VUkNFR1JPVVBERUxFVElPTkpPQi1DRE5SRVNPVVJDRUdST1VQMjk0NS1XRVNUVVMiLCJqb2JMb2NhdGlvbiI6Indlc3R1cyJ9?api-version=2015-11-01"
        ],
        "Retry-After": [
          "15"
        ],
        "x-ms-ratelimit-remaining-subscription-reads": [
          "14996"
        ],
        "x-ms-request-id": [
          "328f400c-1ff9-49f6-a55a-0f7bea9080de"
        ],
        "x-ms-correlation-request-id": [
          "328f400c-1ff9-49f6-a55a-0f7bea9080de"
        ],
        "x-ms-routing-request-id": [
          "WESTUS2:20180213T234658Z:328f400c-1ff9-49f6-a55a-0f7bea9080de"
        ],
        "Strict-Transport-Security": [
          "max-age=31536000; includeSubDomains"
        ]
      },
      "StatusCode": 202
    },
    {
      "RequestUri": "/subscriptions/e2ee545b-783f-4634-a277-e35f55c90660/operationresults/eyJqb2JJZCI6IlJFU09VUkNFR1JPVVBERUxFVElPTkpPQi1DRE5SRVNPVVJDRUdST1VQMjk0NS1XRVNUVVMiLCJqb2JMb2NhdGlvbiI6Indlc3R1cyJ9?api-version=2015-11-01",
      "EncodedRequestUri": "L3N1YnNjcmlwdGlvbnMvZTJlZTU0NWItNzgzZi00NjM0LWEyNzctZTM1ZjU1YzkwNjYwL29wZXJhdGlvbnJlc3VsdHMvZXlKcWIySkpaQ0k2SWxKRlUwOVZVa05GUjFKUFZWQkVSVXhGVkVsUFRrcFBRaTFEUkU1U1JWTlBWVkpEUlVkU1QxVlFNamswTlMxWFJWTlVWVk1pTENKcWIySk1iMk5oZEdsdmJpSTZJbmRsYzNSMWN5Sjk/YXBpLXZlcnNpb249MjAxNS0xMS0wMQ==",
      "RequestMethod": "GET",
      "RequestBody": "",
      "RequestHeaders": {
        "User-Agent": [
          "FxVersion/4.6.25211.01",
          "Microsoft.Azure.Management.Resources.ResourceManagementClient/1.0.0.0"
        ]
      },
      "ResponseBody": "",
      "ResponseHeaders": {
        "Content-Length": [
          "0"
        ],
        "Expires": [
          "-1"
        ],
        "Cache-Control": [
          "no-cache"
        ],
        "Date": [
          "Tue, 13 Feb 2018 23:47:12 GMT"
        ],
        "Pragma": [
          "no-cache"
        ],
        "Location": [
          "https://management.azure.com/subscriptions/e2ee545b-783f-4634-a277-e35f55c90660/operationresults/eyJqb2JJZCI6IlJFU09VUkNFR1JPVVBERUxFVElPTkpPQi1DRE5SRVNPVVJDRUdST1VQMjk0NS1XRVNUVVMiLCJqb2JMb2NhdGlvbiI6Indlc3R1cyJ9?api-version=2015-11-01"
        ],
        "Retry-After": [
          "15"
        ],
        "x-ms-ratelimit-remaining-subscription-reads": [
          "14995"
        ],
        "x-ms-request-id": [
          "5088ec67-8649-4461-86c0-69874114eca2"
        ],
        "x-ms-correlation-request-id": [
          "5088ec67-8649-4461-86c0-69874114eca2"
        ],
        "x-ms-routing-request-id": [
          "WESTUS2:20180213T234713Z:5088ec67-8649-4461-86c0-69874114eca2"
        ],
        "Strict-Transport-Security": [
          "max-age=31536000; includeSubDomains"
        ]
      },
      "StatusCode": 202
    },
    {
      "RequestUri": "/subscriptions/e2ee545b-783f-4634-a277-e35f55c90660/operationresults/eyJqb2JJZCI6IlJFU09VUkNFR1JPVVBERUxFVElPTkpPQi1DRE5SRVNPVVJDRUdST1VQMjk0NS1XRVNUVVMiLCJqb2JMb2NhdGlvbiI6Indlc3R1cyJ9?api-version=2015-11-01",
      "EncodedRequestUri": "L3N1YnNjcmlwdGlvbnMvZTJlZTU0NWItNzgzZi00NjM0LWEyNzctZTM1ZjU1YzkwNjYwL29wZXJhdGlvbnJlc3VsdHMvZXlKcWIySkpaQ0k2SWxKRlUwOVZVa05GUjFKUFZWQkVSVXhGVkVsUFRrcFBRaTFEUkU1U1JWTlBWVkpEUlVkU1QxVlFNamswTlMxWFJWTlVWVk1pTENKcWIySk1iMk5oZEdsdmJpSTZJbmRsYzNSMWN5Sjk/YXBpLXZlcnNpb249MjAxNS0xMS0wMQ==",
      "RequestMethod": "GET",
      "RequestBody": "",
      "RequestHeaders": {
        "User-Agent": [
          "FxVersion/4.6.25211.01",
          "Microsoft.Azure.Management.Resources.ResourceManagementClient/1.0.0.0"
        ]
      },
      "ResponseBody": "",
      "ResponseHeaders": {
        "Content-Length": [
          "0"
        ],
        "Expires": [
          "-1"
        ],
        "Cache-Control": [
          "no-cache"
        ],
        "Date": [
          "Tue, 13 Feb 2018 23:47:27 GMT"
        ],
        "Pragma": [
          "no-cache"
        ],
        "x-ms-ratelimit-remaining-subscription-reads": [
          "14994"
        ],
        "x-ms-request-id": [
          "72583216-b85d-4cd0-98b6-fff238b1e545"
        ],
        "x-ms-correlation-request-id": [
          "72583216-b85d-4cd0-98b6-fff238b1e545"
        ],
        "x-ms-routing-request-id": [
          "WESTUS2:20180213T234728Z:72583216-b85d-4cd0-98b6-fff238b1e545"
        ],
        "Strict-Transport-Security": [
          "max-age=31536000; includeSubDomains"
        ]
      },
      "StatusCode": 200
    }
  ],
  "Names": {
    "CreateResourceGroup": [
      "cdnResourceGroup760",
      "cdnResourceGroup2945"
    ],
    "ProfileListBySubcriptionTest": [
      "profile6211",
      "profile2557"
    ]
  },
  "Variables": {
    "SubscriptionId": "e2ee545b-783f-4634-a277-e35f55c90660"
  }
}