{
  "Entries": [
    {
      "RequestUri": "https://management.azure.com/subscriptions/23587e98-b6ac-4328-a753-03bcd3c8e744/resourcegroups/dbaccount-7566?api-version=**",
      "RequestMethod": "GET",
      "RequestHeaders": {
        "Accept": "application/json",
        "Authorization": "Sanitized",
        "traceparent": "00-1b1d38990f2e92be12f5d0f476b7747d-ba848eb0b35f4685-00",
        "User-Agent": "azsdk-net-ResourceManager/1.4.0 (.NET 7.0.4; Microsoft Windows 10.0.22621)",
        "x-ms-client-request-id": "ee986a5dde2ed85cdca8259e47ee54df",
        "x-ms-return-client-request-id": "true"
      },
      "RequestBody": null,
      "StatusCode": 200,
      "ResponseHeaders": {
        "Cache-Control": "no-cache",
        "Content-Length": "224",
        "Content-Type": "application/json; charset=utf-8",
        "Date": "Thu, 06 Apr 2023 15:16:14 GMT",
        "Expires": "-1",
        "Pragma": "no-cache",
        "Strict-Transport-Security": "max-age=31536000; includeSubDomains",
        "X-Content-Type-Options": "nosniff",
        "x-ms-correlation-request-id": "2c1d2a88-f58b-4256-82d8-2a9ee28996b7",
        "x-ms-ratelimit-remaining-subscription-reads": "11714",
        "x-ms-request-id": "2c1d2a88-f58b-4256-82d8-2a9ee28996b7",
        "x-ms-routing-request-id": "WESTCENTRALUS:20230406T151615Z:2c1d2a88-f58b-4256-82d8-2a9ee28996b7"
      },
      "ResponseBody": {
        "id": "/subscriptions/23587e98-b6ac-4328-a753-03bcd3c8e744/resourceGroups/dbaccount-7566",
        "name": "dbaccount-7566",
        "type": "Microsoft.Resources/resourceGroups",
        "location": "westus2",
        "properties": {
          "provisioningState": "Succeeded"
        }
      }
    },
    {
      "RequestUri": "https://management.azure.com/subscriptions/23587e98-b6ac-4328-a753-03bcd3c8e744/resourceGroups/dbaccount-7566/providers/Microsoft.DocumentDB/databaseAccounts/dbaccount-5332?api-version=2022-11-15-preview",
      "RequestMethod": "GET",
      "RequestHeaders": {
        "Accept": "application/json",
        "Authorization": "Sanitized",
        "traceparent": "00-7fd9e4e8a299ed6a58f49d5f9a4e1581-fd968080efd10055-00",
        "User-Agent": "azsdk-net-ResourceManager.CosmosDB/1.3.0-alpha.20230405.1 (.NET 7.0.4; Microsoft Windows 10.0.22621)",
        "x-ms-client-request-id": "b37532c4dc9f6f634a2f682ae99968b5",
        "x-ms-return-client-request-id": "true"
      },
      "RequestBody": null,
      "StatusCode": 200,
      "ResponseHeaders": {
        "Cache-Control": "no-store, no-cache",
        "Content-Length": "2970",
        "Content-Type": "application/json",
        "Date": "Thu, 06 Apr 2023 15:16:14 GMT",
        "Pragma": "no-cache",
        "Server": "Microsoft-HTTPAPI/2.0",
        "Strict-Transport-Security": "max-age=31536000; includeSubDomains",
        "X-Content-Type-Options": "nosniff",
        "x-ms-correlation-request-id": "c72a12ff-5ba6-4303-b37b-defee9a6f8dc",
        "x-ms-gatewayversion": "version=2.14.0",
        "x-ms-ratelimit-remaining-subscription-reads": "11713",
        "x-ms-request-id": "c72a12ff-5ba6-4303-b37b-defee9a6f8dc",
        "x-ms-routing-request-id": "WESTCENTRALUS:20230406T151615Z:c72a12ff-5ba6-4303-b37b-defee9a6f8dc"
      },
      "ResponseBody": {
        "id": "/subscriptions/23587e98-b6ac-4328-a753-03bcd3c8e744/resourceGroups/dbaccount-7566/providers/Microsoft.DocumentDB/databaseAccounts/dbaccount-5332",
        "name": "dbaccount-5332",
        "location": "West US 2",
        "type": "Microsoft.DocumentDB/databaseAccounts",
        "kind": "MongoDB",
        "tags": {
          "key1": "value1",
          "key2": "value2"
        },
        "systemData": {
          "createdAt": "2023-04-06T15:01:25.0148253Z"
        },
        "properties": {
          "provisioningState": "Succeeded",
          "documentEndpoint": "https://dbaccount-5332.documents.azure.com:443/",
          "sqlEndpoint": "https://dbaccount-5332.documents.azure.com:443/",
          "mongoEndpoint": "https://dbaccount-5332.mongo.cosmos.azure.com:443/",
          "publicNetworkAccess": "Enabled",
          "enableAutomaticFailover": false,
          "enableMultipleWriteLocations": false,
          "enablePartitionKeyMonitor": false,
          "isVirtualNetworkFilterEnabled": true,
          "virtualNetworkRules": [],
          "EnabledApiTypes": "MongoDB",
          "disableKeyBasedMetadataWriteAccess": false,
          "enableFreeTier": false,
          "enableAnalyticalStorage": false,
          "analyticalStorageConfiguration": {
            "schemaType": "FullFidelity"
          },
          "instanceId": "092a68de-0108-471c-8a7e-d7a6489550a9",
          "databaseAccountOfferType": "Standard",
          "enableMaterializedViews": false,
          "defaultIdentity": "FirstPartyIdentity",
          "networkAclBypass": "None",
          "disableLocalAuth": false,
          "enablePartitionMerge": false,
          "enableBurstCapacity": false,
          "minimalTlsVersion": "Tls12",
          "consistencyPolicy": {
            "defaultConsistencyLevel": "BoundedStaleness",
            "maxIntervalInSeconds": 1000,
            "maxStalenessPrefix": 300
          },
          "apiProperties": {
            "serverVersion": "3.6"
          },
          "configurationOverrides": {
            "EnableBsonSchema": "True"
          },
          "writeLocations": [
            {
              "id": "dbaccount-5332-westus",
              "locationName": "West US",
              "documentEndpoint": "https://dbaccount-5332-westus.documents.azure.com:443/",
              "provisioningState": "Succeeded",
              "failoverPriority": 0,
              "isZoneRedundant": false
            }
          ],
          "readLocations": [
            {
              "id": "dbaccount-5332-westus",
              "locationName": "West US",
              "documentEndpoint": "https://dbaccount-5332-westus.documents.azure.com:443/",
              "provisioningState": "Succeeded",
              "failoverPriority": 0,
              "isZoneRedundant": false
            }
          ],
          "locations": [
            {
              "id": "dbaccount-5332-westus",
              "locationName": "West US",
              "documentEndpoint": "https://dbaccount-5332-westus.documents.azure.com:443/",
              "provisioningState": "Succeeded",
              "failoverPriority": 0,
              "isZoneRedundant": false
            }
          ],
          "failoverPolicies": [
            {
              "id": "dbaccount-5332-westus",
              "locationName": "West US",
              "failoverPriority": 0
            }
          ],
          "cors": [],
          "capabilities": [
            {
              "name": "EnableMongo"
            }
          ],
          "ipRules": [
            {
              "ipAddressOrRange": "23.43.230.120"
            }
          ],
          "backupPolicy": {
            "type": "Periodic",
            "periodicModeProperties": {
              "backupIntervalInMinutes": 240,
              "backupRetentionIntervalInHours": 8,
              "backupStorageRedundancy": "Geo"
            }
          },
          "networkAclBypassResourceIds": [],
          "diagnosticLogSettings": {
            "enableFullTextQuery": "None"
          },
          "keysMetadata": {
            "primaryMasterKey": {
              "generationTime": "2023-04-06T15:01:25.0148253Z"
            },
            "secondaryMasterKey": {
              "generationTime": "2023-04-06T15:01:25.0148253Z"
            },
            "primaryReadonlyMasterKey": {
              "generationTime": "2023-04-06T15:01:25.0148253Z"
            },
            "secondaryReadonlyMasterKey": {
              "generationTime": "2023-04-06T15:01:25.0148253Z"
            }
          }
        },
        "identity": {
          "type": "None"
        }
      }
    },
    {
      "RequestUri": "https://management.azure.com/subscriptions/23587e98-b6ac-4328-a753-03bcd3c8e744/resourceGroups/dbaccount-7566/providers/Microsoft.Network/virtualNetworks/vnet-8143?api-version=2021-02-01",
      "RequestMethod": "PUT",
      "RequestHeaders": {
        "Accept": "application/json",
        "Authorization": "Sanitized",
        "Content-Length": "515",
        "Content-Type": "application/json",
        "traceparent": "00-2bedc0518968ed1917674c30ea3fee48-241df863e2972f1a-00",
        "User-Agent": "azsdk-net-ResourceManager.Network/1.1.0 (.NET 7.0.4; Microsoft Windows 10.0.22621)",
        "x-ms-client-request-id": "793c62a0352f230b3d1beafb05eae611",
        "x-ms-return-client-request-id": "true"
      },
      "RequestBody": {
        "location": "westus",
        "properties": {
          "addressSpace": {
            "addressPrefixes": [
              "10.0.0.0/16"
            ]
          },
          "dhcpOptions": {
            "dnsServers": [
              "10.1.1.1",
              "10.1.2.4"
            ]
          },
          "subnets": [
            {
              "name": "default",
              "properties": {
                "addressPrefix": "10.0.1.0/24",
                "privateEndpointNetworkPolicies": "Disabled"
              }
            }
          ]
        }
      },
      "StatusCode": 201,
      "ResponseHeaders": {
        "Azure-AsyncNotification": "Enabled",
        "Azure-AsyncOperation": "https://management.azure.com/subscriptions/23587e98-b6ac-4328-a753-03bcd3c8e744/providers/Microsoft.Network/locations/westus/operations/dcfe7b2b-ad67-4079-8a59-e695837dab30?api-version=2021-02-01",
        "Cache-Control": "no-cache",
        "Content-Length": "1328",
        "Content-Type": "application/json; charset=utf-8",
        "Date": "Thu, 06 Apr 2023 15:16:15 GMT",
        "Expires": "-1",
        "Pragma": "no-cache",
        "Retry-After": "3",
        "Server": [
          "Microsoft-HTTPAPI/2.0",
          "Microsoft-HTTPAPI/2.0"
        ],
        "Strict-Transport-Security": "max-age=31536000; includeSubDomains",
        "X-Content-Type-Options": "nosniff",
        "x-ms-arm-service-request-id": "68d43b0c-7d11-437e-9ef9-ec9fd9a324e3",
        "x-ms-client-request-id": "793c62a0352f230b3d1beafb05eae611",
        "x-ms-correlation-request-id": "7182095e-c4ad-415e-b81b-3999b135dabc",
        "x-ms-ratelimit-remaining-subscription-writes": "1185",
        "x-ms-request-id": "dcfe7b2b-ad67-4079-8a59-e695837dab30",
        "x-ms-routing-request-id": "WESTCENTRALUS:20230406T151616Z:7182095e-c4ad-415e-b81b-3999b135dabc"
      },
      "ResponseBody": {
        "name": "vnet-8143",
        "id": "/subscriptions/23587e98-b6ac-4328-a753-03bcd3c8e744/resourceGroups/dbaccount-7566/providers/Microsoft.Network/virtualNetworks/vnet-8143",
        "etag": "W/\u00224846b8a0-b886-42c3-982d-a635895540c8\u0022",
        "type": "Microsoft.Network/virtualNetworks",
        "location": "westus",
        "properties": {
          "provisioningState": "Updating",
          "resourceGuid": "249fcd8f-a915-48ea-857c-c842113a491a",
          "addressSpace": {
            "addressPrefixes": [
              "10.0.0.0/16"
            ]
          },
          "dhcpOptions": {
            "dnsServers": [
              "10.1.1.1",
              "10.1.2.4"
            ]
          },
          "subnets": [
            {
              "name": "default",
              "id": "/subscriptions/23587e98-b6ac-4328-a753-03bcd3c8e744/resourceGroups/dbaccount-7566/providers/Microsoft.Network/virtualNetworks/vnet-8143/subnets/default",
              "etag": "W/\u00224846b8a0-b886-42c3-982d-a635895540c8\u0022",
              "properties": {
                "provisioningState": "Updating",
                "addressPrefix": "10.0.1.0/24",
                "delegations": [],
                "privateEndpointNetworkPolicies": "Disabled",
                "privateLinkServiceNetworkPolicies": "Enabled"
              },
              "type": "Microsoft.Network/virtualNetworks/subnets"
            }
          ],
          "virtualNetworkPeerings": [],
          "enableDdosProtection": false
        }
      }
    },
    {
      "RequestUri": "https://management.azure.com/subscriptions/23587e98-b6ac-4328-a753-03bcd3c8e744/providers/Microsoft.Network/locations/westus/operations/dcfe7b2b-ad67-4079-8a59-e695837dab30?api-version=2021-02-01",
      "RequestMethod": "GET",
      "RequestHeaders": {
        "Authorization": "Sanitized",
        "traceparent": "00-2bedc0518968ed1917674c30ea3fee48-4f4fd94246568edf-00",
        "User-Agent": "azsdk-net-ResourceManager/1.4.0 (.NET 7.0.4; Microsoft Windows 10.0.22621)",
        "x-ms-client-request-id": "8ca79f6f6517fc956a9061c079734445",
        "x-ms-return-client-request-id": "true"
      },
      "RequestBody": null,
      "StatusCode": 200,
      "ResponseHeaders": {
        "Cache-Control": "no-cache",
        "Content-Length": "30",
        "Content-Type": "application/json; charset=utf-8",
        "Date": "Thu, 06 Apr 2023 15:16:15 GMT",
        "Expires": "-1",
        "Pragma": "no-cache",
        "Retry-After": "10",
        "Server": [
          "Microsoft-HTTPAPI/2.0",
          "Microsoft-HTTPAPI/2.0"
        ],
        "Strict-Transport-Security": "max-age=31536000; includeSubDomains",
        "X-Content-Type-Options": "nosniff",
        "x-ms-arm-service-request-id": "e8be5c4d-c92f-4373-80bd-5857abb34451",
        "x-ms-client-request-id": "8ca79f6f6517fc956a9061c079734445",
        "x-ms-correlation-request-id": "ebe18a30-96a9-4eaa-9080-3727d95e4065",
        "x-ms-ratelimit-remaining-subscription-reads": "11712",
        "x-ms-request-id": "a878f6fe-3d70-4150-88c3-38da0f466225",
        "x-ms-routing-request-id": "WESTCENTRALUS:20230406T151616Z:ebe18a30-96a9-4eaa-9080-3727d95e4065"
      },
      "ResponseBody": {
        "status": "InProgress"
      }
    },
    {
      "RequestUri": "https://management.azure.com/subscriptions/23587e98-b6ac-4328-a753-03bcd3c8e744/providers/Microsoft.Network/locations/westus/operations/dcfe7b2b-ad67-4079-8a59-e695837dab30?api-version=2021-02-01",
      "RequestMethod": "GET",
      "RequestHeaders": {
        "Authorization": "Sanitized",
        "traceparent": "00-2bedc0518968ed1917674c30ea3fee48-1b07d78a2548a56e-00",
        "User-Agent": "azsdk-net-ResourceManager/1.4.0 (.NET 7.0.4; Microsoft Windows 10.0.22621)",
        "x-ms-client-request-id": "51861981490ca494e036508b3794f14e",
        "x-ms-return-client-request-id": "true"
      },
      "RequestBody": null,
      "StatusCode": 200,
      "ResponseHeaders": {
        "Cache-Control": "no-cache",
        "Content-Length": "29",
        "Content-Type": "application/json; charset=utf-8",
        "Date": "Thu, 06 Apr 2023 15:16:25 GMT",
        "Expires": "-1",
        "Pragma": "no-cache",
        "Server": [
          "Microsoft-HTTPAPI/2.0",
          "Microsoft-HTTPAPI/2.0"
        ],
        "Strict-Transport-Security": "max-age=31536000; includeSubDomains",
        "X-Content-Type-Options": "nosniff",
        "x-ms-arm-service-request-id": "41162dca-dcee-4217-9424-f7f8d46999fa",
        "x-ms-client-request-id": "51861981490ca494e036508b3794f14e",
        "x-ms-correlation-request-id": "447c62a4-5da5-48ac-900e-ba5f375e5860",
        "x-ms-ratelimit-remaining-subscription-reads": "11711",
        "x-ms-request-id": "345b952d-c11d-4a7d-906f-5f03403958f8",
        "x-ms-routing-request-id": "WESTCENTRALUS:20230406T151626Z:447c62a4-5da5-48ac-900e-ba5f375e5860"
      },
      "ResponseBody": {
        "status": "Succeeded"
      }
    },
    {
      "RequestUri": "https://management.azure.com/subscriptions/23587e98-b6ac-4328-a753-03bcd3c8e744/resourceGroups/dbaccount-7566/providers/Microsoft.Network/virtualNetworks/vnet-8143?api-version=2021-02-01",
      "RequestMethod": "GET",
      "RequestHeaders": {
        "Authorization": "Sanitized",
        "traceparent": "00-2bedc0518968ed1917674c30ea3fee48-1aacd30e8afbec8d-00",
        "User-Agent": "azsdk-net-ResourceManager/1.4.0 (.NET 7.0.4; Microsoft Windows 10.0.22621)",
        "x-ms-client-request-id": "658baad85a43fdf9b25f01da99c18db5",
        "x-ms-return-client-request-id": "true"
      },
      "RequestBody": null,
      "StatusCode": 200,
      "ResponseHeaders": {
        "Cache-Control": "no-cache",
        "Content-Length": "1330",
        "Content-Type": "application/json; charset=utf-8",
        "Date": "Thu, 06 Apr 2023 15:16:25 GMT",
        "ETag": "W/\u0022fa8ca59a-4fd4-4965-9ca2-35a4854cdcea\u0022",
        "Expires": "-1",
        "Pragma": "no-cache",
        "Server": [
          "Microsoft-HTTPAPI/2.0",
          "Microsoft-HTTPAPI/2.0"
        ],
        "Strict-Transport-Security": "max-age=31536000; includeSubDomains",
        "X-Content-Type-Options": "nosniff",
        "x-ms-arm-service-request-id": "3453a5ba-f1ce-4436-b844-b25c0c5dfe7a",
        "x-ms-client-request-id": "658baad85a43fdf9b25f01da99c18db5",
        "x-ms-correlation-request-id": "e13bc9d8-8f1a-48bc-988e-a74d9105cbe7",
        "x-ms-ratelimit-remaining-subscription-reads": "11710",
        "x-ms-request-id": "39a3c47c-b5e1-406d-a448-7c1caf512f1f",
        "x-ms-routing-request-id": "WESTCENTRALUS:20230406T151626Z:e13bc9d8-8f1a-48bc-988e-a74d9105cbe7"
      },
      "ResponseBody": {
        "name": "vnet-8143",
        "id": "/subscriptions/23587e98-b6ac-4328-a753-03bcd3c8e744/resourceGroups/dbaccount-7566/providers/Microsoft.Network/virtualNetworks/vnet-8143",
        "etag": "W/\u0022fa8ca59a-4fd4-4965-9ca2-35a4854cdcea\u0022",
        "type": "Microsoft.Network/virtualNetworks",
        "location": "westus",
        "properties": {
          "provisioningState": "Succeeded",
          "resourceGuid": "249fcd8f-a915-48ea-857c-c842113a491a",
          "addressSpace": {
            "addressPrefixes": [
              "10.0.0.0/16"
            ]
          },
          "dhcpOptions": {
            "dnsServers": [
              "10.1.1.1",
              "10.1.2.4"
            ]
          },
          "subnets": [
            {
              "name": "default",
              "id": "/subscriptions/23587e98-b6ac-4328-a753-03bcd3c8e744/resourceGroups/dbaccount-7566/providers/Microsoft.Network/virtualNetworks/vnet-8143/subnets/default",
              "etag": "W/\u0022fa8ca59a-4fd4-4965-9ca2-35a4854cdcea\u0022",
              "properties": {
                "provisioningState": "Succeeded",
                "addressPrefix": "10.0.1.0/24",
                "delegations": [],
                "privateEndpointNetworkPolicies": "Disabled",
                "privateLinkServiceNetworkPolicies": "Enabled"
              },
              "type": "Microsoft.Network/virtualNetworks/subnets"
            }
          ],
          "virtualNetworkPeerings": [],
          "enableDdosProtection": false
        }
      }
    },
    {
      "RequestUri": "https://management.azure.com/subscriptions/23587e98-b6ac-4328-a753-03bcd3c8e744/resourceGroups/dbaccount-7566/providers/Microsoft.Network/privateEndpoints/pe-4477?api-version=2021-02-01",
      "RequestMethod": "PUT",
      "RequestHeaders": {
        "Accept": "application/json",
        "Authorization": "Sanitized",
        "Content-Length": "721",
        "Content-Type": "application/json",
        "traceparent": "00-0416b834541c9a3a0b1e1b57d4b8907f-0231acafd2798ffe-00",
        "User-Agent": "azsdk-net-ResourceManager.Network/1.1.0 (.NET 7.0.4; Microsoft Windows 10.0.22621)",
        "x-ms-client-request-id": "f16818f42633020babe1150ac4d59e13",
        "x-ms-return-client-request-id": "true"
      },
      "RequestBody": {
        "location": "westus",
        "properties": {
          "subnet": {
            "id": "/subscriptions/23587e98-b6ac-4328-a753-03bcd3c8e744/resourceGroups/dbaccount-7566/providers/Microsoft.Network/virtualNetworks/vnet-8143/subnets/default",
            "name": "default",
            "type": "Microsoft.Network/virtualNetworks/subnets",
            "properties": {
              "addressPrefix": "10.0.1.0/24",
              "delegations": [],
              "privateEndpointNetworkPolicies": "Disabled",
              "privateLinkServiceNetworkPolicies": "Enabled"
            }
          },
          "manualPrivateLinkServiceConnections": [
            {
              "name": "pec1843",
              "properties": {
                "privateLinkServiceId": "/subscriptions/23587e98-b6ac-4328-a753-03bcd3c8e744/resourceGroups/dbaccount-7566/providers/Microsoft.DocumentDB/databaseAccounts/dbaccount-5332",
                "groupIds": [
                  "MongoDB"
                ],
                "requestMessage": "SDK test"
              }
            }
          ]
        }
      },
      "StatusCode": 201,
      "ResponseHeaders": {
        "Azure-AsyncNotification": "Enabled",
        "Azure-AsyncOperation": "https://management.azure.com/subscriptions/23587e98-b6ac-4328-a753-03bcd3c8e744/providers/Microsoft.Network/locations/westus/operations/0d7c1c88-bd37-4946-9f9f-dd9eb54936fd?api-version=2021-02-01",
        "Cache-Control": "no-cache",
        "Content-Length": "1926",
        "Content-Type": "application/json; charset=utf-8",
        "Date": "Thu, 06 Apr 2023 15:16:26 GMT",
        "Expires": "-1",
        "Pragma": "no-cache",
        "Retry-After": "10",
        "Server": [
          "Microsoft-HTTPAPI/2.0",
          "Microsoft-HTTPAPI/2.0"
        ],
        "Strict-Transport-Security": "max-age=31536000; includeSubDomains",
        "X-Content-Type-Options": "nosniff",
        "x-ms-arm-service-request-id": "9cdb784a-80c1-4a12-a7d6-90a44bc8c600",
        "x-ms-client-request-id": "f16818f42633020babe1150ac4d59e13",
        "x-ms-correlation-request-id": "952f581f-9235-4e7f-9987-836fb959f96c",
        "x-ms-ratelimit-remaining-subscription-writes": "1184",
        "x-ms-request-id": "0d7c1c88-bd37-4946-9f9f-dd9eb54936fd",
        "x-ms-routing-request-id": "WESTCENTRALUS:20230406T151627Z:952f581f-9235-4e7f-9987-836fb959f96c"
      },
      "ResponseBody": {
        "name": "pe-4477",
        "id": "/subscriptions/23587e98-b6ac-4328-a753-03bcd3c8e744/resourceGroups/dbaccount-7566/providers/Microsoft.Network/privateEndpoints/pe-4477",
        "etag": "W/\u00226423734b-b19d-4370-9eb5-37a350b16578\u0022",
        "type": "Microsoft.Network/privateEndpoints",
        "location": "westus",
        "properties": {
          "provisioningState": "Updating",
          "resourceGuid": "a158e222-92e2-4d9d-a81f-7aa4c6ea796d",
          "privateLinkServiceConnections": [],
          "manualPrivateLinkServiceConnections": [
            {
              "name": "pec1843",
              "id": "/subscriptions/23587e98-b6ac-4328-a753-03bcd3c8e744/resourceGroups/dbaccount-7566/providers/Microsoft.Network/privateEndpoints/pe-4477/manualPrivateLinkServiceConnections/pec1843",
              "etag": "W/\u00226423734b-b19d-4370-9eb5-37a350b16578\u0022",
              "properties": {
                "provisioningState": "Succeeded",
                "privateLinkServiceId": "/subscriptions/23587e98-b6ac-4328-a753-03bcd3c8e744/resourceGroups/dbaccount-7566/providers/Microsoft.DocumentDB/databaseAccounts/dbaccount-5332",
                "groupIds": [
                  "MongoDB"
                ],
                "requestMessage": "SDK test",
                "privateLinkServiceConnectionState": {
                  "status": "Pending",
                  "description": "SDK test",
                  "actionsRequired": "None"
                }
              },
              "type": "Microsoft.Network/privateEndpoints/manualPrivateLinkServiceConnections"
            }
          ],
          "subnet": {
            "id": "/subscriptions/23587e98-b6ac-4328-a753-03bcd3c8e744/resourceGroups/dbaccount-7566/providers/Microsoft.Network/virtualNetworks/vnet-8143/subnets/default"
          },
          "networkInterfaces": [
            {
              "id": "/subscriptions/23587e98-b6ac-4328-a753-03bcd3c8e744/resourceGroups/dbaccount-7566/providers/Microsoft.Network/networkInterfaces/pe-4477.nic.620af916-8611-4495-ab31-1390be5f03e8"
            }
          ],
          "customDnsConfigs": []
        }
      }
    },
    {
      "RequestUri": "https://management.azure.com/subscriptions/23587e98-b6ac-4328-a753-03bcd3c8e744/providers/Microsoft.Network/locations/westus/operations/0d7c1c88-bd37-4946-9f9f-dd9eb54936fd?api-version=2021-02-01",
      "RequestMethod": "GET",
      "RequestHeaders": {
        "Authorization": "Sanitized",
        "traceparent": "00-0416b834541c9a3a0b1e1b57d4b8907f-9ec04cc24682fde5-00",
        "User-Agent": "azsdk-net-ResourceManager/1.4.0 (.NET 7.0.4; Microsoft Windows 10.0.22621)",
        "x-ms-client-request-id": "d8a07e2be7e665765a41af18e8a89b2c",
        "x-ms-return-client-request-id": "true"
      },
      "RequestBody": null,
      "StatusCode": 200,
      "ResponseHeaders": {
        "Cache-Control": "no-cache",
        "Content-Length": "30",
        "Content-Type": "application/json; charset=utf-8",
        "Date": "Thu, 06 Apr 2023 15:16:26 GMT",
        "Expires": "-1",
        "Pragma": "no-cache",
        "Retry-After": "10",
        "Server": [
          "Microsoft-HTTPAPI/2.0",
          "Microsoft-HTTPAPI/2.0"
        ],
        "Strict-Transport-Security": "max-age=31536000; includeSubDomains",
        "X-Content-Type-Options": "nosniff",
        "x-ms-arm-service-request-id": "ca7f6198-bc49-48dd-b9fb-cf7e9438f643",
        "x-ms-client-request-id": "d8a07e2be7e665765a41af18e8a89b2c",
        "x-ms-correlation-request-id": "c03b788f-d28b-42c8-a63e-7f63d30fb5de",
        "x-ms-ratelimit-remaining-subscription-reads": "11709",
        "x-ms-request-id": "b0dea8a2-645c-4da0-ae85-8bbd9abe9d5b",
        "x-ms-routing-request-id": "WESTCENTRALUS:20230406T151627Z:c03b788f-d28b-42c8-a63e-7f63d30fb5de"
      },
      "ResponseBody": {
        "status": "InProgress"
      }
    },
    {
      "RequestUri": "https://management.azure.com/subscriptions/23587e98-b6ac-4328-a753-03bcd3c8e744/providers/Microsoft.Network/locations/westus/operations/0d7c1c88-bd37-4946-9f9f-dd9eb54936fd?api-version=2021-02-01",
      "RequestMethod": "GET",
      "RequestHeaders": {
        "Authorization": "Sanitized",
        "traceparent": "00-0416b834541c9a3a0b1e1b57d4b8907f-07b98fb5695f4114-00",
        "User-Agent": "azsdk-net-ResourceManager/1.4.0 (.NET 7.0.4; Microsoft Windows 10.0.22621)",
        "x-ms-client-request-id": "bed9863c80cdcdb7f8de5287df51f78c",
        "x-ms-return-client-request-id": "true"
      },
      "RequestBody": null,
      "StatusCode": 200,
      "ResponseHeaders": {
        "Cache-Control": "no-cache",
        "Content-Length": "30",
        "Content-Type": "application/json; charset=utf-8",
        "Date": "Thu, 06 Apr 2023 15:16:36 GMT",
        "Expires": "-1",
        "Pragma": "no-cache",
        "Retry-After": "20",
        "Server": [
          "Microsoft-HTTPAPI/2.0",
          "Microsoft-HTTPAPI/2.0"
        ],
        "Strict-Transport-Security": "max-age=31536000; includeSubDomains",
        "X-Content-Type-Options": "nosniff",
        "x-ms-arm-service-request-id": "fcfa5f59-ab9f-4c37-a9ab-a284f2d05d36",
        "x-ms-client-request-id": "bed9863c80cdcdb7f8de5287df51f78c",
        "x-ms-correlation-request-id": "d22a6e39-d37f-4540-949e-a57621e56b19",
        "x-ms-ratelimit-remaining-subscription-reads": "11708",
        "x-ms-request-id": "0e91c27f-2c0c-4857-b48c-7b88ed4864bf",
        "x-ms-routing-request-id": "WESTCENTRALUS:20230406T151637Z:d22a6e39-d37f-4540-949e-a57621e56b19"
      },
      "ResponseBody": {
        "status": "InProgress"
      }
    },
    {
      "RequestUri": "https://management.azure.com/subscriptions/23587e98-b6ac-4328-a753-03bcd3c8e744/providers/Microsoft.Network/locations/westus/operations/0d7c1c88-bd37-4946-9f9f-dd9eb54936fd?api-version=2021-02-01",
      "RequestMethod": "GET",
      "RequestHeaders": {
        "Authorization": "Sanitized",
        "traceparent": "00-0416b834541c9a3a0b1e1b57d4b8907f-c9be8eb320313f03-00",
        "User-Agent": "azsdk-net-ResourceManager/1.4.0 (.NET 7.0.4; Microsoft Windows 10.0.22621)",
        "x-ms-client-request-id": "46de7a37c535002c588284c07807a1f6",
        "x-ms-return-client-request-id": "true"
      },
      "RequestBody": null,
      "StatusCode": 200,
      "ResponseHeaders": {
        "Cache-Control": "no-cache",
        "Content-Length": "30",
        "Content-Type": "application/json; charset=utf-8",
        "Date": "Thu, 06 Apr 2023 15:16:56 GMT",
        "Expires": "-1",
        "Pragma": "no-cache",
        "Retry-After": "20",
        "Server": [
          "Microsoft-HTTPAPI/2.0",
          "Microsoft-HTTPAPI/2.0"
        ],
        "Strict-Transport-Security": "max-age=31536000; includeSubDomains",
        "X-Content-Type-Options": "nosniff",
        "x-ms-arm-service-request-id": "7b473ca4-74e9-4957-a5e8-1bcc7f5b22ae",
        "x-ms-client-request-id": "46de7a37c535002c588284c07807a1f6",
        "x-ms-correlation-request-id": "f59de952-18ef-4858-9a57-c20e8ed92795",
        "x-ms-ratelimit-remaining-subscription-reads": "11707",
        "x-ms-request-id": "80c83a8a-09d2-43c1-82bf-12b2a9fda2c9",
        "x-ms-routing-request-id": "WESTCENTRALUS:20230406T151657Z:f59de952-18ef-4858-9a57-c20e8ed92795"
      },
      "ResponseBody": {
        "status": "InProgress"
      }
    },
    {
      "RequestUri": "https://management.azure.com/subscriptions/23587e98-b6ac-4328-a753-03bcd3c8e744/providers/Microsoft.Network/locations/westus/operations/0d7c1c88-bd37-4946-9f9f-dd9eb54936fd?api-version=2021-02-01",
      "RequestMethod": "GET",
      "RequestHeaders": {
        "Authorization": "Sanitized",
        "traceparent": "00-0416b834541c9a3a0b1e1b57d4b8907f-f468d09e29160223-00",
        "User-Agent": "azsdk-net-ResourceManager/1.4.0 (.NET 7.0.4; Microsoft Windows 10.0.22621)",
        "x-ms-client-request-id": "847d1a11eb45abccc6d2df0795ef8509",
        "x-ms-return-client-request-id": "true"
      },
      "RequestBody": null,
      "StatusCode": 200,
      "ResponseHeaders": {
        "Cache-Control": "no-cache",
        "Content-Length": "29",
        "Content-Type": "application/json; charset=utf-8",
        "Date": "Thu, 06 Apr 2023 15:17:18 GMT",
        "Expires": "-1",
        "Pragma": "no-cache",
        "Server": [
          "Microsoft-HTTPAPI/2.0",
          "Microsoft-HTTPAPI/2.0"
        ],
        "Strict-Transport-Security": "max-age=31536000; includeSubDomains",
        "X-Content-Type-Options": "nosniff",
        "x-ms-arm-service-request-id": "e2c69cbc-f930-4cde-9bb2-481d3c270c8e",
        "x-ms-client-request-id": "847d1a11eb45abccc6d2df0795ef8509",
        "x-ms-correlation-request-id": "619b4806-00a8-41ca-9743-9e45f4797da7",
        "x-ms-ratelimit-remaining-subscription-reads": "11706",
        "x-ms-request-id": "fc2a460f-82e8-4914-94be-9c346c570c9e",
        "x-ms-routing-request-id": "WESTCENTRALUS:20230406T151718Z:619b4806-00a8-41ca-9743-9e45f4797da7"
      },
      "ResponseBody": {
        "status": "Succeeded"
      }
    },
    {
      "RequestUri": "https://management.azure.com/subscriptions/23587e98-b6ac-4328-a753-03bcd3c8e744/resourceGroups/dbaccount-7566/providers/Microsoft.Network/privateEndpoints/pe-4477?api-version=2021-02-01",
      "RequestMethod": "GET",
      "RequestHeaders": {
        "Authorization": "Sanitized",
        "traceparent": "00-0416b834541c9a3a0b1e1b57d4b8907f-60a10fe531ed1c71-00",
        "User-Agent": "azsdk-net-ResourceManager/1.4.0 (.NET 7.0.4; Microsoft Windows 10.0.22621)",
        "x-ms-client-request-id": "6de0234954c976f759d9654bfbf754f1",
        "x-ms-return-client-request-id": "true"
      },
      "RequestBody": null,
      "StatusCode": 200,
      "ResponseHeaders": {
        "Cache-Control": "no-cache",
        "Content-Length": "1927",
        "Content-Type": "application/json; charset=utf-8",
        "Date": "Thu, 06 Apr 2023 15:17:18 GMT",
        "ETag": "W/\u00222704ca51-848d-4423-a5c2-440cbf01f73a\u0022",
        "Expires": "-1",
        "Pragma": "no-cache",
        "Server": [
          "Microsoft-HTTPAPI/2.0",
          "Microsoft-HTTPAPI/2.0"
        ],
        "Strict-Transport-Security": "max-age=31536000; includeSubDomains",
        "X-Content-Type-Options": "nosniff",
        "x-ms-arm-service-request-id": "5e4ea7cb-e2c2-4421-be5d-166cf58410e1",
        "x-ms-client-request-id": "6de0234954c976f759d9654bfbf754f1",
        "x-ms-correlation-request-id": "4366a173-ca7b-4336-8e62-081e9e076c0e",
        "x-ms-ratelimit-remaining-subscription-reads": "11705",
        "x-ms-request-id": "7f87b933-4c70-42ba-9141-63ddce5d4cc7",
        "x-ms-routing-request-id": "WESTCENTRALUS:20230406T151718Z:4366a173-ca7b-4336-8e62-081e9e076c0e"
      },
      "ResponseBody": {
        "name": "pe-4477",
        "id": "/subscriptions/23587e98-b6ac-4328-a753-03bcd3c8e744/resourceGroups/dbaccount-7566/providers/Microsoft.Network/privateEndpoints/pe-4477",
        "etag": "W/\u00222704ca51-848d-4423-a5c2-440cbf01f73a\u0022",
        "type": "Microsoft.Network/privateEndpoints",
        "location": "westus",
        "properties": {
          "provisioningState": "Succeeded",
          "resourceGuid": "a158e222-92e2-4d9d-a81f-7aa4c6ea796d",
          "privateLinkServiceConnections": [],
          "manualPrivateLinkServiceConnections": [
            {
              "name": "pec1843",
              "id": "/subscriptions/23587e98-b6ac-4328-a753-03bcd3c8e744/resourceGroups/dbaccount-7566/providers/Microsoft.Network/privateEndpoints/pe-4477/manualPrivateLinkServiceConnections/pec1843",
              "etag": "W/\u00222704ca51-848d-4423-a5c2-440cbf01f73a\u0022",
              "properties": {
                "provisioningState": "Succeeded",
                "privateLinkServiceId": "/subscriptions/23587e98-b6ac-4328-a753-03bcd3c8e744/resourceGroups/dbaccount-7566/providers/Microsoft.DocumentDB/databaseAccounts/dbaccount-5332",
                "groupIds": [
                  "MongoDB"
                ],
                "requestMessage": "SDK test",
                "privateLinkServiceConnectionState": {
                  "status": "Pending",
                  "description": "SDK test",
                  "actionsRequired": "None"
                }
              },
              "type": "Microsoft.Network/privateEndpoints/manualPrivateLinkServiceConnections"
            }
          ],
          "subnet": {
            "id": "/subscriptions/23587e98-b6ac-4328-a753-03bcd3c8e744/resourceGroups/dbaccount-7566/providers/Microsoft.Network/virtualNetworks/vnet-8143/subnets/default"
          },
          "networkInterfaces": [
            {
              "id": "/subscriptions/23587e98-b6ac-4328-a753-03bcd3c8e744/resourceGroups/dbaccount-7566/providers/Microsoft.Network/networkInterfaces/pe-4477.nic.620af916-8611-4495-ab31-1390be5f03e8"
            }
          ],
          "customDnsConfigs": []
        }
      }
    },
    {
      "RequestUri": "https://management.azure.com/subscriptions/23587e98-b6ac-4328-a753-03bcd3c8e744/resourceGroups/dbaccount-7566/providers/Microsoft.DocumentDB/databaseAccounts/dbaccount-5332/privateEndpointConnections?api-version=2022-11-15-preview",
      "RequestMethod": "GET",
      "RequestHeaders": {
        "Accept": "application/json",
        "Authorization": "Sanitized",
        "traceparent": "00-4ad40e3bafd6d9ba131ccf6294b09b64-991180a7f551f3b5-00",
        "User-Agent": "azsdk-net-ResourceManager.CosmosDB/1.3.0-alpha.20230405.1 (.NET 7.0.4; Microsoft Windows 10.0.22621)",
        "x-ms-client-request-id": "c4755b3d73d34c46ad337f62e5256b69",
        "x-ms-return-client-request-id": "true"
      },
      "RequestBody": null,
      "StatusCode": 200,
      "ResponseHeaders": {
        "Cache-Control": "no-store, no-cache",
        "Content-Length": "625",
        "Content-Type": "application/json",
        "Date": "Thu, 06 Apr 2023 15:17:18 GMT",
        "Pragma": "no-cache",
        "Server": "Microsoft-HTTPAPI/2.0",
        "Strict-Transport-Security": "max-age=31536000; includeSubDomains",
        "X-Content-Type-Options": "nosniff",
        "x-ms-correlation-request-id": "68fdf4c3-a481-4217-ae31-ea09a7698902",
        "x-ms-gatewayversion": "version=2.14.0",
        "x-ms-ratelimit-remaining-subscription-reads": "11704",
        "x-ms-request-id": "68fdf4c3-a481-4217-ae31-ea09a7698902",
        "x-ms-routing-request-id": "WESTCENTRALUS:20230406T151718Z:68fdf4c3-a481-4217-ae31-ea09a7698902"
      },
      "ResponseBody": {
        "value": [
          {
            "name": "pe-4477",
            "type": "Microsoft.DocumentDB/databaseAccounts/privateEndpointConnections",
            "id": "/subscriptions/23587e98-b6ac-4328-a753-03bcd3c8e744/resourceGroups/dbaccount-7566/providers/Microsoft.DocumentDB/databaseAccounts/dbaccount-5332/privateEndpointConnections/pe-4477",
            "properties": {
              "provisioningState": "Succeeded",
              "groupId": "MongoDB",
              "privateEndpoint": {
                "id": "/subscriptions/23587e98-b6ac-4328-a753-03bcd3c8e744/resourceGroups/dbaccount-7566/providers/Microsoft.Network/privateEndpoints/pe-4477"
              },
              "privateLinkServiceConnectionState": {
                "status": "Pending",
                "description": "SDK test",
                "actionsRequired": "None"
              }
            }
          }
        ]
      }
    },
    {
      "RequestUri": "https://management.azure.com/subscriptions/23587e98-b6ac-4328-a753-03bcd3c8e744/resourceGroups/dbaccount-7566/providers/Microsoft.DocumentDB/databaseAccounts/dbaccount-5332/privateEndpointConnections/pe-4477?api-version=2022-11-15-preview",
      "RequestMethod": "GET",
      "RequestHeaders": {
        "Accept": "application/json",
        "Authorization": "Sanitized",
        "traceparent": "00-691d2cd770a85915e2bae073cd22a277-b5c0338c0ec343d3-00",
        "User-Agent": "azsdk-net-ResourceManager.CosmosDB/1.3.0-alpha.20230405.1 (.NET 7.0.4; Microsoft Windows 10.0.22621)",
        "x-ms-client-request-id": "55767bfc3326bc2c23072a6c8581afcf",
        "x-ms-return-client-request-id": "true"
      },
      "RequestBody": null,
      "StatusCode": 200,
      "ResponseHeaders": {
        "Cache-Control": "no-store, no-cache",
        "Content-Length": "613",
        "Content-Type": "application/json",
        "Date": "Thu, 06 Apr 2023 15:17:18 GMT",
        "Pragma": "no-cache",
        "Server": "Microsoft-HTTPAPI/2.0",
        "Strict-Transport-Security": "max-age=31536000; includeSubDomains",
        "X-Content-Type-Options": "nosniff",
        "x-ms-correlation-request-id": "e3457ed3-205c-4130-90e9-90ea52929f99",
        "x-ms-gatewayversion": "version=2.14.0",
        "x-ms-ratelimit-remaining-subscription-reads": "11703",
        "x-ms-request-id": "e3457ed3-205c-4130-90e9-90ea52929f99",
        "x-ms-routing-request-id": "WESTCENTRALUS:20230406T151718Z:e3457ed3-205c-4130-90e9-90ea52929f99"
      },
      "ResponseBody": {
        "name": "pe-4477",
        "type": "Microsoft.DocumentDB/databaseAccounts/privateEndpointConnections",
        "id": "/subscriptions/23587e98-b6ac-4328-a753-03bcd3c8e744/resourceGroups/dbaccount-7566/providers/Microsoft.DocumentDB/databaseAccounts/dbaccount-5332/privateEndpointConnections/pe-4477",
        "properties": {
          "provisioningState": "Succeeded",
          "groupId": "MongoDB",
          "privateEndpoint": {
            "id": "/subscriptions/23587e98-b6ac-4328-a753-03bcd3c8e744/resourceGroups/dbaccount-7566/providers/Microsoft.Network/privateEndpoints/pe-4477"
          },
          "privateLinkServiceConnectionState": {
            "status": "Pending",
            "description": "SDK test",
            "actionsRequired": "None"
          }
        }
      }
    },
    {
      "RequestUri": "https://management.azure.com/subscriptions/23587e98-b6ac-4328-a753-03bcd3c8e744/resourceGroups/dbaccount-7566/providers/Microsoft.DocumentDB/databaseAccounts/dbaccount-5332/privateEndpointConnections/pe-4477?api-version=2022-11-15-preview",
      "RequestMethod": "DELETE",
      "RequestHeaders": {
        "Accept": "application/json",
        "Authorization": "Sanitized",
        "traceparent": "00-bccf1567583232cb1d94e3a18787dacd-5b47c8f4297586df-00",
        "User-Agent": "azsdk-net-ResourceManager.CosmosDB/1.3.0-alpha.20230405.1 (.NET 7.0.4; Microsoft Windows 10.0.22621)",
        "x-ms-client-request-id": "39c9ee7dc179d635dc93c096d5959034",
        "x-ms-return-client-request-id": "true"
      },
      "RequestBody": null,
      "StatusCode": 202,
      "ResponseHeaders": {
        "Azure-AsyncOperation": "https://management.azure.com/subscriptions/23587e98-b6ac-4328-a753-03bcd3c8e744/providers/Microsoft.DocumentDB/locations/westus2/operationsStatus/2e56fc17-36bf-41a4-bc32-39937e809316?api-version=2022-11-15-preview",
        "Cache-Control": "no-store, no-cache",
        "Content-Length": "21",
        "Content-Type": "application/json",
        "Date": "Thu, 06 Apr 2023 15:17:19 GMT",
        "Location": "https://management.azure.com/subscriptions/23587e98-b6ac-4328-a753-03bcd3c8e744/resourceGroups/dbaccount-7566/providers/Microsoft.DocumentDB/databaseAccounts/dbaccount-5332/privateEndpointConnections/pe-4477/operationResults/2e56fc17-36bf-41a4-bc32-39937e809316?api-version=2022-11-15-preview",
        "Pragma": "no-cache",
        "Server": "Microsoft-HTTPAPI/2.0",
        "Strict-Transport-Security": "max-age=31536000; includeSubDomains",
        "X-Content-Type-Options": "nosniff",
        "x-ms-correlation-request-id": "f63d1f92-03fd-412a-92a8-5b5ab357797c",
        "x-ms-gatewayversion": "version=2.14.0",
        "x-ms-ratelimit-remaining-subscription-deletes": "14989",
        "x-ms-request-id": "2e56fc17-36bf-41a4-bc32-39937e809316",
        "x-ms-routing-request-id": "WESTCENTRALUS:20230406T151719Z:f63d1f92-03fd-412a-92a8-5b5ab357797c"
      },
      "ResponseBody": {
        "status": "Enqueued"
      }
    },
    {
      "RequestUri": "https://management.azure.com/subscriptions/23587e98-b6ac-4328-a753-03bcd3c8e744/providers/Microsoft.DocumentDB/locations/westus2/operationsStatus/2e56fc17-36bf-41a4-bc32-39937e809316?api-version=2022-11-15-preview",
      "RequestMethod": "GET",
      "RequestHeaders": {
        "Authorization": "Sanitized",
        "traceparent": "00-bccf1567583232cb1d94e3a18787dacd-1b56ec0971bec17a-00",
        "User-Agent": "azsdk-net-ResourceManager/1.4.0 (.NET 7.0.4; Microsoft Windows 10.0.22621)",
        "x-ms-client-request-id": "f7e4af83315b3bf046a078937295e78e",
        "x-ms-return-client-request-id": "true"
      },
      "RequestBody": null,
      "StatusCode": 200,
      "ResponseHeaders": {
        "Cache-Control": "no-store, no-cache",
        "Content-Length": "21",
        "Content-Type": "application/json",
        "Date": "Thu, 06 Apr 2023 15:17:19 GMT",
        "Pragma": "no-cache",
        "Server": "Microsoft-HTTPAPI/2.0",
        "Strict-Transport-Security": "max-age=31536000; includeSubDomains",
        "X-Content-Type-Options": "nosniff",
        "x-ms-correlation-request-id": "d0b4a374-c2d0-4902-9a2f-cb46ff711c0f",
        "x-ms-gatewayversion": "version=2.14.0",
        "x-ms-ratelimit-remaining-subscription-reads": "11702",
        "x-ms-request-id": "d0b4a374-c2d0-4902-9a2f-cb46ff711c0f",
        "x-ms-routing-request-id": "WESTCENTRALUS:20230406T151719Z:d0b4a374-c2d0-4902-9a2f-cb46ff711c0f"
      },
      "ResponseBody": {
        "status": "Enqueued"
      }
    },
    {
      "RequestUri": "https://management.azure.com/subscriptions/23587e98-b6ac-4328-a753-03bcd3c8e744/providers/Microsoft.DocumentDB/locations/westus2/operationsStatus/2e56fc17-36bf-41a4-bc32-39937e809316?api-version=2022-11-15-preview",
      "RequestMethod": "GET",
      "RequestHeaders": {
        "Authorization": "Sanitized",
        "traceparent": "00-bccf1567583232cb1d94e3a18787dacd-8a92a81f179bf72a-00",
        "User-Agent": "azsdk-net-ResourceManager/1.4.0 (.NET 7.0.4; Microsoft Windows 10.0.22621)",
        "x-ms-client-request-id": "8afef6762e337e4f23bf0bc020688e03",
        "x-ms-return-client-request-id": "true"
      },
      "RequestBody": null,
      "StatusCode": 200,
      "ResponseHeaders": {
        "Cache-Control": "no-store, no-cache",
        "Content-Length": "21",
        "Content-Type": "application/json",
        "Date": "Thu, 06 Apr 2023 15:17:20 GMT",
        "Pragma": "no-cache",
        "Server": "Microsoft-HTTPAPI/2.0",
        "Strict-Transport-Security": "max-age=31536000; includeSubDomains",
        "X-Content-Type-Options": "nosniff",
        "x-ms-correlation-request-id": "b74a2b7c-b1d0-4812-93f3-36f5bcb5d56a",
        "x-ms-gatewayversion": "version=2.14.0",
        "x-ms-ratelimit-remaining-subscription-reads": "11701",
        "x-ms-request-id": "b74a2b7c-b1d0-4812-93f3-36f5bcb5d56a",
        "x-ms-routing-request-id": "WESTCENTRALUS:20230406T151720Z:b74a2b7c-b1d0-4812-93f3-36f5bcb5d56a"
      },
      "ResponseBody": {
        "status": "Enqueued"
      }
    },
    {
      "RequestUri": "https://management.azure.com/subscriptions/23587e98-b6ac-4328-a753-03bcd3c8e744/providers/Microsoft.DocumentDB/locations/westus2/operationsStatus/2e56fc17-36bf-41a4-bc32-39937e809316?api-version=2022-11-15-preview",
      "RequestMethod": "GET",
      "RequestHeaders": {
        "Authorization": "Sanitized",
        "traceparent": "00-bccf1567583232cb1d94e3a18787dacd-e657256ced9fd524-00",
        "User-Agent": "azsdk-net-ResourceManager/1.4.0 (.NET 7.0.4; Microsoft Windows 10.0.22621)",
        "x-ms-client-request-id": "251394cc99b03dd90a123adf87379798",
        "x-ms-return-client-request-id": "true"
      },
      "RequestBody": null,
      "StatusCode": 200,
      "ResponseHeaders": {
        "Cache-Control": "no-store, no-cache",
        "Content-Length": "21",
        "Content-Type": "application/json",
        "Date": "Thu, 06 Apr 2023 15:17:21 GMT",
        "Pragma": "no-cache",
        "Server": "Microsoft-HTTPAPI/2.0",
        "Strict-Transport-Security": "max-age=31536000; includeSubDomains",
        "X-Content-Type-Options": "nosniff",
        "x-ms-correlation-request-id": "501974d3-37a1-4eab-b357-107fd73c6be2",
        "x-ms-gatewayversion": "version=2.14.0",
        "x-ms-ratelimit-remaining-subscription-reads": "11700",
        "x-ms-request-id": "501974d3-37a1-4eab-b357-107fd73c6be2",
        "x-ms-routing-request-id": "WESTCENTRALUS:20230406T151721Z:501974d3-37a1-4eab-b357-107fd73c6be2"
      },
      "ResponseBody": {
        "status": "Enqueued"
      }
    },
    {
      "RequestUri": "https://management.azure.com/subscriptions/23587e98-b6ac-4328-a753-03bcd3c8e744/providers/Microsoft.DocumentDB/locations/westus2/operationsStatus/2e56fc17-36bf-41a4-bc32-39937e809316?api-version=2022-11-15-preview",
      "RequestMethod": "GET",
      "RequestHeaders": {
        "Authorization": "Sanitized",
        "traceparent": "00-bccf1567583232cb1d94e3a18787dacd-13a77fbb9659be0f-00",
        "User-Agent": "azsdk-net-ResourceManager/1.4.0 (.NET 7.0.4; Microsoft Windows 10.0.22621)",
        "x-ms-client-request-id": "515612d13cdb54f76066d39b252f1add",
        "x-ms-return-client-request-id": "true"
      },
      "RequestBody": null,
      "StatusCode": 200,
      "ResponseHeaders": {
        "Cache-Control": "no-store, no-cache",
        "Content-Length": "21",
        "Content-Type": "application/json",
        "Date": "Thu, 06 Apr 2023 15:17:22 GMT",
        "Pragma": "no-cache",
        "Server": "Microsoft-HTTPAPI/2.0",
        "Strict-Transport-Security": "max-age=31536000; includeSubDomains",
        "X-Content-Type-Options": "nosniff",
        "x-ms-correlation-request-id": "e554700a-56b4-4c57-9019-d9d675b59178",
        "x-ms-gatewayversion": "version=2.14.0",
        "x-ms-ratelimit-remaining-subscription-reads": "11699",
        "x-ms-request-id": "e554700a-56b4-4c57-9019-d9d675b59178",
        "x-ms-routing-request-id": "WESTCENTRALUS:20230406T151722Z:e554700a-56b4-4c57-9019-d9d675b59178"
      },
      "ResponseBody": {
        "status": "Enqueued"
      }
    },
    {
      "RequestUri": "https://management.azure.com/subscriptions/23587e98-b6ac-4328-a753-03bcd3c8e744/providers/Microsoft.DocumentDB/locations/westus2/operationsStatus/2e56fc17-36bf-41a4-bc32-39937e809316?api-version=2022-11-15-preview",
      "RequestMethod": "GET",
      "RequestHeaders": {
        "Authorization": "Sanitized",
        "traceparent": "00-bccf1567583232cb1d94e3a18787dacd-03c4345e812a51f0-00",
        "User-Agent": "azsdk-net-ResourceManager/1.4.0 (.NET 7.0.4; Microsoft Windows 10.0.22621)",
        "x-ms-client-request-id": "dec67512c182dcdd1dc18020f46ff6ec",
        "x-ms-return-client-request-id": "true"
      },
      "RequestBody": null,
      "StatusCode": 200,
      "ResponseHeaders": {
        "Cache-Control": "no-store, no-cache",
        "Content-Length": "21",
        "Content-Type": "application/json",
        "Date": "Thu, 06 Apr 2023 15:17:24 GMT",
        "Pragma": "no-cache",
        "Server": "Microsoft-HTTPAPI/2.0",
        "Strict-Transport-Security": "max-age=31536000; includeSubDomains",
        "X-Content-Type-Options": "nosniff",
        "x-ms-correlation-request-id": "077223d7-d5fa-417f-a944-d71de8b41615",
        "x-ms-gatewayversion": "version=2.14.0",
        "x-ms-ratelimit-remaining-subscription-reads": "11698",
        "x-ms-request-id": "077223d7-d5fa-417f-a944-d71de8b41615",
        "x-ms-routing-request-id": "WESTCENTRALUS:20230406T151724Z:077223d7-d5fa-417f-a944-d71de8b41615"
      },
      "ResponseBody": {
        "status": "Dequeued"
      }
    },
    {
      "RequestUri": "https://management.azure.com/subscriptions/23587e98-b6ac-4328-a753-03bcd3c8e744/providers/Microsoft.DocumentDB/locations/westus2/operationsStatus/2e56fc17-36bf-41a4-bc32-39937e809316?api-version=2022-11-15-preview",
      "RequestMethod": "GET",
      "RequestHeaders": {
        "Authorization": "Sanitized",
        "traceparent": "00-bccf1567583232cb1d94e3a18787dacd-a85f307b94722362-00",
        "User-Agent": "azsdk-net-ResourceManager/1.4.0 (.NET 7.0.4; Microsoft Windows 10.0.22621)",
        "x-ms-client-request-id": "0eef72273c1290279dbec44ac63d17da",
        "x-ms-return-client-request-id": "true"
      },
      "RequestBody": null,
      "StatusCode": 200,
      "ResponseHeaders": {
        "Cache-Control": "no-store, no-cache",
        "Content-Length": "21",
        "Content-Type": "application/json",
        "Date": "Thu, 06 Apr 2023 15:17:28 GMT",
        "Pragma": "no-cache",
        "Server": "Microsoft-HTTPAPI/2.0",
        "Strict-Transport-Security": "max-age=31536000; includeSubDomains",
        "X-Content-Type-Options": "nosniff",
        "x-ms-correlation-request-id": "f6a005c0-0ac8-4a03-a778-fee201121149",
        "x-ms-gatewayversion": "version=2.14.0",
        "x-ms-ratelimit-remaining-subscription-reads": "11697",
        "x-ms-request-id": "f6a005c0-0ac8-4a03-a778-fee201121149",
        "x-ms-routing-request-id": "WESTCENTRALUS:20230406T151728Z:f6a005c0-0ac8-4a03-a778-fee201121149"
      },
      "ResponseBody": {
        "status": "Dequeued"
      }
    },
    {
      "RequestUri": "https://management.azure.com/subscriptions/23587e98-b6ac-4328-a753-03bcd3c8e744/providers/Microsoft.DocumentDB/locations/westus2/operationsStatus/2e56fc17-36bf-41a4-bc32-39937e809316?api-version=2022-11-15-preview",
      "RequestMethod": "GET",
      "RequestHeaders": {
        "Authorization": "Sanitized",
        "traceparent": "00-bccf1567583232cb1d94e3a18787dacd-8445c0be9c4207c8-00",
        "User-Agent": "azsdk-net-ResourceManager/1.4.0 (.NET 7.0.4; Microsoft Windows 10.0.22621)",
        "x-ms-client-request-id": "12cd5cf8b9700f153579341abbd660f0",
        "x-ms-return-client-request-id": "true"
      },
      "RequestBody": null,
      "StatusCode": 200,
      "ResponseHeaders": {
        "Cache-Control": "no-store, no-cache",
        "Content-Length": "21",
        "Content-Type": "application/json",
        "Date": "Thu, 06 Apr 2023 15:17:36 GMT",
        "Pragma": "no-cache",
        "Server": "Microsoft-HTTPAPI/2.0",
        "Strict-Transport-Security": "max-age=31536000; includeSubDomains",
        "X-Content-Type-Options": "nosniff",
        "x-ms-correlation-request-id": "26c8312e-b2b7-4413-be0f-09163bb1a533",
        "x-ms-gatewayversion": "version=2.14.0",
        "x-ms-ratelimit-remaining-subscription-reads": "11696",
        "x-ms-request-id": "26c8312e-b2b7-4413-be0f-09163bb1a533",
        "x-ms-routing-request-id": "WESTCENTRALUS:20230406T151736Z:26c8312e-b2b7-4413-be0f-09163bb1a533"
      },
      "ResponseBody": {
        "status": "Dequeued"
      }
    },
    {
      "RequestUri": "https://management.azure.com/subscriptions/23587e98-b6ac-4328-a753-03bcd3c8e744/providers/Microsoft.DocumentDB/locations/westus2/operationsStatus/2e56fc17-36bf-41a4-bc32-39937e809316?api-version=2022-11-15-preview",
      "RequestMethod": "GET",
      "RequestHeaders": {
        "Authorization": "Sanitized",
        "traceparent": "00-bccf1567583232cb1d94e3a18787dacd-4b8a728aea934248-00",
        "User-Agent": "azsdk-net-ResourceManager/1.4.0 (.NET 7.0.4; Microsoft Windows 10.0.22621)",
        "x-ms-client-request-id": "b274e76f0c40d6cb4d3540c4fc9316e0",
        "x-ms-return-client-request-id": "true"
      },
      "RequestBody": null,
      "StatusCode": 200,
      "ResponseHeaders": {
        "Cache-Control": "no-store, no-cache",
        "Content-Length": "21",
        "Content-Type": "application/json",
        "Date": "Thu, 06 Apr 2023 15:17:52 GMT",
        "Pragma": "no-cache",
        "Server": "Microsoft-HTTPAPI/2.0",
        "Strict-Transport-Security": "max-age=31536000; includeSubDomains",
        "X-Content-Type-Options": "nosniff",
        "x-ms-correlation-request-id": "ae02d8ee-1e10-4cdc-a60e-c84778ed6bfd",
        "x-ms-gatewayversion": "version=2.14.0",
        "x-ms-ratelimit-remaining-subscription-reads": "11695",
        "x-ms-request-id": "ae02d8ee-1e10-4cdc-a60e-c84778ed6bfd",
        "x-ms-routing-request-id": "WESTCENTRALUS:20230406T151752Z:ae02d8ee-1e10-4cdc-a60e-c84778ed6bfd"
      },
      "ResponseBody": {
        "status": "Dequeued"
      }
    },
    {
      "RequestUri": "https://management.azure.com/subscriptions/23587e98-b6ac-4328-a753-03bcd3c8e744/providers/Microsoft.DocumentDB/locations/westus2/operationsStatus/2e56fc17-36bf-41a4-bc32-39937e809316?api-version=2022-11-15-preview",
      "RequestMethod": "GET",
      "RequestHeaders": {
        "Authorization": "Sanitized",
        "traceparent": "00-bccf1567583232cb1d94e3a18787dacd-0b4e7461121ec4cc-00",
        "User-Agent": "azsdk-net-ResourceManager/1.4.0 (.NET 7.0.4; Microsoft Windows 10.0.22621)",
        "x-ms-client-request-id": "9828a5a9e4a26e7b5ddfd998080dd4c6",
        "x-ms-return-client-request-id": "true"
      },
      "RequestBody": null,
      "StatusCode": 200,
      "ResponseHeaders": {
        "Cache-Control": "no-store, no-cache",
        "Content-Length": "21",
        "Content-Type": "application/json",
        "Date": "Thu, 06 Apr 2023 15:18:24 GMT",
        "Pragma": "no-cache",
        "Server": "Microsoft-HTTPAPI/2.0",
        "Strict-Transport-Security": "max-age=31536000; includeSubDomains",
        "X-Content-Type-Options": "nosniff",
        "x-ms-correlation-request-id": "30c55d5d-1ec7-4a92-8b9e-5a832dccb5ad",
        "x-ms-gatewayversion": "version=2.14.0",
        "x-ms-ratelimit-remaining-subscription-reads": "11694",
        "x-ms-request-id": "30c55d5d-1ec7-4a92-8b9e-5a832dccb5ad",
        "x-ms-routing-request-id": "WESTCENTRALUS:20230406T151825Z:30c55d5d-1ec7-4a92-8b9e-5a832dccb5ad"
      },
      "ResponseBody": {
        "status": "Dequeued"
      }
    },
    {
      "RequestUri": "https://management.azure.com/subscriptions/23587e98-b6ac-4328-a753-03bcd3c8e744/providers/Microsoft.DocumentDB/locations/westus2/operationsStatus/2e56fc17-36bf-41a4-bc32-39937e809316?api-version=2022-11-15-preview",
      "RequestMethod": "GET",
      "RequestHeaders": {
        "Authorization": "Sanitized",
        "traceparent": "00-bccf1567583232cb1d94e3a18787dacd-54ce142847d2412b-00",
        "User-Agent": "azsdk-net-ResourceManager/1.4.0 (.NET 7.0.4; Microsoft Windows 10.0.22621)",
        "x-ms-client-request-id": "dedad35d64c8ec9a90f6c43a785112a1",
        "x-ms-return-client-request-id": "true"
      },
      "RequestBody": null,
      "StatusCode": 200,
      "ResponseHeaders": {
        "Cache-Control": "no-store, no-cache",
        "Content-Length": "21",
        "Content-Type": "application/json",
        "Date": "Thu, 06 Apr 2023 15:18:56 GMT",
        "Pragma": "no-cache",
        "Server": "Microsoft-HTTPAPI/2.0",
        "Strict-Transport-Security": "max-age=31536000; includeSubDomains",
        "X-Content-Type-Options": "nosniff",
        "x-ms-correlation-request-id": "0558d4f6-509d-455e-961b-7b6601041db1",
        "x-ms-gatewayversion": "version=2.14.0",
        "x-ms-ratelimit-remaining-subscription-reads": "11693",
        "x-ms-request-id": "0558d4f6-509d-455e-961b-7b6601041db1",
        "x-ms-routing-request-id": "WESTCENTRALUS:20230406T151857Z:0558d4f6-509d-455e-961b-7b6601041db1"
      },
      "ResponseBody": {
        "status": "Dequeued"
      }
    },
    {
      "RequestUri": "https://management.azure.com/subscriptions/23587e98-b6ac-4328-a753-03bcd3c8e744/providers/Microsoft.DocumentDB/locations/westus2/operationsStatus/2e56fc17-36bf-41a4-bc32-39937e809316?api-version=2022-11-15-preview",
      "RequestMethod": "GET",
      "RequestHeaders": {
        "Authorization": "Sanitized",
        "traceparent": "00-bccf1567583232cb1d94e3a18787dacd-62904ef250b9fb84-00",
        "User-Agent": "azsdk-net-ResourceManager/1.4.0 (.NET 7.0.4; Microsoft Windows 10.0.22621)",
        "x-ms-client-request-id": "16705362c8ae8a4e6b0655603333cd3f",
        "x-ms-return-client-request-id": "true"
      },
      "RequestBody": null,
      "StatusCode": 200,
      "ResponseHeaders": {
        "Cache-Control": "no-store, no-cache",
        "Content-Length": "21",
        "Content-Type": "application/json",
        "Date": "Thu, 06 Apr 2023 15:19:28 GMT",
        "Pragma": "no-cache",
        "Server": "Microsoft-HTTPAPI/2.0",
        "Strict-Transport-Security": "max-age=31536000; includeSubDomains",
        "X-Content-Type-Options": "nosniff",
        "x-ms-correlation-request-id": "1df1a24e-2718-40f7-9101-903b9cb7d4e1",
        "x-ms-gatewayversion": "version=2.14.0",
        "x-ms-ratelimit-remaining-subscription-reads": "11692",
        "x-ms-request-id": "1df1a24e-2718-40f7-9101-903b9cb7d4e1",
        "x-ms-routing-request-id": "WESTCENTRALUS:20230406T151929Z:1df1a24e-2718-40f7-9101-903b9cb7d4e1"
      },
      "ResponseBody": {
        "status": "Dequeued"
      }
    },
    {
      "RequestUri": "https://management.azure.com/subscriptions/23587e98-b6ac-4328-a753-03bcd3c8e744/providers/Microsoft.DocumentDB/locations/westus2/operationsStatus/2e56fc17-36bf-41a4-bc32-39937e809316?api-version=2022-11-15-preview",
      "RequestMethod": "GET",
      "RequestHeaders": {
        "Authorization": "Sanitized",
        "traceparent": "00-bccf1567583232cb1d94e3a18787dacd-192c2ce820d9e9ee-00",
        "User-Agent": "azsdk-net-ResourceManager/1.4.0 (.NET 7.0.4; Microsoft Windows 10.0.22621)",
        "x-ms-client-request-id": "28667a6137b845170a3b07ab2040f50b",
        "x-ms-return-client-request-id": "true"
      },
      "RequestBody": null,
      "StatusCode": 200,
      "ResponseHeaders": {
        "Cache-Control": "no-store, no-cache",
        "Content-Length": "22",
        "Content-Type": "application/json",
        "Date": "Thu, 06 Apr 2023 15:20:00 GMT",
        "Pragma": "no-cache",
        "Server": "Microsoft-HTTPAPI/2.0",
        "Strict-Transport-Security": "max-age=31536000; includeSubDomains",
        "X-Content-Type-Options": "nosniff",
        "x-ms-correlation-request-id": "8713a79f-b94e-4a9d-b2c1-c809b104bb95",
        "x-ms-gatewayversion": "version=2.14.0",
        "x-ms-ratelimit-remaining-subscription-reads": "11737",
        "x-ms-request-id": "8713a79f-b94e-4a9d-b2c1-c809b104bb95",
        "x-ms-routing-request-id": "WESTCENTRALUS:20230406T152001Z:8713a79f-b94e-4a9d-b2c1-c809b104bb95"
      },
      "ResponseBody": {
        "status": "Succeeded"
      }
    },
    {
      "RequestUri": "https://management.azure.com/subscriptions/23587e98-b6ac-4328-a753-03bcd3c8e744/resourceGroups/dbaccount-7566/providers/Microsoft.DocumentDB/databaseAccounts/dbaccount-5332/privateEndpointConnections/pe-4477?api-version=2022-11-15-preview",
      "RequestMethod": "GET",
      "RequestHeaders": {
        "Accept": "application/json",
        "Authorization": "Sanitized",
        "traceparent": "00-add17a24355308c349f6d10b39ccccf1-5e1a436c3707df21-00",
        "User-Agent": "azsdk-net-ResourceManager.CosmosDB/1.3.0-alpha.20230405.1 (.NET 7.0.4; Microsoft Windows 10.0.22621)",
        "x-ms-client-request-id": "b43537cdbd9d9517854f73c20f39b95d",
        "x-ms-return-client-request-id": "true"
      },
      "RequestBody": null,
      "StatusCode": 404,
      "ResponseHeaders": {
        "Cache-Control": "no-store, no-cache",
        "Content-Length": "175",
        "Content-Type": "application/json",
        "Date": "Thu, 06 Apr 2023 15:20:00 GMT",
        "Pragma": "no-cache",
        "Server": "Microsoft-HTTPAPI/2.0",
        "Strict-Transport-Security": "max-age=31536000; includeSubDomains",
        "X-Content-Type-Options": "nosniff",
        "x-ms-correlation-request-id": "52daa83d-38d9-408a-9a3c-739b548f09b5",
        "x-ms-gatewayversion": "version=2.14.0",
        "x-ms-ratelimit-remaining-subscription-reads": "11736",
        "x-ms-request-id": "52daa83d-38d9-408a-9a3c-739b548f09b5",
        "x-ms-routing-request-id": "WESTCENTRALUS:20230406T152001Z:52daa83d-38d9-408a-9a3c-739b548f09b5"
      },
      "ResponseBody": {
        "code": "NotFound",
        "message": "Private endpoint connection \u0027pe-4477\u0027 is not found\r\nActivityId: b43537cd-bd9d-9517-854f-73c20f39b95d, Microsoft.Azure.Documents.Common/2.14.0"
      }
    },
    {
      "RequestUri": "https://management.azure.com/subscriptions/23587e98-b6ac-4328-a753-03bcd3c8e744/resourceGroups/dbaccount-7566/providers/Microsoft.DocumentDB/databaseAccounts/dbaccount-5332/privateEndpointConnections?api-version=2022-11-15-preview",
      "RequestMethod": "GET",
      "RequestHeaders": {
        "Accept": "application/json",
        "Authorization": "Sanitized",
        "traceparent": "00-6641e72cd088c522285349746f33e271-76a3e605af1ca097-00",
        "User-Agent": "azsdk-net-ResourceManager.CosmosDB/1.3.0-alpha.20230405.1 (.NET 7.0.4; Microsoft Windows 10.0.22621)",
        "x-ms-client-request-id": "fed98528e9ea2be93c2a0c72c0a26a2a",
        "x-ms-return-client-request-id": "true"
      },
      "RequestBody": null,
      "StatusCode": 200,
      "ResponseHeaders": {
        "Cache-Control": "no-store, no-cache",
        "Content-Length": "12",
        "Content-Type": "application/json",
        "Date": "Thu, 06 Apr 2023 15:20:00 GMT",
        "Pragma": "no-cache",
        "Server": "Microsoft-HTTPAPI/2.0",
        "Strict-Transport-Security": "max-age=31536000; includeSubDomains",
        "X-Content-Type-Options": "nosniff",
        "x-ms-correlation-request-id": "4c7881f0-0ac6-4d5b-88b5-dc48dc0c34f7",
        "x-ms-gatewayversion": "version=2.14.0",
        "x-ms-ratelimit-remaining-subscription-reads": "11735",
        "x-ms-request-id": "4c7881f0-0ac6-4d5b-88b5-dc48dc0c34f7",
        "x-ms-routing-request-id": "WESTCENTRALUS:20230406T152001Z:4c7881f0-0ac6-4d5b-88b5-dc48dc0c34f7"
      },
      "ResponseBody": {
        "value": []
      }
    }
  ],
  "Variables": {
    "AZURE_AUTHORITY_HOST": "https://login.microsoftonline.com/",
    "RandomSeed": "1982516689",
    "RESOURCE_MANAGER_URL": "https://management.azure.com/",
    "SUBSCRIPTION_ID": "23587e98-b6ac-4328-a753-03bcd3c8e744"
  }
}
