{
  "Entries": [
    {
      "RequestUri": "https://management.azure.com/subscriptions/710e347c-9ac8-408c-90fe-f8cfc44bf967/resourcegroups/dbaccount-2773?api-version=**",
      "RequestMethod": "GET",
      "RequestHeaders": {
        "Accept": "application/json",
        "Authorization": "Sanitized",
        "traceparent": "00-227065e15d4010d36b7089e1cdeb3a00-104be07ab53a1b7e-00",
        "User-Agent": "azsdk-net-ResourceManager/1.4.0 (.NET 7.0.4; Microsoft Windows 10.0.22621)",
        "x-ms-client-request-id": "46b8bbddd0cd1d20513ebb637164c1a2",
        "x-ms-return-client-request-id": "true"
      },
      "RequestBody": null,
      "StatusCode": 200,
      "ResponseHeaders": {
        "Cache-Control": "no-cache",
        "Content-Length": "226",
        "Content-Type": "application/json; charset=utf-8",
        "Date": "Sat, 01 Apr 2023 03:06:08 GMT",
        "Expires": "-1",
        "Pragma": "no-cache",
        "Strict-Transport-Security": "max-age=31536000; includeSubDomains",
        "X-Content-Type-Options": "nosniff",
        "x-ms-correlation-request-id": "77b65d49-8466-4c3f-ae15-8c0cc2781d4f",
        "x-ms-ratelimit-remaining-subscription-reads": "11733",
        "x-ms-request-id": "77b65d49-8466-4c3f-ae15-8c0cc2781d4f",
        "x-ms-routing-request-id": "EASTUS:20230401T030609Z:77b65d49-8466-4c3f-ae15-8c0cc2781d4f"
      },
      "ResponseBody": {
        "id": "/subscriptions/710e347c-9ac8-408c-90fe-f8cfc44bf967/resourceGroups/dbaccount-2773",
        "name": "dbaccount-2773",
        "type": "Microsoft.Resources/resourceGroups",
        "location": "westus2",
        "properties": {
          "provisioningState": "Succeeded"
        }
      }
    },
    {
      "RequestUri": "https://management.azure.com/subscriptions/710e347c-9ac8-408c-90fe-f8cfc44bf967/resourceGroups/dbaccount-2773/providers/Microsoft.DocumentDB/databaseAccounts/dbaccount-7755?api-version=2022-11-15",
      "RequestMethod": "GET",
      "RequestHeaders": {
        "Accept": "application/json",
        "Authorization": "Sanitized",
        "traceparent": "00-581817a9ecd0beeff7bb5459d27c39cb-866dfc71e6f77690-00",
        "User-Agent": "azsdk-net-ResourceManager.CosmosDB/1.3.0-alpha.20230330.1 (.NET 7.0.4; Microsoft Windows 10.0.22621)",
        "x-ms-client-request-id": "b1f0b690c143dc0fb7e3e24e32071cc3",
        "x-ms-return-client-request-id": "true"
      },
      "RequestBody": null,
      "StatusCode": 200,
      "ResponseHeaders": {
        "Cache-Control": "no-store, no-cache",
        "Content-Length": "2913",
        "Content-Type": "application/json",
        "Date": "Sat, 01 Apr 2023 03:06:08 GMT",
        "Pragma": "no-cache",
        "Server": "Microsoft-HTTPAPI/2.0",
        "Strict-Transport-Security": "max-age=31536000; includeSubDomains",
        "X-Content-Type-Options": "nosniff",
        "x-ms-correlation-request-id": "0c89f20c-9d76-45dd-964b-a13a95c13fbe",
        "x-ms-gatewayversion": "version=2.14.0",
        "x-ms-ratelimit-remaining-subscription-reads": "11732",
        "x-ms-request-id": "0c89f20c-9d76-45dd-964b-a13a95c13fbe",
        "x-ms-routing-request-id": "EASTUS:20230401T030609Z:0c89f20c-9d76-45dd-964b-a13a95c13fbe"
      },
      "ResponseBody": {
        "id": "/subscriptions/710e347c-9ac8-408c-90fe-f8cfc44bf967/resourceGroups/dbaccount-2773/providers/Microsoft.DocumentDB/databaseAccounts/dbaccount-7755",
        "name": "dbaccount-7755",
        "location": "West US 2",
        "type": "Microsoft.DocumentDB/databaseAccounts",
        "kind": "MongoDB",
        "tags": {
          "key1": "value1",
          "key2": "value2"
        },
        "systemData": {
          "createdAt": "2023-04-01T02:47:30.1584897Z"
        },
        "properties": {
          "provisioningState": "Succeeded",
          "documentEndpoint": "https://dbaccount-7755.documents.azure.com:443/",
          "sqlEndpoint": "https://dbaccount-7755.documents.azure.com:443/",
          "mongoEndpoint": "https://dbaccount-7755.mongo.cosmos.azure.com:443/",
          "publicNetworkAccess": "Enabled",
          "enableAutomaticFailover": false,
          "enableMultipleWriteLocations": false,
          "enablePartitionKeyMonitor": false,
          "isVirtualNetworkFilterEnabled": true,
          "virtualNetworkRules": [],
          "EnabledApiTypes": "MongoDB",
          "disableKeyBasedMetadataWriteAccess": false,
          "enableFreeTier": false,
          "enableAnalyticalStorage": false,
          "analyticalStorageConfiguration": {
            "schemaType": "FullFidelity"
          },
          "instanceId": "61e5a042-f306-4f95-8f80-aa73ba76fb9e",
          "databaseAccountOfferType": "Standard",
          "enableCassandraConnector": false,
          "connectorOffer": "Small",
          "defaultIdentity": "FirstPartyIdentity",
          "networkAclBypass": "None",
          "disableLocalAuth": false,
          "enablePartitionMerge": false,
          "minimalTlsVersion": "Tls12",
          "consistencyPolicy": {
            "defaultConsistencyLevel": "BoundedStaleness",
            "maxIntervalInSeconds": 1000,
            "maxStalenessPrefix": 300
          },
          "apiProperties": {
            "serverVersion": "3.6"
          },
          "configurationOverrides": {
            "EnableBsonSchema": "True"
          },
          "writeLocations": [
            {
              "id": "dbaccount-7755-westus",
              "locationName": "West US",
              "documentEndpoint": "https://dbaccount-7755-westus.documents.azure.com:443/",
              "provisioningState": "Succeeded",
              "failoverPriority": 0,
              "isZoneRedundant": false
            }
          ],
          "readLocations": [
            {
              "id": "dbaccount-7755-westus",
              "locationName": "West US",
              "documentEndpoint": "https://dbaccount-7755-westus.documents.azure.com:443/",
              "provisioningState": "Succeeded",
              "failoverPriority": 0,
              "isZoneRedundant": false
            }
          ],
          "locations": [
            {
              "id": "dbaccount-7755-westus",
              "locationName": "West US",
              "documentEndpoint": "https://dbaccount-7755-westus.documents.azure.com:443/",
              "provisioningState": "Succeeded",
              "failoverPriority": 0,
              "isZoneRedundant": false
            }
          ],
          "failoverPolicies": [
            {
              "id": "dbaccount-7755-westus",
              "locationName": "West US",
              "failoverPriority": 0
            }
          ],
          "cors": [],
          "capabilities": [
            {
              "name": "EnableMongo"
            }
          ],
          "ipRules": [
            {
              "ipAddressOrRange": "23.43.230.120"
            }
          ],
          "backupPolicy": {
            "type": "Periodic",
            "periodicModeProperties": {
              "backupIntervalInMinutes": 240,
              "backupRetentionIntervalInHours": 8,
              "backupStorageRedundancy": "Geo"
            }
          },
          "networkAclBypassResourceIds": [],
          "keysMetadata": {
            "primaryMasterKey": {
              "generationTime": "2023-04-01T02:47:30.1584897Z"
            },
            "secondaryMasterKey": {
              "generationTime": "2023-04-01T02:47:30.1584897Z"
            },
            "primaryReadonlyMasterKey": {
              "generationTime": "2023-04-01T02:47:30.1584897Z"
            },
            "secondaryReadonlyMasterKey": {
              "generationTime": "2023-04-01T02:47:30.1584897Z"
            }
          }
        },
        "identity": {
          "type": "None"
        }
      }
    },
    {
      "RequestUri": "https://management.azure.com/subscriptions/710e347c-9ac8-408c-90fe-f8cfc44bf967/resourceGroups/dbaccount-2773/providers/Microsoft.Network/virtualNetworks/vnet-350?api-version=2021-02-01",
      "RequestMethod": "PUT",
      "RequestHeaders": {
        "Accept": "application/json",
        "Authorization": "Sanitized",
        "Content-Length": "260",
        "Content-Type": "application/json",
        "traceparent": "00-d4db0b0d16ca91ac5284f088b1633b12-d0b6786d58c31937-00",
        "User-Agent": "azsdk-net-ResourceManager.Network/1.1.0 (.NET 7.0.4; Microsoft Windows 10.0.22621)",
        "x-ms-client-request-id": "dcba49dcd0db5274daddd8dc2b9f95e7",
        "x-ms-return-client-request-id": "true"
      },
      "RequestBody": {
        "location": "westus",
        "properties": {
          "addressSpace": {
            "addressPrefixes": [
              "10.0.0.0/16"
            ]
          },
          "dhcpOptions": {
            "dnsServers": [
              "10.1.1.1",
              "10.1.2.4"
            ]
          },
          "subnets": [
            {
              "name": "default",
              "properties": {
                "addressPrefix": "10.0.1.0/24",
                "privateEndpointNetworkPolicies": "Disabled"
              }
            }
          ]
        }
      },
      "StatusCode": 201,
      "ResponseHeaders": {
        "azure-asyncnotification": "Enabled",
        "azure-asyncoperation": "https://management.azure.com/subscriptions/710e347c-9ac8-408c-90fe-f8cfc44bf967/providers/Microsoft.Network/locations/westus/operations/a65d11b9-d289-431f-9607-1b06551ac33b?api-version=2021-02-01",
        "Cache-Control": "no-cache",
        "Content-Length": "1325",
        "Content-Type": "application/json; charset=utf-8",
        "Date": "Sat, 01 Apr 2023 03:06:10 GMT",
        "Expires": "-1",
        "Pragma": "no-cache",
        "Retry-After": "3",
        "Server": [
          "Microsoft-HTTPAPI/2.0",
          "Microsoft-HTTPAPI/2.0"
        ],
        "Strict-Transport-Security": "max-age=31536000; includeSubDomains",
        "X-Content-Type-Options": "nosniff",
        "x-ms-arm-service-request-id": "a45c8378-120a-4866-820e-396467c7622b",
        "x-ms-client-request-id": "dcba49dcd0db5274daddd8dc2b9f95e7",
        "x-ms-correlation-request-id": "2636cb0a-c643-4d3e-a583-4af10df7c3c6",
        "x-ms-ratelimit-remaining-subscription-writes": "1185",
        "x-ms-request-id": "a65d11b9-d289-431f-9607-1b06551ac33b",
        "x-ms-routing-request-id": "EASTUS:20230401T030611Z:2636cb0a-c643-4d3e-a583-4af10df7c3c6"
      },
      "ResponseBody": {
        "name": "vnet-350",
        "id": "/subscriptions/710e347c-9ac8-408c-90fe-f8cfc44bf967/resourceGroups/dbaccount-2773/providers/Microsoft.Network/virtualNetworks/vnet-350",
        "etag": "W/\u0022df2acbfb-9ae8-400e-b626-548ac48257b0\u0022",
        "type": "Microsoft.Network/virtualNetworks",
        "location": "westus",
        "properties": {
          "provisioningState": "Updating",
          "resourceGuid": "bdb17257-2291-44e3-b0d9-101a8a88e60a",
          "addressSpace": {
            "addressPrefixes": [
              "10.0.0.0/16"
            ]
          },
          "dhcpOptions": {
            "dnsServers": [
              "10.1.1.1",
              "10.1.2.4"
            ]
          },
          "subnets": [
            {
              "name": "default",
              "id": "/subscriptions/710e347c-9ac8-408c-90fe-f8cfc44bf967/resourceGroups/dbaccount-2773/providers/Microsoft.Network/virtualNetworks/vnet-350/subnets/default",
              "etag": "W/\u0022df2acbfb-9ae8-400e-b626-548ac48257b0\u0022",
              "properties": {
                "provisioningState": "Updating",
                "addressPrefix": "10.0.1.0/24",
                "delegations": [],
                "privateEndpointNetworkPolicies": "Disabled",
                "privateLinkServiceNetworkPolicies": "Enabled"
              },
              "type": "Microsoft.Network/virtualNetworks/subnets"
            }
          ],
          "virtualNetworkPeerings": [],
          "enableDdosProtection": false
        }
      }
    },
    {
      "RequestUri": "https://management.azure.com/subscriptions/710e347c-9ac8-408c-90fe-f8cfc44bf967/providers/Microsoft.Network/locations/westus/operations/a65d11b9-d289-431f-9607-1b06551ac33b?api-version=2021-02-01",
      "RequestMethod": "GET",
      "RequestHeaders": {
        "Authorization": "Sanitized",
        "traceparent": "00-d4db0b0d16ca91ac5284f088b1633b12-cfdb84fb988d7063-00",
        "User-Agent": "azsdk-net-ResourceManager/1.4.0 (.NET 7.0.4; Microsoft Windows 10.0.22621)",
        "x-ms-client-request-id": "1b9530f7c506e5b47c5e68e336ff8c44",
        "x-ms-return-client-request-id": "true"
      },
      "RequestBody": null,
      "StatusCode": 200,
      "ResponseHeaders": {
        "Cache-Control": "no-cache",
        "Content-Length": "30",
        "Content-Type": "application/json; charset=utf-8",
        "Date": "Sat, 01 Apr 2023 03:06:11 GMT",
        "Expires": "-1",
        "Pragma": "no-cache",
        "Retry-After": "10",
        "Server": [
          "Microsoft-HTTPAPI/2.0",
          "Microsoft-HTTPAPI/2.0"
        ],
        "Strict-Transport-Security": "max-age=31536000; includeSubDomains",
        "X-Content-Type-Options": "nosniff",
        "x-ms-arm-service-request-id": "1bc7feca-2da3-4e5c-a2ae-e023fbe2ece5",
        "x-ms-client-request-id": "1b9530f7c506e5b47c5e68e336ff8c44",
        "x-ms-correlation-request-id": "47da5acb-fbf6-4546-bac4-80a01928d7fc",
        "x-ms-ratelimit-remaining-subscription-reads": "11731",
        "x-ms-request-id": "733679bd-4b75-4738-9339-aa28800a1fa8",
        "x-ms-routing-request-id": "EASTUS:20230401T030611Z:47da5acb-fbf6-4546-bac4-80a01928d7fc"
      },
      "ResponseBody": {
        "status": "InProgress"
      }
    },
    {
      "RequestUri": "https://management.azure.com/subscriptions/710e347c-9ac8-408c-90fe-f8cfc44bf967/providers/Microsoft.Network/locations/westus/operations/a65d11b9-d289-431f-9607-1b06551ac33b?api-version=2021-02-01",
      "RequestMethod": "GET",
      "RequestHeaders": {
        "Authorization": "Sanitized",
        "traceparent": "00-d4db0b0d16ca91ac5284f088b1633b12-809abab559a32794-00",
        "User-Agent": "azsdk-net-ResourceManager/1.4.0 (.NET 7.0.4; Microsoft Windows 10.0.22621)",
        "x-ms-client-request-id": "24b4674c228a8a5c2d0d014de78681ef",
        "x-ms-return-client-request-id": "true"
      },
      "RequestBody": null,
      "StatusCode": 200,
      "ResponseHeaders": {
        "Cache-Control": "no-cache",
        "Content-Length": "29",
        "Content-Type": "application/json; charset=utf-8",
        "Date": "Sat, 01 Apr 2023 03:06:21 GMT",
        "Expires": "-1",
        "Pragma": "no-cache",
        "Server": [
          "Microsoft-HTTPAPI/2.0",
          "Microsoft-HTTPAPI/2.0"
        ],
        "Strict-Transport-Security": "max-age=31536000; includeSubDomains",
        "X-Content-Type-Options": "nosniff",
        "x-ms-arm-service-request-id": "e4abda80-1eb0-4c3f-81cb-05be3e686d26",
        "x-ms-client-request-id": "24b4674c228a8a5c2d0d014de78681ef",
        "x-ms-correlation-request-id": "a8ed17d6-e1a4-4f0d-88e1-10903d4943b7",
        "x-ms-ratelimit-remaining-subscription-reads": "11730",
        "x-ms-request-id": "e9d7e77c-2fb2-4233-b0b0-3b6fb73b31c9",
        "x-ms-routing-request-id": "EASTUS:20230401T030621Z:a8ed17d6-e1a4-4f0d-88e1-10903d4943b7"
      },
      "ResponseBody": {
        "status": "Succeeded"
      }
    },
    {
      "RequestUri": "https://management.azure.com/subscriptions/710e347c-9ac8-408c-90fe-f8cfc44bf967/resourceGroups/dbaccount-2773/providers/Microsoft.Network/virtualNetworks/vnet-350?api-version=2021-02-01",
      "RequestMethod": "GET",
      "RequestHeaders": {
        "Authorization": "Sanitized",
        "traceparent": "00-d4db0b0d16ca91ac5284f088b1633b12-103f61f4897f31d5-00",
        "User-Agent": "azsdk-net-ResourceManager/1.4.0 (.NET 7.0.4; Microsoft Windows 10.0.22621)",
        "x-ms-client-request-id": "fbe4b6937a0ab7e02dac2578e83876dc",
        "x-ms-return-client-request-id": "true"
      },
      "RequestBody": null,
      "StatusCode": 200,
      "ResponseHeaders": {
        "Cache-Control": "no-cache",
        "Content-Length": "1327",
        "Content-Type": "application/json; charset=utf-8",
        "Date": "Sat, 01 Apr 2023 03:06:21 GMT",
        "ETag": "W/\u00228139ab00-e867-4b46-8b6c-d3cca52a16d8\u0022",
        "Expires": "-1",
        "Pragma": "no-cache",
        "Server": [
          "Microsoft-HTTPAPI/2.0",
          "Microsoft-HTTPAPI/2.0"
        ],
        "Strict-Transport-Security": "max-age=31536000; includeSubDomains",
        "X-Content-Type-Options": "nosniff",
        "x-ms-arm-service-request-id": "09a26def-17d7-4d13-add4-1656e191908d",
        "x-ms-client-request-id": "fbe4b6937a0ab7e02dac2578e83876dc",
        "x-ms-correlation-request-id": "d1240c82-6131-4511-aa3d-81d7962a4daa",
        "x-ms-ratelimit-remaining-subscription-reads": "11729",
        "x-ms-request-id": "529de9e6-b7cf-406c-ae0f-5fb014b6ddd5",
        "x-ms-routing-request-id": "EASTUS:20230401T030622Z:d1240c82-6131-4511-aa3d-81d7962a4daa"
      },
      "ResponseBody": {
        "name": "vnet-350",
        "id": "/subscriptions/710e347c-9ac8-408c-90fe-f8cfc44bf967/resourceGroups/dbaccount-2773/providers/Microsoft.Network/virtualNetworks/vnet-350",
        "etag": "W/\u00228139ab00-e867-4b46-8b6c-d3cca52a16d8\u0022",
        "type": "Microsoft.Network/virtualNetworks",
        "location": "westus",
        "properties": {
          "provisioningState": "Succeeded",
          "resourceGuid": "bdb17257-2291-44e3-b0d9-101a8a88e60a",
          "addressSpace": {
            "addressPrefixes": [
              "10.0.0.0/16"
            ]
          },
          "dhcpOptions": {
            "dnsServers": [
              "10.1.1.1",
              "10.1.2.4"
            ]
          },
          "subnets": [
            {
              "name": "default",
              "id": "/subscriptions/710e347c-9ac8-408c-90fe-f8cfc44bf967/resourceGroups/dbaccount-2773/providers/Microsoft.Network/virtualNetworks/vnet-350/subnets/default",
              "etag": "W/\u00228139ab00-e867-4b46-8b6c-d3cca52a16d8\u0022",
              "properties": {
                "provisioningState": "Succeeded",
                "addressPrefix": "10.0.1.0/24",
                "delegations": [],
                "privateEndpointNetworkPolicies": "Disabled",
                "privateLinkServiceNetworkPolicies": "Enabled"
              },
              "type": "Microsoft.Network/virtualNetworks/subnets"
            }
          ],
          "virtualNetworkPeerings": [],
          "enableDdosProtection": false
        }
      }
    },
    {
      "RequestUri": "https://management.azure.com/subscriptions/710e347c-9ac8-408c-90fe-f8cfc44bf967/resourceGroups/dbaccount-2773/providers/Microsoft.Network/privateEndpoints/pe-1793?api-version=2021-02-01",
      "RequestMethod": "PUT",
      "RequestHeaders": {
        "Accept": "application/json",
        "Authorization": "Sanitized",
        "Content-Length": "720",
        "Content-Type": "application/json",
        "traceparent": "00-f7a13cd5665473621baabd9febf4e057-9a6db5bb2d2097bb-00",
        "User-Agent": "azsdk-net-ResourceManager.Network/1.1.0 (.NET 7.0.4; Microsoft Windows 10.0.22621)",
        "x-ms-client-request-id": "25366aa1d5980ad3edf8c467fef5dc79",
        "x-ms-return-client-request-id": "true"
      },
      "RequestBody": {
        "location": "westus",
        "properties": {
          "subnet": {
            "id": "/subscriptions/710e347c-9ac8-408c-90fe-f8cfc44bf967/resourceGroups/dbaccount-2773/providers/Microsoft.Network/virtualNetworks/vnet-350/subnets/default",
            "name": "default",
            "type": "Microsoft.Network/virtualNetworks/subnets",
            "properties": {
              "addressPrefix": "10.0.1.0/24",
              "delegations": [],
              "privateEndpointNetworkPolicies": "Disabled",
              "privateLinkServiceNetworkPolicies": "Enabled"
            }
          },
          "manualPrivateLinkServiceConnections": [
            {
              "name": "pec3686",
              "properties": {
                "privateLinkServiceId": "/subscriptions/710e347c-9ac8-408c-90fe-f8cfc44bf967/resourceGroups/dbaccount-2773/providers/Microsoft.DocumentDB/databaseAccounts/dbaccount-7755",
                "groupIds": [
                  "MongoDB"
                ],
                "requestMessage": "SDK test"
              }
            }
          ]
        }
      },
      "StatusCode": 201,
      "ResponseHeaders": {
        "azure-asyncnotification": "Enabled",
        "azure-asyncoperation": "https://management.azure.com/subscriptions/710e347c-9ac8-408c-90fe-f8cfc44bf967/providers/Microsoft.Network/locations/westus/operations/3e8c4816-89b5-44e7-afb0-bba1167581a8?api-version=2021-02-01",
        "Cache-Control": "no-cache",
        "Content-Length": "1930",
        "Content-Type": "application/json; charset=utf-8",
        "Date": "Sat, 01 Apr 2023 03:06:22 GMT",
        "Expires": "-1",
        "Pragma": "no-cache",
        "Retry-After": "10",
        "Server": [
          "Microsoft-HTTPAPI/2.0",
          "Microsoft-HTTPAPI/2.0"
        ],
        "Strict-Transport-Security": "max-age=31536000; includeSubDomains",
        "X-Content-Type-Options": "nosniff",
        "x-ms-arm-service-request-id": "1f3d4ca4-b5ff-4dd7-a49e-bb00d89bd41d",
        "x-ms-client-request-id": "25366aa1d5980ad3edf8c467fef5dc79",
        "x-ms-correlation-request-id": "7c6a8ded-8355-4b41-b4ab-08a33502fd60",
        "x-ms-ratelimit-remaining-subscription-writes": "1184",
        "x-ms-request-id": "3e8c4816-89b5-44e7-afb0-bba1167581a8",
        "x-ms-routing-request-id": "EASTUS:20230401T030623Z:7c6a8ded-8355-4b41-b4ab-08a33502fd60"
      },
      "ResponseBody": {
        "name": "pe-1793",
        "id": "/subscriptions/710e347c-9ac8-408c-90fe-f8cfc44bf967/resourceGroups/dbaccount-2773/providers/Microsoft.Network/privateEndpoints/pe-1793",
        "etag": "W/\u0022c632228d-e7c3-4e11-bf78-2bde46f6ad4c\u0022",
        "type": "Microsoft.Network/privateEndpoints",
        "location": "westus",
        "properties": {
          "provisioningState": "Updating",
          "resourceGuid": "c3ac8ee8-103e-42cf-8dcf-4eaca27d0b0a",
          "privateLinkServiceConnections": [],
          "manualPrivateLinkServiceConnections": [
            {
              "name": "pec3686",
              "id": "/subscriptions/710e347c-9ac8-408c-90fe-f8cfc44bf967/resourceGroups/dbaccount-2773/providers/Microsoft.Network/privateEndpoints/pe-1793/manualPrivateLinkServiceConnections/pec3686",
              "etag": "W/\u0022c632228d-e7c3-4e11-bf78-2bde46f6ad4c\u0022",
              "properties": {
                "provisioningState": "Succeeded",
                "privateLinkServiceId": "/subscriptions/710e347c-9ac8-408c-90fe-f8cfc44bf967/resourceGroups/dbaccount-2773/providers/Microsoft.DocumentDB/databaseAccounts/dbaccount-7755",
                "groupIds": [
                  "MongoDB"
                ],
                "requestMessage": "SDK test",
                "privateLinkServiceConnectionState": {
                  "status": "Pending",
                  "description": "SDK test",
                  "actionsRequired": "None"
                }
              },
              "type": "Microsoft.Network/privateEndpoints/manualPrivateLinkServiceConnections"
            }
          ],
          "subnet": {
            "id": "/subscriptions/710e347c-9ac8-408c-90fe-f8cfc44bf967/resourceGroups/dbaccount-2773/providers/Microsoft.Network/virtualNetworks/vnet-350/subnets/default"
          },
          "networkInterfaces": [
            {
              "id": "/subscriptions/710e347c-9ac8-408c-90fe-f8cfc44bf967/resourceGroups/dbaccount-2773/providers/Microsoft.Network/networkInterfaces/pe-1793.nic.a6e4f21c-3e61-4a62-9470-b96a95f6c459"
            }
          ],
          "customDnsConfigs": []
        }
      }
    },
    {
      "RequestUri": "https://management.azure.com/subscriptions/710e347c-9ac8-408c-90fe-f8cfc44bf967/providers/Microsoft.Network/locations/westus/operations/3e8c4816-89b5-44e7-afb0-bba1167581a8?api-version=2021-02-01",
      "RequestMethod": "GET",
      "RequestHeaders": {
        "Authorization": "Sanitized",
        "traceparent": "00-f7a13cd5665473621baabd9febf4e057-016456ab3936cfd1-00",
        "User-Agent": "azsdk-net-ResourceManager/1.4.0 (.NET 7.0.4; Microsoft Windows 10.0.22621)",
        "x-ms-client-request-id": "17e5414a6eb90f1d27ff8de8f2c5ae30",
        "x-ms-return-client-request-id": "true"
      },
      "RequestBody": null,
      "StatusCode": 200,
      "ResponseHeaders": {
        "Cache-Control": "no-cache",
        "Content-Length": "30",
        "Content-Type": "application/json; charset=utf-8",
        "Date": "Sat, 01 Apr 2023 03:06:22 GMT",
        "Expires": "-1",
        "Pragma": "no-cache",
        "Retry-After": "10",
        "Server": [
          "Microsoft-HTTPAPI/2.0",
          "Microsoft-HTTPAPI/2.0"
        ],
        "Strict-Transport-Security": "max-age=31536000; includeSubDomains",
        "X-Content-Type-Options": "nosniff",
        "x-ms-arm-service-request-id": "97f938b9-d443-4b99-9ce8-797e3419d4c0",
        "x-ms-client-request-id": "17e5414a6eb90f1d27ff8de8f2c5ae30",
        "x-ms-correlation-request-id": "f49ec527-5ff2-459d-aff9-44bc19e2976b",
        "x-ms-ratelimit-remaining-subscription-reads": "11728",
        "x-ms-request-id": "fb86a434-0a32-4cd4-8c35-05167c7ccab9",
        "x-ms-routing-request-id": "EASTUS:20230401T030623Z:f49ec527-5ff2-459d-aff9-44bc19e2976b"
      },
      "ResponseBody": {
        "status": "InProgress"
      }
    },
    {
      "RequestUri": "https://management.azure.com/subscriptions/710e347c-9ac8-408c-90fe-f8cfc44bf967/providers/Microsoft.Network/locations/westus/operations/3e8c4816-89b5-44e7-afb0-bba1167581a8?api-version=2021-02-01",
      "RequestMethod": "GET",
      "RequestHeaders": {
        "Authorization": "Sanitized",
        "traceparent": "00-f7a13cd5665473621baabd9febf4e057-aadc9df38ecc0a47-00",
        "User-Agent": "azsdk-net-ResourceManager/1.4.0 (.NET 7.0.4; Microsoft Windows 10.0.22621)",
        "x-ms-client-request-id": "f5e86f9b71c1cf6be3392dbbd8ef68f8",
        "x-ms-return-client-request-id": "true"
      },
      "RequestBody": null,
      "StatusCode": 200,
      "ResponseHeaders": {
        "Cache-Control": "no-cache",
        "Content-Length": "30",
        "Content-Type": "application/json; charset=utf-8",
        "Date": "Sat, 01 Apr 2023 03:06:32 GMT",
        "Expires": "-1",
        "Pragma": "no-cache",
        "Retry-After": "20",
        "Server": [
          "Microsoft-HTTPAPI/2.0",
          "Microsoft-HTTPAPI/2.0"
        ],
        "Strict-Transport-Security": "max-age=31536000; includeSubDomains",
        "X-Content-Type-Options": "nosniff",
        "x-ms-arm-service-request-id": "5d91e683-1bbb-41dd-948d-9bd748f30be3",
        "x-ms-client-request-id": "f5e86f9b71c1cf6be3392dbbd8ef68f8",
        "x-ms-correlation-request-id": "fc713051-c37e-47b4-b6dd-5fba92afb7ac",
        "x-ms-ratelimit-remaining-subscription-reads": "11727",
        "x-ms-request-id": "8b0575da-b109-42d6-a32c-5c567a73f224",
        "x-ms-routing-request-id": "EASTUS:20230401T030633Z:fc713051-c37e-47b4-b6dd-5fba92afb7ac"
      },
      "ResponseBody": {
        "status": "InProgress"
      }
    },
    {
      "RequestUri": "https://management.azure.com/subscriptions/710e347c-9ac8-408c-90fe-f8cfc44bf967/providers/Microsoft.Network/locations/westus/operations/3e8c4816-89b5-44e7-afb0-bba1167581a8?api-version=2021-02-01",
      "RequestMethod": "GET",
      "RequestHeaders": {
        "Authorization": "Sanitized",
        "traceparent": "00-f7a13cd5665473621baabd9febf4e057-6636fd1ff1919588-00",
        "User-Agent": "azsdk-net-ResourceManager/1.4.0 (.NET 7.0.4; Microsoft Windows 10.0.22621)",
        "x-ms-client-request-id": "bc1c9f60c50fe0bf630b6939449e0931",
        "x-ms-return-client-request-id": "true"
      },
      "RequestBody": null,
      "StatusCode": 200,
      "ResponseHeaders": {
        "Cache-Control": "no-cache",
        "Content-Length": "30",
        "Content-Type": "application/json; charset=utf-8",
        "Date": "Sat, 01 Apr 2023 03:06:53 GMT",
        "Expires": "-1",
        "Pragma": "no-cache",
        "Retry-After": "20",
        "Server": [
          "Microsoft-HTTPAPI/2.0",
          "Microsoft-HTTPAPI/2.0"
        ],
        "Strict-Transport-Security": "max-age=31536000; includeSubDomains",
        "X-Content-Type-Options": "nosniff",
        "x-ms-arm-service-request-id": "58fc8604-4e9f-4179-84fc-064da96f2884",
        "x-ms-client-request-id": "bc1c9f60c50fe0bf630b6939449e0931",
        "x-ms-correlation-request-id": "bc8bc38f-cabd-469c-ae0d-4a841810e45b",
        "x-ms-ratelimit-remaining-subscription-reads": "11726",
        "x-ms-request-id": "9e383d9e-9652-48ec-b09e-c8ed03bdd841",
        "x-ms-routing-request-id": "EASTUS:20230401T030653Z:bc8bc38f-cabd-469c-ae0d-4a841810e45b"
      },
      "ResponseBody": {
        "status": "InProgress"
      }
    },
    {
      "RequestUri": "https://management.azure.com/subscriptions/710e347c-9ac8-408c-90fe-f8cfc44bf967/providers/Microsoft.Network/locations/westus/operations/3e8c4816-89b5-44e7-afb0-bba1167581a8?api-version=2021-02-01",
      "RequestMethod": "GET",
      "RequestHeaders": {
        "Authorization": "Sanitized",
        "traceparent": "00-f7a13cd5665473621baabd9febf4e057-42c9fbb360ad20ee-00",
        "User-Agent": "azsdk-net-ResourceManager/1.4.0 (.NET 7.0.4; Microsoft Windows 10.0.22621)",
        "x-ms-client-request-id": "3249cc2fa20cd963d615337f41623738",
        "x-ms-return-client-request-id": "true"
      },
      "RequestBody": null,
      "StatusCode": 200,
      "ResponseHeaders": {
        "Cache-Control": "no-cache",
        "Content-Length": "29",
        "Content-Type": "application/json; charset=utf-8",
        "Date": "Sat, 01 Apr 2023 03:07:13 GMT",
        "Expires": "-1",
        "Pragma": "no-cache",
        "Server": [
          "Microsoft-HTTPAPI/2.0",
          "Microsoft-HTTPAPI/2.0"
        ],
        "Strict-Transport-Security": "max-age=31536000; includeSubDomains",
        "X-Content-Type-Options": "nosniff",
        "x-ms-arm-service-request-id": "23eb9d6f-09c8-43bf-8613-fdae0ba3a07b",
        "x-ms-client-request-id": "3249cc2fa20cd963d615337f41623738",
        "x-ms-correlation-request-id": "68274bad-55cd-4712-8723-48d23670095c",
        "x-ms-ratelimit-remaining-subscription-reads": "11725",
        "x-ms-request-id": "de90959c-1811-4726-ac5d-7a4e66c92713",
        "x-ms-routing-request-id": "EASTUS:20230401T030713Z:68274bad-55cd-4712-8723-48d23670095c"
      },
      "ResponseBody": {
        "status": "Succeeded"
      }
    },
    {
      "RequestUri": "https://management.azure.com/subscriptions/710e347c-9ac8-408c-90fe-f8cfc44bf967/resourceGroups/dbaccount-2773/providers/Microsoft.Network/privateEndpoints/pe-1793?api-version=2021-02-01",
      "RequestMethod": "GET",
      "RequestHeaders": {
        "Authorization": "Sanitized",
        "traceparent": "00-f7a13cd5665473621baabd9febf4e057-2871afdb5dc424d7-00",
        "User-Agent": "azsdk-net-ResourceManager/1.4.0 (.NET 7.0.4; Microsoft Windows 10.0.22621)",
        "x-ms-client-request-id": "53879497f2a9d520af0792b608328b45",
        "x-ms-return-client-request-id": "true"
      },
      "RequestBody": null,
      "StatusCode": 200,
      "ResponseHeaders": {
        "Cache-Control": "no-cache",
        "Content-Length": "1931",
        "Content-Type": "application/json; charset=utf-8",
        "Date": "Sat, 01 Apr 2023 03:07:13 GMT",
        "ETag": "W/\u002279a36ab1-028b-4d9f-a75a-34c8f8b4efe4\u0022",
        "Expires": "-1",
        "Pragma": "no-cache",
        "Server": [
          "Microsoft-HTTPAPI/2.0",
          "Microsoft-HTTPAPI/2.0"
        ],
        "Strict-Transport-Security": "max-age=31536000; includeSubDomains",
        "X-Content-Type-Options": "nosniff",
        "x-ms-arm-service-request-id": "e99f3bf3-0d38-44b1-b83b-81a3a542f383",
        "x-ms-client-request-id": "53879497f2a9d520af0792b608328b45",
        "x-ms-correlation-request-id": "a183d79b-3896-486c-a7fd-d0d730657924",
        "x-ms-ratelimit-remaining-subscription-reads": "11724",
        "x-ms-request-id": "56e9a283-634b-4fc6-aa91-d83f350ac4e1",
        "x-ms-routing-request-id": "EASTUS:20230401T030714Z:a183d79b-3896-486c-a7fd-d0d730657924"
      },
      "ResponseBody": {
        "name": "pe-1793",
        "id": "/subscriptions/710e347c-9ac8-408c-90fe-f8cfc44bf967/resourceGroups/dbaccount-2773/providers/Microsoft.Network/privateEndpoints/pe-1793",
        "etag": "W/\u002279a36ab1-028b-4d9f-a75a-34c8f8b4efe4\u0022",
        "type": "Microsoft.Network/privateEndpoints",
        "location": "westus",
        "properties": {
          "provisioningState": "Succeeded",
          "resourceGuid": "c3ac8ee8-103e-42cf-8dcf-4eaca27d0b0a",
          "privateLinkServiceConnections": [],
          "manualPrivateLinkServiceConnections": [
            {
              "name": "pec3686",
              "id": "/subscriptions/710e347c-9ac8-408c-90fe-f8cfc44bf967/resourceGroups/dbaccount-2773/providers/Microsoft.Network/privateEndpoints/pe-1793/manualPrivateLinkServiceConnections/pec3686",
              "etag": "W/\u002279a36ab1-028b-4d9f-a75a-34c8f8b4efe4\u0022",
              "properties": {
                "provisioningState": "Succeeded",
                "privateLinkServiceId": "/subscriptions/710e347c-9ac8-408c-90fe-f8cfc44bf967/resourceGroups/dbaccount-2773/providers/Microsoft.DocumentDB/databaseAccounts/dbaccount-7755",
                "groupIds": [
                  "MongoDB"
                ],
                "requestMessage": "SDK test",
                "privateLinkServiceConnectionState": {
                  "status": "Pending",
                  "description": "SDK test",
                  "actionsRequired": "None"
                }
              },
              "type": "Microsoft.Network/privateEndpoints/manualPrivateLinkServiceConnections"
            }
          ],
          "subnet": {
            "id": "/subscriptions/710e347c-9ac8-408c-90fe-f8cfc44bf967/resourceGroups/dbaccount-2773/providers/Microsoft.Network/virtualNetworks/vnet-350/subnets/default"
          },
          "networkInterfaces": [
            {
              "id": "/subscriptions/710e347c-9ac8-408c-90fe-f8cfc44bf967/resourceGroups/dbaccount-2773/providers/Microsoft.Network/networkInterfaces/pe-1793.nic.a6e4f21c-3e61-4a62-9470-b96a95f6c459"
            }
          ],
          "customDnsConfigs": []
        }
      }
    },
    {
      "RequestUri": "https://management.azure.com/subscriptions/710e347c-9ac8-408c-90fe-f8cfc44bf967/resourceGroups/dbaccount-2773/providers/Microsoft.DocumentDB/databaseAccounts/dbaccount-7755/privateEndpointConnections?api-version=2022-11-15",
      "RequestMethod": "GET",
      "RequestHeaders": {
        "Accept": "application/json",
        "Authorization": "Sanitized",
        "traceparent": "00-6b6a6fafa881b70d5d729c5393dd63a9-fe748e35cf3aa56a-00",
        "User-Agent": "azsdk-net-ResourceManager.CosmosDB/1.3.0-alpha.20230330.1 (.NET 7.0.4; Microsoft Windows 10.0.22621)",
        "x-ms-client-request-id": "0c8bfb3035a6beeb3c43e6fa92409f00",
        "x-ms-return-client-request-id": "true"
      },
      "RequestBody": null,
      "StatusCode": 200,
      "ResponseHeaders": {
        "Cache-Control": "no-store, no-cache",
        "Content-Length": "627",
        "Content-Type": "application/json",
        "Date": "Sat, 01 Apr 2023 03:07:14 GMT",
        "Pragma": "no-cache",
        "Server": "Microsoft-HTTPAPI/2.0",
        "Strict-Transport-Security": "max-age=31536000; includeSubDomains",
        "X-Content-Type-Options": "nosniff",
        "x-ms-correlation-request-id": "f29a96e4-06b5-48d6-948a-b40346966e1b",
        "x-ms-gatewayversion": "version=2.14.0",
        "x-ms-ratelimit-remaining-subscription-reads": "11723",
        "x-ms-request-id": "f29a96e4-06b5-48d6-948a-b40346966e1b",
        "x-ms-routing-request-id": "EASTUS:20230401T030714Z:f29a96e4-06b5-48d6-948a-b40346966e1b"
      },
      "ResponseBody": {
        "value": [
          {
            "name": "pe-1793",
            "type": "Microsoft.DocumentDB/databaseAccounts/privateEndpointConnections",
            "id": "/subscriptions/710e347c-9ac8-408c-90fe-f8cfc44bf967/resourceGroups/dbaccount-2773/providers/Microsoft.DocumentDB/databaseAccounts/dbaccount-7755/privateEndpointConnections/pe-1793",
            "properties": {
              "provisioningState": "Succeeded",
              "groupId": "MongoDB",
              "privateEndpoint": {
                "id": "/subscriptions/710e347c-9ac8-408c-90fe-f8cfc44bf967/resourceGroups/dbaccount-2773/providers/Microsoft.Network/privateEndpoints/pe-1793"
              },
              "privateLinkServiceConnectionState": {
                "status": "Pending",
                "description": "SDK test",
                "actionsRequired": "None"
              }
            }
          }
        ]
      }
    },
    {
      "RequestUri": "https://management.azure.com/subscriptions/710e347c-9ac8-408c-90fe-f8cfc44bf967/resourceGroups/dbaccount-2773/providers/Microsoft.DocumentDB/databaseAccounts/dbaccount-7755/privateEndpointConnections?api-version=2022-11-15",
      "RequestMethod": "GET",
      "RequestHeaders": {
        "Accept": "application/json",
        "Authorization": "Sanitized",
        "traceparent": "00-aef3c6ca380cbd9a1fdaa5615a04e2f1-45021d0b7bd372d6-00",
        "User-Agent": "azsdk-net-ResourceManager.CosmosDB/1.3.0-alpha.20230330.1 (.NET 7.0.4; Microsoft Windows 10.0.22621)",
        "x-ms-client-request-id": "afa230d3b6163d88ab73820410add1a3",
        "x-ms-return-client-request-id": "true"
      },
      "RequestBody": null,
      "StatusCode": 200,
      "ResponseHeaders": {
        "Cache-Control": "no-store, no-cache",
        "Content-Length": "627",
        "Content-Type": "application/json",
        "Date": "Sat, 01 Apr 2023 03:07:14 GMT",
        "Pragma": "no-cache",
        "Server": "Microsoft-HTTPAPI/2.0",
        "Strict-Transport-Security": "max-age=31536000; includeSubDomains",
        "X-Content-Type-Options": "nosniff",
        "x-ms-correlation-request-id": "8f99f8cf-3459-4dcf-9d18-95e95e800722",
        "x-ms-gatewayversion": "version=2.14.0",
        "x-ms-ratelimit-remaining-subscription-reads": "11722",
        "x-ms-request-id": "8f99f8cf-3459-4dcf-9d18-95e95e800722",
        "x-ms-routing-request-id": "EASTUS:20230401T030714Z:8f99f8cf-3459-4dcf-9d18-95e95e800722"
      },
      "ResponseBody": {
        "value": [
          {
            "name": "pe-1793",
            "type": "Microsoft.DocumentDB/databaseAccounts/privateEndpointConnections",
            "id": "/subscriptions/710e347c-9ac8-408c-90fe-f8cfc44bf967/resourceGroups/dbaccount-2773/providers/Microsoft.DocumentDB/databaseAccounts/dbaccount-7755/privateEndpointConnections/pe-1793",
            "properties": {
              "provisioningState": "Succeeded",
              "groupId": "MongoDB",
              "privateEndpoint": {
                "id": "/subscriptions/710e347c-9ac8-408c-90fe-f8cfc44bf967/resourceGroups/dbaccount-2773/providers/Microsoft.Network/privateEndpoints/pe-1793"
              },
              "privateLinkServiceConnectionState": {
                "status": "Pending",
                "description": "SDK test",
                "actionsRequired": "None"
              }
            }
          }
        ]
      }
    },
    {
      "RequestUri": "https://management.azure.com/subscriptions/710e347c-9ac8-408c-90fe-f8cfc44bf967/resourceGroups/dbaccount-2773/providers/Microsoft.DocumentDB/databaseAccounts/dbaccount-7755/privateEndpointConnections/pe-1793?api-version=2022-11-15",
      "RequestMethod": "DELETE",
      "RequestHeaders": {
        "Accept": "application/json",
        "Authorization": "Sanitized",
        "traceparent": "00-52f0c458cc0cdb9b58711fef89586b11-fee7c88bd488b295-00",
        "User-Agent": "azsdk-net-ResourceManager.CosmosDB/1.3.0-alpha.20230330.1 (.NET 7.0.4; Microsoft Windows 10.0.22621)",
        "x-ms-client-request-id": "454fed8a2bd66191a8c916650b26426e",
        "x-ms-return-client-request-id": "true"
      },
      "RequestBody": null,
      "StatusCode": 202,
      "ResponseHeaders": {
        "Azure-AsyncOperation": "https://management.azure.com/subscriptions/710e347c-9ac8-408c-90fe-f8cfc44bf967/providers/Microsoft.DocumentDB/locations/westus2/operationsStatus/283c60ab-9137-4c2a-ba44-0b682175830d?api-version=2022-11-15",
        "Cache-Control": "no-store, no-cache",
        "Content-Length": "21",
        "Content-Type": "application/json",
        "Date": "Sat, 01 Apr 2023 03:07:15 GMT",
        "Location": "https://management.azure.com/subscriptions/710e347c-9ac8-408c-90fe-f8cfc44bf967/resourceGroups/dbaccount-2773/providers/Microsoft.DocumentDB/databaseAccounts/dbaccount-7755/privateEndpointConnections/pe-1793/operationResults/283c60ab-9137-4c2a-ba44-0b682175830d?api-version=2022-11-15",
        "Pragma": "no-cache",
        "Server": "Microsoft-HTTPAPI/2.0",
        "Strict-Transport-Security": "max-age=31536000; includeSubDomains",
        "X-Content-Type-Options": "nosniff",
        "x-ms-correlation-request-id": "87f40aca-6c63-4fdf-aa71-7f4564d62c52",
        "x-ms-gatewayversion": "version=2.14.0",
        "x-ms-ratelimit-remaining-subscription-deletes": "14991",
        "x-ms-request-id": "283c60ab-9137-4c2a-ba44-0b682175830d",
        "x-ms-routing-request-id": "EASTUS:20230401T030715Z:87f40aca-6c63-4fdf-aa71-7f4564d62c52"
      },
      "ResponseBody": {
        "status": "Enqueued"
      }
    },
    {
      "RequestUri": "https://management.azure.com/subscriptions/710e347c-9ac8-408c-90fe-f8cfc44bf967/providers/Microsoft.DocumentDB/locations/westus2/operationsStatus/283c60ab-9137-4c2a-ba44-0b682175830d?api-version=2022-11-15",
      "RequestMethod": "GET",
      "RequestHeaders": {
        "Authorization": "Sanitized",
        "traceparent": "00-52f0c458cc0cdb9b58711fef89586b11-7b3a188000c249f3-00",
        "User-Agent": "azsdk-net-ResourceManager/1.4.0 (.NET 7.0.4; Microsoft Windows 10.0.22621)",
        "x-ms-client-request-id": "a56f42715af1a8299e40074d9f223185",
        "x-ms-return-client-request-id": "true"
      },
      "RequestBody": null,
      "StatusCode": 200,
      "ResponseHeaders": {
        "Cache-Control": "no-store, no-cache",
        "Content-Length": "21",
        "Content-Type": "application/json",
        "Date": "Sat, 01 Apr 2023 03:07:15 GMT",
        "Pragma": "no-cache",
        "Server": "Microsoft-HTTPAPI/2.0",
        "Strict-Transport-Security": "max-age=31536000; includeSubDomains",
        "X-Content-Type-Options": "nosniff",
        "x-ms-correlation-request-id": "1b2e89ae-0660-42c7-bb8d-7b4eb3a3637b",
        "x-ms-gatewayversion": "version=2.14.0",
        "x-ms-ratelimit-remaining-subscription-reads": "11721",
        "x-ms-request-id": "1b2e89ae-0660-42c7-bb8d-7b4eb3a3637b",
        "x-ms-routing-request-id": "EASTUS:20230401T030715Z:1b2e89ae-0660-42c7-bb8d-7b4eb3a3637b"
      },
      "ResponseBody": {
        "status": "Enqueued"
      }
    },
    {
      "RequestUri": "https://management.azure.com/subscriptions/710e347c-9ac8-408c-90fe-f8cfc44bf967/providers/Microsoft.DocumentDB/locations/westus2/operationsStatus/283c60ab-9137-4c2a-ba44-0b682175830d?api-version=2022-11-15",
      "RequestMethod": "GET",
      "RequestHeaders": {
        "Authorization": "Sanitized",
        "traceparent": "00-52f0c458cc0cdb9b58711fef89586b11-06a74825012a4da5-00",
        "User-Agent": "azsdk-net-ResourceManager/1.4.0 (.NET 7.0.4; Microsoft Windows 10.0.22621)",
        "x-ms-client-request-id": "7e9c1330f9cbaf13bed5d287ca5faec1",
        "x-ms-return-client-request-id": "true"
      },
      "RequestBody": null,
      "StatusCode": 200,
      "ResponseHeaders": {
        "Cache-Control": "no-store, no-cache",
        "Content-Length": "21",
        "Content-Type": "application/json",
        "Date": "Sat, 01 Apr 2023 03:07:16 GMT",
        "Pragma": "no-cache",
        "Server": "Microsoft-HTTPAPI/2.0",
        "Strict-Transport-Security": "max-age=31536000; includeSubDomains",
        "X-Content-Type-Options": "nosniff",
        "x-ms-correlation-request-id": "0c03813c-af36-4eb1-a05b-c59f70fd6c9f",
        "x-ms-gatewayversion": "version=2.14.0",
        "x-ms-ratelimit-remaining-subscription-reads": "11720",
        "x-ms-request-id": "0c03813c-af36-4eb1-a05b-c59f70fd6c9f",
        "x-ms-routing-request-id": "EASTUS:20230401T030716Z:0c03813c-af36-4eb1-a05b-c59f70fd6c9f"
      },
      "ResponseBody": {
        "status": "Enqueued"
      }
    },
    {
      "RequestUri": "https://management.azure.com/subscriptions/710e347c-9ac8-408c-90fe-f8cfc44bf967/providers/Microsoft.DocumentDB/locations/westus2/operationsStatus/283c60ab-9137-4c2a-ba44-0b682175830d?api-version=2022-11-15",
      "RequestMethod": "GET",
      "RequestHeaders": {
        "Authorization": "Sanitized",
        "traceparent": "00-52f0c458cc0cdb9b58711fef89586b11-b238be1ca393c555-00",
        "User-Agent": "azsdk-net-ResourceManager/1.4.0 (.NET 7.0.4; Microsoft Windows 10.0.22621)",
        "x-ms-client-request-id": "c9f4881b9db60d7d6739384ed4e1d950",
        "x-ms-return-client-request-id": "true"
      },
      "RequestBody": null,
      "StatusCode": 200,
      "ResponseHeaders": {
        "Cache-Control": "no-store, no-cache",
        "Content-Length": "21",
        "Content-Type": "application/json",
        "Date": "Sat, 01 Apr 2023 03:07:17 GMT",
        "Pragma": "no-cache",
        "Server": "Microsoft-HTTPAPI/2.0",
        "Strict-Transport-Security": "max-age=31536000; includeSubDomains",
        "X-Content-Type-Options": "nosniff",
        "x-ms-correlation-request-id": "b21907ff-18e3-4e1e-afa2-f743ec243f01",
        "x-ms-gatewayversion": "version=2.14.0",
        "x-ms-ratelimit-remaining-subscription-reads": "11719",
        "x-ms-request-id": "b21907ff-18e3-4e1e-afa2-f743ec243f01",
        "x-ms-routing-request-id": "EASTUS:20230401T030718Z:b21907ff-18e3-4e1e-afa2-f743ec243f01"
      },
      "ResponseBody": {
        "status": "Enqueued"
      }
    },
    {
      "RequestUri": "https://management.azure.com/subscriptions/710e347c-9ac8-408c-90fe-f8cfc44bf967/providers/Microsoft.DocumentDB/locations/westus2/operationsStatus/283c60ab-9137-4c2a-ba44-0b682175830d?api-version=2022-11-15",
      "RequestMethod": "GET",
      "RequestHeaders": {
        "Authorization": "Sanitized",
        "traceparent": "00-52f0c458cc0cdb9b58711fef89586b11-be4418bb359aa590-00",
        "User-Agent": "azsdk-net-ResourceManager/1.4.0 (.NET 7.0.4; Microsoft Windows 10.0.22621)",
        "x-ms-client-request-id": "9f01db1d2e4a77c32ec0e61c87a2de3f",
        "x-ms-return-client-request-id": "true"
      },
      "RequestBody": null,
      "StatusCode": 200,
      "ResponseHeaders": {
        "Cache-Control": "no-store, no-cache",
        "Content-Length": "21",
        "Content-Type": "application/json",
        "Date": "Sat, 01 Apr 2023 03:07:18 GMT",
        "Pragma": "no-cache",
        "Server": "Microsoft-HTTPAPI/2.0",
        "Strict-Transport-Security": "max-age=31536000; includeSubDomains",
        "X-Content-Type-Options": "nosniff",
        "x-ms-correlation-request-id": "7cc6a0e4-57b8-4648-9d7d-1122aeb65cc3",
        "x-ms-gatewayversion": "version=2.14.0",
        "x-ms-ratelimit-remaining-subscription-reads": "11718",
        "x-ms-request-id": "7cc6a0e4-57b8-4648-9d7d-1122aeb65cc3",
        "x-ms-routing-request-id": "EASTUS:20230401T030719Z:7cc6a0e4-57b8-4648-9d7d-1122aeb65cc3"
      },
      "ResponseBody": {
        "status": "Enqueued"
      }
    },
    {
      "RequestUri": "https://management.azure.com/subscriptions/710e347c-9ac8-408c-90fe-f8cfc44bf967/providers/Microsoft.DocumentDB/locations/westus2/operationsStatus/283c60ab-9137-4c2a-ba44-0b682175830d?api-version=2022-11-15",
      "RequestMethod": "GET",
      "RequestHeaders": {
        "Authorization": "Sanitized",
        "traceparent": "00-52f0c458cc0cdb9b58711fef89586b11-5c85cb3348321df3-00",
        "User-Agent": "azsdk-net-ResourceManager/1.4.0 (.NET 7.0.4; Microsoft Windows 10.0.22621)",
        "x-ms-client-request-id": "17314592672e93ce968e1691c1c5dadc",
        "x-ms-return-client-request-id": "true"
      },
      "RequestBody": null,
      "StatusCode": 200,
      "ResponseHeaders": {
        "Cache-Control": "no-store, no-cache",
        "Content-Length": "21",
        "Content-Type": "application/json",
        "Date": "Sat, 01 Apr 2023 03:07:21 GMT",
        "Pragma": "no-cache",
        "Server": "Microsoft-HTTPAPI/2.0",
        "Strict-Transport-Security": "max-age=31536000; includeSubDomains",
        "X-Content-Type-Options": "nosniff",
        "x-ms-correlation-request-id": "684cb9e2-ec9f-4322-a7ee-1525e5d8951e",
        "x-ms-gatewayversion": "version=2.14.0",
        "x-ms-ratelimit-remaining-subscription-reads": "11717",
        "x-ms-request-id": "684cb9e2-ec9f-4322-a7ee-1525e5d8951e",
        "x-ms-routing-request-id": "EASTUS:20230401T030721Z:684cb9e2-ec9f-4322-a7ee-1525e5d8951e"
      },
      "ResponseBody": {
        "status": "Dequeued"
      }
    },
    {
      "RequestUri": "https://management.azure.com/subscriptions/710e347c-9ac8-408c-90fe-f8cfc44bf967/providers/Microsoft.DocumentDB/locations/westus2/operationsStatus/283c60ab-9137-4c2a-ba44-0b682175830d?api-version=2022-11-15",
      "RequestMethod": "GET",
      "RequestHeaders": {
        "Authorization": "Sanitized",
        "traceparent": "00-52f0c458cc0cdb9b58711fef89586b11-d5413c941c91f3fa-00",
        "User-Agent": "azsdk-net-ResourceManager/1.4.0 (.NET 7.0.4; Microsoft Windows 10.0.22621)",
        "x-ms-client-request-id": "ef6a82fb0f5dec77c57c9af6b66186c5",
        "x-ms-return-client-request-id": "true"
      },
      "RequestBody": null,
      "StatusCode": 200,
      "ResponseHeaders": {
        "Cache-Control": "no-store, no-cache",
        "Content-Length": "21",
        "Content-Type": "application/json",
        "Date": "Sat, 01 Apr 2023 03:07:25 GMT",
        "Pragma": "no-cache",
        "Server": "Microsoft-HTTPAPI/2.0",
        "Strict-Transport-Security": "max-age=31536000; includeSubDomains",
        "X-Content-Type-Options": "nosniff",
        "x-ms-correlation-request-id": "419b1519-4ce3-4f4b-963b-7b36883a2ba1",
        "x-ms-gatewayversion": "version=2.14.0",
        "x-ms-ratelimit-remaining-subscription-reads": "11716",
        "x-ms-request-id": "419b1519-4ce3-4f4b-963b-7b36883a2ba1",
        "x-ms-routing-request-id": "EASTUS:20230401T030725Z:419b1519-4ce3-4f4b-963b-7b36883a2ba1"
      },
      "ResponseBody": {
        "status": "Dequeued"
      }
    },
    {
      "RequestUri": "https://management.azure.com/subscriptions/710e347c-9ac8-408c-90fe-f8cfc44bf967/providers/Microsoft.DocumentDB/locations/westus2/operationsStatus/283c60ab-9137-4c2a-ba44-0b682175830d?api-version=2022-11-15",
      "RequestMethod": "GET",
      "RequestHeaders": {
        "Authorization": "Sanitized",
        "traceparent": "00-52f0c458cc0cdb9b58711fef89586b11-6c5e3385acc453d1-00",
        "User-Agent": "azsdk-net-ResourceManager/1.4.0 (.NET 7.0.4; Microsoft Windows 10.0.22621)",
        "x-ms-client-request-id": "8fbcf95bc2afb5210d6e08bb1831b669",
        "x-ms-return-client-request-id": "true"
      },
      "RequestBody": null,
      "StatusCode": 200,
      "ResponseHeaders": {
        "Cache-Control": "no-store, no-cache",
        "Content-Length": "21",
        "Content-Type": "application/json",
        "Date": "Sat, 01 Apr 2023 03:07:33 GMT",
        "Pragma": "no-cache",
        "Server": "Microsoft-HTTPAPI/2.0",
        "Strict-Transport-Security": "max-age=31536000; includeSubDomains",
        "X-Content-Type-Options": "nosniff",
        "x-ms-correlation-request-id": "63515b8a-727a-4f03-b1ee-e5b3becc22da",
        "x-ms-gatewayversion": "version=2.14.0",
        "x-ms-ratelimit-remaining-subscription-reads": "11715",
        "x-ms-request-id": "63515b8a-727a-4f03-b1ee-e5b3becc22da",
        "x-ms-routing-request-id": "EASTUS:20230401T030733Z:63515b8a-727a-4f03-b1ee-e5b3becc22da"
      },
      "ResponseBody": {
        "status": "Dequeued"
      }
    },
    {
      "RequestUri": "https://management.azure.com/subscriptions/710e347c-9ac8-408c-90fe-f8cfc44bf967/providers/Microsoft.DocumentDB/locations/westus2/operationsStatus/283c60ab-9137-4c2a-ba44-0b682175830d?api-version=2022-11-15",
      "RequestMethod": "GET",
      "RequestHeaders": {
        "Authorization": "Sanitized",
        "traceparent": "00-52f0c458cc0cdb9b58711fef89586b11-112b2041582f6d4c-00",
        "User-Agent": "azsdk-net-ResourceManager/1.4.0 (.NET 7.0.4; Microsoft Windows 10.0.22621)",
        "x-ms-client-request-id": "042009e5ee3883e1cd4552b2ccd8dc34",
        "x-ms-return-client-request-id": "true"
      },
      "RequestBody": null,
      "StatusCode": 200,
      "ResponseHeaders": {
        "Cache-Control": "no-store, no-cache",
        "Content-Length": "21",
        "Content-Type": "application/json",
        "Date": "Sat, 01 Apr 2023 03:07:49 GMT",
        "Pragma": "no-cache",
        "Server": "Microsoft-HTTPAPI/2.0",
        "Strict-Transport-Security": "max-age=31536000; includeSubDomains",
        "X-Content-Type-Options": "nosniff",
        "x-ms-correlation-request-id": "d93872db-d77f-4752-a1c3-0cb3811d440e",
        "x-ms-gatewayversion": "version=2.14.0",
        "x-ms-ratelimit-remaining-subscription-reads": "11714",
        "x-ms-request-id": "d93872db-d77f-4752-a1c3-0cb3811d440e",
        "x-ms-routing-request-id": "EASTUS:20230401T030749Z:d93872db-d77f-4752-a1c3-0cb3811d440e"
      },
      "ResponseBody": {
        "status": "Dequeued"
      }
    },
    {
      "RequestUri": "https://management.azure.com/subscriptions/710e347c-9ac8-408c-90fe-f8cfc44bf967/providers/Microsoft.DocumentDB/locations/westus2/operationsStatus/283c60ab-9137-4c2a-ba44-0b682175830d?api-version=2022-11-15",
      "RequestMethod": "GET",
      "RequestHeaders": {
        "Authorization": "Sanitized",
        "traceparent": "00-52f0c458cc0cdb9b58711fef89586b11-0be9077bff5f536e-00",
        "User-Agent": "azsdk-net-ResourceManager/1.4.0 (.NET 7.0.4; Microsoft Windows 10.0.22621)",
        "x-ms-client-request-id": "c83550084b08382d61b4e1ef06bcd493",
        "x-ms-return-client-request-id": "true"
      },
      "RequestBody": null,
      "StatusCode": 200,
      "ResponseHeaders": {
        "Cache-Control": "no-store, no-cache",
        "Content-Length": "21",
        "Content-Type": "application/json",
        "Date": "Sat, 01 Apr 2023 03:08:20 GMT",
        "Pragma": "no-cache",
        "Server": "Microsoft-HTTPAPI/2.0",
        "Strict-Transport-Security": "max-age=31536000; includeSubDomains",
        "X-Content-Type-Options": "nosniff",
        "x-ms-correlation-request-id": "8ad5631d-d35d-4590-803d-14f34637cb6b",
        "x-ms-gatewayversion": "version=2.14.0",
        "x-ms-ratelimit-remaining-subscription-reads": "11713",
        "x-ms-request-id": "8ad5631d-d35d-4590-803d-14f34637cb6b",
        "x-ms-routing-request-id": "EASTUS:20230401T030821Z:8ad5631d-d35d-4590-803d-14f34637cb6b"
      },
      "ResponseBody": {
        "status": "Dequeued"
      }
    },
    {
      "RequestUri": "https://management.azure.com/subscriptions/710e347c-9ac8-408c-90fe-f8cfc44bf967/providers/Microsoft.DocumentDB/locations/westus2/operationsStatus/283c60ab-9137-4c2a-ba44-0b682175830d?api-version=2022-11-15",
      "RequestMethod": "GET",
      "RequestHeaders": {
        "Authorization": "Sanitized",
        "traceparent": "00-52f0c458cc0cdb9b58711fef89586b11-9b5f13bd7a1a1418-00",
        "User-Agent": "azsdk-net-ResourceManager/1.4.0 (.NET 7.0.4; Microsoft Windows 10.0.22621)",
        "x-ms-client-request-id": "ac1031c581406c8d1738c16a706ee935",
        "x-ms-return-client-request-id": "true"
      },
      "RequestBody": null,
      "StatusCode": 200,
      "ResponseHeaders": {
        "Cache-Control": "no-store, no-cache",
        "Content-Length": "21",
        "Content-Type": "application/json",
        "Date": "Sat, 01 Apr 2023 03:08:53 GMT",
        "Pragma": "no-cache",
        "Server": "Microsoft-HTTPAPI/2.0",
        "Strict-Transport-Security": "max-age=31536000; includeSubDomains",
        "X-Content-Type-Options": "nosniff",
        "x-ms-correlation-request-id": "fa5c0a49-902c-41a3-bc00-2224df0b1d43",
        "x-ms-gatewayversion": "version=2.14.0",
        "x-ms-ratelimit-remaining-subscription-reads": "11712",
        "x-ms-request-id": "fa5c0a49-902c-41a3-bc00-2224df0b1d43",
        "x-ms-routing-request-id": "EASTUS:20230401T030853Z:fa5c0a49-902c-41a3-bc00-2224df0b1d43"
      },
      "ResponseBody": {
        "status": "Dequeued"
      }
    },
    {
      "RequestUri": "https://management.azure.com/subscriptions/710e347c-9ac8-408c-90fe-f8cfc44bf967/providers/Microsoft.DocumentDB/locations/westus2/operationsStatus/283c60ab-9137-4c2a-ba44-0b682175830d?api-version=2022-11-15",
      "RequestMethod": "GET",
      "RequestHeaders": {
        "Authorization": "Sanitized",
        "traceparent": "00-52f0c458cc0cdb9b58711fef89586b11-84b261fcb6cf5726-00",
        "User-Agent": "azsdk-net-ResourceManager/1.4.0 (.NET 7.0.4; Microsoft Windows 10.0.22621)",
        "x-ms-client-request-id": "c7b2d391eefc9960dce7a3830df17c11",
        "x-ms-return-client-request-id": "true"
      },
      "RequestBody": null,
      "StatusCode": 200,
      "ResponseHeaders": {
        "Cache-Control": "no-store, no-cache",
        "Content-Length": "21",
        "Content-Type": "application/json",
        "Date": "Sat, 01 Apr 2023 03:09:25 GMT",
        "Pragma": "no-cache",
        "Server": "Microsoft-HTTPAPI/2.0",
        "Strict-Transport-Security": "max-age=31536000; includeSubDomains",
        "X-Content-Type-Options": "nosniff",
        "x-ms-correlation-request-id": "76042050-ee26-47f0-a601-567298dceabf",
        "x-ms-gatewayversion": "version=2.14.0",
        "x-ms-ratelimit-remaining-subscription-reads": "11711",
        "x-ms-request-id": "76042050-ee26-47f0-a601-567298dceabf",
        "x-ms-routing-request-id": "EASTUS:20230401T030925Z:76042050-ee26-47f0-a601-567298dceabf"
      },
      "ResponseBody": {
        "status": "Dequeued"
      }
    },
    {
      "RequestUri": "https://management.azure.com/subscriptions/710e347c-9ac8-408c-90fe-f8cfc44bf967/providers/Microsoft.DocumentDB/locations/westus2/operationsStatus/283c60ab-9137-4c2a-ba44-0b682175830d?api-version=2022-11-15",
      "RequestMethod": "GET",
      "RequestHeaders": {
        "Authorization": "Sanitized",
        "traceparent": "00-52f0c458cc0cdb9b58711fef89586b11-bd2c5b2dd7d21d32-00",
        "User-Agent": "azsdk-net-ResourceManager/1.4.0 (.NET 7.0.4; Microsoft Windows 10.0.22621)",
        "x-ms-client-request-id": "9becbe702fc786f4c3c8b0cf8ac2c8f2",
        "x-ms-return-client-request-id": "true"
      },
      "RequestBody": null,
      "StatusCode": 200,
      "ResponseHeaders": {
        "Cache-Control": "no-store, no-cache",
        "Content-Length": "22",
        "Content-Type": "application/json",
        "Date": "Sat, 01 Apr 2023 03:09:57 GMT",
        "Pragma": "no-cache",
        "Server": "Microsoft-HTTPAPI/2.0",
        "Strict-Transport-Security": "max-age=31536000; includeSubDomains",
        "X-Content-Type-Options": "nosniff",
        "x-ms-correlation-request-id": "3c8aaa61-9978-4e84-9b41-ea7fead63de8",
        "x-ms-gatewayversion": "version=2.14.0",
        "x-ms-ratelimit-remaining-subscription-reads": "11710",
        "x-ms-request-id": "3c8aaa61-9978-4e84-9b41-ea7fead63de8",
        "x-ms-routing-request-id": "EASTUS:20230401T030958Z:3c8aaa61-9978-4e84-9b41-ea7fead63de8"
      },
      "ResponseBody": {
        "status": "Succeeded"
      }
    }
  ],
  "Variables": {
    "AZURE_AUTHORITY_HOST": null,
    "RandomSeed": "559814842",
    "RESOURCE_MANAGER_URL": null,
    "SUBSCRIPTION_ID": "710e347c-9ac8-408c-90fe-f8cfc44bf967"
  }
}
