{
  "Entries": [
    {
      "RequestUri": "https://management.azure.com/subscriptions/220fc532-6091-423c-8ba0-66c2397d591b?api-version=2021-01-01",
      "RequestMethod": "GET",
      "RequestHeaders": {
        "Accept": "application/json",
        "Authorization": "Sanitized",
        "traceparent": "00-c13a7686e3ac2ad9a7c3ea4336fcf742-0fee9bedd01d4b24-00",
        "User-Agent": "azsdk-net-ResourceManager/1.6.0 (.NET 7.0.7; Microsoft Windows 10.0.23493)",
        "x-ms-client-request-id": "fbceaed11d1c348356f3aa4d9b22caa9",
        "x-ms-return-client-request-id": "true"
      },
      "RequestBody": null,
      "StatusCode": 200,
      "ResponseHeaders": {
        "Cache-Control": "no-cache",
        "Content-Length": "456",
        "Content-Type": "application/json; charset=utf-8",
        "Date": "Fri, 30 Jun 2023 16:35:44 GMT",
        "Expires": "-1",
        "Pragma": "no-cache",
        "Strict-Transport-Security": "max-age=31536000; includeSubDomains",
        "X-Content-Type-Options": "nosniff",
        "x-ms-correlation-request-id": "fbb8174a-295b-4cda-9285-6e08458604b3",
        "x-ms-ratelimit-remaining-subscription-reads": "11714",
        "x-ms-request-id": "fbb8174a-295b-4cda-9285-6e08458604b3",
        "x-ms-routing-request-id": "SOUTHCENTRALUS:20230630T163545Z:fbb8174a-295b-4cda-9285-6e08458604b3"
      },
      "ResponseBody": {
        "id": "/subscriptions/220fc532-6091-423c-8ba0-66c2397d591b",
        "authorizationSource": "RoleBased",
        "managedByTenants": [
          {
            "tenantId": "2f4a9838-26b7-47ee-be60-ccc1fdec5953"
          }
        ],
        "subscriptionId": "220fc532-6091-423c-8ba0-66c2397d591b",
        "tenantId": "72f988bf-86f1-41af-91ab-2d7cd011db47",
        "displayName": "CosmosDB-Demos-GeneralUse",
        "state": "Enabled",
        "subscriptionPolicies": {
          "locationPlacementId": "Internal_2014-09-01",
          "quotaId": "Internal_2014-09-01",
          "spendingLimit": "Off"
        }
      }
    },
    {
      "RequestUri": "https://management.azure.com/subscriptions/220fc532-6091-423c-8ba0-66c2397d591b/resourcegroups/dbaccount-3620?api-version=**",
      "RequestMethod": "PUT",
      "RequestHeaders": {
        "Accept": "application/json",
        "Authorization": "Sanitized",
        "Content-Length": "22",
        "Content-Type": "application/json",
        "traceparent": "00-a996ab52b743c4049a2d2386991e4eac-6e83fa90c9fe4d81-00",
        "User-Agent": "azsdk-net-ResourceManager/1.6.0 (.NET 7.0.7; Microsoft Windows 10.0.23493)",
        "x-ms-client-request-id": "d9828897e2c5e01feb9b5575437c06d6",
        "x-ms-return-client-request-id": "true"
      },
      "RequestBody": {
        "location": "westus2"
      },
      "StatusCode": 201,
      "ResponseHeaders": {
        "Cache-Control": "no-cache",
        "Content-Length": "226",
        "Content-Type": "application/json; charset=utf-8",
        "Date": "Fri, 30 Jun 2023 16:35:45 GMT",
        "Expires": "-1",
        "Pragma": "no-cache",
        "Strict-Transport-Security": "max-age=31536000; includeSubDomains",
        "X-Content-Type-Options": "nosniff",
        "x-ms-correlation-request-id": "1ae8ad18-da49-478a-841b-2019ec84e332",
        "x-ms-ratelimit-remaining-subscription-writes": "1185",
        "x-ms-request-id": "1ae8ad18-da49-478a-841b-2019ec84e332",
        "x-ms-routing-request-id": "SOUTHCENTRALUS:20230630T163546Z:1ae8ad18-da49-478a-841b-2019ec84e332"
      },
      "ResponseBody": {
        "id": "/subscriptions/220fc532-6091-423c-8ba0-66c2397d591b/resourceGroups/dbaccount-3620",
        "name": "dbaccount-3620",
        "type": "Microsoft.Resources/resourceGroups",
        "location": "westus2",
        "properties": {
          "provisioningState": "Succeeded"
        }
      }
    },
    {
      "RequestUri": "https://management.azure.com/subscriptions/220fc532-6091-423c-8ba0-66c2397d591b/resourcegroups/dbaccount-3620?api-version=**",
      "RequestMethod": "GET",
      "RequestHeaders": {
        "Accept": "application/json",
        "Authorization": "Sanitized",
        "traceparent": "00-9d313c7f412ff3734e06d58a5c67d870-809a5e8176f68048-00",
        "User-Agent": "azsdk-net-ResourceManager/1.6.0 (.NET 7.0.7; Microsoft Windows 10.0.23493)",
        "x-ms-client-request-id": "806cfd68d93ddacbc89cdab3c560c109",
        "x-ms-return-client-request-id": "true"
      },
      "RequestBody": null,
      "StatusCode": 200,
      "ResponseHeaders": {
        "Cache-Control": "no-cache",
        "Content-Length": "226",
        "Content-Type": "application/json; charset=utf-8",
        "Date": "Fri, 30 Jun 2023 16:35:45 GMT",
        "Expires": "-1",
        "Pragma": "no-cache",
        "Strict-Transport-Security": "max-age=31536000; includeSubDomains",
        "X-Content-Type-Options": "nosniff",
        "x-ms-correlation-request-id": "dc713539-c773-4110-b1da-e25fcdccd8a5",
        "x-ms-ratelimit-remaining-subscription-reads": "11713",
        "x-ms-request-id": "dc713539-c773-4110-b1da-e25fcdccd8a5",
        "x-ms-routing-request-id": "SOUTHCENTRALUS:20230630T163546Z:dc713539-c773-4110-b1da-e25fcdccd8a5"
      },
      "ResponseBody": {
        "id": "/subscriptions/220fc532-6091-423c-8ba0-66c2397d591b/resourceGroups/dbaccount-3620",
        "name": "dbaccount-3620",
        "type": "Microsoft.Resources/resourceGroups",
        "location": "westus2",
        "properties": {
          "provisioningState": "Succeeded"
        }
      }
    },
    {
      "RequestUri": "https://management.azure.com/subscriptions/220fc532-6091-423c-8ba0-66c2397d591b/resourceGroups/dbaccount-3620/providers/Microsoft.DocumentDB/databaseAccounts/dbaccount-7016?api-version=2023-03-15-preview",
      "RequestMethod": "PUT",
      "RequestHeaders": {
        "Accept": "application/json",
        "Authorization": "Sanitized",
        "Content-Length": "532",
        "Content-Type": "application/json",
        "traceparent": "00-34273b61efb2a28bd71cc37cfbf1b270-1497fc72b8d4cb1b-00",
        "User-Agent": "azsdk-net-ResourceManager.CosmosDB/1.4.0-alpha.20230630.1 (.NET 7.0.7; Microsoft Windows 10.0.23493)",
        "x-ms-client-request-id": "0a9658140bd6aecb1b31822dbf1276a4",
        "x-ms-return-client-request-id": "true"
      },
      "RequestBody": {
        "kind": "MongoDB",
        "tags": {
          "key1": "value1",
          "key2": "value2"
        },
        "location": "westus2",
        "properties": {
          "consistencyPolicy": {
            "defaultConsistencyLevel": "BoundedStaleness",
            "maxStalenessPrefix": 300,
            "maxIntervalInSeconds": 1000
          },
          "locations": [
            {
              "locationName": "westus",
              "isZoneRedundant": false
            }
          ],
          "databaseAccountOfferType": "Standard",
          "ipRules": [
            {
              "ipAddressOrRange": "23.43.230.120"
            }
          ],
          "isVirtualNetworkFilterEnabled": true,
          "enableAutomaticFailover": false,
          "connectorOffer": "Small",
          "disableKeyBasedMetadataWriteAccess": false,
          "enablePartitionMerge": false
        }
      },
      "StatusCode": 200,
      "ResponseHeaders": {
        "Azure-AsyncOperation": "https://management.azure.com/subscriptions/220fc532-6091-423c-8ba0-66c2397d591b/providers/Microsoft.DocumentDB/locations/westus2/operationsStatus/cfdf9b3f-6fdb-4363-91de-46a7dcdca153?api-version=2023-03-15-preview",
        "Cache-Control": "no-store, no-cache",
        "Content-Length": "2592",
        "Content-Type": "application/json",
        "Date": "Fri, 30 Jun 2023 16:35:50 GMT",
        "Location": "https://management.azure.com/subscriptions/220fc532-6091-423c-8ba0-66c2397d591b/resourceGroups/dbaccount-3620/providers/Microsoft.DocumentDB/databaseAccounts/dbaccount-7016/operationResults/cfdf9b3f-6fdb-4363-91de-46a7dcdca153?api-version=2023-03-15-preview",
        "Pragma": "no-cache",
        "Server": "Microsoft-HTTPAPI/2.0",
        "Strict-Transport-Security": "max-age=31536000; includeSubDomains",
        "X-Content-Type-Options": "nosniff",
        "x-ms-correlation-request-id": "065800bd-8828-441b-a1b9-f32bb9518f2a",
        "x-ms-gatewayversion": "version=2.14.0",
        "x-ms-ratelimit-remaining-subscription-writes": "1184",
        "x-ms-request-id": "cfdf9b3f-6fdb-4363-91de-46a7dcdca153",
        "x-ms-routing-request-id": "SOUTHCENTRALUS:20230630T163551Z:065800bd-8828-441b-a1b9-f32bb9518f2a"
      },
      "ResponseBody": {
        "id": "/subscriptions/220fc532-6091-423c-8ba0-66c2397d591b/resourceGroups/dbaccount-3620/providers/Microsoft.DocumentDB/databaseAccounts/dbaccount-7016",
        "name": "dbaccount-7016",
        "location": "West US 2",
        "type": "Microsoft.DocumentDB/databaseAccounts",
        "kind": "MongoDB",
        "tags": {
          "key1": "value1",
          "key2": "value2"
        },
        "systemData": {
          "createdAt": "2023-06-30T16:35:49.1571432Z"
        },
        "properties": {
          "provisioningState": "Creating",
          "publicNetworkAccess": "Enabled",
          "enableAutomaticFailover": false,
          "enableMultipleWriteLocations": false,
          "enablePartitionKeyMonitor": false,
          "isVirtualNetworkFilterEnabled": true,
          "virtualNetworkRules": [],
          "EnabledApiTypes": "MongoDB",
          "disableKeyBasedMetadataWriteAccess": false,
          "enableFreeTier": false,
          "enableAnalyticalStorage": false,
          "analyticalStorageConfiguration": {
            "schemaType": "FullFidelity"
          },
          "instanceId": "0f04c607-e07c-4607-94e9-b63834cbc5ed",
          "databaseAccountOfferType": "Standard",
          "enableCassandraConnector": false,
          "connectorOffer": "Small",
          "enableMaterializedViews": false,
          "enableFullFidelityChangeFeed": false,
          "defaultIdentity": "",
          "networkAclBypass": "None",
          "disableLocalAuth": false,
          "enablePartitionMerge": false,
          "enableBurstCapacity": false,
          "minimalTlsVersion": "Tls12",
          "consistencyPolicy": {
            "defaultConsistencyLevel": "BoundedStaleness",
            "maxIntervalInSeconds": 1000,
            "maxStalenessPrefix": 300
          },
          "apiProperties": {
            "serverVersion": "3.6"
          },
          "configurationOverrides": {},
          "writeLocations": [
            {
              "id": "dbaccount-7016-westus",
              "locationName": "West US",
              "provisioningState": "Creating",
              "failoverPriority": 0,
              "isZoneRedundant": false
            }
          ],
          "readLocations": [
            {
              "id": "dbaccount-7016-westus",
              "locationName": "West US",
              "provisioningState": "Creating",
              "failoverPriority": 0,
              "isZoneRedundant": false
            }
          ],
          "locations": [
            {
              "id": "dbaccount-7016-westus",
              "locationName": "West US",
              "provisioningState": "Creating",
              "failoverPriority": 0,
              "isZoneRedundant": false
            }
          ],
          "failoverPolicies": [
            {
              "id": "dbaccount-7016-westus",
              "locationName": "West US",
              "failoverPriority": 0
            }
          ],
          "cors": [],
          "capabilities": [
            {
              "name": "EnableMongo"
            }
          ],
          "ipRules": [
            {
              "ipAddressOrRange": "23.43.230.120"
            }
          ],
          "backupPolicy": {
            "type": "Periodic",
            "periodicModeProperties": {
              "backupIntervalInMinutes": 240,
              "backupRetentionIntervalInHours": 8,
              "backupStorageRedundancy": "Invalid"
            }
          },
          "networkAclBypassResourceIds": [],
          "diagnosticLogSettings": {
            "enableFullTextQuery": "None"
          },
          "keysMetadata": {
            "primaryMasterKey": {
              "generationTime": "2023-06-30T16:35:49.1571432Z"
            },
            "secondaryMasterKey": {
              "generationTime": "2023-06-30T16:35:49.1571432Z"
            },
            "primaryReadonlyMasterKey": {
              "generationTime": "2023-06-30T16:35:49.1571432Z"
            },
            "secondaryReadonlyMasterKey": {
              "generationTime": "2023-06-30T16:35:49.1571432Z"
            }
          }
        },
        "identity": {
          "type": "None"
        }
      }
    },
    {
      "RequestUri": "https://management.azure.com/subscriptions/220fc532-6091-423c-8ba0-66c2397d591b/providers/Microsoft.DocumentDB/locations/westus2/operationsStatus/cfdf9b3f-6fdb-4363-91de-46a7dcdca153?api-version=2023-03-15-preview",
      "RequestMethod": "GET",
      "RequestHeaders": {
        "Authorization": "Sanitized",
        "traceparent": "00-34273b61efb2a28bd71cc37cfbf1b270-4ba4e4748ce8e080-00",
        "User-Agent": "azsdk-net-ResourceManager/1.6.0 (.NET 7.0.7; Microsoft Windows 10.0.23493)",
        "x-ms-client-request-id": "242f064ccc6ff291a1d121a849ac0989",
        "x-ms-return-client-request-id": "true"
      },
      "RequestBody": null,
      "StatusCode": 200,
      "ResponseHeaders": {
        "Cache-Control": "no-store, no-cache",
        "Content-Length": "21",
        "Content-Type": "application/json",
        "Date": "Fri, 30 Jun 2023 16:35:50 GMT",
        "Pragma": "no-cache",
        "Server": "Microsoft-HTTPAPI/2.0",
        "Strict-Transport-Security": "max-age=31536000; includeSubDomains",
        "X-Content-Type-Options": "nosniff",
        "x-ms-correlation-request-id": "378e847c-23d4-4c46-a295-046c86a4db20",
        "x-ms-gatewayversion": "version=2.14.0",
        "x-ms-ratelimit-remaining-subscription-reads": "11712",
        "x-ms-request-id": "378e847c-23d4-4c46-a295-046c86a4db20",
        "x-ms-routing-request-id": "SOUTHCENTRALUS:20230630T163551Z:378e847c-23d4-4c46-a295-046c86a4db20"
      },
      "ResponseBody": {
        "status": "Enqueued"
      }
    },
    {
      "RequestUri": "https://management.azure.com/subscriptions/220fc532-6091-423c-8ba0-66c2397d591b/providers/Microsoft.DocumentDB/locations/westus2/operationsStatus/cfdf9b3f-6fdb-4363-91de-46a7dcdca153?api-version=2023-03-15-preview",
      "RequestMethod": "GET",
      "RequestHeaders": {
        "Authorization": "Sanitized",
        "traceparent": "00-34273b61efb2a28bd71cc37cfbf1b270-0568390b7e4f7443-00",
        "User-Agent": "azsdk-net-ResourceManager/1.6.0 (.NET 7.0.7; Microsoft Windows 10.0.23493)",
        "x-ms-client-request-id": "2d4e0f63ab9ca2459ad962c6e2c24200",
        "x-ms-return-client-request-id": "true"
      },
      "RequestBody": null,
      "StatusCode": 200,
      "ResponseHeaders": {
        "Cache-Control": "no-store, no-cache",
        "Content-Length": "21",
        "Content-Type": "application/json",
        "Date": "Fri, 30 Jun 2023 16:35:51 GMT",
        "Pragma": "no-cache",
        "Server": "Microsoft-HTTPAPI/2.0",
        "Strict-Transport-Security": "max-age=31536000; includeSubDomains",
        "X-Content-Type-Options": "nosniff",
        "x-ms-correlation-request-id": "11c1460f-e539-4848-b72f-81851547674c",
        "x-ms-gatewayversion": "version=2.14.0",
        "x-ms-ratelimit-remaining-subscription-reads": "11711",
        "x-ms-request-id": "11c1460f-e539-4848-b72f-81851547674c",
        "x-ms-routing-request-id": "SOUTHCENTRALUS:20230630T163552Z:11c1460f-e539-4848-b72f-81851547674c"
      },
      "ResponseBody": {
        "status": "Enqueued"
      }
    },
    {
      "RequestUri": "https://management.azure.com/subscriptions/220fc532-6091-423c-8ba0-66c2397d591b/providers/Microsoft.DocumentDB/locations/westus2/operationsStatus/cfdf9b3f-6fdb-4363-91de-46a7dcdca153?api-version=2023-03-15-preview",
      "RequestMethod": "GET",
      "RequestHeaders": {
        "Authorization": "Sanitized",
        "traceparent": "00-34273b61efb2a28bd71cc37cfbf1b270-171df1bc3d67bf75-00",
        "User-Agent": "azsdk-net-ResourceManager/1.6.0 (.NET 7.0.7; Microsoft Windows 10.0.23493)",
        "x-ms-client-request-id": "b8e1a8a751e3aa34a132bc574f1473fb",
        "x-ms-return-client-request-id": "true"
      },
      "RequestBody": null,
      "StatusCode": 200,
      "ResponseHeaders": {
        "Cache-Control": "no-store, no-cache",
        "Content-Length": "21",
        "Content-Type": "application/json",
        "Date": "Fri, 30 Jun 2023 16:35:52 GMT",
        "Pragma": "no-cache",
        "Server": "Microsoft-HTTPAPI/2.0",
        "Strict-Transport-Security": "max-age=31536000; includeSubDomains",
        "X-Content-Type-Options": "nosniff",
        "x-ms-correlation-request-id": "fc4609f7-9849-47c1-b618-1d203b1c009b",
        "x-ms-gatewayversion": "version=2.14.0",
        "x-ms-ratelimit-remaining-subscription-reads": "11710",
        "x-ms-request-id": "fc4609f7-9849-47c1-b618-1d203b1c009b",
        "x-ms-routing-request-id": "SOUTHCENTRALUS:20230630T163553Z:fc4609f7-9849-47c1-b618-1d203b1c009b"
      },
      "ResponseBody": {
        "status": "Enqueued"
      }
    },
    {
      "RequestUri": "https://management.azure.com/subscriptions/220fc532-6091-423c-8ba0-66c2397d591b/providers/Microsoft.DocumentDB/locations/westus2/operationsStatus/cfdf9b3f-6fdb-4363-91de-46a7dcdca153?api-version=2023-03-15-preview",
      "RequestMethod": "GET",
      "RequestHeaders": {
        "Authorization": "Sanitized",
        "traceparent": "00-34273b61efb2a28bd71cc37cfbf1b270-3f91c63fadc836df-00",
        "User-Agent": "azsdk-net-ResourceManager/1.6.0 (.NET 7.0.7; Microsoft Windows 10.0.23493)",
        "x-ms-client-request-id": "5da59f065ccca03cc18d8a9669cb0fdf",
        "x-ms-return-client-request-id": "true"
      },
      "RequestBody": null,
      "StatusCode": 200,
      "ResponseHeaders": {
        "Cache-Control": "no-store, no-cache",
        "Content-Length": "21",
        "Content-Type": "application/json",
        "Date": "Fri, 30 Jun 2023 16:35:53 GMT",
        "Pragma": "no-cache",
        "Server": "Microsoft-HTTPAPI/2.0",
        "Strict-Transport-Security": "max-age=31536000; includeSubDomains",
        "X-Content-Type-Options": "nosniff",
        "x-ms-correlation-request-id": "85965be3-76d8-4ce6-b718-5f4453cebae5",
        "x-ms-gatewayversion": "version=2.14.0",
        "x-ms-ratelimit-remaining-subscription-reads": "11709",
        "x-ms-request-id": "85965be3-76d8-4ce6-b718-5f4453cebae5",
        "x-ms-routing-request-id": "SOUTHCENTRALUS:20230630T163554Z:85965be3-76d8-4ce6-b718-5f4453cebae5"
      },
      "ResponseBody": {
        "status": "Dequeued"
      }
    },
    {
      "RequestUri": "https://management.azure.com/subscriptions/220fc532-6091-423c-8ba0-66c2397d591b/providers/Microsoft.DocumentDB/locations/westus2/operationsStatus/cfdf9b3f-6fdb-4363-91de-46a7dcdca153?api-version=2023-03-15-preview",
      "RequestMethod": "GET",
      "RequestHeaders": {
        "Authorization": "Sanitized",
        "traceparent": "00-34273b61efb2a28bd71cc37cfbf1b270-40fab895c10c9fc1-00",
        "User-Agent": "azsdk-net-ResourceManager/1.6.0 (.NET 7.0.7; Microsoft Windows 10.0.23493)",
        "x-ms-client-request-id": "a001218f51ca11a6daa38c6aeeed5385",
        "x-ms-return-client-request-id": "true"
      },
      "RequestBody": null,
      "StatusCode": 200,
      "ResponseHeaders": {
        "Cache-Control": "no-store, no-cache",
        "Content-Length": "21",
        "Content-Type": "application/json",
        "Date": "Fri, 30 Jun 2023 16:35:55 GMT",
        "Pragma": "no-cache",
        "Server": "Microsoft-HTTPAPI/2.0",
        "Strict-Transport-Security": "max-age=31536000; includeSubDomains",
        "X-Content-Type-Options": "nosniff",
        "x-ms-correlation-request-id": "3c92bf7d-781e-406d-a102-805ee5f951f9",
        "x-ms-gatewayversion": "version=2.14.0",
        "x-ms-ratelimit-remaining-subscription-reads": "11708",
        "x-ms-request-id": "3c92bf7d-781e-406d-a102-805ee5f951f9",
        "x-ms-routing-request-id": "SOUTHCENTRALUS:20230630T163556Z:3c92bf7d-781e-406d-a102-805ee5f951f9"
      },
      "ResponseBody": {
        "status": "Dequeued"
      }
    },
    {
      "RequestUri": "https://management.azure.com/subscriptions/220fc532-6091-423c-8ba0-66c2397d591b/providers/Microsoft.DocumentDB/locations/westus2/operationsStatus/cfdf9b3f-6fdb-4363-91de-46a7dcdca153?api-version=2023-03-15-preview",
      "RequestMethod": "GET",
      "RequestHeaders": {
        "Authorization": "Sanitized",
        "traceparent": "00-34273b61efb2a28bd71cc37cfbf1b270-c07e8012dd6092ba-00",
        "User-Agent": "azsdk-net-ResourceManager/1.6.0 (.NET 7.0.7; Microsoft Windows 10.0.23493)",
        "x-ms-client-request-id": "43bf6766e41c4a336c41f656c79d40d5",
        "x-ms-return-client-request-id": "true"
      },
      "RequestBody": null,
      "StatusCode": 200,
      "ResponseHeaders": {
        "Cache-Control": "no-store, no-cache",
        "Content-Length": "21",
        "Content-Type": "application/json",
        "Date": "Fri, 30 Jun 2023 16:35:59 GMT",
        "Pragma": "no-cache",
        "Server": "Microsoft-HTTPAPI/2.0",
        "Strict-Transport-Security": "max-age=31536000; includeSubDomains",
        "X-Content-Type-Options": "nosniff",
        "x-ms-correlation-request-id": "f4ea276d-a680-4c61-beca-519e2b080556",
        "x-ms-gatewayversion": "version=2.14.0",
        "x-ms-ratelimit-remaining-subscription-reads": "11707",
        "x-ms-request-id": "f4ea276d-a680-4c61-beca-519e2b080556",
        "x-ms-routing-request-id": "SOUTHCENTRALUS:20230630T163600Z:f4ea276d-a680-4c61-beca-519e2b080556"
      },
      "ResponseBody": {
        "status": "Dequeued"
      }
    },
    {
      "RequestUri": "https://management.azure.com/subscriptions/220fc532-6091-423c-8ba0-66c2397d591b/providers/Microsoft.DocumentDB/locations/westus2/operationsStatus/cfdf9b3f-6fdb-4363-91de-46a7dcdca153?api-version=2023-03-15-preview",
      "RequestMethod": "GET",
      "RequestHeaders": {
        "Authorization": "Sanitized",
        "traceparent": "00-34273b61efb2a28bd71cc37cfbf1b270-3de1d5a165b76aeb-00",
        "User-Agent": "azsdk-net-ResourceManager/1.6.0 (.NET 7.0.7; Microsoft Windows 10.0.23493)",
        "x-ms-client-request-id": "2ec8dd23d213b530f8948228cfd2b1d4",
        "x-ms-return-client-request-id": "true"
      },
      "RequestBody": null,
      "StatusCode": 200,
      "ResponseHeaders": {
        "Cache-Control": "no-store, no-cache",
        "Content-Length": "21",
        "Content-Type": "application/json",
        "Date": "Fri, 30 Jun 2023 16:36:07 GMT",
        "Pragma": "no-cache",
        "Server": "Microsoft-HTTPAPI/2.0",
        "Strict-Transport-Security": "max-age=31536000; includeSubDomains",
        "X-Content-Type-Options": "nosniff",
        "x-ms-correlation-request-id": "f9fcee2a-f359-4dcb-aee5-a83a485d3d3c",
        "x-ms-gatewayversion": "version=2.14.0",
        "x-ms-ratelimit-remaining-subscription-reads": "11706",
        "x-ms-request-id": "f9fcee2a-f359-4dcb-aee5-a83a485d3d3c",
        "x-ms-routing-request-id": "SOUTHCENTRALUS:20230630T163608Z:f9fcee2a-f359-4dcb-aee5-a83a485d3d3c"
      },
      "ResponseBody": {
        "status": "Dequeued"
      }
    },
    {
      "RequestUri": "https://management.azure.com/subscriptions/220fc532-6091-423c-8ba0-66c2397d591b/providers/Microsoft.DocumentDB/locations/westus2/operationsStatus/cfdf9b3f-6fdb-4363-91de-46a7dcdca153?api-version=2023-03-15-preview",
      "RequestMethod": "GET",
      "RequestHeaders": {
        "Authorization": "Sanitized",
        "traceparent": "00-34273b61efb2a28bd71cc37cfbf1b270-1a1220083638ca5a-00",
        "User-Agent": "azsdk-net-ResourceManager/1.6.0 (.NET 7.0.7; Microsoft Windows 10.0.23493)",
        "x-ms-client-request-id": "02300439cb0caac2edb634895a50493c",
        "x-ms-return-client-request-id": "true"
      },
      "RequestBody": null,
      "StatusCode": 200,
      "ResponseHeaders": {
        "Cache-Control": "no-store, no-cache",
        "Content-Length": "21",
        "Content-Type": "application/json",
        "Date": "Fri, 30 Jun 2023 16:36:24 GMT",
        "Pragma": "no-cache",
        "Server": "Microsoft-HTTPAPI/2.0",
        "Strict-Transport-Security": "max-age=31536000; includeSubDomains",
        "X-Content-Type-Options": "nosniff",
        "x-ms-correlation-request-id": "c12939e3-d086-47e0-b400-8a558c21d001",
        "x-ms-gatewayversion": "version=2.14.0",
        "x-ms-ratelimit-remaining-subscription-reads": "11705",
        "x-ms-request-id": "c12939e3-d086-47e0-b400-8a558c21d001",
        "x-ms-routing-request-id": "SOUTHCENTRALUS:20230630T163624Z:c12939e3-d086-47e0-b400-8a558c21d001"
      },
      "ResponseBody": {
        "status": "Dequeued"
      }
    },
    {
      "RequestUri": "https://management.azure.com/subscriptions/220fc532-6091-423c-8ba0-66c2397d591b/providers/Microsoft.DocumentDB/locations/westus2/operationsStatus/cfdf9b3f-6fdb-4363-91de-46a7dcdca153?api-version=2023-03-15-preview",
      "RequestMethod": "GET",
      "RequestHeaders": {
        "Authorization": "Sanitized",
        "traceparent": "00-34273b61efb2a28bd71cc37cfbf1b270-737c74d4dae62d33-00",
        "User-Agent": "azsdk-net-ResourceManager/1.6.0 (.NET 7.0.7; Microsoft Windows 10.0.23493)",
        "x-ms-client-request-id": "1146b7632424937236094a88620b7a99",
        "x-ms-return-client-request-id": "true"
      },
      "RequestBody": null,
      "StatusCode": 200,
      "ResponseHeaders": {
        "Cache-Control": "no-store, no-cache",
        "Content-Length": "21",
        "Content-Type": "application/json",
        "Date": "Fri, 30 Jun 2023 16:36:56 GMT",
        "Pragma": "no-cache",
        "Server": "Microsoft-HTTPAPI/2.0",
        "Strict-Transport-Security": "max-age=31536000; includeSubDomains",
        "X-Content-Type-Options": "nosniff",
        "x-ms-correlation-request-id": "161295ef-da6e-4167-89f6-526dfb9e7474",
        "x-ms-gatewayversion": "version=2.14.0",
        "x-ms-ratelimit-remaining-subscription-reads": "11704",
        "x-ms-request-id": "161295ef-da6e-4167-89f6-526dfb9e7474",
        "x-ms-routing-request-id": "SOUTHCENTRALUS:20230630T163657Z:161295ef-da6e-4167-89f6-526dfb9e7474"
      },
      "ResponseBody": {
        "status": "Dequeued"
      }
    },
    {
      "RequestUri": "https://management.azure.com/subscriptions/220fc532-6091-423c-8ba0-66c2397d591b/providers/Microsoft.DocumentDB/locations/westus2/operationsStatus/cfdf9b3f-6fdb-4363-91de-46a7dcdca153?api-version=2023-03-15-preview",
      "RequestMethod": "GET",
      "RequestHeaders": {
        "Authorization": "Sanitized",
        "traceparent": "00-34273b61efb2a28bd71cc37cfbf1b270-517b66e17f7a8257-00",
        "User-Agent": "azsdk-net-ResourceManager/1.6.0 (.NET 7.0.7; Microsoft Windows 10.0.23493)",
        "x-ms-client-request-id": "c31c228f3d6d58c81a1e405c9ea75aa8",
        "x-ms-return-client-request-id": "true"
      },
      "RequestBody": null,
      "StatusCode": 200,
      "ResponseHeaders": {
        "Cache-Control": "no-store, no-cache",
        "Content-Length": "21",
        "Content-Type": "application/json",
        "Date": "Fri, 30 Jun 2023 16:37:28 GMT",
        "Pragma": "no-cache",
        "Server": "Microsoft-HTTPAPI/2.0",
        "Strict-Transport-Security": "max-age=31536000; includeSubDomains",
        "X-Content-Type-Options": "nosniff",
        "x-ms-correlation-request-id": "d9e9adb8-c4bf-4bbe-8075-5112e17cc75b",
        "x-ms-gatewayversion": "version=2.14.0",
        "x-ms-ratelimit-remaining-subscription-reads": "11703",
        "x-ms-request-id": "d9e9adb8-c4bf-4bbe-8075-5112e17cc75b",
        "x-ms-routing-request-id": "SOUTHCENTRALUS:20230630T163729Z:d9e9adb8-c4bf-4bbe-8075-5112e17cc75b"
      },
      "ResponseBody": {
        "status": "Dequeued"
      }
    },
    {
      "RequestUri": "https://management.azure.com/subscriptions/220fc532-6091-423c-8ba0-66c2397d591b/providers/Microsoft.DocumentDB/locations/westus2/operationsStatus/cfdf9b3f-6fdb-4363-91de-46a7dcdca153?api-version=2023-03-15-preview",
      "RequestMethod": "GET",
      "RequestHeaders": {
        "Authorization": "Sanitized",
        "traceparent": "00-34273b61efb2a28bd71cc37cfbf1b270-8ec1403ff31560fd-00",
        "User-Agent": "azsdk-net-ResourceManager/1.6.0 (.NET 7.0.7; Microsoft Windows 10.0.23493)",
        "x-ms-client-request-id": "18c5464aa08b15af929dcc02803a48e1",
        "x-ms-return-client-request-id": "true"
      },
      "RequestBody": null,
      "StatusCode": 200,
      "ResponseHeaders": {
        "Cache-Control": "no-store, no-cache",
        "Content-Length": "21",
        "Content-Type": "application/json",
        "Date": "Fri, 30 Jun 2023 16:38:00 GMT",
        "Pragma": "no-cache",
        "Server": "Microsoft-HTTPAPI/2.0",
        "Strict-Transport-Security": "max-age=31536000; includeSubDomains",
        "X-Content-Type-Options": "nosniff",
        "x-ms-correlation-request-id": "e425fd06-173d-4208-9c5f-114c5abb9e18",
        "x-ms-gatewayversion": "version=2.14.0",
        "x-ms-ratelimit-remaining-subscription-reads": "11702",
        "x-ms-request-id": "e425fd06-173d-4208-9c5f-114c5abb9e18",
        "x-ms-routing-request-id": "SOUTHCENTRALUS:20230630T163801Z:e425fd06-173d-4208-9c5f-114c5abb9e18"
      },
      "ResponseBody": {
        "status": "Dequeued"
      }
    },
    {
      "RequestUri": "https://management.azure.com/subscriptions/220fc532-6091-423c-8ba0-66c2397d591b/providers/Microsoft.DocumentDB/locations/westus2/operationsStatus/cfdf9b3f-6fdb-4363-91de-46a7dcdca153?api-version=2023-03-15-preview",
      "RequestMethod": "GET",
      "RequestHeaders": {
        "Authorization": "Sanitized",
        "traceparent": "00-34273b61efb2a28bd71cc37cfbf1b270-8a95c45d24c6f4d4-00",
        "User-Agent": "azsdk-net-ResourceManager/1.6.0 (.NET 7.0.7; Microsoft Windows 10.0.23493)",
        "x-ms-client-request-id": "37f99b3c853425cfeeeef605e415f58e",
        "x-ms-return-client-request-id": "true"
      },
      "RequestBody": null,
      "StatusCode": 200,
      "ResponseHeaders": {
        "Cache-Control": "no-store, no-cache",
        "Content-Length": "21",
        "Content-Type": "application/json",
        "Date": "Fri, 30 Jun 2023 16:38:33 GMT",
        "Pragma": "no-cache",
        "Server": "Microsoft-HTTPAPI/2.0",
        "Strict-Transport-Security": "max-age=31536000; includeSubDomains",
        "X-Content-Type-Options": "nosniff",
        "x-ms-correlation-request-id": "afd19e18-71e6-4330-b2e3-eb62abd39f74",
        "x-ms-gatewayversion": "version=2.14.0",
        "x-ms-ratelimit-remaining-subscription-reads": "11701",
        "x-ms-request-id": "afd19e18-71e6-4330-b2e3-eb62abd39f74",
        "x-ms-routing-request-id": "SOUTHCENTRALUS:20230630T163833Z:afd19e18-71e6-4330-b2e3-eb62abd39f74"
      },
      "ResponseBody": {
        "status": "Dequeued"
      }
    },
    {
      "RequestUri": "https://management.azure.com/subscriptions/220fc532-6091-423c-8ba0-66c2397d591b/providers/Microsoft.DocumentDB/locations/westus2/operationsStatus/cfdf9b3f-6fdb-4363-91de-46a7dcdca153?api-version=2023-03-15-preview",
      "RequestMethod": "GET",
      "RequestHeaders": {
        "Authorization": "Sanitized",
        "traceparent": "00-34273b61efb2a28bd71cc37cfbf1b270-3d1fdc15fa01e7bc-00",
        "User-Agent": "azsdk-net-ResourceManager/1.6.0 (.NET 7.0.7; Microsoft Windows 10.0.23493)",
        "x-ms-client-request-id": "1b3da2af6246ef0d730631d071c6d7e0",
        "x-ms-return-client-request-id": "true"
      },
      "RequestBody": null,
      "StatusCode": 200,
      "ResponseHeaders": {
        "Cache-Control": "no-store, no-cache",
        "Content-Length": "22",
        "Content-Type": "application/json",
        "Date": "Fri, 30 Jun 2023 16:39:05 GMT",
        "Pragma": "no-cache",
        "Server": "Microsoft-HTTPAPI/2.0",
        "Strict-Transport-Security": "max-age=31536000; includeSubDomains",
        "X-Content-Type-Options": "nosniff",
        "x-ms-correlation-request-id": "c22559c0-d8c9-49e6-a13e-883bf6bc7d0e",
        "x-ms-gatewayversion": "version=2.14.0",
        "x-ms-ratelimit-remaining-subscription-reads": "11700",
        "x-ms-request-id": "c22559c0-d8c9-49e6-a13e-883bf6bc7d0e",
        "x-ms-routing-request-id": "SOUTHCENTRALUS:20230630T163905Z:c22559c0-d8c9-49e6-a13e-883bf6bc7d0e"
      },
      "ResponseBody": {
        "status": "Succeeded"
      }
    },
    {
      "RequestUri": "https://management.azure.com/subscriptions/220fc532-6091-423c-8ba0-66c2397d591b/resourceGroups/dbaccount-3620/providers/Microsoft.DocumentDB/databaseAccounts/dbaccount-7016?api-version=2023-03-15-preview",
      "RequestMethod": "GET",
      "RequestHeaders": {
        "Authorization": "Sanitized",
        "traceparent": "00-34273b61efb2a28bd71cc37cfbf1b270-6b6a8d4757f75d5d-00",
        "User-Agent": "azsdk-net-ResourceManager/1.6.0 (.NET 7.0.7; Microsoft Windows 10.0.23493)",
        "x-ms-client-request-id": "03205ed622aec574779f2a9da9a9317c",
        "x-ms-return-client-request-id": "true"
      },
      "RequestBody": null,
      "StatusCode": 200,
      "ResponseHeaders": {
        "Cache-Control": "no-store, no-cache",
        "Content-Length": "3065",
        "Content-Type": "application/json",
        "Date": "Fri, 30 Jun 2023 16:39:05 GMT",
        "Pragma": "no-cache",
        "Server": "Microsoft-HTTPAPI/2.0",
        "Strict-Transport-Security": "max-age=31536000; includeSubDomains",
        "X-Content-Type-Options": "nosniff",
        "x-ms-correlation-request-id": "9d26f5f3-00e1-40eb-80b3-df28306c47c6",
        "x-ms-gatewayversion": "version=2.14.0",
        "x-ms-ratelimit-remaining-subscription-reads": "11699",
        "x-ms-request-id": "9d26f5f3-00e1-40eb-80b3-df28306c47c6",
        "x-ms-routing-request-id": "SOUTHCENTRALUS:20230630T163905Z:9d26f5f3-00e1-40eb-80b3-df28306c47c6"
      },
      "ResponseBody": {
        "id": "/subscriptions/220fc532-6091-423c-8ba0-66c2397d591b/resourceGroups/dbaccount-3620/providers/Microsoft.DocumentDB/databaseAccounts/dbaccount-7016",
        "name": "dbaccount-7016",
        "location": "West US 2",
        "type": "Microsoft.DocumentDB/databaseAccounts",
        "kind": "MongoDB",
        "tags": {
          "key1": "value1",
          "key2": "value2"
        },
        "systemData": {
          "createdAt": "2023-06-30T16:38:38.8507104Z"
        },
        "properties": {
          "provisioningState": "Succeeded",
          "documentEndpoint": "https://dbaccount-7016.documents.azure.com:443/",
          "sqlEndpoint": "https://dbaccount-7016.documents.azure.com:443/",
          "mongoEndpoint": "https://dbaccount-7016.mongo.cosmos.azure.com:443/",
          "publicNetworkAccess": "Enabled",
          "enableAutomaticFailover": false,
          "enableMultipleWriteLocations": false,
          "enablePartitionKeyMonitor": false,
          "isVirtualNetworkFilterEnabled": true,
          "virtualNetworkRules": [],
          "EnabledApiTypes": "MongoDB",
          "disableKeyBasedMetadataWriteAccess": false,
          "enableFreeTier": false,
          "enableAnalyticalStorage": false,
          "analyticalStorageConfiguration": {
            "schemaType": "FullFidelity"
          },
          "instanceId": "0f04c607-e07c-4607-94e9-b63834cbc5ed",
          "databaseAccountOfferType": "Standard",
          "enableCassandraConnector": false,
          "connectorOffer": "Small",
          "enableMaterializedViews": false,
          "enableFullFidelityChangeFeed": false,
          "defaultIdentity": "FirstPartyIdentity",
          "networkAclBypass": "None",
          "disableLocalAuth": false,
          "enablePartitionMerge": false,
          "enableBurstCapacity": false,
          "minimalTlsVersion": "Tls12",
          "consistencyPolicy": {
            "defaultConsistencyLevel": "BoundedStaleness",
            "maxIntervalInSeconds": 1000,
            "maxStalenessPrefix": 300
          },
          "apiProperties": {
            "serverVersion": "3.6"
          },
          "configurationOverrides": {
            "EnableBsonSchema": "True"
          },
          "writeLocations": [
            {
              "id": "dbaccount-7016-westus",
              "locationName": "West US",
              "documentEndpoint": "https://dbaccount-7016-westus.documents.azure.com:443/",
              "provisioningState": "Succeeded",
              "failoverPriority": 0,
              "isZoneRedundant": false
            }
          ],
          "readLocations": [
            {
              "id": "dbaccount-7016-westus",
              "locationName": "West US",
              "documentEndpoint": "https://dbaccount-7016-westus.documents.azure.com:443/",
              "provisioningState": "Succeeded",
              "failoverPriority": 0,
              "isZoneRedundant": false
            }
          ],
          "locations": [
            {
              "id": "dbaccount-7016-westus",
              "locationName": "West US",
              "documentEndpoint": "https://dbaccount-7016-westus.documents.azure.com:443/",
              "provisioningState": "Succeeded",
              "failoverPriority": 0,
              "isZoneRedundant": false
            }
          ],
          "failoverPolicies": [
            {
              "id": "dbaccount-7016-westus",
              "locationName": "West US",
              "failoverPriority": 0
            }
          ],
          "cors": [],
          "capabilities": [
            {
              "name": "EnableMongo"
            }
          ],
          "ipRules": [
            {
              "ipAddressOrRange": "23.43.230.120"
            }
          ],
          "backupPolicy": {
            "type": "Periodic",
            "periodicModeProperties": {
              "backupIntervalInMinutes": 240,
              "backupRetentionIntervalInHours": 8,
              "backupStorageRedundancy": "Geo"
            }
          },
          "networkAclBypassResourceIds": [],
          "diagnosticLogSettings": {
            "enableFullTextQuery": "None"
          },
          "keysMetadata": {
            "primaryMasterKey": {
              "generationTime": "2023-06-30T16:38:38.8507104Z"
            },
            "secondaryMasterKey": {
              "generationTime": "2023-06-30T16:38:38.8507104Z"
            },
            "primaryReadonlyMasterKey": {
              "generationTime": "2023-06-30T16:38:38.8507104Z"
            },
            "secondaryReadonlyMasterKey": {
              "generationTime": "2023-06-30T16:38:38.8507104Z"
            }
          }
        },
        "identity": {
          "type": "None"
        }
      }
    }
  ],
  "Variables": {
    "AZURE_AUTHORITY_HOST": "https://login.microsoftonline.com",
    "RandomSeed": "1286696510",
    "RESOURCE_MANAGER_URL": null,
    "SUBSCRIPTION_ID": "220fc532-6091-423c-8ba0-66c2397d591b"
  }
}
