{
  "Entries": [
    {
      "RequestUri": "https://management.azure.com/subscriptions/db1ab6f0-4769-4b27-930e-01e2ef9c123c?api-version=2021-01-01",
      "RequestMethod": "GET",
      "RequestHeaders": {
        "Accept": "application/json",
        "Authorization": "Sanitized",
        "traceparent": "00-1c27b05ba6f47c4cbacf125e109b1e72-209e2ef47f505d40-00",
        "User-Agent": "azsdk-net-ResourceManager/1.3.0 (.NET Core 3.1.28; Microsoft Windows 10.0.22000)",
        "x-ms-client-request-id": "c2e4f4a7e385127cac9287701979a708",
        "x-ms-return-client-request-id": "true"
      },
      "RequestBody": null,
      "StatusCode": 200,
      "ResponseHeaders": {
        "Cache-Control": "no-cache",
        "Content-Length": "747",
        "Content-Type": "application/json; charset=utf-8",
        "Date": "Tue, 23 Aug 2022 08:32:53 GMT",
        "Expires": "-1",
        "Pragma": "no-cache",
        "Strict-Transport-Security": "max-age=31536000; includeSubDomains",
        "X-Content-Type-Options": "nosniff",
        "x-ms-correlation-request-id": "40738160-effc-467e-9899-937344c5a920",
        "x-ms-ratelimit-remaining-subscription-reads": "11974",
        "x-ms-request-id": "40738160-effc-467e-9899-937344c5a920",
        "x-ms-routing-request-id": "SOUTHEASTASIA:20220823T083254Z:40738160-effc-467e-9899-937344c5a920"
      },
      "ResponseBody": {
        "id": "/subscriptions/db1ab6f0-4769-4b27-930e-01e2ef9c123c",
        "authorizationSource": "RoleBased",
        "managedByTenants": [],
        "tags": {
          "TagKey-9823": "TagValue-566",
          "TagKey-3481": "TagValue-320",
          "TagKey-4926": "TagValue-1187",
          "TagKey-751": "TagValue-3921",
          "TagKey-1866": "TagValue-8559",
          "TagKey-3094": "TagValue-9190",
          "TagKey-2449": "TagValue-9",
          "TagKey-8379": "TagValue-164",
          "TagKey-7470": "TagValue-2205",
          "TagKey-4236": "TagValue-3698",
          "TagKey-5316": "TagValue-2725"
        },
        "subscriptionId": "db1ab6f0-4769-4b27-930e-01e2ef9c123c",
        "tenantId": "72f988bf-86f1-41af-91ab-2d7cd011db47",
        "displayName": ".NET Mgmt SDK Test with TTL = 1 Day",
        "state": "Enabled",
        "subscriptionPolicies": {
          "locationPlacementId": "Internal_2014-09-01",
          "quotaId": "Internal_2014-09-01",
          "spendingLimit": "Off"
        }
      }
    },
    {
      "RequestUri": "https://management.azure.com/subscriptions/db1ab6f0-4769-4b27-930e-01e2ef9c123c/resourcegroups/LogicAppRG-9972?api-version=2021-04-01",
      "RequestMethod": "PUT",
      "RequestHeaders": {
        "Accept": "application/json",
        "Authorization": "Sanitized",
        "Content-Length": "24",
        "Content-Type": "application/json",
        "traceparent": "00-5a81e90f2156d14d8a5ed6996aa6467d-f5022a33513aff4e-00",
        "User-Agent": "azsdk-net-ResourceManager/1.3.0 (.NET Core 3.1.28; Microsoft Windows 10.0.22000)",
        "x-ms-client-request-id": "3112eb61005610cd0a7eb57a85dd2984",
        "x-ms-return-client-request-id": "true"
      },
      "RequestBody": {
        "location": "centralus"
      },
      "StatusCode": 201,
      "ResponseHeaders": {
        "Cache-Control": "no-cache",
        "Content-Length": "230",
        "Content-Type": "application/json; charset=utf-8",
        "Date": "Tue, 23 Aug 2022 08:32:54 GMT",
        "Expires": "-1",
        "Pragma": "no-cache",
        "Strict-Transport-Security": "max-age=31536000; includeSubDomains",
        "X-Content-Type-Options": "nosniff",
        "x-ms-correlation-request-id": "0d516cf9-d1db-45a4-b811-10f816378172",
        "x-ms-ratelimit-remaining-subscription-writes": "1183",
        "x-ms-request-id": "0d516cf9-d1db-45a4-b811-10f816378172",
        "x-ms-routing-request-id": "SOUTHEASTASIA:20220823T083255Z:0d516cf9-d1db-45a4-b811-10f816378172"
      },
      "ResponseBody": {
        "id": "/subscriptions/db1ab6f0-4769-4b27-930e-01e2ef9c123c/resourceGroups/LogicAppRG-9972",
        "name": "LogicAppRG-9972",
        "type": "Microsoft.Resources/resourceGroups",
        "location": "centralus",
        "properties": {
          "provisioningState": "Succeeded"
        }
      }
    },
    {
      "RequestUri": "https://management.azure.com/subscriptions/db1ab6f0-4769-4b27-930e-01e2ef9c123c/resourceGroups/LogicAppRG-9972/providers/Microsoft.Logic/integrationAccounts/intergrationAccount3533?api-version=2019-05-01",
      "RequestMethod": "PUT",
      "RequestHeaders": {
        "Accept": "application/json",
        "Authorization": "Sanitized",
        "Content-Length": "76",
        "Content-Type": "application/json",
        "traceparent": "00-f074e6fba8a5b84d94ff35911aa19cea-40eccd84ef71484b-00",
        "User-Agent": "azsdk-net-ResourceManager.Logic/1.0.0-alpha.20220823.1 (.NET Core 3.1.28; Microsoft Windows 10.0.22000)",
        "x-ms-client-request-id": "9db9e96d33870e7cd2f5566edd714f03",
        "x-ms-return-client-request-id": "true"
      },
      "RequestBody": {
        "sku": {
          "name": "Standard"
        },
        "tags": {},
        "location": "centralus",
        "properties": {}
      },
      "StatusCode": 201,
      "ResponseHeaders": {
        "Cache-Control": "no-cache",
        "Content-Length": "331",
        "Content-Type": "application/json; charset=utf-8",
        "Date": "Tue, 23 Aug 2022 08:32:59 GMT",
        "Expires": "-1",
        "Pragma": "no-cache",
        "Strict-Transport-Security": "max-age=31536000; includeSubDomains",
        "X-Content-Type-Options": "nosniff",
        "x-ms-correlation-request-id": "ea99c4e7-5f7a-41b6-b401-5a13009a9050",
        "x-ms-ratelimit-remaining-subscription-writes": "1182",
        "x-ms-request-id": "centralus:bcddd072-bc58-46d0-91c9-b02117ce70b3",
        "x-ms-routing-request-id": "SOUTHEASTASIA:20220823T083300Z:ea99c4e7-5f7a-41b6-b401-5a13009a9050"
      },
      "ResponseBody": {
        "properties": {
          "state": "Enabled"
        },
        "sku": {
          "name": "Standard"
        },
        "id": "/subscriptions/db1ab6f0-4769-4b27-930e-01e2ef9c123c/resourceGroups/LogicAppRG-9972/providers/Microsoft.Logic/integrationAccounts/intergrationAccount3533",
        "name": "intergrationAccount3533",
        "type": "Microsoft.Logic/integrationAccounts",
        "location": "centralus",
        "tags": {}
      }
    }
  ],
  "Variables": {
    "AZURE_AUTHORITY_HOST": "https://login.microsoftonline.com",
    "RandomSeed": "235742895",
    "RESOURCE_MANAGER_URL": null,
    "SUBSCRIPTION_ID": "db1ab6f0-4769-4b27-930e-01e2ef9c123c"
  }
}
