{
  "Entries": [
    {
      "RequestUri": "https://myaccountname.purview.azure.com/share/sentShares/7911b09b-9cb3-416a-a3f0-e242c0bfd574?api-version=2023-02-15-preview",
      "RequestMethod": "DELETE",
      "RequestHeaders": {
        "Accept": "application/json",
        "Authorization": "Sanitized",
        "traceparent": "00-7c10a45d59797d32df8462a3a51f448f-682af575f85df12a-00",
        "User-Agent": "azsdk-net-Analytics.Purview.Sharing/1.0.3-alpha.20230222.1 (.NET 7.0.3; Microsoft Windows 10.0.22621)",
        "x-ms-client-request-id": "8a0f01264647409f7e1b80590a584dd2",
        "x-ms-return-client-request-id": "true"
      },
      "RequestBody": null,
      "StatusCode": 202,
      "ResponseHeaders": {
        "Content-Length": "138",
        "Content-Type": "application/json; charset=utf-8",
        "Date": "Thu, 23 Feb 2023 04:39:45 GMT",
        "Operation-Id": "Sanitized",
        "Operation-Location": "Sanitized",
        "Server": "Kestrel",
        "Strict-Transport-Security": "max-age=31536000; includeSubDomains",
        "x-ms-correlation-request-id": "8e9828ce-ac60-4c82-94ac-200e57b12c29"
      },
      "ResponseBody": {
        "id": "40e3fc35-c5a6-4114-9dcd-7af1a92415a1",
        "startTime": "2023-02-23T04:39:45.6592298Z",
        "endTime": null,
        "status": "NotStarted",
        "error": null
      }
    },
    {
      "RequestUri": "https://myaccountname.purview.azure.com/share/operationResults/40e3fc35-c5a6-4114-9dcd-7af1a92415a1?api-version=2023-02-15-preview",
      "RequestMethod": "GET",
      "RequestHeaders": {
        "Authorization": "Sanitized",
        "traceparent": "00-7c10a45d59797d32df8462a3a51f448f-42d0001e0ea29ecf-00",
        "User-Agent": "azsdk-net-Analytics.Purview.Sharing/1.0.3-alpha.20230222.1 (.NET 7.0.3; Microsoft Windows 10.0.22621)",
        "x-ms-client-request-id": "997e4f2e579012b1db555ef1078b0316",
        "x-ms-return-client-request-id": "true"
      },
      "RequestBody": null,
      "StatusCode": 200,
      "ResponseHeaders": {
        "Content-Length": "135",
        "Content-Type": "application/json; charset=utf-8",
        "Date": "Thu, 23 Feb 2023 04:39:45 GMT",
        "Server": "Kestrel",
        "Strict-Transport-Security": "max-age=31536000; includeSubDomains",
        "x-ms-correlation-request-id": "9002e694-022f-4d2a-9003-873947610f5d"
      },
      "ResponseBody": {
        "id": "40e3fc35-c5a6-4114-9dcd-7af1a92415a1",
        "startTime": "2023-02-23T04:39:45.5251385Z",
        "endTime": null,
        "status": "Running",
        "error": null
      }
    },
    {
      "RequestUri": "https://myaccountname.purview.azure.com/share/operationResults/40e3fc35-c5a6-4114-9dcd-7af1a92415a1?api-version=2023-02-15-preview",
      "RequestMethod": "GET",
      "RequestHeaders": {
        "Authorization": "Sanitized",
        "traceparent": "00-7c10a45d59797d32df8462a3a51f448f-5742fdb6d94b9d64-00",
        "User-Agent": "azsdk-net-Analytics.Purview.Sharing/1.0.3-alpha.20230222.1 (.NET 7.0.3; Microsoft Windows 10.0.22621)",
        "x-ms-client-request-id": "bff9cc5e1dfd99ac612a1d9e77ce46e3",
        "x-ms-return-client-request-id": "true"
      },
      "RequestBody": null,
      "StatusCode": 200,
      "ResponseHeaders": {
        "Content-Length": "135",
        "Content-Type": "application/json; charset=utf-8",
        "Date": "Thu, 23 Feb 2023 04:39:46 GMT",
        "Server": "Kestrel",
        "Strict-Transport-Security": "max-age=31536000; includeSubDomains",
        "x-ms-correlation-request-id": "1e466786-5d7a-4967-a21e-ad6460bdf3fa"
      },
      "ResponseBody": {
        "id": "40e3fc35-c5a6-4114-9dcd-7af1a92415a1",
        "startTime": "2023-02-23T04:39:45.5251385Z",
        "endTime": null,
        "status": "Running",
        "error": null
      }
    },
    {
      "RequestUri": "https://myaccountname.purview.azure.com/share/operationResults/40e3fc35-c5a6-4114-9dcd-7af1a92415a1?api-version=2023-02-15-preview",
      "RequestMethod": "GET",
      "RequestHeaders": {
        "Authorization": "Sanitized",
        "traceparent": "00-7c10a45d59797d32df8462a3a51f448f-26d4b4335ecbaacb-00",
        "User-Agent": "azsdk-net-Analytics.Purview.Sharing/1.0.3-alpha.20230222.1 (.NET 7.0.3; Microsoft Windows 10.0.22621)",
        "x-ms-client-request-id": "5cf7e0a45d59ce7450fcaef1e7ad38f3",
        "x-ms-return-client-request-id": "true"
      },
      "RequestBody": null,
      "StatusCode": 200,
      "ResponseHeaders": {
        "Content-Length": "135",
        "Content-Type": "application/json; charset=utf-8",
        "Date": "Thu, 23 Feb 2023 04:39:47 GMT",
        "Server": "Kestrel",
        "Strict-Transport-Security": "max-age=31536000; includeSubDomains",
        "x-ms-correlation-request-id": "6d1b7632-6e43-4637-bce3-bda7b14f91b5"
      },
      "ResponseBody": {
        "id": "40e3fc35-c5a6-4114-9dcd-7af1a92415a1",
        "startTime": "2023-02-23T04:39:45.5251385Z",
        "endTime": null,
        "status": "Running",
        "error": null
      }
    },
    {
      "RequestUri": "https://myaccountname.purview.azure.com/share/operationResults/40e3fc35-c5a6-4114-9dcd-7af1a92415a1?api-version=2023-02-15-preview",
      "RequestMethod": "GET",
      "RequestHeaders": {
        "Authorization": "Sanitized",
        "traceparent": "00-7c10a45d59797d32df8462a3a51f448f-4219f4d785278bfc-00",
        "User-Agent": "azsdk-net-Analytics.Purview.Sharing/1.0.3-alpha.20230222.1 (.NET 7.0.3; Microsoft Windows 10.0.22621)",
        "x-ms-client-request-id": "3dfb6a188e5e11d5a2e538663a129a0d",
        "x-ms-return-client-request-id": "true"
      },
      "RequestBody": null,
      "StatusCode": 200,
      "ResponseHeaders": {
        "Content-Length": "135",
        "Content-Type": "application/json; charset=utf-8",
        "Date": "Thu, 23 Feb 2023 04:39:48 GMT",
        "Server": "Kestrel",
        "Strict-Transport-Security": "max-age=31536000; includeSubDomains",
        "x-ms-correlation-request-id": "7dd9438a-8897-4362-b7c6-391656d3a158"
      },
      "ResponseBody": {
        "id": "40e3fc35-c5a6-4114-9dcd-7af1a92415a1",
        "startTime": "2023-02-23T04:39:45.5251385Z",
        "endTime": null,
        "status": "Running",
        "error": null
      }
    },
    {
      "RequestUri": "https://myaccountname.purview.azure.com/share/operationResults/40e3fc35-c5a6-4114-9dcd-7af1a92415a1?api-version=2023-02-15-preview",
      "RequestMethod": "GET",
      "RequestHeaders": {
        "Authorization": "Sanitized",
        "traceparent": "00-7c10a45d59797d32df8462a3a51f448f-533eb9216d1c9eca-00",
        "User-Agent": "azsdk-net-Analytics.Purview.Sharing/1.0.3-alpha.20230222.1 (.NET 7.0.3; Microsoft Windows 10.0.22621)",
        "x-ms-client-request-id": "274c7b0fa69300bc582a6e006ebbb1b3",
        "x-ms-return-client-request-id": "true"
      },
      "RequestBody": null,
      "StatusCode": 200,
      "ResponseHeaders": {
        "Content-Length": "135",
        "Content-Type": "application/json; charset=utf-8",
        "Date": "Thu, 23 Feb 2023 04:39:49 GMT",
        "Server": "Kestrel",
        "Strict-Transport-Security": "max-age=31536000; includeSubDomains",
        "x-ms-correlation-request-id": "e10e3f02-1193-4beb-8ca8-e0d647200edc"
      },
      "ResponseBody": {
        "id": "40e3fc35-c5a6-4114-9dcd-7af1a92415a1",
        "startTime": "2023-02-23T04:39:45.5251385Z",
        "endTime": null,
        "status": "Running",
        "error": null
      }
    },
    {
      "RequestUri": "https://myaccountname.purview.azure.com/share/operationResults/40e3fc35-c5a6-4114-9dcd-7af1a92415a1?api-version=2023-02-15-preview",
      "RequestMethod": "GET",
      "RequestHeaders": {
        "Authorization": "Sanitized",
        "traceparent": "00-7c10a45d59797d32df8462a3a51f448f-c15184b92e169a45-00",
        "User-Agent": "azsdk-net-Analytics.Purview.Sharing/1.0.3-alpha.20230222.1 (.NET 7.0.3; Microsoft Windows 10.0.22621)",
        "x-ms-client-request-id": "0d862af208d316840be6b973250e943e",
        "x-ms-return-client-request-id": "true"
      },
      "RequestBody": null,
      "StatusCode": 200,
      "ResponseHeaders": {
        "Content-Length": "135",
        "Content-Type": "application/json; charset=utf-8",
        "Date": "Thu, 23 Feb 2023 04:39:50 GMT",
        "Server": "Kestrel",
        "Strict-Transport-Security": "max-age=31536000; includeSubDomains",
        "x-ms-correlation-request-id": "5754ed03-9cf0-4b74-89a1-c2018618b7a5"
      },
      "ResponseBody": {
        "id": "40e3fc35-c5a6-4114-9dcd-7af1a92415a1",
        "startTime": "2023-02-23T04:39:45.5251385Z",
        "endTime": null,
        "status": "Running",
        "error": null
      }
    },
    {
      "RequestUri": "https://myaccountname.purview.azure.com/share/operationResults/40e3fc35-c5a6-4114-9dcd-7af1a92415a1?api-version=2023-02-15-preview",
      "RequestMethod": "GET",
      "RequestHeaders": {
        "Authorization": "Sanitized",
        "traceparent": "00-7c10a45d59797d32df8462a3a51f448f-ade8459ba77cada3-00",
        "User-Agent": "azsdk-net-Analytics.Purview.Sharing/1.0.3-alpha.20230222.1 (.NET 7.0.3; Microsoft Windows 10.0.22621)",
        "x-ms-client-request-id": "6be2a16210607160adfae5341fd4a3e7",
        "x-ms-return-client-request-id": "true"
      },
      "RequestBody": null,
      "StatusCode": 200,
      "ResponseHeaders": {
        "Content-Length": "135",
        "Content-Type": "application/json; charset=utf-8",
        "Date": "Thu, 23 Feb 2023 04:39:52 GMT",
        "Server": "Kestrel",
        "Strict-Transport-Security": "max-age=31536000; includeSubDomains",
        "x-ms-correlation-request-id": "f78aefd7-ee85-43f5-945e-c03c1a600abf"
      },
      "ResponseBody": {
        "id": "40e3fc35-c5a6-4114-9dcd-7af1a92415a1",
        "startTime": "2023-02-23T04:39:45.5251385Z",
        "endTime": null,
        "status": "Running",
        "error": null
      }
    },
    {
      "RequestUri": "https://myaccountname.purview.azure.com/share/operationResults/40e3fc35-c5a6-4114-9dcd-7af1a92415a1?api-version=2023-02-15-preview",
      "RequestMethod": "GET",
      "RequestHeaders": {
        "Authorization": "Sanitized",
        "traceparent": "00-7c10a45d59797d32df8462a3a51f448f-05e70a76de936df7-00",
        "User-Agent": "azsdk-net-Analytics.Purview.Sharing/1.0.3-alpha.20230222.1 (.NET 7.0.3; Microsoft Windows 10.0.22621)",
        "x-ms-client-request-id": "107384338d8c0639f7351caced49db49",
        "x-ms-return-client-request-id": "true"
      },
      "RequestBody": null,
      "StatusCode": 200,
      "ResponseHeaders": {
        "Content-Length": "135",
        "Content-Type": "application/json; charset=utf-8",
        "Date": "Thu, 23 Feb 2023 04:39:53 GMT",
        "Server": "Kestrel",
        "Strict-Transport-Security": "max-age=31536000; includeSubDomains",
        "x-ms-correlation-request-id": "f7047c4a-2783-45e9-9fe7-0ec065f69a92"
      },
      "ResponseBody": {
        "id": "40e3fc35-c5a6-4114-9dcd-7af1a92415a1",
        "startTime": "2023-02-23T04:39:45.5251385Z",
        "endTime": null,
        "status": "Running",
        "error": null
      }
    },
    {
      "RequestUri": "https://myaccountname.purview.azure.com/share/operationResults/40e3fc35-c5a6-4114-9dcd-7af1a92415a1?api-version=2023-02-15-preview",
      "RequestMethod": "GET",
      "RequestHeaders": {
        "Authorization": "Sanitized",
        "traceparent": "00-7c10a45d59797d32df8462a3a51f448f-02d19a7ee2d9b515-00",
        "User-Agent": "azsdk-net-Analytics.Purview.Sharing/1.0.3-alpha.20230222.1 (.NET 7.0.3; Microsoft Windows 10.0.22621)",
        "x-ms-client-request-id": "cc9e309645d9e152c9155fd82350f736",
        "x-ms-return-client-request-id": "true"
      },
      "RequestBody": null,
      "StatusCode": 200,
      "ResponseHeaders": {
        "Content-Length": "135",
        "Content-Type": "application/json; charset=utf-8",
        "Date": "Thu, 23 Feb 2023 04:39:54 GMT",
        "Server": "Kestrel",
        "Strict-Transport-Security": "max-age=31536000; includeSubDomains",
        "x-ms-correlation-request-id": "02893537-22a7-45b7-bb6d-ab2f69381c2b"
      },
      "ResponseBody": {
        "id": "40e3fc35-c5a6-4114-9dcd-7af1a92415a1",
        "startTime": "2023-02-23T04:39:45.5251385Z",
        "endTime": null,
        "status": "Running",
        "error": null
      }
    },
    {
      "RequestUri": "https://myaccountname.purview.azure.com/share/operationResults/40e3fc35-c5a6-4114-9dcd-7af1a92415a1?api-version=2023-02-15-preview",
      "RequestMethod": "GET",
      "RequestHeaders": {
        "Authorization": "Sanitized",
        "traceparent": "00-7c10a45d59797d32df8462a3a51f448f-1b89024288491313-00",
        "User-Agent": "azsdk-net-Analytics.Purview.Sharing/1.0.3-alpha.20230222.1 (.NET 7.0.3; Microsoft Windows 10.0.22621)",
        "x-ms-client-request-id": "a03fd242839ad4b268db742bf3b38464",
        "x-ms-return-client-request-id": "true"
      },
      "RequestBody": null,
      "StatusCode": 200,
      "ResponseHeaders": {
        "Content-Length": "135",
        "Content-Type": "application/json; charset=utf-8",
        "Date": "Thu, 23 Feb 2023 04:39:55 GMT",
        "Server": "Kestrel",
        "Strict-Transport-Security": "max-age=31536000; includeSubDomains",
        "x-ms-correlation-request-id": "7cbc134d-3d75-4ef0-a2c2-4e65d0dbc7f3"
      },
      "ResponseBody": {
        "id": "40e3fc35-c5a6-4114-9dcd-7af1a92415a1",
        "startTime": "2023-02-23T04:39:45.5251385Z",
        "endTime": null,
        "status": "Running",
        "error": null
      }
    },
    {
      "RequestUri": "https://myaccountname.purview.azure.com/share/operationResults/40e3fc35-c5a6-4114-9dcd-7af1a92415a1?api-version=2023-02-15-preview",
      "RequestMethod": "GET",
      "RequestHeaders": {
        "Authorization": "Sanitized",
        "traceparent": "00-7c10a45d59797d32df8462a3a51f448f-ff9a7eb05a8f0552-00",
        "User-Agent": "azsdk-net-Analytics.Purview.Sharing/1.0.3-alpha.20230222.1 (.NET 7.0.3; Microsoft Windows 10.0.22621)",
        "x-ms-client-request-id": "ef9d9b1ed736ed0e319246762e60e3a7",
        "x-ms-return-client-request-id": "true"
      },
      "RequestBody": null,
      "StatusCode": 200,
      "ResponseHeaders": {
        "Content-Length": "135",
        "Content-Type": "application/json; charset=utf-8",
        "Date": "Thu, 23 Feb 2023 04:39:56 GMT",
        "Server": "Kestrel",
        "Strict-Transport-Security": "max-age=31536000; includeSubDomains",
        "x-ms-correlation-request-id": "e35f411a-5eba-4640-a649-f87ab026f0bd"
      },
      "ResponseBody": {
        "id": "40e3fc35-c5a6-4114-9dcd-7af1a92415a1",
        "startTime": "2023-02-23T04:39:45.5251385Z",
        "endTime": null,
        "status": "Running",
        "error": null
      }
    },
    {
      "RequestUri": "https://myaccountname.purview.azure.com/share/operationResults/40e3fc35-c5a6-4114-9dcd-7af1a92415a1?api-version=2023-02-15-preview",
      "RequestMethod": "GET",
      "RequestHeaders": {
        "Authorization": "Sanitized",
        "traceparent": "00-7c10a45d59797d32df8462a3a51f448f-e5773a69373f05d5-00",
        "User-Agent": "azsdk-net-Analytics.Purview.Sharing/1.0.3-alpha.20230222.1 (.NET 7.0.3; Microsoft Windows 10.0.22621)",
        "x-ms-client-request-id": "1a6ae63e3a0912af7ec964fdd127ed16",
        "x-ms-return-client-request-id": "true"
      },
      "RequestBody": null,
      "StatusCode": 200,
      "ResponseHeaders": {
        "Content-Length": "135",
        "Content-Type": "application/json; charset=utf-8",
        "Date": "Thu, 23 Feb 2023 04:39:57 GMT",
        "Server": "Kestrel",
        "Strict-Transport-Security": "max-age=31536000; includeSubDomains",
        "x-ms-correlation-request-id": "26553ccc-370b-4f7b-a0c0-e781d56f79dd"
      },
      "ResponseBody": {
        "id": "40e3fc35-c5a6-4114-9dcd-7af1a92415a1",
        "startTime": "2023-02-23T04:39:45.5251385Z",
        "endTime": null,
        "status": "Running",
        "error": null
      }
    },
    {
      "RequestUri": "https://myaccountname.purview.azure.com/share/operationResults/40e3fc35-c5a6-4114-9dcd-7af1a92415a1?api-version=2023-02-15-preview",
      "RequestMethod": "GET",
      "RequestHeaders": {
        "Authorization": "Sanitized",
        "traceparent": "00-7c10a45d59797d32df8462a3a51f448f-62154fad5f908764-00",
        "User-Agent": "azsdk-net-Analytics.Purview.Sharing/1.0.3-alpha.20230222.1 (.NET 7.0.3; Microsoft Windows 10.0.22621)",
        "x-ms-client-request-id": "88bafa9107b26bffc4516f083d3ba607",
        "x-ms-return-client-request-id": "true"
      },
      "RequestBody": null,
      "StatusCode": 200,
      "ResponseHeaders": {
        "Content-Length": "135",
        "Content-Type": "application/json; charset=utf-8",
        "Date": "Thu, 23 Feb 2023 04:39:58 GMT",
        "Server": "Kestrel",
        "Strict-Transport-Security": "max-age=31536000; includeSubDomains",
        "x-ms-correlation-request-id": "f1b3dc05-7fb0-48ea-9d86-233683f961d2"
      },
      "ResponseBody": {
        "id": "40e3fc35-c5a6-4114-9dcd-7af1a92415a1",
        "startTime": "2023-02-23T04:39:45.5251385Z",
        "endTime": null,
        "status": "Running",
        "error": null
      }
    },
    {
      "RequestUri": "https://myaccountname.purview.azure.com/share/operationResults/40e3fc35-c5a6-4114-9dcd-7af1a92415a1?api-version=2023-02-15-preview",
      "RequestMethod": "GET",
      "RequestHeaders": {
        "Authorization": "Sanitized",
        "traceparent": "00-7c10a45d59797d32df8462a3a51f448f-cb18b263c6341730-00",
        "User-Agent": "azsdk-net-Analytics.Purview.Sharing/1.0.3-alpha.20230222.1 (.NET 7.0.3; Microsoft Windows 10.0.22621)",
        "x-ms-client-request-id": "0decccf76949e45bec8b716d73101c0a",
        "x-ms-return-client-request-id": "true"
      },
      "RequestBody": null,
      "StatusCode": 200,
      "ResponseHeaders": {
        "Content-Length": "135",
        "Content-Type": "application/json; charset=utf-8",
        "Date": "Thu, 23 Feb 2023 04:39:59 GMT",
        "Server": "Kestrel",
        "Strict-Transport-Security": "max-age=31536000; includeSubDomains",
        "x-ms-correlation-request-id": "2fe672dc-2870-4446-81c1-60a672817bf9"
      },
      "ResponseBody": {
        "id": "40e3fc35-c5a6-4114-9dcd-7af1a92415a1",
        "startTime": "2023-02-23T04:39:45.5251385Z",
        "endTime": null,
        "status": "Running",
        "error": null
      }
    },
    {
      "RequestUri": "https://myaccountname.purview.azure.com/share/operationResults/40e3fc35-c5a6-4114-9dcd-7af1a92415a1?api-version=2023-02-15-preview",
      "RequestMethod": "GET",
      "RequestHeaders": {
        "Authorization": "Sanitized",
        "traceparent": "00-7c10a45d59797d32df8462a3a51f448f-78313ff1486d25ac-00",
        "User-Agent": "azsdk-net-Analytics.Purview.Sharing/1.0.3-alpha.20230222.1 (.NET 7.0.3; Microsoft Windows 10.0.22621)",
        "x-ms-client-request-id": "33e52fa45ba636f4e7fe56b7cba6d442",
        "x-ms-return-client-request-id": "true"
      },
      "RequestBody": null,
      "StatusCode": 200,
      "ResponseHeaders": {
        "Content-Length": "135",
        "Content-Type": "application/json; charset=utf-8",
        "Date": "Thu, 23 Feb 2023 04:40:01 GMT",
        "Server": "Kestrel",
        "Strict-Transport-Security": "max-age=31536000; includeSubDomains",
        "x-ms-correlation-request-id": "3573be4a-e9a4-4c0c-858a-2dcb508ec2e1"
      },
      "ResponseBody": {
        "id": "40e3fc35-c5a6-4114-9dcd-7af1a92415a1",
        "startTime": "2023-02-23T04:39:45.5251385Z",
        "endTime": null,
        "status": "Running",
        "error": null
      }
    },
    {
      "RequestUri": "https://myaccountname.purview.azure.com/share/operationResults/40e3fc35-c5a6-4114-9dcd-7af1a92415a1?api-version=2023-02-15-preview",
      "RequestMethod": "GET",
      "RequestHeaders": {
        "Authorization": "Sanitized",
        "traceparent": "00-7c10a45d59797d32df8462a3a51f448f-f5d0f40096d3a0ec-00",
        "User-Agent": "azsdk-net-Analytics.Purview.Sharing/1.0.3-alpha.20230222.1 (.NET 7.0.3; Microsoft Windows 10.0.22621)",
        "x-ms-client-request-id": "05065c23e03a27cd9fd59b279692f8b4",
        "x-ms-return-client-request-id": "true"
      },
      "RequestBody": null,
      "StatusCode": 200,
      "ResponseHeaders": {
        "Content-Length": "135",
        "Content-Type": "application/json; charset=utf-8",
        "Date": "Thu, 23 Feb 2023 04:40:02 GMT",
        "Server": "Kestrel",
        "Strict-Transport-Security": "max-age=31536000; includeSubDomains",
        "x-ms-correlation-request-id": "f18da0cb-7df3-43f5-b003-f074c959f66c"
      },
      "ResponseBody": {
        "id": "40e3fc35-c5a6-4114-9dcd-7af1a92415a1",
        "startTime": "2023-02-23T04:39:45.5251385Z",
        "endTime": null,
        "status": "Running",
        "error": null
      }
    },
    {
      "RequestUri": "https://myaccountname.purview.azure.com/share/operationResults/40e3fc35-c5a6-4114-9dcd-7af1a92415a1?api-version=2023-02-15-preview",
      "RequestMethod": "GET",
      "RequestHeaders": {
        "Authorization": "Sanitized",
        "traceparent": "00-7c10a45d59797d32df8462a3a51f448f-93afdc023757e4e5-00",
        "User-Agent": "azsdk-net-Analytics.Purview.Sharing/1.0.3-alpha.20230222.1 (.NET 7.0.3; Microsoft Windows 10.0.22621)",
        "x-ms-client-request-id": "0e64643572559c60d7b6264a12a31945",
        "x-ms-return-client-request-id": "true"
      },
      "RequestBody": null,
      "StatusCode": 200,
      "ResponseHeaders": {
        "Content-Length": "135",
        "Content-Type": "application/json; charset=utf-8",
        "Date": "Thu, 23 Feb 2023 04:40:03 GMT",
        "Server": "Kestrel",
        "Strict-Transport-Security": "max-age=31536000; includeSubDomains",
        "x-ms-correlation-request-id": "c4f04467-44d4-4c06-9f0c-99f95211cdab"
      },
      "ResponseBody": {
        "id": "40e3fc35-c5a6-4114-9dcd-7af1a92415a1",
        "startTime": "2023-02-23T04:39:45.5251385Z",
        "endTime": null,
        "status": "Running",
        "error": null
      }
    },
    {
      "RequestUri": "https://myaccountname.purview.azure.com/share/operationResults/40e3fc35-c5a6-4114-9dcd-7af1a92415a1?api-version=2023-02-15-preview",
      "RequestMethod": "GET",
      "RequestHeaders": {
        "Authorization": "Sanitized",
        "traceparent": "00-7c10a45d59797d32df8462a3a51f448f-5a18b45fb27d4bd8-00",
        "User-Agent": "azsdk-net-Analytics.Purview.Sharing/1.0.3-alpha.20230222.1 (.NET 7.0.3; Microsoft Windows 10.0.22621)",
        "x-ms-client-request-id": "16492eb61709c3cf61bd94d0bfcd9f55",
        "x-ms-return-client-request-id": "true"
      },
      "RequestBody": null,
      "StatusCode": 200,
      "ResponseHeaders": {
        "Content-Length": "135",
        "Content-Type": "application/json; charset=utf-8",
        "Date": "Thu, 23 Feb 2023 04:40:04 GMT",
        "Server": "Kestrel",
        "Strict-Transport-Security": "max-age=31536000; includeSubDomains",
        "x-ms-correlation-request-id": "ecd39979-844a-47d2-8ecd-de8c19d6a920"
      },
      "ResponseBody": {
        "id": "40e3fc35-c5a6-4114-9dcd-7af1a92415a1",
        "startTime": "2023-02-23T04:39:45.5251385Z",
        "endTime": null,
        "status": "Running",
        "error": null
      }
    },
    {
      "RequestUri": "https://myaccountname.purview.azure.com/share/operationResults/40e3fc35-c5a6-4114-9dcd-7af1a92415a1?api-version=2023-02-15-preview",
      "RequestMethod": "GET",
      "RequestHeaders": {
        "Authorization": "Sanitized",
        "traceparent": "00-7c10a45d59797d32df8462a3a51f448f-f1d9ce4f49ea7c4c-00",
        "User-Agent": "azsdk-net-Analytics.Purview.Sharing/1.0.3-alpha.20230222.1 (.NET 7.0.3; Microsoft Windows 10.0.22621)",
        "x-ms-client-request-id": "6681a205c642b0edfc692d84b98315fb",
        "x-ms-return-client-request-id": "true"
      },
      "RequestBody": null,
      "StatusCode": 200,
      "ResponseHeaders": {
        "Content-Length": "135",
        "Content-Type": "application/json; charset=utf-8",
        "Date": "Thu, 23 Feb 2023 04:40:05 GMT",
        "Server": "Kestrel",
        "Strict-Transport-Security": "max-age=31536000; includeSubDomains",
        "x-ms-correlation-request-id": "bc1082bb-0e56-453f-83e8-a9f79b952710"
      },
      "ResponseBody": {
        "id": "40e3fc35-c5a6-4114-9dcd-7af1a92415a1",
        "startTime": "2023-02-23T04:39:45.5251385Z",
        "endTime": null,
        "status": "Running",
        "error": null
      }
    },
    {
      "RequestUri": "https://myaccountname.purview.azure.com/share/operationResults/40e3fc35-c5a6-4114-9dcd-7af1a92415a1?api-version=2023-02-15-preview",
      "RequestMethod": "GET",
      "RequestHeaders": {
        "Authorization": "Sanitized",
        "traceparent": "00-7c10a45d59797d32df8462a3a51f448f-5aee99057f8b5237-00",
        "User-Agent": "azsdk-net-Analytics.Purview.Sharing/1.0.3-alpha.20230222.1 (.NET 7.0.3; Microsoft Windows 10.0.22621)",
        "x-ms-client-request-id": "687156bce2481eaa95a0ac97de8fdc0a",
        "x-ms-return-client-request-id": "true"
      },
      "RequestBody": null,
      "StatusCode": 200,
      "ResponseHeaders": {
        "Content-Length": "135",
        "Content-Type": "application/json; charset=utf-8",
        "Date": "Thu, 23 Feb 2023 04:40:06 GMT",
        "Server": "Kestrel",
        "Strict-Transport-Security": "max-age=31536000; includeSubDomains",
        "x-ms-correlation-request-id": "4a4d1c07-5010-4f7c-85bb-cc0b19f0ae6d"
      },
      "ResponseBody": {
        "id": "40e3fc35-c5a6-4114-9dcd-7af1a92415a1",
        "startTime": "2023-02-23T04:39:45.5251385Z",
        "endTime": null,
        "status": "Running",
        "error": null
      }
    },
    {
      "RequestUri": "https://myaccountname.purview.azure.com/share/operationResults/40e3fc35-c5a6-4114-9dcd-7af1a92415a1?api-version=2023-02-15-preview",
      "RequestMethod": "GET",
      "RequestHeaders": {
        "Authorization": "Sanitized",
        "traceparent": "00-7c10a45d59797d32df8462a3a51f448f-a976a9bdbf28ccde-00",
        "User-Agent": "azsdk-net-Analytics.Purview.Sharing/1.0.3-alpha.20230222.1 (.NET 7.0.3; Microsoft Windows 10.0.22621)",
        "x-ms-client-request-id": "7044d116b221ef024198199fea4a0ade",
        "x-ms-return-client-request-id": "true"
      },
      "RequestBody": null,
      "StatusCode": 200,
      "ResponseHeaders": {
        "Content-Length": "135",
        "Content-Type": "application/json; charset=utf-8",
        "Date": "Thu, 23 Feb 2023 04:40:07 GMT",
        "Server": "Kestrel",
        "Strict-Transport-Security": "max-age=31536000; includeSubDomains",
        "x-ms-correlation-request-id": "a51e94ff-954e-4097-ac85-7510462d34d7"
      },
      "ResponseBody": {
        "id": "40e3fc35-c5a6-4114-9dcd-7af1a92415a1",
        "startTime": "2023-02-23T04:39:45.5251385Z",
        "endTime": null,
        "status": "Running",
        "error": null
      }
    },
    {
      "RequestUri": "https://myaccountname.purview.azure.com/share/operationResults/40e3fc35-c5a6-4114-9dcd-7af1a92415a1?api-version=2023-02-15-preview",
      "RequestMethod": "GET",
      "RequestHeaders": {
        "Authorization": "Sanitized",
        "traceparent": "00-7c10a45d59797d32df8462a3a51f448f-305972728eb5987b-00",
        "User-Agent": "azsdk-net-Analytics.Purview.Sharing/1.0.3-alpha.20230222.1 (.NET 7.0.3; Microsoft Windows 10.0.22621)",
        "x-ms-client-request-id": "681498a8375b230cf763d1a21a55d26c",
        "x-ms-return-client-request-id": "true"
      },
      "RequestBody": null,
      "StatusCode": 200,
      "ResponseHeaders": {
        "Content-Length": "135",
        "Content-Type": "application/json; charset=utf-8",
        "Date": "Thu, 23 Feb 2023 04:40:08 GMT",
        "Server": "Kestrel",
        "Strict-Transport-Security": "max-age=31536000; includeSubDomains",
        "x-ms-correlation-request-id": "aa094c65-5ae4-4796-8c7c-22a4daa75da5"
      },
      "ResponseBody": {
        "id": "40e3fc35-c5a6-4114-9dcd-7af1a92415a1",
        "startTime": "2023-02-23T04:39:45.5251385Z",
        "endTime": null,
        "status": "Running",
        "error": null
      }
    },
    {
      "RequestUri": "https://myaccountname.purview.azure.com/share/operationResults/40e3fc35-c5a6-4114-9dcd-7af1a92415a1?api-version=2023-02-15-preview",
      "RequestMethod": "GET",
      "RequestHeaders": {
        "Authorization": "Sanitized",
        "traceparent": "00-7c10a45d59797d32df8462a3a51f448f-eb5d10f029f3f35f-00",
        "User-Agent": "azsdk-net-Analytics.Purview.Sharing/1.0.3-alpha.20230222.1 (.NET 7.0.3; Microsoft Windows 10.0.22621)",
        "x-ms-client-request-id": "e86e228da43e0ada548226afc80a344b",
        "x-ms-return-client-request-id": "true"
      },
      "RequestBody": null,
      "StatusCode": 200,
      "ResponseHeaders": {
        "Content-Length": "135",
        "Content-Type": "application/json; charset=utf-8",
        "Date": "Thu, 23 Feb 2023 04:40:10 GMT",
        "Server": "Kestrel",
        "Strict-Transport-Security": "max-age=31536000; includeSubDomains",
        "x-ms-correlation-request-id": "4888d0b0-5f7e-422c-ae18-012234c7f34d"
      },
      "ResponseBody": {
        "id": "40e3fc35-c5a6-4114-9dcd-7af1a92415a1",
        "startTime": "2023-02-23T04:39:45.5251385Z",
        "endTime": null,
        "status": "Running",
        "error": null
      }
    },
    {
      "RequestUri": "https://myaccountname.purview.azure.com/share/operationResults/40e3fc35-c5a6-4114-9dcd-7af1a92415a1?api-version=2023-02-15-preview",
      "RequestMethod": "GET",
      "RequestHeaders": {
        "Authorization": "Sanitized",
        "traceparent": "00-7c10a45d59797d32df8462a3a51f448f-5cf856bade5b8eab-00",
        "User-Agent": "azsdk-net-Analytics.Purview.Sharing/1.0.3-alpha.20230222.1 (.NET 7.0.3; Microsoft Windows 10.0.22621)",
        "x-ms-client-request-id": "45efcd96747bdeaec42178bee160d5eb",
        "x-ms-return-client-request-id": "true"
      },
      "RequestBody": null,
      "StatusCode": 200,
      "ResponseHeaders": {
        "Content-Length": "135",
        "Content-Type": "application/json; charset=utf-8",
        "Date": "Thu, 23 Feb 2023 04:40:11 GMT",
        "Server": "Kestrel",
        "Strict-Transport-Security": "max-age=31536000; includeSubDomains",
        "x-ms-correlation-request-id": "6a287442-438b-48c2-9d0d-5ebf90984dfe"
      },
      "ResponseBody": {
        "id": "40e3fc35-c5a6-4114-9dcd-7af1a92415a1",
        "startTime": "2023-02-23T04:39:45.5251385Z",
        "endTime": null,
        "status": "Running",
        "error": null
      }
    },
    {
      "RequestUri": "https://myaccountname.purview.azure.com/share/operationResults/40e3fc35-c5a6-4114-9dcd-7af1a92415a1?api-version=2023-02-15-preview",
      "RequestMethod": "GET",
      "RequestHeaders": {
        "Authorization": "Sanitized",
        "traceparent": "00-7c10a45d59797d32df8462a3a51f448f-bd5192d3f0e74d52-00",
        "User-Agent": "azsdk-net-Analytics.Purview.Sharing/1.0.3-alpha.20230222.1 (.NET 7.0.3; Microsoft Windows 10.0.22621)",
        "x-ms-client-request-id": "c712adc621db03a0be0914d9115d5bed",
        "x-ms-return-client-request-id": "true"
      },
      "RequestBody": null,
      "StatusCode": 200,
      "ResponseHeaders": {
        "Content-Length": "135",
        "Content-Type": "application/json; charset=utf-8",
        "Date": "Thu, 23 Feb 2023 04:40:12 GMT",
        "Server": "Kestrel",
        "Strict-Transport-Security": "max-age=31536000; includeSubDomains",
        "x-ms-correlation-request-id": "0697dc63-518c-4ac0-9d84-460cefbc1ad1"
      },
      "ResponseBody": {
        "id": "40e3fc35-c5a6-4114-9dcd-7af1a92415a1",
        "startTime": "2023-02-23T04:39:45.5251385Z",
        "endTime": null,
        "status": "Running",
        "error": null
      }
    },
    {
      "RequestUri": "https://myaccountname.purview.azure.com/share/operationResults/40e3fc35-c5a6-4114-9dcd-7af1a92415a1?api-version=2023-02-15-preview",
      "RequestMethod": "GET",
      "RequestHeaders": {
        "Authorization": "Sanitized",
        "traceparent": "00-7c10a45d59797d32df8462a3a51f448f-bfe5657ee0f07233-00",
        "User-Agent": "azsdk-net-Analytics.Purview.Sharing/1.0.3-alpha.20230222.1 (.NET 7.0.3; Microsoft Windows 10.0.22621)",
        "x-ms-client-request-id": "4c0c862f8c6619f17490231d2c1c28f4",
        "x-ms-return-client-request-id": "true"
      },
      "RequestBody": null,
      "StatusCode": 200,
      "ResponseHeaders": {
        "Content-Length": "135",
        "Content-Type": "application/json; charset=utf-8",
        "Date": "Thu, 23 Feb 2023 04:40:13 GMT",
        "Server": "Kestrel",
        "Strict-Transport-Security": "max-age=31536000; includeSubDomains",
        "x-ms-correlation-request-id": "2fde812a-192e-42b1-b3b0-94324400a157"
      },
      "ResponseBody": {
        "id": "40e3fc35-c5a6-4114-9dcd-7af1a92415a1",
        "startTime": "2023-02-23T04:39:45.5251385Z",
        "endTime": null,
        "status": "Running",
        "error": null
      }
    },
    {
      "RequestUri": "https://myaccountname.purview.azure.com/share/operationResults/40e3fc35-c5a6-4114-9dcd-7af1a92415a1?api-version=2023-02-15-preview",
      "RequestMethod": "GET",
      "RequestHeaders": {
        "Authorization": "Sanitized",
        "traceparent": "00-7c10a45d59797d32df8462a3a51f448f-49c5af5686385ce8-00",
        "User-Agent": "azsdk-net-Analytics.Purview.Sharing/1.0.3-alpha.20230222.1 (.NET 7.0.3; Microsoft Windows 10.0.22621)",
        "x-ms-client-request-id": "1be83aac6df7746f2deb87715fd4cc66",
        "x-ms-return-client-request-id": "true"
      },
      "RequestBody": null,
      "StatusCode": 200,
      "ResponseHeaders": {
        "Content-Length": "135",
        "Content-Type": "application/json; charset=utf-8",
        "Date": "Thu, 23 Feb 2023 04:40:14 GMT",
        "Server": "Kestrel",
        "Strict-Transport-Security": "max-age=31536000; includeSubDomains",
        "x-ms-correlation-request-id": "89ce190b-2031-4128-9634-0d86f8948286"
      },
      "ResponseBody": {
        "id": "40e3fc35-c5a6-4114-9dcd-7af1a92415a1",
        "startTime": "2023-02-23T04:39:45.5251385Z",
        "endTime": null,
        "status": "Running",
        "error": null
      }
    },
    {
      "RequestUri": "https://myaccountname.purview.azure.com/share/operationResults/40e3fc35-c5a6-4114-9dcd-7af1a92415a1?api-version=2023-02-15-preview",
      "RequestMethod": "GET",
      "RequestHeaders": {
        "Authorization": "Sanitized",
        "traceparent": "00-7c10a45d59797d32df8462a3a51f448f-42d5682358d369a9-00",
        "User-Agent": "azsdk-net-Analytics.Purview.Sharing/1.0.3-alpha.20230222.1 (.NET 7.0.3; Microsoft Windows 10.0.22621)",
        "x-ms-client-request-id": "5b8e8ac588543985bcf9534afd83d6a1",
        "x-ms-return-client-request-id": "true"
      },
      "RequestBody": null,
      "StatusCode": 200,
      "ResponseHeaders": {
        "Content-Length": "135",
        "Content-Type": "application/json; charset=utf-8",
        "Date": "Thu, 23 Feb 2023 04:40:15 GMT",
        "Server": "Kestrel",
        "Strict-Transport-Security": "max-age=31536000; includeSubDomains",
        "x-ms-correlation-request-id": "dbfef4e7-6402-47c2-bbf8-3b51b8222e75"
      },
      "ResponseBody": {
        "id": "40e3fc35-c5a6-4114-9dcd-7af1a92415a1",
        "startTime": "2023-02-23T04:39:45.5251385Z",
        "endTime": null,
        "status": "Running",
        "error": null
      }
    },
    {
      "RequestUri": "https://myaccountname.purview.azure.com/share/operationResults/40e3fc35-c5a6-4114-9dcd-7af1a92415a1?api-version=2023-02-15-preview",
      "RequestMethod": "GET",
      "RequestHeaders": {
        "Authorization": "Sanitized",
        "traceparent": "00-7c10a45d59797d32df8462a3a51f448f-9137d7a81cc3c9f5-00",
        "User-Agent": "azsdk-net-Analytics.Purview.Sharing/1.0.3-alpha.20230222.1 (.NET 7.0.3; Microsoft Windows 10.0.22621)",
        "x-ms-client-request-id": "d62c20e14074c2f516971f7a057fb99f",
        "x-ms-return-client-request-id": "true"
      },
      "RequestBody": null,
      "StatusCode": 200,
      "ResponseHeaders": {
        "Content-Length": "135",
        "Content-Type": "application/json; charset=utf-8",
        "Date": "Thu, 23 Feb 2023 04:40:16 GMT",
        "Server": "Kestrel",
        "Strict-Transport-Security": "max-age=31536000; includeSubDomains",
        "x-ms-correlation-request-id": "231e949d-b294-4a73-ae68-1701684714af"
      },
      "ResponseBody": {
        "id": "40e3fc35-c5a6-4114-9dcd-7af1a92415a1",
        "startTime": "2023-02-23T04:39:45.5251385Z",
        "endTime": null,
        "status": "Running",
        "error": null
      }
    },
    {
      "RequestUri": "https://myaccountname.purview.azure.com/share/operationResults/40e3fc35-c5a6-4114-9dcd-7af1a92415a1?api-version=2023-02-15-preview",
      "RequestMethod": "GET",
      "RequestHeaders": {
        "Authorization": "Sanitized",
        "traceparent": "00-7c10a45d59797d32df8462a3a51f448f-c993b1f9dbb777b8-00",
        "User-Agent": "azsdk-net-Analytics.Purview.Sharing/1.0.3-alpha.20230222.1 (.NET 7.0.3; Microsoft Windows 10.0.22621)",
        "x-ms-client-request-id": "a157bdc3cd8d249fb5af5efd192476a9",
        "x-ms-return-client-request-id": "true"
      },
      "RequestBody": null,
      "StatusCode": 200,
      "ResponseHeaders": {
        "Content-Length": "135",
        "Content-Type": "application/json; charset=utf-8",
        "Date": "Thu, 23 Feb 2023 04:40:17 GMT",
        "Server": "Kestrel",
        "Strict-Transport-Security": "max-age=31536000; includeSubDomains",
        "x-ms-correlation-request-id": "e826cdd9-3f88-456b-b0d2-d8dbed606790"
      },
      "ResponseBody": {
        "id": "40e3fc35-c5a6-4114-9dcd-7af1a92415a1",
        "startTime": "2023-02-23T04:39:45.5251385Z",
        "endTime": null,
        "status": "Running",
        "error": null
      }
    },
    {
      "RequestUri": "https://myaccountname.purview.azure.com/share/operationResults/40e3fc35-c5a6-4114-9dcd-7af1a92415a1?api-version=2023-02-15-preview",
      "RequestMethod": "GET",
      "RequestHeaders": {
        "Authorization": "Sanitized",
        "traceparent": "00-7c10a45d59797d32df8462a3a51f448f-8835fc96af8324d4-00",
        "User-Agent": "azsdk-net-Analytics.Purview.Sharing/1.0.3-alpha.20230222.1 (.NET 7.0.3; Microsoft Windows 10.0.22621)",
        "x-ms-client-request-id": "3f90e514f6a785f294cc44bc680a343c",
        "x-ms-return-client-request-id": "true"
      },
      "RequestBody": null,
      "StatusCode": 200,
      "ResponseHeaders": {
        "Content-Length": "135",
        "Content-Type": "application/json; charset=utf-8",
        "Date": "Thu, 23 Feb 2023 04:40:19 GMT",
        "Server": "Kestrel",
        "Strict-Transport-Security": "max-age=31536000; includeSubDomains",
        "x-ms-correlation-request-id": "536bb7e8-2430-4c08-aa44-56048505fb1a"
      },
      "ResponseBody": {
        "id": "40e3fc35-c5a6-4114-9dcd-7af1a92415a1",
        "startTime": "2023-02-23T04:39:45.5251385Z",
        "endTime": null,
        "status": "Running",
        "error": null
      }
    },
    {
      "RequestUri": "https://myaccountname.purview.azure.com/share/operationResults/40e3fc35-c5a6-4114-9dcd-7af1a92415a1?api-version=2023-02-15-preview",
      "RequestMethod": "GET",
      "RequestHeaders": {
        "Authorization": "Sanitized",
        "traceparent": "00-7c10a45d59797d32df8462a3a51f448f-33ff8ecd5166b29d-00",
        "User-Agent": "azsdk-net-Analytics.Purview.Sharing/1.0.3-alpha.20230222.1 (.NET 7.0.3; Microsoft Windows 10.0.22621)",
        "x-ms-client-request-id": "4087b440352b1314800821c5e1f8a8f1",
        "x-ms-return-client-request-id": "true"
      },
      "RequestBody": null,
      "StatusCode": 200,
      "ResponseHeaders": {
        "Content-Length": "135",
        "Content-Type": "application/json; charset=utf-8",
        "Date": "Thu, 23 Feb 2023 04:40:20 GMT",
        "Server": "Kestrel",
        "Strict-Transport-Security": "max-age=31536000; includeSubDomains",
        "x-ms-correlation-request-id": "f9b66860-1512-47d9-9024-d2b9631fb75f"
      },
      "ResponseBody": {
        "id": "40e3fc35-c5a6-4114-9dcd-7af1a92415a1",
        "startTime": "2023-02-23T04:39:45.5251385Z",
        "endTime": null,
        "status": "Running",
        "error": null
      }
    },
    {
      "RequestUri": "https://myaccountname.purview.azure.com/share/operationResults/40e3fc35-c5a6-4114-9dcd-7af1a92415a1?api-version=2023-02-15-preview",
      "RequestMethod": "GET",
      "RequestHeaders": {
        "Authorization": "Sanitized",
        "traceparent": "00-7c10a45d59797d32df8462a3a51f448f-69db0db7d016c67d-00",
        "User-Agent": "azsdk-net-Analytics.Purview.Sharing/1.0.3-alpha.20230222.1 (.NET 7.0.3; Microsoft Windows 10.0.22621)",
        "x-ms-client-request-id": "1f6676207aefcdf7cbd10cc088e3bcaa",
        "x-ms-return-client-request-id": "true"
      },
      "RequestBody": null,
      "StatusCode": 200,
      "ResponseHeaders": {
        "Content-Length": "135",
        "Content-Type": "application/json; charset=utf-8",
        "Date": "Thu, 23 Feb 2023 04:40:21 GMT",
        "Server": "Kestrel",
        "Strict-Transport-Security": "max-age=31536000; includeSubDomains",
        "x-ms-correlation-request-id": "faae0382-6c71-4785-9b83-b87e66e199d4"
      },
      "ResponseBody": {
        "id": "40e3fc35-c5a6-4114-9dcd-7af1a92415a1",
        "startTime": "2023-02-23T04:39:45.5251385Z",
        "endTime": null,
        "status": "Running",
        "error": null
      }
    },
    {
      "RequestUri": "https://myaccountname.purview.azure.com/share/operationResults/40e3fc35-c5a6-4114-9dcd-7af1a92415a1?api-version=2023-02-15-preview",
      "RequestMethod": "GET",
      "RequestHeaders": {
        "Authorization": "Sanitized",
        "traceparent": "00-7c10a45d59797d32df8462a3a51f448f-34b258146f5c8207-00",
        "User-Agent": "azsdk-net-Analytics.Purview.Sharing/1.0.3-alpha.20230222.1 (.NET 7.0.3; Microsoft Windows 10.0.22621)",
        "x-ms-client-request-id": "65bd227a359ddf7dd17cbe9fd52ca49c",
        "x-ms-return-client-request-id": "true"
      },
      "RequestBody": null,
      "StatusCode": 200,
      "ResponseHeaders": {
        "Content-Length": "135",
        "Content-Type": "application/json; charset=utf-8",
        "Date": "Thu, 23 Feb 2023 04:40:22 GMT",
        "Server": "Kestrel",
        "Strict-Transport-Security": "max-age=31536000; includeSubDomains",
        "x-ms-correlation-request-id": "68d2894e-c702-4ea2-a3ae-518eafd259a1"
      },
      "ResponseBody": {
        "id": "40e3fc35-c5a6-4114-9dcd-7af1a92415a1",
        "startTime": "2023-02-23T04:39:45.5251385Z",
        "endTime": null,
        "status": "Running",
        "error": null
      }
    },
    {
      "RequestUri": "https://myaccountname.purview.azure.com/share/operationResults/40e3fc35-c5a6-4114-9dcd-7af1a92415a1?api-version=2023-02-15-preview",
      "RequestMethod": "GET",
      "RequestHeaders": {
        "Authorization": "Sanitized",
        "traceparent": "00-7c10a45d59797d32df8462a3a51f448f-663afa91f78a1317-00",
        "User-Agent": "azsdk-net-Analytics.Purview.Sharing/1.0.3-alpha.20230222.1 (.NET 7.0.3; Microsoft Windows 10.0.22621)",
        "x-ms-client-request-id": "f29b532415a4c64cbcb9755a28548b9d",
        "x-ms-return-client-request-id": "true"
      },
      "RequestBody": null,
      "StatusCode": 200,
      "ResponseHeaders": {
        "Content-Length": "135",
        "Content-Type": "application/json; charset=utf-8",
        "Date": "Thu, 23 Feb 2023 04:40:23 GMT",
        "Server": "Kestrel",
        "Strict-Transport-Security": "max-age=31536000; includeSubDomains",
        "x-ms-correlation-request-id": "3700199c-0ebd-4e8c-aed8-ea0c5fd51cd9"
      },
      "ResponseBody": {
        "id": "40e3fc35-c5a6-4114-9dcd-7af1a92415a1",
        "startTime": "2023-02-23T04:39:45.5251385Z",
        "endTime": null,
        "status": "Running",
        "error": null
      }
    },
    {
      "RequestUri": "https://myaccountname.purview.azure.com/share/operationResults/40e3fc35-c5a6-4114-9dcd-7af1a92415a1?api-version=2023-02-15-preview",
      "RequestMethod": "GET",
      "RequestHeaders": {
        "Authorization": "Sanitized",
        "traceparent": "00-7c10a45d59797d32df8462a3a51f448f-f1e9370b037be96c-00",
        "User-Agent": "azsdk-net-Analytics.Purview.Sharing/1.0.3-alpha.20230222.1 (.NET 7.0.3; Microsoft Windows 10.0.22621)",
        "x-ms-client-request-id": "be4a764b423aea54f8864d72bb57f79e",
        "x-ms-return-client-request-id": "true"
      },
      "RequestBody": null,
      "StatusCode": 200,
      "ResponseHeaders": {
        "Content-Length": "135",
        "Content-Type": "application/json; charset=utf-8",
        "Date": "Thu, 23 Feb 2023 04:40:24 GMT",
        "Server": "Kestrel",
        "Strict-Transport-Security": "max-age=31536000; includeSubDomains",
        "x-ms-correlation-request-id": "e9bdb8a6-d5db-47d6-b51f-90f236e1f46e"
      },
      "ResponseBody": {
        "id": "40e3fc35-c5a6-4114-9dcd-7af1a92415a1",
        "startTime": "2023-02-23T04:39:45.5251385Z",
        "endTime": null,
        "status": "Running",
        "error": null
      }
    },
    {
      "RequestUri": "https://myaccountname.purview.azure.com/share/operationResults/40e3fc35-c5a6-4114-9dcd-7af1a92415a1?api-version=2023-02-15-preview",
      "RequestMethod": "GET",
      "RequestHeaders": {
        "Authorization": "Sanitized",
        "traceparent": "00-7c10a45d59797d32df8462a3a51f448f-0d98fd4b71a0cbb4-00",
        "User-Agent": "azsdk-net-Analytics.Purview.Sharing/1.0.3-alpha.20230222.1 (.NET 7.0.3; Microsoft Windows 10.0.22621)",
        "x-ms-client-request-id": "359b702dca476506d5f7a8e3c023b77d",
        "x-ms-return-client-request-id": "true"
      },
      "RequestBody": null,
      "StatusCode": 200,
      "ResponseHeaders": {
        "Content-Length": "135",
        "Content-Type": "application/json; charset=utf-8",
        "Date": "Thu, 23 Feb 2023 04:40:25 GMT",
        "Server": "Kestrel",
        "Strict-Transport-Security": "max-age=31536000; includeSubDomains",
        "x-ms-correlation-request-id": "d522c7d8-4c0e-4c33-a392-cad7ef7dc6b7"
      },
      "ResponseBody": {
        "id": "40e3fc35-c5a6-4114-9dcd-7af1a92415a1",
        "startTime": "2023-02-23T04:39:45.5251385Z",
        "endTime": null,
        "status": "Running",
        "error": null
      }
    },
    {
      "RequestUri": "https://myaccountname.purview.azure.com/share/operationResults/40e3fc35-c5a6-4114-9dcd-7af1a92415a1?api-version=2023-02-15-preview",
      "RequestMethod": "GET",
      "RequestHeaders": {
        "Authorization": "Sanitized",
        "traceparent": "00-7c10a45d59797d32df8462a3a51f448f-55b1def65e818fe5-00",
        "User-Agent": "azsdk-net-Analytics.Purview.Sharing/1.0.3-alpha.20230222.1 (.NET 7.0.3; Microsoft Windows 10.0.22621)",
        "x-ms-client-request-id": "5f5421f1e5e2e262feb0f91dc7da0a65",
        "x-ms-return-client-request-id": "true"
      },
      "RequestBody": null,
      "StatusCode": 200,
      "ResponseHeaders": {
        "Content-Length": "135",
        "Content-Type": "application/json; charset=utf-8",
        "Date": "Thu, 23 Feb 2023 04:40:26 GMT",
        "Server": "Kestrel",
        "Strict-Transport-Security": "max-age=31536000; includeSubDomains",
        "x-ms-correlation-request-id": "5fbdd72a-47c1-4cb0-a1e3-b2d754f47474"
      },
      "ResponseBody": {
        "id": "40e3fc35-c5a6-4114-9dcd-7af1a92415a1",
        "startTime": "2023-02-23T04:39:45.5251385Z",
        "endTime": null,
        "status": "Running",
        "error": null
      }
    },
    {
      "RequestUri": "https://myaccountname.purview.azure.com/share/operationResults/40e3fc35-c5a6-4114-9dcd-7af1a92415a1?api-version=2023-02-15-preview",
      "RequestMethod": "GET",
      "RequestHeaders": {
        "Authorization": "Sanitized",
        "traceparent": "00-7c10a45d59797d32df8462a3a51f448f-170b3ac667d885bf-00",
        "User-Agent": "azsdk-net-Analytics.Purview.Sharing/1.0.3-alpha.20230222.1 (.NET 7.0.3; Microsoft Windows 10.0.22621)",
        "x-ms-client-request-id": "b72cd7c155b881566fe4e94399702ad4",
        "x-ms-return-client-request-id": "true"
      },
      "RequestBody": null,
      "StatusCode": 200,
      "ResponseHeaders": {
        "Content-Length": "135",
        "Content-Type": "application/json; charset=utf-8",
        "Date": "Thu, 23 Feb 2023 04:40:28 GMT",
        "Server": "Kestrel",
        "Strict-Transport-Security": "max-age=31536000; includeSubDomains",
        "x-ms-correlation-request-id": "4fb99f90-1fbc-4f9a-97ff-d746fe5235c0"
      },
      "ResponseBody": {
        "id": "40e3fc35-c5a6-4114-9dcd-7af1a92415a1",
        "startTime": "2023-02-23T04:39:45.5251385Z",
        "endTime": null,
        "status": "Running",
        "error": null
      }
    },
    {
      "RequestUri": "https://myaccountname.purview.azure.com/share/operationResults/40e3fc35-c5a6-4114-9dcd-7af1a92415a1?api-version=2023-02-15-preview",
      "RequestMethod": "GET",
      "RequestHeaders": {
        "Authorization": "Sanitized",
        "traceparent": "00-7c10a45d59797d32df8462a3a51f448f-f64e3c0b54102170-00",
        "User-Agent": "azsdk-net-Analytics.Purview.Sharing/1.0.3-alpha.20230222.1 (.NET 7.0.3; Microsoft Windows 10.0.22621)",
        "x-ms-client-request-id": "9a81d0cf980348bc0db93696d0e89efb",
        "x-ms-return-client-request-id": "true"
      },
      "RequestBody": null,
      "StatusCode": 200,
      "ResponseHeaders": {
        "Content-Length": "135",
        "Content-Type": "application/json; charset=utf-8",
        "Date": "Thu, 23 Feb 2023 04:40:29 GMT",
        "Server": "Kestrel",
        "Strict-Transport-Security": "max-age=31536000; includeSubDomains",
        "x-ms-correlation-request-id": "07e075f8-4e87-4215-b0f7-5b615bfc3ac3"
      },
      "ResponseBody": {
        "id": "40e3fc35-c5a6-4114-9dcd-7af1a92415a1",
        "startTime": "2023-02-23T04:39:45.5251385Z",
        "endTime": null,
        "status": "Running",
        "error": null
      }
    },
    {
      "RequestUri": "https://myaccountname.purview.azure.com/share/operationResults/40e3fc35-c5a6-4114-9dcd-7af1a92415a1?api-version=2023-02-15-preview",
      "RequestMethod": "GET",
      "RequestHeaders": {
        "Authorization": "Sanitized",
        "traceparent": "00-7c10a45d59797d32df8462a3a51f448f-1f2eb117614f9c75-00",
        "User-Agent": "azsdk-net-Analytics.Purview.Sharing/1.0.3-alpha.20230222.1 (.NET 7.0.3; Microsoft Windows 10.0.22621)",
        "x-ms-client-request-id": "e82143ecfff69bc5cbd2effdfb1f488e",
        "x-ms-return-client-request-id": "true"
      },
      "RequestBody": null,
      "StatusCode": 200,
      "ResponseHeaders": {
        "Content-Length": "135",
        "Content-Type": "application/json; charset=utf-8",
        "Date": "Thu, 23 Feb 2023 04:40:30 GMT",
        "Server": "Kestrel",
        "Strict-Transport-Security": "max-age=31536000; includeSubDomains",
        "x-ms-correlation-request-id": "0fc80e42-3b5e-496b-9ab7-7ce72e7a47d7"
      },
      "ResponseBody": {
        "id": "40e3fc35-c5a6-4114-9dcd-7af1a92415a1",
        "startTime": "2023-02-23T04:39:45.5251385Z",
        "endTime": null,
        "status": "Running",
        "error": null
      }
    },
    {
      "RequestUri": "https://myaccountname.purview.azure.com/share/operationResults/40e3fc35-c5a6-4114-9dcd-7af1a92415a1?api-version=2023-02-15-preview",
      "RequestMethod": "GET",
      "RequestHeaders": {
        "Authorization": "Sanitized",
        "traceparent": "00-7c10a45d59797d32df8462a3a51f448f-64b4224d5c77bd10-00",
        "User-Agent": "azsdk-net-Analytics.Purview.Sharing/1.0.3-alpha.20230222.1 (.NET 7.0.3; Microsoft Windows 10.0.22621)",
        "x-ms-client-request-id": "f74e2586705829621ae4aafe1fbfb186",
        "x-ms-return-client-request-id": "true"
      },
      "RequestBody": null,
      "StatusCode": 200,
      "ResponseHeaders": {
        "Content-Length": "135",
        "Content-Type": "application/json; charset=utf-8",
        "Date": "Thu, 23 Feb 2023 04:40:31 GMT",
        "Server": "Kestrel",
        "Strict-Transport-Security": "max-age=31536000; includeSubDomains",
        "x-ms-correlation-request-id": "6d2c6128-3f0b-488d-92f3-b9c4e251e903"
      },
      "ResponseBody": {
        "id": "40e3fc35-c5a6-4114-9dcd-7af1a92415a1",
        "startTime": "2023-02-23T04:39:45.5251385Z",
        "endTime": null,
        "status": "Running",
        "error": null
      }
    },
    {
      "RequestUri": "https://myaccountname.purview.azure.com/share/operationResults/40e3fc35-c5a6-4114-9dcd-7af1a92415a1?api-version=2023-02-15-preview",
      "RequestMethod": "GET",
      "RequestHeaders": {
        "Authorization": "Sanitized",
        "traceparent": "00-7c10a45d59797d32df8462a3a51f448f-164b4c82b9b80ce1-00",
        "User-Agent": "azsdk-net-Analytics.Purview.Sharing/1.0.3-alpha.20230222.1 (.NET 7.0.3; Microsoft Windows 10.0.22621)",
        "x-ms-client-request-id": "5656ee46414ecfdd0be6cf30a9be4cee",
        "x-ms-return-client-request-id": "true"
      },
      "RequestBody": null,
      "StatusCode": 200,
      "ResponseHeaders": {
        "Content-Length": "135",
        "Content-Type": "application/json; charset=utf-8",
        "Date": "Thu, 23 Feb 2023 04:40:32 GMT",
        "Server": "Kestrel",
        "Strict-Transport-Security": "max-age=31536000; includeSubDomains",
        "x-ms-correlation-request-id": "1df5e182-42b7-4478-ae0a-2793735c605a"
      },
      "ResponseBody": {
        "id": "40e3fc35-c5a6-4114-9dcd-7af1a92415a1",
        "startTime": "2023-02-23T04:39:45.5251385Z",
        "endTime": null,
        "status": "Running",
        "error": null
      }
    },
    {
      "RequestUri": "https://myaccountname.purview.azure.com/share/operationResults/40e3fc35-c5a6-4114-9dcd-7af1a92415a1?api-version=2023-02-15-preview",
      "RequestMethod": "GET",
      "RequestHeaders": {
        "Authorization": "Sanitized",
        "traceparent": "00-7c10a45d59797d32df8462a3a51f448f-c626b6951112fd74-00",
        "User-Agent": "azsdk-net-Analytics.Purview.Sharing/1.0.3-alpha.20230222.1 (.NET 7.0.3; Microsoft Windows 10.0.22621)",
        "x-ms-client-request-id": "ab10a871a69a7ca3e0f8ce1255c67b0b",
        "x-ms-return-client-request-id": "true"
      },
      "RequestBody": null,
      "StatusCode": 200,
      "ResponseHeaders": {
        "Content-Length": "135",
        "Content-Type": "application/json; charset=utf-8",
        "Date": "Thu, 23 Feb 2023 04:40:33 GMT",
        "Server": "Kestrel",
        "Strict-Transport-Security": "max-age=31536000; includeSubDomains",
        "x-ms-correlation-request-id": "8fa0d299-bd5f-4768-be2d-5e37540e07ea"
      },
      "ResponseBody": {
        "id": "40e3fc35-c5a6-4114-9dcd-7af1a92415a1",
        "startTime": "2023-02-23T04:39:45.5251385Z",
        "endTime": null,
        "status": "Running",
        "error": null
      }
    },
    {
      "RequestUri": "https://myaccountname.purview.azure.com/share/operationResults/40e3fc35-c5a6-4114-9dcd-7af1a92415a1?api-version=2023-02-15-preview",
      "RequestMethod": "GET",
      "RequestHeaders": {
        "Authorization": "Sanitized",
        "traceparent": "00-7c10a45d59797d32df8462a3a51f448f-738e66937fe2a181-00",
        "User-Agent": "azsdk-net-Analytics.Purview.Sharing/1.0.3-alpha.20230222.1 (.NET 7.0.3; Microsoft Windows 10.0.22621)",
        "x-ms-client-request-id": "0db66821f1c8443f477eeb71a132805c",
        "x-ms-return-client-request-id": "true"
      },
      "RequestBody": null,
      "StatusCode": 200,
      "ResponseHeaders": {
        "Content-Length": "135",
        "Content-Type": "application/json; charset=utf-8",
        "Date": "Thu, 23 Feb 2023 04:40:34 GMT",
        "Server": "Kestrel",
        "Strict-Transport-Security": "max-age=31536000; includeSubDomains",
        "x-ms-correlation-request-id": "02e42884-f04f-444c-a428-8a303b6699ea"
      },
      "ResponseBody": {
        "id": "40e3fc35-c5a6-4114-9dcd-7af1a92415a1",
        "startTime": "2023-02-23T04:39:45.5251385Z",
        "endTime": null,
        "status": "Running",
        "error": null
      }
    },
    {
      "RequestUri": "https://myaccountname.purview.azure.com/share/operationResults/40e3fc35-c5a6-4114-9dcd-7af1a92415a1?api-version=2023-02-15-preview",
      "RequestMethod": "GET",
      "RequestHeaders": {
        "Authorization": "Sanitized",
        "traceparent": "00-7c10a45d59797d32df8462a3a51f448f-7229aa81ef1b5bc3-00",
        "User-Agent": "azsdk-net-Analytics.Purview.Sharing/1.0.3-alpha.20230222.1 (.NET 7.0.3; Microsoft Windows 10.0.22621)",
        "x-ms-client-request-id": "768cbb9806af9feb4ada755673cb7a44",
        "x-ms-return-client-request-id": "true"
      },
      "RequestBody": null,
      "StatusCode": 200,
      "ResponseHeaders": {
        "Content-Length": "135",
        "Content-Type": "application/json; charset=utf-8",
        "Date": "Thu, 23 Feb 2023 04:40:35 GMT",
        "Server": "Kestrel",
        "Strict-Transport-Security": "max-age=31536000; includeSubDomains",
        "x-ms-correlation-request-id": "3bcc3f1f-a94f-4782-a0aa-b919f254f01b"
      },
      "ResponseBody": {
        "id": "40e3fc35-c5a6-4114-9dcd-7af1a92415a1",
        "startTime": "2023-02-23T04:39:45.5251385Z",
        "endTime": null,
        "status": "Running",
        "error": null
      }
    },
    {
      "RequestUri": "https://myaccountname.purview.azure.com/share/operationResults/40e3fc35-c5a6-4114-9dcd-7af1a92415a1?api-version=2023-02-15-preview",
      "RequestMethod": "GET",
      "RequestHeaders": {
        "Authorization": "Sanitized",
        "traceparent": "00-7c10a45d59797d32df8462a3a51f448f-a723075aff48d9fe-00",
        "User-Agent": "azsdk-net-Analytics.Purview.Sharing/1.0.3-alpha.20230222.1 (.NET 7.0.3; Microsoft Windows 10.0.22621)",
        "x-ms-client-request-id": "400ec36a3e077f2568cb631cba31daae",
        "x-ms-return-client-request-id": "true"
      },
      "RequestBody": null,
      "StatusCode": 200,
      "ResponseHeaders": {
        "Content-Length": "135",
        "Content-Type": "application/json; charset=utf-8",
        "Date": "Thu, 23 Feb 2023 04:40:37 GMT",
        "Server": "Kestrel",
        "Strict-Transport-Security": "max-age=31536000; includeSubDomains",
        "x-ms-correlation-request-id": "a8684668-2cdf-4c31-8fae-63f17d119aaa"
      },
      "ResponseBody": {
        "id": "40e3fc35-c5a6-4114-9dcd-7af1a92415a1",
        "startTime": "2023-02-23T04:39:45.5251385Z",
        "endTime": null,
        "status": "Running",
        "error": null
      }
    },
    {
      "RequestUri": "https://myaccountname.purview.azure.com/share/operationResults/40e3fc35-c5a6-4114-9dcd-7af1a92415a1?api-version=2023-02-15-preview",
      "RequestMethod": "GET",
      "RequestHeaders": {
        "Authorization": "Sanitized",
        "traceparent": "00-7c10a45d59797d32df8462a3a51f448f-eb2c62bc0262dbbc-00",
        "User-Agent": "azsdk-net-Analytics.Purview.Sharing/1.0.3-alpha.20230222.1 (.NET 7.0.3; Microsoft Windows 10.0.22621)",
        "x-ms-client-request-id": "9a7a717804391b5b7c17c3ee7ce9d17c",
        "x-ms-return-client-request-id": "true"
      },
      "RequestBody": null,
      "StatusCode": 200,
      "ResponseHeaders": {
        "Content-Length": "135",
        "Content-Type": "application/json; charset=utf-8",
        "Date": "Thu, 23 Feb 2023 04:40:38 GMT",
        "Server": "Kestrel",
        "Strict-Transport-Security": "max-age=31536000; includeSubDomains",
        "x-ms-correlation-request-id": "85b22435-0449-4274-9764-d2cdcc676c64"
      },
      "ResponseBody": {
        "id": "40e3fc35-c5a6-4114-9dcd-7af1a92415a1",
        "startTime": "2023-02-23T04:39:45.5251385Z",
        "endTime": null,
        "status": "Running",
        "error": null
      }
    },
    {
      "RequestUri": "https://myaccountname.purview.azure.com/share/operationResults/40e3fc35-c5a6-4114-9dcd-7af1a92415a1?api-version=2023-02-15-preview",
      "RequestMethod": "GET",
      "RequestHeaders": {
        "Authorization": "Sanitized",
        "traceparent": "00-7c10a45d59797d32df8462a3a51f448f-9242b840f5012a67-00",
        "User-Agent": "azsdk-net-Analytics.Purview.Sharing/1.0.3-alpha.20230222.1 (.NET 7.0.3; Microsoft Windows 10.0.22621)",
        "x-ms-client-request-id": "dd06a7033f235a54950d0ee4a2cfe418",
        "x-ms-return-client-request-id": "true"
      },
      "RequestBody": null,
      "StatusCode": 200,
      "ResponseHeaders": {
        "Content-Length": "135",
        "Content-Type": "application/json; charset=utf-8",
        "Date": "Thu, 23 Feb 2023 04:40:39 GMT",
        "Server": "Kestrel",
        "Strict-Transport-Security": "max-age=31536000; includeSubDomains",
        "x-ms-correlation-request-id": "6fbf4728-5dc2-4623-9d2c-662a622e0597"
      },
      "ResponseBody": {
        "id": "40e3fc35-c5a6-4114-9dcd-7af1a92415a1",
        "startTime": "2023-02-23T04:39:45.5251385Z",
        "endTime": null,
        "status": "Running",
        "error": null
      }
    },
    {
      "RequestUri": "https://myaccountname.purview.azure.com/share/operationResults/40e3fc35-c5a6-4114-9dcd-7af1a92415a1?api-version=2023-02-15-preview",
      "RequestMethod": "GET",
      "RequestHeaders": {
        "Authorization": "Sanitized",
        "traceparent": "00-7c10a45d59797d32df8462a3a51f448f-c306f4c2247742e4-00",
        "User-Agent": "azsdk-net-Analytics.Purview.Sharing/1.0.3-alpha.20230222.1 (.NET 7.0.3; Microsoft Windows 10.0.22621)",
        "x-ms-client-request-id": "01ddc6ffe051660a67f3c3f07b37037f",
        "x-ms-return-client-request-id": "true"
      },
      "RequestBody": null,
      "StatusCode": 200,
      "ResponseHeaders": {
        "Content-Length": "135",
        "Content-Type": "application/json; charset=utf-8",
        "Date": "Thu, 23 Feb 2023 04:40:40 GMT",
        "Server": "Kestrel",
        "Strict-Transport-Security": "max-age=31536000; includeSubDomains",
        "x-ms-correlation-request-id": "7f8101c1-8a63-43a0-a9e0-cb27c2a7683f"
      },
      "ResponseBody": {
        "id": "40e3fc35-c5a6-4114-9dcd-7af1a92415a1",
        "startTime": "2023-02-23T04:39:45.5251385Z",
        "endTime": null,
        "status": "Running",
        "error": null
      }
    },
    {
      "RequestUri": "https://myaccountname.purview.azure.com/share/operationResults/40e3fc35-c5a6-4114-9dcd-7af1a92415a1?api-version=2023-02-15-preview",
      "RequestMethod": "GET",
      "RequestHeaders": {
        "Authorization": "Sanitized",
        "traceparent": "00-7c10a45d59797d32df8462a3a51f448f-4608ea3b433fe937-00",
        "User-Agent": "azsdk-net-Analytics.Purview.Sharing/1.0.3-alpha.20230222.1 (.NET 7.0.3; Microsoft Windows 10.0.22621)",
        "x-ms-client-request-id": "1318e6fafc2b388b1d1f042cf67778ad",
        "x-ms-return-client-request-id": "true"
      },
      "RequestBody": null,
      "StatusCode": 200,
      "ResponseHeaders": {
        "Content-Length": "135",
        "Content-Type": "application/json; charset=utf-8",
        "Date": "Thu, 23 Feb 2023 04:40:41 GMT",
        "Server": "Kestrel",
        "Strict-Transport-Security": "max-age=31536000; includeSubDomains",
        "x-ms-correlation-request-id": "426c6e6b-28f2-40fd-bac9-b5df3212b638"
      },
      "ResponseBody": {
        "id": "40e3fc35-c5a6-4114-9dcd-7af1a92415a1",
        "startTime": "2023-02-23T04:39:45.5251385Z",
        "endTime": null,
        "status": "Running",
        "error": null
      }
    },
    {
      "RequestUri": "https://myaccountname.purview.azure.com/share/operationResults/40e3fc35-c5a6-4114-9dcd-7af1a92415a1?api-version=2023-02-15-preview",
      "RequestMethod": "GET",
      "RequestHeaders": {
        "Authorization": "Sanitized",
        "traceparent": "00-7c10a45d59797d32df8462a3a51f448f-f55d918115830e73-00",
        "User-Agent": "azsdk-net-Analytics.Purview.Sharing/1.0.3-alpha.20230222.1 (.NET 7.0.3; Microsoft Windows 10.0.22621)",
        "x-ms-client-request-id": "b5eeaa32cf0c232b9ca075307c63de5e",
        "x-ms-return-client-request-id": "true"
      },
      "RequestBody": null,
      "StatusCode": 200,
      "ResponseHeaders": {
        "Content-Length": "135",
        "Content-Type": "application/json; charset=utf-8",
        "Date": "Thu, 23 Feb 2023 04:40:42 GMT",
        "Server": "Kestrel",
        "Strict-Transport-Security": "max-age=31536000; includeSubDomains",
        "x-ms-correlation-request-id": "4e3baa2e-b1fd-46a9-8607-ea73c8cb2356"
      },
      "ResponseBody": {
        "id": "40e3fc35-c5a6-4114-9dcd-7af1a92415a1",
        "startTime": "2023-02-23T04:39:45.5251385Z",
        "endTime": null,
        "status": "Running",
        "error": null
      }
    },
    {
      "RequestUri": "https://myaccountname.purview.azure.com/share/operationResults/40e3fc35-c5a6-4114-9dcd-7af1a92415a1?api-version=2023-02-15-preview",
      "RequestMethod": "GET",
      "RequestHeaders": {
        "Authorization": "Sanitized",
        "traceparent": "00-7c10a45d59797d32df8462a3a51f448f-aa185e417ff18a29-00",
        "User-Agent": "azsdk-net-Analytics.Purview.Sharing/1.0.3-alpha.20230222.1 (.NET 7.0.3; Microsoft Windows 10.0.22621)",
        "x-ms-client-request-id": "bbea8e09d1b603ed3ba4e431dcde6ff0",
        "x-ms-return-client-request-id": "true"
      },
      "RequestBody": null,
      "StatusCode": 200,
      "ResponseHeaders": {
        "Content-Length": "135",
        "Content-Type": "application/json; charset=utf-8",
        "Date": "Thu, 23 Feb 2023 04:40:43 GMT",
        "Server": "Kestrel",
        "Strict-Transport-Security": "max-age=31536000; includeSubDomains",
        "x-ms-correlation-request-id": "78f79285-15d2-4e77-9381-f8bd158b3aec"
      },
      "ResponseBody": {
        "id": "40e3fc35-c5a6-4114-9dcd-7af1a92415a1",
        "startTime": "2023-02-23T04:39:45.5251385Z",
        "endTime": null,
        "status": "Running",
        "error": null
      }
    },
    {
      "RequestUri": "https://myaccountname.purview.azure.com/share/operationResults/40e3fc35-c5a6-4114-9dcd-7af1a92415a1?api-version=2023-02-15-preview",
      "RequestMethod": "GET",
      "RequestHeaders": {
        "Authorization": "Sanitized",
        "traceparent": "00-7c10a45d59797d32df8462a3a51f448f-5e44cfb2133ccbf9-00",
        "User-Agent": "azsdk-net-Analytics.Purview.Sharing/1.0.3-alpha.20230222.1 (.NET 7.0.3; Microsoft Windows 10.0.22621)",
        "x-ms-client-request-id": "d0bd157a4e482b73bbf5778b865abcb9",
        "x-ms-return-client-request-id": "true"
      },
      "RequestBody": null,
      "StatusCode": 200,
      "ResponseHeaders": {
        "Content-Length": "135",
        "Content-Type": "application/json; charset=utf-8",
        "Date": "Thu, 23 Feb 2023 04:40:44 GMT",
        "Server": "Kestrel",
        "Strict-Transport-Security": "max-age=31536000; includeSubDomains",
        "x-ms-correlation-request-id": "1bf3c760-bd98-4ddb-91f2-c96a0e88b355"
      },
      "ResponseBody": {
        "id": "40e3fc35-c5a6-4114-9dcd-7af1a92415a1",
        "startTime": "2023-02-23T04:39:45.5251385Z",
        "endTime": null,
        "status": "Running",
        "error": null
      }
    },
    {
      "RequestUri": "https://myaccountname.purview.azure.com/share/operationResults/40e3fc35-c5a6-4114-9dcd-7af1a92415a1?api-version=2023-02-15-preview",
      "RequestMethod": "GET",
      "RequestHeaders": {
        "Authorization": "Sanitized",
        "traceparent": "00-7c10a45d59797d32df8462a3a51f448f-774e7115c757dd6d-00",
        "User-Agent": "azsdk-net-Analytics.Purview.Sharing/1.0.3-alpha.20230222.1 (.NET 7.0.3; Microsoft Windows 10.0.22621)",
        "x-ms-client-request-id": "6822a640bc8d61f6bdeb7a67eaf947bd",
        "x-ms-return-client-request-id": "true"
      },
      "RequestBody": null,
      "StatusCode": 200,
      "ResponseHeaders": {
        "Content-Length": "135",
        "Content-Type": "application/json; charset=utf-8",
        "Date": "Thu, 23 Feb 2023 04:40:46 GMT",
        "Server": "Kestrel",
        "Strict-Transport-Security": "max-age=31536000; includeSubDomains",
        "x-ms-correlation-request-id": "976482c7-3f49-45bd-9cb8-6176d634e2b9"
      },
      "ResponseBody": {
        "id": "40e3fc35-c5a6-4114-9dcd-7af1a92415a1",
        "startTime": "2023-02-23T04:39:45.5251385Z",
        "endTime": null,
        "status": "Running",
        "error": null
      }
    },
    {
      "RequestUri": "https://myaccountname.purview.azure.com/share/operationResults/40e3fc35-c5a6-4114-9dcd-7af1a92415a1?api-version=2023-02-15-preview",
      "RequestMethod": "GET",
      "RequestHeaders": {
        "Authorization": "Sanitized",
        "traceparent": "00-7c10a45d59797d32df8462a3a51f448f-5328b4a16be0c840-00",
        "User-Agent": "azsdk-net-Analytics.Purview.Sharing/1.0.3-alpha.20230222.1 (.NET 7.0.3; Microsoft Windows 10.0.22621)",
        "x-ms-client-request-id": "66b685300ea6bb151bbf00c159627ce0",
        "x-ms-return-client-request-id": "true"
      },
      "RequestBody": null,
      "StatusCode": 200,
      "ResponseHeaders": {
        "Content-Length": "135",
        "Content-Type": "application/json; charset=utf-8",
        "Date": "Thu, 23 Feb 2023 04:40:47 GMT",
        "Server": "Kestrel",
        "Strict-Transport-Security": "max-age=31536000; includeSubDomains",
        "x-ms-correlation-request-id": "83f920a0-bb52-4e1e-a019-5f23c09724b1"
      },
      "ResponseBody": {
        "id": "40e3fc35-c5a6-4114-9dcd-7af1a92415a1",
        "startTime": "2023-02-23T04:39:45.5251385Z",
        "endTime": null,
        "status": "Running",
        "error": null
      }
    },
    {
      "RequestUri": "https://myaccountname.purview.azure.com/share/operationResults/40e3fc35-c5a6-4114-9dcd-7af1a92415a1?api-version=2023-02-15-preview",
      "RequestMethod": "GET",
      "RequestHeaders": {
        "Authorization": "Sanitized",
        "traceparent": "00-7c10a45d59797d32df8462a3a51f448f-41ec0eab83c29784-00",
        "User-Agent": "azsdk-net-Analytics.Purview.Sharing/1.0.3-alpha.20230222.1 (.NET 7.0.3; Microsoft Windows 10.0.22621)",
        "x-ms-client-request-id": "35f02ae807bbbd631f5b135cd40b40c1",
        "x-ms-return-client-request-id": "true"
      },
      "RequestBody": null,
      "StatusCode": 200,
      "ResponseHeaders": {
        "Content-Length": "135",
        "Content-Type": "application/json; charset=utf-8",
        "Date": "Thu, 23 Feb 2023 04:40:48 GMT",
        "Server": "Kestrel",
        "Strict-Transport-Security": "max-age=31536000; includeSubDomains",
        "x-ms-correlation-request-id": "f26afaee-5378-4bdb-8817-512ea51a66f5"
      },
      "ResponseBody": {
        "id": "40e3fc35-c5a6-4114-9dcd-7af1a92415a1",
        "startTime": "2023-02-23T04:39:45.5251385Z",
        "endTime": null,
        "status": "Running",
        "error": null
      }
    },
    {
      "RequestUri": "https://myaccountname.purview.azure.com/share/operationResults/40e3fc35-c5a6-4114-9dcd-7af1a92415a1?api-version=2023-02-15-preview",
      "RequestMethod": "GET",
      "RequestHeaders": {
        "Authorization": "Sanitized",
        "traceparent": "00-7c10a45d59797d32df8462a3a51f448f-b6f38db22e54f70a-00",
        "User-Agent": "azsdk-net-Analytics.Purview.Sharing/1.0.3-alpha.20230222.1 (.NET 7.0.3; Microsoft Windows 10.0.22621)",
        "x-ms-client-request-id": "015ab9ae55a4321390674dcdbc35075a",
        "x-ms-return-client-request-id": "true"
      },
      "RequestBody": null,
      "StatusCode": 200,
      "ResponseHeaders": {
        "Content-Length": "135",
        "Content-Type": "application/json; charset=utf-8",
        "Date": "Thu, 23 Feb 2023 04:40:49 GMT",
        "Server": "Kestrel",
        "Strict-Transport-Security": "max-age=31536000; includeSubDomains",
        "x-ms-correlation-request-id": "c3817d64-11c9-4bcf-8049-8beaa2f89eff"
      },
      "ResponseBody": {
        "id": "40e3fc35-c5a6-4114-9dcd-7af1a92415a1",
        "startTime": "2023-02-23T04:39:45.5251385Z",
        "endTime": null,
        "status": "Running",
        "error": null
      }
    },
    {
      "RequestUri": "https://myaccountname.purview.azure.com/share/operationResults/40e3fc35-c5a6-4114-9dcd-7af1a92415a1?api-version=2023-02-15-preview",
      "RequestMethod": "GET",
      "RequestHeaders": {
        "Authorization": "Sanitized",
        "traceparent": "00-7c10a45d59797d32df8462a3a51f448f-98ec3ca243e1346f-00",
        "User-Agent": "azsdk-net-Analytics.Purview.Sharing/1.0.3-alpha.20230222.1 (.NET 7.0.3; Microsoft Windows 10.0.22621)",
        "x-ms-client-request-id": "bf7f996f1109290121f8474afab8e70f",
        "x-ms-return-client-request-id": "true"
      },
      "RequestBody": null,
      "StatusCode": 200,
      "ResponseHeaders": {
        "Content-Length": "137",
        "Content-Type": "application/json; charset=utf-8",
        "Date": "Thu, 23 Feb 2023 04:40:50 GMT",
        "Server": "Kestrel",
        "Strict-Transport-Security": "max-age=31536000; includeSubDomains",
        "x-ms-correlation-request-id": "4a57f1ad-09f2-4ab9-bae8-c472d7aa1916"
      },
      "ResponseBody": {
        "id": "40e3fc35-c5a6-4114-9dcd-7af1a92415a1",
        "startTime": "2023-02-23T04:39:45.5251385Z",
        "endTime": null,
        "status": "Succeeded",
        "error": null
      }
    }
  ],
  "Variables": {
    "AZURE_AUTHORITY_HOST": null,
    "PURVIEW_SHARE_URL": "https://ads-dev-eastus-pv.purview.azure.com/share",
    "RandomSeed": "1442490318"
  }
}
