{
  "Entries": [
    {
      "RequestUri": "https://management.azure.com/subscriptions/5c5037e5-d3f1-4e7b-b3a9-f6bf94902b30?api-version=2021-01-01",
      "RequestMethod": "GET",
      "RequestHeaders": {
        "Accept": "application/json",
        "Authorization": "Sanitized",
        "traceparent": "00-a9ff3143edb79e38d0e47d73512d34dc-6d75acd2437dc19f-00",
        "User-Agent": "azsdk-net-ResourceManager/1.3.2 (.NET 6.0.13; Microsoft Windows 10.0.19044)",
        "x-ms-client-request-id": "467b98bd18fcf8d4a0c27437b767a16f",
        "x-ms-return-client-request-id": "true"
      },
      "RequestBody": null,
      "StatusCode": 200,
      "ResponseHeaders": {
        "Cache-Control": "no-cache",
        "Content-Length": "444",
        "Content-Type": "application/json; charset=utf-8",
        "Date": "Fri, 20 Jan 2023 00:53:25 GMT",
        "Expires": "-1",
        "Pragma": "no-cache",
        "Strict-Transport-Security": "max-age=31536000; includeSubDomains",
        "X-Content-Type-Options": "nosniff",
        "x-ms-correlation-request-id": "a49cac66-4801-4147-b7c6-86a121175bde",
        "x-ms-ratelimit-remaining-subscription-reads": "11987",
        "x-ms-request-id": "a49cac66-4801-4147-b7c6-86a121175bde",
        "x-ms-routing-request-id": "WESTUS:20230120T005325Z:a49cac66-4801-4147-b7c6-86a121175bde"
      },
      "ResponseBody": {
        "id": "/subscriptions/5c5037e5-d3f1-4e7b-b3a9-f6bf94902b30",
        "authorizationSource": "RoleBased",
        "managedByTenants": [
          {
            "tenantId": "2f4a9838-26b7-47ee-be60-ccc1fdec5953"
          }
        ],
        "subscriptionId": "5c5037e5-d3f1-4e7b-b3a9-f6bf94902b30",
        "tenantId": "72f988bf-86f1-41af-91ab-2d7cd011db47",
        "displayName": "Orcas PM team",
        "state": "Enabled",
        "subscriptionPolicies": {
          "locationPlacementId": "Internal_2014-09-01",
          "quotaId": "Internal_2014-09-01",
          "spendingLimit": "Off"
        }
      }
    },
    {
      "RequestUri": "https://management.azure.com/subscriptions/5c5037e5-d3f1-4e7b-b3a9-f6bf94902b30/resourcegroups/pgflexrg9814?api-version=**",
      "RequestMethod": "PUT",
      "RequestHeaders": {
        "Accept": "application/json",
        "Authorization": "Sanitized",
        "Content-Length": "21",
        "Content-Type": "application/json",
        "traceparent": "00-196c5dfd10c632cbfcaaef4c6003738d-c2378b4376b53f0a-00",
        "User-Agent": "azsdk-net-ResourceManager/1.3.2 (.NET 6.0.13; Microsoft Windows 10.0.19044)",
        "x-ms-client-request-id": "bc3979f38a3e9d614317fa0e04c8fdcc",
        "x-ms-return-client-request-id": "true"
      },
      "RequestBody": {
        "location": "eastus"
      },
      "StatusCode": 201,
      "ResponseHeaders": {
        "Cache-Control": "no-cache",
        "Content-Length": "221",
        "Content-Type": "application/json; charset=utf-8",
        "Date": "Fri, 20 Jan 2023 00:53:26 GMT",
        "Expires": "-1",
        "Pragma": "no-cache",
        "Strict-Transport-Security": "max-age=31536000; includeSubDomains",
        "X-Content-Type-Options": "nosniff",
        "x-ms-correlation-request-id": "f6d0cde7-03e2-475c-b10a-b8e51107ad27",
        "x-ms-ratelimit-remaining-subscription-writes": "1197",
        "x-ms-request-id": "f6d0cde7-03e2-475c-b10a-b8e51107ad27",
        "x-ms-routing-request-id": "WESTUS:20230120T005326Z:f6d0cde7-03e2-475c-b10a-b8e51107ad27"
      },
      "ResponseBody": {
        "id": "/subscriptions/5c5037e5-d3f1-4e7b-b3a9-f6bf94902b30/resourceGroups/pgflexrg9814",
        "name": "pgflexrg9814",
        "type": "Microsoft.Resources/resourceGroups",
        "location": "eastus",
        "properties": {
          "provisioningState": "Succeeded"
        }
      }
    },
    {
      "RequestUri": "https://management.azure.com/subscriptions/5c5037e5-d3f1-4e7b-b3a9-f6bf94902b30/resourceGroups/pgflexrg9814/providers/Microsoft.DBforPostgreSQL/flexibleServers/pgflexserver2513?api-version=2022-12-01",
      "RequestMethod": "PUT",
      "RequestHeaders": {
        "Accept": "application/json",
        "Authorization": "Sanitized",
        "Content-Length": "337",
        "Content-Type": "application/json",
        "traceparent": "00-67fec6264f2e546d43ff8f34b83f3cf8-d2c6b66c0c184ddf-00",
        "User-Agent": "azsdk-net-ResourceManager.PostgreSql/2.0.0-alpha.20230119.1 (.NET 6.0.13; Microsoft Windows 10.0.19044)",
        "x-ms-client-request-id": "7707bcef3ada7eb3ed22ebeb2245e04f",
        "x-ms-return-client-request-id": "true"
      },
      "RequestBody": {
        "sku": {
          "name": "Standard_D4s_v3",
          "tier": "GeneralPurpose"
        },
        "tags": {},
        "location": "eastus",
        "properties": {
          "administratorLogin": "testUser",
          "administratorLoginPassword": "testPassword1!",
          "version": "13",
          "storage": {
            "storageSizeGB": 128
          },
          "backup": {
            "backupRetentionDays": 7
          },
          "network": {},
          "highAvailability": {
            "mode": "Disabled"
          },
          "createMode": "Create"
        }
      },
      "StatusCode": 202,
      "ResponseHeaders": {
        "Azure-AsyncOperation": "https://management.azure.com/subscriptions/5c5037e5-d3f1-4e7b-b3a9-f6bf94902b30/providers/Microsoft.DBforPostgreSQL/locations/eastus/azureAsyncOperation/61001190-aaeb-4aab-bc94-a736bdb229a7?api-version=2022-12-01",
        "Cache-Control": "no-cache",
        "Content-Length": "87",
        "Content-Type": "application/json; charset=utf-8",
        "Date": "Fri, 20 Jan 2023 00:53:27 GMT",
        "Expires": "-1",
        "Location": "https://management.azure.com/subscriptions/5c5037e5-d3f1-4e7b-b3a9-f6bf94902b30/providers/Microsoft.DBforPostgreSQL/locations/eastus/operationResults/61001190-aaeb-4aab-bc94-a736bdb229a7?api-version=2022-12-01",
        "Pragma": "no-cache",
        "Retry-After": "60",
        "Server": "Microsoft-HTTPAPI/2.0",
        "Strict-Transport-Security": "max-age=31536000; includeSubDomains",
        "X-Content-Type-Options": "nosniff",
        "x-ms-correlation-request-id": "5bfa1203-8f55-4edc-ac8c-385aa5becc69",
        "x-ms-ratelimit-remaining-subscription-writes": "1196",
        "x-ms-request-id": "8f516333-1f07-4989-9d18-06e9eeb15251",
        "x-ms-routing-request-id": "WESTUS:20230120T005327Z:5bfa1203-8f55-4edc-ac8c-385aa5becc69"
      },
      "ResponseBody": {
        "operation": "UpsertServerManagementOperationV2",
        "startTime": "2023-01-20T00:53:27.66Z"
      }
    },
    {
      "RequestUri": "https://management.azure.com/subscriptions/5c5037e5-d3f1-4e7b-b3a9-f6bf94902b30/providers/Microsoft.DBforPostgreSQL/locations/eastus/azureAsyncOperation/61001190-aaeb-4aab-bc94-a736bdb229a7?api-version=2022-12-01",
      "RequestMethod": "GET",
      "RequestHeaders": {
        "Authorization": "Sanitized",
        "traceparent": "00-67fec6264f2e546d43ff8f34b83f3cf8-d4659462fd42408b-00",
        "User-Agent": "azsdk-net-ResourceManager/1.3.2 (.NET 6.0.13; Microsoft Windows 10.0.19044)",
        "x-ms-client-request-id": "e577f06bd2673f18853e516775b120d2",
        "x-ms-return-client-request-id": "true"
      },
      "RequestBody": null,
      "StatusCode": 200,
      "ResponseHeaders": {
        "Cache-Control": "no-cache",
        "Content-Length": "107",
        "Content-Type": "application/json; charset=utf-8",
        "Date": "Fri, 20 Jan 2023 00:53:27 GMT",
        "Expires": "-1",
        "Pragma": "no-cache",
        "Retry-After": "60",
        "Server": "Microsoft-HTTPAPI/2.0",
        "Strict-Transport-Security": "max-age=31536000; includeSubDomains",
        "X-Content-Type-Options": "nosniff",
        "x-ms-correlation-request-id": "b752307a-6656-4ffa-b8d2-cca6b9536d50",
        "x-ms-ratelimit-remaining-subscription-reads": "11986",
        "x-ms-request-id": "cda2bc9f-515f-4e48-9eda-8d6e18f76709",
        "x-ms-routing-request-id": "WESTUS:20230120T005327Z:b752307a-6656-4ffa-b8d2-cca6b9536d50"
      },
      "ResponseBody": {
        "name": "61001190-aaeb-4aab-bc94-a736bdb229a7",
        "status": "InProgress",
        "startTime": "2023-01-20T00:53:27.66Z"
      }
    },
    {
      "RequestUri": "https://management.azure.com/subscriptions/5c5037e5-d3f1-4e7b-b3a9-f6bf94902b30/providers/Microsoft.DBforPostgreSQL/locations/eastus/azureAsyncOperation/61001190-aaeb-4aab-bc94-a736bdb229a7?api-version=2022-12-01",
      "RequestMethod": "GET",
      "RequestHeaders": {
        "Authorization": "Sanitized",
        "traceparent": "00-67fec6264f2e546d43ff8f34b83f3cf8-a1036fdb25a13b04-00",
        "User-Agent": "azsdk-net-ResourceManager/1.3.2 (.NET 6.0.13; Microsoft Windows 10.0.19044)",
        "x-ms-client-request-id": "aa70be19e51e70bbadedce2139d99351",
        "x-ms-return-client-request-id": "true"
      },
      "RequestBody": null,
      "StatusCode": 200,
      "ResponseHeaders": {
        "Cache-Control": "no-cache",
        "Content-Length": "107",
        "Content-Type": "application/json; charset=utf-8",
        "Date": "Fri, 20 Jan 2023 00:54:27 GMT",
        "Expires": "-1",
        "Pragma": "no-cache",
        "Retry-After": "60",
        "Server": "Microsoft-HTTPAPI/2.0",
        "Strict-Transport-Security": "max-age=31536000; includeSubDomains",
        "X-Content-Type-Options": "nosniff",
        "x-ms-correlation-request-id": "9a82aabd-1127-4df5-9ea2-db107638364b",
        "x-ms-ratelimit-remaining-subscription-reads": "11985",
        "x-ms-request-id": "6e877c34-f840-4108-a62d-f95e6c88d741",
        "x-ms-routing-request-id": "WESTUS:20230120T005428Z:9a82aabd-1127-4df5-9ea2-db107638364b"
      },
      "ResponseBody": {
        "name": "61001190-aaeb-4aab-bc94-a736bdb229a7",
        "status": "InProgress",
        "startTime": "2023-01-20T00:53:27.66Z"
      }
    },
    {
      "RequestUri": "https://management.azure.com/subscriptions/5c5037e5-d3f1-4e7b-b3a9-f6bf94902b30/providers/Microsoft.DBforPostgreSQL/locations/eastus/azureAsyncOperation/61001190-aaeb-4aab-bc94-a736bdb229a7?api-version=2022-12-01",
      "RequestMethod": "GET",
      "RequestHeaders": {
        "Authorization": "Sanitized",
        "traceparent": "00-67fec6264f2e546d43ff8f34b83f3cf8-3e3be78ad1979997-00",
        "User-Agent": "azsdk-net-ResourceManager/1.3.2 (.NET 6.0.13; Microsoft Windows 10.0.19044)",
        "x-ms-client-request-id": "31807428facdc0e8059f61cd2da7a4f7",
        "x-ms-return-client-request-id": "true"
      },
      "RequestBody": null,
      "StatusCode": 200,
      "ResponseHeaders": {
        "Cache-Control": "no-cache",
        "Content-Length": "107",
        "Content-Type": "application/json; charset=utf-8",
        "Date": "Fri, 20 Jan 2023 00:55:27 GMT",
        "Expires": "-1",
        "Pragma": "no-cache",
        "Retry-After": "60",
        "Server": "Microsoft-HTTPAPI/2.0",
        "Strict-Transport-Security": "max-age=31536000; includeSubDomains",
        "X-Content-Type-Options": "nosniff",
        "x-ms-correlation-request-id": "d2f03967-ad1e-4326-abc8-b0b559869202",
        "x-ms-ratelimit-remaining-subscription-reads": "11984",
        "x-ms-request-id": "d6b4ecf0-2932-4cb8-a1f1-f5b1bf9d74c7",
        "x-ms-routing-request-id": "WESTUS:20230120T005528Z:d2f03967-ad1e-4326-abc8-b0b559869202"
      },
      "ResponseBody": {
        "name": "61001190-aaeb-4aab-bc94-a736bdb229a7",
        "status": "InProgress",
        "startTime": "2023-01-20T00:53:27.66Z"
      }
    },
    {
      "RequestUri": "https://management.azure.com/subscriptions/5c5037e5-d3f1-4e7b-b3a9-f6bf94902b30/providers/Microsoft.DBforPostgreSQL/locations/eastus/azureAsyncOperation/61001190-aaeb-4aab-bc94-a736bdb229a7?api-version=2022-12-01",
      "RequestMethod": "GET",
      "RequestHeaders": {
        "Authorization": "Sanitized",
        "traceparent": "00-67fec6264f2e546d43ff8f34b83f3cf8-0e2a49b3a3da5fb9-00",
        "User-Agent": "azsdk-net-ResourceManager/1.3.2 (.NET 6.0.13; Microsoft Windows 10.0.19044)",
        "x-ms-client-request-id": "2cc02e984f2c86583506387a04f705ac",
        "x-ms-return-client-request-id": "true"
      },
      "RequestBody": null,
      "StatusCode": 200,
      "ResponseHeaders": {
        "Cache-Control": "no-cache",
        "Content-Length": "107",
        "Content-Type": "application/json; charset=utf-8",
        "Date": "Fri, 20 Jan 2023 00:56:28 GMT",
        "Expires": "-1",
        "Pragma": "no-cache",
        "Retry-After": "60",
        "Server": "Microsoft-HTTPAPI/2.0",
        "Strict-Transport-Security": "max-age=31536000; includeSubDomains",
        "X-Content-Type-Options": "nosniff",
        "x-ms-correlation-request-id": "0ed1f555-9740-4781-a26b-87dbb5999339",
        "x-ms-ratelimit-remaining-subscription-reads": "11983",
        "x-ms-request-id": "4cb23b38-383e-446e-98dc-63565b011927",
        "x-ms-routing-request-id": "WESTUS:20230120T005629Z:0ed1f555-9740-4781-a26b-87dbb5999339"
      },
      "ResponseBody": {
        "name": "61001190-aaeb-4aab-bc94-a736bdb229a7",
        "status": "InProgress",
        "startTime": "2023-01-20T00:53:27.66Z"
      }
    },
    {
      "RequestUri": "https://management.azure.com/subscriptions/5c5037e5-d3f1-4e7b-b3a9-f6bf94902b30/providers/Microsoft.DBforPostgreSQL/locations/eastus/azureAsyncOperation/61001190-aaeb-4aab-bc94-a736bdb229a7?api-version=2022-12-01",
      "RequestMethod": "GET",
      "RequestHeaders": {
        "Authorization": "Sanitized",
        "traceparent": "00-67fec6264f2e546d43ff8f34b83f3cf8-e5063b0b341fb311-00",
        "User-Agent": "azsdk-net-ResourceManager/1.3.2 (.NET 6.0.13; Microsoft Windows 10.0.19044)",
        "x-ms-client-request-id": "013f00aaee311f04d6afa57e84ed4206",
        "x-ms-return-client-request-id": "true"
      },
      "RequestBody": null,
      "StatusCode": 200,
      "ResponseHeaders": {
        "Cache-Control": "no-cache",
        "Content-Length": "107",
        "Content-Type": "application/json; charset=utf-8",
        "Date": "Fri, 20 Jan 2023 00:57:29 GMT",
        "Expires": "-1",
        "Pragma": "no-cache",
        "Retry-After": "60",
        "Server": "Microsoft-HTTPAPI/2.0",
        "Strict-Transport-Security": "max-age=31536000; includeSubDomains",
        "X-Content-Type-Options": "nosniff",
        "x-ms-correlation-request-id": "943454a7-d89a-428e-b9f4-aaa64762348e",
        "x-ms-ratelimit-remaining-subscription-reads": "11982",
        "x-ms-request-id": "afaec7dd-b1d7-4646-8d0b-285f18e396b3",
        "x-ms-routing-request-id": "WESTUS:20230120T005729Z:943454a7-d89a-428e-b9f4-aaa64762348e"
      },
      "ResponseBody": {
        "name": "61001190-aaeb-4aab-bc94-a736bdb229a7",
        "status": "InProgress",
        "startTime": "2023-01-20T00:53:27.66Z"
      }
    },
    {
      "RequestUri": "https://management.azure.com/subscriptions/5c5037e5-d3f1-4e7b-b3a9-f6bf94902b30/providers/Microsoft.DBforPostgreSQL/locations/eastus/azureAsyncOperation/61001190-aaeb-4aab-bc94-a736bdb229a7?api-version=2022-12-01",
      "RequestMethod": "GET",
      "RequestHeaders": {
        "Authorization": "Sanitized",
        "traceparent": "00-67fec6264f2e546d43ff8f34b83f3cf8-5d188fd67b16d4ac-00",
        "User-Agent": "azsdk-net-ResourceManager/1.3.2 (.NET 6.0.13; Microsoft Windows 10.0.19044)",
        "x-ms-client-request-id": "0a89d6496719d9251cf9fcc6c16ebc0e",
        "x-ms-return-client-request-id": "true"
      },
      "RequestBody": null,
      "StatusCode": 200,
      "ResponseHeaders": {
        "Cache-Control": "no-cache",
        "Content-Length": "106",
        "Content-Type": "application/json; charset=utf-8",
        "Date": "Fri, 20 Jan 2023 00:58:29 GMT",
        "Expires": "-1",
        "Pragma": "no-cache",
        "Retry-After": "60",
        "Server": "Microsoft-HTTPAPI/2.0",
        "Strict-Transport-Security": "max-age=31536000; includeSubDomains",
        "X-Content-Type-Options": "nosniff",
        "x-ms-correlation-request-id": "1a0dcba1-9b26-4fe9-b969-9fa7e25dd4f0",
        "x-ms-ratelimit-remaining-subscription-reads": "11981",
        "x-ms-request-id": "fd3ab972-f2c5-45e2-a8f7-6029973acf49",
        "x-ms-routing-request-id": "WESTUS:20230120T005829Z:1a0dcba1-9b26-4fe9-b969-9fa7e25dd4f0"
      },
      "ResponseBody": {
        "name": "61001190-aaeb-4aab-bc94-a736bdb229a7",
        "status": "Succeeded",
        "startTime": "2023-01-20T00:53:27.66Z"
      }
    },
    {
      "RequestUri": "https://management.azure.com/subscriptions/5c5037e5-d3f1-4e7b-b3a9-f6bf94902b30/resourceGroups/pgflexrg9814/providers/Microsoft.DBforPostgreSQL/flexibleServers/pgflexserver2513?api-version=2022-12-01",
      "RequestMethod": "GET",
      "RequestHeaders": {
        "Authorization": "Sanitized",
        "traceparent": "00-67fec6264f2e546d43ff8f34b83f3cf8-bdc80dfa4bf4b265-00",
        "User-Agent": "azsdk-net-ResourceManager/1.3.2 (.NET 6.0.13; Microsoft Windows 10.0.19044)",
        "x-ms-client-request-id": "2d23b499a267a9c62aa0557ca9d90148",
        "x-ms-return-client-request-id": "true"
      },
      "RequestBody": null,
      "StatusCode": 200,
      "ResponseHeaders": {
        "Cache-Control": "no-cache",
        "Content-Length": "1116",
        "Content-Type": "application/json; charset=utf-8",
        "Date": "Fri, 20 Jan 2023 00:58:29 GMT",
        "Expires": "-1",
        "Pragma": "no-cache",
        "Server": "Microsoft-HTTPAPI/2.0",
        "Strict-Transport-Security": "max-age=31536000; includeSubDomains",
        "X-Content-Type-Options": "nosniff",
        "x-ms-correlation-request-id": "9b281cdf-add1-42e8-9250-96ca6bfd7497",
        "x-ms-ratelimit-remaining-subscription-reads": "11980",
        "x-ms-request-id": "fcc519af-0afd-4f79-b5d4-1e653c3601c6",
        "x-ms-routing-request-id": "WESTUS:20230120T005830Z:9b281cdf-add1-42e8-9250-96ca6bfd7497"
      },
      "ResponseBody": {
        "sku": {
          "name": "Standard_D4s_v3",
          "tier": "GeneralPurpose"
        },
        "systemData": {
          "createdAt": "2023-01-20T00:53:33.2230989Z"
        },
        "properties": {
          "authConfig": {
            "activeDirectoryAuth": "Disabled",
            "passwordAuth": "Enabled"
          },
          "dataEncryption": {
            "type": "SystemManaged"
          },
          "fullyQualifiedDomainName": "pgflexserver2513.postgres.database.azure.com",
          "version": "13",
          "minorVersion": "8",
          "administratorLogin": "testUser",
          "state": "Ready",
          "availabilityZone": "3",
          "storage": {
            "storageSizeGB": 128
          },
          "backup": {
            "backupRetentionDays": 7,
            "geoRedundantBackup": "Disabled",
            "earliestRestoreDate": "2023-01-20T00:53:33.2230989\u002B00:00"
          },
          "network": {
            "publicNetworkAccess": "Enabled"
          },
          "highAvailability": {
            "mode": "Disabled",
            "state": "NotEnabled"
          },
          "maintenanceWindow": {
            "customWindow": "Disabled",
            "dayOfWeek": 0,
            "startHour": 0,
            "startMinute": 0
          },
          "replicationRole": "Primary",
          "replicaCapacity": 5,
          "storageAutoGrowth": false
        },
        "location": "East US",
        "tags": {},
        "id": "/subscriptions/5c5037e5-d3f1-4e7b-b3a9-f6bf94902b30/resourceGroups/pgflexrg9814/providers/Microsoft.DBforPostgreSQL/flexibleServers/pgflexserver2513",
        "name": "pgflexserver2513",
        "type": "Microsoft.DBforPostgreSQL/flexibleServers"
      }
    },
    {
      "RequestUri": "https://management.azure.com/subscriptions/5c5037e5-d3f1-4e7b-b3a9-f6bf94902b30/resourceGroups/pgflexrg9814/providers/Microsoft.DBforPostgreSQL/flexibleServers/pgflexserver2513?api-version=2022-12-01",
      "RequestMethod": "PATCH",
      "RequestHeaders": {
        "Accept": "application/json",
        "Authorization": "Sanitized",
        "Content-Length": "40",
        "Content-Type": "application/json",
        "traceparent": "00-6c6ac70ab8e19d5ded67bfacc3405ab4-449f0045a72fd6b6-00",
        "User-Agent": "azsdk-net-ResourceManager.PostgreSql/2.0.0-alpha.20230119.1 (.NET 6.0.13; Microsoft Windows 10.0.19044)",
        "x-ms-client-request-id": "2e3032c3fb6d4293da66e537f23d5d68",
        "x-ms-return-client-request-id": "true"
      },
      "RequestBody": {
        "tags": {
          "key": "value"
        },
        "properties": {}
      },
      "StatusCode": 202,
      "ResponseHeaders": {
        "Azure-AsyncOperation": "https://management.azure.com/subscriptions/5c5037e5-d3f1-4e7b-b3a9-f6bf94902b30/providers/Microsoft.DBforPostgreSQL/locations/eastus/azureAsyncOperation/46b13001-67b5-4a94-a687-a0ad636170d0?api-version=2022-12-01",
        "Cache-Control": "no-cache",
        "Content-Length": "87",
        "Content-Type": "application/json; charset=utf-8",
        "Date": "Fri, 20 Jan 2023 00:58:30 GMT",
        "Expires": "-1",
        "Location": "https://management.azure.com/subscriptions/5c5037e5-d3f1-4e7b-b3a9-f6bf94902b30/providers/Microsoft.DBforPostgreSQL/locations/eastus/operationResults/46b13001-67b5-4a94-a687-a0ad636170d0?api-version=2022-12-01",
        "Pragma": "no-cache",
        "Retry-After": "60",
        "Server": "Microsoft-HTTPAPI/2.0",
        "Strict-Transport-Security": "max-age=31536000; includeSubDomains",
        "X-Content-Type-Options": "nosniff",
        "x-ms-correlation-request-id": "ccdc76b4-3eb3-4ce1-a644-65edaae9f1c6",
        "x-ms-ratelimit-remaining-subscription-writes": "1195",
        "x-ms-request-id": "b84acffa-5d64-48ec-9070-971bda53edd9",
        "x-ms-routing-request-id": "WESTUS:20230120T005830Z:ccdc76b4-3eb3-4ce1-a644-65edaae9f1c6"
      },
      "ResponseBody": {
        "operation": "UpsertServerManagementOperationV2",
        "startTime": "2023-01-20T00:58:30.55Z"
      }
    },
    {
      "RequestUri": "https://management.azure.com/subscriptions/5c5037e5-d3f1-4e7b-b3a9-f6bf94902b30/providers/Microsoft.DBforPostgreSQL/locations/eastus/azureAsyncOperation/46b13001-67b5-4a94-a687-a0ad636170d0?api-version=2022-12-01",
      "RequestMethod": "GET",
      "RequestHeaders": {
        "Authorization": "Sanitized",
        "traceparent": "00-6c6ac70ab8e19d5ded67bfacc3405ab4-ea7b14666499d131-00",
        "User-Agent": "azsdk-net-ResourceManager/1.3.2 (.NET 6.0.13; Microsoft Windows 10.0.19044)",
        "x-ms-client-request-id": "8f02b3f78d3d9ea021e05201bd8eb6ec",
        "x-ms-return-client-request-id": "true"
      },
      "RequestBody": null,
      "StatusCode": 200,
      "ResponseHeaders": {
        "Cache-Control": "no-cache",
        "Content-Length": "107",
        "Content-Type": "application/json; charset=utf-8",
        "Date": "Fri, 20 Jan 2023 00:58:30 GMT",
        "Expires": "-1",
        "Pragma": "no-cache",
        "Retry-After": "60",
        "Server": "Microsoft-HTTPAPI/2.0",
        "Strict-Transport-Security": "max-age=31536000; includeSubDomains",
        "X-Content-Type-Options": "nosniff",
        "x-ms-correlation-request-id": "76c95fa5-683a-4847-81be-7bf97f40bb2c",
        "x-ms-ratelimit-remaining-subscription-reads": "11979",
        "x-ms-request-id": "d5f7c635-341b-4e02-ada0-a426feabd44a",
        "x-ms-routing-request-id": "WESTUS:20230120T005831Z:76c95fa5-683a-4847-81be-7bf97f40bb2c"
      },
      "ResponseBody": {
        "name": "46b13001-67b5-4a94-a687-a0ad636170d0",
        "status": "InProgress",
        "startTime": "2023-01-20T00:58:30.55Z"
      }
    },
    {
      "RequestUri": "https://management.azure.com/subscriptions/5c5037e5-d3f1-4e7b-b3a9-f6bf94902b30/providers/Microsoft.DBforPostgreSQL/locations/eastus/azureAsyncOperation/46b13001-67b5-4a94-a687-a0ad636170d0?api-version=2022-12-01",
      "RequestMethod": "GET",
      "RequestHeaders": {
        "Authorization": "Sanitized",
        "traceparent": "00-6c6ac70ab8e19d5ded67bfacc3405ab4-a843b9427eb1e802-00",
        "User-Agent": "azsdk-net-ResourceManager/1.3.2 (.NET 6.0.13; Microsoft Windows 10.0.19044)",
        "x-ms-client-request-id": "1288ed4232f4ae7e93891e8d1b1a3032",
        "x-ms-return-client-request-id": "true"
      },
      "RequestBody": null,
      "StatusCode": 200,
      "ResponseHeaders": {
        "Cache-Control": "no-cache",
        "Content-Length": "106",
        "Content-Type": "application/json; charset=utf-8",
        "Date": "Fri, 20 Jan 2023 00:59:30 GMT",
        "Expires": "-1",
        "Pragma": "no-cache",
        "Retry-After": "60",
        "Server": "Microsoft-HTTPAPI/2.0",
        "Strict-Transport-Security": "max-age=31536000; includeSubDomains",
        "X-Content-Type-Options": "nosniff",
        "x-ms-correlation-request-id": "a0fa9fdc-4aee-44c4-84b5-238bef465fda",
        "x-ms-ratelimit-remaining-subscription-reads": "11978",
        "x-ms-request-id": "6afa281d-7dd9-4917-a361-fb843859342d",
        "x-ms-routing-request-id": "WESTUS:20230120T005931Z:a0fa9fdc-4aee-44c4-84b5-238bef465fda"
      },
      "ResponseBody": {
        "name": "46b13001-67b5-4a94-a687-a0ad636170d0",
        "status": "Succeeded",
        "startTime": "2023-01-20T00:58:30.55Z"
      }
    },
    {
      "RequestUri": "https://management.azure.com/subscriptions/5c5037e5-d3f1-4e7b-b3a9-f6bf94902b30/resourceGroups/pgflexrg9814/providers/Microsoft.DBforPostgreSQL/flexibleServers/pgflexserver2513?api-version=2022-12-01",
      "RequestMethod": "GET",
      "RequestHeaders": {
        "Authorization": "Sanitized",
        "traceparent": "00-6c6ac70ab8e19d5ded67bfacc3405ab4-deea12706e898c7e-00",
        "User-Agent": "azsdk-net-ResourceManager/1.3.2 (.NET 6.0.13; Microsoft Windows 10.0.19044)",
        "x-ms-client-request-id": "3e3fa236ce3a652af646aee8c29ce881",
        "x-ms-return-client-request-id": "true"
      },
      "RequestBody": null,
      "StatusCode": 200,
      "ResponseHeaders": {
        "Cache-Control": "no-cache",
        "Content-Length": "1129",
        "Content-Type": "application/json; charset=utf-8",
        "Date": "Fri, 20 Jan 2023 00:59:30 GMT",
        "Expires": "-1",
        "Pragma": "no-cache",
        "Server": "Microsoft-HTTPAPI/2.0",
        "Strict-Transport-Security": "max-age=31536000; includeSubDomains",
        "X-Content-Type-Options": "nosniff",
        "x-ms-correlation-request-id": "2477eb87-26b3-46e9-8bd2-0c20f7bbc04b",
        "x-ms-ratelimit-remaining-subscription-reads": "11977",
        "x-ms-request-id": "6ed7cdd7-ec20-4be6-b3e6-dd2e34669ca6",
        "x-ms-routing-request-id": "WESTUS:20230120T005931Z:2477eb87-26b3-46e9-8bd2-0c20f7bbc04b"
      },
      "ResponseBody": {
        "sku": {
          "name": "Standard_D4s_v3",
          "tier": "GeneralPurpose"
        },
        "systemData": {
          "createdAt": "2023-01-20T00:53:33.2230989Z"
        },
        "properties": {
          "authConfig": {
            "activeDirectoryAuth": "Disabled",
            "passwordAuth": "Enabled"
          },
          "dataEncryption": {
            "type": "SystemManaged"
          },
          "fullyQualifiedDomainName": "pgflexserver2513.postgres.database.azure.com",
          "version": "13",
          "minorVersion": "8",
          "administratorLogin": "testUser",
          "state": "Ready",
          "availabilityZone": "3",
          "storage": {
            "storageSizeGB": 128
          },
          "backup": {
            "backupRetentionDays": 7,
            "geoRedundantBackup": "Disabled",
            "earliestRestoreDate": "2023-01-20T00:53:33.2230989\u002B00:00"
          },
          "network": {
            "publicNetworkAccess": "Enabled"
          },
          "highAvailability": {
            "mode": "Disabled",
            "state": "NotEnabled"
          },
          "maintenanceWindow": {
            "customWindow": "Disabled",
            "dayOfWeek": 0,
            "startHour": 0,
            "startMinute": 0
          },
          "replicationRole": "Primary",
          "replicaCapacity": 5,
          "storageAutoGrowth": false
        },
        "location": "East US",
        "tags": {
          "key": "value"
        },
        "id": "/subscriptions/5c5037e5-d3f1-4e7b-b3a9-f6bf94902b30/resourceGroups/pgflexrg9814/providers/Microsoft.DBforPostgreSQL/flexibleServers/pgflexserver2513",
        "name": "pgflexserver2513",
        "type": "Microsoft.DBforPostgreSQL/flexibleServers"
      }
    },
    {
      "RequestUri": "https://management.azure.com/subscriptions/5c5037e5-d3f1-4e7b-b3a9-f6bf94902b30/resourceGroups/pgflexrg9814/providers/Microsoft.DBforPostgreSQL/flexibleServers/pgflexserver2513?api-version=2022-12-01",
      "RequestMethod": "GET",
      "RequestHeaders": {
        "Accept": "application/json",
        "Authorization": "Sanitized",
        "traceparent": "00-12e3687b61b7c55d0c7e2d5e6564d121-e7f5dd2814c9ca3e-00",
        "User-Agent": "azsdk-net-ResourceManager.PostgreSql/2.0.0-alpha.20230119.1 (.NET 6.0.13; Microsoft Windows 10.0.19044)",
        "x-ms-client-request-id": "2335f4291d20c54e3553fbb36f138306",
        "x-ms-return-client-request-id": "true"
      },
      "RequestBody": null,
      "StatusCode": 200,
      "ResponseHeaders": {
        "Cache-Control": "no-cache",
        "Content-Length": "1129",
        "Content-Type": "application/json; charset=utf-8",
        "Date": "Fri, 20 Jan 2023 00:59:30 GMT",
        "Expires": "-1",
        "Pragma": "no-cache",
        "Server": "Microsoft-HTTPAPI/2.0",
        "Strict-Transport-Security": "max-age=31536000; includeSubDomains",
        "X-Content-Type-Options": "nosniff",
        "x-ms-correlation-request-id": "6f1d82c8-39fc-4100-b18c-8306a7e4a5c6",
        "x-ms-ratelimit-remaining-subscription-reads": "11976",
        "x-ms-request-id": "036a057f-6b74-4273-bcf7-b614d64a6e84",
        "x-ms-routing-request-id": "WESTUS:20230120T005931Z:6f1d82c8-39fc-4100-b18c-8306a7e4a5c6"
      },
      "ResponseBody": {
        "sku": {
          "name": "Standard_D4s_v3",
          "tier": "GeneralPurpose"
        },
        "systemData": {
          "createdAt": "2023-01-20T00:53:33.2230989Z"
        },
        "properties": {
          "authConfig": {
            "activeDirectoryAuth": "Disabled",
            "passwordAuth": "Enabled"
          },
          "dataEncryption": {
            "type": "SystemManaged"
          },
          "fullyQualifiedDomainName": "pgflexserver2513.postgres.database.azure.com",
          "version": "13",
          "minorVersion": "8",
          "administratorLogin": "testUser",
          "state": "Ready",
          "availabilityZone": "3",
          "storage": {
            "storageSizeGB": 128
          },
          "backup": {
            "backupRetentionDays": 7,
            "geoRedundantBackup": "Disabled",
            "earliestRestoreDate": "2023-01-20T00:53:33.2230989\u002B00:00"
          },
          "network": {
            "publicNetworkAccess": "Enabled"
          },
          "highAvailability": {
            "mode": "Disabled",
            "state": "NotEnabled"
          },
          "maintenanceWindow": {
            "customWindow": "Disabled",
            "dayOfWeek": 0,
            "startHour": 0,
            "startMinute": 0
          },
          "replicationRole": "Primary",
          "replicaCapacity": 5,
          "storageAutoGrowth": false
        },
        "location": "East US",
        "tags": {
          "key": "value"
        },
        "id": "/subscriptions/5c5037e5-d3f1-4e7b-b3a9-f6bf94902b30/resourceGroups/pgflexrg9814/providers/Microsoft.DBforPostgreSQL/flexibleServers/pgflexserver2513",
        "name": "pgflexserver2513",
        "type": "Microsoft.DBforPostgreSQL/flexibleServers"
      }
    },
    {
      "RequestUri": "https://management.azure.com/subscriptions/5c5037e5-d3f1-4e7b-b3a9-f6bf94902b30/resourceGroups/pgflexrg9814/providers/Microsoft.DBforPostgreSQL/flexibleServers/pgflexserver2513?api-version=2022-12-01",
      "RequestMethod": "DELETE",
      "RequestHeaders": {
        "Accept": "application/json",
        "Authorization": "Sanitized",
        "traceparent": "00-b4bc12db8128ccd62dda5ea6718710f8-b25932ef1f0863bb-00",
        "User-Agent": "azsdk-net-ResourceManager.PostgreSql/2.0.0-alpha.20230119.1 (.NET 6.0.13; Microsoft Windows 10.0.19044)",
        "x-ms-client-request-id": "1bcb20b0784e74b1c3221bad8396ecf7",
        "x-ms-return-client-request-id": "true"
      },
      "RequestBody": null,
      "StatusCode": 202,
      "ResponseHeaders": {
        "Azure-AsyncOperation": "https://management.azure.com/subscriptions/5c5037e5-d3f1-4e7b-b3a9-f6bf94902b30/providers/Microsoft.DBforPostgreSQL/locations/East%20US/azureAsyncOperation/c67693f5-54c0-449b-ba7d-e2f063ac8d9e?api-version=2022-12-01",
        "Cache-Control": "no-cache",
        "Content-Length": "84",
        "Content-Type": "application/json; charset=utf-8",
        "Date": "Fri, 20 Jan 2023 00:59:31 GMT",
        "Expires": "-1",
        "Location": "https://management.azure.com/subscriptions/5c5037e5-d3f1-4e7b-b3a9-f6bf94902b30/providers/Microsoft.DBforPostgreSQL/locations/East%20US/operationResults/c67693f5-54c0-449b-ba7d-e2f063ac8d9e?api-version=2022-12-01",
        "Pragma": "no-cache",
        "Retry-After": "15",
        "Server": "Microsoft-HTTPAPI/2.0",
        "Strict-Transport-Security": "max-age=31536000; includeSubDomains",
        "X-Content-Type-Options": "nosniff",
        "x-ms-correlation-request-id": "f75711dd-24c1-4ffc-8203-9806d48591fd",
        "x-ms-ratelimit-remaining-subscription-deletes": "14999",
        "x-ms-request-id": "c67693f5-54c0-449b-ba7d-e2f063ac8d9e",
        "x-ms-routing-request-id": "WESTUS:20230120T005932Z:f75711dd-24c1-4ffc-8203-9806d48591fd"
      },
      "ResponseBody": {
        "operation": "DropServerManagementOperation",
        "startTime": "2023-01-20T00:59:32.163Z"
      }
    },
    {
      "RequestUri": "https://management.azure.com/subscriptions/5c5037e5-d3f1-4e7b-b3a9-f6bf94902b30/providers/Microsoft.DBforPostgreSQL/locations/East%20US/azureAsyncOperation/c67693f5-54c0-449b-ba7d-e2f063ac8d9e?api-version=2022-12-01",
      "RequestMethod": "GET",
      "RequestHeaders": {
        "Authorization": "Sanitized",
        "traceparent": "00-b4bc12db8128ccd62dda5ea6718710f8-4ace50d49b3e004b-00",
        "User-Agent": "azsdk-net-ResourceManager/1.3.2 (.NET 6.0.13; Microsoft Windows 10.0.19044)",
        "x-ms-client-request-id": "a138a7c3cdd1b13342c060fd01a0429e",
        "x-ms-return-client-request-id": "true"
      },
      "RequestBody": null,
      "StatusCode": 200,
      "ResponseHeaders": {
        "Cache-Control": "no-cache",
        "Content-Length": "108",
        "Content-Type": "application/json; charset=utf-8",
        "Date": "Fri, 20 Jan 2023 00:59:31 GMT",
        "Expires": "-1",
        "Pragma": "no-cache",
        "Retry-After": "15",
        "Server": "Microsoft-HTTPAPI/2.0",
        "Strict-Transport-Security": "max-age=31536000; includeSubDomains",
        "X-Content-Type-Options": "nosniff",
        "x-ms-correlation-request-id": "587e02a7-4df8-40ac-acc0-3b18244ca521",
        "x-ms-ratelimit-remaining-subscription-reads": "11975",
        "x-ms-request-id": "5b649aa9-d512-49ba-9803-2e15996b61d8",
        "x-ms-routing-request-id": "WESTUS:20230120T005932Z:587e02a7-4df8-40ac-acc0-3b18244ca521"
      },
      "ResponseBody": {
        "name": "c67693f5-54c0-449b-ba7d-e2f063ac8d9e",
        "status": "InProgress",
        "startTime": "2023-01-20T00:59:32.163Z"
      }
    },
    {
      "RequestUri": "https://management.azure.com/subscriptions/5c5037e5-d3f1-4e7b-b3a9-f6bf94902b30/providers/Microsoft.DBforPostgreSQL/locations/East%20US/azureAsyncOperation/c67693f5-54c0-449b-ba7d-e2f063ac8d9e?api-version=2022-12-01",
      "RequestMethod": "GET",
      "RequestHeaders": {
        "Authorization": "Sanitized",
        "traceparent": "00-b4bc12db8128ccd62dda5ea6718710f8-8db8e06fc813c14d-00",
        "User-Agent": "azsdk-net-ResourceManager/1.3.2 (.NET 6.0.13; Microsoft Windows 10.0.19044)",
        "x-ms-client-request-id": "d31204675bb0a2200fb1c6d46ecaa14c",
        "x-ms-return-client-request-id": "true"
      },
      "RequestBody": null,
      "StatusCode": 200,
      "ResponseHeaders": {
        "Cache-Control": "no-cache",
        "Content-Length": "108",
        "Content-Type": "application/json; charset=utf-8",
        "Date": "Fri, 20 Jan 2023 00:59:46 GMT",
        "Expires": "-1",
        "Pragma": "no-cache",
        "Retry-After": "15",
        "Server": "Microsoft-HTTPAPI/2.0",
        "Strict-Transport-Security": "max-age=31536000; includeSubDomains",
        "X-Content-Type-Options": "nosniff",
        "x-ms-correlation-request-id": "c9c0acda-cace-46e7-8a92-cb43675fab0d",
        "x-ms-ratelimit-remaining-subscription-reads": "11974",
        "x-ms-request-id": "3bd9cd49-56ee-4cf2-972a-eb23a5ec3d70",
        "x-ms-routing-request-id": "WESTUS:20230120T005947Z:c9c0acda-cace-46e7-8a92-cb43675fab0d"
      },
      "ResponseBody": {
        "name": "c67693f5-54c0-449b-ba7d-e2f063ac8d9e",
        "status": "InProgress",
        "startTime": "2023-01-20T00:59:32.163Z"
      }
    },
    {
      "RequestUri": "https://management.azure.com/subscriptions/5c5037e5-d3f1-4e7b-b3a9-f6bf94902b30/providers/Microsoft.DBforPostgreSQL/locations/East%20US/azureAsyncOperation/c67693f5-54c0-449b-ba7d-e2f063ac8d9e?api-version=2022-12-01",
      "RequestMethod": "GET",
      "RequestHeaders": {
        "Authorization": "Sanitized",
        "traceparent": "00-b4bc12db8128ccd62dda5ea6718710f8-3c1201455e3fea86-00",
        "User-Agent": "azsdk-net-ResourceManager/1.3.2 (.NET 6.0.13; Microsoft Windows 10.0.19044)",
        "x-ms-client-request-id": "dbe9382c4b5dd32569b2e424ac1417b3",
        "x-ms-return-client-request-id": "true"
      },
      "RequestBody": null,
      "StatusCode": 200,
      "ResponseHeaders": {
        "Cache-Control": "no-cache",
        "Content-Length": "108",
        "Content-Type": "application/json; charset=utf-8",
        "Date": "Fri, 20 Jan 2023 01:00:02 GMT",
        "Expires": "-1",
        "Pragma": "no-cache",
        "Retry-After": "15",
        "Server": "Microsoft-HTTPAPI/2.0",
        "Strict-Transport-Security": "max-age=31536000; includeSubDomains",
        "X-Content-Type-Options": "nosniff",
        "x-ms-correlation-request-id": "c8a0a38d-1bc0-4f1a-9d23-4d4ebe308401",
        "x-ms-ratelimit-remaining-subscription-reads": "11973",
        "x-ms-request-id": "d4797e5e-9527-4ed4-8d77-b118d0015317",
        "x-ms-routing-request-id": "WESTUS:20230120T010002Z:c8a0a38d-1bc0-4f1a-9d23-4d4ebe308401"
      },
      "ResponseBody": {
        "name": "c67693f5-54c0-449b-ba7d-e2f063ac8d9e",
        "status": "InProgress",
        "startTime": "2023-01-20T00:59:32.163Z"
      }
    },
    {
      "RequestUri": "https://management.azure.com/subscriptions/5c5037e5-d3f1-4e7b-b3a9-f6bf94902b30/providers/Microsoft.DBforPostgreSQL/locations/East%20US/azureAsyncOperation/c67693f5-54c0-449b-ba7d-e2f063ac8d9e?api-version=2022-12-01",
      "RequestMethod": "GET",
      "RequestHeaders": {
        "Authorization": "Sanitized",
        "traceparent": "00-b4bc12db8128ccd62dda5ea6718710f8-f747c4be0a5e3d76-00",
        "User-Agent": "azsdk-net-ResourceManager/1.3.2 (.NET 6.0.13; Microsoft Windows 10.0.19044)",
        "x-ms-client-request-id": "ce7f6a38226467338695921f065e4278",
        "x-ms-return-client-request-id": "true"
      },
      "RequestBody": null,
      "StatusCode": 200,
      "ResponseHeaders": {
        "Cache-Control": "no-cache",
        "Content-Length": "107",
        "Content-Type": "application/json; charset=utf-8",
        "Date": "Fri, 20 Jan 2023 01:00:17 GMT",
        "Expires": "-1",
        "Pragma": "no-cache",
        "Retry-After": "15",
        "Server": "Microsoft-HTTPAPI/2.0",
        "Strict-Transport-Security": "max-age=31536000; includeSubDomains",
        "X-Content-Type-Options": "nosniff",
        "x-ms-correlation-request-id": "153a1e52-8821-48c6-b940-ddcc49e81022",
        "x-ms-ratelimit-remaining-subscription-reads": "11972",
        "x-ms-request-id": "39dfefb0-9a53-4e11-9a58-3cbfed4e1a64",
        "x-ms-routing-request-id": "WESTUS:20230120T010017Z:153a1e52-8821-48c6-b940-ddcc49e81022"
      },
      "ResponseBody": {
        "name": "c67693f5-54c0-449b-ba7d-e2f063ac8d9e",
        "status": "Succeeded",
        "startTime": "2023-01-20T00:59:32.163Z"
      }
    }
  ],
  "Variables": {
    "AZURE_AUTHORITY_HOST": "https://login.microsoftonline.com",
    "RandomSeed": "1182053500",
    "RESOURCE_MANAGER_URL": null,
    "SUBSCRIPTION_ID": "5c5037e5-d3f1-4e7b-b3a9-f6bf94902b30"
  }
}
