{
  "Entries": [
    {
      "RequestUri": "https://management.azure.com/subscriptions/db1ab6f0-4769-4b27-930e-01e2ef9c123c?api-version=2021-01-01",
      "RequestMethod": "GET",
      "RequestHeaders": {
        "Accept": "application/json",
        "Authorization": "Sanitized",
        "traceparent": "00-cd6e29971790a646b4432f0b61b33b0b-e5102cea38fc4f4f-00",
        "User-Agent": "azsdk-net-ResourceManager/1.3.0 (.NET Framework 4.8.4510.0; Microsoft Windows 10.0.22000 )",
        "x-ms-client-request-id": "963b2ad6b11fae6565febdd6fdccb6fe",
        "x-ms-return-client-request-id": "true"
      },
      "RequestBody": null,
      "StatusCode": 200,
      "ResponseHeaders": {
        "Cache-Control": "no-cache",
        "Content-Length": "747",
        "Content-Type": "application/json; charset=utf-8",
        "Date": "Tue, 23 Aug 2022 14:16:08 GMT",
        "Expires": "-1",
        "Pragma": "no-cache",
        "Strict-Transport-Security": "max-age=31536000; includeSubDomains",
        "X-Content-Type-Options": "nosniff",
        "x-ms-correlation-request-id": "7842a75c-e65f-4eef-89f5-e469b0730998",
        "x-ms-ratelimit-remaining-subscription-reads": "11989",
        "x-ms-request-id": "7842a75c-e65f-4eef-89f5-e469b0730998",
        "x-ms-routing-request-id": "SOUTHEASTASIA:20220823T141608Z:7842a75c-e65f-4eef-89f5-e469b0730998"
      },
      "ResponseBody": {
        "id": "/subscriptions/db1ab6f0-4769-4b27-930e-01e2ef9c123c",
        "authorizationSource": "RoleBased",
        "managedByTenants": [],
        "tags": {
          "TagKey-9823": "TagValue-566",
          "TagKey-3481": "TagValue-320",
          "TagKey-4926": "TagValue-1187",
          "TagKey-751": "TagValue-3921",
          "TagKey-1866": "TagValue-8559",
          "TagKey-3094": "TagValue-9190",
          "TagKey-2449": "TagValue-9",
          "TagKey-8379": "TagValue-164",
          "TagKey-7470": "TagValue-2205",
          "TagKey-4236": "TagValue-3698",
          "TagKey-5316": "TagValue-2725"
        },
        "subscriptionId": "db1ab6f0-4769-4b27-930e-01e2ef9c123c",
        "tenantId": "72f988bf-86f1-41af-91ab-2d7cd011db47",
        "displayName": ".NET Mgmt SDK Test with TTL = 1 Day",
        "state": "Enabled",
        "subscriptionPolicies": {
          "locationPlacementId": "Internal_2014-09-01",
          "quotaId": "Internal_2014-09-01",
          "spendingLimit": "Off"
        }
      }
    },
    {
      "RequestUri": "https://management.azure.com/subscriptions/db1ab6f0-4769-4b27-930e-01e2ef9c123c/resourcegroups/pgflexrg9197?api-version=2021-04-01",
      "RequestMethod": "PUT",
      "RequestHeaders": {
        "Accept": "application/json",
        "Authorization": "Sanitized",
        "Content-Length": "21",
        "Content-Type": "application/json",
        "traceparent": "00-0e3fac2c94e7af40ab1bf4962bf1c515-c4f19868bc92c948-00",
        "User-Agent": "azsdk-net-ResourceManager/1.3.0 (.NET Framework 4.8.4510.0; Microsoft Windows 10.0.22000 )",
        "x-ms-client-request-id": "a7ec86b7fd63bb71026ea890ea3b7f71",
        "x-ms-return-client-request-id": "true"
      },
      "RequestBody": {
        "location": "eastus"
      },
      "StatusCode": 201,
      "ResponseHeaders": {
        "Cache-Control": "no-cache",
        "Content-Length": "221",
        "Content-Type": "application/json; charset=utf-8",
        "Date": "Tue, 23 Aug 2022 14:16:10 GMT",
        "Expires": "-1",
        "Pragma": "no-cache",
        "Strict-Transport-Security": "max-age=31536000; includeSubDomains",
        "X-Content-Type-Options": "nosniff",
        "x-ms-correlation-request-id": "2e04a491-5933-4e10-a44f-7f4abfca9bd9",
        "x-ms-ratelimit-remaining-subscription-writes": "1198",
        "x-ms-request-id": "2e04a491-5933-4e10-a44f-7f4abfca9bd9",
        "x-ms-routing-request-id": "SOUTHEASTASIA:20220823T141611Z:2e04a491-5933-4e10-a44f-7f4abfca9bd9"
      },
      "ResponseBody": {
        "id": "/subscriptions/db1ab6f0-4769-4b27-930e-01e2ef9c123c/resourceGroups/pgflexrg9197",
        "name": "pgflexrg9197",
        "type": "Microsoft.Resources/resourceGroups",
        "location": "eastus",
        "properties": {
          "provisioningState": "Succeeded"
        }
      }
    },
    {
      "RequestUri": "https://management.azure.com/subscriptions/db1ab6f0-4769-4b27-930e-01e2ef9c123c/resourceGroups/pgflexrg9197/providers/Microsoft.DBforPostgreSQL/flexibleServers/pgflexserver5687?api-version=2021-06-01",
      "RequestMethod": "PUT",
      "RequestHeaders": {
        "Accept": "application/json",
        "Authorization": "Sanitized",
        "Content-Length": "337",
        "Content-Type": "application/json",
        "traceparent": "00-d0dc483df31f1e4892c11cae7cd4ef65-e4f8be5c4cef3e4e-00",
        "User-Agent": "azsdk-net-ResourceManager.PostgreSql/1.0.0-alpha.20220823.1 (.NET Framework 4.8.4510.0; Microsoft Windows 10.0.22000 )",
        "x-ms-client-request-id": "679e9edfc0ce0d14472a19e1b20cc7e3",
        "x-ms-return-client-request-id": "true"
      },
      "RequestBody": {
        "sku": {
          "name": "Standard_D4s_v3",
          "tier": "GeneralPurpose"
        },
        "tags": {},
        "location": "eastus",
        "properties": {
          "administratorLogin": "testUser",
          "administratorLoginPassword": "testPassword1!",
          "version": "13",
          "storage": {
            "storageSizeGB": 128
          },
          "backup": {
            "backupRetentionDays": 7
          },
          "network": {},
          "highAvailability": {
            "mode": "Disabled"
          },
          "createMode": "Create"
        }
      },
      "StatusCode": 202,
      "ResponseHeaders": {
        "Azure-AsyncOperation": "https://management.azure.com/subscriptions/db1ab6f0-4769-4b27-930e-01e2ef9c123c/providers/Microsoft.DBforPostgreSQL/locations/eastus/azureAsyncOperation/8662e044-8369-414a-93fd-a38334aedf05?api-version=2021-06-01",
        "Cache-Control": "no-cache",
        "Content-Length": "88",
        "Content-Type": "application/json; charset=utf-8",
        "Date": "Tue, 23 Aug 2022 14:16:15 GMT",
        "Expires": "-1",
        "Location": "https://management.azure.com/subscriptions/db1ab6f0-4769-4b27-930e-01e2ef9c123c/providers/Microsoft.DBforPostgreSQL/locations/eastus/operationResults/8662e044-8369-414a-93fd-a38334aedf05?api-version=2021-06-01",
        "Pragma": "no-cache",
        "Retry-After": "60",
        "Server": "Microsoft-HTTPAPI/2.0",
        "Strict-Transport-Security": "max-age=31536000; includeSubDomains",
        "X-Content-Type-Options": "nosniff",
        "x-ms-correlation-request-id": "0b1878fa-0654-4074-bcad-f103f9d6be77",
        "x-ms-ratelimit-remaining-subscription-writes": "1197",
        "x-ms-request-id": "8662e044-8369-414a-93fd-a38334aedf05",
        "x-ms-routing-request-id": "SOUTHEASTASIA:20220823T141615Z:0b1878fa-0654-4074-bcad-f103f9d6be77"
      },
      "ResponseBody": {
        "operation": "UpsertServerManagementOperationV2",
        "startTime": "2022-08-23T14:16:15.483Z"
      }
    },
    {
      "RequestUri": "https://management.azure.com/subscriptions/db1ab6f0-4769-4b27-930e-01e2ef9c123c/providers/Microsoft.DBforPostgreSQL/locations/eastus/azureAsyncOperation/8662e044-8369-414a-93fd-a38334aedf05?api-version=2021-06-01",
      "RequestMethod": "GET",
      "RequestHeaders": {
        "Authorization": "Sanitized",
        "traceparent": "00-d0dc483df31f1e4892c11cae7cd4ef65-d8d4f940ef93094d-00",
        "User-Agent": "azsdk-net-ResourceManager/1.3.0 (.NET Framework 4.8.4510.0; Microsoft Windows 10.0.22000 )",
        "x-ms-client-request-id": "17ed78647a60c6e8d8991bd257da4f61",
        "x-ms-return-client-request-id": "true"
      },
      "RequestBody": null,
      "StatusCode": 200,
      "ResponseHeaders": {
        "Cache-Control": "no-cache",
        "Content-Length": "108",
        "Content-Type": "application/json; charset=utf-8",
        "Date": "Tue, 23 Aug 2022 14:16:15 GMT",
        "Expires": "-1",
        "Pragma": "no-cache",
        "Retry-After": "60",
        "Server": "Microsoft-HTTPAPI/2.0",
        "Strict-Transport-Security": "max-age=31536000; includeSubDomains",
        "X-Content-Type-Options": "nosniff",
        "x-ms-correlation-request-id": "53e3ca0f-d9de-43ce-859e-b5964ed9898e",
        "x-ms-ratelimit-remaining-subscription-reads": "11988",
        "x-ms-request-id": "8eedd21b-251a-4356-bc30-84c5b3627507",
        "x-ms-routing-request-id": "SOUTHEASTASIA:20220823T141616Z:53e3ca0f-d9de-43ce-859e-b5964ed9898e"
      },
      "ResponseBody": {
        "name": "8662e044-8369-414a-93fd-a38334aedf05",
        "status": "InProgress",
        "startTime": "2022-08-23T14:16:15.483Z"
      }
    },
    {
      "RequestUri": "https://management.azure.com/subscriptions/db1ab6f0-4769-4b27-930e-01e2ef9c123c/providers/Microsoft.DBforPostgreSQL/locations/eastus/azureAsyncOperation/8662e044-8369-414a-93fd-a38334aedf05?api-version=2021-06-01",
      "RequestMethod": "GET",
      "RequestHeaders": {
        "Authorization": "Sanitized",
        "traceparent": "00-d0dc483df31f1e4892c11cae7cd4ef65-1298bb50df7fff4a-00",
        "User-Agent": "azsdk-net-ResourceManager/1.3.0 (.NET Framework 4.8.4510.0; Microsoft Windows 10.0.22000 )",
        "x-ms-client-request-id": "e1ecace07c056c7171d38cb17d58efcc",
        "x-ms-return-client-request-id": "true"
      },
      "RequestBody": null,
      "StatusCode": 200,
      "ResponseHeaders": {
        "Cache-Control": "no-cache",
        "Content-Length": "108",
        "Content-Type": "application/json; charset=utf-8",
        "Date": "Tue, 23 Aug 2022 14:17:16 GMT",
        "Expires": "-1",
        "Pragma": "no-cache",
        "Retry-After": "60",
        "Server": "Microsoft-HTTPAPI/2.0",
        "Strict-Transport-Security": "max-age=31536000; includeSubDomains",
        "X-Content-Type-Options": "nosniff",
        "x-ms-correlation-request-id": "0e04fb7a-63c0-424d-8301-c1b06105250d",
        "x-ms-ratelimit-remaining-subscription-reads": "11987",
        "x-ms-request-id": "e78c9416-cfc2-436d-b576-ca5716fa7ad8",
        "x-ms-routing-request-id": "SOUTHEASTASIA:20220823T141717Z:0e04fb7a-63c0-424d-8301-c1b06105250d"
      },
      "ResponseBody": {
        "name": "8662e044-8369-414a-93fd-a38334aedf05",
        "status": "InProgress",
        "startTime": "2022-08-23T14:16:15.483Z"
      }
    },
    {
      "RequestUri": "https://management.azure.com/subscriptions/db1ab6f0-4769-4b27-930e-01e2ef9c123c/providers/Microsoft.DBforPostgreSQL/locations/eastus/azureAsyncOperation/8662e044-8369-414a-93fd-a38334aedf05?api-version=2021-06-01",
      "RequestMethod": "GET",
      "RequestHeaders": {
        "Authorization": "Sanitized",
        "traceparent": "00-d0dc483df31f1e4892c11cae7cd4ef65-5cf963c96341ee44-00",
        "User-Agent": "azsdk-net-ResourceManager/1.3.0 (.NET Framework 4.8.4510.0; Microsoft Windows 10.0.22000 )",
        "x-ms-client-request-id": "397ddc67b01f848372b41d79565a7201",
        "x-ms-return-client-request-id": "true"
      },
      "RequestBody": null,
      "StatusCode": 200,
      "ResponseHeaders": {
        "Cache-Control": "no-cache",
        "Content-Length": "108",
        "Content-Type": "application/json; charset=utf-8",
        "Date": "Tue, 23 Aug 2022 14:18:18 GMT",
        "Expires": "-1",
        "Pragma": "no-cache",
        "Retry-After": "60",
        "Server": "Microsoft-HTTPAPI/2.0",
        "Strict-Transport-Security": "max-age=31536000; includeSubDomains",
        "X-Content-Type-Options": "nosniff",
        "x-ms-correlation-request-id": "26f2ed12-a8ca-4e3d-8cb2-28a93de7b3a8",
        "x-ms-ratelimit-remaining-subscription-reads": "11986",
        "x-ms-request-id": "51fef1c5-f589-4c94-829e-aaabfcb586ae",
        "x-ms-routing-request-id": "SOUTHEASTASIA:20220823T141818Z:26f2ed12-a8ca-4e3d-8cb2-28a93de7b3a8"
      },
      "ResponseBody": {
        "name": "8662e044-8369-414a-93fd-a38334aedf05",
        "status": "InProgress",
        "startTime": "2022-08-23T14:16:15.483Z"
      }
    },
    {
      "RequestUri": "https://management.azure.com/subscriptions/db1ab6f0-4769-4b27-930e-01e2ef9c123c/providers/Microsoft.DBforPostgreSQL/locations/eastus/azureAsyncOperation/8662e044-8369-414a-93fd-a38334aedf05?api-version=2021-06-01",
      "RequestMethod": "GET",
      "RequestHeaders": {
        "Authorization": "Sanitized",
        "Connection": "close",
        "traceparent": "00-d0dc483df31f1e4892c11cae7cd4ef65-c331a5e26c864c4b-00",
        "User-Agent": "azsdk-net-ResourceManager/1.3.0 (.NET Framework 4.8.4510.0; Microsoft Windows 10.0.22000 )",
        "x-ms-client-request-id": "71dbe0cde18fe8370780a68cee364880",
        "x-ms-return-client-request-id": "true"
      },
      "RequestBody": null,
      "StatusCode": 200,
      "ResponseHeaders": {
        "Cache-Control": "no-cache",
        "Connection": "close",
        "Content-Length": "108",
        "Content-Type": "application/json; charset=utf-8",
        "Date": "Tue, 23 Aug 2022 14:19:18 GMT",
        "Expires": "-1",
        "Pragma": "no-cache",
        "Retry-After": "60",
        "Server": "Microsoft-HTTPAPI/2.0",
        "Strict-Transport-Security": "max-age=31536000; includeSubDomains",
        "X-Content-Type-Options": "nosniff",
        "x-ms-correlation-request-id": "23517fbe-b5a1-4669-b7a2-5b64405d4b1c",
        "x-ms-ratelimit-remaining-subscription-reads": "11985",
        "x-ms-request-id": "5ffa75d9-8414-4498-8f35-4f1cd648a22a",
        "x-ms-routing-request-id": "SOUTHEASTASIA:20220823T141919Z:23517fbe-b5a1-4669-b7a2-5b64405d4b1c"
      },
      "ResponseBody": {
        "name": "8662e044-8369-414a-93fd-a38334aedf05",
        "status": "InProgress",
        "startTime": "2022-08-23T14:16:15.483Z"
      }
    },
    {
      "RequestUri": "https://management.azure.com/subscriptions/db1ab6f0-4769-4b27-930e-01e2ef9c123c/providers/Microsoft.DBforPostgreSQL/locations/eastus/azureAsyncOperation/8662e044-8369-414a-93fd-a38334aedf05?api-version=2021-06-01",
      "RequestMethod": "GET",
      "RequestHeaders": {
        "Authorization": "Sanitized",
        "traceparent": "00-d0dc483df31f1e4892c11cae7cd4ef65-52d56b914d8fed4a-00",
        "User-Agent": "azsdk-net-ResourceManager/1.3.0 (.NET Framework 4.8.4510.0; Microsoft Windows 10.0.22000 )",
        "x-ms-client-request-id": "7b6b4eaa155d304229676f515ef81516",
        "x-ms-return-client-request-id": "true"
      },
      "RequestBody": null,
      "StatusCode": 200,
      "ResponseHeaders": {
        "Cache-Control": "no-cache",
        "Content-Length": "108",
        "Content-Type": "application/json; charset=utf-8",
        "Date": "Tue, 23 Aug 2022 14:20:19 GMT",
        "Expires": "-1",
        "Pragma": "no-cache",
        "Retry-After": "60",
        "Server": "Microsoft-HTTPAPI/2.0",
        "Strict-Transport-Security": "max-age=31536000; includeSubDomains",
        "X-Content-Type-Options": "nosniff",
        "x-ms-correlation-request-id": "bffcebca-9444-4d7a-aa51-0d2a62bb0162",
        "x-ms-ratelimit-remaining-subscription-reads": "11999",
        "x-ms-request-id": "32c7e541-d56a-49f9-b08f-72c8e52abc01",
        "x-ms-routing-request-id": "SOUTHEASTASIA:20220823T142020Z:bffcebca-9444-4d7a-aa51-0d2a62bb0162"
      },
      "ResponseBody": {
        "name": "8662e044-8369-414a-93fd-a38334aedf05",
        "status": "InProgress",
        "startTime": "2022-08-23T14:16:15.483Z"
      }
    },
    {
      "RequestUri": "https://management.azure.com/subscriptions/db1ab6f0-4769-4b27-930e-01e2ef9c123c/providers/Microsoft.DBforPostgreSQL/locations/eastus/azureAsyncOperation/8662e044-8369-414a-93fd-a38334aedf05?api-version=2021-06-01",
      "RequestMethod": "GET",
      "RequestHeaders": {
        "Authorization": "Sanitized",
        "traceparent": "00-d0dc483df31f1e4892c11cae7cd4ef65-83ac232831f58948-00",
        "User-Agent": "azsdk-net-ResourceManager/1.3.0 (.NET Framework 4.8.4510.0; Microsoft Windows 10.0.22000 )",
        "x-ms-client-request-id": "9de38b607d7c853da494329e09f6963b",
        "x-ms-return-client-request-id": "true"
      },
      "RequestBody": null,
      "StatusCode": 200,
      "ResponseHeaders": {
        "Cache-Control": "no-cache",
        "Content-Length": "108",
        "Content-Type": "application/json; charset=utf-8",
        "Date": "Tue, 23 Aug 2022 14:21:21 GMT",
        "Expires": "-1",
        "Pragma": "no-cache",
        "Retry-After": "60",
        "Server": "Microsoft-HTTPAPI/2.0",
        "Strict-Transport-Security": "max-age=31536000; includeSubDomains",
        "X-Content-Type-Options": "nosniff",
        "x-ms-correlation-request-id": "46724b3e-53c0-40f3-a2f5-3bf89d0f09a9",
        "x-ms-ratelimit-remaining-subscription-reads": "11998",
        "x-ms-request-id": "cf5398e6-59f7-47f8-a481-6c99442b79e0",
        "x-ms-routing-request-id": "SOUTHEASTASIA:20220823T142121Z:46724b3e-53c0-40f3-a2f5-3bf89d0f09a9"
      },
      "ResponseBody": {
        "name": "8662e044-8369-414a-93fd-a38334aedf05",
        "status": "InProgress",
        "startTime": "2022-08-23T14:16:15.483Z"
      }
    },
    {
      "RequestUri": "https://management.azure.com/subscriptions/db1ab6f0-4769-4b27-930e-01e2ef9c123c/providers/Microsoft.DBforPostgreSQL/locations/eastus/azureAsyncOperation/8662e044-8369-414a-93fd-a38334aedf05?api-version=2021-06-01",
      "RequestMethod": "GET",
      "RequestHeaders": {
        "Authorization": "Sanitized",
        "traceparent": "00-d0dc483df31f1e4892c11cae7cd4ef65-aeb3d542748f454e-00",
        "User-Agent": "azsdk-net-ResourceManager/1.3.0 (.NET Framework 4.8.4510.0; Microsoft Windows 10.0.22000 )",
        "x-ms-client-request-id": "07ce9d6bf7efb7a49eab472772e6890e",
        "x-ms-return-client-request-id": "true"
      },
      "RequestBody": null,
      "StatusCode": 200,
      "ResponseHeaders": {
        "Cache-Control": "no-cache",
        "Content-Length": "108",
        "Content-Type": "application/json; charset=utf-8",
        "Date": "Tue, 23 Aug 2022 14:22:22 GMT",
        "Expires": "-1",
        "Pragma": "no-cache",
        "Retry-After": "60",
        "Server": "Microsoft-HTTPAPI/2.0",
        "Strict-Transport-Security": "max-age=31536000; includeSubDomains",
        "X-Content-Type-Options": "nosniff",
        "x-ms-correlation-request-id": "edf7e478-a08f-4af6-9ec8-a3a9449b4a8e",
        "x-ms-ratelimit-remaining-subscription-reads": "11997",
        "x-ms-request-id": "f8bf3374-58dc-4131-96ba-9720b22cb7f7",
        "x-ms-routing-request-id": "SOUTHEASTASIA:20220823T142222Z:edf7e478-a08f-4af6-9ec8-a3a9449b4a8e"
      },
      "ResponseBody": {
        "name": "8662e044-8369-414a-93fd-a38334aedf05",
        "status": "InProgress",
        "startTime": "2022-08-23T14:16:15.483Z"
      }
    },
    {
      "RequestUri": "https://management.azure.com/subscriptions/db1ab6f0-4769-4b27-930e-01e2ef9c123c/providers/Microsoft.DBforPostgreSQL/locations/eastus/azureAsyncOperation/8662e044-8369-414a-93fd-a38334aedf05?api-version=2021-06-01",
      "RequestMethod": "GET",
      "RequestHeaders": {
        "Authorization": "Sanitized",
        "traceparent": "00-d0dc483df31f1e4892c11cae7cd4ef65-a70ca2f996eede4b-00",
        "User-Agent": "azsdk-net-ResourceManager/1.3.0 (.NET Framework 4.8.4510.0; Microsoft Windows 10.0.22000 )",
        "x-ms-client-request-id": "622b8f6bab522d0310e6d7c8e2a32733",
        "x-ms-return-client-request-id": "true"
      },
      "RequestBody": null,
      "StatusCode": 200,
      "ResponseHeaders": {
        "Cache-Control": "no-cache",
        "Content-Length": "107",
        "Content-Type": "application/json; charset=utf-8",
        "Date": "Tue, 23 Aug 2022 14:23:23 GMT",
        "Expires": "-1",
        "Pragma": "no-cache",
        "Retry-After": "60",
        "Server": "Microsoft-HTTPAPI/2.0",
        "Strict-Transport-Security": "max-age=31536000; includeSubDomains",
        "X-Content-Type-Options": "nosniff",
        "x-ms-correlation-request-id": "7a737924-778e-4796-8da0-8b75fcfd9c15",
        "x-ms-ratelimit-remaining-subscription-reads": "11996",
        "x-ms-request-id": "bd6a32c7-b8da-4bff-9c8c-65d7c4bbc497",
        "x-ms-routing-request-id": "SOUTHEASTASIA:20220823T142324Z:7a737924-778e-4796-8da0-8b75fcfd9c15"
      },
      "ResponseBody": {
        "name": "8662e044-8369-414a-93fd-a38334aedf05",
        "status": "Succeeded",
        "startTime": "2022-08-23T14:16:15.483Z"
      }
    },
    {
      "RequestUri": "https://management.azure.com/subscriptions/db1ab6f0-4769-4b27-930e-01e2ef9c123c/resourceGroups/pgflexrg9197/providers/Microsoft.DBforPostgreSQL/flexibleServers/pgflexserver5687?api-version=2021-06-01",
      "RequestMethod": "GET",
      "RequestHeaders": {
        "Authorization": "Sanitized",
        "traceparent": "00-d0dc483df31f1e4892c11cae7cd4ef65-9d23ee0ecf857a4f-00",
        "User-Agent": "azsdk-net-ResourceManager/1.3.0 (.NET Framework 4.8.4510.0; Microsoft Windows 10.0.22000 )",
        "x-ms-client-request-id": "c1e533d10d296927e72bfed1351612bd",
        "x-ms-return-client-request-id": "true"
      },
      "RequestBody": null,
      "StatusCode": 200,
      "ResponseHeaders": {
        "Cache-Control": "no-cache",
        "Content-Length": "869",
        "Content-Type": "application/json; charset=utf-8",
        "Date": "Tue, 23 Aug 2022 14:23:24 GMT",
        "Expires": "-1",
        "Pragma": "no-cache",
        "Server": "Microsoft-HTTPAPI/2.0",
        "Strict-Transport-Security": "max-age=31536000; includeSubDomains",
        "X-Content-Type-Options": "nosniff",
        "x-ms-correlation-request-id": "12a3434d-880a-4ed5-acf6-f89fe9ff3141",
        "x-ms-ratelimit-remaining-subscription-reads": "11995",
        "x-ms-request-id": "ce8ca41a-80e4-4804-bee8-39992b5f1cc8",
        "x-ms-routing-request-id": "SOUTHEASTASIA:20220823T142324Z:12a3434d-880a-4ed5-acf6-f89fe9ff3141"
      },
      "ResponseBody": {
        "sku": {
          "name": "Standard_D4s_v3",
          "tier": "GeneralPurpose"
        },
        "properties": {
          "fullyQualifiedDomainName": "pgflexserver5687.postgres.database.azure.com",
          "version": "13",
          "minorVersion": "7",
          "administratorLogin": "testUser",
          "state": "Ready",
          "availabilityZone": "1",
          "storage": {
            "storageSizeGB": 128
          },
          "backup": {
            "backupRetentionDays": 7,
            "geoRedundantBackup": "Disabled",
            "earliestRestoreDate": "2022-08-23T14:16:20.3579562\u002B00:00"
          },
          "network": {
            "publicNetworkAccess": "Enabled"
          },
          "highAvailability": {
            "mode": "Disabled",
            "state": "NotEnabled"
          },
          "maintenanceWindow": {
            "customWindow": "Disabled",
            "dayOfWeek": 0,
            "startHour": 0,
            "startMinute": 0
          }
        },
        "location": "East US",
        "tags": {},
        "id": "/subscriptions/db1ab6f0-4769-4b27-930e-01e2ef9c123c/resourceGroups/pgflexrg9197/providers/Microsoft.DBforPostgreSQL/flexibleServers/pgflexserver5687",
        "name": "pgflexserver5687",
        "type": "Microsoft.DBforPostgreSQL/flexibleServers"
      }
    },
    {
      "RequestUri": "https://management.azure.com/subscriptions/db1ab6f0-4769-4b27-930e-01e2ef9c123c/resourceGroups/pgflexrg9197/providers/Microsoft.DBforPostgreSQL/flexibleServers/pgflexserver5687?api-version=2021-06-01",
      "RequestMethod": "PATCH",
      "RequestHeaders": {
        "Accept": "application/json",
        "Authorization": "Sanitized",
        "Content-Length": "40",
        "Content-Type": "application/json",
        "traceparent": "00-5945219e581944408c6eb80123b757e9-1c4affa640de024d-00",
        "User-Agent": "azsdk-net-ResourceManager.PostgreSql/1.0.0-alpha.20220823.1 (.NET Framework 4.8.4510.0; Microsoft Windows 10.0.22000 )",
        "x-ms-client-request-id": "7933230b33cabfe899a1f6091fdbd5fa",
        "x-ms-return-client-request-id": "true"
      },
      "RequestBody": {
        "tags": {
          "key": "value"
        },
        "properties": {}
      },
      "StatusCode": 202,
      "ResponseHeaders": {
        "Azure-AsyncOperation": "https://management.azure.com/subscriptions/db1ab6f0-4769-4b27-930e-01e2ef9c123c/providers/Microsoft.DBforPostgreSQL/locations/eastus/azureAsyncOperation/c879ab5a-e24a-49d2-ac74-e41ba81414a2?api-version=2021-06-01",
        "Cache-Control": "no-cache",
        "Content-Length": "87",
        "Content-Type": "application/json; charset=utf-8",
        "Date": "Tue, 23 Aug 2022 14:23:28 GMT",
        "Expires": "-1",
        "Location": "https://management.azure.com/subscriptions/db1ab6f0-4769-4b27-930e-01e2ef9c123c/providers/Microsoft.DBforPostgreSQL/locations/eastus/operationResults/c879ab5a-e24a-49d2-ac74-e41ba81414a2?api-version=2021-06-01",
        "Pragma": "no-cache",
        "Retry-After": "60",
        "Server": "Microsoft-HTTPAPI/2.0",
        "Strict-Transport-Security": "max-age=31536000; includeSubDomains",
        "X-Content-Type-Options": "nosniff",
        "x-ms-correlation-request-id": "60ec2b2b-b303-480a-92c3-d119a05dbbe5",
        "x-ms-ratelimit-remaining-subscription-writes": "1199",
        "x-ms-request-id": "71e9185d-590f-4951-b7e6-92f61db9ffa8",
        "x-ms-routing-request-id": "SOUTHEASTASIA:20220823T142329Z:60ec2b2b-b303-480a-92c3-d119a05dbbe5"
      },
      "ResponseBody": {
        "operation": "UpsertServerManagementOperationV2",
        "startTime": "2022-08-23T14:23:29.05Z"
      }
    },
    {
      "RequestUri": "https://management.azure.com/subscriptions/db1ab6f0-4769-4b27-930e-01e2ef9c123c/providers/Microsoft.DBforPostgreSQL/locations/eastus/azureAsyncOperation/c879ab5a-e24a-49d2-ac74-e41ba81414a2?api-version=2021-06-01",
      "RequestMethod": "GET",
      "RequestHeaders": {
        "Authorization": "Sanitized",
        "traceparent": "00-5945219e581944408c6eb80123b757e9-d29843069034a94f-00",
        "User-Agent": "azsdk-net-ResourceManager/1.3.0 (.NET Framework 4.8.4510.0; Microsoft Windows 10.0.22000 )",
        "x-ms-client-request-id": "bfbd1ad3ad709e684b252888161d4a0b",
        "x-ms-return-client-request-id": "true"
      },
      "RequestBody": null,
      "StatusCode": 200,
      "ResponseHeaders": {
        "Cache-Control": "no-cache",
        "Content-Length": "107",
        "Content-Type": "application/json; charset=utf-8",
        "Date": "Tue, 23 Aug 2022 14:23:28 GMT",
        "Expires": "-1",
        "Pragma": "no-cache",
        "Retry-After": "60",
        "Server": "Microsoft-HTTPAPI/2.0",
        "Strict-Transport-Security": "max-age=31536000; includeSubDomains",
        "X-Content-Type-Options": "nosniff",
        "x-ms-correlation-request-id": "838c2488-f711-4e0d-ab9a-47708ff6b9fd",
        "x-ms-ratelimit-remaining-subscription-reads": "11994",
        "x-ms-request-id": "6b2f4b5c-811d-4878-b895-99101133679a",
        "x-ms-routing-request-id": "SOUTHEASTASIA:20220823T142329Z:838c2488-f711-4e0d-ab9a-47708ff6b9fd"
      },
      "ResponseBody": {
        "name": "c879ab5a-e24a-49d2-ac74-e41ba81414a2",
        "status": "InProgress",
        "startTime": "2022-08-23T14:23:29.05Z"
      }
    },
    {
      "RequestUri": "https://management.azure.com/subscriptions/db1ab6f0-4769-4b27-930e-01e2ef9c123c/providers/Microsoft.DBforPostgreSQL/locations/eastus/azureAsyncOperation/c879ab5a-e24a-49d2-ac74-e41ba81414a2?api-version=2021-06-01",
      "RequestMethod": "GET",
      "RequestHeaders": {
        "Authorization": "Sanitized",
        "traceparent": "00-5945219e581944408c6eb80123b757e9-7ad2391338367a41-00",
        "User-Agent": "azsdk-net-ResourceManager/1.3.0 (.NET Framework 4.8.4510.0; Microsoft Windows 10.0.22000 )",
        "x-ms-client-request-id": "214d0456d3c142bc3ed61108b7c11266",
        "x-ms-return-client-request-id": "true"
      },
      "RequestBody": null,
      "StatusCode": 200,
      "ResponseHeaders": {
        "Cache-Control": "no-cache",
        "Content-Length": "106",
        "Content-Type": "application/json; charset=utf-8",
        "Date": "Tue, 23 Aug 2022 14:24:30 GMT",
        "Expires": "-1",
        "Pragma": "no-cache",
        "Retry-After": "60",
        "Server": "Microsoft-HTTPAPI/2.0",
        "Strict-Transport-Security": "max-age=31536000; includeSubDomains",
        "X-Content-Type-Options": "nosniff",
        "x-ms-correlation-request-id": "31028868-edf1-4a56-a0bb-27e1505983d8",
        "x-ms-ratelimit-remaining-subscription-reads": "11993",
        "x-ms-request-id": "03186c50-5ac4-4b20-a67f-2e3fa1bf069f",
        "x-ms-routing-request-id": "SOUTHEASTASIA:20220823T142430Z:31028868-edf1-4a56-a0bb-27e1505983d8"
      },
      "ResponseBody": {
        "name": "c879ab5a-e24a-49d2-ac74-e41ba81414a2",
        "status": "Succeeded",
        "startTime": "2022-08-23T14:23:29.05Z"
      }
    },
    {
      "RequestUri": "https://management.azure.com/subscriptions/db1ab6f0-4769-4b27-930e-01e2ef9c123c/resourceGroups/pgflexrg9197/providers/Microsoft.DBforPostgreSQL/flexibleServers/pgflexserver5687?api-version=2021-06-01",
      "RequestMethod": "GET",
      "RequestHeaders": {
        "Authorization": "Sanitized",
        "traceparent": "00-5945219e581944408c6eb80123b757e9-0be501469a3bd74f-00",
        "User-Agent": "azsdk-net-ResourceManager/1.3.0 (.NET Framework 4.8.4510.0; Microsoft Windows 10.0.22000 )",
        "x-ms-client-request-id": "0535fca9151ed689abb6f3dba05c464a",
        "x-ms-return-client-request-id": "true"
      },
      "RequestBody": null,
      "StatusCode": 200,
      "ResponseHeaders": {
        "Cache-Control": "no-cache",
        "Content-Length": "882",
        "Content-Type": "application/json; charset=utf-8",
        "Date": "Tue, 23 Aug 2022 14:24:31 GMT",
        "Expires": "-1",
        "Pragma": "no-cache",
        "Server": "Microsoft-HTTPAPI/2.0",
        "Strict-Transport-Security": "max-age=31536000; includeSubDomains",
        "X-Content-Type-Options": "nosniff",
        "x-ms-correlation-request-id": "bab128b4-768c-4dcb-aae4-c59fc40edff4",
        "x-ms-ratelimit-remaining-subscription-reads": "11992",
        "x-ms-request-id": "e1d49859-da28-4f45-8440-9864795d4776",
        "x-ms-routing-request-id": "SOUTHEASTASIA:20220823T142431Z:bab128b4-768c-4dcb-aae4-c59fc40edff4"
      },
      "ResponseBody": {
        "sku": {
          "name": "Standard_D4s_v3",
          "tier": "GeneralPurpose"
        },
        "properties": {
          "fullyQualifiedDomainName": "pgflexserver5687.postgres.database.azure.com",
          "version": "13",
          "minorVersion": "7",
          "administratorLogin": "testUser",
          "state": "Ready",
          "availabilityZone": "1",
          "storage": {
            "storageSizeGB": 128
          },
          "backup": {
            "backupRetentionDays": 7,
            "geoRedundantBackup": "Disabled",
            "earliestRestoreDate": "2022-08-23T14:23:27.8301493\u002B00:00"
          },
          "network": {
            "publicNetworkAccess": "Enabled"
          },
          "highAvailability": {
            "mode": "Disabled",
            "state": "NotEnabled"
          },
          "maintenanceWindow": {
            "customWindow": "Disabled",
            "dayOfWeek": 0,
            "startHour": 0,
            "startMinute": 0
          }
        },
        "location": "East US",
        "tags": {
          "key": "value"
        },
        "id": "/subscriptions/db1ab6f0-4769-4b27-930e-01e2ef9c123c/resourceGroups/pgflexrg9197/providers/Microsoft.DBforPostgreSQL/flexibleServers/pgflexserver5687",
        "name": "pgflexserver5687",
        "type": "Microsoft.DBforPostgreSQL/flexibleServers"
      }
    },
    {
      "RequestUri": "https://management.azure.com/subscriptions/db1ab6f0-4769-4b27-930e-01e2ef9c123c/resourceGroups/pgflexrg9197/providers/Microsoft.DBforPostgreSQL/flexibleServers/pgflexserver5687?api-version=2021-06-01",
      "RequestMethod": "GET",
      "RequestHeaders": {
        "Accept": "application/json",
        "Authorization": "Sanitized",
        "traceparent": "00-87abed9030911a46940f50913a706d8a-c6a59759a47ffd46-00",
        "User-Agent": "azsdk-net-ResourceManager.PostgreSql/1.0.0-alpha.20220823.1 (.NET Framework 4.8.4510.0; Microsoft Windows 10.0.22000 )",
        "x-ms-client-request-id": "a8d07077d6e5ff385d7a809a9c5fe78a",
        "x-ms-return-client-request-id": "true"
      },
      "RequestBody": null,
      "StatusCode": 200,
      "ResponseHeaders": {
        "Cache-Control": "no-cache",
        "Content-Length": "882",
        "Content-Type": "application/json; charset=utf-8",
        "Date": "Tue, 23 Aug 2022 14:24:31 GMT",
        "Expires": "-1",
        "Pragma": "no-cache",
        "Server": "Microsoft-HTTPAPI/2.0",
        "Strict-Transport-Security": "max-age=31536000; includeSubDomains",
        "X-Content-Type-Options": "nosniff",
        "x-ms-correlation-request-id": "4a3be184-e0d5-41b1-bd63-566ad9a77481",
        "x-ms-ratelimit-remaining-subscription-reads": "11991",
        "x-ms-request-id": "d69de269-e8ee-4f1e-b799-fd1cba9eb0bb",
        "x-ms-routing-request-id": "SOUTHEASTASIA:20220823T142432Z:4a3be184-e0d5-41b1-bd63-566ad9a77481"
      },
      "ResponseBody": {
        "sku": {
          "name": "Standard_D4s_v3",
          "tier": "GeneralPurpose"
        },
        "properties": {
          "fullyQualifiedDomainName": "pgflexserver5687.postgres.database.azure.com",
          "version": "13",
          "minorVersion": "7",
          "administratorLogin": "testUser",
          "state": "Ready",
          "availabilityZone": "1",
          "storage": {
            "storageSizeGB": 128
          },
          "backup": {
            "backupRetentionDays": 7,
            "geoRedundantBackup": "Disabled",
            "earliestRestoreDate": "2022-08-23T14:23:27.8301493\u002B00:00"
          },
          "network": {
            "publicNetworkAccess": "Enabled"
          },
          "highAvailability": {
            "mode": "Disabled",
            "state": "NotEnabled"
          },
          "maintenanceWindow": {
            "customWindow": "Disabled",
            "dayOfWeek": 0,
            "startHour": 0,
            "startMinute": 0
          }
        },
        "location": "East US",
        "tags": {
          "key": "value"
        },
        "id": "/subscriptions/db1ab6f0-4769-4b27-930e-01e2ef9c123c/resourceGroups/pgflexrg9197/providers/Microsoft.DBforPostgreSQL/flexibleServers/pgflexserver5687",
        "name": "pgflexserver5687",
        "type": "Microsoft.DBforPostgreSQL/flexibleServers"
      }
    },
    {
      "RequestUri": "https://management.azure.com/subscriptions/db1ab6f0-4769-4b27-930e-01e2ef9c123c/resourceGroups/pgflexrg9197/providers/Microsoft.DBforPostgreSQL/flexibleServers/pgflexserver5687?api-version=2021-06-01",
      "RequestMethod": "DELETE",
      "RequestHeaders": {
        "Accept": "application/json",
        "Authorization": "Sanitized",
        "traceparent": "00-d046e04535383d46a0c416c5c55dfb87-1d1300d4f45bff4e-00",
        "User-Agent": "azsdk-net-ResourceManager.PostgreSql/1.0.0-alpha.20220823.1 (.NET Framework 4.8.4510.0; Microsoft Windows 10.0.22000 )",
        "x-ms-client-request-id": "1adec11345e841ec7a76750ae0e1a2e1",
        "x-ms-return-client-request-id": "true"
      },
      "RequestBody": null,
      "StatusCode": 202,
      "ResponseHeaders": {
        "Azure-AsyncOperation": "https://management.azure.com/subscriptions/db1ab6f0-4769-4b27-930e-01e2ef9c123c/providers/Microsoft.DBforPostgreSQL/locations/East%20US/azureAsyncOperation/ec8321c9-941f-44e2-b432-bedc52c3e3e9?api-version=2021-06-01",
        "Cache-Control": "no-cache",
        "Content-Length": "84",
        "Content-Type": "application/json; charset=utf-8",
        "Date": "Tue, 23 Aug 2022 14:24:32 GMT",
        "Expires": "-1",
        "Location": "https://management.azure.com/subscriptions/db1ab6f0-4769-4b27-930e-01e2ef9c123c/providers/Microsoft.DBforPostgreSQL/locations/East%20US/operationResults/ec8321c9-941f-44e2-b432-bedc52c3e3e9?api-version=2021-06-01",
        "Pragma": "no-cache",
        "Retry-After": "15",
        "Server": "Microsoft-HTTPAPI/2.0",
        "Strict-Transport-Security": "max-age=31536000; includeSubDomains",
        "X-Content-Type-Options": "nosniff",
        "x-ms-correlation-request-id": "74cd8e9a-52ea-465f-9047-2f7129c8dbe2",
        "x-ms-ratelimit-remaining-subscription-deletes": "14999",
        "x-ms-request-id": "ec8321c9-941f-44e2-b432-bedc52c3e3e9",
        "x-ms-routing-request-id": "SOUTHEASTASIA:20220823T142433Z:74cd8e9a-52ea-465f-9047-2f7129c8dbe2"
      },
      "ResponseBody": {
        "operation": "DropServerManagementOperation",
        "startTime": "2022-08-23T14:24:32.807Z"
      }
    },
    {
      "RequestUri": "https://management.azure.com/subscriptions/db1ab6f0-4769-4b27-930e-01e2ef9c123c/providers/Microsoft.DBforPostgreSQL/locations/East%20US/azureAsyncOperation/ec8321c9-941f-44e2-b432-bedc52c3e3e9?api-version=2021-06-01",
      "RequestMethod": "GET",
      "RequestHeaders": {
        "Authorization": "Sanitized",
        "traceparent": "00-d046e04535383d46a0c416c5c55dfb87-74e69ccd0d1e2248-00",
        "User-Agent": "azsdk-net-ResourceManager/1.3.0 (.NET Framework 4.8.4510.0; Microsoft Windows 10.0.22000 )",
        "x-ms-client-request-id": "dfc769cf2c7d3262838e2e6e612d1f7c",
        "x-ms-return-client-request-id": "true"
      },
      "RequestBody": null,
      "StatusCode": 200,
      "ResponseHeaders": {
        "Cache-Control": "no-cache",
        "Content-Length": "108",
        "Content-Type": "application/json; charset=utf-8",
        "Date": "Tue, 23 Aug 2022 14:24:33 GMT",
        "Expires": "-1",
        "Pragma": "no-cache",
        "Retry-After": "15",
        "Server": "Microsoft-HTTPAPI/2.0",
        "Strict-Transport-Security": "max-age=31536000; includeSubDomains",
        "X-Content-Type-Options": "nosniff",
        "x-ms-correlation-request-id": "64c1ef01-d66e-4c88-84d6-8ad01ef62b14",
        "x-ms-ratelimit-remaining-subscription-reads": "11990",
        "x-ms-request-id": "13664a43-6470-47d6-a77c-a2c812450ec8",
        "x-ms-routing-request-id": "SOUTHEASTASIA:20220823T142433Z:64c1ef01-d66e-4c88-84d6-8ad01ef62b14"
      },
      "ResponseBody": {
        "name": "ec8321c9-941f-44e2-b432-bedc52c3e3e9",
        "status": "InProgress",
        "startTime": "2022-08-23T14:24:32.807Z"
      }
    },
    {
      "RequestUri": "https://management.azure.com/subscriptions/db1ab6f0-4769-4b27-930e-01e2ef9c123c/providers/Microsoft.DBforPostgreSQL/locations/East%20US/azureAsyncOperation/ec8321c9-941f-44e2-b432-bedc52c3e3e9?api-version=2021-06-01",
      "RequestMethod": "GET",
      "RequestHeaders": {
        "Authorization": "Sanitized",
        "traceparent": "00-d046e04535383d46a0c416c5c55dfb87-f0f106305bfc3f4b-00",
        "User-Agent": "azsdk-net-ResourceManager/1.3.0 (.NET Framework 4.8.4510.0; Microsoft Windows 10.0.22000 )",
        "x-ms-client-request-id": "d50a9ed89fcda9983f0c56b29d48ac8b",
        "x-ms-return-client-request-id": "true"
      },
      "RequestBody": null,
      "StatusCode": 200,
      "ResponseHeaders": {
        "Cache-Control": "no-cache",
        "Content-Length": "108",
        "Content-Type": "application/json; charset=utf-8",
        "Date": "Tue, 23 Aug 2022 14:24:48 GMT",
        "Expires": "-1",
        "Pragma": "no-cache",
        "Retry-After": "15",
        "Server": "Microsoft-HTTPAPI/2.0",
        "Strict-Transport-Security": "max-age=31536000; includeSubDomains",
        "X-Content-Type-Options": "nosniff",
        "x-ms-correlation-request-id": "b49b4b8b-fe7e-4123-b766-541791cf7a61",
        "x-ms-ratelimit-remaining-subscription-reads": "11989",
        "x-ms-request-id": "0704b58c-cfdf-4fc6-aeec-aa49b4153850",
        "x-ms-routing-request-id": "SOUTHEASTASIA:20220823T142448Z:b49b4b8b-fe7e-4123-b766-541791cf7a61"
      },
      "ResponseBody": {
        "name": "ec8321c9-941f-44e2-b432-bedc52c3e3e9",
        "status": "InProgress",
        "startTime": "2022-08-23T14:24:32.807Z"
      }
    },
    {
      "RequestUri": "https://management.azure.com/subscriptions/db1ab6f0-4769-4b27-930e-01e2ef9c123c/providers/Microsoft.DBforPostgreSQL/locations/East%20US/azureAsyncOperation/ec8321c9-941f-44e2-b432-bedc52c3e3e9?api-version=2021-06-01",
      "RequestMethod": "GET",
      "RequestHeaders": {
        "Authorization": "Sanitized",
        "traceparent": "00-d046e04535383d46a0c416c5c55dfb87-893d24a0302aec49-00",
        "User-Agent": "azsdk-net-ResourceManager/1.3.0 (.NET Framework 4.8.4510.0; Microsoft Windows 10.0.22000 )",
        "x-ms-client-request-id": "773b293cc3196364635fc3623b137196",
        "x-ms-return-client-request-id": "true"
      },
      "RequestBody": null,
      "StatusCode": 200,
      "ResponseHeaders": {
        "Cache-Control": "no-cache",
        "Content-Length": "108",
        "Content-Type": "application/json; charset=utf-8",
        "Date": "Tue, 23 Aug 2022 14:25:03 GMT",
        "Expires": "-1",
        "Pragma": "no-cache",
        "Retry-After": "15",
        "Server": "Microsoft-HTTPAPI/2.0",
        "Strict-Transport-Security": "max-age=31536000; includeSubDomains",
        "X-Content-Type-Options": "nosniff",
        "x-ms-correlation-request-id": "3d0fb8bc-3111-48cf-a36f-fdd396ebb744",
        "x-ms-ratelimit-remaining-subscription-reads": "11988",
        "x-ms-request-id": "73949cbb-27d2-4bb9-8d0d-47722ccbe503",
        "x-ms-routing-request-id": "SOUTHEASTASIA:20220823T142504Z:3d0fb8bc-3111-48cf-a36f-fdd396ebb744"
      },
      "ResponseBody": {
        "name": "ec8321c9-941f-44e2-b432-bedc52c3e3e9",
        "status": "InProgress",
        "startTime": "2022-08-23T14:24:32.807Z"
      }
    },
    {
      "RequestUri": "https://management.azure.com/subscriptions/db1ab6f0-4769-4b27-930e-01e2ef9c123c/providers/Microsoft.DBforPostgreSQL/locations/East%20US/azureAsyncOperation/ec8321c9-941f-44e2-b432-bedc52c3e3e9?api-version=2021-06-01",
      "RequestMethod": "GET",
      "RequestHeaders": {
        "Authorization": "Sanitized",
        "traceparent": "00-d046e04535383d46a0c416c5c55dfb87-fd1365d244c1aa43-00",
        "User-Agent": "azsdk-net-ResourceManager/1.3.0 (.NET Framework 4.8.4510.0; Microsoft Windows 10.0.22000 )",
        "x-ms-client-request-id": "f6cb2b1664e42f7ed01e9f71d6b0943a",
        "x-ms-return-client-request-id": "true"
      },
      "RequestBody": null,
      "StatusCode": 200,
      "ResponseHeaders": {
        "Cache-Control": "no-cache",
        "Content-Length": "107",
        "Content-Type": "application/json; charset=utf-8",
        "Date": "Tue, 23 Aug 2022 14:25:18 GMT",
        "Expires": "-1",
        "Pragma": "no-cache",
        "Retry-After": "15",
        "Server": "Microsoft-HTTPAPI/2.0",
        "Strict-Transport-Security": "max-age=31536000; includeSubDomains",
        "X-Content-Type-Options": "nosniff",
        "x-ms-correlation-request-id": "3409e644-babb-4e1f-8ab9-c327434a0d21",
        "x-ms-ratelimit-remaining-subscription-reads": "11987",
        "x-ms-request-id": "84e4a0c2-0e95-416c-a5c2-c6b8bc6ed7b9",
        "x-ms-routing-request-id": "SOUTHEASTASIA:20220823T142519Z:3409e644-babb-4e1f-8ab9-c327434a0d21"
      },
      "ResponseBody": {
        "name": "ec8321c9-941f-44e2-b432-bedc52c3e3e9",
        "status": "Succeeded",
        "startTime": "2022-08-23T14:24:32.807Z"
      }
    }
  ],
  "Variables": {
    "AZURE_AUTHORITY_HOST": "https://login.microsoftonline.com",
    "RandomSeed": "1600402063",
    "RESOURCE_MANAGER_URL": "https://management.azure.com",
    "SUBSCRIPTION_ID": "db1ab6f0-4769-4b27-930e-01e2ef9c123c"
  }
}
