{
  "Entries": [
    {
      "RequestUri": "https://management.azure.com/subscriptions/db1ab6f0-4769-4b27-930e-01e2ef9c123c?api-version=2021-01-01",
      "RequestMethod": "GET",
      "RequestHeaders": {
        "Accept": "application/json",
        "Authorization": "Sanitized",
        "traceparent": "00-38b8fd20f6fa70db6b8041597aa44310-f742b22aef472cd9-00",
        "User-Agent": "azsdk-net-ResourceManager/1.5.0 (.NET 6.0.16; Microsoft Windows 10.0.22621)",
        "x-ms-client-request-id": "ec5e1a3fc1e4e74999bb7f8fad05f92a",
        "x-ms-return-client-request-id": "true"
      },
      "RequestBody": null,
      "StatusCode": 200,
      "ResponseHeaders": {
        "Cache-Control": "no-cache",
        "Content-Length": "748",
        "Content-Type": "application/json; charset=utf-8",
        "Date": "Fri, 12 May 2023 03:29:23 GMT",
        "Expires": "-1",
        "Pragma": "no-cache",
        "Strict-Transport-Security": "max-age=31536000; includeSubDomains",
        "X-Content-Type-Options": "nosniff",
        "x-ms-correlation-request-id": "edf0c7cf-6a13-4fe0-9ac7-3a1e19d2bc8c",
        "x-ms-ratelimit-remaining-subscription-reads": "11968",
        "x-ms-request-id": "edf0c7cf-6a13-4fe0-9ac7-3a1e19d2bc8c",
        "x-ms-routing-request-id": "SOUTHEASTASIA:20230512T032923Z:edf0c7cf-6a13-4fe0-9ac7-3a1e19d2bc8c"
      },
      "ResponseBody": {
        "id": "/subscriptions/db1ab6f0-4769-4b27-930e-01e2ef9c123c",
        "authorizationSource": "RoleBased",
        "managedByTenants": [],
        "tags": {
          "TagKey-9823": "TagValue-1254",
          "TagKey-3481": "TagValue-320",
          "TagKey-4926": "TagValue-1187",
          "TagKey-751": "TagValue-3921",
          "TagKey-1866": "TagValue-8559",
          "TagKey-3094": "TagValue-9190",
          "TagKey-2449": "TagValue-9",
          "TagKey-8379": "TagValue-164",
          "TagKey-7470": "TagValue-2205",
          "TagKey-4236": "TagValue-3698",
          "TagKey-5316": "TagValue-2725"
        },
        "subscriptionId": "db1ab6f0-4769-4b27-930e-01e2ef9c123c",
        "tenantId": "72f988bf-86f1-41af-91ab-2d7cd011db47",
        "displayName": ".NET Mgmt SDK Test with TTL = 1 Day",
        "state": "Enabled",
        "subscriptionPolicies": {
          "locationPlacementId": "Internal_2014-09-01",
          "quotaId": "Internal_2014-09-01",
          "spendingLimit": "Off"
        }
      }
    },
    {
      "RequestUri": "https://management.azure.com/subscriptions/db1ab6f0-4769-4b27-930e-01e2ef9c123c/resourcegroups/pgflexrg607?api-version=**",
      "RequestMethod": "PUT",
      "RequestHeaders": {
        "Accept": "application/json",
        "Authorization": "Sanitized",
        "Content-Length": "21",
        "Content-Type": "application/json",
        "traceparent": "00-933c8f099f85705c56ae998cba7fce88-fb7d50e0b6e92135-00",
        "User-Agent": "azsdk-net-ResourceManager/1.5.0 (.NET 6.0.16; Microsoft Windows 10.0.22621)",
        "x-ms-client-request-id": "7d60099e252bf3ffb953bbba0c4f76c4",
        "x-ms-return-client-request-id": "true"
      },
      "RequestBody": {
        "location": "eastus"
      },
      "StatusCode": 201,
      "ResponseHeaders": {
        "Cache-Control": "no-cache",
        "Content-Length": "219",
        "Content-Type": "application/json; charset=utf-8",
        "Date": "Fri, 12 May 2023 03:29:25 GMT",
        "Expires": "-1",
        "Pragma": "no-cache",
        "Strict-Transport-Security": "max-age=31536000; includeSubDomains",
        "X-Content-Type-Options": "nosniff",
        "x-ms-correlation-request-id": "6cc404cc-2684-4952-90b2-40c0a9bcaf94",
        "x-ms-ratelimit-remaining-subscription-writes": "1192",
        "x-ms-request-id": "6cc404cc-2684-4952-90b2-40c0a9bcaf94",
        "x-ms-routing-request-id": "SOUTHEASTASIA:20230512T032925Z:6cc404cc-2684-4952-90b2-40c0a9bcaf94"
      },
      "ResponseBody": {
        "id": "/subscriptions/db1ab6f0-4769-4b27-930e-01e2ef9c123c/resourceGroups/pgflexrg607",
        "name": "pgflexrg607",
        "type": "Microsoft.Resources/resourceGroups",
        "location": "eastus",
        "properties": {
          "provisioningState": "Succeeded"
        }
      }
    },
    {
      "RequestUri": "https://management.azure.com/subscriptions/db1ab6f0-4769-4b27-930e-01e2ef9c123c/resourceGroups/pgflexrg607/providers/Microsoft.DBforPostgreSQL/flexibleServers/pgflexserver1646?api-version=2022-12-01",
      "RequestMethod": "PUT",
      "RequestHeaders": {
        "Accept": "application/json",
        "Authorization": "Sanitized",
        "Content-Length": "292",
        "Content-Type": "application/json",
        "traceparent": "00-98445ce2e4c8a6072387c8aae1912516-8483c7c2ed989841-00",
        "User-Agent": "azsdk-net-ResourceManager.PostgreSql/1.2.0-alpha.20230512.1 (.NET 6.0.16; Microsoft Windows 10.0.22621)",
        "x-ms-client-request-id": "53376945d4c54b148c7b470c7c2f299f",
        "x-ms-return-client-request-id": "true"
      },
      "RequestBody": {
        "sku": {
          "name": "Standard_D2s_v3",
          "tier": "GeneralPurpose"
        },
        "tags": {},
        "location": "eastus",
        "properties": {
          "administratorLogin": "testUser",
          "administratorLoginPassword": "testPassword1!",
          "version": "14",
          "storage": {
            "storageSizeGB": 128
          },
          "backup": {
            "geoRedundantBackup": "Enabled"
          },
          "createMode": "Create"
        }
      },
      "StatusCode": 202,
      "ResponseHeaders": {
        "Azure-AsyncOperation": "https://management.azure.com/subscriptions/db1ab6f0-4769-4b27-930e-01e2ef9c123c/providers/Microsoft.DBforPostgreSQL/locations/eastus/azureAsyncOperation/89ec6741-cf11-4167-8dd2-2b866188e106?api-version=2022-12-01",
        "Cache-Control": "no-cache",
        "Content-Length": "87",
        "Content-Type": "application/json; charset=utf-8",
        "Date": "Fri, 12 May 2023 03:29:27 GMT",
        "Expires": "-1",
        "Location": "https://management.azure.com/subscriptions/db1ab6f0-4769-4b27-930e-01e2ef9c123c/providers/Microsoft.DBforPostgreSQL/locations/eastus/operationResults/89ec6741-cf11-4167-8dd2-2b866188e106?api-version=2022-12-01",
        "Pragma": "no-cache",
        "Retry-After": "60",
        "Server": "Microsoft-HTTPAPI/2.0",
        "Strict-Transport-Security": "max-age=31536000; includeSubDomains",
        "X-Content-Type-Options": "nosniff",
        "x-ms-correlation-request-id": "51f1865b-54a4-40ce-9a05-cba08ffcf83c",
        "x-ms-ratelimit-remaining-subscription-writes": "1191",
        "x-ms-request-id": "338ddf46-f868-4f1f-93cc-d337e06ada9e",
        "x-ms-routing-request-id": "SOUTHEASTASIA:20230512T032928Z:51f1865b-54a4-40ce-9a05-cba08ffcf83c"
      },
      "ResponseBody": {
        "operation": "UpsertServerManagementOperationV2",
        "startTime": "2023-05-12T03:29:28.48Z"
      }
    },
    {
      "RequestUri": "https://management.azure.com/subscriptions/db1ab6f0-4769-4b27-930e-01e2ef9c123c/providers/Microsoft.DBforPostgreSQL/locations/eastus/azureAsyncOperation/89ec6741-cf11-4167-8dd2-2b866188e106?api-version=2022-12-01",
      "RequestMethod": "GET",
      "RequestHeaders": {
        "Authorization": "Sanitized",
        "traceparent": "00-98445ce2e4c8a6072387c8aae1912516-23253c684a2b6fa7-00",
        "User-Agent": "azsdk-net-ResourceManager/1.5.0 (.NET 6.0.16; Microsoft Windows 10.0.22621)",
        "x-ms-client-request-id": "acef665a0242ca3cf514f0b0ddf27689",
        "x-ms-return-client-request-id": "true"
      },
      "RequestBody": null,
      "StatusCode": 200,
      "ResponseHeaders": {
        "Cache-Control": "no-cache",
        "Content-Length": "107",
        "Content-Type": "application/json; charset=utf-8",
        "Date": "Fri, 12 May 2023 03:29:28 GMT",
        "Expires": "-1",
        "Pragma": "no-cache",
        "Retry-After": "60",
        "Server": "Microsoft-HTTPAPI/2.0",
        "Strict-Transport-Security": "max-age=31536000; includeSubDomains",
        "X-Content-Type-Options": "nosniff",
        "x-ms-correlation-request-id": "d9226d6f-5e28-45b2-b944-82c43acfe583",
        "x-ms-ratelimit-remaining-subscription-reads": "11967",
        "x-ms-request-id": "548beb1b-1dde-4fe8-bfdd-06fa38671cc1",
        "x-ms-routing-request-id": "SOUTHEASTASIA:20230512T032928Z:d9226d6f-5e28-45b2-b944-82c43acfe583"
      },
      "ResponseBody": {
        "name": "89ec6741-cf11-4167-8dd2-2b866188e106",
        "status": "InProgress",
        "startTime": "2023-05-12T03:29:28.48Z"
      }
    },
    {
      "RequestUri": "https://management.azure.com/subscriptions/db1ab6f0-4769-4b27-930e-01e2ef9c123c/providers/Microsoft.DBforPostgreSQL/locations/eastus/azureAsyncOperation/89ec6741-cf11-4167-8dd2-2b866188e106?api-version=2022-12-01",
      "RequestMethod": "GET",
      "RequestHeaders": {
        "Authorization": "Sanitized",
        "traceparent": "00-98445ce2e4c8a6072387c8aae1912516-75d7fb2191b5db77-00",
        "User-Agent": "azsdk-net-ResourceManager/1.5.0 (.NET 6.0.16; Microsoft Windows 10.0.22621)",
        "x-ms-client-request-id": "22b21b29be09dadbfba1d229df630e1d",
        "x-ms-return-client-request-id": "true"
      },
      "RequestBody": null,
      "StatusCode": 200,
      "ResponseHeaders": {
        "Cache-Control": "no-cache",
        "Content-Length": "107",
        "Content-Type": "application/json; charset=utf-8",
        "Date": "Fri, 12 May 2023 03:30:29 GMT",
        "Expires": "-1",
        "Pragma": "no-cache",
        "Retry-After": "60",
        "Server": "Microsoft-HTTPAPI/2.0",
        "Strict-Transport-Security": "max-age=31536000; includeSubDomains",
        "X-Content-Type-Options": "nosniff",
        "x-ms-correlation-request-id": "38f4518f-748f-4ca0-b927-fdbe62f9f12d",
        "x-ms-ratelimit-remaining-subscription-reads": "11966",
        "x-ms-request-id": "e2e47494-83bf-498b-a302-d7f0b9efad10",
        "x-ms-routing-request-id": "SOUTHEASTASIA:20230512T033030Z:38f4518f-748f-4ca0-b927-fdbe62f9f12d"
      },
      "ResponseBody": {
        "name": "89ec6741-cf11-4167-8dd2-2b866188e106",
        "status": "InProgress",
        "startTime": "2023-05-12T03:29:28.48Z"
      }
    },
    {
      "RequestUri": "https://management.azure.com/subscriptions/db1ab6f0-4769-4b27-930e-01e2ef9c123c/providers/Microsoft.DBforPostgreSQL/locations/eastus/azureAsyncOperation/89ec6741-cf11-4167-8dd2-2b866188e106?api-version=2022-12-01",
      "RequestMethod": "GET",
      "RequestHeaders": {
        "Authorization": "Sanitized",
        "traceparent": "00-98445ce2e4c8a6072387c8aae1912516-31f130a5bfc0416a-00",
        "User-Agent": "azsdk-net-ResourceManager/1.5.0 (.NET 6.0.16; Microsoft Windows 10.0.22621)",
        "x-ms-client-request-id": "15b263f77d40055dad7bc2d47abdb88d",
        "x-ms-return-client-request-id": "true"
      },
      "RequestBody": null,
      "StatusCode": 200,
      "ResponseHeaders": {
        "Cache-Control": "no-cache",
        "Content-Length": "107",
        "Content-Type": "application/json; charset=utf-8",
        "Date": "Fri, 12 May 2023 03:31:30 GMT",
        "Expires": "-1",
        "Pragma": "no-cache",
        "Retry-After": "60",
        "Server": "Microsoft-HTTPAPI/2.0",
        "Strict-Transport-Security": "max-age=31536000; includeSubDomains",
        "X-Content-Type-Options": "nosniff",
        "x-ms-correlation-request-id": "23780d8f-a7a0-4c93-b785-47da8de2faaa",
        "x-ms-ratelimit-remaining-subscription-reads": "11965",
        "x-ms-request-id": "bddb8d2b-decf-4227-87b9-4c837fa6d446",
        "x-ms-routing-request-id": "SOUTHEASTASIA:20230512T033131Z:23780d8f-a7a0-4c93-b785-47da8de2faaa"
      },
      "ResponseBody": {
        "name": "89ec6741-cf11-4167-8dd2-2b866188e106",
        "status": "InProgress",
        "startTime": "2023-05-12T03:29:28.48Z"
      }
    },
    {
      "RequestUri": "https://management.azure.com/subscriptions/db1ab6f0-4769-4b27-930e-01e2ef9c123c/providers/Microsoft.DBforPostgreSQL/locations/eastus/azureAsyncOperation/89ec6741-cf11-4167-8dd2-2b866188e106?api-version=2022-12-01",
      "RequestMethod": "GET",
      "RequestHeaders": {
        "Authorization": "Sanitized",
        "traceparent": "00-98445ce2e4c8a6072387c8aae1912516-f32d49df6d75f285-00",
        "User-Agent": "azsdk-net-ResourceManager/1.5.0 (.NET 6.0.16; Microsoft Windows 10.0.22621)",
        "x-ms-client-request-id": "21876a2561bd9bd98b14b0a13013ea91",
        "x-ms-return-client-request-id": "true"
      },
      "RequestBody": null,
      "StatusCode": 200,
      "ResponseHeaders": {
        "Cache-Control": "no-cache",
        "Content-Length": "106",
        "Content-Type": "application/json; charset=utf-8",
        "Date": "Fri, 12 May 2023 03:32:30 GMT",
        "Expires": "-1",
        "Pragma": "no-cache",
        "Retry-After": "60",
        "Server": "Microsoft-HTTPAPI/2.0",
        "Strict-Transport-Security": "max-age=31536000; includeSubDomains",
        "X-Content-Type-Options": "nosniff",
        "x-ms-correlation-request-id": "4420c3ff-ba2a-4fcc-87c5-8d2f05702d44",
        "x-ms-ratelimit-remaining-subscription-reads": "11964",
        "x-ms-request-id": "71893a3f-5614-49f6-86af-9dc9567a23f1",
        "x-ms-routing-request-id": "SOUTHEASTASIA:20230512T033231Z:4420c3ff-ba2a-4fcc-87c5-8d2f05702d44"
      },
      "ResponseBody": {
        "name": "89ec6741-cf11-4167-8dd2-2b866188e106",
        "status": "Succeeded",
        "startTime": "2023-05-12T03:29:28.48Z"
      }
    },
    {
      "RequestUri": "https://management.azure.com/subscriptions/db1ab6f0-4769-4b27-930e-01e2ef9c123c/resourceGroups/pgflexrg607/providers/Microsoft.DBforPostgreSQL/flexibleServers/pgflexserver1646?api-version=2022-12-01",
      "RequestMethod": "GET",
      "RequestHeaders": {
        "Authorization": "Sanitized",
        "traceparent": "00-98445ce2e4c8a6072387c8aae1912516-b9df96997439fed3-00",
        "User-Agent": "azsdk-net-ResourceManager/1.5.0 (.NET 6.0.16; Microsoft Windows 10.0.22621)",
        "x-ms-client-request-id": "79b9d2066140ac49beac748efc06603e",
        "x-ms-return-client-request-id": "true"
      },
      "RequestBody": null,
      "StatusCode": 200,
      "ResponseHeaders": {
        "Cache-Control": "no-cache",
        "Content-Length": "1088",
        "Content-Type": "application/json; charset=utf-8",
        "Date": "Fri, 12 May 2023 03:32:31 GMT",
        "Expires": "-1",
        "Pragma": "no-cache",
        "Server": "Microsoft-HTTPAPI/2.0",
        "Strict-Transport-Security": "max-age=31536000; includeSubDomains",
        "X-Content-Type-Options": "nosniff",
        "x-ms-correlation-request-id": "a86a3da0-8da1-480c-9436-0221f12ff68a",
        "x-ms-ratelimit-remaining-subscription-reads": "11963",
        "x-ms-request-id": "285df4e3-236f-4583-87bc-1adaf19f6f45",
        "x-ms-routing-request-id": "SOUTHEASTASIA:20230512T033232Z:a86a3da0-8da1-480c-9436-0221f12ff68a"
      },
      "ResponseBody": {
        "sku": {
          "name": "Standard_D2s_v3",
          "tier": "GeneralPurpose"
        },
        "systemData": {
          "createdAt": "2023-05-12T03:29:34.0100885Z"
        },
        "properties": {
          "authConfig": {
            "activeDirectoryAuth": "Disabled",
            "passwordAuth": "Enabled"
          },
          "dataEncryption": {
            "type": "SystemManaged"
          },
          "fullyQualifiedDomainName": "pgflexserver1646.postgres.database.azure.com",
          "version": "14",
          "minorVersion": "7",
          "administratorLogin": "testUser",
          "state": "Ready",
          "availabilityZone": "1",
          "storage": {
            "storageSizeGB": 128
          },
          "backup": {
            "backupRetentionDays": 7,
            "geoRedundantBackup": "Enabled",
            "earliestRestoreDate": "2023-05-12T03:29:34.0100885\u002B00:00"
          },
          "network": {
            "publicNetworkAccess": "Enabled"
          },
          "highAvailability": {
            "mode": "Disabled",
            "state": "NotEnabled"
          },
          "maintenanceWindow": {
            "customWindow": "Disabled",
            "dayOfWeek": 0,
            "startHour": 0,
            "startMinute": 0
          },
          "replicationRole": "Primary",
          "replicaCapacity": 5
        },
        "location": "East US",
        "tags": {},
        "id": "/subscriptions/db1ab6f0-4769-4b27-930e-01e2ef9c123c/resourceGroups/pgflexrg607/providers/Microsoft.DBforPostgreSQL/flexibleServers/pgflexserver1646",
        "name": "pgflexserver1646",
        "type": "Microsoft.DBforPostgreSQL/flexibleServers"
      }
    },
    {
      "RequestUri": "https://management.azure.com/subscriptions/db1ab6f0-4769-4b27-930e-01e2ef9c123c/resourceGroups/pgflexrg607/providers/Microsoft.DBforPostgreSQL/flexibleServers/pgflexserver5103?api-version=2022-12-01",
      "RequestMethod": "PUT",
      "RequestHeaders": {
        "Accept": "application/json",
        "Authorization": "Sanitized",
        "Content-Length": "295",
        "Content-Type": "application/json",
        "traceparent": "00-2666abcb2f56dc10c2a268979b0c1dd1-185b6107fae30c78-00",
        "User-Agent": "azsdk-net-ResourceManager.PostgreSql/1.2.0-alpha.20230512.1 (.NET 6.0.16; Microsoft Windows 10.0.22621)",
        "x-ms-client-request-id": "740345e8ecdb95608a16892ccdbcd59a",
        "x-ms-return-client-request-id": "true"
      },
      "RequestBody": {
        "tags": {},
        "location": "westus",
        "properties": {
          "sourceServerResourceId": "/subscriptions/db1ab6f0-4769-4b27-930e-01e2ef9c123c/resourceGroups/pgflexrg607/providers/Microsoft.DBforPostgreSQL/flexibleServers/pgflexserver1646",
          "pointInTimeUTC": "2023-05-12T03:32:32.2756768Z",
          "createMode": "GeoRestore"
        }
      },
      "StatusCode": 400,
      "ResponseHeaders": {
        "Cache-Control": "no-cache",
        "Content-Length": "143",
        "Content-Type": "application/json; charset=utf-8",
        "Date": "Fri, 12 May 2023 03:32:39 GMT",
        "Expires": "-1",
        "Pragma": "no-cache",
        "Server": "Microsoft-HTTPAPI/2.0",
        "Strict-Transport-Security": "max-age=31536000; includeSubDomains",
        "X-Content-Type-Options": "nosniff",
        "x-ms-correlation-request-id": "b592610e-162e-4ece-83ed-9db3f8199efd",
        "x-ms-ratelimit-remaining-subscription-writes": "1190",
        "x-ms-request-id": "bff5c4a0-5235-4cea-b42e-bb9dffd71aa0",
        "x-ms-routing-request-id": "SOUTHEASTASIA:20230512T033239Z:b592610e-162e-4ece-83ed-9db3f8199efd"
      },
      "ResponseBody": {
        "error": {
          "code": "GeoBackupsNotAvailable",
          "message": "Unable to geo-restore server pgflexserver1646 as its geo-backups are not available yet."
        }
      }
    },
    {
      "RequestUri": "https://management.azure.com/subscriptions/db1ab6f0-4769-4b27-930e-01e2ef9c123c/resourceGroups/pgflexrg607/providers/Microsoft.DBforPostgreSQL/flexibleServers/pgflexserver5103?api-version=2022-12-01",
      "RequestMethod": "PUT",
      "RequestHeaders": {
        "Accept": "application/json",
        "Authorization": "Sanitized",
        "Content-Length": "295",
        "Content-Type": "application/json",
        "traceparent": "00-bff2163c7c8b5828bf77e23e5d4d33ed-561ff5621a4e5020-00",
        "User-Agent": "azsdk-net-ResourceManager.PostgreSql/1.2.0-alpha.20230512.1 (.NET 6.0.16; Microsoft Windows 10.0.22621)",
        "x-ms-client-request-id": "a7ce30903e04c44d21db6210ed4b9f85",
        "x-ms-return-client-request-id": "true"
      },
      "RequestBody": {
        "tags": {},
        "location": "westus",
        "properties": {
          "sourceServerResourceId": "/subscriptions/db1ab6f0-4769-4b27-930e-01e2ef9c123c/resourceGroups/pgflexrg607/providers/Microsoft.DBforPostgreSQL/flexibleServers/pgflexserver1646",
          "pointInTimeUTC": "2023-05-12T03:38:39.5222755Z",
          "createMode": "GeoRestore"
        }
      },
      "StatusCode": 400,
      "ResponseHeaders": {
        "Cache-Control": "no-cache",
        "Content-Length": "143",
        "Content-Type": "application/json; charset=utf-8",
        "Date": "Fri, 12 May 2023 03:38:43 GMT",
        "Expires": "-1",
        "Pragma": "no-cache",
        "Server": "Microsoft-HTTPAPI/2.0",
        "Strict-Transport-Security": "max-age=31536000; includeSubDomains",
        "X-Content-Type-Options": "nosniff",
        "x-ms-correlation-request-id": "78c0a706-1aed-4cf3-ab5e-093f7277e007",
        "x-ms-ratelimit-remaining-subscription-writes": "1199",
        "x-ms-request-id": "f0105012-bf34-459c-918a-58b4fb8e07b4",
        "x-ms-routing-request-id": "SOUTHEASTASIA:20230512T033844Z:78c0a706-1aed-4cf3-ab5e-093f7277e007"
      },
      "ResponseBody": {
        "error": {
          "code": "GeoBackupsNotAvailable",
          "message": "Unable to geo-restore server pgflexserver1646 as its geo-backups are not available yet."
        }
      }
    },
    {
      "RequestUri": "https://management.azure.com/subscriptions/db1ab6f0-4769-4b27-930e-01e2ef9c123c/resourceGroups/pgflexrg607/providers/Microsoft.DBforPostgreSQL/flexibleServers/pgflexserver5103?api-version=2022-12-01",
      "RequestMethod": "PUT",
      "RequestHeaders": {
        "Accept": "application/json",
        "Authorization": "Sanitized",
        "Content-Length": "295",
        "Content-Type": "application/json",
        "traceparent": "00-84167983507ee196cf81ef0a778fea6b-43743ba61337137c-00",
        "User-Agent": "azsdk-net-ResourceManager.PostgreSql/1.2.0-alpha.20230512.1 (.NET 6.0.16; Microsoft Windows 10.0.22621)",
        "x-ms-client-request-id": "eab871b3760f19b67223ef29d81ddf02",
        "x-ms-return-client-request-id": "true"
      },
      "RequestBody": {
        "tags": {},
        "location": "westus",
        "properties": {
          "sourceServerResourceId": "/subscriptions/db1ab6f0-4769-4b27-930e-01e2ef9c123c/resourceGroups/pgflexrg607/providers/Microsoft.DBforPostgreSQL/flexibleServers/pgflexserver1646",
          "pointInTimeUTC": "2023-05-12T03:44:44.9368392Z",
          "createMode": "GeoRestore"
        }
      },
      "StatusCode": 400,
      "ResponseHeaders": {
        "Cache-Control": "no-cache",
        "Content-Length": "143",
        "Content-Type": "application/json; charset=utf-8",
        "Date": "Fri, 12 May 2023 03:44:52 GMT",
        "Expires": "-1",
        "Pragma": "no-cache",
        "Server": "Microsoft-HTTPAPI/2.0",
        "Strict-Transport-Security": "max-age=31536000; includeSubDomains",
        "X-Content-Type-Options": "nosniff",
        "x-ms-correlation-request-id": "6707b74d-4fa6-4a51-8e85-5021d6dd4dd2",
        "x-ms-ratelimit-remaining-subscription-writes": "1199",
        "x-ms-request-id": "aeee5ca6-2f0a-4110-a0c7-b41b4971715e",
        "x-ms-routing-request-id": "SOUTHEASTASIA:20230512T034452Z:6707b74d-4fa6-4a51-8e85-5021d6dd4dd2"
      },
      "ResponseBody": {
        "error": {
          "code": "GeoBackupsNotAvailable",
          "message": "Unable to geo-restore server pgflexserver1646 as its geo-backups are not available yet."
        }
      }
    },
    {
      "RequestUri": "https://management.azure.com/subscriptions/db1ab6f0-4769-4b27-930e-01e2ef9c123c/resourceGroups/pgflexrg607/providers/Microsoft.DBforPostgreSQL/flexibleServers/pgflexserver5103?api-version=2022-12-01",
      "RequestMethod": "PUT",
      "RequestHeaders": {
        "Accept": "application/json",
        "Authorization": "Sanitized",
        "Content-Length": "295",
        "Content-Type": "application/json",
        "traceparent": "00-b1b4ef97f00717d6f325191d2101619d-9eb629c91a7dd00d-00",
        "User-Agent": "azsdk-net-ResourceManager.PostgreSql/1.2.0-alpha.20230512.1 (.NET 6.0.16; Microsoft Windows 10.0.22621)",
        "x-ms-client-request-id": "cbfed9d6b837aa3af83f5300894fa83f",
        "x-ms-return-client-request-id": "true"
      },
      "RequestBody": {
        "tags": {},
        "location": "westus",
        "properties": {
          "sourceServerResourceId": "/subscriptions/db1ab6f0-4769-4b27-930e-01e2ef9c123c/resourceGroups/pgflexrg607/providers/Microsoft.DBforPostgreSQL/flexibleServers/pgflexserver1646",
          "pointInTimeUTC": "2023-05-12T03:50:52.5881283Z",
          "createMode": "GeoRestore"
        }
      },
      "StatusCode": 400,
      "ResponseHeaders": {
        "Cache-Control": "no-cache",
        "Content-Length": "143",
        "Content-Type": "application/json; charset=utf-8",
        "Date": "Fri, 12 May 2023 03:50:58 GMT",
        "Expires": "-1",
        "Pragma": "no-cache",
        "Server": "Microsoft-HTTPAPI/2.0",
        "Strict-Transport-Security": "max-age=31536000; includeSubDomains",
        "X-Content-Type-Options": "nosniff",
        "x-ms-correlation-request-id": "beac0432-631a-4cb9-8b8e-7f7dabe18db6",
        "x-ms-ratelimit-remaining-subscription-writes": "1199",
        "x-ms-request-id": "57fe828d-98ba-4ff6-a6d6-ca3129ed05c2",
        "x-ms-routing-request-id": "SOUTHEASTASIA:20230512T035058Z:beac0432-631a-4cb9-8b8e-7f7dabe18db6"
      },
      "ResponseBody": {
        "error": {
          "code": "GeoBackupsNotAvailable",
          "message": "Unable to geo-restore server pgflexserver1646 as its geo-backups are not available yet."
        }
      }
    },
    {
      "RequestUri": "https://management.azure.com/subscriptions/db1ab6f0-4769-4b27-930e-01e2ef9c123c/resourceGroups/pgflexrg607/providers/Microsoft.DBforPostgreSQL/flexibleServers/pgflexserver5103?api-version=2022-12-01",
      "RequestMethod": "PUT",
      "RequestHeaders": {
        "Accept": "application/json",
        "Authorization": "Sanitized",
        "Content-Length": "295",
        "Content-Type": "application/json",
        "traceparent": "00-32ef21727acd3809a5090026de1c3566-dbe0424e6f02c7e6-00",
        "User-Agent": "azsdk-net-ResourceManager.PostgreSql/1.2.0-alpha.20230512.1 (.NET 6.0.16; Microsoft Windows 10.0.22621)",
        "x-ms-client-request-id": "5b780377ea031a8b79b535e04f23eb03",
        "x-ms-return-client-request-id": "true"
      },
      "RequestBody": {
        "tags": {},
        "location": "westus",
        "properties": {
          "sourceServerResourceId": "/subscriptions/db1ab6f0-4769-4b27-930e-01e2ef9c123c/resourceGroups/pgflexrg607/providers/Microsoft.DBforPostgreSQL/flexibleServers/pgflexserver1646",
          "pointInTimeUTC": "2023-05-12T03:56:58.6903928Z",
          "createMode": "GeoRestore"
        }
      },
      "StatusCode": 400,
      "ResponseHeaders": {
        "Cache-Control": "no-cache",
        "Content-Length": "143",
        "Content-Type": "application/json; charset=utf-8",
        "Date": "Fri, 12 May 2023 03:57:03 GMT",
        "Expires": "-1",
        "Pragma": "no-cache",
        "Server": "Microsoft-HTTPAPI/2.0",
        "Strict-Transport-Security": "max-age=31536000; includeSubDomains",
        "X-Content-Type-Options": "nosniff",
        "x-ms-correlation-request-id": "7a1e1dc4-7421-4c1b-9ce8-b755742c6325",
        "x-ms-ratelimit-remaining-subscription-writes": "1199",
        "x-ms-request-id": "56071041-ba49-4dbf-ba63-bc32d27ca11f",
        "x-ms-routing-request-id": "SOUTHEASTASIA:20230512T035703Z:7a1e1dc4-7421-4c1b-9ce8-b755742c6325"
      },
      "ResponseBody": {
        "error": {
          "code": "GeoBackupsNotAvailable",
          "message": "Unable to geo-restore server pgflexserver1646 as its geo-backups are not available yet."
        }
      }
    },
    {
      "RequestUri": "https://management.azure.com/subscriptions/db1ab6f0-4769-4b27-930e-01e2ef9c123c/resourceGroups/pgflexrg607/providers/Microsoft.DBforPostgreSQL/flexibleServers/pgflexserver5103?api-version=2022-12-01",
      "RequestMethod": "PUT",
      "RequestHeaders": {
        "Accept": "application/json",
        "Authorization": "Sanitized",
        "Content-Length": "295",
        "Content-Type": "application/json",
        "traceparent": "00-58bc2e89e620d69dd17f0912c82f27bf-c47459dccd24dfc1-00",
        "User-Agent": "azsdk-net-ResourceManager.PostgreSql/1.2.0-alpha.20230512.1 (.NET 6.0.16; Microsoft Windows 10.0.22621)",
        "x-ms-client-request-id": "133960fbd34dfa4d370ef2d022b68f23",
        "x-ms-return-client-request-id": "true"
      },
      "RequestBody": {
        "tags": {},
        "location": "westus",
        "properties": {
          "sourceServerResourceId": "/subscriptions/db1ab6f0-4769-4b27-930e-01e2ef9c123c/resourceGroups/pgflexrg607/providers/Microsoft.DBforPostgreSQL/flexibleServers/pgflexserver1646",
          "pointInTimeUTC": "2023-05-12T04:03:03.4856145Z",
          "createMode": "GeoRestore"
        }
      },
      "StatusCode": 202,
      "ResponseHeaders": {
        "Azure-AsyncOperation": "https://management.azure.com/subscriptions/db1ab6f0-4769-4b27-930e-01e2ef9c123c/providers/Microsoft.DBforPostgreSQL/locations/westus/azureAsyncOperation/445aea63-63d7-4771-89b8-d0a2f81e8dba?api-version=2022-12-01",
        "Cache-Control": "no-cache",
        "Content-Length": "88",
        "Content-Type": "application/json; charset=utf-8",
        "Date": "Fri, 12 May 2023 04:03:09 GMT",
        "Expires": "-1",
        "Location": "https://management.azure.com/subscriptions/db1ab6f0-4769-4b27-930e-01e2ef9c123c/providers/Microsoft.DBforPostgreSQL/locations/westus/operationResults/445aea63-63d7-4771-89b8-d0a2f81e8dba?api-version=2022-12-01",
        "Pragma": "no-cache",
        "Retry-After": "60",
        "Server": "Microsoft-HTTPAPI/2.0",
        "Strict-Transport-Security": "max-age=31536000; includeSubDomains",
        "X-Content-Type-Options": "nosniff",
        "x-ms-correlation-request-id": "ae4ef674-de1b-44bf-bba4-f52979800174",
        "x-ms-ratelimit-remaining-subscription-writes": "1199",
        "x-ms-request-id": "9c34ab4a-1443-43e6-bfb6-6cb1bd56999d",
        "x-ms-routing-request-id": "SOUTHEASTASIA:20230512T040310Z:ae4ef674-de1b-44bf-bba4-f52979800174"
      },
      "ResponseBody": {
        "operation": "RestoreSnapshotManagementOperation",
        "startTime": "2023-05-12T04:03:10.09Z"
      }
    },
    {
      "RequestUri": "https://management.azure.com/subscriptions/db1ab6f0-4769-4b27-930e-01e2ef9c123c/providers/Microsoft.DBforPostgreSQL/locations/westus/azureAsyncOperation/445aea63-63d7-4771-89b8-d0a2f81e8dba?api-version=2022-12-01",
      "RequestMethod": "GET",
      "RequestHeaders": {
        "Authorization": "Sanitized",
        "traceparent": "00-58bc2e89e620d69dd17f0912c82f27bf-34819c03fca06d98-00",
        "User-Agent": "azsdk-net-ResourceManager/1.5.0 (.NET 6.0.16; Microsoft Windows 10.0.22621)",
        "x-ms-client-request-id": "290450539415a3f2b67d23f5f8baf7c3",
        "x-ms-return-client-request-id": "true"
      },
      "RequestBody": null,
      "StatusCode": 200,
      "ResponseHeaders": {
        "Cache-Control": "no-cache",
        "Content-Length": "107",
        "Content-Type": "application/json; charset=utf-8",
        "Date": "Fri, 12 May 2023 04:03:09 GMT",
        "Expires": "-1",
        "Pragma": "no-cache",
        "Retry-After": "60",
        "Server": "Microsoft-HTTPAPI/2.0",
        "Strict-Transport-Security": "max-age=31536000; includeSubDomains",
        "X-Content-Type-Options": "nosniff",
        "x-ms-correlation-request-id": "a41b781b-0e8d-40dd-9d18-e925adc0f944",
        "x-ms-ratelimit-remaining-subscription-reads": "11999",
        "x-ms-request-id": "9c2af579-a18e-4d5c-9c82-1b3843ec25c2",
        "x-ms-routing-request-id": "SOUTHEASTASIA:20230512T040310Z:a41b781b-0e8d-40dd-9d18-e925adc0f944"
      },
      "ResponseBody": {
        "name": "445aea63-63d7-4771-89b8-d0a2f81e8dba",
        "status": "InProgress",
        "startTime": "2023-05-12T04:03:10.09Z"
      }
    },
    {
      "RequestUri": "https://management.azure.com/subscriptions/db1ab6f0-4769-4b27-930e-01e2ef9c123c/providers/Microsoft.DBforPostgreSQL/locations/westus/azureAsyncOperation/445aea63-63d7-4771-89b8-d0a2f81e8dba?api-version=2022-12-01",
      "RequestMethod": "GET",
      "RequestHeaders": {
        "Authorization": "Sanitized",
        "traceparent": "00-58bc2e89e620d69dd17f0912c82f27bf-13f8dc3c4c0e5856-00",
        "User-Agent": "azsdk-net-ResourceManager/1.5.0 (.NET 6.0.16; Microsoft Windows 10.0.22621)",
        "x-ms-client-request-id": "9e6611251771775e614dc56982ca77de",
        "x-ms-return-client-request-id": "true"
      },
      "RequestBody": null,
      "StatusCode": 200,
      "ResponseHeaders": {
        "Cache-Control": "no-cache",
        "Content-Length": "107",
        "Content-Type": "application/json; charset=utf-8",
        "Date": "Fri, 12 May 2023 04:04:11 GMT",
        "Expires": "-1",
        "Pragma": "no-cache",
        "Retry-After": "60",
        "Server": "Microsoft-HTTPAPI/2.0",
        "Strict-Transport-Security": "max-age=31536000; includeSubDomains",
        "X-Content-Type-Options": "nosniff",
        "x-ms-correlation-request-id": "b1cedc62-b82f-4fb4-9b32-dd8740aa3c48",
        "x-ms-ratelimit-remaining-subscription-reads": "11998",
        "x-ms-request-id": "2c699766-bde3-4718-a6b1-e6a3e391a15c",
        "x-ms-routing-request-id": "SOUTHEASTASIA:20230512T040411Z:b1cedc62-b82f-4fb4-9b32-dd8740aa3c48"
      },
      "ResponseBody": {
        "name": "445aea63-63d7-4771-89b8-d0a2f81e8dba",
        "status": "InProgress",
        "startTime": "2023-05-12T04:03:10.09Z"
      }
    },
    {
      "RequestUri": "https://management.azure.com/subscriptions/db1ab6f0-4769-4b27-930e-01e2ef9c123c/providers/Microsoft.DBforPostgreSQL/locations/westus/azureAsyncOperation/445aea63-63d7-4771-89b8-d0a2f81e8dba?api-version=2022-12-01",
      "RequestMethod": "GET",
      "RequestHeaders": {
        "Authorization": "Sanitized",
        "traceparent": "00-58bc2e89e620d69dd17f0912c82f27bf-10174fd36f912d13-00",
        "User-Agent": "azsdk-net-ResourceManager/1.5.0 (.NET 6.0.16; Microsoft Windows 10.0.22621)",
        "x-ms-client-request-id": "d27c1eb365b2e60dbe0f1d276009f493",
        "x-ms-return-client-request-id": "true"
      },
      "RequestBody": null,
      "StatusCode": 200,
      "ResponseHeaders": {
        "Cache-Control": "no-cache",
        "Content-Length": "107",
        "Content-Type": "application/json; charset=utf-8",
        "Date": "Fri, 12 May 2023 04:05:11 GMT",
        "Expires": "-1",
        "Pragma": "no-cache",
        "Retry-After": "60",
        "Server": "Microsoft-HTTPAPI/2.0",
        "Strict-Transport-Security": "max-age=31536000; includeSubDomains",
        "X-Content-Type-Options": "nosniff",
        "x-ms-correlation-request-id": "261d4217-f723-45f4-9139-2706b323faee",
        "x-ms-ratelimit-remaining-subscription-reads": "11997",
        "x-ms-request-id": "1b2a7a70-534e-4c4c-9759-57e761e080d2",
        "x-ms-routing-request-id": "SOUTHEASTASIA:20230512T040512Z:261d4217-f723-45f4-9139-2706b323faee"
      },
      "ResponseBody": {
        "name": "445aea63-63d7-4771-89b8-d0a2f81e8dba",
        "status": "InProgress",
        "startTime": "2023-05-12T04:03:10.09Z"
      }
    },
    {
      "RequestUri": "https://management.azure.com/subscriptions/db1ab6f0-4769-4b27-930e-01e2ef9c123c/providers/Microsoft.DBforPostgreSQL/locations/westus/azureAsyncOperation/445aea63-63d7-4771-89b8-d0a2f81e8dba?api-version=2022-12-01",
      "RequestMethod": "GET",
      "RequestHeaders": {
        "Authorization": "Sanitized",
        "traceparent": "00-58bc2e89e620d69dd17f0912c82f27bf-8bbb6dce89f1ecda-00",
        "User-Agent": "azsdk-net-ResourceManager/1.5.0 (.NET 6.0.16; Microsoft Windows 10.0.22621)",
        "x-ms-client-request-id": "715d8eebbcf33b63f18cc7c7cf8821eb",
        "x-ms-return-client-request-id": "true"
      },
      "RequestBody": null,
      "StatusCode": 200,
      "ResponseHeaders": {
        "Cache-Control": "no-cache",
        "Content-Length": "107",
        "Content-Type": "application/json; charset=utf-8",
        "Date": "Fri, 12 May 2023 04:06:12 GMT",
        "Expires": "-1",
        "Pragma": "no-cache",
        "Retry-After": "60",
        "Server": "Microsoft-HTTPAPI/2.0",
        "Strict-Transport-Security": "max-age=31536000; includeSubDomains",
        "X-Content-Type-Options": "nosniff",
        "x-ms-correlation-request-id": "3b99bf51-1c41-4307-9186-03beffcac352",
        "x-ms-ratelimit-remaining-subscription-reads": "11996",
        "x-ms-request-id": "7751bb61-728c-442d-ac53-0302156db5d2",
        "x-ms-routing-request-id": "SOUTHEASTASIA:20230512T040612Z:3b99bf51-1c41-4307-9186-03beffcac352"
      },
      "ResponseBody": {
        "name": "445aea63-63d7-4771-89b8-d0a2f81e8dba",
        "status": "InProgress",
        "startTime": "2023-05-12T04:03:10.09Z"
      }
    },
    {
      "RequestUri": "https://management.azure.com/subscriptions/db1ab6f0-4769-4b27-930e-01e2ef9c123c/providers/Microsoft.DBforPostgreSQL/locations/westus/azureAsyncOperation/445aea63-63d7-4771-89b8-d0a2f81e8dba?api-version=2022-12-01",
      "RequestMethod": "GET",
      "RequestHeaders": {
        "Authorization": "Sanitized",
        "traceparent": "00-58bc2e89e620d69dd17f0912c82f27bf-bc19e3f87757fb0b-00",
        "User-Agent": "azsdk-net-ResourceManager/1.5.0 (.NET 6.0.16; Microsoft Windows 10.0.22621)",
        "x-ms-client-request-id": "d9424406253dbf110480df61fa361658",
        "x-ms-return-client-request-id": "true"
      },
      "RequestBody": null,
      "StatusCode": 200,
      "ResponseHeaders": {
        "Cache-Control": "no-cache",
        "Content-Length": "106",
        "Content-Type": "application/json; charset=utf-8",
        "Date": "Fri, 12 May 2023 04:07:13 GMT",
        "Expires": "-1",
        "Pragma": "no-cache",
        "Retry-After": "60",
        "Server": "Microsoft-HTTPAPI/2.0",
        "Strict-Transport-Security": "max-age=31536000; includeSubDomains",
        "X-Content-Type-Options": "nosniff",
        "x-ms-correlation-request-id": "81c3932c-da5d-430b-b7f3-25466fd9d681",
        "x-ms-ratelimit-remaining-subscription-reads": "11995",
        "x-ms-request-id": "be98b372-91ca-4033-a50c-7b83685ccb9a",
        "x-ms-routing-request-id": "SOUTHEASTASIA:20230512T040713Z:81c3932c-da5d-430b-b7f3-25466fd9d681"
      },
      "ResponseBody": {
        "name": "445aea63-63d7-4771-89b8-d0a2f81e8dba",
        "status": "Succeeded",
        "startTime": "2023-05-12T04:03:10.09Z"
      }
    },
    {
      "RequestUri": "https://management.azure.com/subscriptions/db1ab6f0-4769-4b27-930e-01e2ef9c123c/resourceGroups/pgflexrg607/providers/Microsoft.DBforPostgreSQL/flexibleServers/pgflexserver5103?api-version=2022-12-01",
      "RequestMethod": "GET",
      "RequestHeaders": {
        "Authorization": "Sanitized",
        "traceparent": "00-58bc2e89e620d69dd17f0912c82f27bf-eaa7257a7e362763-00",
        "User-Agent": "azsdk-net-ResourceManager/1.5.0 (.NET 6.0.16; Microsoft Windows 10.0.22621)",
        "x-ms-client-request-id": "f37d3159056df6ebba41e0259e451635",
        "x-ms-return-client-request-id": "true"
      },
      "RequestBody": null,
      "StatusCode": 200,
      "ResponseHeaders": {
        "Cache-Control": "no-cache",
        "Content-Length": "1066",
        "Content-Type": "application/json; charset=utf-8",
        "Date": "Fri, 12 May 2023 04:07:13 GMT",
        "Expires": "-1",
        "Pragma": "no-cache",
        "Server": "Microsoft-HTTPAPI/2.0",
        "Strict-Transport-Security": "max-age=31536000; includeSubDomains",
        "X-Content-Type-Options": "nosniff",
        "x-ms-correlation-request-id": "2179663d-73cd-4570-abcf-cec744069d74",
        "x-ms-ratelimit-remaining-subscription-reads": "11994",
        "x-ms-request-id": "26666dc7-7ffc-4df4-9f26-8ca4afd3fc67",
        "x-ms-routing-request-id": "SOUTHEASTASIA:20230512T040714Z:2179663d-73cd-4570-abcf-cec744069d74"
      },
      "ResponseBody": {
        "sku": {
          "name": "Standard_D2s_v3",
          "tier": "GeneralPurpose"
        },
        "systemData": {
          "createdAt": "2023-05-12T04:03:17.4947786Z"
        },
        "properties": {
          "authConfig": {
            "activeDirectoryAuth": "Disabled",
            "passwordAuth": "Enabled"
          },
          "dataEncryption": {
            "type": "SystemManaged"
          },
          "fullyQualifiedDomainName": "pgflexserver5103.postgres.database.azure.com",
          "version": "14",
          "minorVersion": "7",
          "administratorLogin": "testUser",
          "state": "Ready",
          "storage": {
            "storageSizeGB": 128
          },
          "backup": {
            "backupRetentionDays": 7,
            "geoRedundantBackup": "Disabled",
            "earliestRestoreDate": "2023-05-12T04:03:17.4947786\u002B00:00"
          },
          "network": {
            "publicNetworkAccess": "Enabled"
          },
          "highAvailability": {
            "mode": "Disabled",
            "state": "NotEnabled"
          },
          "maintenanceWindow": {
            "customWindow": "Disabled",
            "dayOfWeek": 0,
            "startHour": 0,
            "startMinute": 0
          },
          "replicationRole": "Primary",
          "replicaCapacity": 5
        },
        "location": "West US",
        "tags": {},
        "id": "/subscriptions/db1ab6f0-4769-4b27-930e-01e2ef9c123c/resourceGroups/pgflexrg607/providers/Microsoft.DBforPostgreSQL/flexibleServers/pgflexserver5103",
        "name": "pgflexserver5103",
        "type": "Microsoft.DBforPostgreSQL/flexibleServers"
      }
    },
    {
      "RequestUri": "https://management.azure.com/subscriptions/db1ab6f0-4769-4b27-930e-01e2ef9c123c/resourcegroups/pgflexrg607?api-version=**",
      "RequestMethod": "GET",
      "RequestHeaders": {
        "Accept": "application/json",
        "Authorization": "Sanitized",
        "traceparent": "00-7bae080d435698b246a30ee154330b16-40198b21159edb8d-00",
        "User-Agent": "azsdk-net-ResourceManager/1.5.0 (.NET 6.0.16; Microsoft Windows 10.0.22621)",
        "x-ms-client-request-id": "1c2131ee1ac6c6567c9d6d73dc0141ba",
        "x-ms-return-client-request-id": "true"
      },
      "RequestBody": null,
      "StatusCode": 200,
      "ResponseHeaders": {
        "Cache-Control": "no-cache",
        "Content-Length": "219",
        "Content-Type": "application/json; charset=utf-8",
        "Date": "Fri, 12 May 2023 04:07:13 GMT",
        "Expires": "-1",
        "Pragma": "no-cache",
        "Strict-Transport-Security": "max-age=31536000; includeSubDomains",
        "X-Content-Type-Options": "nosniff",
        "x-ms-correlation-request-id": "f90004d1-e7c9-4348-be22-f82ba34149e9",
        "x-ms-ratelimit-remaining-subscription-reads": "11993",
        "x-ms-request-id": "f90004d1-e7c9-4348-be22-f82ba34149e9",
        "x-ms-routing-request-id": "SOUTHEASTASIA:20230512T040714Z:f90004d1-e7c9-4348-be22-f82ba34149e9"
      },
      "ResponseBody": {
        "id": "/subscriptions/db1ab6f0-4769-4b27-930e-01e2ef9c123c/resourceGroups/pgflexrg607",
        "name": "pgflexrg607",
        "type": "Microsoft.Resources/resourceGroups",
        "location": "eastus",
        "properties": {
          "provisioningState": "Succeeded"
        }
      }
    },
    {
      "RequestUri": "https://management.azure.com/subscriptions/db1ab6f0-4769-4b27-930e-01e2ef9c123c/resourceGroups/pgflexrg607/providers/Microsoft.Network/virtualNetworks/vnet6377?api-version=**",
      "RequestMethod": "PUT",
      "RequestHeaders": {
        "Accept": "application/json",
        "Authorization": "Sanitized",
        "Content-Length": "398",
        "Content-Type": "application/json",
        "traceparent": "00-8baa6eb12d41d4dae047e20063ecdbb3-2d6cc9d51957e297-00",
        "User-Agent": "azsdk-net-ResourceManager.Network/1.1.0 (.NET 6.0.16; Microsoft Windows 10.0.22621)",
        "x-ms-client-request-id": "9e6e6f762d0b017e594b1ffc45ec21be",
        "x-ms-return-client-request-id": "true"
      },
      "RequestBody": {
        "location": "eastus",
        "properties": {
          "addressSpace": {
            "addressPrefixes": [
              "10.0.0.0/16"
            ]
          },
          "subnets": [
            {
              "name": "subnet7502",
              "properties": {
                "addressPrefix": "10.0.0.0/24",
                "delegations": [
                  {
                    "name": "Microsoft.DBforPostgreSQL/flexibleServers",
                    "properties": {
                      "serviceName": "Microsoft.DBforPostgreSQL/flexibleServers"
                    }
                  }
                ],
                "privateEndpointNetworkPolicies": "Disabled",
                "privateLinkServiceNetworkPolicies": "Enabled"
              }
            }
          ]
        }
      },
      "StatusCode": 201,
      "ResponseHeaders": {
        "Azure-AsyncNotification": "Enabled",
        "Azure-AsyncOperation": "https://management.azure.com/subscriptions/db1ab6f0-4769-4b27-930e-01e2ef9c123c/providers/Microsoft.Network/locations/eastus/operations/14bfa880-189e-49da-bb10-58b3ce42ca80?api-version=2021-02-01",
        "Cache-Control": "no-cache",
        "Content-Length": "2010",
        "Content-Type": "application/json; charset=utf-8",
        "Date": "Fri, 12 May 2023 04:07:18 GMT",
        "Expires": "-1",
        "Pragma": "no-cache",
        "Retry-After": "3",
        "Server": [
          "Microsoft-HTTPAPI/2.0",
          "Microsoft-HTTPAPI/2.0"
        ],
        "Strict-Transport-Security": "max-age=31536000; includeSubDomains",
        "X-Content-Type-Options": "nosniff",
        "x-ms-arm-service-request-id": "8f4c1f45-dc57-4398-ba61-1a80267fd7e7",
        "x-ms-client-request-id": "9e6e6f762d0b017e594b1ffc45ec21be",
        "x-ms-correlation-request-id": "55fe6646-55ea-42f8-b117-2505359a120d",
        "x-ms-ratelimit-remaining-subscription-writes": "1198",
        "x-ms-request-id": "14bfa880-189e-49da-bb10-58b3ce42ca80",
        "x-ms-routing-request-id": "SOUTHEASTASIA:20230512T040719Z:55fe6646-55ea-42f8-b117-2505359a120d"
      },
      "ResponseBody": {
        "name": "vnet6377",
        "id": "/subscriptions/db1ab6f0-4769-4b27-930e-01e2ef9c123c/resourceGroups/pgflexrg607/providers/Microsoft.Network/virtualNetworks/vnet6377",
        "etag": "W/\u0022380264df-780d-48f1-a7d8-24f00c3c34ee\u0022",
        "type": "Microsoft.Network/virtualNetworks",
        "location": "eastus",
        "properties": {
          "provisioningState": "Updating",
          "resourceGuid": "7fcb0eaa-f16e-4d09-9304-144f05e37adf",
          "addressSpace": {
            "addressPrefixes": [
              "10.0.0.0/16"
            ]
          },
          "subnets": [
            {
              "name": "subnet7502",
              "id": "/subscriptions/db1ab6f0-4769-4b27-930e-01e2ef9c123c/resourceGroups/pgflexrg607/providers/Microsoft.Network/virtualNetworks/vnet6377/subnets/subnet7502",
              "etag": "W/\u0022380264df-780d-48f1-a7d8-24f00c3c34ee\u0022",
              "properties": {
                "provisioningState": "Updating",
                "addressPrefix": "10.0.0.0/24",
                "delegations": [
                  {
                    "name": "Microsoft.DBforPostgreSQL/flexibleServers",
                    "id": "/subscriptions/db1ab6f0-4769-4b27-930e-01e2ef9c123c/resourceGroups/pgflexrg607/providers/Microsoft.Network/virtualNetworks/vnet6377/subnets/subnet7502/delegations/Microsoft.DBforPostgreSQL/flexibleServers",
                    "etag": "W/\u0022380264df-780d-48f1-a7d8-24f00c3c34ee\u0022",
                    "properties": {
                      "provisioningState": "Succeeded",
                      "serviceName": "Microsoft.DBforPostgreSQL/flexibleServers",
                      "actions": [
                        "Microsoft.Network/virtualNetworks/subnets/join/action"
                      ]
                    },
                    "type": "Microsoft.Network/virtualNetworks/subnets/delegations"
                  }
                ],
                "privateEndpointNetworkPolicies": "Disabled",
                "privateLinkServiceNetworkPolicies": "Enabled"
              },
              "type": "Microsoft.Network/virtualNetworks/subnets"
            }
          ],
          "virtualNetworkPeerings": [],
          "enableDdosProtection": false
        }
      }
    },
    {
      "RequestUri": "https://management.azure.com/subscriptions/db1ab6f0-4769-4b27-930e-01e2ef9c123c/providers/Microsoft.Network/locations/eastus/operations/14bfa880-189e-49da-bb10-58b3ce42ca80?api-version=**",
      "RequestMethod": "GET",
      "RequestHeaders": {
        "Authorization": "Sanitized",
        "traceparent": "00-8baa6eb12d41d4dae047e20063ecdbb3-5c8a548409290ca3-00",
        "User-Agent": "azsdk-net-ResourceManager/1.5.0 (.NET 6.0.16; Microsoft Windows 10.0.22621)",
        "x-ms-client-request-id": "2eaf25ff78d7c02ab320c27bfb598190",
        "x-ms-return-client-request-id": "true"
      },
      "RequestBody": null,
      "StatusCode": 200,
      "ResponseHeaders": {
        "Cache-Control": "no-cache",
        "Content-Length": "30",
        "Content-Type": "application/json; charset=utf-8",
        "Date": "Fri, 12 May 2023 04:07:18 GMT",
        "Expires": "-1",
        "Pragma": "no-cache",
        "Retry-After": "10",
        "Server": [
          "Microsoft-HTTPAPI/2.0",
          "Microsoft-HTTPAPI/2.0"
        ],
        "Strict-Transport-Security": "max-age=31536000; includeSubDomains",
        "X-Content-Type-Options": "nosniff",
        "x-ms-arm-service-request-id": "8069e631-a0fe-45ad-b4b3-b927a595d844",
        "x-ms-client-request-id": "2eaf25ff78d7c02ab320c27bfb598190",
        "x-ms-correlation-request-id": "412c1da9-3535-41d3-94ba-36d89815427e",
        "x-ms-ratelimit-remaining-subscription-reads": "11992",
        "x-ms-request-id": "a671b9ef-64b2-4ce6-a252-066ab753301f",
        "x-ms-routing-request-id": "SOUTHEASTASIA:20230512T040719Z:412c1da9-3535-41d3-94ba-36d89815427e"
      },
      "ResponseBody": {
        "status": "InProgress"
      }
    },
    {
      "RequestUri": "https://management.azure.com/subscriptions/db1ab6f0-4769-4b27-930e-01e2ef9c123c/providers/Microsoft.Network/locations/eastus/operations/14bfa880-189e-49da-bb10-58b3ce42ca80?api-version=**",
      "RequestMethod": "GET",
      "RequestHeaders": {
        "Authorization": "Sanitized",
        "traceparent": "00-8baa6eb12d41d4dae047e20063ecdbb3-7f5c05656588961b-00",
        "User-Agent": "azsdk-net-ResourceManager/1.5.0 (.NET 6.0.16; Microsoft Windows 10.0.22621)",
        "x-ms-client-request-id": "3209ae7b798d7ba5dd2ec253b6ae69e0",
        "x-ms-return-client-request-id": "true"
      },
      "RequestBody": null,
      "StatusCode": 200,
      "ResponseHeaders": {
        "Cache-Control": "no-cache",
        "Content-Length": "29",
        "Content-Type": "application/json; charset=utf-8",
        "Date": "Fri, 12 May 2023 04:07:29 GMT",
        "Expires": "-1",
        "Pragma": "no-cache",
        "Server": [
          "Microsoft-HTTPAPI/2.0",
          "Microsoft-HTTPAPI/2.0"
        ],
        "Strict-Transport-Security": "max-age=31536000; includeSubDomains",
        "X-Content-Type-Options": "nosniff",
        "x-ms-arm-service-request-id": "e51d4b0e-0bda-45ae-8ebd-4d9c3f04f83c",
        "x-ms-client-request-id": "3209ae7b798d7ba5dd2ec253b6ae69e0",
        "x-ms-correlation-request-id": "7fce3b98-92e3-4595-8e94-235e9c93a777",
        "x-ms-ratelimit-remaining-subscription-reads": "11991",
        "x-ms-request-id": "a99ad7ab-f44c-40d2-8fb7-86f34a5c9a29",
        "x-ms-routing-request-id": "SOUTHEASTASIA:20230512T040729Z:7fce3b98-92e3-4595-8e94-235e9c93a777"
      },
      "ResponseBody": {
        "status": "Succeeded"
      }
    },
    {
      "RequestUri": "https://management.azure.com/subscriptions/db1ab6f0-4769-4b27-930e-01e2ef9c123c/resourceGroups/pgflexrg607/providers/Microsoft.Network/virtualNetworks/vnet6377?api-version=**",
      "RequestMethod": "GET",
      "RequestHeaders": {
        "Authorization": "Sanitized",
        "traceparent": "00-8baa6eb12d41d4dae047e20063ecdbb3-e5ee8b00d6ef9be0-00",
        "User-Agent": "azsdk-net-ResourceManager/1.5.0 (.NET 6.0.16; Microsoft Windows 10.0.22621)",
        "x-ms-client-request-id": "1ffc6531f23df0e77fb214f538164481",
        "x-ms-return-client-request-id": "true"
      },
      "RequestBody": null,
      "StatusCode": 200,
      "ResponseHeaders": {
        "Cache-Control": "no-cache",
        "Content-Length": "2012",
        "Content-Type": "application/json; charset=utf-8",
        "Date": "Fri, 12 May 2023 04:07:30 GMT",
        "ETag": "W/\u0022eaebf4ee-02ed-49f0-ac5c-d4eef6b6e7a9\u0022",
        "Expires": "-1",
        "Pragma": "no-cache",
        "Server": [
          "Microsoft-HTTPAPI/2.0",
          "Microsoft-HTTPAPI/2.0"
        ],
        "Strict-Transport-Security": "max-age=31536000; includeSubDomains",
        "X-Content-Type-Options": "nosniff",
        "x-ms-arm-service-request-id": "a1003c95-81fe-4651-b076-1327d080cc8d",
        "x-ms-client-request-id": "1ffc6531f23df0e77fb214f538164481",
        "x-ms-correlation-request-id": "d23c1074-d9c0-4116-b28a-94269c9689ff",
        "x-ms-ratelimit-remaining-subscription-reads": "11990",
        "x-ms-request-id": "8d5d2055-2d10-4300-b68f-e32d56cca928",
        "x-ms-routing-request-id": "SOUTHEASTASIA:20230512T040730Z:d23c1074-d9c0-4116-b28a-94269c9689ff"
      },
      "ResponseBody": {
        "name": "vnet6377",
        "id": "/subscriptions/db1ab6f0-4769-4b27-930e-01e2ef9c123c/resourceGroups/pgflexrg607/providers/Microsoft.Network/virtualNetworks/vnet6377",
        "etag": "W/\u0022eaebf4ee-02ed-49f0-ac5c-d4eef6b6e7a9\u0022",
        "type": "Microsoft.Network/virtualNetworks",
        "location": "eastus",
        "properties": {
          "provisioningState": "Succeeded",
          "resourceGuid": "7fcb0eaa-f16e-4d09-9304-144f05e37adf",
          "addressSpace": {
            "addressPrefixes": [
              "10.0.0.0/16"
            ]
          },
          "subnets": [
            {
              "name": "subnet7502",
              "id": "/subscriptions/db1ab6f0-4769-4b27-930e-01e2ef9c123c/resourceGroups/pgflexrg607/providers/Microsoft.Network/virtualNetworks/vnet6377/subnets/subnet7502",
              "etag": "W/\u0022eaebf4ee-02ed-49f0-ac5c-d4eef6b6e7a9\u0022",
              "properties": {
                "provisioningState": "Succeeded",
                "addressPrefix": "10.0.0.0/24",
                "delegations": [
                  {
                    "name": "Microsoft.DBforPostgreSQL/flexibleServers",
                    "id": "/subscriptions/db1ab6f0-4769-4b27-930e-01e2ef9c123c/resourceGroups/pgflexrg607/providers/Microsoft.Network/virtualNetworks/vnet6377/subnets/subnet7502/delegations/Microsoft.DBforPostgreSQL/flexibleServers",
                    "etag": "W/\u0022eaebf4ee-02ed-49f0-ac5c-d4eef6b6e7a9\u0022",
                    "properties": {
                      "provisioningState": "Succeeded",
                      "serviceName": "Microsoft.DBforPostgreSQL/flexibleServers",
                      "actions": [
                        "Microsoft.Network/virtualNetworks/subnets/join/action"
                      ]
                    },
                    "type": "Microsoft.Network/virtualNetworks/subnets/delegations"
                  }
                ],
                "privateEndpointNetworkPolicies": "Disabled",
                "privateLinkServiceNetworkPolicies": "Enabled"
              },
              "type": "Microsoft.Network/virtualNetworks/subnets"
            }
          ],
          "virtualNetworkPeerings": [],
          "enableDdosProtection": false
        }
      }
    },
    {
      "RequestUri": "https://management.azure.com/subscriptions/db1ab6f0-4769-4b27-930e-01e2ef9c123c/resourcegroups/pgflexrg607?api-version=**",
      "RequestMethod": "GET",
      "RequestHeaders": {
        "Accept": "application/json",
        "Authorization": "Sanitized",
        "traceparent": "00-0bace7608cff742487684c54e75fc40e-eb4381e6fc9f31cf-00",
        "User-Agent": "azsdk-net-ResourceManager/1.5.0 (.NET 6.0.16; Microsoft Windows 10.0.22621)",
        "x-ms-client-request-id": "e954e636e76e862b803350a8b5d60a05",
        "x-ms-return-client-request-id": "true"
      },
      "RequestBody": null,
      "StatusCode": 200,
      "ResponseHeaders": {
        "Cache-Control": "no-cache",
        "Content-Length": "219",
        "Content-Type": "application/json; charset=utf-8",
        "Date": "Fri, 12 May 2023 04:07:30 GMT",
        "Expires": "-1",
        "Pragma": "no-cache",
        "Strict-Transport-Security": "max-age=31536000; includeSubDomains",
        "X-Content-Type-Options": "nosniff",
        "x-ms-correlation-request-id": "bd428487-7ddc-4e99-abea-5fb56e96277f",
        "x-ms-ratelimit-remaining-subscription-reads": "11989",
        "x-ms-request-id": "bd428487-7ddc-4e99-abea-5fb56e96277f",
        "x-ms-routing-request-id": "SOUTHEASTASIA:20230512T040730Z:bd428487-7ddc-4e99-abea-5fb56e96277f"
      },
      "ResponseBody": {
        "id": "/subscriptions/db1ab6f0-4769-4b27-930e-01e2ef9c123c/resourceGroups/pgflexrg607",
        "name": "pgflexrg607",
        "type": "Microsoft.Resources/resourceGroups",
        "location": "eastus",
        "properties": {
          "provisioningState": "Succeeded"
        }
      }
    },
    {
      "RequestUri": "https://management.azure.com/tenants?api-version=2021-01-01",
      "RequestMethod": "GET",
      "RequestHeaders": {
        "Accept": "application/json",
        "Authorization": "Sanitized",
        "traceparent": "00-a3f5b9d35de36db78e54f5965d5a07f4-f2ae8e19adba3b5e-00",
        "User-Agent": "azsdk-net-ResourceManager/1.5.0 (.NET 6.0.16; Microsoft Windows 10.0.22621)",
        "x-ms-client-request-id": "954ae1b7615c8953c719b3da64af43c7",
        "x-ms-return-client-request-id": "true"
      },
      "RequestBody": null,
      "StatusCode": 200,
      "ResponseHeaders": {
        "Cache-Control": "no-cache",
        "Content-Length": "140",
        "Content-Type": "application/json; charset=utf-8",
        "Date": "Fri, 12 May 2023 04:07:30 GMT",
        "Expires": "-1",
        "Pragma": "no-cache",
        "Strict-Transport-Security": "max-age=31536000; includeSubDomains",
        "X-Content-Type-Options": "nosniff",
        "x-ms-correlation-request-id": "fa8d5c37-d6a9-4460-9f8e-740c50c4ecb1",
        "x-ms-ratelimit-remaining-tenant-reads": "11999",
        "x-ms-request-id": "fa8d5c37-d6a9-4460-9f8e-740c50c4ecb1",
        "x-ms-routing-request-id": "SOUTHEASTASIA:20230512T040730Z:fa8d5c37-d6a9-4460-9f8e-740c50c4ecb1"
      },
      "ResponseBody": {
        "value": [
          {
            "id": "/tenants/72f988bf-86f1-41af-91ab-2d7cd011db47",
            "tenantId": "72f988bf-86f1-41af-91ab-2d7cd011db47",
            "tenantCategory": "Home"
          }
        ]
      }
    },
    {
      "RequestUri": "https://management.azure.com/providers/Microsoft.DBforPostgreSQL/getPrivateDnsZoneSuffix?api-version=2022-12-01",
      "RequestMethod": "POST",
      "RequestHeaders": {
        "Accept": "application/json",
        "Authorization": "Sanitized",
        "Content-Length": "0",
        "traceparent": "00-eb0bdc256402afaafb7a94c39f1e6ef6-5622310949ac14ab-00",
        "User-Agent": "azsdk-net-ResourceManager.PostgreSql/1.2.0-alpha.20230512.1 (.NET 6.0.16; Microsoft Windows 10.0.22621)",
        "x-ms-client-request-id": "cf1d40ea7f59497239769f09a13e3aa8",
        "x-ms-return-client-request-id": "true"
      },
      "RequestBody": null,
      "StatusCode": 200,
      "ResponseHeaders": {
        "Cache-Control": "no-cache",
        "Content-Length": "29",
        "Content-Type": "application/json; charset=utf-8",
        "Date": "Fri, 12 May 2023 04:07:31 GMT",
        "Expires": "-1",
        "Pragma": "no-cache",
        "Server": "Microsoft-HTTPAPI/2.0",
        "Strict-Transport-Security": "max-age=31536000; includeSubDomains",
        "X-Content-Type-Options": "nosniff",
        "x-ms-correlation-request-id": "b937363e-3d75-4cd9-a670-96ec37e8b6fd",
        "x-ms-ratelimit-remaining-tenant-writes": "1199",
        "x-ms-request-id": "ae6527d8-2882-4e9d-bddd-b2b27c398ea8",
        "x-ms-routing-request-id": "SOUTHEASTASIA:20230512T040731Z:b937363e-3d75-4cd9-a670-96ec37e8b6fd"
      },
      "ResponseBody": "\u0022postgres.database.azure.com\u0022"
    },
    {
      "RequestUri": "https://management.azure.com/subscriptions/db1ab6f0-4769-4b27-930e-01e2ef9c123c/resourceGroups/pgflexrg607/providers/Microsoft.Network/privateDnsZones/pgflexserver3465.private.postgres.database.azure.com?api-version=**",
      "RequestMethod": "PUT",
      "RequestHeaders": {
        "Accept": "application/json",
        "Authorization": "Sanitized",
        "Content-Length": "47",
        "Content-Type": "application/json",
        "traceparent": "00-f51624fe716b38286f8779acf7a2b3bd-6986b849f17f5617-00",
        "User-Agent": "azsdk-net-ResourceManager.PrivateDns/1.0.0 (.NET 6.0.16; Microsoft Windows 10.0.22621)",
        "x-ms-client-request-id": "563e0fa7aecbd42593cb2155335122d0",
        "x-ms-return-client-request-id": "true"
      },
      "RequestBody": {
        "tags": {},
        "location": "global",
        "properties": {}
      },
      "StatusCode": 202,
      "ResponseHeaders": {
        "Azure-AsyncOperation": "https://management.azure.com:443/subscriptions/db1ab6f0-4769-4b27-930e-01e2ef9c123c/resourceGroups/pgflexrg607/providers/Microsoft.Network/privateDnsOperationStatuses/RnJvbnRFbmRBc3luY09wZXJhdGlvbjtVcHNlcnRQcml2YXRlRG5zWm9uZTs4YzljYTgwOC04NWMzLTQ1MDktYTdmMS1lNjY0ZjViZDcyNzJfZGIxYWI2ZjAtNDc2OS00YjI3LTkzMGUtMDFlMmVmOWMxMjNj?api-version=2020-06-01",
        "Cache-Control": "private",
        "Content-Length": "2",
        "Content-Type": "application/json; charset=utf-8",
        "Date": "Fri, 12 May 2023 04:07:34 GMT",
        "Location": "https://management.azure.com/subscriptions/db1ab6f0-4769-4b27-930e-01e2ef9c123c/resourceGroups/pgflexrg607/providers/Microsoft.Network/privateDnsOperationResults/RnJvbnRFbmRBc3luY09wZXJhdGlvbjtVcHNlcnRQcml2YXRlRG5zWm9uZTs4YzljYTgwOC04NWMzLTQ1MDktYTdmMS1lNjY0ZjViZDcyNzJfZGIxYWI2ZjAtNDc2OS00YjI3LTkzMGUtMDFlMmVmOWMxMjNj?api-version=2020-06-01",
        "Retry-After": "30",
        "Server": "Microsoft-IIS/10.0",
        "Strict-Transport-Security": "max-age=31536000; includeSubDomains",
        "X-AspNet-Version": "4.0.30319",
        "X-Content-Type-Options": "nosniff",
        "x-ms-correlation-request-id": "6b8a21f6-3217-4a14-9619-eb2fef05ca91",
        "x-ms-ratelimit-remaining-subscription-resource-requests": "11999",
        "x-ms-request-id": "563e0fa7-aecb-d425-93cb-2155335122d0",
        "x-ms-routing-request-id": "SOUTHEASTASIA:20230512T040735Z:6b8a21f6-3217-4a14-9619-eb2fef05ca91",
        "X-Powered-By": "ASP.NET"
      },
      "ResponseBody": {}
    },
    {
      "RequestUri": "https://management.azure.com/subscriptions/db1ab6f0-4769-4b27-930e-01e2ef9c123c/resourceGroups/pgflexrg607/providers/Microsoft.Network/privateDnsOperationStatuses/RnJvbnRFbmRBc3luY09wZXJhdGlvbjtVcHNlcnRQcml2YXRlRG5zWm9uZTs4YzljYTgwOC04NWMzLTQ1MDktYTdmMS1lNjY0ZjViZDcyNzJfZGIxYWI2ZjAtNDc2OS00YjI3LTkzMGUtMDFlMmVmOWMxMjNj?api-version=**",
      "RequestMethod": "GET",
      "RequestHeaders": {
        "Authorization": "Sanitized",
        "traceparent": "00-f51624fe716b38286f8779acf7a2b3bd-9ffda3334574820f-00",
        "User-Agent": "azsdk-net-ResourceManager/1.5.0 (.NET 6.0.16; Microsoft Windows 10.0.22621)",
        "x-ms-client-request-id": "54320bdeed713bfc1b493c8e5e1c15e8",
        "x-ms-return-client-request-id": "true"
      },
      "RequestBody": null,
      "StatusCode": 202,
      "ResponseHeaders": {
        "Azure-AsyncOperation": "https://management.azure.com:443/subscriptions/db1ab6f0-4769-4b27-930e-01e2ef9c123c/resourceGroups/pgflexrg607/providers/Microsoft.Network/privateDnsOperationStatuses/RnJvbnRFbmRBc3luY09wZXJhdGlvbjtVcHNlcnRQcml2YXRlRG5zWm9uZTs4YzljYTgwOC04NWMzLTQ1MDktYTdmMS1lNjY0ZjViZDcyNzJfZGIxYWI2ZjAtNDc2OS00YjI3LTkzMGUtMDFlMmVmOWMxMjNj?api-version=2020-06-01",
        "Cache-Control": "private",
        "Content-Length": "23",
        "Content-Type": "application/json; charset=utf-8",
        "Date": "Fri, 12 May 2023 04:07:35 GMT",
        "Location": "https://management.azure.com/subscriptions/db1ab6f0-4769-4b27-930e-01e2ef9c123c/resourceGroups/pgflexrg607/providers/Microsoft.Network/privateDnsOperationResults/RnJvbnRFbmRBc3luY09wZXJhdGlvbjtVcHNlcnRQcml2YXRlRG5zWm9uZTs4YzljYTgwOC04NWMzLTQ1MDktYTdmMS1lNjY0ZjViZDcyNzJfZGIxYWI2ZjAtNDc2OS00YjI3LTkzMGUtMDFlMmVmOWMxMjNj?api-version=2020-06-01",
        "Retry-After": "30",
        "Server": "Microsoft-IIS/10.0",
        "Strict-Transport-Security": "max-age=31536000; includeSubDomains",
        "X-AspNet-Version": "4.0.30319",
        "X-Content-Type-Options": "nosniff",
        "x-ms-correlation-request-id": "d3a71566-29cd-42e6-9097-313160996958",
        "x-ms-ratelimit-remaining-subscription-resource-requests": "499",
        "x-ms-request-id": "54320bde-ed71-3bfc-1b49-3c8e5e1c15e8",
        "x-ms-routing-request-id": "SOUTHEASTASIA:20230512T040735Z:d3a71566-29cd-42e6-9097-313160996958",
        "X-Powered-By": "ASP.NET"
      },
      "ResponseBody": {
        "status": "InProgress"
      }
    },
    {
      "RequestUri": "https://management.azure.com/subscriptions/db1ab6f0-4769-4b27-930e-01e2ef9c123c/resourceGroups/pgflexrg607/providers/Microsoft.Network/privateDnsOperationStatuses/RnJvbnRFbmRBc3luY09wZXJhdGlvbjtVcHNlcnRQcml2YXRlRG5zWm9uZTs4YzljYTgwOC04NWMzLTQ1MDktYTdmMS1lNjY0ZjViZDcyNzJfZGIxYWI2ZjAtNDc2OS00YjI3LTkzMGUtMDFlMmVmOWMxMjNj?api-version=**",
      "RequestMethod": "GET",
      "RequestHeaders": {
        "Authorization": "Sanitized",
        "traceparent": "00-f51624fe716b38286f8779acf7a2b3bd-cfe8ad92a89c3ad9-00",
        "User-Agent": "azsdk-net-ResourceManager/1.5.0 (.NET 6.0.16; Microsoft Windows 10.0.22621)",
        "x-ms-client-request-id": "1818ce54c5806cef6407e6cb523e1248",
        "x-ms-return-client-request-id": "true"
      },
      "RequestBody": null,
      "StatusCode": 200,
      "ResponseHeaders": {
        "Cache-Control": "private",
        "Content-Length": "22",
        "Content-Type": "application/json; charset=utf-8",
        "Date": "Fri, 12 May 2023 04:08:05 GMT",
        "Server": "Microsoft-IIS/10.0",
        "Strict-Transport-Security": "max-age=31536000; includeSubDomains",
        "X-AspNet-Version": "4.0.30319",
        "X-Content-Type-Options": "nosniff",
        "x-ms-correlation-request-id": "34732b8c-a4df-49b0-9fac-a3c6f8700589",
        "x-ms-ratelimit-remaining-subscription-resource-requests": "498",
        "x-ms-request-id": "1818ce54-c580-6cef-6407-e6cb523e1248",
        "x-ms-routing-request-id": "SOUTHEASTASIA:20230512T040805Z:34732b8c-a4df-49b0-9fac-a3c6f8700589",
        "X-Powered-By": "ASP.NET"
      },
      "ResponseBody": {
        "status": "Succeeded"
      }
    },
    {
      "RequestUri": "https://management.azure.com/subscriptions/db1ab6f0-4769-4b27-930e-01e2ef9c123c/resourceGroups/pgflexrg607/providers/Microsoft.Network/privateDnsZones/pgflexserver3465.private.postgres.database.azure.com?api-version=**",
      "RequestMethod": "GET",
      "RequestHeaders": {
        "Authorization": "Sanitized",
        "traceparent": "00-f51624fe716b38286f8779acf7a2b3bd-8841c842f749c703-00",
        "User-Agent": "azsdk-net-ResourceManager/1.5.0 (.NET 6.0.16; Microsoft Windows 10.0.22621)",
        "x-ms-client-request-id": "287798e4cd1e035f8c82596fff1cd953",
        "x-ms-return-client-request-id": "true"
      },
      "RequestBody": null,
      "StatusCode": 200,
      "ResponseHeaders": {
        "Cache-Control": "private",
        "Content-Length": "741",
        "Content-Type": "application/json; charset=utf-8",
        "Date": "Fri, 12 May 2023 04:08:05 GMT",
        "ETag": "aa95e848-c115-4734-bb17-c5563d98e3e7",
        "Server": "Microsoft-IIS/10.0",
        "Strict-Transport-Security": "max-age=31536000; includeSubDomains",
        "X-AspNet-Version": "4.0.30319",
        "X-Content-Type-Options": "nosniff",
        "x-ms-correlation-request-id": "16f9079e-a468-4dbb-88b2-496095f9f8bc",
        "x-ms-ratelimit-remaining-subscription-resource-requests": "499",
        "x-ms-request-id": "287798e4-cd1e-035f-8c82-596fff1cd953",
        "x-ms-routing-request-id": "SOUTHEASTASIA:20230512T040806Z:16f9079e-a468-4dbb-88b2-496095f9f8bc",
        "X-Powered-By": "ASP.NET"
      },
      "ResponseBody": {
        "id": "/subscriptions/db1ab6f0-4769-4b27-930e-01e2ef9c123c/resourceGroups/pgflexrg607/providers/Microsoft.Network/privateDnsZones/pgflexserver3465.private.postgres.database.azure.com",
        "name": "pgflexserver3465.private.postgres.database.azure.com",
        "type": "Microsoft.Network/privateDnsZones",
        "etag": "aa95e848-c115-4734-bb17-c5563d98e3e7",
        "location": "global",
        "tags": {},
        "properties": {
          "internalId": "SW1tdXRhYmxlWm9uZUlkZW50aXR5OzI2NmQyNDYzLTBmNWMtNGUzYS1iNTcwLWExMzNiYjNlNDQxODsw",
          "maxNumberOfRecordSets": 25000,
          "maxNumberOfVirtualNetworkLinks": 1000,
          "maxNumberOfVirtualNetworkLinksWithRegistration": 100,
          "numberOfRecordSets": 1,
          "numberOfVirtualNetworkLinks": 0,
          "numberOfVirtualNetworkLinksWithRegistration": 0,
          "provisioningState": "Succeeded"
        }
      }
    },
    {
      "RequestUri": "https://management.azure.com/subscriptions/db1ab6f0-4769-4b27-930e-01e2ef9c123c/resourceGroups/pgflexrg607/providers/Microsoft.Network/privateDnsZones/pgflexserver3465.private.postgres.database.azure.com/virtualNetworkLinks/vnet6377-link?api-version=**",
      "RequestMethod": "PUT",
      "RequestHeaders": {
        "Accept": "application/json",
        "Authorization": "Sanitized",
        "Content-Length": "232",
        "Content-Type": "application/json",
        "traceparent": "00-8401fd169dc32c3ba1bb43cda7a43c86-78f924b95ad6d557-00",
        "User-Agent": "azsdk-net-ResourceManager.PrivateDns/1.0.0 (.NET 6.0.16; Microsoft Windows 10.0.22621)",
        "x-ms-client-request-id": "f39273eace3118081bc6f0690630e9dd",
        "x-ms-return-client-request-id": "true"
      },
      "RequestBody": {
        "tags": {},
        "location": "global",
        "properties": {
          "virtualNetwork": {
            "id": "/subscriptions/db1ab6f0-4769-4b27-930e-01e2ef9c123c/resourceGroups/pgflexrg607/providers/Microsoft.Network/virtualNetworks/vnet6377"
          },
          "registrationEnabled": false
        }
      },
      "StatusCode": 202,
      "ResponseHeaders": {
        "Azure-AsyncOperation": "https://management.azure.com:443/subscriptions/db1ab6f0-4769-4b27-930e-01e2ef9c123c/resourceGroups/pgflexrg607/providers/Microsoft.Network/privateDnsOperationStatuses/RnJvbnRFbmRBc3luY09wZXJhdGlvbjtVcHNlcnRWaXJ0dWFsTmV0d29ya0xpbms7ZDk4OThjMTItYzJkMy00ZTkxLThiZGItMzQ0ZGRmMTg5YWZiX2RiMWFiNmYwLTQ3NjktNGIyNy05MzBlLTAxZTJlZjljMTIzYw==?api-version=2020-06-01",
        "Cache-Control": "private",
        "Content-Length": "2",
        "Content-Type": "application/json; charset=utf-8",
        "Date": "Fri, 12 May 2023 04:08:09 GMT",
        "Location": "https://management.azure.com/subscriptions/db1ab6f0-4769-4b27-930e-01e2ef9c123c/resourceGroups/pgflexrg607/providers/Microsoft.Network/privateDnsOperationResults/RnJvbnRFbmRBc3luY09wZXJhdGlvbjtVcHNlcnRWaXJ0dWFsTmV0d29ya0xpbms7ZDk4OThjMTItYzJkMy00ZTkxLThiZGItMzQ0ZGRmMTg5YWZiX2RiMWFiNmYwLTQ3NjktNGIyNy05MzBlLTAxZTJlZjljMTIzYw==?api-version=2020-06-01",
        "Retry-After": "30",
        "Server": "Microsoft-IIS/10.0",
        "Strict-Transport-Security": "max-age=31536000; includeSubDomains",
        "X-AspNet-Version": "4.0.30319",
        "X-Content-Type-Options": "nosniff",
        "x-ms-correlation-request-id": "72b3d204-829d-40d3-a5fd-154a085c9b9d",
        "x-ms-ratelimit-remaining-subscription-resource-requests": "11999",
        "x-ms-request-id": "f39273ea-ce31-1808-1bc6-f0690630e9dd",
        "x-ms-routing-request-id": "SOUTHEASTASIA:20230512T040810Z:72b3d204-829d-40d3-a5fd-154a085c9b9d",
        "X-Powered-By": "ASP.NET"
      },
      "ResponseBody": {}
    },
    {
      "RequestUri": "https://management.azure.com/subscriptions/db1ab6f0-4769-4b27-930e-01e2ef9c123c/resourceGroups/pgflexrg607/providers/Microsoft.Network/privateDnsOperationStatuses/RnJvbnRFbmRBc3luY09wZXJhdGlvbjtVcHNlcnRWaXJ0dWFsTmV0d29ya0xpbms7ZDk4OThjMTItYzJkMy00ZTkxLThiZGItMzQ0ZGRmMTg5YWZiX2RiMWFiNmYwLTQ3NjktNGIyNy05MzBlLTAxZTJlZjljMTIzYw==?api-version=**",
      "RequestMethod": "GET",
      "RequestHeaders": {
        "Authorization": "Sanitized",
        "traceparent": "00-8401fd169dc32c3ba1bb43cda7a43c86-522527d0c5601c6e-00",
        "User-Agent": "azsdk-net-ResourceManager/1.5.0 (.NET 6.0.16; Microsoft Windows 10.0.22621)",
        "x-ms-client-request-id": "dee0932e1eac1517905f0d58dcf5fd5c",
        "x-ms-return-client-request-id": "true"
      },
      "RequestBody": null,
      "StatusCode": 202,
      "ResponseHeaders": {
        "Azure-AsyncOperation": "https://management.azure.com:443/subscriptions/db1ab6f0-4769-4b27-930e-01e2ef9c123c/resourceGroups/pgflexrg607/providers/Microsoft.Network/privateDnsOperationStatuses/RnJvbnRFbmRBc3luY09wZXJhdGlvbjtVcHNlcnRWaXJ0dWFsTmV0d29ya0xpbms7ZDk4OThjMTItYzJkMy00ZTkxLThiZGItMzQ0ZGRmMTg5YWZiX2RiMWFiNmYwLTQ3NjktNGIyNy05MzBlLTAxZTJlZjljMTIzYw==?api-version=2020-06-01",
        "Cache-Control": "private",
        "Content-Length": "23",
        "Content-Type": "application/json; charset=utf-8",
        "Date": "Fri, 12 May 2023 04:08:09 GMT",
        "Location": "https://management.azure.com/subscriptions/db1ab6f0-4769-4b27-930e-01e2ef9c123c/resourceGroups/pgflexrg607/providers/Microsoft.Network/privateDnsOperationResults/RnJvbnRFbmRBc3luY09wZXJhdGlvbjtVcHNlcnRWaXJ0dWFsTmV0d29ya0xpbms7ZDk4OThjMTItYzJkMy00ZTkxLThiZGItMzQ0ZGRmMTg5YWZiX2RiMWFiNmYwLTQ3NjktNGIyNy05MzBlLTAxZTJlZjljMTIzYw==?api-version=2020-06-01",
        "Retry-After": "30",
        "Server": "Microsoft-IIS/10.0",
        "Strict-Transport-Security": "max-age=31536000; includeSubDomains",
        "X-AspNet-Version": "4.0.30319",
        "X-Content-Type-Options": "nosniff",
        "x-ms-correlation-request-id": "f172c457-d26c-480e-86f9-1089e5dbb755",
        "x-ms-ratelimit-remaining-subscription-resource-requests": "497",
        "x-ms-request-id": "dee0932e-1eac-1517-905f-0d58dcf5fd5c",
        "x-ms-routing-request-id": "SOUTHEASTASIA:20230512T040810Z:f172c457-d26c-480e-86f9-1089e5dbb755",
        "X-Powered-By": "ASP.NET"
      },
      "ResponseBody": {
        "status": "InProgress"
      }
    },
    {
      "RequestUri": "https://management.azure.com/subscriptions/db1ab6f0-4769-4b27-930e-01e2ef9c123c/resourceGroups/pgflexrg607/providers/Microsoft.Network/privateDnsOperationStatuses/RnJvbnRFbmRBc3luY09wZXJhdGlvbjtVcHNlcnRWaXJ0dWFsTmV0d29ya0xpbms7ZDk4OThjMTItYzJkMy00ZTkxLThiZGItMzQ0ZGRmMTg5YWZiX2RiMWFiNmYwLTQ3NjktNGIyNy05MzBlLTAxZTJlZjljMTIzYw==?api-version=**",
      "RequestMethod": "GET",
      "RequestHeaders": {
        "Authorization": "Sanitized",
        "traceparent": "00-8401fd169dc32c3ba1bb43cda7a43c86-f7f9c47a0e3b49dd-00",
        "User-Agent": "azsdk-net-ResourceManager/1.5.0 (.NET 6.0.16; Microsoft Windows 10.0.22621)",
        "x-ms-client-request-id": "0b387b991372fdaeaa0b841c420aab9c",
        "x-ms-return-client-request-id": "true"
      },
      "RequestBody": null,
      "StatusCode": 202,
      "ResponseHeaders": {
        "Azure-AsyncOperation": "https://management.azure.com:443/subscriptions/db1ab6f0-4769-4b27-930e-01e2ef9c123c/resourceGroups/pgflexrg607/providers/Microsoft.Network/privateDnsOperationStatuses/RnJvbnRFbmRBc3luY09wZXJhdGlvbjtVcHNlcnRWaXJ0dWFsTmV0d29ya0xpbms7ZDk4OThjMTItYzJkMy00ZTkxLThiZGItMzQ0ZGRmMTg5YWZiX2RiMWFiNmYwLTQ3NjktNGIyNy05MzBlLTAxZTJlZjljMTIzYw==?api-version=2020-06-01",
        "Cache-Control": "private",
        "Content-Length": "23",
        "Content-Type": "application/json; charset=utf-8",
        "Date": "Fri, 12 May 2023 04:08:40 GMT",
        "Location": "https://management.azure.com/subscriptions/db1ab6f0-4769-4b27-930e-01e2ef9c123c/resourceGroups/pgflexrg607/providers/Microsoft.Network/privateDnsOperationResults/RnJvbnRFbmRBc3luY09wZXJhdGlvbjtVcHNlcnRWaXJ0dWFsTmV0d29ya0xpbms7ZDk4OThjMTItYzJkMy00ZTkxLThiZGItMzQ0ZGRmMTg5YWZiX2RiMWFiNmYwLTQ3NjktNGIyNy05MzBlLTAxZTJlZjljMTIzYw==?api-version=2020-06-01",
        "Retry-After": "30",
        "Server": "Microsoft-IIS/10.0",
        "Strict-Transport-Security": "max-age=31536000; includeSubDomains",
        "X-AspNet-Version": "4.0.30319",
        "X-Content-Type-Options": "nosniff",
        "x-ms-correlation-request-id": "40143b1c-0b09-4eec-b413-629637a5c8b7",
        "x-ms-ratelimit-remaining-subscription-resource-requests": "496",
        "x-ms-request-id": "0b387b99-1372-fdae-aa0b-841c420aab9c",
        "x-ms-routing-request-id": "SOUTHEASTASIA:20230512T040840Z:40143b1c-0b09-4eec-b413-629637a5c8b7",
        "X-Powered-By": "ASP.NET"
      },
      "ResponseBody": {
        "status": "InProgress"
      }
    },
    {
      "RequestUri": "https://management.azure.com/subscriptions/db1ab6f0-4769-4b27-930e-01e2ef9c123c/resourceGroups/pgflexrg607/providers/Microsoft.Network/privateDnsOperationStatuses/RnJvbnRFbmRBc3luY09wZXJhdGlvbjtVcHNlcnRWaXJ0dWFsTmV0d29ya0xpbms7ZDk4OThjMTItYzJkMy00ZTkxLThiZGItMzQ0ZGRmMTg5YWZiX2RiMWFiNmYwLTQ3NjktNGIyNy05MzBlLTAxZTJlZjljMTIzYw==?api-version=**",
      "RequestMethod": "GET",
      "RequestHeaders": {
        "Authorization": "Sanitized",
        "traceparent": "00-8401fd169dc32c3ba1bb43cda7a43c86-35e8bc68fddcd057-00",
        "User-Agent": "azsdk-net-ResourceManager/1.5.0 (.NET 6.0.16; Microsoft Windows 10.0.22621)",
        "x-ms-client-request-id": "733ba9590a4f1830dc943545df71aa78",
        "x-ms-return-client-request-id": "true"
      },
      "RequestBody": null,
      "StatusCode": 200,
      "ResponseHeaders": {
        "Cache-Control": "private",
        "Content-Length": "22",
        "Content-Type": "application/json; charset=utf-8",
        "Date": "Fri, 12 May 2023 04:09:11 GMT",
        "Server": "Microsoft-IIS/10.0",
        "Strict-Transport-Security": "max-age=31536000; includeSubDomains",
        "X-AspNet-Version": "4.0.30319",
        "X-Content-Type-Options": "nosniff",
        "x-ms-correlation-request-id": "0a78fe97-57c9-4ef6-8b79-29575b1d4c1f",
        "x-ms-ratelimit-remaining-subscription-resource-requests": "495",
        "x-ms-request-id": "733ba959-0a4f-1830-dc94-3545df71aa78",
        "x-ms-routing-request-id": "SOUTHEASTASIA:20230512T040911Z:0a78fe97-57c9-4ef6-8b79-29575b1d4c1f",
        "X-Powered-By": "ASP.NET"
      },
      "ResponseBody": {
        "status": "Succeeded"
      }
    },
    {
      "RequestUri": "https://management.azure.com/subscriptions/db1ab6f0-4769-4b27-930e-01e2ef9c123c/resourceGroups/pgflexrg607/providers/Microsoft.Network/privateDnsZones/pgflexserver3465.private.postgres.database.azure.com/virtualNetworkLinks/vnet6377-link?api-version=**",
      "RequestMethod": "GET",
      "RequestHeaders": {
        "Authorization": "Sanitized",
        "traceparent": "00-8401fd169dc32c3ba1bb43cda7a43c86-6714a53bc0dbf4c7-00",
        "User-Agent": "azsdk-net-ResourceManager/1.5.0 (.NET 6.0.16; Microsoft Windows 10.0.22621)",
        "x-ms-client-request-id": "f0642f1761471ad4e4e234a199fad385",
        "x-ms-return-client-request-id": "true"
      },
      "RequestBody": null,
      "StatusCode": 200,
      "ResponseHeaders": {
        "Cache-Control": "private",
        "Content-Length": "675",
        "Content-Type": "application/json; charset=utf-8",
        "Date": "Fri, 12 May 2023 04:09:11 GMT",
        "ETag": "\u0022a3056477-0000-0100-0000-645dbbd70000\u0022",
        "Server": "Microsoft-IIS/10.0",
        "Strict-Transport-Security": "max-age=31536000; includeSubDomains",
        "X-AspNet-Version": "4.0.30319",
        "X-Content-Type-Options": "nosniff",
        "x-ms-correlation-request-id": "3dd40d86-e37a-4bcd-83a1-90649fcda60b",
        "x-ms-ratelimit-remaining-subscription-resource-requests": "499",
        "x-ms-request-id": "f0642f17-6147-1ad4-e4e2-34a199fad385",
        "x-ms-routing-request-id": "SOUTHEASTASIA:20230512T040911Z:3dd40d86-e37a-4bcd-83a1-90649fcda60b",
        "X-Powered-By": "ASP.NET"
      },
      "ResponseBody": {
        "id": "/subscriptions/db1ab6f0-4769-4b27-930e-01e2ef9c123c/resourceGroups/pgflexrg607/providers/Microsoft.Network/privateDnsZones/pgflexserver3465.private.postgres.database.azure.com/virtualNetworkLinks/vnet6377-link",
        "name": "vnet6377-link",
        "type": "Microsoft.Network/privateDnsZones/virtualNetworkLinks",
        "etag": "\u0022a3056477-0000-0100-0000-645dbbd70000\u0022",
        "location": "global",
        "tags": {},
        "properties": {
          "provisioningState": "Succeeded",
          "registrationEnabled": false,
          "virtualNetwork": {
            "id": "/subscriptions/db1ab6f0-4769-4b27-930e-01e2ef9c123c/resourceGroups/pgflexrg607/providers/Microsoft.Network/virtualNetworks/vnet6377"
          },
          "virtualNetworkLinkState": "Completed"
        }
      }
    },
    {
      "RequestUri": "https://management.azure.com/subscriptions/db1ab6f0-4769-4b27-930e-01e2ef9c123c/resourceGroups/pgflexrg607/providers/Microsoft.DBforPostgreSQL/flexibleServers/pgflexserver3465?api-version=2022-12-01",
      "RequestMethod": "PUT",
      "RequestHeaders": {
        "Accept": "application/json",
        "Authorization": "Sanitized",
        "Content-Length": "693",
        "Content-Type": "application/json",
        "traceparent": "00-2360d6e63a70944937fe7cc125efc73d-1728b46c70a67a9e-00",
        "User-Agent": "azsdk-net-ResourceManager.PostgreSql/1.2.0-alpha.20230512.1 (.NET 6.0.16; Microsoft Windows 10.0.22621)",
        "x-ms-client-request-id": "32fe71b389ba8e0c4b1f2fddde681e38",
        "x-ms-return-client-request-id": "true"
      },
      "RequestBody": {
        "sku": {
          "name": "Standard_D2s_v3",
          "tier": "GeneralPurpose"
        },
        "tags": {},
        "location": "eastus",
        "properties": {
          "administratorLogin": "testUser",
          "administratorLoginPassword": "testPassword1!",
          "version": "14",
          "storage": {
            "storageSizeGB": 128
          },
          "backup": {
            "geoRedundantBackup": "Enabled"
          },
          "network": {
            "delegatedSubnetResourceId": "/subscriptions/db1ab6f0-4769-4b27-930e-01e2ef9c123c/resourceGroups/pgflexrg607/providers/Microsoft.Network/virtualNetworks/vnet6377/subnets/subnet7502",
            "privateDnsZoneArmResourceId": "/subscriptions/db1ab6f0-4769-4b27-930e-01e2ef9c123c/resourceGroups/pgflexrg607/providers/Microsoft.Network/privateDnsZones/pgflexserver3465.private.postgres.database.azure.com"
          },
          "createMode": "Create"
        }
      },
      "StatusCode": 202,
      "ResponseHeaders": {
        "Azure-AsyncOperation": "https://management.azure.com/subscriptions/db1ab6f0-4769-4b27-930e-01e2ef9c123c/providers/Microsoft.DBforPostgreSQL/locations/eastus/azureAsyncOperation/cac96168-e06a-4db8-8634-9f44cffa1969?api-version=2022-12-01",
        "Cache-Control": "no-cache",
        "Content-Length": "88",
        "Content-Type": "application/json; charset=utf-8",
        "Date": "Fri, 12 May 2023 04:09:16 GMT",
        "Expires": "-1",
        "Location": "https://management.azure.com/subscriptions/db1ab6f0-4769-4b27-930e-01e2ef9c123c/providers/Microsoft.DBforPostgreSQL/locations/eastus/operationResults/cac96168-e06a-4db8-8634-9f44cffa1969?api-version=2022-12-01",
        "Pragma": "no-cache",
        "Retry-After": "60",
        "Server": "Microsoft-HTTPAPI/2.0",
        "Strict-Transport-Security": "max-age=31536000; includeSubDomains",
        "X-Content-Type-Options": "nosniff",
        "x-ms-correlation-request-id": "c8e80931-8597-436f-b890-4ae6ce28e4c0",
        "x-ms-ratelimit-remaining-subscription-writes": "1197",
        "x-ms-request-id": "3b2b5816-0f6d-4cd1-8a07-d81af555f860",
        "x-ms-routing-request-id": "SOUTHEASTASIA:20230512T040916Z:c8e80931-8597-436f-b890-4ae6ce28e4c0"
      },
      "ResponseBody": {
        "operation": "UpsertServerManagementOperationV2",
        "startTime": "2023-05-12T04:09:16.303Z"
      }
    },
    {
      "RequestUri": "https://management.azure.com/subscriptions/db1ab6f0-4769-4b27-930e-01e2ef9c123c/providers/Microsoft.DBforPostgreSQL/locations/eastus/azureAsyncOperation/cac96168-e06a-4db8-8634-9f44cffa1969?api-version=2022-12-01",
      "RequestMethod": "GET",
      "RequestHeaders": {
        "Authorization": "Sanitized",
        "traceparent": "00-2360d6e63a70944937fe7cc125efc73d-5835c2ed1baba043-00",
        "User-Agent": "azsdk-net-ResourceManager/1.5.0 (.NET 6.0.16; Microsoft Windows 10.0.22621)",
        "x-ms-client-request-id": "6e92afc078728ebe23d6a52732f63c7b",
        "x-ms-return-client-request-id": "true"
      },
      "RequestBody": null,
      "StatusCode": 200,
      "ResponseHeaders": {
        "Cache-Control": "no-cache",
        "Content-Length": "108",
        "Content-Type": "application/json; charset=utf-8",
        "Date": "Fri, 12 May 2023 04:09:16 GMT",
        "Expires": "-1",
        "Pragma": "no-cache",
        "Retry-After": "60",
        "Server": "Microsoft-HTTPAPI/2.0",
        "Strict-Transport-Security": "max-age=31536000; includeSubDomains",
        "X-Content-Type-Options": "nosniff",
        "x-ms-correlation-request-id": "72e42e52-3b3a-4cf3-933d-08d7f5955f15",
        "x-ms-ratelimit-remaining-subscription-reads": "11988",
        "x-ms-request-id": "c1d1d2a7-341b-4f0a-a649-af3e3104b22b",
        "x-ms-routing-request-id": "SOUTHEASTASIA:20230512T040916Z:72e42e52-3b3a-4cf3-933d-08d7f5955f15"
      },
      "ResponseBody": {
        "name": "cac96168-e06a-4db8-8634-9f44cffa1969",
        "status": "InProgress",
        "startTime": "2023-05-12T04:09:16.303Z"
      }
    },
    {
      "RequestUri": "https://management.azure.com/subscriptions/db1ab6f0-4769-4b27-930e-01e2ef9c123c/providers/Microsoft.DBforPostgreSQL/locations/eastus/azureAsyncOperation/cac96168-e06a-4db8-8634-9f44cffa1969?api-version=2022-12-01",
      "RequestMethod": "GET",
      "RequestHeaders": {
        "Authorization": "Sanitized",
        "traceparent": "00-2360d6e63a70944937fe7cc125efc73d-34a7ac944b6a508e-00",
        "User-Agent": "azsdk-net-ResourceManager/1.5.0 (.NET 6.0.16; Microsoft Windows 10.0.22621)",
        "x-ms-client-request-id": "8d41fbc4c0f5f8e01c075d99fb9fb8bb",
        "x-ms-return-client-request-id": "true"
      },
      "RequestBody": null,
      "StatusCode": 200,
      "ResponseHeaders": {
        "Cache-Control": "no-cache",
        "Content-Length": "108",
        "Content-Type": "application/json; charset=utf-8",
        "Date": "Fri, 12 May 2023 04:10:16 GMT",
        "Expires": "-1",
        "Pragma": "no-cache",
        "Retry-After": "60",
        "Server": "Microsoft-HTTPAPI/2.0",
        "Strict-Transport-Security": "max-age=31536000; includeSubDomains",
        "X-Content-Type-Options": "nosniff",
        "x-ms-correlation-request-id": "aaec7286-0842-42d4-a4c0-e8f8faa7b4d9",
        "x-ms-ratelimit-remaining-subscription-reads": "11987",
        "x-ms-request-id": "f1762bae-d285-4393-9b49-1d41aaa74a2b",
        "x-ms-routing-request-id": "SOUTHEASTASIA:20230512T041017Z:aaec7286-0842-42d4-a4c0-e8f8faa7b4d9"
      },
      "ResponseBody": {
        "name": "cac96168-e06a-4db8-8634-9f44cffa1969",
        "status": "InProgress",
        "startTime": "2023-05-12T04:09:16.303Z"
      }
    },
    {
      "RequestUri": "https://management.azure.com/subscriptions/db1ab6f0-4769-4b27-930e-01e2ef9c123c/providers/Microsoft.DBforPostgreSQL/locations/eastus/azureAsyncOperation/cac96168-e06a-4db8-8634-9f44cffa1969?api-version=2022-12-01",
      "RequestMethod": "GET",
      "RequestHeaders": {
        "Authorization": "Sanitized",
        "traceparent": "00-2360d6e63a70944937fe7cc125efc73d-9dff3f86e7f841af-00",
        "User-Agent": "azsdk-net-ResourceManager/1.5.0 (.NET 6.0.16; Microsoft Windows 10.0.22621)",
        "x-ms-client-request-id": "2e1d4da0afd6e7c54d76efcf152dc5dd",
        "x-ms-return-client-request-id": "true"
      },
      "RequestBody": null,
      "StatusCode": 200,
      "ResponseHeaders": {
        "Cache-Control": "no-cache",
        "Content-Length": "108",
        "Content-Type": "application/json; charset=utf-8",
        "Date": "Fri, 12 May 2023 04:11:18 GMT",
        "Expires": "-1",
        "Pragma": "no-cache",
        "Retry-After": "60",
        "Server": "Microsoft-HTTPAPI/2.0",
        "Strict-Transport-Security": "max-age=31536000; includeSubDomains",
        "X-Content-Type-Options": "nosniff",
        "x-ms-correlation-request-id": "91dd6f2d-a6c4-41a4-a10c-0fb10bd57a6f",
        "x-ms-ratelimit-remaining-subscription-reads": "11986",
        "x-ms-request-id": "96d74ad4-fe20-41af-950a-332d47fcccc7",
        "x-ms-routing-request-id": "SOUTHEASTASIA:20230512T041119Z:91dd6f2d-a6c4-41a4-a10c-0fb10bd57a6f"
      },
      "ResponseBody": {
        "name": "cac96168-e06a-4db8-8634-9f44cffa1969",
        "status": "InProgress",
        "startTime": "2023-05-12T04:09:16.303Z"
      }
    },
    {
      "RequestUri": "https://management.azure.com/subscriptions/db1ab6f0-4769-4b27-930e-01e2ef9c123c/providers/Microsoft.DBforPostgreSQL/locations/eastus/azureAsyncOperation/cac96168-e06a-4db8-8634-9f44cffa1969?api-version=2022-12-01",
      "RequestMethod": "GET",
      "RequestHeaders": {
        "Authorization": "Sanitized",
        "traceparent": "00-2360d6e63a70944937fe7cc125efc73d-894f127568675a1e-00",
        "User-Agent": "azsdk-net-ResourceManager/1.5.0 (.NET 6.0.16; Microsoft Windows 10.0.22621)",
        "x-ms-client-request-id": "daa812e4f24effeccf99526b1b249283",
        "x-ms-return-client-request-id": "true"
      },
      "RequestBody": null,
      "StatusCode": 200,
      "ResponseHeaders": {
        "Cache-Control": "no-cache",
        "Content-Length": "108",
        "Content-Type": "application/json; charset=utf-8",
        "Date": "Fri, 12 May 2023 04:12:19 GMT",
        "Expires": "-1",
        "Pragma": "no-cache",
        "Retry-After": "60",
        "Server": "Microsoft-HTTPAPI/2.0",
        "Strict-Transport-Security": "max-age=31536000; includeSubDomains",
        "X-Content-Type-Options": "nosniff",
        "x-ms-correlation-request-id": "e3465b17-6a6b-46a2-bac8-a050180c7655",
        "x-ms-ratelimit-remaining-subscription-reads": "11985",
        "x-ms-request-id": "7cea1265-97e2-4977-9574-570947cf6aaa",
        "x-ms-routing-request-id": "SOUTHEASTASIA:20230512T041220Z:e3465b17-6a6b-46a2-bac8-a050180c7655"
      },
      "ResponseBody": {
        "name": "cac96168-e06a-4db8-8634-9f44cffa1969",
        "status": "InProgress",
        "startTime": "2023-05-12T04:09:16.303Z"
      }
    },
    {
      "RequestUri": "https://management.azure.com/subscriptions/db1ab6f0-4769-4b27-930e-01e2ef9c123c/providers/Microsoft.DBforPostgreSQL/locations/eastus/azureAsyncOperation/cac96168-e06a-4db8-8634-9f44cffa1969?api-version=2022-12-01",
      "RequestMethod": "GET",
      "RequestHeaders": {
        "Authorization": "Sanitized",
        "traceparent": "00-2360d6e63a70944937fe7cc125efc73d-e6cbd24a5e9fa661-00",
        "User-Agent": "azsdk-net-ResourceManager/1.5.0 (.NET 6.0.16; Microsoft Windows 10.0.22621)",
        "x-ms-client-request-id": "e587e91d0dd914a536593f7ed111e3ee",
        "x-ms-return-client-request-id": "true"
      },
      "RequestBody": null,
      "StatusCode": 200,
      "ResponseHeaders": {
        "Cache-Control": "no-cache",
        "Content-Length": "108",
        "Content-Type": "application/json; charset=utf-8",
        "Date": "Fri, 12 May 2023 04:13:20 GMT",
        "Expires": "-1",
        "Pragma": "no-cache",
        "Retry-After": "60",
        "Server": "Microsoft-HTTPAPI/2.0",
        "Strict-Transport-Security": "max-age=31536000; includeSubDomains",
        "X-Content-Type-Options": "nosniff",
        "x-ms-correlation-request-id": "bd048fd5-b950-470d-8080-64dea1c85591",
        "x-ms-ratelimit-remaining-subscription-reads": "11984",
        "x-ms-request-id": "a92ff68a-348f-413e-b59a-8512d9f7a6a1",
        "x-ms-routing-request-id": "SOUTHEASTASIA:20230512T041321Z:bd048fd5-b950-470d-8080-64dea1c85591"
      },
      "ResponseBody": {
        "name": "cac96168-e06a-4db8-8634-9f44cffa1969",
        "status": "InProgress",
        "startTime": "2023-05-12T04:09:16.303Z"
      }
    },
    {
      "RequestUri": "https://management.azure.com/subscriptions/db1ab6f0-4769-4b27-930e-01e2ef9c123c/providers/Microsoft.DBforPostgreSQL/locations/eastus/azureAsyncOperation/cac96168-e06a-4db8-8634-9f44cffa1969?api-version=2022-12-01",
      "RequestMethod": "GET",
      "RequestHeaders": {
        "Authorization": "Sanitized",
        "traceparent": "00-2360d6e63a70944937fe7cc125efc73d-e48a33466e5758c9-00",
        "User-Agent": "azsdk-net-ResourceManager/1.5.0 (.NET 6.0.16; Microsoft Windows 10.0.22621)",
        "x-ms-client-request-id": "e8b57f42def6ad6d601d5f3c5d5acc28",
        "x-ms-return-client-request-id": "true"
      },
      "RequestBody": null,
      "StatusCode": 200,
      "ResponseHeaders": {
        "Cache-Control": "no-cache",
        "Content-Length": "107",
        "Content-Type": "application/json; charset=utf-8",
        "Date": "Fri, 12 May 2023 04:14:22 GMT",
        "Expires": "-1",
        "Pragma": "no-cache",
        "Retry-After": "60",
        "Server": "Microsoft-HTTPAPI/2.0",
        "Strict-Transport-Security": "max-age=31536000; includeSubDomains",
        "X-Content-Type-Options": "nosniff",
        "x-ms-correlation-request-id": "584eb219-f081-4159-a781-81596dde2493",
        "x-ms-ratelimit-remaining-subscription-reads": "11983",
        "x-ms-request-id": "107d1567-4a37-42b7-a68d-a850aa4e24f7",
        "x-ms-routing-request-id": "SOUTHEASTASIA:20230512T041422Z:584eb219-f081-4159-a781-81596dde2493"
      },
      "ResponseBody": {
        "name": "cac96168-e06a-4db8-8634-9f44cffa1969",
        "status": "Succeeded",
        "startTime": "2023-05-12T04:09:16.303Z"
      }
    },
    {
      "RequestUri": "https://management.azure.com/subscriptions/db1ab6f0-4769-4b27-930e-01e2ef9c123c/resourceGroups/pgflexrg607/providers/Microsoft.DBforPostgreSQL/flexibleServers/pgflexserver3465?api-version=2022-12-01",
      "RequestMethod": "GET",
      "RequestHeaders": {
        "Authorization": "Sanitized",
        "traceparent": "00-2360d6e63a70944937fe7cc125efc73d-4f46a25e09b9ff01-00",
        "User-Agent": "azsdk-net-ResourceManager/1.5.0 (.NET 6.0.16; Microsoft Windows 10.0.22621)",
        "x-ms-client-request-id": "2bb16be3dfa6d6046d93a4f4b26d2ebd",
        "x-ms-return-client-request-id": "true"
      },
      "RequestBody": null,
      "StatusCode": 200,
      "ResponseHeaders": {
        "Cache-Control": "no-cache",
        "Content-Length": "1477",
        "Content-Type": "application/json; charset=utf-8",
        "Date": "Fri, 12 May 2023 04:14:22 GMT",
        "Expires": "-1",
        "Pragma": "no-cache",
        "Server": "Microsoft-HTTPAPI/2.0",
        "Strict-Transport-Security": "max-age=31536000; includeSubDomains",
        "X-Content-Type-Options": "nosniff",
        "x-ms-correlation-request-id": "601f49e7-a85c-4ced-b518-86da2be53f97",
        "x-ms-ratelimit-remaining-subscription-reads": "11982",
        "x-ms-request-id": "62cede8c-ff96-4108-b99e-956012fec735",
        "x-ms-routing-request-id": "SOUTHEASTASIA:20230512T041423Z:601f49e7-a85c-4ced-b518-86da2be53f97"
      },
      "ResponseBody": {
        "sku": {
          "name": "Standard_D2s_v3",
          "tier": "GeneralPurpose"
        },
        "systemData": {
          "createdAt": "2023-05-12T04:09:23.6465640Z"
        },
        "properties": {
          "authConfig": {
            "activeDirectoryAuth": "Disabled",
            "passwordAuth": "Enabled"
          },
          "dataEncryption": {
            "type": "SystemManaged"
          },
          "fullyQualifiedDomainName": "pgflexserver3465.postgres.database.azure.com",
          "version": "14",
          "minorVersion": "7",
          "administratorLogin": "testUser",
          "state": "Ready",
          "availabilityZone": "3",
          "storage": {
            "storageSizeGB": 128
          },
          "backup": {
            "backupRetentionDays": 7,
            "geoRedundantBackup": "Enabled",
            "earliestRestoreDate": "2023-05-12T04:09:23.646564\u002B00:00"
          },
          "network": {
            "publicNetworkAccess": "Disabled",
            "delegatedSubnetResourceId": "/subscriptions/db1ab6f0-4769-4b27-930e-01e2ef9c123c/resourceGroups/pgflexrg607/providers/Microsoft.Network/virtualNetworks/vnet6377/subnets/subnet7502",
            "privateDnsZoneArmResourceId": "/subscriptions/db1ab6f0-4769-4b27-930e-01e2ef9c123c/resourceGroups/pgflexrg607/providers/Microsoft.Network/privateDnsZones/pgflexserver3465.private.postgres.database.azure.com"
          },
          "highAvailability": {
            "mode": "Disabled",
            "state": "NotEnabled"
          },
          "maintenanceWindow": {
            "customWindow": "Disabled",
            "dayOfWeek": 0,
            "startHour": 0,
            "startMinute": 0
          },
          "replicationRole": "Primary",
          "replicaCapacity": 5
        },
        "location": "East US",
        "tags": {},
        "id": "/subscriptions/db1ab6f0-4769-4b27-930e-01e2ef9c123c/resourceGroups/pgflexrg607/providers/Microsoft.DBforPostgreSQL/flexibleServers/pgflexserver3465",
        "name": "pgflexserver3465",
        "type": "Microsoft.DBforPostgreSQL/flexibleServers"
      }
    },
    {
      "RequestUri": "https://management.azure.com/subscriptions/db1ab6f0-4769-4b27-930e-01e2ef9c123c/resourcegroups/pgflexrg607?api-version=**",
      "RequestMethod": "GET",
      "RequestHeaders": {
        "Accept": "application/json",
        "Authorization": "Sanitized",
        "traceparent": "00-5a4472cb64c741bd3eebfa9cadb536a4-ec9e068ddeb07092-00",
        "User-Agent": "azsdk-net-ResourceManager/1.5.0 (.NET 6.0.16; Microsoft Windows 10.0.22621)",
        "x-ms-client-request-id": "9b2963b6aa6f3f8d7cd984bcae69b6db",
        "x-ms-return-client-request-id": "true"
      },
      "RequestBody": null,
      "StatusCode": 200,
      "ResponseHeaders": {
        "Cache-Control": "no-cache",
        "Content-Length": "219",
        "Content-Type": "application/json; charset=utf-8",
        "Date": "Fri, 12 May 2023 04:14:23 GMT",
        "Expires": "-1",
        "Pragma": "no-cache",
        "Strict-Transport-Security": "max-age=31536000; includeSubDomains",
        "X-Content-Type-Options": "nosniff",
        "x-ms-correlation-request-id": "9934d8f0-8a4c-4a89-8299-de58ee4720b4",
        "x-ms-ratelimit-remaining-subscription-reads": "11981",
        "x-ms-request-id": "9934d8f0-8a4c-4a89-8299-de58ee4720b4",
        "x-ms-routing-request-id": "SOUTHEASTASIA:20230512T041423Z:9934d8f0-8a4c-4a89-8299-de58ee4720b4"
      },
      "ResponseBody": {
        "id": "/subscriptions/db1ab6f0-4769-4b27-930e-01e2ef9c123c/resourceGroups/pgflexrg607",
        "name": "pgflexrg607",
        "type": "Microsoft.Resources/resourceGroups",
        "location": "eastus",
        "properties": {
          "provisioningState": "Succeeded"
        }
      }
    },
    {
      "RequestUri": "https://management.azure.com/subscriptions/db1ab6f0-4769-4b27-930e-01e2ef9c123c/resourceGroups/pgflexrg607/providers/Microsoft.Network/virtualNetworks/vnet7993?api-version=**",
      "RequestMethod": "PUT",
      "RequestHeaders": {
        "Accept": "application/json",
        "Authorization": "Sanitized",
        "Content-Length": "397",
        "Content-Type": "application/json",
        "traceparent": "00-fef1db615f16e8b95e153739c68f6681-9fd1bdf163d76e74-00",
        "User-Agent": "azsdk-net-ResourceManager.Network/1.1.0 (.NET 6.0.16; Microsoft Windows 10.0.22621)",
        "x-ms-client-request-id": "669b178db75f62487bde7b633a79fbf3",
        "x-ms-return-client-request-id": "true"
      },
      "RequestBody": {
        "location": "westus",
        "properties": {
          "addressSpace": {
            "addressPrefixes": [
              "10.0.0.0/16"
            ]
          },
          "subnets": [
            {
              "name": "subnet742",
              "properties": {
                "addressPrefix": "10.0.0.0/24",
                "delegations": [
                  {
                    "name": "Microsoft.DBforPostgreSQL/flexibleServers",
                    "properties": {
                      "serviceName": "Microsoft.DBforPostgreSQL/flexibleServers"
                    }
                  }
                ],
                "privateEndpointNetworkPolicies": "Disabled",
                "privateLinkServiceNetworkPolicies": "Enabled"
              }
            }
          ]
        }
      },
      "StatusCode": 201,
      "ResponseHeaders": {
        "Azure-AsyncNotification": "Enabled",
        "Azure-AsyncOperation": "https://management.azure.com/subscriptions/db1ab6f0-4769-4b27-930e-01e2ef9c123c/providers/Microsoft.Network/locations/westus/operations/e3845cbf-e01f-47db-90c7-310a186fcfd9?api-version=2021-02-01",
        "Cache-Control": "no-cache",
        "Content-Length": "2007",
        "Content-Type": "application/json; charset=utf-8",
        "Date": "Fri, 12 May 2023 04:14:27 GMT",
        "Expires": "-1",
        "Pragma": "no-cache",
        "Retry-After": "3",
        "Server": [
          "Microsoft-HTTPAPI/2.0",
          "Microsoft-HTTPAPI/2.0"
        ],
        "Strict-Transport-Security": "max-age=31536000; includeSubDomains",
        "X-Content-Type-Options": "nosniff",
        "x-ms-arm-service-request-id": "17b96ec7-8be0-4df5-b9b6-7133576c71f1",
        "x-ms-client-request-id": "669b178db75f62487bde7b633a79fbf3",
        "x-ms-correlation-request-id": "8cc10b55-44eb-46bf-b4f8-5c87ea2c07db",
        "x-ms-ratelimit-remaining-subscription-writes": "1196",
        "x-ms-request-id": "e3845cbf-e01f-47db-90c7-310a186fcfd9",
        "x-ms-routing-request-id": "SOUTHEASTASIA:20230512T041427Z:8cc10b55-44eb-46bf-b4f8-5c87ea2c07db"
      },
      "ResponseBody": {
        "name": "vnet7993",
        "id": "/subscriptions/db1ab6f0-4769-4b27-930e-01e2ef9c123c/resourceGroups/pgflexrg607/providers/Microsoft.Network/virtualNetworks/vnet7993",
        "etag": "W/\u0022e349193b-971e-4e11-84ef-95a7e4b83d48\u0022",
        "type": "Microsoft.Network/virtualNetworks",
        "location": "westus",
        "properties": {
          "provisioningState": "Updating",
          "resourceGuid": "e08777c2-9e5b-45e6-8dfe-7467a0795583",
          "addressSpace": {
            "addressPrefixes": [
              "10.0.0.0/16"
            ]
          },
          "subnets": [
            {
              "name": "subnet742",
              "id": "/subscriptions/db1ab6f0-4769-4b27-930e-01e2ef9c123c/resourceGroups/pgflexrg607/providers/Microsoft.Network/virtualNetworks/vnet7993/subnets/subnet742",
              "etag": "W/\u0022e349193b-971e-4e11-84ef-95a7e4b83d48\u0022",
              "properties": {
                "provisioningState": "Updating",
                "addressPrefix": "10.0.0.0/24",
                "delegations": [
                  {
                    "name": "Microsoft.DBforPostgreSQL/flexibleServers",
                    "id": "/subscriptions/db1ab6f0-4769-4b27-930e-01e2ef9c123c/resourceGroups/pgflexrg607/providers/Microsoft.Network/virtualNetworks/vnet7993/subnets/subnet742/delegations/Microsoft.DBforPostgreSQL/flexibleServers",
                    "etag": "W/\u0022e349193b-971e-4e11-84ef-95a7e4b83d48\u0022",
                    "properties": {
                      "provisioningState": "Succeeded",
                      "serviceName": "Microsoft.DBforPostgreSQL/flexibleServers",
                      "actions": [
                        "Microsoft.Network/virtualNetworks/subnets/join/action"
                      ]
                    },
                    "type": "Microsoft.Network/virtualNetworks/subnets/delegations"
                  }
                ],
                "privateEndpointNetworkPolicies": "Disabled",
                "privateLinkServiceNetworkPolicies": "Enabled"
              },
              "type": "Microsoft.Network/virtualNetworks/subnets"
            }
          ],
          "virtualNetworkPeerings": [],
          "enableDdosProtection": false
        }
      }
    },
    {
      "RequestUri": "https://management.azure.com/subscriptions/db1ab6f0-4769-4b27-930e-01e2ef9c123c/providers/Microsoft.Network/locations/westus/operations/e3845cbf-e01f-47db-90c7-310a186fcfd9?api-version=**",
      "RequestMethod": "GET",
      "RequestHeaders": {
        "Authorization": "Sanitized",
        "traceparent": "00-fef1db615f16e8b95e153739c68f6681-08e13265a73f6465-00",
        "User-Agent": "azsdk-net-ResourceManager/1.5.0 (.NET 6.0.16; Microsoft Windows 10.0.22621)",
        "x-ms-client-request-id": "9a67c8dcc8d2ff5e1bc720902e290502",
        "x-ms-return-client-request-id": "true"
      },
      "RequestBody": null,
      "StatusCode": 200,
      "ResponseHeaders": {
        "Cache-Control": "no-cache",
        "Content-Length": "30",
        "Content-Type": "application/json; charset=utf-8",
        "Date": "Fri, 12 May 2023 04:14:28 GMT",
        "Expires": "-1",
        "Pragma": "no-cache",
        "Retry-After": "10",
        "Server": [
          "Microsoft-HTTPAPI/2.0",
          "Microsoft-HTTPAPI/2.0"
        ],
        "Strict-Transport-Security": "max-age=31536000; includeSubDomains",
        "X-Content-Type-Options": "nosniff",
        "x-ms-arm-service-request-id": "bf992ff7-d90d-4018-b55e-7fbc90e054be",
        "x-ms-client-request-id": "9a67c8dcc8d2ff5e1bc720902e290502",
        "x-ms-correlation-request-id": "13404bae-c61d-4ee6-a660-3bd432309f22",
        "x-ms-ratelimit-remaining-subscription-reads": "11980",
        "x-ms-request-id": "b1e8b82a-cc18-4de1-bd13-87c6f14a3e7f",
        "x-ms-routing-request-id": "SOUTHEASTASIA:20230512T041428Z:13404bae-c61d-4ee6-a660-3bd432309f22"
      },
      "ResponseBody": {
        "status": "InProgress"
      }
    },
    {
      "RequestUri": "https://management.azure.com/subscriptions/db1ab6f0-4769-4b27-930e-01e2ef9c123c/providers/Microsoft.Network/locations/westus/operations/e3845cbf-e01f-47db-90c7-310a186fcfd9?api-version=**",
      "RequestMethod": "GET",
      "RequestHeaders": {
        "Authorization": "Sanitized",
        "traceparent": "00-fef1db615f16e8b95e153739c68f6681-74e7a51fb5aaab75-00",
        "User-Agent": "azsdk-net-ResourceManager/1.5.0 (.NET 6.0.16; Microsoft Windows 10.0.22621)",
        "x-ms-client-request-id": "0ccd91debce35caa5d6187ee077b0633",
        "x-ms-return-client-request-id": "true"
      },
      "RequestBody": null,
      "StatusCode": 200,
      "ResponseHeaders": {
        "Cache-Control": "no-cache",
        "Content-Length": "29",
        "Content-Type": "application/json; charset=utf-8",
        "Date": "Fri, 12 May 2023 04:14:38 GMT",
        "Expires": "-1",
        "Pragma": "no-cache",
        "Server": [
          "Microsoft-HTTPAPI/2.0",
          "Microsoft-HTTPAPI/2.0"
        ],
        "Strict-Transport-Security": "max-age=31536000; includeSubDomains",
        "X-Content-Type-Options": "nosniff",
        "x-ms-arm-service-request-id": "c861c166-05a7-4b18-ac17-9e0d0d1aa09d",
        "x-ms-client-request-id": "0ccd91debce35caa5d6187ee077b0633",
        "x-ms-correlation-request-id": "47f9d7e2-2e86-46b5-9960-d0ed107818b1",
        "x-ms-ratelimit-remaining-subscription-reads": "11979",
        "x-ms-request-id": "9b7d7252-8bc8-485f-aec0-bcd2b092430f",
        "x-ms-routing-request-id": "SOUTHEASTASIA:20230512T041438Z:47f9d7e2-2e86-46b5-9960-d0ed107818b1"
      },
      "ResponseBody": {
        "status": "Succeeded"
      }
    },
    {
      "RequestUri": "https://management.azure.com/subscriptions/db1ab6f0-4769-4b27-930e-01e2ef9c123c/resourceGroups/pgflexrg607/providers/Microsoft.Network/virtualNetworks/vnet7993?api-version=**",
      "RequestMethod": "GET",
      "RequestHeaders": {
        "Authorization": "Sanitized",
        "traceparent": "00-fef1db615f16e8b95e153739c68f6681-0ddd343b44e90453-00",
        "User-Agent": "azsdk-net-ResourceManager/1.5.0 (.NET 6.0.16; Microsoft Windows 10.0.22621)",
        "x-ms-client-request-id": "718677b6601126204386df6a10290ab4",
        "x-ms-return-client-request-id": "true"
      },
      "RequestBody": null,
      "StatusCode": 200,
      "ResponseHeaders": {
        "Cache-Control": "no-cache",
        "Content-Length": "2009",
        "Content-Type": "application/json; charset=utf-8",
        "Date": "Fri, 12 May 2023 04:14:38 GMT",
        "ETag": "W/\u00222e787d47-626a-4639-987c-be90c830b6bd\u0022",
        "Expires": "-1",
        "Pragma": "no-cache",
        "Server": [
          "Microsoft-HTTPAPI/2.0",
          "Microsoft-HTTPAPI/2.0"
        ],
        "Strict-Transport-Security": "max-age=31536000; includeSubDomains",
        "X-Content-Type-Options": "nosniff",
        "x-ms-arm-service-request-id": "1c9c593c-00b3-446e-8cff-1a1315a61096",
        "x-ms-client-request-id": "718677b6601126204386df6a10290ab4",
        "x-ms-correlation-request-id": "0597dc58-dcc0-4b4c-8449-16dda8c542ed",
        "x-ms-ratelimit-remaining-subscription-reads": "11978",
        "x-ms-request-id": "490f6937-12e9-493d-90c5-05dd9983d82f",
        "x-ms-routing-request-id": "SOUTHEASTASIA:20230512T041439Z:0597dc58-dcc0-4b4c-8449-16dda8c542ed"
      },
      "ResponseBody": {
        "name": "vnet7993",
        "id": "/subscriptions/db1ab6f0-4769-4b27-930e-01e2ef9c123c/resourceGroups/pgflexrg607/providers/Microsoft.Network/virtualNetworks/vnet7993",
        "etag": "W/\u00222e787d47-626a-4639-987c-be90c830b6bd\u0022",
        "type": "Microsoft.Network/virtualNetworks",
        "location": "westus",
        "properties": {
          "provisioningState": "Succeeded",
          "resourceGuid": "e08777c2-9e5b-45e6-8dfe-7467a0795583",
          "addressSpace": {
            "addressPrefixes": [
              "10.0.0.0/16"
            ]
          },
          "subnets": [
            {
              "name": "subnet742",
              "id": "/subscriptions/db1ab6f0-4769-4b27-930e-01e2ef9c123c/resourceGroups/pgflexrg607/providers/Microsoft.Network/virtualNetworks/vnet7993/subnets/subnet742",
              "etag": "W/\u00222e787d47-626a-4639-987c-be90c830b6bd\u0022",
              "properties": {
                "provisioningState": "Succeeded",
                "addressPrefix": "10.0.0.0/24",
                "delegations": [
                  {
                    "name": "Microsoft.DBforPostgreSQL/flexibleServers",
                    "id": "/subscriptions/db1ab6f0-4769-4b27-930e-01e2ef9c123c/resourceGroups/pgflexrg607/providers/Microsoft.Network/virtualNetworks/vnet7993/subnets/subnet742/delegations/Microsoft.DBforPostgreSQL/flexibleServers",
                    "etag": "W/\u00222e787d47-626a-4639-987c-be90c830b6bd\u0022",
                    "properties": {
                      "provisioningState": "Succeeded",
                      "serviceName": "Microsoft.DBforPostgreSQL/flexibleServers",
                      "actions": [
                        "Microsoft.Network/virtualNetworks/subnets/join/action"
                      ]
                    },
                    "type": "Microsoft.Network/virtualNetworks/subnets/delegations"
                  }
                ],
                "privateEndpointNetworkPolicies": "Disabled",
                "privateLinkServiceNetworkPolicies": "Enabled"
              },
              "type": "Microsoft.Network/virtualNetworks/subnets"
            }
          ],
          "virtualNetworkPeerings": [],
          "enableDdosProtection": false
        }
      }
    },
    {
      "RequestUri": "https://management.azure.com/subscriptions/db1ab6f0-4769-4b27-930e-01e2ef9c123c/resourcegroups/pgflexrg607?api-version=**",
      "RequestMethod": "GET",
      "RequestHeaders": {
        "Accept": "application/json",
        "Authorization": "Sanitized",
        "traceparent": "00-2c8dc1c0af6b96dcc7de45d8b205a54f-064fa4469f3cf2a5-00",
        "User-Agent": "azsdk-net-ResourceManager/1.5.0 (.NET 6.0.16; Microsoft Windows 10.0.22621)",
        "x-ms-client-request-id": "c9eeac6b1b7a20201d0b3d71406ff79f",
        "x-ms-return-client-request-id": "true"
      },
      "RequestBody": null,
      "StatusCode": 200,
      "ResponseHeaders": {
        "Cache-Control": "no-cache",
        "Content-Length": "219",
        "Content-Type": "application/json; charset=utf-8",
        "Date": "Fri, 12 May 2023 04:14:38 GMT",
        "Expires": "-1",
        "Pragma": "no-cache",
        "Strict-Transport-Security": "max-age=31536000; includeSubDomains",
        "X-Content-Type-Options": "nosniff",
        "x-ms-correlation-request-id": "65f95e12-e624-46ae-881e-a9b9f3e99c19",
        "x-ms-ratelimit-remaining-subscription-reads": "11977",
        "x-ms-request-id": "65f95e12-e624-46ae-881e-a9b9f3e99c19",
        "x-ms-routing-request-id": "SOUTHEASTASIA:20230512T041439Z:65f95e12-e624-46ae-881e-a9b9f3e99c19"
      },
      "ResponseBody": {
        "id": "/subscriptions/db1ab6f0-4769-4b27-930e-01e2ef9c123c/resourceGroups/pgflexrg607",
        "name": "pgflexrg607",
        "type": "Microsoft.Resources/resourceGroups",
        "location": "eastus",
        "properties": {
          "provisioningState": "Succeeded"
        }
      }
    },
    {
      "RequestUri": "https://management.azure.com/tenants?api-version=2021-01-01",
      "RequestMethod": "GET",
      "RequestHeaders": {
        "Accept": "application/json",
        "Authorization": "Sanitized",
        "traceparent": "00-7f9bffebca8dbc5bcb1c5fe040748e91-0687d6e750762df1-00",
        "User-Agent": "azsdk-net-ResourceManager/1.5.0 (.NET 6.0.16; Microsoft Windows 10.0.22621)",
        "x-ms-client-request-id": "b7d9ecc093a27df071a6c95ddd404b34",
        "x-ms-return-client-request-id": "true"
      },
      "RequestBody": null,
      "StatusCode": 200,
      "ResponseHeaders": {
        "Cache-Control": "no-cache",
        "Content-Length": "140",
        "Content-Type": "application/json; charset=utf-8",
        "Date": "Fri, 12 May 2023 04:14:38 GMT",
        "Expires": "-1",
        "Pragma": "no-cache",
        "Strict-Transport-Security": "max-age=31536000; includeSubDomains",
        "X-Content-Type-Options": "nosniff",
        "x-ms-correlation-request-id": "2b6211b8-c271-4f7b-8bd5-1f6d37cf1ac2",
        "x-ms-ratelimit-remaining-tenant-reads": "11998",
        "x-ms-request-id": "2b6211b8-c271-4f7b-8bd5-1f6d37cf1ac2",
        "x-ms-routing-request-id": "SOUTHEASTASIA:20230512T041439Z:2b6211b8-c271-4f7b-8bd5-1f6d37cf1ac2"
      },
      "ResponseBody": {
        "value": [
          {
            "id": "/tenants/72f988bf-86f1-41af-91ab-2d7cd011db47",
            "tenantId": "72f988bf-86f1-41af-91ab-2d7cd011db47",
            "tenantCategory": "Home"
          }
        ]
      }
    },
    {
      "RequestUri": "https://management.azure.com/providers/Microsoft.DBforPostgreSQL/getPrivateDnsZoneSuffix?api-version=2022-12-01",
      "RequestMethod": "POST",
      "RequestHeaders": {
        "Accept": "application/json",
        "Authorization": "Sanitized",
        "Content-Length": "0",
        "traceparent": "00-23206f2a5f01787ba8a00bf81d096745-948436cf367a034d-00",
        "User-Agent": "azsdk-net-ResourceManager.PostgreSql/1.2.0-alpha.20230512.1 (.NET 6.0.16; Microsoft Windows 10.0.22621)",
        "x-ms-client-request-id": "5b82d2563d8c9bb95666540623afe6d3",
        "x-ms-return-client-request-id": "true"
      },
      "RequestBody": null,
      "StatusCode": 200,
      "ResponseHeaders": {
        "Cache-Control": "no-cache",
        "Content-Length": "29",
        "Content-Type": "application/json; charset=utf-8",
        "Date": "Fri, 12 May 2023 04:14:39 GMT",
        "Expires": "-1",
        "Pragma": "no-cache",
        "Server": "Microsoft-HTTPAPI/2.0",
        "Strict-Transport-Security": "max-age=31536000; includeSubDomains",
        "X-Content-Type-Options": "nosniff",
        "x-ms-correlation-request-id": "01a3a5c8-d410-4f65-87fb-5c7a9a1f3d77",
        "x-ms-ratelimit-remaining-tenant-writes": "1198",
        "x-ms-request-id": "74342625-17fb-4f71-b951-2cd492a531e5",
        "x-ms-routing-request-id": "SOUTHEASTASIA:20230512T041440Z:01a3a5c8-d410-4f65-87fb-5c7a9a1f3d77"
      },
      "ResponseBody": "\u0022postgres.database.azure.com\u0022"
    },
    {
      "RequestUri": "https://management.azure.com/subscriptions/db1ab6f0-4769-4b27-930e-01e2ef9c123c/resourceGroups/pgflexrg607/providers/Microsoft.Network/privateDnsZones/pgflexserver289.private.postgres.database.azure.com?api-version=**",
      "RequestMethod": "PUT",
      "RequestHeaders": {
        "Accept": "application/json",
        "Authorization": "Sanitized",
        "Content-Length": "47",
        "Content-Type": "application/json",
        "traceparent": "00-5434ea63e89a671a43b624f4aacad45c-f9efc463843f44ef-00",
        "User-Agent": "azsdk-net-ResourceManager.PrivateDns/1.0.0 (.NET 6.0.16; Microsoft Windows 10.0.22621)",
        "x-ms-client-request-id": "24a93f8e524fd811bb7158d352c342dc",
        "x-ms-return-client-request-id": "true"
      },
      "RequestBody": {
        "tags": {},
        "location": "global",
        "properties": {}
      },
      "StatusCode": 202,
      "ResponseHeaders": {
        "Azure-AsyncOperation": "https://management.azure.com:443/subscriptions/db1ab6f0-4769-4b27-930e-01e2ef9c123c/resourceGroups/pgflexrg607/providers/Microsoft.Network/privateDnsOperationStatuses/RnJvbnRFbmRBc3luY09wZXJhdGlvbjtVcHNlcnRQcml2YXRlRG5zWm9uZTtiOTNmMjFhZS1hMWYwLTQ3YzUtYWVkZS04OGUyMzZmY2VjOWZfZGIxYWI2ZjAtNDc2OS00YjI3LTkzMGUtMDFlMmVmOWMxMjNj?api-version=2020-06-01",
        "Cache-Control": "private",
        "Content-Length": "2",
        "Content-Type": "application/json; charset=utf-8",
        "Date": "Fri, 12 May 2023 04:14:44 GMT",
        "Location": "https://management.azure.com/subscriptions/db1ab6f0-4769-4b27-930e-01e2ef9c123c/resourceGroups/pgflexrg607/providers/Microsoft.Network/privateDnsOperationResults/RnJvbnRFbmRBc3luY09wZXJhdGlvbjtVcHNlcnRQcml2YXRlRG5zWm9uZTtiOTNmMjFhZS1hMWYwLTQ3YzUtYWVkZS04OGUyMzZmY2VjOWZfZGIxYWI2ZjAtNDc2OS00YjI3LTkzMGUtMDFlMmVmOWMxMjNj?api-version=2020-06-01",
        "Retry-After": "30",
        "Server": "Microsoft-IIS/10.0",
        "Strict-Transport-Security": "max-age=31536000; includeSubDomains",
        "X-AspNet-Version": "4.0.30319",
        "X-Content-Type-Options": "nosniff",
        "x-ms-correlation-request-id": "1dc62dfa-7ee2-4078-9df0-f078b59b45e2",
        "x-ms-ratelimit-remaining-subscription-resource-requests": "11998",
        "x-ms-request-id": "24a93f8e-524f-d811-bb71-58d352c342dc",
        "x-ms-routing-request-id": "SOUTHEASTASIA:20230512T041444Z:1dc62dfa-7ee2-4078-9df0-f078b59b45e2",
        "X-Powered-By": "ASP.NET"
      },
      "ResponseBody": {}
    },
    {
      "RequestUri": "https://management.azure.com/subscriptions/db1ab6f0-4769-4b27-930e-01e2ef9c123c/resourceGroups/pgflexrg607/providers/Microsoft.Network/privateDnsOperationStatuses/RnJvbnRFbmRBc3luY09wZXJhdGlvbjtVcHNlcnRQcml2YXRlRG5zWm9uZTtiOTNmMjFhZS1hMWYwLTQ3YzUtYWVkZS04OGUyMzZmY2VjOWZfZGIxYWI2ZjAtNDc2OS00YjI3LTkzMGUtMDFlMmVmOWMxMjNj?api-version=**",
      "RequestMethod": "GET",
      "RequestHeaders": {
        "Authorization": "Sanitized",
        "traceparent": "00-5434ea63e89a671a43b624f4aacad45c-9784950eff501dac-00",
        "User-Agent": "azsdk-net-ResourceManager/1.5.0 (.NET 6.0.16; Microsoft Windows 10.0.22621)",
        "x-ms-client-request-id": "9dcef5c0269603e4c0aa9f1be4e54993",
        "x-ms-return-client-request-id": "true"
      },
      "RequestBody": null,
      "StatusCode": 202,
      "ResponseHeaders": {
        "Azure-AsyncOperation": "https://management.azure.com:443/subscriptions/db1ab6f0-4769-4b27-930e-01e2ef9c123c/resourceGroups/pgflexrg607/providers/Microsoft.Network/privateDnsOperationStatuses/RnJvbnRFbmRBc3luY09wZXJhdGlvbjtVcHNlcnRQcml2YXRlRG5zWm9uZTtiOTNmMjFhZS1hMWYwLTQ3YzUtYWVkZS04OGUyMzZmY2VjOWZfZGIxYWI2ZjAtNDc2OS00YjI3LTkzMGUtMDFlMmVmOWMxMjNj?api-version=2020-06-01",
        "Cache-Control": "private",
        "Content-Length": "23",
        "Content-Type": "application/json; charset=utf-8",
        "Date": "Fri, 12 May 2023 04:14:44 GMT",
        "Location": "https://management.azure.com/subscriptions/db1ab6f0-4769-4b27-930e-01e2ef9c123c/resourceGroups/pgflexrg607/providers/Microsoft.Network/privateDnsOperationResults/RnJvbnRFbmRBc3luY09wZXJhdGlvbjtVcHNlcnRQcml2YXRlRG5zWm9uZTtiOTNmMjFhZS1hMWYwLTQ3YzUtYWVkZS04OGUyMzZmY2VjOWZfZGIxYWI2ZjAtNDc2OS00YjI3LTkzMGUtMDFlMmVmOWMxMjNj?api-version=2020-06-01",
        "Retry-After": "30",
        "Server": "Microsoft-IIS/10.0",
        "Strict-Transport-Security": "max-age=31536000; includeSubDomains",
        "X-AspNet-Version": "4.0.30319",
        "X-Content-Type-Options": "nosniff",
        "x-ms-correlation-request-id": "438feecc-906c-464c-b6e6-401adb143f42",
        "x-ms-ratelimit-remaining-subscription-resource-requests": "494",
        "x-ms-request-id": "9dcef5c0-2696-03e4-c0aa-9f1be4e54993",
        "x-ms-routing-request-id": "SOUTHEASTASIA:20230512T041445Z:438feecc-906c-464c-b6e6-401adb143f42",
        "X-Powered-By": "ASP.NET"
      },
      "ResponseBody": {
        "status": "InProgress"
      }
    },
    {
      "RequestUri": "https://management.azure.com/subscriptions/db1ab6f0-4769-4b27-930e-01e2ef9c123c/resourceGroups/pgflexrg607/providers/Microsoft.Network/privateDnsOperationStatuses/RnJvbnRFbmRBc3luY09wZXJhdGlvbjtVcHNlcnRQcml2YXRlRG5zWm9uZTtiOTNmMjFhZS1hMWYwLTQ3YzUtYWVkZS04OGUyMzZmY2VjOWZfZGIxYWI2ZjAtNDc2OS00YjI3LTkzMGUtMDFlMmVmOWMxMjNj?api-version=**",
      "RequestMethod": "GET",
      "RequestHeaders": {
        "Authorization": "Sanitized",
        "traceparent": "00-5434ea63e89a671a43b624f4aacad45c-7d51d763d1bd2ffc-00",
        "User-Agent": "azsdk-net-ResourceManager/1.5.0 (.NET 6.0.16; Microsoft Windows 10.0.22621)",
        "x-ms-client-request-id": "1a4677237894f2e52d26f111f1d598d1",
        "x-ms-return-client-request-id": "true"
      },
      "RequestBody": null,
      "StatusCode": 200,
      "ResponseHeaders": {
        "Cache-Control": "private",
        "Content-Length": "22",
        "Content-Type": "application/json; charset=utf-8",
        "Date": "Fri, 12 May 2023 04:15:15 GMT",
        "Server": "Microsoft-IIS/10.0",
        "Strict-Transport-Security": "max-age=31536000; includeSubDomains",
        "X-AspNet-Version": "4.0.30319",
        "X-Content-Type-Options": "nosniff",
        "x-ms-correlation-request-id": "93ceae96-9d2d-4373-a3ee-3318772c2aec",
        "x-ms-ratelimit-remaining-subscription-resource-requests": "498",
        "x-ms-request-id": "1a467723-7894-f2e5-2d26-f111f1d598d1",
        "x-ms-routing-request-id": "SOUTHEASTASIA:20230512T041515Z:93ceae96-9d2d-4373-a3ee-3318772c2aec",
        "X-Powered-By": "ASP.NET"
      },
      "ResponseBody": {
        "status": "Succeeded"
      }
    },
    {
      "RequestUri": "https://management.azure.com/subscriptions/db1ab6f0-4769-4b27-930e-01e2ef9c123c/resourceGroups/pgflexrg607/providers/Microsoft.Network/privateDnsZones/pgflexserver289.private.postgres.database.azure.com?api-version=**",
      "RequestMethod": "GET",
      "RequestHeaders": {
        "Authorization": "Sanitized",
        "traceparent": "00-5434ea63e89a671a43b624f4aacad45c-66e72d5b495aae24-00",
        "User-Agent": "azsdk-net-ResourceManager/1.5.0 (.NET 6.0.16; Microsoft Windows 10.0.22621)",
        "x-ms-client-request-id": "5c139617a5f499452316ad43fdf69e4e",
        "x-ms-return-client-request-id": "true"
      },
      "RequestBody": null,
      "StatusCode": 200,
      "ResponseHeaders": {
        "Cache-Control": "private",
        "Content-Length": "739",
        "Content-Type": "application/json; charset=utf-8",
        "Date": "Fri, 12 May 2023 04:15:15 GMT",
        "ETag": "c3e72e04-2049-4826-b3e4-f8904ca24413",
        "Server": "Microsoft-IIS/10.0",
        "Strict-Transport-Security": "max-age=31536000; includeSubDomains",
        "X-AspNet-Version": "4.0.30319",
        "X-Content-Type-Options": "nosniff",
        "x-ms-correlation-request-id": "99c97bd3-64fe-4106-b837-ce326347f97a",
        "x-ms-ratelimit-remaining-subscription-resource-requests": "499",
        "x-ms-request-id": "5c139617-a5f4-9945-2316-ad43fdf69e4e",
        "x-ms-routing-request-id": "SOUTHEASTASIA:20230512T041515Z:99c97bd3-64fe-4106-b837-ce326347f97a",
        "X-Powered-By": "ASP.NET"
      },
      "ResponseBody": {
        "id": "/subscriptions/db1ab6f0-4769-4b27-930e-01e2ef9c123c/resourceGroups/pgflexrg607/providers/Microsoft.Network/privateDnsZones/pgflexserver289.private.postgres.database.azure.com",
        "name": "pgflexserver289.private.postgres.database.azure.com",
        "type": "Microsoft.Network/privateDnsZones",
        "etag": "c3e72e04-2049-4826-b3e4-f8904ca24413",
        "location": "global",
        "tags": {},
        "properties": {
          "internalId": "SW1tdXRhYmxlWm9uZUlkZW50aXR5OzdhOGY4OTdjLWZhNWMtNGYyMS1iYmRhLTZmOWFlMjQ3ZThmNjsw",
          "maxNumberOfRecordSets": 25000,
          "maxNumberOfVirtualNetworkLinks": 1000,
          "maxNumberOfVirtualNetworkLinksWithRegistration": 100,
          "numberOfRecordSets": 1,
          "numberOfVirtualNetworkLinks": 0,
          "numberOfVirtualNetworkLinksWithRegistration": 0,
          "provisioningState": "Succeeded"
        }
      }
    },
    {
      "RequestUri": "https://management.azure.com/subscriptions/db1ab6f0-4769-4b27-930e-01e2ef9c123c/resourceGroups/pgflexrg607/providers/Microsoft.Network/privateDnsZones/pgflexserver289.private.postgres.database.azure.com/virtualNetworkLinks/vnet7993-link?api-version=**",
      "RequestMethod": "PUT",
      "RequestHeaders": {
        "Accept": "application/json",
        "Authorization": "Sanitized",
        "Content-Length": "232",
        "Content-Type": "application/json",
        "traceparent": "00-28a5e2e5e30dbe4402f615d1e67d5e2a-418a71252cd126f1-00",
        "User-Agent": "azsdk-net-ResourceManager.PrivateDns/1.0.0 (.NET 6.0.16; Microsoft Windows 10.0.22621)",
        "x-ms-client-request-id": "c818cef43fa3482d0fdc707035d312ea",
        "x-ms-return-client-request-id": "true"
      },
      "RequestBody": {
        "tags": {},
        "location": "global",
        "properties": {
          "virtualNetwork": {
            "id": "/subscriptions/db1ab6f0-4769-4b27-930e-01e2ef9c123c/resourceGroups/pgflexrg607/providers/Microsoft.Network/virtualNetworks/vnet7993"
          },
          "registrationEnabled": false
        }
      },
      "StatusCode": 202,
      "ResponseHeaders": {
        "Azure-AsyncOperation": "https://management.azure.com:443/subscriptions/db1ab6f0-4769-4b27-930e-01e2ef9c123c/resourceGroups/pgflexrg607/providers/Microsoft.Network/privateDnsOperationStatuses/RnJvbnRFbmRBc3luY09wZXJhdGlvbjtVcHNlcnRWaXJ0dWFsTmV0d29ya0xpbms7NmI0MjQ3YmItYmNhMi00MTBjLWE0N2QtNDJmZmQzYjYxZjU3X2RiMWFiNmYwLTQ3NjktNGIyNy05MzBlLTAxZTJlZjljMTIzYw==?api-version=2020-06-01",
        "Cache-Control": "private",
        "Content-Length": "2",
        "Content-Type": "application/json; charset=utf-8",
        "Date": "Fri, 12 May 2023 04:15:19 GMT",
        "Location": "https://management.azure.com/subscriptions/db1ab6f0-4769-4b27-930e-01e2ef9c123c/resourceGroups/pgflexrg607/providers/Microsoft.Network/privateDnsOperationResults/RnJvbnRFbmRBc3luY09wZXJhdGlvbjtVcHNlcnRWaXJ0dWFsTmV0d29ya0xpbms7NmI0MjQ3YmItYmNhMi00MTBjLWE0N2QtNDJmZmQzYjYxZjU3X2RiMWFiNmYwLTQ3NjktNGIyNy05MzBlLTAxZTJlZjljMTIzYw==?api-version=2020-06-01",
        "Retry-After": "30",
        "Server": "Microsoft-IIS/10.0",
        "Strict-Transport-Security": "max-age=31536000; includeSubDomains",
        "X-AspNet-Version": "4.0.30319",
        "X-Content-Type-Options": "nosniff",
        "x-ms-correlation-request-id": "e44c9c5f-474e-4d0e-9d19-f7d9f0ad8def",
        "x-ms-ratelimit-remaining-subscription-resource-requests": "11998",
        "x-ms-request-id": "c818cef4-3fa3-482d-0fdc-707035d312ea",
        "x-ms-routing-request-id": "SOUTHEASTASIA:20230512T041519Z:e44c9c5f-474e-4d0e-9d19-f7d9f0ad8def",
        "X-Powered-By": "ASP.NET"
      },
      "ResponseBody": {}
    },
    {
      "RequestUri": "https://management.azure.com/subscriptions/db1ab6f0-4769-4b27-930e-01e2ef9c123c/resourceGroups/pgflexrg607/providers/Microsoft.Network/privateDnsOperationStatuses/RnJvbnRFbmRBc3luY09wZXJhdGlvbjtVcHNlcnRWaXJ0dWFsTmV0d29ya0xpbms7NmI0MjQ3YmItYmNhMi00MTBjLWE0N2QtNDJmZmQzYjYxZjU3X2RiMWFiNmYwLTQ3NjktNGIyNy05MzBlLTAxZTJlZjljMTIzYw==?api-version=**",
      "RequestMethod": "GET",
      "RequestHeaders": {
        "Authorization": "Sanitized",
        "traceparent": "00-28a5e2e5e30dbe4402f615d1e67d5e2a-6f3c0cb57d206dd4-00",
        "User-Agent": "azsdk-net-ResourceManager/1.5.0 (.NET 6.0.16; Microsoft Windows 10.0.22621)",
        "x-ms-client-request-id": "231da287d0bdd72e69cb4c1835d56350",
        "x-ms-return-client-request-id": "true"
      },
      "RequestBody": null,
      "StatusCode": 202,
      "ResponseHeaders": {
        "Azure-AsyncOperation": "https://management.azure.com:443/subscriptions/db1ab6f0-4769-4b27-930e-01e2ef9c123c/resourceGroups/pgflexrg607/providers/Microsoft.Network/privateDnsOperationStatuses/RnJvbnRFbmRBc3luY09wZXJhdGlvbjtVcHNlcnRWaXJ0dWFsTmV0d29ya0xpbms7NmI0MjQ3YmItYmNhMi00MTBjLWE0N2QtNDJmZmQzYjYxZjU3X2RiMWFiNmYwLTQ3NjktNGIyNy05MzBlLTAxZTJlZjljMTIzYw==?api-version=2020-06-01",
        "Cache-Control": "private",
        "Content-Length": "23",
        "Content-Type": "application/json; charset=utf-8",
        "Date": "Fri, 12 May 2023 04:15:19 GMT",
        "Location": "https://management.azure.com/subscriptions/db1ab6f0-4769-4b27-930e-01e2ef9c123c/resourceGroups/pgflexrg607/providers/Microsoft.Network/privateDnsOperationResults/RnJvbnRFbmRBc3luY09wZXJhdGlvbjtVcHNlcnRWaXJ0dWFsTmV0d29ya0xpbms7NmI0MjQ3YmItYmNhMi00MTBjLWE0N2QtNDJmZmQzYjYxZjU3X2RiMWFiNmYwLTQ3NjktNGIyNy05MzBlLTAxZTJlZjljMTIzYw==?api-version=2020-06-01",
        "Retry-After": "30",
        "Server": "Microsoft-IIS/10.0",
        "Strict-Transport-Security": "max-age=31536000; includeSubDomains",
        "X-AspNet-Version": "4.0.30319",
        "X-Content-Type-Options": "nosniff",
        "x-ms-correlation-request-id": "ede37a4b-3007-4d0d-8a55-a5938526cbb7",
        "x-ms-ratelimit-remaining-subscription-resource-requests": "497",
        "x-ms-request-id": "231da287-d0bd-d72e-69cb-4c1835d56350",
        "x-ms-routing-request-id": "SOUTHEASTASIA:20230512T041520Z:ede37a4b-3007-4d0d-8a55-a5938526cbb7",
        "X-Powered-By": "ASP.NET"
      },
      "ResponseBody": {
        "status": "InProgress"
      }
    },
    {
      "RequestUri": "https://management.azure.com/subscriptions/db1ab6f0-4769-4b27-930e-01e2ef9c123c/resourceGroups/pgflexrg607/providers/Microsoft.Network/privateDnsOperationStatuses/RnJvbnRFbmRBc3luY09wZXJhdGlvbjtVcHNlcnRWaXJ0dWFsTmV0d29ya0xpbms7NmI0MjQ3YmItYmNhMi00MTBjLWE0N2QtNDJmZmQzYjYxZjU3X2RiMWFiNmYwLTQ3NjktNGIyNy05MzBlLTAxZTJlZjljMTIzYw==?api-version=**",
      "RequestMethod": "GET",
      "RequestHeaders": {
        "Authorization": "Sanitized",
        "traceparent": "00-28a5e2e5e30dbe4402f615d1e67d5e2a-ff92cfe4e608b346-00",
        "User-Agent": "azsdk-net-ResourceManager/1.5.0 (.NET 6.0.16; Microsoft Windows 10.0.22621)",
        "x-ms-client-request-id": "2f31c20451f2077c2f9a96f548ae7d6d",
        "x-ms-return-client-request-id": "true"
      },
      "RequestBody": null,
      "StatusCode": 202,
      "ResponseHeaders": {
        "Azure-AsyncOperation": "https://management.azure.com:443/subscriptions/db1ab6f0-4769-4b27-930e-01e2ef9c123c/resourceGroups/pgflexrg607/providers/Microsoft.Network/privateDnsOperationStatuses/RnJvbnRFbmRBc3luY09wZXJhdGlvbjtVcHNlcnRWaXJ0dWFsTmV0d29ya0xpbms7NmI0MjQ3YmItYmNhMi00MTBjLWE0N2QtNDJmZmQzYjYxZjU3X2RiMWFiNmYwLTQ3NjktNGIyNy05MzBlLTAxZTJlZjljMTIzYw==?api-version=2020-06-01",
        "Cache-Control": "private",
        "Content-Length": "23",
        "Content-Type": "application/json; charset=utf-8",
        "Date": "Fri, 12 May 2023 04:15:50 GMT",
        "Location": "https://management.azure.com/subscriptions/db1ab6f0-4769-4b27-930e-01e2ef9c123c/resourceGroups/pgflexrg607/providers/Microsoft.Network/privateDnsOperationResults/RnJvbnRFbmRBc3luY09wZXJhdGlvbjtVcHNlcnRWaXJ0dWFsTmV0d29ya0xpbms7NmI0MjQ3YmItYmNhMi00MTBjLWE0N2QtNDJmZmQzYjYxZjU3X2RiMWFiNmYwLTQ3NjktNGIyNy05MzBlLTAxZTJlZjljMTIzYw==?api-version=2020-06-01",
        "Retry-After": "30",
        "Server": "Microsoft-IIS/10.0",
        "Strict-Transport-Security": "max-age=31536000; includeSubDomains",
        "X-AspNet-Version": "4.0.30319",
        "X-Content-Type-Options": "nosniff",
        "x-ms-correlation-request-id": "9545d46a-70ab-4967-b3fc-1b5d8a912836",
        "x-ms-ratelimit-remaining-subscription-resource-requests": "496",
        "x-ms-request-id": "2f31c204-51f2-077c-2f9a-96f548ae7d6d",
        "x-ms-routing-request-id": "SOUTHEASTASIA:20230512T041550Z:9545d46a-70ab-4967-b3fc-1b5d8a912836",
        "X-Powered-By": "ASP.NET"
      },
      "ResponseBody": {
        "status": "InProgress"
      }
    },
    {
      "RequestUri": "https://management.azure.com/subscriptions/db1ab6f0-4769-4b27-930e-01e2ef9c123c/resourceGroups/pgflexrg607/providers/Microsoft.Network/privateDnsOperationStatuses/RnJvbnRFbmRBc3luY09wZXJhdGlvbjtVcHNlcnRWaXJ0dWFsTmV0d29ya0xpbms7NmI0MjQ3YmItYmNhMi00MTBjLWE0N2QtNDJmZmQzYjYxZjU3X2RiMWFiNmYwLTQ3NjktNGIyNy05MzBlLTAxZTJlZjljMTIzYw==?api-version=**",
      "RequestMethod": "GET",
      "RequestHeaders": {
        "Authorization": "Sanitized",
        "traceparent": "00-28a5e2e5e30dbe4402f615d1e67d5e2a-9b4e64b7e4ed100a-00",
        "User-Agent": "azsdk-net-ResourceManager/1.5.0 (.NET 6.0.16; Microsoft Windows 10.0.22621)",
        "x-ms-client-request-id": "92e839e7efb5412d9f2ce306a086485b",
        "x-ms-return-client-request-id": "true"
      },
      "RequestBody": null,
      "StatusCode": 200,
      "ResponseHeaders": {
        "Cache-Control": "private",
        "Content-Length": "22",
        "Content-Type": "application/json; charset=utf-8",
        "Date": "Fri, 12 May 2023 04:16:20 GMT",
        "Server": "Microsoft-IIS/10.0",
        "Strict-Transport-Security": "max-age=31536000; includeSubDomains",
        "X-AspNet-Version": "4.0.30319",
        "X-Content-Type-Options": "nosniff",
        "x-ms-correlation-request-id": "a8921151-2c62-40a9-a8a3-aebc1ead9d00",
        "x-ms-ratelimit-remaining-subscription-resource-requests": "495",
        "x-ms-request-id": "92e839e7-efb5-412d-9f2c-e306a086485b",
        "x-ms-routing-request-id": "SOUTHEASTASIA:20230512T041620Z:a8921151-2c62-40a9-a8a3-aebc1ead9d00",
        "X-Powered-By": "ASP.NET"
      },
      "ResponseBody": {
        "status": "Succeeded"
      }
    },
    {
      "RequestUri": "https://management.azure.com/subscriptions/db1ab6f0-4769-4b27-930e-01e2ef9c123c/resourceGroups/pgflexrg607/providers/Microsoft.Network/privateDnsZones/pgflexserver289.private.postgres.database.azure.com/virtualNetworkLinks/vnet7993-link?api-version=**",
      "RequestMethod": "GET",
      "RequestHeaders": {
        "Authorization": "Sanitized",
        "traceparent": "00-28a5e2e5e30dbe4402f615d1e67d5e2a-3c583a37413c122c-00",
        "User-Agent": "azsdk-net-ResourceManager/1.5.0 (.NET 6.0.16; Microsoft Windows 10.0.22621)",
        "x-ms-client-request-id": "087aa64ac57036442615f32339388fbb",
        "x-ms-return-client-request-id": "true"
      },
      "RequestBody": null,
      "StatusCode": 200,
      "ResponseHeaders": {
        "Cache-Control": "private",
        "Content-Length": "674",
        "Content-Type": "application/json; charset=utf-8",
        "Date": "Fri, 12 May 2023 04:16:20 GMT",
        "ETag": "\u0022a305e3b9-0000-0100-0000-645dbd840000\u0022",
        "Server": "Microsoft-IIS/10.0",
        "Strict-Transport-Security": "max-age=31536000; includeSubDomains",
        "X-AspNet-Version": "4.0.30319",
        "X-Content-Type-Options": "nosniff",
        "x-ms-correlation-request-id": "bfece5de-a1e8-446a-8291-4ab3c5eee797",
        "x-ms-ratelimit-remaining-subscription-resource-requests": "499",
        "x-ms-request-id": "087aa64a-c570-3644-2615-f32339388fbb",
        "x-ms-routing-request-id": "SOUTHEASTASIA:20230512T041621Z:bfece5de-a1e8-446a-8291-4ab3c5eee797",
        "X-Powered-By": "ASP.NET"
      },
      "ResponseBody": {
        "id": "/subscriptions/db1ab6f0-4769-4b27-930e-01e2ef9c123c/resourceGroups/pgflexrg607/providers/Microsoft.Network/privateDnsZones/pgflexserver289.private.postgres.database.azure.com/virtualNetworkLinks/vnet7993-link",
        "name": "vnet7993-link",
        "type": "Microsoft.Network/privateDnsZones/virtualNetworkLinks",
        "etag": "\u0022a305e3b9-0000-0100-0000-645dbd840000\u0022",
        "location": "global",
        "tags": {},
        "properties": {
          "provisioningState": "Succeeded",
          "registrationEnabled": false,
          "virtualNetwork": {
            "id": "/subscriptions/db1ab6f0-4769-4b27-930e-01e2ef9c123c/resourceGroups/pgflexrg607/providers/Microsoft.Network/virtualNetworks/vnet7993"
          },
          "virtualNetworkLinkState": "Completed"
        }
      }
    },
    {
      "RequestUri": "https://management.azure.com/subscriptions/db1ab6f0-4769-4b27-930e-01e2ef9c123c/resourceGroups/pgflexrg607/providers/Microsoft.DBforPostgreSQL/flexibleServers/pgflexserver289?api-version=2022-12-01",
      "RequestMethod": "PUT",
      "RequestHeaders": {
        "Accept": "application/json",
        "Authorization": "Sanitized",
        "Content-Length": "694",
        "Content-Type": "application/json",
        "traceparent": "00-a0b5ac92db8afe1379920c990ac0c489-c93b2579f197a52c-00",
        "User-Agent": "azsdk-net-ResourceManager.PostgreSql/1.2.0-alpha.20230512.1 (.NET 6.0.16; Microsoft Windows 10.0.22621)",
        "x-ms-client-request-id": "fb30df4ed0ed159a94f090c56d7666a9",
        "x-ms-return-client-request-id": "true"
      },
      "RequestBody": {
        "tags": {},
        "location": "westus",
        "properties": {
          "network": {
            "delegatedSubnetResourceId": "/subscriptions/db1ab6f0-4769-4b27-930e-01e2ef9c123c/resourceGroups/pgflexrg607/providers/Microsoft.Network/virtualNetworks/vnet7993/subnets/subnet742",
            "privateDnsZoneArmResourceId": "/subscriptions/db1ab6f0-4769-4b27-930e-01e2ef9c123c/resourceGroups/pgflexrg607/providers/Microsoft.Network/privateDnsZones/pgflexserver289.private.postgres.database.azure.com"
          },
          "sourceServerResourceId": "/subscriptions/db1ab6f0-4769-4b27-930e-01e2ef9c123c/resourceGroups/pgflexrg607/providers/Microsoft.DBforPostgreSQL/flexibleServers/pgflexserver3465",
          "pointInTimeUTC": "2023-05-12T04:16:21.5963056Z",
          "createMode": "GeoRestore"
        }
      },
      "StatusCode": 400,
      "ResponseHeaders": {
        "Cache-Control": "no-cache",
        "Content-Length": "143",
        "Content-Type": "application/json; charset=utf-8",
        "Date": "Fri, 12 May 2023 04:16:25 GMT",
        "Expires": "-1",
        "Pragma": "no-cache",
        "Server": "Microsoft-HTTPAPI/2.0",
        "Strict-Transport-Security": "max-age=31536000; includeSubDomains",
        "X-Content-Type-Options": "nosniff",
        "x-ms-correlation-request-id": "d49161c2-1c9a-49c6-93b1-4f9e616e2523",
        "x-ms-ratelimit-remaining-subscription-writes": "1195",
        "x-ms-request-id": "9881d7ce-f856-4be8-80a7-79227bb04c38",
        "x-ms-routing-request-id": "SOUTHEASTASIA:20230512T041626Z:d49161c2-1c9a-49c6-93b1-4f9e616e2523"
      },
      "ResponseBody": {
        "error": {
          "code": "GeoBackupsNotAvailable",
          "message": "Unable to geo-restore server pgflexserver3465 as its geo-backups are not available yet."
        }
      }
    },
    {
      "RequestUri": "https://management.azure.com/subscriptions/db1ab6f0-4769-4b27-930e-01e2ef9c123c/resourceGroups/pgflexrg607/providers/Microsoft.DBforPostgreSQL/flexibleServers/pgflexserver289?api-version=2022-12-01",
      "RequestMethod": "PUT",
      "RequestHeaders": {
        "Accept": "application/json",
        "Authorization": "Sanitized",
        "Content-Length": "694",
        "Content-Type": "application/json",
        "traceparent": "00-79db5b82a80170ea66d79c54c1558fc2-ac47e2edbb39f907-00",
        "User-Agent": "azsdk-net-ResourceManager.PostgreSql/1.2.0-alpha.20230512.1 (.NET 6.0.16; Microsoft Windows 10.0.22621)",
        "x-ms-client-request-id": "a1aa3a51743422fcf5b16ca0fb0a0866",
        "x-ms-return-client-request-id": "true"
      },
      "RequestBody": {
        "tags": {},
        "location": "westus",
        "properties": {
          "network": {
            "delegatedSubnetResourceId": "/subscriptions/db1ab6f0-4769-4b27-930e-01e2ef9c123c/resourceGroups/pgflexrg607/providers/Microsoft.Network/virtualNetworks/vnet7993/subnets/subnet742",
            "privateDnsZoneArmResourceId": "/subscriptions/db1ab6f0-4769-4b27-930e-01e2ef9c123c/resourceGroups/pgflexrg607/providers/Microsoft.Network/privateDnsZones/pgflexserver289.private.postgres.database.azure.com"
          },
          "sourceServerResourceId": "/subscriptions/db1ab6f0-4769-4b27-930e-01e2ef9c123c/resourceGroups/pgflexrg607/providers/Microsoft.DBforPostgreSQL/flexibleServers/pgflexserver3465",
          "pointInTimeUTC": "2023-05-12T04:22:26.7368409Z",
          "createMode": "GeoRestore"
        }
      },
      "StatusCode": 400,
      "ResponseHeaders": {
        "Cache-Control": "no-cache",
        "Content-Length": "143",
        "Content-Type": "application/json; charset=utf-8",
        "Date": "Fri, 12 May 2023 04:22:31 GMT",
        "Expires": "-1",
        "Pragma": "no-cache",
        "Server": "Microsoft-HTTPAPI/2.0",
        "Strict-Transport-Security": "max-age=31536000; includeSubDomains",
        "X-Content-Type-Options": "nosniff",
        "x-ms-correlation-request-id": "864db397-52b6-4b4a-8109-d4336042bfce",
        "x-ms-ratelimit-remaining-subscription-writes": "1199",
        "x-ms-request-id": "c418d5ed-dc25-4309-9c9b-9fd8b3004727",
        "x-ms-routing-request-id": "SOUTHEASTASIA:20230512T042232Z:864db397-52b6-4b4a-8109-d4336042bfce"
      },
      "ResponseBody": {
        "error": {
          "code": "GeoBackupsNotAvailable",
          "message": "Unable to geo-restore server pgflexserver3465 as its geo-backups are not available yet."
        }
      }
    },
    {
      "RequestUri": "https://management.azure.com/subscriptions/db1ab6f0-4769-4b27-930e-01e2ef9c123c/resourceGroups/pgflexrg607/providers/Microsoft.DBforPostgreSQL/flexibleServers/pgflexserver289?api-version=2022-12-01",
      "RequestMethod": "PUT",
      "RequestHeaders": {
        "Accept": "application/json",
        "Authorization": "Sanitized",
        "Content-Length": "694",
        "Content-Type": "application/json",
        "traceparent": "00-5e19c4a758c8ad3378f66f7d987bf6f0-072f495516ba6848-00",
        "User-Agent": "azsdk-net-ResourceManager.PostgreSql/1.2.0-alpha.20230512.1 (.NET 6.0.16; Microsoft Windows 10.0.22621)",
        "x-ms-client-request-id": "c1b7289c4d557a6e0c657480347ec9af",
        "x-ms-return-client-request-id": "true"
      },
      "RequestBody": {
        "tags": {},
        "location": "westus",
        "properties": {
          "network": {
            "delegatedSubnetResourceId": "/subscriptions/db1ab6f0-4769-4b27-930e-01e2ef9c123c/resourceGroups/pgflexrg607/providers/Microsoft.Network/virtualNetworks/vnet7993/subnets/subnet742",
            "privateDnsZoneArmResourceId": "/subscriptions/db1ab6f0-4769-4b27-930e-01e2ef9c123c/resourceGroups/pgflexrg607/providers/Microsoft.Network/privateDnsZones/pgflexserver289.private.postgres.database.azure.com"
          },
          "sourceServerResourceId": "/subscriptions/db1ab6f0-4769-4b27-930e-01e2ef9c123c/resourceGroups/pgflexrg607/providers/Microsoft.DBforPostgreSQL/flexibleServers/pgflexserver3465",
          "pointInTimeUTC": "2023-05-12T04:28:32.2205250Z",
          "createMode": "GeoRestore"
        }
      },
      "StatusCode": 400,
      "ResponseHeaders": {
        "Cache-Control": "no-cache",
        "Content-Length": "143",
        "Content-Type": "application/json; charset=utf-8",
        "Date": "Fri, 12 May 2023 04:28:36 GMT",
        "Expires": "-1",
        "Pragma": "no-cache",
        "Server": "Microsoft-HTTPAPI/2.0",
        "Strict-Transport-Security": "max-age=31536000; includeSubDomains",
        "X-Content-Type-Options": "nosniff",
        "x-ms-correlation-request-id": "912a3fe9-859a-4186-815d-a54cf1aabd1f",
        "x-ms-ratelimit-remaining-subscription-writes": "1199",
        "x-ms-request-id": "022454fc-76b6-459a-aef9-ba553ccd4f97",
        "x-ms-routing-request-id": "SOUTHEASTASIA:20230512T042837Z:912a3fe9-859a-4186-815d-a54cf1aabd1f"
      },
      "ResponseBody": {
        "error": {
          "code": "GeoBackupsNotAvailable",
          "message": "Unable to geo-restore server pgflexserver3465 as its geo-backups are not available yet."
        }
      }
    },
    {
      "RequestUri": "https://management.azure.com/subscriptions/db1ab6f0-4769-4b27-930e-01e2ef9c123c/resourceGroups/pgflexrg607/providers/Microsoft.DBforPostgreSQL/flexibleServers/pgflexserver289?api-version=2022-12-01",
      "RequestMethod": "PUT",
      "RequestHeaders": {
        "Accept": "application/json",
        "Authorization": "Sanitized",
        "Content-Length": "694",
        "Content-Type": "application/json",
        "traceparent": "00-4612c3d32ef78c2a4e7afe409b2b1d49-c96b95f975abce9f-00",
        "User-Agent": "azsdk-net-ResourceManager.PostgreSql/1.2.0-alpha.20230512.1 (.NET 6.0.16; Microsoft Windows 10.0.22621)",
        "x-ms-client-request-id": "fed249afee8eda86e20d063b63fa198a",
        "x-ms-return-client-request-id": "true"
      },
      "RequestBody": {
        "tags": {},
        "location": "westus",
        "properties": {
          "network": {
            "delegatedSubnetResourceId": "/subscriptions/db1ab6f0-4769-4b27-930e-01e2ef9c123c/resourceGroups/pgflexrg607/providers/Microsoft.Network/virtualNetworks/vnet7993/subnets/subnet742",
            "privateDnsZoneArmResourceId": "/subscriptions/db1ab6f0-4769-4b27-930e-01e2ef9c123c/resourceGroups/pgflexrg607/providers/Microsoft.Network/privateDnsZones/pgflexserver289.private.postgres.database.azure.com"
          },
          "sourceServerResourceId": "/subscriptions/db1ab6f0-4769-4b27-930e-01e2ef9c123c/resourceGroups/pgflexrg607/providers/Microsoft.DBforPostgreSQL/flexibleServers/pgflexserver3465",
          "pointInTimeUTC": "2023-05-12T04:34:37.4201036Z",
          "createMode": "GeoRestore"
        }
      },
      "StatusCode": 400,
      "ResponseHeaders": {
        "Cache-Control": "no-cache",
        "Content-Length": "143",
        "Content-Type": "application/json; charset=utf-8",
        "Date": "Fri, 12 May 2023 04:34:43 GMT",
        "Expires": "-1",
        "Pragma": "no-cache",
        "Server": "Microsoft-HTTPAPI/2.0",
        "Strict-Transport-Security": "max-age=31536000; includeSubDomains",
        "X-Content-Type-Options": "nosniff",
        "x-ms-correlation-request-id": "ea46b83c-97ae-49e2-a5b5-bfde414570ee",
        "x-ms-ratelimit-remaining-subscription-writes": "1199",
        "x-ms-request-id": "3e26160a-c79c-4a39-aebe-a4f92f1b6234",
        "x-ms-routing-request-id": "SOUTHEASTASIA:20230512T043443Z:ea46b83c-97ae-49e2-a5b5-bfde414570ee"
      },
      "ResponseBody": {
        "error": {
          "code": "GeoBackupsNotAvailable",
          "message": "Unable to geo-restore server pgflexserver3465 as its geo-backups are not available yet."
        }
      }
    },
    {
      "RequestUri": "https://management.azure.com/subscriptions/db1ab6f0-4769-4b27-930e-01e2ef9c123c/resourceGroups/pgflexrg607/providers/Microsoft.DBforPostgreSQL/flexibleServers/pgflexserver289?api-version=2022-12-01",
      "RequestMethod": "PUT",
      "RequestHeaders": {
        "Accept": "application/json",
        "Authorization": "Sanitized",
        "Content-Length": "694",
        "Content-Type": "application/json",
        "traceparent": "00-a66cf26728bdf518313dae4ead246360-c7efacbabec2d7cf-00",
        "User-Agent": "azsdk-net-ResourceManager.PostgreSql/1.2.0-alpha.20230512.1 (.NET 6.0.16; Microsoft Windows 10.0.22621)",
        "x-ms-client-request-id": "44282ae7a4be0453cc3095cf007bed76",
        "x-ms-return-client-request-id": "true"
      },
      "RequestBody": {
        "tags": {},
        "location": "westus",
        "properties": {
          "network": {
            "delegatedSubnetResourceId": "/subscriptions/db1ab6f0-4769-4b27-930e-01e2ef9c123c/resourceGroups/pgflexrg607/providers/Microsoft.Network/virtualNetworks/vnet7993/subnets/subnet742",
            "privateDnsZoneArmResourceId": "/subscriptions/db1ab6f0-4769-4b27-930e-01e2ef9c123c/resourceGroups/pgflexrg607/providers/Microsoft.Network/privateDnsZones/pgflexserver289.private.postgres.database.azure.com"
          },
          "sourceServerResourceId": "/subscriptions/db1ab6f0-4769-4b27-930e-01e2ef9c123c/resourceGroups/pgflexrg607/providers/Microsoft.DBforPostgreSQL/flexibleServers/pgflexserver3465",
          "pointInTimeUTC": "2023-05-12T04:40:43.7855103Z",
          "createMode": "GeoRestore"
        }
      },
      "StatusCode": 400,
      "ResponseHeaders": {
        "Cache-Control": "no-cache",
        "Content-Length": "143",
        "Content-Type": "application/json; charset=utf-8",
        "Date": "Fri, 12 May 2023 04:40:50 GMT",
        "Expires": "-1",
        "Pragma": "no-cache",
        "Server": "Microsoft-HTTPAPI/2.0",
        "Strict-Transport-Security": "max-age=31536000; includeSubDomains",
        "X-Content-Type-Options": "nosniff",
        "x-ms-correlation-request-id": "c90453de-0837-4e62-91ef-bc285ef06e13",
        "x-ms-ratelimit-remaining-subscription-writes": "1199",
        "x-ms-request-id": "9e17f6b3-fadd-4ba8-9892-6a3f5e8a150c",
        "x-ms-routing-request-id": "SOUTHEASTASIA:20230512T044050Z:c90453de-0837-4e62-91ef-bc285ef06e13"
      },
      "ResponseBody": {
        "error": {
          "code": "GeoBackupsNotAvailable",
          "message": "Unable to geo-restore server pgflexserver3465 as its geo-backups are not available yet."
        }
      }
    },
    {
      "RequestUri": "https://management.azure.com/subscriptions/db1ab6f0-4769-4b27-930e-01e2ef9c123c/resourceGroups/pgflexrg607/providers/Microsoft.DBforPostgreSQL/flexibleServers/pgflexserver289?api-version=2022-12-01",
      "RequestMethod": "PUT",
      "RequestHeaders": {
        "Accept": "application/json",
        "Authorization": "Sanitized",
        "Content-Length": "694",
        "Content-Type": "application/json",
        "traceparent": "00-71866556286dd4be8cc559b9afd749ec-9125fbc152784761-00",
        "User-Agent": "azsdk-net-ResourceManager.PostgreSql/1.2.0-alpha.20230512.1 (.NET 6.0.16; Microsoft Windows 10.0.22621)",
        "x-ms-client-request-id": "b1f0bce80937aed8a2dddf4846321611",
        "x-ms-return-client-request-id": "true"
      },
      "RequestBody": {
        "tags": {},
        "location": "westus",
        "properties": {
          "network": {
            "delegatedSubnetResourceId": "/subscriptions/db1ab6f0-4769-4b27-930e-01e2ef9c123c/resourceGroups/pgflexrg607/providers/Microsoft.Network/virtualNetworks/vnet7993/subnets/subnet742",
            "privateDnsZoneArmResourceId": "/subscriptions/db1ab6f0-4769-4b27-930e-01e2ef9c123c/resourceGroups/pgflexrg607/providers/Microsoft.Network/privateDnsZones/pgflexserver289.private.postgres.database.azure.com"
          },
          "sourceServerResourceId": "/subscriptions/db1ab6f0-4769-4b27-930e-01e2ef9c123c/resourceGroups/pgflexrg607/providers/Microsoft.DBforPostgreSQL/flexibleServers/pgflexserver3465",
          "pointInTimeUTC": "2023-05-12T04:46:51.1502913Z",
          "createMode": "GeoRestore"
        }
      },
      "StatusCode": 202,
      "ResponseHeaders": {
        "Azure-AsyncOperation": "https://management.azure.com/subscriptions/db1ab6f0-4769-4b27-930e-01e2ef9c123c/providers/Microsoft.DBforPostgreSQL/locations/westus/azureAsyncOperation/18ab1563-fac2-4218-9677-4a4d6a69d90e?api-version=2022-12-01",
        "Cache-Control": "no-cache",
        "Content-Length": "88",
        "Content-Type": "application/json; charset=utf-8",
        "Date": "Fri, 12 May 2023 04:46:55 GMT",
        "Expires": "-1",
        "Location": "https://management.azure.com/subscriptions/db1ab6f0-4769-4b27-930e-01e2ef9c123c/providers/Microsoft.DBforPostgreSQL/locations/westus/operationResults/18ab1563-fac2-4218-9677-4a4d6a69d90e?api-version=2022-12-01",
        "Pragma": "no-cache",
        "Retry-After": "60",
        "Server": "Microsoft-HTTPAPI/2.0",
        "Strict-Transport-Security": "max-age=31536000; includeSubDomains",
        "X-Content-Type-Options": "nosniff",
        "x-ms-correlation-request-id": "d5f259c2-093c-4501-8bed-51adac93892a",
        "x-ms-ratelimit-remaining-subscription-writes": "1199",
        "x-ms-request-id": "2fd526ae-7dcf-4c58-9516-fd9cad077c61",
        "x-ms-routing-request-id": "SOUTHEASTASIA:20230512T044656Z:d5f259c2-093c-4501-8bed-51adac93892a"
      },
      "ResponseBody": {
        "operation": "RestoreSnapshotManagementOperation",
        "startTime": "2023-05-12T04:46:56.29Z"
      }
    },
    {
      "RequestUri": "https://management.azure.com/subscriptions/db1ab6f0-4769-4b27-930e-01e2ef9c123c/providers/Microsoft.DBforPostgreSQL/locations/westus/azureAsyncOperation/18ab1563-fac2-4218-9677-4a4d6a69d90e?api-version=2022-12-01",
      "RequestMethod": "GET",
      "RequestHeaders": {
        "Authorization": "Sanitized",
        "traceparent": "00-71866556286dd4be8cc559b9afd749ec-6c1f3b4747be56de-00",
        "User-Agent": "azsdk-net-ResourceManager/1.5.0 (.NET 6.0.16; Microsoft Windows 10.0.22621)",
        "x-ms-client-request-id": "a65390206709de525179a2e0c50bbd99",
        "x-ms-return-client-request-id": "true"
      },
      "RequestBody": null,
      "StatusCode": 200,
      "ResponseHeaders": {
        "Cache-Control": "no-cache",
        "Content-Length": "107",
        "Content-Type": "application/json; charset=utf-8",
        "Date": "Fri, 12 May 2023 04:46:56 GMT",
        "Expires": "-1",
        "Pragma": "no-cache",
        "Retry-After": "60",
        "Server": "Microsoft-HTTPAPI/2.0",
        "Strict-Transport-Security": "max-age=31536000; includeSubDomains",
        "X-Content-Type-Options": "nosniff",
        "x-ms-correlation-request-id": "98745eab-7dc9-4edf-b8fa-486fad514ee9",
        "x-ms-ratelimit-remaining-subscription-reads": "11997",
        "x-ms-request-id": "94d286b1-f9d6-4f9d-ba1d-f0ced924aac2",
        "x-ms-routing-request-id": "SOUTHEASTASIA:20230512T044656Z:98745eab-7dc9-4edf-b8fa-486fad514ee9"
      },
      "ResponseBody": {
        "name": "18ab1563-fac2-4218-9677-4a4d6a69d90e",
        "status": "InProgress",
        "startTime": "2023-05-12T04:46:56.29Z"
      }
    },
    {
      "RequestUri": "https://management.azure.com/subscriptions/db1ab6f0-4769-4b27-930e-01e2ef9c123c/providers/Microsoft.DBforPostgreSQL/locations/westus/azureAsyncOperation/18ab1563-fac2-4218-9677-4a4d6a69d90e?api-version=2022-12-01",
      "RequestMethod": "GET",
      "RequestHeaders": {
        "Authorization": "Sanitized",
        "traceparent": "00-71866556286dd4be8cc559b9afd749ec-cde917ed2792dd50-00",
        "User-Agent": "azsdk-net-ResourceManager/1.5.0 (.NET 6.0.16; Microsoft Windows 10.0.22621)",
        "x-ms-client-request-id": "16838419e2e26320cbe6bb69d77a56eb",
        "x-ms-return-client-request-id": "true"
      },
      "RequestBody": null,
      "StatusCode": 200,
      "ResponseHeaders": {
        "Cache-Control": "no-cache",
        "Content-Length": "107",
        "Content-Type": "application/json; charset=utf-8",
        "Date": "Fri, 12 May 2023 04:47:57 GMT",
        "Expires": "-1",
        "Pragma": "no-cache",
        "Retry-After": "60",
        "Server": "Microsoft-HTTPAPI/2.0",
        "Strict-Transport-Security": "max-age=31536000; includeSubDomains",
        "X-Content-Type-Options": "nosniff",
        "x-ms-correlation-request-id": "13f0b502-f782-42ca-b64f-6601062649ed",
        "x-ms-ratelimit-remaining-subscription-reads": "11996",
        "x-ms-request-id": "83c99216-bd99-4d0a-93a1-632ee51df7e7",
        "x-ms-routing-request-id": "SOUTHEASTASIA:20230512T044757Z:13f0b502-f782-42ca-b64f-6601062649ed"
      },
      "ResponseBody": {
        "name": "18ab1563-fac2-4218-9677-4a4d6a69d90e",
        "status": "InProgress",
        "startTime": "2023-05-12T04:46:56.29Z"
      }
    },
    {
      "RequestUri": "https://management.azure.com/subscriptions/db1ab6f0-4769-4b27-930e-01e2ef9c123c/providers/Microsoft.DBforPostgreSQL/locations/westus/azureAsyncOperation/18ab1563-fac2-4218-9677-4a4d6a69d90e?api-version=2022-12-01",
      "RequestMethod": "GET",
      "RequestHeaders": {
        "Authorization": "Sanitized",
        "traceparent": "00-71866556286dd4be8cc559b9afd749ec-31474814b85ca9e3-00",
        "User-Agent": "azsdk-net-ResourceManager/1.5.0 (.NET 6.0.16; Microsoft Windows 10.0.22621)",
        "x-ms-client-request-id": "b627780370dfe40797bab9dce21045ea",
        "x-ms-return-client-request-id": "true"
      },
      "RequestBody": null,
      "StatusCode": 200,
      "ResponseHeaders": {
        "Cache-Control": "no-cache",
        "Content-Length": "107",
        "Content-Type": "application/json; charset=utf-8",
        "Date": "Fri, 12 May 2023 04:48:57 GMT",
        "Expires": "-1",
        "Pragma": "no-cache",
        "Retry-After": "60",
        "Server": "Microsoft-HTTPAPI/2.0",
        "Strict-Transport-Security": "max-age=31536000; includeSubDomains",
        "X-Content-Type-Options": "nosniff",
        "x-ms-correlation-request-id": "dd4959c5-15e7-4f3a-a6ff-c1bcd692f5a2",
        "x-ms-ratelimit-remaining-subscription-reads": "11995",
        "x-ms-request-id": "cd2e65df-fa20-41bf-9aa1-d4a403832c67",
        "x-ms-routing-request-id": "SOUTHEASTASIA:20230512T044858Z:dd4959c5-15e7-4f3a-a6ff-c1bcd692f5a2"
      },
      "ResponseBody": {
        "name": "18ab1563-fac2-4218-9677-4a4d6a69d90e",
        "status": "InProgress",
        "startTime": "2023-05-12T04:46:56.29Z"
      }
    },
    {
      "RequestUri": "https://management.azure.com/subscriptions/db1ab6f0-4769-4b27-930e-01e2ef9c123c/providers/Microsoft.DBforPostgreSQL/locations/westus/azureAsyncOperation/18ab1563-fac2-4218-9677-4a4d6a69d90e?api-version=2022-12-01",
      "RequestMethod": "GET",
      "RequestHeaders": {
        "Authorization": "Sanitized",
        "traceparent": "00-71866556286dd4be8cc559b9afd749ec-dd492058e8e38cb3-00",
        "User-Agent": "azsdk-net-ResourceManager/1.5.0 (.NET 6.0.16; Microsoft Windows 10.0.22621)",
        "x-ms-client-request-id": "d4449810c3333d846ff0da23abe806d7",
        "x-ms-return-client-request-id": "true"
      },
      "RequestBody": null,
      "StatusCode": 200,
      "ResponseHeaders": {
        "Cache-Control": "no-cache",
        "Content-Length": "107",
        "Content-Type": "application/json; charset=utf-8",
        "Date": "Fri, 12 May 2023 04:49:58 GMT",
        "Expires": "-1",
        "Pragma": "no-cache",
        "Retry-After": "60",
        "Server": "Microsoft-HTTPAPI/2.0",
        "Strict-Transport-Security": "max-age=31536000; includeSubDomains",
        "X-Content-Type-Options": "nosniff",
        "x-ms-correlation-request-id": "e29f74eb-ea43-4fdd-b86d-1234b69ddd05",
        "x-ms-ratelimit-remaining-subscription-reads": "11994",
        "x-ms-request-id": "b5cc599e-89d3-48be-b59d-e972f2b461db",
        "x-ms-routing-request-id": "SOUTHEASTASIA:20230512T044959Z:e29f74eb-ea43-4fdd-b86d-1234b69ddd05"
      },
      "ResponseBody": {
        "name": "18ab1563-fac2-4218-9677-4a4d6a69d90e",
        "status": "InProgress",
        "startTime": "2023-05-12T04:46:56.29Z"
      }
    },
    {
      "RequestUri": "https://management.azure.com/subscriptions/db1ab6f0-4769-4b27-930e-01e2ef9c123c/providers/Microsoft.DBforPostgreSQL/locations/westus/azureAsyncOperation/18ab1563-fac2-4218-9677-4a4d6a69d90e?api-version=2022-12-01",
      "RequestMethod": "GET",
      "RequestHeaders": {
        "Authorization": "Sanitized",
        "traceparent": "00-71866556286dd4be8cc559b9afd749ec-c46b99d7d7f68788-00",
        "User-Agent": "azsdk-net-ResourceManager/1.5.0 (.NET 6.0.16; Microsoft Windows 10.0.22621)",
        "x-ms-client-request-id": "4ddcb72307e3a8ba7c9f7f27294480bb",
        "x-ms-return-client-request-id": "true"
      },
      "RequestBody": null,
      "StatusCode": 200,
      "ResponseHeaders": {
        "Cache-Control": "no-cache",
        "Content-Length": "107",
        "Content-Type": "application/json; charset=utf-8",
        "Date": "Fri, 12 May 2023 04:50:59 GMT",
        "Expires": "-1",
        "Pragma": "no-cache",
        "Retry-After": "60",
        "Server": "Microsoft-HTTPAPI/2.0",
        "Strict-Transport-Security": "max-age=31536000; includeSubDomains",
        "X-Content-Type-Options": "nosniff",
        "x-ms-correlation-request-id": "70dc1e8f-4efc-4cb4-9e7e-01346bdb4abe",
        "x-ms-ratelimit-remaining-subscription-reads": "11993",
        "x-ms-request-id": "eaae76e0-dda8-48c2-9771-870aee3b4e8a",
        "x-ms-routing-request-id": "SOUTHEASTASIA:20230512T045100Z:70dc1e8f-4efc-4cb4-9e7e-01346bdb4abe"
      },
      "ResponseBody": {
        "name": "18ab1563-fac2-4218-9677-4a4d6a69d90e",
        "status": "InProgress",
        "startTime": "2023-05-12T04:46:56.29Z"
      }
    },
    {
      "RequestUri": "https://management.azure.com/subscriptions/db1ab6f0-4769-4b27-930e-01e2ef9c123c/providers/Microsoft.DBforPostgreSQL/locations/westus/azureAsyncOperation/18ab1563-fac2-4218-9677-4a4d6a69d90e?api-version=2022-12-01",
      "RequestMethod": "GET",
      "RequestHeaders": {
        "Authorization": "Sanitized",
        "traceparent": "00-71866556286dd4be8cc559b9afd749ec-987ab4594af25c78-00",
        "User-Agent": "azsdk-net-ResourceManager/1.5.0 (.NET 6.0.16; Microsoft Windows 10.0.22621)",
        "x-ms-client-request-id": "3f59d0a1813540b7f3e947ee95e438ae",
        "x-ms-return-client-request-id": "true"
      },
      "RequestBody": null,
      "StatusCode": 200,
      "ResponseHeaders": {
        "Cache-Control": "no-cache",
        "Content-Length": "107",
        "Content-Type": "application/json; charset=utf-8",
        "Date": "Fri, 12 May 2023 04:52:00 GMT",
        "Expires": "-1",
        "Pragma": "no-cache",
        "Retry-After": "60",
        "Server": "Microsoft-HTTPAPI/2.0",
        "Strict-Transport-Security": "max-age=31536000; includeSubDomains",
        "X-Content-Type-Options": "nosniff",
        "x-ms-correlation-request-id": "77b39834-3eec-495d-a4fb-a05cae1bd96c",
        "x-ms-ratelimit-remaining-subscription-reads": "11992",
        "x-ms-request-id": "014445c1-644b-474d-a0c9-0a36230553ca",
        "x-ms-routing-request-id": "SOUTHEASTASIA:20230512T045201Z:77b39834-3eec-495d-a4fb-a05cae1bd96c"
      },
      "ResponseBody": {
        "name": "18ab1563-fac2-4218-9677-4a4d6a69d90e",
        "status": "InProgress",
        "startTime": "2023-05-12T04:46:56.29Z"
      }
    },
    {
      "RequestUri": "https://management.azure.com/subscriptions/db1ab6f0-4769-4b27-930e-01e2ef9c123c/providers/Microsoft.DBforPostgreSQL/locations/westus/azureAsyncOperation/18ab1563-fac2-4218-9677-4a4d6a69d90e?api-version=2022-12-01",
      "RequestMethod": "GET",
      "RequestHeaders": {
        "Authorization": "Sanitized",
        "traceparent": "00-71866556286dd4be8cc559b9afd749ec-99ef536d27492764-00",
        "User-Agent": "azsdk-net-ResourceManager/1.5.0 (.NET 6.0.16; Microsoft Windows 10.0.22621)",
        "x-ms-client-request-id": "2bb8e1b4f7330906dd9b5894435c142b",
        "x-ms-return-client-request-id": "true"
      },
      "RequestBody": null,
      "StatusCode": 200,
      "ResponseHeaders": {
        "Cache-Control": "no-cache",
        "Content-Length": "107",
        "Content-Type": "application/json; charset=utf-8",
        "Date": "Fri, 12 May 2023 04:53:01 GMT",
        "Expires": "-1",
        "Pragma": "no-cache",
        "Retry-After": "60",
        "Server": "Microsoft-HTTPAPI/2.0",
        "Strict-Transport-Security": "max-age=31536000; includeSubDomains",
        "X-Content-Type-Options": "nosniff",
        "x-ms-correlation-request-id": "e7793d34-b178-49e2-b58c-a8cb4a1d04cc",
        "x-ms-ratelimit-remaining-subscription-reads": "11991",
        "x-ms-request-id": "aececae5-e977-479b-9881-da99c2ea4fcb",
        "x-ms-routing-request-id": "SOUTHEASTASIA:20230512T045302Z:e7793d34-b178-49e2-b58c-a8cb4a1d04cc"
      },
      "ResponseBody": {
        "name": "18ab1563-fac2-4218-9677-4a4d6a69d90e",
        "status": "InProgress",
        "startTime": "2023-05-12T04:46:56.29Z"
      }
    },
    {
      "RequestUri": "https://management.azure.com/subscriptions/db1ab6f0-4769-4b27-930e-01e2ef9c123c/providers/Microsoft.DBforPostgreSQL/locations/westus/azureAsyncOperation/18ab1563-fac2-4218-9677-4a4d6a69d90e?api-version=2022-12-01",
      "RequestMethod": "GET",
      "RequestHeaders": {
        "Authorization": "Sanitized",
        "traceparent": "00-71866556286dd4be8cc559b9afd749ec-f4fa2ac391eae5b7-00",
        "User-Agent": "azsdk-net-ResourceManager/1.5.0 (.NET 6.0.16; Microsoft Windows 10.0.22621)",
        "x-ms-client-request-id": "da821f70c68fa2a1ff9c59fac0cb1298",
        "x-ms-return-client-request-id": "true"
      },
      "RequestBody": null,
      "StatusCode": 200,
      "ResponseHeaders": {
        "Cache-Control": "no-cache",
        "Content-Length": "106",
        "Content-Type": "application/json; charset=utf-8",
        "Date": "Fri, 12 May 2023 04:54:02 GMT",
        "Expires": "-1",
        "Pragma": "no-cache",
        "Retry-After": "60",
        "Server": "Microsoft-HTTPAPI/2.0",
        "Strict-Transport-Security": "max-age=31536000; includeSubDomains",
        "X-Content-Type-Options": "nosniff",
        "x-ms-correlation-request-id": "94938b9a-2a7a-40da-a632-2e81435e7d07",
        "x-ms-ratelimit-remaining-subscription-reads": "11990",
        "x-ms-request-id": "af6cce8a-ce8f-4746-8f17-5035419bd1fe",
        "x-ms-routing-request-id": "SOUTHEASTASIA:20230512T045403Z:94938b9a-2a7a-40da-a632-2e81435e7d07"
      },
      "ResponseBody": {
        "name": "18ab1563-fac2-4218-9677-4a4d6a69d90e",
        "status": "Succeeded",
        "startTime": "2023-05-12T04:46:56.29Z"
      }
    },
    {
      "RequestUri": "https://management.azure.com/subscriptions/db1ab6f0-4769-4b27-930e-01e2ef9c123c/resourceGroups/pgflexrg607/providers/Microsoft.DBforPostgreSQL/flexibleServers/pgflexserver289?api-version=2022-12-01",
      "RequestMethod": "GET",
      "RequestHeaders": {
        "Authorization": "Sanitized",
        "traceparent": "00-71866556286dd4be8cc559b9afd749ec-2431553da5c7de90-00",
        "User-Agent": "azsdk-net-ResourceManager/1.5.0 (.NET 6.0.16; Microsoft Windows 10.0.22621)",
        "x-ms-client-request-id": "4772d166548ba988ca4f629a2922fc97",
        "x-ms-return-client-request-id": "true"
      },
      "RequestBody": null,
      "StatusCode": 200,
      "ResponseHeaders": {
        "Cache-Control": "no-cache",
        "Content-Length": "1450",
        "Content-Type": "application/json; charset=utf-8",
        "Date": "Fri, 12 May 2023 04:54:02 GMT",
        "Expires": "-1",
        "Pragma": "no-cache",
        "Server": "Microsoft-HTTPAPI/2.0",
        "Strict-Transport-Security": "max-age=31536000; includeSubDomains",
        "X-Content-Type-Options": "nosniff",
        "x-ms-correlation-request-id": "7594240d-24dc-4b9d-88e6-58fa48eaf597",
        "x-ms-ratelimit-remaining-subscription-reads": "11989",
        "x-ms-request-id": "f3c917fe-0eaf-40d5-8f0d-2e28b30ebb49",
        "x-ms-routing-request-id": "SOUTHEASTASIA:20230512T045403Z:7594240d-24dc-4b9d-88e6-58fa48eaf597"
      },
      "ResponseBody": {
        "sku": {
          "name": "Standard_D2s_v3",
          "tier": "GeneralPurpose"
        },
        "systemData": {
          "createdAt": "2023-05-12T04:47:06.0083750Z"
        },
        "properties": {
          "authConfig": {
            "activeDirectoryAuth": "Disabled",
            "passwordAuth": "Enabled"
          },
          "dataEncryption": {
            "type": "SystemManaged"
          },
          "fullyQualifiedDomainName": "pgflexserver289.postgres.database.azure.com",
          "version": "14",
          "minorVersion": "7",
          "administratorLogin": "testUser",
          "state": "Ready",
          "storage": {
            "storageSizeGB": 128
          },
          "backup": {
            "backupRetentionDays": 7,
            "geoRedundantBackup": "Disabled",
            "earliestRestoreDate": "2023-05-12T04:47:06.008375\u002B00:00"
          },
          "network": {
            "publicNetworkAccess": "Disabled",
            "delegatedSubnetResourceId": "/subscriptions/db1ab6f0-4769-4b27-930e-01e2ef9c123c/resourceGroups/pgflexrg607/providers/Microsoft.Network/virtualNetworks/vnet7993/subnets/subnet742",
            "privateDnsZoneArmResourceId": "/subscriptions/db1ab6f0-4769-4b27-930e-01e2ef9c123c/resourceGroups/pgflexrg607/providers/Microsoft.Network/privateDnsZones/pgflexserver289.private.postgres.database.azure.com"
          },
          "highAvailability": {
            "mode": "Disabled",
            "state": "NotEnabled"
          },
          "maintenanceWindow": {
            "customWindow": "Disabled",
            "dayOfWeek": 0,
            "startHour": 0,
            "startMinute": 0
          },
          "replicationRole": "Primary",
          "replicaCapacity": 5
        },
        "location": "West US",
        "tags": {},
        "id": "/subscriptions/db1ab6f0-4769-4b27-930e-01e2ef9c123c/resourceGroups/pgflexrg607/providers/Microsoft.DBforPostgreSQL/flexibleServers/pgflexserver289",
        "name": "pgflexserver289",
        "type": "Microsoft.DBforPostgreSQL/flexibleServers"
      }
    }
  ],
  "Variables": {
    "AZURE_AUTHORITY_HOST": "https://login.microsoftonline.com/",
    "RandomSeed": "845394941",
    "RESOURCE_MANAGER_URL": null,
    "SUBSCRIPTION_ID": "db1ab6f0-4769-4b27-930e-01e2ef9c123c"
  }
}
