{
  "Entries": [
    {
      "RequestUri": "https://management.azure.com/subscriptions/db1ab6f0-4769-4b27-930e-01e2ef9c123c?api-version=2021-01-01",
      "RequestMethod": "GET",
      "RequestHeaders": {
        "Accept": "application/json",
        "Authorization": "Sanitized",
        "traceparent": "00-ffda23d83ad9dc0a865734c714e3c705-cdfe241b31c0eacf-00",
        "User-Agent": "azsdk-net-ResourceManager/1.4.0 (.NET 6.0.15; Microsoft Windows 10.0.22621)",
        "x-ms-client-request-id": "e56507583737df16c44fd1950969dbc6",
        "x-ms-return-client-request-id": "true"
      },
      "RequestBody": null,
      "StatusCode": 200,
      "ResponseHeaders": {
        "Cache-Control": "no-cache",
        "Content-Length": "748",
        "Content-Type": "application/json; charset=utf-8",
        "Date": "Thu, 23 Mar 2023 02:16:35 GMT",
        "Expires": "-1",
        "Pragma": "no-cache",
        "Strict-Transport-Security": "max-age=31536000; includeSubDomains",
        "X-Content-Type-Options": "nosniff",
        "x-ms-correlation-request-id": "40211754-b88c-4959-b9c2-89fb5fc0e9c2",
        "x-ms-ratelimit-remaining-subscription-reads": "11999",
        "x-ms-request-id": "40211754-b88c-4959-b9c2-89fb5fc0e9c2",
        "x-ms-routing-request-id": "JAPANEAST:20230323T021636Z:40211754-b88c-4959-b9c2-89fb5fc0e9c2"
      },
      "ResponseBody": {
        "id": "/subscriptions/db1ab6f0-4769-4b27-930e-01e2ef9c123c",
        "authorizationSource": "RoleBased",
        "managedByTenants": [],
        "tags": {
          "TagKey-9823": "TagValue-1254",
          "TagKey-3481": "TagValue-320",
          "TagKey-4926": "TagValue-1187",
          "TagKey-751": "TagValue-3921",
          "TagKey-1866": "TagValue-8559",
          "TagKey-3094": "TagValue-9190",
          "TagKey-2449": "TagValue-9",
          "TagKey-8379": "TagValue-164",
          "TagKey-7470": "TagValue-2205",
          "TagKey-4236": "TagValue-3698",
          "TagKey-5316": "TagValue-2725"
        },
        "subscriptionId": "db1ab6f0-4769-4b27-930e-01e2ef9c123c",
        "tenantId": "72f988bf-86f1-41af-91ab-2d7cd011db47",
        "displayName": ".NET Mgmt SDK Test with TTL = 1 Day",
        "state": "Enabled",
        "subscriptionPolicies": {
          "locationPlacementId": "Internal_2014-09-01",
          "quotaId": "Internal_2014-09-01",
          "spendingLimit": "Off"
        }
      }
    },
    {
      "RequestUri": "https://management.azure.com/subscriptions/db1ab6f0-4769-4b27-930e-01e2ef9c123c/resourceGroups/testRG-ResourceMover/providers/Microsoft.Migrate/moveCollections/testMoveCollection?api-version=2021-08-01",
      "RequestMethod": "GET",
      "RequestHeaders": {
        "Accept": "application/json",
        "Authorization": "Sanitized",
        "traceparent": "00-474cee0ed0c014235b3e91ff3509213a-2767e946671c570b-00",
        "User-Agent": "azsdk-net-ResourceManager.ResourceMover/1.1.0-alpha.20230322.1 (.NET 6.0.15; Microsoft Windows 10.0.22621)",
        "x-ms-client-request-id": "65a01b15c217bc32733c79bbf654dccb",
        "x-ms-return-client-request-id": "true"
      },
      "RequestBody": null,
      "StatusCode": 200,
      "ResponseHeaders": {
        "Cache-Control": "no-cache",
        "Content-Length": "782",
        "Content-Type": "application/json; charset=utf-8",
        "Date": "Thu, 23 Mar 2023 02:16:36 GMT",
        "ETag": "\u00224f003e74-0000-0200-0000-641b43de0000\u0022",
        "Expires": "-1",
        "Pragma": "no-cache",
        "Strict-Transport-Security": "max-age=31536000; includeSubDomains",
        "X-Content-Type-Options": "nosniff",
        "x-ms-correlation-request-id": "c77ed8dc-17d2-4286-bba8-842c386b2b27",
        "x-ms-ratelimit-remaining-subscription-reads": "11998",
        "x-ms-request-id": "4ed27a62-2619-48f5-afb5-058baaf02aa3",
        "x-ms-routing-request-id": "JAPANEAST:20230323T021637Z:c77ed8dc-17d2-4286-bba8-842c386b2b27"
      },
      "ResponseBody": {
        "id": "/subscriptions/db1ab6f0-4769-4b27-930e-01e2ef9c123c/resourceGroups/testRG-ResourceMover/providers/Microsoft.Migrate/moveCollections/testMoveCollection",
        "name": "testMoveCollection",
        "type": "Microsoft.Migrate/moveCollections",
        "etag": "\u00224f003e74-0000-0200-0000-641b43de0000\u0022",
        "location": "eastus2",
        "properties": {
          "sourceRegion": "eastus",
          "targetRegion": "westus",
          "provisioningState": "Succeeded",
          "errors": null
        },
        "identity": {
          "principalId": "825f1d1b-39a2-4a29-9444-15fbd10ba660",
          "tenantId": "72f988bf-86f1-41af-91ab-2d7cd011db47",
          "type": "SystemAssigned"
        },
        "systemData": {
          "createdBy": "yaokou@microsoft.com",
          "createdByType": "User",
          "createdAt": "2022-09-07T03:56:30.2590254Z",
          "lastModifiedBy": "yaokou@microsoft.com",
          "lastModifiedByType": "User",
          "lastModifiedAt": "2022-09-07T03:56:30.2590254Z"
        }
      }
    },
    {
      "RequestUri": "https://management.azure.com/subscriptions/db1ab6f0-4769-4b27-930e-01e2ef9c123c/resourcegroups/testRg-ResourceMover-3174?api-version=**",
      "RequestMethod": "PUT",
      "RequestHeaders": {
        "Accept": "application/json",
        "Authorization": "Sanitized",
        "Content-Length": "21",
        "Content-Type": "application/json",
        "traceparent": "00-47c61d1e6cee4c13a7f62af4f99b2566-8383523f980f7a48-00",
        "User-Agent": "azsdk-net-ResourceManager/1.4.0 (.NET 6.0.15; Microsoft Windows 10.0.22621)",
        "x-ms-client-request-id": "cb8da4787fa00107c78fc02fe92b9131",
        "x-ms-return-client-request-id": "true"
      },
      "RequestBody": {
        "location": "eastus"
      },
      "StatusCode": 201,
      "ResponseHeaders": {
        "Cache-Control": "no-cache",
        "Content-Length": "247",
        "Content-Type": "application/json; charset=utf-8",
        "Date": "Thu, 23 Mar 2023 02:16:40 GMT",
        "Expires": "-1",
        "Pragma": "no-cache",
        "Strict-Transport-Security": "max-age=31536000; includeSubDomains",
        "X-Content-Type-Options": "nosniff",
        "x-ms-correlation-request-id": "1c3802ed-0b9a-4475-b681-8255bdde7d1d",
        "x-ms-ratelimit-remaining-subscription-writes": "1199",
        "x-ms-request-id": "1c3802ed-0b9a-4475-b681-8255bdde7d1d",
        "x-ms-routing-request-id": "JAPANEAST:20230323T021641Z:1c3802ed-0b9a-4475-b681-8255bdde7d1d"
      },
      "ResponseBody": {
        "id": "/subscriptions/db1ab6f0-4769-4b27-930e-01e2ef9c123c/resourceGroups/testRg-ResourceMover-3174",
        "name": "testRg-ResourceMover-3174",
        "type": "Microsoft.Resources/resourceGroups",
        "location": "eastus",
        "properties": {
          "provisioningState": "Succeeded"
        }
      }
    },
    {
      "RequestUri": "https://management.azure.com/subscriptions/db1ab6f0-4769-4b27-930e-01e2ef9c123c/resourceGroups/testRG-ResourceMover/providers/Microsoft.Migrate/moveCollections/testMoveCollection/moveResources/MoverResource-2085?api-version=2021-08-01",
      "RequestMethod": "PUT",
      "RequestHeaders": {
        "Accept": "application/json",
        "Authorization": "Sanitized",
        "Content-Length": "287",
        "Content-Type": "application/json",
        "traceparent": "00-72680728d564a3203891ffbda3516a5f-610ae125f13674ff-00",
        "User-Agent": "azsdk-net-ResourceManager.ResourceMover/1.1.0-alpha.20230322.1 (.NET 6.0.15; Microsoft Windows 10.0.22621)",
        "x-ms-client-request-id": "dda61b773b5b1ea931ab5309469a72d5",
        "x-ms-return-client-request-id": "true"
      },
      "RequestBody": {
        "properties": {
          "sourceId": "/subscriptions/db1ab6f0-4769-4b27-930e-01e2ef9c123c/resourceGroups/testRg-ResourceMover-3174/providers/Microsoft.Network/virtualNetworks/Vnet-9419",
          "resourceSettings": {
            "resourceType": "Microsoft.Network/virtualNetworks",
            "targetResourceName": "targetVnet-9227"
          }
        }
      },
      "StatusCode": 202,
      "ResponseHeaders": {
        "Azure-AsyncOperation": "https://management.azure.com/subscriptions/db1ab6f0-4769-4b27-930e-01e2ef9c123c/resourceGroups/testRG-ResourceMover/providers/Microsoft.Migrate/moveCollections/testMoveCollection/operations/763eeba7-48a6-40d8-8912-c22c2aeee9f3?api-version=2021-08-01",
        "Cache-Control": "no-cache",
        "Content-Length": "4",
        "Content-Type": "application/json; charset=utf-8",
        "Date": "Thu, 23 Mar 2023 02:16:58 GMT",
        "Expires": "-1",
        "Pragma": "no-cache",
        "Retry-After": "15",
        "Strict-Transport-Security": "max-age=31536000; includeSubDomains",
        "X-Content-Type-Options": "nosniff",
        "x-ms-correlation-request-id": "85b927cc-aa08-4751-a48a-f440b37aff5c",
        "x-ms-ratelimit-remaining-subscription-writes": "1197",
        "x-ms-request-id": "332df0c0-50e9-461b-ade4-33be3fcce754",
        "x-ms-routing-request-id": "JAPANEAST:20230323T021658Z:85b927cc-aa08-4751-a48a-f440b37aff5c"
      },
      "ResponseBody": "null"
    },
    {
      "RequestUri": "https://management.azure.com/subscriptions/db1ab6f0-4769-4b27-930e-01e2ef9c123c/resourceGroups/testRG-ResourceMover/providers/Microsoft.Migrate/moveCollections/testMoveCollection/operations/763eeba7-48a6-40d8-8912-c22c2aeee9f3?api-version=2021-08-01",
      "RequestMethod": "GET",
      "RequestHeaders": {
        "Authorization": "Sanitized",
        "traceparent": "00-72680728d564a3203891ffbda3516a5f-111b60e1559cc4fe-00",
        "User-Agent": "azsdk-net-ResourceManager/1.4.0 (.NET 6.0.15; Microsoft Windows 10.0.22621)",
        "x-ms-client-request-id": "bb7241b59e2af9f5efc0320b42ce007c",
        "x-ms-return-client-request-id": "true"
      },
      "RequestBody": null,
      "StatusCode": 200,
      "ResponseHeaders": {
        "Azure-AsyncOperation": "https://management.azure.com/subscriptions/db1ab6f0-4769-4b27-930e-01e2ef9c123c/resourceGroups/testRG-ResourceMover/providers/Microsoft.Migrate/moveCollections/testMoveCollection/operations/763eeba7-48a6-40d8-8912-c22c2aeee9f3?api-version=2021-08-01",
        "Cache-Control": "no-cache",
        "Content-Length": "351",
        "Content-Type": "application/json; charset=utf-8",
        "Date": "Thu, 23 Mar 2023 02:16:58 GMT",
        "Expires": "-1",
        "Pragma": "no-cache",
        "Retry-After": "15",
        "Strict-Transport-Security": "max-age=31536000; includeSubDomains",
        "X-Content-Type-Options": "nosniff",
        "x-ms-correlation-request-id": "40f18a09-1a98-4249-8a10-dbe7f4911e09",
        "x-ms-ratelimit-remaining-subscription-reads": "11994",
        "x-ms-request-id": "261a656f-f4b1-442e-a359-497a78559d0e",
        "x-ms-routing-request-id": "JAPANEAST:20230323T021658Z:40f18a09-1a98-4249-8a10-dbe7f4911e09"
      },
      "ResponseBody": {
        "id": "/subscriptions/db1ab6f0-4769-4b27-930e-01e2ef9c123c/resourceGroups/testRG-ResourceMover/providers/Microsoft.Migrate/moveCollections/testMoveCollection/operations/763eeba7-48a6-40d8-8912-c22c2aeee9f3",
        "name": "763eeba7-48a6-40d8-8912-c22c2aeee9f3",
        "status": "Running",
        "startTime": "3/23/2023 2:16:58 AM",
        "endTime": null,
        "error": null,
        "properties": {}
      }
    },
    {
      "RequestUri": "https://management.azure.com/subscriptions/db1ab6f0-4769-4b27-930e-01e2ef9c123c/resourceGroups/testRG-ResourceMover/providers/Microsoft.Migrate/moveCollections/testMoveCollection/operations/763eeba7-48a6-40d8-8912-c22c2aeee9f3?api-version=2021-08-01",
      "RequestMethod": "GET",
      "RequestHeaders": {
        "Authorization": "Sanitized",
        "traceparent": "00-72680728d564a3203891ffbda3516a5f-f7e383648b506a84-00",
        "User-Agent": "azsdk-net-ResourceManager/1.4.0 (.NET 6.0.15; Microsoft Windows 10.0.22621)",
        "x-ms-client-request-id": "460ee8ddd40b40a2055926e14f35d6a7",
        "x-ms-return-client-request-id": "true"
      },
      "RequestBody": null,
      "StatusCode": 200,
      "ResponseHeaders": {
        "Cache-Control": "no-cache",
        "Content-Length": "371",
        "Content-Type": "application/json; charset=utf-8",
        "Date": "Thu, 23 Mar 2023 02:17:14 GMT",
        "Expires": "-1",
        "Pragma": "no-cache",
        "Strict-Transport-Security": "max-age=31536000; includeSubDomains",
        "X-Content-Type-Options": "nosniff",
        "x-ms-correlation-request-id": "a5b9592f-9549-4606-870d-8e80b8835b35",
        "x-ms-ratelimit-remaining-subscription-reads": "11993",
        "x-ms-request-id": "0e1a5cef-6a66-4d3d-be74-351d78fedf9f",
        "x-ms-routing-request-id": "JAPANEAST:20230323T021714Z:a5b9592f-9549-4606-870d-8e80b8835b35"
      },
      "ResponseBody": {
        "id": "/subscriptions/db1ab6f0-4769-4b27-930e-01e2ef9c123c/resourceGroups/testRG-ResourceMover/providers/Microsoft.Migrate/moveCollections/testMoveCollection/operations/763eeba7-48a6-40d8-8912-c22c2aeee9f3",
        "name": "763eeba7-48a6-40d8-8912-c22c2aeee9f3",
        "status": "Succeeded",
        "startTime": "3/23/2023 2:16:58 AM",
        "endTime": "3/23/2023 2:16:59 AM",
        "error": null,
        "properties": {}
      }
    },
    {
      "RequestUri": "https://management.azure.com/subscriptions/db1ab6f0-4769-4b27-930e-01e2ef9c123c/resourceGroups/testRG-ResourceMover/providers/Microsoft.Migrate/moveCollections/testMoveCollection/moveResources/MoverResource-2085?api-version=2021-08-01",
      "RequestMethod": "GET",
      "RequestHeaders": {
        "Authorization": "Sanitized",
        "traceparent": "00-72680728d564a3203891ffbda3516a5f-d6c622ca45936c7c-00",
        "User-Agent": "azsdk-net-ResourceManager/1.4.0 (.NET 6.0.15; Microsoft Windows 10.0.22621)",
        "x-ms-client-request-id": "0554145db728c4aad71fa143030a0ae8",
        "x-ms-return-client-request-id": "true"
      },
      "RequestBody": null,
      "StatusCode": 200,
      "ResponseHeaders": {
        "Cache-Control": "no-cache",
        "Content-Length": "1841",
        "Content-Type": "application/json; charset=utf-8",
        "Date": "Thu, 23 Mar 2023 02:17:14 GMT",
        "Expires": "-1",
        "Pragma": "no-cache",
        "Strict-Transport-Security": "max-age=31536000; includeSubDomains",
        "X-Content-Type-Options": "nosniff",
        "x-ms-correlation-request-id": "94a01d3f-9702-47f9-a63a-e32bda469430",
        "x-ms-ratelimit-remaining-subscription-reads": "11992",
        "x-ms-request-id": "70b0056b-12ff-41e2-9573-3537498d840d",
        "x-ms-routing-request-id": "JAPANEAST:20230323T021714Z:94a01d3f-9702-47f9-a63a-e32bda469430"
      },
      "ResponseBody": {
        "name": "MoverResource-2085",
        "id": "/subscriptions/db1ab6f0-4769-4b27-930e-01e2ef9c123c/resourceGroups/testRG-ResourceMover/providers/Microsoft.Migrate/moveCollections/testMoveCollection/moveResources/MoverResource-2085",
        "type": null,
        "properties": {
          "provisioningState": "Succeeded",
          "isResolveRequired": false,
          "sourceId": "/subscriptions/db1ab6f0-4769-4b27-930e-01e2ef9c123c/resourceGroups/testRg-ResourceMover-3174/providers/Microsoft.Network/virtualNetworks/Vnet-9419",
          "targetId": null,
          "existingTargetId": null,
          "resourceSettings": {
            "resourceType": "Microsoft.Network/virtualNetworks",
            "enableDdosProtection": null,
            "addressSpace": null,
            "dnsServers": null,
            "subnets": null,
            "tags": null,
            "targetResourceName": "targetVnet-9227"
          },
          "moveStatus": {
            "moveState": "PreparePending",
            "jobStatus": null,
            "errors": {
              "properties": {
                "code": "DependencyComputationPending",
                "message": "The dependency computation is not completed for resource - /subscriptions/db1ab6f0-4769-4b27-930e-01e2ef9c123c/resourceGroups/testRg-ResourceMover-3174/providers/Microsoft.Network/virtualNetworks/Vnet-9419\u0027.\n    Possible Causes: Dependency computation is pending for resource.\n    Recommended Action: Validate dependencies to compute the dependencies.\n    ",
                "details": []
              }
            }
          },
          "dependsOn": [],
          "dependsOnOverrides": [],
          "errors": null,
          "sourceResourceSettings": {
            "resourceType": "Microsoft.Network/virtualNetworks",
            "enableDdosProtection": null,
            "addressSpace": [
              "10.0.0.0/16"
            ],
            "dnsServers": [],
            "subnets": [
              {
                "name": "Subnet-3179",
                "addressPrefix": "10.0.0.0/24",
                "networkSecurityGroup": null
              }
            ],
            "tags": null,
            "targetResourceName": "Vnet-9419"
          }
        },
        "systemData": {
          "createdBy": "8e6d47e0-7969-4fde-a62c-4fea4f165e98",
          "createdByType": "Application",
          "createdAt": "2023-03-23T02:16:57.9019641Z",
          "lastModifiedBy": "8e6d47e0-7969-4fde-a62c-4fea4f165e98",
          "lastModifiedByType": "Application",
          "lastModifiedAt": "2023-03-23T02:16:57.9019641Z"
        }
      }
    },
    {
      "RequestUri": "https://management.azure.com/subscriptions/db1ab6f0-4769-4b27-930e-01e2ef9c123c/resourceGroups/testRG-ResourceMover/providers/Microsoft.Migrate/moveCollections/testMoveCollection/resolveDependencies?api-version=2021-08-01",
      "RequestMethod": "POST",
      "RequestHeaders": {
        "Accept": "application/json",
        "Authorization": "Sanitized",
        "Content-Length": "0",
        "traceparent": "00-32051a3d0fca7daf9ce6a0ac6fb20a00-7414d557caf7972a-00",
        "User-Agent": "azsdk-net-ResourceManager.ResourceMover/1.1.0-alpha.20230322.1 (.NET 6.0.15; Microsoft Windows 10.0.22621)",
        "x-ms-client-request-id": "5f966e79087ce0349f31b5d17714aab9",
        "x-ms-return-client-request-id": "true"
      },
      "RequestBody": null,
      "StatusCode": 202,
      "ResponseHeaders": {
        "Azure-AsyncOperation": "https://management.azure.com/subscriptions/db1ab6f0-4769-4b27-930e-01e2ef9c123c/resourceGroups/testRG-ResourceMover/providers/Microsoft.Migrate/moveCollections/testMoveCollection/operations/bdfd4dc9-ac3c-4bb9-a0da-435a6febac8d?api-version=2021-08-01",
        "Cache-Control": "no-cache",
        "Content-Length": "4",
        "Content-Type": "application/json; charset=utf-8",
        "Date": "Thu, 23 Mar 2023 02:17:15 GMT",
        "Expires": "-1",
        "Pragma": "no-cache",
        "Retry-After": "15",
        "Strict-Transport-Security": "max-age=31536000; includeSubDomains",
        "X-Content-Type-Options": "nosniff",
        "x-ms-correlation-request-id": "757892a0-0088-4a12-bb46-34fd0aa465b8",
        "x-ms-ratelimit-remaining-subscription-writes": "1199",
        "x-ms-request-id": "f91a19d8-cceb-4ac1-9a6b-8772b0d89885",
        "x-ms-routing-request-id": "JAPANEAST:20230323T021715Z:757892a0-0088-4a12-bb46-34fd0aa465b8"
      },
      "ResponseBody": "null"
    },
    {
      "RequestUri": "https://management.azure.com/subscriptions/db1ab6f0-4769-4b27-930e-01e2ef9c123c/resourceGroups/testRG-ResourceMover/providers/Microsoft.Migrate/moveCollections/testMoveCollection/operations/bdfd4dc9-ac3c-4bb9-a0da-435a6febac8d?api-version=2021-08-01",
      "RequestMethod": "GET",
      "RequestHeaders": {
        "Authorization": "Sanitized",
        "traceparent": "00-32051a3d0fca7daf9ce6a0ac6fb20a00-db2bc7b9613028e3-00",
        "User-Agent": "azsdk-net-ResourceManager/1.4.0 (.NET 6.0.15; Microsoft Windows 10.0.22621)",
        "x-ms-client-request-id": "e0673e4e769e552adf7366f602d94cc3",
        "x-ms-return-client-request-id": "true"
      },
      "RequestBody": null,
      "StatusCode": 200,
      "ResponseHeaders": {
        "Azure-AsyncOperation": "https://management.azure.com/subscriptions/db1ab6f0-4769-4b27-930e-01e2ef9c123c/resourceGroups/testRG-ResourceMover/providers/Microsoft.Migrate/moveCollections/testMoveCollection/operations/bdfd4dc9-ac3c-4bb9-a0da-435a6febac8d?api-version=2021-08-01",
        "Cache-Control": "no-cache",
        "Content-Length": "351",
        "Content-Type": "application/json; charset=utf-8",
        "Date": "Thu, 23 Mar 2023 02:17:15 GMT",
        "Expires": "-1",
        "Pragma": "no-cache",
        "Retry-After": "15",
        "Strict-Transport-Security": "max-age=31536000; includeSubDomains",
        "X-Content-Type-Options": "nosniff",
        "x-ms-correlation-request-id": "f8944dc1-0f03-4dba-b437-7b94268eba22",
        "x-ms-ratelimit-remaining-subscription-reads": "11991",
        "x-ms-request-id": "b17a39a4-a60d-48fa-9f7f-469005af44fe",
        "x-ms-routing-request-id": "JAPANEAST:20230323T021715Z:f8944dc1-0f03-4dba-b437-7b94268eba22"
      },
      "ResponseBody": {
        "id": "/subscriptions/db1ab6f0-4769-4b27-930e-01e2ef9c123c/resourceGroups/testRG-ResourceMover/providers/Microsoft.Migrate/moveCollections/testMoveCollection/operations/bdfd4dc9-ac3c-4bb9-a0da-435a6febac8d",
        "name": "bdfd4dc9-ac3c-4bb9-a0da-435a6febac8d",
        "status": "Running",
        "startTime": "3/23/2023 2:17:15 AM",
        "endTime": null,
        "error": null,
        "properties": {}
      }
    },
    {
      "RequestUri": "https://management.azure.com/subscriptions/db1ab6f0-4769-4b27-930e-01e2ef9c123c/resourceGroups/testRG-ResourceMover/providers/Microsoft.Migrate/moveCollections/testMoveCollection/operations/bdfd4dc9-ac3c-4bb9-a0da-435a6febac8d?api-version=2021-08-01",
      "RequestMethod": "GET",
      "RequestHeaders": {
        "Authorization": "Sanitized",
        "traceparent": "00-32051a3d0fca7daf9ce6a0ac6fb20a00-8eccfc5913600ba7-00",
        "User-Agent": "azsdk-net-ResourceManager/1.4.0 (.NET 6.0.15; Microsoft Windows 10.0.22621)",
        "x-ms-client-request-id": "7859e775db5c7e6d1a7022329949ac40",
        "x-ms-return-client-request-id": "true"
      },
      "RequestBody": null,
      "StatusCode": 200,
      "ResponseHeaders": {
        "Cache-Control": "no-cache",
        "Content-Length": "814",
        "Content-Type": "application/json; charset=utf-8",
        "Date": "Thu, 23 Mar 2023 02:17:31 GMT",
        "Expires": "-1",
        "Pragma": "no-cache",
        "Strict-Transport-Security": "max-age=31536000; includeSubDomains",
        "X-Content-Type-Options": "nosniff",
        "x-ms-correlation-request-id": "8e8eb8ea-2abd-44b7-87d1-fda7119c236a",
        "x-ms-ratelimit-remaining-subscription-reads": "11990",
        "x-ms-request-id": "f3e54d6e-3c4d-48b4-8621-cb5b5efedf9c",
        "x-ms-routing-request-id": "JAPANEAST:20230323T021731Z:8e8eb8ea-2abd-44b7-87d1-fda7119c236a"
      },
      "ResponseBody": {
        "id": "/subscriptions/db1ab6f0-4769-4b27-930e-01e2ef9c123c/resourceGroups/testRG-ResourceMover/providers/Microsoft.Migrate/moveCollections/testMoveCollection/operations/bdfd4dc9-ac3c-4bb9-a0da-435a6febac8d",
        "name": "bdfd4dc9-ac3c-4bb9-a0da-435a6febac8d",
        "status": "Succeeded",
        "startTime": "3/23/2023 2:17:15 AM",
        "endTime": "3/23/2023 2:17:17 AM",
        "error": {
          "code": "MoveCollectionResolveDependenciesOperationFailed",
          "message": "The resolve dependencies operation of one or more resources has failed. Check the move status of the resource for more details.\n    Possible Causes: The resolve dependencies operation of one ore more resources has failed.\n    Recommended Action: Retry the operation after resolving errors if any. If issue persists, contact support.\n    ",
          "details": [],
          "additionalInfo": null
        },
        "properties": {}
      }
    },
    {
      "RequestUri": "https://management.azure.com/subscriptions/db1ab6f0-4769-4b27-930e-01e2ef9c123c/resourceGroups/testRG-ResourceMover/providers/Microsoft.Migrate/moveCollections/testMoveCollection/unresolvedDependencies?api-version=2021-08-01",
      "RequestMethod": "GET",
      "RequestHeaders": {
        "Accept": "application/json",
        "Authorization": "Sanitized",
        "User-Agent": "azsdk-net-ResourceManager.ResourceMover/1.1.0-alpha.20230322.1 (.NET 6.0.15; Microsoft Windows 10.0.22621)",
        "x-ms-client-request-id": "3982baf4c9ad731a60584f06955d2463",
        "x-ms-return-client-request-id": "true"
      },
      "RequestBody": null,
      "StatusCode": 200,
      "ResponseHeaders": {
        "Cache-Control": "no-cache",
        "Content-Length": "206",
        "Content-Type": "application/json; charset=utf-8",
        "Date": "Thu, 23 Mar 2023 02:17:31 GMT",
        "Expires": "-1",
        "Pragma": "no-cache",
        "Strict-Transport-Security": "max-age=31536000; includeSubDomains",
        "X-Content-Type-Options": "nosniff",
        "x-ms-correlation-request-id": "db01d394-d3da-4fa5-b080-9779e056a22f",
        "x-ms-ratelimit-remaining-subscription-reads": "11989",
        "x-ms-request-id": "c1ca3fe7-1a11-4038-a35b-d75d02e6356b",
        "x-ms-routing-request-id": "JAPANEAST:20230323T021732Z:db01d394-d3da-4fa5-b080-9779e056a22f"
      },
      "ResponseBody": {
        "value": [
          {
            "count": 1,
            "id": "/subscriptions/db1ab6f0-4769-4b27-930e-01e2ef9c123c/resourcegroups/testRg-ResourceMover-3174"
          }
        ],
        "totalCount": 1,
        "nextLink": null,
        "summaryCollection": {
          "fieldName": null,
          "summary": []
        }
      }
    },
    {
      "RequestUri": "https://management.azure.com/subscriptions/db1ab6f0-4769-4b27-930e-01e2ef9c123c/resourcegroups/testRg-ResourceMover-Target-4657?api-version=**",
      "RequestMethod": "PUT",
      "RequestHeaders": {
        "Accept": "application/json",
        "Authorization": "Sanitized",
        "Content-Length": "22",
        "Content-Type": "application/json",
        "traceparent": "00-76f20c720ffab71e959ff621880dccd5-8ee9fde6f0d0099b-00",
        "User-Agent": "azsdk-net-ResourceManager/1.4.0 (.NET 6.0.15; Microsoft Windows 10.0.22621)",
        "x-ms-client-request-id": "4b76abfdc405739ed0e8c62e54f8bb96",
        "x-ms-return-client-request-id": "true"
      },
      "RequestBody": {
        "location": "eastus2"
      },
      "StatusCode": 201,
      "ResponseHeaders": {
        "Cache-Control": "no-cache",
        "Content-Length": "262",
        "Content-Type": "application/json; charset=utf-8",
        "Date": "Thu, 23 Mar 2023 02:17:33 GMT",
        "Expires": "-1",
        "Pragma": "no-cache",
        "Strict-Transport-Security": "max-age=31536000; includeSubDomains",
        "X-Content-Type-Options": "nosniff",
        "x-ms-correlation-request-id": "33b467eb-3483-4262-a9ff-dc774032a0c5",
        "x-ms-ratelimit-remaining-subscription-writes": "1196",
        "x-ms-request-id": "33b467eb-3483-4262-a9ff-dc774032a0c5",
        "x-ms-routing-request-id": "JAPANEAST:20230323T021734Z:33b467eb-3483-4262-a9ff-dc774032a0c5"
      },
      "ResponseBody": {
        "id": "/subscriptions/db1ab6f0-4769-4b27-930e-01e2ef9c123c/resourceGroups/testRg-ResourceMover-Target-4657",
        "name": "testRg-ResourceMover-Target-4657",
        "type": "Microsoft.Resources/resourceGroups",
        "location": "eastus2",
        "properties": {
          "provisioningState": "Succeeded"
        }
      }
    },
    {
      "RequestUri": "https://management.azure.com/subscriptions/db1ab6f0-4769-4b27-930e-01e2ef9c123c/resourceGroups/testRG-ResourceMover/providers/Microsoft.Migrate/moveCollections/testMoveCollection/moveResources/MoverResource-8957?api-version=2021-08-01",
      "RequestMethod": "PUT",
      "RequestHeaders": {
        "Accept": "application/json",
        "Authorization": "Sanitized",
        "Content-Length": "345",
        "Content-Type": "application/json",
        "traceparent": "00-287d412b45952becb69209e43f2e2b4b-54d05c1aa34609f7-00",
        "User-Agent": "azsdk-net-ResourceManager.ResourceMover/1.1.0-alpha.20230322.1 (.NET 6.0.15; Microsoft Windows 10.0.22621)",
        "x-ms-client-request-id": "470225c61357ac16cce518038c67e9bc",
        "x-ms-return-client-request-id": "true"
      },
      "RequestBody": {
        "properties": {
          "sourceId": "/subscriptions/db1ab6f0-4769-4b27-930e-01e2ef9c123c/resourcegroups/testRg-ResourceMover-3174",
          "existingTargetId": "/subscriptions/db1ab6f0-4769-4b27-930e-01e2ef9c123c/resourceGroups/testRg-ResourceMover-Target-4657",
          "resourceSettings": {
            "resourceType": "resourceGroups",
            "targetResourceName": "testRg-ResourceMover-3174"
          }
        }
      },
      "StatusCode": 202,
      "ResponseHeaders": {
        "Azure-AsyncOperation": "https://management.azure.com/subscriptions/db1ab6f0-4769-4b27-930e-01e2ef9c123c/resourceGroups/testRG-ResourceMover/providers/Microsoft.Migrate/moveCollections/testMoveCollection/operations/f4040ed9-f67e-4ebf-8ce5-0fe18ba934a4?api-version=2021-08-01",
        "Cache-Control": "no-cache",
        "Content-Length": "4",
        "Content-Type": "application/json; charset=utf-8",
        "Date": "Thu, 23 Mar 2023 02:17:34 GMT",
        "Expires": "-1",
        "Pragma": "no-cache",
        "Retry-After": "15",
        "Strict-Transport-Security": "max-age=31536000; includeSubDomains",
        "X-Content-Type-Options": "nosniff",
        "x-ms-correlation-request-id": "8bc5d194-6c81-4803-a270-a8ee6714040f",
        "x-ms-ratelimit-remaining-subscription-writes": "1195",
        "x-ms-request-id": "0d426f95-25fb-4fb5-abb3-ad66125aee0d",
        "x-ms-routing-request-id": "JAPANEAST:20230323T021734Z:8bc5d194-6c81-4803-a270-a8ee6714040f"
      },
      "ResponseBody": "null"
    },
    {
      "RequestUri": "https://management.azure.com/subscriptions/db1ab6f0-4769-4b27-930e-01e2ef9c123c/resourceGroups/testRG-ResourceMover/providers/Microsoft.Migrate/moveCollections/testMoveCollection/operations/f4040ed9-f67e-4ebf-8ce5-0fe18ba934a4?api-version=2021-08-01",
      "RequestMethod": "GET",
      "RequestHeaders": {
        "Authorization": "Sanitized",
        "traceparent": "00-287d412b45952becb69209e43f2e2b4b-fcdb3f0a5c857c49-00",
        "User-Agent": "azsdk-net-ResourceManager/1.4.0 (.NET 6.0.15; Microsoft Windows 10.0.22621)",
        "x-ms-client-request-id": "6f40b99ddc5be90c95ca7f20ac9be769",
        "x-ms-return-client-request-id": "true"
      },
      "RequestBody": null,
      "StatusCode": 200,
      "ResponseHeaders": {
        "Azure-AsyncOperation": "https://management.azure.com/subscriptions/db1ab6f0-4769-4b27-930e-01e2ef9c123c/resourceGroups/testRG-ResourceMover/providers/Microsoft.Migrate/moveCollections/testMoveCollection/operations/f4040ed9-f67e-4ebf-8ce5-0fe18ba934a4?api-version=2021-08-01",
        "Cache-Control": "no-cache",
        "Content-Length": "351",
        "Content-Type": "application/json; charset=utf-8",
        "Date": "Thu, 23 Mar 2023 02:17:34 GMT",
        "Expires": "-1",
        "Pragma": "no-cache",
        "Retry-After": "15",
        "Strict-Transport-Security": "max-age=31536000; includeSubDomains",
        "X-Content-Type-Options": "nosniff",
        "x-ms-correlation-request-id": "a01b17f8-48ec-459b-8eba-e4ad38d480d9",
        "x-ms-ratelimit-remaining-subscription-reads": "11988",
        "x-ms-request-id": "f8ca5e91-b481-4052-a61f-e070fdb806ba",
        "x-ms-routing-request-id": "JAPANEAST:20230323T021735Z:a01b17f8-48ec-459b-8eba-e4ad38d480d9"
      },
      "ResponseBody": {
        "id": "/subscriptions/db1ab6f0-4769-4b27-930e-01e2ef9c123c/resourceGroups/testRG-ResourceMover/providers/Microsoft.Migrate/moveCollections/testMoveCollection/operations/f4040ed9-f67e-4ebf-8ce5-0fe18ba934a4",
        "name": "f4040ed9-f67e-4ebf-8ce5-0fe18ba934a4",
        "status": "Running",
        "startTime": "3/23/2023 2:17:34 AM",
        "endTime": null,
        "error": null,
        "properties": {}
      }
    },
    {
      "RequestUri": "https://management.azure.com/subscriptions/db1ab6f0-4769-4b27-930e-01e2ef9c123c/resourceGroups/testRG-ResourceMover/providers/Microsoft.Migrate/moveCollections/testMoveCollection/operations/f4040ed9-f67e-4ebf-8ce5-0fe18ba934a4?api-version=2021-08-01",
      "RequestMethod": "GET",
      "RequestHeaders": {
        "Authorization": "Sanitized",
        "traceparent": "00-287d412b45952becb69209e43f2e2b4b-35e246cef670fc5c-00",
        "User-Agent": "azsdk-net-ResourceManager/1.4.0 (.NET 6.0.15; Microsoft Windows 10.0.22621)",
        "x-ms-client-request-id": "96e20affcdc365c3ead22c48aa51a9e0",
        "x-ms-return-client-request-id": "true"
      },
      "RequestBody": null,
      "StatusCode": 200,
      "ResponseHeaders": {
        "Cache-Control": "no-cache",
        "Content-Length": "371",
        "Content-Type": "application/json; charset=utf-8",
        "Date": "Thu, 23 Mar 2023 02:17:50 GMT",
        "Expires": "-1",
        "Pragma": "no-cache",
        "Strict-Transport-Security": "max-age=31536000; includeSubDomains",
        "X-Content-Type-Options": "nosniff",
        "x-ms-correlation-request-id": "cff20ec0-5e12-4f22-ac8a-319c855aaa49",
        "x-ms-ratelimit-remaining-subscription-reads": "11987",
        "x-ms-request-id": "d7c2ea30-8223-4421-97d7-cfc3d8f0e834",
        "x-ms-routing-request-id": "JAPANEAST:20230323T021750Z:cff20ec0-5e12-4f22-ac8a-319c855aaa49"
      },
      "ResponseBody": {
        "id": "/subscriptions/db1ab6f0-4769-4b27-930e-01e2ef9c123c/resourceGroups/testRG-ResourceMover/providers/Microsoft.Migrate/moveCollections/testMoveCollection/operations/f4040ed9-f67e-4ebf-8ce5-0fe18ba934a4",
        "name": "f4040ed9-f67e-4ebf-8ce5-0fe18ba934a4",
        "status": "Succeeded",
        "startTime": "3/23/2023 2:17:34 AM",
        "endTime": "3/23/2023 2:17:35 AM",
        "error": null,
        "properties": {}
      }
    },
    {
      "RequestUri": "https://management.azure.com/subscriptions/db1ab6f0-4769-4b27-930e-01e2ef9c123c/resourceGroups/testRG-ResourceMover/providers/Microsoft.Migrate/moveCollections/testMoveCollection/moveResources/MoverResource-8957?api-version=2021-08-01",
      "RequestMethod": "GET",
      "RequestHeaders": {
        "Authorization": "Sanitized",
        "traceparent": "00-287d412b45952becb69209e43f2e2b4b-c9277d31a040ae5c-00",
        "User-Agent": "azsdk-net-ResourceManager/1.4.0 (.NET 6.0.15; Microsoft Windows 10.0.22621)",
        "x-ms-client-request-id": "d265b0c67a277061b14b5908e11a847f",
        "x-ms-return-client-request-id": "true"
      },
      "RequestBody": null,
      "StatusCode": 200,
      "ResponseHeaders": {
        "Cache-Control": "no-cache",
        "Content-Length": "1084",
        "Content-Type": "application/json; charset=utf-8",
        "Date": "Thu, 23 Mar 2023 02:17:50 GMT",
        "Expires": "-1",
        "Pragma": "no-cache",
        "Strict-Transport-Security": "max-age=31536000; includeSubDomains",
        "X-Content-Type-Options": "nosniff",
        "x-ms-correlation-request-id": "3258d0f4-f6ec-43d1-84fa-b8f9b7e80bb0",
        "x-ms-ratelimit-remaining-subscription-reads": "11986",
        "x-ms-request-id": "9db057c8-85db-4b51-8700-762910e6a923",
        "x-ms-routing-request-id": "JAPANEAST:20230323T021751Z:3258d0f4-f6ec-43d1-84fa-b8f9b7e80bb0"
      },
      "ResponseBody": {
        "name": "MoverResource-8957",
        "id": "/subscriptions/db1ab6f0-4769-4b27-930e-01e2ef9c123c/resourceGroups/testRG-ResourceMover/providers/Microsoft.Migrate/moveCollections/testMoveCollection/moveResources/MoverResource-8957",
        "type": null,
        "properties": {
          "provisioningState": "Succeeded",
          "isResolveRequired": true,
          "sourceId": "/subscriptions/db1ab6f0-4769-4b27-930e-01e2ef9c123c/resourcegroups/testRg-ResourceMover-3174",
          "targetId": null,
          "existingTargetId": "/subscriptions/db1ab6f0-4769-4b27-930e-01e2ef9c123c/resourceGroups/testRg-ResourceMover-Target-4657",
          "resourceSettings": {
            "resourceType": "resourceGroups",
            "targetResourceName": "testRg-ResourceMover-3174"
          },
          "moveStatus": {
            "moveState": "CommitPending",
            "jobStatus": null,
            "errors": null
          },
          "dependsOn": [],
          "dependsOnOverrides": [],
          "errors": null,
          "sourceResourceSettings": null
        },
        "systemData": {
          "createdBy": "8e6d47e0-7969-4fde-a62c-4fea4f165e98",
          "createdByType": "Application",
          "createdAt": "2023-03-23T02:17:34.3401038Z",
          "lastModifiedBy": "8e6d47e0-7969-4fde-a62c-4fea4f165e98",
          "lastModifiedByType": "Application",
          "lastModifiedAt": "2023-03-23T02:17:34.3401038Z"
        }
      }
    },
    {
      "RequestUri": "https://management.azure.com/subscriptions/db1ab6f0-4769-4b27-930e-01e2ef9c123c/resourceGroups/testRG-ResourceMover/providers/Microsoft.Migrate/moveCollections/testMoveCollection/resolveDependencies?api-version=2021-08-01",
      "RequestMethod": "POST",
      "RequestHeaders": {
        "Accept": "application/json",
        "Authorization": "Sanitized",
        "Content-Length": "0",
        "traceparent": "00-a115633f97f3bde82c268796190e7335-210752273cc0c718-00",
        "User-Agent": "azsdk-net-ResourceManager.ResourceMover/1.1.0-alpha.20230322.1 (.NET 6.0.15; Microsoft Windows 10.0.22621)",
        "x-ms-client-request-id": "f8c4ff27880acfa4f5da8489afc33f43",
        "x-ms-return-client-request-id": "true"
      },
      "RequestBody": null,
      "StatusCode": 202,
      "ResponseHeaders": {
        "Azure-AsyncOperation": "https://management.azure.com/subscriptions/db1ab6f0-4769-4b27-930e-01e2ef9c123c/resourceGroups/testRG-ResourceMover/providers/Microsoft.Migrate/moveCollections/testMoveCollection/operations/69544b2d-4a85-4e2c-86f6-bf2d91043cfe?api-version=2021-08-01",
        "Cache-Control": "no-cache",
        "Content-Length": "4",
        "Content-Type": "application/json; charset=utf-8",
        "Date": "Thu, 23 Mar 2023 02:17:51 GMT",
        "Expires": "-1",
        "Pragma": "no-cache",
        "Retry-After": "15",
        "Strict-Transport-Security": "max-age=31536000; includeSubDomains",
        "X-Content-Type-Options": "nosniff",
        "x-ms-correlation-request-id": "b5ff1a67-7a3f-4085-8e11-bac4e115a258",
        "x-ms-ratelimit-remaining-subscription-writes": "1198",
        "x-ms-request-id": "c7dd476d-f507-448f-8e73-812765f47831",
        "x-ms-routing-request-id": "JAPANEAST:20230323T021751Z:b5ff1a67-7a3f-4085-8e11-bac4e115a258"
      },
      "ResponseBody": "null"
    },
    {
      "RequestUri": "https://management.azure.com/subscriptions/db1ab6f0-4769-4b27-930e-01e2ef9c123c/resourceGroups/testRG-ResourceMover/providers/Microsoft.Migrate/moveCollections/testMoveCollection/operations/69544b2d-4a85-4e2c-86f6-bf2d91043cfe?api-version=2021-08-01",
      "RequestMethod": "GET",
      "RequestHeaders": {
        "Authorization": "Sanitized",
        "traceparent": "00-a115633f97f3bde82c268796190e7335-87cde55fbd4c5146-00",
        "User-Agent": "azsdk-net-ResourceManager/1.4.0 (.NET 6.0.15; Microsoft Windows 10.0.22621)",
        "x-ms-client-request-id": "aa21ad4eb18d3dd50c96dd4cf5d8c0ed",
        "x-ms-return-client-request-id": "true"
      },
      "RequestBody": null,
      "StatusCode": 200,
      "ResponseHeaders": {
        "Azure-AsyncOperation": "https://management.azure.com/subscriptions/db1ab6f0-4769-4b27-930e-01e2ef9c123c/resourceGroups/testRG-ResourceMover/providers/Microsoft.Migrate/moveCollections/testMoveCollection/operations/69544b2d-4a85-4e2c-86f6-bf2d91043cfe?api-version=2021-08-01",
        "Cache-Control": "no-cache",
        "Content-Length": "351",
        "Content-Type": "application/json; charset=utf-8",
        "Date": "Thu, 23 Mar 2023 02:17:51 GMT",
        "Expires": "-1",
        "Pragma": "no-cache",
        "Retry-After": "15",
        "Strict-Transport-Security": "max-age=31536000; includeSubDomains",
        "X-Content-Type-Options": "nosniff",
        "x-ms-correlation-request-id": "dac71d1b-1f72-4d53-992f-350a409fe1f8",
        "x-ms-ratelimit-remaining-subscription-reads": "11985",
        "x-ms-request-id": "aced5b1c-2870-4b89-8254-23bab97e8a8d",
        "x-ms-routing-request-id": "JAPANEAST:20230323T021752Z:dac71d1b-1f72-4d53-992f-350a409fe1f8"
      },
      "ResponseBody": {
        "id": "/subscriptions/db1ab6f0-4769-4b27-930e-01e2ef9c123c/resourceGroups/testRG-ResourceMover/providers/Microsoft.Migrate/moveCollections/testMoveCollection/operations/69544b2d-4a85-4e2c-86f6-bf2d91043cfe",
        "name": "69544b2d-4a85-4e2c-86f6-bf2d91043cfe",
        "status": "Running",
        "startTime": "3/23/2023 2:17:51 AM",
        "endTime": null,
        "error": null,
        "properties": {}
      }
    },
    {
      "RequestUri": "https://management.azure.com/subscriptions/db1ab6f0-4769-4b27-930e-01e2ef9c123c/resourceGroups/testRG-ResourceMover/providers/Microsoft.Migrate/moveCollections/testMoveCollection/operations/69544b2d-4a85-4e2c-86f6-bf2d91043cfe?api-version=2021-08-01",
      "RequestMethod": "GET",
      "RequestHeaders": {
        "Authorization": "Sanitized",
        "traceparent": "00-a115633f97f3bde82c268796190e7335-3e8c02cd7cc568db-00",
        "User-Agent": "azsdk-net-ResourceManager/1.4.0 (.NET 6.0.15; Microsoft Windows 10.0.22621)",
        "x-ms-client-request-id": "42e7150b88c11249bd3f4f98a32b5b3a",
        "x-ms-return-client-request-id": "true"
      },
      "RequestBody": null,
      "StatusCode": 200,
      "ResponseHeaders": {
        "Cache-Control": "no-cache",
        "Content-Length": "371",
        "Content-Type": "application/json; charset=utf-8",
        "Date": "Thu, 23 Mar 2023 02:18:07 GMT",
        "Expires": "-1",
        "Pragma": "no-cache",
        "Strict-Transport-Security": "max-age=31536000; includeSubDomains",
        "X-Content-Type-Options": "nosniff",
        "x-ms-correlation-request-id": "62b3a1e1-b985-4645-92f2-86a606da4070",
        "x-ms-ratelimit-remaining-subscription-reads": "11984",
        "x-ms-request-id": "3e18c3a1-36ec-4a84-ad1d-f26c35cad1bd",
        "x-ms-routing-request-id": "JAPANEAST:20230323T021807Z:62b3a1e1-b985-4645-92f2-86a606da4070"
      },
      "ResponseBody": {
        "id": "/subscriptions/db1ab6f0-4769-4b27-930e-01e2ef9c123c/resourceGroups/testRG-ResourceMover/providers/Microsoft.Migrate/moveCollections/testMoveCollection/operations/69544b2d-4a85-4e2c-86f6-bf2d91043cfe",
        "name": "69544b2d-4a85-4e2c-86f6-bf2d91043cfe",
        "status": "Succeeded",
        "startTime": "3/23/2023 2:17:51 AM",
        "endTime": "3/23/2023 2:17:53 AM",
        "error": null,
        "properties": {}
      }
    },
    {
      "RequestUri": "https://management.azure.com/subscriptions/db1ab6f0-4769-4b27-930e-01e2ef9c123c/resourceGroups/testRG-ResourceMover/providers/Microsoft.Migrate/moveCollections/testMoveCollection/prepare?api-version=2021-08-01",
      "RequestMethod": "POST",
      "RequestHeaders": {
        "Accept": "application/json",
        "Authorization": "Sanitized",
        "Content-Length": "161",
        "Content-Type": "application/json",
        "traceparent": "00-ab598616c413b6c2279e2909265e35a8-36f8407d2b5ffbf1-00",
        "User-Agent": "azsdk-net-ResourceManager.ResourceMover/1.1.0-alpha.20230322.1 (.NET 6.0.15; Microsoft Windows 10.0.22621)",
        "x-ms-client-request-id": "023ab45695a26fb6c91bef9f37f58fd0",
        "x-ms-return-client-request-id": "true"
      },
      "RequestBody": {
        "moveResources": [
          "/subscriptions/db1ab6f0-4769-4b27-930e-01e2ef9c123c/resourceGroups/testRg-ResourceMover-3174"
        ],
        "moveResourceInputType": "MoveResourceSourceId"
      },
      "StatusCode": 202,
      "ResponseHeaders": {
        "Azure-AsyncOperation": "https://management.azure.com/subscriptions/db1ab6f0-4769-4b27-930e-01e2ef9c123c/resourceGroups/testRG-ResourceMover/providers/Microsoft.Migrate/moveCollections/testMoveCollection/operations/083f18ce-fffa-47f9-946c-0786c0daa05f?api-version=2021-08-01",
        "Cache-Control": "no-cache",
        "Content-Length": "4",
        "Content-Type": "application/json; charset=utf-8",
        "Date": "Thu, 23 Mar 2023 02:18:07 GMT",
        "Expires": "-1",
        "Pragma": "no-cache",
        "Retry-After": "15",
        "Strict-Transport-Security": "max-age=31536000; includeSubDomains",
        "X-Content-Type-Options": "nosniff",
        "x-ms-correlation-request-id": "ee6f8cea-8d1b-40df-928e-4e0bfb186d15",
        "x-ms-ratelimit-remaining-subscription-writes": "1197",
        "x-ms-request-id": "8284edee-329a-4244-897c-76c13dd4219d",
        "x-ms-routing-request-id": "JAPANEAST:20230323T021808Z:ee6f8cea-8d1b-40df-928e-4e0bfb186d15"
      },
      "ResponseBody": "null"
    },
    {
      "RequestUri": "https://management.azure.com/subscriptions/db1ab6f0-4769-4b27-930e-01e2ef9c123c/resourceGroups/testRG-ResourceMover/providers/Microsoft.Migrate/moveCollections/testMoveCollection/operations/083f18ce-fffa-47f9-946c-0786c0daa05f?api-version=2021-08-01",
      "RequestMethod": "GET",
      "RequestHeaders": {
        "Authorization": "Sanitized",
        "traceparent": "00-ab598616c413b6c2279e2909265e35a8-5c2c2bde1ef42d7d-00",
        "User-Agent": "azsdk-net-ResourceManager/1.4.0 (.NET 6.0.15; Microsoft Windows 10.0.22621)",
        "x-ms-client-request-id": "40f6a23abe9d764b5f7779a599aadbc8",
        "x-ms-return-client-request-id": "true"
      },
      "RequestBody": null,
      "StatusCode": 200,
      "ResponseHeaders": {
        "Cache-Control": "no-cache",
        "Content-Length": "371",
        "Content-Type": "application/json; charset=utf-8",
        "Date": "Thu, 23 Mar 2023 02:18:08 GMT",
        "Expires": "-1",
        "Pragma": "no-cache",
        "Strict-Transport-Security": "max-age=31536000; includeSubDomains",
        "X-Content-Type-Options": "nosniff",
        "x-ms-correlation-request-id": "db8d7a25-05ed-47e0-bb9f-72a73cf356f1",
        "x-ms-ratelimit-remaining-subscription-reads": "11983",
        "x-ms-request-id": "432a9cef-a837-4f4b-9680-ff39fe67ffc2",
        "x-ms-routing-request-id": "JAPANEAST:20230323T021808Z:db8d7a25-05ed-47e0-bb9f-72a73cf356f1"
      },
      "ResponseBody": {
        "id": "/subscriptions/db1ab6f0-4769-4b27-930e-01e2ef9c123c/resourceGroups/testRG-ResourceMover/providers/Microsoft.Migrate/moveCollections/testMoveCollection/operations/083f18ce-fffa-47f9-946c-0786c0daa05f",
        "name": "083f18ce-fffa-47f9-946c-0786c0daa05f",
        "status": "Succeeded",
        "startTime": "3/23/2023 2:18:08 AM",
        "endTime": "3/23/2023 2:18:08 AM",
        "error": null,
        "properties": {}
      }
    },
    {
      "RequestUri": "https://management.azure.com/subscriptions/db1ab6f0-4769-4b27-930e-01e2ef9c123c/resourceGroups/testRG-ResourceMover/providers/Microsoft.Migrate/moveCollections/testMoveCollection/initiateMove?api-version=2021-08-01",
      "RequestMethod": "POST",
      "RequestHeaders": {
        "Accept": "application/json",
        "Authorization": "Sanitized",
        "Content-Length": "161",
        "Content-Type": "application/json",
        "traceparent": "00-1afd1c820f0af0a942773dc9fea355f6-cf3e7656473249ba-00",
        "User-Agent": "azsdk-net-ResourceManager.ResourceMover/1.1.0-alpha.20230322.1 (.NET 6.0.15; Microsoft Windows 10.0.22621)",
        "x-ms-client-request-id": "ace77eb0fdbe1566a5759e93a8680d8c",
        "x-ms-return-client-request-id": "true"
      },
      "RequestBody": {
        "moveResources": [
          "/subscriptions/db1ab6f0-4769-4b27-930e-01e2ef9c123c/resourceGroups/testRg-ResourceMover-3174"
        ],
        "moveResourceInputType": "MoveResourceSourceId"
      },
      "StatusCode": 202,
      "ResponseHeaders": {
        "Azure-AsyncOperation": "https://management.azure.com/subscriptions/db1ab6f0-4769-4b27-930e-01e2ef9c123c/resourceGroups/testRG-ResourceMover/providers/Microsoft.Migrate/moveCollections/testMoveCollection/operations/881868ac-70c2-48d0-810c-48f066e0530a?api-version=2021-08-01",
        "Cache-Control": "no-cache",
        "Content-Length": "4",
        "Content-Type": "application/json; charset=utf-8",
        "Date": "Thu, 23 Mar 2023 02:18:08 GMT",
        "Expires": "-1",
        "Pragma": "no-cache",
        "Retry-After": "15",
        "Strict-Transport-Security": "max-age=31536000; includeSubDomains",
        "X-Content-Type-Options": "nosniff",
        "x-ms-correlation-request-id": "b7b68057-8533-429f-bc88-b8836a39c2f2",
        "x-ms-ratelimit-remaining-subscription-writes": "1196",
        "x-ms-request-id": "d50c2b34-cb09-4c7b-ad43-3ed34c9d7afb",
        "x-ms-routing-request-id": "JAPANEAST:20230323T021809Z:b7b68057-8533-429f-bc88-b8836a39c2f2"
      },
      "ResponseBody": "null"
    },
    {
      "RequestUri": "https://management.azure.com/subscriptions/db1ab6f0-4769-4b27-930e-01e2ef9c123c/resourceGroups/testRG-ResourceMover/providers/Microsoft.Migrate/moveCollections/testMoveCollection/operations/881868ac-70c2-48d0-810c-48f066e0530a?api-version=2021-08-01",
      "RequestMethod": "GET",
      "RequestHeaders": {
        "Authorization": "Sanitized",
        "traceparent": "00-1afd1c820f0af0a942773dc9fea355f6-225c75a6215c0f89-00",
        "User-Agent": "azsdk-net-ResourceManager/1.4.0 (.NET 6.0.15; Microsoft Windows 10.0.22621)",
        "x-ms-client-request-id": "e39c2333ed553d223ce09b2820b7cdf6",
        "x-ms-return-client-request-id": "true"
      },
      "RequestBody": null,
      "StatusCode": 200,
      "ResponseHeaders": {
        "Cache-Control": "no-cache",
        "Content-Length": "371",
        "Content-Type": "application/json; charset=utf-8",
        "Date": "Thu, 23 Mar 2023 02:18:09 GMT",
        "Expires": "-1",
        "Pragma": "no-cache",
        "Strict-Transport-Security": "max-age=31536000; includeSubDomains",
        "X-Content-Type-Options": "nosniff",
        "x-ms-correlation-request-id": "99179354-8bff-4689-9525-57d761c1fa9c",
        "x-ms-ratelimit-remaining-subscription-reads": "11982",
        "x-ms-request-id": "109868fb-f7e2-4fd2-b7c6-e7b597b018ce",
        "x-ms-routing-request-id": "JAPANEAST:20230323T021809Z:99179354-8bff-4689-9525-57d761c1fa9c"
      },
      "ResponseBody": {
        "id": "/subscriptions/db1ab6f0-4769-4b27-930e-01e2ef9c123c/resourceGroups/testRG-ResourceMover/providers/Microsoft.Migrate/moveCollections/testMoveCollection/operations/881868ac-70c2-48d0-810c-48f066e0530a",
        "name": "881868ac-70c2-48d0-810c-48f066e0530a",
        "status": "Succeeded",
        "startTime": "3/23/2023 2:18:09 AM",
        "endTime": "3/23/2023 2:18:09 AM",
        "error": null,
        "properties": {}
      }
    },
    {
      "RequestUri": "https://management.azure.com/subscriptions/db1ab6f0-4769-4b27-930e-01e2ef9c123c/resourceGroups/testRG-ResourceMover/providers/Microsoft.Migrate/moveCollections/testMoveCollection/commit?api-version=2021-08-01",
      "RequestMethod": "POST",
      "RequestHeaders": {
        "Accept": "application/json",
        "Authorization": "Sanitized",
        "Content-Length": "161",
        "Content-Type": "application/json",
        "traceparent": "00-d2fb107de1bad99f7cc2e9d18639ca68-6fb4f334c2859f5f-00",
        "User-Agent": "azsdk-net-ResourceManager.ResourceMover/1.1.0-alpha.20230322.1 (.NET 6.0.15; Microsoft Windows 10.0.22621)",
        "x-ms-client-request-id": "8b23ec69464462c94af501c8fe094e3c",
        "x-ms-return-client-request-id": "true"
      },
      "RequestBody": {
        "moveResources": [
          "/subscriptions/db1ab6f0-4769-4b27-930e-01e2ef9c123c/resourceGroups/testRg-ResourceMover-3174"
        ],
        "moveResourceInputType": "MoveResourceSourceId"
      },
      "StatusCode": 202,
      "ResponseHeaders": {
        "Azure-AsyncOperation": "https://management.azure.com/subscriptions/db1ab6f0-4769-4b27-930e-01e2ef9c123c/resourceGroups/testRG-ResourceMover/providers/Microsoft.Migrate/moveCollections/testMoveCollection/operations/f57ca3b8-90ce-456e-8c1f-42c3b1dd670d?api-version=2021-08-01",
        "Cache-Control": "no-cache",
        "Content-Length": "4",
        "Content-Type": "application/json; charset=utf-8",
        "Date": "Thu, 23 Mar 2023 02:18:09 GMT",
        "Expires": "-1",
        "Pragma": "no-cache",
        "Retry-After": "15",
        "Strict-Transport-Security": "max-age=31536000; includeSubDomains",
        "X-Content-Type-Options": "nosniff",
        "x-ms-correlation-request-id": "5b149891-692f-4279-9816-646052a49234",
        "x-ms-ratelimit-remaining-subscription-writes": "1195",
        "x-ms-request-id": "153e7bf4-a1b0-471d-817f-2dbb0f86be91",
        "x-ms-routing-request-id": "JAPANEAST:20230323T021810Z:5b149891-692f-4279-9816-646052a49234"
      },
      "ResponseBody": "null"
    },
    {
      "RequestUri": "https://management.azure.com/subscriptions/db1ab6f0-4769-4b27-930e-01e2ef9c123c/resourceGroups/testRG-ResourceMover/providers/Microsoft.Migrate/moveCollections/testMoveCollection/operations/f57ca3b8-90ce-456e-8c1f-42c3b1dd670d?api-version=2021-08-01",
      "RequestMethod": "GET",
      "RequestHeaders": {
        "Authorization": "Sanitized",
        "traceparent": "00-d2fb107de1bad99f7cc2e9d18639ca68-d987806bdaa6933b-00",
        "User-Agent": "azsdk-net-ResourceManager/1.4.0 (.NET 6.0.15; Microsoft Windows 10.0.22621)",
        "x-ms-client-request-id": "daf20728a146ed745a3a985feb593f33",
        "x-ms-return-client-request-id": "true"
      },
      "RequestBody": null,
      "StatusCode": 200,
      "ResponseHeaders": {
        "Azure-AsyncOperation": "https://management.azure.com/subscriptions/db1ab6f0-4769-4b27-930e-01e2ef9c123c/resourceGroups/testRG-ResourceMover/providers/Microsoft.Migrate/moveCollections/testMoveCollection/operations/f57ca3b8-90ce-456e-8c1f-42c3b1dd670d?api-version=2021-08-01",
        "Cache-Control": "no-cache",
        "Content-Length": "351",
        "Content-Type": "application/json; charset=utf-8",
        "Date": "Thu, 23 Mar 2023 02:18:10 GMT",
        "Expires": "-1",
        "Pragma": "no-cache",
        "Retry-After": "15",
        "Strict-Transport-Security": "max-age=31536000; includeSubDomains",
        "X-Content-Type-Options": "nosniff",
        "x-ms-correlation-request-id": "6357a5c7-ae8f-4756-b597-4ac57070e548",
        "x-ms-ratelimit-remaining-subscription-reads": "11981",
        "x-ms-request-id": "fa388f3c-e42a-401d-8a1e-00eda6988800",
        "x-ms-routing-request-id": "JAPANEAST:20230323T021811Z:6357a5c7-ae8f-4756-b597-4ac57070e548"
      },
      "ResponseBody": {
        "id": "/subscriptions/db1ab6f0-4769-4b27-930e-01e2ef9c123c/resourceGroups/testRG-ResourceMover/providers/Microsoft.Migrate/moveCollections/testMoveCollection/operations/f57ca3b8-90ce-456e-8c1f-42c3b1dd670d",
        "name": "f57ca3b8-90ce-456e-8c1f-42c3b1dd670d",
        "status": "Running",
        "startTime": "3/23/2023 2:18:10 AM",
        "endTime": null,
        "error": null,
        "properties": {}
      }
    },
    {
      "RequestUri": "https://management.azure.com/subscriptions/db1ab6f0-4769-4b27-930e-01e2ef9c123c/resourceGroups/testRG-ResourceMover/providers/Microsoft.Migrate/moveCollections/testMoveCollection/operations/f57ca3b8-90ce-456e-8c1f-42c3b1dd670d?api-version=2021-08-01",
      "RequestMethod": "GET",
      "RequestHeaders": {
        "Authorization": "Sanitized",
        "traceparent": "00-d2fb107de1bad99f7cc2e9d18639ca68-e52e67e51ffce88d-00",
        "User-Agent": "azsdk-net-ResourceManager/1.4.0 (.NET 6.0.15; Microsoft Windows 10.0.22621)",
        "x-ms-client-request-id": "3bdf5e9148573f2ab58e9f1deeaaaf3f",
        "x-ms-return-client-request-id": "true"
      },
      "RequestBody": null,
      "StatusCode": 200,
      "ResponseHeaders": {
        "Cache-Control": "no-cache",
        "Content-Length": "371",
        "Content-Type": "application/json; charset=utf-8",
        "Date": "Thu, 23 Mar 2023 02:18:25 GMT",
        "Expires": "-1",
        "Pragma": "no-cache",
        "Strict-Transport-Security": "max-age=31536000; includeSubDomains",
        "X-Content-Type-Options": "nosniff",
        "x-ms-correlation-request-id": "896e3367-82fa-44a9-8b8a-b46b4d236dea",
        "x-ms-ratelimit-remaining-subscription-reads": "11980",
        "x-ms-request-id": "06e53262-1842-4de6-a991-f484782e5bd9",
        "x-ms-routing-request-id": "JAPANEAST:20230323T021826Z:896e3367-82fa-44a9-8b8a-b46b4d236dea"
      },
      "ResponseBody": {
        "id": "/subscriptions/db1ab6f0-4769-4b27-930e-01e2ef9c123c/resourceGroups/testRG-ResourceMover/providers/Microsoft.Migrate/moveCollections/testMoveCollection/operations/f57ca3b8-90ce-456e-8c1f-42c3b1dd670d",
        "name": "f57ca3b8-90ce-456e-8c1f-42c3b1dd670d",
        "status": "Succeeded",
        "startTime": "3/23/2023 2:18:10 AM",
        "endTime": "3/23/2023 2:18:11 AM",
        "error": null,
        "properties": {}
      }
    },
    {
      "RequestUri": "https://management.azure.com/subscriptions/db1ab6f0-4769-4b27-930e-01e2ef9c123c/resourceGroups/testRG-ResourceMover/providers/Microsoft.Migrate/moveCollections/testMoveCollection/prepare?api-version=2021-08-01",
      "RequestMethod": "POST",
      "RequestHeaders": {
        "Accept": "application/json",
        "Authorization": "Sanitized",
        "Content-Length": "215",
        "Content-Type": "application/json",
        "traceparent": "00-4b8fcb5db9fb8949524e604e2ab01af1-54cb6dc4918c522a-00",
        "User-Agent": "azsdk-net-ResourceManager.ResourceMover/1.1.0-alpha.20230322.1 (.NET 6.0.15; Microsoft Windows 10.0.22621)",
        "x-ms-client-request-id": "f6a00d237316a7f670722a9292d8a992",
        "x-ms-return-client-request-id": "true"
      },
      "RequestBody": {
        "moveResources": [
          "/subscriptions/db1ab6f0-4769-4b27-930e-01e2ef9c123c/resourceGroups/testRg-ResourceMover-3174/providers/Microsoft.Network/virtualNetworks/Vnet-9419"
        ],
        "moveResourceInputType": "MoveResourceSourceId"
      },
      "StatusCode": 202,
      "ResponseHeaders": {
        "Azure-AsyncOperation": "https://management.azure.com/subscriptions/db1ab6f0-4769-4b27-930e-01e2ef9c123c/resourceGroups/testRG-ResourceMover/providers/Microsoft.Migrate/moveCollections/testMoveCollection/operations/35b13511-4b5d-40b3-b7f9-e7151d3f1c5b?api-version=2021-08-01",
        "Cache-Control": "no-cache",
        "Content-Length": "4",
        "Content-Type": "application/json; charset=utf-8",
        "Date": "Thu, 23 Mar 2023 02:18:26 GMT",
        "Expires": "-1",
        "Pragma": "no-cache",
        "Retry-After": "15",
        "Strict-Transport-Security": "max-age=31536000; includeSubDomains",
        "X-Content-Type-Options": "nosniff",
        "x-ms-correlation-request-id": "f263f42c-c1f9-4499-9979-c5c64203fb01",
        "x-ms-ratelimit-remaining-subscription-writes": "1194",
        "x-ms-request-id": "4fe89da3-89e3-4c6a-b159-d3b430bb8737",
        "x-ms-routing-request-id": "JAPANEAST:20230323T021827Z:f263f42c-c1f9-4499-9979-c5c64203fb01"
      },
      "ResponseBody": "null"
    },
    {
      "RequestUri": "https://management.azure.com/subscriptions/db1ab6f0-4769-4b27-930e-01e2ef9c123c/resourceGroups/testRG-ResourceMover/providers/Microsoft.Migrate/moveCollections/testMoveCollection/operations/35b13511-4b5d-40b3-b7f9-e7151d3f1c5b?api-version=2021-08-01",
      "RequestMethod": "GET",
      "RequestHeaders": {
        "Authorization": "Sanitized",
        "traceparent": "00-4b8fcb5db9fb8949524e604e2ab01af1-62cb79c95bf53c57-00",
        "User-Agent": "azsdk-net-ResourceManager/1.4.0 (.NET 6.0.15; Microsoft Windows 10.0.22621)",
        "x-ms-client-request-id": "de3b598a48b91d1c6837cae41e97addd",
        "x-ms-return-client-request-id": "true"
      },
      "RequestBody": null,
      "StatusCode": 200,
      "ResponseHeaders": {
        "Azure-AsyncOperation": "https://management.azure.com/subscriptions/db1ab6f0-4769-4b27-930e-01e2ef9c123c/resourceGroups/testRG-ResourceMover/providers/Microsoft.Migrate/moveCollections/testMoveCollection/operations/35b13511-4b5d-40b3-b7f9-e7151d3f1c5b?api-version=2021-08-01",
        "Cache-Control": "no-cache",
        "Content-Length": "351",
        "Content-Type": "application/json; charset=utf-8",
        "Date": "Thu, 23 Mar 2023 02:18:26 GMT",
        "Expires": "-1",
        "Pragma": "no-cache",
        "Retry-After": "15",
        "Strict-Transport-Security": "max-age=31536000; includeSubDomains",
        "X-Content-Type-Options": "nosniff",
        "x-ms-correlation-request-id": "d903764c-25f6-4471-84b6-2d57f9ce8fa5",
        "x-ms-ratelimit-remaining-subscription-reads": "11979",
        "x-ms-request-id": "8fe68f7b-d97d-4d9a-b564-b45b5eea05c9",
        "x-ms-routing-request-id": "JAPANEAST:20230323T021827Z:d903764c-25f6-4471-84b6-2d57f9ce8fa5"
      },
      "ResponseBody": {
        "id": "/subscriptions/db1ab6f0-4769-4b27-930e-01e2ef9c123c/resourceGroups/testRG-ResourceMover/providers/Microsoft.Migrate/moveCollections/testMoveCollection/operations/35b13511-4b5d-40b3-b7f9-e7151d3f1c5b",
        "name": "35b13511-4b5d-40b3-b7f9-e7151d3f1c5b",
        "status": "Running",
        "startTime": "3/23/2023 2:18:26 AM",
        "endTime": null,
        "error": null,
        "properties": {}
      }
    },
    {
      "RequestUri": "https://management.azure.com/subscriptions/db1ab6f0-4769-4b27-930e-01e2ef9c123c/resourceGroups/testRG-ResourceMover/providers/Microsoft.Migrate/moveCollections/testMoveCollection/operations/35b13511-4b5d-40b3-b7f9-e7151d3f1c5b?api-version=2021-08-01",
      "RequestMethod": "GET",
      "RequestHeaders": {
        "Authorization": "Sanitized",
        "traceparent": "00-4b8fcb5db9fb8949524e604e2ab01af1-117d7aa3d132b464-00",
        "User-Agent": "azsdk-net-ResourceManager/1.4.0 (.NET 6.0.15; Microsoft Windows 10.0.22621)",
        "x-ms-client-request-id": "ca340ce55a1d8d1271c018634e3ea519",
        "x-ms-return-client-request-id": "true"
      },
      "RequestBody": null,
      "StatusCode": 200,
      "ResponseHeaders": {
        "Cache-Control": "no-cache",
        "Content-Length": "371",
        "Content-Type": "application/json; charset=utf-8",
        "Date": "Thu, 23 Mar 2023 02:18:42 GMT",
        "Expires": "-1",
        "Pragma": "no-cache",
        "Strict-Transport-Security": "max-age=31536000; includeSubDomains",
        "X-Content-Type-Options": "nosniff",
        "x-ms-correlation-request-id": "bfa8224d-4629-4137-8721-daeb1e84fd81",
        "x-ms-ratelimit-remaining-subscription-reads": "11978",
        "x-ms-request-id": "4d7a9ea2-b23f-4d01-a2c7-521ba1dc96a5",
        "x-ms-routing-request-id": "JAPANEAST:20230323T021843Z:bfa8224d-4629-4137-8721-daeb1e84fd81"
      },
      "ResponseBody": {
        "id": "/subscriptions/db1ab6f0-4769-4b27-930e-01e2ef9c123c/resourceGroups/testRG-ResourceMover/providers/Microsoft.Migrate/moveCollections/testMoveCollection/operations/35b13511-4b5d-40b3-b7f9-e7151d3f1c5b",
        "name": "35b13511-4b5d-40b3-b7f9-e7151d3f1c5b",
        "status": "Succeeded",
        "startTime": "3/23/2023 2:18:26 AM",
        "endTime": "3/23/2023 2:18:28 AM",
        "error": null,
        "properties": {}
      }
    },
    {
      "RequestUri": "https://management.azure.com/subscriptions/db1ab6f0-4769-4b27-930e-01e2ef9c123c/resourceGroups/testRG-ResourceMover/providers/Microsoft.Migrate/moveCollections/testMoveCollection/initiateMove?api-version=2021-08-01",
      "RequestMethod": "POST",
      "RequestHeaders": {
        "Accept": "application/json",
        "Authorization": "Sanitized",
        "Content-Length": "215",
        "Content-Type": "application/json",
        "traceparent": "00-5cdc276524d15b7ed0721b58fa2cad42-a1d0986f39a8e039-00",
        "User-Agent": "azsdk-net-ResourceManager.ResourceMover/1.1.0-alpha.20230322.1 (.NET 6.0.15; Microsoft Windows 10.0.22621)",
        "x-ms-client-request-id": "38077b74ca9c9fd8086fecf4cbb7c146",
        "x-ms-return-client-request-id": "true"
      },
      "RequestBody": {
        "moveResources": [
          "/subscriptions/db1ab6f0-4769-4b27-930e-01e2ef9c123c/resourceGroups/testRg-ResourceMover-3174/providers/Microsoft.Network/virtualNetworks/Vnet-9419"
        ],
        "moveResourceInputType": "MoveResourceSourceId"
      },
      "StatusCode": 202,
      "ResponseHeaders": {
        "Azure-AsyncOperation": "https://management.azure.com/subscriptions/db1ab6f0-4769-4b27-930e-01e2ef9c123c/resourceGroups/testRG-ResourceMover/providers/Microsoft.Migrate/moveCollections/testMoveCollection/operations/d0ec0c80-493f-4a8d-87e9-7b0328f94d9f?api-version=2021-08-01",
        "Cache-Control": "no-cache",
        "Content-Length": "4",
        "Content-Type": "application/json; charset=utf-8",
        "Date": "Thu, 23 Mar 2023 02:18:42 GMT",
        "Expires": "-1",
        "Pragma": "no-cache",
        "Retry-After": "15",
        "Strict-Transport-Security": "max-age=31536000; includeSubDomains",
        "X-Content-Type-Options": "nosniff",
        "x-ms-correlation-request-id": "5d503747-e4ea-4efd-8229-acd3f6e59340",
        "x-ms-ratelimit-remaining-subscription-writes": "1193",
        "x-ms-request-id": "39e0a1ae-878e-42c5-b7c8-b93a35eb423e",
        "x-ms-routing-request-id": "JAPANEAST:20230323T021843Z:5d503747-e4ea-4efd-8229-acd3f6e59340"
      },
      "ResponseBody": "null"
    },
    {
      "RequestUri": "https://management.azure.com/subscriptions/db1ab6f0-4769-4b27-930e-01e2ef9c123c/resourceGroups/testRG-ResourceMover/providers/Microsoft.Migrate/moveCollections/testMoveCollection/operations/d0ec0c80-493f-4a8d-87e9-7b0328f94d9f?api-version=2021-08-01",
      "RequestMethod": "GET",
      "RequestHeaders": {
        "Authorization": "Sanitized",
        "traceparent": "00-5cdc276524d15b7ed0721b58fa2cad42-08b34a9b3e3e83b9-00",
        "User-Agent": "azsdk-net-ResourceManager/1.4.0 (.NET 6.0.15; Microsoft Windows 10.0.22621)",
        "x-ms-client-request-id": "a270b192748f1a403395c1ad6d1ec1ba",
        "x-ms-return-client-request-id": "true"
      },
      "RequestBody": null,
      "StatusCode": 200,
      "ResponseHeaders": {
        "Azure-AsyncOperation": "https://management.azure.com/subscriptions/db1ab6f0-4769-4b27-930e-01e2ef9c123c/resourceGroups/testRG-ResourceMover/providers/Microsoft.Migrate/moveCollections/testMoveCollection/operations/d0ec0c80-493f-4a8d-87e9-7b0328f94d9f?api-version=2021-08-01",
        "Cache-Control": "no-cache",
        "Content-Length": "351",
        "Content-Type": "application/json; charset=utf-8",
        "Date": "Thu, 23 Mar 2023 02:18:43 GMT",
        "Expires": "-1",
        "Pragma": "no-cache",
        "Retry-After": "15",
        "Strict-Transport-Security": "max-age=31536000; includeSubDomains",
        "X-Content-Type-Options": "nosniff",
        "x-ms-correlation-request-id": "d7b62884-5fd2-4711-bb0b-616f3037c484",
        "x-ms-ratelimit-remaining-subscription-reads": "11977",
        "x-ms-request-id": "b9aa67b0-e499-433d-b9d8-34aad77171be",
        "x-ms-routing-request-id": "JAPANEAST:20230323T021844Z:d7b62884-5fd2-4711-bb0b-616f3037c484"
      },
      "ResponseBody": {
        "id": "/subscriptions/db1ab6f0-4769-4b27-930e-01e2ef9c123c/resourceGroups/testRG-ResourceMover/providers/Microsoft.Migrate/moveCollections/testMoveCollection/operations/d0ec0c80-493f-4a8d-87e9-7b0328f94d9f",
        "name": "d0ec0c80-493f-4a8d-87e9-7b0328f94d9f",
        "status": "Running",
        "startTime": "3/23/2023 2:18:43 AM",
        "endTime": null,
        "error": null,
        "properties": {}
      }
    },
    {
      "RequestUri": "https://management.azure.com/subscriptions/db1ab6f0-4769-4b27-930e-01e2ef9c123c/resourceGroups/testRG-ResourceMover/providers/Microsoft.Migrate/moveCollections/testMoveCollection/operations/d0ec0c80-493f-4a8d-87e9-7b0328f94d9f?api-version=2021-08-01",
      "RequestMethod": "GET",
      "RequestHeaders": {
        "Authorization": "Sanitized",
        "traceparent": "00-5cdc276524d15b7ed0721b58fa2cad42-2daea5456365bb27-00",
        "User-Agent": "azsdk-net-ResourceManager/1.4.0 (.NET 6.0.15; Microsoft Windows 10.0.22621)",
        "x-ms-client-request-id": "065cd2ffaf6c40f7e8d7f2ed5de06f4f",
        "x-ms-return-client-request-id": "true"
      },
      "RequestBody": null,
      "StatusCode": 200,
      "ResponseHeaders": {
        "Azure-AsyncOperation": "https://management.azure.com/subscriptions/db1ab6f0-4769-4b27-930e-01e2ef9c123c/resourceGroups/testRG-ResourceMover/providers/Microsoft.Migrate/moveCollections/testMoveCollection/operations/d0ec0c80-493f-4a8d-87e9-7b0328f94d9f?api-version=2021-08-01",
        "Cache-Control": "no-cache",
        "Content-Length": "351",
        "Content-Type": "application/json; charset=utf-8",
        "Date": "Thu, 23 Mar 2023 02:18:58 GMT",
        "Expires": "-1",
        "Pragma": "no-cache",
        "Retry-After": "15",
        "Strict-Transport-Security": "max-age=31536000; includeSubDomains",
        "X-Content-Type-Options": "nosniff",
        "x-ms-correlation-request-id": "1521da95-e095-4765-92b6-e4acbecaa341",
        "x-ms-ratelimit-remaining-subscription-reads": "11976",
        "x-ms-request-id": "2adca84f-2486-4726-afb8-4b3ca0786260",
        "x-ms-routing-request-id": "JAPANEAST:20230323T021859Z:1521da95-e095-4765-92b6-e4acbecaa341"
      },
      "ResponseBody": {
        "id": "/subscriptions/db1ab6f0-4769-4b27-930e-01e2ef9c123c/resourceGroups/testRG-ResourceMover/providers/Microsoft.Migrate/moveCollections/testMoveCollection/operations/d0ec0c80-493f-4a8d-87e9-7b0328f94d9f",
        "name": "d0ec0c80-493f-4a8d-87e9-7b0328f94d9f",
        "status": "Running",
        "startTime": "3/23/2023 2:18:43 AM",
        "endTime": null,
        "error": null,
        "properties": {}
      }
    },
    {
      "RequestUri": "https://management.azure.com/subscriptions/db1ab6f0-4769-4b27-930e-01e2ef9c123c/resourceGroups/testRG-ResourceMover/providers/Microsoft.Migrate/moveCollections/testMoveCollection/operations/d0ec0c80-493f-4a8d-87e9-7b0328f94d9f?api-version=2021-08-01",
      "RequestMethod": "GET",
      "RequestHeaders": {
        "Authorization": "Sanitized",
        "traceparent": "00-5cdc276524d15b7ed0721b58fa2cad42-bae1a14ae19e5ae3-00",
        "User-Agent": "azsdk-net-ResourceManager/1.4.0 (.NET 6.0.15; Microsoft Windows 10.0.22621)",
        "x-ms-client-request-id": "1a61c3a01e4692b607b7c18c71e4c227",
        "x-ms-return-client-request-id": "true"
      },
      "RequestBody": null,
      "StatusCode": 200,
      "ResponseHeaders": {
        "Azure-AsyncOperation": "https://management.azure.com/subscriptions/db1ab6f0-4769-4b27-930e-01e2ef9c123c/resourceGroups/testRG-ResourceMover/providers/Microsoft.Migrate/moveCollections/testMoveCollection/operations/d0ec0c80-493f-4a8d-87e9-7b0328f94d9f?api-version=2021-08-01",
        "Cache-Control": "no-cache",
        "Content-Length": "351",
        "Content-Type": "application/json; charset=utf-8",
        "Date": "Thu, 23 Mar 2023 02:19:15 GMT",
        "Expires": "-1",
        "Pragma": "no-cache",
        "Retry-After": "15",
        "Strict-Transport-Security": "max-age=31536000; includeSubDomains",
        "X-Content-Type-Options": "nosniff",
        "x-ms-correlation-request-id": "6904b2be-9065-4ceb-ae6e-f3fa12a1e9fd",
        "x-ms-ratelimit-remaining-subscription-reads": "11975",
        "x-ms-request-id": "b1ac6a99-ee5e-42b5-9c62-5e4adedc9f9b",
        "x-ms-routing-request-id": "JAPANEAST:20230323T021915Z:6904b2be-9065-4ceb-ae6e-f3fa12a1e9fd"
      },
      "ResponseBody": {
        "id": "/subscriptions/db1ab6f0-4769-4b27-930e-01e2ef9c123c/resourceGroups/testRG-ResourceMover/providers/Microsoft.Migrate/moveCollections/testMoveCollection/operations/d0ec0c80-493f-4a8d-87e9-7b0328f94d9f",
        "name": "d0ec0c80-493f-4a8d-87e9-7b0328f94d9f",
        "status": "Running",
        "startTime": "3/23/2023 2:18:43 AM",
        "endTime": null,
        "error": null,
        "properties": {}
      }
    },
    {
      "RequestUri": "https://management.azure.com/subscriptions/db1ab6f0-4769-4b27-930e-01e2ef9c123c/resourceGroups/testRG-ResourceMover/providers/Microsoft.Migrate/moveCollections/testMoveCollection/operations/d0ec0c80-493f-4a8d-87e9-7b0328f94d9f?api-version=2021-08-01",
      "RequestMethod": "GET",
      "RequestHeaders": {
        "Authorization": "Sanitized",
        "traceparent": "00-5cdc276524d15b7ed0721b58fa2cad42-54deb99fddb7d021-00",
        "User-Agent": "azsdk-net-ResourceManager/1.4.0 (.NET 6.0.15; Microsoft Windows 10.0.22621)",
        "x-ms-client-request-id": "5df9b2edc85ce3bcb92fb9b88153bc53",
        "x-ms-return-client-request-id": "true"
      },
      "RequestBody": null,
      "StatusCode": 200,
      "ResponseHeaders": {
        "Azure-AsyncOperation": "https://management.azure.com/subscriptions/db1ab6f0-4769-4b27-930e-01e2ef9c123c/resourceGroups/testRG-ResourceMover/providers/Microsoft.Migrate/moveCollections/testMoveCollection/operations/d0ec0c80-493f-4a8d-87e9-7b0328f94d9f?api-version=2021-08-01",
        "Cache-Control": "no-cache",
        "Content-Length": "351",
        "Content-Type": "application/json; charset=utf-8",
        "Date": "Thu, 23 Mar 2023 02:19:30 GMT",
        "Expires": "-1",
        "Pragma": "no-cache",
        "Retry-After": "15",
        "Strict-Transport-Security": "max-age=31536000; includeSubDomains",
        "X-Content-Type-Options": "nosniff",
        "x-ms-correlation-request-id": "a42c2281-8578-4d09-b727-8df9bf62e08b",
        "x-ms-ratelimit-remaining-subscription-reads": "11974",
        "x-ms-request-id": "4ea89dbd-6188-48c2-984b-32043341f112",
        "x-ms-routing-request-id": "JAPANEAST:20230323T021930Z:a42c2281-8578-4d09-b727-8df9bf62e08b"
      },
      "ResponseBody": {
        "id": "/subscriptions/db1ab6f0-4769-4b27-930e-01e2ef9c123c/resourceGroups/testRG-ResourceMover/providers/Microsoft.Migrate/moveCollections/testMoveCollection/operations/d0ec0c80-493f-4a8d-87e9-7b0328f94d9f",
        "name": "d0ec0c80-493f-4a8d-87e9-7b0328f94d9f",
        "status": "Running",
        "startTime": "3/23/2023 2:18:43 AM",
        "endTime": null,
        "error": null,
        "properties": {}
      }
    },
    {
      "RequestUri": "https://management.azure.com/subscriptions/db1ab6f0-4769-4b27-930e-01e2ef9c123c/resourceGroups/testRG-ResourceMover/providers/Microsoft.Migrate/moveCollections/testMoveCollection/operations/d0ec0c80-493f-4a8d-87e9-7b0328f94d9f?api-version=2021-08-01",
      "RequestMethod": "GET",
      "RequestHeaders": {
        "Authorization": "Sanitized",
        "traceparent": "00-5cdc276524d15b7ed0721b58fa2cad42-71accbacbd570a48-00",
        "User-Agent": "azsdk-net-ResourceManager/1.4.0 (.NET 6.0.15; Microsoft Windows 10.0.22621)",
        "x-ms-client-request-id": "aa0d7225a6bce0731ccafeb5ed6ace04",
        "x-ms-return-client-request-id": "true"
      },
      "RequestBody": null,
      "StatusCode": 200,
      "ResponseHeaders": {
        "Azure-AsyncOperation": "https://management.azure.com/subscriptions/db1ab6f0-4769-4b27-930e-01e2ef9c123c/resourceGroups/testRG-ResourceMover/providers/Microsoft.Migrate/moveCollections/testMoveCollection/operations/d0ec0c80-493f-4a8d-87e9-7b0328f94d9f?api-version=2021-08-01",
        "Cache-Control": "no-cache",
        "Content-Length": "351",
        "Content-Type": "application/json; charset=utf-8",
        "Date": "Thu, 23 Mar 2023 02:19:46 GMT",
        "Expires": "-1",
        "Pragma": "no-cache",
        "Retry-After": "15",
        "Strict-Transport-Security": "max-age=31536000; includeSubDomains",
        "X-Content-Type-Options": "nosniff",
        "x-ms-correlation-request-id": "b8880ecc-50d1-4ffa-be91-fa43720f61d7",
        "x-ms-ratelimit-remaining-subscription-reads": "11973",
        "x-ms-request-id": "0ab91fdf-9bee-452a-b733-4f9785554955",
        "x-ms-routing-request-id": "JAPANEAST:20230323T021946Z:b8880ecc-50d1-4ffa-be91-fa43720f61d7"
      },
      "ResponseBody": {
        "id": "/subscriptions/db1ab6f0-4769-4b27-930e-01e2ef9c123c/resourceGroups/testRG-ResourceMover/providers/Microsoft.Migrate/moveCollections/testMoveCollection/operations/d0ec0c80-493f-4a8d-87e9-7b0328f94d9f",
        "name": "d0ec0c80-493f-4a8d-87e9-7b0328f94d9f",
        "status": "Running",
        "startTime": "3/23/2023 2:18:43 AM",
        "endTime": null,
        "error": null,
        "properties": {}
      }
    },
    {
      "RequestUri": "https://management.azure.com/subscriptions/db1ab6f0-4769-4b27-930e-01e2ef9c123c/resourceGroups/testRG-ResourceMover/providers/Microsoft.Migrate/moveCollections/testMoveCollection/operations/d0ec0c80-493f-4a8d-87e9-7b0328f94d9f?api-version=2021-08-01",
      "RequestMethod": "GET",
      "RequestHeaders": {
        "Authorization": "Sanitized",
        "traceparent": "00-5cdc276524d15b7ed0721b58fa2cad42-61af65df084707e5-00",
        "User-Agent": "azsdk-net-ResourceManager/1.4.0 (.NET 6.0.15; Microsoft Windows 10.0.22621)",
        "x-ms-client-request-id": "aaffcb1411e6d7f3077e601664fd11b4",
        "x-ms-return-client-request-id": "true"
      },
      "RequestBody": null,
      "StatusCode": 200,
      "ResponseHeaders": {
        "Cache-Control": "no-cache",
        "Content-Length": "371",
        "Content-Type": "application/json; charset=utf-8",
        "Date": "Thu, 23 Mar 2023 02:20:01 GMT",
        "Expires": "-1",
        "Pragma": "no-cache",
        "Strict-Transport-Security": "max-age=31536000; includeSubDomains",
        "X-Content-Type-Options": "nosniff",
        "x-ms-correlation-request-id": "bde9493d-8665-48bd-bddd-d28335ce8c61",
        "x-ms-ratelimit-remaining-subscription-reads": "11972",
        "x-ms-request-id": "4517d621-1d6a-4342-b96d-edafc6e242a6",
        "x-ms-routing-request-id": "JAPANEAST:20230323T022001Z:bde9493d-8665-48bd-bddd-d28335ce8c61"
      },
      "ResponseBody": {
        "id": "/subscriptions/db1ab6f0-4769-4b27-930e-01e2ef9c123c/resourceGroups/testRG-ResourceMover/providers/Microsoft.Migrate/moveCollections/testMoveCollection/operations/d0ec0c80-493f-4a8d-87e9-7b0328f94d9f",
        "name": "d0ec0c80-493f-4a8d-87e9-7b0328f94d9f",
        "status": "Succeeded",
        "startTime": "3/23/2023 2:18:43 AM",
        "endTime": "3/23/2023 2:19:46 AM",
        "error": null,
        "properties": {}
      }
    },
    {
      "RequestUri": "https://management.azure.com/subscriptions/db1ab6f0-4769-4b27-930e-01e2ef9c123c/resourceGroups/testRG-ResourceMover/providers/Microsoft.Migrate/moveCollections/testMoveCollection/discard?api-version=2021-08-01",
      "RequestMethod": "POST",
      "RequestHeaders": {
        "Accept": "application/json",
        "Authorization": "Sanitized",
        "Content-Length": "215",
        "Content-Type": "application/json",
        "traceparent": "00-464f1b87fda31ed5df9aae74d66db530-a7e78bf7711355cd-00",
        "User-Agent": "azsdk-net-ResourceManager.ResourceMover/1.1.0-alpha.20230322.1 (.NET 6.0.15; Microsoft Windows 10.0.22621)",
        "x-ms-client-request-id": "ff666efa18d6476a3f194191ca07f64f",
        "x-ms-return-client-request-id": "true"
      },
      "RequestBody": {
        "moveResources": [
          "/subscriptions/db1ab6f0-4769-4b27-930e-01e2ef9c123c/resourceGroups/testRg-ResourceMover-3174/providers/Microsoft.Network/virtualNetworks/Vnet-9419"
        ],
        "moveResourceInputType": "MoveResourceSourceId"
      },
      "StatusCode": 202,
      "ResponseHeaders": {
        "Azure-AsyncOperation": "https://management.azure.com/subscriptions/db1ab6f0-4769-4b27-930e-01e2ef9c123c/resourceGroups/testRG-ResourceMover/providers/Microsoft.Migrate/moveCollections/testMoveCollection/operations/d8ab469c-3b98-44b6-a0de-d6131ad06da7?api-version=2021-08-01",
        "Cache-Control": "no-cache",
        "Content-Length": "4",
        "Content-Type": "application/json; charset=utf-8",
        "Date": "Thu, 23 Mar 2023 02:20:02 GMT",
        "Expires": "-1",
        "Pragma": "no-cache",
        "Retry-After": "15",
        "Strict-Transport-Security": "max-age=31536000; includeSubDomains",
        "X-Content-Type-Options": "nosniff",
        "x-ms-correlation-request-id": "3ffdf250-75c5-4650-a055-320ecd1159e7",
        "x-ms-ratelimit-remaining-subscription-writes": "1192",
        "x-ms-request-id": "13efd03a-3f87-488d-9bd9-e64b4a546ecc",
        "x-ms-routing-request-id": "JAPANEAST:20230323T022002Z:3ffdf250-75c5-4650-a055-320ecd1159e7"
      },
      "ResponseBody": "null"
    },
    {
      "RequestUri": "https://management.azure.com/subscriptions/db1ab6f0-4769-4b27-930e-01e2ef9c123c/resourceGroups/testRG-ResourceMover/providers/Microsoft.Migrate/moveCollections/testMoveCollection/operations/d8ab469c-3b98-44b6-a0de-d6131ad06da7?api-version=2021-08-01",
      "RequestMethod": "GET",
      "RequestHeaders": {
        "Authorization": "Sanitized",
        "traceparent": "00-464f1b87fda31ed5df9aae74d66db530-1e0b2fb48383bf67-00",
        "User-Agent": "azsdk-net-ResourceManager/1.4.0 (.NET 6.0.15; Microsoft Windows 10.0.22621)",
        "x-ms-client-request-id": "7fba4ab9cf03fc2d60b86bcdcf610d00",
        "x-ms-return-client-request-id": "true"
      },
      "RequestBody": null,
      "StatusCode": 200,
      "ResponseHeaders": {
        "Azure-AsyncOperation": "https://management.azure.com/subscriptions/db1ab6f0-4769-4b27-930e-01e2ef9c123c/resourceGroups/testRG-ResourceMover/providers/Microsoft.Migrate/moveCollections/testMoveCollection/operations/d8ab469c-3b98-44b6-a0de-d6131ad06da7?api-version=2021-08-01",
        "Cache-Control": "no-cache",
        "Content-Length": "351",
        "Content-Type": "application/json; charset=utf-8",
        "Date": "Thu, 23 Mar 2023 02:20:02 GMT",
        "Expires": "-1",
        "Pragma": "no-cache",
        "Retry-After": "15",
        "Strict-Transport-Security": "max-age=31536000; includeSubDomains",
        "X-Content-Type-Options": "nosniff",
        "x-ms-correlation-request-id": "fed1ed9d-979c-40a2-9467-a748a3bd9411",
        "x-ms-ratelimit-remaining-subscription-reads": "11971",
        "x-ms-request-id": "2c8f007c-a363-489c-889d-2962172071eb",
        "x-ms-routing-request-id": "JAPANEAST:20230323T022002Z:fed1ed9d-979c-40a2-9467-a748a3bd9411"
      },
      "ResponseBody": {
        "id": "/subscriptions/db1ab6f0-4769-4b27-930e-01e2ef9c123c/resourceGroups/testRG-ResourceMover/providers/Microsoft.Migrate/moveCollections/testMoveCollection/operations/d8ab469c-3b98-44b6-a0de-d6131ad06da7",
        "name": "d8ab469c-3b98-44b6-a0de-d6131ad06da7",
        "status": "Running",
        "startTime": "3/23/2023 2:20:02 AM",
        "endTime": null,
        "error": null,
        "properties": {}
      }
    },
    {
      "RequestUri": "https://management.azure.com/subscriptions/db1ab6f0-4769-4b27-930e-01e2ef9c123c/resourceGroups/testRG-ResourceMover/providers/Microsoft.Migrate/moveCollections/testMoveCollection/operations/d8ab469c-3b98-44b6-a0de-d6131ad06da7?api-version=2021-08-01",
      "RequestMethod": "GET",
      "RequestHeaders": {
        "Authorization": "Sanitized",
        "traceparent": "00-464f1b87fda31ed5df9aae74d66db530-5103bda32eb1dc90-00",
        "User-Agent": "azsdk-net-ResourceManager/1.4.0 (.NET 6.0.15; Microsoft Windows 10.0.22621)",
        "x-ms-client-request-id": "afb511885a5ae860005280a0752c01e2",
        "x-ms-return-client-request-id": "true"
      },
      "RequestBody": null,
      "StatusCode": 200,
      "ResponseHeaders": {
        "Cache-Control": "no-cache",
        "Content-Length": "371",
        "Content-Type": "application/json; charset=utf-8",
        "Date": "Thu, 23 Mar 2023 02:20:17 GMT",
        "Expires": "-1",
        "Pragma": "no-cache",
        "Strict-Transport-Security": "max-age=31536000; includeSubDomains",
        "X-Content-Type-Options": "nosniff",
        "x-ms-correlation-request-id": "59cf245e-d027-41b4-a124-e6577720ebde",
        "x-ms-ratelimit-remaining-subscription-reads": "11970",
        "x-ms-request-id": "a1de5b19-b340-4128-bad1-283ef22b1ae3",
        "x-ms-routing-request-id": "JAPANEAST:20230323T022018Z:59cf245e-d027-41b4-a124-e6577720ebde"
      },
      "ResponseBody": {
        "id": "/subscriptions/db1ab6f0-4769-4b27-930e-01e2ef9c123c/resourceGroups/testRG-ResourceMover/providers/Microsoft.Migrate/moveCollections/testMoveCollection/operations/d8ab469c-3b98-44b6-a0de-d6131ad06da7",
        "name": "d8ab469c-3b98-44b6-a0de-d6131ad06da7",
        "status": "Succeeded",
        "startTime": "3/23/2023 2:20:02 AM",
        "endTime": "3/23/2023 2:20:14 AM",
        "error": null,
        "properties": {}
      }
    },
    {
      "RequestUri": "https://management.azure.com/subscriptions/db1ab6f0-4769-4b27-930e-01e2ef9c123c/resourceGroups/testRG-ResourceMover/providers/Microsoft.Migrate/moveCollections/testMoveCollection/bulkRemove?api-version=2021-08-01",
      "RequestMethod": "POST",
      "RequestHeaders": {
        "Accept": "application/json",
        "Authorization": "Sanitized",
        "Content-Length": "215",
        "Content-Type": "application/json",
        "traceparent": "00-d55e9b8b4fdc588aa27ba9b2603d1496-7b8aa10d854f5dde-00",
        "User-Agent": "azsdk-net-ResourceManager.ResourceMover/1.1.0-alpha.20230322.1 (.NET 6.0.15; Microsoft Windows 10.0.22621)",
        "x-ms-client-request-id": "7fd8239d764c924c87a7569aa6a0441d",
        "x-ms-return-client-request-id": "true"
      },
      "RequestBody": {
        "moveResources": [
          "/subscriptions/db1ab6f0-4769-4b27-930e-01e2ef9c123c/resourceGroups/testRg-ResourceMover-3174/providers/Microsoft.Network/virtualNetworks/Vnet-9419"
        ],
        "moveResourceInputType": "MoveResourceSourceId"
      },
      "StatusCode": 202,
      "ResponseHeaders": {
        "Azure-AsyncOperation": "https://management.azure.com/subscriptions/db1ab6f0-4769-4b27-930e-01e2ef9c123c/resourceGroups/testRG-ResourceMover/providers/Microsoft.Migrate/moveCollections/testMoveCollection/operations/6f69b74b-61cb-4b93-98ad-db1aeb342d53?api-version=2021-08-01",
        "Cache-Control": "no-cache",
        "Content-Length": "4",
        "Content-Type": "application/json; charset=utf-8",
        "Date": "Thu, 23 Mar 2023 02:20:18 GMT",
        "Expires": "-1",
        "Pragma": "no-cache",
        "Retry-After": "15",
        "Strict-Transport-Security": "max-age=31536000; includeSubDomains",
        "X-Content-Type-Options": "nosniff",
        "x-ms-correlation-request-id": "1b4180fa-b85b-4ddb-80b1-930841cfa726",
        "x-ms-ratelimit-remaining-subscription-writes": "1191",
        "x-ms-request-id": "f59a2368-d2d2-47f5-a902-2b5695d6f668",
        "x-ms-routing-request-id": "JAPANEAST:20230323T022018Z:1b4180fa-b85b-4ddb-80b1-930841cfa726"
      },
      "ResponseBody": "null"
    },
    {
      "RequestUri": "https://management.azure.com/subscriptions/db1ab6f0-4769-4b27-930e-01e2ef9c123c/resourceGroups/testRG-ResourceMover/providers/Microsoft.Migrate/moveCollections/testMoveCollection/operations/6f69b74b-61cb-4b93-98ad-db1aeb342d53?api-version=2021-08-01",
      "RequestMethod": "GET",
      "RequestHeaders": {
        "Authorization": "Sanitized",
        "traceparent": "00-d55e9b8b4fdc588aa27ba9b2603d1496-fe3dba7ed6b6902f-00",
        "User-Agent": "azsdk-net-ResourceManager/1.4.0 (.NET 6.0.15; Microsoft Windows 10.0.22621)",
        "x-ms-client-request-id": "ac2f88b78e8811b3c52327b304c64260",
        "x-ms-return-client-request-id": "true"
      },
      "RequestBody": null,
      "StatusCode": 200,
      "ResponseHeaders": {
        "Azure-AsyncOperation": "https://management.azure.com/subscriptions/db1ab6f0-4769-4b27-930e-01e2ef9c123c/resourceGroups/testRG-ResourceMover/providers/Microsoft.Migrate/moveCollections/testMoveCollection/operations/6f69b74b-61cb-4b93-98ad-db1aeb342d53?api-version=2021-08-01",
        "Cache-Control": "no-cache",
        "Content-Length": "351",
        "Content-Type": "application/json; charset=utf-8",
        "Date": "Thu, 23 Mar 2023 02:20:18 GMT",
        "Expires": "-1",
        "Pragma": "no-cache",
        "Retry-After": "15",
        "Strict-Transport-Security": "max-age=31536000; includeSubDomains",
        "X-Content-Type-Options": "nosniff",
        "x-ms-correlation-request-id": "4fae1d60-9ed5-4fa8-a96f-c641f6ec6949",
        "x-ms-ratelimit-remaining-subscription-reads": "11969",
        "x-ms-request-id": "10e66001-b791-418e-9319-0882858286b7",
        "x-ms-routing-request-id": "JAPANEAST:20230323T022019Z:4fae1d60-9ed5-4fa8-a96f-c641f6ec6949"
      },
      "ResponseBody": {
        "id": "/subscriptions/db1ab6f0-4769-4b27-930e-01e2ef9c123c/resourceGroups/testRG-ResourceMover/providers/Microsoft.Migrate/moveCollections/testMoveCollection/operations/6f69b74b-61cb-4b93-98ad-db1aeb342d53",
        "name": "6f69b74b-61cb-4b93-98ad-db1aeb342d53",
        "status": "Running",
        "startTime": "3/23/2023 2:20:18 AM",
        "endTime": null,
        "error": null,
        "properties": {}
      }
    },
    {
      "RequestUri": "https://management.azure.com/subscriptions/db1ab6f0-4769-4b27-930e-01e2ef9c123c/resourceGroups/testRG-ResourceMover/providers/Microsoft.Migrate/moveCollections/testMoveCollection/operations/6f69b74b-61cb-4b93-98ad-db1aeb342d53?api-version=2021-08-01",
      "RequestMethod": "GET",
      "RequestHeaders": {
        "Authorization": "Sanitized",
        "traceparent": "00-d55e9b8b4fdc588aa27ba9b2603d1496-c3b30a9e9f6b8df5-00",
        "User-Agent": "azsdk-net-ResourceManager/1.4.0 (.NET 6.0.15; Microsoft Windows 10.0.22621)",
        "x-ms-client-request-id": "d278620dcd75d13b5f7a957bf89a43fb",
        "x-ms-return-client-request-id": "true"
      },
      "RequestBody": null,
      "StatusCode": 200,
      "ResponseHeaders": {
        "Cache-Control": "no-cache",
        "Content-Length": "371",
        "Content-Type": "application/json; charset=utf-8",
        "Date": "Thu, 23 Mar 2023 02:20:34 GMT",
        "Expires": "-1",
        "Pragma": "no-cache",
        "Strict-Transport-Security": "max-age=31536000; includeSubDomains",
        "X-Content-Type-Options": "nosniff",
        "x-ms-correlation-request-id": "0c339b35-ea4e-4d48-8d51-69022b2f0a69",
        "x-ms-ratelimit-remaining-subscription-reads": "11968",
        "x-ms-request-id": "1f143a70-24ac-4332-8aea-12aac464d1cd",
        "x-ms-routing-request-id": "JAPANEAST:20230323T022034Z:0c339b35-ea4e-4d48-8d51-69022b2f0a69"
      },
      "ResponseBody": {
        "id": "/subscriptions/db1ab6f0-4769-4b27-930e-01e2ef9c123c/resourceGroups/testRG-ResourceMover/providers/Microsoft.Migrate/moveCollections/testMoveCollection/operations/6f69b74b-61cb-4b93-98ad-db1aeb342d53",
        "name": "6f69b74b-61cb-4b93-98ad-db1aeb342d53",
        "status": "Succeeded",
        "startTime": "3/23/2023 2:20:18 AM",
        "endTime": "3/23/2023 2:20:20 AM",
        "error": null,
        "properties": {}
      }
    }
  ],
  "Variables": {
    "AZURE_AUTHORITY_HOST": "https://login.microsoftonline.com",
    "RandomSeed": "1263785137",
    "RESOURCE_MANAGER_URL": null,
    "SUBSCRIPTION_ID": "db1ab6f0-4769-4b27-930e-01e2ef9c123c"
  }
}
