{
  "Entries": [
    {
      "RequestUri": "https://localhost:8443/subscriptions/00000000-0000-0000-0000-000000000000?api-version=2019-11-01",
      "RequestMethod": "GET",
      "RequestHeaders": {
        "Accept": "application/json",
        "Authorization": "Sanitized",
        "traceparent": "00-8b1342230905864583dcfe1aada13d1a-8a7b85199ff8594b-00",
        "User-Agent": "azsdk-net-ResourceManager/1.0.0-alpha.20211207.1 (.NET Framework 4.8.4300.0; Microsoft Windows 10.0.19044 )",
        "x-ms-client-request-id": "52ba8b97ae470beee402120a0bdc4ece",
        "x-ms-return-client-request-id": "true"
      },
      "RequestBody": null,
      "StatusCode": 200,
      "ResponseHeaders": {
        "Connection": "keep-alive",
        "Content-Length": "403",
        "Content-Type": "application/json; charset=utf-8",
        "Date": "Wed, 08 Dec 2021 03:26:36 GMT",
        "ETag": "W/\u0022193-XMviJqaGXohjOV1XjmYhUY8VLpk\u0022",
        "Keep-Alive": "timeout=5",
        "X-Powered-By": "Express"
      },
      "ResponseBody": {
        "id": "/subscriptions/00000000-0000-0000-0000-000000000000",
        "authorizationSource": "RoleBased",
        "managedByTenants": [],
        "subscriptionId": "00000000-0000-0000-0000-000000000000",
        "tenantId": "0000000-0000-0000-0000-000000000000",
        "displayName": "Name of the subscription",
        "state": "Enabled",
        "subscriptionPolicies": {
          "locationPlacementId": "Internal_2014-09-01",
          "quotaId": "Internal_2014-09-01",
          "spendingLimit": "Off"
        }
      }
    },
    {
      "RequestUri": "https://localhost:8443/subscriptions/00000000-0000-0000-0000-000000000000/resourcegroups/myResourceGroup?api-version=2019-10-01",
      "RequestMethod": "PUT",
      "RequestHeaders": {
        "Accept": "application/json",
        "Authorization": "Sanitized",
        "Content-Length": "81",
        "Content-Type": "application/json",
        "User-Agent": "azsdk-net-ResourceManager/1.0.0-alpha.20211207.1 (.NET Framework 4.8.4300.0; Microsoft Windows 10.0.19044 )",
        "x-ms-client-request-id": "2c4a608261162432cff21e933fa3c100",
        "x-ms-return-client-request-id": "true"
      },
      "RequestBody": {
        "location": "Azure.ResourceManager.Resources.Subscription",
        "tags": {
          "test": "env"
        }
      },
      "StatusCode": 200,
      "ResponseHeaders": {
        "Connection": "keep-alive",
        "Content-Length": "254",
        "Content-Type": "application/json; charset=utf-8",
        "Date": "Wed, 08 Dec 2021 03:26:36 GMT",
        "ETag": "W/\u0022fe-aZEo2isVQc1LUmWdignDK6uZSqI\u0022",
        "Keep-Alive": "timeout=5",
        "X-Powered-By": "Express"
      },
      "ResponseBody": {
        "id": "/subscriptions/00000000-0000-0000-0000-000000000000/resourcegroups/myResourceGroup",
        "location": "eastus",
        "managedBy": null,
        "name": "myResourceGroup",
        "properties": {
          "provisioningState": "Succeeded"
        },
        "tags": {},
        "type": "Microsoft.Resources/resourceGroups"
      }
    },
    {
      "RequestUri": "https://localhost:8443/subscriptions/00000000-0000-0000-0000-000000000000/resourceGroups/myResourceGroup/providers/Microsoft.Compute/virtualMachines/myVM?api-version=2021-03-01",
      "RequestMethod": "PUT",
      "RequestHeaders": {
        "Accept": "application/json",
        "Authorization": "Sanitized",
        "Content-Length": "489",
        "Content-Type": "application/json",
        "User-Agent": "azsdk-net-ResourceManager.Compute/1.0.0-alpha.20211207.1 (.NET Framework 4.8.4300.0; Microsoft Windows 10.0.19044 )",
        "x-ms-client-request-id": "889204cd504cb38dc956b676405b4495",
        "x-ms-return-client-request-id": "true"
      },
      "RequestBody": {
        "tags": {},
        "location": "westus",
        "properties": {
          "hardwareProfile": {
            "vmSize": "Standard_D1_v2"
          },
          "storageProfile": {
            "imageReference": {
              "publisher": "MicrosoftWindowsServer",
              "offer": "WindowsServer",
              "sku": "2016-Datacenter",
              "version": "latest"
            },
            "osDisk": {
              "name": "myVMosdisk",
              "caching": "ReadWrite",
              "createOption": "FromImage",
              "managedDisk": {
                "storageAccountType": "Premium_LRS"
              }
            }
          },
          "osProfile": {
            "computerName": "myVM",
            "adminUsername": "{your-username}",
            "adminPassword": "{your-password}"
          },
          "networkProfile": {}
        }
      },
      "StatusCode": 200,
      "ResponseHeaders": {
        "Connection": "keep-alive",
        "Content-Length": "12560",
        "Content-Type": "application/json; charset=utf-8",
        "Date": "Wed, 08 Dec 2021 03:26:36 GMT",
        "ETag": "W/\u00223110-6m/Bbr0LHFtO4BWTlB4HwmiLaAA\u0022",
        "Keep-Alive": "timeout=5",
        "X-Powered-By": "Express"
      },
      "ResponseBody": {
        "id": "/subscriptions/00000000-0000-0000-0000-000000000000/resourceGroups/myResourceGroup/providers/Microsoft.Compute/virtualMachines/myVM",
        "name": "myVM",
        "type": "aaaaaaaaaaaaaaaaaaaaaaaaa",
        "location": "a",
        "tags": {
          "key392": "aaaaa"
        },
        "plan": {
          "name": "myVM",
          "publisher": "aaaaaaaaaaaaaaaaaaaaaaaaaa",
          "product": "aaaaaaaa",
          "promotionCode": "aaaaaaaaaaaaa"
        },
        "properties": {
          "hardwareProfile": {
            "vmSize": "Basic_A0"
          },
          "storageProfile": {
            "imageReference": {
              "id": "/subscriptions/a9cbceed-cd54-47f1-b7a2-bad149218603/resourceGroups/mockRg/providers/Microsoft.Resources/mockResource/mockName",
              "publisher": "aaaaaaaaaaaaaaaaaaaaaaaaa",
              "offer": "aaaaaaaaaaaaaaaaaaaaaaaaaaaa",
              "sku": "aaaaaaaaaaaaaaaaa",
              "version": "aaaaaaaaaaaa",
              "exactVersion": "aaaaaaaaaaaaaaaaaa"
            },
            "osDisk": {
              "osType": "Windows",
              "encryptionSettings": {
                "diskEncryptionKey": {
                  "secretUrl": "aaaaaaa",
                  "sourceVault": {
                    "id": "/subscriptions/a9cbceed-cd54-47f1-b7a2-bad149218603/resourceGroups/mockRg/providers/Microsoft.Resources/mockResource/mockName"
                  }
                },
                "keyEncryptionKey": {
                  "keyUrl": "aaaaaaaaa",
                  "sourceVault": {
                    "id": "/subscriptions/a9cbceed-cd54-47f1-b7a2-bad149218603/resourceGroups/mockRg/providers/Microsoft.Resources/mockResource/mockName"
                  }
                },
                "enabled": true
              },
              "name": "myVM",
              "vhd": {
                "uri": "aaaaaaaaaaaaaaaaaaaaaaaaaaaa"
              },
              "image": {
                "uri": "aaaaaaaaaaaaaaaaaaaaaaaaaaa"
              },
              "caching": "None",
              "writeAcceleratorEnabled": true,
              "diffDiskSettings": {
                "option": "Local",
                "placement": "CacheDisk"
              },
              "createOption": "FromImage",
              "diskSizeGB": 17,
              "managedDisk": {
                "id": "/subscriptions/a9cbceed-cd54-47f1-b7a2-bad149218603/resourceGroups/mockRg/providers/Microsoft.Resources/mockResource/mockName",
                "storageAccountType": "Standard_LRS",
                "diskEncryptionSet": {
                  "id": "/subscriptions/a9cbceed-cd54-47f1-b7a2-bad149218603/resourceGroups/mockRg/providers/Microsoft.Resources/mockResource/mockName"
                }
              },
              "deleteOption": "Delete"
            },
            "dataDisks": [
              {
                "lun": 13,
                "name": "myVM",
                "vhd": {
                  "uri": "aaaaaaaaaaaaaaa"
                },
                "image": {
                  "uri": "aaaaaaaaaaaaaaaaaaaaaaaa"
                },
                "caching": "None",
                "writeAcceleratorEnabled": true,
                "createOption": "FromImage",
                "diskSizeGB": 4,
                "managedDisk": {
                  "id": "/subscriptions/a9cbceed-cd54-47f1-b7a2-bad149218603/resourceGroups/mockRg/providers/Microsoft.Resources/mockResource/mockName",
                  "storageAccountType": "Standard_LRS",
                  "diskEncryptionSet": {
                    "id": "/subscriptions/a9cbceed-cd54-47f1-b7a2-bad149218603/resourceGroups/mockRg/providers/Microsoft.Resources/mockResource/mockName"
                  }
                },
                "toBeDetached": true,
                "diskIOPSReadWrite": 17,
                "diskMBpsReadWrite": 25,
                "detachOption": "ForceDetach",
                "deleteOption": "Delete"
              }
            ]
          },
          "additionalCapabilities": {
            "ultraSSDEnabled": true
          },
          "osProfile": {
            "computerName": "aaaaaaaaa",
            "adminUsername": "aaaaaaaaaaaaaaaaaaaaaaaaaaaaa",
            "adminPassword": "aaaaaaaaaaaaaaaa",
            "customData": "aaaaaaaaaaaaaaaaa",
            "windowsConfiguration": {
              "provisionVMAgent": true,
              "enableAutomaticUpdates": true,
              "timeZone": "aa",
              "additionalUnattendContent": [
                {
                  "passName": "OobeSystem",
                  "componentName": "Microsoft-Windows-Shell-Setup",
                  "settingName": "AutoLogon",
                  "content": "aaaaaaaaaaaaaaaaaaaa"
                }
              ],
              "patchSettings": {
                "patchMode": "Manual",
                "enableHotpatching": true,
                "assessmentMode": "ImageDefault"
              },
              "winRM": {
                "listeners": [
                  {
                    "protocol": "Http",
                    "certificateUrl": "aaaaaaaa"
                  }
                ]
              }
            },
            "linuxConfiguration": {
              "disablePasswordAuthentication": true,
              "ssh": {
                "publicKeys": [
                  {
                    "path": "aaaaaaaaa",
                    "keyData": "aaaaaaaaaaaaaaaaaaaaa"
                  }
                ]
              },
              "provisionVMAgent": true,
              "patchSettings": {
                "patchMode": "ImageDefault",
                "assessmentMode": "ImageDefault"
              }
            },
            "secrets": [
              {
                "sourceVault": {
                  "id": "/subscriptions/a9cbceed-cd54-47f1-b7a2-bad149218603/resourceGroups/mockRg/providers/Microsoft.Resources/mockResource/mockName"
                },
                "vaultCertificates": [
                  {
                    "certificateUrl": "aaaaaaaaaaaaaaaaaaaaaaaaaaaaa",
                    "certificateStore": "aaaaaaaa"
                  }
                ]
              }
            ],
            "allowExtensionOperations": true,
            "requireGuestProvisionSignal": true
          },
          "networkProfile": {
            "networkInterfaces": [
              {
                "id": "/subscriptions/a9cbceed-cd54-47f1-b7a2-bad149218603/resourceGroups/mockRg/providers/Microsoft.Resources/mockResource/mockName",
                "properties": {
                  "primary": true,
                  "deleteOption": "Delete"
                }
              }
            ],
            "networkApiVersion": "2020-11-01",
            "networkInterfaceConfigurations": [
              {
                "name": "myVM",
                "properties": {
                  "primary": true,
                  "deleteOption": "Delete",
                  "enableAcceleratedNetworking": true,
                  "enableFpga": true,
                  "enableIPForwarding": true,
                  "networkSecurityGroup": {
                    "id": "/subscriptions/a9cbceed-cd54-47f1-b7a2-bad149218603/resourceGroups/mockRg/providers/Microsoft.Resources/mockResource/mockName"
                  },
                  "dnsSettings": {
                    "dnsServers": [
                      "aaaaaaaaaaaaaaaaaaaaaaaaaaaaa"
                    ]
                  },
                  "ipConfigurations": [
                    {
                      "name": "myVM",
                      "properties": {
                        "subnet": {
                          "id": "/subscriptions/a9cbceed-cd54-47f1-b7a2-bad149218603/resourceGroups/mockRg/providers/Microsoft.Resources/mockResource/mockName"
                        },
                        "primary": true,
                        "publicIPAddressConfiguration": {
                          "name": "myVM",
                          "properties": {
                            "idleTimeoutInMinutes": 30,
                            "deleteOption": "Delete",
                            "dnsSettings": {
                              "domainNameLabel": "aaaaaaaaaaaaaaaaaaaaaaaaaaaa"
                            },
                            "ipTags": [
                              {
                                "ipTagType": "aaaaaaaaaaaaaaaaaa",
                                "tag": "aaaaaaaaaaaaaa"
                              }
                            ],
                            "publicIPPrefix": {
                              "id": "/subscriptions/a9cbceed-cd54-47f1-b7a2-bad149218603/resourceGroups/mockRg/providers/Microsoft.Resources/mockResource/mockName"
                            },
                            "publicIPAddressVersion": "IPv4",
                            "publicIPAllocationMethod": "Dynamic"
                          },
                          "sku": {
                            "name": "Basic",
                            "tier": "Regional"
                          }
                        },
                        "privateIPAddressVersion": "IPv4",
                        "applicationSecurityGroups": [
                          {
                            "id": "/subscriptions/a9cbceed-cd54-47f1-b7a2-bad149218603/resourceGroups/mockRg/providers/Microsoft.Resources/mockResource/mockName"
                          }
                        ],
                        "applicationGatewayBackendAddressPools": [
                          {
                            "id": "/subscriptions/a9cbceed-cd54-47f1-b7a2-bad149218603/resourceGroups/mockRg/providers/Microsoft.Resources/mockResource/mockName"
                          }
                        ],
                        "loadBalancerBackendAddressPools": [
                          {
                            "id": "/subscriptions/a9cbceed-cd54-47f1-b7a2-bad149218603/resourceGroups/mockRg/providers/Microsoft.Resources/mockResource/mockName"
                          }
                        ]
                      }
                    }
                  ],
                  "dscpConfiguration": {
                    "id": "/subscriptions/a9cbceed-cd54-47f1-b7a2-bad149218603/resourceGroups/mockRg/providers/Microsoft.Resources/mockResource/mockName"
                  }
                }
              }
            ]
          },
          "securityProfile": {
            "uefiSettings": {
              "secureBootEnabled": true,
              "vTpmEnabled": true
            },
            "encryptionAtHost": true,
            "securityType": "TrustedLaunch"
          },
          "diagnosticsProfile": {
            "bootDiagnostics": {
              "enabled": true,
              "storageUri": "aaaaaaaaaaaaaaa"
            }
          },
          "availabilitySet": {
            "id": "/subscriptions/a9cbceed-cd54-47f1-b7a2-bad149218603/resourceGroups/mockRg/providers/Microsoft.Resources/mockResource/mockName"
          },
          "virtualMachineScaleSet": {
            "id": "/subscriptions/a9cbceed-cd54-47f1-b7a2-bad149218603/resourceGroups/mockRg/providers/Microsoft.Resources/mockResource/mockName"
          },
          "proximityPlacementGroup": {
            "id": "/subscriptions/a9cbceed-cd54-47f1-b7a2-bad149218603/resourceGroups/mockRg/providers/Microsoft.Resources/mockResource/mockName"
          },
          "priority": "Regular",
          "evictionPolicy": "Deallocate",
          "billingProfile": {
            "maxPrice": 8
          },
          "host": {
            "id": "/subscriptions/a9cbceed-cd54-47f1-b7a2-bad149218603/resourceGroups/mockRg/providers/Microsoft.Resources/mockResource/mockName"
          },
          "hostGroup": {
            "id": "/subscriptions/a9cbceed-cd54-47f1-b7a2-bad149218603/resourceGroups/mockRg/providers/Microsoft.Resources/mockResource/mockName"
          },
          "provisioningState": "Succeeded",
          "instanceView": {
            "platformUpdateDomain": 8,
            "platformFaultDomain": 12,
            "computerName": "aaaaaaaaaaaaaaaaaaaaaa",
            "osName": "aaaaaaaaaaaaaaa",
            "osVersion": "aaaaaaaaaaaaaaaaaaaa",
            "hyperVGeneration": "V1",
            "rdpThumbPrint": "aaaaaaaaaaaaaaaaaaaaaaa",
            "vmAgent": {
              "vmAgentVersion": "aaaaaaaaa",
              "extensionHandlers": [
                {
                  "type": "aaaaa",
                  "typeHandlerVersion": "aaaaaaaaaaaaaaaa",
                  "status": {
                    "code": "aaaaaa",
                    "level": "Info",
                    "displayStatus": "aaaaaaaaaa",
                    "message": "aaaaaaaaaaaaaaaaaaaaaaa",
                    "time": "2021-12-08T03:26:36.535Z"
                  }
                }
              ],
              "statuses": [
                {
                  "code": "aaaaaaaaaaaaaaaaaaaaaa",
                  "level": "Info",
                  "displayStatus": "aaaaaaaaaaaaaaaaaaaaa",
                  "message": "aa",
                  "time": "2021-12-08T03:26:36.535Z"
                }
              ]
            },
            "maintenanceRedeployStatus": {
              "isCustomerInitiatedMaintenanceAllowed": true,
              "preMaintenanceWindowStartTime": "2021-12-08T03:26:36.535Z",
              "preMaintenanceWindowEndTime": "2021-12-08T03:26:36.535Z",
              "maintenanceWindowStartTime": "2021-12-08T03:26:36.535Z",
              "maintenanceWindowEndTime": "2021-12-08T03:26:36.535Z",
              "lastOperationResultCode": "None",
              "lastOperationMessage": "aaaaaaaaaaaaaaaaaaaaaaaa"
            },
            "disks": [
              {
                "name": "myVM",
                "encryptionSettings": [
                  {
                    "diskEncryptionKey": {
                      "secretUrl": "aaaaaaaaaaaaaaaaaaaaaa",
                      "sourceVault": {
                        "id": "/subscriptions/a9cbceed-cd54-47f1-b7a2-bad149218603/resourceGroups/mockRg/providers/Microsoft.Resources/mockResource/mockName"
                      }
                    },
                    "keyEncryptionKey": {
                      "keyUrl": "aaaaaaaaaaaaaaaaaaaa",
                      "sourceVault": {
                        "id": "/subscriptions/a9cbceed-cd54-47f1-b7a2-bad149218603/resourceGroups/mockRg/providers/Microsoft.Resources/mockResource/mockName"
                      }
                    },
                    "enabled": true
                  }
                ],
                "statuses": [
                  {
                    "code": "aaaaaaaaaaaa",
                    "level": "Info",
                    "displayStatus": "aaaa",
                    "message": "aaaaaaaaaaaaaaaaaaaaaaaaaaaaaa",
                    "time": "2021-12-08T03:26:36.535Z"
                  }
                ]
              }
            ],
            "extensions": [
              {
                "name": "myVM",
                "type": "aaa",
                "typeHandlerVersion": "aa",
                "substatuses": [
                  {
                    "code": "aaaaaaaaaaa",
                    "level": "Info",
                    "displayStatus": "aaaaaaaaa",
                    "message": "aaaaaaaaaaaaaaaaaaaaa",
                    "time": "2021-12-08T03:26:36.535Z"
                  }
                ],
                "statuses": [
                  {
                    "code": "aaaaaaaaaaaaaaaa",
                    "level": "Info",
                    "displayStatus": "aaaaaaaaaaaaaaaaaaaaaa",
                    "message": "aaaaaaaaaaaaaaaaaa",
                    "time": "2021-12-08T03:26:36.535Z"
                  }
                ]
              }
            ],
            "vmHealth": {
              "status": {
                "code": "aaaaaaaaaaa",
                "level": "Info",
                "displayStatus": "aaaaaaaaaaaaaa",
                "message": "aaaaaaaaaaaaaaaaaaaa",
                "time": "2021-12-08T03:26:36.535Z"
              }
            },
            "bootDiagnostics": {
              "consoleScreenshotBlobUri": "aaaaaaaaaaaaa",
              "serialConsoleLogBlobUri": "aaa",
              "status": {
                "code": "aaaaaaaaaaaaaaaaaaaaaaaaaa",
                "level": "Info",
                "displayStatus": "aa",
                "message": "a",
                "time": "2021-12-08T03:26:36.535Z"
              }
            },
            "assignedHost": "aaaaaaaaaaaaaaaaaaaa",
            "statuses": [
              {
                "code": "aaaaaaaaaa",
                "level": "Info",
                "displayStatus": "aaa",
                "message": "aaaaa",
                "time": "2021-12-08T03:26:36.535Z"
              }
            ],
            "patchStatus": {
              "availablePatchSummary": {
                "status": "Unknown",
                "assessmentActivityId": "aaaaaaaaaaaaaaaaaaaa",
                "rebootPending": true,
                "criticalAndSecurityPatchCount": 29,
                "otherPatchCount": 28,
                "startTime": "2021-12-08T03:26:36.535Z",
                "lastModifiedTime": "2021-12-08T03:26:36.535Z",
                "error": {
                  "details": [
                    {
                      "code": "aaaaaaaaaaaaaaaaaaaaaaaaaaaaaa",
                      "target": "aaaaaaaaaaaaaaaaaaaaaa",
                      "message": "aaaa"
                    }
                  ],
                  "innererror": {
                    "exceptiontype": "a",
                    "errordetail": "aaaaaaaaaaaaaaaaaaaaaaaaa"
                  },
                  "code": "aaaaaaa",
                  "target": "aaaaaaaaaaaaaaaaaaaaa",
                  "message": "aaaaaaaaaaa"
                }
              },
              "lastPatchInstallationSummary": {
                "status": "Unknown",
                "installationActivityId": "aaaaaaaaaaaaaaaaaa",
                "maintenanceWindowExceeded": true,
                "notSelectedPatchCount": 14,
                "excludedPatchCount": 22,
                "pendingPatchCount": 2,
                "installedPatchCount": 5,
                "failedPatchCount": 25,
                "startTime": "2021-12-08T03:26:36.535Z",
                "lastModifiedTime": "2021-12-08T03:26:36.535Z",
                "error": {
                  "details": [
                    {
                      "code": "aaaaaaaaaaaaaaaaaaaaaaaaa",
                      "target": "aaaaaaaaaaaaa",
                      "message": "aaaaaaaaaaaaaaaaaaaaaaaaa"
                    }
                  ],
                  "innererror": {
                    "exceptiontype": "a",
                    "errordetail": "aaaaaaaaaaaaaaa"
                  },
                  "code": "aaaaaaaaaaaaaaaaaaa",
                  "target": "aaaaaaaaaa",
                  "message": "aaaaaaaaaaaaaaaaaaaaa"
                }
              },
              "configurationStatuses": [
                {
                  "code": "aaaaaaaaaaaaaaaaaaaaaaaa",
                  "level": "Info",
                  "displayStatus": "aaaaaaaaaaaaaaaa",
                  "message": "aaaaaaaaaaaaaaaaaaaaaaaaaaaaaa",
                  "time": "2021-12-08T03:26:36.535Z"
                }
              ]
            }
          },
          "licenseType": "aaaaaaaaaaaaaaaaaaaaaa",
          "vmId": "aaaaaaa",
          "extensionsTimeBudget": "aaaaaaaaaaaaaaaaaa",
          "platformFaultDomain": 6,
          "scheduledEventsProfile": {
            "terminateNotificationProfile": {
              "notBeforeTimeout": "aaaaaaaaaaaaaaaaaaaaaaaaaaaaa",
              "enable": true
            }
          },
          "userData": "aaaaaaaaaaaaaaaaaaaaaaaaaaaaa"
        },
        "resources": [
          {
            "id": "/subscriptions/a9cbceed-cd54-47f1-b7a2-bad149218603/resourceGroups/mockRg/providers/Microsoft.Resources/mockResource/mockName",
            "name": "myVM",
            "type": "aaa",
            "location": "aaaaaaaaaaaaaaaaaaaaaaaaaaa",
            "tags": {
              "key1230": "aaaaaaaaaa"
            },
            "properties": {
              "forceUpdateTag": "aaaaaaaaaaaaaaaaaaaaaaaaaaaaaa",
              "publisher": "aaaaaaaaaaaaaaaaaaaaaaa",
              "type": "aaaaaaaaaaaaaaaaaaaaa",
              "typeHandlerVersion": "aaaaaaaaaaaaaaaaa",
              "autoUpgradeMinorVersion": true,
              "enableAutomaticUpgrade": true,
              "settings": {},
              "protectedSettings": {},
              "provisioningState": "Succeeded",
              "instanceView": {
                "name": "myVM",
                "type": "aaaaaaaaaaaaaaaaaaaaaaaa",
                "typeHandlerVersion": "aaaaaaaaa",
                "substatuses": [
                  {
                    "code": "aaaaaaaaaaaaaaaaa",
                    "level": "Info",
                    "displayStatus": "aaaaaaaaaaaaaaaaaaaaaa",
                    "message": "aaaaaaaaaaaaaaaaaa",
                    "time": "2021-12-08T03:26:36.536Z"
                  }
                ],
                "statuses": [
                  {
                    "code": "aaaaaaaaaaa",
                    "level": "Info",
                    "displayStatus": "aaaaaaaaaaaa",
                    "message": "aaaaa",
                    "time": "2021-12-08T03:26:36.536Z"
                  }
                ]
              }
            }
          }
        ],
        "identity": {
          "principalId": "00000000-0000-0000-0000-000000000000",
          "tenantId": "00000000-0000-0000-0000-000000000000",
          "type": "SystemAssigned",
          "userAssignedIdentities": {
            "/subscriptions/00000000-0000-0000-0000-000000000000/resourceGroups/00000000-0000-0000-0000-000000000000/providers/Microsoft.ManagedIdentity/userAssignedIdentities/key8144": {
              "principalId": "00000000-0000-0000-0000-000000000000",
              "clientId": "00000000-0000-0000-0000-000000000000"
            }
          }
        },
        "zones": [
          "aaaaaaaaaaa"
        ],
        "extendedLocation": {
          "name": "myVM",
          "type": "EdgeZone"
        }
      }
    }
  ],
  "Variables": {
    "RandomSeed": "254443276",
    "RESOURCE_MANAGER_URL": "https://localhost:8443",
    "SUBSCRIPTION_ID": "00000000-0000-0000-0000-000000000000"
  }
}
