{
  "Entries": [
    {
      "RequestUri": "https://localhost:8443/subscriptions/00000000-0000-0000-0000-000000000000?api-version=2019-11-01",
      "RequestMethod": "GET",
      "RequestHeaders": {
        "Accept": "application/json",
        "Authorization": "Sanitized",
        "traceparent": "00-ea5f7c7c29bfb646bb7a840e17bb37f6-c153365a9a73864a-00",
        "User-Agent": "azsdk-net-ResourceManager/1.0.0-alpha.20211207.1 (.NET Framework 4.8.4300.0; Microsoft Windows 10.0.19044 )",
        "x-ms-client-request-id": "d34e8d4cbd2b8155c050473e554573a5",
        "x-ms-return-client-request-id": "true"
      },
      "RequestBody": null,
      "StatusCode": 200,
      "ResponseHeaders": {
        "Connection": "keep-alive",
        "Content-Length": "403",
        "Content-Type": "application/json; charset=utf-8",
        "Date": "Wed, 08 Dec 2021 03:26:32 GMT",
        "ETag": "W/\u0022193-XMviJqaGXohjOV1XjmYhUY8VLpk\u0022",
        "Keep-Alive": "timeout=5",
        "X-Powered-By": "Express"
      },
      "ResponseBody": {
        "id": "/subscriptions/00000000-0000-0000-0000-000000000000",
        "authorizationSource": "RoleBased",
        "managedByTenants": [],
        "subscriptionId": "00000000-0000-0000-0000-000000000000",
        "tenantId": "0000000-0000-0000-0000-000000000000",
        "displayName": "Name of the subscription",
        "state": "Enabled",
        "subscriptionPolicies": {
          "locationPlacementId": "Internal_2014-09-01",
          "quotaId": "Internal_2014-09-01",
          "spendingLimit": "Off"
        }
      }
    },
    {
      "RequestUri": "https://localhost:8443/subscriptions/00000000-0000-0000-0000-000000000000/resourcegroups/myResourceGroup?api-version=2019-10-01",
      "RequestMethod": "PUT",
      "RequestHeaders": {
        "Accept": "application/json",
        "Authorization": "Sanitized",
        "Content-Length": "81",
        "Content-Type": "application/json",
        "User-Agent": "azsdk-net-ResourceManager/1.0.0-alpha.20211207.1 (.NET Framework 4.8.4300.0; Microsoft Windows 10.0.19044 )",
        "x-ms-client-request-id": "c7c25a46ff63b61b18214bba80a5b139",
        "x-ms-return-client-request-id": "true"
      },
      "RequestBody": {
        "location": "Azure.ResourceManager.Resources.Subscription",
        "tags": {
          "test": "env"
        }
      },
      "StatusCode": 200,
      "ResponseHeaders": {
        "Connection": "keep-alive",
        "Content-Length": "254",
        "Content-Type": "application/json; charset=utf-8",
        "Date": "Wed, 08 Dec 2021 03:26:32 GMT",
        "ETag": "W/\u0022fe-aZEo2isVQc1LUmWdignDK6uZSqI\u0022",
        "Keep-Alive": "timeout=5",
        "X-Powered-By": "Express"
      },
      "ResponseBody": {
        "id": "/subscriptions/00000000-0000-0000-0000-000000000000/resourcegroups/myResourceGroup",
        "location": "eastus",
        "managedBy": null,
        "name": "myResourceGroup",
        "properties": {
          "provisioningState": "Succeeded"
        },
        "tags": {},
        "type": "Microsoft.Resources/resourceGroups"
      }
    },
    {
      "RequestUri": "https://localhost:8443/subscriptions/00000000-0000-0000-0000-000000000000/resourceGroups/myResourceGroup/providers/Microsoft.Compute/virtualMachines/myVM?api-version=2021-03-01",
      "RequestMethod": "PUT",
      "RequestHeaders": {
        "Accept": "application/json",
        "Authorization": "Sanitized",
        "Content-Length": "646",
        "Content-Type": "application/json",
        "User-Agent": "azsdk-net-ResourceManager.Compute/1.0.0-alpha.20211207.1 (.NET Framework 4.8.4300.0; Microsoft Windows 10.0.19044 )",
        "x-ms-client-request-id": "c8382b4a0c99b198ba2aec793fe66aab",
        "x-ms-return-client-request-id": "true"
      },
      "RequestBody": {
        "plan": {
          "name": "windows2016",
          "publisher": "microsoft-ads",
          "product": "windows-data-science-vm"
        },
        "tags": {},
        "location": "westus",
        "properties": {
          "hardwareProfile": {
            "vmSize": "Standard_DS1_v2"
          },
          "storageProfile": {
            "imageReference": {
              "publisher": "microsoft-ads",
              "offer": "windows-data-science-vm",
              "sku": "windows2016",
              "version": "latest"
            },
            "osDisk": {
              "name": "myVMosdisk",
              "caching": "ReadOnly",
              "diffDiskSettings": {
                "option": "Local",
                "placement": "ResourceDisk"
              },
              "createOption": "FromImage",
              "managedDisk": {
                "storageAccountType": "Standard_LRS"
              }
            }
          },
          "osProfile": {
            "computerName": "myVM",
            "adminUsername": "{your-username}",
            "adminPassword": "{your-password}"
          },
          "networkProfile": {}
        }
      },
      "StatusCode": 200,
      "ResponseHeaders": {
        "Connection": "keep-alive",
        "Content-Length": "12598",
        "Content-Type": "application/json; charset=utf-8",
        "Date": "Wed, 08 Dec 2021 03:26:32 GMT",
        "ETag": "W/\u00223136-9RnyIpGBt5hAKftn4qxozHC9ijo\u0022",
        "Keep-Alive": "timeout=5",
        "X-Powered-By": "Express"
      },
      "ResponseBody": {
        "id": "/subscriptions/00000000-0000-0000-0000-000000000000/resourceGroups/myResourceGroup/providers/Microsoft.Compute/virtualMachines/myVM",
        "name": "myVM",
        "type": "aaaaa",
        "location": "aaaa",
        "tags": {
          "key5502": "aaaaaaaaaa"
        },
        "plan": {
          "name": "myVM",
          "publisher": "aaaaaaa",
          "product": "aaaaaaaaaaaaaaaaaaa",
          "promotionCode": "aa"
        },
        "properties": {
          "hardwareProfile": {
            "vmSize": "Basic_A0"
          },
          "storageProfile": {
            "imageReference": {
              "id": "/subscriptions/a9cbceed-cd54-47f1-b7a2-bad149218603/resourceGroups/mockRg/providers/Microsoft.Resources/mockResource/mockName",
              "publisher": "aaaaaaaaaaaaaaaaaaaaaaaaaaaa",
              "offer": "aaaaaaaaaaaaaaaaaaaaaaa",
              "sku": "a",
              "version": "aaaaaaaaaaaaaaaaaaaa",
              "exactVersion": "aaaaaaaaaaaaaaaaa"
            },
            "osDisk": {
              "osType": "Windows",
              "encryptionSettings": {
                "diskEncryptionKey": {
                  "secretUrl": "aaaaaa",
                  "sourceVault": {
                    "id": "/subscriptions/a9cbceed-cd54-47f1-b7a2-bad149218603/resourceGroups/mockRg/providers/Microsoft.Resources/mockResource/mockName"
                  }
                },
                "keyEncryptionKey": {
                  "keyUrl": "aaaaaaaaaaaaaa",
                  "sourceVault": {
                    "id": "/subscriptions/a9cbceed-cd54-47f1-b7a2-bad149218603/resourceGroups/mockRg/providers/Microsoft.Resources/mockResource/mockName"
                  }
                },
                "enabled": true
              },
              "name": "myVM",
              "vhd": {
                "uri": "aaaa"
              },
              "image": {
                "uri": "aa"
              },
              "caching": "None",
              "writeAcceleratorEnabled": true,
              "diffDiskSettings": {
                "option": "Local",
                "placement": "CacheDisk"
              },
              "createOption": "FromImage",
              "diskSizeGB": 20,
              "managedDisk": {
                "id": "/subscriptions/a9cbceed-cd54-47f1-b7a2-bad149218603/resourceGroups/mockRg/providers/Microsoft.Resources/mockResource/mockName",
                "storageAccountType": "Standard_LRS",
                "diskEncryptionSet": {
                  "id": "/subscriptions/a9cbceed-cd54-47f1-b7a2-bad149218603/resourceGroups/mockRg/providers/Microsoft.Resources/mockResource/mockName"
                }
              },
              "deleteOption": "Delete"
            },
            "dataDisks": [
              {
                "lun": 15,
                "name": "myVM",
                "vhd": {
                  "uri": "aaaaaaaaaaaaaaaaaaaaaaaaaa"
                },
                "image": {
                  "uri": "aaaaaaaaaaaaaaaaaaaaaa"
                },
                "caching": "None",
                "writeAcceleratorEnabled": true,
                "createOption": "FromImage",
                "diskSizeGB": 25,
                "managedDisk": {
                  "id": "/subscriptions/a9cbceed-cd54-47f1-b7a2-bad149218603/resourceGroups/mockRg/providers/Microsoft.Resources/mockResource/mockName",
                  "storageAccountType": "Standard_LRS",
                  "diskEncryptionSet": {
                    "id": "/subscriptions/a9cbceed-cd54-47f1-b7a2-bad149218603/resourceGroups/mockRg/providers/Microsoft.Resources/mockResource/mockName"
                  }
                },
                "toBeDetached": true,
                "diskIOPSReadWrite": 7,
                "diskMBpsReadWrite": 23,
                "detachOption": "ForceDetach",
                "deleteOption": "Delete"
              }
            ]
          },
          "additionalCapabilities": {
            "ultraSSDEnabled": true
          },
          "osProfile": {
            "computerName": "aaaaaaaaaaaaaaaaaaaaa",
            "adminUsername": "aaaaa",
            "adminPassword": "aaaaaaaaaaaaaaaaaaa",
            "customData": "aaaaaaaaaaaaaaaaaaaaaaaaaaaa",
            "windowsConfiguration": {
              "provisionVMAgent": true,
              "enableAutomaticUpdates": true,
              "timeZone": "aaaaaaaaaaaaa",
              "additionalUnattendContent": [
                {
                  "passName": "OobeSystem",
                  "componentName": "Microsoft-Windows-Shell-Setup",
                  "settingName": "AutoLogon",
                  "content": "aaaaaaaaaaaaaaaa"
                }
              ],
              "patchSettings": {
                "patchMode": "Manual",
                "enableHotpatching": true,
                "assessmentMode": "ImageDefault"
              },
              "winRM": {
                "listeners": [
                  {
                    "protocol": "Http",
                    "certificateUrl": "aaaaaaaaaaaaaaaaaaaaaaaaaa"
                  }
                ]
              }
            },
            "linuxConfiguration": {
              "disablePasswordAuthentication": true,
              "ssh": {
                "publicKeys": [
                  {
                    "path": "aaaaaaaaaaaaaa",
                    "keyData": "aaaaaaaaaaaaaaaaaaaaa"
                  }
                ]
              },
              "provisionVMAgent": true,
              "patchSettings": {
                "patchMode": "ImageDefault",
                "assessmentMode": "ImageDefault"
              }
            },
            "secrets": [
              {
                "sourceVault": {
                  "id": "/subscriptions/a9cbceed-cd54-47f1-b7a2-bad149218603/resourceGroups/mockRg/providers/Microsoft.Resources/mockResource/mockName"
                },
                "vaultCertificates": [
                  {
                    "certificateUrl": "aaaaaaaaaaaaaaaaaaaaaaaa",
                    "certificateStore": "aaaaaaaaaaaaaaaaaaaaaaaa"
                  }
                ]
              }
            ],
            "allowExtensionOperations": true,
            "requireGuestProvisionSignal": true
          },
          "networkProfile": {
            "networkInterfaces": [
              {
                "id": "/subscriptions/a9cbceed-cd54-47f1-b7a2-bad149218603/resourceGroups/mockRg/providers/Microsoft.Resources/mockResource/mockName",
                "properties": {
                  "primary": true,
                  "deleteOption": "Delete"
                }
              }
            ],
            "networkApiVersion": "2020-11-01",
            "networkInterfaceConfigurations": [
              {
                "name": "myVM",
                "properties": {
                  "primary": true,
                  "deleteOption": "Delete",
                  "enableAcceleratedNetworking": true,
                  "enableFpga": true,
                  "enableIPForwarding": true,
                  "networkSecurityGroup": {
                    "id": "/subscriptions/a9cbceed-cd54-47f1-b7a2-bad149218603/resourceGroups/mockRg/providers/Microsoft.Resources/mockResource/mockName"
                  },
                  "dnsSettings": {
                    "dnsServers": [
                      "aaaaaaaaaaaaaaaaaaaaaaaaaaaaaa"
                    ]
                  },
                  "ipConfigurations": [
                    {
                      "name": "myVM",
                      "properties": {
                        "subnet": {
                          "id": "/subscriptions/a9cbceed-cd54-47f1-b7a2-bad149218603/resourceGroups/mockRg/providers/Microsoft.Resources/mockResource/mockName"
                        },
                        "primary": true,
                        "publicIPAddressConfiguration": {
                          "name": "myVM",
                          "properties": {
                            "idleTimeoutInMinutes": 8,
                            "deleteOption": "Delete",
                            "dnsSettings": {
                              "domainNameLabel": "aaaaaaaaaa"
                            },
                            "ipTags": [
                              {
                                "ipTagType": "a",
                                "tag": "aaaaaaaa"
                              }
                            ],
                            "publicIPPrefix": {
                              "id": "/subscriptions/a9cbceed-cd54-47f1-b7a2-bad149218603/resourceGroups/mockRg/providers/Microsoft.Resources/mockResource/mockName"
                            },
                            "publicIPAddressVersion": "IPv4",
                            "publicIPAllocationMethod": "Dynamic"
                          },
                          "sku": {
                            "name": "Basic",
                            "tier": "Regional"
                          }
                        },
                        "privateIPAddressVersion": "IPv4",
                        "applicationSecurityGroups": [
                          {
                            "id": "/subscriptions/a9cbceed-cd54-47f1-b7a2-bad149218603/resourceGroups/mockRg/providers/Microsoft.Resources/mockResource/mockName"
                          }
                        ],
                        "applicationGatewayBackendAddressPools": [
                          {
                            "id": "/subscriptions/a9cbceed-cd54-47f1-b7a2-bad149218603/resourceGroups/mockRg/providers/Microsoft.Resources/mockResource/mockName"
                          }
                        ],
                        "loadBalancerBackendAddressPools": [
                          {
                            "id": "/subscriptions/a9cbceed-cd54-47f1-b7a2-bad149218603/resourceGroups/mockRg/providers/Microsoft.Resources/mockResource/mockName"
                          }
                        ]
                      }
                    }
                  ],
                  "dscpConfiguration": {
                    "id": "/subscriptions/a9cbceed-cd54-47f1-b7a2-bad149218603/resourceGroups/mockRg/providers/Microsoft.Resources/mockResource/mockName"
                  }
                }
              }
            ]
          },
          "securityProfile": {
            "uefiSettings": {
              "secureBootEnabled": true,
              "vTpmEnabled": true
            },
            "encryptionAtHost": true,
            "securityType": "TrustedLaunch"
          },
          "diagnosticsProfile": {
            "bootDiagnostics": {
              "enabled": true,
              "storageUri": "aaaaaaaaaaaaaaaaaaa"
            }
          },
          "availabilitySet": {
            "id": "/subscriptions/a9cbceed-cd54-47f1-b7a2-bad149218603/resourceGroups/mockRg/providers/Microsoft.Resources/mockResource/mockName"
          },
          "virtualMachineScaleSet": {
            "id": "/subscriptions/a9cbceed-cd54-47f1-b7a2-bad149218603/resourceGroups/mockRg/providers/Microsoft.Resources/mockResource/mockName"
          },
          "proximityPlacementGroup": {
            "id": "/subscriptions/a9cbceed-cd54-47f1-b7a2-bad149218603/resourceGroups/mockRg/providers/Microsoft.Resources/mockResource/mockName"
          },
          "priority": "Regular",
          "evictionPolicy": "Deallocate",
          "billingProfile": {
            "maxPrice": 2
          },
          "host": {
            "id": "/subscriptions/a9cbceed-cd54-47f1-b7a2-bad149218603/resourceGroups/mockRg/providers/Microsoft.Resources/mockResource/mockName"
          },
          "hostGroup": {
            "id": "/subscriptions/a9cbceed-cd54-47f1-b7a2-bad149218603/resourceGroups/mockRg/providers/Microsoft.Resources/mockResource/mockName"
          },
          "provisioningState": "Succeeded",
          "instanceView": {
            "platformUpdateDomain": 27,
            "platformFaultDomain": 6,
            "computerName": "aaaaaaaaaaaaaaaaaaaaaaaaa",
            "osName": "aaaaaaaaaaaaaaaaaaaaaaaaaa",
            "osVersion": "aaaaaaaaaaaaaaaaaaa",
            "hyperVGeneration": "V1",
            "rdpThumbPrint": "aaaaaaaaaaaaaaaaaaaaaaaa",
            "vmAgent": {
              "vmAgentVersion": "aaaaaaaaaaa",
              "extensionHandlers": [
                {
                  "type": "aaaaaaaaaaaaaaa",
                  "typeHandlerVersion": "aaaaaaaaaaaaaaaaaaaaaaaaaaa",
                  "status": {
                    "code": "aaaaaaaaaaaaaaaaaaaaaaaaa",
                    "level": "Info",
                    "displayStatus": "aaaaaaaaaa",
                    "message": "aaaa",
                    "time": "2021-12-08T03:26:32.457Z"
                  }
                }
              ],
              "statuses": [
                {
                  "code": "aaaaaaaaa",
                  "level": "Info",
                  "displayStatus": "aaaaaaa",
                  "message": "aaaaaaaaaaaaaaaaaaaaaaaa",
                  "time": "2021-12-08T03:26:32.457Z"
                }
              ]
            },
            "maintenanceRedeployStatus": {
              "isCustomerInitiatedMaintenanceAllowed": true,
              "preMaintenanceWindowStartTime": "2021-12-08T03:26:32.457Z",
              "preMaintenanceWindowEndTime": "2021-12-08T03:26:32.457Z",
              "maintenanceWindowStartTime": "2021-12-08T03:26:32.457Z",
              "maintenanceWindowEndTime": "2021-12-08T03:26:32.457Z",
              "lastOperationResultCode": "None",
              "lastOperationMessage": "aaaaaaaaaa"
            },
            "disks": [
              {
                "name": "myVM",
                "encryptionSettings": [
                  {
                    "diskEncryptionKey": {
                      "secretUrl": "aaaaaaaaaaaaa",
                      "sourceVault": {
                        "id": "/subscriptions/a9cbceed-cd54-47f1-b7a2-bad149218603/resourceGroups/mockRg/providers/Microsoft.Resources/mockResource/mockName"
                      }
                    },
                    "keyEncryptionKey": {
                      "keyUrl": "aaaaaaaaaaaaaaaaaaaaaaaaaaaaa",
                      "sourceVault": {
                        "id": "/subscriptions/a9cbceed-cd54-47f1-b7a2-bad149218603/resourceGroups/mockRg/providers/Microsoft.Resources/mockResource/mockName"
                      }
                    },
                    "enabled": true
                  }
                ],
                "statuses": [
                  {
                    "code": "a",
                    "level": "Info",
                    "displayStatus": "aaaaaaaaaaaaaaaaaaa",
                    "message": "aaaaaaaaaaaaaaaaaaaaaaaaaaaa",
                    "time": "2021-12-08T03:26:32.457Z"
                  }
                ]
              }
            ],
            "extensions": [
              {
                "name": "myVM",
                "type": "aaaaaaaaaaaaaaaaaaaaaaaaaaaaa",
                "typeHandlerVersion": "aaaaaaaaaaaaaaaaaaa",
                "substatuses": [
                  {
                    "code": "aaaaaaaaaaaaaaaa",
                    "level": "Info",
                    "displayStatus": "aaaaaaaaaaaaaa",
                    "message": "aaaaaaaaaaaa",
                    "time": "2021-12-08T03:26:32.457Z"
                  }
                ],
                "statuses": [
                  {
                    "code": "aaaaaaaaaaaaaaaaaaaaaaaaaaaaaa",
                    "level": "Info",
                    "displayStatus": "aaaaaaaaaaaa",
                    "message": "aaaaaaaaaaaaaaaaaaaaaaaaaaa",
                    "time": "2021-12-08T03:26:32.458Z"
                  }
                ]
              }
            ],
            "vmHealth": {
              "status": {
                "code": "aaaaaaaaaaaaaaaaaaaaaaaaaaa",
                "level": "Info",
                "displayStatus": "aaaaaaaaaaaaaaaaaaa",
                "message": "aaaaaaaaaaa",
                "time": "2021-12-08T03:26:32.458Z"
              }
            },
            "bootDiagnostics": {
              "consoleScreenshotBlobUri": "aaaaaaaaaaaaaaaaaaa",
              "serialConsoleLogBlobUri": "aaa",
              "status": {
                "code": "aa",
                "level": "Info",
                "displayStatus": "aaaaaaaaaaaaaaa",
                "message": "aaaaaaaaaaaaaaa",
                "time": "2021-12-08T03:26:32.458Z"
              }
            },
            "assignedHost": "aaaaaaaaa",
            "statuses": [
              {
                "code": "aaaaaaaaaaaaaa",
                "level": "Info",
                "displayStatus": "aaaaaaaaaaaaaa",
                "message": "aaaaaaaaaa",
                "time": "2021-12-08T03:26:32.458Z"
              }
            ],
            "patchStatus": {
              "availablePatchSummary": {
                "status": "Unknown",
                "assessmentActivityId": "aaaaaaaaaaaaa",
                "rebootPending": true,
                "criticalAndSecurityPatchCount": 3,
                "otherPatchCount": 15,
                "startTime": "2021-12-08T03:26:32.458Z",
                "lastModifiedTime": "2021-12-08T03:26:32.458Z",
                "error": {
                  "details": [
                    {
                      "code": "aaaaaaaaaaaaaaaaaaaaaaaaaaaaaa",
                      "target": "aaaaaaaaaaaaaaa",
                      "message": "aaaaaaaaaaaaaaaaaaaaa"
                    }
                  ],
                  "innererror": {
                    "exceptiontype": "aaaaaaaaaaaaaaaaaaaaa",
                    "errordetail": "aaaaaaaaaaaaaa"
                  },
                  "code": "aaaaaaaaaaaaaaaaaaaa",
                  "target": "aaaaaaaaaaaaaaaa",
                  "message": "aaaaaaaaaaaaaaaaaaaaaaaaaaa"
                }
              },
              "lastPatchInstallationSummary": {
                "status": "Unknown",
                "installationActivityId": "aaaaaaaaaaaaaaaaaaa",
                "maintenanceWindowExceeded": true,
                "notSelectedPatchCount": 10,
                "excludedPatchCount": 12,
                "pendingPatchCount": 16,
                "installedPatchCount": 20,
                "failedPatchCount": 22,
                "startTime": "2021-12-08T03:26:32.458Z",
                "lastModifiedTime": "2021-12-08T03:26:32.458Z",
                "error": {
                  "details": [
                    {
                      "code": "aaa",
                      "target": "aaaaaaaaaaaaaaaaaaaaaaa",
                      "message": "aaaaaaaaaaaa"
                    }
                  ],
                  "innererror": {
                    "exceptiontype": "a",
                    "errordetail": "aaaaaaaaaaaaaaaaaaaaaaaaaaaaa"
                  },
                  "code": "aaaaaaa",
                  "target": "aaaaaaaaaaaaaaaaaaaaaaaaaaaaaa",
                  "message": "aaaaaaaaaaaaaaaaaaaaaaaaaaaa"
                }
              },
              "configurationStatuses": [
                {
                  "code": "aaaaaaaaaa",
                  "level": "Info",
                  "displayStatus": "aaaa",
                  "message": "aaaaaaaaaaaaaaaaaaa",
                  "time": "2021-12-08T03:26:32.458Z"
                }
              ]
            }
          },
          "licenseType": "aaaaaaaaaaaaaaaaaaaa",
          "vmId": "aaaaaaaaaaaaaaaaaaaaaaaaaaa",
          "extensionsTimeBudget": "aaaaaaaaaaaaaaa",
          "platformFaultDomain": 29,
          "scheduledEventsProfile": {
            "terminateNotificationProfile": {
              "notBeforeTimeout": "aaaaaaaaaaaa",
              "enable": true
            }
          },
          "userData": "aaaaaaaaa"
        },
        "resources": [
          {
            "id": "/subscriptions/a9cbceed-cd54-47f1-b7a2-bad149218603/resourceGroups/mockRg/providers/Microsoft.Resources/mockResource/mockName",
            "name": "myVM",
            "type": "aaaaaaaaaaaaaa",
            "location": "aaaaaaaaaaaaaaaaaaaaaaaaaaa",
            "tags": {
              "key5412": "aaaaaaaaaaaaaa"
            },
            "properties": {
              "forceUpdateTag": "aaaaaaaaaaaaaaaaaaa",
              "publisher": "aaaaaaa",
              "type": "aaaaaaaaaaaaaaaa",
              "typeHandlerVersion": "aaaaaaaaaaaaaaaaaaaaaaaaaaa",
              "autoUpgradeMinorVersion": true,
              "enableAutomaticUpgrade": true,
              "settings": {},
              "protectedSettings": {},
              "provisioningState": "Succeeded",
              "instanceView": {
                "name": "myVM",
                "type": "aaaaaaaaaaaa",
                "typeHandlerVersion": "aaaaaaaaaaaaaaaaaaaaa",
                "substatuses": [
                  {
                    "code": "aaaaaaaaaaaaaa",
                    "level": "Info",
                    "displayStatus": "aaaaaaaaaa",
                    "message": "aaaaaaaaaaaa",
                    "time": "2021-12-08T03:26:32.458Z"
                  }
                ],
                "statuses": [
                  {
                    "code": "aaaaaaaaaaaaaaaaaaaa",
                    "level": "Info",
                    "displayStatus": "aaaaaaaaaaaaaaaa",
                    "message": "aaaaaaaaaaaaaaaaaaaaaaaaaaaa",
                    "time": "2021-12-08T03:26:32.458Z"
                  }
                ]
              }
            }
          }
        ],
        "identity": {
          "principalId": "00000000-0000-0000-0000-000000000000",
          "tenantId": "00000000-0000-0000-0000-000000000000",
          "type": "SystemAssigned",
          "userAssignedIdentities": {
            "/subscriptions/00000000-0000-0000-0000-000000000000/resourceGroups/00000000-0000-0000-0000-000000000000/providers/Microsoft.ManagedIdentity/userAssignedIdentities/key3163": {
              "principalId": "00000000-0000-0000-0000-000000000000",
              "clientId": "00000000-0000-0000-0000-000000000000"
            }
          }
        },
        "zones": [
          "aaaaaaaaaaaaaaaaaaaaa"
        ],
        "extendedLocation": {
          "name": "myVM",
          "type": "EdgeZone"
        }
      }
    }
  ],
  "Variables": {
    "RandomSeed": "476833469",
    "RESOURCE_MANAGER_URL": "https://localhost:8443",
    "SUBSCRIPTION_ID": "00000000-0000-0000-0000-000000000000"
  }
}
