{
  "Entries": [
    {
      "RequestUri": "https://management.azure.com/subscriptions/db1ab6f0-4769-4b27-930e-01e2ef9c123c?api-version=2021-01-01",
      "RequestMethod": "GET",
      "RequestHeaders": {
        "Accept": "application/json",
        "Authorization": "Sanitized",
        "traceparent": "00-407e8fb55fd4f0429766eaf7156d3d38-5c32b86e0126aa44-00",
        "User-Agent": [
          "azsdk-net-ResourceManager/1.0.0-alpha.20220126.1",
          "(.NET Core 3.1.22; Microsoft Windows 10.0.22000)"
        ],
        "x-ms-client-request-id": "116c859ddfa1a1a22d5d628eb63f3a79",
        "x-ms-return-client-request-id": "true"
      },
      "RequestBody": null,
      "StatusCode": 200,
      "ResponseHeaders": {
        "Cache-Control": "no-cache",
        "Content-Length": "468",
        "Content-Type": "application/json; charset=utf-8",
        "Date": "Wed, 26 Jan 2022 07:18:21 GMT",
        "Expires": "-1",
        "Pragma": "no-cache",
        "Strict-Transport-Security": "max-age=31536000; includeSubDomains",
        "X-Content-Type-Options": "nosniff",
        "x-ms-correlation-request-id": "44860546-b5d8-4ca0-a0fc-ab66093ac382",
        "x-ms-ratelimit-remaining-subscription-reads": "11994",
        "x-ms-request-id": "44860546-b5d8-4ca0-a0fc-ab66093ac382",
        "x-ms-routing-request-id": "SOUTHEASTASIA:20220126T071821Z:44860546-b5d8-4ca0-a0fc-ab66093ac382"
      },
      "ResponseBody": {
        "id": "/subscriptions/db1ab6f0-4769-4b27-930e-01e2ef9c123c",
        "authorizationSource": "RoleBased",
        "managedByTenants": [],
        "tags": {
          "tagKey1": "tagValue1",
          "tagKey2": "tagValue2"
        },
        "subscriptionId": "db1ab6f0-4769-4b27-930e-01e2ef9c123c",
        "tenantId": "72f988bf-86f1-41af-91ab-2d7cd011db47",
        "displayName": ".NET Mgmt SDK Test with TTL = 1 Day",
        "state": "Enabled",
        "subscriptionPolicies": {
          "locationPlacementId": "Internal_2014-09-01",
          "quotaId": "Internal_2014-09-01",
          "spendingLimit": "Off"
        }
      }
    },
    {
      "RequestUri": "https://management.azure.com/subscriptions/db1ab6f0-4769-4b27-930e-01e2ef9c123c/resourcegroups/testRG-2892?api-version=**",
      "RequestMethod": "PUT",
      "RequestHeaders": {
        "Accept": "application/json",
        "Authorization": "Sanitized",
        "Content-Length": "44",
        "Content-Type": "application/json",
        "User-Agent": [
          "azsdk-net-ResourceManager/1.0.0-alpha.20220126.1",
          "(.NET Core 3.1.22; Microsoft Windows 10.0.22000)"
        ],
        "x-ms-client-request-id": "70c6e957da259136790babef1b53c1a3",
        "x-ms-return-client-request-id": "true"
      },
      "RequestBody": {
        "tags": {
          "test": "env"
        },
        "location": "eastus2"
      },
      "StatusCode": 201,
      "ResponseHeaders": {
        "Cache-Control": "no-cache",
        "Content-Length": "242",
        "Content-Type": "application/json; charset=utf-8",
        "Date": "Wed, 26 Jan 2022 07:18:23 GMT",
        "Expires": "-1",
        "Pragma": "no-cache",
        "Strict-Transport-Security": "max-age=31536000; includeSubDomains",
        "X-Content-Type-Options": "nosniff",
        "x-ms-correlation-request-id": "9655901b-64d5-4df0-8cab-f4ac1545a059",
        "x-ms-ratelimit-remaining-subscription-writes": "1197",
        "x-ms-request-id": "9655901b-64d5-4df0-8cab-f4ac1545a059",
        "x-ms-routing-request-id": "SOUTHEASTASIA:20220126T071823Z:9655901b-64d5-4df0-8cab-f4ac1545a059"
      },
      "ResponseBody": {
        "id": "/subscriptions/db1ab6f0-4769-4b27-930e-01e2ef9c123c/resourceGroups/testRG-2892",
        "name": "testRG-2892",
        "type": "Microsoft.Resources/resourceGroups",
        "location": "eastus2",
        "tags": {
          "test": "env"
        },
        "properties": {
          "provisioningState": "Succeeded"
        }
      }
    },
    {
      "RequestUri": "https://management.azure.com/subscriptions/db1ab6f0-4769-4b27-930e-01e2ef9c123c/resourcegroups/testRG-2892/providers/Microsoft.Insights/autoscalesettings/testAutoscaleSettings2408?api-version=2022-10-01",
      "RequestMethod": "PUT",
      "RequestHeaders": {
        "Accept": "application/json",
        "Authorization": "Sanitized",
        "Content-Length": "1820",
        "Content-Type": "application/json",
        "User-Agent": [
          "azsdk-net-ResourceManager.Monitor/1.0.0-alpha.20220126.1",
          "(.NET Core 3.1.22; Microsoft Windows 10.0.22000)"
        ],
        "x-ms-client-request-id": "cd0b9972aa80a0de046c859448df031e",
        "x-ms-return-client-request-id": "true"
      },
      "RequestBody": {
        "tags": {},
        "location": "eastus2",
        "properties": {
          "profiles": [
            {
              "name": "Profiles2",
              "capacity": {
                "minimum": "1",
                "maximum": "1",
                "default": "1"
              },
              "rules": [
                {
                  "metricTrigger": {
                    "metricName": "AbandonMessage",
                    "metricNamespace": "microsoft.servicebus/namespaces",
                    "metricResourceUri": "/subscriptions/db1ab6f0-4769-4b27-930e-01e2ef9c123c/resourceGroups/testservicebusRG-9432/providers/Microsoft.ServiceBus/namespaces/testnamespacemgmt7892",
                    "metricResourceLocation": "eastus2",
                    "timeGrain": "PT1M",
                    "statistic": "Average",
                    "timeWindow": "PT10M",
                    "timeAggregation": "Average",
                    "operator": "GreaterThan",
                    "threshold": 70,
                    "dividePerInstance": false
                  },
                  "scaleAction": {
                    "direction": "Increase",
                    "type": "ServiceAllowedNextValue",
                    "value": "1",
                    "cooldown": "PT5M"
                  }
                }
              ],
              "fixedDate": {
                "timeZone": "UTC",
                "start": "2014-04-15T21:06:11.7882792Z",
                "end": "2014-04-15T21:06:11.7882792Z"
              }
            },
            {
              "name": "Profiles3",
              "capacity": {
                "minimum": "1",
                "maximum": "1",
                "default": "1"
              },
              "rules": [
                {
                  "metricTrigger": {
                    "metricName": "AbandonMessage",
                    "metricNamespace": "microsoft.servicebus/namespaces",
                    "metricResourceUri": "/subscriptions/db1ab6f0-4769-4b27-930e-01e2ef9c123c/resourceGroups/testservicebusRG-9432/providers/Microsoft.ServiceBus/namespaces/testnamespacemgmt7892",
                    "metricResourceLocation": "eastus2",
                    "timeGrain": "PT1M",
                    "statistic": "Average",
                    "timeWindow": "PT10M",
                    "timeAggregation": "Average",
                    "operator": "GreaterThan",
                    "threshold": 70,
                    "dividePerInstance": false
                  },
                  "scaleAction": {
                    "direction": "Increase",
                    "type": "ServiceAllowedNextValue",
                    "value": "1",
                    "cooldown": "PT5M"
                  }
                }
              ],
              "recurrence": {
                "frequency": "Week",
                "schedule": {
                  "timeZone": "UTC-11",
                  "days": [
                    "Monday"
                  ],
                  "hours": [
                    0
                  ],
                  "minutes": [
                    10
                  ]
                }
              }
            }
          ],
          "enabled": true,
          "targetResourceUri": "/subscriptions/db1ab6f0-4769-4b27-930e-01e2ef9c123c/resourceGroups/testservicebusRG-9432/providers/Microsoft.ServiceBus/namespaces/testnamespacemgmt7892",
          "targetResourceLocation": "eastus2"
        }
      },
      "StatusCode": 201,
      "ResponseHeaders": {
        "Cache-Control": "no-cache",
        "Content-Length": "2080",
        "Content-Type": "application/json; charset=utf-8",
        "Date": "Wed, 26 Jan 2022 07:18:34 GMT",
        "Expires": "-1",
        "Pragma": "no-cache",
        "Server": "Microsoft-IIS/10.0",
        "Strict-Transport-Security": "max-age=31536000; includeSubDomains",
        "X-Content-Type-Options": "nosniff",
        "x-ms-correlation-request-id": "0b37367d-da68-4cae-8b28-6b92d3246d76",
        "x-ms-ratelimit-remaining-subscription-writes": "1196",
        "x-ms-request-id": "9b83430c-5d9f-4703-baa3-a3b4f989e106",
        "x-ms-routing-request-id": "SOUTHEASTASIA:20220126T071835Z:0b37367d-da68-4cae-8b28-6b92d3246d76"
      },
      "ResponseBody": {
        "id": "/subscriptions/db1ab6f0-4769-4b27-930e-01e2ef9c123c/resourceGroups/testRG-2892/providers/microsoft.insights/autoscalesettings/testAutoscaleSettings2408",
        "name": "testAutoscaleSettings2408",
        "type": "Microsoft.Insights/autoscaleSettings",
        "location": "eastus2",
        "tags": {},
        "properties": {
          "profiles": [
            {
              "name": "Profiles2",
              "capacity": {
                "minimum": "1",
                "maximum": "1",
                "default": "1"
              },
              "rules": [
                {
                  "metricTrigger": {
                    "metricName": "AbandonMessage",
                    "metricNamespace": "microsoft.servicebus/namespaces",
                    "metricResourceUri": "/subscriptions/db1ab6f0-4769-4b27-930e-01e2ef9c123c/resourceGroups/testservicebusRG-9432/providers/Microsoft.ServiceBus/namespaces/testnamespacemgmt7892",
                    "timeGrain": "PT1M",
                    "statistic": "Average",
                    "timeWindow": "PT10M",
                    "timeAggregation": "Average",
                    "operator": "GreaterThan",
                    "threshold": 70.0,
                    "dimensions": null,
                    "dividePerInstance": false
                  },
                  "scaleAction": {
                    "direction": "Increase",
                    "type": "ServiceAllowedNextValue",
                    "value": "1",
                    "cooldown": "PT5M"
                  }
                }
              ],
              "fixedDate": {
                "timeZone": "UTC",
                "start": "2014-04-15T21:06:11.7882792Z",
                "end": "2014-04-15T21:06:11.7882792Z"
              }
            },
            {
              "name": "Profiles3",
              "capacity": {
                "minimum": "1",
                "maximum": "1",
                "default": "1"
              },
              "rules": [
                {
                  "metricTrigger": {
                    "metricName": "AbandonMessage",
                    "metricNamespace": "microsoft.servicebus/namespaces",
                    "metricResourceUri": "/subscriptions/db1ab6f0-4769-4b27-930e-01e2ef9c123c/resourceGroups/testservicebusRG-9432/providers/Microsoft.ServiceBus/namespaces/testnamespacemgmt7892",
                    "timeGrain": "PT1M",
                    "statistic": "Average",
                    "timeWindow": "PT10M",
                    "timeAggregation": "Average",
                    "operator": "GreaterThan",
                    "threshold": 70.0,
                    "dimensions": null,
                    "dividePerInstance": false
                  },
                  "scaleAction": {
                    "direction": "Increase",
                    "type": "ServiceAllowedNextValue",
                    "value": "1",
                    "cooldown": "PT5M"
                  }
                }
              ],
              "recurrence": {
                "frequency": "Week",
                "schedule": {
                  "timeZone": "UTC-11",
                  "days": [
                    "Monday"
                  ],
                  "hours": [
                    0
                  ],
                  "minutes": [
                    10
                  ]
                }
              }
            }
          ],
          "enabled": true,
          "name": "testAutoscaleSettings2408",
          "targetResourceUri": "/subscriptions/db1ab6f0-4769-4b27-930e-01e2ef9c123c/resourceGroups/testservicebusRG-9432/providers/Microsoft.ServiceBus/namespaces/testnamespacemgmt7892",
          "notifications": null,
          "predictiveAutoscalePolicy": null
        }
      }
    }
  ],
  "Variables": {
    "RandomSeed": "351427289",
    "RESOURCE_MANAGER_URL": null,
    "SUBSCRIPTION_ID": "db1ab6f0-4769-4b27-930e-01e2ef9c123c"
  }
}
