{
  "Entries": [
    {
      "RequestUri": "https://management.azure.com/subscriptions/db1ab6f0-4769-4b27-930e-01e2ef9c123c/resourcegroups/WebPubSubRG-615?api-version=2021-04-01",
      "RequestMethod": "GET",
      "RequestHeaders": {
        "Accept": "application/json",
        "Authorization": "Sanitized",
        "traceparent": "00-fcd22fef93858146a52f20ddee8af502-0204f06971cfb943-00",
        "User-Agent": "azsdk-net-ResourceManager/1.2.0-alpha.20220621.2 (.NET Core 3.1.26; Microsoft Windows 10.0.22000)",
        "x-ms-client-request-id": "55248e3ced59394e3bb0338e717a67ef",
        "x-ms-return-client-request-id": "true"
      },
      "RequestBody": null,
      "StatusCode": 200,
      "ResponseHeaders": {
        "Cache-Control": "no-cache",
        "Content-Length": "228",
        "Content-Type": "application/json; charset=utf-8",
        "Date": "Thu, 23 Jun 2022 09:54:22 GMT",
        "Expires": "-1",
        "Pragma": "no-cache",
        "Strict-Transport-Security": "max-age=31536000; includeSubDomains",
        "X-Content-Type-Options": "nosniff",
        "x-ms-correlation-request-id": "4ebbfccb-6a8d-4f62-857d-e681d57eca40",
        "x-ms-ratelimit-remaining-subscription-reads": "11737",
        "x-ms-request-id": "4ebbfccb-6a8d-4f62-857d-e681d57eca40",
        "x-ms-routing-request-id": "SOUTHEASTASIA:20220623T095422Z:4ebbfccb-6a8d-4f62-857d-e681d57eca40"
      },
      "ResponseBody": {
        "id": "/subscriptions/db1ab6f0-4769-4b27-930e-01e2ef9c123c/resourceGroups/WebPubSubRG-615",
        "name": "WebPubSubRG-615",
        "type": "Microsoft.Resources/resourceGroups",
        "location": "westus2",
        "properties": {
          "provisioningState": "Succeeded"
        }
      }
    },
    {
      "RequestUri": "https://management.azure.com/subscriptions/db1ab6f0-4769-4b27-930e-01e2ef9c123c/resourceGroups/WebPubSubRG-615/providers/Microsoft.SignalRService/webPubSub/webpubsub-9939?api-version=2021-10-01",
      "RequestMethod": "PUT",
      "RequestHeaders": {
        "Accept": "application/json",
        "Authorization": "Sanitized",
        "Content-Length": "367",
        "Content-Type": "application/json",
        "traceparent": "00-be4836e358ad6948bc2bf859699341c8-da14cb46c4c5714e-00",
        "User-Agent": "azsdk-net-ResourceManager.WebPubSub/1.0.0-alpha.20220623.1 (.NET Core 3.1.26; Microsoft Windows 10.0.22000)",
        "x-ms-client-request-id": "0794782a1faf2daa18dd051027323aeb",
        "x-ms-return-client-request-id": "true"
      },
      "RequestBody": {
        "sku": {
          "name": "Standard_S1"
        },
        "tags": {},
        "location": "westus2",
        "properties": {
          "liveTraceConfiguration": {
            "enabled": "true",
            "categories": [
              {
                "name": "category-01",
                "enabled": "true"
              }
            ]
          },
          "resourceLogConfiguration": {
            "categories": [
              {
                "name": "category1",
                "enabled": "false"
              }
            ]
          },
          "networkACLs": {
            "defaultAction": "Deny",
            "publicNetwork": {
              "allow": [],
              "deny": [
                "RESTAPI"
              ]
            },
            "privateEndpoints": []
          }
        }
      },
      "StatusCode": 201,
      "ResponseHeaders": {
        "Azure-AsyncOperation": "https://management.azure.com/subscriptions/db1ab6f0-4769-4b27-930e-01e2ef9c123c/resourceGroups/WebPubSubRG-615/providers/Microsoft.SignalRService/WebPubSub/webpubsub-9939/operationStatuses/fc2f4efc-6a0f-4101-9eaf-b121fb152e4d?api-version=2021-10-01",
        "Cache-Control": "no-cache",
        "Content-Length": "1273",
        "Content-Type": "application/json; charset=utf-8",
        "Date": "Thu, 23 Jun 2022 09:54:26 GMT",
        "Expires": "-1",
        "Location": "https://management.azure.com/subscriptions/db1ab6f0-4769-4b27-930e-01e2ef9c123c/resourceGroups/WebPubSubRG-615/providers/Microsoft.SignalRService/WebPubSub/webpubsub-9939/operationResults/fc2f4efc-6a0f-4101-9eaf-b121fb152e4d?api-version=2021-10-01",
        "Pragma": "no-cache",
        "Server": "Kestrel",
        "Strict-Transport-Security": "max-age=31536000; includeSubDomains",
        "X-Content-Type-Options": "nosniff",
        "x-ms-client-request-id": "0794782a1faf2daa18dd051027323aeb",
        "x-ms-correlation-request-id": "e498868f-8dad-462c-b7b5-aa8762e501bf",
        "x-ms-ratelimit-remaining-subscription-writes": "1171",
        "x-ms-request-id": "a1afaced-9346-4aed-bed2-3ed643e50318",
        "x-ms-routing-request-id": "SOUTHEASTASIA:20220623T095427Z:e498868f-8dad-462c-b7b5-aa8762e501bf",
        "x-rp-server-mvid": "a7df074e-9833-4af6-8182-5a1fcbe82718"
      },
      "ResponseBody": {
        "sku": {
          "name": "Standard_S1",
          "tier": "Standard",
          "size": "S1",
          "capacity": 1
        },
        "properties": {
          "provisioningState": "Creating",
          "externalIP": null,
          "hostName": "webpubsub-9939.webpubsub.azure.com",
          "publicPort": 443,
          "serverPort": 443,
          "version": "1.0-preview",
          "privateEndpointConnections": [],
          "sharedPrivateLinkResources": [],
          "tls": {
            "clientCertEnabled": false
          },
          "hostNamePrefix": "webpubsub-9939",
          "liveTraceConfiguration": {
            "enabled": "true",
            "categories": [
              {
                "name": "category-01",
                "enabled": "true"
              }
            ]
          },
          "resourceLogConfiguration": {
            "categories": [
              {
                "name": "category1",
                "enabled": "false"
              }
            ]
          },
          "networkACLs": {
            "defaultAction": "Deny",
            "publicNetwork": {
              "allow": [],
              "deny": [
                "RESTAPI"
              ]
            },
            "privateEndpoints": []
          },
          "publicNetworkAccess": "Enabled",
          "disableLocalAuth": false,
          "disableAadAuth": false
        },
        "systemData": {
          "createdBy": "8e6d47e0-7969-4fde-a62c-4fea4f165e98",
          "createdByType": "Application",
          "createdAt": "2022-06-23T09:54:24.9035841Z",
          "lastModifiedBy": "8e6d47e0-7969-4fde-a62c-4fea4f165e98",
          "lastModifiedByType": "Application",
          "lastModifiedAt": "2022-06-23T09:54:24.9035841Z"
        },
        "location": "westus2",
        "tags": {},
        "id": "/subscriptions/db1ab6f0-4769-4b27-930e-01e2ef9c123c/resourceGroups/WebPubSubRG-615/providers/Microsoft.SignalRService/WebPubSub/webpubsub-9939",
        "name": "webpubsub-9939",
        "type": "Microsoft.SignalRService/WebPubSub"
      }
    },
    {
      "RequestUri": "https://management.azure.com/subscriptions/db1ab6f0-4769-4b27-930e-01e2ef9c123c/resourceGroups/WebPubSubRG-615/providers/Microsoft.SignalRService/WebPubSub/webpubsub-9939/operationStatuses/fc2f4efc-6a0f-4101-9eaf-b121fb152e4d?api-version=2021-10-01",
      "RequestMethod": "GET",
      "RequestHeaders": {
        "Authorization": "Sanitized",
        "traceparent": "00-be4836e358ad6948bc2bf859699341c8-2fa20c3f81927d4d-00",
        "User-Agent": "azsdk-net-ResourceManager/1.2.0-alpha.20220621.2 (.NET Core 3.1.26; Microsoft Windows 10.0.22000)",
        "x-ms-client-request-id": "70418d331dc06f8d792741104828137e",
        "x-ms-return-client-request-id": "true"
      },
      "RequestBody": null,
      "StatusCode": 200,
      "ResponseHeaders": {
        "Cache-Control": "no-cache",
        "Content-Length": "314",
        "Content-Type": "application/json; charset=utf-8",
        "Date": "Thu, 23 Jun 2022 09:54:27 GMT",
        "Expires": "-1",
        "Pragma": "no-cache",
        "Server": "Kestrel",
        "Strict-Transport-Security": "max-age=31536000; includeSubDomains",
        "X-Content-Type-Options": "nosniff",
        "x-ms-client-request-id": "70418d331dc06f8d792741104828137e",
        "x-ms-correlation-request-id": "af0d0030-7026-4768-bca2-3c628513de7d",
        "x-ms-ratelimit-remaining-subscription-reads": "11736",
        "x-ms-request-id": "f12e06c1-20db-4c71-aad7-4d09e052bcd8",
        "x-ms-routing-request-id": "SOUTHEASTASIA:20220623T095427Z:af0d0030-7026-4768-bca2-3c628513de7d",
        "x-rp-server-mvid": "a7df074e-9833-4af6-8182-5a1fcbe82718"
      },
      "ResponseBody": {
        "id": "/subscriptions/db1ab6f0-4769-4b27-930e-01e2ef9c123c/resourceGroups/WebPubSubRG-615/providers/Microsoft.SignalRService/WebPubSub/webpubsub-9939/operationStatuses/fc2f4efc-6a0f-4101-9eaf-b121fb152e4d",
        "name": "fc2f4efc-6a0f-4101-9eaf-b121fb152e4d",
        "status": "Running",
        "startTime": "2022-06-23T09:54:25.5562365Z"
      }
    },
    {
      "RequestUri": "https://management.azure.com/subscriptions/db1ab6f0-4769-4b27-930e-01e2ef9c123c/resourceGroups/WebPubSubRG-615/providers/Microsoft.SignalRService/WebPubSub/webpubsub-9939/operationStatuses/fc2f4efc-6a0f-4101-9eaf-b121fb152e4d?api-version=2021-10-01",
      "RequestMethod": "GET",
      "RequestHeaders": {
        "Authorization": "Sanitized",
        "traceparent": "00-be4836e358ad6948bc2bf859699341c8-d6d2a18cfc5f6341-00",
        "User-Agent": "azsdk-net-ResourceManager/1.2.0-alpha.20220621.2 (.NET Core 3.1.26; Microsoft Windows 10.0.22000)",
        "x-ms-client-request-id": "9c3aa3f91e396610493c1d1329636424",
        "x-ms-return-client-request-id": "true"
      },
      "RequestBody": null,
      "StatusCode": 200,
      "ResponseHeaders": {
        "Cache-Control": "no-cache",
        "Content-Length": "314",
        "Content-Type": "application/json; charset=utf-8",
        "Date": "Thu, 23 Jun 2022 09:54:28 GMT",
        "Expires": "-1",
        "Pragma": "no-cache",
        "Server": "Kestrel",
        "Strict-Transport-Security": "max-age=31536000; includeSubDomains",
        "X-Content-Type-Options": "nosniff",
        "x-ms-client-request-id": "9c3aa3f91e396610493c1d1329636424",
        "x-ms-correlation-request-id": "96be5b1b-b2aa-44fc-bfce-017f730fb2bf",
        "x-ms-ratelimit-remaining-subscription-reads": "11735",
        "x-ms-request-id": "a36b894a-9bd2-4f90-bd1e-88829b582c5a",
        "x-ms-routing-request-id": "SOUTHEASTASIA:20220623T095429Z:96be5b1b-b2aa-44fc-bfce-017f730fb2bf",
        "x-rp-server-mvid": "a7df074e-9833-4af6-8182-5a1fcbe82718"
      },
      "ResponseBody": {
        "id": "/subscriptions/db1ab6f0-4769-4b27-930e-01e2ef9c123c/resourceGroups/WebPubSubRG-615/providers/Microsoft.SignalRService/WebPubSub/webpubsub-9939/operationStatuses/fc2f4efc-6a0f-4101-9eaf-b121fb152e4d",
        "name": "fc2f4efc-6a0f-4101-9eaf-b121fb152e4d",
        "status": "Running",
        "startTime": "2022-06-23T09:54:25.5562365Z"
      }
    },
    {
      "RequestUri": "https://management.azure.com/subscriptions/db1ab6f0-4769-4b27-930e-01e2ef9c123c/resourceGroups/WebPubSubRG-615/providers/Microsoft.SignalRService/WebPubSub/webpubsub-9939/operationStatuses/fc2f4efc-6a0f-4101-9eaf-b121fb152e4d?api-version=2021-10-01",
      "RequestMethod": "GET",
      "RequestHeaders": {
        "Authorization": "Sanitized",
        "traceparent": "00-be4836e358ad6948bc2bf859699341c8-788f35dab07bc94c-00",
        "User-Agent": "azsdk-net-ResourceManager/1.2.0-alpha.20220621.2 (.NET Core 3.1.26; Microsoft Windows 10.0.22000)",
        "x-ms-client-request-id": "9adcc7e7caf0192b4fbe5631821e0fc1",
        "x-ms-return-client-request-id": "true"
      },
      "RequestBody": null,
      "StatusCode": 200,
      "ResponseHeaders": {
        "Cache-Control": "no-cache",
        "Content-Length": "314",
        "Content-Type": "application/json; charset=utf-8",
        "Date": "Thu, 23 Jun 2022 09:54:30 GMT",
        "Expires": "-1",
        "Pragma": "no-cache",
        "Server": "Kestrel",
        "Strict-Transport-Security": "max-age=31536000; includeSubDomains",
        "X-Content-Type-Options": "nosniff",
        "x-ms-client-request-id": "9adcc7e7caf0192b4fbe5631821e0fc1",
        "x-ms-correlation-request-id": "554e93b8-d84a-4d9d-b1c9-e3c72bb0d7f9",
        "x-ms-ratelimit-remaining-subscription-reads": "11734",
        "x-ms-request-id": "f07e09b3-06de-4523-93ff-5f8541bbc95b",
        "x-ms-routing-request-id": "SOUTHEASTASIA:20220623T095430Z:554e93b8-d84a-4d9d-b1c9-e3c72bb0d7f9",
        "x-rp-server-mvid": "a7df074e-9833-4af6-8182-5a1fcbe82718"
      },
      "ResponseBody": {
        "id": "/subscriptions/db1ab6f0-4769-4b27-930e-01e2ef9c123c/resourceGroups/WebPubSubRG-615/providers/Microsoft.SignalRService/WebPubSub/webpubsub-9939/operationStatuses/fc2f4efc-6a0f-4101-9eaf-b121fb152e4d",
        "name": "fc2f4efc-6a0f-4101-9eaf-b121fb152e4d",
        "status": "Running",
        "startTime": "2022-06-23T09:54:25.5562365Z"
      }
    },
    {
      "RequestUri": "https://management.azure.com/subscriptions/db1ab6f0-4769-4b27-930e-01e2ef9c123c/resourceGroups/WebPubSubRG-615/providers/Microsoft.SignalRService/WebPubSub/webpubsub-9939/operationStatuses/fc2f4efc-6a0f-4101-9eaf-b121fb152e4d?api-version=2021-10-01",
      "RequestMethod": "GET",
      "RequestHeaders": {
        "Authorization": "Sanitized",
        "traceparent": "00-be4836e358ad6948bc2bf859699341c8-22b088b63bd34c47-00",
        "User-Agent": "azsdk-net-ResourceManager/1.2.0-alpha.20220621.2 (.NET Core 3.1.26; Microsoft Windows 10.0.22000)",
        "x-ms-client-request-id": "254e778858b914037ddb2684ff794616",
        "x-ms-return-client-request-id": "true"
      },
      "RequestBody": null,
      "StatusCode": 200,
      "ResponseHeaders": {
        "Cache-Control": "no-cache",
        "Content-Length": "314",
        "Content-Type": "application/json; charset=utf-8",
        "Date": "Thu, 23 Jun 2022 09:54:31 GMT",
        "Expires": "-1",
        "Pragma": "no-cache",
        "Server": "Kestrel",
        "Strict-Transport-Security": "max-age=31536000; includeSubDomains",
        "X-Content-Type-Options": "nosniff",
        "x-ms-client-request-id": "254e778858b914037ddb2684ff794616",
        "x-ms-correlation-request-id": "25f3a6ec-d732-44dc-8755-1cfeb9c87cfe",
        "x-ms-ratelimit-remaining-subscription-reads": "11733",
        "x-ms-request-id": "06fdf1ce-4894-459b-93d8-57ccb743c323",
        "x-ms-routing-request-id": "SOUTHEASTASIA:20220623T095432Z:25f3a6ec-d732-44dc-8755-1cfeb9c87cfe",
        "x-rp-server-mvid": "a7df074e-9833-4af6-8182-5a1fcbe82718"
      },
      "ResponseBody": {
        "id": "/subscriptions/db1ab6f0-4769-4b27-930e-01e2ef9c123c/resourceGroups/WebPubSubRG-615/providers/Microsoft.SignalRService/WebPubSub/webpubsub-9939/operationStatuses/fc2f4efc-6a0f-4101-9eaf-b121fb152e4d",
        "name": "fc2f4efc-6a0f-4101-9eaf-b121fb152e4d",
        "status": "Running",
        "startTime": "2022-06-23T09:54:25.5562365Z"
      }
    },
    {
      "RequestUri": "https://management.azure.com/subscriptions/db1ab6f0-4769-4b27-930e-01e2ef9c123c/resourceGroups/WebPubSubRG-615/providers/Microsoft.SignalRService/WebPubSub/webpubsub-9939/operationStatuses/fc2f4efc-6a0f-4101-9eaf-b121fb152e4d?api-version=2021-10-01",
      "RequestMethod": "GET",
      "RequestHeaders": {
        "Authorization": "Sanitized",
        "traceparent": "00-be4836e358ad6948bc2bf859699341c8-95a1516cf2a3c149-00",
        "User-Agent": "azsdk-net-ResourceManager/1.2.0-alpha.20220621.2 (.NET Core 3.1.26; Microsoft Windows 10.0.22000)",
        "x-ms-client-request-id": "81281dc3784c2e8d77204d7bc7dee32b",
        "x-ms-return-client-request-id": "true"
      },
      "RequestBody": null,
      "StatusCode": 200,
      "ResponseHeaders": {
        "Cache-Control": "no-cache",
        "Content-Length": "314",
        "Content-Type": "application/json; charset=utf-8",
        "Date": "Thu, 23 Jun 2022 09:54:34 GMT",
        "Expires": "-1",
        "Pragma": "no-cache",
        "Server": "Kestrel",
        "Strict-Transport-Security": "max-age=31536000; includeSubDomains",
        "X-Content-Type-Options": "nosniff",
        "x-ms-client-request-id": "81281dc3784c2e8d77204d7bc7dee32b",
        "x-ms-correlation-request-id": "33dde9e6-a872-4f78-b2d6-3a4d0fe74599",
        "x-ms-ratelimit-remaining-subscription-reads": "11732",
        "x-ms-request-id": "2604bb7b-a3b2-4755-a73e-955d352735d5",
        "x-ms-routing-request-id": "SOUTHEASTASIA:20220623T095434Z:33dde9e6-a872-4f78-b2d6-3a4d0fe74599",
        "x-rp-server-mvid": "a7df074e-9833-4af6-8182-5a1fcbe82718"
      },
      "ResponseBody": {
        "id": "/subscriptions/db1ab6f0-4769-4b27-930e-01e2ef9c123c/resourceGroups/WebPubSubRG-615/providers/Microsoft.SignalRService/WebPubSub/webpubsub-9939/operationStatuses/fc2f4efc-6a0f-4101-9eaf-b121fb152e4d",
        "name": "fc2f4efc-6a0f-4101-9eaf-b121fb152e4d",
        "status": "Running",
        "startTime": "2022-06-23T09:54:25.5562365Z"
      }
    },
    {
      "RequestUri": "https://management.azure.com/subscriptions/db1ab6f0-4769-4b27-930e-01e2ef9c123c/resourceGroups/WebPubSubRG-615/providers/Microsoft.SignalRService/WebPubSub/webpubsub-9939/operationStatuses/fc2f4efc-6a0f-4101-9eaf-b121fb152e4d?api-version=2021-10-01",
      "RequestMethod": "GET",
      "RequestHeaders": {
        "Authorization": "Sanitized",
        "traceparent": "00-be4836e358ad6948bc2bf859699341c8-ddc7d812a581a84f-00",
        "User-Agent": "azsdk-net-ResourceManager/1.2.0-alpha.20220621.2 (.NET Core 3.1.26; Microsoft Windows 10.0.22000)",
        "x-ms-client-request-id": "b18b5c2c3e148e6bc4c71d15a4a61ad5",
        "x-ms-return-client-request-id": "true"
      },
      "RequestBody": null,
      "StatusCode": 200,
      "ResponseHeaders": {
        "Cache-Control": "no-cache",
        "Content-Length": "314",
        "Content-Type": "application/json; charset=utf-8",
        "Date": "Thu, 23 Jun 2022 09:54:38 GMT",
        "Expires": "-1",
        "Pragma": "no-cache",
        "Server": "Kestrel",
        "Strict-Transport-Security": "max-age=31536000; includeSubDomains",
        "X-Content-Type-Options": "nosniff",
        "x-ms-client-request-id": "b18b5c2c3e148e6bc4c71d15a4a61ad5",
        "x-ms-correlation-request-id": "78056493-0f4f-4178-8c20-be9c78932a14",
        "x-ms-ratelimit-remaining-subscription-reads": "11731",
        "x-ms-request-id": "99ed4116-890f-4c79-a242-8a8c3b257a81",
        "x-ms-routing-request-id": "SOUTHEASTASIA:20220623T095438Z:78056493-0f4f-4178-8c20-be9c78932a14",
        "x-rp-server-mvid": "a7df074e-9833-4af6-8182-5a1fcbe82718"
      },
      "ResponseBody": {
        "id": "/subscriptions/db1ab6f0-4769-4b27-930e-01e2ef9c123c/resourceGroups/WebPubSubRG-615/providers/Microsoft.SignalRService/WebPubSub/webpubsub-9939/operationStatuses/fc2f4efc-6a0f-4101-9eaf-b121fb152e4d",
        "name": "fc2f4efc-6a0f-4101-9eaf-b121fb152e4d",
        "status": "Running",
        "startTime": "2022-06-23T09:54:25.5562365Z"
      }
    },
    {
      "RequestUri": "https://management.azure.com/subscriptions/db1ab6f0-4769-4b27-930e-01e2ef9c123c/resourceGroups/WebPubSubRG-615/providers/Microsoft.SignalRService/WebPubSub/webpubsub-9939/operationStatuses/fc2f4efc-6a0f-4101-9eaf-b121fb152e4d?api-version=2021-10-01",
      "RequestMethod": "GET",
      "RequestHeaders": {
        "Authorization": "Sanitized",
        "traceparent": "00-be4836e358ad6948bc2bf859699341c8-b7c74526c5b42f43-00",
        "User-Agent": "azsdk-net-ResourceManager/1.2.0-alpha.20220621.2 (.NET Core 3.1.26; Microsoft Windows 10.0.22000)",
        "x-ms-client-request-id": "656e40778ef50f75e91fad980b874d9e",
        "x-ms-return-client-request-id": "true"
      },
      "RequestBody": null,
      "StatusCode": 200,
      "ResponseHeaders": {
        "Cache-Control": "no-cache",
        "Content-Length": "314",
        "Content-Type": "application/json; charset=utf-8",
        "Date": "Thu, 23 Jun 2022 09:54:46 GMT",
        "Expires": "-1",
        "Pragma": "no-cache",
        "Server": "Kestrel",
        "Strict-Transport-Security": "max-age=31536000; includeSubDomains",
        "X-Content-Type-Options": "nosniff",
        "x-ms-client-request-id": "656e40778ef50f75e91fad980b874d9e",
        "x-ms-correlation-request-id": "737f2fa5-d714-455c-83cc-03e6c7b2584a",
        "x-ms-ratelimit-remaining-subscription-reads": "11730",
        "x-ms-request-id": "25f0c8eb-1058-4e2f-9fc9-7a5e69f7dd94",
        "x-ms-routing-request-id": "SOUTHEASTASIA:20220623T095447Z:737f2fa5-d714-455c-83cc-03e6c7b2584a",
        "x-rp-server-mvid": "a7df074e-9833-4af6-8182-5a1fcbe82718"
      },
      "ResponseBody": {
        "id": "/subscriptions/db1ab6f0-4769-4b27-930e-01e2ef9c123c/resourceGroups/WebPubSubRG-615/providers/Microsoft.SignalRService/WebPubSub/webpubsub-9939/operationStatuses/fc2f4efc-6a0f-4101-9eaf-b121fb152e4d",
        "name": "fc2f4efc-6a0f-4101-9eaf-b121fb152e4d",
        "status": "Running",
        "startTime": "2022-06-23T09:54:25.5562365Z"
      }
    },
    {
      "RequestUri": "https://management.azure.com/subscriptions/db1ab6f0-4769-4b27-930e-01e2ef9c123c/resourceGroups/WebPubSubRG-615/providers/Microsoft.SignalRService/WebPubSub/webpubsub-9939/operationStatuses/fc2f4efc-6a0f-4101-9eaf-b121fb152e4d?api-version=2021-10-01",
      "RequestMethod": "GET",
      "RequestHeaders": {
        "Authorization": "Sanitized",
        "traceparent": "00-be4836e358ad6948bc2bf859699341c8-a9c6ead1c3e2724c-00",
        "User-Agent": "azsdk-net-ResourceManager/1.2.0-alpha.20220621.2 (.NET Core 3.1.26; Microsoft Windows 10.0.22000)",
        "x-ms-client-request-id": "a357faf794ee8401b299bc845b788ad0",
        "x-ms-return-client-request-id": "true"
      },
      "RequestBody": null,
      "StatusCode": 200,
      "ResponseHeaders": {
        "Cache-Control": "no-cache",
        "Content-Length": "314",
        "Content-Type": "application/json; charset=utf-8",
        "Date": "Thu, 23 Jun 2022 09:55:03 GMT",
        "Expires": "-1",
        "Pragma": "no-cache",
        "Server": "Kestrel",
        "Strict-Transport-Security": "max-age=31536000; includeSubDomains",
        "X-Content-Type-Options": "nosniff",
        "x-ms-client-request-id": "a357faf794ee8401b299bc845b788ad0",
        "x-ms-correlation-request-id": "9c079b08-897c-4ab2-85a1-6260de9eb36b",
        "x-ms-ratelimit-remaining-subscription-reads": "11729",
        "x-ms-request-id": "ee8d1a0a-e37e-48e7-bb0b-e12b03d48e05",
        "x-ms-routing-request-id": "SOUTHEASTASIA:20220623T095504Z:9c079b08-897c-4ab2-85a1-6260de9eb36b",
        "x-rp-server-mvid": "a7df074e-9833-4af6-8182-5a1fcbe82718"
      },
      "ResponseBody": {
        "id": "/subscriptions/db1ab6f0-4769-4b27-930e-01e2ef9c123c/resourceGroups/WebPubSubRG-615/providers/Microsoft.SignalRService/WebPubSub/webpubsub-9939/operationStatuses/fc2f4efc-6a0f-4101-9eaf-b121fb152e4d",
        "name": "fc2f4efc-6a0f-4101-9eaf-b121fb152e4d",
        "status": "Running",
        "startTime": "2022-06-23T09:54:25.5562365Z"
      }
    },
    {
      "RequestUri": "https://management.azure.com/subscriptions/db1ab6f0-4769-4b27-930e-01e2ef9c123c/resourceGroups/WebPubSubRG-615/providers/Microsoft.SignalRService/WebPubSub/webpubsub-9939/operationStatuses/fc2f4efc-6a0f-4101-9eaf-b121fb152e4d?api-version=2021-10-01",
      "RequestMethod": "GET",
      "RequestHeaders": {
        "Authorization": "Sanitized",
        "traceparent": "00-be4836e358ad6948bc2bf859699341c8-a88ba8e52c5d7549-00",
        "User-Agent": "azsdk-net-ResourceManager/1.2.0-alpha.20220621.2 (.NET Core 3.1.26; Microsoft Windows 10.0.22000)",
        "x-ms-client-request-id": "870377057e6f9d36e77bc8f590d2833c",
        "x-ms-return-client-request-id": "true"
      },
      "RequestBody": null,
      "StatusCode": 200,
      "ResponseHeaders": {
        "Cache-Control": "no-cache",
        "Content-Length": "357",
        "Content-Type": "application/json; charset=utf-8",
        "Date": "Thu, 23 Jun 2022 09:55:35 GMT",
        "Expires": "-1",
        "Pragma": "no-cache",
        "Server": "Kestrel",
        "Strict-Transport-Security": "max-age=31536000; includeSubDomains",
        "X-Content-Type-Options": "nosniff",
        "x-ms-client-request-id": "870377057e6f9d36e77bc8f590d2833c",
        "x-ms-correlation-request-id": "3bb5dbf0-246b-48a1-bf2f-bd6ca53d9f54",
        "x-ms-ratelimit-remaining-subscription-reads": "11728",
        "x-ms-request-id": "6fe9c69c-eddc-480a-b34b-10b3af36ff36",
        "x-ms-routing-request-id": "SOUTHEASTASIA:20220623T095536Z:3bb5dbf0-246b-48a1-bf2f-bd6ca53d9f54",
        "x-rp-server-mvid": "a7df074e-9833-4af6-8182-5a1fcbe82718"
      },
      "ResponseBody": {
        "id": "/subscriptions/db1ab6f0-4769-4b27-930e-01e2ef9c123c/resourceGroups/WebPubSubRG-615/providers/Microsoft.SignalRService/WebPubSub/webpubsub-9939/operationStatuses/fc2f4efc-6a0f-4101-9eaf-b121fb152e4d",
        "name": "fc2f4efc-6a0f-4101-9eaf-b121fb152e4d",
        "status": "Succeeded",
        "startTime": "2022-06-23T09:54:25.5562365Z",
        "endTime": "2022-06-23T09:55:26.3995958Z"
      }
    },
    {
      "RequestUri": "https://management.azure.com/subscriptions/db1ab6f0-4769-4b27-930e-01e2ef9c123c/resourceGroups/WebPubSubRG-615/providers/Microsoft.SignalRService/webPubSub/webpubsub-9939?api-version=2021-10-01",
      "RequestMethod": "GET",
      "RequestHeaders": {
        "Authorization": "Sanitized",
        "traceparent": "00-be4836e358ad6948bc2bf859699341c8-68077cef05bc6948-00",
        "User-Agent": "azsdk-net-ResourceManager/1.2.0-alpha.20220621.2 (.NET Core 3.1.26; Microsoft Windows 10.0.22000)",
        "x-ms-client-request-id": "a91d7e7a774fe3e63eeab25bd2f0b471",
        "x-ms-return-client-request-id": "true"
      },
      "RequestBody": null,
      "StatusCode": 200,
      "ResponseHeaders": {
        "Cache-Control": "no-cache",
        "Content-Length": "1275",
        "Content-Type": "application/json; charset=utf-8",
        "Date": "Thu, 23 Jun 2022 09:55:35 GMT",
        "Expires": "-1",
        "Pragma": "no-cache",
        "Server": "Kestrel",
        "Strict-Transport-Security": "max-age=31536000; includeSubDomains",
        "X-Content-Type-Options": "nosniff",
        "x-ms-client-request-id": "a91d7e7a774fe3e63eeab25bd2f0b471",
        "x-ms-correlation-request-id": "bc4ad02d-c1f3-4406-ae2d-f1de9d246a4a",
        "x-ms-ratelimit-remaining-subscription-reads": "11727",
        "x-ms-request-id": "d3bf5a16-6694-438c-9d83-a38e76d4e5d4",
        "x-ms-routing-request-id": "SOUTHEASTASIA:20220623T095536Z:bc4ad02d-c1f3-4406-ae2d-f1de9d246a4a",
        "x-rp-server-mvid": "a7df074e-9833-4af6-8182-5a1fcbe82718"
      },
      "ResponseBody": {
        "sku": {
          "name": "Standard_S1",
          "tier": "Standard",
          "size": "S1",
          "capacity": 1
        },
        "properties": {
          "provisioningState": "Succeeded",
          "externalIP": "20.51.13.48",
          "hostName": "webpubsub-9939.webpubsub.azure.com",
          "publicPort": 443,
          "serverPort": 443,
          "version": "1.0",
          "privateEndpointConnections": [],
          "sharedPrivateLinkResources": [],
          "tls": {
            "clientCertEnabled": false
          },
          "hostNamePrefix": "webpubsub-9939",
          "liveTraceConfiguration": {
            "enabled": "true",
            "categories": [
              {
                "name": "category-01",
                "enabled": "true"
              }
            ]
          },
          "resourceLogConfiguration": {
            "categories": [
              {
                "name": "category1",
                "enabled": "false"
              }
            ]
          },
          "networkACLs": {
            "defaultAction": "Deny",
            "publicNetwork": {
              "allow": [],
              "deny": [
                "RESTAPI"
              ]
            },
            "privateEndpoints": []
          },
          "publicNetworkAccess": "Enabled",
          "disableLocalAuth": false,
          "disableAadAuth": false
        },
        "systemData": {
          "createdBy": "8e6d47e0-7969-4fde-a62c-4fea4f165e98",
          "createdByType": "Application",
          "createdAt": "2022-06-23T09:54:24.9035841Z",
          "lastModifiedBy": "8e6d47e0-7969-4fde-a62c-4fea4f165e98",
          "lastModifiedByType": "Application",
          "lastModifiedAt": "2022-06-23T09:54:24.9035841Z"
        },
        "location": "westus2",
        "tags": {},
        "id": "/subscriptions/db1ab6f0-4769-4b27-930e-01e2ef9c123c/resourceGroups/WebPubSubRG-615/providers/Microsoft.SignalRService/WebPubSub/webpubsub-9939",
        "name": "webpubsub-9939",
        "type": "Microsoft.SignalRService/WebPubSub"
      }
    },
    {
      "RequestUri": "https://management.azure.com/subscriptions/db1ab6f0-4769-4b27-930e-01e2ef9c123c/resourceGroups/WebPubSubRG-615/providers/Microsoft.SignalRService/webPubSub?api-version=2021-10-01",
      "RequestMethod": "GET",
      "RequestHeaders": {
        "Accept": "application/json",
        "Authorization": "Sanitized",
        "traceparent": "00-6e979ea98be31b47a73b3e93f4e81e1d-11e94a1ec04fe749-00",
        "User-Agent": "azsdk-net-ResourceManager.WebPubSub/1.0.0-alpha.20220623.1 (.NET Core 3.1.26; Microsoft Windows 10.0.22000)",
        "x-ms-client-request-id": "9393dd94c583792ec4babc73cc0cf3df",
        "x-ms-return-client-request-id": "true"
      },
      "RequestBody": null,
      "StatusCode": 200,
      "ResponseHeaders": {
        "Cache-Control": "no-cache",
        "Content-Length": "1287",
        "Content-Type": "application/json; charset=utf-8",
        "Date": "Thu, 23 Jun 2022 09:55:36 GMT",
        "Expires": "-1",
        "Pragma": "no-cache",
        "Server": "Kestrel",
        "Strict-Transport-Security": "max-age=31536000; includeSubDomains",
        "X-Content-Type-Options": "nosniff",
        "x-ms-client-request-id": "9393dd94c583792ec4babc73cc0cf3df",
        "x-ms-correlation-request-id": "c7172527-3d50-4c87-8d7c-db51fcb0e18c",
        "x-ms-ratelimit-remaining-subscription-reads": "11726",
        "x-ms-request-id": "b18f4ffa-be44-4075-a10c-ea474370ee10",
        "x-ms-routing-request-id": "SOUTHEASTASIA:20220623T095537Z:c7172527-3d50-4c87-8d7c-db51fcb0e18c",
        "x-rp-server-mvid": "a7df074e-9833-4af6-8182-5a1fcbe82718"
      },
      "ResponseBody": {
        "value": [
          {
            "sku": {
              "name": "Standard_S1",
              "tier": "Standard",
              "size": "S1",
              "capacity": 1
            },
            "properties": {
              "provisioningState": "Succeeded",
              "externalIP": "20.51.13.48",
              "hostName": "webpubsub-9939.webpubsub.azure.com",
              "publicPort": 443,
              "serverPort": 443,
              "version": "1.0",
              "privateEndpointConnections": [],
              "sharedPrivateLinkResources": [],
              "tls": {
                "clientCertEnabled": false
              },
              "hostNamePrefix": "webpubsub-9939",
              "liveTraceConfiguration": {
                "enabled": "true",
                "categories": [
                  {
                    "name": "category-01",
                    "enabled": "true"
                  }
                ]
              },
              "resourceLogConfiguration": {
                "categories": [
                  {
                    "name": "category1",
                    "enabled": "false"
                  }
                ]
              },
              "networkACLs": {
                "defaultAction": "Deny",
                "publicNetwork": {
                  "allow": [],
                  "deny": [
                    "RESTAPI"
                  ]
                },
                "privateEndpoints": []
              },
              "publicNetworkAccess": "Enabled",
              "disableLocalAuth": false,
              "disableAadAuth": false
            },
            "systemData": {
              "createdBy": "8e6d47e0-7969-4fde-a62c-4fea4f165e98",
              "createdByType": "Application",
              "createdAt": "2022-06-23T09:54:24.9035841Z",
              "lastModifiedBy": "8e6d47e0-7969-4fde-a62c-4fea4f165e98",
              "lastModifiedByType": "Application",
              "lastModifiedAt": "2022-06-23T09:54:24.9035841Z"
            },
            "location": "westus2",
            "tags": {},
            "id": "/subscriptions/db1ab6f0-4769-4b27-930e-01e2ef9c123c/resourceGroups/WebPubSubRG-615/providers/Microsoft.SignalRService/WebPubSub/webpubsub-9939",
            "name": "webpubsub-9939",
            "type": "Microsoft.SignalRService/WebPubSub"
          }
        ]
      }
    },
    {
      "RequestUri": "https://management.azure.com/subscriptions/db1ab6f0-4769-4b27-930e-01e2ef9c123c/resourceGroups/WebPubSubRG-615/providers/Microsoft.SignalRService/webPubSub/webpubsub-9939?api-version=2021-10-01",
      "RequestMethod": "DELETE",
      "RequestHeaders": {
        "Accept": "application/json",
        "Authorization": "Sanitized",
        "traceparent": "00-2cd94d037569c9498998d4ea50360c01-4ef0403ab3410a44-00",
        "User-Agent": "azsdk-net-ResourceManager.WebPubSub/1.0.0-alpha.20220623.1 (.NET Core 3.1.26; Microsoft Windows 10.0.22000)",
        "x-ms-client-request-id": "dc097f16e15a8e8190204985cbdbcbf6",
        "x-ms-return-client-request-id": "true"
      },
      "RequestBody": null,
      "StatusCode": 204,
      "ResponseHeaders": {
        "Cache-Control": "no-cache",
        "Date": "Thu, 23 Jun 2022 09:55:40 GMT",
        "Expires": "-1",
        "Pragma": "no-cache",
        "Server": "Kestrel",
        "Strict-Transport-Security": "max-age=31536000; includeSubDomains",
        "X-Content-Type-Options": "nosniff",
        "x-ms-client-request-id": "dc097f16e15a8e8190204985cbdbcbf6",
        "x-ms-correlation-request-id": "2a9da535-5800-4c4c-99b9-622af8e1693d",
        "x-ms-ratelimit-remaining-subscription-deletes": "14978",
        "x-ms-request-id": "60035878-5743-4a59-b67c-45243507f17e",
        "x-ms-routing-request-id": "SOUTHEASTASIA:20220623T095540Z:2a9da535-5800-4c4c-99b9-622af8e1693d",
        "x-rp-server-mvid": "a7df074e-9833-4af6-8182-5a1fcbe82718"
      },
      "ResponseBody": null
    }
  ],
  "Variables": {
    "RandomSeed": "962859983",
    "RESOURCE_MANAGER_URL": null,
    "SUBSCRIPTION_ID": "db1ab6f0-4769-4b27-930e-01e2ef9c123c"
  }
}
