{
  "Entries": [
    {
      "RequestUri": "https://management.azure.com/subscriptions/db1ab6f0-4769-4b27-930e-01e2ef9c123c/resourcegroups/WebPubSubRG-296?api-version=**",
      "RequestMethod": "GET",
      "RequestHeaders": {
        "Accept": "application/json",
        "Authorization": "Sanitized",
        "traceparent": "00-b5b04a88af4fe14fa15d1f35eecb29b5-9b7e8f6a7099544b-00",
        "User-Agent": "azsdk-net-ResourceManager/1.2.0 (.NET Core 3.1.27; Microsoft Windows 10.0.22000)",
        "x-ms-client-request-id": "a52bf6539b6b9dba126532131792f1b5",
        "x-ms-return-client-request-id": "true"
      },
      "RequestBody": null,
      "StatusCode": 200,
      "ResponseHeaders": {
        "Cache-Control": "no-cache",
        "Content-Length": "228",
        "Content-Type": "application/json; charset=utf-8",
        "Date": "Wed, 13 Jul 2022 03:10:03 GMT",
        "Expires": "-1",
        "Pragma": "no-cache",
        "Strict-Transport-Security": "max-age=31536000; includeSubDomains",
        "X-Content-Type-Options": "nosniff",
        "x-ms-correlation-request-id": "fb400bef-0063-411a-9c9a-dc39b9665e40",
        "x-ms-ratelimit-remaining-subscription-reads": "11696",
        "x-ms-request-id": "fb400bef-0063-411a-9c9a-dc39b9665e40",
        "x-ms-routing-request-id": "SOUTHEASTASIA:20220713T031004Z:fb400bef-0063-411a-9c9a-dc39b9665e40"
      },
      "ResponseBody": {
        "id": "/subscriptions/db1ab6f0-4769-4b27-930e-01e2ef9c123c/resourceGroups/WebPubSubRG-296",
        "name": "WebPubSubRG-296",
        "type": "Microsoft.Resources/resourceGroups",
        "location": "westus2",
        "properties": {
          "provisioningState": "Succeeded"
        }
      }
    },
    {
      "RequestUri": "https://management.azure.com/subscriptions/db1ab6f0-4769-4b27-930e-01e2ef9c123c/resourceGroups/WebPubSubRG-296/providers/Microsoft.SignalRService/webPubSub/webpubsub-1313?api-version=2021-10-01",
      "RequestMethod": "PUT",
      "RequestHeaders": {
        "Accept": "application/json",
        "Authorization": "Sanitized",
        "Content-Length": "367",
        "Content-Type": "application/json",
        "traceparent": "00-48f628ea58f2fa4e82014b965384017a-f4335663684deb40-00",
        "User-Agent": "azsdk-net-ResourceManager.WebPubSub/1.0.0-alpha.20220713.1 (.NET Core 3.1.27; Microsoft Windows 10.0.22000)",
        "x-ms-client-request-id": "f4185ab6df02827271e0921f39213a0c",
        "x-ms-return-client-request-id": "true"
      },
      "RequestBody": {
        "sku": {
          "name": "Standard_S1"
        },
        "tags": {},
        "location": "westus2",
        "properties": {
          "liveTraceConfiguration": {
            "enabled": "true",
            "categories": [
              {
                "name": "category-01",
                "enabled": "true"
              }
            ]
          },
          "resourceLogConfiguration": {
            "categories": [
              {
                "name": "category1",
                "enabled": "false"
              }
            ]
          },
          "networkACLs": {
            "defaultAction": "Deny",
            "publicNetwork": {
              "allow": [],
              "deny": [
                "RESTAPI"
              ]
            },
            "privateEndpoints": []
          }
        }
      },
      "StatusCode": 201,
      "ResponseHeaders": {
        "Azure-AsyncOperation": "https://management.azure.com/subscriptions/db1ab6f0-4769-4b27-930e-01e2ef9c123c/resourceGroups/WebPubSubRG-296/providers/Microsoft.SignalRService/WebPubSub/webpubsub-1313/operationStatuses/1bd33330-404c-43a5-87fd-4c92a615ca89?api-version=2021-10-01",
        "Cache-Control": "no-cache",
        "Content-Length": "1273",
        "Content-Type": "application/json; charset=utf-8",
        "Date": "Wed, 13 Jul 2022 03:10:08 GMT",
        "Expires": "-1",
        "Location": "https://management.azure.com/subscriptions/db1ab6f0-4769-4b27-930e-01e2ef9c123c/resourceGroups/WebPubSubRG-296/providers/Microsoft.SignalRService/WebPubSub/webpubsub-1313/operationResults/1bd33330-404c-43a5-87fd-4c92a615ca89?api-version=2021-10-01",
        "Pragma": "no-cache",
        "Server": "Kestrel",
        "Strict-Transport-Security": "max-age=31536000; includeSubDomains",
        "X-Content-Type-Options": "nosniff",
        "x-ms-client-request-id": "f4185ab6df02827271e0921f39213a0c",
        "x-ms-correlation-request-id": "b99c19a6-6443-41e5-aad9-8bf6f37c3a91",
        "x-ms-ratelimit-remaining-subscription-writes": "1174",
        "x-ms-request-id": "e1b1b209-d3d8-4656-827c-6170f708123f",
        "x-ms-routing-request-id": "SOUTHEASTASIA:20220713T031009Z:b99c19a6-6443-41e5-aad9-8bf6f37c3a91",
        "x-rp-server-mvid": "a240317d-2594-4b08-9f0c-5f370ea616d7"
      },
      "ResponseBody": {
        "sku": {
          "name": "Standard_S1",
          "tier": "Standard",
          "size": "S1",
          "capacity": 1
        },
        "properties": {
          "provisioningState": "Creating",
          "externalIP": null,
          "hostName": "webpubsub-1313.webpubsub.azure.com",
          "publicPort": 443,
          "serverPort": 443,
          "version": "1.0-preview",
          "privateEndpointConnections": [],
          "sharedPrivateLinkResources": [],
          "tls": {
            "clientCertEnabled": false
          },
          "hostNamePrefix": "webpubsub-1313",
          "liveTraceConfiguration": {
            "enabled": "true",
            "categories": [
              {
                "name": "category-01",
                "enabled": "true"
              }
            ]
          },
          "resourceLogConfiguration": {
            "categories": [
              {
                "name": "category1",
                "enabled": "false"
              }
            ]
          },
          "networkACLs": {
            "defaultAction": "Deny",
            "publicNetwork": {
              "allow": [],
              "deny": [
                "RESTAPI"
              ]
            },
            "privateEndpoints": []
          },
          "publicNetworkAccess": "Enabled",
          "disableLocalAuth": false,
          "disableAadAuth": false
        },
        "systemData": {
          "createdBy": "8e6d47e0-7969-4fde-a62c-4fea4f165e98",
          "createdByType": "Application",
          "createdAt": "2022-07-13T03:10:06.8012837Z",
          "lastModifiedBy": "8e6d47e0-7969-4fde-a62c-4fea4f165e98",
          "lastModifiedByType": "Application",
          "lastModifiedAt": "2022-07-13T03:10:06.8012837Z"
        },
        "location": "westus2",
        "tags": {},
        "id": "/subscriptions/db1ab6f0-4769-4b27-930e-01e2ef9c123c/resourceGroups/WebPubSubRG-296/providers/Microsoft.SignalRService/WebPubSub/webpubsub-1313",
        "name": "webpubsub-1313",
        "type": "Microsoft.SignalRService/WebPubSub"
      }
    },
    {
      "RequestUri": "https://management.azure.com/subscriptions/db1ab6f0-4769-4b27-930e-01e2ef9c123c/resourceGroups/WebPubSubRG-296/providers/Microsoft.SignalRService/WebPubSub/webpubsub-1313/operationStatuses/1bd33330-404c-43a5-87fd-4c92a615ca89?api-version=2021-10-01",
      "RequestMethod": "GET",
      "RequestHeaders": {
        "Authorization": "Sanitized",
        "traceparent": "00-48f628ea58f2fa4e82014b965384017a-7cfd753b14109540-00",
        "User-Agent": "azsdk-net-ResourceManager/1.2.0 (.NET Core 3.1.27; Microsoft Windows 10.0.22000)",
        "x-ms-client-request-id": "cfb2974471e71751b823f9bb277dd844",
        "x-ms-return-client-request-id": "true"
      },
      "RequestBody": null,
      "StatusCode": 200,
      "ResponseHeaders": {
        "Cache-Control": "no-cache",
        "Content-Length": "314",
        "Content-Type": "application/json; charset=utf-8",
        "Date": "Wed, 13 Jul 2022 03:10:09 GMT",
        "Expires": "-1",
        "Pragma": "no-cache",
        "Server": "Kestrel",
        "Strict-Transport-Security": "max-age=31536000; includeSubDomains",
        "X-Content-Type-Options": "nosniff",
        "x-ms-client-request-id": "cfb2974471e71751b823f9bb277dd844",
        "x-ms-correlation-request-id": "ee690f7e-6861-4757-813d-53f79e9c376c",
        "x-ms-ratelimit-remaining-subscription-reads": "11695",
        "x-ms-request-id": "012bbe15-ceaa-41a8-a621-1f4b3edbff0f",
        "x-ms-routing-request-id": "SOUTHEASTASIA:20220713T031009Z:ee690f7e-6861-4757-813d-53f79e9c376c",
        "x-rp-server-mvid": "a240317d-2594-4b08-9f0c-5f370ea616d7"
      },
      "ResponseBody": {
        "id": "/subscriptions/db1ab6f0-4769-4b27-930e-01e2ef9c123c/resourceGroups/WebPubSubRG-296/providers/Microsoft.SignalRService/WebPubSub/webpubsub-1313/operationStatuses/1bd33330-404c-43a5-87fd-4c92a615ca89",
        "name": "1bd33330-404c-43a5-87fd-4c92a615ca89",
        "status": "Running",
        "startTime": "2022-07-13T03:10:07.9499738Z"
      }
    },
    {
      "RequestUri": "https://management.azure.com/subscriptions/db1ab6f0-4769-4b27-930e-01e2ef9c123c/resourceGroups/WebPubSubRG-296/providers/Microsoft.SignalRService/WebPubSub/webpubsub-1313/operationStatuses/1bd33330-404c-43a5-87fd-4c92a615ca89?api-version=2021-10-01",
      "RequestMethod": "GET",
      "RequestHeaders": {
        "Authorization": "Sanitized",
        "traceparent": "00-48f628ea58f2fa4e82014b965384017a-d839bf6c3215134e-00",
        "User-Agent": "azsdk-net-ResourceManager/1.2.0 (.NET Core 3.1.27; Microsoft Windows 10.0.22000)",
        "x-ms-client-request-id": "36fc07f7e2c4679fb99c1c261fca2b82",
        "x-ms-return-client-request-id": "true"
      },
      "RequestBody": null,
      "StatusCode": 200,
      "ResponseHeaders": {
        "Cache-Control": "no-cache",
        "Content-Length": "314",
        "Content-Type": "application/json; charset=utf-8",
        "Date": "Wed, 13 Jul 2022 03:10:10 GMT",
        "Expires": "-1",
        "Pragma": "no-cache",
        "Server": "Kestrel",
        "Strict-Transport-Security": "max-age=31536000; includeSubDomains",
        "X-Content-Type-Options": "nosniff",
        "x-ms-client-request-id": "36fc07f7e2c4679fb99c1c261fca2b82",
        "x-ms-correlation-request-id": "ca265552-a139-4904-b333-45c77ad7da1a",
        "x-ms-ratelimit-remaining-subscription-reads": "11694",
        "x-ms-request-id": "60907c13-041f-4da2-8050-abb55f148c2e",
        "x-ms-routing-request-id": "SOUTHEASTASIA:20220713T031011Z:ca265552-a139-4904-b333-45c77ad7da1a",
        "x-rp-server-mvid": "a240317d-2594-4b08-9f0c-5f370ea616d7"
      },
      "ResponseBody": {
        "id": "/subscriptions/db1ab6f0-4769-4b27-930e-01e2ef9c123c/resourceGroups/WebPubSubRG-296/providers/Microsoft.SignalRService/WebPubSub/webpubsub-1313/operationStatuses/1bd33330-404c-43a5-87fd-4c92a615ca89",
        "name": "1bd33330-404c-43a5-87fd-4c92a615ca89",
        "status": "Running",
        "startTime": "2022-07-13T03:10:07.9499738Z"
      }
    },
    {
      "RequestUri": "https://management.azure.com/subscriptions/db1ab6f0-4769-4b27-930e-01e2ef9c123c/resourceGroups/WebPubSubRG-296/providers/Microsoft.SignalRService/WebPubSub/webpubsub-1313/operationStatuses/1bd33330-404c-43a5-87fd-4c92a615ca89?api-version=2021-10-01",
      "RequestMethod": "GET",
      "RequestHeaders": {
        "Authorization": "Sanitized",
        "traceparent": "00-48f628ea58f2fa4e82014b965384017a-b1efab43f902804f-00",
        "User-Agent": "azsdk-net-ResourceManager/1.2.0 (.NET Core 3.1.27; Microsoft Windows 10.0.22000)",
        "x-ms-client-request-id": "a1da0dcc6b6ea9250a151af654e6535a",
        "x-ms-return-client-request-id": "true"
      },
      "RequestBody": null,
      "StatusCode": 200,
      "ResponseHeaders": {
        "Cache-Control": "no-cache",
        "Content-Length": "314",
        "Content-Type": "application/json; charset=utf-8",
        "Date": "Wed, 13 Jul 2022 03:10:11 GMT",
        "Expires": "-1",
        "Pragma": "no-cache",
        "Server": "Kestrel",
        "Strict-Transport-Security": "max-age=31536000; includeSubDomains",
        "X-Content-Type-Options": "nosniff",
        "x-ms-client-request-id": "a1da0dcc6b6ea9250a151af654e6535a",
        "x-ms-correlation-request-id": "56499b5d-0e13-4719-ad3c-37ea5a906535",
        "x-ms-ratelimit-remaining-subscription-reads": "11693",
        "x-ms-request-id": "66467fa7-7dc8-4eee-909f-f206459c5ed3",
        "x-ms-routing-request-id": "SOUTHEASTASIA:20220713T031012Z:56499b5d-0e13-4719-ad3c-37ea5a906535",
        "x-rp-server-mvid": "a240317d-2594-4b08-9f0c-5f370ea616d7"
      },
      "ResponseBody": {
        "id": "/subscriptions/db1ab6f0-4769-4b27-930e-01e2ef9c123c/resourceGroups/WebPubSubRG-296/providers/Microsoft.SignalRService/WebPubSub/webpubsub-1313/operationStatuses/1bd33330-404c-43a5-87fd-4c92a615ca89",
        "name": "1bd33330-404c-43a5-87fd-4c92a615ca89",
        "status": "Running",
        "startTime": "2022-07-13T03:10:07.9499738Z"
      }
    },
    {
      "RequestUri": "https://management.azure.com/subscriptions/db1ab6f0-4769-4b27-930e-01e2ef9c123c/resourceGroups/WebPubSubRG-296/providers/Microsoft.SignalRService/WebPubSub/webpubsub-1313/operationStatuses/1bd33330-404c-43a5-87fd-4c92a615ca89?api-version=2021-10-01",
      "RequestMethod": "GET",
      "RequestHeaders": {
        "Authorization": "Sanitized",
        "traceparent": "00-48f628ea58f2fa4e82014b965384017a-d8be570901c4be4c-00",
        "User-Agent": "azsdk-net-ResourceManager/1.2.0 (.NET Core 3.1.27; Microsoft Windows 10.0.22000)",
        "x-ms-client-request-id": "4fb07b02ddf261c0f84b154a542bf7ee",
        "x-ms-return-client-request-id": "true"
      },
      "RequestBody": null,
      "StatusCode": 200,
      "ResponseHeaders": {
        "Cache-Control": "no-cache",
        "Content-Length": "314",
        "Content-Type": "application/json; charset=utf-8",
        "Date": "Wed, 13 Jul 2022 03:10:13 GMT",
        "Expires": "-1",
        "Pragma": "no-cache",
        "Server": "Kestrel",
        "Strict-Transport-Security": "max-age=31536000; includeSubDomains",
        "X-Content-Type-Options": "nosniff",
        "x-ms-client-request-id": "4fb07b02ddf261c0f84b154a542bf7ee",
        "x-ms-correlation-request-id": "e884dda5-872b-4801-ba44-db3c3572d504",
        "x-ms-ratelimit-remaining-subscription-reads": "11692",
        "x-ms-request-id": "3e61bdfe-fd75-4cb0-9c38-027e9b2bf81d",
        "x-ms-routing-request-id": "SOUTHEASTASIA:20220713T031014Z:e884dda5-872b-4801-ba44-db3c3572d504",
        "x-rp-server-mvid": "a240317d-2594-4b08-9f0c-5f370ea616d7"
      },
      "ResponseBody": {
        "id": "/subscriptions/db1ab6f0-4769-4b27-930e-01e2ef9c123c/resourceGroups/WebPubSubRG-296/providers/Microsoft.SignalRService/WebPubSub/webpubsub-1313/operationStatuses/1bd33330-404c-43a5-87fd-4c92a615ca89",
        "name": "1bd33330-404c-43a5-87fd-4c92a615ca89",
        "status": "Running",
        "startTime": "2022-07-13T03:10:07.9499738Z"
      }
    },
    {
      "RequestUri": "https://management.azure.com/subscriptions/db1ab6f0-4769-4b27-930e-01e2ef9c123c/resourceGroups/WebPubSubRG-296/providers/Microsoft.SignalRService/WebPubSub/webpubsub-1313/operationStatuses/1bd33330-404c-43a5-87fd-4c92a615ca89?api-version=2021-10-01",
      "RequestMethod": "GET",
      "RequestHeaders": {
        "Authorization": "Sanitized",
        "traceparent": "00-48f628ea58f2fa4e82014b965384017a-b57ca07573996743-00",
        "User-Agent": "azsdk-net-ResourceManager/1.2.0 (.NET Core 3.1.27; Microsoft Windows 10.0.22000)",
        "x-ms-client-request-id": "1aee77f737a38cd6e1522cafc8a812d3",
        "x-ms-return-client-request-id": "true"
      },
      "RequestBody": null,
      "StatusCode": 200,
      "ResponseHeaders": {
        "Cache-Control": "no-cache",
        "Content-Length": "314",
        "Content-Type": "application/json; charset=utf-8",
        "Date": "Wed, 13 Jul 2022 03:10:15 GMT",
        "Expires": "-1",
        "Pragma": "no-cache",
        "Server": "Kestrel",
        "Strict-Transport-Security": "max-age=31536000; includeSubDomains",
        "X-Content-Type-Options": "nosniff",
        "x-ms-client-request-id": "1aee77f737a38cd6e1522cafc8a812d3",
        "x-ms-correlation-request-id": "5fa991bd-ca3c-4c9c-9a56-74cb3f13c961",
        "x-ms-ratelimit-remaining-subscription-reads": "11691",
        "x-ms-request-id": "1a2c5507-9e58-4577-bef2-127ba5f37390",
        "x-ms-routing-request-id": "SOUTHEASTASIA:20220713T031016Z:5fa991bd-ca3c-4c9c-9a56-74cb3f13c961",
        "x-rp-server-mvid": "a240317d-2594-4b08-9f0c-5f370ea616d7"
      },
      "ResponseBody": {
        "id": "/subscriptions/db1ab6f0-4769-4b27-930e-01e2ef9c123c/resourceGroups/WebPubSubRG-296/providers/Microsoft.SignalRService/WebPubSub/webpubsub-1313/operationStatuses/1bd33330-404c-43a5-87fd-4c92a615ca89",
        "name": "1bd33330-404c-43a5-87fd-4c92a615ca89",
        "status": "Running",
        "startTime": "2022-07-13T03:10:07.9499738Z"
      }
    },
    {
      "RequestUri": "https://management.azure.com/subscriptions/db1ab6f0-4769-4b27-930e-01e2ef9c123c/resourceGroups/WebPubSubRG-296/providers/Microsoft.SignalRService/WebPubSub/webpubsub-1313/operationStatuses/1bd33330-404c-43a5-87fd-4c92a615ca89?api-version=2021-10-01",
      "RequestMethod": "GET",
      "RequestHeaders": {
        "Authorization": "Sanitized",
        "traceparent": "00-48f628ea58f2fa4e82014b965384017a-4af91a2b7b641749-00",
        "User-Agent": "azsdk-net-ResourceManager/1.2.0 (.NET Core 3.1.27; Microsoft Windows 10.0.22000)",
        "x-ms-client-request-id": "a423c249dc1aef8f4d78a92255db54de",
        "x-ms-return-client-request-id": "true"
      },
      "RequestBody": null,
      "StatusCode": 200,
      "ResponseHeaders": {
        "Cache-Control": "no-cache",
        "Content-Length": "314",
        "Content-Type": "application/json; charset=utf-8",
        "Date": "Wed, 13 Jul 2022 03:10:20 GMT",
        "Expires": "-1",
        "Pragma": "no-cache",
        "Server": "Kestrel",
        "Strict-Transport-Security": "max-age=31536000; includeSubDomains",
        "X-Content-Type-Options": "nosniff",
        "x-ms-client-request-id": "a423c249dc1aef8f4d78a92255db54de",
        "x-ms-correlation-request-id": "9b9af5bc-6358-4287-a258-ea6850695eaf",
        "x-ms-ratelimit-remaining-subscription-reads": "11690",
        "x-ms-request-id": "94bc4ada-0f8a-417d-b044-13029dd75fc2",
        "x-ms-routing-request-id": "SOUTHEASTASIA:20220713T031021Z:9b9af5bc-6358-4287-a258-ea6850695eaf",
        "x-rp-server-mvid": "a240317d-2594-4b08-9f0c-5f370ea616d7"
      },
      "ResponseBody": {
        "id": "/subscriptions/db1ab6f0-4769-4b27-930e-01e2ef9c123c/resourceGroups/WebPubSubRG-296/providers/Microsoft.SignalRService/WebPubSub/webpubsub-1313/operationStatuses/1bd33330-404c-43a5-87fd-4c92a615ca89",
        "name": "1bd33330-404c-43a5-87fd-4c92a615ca89",
        "status": "Running",
        "startTime": "2022-07-13T03:10:07.9499738Z"
      }
    },
    {
      "RequestUri": "https://management.azure.com/subscriptions/db1ab6f0-4769-4b27-930e-01e2ef9c123c/resourceGroups/WebPubSubRG-296/providers/Microsoft.SignalRService/WebPubSub/webpubsub-1313/operationStatuses/1bd33330-404c-43a5-87fd-4c92a615ca89?api-version=2021-10-01",
      "RequestMethod": "GET",
      "RequestHeaders": {
        "Authorization": "Sanitized",
        "traceparent": "00-48f628ea58f2fa4e82014b965384017a-ef21524807144d46-00",
        "User-Agent": "azsdk-net-ResourceManager/1.2.0 (.NET Core 3.1.27; Microsoft Windows 10.0.22000)",
        "x-ms-client-request-id": "ddfe2b1d39f7cbb7a5246d9fb0109950",
        "x-ms-return-client-request-id": "true"
      },
      "RequestBody": null,
      "StatusCode": 200,
      "ResponseHeaders": {
        "Cache-Control": "no-cache",
        "Content-Length": "314",
        "Content-Type": "application/json; charset=utf-8",
        "Date": "Wed, 13 Jul 2022 03:10:29 GMT",
        "Expires": "-1",
        "Pragma": "no-cache",
        "Server": "Kestrel",
        "Strict-Transport-Security": "max-age=31536000; includeSubDomains",
        "X-Content-Type-Options": "nosniff",
        "x-ms-client-request-id": "ddfe2b1d39f7cbb7a5246d9fb0109950",
        "x-ms-correlation-request-id": "04b70485-9aeb-4e01-a2bd-c3d10f7f3e13",
        "x-ms-ratelimit-remaining-subscription-reads": "11689",
        "x-ms-request-id": "0ee446b4-a383-4b33-b71c-76a40fd8cef1",
        "x-ms-routing-request-id": "SOUTHEASTASIA:20220713T031029Z:04b70485-9aeb-4e01-a2bd-c3d10f7f3e13",
        "x-rp-server-mvid": "a240317d-2594-4b08-9f0c-5f370ea616d7"
      },
      "ResponseBody": {
        "id": "/subscriptions/db1ab6f0-4769-4b27-930e-01e2ef9c123c/resourceGroups/WebPubSubRG-296/providers/Microsoft.SignalRService/WebPubSub/webpubsub-1313/operationStatuses/1bd33330-404c-43a5-87fd-4c92a615ca89",
        "name": "1bd33330-404c-43a5-87fd-4c92a615ca89",
        "status": "Running",
        "startTime": "2022-07-13T03:10:07.9499738Z"
      }
    },
    {
      "RequestUri": "https://management.azure.com/subscriptions/db1ab6f0-4769-4b27-930e-01e2ef9c123c/resourceGroups/WebPubSubRG-296/providers/Microsoft.SignalRService/WebPubSub/webpubsub-1313/operationStatuses/1bd33330-404c-43a5-87fd-4c92a615ca89?api-version=2021-10-01",
      "RequestMethod": "GET",
      "RequestHeaders": {
        "Authorization": "Sanitized",
        "traceparent": "00-48f628ea58f2fa4e82014b965384017a-05e9a0c6d22d494f-00",
        "User-Agent": "azsdk-net-ResourceManager/1.2.0 (.NET Core 3.1.27; Microsoft Windows 10.0.22000)",
        "x-ms-client-request-id": "9201423852081bd3e7ffcc2a8db33606",
        "x-ms-return-client-request-id": "true"
      },
      "RequestBody": null,
      "StatusCode": 200,
      "ResponseHeaders": {
        "Cache-Control": "no-cache",
        "Content-Length": "314",
        "Content-Type": "application/json; charset=utf-8",
        "Date": "Wed, 13 Jul 2022 03:10:46 GMT",
        "Expires": "-1",
        "Pragma": "no-cache",
        "Server": "Kestrel",
        "Strict-Transport-Security": "max-age=31536000; includeSubDomains",
        "X-Content-Type-Options": "nosniff",
        "x-ms-client-request-id": "9201423852081bd3e7ffcc2a8db33606",
        "x-ms-correlation-request-id": "10d9b1bb-d694-4f53-ba5d-8a3961712da3",
        "x-ms-ratelimit-remaining-subscription-reads": "11688",
        "x-ms-request-id": "5c347ee3-6191-4fe6-ba0a-8a6ff4ea49a1",
        "x-ms-routing-request-id": "SOUTHEASTASIA:20220713T031046Z:10d9b1bb-d694-4f53-ba5d-8a3961712da3",
        "x-rp-server-mvid": "a240317d-2594-4b08-9f0c-5f370ea616d7"
      },
      "ResponseBody": {
        "id": "/subscriptions/db1ab6f0-4769-4b27-930e-01e2ef9c123c/resourceGroups/WebPubSubRG-296/providers/Microsoft.SignalRService/WebPubSub/webpubsub-1313/operationStatuses/1bd33330-404c-43a5-87fd-4c92a615ca89",
        "name": "1bd33330-404c-43a5-87fd-4c92a615ca89",
        "status": "Running",
        "startTime": "2022-07-13T03:10:07.9499738Z"
      }
    },
    {
      "RequestUri": "https://management.azure.com/subscriptions/db1ab6f0-4769-4b27-930e-01e2ef9c123c/resourceGroups/WebPubSubRG-296/providers/Microsoft.SignalRService/WebPubSub/webpubsub-1313/operationStatuses/1bd33330-404c-43a5-87fd-4c92a615ca89?api-version=2021-10-01",
      "RequestMethod": "GET",
      "RequestHeaders": {
        "Authorization": "Sanitized",
        "traceparent": "00-48f628ea58f2fa4e82014b965384017a-c52277bf16c31e4f-00",
        "User-Agent": "azsdk-net-ResourceManager/1.2.0 (.NET Core 3.1.27; Microsoft Windows 10.0.22000)",
        "x-ms-client-request-id": "9c914dfd35aa0fdb0b57fff56eef3e3c",
        "x-ms-return-client-request-id": "true"
      },
      "RequestBody": null,
      "StatusCode": 200,
      "ResponseHeaders": {
        "Cache-Control": "no-cache",
        "Content-Length": "357",
        "Content-Type": "application/json; charset=utf-8",
        "Date": "Wed, 13 Jul 2022 03:11:18 GMT",
        "Expires": "-1",
        "Pragma": "no-cache",
        "Server": "Kestrel",
        "Strict-Transport-Security": "max-age=31536000; includeSubDomains",
        "X-Content-Type-Options": "nosniff",
        "x-ms-client-request-id": "9c914dfd35aa0fdb0b57fff56eef3e3c",
        "x-ms-correlation-request-id": "1a774a54-114b-47ef-81df-38b6eefdd20b",
        "x-ms-ratelimit-remaining-subscription-reads": "11687",
        "x-ms-request-id": "ea14c907-8952-40d3-97f5-47a997ed205e",
        "x-ms-routing-request-id": "SOUTHEASTASIA:20220713T031118Z:1a774a54-114b-47ef-81df-38b6eefdd20b",
        "x-rp-server-mvid": "a240317d-2594-4b08-9f0c-5f370ea616d7"
      },
      "ResponseBody": {
        "id": "/subscriptions/db1ab6f0-4769-4b27-930e-01e2ef9c123c/resourceGroups/WebPubSubRG-296/providers/Microsoft.SignalRService/WebPubSub/webpubsub-1313/operationStatuses/1bd33330-404c-43a5-87fd-4c92a615ca89",
        "name": "1bd33330-404c-43a5-87fd-4c92a615ca89",
        "status": "Succeeded",
        "startTime": "2022-07-13T03:10:07.9499738Z",
        "endTime": "2022-07-13T03:11:08.7369564Z"
      }
    },
    {
      "RequestUri": "https://management.azure.com/subscriptions/db1ab6f0-4769-4b27-930e-01e2ef9c123c/resourceGroups/WebPubSubRG-296/providers/Microsoft.SignalRService/webPubSub/webpubsub-1313?api-version=2021-10-01",
      "RequestMethod": "GET",
      "RequestHeaders": {
        "Authorization": "Sanitized",
        "traceparent": "00-48f628ea58f2fa4e82014b965384017a-1c4d80e67263c440-00",
        "User-Agent": "azsdk-net-ResourceManager/1.2.0 (.NET Core 3.1.27; Microsoft Windows 10.0.22000)",
        "x-ms-client-request-id": "12ea59dfc2d9cbd658e2f5f76d8c3df1",
        "x-ms-return-client-request-id": "true"
      },
      "RequestBody": null,
      "StatusCode": 200,
      "ResponseHeaders": {
        "Cache-Control": "no-cache",
        "Content-Length": "1275",
        "Content-Type": "application/json; charset=utf-8",
        "Date": "Wed, 13 Jul 2022 03:11:19 GMT",
        "Expires": "-1",
        "Pragma": "no-cache",
        "Server": "Kestrel",
        "Strict-Transport-Security": "max-age=31536000; includeSubDomains",
        "X-Content-Type-Options": "nosniff",
        "x-ms-client-request-id": "12ea59dfc2d9cbd658e2f5f76d8c3df1",
        "x-ms-correlation-request-id": "950eebb4-057a-4103-ba12-556459f3b7ff",
        "x-ms-ratelimit-remaining-subscription-reads": "11686",
        "x-ms-request-id": "8c8437bb-ce53-4e28-9719-db5c862df194",
        "x-ms-routing-request-id": "SOUTHEASTASIA:20220713T031119Z:950eebb4-057a-4103-ba12-556459f3b7ff",
        "x-rp-server-mvid": "a240317d-2594-4b08-9f0c-5f370ea616d7"
      },
      "ResponseBody": {
        "sku": {
          "name": "Standard_S1",
          "tier": "Standard",
          "size": "S1",
          "capacity": 1
        },
        "properties": {
          "provisioningState": "Succeeded",
          "externalIP": "20.51.13.39",
          "hostName": "webpubsub-1313.webpubsub.azure.com",
          "publicPort": 443,
          "serverPort": 443,
          "version": "1.0",
          "privateEndpointConnections": [],
          "sharedPrivateLinkResources": [],
          "tls": {
            "clientCertEnabled": false
          },
          "hostNamePrefix": "webpubsub-1313",
          "liveTraceConfiguration": {
            "enabled": "true",
            "categories": [
              {
                "name": "category-01",
                "enabled": "true"
              }
            ]
          },
          "resourceLogConfiguration": {
            "categories": [
              {
                "name": "category1",
                "enabled": "false"
              }
            ]
          },
          "networkACLs": {
            "defaultAction": "Deny",
            "publicNetwork": {
              "allow": [],
              "deny": [
                "RESTAPI"
              ]
            },
            "privateEndpoints": []
          },
          "publicNetworkAccess": "Enabled",
          "disableLocalAuth": false,
          "disableAadAuth": false
        },
        "systemData": {
          "createdBy": "8e6d47e0-7969-4fde-a62c-4fea4f165e98",
          "createdByType": "Application",
          "createdAt": "2022-07-13T03:10:06.8012837Z",
          "lastModifiedBy": "8e6d47e0-7969-4fde-a62c-4fea4f165e98",
          "lastModifiedByType": "Application",
          "lastModifiedAt": "2022-07-13T03:10:06.8012837Z"
        },
        "location": "westus2",
        "tags": {},
        "id": "/subscriptions/db1ab6f0-4769-4b27-930e-01e2ef9c123c/resourceGroups/WebPubSubRG-296/providers/Microsoft.SignalRService/WebPubSub/webpubsub-1313",
        "name": "webpubsub-1313",
        "type": "Microsoft.SignalRService/WebPubSub"
      }
    },
    {
      "RequestUri": "https://management.azure.com/subscriptions/db1ab6f0-4769-4b27-930e-01e2ef9c123c/resourceGroups/WebPubSubRG-296/providers/Microsoft.SignalRService/webPubSub/webpubsub-1313?api-version=2021-10-01",
      "RequestMethod": "DELETE",
      "RequestHeaders": {
        "Accept": "application/json",
        "Authorization": "Sanitized",
        "traceparent": "00-48fb3778bf4a2e4ba7bb7e6040c5d716-059a49250f251647-00",
        "User-Agent": "azsdk-net-ResourceManager.WebPubSub/1.0.0-alpha.20220713.1 (.NET Core 3.1.27; Microsoft Windows 10.0.22000)",
        "x-ms-client-request-id": "63a266edfc7f03a567f187b052ddacf8",
        "x-ms-return-client-request-id": "true"
      },
      "RequestBody": null,
      "StatusCode": 204,
      "ResponseHeaders": {
        "Cache-Control": "no-cache",
        "Date": "Wed, 13 Jul 2022 03:11:21 GMT",
        "Expires": "-1",
        "Pragma": "no-cache",
        "Server": "Kestrel",
        "Strict-Transport-Security": "max-age=31536000; includeSubDomains",
        "X-Content-Type-Options": "nosniff",
        "x-ms-client-request-id": "63a266edfc7f03a567f187b052ddacf8",
        "x-ms-correlation-request-id": "717d7d0c-b225-435d-a8ec-a83cc5499e8c",
        "x-ms-ratelimit-remaining-subscription-deletes": "14984",
        "x-ms-request-id": "e4af023b-a6e6-425d-b13d-ed056af88d2e",
        "x-ms-routing-request-id": "SOUTHEASTASIA:20220713T031122Z:717d7d0c-b225-435d-a8ec-a83cc5499e8c",
        "x-rp-server-mvid": "a240317d-2594-4b08-9f0c-5f370ea616d7"
      },
      "ResponseBody": null
    },
    {
      "RequestUri": "https://management.azure.com/subscriptions/db1ab6f0-4769-4b27-930e-01e2ef9c123c/resourceGroups/WebPubSubRG-296/providers/Microsoft.SignalRService/webPubSub?api-version=2021-10-01",
      "RequestMethod": "GET",
      "RequestHeaders": {
        "Accept": "application/json",
        "Authorization": "Sanitized",
        "traceparent": "00-9c4e94f0ac6ba84b9bda36c66e15efa8-0547034d6c836a48-00",
        "User-Agent": "azsdk-net-ResourceManager.WebPubSub/1.0.0-alpha.20220713.1 (.NET Core 3.1.27; Microsoft Windows 10.0.22000)",
        "x-ms-client-request-id": "08080d19da4de3bdb3e6abe83a26787a",
        "x-ms-return-client-request-id": "true"
      },
      "RequestBody": null,
      "StatusCode": 200,
      "ResponseHeaders": {
        "Cache-Control": "no-cache",
        "Content-Length": "12",
        "Content-Type": "application/json; charset=utf-8",
        "Date": "Wed, 13 Jul 2022 03:11:21 GMT",
        "Expires": "-1",
        "Pragma": "no-cache",
        "Strict-Transport-Security": "max-age=31536000; includeSubDomains",
        "X-Content-Type-Options": "nosniff",
        "x-ms-correlation-request-id": "ba9c94e3-c823-4282-8455-b8bf86ef3c80",
        "x-ms-ratelimit-remaining-subscription-reads": "11685",
        "x-ms-request-id": "ba9c94e3-c823-4282-8455-b8bf86ef3c80",
        "x-ms-routing-request-id": "SOUTHEASTASIA:20220713T031122Z:ba9c94e3-c823-4282-8455-b8bf86ef3c80"
      },
      "ResponseBody": {
        "value": []
      }
    }
  ],
  "Variables": {
    "AZURE_AUTHORITY_HOST": "https://login.microsoftonline.com",
    "RandomSeed": "1569150931",
    "RESOURCE_MANAGER_URL": null,
    "SUBSCRIPTION_ID": "db1ab6f0-4769-4b27-930e-01e2ef9c123c"
  }
}
