{
  "Entries": [
    {
      "RequestUri": "https://management.azure.com/subscriptions/db1ab6f0-4769-4b27-930e-01e2ef9c123c/resourcegroups/WebPubSubRG-9802?api-version=2019-10-01",
      "RequestMethod": "GET",
      "RequestHeaders": {
        "Accept": "application/json",
        "Authorization": "Sanitized",
        "traceparent": "00-031247251155a34f88aaf5bcb2c0f7e4-5fb9f3ba9d00d74f-00",
        "User-Agent": "azsdk-net-ResourceManager/1.0.0-alpha.20211203.1 (.NET Core 3.1.21; Microsoft Windows 10.0.22000)",
        "x-ms-client-request-id": "1efecd2054a46dea0f2d7551e4e24789",
        "x-ms-return-client-request-id": "true"
      },
      "RequestBody": null,
      "StatusCode": 200,
      "ResponseHeaders": {
        "Cache-Control": "no-cache",
        "Content-Length": "230",
        "Content-Type": "application/json; charset=utf-8",
        "Date": "Mon, 13 Dec 2021 08:46:10 GMT",
        "Expires": "-1",
        "Pragma": "no-cache",
        "Strict-Transport-Security": "max-age=31536000; includeSubDomains",
        "X-Content-Type-Options": "nosniff",
        "x-ms-correlation-request-id": "24d3be7e-d00c-4635-87dd-35314dc3ba87",
        "x-ms-ratelimit-remaining-subscription-reads": "11866",
        "x-ms-request-id": "24d3be7e-d00c-4635-87dd-35314dc3ba87",
        "x-ms-routing-request-id": "SOUTHEASTASIA:20211213T084611Z:24d3be7e-d00c-4635-87dd-35314dc3ba87"
      },
      "ResponseBody": {
        "id": "/subscriptions/db1ab6f0-4769-4b27-930e-01e2ef9c123c/resourceGroups/WebPubSubRG-9802",
        "name": "WebPubSubRG-9802",
        "type": "Microsoft.Resources/resourceGroups",
        "location": "westus2",
        "properties": {
          "provisioningState": "Succeeded"
        }
      }
    },
    {
      "RequestUri": "https://management.azure.com/subscriptions/db1ab6f0-4769-4b27-930e-01e2ef9c123c/resourceGroups/WebPubSubRG-9802/providers/Microsoft.SignalRService/webPubSub/webpubsub-1075?api-version=2021-10-01",
      "RequestMethod": "PUT",
      "RequestHeaders": {
        "Accept": "application/json",
        "Authorization": "Sanitized",
        "Content-Length": "367",
        "Content-Type": "application/json",
        "User-Agent": "azsdk-net-ResourceManager.WebPubSub/1.0.0-alpha.20211213.1 (.NET Core 3.1.21; Microsoft Windows 10.0.22000)",
        "x-ms-client-request-id": "32e38bbae6e55d03568002898b87ea11",
        "x-ms-return-client-request-id": "true"
      },
      "RequestBody": {
        "sku": {
          "name": "Standard_S1"
        },
        "tags": {},
        "location": "westus2",
        "properties": {
          "liveTraceConfiguration": {
            "enabled": "true",
            "categories": [
              {
                "name": "category-01",
                "enabled": "true"
              }
            ]
          },
          "resourceLogConfiguration": {
            "categories": [
              {
                "name": "category1",
                "enabled": "false"
              }
            ]
          },
          "networkACLs": {
            "defaultAction": "Deny",
            "publicNetwork": {
              "allow": [],
              "deny": [
                "RESTAPI"
              ]
            },
            "privateEndpoints": []
          }
        }
      },
      "StatusCode": 201,
      "ResponseHeaders": {
        "Azure-AsyncOperation": "https://management.azure.com/subscriptions/db1ab6f0-4769-4b27-930e-01e2ef9c123c/resourceGroups/WebPubSubRG-9802/providers/Microsoft.SignalRService/WebPubSub/webpubsub-1075/operationStatuses/5bf27741-87cd-4f76-a608-925018c80cf5?api-version=2021-10-01",
        "Cache-Control": "no-cache",
        "Content-Length": "1274",
        "Content-Type": "application/json; charset=utf-8",
        "Date": "Mon, 13 Dec 2021 08:46:15 GMT",
        "Expires": "-1",
        "Location": "https://management.azure.com/subscriptions/db1ab6f0-4769-4b27-930e-01e2ef9c123c/resourceGroups/WebPubSubRG-9802/providers/Microsoft.SignalRService/WebPubSub/webpubsub-1075/operationResults/5bf27741-87cd-4f76-a608-925018c80cf5?api-version=2021-10-01",
        "Pragma": "no-cache",
        "Server": "Kestrel",
        "Strict-Transport-Security": "max-age=31536000; includeSubDomains",
        "X-Content-Type-Options": "nosniff",
        "x-ms-client-request-id": "32e38bbae6e55d03568002898b87ea11",
        "x-ms-correlation-request-id": "d5e1b562-68d8-4eca-8ed8-c30b7793c8e1",
        "x-ms-ratelimit-remaining-subscription-writes": "1196",
        "x-ms-request-id": "9a73d08b-6a80-407d-a455-661119bbcbd2",
        "x-ms-routing-request-id": "SOUTHEASTASIA:20211213T084615Z:d5e1b562-68d8-4eca-8ed8-c30b7793c8e1",
        "x-rp-server-mvid": "7cfc81e1-e072-4b1a-9508-47935e96f667"
      },
      "ResponseBody": {
        "sku": {
          "name": "Standard_S1",
          "tier": "Standard",
          "size": "S1",
          "capacity": 1
        },
        "properties": {
          "provisioningState": "Creating",
          "externalIP": null,
          "hostName": "webpubsub-1075.webpubsub.azure.com",
          "publicPort": 443,
          "serverPort": 443,
          "version": "1.0-preview",
          "privateEndpointConnections": [],
          "sharedPrivateLinkResources": [],
          "tls": {
            "clientCertEnabled": false
          },
          "hostNamePrefix": "webpubsub-1075",
          "liveTraceConfiguration": {
            "enabled": "true",
            "categories": [
              {
                "name": "category-01",
                "enabled": "true"
              }
            ]
          },
          "resourceLogConfiguration": {
            "categories": [
              {
                "name": "category1",
                "enabled": "false"
              }
            ]
          },
          "networkACLs": {
            "defaultAction": "Deny",
            "publicNetwork": {
              "allow": [],
              "deny": [
                "RESTAPI"
              ]
            },
            "privateEndpoints": []
          },
          "publicNetworkAccess": "Enabled",
          "disableLocalAuth": false,
          "disableAadAuth": false
        },
        "systemData": {
          "createdBy": "8e6d47e0-7969-4fde-a62c-4fea4f165e98",
          "createdByType": "Application",
          "createdAt": "2021-12-13T08:46:13.2044943Z",
          "lastModifiedBy": "8e6d47e0-7969-4fde-a62c-4fea4f165e98",
          "lastModifiedByType": "Application",
          "lastModifiedAt": "2021-12-13T08:46:13.2044943Z"
        },
        "location": "westus2",
        "tags": {},
        "id": "/subscriptions/db1ab6f0-4769-4b27-930e-01e2ef9c123c/resourceGroups/WebPubSubRG-9802/providers/Microsoft.SignalRService/WebPubSub/webpubsub-1075",
        "name": "webpubsub-1075",
        "type": "Microsoft.SignalRService/WebPubSub"
      }
    },
    {
      "RequestUri": "https://management.azure.com/subscriptions/db1ab6f0-4769-4b27-930e-01e2ef9c123c/resourceGroups/WebPubSubRG-9802/providers/Microsoft.SignalRService/WebPubSub/webpubsub-1075/operationStatuses/5bf27741-87cd-4f76-a608-925018c80cf5?api-version=2021-10-01",
      "RequestMethod": "GET",
      "RequestHeaders": {
        "Authorization": "Sanitized",
        "User-Agent": "azsdk-net-ResourceManager/1.0.0-alpha.20211203.1 (.NET Core 3.1.21; Microsoft Windows 10.0.22000)",
        "x-ms-client-request-id": "1f4f1c062575e73afbc04dd3e7e384a6",
        "x-ms-return-client-request-id": "true"
      },
      "RequestBody": null,
      "StatusCode": 200,
      "ResponseHeaders": {
        "Cache-Control": "no-cache",
        "Content-Length": "315",
        "Content-Type": "application/json; charset=utf-8",
        "Date": "Mon, 13 Dec 2021 08:46:15 GMT",
        "Expires": "-1",
        "Pragma": "no-cache",
        "Server": "Kestrel",
        "Strict-Transport-Security": "max-age=31536000; includeSubDomains",
        "X-Content-Type-Options": "nosniff",
        "x-ms-client-request-id": "1f4f1c062575e73afbc04dd3e7e384a6",
        "x-ms-correlation-request-id": "673c9c99-9197-4173-ae88-0329d8f4ae24",
        "x-ms-ratelimit-remaining-subscription-reads": "11865",
        "x-ms-request-id": "8cdb04f2-e2a4-40df-bbb8-c0f1a613c028",
        "x-ms-routing-request-id": "SOUTHEASTASIA:20211213T084615Z:673c9c99-9197-4173-ae88-0329d8f4ae24",
        "x-rp-server-mvid": "7cfc81e1-e072-4b1a-9508-47935e96f667"
      },
      "ResponseBody": {
        "id": "/subscriptions/db1ab6f0-4769-4b27-930e-01e2ef9c123c/resourceGroups/WebPubSubRG-9802/providers/Microsoft.SignalRService/WebPubSub/webpubsub-1075/operationStatuses/5bf27741-87cd-4f76-a608-925018c80cf5",
        "name": "5bf27741-87cd-4f76-a608-925018c80cf5",
        "status": "Running",
        "startTime": "2021-12-13T08:46:13.8346349Z"
      }
    },
    {
      "RequestUri": "https://management.azure.com/subscriptions/db1ab6f0-4769-4b27-930e-01e2ef9c123c/resourceGroups/WebPubSubRG-9802/providers/Microsoft.SignalRService/WebPubSub/webpubsub-1075/operationStatuses/5bf27741-87cd-4f76-a608-925018c80cf5?api-version=2021-10-01",
      "RequestMethod": "GET",
      "RequestHeaders": {
        "Authorization": "Sanitized",
        "User-Agent": "azsdk-net-ResourceManager/1.0.0-alpha.20211203.1 (.NET Core 3.1.21; Microsoft Windows 10.0.22000)",
        "x-ms-client-request-id": "56893f8b51f802e6b53d6355622d9519",
        "x-ms-return-client-request-id": "true"
      },
      "RequestBody": null,
      "StatusCode": 200,
      "ResponseHeaders": {
        "Cache-Control": "no-cache",
        "Content-Length": "315",
        "Content-Type": "application/json; charset=utf-8",
        "Date": "Mon, 13 Dec 2021 08:46:16 GMT",
        "Expires": "-1",
        "Pragma": "no-cache",
        "Server": "Kestrel",
        "Strict-Transport-Security": "max-age=31536000; includeSubDomains",
        "X-Content-Type-Options": "nosniff",
        "x-ms-client-request-id": "56893f8b51f802e6b53d6355622d9519",
        "x-ms-correlation-request-id": "0a8cbf12-6f7f-4fb0-8d35-483dec1a63fb",
        "x-ms-ratelimit-remaining-subscription-reads": "11864",
        "x-ms-request-id": "03bff868-0e7e-42d2-81d1-6f6a0c4990f7",
        "x-ms-routing-request-id": "SOUTHEASTASIA:20211213T084616Z:0a8cbf12-6f7f-4fb0-8d35-483dec1a63fb",
        "x-rp-server-mvid": "7cfc81e1-e072-4b1a-9508-47935e96f667"
      },
      "ResponseBody": {
        "id": "/subscriptions/db1ab6f0-4769-4b27-930e-01e2ef9c123c/resourceGroups/WebPubSubRG-9802/providers/Microsoft.SignalRService/WebPubSub/webpubsub-1075/operationStatuses/5bf27741-87cd-4f76-a608-925018c80cf5",
        "name": "5bf27741-87cd-4f76-a608-925018c80cf5",
        "status": "Running",
        "startTime": "2021-12-13T08:46:13.8346349Z"
      }
    },
    {
      "RequestUri": "https://management.azure.com/subscriptions/db1ab6f0-4769-4b27-930e-01e2ef9c123c/resourceGroups/WebPubSubRG-9802/providers/Microsoft.SignalRService/WebPubSub/webpubsub-1075/operationStatuses/5bf27741-87cd-4f76-a608-925018c80cf5?api-version=2021-10-01",
      "RequestMethod": "GET",
      "RequestHeaders": {
        "Authorization": "Sanitized",
        "User-Agent": "azsdk-net-ResourceManager/1.0.0-alpha.20211203.1 (.NET Core 3.1.21; Microsoft Windows 10.0.22000)",
        "x-ms-client-request-id": "6e8224a6ca38359c51673ddb6902beeb",
        "x-ms-return-client-request-id": "true"
      },
      "RequestBody": null,
      "StatusCode": 200,
      "ResponseHeaders": {
        "Cache-Control": "no-cache",
        "Content-Length": "315",
        "Content-Type": "application/json; charset=utf-8",
        "Date": "Mon, 13 Dec 2021 08:46:18 GMT",
        "Expires": "-1",
        "Pragma": "no-cache",
        "Server": "Kestrel",
        "Strict-Transport-Security": "max-age=31536000; includeSubDomains",
        "X-Content-Type-Options": "nosniff",
        "x-ms-client-request-id": "6e8224a6ca38359c51673ddb6902beeb",
        "x-ms-correlation-request-id": "3b43ba90-264d-43a7-b1d1-0802aa61d01c",
        "x-ms-ratelimit-remaining-subscription-reads": "11863",
        "x-ms-request-id": "c7d35283-671a-49a6-9bc1-79423254ffb2",
        "x-ms-routing-request-id": "SOUTHEASTASIA:20211213T084618Z:3b43ba90-264d-43a7-b1d1-0802aa61d01c",
        "x-rp-server-mvid": "7cfc81e1-e072-4b1a-9508-47935e96f667"
      },
      "ResponseBody": {
        "id": "/subscriptions/db1ab6f0-4769-4b27-930e-01e2ef9c123c/resourceGroups/WebPubSubRG-9802/providers/Microsoft.SignalRService/WebPubSub/webpubsub-1075/operationStatuses/5bf27741-87cd-4f76-a608-925018c80cf5",
        "name": "5bf27741-87cd-4f76-a608-925018c80cf5",
        "status": "Running",
        "startTime": "2021-12-13T08:46:13.8346349Z"
      }
    },
    {
      "RequestUri": "https://management.azure.com/subscriptions/db1ab6f0-4769-4b27-930e-01e2ef9c123c/resourceGroups/WebPubSubRG-9802/providers/Microsoft.SignalRService/WebPubSub/webpubsub-1075/operationStatuses/5bf27741-87cd-4f76-a608-925018c80cf5?api-version=2021-10-01",
      "RequestMethod": "GET",
      "RequestHeaders": {
        "Authorization": "Sanitized",
        "User-Agent": "azsdk-net-ResourceManager/1.0.0-alpha.20211203.1 (.NET Core 3.1.21; Microsoft Windows 10.0.22000)",
        "x-ms-client-request-id": "894add0a84b2b5e5354c6938c1e485cd",
        "x-ms-return-client-request-id": "true"
      },
      "RequestBody": null,
      "StatusCode": 200,
      "ResponseHeaders": {
        "Cache-Control": "no-cache",
        "Content-Length": "315",
        "Content-Type": "application/json; charset=utf-8",
        "Date": "Mon, 13 Dec 2021 08:46:19 GMT",
        "Expires": "-1",
        "Pragma": "no-cache",
        "Server": "Kestrel",
        "Strict-Transport-Security": "max-age=31536000; includeSubDomains",
        "X-Content-Type-Options": "nosniff",
        "x-ms-client-request-id": "894add0a84b2b5e5354c6938c1e485cd",
        "x-ms-correlation-request-id": "ecbae991-2778-4e8c-8491-328f433e587b",
        "x-ms-ratelimit-remaining-subscription-reads": "11862",
        "x-ms-request-id": "48b41d84-2d2e-4d11-b0fe-e0084aec68b2",
        "x-ms-routing-request-id": "SOUTHEASTASIA:20211213T084619Z:ecbae991-2778-4e8c-8491-328f433e587b",
        "x-rp-server-mvid": "7cfc81e1-e072-4b1a-9508-47935e96f667"
      },
      "ResponseBody": {
        "id": "/subscriptions/db1ab6f0-4769-4b27-930e-01e2ef9c123c/resourceGroups/WebPubSubRG-9802/providers/Microsoft.SignalRService/WebPubSub/webpubsub-1075/operationStatuses/5bf27741-87cd-4f76-a608-925018c80cf5",
        "name": "5bf27741-87cd-4f76-a608-925018c80cf5",
        "status": "Running",
        "startTime": "2021-12-13T08:46:13.8346349Z"
      }
    },
    {
      "RequestUri": "https://management.azure.com/subscriptions/db1ab6f0-4769-4b27-930e-01e2ef9c123c/resourceGroups/WebPubSubRG-9802/providers/Microsoft.SignalRService/WebPubSub/webpubsub-1075/operationStatuses/5bf27741-87cd-4f76-a608-925018c80cf5?api-version=2021-10-01",
      "RequestMethod": "GET",
      "RequestHeaders": {
        "Authorization": "Sanitized",
        "User-Agent": "azsdk-net-ResourceManager/1.0.0-alpha.20211203.1 (.NET Core 3.1.21; Microsoft Windows 10.0.22000)",
        "x-ms-client-request-id": "c22d342b1660c06da3540491130b98b3",
        "x-ms-return-client-request-id": "true"
      },
      "RequestBody": null,
      "StatusCode": 200,
      "ResponseHeaders": {
        "Cache-Control": "no-cache",
        "Content-Length": "315",
        "Content-Type": "application/json; charset=utf-8",
        "Date": "Mon, 13 Dec 2021 08:46:20 GMT",
        "Expires": "-1",
        "Pragma": "no-cache",
        "Server": "Kestrel",
        "Strict-Transport-Security": "max-age=31536000; includeSubDomains",
        "X-Content-Type-Options": "nosniff",
        "x-ms-client-request-id": "c22d342b1660c06da3540491130b98b3",
        "x-ms-correlation-request-id": "197d37f1-02e5-4a92-aede-9964286a6c84",
        "x-ms-ratelimit-remaining-subscription-reads": "11861",
        "x-ms-request-id": "eed31452-b7b6-4385-ac02-78dfd1aeb05a",
        "x-ms-routing-request-id": "SOUTHEASTASIA:20211213T084620Z:197d37f1-02e5-4a92-aede-9964286a6c84",
        "x-rp-server-mvid": "7cfc81e1-e072-4b1a-9508-47935e96f667"
      },
      "ResponseBody": {
        "id": "/subscriptions/db1ab6f0-4769-4b27-930e-01e2ef9c123c/resourceGroups/WebPubSubRG-9802/providers/Microsoft.SignalRService/WebPubSub/webpubsub-1075/operationStatuses/5bf27741-87cd-4f76-a608-925018c80cf5",
        "name": "5bf27741-87cd-4f76-a608-925018c80cf5",
        "status": "Running",
        "startTime": "2021-12-13T08:46:13.8346349Z"
      }
    },
    {
      "RequestUri": "https://management.azure.com/subscriptions/db1ab6f0-4769-4b27-930e-01e2ef9c123c/resourceGroups/WebPubSubRG-9802/providers/Microsoft.SignalRService/WebPubSub/webpubsub-1075/operationStatuses/5bf27741-87cd-4f76-a608-925018c80cf5?api-version=2021-10-01",
      "RequestMethod": "GET",
      "RequestHeaders": {
        "Authorization": "Sanitized",
        "User-Agent": "azsdk-net-ResourceManager/1.0.0-alpha.20211203.1 (.NET Core 3.1.21; Microsoft Windows 10.0.22000)",
        "x-ms-client-request-id": "844b787e0ce321663fcd38eb6164736d",
        "x-ms-return-client-request-id": "true"
      },
      "RequestBody": null,
      "StatusCode": 200,
      "ResponseHeaders": {
        "Cache-Control": "no-cache",
        "Content-Length": "315",
        "Content-Type": "application/json; charset=utf-8",
        "Date": "Mon, 13 Dec 2021 08:46:21 GMT",
        "Expires": "-1",
        "Pragma": "no-cache",
        "Server": "Kestrel",
        "Strict-Transport-Security": "max-age=31536000; includeSubDomains",
        "X-Content-Type-Options": "nosniff",
        "x-ms-client-request-id": "844b787e0ce321663fcd38eb6164736d",
        "x-ms-correlation-request-id": "653dce62-1992-4cee-a895-71c3bc04763f",
        "x-ms-ratelimit-remaining-subscription-reads": "11860",
        "x-ms-request-id": "089737a5-c715-4b22-bcc3-f8c28d08fb0b",
        "x-ms-routing-request-id": "SOUTHEASTASIA:20211213T084621Z:653dce62-1992-4cee-a895-71c3bc04763f",
        "x-rp-server-mvid": "7cfc81e1-e072-4b1a-9508-47935e96f667"
      },
      "ResponseBody": {
        "id": "/subscriptions/db1ab6f0-4769-4b27-930e-01e2ef9c123c/resourceGroups/WebPubSubRG-9802/providers/Microsoft.SignalRService/WebPubSub/webpubsub-1075/operationStatuses/5bf27741-87cd-4f76-a608-925018c80cf5",
        "name": "5bf27741-87cd-4f76-a608-925018c80cf5",
        "status": "Running",
        "startTime": "2021-12-13T08:46:13.8346349Z"
      }
    },
    {
      "RequestUri": "https://management.azure.com/subscriptions/db1ab6f0-4769-4b27-930e-01e2ef9c123c/resourceGroups/WebPubSubRG-9802/providers/Microsoft.SignalRService/WebPubSub/webpubsub-1075/operationStatuses/5bf27741-87cd-4f76-a608-925018c80cf5?api-version=2021-10-01",
      "RequestMethod": "GET",
      "RequestHeaders": {
        "Authorization": "Sanitized",
        "User-Agent": "azsdk-net-ResourceManager/1.0.0-alpha.20211203.1 (.NET Core 3.1.21; Microsoft Windows 10.0.22000)",
        "x-ms-client-request-id": "35af70e2fbd5f38a6f8ae55e8054a12a",
        "x-ms-return-client-request-id": "true"
      },
      "RequestBody": null,
      "StatusCode": 200,
      "ResponseHeaders": {
        "Cache-Control": "no-cache",
        "Content-Length": "315",
        "Content-Type": "application/json; charset=utf-8",
        "Date": "Mon, 13 Dec 2021 08:46:23 GMT",
        "Expires": "-1",
        "Pragma": "no-cache",
        "Server": "Kestrel",
        "Strict-Transport-Security": "max-age=31536000; includeSubDomains",
        "X-Content-Type-Options": "nosniff",
        "x-ms-client-request-id": "35af70e2fbd5f38a6f8ae55e8054a12a",
        "x-ms-correlation-request-id": "1bd001e4-3f3a-4323-aa7d-3bbfa4045e10",
        "x-ms-ratelimit-remaining-subscription-reads": "11859",
        "x-ms-request-id": "4a4484d9-e7d6-4dd5-8ec3-c9f37bc9c76f",
        "x-ms-routing-request-id": "SOUTHEASTASIA:20211213T084623Z:1bd001e4-3f3a-4323-aa7d-3bbfa4045e10",
        "x-rp-server-mvid": "7cfc81e1-e072-4b1a-9508-47935e96f667"
      },
      "ResponseBody": {
        "id": "/subscriptions/db1ab6f0-4769-4b27-930e-01e2ef9c123c/resourceGroups/WebPubSubRG-9802/providers/Microsoft.SignalRService/WebPubSub/webpubsub-1075/operationStatuses/5bf27741-87cd-4f76-a608-925018c80cf5",
        "name": "5bf27741-87cd-4f76-a608-925018c80cf5",
        "status": "Running",
        "startTime": "2021-12-13T08:46:13.8346349Z"
      }
    },
    {
      "RequestUri": "https://management.azure.com/subscriptions/db1ab6f0-4769-4b27-930e-01e2ef9c123c/resourceGroups/WebPubSubRG-9802/providers/Microsoft.SignalRService/WebPubSub/webpubsub-1075/operationStatuses/5bf27741-87cd-4f76-a608-925018c80cf5?api-version=2021-10-01",
      "RequestMethod": "GET",
      "RequestHeaders": {
        "Authorization": "Sanitized",
        "User-Agent": "azsdk-net-ResourceManager/1.0.0-alpha.20211203.1 (.NET Core 3.1.21; Microsoft Windows 10.0.22000)",
        "x-ms-client-request-id": "49b9b6b400991fe9cd0b8392de825f3f",
        "x-ms-return-client-request-id": "true"
      },
      "RequestBody": null,
      "StatusCode": 200,
      "ResponseHeaders": {
        "Cache-Control": "no-cache",
        "Content-Length": "315",
        "Content-Type": "application/json; charset=utf-8",
        "Date": "Mon, 13 Dec 2021 08:46:24 GMT",
        "Expires": "-1",
        "Pragma": "no-cache",
        "Server": "Kestrel",
        "Strict-Transport-Security": "max-age=31536000; includeSubDomains",
        "X-Content-Type-Options": "nosniff",
        "x-ms-client-request-id": "49b9b6b400991fe9cd0b8392de825f3f",
        "x-ms-correlation-request-id": "bce339e6-3df5-4ad3-9175-b0f2f2f066a9",
        "x-ms-ratelimit-remaining-subscription-reads": "11858",
        "x-ms-request-id": "e848bfea-2366-46c9-b5ac-37e8455ca999",
        "x-ms-routing-request-id": "SOUTHEASTASIA:20211213T084624Z:bce339e6-3df5-4ad3-9175-b0f2f2f066a9",
        "x-rp-server-mvid": "7cfc81e1-e072-4b1a-9508-47935e96f667"
      },
      "ResponseBody": {
        "id": "/subscriptions/db1ab6f0-4769-4b27-930e-01e2ef9c123c/resourceGroups/WebPubSubRG-9802/providers/Microsoft.SignalRService/WebPubSub/webpubsub-1075/operationStatuses/5bf27741-87cd-4f76-a608-925018c80cf5",
        "name": "5bf27741-87cd-4f76-a608-925018c80cf5",
        "status": "Running",
        "startTime": "2021-12-13T08:46:13.8346349Z"
      }
    },
    {
      "RequestUri": "https://management.azure.com/subscriptions/db1ab6f0-4769-4b27-930e-01e2ef9c123c/resourceGroups/WebPubSubRG-9802/providers/Microsoft.SignalRService/WebPubSub/webpubsub-1075/operationStatuses/5bf27741-87cd-4f76-a608-925018c80cf5?api-version=2021-10-01",
      "RequestMethod": "GET",
      "RequestHeaders": {
        "Authorization": "Sanitized",
        "User-Agent": "azsdk-net-ResourceManager/1.0.0-alpha.20211203.1 (.NET Core 3.1.21; Microsoft Windows 10.0.22000)",
        "x-ms-client-request-id": "a3ae97e1625b83deed5714582608a1ea",
        "x-ms-return-client-request-id": "true"
      },
      "RequestBody": null,
      "StatusCode": 200,
      "ResponseHeaders": {
        "Cache-Control": "no-cache",
        "Content-Length": "315",
        "Content-Type": "application/json; charset=utf-8",
        "Date": "Mon, 13 Dec 2021 08:46:25 GMT",
        "Expires": "-1",
        "Pragma": "no-cache",
        "Server": "Kestrel",
        "Strict-Transport-Security": "max-age=31536000; includeSubDomains",
        "X-Content-Type-Options": "nosniff",
        "x-ms-client-request-id": "a3ae97e1625b83deed5714582608a1ea",
        "x-ms-correlation-request-id": "21a43c4d-5af9-48da-b906-be00c27ed1d4",
        "x-ms-ratelimit-remaining-subscription-reads": "11857",
        "x-ms-request-id": "ca165d2a-421f-4c83-acba-cb604513e355",
        "x-ms-routing-request-id": "SOUTHEASTASIA:20211213T084625Z:21a43c4d-5af9-48da-b906-be00c27ed1d4",
        "x-rp-server-mvid": "7cfc81e1-e072-4b1a-9508-47935e96f667"
      },
      "ResponseBody": {
        "id": "/subscriptions/db1ab6f0-4769-4b27-930e-01e2ef9c123c/resourceGroups/WebPubSubRG-9802/providers/Microsoft.SignalRService/WebPubSub/webpubsub-1075/operationStatuses/5bf27741-87cd-4f76-a608-925018c80cf5",
        "name": "5bf27741-87cd-4f76-a608-925018c80cf5",
        "status": "Running",
        "startTime": "2021-12-13T08:46:13.8346349Z"
      }
    },
    {
      "RequestUri": "https://management.azure.com/subscriptions/db1ab6f0-4769-4b27-930e-01e2ef9c123c/resourceGroups/WebPubSubRG-9802/providers/Microsoft.SignalRService/WebPubSub/webpubsub-1075/operationStatuses/5bf27741-87cd-4f76-a608-925018c80cf5?api-version=2021-10-01",
      "RequestMethod": "GET",
      "RequestHeaders": {
        "Authorization": "Sanitized",
        "User-Agent": "azsdk-net-ResourceManager/1.0.0-alpha.20211203.1 (.NET Core 3.1.21; Microsoft Windows 10.0.22000)",
        "x-ms-client-request-id": "aa370d2b29aae1d3869068ca77f714ed",
        "x-ms-return-client-request-id": "true"
      },
      "RequestBody": null,
      "StatusCode": 200,
      "ResponseHeaders": {
        "Cache-Control": "no-cache",
        "Content-Length": "315",
        "Content-Type": "application/json; charset=utf-8",
        "Date": "Mon, 13 Dec 2021 08:46:26 GMT",
        "Expires": "-1",
        "Pragma": "no-cache",
        "Server": "Kestrel",
        "Strict-Transport-Security": "max-age=31536000; includeSubDomains",
        "X-Content-Type-Options": "nosniff",
        "x-ms-client-request-id": "aa370d2b29aae1d3869068ca77f714ed",
        "x-ms-correlation-request-id": "9e31bd11-2bb8-42b5-bd45-69d01ed9ff77",
        "x-ms-ratelimit-remaining-subscription-reads": "11856",
        "x-ms-request-id": "661c34a1-aea1-4786-956d-711917d00a76",
        "x-ms-routing-request-id": "SOUTHEASTASIA:20211213T084627Z:9e31bd11-2bb8-42b5-bd45-69d01ed9ff77",
        "x-rp-server-mvid": "7cfc81e1-e072-4b1a-9508-47935e96f667"
      },
      "ResponseBody": {
        "id": "/subscriptions/db1ab6f0-4769-4b27-930e-01e2ef9c123c/resourceGroups/WebPubSubRG-9802/providers/Microsoft.SignalRService/WebPubSub/webpubsub-1075/operationStatuses/5bf27741-87cd-4f76-a608-925018c80cf5",
        "name": "5bf27741-87cd-4f76-a608-925018c80cf5",
        "status": "Running",
        "startTime": "2021-12-13T08:46:13.8346349Z"
      }
    },
    {
      "RequestUri": "https://management.azure.com/subscriptions/db1ab6f0-4769-4b27-930e-01e2ef9c123c/resourceGroups/WebPubSubRG-9802/providers/Microsoft.SignalRService/WebPubSub/webpubsub-1075/operationStatuses/5bf27741-87cd-4f76-a608-925018c80cf5?api-version=2021-10-01",
      "RequestMethod": "GET",
      "RequestHeaders": {
        "Authorization": "Sanitized",
        "User-Agent": "azsdk-net-ResourceManager/1.0.0-alpha.20211203.1 (.NET Core 3.1.21; Microsoft Windows 10.0.22000)",
        "x-ms-client-request-id": "e87ca62bfea551ced8365b41eb90f9c4",
        "x-ms-return-client-request-id": "true"
      },
      "RequestBody": null,
      "StatusCode": 200,
      "ResponseHeaders": {
        "Cache-Control": "no-cache",
        "Content-Length": "315",
        "Content-Type": "application/json; charset=utf-8",
        "Date": "Mon, 13 Dec 2021 08:46:28 GMT",
        "Expires": "-1",
        "Pragma": "no-cache",
        "Server": "Kestrel",
        "Strict-Transport-Security": "max-age=31536000; includeSubDomains",
        "X-Content-Type-Options": "nosniff",
        "x-ms-client-request-id": "e87ca62bfea551ced8365b41eb90f9c4",
        "x-ms-correlation-request-id": "d9203f92-fbb6-4f08-be16-155e0cdc66e8",
        "x-ms-ratelimit-remaining-subscription-reads": "11855",
        "x-ms-request-id": "367c8fe8-2a17-4dd2-a083-da52c1ca896b",
        "x-ms-routing-request-id": "SOUTHEASTASIA:20211213T084628Z:d9203f92-fbb6-4f08-be16-155e0cdc66e8",
        "x-rp-server-mvid": "7cfc81e1-e072-4b1a-9508-47935e96f667"
      },
      "ResponseBody": {
        "id": "/subscriptions/db1ab6f0-4769-4b27-930e-01e2ef9c123c/resourceGroups/WebPubSubRG-9802/providers/Microsoft.SignalRService/WebPubSub/webpubsub-1075/operationStatuses/5bf27741-87cd-4f76-a608-925018c80cf5",
        "name": "5bf27741-87cd-4f76-a608-925018c80cf5",
        "status": "Running",
        "startTime": "2021-12-13T08:46:13.8346349Z"
      }
    },
    {
      "RequestUri": "https://management.azure.com/subscriptions/db1ab6f0-4769-4b27-930e-01e2ef9c123c/resourceGroups/WebPubSubRG-9802/providers/Microsoft.SignalRService/WebPubSub/webpubsub-1075/operationStatuses/5bf27741-87cd-4f76-a608-925018c80cf5?api-version=2021-10-01",
      "RequestMethod": "GET",
      "RequestHeaders": {
        "Authorization": "Sanitized",
        "User-Agent": "azsdk-net-ResourceManager/1.0.0-alpha.20211203.1 (.NET Core 3.1.21; Microsoft Windows 10.0.22000)",
        "x-ms-client-request-id": "d1679969b44bb794c3cd1ccbf9130bf6",
        "x-ms-return-client-request-id": "true"
      },
      "RequestBody": null,
      "StatusCode": 200,
      "ResponseHeaders": {
        "Cache-Control": "no-cache",
        "Content-Length": "315",
        "Content-Type": "application/json; charset=utf-8",
        "Date": "Mon, 13 Dec 2021 08:46:29 GMT",
        "Expires": "-1",
        "Pragma": "no-cache",
        "Server": "Kestrel",
        "Strict-Transport-Security": "max-age=31536000; includeSubDomains",
        "X-Content-Type-Options": "nosniff",
        "x-ms-client-request-id": "d1679969b44bb794c3cd1ccbf9130bf6",
        "x-ms-correlation-request-id": "7d846cf9-4419-48e8-a0ef-bab4fca6aaba",
        "x-ms-ratelimit-remaining-subscription-reads": "11854",
        "x-ms-request-id": "26dab85e-a683-4833-ace2-ac51ce6411ab",
        "x-ms-routing-request-id": "SOUTHEASTASIA:20211213T084629Z:7d846cf9-4419-48e8-a0ef-bab4fca6aaba",
        "x-rp-server-mvid": "7cfc81e1-e072-4b1a-9508-47935e96f667"
      },
      "ResponseBody": {
        "id": "/subscriptions/db1ab6f0-4769-4b27-930e-01e2ef9c123c/resourceGroups/WebPubSubRG-9802/providers/Microsoft.SignalRService/WebPubSub/webpubsub-1075/operationStatuses/5bf27741-87cd-4f76-a608-925018c80cf5",
        "name": "5bf27741-87cd-4f76-a608-925018c80cf5",
        "status": "Running",
        "startTime": "2021-12-13T08:46:13.8346349Z"
      }
    },
    {
      "RequestUri": "https://management.azure.com/subscriptions/db1ab6f0-4769-4b27-930e-01e2ef9c123c/resourceGroups/WebPubSubRG-9802/providers/Microsoft.SignalRService/WebPubSub/webpubsub-1075/operationStatuses/5bf27741-87cd-4f76-a608-925018c80cf5?api-version=2021-10-01",
      "RequestMethod": "GET",
      "RequestHeaders": {
        "Authorization": "Sanitized",
        "User-Agent": "azsdk-net-ResourceManager/1.0.0-alpha.20211203.1 (.NET Core 3.1.21; Microsoft Windows 10.0.22000)",
        "x-ms-client-request-id": "7f2d2742b88c2d453fe5d274ce91f6f5",
        "x-ms-return-client-request-id": "true"
      },
      "RequestBody": null,
      "StatusCode": 200,
      "ResponseHeaders": {
        "Cache-Control": "no-cache",
        "Content-Length": "315",
        "Content-Type": "application/json; charset=utf-8",
        "Date": "Mon, 13 Dec 2021 08:46:30 GMT",
        "Expires": "-1",
        "Pragma": "no-cache",
        "Server": "Kestrel",
        "Strict-Transport-Security": "max-age=31536000; includeSubDomains",
        "X-Content-Type-Options": "nosniff",
        "x-ms-client-request-id": "7f2d2742b88c2d453fe5d274ce91f6f5",
        "x-ms-correlation-request-id": "8895f64e-5687-457b-8a95-b144abf6f050",
        "x-ms-ratelimit-remaining-subscription-reads": "11853",
        "x-ms-request-id": "69ebf507-8a6c-4f14-9d43-752544140a2b",
        "x-ms-routing-request-id": "SOUTHEASTASIA:20211213T084630Z:8895f64e-5687-457b-8a95-b144abf6f050",
        "x-rp-server-mvid": "7cfc81e1-e072-4b1a-9508-47935e96f667"
      },
      "ResponseBody": {
        "id": "/subscriptions/db1ab6f0-4769-4b27-930e-01e2ef9c123c/resourceGroups/WebPubSubRG-9802/providers/Microsoft.SignalRService/WebPubSub/webpubsub-1075/operationStatuses/5bf27741-87cd-4f76-a608-925018c80cf5",
        "name": "5bf27741-87cd-4f76-a608-925018c80cf5",
        "status": "Running",
        "startTime": "2021-12-13T08:46:13.8346349Z"
      }
    },
    {
      "RequestUri": "https://management.azure.com/subscriptions/db1ab6f0-4769-4b27-930e-01e2ef9c123c/resourceGroups/WebPubSubRG-9802/providers/Microsoft.SignalRService/WebPubSub/webpubsub-1075/operationStatuses/5bf27741-87cd-4f76-a608-925018c80cf5?api-version=2021-10-01",
      "RequestMethod": "GET",
      "RequestHeaders": {
        "Authorization": "Sanitized",
        "User-Agent": "azsdk-net-ResourceManager/1.0.0-alpha.20211203.1 (.NET Core 3.1.21; Microsoft Windows 10.0.22000)",
        "x-ms-client-request-id": "de60a496439076a112c425d8e20257c4",
        "x-ms-return-client-request-id": "true"
      },
      "RequestBody": null,
      "StatusCode": 200,
      "ResponseHeaders": {
        "Cache-Control": "no-cache",
        "Content-Length": "315",
        "Content-Type": "application/json; charset=utf-8",
        "Date": "Mon, 13 Dec 2021 08:46:32 GMT",
        "Expires": "-1",
        "Pragma": "no-cache",
        "Server": "Kestrel",
        "Strict-Transport-Security": "max-age=31536000; includeSubDomains",
        "X-Content-Type-Options": "nosniff",
        "x-ms-client-request-id": "de60a496439076a112c425d8e20257c4",
        "x-ms-correlation-request-id": "ee31f588-8d82-4925-b5a9-9ce238bfa5ec",
        "x-ms-ratelimit-remaining-subscription-reads": "11852",
        "x-ms-request-id": "a7f33c9c-f718-4a36-8f77-d0b67acb09b8",
        "x-ms-routing-request-id": "SOUTHEASTASIA:20211213T084632Z:ee31f588-8d82-4925-b5a9-9ce238bfa5ec",
        "x-rp-server-mvid": "7cfc81e1-e072-4b1a-9508-47935e96f667"
      },
      "ResponseBody": {
        "id": "/subscriptions/db1ab6f0-4769-4b27-930e-01e2ef9c123c/resourceGroups/WebPubSubRG-9802/providers/Microsoft.SignalRService/WebPubSub/webpubsub-1075/operationStatuses/5bf27741-87cd-4f76-a608-925018c80cf5",
        "name": "5bf27741-87cd-4f76-a608-925018c80cf5",
        "status": "Running",
        "startTime": "2021-12-13T08:46:13.8346349Z"
      }
    },
    {
      "RequestUri": "https://management.azure.com/subscriptions/db1ab6f0-4769-4b27-930e-01e2ef9c123c/resourceGroups/WebPubSubRG-9802/providers/Microsoft.SignalRService/WebPubSub/webpubsub-1075/operationStatuses/5bf27741-87cd-4f76-a608-925018c80cf5?api-version=2021-10-01",
      "RequestMethod": "GET",
      "RequestHeaders": {
        "Authorization": "Sanitized",
        "User-Agent": "azsdk-net-ResourceManager/1.0.0-alpha.20211203.1 (.NET Core 3.1.21; Microsoft Windows 10.0.22000)",
        "x-ms-client-request-id": "c3ff652a7a63b037533a9165e220e932",
        "x-ms-return-client-request-id": "true"
      },
      "RequestBody": null,
      "StatusCode": 200,
      "ResponseHeaders": {
        "Cache-Control": "no-cache",
        "Content-Length": "315",
        "Content-Type": "application/json; charset=utf-8",
        "Date": "Mon, 13 Dec 2021 08:46:33 GMT",
        "Expires": "-1",
        "Pragma": "no-cache",
        "Server": "Kestrel",
        "Strict-Transport-Security": "max-age=31536000; includeSubDomains",
        "X-Content-Type-Options": "nosniff",
        "x-ms-client-request-id": "c3ff652a7a63b037533a9165e220e932",
        "x-ms-correlation-request-id": "4f40968f-1bb1-44bd-9af0-0e44c5ba2321",
        "x-ms-ratelimit-remaining-subscription-reads": "11851",
        "x-ms-request-id": "231664a3-238d-4c15-9bec-c0c345b93c3f",
        "x-ms-routing-request-id": "SOUTHEASTASIA:20211213T084633Z:4f40968f-1bb1-44bd-9af0-0e44c5ba2321",
        "x-rp-server-mvid": "7cfc81e1-e072-4b1a-9508-47935e96f667"
      },
      "ResponseBody": {
        "id": "/subscriptions/db1ab6f0-4769-4b27-930e-01e2ef9c123c/resourceGroups/WebPubSubRG-9802/providers/Microsoft.SignalRService/WebPubSub/webpubsub-1075/operationStatuses/5bf27741-87cd-4f76-a608-925018c80cf5",
        "name": "5bf27741-87cd-4f76-a608-925018c80cf5",
        "status": "Running",
        "startTime": "2021-12-13T08:46:13.8346349Z"
      }
    },
    {
      "RequestUri": "https://management.azure.com/subscriptions/db1ab6f0-4769-4b27-930e-01e2ef9c123c/resourceGroups/WebPubSubRG-9802/providers/Microsoft.SignalRService/WebPubSub/webpubsub-1075/operationStatuses/5bf27741-87cd-4f76-a608-925018c80cf5?api-version=2021-10-01",
      "RequestMethod": "GET",
      "RequestHeaders": {
        "Authorization": "Sanitized",
        "User-Agent": "azsdk-net-ResourceManager/1.0.0-alpha.20211203.1 (.NET Core 3.1.21; Microsoft Windows 10.0.22000)",
        "x-ms-client-request-id": "543527d62db2fe6585b76dc8936d4a3c",
        "x-ms-return-client-request-id": "true"
      },
      "RequestBody": null,
      "StatusCode": 200,
      "ResponseHeaders": {
        "Cache-Control": "no-cache",
        "Content-Length": "315",
        "Content-Type": "application/json; charset=utf-8",
        "Date": "Mon, 13 Dec 2021 08:46:34 GMT",
        "Expires": "-1",
        "Pragma": "no-cache",
        "Server": "Kestrel",
        "Strict-Transport-Security": "max-age=31536000; includeSubDomains",
        "X-Content-Type-Options": "nosniff",
        "x-ms-client-request-id": "543527d62db2fe6585b76dc8936d4a3c",
        "x-ms-correlation-request-id": "c86bc1b0-2496-4fba-b22c-f9f081d00a0f",
        "x-ms-ratelimit-remaining-subscription-reads": "11850",
        "x-ms-request-id": "de4ec80a-5801-41d3-bd1f-e5bf1e742f7d",
        "x-ms-routing-request-id": "SOUTHEASTASIA:20211213T084634Z:c86bc1b0-2496-4fba-b22c-f9f081d00a0f",
        "x-rp-server-mvid": "7cfc81e1-e072-4b1a-9508-47935e96f667"
      },
      "ResponseBody": {
        "id": "/subscriptions/db1ab6f0-4769-4b27-930e-01e2ef9c123c/resourceGroups/WebPubSubRG-9802/providers/Microsoft.SignalRService/WebPubSub/webpubsub-1075/operationStatuses/5bf27741-87cd-4f76-a608-925018c80cf5",
        "name": "5bf27741-87cd-4f76-a608-925018c80cf5",
        "status": "Running",
        "startTime": "2021-12-13T08:46:13.8346349Z"
      }
    },
    {
      "RequestUri": "https://management.azure.com/subscriptions/db1ab6f0-4769-4b27-930e-01e2ef9c123c/resourceGroups/WebPubSubRG-9802/providers/Microsoft.SignalRService/WebPubSub/webpubsub-1075/operationStatuses/5bf27741-87cd-4f76-a608-925018c80cf5?api-version=2021-10-01",
      "RequestMethod": "GET",
      "RequestHeaders": {
        "Authorization": "Sanitized",
        "User-Agent": "azsdk-net-ResourceManager/1.0.0-alpha.20211203.1 (.NET Core 3.1.21; Microsoft Windows 10.0.22000)",
        "x-ms-client-request-id": "694a0d8d32921c926db08b56b13b94f2",
        "x-ms-return-client-request-id": "true"
      },
      "RequestBody": null,
      "StatusCode": 200,
      "ResponseHeaders": {
        "Cache-Control": "no-cache",
        "Content-Length": "315",
        "Content-Type": "application/json; charset=utf-8",
        "Date": "Mon, 13 Dec 2021 08:46:35 GMT",
        "Expires": "-1",
        "Pragma": "no-cache",
        "Server": "Kestrel",
        "Strict-Transport-Security": "max-age=31536000; includeSubDomains",
        "X-Content-Type-Options": "nosniff",
        "x-ms-client-request-id": "694a0d8d32921c926db08b56b13b94f2",
        "x-ms-correlation-request-id": "e2b4edfb-7ad0-4913-b2bb-73697b9757bc",
        "x-ms-ratelimit-remaining-subscription-reads": "11849",
        "x-ms-request-id": "d03bf493-dcab-40f2-bed7-b4658e6a5fbc",
        "x-ms-routing-request-id": "SOUTHEASTASIA:20211213T084636Z:e2b4edfb-7ad0-4913-b2bb-73697b9757bc",
        "x-rp-server-mvid": "7cfc81e1-e072-4b1a-9508-47935e96f667"
      },
      "ResponseBody": {
        "id": "/subscriptions/db1ab6f0-4769-4b27-930e-01e2ef9c123c/resourceGroups/WebPubSubRG-9802/providers/Microsoft.SignalRService/WebPubSub/webpubsub-1075/operationStatuses/5bf27741-87cd-4f76-a608-925018c80cf5",
        "name": "5bf27741-87cd-4f76-a608-925018c80cf5",
        "status": "Running",
        "startTime": "2021-12-13T08:46:13.8346349Z"
      }
    },
    {
      "RequestUri": "https://management.azure.com/subscriptions/db1ab6f0-4769-4b27-930e-01e2ef9c123c/resourceGroups/WebPubSubRG-9802/providers/Microsoft.SignalRService/WebPubSub/webpubsub-1075/operationStatuses/5bf27741-87cd-4f76-a608-925018c80cf5?api-version=2021-10-01",
      "RequestMethod": "GET",
      "RequestHeaders": {
        "Authorization": "Sanitized",
        "User-Agent": "azsdk-net-ResourceManager/1.0.0-alpha.20211203.1 (.NET Core 3.1.21; Microsoft Windows 10.0.22000)",
        "x-ms-client-request-id": "bb01f3da02cdfc11ff003dab0d6f1ce5",
        "x-ms-return-client-request-id": "true"
      },
      "RequestBody": null,
      "StatusCode": 200,
      "ResponseHeaders": {
        "Cache-Control": "no-cache",
        "Content-Length": "315",
        "Content-Type": "application/json; charset=utf-8",
        "Date": "Mon, 13 Dec 2021 08:46:37 GMT",
        "Expires": "-1",
        "Pragma": "no-cache",
        "Server": "Kestrel",
        "Strict-Transport-Security": "max-age=31536000; includeSubDomains",
        "X-Content-Type-Options": "nosniff",
        "x-ms-client-request-id": "bb01f3da02cdfc11ff003dab0d6f1ce5",
        "x-ms-correlation-request-id": "9edaca0b-f896-4aa7-ba78-cae18d27f5c1",
        "x-ms-ratelimit-remaining-subscription-reads": "11848",
        "x-ms-request-id": "7adec6fa-a2e2-48a5-8222-a26eb5a621a5",
        "x-ms-routing-request-id": "SOUTHEASTASIA:20211213T084637Z:9edaca0b-f896-4aa7-ba78-cae18d27f5c1",
        "x-rp-server-mvid": "7cfc81e1-e072-4b1a-9508-47935e96f667"
      },
      "ResponseBody": {
        "id": "/subscriptions/db1ab6f0-4769-4b27-930e-01e2ef9c123c/resourceGroups/WebPubSubRG-9802/providers/Microsoft.SignalRService/WebPubSub/webpubsub-1075/operationStatuses/5bf27741-87cd-4f76-a608-925018c80cf5",
        "name": "5bf27741-87cd-4f76-a608-925018c80cf5",
        "status": "Running",
        "startTime": "2021-12-13T08:46:13.8346349Z"
      }
    },
    {
      "RequestUri": "https://management.azure.com/subscriptions/db1ab6f0-4769-4b27-930e-01e2ef9c123c/resourceGroups/WebPubSubRG-9802/providers/Microsoft.SignalRService/WebPubSub/webpubsub-1075/operationStatuses/5bf27741-87cd-4f76-a608-925018c80cf5?api-version=2021-10-01",
      "RequestMethod": "GET",
      "RequestHeaders": {
        "Authorization": "Sanitized",
        "User-Agent": "azsdk-net-ResourceManager/1.0.0-alpha.20211203.1 (.NET Core 3.1.21; Microsoft Windows 10.0.22000)",
        "x-ms-client-request-id": "d4d855ef80d6a49f9418e702a20f4d4a",
        "x-ms-return-client-request-id": "true"
      },
      "RequestBody": null,
      "StatusCode": 200,
      "ResponseHeaders": {
        "Cache-Control": "no-cache",
        "Content-Length": "315",
        "Content-Type": "application/json; charset=utf-8",
        "Date": "Mon, 13 Dec 2021 08:46:38 GMT",
        "Expires": "-1",
        "Pragma": "no-cache",
        "Server": "Kestrel",
        "Strict-Transport-Security": "max-age=31536000; includeSubDomains",
        "X-Content-Type-Options": "nosniff",
        "x-ms-client-request-id": "d4d855ef80d6a49f9418e702a20f4d4a",
        "x-ms-correlation-request-id": "5a3d6d44-bd2c-4dcf-8a22-49a49edeb077",
        "x-ms-ratelimit-remaining-subscription-reads": "11847",
        "x-ms-request-id": "868c6911-1cfc-4bbc-bef8-800919ca2347",
        "x-ms-routing-request-id": "SOUTHEASTASIA:20211213T084638Z:5a3d6d44-bd2c-4dcf-8a22-49a49edeb077",
        "x-rp-server-mvid": "7cfc81e1-e072-4b1a-9508-47935e96f667"
      },
      "ResponseBody": {
        "id": "/subscriptions/db1ab6f0-4769-4b27-930e-01e2ef9c123c/resourceGroups/WebPubSubRG-9802/providers/Microsoft.SignalRService/WebPubSub/webpubsub-1075/operationStatuses/5bf27741-87cd-4f76-a608-925018c80cf5",
        "name": "5bf27741-87cd-4f76-a608-925018c80cf5",
        "status": "Running",
        "startTime": "2021-12-13T08:46:13.8346349Z"
      }
    },
    {
      "RequestUri": "https://management.azure.com/subscriptions/db1ab6f0-4769-4b27-930e-01e2ef9c123c/resourceGroups/WebPubSubRG-9802/providers/Microsoft.SignalRService/WebPubSub/webpubsub-1075/operationStatuses/5bf27741-87cd-4f76-a608-925018c80cf5?api-version=2021-10-01",
      "RequestMethod": "GET",
      "RequestHeaders": {
        "Authorization": "Sanitized",
        "User-Agent": "azsdk-net-ResourceManager/1.0.0-alpha.20211203.1 (.NET Core 3.1.21; Microsoft Windows 10.0.22000)",
        "x-ms-client-request-id": "a0ed7b238f6c8a6efc4d6992f4e60ffd",
        "x-ms-return-client-request-id": "true"
      },
      "RequestBody": null,
      "StatusCode": 200,
      "ResponseHeaders": {
        "Cache-Control": "no-cache",
        "Content-Length": "315",
        "Content-Type": "application/json; charset=utf-8",
        "Date": "Mon, 13 Dec 2021 08:46:39 GMT",
        "Expires": "-1",
        "Pragma": "no-cache",
        "Server": "Kestrel",
        "Strict-Transport-Security": "max-age=31536000; includeSubDomains",
        "X-Content-Type-Options": "nosniff",
        "x-ms-client-request-id": "a0ed7b238f6c8a6efc4d6992f4e60ffd",
        "x-ms-correlation-request-id": "ba57ec53-0176-417b-a4ec-ab55b61e1c60",
        "x-ms-ratelimit-remaining-subscription-reads": "11846",
        "x-ms-request-id": "3587334b-53ca-47e7-8c94-e13a226a54fa",
        "x-ms-routing-request-id": "SOUTHEASTASIA:20211213T084640Z:ba57ec53-0176-417b-a4ec-ab55b61e1c60",
        "x-rp-server-mvid": "7cfc81e1-e072-4b1a-9508-47935e96f667"
      },
      "ResponseBody": {
        "id": "/subscriptions/db1ab6f0-4769-4b27-930e-01e2ef9c123c/resourceGroups/WebPubSubRG-9802/providers/Microsoft.SignalRService/WebPubSub/webpubsub-1075/operationStatuses/5bf27741-87cd-4f76-a608-925018c80cf5",
        "name": "5bf27741-87cd-4f76-a608-925018c80cf5",
        "status": "Running",
        "startTime": "2021-12-13T08:46:13.8346349Z"
      }
    },
    {
      "RequestUri": "https://management.azure.com/subscriptions/db1ab6f0-4769-4b27-930e-01e2ef9c123c/resourceGroups/WebPubSubRG-9802/providers/Microsoft.SignalRService/WebPubSub/webpubsub-1075/operationStatuses/5bf27741-87cd-4f76-a608-925018c80cf5?api-version=2021-10-01",
      "RequestMethod": "GET",
      "RequestHeaders": {
        "Authorization": "Sanitized",
        "User-Agent": "azsdk-net-ResourceManager/1.0.0-alpha.20211203.1 (.NET Core 3.1.21; Microsoft Windows 10.0.22000)",
        "x-ms-client-request-id": "5c67a593c0635a1c535d26b41b0f5af0",
        "x-ms-return-client-request-id": "true"
      },
      "RequestBody": null,
      "StatusCode": 200,
      "ResponseHeaders": {
        "Cache-Control": "no-cache",
        "Content-Length": "315",
        "Content-Type": "application/json; charset=utf-8",
        "Date": "Mon, 13 Dec 2021 08:46:41 GMT",
        "Expires": "-1",
        "Pragma": "no-cache",
        "Server": "Kestrel",
        "Strict-Transport-Security": "max-age=31536000; includeSubDomains",
        "X-Content-Type-Options": "nosniff",
        "x-ms-client-request-id": "5c67a593c0635a1c535d26b41b0f5af0",
        "x-ms-correlation-request-id": "b5824024-4c6c-4fcc-9059-45622c8dcbcb",
        "x-ms-ratelimit-remaining-subscription-reads": "11845",
        "x-ms-request-id": "012ecf3a-b026-425d-b509-04146d2676ac",
        "x-ms-routing-request-id": "SOUTHEASTASIA:20211213T084641Z:b5824024-4c6c-4fcc-9059-45622c8dcbcb",
        "x-rp-server-mvid": "7cfc81e1-e072-4b1a-9508-47935e96f667"
      },
      "ResponseBody": {
        "id": "/subscriptions/db1ab6f0-4769-4b27-930e-01e2ef9c123c/resourceGroups/WebPubSubRG-9802/providers/Microsoft.SignalRService/WebPubSub/webpubsub-1075/operationStatuses/5bf27741-87cd-4f76-a608-925018c80cf5",
        "name": "5bf27741-87cd-4f76-a608-925018c80cf5",
        "status": "Running",
        "startTime": "2021-12-13T08:46:13.8346349Z"
      }
    },
    {
      "RequestUri": "https://management.azure.com/subscriptions/db1ab6f0-4769-4b27-930e-01e2ef9c123c/resourceGroups/WebPubSubRG-9802/providers/Microsoft.SignalRService/WebPubSub/webpubsub-1075/operationStatuses/5bf27741-87cd-4f76-a608-925018c80cf5?api-version=2021-10-01",
      "RequestMethod": "GET",
      "RequestHeaders": {
        "Authorization": "Sanitized",
        "User-Agent": "azsdk-net-ResourceManager/1.0.0-alpha.20211203.1 (.NET Core 3.1.21; Microsoft Windows 10.0.22000)",
        "x-ms-client-request-id": "9288f3b37c825f79e64dd888170dafad",
        "x-ms-return-client-request-id": "true"
      },
      "RequestBody": null,
      "StatusCode": 200,
      "ResponseHeaders": {
        "Cache-Control": "no-cache",
        "Content-Length": "315",
        "Content-Type": "application/json; charset=utf-8",
        "Date": "Mon, 13 Dec 2021 08:46:42 GMT",
        "Expires": "-1",
        "Pragma": "no-cache",
        "Server": "Kestrel",
        "Strict-Transport-Security": "max-age=31536000; includeSubDomains",
        "X-Content-Type-Options": "nosniff",
        "x-ms-client-request-id": "9288f3b37c825f79e64dd888170dafad",
        "x-ms-correlation-request-id": "2e73e720-ff79-4e0d-a6e1-9824f4acd2d9",
        "x-ms-ratelimit-remaining-subscription-reads": "11844",
        "x-ms-request-id": "356288aa-5f72-4b21-be78-2228e1755a8d",
        "x-ms-routing-request-id": "SOUTHEASTASIA:20211213T084642Z:2e73e720-ff79-4e0d-a6e1-9824f4acd2d9",
        "x-rp-server-mvid": "7cfc81e1-e072-4b1a-9508-47935e96f667"
      },
      "ResponseBody": {
        "id": "/subscriptions/db1ab6f0-4769-4b27-930e-01e2ef9c123c/resourceGroups/WebPubSubRG-9802/providers/Microsoft.SignalRService/WebPubSub/webpubsub-1075/operationStatuses/5bf27741-87cd-4f76-a608-925018c80cf5",
        "name": "5bf27741-87cd-4f76-a608-925018c80cf5",
        "status": "Running",
        "startTime": "2021-12-13T08:46:13.8346349Z"
      }
    },
    {
      "RequestUri": "https://management.azure.com/subscriptions/db1ab6f0-4769-4b27-930e-01e2ef9c123c/resourceGroups/WebPubSubRG-9802/providers/Microsoft.SignalRService/WebPubSub/webpubsub-1075/operationStatuses/5bf27741-87cd-4f76-a608-925018c80cf5?api-version=2021-10-01",
      "RequestMethod": "GET",
      "RequestHeaders": {
        "Authorization": "Sanitized",
        "User-Agent": "azsdk-net-ResourceManager/1.0.0-alpha.20211203.1 (.NET Core 3.1.21; Microsoft Windows 10.0.22000)",
        "x-ms-client-request-id": "fd6fe909f0a862e65f924c0e69b96fec",
        "x-ms-return-client-request-id": "true"
      },
      "RequestBody": null,
      "StatusCode": 200,
      "ResponseHeaders": {
        "Cache-Control": "no-cache",
        "Content-Length": "315",
        "Content-Type": "application/json; charset=utf-8",
        "Date": "Mon, 13 Dec 2021 08:46:43 GMT",
        "Expires": "-1",
        "Pragma": "no-cache",
        "Server": "Kestrel",
        "Strict-Transport-Security": "max-age=31536000; includeSubDomains",
        "X-Content-Type-Options": "nosniff",
        "x-ms-client-request-id": "fd6fe909f0a862e65f924c0e69b96fec",
        "x-ms-correlation-request-id": "e6ea9e93-c1be-4364-87cc-5f4e04113871",
        "x-ms-ratelimit-remaining-subscription-reads": "11843",
        "x-ms-request-id": "cb2286c4-0e7c-4431-b381-5b0171a4a8ae",
        "x-ms-routing-request-id": "SOUTHEASTASIA:20211213T084643Z:e6ea9e93-c1be-4364-87cc-5f4e04113871",
        "x-rp-server-mvid": "7cfc81e1-e072-4b1a-9508-47935e96f667"
      },
      "ResponseBody": {
        "id": "/subscriptions/db1ab6f0-4769-4b27-930e-01e2ef9c123c/resourceGroups/WebPubSubRG-9802/providers/Microsoft.SignalRService/WebPubSub/webpubsub-1075/operationStatuses/5bf27741-87cd-4f76-a608-925018c80cf5",
        "name": "5bf27741-87cd-4f76-a608-925018c80cf5",
        "status": "Running",
        "startTime": "2021-12-13T08:46:13.8346349Z"
      }
    },
    {
      "RequestUri": "https://management.azure.com/subscriptions/db1ab6f0-4769-4b27-930e-01e2ef9c123c/resourceGroups/WebPubSubRG-9802/providers/Microsoft.SignalRService/WebPubSub/webpubsub-1075/operationStatuses/5bf27741-87cd-4f76-a608-925018c80cf5?api-version=2021-10-01",
      "RequestMethod": "GET",
      "RequestHeaders": {
        "Authorization": "Sanitized",
        "User-Agent": "azsdk-net-ResourceManager/1.0.0-alpha.20211203.1 (.NET Core 3.1.21; Microsoft Windows 10.0.22000)",
        "x-ms-client-request-id": "00df79f37d5e167b2b077516e8934346",
        "x-ms-return-client-request-id": "true"
      },
      "RequestBody": null,
      "StatusCode": 200,
      "ResponseHeaders": {
        "Cache-Control": "no-cache",
        "Content-Length": "315",
        "Content-Type": "application/json; charset=utf-8",
        "Date": "Mon, 13 Dec 2021 08:46:44 GMT",
        "Expires": "-1",
        "Pragma": "no-cache",
        "Server": "Kestrel",
        "Strict-Transport-Security": "max-age=31536000; includeSubDomains",
        "X-Content-Type-Options": "nosniff",
        "x-ms-client-request-id": "00df79f37d5e167b2b077516e8934346",
        "x-ms-correlation-request-id": "68ac6247-8155-4d7b-8948-c1608989dc51",
        "x-ms-ratelimit-remaining-subscription-reads": "11842",
        "x-ms-request-id": "0320d797-4452-41e8-93a3-2d952223955f",
        "x-ms-routing-request-id": "SOUTHEASTASIA:20211213T084645Z:68ac6247-8155-4d7b-8948-c1608989dc51",
        "x-rp-server-mvid": "7cfc81e1-e072-4b1a-9508-47935e96f667"
      },
      "ResponseBody": {
        "id": "/subscriptions/db1ab6f0-4769-4b27-930e-01e2ef9c123c/resourceGroups/WebPubSubRG-9802/providers/Microsoft.SignalRService/WebPubSub/webpubsub-1075/operationStatuses/5bf27741-87cd-4f76-a608-925018c80cf5",
        "name": "5bf27741-87cd-4f76-a608-925018c80cf5",
        "status": "Running",
        "startTime": "2021-12-13T08:46:13.8346349Z"
      }
    },
    {
      "RequestUri": "https://management.azure.com/subscriptions/db1ab6f0-4769-4b27-930e-01e2ef9c123c/resourceGroups/WebPubSubRG-9802/providers/Microsoft.SignalRService/WebPubSub/webpubsub-1075/operationStatuses/5bf27741-87cd-4f76-a608-925018c80cf5?api-version=2021-10-01",
      "RequestMethod": "GET",
      "RequestHeaders": {
        "Authorization": "Sanitized",
        "User-Agent": "azsdk-net-ResourceManager/1.0.0-alpha.20211203.1 (.NET Core 3.1.21; Microsoft Windows 10.0.22000)",
        "x-ms-client-request-id": "31ab78ad5da0c2480d2533ef306af62c",
        "x-ms-return-client-request-id": "true"
      },
      "RequestBody": null,
      "StatusCode": 200,
      "ResponseHeaders": {
        "Cache-Control": "no-cache",
        "Content-Length": "315",
        "Content-Type": "application/json; charset=utf-8",
        "Date": "Mon, 13 Dec 2021 08:46:46 GMT",
        "Expires": "-1",
        "Pragma": "no-cache",
        "Server": "Kestrel",
        "Strict-Transport-Security": "max-age=31536000; includeSubDomains",
        "X-Content-Type-Options": "nosniff",
        "x-ms-client-request-id": "31ab78ad5da0c2480d2533ef306af62c",
        "x-ms-correlation-request-id": "fbda1c6b-bc07-4759-abf7-ce433c3322eb",
        "x-ms-ratelimit-remaining-subscription-reads": "11841",
        "x-ms-request-id": "342b2df4-cec8-4bb7-91b1-babc266fd77a",
        "x-ms-routing-request-id": "SOUTHEASTASIA:20211213T084646Z:fbda1c6b-bc07-4759-abf7-ce433c3322eb",
        "x-rp-server-mvid": "7cfc81e1-e072-4b1a-9508-47935e96f667"
      },
      "ResponseBody": {
        "id": "/subscriptions/db1ab6f0-4769-4b27-930e-01e2ef9c123c/resourceGroups/WebPubSubRG-9802/providers/Microsoft.SignalRService/WebPubSub/webpubsub-1075/operationStatuses/5bf27741-87cd-4f76-a608-925018c80cf5",
        "name": "5bf27741-87cd-4f76-a608-925018c80cf5",
        "status": "Running",
        "startTime": "2021-12-13T08:46:13.8346349Z"
      }
    },
    {
      "RequestUri": "https://management.azure.com/subscriptions/db1ab6f0-4769-4b27-930e-01e2ef9c123c/resourceGroups/WebPubSubRG-9802/providers/Microsoft.SignalRService/WebPubSub/webpubsub-1075/operationStatuses/5bf27741-87cd-4f76-a608-925018c80cf5?api-version=2021-10-01",
      "RequestMethod": "GET",
      "RequestHeaders": {
        "Authorization": "Sanitized",
        "User-Agent": "azsdk-net-ResourceManager/1.0.0-alpha.20211203.1 (.NET Core 3.1.21; Microsoft Windows 10.0.22000)",
        "x-ms-client-request-id": "9d95ebdeaf2e8c4f6e58d1a07bd07acb",
        "x-ms-return-client-request-id": "true"
      },
      "RequestBody": null,
      "StatusCode": 200,
      "ResponseHeaders": {
        "Cache-Control": "no-cache",
        "Content-Length": "315",
        "Content-Type": "application/json; charset=utf-8",
        "Date": "Mon, 13 Dec 2021 08:46:47 GMT",
        "Expires": "-1",
        "Pragma": "no-cache",
        "Server": "Kestrel",
        "Strict-Transport-Security": "max-age=31536000; includeSubDomains",
        "X-Content-Type-Options": "nosniff",
        "x-ms-client-request-id": "9d95ebdeaf2e8c4f6e58d1a07bd07acb",
        "x-ms-correlation-request-id": "85deb99e-afcf-43be-8483-36f48f3fd5eb",
        "x-ms-ratelimit-remaining-subscription-reads": "11840",
        "x-ms-request-id": "bbe8f306-e2cd-4beb-85cf-be0cf860c01d",
        "x-ms-routing-request-id": "SOUTHEASTASIA:20211213T084647Z:85deb99e-afcf-43be-8483-36f48f3fd5eb",
        "x-rp-server-mvid": "7cfc81e1-e072-4b1a-9508-47935e96f667"
      },
      "ResponseBody": {
        "id": "/subscriptions/db1ab6f0-4769-4b27-930e-01e2ef9c123c/resourceGroups/WebPubSubRG-9802/providers/Microsoft.SignalRService/WebPubSub/webpubsub-1075/operationStatuses/5bf27741-87cd-4f76-a608-925018c80cf5",
        "name": "5bf27741-87cd-4f76-a608-925018c80cf5",
        "status": "Running",
        "startTime": "2021-12-13T08:46:13.8346349Z"
      }
    },
    {
      "RequestUri": "https://management.azure.com/subscriptions/db1ab6f0-4769-4b27-930e-01e2ef9c123c/resourceGroups/WebPubSubRG-9802/providers/Microsoft.SignalRService/WebPubSub/webpubsub-1075/operationStatuses/5bf27741-87cd-4f76-a608-925018c80cf5?api-version=2021-10-01",
      "RequestMethod": "GET",
      "RequestHeaders": {
        "Authorization": "Sanitized",
        "User-Agent": "azsdk-net-ResourceManager/1.0.0-alpha.20211203.1 (.NET Core 3.1.21; Microsoft Windows 10.0.22000)",
        "x-ms-client-request-id": "f061064f3d0e954c311cf3384a8ce6c1",
        "x-ms-return-client-request-id": "true"
      },
      "RequestBody": null,
      "StatusCode": 200,
      "ResponseHeaders": {
        "Cache-Control": "no-cache",
        "Content-Length": "315",
        "Content-Type": "application/json; charset=utf-8",
        "Date": "Mon, 13 Dec 2021 08:46:48 GMT",
        "Expires": "-1",
        "Pragma": "no-cache",
        "Server": "Kestrel",
        "Strict-Transport-Security": "max-age=31536000; includeSubDomains",
        "X-Content-Type-Options": "nosniff",
        "x-ms-client-request-id": "f061064f3d0e954c311cf3384a8ce6c1",
        "x-ms-correlation-request-id": "acff6b99-aadc-4547-a47d-a5a2a8f32039",
        "x-ms-ratelimit-remaining-subscription-reads": "11839",
        "x-ms-request-id": "5ef1d53d-bf72-48d0-a7f9-fb34c196eac1",
        "x-ms-routing-request-id": "SOUTHEASTASIA:20211213T084649Z:acff6b99-aadc-4547-a47d-a5a2a8f32039",
        "x-rp-server-mvid": "7cfc81e1-e072-4b1a-9508-47935e96f667"
      },
      "ResponseBody": {
        "id": "/subscriptions/db1ab6f0-4769-4b27-930e-01e2ef9c123c/resourceGroups/WebPubSubRG-9802/providers/Microsoft.SignalRService/WebPubSub/webpubsub-1075/operationStatuses/5bf27741-87cd-4f76-a608-925018c80cf5",
        "name": "5bf27741-87cd-4f76-a608-925018c80cf5",
        "status": "Running",
        "startTime": "2021-12-13T08:46:13.8346349Z"
      }
    },
    {
      "RequestUri": "https://management.azure.com/subscriptions/db1ab6f0-4769-4b27-930e-01e2ef9c123c/resourceGroups/WebPubSubRG-9802/providers/Microsoft.SignalRService/WebPubSub/webpubsub-1075/operationStatuses/5bf27741-87cd-4f76-a608-925018c80cf5?api-version=2021-10-01",
      "RequestMethod": "GET",
      "RequestHeaders": {
        "Authorization": "Sanitized",
        "User-Agent": "azsdk-net-ResourceManager/1.0.0-alpha.20211203.1 (.NET Core 3.1.21; Microsoft Windows 10.0.22000)",
        "x-ms-client-request-id": "fc384811a5fdfe18291fc3478ba7473d",
        "x-ms-return-client-request-id": "true"
      },
      "RequestBody": null,
      "StatusCode": 200,
      "ResponseHeaders": {
        "Cache-Control": "no-cache",
        "Content-Length": "315",
        "Content-Type": "application/json; charset=utf-8",
        "Date": "Mon, 13 Dec 2021 08:46:49 GMT",
        "Expires": "-1",
        "Pragma": "no-cache",
        "Server": "Kestrel",
        "Strict-Transport-Security": "max-age=31536000; includeSubDomains",
        "X-Content-Type-Options": "nosniff",
        "x-ms-client-request-id": "fc384811a5fdfe18291fc3478ba7473d",
        "x-ms-correlation-request-id": "b2c3743f-66bb-4fe8-8724-19b14c460921",
        "x-ms-ratelimit-remaining-subscription-reads": "11838",
        "x-ms-request-id": "413850dc-01cc-4fd8-a246-778793ddcdc8",
        "x-ms-routing-request-id": "SOUTHEASTASIA:20211213T084650Z:b2c3743f-66bb-4fe8-8724-19b14c460921",
        "x-rp-server-mvid": "7cfc81e1-e072-4b1a-9508-47935e96f667"
      },
      "ResponseBody": {
        "id": "/subscriptions/db1ab6f0-4769-4b27-930e-01e2ef9c123c/resourceGroups/WebPubSubRG-9802/providers/Microsoft.SignalRService/WebPubSub/webpubsub-1075/operationStatuses/5bf27741-87cd-4f76-a608-925018c80cf5",
        "name": "5bf27741-87cd-4f76-a608-925018c80cf5",
        "status": "Running",
        "startTime": "2021-12-13T08:46:13.8346349Z"
      }
    },
    {
      "RequestUri": "https://management.azure.com/subscriptions/db1ab6f0-4769-4b27-930e-01e2ef9c123c/resourceGroups/WebPubSubRG-9802/providers/Microsoft.SignalRService/WebPubSub/webpubsub-1075/operationStatuses/5bf27741-87cd-4f76-a608-925018c80cf5?api-version=2021-10-01",
      "RequestMethod": "GET",
      "RequestHeaders": {
        "Authorization": "Sanitized",
        "User-Agent": "azsdk-net-ResourceManager/1.0.0-alpha.20211203.1 (.NET Core 3.1.21; Microsoft Windows 10.0.22000)",
        "x-ms-client-request-id": "29a067aa0509a01e9eff6c11bc1642e2",
        "x-ms-return-client-request-id": "true"
      },
      "RequestBody": null,
      "StatusCode": 200,
      "ResponseHeaders": {
        "Cache-Control": "no-cache",
        "Content-Length": "315",
        "Content-Type": "application/json; charset=utf-8",
        "Date": "Mon, 13 Dec 2021 08:46:51 GMT",
        "Expires": "-1",
        "Pragma": "no-cache",
        "Server": "Kestrel",
        "Strict-Transport-Security": "max-age=31536000; includeSubDomains",
        "X-Content-Type-Options": "nosniff",
        "x-ms-client-request-id": "29a067aa0509a01e9eff6c11bc1642e2",
        "x-ms-correlation-request-id": "f6247cab-bfe6-451f-b017-e957435959b0",
        "x-ms-ratelimit-remaining-subscription-reads": "11837",
        "x-ms-request-id": "6f08e953-ed39-4666-ac00-e7d7232e2592",
        "x-ms-routing-request-id": "SOUTHEASTASIA:20211213T084651Z:f6247cab-bfe6-451f-b017-e957435959b0",
        "x-rp-server-mvid": "7cfc81e1-e072-4b1a-9508-47935e96f667"
      },
      "ResponseBody": {
        "id": "/subscriptions/db1ab6f0-4769-4b27-930e-01e2ef9c123c/resourceGroups/WebPubSubRG-9802/providers/Microsoft.SignalRService/WebPubSub/webpubsub-1075/operationStatuses/5bf27741-87cd-4f76-a608-925018c80cf5",
        "name": "5bf27741-87cd-4f76-a608-925018c80cf5",
        "status": "Running",
        "startTime": "2021-12-13T08:46:13.8346349Z"
      }
    },
    {
      "RequestUri": "https://management.azure.com/subscriptions/db1ab6f0-4769-4b27-930e-01e2ef9c123c/resourceGroups/WebPubSubRG-9802/providers/Microsoft.SignalRService/WebPubSub/webpubsub-1075/operationStatuses/5bf27741-87cd-4f76-a608-925018c80cf5?api-version=2021-10-01",
      "RequestMethod": "GET",
      "RequestHeaders": {
        "Authorization": "Sanitized",
        "User-Agent": "azsdk-net-ResourceManager/1.0.0-alpha.20211203.1 (.NET Core 3.1.21; Microsoft Windows 10.0.22000)",
        "x-ms-client-request-id": "328e10717e98a9ceed62c7ef7a050a89",
        "x-ms-return-client-request-id": "true"
      },
      "RequestBody": null,
      "StatusCode": 200,
      "ResponseHeaders": {
        "Cache-Control": "no-cache",
        "Content-Length": "315",
        "Content-Type": "application/json; charset=utf-8",
        "Date": "Mon, 13 Dec 2021 08:46:52 GMT",
        "Expires": "-1",
        "Pragma": "no-cache",
        "Server": "Kestrel",
        "Strict-Transport-Security": "max-age=31536000; includeSubDomains",
        "X-Content-Type-Options": "nosniff",
        "x-ms-client-request-id": "328e10717e98a9ceed62c7ef7a050a89",
        "x-ms-correlation-request-id": "f5bb8a4b-1303-42ef-8e24-b07ba88f3464",
        "x-ms-ratelimit-remaining-subscription-reads": "11836",
        "x-ms-request-id": "b633eaee-ec51-485f-8a8f-7f377216ae19",
        "x-ms-routing-request-id": "SOUTHEASTASIA:20211213T084652Z:f5bb8a4b-1303-42ef-8e24-b07ba88f3464",
        "x-rp-server-mvid": "7cfc81e1-e072-4b1a-9508-47935e96f667"
      },
      "ResponseBody": {
        "id": "/subscriptions/db1ab6f0-4769-4b27-930e-01e2ef9c123c/resourceGroups/WebPubSubRG-9802/providers/Microsoft.SignalRService/WebPubSub/webpubsub-1075/operationStatuses/5bf27741-87cd-4f76-a608-925018c80cf5",
        "name": "5bf27741-87cd-4f76-a608-925018c80cf5",
        "status": "Running",
        "startTime": "2021-12-13T08:46:13.8346349Z"
      }
    },
    {
      "RequestUri": "https://management.azure.com/subscriptions/db1ab6f0-4769-4b27-930e-01e2ef9c123c/resourceGroups/WebPubSubRG-9802/providers/Microsoft.SignalRService/WebPubSub/webpubsub-1075/operationStatuses/5bf27741-87cd-4f76-a608-925018c80cf5?api-version=2021-10-01",
      "RequestMethod": "GET",
      "RequestHeaders": {
        "Authorization": "Sanitized",
        "User-Agent": "azsdk-net-ResourceManager/1.0.0-alpha.20211203.1 (.NET Core 3.1.21; Microsoft Windows 10.0.22000)",
        "x-ms-client-request-id": "e28eb5d5bceb0cb729985efd39074213",
        "x-ms-return-client-request-id": "true"
      },
      "RequestBody": null,
      "StatusCode": 200,
      "ResponseHeaders": {
        "Cache-Control": "no-cache",
        "Content-Length": "315",
        "Content-Type": "application/json; charset=utf-8",
        "Date": "Mon, 13 Dec 2021 08:46:53 GMT",
        "Expires": "-1",
        "Pragma": "no-cache",
        "Server": "Kestrel",
        "Strict-Transport-Security": "max-age=31536000; includeSubDomains",
        "X-Content-Type-Options": "nosniff",
        "x-ms-client-request-id": "e28eb5d5bceb0cb729985efd39074213",
        "x-ms-correlation-request-id": "f436db76-d64e-4ca6-975d-7f36c04db9f3",
        "x-ms-ratelimit-remaining-subscription-reads": "11835",
        "x-ms-request-id": "08a89f68-9873-44a1-b113-3ee14720559c",
        "x-ms-routing-request-id": "SOUTHEASTASIA:20211213T084654Z:f436db76-d64e-4ca6-975d-7f36c04db9f3",
        "x-rp-server-mvid": "7cfc81e1-e072-4b1a-9508-47935e96f667"
      },
      "ResponseBody": {
        "id": "/subscriptions/db1ab6f0-4769-4b27-930e-01e2ef9c123c/resourceGroups/WebPubSubRG-9802/providers/Microsoft.SignalRService/WebPubSub/webpubsub-1075/operationStatuses/5bf27741-87cd-4f76-a608-925018c80cf5",
        "name": "5bf27741-87cd-4f76-a608-925018c80cf5",
        "status": "Running",
        "startTime": "2021-12-13T08:46:13.8346349Z"
      }
    },
    {
      "RequestUri": "https://management.azure.com/subscriptions/db1ab6f0-4769-4b27-930e-01e2ef9c123c/resourceGroups/WebPubSubRG-9802/providers/Microsoft.SignalRService/WebPubSub/webpubsub-1075/operationStatuses/5bf27741-87cd-4f76-a608-925018c80cf5?api-version=2021-10-01",
      "RequestMethod": "GET",
      "RequestHeaders": {
        "Authorization": "Sanitized",
        "User-Agent": "azsdk-net-ResourceManager/1.0.0-alpha.20211203.1 (.NET Core 3.1.21; Microsoft Windows 10.0.22000)",
        "x-ms-client-request-id": "7bd5e1dc14182ca599f63ba63e2f2599",
        "x-ms-return-client-request-id": "true"
      },
      "RequestBody": null,
      "StatusCode": 200,
      "ResponseHeaders": {
        "Cache-Control": "no-cache",
        "Content-Length": "315",
        "Content-Type": "application/json; charset=utf-8",
        "Date": "Mon, 13 Dec 2021 08:46:55 GMT",
        "Expires": "-1",
        "Pragma": "no-cache",
        "Server": "Kestrel",
        "Strict-Transport-Security": "max-age=31536000; includeSubDomains",
        "X-Content-Type-Options": "nosniff",
        "x-ms-client-request-id": "7bd5e1dc14182ca599f63ba63e2f2599",
        "x-ms-correlation-request-id": "52eb5f95-e5d1-4cf4-b2b1-5631b48ae0d4",
        "x-ms-ratelimit-remaining-subscription-reads": "11834",
        "x-ms-request-id": "55a1e419-db80-4283-adf2-669e44aae400",
        "x-ms-routing-request-id": "SOUTHEASTASIA:20211213T084655Z:52eb5f95-e5d1-4cf4-b2b1-5631b48ae0d4",
        "x-rp-server-mvid": "7cfc81e1-e072-4b1a-9508-47935e96f667"
      },
      "ResponseBody": {
        "id": "/subscriptions/db1ab6f0-4769-4b27-930e-01e2ef9c123c/resourceGroups/WebPubSubRG-9802/providers/Microsoft.SignalRService/WebPubSub/webpubsub-1075/operationStatuses/5bf27741-87cd-4f76-a608-925018c80cf5",
        "name": "5bf27741-87cd-4f76-a608-925018c80cf5",
        "status": "Running",
        "startTime": "2021-12-13T08:46:13.8346349Z"
      }
    },
    {
      "RequestUri": "https://management.azure.com/subscriptions/db1ab6f0-4769-4b27-930e-01e2ef9c123c/resourceGroups/WebPubSubRG-9802/providers/Microsoft.SignalRService/WebPubSub/webpubsub-1075/operationStatuses/5bf27741-87cd-4f76-a608-925018c80cf5?api-version=2021-10-01",
      "RequestMethod": "GET",
      "RequestHeaders": {
        "Authorization": "Sanitized",
        "User-Agent": "azsdk-net-ResourceManager/1.0.0-alpha.20211203.1 (.NET Core 3.1.21; Microsoft Windows 10.0.22000)",
        "x-ms-client-request-id": "063be2f55f87b4f6588208001fd070e6",
        "x-ms-return-client-request-id": "true"
      },
      "RequestBody": null,
      "StatusCode": 200,
      "ResponseHeaders": {
        "Cache-Control": "no-cache",
        "Content-Length": "315",
        "Content-Type": "application/json; charset=utf-8",
        "Date": "Mon, 13 Dec 2021 08:46:56 GMT",
        "Expires": "-1",
        "Pragma": "no-cache",
        "Server": "Kestrel",
        "Strict-Transport-Security": "max-age=31536000; includeSubDomains",
        "X-Content-Type-Options": "nosniff",
        "x-ms-client-request-id": "063be2f55f87b4f6588208001fd070e6",
        "x-ms-correlation-request-id": "e204addd-5560-4105-a04d-0974b082ec0d",
        "x-ms-ratelimit-remaining-subscription-reads": "11833",
        "x-ms-request-id": "6bb1bc7f-8677-4924-8192-3f0e5cdcf13d",
        "x-ms-routing-request-id": "SOUTHEASTASIA:20211213T084657Z:e204addd-5560-4105-a04d-0974b082ec0d",
        "x-rp-server-mvid": "7cfc81e1-e072-4b1a-9508-47935e96f667"
      },
      "ResponseBody": {
        "id": "/subscriptions/db1ab6f0-4769-4b27-930e-01e2ef9c123c/resourceGroups/WebPubSubRG-9802/providers/Microsoft.SignalRService/WebPubSub/webpubsub-1075/operationStatuses/5bf27741-87cd-4f76-a608-925018c80cf5",
        "name": "5bf27741-87cd-4f76-a608-925018c80cf5",
        "status": "Running",
        "startTime": "2021-12-13T08:46:13.8346349Z"
      }
    },
    {
      "RequestUri": "https://management.azure.com/subscriptions/db1ab6f0-4769-4b27-930e-01e2ef9c123c/resourceGroups/WebPubSubRG-9802/providers/Microsoft.SignalRService/WebPubSub/webpubsub-1075/operationStatuses/5bf27741-87cd-4f76-a608-925018c80cf5?api-version=2021-10-01",
      "RequestMethod": "GET",
      "RequestHeaders": {
        "Authorization": "Sanitized",
        "User-Agent": "azsdk-net-ResourceManager/1.0.0-alpha.20211203.1 (.NET Core 3.1.21; Microsoft Windows 10.0.22000)",
        "x-ms-client-request-id": "9912b3208e2fc170106249f58011cdfa",
        "x-ms-return-client-request-id": "true"
      },
      "RequestBody": null,
      "StatusCode": 200,
      "ResponseHeaders": {
        "Cache-Control": "no-cache",
        "Content-Length": "315",
        "Content-Type": "application/json; charset=utf-8",
        "Date": "Mon, 13 Dec 2021 08:46:57 GMT",
        "Expires": "-1",
        "Pragma": "no-cache",
        "Server": "Kestrel",
        "Strict-Transport-Security": "max-age=31536000; includeSubDomains",
        "X-Content-Type-Options": "nosniff",
        "x-ms-client-request-id": "9912b3208e2fc170106249f58011cdfa",
        "x-ms-correlation-request-id": "7441bb8b-6fb9-4159-a431-67dfe0eb38c5",
        "x-ms-ratelimit-remaining-subscription-reads": "11832",
        "x-ms-request-id": "be8263bb-a4ee-4a13-87d1-1293d6418509",
        "x-ms-routing-request-id": "SOUTHEASTASIA:20211213T084658Z:7441bb8b-6fb9-4159-a431-67dfe0eb38c5",
        "x-rp-server-mvid": "7cfc81e1-e072-4b1a-9508-47935e96f667"
      },
      "ResponseBody": {
        "id": "/subscriptions/db1ab6f0-4769-4b27-930e-01e2ef9c123c/resourceGroups/WebPubSubRG-9802/providers/Microsoft.SignalRService/WebPubSub/webpubsub-1075/operationStatuses/5bf27741-87cd-4f76-a608-925018c80cf5",
        "name": "5bf27741-87cd-4f76-a608-925018c80cf5",
        "status": "Running",
        "startTime": "2021-12-13T08:46:13.8346349Z"
      }
    },
    {
      "RequestUri": "https://management.azure.com/subscriptions/db1ab6f0-4769-4b27-930e-01e2ef9c123c/resourceGroups/WebPubSubRG-9802/providers/Microsoft.SignalRService/WebPubSub/webpubsub-1075/operationStatuses/5bf27741-87cd-4f76-a608-925018c80cf5?api-version=2021-10-01",
      "RequestMethod": "GET",
      "RequestHeaders": {
        "Authorization": "Sanitized",
        "User-Agent": "azsdk-net-ResourceManager/1.0.0-alpha.20211203.1 (.NET Core 3.1.21; Microsoft Windows 10.0.22000)",
        "x-ms-client-request-id": "5607c5723ccb7d8bea2123960ba50cc8",
        "x-ms-return-client-request-id": "true"
      },
      "RequestBody": null,
      "StatusCode": 200,
      "ResponseHeaders": {
        "Cache-Control": "no-cache",
        "Content-Length": "315",
        "Content-Type": "application/json; charset=utf-8",
        "Date": "Mon, 13 Dec 2021 08:46:59 GMT",
        "Expires": "-1",
        "Pragma": "no-cache",
        "Server": "Kestrel",
        "Strict-Transport-Security": "max-age=31536000; includeSubDomains",
        "X-Content-Type-Options": "nosniff",
        "x-ms-client-request-id": "5607c5723ccb7d8bea2123960ba50cc8",
        "x-ms-correlation-request-id": "968511d4-2492-4131-8b6a-826043221ff2",
        "x-ms-ratelimit-remaining-subscription-reads": "11831",
        "x-ms-request-id": "d51b756b-f085-4bad-9fd3-e62e09364346",
        "x-ms-routing-request-id": "SOUTHEASTASIA:20211213T084659Z:968511d4-2492-4131-8b6a-826043221ff2",
        "x-rp-server-mvid": "7cfc81e1-e072-4b1a-9508-47935e96f667"
      },
      "ResponseBody": {
        "id": "/subscriptions/db1ab6f0-4769-4b27-930e-01e2ef9c123c/resourceGroups/WebPubSubRG-9802/providers/Microsoft.SignalRService/WebPubSub/webpubsub-1075/operationStatuses/5bf27741-87cd-4f76-a608-925018c80cf5",
        "name": "5bf27741-87cd-4f76-a608-925018c80cf5",
        "status": "Running",
        "startTime": "2021-12-13T08:46:13.8346349Z"
      }
    },
    {
      "RequestUri": "https://management.azure.com/subscriptions/db1ab6f0-4769-4b27-930e-01e2ef9c123c/resourceGroups/WebPubSubRG-9802/providers/Microsoft.SignalRService/WebPubSub/webpubsub-1075/operationStatuses/5bf27741-87cd-4f76-a608-925018c80cf5?api-version=2021-10-01",
      "RequestMethod": "GET",
      "RequestHeaders": {
        "Authorization": "Sanitized",
        "User-Agent": "azsdk-net-ResourceManager/1.0.0-alpha.20211203.1 (.NET Core 3.1.21; Microsoft Windows 10.0.22000)",
        "x-ms-client-request-id": "8a8655858c1d676a717af52516003346",
        "x-ms-return-client-request-id": "true"
      },
      "RequestBody": null,
      "StatusCode": 200,
      "ResponseHeaders": {
        "Cache-Control": "no-cache",
        "Content-Length": "315",
        "Content-Type": "application/json; charset=utf-8",
        "Date": "Mon, 13 Dec 2021 08:47:00 GMT",
        "Expires": "-1",
        "Pragma": "no-cache",
        "Server": "Kestrel",
        "Strict-Transport-Security": "max-age=31536000; includeSubDomains",
        "X-Content-Type-Options": "nosniff",
        "x-ms-client-request-id": "8a8655858c1d676a717af52516003346",
        "x-ms-correlation-request-id": "27ae7a0a-59b8-4aff-87a1-654aa6485018",
        "x-ms-ratelimit-remaining-subscription-reads": "11830",
        "x-ms-request-id": "5299769b-22ba-4245-8843-8400a0d27217",
        "x-ms-routing-request-id": "SOUTHEASTASIA:20211213T084700Z:27ae7a0a-59b8-4aff-87a1-654aa6485018",
        "x-rp-server-mvid": "7cfc81e1-e072-4b1a-9508-47935e96f667"
      },
      "ResponseBody": {
        "id": "/subscriptions/db1ab6f0-4769-4b27-930e-01e2ef9c123c/resourceGroups/WebPubSubRG-9802/providers/Microsoft.SignalRService/WebPubSub/webpubsub-1075/operationStatuses/5bf27741-87cd-4f76-a608-925018c80cf5",
        "name": "5bf27741-87cd-4f76-a608-925018c80cf5",
        "status": "Running",
        "startTime": "2021-12-13T08:46:13.8346349Z"
      }
    },
    {
      "RequestUri": "https://management.azure.com/subscriptions/db1ab6f0-4769-4b27-930e-01e2ef9c123c/resourceGroups/WebPubSubRG-9802/providers/Microsoft.SignalRService/WebPubSub/webpubsub-1075/operationStatuses/5bf27741-87cd-4f76-a608-925018c80cf5?api-version=2021-10-01",
      "RequestMethod": "GET",
      "RequestHeaders": {
        "Authorization": "Sanitized",
        "User-Agent": "azsdk-net-ResourceManager/1.0.0-alpha.20211203.1 (.NET Core 3.1.21; Microsoft Windows 10.0.22000)",
        "x-ms-client-request-id": "5a8d0eb51ac8e41b2894ae0e6bdab56b",
        "x-ms-return-client-request-id": "true"
      },
      "RequestBody": null,
      "StatusCode": 200,
      "ResponseHeaders": {
        "Cache-Control": "no-cache",
        "Content-Length": "315",
        "Content-Type": "application/json; charset=utf-8",
        "Date": "Mon, 13 Dec 2021 08:47:01 GMT",
        "Expires": "-1",
        "Pragma": "no-cache",
        "Server": "Kestrel",
        "Strict-Transport-Security": "max-age=31536000; includeSubDomains",
        "X-Content-Type-Options": "nosniff",
        "x-ms-client-request-id": "5a8d0eb51ac8e41b2894ae0e6bdab56b",
        "x-ms-correlation-request-id": "ade89b2e-e759-44e0-8e6b-e377b4456c31",
        "x-ms-ratelimit-remaining-subscription-reads": "11829",
        "x-ms-request-id": "b612c287-55e4-4d46-a1d8-2622e3c86cdd",
        "x-ms-routing-request-id": "SOUTHEASTASIA:20211213T084702Z:ade89b2e-e759-44e0-8e6b-e377b4456c31",
        "x-rp-server-mvid": "7cfc81e1-e072-4b1a-9508-47935e96f667"
      },
      "ResponseBody": {
        "id": "/subscriptions/db1ab6f0-4769-4b27-930e-01e2ef9c123c/resourceGroups/WebPubSubRG-9802/providers/Microsoft.SignalRService/WebPubSub/webpubsub-1075/operationStatuses/5bf27741-87cd-4f76-a608-925018c80cf5",
        "name": "5bf27741-87cd-4f76-a608-925018c80cf5",
        "status": "Running",
        "startTime": "2021-12-13T08:46:13.8346349Z"
      }
    },
    {
      "RequestUri": "https://management.azure.com/subscriptions/db1ab6f0-4769-4b27-930e-01e2ef9c123c/resourceGroups/WebPubSubRG-9802/providers/Microsoft.SignalRService/WebPubSub/webpubsub-1075/operationStatuses/5bf27741-87cd-4f76-a608-925018c80cf5?api-version=2021-10-01",
      "RequestMethod": "GET",
      "RequestHeaders": {
        "Authorization": "Sanitized",
        "User-Agent": "azsdk-net-ResourceManager/1.0.0-alpha.20211203.1 (.NET Core 3.1.21; Microsoft Windows 10.0.22000)",
        "x-ms-client-request-id": "2b708055428be6dd5ba0e450466567ea",
        "x-ms-return-client-request-id": "true"
      },
      "RequestBody": null,
      "StatusCode": 200,
      "ResponseHeaders": {
        "Cache-Control": "no-cache",
        "Content-Length": "315",
        "Content-Type": "application/json; charset=utf-8",
        "Date": "Mon, 13 Dec 2021 08:47:03 GMT",
        "Expires": "-1",
        "Pragma": "no-cache",
        "Server": "Kestrel",
        "Strict-Transport-Security": "max-age=31536000; includeSubDomains",
        "X-Content-Type-Options": "nosniff",
        "x-ms-client-request-id": "2b708055428be6dd5ba0e450466567ea",
        "x-ms-correlation-request-id": "82fa0c8f-4a76-4c34-b523-4bf5aa4f78d7",
        "x-ms-ratelimit-remaining-subscription-reads": "11828",
        "x-ms-request-id": "5c3aa916-c02f-403e-8564-54752e0762b2",
        "x-ms-routing-request-id": "SOUTHEASTASIA:20211213T084703Z:82fa0c8f-4a76-4c34-b523-4bf5aa4f78d7",
        "x-rp-server-mvid": "7cfc81e1-e072-4b1a-9508-47935e96f667"
      },
      "ResponseBody": {
        "id": "/subscriptions/db1ab6f0-4769-4b27-930e-01e2ef9c123c/resourceGroups/WebPubSubRG-9802/providers/Microsoft.SignalRService/WebPubSub/webpubsub-1075/operationStatuses/5bf27741-87cd-4f76-a608-925018c80cf5",
        "name": "5bf27741-87cd-4f76-a608-925018c80cf5",
        "status": "Running",
        "startTime": "2021-12-13T08:46:13.8346349Z"
      }
    },
    {
      "RequestUri": "https://management.azure.com/subscriptions/db1ab6f0-4769-4b27-930e-01e2ef9c123c/resourceGroups/WebPubSubRG-9802/providers/Microsoft.SignalRService/WebPubSub/webpubsub-1075/operationStatuses/5bf27741-87cd-4f76-a608-925018c80cf5?api-version=2021-10-01",
      "RequestMethod": "GET",
      "RequestHeaders": {
        "Authorization": "Sanitized",
        "User-Agent": "azsdk-net-ResourceManager/1.0.0-alpha.20211203.1 (.NET Core 3.1.21; Microsoft Windows 10.0.22000)",
        "x-ms-client-request-id": "fde0dcedb2176a0039a16288dd5cfc96",
        "x-ms-return-client-request-id": "true"
      },
      "RequestBody": null,
      "StatusCode": 200,
      "ResponseHeaders": {
        "Cache-Control": "no-cache",
        "Content-Length": "358",
        "Content-Type": "application/json; charset=utf-8",
        "Date": "Mon, 13 Dec 2021 08:47:04 GMT",
        "Expires": "-1",
        "Pragma": "no-cache",
        "Server": "Kestrel",
        "Strict-Transport-Security": "max-age=31536000; includeSubDomains",
        "X-Content-Type-Options": "nosniff",
        "x-ms-client-request-id": "fde0dcedb2176a0039a16288dd5cfc96",
        "x-ms-correlation-request-id": "77e098fc-bd9d-48da-9b43-1715a03e4d80",
        "x-ms-ratelimit-remaining-subscription-reads": "11827",
        "x-ms-request-id": "b8dad3fa-dd3e-40ba-bc58-4e7958026ac3",
        "x-ms-routing-request-id": "SOUTHEASTASIA:20211213T084704Z:77e098fc-bd9d-48da-9b43-1715a03e4d80",
        "x-rp-server-mvid": "7cfc81e1-e072-4b1a-9508-47935e96f667"
      },
      "ResponseBody": {
        "id": "/subscriptions/db1ab6f0-4769-4b27-930e-01e2ef9c123c/resourceGroups/WebPubSubRG-9802/providers/Microsoft.SignalRService/WebPubSub/webpubsub-1075/operationStatuses/5bf27741-87cd-4f76-a608-925018c80cf5",
        "name": "5bf27741-87cd-4f76-a608-925018c80cf5",
        "status": "Succeeded",
        "startTime": "2021-12-13T08:46:13.8346349Z",
        "endTime": "2021-12-13T08:47:04.0847807Z"
      }
    },
    {
      "RequestUri": "https://management.azure.com/subscriptions/db1ab6f0-4769-4b27-930e-01e2ef9c123c/resourceGroups/WebPubSubRG-9802/providers/Microsoft.SignalRService/webPubSub/webpubsub-1075?api-version=2021-10-01",
      "RequestMethod": "GET",
      "RequestHeaders": {
        "Authorization": "Sanitized",
        "User-Agent": "azsdk-net-ResourceManager/1.0.0-alpha.20211203.1 (.NET Core 3.1.21; Microsoft Windows 10.0.22000)",
        "x-ms-client-request-id": "95d08ac4088f72bb31a7ff2736ca9dc2",
        "x-ms-return-client-request-id": "true"
      },
      "RequestBody": null,
      "StatusCode": 200,
      "ResponseHeaders": {
        "Cache-Control": "no-cache",
        "Content-Length": "1276",
        "Content-Type": "application/json; charset=utf-8",
        "Date": "Mon, 13 Dec 2021 08:47:04 GMT",
        "Expires": "-1",
        "Pragma": "no-cache",
        "Server": "Kestrel",
        "Strict-Transport-Security": "max-age=31536000; includeSubDomains",
        "X-Content-Type-Options": "nosniff",
        "x-ms-client-request-id": "95d08ac4088f72bb31a7ff2736ca9dc2",
        "x-ms-correlation-request-id": "2b1d4e59-75fe-48ae-a17d-35a3db68f521",
        "x-ms-ratelimit-remaining-subscription-reads": "11826",
        "x-ms-request-id": "5e3a565f-86c4-41a9-bc3d-eb7b5c1fca9f",
        "x-ms-routing-request-id": "SOUTHEASTASIA:20211213T084705Z:2b1d4e59-75fe-48ae-a17d-35a3db68f521",
        "x-rp-server-mvid": "7cfc81e1-e072-4b1a-9508-47935e96f667"
      },
      "ResponseBody": {
        "sku": {
          "name": "Standard_S1",
          "tier": "Standard",
          "size": "S1",
          "capacity": 1
        },
        "properties": {
          "provisioningState": "Succeeded",
          "externalIP": "20.51.13.46",
          "hostName": "webpubsub-1075.webpubsub.azure.com",
          "publicPort": 443,
          "serverPort": 443,
          "version": "1.0",
          "privateEndpointConnections": [],
          "sharedPrivateLinkResources": [],
          "tls": {
            "clientCertEnabled": false
          },
          "hostNamePrefix": "webpubsub-1075",
          "liveTraceConfiguration": {
            "enabled": "true",
            "categories": [
              {
                "name": "category-01",
                "enabled": "true"
              }
            ]
          },
          "resourceLogConfiguration": {
            "categories": [
              {
                "name": "category1",
                "enabled": "false"
              }
            ]
          },
          "networkACLs": {
            "defaultAction": "Deny",
            "publicNetwork": {
              "allow": [],
              "deny": [
                "RESTAPI"
              ]
            },
            "privateEndpoints": []
          },
          "publicNetworkAccess": "Enabled",
          "disableLocalAuth": false,
          "disableAadAuth": false
        },
        "systemData": {
          "createdBy": "8e6d47e0-7969-4fde-a62c-4fea4f165e98",
          "createdByType": "Application",
          "createdAt": "2021-12-13T08:46:13.2044943Z",
          "lastModifiedBy": "8e6d47e0-7969-4fde-a62c-4fea4f165e98",
          "lastModifiedByType": "Application",
          "lastModifiedAt": "2021-12-13T08:46:13.2044943Z"
        },
        "location": "westus2",
        "tags": {},
        "id": "/subscriptions/db1ab6f0-4769-4b27-930e-01e2ef9c123c/resourceGroups/WebPubSubRG-9802/providers/Microsoft.SignalRService/WebPubSub/webpubsub-1075",
        "name": "webpubsub-1075",
        "type": "Microsoft.SignalRService/WebPubSub"
      }
    },
    {
      "RequestUri": "https://management.azure.com/subscriptions/db1ab6f0-4769-4b27-930e-01e2ef9c123c/resourceGroups/WebPubSubRG-9802/providers/Microsoft.SignalRService/WebPubSub/webpubsub-1075/operationStatuses/5bf27741-87cd-4f76-a608-925018c80cf5?api-version=2021-10-01",
      "RequestMethod": "GET",
      "RequestHeaders": {
        "Authorization": "Sanitized",
        "User-Agent": "azsdk-net-ResourceManager/1.0.0-alpha.20211203.1 (.NET Core 3.1.21; Microsoft Windows 10.0.22000)",
        "x-ms-client-request-id": "8e21c32db8faa2538006f2e9e05408ff",
        "x-ms-return-client-request-id": "true"
      },
      "RequestBody": null,
      "StatusCode": 200,
      "ResponseHeaders": {
        "Cache-Control": "no-cache",
        "Content-Length": "358",
        "Content-Type": "application/json; charset=utf-8",
        "Date": "Mon, 13 Dec 2021 08:47:05 GMT",
        "Expires": "-1",
        "Pragma": "no-cache",
        "Server": "Kestrel",
        "Strict-Transport-Security": "max-age=31536000; includeSubDomains",
        "X-Content-Type-Options": "nosniff",
        "x-ms-client-request-id": "8e21c32db8faa2538006f2e9e05408ff",
        "x-ms-correlation-request-id": "dc63bc7b-641f-4e8a-86b5-a1e2089b03a6",
        "x-ms-ratelimit-remaining-subscription-reads": "11825",
        "x-ms-request-id": "dd9ab551-4b6c-41db-906c-847fc52e425f",
        "x-ms-routing-request-id": "SOUTHEASTASIA:20211213T084705Z:dc63bc7b-641f-4e8a-86b5-a1e2089b03a6",
        "x-rp-server-mvid": "7cfc81e1-e072-4b1a-9508-47935e96f667"
      },
      "ResponseBody": {
        "id": "/subscriptions/db1ab6f0-4769-4b27-930e-01e2ef9c123c/resourceGroups/WebPubSubRG-9802/providers/Microsoft.SignalRService/WebPubSub/webpubsub-1075/operationStatuses/5bf27741-87cd-4f76-a608-925018c80cf5",
        "name": "5bf27741-87cd-4f76-a608-925018c80cf5",
        "status": "Succeeded",
        "startTime": "2021-12-13T08:46:13.8346349Z",
        "endTime": "2021-12-13T08:47:04.0847807Z"
      }
    },
    {
      "RequestUri": "https://management.azure.com/subscriptions/db1ab6f0-4769-4b27-930e-01e2ef9c123c/resourceGroups/WebPubSubRG-9802/providers/Microsoft.SignalRService/webPubSub/webpubsub-1075?api-version=2021-10-01",
      "RequestMethod": "GET",
      "RequestHeaders": {
        "Authorization": "Sanitized",
        "User-Agent": "azsdk-net-ResourceManager/1.0.0-alpha.20211203.1 (.NET Core 3.1.21; Microsoft Windows 10.0.22000)",
        "x-ms-client-request-id": "bc8c4da4d195e55b216ecc70b2d8346e",
        "x-ms-return-client-request-id": "true"
      },
      "RequestBody": null,
      "StatusCode": 200,
      "ResponseHeaders": {
        "Cache-Control": "no-cache",
        "Content-Length": "1276",
        "Content-Type": "application/json; charset=utf-8",
        "Date": "Mon, 13 Dec 2021 08:47:05 GMT",
        "Expires": "-1",
        "Pragma": "no-cache",
        "Server": "Kestrel",
        "Strict-Transport-Security": "max-age=31536000; includeSubDomains",
        "X-Content-Type-Options": "nosniff",
        "x-ms-client-request-id": "bc8c4da4d195e55b216ecc70b2d8346e",
        "x-ms-correlation-request-id": "29f30708-a7c4-4d3a-8b16-41de852c64e8",
        "x-ms-ratelimit-remaining-subscription-reads": "11824",
        "x-ms-request-id": "a80505f3-9e0a-470e-9ab7-bfd5043706ed",
        "x-ms-routing-request-id": "SOUTHEASTASIA:20211213T084705Z:29f30708-a7c4-4d3a-8b16-41de852c64e8",
        "x-rp-server-mvid": "7cfc81e1-e072-4b1a-9508-47935e96f667"
      },
      "ResponseBody": {
        "sku": {
          "name": "Standard_S1",
          "tier": "Standard",
          "size": "S1",
          "capacity": 1
        },
        "properties": {
          "provisioningState": "Succeeded",
          "externalIP": "20.51.13.46",
          "hostName": "webpubsub-1075.webpubsub.azure.com",
          "publicPort": 443,
          "serverPort": 443,
          "version": "1.0",
          "privateEndpointConnections": [],
          "sharedPrivateLinkResources": [],
          "tls": {
            "clientCertEnabled": false
          },
          "hostNamePrefix": "webpubsub-1075",
          "liveTraceConfiguration": {
            "enabled": "true",
            "categories": [
              {
                "name": "category-01",
                "enabled": "true"
              }
            ]
          },
          "resourceLogConfiguration": {
            "categories": [
              {
                "name": "category1",
                "enabled": "false"
              }
            ]
          },
          "networkACLs": {
            "defaultAction": "Deny",
            "publicNetwork": {
              "allow": [],
              "deny": [
                "RESTAPI"
              ]
            },
            "privateEndpoints": []
          },
          "publicNetworkAccess": "Enabled",
          "disableLocalAuth": false,
          "disableAadAuth": false
        },
        "systemData": {
          "createdBy": "8e6d47e0-7969-4fde-a62c-4fea4f165e98",
          "createdByType": "Application",
          "createdAt": "2021-12-13T08:46:13.2044943Z",
          "lastModifiedBy": "8e6d47e0-7969-4fde-a62c-4fea4f165e98",
          "lastModifiedByType": "Application",
          "lastModifiedAt": "2021-12-13T08:46:13.2044943Z"
        },
        "location": "westus2",
        "tags": {},
        "id": "/subscriptions/db1ab6f0-4769-4b27-930e-01e2ef9c123c/resourceGroups/WebPubSubRG-9802/providers/Microsoft.SignalRService/WebPubSub/webpubsub-1075",
        "name": "webpubsub-1075",
        "type": "Microsoft.SignalRService/WebPubSub"
      }
    },
    {
      "RequestUri": "https://management.azure.com/subscriptions/db1ab6f0-4769-4b27-930e-01e2ef9c123c/resourceGroups/WebPubSubRG-9802/providers/Microsoft.SignalRService/webPubSub/webpubsub-1075?api-version=2021-10-01",
      "RequestMethod": "DELETE",
      "RequestHeaders": {
        "Accept": "application/json",
        "Authorization": "Sanitized",
        "User-Agent": "azsdk-net-ResourceManager.WebPubSub/1.0.0-alpha.20211213.1 (.NET Core 3.1.21; Microsoft Windows 10.0.22000)",
        "x-ms-client-request-id": "195b9f046e3a0c9c362d158815d191dc",
        "x-ms-return-client-request-id": "true"
      },
      "RequestBody": null,
      "StatusCode": 204,
      "ResponseHeaders": {
        "Cache-Control": "no-cache",
        "Date": "Mon, 13 Dec 2021 08:47:08 GMT",
        "Expires": "-1",
        "Pragma": "no-cache",
        "Server": "Kestrel",
        "Strict-Transport-Security": "max-age=31536000; includeSubDomains",
        "X-Content-Type-Options": "nosniff",
        "x-ms-client-request-id": "195b9f046e3a0c9c362d158815d191dc",
        "x-ms-correlation-request-id": "5bcc2920-8324-4db7-8f91-1a59ed5aac65",
        "x-ms-ratelimit-remaining-subscription-deletes": "14997",
        "x-ms-request-id": "7fe00b5d-240c-46ca-aa28-4cc01b1a6768",
        "x-ms-routing-request-id": "SOUTHEASTASIA:20211213T084708Z:5bcc2920-8324-4db7-8f91-1a59ed5aac65",
        "x-rp-server-mvid": "7cfc81e1-e072-4b1a-9508-47935e96f667"
      },
      "ResponseBody": null
    },
    {
      "RequestUri": "https://management.azure.com/subscriptions/db1ab6f0-4769-4b27-930e-01e2ef9c123c/resourceGroups/WebPubSubRG-9802/providers/Microsoft.SignalRService/webPubSub?api-version=2021-10-01",
      "RequestMethod": "GET",
      "RequestHeaders": {
        "Accept": "application/json",
        "Authorization": "Sanitized",
        "User-Agent": "azsdk-net-ResourceManager.WebPubSub/1.0.0-alpha.20211213.1 (.NET Core 3.1.21; Microsoft Windows 10.0.22000)",
        "x-ms-client-request-id": "41e583d2eff936c4b17f8567bbd2cf50",
        "x-ms-return-client-request-id": "true"
      },
      "RequestBody": null,
      "StatusCode": 200,
      "ResponseHeaders": {
        "Cache-Control": "no-cache",
        "Content-Length": "12",
        "Content-Type": "application/json; charset=utf-8",
        "Date": "Mon, 13 Dec 2021 08:47:08 GMT",
        "Expires": "-1",
        "Pragma": "no-cache",
        "Strict-Transport-Security": "max-age=31536000; includeSubDomains",
        "X-Content-Type-Options": "nosniff",
        "x-ms-correlation-request-id": "65bbcd8d-2cbe-4ece-8810-0af76843b545",
        "x-ms-ratelimit-remaining-subscription-reads": "11823",
        "x-ms-request-id": "65bbcd8d-2cbe-4ece-8810-0af76843b545",
        "x-ms-routing-request-id": "SOUTHEASTASIA:20211213T084708Z:65bbcd8d-2cbe-4ece-8810-0af76843b545"
      },
      "ResponseBody": {
        "value": []
      }
    }
  ],
  "Variables": {
    "RandomSeed": "699913736",
    "RESOURCE_MANAGER_URL": null,
    "SUBSCRIPTION_ID": "db1ab6f0-4769-4b27-930e-01e2ef9c123c"
  }
}
