{
  "Entries": [
    {
      "RequestUri": "https://management.azure.com/subscriptions/db1ab6f0-4769-4b27-930e-01e2ef9c123c/resourcegroups/WebPubSubRG-2516?api-version=2021-04-01",
      "RequestMethod": "GET",
      "RequestHeaders": {
        "Accept": "application/json",
        "Authorization": "Sanitized",
        "traceparent": "00-05f8cdf98cb3724fac485c6f8f913787-8191b4846476cf43-00",
        "User-Agent": "azsdk-net-ResourceManager/1.1.2 (.NET Core 3.1.26; Microsoft Windows 10.0.22000)",
        "x-ms-client-request-id": "2ebe18b5d0c9ef16a00bccebdf1d1b66",
        "x-ms-return-client-request-id": "true"
      },
      "RequestBody": null,
      "StatusCode": 200,
      "ResponseHeaders": {
        "Cache-Control": "no-cache",
        "Content-Length": "230",
        "Content-Type": "application/json; charset=utf-8",
        "Date": "Tue, 05 Jul 2022 08:20:08 GMT",
        "Expires": "-1",
        "Pragma": "no-cache",
        "Strict-Transport-Security": "max-age=31536000; includeSubDomains",
        "X-Content-Type-Options": "nosniff",
        "x-ms-correlation-request-id": "54019a96-6073-4dfd-90c6-957ca4298489",
        "x-ms-ratelimit-remaining-subscription-reads": "11696",
        "x-ms-request-id": "54019a96-6073-4dfd-90c6-957ca4298489",
        "x-ms-routing-request-id": "SOUTHEASTASIA:20220705T082009Z:54019a96-6073-4dfd-90c6-957ca4298489"
      },
      "ResponseBody": {
        "id": "/subscriptions/db1ab6f0-4769-4b27-930e-01e2ef9c123c/resourceGroups/WebPubSubRG-2516",
        "name": "WebPubSubRG-2516",
        "type": "Microsoft.Resources/resourceGroups",
        "location": "westus2",
        "properties": {
          "provisioningState": "Succeeded"
        }
      }
    },
    {
      "RequestUri": "https://management.azure.com/subscriptions/db1ab6f0-4769-4b27-930e-01e2ef9c123c/resourceGroups/WebPubSubRG-2516/providers/Microsoft.SignalRService/webPubSub/webpubsub-8908?api-version=2021-10-01",
      "RequestMethod": "PUT",
      "RequestHeaders": {
        "Accept": "application/json",
        "Authorization": "Sanitized",
        "Content-Length": "367",
        "Content-Type": "application/json",
        "traceparent": "00-62dab98efd229b4cae6170e8e20610c3-f7d75d23abfadb4d-00",
        "User-Agent": "azsdk-net-ResourceManager.WebPubSub/1.0.0-alpha.20220705.1 (.NET Core 3.1.26; Microsoft Windows 10.0.22000)",
        "x-ms-client-request-id": "fcd4d325e4beb4797e9d054cca6f57b2",
        "x-ms-return-client-request-id": "true"
      },
      "RequestBody": {
        "sku": {
          "name": "Standard_S1"
        },
        "tags": {},
        "location": "westus2",
        "properties": {
          "liveTraceConfiguration": {
            "enabled": "true",
            "categories": [
              {
                "name": "category-01",
                "enabled": "true"
              }
            ]
          },
          "resourceLogConfiguration": {
            "categories": [
              {
                "name": "category1",
                "enabled": "false"
              }
            ]
          },
          "networkACLs": {
            "defaultAction": "Deny",
            "publicNetwork": {
              "allow": [],
              "deny": [
                "RESTAPI"
              ]
            },
            "privateEndpoints": []
          }
        }
      },
      "StatusCode": 201,
      "ResponseHeaders": {
        "Azure-AsyncOperation": "https://management.azure.com/subscriptions/db1ab6f0-4769-4b27-930e-01e2ef9c123c/resourceGroups/WebPubSubRG-2516/providers/Microsoft.SignalRService/WebPubSub/webpubsub-8908/operationStatuses/9e978e0a-0d7c-4bb0-ba4d-b15f84167c66?api-version=2021-10-01",
        "Cache-Control": "no-cache",
        "Content-Length": "1274",
        "Content-Type": "application/json; charset=utf-8",
        "Date": "Tue, 05 Jul 2022 08:20:13 GMT",
        "Expires": "-1",
        "Location": "https://management.azure.com/subscriptions/db1ab6f0-4769-4b27-930e-01e2ef9c123c/resourceGroups/WebPubSubRG-2516/providers/Microsoft.SignalRService/WebPubSub/webpubsub-8908/operationResults/9e978e0a-0d7c-4bb0-ba4d-b15f84167c66?api-version=2021-10-01",
        "Pragma": "no-cache",
        "Server": "Kestrel",
        "Strict-Transport-Security": "max-age=31536000; includeSubDomains",
        "X-Content-Type-Options": "nosniff",
        "x-ms-client-request-id": "fcd4d325e4beb4797e9d054cca6f57b2",
        "x-ms-correlation-request-id": "993332e4-8084-4018-9729-b74805f2df00",
        "x-ms-ratelimit-remaining-subscription-writes": "1168",
        "x-ms-request-id": "34e26ca8-ab37-4888-8b1b-117496556ba3",
        "x-ms-routing-request-id": "SOUTHEASTASIA:20220705T082013Z:993332e4-8084-4018-9729-b74805f2df00",
        "x-rp-server-mvid": "a7df074e-9833-4af6-8182-5a1fcbe82718"
      },
      "ResponseBody": {
        "sku": {
          "name": "Standard_S1",
          "tier": "Standard",
          "size": "S1",
          "capacity": 1
        },
        "properties": {
          "provisioningState": "Creating",
          "externalIP": null,
          "hostName": "webpubsub-8908.webpubsub.azure.com",
          "publicPort": 443,
          "serverPort": 443,
          "version": "1.0-preview",
          "privateEndpointConnections": [],
          "sharedPrivateLinkResources": [],
          "tls": {
            "clientCertEnabled": false
          },
          "hostNamePrefix": "webpubsub-8908",
          "liveTraceConfiguration": {
            "enabled": "true",
            "categories": [
              {
                "name": "category-01",
                "enabled": "true"
              }
            ]
          },
          "resourceLogConfiguration": {
            "categories": [
              {
                "name": "category1",
                "enabled": "false"
              }
            ]
          },
          "networkACLs": {
            "defaultAction": "Deny",
            "publicNetwork": {
              "allow": [],
              "deny": [
                "RESTAPI"
              ]
            },
            "privateEndpoints": []
          },
          "publicNetworkAccess": "Enabled",
          "disableLocalAuth": false,
          "disableAadAuth": false
        },
        "systemData": {
          "createdBy": "8e6d47e0-7969-4fde-a62c-4fea4f165e98",
          "createdByType": "Application",
          "createdAt": "2022-07-05T08:20:11.4576816Z",
          "lastModifiedBy": "8e6d47e0-7969-4fde-a62c-4fea4f165e98",
          "lastModifiedByType": "Application",
          "lastModifiedAt": "2022-07-05T08:20:11.4576816Z"
        },
        "location": "westus2",
        "tags": {},
        "id": "/subscriptions/db1ab6f0-4769-4b27-930e-01e2ef9c123c/resourceGroups/WebPubSubRG-2516/providers/Microsoft.SignalRService/WebPubSub/webpubsub-8908",
        "name": "webpubsub-8908",
        "type": "Microsoft.SignalRService/WebPubSub"
      }
    },
    {
      "RequestUri": "https://management.azure.com/subscriptions/db1ab6f0-4769-4b27-930e-01e2ef9c123c/resourceGroups/WebPubSubRG-2516/providers/Microsoft.SignalRService/WebPubSub/webpubsub-8908/operationStatuses/9e978e0a-0d7c-4bb0-ba4d-b15f84167c66?api-version=2021-10-01",
      "RequestMethod": "GET",
      "RequestHeaders": {
        "Authorization": "Sanitized",
        "traceparent": "00-62dab98efd229b4cae6170e8e20610c3-4cbb234ad8f55b48-00",
        "User-Agent": "azsdk-net-ResourceManager/1.1.2 (.NET Core 3.1.26; Microsoft Windows 10.0.22000)",
        "x-ms-client-request-id": "8749187a7d1333f644794b3311a3d59b",
        "x-ms-return-client-request-id": "true"
      },
      "RequestBody": null,
      "StatusCode": 200,
      "ResponseHeaders": {
        "Cache-Control": "no-cache",
        "Content-Length": "315",
        "Content-Type": "application/json; charset=utf-8",
        "Date": "Tue, 05 Jul 2022 08:20:13 GMT",
        "Expires": "-1",
        "Pragma": "no-cache",
        "Server": "Kestrel",
        "Strict-Transport-Security": "max-age=31536000; includeSubDomains",
        "X-Content-Type-Options": "nosniff",
        "x-ms-client-request-id": "8749187a7d1333f644794b3311a3d59b",
        "x-ms-correlation-request-id": "cce980d2-29a9-4e1a-b420-e8fffb7d997c",
        "x-ms-ratelimit-remaining-subscription-reads": "11695",
        "x-ms-request-id": "0aa75a6b-8a93-410b-9c56-ce1b5fb46009",
        "x-ms-routing-request-id": "SOUTHEASTASIA:20220705T082013Z:cce980d2-29a9-4e1a-b420-e8fffb7d997c",
        "x-rp-server-mvid": "a7df074e-9833-4af6-8182-5a1fcbe82718"
      },
      "ResponseBody": {
        "id": "/subscriptions/db1ab6f0-4769-4b27-930e-01e2ef9c123c/resourceGroups/WebPubSubRG-2516/providers/Microsoft.SignalRService/WebPubSub/webpubsub-8908/operationStatuses/9e978e0a-0d7c-4bb0-ba4d-b15f84167c66",
        "name": "9e978e0a-0d7c-4bb0-ba4d-b15f84167c66",
        "status": "Running",
        "startTime": "2022-07-05T08:20:12.0608557Z"
      }
    },
    {
      "RequestUri": "https://management.azure.com/subscriptions/db1ab6f0-4769-4b27-930e-01e2ef9c123c/resourceGroups/WebPubSubRG-2516/providers/Microsoft.SignalRService/WebPubSub/webpubsub-8908/operationStatuses/9e978e0a-0d7c-4bb0-ba4d-b15f84167c66?api-version=2021-10-01",
      "RequestMethod": "GET",
      "RequestHeaders": {
        "Authorization": "Sanitized",
        "traceparent": "00-62dab98efd229b4cae6170e8e20610c3-88801946ab1f7e49-00",
        "User-Agent": "azsdk-net-ResourceManager/1.1.2 (.NET Core 3.1.26; Microsoft Windows 10.0.22000)",
        "x-ms-client-request-id": "cfd53875d6a49d19f30d36738af9c39b",
        "x-ms-return-client-request-id": "true"
      },
      "RequestBody": null,
      "StatusCode": 200,
      "ResponseHeaders": {
        "Cache-Control": "no-cache",
        "Content-Length": "315",
        "Content-Type": "application/json; charset=utf-8",
        "Date": "Tue, 05 Jul 2022 08:20:15 GMT",
        "Expires": "-1",
        "Pragma": "no-cache",
        "Server": "Kestrel",
        "Strict-Transport-Security": "max-age=31536000; includeSubDomains",
        "X-Content-Type-Options": "nosniff",
        "x-ms-client-request-id": "cfd53875d6a49d19f30d36738af9c39b",
        "x-ms-correlation-request-id": "c34c47a8-c4aa-417f-b471-0bc98d76cc9a",
        "x-ms-ratelimit-remaining-subscription-reads": "11694",
        "x-ms-request-id": "6da46640-6c28-4217-a7fe-e56157a76909",
        "x-ms-routing-request-id": "SOUTHEASTASIA:20220705T082015Z:c34c47a8-c4aa-417f-b471-0bc98d76cc9a",
        "x-rp-server-mvid": "a7df074e-9833-4af6-8182-5a1fcbe82718"
      },
      "ResponseBody": {
        "id": "/subscriptions/db1ab6f0-4769-4b27-930e-01e2ef9c123c/resourceGroups/WebPubSubRG-2516/providers/Microsoft.SignalRService/WebPubSub/webpubsub-8908/operationStatuses/9e978e0a-0d7c-4bb0-ba4d-b15f84167c66",
        "name": "9e978e0a-0d7c-4bb0-ba4d-b15f84167c66",
        "status": "Running",
        "startTime": "2022-07-05T08:20:12.0608557Z"
      }
    },
    {
      "RequestUri": "https://management.azure.com/subscriptions/db1ab6f0-4769-4b27-930e-01e2ef9c123c/resourceGroups/WebPubSubRG-2516/providers/Microsoft.SignalRService/WebPubSub/webpubsub-8908/operationStatuses/9e978e0a-0d7c-4bb0-ba4d-b15f84167c66?api-version=2021-10-01",
      "RequestMethod": "GET",
      "RequestHeaders": {
        "Authorization": "Sanitized",
        "traceparent": "00-62dab98efd229b4cae6170e8e20610c3-bc61c7a1da839d4b-00",
        "User-Agent": "azsdk-net-ResourceManager/1.1.2 (.NET Core 3.1.26; Microsoft Windows 10.0.22000)",
        "x-ms-client-request-id": "b1d1f85fcf268c9f57434bc33dadb523",
        "x-ms-return-client-request-id": "true"
      },
      "RequestBody": null,
      "StatusCode": 200,
      "ResponseHeaders": {
        "Cache-Control": "no-cache",
        "Content-Length": "315",
        "Content-Type": "application/json; charset=utf-8",
        "Date": "Tue, 05 Jul 2022 08:20:16 GMT",
        "Expires": "-1",
        "Pragma": "no-cache",
        "Server": "Kestrel",
        "Strict-Transport-Security": "max-age=31536000; includeSubDomains",
        "X-Content-Type-Options": "nosniff",
        "x-ms-client-request-id": "b1d1f85fcf268c9f57434bc33dadb523",
        "x-ms-correlation-request-id": "083e57bb-201f-4cb5-8c9e-7dcafc0fb3dd",
        "x-ms-ratelimit-remaining-subscription-reads": "11693",
        "x-ms-request-id": "91396306-c1ae-49f7-931d-58812643bdb6",
        "x-ms-routing-request-id": "SOUTHEASTASIA:20220705T082016Z:083e57bb-201f-4cb5-8c9e-7dcafc0fb3dd",
        "x-rp-server-mvid": "a7df074e-9833-4af6-8182-5a1fcbe82718"
      },
      "ResponseBody": {
        "id": "/subscriptions/db1ab6f0-4769-4b27-930e-01e2ef9c123c/resourceGroups/WebPubSubRG-2516/providers/Microsoft.SignalRService/WebPubSub/webpubsub-8908/operationStatuses/9e978e0a-0d7c-4bb0-ba4d-b15f84167c66",
        "name": "9e978e0a-0d7c-4bb0-ba4d-b15f84167c66",
        "status": "Running",
        "startTime": "2022-07-05T08:20:12.0608557Z"
      }
    },
    {
      "RequestUri": "https://management.azure.com/subscriptions/db1ab6f0-4769-4b27-930e-01e2ef9c123c/resourceGroups/WebPubSubRG-2516/providers/Microsoft.SignalRService/WebPubSub/webpubsub-8908/operationStatuses/9e978e0a-0d7c-4bb0-ba4d-b15f84167c66?api-version=2021-10-01",
      "RequestMethod": "GET",
      "RequestHeaders": {
        "Authorization": "Sanitized",
        "traceparent": "00-62dab98efd229b4cae6170e8e20610c3-06476cdc28de5e4e-00",
        "User-Agent": "azsdk-net-ResourceManager/1.1.2 (.NET Core 3.1.26; Microsoft Windows 10.0.22000)",
        "x-ms-client-request-id": "b80bbe756e0da468ffac94054782a84b",
        "x-ms-return-client-request-id": "true"
      },
      "RequestBody": null,
      "StatusCode": 200,
      "ResponseHeaders": {
        "Cache-Control": "no-cache",
        "Content-Length": "315",
        "Content-Type": "application/json; charset=utf-8",
        "Date": "Tue, 05 Jul 2022 08:20:18 GMT",
        "Expires": "-1",
        "Pragma": "no-cache",
        "Server": "Kestrel",
        "Strict-Transport-Security": "max-age=31536000; includeSubDomains",
        "X-Content-Type-Options": "nosniff",
        "x-ms-client-request-id": "b80bbe756e0da468ffac94054782a84b",
        "x-ms-correlation-request-id": "5df6b08d-8ce5-458e-b20b-d0d9a4deaf12",
        "x-ms-ratelimit-remaining-subscription-reads": "11692",
        "x-ms-request-id": "50bf5413-ffd1-4424-a28d-f4030c60fc62",
        "x-ms-routing-request-id": "SOUTHEASTASIA:20220705T082018Z:5df6b08d-8ce5-458e-b20b-d0d9a4deaf12",
        "x-rp-server-mvid": "a7df074e-9833-4af6-8182-5a1fcbe82718"
      },
      "ResponseBody": {
        "id": "/subscriptions/db1ab6f0-4769-4b27-930e-01e2ef9c123c/resourceGroups/WebPubSubRG-2516/providers/Microsoft.SignalRService/WebPubSub/webpubsub-8908/operationStatuses/9e978e0a-0d7c-4bb0-ba4d-b15f84167c66",
        "name": "9e978e0a-0d7c-4bb0-ba4d-b15f84167c66",
        "status": "Running",
        "startTime": "2022-07-05T08:20:12.0608557Z"
      }
    },
    {
      "RequestUri": "https://management.azure.com/subscriptions/db1ab6f0-4769-4b27-930e-01e2ef9c123c/resourceGroups/WebPubSubRG-2516/providers/Microsoft.SignalRService/WebPubSub/webpubsub-8908/operationStatuses/9e978e0a-0d7c-4bb0-ba4d-b15f84167c66?api-version=2021-10-01",
      "RequestMethod": "GET",
      "RequestHeaders": {
        "Authorization": "Sanitized",
        "traceparent": "00-62dab98efd229b4cae6170e8e20610c3-dce332eae231ca45-00",
        "User-Agent": "azsdk-net-ResourceManager/1.1.2 (.NET Core 3.1.26; Microsoft Windows 10.0.22000)",
        "x-ms-client-request-id": "18d3b0b523d1a575984878608a565f45",
        "x-ms-return-client-request-id": "true"
      },
      "RequestBody": null,
      "StatusCode": 200,
      "ResponseHeaders": {
        "Cache-Control": "no-cache",
        "Content-Length": "315",
        "Content-Type": "application/json; charset=utf-8",
        "Date": "Tue, 05 Jul 2022 08:20:20 GMT",
        "Expires": "-1",
        "Pragma": "no-cache",
        "Server": "Kestrel",
        "Strict-Transport-Security": "max-age=31536000; includeSubDomains",
        "X-Content-Type-Options": "nosniff",
        "x-ms-client-request-id": "18d3b0b523d1a575984878608a565f45",
        "x-ms-correlation-request-id": "fb3a2582-6b78-409c-8377-13f446132d41",
        "x-ms-ratelimit-remaining-subscription-reads": "11691",
        "x-ms-request-id": "da793d14-630c-4687-832d-55ea23558272",
        "x-ms-routing-request-id": "SOUTHEASTASIA:20220705T082020Z:fb3a2582-6b78-409c-8377-13f446132d41",
        "x-rp-server-mvid": "a7df074e-9833-4af6-8182-5a1fcbe82718"
      },
      "ResponseBody": {
        "id": "/subscriptions/db1ab6f0-4769-4b27-930e-01e2ef9c123c/resourceGroups/WebPubSubRG-2516/providers/Microsoft.SignalRService/WebPubSub/webpubsub-8908/operationStatuses/9e978e0a-0d7c-4bb0-ba4d-b15f84167c66",
        "name": "9e978e0a-0d7c-4bb0-ba4d-b15f84167c66",
        "status": "Running",
        "startTime": "2022-07-05T08:20:12.0608557Z"
      }
    },
    {
      "RequestUri": "https://management.azure.com/subscriptions/db1ab6f0-4769-4b27-930e-01e2ef9c123c/resourceGroups/WebPubSubRG-2516/providers/Microsoft.SignalRService/WebPubSub/webpubsub-8908/operationStatuses/9e978e0a-0d7c-4bb0-ba4d-b15f84167c66?api-version=2021-10-01",
      "RequestMethod": "GET",
      "RequestHeaders": {
        "Authorization": "Sanitized",
        "traceparent": "00-62dab98efd229b4cae6170e8e20610c3-273139e717f2c746-00",
        "User-Agent": "azsdk-net-ResourceManager/1.1.2 (.NET Core 3.1.26; Microsoft Windows 10.0.22000)",
        "x-ms-client-request-id": "ccfe12580bedf08d902db27a3b9a45d4",
        "x-ms-return-client-request-id": "true"
      },
      "RequestBody": null,
      "StatusCode": 200,
      "ResponseHeaders": {
        "Cache-Control": "no-cache",
        "Content-Length": "315",
        "Content-Type": "application/json; charset=utf-8",
        "Date": "Tue, 05 Jul 2022 08:20:25 GMT",
        "Expires": "-1",
        "Pragma": "no-cache",
        "Server": "Kestrel",
        "Strict-Transport-Security": "max-age=31536000; includeSubDomains",
        "X-Content-Type-Options": "nosniff",
        "x-ms-client-request-id": "ccfe12580bedf08d902db27a3b9a45d4",
        "x-ms-correlation-request-id": "242851f0-edc9-4ea4-89e6-ad7dbd247ec0",
        "x-ms-ratelimit-remaining-subscription-reads": "11690",
        "x-ms-request-id": "5a4cb1ff-00c5-4af8-b144-f8b92b4ae21a",
        "x-ms-routing-request-id": "SOUTHEASTASIA:20220705T082025Z:242851f0-edc9-4ea4-89e6-ad7dbd247ec0",
        "x-rp-server-mvid": "a7df074e-9833-4af6-8182-5a1fcbe82718"
      },
      "ResponseBody": {
        "id": "/subscriptions/db1ab6f0-4769-4b27-930e-01e2ef9c123c/resourceGroups/WebPubSubRG-2516/providers/Microsoft.SignalRService/WebPubSub/webpubsub-8908/operationStatuses/9e978e0a-0d7c-4bb0-ba4d-b15f84167c66",
        "name": "9e978e0a-0d7c-4bb0-ba4d-b15f84167c66",
        "status": "Running",
        "startTime": "2022-07-05T08:20:12.0608557Z"
      }
    },
    {
      "RequestUri": "https://management.azure.com/subscriptions/db1ab6f0-4769-4b27-930e-01e2ef9c123c/resourceGroups/WebPubSubRG-2516/providers/Microsoft.SignalRService/WebPubSub/webpubsub-8908/operationStatuses/9e978e0a-0d7c-4bb0-ba4d-b15f84167c66?api-version=2021-10-01",
      "RequestMethod": "GET",
      "RequestHeaders": {
        "Authorization": "Sanitized",
        "traceparent": "00-62dab98efd229b4cae6170e8e20610c3-5bb92e33f45fa64e-00",
        "User-Agent": "azsdk-net-ResourceManager/1.1.2 (.NET Core 3.1.26; Microsoft Windows 10.0.22000)",
        "x-ms-client-request-id": "8d0d009a9dda515249651fc5f6071aa9",
        "x-ms-return-client-request-id": "true"
      },
      "RequestBody": null,
      "StatusCode": 200,
      "ResponseHeaders": {
        "Cache-Control": "no-cache",
        "Content-Length": "315",
        "Content-Type": "application/json; charset=utf-8",
        "Date": "Tue, 05 Jul 2022 08:20:33 GMT",
        "Expires": "-1",
        "Pragma": "no-cache",
        "Server": "Kestrel",
        "Strict-Transport-Security": "max-age=31536000; includeSubDomains",
        "X-Content-Type-Options": "nosniff",
        "x-ms-client-request-id": "8d0d009a9dda515249651fc5f6071aa9",
        "x-ms-correlation-request-id": "67bdceae-fcb0-40b6-bd31-2300d0a3a636",
        "x-ms-ratelimit-remaining-subscription-reads": "11689",
        "x-ms-request-id": "cf55cba2-2d62-472a-97e0-4915de751695",
        "x-ms-routing-request-id": "SOUTHEASTASIA:20220705T082033Z:67bdceae-fcb0-40b6-bd31-2300d0a3a636",
        "x-rp-server-mvid": "a7df074e-9833-4af6-8182-5a1fcbe82718"
      },
      "ResponseBody": {
        "id": "/subscriptions/db1ab6f0-4769-4b27-930e-01e2ef9c123c/resourceGroups/WebPubSubRG-2516/providers/Microsoft.SignalRService/WebPubSub/webpubsub-8908/operationStatuses/9e978e0a-0d7c-4bb0-ba4d-b15f84167c66",
        "name": "9e978e0a-0d7c-4bb0-ba4d-b15f84167c66",
        "status": "Running",
        "startTime": "2022-07-05T08:20:12.0608557Z"
      }
    },
    {
      "RequestUri": "https://management.azure.com/subscriptions/db1ab6f0-4769-4b27-930e-01e2ef9c123c/resourceGroups/WebPubSubRG-2516/providers/Microsoft.SignalRService/WebPubSub/webpubsub-8908/operationStatuses/9e978e0a-0d7c-4bb0-ba4d-b15f84167c66?api-version=2021-10-01",
      "RequestMethod": "GET",
      "RequestHeaders": {
        "Authorization": "Sanitized",
        "traceparent": "00-62dab98efd229b4cae6170e8e20610c3-9cd3ed8e24113641-00",
        "User-Agent": "azsdk-net-ResourceManager/1.1.2 (.NET Core 3.1.26; Microsoft Windows 10.0.22000)",
        "x-ms-client-request-id": "35ad4f4cdc84aa5d22e288a470fb6afe",
        "x-ms-return-client-request-id": "true"
      },
      "RequestBody": null,
      "StatusCode": 200,
      "ResponseHeaders": {
        "Cache-Control": "no-cache",
        "Content-Length": "315",
        "Content-Type": "application/json; charset=utf-8",
        "Date": "Tue, 05 Jul 2022 08:20:49 GMT",
        "Expires": "-1",
        "Pragma": "no-cache",
        "Server": "Kestrel",
        "Strict-Transport-Security": "max-age=31536000; includeSubDomains",
        "X-Content-Type-Options": "nosniff",
        "x-ms-client-request-id": "35ad4f4cdc84aa5d22e288a470fb6afe",
        "x-ms-correlation-request-id": "6efc7a94-59cc-4ff9-bf6c-46b2a704c9a0",
        "x-ms-ratelimit-remaining-subscription-reads": "11688",
        "x-ms-request-id": "299877d3-bcc1-49c5-af0b-3ea1db518afe",
        "x-ms-routing-request-id": "SOUTHEASTASIA:20220705T082050Z:6efc7a94-59cc-4ff9-bf6c-46b2a704c9a0",
        "x-rp-server-mvid": "a7df074e-9833-4af6-8182-5a1fcbe82718"
      },
      "ResponseBody": {
        "id": "/subscriptions/db1ab6f0-4769-4b27-930e-01e2ef9c123c/resourceGroups/WebPubSubRG-2516/providers/Microsoft.SignalRService/WebPubSub/webpubsub-8908/operationStatuses/9e978e0a-0d7c-4bb0-ba4d-b15f84167c66",
        "name": "9e978e0a-0d7c-4bb0-ba4d-b15f84167c66",
        "status": "Running",
        "startTime": "2022-07-05T08:20:12.0608557Z"
      }
    },
    {
      "RequestUri": "https://management.azure.com/subscriptions/db1ab6f0-4769-4b27-930e-01e2ef9c123c/resourceGroups/WebPubSubRG-2516/providers/Microsoft.SignalRService/WebPubSub/webpubsub-8908/operationStatuses/9e978e0a-0d7c-4bb0-ba4d-b15f84167c66?api-version=2021-10-01",
      "RequestMethod": "GET",
      "RequestHeaders": {
        "Authorization": "Sanitized",
        "traceparent": "00-62dab98efd229b4cae6170e8e20610c3-97057878b55c6e44-00",
        "User-Agent": "azsdk-net-ResourceManager/1.1.2 (.NET Core 3.1.26; Microsoft Windows 10.0.22000)",
        "x-ms-client-request-id": "8ac6a403d248ba6bc0ac8388ebc8fa88",
        "x-ms-return-client-request-id": "true"
      },
      "RequestBody": null,
      "StatusCode": 200,
      "ResponseHeaders": {
        "Cache-Control": "no-cache",
        "Content-Length": "358",
        "Content-Type": "application/json; charset=utf-8",
        "Date": "Tue, 05 Jul 2022 08:21:22 GMT",
        "Expires": "-1",
        "Pragma": "no-cache",
        "Server": "Kestrel",
        "Strict-Transport-Security": "max-age=31536000; includeSubDomains",
        "X-Content-Type-Options": "nosniff",
        "x-ms-client-request-id": "8ac6a403d248ba6bc0ac8388ebc8fa88",
        "x-ms-correlation-request-id": "9c077cf2-f558-430b-81c5-3983edb609d5",
        "x-ms-ratelimit-remaining-subscription-reads": "11687",
        "x-ms-request-id": "5ded3c3e-d894-4667-8dd5-e34de0b97ecd",
        "x-ms-routing-request-id": "SOUTHEASTASIA:20220705T082122Z:9c077cf2-f558-430b-81c5-3983edb609d5",
        "x-rp-server-mvid": "a7df074e-9833-4af6-8182-5a1fcbe82718"
      },
      "ResponseBody": {
        "id": "/subscriptions/db1ab6f0-4769-4b27-930e-01e2ef9c123c/resourceGroups/WebPubSubRG-2516/providers/Microsoft.SignalRService/WebPubSub/webpubsub-8908/operationStatuses/9e978e0a-0d7c-4bb0-ba4d-b15f84167c66",
        "name": "9e978e0a-0d7c-4bb0-ba4d-b15f84167c66",
        "status": "Succeeded",
        "startTime": "2022-07-05T08:20:12.0608557Z",
        "endTime": "2022-07-05T08:21:22.3124407Z"
      }
    },
    {
      "RequestUri": "https://management.azure.com/subscriptions/db1ab6f0-4769-4b27-930e-01e2ef9c123c/resourceGroups/WebPubSubRG-2516/providers/Microsoft.SignalRService/webPubSub/webpubsub-8908?api-version=2021-10-01",
      "RequestMethod": "GET",
      "RequestHeaders": {
        "Authorization": "Sanitized",
        "traceparent": "00-62dab98efd229b4cae6170e8e20610c3-f74c4d8fe740884e-00",
        "User-Agent": "azsdk-net-ResourceManager/1.1.2 (.NET Core 3.1.26; Microsoft Windows 10.0.22000)",
        "x-ms-client-request-id": "ec2d091310edbe4fa2636af715ade04d",
        "x-ms-return-client-request-id": "true"
      },
      "RequestBody": null,
      "StatusCode": 200,
      "ResponseHeaders": {
        "Cache-Control": "no-cache",
        "Content-Length": "1276",
        "Content-Type": "application/json; charset=utf-8",
        "Date": "Tue, 05 Jul 2022 08:21:22 GMT",
        "Expires": "-1",
        "Pragma": "no-cache",
        "Server": "Kestrel",
        "Strict-Transport-Security": "max-age=31536000; includeSubDomains",
        "X-Content-Type-Options": "nosniff",
        "x-ms-client-request-id": "ec2d091310edbe4fa2636af715ade04d",
        "x-ms-correlation-request-id": "53b62626-f898-4ec4-bead-9f57282a3d57",
        "x-ms-ratelimit-remaining-subscription-reads": "11686",
        "x-ms-request-id": "935f2681-6b25-401a-8abd-46d986e29810",
        "x-ms-routing-request-id": "SOUTHEASTASIA:20220705T082122Z:53b62626-f898-4ec4-bead-9f57282a3d57",
        "x-rp-server-mvid": "a7df074e-9833-4af6-8182-5a1fcbe82718"
      },
      "ResponseBody": {
        "sku": {
          "name": "Standard_S1",
          "tier": "Standard",
          "size": "S1",
          "capacity": 1
        },
        "properties": {
          "provisioningState": "Succeeded",
          "externalIP": "20.51.13.52",
          "hostName": "webpubsub-8908.webpubsub.azure.com",
          "publicPort": 443,
          "serverPort": 443,
          "version": "1.0",
          "privateEndpointConnections": [],
          "sharedPrivateLinkResources": [],
          "tls": {
            "clientCertEnabled": false
          },
          "hostNamePrefix": "webpubsub-8908",
          "liveTraceConfiguration": {
            "enabled": "true",
            "categories": [
              {
                "name": "category-01",
                "enabled": "true"
              }
            ]
          },
          "resourceLogConfiguration": {
            "categories": [
              {
                "name": "category1",
                "enabled": "false"
              }
            ]
          },
          "networkACLs": {
            "defaultAction": "Deny",
            "publicNetwork": {
              "allow": [],
              "deny": [
                "RESTAPI"
              ]
            },
            "privateEndpoints": []
          },
          "publicNetworkAccess": "Enabled",
          "disableLocalAuth": false,
          "disableAadAuth": false
        },
        "systemData": {
          "createdBy": "8e6d47e0-7969-4fde-a62c-4fea4f165e98",
          "createdByType": "Application",
          "createdAt": "2022-07-05T08:20:11.4576816Z",
          "lastModifiedBy": "8e6d47e0-7969-4fde-a62c-4fea4f165e98",
          "lastModifiedByType": "Application",
          "lastModifiedAt": "2022-07-05T08:20:11.4576816Z"
        },
        "location": "westus2",
        "tags": {},
        "id": "/subscriptions/db1ab6f0-4769-4b27-930e-01e2ef9c123c/resourceGroups/WebPubSubRG-2516/providers/Microsoft.SignalRService/WebPubSub/webpubsub-8908",
        "name": "webpubsub-8908",
        "type": "Microsoft.SignalRService/WebPubSub"
      }
    },
    {
      "RequestUri": "https://management.azure.com/subscriptions/db1ab6f0-4769-4b27-930e-01e2ef9c123c/resourceGroups/WebPubSubRG-2516/providers/Microsoft.SignalRService/webPubSub?api-version=2021-10-01",
      "RequestMethod": "GET",
      "RequestHeaders": {
        "Accept": "application/json",
        "Authorization": "Sanitized",
        "traceparent": "00-11b40a195622ce47a12e1e7f0eab6e91-9669071025849d4c-00",
        "User-Agent": "azsdk-net-ResourceManager.WebPubSub/1.0.0-alpha.20220705.1 (.NET Core 3.1.26; Microsoft Windows 10.0.22000)",
        "x-ms-client-request-id": "52c121fb90417a60e3f274d758d5be5a",
        "x-ms-return-client-request-id": "true"
      },
      "RequestBody": null,
      "StatusCode": 200,
      "ResponseHeaders": {
        "Cache-Control": "no-cache",
        "Content-Length": "1288",
        "Content-Type": "application/json; charset=utf-8",
        "Date": "Tue, 05 Jul 2022 08:21:22 GMT",
        "Expires": "-1",
        "Pragma": "no-cache",
        "Server": "Kestrel",
        "Strict-Transport-Security": "max-age=31536000; includeSubDomains",
        "X-Content-Type-Options": "nosniff",
        "x-ms-client-request-id": "52c121fb90417a60e3f274d758d5be5a",
        "x-ms-correlation-request-id": "7b92d052-4c9c-4546-a1b3-d93da716ce5e",
        "x-ms-ratelimit-remaining-subscription-reads": "11685",
        "x-ms-request-id": "594972e3-b07a-4cc6-8745-2c9b37aee3e1",
        "x-ms-routing-request-id": "SOUTHEASTASIA:20220705T082123Z:7b92d052-4c9c-4546-a1b3-d93da716ce5e",
        "x-rp-server-mvid": "a7df074e-9833-4af6-8182-5a1fcbe82718"
      },
      "ResponseBody": {
        "value": [
          {
            "sku": {
              "name": "Standard_S1",
              "tier": "Standard",
              "size": "S1",
              "capacity": 1
            },
            "properties": {
              "provisioningState": "Succeeded",
              "externalIP": "20.51.13.52",
              "hostName": "webpubsub-8908.webpubsub.azure.com",
              "publicPort": 443,
              "serverPort": 443,
              "version": "1.0",
              "privateEndpointConnections": [],
              "sharedPrivateLinkResources": [],
              "tls": {
                "clientCertEnabled": false
              },
              "hostNamePrefix": "webpubsub-8908",
              "liveTraceConfiguration": {
                "enabled": "true",
                "categories": [
                  {
                    "name": "category-01",
                    "enabled": "true"
                  }
                ]
              },
              "resourceLogConfiguration": {
                "categories": [
                  {
                    "name": "category1",
                    "enabled": "false"
                  }
                ]
              },
              "networkACLs": {
                "defaultAction": "Deny",
                "publicNetwork": {
                  "allow": [],
                  "deny": [
                    "RESTAPI"
                  ]
                },
                "privateEndpoints": []
              },
              "publicNetworkAccess": "Enabled",
              "disableLocalAuth": false,
              "disableAadAuth": false
            },
            "systemData": {
              "createdBy": "8e6d47e0-7969-4fde-a62c-4fea4f165e98",
              "createdByType": "Application",
              "createdAt": "2022-07-05T08:20:11.4576816Z",
              "lastModifiedBy": "8e6d47e0-7969-4fde-a62c-4fea4f165e98",
              "lastModifiedByType": "Application",
              "lastModifiedAt": "2022-07-05T08:20:11.4576816Z"
            },
            "location": "westus2",
            "tags": {},
            "id": "/subscriptions/db1ab6f0-4769-4b27-930e-01e2ef9c123c/resourceGroups/WebPubSubRG-2516/providers/Microsoft.SignalRService/WebPubSub/webpubsub-8908",
            "name": "webpubsub-8908",
            "type": "Microsoft.SignalRService/WebPubSub"
          }
        ]
      }
    },
    {
      "RequestUri": "https://management.azure.com/subscriptions/db1ab6f0-4769-4b27-930e-01e2ef9c123c/resourceGroups/WebPubSubRG-2516/providers/Microsoft.SignalRService/webPubSub?api-version=2021-10-01",
      "RequestMethod": "GET",
      "RequestHeaders": {
        "Accept": "application/json",
        "Authorization": "Sanitized",
        "traceparent": "00-32ac2164857dae4490de72c17b5ca085-4d6dc8a90e13fc4f-00",
        "User-Agent": "azsdk-net-ResourceManager.WebPubSub/1.0.0-alpha.20220705.1 (.NET Core 3.1.26; Microsoft Windows 10.0.22000)",
        "x-ms-client-request-id": "6691ffe87ecdf3105407e7e56773a512",
        "x-ms-return-client-request-id": "true"
      },
      "RequestBody": null,
      "StatusCode": 200,
      "ResponseHeaders": {
        "Cache-Control": "no-cache",
        "Content-Length": "1288",
        "Content-Type": "application/json; charset=utf-8",
        "Date": "Tue, 05 Jul 2022 08:21:23 GMT",
        "Expires": "-1",
        "Pragma": "no-cache",
        "Server": "Kestrel",
        "Strict-Transport-Security": "max-age=31536000; includeSubDomains",
        "X-Content-Type-Options": "nosniff",
        "x-ms-client-request-id": "6691ffe87ecdf3105407e7e56773a512",
        "x-ms-correlation-request-id": "a9086e9b-a6c0-414f-ad2a-d3fdb01d110b",
        "x-ms-ratelimit-remaining-subscription-reads": "11684",
        "x-ms-request-id": "f8d421ea-5322-4cd8-9e4f-4e7cd72b9c1a",
        "x-ms-routing-request-id": "SOUTHEASTASIA:20220705T082123Z:a9086e9b-a6c0-414f-ad2a-d3fdb01d110b",
        "x-rp-server-mvid": "a7df074e-9833-4af6-8182-5a1fcbe82718"
      },
      "ResponseBody": {
        "value": [
          {
            "sku": {
              "name": "Standard_S1",
              "tier": "Standard",
              "size": "S1",
              "capacity": 1
            },
            "properties": {
              "provisioningState": "Succeeded",
              "externalIP": "20.51.13.52",
              "hostName": "webpubsub-8908.webpubsub.azure.com",
              "publicPort": 443,
              "serverPort": 443,
              "version": "1.0",
              "privateEndpointConnections": [],
              "sharedPrivateLinkResources": [],
              "tls": {
                "clientCertEnabled": false
              },
              "hostNamePrefix": "webpubsub-8908",
              "liveTraceConfiguration": {
                "enabled": "true",
                "categories": [
                  {
                    "name": "category-01",
                    "enabled": "true"
                  }
                ]
              },
              "resourceLogConfiguration": {
                "categories": [
                  {
                    "name": "category1",
                    "enabled": "false"
                  }
                ]
              },
              "networkACLs": {
                "defaultAction": "Deny",
                "publicNetwork": {
                  "allow": [],
                  "deny": [
                    "RESTAPI"
                  ]
                },
                "privateEndpoints": []
              },
              "publicNetworkAccess": "Enabled",
              "disableLocalAuth": false,
              "disableAadAuth": false
            },
            "systemData": {
              "createdBy": "8e6d47e0-7969-4fde-a62c-4fea4f165e98",
              "createdByType": "Application",
              "createdAt": "2022-07-05T08:20:11.4576816Z",
              "lastModifiedBy": "8e6d47e0-7969-4fde-a62c-4fea4f165e98",
              "lastModifiedByType": "Application",
              "lastModifiedAt": "2022-07-05T08:20:11.4576816Z"
            },
            "location": "westus2",
            "tags": {},
            "id": "/subscriptions/db1ab6f0-4769-4b27-930e-01e2ef9c123c/resourceGroups/WebPubSubRG-2516/providers/Microsoft.SignalRService/WebPubSub/webpubsub-8908",
            "name": "webpubsub-8908",
            "type": "Microsoft.SignalRService/WebPubSub"
          }
        ]
      }
    },
    {
      "RequestUri": "https://management.azure.com/subscriptions/db1ab6f0-4769-4b27-930e-01e2ef9c123c/resourceGroups/WebPubSubRG-2516/providers/Microsoft.SignalRService/webPubSub/webpubsub-8908?api-version=2021-10-01",
      "RequestMethod": "DELETE",
      "RequestHeaders": {
        "Accept": "application/json",
        "Authorization": "Sanitized",
        "traceparent": "00-350335178d45534d88e52c120f76db1f-72737dd44469c647-00",
        "User-Agent": "azsdk-net-ResourceManager.WebPubSub/1.0.0-alpha.20220705.1 (.NET Core 3.1.26; Microsoft Windows 10.0.22000)",
        "x-ms-client-request-id": "ca8c35cba8068347a9b308fb9b7765cc",
        "x-ms-return-client-request-id": "true"
      },
      "RequestBody": null,
      "StatusCode": 204,
      "ResponseHeaders": {
        "Cache-Control": "no-cache",
        "Date": "Tue, 05 Jul 2022 08:21:26 GMT",
        "Expires": "-1",
        "Pragma": "no-cache",
        "Server": "Kestrel",
        "Strict-Transport-Security": "max-age=31536000; includeSubDomains",
        "X-Content-Type-Options": "nosniff",
        "x-ms-client-request-id": "ca8c35cba8068347a9b308fb9b7765cc",
        "x-ms-correlation-request-id": "e3b60363-2ac2-4a86-a3e0-74ab76f6b308",
        "x-ms-ratelimit-remaining-subscription-deletes": "14974",
        "x-ms-request-id": "2d0aaa20-c39d-4f12-8d69-ce31ce01f4f5",
        "x-ms-routing-request-id": "SOUTHEASTASIA:20220705T082126Z:e3b60363-2ac2-4a86-a3e0-74ab76f6b308",
        "x-rp-server-mvid": "a7df074e-9833-4af6-8182-5a1fcbe82718"
      },
      "ResponseBody": null
    }
  ],
  "Variables": {
    "AZURE_AUTHORITY_HOST": "https://login.microsoftonline.com",
    "RandomSeed": "1441263772",
    "RESOURCE_MANAGER_URL": null,
    "SUBSCRIPTION_ID": "db1ab6f0-4769-4b27-930e-01e2ef9c123c"
  }
}
