{
  "Entries": [
    {
      "RequestUri": "https://seannsecanary.blob.core.windows.net/test-filesystem-838a70f4-d52a-1769-6f1d-530b64cf81fa?restype=container",
      "RequestMethod": "PUT",
      "RequestHeaders": {
        "Authorization": "Sanitized",
        "traceparent": "00-56b60ff62f59c74a9aec959320f18f84-99c14cc3871e874a-00",
        "User-Agent": [
          "azsdk-net-Storage.Files.DataLake/12.5.0-alpha.20201014.1",
          "(.NET Core 4.6.29220.03; Microsoft Windows 10.0.19042 )"
        ],
        "x-ms-blob-public-access": "container",
        "x-ms-client-request-id": "de4b4952-1c3b-3277-c1a4-7af6a2957312",
        "x-ms-date": "Wed, 14 Oct 2020 22:57:52 GMT",
        "x-ms-return-client-request-id": "true",
        "x-ms-version": "2020-02-10"
      },
      "RequestBody": null,
      "StatusCode": 201,
      "ResponseHeaders": {
        "Content-Length": "0",
        "Date": "Wed, 14 Oct 2020 22:57:53 GMT",
        "ETag": "\u00220x8D8709495A59C97\u0022",
        "Last-Modified": "Wed, 14 Oct 2020 22:57:54 GMT",
        "Server": [
          "Windows-Azure-Blob/1.0",
          "Microsoft-HTTPAPI/2.0"
        ],
        "x-ms-client-request-id": "de4b4952-1c3b-3277-c1a4-7af6a2957312",
        "x-ms-request-id": "edca3dec-001e-0029-757d-a273d4000000",
        "x-ms-version": "2020-02-10"
      },
      "ResponseBody": []
    },
    {
      "RequestUri": "https://seannsecanary.dfs.core.windows.net/test-filesystem-838a70f4-d52a-1769-6f1d-530b64cf81fa/test-directory-4c21dc21-1a6a-3692-915f-101a248974d7?resource=directory",
      "RequestMethod": "PUT",
      "RequestHeaders": {
        "Authorization": "Sanitized",
        "traceparent": "00-51e2542b11dd4649b0292ef50de1a17c-060c740374d81447-00",
        "User-Agent": [
          "azsdk-net-Storage.Files.DataLake/12.5.0-alpha.20201014.1",
          "(.NET Core 4.6.29220.03; Microsoft Windows 10.0.19042 )"
        ],
        "x-ms-client-request-id": "c6be9e9c-ef77-38ed-b715-4cdb0b5c0e37",
        "x-ms-date": "Wed, 14 Oct 2020 22:57:52 GMT",
        "x-ms-return-client-request-id": "true",
        "x-ms-version": "2020-02-10"
      },
      "RequestBody": null,
      "StatusCode": 201,
      "ResponseHeaders": {
        "Content-Length": "0",
        "Date": "Wed, 14 Oct 2020 22:57:54 GMT",
        "ETag": "\u00220x8D8709495E6B691\u0022",
        "Last-Modified": "Wed, 14 Oct 2020 22:57:54 GMT",
        "Server": [
          "Windows-Azure-HDFS/1.0",
          "Microsoft-HTTPAPI/2.0"
        ],
        "x-ms-client-request-id": "c6be9e9c-ef77-38ed-b715-4cdb0b5c0e37",
        "x-ms-request-id": "32469877-301f-0050-3d7d-a28ff0000000",
        "x-ms-version": "2020-02-10"
      },
      "ResponseBody": []
    },
    {
      "RequestUri": "https://seannsecanary.blob.core.windows.net/test-filesystem-838a70f4-d52a-1769-6f1d-530b64cf81fa/test-directory-4c21dc21-1a6a-3692-915f-101a248974d7?comp=lease",
      "RequestMethod": "PUT",
      "RequestHeaders": {
        "Authorization": "Sanitized",
        "traceparent": "00-71e7391fa5a18d4084b913823180c1bd-65ec21bee4ceae4a-00",
        "User-Agent": [
          "azsdk-net-Storage.Files.DataLake/12.5.0-alpha.20201014.1",
          "(.NET Core 4.6.29220.03; Microsoft Windows 10.0.19042 )"
        ],
        "x-ms-client-request-id": "a02ea246-e0d2-44ff-1040-a8321cd7f783",
        "x-ms-date": "Wed, 14 Oct 2020 22:57:53 GMT",
        "x-ms-lease-action": "acquire",
        "x-ms-lease-duration": "10",
        "x-ms-proposed-lease-id": "a715a330-58dd-7e8e-1d44-d2154033f2a8",
        "x-ms-return-client-request-id": "true",
        "x-ms-version": "2020-02-10"
      },
      "RequestBody": null,
      "StatusCode": 400,
      "ResponseHeaders": {
        "Content-Length": "327",
        "Content-Type": "application/xml",
        "Date": "Wed, 14 Oct 2020 22:57:54 GMT",
        "Server": [
          "Windows-Azure-Blob/1.0",
          "Microsoft-HTTPAPI/2.0"
        ],
        "x-ms-client-request-id": "a02ea246-e0d2-44ff-1040-a8321cd7f783",
        "x-ms-error-code": "InvalidHeaderValue",
        "x-ms-request-id": "edca3e2c-001e-0029-227d-a273d4000000",
        "x-ms-version": "2020-02-10"
      },
      "ResponseBody": [
        "\uFEFF\u003C?xml version=\u00221.0\u0022 encoding=\u0022utf-8\u0022?\u003E\u003CError\u003E\u003CCode\u003EInvalidHeaderValue\u003C/Code\u003E\u003CMessage\u003EThe value for one of the HTTP headers is not in the correct format.\n",
        "RequestId:edca3e2c-001e-0029-227d-a273d4000000\n",
        "Time:2020-10-14T22:57:54.6008117Z\u003C/Message\u003E\u003CHeaderName\u003Ex-ms-lease-duration\u003C/HeaderName\u003E\u003CHeaderValue\u003E10\u003C/HeaderValue\u003E\u003C/Error\u003E"
      ]
    },
    {
      "RequestUri": "https://seannsecanary.blob.core.windows.net/test-filesystem-838a70f4-d52a-1769-6f1d-530b64cf81fa?restype=container",
      "RequestMethod": "DELETE",
      "RequestHeaders": {
        "Authorization": "Sanitized",
        "traceparent": "00-4e1902d13591b44c8238c070df34f462-2297bc659b8ebd4e-00",
        "User-Agent": [
          "azsdk-net-Storage.Files.DataLake/12.5.0-alpha.20201014.1",
          "(.NET Core 4.6.29220.03; Microsoft Windows 10.0.19042 )"
        ],
        "x-ms-client-request-id": "9ecfb573-5205-f6d5-3439-758a052dd436",
        "x-ms-date": "Wed, 14 Oct 2020 22:57:53 GMT",
        "x-ms-return-client-request-id": "true",
        "x-ms-version": "2020-02-10"
      },
      "RequestBody": null,
      "StatusCode": 202,
      "ResponseHeaders": {
        "Content-Length": "0",
        "Date": "Wed, 14 Oct 2020 22:57:54 GMT",
        "Server": [
          "Windows-Azure-Blob/1.0",
          "Microsoft-HTTPAPI/2.0"
        ],
        "x-ms-client-request-id": "9ecfb573-5205-f6d5-3439-758a052dd436",
        "x-ms-request-id": "edca3e33-001e-0029-297d-a273d4000000",
        "x-ms-version": "2020-02-10"
      },
      "ResponseBody": []
    }
  ],
  "Variables": {
    "RandomSeed": "941762810",
    "Storage_TestConfigHierarchicalNamespace": "NamespaceTenant\nseannsecanary\nU2FuaXRpemVk\nhttps://seannsecanary.blob.core.windows.net\nhttps://seannsecanary.file.core.windows.net\nhttps://seannsecanary.queue.core.windows.net\nhttps://seannsecanary.table.core.windows.net\n\n\n\n\nhttps://seannsecanary-secondary.blob.core.windows.net\nhttps://seannsecanary-secondary.file.core.windows.net\nhttps://seannsecanary-secondary.queue.core.windows.net\nhttps://seannsecanary-secondary.table.core.windows.net\n68390a19-a643-458b-b726-408abf67b4fc\nSanitized\n72f988bf-86f1-41af-91ab-2d7cd011db47\nhttps://login.microsoftonline.com/\nCloud\nBlobEndpoint=https://seannsecanary.blob.core.windows.net/;QueueEndpoint=https://seannsecanary.queue.core.windows.net/;FileEndpoint=https://seannsecanary.file.core.windows.net/;BlobSecondaryEndpoint=https://seannsecanary-secondary.blob.core.windows.net/;QueueSecondaryEndpoint=https://seannsecanary-secondary.queue.core.windows.net/;FileSecondaryEndpoint=https://seannsecanary-secondary.file.core.windows.net/;AccountName=seannsecanary;AccountKey=Sanitized\n"
  }
}