{
  "Entries": [
    {
      "RequestUri": "http://seannsecanary.blob.core.windows.net/test-filesystem-eb470275-7e77-a577-3bc7-fcd4ffb53747?restype=container",
      "RequestMethod": "PUT",
      "RequestHeaders": {
        "Authorization": "Sanitized",
        "traceparent": "00-de13e786122c3646891fdabd97b78b9f-fcef58844df7c84a-00",
        "User-Agent": [
          "azsdk-net-Storage.Files.DataLake/12.1.0-dev.20200403.1",
          "(.NET Core 4.6.28325.01; Microsoft Windows 10.0.18362 )"
        ],
        "x-ms-blob-public-access": "container",
        "x-ms-client-request-id": "7d9b91f7-5c32-0e76-9726-041e0268b8a5",
        "x-ms-date": "Fri, 03 Apr 2020 20:52:47 GMT",
        "x-ms-return-client-request-id": "true",
        "x-ms-version": "2020-06-12"
      },
      "RequestBody": null,
      "StatusCode": 201,
      "ResponseHeaders": {
        "Content-Length": "0",
        "Date": "Fri, 03 Apr 2020 20:52:45 GMT",
        "ETag": "\u00220x8D7D810F644A202\u0022",
        "Last-Modified": "Fri, 03 Apr 2020 20:52:45 GMT",
        "Server": [
          "Windows-Azure-Blob/1.0",
          "Microsoft-HTTPAPI/2.0"
        ],
        "x-ms-client-request-id": "7d9b91f7-5c32-0e76-9726-041e0268b8a5",
        "x-ms-request-id": "96214c88-f01e-0012-6af9-093670000000",
        "x-ms-version": "2020-06-12"
      },
      "ResponseBody": []
    },
    {
      "RequestUri": "http://seannsecanary.dfs.core.windows.net/test-filesystem-eb470275-7e77-a577-3bc7-fcd4ffb53747/test-directory-0e6d6412-4eca-5508-f7c5-4355b0913059?resource=directory",
      "RequestMethod": "PUT",
      "RequestHeaders": {
        "Authorization": "Sanitized",
        "traceparent": "00-6b43105a109c934888c6e1ee2d55f8a8-f1510364eec77940-00",
        "User-Agent": [
          "azsdk-net-Storage.Files.DataLake/12.1.0-dev.20200403.1",
          "(.NET Core 4.6.28325.01; Microsoft Windows 10.0.18362 )"
        ],
        "x-ms-client-request-id": "0fd42869-7a74-a8b2-8846-866d18215e06",
        "x-ms-date": "Fri, 03 Apr 2020 20:52:47 GMT",
        "x-ms-return-client-request-id": "true",
        "x-ms-version": "2020-06-12"
      },
      "RequestBody": null,
      "StatusCode": 201,
      "ResponseHeaders": {
        "Content-Length": "0",
        "Date": "Fri, 03 Apr 2020 20:52:45 GMT",
        "ETag": "\u00220x8D7D810F67BF573\u0022",
        "Last-Modified": "Fri, 03 Apr 2020 20:52:46 GMT",
        "Server": [
          "Windows-Azure-HDFS/1.0",
          "Microsoft-HTTPAPI/2.0"
        ],
        "x-ms-client-request-id": "0fd42869-7a74-a8b2-8846-866d18215e06",
        "x-ms-request-id": "fa43fa52-201f-0097-27f9-091bad000000",
        "x-ms-version": "2020-06-12"
      },
      "ResponseBody": []
    },
    {
      "RequestUri": "http://seannsecanary.blob.core.windows.net/test-filesystem-eb470275-7e77-a577-3bc7-fcd4ffb53747/test-directory-0e6d6412-4eca-5508-f7c5-4355b0913059?comp=lease",
      "RequestMethod": "PUT",
      "RequestHeaders": {
        "Authorization": "Sanitized",
        "traceparent": "00-babf25d4230c4e4a827471727a774e2f-2136869404323e44-00",
        "User-Agent": [
          "azsdk-net-Storage.Files.DataLake/12.1.0-dev.20200403.1",
          "(.NET Core 4.6.28325.01; Microsoft Windows 10.0.18362 )"
        ],
        "x-ms-client-request-id": "700c569b-fd0d-20b4-9d7c-bf0723e2b682",
        "x-ms-date": "Fri, 03 Apr 2020 20:52:47 GMT",
        "x-ms-lease-action": "acquire",
        "x-ms-lease-duration": "15",
        "x-ms-proposed-lease-id": "82dfabf5-498b-588a-4f6d-56d0f106390a",
        "x-ms-return-client-request-id": "true",
        "x-ms-version": "2020-06-12"
      },
      "RequestBody": null,
      "StatusCode": 201,
      "ResponseHeaders": {
        "Content-Length": "0",
        "Date": "Fri, 03 Apr 2020 20:52:46 GMT",
        "ETag": "\u00220x8D7D810F67BF573\u0022",
        "Last-Modified": "Fri, 03 Apr 2020 20:52:46 GMT",
        "Server": [
          "Windows-Azure-Blob/1.0",
          "Microsoft-HTTPAPI/2.0"
        ],
        "x-ms-client-request-id": "700c569b-fd0d-20b4-9d7c-bf0723e2b682",
        "x-ms-lease-id": "82dfabf5-498b-588a-4f6d-56d0f106390a",
        "x-ms-request-id": "96214cf1-f01e-0012-34f9-093670000000",
        "x-ms-version": "2020-06-12"
      },
      "ResponseBody": []
    },
    {
      "RequestUri": "http://seannsecanary.blob.core.windows.net/test-filesystem-eb470275-7e77-a577-3bc7-fcd4ffb53747?restype=container",
      "RequestMethod": "DELETE",
      "RequestHeaders": {
        "Authorization": "Sanitized",
        "traceparent": "00-8f2399e77ef4ca48bf7018447644ee4d-782f5af6fe334940-00",
        "User-Agent": [
          "azsdk-net-Storage.Files.DataLake/12.1.0-dev.20200403.1",
          "(.NET Core 4.6.28325.01; Microsoft Windows 10.0.18362 )"
        ],
        "x-ms-client-request-id": "9b34c086-c9fa-48fd-4dcb-e94061dca0eb",
        "x-ms-date": "Fri, 03 Apr 2020 20:52:48 GMT",
        "x-ms-return-client-request-id": "true",
        "x-ms-version": "2020-06-12"
      },
      "RequestBody": null,
      "StatusCode": 202,
      "ResponseHeaders": {
        "Content-Length": "0",
        "Date": "Fri, 03 Apr 2020 20:52:46 GMT",
        "Server": [
          "Windows-Azure-Blob/1.0",
          "Microsoft-HTTPAPI/2.0"
        ],
        "x-ms-client-request-id": "9b34c086-c9fa-48fd-4dcb-e94061dca0eb",
        "x-ms-request-id": "96214d6c-f01e-0012-0ff9-093670000000",
        "x-ms-version": "2020-06-12"
      },
      "ResponseBody": []
    }
  ],
  "Variables": {
    "RandomSeed": "1129878106",
    "Storage_TestConfigHierarchicalNamespace": "NamespaceTenant\nseannsecanary\nU2FuaXRpemVk\nhttp://seannsecanary.blob.core.windows.net\nhttp://seannsecanary.file.core.windows.net\nhttp://seannsecanary.queue.core.windows.net\nhttp://seannsecanary.table.core.windows.net\n\n\n\n\nhttp://seannsecanary-secondary.blob.core.windows.net\nhttp://seannsecanary-secondary.file.core.windows.net\nhttp://seannsecanary-secondary.queue.core.windows.net\nhttp://seannsecanary-secondary.table.core.windows.net\n68390a19-a643-458b-b726-408abf67b4fc\nSanitized\n72f988bf-86f1-41af-91ab-2d7cd011db47\nhttps://login.microsoftonline.com/\nCloud\nBlobEndpoint=http://seannsecanary.blob.core.windows.net/;QueueEndpoint=http://seannsecanary.queue.core.windows.net/;FileEndpoint=http://seannsecanary.file.core.windows.net/;BlobSecondaryEndpoint=http://seannsecanary-secondary.blob.core.windows.net/;QueueSecondaryEndpoint=http://seannsecanary-secondary.queue.core.windows.net/;FileSecondaryEndpoint=http://seannsecanary-secondary.file.core.windows.net/;AccountName=seannsecanary;AccountKey=Sanitized\n"
  }
}