{
  "Entries": [
    {
      "RequestUri": "http://amandaadlscanary.blob.core.windows.net/test-filesystem-ec97cc8b-0ca3-0a15-6ea6-8dcb00bd1af2?restype=container",
      "RequestMethod": "PUT",
      "RequestHeaders": {
        "Authorization": "Sanitized",
        "traceparent": "00-5a086035b9fdf94fafc36c645455f5c1-f9d3fd91f08cf540-00",
        "User-Agent": [
          "azsdk-net-Storage.Files.DataLake/12.2.0-dev.20200426.1",
          "(.NET Core 4.6.28619.01; Microsoft Windows 10.0.18363 )"
        ],
        "x-ms-blob-public-access": "container",
        "x-ms-client-request-id": "0f397671-b494-8943-f41d-45fb865ec0b7",
        "x-ms-date": "Mon, 27 Apr 2020 04:50:23 GMT",
        "x-ms-return-client-request-id": "true",
        "x-ms-version": "2019-12-12"
      },
      "RequestBody": null,
      "StatusCode": 201,
      "ResponseHeaders": {
        "Content-Length": "0",
        "Date": "Mon, 27 Apr 2020 04:50:22 GMT",
        "ETag": "\u00220x8D7EA667ECF5FEE\u0022",
        "Last-Modified": "Mon, 27 Apr 2020 04:50:23 GMT",
        "Server": [
          "Windows-Azure-Blob/1.0",
          "Microsoft-HTTPAPI/2.0"
        ],
        "x-ms-client-request-id": "0f397671-b494-8943-f41d-45fb865ec0b7",
        "x-ms-request-id": "0115f6df-c01e-00c2-214f-1cb0a7000000",
        "x-ms-version": "2019-12-12"
      },
      "ResponseBody": []
    },
    {
      "RequestUri": "http://amandaadlscanary.blob.core.windows.net/test-filesystem-ec97cc8b-0ca3-0a15-6ea6-8dcb00bd1af2/test-directory-4425858a-7ada-f0d2-55ca-6d38cbba021b?comp=lease",
      "RequestMethod": "PUT",
      "RequestHeaders": {
        "Authorization": "Sanitized",
        "traceparent": "00-be2f116153c5a542b488073537a0e0ec-57a8350c1ece6a41-00",
        "User-Agent": [
          "azsdk-net-Storage.Files.DataLake/12.2.0-dev.20200426.1",
          "(.NET Core 4.6.28619.01; Microsoft Windows 10.0.18363 )"
        ],
        "x-ms-client-request-id": "82d089ab-732d-f780-a448-bac9470bbd39",
        "x-ms-date": "Mon, 27 Apr 2020 04:50:23 GMT",
        "x-ms-lease-action": "break",
        "x-ms-return-client-request-id": "true",
        "x-ms-version": "2019-12-12"
      },
      "RequestBody": null,
      "StatusCode": 404,
      "ResponseHeaders": {
        "Content-Length": "215",
        "Content-Type": "application/xml",
        "Date": "Mon, 27 Apr 2020 04:50:22 GMT",
        "Server": [
          "Windows-Azure-Blob/1.0",
          "Microsoft-HTTPAPI/2.0"
        ],
        "x-ms-client-request-id": "82d089ab-732d-f780-a448-bac9470bbd39",
        "x-ms-error-code": "BlobNotFound",
        "x-ms-request-id": "0115f6f0-c01e-00c2-2f4f-1cb0a7000000",
        "x-ms-version": "2019-12-12"
      },
      "ResponseBody": [
        "\uFEFF\u003C?xml version=\u00221.0\u0022 encoding=\u0022utf-8\u0022?\u003E\u003CError\u003E\u003CCode\u003EBlobNotFound\u003C/Code\u003E\u003CMessage\u003EThe specified blob does not exist.\n",
        "RequestId:0115f6f0-c01e-00c2-2f4f-1cb0a7000000\n",
        "Time:2020-04-27T04:50:23.2248919Z\u003C/Message\u003E\u003C/Error\u003E"
      ]
    },
    {
      "RequestUri": "http://amandaadlscanary.blob.core.windows.net/test-filesystem-ec97cc8b-0ca3-0a15-6ea6-8dcb00bd1af2?restype=container",
      "RequestMethod": "DELETE",
      "RequestHeaders": {
        "Authorization": "Sanitized",
        "traceparent": "00-5363d44b4ec0664584b1f0f2e08370e0-ab436e0ab15ed648-00",
        "User-Agent": [
          "azsdk-net-Storage.Files.DataLake/12.2.0-dev.20200426.1",
          "(.NET Core 4.6.28619.01; Microsoft Windows 10.0.18363 )"
        ],
        "x-ms-client-request-id": "418c4c83-80ea-79ed-b261-e53b50944ea4",
        "x-ms-date": "Mon, 27 Apr 2020 04:50:23 GMT",
        "x-ms-return-client-request-id": "true",
        "x-ms-version": "2019-12-12"
      },
      "RequestBody": null,
      "StatusCode": 202,
      "ResponseHeaders": {
        "Content-Length": "0",
        "Date": "Mon, 27 Apr 2020 04:50:22 GMT",
        "Server": [
          "Windows-Azure-Blob/1.0",
          "Microsoft-HTTPAPI/2.0"
        ],
        "x-ms-client-request-id": "418c4c83-80ea-79ed-b261-e53b50944ea4",
        "x-ms-request-id": "0115f6fb-c01e-00c2-3a4f-1cb0a7000000",
        "x-ms-version": "2019-12-12"
      },
      "ResponseBody": []
    }
  ],
  "Variables": {
    "RandomSeed": "1859963708",
    "Storage_TestConfigHierarchicalNamespace": "NamespaceTenant\namandaadlscanary\nU2FuaXRpemVk\nhttp://amandaadlscanary.blob.core.windows.net\nhttp://amandaadlscanary.file.core.windows.net\nhttp://amandaadlscanary.queue.core.windows.net\nhttp://amandaadlscanary.table.core.windows.net\n\n\n\n\nhttp://amandaadlscanary-secondary.blob.core.windows.net\nhttp://amandaadlscanary-secondary.file.core.windows.net\nhttp://amandaadlscanary-secondary.queue.core.windows.net\nhttp://amandaadlscanary-secondary.table.core.windows.net\n68390a19-a643-458b-b726-408abf67b4fc\nSanitized\n72f988bf-86f1-41af-91ab-2d7cd011db47\nhttps://login.microsoftonline.com/\nCloud\nBlobEndpoint=http://amandaadlscanary.blob.core.windows.net/;QueueEndpoint=http://amandaadlscanary.queue.core.windows.net/;FileEndpoint=http://amandaadlscanary.file.core.windows.net/;BlobSecondaryEndpoint=http://amandaadlscanary-secondary.blob.core.windows.net/;QueueSecondaryEndpoint=http://amandaadlscanary-secondary.queue.core.windows.net/;FileSecondaryEndpoint=http://amandaadlscanary-secondary.file.core.windows.net/;AccountName=amandaadlscanary;AccountKey=Sanitized\n\n\n"
  }
}