{
  "Entries": [
    {
      "RequestUri": "https://seanstagehierarchical.blob.core.windows.net/test-filesystem-03cf75e2-a198-5aa9-333b-8edcf4447af8?restype=container",
      "RequestMethod": "PUT",
      "RequestHeaders": {
        "Authorization": "Sanitized",
        "traceparent": "00-c506ed7aecd5934f813b00bd024dae51-b38b7fc65410c64d-00",
        "User-Agent": [
          "azsdk-net-Storage.Files.DataLake/12.0.0-dev.20200305.1",
          "(.NET Core 4.6.28325.01; Microsoft Windows 10.0.18363 )"
        ],
        "x-ms-blob-public-access": "container",
        "x-ms-client-request-id": "cc3087e8-a64f-e051-715d-a172b8c5293a",
        "x-ms-date": "Thu, 05 Mar 2020 22:11:36 GMT",
        "x-ms-return-client-request-id": "true",
        "x-ms-version": "2019-10-10"
      },
      "RequestBody": null,
      "StatusCode": 201,
      "ResponseHeaders": {
        "Content-Length": "0",
        "Date": "Thu, 05 Mar 2020 22:11:35 GMT",
        "ETag": "\u00220x8D7C1522C1EC6DB\u0022",
        "Last-Modified": "Thu, 05 Mar 2020 22:11:36 GMT",
        "Server": [
          "Windows-Azure-Blob/1.0",
          "Microsoft-HTTPAPI/2.0"
        ],
        "x-ms-client-request-id": "cc3087e8-a64f-e051-715d-a172b8c5293a",
        "x-ms-request-id": "81609064-d01e-002a-543b-f34d2b000000",
        "x-ms-version": "2019-10-10"
      },
      "ResponseBody": []
    },
    {
      "RequestUri": "https://seanstagehierarchical.dfs.core.windows.net/test-filesystem-03cf75e2-a198-5aa9-333b-8edcf4447af8/test-directory-cd931623-7570-4f0d-ad5f-e88e5129fc63?resource=directory",
      "RequestMethod": "PUT",
      "RequestHeaders": {
        "Authorization": "Sanitized",
        "traceparent": "00-af5047e083a97848a9e6e247b4189c70-3b99dc057b437049-00",
        "User-Agent": [
          "azsdk-net-Storage.Files.DataLake/12.0.0-dev.20200305.1",
          "(.NET Core 4.6.28325.01; Microsoft Windows 10.0.18363 )"
        ],
        "x-ms-client-request-id": "475c15e0-c93b-72d5-79e0-1ff0bdc28e48",
        "x-ms-date": "Thu, 05 Mar 2020 22:11:36 GMT",
        "x-ms-return-client-request-id": "true",
        "x-ms-version": "2019-10-10"
      },
      "RequestBody": null,
      "StatusCode": 201,
      "ResponseHeaders": {
        "Content-Length": "0",
        "Date": "Thu, 05 Mar 2020 22:11:36 GMT",
        "ETag": "\u00220x8D7C1522C500E76\u0022",
        "Last-Modified": "Thu, 05 Mar 2020 22:11:37 GMT",
        "Server": [
          "Windows-Azure-HDFS/1.0",
          "Microsoft-HTTPAPI/2.0"
        ],
        "x-ms-client-request-id": "475c15e0-c93b-72d5-79e0-1ff0bdc28e48",
        "x-ms-request-id": "f1e759ed-901f-0004-173b-f31f3c000000",
        "x-ms-version": "2019-10-10"
      },
      "ResponseBody": []
    },
    {
      "RequestUri": "https://seanstagehierarchical.dfs.core.windows.net/test-filesystem-03cf75e2-a198-5aa9-333b-8edcf4447af8/test-directory-cd931623-7570-4f0d-ad5f-e88e5129fc63/test-directory-70ce3d61-bcd2-7526-6cc2-e352a7f75e57?resource=directory",
      "RequestMethod": "PUT",
      "RequestHeaders": {
        "Authorization": "Sanitized",
        "User-Agent": [
          "azsdk-net-Storage.Files.DataLake/12.0.0-dev.20200305.1",
          "(.NET Core 4.6.28325.01; Microsoft Windows 10.0.18363 )"
        ],
        "x-ms-client-request-id": "b3b4868f-4787-2382-efe7-da78e683cb82",
        "x-ms-date": "Thu, 05 Mar 2020 22:11:37 GMT",
        "x-ms-return-client-request-id": "true",
        "x-ms-version": "2019-10-10"
      },
      "RequestBody": null,
      "StatusCode": 201,
      "ResponseHeaders": {
        "Content-Length": "0",
        "Date": "Thu, 05 Mar 2020 22:11:36 GMT",
        "ETag": "\u00220x8D7C1522C5CE746\u0022",
        "Last-Modified": "Thu, 05 Mar 2020 22:11:37 GMT",
        "Server": [
          "Windows-Azure-HDFS/1.0",
          "Microsoft-HTTPAPI/2.0"
        ],
        "x-ms-client-request-id": "b3b4868f-4787-2382-efe7-da78e683cb82",
        "x-ms-request-id": "f1e759ee-901f-0004-183b-f31f3c000000",
        "x-ms-version": "2019-10-10"
      },
      "ResponseBody": []
    },
    {
      "RequestUri": "https://seanstagehierarchical.dfs.core.windows.net/test-filesystem-03cf75e2-a198-5aa9-333b-8edcf4447af8/test-directory-cd931623-7570-4f0d-ad5f-e88e5129fc63/test-directory-70ce3d61-bcd2-7526-6cc2-e352a7f75e57?resource=directory",
      "RequestMethod": "PUT",
      "RequestHeaders": {
        "Authorization": "Sanitized",
        "If-Modified-Since": "Fri, 06 Mar 2020 22:11:36 GMT",
        "User-Agent": [
          "azsdk-net-Storage.Files.DataLake/12.0.0-dev.20200305.1",
          "(.NET Core 4.6.28325.01; Microsoft Windows 10.0.18363 )"
        ],
        "x-ms-client-request-id": "20c2bcaf-ab42-5fd0-118a-4ce5daaff3ed",
        "x-ms-date": "Thu, 05 Mar 2020 22:11:37 GMT",
        "x-ms-return-client-request-id": "true",
        "x-ms-version": "2019-10-10"
      },
      "RequestBody": null,
      "StatusCode": 412,
      "ResponseHeaders": {
        "Content-Length": "200",
        "Content-Type": "application/json; charset=utf-8",
        "Date": "Thu, 05 Mar 2020 22:11:36 GMT",
        "Server": [
          "Windows-Azure-HDFS/1.0",
          "Microsoft-HTTPAPI/2.0"
        ],
        "x-ms-client-request-id": "20c2bcaf-ab42-5fd0-118a-4ce5daaff3ed",
        "x-ms-error-code": "ConditionNotMet",
        "x-ms-request-id": "f1e759ef-901f-0004-193b-f31f3c000000",
        "x-ms-version": "2019-10-10"
      },
      "ResponseBody": {
        "error": {
          "code": "ConditionNotMet",
          "message": "The condition specified using HTTP conditional header(s) is not met.\nRequestId:f1e759ef-901f-0004-193b-f31f3c000000\nTime:2020-03-05T22:11:37.2769026Z"
        }
      }
    },
    {
      "RequestUri": "https://seanstagehierarchical.blob.core.windows.net/test-filesystem-03cf75e2-a198-5aa9-333b-8edcf4447af8?restype=container",
      "RequestMethod": "DELETE",
      "RequestHeaders": {
        "Authorization": "Sanitized",
        "traceparent": "00-f582e53b98ad114fa53534eb06e626d6-5f26b8aad1800643-00",
        "User-Agent": [
          "azsdk-net-Storage.Files.DataLake/12.0.0-dev.20200305.1",
          "(.NET Core 4.6.28325.01; Microsoft Windows 10.0.18363 )"
        ],
        "x-ms-client-request-id": "2ac92700-aac1-d740-f7e9-188a0695d265",
        "x-ms-date": "Thu, 05 Mar 2020 22:11:37 GMT",
        "x-ms-return-client-request-id": "true",
        "x-ms-version": "2019-10-10"
      },
      "RequestBody": null,
      "StatusCode": 202,
      "ResponseHeaders": {
        "Content-Length": "0",
        "Date": "Thu, 05 Mar 2020 22:11:36 GMT",
        "Server": [
          "Windows-Azure-Blob/1.0",
          "Microsoft-HTTPAPI/2.0"
        ],
        "x-ms-client-request-id": "2ac92700-aac1-d740-f7e9-188a0695d265",
        "x-ms-request-id": "8160906b-d01e-002a-573b-f34d2b000000",
        "x-ms-version": "2019-10-10"
      },
      "ResponseBody": []
    },
    {
      "RequestUri": "https://seanstagehierarchical.blob.core.windows.net/test-filesystem-599c1100-1f44-c642-a986-15390d3d17e1?restype=container",
      "RequestMethod": "PUT",
      "RequestHeaders": {
        "Authorization": "Sanitized",
        "traceparent": "00-7765f9bb9b8dbe45afd71859c9694daf-d7b738376e396d46-00",
        "User-Agent": [
          "azsdk-net-Storage.Files.DataLake/12.0.0-dev.20200305.1",
          "(.NET Core 4.6.28325.01; Microsoft Windows 10.0.18363 )"
        ],
        "x-ms-blob-public-access": "container",
        "x-ms-client-request-id": "37923836-ff93-e1b6-e402-803a9407c9b9",
        "x-ms-date": "Thu, 05 Mar 2020 22:11:37 GMT",
        "x-ms-return-client-request-id": "true",
        "x-ms-version": "2019-10-10"
      },
      "RequestBody": null,
      "StatusCode": 201,
      "ResponseHeaders": {
        "Content-Length": "0",
        "Date": "Thu, 05 Mar 2020 22:11:36 GMT",
        "ETag": "\u00220x8D7C1522CA562B0\u0022",
        "Last-Modified": "Thu, 05 Mar 2020 22:11:37 GMT",
        "Server": [
          "Windows-Azure-Blob/1.0",
          "Microsoft-HTTPAPI/2.0"
        ],
        "x-ms-client-request-id": "37923836-ff93-e1b6-e402-803a9407c9b9",
        "x-ms-request-id": "581db6e7-101e-000a-053b-f3368c000000",
        "x-ms-version": "2019-10-10"
      },
      "ResponseBody": []
    },
    {
      "RequestUri": "https://seanstagehierarchical.dfs.core.windows.net/test-filesystem-599c1100-1f44-c642-a986-15390d3d17e1/test-directory-b45a36d1-1fb0-387f-e492-2a6b4ebbf422?resource=directory",
      "RequestMethod": "PUT",
      "RequestHeaders": {
        "Authorization": "Sanitized",
        "traceparent": "00-c2485428b8dbd74994ba1592bf6b7909-9fc7016333071441-00",
        "User-Agent": [
          "azsdk-net-Storage.Files.DataLake/12.0.0-dev.20200305.1",
          "(.NET Core 4.6.28325.01; Microsoft Windows 10.0.18363 )"
        ],
        "x-ms-client-request-id": "9ab6160f-812c-17c5-b85a-5300d54b9229",
        "x-ms-date": "Thu, 05 Mar 2020 22:11:37 GMT",
        "x-ms-return-client-request-id": "true",
        "x-ms-version": "2019-10-10"
      },
      "RequestBody": null,
      "StatusCode": 201,
      "ResponseHeaders": {
        "Content-Length": "0",
        "Date": "Thu, 05 Mar 2020 22:11:37 GMT",
        "ETag": "\u00220x8D7C1522CD763A2\u0022",
        "Last-Modified": "Thu, 05 Mar 2020 22:11:38 GMT",
        "Server": [
          "Windows-Azure-HDFS/1.0",
          "Microsoft-HTTPAPI/2.0"
        ],
        "x-ms-client-request-id": "9ab6160f-812c-17c5-b85a-5300d54b9229",
        "x-ms-request-id": "24a7b167-e01f-0021-073b-f3b640000000",
        "x-ms-version": "2019-10-10"
      },
      "ResponseBody": []
    },
    {
      "RequestUri": "https://seanstagehierarchical.dfs.core.windows.net/test-filesystem-599c1100-1f44-c642-a986-15390d3d17e1/test-directory-b45a36d1-1fb0-387f-e492-2a6b4ebbf422/test-directory-f4eb5d0d-f404-f10e-e92a-19ac509beff2?resource=directory",
      "RequestMethod": "PUT",
      "RequestHeaders": {
        "Authorization": "Sanitized",
        "User-Agent": [
          "azsdk-net-Storage.Files.DataLake/12.0.0-dev.20200305.1",
          "(.NET Core 4.6.28325.01; Microsoft Windows 10.0.18363 )"
        ],
        "x-ms-client-request-id": "ead5a471-8006-1a23-07c4-b1026819c61d",
        "x-ms-date": "Thu, 05 Mar 2020 22:11:38 GMT",
        "x-ms-return-client-request-id": "true",
        "x-ms-version": "2019-10-10"
      },
      "RequestBody": null,
      "StatusCode": 201,
      "ResponseHeaders": {
        "Content-Length": "0",
        "Date": "Thu, 05 Mar 2020 22:11:37 GMT",
        "ETag": "\u00220x8D7C1522CE43C00\u0022",
        "Last-Modified": "Thu, 05 Mar 2020 22:11:38 GMT",
        "Server": [
          "Windows-Azure-HDFS/1.0",
          "Microsoft-HTTPAPI/2.0"
        ],
        "x-ms-client-request-id": "ead5a471-8006-1a23-07c4-b1026819c61d",
        "x-ms-request-id": "24a7b168-e01f-0021-083b-f3b640000000",
        "x-ms-version": "2019-10-10"
      },
      "ResponseBody": []
    },
    {
      "RequestUri": "https://seanstagehierarchical.dfs.core.windows.net/test-filesystem-599c1100-1f44-c642-a986-15390d3d17e1/test-directory-b45a36d1-1fb0-387f-e492-2a6b4ebbf422/test-directory-f4eb5d0d-f404-f10e-e92a-19ac509beff2?resource=directory",
      "RequestMethod": "PUT",
      "RequestHeaders": {
        "Authorization": "Sanitized",
        "If-Unmodified-Since": "Wed, 04 Mar 2020 22:11:36 GMT",
        "User-Agent": [
          "azsdk-net-Storage.Files.DataLake/12.0.0-dev.20200305.1",
          "(.NET Core 4.6.28325.01; Microsoft Windows 10.0.18363 )"
        ],
        "x-ms-client-request-id": "ac3bc9ce-05c5-9ceb-de41-313fa8f365c1",
        "x-ms-date": "Thu, 05 Mar 2020 22:11:38 GMT",
        "x-ms-return-client-request-id": "true",
        "x-ms-version": "2019-10-10"
      },
      "RequestBody": null,
      "StatusCode": 412,
      "ResponseHeaders": {
        "Content-Length": "200",
        "Content-Type": "application/json; charset=utf-8",
        "Date": "Thu, 05 Mar 2020 22:11:37 GMT",
        "Server": [
          "Windows-Azure-HDFS/1.0",
          "Microsoft-HTTPAPI/2.0"
        ],
        "x-ms-client-request-id": "ac3bc9ce-05c5-9ceb-de41-313fa8f365c1",
        "x-ms-error-code": "ConditionNotMet",
        "x-ms-request-id": "24a7b169-e01f-0021-093b-f3b640000000",
        "x-ms-version": "2019-10-10"
      },
      "ResponseBody": {
        "error": {
          "code": "ConditionNotMet",
          "message": "The condition specified using HTTP conditional header(s) is not met.\nRequestId:24a7b169-e01f-0021-093b-f3b640000000\nTime:2020-03-05T22:11:38.1684811Z"
        }
      }
    },
    {
      "RequestUri": "https://seanstagehierarchical.blob.core.windows.net/test-filesystem-599c1100-1f44-c642-a986-15390d3d17e1?restype=container",
      "RequestMethod": "DELETE",
      "RequestHeaders": {
        "Authorization": "Sanitized",
        "traceparent": "00-fcb5c9595eed81498f7e52abc1699384-fe27c3234b7bf343-00",
        "User-Agent": [
          "azsdk-net-Storage.Files.DataLake/12.0.0-dev.20200305.1",
          "(.NET Core 4.6.28325.01; Microsoft Windows 10.0.18363 )"
        ],
        "x-ms-client-request-id": "9e341460-1ade-6557-7446-f3ae28e40a74",
        "x-ms-date": "Thu, 05 Mar 2020 22:11:38 GMT",
        "x-ms-return-client-request-id": "true",
        "x-ms-version": "2019-10-10"
      },
      "RequestBody": null,
      "StatusCode": 202,
      "ResponseHeaders": {
        "Content-Length": "0",
        "Date": "Thu, 05 Mar 2020 22:11:38 GMT",
        "Server": [
          "Windows-Azure-Blob/1.0",
          "Microsoft-HTTPAPI/2.0"
        ],
        "x-ms-client-request-id": "9e341460-1ade-6557-7446-f3ae28e40a74",
        "x-ms-request-id": "581db6ea-101e-000a-063b-f3368c000000",
        "x-ms-version": "2019-10-10"
      },
      "ResponseBody": []
    },
    {
      "RequestUri": "https://seanstagehierarchical.blob.core.windows.net/test-filesystem-d8f258b7-37d7-4533-6924-2ba3820235d3?restype=container",
      "RequestMethod": "PUT",
      "RequestHeaders": {
        "Authorization": "Sanitized",
        "traceparent": "00-1947971cc6e8344ab3bca9e0a6311573-85ce7e8d060f444b-00",
        "User-Agent": [
          "azsdk-net-Storage.Files.DataLake/12.0.0-dev.20200305.1",
          "(.NET Core 4.6.28325.01; Microsoft Windows 10.0.18363 )"
        ],
        "x-ms-blob-public-access": "container",
        "x-ms-client-request-id": "0f320e17-6a18-2971-e1ee-35baeeb4e272",
        "x-ms-date": "Thu, 05 Mar 2020 22:11:38 GMT",
        "x-ms-return-client-request-id": "true",
        "x-ms-version": "2019-10-10"
      },
      "RequestBody": null,
      "StatusCode": 201,
      "ResponseHeaders": {
        "Content-Length": "0",
        "Date": "Thu, 05 Mar 2020 22:11:37 GMT",
        "ETag": "\u00220x8D7C1522D2AA74C\u0022",
        "Last-Modified": "Thu, 05 Mar 2020 22:11:38 GMT",
        "Server": [
          "Windows-Azure-Blob/1.0",
          "Microsoft-HTTPAPI/2.0"
        ],
        "x-ms-client-request-id": "0f320e17-6a18-2971-e1ee-35baeeb4e272",
        "x-ms-request-id": "9d526062-c01e-0044-5f3b-f31804000000",
        "x-ms-version": "2019-10-10"
      },
      "ResponseBody": []
    },
    {
      "RequestUri": "https://seanstagehierarchical.dfs.core.windows.net/test-filesystem-d8f258b7-37d7-4533-6924-2ba3820235d3/test-directory-41b02011-7605-f0b5-74e7-31568010b0b7?resource=directory",
      "RequestMethod": "PUT",
      "RequestHeaders": {
        "Authorization": "Sanitized",
        "traceparent": "00-1f8945417031b84db2d2ad7c66b7b05a-b7abd12a97ed4b4f-00",
        "User-Agent": [
          "azsdk-net-Storage.Files.DataLake/12.0.0-dev.20200305.1",
          "(.NET Core 4.6.28325.01; Microsoft Windows 10.0.18363 )"
        ],
        "x-ms-client-request-id": "7411449e-ac02-a096-5941-9a31391ba9d1",
        "x-ms-date": "Thu, 05 Mar 2020 22:11:38 GMT",
        "x-ms-return-client-request-id": "true",
        "x-ms-version": "2019-10-10"
      },
      "RequestBody": null,
      "StatusCode": 201,
      "ResponseHeaders": {
        "Content-Length": "0",
        "Date": "Thu, 05 Mar 2020 22:11:38 GMT",
        "ETag": "\u00220x8D7C1522D5CC5B0\u0022",
        "Last-Modified": "Thu, 05 Mar 2020 22:11:38 GMT",
        "Server": [
          "Windows-Azure-HDFS/1.0",
          "Microsoft-HTTPAPI/2.0"
        ],
        "x-ms-client-request-id": "7411449e-ac02-a096-5941-9a31391ba9d1",
        "x-ms-request-id": "d35d3265-201f-003e-2b3b-f30544000000",
        "x-ms-version": "2019-10-10"
      },
      "ResponseBody": []
    },
    {
      "RequestUri": "https://seanstagehierarchical.dfs.core.windows.net/test-filesystem-d8f258b7-37d7-4533-6924-2ba3820235d3/test-directory-41b02011-7605-f0b5-74e7-31568010b0b7/test-directory-5e847e3d-6e27-eba3-661c-cb4fc4e45f4b?resource=directory",
      "RequestMethod": "PUT",
      "RequestHeaders": {
        "Authorization": "Sanitized",
        "User-Agent": [
          "azsdk-net-Storage.Files.DataLake/12.0.0-dev.20200305.1",
          "(.NET Core 4.6.28325.01; Microsoft Windows 10.0.18363 )"
        ],
        "x-ms-client-request-id": "1292e00c-bea4-30cb-a125-0ee5e147db74",
        "x-ms-date": "Thu, 05 Mar 2020 22:11:38 GMT",
        "x-ms-return-client-request-id": "true",
        "x-ms-version": "2019-10-10"
      },
      "RequestBody": null,
      "StatusCode": 201,
      "ResponseHeaders": {
        "Content-Length": "0",
        "Date": "Thu, 05 Mar 2020 22:11:38 GMT",
        "ETag": "\u00220x8D7C1522D6AA390\u0022",
        "Last-Modified": "Thu, 05 Mar 2020 22:11:38 GMT",
        "Server": [
          "Windows-Azure-HDFS/1.0",
          "Microsoft-HTTPAPI/2.0"
        ],
        "x-ms-client-request-id": "1292e00c-bea4-30cb-a125-0ee5e147db74",
        "x-ms-request-id": "d35d3266-201f-003e-2c3b-f30544000000",
        "x-ms-version": "2019-10-10"
      },
      "ResponseBody": []
    },
    {
      "RequestUri": "https://seanstagehierarchical.dfs.core.windows.net/test-filesystem-d8f258b7-37d7-4533-6924-2ba3820235d3/test-directory-41b02011-7605-f0b5-74e7-31568010b0b7/test-directory-5e847e3d-6e27-eba3-661c-cb4fc4e45f4b?resource=directory",
      "RequestMethod": "PUT",
      "RequestHeaders": {
        "Authorization": "Sanitized",
        "If-Match": "\u0022garbage\u0022",
        "User-Agent": [
          "azsdk-net-Storage.Files.DataLake/12.0.0-dev.20200305.1",
          "(.NET Core 4.6.28325.01; Microsoft Windows 10.0.18363 )"
        ],
        "x-ms-client-request-id": "e34271c1-4c51-0ca6-7287-99d92ccfa8b2",
        "x-ms-date": "Thu, 05 Mar 2020 22:11:39 GMT",
        "x-ms-return-client-request-id": "true",
        "x-ms-version": "2019-10-10"
      },
      "RequestBody": null,
      "StatusCode": 412,
      "ResponseHeaders": {
        "Content-Length": "200",
        "Content-Type": "application/json; charset=utf-8",
        "Date": "Thu, 05 Mar 2020 22:11:38 GMT",
        "Server": [
          "Windows-Azure-HDFS/1.0",
          "Microsoft-HTTPAPI/2.0"
        ],
        "x-ms-client-request-id": "e34271c1-4c51-0ca6-7287-99d92ccfa8b2",
        "x-ms-error-code": "ConditionNotMet",
        "x-ms-request-id": "d35d3267-201f-003e-2d3b-f30544000000",
        "x-ms-version": "2019-10-10"
      },
      "ResponseBody": {
        "error": {
          "code": "ConditionNotMet",
          "message": "The condition specified using HTTP conditional header(s) is not met.\nRequestId:d35d3267-201f-003e-2d3b-f30544000000\nTime:2020-03-05T22:11:39.0565836Z"
        }
      }
    },
    {
      "RequestUri": "https://seanstagehierarchical.blob.core.windows.net/test-filesystem-d8f258b7-37d7-4533-6924-2ba3820235d3?restype=container",
      "RequestMethod": "DELETE",
      "RequestHeaders": {
        "Authorization": "Sanitized",
        "traceparent": "00-ad459067c7b1724aa1473a31ab02d1b8-2bc990a7abc1f94b-00",
        "User-Agent": [
          "azsdk-net-Storage.Files.DataLake/12.0.0-dev.20200305.1",
          "(.NET Core 4.6.28325.01; Microsoft Windows 10.0.18363 )"
        ],
        "x-ms-client-request-id": "6f2431c6-f704-9523-a75a-89ddd3f8d5f9",
        "x-ms-date": "Thu, 05 Mar 2020 22:11:39 GMT",
        "x-ms-return-client-request-id": "true",
        "x-ms-version": "2019-10-10"
      },
      "RequestBody": null,
      "StatusCode": 202,
      "ResponseHeaders": {
        "Content-Length": "0",
        "Date": "Thu, 05 Mar 2020 22:11:38 GMT",
        "Server": [
          "Windows-Azure-Blob/1.0",
          "Microsoft-HTTPAPI/2.0"
        ],
        "x-ms-client-request-id": "6f2431c6-f704-9523-a75a-89ddd3f8d5f9",
        "x-ms-request-id": "9d52607a-c01e-0044-6e3b-f31804000000",
        "x-ms-version": "2019-10-10"
      },
      "ResponseBody": []
    },
    {
      "RequestUri": "https://seanstagehierarchical.blob.core.windows.net/test-filesystem-ac2bb252-2167-61ba-7ca3-d4c002fcb2e2?restype=container",
      "RequestMethod": "PUT",
      "RequestHeaders": {
        "Authorization": "Sanitized",
        "traceparent": "00-2fc40ce5fabb42449211bae5b83a5436-2c905914515ef740-00",
        "User-Agent": [
          "azsdk-net-Storage.Files.DataLake/12.0.0-dev.20200305.1",
          "(.NET Core 4.6.28325.01; Microsoft Windows 10.0.18363 )"
        ],
        "x-ms-blob-public-access": "container",
        "x-ms-client-request-id": "a7574fbb-2f64-a525-76c2-f261226292aa",
        "x-ms-date": "Thu, 05 Mar 2020 22:11:39 GMT",
        "x-ms-return-client-request-id": "true",
        "x-ms-version": "2019-10-10"
      },
      "RequestBody": null,
      "StatusCode": 201,
      "ResponseHeaders": {
        "Content-Length": "0",
        "Date": "Thu, 05 Mar 2020 22:11:39 GMT",
        "ETag": "\u00220x8D7C1522DBA215D\u0022",
        "Last-Modified": "Thu, 05 Mar 2020 22:11:39 GMT",
        "Server": [
          "Windows-Azure-Blob/1.0",
          "Microsoft-HTTPAPI/2.0"
        ],
        "x-ms-client-request-id": "a7574fbb-2f64-a525-76c2-f261226292aa",
        "x-ms-request-id": "9c4978c5-601e-0000-5c3b-f3923b000000",
        "x-ms-version": "2019-10-10"
      },
      "ResponseBody": []
    },
    {
      "RequestUri": "https://seanstagehierarchical.dfs.core.windows.net/test-filesystem-ac2bb252-2167-61ba-7ca3-d4c002fcb2e2/test-directory-c632a6a7-dae6-194f-0412-29508bf38b64?resource=directory",
      "RequestMethod": "PUT",
      "RequestHeaders": {
        "Authorization": "Sanitized",
        "traceparent": "00-9be74e0291de4044a84c4aceb7aba47b-04ffbb88baf8c54c-00",
        "User-Agent": [
          "azsdk-net-Storage.Files.DataLake/12.0.0-dev.20200305.1",
          "(.NET Core 4.6.28325.01; Microsoft Windows 10.0.18363 )"
        ],
        "x-ms-client-request-id": "2f1feb85-05e5-e030-003d-a25106d41a83",
        "x-ms-date": "Thu, 05 Mar 2020 22:11:39 GMT",
        "x-ms-return-client-request-id": "true",
        "x-ms-version": "2019-10-10"
      },
      "RequestBody": null,
      "StatusCode": 201,
      "ResponseHeaders": {
        "Content-Length": "0",
        "Date": "Thu, 05 Mar 2020 22:11:39 GMT",
        "ETag": "\u00220x8D7C1522DF565D3\u0022",
        "Last-Modified": "Thu, 05 Mar 2020 22:11:39 GMT",
        "Server": [
          "Windows-Azure-HDFS/1.0",
          "Microsoft-HTTPAPI/2.0"
        ],
        "x-ms-client-request-id": "2f1feb85-05e5-e030-003d-a25106d41a83",
        "x-ms-request-id": "b8ff49a9-d01f-0015-653b-f38588000000",
        "x-ms-version": "2019-10-10"
      },
      "ResponseBody": []
    },
    {
      "RequestUri": "https://seanstagehierarchical.dfs.core.windows.net/test-filesystem-ac2bb252-2167-61ba-7ca3-d4c002fcb2e2/test-directory-c632a6a7-dae6-194f-0412-29508bf38b64/test-directory-648a8d36-df5c-9c05-28b8-de795667d2b7?resource=directory",
      "RequestMethod": "PUT",
      "RequestHeaders": {
        "Authorization": "Sanitized",
        "User-Agent": [
          "azsdk-net-Storage.Files.DataLake/12.0.0-dev.20200305.1",
          "(.NET Core 4.6.28325.01; Microsoft Windows 10.0.18363 )"
        ],
        "x-ms-client-request-id": "b8b10052-91c2-a5c3-e683-072c26b78a99",
        "x-ms-date": "Thu, 05 Mar 2020 22:11:39 GMT",
        "x-ms-return-client-request-id": "true",
        "x-ms-version": "2019-10-10"
      },
      "RequestBody": null,
      "StatusCode": 201,
      "ResponseHeaders": {
        "Content-Length": "0",
        "Date": "Thu, 05 Mar 2020 22:11:39 GMT",
        "ETag": "\u00220x8D7C1522E018EE4\u0022",
        "Last-Modified": "Thu, 05 Mar 2020 22:11:39 GMT",
        "Server": [
          "Windows-Azure-HDFS/1.0",
          "Microsoft-HTTPAPI/2.0"
        ],
        "x-ms-client-request-id": "b8b10052-91c2-a5c3-e683-072c26b78a99",
        "x-ms-request-id": "b8ff49aa-d01f-0015-663b-f38588000000",
        "x-ms-version": "2019-10-10"
      },
      "ResponseBody": []
    },
    {
      "RequestUri": "https://seanstagehierarchical.blob.core.windows.net/test-filesystem-ac2bb252-2167-61ba-7ca3-d4c002fcb2e2/test-directory-c632a6a7-dae6-194f-0412-29508bf38b64/test-directory-648a8d36-df5c-9c05-28b8-de795667d2b7",
      "RequestMethod": "HEAD",
      "RequestHeaders": {
        "Authorization": "Sanitized",
        "User-Agent": [
          "azsdk-net-Storage.Files.DataLake/12.0.0-dev.20200305.1",
          "(.NET Core 4.6.28325.01; Microsoft Windows 10.0.18363 )"
        ],
        "x-ms-client-request-id": "5526cc44-1ab5-8cf5-4525-b94f5552acd6",
        "x-ms-date": "Thu, 05 Mar 2020 22:11:40 GMT",
        "x-ms-return-client-request-id": "true",
        "x-ms-version": "2019-10-10"
      },
      "RequestBody": null,
      "StatusCode": 200,
      "ResponseHeaders": {
        "Accept-Ranges": "bytes",
        "Content-Length": "0",
        "Content-Type": "application/octet-stream",
        "Date": "Thu, 05 Mar 2020 22:11:40 GMT",
        "ETag": "\u00220x8D7C1522E018EE4\u0022",
        "Last-Modified": "Thu, 05 Mar 2020 22:11:39 GMT",
        "Server": [
          "Windows-Azure-Blob/1.0",
          "Microsoft-HTTPAPI/2.0"
        ],
        "x-ms-access-tier": "Hot",
        "x-ms-access-tier-inferred": "true",
        "x-ms-blob-type": "BlockBlob",
        "x-ms-client-request-id": "5526cc44-1ab5-8cf5-4525-b94f5552acd6",
        "x-ms-creation-time": "Thu, 05 Mar 2020 22:11:39 GMT",
        "x-ms-lease-state": "available",
        "x-ms-lease-status": "unlocked",
        "x-ms-meta-hdi_isfolder": "true",
        "x-ms-request-id": "9c4978d8-601e-0000-673b-f3923b000000",
        "x-ms-server-encrypted": "true",
        "x-ms-version": "2019-10-10"
      },
      "ResponseBody": []
    },
    {
      "RequestUri": "https://seanstagehierarchical.dfs.core.windows.net/test-filesystem-ac2bb252-2167-61ba-7ca3-d4c002fcb2e2/test-directory-c632a6a7-dae6-194f-0412-29508bf38b64/test-directory-648a8d36-df5c-9c05-28b8-de795667d2b7?resource=directory",
      "RequestMethod": "PUT",
      "RequestHeaders": {
        "Authorization": "Sanitized",
        "If-None-Match": "\u00220x8D7C1522E018EE4\u0022",
        "User-Agent": [
          "azsdk-net-Storage.Files.DataLake/12.0.0-dev.20200305.1",
          "(.NET Core 4.6.28325.01; Microsoft Windows 10.0.18363 )"
        ],
        "x-ms-client-request-id": "59e80c50-3490-50e3-f5a8-b7e4c16085bb",
        "x-ms-date": "Thu, 05 Mar 2020 22:11:40 GMT",
        "x-ms-return-client-request-id": "true",
        "x-ms-version": "2019-10-10"
      },
      "RequestBody": null,
      "StatusCode": 412,
      "ResponseHeaders": {
        "Content-Length": "200",
        "Content-Type": "application/json; charset=utf-8",
        "Date": "Thu, 05 Mar 2020 22:11:39 GMT",
        "Server": [
          "Windows-Azure-HDFS/1.0",
          "Microsoft-HTTPAPI/2.0"
        ],
        "x-ms-client-request-id": "59e80c50-3490-50e3-f5a8-b7e4c16085bb",
        "x-ms-error-code": "ConditionNotMet",
        "x-ms-request-id": "b8ff49ab-d01f-0015-673b-f38588000000",
        "x-ms-version": "2019-10-10"
      },
      "ResponseBody": {
        "error": {
          "code": "ConditionNotMet",
          "message": "The condition specified using HTTP conditional header(s) is not met.\nRequestId:b8ff49ab-d01f-0015-673b-f38588000000\nTime:2020-03-05T22:11:40.1151414Z"
        }
      }
    },
    {
      "RequestUri": "https://seanstagehierarchical.blob.core.windows.net/test-filesystem-ac2bb252-2167-61ba-7ca3-d4c002fcb2e2?restype=container",
      "RequestMethod": "DELETE",
      "RequestHeaders": {
        "Authorization": "Sanitized",
        "traceparent": "00-a26ecbebf357e040b95756755622bb2e-805c6698983aaf41-00",
        "User-Agent": [
          "azsdk-net-Storage.Files.DataLake/12.0.0-dev.20200305.1",
          "(.NET Core 4.6.28325.01; Microsoft Windows 10.0.18363 )"
        ],
        "x-ms-client-request-id": "48ff70ab-5269-6645-35ac-8750bf2417f0",
        "x-ms-date": "Thu, 05 Mar 2020 22:11:40 GMT",
        "x-ms-return-client-request-id": "true",
        "x-ms-version": "2019-10-10"
      },
      "RequestBody": null,
      "StatusCode": 202,
      "ResponseHeaders": {
        "Content-Length": "0",
        "Date": "Thu, 05 Mar 2020 22:11:40 GMT",
        "Server": [
          "Windows-Azure-Blob/1.0",
          "Microsoft-HTTPAPI/2.0"
        ],
        "x-ms-client-request-id": "48ff70ab-5269-6645-35ac-8750bf2417f0",
        "x-ms-request-id": "9c4978d9-601e-0000-683b-f3923b000000",
        "x-ms-version": "2019-10-10"
      },
      "ResponseBody": []
    },
    {
      "RequestUri": "https://seanstagehierarchical.blob.core.windows.net/test-filesystem-bafeee51-66ee-9aa9-091b-96422f04e10b?restype=container",
      "RequestMethod": "PUT",
      "RequestHeaders": {
        "Authorization": "Sanitized",
        "traceparent": "00-de61d62f2586f14dbc8d675ab83a015e-f45d08e038e4df46-00",
        "User-Agent": [
          "azsdk-net-Storage.Files.DataLake/12.0.0-dev.20200305.1",
          "(.NET Core 4.6.28325.01; Microsoft Windows 10.0.18363 )"
        ],
        "x-ms-blob-public-access": "container",
        "x-ms-client-request-id": "818d1436-17eb-45ca-c664-3f4ebb023631",
        "x-ms-date": "Thu, 05 Mar 2020 22:11:40 GMT",
        "x-ms-return-client-request-id": "true",
        "x-ms-version": "2019-10-10"
      },
      "RequestBody": null,
      "StatusCode": 201,
      "ResponseHeaders": {
        "Content-Length": "0",
        "Date": "Thu, 05 Mar 2020 22:11:40 GMT",
        "ETag": "\u00220x8D7C1522E5986E7\u0022",
        "Last-Modified": "Thu, 05 Mar 2020 22:11:40 GMT",
        "Server": [
          "Windows-Azure-Blob/1.0",
          "Microsoft-HTTPAPI/2.0"
        ],
        "x-ms-client-request-id": "818d1436-17eb-45ca-c664-3f4ebb023631",
        "x-ms-request-id": "96268cd1-f01e-002d-293b-f32148000000",
        "x-ms-version": "2019-10-10"
      },
      "ResponseBody": []
    },
    {
      "RequestUri": "https://seanstagehierarchical.dfs.core.windows.net/test-filesystem-bafeee51-66ee-9aa9-091b-96422f04e10b/test-directory-c07a7ccb-c6eb-148f-9c45-ffb789b56c57?resource=directory",
      "RequestMethod": "PUT",
      "RequestHeaders": {
        "Authorization": "Sanitized",
        "traceparent": "00-114c3df9290fb749a97c523e334ba955-a2ef3d6e90229248-00",
        "User-Agent": [
          "azsdk-net-Storage.Files.DataLake/12.0.0-dev.20200305.1",
          "(.NET Core 4.6.28325.01; Microsoft Windows 10.0.18363 )"
        ],
        "x-ms-client-request-id": "b128ab00-4d37-70b4-8578-e4a61712bb11",
        "x-ms-date": "Thu, 05 Mar 2020 22:11:40 GMT",
        "x-ms-return-client-request-id": "true",
        "x-ms-version": "2019-10-10"
      },
      "RequestBody": null,
      "StatusCode": 201,
      "ResponseHeaders": {
        "Content-Length": "0",
        "Date": "Thu, 05 Mar 2020 22:11:40 GMT",
        "ETag": "\u00220x8D7C1522E8BA4CC\u0022",
        "Last-Modified": "Thu, 05 Mar 2020 22:11:40 GMT",
        "Server": [
          "Windows-Azure-HDFS/1.0",
          "Microsoft-HTTPAPI/2.0"
        ],
        "x-ms-client-request-id": "b128ab00-4d37-70b4-8578-e4a61712bb11",
        "x-ms-request-id": "5a9dca34-201f-0001-6b3b-f3cde7000000",
        "x-ms-version": "2019-10-10"
      },
      "ResponseBody": []
    },
    {
      "RequestUri": "https://seanstagehierarchical.dfs.core.windows.net/test-filesystem-bafeee51-66ee-9aa9-091b-96422f04e10b/test-directory-c07a7ccb-c6eb-148f-9c45-ffb789b56c57/test-directory-c441e7f7-1bf6-6bba-5dba-8bf73c931799?resource=directory",
      "RequestMethod": "PUT",
      "RequestHeaders": {
        "Authorization": "Sanitized",
        "User-Agent": [
          "azsdk-net-Storage.Files.DataLake/12.0.0-dev.20200305.1",
          "(.NET Core 4.6.28325.01; Microsoft Windows 10.0.18363 )"
        ],
        "x-ms-client-request-id": "15047838-38c1-e4c1-f1bc-547cc2bc33f1",
        "x-ms-date": "Thu, 05 Mar 2020 22:11:40 GMT",
        "x-ms-return-client-request-id": "true",
        "x-ms-version": "2019-10-10"
      },
      "RequestBody": null,
      "StatusCode": 201,
      "ResponseHeaders": {
        "Content-Length": "0",
        "Date": "Thu, 05 Mar 2020 22:11:40 GMT",
        "ETag": "\u00220x8D7C1522E98840C\u0022",
        "Last-Modified": "Thu, 05 Mar 2020 22:11:40 GMT",
        "Server": [
          "Windows-Azure-HDFS/1.0",
          "Microsoft-HTTPAPI/2.0"
        ],
        "x-ms-client-request-id": "15047838-38c1-e4c1-f1bc-547cc2bc33f1",
        "x-ms-request-id": "5a9dca35-201f-0001-6c3b-f3cde7000000",
        "x-ms-version": "2019-10-10"
      },
      "ResponseBody": []
    },
    {
      "RequestUri": "https://seanstagehierarchical.dfs.core.windows.net/test-filesystem-bafeee51-66ee-9aa9-091b-96422f04e10b/test-directory-c07a7ccb-c6eb-148f-9c45-ffb789b56c57/test-directory-c441e7f7-1bf6-6bba-5dba-8bf73c931799?resource=directory",
      "RequestMethod": "PUT",
      "RequestHeaders": {
        "Authorization": "Sanitized",
        "User-Agent": [
          "azsdk-net-Storage.Files.DataLake/12.0.0-dev.20200305.1",
          "(.NET Core 4.6.28325.01; Microsoft Windows 10.0.18363 )"
        ],
        "x-ms-client-request-id": "c4be6913-018e-0fd7-86d2-ecd066a3fd86",
        "x-ms-date": "Thu, 05 Mar 2020 22:11:41 GMT",
        "x-ms-lease-id": "d4b81b82-46ad-1da2-7e9d-0f0b086fb681",
        "x-ms-return-client-request-id": "true",
        "x-ms-version": "2019-10-10"
      },
      "RequestBody": null,
      "StatusCode": 412,
      "ResponseHeaders": {
        "Content-Length": "176",
        "Content-Type": "application/json; charset=utf-8",
        "Date": "Thu, 05 Mar 2020 22:11:40 GMT",
        "Server": [
          "Windows-Azure-HDFS/1.0",
          "Microsoft-HTTPAPI/2.0"
        ],
        "x-ms-client-request-id": "c4be6913-018e-0fd7-86d2-ecd066a3fd86",
        "x-ms-error-code": "LeaseNotPresent",
        "x-ms-request-id": "5a9dca36-201f-0001-6d3b-f3cde7000000",
        "x-ms-version": "2019-10-10"
      },
      "ResponseBody": {
        "error": {
          "code": "LeaseNotPresent",
          "message": "There is currently no lease on the resource.\nRequestId:5a9dca36-201f-0001-6d3b-f3cde7000000\nTime:2020-03-05T22:11:41.0821246Z"
        }
      }
    },
    {
      "RequestUri": "https://seanstagehierarchical.blob.core.windows.net/test-filesystem-bafeee51-66ee-9aa9-091b-96422f04e10b?restype=container",
      "RequestMethod": "DELETE",
      "RequestHeaders": {
        "Authorization": "Sanitized",
        "traceparent": "00-b0fec19d346c9f4aa4d8f833ce6d69af-9591c6ab39895544-00",
        "User-Agent": [
          "azsdk-net-Storage.Files.DataLake/12.0.0-dev.20200305.1",
          "(.NET Core 4.6.28325.01; Microsoft Windows 10.0.18363 )"
        ],
        "x-ms-client-request-id": "586970cc-6ffe-5f63-734e-4888f1b4d523",
        "x-ms-date": "Thu, 05 Mar 2020 22:11:41 GMT",
        "x-ms-return-client-request-id": "true",
        "x-ms-version": "2019-10-10"
      },
      "RequestBody": null,
      "StatusCode": 202,
      "ResponseHeaders": {
        "Content-Length": "0",
        "Date": "Thu, 05 Mar 2020 22:11:40 GMT",
        "Server": [
          "Windows-Azure-Blob/1.0",
          "Microsoft-HTTPAPI/2.0"
        ],
        "x-ms-client-request-id": "586970cc-6ffe-5f63-734e-4888f1b4d523",
        "x-ms-request-id": "96268cd7-f01e-002d-2b3b-f32148000000",
        "x-ms-version": "2019-10-10"
      },
      "ResponseBody": []
    }
  ],
  "Variables": {
    "DateTimeOffsetNow": "2020-03-05T14:11:36.2887218-08:00",
    "RandomSeed": "193545334",
    "Storage_TestConfigHierarchicalNamespace": "NamespaceTenant\nseanstagehierarchical\nU2FuaXRpemVk\nhttps://seanstagehierarchical.blob.core.windows.net\nhttp://seanstagehierarchical.file.core.windows.net\nhttp://seanstagehierarchical.queue.core.windows.net\nhttp://seanstagehierarchical.table.core.windows.net\n\n\n\n\nhttp://seanstagehierarchical-secondary.blob.core.windows.net\nhttp://seanstagehierarchical-secondary.file.core.windows.net\nhttp://seanstagehierarchical-secondary.queue.core.windows.net\nhttp://seanstagehierarchical-secondary.table.core.windows.net\n68390a19-a643-458b-b726-408abf67b4fc\nSanitized\n72f988bf-86f1-41af-91ab-2d7cd011db47\nhttps://login.microsoftonline.com/\nCloud\nBlobEndpoint=https://seanstagehierarchical.blob.core.windows.net/;QueueEndpoint=http://seanstagehierarchical.queue.core.windows.net/;FileEndpoint=http://seanstagehierarchical.file.core.windows.net/;BlobSecondaryEndpoint=http://seanstagehierarchical-secondary.blob.core.windows.net/;QueueSecondaryEndpoint=http://seanstagehierarchical-secondary.queue.core.windows.net/;FileSecondaryEndpoint=http://seanstagehierarchical-secondary.file.core.windows.net/;AccountName=seanstagehierarchical;AccountKey=Sanitized\n"
  }
}