{
  "Entries": [
    {
      "RequestUri": "http://amandaadlscanary.blob.core.windows.net/test-filesystem-e406dc08-a4c6-7385-597a-de4d4dc03c2c?restype=container",
      "RequestMethod": "PUT",
      "RequestHeaders": {
        "Authorization": "Sanitized",
        "traceparent": "00-cd869ca46dde6042a14f44f68dd641d4-bf59f14eff4e5f46-00",
        "User-Agent": [
          "azsdk-net-Storage.Files.DataLake/12.2.0-dev.20200426.1",
          "(.NET Core 4.6.28619.01; Microsoft Windows 10.0.18363 )"
        ],
        "x-ms-blob-public-access": "container",
        "x-ms-client-request-id": "8a0f5cff-5715-af7f-3e1c-e641e46b96a5",
        "x-ms-date": "Mon, 27 Apr 2020 04:32:50 GMT",
        "x-ms-return-client-request-id": "true",
        "x-ms-version": "2019-12-12"
      },
      "RequestBody": null,
      "StatusCode": 201,
      "ResponseHeaders": {
        "Content-Length": "0",
        "Date": "Mon, 27 Apr 2020 04:32:50 GMT",
        "ETag": "\u00220x8D7EA640B8DA49D\u0022",
        "Last-Modified": "Mon, 27 Apr 2020 04:32:50 GMT",
        "Server": [
          "Windows-Azure-Blob/1.0",
          "Microsoft-HTTPAPI/2.0"
        ],
        "x-ms-client-request-id": "8a0f5cff-5715-af7f-3e1c-e641e46b96a5",
        "x-ms-request-id": "2e65a830-101e-00a3-384c-1c93e4000000",
        "x-ms-version": "2019-12-12"
      },
      "ResponseBody": []
    },
    {
      "RequestUri": "http://amandaadlscanary.dfs.core.windows.net/test-filesystem-e406dc08-a4c6-7385-597a-de4d4dc03c2c/test-directory-a0943c48-54d6-618c-95e6-aacb8c326594?resource=directory",
      "RequestMethod": "PUT",
      "RequestHeaders": {
        "Authorization": "Sanitized",
        "traceparent": "00-e3f210f820248e42a87b73f0da31af78-a73811cf30f31d44-00",
        "User-Agent": [
          "azsdk-net-Storage.Files.DataLake/12.2.0-dev.20200426.1",
          "(.NET Core 4.6.28619.01; Microsoft Windows 10.0.18363 )"
        ],
        "x-ms-client-request-id": "d10a7263-6030-abfb-d0ae-f52facb3220c",
        "x-ms-date": "Mon, 27 Apr 2020 04:32:50 GMT",
        "x-ms-return-client-request-id": "true",
        "x-ms-version": "2019-12-12"
      },
      "RequestBody": null,
      "StatusCode": 201,
      "ResponseHeaders": {
        "Content-Length": "0",
        "Date": "Mon, 27 Apr 2020 04:32:50 GMT",
        "ETag": "\u00220x8D7EA640B9C558A\u0022",
        "Last-Modified": "Mon, 27 Apr 2020 04:32:50 GMT",
        "Server": [
          "Windows-Azure-HDFS/1.0",
          "Microsoft-HTTPAPI/2.0"
        ],
        "x-ms-client-request-id": "d10a7263-6030-abfb-d0ae-f52facb3220c",
        "x-ms-request-id": "9a2ba04b-101f-008c-324c-1c9e2f000000",
        "x-ms-version": "2019-12-12"
      },
      "ResponseBody": []
    },
    {
      "RequestUri": "http://amandaadlscanary.dfs.core.windows.net/test-filesystem-e406dc08-a4c6-7385-597a-de4d4dc03c2c/test-directory-a0943c48-54d6-618c-95e6-aacb8c326594?resource=directory",
      "RequestMethod": "PUT",
      "RequestHeaders": {
        "Authorization": "Sanitized",
        "User-Agent": [
          "azsdk-net-Storage.Files.DataLake/12.2.0-dev.20200426.1",
          "(.NET Core 4.6.28619.01; Microsoft Windows 10.0.18363 )"
        ],
        "x-ms-client-request-id": "1968dba9-9328-1964-11a2-2003bce62203",
        "x-ms-date": "Mon, 27 Apr 2020 04:32:50 GMT",
        "x-ms-return-client-request-id": "true",
        "x-ms-version": "2019-12-12"
      },
      "RequestBody": null,
      "StatusCode": 201,
      "ResponseHeaders": {
        "Content-Length": "0",
        "Date": "Mon, 27 Apr 2020 04:32:50 GMT",
        "ETag": "\u00220x8D7EA640BAC6F5F\u0022",
        "Last-Modified": "Mon, 27 Apr 2020 04:32:50 GMT",
        "Server": [
          "Windows-Azure-HDFS/1.0",
          "Microsoft-HTTPAPI/2.0"
        ],
        "x-ms-client-request-id": "1968dba9-9328-1964-11a2-2003bce62203",
        "x-ms-request-id": "9a2ba04c-101f-008c-334c-1c9e2f000000",
        "x-ms-version": "2019-12-12"
      },
      "ResponseBody": []
    },
    {
      "RequestUri": "http://amandaadlscanary.blob.core.windows.net/test-filesystem-e406dc08-a4c6-7385-597a-de4d4dc03c2c?restype=container",
      "RequestMethod": "DELETE",
      "RequestHeaders": {
        "Authorization": "Sanitized",
        "traceparent": "00-b931d369f16084428059dba6ddcf78e9-420a785d32fa3e4b-00",
        "User-Agent": [
          "azsdk-net-Storage.Files.DataLake/12.2.0-dev.20200426.1",
          "(.NET Core 4.6.28619.01; Microsoft Windows 10.0.18363 )"
        ],
        "x-ms-client-request-id": "d185650d-084b-23e4-ecad-c67b86efd93e",
        "x-ms-date": "Mon, 27 Apr 2020 04:32:51 GMT",
        "x-ms-return-client-request-id": "true",
        "x-ms-version": "2019-12-12"
      },
      "RequestBody": null,
      "StatusCode": 202,
      "ResponseHeaders": {
        "Content-Length": "0",
        "Date": "Mon, 27 Apr 2020 04:32:50 GMT",
        "Server": [
          "Windows-Azure-Blob/1.0",
          "Microsoft-HTTPAPI/2.0"
        ],
        "x-ms-client-request-id": "d185650d-084b-23e4-ecad-c67b86efd93e",
        "x-ms-request-id": "2e65a860-101e-00a3-614c-1c93e4000000",
        "x-ms-version": "2019-12-12"
      },
      "ResponseBody": []
    },
    {
      "RequestUri": "http://amandaadlscanary.blob.core.windows.net/test-filesystem-1a1ce6a2-303c-4551-29ab-9ab3e7f9a3fe?restype=container",
      "RequestMethod": "PUT",
      "RequestHeaders": {
        "Authorization": "Sanitized",
        "traceparent": "00-576c4de9431b704f81add8b90c2f4cf1-301308aec7d67641-00",
        "User-Agent": [
          "azsdk-net-Storage.Files.DataLake/12.2.0-dev.20200426.1",
          "(.NET Core 4.6.28619.01; Microsoft Windows 10.0.18363 )"
        ],
        "x-ms-blob-public-access": "container",
        "x-ms-client-request-id": "90c76d9a-60f5-dd0a-1440-a8a06e303cf3",
        "x-ms-date": "Mon, 27 Apr 2020 04:32:51 GMT",
        "x-ms-return-client-request-id": "true",
        "x-ms-version": "2019-12-12"
      },
      "RequestBody": null,
      "StatusCode": 201,
      "ResponseHeaders": {
        "Content-Length": "0",
        "Date": "Mon, 27 Apr 2020 04:32:51 GMT",
        "ETag": "\u00220x8D7EA640BC6C3EB\u0022",
        "Last-Modified": "Mon, 27 Apr 2020 04:32:51 GMT",
        "Server": [
          "Windows-Azure-Blob/1.0",
          "Microsoft-HTTPAPI/2.0"
        ],
        "x-ms-client-request-id": "90c76d9a-60f5-dd0a-1440-a8a06e303cf3",
        "x-ms-request-id": "2e65a881-101e-00a3-794c-1c93e4000000",
        "x-ms-version": "2019-12-12"
      },
      "ResponseBody": []
    },
    {
      "RequestUri": "http://amandaadlscanary.dfs.core.windows.net/test-filesystem-1a1ce6a2-303c-4551-29ab-9ab3e7f9a3fe/test-directory-ac54c80a-83f9-52dd-2e59-e713aec1a7f3?resource=directory",
      "RequestMethod": "PUT",
      "RequestHeaders": {
        "Authorization": "Sanitized",
        "traceparent": "00-cb2828b722eceb4fbc729199f0c65097-db995f9337edd544-00",
        "User-Agent": [
          "azsdk-net-Storage.Files.DataLake/12.2.0-dev.20200426.1",
          "(.NET Core 4.6.28619.01; Microsoft Windows 10.0.18363 )"
        ],
        "x-ms-client-request-id": "d5858fec-8ae2-1796-8f75-619b78f62f52",
        "x-ms-date": "Mon, 27 Apr 2020 04:32:51 GMT",
        "x-ms-return-client-request-id": "true",
        "x-ms-version": "2019-12-12"
      },
      "RequestBody": null,
      "StatusCode": 201,
      "ResponseHeaders": {
        "Content-Length": "0",
        "Date": "Mon, 27 Apr 2020 04:32:50 GMT",
        "ETag": "\u00220x8D7EA640BD4430E\u0022",
        "Last-Modified": "Mon, 27 Apr 2020 04:32:51 GMT",
        "Server": [
          "Windows-Azure-HDFS/1.0",
          "Microsoft-HTTPAPI/2.0"
        ],
        "x-ms-client-request-id": "d5858fec-8ae2-1796-8f75-619b78f62f52",
        "x-ms-request-id": "9a2ba04d-101f-008c-344c-1c9e2f000000",
        "x-ms-version": "2019-12-12"
      },
      "ResponseBody": []
    },
    {
      "RequestUri": "http://amandaadlscanary.dfs.core.windows.net/test-filesystem-1a1ce6a2-303c-4551-29ab-9ab3e7f9a3fe/test-directory-ac54c80a-83f9-52dd-2e59-e713aec1a7f3?resource=directory",
      "RequestMethod": "PUT",
      "RequestHeaders": {
        "Authorization": "Sanitized",
        "If-Modified-Since": "Sun, 26 Apr 2020 04:32:50 GMT",
        "User-Agent": [
          "azsdk-net-Storage.Files.DataLake/12.2.0-dev.20200426.1",
          "(.NET Core 4.6.28619.01; Microsoft Windows 10.0.18363 )"
        ],
        "x-ms-client-request-id": "1e26e505-d23c-ea11-7302-ebbcb16c4ed8",
        "x-ms-date": "Mon, 27 Apr 2020 04:32:51 GMT",
        "x-ms-return-client-request-id": "true",
        "x-ms-version": "2019-12-12"
      },
      "RequestBody": null,
      "StatusCode": 201,
      "ResponseHeaders": {
        "Content-Length": "0",
        "Date": "Mon, 27 Apr 2020 04:32:50 GMT",
        "ETag": "\u00220x8D7EA640BDFD789\u0022",
        "Last-Modified": "Mon, 27 Apr 2020 04:32:51 GMT",
        "Server": [
          "Windows-Azure-HDFS/1.0",
          "Microsoft-HTTPAPI/2.0"
        ],
        "x-ms-client-request-id": "1e26e505-d23c-ea11-7302-ebbcb16c4ed8",
        "x-ms-request-id": "9a2ba04e-101f-008c-354c-1c9e2f000000",
        "x-ms-version": "2019-12-12"
      },
      "ResponseBody": []
    },
    {
      "RequestUri": "http://amandaadlscanary.blob.core.windows.net/test-filesystem-1a1ce6a2-303c-4551-29ab-9ab3e7f9a3fe?restype=container",
      "RequestMethod": "DELETE",
      "RequestHeaders": {
        "Authorization": "Sanitized",
        "traceparent": "00-e27a599360355b49a7d5d91a8ebb1214-e36aec98ae67dd49-00",
        "User-Agent": [
          "azsdk-net-Storage.Files.DataLake/12.2.0-dev.20200426.1",
          "(.NET Core 4.6.28619.01; Microsoft Windows 10.0.18363 )"
        ],
        "x-ms-client-request-id": "929648cc-10cf-c616-a342-f015d6054652",
        "x-ms-date": "Mon, 27 Apr 2020 04:32:51 GMT",
        "x-ms-return-client-request-id": "true",
        "x-ms-version": "2019-12-12"
      },
      "RequestBody": null,
      "StatusCode": 202,
      "ResponseHeaders": {
        "Content-Length": "0",
        "Date": "Mon, 27 Apr 2020 04:32:51 GMT",
        "Server": [
          "Windows-Azure-Blob/1.0",
          "Microsoft-HTTPAPI/2.0"
        ],
        "x-ms-client-request-id": "929648cc-10cf-c616-a342-f015d6054652",
        "x-ms-request-id": "2e65a8a7-101e-00a3-124c-1c93e4000000",
        "x-ms-version": "2019-12-12"
      },
      "ResponseBody": []
    },
    {
      "RequestUri": "http://amandaadlscanary.blob.core.windows.net/test-filesystem-51f7053e-b536-142e-fafb-50aebcbc3dbe?restype=container",
      "RequestMethod": "PUT",
      "RequestHeaders": {
        "Authorization": "Sanitized",
        "traceparent": "00-bbb2011c675eeb41a8edae42970449d1-cc3f79c6270bc444-00",
        "User-Agent": [
          "azsdk-net-Storage.Files.DataLake/12.2.0-dev.20200426.1",
          "(.NET Core 4.6.28619.01; Microsoft Windows 10.0.18363 )"
        ],
        "x-ms-blob-public-access": "container",
        "x-ms-client-request-id": "a617c347-84be-169b-1a81-98d4c0670ae7",
        "x-ms-date": "Mon, 27 Apr 2020 04:32:51 GMT",
        "x-ms-return-client-request-id": "true",
        "x-ms-version": "2019-12-12"
      },
      "RequestBody": null,
      "StatusCode": 201,
      "ResponseHeaders": {
        "Content-Length": "0",
        "Date": "Mon, 27 Apr 2020 04:32:51 GMT",
        "ETag": "\u00220x8D7EA640BFA63A2\u0022",
        "Last-Modified": "Mon, 27 Apr 2020 04:32:51 GMT",
        "Server": [
          "Windows-Azure-Blob/1.0",
          "Microsoft-HTTPAPI/2.0"
        ],
        "x-ms-client-request-id": "a617c347-84be-169b-1a81-98d4c0670ae7",
        "x-ms-request-id": "2e65a8b0-101e-00a3-1a4c-1c93e4000000",
        "x-ms-version": "2019-12-12"
      },
      "ResponseBody": []
    },
    {
      "RequestUri": "http://amandaadlscanary.dfs.core.windows.net/test-filesystem-51f7053e-b536-142e-fafb-50aebcbc3dbe/test-directory-bce93104-dd15-827c-fd1e-777665871424?resource=directory",
      "RequestMethod": "PUT",
      "RequestHeaders": {
        "Authorization": "Sanitized",
        "traceparent": "00-d805dfc1b957a74bb9547cd43724f2b9-95e30e6b0a686344-00",
        "User-Agent": [
          "azsdk-net-Storage.Files.DataLake/12.2.0-dev.20200426.1",
          "(.NET Core 4.6.28619.01; Microsoft Windows 10.0.18363 )"
        ],
        "x-ms-client-request-id": "cea268b5-98ec-6ab3-4794-a99f0d25b092",
        "x-ms-date": "Mon, 27 Apr 2020 04:32:51 GMT",
        "x-ms-return-client-request-id": "true",
        "x-ms-version": "2019-12-12"
      },
      "RequestBody": null,
      "StatusCode": 201,
      "ResponseHeaders": {
        "Content-Length": "0",
        "Date": "Mon, 27 Apr 2020 04:32:50 GMT",
        "ETag": "\u00220x8D7EA640C0819DF\u0022",
        "Last-Modified": "Mon, 27 Apr 2020 04:32:51 GMT",
        "Server": [
          "Windows-Azure-HDFS/1.0",
          "Microsoft-HTTPAPI/2.0"
        ],
        "x-ms-client-request-id": "cea268b5-98ec-6ab3-4794-a99f0d25b092",
        "x-ms-request-id": "9a2ba04f-101f-008c-364c-1c9e2f000000",
        "x-ms-version": "2019-12-12"
      },
      "ResponseBody": []
    },
    {
      "RequestUri": "http://amandaadlscanary.dfs.core.windows.net/test-filesystem-51f7053e-b536-142e-fafb-50aebcbc3dbe/test-directory-bce93104-dd15-827c-fd1e-777665871424?resource=directory",
      "RequestMethod": "PUT",
      "RequestHeaders": {
        "Authorization": "Sanitized",
        "If-Unmodified-Since": "Tue, 28 Apr 2020 04:32:50 GMT",
        "User-Agent": [
          "azsdk-net-Storage.Files.DataLake/12.2.0-dev.20200426.1",
          "(.NET Core 4.6.28619.01; Microsoft Windows 10.0.18363 )"
        ],
        "x-ms-client-request-id": "fdc00405-45e5-0e38-d4fc-b110ed609958",
        "x-ms-date": "Mon, 27 Apr 2020 04:32:51 GMT",
        "x-ms-return-client-request-id": "true",
        "x-ms-version": "2019-12-12"
      },
      "RequestBody": null,
      "StatusCode": 201,
      "ResponseHeaders": {
        "Content-Length": "0",
        "Date": "Mon, 27 Apr 2020 04:32:50 GMT",
        "ETag": "\u00220x8D7EA640C13E119\u0022",
        "Last-Modified": "Mon, 27 Apr 2020 04:32:51 GMT",
        "Server": [
          "Windows-Azure-HDFS/1.0",
          "Microsoft-HTTPAPI/2.0"
        ],
        "x-ms-client-request-id": "fdc00405-45e5-0e38-d4fc-b110ed609958",
        "x-ms-request-id": "9a2ba050-101f-008c-374c-1c9e2f000000",
        "x-ms-version": "2019-12-12"
      },
      "ResponseBody": []
    },
    {
      "RequestUri": "http://amandaadlscanary.blob.core.windows.net/test-filesystem-51f7053e-b536-142e-fafb-50aebcbc3dbe?restype=container",
      "RequestMethod": "DELETE",
      "RequestHeaders": {
        "Authorization": "Sanitized",
        "traceparent": "00-976049591920904597f95afb667a1cbc-dcfcd1a89744494e-00",
        "User-Agent": [
          "azsdk-net-Storage.Files.DataLake/12.2.0-dev.20200426.1",
          "(.NET Core 4.6.28619.01; Microsoft Windows 10.0.18363 )"
        ],
        "x-ms-client-request-id": "099ae036-b265-28ac-3b20-63045f3280d1",
        "x-ms-date": "Mon, 27 Apr 2020 04:32:51 GMT",
        "x-ms-return-client-request-id": "true",
        "x-ms-version": "2019-12-12"
      },
      "RequestBody": null,
      "StatusCode": 202,
      "ResponseHeaders": {
        "Content-Length": "0",
        "Date": "Mon, 27 Apr 2020 04:32:51 GMT",
        "Server": [
          "Windows-Azure-Blob/1.0",
          "Microsoft-HTTPAPI/2.0"
        ],
        "x-ms-client-request-id": "099ae036-b265-28ac-3b20-63045f3280d1",
        "x-ms-request-id": "2e65a8c8-101e-00a3-2b4c-1c93e4000000",
        "x-ms-version": "2019-12-12"
      },
      "ResponseBody": []
    },
    {
      "RequestUri": "http://amandaadlscanary.blob.core.windows.net/test-filesystem-d211e7a8-ae3f-25c3-921c-d7b0a78db55c?restype=container",
      "RequestMethod": "PUT",
      "RequestHeaders": {
        "Authorization": "Sanitized",
        "traceparent": "00-381f193cd9c5d148899dde538e6a3dc6-c31a70ba7daf844f-00",
        "User-Agent": [
          "azsdk-net-Storage.Files.DataLake/12.2.0-dev.20200426.1",
          "(.NET Core 4.6.28619.01; Microsoft Windows 10.0.18363 )"
        ],
        "x-ms-blob-public-access": "container",
        "x-ms-client-request-id": "7102ccb4-0966-88df-1c75-7648dbfc80ad",
        "x-ms-date": "Mon, 27 Apr 2020 04:32:51 GMT",
        "x-ms-return-client-request-id": "true",
        "x-ms-version": "2019-12-12"
      },
      "RequestBody": null,
      "StatusCode": 201,
      "ResponseHeaders": {
        "Content-Length": "0",
        "Date": "Mon, 27 Apr 2020 04:32:51 GMT",
        "ETag": "\u00220x8D7EA640C2D18C0\u0022",
        "Last-Modified": "Mon, 27 Apr 2020 04:32:51 GMT",
        "Server": [
          "Windows-Azure-Blob/1.0",
          "Microsoft-HTTPAPI/2.0"
        ],
        "x-ms-client-request-id": "7102ccb4-0966-88df-1c75-7648dbfc80ad",
        "x-ms-request-id": "2e65a8da-101e-00a3-3a4c-1c93e4000000",
        "x-ms-version": "2019-12-12"
      },
      "ResponseBody": []
    },
    {
      "RequestUri": "http://amandaadlscanary.dfs.core.windows.net/test-filesystem-d211e7a8-ae3f-25c3-921c-d7b0a78db55c/test-directory-cde3076b-7358-180b-f49a-c38038dea825?resource=directory",
      "RequestMethod": "PUT",
      "RequestHeaders": {
        "Authorization": "Sanitized",
        "traceparent": "00-374c393487656e49b0cf59f34c80b87f-521c7852f8fc7149-00",
        "User-Agent": [
          "azsdk-net-Storage.Files.DataLake/12.2.0-dev.20200426.1",
          "(.NET Core 4.6.28619.01; Microsoft Windows 10.0.18363 )"
        ],
        "x-ms-client-request-id": "757ac73f-758a-419b-c0ea-7dcb465f4f3e",
        "x-ms-date": "Mon, 27 Apr 2020 04:32:51 GMT",
        "x-ms-return-client-request-id": "true",
        "x-ms-version": "2019-12-12"
      },
      "RequestBody": null,
      "StatusCode": 201,
      "ResponseHeaders": {
        "Content-Length": "0",
        "Date": "Mon, 27 Apr 2020 04:32:51 GMT",
        "ETag": "\u00220x8D7EA640C3A3896\u0022",
        "Last-Modified": "Mon, 27 Apr 2020 04:32:51 GMT",
        "Server": [
          "Windows-Azure-HDFS/1.0",
          "Microsoft-HTTPAPI/2.0"
        ],
        "x-ms-client-request-id": "757ac73f-758a-419b-c0ea-7dcb465f4f3e",
        "x-ms-request-id": "9a2ba051-101f-008c-384c-1c9e2f000000",
        "x-ms-version": "2019-12-12"
      },
      "ResponseBody": []
    },
    {
      "RequestUri": "http://amandaadlscanary.blob.core.windows.net/test-filesystem-d211e7a8-ae3f-25c3-921c-d7b0a78db55c/test-directory-cde3076b-7358-180b-f49a-c38038dea825",
      "RequestMethod": "HEAD",
      "RequestHeaders": {
        "Authorization": "Sanitized",
        "User-Agent": [
          "azsdk-net-Storage.Files.DataLake/12.2.0-dev.20200426.1",
          "(.NET Core 4.6.28619.01; Microsoft Windows 10.0.18363 )"
        ],
        "x-ms-client-request-id": "7141af00-3263-639a-47ba-1aa0c52ad153",
        "x-ms-date": "Mon, 27 Apr 2020 04:32:51 GMT",
        "x-ms-return-client-request-id": "true",
        "x-ms-version": "2019-12-12"
      },
      "RequestBody": null,
      "StatusCode": 200,
      "ResponseHeaders": {
        "Accept-Ranges": "bytes",
        "Content-Length": "0",
        "Content-Type": "application/octet-stream",
        "Date": "Mon, 27 Apr 2020 04:32:51 GMT",
        "ETag": "\u00220x8D7EA640C3A3896\u0022",
        "Last-Modified": "Mon, 27 Apr 2020 04:32:51 GMT",
        "Server": [
          "Windows-Azure-Blob/1.0",
          "Microsoft-HTTPAPI/2.0"
        ],
        "x-ms-access-tier": "Hot",
        "x-ms-access-tier-inferred": "true",
        "x-ms-blob-type": "BlockBlob",
        "x-ms-client-request-id": "7141af00-3263-639a-47ba-1aa0c52ad153",
        "x-ms-creation-time": "Mon, 27 Apr 2020 04:32:51 GMT",
        "x-ms-lease-state": "available",
        "x-ms-lease-status": "unlocked",
        "x-ms-meta-hdi_isfolder": "true",
        "x-ms-request-id": "2e65a8ee-101e-00a3-4a4c-1c93e4000000",
        "x-ms-server-encrypted": "true",
        "x-ms-version": "2019-12-12"
      },
      "ResponseBody": []
    },
    {
      "RequestUri": "http://amandaadlscanary.dfs.core.windows.net/test-filesystem-d211e7a8-ae3f-25c3-921c-d7b0a78db55c/test-directory-cde3076b-7358-180b-f49a-c38038dea825?resource=directory",
      "RequestMethod": "PUT",
      "RequestHeaders": {
        "Authorization": "Sanitized",
        "If-Match": "\u00220x8D7EA640C3A3896\u0022",
        "User-Agent": [
          "azsdk-net-Storage.Files.DataLake/12.2.0-dev.20200426.1",
          "(.NET Core 4.6.28619.01; Microsoft Windows 10.0.18363 )"
        ],
        "x-ms-client-request-id": "96cb34ec-de1d-9adb-b60b-b145898261e5",
        "x-ms-date": "Mon, 27 Apr 2020 04:32:52 GMT",
        "x-ms-return-client-request-id": "true",
        "x-ms-version": "2019-12-12"
      },
      "RequestBody": null,
      "StatusCode": 201,
      "ResponseHeaders": {
        "Content-Length": "0",
        "Date": "Mon, 27 Apr 2020 04:32:51 GMT",
        "ETag": "\u00220x8D7EA640C51D18B\u0022",
        "Last-Modified": "Mon, 27 Apr 2020 04:32:52 GMT",
        "Server": [
          "Windows-Azure-HDFS/1.0",
          "Microsoft-HTTPAPI/2.0"
        ],
        "x-ms-client-request-id": "96cb34ec-de1d-9adb-b60b-b145898261e5",
        "x-ms-request-id": "9a2ba052-101f-008c-394c-1c9e2f000000",
        "x-ms-version": "2019-12-12"
      },
      "ResponseBody": []
    },
    {
      "RequestUri": "http://amandaadlscanary.blob.core.windows.net/test-filesystem-d211e7a8-ae3f-25c3-921c-d7b0a78db55c?restype=container",
      "RequestMethod": "DELETE",
      "RequestHeaders": {
        "Authorization": "Sanitized",
        "traceparent": "00-47df913b0d042f49a30a8ee280229cd3-c291ca4166217646-00",
        "User-Agent": [
          "azsdk-net-Storage.Files.DataLake/12.2.0-dev.20200426.1",
          "(.NET Core 4.6.28619.01; Microsoft Windows 10.0.18363 )"
        ],
        "x-ms-client-request-id": "91b413fc-3a5f-2335-d6e9-122ff0cd1121",
        "x-ms-date": "Mon, 27 Apr 2020 04:32:52 GMT",
        "x-ms-return-client-request-id": "true",
        "x-ms-version": "2019-12-12"
      },
      "RequestBody": null,
      "StatusCode": 202,
      "ResponseHeaders": {
        "Content-Length": "0",
        "Date": "Mon, 27 Apr 2020 04:32:52 GMT",
        "Server": [
          "Windows-Azure-Blob/1.0",
          "Microsoft-HTTPAPI/2.0"
        ],
        "x-ms-client-request-id": "91b413fc-3a5f-2335-d6e9-122ff0cd1121",
        "x-ms-request-id": "2e65a907-101e-00a3-5c4c-1c93e4000000",
        "x-ms-version": "2019-12-12"
      },
      "ResponseBody": []
    },
    {
      "RequestUri": "http://amandaadlscanary.blob.core.windows.net/test-filesystem-92c37ff1-ec8f-b7d1-266c-f97611cacdd9?restype=container",
      "RequestMethod": "PUT",
      "RequestHeaders": {
        "Authorization": "Sanitized",
        "traceparent": "00-f3154a75745cf24bb6c11776d9c132c4-82051a524147d240-00",
        "User-Agent": [
          "azsdk-net-Storage.Files.DataLake/12.2.0-dev.20200426.1",
          "(.NET Core 4.6.28619.01; Microsoft Windows 10.0.18363 )"
        ],
        "x-ms-blob-public-access": "container",
        "x-ms-client-request-id": "4d1fab95-7619-0f23-42fc-6af341bf120c",
        "x-ms-date": "Mon, 27 Apr 2020 04:32:52 GMT",
        "x-ms-return-client-request-id": "true",
        "x-ms-version": "2019-12-12"
      },
      "RequestBody": null,
      "StatusCode": 201,
      "ResponseHeaders": {
        "Content-Length": "0",
        "Date": "Mon, 27 Apr 2020 04:32:52 GMT",
        "ETag": "\u00220x8D7EA640C6CF072\u0022",
        "Last-Modified": "Mon, 27 Apr 2020 04:32:52 GMT",
        "Server": [
          "Windows-Azure-Blob/1.0",
          "Microsoft-HTTPAPI/2.0"
        ],
        "x-ms-client-request-id": "4d1fab95-7619-0f23-42fc-6af341bf120c",
        "x-ms-request-id": "2e65a91a-101e-00a3-694c-1c93e4000000",
        "x-ms-version": "2019-12-12"
      },
      "ResponseBody": []
    },
    {
      "RequestUri": "http://amandaadlscanary.dfs.core.windows.net/test-filesystem-92c37ff1-ec8f-b7d1-266c-f97611cacdd9/test-directory-f12c381b-9b84-2052-f903-00adf1859548?resource=directory",
      "RequestMethod": "PUT",
      "RequestHeaders": {
        "Authorization": "Sanitized",
        "traceparent": "00-0b11532b1275a943b59b840850903060-d348374c18d95547-00",
        "User-Agent": [
          "azsdk-net-Storage.Files.DataLake/12.2.0-dev.20200426.1",
          "(.NET Core 4.6.28619.01; Microsoft Windows 10.0.18363 )"
        ],
        "x-ms-client-request-id": "e930efcf-7cb1-fa4a-58ff-541575751dbd",
        "x-ms-date": "Mon, 27 Apr 2020 04:32:52 GMT",
        "x-ms-return-client-request-id": "true",
        "x-ms-version": "2019-12-12"
      },
      "RequestBody": null,
      "StatusCode": 201,
      "ResponseHeaders": {
        "Content-Length": "0",
        "Date": "Mon, 27 Apr 2020 04:32:51 GMT",
        "ETag": "\u00220x8D7EA640C7A8AA5\u0022",
        "Last-Modified": "Mon, 27 Apr 2020 04:32:52 GMT",
        "Server": [
          "Windows-Azure-HDFS/1.0",
          "Microsoft-HTTPAPI/2.0"
        ],
        "x-ms-client-request-id": "e930efcf-7cb1-fa4a-58ff-541575751dbd",
        "x-ms-request-id": "9a2ba053-101f-008c-3a4c-1c9e2f000000",
        "x-ms-version": "2019-12-12"
      },
      "ResponseBody": []
    },
    {
      "RequestUri": "http://amandaadlscanary.dfs.core.windows.net/test-filesystem-92c37ff1-ec8f-b7d1-266c-f97611cacdd9/test-directory-f12c381b-9b84-2052-f903-00adf1859548?resource=directory",
      "RequestMethod": "PUT",
      "RequestHeaders": {
        "Authorization": "Sanitized",
        "If-None-Match": "\u0022garbage\u0022",
        "User-Agent": [
          "azsdk-net-Storage.Files.DataLake/12.2.0-dev.20200426.1",
          "(.NET Core 4.6.28619.01; Microsoft Windows 10.0.18363 )"
        ],
        "x-ms-client-request-id": "02de2e85-ab54-8297-e0e6-0daa2bab1765",
        "x-ms-date": "Mon, 27 Apr 2020 04:32:52 GMT",
        "x-ms-return-client-request-id": "true",
        "x-ms-version": "2019-12-12"
      },
      "RequestBody": null,
      "StatusCode": 201,
      "ResponseHeaders": {
        "Content-Length": "0",
        "Date": "Mon, 27 Apr 2020 04:32:51 GMT",
        "ETag": "\u00220x8D7EA640C862A68\u0022",
        "Last-Modified": "Mon, 27 Apr 2020 04:32:52 GMT",
        "Server": [
          "Windows-Azure-HDFS/1.0",
          "Microsoft-HTTPAPI/2.0"
        ],
        "x-ms-client-request-id": "02de2e85-ab54-8297-e0e6-0daa2bab1765",
        "x-ms-request-id": "9a2ba054-101f-008c-3b4c-1c9e2f000000",
        "x-ms-version": "2019-12-12"
      },
      "ResponseBody": []
    },
    {
      "RequestUri": "http://amandaadlscanary.blob.core.windows.net/test-filesystem-92c37ff1-ec8f-b7d1-266c-f97611cacdd9?restype=container",
      "RequestMethod": "DELETE",
      "RequestHeaders": {
        "Authorization": "Sanitized",
        "traceparent": "00-e080be87707a8841bfb4e4dace9a1a52-003caeacd7eb8847-00",
        "User-Agent": [
          "azsdk-net-Storage.Files.DataLake/12.2.0-dev.20200426.1",
          "(.NET Core 4.6.28619.01; Microsoft Windows 10.0.18363 )"
        ],
        "x-ms-client-request-id": "4790ee43-1b97-bc68-8a71-35f89fb770cc",
        "x-ms-date": "Mon, 27 Apr 2020 04:32:52 GMT",
        "x-ms-return-client-request-id": "true",
        "x-ms-version": "2019-12-12"
      },
      "RequestBody": null,
      "StatusCode": 202,
      "ResponseHeaders": {
        "Content-Length": "0",
        "Date": "Mon, 27 Apr 2020 04:32:52 GMT",
        "Server": [
          "Windows-Azure-Blob/1.0",
          "Microsoft-HTTPAPI/2.0"
        ],
        "x-ms-client-request-id": "4790ee43-1b97-bc68-8a71-35f89fb770cc",
        "x-ms-request-id": "2e65a933-101e-00a3-7c4c-1c93e4000000",
        "x-ms-version": "2019-12-12"
      },
      "ResponseBody": []
    },
    {
      "RequestUri": "http://amandaadlscanary.blob.core.windows.net/test-filesystem-f22eb187-7716-1dc7-3abb-75c039851ce1?restype=container",
      "RequestMethod": "PUT",
      "RequestHeaders": {
        "Authorization": "Sanitized",
        "traceparent": "00-c97e1c5a13ee8b4a96fdb4a5f18e2948-62beaf41316dcf4d-00",
        "User-Agent": [
          "azsdk-net-Storage.Files.DataLake/12.2.0-dev.20200426.1",
          "(.NET Core 4.6.28619.01; Microsoft Windows 10.0.18363 )"
        ],
        "x-ms-blob-public-access": "container",
        "x-ms-client-request-id": "b48aa523-9fd1-cbc1-2772-0cdca6a88204",
        "x-ms-date": "Mon, 27 Apr 2020 04:32:52 GMT",
        "x-ms-return-client-request-id": "true",
        "x-ms-version": "2019-12-12"
      },
      "RequestBody": null,
      "StatusCode": 201,
      "ResponseHeaders": {
        "Content-Length": "0",
        "Date": "Mon, 27 Apr 2020 04:32:52 GMT",
        "ETag": "\u00220x8D7EA640CA041FA\u0022",
        "Last-Modified": "Mon, 27 Apr 2020 04:32:52 GMT",
        "Server": [
          "Windows-Azure-Blob/1.0",
          "Microsoft-HTTPAPI/2.0"
        ],
        "x-ms-client-request-id": "b48aa523-9fd1-cbc1-2772-0cdca6a88204",
        "x-ms-request-id": "2e65a93a-101e-00a3-034c-1c93e4000000",
        "x-ms-version": "2019-12-12"
      },
      "ResponseBody": []
    },
    {
      "RequestUri": "http://amandaadlscanary.dfs.core.windows.net/test-filesystem-f22eb187-7716-1dc7-3abb-75c039851ce1/test-directory-6aa45454-334f-b7b1-e32c-e567be9aeb40?resource=directory",
      "RequestMethod": "PUT",
      "RequestHeaders": {
        "Authorization": "Sanitized",
        "traceparent": "00-b8993fb41ebb8741a06020a3b64ddfad-da3be9605d5a6840-00",
        "User-Agent": [
          "azsdk-net-Storage.Files.DataLake/12.2.0-dev.20200426.1",
          "(.NET Core 4.6.28619.01; Microsoft Windows 10.0.18363 )"
        ],
        "x-ms-client-request-id": "ddd8b42c-1955-f086-f4d2-d0a4ba590d8d",
        "x-ms-date": "Mon, 27 Apr 2020 04:32:52 GMT",
        "x-ms-return-client-request-id": "true",
        "x-ms-version": "2019-12-12"
      },
      "RequestBody": null,
      "StatusCode": 201,
      "ResponseHeaders": {
        "Content-Length": "0",
        "Date": "Mon, 27 Apr 2020 04:32:51 GMT",
        "ETag": "\u00220x8D7EA640CAD4EE1\u0022",
        "Last-Modified": "Mon, 27 Apr 2020 04:32:52 GMT",
        "Server": [
          "Windows-Azure-HDFS/1.0",
          "Microsoft-HTTPAPI/2.0"
        ],
        "x-ms-client-request-id": "ddd8b42c-1955-f086-f4d2-d0a4ba590d8d",
        "x-ms-request-id": "9a2ba055-101f-008c-3c4c-1c9e2f000000",
        "x-ms-version": "2019-12-12"
      },
      "ResponseBody": []
    },
    {
      "RequestUri": "http://amandaadlscanary.blob.core.windows.net/test-filesystem-f22eb187-7716-1dc7-3abb-75c039851ce1/test-directory-6aa45454-334f-b7b1-e32c-e567be9aeb40?comp=lease",
      "RequestMethod": "PUT",
      "RequestHeaders": {
        "Authorization": "Sanitized",
        "traceparent": "00-49651de23436fb479dda3d258981dcf0-2d7707e4462e2542-00",
        "User-Agent": [
          "azsdk-net-Storage.Files.DataLake/12.2.0-dev.20200426.1",
          "(.NET Core 4.6.28619.01; Microsoft Windows 10.0.18363 )"
        ],
        "x-ms-client-request-id": "f621888d-534d-3e59-aceb-986623d1d1eb",
        "x-ms-date": "Mon, 27 Apr 2020 04:32:52 GMT",
        "x-ms-lease-action": "acquire",
        "x-ms-lease-duration": "-1",
        "x-ms-proposed-lease-id": "07a4cc86-ed0b-ec08-44ef-f6b41e08f4f2",
        "x-ms-return-client-request-id": "true",
        "x-ms-version": "2019-12-12"
      },
      "RequestBody": null,
      "StatusCode": 201,
      "ResponseHeaders": {
        "Content-Length": "0",
        "Date": "Mon, 27 Apr 2020 04:32:52 GMT",
        "ETag": "\u00220x8D7EA640CAD4EE1\u0022",
        "Last-Modified": "Mon, 27 Apr 2020 04:32:52 GMT",
        "Server": [
          "Windows-Azure-Blob/1.0",
          "Microsoft-HTTPAPI/2.0"
        ],
        "x-ms-client-request-id": "f621888d-534d-3e59-aceb-986623d1d1eb",
        "x-ms-lease-id": "07a4cc86-ed0b-ec08-44ef-f6b41e08f4f2",
        "x-ms-request-id": "2e65a952-101e-00a3-174c-1c93e4000000",
        "x-ms-version": "2019-12-12"
      },
      "ResponseBody": []
    },
    {
      "RequestUri": "http://amandaadlscanary.dfs.core.windows.net/test-filesystem-f22eb187-7716-1dc7-3abb-75c039851ce1/test-directory-6aa45454-334f-b7b1-e32c-e567be9aeb40?resource=directory",
      "RequestMethod": "PUT",
      "RequestHeaders": {
        "Authorization": "Sanitized",
        "User-Agent": [
          "azsdk-net-Storage.Files.DataLake/12.2.0-dev.20200426.1",
          "(.NET Core 4.6.28619.01; Microsoft Windows 10.0.18363 )"
        ],
        "x-ms-client-request-id": "9626dbf4-fde6-7ea4-25fd-5dd67684fb46",
        "x-ms-date": "Mon, 27 Apr 2020 04:32:52 GMT",
        "x-ms-lease-id": "07a4cc86-ed0b-ec08-44ef-f6b41e08f4f2",
        "x-ms-return-client-request-id": "true",
        "x-ms-version": "2019-12-12"
      },
      "RequestBody": null,
      "StatusCode": 201,
      "ResponseHeaders": {
        "Content-Length": "0",
        "Date": "Mon, 27 Apr 2020 04:32:52 GMT",
        "ETag": "\u00220x8D7EA640CC696F2\u0022",
        "Last-Modified": "Mon, 27 Apr 2020 04:32:52 GMT",
        "Server": [
          "Windows-Azure-HDFS/1.0",
          "Microsoft-HTTPAPI/2.0"
        ],
        "x-ms-client-request-id": "9626dbf4-fde6-7ea4-25fd-5dd67684fb46",
        "x-ms-request-id": "9a2ba056-101f-008c-3d4c-1c9e2f000000",
        "x-ms-version": "2019-12-12"
      },
      "ResponseBody": []
    },
    {
      "RequestUri": "http://amandaadlscanary.blob.core.windows.net/test-filesystem-f22eb187-7716-1dc7-3abb-75c039851ce1?restype=container",
      "RequestMethod": "DELETE",
      "RequestHeaders": {
        "Authorization": "Sanitized",
        "traceparent": "00-71f63164091e084cae9e8d41f1af9853-d14e20eeda1c8c48-00",
        "User-Agent": [
          "azsdk-net-Storage.Files.DataLake/12.2.0-dev.20200426.1",
          "(.NET Core 4.6.28619.01; Microsoft Windows 10.0.18363 )"
        ],
        "x-ms-client-request-id": "4771bf96-3baa-df05-3954-1420a6f4015d",
        "x-ms-date": "Mon, 27 Apr 2020 04:32:52 GMT",
        "x-ms-return-client-request-id": "true",
        "x-ms-version": "2019-12-12"
      },
      "RequestBody": null,
      "StatusCode": 202,
      "ResponseHeaders": {
        "Content-Length": "0",
        "Date": "Mon, 27 Apr 2020 04:32:52 GMT",
        "Server": [
          "Windows-Azure-Blob/1.0",
          "Microsoft-HTTPAPI/2.0"
        ],
        "x-ms-client-request-id": "4771bf96-3baa-df05-3954-1420a6f4015d",
        "x-ms-request-id": "2e65a962-101e-00a3-244c-1c93e4000000",
        "x-ms-version": "2019-12-12"
      },
      "ResponseBody": []
    }
  ],
  "Variables": {
    "DateTimeOffsetNow": "2020-04-26T21:32:50.7575928-07:00",
    "RandomSeed": "177389198",
    "Storage_TestConfigHierarchicalNamespace": "NamespaceTenant\namandaadlscanary\nU2FuaXRpemVk\nhttp://amandaadlscanary.blob.core.windows.net\nhttp://amandaadlscanary.file.core.windows.net\nhttp://amandaadlscanary.queue.core.windows.net\nhttp://amandaadlscanary.table.core.windows.net\n\n\n\n\nhttp://amandaadlscanary-secondary.blob.core.windows.net\nhttp://amandaadlscanary-secondary.file.core.windows.net\nhttp://amandaadlscanary-secondary.queue.core.windows.net\nhttp://amandaadlscanary-secondary.table.core.windows.net\n68390a19-a643-458b-b726-408abf67b4fc\nSanitized\n72f988bf-86f1-41af-91ab-2d7cd011db47\nhttps://login.microsoftonline.com/\nCloud\nBlobEndpoint=http://amandaadlscanary.blob.core.windows.net/;QueueEndpoint=http://amandaadlscanary.queue.core.windows.net/;FileEndpoint=http://amandaadlscanary.file.core.windows.net/;BlobSecondaryEndpoint=http://amandaadlscanary-secondary.blob.core.windows.net/;QueueSecondaryEndpoint=http://amandaadlscanary-secondary.queue.core.windows.net/;FileSecondaryEndpoint=http://amandaadlscanary-secondary.file.core.windows.net/;AccountName=amandaadlscanary;AccountKey=Sanitized\n\n\n"
  }
}