{
  "Entries": [
    {
      "RequestUri": "http://seannse.blob.core.windows.net/test-filesystem-1f5a3c7d-17cc-2788-813f-6df6e3e4bb5f?restype=container",
      "RequestMethod": "PUT",
      "RequestHeaders": {
        "Authorization": "Sanitized",
        "traceparent": "00-4af3cf4202fc2b478c2309fbe1972358-c727330a0dfed742-00",
        "User-Agent": [
          "azsdk-net-Storage.Files.DataLake/12.0.0-dev.20191018.1\u002B208b3446540844b7c7a794de85040d2515e86e1a",
          "(.NET Core 4.6.28008.01; Microsoft Windows 10.0.18363 )"
        ],
        "x-ms-blob-public-access": "container",
        "x-ms-client-request-id": "a3ed4fda-2387-1785-9e97-6fb49c6860b3",
        "x-ms-date": "Fri, 18 Oct 2019 21:04:09 GMT",
        "x-ms-return-client-request-id": "true",
        "x-ms-version": "2019-02-02"
      },
      "RequestBody": null,
      "StatusCode": 201,
      "ResponseHeaders": {
        "Content-Length": "0",
        "Date": "Fri, 18 Oct 2019 21:04:08 GMT",
        "ETag": "\u00220x8D7540EB830D997\u0022",
        "Last-Modified": "Fri, 18 Oct 2019 21:04:09 GMT",
        "Server": [
          "Windows-Azure-Blob/1.0",
          "Microsoft-HTTPAPI/2.0"
        ],
        "x-ms-client-request-id": "a3ed4fda-2387-1785-9e97-6fb49c6860b3",
        "x-ms-request-id": "8ffbc301-701e-0086-1af7-85b3e6000000",
        "x-ms-version": "2019-02-02"
      },
      "ResponseBody": []
    },
    {
      "RequestUri": "http://seannse.dfs.core.windows.net/test-filesystem-1f5a3c7d-17cc-2788-813f-6df6e3e4bb5f/test-directory-2f8b88d0-d75d-d289-809f-e0b54ded36f7?resource=directory",
      "RequestMethod": "PUT",
      "RequestHeaders": {
        "Authorization": "Sanitized",
        "traceparent": "00-b674f972ba29574b84bc6c4591f7aac5-25a684e796d59747-00",
        "User-Agent": [
          "azsdk-net-Storage.Files.DataLake/12.0.0-dev.20191018.1\u002B208b3446540844b7c7a794de85040d2515e86e1a",
          "(.NET Core 4.6.28008.01; Microsoft Windows 10.0.18363 )"
        ],
        "x-ms-client-request-id": "68ca16b6-dffe-0217-c51b-23e743cfcab1",
        "x-ms-date": "Fri, 18 Oct 2019 21:04:09 GMT",
        "x-ms-permissions": "0777",
        "x-ms-return-client-request-id": "true",
        "x-ms-umask": "0057",
        "x-ms-version": "2019-02-02"
      },
      "RequestBody": null,
      "StatusCode": 201,
      "ResponseHeaders": {
        "Content-Length": "0",
        "Date": "Fri, 18 Oct 2019 21:04:08 GMT",
        "ETag": "\u00220x8D7540EB83697A4\u0022",
        "Last-Modified": "Fri, 18 Oct 2019 21:04:09 GMT",
        "Server": [
          "Windows-Azure-HDFS/1.0",
          "Microsoft-HTTPAPI/2.0"
        ],
        "x-ms-client-request-id": "68ca16b6-dffe-0217-c51b-23e743cfcab1",
        "x-ms-request-id": "ed733611-f01f-0043-7ff7-859903000000",
        "x-ms-version": "2019-02-02"
      },
      "ResponseBody": []
    },
    {
      "RequestUri": "http://seannse.dfs.core.windows.net/test-filesystem-1f5a3c7d-17cc-2788-813f-6df6e3e4bb5f/test-directory-2f8b88d0-d75d-d289-809f-e0b54ded36f7?action=getAccessControl",
      "RequestMethod": "HEAD",
      "RequestHeaders": {
        "Authorization": "Sanitized",
        "traceparent": "00-1974ad0bf9028240b3f1ccb4b35d2c8f-72ebcf404d523c44-00",
        "User-Agent": [
          "azsdk-net-Storage.Files.DataLake/12.0.0-dev.20191018.1\u002B208b3446540844b7c7a794de85040d2515e86e1a",
          "(.NET Core 4.6.28008.01; Microsoft Windows 10.0.18363 )"
        ],
        "x-ms-client-request-id": "36ff0882-cd23-52f8-e018-cedbf3ef47dd",
        "x-ms-date": "Fri, 18 Oct 2019 21:04:09 GMT",
        "x-ms-return-client-request-id": "true",
        "x-ms-version": "2019-02-02"
      },
      "RequestBody": null,
      "StatusCode": 200,
      "ResponseHeaders": {
        "Date": "Fri, 18 Oct 2019 21:04:08 GMT",
        "ETag": "\u00220x8D7540EB83697A4\u0022",
        "Last-Modified": "Fri, 18 Oct 2019 21:04:09 GMT",
        "Server": [
          "Windows-Azure-HDFS/1.0",
          "Microsoft-HTTPAPI/2.0"
        ],
        "x-ms-acl": "user::rwx,group::-w-,other::---",
        "x-ms-client-request-id": "36ff0882-cd23-52f8-e018-cedbf3ef47dd",
        "x-ms-group": "$superuser",
        "x-ms-owner": "$superuser",
        "x-ms-permissions": "rwx-w----",
        "x-ms-request-id": "ed733612-f01f-0043-80f7-859903000000",
        "x-ms-version": "2019-02-02"
      },
      "ResponseBody": []
    },
    {
      "RequestUri": "http://seannse.blob.core.windows.net/test-filesystem-1f5a3c7d-17cc-2788-813f-6df6e3e4bb5f?restype=container",
      "RequestMethod": "DELETE",
      "RequestHeaders": {
        "Authorization": "Sanitized",
        "traceparent": "00-37f7bd1ce2c8d146b5b8dc067838c907-3b2f6998a569e449-00",
        "User-Agent": [
          "azsdk-net-Storage.Files.DataLake/12.0.0-dev.20191018.1\u002B208b3446540844b7c7a794de85040d2515e86e1a",
          "(.NET Core 4.6.28008.01; Microsoft Windows 10.0.18363 )"
        ],
        "x-ms-client-request-id": "3b65ab84-93d0-948d-7f31-c434fde1c5c1",
        "x-ms-date": "Fri, 18 Oct 2019 21:04:09 GMT",
        "x-ms-return-client-request-id": "true",
        "x-ms-version": "2019-02-02"
      },
      "RequestBody": null,
      "StatusCode": 202,
      "ResponseHeaders": {
        "Content-Length": "0",
        "Date": "Fri, 18 Oct 2019 21:04:08 GMT",
        "Server": [
          "Windows-Azure-Blob/1.0",
          "Microsoft-HTTPAPI/2.0"
        ],
        "x-ms-client-request-id": "3b65ab84-93d0-948d-7f31-c434fde1c5c1",
        "x-ms-request-id": "8ffbc363-701e-0086-74f7-85b3e6000000",
        "x-ms-version": "2019-02-02"
      },
      "ResponseBody": []
    }
  ],
  "Variables": {
    "RandomSeed": "1704333369",
    "Storage_TestConfigHierarchicalNamespace": "NamespaceTenant\nseannse\nU2FuaXRpemVk\nhttp://seannse.blob.core.windows.net\nhttp://seannse.file.core.windows.net\nhttp://seannse.queue.core.windows.net\nhttp://seannse.table.core.windows.net\n\n\n\n\nhttp://seannse-secondary.blob.core.windows.net\nhttp://seannse-secondary.file.core.windows.net\nhttp://seannse-secondary.queue.core.windows.net\nhttp://seannse-secondary.table.core.windows.net\n68390a19-a643-458b-b726-408abf67b4fc\nSanitized\n72f988bf-86f1-41af-91ab-2d7cd011db47\nhttps://login.microsoftonline.com/\nCloud\nBlobEndpoint=http://seannse.blob.core.windows.net/;QueueEndpoint=http://seannse.queue.core.windows.net/;TableEndpoint=http://seannse.table.core.windows.net/;FileEndpoint=http://seannse.file.core.windows.net/;BlobSecondaryEndpoint=http://seannse-secondary.blob.core.windows.net/;QueueSecondaryEndpoint=http://seannse-secondary.queue.core.windows.net/;TableSecondaryEndpoint=http://seannse-secondary.table.core.windows.net/;FileSecondaryEndpoint=http://seannse-secondary.file.core.windows.net/;AccountName=seannse;AccountKey=Sanitized"
  }
}