{
  "Entries": [
    {
      "RequestUri": "https://seannse.blob.core.windows.net/test-filesystem-a2b0609a-3392-711a-4217-df0018603db3?restype=container",
      "RequestMethod": "PUT",
      "RequestHeaders": {
        "Authorization": "Sanitized",
        "traceparent": "00-bfed5876be67034390b82e7b16c22a6c-0d6b8249f2573842-00",
        "User-Agent": [
          "azsdk-net-Storage.Files.DataLake/12.7.0-alpha.20210202.1",
          "(.NET 5.0.2; Microsoft Windows 10.0.19042)"
        ],
        "x-ms-blob-public-access": "container",
        "x-ms-client-request-id": "e428efd7-7ea3-4f90-c174-a7f8a4c15f2f",
        "x-ms-date": "Tue, 02 Feb 2021 21:50:33 GMT",
        "x-ms-return-client-request-id": "true",
        "x-ms-version": "2020-06-12"
      },
      "RequestBody": null,
      "StatusCode": 201,
      "ResponseHeaders": {
        "Content-Length": "0",
        "Date": "Tue, 02 Feb 2021 21:50:34 GMT",
        "ETag": "\u00220x8D8C7C491CE0142\u0022",
        "Last-Modified": "Tue, 02 Feb 2021 21:50:34 GMT",
        "Server": [
          "Windows-Azure-Blob/1.0",
          "Microsoft-HTTPAPI/2.0"
        ],
        "x-ms-client-request-id": "e428efd7-7ea3-4f90-c174-a7f8a4c15f2f",
        "x-ms-request-id": "d57e2831-a01e-0085-39ad-f95282000000",
        "x-ms-version": "2020-06-12"
      },
      "ResponseBody": []
    },
    {
      "RequestUri": "https://seannse.dfs.core.windows.net/test-filesystem-a2b0609a-3392-711a-4217-df0018603db3/test-directory-1f4eb72f-e855-4e6e-8bc1-a4ecc957a1a9?resource=directory",
      "RequestMethod": "PUT",
      "RequestHeaders": {
        "Accept": "application/json",
        "Authorization": "Sanitized",
        "traceparent": "00-8b9f53798646074590dc6e427574d922-784f2ca743e2444c-00",
        "User-Agent": [
          "azsdk-net-Storage.Files.DataLake/12.7.0-alpha.20210202.1",
          "(.NET 5.0.2; Microsoft Windows 10.0.19042)"
        ],
        "x-ms-client-request-id": "18933946-e34a-efd9-81d9-59e1daa48569",
        "x-ms-date": "Tue, 02 Feb 2021 21:50:34 GMT",
        "x-ms-return-client-request-id": "true",
        "x-ms-version": "2020-06-12"
      },
      "RequestBody": null,
      "StatusCode": 201,
      "ResponseHeaders": {
        "Content-Length": "0",
        "Date": "Tue, 02 Feb 2021 21:50:34 GMT",
        "ETag": "\u00220x8D8C7C49207AC5F\u0022",
        "Last-Modified": "Tue, 02 Feb 2021 21:50:35 GMT",
        "Server": [
          "Windows-Azure-HDFS/1.0",
          "Microsoft-HTTPAPI/2.0"
        ],
        "x-ms-client-request-id": "18933946-e34a-efd9-81d9-59e1daa48569",
        "x-ms-request-id": "d344622b-e01f-004f-3ead-f90e0b000000",
        "x-ms-version": "2020-06-12"
      },
      "ResponseBody": []
    },
    {
      "RequestUri": "https://seannse.dfs.core.windows.net/test-filesystem-a2b0609a-3392-711a-4217-df0018603db3/test-directory-1f4eb72f-e855-4e6e-8bc1-a4ecc957a1a9?resource=directory",
      "RequestMethod": "PUT",
      "RequestHeaders": {
        "Accept": "application/json",
        "If-None-Match": "*",
        "traceparent": "00-b8d91d386b4bdf459d4276b6ad195a47-fc5268887811ea49-00",
        "User-Agent": [
          "azsdk-net-Storage.Files.DataLake/12.7.0-alpha.20210202.1",
          "(.NET 5.0.2; Microsoft Windows 10.0.19042)"
        ],
        "x-ms-client-request-id": "90a56877-89c4-305f-d539-a75eff2e0974",
        "x-ms-return-client-request-id": "true",
        "x-ms-version": "2020-06-12"
      },
      "RequestBody": null,
      "StatusCode": 403,
      "ResponseHeaders": {
        "Content-Length": "268",
        "Content-Type": "application/json; charset=utf-8",
        "Date": "Tue, 02 Feb 2021 21:50:34 GMT",
        "Server": [
          "Windows-Azure-HDFS/1.0",
          "Microsoft-HTTPAPI/2.0"
        ],
        "x-ms-client-request-id": "90a56877-89c4-305f-d539-a75eff2e0974",
        "x-ms-error-code": "AuthenticationFailed",
        "x-ms-request-id": "845867e6-501f-0075-0aad-f91473000000",
        "x-ms-version": "2020-06-12"
      },
      "ResponseBody": {
        "error": {
          "code": "AuthenticationFailed",
          "message": "Server failed to authenticate the request. Make sure the value of Authorization header is formed correctly including the signature.\nRequestId:845867e6-501f-0075-0aad-f91473000000\nTime:2021-02-02T21:50:35.4334484Z"
        }
      }
    },
    {
      "RequestUri": "https://seannse.blob.core.windows.net/test-filesystem-a2b0609a-3392-711a-4217-df0018603db3?restype=container",
      "RequestMethod": "DELETE",
      "RequestHeaders": {
        "Authorization": "Sanitized",
        "traceparent": "00-df496b95cca13a48abae7c377220aeaf-6882942c9e4ab046-00",
        "User-Agent": [
          "azsdk-net-Storage.Files.DataLake/12.7.0-alpha.20210202.1",
          "(.NET 5.0.2; Microsoft Windows 10.0.19042)"
        ],
        "x-ms-client-request-id": "726aaa2f-f5fe-49a5-9eb4-1e608e99d678",
        "x-ms-date": "Tue, 02 Feb 2021 21:50:34 GMT",
        "x-ms-return-client-request-id": "true",
        "x-ms-version": "2020-06-12"
      },
      "RequestBody": null,
      "StatusCode": 202,
      "ResponseHeaders": {
        "Content-Length": "0",
        "Date": "Tue, 02 Feb 2021 21:50:35 GMT",
        "Server": [
          "Windows-Azure-Blob/1.0",
          "Microsoft-HTTPAPI/2.0"
        ],
        "x-ms-client-request-id": "726aaa2f-f5fe-49a5-9eb4-1e608e99d678",
        "x-ms-request-id": "d57e29bb-a01e-0085-04ad-f95282000000",
        "x-ms-version": "2020-06-12"
      },
      "ResponseBody": []
    }
  ],
  "Variables": {
    "RandomSeed": "704398283",
    "Storage_TestConfigHierarchicalNamespace": "NamespaceTenant\nseannse\nU2FuaXRpemVk\nhttps://seannse.blob.core.windows.net\nhttps://seannse.file.core.windows.net\nhttps://seannse.queue.core.windows.net\nhttps://seannse.table.core.windows.net\n\n\n\n\nhttps://seannse-secondary.blob.core.windows.net\nhttps://seannse-secondary.file.core.windows.net\nhttps://seannse-secondary.queue.core.windows.net\nhttps://seannse-secondary.table.core.windows.net\n68390a19-a643-458b-b726-408abf67b4fc\nSanitized\n72f988bf-86f1-41af-91ab-2d7cd011db47\nhttps://login.microsoftonline.com/\nCloud\nBlobEndpoint=https://seannse.blob.core.windows.net/;QueueEndpoint=https://seannse.queue.core.windows.net/;FileEndpoint=https://seannse.file.core.windows.net/;BlobSecondaryEndpoint=https://seannse-secondary.blob.core.windows.net/;QueueSecondaryEndpoint=https://seannse-secondary.queue.core.windows.net/;FileSecondaryEndpoint=https://seannse-secondary.file.core.windows.net/;AccountName=seannse;AccountKey=Sanitized\n"
  }
}