{
  "Entries": [
    {
      "RequestUri": "https://seanstagehierarchical.blob.core.windows.net/test-filesystem-ee4e42c7-e1dc-13e5-cf46-35362efb6679?restype=container",
      "RequestMethod": "PUT",
      "RequestHeaders": {
        "Authorization": "Sanitized",
        "traceparent": "00-e3e0b1e25000b247b3e0a7b24017ae83-4b2e620a3d97534e-00",
        "User-Agent": [
          "azsdk-net-Storage.Files.DataLake/12.0.0-dev.20200305.1",
          "(.NET Core 4.6.28325.01; Microsoft Windows 10.0.18363 )"
        ],
        "x-ms-blob-public-access": "container",
        "x-ms-client-request-id": "15d72e02-1f12-e4f8-9d97-ad1be81c2b10",
        "x-ms-date": "Thu, 05 Mar 2020 22:07:34 GMT",
        "x-ms-return-client-request-id": "true",
        "x-ms-version": "2019-10-10"
      },
      "RequestBody": null,
      "StatusCode": 201,
      "ResponseHeaders": {
        "Content-Length": "0",
        "Date": "Thu, 05 Mar 2020 22:07:34 GMT",
        "ETag": "\u00220x8D7C1519BD3F3CB\u0022",
        "Last-Modified": "Thu, 05 Mar 2020 22:07:34 GMT",
        "Server": [
          "Windows-Azure-Blob/1.0",
          "Microsoft-HTTPAPI/2.0"
        ],
        "x-ms-client-request-id": "15d72e02-1f12-e4f8-9d97-ad1be81c2b10",
        "x-ms-request-id": "581da9cc-101e-000a-0e3a-f3368c000000",
        "x-ms-version": "2019-10-10"
      },
      "ResponseBody": []
    },
    {
      "RequestUri": "https://seanstagehierarchical.dfs.core.windows.net/test-filesystem-ee4e42c7-e1dc-13e5-cf46-35362efb6679/test-directory-99c8836a-bef4-48ce-a64b-dabb68ea4481?resource=directory",
      "RequestMethod": "PUT",
      "RequestHeaders": {
        "Authorization": "Sanitized",
        "traceparent": "00-1debce120834c946bddcdbbb56c0acbc-7cf894eb9cd6184e-00",
        "User-Agent": [
          "azsdk-net-Storage.Files.DataLake/12.0.0-dev.20200305.1",
          "(.NET Core 4.6.28325.01; Microsoft Windows 10.0.18363 )"
        ],
        "x-ms-client-request-id": "4b9068f6-c985-4489-608f-6ec7443d7bb3",
        "x-ms-date": "Thu, 05 Mar 2020 22:07:34 GMT",
        "x-ms-return-client-request-id": "true",
        "x-ms-version": "2019-10-10"
      },
      "RequestBody": null,
      "StatusCode": 201,
      "ResponseHeaders": {
        "Content-Length": "0",
        "Date": "Thu, 05 Mar 2020 22:07:34 GMT",
        "ETag": "\u00220x8D7C1519C072B24\u0022",
        "Last-Modified": "Thu, 05 Mar 2020 22:07:35 GMT",
        "Server": [
          "Windows-Azure-HDFS/1.0",
          "Microsoft-HTTPAPI/2.0"
        ],
        "x-ms-client-request-id": "4b9068f6-c985-4489-608f-6ec7443d7bb3",
        "x-ms-request-id": "0234ff2d-701f-0033-033a-f3cd90000000",
        "x-ms-version": "2019-10-10"
      },
      "ResponseBody": []
    },
    {
      "RequestUri": "https://seanstagehierarchical.dfs.core.windows.net/test-filesystem-ee4e42c7-e1dc-13e5-cf46-35362efb6679/test-directory-99c8836a-bef4-48ce-a64b-dabb68ea4481/test-directory-31372b53-2be8-18ec-1c7c-4d73bf927625?resource=directory",
      "RequestMethod": "PUT",
      "RequestHeaders": {
        "Authorization": "Sanitized",
        "User-Agent": [
          "azsdk-net-Storage.Files.DataLake/12.0.0-dev.20200305.1",
          "(.NET Core 4.6.28325.01; Microsoft Windows 10.0.18363 )"
        ],
        "x-ms-client-request-id": "a6e84b05-e949-ca0e-7c77-2e097c1684cd",
        "x-ms-date": "Thu, 05 Mar 2020 22:07:35 GMT",
        "x-ms-return-client-request-id": "true",
        "x-ms-version": "2019-10-10"
      },
      "RequestBody": null,
      "StatusCode": 201,
      "ResponseHeaders": {
        "Content-Length": "0",
        "Date": "Thu, 05 Mar 2020 22:07:34 GMT",
        "ETag": "\u00220x8D7C1519C14378D\u0022",
        "Last-Modified": "Thu, 05 Mar 2020 22:07:35 GMT",
        "Server": [
          "Windows-Azure-HDFS/1.0",
          "Microsoft-HTTPAPI/2.0"
        ],
        "x-ms-client-request-id": "a6e84b05-e949-ca0e-7c77-2e097c1684cd",
        "x-ms-request-id": "0234ff2e-701f-0033-043a-f3cd90000000",
        "x-ms-version": "2019-10-10"
      },
      "ResponseBody": []
    },
    {
      "RequestUri": "https://seanstagehierarchical.dfs.core.windows.net/test-filesystem-ee4e42c7-e1dc-13e5-cf46-35362efb6679/test-directory-99c8836a-bef4-48ce-a64b-dabb68ea4481/test-directory-31372b53-2be8-18ec-1c7c-4d73bf927625?resource=directory",
      "RequestMethod": "PUT",
      "RequestHeaders": {
        "Authorization": "Sanitized",
        "User-Agent": [
          "azsdk-net-Storage.Files.DataLake/12.0.0-dev.20200305.1",
          "(.NET Core 4.6.28325.01; Microsoft Windows 10.0.18363 )"
        ],
        "x-ms-client-request-id": "746d3d74-cfa9-47db-d4fa-83e1c9f39e17",
        "x-ms-date": "Thu, 05 Mar 2020 22:07:35 GMT",
        "x-ms-return-client-request-id": "true",
        "x-ms-version": "2019-10-10"
      },
      "RequestBody": null,
      "StatusCode": 201,
      "ResponseHeaders": {
        "Content-Length": "0",
        "Date": "Thu, 05 Mar 2020 22:07:34 GMT",
        "ETag": "\u00220x8D7C1519C214588\u0022",
        "Last-Modified": "Thu, 05 Mar 2020 22:07:35 GMT",
        "Server": [
          "Windows-Azure-HDFS/1.0",
          "Microsoft-HTTPAPI/2.0"
        ],
        "x-ms-client-request-id": "746d3d74-cfa9-47db-d4fa-83e1c9f39e17",
        "x-ms-request-id": "0234ff2f-701f-0033-053a-f3cd90000000",
        "x-ms-version": "2019-10-10"
      },
      "ResponseBody": []
    },
    {
      "RequestUri": "https://seanstagehierarchical.blob.core.windows.net/test-filesystem-ee4e42c7-e1dc-13e5-cf46-35362efb6679?restype=container",
      "RequestMethod": "DELETE",
      "RequestHeaders": {
        "Authorization": "Sanitized",
        "traceparent": "00-bc7b786170d1474ca6f674cb442fbcf3-80f13d4f5958554e-00",
        "User-Agent": [
          "azsdk-net-Storage.Files.DataLake/12.0.0-dev.20200305.1",
          "(.NET Core 4.6.28325.01; Microsoft Windows 10.0.18363 )"
        ],
        "x-ms-client-request-id": "3e94b141-10a8-4924-6d4e-8c7ef877913b",
        "x-ms-date": "Thu, 05 Mar 2020 22:07:35 GMT",
        "x-ms-return-client-request-id": "true",
        "x-ms-version": "2019-10-10"
      },
      "RequestBody": null,
      "StatusCode": 202,
      "ResponseHeaders": {
        "Content-Length": "0",
        "Date": "Thu, 05 Mar 2020 22:07:35 GMT",
        "Server": [
          "Windows-Azure-Blob/1.0",
          "Microsoft-HTTPAPI/2.0"
        ],
        "x-ms-client-request-id": "3e94b141-10a8-4924-6d4e-8c7ef877913b",
        "x-ms-request-id": "581da9ce-101e-000a-0f3a-f3368c000000",
        "x-ms-version": "2019-10-10"
      },
      "ResponseBody": []
    },
    {
      "RequestUri": "https://seanstagehierarchical.blob.core.windows.net/test-filesystem-ba8feb7e-9dda-ce74-a7e4-831b57ae61c0?restype=container",
      "RequestMethod": "PUT",
      "RequestHeaders": {
        "Authorization": "Sanitized",
        "traceparent": "00-4ca613e88dd3df44a5fe62d23ddb50e5-8f7578c30a9d6f44-00",
        "User-Agent": [
          "azsdk-net-Storage.Files.DataLake/12.0.0-dev.20200305.1",
          "(.NET Core 4.6.28325.01; Microsoft Windows 10.0.18363 )"
        ],
        "x-ms-blob-public-access": "container",
        "x-ms-client-request-id": "fbae3cfd-8484-a44a-3dc5-96c48c08f1be",
        "x-ms-date": "Thu, 05 Mar 2020 22:07:35 GMT",
        "x-ms-return-client-request-id": "true",
        "x-ms-version": "2019-10-10"
      },
      "RequestBody": null,
      "StatusCode": 201,
      "ResponseHeaders": {
        "Content-Length": "0",
        "Date": "Thu, 05 Mar 2020 22:07:35 GMT",
        "ETag": "\u00220x8D7C1519C5BD7D2\u0022",
        "Last-Modified": "Thu, 05 Mar 2020 22:07:35 GMT",
        "Server": [
          "Windows-Azure-Blob/1.0",
          "Microsoft-HTTPAPI/2.0"
        ],
        "x-ms-client-request-id": "fbae3cfd-8484-a44a-3dc5-96c48c08f1be",
        "x-ms-request-id": "d7151511-d01e-003a-673a-f38843000000",
        "x-ms-version": "2019-10-10"
      },
      "ResponseBody": []
    },
    {
      "RequestUri": "https://seanstagehierarchical.dfs.core.windows.net/test-filesystem-ba8feb7e-9dda-ce74-a7e4-831b57ae61c0/test-directory-99c3cbed-79d7-1ddb-7c36-0da772b9b38f?resource=directory",
      "RequestMethod": "PUT",
      "RequestHeaders": {
        "Authorization": "Sanitized",
        "traceparent": "00-fec8f9deb66e374584e207b810cdf1f3-e9cda296759ad843-00",
        "User-Agent": [
          "azsdk-net-Storage.Files.DataLake/12.0.0-dev.20200305.1",
          "(.NET Core 4.6.28325.01; Microsoft Windows 10.0.18363 )"
        ],
        "x-ms-client-request-id": "4ecd6b41-f854-84a1-6090-7e4e76a33183",
        "x-ms-date": "Thu, 05 Mar 2020 22:07:35 GMT",
        "x-ms-return-client-request-id": "true",
        "x-ms-version": "2019-10-10"
      },
      "RequestBody": null,
      "StatusCode": 201,
      "ResponseHeaders": {
        "Content-Length": "0",
        "Date": "Thu, 05 Mar 2020 22:07:35 GMT",
        "ETag": "\u00220x8D7C1519C972AE4\u0022",
        "Last-Modified": "Thu, 05 Mar 2020 22:07:35 GMT",
        "Server": [
          "Windows-Azure-HDFS/1.0",
          "Microsoft-HTTPAPI/2.0"
        ],
        "x-ms-client-request-id": "4ecd6b41-f854-84a1-6090-7e4e76a33183",
        "x-ms-request-id": "30cfdf21-201f-0011-723a-f3088f000000",
        "x-ms-version": "2019-10-10"
      },
      "ResponseBody": []
    },
    {
      "RequestUri": "https://seanstagehierarchical.dfs.core.windows.net/test-filesystem-ba8feb7e-9dda-ce74-a7e4-831b57ae61c0/test-directory-99c3cbed-79d7-1ddb-7c36-0da772b9b38f/test-directory-83720711-d6ea-87be-908c-86db9e4254d2?resource=directory",
      "RequestMethod": "PUT",
      "RequestHeaders": {
        "Authorization": "Sanitized",
        "User-Agent": [
          "azsdk-net-Storage.Files.DataLake/12.0.0-dev.20200305.1",
          "(.NET Core 4.6.28325.01; Microsoft Windows 10.0.18363 )"
        ],
        "x-ms-client-request-id": "c18756ca-4937-6bba-ad45-bec871c5e51e",
        "x-ms-date": "Thu, 05 Mar 2020 22:07:36 GMT",
        "x-ms-return-client-request-id": "true",
        "x-ms-version": "2019-10-10"
      },
      "RequestBody": null,
      "StatusCode": 201,
      "ResponseHeaders": {
        "Content-Length": "0",
        "Date": "Thu, 05 Mar 2020 22:07:35 GMT",
        "ETag": "\u00220x8D7C1519CA52257\u0022",
        "Last-Modified": "Thu, 05 Mar 2020 22:07:36 GMT",
        "Server": [
          "Windows-Azure-HDFS/1.0",
          "Microsoft-HTTPAPI/2.0"
        ],
        "x-ms-client-request-id": "c18756ca-4937-6bba-ad45-bec871c5e51e",
        "x-ms-request-id": "30cfdf23-201f-0011-743a-f3088f000000",
        "x-ms-version": "2019-10-10"
      },
      "ResponseBody": []
    },
    {
      "RequestUri": "https://seanstagehierarchical.dfs.core.windows.net/test-filesystem-ba8feb7e-9dda-ce74-a7e4-831b57ae61c0/test-directory-99c3cbed-79d7-1ddb-7c36-0da772b9b38f/test-directory-83720711-d6ea-87be-908c-86db9e4254d2?resource=directory",
      "RequestMethod": "PUT",
      "RequestHeaders": {
        "Authorization": "Sanitized",
        "If-Modified-Since": "Wed, 04 Mar 2020 22:07:34 GMT",
        "User-Agent": [
          "azsdk-net-Storage.Files.DataLake/12.0.0-dev.20200305.1",
          "(.NET Core 4.6.28325.01; Microsoft Windows 10.0.18363 )"
        ],
        "x-ms-client-request-id": "471115cb-92bb-1f9a-aefa-59a6a772e8a2",
        "x-ms-date": "Thu, 05 Mar 2020 22:07:36 GMT",
        "x-ms-return-client-request-id": "true",
        "x-ms-version": "2019-10-10"
      },
      "RequestBody": null,
      "StatusCode": 201,
      "ResponseHeaders": {
        "Content-Length": "0",
        "Date": "Thu, 05 Mar 2020 22:07:36 GMT",
        "ETag": "\u00220x8D7C1519CC1F33B\u0022",
        "Last-Modified": "Thu, 05 Mar 2020 22:07:36 GMT",
        "Server": [
          "Windows-Azure-HDFS/1.0",
          "Microsoft-HTTPAPI/2.0"
        ],
        "x-ms-client-request-id": "471115cb-92bb-1f9a-aefa-59a6a772e8a2",
        "x-ms-request-id": "30cfdf24-201f-0011-753a-f3088f000000",
        "x-ms-version": "2019-10-10"
      },
      "ResponseBody": []
    },
    {
      "RequestUri": "https://seanstagehierarchical.blob.core.windows.net/test-filesystem-ba8feb7e-9dda-ce74-a7e4-831b57ae61c0?restype=container",
      "RequestMethod": "DELETE",
      "RequestHeaders": {
        "Authorization": "Sanitized",
        "traceparent": "00-a282624d4372ce448c8a3bb8222fa40f-ba0a83ab10bc4940-00",
        "User-Agent": [
          "azsdk-net-Storage.Files.DataLake/12.0.0-dev.20200305.1",
          "(.NET Core 4.6.28325.01; Microsoft Windows 10.0.18363 )"
        ],
        "x-ms-client-request-id": "5cfc1aa5-9eb3-a963-11c5-5f43d1f1055a",
        "x-ms-date": "Thu, 05 Mar 2020 22:07:36 GMT",
        "x-ms-return-client-request-id": "true",
        "x-ms-version": "2019-10-10"
      },
      "RequestBody": null,
      "StatusCode": 202,
      "ResponseHeaders": {
        "Content-Length": "0",
        "Date": "Thu, 05 Mar 2020 22:07:36 GMT",
        "Server": [
          "Windows-Azure-Blob/1.0",
          "Microsoft-HTTPAPI/2.0"
        ],
        "x-ms-client-request-id": "5cfc1aa5-9eb3-a963-11c5-5f43d1f1055a",
        "x-ms-request-id": "d715151d-d01e-003a-6c3a-f38843000000",
        "x-ms-version": "2019-10-10"
      },
      "ResponseBody": []
    },
    {
      "RequestUri": "https://seanstagehierarchical.blob.core.windows.net/test-filesystem-7f9a782f-651c-199c-e272-88e09d7bf043?restype=container",
      "RequestMethod": "PUT",
      "RequestHeaders": {
        "Authorization": "Sanitized",
        "traceparent": "00-9ecdcb639e8c8940b2fa38440193647e-d82b197616237041-00",
        "User-Agent": [
          "azsdk-net-Storage.Files.DataLake/12.0.0-dev.20200305.1",
          "(.NET Core 4.6.28325.01; Microsoft Windows 10.0.18363 )"
        ],
        "x-ms-blob-public-access": "container",
        "x-ms-client-request-id": "b6ef9ad5-d0cf-4040-7de3-794115830c96",
        "x-ms-date": "Thu, 05 Mar 2020 22:07:36 GMT",
        "x-ms-return-client-request-id": "true",
        "x-ms-version": "2019-10-10"
      },
      "RequestBody": null,
      "StatusCode": 201,
      "ResponseHeaders": {
        "Content-Length": "0",
        "Date": "Thu, 05 Mar 2020 22:07:36 GMT",
        "ETag": "\u00220x8D7C1519CFC6DE8\u0022",
        "Last-Modified": "Thu, 05 Mar 2020 22:07:36 GMT",
        "Server": [
          "Windows-Azure-Blob/1.0",
          "Microsoft-HTTPAPI/2.0"
        ],
        "x-ms-client-request-id": "b6ef9ad5-d0cf-4040-7de3-794115830c96",
        "x-ms-request-id": "a5291590-401e-0007-353a-f3fe58000000",
        "x-ms-version": "2019-10-10"
      },
      "ResponseBody": []
    },
    {
      "RequestUri": "https://seanstagehierarchical.dfs.core.windows.net/test-filesystem-7f9a782f-651c-199c-e272-88e09d7bf043/test-directory-d5981cd5-77f0-a3e4-8984-45933b5bc6f3?resource=directory",
      "RequestMethod": "PUT",
      "RequestHeaders": {
        "Authorization": "Sanitized",
        "traceparent": "00-7394fdeea4c0a64eba443f5af201ea1b-da667655dadbaf46-00",
        "User-Agent": [
          "azsdk-net-Storage.Files.DataLake/12.0.0-dev.20200305.1",
          "(.NET Core 4.6.28325.01; Microsoft Windows 10.0.18363 )"
        ],
        "x-ms-client-request-id": "366b937c-f856-5ddd-b64c-2d4b8aac0422",
        "x-ms-date": "Thu, 05 Mar 2020 22:07:36 GMT",
        "x-ms-return-client-request-id": "true",
        "x-ms-version": "2019-10-10"
      },
      "RequestBody": null,
      "StatusCode": 201,
      "ResponseHeaders": {
        "Content-Length": "0",
        "Date": "Thu, 05 Mar 2020 22:07:36 GMT",
        "ETag": "\u00220x8D7C1519D2FE2FA\u0022",
        "Last-Modified": "Thu, 05 Mar 2020 22:07:36 GMT",
        "Server": [
          "Windows-Azure-HDFS/1.0",
          "Microsoft-HTTPAPI/2.0"
        ],
        "x-ms-client-request-id": "366b937c-f856-5ddd-b64c-2d4b8aac0422",
        "x-ms-request-id": "6c2554ec-a01f-0020-1c3a-f3e99c000000",
        "x-ms-version": "2019-10-10"
      },
      "ResponseBody": []
    },
    {
      "RequestUri": "https://seanstagehierarchical.dfs.core.windows.net/test-filesystem-7f9a782f-651c-199c-e272-88e09d7bf043/test-directory-d5981cd5-77f0-a3e4-8984-45933b5bc6f3/test-directory-5a9d851c-0a79-9b0a-a8be-1a30685290dc?resource=directory",
      "RequestMethod": "PUT",
      "RequestHeaders": {
        "Authorization": "Sanitized",
        "User-Agent": [
          "azsdk-net-Storage.Files.DataLake/12.0.0-dev.20200305.1",
          "(.NET Core 4.6.28325.01; Microsoft Windows 10.0.18363 )"
        ],
        "x-ms-client-request-id": "8d76edbb-a610-713d-88d0-8e98deadf564",
        "x-ms-date": "Thu, 05 Mar 2020 22:07:37 GMT",
        "x-ms-return-client-request-id": "true",
        "x-ms-version": "2019-10-10"
      },
      "RequestBody": null,
      "StatusCode": 201,
      "ResponseHeaders": {
        "Content-Length": "0",
        "Date": "Thu, 05 Mar 2020 22:07:36 GMT",
        "ETag": "\u00220x8D7C1519D3D0C9C\u0022",
        "Last-Modified": "Thu, 05 Mar 2020 22:07:37 GMT",
        "Server": [
          "Windows-Azure-HDFS/1.0",
          "Microsoft-HTTPAPI/2.0"
        ],
        "x-ms-client-request-id": "8d76edbb-a610-713d-88d0-8e98deadf564",
        "x-ms-request-id": "6c2554ed-a01f-0020-1d3a-f3e99c000000",
        "x-ms-version": "2019-10-10"
      },
      "ResponseBody": []
    },
    {
      "RequestUri": "https://seanstagehierarchical.dfs.core.windows.net/test-filesystem-7f9a782f-651c-199c-e272-88e09d7bf043/test-directory-d5981cd5-77f0-a3e4-8984-45933b5bc6f3/test-directory-5a9d851c-0a79-9b0a-a8be-1a30685290dc?resource=directory",
      "RequestMethod": "PUT",
      "RequestHeaders": {
        "Authorization": "Sanitized",
        "If-Unmodified-Since": "Fri, 06 Mar 2020 22:07:34 GMT",
        "User-Agent": [
          "azsdk-net-Storage.Files.DataLake/12.0.0-dev.20200305.1",
          "(.NET Core 4.6.28325.01; Microsoft Windows 10.0.18363 )"
        ],
        "x-ms-client-request-id": "7b740b6f-03db-ddcc-52a6-201e0204ce30",
        "x-ms-date": "Thu, 05 Mar 2020 22:07:37 GMT",
        "x-ms-return-client-request-id": "true",
        "x-ms-version": "2019-10-10"
      },
      "RequestBody": null,
      "StatusCode": 201,
      "ResponseHeaders": {
        "Content-Length": "0",
        "Date": "Thu, 05 Mar 2020 22:07:37 GMT",
        "ETag": "\u00220x8D7C1519D4DB141\u0022",
        "Last-Modified": "Thu, 05 Mar 2020 22:07:37 GMT",
        "Server": [
          "Windows-Azure-HDFS/1.0",
          "Microsoft-HTTPAPI/2.0"
        ],
        "x-ms-client-request-id": "7b740b6f-03db-ddcc-52a6-201e0204ce30",
        "x-ms-request-id": "6c2554ee-a01f-0020-1e3a-f3e99c000000",
        "x-ms-version": "2019-10-10"
      },
      "ResponseBody": []
    },
    {
      "RequestUri": "https://seanstagehierarchical.blob.core.windows.net/test-filesystem-7f9a782f-651c-199c-e272-88e09d7bf043?restype=container",
      "RequestMethod": "DELETE",
      "RequestHeaders": {
        "Authorization": "Sanitized",
        "traceparent": "00-c56ae00deb448d4eb80c4d9411250282-3b821404e87d5f45-00",
        "User-Agent": [
          "azsdk-net-Storage.Files.DataLake/12.0.0-dev.20200305.1",
          "(.NET Core 4.6.28325.01; Microsoft Windows 10.0.18363 )"
        ],
        "x-ms-client-request-id": "d2280d42-7a38-b888-84ea-a7ee3b1389e4",
        "x-ms-date": "Thu, 05 Mar 2020 22:07:37 GMT",
        "x-ms-return-client-request-id": "true",
        "x-ms-version": "2019-10-10"
      },
      "RequestBody": null,
      "StatusCode": 202,
      "ResponseHeaders": {
        "Content-Length": "0",
        "Date": "Thu, 05 Mar 2020 22:07:36 GMT",
        "Server": [
          "Windows-Azure-Blob/1.0",
          "Microsoft-HTTPAPI/2.0"
        ],
        "x-ms-client-request-id": "d2280d42-7a38-b888-84ea-a7ee3b1389e4",
        "x-ms-request-id": "a52915a0-401e-0007-403a-f3fe58000000",
        "x-ms-version": "2019-10-10"
      },
      "ResponseBody": []
    },
    {
      "RequestUri": "https://seanstagehierarchical.blob.core.windows.net/test-filesystem-d6164c22-d248-1a20-9213-c0f15fadb4e2?restype=container",
      "RequestMethod": "PUT",
      "RequestHeaders": {
        "Authorization": "Sanitized",
        "traceparent": "00-92faa3d8b4034d4997a773228af4584e-fd4fe33455145a4d-00",
        "User-Agent": [
          "azsdk-net-Storage.Files.DataLake/12.0.0-dev.20200305.1",
          "(.NET Core 4.6.28325.01; Microsoft Windows 10.0.18363 )"
        ],
        "x-ms-blob-public-access": "container",
        "x-ms-client-request-id": "dbfcbf60-db5a-6f74-ed0e-3f25b99658d7",
        "x-ms-date": "Thu, 05 Mar 2020 22:07:37 GMT",
        "x-ms-return-client-request-id": "true",
        "x-ms-version": "2019-10-10"
      },
      "RequestBody": null,
      "StatusCode": 201,
      "ResponseHeaders": {
        "Content-Length": "0",
        "Date": "Thu, 05 Mar 2020 22:07:36 GMT",
        "ETag": "\u00220x8D7C1519D8959B2\u0022",
        "Last-Modified": "Thu, 05 Mar 2020 22:07:37 GMT",
        "Server": [
          "Windows-Azure-Blob/1.0",
          "Microsoft-HTTPAPI/2.0"
        ],
        "x-ms-client-request-id": "dbfcbf60-db5a-6f74-ed0e-3f25b99658d7",
        "x-ms-request-id": "69f93033-701e-0033-683a-f3cd90000000",
        "x-ms-version": "2019-10-10"
      },
      "ResponseBody": []
    },
    {
      "RequestUri": "https://seanstagehierarchical.dfs.core.windows.net/test-filesystem-d6164c22-d248-1a20-9213-c0f15fadb4e2/test-directory-d7fbc536-9537-2608-55d9-777c9bab6e08?resource=directory",
      "RequestMethod": "PUT",
      "RequestHeaders": {
        "Authorization": "Sanitized",
        "traceparent": "00-36053b2e91f30c4ea0c0092f038e210d-76fb2ae03f331b4f-00",
        "User-Agent": [
          "azsdk-net-Storage.Files.DataLake/12.0.0-dev.20200305.1",
          "(.NET Core 4.6.28325.01; Microsoft Windows 10.0.18363 )"
        ],
        "x-ms-client-request-id": "e73e6072-4d8f-ca6f-b6d6-868064f8d441",
        "x-ms-date": "Thu, 05 Mar 2020 22:07:37 GMT",
        "x-ms-return-client-request-id": "true",
        "x-ms-version": "2019-10-10"
      },
      "RequestBody": null,
      "StatusCode": 201,
      "ResponseHeaders": {
        "Content-Length": "0",
        "Date": "Thu, 05 Mar 2020 22:07:37 GMT",
        "ETag": "\u00220x8D7C1519DBAF0D0\u0022",
        "Last-Modified": "Thu, 05 Mar 2020 22:07:37 GMT",
        "Server": [
          "Windows-Azure-HDFS/1.0",
          "Microsoft-HTTPAPI/2.0"
        ],
        "x-ms-client-request-id": "e73e6072-4d8f-ca6f-b6d6-868064f8d441",
        "x-ms-request-id": "cd6e41e6-001f-0016-153a-f364ec000000",
        "x-ms-version": "2019-10-10"
      },
      "ResponseBody": []
    },
    {
      "RequestUri": "https://seanstagehierarchical.dfs.core.windows.net/test-filesystem-d6164c22-d248-1a20-9213-c0f15fadb4e2/test-directory-d7fbc536-9537-2608-55d9-777c9bab6e08/test-directory-9f3637a0-b805-5d27-3ce3-e8c98e3b6982?resource=directory",
      "RequestMethod": "PUT",
      "RequestHeaders": {
        "Authorization": "Sanitized",
        "User-Agent": [
          "azsdk-net-Storage.Files.DataLake/12.0.0-dev.20200305.1",
          "(.NET Core 4.6.28325.01; Microsoft Windows 10.0.18363 )"
        ],
        "x-ms-client-request-id": "852dc598-e39b-b9c2-39e1-aaab65a53c7b",
        "x-ms-date": "Thu, 05 Mar 2020 22:07:38 GMT",
        "x-ms-return-client-request-id": "true",
        "x-ms-version": "2019-10-10"
      },
      "RequestBody": null,
      "StatusCode": 201,
      "ResponseHeaders": {
        "Content-Length": "0",
        "Date": "Thu, 05 Mar 2020 22:07:37 GMT",
        "ETag": "\u00220x8D7C1519DC78BBE\u0022",
        "Last-Modified": "Thu, 05 Mar 2020 22:07:37 GMT",
        "Server": [
          "Windows-Azure-HDFS/1.0",
          "Microsoft-HTTPAPI/2.0"
        ],
        "x-ms-client-request-id": "852dc598-e39b-b9c2-39e1-aaab65a53c7b",
        "x-ms-request-id": "cd6e41e7-001f-0016-163a-f364ec000000",
        "x-ms-version": "2019-10-10"
      },
      "ResponseBody": []
    },
    {
      "RequestUri": "https://seanstagehierarchical.blob.core.windows.net/test-filesystem-d6164c22-d248-1a20-9213-c0f15fadb4e2/test-directory-d7fbc536-9537-2608-55d9-777c9bab6e08/test-directory-9f3637a0-b805-5d27-3ce3-e8c98e3b6982",
      "RequestMethod": "HEAD",
      "RequestHeaders": {
        "Authorization": "Sanitized",
        "User-Agent": [
          "azsdk-net-Storage.Files.DataLake/12.0.0-dev.20200305.1",
          "(.NET Core 4.6.28325.01; Microsoft Windows 10.0.18363 )"
        ],
        "x-ms-client-request-id": "c831f230-e30d-73e7-ec50-018adccd3b04",
        "x-ms-date": "Thu, 05 Mar 2020 22:07:38 GMT",
        "x-ms-return-client-request-id": "true",
        "x-ms-version": "2019-10-10"
      },
      "RequestBody": null,
      "StatusCode": 200,
      "ResponseHeaders": {
        "Accept-Ranges": "bytes",
        "Content-Length": "0",
        "Content-Type": "application/octet-stream",
        "Date": "Thu, 05 Mar 2020 22:07:37 GMT",
        "ETag": "\u00220x8D7C1519DC78BBE\u0022",
        "Last-Modified": "Thu, 05 Mar 2020 22:07:37 GMT",
        "Server": [
          "Windows-Azure-Blob/1.0",
          "Microsoft-HTTPAPI/2.0"
        ],
        "x-ms-access-tier": "Hot",
        "x-ms-access-tier-inferred": "true",
        "x-ms-blob-type": "BlockBlob",
        "x-ms-client-request-id": "c831f230-e30d-73e7-ec50-018adccd3b04",
        "x-ms-creation-time": "Thu, 05 Mar 2020 22:07:37 GMT",
        "x-ms-lease-state": "available",
        "x-ms-lease-status": "unlocked",
        "x-ms-meta-hdi_isfolder": "true",
        "x-ms-request-id": "69f93053-701e-0033-023a-f3cd90000000",
        "x-ms-server-encrypted": "true",
        "x-ms-version": "2019-10-10"
      },
      "ResponseBody": []
    },
    {
      "RequestUri": "https://seanstagehierarchical.dfs.core.windows.net/test-filesystem-d6164c22-d248-1a20-9213-c0f15fadb4e2/test-directory-d7fbc536-9537-2608-55d9-777c9bab6e08/test-directory-9f3637a0-b805-5d27-3ce3-e8c98e3b6982?resource=directory",
      "RequestMethod": "PUT",
      "RequestHeaders": {
        "Authorization": "Sanitized",
        "If-Match": "\u00220x8D7C1519DC78BBE\u0022",
        "User-Agent": [
          "azsdk-net-Storage.Files.DataLake/12.0.0-dev.20200305.1",
          "(.NET Core 4.6.28325.01; Microsoft Windows 10.0.18363 )"
        ],
        "x-ms-client-request-id": "737b75d7-7374-896e-1cb5-c99d98493cf1",
        "x-ms-date": "Thu, 05 Mar 2020 22:07:38 GMT",
        "x-ms-return-client-request-id": "true",
        "x-ms-version": "2019-10-10"
      },
      "RequestBody": null,
      "StatusCode": 201,
      "ResponseHeaders": {
        "Content-Length": "0",
        "Date": "Thu, 05 Mar 2020 22:07:37 GMT",
        "ETag": "\u00220x8D7C1519DDFD9FB\u0022",
        "Last-Modified": "Thu, 05 Mar 2020 22:07:38 GMT",
        "Server": [
          "Windows-Azure-HDFS/1.0",
          "Microsoft-HTTPAPI/2.0"
        ],
        "x-ms-client-request-id": "737b75d7-7374-896e-1cb5-c99d98493cf1",
        "x-ms-request-id": "cd6e41e8-001f-0016-173a-f364ec000000",
        "x-ms-version": "2019-10-10"
      },
      "ResponseBody": []
    },
    {
      "RequestUri": "https://seanstagehierarchical.blob.core.windows.net/test-filesystem-d6164c22-d248-1a20-9213-c0f15fadb4e2?restype=container",
      "RequestMethod": "DELETE",
      "RequestHeaders": {
        "Authorization": "Sanitized",
        "traceparent": "00-f91fa93d3de5e941afe26d9eecd64116-156be72f57786740-00",
        "User-Agent": [
          "azsdk-net-Storage.Files.DataLake/12.0.0-dev.20200305.1",
          "(.NET Core 4.6.28325.01; Microsoft Windows 10.0.18363 )"
        ],
        "x-ms-client-request-id": "67b31665-c752-168f-ffe3-3228346b66a6",
        "x-ms-date": "Thu, 05 Mar 2020 22:07:38 GMT",
        "x-ms-return-client-request-id": "true",
        "x-ms-version": "2019-10-10"
      },
      "RequestBody": null,
      "StatusCode": 202,
      "ResponseHeaders": {
        "Content-Length": "0",
        "Date": "Thu, 05 Mar 2020 22:07:37 GMT",
        "Server": [
          "Windows-Azure-Blob/1.0",
          "Microsoft-HTTPAPI/2.0"
        ],
        "x-ms-client-request-id": "67b31665-c752-168f-ffe3-3228346b66a6",
        "x-ms-request-id": "69f93059-701e-0033-083a-f3cd90000000",
        "x-ms-version": "2019-10-10"
      },
      "ResponseBody": []
    },
    {
      "RequestUri": "https://seanstagehierarchical.blob.core.windows.net/test-filesystem-fbaad6d7-89cc-1b0a-1f48-8a429b756c3a?restype=container",
      "RequestMethod": "PUT",
      "RequestHeaders": {
        "Authorization": "Sanitized",
        "traceparent": "00-323668f7356c37479fa4adf5c4ba1521-6567a9487c052049-00",
        "User-Agent": [
          "azsdk-net-Storage.Files.DataLake/12.0.0-dev.20200305.1",
          "(.NET Core 4.6.28325.01; Microsoft Windows 10.0.18363 )"
        ],
        "x-ms-blob-public-access": "container",
        "x-ms-client-request-id": "462131cb-8b37-dc9d-0b97-47093d4c7b8a",
        "x-ms-date": "Thu, 05 Mar 2020 22:07:38 GMT",
        "x-ms-return-client-request-id": "true",
        "x-ms-version": "2019-10-10"
      },
      "RequestBody": null,
      "StatusCode": 201,
      "ResponseHeaders": {
        "Content-Length": "0",
        "Date": "Thu, 05 Mar 2020 22:07:38 GMT",
        "ETag": "\u00220x8D7C1519E1F5AAC\u0022",
        "Last-Modified": "Thu, 05 Mar 2020 22:07:38 GMT",
        "Server": [
          "Windows-Azure-Blob/1.0",
          "Microsoft-HTTPAPI/2.0"
        ],
        "x-ms-client-request-id": "462131cb-8b37-dc9d-0b97-47093d4c7b8a",
        "x-ms-request-id": "19851ed8-201e-0011-2b3a-f3088f000000",
        "x-ms-version": "2019-10-10"
      },
      "ResponseBody": []
    },
    {
      "RequestUri": "https://seanstagehierarchical.dfs.core.windows.net/test-filesystem-fbaad6d7-89cc-1b0a-1f48-8a429b756c3a/test-directory-d5f9f777-e433-0110-3716-982d270d92f1?resource=directory",
      "RequestMethod": "PUT",
      "RequestHeaders": {
        "Authorization": "Sanitized",
        "traceparent": "00-9ec371447bc8a14a869af6560b98e375-ae7d0bfc50b3f445-00",
        "User-Agent": [
          "azsdk-net-Storage.Files.DataLake/12.0.0-dev.20200305.1",
          "(.NET Core 4.6.28325.01; Microsoft Windows 10.0.18363 )"
        ],
        "x-ms-client-request-id": "9186d724-2833-e64a-211f-0f20f26fb4fe",
        "x-ms-date": "Thu, 05 Mar 2020 22:07:38 GMT",
        "x-ms-return-client-request-id": "true",
        "x-ms-version": "2019-10-10"
      },
      "RequestBody": null,
      "StatusCode": 201,
      "ResponseHeaders": {
        "Content-Length": "0",
        "Date": "Thu, 05 Mar 2020 22:07:38 GMT",
        "ETag": "\u00220x8D7C1519E533480\u0022",
        "Last-Modified": "Thu, 05 Mar 2020 22:07:38 GMT",
        "Server": [
          "Windows-Azure-HDFS/1.0",
          "Microsoft-HTTPAPI/2.0"
        ],
        "x-ms-client-request-id": "9186d724-2833-e64a-211f-0f20f26fb4fe",
        "x-ms-request-id": "dc315af1-901f-0049-0e3a-f3d0d0000000",
        "x-ms-version": "2019-10-10"
      },
      "ResponseBody": []
    },
    {
      "RequestUri": "https://seanstagehierarchical.dfs.core.windows.net/test-filesystem-fbaad6d7-89cc-1b0a-1f48-8a429b756c3a/test-directory-d5f9f777-e433-0110-3716-982d270d92f1/test-directory-31bf5604-11d5-5136-f455-13d76e1174a1?resource=directory",
      "RequestMethod": "PUT",
      "RequestHeaders": {
        "Authorization": "Sanitized",
        "User-Agent": [
          "azsdk-net-Storage.Files.DataLake/12.0.0-dev.20200305.1",
          "(.NET Core 4.6.28325.01; Microsoft Windows 10.0.18363 )"
        ],
        "x-ms-client-request-id": "37fa78a7-23d5-123f-a135-9dde1573780f",
        "x-ms-date": "Thu, 05 Mar 2020 22:07:39 GMT",
        "x-ms-return-client-request-id": "true",
        "x-ms-version": "2019-10-10"
      },
      "RequestBody": null,
      "StatusCode": 201,
      "ResponseHeaders": {
        "Content-Length": "0",
        "Date": "Thu, 05 Mar 2020 22:07:38 GMT",
        "ETag": "\u00220x8D7C1519E61C08C\u0022",
        "Last-Modified": "Thu, 05 Mar 2020 22:07:38 GMT",
        "Server": [
          "Windows-Azure-HDFS/1.0",
          "Microsoft-HTTPAPI/2.0"
        ],
        "x-ms-client-request-id": "37fa78a7-23d5-123f-a135-9dde1573780f",
        "x-ms-request-id": "dc315af2-901f-0049-0f3a-f3d0d0000000",
        "x-ms-version": "2019-10-10"
      },
      "ResponseBody": []
    },
    {
      "RequestUri": "https://seanstagehierarchical.dfs.core.windows.net/test-filesystem-fbaad6d7-89cc-1b0a-1f48-8a429b756c3a/test-directory-d5f9f777-e433-0110-3716-982d270d92f1/test-directory-31bf5604-11d5-5136-f455-13d76e1174a1?resource=directory",
      "RequestMethod": "PUT",
      "RequestHeaders": {
        "Authorization": "Sanitized",
        "If-None-Match": "\u0022garbage\u0022",
        "User-Agent": [
          "azsdk-net-Storage.Files.DataLake/12.0.0-dev.20200305.1",
          "(.NET Core 4.6.28325.01; Microsoft Windows 10.0.18363 )"
        ],
        "x-ms-client-request-id": "f52fc0a4-3c17-9dcb-43f6-ae5164df0b4d",
        "x-ms-date": "Thu, 05 Mar 2020 22:07:39 GMT",
        "x-ms-return-client-request-id": "true",
        "x-ms-version": "2019-10-10"
      },
      "RequestBody": null,
      "StatusCode": 201,
      "ResponseHeaders": {
        "Content-Length": "0",
        "Date": "Thu, 05 Mar 2020 22:07:38 GMT",
        "ETag": "\u00220x8D7C1519E6EC466\u0022",
        "Last-Modified": "Thu, 05 Mar 2020 22:07:39 GMT",
        "Server": [
          "Windows-Azure-HDFS/1.0",
          "Microsoft-HTTPAPI/2.0"
        ],
        "x-ms-client-request-id": "f52fc0a4-3c17-9dcb-43f6-ae5164df0b4d",
        "x-ms-request-id": "dc315af3-901f-0049-103a-f3d0d0000000",
        "x-ms-version": "2019-10-10"
      },
      "ResponseBody": []
    },
    {
      "RequestUri": "https://seanstagehierarchical.blob.core.windows.net/test-filesystem-fbaad6d7-89cc-1b0a-1f48-8a429b756c3a?restype=container",
      "RequestMethod": "DELETE",
      "RequestHeaders": {
        "Authorization": "Sanitized",
        "traceparent": "00-22e29a09aa7efa4fae1b773ba93bc913-db5af0182ef68c4f-00",
        "User-Agent": [
          "azsdk-net-Storage.Files.DataLake/12.0.0-dev.20200305.1",
          "(.NET Core 4.6.28325.01; Microsoft Windows 10.0.18363 )"
        ],
        "x-ms-client-request-id": "54398bf9-8243-6ef8-a1c2-2b70b5259eb8",
        "x-ms-date": "Thu, 05 Mar 2020 22:07:39 GMT",
        "x-ms-return-client-request-id": "true",
        "x-ms-version": "2019-10-10"
      },
      "RequestBody": null,
      "StatusCode": 202,
      "ResponseHeaders": {
        "Content-Length": "0",
        "Date": "Thu, 05 Mar 2020 22:07:39 GMT",
        "Server": [
          "Windows-Azure-Blob/1.0",
          "Microsoft-HTTPAPI/2.0"
        ],
        "x-ms-client-request-id": "54398bf9-8243-6ef8-a1c2-2b70b5259eb8",
        "x-ms-request-id": "19851efe-201e-0011-4d3a-f3088f000000",
        "x-ms-version": "2019-10-10"
      },
      "ResponseBody": []
    },
    {
      "RequestUri": "https://seanstagehierarchical.blob.core.windows.net/test-filesystem-902c2392-9377-618f-d5ec-f5209e93ea48?restype=container",
      "RequestMethod": "PUT",
      "RequestHeaders": {
        "Authorization": "Sanitized",
        "traceparent": "00-5e9df6c7c30dcd4cacd1987c44d44c20-15233aa7892abc4c-00",
        "User-Agent": [
          "azsdk-net-Storage.Files.DataLake/12.0.0-dev.20200305.1",
          "(.NET Core 4.6.28325.01; Microsoft Windows 10.0.18363 )"
        ],
        "x-ms-blob-public-access": "container",
        "x-ms-client-request-id": "8ea5e558-b8ce-6627-fcd8-7f568dd8d00d",
        "x-ms-date": "Thu, 05 Mar 2020 22:07:39 GMT",
        "x-ms-return-client-request-id": "true",
        "x-ms-version": "2019-10-10"
      },
      "RequestBody": null,
      "StatusCode": 201,
      "ResponseHeaders": {
        "Content-Length": "0",
        "Date": "Thu, 05 Mar 2020 22:07:38 GMT",
        "ETag": "\u00220x8D7C1519EABD84C\u0022",
        "Last-Modified": "Thu, 05 Mar 2020 22:07:39 GMT",
        "Server": [
          "Windows-Azure-Blob/1.0",
          "Microsoft-HTTPAPI/2.0"
        ],
        "x-ms-client-request-id": "8ea5e558-b8ce-6627-fcd8-7f568dd8d00d",
        "x-ms-request-id": "beed256c-601e-002f-6c3a-f39ff0000000",
        "x-ms-version": "2019-10-10"
      },
      "ResponseBody": []
    },
    {
      "RequestUri": "https://seanstagehierarchical.dfs.core.windows.net/test-filesystem-902c2392-9377-618f-d5ec-f5209e93ea48/test-directory-a6c3e2d7-c6cd-da12-1a95-505c8ccf4a59?resource=directory",
      "RequestMethod": "PUT",
      "RequestHeaders": {
        "Authorization": "Sanitized",
        "traceparent": "00-642416275f1dfa418f9c000b305aa6ec-48b23333a32c0540-00",
        "User-Agent": [
          "azsdk-net-Storage.Files.DataLake/12.0.0-dev.20200305.1",
          "(.NET Core 4.6.28325.01; Microsoft Windows 10.0.18363 )"
        ],
        "x-ms-client-request-id": "34e8f84b-e6b7-920d-d3cb-743868cbd92d",
        "x-ms-date": "Thu, 05 Mar 2020 22:07:39 GMT",
        "x-ms-return-client-request-id": "true",
        "x-ms-version": "2019-10-10"
      },
      "RequestBody": null,
      "StatusCode": 201,
      "ResponseHeaders": {
        "Content-Length": "0",
        "Date": "Thu, 05 Mar 2020 22:07:39 GMT",
        "ETag": "\u00220x8D7C1519EDC612C\u0022",
        "Last-Modified": "Thu, 05 Mar 2020 22:07:39 GMT",
        "Server": [
          "Windows-Azure-HDFS/1.0",
          "Microsoft-HTTPAPI/2.0"
        ],
        "x-ms-client-request-id": "34e8f84b-e6b7-920d-d3cb-743868cbd92d",
        "x-ms-request-id": "1ea16cf9-701f-000c-323a-f30533000000",
        "x-ms-version": "2019-10-10"
      },
      "ResponseBody": []
    },
    {
      "RequestUri": "https://seanstagehierarchical.dfs.core.windows.net/test-filesystem-902c2392-9377-618f-d5ec-f5209e93ea48/test-directory-a6c3e2d7-c6cd-da12-1a95-505c8ccf4a59/test-directory-73f7258d-1810-7b1f-68ce-bfdce945a367?resource=directory",
      "RequestMethod": "PUT",
      "RequestHeaders": {
        "Authorization": "Sanitized",
        "User-Agent": [
          "azsdk-net-Storage.Files.DataLake/12.0.0-dev.20200305.1",
          "(.NET Core 4.6.28325.01; Microsoft Windows 10.0.18363 )"
        ],
        "x-ms-client-request-id": "1140af18-96bb-3357-d86d-cbe92730a88d",
        "x-ms-date": "Thu, 05 Mar 2020 22:07:39 GMT",
        "x-ms-return-client-request-id": "true",
        "x-ms-version": "2019-10-10"
      },
      "RequestBody": null,
      "StatusCode": 201,
      "ResponseHeaders": {
        "Content-Length": "0",
        "Date": "Thu, 05 Mar 2020 22:07:39 GMT",
        "ETag": "\u00220x8D7C1519EE8AD69\u0022",
        "Last-Modified": "Thu, 05 Mar 2020 22:07:39 GMT",
        "Server": [
          "Windows-Azure-HDFS/1.0",
          "Microsoft-HTTPAPI/2.0"
        ],
        "x-ms-client-request-id": "1140af18-96bb-3357-d86d-cbe92730a88d",
        "x-ms-request-id": "1ea16cfa-701f-000c-333a-f30533000000",
        "x-ms-version": "2019-10-10"
      },
      "ResponseBody": []
    },
    {
      "RequestUri": "https://seanstagehierarchical.blob.core.windows.net/test-filesystem-902c2392-9377-618f-d5ec-f5209e93ea48/test-directory-a6c3e2d7-c6cd-da12-1a95-505c8ccf4a59/test-directory-73f7258d-1810-7b1f-68ce-bfdce945a367?comp=lease",
      "RequestMethod": "PUT",
      "RequestHeaders": {
        "Authorization": "Sanitized",
        "traceparent": "00-c97709e7ae5ede4791ceb7af20e38e14-075a285f1fb2fd44-00",
        "User-Agent": [
          "azsdk-net-Storage.Files.DataLake/12.0.0-dev.20200305.1",
          "(.NET Core 4.6.28325.01; Microsoft Windows 10.0.18363 )"
        ],
        "x-ms-client-request-id": "dbfb578d-0c95-d261-68c9-8e3c307d00db",
        "x-ms-date": "Thu, 05 Mar 2020 22:07:39 GMT",
        "x-ms-lease-action": "acquire",
        "x-ms-lease-duration": "-1",
        "x-ms-proposed-lease-id": "7fac0c27-45b9-7646-837e-66da32fc9326",
        "x-ms-return-client-request-id": "true",
        "x-ms-version": "2019-10-10"
      },
      "RequestBody": null,
      "StatusCode": 201,
      "ResponseHeaders": {
        "Content-Length": "0",
        "Date": "Thu, 05 Mar 2020 22:07:40 GMT",
        "ETag": "\u00220x8D7C1519EE8AD69\u0022",
        "Last-Modified": "Thu, 05 Mar 2020 22:07:39 GMT",
        "Server": [
          "Windows-Azure-Blob/1.0",
          "Microsoft-HTTPAPI/2.0"
        ],
        "x-ms-client-request-id": "dbfb578d-0c95-d261-68c9-8e3c307d00db",
        "x-ms-lease-id": "7fac0c27-45b9-7646-837e-66da32fc9326",
        "x-ms-request-id": "beed2575-601e-002f-703a-f39ff0000000",
        "x-ms-version": "2019-10-10"
      },
      "ResponseBody": []
    },
    {
      "RequestUri": "https://seanstagehierarchical.dfs.core.windows.net/test-filesystem-902c2392-9377-618f-d5ec-f5209e93ea48/test-directory-a6c3e2d7-c6cd-da12-1a95-505c8ccf4a59/test-directory-73f7258d-1810-7b1f-68ce-bfdce945a367?resource=directory",
      "RequestMethod": "PUT",
      "RequestHeaders": {
        "Authorization": "Sanitized",
        "User-Agent": [
          "azsdk-net-Storage.Files.DataLake/12.0.0-dev.20200305.1",
          "(.NET Core 4.6.28325.01; Microsoft Windows 10.0.18363 )"
        ],
        "x-ms-client-request-id": "db4c8a2c-b801-3590-41f1-d13b036fc512",
        "x-ms-date": "Thu, 05 Mar 2020 22:07:40 GMT",
        "x-ms-lease-id": "7fac0c27-45b9-7646-837e-66da32fc9326",
        "x-ms-return-client-request-id": "true",
        "x-ms-version": "2019-10-10"
      },
      "RequestBody": null,
      "StatusCode": 201,
      "ResponseHeaders": {
        "Content-Length": "0",
        "Date": "Thu, 05 Mar 2020 22:07:40 GMT",
        "ETag": "\u00220x8D7C1519F2E1EAB\u0022",
        "Last-Modified": "Thu, 05 Mar 2020 22:07:40 GMT",
        "Server": [
          "Windows-Azure-HDFS/1.0",
          "Microsoft-HTTPAPI/2.0"
        ],
        "x-ms-client-request-id": "db4c8a2c-b801-3590-41f1-d13b036fc512",
        "x-ms-request-id": "1ea16cfb-701f-000c-343a-f30533000000",
        "x-ms-version": "2019-10-10"
      },
      "ResponseBody": []
    },
    {
      "RequestUri": "https://seanstagehierarchical.blob.core.windows.net/test-filesystem-902c2392-9377-618f-d5ec-f5209e93ea48?restype=container",
      "RequestMethod": "DELETE",
      "RequestHeaders": {
        "Authorization": "Sanitized",
        "traceparent": "00-c18c4c5d5db2144d96a48a70547088f9-1c9f916dbf1c6f44-00",
        "User-Agent": [
          "azsdk-net-Storage.Files.DataLake/12.0.0-dev.20200305.1",
          "(.NET Core 4.6.28325.01; Microsoft Windows 10.0.18363 )"
        ],
        "x-ms-client-request-id": "a610c39c-2431-21da-1471-417b9c4e92f0",
        "x-ms-date": "Thu, 05 Mar 2020 22:07:40 GMT",
        "x-ms-return-client-request-id": "true",
        "x-ms-version": "2019-10-10"
      },
      "RequestBody": null,
      "StatusCode": 202,
      "ResponseHeaders": {
        "Content-Length": "0",
        "Date": "Thu, 05 Mar 2020 22:07:40 GMT",
        "Server": [
          "Windows-Azure-Blob/1.0",
          "Microsoft-HTTPAPI/2.0"
        ],
        "x-ms-client-request-id": "a610c39c-2431-21da-1471-417b9c4e92f0",
        "x-ms-request-id": "beed257a-601e-002f-733a-f39ff0000000",
        "x-ms-version": "2019-10-10"
      },
      "ResponseBody": []
    }
  ],
  "Variables": {
    "DateTimeOffsetNow": "2020-03-05T14:07:34.5042656-08:00",
    "RandomSeed": "55399346",
    "Storage_TestConfigHierarchicalNamespace": "NamespaceTenant\nseanstagehierarchical\nU2FuaXRpemVk\nhttps://seanstagehierarchical.blob.core.windows.net\nhttp://seanstagehierarchical.file.core.windows.net\nhttp://seanstagehierarchical.queue.core.windows.net\nhttp://seanstagehierarchical.table.core.windows.net\n\n\n\n\nhttp://seanstagehierarchical-secondary.blob.core.windows.net\nhttp://seanstagehierarchical-secondary.file.core.windows.net\nhttp://seanstagehierarchical-secondary.queue.core.windows.net\nhttp://seanstagehierarchical-secondary.table.core.windows.net\n68390a19-a643-458b-b726-408abf67b4fc\nSanitized\n72f988bf-86f1-41af-91ab-2d7cd011db47\nhttps://login.microsoftonline.com/\nCloud\nBlobEndpoint=https://seanstagehierarchical.blob.core.windows.net/;QueueEndpoint=http://seanstagehierarchical.queue.core.windows.net/;FileEndpoint=http://seanstagehierarchical.file.core.windows.net/;BlobSecondaryEndpoint=http://seanstagehierarchical-secondary.blob.core.windows.net/;QueueSecondaryEndpoint=http://seanstagehierarchical-secondary.queue.core.windows.net/;FileSecondaryEndpoint=http://seanstagehierarchical-secondary.file.core.windows.net/;AccountName=seanstagehierarchical;AccountKey=Sanitized\n"
  }
}