{
  "Entries": [
    {
      "RequestUri": "https://seannse.blob.core.windows.net/test-filesystem-9aaab195-a682-8ba9-b659-c85736527c4d?restype=container",
      "RequestMethod": "PUT",
      "RequestHeaders": {
        "Accept": "application/xml",
        "Authorization": "Sanitized",
        "traceparent": "00-d468260be198ca4fb93620e7423af914-82b5e65290df094d-00",
        "User-Agent": [
          "azsdk-net-Storage.Files.DataLake/12.7.0-alpha.20210219.1",
          "(.NET 5.0.3; Microsoft Windows 10.0.19041)"
        ],
        "x-ms-blob-public-access": "container",
        "x-ms-client-request-id": "9cba4cb1-84f7-0ce6-3b03-a9a34efeed4d",
        "x-ms-date": "Fri, 19 Feb 2021 19:04:16 GMT",
        "x-ms-return-client-request-id": "true",
        "x-ms-version": "2020-10-02"
      },
      "RequestBody": null,
      "StatusCode": 201,
      "ResponseHeaders": {
        "Content-Length": "0",
        "Date": "Fri, 19 Feb 2021 19:04:15 GMT",
        "ETag": "\"0x8D8D50926C71EB9\"",
        "Last-Modified": "Fri, 19 Feb 2021 19:04:15 GMT",
        "Server": [
          "Windows-Azure-Blob/1.0",
          "Microsoft-HTTPAPI/2.0"
        ],
        "x-ms-client-request-id": "9cba4cb1-84f7-0ce6-3b03-a9a34efeed4d",
        "x-ms-request-id": "cb12bb42-b01e-006d-31f2-06cb14000000",
        "x-ms-version": "2020-10-02"
      },
      "ResponseBody": []
    },
    {
      "RequestUri": "https://seannse.dfs.core.windows.net/test-filesystem-9aaab195-a682-8ba9-b659-c85736527c4d/test-directory-d57efb02-f3ae-946c-8028-370a08d61c35?resource=directory",
      "RequestMethod": "PUT",
      "RequestHeaders": {
        "Accept": "application/json",
        "Authorization": "Sanitized",
        "If-None-Match": "*",
        "traceparent": "00-8c3f3d5c8067d241b2c21d4bb8a493da-904d1b1287b7e644-00",
        "User-Agent": [
          "azsdk-net-Storage.Files.DataLake/12.7.0-alpha.20210219.1",
          "(.NET 5.0.3; Microsoft Windows 10.0.19041)"
        ],
        "x-ms-client-request-id": "73d0508a-2d02-beb1-e026-1bce4ddb0365",
        "x-ms-date": "Fri, 19 Feb 2021 19:04:16 GMT",
        "x-ms-return-client-request-id": "true",
        "x-ms-version": "2020-10-02"
      },
      "RequestBody": null,
      "StatusCode": 201,
      "ResponseHeaders": {
        "Content-Length": "0",
        "Date": "Fri, 19 Feb 2021 19:04:15 GMT",
        "ETag": "\"0x8D8D50926D9811B\"",
        "Last-Modified": "Fri, 19 Feb 2021 19:04:15 GMT",
        "Server": [
          "Windows-Azure-HDFS/1.0",
          "Microsoft-HTTPAPI/2.0"
        ],
        "x-ms-client-request-id": "73d0508a-2d02-beb1-e026-1bce4ddb0365",
        "x-ms-request-id": "da8430fd-a01f-0061-58f2-065c1c000000",
        "x-ms-version": "2020-10-02"
      },
      "ResponseBody": []
    },
    {
      "RequestUri": "https://seannse.dfs.core.windows.net/test-filesystem-9aaab195-a682-8ba9-b659-c85736527c4d/test-directory-d57efb02-f3ae-946c-8028-370a08d61c35?resource=directory",
      "RequestMethod": "PUT",
      "RequestHeaders": {
        "Accept": "application/json",
        "Authorization": "Sanitized",
        "If-None-Match": "*",
        "traceparent": "00-6a0363b4048bed45a5a8c2c6ddc5d208-2ec83ba64330d246-00",
        "User-Agent": [
          "azsdk-net-Storage.Files.DataLake/12.7.0-alpha.20210219.1",
          "(.NET 5.0.3; Microsoft Windows 10.0.19041)"
        ],
        "x-ms-client-request-id": "b780d3f6-a806-2a32-b8e7-0971c5869576",
        "x-ms-date": "Fri, 19 Feb 2021 19:04:16 GMT",
        "x-ms-return-client-request-id": "true",
        "x-ms-version": "2020-10-02"
      },
      "RequestBody": null,
      "StatusCode": 409,
      "ResponseHeaders": {
        "Content-Length": "168",
        "Content-Type": "application/json; charset=utf-8",
        "Date": "Fri, 19 Feb 2021 19:04:15 GMT",
        "Server": [
          "Windows-Azure-HDFS/1.0",
          "Microsoft-HTTPAPI/2.0"
        ],
        "x-ms-client-request-id": "b780d3f6-a806-2a32-b8e7-0971c5869576",
        "x-ms-error-code": "PathAlreadyExists",
        "x-ms-request-id": "da84310d-a01f-0061-68f2-065c1c000000",
        "x-ms-version": "2020-10-02"
      },
      "ResponseBody": {
        "error": {
          "code": "PathAlreadyExists",
          "message": "The specified path already exists.\nRequestId:da84310d-a01f-0061-68f2-065c1c000000\nTime:2021-02-19T19:04:15.7070078Z"
        }
      }
    },
    {
      "RequestUri": "https://seannse.blob.core.windows.net/test-filesystem-9aaab195-a682-8ba9-b659-c85736527c4d?restype=container",
      "RequestMethod": "DELETE",
      "RequestHeaders": {
        "Accept": "application/xml",
        "Authorization": "Sanitized",
        "traceparent": "00-bab652b0aa3ccd448598764a5fdd839b-03a9d55931acdf4d-00",
        "User-Agent": [
          "azsdk-net-Storage.Files.DataLake/12.7.0-alpha.20210219.1",
          "(.NET 5.0.3; Microsoft Windows 10.0.19041)"
        ],
        "x-ms-client-request-id": "79d827e7-4c5b-3e5e-4121-2d70fa445c1e",
        "x-ms-date": "Fri, 19 Feb 2021 19:04:16 GMT",
        "x-ms-return-client-request-id": "true",
        "x-ms-version": "2020-10-02"
      },
      "RequestBody": null,
      "StatusCode": 202,
      "ResponseHeaders": {
        "Content-Length": "0",
        "Date": "Fri, 19 Feb 2021 19:04:15 GMT",
        "Server": [
          "Windows-Azure-Blob/1.0",
          "Microsoft-HTTPAPI/2.0"
        ],
        "x-ms-client-request-id": "79d827e7-4c5b-3e5e-4121-2d70fa445c1e",
        "x-ms-request-id": "cb12bba3-b01e-006d-06f2-06cb14000000",
        "x-ms-version": "2020-10-02"
      },
      "ResponseBody": []
    }
  ],
  "Variables": {
    "RandomSeed": "52231792",
    "Storage_TestConfigHierarchicalNamespace": "NamespaceTenant\nseannse\nU2FuaXRpemVk\nhttps://seannse.blob.core.windows.net\nhttps://seannse.file.core.windows.net\nhttps://seannse.queue.core.windows.net\nhttps://seannse.table.core.windows.net\n\n\n\n\nhttps://seannse-secondary.blob.core.windows.net\nhttps://seannse-secondary.file.core.windows.net\nhttps://seannse-secondary.queue.core.windows.net\nhttps://seannse-secondary.table.core.windows.net\n68390a19-a643-458b-b726-408abf67b4fc\nSanitized\n72f988bf-86f1-41af-91ab-2d7cd011db47\nhttps://login.microsoftonline.com/\nCloud\nBlobEndpoint=https://seannse.blob.core.windows.net/;QueueEndpoint=https://seannse.queue.core.windows.net/;FileEndpoint=https://seannse.file.core.windows.net/;BlobSecondaryEndpoint=https://seannse-secondary.blob.core.windows.net/;QueueSecondaryEndpoint=https://seannse-secondary.queue.core.windows.net/;FileSecondaryEndpoint=https://seannse-secondary.file.core.windows.net/;AccountName=seannse;AccountKey=Sanitized\n\n\n"
  }
}