{
  "Entries": [
    {
      "RequestUri": "https://cgcxscnapby3pev24a.blob.preprod.core.windows.net/test-filesystem-93ecf8ae-7a72-f9f8-0e7c-66e74cbf92a3?restype=container",
      "RequestMethod": "PUT",
      "RequestHeaders": {
        "Accept": "application/xml",
        "Authorization": "Sanitized",
        "Content-Length": "0",
        "traceparent": "00-4b748b45a5da954da37171319e224a41-a5d22fdc6e6f834a-00",
        "User-Agent": "azsdk-net-Storage.Files.DataLake/12.10.0-alpha.20220316.1 (.NET Framework 4.8.4420.0; Microsoft Windows 10.0.19044 )",
        "x-ms-blob-public-access": "container",
        "x-ms-client-request-id": "c9d8c959-0c0a-a94c-dbf5-10368a559850",
        "x-ms-date": "Wed, 16 Mar 2022 20:29:16 GMT",
        "x-ms-return-client-request-id": "true",
        "x-ms-version": "2021-08-06"
      },
      "RequestBody": null,
      "StatusCode": 201,
      "ResponseHeaders": {
        "Date": "Wed, 16 Mar 2022 20:29:16 GMT",
        "ETag": "\u00220x8DA078BA459B092\u0022",
        "Last-Modified": "Wed, 16 Mar 2022 20:29:16 GMT",
        "Transfer-Encoding": "chunked",
        "x-ms-client-request-id": "c9d8c959-0c0a-a94c-dbf5-10368a559850",
        "x-ms-request-id": "5cd5e2ae-601e-0002-0974-39e805000000",
        "x-ms-version": "2021-08-06"
      },
      "ResponseBody": null
    },
    {
      "RequestUri": "https://cgcxscnapby3pev24a.dfs.preprod.core.windows.net/test-filesystem-93ecf8ae-7a72-f9f8-0e7c-66e74cbf92a3/test-directory-38905355-ec8f-6b31-41bf-719e78461c40?resource=directory",
      "RequestMethod": "PUT",
      "RequestHeaders": {
        "Accept": "application/json",
        "Authorization": "Sanitized",
        "Content-Length": "0",
        "If-None-Match": "*",
        "traceparent": "00-3064e1995da081439cc5d1daae67201c-90eee777edf3ed46-00",
        "User-Agent": "azsdk-net-Storage.Files.DataLake/12.10.0-alpha.20220316.1 (.NET Framework 4.8.4420.0; Microsoft Windows 10.0.19044 )",
        "x-ms-client-request-id": "895cb13a-f03e-6c77-986c-874b9aad3095",
        "x-ms-date": "Wed, 16 Mar 2022 20:29:16 GMT",
        "x-ms-return-client-request-id": "true",
        "x-ms-version": "2021-08-06"
      },
      "RequestBody": null,
      "StatusCode": 201,
      "ResponseHeaders": {
        "Content-Length": "0",
        "Date": "Wed, 16 Mar 2022 20:29:16 GMT",
        "ETag": "\u00220x8DA078BA467CB01\u0022",
        "Last-Modified": "Wed, 16 Mar 2022 20:29:16 GMT",
        "x-ms-client-request-id": "895cb13a-f03e-6c77-986c-874b9aad3095",
        "x-ms-request-id": "bdd31622-a01f-0005-7274-39f0c9000000",
        "x-ms-request-server-encrypted": "true",
        "x-ms-version": "2021-08-06"
      },
      "ResponseBody": null
    },
    {
      "RequestUri": "https://cgcxscnapby3pev24a.blob.preprod.core.windows.net/test-filesystem-93ecf8ae-7a72-f9f8-0e7c-66e74cbf92a3?restype=container",
      "RequestMethod": "DELETE",
      "RequestHeaders": {
        "Accept": "application/xml",
        "Authorization": "Sanitized",
        "traceparent": "00-2dce4f515889e34293548024e4d81520-ed753d786494b043-00",
        "User-Agent": "azsdk-net-Storage.Files.DataLake/12.10.0-alpha.20220316.1 (.NET Framework 4.8.4420.0; Microsoft Windows 10.0.19044 )",
        "x-ms-client-request-id": "c663a61b-92e9-6202-e721-e97a414d07d0",
        "x-ms-date": "Wed, 16 Mar 2022 20:29:16 GMT",
        "x-ms-return-client-request-id": "true",
        "x-ms-version": "2021-08-06"
      },
      "RequestBody": null,
      "StatusCode": 202,
      "ResponseHeaders": {
        "Date": "Wed, 16 Mar 2022 20:29:16 GMT",
        "Transfer-Encoding": "chunked",
        "x-ms-client-request-id": "c663a61b-92e9-6202-e721-e97a414d07d0",
        "x-ms-request-id": "5cd5e2b0-601e-0002-0a74-39e805000000",
        "x-ms-version": "2021-08-06"
      },
      "ResponseBody": null
    }
  ],
  "Variables": {
    "RandomSeed": "282548175",
    "Storage_TestConfigHierarchicalNamespace": "NamespaceTenant\ncgcxscnapby3pev24a\nU2FuaXRpemVk\nhttps://cgcxscnapby3pev24a.blob.preprod.core.windows.net\nhttps://cgcxscnapby3pev24a.file.core.windows.net\nhttps://cgcxscnapby3pev24a.queue.core.windows.net\nhttps://cgcxscnapby3pev24a.table.core.windows.net\n\n\n\n\nhttps://cgcxscnapby3pev24a-secondary.blob.core.windows.net\nhttps://cgcxscnapby3pev24a-secondary.file.core.windows.net\nhttps://cgcxscnapby3pev24a-secondary.queue.core.windows.net\nhttps://cgcxscnapby3pev24a-secondary.table.core.windows.net\n68390a19-a643-458b-b726-408abf67b4fc\nSanitized\n72f988bf-86f1-41af-91ab-2d7cd011db47\nhttps://login.microsoftonline.com/\nCloud\nBlobEndpoint=https://cgcxscnapby3pev24a.blob.preprod.core.windows.net/;QueueEndpoint=https://cgcxscnapby3pev24a.queue.core.windows.net/;FileEndpoint=https://cgcxscnapby3pev24a.file.core.windows.net/;BlobSecondaryEndpoint=https://cgcxscnapby3pev24a-secondary.blob.core.windows.net/;QueueSecondaryEndpoint=https://cgcxscnapby3pev24a-secondary.queue.core.windows.net/;FileSecondaryEndpoint=https://cgcxscnapby3pev24a-secondary.file.core.windows.net/;AccountName=cgcxscnapby3pev24a;AccountKey=Sanitized\n\n\n"
  }
}
