{
  "Entries": [
    {
      "RequestUri": "https://seannse.blob.core.windows.net/test-filesystem-47b767d0-2657-96d2-08ab-359d13395b3a?restype=container",
      "RequestMethod": "PUT",
      "RequestHeaders": {
        "Accept": "application/xml",
        "Authorization": "Sanitized",
        "traceparent": "00-ae59ca212a345144a2ea3a946d404d57-d933800dc55a6d4e-00",
        "User-Agent": [
          "azsdk-net-Storage.Files.DataLake/12.7.0-alpha.20210219.1",
          "(.NET 5.0.3; Microsoft Windows 10.0.19041)"
        ],
        "x-ms-blob-public-access": "container",
        "x-ms-client-request-id": "a8d1270e-ac3d-731e-030e-5eb12310a9d8",
        "x-ms-date": "Fri, 19 Feb 2021 18:59:47 GMT",
        "x-ms-return-client-request-id": "true",
         "x-ms-version": "2020-08-04"
      },
      "RequestBody": null,
      "StatusCode": 201,
      "ResponseHeaders": {
        "Content-Length": "0",
        "Date": "Fri, 19 Feb 2021 18:59:47 GMT",
        "ETag": "\u00220x8D8D50886DF97F9\u0022",
        "Last-Modified": "Fri, 19 Feb 2021 18:59:47 GMT",
        "Server": [
          "Windows-Azure-Blob/1.0",
          "Microsoft-HTTPAPI/2.0"
        ],
        "x-ms-client-request-id": "a8d1270e-ac3d-731e-030e-5eb12310a9d8",
        "x-ms-request-id": "cb1158cb-b01e-006d-6ff1-06cb14000000",
         "x-ms-version": "2020-08-04"
      },
      "ResponseBody": []
    },
    {
      "RequestUri": "https://seannse.dfs.core.windows.net/test-filesystem-47b767d0-2657-96d2-08ab-359d13395b3a/test-directory-0265eaa6-0bec-5e1c-017a-5cecc7c21366?resource=directory",
      "RequestMethod": "PUT",
      "RequestHeaders": {
        "Accept": "application/json",
        "Authorization": "Sanitized",
        "traceparent": "00-2a70407a6f28794ba88577ed1e7fe26f-2250402675d55d4f-00",
        "User-Agent": [
          "azsdk-net-Storage.Files.DataLake/12.7.0-alpha.20210219.1",
          "(.NET 5.0.3; Microsoft Windows 10.0.19041)"
        ],
        "x-ms-client-request-id": "986986c1-6a3c-0232-0a72-a7c34f32ab41",
        "x-ms-date": "Fri, 19 Feb 2021 18:59:47 GMT",
        "x-ms-return-client-request-id": "true",
         "x-ms-version": "2020-08-04"
      },
      "RequestBody": null,
      "StatusCode": 201,
      "ResponseHeaders": {
        "Content-Length": "0",
        "Date": "Fri, 19 Feb 2021 18:59:47 GMT",
        "ETag": "\u00220x8D8D50886EED2A5\u0022",
        "Last-Modified": "Fri, 19 Feb 2021 18:59:47 GMT",
        "Server": [
          "Windows-Azure-HDFS/1.0",
          "Microsoft-HTTPAPI/2.0"
        ],
        "x-ms-client-request-id": "986986c1-6a3c-0232-0a72-a7c34f32ab41",
        "x-ms-request-id": "da837579-a01f-0061-30f1-065c1c000000",
         "x-ms-version": "2020-08-04"
      },
      "ResponseBody": []
    },
    {
      "RequestUri": "https://seannse.dfs.core.windows.net/test-filesystem-47b767d0-2657-96d2-08ab-359d13395b3a/test-directory-0265eaa6-0bec-5e1c-017a-5cecc7c21366/test-file-0d74f7fb-be81-f370-edd8-c117919f4a4c?resource=file",
      "RequestMethod": "PUT",
      "RequestHeaders": {
        "Accept": "application/json",
        "Authorization": "Sanitized",
        "User-Agent": [
          "azsdk-net-Storage.Files.DataLake/12.7.0-alpha.20210219.1",
          "(.NET 5.0.3; Microsoft Windows 10.0.19041)"
        ],
        "x-ms-client-request-id": "1c813829-0b3f-0258-1676-aa63a91a716b",
        "x-ms-date": "Fri, 19 Feb 2021 18:59:48 GMT",
        "x-ms-properties": "foo=YmFy,meta=ZGF0YQ==,Capital=bGV0dGVy,UPPER=Y2FzZQ==",
        "x-ms-return-client-request-id": "true",
         "x-ms-version": "2020-08-04"
      },
      "RequestBody": null,
      "StatusCode": 201,
      "ResponseHeaders": {
        "Content-Length": "0",
        "Date": "Fri, 19 Feb 2021 18:59:47 GMT",
        "ETag": "\u00220x8D8D50886FB6F23\u0022",
        "Last-Modified": "Fri, 19 Feb 2021 18:59:47 GMT",
        "Server": [
          "Windows-Azure-HDFS/1.0",
          "Microsoft-HTTPAPI/2.0"
        ],
        "x-ms-client-request-id": "1c813829-0b3f-0258-1676-aa63a91a716b",
        "x-ms-request-id": "da837582-a01f-0061-39f1-065c1c000000",
         "x-ms-version": "2020-08-04"
      },
      "ResponseBody": []
    },
    {
      "RequestUri": "https://seannse.blob.core.windows.net/test-filesystem-47b767d0-2657-96d2-08ab-359d13395b3a/test-directory-0265eaa6-0bec-5e1c-017a-5cecc7c21366/test-file-0d74f7fb-be81-f370-edd8-c117919f4a4c",
      "RequestMethod": "HEAD",
      "RequestHeaders": {
        "Accept": "application/xml",
        "Authorization": "Sanitized",
        "User-Agent": [
          "azsdk-net-Storage.Files.DataLake/12.7.0-alpha.20210219.1",
          "(.NET 5.0.3; Microsoft Windows 10.0.19041)"
        ],
        "x-ms-client-request-id": "58eeb29c-2e1d-550d-2928-2ae2d0c529ca",
        "x-ms-date": "Fri, 19 Feb 2021 18:59:48 GMT",
        "x-ms-return-client-request-id": "true",
         "x-ms-version": "2020-08-04"
      },
      "RequestBody": null,
      "StatusCode": 200,
      "ResponseHeaders": {
        "Accept-Ranges": "bytes",
        "Content-Length": "0",
        "Content-Type": "application/octet-stream",
        "Date": "Fri, 19 Feb 2021 18:59:47 GMT",
        "ETag": "\u00220x8D8D50886FB6F23\u0022",
        "Last-Modified": "Fri, 19 Feb 2021 18:59:47 GMT",
        "Server": [
          "Windows-Azure-Blob/1.0",
          "Microsoft-HTTPAPI/2.0"
        ],
        "x-ms-access-tier": "Hot",
        "x-ms-access-tier-inferred": "true",
        "x-ms-blob-type": "BlockBlob",
        "x-ms-client-request-id": "58eeb29c-2e1d-550d-2928-2ae2d0c529ca",
        "x-ms-creation-time": "Fri, 19 Feb 2021 18:59:47 GMT",
        "x-ms-group": "$superuser",
        "x-ms-lease-state": "available",
        "x-ms-lease-status": "unlocked",
        "x-ms-meta-Capital": "letter",
        "x-ms-meta-foo": "bar",
        "x-ms-meta-meta": "data",
        "x-ms-meta-UPPER": "case",
        "x-ms-owner": "$superuser",
        "x-ms-permissions": "rw-r-----",
        "x-ms-request-id": "cb115917-b01e-006d-2ff1-06cb14000000",
        "x-ms-server-encrypted": "true",
         "x-ms-version": "2020-08-04"
      },
      "ResponseBody": []
    },
    {
      "RequestUri": "https://seannse.blob.core.windows.net/test-filesystem-47b767d0-2657-96d2-08ab-359d13395b3a?restype=container",
      "RequestMethod": "DELETE",
      "RequestHeaders": {
        "Accept": "application/xml",
        "Authorization": "Sanitized",
        "traceparent": "00-b48a0a749cb0f94f85b2debe78bf39ed-97bf6c14e1d9ef46-00",
        "User-Agent": [
          "azsdk-net-Storage.Files.DataLake/12.7.0-alpha.20210219.1",
          "(.NET 5.0.3; Microsoft Windows 10.0.19041)"
        ],
        "x-ms-client-request-id": "f6c7f68e-182b-fa4d-4d0b-a3de4006ae08",
        "x-ms-date": "Fri, 19 Feb 2021 18:59:48 GMT",
        "x-ms-return-client-request-id": "true",
         "x-ms-version": "2020-08-04"
      },
      "RequestBody": null,
      "StatusCode": 202,
      "ResponseHeaders": {
        "Content-Length": "0",
        "Date": "Fri, 19 Feb 2021 18:59:47 GMT",
        "Server": [
          "Windows-Azure-Blob/1.0",
          "Microsoft-HTTPAPI/2.0"
        ],
        "x-ms-client-request-id": "f6c7f68e-182b-fa4d-4d0b-a3de4006ae08",
        "x-ms-request-id": "cb11592a-b01e-006d-42f1-06cb14000000",
         "x-ms-version": "2020-08-04"
      },
      "ResponseBody": []
    }
  ],
  "Variables": {
    "RandomSeed": "424727717",
    "Storage_TestConfigHierarchicalNamespace": "NamespaceTenant\nseannse\nU2FuaXRpemVk\nhttps://seannse.blob.core.windows.net\nhttps://seannse.file.core.windows.net\nhttps://seannse.queue.core.windows.net\nhttps://seannse.table.core.windows.net\n\n\n\n\nhttps://seannse-secondary.blob.core.windows.net\nhttps://seannse-secondary.file.core.windows.net\nhttps://seannse-secondary.queue.core.windows.net\nhttps://seannse-secondary.table.core.windows.net\n68390a19-a643-458b-b726-408abf67b4fc\nSanitized\n72f988bf-86f1-41af-91ab-2d7cd011db47\nhttps://login.microsoftonline.com/\nCloud\nBlobEndpoint=https://seannse.blob.core.windows.net/;QueueEndpoint=https://seannse.queue.core.windows.net/;FileEndpoint=https://seannse.file.core.windows.net/;BlobSecondaryEndpoint=https://seannse-secondary.blob.core.windows.net/;QueueSecondaryEndpoint=https://seannse-secondary.queue.core.windows.net/;FileSecondaryEndpoint=https://seannse-secondary.file.core.windows.net/;AccountName=seannse;AccountKey=Sanitized\n"
  }
}