{
  "Entries": [
    {
      "RequestUri": "http://seanstagehierarchical.blob.core.windows.net/test-filesystem-b31675d3-5087-5390-d77f-5fd74fc5bb2d?restype=container",
      "RequestMethod": "PUT",
      "RequestHeaders": {
        "Authorization": "Sanitized",
        "traceparent": "00-db5007e8936f6e4b80328379090696e4-be9aaa095c5f5745-00",
        "User-Agent": [
          "azsdk-net-Storage.Files.DataLake/12.0.0-dev.20191210.1\u002B5758cdf8298d3305c897cb7ba843ddd732c229c1",
          "(.NET Core 4.6.28008.01; Microsoft Windows 10.0.18363 )"
        ],
        "x-ms-blob-public-access": "container",
        "x-ms-client-request-id": "6e585f6c-946b-2949-afaa-06d31be69dfe",
        "x-ms-date": "Wed, 11 Dec 2019 06:20:16 GMT",
        "x-ms-return-client-request-id": "true",
        "x-ms-version": "2019-07-07"
      },
      "RequestBody": null,
      "StatusCode": 201,
      "ResponseHeaders": {
        "Content-Length": "0",
        "Date": "Wed, 11 Dec 2019 06:20:16 GMT",
        "ETag": "\u00220x8D77E02303C69A1\u0022",
        "Last-Modified": "Wed, 11 Dec 2019 06:20:16 GMT",
        "Server": [
          "Windows-Azure-Blob/1.0",
          "Microsoft-HTTPAPI/2.0"
        ],
        "x-ms-client-request-id": "6e585f6c-946b-2949-afaa-06d31be69dfe",
        "x-ms-request-id": "8840fe30-e01e-001e-69eb-af7ee3000000",
        "x-ms-version": "2019-07-07"
      },
      "ResponseBody": []
    },
    {
      "RequestUri": "http://seanstagehierarchical.dfs.core.windows.net/test-filesystem-b31675d3-5087-5390-d77f-5fd74fc5bb2d/test-directory-6829ddfc-061d-4fcc-feb9-1ed1b67519c4?resource=directory",
      "RequestMethod": "PUT",
      "RequestHeaders": {
        "Authorization": "Sanitized",
        "traceparent": "00-c8d5778bc43e4c4694e696db40cc4dbe-7bf5a075d0b1be48-00",
        "User-Agent": [
          "azsdk-net-Storage.Files.DataLake/12.0.0-dev.20191210.1\u002B5758cdf8298d3305c897cb7ba843ddd732c229c1",
          "(.NET Core 4.6.28008.01; Microsoft Windows 10.0.18363 )"
        ],
        "x-ms-client-request-id": "5c1e9b18-2be9-657f-9208-6fb17577733a",
        "x-ms-date": "Wed, 11 Dec 2019 06:20:16 GMT",
        "x-ms-return-client-request-id": "true",
        "x-ms-version": "2019-02-02"
      },
      "RequestBody": null,
      "StatusCode": 201,
      "ResponseHeaders": {
        "Content-Length": "0",
        "Date": "Wed, 11 Dec 2019 06:20:15 GMT",
        "ETag": "\u00220x8D77E02304D1FF4\u0022",
        "Last-Modified": "Wed, 11 Dec 2019 06:20:16 GMT",
        "Server": [
          "Windows-Azure-HDFS/1.0",
          "Microsoft-HTTPAPI/2.0"
        ],
        "x-ms-client-request-id": "5c1e9b18-2be9-657f-9208-6fb17577733a",
        "x-ms-request-id": "39f35843-f01f-003d-0aeb-afe420000000",
        "x-ms-version": "2019-02-02"
      },
      "ResponseBody": []
    },
    {
      "RequestUri": "http://seanstagehierarchical.dfs.core.windows.net/test-filesystem-b31675d3-5087-5390-d77f-5fd74fc5bb2d/test-directory-6829ddfc-061d-4fcc-feb9-1ed1b67519c4/test-directory-5ae74291-ad7c-ae91-1bbf-1de92de2d25a?resource=directory",
      "RequestMethod": "PUT",
      "RequestHeaders": {
        "Authorization": "Sanitized",
        "User-Agent": [
          "azsdk-net-Storage.Files.DataLake/12.0.0-dev.20191210.1\u002B5758cdf8298d3305c897cb7ba843ddd732c229c1",
          "(.NET Core 4.6.28008.01; Microsoft Windows 10.0.18363 )"
        ],
        "x-ms-cache-control": "control",
        "x-ms-client-request-id": "3a599ec1-e6bc-6b31-0a6f-402a0d9637b0",
        "x-ms-content-disposition": "disposition",
        "x-ms-content-encoding": "encoding",
        "x-ms-content-language": "language",
        "x-ms-content-type": "type",
        "x-ms-date": "Wed, 11 Dec 2019 06:20:16 GMT",
        "x-ms-return-client-request-id": "true",
        "x-ms-version": "2019-02-02"
      },
      "RequestBody": null,
      "StatusCode": 201,
      "ResponseHeaders": {
        "Content-Length": "0",
        "Date": "Wed, 11 Dec 2019 06:20:15 GMT",
        "ETag": "\u00220x8D77E02305B3CEA\u0022",
        "Last-Modified": "Wed, 11 Dec 2019 06:20:16 GMT",
        "Server": [
          "Windows-Azure-HDFS/1.0",
          "Microsoft-HTTPAPI/2.0"
        ],
        "x-ms-client-request-id": "3a599ec1-e6bc-6b31-0a6f-402a0d9637b0",
        "x-ms-request-id": "39f35844-f01f-003d-0beb-afe420000000",
        "x-ms-version": "2019-02-02"
      },
      "ResponseBody": []
    },
    {
      "RequestUri": "http://seanstagehierarchical.blob.core.windows.net/test-filesystem-b31675d3-5087-5390-d77f-5fd74fc5bb2d/test-directory-6829ddfc-061d-4fcc-feb9-1ed1b67519c4/test-directory-5ae74291-ad7c-ae91-1bbf-1de92de2d25a",
      "RequestMethod": "HEAD",
      "RequestHeaders": {
        "Authorization": "Sanitized",
        "User-Agent": [
          "azsdk-net-Storage.Files.DataLake/12.0.0-dev.20191210.1\u002B5758cdf8298d3305c897cb7ba843ddd732c229c1",
          "(.NET Core 4.6.28008.01; Microsoft Windows 10.0.18363 )"
        ],
        "x-ms-client-request-id": "8f274aca-9888-929d-3f4c-10e77cafb2ab",
        "x-ms-date": "Wed, 11 Dec 2019 06:20:16 GMT",
        "x-ms-return-client-request-id": "true",
        "x-ms-version": "2019-07-07"
      },
      "RequestBody": null,
      "StatusCode": 200,
      "ResponseHeaders": {
        "Accept-Ranges": "bytes",
        "Cache-Control": "control",
        "Content-Disposition": "disposition",
        "Content-Encoding": "encoding",
        "Content-Language": "language",
        "Content-Length": "0",
        "Content-Type": "type",
        "Date": "Wed, 11 Dec 2019 06:20:16 GMT",
        "ETag": "\u00220x8D77E02305B3CEA\u0022",
        "Last-Modified": "Wed, 11 Dec 2019 06:20:16 GMT",
        "Server": [
          "Windows-Azure-Blob/1.0",
          "Microsoft-HTTPAPI/2.0"
        ],
        "x-ms-access-tier": "Hot",
        "x-ms-access-tier-inferred": "true",
        "x-ms-blob-type": "BlockBlob",
        "x-ms-client-request-id": "8f274aca-9888-929d-3f4c-10e77cafb2ab",
        "x-ms-creation-time": "Wed, 11 Dec 2019 06:20:16 GMT",
        "x-ms-lease-state": "available",
        "x-ms-lease-status": "unlocked",
        "x-ms-meta-hdi_isfolder": "true",
        "x-ms-request-id": "8840fe32-e01e-001e-6aeb-af7ee3000000",
        "x-ms-server-encrypted": "true",
        "x-ms-version": "2019-07-07"
      },
      "ResponseBody": []
    },
    {
      "RequestUri": "http://seanstagehierarchical.blob.core.windows.net/test-filesystem-b31675d3-5087-5390-d77f-5fd74fc5bb2d?restype=container",
      "RequestMethod": "DELETE",
      "RequestHeaders": {
        "Authorization": "Sanitized",
        "traceparent": "00-fbb8e9507bb01b4ea8514b9b1b33e4f7-f953ac067847fd4d-00",
        "User-Agent": [
          "azsdk-net-Storage.Files.DataLake/12.0.0-dev.20191210.1\u002B5758cdf8298d3305c897cb7ba843ddd732c229c1",
          "(.NET Core 4.6.28008.01; Microsoft Windows 10.0.18363 )"
        ],
        "x-ms-client-request-id": "c360349d-a86e-9d27-77a6-c37248fb57b8",
        "x-ms-date": "Wed, 11 Dec 2019 06:20:16 GMT",
        "x-ms-return-client-request-id": "true",
        "x-ms-version": "2019-07-07"
      },
      "RequestBody": null,
      "StatusCode": 202,
      "ResponseHeaders": {
        "Content-Length": "0",
        "Date": "Wed, 11 Dec 2019 06:20:16 GMT",
        "Server": [
          "Windows-Azure-Blob/1.0",
          "Microsoft-HTTPAPI/2.0"
        ],
        "x-ms-client-request-id": "c360349d-a86e-9d27-77a6-c37248fb57b8",
        "x-ms-request-id": "8840fe33-e01e-001e-6beb-af7ee3000000",
        "x-ms-version": "2019-07-07"
      },
      "ResponseBody": []
    }
  ],
  "Variables": {
    "RandomSeed": "775171252",
    "Storage_TestConfigHierarchicalNamespace": "NamespaceTenant\nseanstagehierarchical\nU2FuaXRpemVk\nhttp://seanstagehierarchical.blob.core.windows.net\nhttp://seanstagehierarchical.file.core.windows.net\nhttp://seanstagehierarchical.queue.core.windows.net\nhttp://seanstagehierarchical.table.core.windows.net\n\n\n\n\nhttp://seanstagehierarchical-secondary.blob.core.windows.net\nhttp://seanstagehierarchical-secondary.file.core.windows.net\nhttp://seanstagehierarchical-secondary.queue.core.windows.net\nhttp://seanstagehierarchical-secondary.table.core.windows.net\n68390a19-a643-458b-b726-408abf67b4fc\nSanitized\n72f988bf-86f1-41af-91ab-2d7cd011db47\nhttps://login.microsoftonline.com/\nCloud\nBlobEndpoint=http://seanstagehierarchical.blob.core.windows.net/;QueueEndpoint=http://seanstagehierarchical.queue.core.windows.net/;FileEndpoint=http://seanstagehierarchical.file.core.windows.net/;BlobSecondaryEndpoint=http://seanstagehierarchical-secondary.blob.core.windows.net/;QueueSecondaryEndpoint=http://seanstagehierarchical-secondary.queue.core.windows.net/;FileSecondaryEndpoint=http://seanstagehierarchical-secondary.file.core.windows.net/;AccountName=seanstagehierarchical;AccountKey=Sanitized\n"
  }
}