{
  "Entries": [
    {
      "RequestUri": "https://seannse.blob.core.windows.net/test-filesystem-3c1d887b-63a2-dea0-e3fc-c4d9aa19c7cf?restype=container",
      "RequestMethod": "PUT",
      "RequestHeaders": {
        "Accept": "application/xml",
        "Authorization": "Sanitized",
        "traceparent": "00-779fabd7ff502349a2db30611ae93f5f-3a1b9abdff3b8b41-00",
        "User-Agent": [
          "azsdk-net-Storage.Files.DataLake/12.7.0-alpha.20210217.1",
          "(.NET 5.0.3; Microsoft Windows 10.0.19042)"
        ],
        "x-ms-blob-public-access": "container",
        "x-ms-client-request-id": "e9feff7b-deb5-d6dc-8b8e-b2ee0d5e171a",
        "x-ms-date": "Wed, 17 Feb 2021 22:38:53 GMT",
        "x-ms-return-client-request-id": "true",
        "x-ms-version": "2020-06-12"
      },
      "RequestBody": null,
      "StatusCode": 201,
      "ResponseHeaders": {
        "Content-Length": "0",
        "Date": "Wed, 17 Feb 2021 22:38:52 GMT",
        "ETag": "\u00220x8D8D394CDE6C409\u0022",
        "Last-Modified": "Wed, 17 Feb 2021 22:38:53 GMT",
        "Server": [
          "Windows-Azure-Blob/1.0",
          "Microsoft-HTTPAPI/2.0"
        ],
        "x-ms-client-request-id": "e9feff7b-deb5-d6dc-8b8e-b2ee0d5e171a",
        "x-ms-request-id": "dedf1ec5-101e-0029-127d-05412b000000",
        "x-ms-version": "2020-06-12"
      },
      "ResponseBody": []
    },
    {
      "RequestUri": "https://seannse.dfs.core.windows.net/test-filesystem-3c1d887b-63a2-dea0-e3fc-c4d9aa19c7cf/test-directory-6184cb9a-a5c6-8efd-89b4-5641c7c8b61d?resource=directory",
      "RequestMethod": "PUT",
      "RequestHeaders": {
        "Authorization": "Sanitized",
        "traceparent": "00-942ddc5b3f03cb478ae2d89bf3cc0950-d332025726280642-00",
        "User-Agent": [
          "azsdk-net-Storage.Files.DataLake/12.7.0-alpha.20210217.1",
          "(.NET 5.0.3; Microsoft Windows 10.0.19042)"
        ],
        "x-ms-client-request-id": "c8c6f33c-cdca-6068-0ca4-a3f2fa25c4d5",
        "x-ms-date": "Wed, 17 Feb 2021 22:38:53 GMT",
        "x-ms-return-client-request-id": "true",
        "x-ms-version": "2020-06-12"
      },
      "RequestBody": null,
      "StatusCode": 201,
      "ResponseHeaders": {
        "Content-Length": "0",
        "Date": "Wed, 17 Feb 2021 22:38:53 GMT",
        "ETag": "\u00220x8D8D394CE1C48A7\u0022",
        "Last-Modified": "Wed, 17 Feb 2021 22:38:53 GMT",
        "Server": [
          "Windows-Azure-HDFS/1.0",
          "Microsoft-HTTPAPI/2.0"
        ],
        "x-ms-client-request-id": "c8c6f33c-cdca-6068-0ca4-a3f2fa25c4d5",
        "x-ms-request-id": "4ccc1460-a01f-0061-3e7d-055c1c000000",
        "x-ms-version": "2020-06-12"
      },
      "ResponseBody": []
    },
    {
      "RequestUri": "https://seannse.blob.core.windows.net/test-filesystem-3c1d887b-63a2-dea0-e3fc-c4d9aa19c7cf/test-directory-6184cb9a-a5c6-8efd-89b4-5641c7c8b61d?sv=2020-06-12\u0026se=2021-02-18T22%3A38%3A54Z\u0026sr=d\u0026sp=racwdlmeop\u0026sdd=1\u0026sig=Sanitized",
      "RequestMethod": "HEAD",
      "RequestHeaders": {
        "Accept": "application/xml",
        "traceparent": "00-f8e10e915a70804da5e842280e8f1c54-add786c4bf780f49-00",
        "User-Agent": [
          "azsdk-net-Storage.Files.DataLake/12.7.0-alpha.20210217.1",
          "(.NET 5.0.3; Microsoft Windows 10.0.19042)"
        ],
        "x-ms-client-request-id": "19b22f9c-4f97-784f-3f39-b4faf55af291",
        "x-ms-return-client-request-id": "true",
        "x-ms-version": "2020-06-12"
      },
      "RequestBody": null,
      "StatusCode": 200,
      "ResponseHeaders": {
        "Accept-Ranges": "bytes",
        "Content-Length": "0",
        "Content-Type": "application/octet-stream",
        "Date": "Wed, 17 Feb 2021 22:38:54 GMT",
        "ETag": "\u00220x8D8D394CE1C48A7\u0022",
        "Last-Modified": "Wed, 17 Feb 2021 22:38:53 GMT",
        "Server": [
          "Windows-Azure-Blob/1.0",
          "Microsoft-HTTPAPI/2.0"
        ],
        "x-ms-access-tier": "Hot",
        "x-ms-access-tier-inferred": "true",
        "x-ms-blob-type": "BlockBlob",
        "x-ms-client-request-id": "19b22f9c-4f97-784f-3f39-b4faf55af291",
        "x-ms-creation-time": "Wed, 17 Feb 2021 22:38:53 GMT",
        "x-ms-group": "$superuser",
        "x-ms-lease-state": "available",
        "x-ms-lease-status": "unlocked",
        "x-ms-meta-hdi_isfolder": "true",
        "x-ms-owner": "$superuser",
        "x-ms-permissions": "rwxr-x---",
        "x-ms-request-id": "f525530f-c01e-0077-317d-05aacb000000",
        "x-ms-server-encrypted": "true",
        "x-ms-version": "2020-06-12"
      },
      "ResponseBody": []
    },
    {
      "RequestUri": "https://seannse.dfs.core.windows.net/test-filesystem-3c1d887b-63a2-dea0-e3fc-c4d9aa19c7cf/test-directory-6184cb9a-a5c6-8efd-89b4-5641c7c8b61d?sv=2020-06-12\u0026se=2021-02-18T22%3A38%3A54Z\u0026sr=d\u0026sp=racwdlmeop\u0026sdd=1\u0026sig=Sanitized\u0026action=getAccessControl",
      "RequestMethod": "HEAD",
      "RequestHeaders": {
        "traceparent": "00-c9e1f20cc46e614cba1ba6b3662835c8-45edac3873157a43-00",
        "User-Agent": [
          "azsdk-net-Storage.Files.DataLake/12.7.0-alpha.20210217.1",
          "(.NET 5.0.3; Microsoft Windows 10.0.19042)"
        ],
        "x-ms-client-request-id": "cb550351-aa73-a13d-b753-b53101c9ec56",
        "x-ms-return-client-request-id": "true",
        "x-ms-version": "2020-06-12"
      },
      "RequestBody": null,
      "StatusCode": 200,
      "ResponseHeaders": {
        "Date": "Wed, 17 Feb 2021 22:38:54 GMT",
        "ETag": "\u00220x8D8D394CE1C48A7\u0022",
        "Last-Modified": "Wed, 17 Feb 2021 22:38:53 GMT",
        "Server": [
          "Windows-Azure-HDFS/1.0",
          "Microsoft-HTTPAPI/2.0"
        ],
        "x-ms-acl": "user::rwx,group::r-x,other::---",
        "x-ms-client-request-id": "cb550351-aa73-a13d-b753-b53101c9ec56",
        "x-ms-group": "$superuser",
        "x-ms-owner": "$superuser",
        "x-ms-permissions": "rwxr-x---",
        "x-ms-request-id": "ff8d4d84-901f-0018-7e7d-05a038000000",
        "x-ms-version": "2020-06-12"
      },
      "ResponseBody": []
    },
    {
      "RequestUri": "https://seannse.blob.core.windows.net/test-filesystem-3c1d887b-63a2-dea0-e3fc-c4d9aa19c7cf?restype=container",
      "RequestMethod": "DELETE",
      "RequestHeaders": {
        "Accept": "application/xml",
        "Authorization": "Sanitized",
        "traceparent": "00-4390e95db5e7c841a2de656f895fc2d6-fceffeb44a64184d-00",
        "User-Agent": [
          "azsdk-net-Storage.Files.DataLake/12.7.0-alpha.20210217.1",
          "(.NET 5.0.3; Microsoft Windows 10.0.19042)"
        ],
        "x-ms-client-request-id": "f2a9c589-2605-421d-1a2c-c4cb46e68464",
        "x-ms-date": "Wed, 17 Feb 2021 22:38:54 GMT",
        "x-ms-return-client-request-id": "true",
        "x-ms-version": "2020-06-12"
      },
      "RequestBody": null,
      "StatusCode": 202,
      "ResponseHeaders": {
        "Content-Length": "0",
        "Date": "Wed, 17 Feb 2021 22:38:53 GMT",
        "Server": [
          "Windows-Azure-Blob/1.0",
          "Microsoft-HTTPAPI/2.0"
        ],
        "x-ms-client-request-id": "f2a9c589-2605-421d-1a2c-c4cb46e68464",
        "x-ms-request-id": "dedf1f22-101e-0029-577d-05412b000000",
        "x-ms-version": "2020-06-12"
      },
      "ResponseBody": []
    }
  ],
  "Variables": {
    "DateTimeOffsetNow": "2021-02-17T16:38:54.1358338-06:00",
    "RandomSeed": "869600864",
    "Storage_TestConfigHierarchicalNamespace": "NamespaceTenant\nseannse\nU2FuaXRpemVk\nhttps://seannse.blob.core.windows.net\nhttps://seannse.file.core.windows.net\nhttps://seannse.queue.core.windows.net\nhttps://seannse.table.core.windows.net\n\n\n\n\nhttps://seannse-secondary.blob.core.windows.net\nhttps://seannse-secondary.file.core.windows.net\nhttps://seannse-secondary.queue.core.windows.net\nhttps://seannse-secondary.table.core.windows.net\n68390a19-a643-458b-b726-408abf67b4fc\nSanitized\n72f988bf-86f1-41af-91ab-2d7cd011db47\nhttps://login.microsoftonline.com/\nCloud\nBlobEndpoint=https://seannse.blob.core.windows.net/;QueueEndpoint=https://seannse.queue.core.windows.net/;FileEndpoint=https://seannse.file.core.windows.net/;BlobSecondaryEndpoint=https://seannse-secondary.blob.core.windows.net/;QueueSecondaryEndpoint=https://seannse-secondary.queue.core.windows.net/;FileSecondaryEndpoint=https://seannse-secondary.file.core.windows.net/;AccountName=seannse;AccountKey=Sanitized\n"
  }
}