{
  "Entries": [
    {
      "RequestUri": "https://seannsecanary.blob.core.windows.net/test-filesystem-109a87b1-9218-e1be-e55f-c4e07273f73a?restype=container",
      "RequestMethod": "PUT",
      "RequestHeaders": {
        "Authorization": "Sanitized",
        "traceparent": "00-4e40693e42ee3e4391193b564ced9ae5-40176eacd359a742-00",
        "User-Agent": [
          "azsdk-net-Storage.Files.DataLake/12.6.0-alpha.20201214.1",
          "(.NET 5.0.1-servicing.20575.16; Microsoft Windows 10.0.19042)"
        ],
        "x-ms-blob-public-access": "container",
        "x-ms-client-request-id": "5c5cc3dd-1fc5-f44a-8626-f4a2896ef4b2",
        "x-ms-date": "Mon, 14 Dec 2020 21:47:08 GMT",
        "x-ms-return-client-request-id": "true",
        "x-ms-version": "2020-04-08"
      },
      "RequestBody": null,
      "StatusCode": 201,
      "ResponseHeaders": {
        "Content-Length": "0",
        "Date": "Mon, 14 Dec 2020 21:47:09 GMT",
        "ETag": "\u00220x8D8A079CF364B11\u0022",
        "Last-Modified": "Mon, 14 Dec 2020 21:47:10 GMT",
        "Server": [
          "Windows-Azure-Blob/1.0",
          "Microsoft-HTTPAPI/2.0"
        ],
        "x-ms-client-request-id": "5c5cc3dd-1fc5-f44a-8626-f4a2896ef4b2",
        "x-ms-request-id": "5d4888c2-301e-006f-2762-d24753000000",
        "x-ms-version": "2020-04-08"
      },
      "ResponseBody": []
    },
    {
      "RequestUri": "https://seannsecanary.dfs.core.windows.net/test-filesystem-109a87b1-9218-e1be-e55f-c4e07273f73a/test-directory-df1f0c92-bcfb-7301-1c76-094fec334f98?resource=directory",
      "RequestMethod": "PUT",
      "RequestHeaders": {
        "Authorization": "Sanitized",
        "traceparent": "00-d1ff49b199af40499046c4ece80dfd1a-a8cdfdea4e838540-00",
        "User-Agent": [
          "azsdk-net-Storage.Files.DataLake/12.6.0-alpha.20201214.1",
          "(.NET 5.0.1-servicing.20575.16; Microsoft Windows 10.0.19042)"
        ],
        "x-ms-client-request-id": "28712f4d-f3d6-20d3-4aa2-2d676dbaa601",
        "x-ms-date": "Mon, 14 Dec 2020 21:47:08 GMT",
        "x-ms-return-client-request-id": "true",
        "x-ms-version": "2020-04-08"
      },
      "RequestBody": null,
      "StatusCode": 201,
      "ResponseHeaders": {
        "Content-Length": "0",
        "Date": "Mon, 14 Dec 2020 21:47:10 GMT",
        "ETag": "\u00220x8D8A079CF65FBA2\u0022",
        "Last-Modified": "Mon, 14 Dec 2020 21:47:10 GMT",
        "Server": [
          "Windows-Azure-HDFS/1.0",
          "Microsoft-HTTPAPI/2.0"
        ],
        "x-ms-client-request-id": "28712f4d-f3d6-20d3-4aa2-2d676dbaa601",
        "x-ms-request-id": "eec46440-501f-000b-7562-d2b6cb000000",
        "x-ms-version": "2020-04-08"
      },
      "ResponseBody": []
    },
    {
      "RequestUri": "https://seannsecanary.blob.core.windows.net/test-filesystem-109a87b1-9218-e1be-e55f-c4e07273f73a/test-directory-df1f0c92-bcfb-7301-1c76-094fec334f98?sv=2020-04-08\u0026se=2020-12-15T21%3A47%3A08Z\u0026sr=d\u0026sp=racwdlmeop\u0026sdd=1\u0026sig=Sanitized",
      "RequestMethod": "HEAD",
      "RequestHeaders": {
        "traceparent": "00-d1a2f18b8d2f8942881d087ec139bdb8-1c1399c2b201be4f-00",
        "User-Agent": [
          "azsdk-net-Storage.Files.DataLake/12.6.0-alpha.20201214.1",
          "(.NET 5.0.1-servicing.20575.16; Microsoft Windows 10.0.19042)"
        ],
        "x-ms-client-request-id": "5a555b3c-ccfd-1cdb-5880-93391645c3f5",
        "x-ms-return-client-request-id": "true",
        "x-ms-version": "2020-04-08"
      },
      "RequestBody": null,
      "StatusCode": 200,
      "ResponseHeaders": {
        "Accept-Ranges": "bytes",
        "Content-Length": "0",
        "Content-Type": "application/octet-stream",
        "Date": "Mon, 14 Dec 2020 21:47:10 GMT",
        "ETag": "\u00220x8D8A079CF65FBA2\u0022",
        "Last-Modified": "Mon, 14 Dec 2020 21:47:10 GMT",
        "Server": [
          "Windows-Azure-Blob/1.0",
          "Microsoft-HTTPAPI/2.0"
        ],
        "x-ms-access-tier": "Hot",
        "x-ms-access-tier-inferred": "true",
        "x-ms-blob-type": "BlockBlob",
        "x-ms-client-request-id": "5a555b3c-ccfd-1cdb-5880-93391645c3f5",
        "x-ms-creation-time": "Mon, 14 Dec 2020 21:47:10 GMT",
        "x-ms-lease-state": "available",
        "x-ms-lease-status": "unlocked",
        "x-ms-meta-hdi_isfolder": "true",
        "x-ms-request-id": "276ed564-f01e-0070-7f62-d2f457000000",
        "x-ms-server-encrypted": "true",
        "x-ms-version": "2020-04-08"
      },
      "ResponseBody": []
    },
    {
      "RequestUri": "https://seannsecanary.dfs.core.windows.net/test-filesystem-109a87b1-9218-e1be-e55f-c4e07273f73a/test-directory-df1f0c92-bcfb-7301-1c76-094fec334f98?sv=2020-04-08\u0026se=2020-12-15T21%3A47%3A08Z\u0026sr=d\u0026sp=racwdlmeop\u0026sdd=1\u0026sig=Sanitized\u0026action=getAccessControl",
      "RequestMethod": "HEAD",
      "RequestHeaders": {
        "traceparent": "00-f9aa44736ca92c4cb8681cbeac83c72a-d93840108d242941-00",
        "User-Agent": [
          "azsdk-net-Storage.Files.DataLake/12.6.0-alpha.20201214.1",
          "(.NET 5.0.1-servicing.20575.16; Microsoft Windows 10.0.19042)"
        ],
        "x-ms-client-request-id": "112b3b27-4c65-4804-b441-0361b7c582d2",
        "x-ms-return-client-request-id": "true",
        "x-ms-version": "2020-04-08"
      },
      "RequestBody": null,
      "StatusCode": 200,
      "ResponseHeaders": {
        "Date": "Mon, 14 Dec 2020 21:47:10 GMT",
        "ETag": "\u00220x8D8A079CF65FBA2\u0022",
        "Last-Modified": "Mon, 14 Dec 2020 21:47:10 GMT",
        "Server": [
          "Windows-Azure-HDFS/1.0",
          "Microsoft-HTTPAPI/2.0"
        ],
        "x-ms-acl": "user::rwx,group::r-x,other::---",
        "x-ms-client-request-id": "112b3b27-4c65-4804-b441-0361b7c582d2",
        "x-ms-group": "$superuser",
        "x-ms-owner": "$superuser",
        "x-ms-permissions": "rwxr-x---",
        "x-ms-request-id": "d311a3ca-701f-008a-5062-d21611000000",
        "x-ms-version": "2020-04-08"
      },
      "ResponseBody": []
    },
    {
      "RequestUri": "https://seannsecanary.blob.core.windows.net/test-filesystem-109a87b1-9218-e1be-e55f-c4e07273f73a?restype=container",
      "RequestMethod": "DELETE",
      "RequestHeaders": {
        "Authorization": "Sanitized",
        "traceparent": "00-3dc1df8f03e59641bd75a1bcc5c23a64-7d3bddbecb44ed45-00",
        "User-Agent": [
          "azsdk-net-Storage.Files.DataLake/12.6.0-alpha.20201214.1",
          "(.NET 5.0.1-servicing.20575.16; Microsoft Windows 10.0.19042)"
        ],
        "x-ms-client-request-id": "db11a211-b11a-fb8f-6894-34f48a55496b",
        "x-ms-date": "Mon, 14 Dec 2020 21:47:09 GMT",
        "x-ms-return-client-request-id": "true",
        "x-ms-version": "2020-04-08"
      },
      "RequestBody": null,
      "StatusCode": 202,
      "ResponseHeaders": {
        "Content-Length": "0",
        "Date": "Mon, 14 Dec 2020 21:47:10 GMT",
        "Server": [
          "Windows-Azure-Blob/1.0",
          "Microsoft-HTTPAPI/2.0"
        ],
        "x-ms-client-request-id": "db11a211-b11a-fb8f-6894-34f48a55496b",
        "x-ms-request-id": "276ed57c-f01e-0070-0f62-d2f457000000",
        "x-ms-version": "2020-04-08"
      },
      "ResponseBody": []
    }
  ],
  "Variables": {
    "DateTimeOffsetNow": "2020-12-14T15:47:08.8459938-06:00",
    "RandomSeed": "1151056733",
    "Storage_TestConfigHierarchicalNamespace": "NamespaceTenant\nseannsecanary\nU2FuaXRpemVk\nhttps://seannsecanary.blob.core.windows.net\nhttps://seannsecanary.file.core.windows.net\nhttps://seannsecanary.queue.core.windows.net\nhttps://seannsecanary.table.core.windows.net\n\n\n\n\nhttps://seannsecanary-secondary.blob.core.windows.net\nhttps://seannsecanary-secondary.file.core.windows.net\nhttps://seannsecanary-secondary.queue.core.windows.net\nhttps://seannsecanary-secondary.table.core.windows.net\n68390a19-a643-458b-b726-408abf67b4fc\nSanitized\n72f988bf-86f1-41af-91ab-2d7cd011db47\nhttps://login.microsoftonline.com/\nCloud\nBlobEndpoint=https://seannsecanary.blob.core.windows.net/;QueueEndpoint=https://seannsecanary.queue.core.windows.net/;FileEndpoint=https://seannsecanary.file.core.windows.net/;BlobSecondaryEndpoint=https://seannsecanary-secondary.blob.core.windows.net/;QueueSecondaryEndpoint=https://seannsecanary-secondary.queue.core.windows.net/;FileSecondaryEndpoint=https://seannsecanary-secondary.file.core.windows.net/;AccountName=seannsecanary;AccountKey=Sanitized\n"
  }
}