{
  "Entries": [
    {
      "RequestUri": "http://seannse.blob.core.windows.net/test-filesystem-5b8b5b80-7f4e-321d-0fe2-7135aae09189?restype=container",
      "RequestMethod": "PUT",
      "RequestHeaders": {
        "Authorization": "Sanitized",
        "traceparent": "00-93a5ff6fa34c764db554c23aa9c25beb-049843b3bc710f49-00",
        "User-Agent": [
          "azsdk-net-Storage.Files.DataLake/12.0.0-dev.20200214.1",
          "(.NET Core 4.6.28325.01; Microsoft Windows 10.0.18363 )"
        ],
        "x-ms-blob-public-access": "container",
        "x-ms-client-request-id": "b906532c-cd42-dac3-8dc4-78a739224518",
        "x-ms-date": "Fri, 14 Feb 2020 23:00:56 GMT",
        "x-ms-return-client-request-id": "true",
        "x-ms-version": "2019-07-07"
      },
      "RequestBody": null,
      "StatusCode": 201,
      "ResponseHeaders": {
        "Content-Length": "0",
        "Date": "Fri, 14 Feb 2020 23:00:55 GMT",
        "ETag": "\u00220x8D7B1A1C016B346\u0022",
        "Last-Modified": "Fri, 14 Feb 2020 23:00:56 GMT",
        "Server": [
          "Windows-Azure-Blob/1.0",
          "Microsoft-HTTPAPI/2.0"
        ],
        "x-ms-client-request-id": "b906532c-cd42-dac3-8dc4-78a739224518",
        "x-ms-request-id": "711cae45-901e-008e-4f8a-e3a9e9000000",
        "x-ms-version": "2019-07-07"
      },
      "ResponseBody": []
    },
    {
      "RequestUri": "http://seannse.dfs.core.windows.net/test-filesystem-5b8b5b80-7f4e-321d-0fe2-7135aae09189/test-directory-45b42a63-11d5-f0a0-4d12-dd3b9ea04b28?resource=directory",
      "RequestMethod": "PUT",
      "RequestHeaders": {
        "Authorization": "Sanitized",
        "traceparent": "00-25057d5758916448a72bc816eaa943bc-6870262ba9e6824a-00",
        "User-Agent": [
          "azsdk-net-Storage.Files.DataLake/12.0.0-dev.20200214.1",
          "(.NET Core 4.6.28325.01; Microsoft Windows 10.0.18363 )"
        ],
        "x-ms-client-request-id": "bc19c8cd-4632-1bbc-b315-6b2ff0883cec",
        "x-ms-date": "Fri, 14 Feb 2020 23:00:56 GMT",
        "x-ms-return-client-request-id": "true",
        "x-ms-version": "2019-07-07"
      },
      "RequestBody": null,
      "StatusCode": 201,
      "ResponseHeaders": {
        "Content-Length": "0",
        "Date": "Fri, 14 Feb 2020 23:00:55 GMT",
        "ETag": "\u00220x8D7B1A1C034E090\u0022",
        "Last-Modified": "Fri, 14 Feb 2020 23:00:56 GMT",
        "Server": [
          "Windows-Azure-HDFS/1.0",
          "Microsoft-HTTPAPI/2.0"
        ],
        "x-ms-client-request-id": "bc19c8cd-4632-1bbc-b315-6b2ff0883cec",
        "x-ms-request-id": "c748f297-901f-0008-5b8a-e36550000000",
        "x-ms-version": "2019-07-07"
      },
      "ResponseBody": []
    },
    {
      "RequestUri": "http://seannse.dfs.core.windows.net/test-filesystem-5b8b5b80-7f4e-321d-0fe2-7135aae09189/test-directory-45b42a63-11d5-f0a0-4d12-dd3b9ea04b28?recursive=true",
      "RequestMethod": "DELETE",
      "RequestHeaders": {
        "Authorization": "Sanitized",
        "traceparent": "00-e82c434a7eb98c498d6a0ea2a597e884-b0f6055bf1205747-00",
        "User-Agent": [
          "azsdk-net-Storage.Files.DataLake/12.0.0-dev.20200214.1",
          "(.NET Core 4.6.28325.01; Microsoft Windows 10.0.18363 )"
        ],
        "x-ms-client-request-id": "d66d83d4-8e86-0ff6-23ed-a3c56c18b8b3",
        "x-ms-date": "Fri, 14 Feb 2020 23:00:56 GMT",
        "x-ms-return-client-request-id": "true",
        "x-ms-version": "2019-07-07"
      },
      "RequestBody": null,
      "StatusCode": 200,
      "ResponseHeaders": {
        "Content-Length": "0",
        "Date": "Fri, 14 Feb 2020 23:00:55 GMT",
        "Server": [
          "Windows-Azure-HDFS/1.0",
          "Microsoft-HTTPAPI/2.0"
        ],
        "x-ms-client-request-id": "d66d83d4-8e86-0ff6-23ed-a3c56c18b8b3",
        "x-ms-request-id": "c748f29c-901f-0008-608a-e36550000000",
        "x-ms-version": "2019-07-07"
      },
      "ResponseBody": []
    },
    {
      "RequestUri": "http://seannse.blob.core.windows.net/test-filesystem-5b8b5b80-7f4e-321d-0fe2-7135aae09189?restype=container",
      "RequestMethod": "DELETE",
      "RequestHeaders": {
        "Authorization": "Sanitized",
        "traceparent": "00-a1ea9d55a8a25e4fb1c39866f8bbe1d0-f50a4e5a05258245-00",
        "User-Agent": [
          "azsdk-net-Storage.Files.DataLake/12.0.0-dev.20200214.1",
          "(.NET Core 4.6.28325.01; Microsoft Windows 10.0.18363 )"
        ],
        "x-ms-client-request-id": "6c5b843d-651b-eb66-5841-362b4b781ecb",
        "x-ms-date": "Fri, 14 Feb 2020 23:00:56 GMT",
        "x-ms-return-client-request-id": "true",
        "x-ms-version": "2019-07-07"
      },
      "RequestBody": null,
      "StatusCode": 202,
      "ResponseHeaders": {
        "Content-Length": "0",
        "Date": "Fri, 14 Feb 2020 23:00:56 GMT",
        "Server": [
          "Windows-Azure-Blob/1.0",
          "Microsoft-HTTPAPI/2.0"
        ],
        "x-ms-client-request-id": "6c5b843d-651b-eb66-5841-362b4b781ecb",
        "x-ms-request-id": "711caed2-901e-008e-288a-e3a9e9000000",
        "x-ms-version": "2019-07-07"
      },
      "ResponseBody": []
    }
  ],
  "Variables": {
    "RandomSeed": "1122247108",
    "Storage_TestConfigHierarchicalNamespace": "NamespaceTenant\nseannse\nU2FuaXRpemVk\nhttp://seannse.blob.core.windows.net\nhttp://seannse.file.core.windows.net\nhttp://seannse.queue.core.windows.net\nhttp://seannse.table.core.windows.net\n\n\n\n\nhttp://seannse-secondary.blob.core.windows.net\nhttp://seannse-secondary.file.core.windows.net\nhttp://seannse-secondary.queue.core.windows.net\nhttp://seannse-secondary.table.core.windows.net\n68390a19-a643-458b-b726-408abf67b4fc\nSanitized\n72f988bf-86f1-41af-91ab-2d7cd011db47\nhttps://login.microsoftonline.com/\nCloud\nBlobEndpoint=http://seannse.blob.core.windows.net/;QueueEndpoint=http://seannse.queue.core.windows.net/;FileEndpoint=http://seannse.file.core.windows.net/;BlobSecondaryEndpoint=http://seannse-secondary.blob.core.windows.net/;QueueSecondaryEndpoint=http://seannse-secondary.queue.core.windows.net/;FileSecondaryEndpoint=http://seannse-secondary.file.core.windows.net/;AccountName=seannse;AccountKey=Sanitized\n"
  }
}