{
  "Entries": [
    {
      "RequestUri": "https://seannse.blob.core.windows.net/test-filesystem-56527518-1554-0d14-6e06-9ef1e0635ba8?restype=container",
      "RequestMethod": "PUT",
      "RequestHeaders": {
        "Accept": "application/xml",
        "Authorization": "Sanitized",
        "traceparent": "00-088f6ce90cf3f1449221f03f910cc25c-fd045ace6c2d4845-00",
        "User-Agent": [
          "azsdk-net-Storage.Files.DataLake/12.7.0-alpha.20210219.1",
          "(.NET 5.0.3; Microsoft Windows 10.0.19041)"
        ],
        "x-ms-blob-public-access": "container",
        "x-ms-client-request-id": "661b1c84-f685-3fdc-4c3d-407bd5d5638f",
        "x-ms-date": "Fri, 19 Feb 2021 19:00:00 GMT",
        "x-ms-return-client-request-id": "true",
        "x-ms-version": "2021-04-10"
      },
      "RequestBody": null,
      "StatusCode": 201,
      "ResponseHeaders": {
        "Content-Length": "0",
        "Date": "Fri, 19 Feb 2021 18:59:59 GMT",
        "ETag": "\"0x8D8D5088E57A04A\"",
        "Last-Modified": "Fri, 19 Feb 2021 18:59:59 GMT",
        "Server": [
          "Windows-Azure-Blob/1.0",
          "Microsoft-HTTPAPI/2.0"
        ],
        "x-ms-client-request-id": "661b1c84-f685-3fdc-4c3d-407bd5d5638f",
        "x-ms-request-id": "cb116cad-b01e-006d-3df1-06cb14000000",
        "x-ms-version": "2021-04-10"
      },
      "ResponseBody": []
    },
    {
      "RequestUri": "https://seannse.dfs.core.windows.net/test-filesystem-56527518-1554-0d14-6e06-9ef1e0635ba8/test-directory-beda6449-d28d-79a8-1262-f5736dd9fb2e?resource=directory",
      "RequestMethod": "PUT",
      "RequestHeaders": {
        "Accept": "application/json",
        "Authorization": "Sanitized",
        "If-None-Match": "*",
        "traceparent": "00-d82f75042ef19746a99a519ff9c053fc-797b31be1d9e7e43-00",
        "User-Agent": [
          "azsdk-net-Storage.Files.DataLake/12.7.0-alpha.20210219.1",
          "(.NET 5.0.3; Microsoft Windows 10.0.19041)"
        ],
        "x-ms-client-request-id": "acf1187d-7465-b212-74a2-54220069d172",
        "x-ms-date": "Fri, 19 Feb 2021 19:00:00 GMT",
        "x-ms-return-client-request-id": "true",
        "x-ms-version": "2021-04-10"
      },
      "RequestBody": null,
      "StatusCode": 201,
      "ResponseHeaders": {
        "Content-Length": "0",
        "Date": "Fri, 19 Feb 2021 18:59:59 GMT",
        "ETag": "\"0x8D8D5088E69027B\"",
        "Last-Modified": "Fri, 19 Feb 2021 18:59:59 GMT",
        "Server": [
          "Windows-Azure-HDFS/1.0",
          "Microsoft-HTTPAPI/2.0"
        ],
        "x-ms-client-request-id": "acf1187d-7465-b212-74a2-54220069d172",
        "x-ms-request-id": "da837b43-a01f-0061-71f1-065c1c000000",
        "x-ms-version": "2021-04-10"
      },
      "ResponseBody": []
    },
    {
      "RequestUri": "https://seannse.dfs.core.windows.net/test-filesystem-56527518-1554-0d14-6e06-9ef1e0635ba8/test-directory-beda6449-d28d-79a8-1262-f5736dd9fb2e?recursive=true",
      "RequestMethod": "DELETE",
      "RequestHeaders": {
        "Accept": "application/json",
        "Authorization": "Sanitized",
        "traceparent": "00-09d6f3ad664f784dbe5a37d6b9b65d96-912537a95db76c4a-00",
        "User-Agent": [
          "azsdk-net-Storage.Files.DataLake/12.7.0-alpha.20210219.1",
          "(.NET 5.0.3; Microsoft Windows 10.0.19041)"
        ],
        "x-ms-client-request-id": "55f56a48-4ee7-5ec8-ecba-4fa6a1007fa2",
        "x-ms-date": "Fri, 19 Feb 2021 19:00:00 GMT",
        "x-ms-return-client-request-id": "true",
        "x-ms-version": "2021-04-10"
      },
      "RequestBody": null,
      "StatusCode": 200,
      "ResponseHeaders": {
        "Content-Length": "0",
        "Date": "Fri, 19 Feb 2021 18:59:59 GMT",
        "Server": [
          "Windows-Azure-HDFS/1.0",
          "Microsoft-HTTPAPI/2.0"
        ],
        "x-ms-client-request-id": "55f56a48-4ee7-5ec8-ecba-4fa6a1007fa2",
        "x-ms-request-id": "da837b48-a01f-0061-76f1-065c1c000000",
        "x-ms-version": "2021-04-10"
      },
      "ResponseBody": []
    },
    {
      "RequestUri": "https://seannse.blob.core.windows.net/test-filesystem-56527518-1554-0d14-6e06-9ef1e0635ba8?restype=container",
      "RequestMethod": "DELETE",
      "RequestHeaders": {
        "Accept": "application/xml",
        "Authorization": "Sanitized",
        "traceparent": "00-8abc7bbe8f7b7f4593ca7a585b936839-b5758c6c5b9e7443-00",
        "User-Agent": [
          "azsdk-net-Storage.Files.DataLake/12.7.0-alpha.20210219.1",
          "(.NET 5.0.3; Microsoft Windows 10.0.19041)"
        ],
        "x-ms-client-request-id": "96da2a87-7c74-f28a-4a49-eaad519fb240",
        "x-ms-date": "Fri, 19 Feb 2021 19:00:00 GMT",
        "x-ms-return-client-request-id": "true",
        "x-ms-version": "2021-04-10"
      },
      "RequestBody": null,
      "StatusCode": 202,
      "ResponseHeaders": {
        "Content-Length": "0",
        "Date": "Fri, 19 Feb 2021 18:59:59 GMT",
        "Server": [
          "Windows-Azure-Blob/1.0",
          "Microsoft-HTTPAPI/2.0"
        ],
        "x-ms-client-request-id": "96da2a87-7c74-f28a-4a49-eaad519fb240",
        "x-ms-request-id": "cb116d76-b01e-006d-7af1-06cb14000000",
        "x-ms-version": "2021-04-10"
      },
      "ResponseBody": []
    }
  ],
  "Variables": {
    "RandomSeed": "1889949399",
    "Storage_TestConfigHierarchicalNamespace": "NamespaceTenant\nseannse\nU2FuaXRpemVk\nhttps://seannse.blob.core.windows.net\nhttps://seannse.file.core.windows.net\nhttps://seannse.queue.core.windows.net\nhttps://seannse.table.core.windows.net\n\n\n\n\nhttps://seannse-secondary.blob.core.windows.net\nhttps://seannse-secondary.file.core.windows.net\nhttps://seannse-secondary.queue.core.windows.net\nhttps://seannse-secondary.table.core.windows.net\n68390a19-a643-458b-b726-408abf67b4fc\nSanitized\n72f988bf-86f1-41af-91ab-2d7cd011db47\nhttps://login.microsoftonline.com/\nCloud\nBlobEndpoint=https://seannse.blob.core.windows.net/;QueueEndpoint=https://seannse.queue.core.windows.net/;FileEndpoint=https://seannse.file.core.windows.net/;BlobSecondaryEndpoint=https://seannse-secondary.blob.core.windows.net/;QueueSecondaryEndpoint=https://seannse-secondary.queue.core.windows.net/;FileSecondaryEndpoint=https://seannse-secondary.file.core.windows.net/;AccountName=seannse;AccountKey=Sanitized\n\n\n"
  }
}