{
  "Entries": [
    {
      "RequestUri": "https://storagedotnetdatalake.blob.core.windows.net/test-filesystem-817a265b-ff3f-396e-5588-2450a2e8c089?restype=container",
      "RequestMethod": "PUT",
      "RequestHeaders": {
        "Authorization": "Sanitized",
        "traceparent": "00-2fa0343634ead24abbd09089bc673043-f770413eb58cc24a-00",
        "User-Agent": [
          "azsdk-net-Storage.Files.DataLake/12.0.0-dev.20191202.1\u002B27a1653c299c1f8bf2faf8ee9641c2b2cc747a23",
          "(.NET Core 4.6.28008.01; Microsoft Windows 10.0.18363 )"
        ],
        "x-ms-blob-public-access": "container",
        "x-ms-client-request-id": "e6d3291e-dc86-acad-57d1-92309b9b6473",
        "x-ms-date": "Tue, 03 Dec 2019 03:48:10 GMT",
        "x-ms-return-client-request-id": "true",
        "x-ms-version": "2019-02-02"
      },
      "RequestBody": null,
      "StatusCode": 201,
      "ResponseHeaders": {
        "Content-Length": "0",
        "Date": "Tue, 03 Dec 2019 03:48:11 GMT",
        "ETag": "\u00220x8D777A39E049862\u0022",
        "Last-Modified": "Tue, 03 Dec 2019 03:48:11 GMT",
        "Server": [
          "Windows-Azure-Blob/1.0",
          "Microsoft-HTTPAPI/2.0"
        ],
        "x-ms-client-request-id": "e6d3291e-dc86-acad-57d1-92309b9b6473",
        "x-ms-request-id": "2ac71956-101e-0100-348c-a9c7ea000000",
        "x-ms-version": "2019-02-02"
      },
      "ResponseBody": []
    },
    {
      "RequestUri": "https://storagedotnetdatalake.dfs.core.windows.net/test-filesystem-817a265b-ff3f-396e-5588-2450a2e8c089/test-directory-6696ef0b-af5c-a9cf-ef0f-63d2d5e251dd?resource=directory",
      "RequestMethod": "PUT",
      "RequestHeaders": {
        "Authorization": "Sanitized",
        "traceparent": "00-5354cdae29b25242a38a897b17ef2cae-f7b6afbf6df80b47-00",
        "User-Agent": [
          "azsdk-net-Storage.Files.DataLake/12.0.0-dev.20191202.1\u002B27a1653c299c1f8bf2faf8ee9641c2b2cc747a23",
          "(.NET Core 4.6.28008.01; Microsoft Windows 10.0.18363 )"
        ],
        "x-ms-client-request-id": "acb3d316-6b0e-9657-8d30-ab151c635c23",
        "x-ms-date": "Tue, 03 Dec 2019 03:48:12 GMT",
        "x-ms-return-client-request-id": "true",
        "x-ms-version": "2019-02-02"
      },
      "RequestBody": null,
      "StatusCode": 201,
      "ResponseHeaders": {
        "Content-Length": "0",
        "Date": "Tue, 03 Dec 2019 03:48:12 GMT",
        "ETag": "\u00220x8D777A39F1F02A4\u0022",
        "Last-Modified": "Tue, 03 Dec 2019 03:48:12 GMT",
        "Server": [
          "Windows-Azure-HDFS/1.0",
          "Microsoft-HTTPAPI/2.0"
        ],
        "x-ms-client-request-id": "acb3d316-6b0e-9657-8d30-ab151c635c23",
        "x-ms-request-id": "4400359e-201f-0061-6a8c-a9c560000000",
        "x-ms-version": "2019-02-02"
      },
      "ResponseBody": []
    },
    {
      "RequestUri": "https://storagedotnetdatalake.dfs.core.windows.net/test-filesystem-817a265b-ff3f-396e-5588-2450a2e8c089/test-directory-6696ef0b-af5c-a9cf-ef0f-63d2d5e251dd?sv=2019-02-02\u0026st=2019-12-03T02%3A48%3A13Z\u0026se=2019-12-03T04%3A48%3A13Z\u0026sr=c\u0026sp=racwdl\u0026sig=Sanitized\u0026action=getAccessControl",
      "RequestMethod": "HEAD",
      "RequestHeaders": {
        "traceparent": "00-eac9f9449074e54690c6568d2f11b772-31e7526603bf7846-00",
        "User-Agent": [
          "azsdk-net-Storage.Files.DataLake/12.0.0-dev.20191202.1\u002B27a1653c299c1f8bf2faf8ee9641c2b2cc747a23",
          "(.NET Core 4.6.28008.01; Microsoft Windows 10.0.18363 )"
        ],
        "x-ms-client-request-id": "c81ae20c-b8e8-cb64-ef46-d9da128c40f8",
        "x-ms-return-client-request-id": "true",
        "x-ms-version": "2019-02-02"
      },
      "RequestBody": null,
      "StatusCode": 200,
      "ResponseHeaders": {
        "Date": "Tue, 03 Dec 2019 03:48:13 GMT",
        "ETag": "\u00220x8D777A39F1F02A4\u0022",
        "Last-Modified": "Tue, 03 Dec 2019 03:48:12 GMT",
        "Server": [
          "Windows-Azure-HDFS/1.0",
          "Microsoft-HTTPAPI/2.0"
        ],
        "x-ms-acl": "user::rwx,group::r-x,other::---",
        "x-ms-client-request-id": "c81ae20c-b8e8-cb64-ef46-d9da128c40f8",
        "x-ms-group": "$superuser",
        "x-ms-owner": "$superuser",
        "x-ms-permissions": "rwxr-x---",
        "x-ms-request-id": "440035a0-201f-0061-6b8c-a9c560000000",
        "x-ms-version": "2019-02-02"
      },
      "ResponseBody": []
    },
    {
      "RequestUri": "https://storagedotnetdatalake.blob.core.windows.net/test-filesystem-817a265b-ff3f-396e-5588-2450a2e8c089?restype=container",
      "RequestMethod": "DELETE",
      "RequestHeaders": {
        "Authorization": "Sanitized",
        "traceparent": "00-b90f0470fadd7649a8b6d84a7545daa8-a4a5a39eb2876540-00",
        "User-Agent": [
          "azsdk-net-Storage.Files.DataLake/12.0.0-dev.20191202.1\u002B27a1653c299c1f8bf2faf8ee9641c2b2cc747a23",
          "(.NET Core 4.6.28008.01; Microsoft Windows 10.0.18363 )"
        ],
        "x-ms-client-request-id": "39092ced-9349-033b-6df4-ae1bb7aa4ef9",
        "x-ms-date": "Tue, 03 Dec 2019 03:48:13 GMT",
        "x-ms-return-client-request-id": "true",
        "x-ms-version": "2019-02-02"
      },
      "RequestBody": null,
      "StatusCode": 202,
      "ResponseHeaders": {
        "Content-Length": "0",
        "Date": "Tue, 03 Dec 2019 03:48:13 GMT",
        "Server": [
          "Windows-Azure-Blob/1.0",
          "Microsoft-HTTPAPI/2.0"
        ],
        "x-ms-client-request-id": "39092ced-9349-033b-6df4-ae1bb7aa4ef9",
        "x-ms-request-id": "2ac7217b-101e-0100-658c-a9c7ea000000",
        "x-ms-version": "2019-02-02"
      },
      "ResponseBody": []
    }
  ],
  "Variables": {
    "DateTimeOffsetNow": "2019-12-02T19:48:13.0849261-08:00",
    "RandomSeed": "1863567859",
    "Storage_TestConfigHierarchicalNamespace": "NamespaceTenant\nstoragedotnetdatalake\nU2FuaXRpemVk\nhttps://storagedotnetdatalake.blob.core.windows.net\nhttps://storagedotnetdatalake.file.core.windows.net\nhttps://storagedotnetdatalake.queue.core.windows.net\nhttps://storagedotnetdatalake.table.core.windows.net\n\n\n\n\nhttps://storagedotnetdatalake-secondary.blob.core.windows.net\nhttps://storagedotnetdatalake-secondary.file.core.windows.net\nhttps://storagedotnetdatalake-secondary.queue.core.windows.net\nhttps://storagedotnetdatalake-secondary.table.core.windows.net\n183fee76-3bc8-488e-866f-b6562a249293\nSanitized\n72f988bf-86f1-41af-91ab-2d7cd011db47\nhttps://login.microsoftonline.com/\nCloud\nBlobEndpoint=https://storagedotnetdatalake.blob.core.windows.net/;QueueEndpoint=https://storagedotnetdatalake.queue.core.windows.net/;FileEndpoint=https://storagedotnetdatalake.file.core.windows.net/;BlobSecondaryEndpoint=https://storagedotnetdatalake-secondary.blob.core.windows.net/;QueueSecondaryEndpoint=https://storagedotnetdatalake-secondary.queue.core.windows.net/;FileSecondaryEndpoint=https://storagedotnetdatalake-secondary.file.core.windows.net/;AccountName=storagedotnetdatalake;AccountKey=Sanitized"
  }
}