{
  "Entries": [
    {
      "RequestUri": "https://seanmccdfsca2.blob.core.windows.net/test-filesystem-9d37117d-854b-8bd9-8618-19e556a4a751?restype=container",
      "RequestMethod": "PUT",
      "RequestHeaders": {
        "Authorization": "Sanitized",
        "traceparent": "00-e2ba3920abdfb84297626fd3e00c8123-81f3338f577bd64d-00",
        "User-Agent": [
          "azsdk-net-Storage.Files.DataLake/12.3.0-dev.20200702.1",
          "(.NET Core 4.6.28801.04; Microsoft Windows 10.0.18362 )"
        ],
        "x-ms-blob-public-access": "container",
        "x-ms-client-request-id": "4ab6ad0a-99b4-edb3-5c0f-c8bda0d873a8",
        "x-ms-date": "Thu, 02 Jul 2020 21:06:23 GMT",
        "x-ms-return-client-request-id": "true",
        "x-ms-version": "2020-06-12"
      },
      "RequestBody": null,
      "StatusCode": 201,
      "ResponseHeaders": {
        "Content-Length": "0",
        "Date": "Thu, 02 Jul 2020 21:06:23 GMT",
        "ETag": "\u00220x8D81ECBC739E86F\u0022",
        "Last-Modified": "Thu, 02 Jul 2020 21:06:24 GMT",
        "Server": [
          "Windows-Azure-Blob/1.0",
          "Microsoft-HTTPAPI/2.0"
        ],
        "x-ms-client-request-id": "4ab6ad0a-99b4-edb3-5c0f-c8bda0d873a8",
        "x-ms-request-id": "4dbb62c6-801e-0042-4db4-502802000000",
        "x-ms-version": "2020-06-12"
      },
      "ResponseBody": []
    },
    {
      "RequestUri": "https://seanmccdfsca2.dfs.core.windows.net/test-filesystem-9d37117d-854b-8bd9-8618-19e556a4a751/%2529%253B%255B%255D?resource=directory",
      "RequestMethod": "PUT",
      "RequestHeaders": {
        "Authorization": "Sanitized",
        "traceparent": "00-7900b6992d8c154ca10f0e3d702140f0-af047872b4acfd4e-00",
        "User-Agent": [
          "azsdk-net-Storage.Files.DataLake/12.3.0-dev.20200702.1",
          "(.NET Core 4.6.28801.04; Microsoft Windows 10.0.18362 )"
        ],
        "x-ms-client-request-id": "a8db3193-5ded-689d-1118-bb536ff47979",
        "x-ms-date": "Thu, 02 Jul 2020 21:06:23 GMT",
        "x-ms-return-client-request-id": "true",
        "x-ms-version": "2020-06-12"
      },
      "RequestBody": null,
      "StatusCode": 201,
      "ResponseHeaders": {
        "Content-Length": "0",
        "Date": "Thu, 02 Jul 2020 21:06:24 GMT",
        "ETag": "\u00220x8D81ECBC761C069\u0022",
        "Last-Modified": "Thu, 02 Jul 2020 21:06:24 GMT",
        "Server": [
          "Windows-Azure-HDFS/1.0",
          "Microsoft-HTTPAPI/2.0"
        ],
        "x-ms-client-request-id": "a8db3193-5ded-689d-1118-bb536ff47979",
        "x-ms-request-id": "006b1580-f01f-0015-08b4-508631000000",
        "x-ms-version": "2020-06-12"
      },
      "ResponseBody": []
    },
    {
      "RequestUri": "https://seanmccdfsca2.dfs.core.windows.net/test-filesystem-9d37117d-854b-8bd9-8618-19e556a4a751/%2529%253B%255B%255D/%2524%252C%2523\u00E4\u00C4\u00F6\u00D6\u00FC\u00DC\u00DF%253B?resource=file",
      "RequestMethod": "PUT",
      "RequestHeaders": {
        "Authorization": "Sanitized",
        "traceparent": "00-31cd687a4df7ce41bed40f813a0be3f4-23c82b635d6c5b4e-00",
        "User-Agent": [
          "azsdk-net-Storage.Files.DataLake/12.3.0-dev.20200702.1",
          "(.NET Core 4.6.28801.04; Microsoft Windows 10.0.18362 )"
        ],
        "x-ms-client-request-id": "6e2afde5-cafd-54bb-82be-784700bbd56a",
        "x-ms-date": "Thu, 02 Jul 2020 21:06:24 GMT",
        "x-ms-return-client-request-id": "true",
        "x-ms-version": "2020-06-12"
      },
      "RequestBody": null,
      "StatusCode": 201,
      "ResponseHeaders": {
        "Content-Length": "0",
        "Date": "Thu, 02 Jul 2020 21:06:24 GMT",
        "ETag": "\u00220x8D81ECBC7693947\u0022",
        "Last-Modified": "Thu, 02 Jul 2020 21:06:24 GMT",
        "Server": [
          "Windows-Azure-HDFS/1.0",
          "Microsoft-HTTPAPI/2.0"
        ],
        "x-ms-client-request-id": "6e2afde5-cafd-54bb-82be-784700bbd56a",
        "x-ms-request-id": "006b1581-f01f-0015-09b4-508631000000",
        "x-ms-version": "2020-06-12"
      },
      "ResponseBody": []
    },
    {
      "RequestUri": "https://seanmccdfsca2.dfs.core.windows.net/test-filesystem-9d37117d-854b-8bd9-8618-19e556a4a751?resource=filesystem\u0026recursive=true\u0026upn=false",
      "RequestMethod": "GET",
      "RequestHeaders": {
        "Authorization": "Sanitized",
        "User-Agent": [
          "azsdk-net-Storage.Files.DataLake/12.3.0-dev.20200702.1",
          "(.NET Core 4.6.28801.04; Microsoft Windows 10.0.18362 )"
        ],
        "x-ms-client-request-id": "726e2701-0bca-827b-4b09-bed581414fe1",
        "x-ms-date": "Thu, 02 Jul 2020 21:06:24 GMT",
        "x-ms-return-client-request-id": "true",
        "x-ms-version": "2020-06-12"
      },
      "RequestBody": null,
      "StatusCode": 200,
      "ResponseHeaders": {
        "Content-Type": "application/json; charset=utf-8",
        "Date": "Thu, 02 Jul 2020 21:06:24 GMT",
        "Server": [
          "Windows-Azure-HDFS/1.0",
          "Microsoft-HTTPAPI/2.0"
        ],
        "Transfer-Encoding": "chunked",
        "x-ms-client-request-id": "726e2701-0bca-827b-4b09-bed581414fe1",
        "x-ms-request-id": "006b1583-f01f-0015-0bb4-508631000000",
        "x-ms-version": "2020-06-12"
      },
      "ResponseBody": [
        "{\u0022paths\u0022:[{\u0022contentLength\u0022:\u00220\u0022,\u0022etag\u0022:\u00220x8D81ECBC761C069\u0022,\u0022group\u0022:\u0022$superuser\u0022,\u0022isDirectory\u0022:\u0022true\u0022,\u0022lastModified\u0022:\u0022Thu, 02 Jul 2020 21:06:24 GMT\u0022,\u0022name\u0022:\u0022%29%3B%5B%5D\u0022,\u0022owner\u0022:\u0022$superuser\u0022,\u0022permissions\u0022:\u0022rwxr-x---\u0022},{\u0022contentLength\u0022:\u00220\u0022,\u0022etag\u0022:\u00220x8D81ECBC7693947\u0022,\u0022group\u0022:\u0022$superuser\u0022,\u0022lastModified\u0022:\u0022Thu, 02 Jul 2020 21:06:24 GMT\u0022,\u0022name\u0022:\u0022%29%3B%5B%5D/%24%2C%23\u00E4\u00C4\u00F6\u00D6\u00FC\u00DC\u00DF%3B\u0022,\u0022owner\u0022:\u0022$superuser\u0022,\u0022permissions\u0022:\u0022rw-r-----\u0022}]}\n"
      ]
    },
    {
      "RequestUri": "https://seanmccdfsca2.blob.core.windows.net/test-filesystem-9d37117d-854b-8bd9-8618-19e556a4a751?restype=container",
      "RequestMethod": "DELETE",
      "RequestHeaders": {
        "Authorization": "Sanitized",
        "traceparent": "00-557ed0f5d4442c49b02935ab917142b3-b30ed7a2f7f7094c-00",
        "User-Agent": [
          "azsdk-net-Storage.Files.DataLake/12.3.0-dev.20200702.1",
          "(.NET Core 4.6.28801.04; Microsoft Windows 10.0.18362 )"
        ],
        "x-ms-client-request-id": "d84690a3-624d-999f-56ba-83602b611767",
        "x-ms-date": "Thu, 02 Jul 2020 21:06:24 GMT",
        "x-ms-return-client-request-id": "true",
        "x-ms-version": "2020-06-12"
      },
      "RequestBody": null,
      "StatusCode": 202,
      "ResponseHeaders": {
        "Content-Length": "0",
        "Date": "Thu, 02 Jul 2020 21:06:23 GMT",
        "Server": [
          "Windows-Azure-Blob/1.0",
          "Microsoft-HTTPAPI/2.0"
        ],
        "x-ms-client-request-id": "d84690a3-624d-999f-56ba-83602b611767",
        "x-ms-request-id": "4dbb636e-801e-0042-6bb4-502802000000",
        "x-ms-version": "2020-06-12"
      },
      "ResponseBody": []
    }
  ],
  "Variables": {
    "RandomSeed": "717426521",
    "Storage_TestConfigHierarchicalNamespace": "NamespaceTenant\nseanmccdfsca2\nU2FuaXRpemVk\nhttps://seanmccdfsca2.blob.core.windows.net\nhttps://seanmccdfsca2.file.core.windows.net\nhttps://seanmccdfsca2.queue.core.windows.net\nhttps://seanmccdfsca2.table.core.windows.net\n\n\n\n\nhttps://seanmccdfsca2-secondary.blob.core.windows.net\nhttps://seanmccdfsca2-secondary.file.core.windows.net\nhttps://seanmccdfsca2-secondary.queue.core.windows.net\nhttps://seanmccdfsca2-secondary.table.core.windows.net\n68390a19-a643-458b-b726-408abf67b4fc\nSanitized\n72f988bf-86f1-41af-91ab-2d7cd011db47\nhttps://login.microsoftonline.com/\nCloud\nBlobEndpoint=https://seanmccdfsca2.blob.core.windows.net/;QueueEndpoint=https://seanmccdfsca2.queue.core.windows.net/;FileEndpoint=https://seanmccdfsca2.file.core.windows.net/;BlobSecondaryEndpoint=https://seanmccdfsca2-secondary.blob.core.windows.net/;QueueSecondaryEndpoint=https://seanmccdfsca2-secondary.queue.core.windows.net/;FileSecondaryEndpoint=https://seanmccdfsca2-secondary.file.core.windows.net/;AccountName=seanmccdfsca2;AccountKey=Sanitized\n"
  }
}