{
  "Entries": [
    {
      "RequestUri": "https://seannse.blob.core.windows.net/test-filesystem-11de4b32-22db-4b75-4754-b36909ac4557?restype=container",
      "RequestMethod": "PUT",
      "RequestHeaders": {
        "Accept": "application/xml",
        "Authorization": "Sanitized",
        "traceparent": "00-0881623e540a474f89210c7bb76d9d49-6fa2c31e6cdf074e-00",
        "User-Agent": [
          "azsdk-net-Storage.Files.DataLake/12.7.0-alpha.20210217.1",
          "(.NET 5.0.3; Microsoft Windows 10.0.19042)"
        ],
        "x-ms-blob-public-access": "container",
        "x-ms-client-request-id": "57ae8eee-fe60-5e85-9517-c979713e8759",
        "x-ms-date": "Wed, 17 Feb 2021 22:37:24 GMT",
        "x-ms-return-client-request-id": "true",
        "x-ms-version": "2020-06-12"
      },
      "RequestBody": null,
      "StatusCode": 201,
      "ResponseHeaders": {
        "Content-Length": "0",
        "Date": "Wed, 17 Feb 2021 22:37:23 GMT",
        "ETag": "\u00220x8D8D39498ADFFE7\u0022",
        "Last-Modified": "Wed, 17 Feb 2021 22:37:24 GMT",
        "Server": [
          "Windows-Azure-Blob/1.0",
          "Microsoft-HTTPAPI/2.0"
        ],
        "x-ms-client-request-id": "57ae8eee-fe60-5e85-9517-c979713e8759",
        "x-ms-request-id": "ffca5de1-a01e-0061-507d-055c1c000000",
        "x-ms-version": "2020-06-12"
      },
      "ResponseBody": []
    },
    {
      "RequestUri": "https://seannse.dfs.core.windows.net/test-filesystem-11de4b32-22db-4b75-4754-b36909ac4557/directory?resource=directory",
      "RequestMethod": "PUT",
      "RequestHeaders": {
        "Authorization": "Sanitized",
        "traceparent": "00-0222da381651194881307fed97eb8955-ed6b009dd291f644-00",
        "User-Agent": [
          "azsdk-net-Storage.Files.DataLake/12.7.0-alpha.20210217.1",
          "(.NET 5.0.3; Microsoft Windows 10.0.19042)"
        ],
        "x-ms-client-request-id": "7b7b2a3e-eefd-27f7-a1a3-d4b239f9ed98",
        "x-ms-date": "Wed, 17 Feb 2021 22:37:24 GMT",
        "x-ms-return-client-request-id": "true",
        "x-ms-version": "2020-06-12"
      },
      "RequestBody": null,
      "StatusCode": 201,
      "ResponseHeaders": {
        "Content-Length": "0",
        "Date": "Wed, 17 Feb 2021 22:37:23 GMT",
        "ETag": "\u00220x8D8D39498E51428\u0022",
        "Last-Modified": "Wed, 17 Feb 2021 22:37:24 GMT",
        "Server": [
          "Windows-Azure-HDFS/1.0",
          "Microsoft-HTTPAPI/2.0"
        ],
        "x-ms-client-request-id": "7b7b2a3e-eefd-27f7-a1a3-d4b239f9ed98",
        "x-ms-request-id": "90de3c16-601f-008a-0a7d-0524ee000000",
        "x-ms-version": "2020-06-12"
      },
      "ResponseBody": []
    },
    {
      "RequestUri": "https://seannse.dfs.core.windows.net/test-filesystem-11de4b32-22db-4b75-4754-b36909ac4557/directory/file?resource=file",
      "RequestMethod": "PUT",
      "RequestHeaders": {
        "Authorization": "Sanitized",
        "traceparent": "00-7440c609fe34984bb815df5f72d3b5f5-73364d641b701046-00",
        "User-Agent": [
          "azsdk-net-Storage.Files.DataLake/12.7.0-alpha.20210217.1",
          "(.NET 5.0.3; Microsoft Windows 10.0.19042)"
        ],
        "x-ms-client-request-id": "463a1f87-0bc2-655b-a203-1a5f7607f5de",
        "x-ms-date": "Wed, 17 Feb 2021 22:37:24 GMT",
        "x-ms-return-client-request-id": "true",
        "x-ms-version": "2020-06-12"
      },
      "RequestBody": null,
      "StatusCode": 201,
      "ResponseHeaders": {
        "Content-Length": "0",
        "Date": "Wed, 17 Feb 2021 22:37:23 GMT",
        "ETag": "\u00220x8D8D39498F32DAA\u0022",
        "Last-Modified": "Wed, 17 Feb 2021 22:37:24 GMT",
        "Server": [
          "Windows-Azure-HDFS/1.0",
          "Microsoft-HTTPAPI/2.0"
        ],
        "x-ms-client-request-id": "463a1f87-0bc2-655b-a203-1a5f7607f5de",
        "x-ms-request-id": "90de3c21-601f-008a-157d-0524ee000000",
        "x-ms-version": "2020-06-12"
      },
      "ResponseBody": []
    },
    {
      "RequestUri": "https://seannse.dfs.core.windows.net/test-filesystem-11de4b32-22db-4b75-4754-b36909ac4557?resource=filesystem\u0026recursive=true\u0026upn=false",
      "RequestMethod": "GET",
      "RequestHeaders": {
        "Authorization": "Sanitized",
        "traceparent": "00-98fdadb775761e4fbf165e8105a949d9-260b87322066ca43-00",
        "User-Agent": [
          "azsdk-net-Storage.Files.DataLake/12.7.0-alpha.20210217.1",
          "(.NET 5.0.3; Microsoft Windows 10.0.19042)"
        ],
        "x-ms-client-request-id": "192b38b9-a6bf-e7d5-f8c2-7e6e40262dcb",
        "x-ms-date": "Wed, 17 Feb 2021 22:37:24 GMT",
        "x-ms-return-client-request-id": "true",
        "x-ms-version": "2020-06-12"
      },
      "RequestBody": null,
      "StatusCode": 200,
      "ResponseHeaders": {
        "Content-Type": "application/json; charset=utf-8",
        "Date": "Wed, 17 Feb 2021 22:37:24 GMT",
        "Server": [
          "Windows-Azure-HDFS/1.0",
          "Microsoft-HTTPAPI/2.0"
        ],
        "Transfer-Encoding": "chunked",
        "x-ms-client-request-id": "192b38b9-a6bf-e7d5-f8c2-7e6e40262dcb",
        "x-ms-request-id": "90de3c28-601f-008a-1c7d-0524ee000000",
        "x-ms-version": "2020-06-12"
      },
      "ResponseBody": [
        "{\u0022paths\u0022:[{\u0022contentLength\u0022:\u00220\u0022,\u0022creationTime\u0022:\u0022132580750446695464\u0022,\u0022etag\u0022:\u00220x8D8D39498E51428\u0022,\u0022group\u0022:\u0022$superuser\u0022,\u0022isDirectory\u0022:\u0022true\u0022,\u0022lastModified\u0022:\u0022Wed, 17 Feb 2021 22:37:24 GMT\u0022,\u0022name\u0022:\u0022directory\u0022,\u0022owner\u0022:\u0022$superuser\u0022,\u0022permissions\u0022:\u0022rwxr-x---\u0022},{\u0022contentLength\u0022:\u00220\u0022,\u0022creationTime\u0022:\u0022132580750447619498\u0022,\u0022etag\u0022:\u00220x8D8D39498F32DAA\u0022,\u0022group\u0022:\u0022$superuser\u0022,\u0022lastModified\u0022:\u0022Wed, 17 Feb 2021 22:37:24 GMT\u0022,\u0022name\u0022:\u0022directory/file\u0022,\u0022owner\u0022:\u0022$superuser\u0022,\u0022permissions\u0022:\u0022rw-r-----\u0022}]}\n"
      ]
    },
    {
      "RequestUri": "https://seannse.blob.core.windows.net/test-filesystem-11de4b32-22db-4b75-4754-b36909ac4557?restype=container",
      "RequestMethod": "DELETE",
      "RequestHeaders": {
        "Accept": "application/xml",
        "Authorization": "Sanitized",
        "traceparent": "00-c72d92312d1067428d38f5979f93e88d-d9dcf5aa9d925f40-00",
        "User-Agent": [
          "azsdk-net-Storage.Files.DataLake/12.7.0-alpha.20210217.1",
          "(.NET 5.0.3; Microsoft Windows 10.0.19042)"
        ],
        "x-ms-client-request-id": "3da69ca1-dbdb-e91f-cb87-260ef1c8a37d",
        "x-ms-date": "Wed, 17 Feb 2021 22:37:25 GMT",
        "x-ms-return-client-request-id": "true",
        "x-ms-version": "2020-06-12"
      },
      "RequestBody": null,
      "StatusCode": 202,
      "ResponseHeaders": {
        "Content-Length": "0",
        "Date": "Wed, 17 Feb 2021 22:37:24 GMT",
        "Server": [
          "Windows-Azure-Blob/1.0",
          "Microsoft-HTTPAPI/2.0"
        ],
        "x-ms-client-request-id": "3da69ca1-dbdb-e91f-cb87-260ef1c8a37d",
        "x-ms-request-id": "ffca5f63-a01e-0061-2f7d-055c1c000000",
        "x-ms-version": "2020-06-12"
      },
      "ResponseBody": []
    }
  ],
  "Variables": {
    "RandomSeed": "930386316",
    "Storage_TestConfigHierarchicalNamespace": "NamespaceTenant\nseannse\nU2FuaXRpemVk\nhttps://seannse.blob.core.windows.net\nhttps://seannse.file.core.windows.net\nhttps://seannse.queue.core.windows.net\nhttps://seannse.table.core.windows.net\n\n\n\n\nhttps://seannse-secondary.blob.core.windows.net\nhttps://seannse-secondary.file.core.windows.net\nhttps://seannse-secondary.queue.core.windows.net\nhttps://seannse-secondary.table.core.windows.net\n68390a19-a643-458b-b726-408abf67b4fc\nSanitized\n72f988bf-86f1-41af-91ab-2d7cd011db47\nhttps://login.microsoftonline.com/\nCloud\nBlobEndpoint=https://seannse.blob.core.windows.net/;QueueEndpoint=https://seannse.queue.core.windows.net/;FileEndpoint=https://seannse.file.core.windows.net/;BlobSecondaryEndpoint=https://seannse-secondary.blob.core.windows.net/;QueueSecondaryEndpoint=https://seannse-secondary.queue.core.windows.net/;FileSecondaryEndpoint=https://seannse-secondary.file.core.windows.net/;AccountName=seannse;AccountKey=Sanitized\n"
  }
}