{
  "Entries": [
    {
      "RequestUri": "https://login.microsoftonline.com/72f988bf-86f1-41af-91ab-2d7cd011db47/oauth2/v2.0/token",
      "RequestMethod": "POST",
      "RequestHeaders": {
        "Content-Length": "169",
        "Content-Type": "application/x-www-form-urlencoded",
        "traceparent": "00-e75f5e6091ad23478f12bf8f637e5a27-f96a97ac3578524f-00",
        "User-Agent": [
          "azsdk-net-Identity/1.1.0\u002B561229e965a43e490226269aaa962daa4dfc3294",
          "(.NET Core 4.6.28008.01; Microsoft Windows 10.0.18363 )"
        ],
        "x-ms-client-request-id": "f88a1269171caf20fb690b4641c05642",
        "x-ms-return-client-request-id": "true"
      },
      "RequestBody": "response_type=token\u0026grant_type=client_credentials\u0026client_id=68390a19-a643-458b-b726-408abf67b4fc\u0026client_secret=Sanitized\u0026scope=https%3A%2F%2Fstorage.azure.com%2F.default",
      "StatusCode": 200,
      "ResponseHeaders": {
        "Cache-Control": "no-store, no-cache",
        "Content-Length": "90",
        "Content-Type": "application/json; charset=utf-8",
        "Date": "Wed, 11 Dec 2019 19:33:36 GMT",
        "Expires": "-1",
        "P3P": "CP=\u0022DSP CUR OTPi IND OTRi ONL FIN\u0022",
        "Pragma": "no-cache",
        "Set-Cookie": [
          "fpc=ApaFJr2qSQ9OslILn6yfx3veSEc1BAAAAIs7g9UOAAAA; expires=Fri, 10-Jan-2020 19:33:37 GMT; path=/; secure; HttpOnly; SameSite=None",
          "x-ms-gateway-slice=estsfd; path=/; SameSite=None; secure; HttpOnly",
          "stsservicecookie=estsfd; path=/; secure; HttpOnly"
        ],
        "Strict-Transport-Security": "max-age=31536000; includeSubDomains",
        "X-Content-Type-Options": "nosniff",
        "x-ms-ests-server": "2.1.9707.18 - SCUS ProdSlices",
        "x-ms-request-id": "0d90c92e-991e-4655-a28e-d2d7e46d1800"
      },
      "ResponseBody": {
        "token_type": "Bearer",
        "expires_in": 3600,
        "ext_expires_in": 3600,
        "access_token": "Sanitized"
      }
    },
    {
      "RequestUri": "https://seanstagehierarchical.blob.core.windows.net/test-filesystem-33df4610-7629-de7b-e336-5c3ea35dc761?restype=container",
      "RequestMethod": "PUT",
      "RequestHeaders": {
        "Authorization": "Sanitized",
        "traceparent": "00-e75f5e6091ad23478f12bf8f637e5a27-b8f7f8557b80bf4f-00",
        "User-Agent": [
          "azsdk-net-Storage.Files.DataLake/12.0.0-dev.20191211.1\u002B95de79970bae9e90d6eeeb548063d2887c659c3a",
          "(.NET Core 4.6.28008.01; Microsoft Windows 10.0.18363 )"
        ],
        "x-ms-blob-public-access": "container",
        "x-ms-client-request-id": "719fa4e9-6c2c-0156-a4fe-463b4209c340",
        "x-ms-return-client-request-id": "true",
        "x-ms-version": "2019-07-07"
      },
      "RequestBody": null,
      "StatusCode": 201,
      "ResponseHeaders": {
        "Content-Length": "0",
        "Date": "Wed, 11 Dec 2019 19:33:37 GMT",
        "ETag": "\u00220x8D77E7104E1CA9C\u0022",
        "Last-Modified": "Wed, 11 Dec 2019 19:33:37 GMT",
        "Server": [
          "Windows-Azure-Blob/1.0",
          "Microsoft-HTTPAPI/2.0"
        ],
        "x-ms-client-request-id": "719fa4e9-6c2c-0156-a4fe-463b4209c340",
        "x-ms-request-id": "b58ac3e3-c01e-0044-2f59-b01804000000",
        "x-ms-version": "2019-07-07"
      },
      "ResponseBody": []
    },
    {
      "RequestUri": "https://seanstagehierarchical.dfs.core.windows.net/test-filesystem-33df4610-7629-de7b-e336-5c3ea35dc761/test-directory-47aafab8-0f8e-e1a2-edee-33711aa3cc49?resource=directory",
      "RequestMethod": "PUT",
      "RequestHeaders": {
        "Authorization": "Sanitized",
        "traceparent": "00-fc4c9f397be8d14cb15364e660c26e1e-e42ab30c0fe01443-00",
        "User-Agent": [
          "azsdk-net-Storage.Files.DataLake/12.0.0-dev.20191211.1\u002B95de79970bae9e90d6eeeb548063d2887c659c3a",
          "(.NET Core 4.6.28008.01; Microsoft Windows 10.0.18363 )"
        ],
        "x-ms-client-request-id": "78788d84-4520-d15d-84ef-75c36010bfe4",
        "x-ms-return-client-request-id": "true",
        "x-ms-version": "2019-02-02"
      },
      "RequestBody": null,
      "StatusCode": 201,
      "ResponseHeaders": {
        "Content-Length": "0",
        "Date": "Wed, 11 Dec 2019 19:33:36 GMT",
        "ETag": "\u00220x8D77E7104F148A3\u0022",
        "Last-Modified": "Wed, 11 Dec 2019 19:33:37 GMT",
        "Server": [
          "Windows-Azure-HDFS/1.0",
          "Microsoft-HTTPAPI/2.0"
        ],
        "x-ms-client-request-id": "78788d84-4520-d15d-84ef-75c36010bfe4",
        "x-ms-request-id": "6de723f2-d01f-0048-6059-b08f0c000000",
        "x-ms-version": "2019-02-02"
      },
      "ResponseBody": []
    },
    {
      "RequestUri": "https://seanstagehierarchical.blob.core.windows.net/?restype=service\u0026comp=userdelegationkey",
      "RequestMethod": "POST",
      "RequestHeaders": {
        "Authorization": "Sanitized",
        "Content-Length": "56",
        "Content-Type": "application/xml",
        "traceparent": "00-50dfa0ab2d084441ba429ce87ffea44b-70ce22ed1766c04d-00",
        "User-Agent": [
          "azsdk-net-Storage.Files.DataLake/12.0.0-dev.20191211.1\u002B95de79970bae9e90d6eeeb548063d2887c659c3a",
          "(.NET Core 4.6.28008.01; Microsoft Windows 10.0.18363 )"
        ],
        "x-ms-client-request-id": "b3c1da6c-dd47-6b22-5db6-f114e559e643",
        "x-ms-return-client-request-id": "true",
        "x-ms-version": "2019-07-07"
      },
      "RequestBody": "\u003CKeyInfo\u003E\u003CExpiry\u003E2019-12-11T20:33:37Z\u003C/Expiry\u003E\u003C/KeyInfo\u003E",
      "StatusCode": 200,
      "ResponseHeaders": {
        "Content-Type": "application/xml",
        "Date": "Wed, 11 Dec 2019 19:33:37 GMT",
        "Server": [
          "Windows-Azure-Blob/1.0",
          "Microsoft-HTTPAPI/2.0"
        ],
        "Transfer-Encoding": "chunked",
        "x-ms-client-request-id": "b3c1da6c-dd47-6b22-5db6-f114e559e643",
        "x-ms-request-id": "b58ac3e5-c01e-0044-3059-b01804000000",
        "x-ms-version": "2019-07-07"
      },
      "ResponseBody": "\uFEFF\u003C?xml version=\u00221.0\u0022 encoding=\u0022utf-8\u0022?\u003E\u003CUserDelegationKey\u003E\u003CSignedOid\u003Ec4f48289-bb84-4086-b250-6f94a8f64cee\u003C/SignedOid\u003E\u003CSignedTid\u003E72f988bf-86f1-41af-91ab-2d7cd011db47\u003C/SignedTid\u003E\u003CSignedStart\u003E2019-12-11T19:33:37Z\u003C/SignedStart\u003E\u003CSignedExpiry\u003E2019-12-11T20:33:37Z\u003C/SignedExpiry\u003E\u003CSignedService\u003Eb\u003C/SignedService\u003E\u003CSignedVersion\u003E2019-07-07\u003C/SignedVersion\u003E\u003CValue\u003EetgdE/que/z/82hyXJtAzgmhco3c\u002Baq9xag7DsUTbYs=\u003C/Value\u003E\u003C/UserDelegationKey\u003E"
    },
    {
      "RequestUri": "https://seanstagehierarchical.blob.core.windows.net/test-filesystem-33df4610-7629-de7b-e336-5c3ea35dc761/test-directory-47aafab8-0f8e-e1a2-edee-33711aa3cc49?skoid=c4f48289-bb84-4086-b250-6f94a8f64cee\u0026sktid=72f988bf-86f1-41af-91ab-2d7cd011db47\u0026skt=2019-12-11T19%3A33%3A37Z\u0026ske=2019-12-11T20%3A33%3A37Z\u0026sks=b\u0026skv=2019-07-07\u0026sv=2019-07-07\u0026st=2019-12-11T18%3A33%3A37Z\u0026se=2019-12-11T20%3A33%3A37Z\u0026sr=c\u0026sp=racwdl\u0026sig=Sanitized",
      "RequestMethod": "HEAD",
      "RequestHeaders": {
        "traceparent": "00-f64b09590c8cdc4bb1d29c84582d7173-6dd6180d07d1464f-00",
        "User-Agent": [
          "azsdk-net-Storage.Files.DataLake/12.0.0-dev.20191211.1\u002B95de79970bae9e90d6eeeb548063d2887c659c3a",
          "(.NET Core 4.6.28008.01; Microsoft Windows 10.0.18363 )"
        ],
        "x-ms-client-request-id": "86563d01-0c4e-ca9c-e11f-2bca5c28299b",
        "x-ms-return-client-request-id": "true",
        "x-ms-version": "2019-07-07"
      },
      "RequestBody": null,
      "StatusCode": 200,
      "ResponseHeaders": {
        "Accept-Ranges": "bytes",
        "Content-Length": "0",
        "Content-Type": "application/octet-stream",
        "Date": "Wed, 11 Dec 2019 19:33:37 GMT",
        "ETag": "\u00220x8D77E7104F148A3\u0022",
        "Last-Modified": "Wed, 11 Dec 2019 19:33:37 GMT",
        "Server": [
          "Windows-Azure-Blob/1.0",
          "Microsoft-HTTPAPI/2.0"
        ],
        "x-ms-access-tier": "Hot",
        "x-ms-access-tier-inferred": "true",
        "x-ms-blob-type": "BlockBlob",
        "x-ms-client-request-id": "86563d01-0c4e-ca9c-e11f-2bca5c28299b",
        "x-ms-creation-time": "Wed, 11 Dec 2019 19:33:37 GMT",
        "x-ms-lease-state": "available",
        "x-ms-lease-status": "unlocked",
        "x-ms-meta-hdi_isfolder": "true",
        "x-ms-request-id": "b58ac3e7-c01e-0044-3259-b01804000000",
        "x-ms-server-encrypted": "true",
        "x-ms-version": "2019-07-07"
      },
      "ResponseBody": []
    },
    {
      "RequestUri": "https://seanstagehierarchical.blob.core.windows.net/test-filesystem-33df4610-7629-de7b-e336-5c3ea35dc761?restype=container",
      "RequestMethod": "DELETE",
      "RequestHeaders": {
        "Authorization": "Sanitized",
        "traceparent": "00-5a5c21289f38114ba212cb0c72acc601-70724eb73f06b64f-00",
        "User-Agent": [
          "azsdk-net-Storage.Files.DataLake/12.0.0-dev.20191211.1\u002B95de79970bae9e90d6eeeb548063d2887c659c3a",
          "(.NET Core 4.6.28008.01; Microsoft Windows 10.0.18363 )"
        ],
        "x-ms-client-request-id": "a7134af0-6003-74f5-8bd0-dc1949e5d928",
        "x-ms-return-client-request-id": "true",
        "x-ms-version": "2019-07-07"
      },
      "RequestBody": null,
      "StatusCode": 202,
      "ResponseHeaders": {
        "Content-Length": "0",
        "Date": "Wed, 11 Dec 2019 19:33:37 GMT",
        "Server": [
          "Windows-Azure-Blob/1.0",
          "Microsoft-HTTPAPI/2.0"
        ],
        "x-ms-client-request-id": "a7134af0-6003-74f5-8bd0-dc1949e5d928",
        "x-ms-request-id": "b58ac3ed-c01e-0044-3759-b01804000000",
        "x-ms-version": "2019-07-07"
      },
      "ResponseBody": []
    }
  ],
  "Variables": {
    "DateTimeOffsetNow": "2019-12-11T11:33:37.6192311-08:00",
    "RandomSeed": "12988423",
    "Storage_TestConfigHierarchicalNamespace": "NamespaceTenant\nseanstagehierarchical\nU2FuaXRpemVk\nhttp://seanstagehierarchical.blob.core.windows.net\nhttp://seanstagehierarchical.file.core.windows.net\nhttp://seanstagehierarchical.queue.core.windows.net\nhttp://seanstagehierarchical.table.core.windows.net\n\n\n\n\nhttp://seanstagehierarchical-secondary.blob.core.windows.net\nhttp://seanstagehierarchical-secondary.file.core.windows.net\nhttp://seanstagehierarchical-secondary.queue.core.windows.net\nhttp://seanstagehierarchical-secondary.table.core.windows.net\n68390a19-a643-458b-b726-408abf67b4fc\nSanitized\n72f988bf-86f1-41af-91ab-2d7cd011db47\nhttps://login.microsoftonline.com/\nCloud\nBlobEndpoint=http://seanstagehierarchical.blob.core.windows.net/;QueueEndpoint=http://seanstagehierarchical.queue.core.windows.net/;FileEndpoint=http://seanstagehierarchical.file.core.windows.net/;BlobSecondaryEndpoint=http://seanstagehierarchical-secondary.blob.core.windows.net/;QueueSecondaryEndpoint=http://seanstagehierarchical-secondary.queue.core.windows.net/;FileSecondaryEndpoint=http://seanstagehierarchical-secondary.file.core.windows.net/;AccountName=seanstagehierarchical;AccountKey=Sanitized\n"
  }
}