{
  "Entries": [
    {
      "RequestUri": "https://login.microsoftonline.com/72f988bf-86f1-41af-91ab-2d7cd011db47/oauth2/v2.0/token",
      "RequestMethod": "POST",
      "RequestHeaders": {
        "Content-Length": "169",
        "Content-Type": "application/x-www-form-urlencoded",
        "traceparent": "00-f1943159b304d344b65fad8d8daac4d3-080091ea4638bc41-00",
        "User-Agent": [
          "azsdk-net-Identity/1.0.0-dev.20191018.1\u002B208b3446540844b7c7a794de85040d2515e86e1a",
          "(.NET Core 4.6.28008.01; Microsoft Windows 10.0.18363 )"
        ],
        "x-ms-client-request-id": "cf21c3e4bbfa8e3e14099980f2fb75a4",
        "x-ms-return-client-request-id": "true"
      },
      "RequestBody": "response_type=token\u0026grant_type=client_credentials\u0026client_id=68390a19-a643-458b-b726-408abf67b4fc\u0026client_secret=Sanitized\u0026scope=https%3A%2F%2Fstorage.azure.com%2F.default",
      "StatusCode": 200,
      "ResponseHeaders": {
        "Cache-Control": "no-store, no-cache",
        "Content-Length": "90",
        "Content-Type": "application/json; charset=utf-8",
        "Date": "Fri, 18 Oct 2019 21:04:48 GMT",
        "Expires": "-1",
        "P3P": "CP=\u0022DSP CUR OTPi IND OTRi ONL FIN\u0022",
        "Pragma": "no-cache",
        "Set-Cookie": [
          "fpc=Ao1Uzu3ezitGnXslpkBve13eSEc1CgAAAM8fPNUOAAAA; expires=Sun, 17-Nov-2019 21:04:48 GMT; path=/; secure; HttpOnly; SameSite=None",
          "x-ms-gateway-slice=estsfd; path=/; secure; HttpOnly",
          "stsservicecookie=estsfd; path=/; secure; HttpOnly"
        ],
        "Strict-Transport-Security": "max-age=31536000; includeSubDomains",
        "X-Content-Type-Options": "nosniff",
        "x-ms-ests-server": "2.1.9557.13 - SCUS ProdSlices",
        "x-ms-request-id": "046dc2cc-01b0-4108-9492-b344a0a95d00"
      },
      "ResponseBody": {
        "token_type": "Bearer",
        "expires_in": 3600,
        "ext_expires_in": 3600,
        "access_token": "Sanitized"
      }
    },
    {
      "RequestUri": "https://seannse.blob.core.windows.net/test-filesystem-1f55a154-e78e-b579-b541-c1eecd0d48a0?restype=container",
      "RequestMethod": "PUT",
      "RequestHeaders": {
        "Authorization": "Sanitized",
        "traceparent": "00-f1943159b304d344b65fad8d8daac4d3-17783d319cb3f447-00",
        "User-Agent": [
          "azsdk-net-Storage.Files.DataLake/12.0.0-dev.20191018.1\u002B208b3446540844b7c7a794de85040d2515e86e1a",
          "(.NET Core 4.6.28008.01; Microsoft Windows 10.0.18363 )"
        ],
        "x-ms-blob-public-access": "container",
        "x-ms-client-request-id": "f06d4d5a-066f-7494-54f3-aaec7da3a7f9",
        "x-ms-return-client-request-id": "true",
        "x-ms-version": "2019-02-02"
      },
      "RequestBody": null,
      "StatusCode": 201,
      "ResponseHeaders": {
        "Content-Length": "0",
        "Date": "Fri, 18 Oct 2019 21:04:47 GMT",
        "ETag": "\u00220x8D7540ECF893EBF\u0022",
        "Last-Modified": "Fri, 18 Oct 2019 21:04:48 GMT",
        "Server": [
          "Windows-Azure-Blob/1.0",
          "Microsoft-HTTPAPI/2.0"
        ],
        "x-ms-client-request-id": "f06d4d5a-066f-7494-54f3-aaec7da3a7f9",
        "x-ms-request-id": "655b9213-201e-007f-7cf7-85b0c4000000",
        "x-ms-version": "2019-02-02"
      },
      "ResponseBody": []
    },
    {
      "RequestUri": "https://seannse.dfs.core.windows.net/test-filesystem-1f55a154-e78e-b579-b541-c1eecd0d48a0/test-directory-4ab71eed-e06c-614c-74a1-6ad50dbc5cfd?resource=directory",
      "RequestMethod": "PUT",
      "RequestHeaders": {
        "Authorization": "Sanitized",
        "traceparent": "00-05210968fe34524fb0a782a0e220b011-865d43b303212f47-00",
        "User-Agent": [
          "azsdk-net-Storage.Files.DataLake/12.0.0-dev.20191018.1\u002B208b3446540844b7c7a794de85040d2515e86e1a",
          "(.NET Core 4.6.28008.01; Microsoft Windows 10.0.18363 )"
        ],
        "x-ms-client-request-id": "286cf444-26ae-9f93-0fde-db666c138259",
        "x-ms-return-client-request-id": "true",
        "x-ms-version": "2019-02-02"
      },
      "RequestBody": null,
      "StatusCode": 201,
      "ResponseHeaders": {
        "Content-Length": "0",
        "Date": "Fri, 18 Oct 2019 21:04:48 GMT",
        "ETag": "\u00220x8D7540ECF907903\u0022",
        "Last-Modified": "Fri, 18 Oct 2019 21:04:48 GMT",
        "Server": [
          "Windows-Azure-HDFS/1.0",
          "Microsoft-HTTPAPI/2.0"
        ],
        "x-ms-client-request-id": "286cf444-26ae-9f93-0fde-db666c138259",
        "x-ms-request-id": "7bdfc78f-d01f-0019-10f7-85ffe4000000",
        "x-ms-version": "2019-02-02"
      },
      "ResponseBody": []
    },
    {
      "RequestUri": "https://seannse.blob.core.windows.net/?restype=service\u0026comp=userdelegationkey",
      "RequestMethod": "POST",
      "RequestHeaders": {
        "Authorization": "Sanitized",
        "Content-Length": "56",
        "Content-Type": "application/xml",
        "traceparent": "00-9d37372153956b459dc5b5d90abd55f4-d5a44fcff98d324b-00",
        "User-Agent": [
          "azsdk-net-Storage.Files.DataLake/12.0.0-dev.20191018.1\u002B208b3446540844b7c7a794de85040d2515e86e1a",
          "(.NET Core 4.6.28008.01; Microsoft Windows 10.0.18363 )"
        ],
        "x-ms-client-request-id": "fd3c8cd8-4c8e-85f6-49db-b07090285956",
        "x-ms-return-client-request-id": "true",
        "x-ms-version": "2019-02-02"
      },
      "RequestBody": "\u003CKeyInfo\u003E\u003CExpiry\u003E2019-10-18T22:04:48Z\u003C/Expiry\u003E\u003C/KeyInfo\u003E",
      "StatusCode": 200,
      "ResponseHeaders": {
        "Content-Type": "application/xml",
        "Date": "Fri, 18 Oct 2019 21:04:47 GMT",
        "Server": [
          "Windows-Azure-Blob/1.0",
          "Microsoft-HTTPAPI/2.0"
        ],
        "Transfer-Encoding": "chunked",
        "x-ms-client-request-id": "fd3c8cd8-4c8e-85f6-49db-b07090285956",
        "x-ms-request-id": "655b925e-201e-007f-42f7-85b0c4000000",
        "x-ms-version": "2019-02-02"
      },
      "ResponseBody": "\uFEFF\u003C?xml version=\u00221.0\u0022 encoding=\u0022utf-8\u0022?\u003E\u003CUserDelegationKey\u003E\u003CSignedOid\u003Ec4f48289-bb84-4086-b250-6f94a8f64cee\u003C/SignedOid\u003E\u003CSignedTid\u003E72f988bf-86f1-41af-91ab-2d7cd011db47\u003C/SignedTid\u003E\u003CSignedStart\u003E2019-10-18T21:04:48Z\u003C/SignedStart\u003E\u003CSignedExpiry\u003E2019-10-18T22:04:48Z\u003C/SignedExpiry\u003E\u003CSignedService\u003Eb\u003C/SignedService\u003E\u003CSignedVersion\u003E2019-02-02\u003C/SignedVersion\u003E\u003CValue\u003EWfmqlRfF5MqVKEVR/lKmV6hkTWPafbK/fxqvscR192k=\u003C/Value\u003E\u003C/UserDelegationKey\u003E"
    },
    {
      "RequestUri": "https://seannse.blob.core.windows.net/test-filesystem-1f55a154-e78e-b579-b541-c1eecd0d48a0/test-directory-4ab71eed-e06c-614c-74a1-6ad50dbc5cfd?sv=2019-02-02\u0026st=2019-10-18T20%3A04%3A48Z\u0026se=2019-10-18T22%3A04%3A48Z\u0026sr=c\u0026sp=racwdl\u0026skoid=c4f48289-bb84-4086-b250-6f94a8f64cee\u0026sktid=72f988bf-86f1-41af-91ab-2d7cd011db47\u0026skt=2019-10-18T21%3A04%3A48Z\u0026ske=2019-10-18T22%3A04%3A48Z\u0026sks=b\u0026skv=2019-02-02\u0026sig=Sanitized",
      "RequestMethod": "HEAD",
      "RequestHeaders": {
        "traceparent": "00-aeb599a1d9e62a4cb636b6d8ee442554-1831296571a8f346-00",
        "User-Agent": [
          "azsdk-net-Storage.Files.DataLake/12.0.0-dev.20191018.1\u002B208b3446540844b7c7a794de85040d2515e86e1a",
          "(.NET Core 4.6.28008.01; Microsoft Windows 10.0.18363 )"
        ],
        "x-ms-client-request-id": "e08de303-84d7-32ca-0fba-564c3739e80c",
        "x-ms-return-client-request-id": "true",
        "x-ms-version": "2019-02-02"
      },
      "RequestBody": null,
      "StatusCode": 200,
      "ResponseHeaders": {
        "Accept-Ranges": "bytes",
        "Content-Length": "0",
        "Content-Type": "application/octet-stream",
        "Date": "Fri, 18 Oct 2019 21:04:47 GMT",
        "ETag": "\u00220x8D7540ECF907903\u0022",
        "Last-Modified": "Fri, 18 Oct 2019 21:04:48 GMT",
        "Server": [
          "Windows-Azure-Blob/1.0",
          "Microsoft-HTTPAPI/2.0"
        ],
        "x-ms-access-tier": "Hot",
        "x-ms-access-tier-inferred": "true",
        "x-ms-blob-type": "BlockBlob",
        "x-ms-client-request-id": "e08de303-84d7-32ca-0fba-564c3739e80c",
        "x-ms-creation-time": "Fri, 18 Oct 2019 21:04:48 GMT",
        "x-ms-lease-state": "available",
        "x-ms-lease-status": "unlocked",
        "x-ms-meta-hdi_isfolder": "true",
        "x-ms-request-id": "655b926c-201e-007f-50f7-85b0c4000000",
        "x-ms-server-encrypted": "true",
        "x-ms-version": "2019-02-02"
      },
      "ResponseBody": []
    },
    {
      "RequestUri": "https://seannse.blob.core.windows.net/test-filesystem-1f55a154-e78e-b579-b541-c1eecd0d48a0?restype=container",
      "RequestMethod": "DELETE",
      "RequestHeaders": {
        "Authorization": "Sanitized",
        "traceparent": "00-f535660ea7cd334b862b31416e4841ab-1fda89cb7ba74e4d-00",
        "User-Agent": [
          "azsdk-net-Storage.Files.DataLake/12.0.0-dev.20191018.1\u002B208b3446540844b7c7a794de85040d2515e86e1a",
          "(.NET Core 4.6.28008.01; Microsoft Windows 10.0.18363 )"
        ],
        "x-ms-client-request-id": "ad6d72bf-789a-977f-14bc-9e213a982510",
        "x-ms-return-client-request-id": "true",
        "x-ms-version": "2019-02-02"
      },
      "RequestBody": null,
      "StatusCode": 202,
      "ResponseHeaders": {
        "Content-Length": "0",
        "Date": "Fri, 18 Oct 2019 21:04:47 GMT",
        "Server": [
          "Windows-Azure-Blob/1.0",
          "Microsoft-HTTPAPI/2.0"
        ],
        "x-ms-client-request-id": "ad6d72bf-789a-977f-14bc-9e213a982510",
        "x-ms-request-id": "655b9276-201e-007f-59f7-85b0c4000000",
        "x-ms-version": "2019-02-02"
      },
      "ResponseBody": []
    }
  ],
  "Variables": {
    "DateTimeOffsetNow": "2019-10-18T14:04:48.5101744-07:00",
    "RandomSeed": "118801963",
    "Storage_TestConfigHierarchicalNamespace": "NamespaceTenant\nseannse\nU2FuaXRpemVk\nhttp://seannse.blob.core.windows.net\nhttp://seannse.file.core.windows.net\nhttp://seannse.queue.core.windows.net\nhttp://seannse.table.core.windows.net\n\n\n\n\nhttp://seannse-secondary.blob.core.windows.net\nhttp://seannse-secondary.file.core.windows.net\nhttp://seannse-secondary.queue.core.windows.net\nhttp://seannse-secondary.table.core.windows.net\n68390a19-a643-458b-b726-408abf67b4fc\nSanitized\n72f988bf-86f1-41af-91ab-2d7cd011db47\nhttps://login.microsoftonline.com/\nCloud\nBlobEndpoint=http://seannse.blob.core.windows.net/;QueueEndpoint=http://seannse.queue.core.windows.net/;TableEndpoint=http://seannse.table.core.windows.net/;FileEndpoint=http://seannse.file.core.windows.net/;BlobSecondaryEndpoint=http://seannse-secondary.blob.core.windows.net/;QueueSecondaryEndpoint=http://seannse-secondary.queue.core.windows.net/;TableSecondaryEndpoint=http://seannse-secondary.table.core.windows.net/;FileSecondaryEndpoint=http://seannse-secondary.file.core.windows.net/;AccountName=seannse;AccountKey=Sanitized"
  }
}