{
  "Entries": [
    {
      "RequestUri": "http://amandaadlscanary.blob.core.windows.net/test-filesystem-04dc5308-a285-25d8-0d79-902e2c10a1a0?restype=container",
      "RequestMethod": "PUT",
      "RequestHeaders": {
        "Authorization": "Sanitized",
        "traceparent": "00-ccb1f9e7aa540543afec946a132ee964-22467ee707f3424f-00",
        "User-Agent": [
          "azsdk-net-Storage.Files.DataLake/12.2.0-dev.20200426.1",
          "(.NET Core 4.6.28619.01; Microsoft Windows 10.0.18363 )"
        ],
        "x-ms-blob-public-access": "container",
        "x-ms-client-request-id": "a515791e-df93-f53a-9584-0b33940afc15",
        "x-ms-date": "Mon, 27 Apr 2020 04:49:24 GMT",
        "x-ms-return-client-request-id": "true",
        "x-ms-version": "2019-12-12"
      },
      "RequestBody": null,
      "StatusCode": 201,
      "ResponseHeaders": {
        "Content-Length": "0",
        "Date": "Mon, 27 Apr 2020 04:49:24 GMT",
        "ETag": "\u00220x8D7EA665BD3ECB8\u0022",
        "Last-Modified": "Mon, 27 Apr 2020 04:49:24 GMT",
        "Server": [
          "Windows-Azure-Blob/1.0",
          "Microsoft-HTTPAPI/2.0"
        ],
        "x-ms-client-request-id": "a515791e-df93-f53a-9584-0b33940afc15",
        "x-ms-request-id": "0115d71d-c01e-00c2-024f-1cb0a7000000",
        "x-ms-version": "2019-12-12"
      },
      "ResponseBody": []
    },
    {
      "RequestUri": "http://amandaadlscanary.blob.core.windows.net/test-filesystem-04dc5308-a285-25d8-0d79-902e2c10a1a0/test-directory-4185b6b6-668f-f442-6bd3-3e7fc7deb5c3",
      "RequestMethod": "HEAD",
      "RequestHeaders": {
        "Authorization": "Sanitized",
        "traceparent": "00-bdf393ad7c5fa947a4a26e84328e1aea-6244b2d6ba99d547-00",
        "User-Agent": [
          "azsdk-net-Storage.Files.DataLake/12.2.0-dev.20200426.1",
          "(.NET Core 4.6.28619.01; Microsoft Windows 10.0.18363 )"
        ],
        "x-ms-client-request-id": "b942c40a-ecc4-b7b5-3720-39bfa1ba2db7",
        "x-ms-date": "Mon, 27 Apr 2020 04:49:24 GMT",
        "x-ms-return-client-request-id": "true",
        "x-ms-version": "2019-12-12"
      },
      "RequestBody": null,
      "StatusCode": 404,
      "ResponseHeaders": {
        "Date": "Mon, 27 Apr 2020 04:49:24 GMT",
        "Server": [
          "Windows-Azure-Blob/1.0",
          "Microsoft-HTTPAPI/2.0"
        ],
        "Transfer-Encoding": "chunked",
        "x-ms-client-request-id": "b942c40a-ecc4-b7b5-3720-39bfa1ba2db7",
        "x-ms-error-code": "BlobNotFound",
        "x-ms-request-id": "0115d725-c01e-00c2-094f-1cb0a7000000",
        "x-ms-version": "2019-12-12"
      },
      "ResponseBody": []
    },
    {
      "RequestUri": "http://amandaadlscanary.blob.core.windows.net/test-filesystem-04dc5308-a285-25d8-0d79-902e2c10a1a0?restype=container",
      "RequestMethod": "DELETE",
      "RequestHeaders": {
        "Authorization": "Sanitized",
        "traceparent": "00-09405f023317c749a95070d55372b028-3a903375905e8146-00",
        "User-Agent": [
          "azsdk-net-Storage.Files.DataLake/12.2.0-dev.20200426.1",
          "(.NET Core 4.6.28619.01; Microsoft Windows 10.0.18363 )"
        ],
        "x-ms-client-request-id": "0275835f-fb9c-5fff-9558-7cdbc24d8d4d",
        "x-ms-date": "Mon, 27 Apr 2020 04:49:24 GMT",
        "x-ms-return-client-request-id": "true",
        "x-ms-version": "2019-12-12"
      },
      "RequestBody": null,
      "StatusCode": 202,
      "ResponseHeaders": {
        "Content-Length": "0",
        "Date": "Mon, 27 Apr 2020 04:49:24 GMT",
        "Server": [
          "Windows-Azure-Blob/1.0",
          "Microsoft-HTTPAPI/2.0"
        ],
        "x-ms-client-request-id": "0275835f-fb9c-5fff-9558-7cdbc24d8d4d",
        "x-ms-request-id": "0115d739-c01e-00c2-194f-1cb0a7000000",
        "x-ms-version": "2019-12-12"
      },
      "ResponseBody": []
    }
  ],
  "Variables": {
    "RandomSeed": "1198956795",
    "Storage_TestConfigHierarchicalNamespace": "NamespaceTenant\namandaadlscanary\nU2FuaXRpemVk\nhttp://amandaadlscanary.blob.core.windows.net\nhttp://amandaadlscanary.file.core.windows.net\nhttp://amandaadlscanary.queue.core.windows.net\nhttp://amandaadlscanary.table.core.windows.net\n\n\n\n\nhttp://amandaadlscanary-secondary.blob.core.windows.net\nhttp://amandaadlscanary-secondary.file.core.windows.net\nhttp://amandaadlscanary-secondary.queue.core.windows.net\nhttp://amandaadlscanary-secondary.table.core.windows.net\n68390a19-a643-458b-b726-408abf67b4fc\nSanitized\n72f988bf-86f1-41af-91ab-2d7cd011db47\nhttps://login.microsoftonline.com/\nCloud\nBlobEndpoint=http://amandaadlscanary.blob.core.windows.net/;QueueEndpoint=http://amandaadlscanary.queue.core.windows.net/;FileEndpoint=http://amandaadlscanary.file.core.windows.net/;BlobSecondaryEndpoint=http://amandaadlscanary-secondary.blob.core.windows.net/;QueueSecondaryEndpoint=http://amandaadlscanary-secondary.queue.core.windows.net/;FileSecondaryEndpoint=http://amandaadlscanary-secondary.file.core.windows.net/;AccountName=amandaadlscanary;AccountKey=Sanitized\n\n\n"
  }
}