{
  "Entries": [
    {
      "RequestUri": "https://seannse.blob.core.windows.net/test-filesystem-3b7f3bf8-7dfa-7eb5-4691-346788ffde0d?restype=container",
      "RequestMethod": "PUT",
      "RequestHeaders": {
        "Accept": "application/xml",
        "Authorization": "Sanitized",
        "traceparent": "00-a5a440d31003244e8127f64b1decbab4-3d3c2edb60bcfb49-00",
        "User-Agent": [
          "azsdk-net-Storage.Files.DataLake/12.7.0-alpha.20210219.1",
          "(.NET 5.0.3; Microsoft Windows 10.0.19041)"
        ],
        "x-ms-blob-public-access": "container",
        "x-ms-client-request-id": "d684660d-f411-f0f7-060a-516f9fb54a44",
        "x-ms-date": "Fri, 19 Feb 2021 19:03:50 GMT",
        "x-ms-return-client-request-id": "true",
        "x-ms-version": "2021-04-10"
      },
      "RequestBody": null,
      "StatusCode": 201,
      "ResponseHeaders": {
        "Content-Length": "0",
        "Date": "Fri, 19 Feb 2021 19:03:49 GMT",
        "ETag": "\"0x8D8D509174B577F\"",
        "Last-Modified": "Fri, 19 Feb 2021 19:03:49 GMT",
        "Server": [
          "Windows-Azure-Blob/1.0",
          "Microsoft-HTTPAPI/2.0"
        ],
        "x-ms-client-request-id": "d684660d-f411-f0f7-060a-516f9fb54a44",
        "x-ms-request-id": "cb129769-b01e-006d-4cf1-06cb14000000",
        "x-ms-version": "2021-04-10"
      },
      "ResponseBody": []
    },
    {
      "RequestUri": "https://seannse.dfs.core.windows.net/test-filesystem-3b7f3bf8-7dfa-7eb5-4691-346788ffde0d/%21%27%28%29%3B%5B%5D?resource=directory",
      "RequestMethod": "PUT",
      "RequestHeaders": {
        "Accept": "application/json",
        "Authorization": "Sanitized",
        "traceparent": "00-f9e5f4bef282764f8760b9b8cbf3232d-c1dec56c49133e43-00",
        "User-Agent": [
          "azsdk-net-Storage.Files.DataLake/12.7.0-alpha.20210219.1",
          "(.NET 5.0.3; Microsoft Windows 10.0.19041)"
        ],
        "x-ms-client-request-id": "225ac3c8-077a-67fc-7e06-8f04cc35e1dd",
        "x-ms-date": "Fri, 19 Feb 2021 19:03:50 GMT",
        "x-ms-return-client-request-id": "true",
        "x-ms-version": "2021-04-10"
      },
      "RequestBody": null,
      "StatusCode": 201,
      "ResponseHeaders": {
        "Content-Length": "0",
        "Date": "Fri, 19 Feb 2021 19:03:49 GMT",
        "ETag": "\"0x8D8D509175A863D\"",
        "Last-Modified": "Fri, 19 Feb 2021 19:03:49 GMT",
        "Server": [
          "Windows-Azure-HDFS/1.0",
          "Microsoft-HTTPAPI/2.0"
        ],
        "x-ms-client-request-id": "225ac3c8-077a-67fc-7e06-8f04cc35e1dd",
        "x-ms-request-id": "da8421f3-a01f-0061-60f1-065c1c000000",
        "x-ms-version": "2021-04-10"
      },
      "ResponseBody": []
    },
    {
      "RequestUri": "https://seannse.dfs.core.windows.net/test-filesystem-3b7f3bf8-7dfa-7eb5-4691-346788ffde0d/%21%27%28%29%3B%5B%5D/%2521%2527%2528%2529%255DäÄöÖüÜß%253B?resource=directory",
      "RequestMethod": "PUT",
      "RequestHeaders": {
        "Accept": "application/json",
        "Authorization": "Sanitized",
        "traceparent": "00-0de92a3cca12c7418a2f35eee78a57c6-b00ca10d7f04e548-00",
        "User-Agent": [
          "azsdk-net-Storage.Files.DataLake/12.7.0-alpha.20210219.1",
          "(.NET 5.0.3; Microsoft Windows 10.0.19041)"
        ],
        "x-ms-client-request-id": "dca71305-285a-25ca-c5c7-42bf1a560c61",
        "x-ms-date": "Fri, 19 Feb 2021 19:03:50 GMT",
        "x-ms-return-client-request-id": "true",
        "x-ms-version": "2021-04-10"
      },
      "RequestBody": null,
      "StatusCode": 201,
      "ResponseHeaders": {
        "Content-Length": "0",
        "Date": "Fri, 19 Feb 2021 19:03:49 GMT",
        "ETag": "\"0x8D8D5091766FB7E\"",
        "Last-Modified": "Fri, 19 Feb 2021 19:03:49 GMT",
        "Server": [
          "Windows-Azure-HDFS/1.0",
          "Microsoft-HTTPAPI/2.0"
        ],
        "x-ms-client-request-id": "dca71305-285a-25ca-c5c7-42bf1a560c61",
        "x-ms-request-id": "da842201-a01f-0061-6df1-065c1c000000",
        "x-ms-version": "2021-04-10"
      },
      "ResponseBody": []
    },
    {
      "RequestUri": "https://seannse.dfs.core.windows.net/test-filesystem-3b7f3bf8-7dfa-7eb5-4691-346788ffde0d?resource=filesystem&recursive=true&upn=false",
      "RequestMethod": "GET",
      "RequestHeaders": {
        "Accept": "application/json",
        "Authorization": "Sanitized",
        "User-Agent": [
          "azsdk-net-Storage.Files.DataLake/12.7.0-alpha.20210219.1",
          "(.NET 5.0.3; Microsoft Windows 10.0.19041)"
        ],
        "x-ms-client-request-id": "b9ffb759-058e-d382-2b34-f111c5ec48b5",
        "x-ms-date": "Fri, 19 Feb 2021 19:03:50 GMT",
        "x-ms-return-client-request-id": "true",
        "x-ms-version": "2021-04-10"
      },
      "RequestBody": null,
      "StatusCode": 200,
      "ResponseHeaders": {
        "Content-Type": "application/json; charset=utf-8",
        "Date": "Fri, 19 Feb 2021 19:03:49 GMT",
        "Server": [
          "Windows-Azure-HDFS/1.0",
          "Microsoft-HTTPAPI/2.0"
        ],
        "Transfer-Encoding": "chunked",
        "x-ms-client-request-id": "b9ffb759-058e-d382-2b34-f111c5ec48b5",
        "x-ms-request-id": "da842213-a01f-0061-7ff1-065c1c000000",
        "x-ms-version": "2021-04-10"
      },
      "ResponseBody": [
        "{\"paths\":[{\"contentLength\":\"0\",\"creationTime\":\"132582350296155709\",\"etag\":\"0x8D8D509175A863D\",\"group\":\"$superuser\",\"isDirectory\":\"true\",\"lastModified\":\"Fri, 19 Feb 2021 19:03:49 GMT\",\"name\":\"!'();[]\",\"owner\":\"$superuser\",\"permissions\":\"rwxr-x---\"},{\"contentLength\":\"0\",\"creationTime\":\"132582350296972158\",\"etag\":\"0x8D8D5091766FB7E\",\"group\":\"$superuser\",\"isDirectory\":\"true\",\"lastModified\":\"Fri, 19 Feb 2021 19:03:49 GMT\",\"name\":\"!'();[]/%21%27%28%29%5DäÄöÖüÜß%3B\",\"owner\":\"$superuser\",\"permissions\":\"rwxr-x---\"}]}\n"
      ]
    },
    {
      "RequestUri": "https://seannse.blob.core.windows.net/test-filesystem-3b7f3bf8-7dfa-7eb5-4691-346788ffde0d?restype=container",
      "RequestMethod": "DELETE",
      "RequestHeaders": {
        "Accept": "application/xml",
        "Authorization": "Sanitized",
        "traceparent": "00-b44095a7750a51438c4e7a3faa41bc98-d77aba45405ded44-00",
        "User-Agent": [
          "azsdk-net-Storage.Files.DataLake/12.7.0-alpha.20210219.1",
          "(.NET 5.0.3; Microsoft Windows 10.0.19041)"
        ],
        "x-ms-client-request-id": "636508ac-5356-17d2-49e4-22a05d53fb2a",
        "x-ms-date": "Fri, 19 Feb 2021 19:03:50 GMT",
        "x-ms-return-client-request-id": "true",
        "x-ms-version": "2021-04-10"
      },
      "RequestBody": null,
      "StatusCode": 202,
      "ResponseHeaders": {
        "Content-Length": "0",
        "Date": "Fri, 19 Feb 2021 19:03:49 GMT",
        "Server": [
          "Windows-Azure-Blob/1.0",
          "Microsoft-HTTPAPI/2.0"
        ],
        "x-ms-client-request-id": "636508ac-5356-17d2-49e4-22a05d53fb2a",
        "x-ms-request-id": "cb1297e3-b01e-006d-35f1-06cb14000000",
        "x-ms-version": "2021-04-10"
      },
      "ResponseBody": []
    }
  ],
  "Variables": {
    "RandomSeed": "76197594",
    "Storage_TestConfigHierarchicalNamespace": "NamespaceTenant\nseannse\nU2FuaXRpemVk\nhttps://seannse.blob.core.windows.net\nhttps://seannse.file.core.windows.net\nhttps://seannse.queue.core.windows.net\nhttps://seannse.table.core.windows.net\n\n\n\n\nhttps://seannse-secondary.blob.core.windows.net\nhttps://seannse-secondary.file.core.windows.net\nhttps://seannse-secondary.queue.core.windows.net\nhttps://seannse-secondary.table.core.windows.net\n68390a19-a643-458b-b726-408abf67b4fc\nSanitized\n72f988bf-86f1-41af-91ab-2d7cd011db47\nhttps://login.microsoftonline.com/\nCloud\nBlobEndpoint=https://seannse.blob.core.windows.net/;QueueEndpoint=https://seannse.queue.core.windows.net/;FileEndpoint=https://seannse.file.core.windows.net/;BlobSecondaryEndpoint=https://seannse-secondary.blob.core.windows.net/;QueueSecondaryEndpoint=https://seannse-secondary.queue.core.windows.net/;FileSecondaryEndpoint=https://seannse-secondary.file.core.windows.net/;AccountName=seannse;AccountKey=Sanitized\n\n\n"
  }
}