{
  "Entries": [
    {
      "RequestUri": "https://seannse.blob.core.windows.net/test-filesystem-51a0b8c1-ce6d-baa6-c80e-6f8b6d9c7cd0?restype=container",
      "RequestMethod": "PUT",
      "RequestHeaders": {
        "Accept": "application/xml",
        "Authorization": "Sanitized",
        "traceparent": "00-414d7e79e0362640aa6ed441f191df35-a1d8eb198eea654d-00",
        "User-Agent": [
          "azsdk-net-Storage.Files.DataLake/12.7.0-alpha.20210219.1",
          "(.NET 5.0.3; Microsoft Windows 10.0.19041)"
        ],
        "x-ms-blob-public-access": "container",
        "x-ms-client-request-id": "0ce8a425-98d9-6ef8-e928-b6818bcb9bba",
        "x-ms-date": "Fri, 19 Feb 2021 18:59:21 GMT",
        "x-ms-return-client-request-id": "true",
         "x-ms-version": "2020-08-04"
      },
      "RequestBody": null,
      "StatusCode": 201,
      "ResponseHeaders": {
        "Content-Length": "0",
        "Date": "Fri, 19 Feb 2021 18:59:21 GMT",
        "ETag": "\u00220x8D8D508775D670D\u0022",
        "Last-Modified": "Fri, 19 Feb 2021 18:59:21 GMT",
        "Server": [
          "Windows-Azure-Blob/1.0",
          "Microsoft-HTTPAPI/2.0"
        ],
        "x-ms-client-request-id": "0ce8a425-98d9-6ef8-e928-b6818bcb9bba",
        "x-ms-request-id": "cb1135de-b01e-006d-67f1-06cb14000000",
         "x-ms-version": "2020-08-04"
      },
      "ResponseBody": []
    },
    {
      "RequestUri": "https://seannse.dfs.core.windows.net/test-filesystem-51a0b8c1-ce6d-baa6-c80e-6f8b6d9c7cd0/%21%27%28%29%3B%5B%5D?resource=directory",
      "RequestMethod": "PUT",
      "RequestHeaders": {
        "Accept": "application/json",
        "Authorization": "Sanitized",
        "traceparent": "00-08be3218734265448e83e59d417c155e-2621e68d3b649549-00",
        "User-Agent": [
          "azsdk-net-Storage.Files.DataLake/12.7.0-alpha.20210219.1",
          "(.NET 5.0.3; Microsoft Windows 10.0.19041)"
        ],
        "x-ms-client-request-id": "c96525f0-70b3-e8f6-1eb6-982a5166cc0b",
        "x-ms-date": "Fri, 19 Feb 2021 18:59:21 GMT",
        "x-ms-return-client-request-id": "true",
         "x-ms-version": "2020-08-04"
      },
      "RequestBody": null,
      "StatusCode": 201,
      "ResponseHeaders": {
        "Content-Length": "0",
        "Date": "Fri, 19 Feb 2021 18:59:21 GMT",
        "ETag": "\u00220x8D8D508776CAEB4\u0022",
        "Last-Modified": "Fri, 19 Feb 2021 18:59:21 GMT",
        "Server": [
          "Windows-Azure-HDFS/1.0",
          "Microsoft-HTTPAPI/2.0"
        ],
        "x-ms-client-request-id": "c96525f0-70b3-e8f6-1eb6-982a5166cc0b",
        "x-ms-request-id": "da835f82-a01f-0061-53f1-065c1c000000",
         "x-ms-version": "2020-08-04"
      },
      "ResponseBody": []
    },
    {
      "RequestUri": "https://seannse.dfs.core.windows.net/test-filesystem-51a0b8c1-ce6d-baa6-c80e-6f8b6d9c7cd0/%21%27%28%29%3B%5B%5D/%21%27%28%29%3B%5B%5D%40%26%25%3D%2B%24%2C%23\u00E4\u00C4\u00F6\u00D6\u00FC\u00DC\u00DF%3B?resource=directory",
      "RequestMethod": "PUT",
      "RequestHeaders": {
        "Accept": "application/json",
        "Authorization": "Sanitized",
        "traceparent": "00-4ff7f5b9867a8744acb90121615cbc29-9dd2a8f67fd9a64c-00",
        "User-Agent": [
          "azsdk-net-Storage.Files.DataLake/12.7.0-alpha.20210219.1",
          "(.NET 5.0.3; Microsoft Windows 10.0.19041)"
        ],
        "x-ms-client-request-id": "65900bea-d265-0607-cb1f-6c2d5e426869",
        "x-ms-date": "Fri, 19 Feb 2021 18:59:22 GMT",
        "x-ms-return-client-request-id": "true",
         "x-ms-version": "2020-08-04"
      },
      "RequestBody": null,
      "StatusCode": 201,
      "ResponseHeaders": {
        "Content-Length": "0",
        "Date": "Fri, 19 Feb 2021 18:59:21 GMT",
        "ETag": "\u00220x8D8D50877783481\u0022",
        "Last-Modified": "Fri, 19 Feb 2021 18:59:21 GMT",
        "Server": [
          "Windows-Azure-HDFS/1.0",
          "Microsoft-HTTPAPI/2.0"
        ],
        "x-ms-client-request-id": "65900bea-d265-0607-cb1f-6c2d5e426869",
        "x-ms-request-id": "da835f9a-a01f-0061-6af1-065c1c000000",
         "x-ms-version": "2020-08-04"
      },
      "ResponseBody": []
    },
    {
      "RequestUri": "https://seannse.dfs.core.windows.net/test-filesystem-51a0b8c1-ce6d-baa6-c80e-6f8b6d9c7cd0?resource=filesystem\u0026recursive=true\u0026upn=false",
      "RequestMethod": "GET",
      "RequestHeaders": {
        "Accept": "application/json",
        "Authorization": "Sanitized",
        "traceparent": "00-075af93c90e449428b8a36c6b31afa24-04dc7678dd4c3346-00",
        "User-Agent": [
          "azsdk-net-Storage.Files.DataLake/12.7.0-alpha.20210219.1",
          "(.NET 5.0.3; Microsoft Windows 10.0.19041)"
        ],
        "x-ms-client-request-id": "463f4980-66d6-68a5-d38f-eff52538cff4",
        "x-ms-date": "Fri, 19 Feb 2021 18:59:22 GMT",
        "x-ms-return-client-request-id": "true",
         "x-ms-version": "2020-08-04"
      },
      "RequestBody": null,
      "StatusCode": 200,
      "ResponseHeaders": {
        "Content-Type": "application/json; charset=utf-8",
        "Date": "Fri, 19 Feb 2021 18:59:21 GMT",
        "Server": [
          "Windows-Azure-HDFS/1.0",
          "Microsoft-HTTPAPI/2.0"
        ],
        "Transfer-Encoding": "chunked",
        "x-ms-client-request-id": "463f4980-66d6-68a5-d38f-eff52538cff4",
        "x-ms-request-id": "da835faf-a01f-0061-7ff1-065c1c000000",
         "x-ms-version": "2020-08-04"
      },
      "ResponseBody": [
        "{\u0022paths\u0022:[{\u0022contentLength\u0022:\u00220\u0022,\u0022creationTime\u0022:\u0022132582347612991156\u0022,\u0022etag\u0022:\u00220x8D8D508776CAEB4\u0022,\u0022group\u0022:\u0022$superuser\u0022,\u0022isDirectory\u0022:\u0022true\u0022,\u0022lastModified\u0022:\u0022Fri, 19 Feb 2021 18:59:21 GMT\u0022,\u0022name\u0022:\u0022!\u0027();[]\u0022,\u0022owner\u0022:\u0022$superuser\u0022,\u0022permissions\u0022:\u0022rwxr-x---\u0022},{\u0022contentLength\u0022:\u00220\u0022,\u0022creationTime\u0022:\u0022132582347613746305\u0022,\u0022etag\u0022:\u00220x8D8D50877783481\u0022,\u0022group\u0022:\u0022$superuser\u0022,\u0022isDirectory\u0022:\u0022true\u0022,\u0022lastModified\u0022:\u0022Fri, 19 Feb 2021 18:59:21 GMT\u0022,\u0022name\u0022:\u0022!\u0027();[]/!\u0027();[]@\u0026%=\u002B$,#\u00E4\u00C4\u00F6\u00D6\u00FC\u00DC\u00DF;\u0022,\u0022owner\u0022:\u0022$superuser\u0022,\u0022permissions\u0022:\u0022rwxr-x---\u0022}]}\n"
      ]
    },
    {
      "RequestUri": "https://seannse.blob.core.windows.net/test-filesystem-51a0b8c1-ce6d-baa6-c80e-6f8b6d9c7cd0?restype=container",
      "RequestMethod": "DELETE",
      "RequestHeaders": {
        "Accept": "application/xml",
        "Authorization": "Sanitized",
        "traceparent": "00-d2a4f406b4ddfe4db30e48406c32771e-62171d042bb57546-00",
        "User-Agent": [
          "azsdk-net-Storage.Files.DataLake/12.7.0-alpha.20210219.1",
          "(.NET 5.0.3; Microsoft Windows 10.0.19041)"
        ],
        "x-ms-client-request-id": "15acae54-2203-1693-c8f4-8a7593a03986",
        "x-ms-date": "Fri, 19 Feb 2021 18:59:22 GMT",
        "x-ms-return-client-request-id": "true",
         "x-ms-version": "2020-08-04"
      },
      "RequestBody": null,
      "StatusCode": 202,
      "ResponseHeaders": {
        "Content-Length": "0",
        "Date": "Fri, 19 Feb 2021 18:59:21 GMT",
        "Server": [
          "Windows-Azure-Blob/1.0",
          "Microsoft-HTTPAPI/2.0"
        ],
        "x-ms-client-request-id": "15acae54-2203-1693-c8f4-8a7593a03986",
        "x-ms-request-id": "cb11363d-b01e-006d-3bf1-06cb14000000",
         "x-ms-version": "2020-08-04"
      },
      "ResponseBody": []
    }
  ],
  "Variables": {
    "RandomSeed": "2039564965",
    "Storage_TestConfigHierarchicalNamespace": "NamespaceTenant\nseannse\nU2FuaXRpemVk\nhttps://seannse.blob.core.windows.net\nhttps://seannse.file.core.windows.net\nhttps://seannse.queue.core.windows.net\nhttps://seannse.table.core.windows.net\n\n\n\n\nhttps://seannse-secondary.blob.core.windows.net\nhttps://seannse-secondary.file.core.windows.net\nhttps://seannse-secondary.queue.core.windows.net\nhttps://seannse-secondary.table.core.windows.net\n68390a19-a643-458b-b726-408abf67b4fc\nSanitized\n72f988bf-86f1-41af-91ab-2d7cd011db47\nhttps://login.microsoftonline.com/\nCloud\nBlobEndpoint=https://seannse.blob.core.windows.net/;QueueEndpoint=https://seannse.queue.core.windows.net/;FileEndpoint=https://seannse.file.core.windows.net/;BlobSecondaryEndpoint=https://seannse-secondary.blob.core.windows.net/;QueueSecondaryEndpoint=https://seannse-secondary.queue.core.windows.net/;FileSecondaryEndpoint=https://seannse-secondary.file.core.windows.net/;AccountName=seannse;AccountKey=Sanitized\n"
  }
}