{
  "Entries": [
    {
      "RequestUri": "https://seannse.blob.core.windows.net/test-filesystem-a261e0d3-a33b-4ba4-38c0-d4b16a1968c3?restype=container",
      "RequestMethod": "PUT",
      "RequestHeaders": {
        "Authorization": "Sanitized",
        "traceparent": "00-cdf69c42cfce3b4883d0143e4f93b04b-59c78dd676793b49-00",
        "User-Agent": [
          "azsdk-net-Storage.Files.DataLake/12.7.0-alpha.20210202.1",
          "(.NET 5.0.2; Microsoft Windows 10.0.19042)"
        ],
        "x-ms-blob-public-access": "container",
        "x-ms-client-request-id": "0524a391-0cfa-48df-42eb-8c20ad126b67",
        "x-ms-date": "Tue, 02 Feb 2021 21:41:32 GMT",
        "x-ms-return-client-request-id": "true",
        "x-ms-version": "2020-06-12"
      },
      "RequestBody": null,
      "StatusCode": 201,
      "ResponseHeaders": {
        "Content-Length": "0",
        "Date": "Tue, 02 Feb 2021 21:41:33 GMT",
        "ETag": "\u00220x8D8C7C34F1E0E4F\u0022",
        "Last-Modified": "Tue, 02 Feb 2021 21:41:33 GMT",
        "Server": [
          "Windows-Azure-Blob/1.0",
          "Microsoft-HTTPAPI/2.0"
        ],
        "x-ms-client-request-id": "0524a391-0cfa-48df-42eb-8c20ad126b67",
        "x-ms-request-id": "564431c9-e01e-0094-4dac-f9c836000000",
        "x-ms-version": "2020-06-12"
      },
      "ResponseBody": []
    },
    {
      "RequestUri": "https://seannse.dfs.core.windows.net/test-filesystem-a261e0d3-a33b-4ba4-38c0-d4b16a1968c3/%2521%2527%2528%25?resource=directory",
      "RequestMethod": "PUT",
      "RequestHeaders": {
        "Accept": "application/json",
        "Authorization": "Sanitized",
        "traceparent": "00-7edbea93bccc7f4bb79918c2106077d8-655fbee004595544-00",
        "User-Agent": [
          "azsdk-net-Storage.Files.DataLake/12.7.0-alpha.20210202.1",
          "(.NET 5.0.2; Microsoft Windows 10.0.19042)"
        ],
        "x-ms-client-request-id": "c620abc0-62f5-99c8-fd4c-ba8779c648ba",
        "x-ms-date": "Tue, 02 Feb 2021 21:41:32 GMT",
        "x-ms-return-client-request-id": "true",
        "x-ms-version": "2020-06-12"
      },
      "RequestBody": null,
      "StatusCode": 201,
      "ResponseHeaders": {
        "Content-Length": "0",
        "Date": "Tue, 02 Feb 2021 21:41:32 GMT",
        "ETag": "\u00220x8D8C7C34F604F23\u0022",
        "Last-Modified": "Tue, 02 Feb 2021 21:41:33 GMT",
        "Server": [
          "Windows-Azure-HDFS/1.0",
          "Microsoft-HTTPAPI/2.0"
        ],
        "x-ms-client-request-id": "c620abc0-62f5-99c8-fd4c-ba8779c648ba",
        "x-ms-request-id": "3ff478f7-f01f-0031-0dac-f99e4c000000",
        "x-ms-version": "2020-06-12"
      },
      "ResponseBody": []
    },
    {
      "RequestUri": "https://seannse.dfs.core.windows.net/test-filesystem-a261e0d3-a33b-4ba4-38c0-d4b16a1968c3/%2521%2527%2528%25/%2524%252C%2523\u00E4\u00C4\u00F6\u00D6\u00FC\u00DC\u00DF%253B?resource=directory",
      "RequestMethod": "PUT",
      "RequestHeaders": {
        "Accept": "application/json",
        "Authorization": "Sanitized",
        "traceparent": "00-05cc76cfbb3c5045bb4a8dcd13eee036-85744eb8f74be949-00",
        "User-Agent": [
          "azsdk-net-Storage.Files.DataLake/12.7.0-alpha.20210202.1",
          "(.NET 5.0.2; Microsoft Windows 10.0.19042)"
        ],
        "x-ms-client-request-id": "015f9ac1-a5f2-2f72-e85e-cc126d0c5233",
        "x-ms-date": "Tue, 02 Feb 2021 21:41:33 GMT",
        "x-ms-return-client-request-id": "true",
        "x-ms-version": "2020-06-12"
      },
      "RequestBody": null,
      "StatusCode": 201,
      "ResponseHeaders": {
        "Content-Length": "0",
        "Date": "Tue, 02 Feb 2021 21:41:32 GMT",
        "ETag": "\u00220x8D8C7C34F6F75DC\u0022",
        "Last-Modified": "Tue, 02 Feb 2021 21:41:33 GMT",
        "Server": [
          "Windows-Azure-HDFS/1.0",
          "Microsoft-HTTPAPI/2.0"
        ],
        "x-ms-client-request-id": "015f9ac1-a5f2-2f72-e85e-cc126d0c5233",
        "x-ms-request-id": "3ff4790f-f01f-0031-25ac-f99e4c000000",
        "x-ms-version": "2020-06-12"
      },
      "ResponseBody": []
    },
    {
      "RequestUri": "https://seannse.dfs.core.windows.net/test-filesystem-a261e0d3-a33b-4ba4-38c0-d4b16a1968c3?resource=filesystem\u0026recursive=true\u0026upn=false",
      "RequestMethod": "GET",
      "RequestHeaders": {
        "Accept": "application/json",
        "Authorization": "Sanitized",
        "User-Agent": [
          "azsdk-net-Storage.Files.DataLake/12.7.0-alpha.20210202.1",
          "(.NET 5.0.2; Microsoft Windows 10.0.19042)"
        ],
        "x-ms-client-request-id": "dfc6979c-4766-54c8-30c3-88ef69b7fc01",
        "x-ms-date": "Tue, 02 Feb 2021 21:41:33 GMT",
        "x-ms-return-client-request-id": "true",
        "x-ms-version": "2020-06-12"
      },
      "RequestBody": null,
      "StatusCode": 200,
      "ResponseHeaders": {
        "Content-Type": "application/json; charset=utf-8",
        "Date": "Tue, 02 Feb 2021 21:41:32 GMT",
        "Server": [
          "Windows-Azure-HDFS/1.0",
          "Microsoft-HTTPAPI/2.0"
        ],
        "Transfer-Encoding": "chunked",
        "x-ms-client-request-id": "dfc6979c-4766-54c8-30c3-88ef69b7fc01",
        "x-ms-request-id": "3ff4792a-f01f-0031-40ac-f99e4c000000",
        "x-ms-version": "2020-06-12"
      },
      "ResponseBody": [
        "{\u0022paths\u0022:[{\u0022contentLength\u0022:\u00220\u0022,\u0022creationTime\u0022:\u0022132567756937187107\u0022,\u0022etag\u0022:\u00220x8D8C7C34F604F23\u0022,\u0022group\u0022:\u0022$superuser\u0022,\u0022isDirectory\u0022:\u0022true\u0022,\u0022lastModified\u0022:\u0022Tue, 02 Feb 2021 21:41:33 GMT\u0022,\u0022name\u0022:\u0022%21%27%28%\u0022,\u0022owner\u0022:\u0022$superuser\u0022,\u0022permissions\u0022:\u0022rwxr-x---\u0022},{\u0022contentLength\u0022:\u00220\u0022,\u0022creationTime\u0022:\u0022132567756938180060\u0022,\u0022etag\u0022:\u00220x8D8C7C34F6F75DC\u0022,\u0022group\u0022:\u0022$superuser\u0022,\u0022isDirectory\u0022:\u0022true\u0022,\u0022lastModified\u0022:\u0022Tue, 02 Feb 2021 21:41:33 GMT\u0022,\u0022name\u0022:\u0022%21%27%28%/%24%2C%23\u00E4\u00C4\u00F6\u00D6\u00FC\u00DC\u00DF%3B\u0022,\u0022owner\u0022:\u0022$superuser\u0022,\u0022permissions\u0022:\u0022rwxr-x---\u0022}]}\n"
      ]
    },
    {
      "RequestUri": "https://seannse.blob.core.windows.net/test-filesystem-a261e0d3-a33b-4ba4-38c0-d4b16a1968c3?restype=container",
      "RequestMethod": "DELETE",
      "RequestHeaders": {
        "Authorization": "Sanitized",
        "traceparent": "00-7ca747ff2a061a41a3d374a25697634d-670f7ba9bd13ae41-00",
        "User-Agent": [
          "azsdk-net-Storage.Files.DataLake/12.7.0-alpha.20210202.1",
          "(.NET 5.0.2; Microsoft Windows 10.0.19042)"
        ],
        "x-ms-client-request-id": "d575d8fb-7346-dbcc-5288-c36830b4202a",
        "x-ms-date": "Tue, 02 Feb 2021 21:41:33 GMT",
        "x-ms-return-client-request-id": "true",
        "x-ms-version": "2020-06-12"
      },
      "RequestBody": null,
      "StatusCode": 202,
      "ResponseHeaders": {
        "Content-Length": "0",
        "Date": "Tue, 02 Feb 2021 21:41:33 GMT",
        "Server": [
          "Windows-Azure-Blob/1.0",
          "Microsoft-HTTPAPI/2.0"
        ],
        "x-ms-client-request-id": "d575d8fb-7346-dbcc-5288-c36830b4202a",
        "x-ms-request-id": "56443720-e01e-0094-58ac-f9c836000000",
        "x-ms-version": "2020-06-12"
      },
      "ResponseBody": []
    }
  ],
  "Variables": {
    "RandomSeed": "34266824",
    "Storage_TestConfigHierarchicalNamespace": "NamespaceTenant\nseannse\nU2FuaXRpemVk\nhttps://seannse.blob.core.windows.net\nhttps://seannse.file.core.windows.net\nhttps://seannse.queue.core.windows.net\nhttps://seannse.table.core.windows.net\n\n\n\n\nhttps://seannse-secondary.blob.core.windows.net\nhttps://seannse-secondary.file.core.windows.net\nhttps://seannse-secondary.queue.core.windows.net\nhttps://seannse-secondary.table.core.windows.net\n68390a19-a643-458b-b726-408abf67b4fc\nSanitized\n72f988bf-86f1-41af-91ab-2d7cd011db47\nhttps://login.microsoftonline.com/\nCloud\nBlobEndpoint=https://seannse.blob.core.windows.net/;QueueEndpoint=https://seannse.queue.core.windows.net/;FileEndpoint=https://seannse.file.core.windows.net/;BlobSecondaryEndpoint=https://seannse-secondary.blob.core.windows.net/;QueueSecondaryEndpoint=https://seannse-secondary.queue.core.windows.net/;FileSecondaryEndpoint=https://seannse-secondary.file.core.windows.net/;AccountName=seannse;AccountKey=Sanitized\n"
  }
}