{
  "Entries": [
    {
      "RequestUri": "https://seannse.blob.core.windows.net/test-filesystem-9e2d1118-3beb-cef8-d641-c4df57c2f51f?restype=container",
      "RequestMethod": "PUT",
      "RequestHeaders": {
        "Authorization": "Sanitized",
        "traceparent": "00-9a27801f999a4f49af96cab9cd977f21-adfd3717be217145-00",
        "User-Agent": [
          "azsdk-net-Storage.Files.DataLake/12.7.0-alpha.20210202.1",
          "(.NET 5.0.2; Microsoft Windows 10.0.19042)"
        ],
        "x-ms-blob-public-access": "container",
        "x-ms-client-request-id": "c79e7354-84bc-1bb4-2fdb-d83505a3e9a6",
        "x-ms-date": "Tue, 02 Feb 2021 21:52:28 GMT",
        "x-ms-return-client-request-id": "true",
        "x-ms-version": "2020-06-12"
      },
      "RequestBody": null,
      "StatusCode": 201,
      "ResponseHeaders": {
        "Content-Length": "0",
        "Date": "Tue, 02 Feb 2021 21:52:28 GMT",
        "ETag": "\u00220x8D8C7C4D605EA2B\u0022",
        "Last-Modified": "Tue, 02 Feb 2021 21:52:29 GMT",
        "Server": [
          "Windows-Azure-Blob/1.0",
          "Microsoft-HTTPAPI/2.0"
        ],
        "x-ms-client-request-id": "c79e7354-84bc-1bb4-2fdb-d83505a3e9a6",
        "x-ms-request-id": "111b7497-601e-001c-07ad-f92d3f000000",
        "x-ms-version": "2020-06-12"
      },
      "ResponseBody": []
    },
    {
      "RequestUri": "https://seannse.dfs.core.windows.net/test-filesystem-9e2d1118-3beb-cef8-d641-c4df57c2f51f/test-directory-949693ae-b42a-fa3e-cedb-d159ba2ba5ce?resource=directory",
      "RequestMethod": "PUT",
      "RequestHeaders": {
        "Accept": "application/json",
        "Authorization": "Sanitized",
        "traceparent": "00-4bc1797d47c0f847baa4d5274fdc9889-be239aa1fb82e643-00",
        "User-Agent": [
          "azsdk-net-Storage.Files.DataLake/12.7.0-alpha.20210202.1",
          "(.NET 5.0.2; Microsoft Windows 10.0.19042)"
        ],
        "x-ms-client-request-id": "951ddaa8-9572-9fdd-34a3-f9e1b35a6103",
        "x-ms-date": "Tue, 02 Feb 2021 21:52:28 GMT",
        "x-ms-return-client-request-id": "true",
        "x-ms-version": "2020-06-12"
      },
      "RequestBody": null,
      "StatusCode": 201,
      "ResponseHeaders": {
        "Content-Length": "0",
        "Date": "Tue, 02 Feb 2021 21:52:28 GMT",
        "ETag": "\u00220x8D8C7C4D63A1CE7\u0022",
        "Last-Modified": "Tue, 02 Feb 2021 21:52:29 GMT",
        "Server": [
          "Windows-Azure-HDFS/1.0",
          "Microsoft-HTTPAPI/2.0"
        ],
        "x-ms-client-request-id": "951ddaa8-9572-9fdd-34a3-f9e1b35a6103",
        "x-ms-request-id": "d9161680-501f-0017-32ad-f9d654000000",
        "x-ms-version": "2020-06-12"
      },
      "ResponseBody": []
    },
    {
      "RequestUri": "https://seannse.blob.core.windows.net/test-filesystem-9e2d1118-3beb-cef8-d641-c4df57c2f51f/test-directory-949693ae-b42a-fa3e-cedb-d159ba2ba5ce?comp=lease",
      "RequestMethod": "PUT",
      "RequestHeaders": {
        "Authorization": "Sanitized",
        "traceparent": "00-18fc5970ca4734488b16da5ad8cd7d7c-65a2f836d52cf44a-00",
        "User-Agent": [
          "azsdk-net-Storage.Files.DataLake/12.7.0-alpha.20210202.1",
          "(.NET 5.0.2; Microsoft Windows 10.0.19042)"
        ],
        "x-ms-client-request-id": "39acbf86-03ee-a311-579d-6405dc9aaed9",
        "x-ms-date": "Tue, 02 Feb 2021 21:52:28 GMT",
        "x-ms-lease-action": "acquire",
        "x-ms-lease-duration": "15",
        "x-ms-proposed-lease-id": "481d0a35-0518-8082-306d-b942f15bb6c2",
        "x-ms-return-client-request-id": "true",
        "x-ms-version": "2020-06-12"
      },
      "RequestBody": null,
      "StatusCode": 201,
      "ResponseHeaders": {
        "Content-Length": "0",
        "Date": "Tue, 02 Feb 2021 21:52:28 GMT",
        "ETag": "\u00220x8D8C7C4D63A1CE7\u0022",
        "Last-Modified": "Tue, 02 Feb 2021 21:52:29 GMT",
        "Server": [
          "Windows-Azure-Blob/1.0",
          "Microsoft-HTTPAPI/2.0"
        ],
        "x-ms-client-request-id": "39acbf86-03ee-a311-579d-6405dc9aaed9",
        "x-ms-lease-id": "481d0a35-0518-8082-306d-b942f15bb6c2",
        "x-ms-request-id": "111b758d-601e-001c-68ad-f92d3f000000",
        "x-ms-version": "2020-06-12"
      },
      "ResponseBody": []
    },
    {
      "RequestUri": "https://seannse.blob.core.windows.net/test-filesystem-9e2d1118-3beb-cef8-d641-c4df57c2f51f/test-directory-949693ae-b42a-fa3e-cedb-d159ba2ba5ce?comp=lease",
      "RequestMethod": "PUT",
      "RequestHeaders": {
        "Authorization": "Sanitized",
        "If-Modified-Since": "Wed, 03 Feb 2021 21:52:28 GMT",
        "traceparent": "00-23631278b8b8d4459af89ce0eda09ce1-90a5c49d98301b4d-00",
        "User-Agent": [
          "azsdk-net-Storage.Files.DataLake/12.7.0-alpha.20210202.1",
          "(.NET 5.0.2; Microsoft Windows 10.0.19042)"
        ],
        "x-ms-client-request-id": "32bc38f7-7caf-8ad3-960d-8870aa55a545",
        "x-ms-date": "Tue, 02 Feb 2021 21:52:29 GMT",
        "x-ms-lease-action": "release",
        "x-ms-lease-id": "481d0a35-0518-8082-306d-b942f15bb6c2",
        "x-ms-return-client-request-id": "true",
        "x-ms-version": "2020-06-12"
      },
      "RequestBody": null,
      "StatusCode": 412,
      "ResponseHeaders": {
        "Content-Length": "252",
        "Content-Type": "application/xml",
        "Date": "Tue, 02 Feb 2021 21:52:29 GMT",
        "Server": [
          "Windows-Azure-Blob/1.0",
          "Microsoft-HTTPAPI/2.0"
        ],
        "x-ms-client-request-id": "32bc38f7-7caf-8ad3-960d-8870aa55a545",
        "x-ms-error-code": "ConditionNotMet",
        "x-ms-request-id": "111b75c8-601e-001c-1fad-f92d3f000000",
        "x-ms-version": "2020-06-12"
      },
      "ResponseBody": [
        "\uFEFF\u003C?xml version=\u00221.0\u0022 encoding=\u0022utf-8\u0022?\u003E\u003CError\u003E\u003CCode\u003EConditionNotMet\u003C/Code\u003E\u003CMessage\u003EThe condition specified using HTTP conditional header(s) is not met.\n",
        "RequestId:111b75c8-601e-001c-1fad-f92d3f000000\n",
        "Time:2021-02-02T21:52:29.6398198Z\u003C/Message\u003E\u003C/Error\u003E"
      ]
    },
    {
      "RequestUri": "https://seannse.blob.core.windows.net/test-filesystem-9e2d1118-3beb-cef8-d641-c4df57c2f51f?restype=container",
      "RequestMethod": "DELETE",
      "RequestHeaders": {
        "Authorization": "Sanitized",
        "traceparent": "00-33eb3253b6987141834e0fc3003bc173-6982c8a0253c4c40-00",
        "User-Agent": [
          "azsdk-net-Storage.Files.DataLake/12.7.0-alpha.20210202.1",
          "(.NET 5.0.2; Microsoft Windows 10.0.19042)"
        ],
        "x-ms-client-request-id": "a30eb550-7cde-702a-63c7-759bf8857c59",
        "x-ms-date": "Tue, 02 Feb 2021 21:52:29 GMT",
        "x-ms-return-client-request-id": "true",
        "x-ms-version": "2020-06-12"
      },
      "RequestBody": null,
      "StatusCode": 202,
      "ResponseHeaders": {
        "Content-Length": "0",
        "Date": "Tue, 02 Feb 2021 21:52:29 GMT",
        "Server": [
          "Windows-Azure-Blob/1.0",
          "Microsoft-HTTPAPI/2.0"
        ],
        "x-ms-client-request-id": "a30eb550-7cde-702a-63c7-759bf8857c59",
        "x-ms-request-id": "111b75f3-601e-001c-48ad-f92d3f000000",
        "x-ms-version": "2020-06-12"
      },
      "ResponseBody": []
    },
    {
      "RequestUri": "https://seannse.blob.core.windows.net/test-filesystem-7fef23f6-4e6f-8d81-61b6-6828f280efb2?restype=container",
      "RequestMethod": "PUT",
      "RequestHeaders": {
        "Authorization": "Sanitized",
        "traceparent": "00-efcea373c785e142bd0aeefd5c272ec3-09df46025d087c42-00",
        "User-Agent": [
          "azsdk-net-Storage.Files.DataLake/12.7.0-alpha.20210202.1",
          "(.NET 5.0.2; Microsoft Windows 10.0.19042)"
        ],
        "x-ms-blob-public-access": "container",
        "x-ms-client-request-id": "775c300a-cdf4-02e5-3480-422713017ee3",
        "x-ms-date": "Tue, 02 Feb 2021 21:52:29 GMT",
        "x-ms-return-client-request-id": "true",
        "x-ms-version": "2020-06-12"
      },
      "RequestBody": null,
      "StatusCode": 201,
      "ResponseHeaders": {
        "Content-Length": "0",
        "Date": "Tue, 02 Feb 2021 21:52:29 GMT",
        "ETag": "\u00220x8D8C7C4D69D232E\u0022",
        "Last-Modified": "Tue, 02 Feb 2021 21:52:30 GMT",
        "Server": [
          "Windows-Azure-Blob/1.0",
          "Microsoft-HTTPAPI/2.0"
        ],
        "x-ms-client-request-id": "775c300a-cdf4-02e5-3480-422713017ee3",
        "x-ms-request-id": "1469bbef-b01e-000f-73ad-f90933000000",
        "x-ms-version": "2020-06-12"
      },
      "ResponseBody": []
    },
    {
      "RequestUri": "https://seannse.dfs.core.windows.net/test-filesystem-7fef23f6-4e6f-8d81-61b6-6828f280efb2/test-directory-c5dbc3d8-8665-f512-bc2f-d34db51a9926?resource=directory",
      "RequestMethod": "PUT",
      "RequestHeaders": {
        "Accept": "application/json",
        "Authorization": "Sanitized",
        "traceparent": "00-2332177bcab3284596ba126d7a3d1c3b-3a37987ca678dd41-00",
        "User-Agent": [
          "azsdk-net-Storage.Files.DataLake/12.7.0-alpha.20210202.1",
          "(.NET 5.0.2; Microsoft Windows 10.0.19042)"
        ],
        "x-ms-client-request-id": "318eb5a3-475f-83de-1e66-bbc5f9984c1a",
        "x-ms-date": "Tue, 02 Feb 2021 21:52:29 GMT",
        "x-ms-return-client-request-id": "true",
        "x-ms-version": "2020-06-12"
      },
      "RequestBody": null,
      "StatusCode": 201,
      "ResponseHeaders": {
        "Content-Length": "0",
        "Date": "Tue, 02 Feb 2021 21:52:30 GMT",
        "ETag": "\u00220x8D8C7C4D6D4BEAA\u0022",
        "Last-Modified": "Tue, 02 Feb 2021 21:52:30 GMT",
        "Server": [
          "Windows-Azure-HDFS/1.0",
          "Microsoft-HTTPAPI/2.0"
        ],
        "x-ms-client-request-id": "318eb5a3-475f-83de-1e66-bbc5f9984c1a",
        "x-ms-request-id": "c5335eb0-001f-0068-5aad-f919cf000000",
        "x-ms-version": "2020-06-12"
      },
      "ResponseBody": []
    },
    {
      "RequestUri": "https://seannse.blob.core.windows.net/test-filesystem-7fef23f6-4e6f-8d81-61b6-6828f280efb2/test-directory-c5dbc3d8-8665-f512-bc2f-d34db51a9926?comp=lease",
      "RequestMethod": "PUT",
      "RequestHeaders": {
        "Authorization": "Sanitized",
        "traceparent": "00-953e1ba0847fd346bba5b23a9c37537f-e16beb32d734704a-00",
        "User-Agent": [
          "azsdk-net-Storage.Files.DataLake/12.7.0-alpha.20210202.1",
          "(.NET 5.0.2; Microsoft Windows 10.0.19042)"
        ],
        "x-ms-client-request-id": "a3e0a6d0-bdc2-e6c8-f52e-2c77ce95bdd3",
        "x-ms-date": "Tue, 02 Feb 2021 21:52:29 GMT",
        "x-ms-lease-action": "acquire",
        "x-ms-lease-duration": "15",
        "x-ms-proposed-lease-id": "ef7d1be7-bde2-60bf-05e8-7848c54b367c",
        "x-ms-return-client-request-id": "true",
        "x-ms-version": "2020-06-12"
      },
      "RequestBody": null,
      "StatusCode": 201,
      "ResponseHeaders": {
        "Content-Length": "0",
        "Date": "Tue, 02 Feb 2021 21:52:29 GMT",
        "ETag": "\u00220x8D8C7C4D6D4BEAA\u0022",
        "Last-Modified": "Tue, 02 Feb 2021 21:52:30 GMT",
        "Server": [
          "Windows-Azure-Blob/1.0",
          "Microsoft-HTTPAPI/2.0"
        ],
        "x-ms-client-request-id": "a3e0a6d0-bdc2-e6c8-f52e-2c77ce95bdd3",
        "x-ms-lease-id": "ef7d1be7-bde2-60bf-05e8-7848c54b367c",
        "x-ms-request-id": "1469bce4-b01e-000f-49ad-f90933000000",
        "x-ms-version": "2020-06-12"
      },
      "ResponseBody": []
    },
    {
      "RequestUri": "https://seannse.blob.core.windows.net/test-filesystem-7fef23f6-4e6f-8d81-61b6-6828f280efb2/test-directory-c5dbc3d8-8665-f512-bc2f-d34db51a9926?comp=lease",
      "RequestMethod": "PUT",
      "RequestHeaders": {
        "Authorization": "Sanitized",
        "If-Unmodified-Since": "Mon, 01 Feb 2021 21:52:28 GMT",
        "traceparent": "00-1312687933d4d3469f65d5401b58642e-90e3b070b7235d4a-00",
        "User-Agent": [
          "azsdk-net-Storage.Files.DataLake/12.7.0-alpha.20210202.1",
          "(.NET 5.0.2; Microsoft Windows 10.0.19042)"
        ],
        "x-ms-client-request-id": "1e77c4ef-926a-c4ba-60c4-095c3b4f93b0",
        "x-ms-date": "Tue, 02 Feb 2021 21:52:30 GMT",
        "x-ms-lease-action": "release",
        "x-ms-lease-id": "ef7d1be7-bde2-60bf-05e8-7848c54b367c",
        "x-ms-return-client-request-id": "true",
        "x-ms-version": "2020-06-12"
      },
      "RequestBody": null,
      "StatusCode": 412,
      "ResponseHeaders": {
        "Content-Length": "252",
        "Content-Type": "application/xml",
        "Date": "Tue, 02 Feb 2021 21:52:29 GMT",
        "Server": [
          "Windows-Azure-Blob/1.0",
          "Microsoft-HTTPAPI/2.0"
        ],
        "x-ms-client-request-id": "1e77c4ef-926a-c4ba-60c4-095c3b4f93b0",
        "x-ms-error-code": "ConditionNotMet",
        "x-ms-request-id": "1469bd19-b01e-000f-7cad-f90933000000",
        "x-ms-version": "2020-06-12"
      },
      "ResponseBody": [
        "\uFEFF\u003C?xml version=\u00221.0\u0022 encoding=\u0022utf-8\u0022?\u003E\u003CError\u003E\u003CCode\u003EConditionNotMet\u003C/Code\u003E\u003CMessage\u003EThe condition specified using HTTP conditional header(s) is not met.\n",
        "RequestId:1469bd19-b01e-000f-7cad-f90933000000\n",
        "Time:2021-02-02T21:52:30.6458833Z\u003C/Message\u003E\u003C/Error\u003E"
      ]
    },
    {
      "RequestUri": "https://seannse.blob.core.windows.net/test-filesystem-7fef23f6-4e6f-8d81-61b6-6828f280efb2?restype=container",
      "RequestMethod": "DELETE",
      "RequestHeaders": {
        "Authorization": "Sanitized",
        "traceparent": "00-b74a656e9033534a8e733bdc6bf32567-2d67b8fc5055a040-00",
        "User-Agent": [
          "azsdk-net-Storage.Files.DataLake/12.7.0-alpha.20210202.1",
          "(.NET 5.0.2; Microsoft Windows 10.0.19042)"
        ],
        "x-ms-client-request-id": "0a871f8a-9e1d-9d68-847d-702943314304",
        "x-ms-date": "Tue, 02 Feb 2021 21:52:30 GMT",
        "x-ms-return-client-request-id": "true",
        "x-ms-version": "2020-06-12"
      },
      "RequestBody": null,
      "StatusCode": 202,
      "ResponseHeaders": {
        "Content-Length": "0",
        "Date": "Tue, 02 Feb 2021 21:52:29 GMT",
        "Server": [
          "Windows-Azure-Blob/1.0",
          "Microsoft-HTTPAPI/2.0"
        ],
        "x-ms-client-request-id": "0a871f8a-9e1d-9d68-847d-702943314304",
        "x-ms-request-id": "1469bd4a-b01e-000f-26ad-f90933000000",
        "x-ms-version": "2020-06-12"
      },
      "ResponseBody": []
    },
    {
      "RequestUri": "https://seannse.blob.core.windows.net/test-filesystem-4a69f887-2575-c756-fdf4-060a4313b0df?restype=container",
      "RequestMethod": "PUT",
      "RequestHeaders": {
        "Authorization": "Sanitized",
        "traceparent": "00-895b4673cc334e49bafa766816635f7c-b18962cf958d7a43-00",
        "User-Agent": [
          "azsdk-net-Storage.Files.DataLake/12.7.0-alpha.20210202.1",
          "(.NET 5.0.2; Microsoft Windows 10.0.19042)"
        ],
        "x-ms-blob-public-access": "container",
        "x-ms-client-request-id": "1c1f4a1d-8117-657d-c9c0-0d28985e5970",
        "x-ms-date": "Tue, 02 Feb 2021 21:52:30 GMT",
        "x-ms-return-client-request-id": "true",
        "x-ms-version": "2020-06-12"
      },
      "RequestBody": null,
      "StatusCode": 201,
      "ResponseHeaders": {
        "Content-Length": "0",
        "Date": "Tue, 02 Feb 2021 21:52:30 GMT",
        "ETag": "\u00220x8D8C7C4D734E227\u0022",
        "Last-Modified": "Tue, 02 Feb 2021 21:52:31 GMT",
        "Server": [
          "Windows-Azure-Blob/1.0",
          "Microsoft-HTTPAPI/2.0"
        ],
        "x-ms-client-request-id": "1c1f4a1d-8117-657d-c9c0-0d28985e5970",
        "x-ms-request-id": "3ae9c703-201e-006f-58ad-f975ac000000",
        "x-ms-version": "2020-06-12"
      },
      "ResponseBody": []
    },
    {
      "RequestUri": "https://seannse.dfs.core.windows.net/test-filesystem-4a69f887-2575-c756-fdf4-060a4313b0df/test-directory-2d3090cd-285f-ff3c-652a-e2862b1e0f5f?resource=directory",
      "RequestMethod": "PUT",
      "RequestHeaders": {
        "Accept": "application/json",
        "Authorization": "Sanitized",
        "traceparent": "00-1bdb326133f2c445a0c837f58a622d9a-f62333fa87037a4c-00",
        "User-Agent": [
          "azsdk-net-Storage.Files.DataLake/12.7.0-alpha.20210202.1",
          "(.NET 5.0.2; Microsoft Windows 10.0.19042)"
        ],
        "x-ms-client-request-id": "276b8995-116c-f586-0e1f-b7ed9ef739ab",
        "x-ms-date": "Tue, 02 Feb 2021 21:52:30 GMT",
        "x-ms-return-client-request-id": "true",
        "x-ms-version": "2020-06-12"
      },
      "RequestBody": null,
      "StatusCode": 201,
      "ResponseHeaders": {
        "Content-Length": "0",
        "Date": "Tue, 02 Feb 2021 21:52:31 GMT",
        "ETag": "\u00220x8D8C7C4D76B760F\u0022",
        "Last-Modified": "Tue, 02 Feb 2021 21:52:31 GMT",
        "Server": [
          "Windows-Azure-HDFS/1.0",
          "Microsoft-HTTPAPI/2.0"
        ],
        "x-ms-client-request-id": "276b8995-116c-f586-0e1f-b7ed9ef739ab",
        "x-ms-request-id": "4d727a6c-801f-0014-32ad-f93730000000",
        "x-ms-version": "2020-06-12"
      },
      "ResponseBody": []
    },
    {
      "RequestUri": "https://seannse.blob.core.windows.net/test-filesystem-4a69f887-2575-c756-fdf4-060a4313b0df/test-directory-2d3090cd-285f-ff3c-652a-e2862b1e0f5f?comp=lease",
      "RequestMethod": "PUT",
      "RequestHeaders": {
        "Authorization": "Sanitized",
        "traceparent": "00-bc0d54af55d3c44fb8a77a3b010a8ebd-651187803ba73246-00",
        "User-Agent": [
          "azsdk-net-Storage.Files.DataLake/12.7.0-alpha.20210202.1",
          "(.NET 5.0.2; Microsoft Windows 10.0.19042)"
        ],
        "x-ms-client-request-id": "cc57a632-2ff6-3597-0c32-5eb27d931eda",
        "x-ms-date": "Tue, 02 Feb 2021 21:52:30 GMT",
        "x-ms-lease-action": "acquire",
        "x-ms-lease-duration": "15",
        "x-ms-proposed-lease-id": "7873aeb0-6071-387c-c8ba-94f3d63384fa",
        "x-ms-return-client-request-id": "true",
        "x-ms-version": "2020-06-12"
      },
      "RequestBody": null,
      "StatusCode": 201,
      "ResponseHeaders": {
        "Content-Length": "0",
        "Date": "Tue, 02 Feb 2021 21:52:30 GMT",
        "ETag": "\u00220x8D8C7C4D76B760F\u0022",
        "Last-Modified": "Tue, 02 Feb 2021 21:52:31 GMT",
        "Server": [
          "Windows-Azure-Blob/1.0",
          "Microsoft-HTTPAPI/2.0"
        ],
        "x-ms-client-request-id": "cc57a632-2ff6-3597-0c32-5eb27d931eda",
        "x-ms-lease-id": "7873aeb0-6071-387c-c8ba-94f3d63384fa",
        "x-ms-request-id": "3ae9c828-201e-006f-66ad-f975ac000000",
        "x-ms-version": "2020-06-12"
      },
      "ResponseBody": []
    },
    {
      "RequestUri": "https://seannse.blob.core.windows.net/test-filesystem-4a69f887-2575-c756-fdf4-060a4313b0df/test-directory-2d3090cd-285f-ff3c-652a-e2862b1e0f5f?comp=lease",
      "RequestMethod": "PUT",
      "RequestHeaders": {
        "Authorization": "Sanitized",
        "If-Match": "\u0022garbage\u0022",
        "traceparent": "00-06af4e62609d634f8af69d0569d3c9dd-327944594e0ff74a-00",
        "User-Agent": [
          "azsdk-net-Storage.Files.DataLake/12.7.0-alpha.20210202.1",
          "(.NET 5.0.2; Microsoft Windows 10.0.19042)"
        ],
        "x-ms-client-request-id": "2fc0f3e2-b7dc-5404-41bb-958189402605",
        "x-ms-date": "Tue, 02 Feb 2021 21:52:31 GMT",
        "x-ms-lease-action": "release",
        "x-ms-lease-id": "7873aeb0-6071-387c-c8ba-94f3d63384fa",
        "x-ms-return-client-request-id": "true",
        "x-ms-version": "2020-06-12"
      },
      "RequestBody": null,
      "StatusCode": 412,
      "ResponseHeaders": {
        "Content-Length": "252",
        "Content-Type": "application/xml",
        "Date": "Tue, 02 Feb 2021 21:52:30 GMT",
        "Server": [
          "Windows-Azure-Blob/1.0",
          "Microsoft-HTTPAPI/2.0"
        ],
        "x-ms-client-request-id": "2fc0f3e2-b7dc-5404-41bb-958189402605",
        "x-ms-error-code": "ConditionNotMet",
        "x-ms-request-id": "3ae9c8a6-201e-006f-51ad-f975ac000000",
        "x-ms-version": "2020-06-12"
      },
      "ResponseBody": [
        "\uFEFF\u003C?xml version=\u00221.0\u0022 encoding=\u0022utf-8\u0022?\u003E\u003CError\u003E\u003CCode\u003EConditionNotMet\u003C/Code\u003E\u003CMessage\u003EThe condition specified using HTTP conditional header(s) is not met.\n",
        "RequestId:3ae9c8a6-201e-006f-51ad-f975ac000000\n",
        "Time:2021-02-02T21:52:31.7294229Z\u003C/Message\u003E\u003C/Error\u003E"
      ]
    },
    {
      "RequestUri": "https://seannse.blob.core.windows.net/test-filesystem-4a69f887-2575-c756-fdf4-060a4313b0df?restype=container",
      "RequestMethod": "DELETE",
      "RequestHeaders": {
        "Authorization": "Sanitized",
        "traceparent": "00-259936c372235e4882efe24a88bd97ab-6544c2e7517ac14c-00",
        "User-Agent": [
          "azsdk-net-Storage.Files.DataLake/12.7.0-alpha.20210202.1",
          "(.NET 5.0.2; Microsoft Windows 10.0.19042)"
        ],
        "x-ms-client-request-id": "89cf71d6-efd3-e4fe-b715-834b02773f7b",
        "x-ms-date": "Tue, 02 Feb 2021 21:52:31 GMT",
        "x-ms-return-client-request-id": "true",
        "x-ms-version": "2020-06-12"
      },
      "RequestBody": null,
      "StatusCode": 202,
      "ResponseHeaders": {
        "Content-Length": "0",
        "Date": "Tue, 02 Feb 2021 21:52:31 GMT",
        "Server": [
          "Windows-Azure-Blob/1.0",
          "Microsoft-HTTPAPI/2.0"
        ],
        "x-ms-client-request-id": "89cf71d6-efd3-e4fe-b715-834b02773f7b",
        "x-ms-request-id": "3ae9c8d2-201e-006f-79ad-f975ac000000",
        "x-ms-version": "2020-06-12"
      },
      "ResponseBody": []
    },
    {
      "RequestUri": "https://seannse.blob.core.windows.net/test-filesystem-65a0d9a9-3a6e-d07c-5824-814da5dd0423?restype=container",
      "RequestMethod": "PUT",
      "RequestHeaders": {
        "Authorization": "Sanitized",
        "traceparent": "00-b6a0fb8b8958d74d9950cb347c95e056-5f276f26906a5643-00",
        "User-Agent": [
          "azsdk-net-Storage.Files.DataLake/12.7.0-alpha.20210202.1",
          "(.NET 5.0.2; Microsoft Windows 10.0.19042)"
        ],
        "x-ms-blob-public-access": "container",
        "x-ms-client-request-id": "767d964f-5a7e-9cf6-f4fe-30ae6eb03eda",
        "x-ms-date": "Tue, 02 Feb 2021 21:52:31 GMT",
        "x-ms-return-client-request-id": "true",
        "x-ms-version": "2020-06-12"
      },
      "RequestBody": null,
      "StatusCode": 201,
      "ResponseHeaders": {
        "Content-Length": "0",
        "Date": "Tue, 02 Feb 2021 21:52:32 GMT",
        "ETag": "\u00220x8D8C7C4D7DC6212\u0022",
        "Last-Modified": "Tue, 02 Feb 2021 21:52:32 GMT",
        "Server": [
          "Windows-Azure-Blob/1.0",
          "Microsoft-HTTPAPI/2.0"
        ],
        "x-ms-client-request-id": "767d964f-5a7e-9cf6-f4fe-30ae6eb03eda",
        "x-ms-request-id": "43139711-c01e-0058-34ad-f9a700000000",
        "x-ms-version": "2020-06-12"
      },
      "ResponseBody": []
    },
    {
      "RequestUri": "https://seannse.dfs.core.windows.net/test-filesystem-65a0d9a9-3a6e-d07c-5824-814da5dd0423/test-directory-d1505f11-27cc-0c0a-a8b6-531ad021410a?resource=directory",
      "RequestMethod": "PUT",
      "RequestHeaders": {
        "Accept": "application/json",
        "Authorization": "Sanitized",
        "traceparent": "00-04cb0cdfcb381045845ded71dd936eb9-cf9531f206425847-00",
        "User-Agent": [
          "azsdk-net-Storage.Files.DataLake/12.7.0-alpha.20210202.1",
          "(.NET 5.0.2; Microsoft Windows 10.0.19042)"
        ],
        "x-ms-client-request-id": "2f498f15-c7fd-276a-8b71-cdc707dccbd2",
        "x-ms-date": "Tue, 02 Feb 2021 21:52:31 GMT",
        "x-ms-return-client-request-id": "true",
        "x-ms-version": "2020-06-12"
      },
      "RequestBody": null,
      "StatusCode": 201,
      "ResponseHeaders": {
        "Content-Length": "0",
        "Date": "Tue, 02 Feb 2021 21:52:32 GMT",
        "ETag": "\u00220x8D8C7C4D8171746\u0022",
        "Last-Modified": "Tue, 02 Feb 2021 21:52:32 GMT",
        "Server": [
          "Windows-Azure-HDFS/1.0",
          "Microsoft-HTTPAPI/2.0"
        ],
        "x-ms-client-request-id": "2f498f15-c7fd-276a-8b71-cdc707dccbd2",
        "x-ms-request-id": "5bc4b3e2-601f-008a-39ad-f924ee000000",
        "x-ms-version": "2020-06-12"
      },
      "ResponseBody": []
    },
    {
      "RequestUri": "https://seannse.blob.core.windows.net/test-filesystem-65a0d9a9-3a6e-d07c-5824-814da5dd0423/test-directory-d1505f11-27cc-0c0a-a8b6-531ad021410a",
      "RequestMethod": "HEAD",
      "RequestHeaders": {
        "Authorization": "Sanitized",
        "User-Agent": [
          "azsdk-net-Storage.Files.DataLake/12.7.0-alpha.20210202.1",
          "(.NET 5.0.2; Microsoft Windows 10.0.19042)"
        ],
        "x-ms-client-request-id": "44b55143-565f-e6ae-14c5-744d2fab23f4",
        "x-ms-date": "Tue, 02 Feb 2021 21:52:32 GMT",
        "x-ms-return-client-request-id": "true",
        "x-ms-version": "2020-06-12"
      },
      "RequestBody": null,
      "StatusCode": 200,
      "ResponseHeaders": {
        "Accept-Ranges": "bytes",
        "Content-Length": "0",
        "Content-Type": "application/octet-stream",
        "Date": "Tue, 02 Feb 2021 21:52:32 GMT",
        "ETag": "\u00220x8D8C7C4D8171746\u0022",
        "Last-Modified": "Tue, 02 Feb 2021 21:52:32 GMT",
        "Server": [
          "Windows-Azure-Blob/1.0",
          "Microsoft-HTTPAPI/2.0"
        ],
        "x-ms-access-tier": "Hot",
        "x-ms-access-tier-inferred": "true",
        "x-ms-blob-type": "BlockBlob",
        "x-ms-client-request-id": "44b55143-565f-e6ae-14c5-744d2fab23f4",
        "x-ms-creation-time": "Tue, 02 Feb 2021 21:52:32 GMT",
        "x-ms-group": "$superuser",
        "x-ms-lease-state": "available",
        "x-ms-lease-status": "unlocked",
        "x-ms-meta-hdi_isfolder": "true",
        "x-ms-owner": "$superuser",
        "x-ms-permissions": "rwxr-x---",
        "x-ms-request-id": "4313982c-c01e-0058-3aad-f9a700000000",
        "x-ms-server-encrypted": "true",
        "x-ms-version": "2020-06-12"
      },
      "ResponseBody": []
    },
    {
      "RequestUri": "https://seannse.blob.core.windows.net/test-filesystem-65a0d9a9-3a6e-d07c-5824-814da5dd0423/test-directory-d1505f11-27cc-0c0a-a8b6-531ad021410a?comp=lease",
      "RequestMethod": "PUT",
      "RequestHeaders": {
        "Authorization": "Sanitized",
        "traceparent": "00-1ee5efcb3a448b4ebff7f187bcb4e3b1-f728e997ec34e14c-00",
        "User-Agent": [
          "azsdk-net-Storage.Files.DataLake/12.7.0-alpha.20210202.1",
          "(.NET 5.0.2; Microsoft Windows 10.0.19042)"
        ],
        "x-ms-client-request-id": "b27b3a17-5be2-e5c5-421e-2d139cbe9534",
        "x-ms-date": "Tue, 02 Feb 2021 21:52:32 GMT",
        "x-ms-lease-action": "acquire",
        "x-ms-lease-duration": "15",
        "x-ms-proposed-lease-id": "242226bd-2fb2-837a-bab0-98be0397a025",
        "x-ms-return-client-request-id": "true",
        "x-ms-version": "2020-06-12"
      },
      "RequestBody": null,
      "StatusCode": 201,
      "ResponseHeaders": {
        "Content-Length": "0",
        "Date": "Tue, 02 Feb 2021 21:52:32 GMT",
        "ETag": "\u00220x8D8C7C4D8171746\u0022",
        "Last-Modified": "Tue, 02 Feb 2021 21:52:32 GMT",
        "Server": [
          "Windows-Azure-Blob/1.0",
          "Microsoft-HTTPAPI/2.0"
        ],
        "x-ms-client-request-id": "b27b3a17-5be2-e5c5-421e-2d139cbe9534",
        "x-ms-lease-id": "242226bd-2fb2-837a-bab0-98be0397a025",
        "x-ms-request-id": "43139878-c01e-0058-7ead-f9a700000000",
        "x-ms-version": "2020-06-12"
      },
      "ResponseBody": []
    },
    {
      "RequestUri": "https://seannse.blob.core.windows.net/test-filesystem-65a0d9a9-3a6e-d07c-5824-814da5dd0423/test-directory-d1505f11-27cc-0c0a-a8b6-531ad021410a?comp=lease",
      "RequestMethod": "PUT",
      "RequestHeaders": {
        "Authorization": "Sanitized",
        "If-None-Match": "\u00220x8D8C7C4D8171746\u0022",
        "traceparent": "00-0e413fe9de8fa04f9f68b16fae8881b8-b8d0ce9a12258c42-00",
        "User-Agent": [
          "azsdk-net-Storage.Files.DataLake/12.7.0-alpha.20210202.1",
          "(.NET 5.0.2; Microsoft Windows 10.0.19042)"
        ],
        "x-ms-client-request-id": "f4369702-7130-7411-e2a6-d3b85be60e5c",
        "x-ms-date": "Tue, 02 Feb 2021 21:52:32 GMT",
        "x-ms-lease-action": "release",
        "x-ms-lease-id": "242226bd-2fb2-837a-bab0-98be0397a025",
        "x-ms-return-client-request-id": "true",
        "x-ms-version": "2020-06-12"
      },
      "RequestBody": null,
      "StatusCode": 412,
      "ResponseHeaders": {
        "Content-Length": "252",
        "Content-Type": "application/xml",
        "Date": "Tue, 02 Feb 2021 21:52:32 GMT",
        "Server": [
          "Windows-Azure-Blob/1.0",
          "Microsoft-HTTPAPI/2.0"
        ],
        "x-ms-client-request-id": "f4369702-7130-7411-e2a6-d3b85be60e5c",
        "x-ms-error-code": "ConditionNotMet",
        "x-ms-request-id": "431398a8-c01e-0058-2aad-f9a700000000",
        "x-ms-version": "2020-06-12"
      },
      "ResponseBody": [
        "\uFEFF\u003C?xml version=\u00221.0\u0022 encoding=\u0022utf-8\u0022?\u003E\u003CError\u003E\u003CCode\u003EConditionNotMet\u003C/Code\u003E\u003CMessage\u003EThe condition specified using HTTP conditional header(s) is not met.\n",
        "RequestId:431398a8-c01e-0058-2aad-f9a700000000\n",
        "Time:2021-02-02T21:52:32.8671939Z\u003C/Message\u003E\u003C/Error\u003E"
      ]
    },
    {
      "RequestUri": "https://seannse.blob.core.windows.net/test-filesystem-65a0d9a9-3a6e-d07c-5824-814da5dd0423?restype=container",
      "RequestMethod": "DELETE",
      "RequestHeaders": {
        "Authorization": "Sanitized",
        "traceparent": "00-f73836af9f31f647b6289fd1be1d6383-57bb585e3bad944c-00",
        "User-Agent": [
          "azsdk-net-Storage.Files.DataLake/12.7.0-alpha.20210202.1",
          "(.NET 5.0.2; Microsoft Windows 10.0.19042)"
        ],
        "x-ms-client-request-id": "0511a5e3-a187-4103-7da8-36abafce5d71",
        "x-ms-date": "Tue, 02 Feb 2021 21:52:32 GMT",
        "x-ms-return-client-request-id": "true",
        "x-ms-version": "2020-06-12"
      },
      "RequestBody": null,
      "StatusCode": 202,
      "ResponseHeaders": {
        "Content-Length": "0",
        "Date": "Tue, 02 Feb 2021 21:52:32 GMT",
        "Server": [
          "Windows-Azure-Blob/1.0",
          "Microsoft-HTTPAPI/2.0"
        ],
        "x-ms-client-request-id": "0511a5e3-a187-4103-7da8-36abafce5d71",
        "x-ms-request-id": "431398df-c01e-0058-5dad-f9a700000000",
        "x-ms-version": "2020-06-12"
      },
      "ResponseBody": []
    }
  ],
  "Variables": {
    "DateTimeOffsetNow": "2021-02-02T15:52:28.2412395-06:00",
    "RandomSeed": "1061650112",
    "Storage_TestConfigHierarchicalNamespace": "NamespaceTenant\nseannse\nU2FuaXRpemVk\nhttps://seannse.blob.core.windows.net\nhttps://seannse.file.core.windows.net\nhttps://seannse.queue.core.windows.net\nhttps://seannse.table.core.windows.net\n\n\n\n\nhttps://seannse-secondary.blob.core.windows.net\nhttps://seannse-secondary.file.core.windows.net\nhttps://seannse-secondary.queue.core.windows.net\nhttps://seannse-secondary.table.core.windows.net\n68390a19-a643-458b-b726-408abf67b4fc\nSanitized\n72f988bf-86f1-41af-91ab-2d7cd011db47\nhttps://login.microsoftonline.com/\nCloud\nBlobEndpoint=https://seannse.blob.core.windows.net/;QueueEndpoint=https://seannse.queue.core.windows.net/;FileEndpoint=https://seannse.file.core.windows.net/;BlobSecondaryEndpoint=https://seannse-secondary.blob.core.windows.net/;QueueSecondaryEndpoint=https://seannse-secondary.queue.core.windows.net/;FileSecondaryEndpoint=https://seannse-secondary.file.core.windows.net/;AccountName=seannse;AccountKey=Sanitized\n"
  }
}