{
  "Entries": [
    {
      "RequestUri": "http://gen1gen2domain1.blob.core.windows.net/test-filesystem-82f01d47-d85f-fedc-4331-27f259a67919?restype=container",
      "RequestMethod": "PUT",
      "RequestHeaders": {
        "Authorization": "Sanitized",
        "traceparent": "00-bce056b0f3ac5b48b5563b0d2e1f7385-db2553beb4de0b42-00",
        "User-Agent": [
          "azsdk-net-Storage.Files.DataLake/12.3.0-dev.20200810.1",
          "(.NET Core 4.6.29017.01; Microsoft Windows 10.0.18363 )"
        ],
        "x-ms-blob-public-access": "container",
        "x-ms-client-request-id": "89724313-0803-bfe7-3c8f-e08a604ea309",
        "x-ms-date": "Mon, 10 Aug 2020 23:33:24 GMT",
        "x-ms-return-client-request-id": "true",
        "x-ms-version": "2020-02-10"
      },
      "RequestBody": null,
      "StatusCode": 201,
      "ResponseHeaders": {
        "Content-Length": "0",
        "Date": "Mon, 10 Aug 2020 23:33:23 GMT",
        "ETag": "\u00220x8D83D85C68510A4\u0022",
        "Last-Modified": "Mon, 10 Aug 2020 23:33:24 GMT",
        "Server": [
          "Windows-Azure-Blob/1.0",
          "Microsoft-HTTPAPI/2.0"
        ],
        "x-ms-client-request-id": "89724313-0803-bfe7-3c8f-e08a604ea309",
        "x-ms-request-id": "4e2013a2-501e-0046-6d6e-6fc2a6000000",
        "x-ms-version": "2020-02-10"
      },
      "ResponseBody": []
    },
    {
      "RequestUri": "http://gen1gen2domain1.dfs.core.windows.net/test-filesystem-82f01d47-d85f-fedc-4331-27f259a67919/?action=setAccessControl",
      "RequestMethod": "PATCH",
      "RequestHeaders": {
        "Authorization": "Sanitized",
        "traceparent": "00-a8d8452d893e414f819316ccd2515e23-f2cc049497477f4e-00",
        "User-Agent": [
          "azsdk-net-Storage.Files.DataLake/12.3.0-dev.20200810.1",
          "(.NET Core 4.6.29017.01; Microsoft Windows 10.0.18363 )"
        ],
        "x-ms-acl": "user::--x,group::--x,other::--x",
        "x-ms-client-request-id": "177aba00-cdc8-c5c1-b217-ee76804c5e87",
        "x-ms-date": "Mon, 10 Aug 2020 23:33:24 GMT",
        "x-ms-return-client-request-id": "true",
        "x-ms-version": "2020-02-10"
      },
      "RequestBody": null,
      "StatusCode": 200,
      "ResponseHeaders": {
        "Content-Length": "0",
        "Date": "Mon, 10 Aug 2020 23:33:24 GMT",
        "ETag": "\u00220x8D83D85C6865892\u0022",
        "Last-Modified": "Mon, 10 Aug 2020 23:33:24 GMT",
        "Server": [
          "Windows-Azure-HDFS/1.0",
          "Microsoft-HTTPAPI/2.0"
        ],
        "x-ms-client-request-id": "177aba00-cdc8-c5c1-b217-ee76804c5e87",
        "x-ms-namespace-enabled": "true",
        "x-ms-request-id": "0ee864d5-801f-0008-246e-6fec2e000000",
        "x-ms-version": "2020-02-10"
      },
      "ResponseBody": []
    },
    {
      "RequestUri": "https://gen1gen2domain1.dfs.core.windows.net/test-filesystem-82f01d47-d85f-fedc-4331-27f259a67919/test-directory-e79dc088-88f3-61e0-a2d5-778e5a3a57c5?resource=directory",
      "RequestMethod": "PUT",
      "RequestHeaders": {
        "Authorization": "Sanitized",
        "traceparent": "00-0968c013d1dcb643b181e4b728d65f4c-89cdd7bc6e86d445-00",
        "User-Agent": [
          "azsdk-net-Storage.Files.DataLake/12.3.0-dev.20200810.1",
          "(.NET Core 4.6.29017.01; Microsoft Windows 10.0.18363 )"
        ],
        "x-ms-client-request-id": "a68906c9-8bd3-0c40-a05f-0cb9609ea69d",
        "x-ms-return-client-request-id": "true",
        "x-ms-version": "2020-02-10"
      },
      "RequestBody": null,
      "StatusCode": 201,
      "ResponseHeaders": {
        "Content-Length": "0",
        "Date": "Mon, 10 Aug 2020 23:33:24 GMT",
        "ETag": "\u00220x8D83D85C6F66DFA\u0022",
        "Last-Modified": "Mon, 10 Aug 2020 23:33:25 GMT",
        "Server": [
          "Windows-Azure-HDFS/1.0",
          "Microsoft-HTTPAPI/2.0"
        ],
        "x-ms-client-request-id": "a68906c9-8bd3-0c40-a05f-0cb9609ea69d",
        "x-ms-request-id": "3601b41b-801f-007a-246e-6feb61000000",
        "x-ms-version": "2020-02-10"
      },
      "ResponseBody": []
    },
    {
      "RequestUri": "https://gen1gen2domain1.dfs.core.windows.net/test-filesystem-82f01d47-d85f-fedc-4331-27f259a67919/test-directory-e79dc088-88f3-61e0-a2d5-778e5a3a57c5/test-directory-c559897e-8c52-ea36-ceb6-e77d2e9acea0?resource=directory",
      "RequestMethod": "PUT",
      "RequestHeaders": {
        "Authorization": "Sanitized",
        "traceparent": "00-6baadd710723e1429cae790cced72ef3-37f03bb94c7d5a42-00",
        "User-Agent": [
          "azsdk-net-Storage.Files.DataLake/12.3.0-dev.20200810.1",
          "(.NET Core 4.6.29017.01; Microsoft Windows 10.0.18363 )"
        ],
        "x-ms-client-request-id": "6da801a4-d7b8-3cbd-cf9e-d71da4c3dd06",
        "x-ms-return-client-request-id": "true",
        "x-ms-version": "2020-02-10"
      },
      "RequestBody": null,
      "StatusCode": 201,
      "ResponseHeaders": {
        "Content-Length": "0",
        "Date": "Mon, 10 Aug 2020 23:33:24 GMT",
        "ETag": "\u00220x8D83D85C703B527\u0022",
        "Last-Modified": "Mon, 10 Aug 2020 23:33:25 GMT",
        "Server": [
          "Windows-Azure-HDFS/1.0",
          "Microsoft-HTTPAPI/2.0"
        ],
        "x-ms-client-request-id": "6da801a4-d7b8-3cbd-cf9e-d71da4c3dd06",
        "x-ms-request-id": "3601b41e-801f-007a-276e-6feb61000000",
        "x-ms-version": "2020-02-10"
      },
      "ResponseBody": []
    },
    {
      "RequestUri": "https://gen1gen2domain1.dfs.core.windows.net/test-filesystem-82f01d47-d85f-fedc-4331-27f259a67919/test-directory-e79dc088-88f3-61e0-a2d5-778e5a3a57c5/test-directory-c559897e-8c52-ea36-ceb6-e77d2e9acea0/test-file-813e6b90-2bf1-c6da-d56a-a884f4f2e09b?resource=file",
      "RequestMethod": "PUT",
      "RequestHeaders": {
        "Authorization": "Sanitized",
        "User-Agent": [
          "azsdk-net-Storage.Files.DataLake/12.3.0-dev.20200810.1",
          "(.NET Core 4.6.29017.01; Microsoft Windows 10.0.18363 )"
        ],
        "x-ms-client-request-id": "9eb392f0-e2f4-789e-26e2-984e2e3947dc",
        "x-ms-return-client-request-id": "true",
        "x-ms-version": "2020-02-10"
      },
      "RequestBody": null,
      "StatusCode": 201,
      "ResponseHeaders": {
        "Content-Length": "0",
        "Date": "Mon, 10 Aug 2020 23:33:24 GMT",
        "ETag": "\u00220x8D83D85C7161056\u0022",
        "Last-Modified": "Mon, 10 Aug 2020 23:33:25 GMT",
        "Server": [
          "Windows-Azure-HDFS/1.0",
          "Microsoft-HTTPAPI/2.0"
        ],
        "x-ms-client-request-id": "9eb392f0-e2f4-789e-26e2-984e2e3947dc",
        "x-ms-request-id": "3601b41f-801f-007a-286e-6feb61000000",
        "x-ms-version": "2020-02-10"
      },
      "ResponseBody": []
    },
    {
      "RequestUri": "https://gen1gen2domain1.dfs.core.windows.net/test-filesystem-82f01d47-d85f-fedc-4331-27f259a67919/test-directory-e79dc088-88f3-61e0-a2d5-778e5a3a57c5/test-directory-c559897e-8c52-ea36-ceb6-e77d2e9acea0/test-file-4dcb3cbe-b0eb-2f14-849c-5f8181b6e53f?resource=file",
      "RequestMethod": "PUT",
      "RequestHeaders": {
        "Authorization": "Sanitized",
        "User-Agent": [
          "azsdk-net-Storage.Files.DataLake/12.3.0-dev.20200810.1",
          "(.NET Core 4.6.29017.01; Microsoft Windows 10.0.18363 )"
        ],
        "x-ms-client-request-id": "a465cd28-fdca-406d-7d84-1958821df76f",
        "x-ms-return-client-request-id": "true",
        "x-ms-version": "2020-02-10"
      },
      "RequestBody": null,
      "StatusCode": 201,
      "ResponseHeaders": {
        "Content-Length": "0",
        "Date": "Mon, 10 Aug 2020 23:33:25 GMT",
        "ETag": "\u00220x8D83D85C734B4E2\u0022",
        "Last-Modified": "Mon, 10 Aug 2020 23:33:25 GMT",
        "Server": [
          "Windows-Azure-HDFS/1.0",
          "Microsoft-HTTPAPI/2.0"
        ],
        "x-ms-client-request-id": "a465cd28-fdca-406d-7d84-1958821df76f",
        "x-ms-request-id": "3601b421-801f-007a-2a6e-6feb61000000",
        "x-ms-version": "2020-02-10"
      },
      "ResponseBody": []
    },
    {
      "RequestUri": "https://gen1gen2domain1.dfs.core.windows.net/test-filesystem-82f01d47-d85f-fedc-4331-27f259a67919/test-directory-e79dc088-88f3-61e0-a2d5-778e5a3a57c5/test-directory-de2f59fc-e5a6-7b9d-955c-958ba90466eb?resource=directory",
      "RequestMethod": "PUT",
      "RequestHeaders": {
        "Authorization": "Sanitized",
        "traceparent": "00-cb4fb6ee17a4384985375229545752d8-0e82303ee44ace40-00",
        "User-Agent": [
          "azsdk-net-Storage.Files.DataLake/12.3.0-dev.20200810.1",
          "(.NET Core 4.6.29017.01; Microsoft Windows 10.0.18363 )"
        ],
        "x-ms-client-request-id": "6f139668-9569-4342-2fea-0e6d68e29679",
        "x-ms-return-client-request-id": "true",
        "x-ms-version": "2020-02-10"
      },
      "RequestBody": null,
      "StatusCode": 201,
      "ResponseHeaders": {
        "Content-Length": "0",
        "Date": "Mon, 10 Aug 2020 23:33:25 GMT",
        "ETag": "\u00220x8D83D85C74562AD\u0022",
        "Last-Modified": "Mon, 10 Aug 2020 23:33:25 GMT",
        "Server": [
          "Windows-Azure-HDFS/1.0",
          "Microsoft-HTTPAPI/2.0"
        ],
        "x-ms-client-request-id": "6f139668-9569-4342-2fea-0e6d68e29679",
        "x-ms-request-id": "3601b424-801f-007a-2c6e-6feb61000000",
        "x-ms-version": "2020-02-10"
      },
      "ResponseBody": []
    },
    {
      "RequestUri": "https://gen1gen2domain1.dfs.core.windows.net/test-filesystem-82f01d47-d85f-fedc-4331-27f259a67919/test-directory-e79dc088-88f3-61e0-a2d5-778e5a3a57c5/test-directory-de2f59fc-e5a6-7b9d-955c-958ba90466eb/test-file-0b2f2d1d-44c5-bb1e-e40d-fb5300e35246?resource=file",
      "RequestMethod": "PUT",
      "RequestHeaders": {
        "Authorization": "Sanitized",
        "User-Agent": [
          "azsdk-net-Storage.Files.DataLake/12.3.0-dev.20200810.1",
          "(.NET Core 4.6.29017.01; Microsoft Windows 10.0.18363 )"
        ],
        "x-ms-client-request-id": "fb9c6bbc-e01f-24d4-7757-8a5c9aef424c",
        "x-ms-return-client-request-id": "true",
        "x-ms-version": "2020-02-10"
      },
      "RequestBody": null,
      "StatusCode": 201,
      "ResponseHeaders": {
        "Content-Length": "0",
        "Date": "Mon, 10 Aug 2020 23:33:25 GMT",
        "ETag": "\u00220x8D83D85C756BDC0\u0022",
        "Last-Modified": "Mon, 10 Aug 2020 23:33:25 GMT",
        "Server": [
          "Windows-Azure-HDFS/1.0",
          "Microsoft-HTTPAPI/2.0"
        ],
        "x-ms-client-request-id": "fb9c6bbc-e01f-24d4-7757-8a5c9aef424c",
        "x-ms-request-id": "3601b426-801f-007a-2e6e-6feb61000000",
        "x-ms-version": "2020-02-10"
      },
      "ResponseBody": []
    },
    {
      "RequestUri": "http://gen1gen2domain1.dfs.core.windows.net/test-filesystem-82f01d47-d85f-fedc-4331-27f259a67919/test-directory-e79dc088-88f3-61e0-a2d5-778e5a3a57c5/test-directory-de2f59fc-e5a6-7b9d-955c-958ba90466eb/test-file-6dfdc797-83bf-2688-ab9c-d6b0c1b789dd?resource=file",
      "RequestMethod": "PUT",
      "RequestHeaders": {
        "Authorization": "Sanitized",
        "traceparent": "00-829b60289766db46b501a72f0820c751-26589cdd96c95243-00",
        "User-Agent": [
          "azsdk-net-Storage.Files.DataLake/12.3.0-dev.20200810.1",
          "(.NET Core 4.6.29017.01; Microsoft Windows 10.0.18363 )"
        ],
        "x-ms-client-request-id": "6ace36d2-4b09-3841-e276-4f820a2463bf",
        "x-ms-date": "Mon, 10 Aug 2020 23:33:25 GMT",
        "x-ms-return-client-request-id": "true",
        "x-ms-version": "2020-02-10"
      },
      "RequestBody": null,
      "StatusCode": 201,
      "ResponseHeaders": {
        "Content-Length": "0",
        "Date": "Mon, 10 Aug 2020 23:33:25 GMT",
        "ETag": "\u00220x8D83D85C76FB426\u0022",
        "Last-Modified": "Mon, 10 Aug 2020 23:33:25 GMT",
        "Server": [
          "Windows-Azure-HDFS/1.0",
          "Microsoft-HTTPAPI/2.0"
        ],
        "x-ms-client-request-id": "6ace36d2-4b09-3841-e276-4f820a2463bf",
        "x-ms-request-id": "0ee864d9-801f-0008-276e-6fec2e000000",
        "x-ms-version": "2020-02-10"
      },
      "ResponseBody": []
    },
    {
      "RequestUri": "http://gen1gen2domain1.dfs.core.windows.net/test-filesystem-82f01d47-d85f-fedc-4331-27f259a67919/test-directory-e79dc088-88f3-61e0-a2d5-778e5a3a57c5/test-directory-de2f59fc-e5a6-7b9d-955c-958ba90466eb/test-file-a007acce-ad57-4006-a06d-47c1e8eeb886?resource=file",
      "RequestMethod": "PUT",
      "RequestHeaders": {
        "Authorization": "Sanitized",
        "traceparent": "00-cb07bb25b9da6b47982c9f0407fa3503-5662b1ae9cceb34f-00",
        "User-Agent": [
          "azsdk-net-Storage.Files.DataLake/12.3.0-dev.20200810.1",
          "(.NET Core 4.6.29017.01; Microsoft Windows 10.0.18363 )"
        ],
        "x-ms-client-request-id": "c1cbdb9b-581e-24ed-308e-ca9b037f50f3",
        "x-ms-date": "Mon, 10 Aug 2020 23:33:25 GMT",
        "x-ms-return-client-request-id": "true",
        "x-ms-version": "2020-02-10"
      },
      "RequestBody": null,
      "StatusCode": 201,
      "ResponseHeaders": {
        "Content-Length": "0",
        "Date": "Mon, 10 Aug 2020 23:33:25 GMT",
        "ETag": "\u00220x8D83D85C782C5E6\u0022",
        "Last-Modified": "Mon, 10 Aug 2020 23:33:26 GMT",
        "Server": [
          "Windows-Azure-HDFS/1.0",
          "Microsoft-HTTPAPI/2.0"
        ],
        "x-ms-client-request-id": "c1cbdb9b-581e-24ed-308e-ca9b037f50f3",
        "x-ms-request-id": "0ee864db-801f-0008-296e-6fec2e000000",
        "x-ms-version": "2020-02-10"
      },
      "ResponseBody": []
    },
    {
      "RequestUri": "http://gen1gen2domain1.dfs.core.windows.net/test-filesystem-82f01d47-d85f-fedc-4331-27f259a67919/test-directory-e79dc088-88f3-61e0-a2d5-778e5a3a57c5/test-directory-de2f59fc-e5a6-7b9d-955c-958ba90466eb/test-file-79ddc9bd-d846-b0d6-d7fe-e7f9fa3538fb?resource=file",
      "RequestMethod": "PUT",
      "RequestHeaders": {
        "Authorization": "Sanitized",
        "traceparent": "00-f514c682c369574e8ceca9898a405f71-15a2f00894f4084d-00",
        "User-Agent": [
          "azsdk-net-Storage.Files.DataLake/12.3.0-dev.20200810.1",
          "(.NET Core 4.6.29017.01; Microsoft Windows 10.0.18363 )"
        ],
        "x-ms-client-request-id": "3e12bf0d-0cc7-c2ba-041b-e91f71f42afa",
        "x-ms-date": "Mon, 10 Aug 2020 23:33:26 GMT",
        "x-ms-return-client-request-id": "true",
        "x-ms-version": "2020-02-10"
      },
      "RequestBody": null,
      "StatusCode": 201,
      "ResponseHeaders": {
        "Content-Length": "0",
        "Date": "Mon, 10 Aug 2020 23:33:26 GMT",
        "ETag": "\u00220x8D83D85C7A489FC\u0022",
        "Last-Modified": "Mon, 10 Aug 2020 23:33:26 GMT",
        "Server": [
          "Windows-Azure-HDFS/1.0",
          "Microsoft-HTTPAPI/2.0"
        ],
        "x-ms-client-request-id": "3e12bf0d-0cc7-c2ba-041b-e91f71f42afa",
        "x-ms-request-id": "0ee864dc-801f-0008-2a6e-6fec2e000000",
        "x-ms-version": "2020-02-10"
      },
      "ResponseBody": []
    },
    {
      "RequestUri": "http://gen1gen2domain1.dfs.core.windows.net/test-filesystem-82f01d47-d85f-fedc-4331-27f259a67919/test-directory-e79dc088-88f3-61e0-a2d5-778e5a3a57c5/test-directory-de2f59fc-e5a6-7b9d-955c-958ba90466eb/test-directory-bdb3cf55-4359-c6cf-6091-d68c7e7c5b9e?resource=directory",
      "RequestMethod": "PUT",
      "RequestHeaders": {
        "Authorization": "Sanitized",
        "traceparent": "00-f6e0d5450f501d448a668f2a5270da6a-fa7173f1f0d45046-00",
        "User-Agent": [
          "azsdk-net-Storage.Files.DataLake/12.3.0-dev.20200810.1",
          "(.NET Core 4.6.29017.01; Microsoft Windows 10.0.18363 )"
        ],
        "x-ms-client-request-id": "85055f8f-4885-cae0-ef4b-de35352e4388",
        "x-ms-date": "Mon, 10 Aug 2020 23:33:26 GMT",
        "x-ms-return-client-request-id": "true",
        "x-ms-version": "2020-02-10"
      },
      "RequestBody": null,
      "StatusCode": 201,
      "ResponseHeaders": {
        "Content-Length": "0",
        "Date": "Mon, 10 Aug 2020 23:33:26 GMT",
        "ETag": "\u00220x8D83D85C7C338F2\u0022",
        "Last-Modified": "Mon, 10 Aug 2020 23:33:26 GMT",
        "Server": [
          "Windows-Azure-HDFS/1.0",
          "Microsoft-HTTPAPI/2.0"
        ],
        "x-ms-client-request-id": "85055f8f-4885-cae0-ef4b-de35352e4388",
        "x-ms-request-id": "0ee864dd-801f-0008-2b6e-6fec2e000000",
        "x-ms-version": "2020-02-10"
      },
      "ResponseBody": []
    },
    {
      "RequestUri": "https://gen1gen2domain1.dfs.core.windows.net/test-filesystem-82f01d47-d85f-fedc-4331-27f259a67919/test-directory-e79dc088-88f3-61e0-a2d5-778e5a3a57c5?action=setAccessControlRecursive\u0026mode=remove\u0026forceFlag=true",
      "RequestMethod": "PATCH",
      "RequestHeaders": {
        "Authorization": "Sanitized",
        "traceparent": "00-b7fe3f943f50784a93a17dadd90b350f-62f2754c6cf5634e-00",
        "User-Agent": [
          "azsdk-net-Storage.Files.DataLake/12.3.0-dev.20200810.1",
          "(.NET Core 4.6.29017.01; Microsoft Windows 10.0.18363 )"
        ],
        "x-ms-acl": "mask,default:user,default:group,user:ec3595d6-2c17-4696-8caa-7e139758d24a,group:ec3595d6-2c17-4696-8caa-7e139758d24a,default:user:ec3595d6-2c17-4696-8caa-7e139758d24a,default:group:ec3595d6-2c17-4696-8caa-7e139758d24a",
        "x-ms-client-request-id": "1ffd28b6-d676-b018-cd20-4bd71cfda65d",
        "x-ms-return-client-request-id": "true",
        "x-ms-version": "2020-02-10"
      },
      "RequestBody": null,
      "StatusCode": 200,
      "ResponseHeaders": {
        "Date": "Mon, 10 Aug 2020 23:33:26 GMT",
        "Server": [
          "Windows-Azure-HDFS/1.0",
          "Microsoft-HTTPAPI/2.0"
        ],
        "Transfer-Encoding": "chunked",
        "x-ms-client-request-id": "1ffd28b6-d676-b018-cd20-4bd71cfda65d",
        "x-ms-namespace-enabled": "true",
        "x-ms-request-id": "3601b42b-801f-007a-336e-6feb61000000",
        "x-ms-version": "2020-02-10"
      },
      "ResponseBody": "eyJkaXJlY3Rvcmllc1N1Y2Nlc3NmdWwiOjMsImZhaWxlZEVudHJpZXMiOlt7ImVycm9yTWVzc2FnZSI6IlRoaXMgcmVxdWVzdCBpcyBub3QgYXV0aG9yaXplZCB0byBwZXJmb3JtIHRoaXMgb3BlcmF0aW9uIHVzaW5nIHRoaXMgcGVybWlzc2lvbi4iLCJuYW1lIjoidGVzdC1kaXJlY3RvcnktZTc5ZGMwODgtODhmMy02MWUwLWEyZDUtNzc4ZTVhM2E1N2M1L3Rlc3QtZGlyZWN0b3J5LWRlMmY1OWZjLWU1YTYtN2I5ZC05NTVjLTk1OGJhOTA0NjZlYi90ZXN0LWZpbGUtYTAwN2FjY2UtYWQ1Ny00MDA2LWEwNmQtNDdjMWU4ZWViODg2IiwidHlwZSI6IkZJTEUifSx7ImVycm9yTWVzc2FnZSI6IlRoaXMgcmVxdWVzdCBpcyBub3QgYXV0aG9yaXplZCB0byBwZXJmb3JtIHRoaXMgb3BlcmF0aW9uIHVzaW5nIHRoaXMgcGVybWlzc2lvbi4iLCJuYW1lIjoidGVzdC1kaXJlY3RvcnktZTc5ZGMwODgtODhmMy02MWUwLWEyZDUtNzc4ZTVhM2E1N2M1L3Rlc3QtZGlyZWN0b3J5LWRlMmY1OWZjLWU1YTYtN2I5ZC05NTVjLTk1OGJhOTA0NjZlYi90ZXN0LWZpbGUtNzlkZGM5YmQtZDg0Ni1iMGQ2LWQ3ZmUtZTdmOWZhMzUzOGZiIiwidHlwZSI6IkZJTEUifSx7ImVycm9yTWVzc2FnZSI6IlRoaXMgcmVxdWVzdCBpcyBub3QgYXV0aG9yaXplZCB0byBwZXJmb3JtIHRoaXMgb3BlcmF0aW9uIHVzaW5nIHRoaXMgcGVybWlzc2lvbi4iLCJuYW1lIjoidGVzdC1kaXJlY3RvcnktZTc5ZGMwODgtODhmMy02MWUwLWEyZDUtNzc4ZTVhM2E1N2M1L3Rlc3QtZGlyZWN0b3J5LWRlMmY1OWZjLWU1YTYtN2I5ZC05NTVjLTk1OGJhOTA0NjZlYi90ZXN0LWRpcmVjdG9yeS1iZGIzY2Y1NS00MzU5LWM2Y2YtNjA5MS1kNjhjN2U3YzViOWUiLCJ0eXBlIjoiRElSRUNUT1JZIn0seyJlcnJvck1lc3NhZ2UiOiJUaGlzIHJlcXVlc3QgaXMgbm90IGF1dGhvcml6ZWQgdG8gcGVyZm9ybSB0aGlzIG9wZXJhdGlvbiB1c2luZyB0aGlzIHBlcm1pc3Npb24uIiwibmFtZSI6InRlc3QtZGlyZWN0b3J5LWU3OWRjMDg4LTg4ZjMtNjFlMC1hMmQ1LTc3OGU1YTNhNTdjNS90ZXN0LWRpcmVjdG9yeS1kZTJmNTlmYy1lNWE2LTdiOWQtOTU1Yy05NThiYTkwNDY2ZWIvdGVzdC1maWxlLTZkZmRjNzk3LTgzYmYtMjY4OC1hYjljLWQ2YjBjMWI3ODlkZCIsInR5cGUiOiJGSUxFIn1dLCJmYWlsdXJlQ291bnQiOjQsImZpbGVzU3VjY2Vzc2Z1bCI6M30K"
    },
    {
      "RequestUri": "http://gen1gen2domain1.blob.core.windows.net/test-filesystem-82f01d47-d85f-fedc-4331-27f259a67919?restype=container",
      "RequestMethod": "DELETE",
      "RequestHeaders": {
        "Authorization": "Sanitized",
        "traceparent": "00-b9bc0aecb53b2845b73c8ceb24068879-23957929f9e53441-00",
        "User-Agent": [
          "azsdk-net-Storage.Files.DataLake/12.3.0-dev.20200810.1",
          "(.NET Core 4.6.29017.01; Microsoft Windows 10.0.18363 )"
        ],
        "x-ms-client-request-id": "0d7fc693-2431-e812-3175-f6e7a4fe3e9d",
        "x-ms-date": "Mon, 10 Aug 2020 23:33:26 GMT",
        "x-ms-return-client-request-id": "true",
        "x-ms-version": "2020-02-10"
      },
      "RequestBody": null,
      "StatusCode": 202,
      "ResponseHeaders": {
        "Content-Length": "0",
        "Date": "Mon, 10 Aug 2020 23:33:26 GMT",
        "Server": [
          "Windows-Azure-Blob/1.0",
          "Microsoft-HTTPAPI/2.0"
        ],
        "x-ms-client-request-id": "0d7fc693-2431-e812-3175-f6e7a4fe3e9d",
        "x-ms-request-id": "4e20157e-501e-0046-216e-6fc2a6000000",
        "x-ms-version": "2020-02-10"
      },
      "ResponseBody": []
    }
  ],
  "Variables": {
    "RandomSeed": "256377884",
    "Storage_TestConfigHierarchicalNamespace": "NamespaceTenant\ngen1gen2domain1\nU2FuaXRpemVk\nhttp://gen1gen2domain1.blob.core.windows.net\nhttp://gen1gen2domain1.file.core.windows.net\nhttp://gen1gen2domain1.queue.core.windows.net\nhttp://gen1gen2domain1.table.core.windows.net\n\n\n\n\nhttp://gen1gen2domain1-secondary.blob.core.windows.net\nhttp://gen1gen2domain1-secondary.file.core.windows.net\nhttp://gen1gen2domain1-secondary.queue.core.windows.net\n\nc6b5fe1a-9b59-4975-92c4-d9f728c3c371\nSanitized\n72f988bf-86f1-41af-91ab-2d7cd011db47\nhttps://login.microsoftonline.com/\nCloud\nBlobEndpoint=http://gen1gen2domain1.blob.core.windows.net/;QueueEndpoint=http://gen1gen2domain1.queue.core.windows.net/;FileEndpoint=http://gen1gen2domain1.file.core.windows.net/;BlobSecondaryEndpoint=http://gen1gen2domain1-secondary.blob.core.windows.net/;QueueSecondaryEndpoint=http://gen1gen2domain1-secondary.queue.core.windows.net/;FileSecondaryEndpoint=http://gen1gen2domain1-secondary.file.core.windows.net/;AccountName=gen1gen2domain1;AccountKey=Sanitized\n"
  }
}