{
  "Entries": [
    {
      "RequestUri": "https://seannse.blob.core.windows.net/test-filesystem-d2c7412f-54d2-b24e-69ab-2055d627ccb7?restype=container",
      "RequestMethod": "PUT",
      "RequestHeaders": {
        "Authorization": "Sanitized",
        "traceparent": "00-896cf0bc03b9a94c99c5f83e15acddec-35c7a218459eee43-00",
        "User-Agent": [
          "azsdk-net-Storage.Files.DataLake/12.7.0-alpha.20210202.1",
          "(.NET 5.0.2; Microsoft Windows 10.0.19042)"
        ],
        "x-ms-blob-public-access": "container",
        "x-ms-client-request-id": "0c8813d9-f670-3e1b-fe45-4ddeb9a78d5a",
        "x-ms-date": "Tue, 02 Feb 2021 21:52:32 GMT",
        "x-ms-return-client-request-id": "true",
        "x-ms-version": "2020-06-12"
      },
      "RequestBody": null,
      "StatusCode": 201,
      "ResponseHeaders": {
        "Content-Length": "0",
        "Date": "Tue, 02 Feb 2021 21:52:32 GMT",
        "ETag": "\u00220x8D8C7C4D885C18F\u0022",
        "Last-Modified": "Tue, 02 Feb 2021 21:52:33 GMT",
        "Server": [
          "Windows-Azure-Blob/1.0",
          "Microsoft-HTTPAPI/2.0"
        ],
        "x-ms-client-request-id": "0c8813d9-f670-3e1b-fe45-4ddeb9a78d5a",
        "x-ms-request-id": "98090e8a-e01e-00ab-50ad-f90095000000",
        "x-ms-version": "2020-06-12"
      },
      "ResponseBody": []
    },
    {
      "RequestUri": "https://seannse.dfs.core.windows.net/test-filesystem-d2c7412f-54d2-b24e-69ab-2055d627ccb7/test-directory-d4ffd099-93a7-5cef-7d90-a187da4f1eeb?resource=directory",
      "RequestMethod": "PUT",
      "RequestHeaders": {
        "Accept": "application/json",
        "Authorization": "Sanitized",
        "traceparent": "00-79ca729825f1334c9cf92862142eeddd-bede988fa74d0948-00",
        "User-Agent": [
          "azsdk-net-Storage.Files.DataLake/12.7.0-alpha.20210202.1",
          "(.NET 5.0.2; Microsoft Windows 10.0.19042)"
        ],
        "x-ms-client-request-id": "c36520bc-507d-4527-232c-8fe0549364ae",
        "x-ms-date": "Tue, 02 Feb 2021 21:52:32 GMT",
        "x-ms-return-client-request-id": "true",
        "x-ms-version": "2020-06-12"
      },
      "RequestBody": null,
      "StatusCode": 201,
      "ResponseHeaders": {
        "Content-Length": "0",
        "Date": "Tue, 02 Feb 2021 21:52:33 GMT",
        "ETag": "\u00220x8D8C7C4D8BB6CF4\u0022",
        "Last-Modified": "Tue, 02 Feb 2021 21:52:33 GMT",
        "Server": [
          "Windows-Azure-HDFS/1.0",
          "Microsoft-HTTPAPI/2.0"
        ],
        "x-ms-client-request-id": "c36520bc-507d-4527-232c-8fe0549364ae",
        "x-ms-request-id": "bb2e7811-d01f-0054-11ad-f93008000000",
        "x-ms-version": "2020-06-12"
      },
      "ResponseBody": []
    },
    {
      "RequestUri": "https://seannse.dfs.core.windows.net/test-filesystem-d2c7412f-54d2-b24e-69ab-2055d627ccb7/test-directory-d4ffd099-93a7-5cef-7d90-a187da4f1eeb/test-directory-68576127-ca2b-d9bb-8987-b1639dc1d698?resource=directory",
      "RequestMethod": "PUT",
      "RequestHeaders": {
        "Accept": "application/json",
        "Authorization": "Sanitized",
        "User-Agent": [
          "azsdk-net-Storage.Files.DataLake/12.7.0-alpha.20210202.1",
          "(.NET 5.0.2; Microsoft Windows 10.0.19042)"
        ],
        "x-ms-client-request-id": "240647df-158d-f25e-648c-39f69fc4a862",
        "x-ms-date": "Tue, 02 Feb 2021 21:52:33 GMT",
        "x-ms-return-client-request-id": "true",
        "x-ms-version": "2020-06-12"
      },
      "RequestBody": null,
      "StatusCode": 201,
      "ResponseHeaders": {
        "Content-Length": "0",
        "Date": "Tue, 02 Feb 2021 21:52:33 GMT",
        "ETag": "\u00220x8D8C7C4D8C8DA3A\u0022",
        "Last-Modified": "Tue, 02 Feb 2021 21:52:33 GMT",
        "Server": [
          "Windows-Azure-HDFS/1.0",
          "Microsoft-HTTPAPI/2.0"
        ],
        "x-ms-client-request-id": "240647df-158d-f25e-648c-39f69fc4a862",
        "x-ms-request-id": "bb2e7819-d01f-0054-19ad-f93008000000",
        "x-ms-version": "2020-06-12"
      },
      "ResponseBody": []
    },
    {
      "RequestUri": "https://seannse.dfs.core.windows.net/test-filesystem-d2c7412f-54d2-b24e-69ab-2055d627ccb7/test-directory-d4ffd099-93a7-5cef-7d90-a187da4f1eeb/test-directory-68576127-ca2b-d9bb-8987-b1639dc1d698/test-file-3ccdf655-aac8-ccc4-f320-3ef42b48a823?resource=file",
      "RequestMethod": "PUT",
      "RequestHeaders": {
        "Accept": "application/json",
        "Authorization": "Sanitized",
        "User-Agent": [
          "azsdk-net-Storage.Files.DataLake/12.7.0-alpha.20210202.1",
          "(.NET 5.0.2; Microsoft Windows 10.0.19042)"
        ],
        "x-ms-client-request-id": "3a1d3c8d-e698-34c6-833a-316cd669c71c",
        "x-ms-date": "Tue, 02 Feb 2021 21:52:33 GMT",
        "x-ms-return-client-request-id": "true",
        "x-ms-version": "2020-06-12"
      },
      "RequestBody": null,
      "StatusCode": 201,
      "ResponseHeaders": {
        "Content-Length": "0",
        "Date": "Tue, 02 Feb 2021 21:52:33 GMT",
        "ETag": "\u00220x8D8C7C4D8D790AD\u0022",
        "Last-Modified": "Tue, 02 Feb 2021 21:52:33 GMT",
        "Server": [
          "Windows-Azure-HDFS/1.0",
          "Microsoft-HTTPAPI/2.0"
        ],
        "x-ms-client-request-id": "3a1d3c8d-e698-34c6-833a-316cd669c71c",
        "x-ms-request-id": "bb2e781e-d01f-0054-1ead-f93008000000",
        "x-ms-version": "2020-06-12"
      },
      "ResponseBody": []
    },
    {
      "RequestUri": "https://seannse.dfs.core.windows.net/test-filesystem-d2c7412f-54d2-b24e-69ab-2055d627ccb7/test-directory-d4ffd099-93a7-5cef-7d90-a187da4f1eeb/test-directory-68576127-ca2b-d9bb-8987-b1639dc1d698/test-file-7c9216e4-5341-a3a8-ebd0-82ef5567ab7b?resource=file",
      "RequestMethod": "PUT",
      "RequestHeaders": {
        "Accept": "application/json",
        "Authorization": "Sanitized",
        "User-Agent": [
          "azsdk-net-Storage.Files.DataLake/12.7.0-alpha.20210202.1",
          "(.NET 5.0.2; Microsoft Windows 10.0.19042)"
        ],
        "x-ms-client-request-id": "0a793911-1ae5-3923-9379-4ec864d6df1b",
        "x-ms-date": "Tue, 02 Feb 2021 21:52:33 GMT",
        "x-ms-return-client-request-id": "true",
        "x-ms-version": "2020-06-12"
      },
      "RequestBody": null,
      "StatusCode": 201,
      "ResponseHeaders": {
        "Content-Length": "0",
        "Date": "Tue, 02 Feb 2021 21:52:33 GMT",
        "ETag": "\u00220x8D8C7C4D8E617BF\u0022",
        "Last-Modified": "Tue, 02 Feb 2021 21:52:33 GMT",
        "Server": [
          "Windows-Azure-HDFS/1.0",
          "Microsoft-HTTPAPI/2.0"
        ],
        "x-ms-client-request-id": "0a793911-1ae5-3923-9379-4ec864d6df1b",
        "x-ms-request-id": "bb2e7829-d01f-0054-29ad-f93008000000",
        "x-ms-version": "2020-06-12"
      },
      "ResponseBody": []
    },
    {
      "RequestUri": "https://seannse.dfs.core.windows.net/test-filesystem-d2c7412f-54d2-b24e-69ab-2055d627ccb7/test-directory-d4ffd099-93a7-5cef-7d90-a187da4f1eeb/test-directory-fde3b68e-d801-75f1-8b16-20f28128224d?resource=directory",
      "RequestMethod": "PUT",
      "RequestHeaders": {
        "Accept": "application/json",
        "Authorization": "Sanitized",
        "User-Agent": [
          "azsdk-net-Storage.Files.DataLake/12.7.0-alpha.20210202.1",
          "(.NET 5.0.2; Microsoft Windows 10.0.19042)"
        ],
        "x-ms-client-request-id": "caf1b56e-28ba-384e-4803-7ecefa30b76b",
        "x-ms-date": "Tue, 02 Feb 2021 21:52:33 GMT",
        "x-ms-return-client-request-id": "true",
        "x-ms-version": "2020-06-12"
      },
      "RequestBody": null,
      "StatusCode": 201,
      "ResponseHeaders": {
        "Content-Length": "0",
        "Date": "Tue, 02 Feb 2021 21:52:33 GMT",
        "ETag": "\u00220x8D8C7C4D8F3DCF0\u0022",
        "Last-Modified": "Tue, 02 Feb 2021 21:52:34 GMT",
        "Server": [
          "Windows-Azure-HDFS/1.0",
          "Microsoft-HTTPAPI/2.0"
        ],
        "x-ms-client-request-id": "caf1b56e-28ba-384e-4803-7ecefa30b76b",
        "x-ms-request-id": "bb2e782b-d01f-0054-2bad-f93008000000",
        "x-ms-version": "2020-06-12"
      },
      "ResponseBody": []
    },
    {
      "RequestUri": "https://seannse.dfs.core.windows.net/test-filesystem-d2c7412f-54d2-b24e-69ab-2055d627ccb7/test-directory-d4ffd099-93a7-5cef-7d90-a187da4f1eeb/test-directory-fde3b68e-d801-75f1-8b16-20f28128224d/test-file-321e0057-c3f7-ee2d-2074-48d37d4056c9?resource=file",
      "RequestMethod": "PUT",
      "RequestHeaders": {
        "Accept": "application/json",
        "Authorization": "Sanitized",
        "User-Agent": [
          "azsdk-net-Storage.Files.DataLake/12.7.0-alpha.20210202.1",
          "(.NET 5.0.2; Microsoft Windows 10.0.19042)"
        ],
        "x-ms-client-request-id": "1f59ef76-e6a4-aa8e-8803-aa45e07abb08",
        "x-ms-date": "Tue, 02 Feb 2021 21:52:33 GMT",
        "x-ms-return-client-request-id": "true",
        "x-ms-version": "2020-06-12"
      },
      "RequestBody": null,
      "StatusCode": 201,
      "ResponseHeaders": {
        "Content-Length": "0",
        "Date": "Tue, 02 Feb 2021 21:52:33 GMT",
        "ETag": "\u00220x8D8C7C4D902D58E\u0022",
        "Last-Modified": "Tue, 02 Feb 2021 21:52:34 GMT",
        "Server": [
          "Windows-Azure-HDFS/1.0",
          "Microsoft-HTTPAPI/2.0"
        ],
        "x-ms-client-request-id": "1f59ef76-e6a4-aa8e-8803-aa45e07abb08",
        "x-ms-request-id": "bb2e7833-d01f-0054-33ad-f93008000000",
        "x-ms-version": "2020-06-12"
      },
      "ResponseBody": []
    },
    {
      "RequestUri": "https://seannse.dfs.core.windows.net/test-filesystem-d2c7412f-54d2-b24e-69ab-2055d627ccb7/test-directory-d4ffd099-93a7-5cef-7d90-a187da4f1eeb/test-file-60d0b5ad-ebac-fe34-6d9c-4e51f043cc59?resource=file",
      "RequestMethod": "PUT",
      "RequestHeaders": {
        "Accept": "application/json",
        "Authorization": "Sanitized",
        "User-Agent": [
          "azsdk-net-Storage.Files.DataLake/12.7.0-alpha.20210202.1",
          "(.NET 5.0.2; Microsoft Windows 10.0.19042)"
        ],
        "x-ms-client-request-id": "6b3dcbeb-13f6-8ad7-ba5b-b207973cba44",
        "x-ms-date": "Tue, 02 Feb 2021 21:52:33 GMT",
        "x-ms-return-client-request-id": "true",
        "x-ms-version": "2020-06-12"
      },
      "RequestBody": null,
      "StatusCode": 201,
      "ResponseHeaders": {
        "Content-Length": "0",
        "Date": "Tue, 02 Feb 2021 21:52:33 GMT",
        "ETag": "\u00220x8D8C7C4D911506A\u0022",
        "Last-Modified": "Tue, 02 Feb 2021 21:52:34 GMT",
        "Server": [
          "Windows-Azure-HDFS/1.0",
          "Microsoft-HTTPAPI/2.0"
        ],
        "x-ms-client-request-id": "6b3dcbeb-13f6-8ad7-ba5b-b207973cba44",
        "x-ms-request-id": "bb2e784d-d01f-0054-4dad-f93008000000",
        "x-ms-version": "2020-06-12"
      },
      "ResponseBody": []
    },
    {
      "RequestUri": "https://seannse.dfs.core.windows.net/test-filesystem-d2c7412f-54d2-b24e-69ab-2055d627ccb7/test-directory-d4ffd099-93a7-5cef-7d90-a187da4f1eeb?action=setAccessControlRecursive\u0026mode=remove",
      "RequestMethod": "PATCH",
      "RequestHeaders": {
        "Accept": "application/json",
        "Authorization": "Sanitized",
        "User-Agent": [
          "azsdk-net-Storage.Files.DataLake/12.7.0-alpha.20210202.1",
          "(.NET 5.0.2; Microsoft Windows 10.0.19042)"
        ],
        "x-ms-acl": "mask,default:user,default:group,user:ec3595d6-2c17-4696-8caa-7e139758d24a,group:ec3595d6-2c17-4696-8caa-7e139758d24a,default:user:ec3595d6-2c17-4696-8caa-7e139758d24a,default:group:ec3595d6-2c17-4696-8caa-7e139758d24a",
        "x-ms-client-request-id": "2466e6fc-6006-ed63-ebd3-d38a841d80cf",
        "x-ms-date": "Tue, 02 Feb 2021 21:52:33 GMT",
        "x-ms-return-client-request-id": "true",
        "x-ms-version": "2020-06-12"
      },
      "RequestBody": null,
      "StatusCode": 200,
      "ResponseHeaders": {
        "Date": "Tue, 02 Feb 2021 21:52:34 GMT",
        "Server": [
          "Windows-Azure-HDFS/1.0",
          "Microsoft-HTTPAPI/2.0"
        ],
        "Transfer-Encoding": "chunked",
        "x-ms-client-request-id": "2466e6fc-6006-ed63-ebd3-d38a841d80cf",
        "x-ms-namespace-enabled": "true",
        "x-ms-request-id": "bb2e7855-d01f-0054-55ad-f93008000000",
        "x-ms-version": "2020-06-12"
      },
      "ResponseBody": "eyJkaXJlY3Rvcmllc1N1Y2Nlc3NmdWwiOjMsImZhaWxlZEVudHJpZXMiOltdLCJmYWlsdXJlQ291bnQiOjAsImZpbGVzU3VjY2Vzc2Z1bCI6NH0K"
    },
    {
      "RequestUri": "https://seannse.blob.core.windows.net/test-filesystem-d2c7412f-54d2-b24e-69ab-2055d627ccb7?restype=container",
      "RequestMethod": "DELETE",
      "RequestHeaders": {
        "Authorization": "Sanitized",
        "traceparent": "00-9a1487af96ea564986ee6e93ce45f0ca-cc5a387f0c580643-00",
        "User-Agent": [
          "azsdk-net-Storage.Files.DataLake/12.7.0-alpha.20210202.1",
          "(.NET 5.0.2; Microsoft Windows 10.0.19042)"
        ],
        "x-ms-client-request-id": "b00b920a-96d6-d63e-ed56-31495996f173",
        "x-ms-date": "Tue, 02 Feb 2021 21:52:33 GMT",
        "x-ms-return-client-request-id": "true",
        "x-ms-version": "2020-06-12"
      },
      "RequestBody": null,
      "StatusCode": 202,
      "ResponseHeaders": {
        "Content-Length": "0",
        "Date": "Tue, 02 Feb 2021 21:52:33 GMT",
        "Server": [
          "Windows-Azure-Blob/1.0",
          "Microsoft-HTTPAPI/2.0"
        ],
        "x-ms-client-request-id": "b00b920a-96d6-d63e-ed56-31495996f173",
        "x-ms-request-id": "980912ea-e01e-00ab-3dad-f90095000000",
        "x-ms-version": "2020-06-12"
      },
      "ResponseBody": []
    }
  ],
  "Variables": {
    "RandomSeed": "429583178",
    "Storage_TestConfigHierarchicalNamespace": "NamespaceTenant\nseannse\nU2FuaXRpemVk\nhttps://seannse.blob.core.windows.net\nhttps://seannse.file.core.windows.net\nhttps://seannse.queue.core.windows.net\nhttps://seannse.table.core.windows.net\n\n\n\n\nhttps://seannse-secondary.blob.core.windows.net\nhttps://seannse-secondary.file.core.windows.net\nhttps://seannse-secondary.queue.core.windows.net\nhttps://seannse-secondary.table.core.windows.net\n68390a19-a643-458b-b726-408abf67b4fc\nSanitized\n72f988bf-86f1-41af-91ab-2d7cd011db47\nhttps://login.microsoftonline.com/\nCloud\nBlobEndpoint=https://seannse.blob.core.windows.net/;QueueEndpoint=https://seannse.queue.core.windows.net/;FileEndpoint=https://seannse.file.core.windows.net/;BlobSecondaryEndpoint=https://seannse-secondary.blob.core.windows.net/;QueueSecondaryEndpoint=https://seannse-secondary.queue.core.windows.net/;FileSecondaryEndpoint=https://seannse-secondary.file.core.windows.net/;AccountName=seannse;AccountKey=Sanitized\n"
  }
}