{
  "Entries": [
    {
      "RequestUri": "http://seannsecanary.blob.core.windows.net/test-filesystem-5e04e273-6bb7-3a6a-31e7-91550cff5c98?restype=container",
      "RequestMethod": "PUT",
      "RequestHeaders": {
        "Authorization": "Sanitized",
        "traceparent": "00-aaaa1219f35be6468951506dc09a1667-100ba7928a22364a-00",
        "User-Agent": [
          "azsdk-net-Storage.Files.DataLake/12.2.0-dev.20200413.1",
          "(.NET Core 4.6.28325.01; Microsoft Windows 10.0.18362 )"
        ],
        "x-ms-blob-public-access": "container",
        "x-ms-client-request-id": "a947eace-2e51-bed8-19d2-bf6ed1878f47",
        "x-ms-date": "Tue, 14 Apr 2020 00:01:10 GMT",
        "x-ms-return-client-request-id": "true",
        "x-ms-version": "2019-07-07"
      },
      "RequestBody": null,
      "StatusCode": 201,
      "ResponseHeaders": {
        "Content-Length": "0",
        "Date": "Tue, 14 Apr 2020 00:01:10 GMT",
        "ETag": "\u00220x8D7E006F00BB535\u0022",
        "Last-Modified": "Tue, 14 Apr 2020 00:01:09 GMT",
        "Server": [
          "Windows-Azure-Blob/1.0",
          "Microsoft-HTTPAPI/2.0"
        ],
        "x-ms-client-request-id": "a947eace-2e51-bed8-19d2-bf6ed1878f47",
        "x-ms-request-id": "1dfc34f8-d01e-0067-30ef-115d5c000000",
        "x-ms-version": "2019-07-07"
      },
      "ResponseBody": []
    },
    {
      "RequestUri": "http://seannsecanary.blob.core.windows.net/test-filesystem-f75be5ea-3a54-0a90-c43c-bffc58af360f?restype=container",
      "RequestMethod": "PUT",
      "RequestHeaders": {
        "Authorization": "Sanitized",
        "traceparent": "00-81cd49ca29d60646ba222d8240850929-365c4d791dcccb4d-00",
        "User-Agent": [
          "azsdk-net-Storage.Files.DataLake/12.2.0-dev.20200413.1",
          "(.NET Core 4.6.28325.01; Microsoft Windows 10.0.18362 )"
        ],
        "x-ms-blob-public-access": "container",
        "x-ms-client-request-id": "1fd0cb2b-53c7-94ca-593d-e5146edc656a",
        "x-ms-date": "Tue, 14 Apr 2020 00:01:11 GMT",
        "x-ms-return-client-request-id": "true",
        "x-ms-version": "2019-07-07"
      },
      "RequestBody": null,
      "StatusCode": 201,
      "ResponseHeaders": {
        "Content-Length": "0",
        "Date": "Tue, 14 Apr 2020 00:01:10 GMT",
        "ETag": "\u00220x8D7E006F094B4FA\u0022",
        "Last-Modified": "Tue, 14 Apr 2020 00:01:10 GMT",
        "Server": [
          "Windows-Azure-Blob/1.0",
          "Microsoft-HTTPAPI/2.0"
        ],
        "x-ms-client-request-id": "1fd0cb2b-53c7-94ca-593d-e5146edc656a",
        "x-ms-request-id": "0fd07083-e01e-0021-15ef-1169db000000",
        "x-ms-version": "2019-07-07"
      },
      "ResponseBody": []
    },
    {
      "RequestUri": "http://seannsecanary.dfs.core.windows.net/test-filesystem-5e04e273-6bb7-3a6a-31e7-91550cff5c98/test-directory-5ed1b09c-6d00-388f-9d24-bacbb1716115?resource=directory",
      "RequestMethod": "PUT",
      "RequestHeaders": {
        "Authorization": "Sanitized",
        "traceparent": "00-982354d6a2a94c4280760cffc47c2e67-73ef3dc41d2f454e-00",
        "User-Agent": [
          "azsdk-net-Storage.Files.DataLake/12.2.0-dev.20200413.1",
          "(.NET Core 4.6.28325.01; Microsoft Windows 10.0.18362 )"
        ],
        "x-ms-client-request-id": "f8831e24-97de-be16-3b98-81a298ffe2e8",
        "x-ms-date": "Tue, 14 Apr 2020 00:01:11 GMT",
        "x-ms-return-client-request-id": "true",
        "x-ms-version": "2019-07-07"
      },
      "RequestBody": null,
      "StatusCode": 201,
      "ResponseHeaders": {
        "Content-Length": "0",
        "Date": "Tue, 14 Apr 2020 00:01:11 GMT",
        "ETag": "\u00220x8D7E006F11CC011\u0022",
        "Last-Modified": "Tue, 14 Apr 2020 00:01:11 GMT",
        "Server": [
          "Windows-Azure-HDFS/1.0",
          "Microsoft-HTTPAPI/2.0"
        ],
        "x-ms-client-request-id": "f8831e24-97de-be16-3b98-81a298ffe2e8",
        "x-ms-request-id": "527e7327-a01f-0099-16ef-11321d000000",
        "x-ms-version": "2019-07-07"
      },
      "ResponseBody": []
    },
    {
      "RequestUri": "http://seannsecanary.dfs.core.windows.net/test-filesystem-f75be5ea-3a54-0a90-c43c-bffc58af360f/test-directory-c6cfcfdc-d80b-848b-6887-b70ea3146b6a?mode=legacy",
      "RequestMethod": "PUT",
      "RequestHeaders": {
        "Authorization": "Sanitized",
        "User-Agent": [
          "azsdk-net-Storage.Files.DataLake/12.2.0-dev.20200413.1",
          "(.NET Core 4.6.28325.01; Microsoft Windows 10.0.18362 )"
        ],
        "x-ms-client-request-id": "fd9ee10f-0163-4c54-92fe-8f56e0071a26",
        "x-ms-date": "Tue, 14 Apr 2020 00:01:12 GMT",
        "x-ms-rename-source": "%2Ftest-filesystem-5e04e273-6bb7-3a6a-31e7-91550cff5c98%2Ftest-directory-5ed1b09c-6d00-388f-9d24-bacbb1716115=",
        "x-ms-return-client-request-id": "true",
        "x-ms-version": "2019-07-07"
      },
      "RequestBody": null,
      "StatusCode": 201,
      "ResponseHeaders": {
        "Content-Length": "0",
        "Date": "Tue, 14 Apr 2020 00:01:11 GMT",
        "Server": [
          "Windows-Azure-HDFS/1.0",
          "Microsoft-HTTPAPI/2.0"
        ],
        "x-ms-client-request-id": "fd9ee10f-0163-4c54-92fe-8f56e0071a26",
        "x-ms-request-id": "527e7328-a01f-0099-17ef-11321d000000",
        "x-ms-version": "2019-07-07"
      },
      "ResponseBody": []
    },
    {
      "RequestUri": "http://seannsecanary.blob.core.windows.net/test-filesystem-f75be5ea-3a54-0a90-c43c-bffc58af360f/test-directory-c6cfcfdc-d80b-848b-6887-b70ea3146b6a",
      "RequestMethod": "HEAD",
      "RequestHeaders": {
        "Authorization": "Sanitized",
        "User-Agent": [
          "azsdk-net-Storage.Files.DataLake/12.2.0-dev.20200413.1",
          "(.NET Core 4.6.28325.01; Microsoft Windows 10.0.18362 )"
        ],
        "x-ms-client-request-id": "c1ff0ed5-6d76-5c07-065a-01eed9e0cd8b",
        "x-ms-date": "Tue, 14 Apr 2020 00:01:12 GMT",
        "x-ms-return-client-request-id": "true",
        "x-ms-version": "2019-07-07"
      },
      "RequestBody": null,
      "StatusCode": 200,
      "ResponseHeaders": {
        "Accept-Ranges": "bytes",
        "Content-Length": "0",
        "Content-Type": "application/octet-stream",
        "Date": "Tue, 14 Apr 2020 00:01:11 GMT",
        "ETag": "\u00220x8D7E006F11CC011\u0022",
        "Last-Modified": "Tue, 14 Apr 2020 00:01:11 GMT",
        "Server": [
          "Windows-Azure-Blob/1.0",
          "Microsoft-HTTPAPI/2.0"
        ],
        "x-ms-access-tier": "Hot",
        "x-ms-access-tier-inferred": "true",
        "x-ms-blob-type": "BlockBlob",
        "x-ms-client-request-id": "c1ff0ed5-6d76-5c07-065a-01eed9e0cd8b",
        "x-ms-creation-time": "Tue, 14 Apr 2020 00:01:11 GMT",
        "x-ms-lease-state": "available",
        "x-ms-lease-status": "unlocked",
        "x-ms-meta-hdi_isfolder": "true",
        "x-ms-request-id": "1dfc357b-d01e-0067-1eef-115d5c000000",
        "x-ms-server-encrypted": "true",
        "x-ms-version": "2019-07-07"
      },
      "ResponseBody": []
    },
    {
      "RequestUri": "http://seannsecanary.blob.core.windows.net/test-filesystem-f75be5ea-3a54-0a90-c43c-bffc58af360f?restype=container",
      "RequestMethod": "DELETE",
      "RequestHeaders": {
        "Authorization": "Sanitized",
        "traceparent": "00-e2ce368307e9a9448c318e0a94271a99-4493b00c240ea147-00",
        "User-Agent": [
          "azsdk-net-Storage.Files.DataLake/12.2.0-dev.20200413.1",
          "(.NET Core 4.6.28325.01; Microsoft Windows 10.0.18362 )"
        ],
        "x-ms-client-request-id": "d280cb0f-5907-bfb0-0fe9-37fd4d0c9ab6",
        "x-ms-date": "Tue, 14 Apr 2020 00:01:12 GMT",
        "x-ms-return-client-request-id": "true",
        "x-ms-version": "2019-07-07"
      },
      "RequestBody": null,
      "StatusCode": 202,
      "ResponseHeaders": {
        "Content-Length": "0",
        "Date": "Tue, 14 Apr 2020 00:01:11 GMT",
        "Server": [
          "Windows-Azure-Blob/1.0",
          "Microsoft-HTTPAPI/2.0"
        ],
        "x-ms-client-request-id": "d280cb0f-5907-bfb0-0fe9-37fd4d0c9ab6",
        "x-ms-request-id": "0fd0717c-e01e-0021-6fef-1169db000000",
        "x-ms-version": "2019-07-07"
      },
      "ResponseBody": []
    },
    {
      "RequestUri": "http://seannsecanary.blob.core.windows.net/test-filesystem-5e04e273-6bb7-3a6a-31e7-91550cff5c98?restype=container",
      "RequestMethod": "DELETE",
      "RequestHeaders": {
        "Authorization": "Sanitized",
        "traceparent": "00-238e87ca3b3c2740be8462ac0bf582d8-235d3318725fa743-00",
        "User-Agent": [
          "azsdk-net-Storage.Files.DataLake/12.2.0-dev.20200413.1",
          "(.NET Core 4.6.28325.01; Microsoft Windows 10.0.18362 )"
        ],
        "x-ms-client-request-id": "0ddeb495-fa60-9f83-7959-6f763c5373da",
        "x-ms-date": "Tue, 14 Apr 2020 00:01:12 GMT",
        "x-ms-return-client-request-id": "true",
        "x-ms-version": "2019-07-07"
      },
      "RequestBody": null,
      "StatusCode": 202,
      "ResponseHeaders": {
        "Content-Length": "0",
        "Date": "Tue, 14 Apr 2020 00:01:11 GMT",
        "Server": [
          "Windows-Azure-Blob/1.0",
          "Microsoft-HTTPAPI/2.0"
        ],
        "x-ms-client-request-id": "0ddeb495-fa60-9f83-7959-6f763c5373da",
        "x-ms-request-id": "1dfc35a1-d01e-0067-3def-115d5c000000",
        "x-ms-version": "2019-07-07"
      },
      "ResponseBody": []
    }
  ],
  "Variables": {
    "RandomSeed": "889464798",
    "Storage_TestConfigHierarchicalNamespace": "NamespaceTenant\nseannsecanary\nU2FuaXRpemVk\nhttp://seannsecanary.blob.core.windows.net\nhttp://seannsecanary.file.core.windows.net\nhttp://seannsecanary.queue.core.windows.net\nhttp://seannsecanary.table.core.windows.net\n\n\n\n\nhttp://seannsecanary-secondary.blob.core.windows.net\nhttp://seannsecanary-secondary.file.core.windows.net\nhttp://seannsecanary-secondary.queue.core.windows.net\nhttp://seannsecanary-secondary.table.core.windows.net\n68390a19-a643-458b-b726-408abf67b4fc\nSanitized\n72f988bf-86f1-41af-91ab-2d7cd011db47\nhttps://login.microsoftonline.com/\nCloud\nBlobEndpoint=http://seannsecanary.blob.core.windows.net/;QueueEndpoint=http://seannsecanary.queue.core.windows.net/;FileEndpoint=http://seannsecanary.file.core.windows.net/;BlobSecondaryEndpoint=http://seannsecanary-secondary.blob.core.windows.net/;QueueSecondaryEndpoint=http://seannsecanary-secondary.queue.core.windows.net/;FileSecondaryEndpoint=http://seannsecanary-secondary.file.core.windows.net/;AccountName=seannsecanary;AccountKey=Sanitized\n"
  }
}