{
  "Entries": [
    {
      "RequestUri": "http://amandaadlscanary.blob.core.windows.net/test-filesystem-27a33452-227e-1845-2e23-d429261e6ebd?restype=container",
      "RequestMethod": "PUT",
      "RequestHeaders": {
        "Authorization": "Sanitized",
        "traceparent": "00-4c41c1f2f534424eb355b17b07a0ba35-3afec465f6a6f04c-00",
        "User-Agent": [
          "azsdk-net-Storage.Files.DataLake/12.2.0-dev.20200426.1",
          "(.NET Core 4.6.28619.01; Microsoft Windows 10.0.18363 )"
        ],
        "x-ms-blob-public-access": "container",
        "x-ms-client-request-id": "bb1da1e4-d3ed-ebf2-35bd-9d2bc1659c7a",
        "x-ms-date": "Mon, 27 Apr 2020 04:49:45 GMT",
        "x-ms-return-client-request-id": "true",
        "x-ms-version": "2019-12-12"
      },
      "RequestBody": null,
      "StatusCode": 201,
      "ResponseHeaders": {
        "Content-Length": "0",
        "Date": "Mon, 27 Apr 2020 04:49:44 GMT",
        "ETag": "\u00220x8D7EA666822C9F8\u0022",
        "Last-Modified": "Mon, 27 Apr 2020 04:49:45 GMT",
        "Server": [
          "Windows-Azure-Blob/1.0",
          "Microsoft-HTTPAPI/2.0"
        ],
        "x-ms-client-request-id": "bb1da1e4-d3ed-ebf2-35bd-9d2bc1659c7a",
        "x-ms-request-id": "0115e0f4-c01e-00c2-284f-1cb0a7000000",
        "x-ms-version": "2019-12-12"
      },
      "ResponseBody": []
    },
    {
      "RequestUri": "http://amandaadlscanary.dfs.core.windows.net/test-filesystem-27a33452-227e-1845-2e23-d429261e6ebd/test-directory-4adb2bb0-256c-1f76-e636-ea5613d53cb4?resource=directory",
      "RequestMethod": "PUT",
      "RequestHeaders": {
        "Authorization": "Sanitized",
        "traceparent": "00-af8bce30fb8fa4468c817a3debe968d3-6c5df084a4bcbc4d-00",
        "User-Agent": [
          "azsdk-net-Storage.Files.DataLake/12.2.0-dev.20200426.1",
          "(.NET Core 4.6.28619.01; Microsoft Windows 10.0.18363 )"
        ],
        "x-ms-client-request-id": "b0c0948a-519e-beea-2bfd-d4b7e89bd760",
        "x-ms-date": "Mon, 27 Apr 2020 04:49:45 GMT",
        "x-ms-return-client-request-id": "true",
        "x-ms-version": "2019-12-12"
      },
      "RequestBody": null,
      "StatusCode": 201,
      "ResponseHeaders": {
        "Content-Length": "0",
        "Date": "Mon, 27 Apr 2020 04:49:44 GMT",
        "ETag": "\u00220x8D7EA66683064C5\u0022",
        "Last-Modified": "Mon, 27 Apr 2020 04:49:45 GMT",
        "Server": [
          "Windows-Azure-HDFS/1.0",
          "Microsoft-HTTPAPI/2.0"
        ],
        "x-ms-client-request-id": "b0c0948a-519e-beea-2bfd-d4b7e89bd760",
        "x-ms-request-id": "e519f0f3-701f-00e8-134f-1c6fb7000000",
        "x-ms-version": "2019-12-12"
      },
      "ResponseBody": []
    },
    {
      "RequestUri": "http://amandaadlscanary.blob.core.windows.net/test-filesystem-27a33452-227e-1845-2e23-d429261e6ebd/test-directory-4adb2bb0-256c-1f76-e636-ea5613d53cb4?comp=lease",
      "RequestMethod": "PUT",
      "RequestHeaders": {
        "Authorization": "Sanitized",
        "traceparent": "00-3bd07d4e54b6b84b977f061399b8ba2e-64b085fc8935c442-00",
        "User-Agent": [
          "azsdk-net-Storage.Files.DataLake/12.2.0-dev.20200426.1",
          "(.NET Core 4.6.28619.01; Microsoft Windows 10.0.18363 )"
        ],
        "x-ms-client-request-id": "ac82eb6c-687e-72b6-1ac3-549c13c2e4b8",
        "x-ms-date": "Mon, 27 Apr 2020 04:49:45 GMT",
        "x-ms-lease-action": "acquire",
        "x-ms-lease-duration": "15",
        "x-ms-proposed-lease-id": "43a4e981-1820-fc79-5c01-3e28da7289c3",
        "x-ms-return-client-request-id": "true",
        "x-ms-version": "2019-12-12"
      },
      "RequestBody": null,
      "StatusCode": 201,
      "ResponseHeaders": {
        "Content-Length": "0",
        "Date": "Mon, 27 Apr 2020 04:49:44 GMT",
        "ETag": "\u00220x8D7EA66683064C5\u0022",
        "Last-Modified": "Mon, 27 Apr 2020 04:49:45 GMT",
        "Server": [
          "Windows-Azure-Blob/1.0",
          "Microsoft-HTTPAPI/2.0"
        ],
        "x-ms-client-request-id": "ac82eb6c-687e-72b6-1ac3-549c13c2e4b8",
        "x-ms-lease-id": "43a4e981-1820-fc79-5c01-3e28da7289c3",
        "x-ms-request-id": "0115e106-c01e-00c2-374f-1cb0a7000000",
        "x-ms-version": "2019-12-12"
      },
      "ResponseBody": []
    },
    {
      "RequestUri": "http://amandaadlscanary.blob.core.windows.net/test-filesystem-27a33452-227e-1845-2e23-d429261e6ebd/test-directory-4adb2bb0-256c-1f76-e636-ea5613d53cb4?comp=lease",
      "RequestMethod": "PUT",
      "RequestHeaders": {
        "Authorization": "Sanitized",
        "traceparent": "00-526a0c94d34ebb4faa626bdc679e553d-e5343aac4365354b-00",
        "User-Agent": [
          "azsdk-net-Storage.Files.DataLake/12.2.0-dev.20200426.1",
          "(.NET Core 4.6.28619.01; Microsoft Windows 10.0.18363 )"
        ],
        "x-ms-client-request-id": "eebbcd11-dcef-2245-5c59-6451377921d1",
        "x-ms-date": "Mon, 27 Apr 2020 04:49:45 GMT",
        "x-ms-lease-action": "renew",
        "x-ms-lease-id": "43a4e981-1820-fc79-5c01-3e28da7289c3",
        "x-ms-return-client-request-id": "true",
        "x-ms-version": "2019-12-12"
      },
      "RequestBody": null,
      "StatusCode": 200,
      "ResponseHeaders": {
        "Content-Length": "0",
        "Date": "Mon, 27 Apr 2020 04:49:44 GMT",
        "ETag": "\u00220x8D7EA66683064C5\u0022",
        "Last-Modified": "Mon, 27 Apr 2020 04:49:45 GMT",
        "Server": [
          "Windows-Azure-Blob/1.0",
          "Microsoft-HTTPAPI/2.0"
        ],
        "x-ms-client-request-id": "eebbcd11-dcef-2245-5c59-6451377921d1",
        "x-ms-lease-id": "43a4e981-1820-fc79-5c01-3e28da7289c3",
        "x-ms-request-id": "0115e110-c01e-00c2-3e4f-1cb0a7000000",
        "x-ms-version": "2019-12-12"
      },
      "ResponseBody": []
    },
    {
      "RequestUri": "http://amandaadlscanary.blob.core.windows.net/test-filesystem-27a33452-227e-1845-2e23-d429261e6ebd?restype=container",
      "RequestMethod": "DELETE",
      "RequestHeaders": {
        "Authorization": "Sanitized",
        "traceparent": "00-ddce6d90e39d10458139863f26737237-02c966c389b93548-00",
        "User-Agent": [
          "azsdk-net-Storage.Files.DataLake/12.2.0-dev.20200426.1",
          "(.NET Core 4.6.28619.01; Microsoft Windows 10.0.18363 )"
        ],
        "x-ms-client-request-id": "468b10a5-f506-98c8-cb0a-7977f4f9bd59",
        "x-ms-date": "Mon, 27 Apr 2020 04:49:45 GMT",
        "x-ms-return-client-request-id": "true",
        "x-ms-version": "2019-12-12"
      },
      "RequestBody": null,
      "StatusCode": 202,
      "ResponseHeaders": {
        "Content-Length": "0",
        "Date": "Mon, 27 Apr 2020 04:49:44 GMT",
        "Server": [
          "Windows-Azure-Blob/1.0",
          "Microsoft-HTTPAPI/2.0"
        ],
        "x-ms-client-request-id": "468b10a5-f506-98c8-cb0a-7977f4f9bd59",
        "x-ms-request-id": "0115e11a-c01e-00c2-474f-1cb0a7000000",
        "x-ms-version": "2019-12-12"
      },
      "ResponseBody": []
    }
  ],
  "Variables": {
    "RandomSeed": "651007445",
    "Storage_TestConfigHierarchicalNamespace": "NamespaceTenant\namandaadlscanary\nU2FuaXRpemVk\nhttp://amandaadlscanary.blob.core.windows.net\nhttp://amandaadlscanary.file.core.windows.net\nhttp://amandaadlscanary.queue.core.windows.net\nhttp://amandaadlscanary.table.core.windows.net\n\n\n\n\nhttp://amandaadlscanary-secondary.blob.core.windows.net\nhttp://amandaadlscanary-secondary.file.core.windows.net\nhttp://amandaadlscanary-secondary.queue.core.windows.net\nhttp://amandaadlscanary-secondary.table.core.windows.net\n68390a19-a643-458b-b726-408abf67b4fc\nSanitized\n72f988bf-86f1-41af-91ab-2d7cd011db47\nhttps://login.microsoftonline.com/\nCloud\nBlobEndpoint=http://amandaadlscanary.blob.core.windows.net/;QueueEndpoint=http://amandaadlscanary.queue.core.windows.net/;FileEndpoint=http://amandaadlscanary.file.core.windows.net/;BlobSecondaryEndpoint=http://amandaadlscanary-secondary.blob.core.windows.net/;QueueSecondaryEndpoint=http://amandaadlscanary-secondary.queue.core.windows.net/;FileSecondaryEndpoint=http://amandaadlscanary-secondary.file.core.windows.net/;AccountName=amandaadlscanary;AccountKey=Sanitized\n\n\n"
  }
}