{
  "Entries": [
    {
      "RequestUri": "https://seannse.blob.core.windows.net/test-filesystem-ef5623fb-6156-c77b-b763-4cf8a595f32c?restype=container",
      "RequestMethod": "PUT",
      "RequestHeaders": {
        "Accept": "application/xml",
        "Authorization": "Sanitized",
        "traceparent": "00-089b64df75188246bf21dc0ebc1362a7-e483d341fbc45848-00",
        "User-Agent": [
          "azsdk-net-Storage.Files.DataLake/12.7.0-alpha.20210219.1",
          "(.NET 5.0.3; Microsoft Windows 10.0.19041)"
        ],
        "x-ms-blob-public-access": "container",
        "x-ms-client-request-id": "cd515637-bc60-1f79-23c2-f811ae28cb3a",
        "x-ms-date": "Fri, 19 Feb 2021 19:06:05 GMT",
        "x-ms-return-client-request-id": "true",
        "x-ms-version": "2020-10-02"
      },
      "RequestBody": null,
      "StatusCode": 201,
      "ResponseHeaders": {
        "Content-Length": "0",
        "Date": "Fri, 19 Feb 2021 19:06:03 GMT",
        "ETag": "\"0x8D8D50967C0D169\"",
        "Last-Modified": "Fri, 19 Feb 2021 19:06:04 GMT",
        "Server": [
          "Windows-Azure-Blob/1.0",
          "Microsoft-HTTPAPI/2.0"
        ],
        "x-ms-client-request-id": "cd515637-bc60-1f79-23c2-f811ae28cb3a",
        "x-ms-request-id": "cb1359d7-b01e-006d-51f2-06cb14000000",
        "x-ms-version": "2020-10-02"
      },
      "ResponseBody": []
    },
    {
      "RequestUri": "https://seannse.dfs.core.windows.net/test-filesystem-ef5623fb-6156-c77b-b763-4cf8a595f32c/test-directory-89847cc9-97fb-0d23-c4c0-f0d821b82a5b?resource=directory",
      "RequestMethod": "PUT",
      "RequestHeaders": {
        "Accept": "application/json",
        "Authorization": "Sanitized",
        "traceparent": "00-8d7d13f2c5dab04ead7aaff691780808-8e4115d9d2295143-00",
        "User-Agent": [
          "azsdk-net-Storage.Files.DataLake/12.7.0-alpha.20210219.1",
          "(.NET 5.0.3; Microsoft Windows 10.0.19041)"
        ],
        "x-ms-client-request-id": "21f805b2-8dd6-a072-3244-09a0cca1fd6a",
        "x-ms-date": "Fri, 19 Feb 2021 19:06:05 GMT",
        "x-ms-return-client-request-id": "true",
        "x-ms-version": "2020-10-02"
      },
      "RequestBody": null,
      "StatusCode": 201,
      "ResponseHeaders": {
        "Content-Length": "0",
        "Date": "Fri, 19 Feb 2021 19:06:04 GMT",
        "ETag": "\"0x8D8D50967D02B10\"",
        "Last-Modified": "Fri, 19 Feb 2021 19:06:04 GMT",
        "Server": [
          "Windows-Azure-HDFS/1.0",
          "Microsoft-HTTPAPI/2.0"
        ],
        "x-ms-client-request-id": "21f805b2-8dd6-a072-3244-09a0cca1fd6a",
        "x-ms-request-id": "da847402-a01f-0061-05f2-065c1c000000",
        "x-ms-version": "2020-10-02"
      },
      "ResponseBody": []
    },
    {
      "RequestUri": "https://seannse.blob.core.windows.net/test-filesystem-ef5623fb-6156-c77b-b763-4cf8a595f32c/test-directory-89847cc9-97fb-0d23-c4c0-f0d821b82a5b?comp=lease",
      "RequestMethod": "PUT",
      "RequestHeaders": {
        "Accept": "application/xml",
        "Authorization": "Sanitized",
        "traceparent": "00-16e1e9b418a80048939ca33491d5c27d-d84befbbb7d2ab49-00",
        "User-Agent": [
          "azsdk-net-Storage.Files.DataLake/12.7.0-alpha.20210219.1",
          "(.NET 5.0.3; Microsoft Windows 10.0.19041)"
        ],
        "x-ms-client-request-id": "573e7d47-178a-366f-0e53-717cabbcf1e5",
        "x-ms-date": "Fri, 19 Feb 2021 19:06:05 GMT",
        "x-ms-lease-action": "acquire",
        "x-ms-lease-duration": "15",
        "x-ms-proposed-lease-id": "d0c39d97-7c67-a4f7-af59-e1b5ae4d1975",
        "x-ms-return-client-request-id": "true",
        "x-ms-version": "2020-10-02"
      },
      "RequestBody": null,
      "StatusCode": 201,
      "ResponseHeaders": {
        "Content-Length": "0",
        "Date": "Fri, 19 Feb 2021 19:06:04 GMT",
        "ETag": "\"0x8D8D50967D02B10\"",
        "Last-Modified": "Fri, 19 Feb 2021 19:06:04 GMT",
        "Server": [
          "Windows-Azure-Blob/1.0",
          "Microsoft-HTTPAPI/2.0"
        ],
        "x-ms-client-request-id": "573e7d47-178a-366f-0e53-717cabbcf1e5",
        "x-ms-lease-id": "d0c39d97-7c67-a4f7-af59-e1b5ae4d1975",
        "x-ms-request-id": "cb135a1a-b01e-006d-0cf2-06cb14000000",
        "x-ms-version": "2020-10-02"
      },
      "ResponseBody": []
    },
    {
      "RequestUri": "https://seannse.blob.core.windows.net/test-filesystem-ef5623fb-6156-c77b-b763-4cf8a595f32c/test-directory-89847cc9-97fb-0d23-c4c0-f0d821b82a5b?comp=lease",
      "RequestMethod": "PUT",
      "RequestHeaders": {
        "Accept": "application/xml",
        "Authorization": "Sanitized",
        "traceparent": "00-8085556f5835ed4a921fb8c36b21cef8-80d2b0403204634a-00",
        "User-Agent": [
          "azsdk-net-Storage.Files.DataLake/12.7.0-alpha.20210219.1",
          "(.NET 5.0.3; Microsoft Windows 10.0.19041)"
        ],
        "x-ms-client-request-id": "316edafa-c20e-c0eb-a9ef-0d6c970814ae",
        "x-ms-date": "Fri, 19 Feb 2021 19:06:05 GMT",
        "x-ms-lease-action": "renew",
        "x-ms-lease-id": "d0c39d97-7c67-a4f7-af59-e1b5ae4d1975",
        "x-ms-return-client-request-id": "true",
        "x-ms-version": "2020-10-02"
      },
      "RequestBody": null,
      "StatusCode": 200,
      "ResponseHeaders": {
        "Content-Length": "0",
        "Date": "Fri, 19 Feb 2021 19:06:04 GMT",
        "ETag": "\"0x8D8D50967D02B10\"",
        "Last-Modified": "Fri, 19 Feb 2021 19:06:04 GMT",
        "Server": [
          "Windows-Azure-Blob/1.0",
          "Microsoft-HTTPAPI/2.0"
        ],
        "x-ms-client-request-id": "316edafa-c20e-c0eb-a9ef-0d6c970814ae",
        "x-ms-lease-id": "d0c39d97-7c67-a4f7-af59-e1b5ae4d1975",
        "x-ms-request-id": "cb135a38-b01e-006d-26f2-06cb14000000",
        "x-ms-version": "2020-10-02"
      },
      "ResponseBody": []
    },
    {
      "RequestUri": "https://seannse.blob.core.windows.net/test-filesystem-ef5623fb-6156-c77b-b763-4cf8a595f32c?restype=container",
      "RequestMethod": "DELETE",
      "RequestHeaders": {
        "Accept": "application/xml",
        "Authorization": "Sanitized",
        "traceparent": "00-3a0dfa9ac4dae142b711483b290bfd9c-1f245fdb5b914a48-00",
        "User-Agent": [
          "azsdk-net-Storage.Files.DataLake/12.7.0-alpha.20210219.1",
          "(.NET 5.0.3; Microsoft Windows 10.0.19041)"
        ],
        "x-ms-client-request-id": "d181edca-c04e-68d7-a807-098bd43cf60f",
        "x-ms-date": "Fri, 19 Feb 2021 19:06:05 GMT",
        "x-ms-return-client-request-id": "true",
        "x-ms-version": "2020-10-02"
      },
      "RequestBody": null,
      "StatusCode": 202,
      "ResponseHeaders": {
        "Content-Length": "0",
        "Date": "Fri, 19 Feb 2021 19:06:04 GMT",
        "Server": [
          "Windows-Azure-Blob/1.0",
          "Microsoft-HTTPAPI/2.0"
        ],
        "x-ms-client-request-id": "d181edca-c04e-68d7-a807-098bd43cf60f",
        "x-ms-request-id": "cb135a56-b01e-006d-3cf2-06cb14000000",
        "x-ms-version": "2020-10-02"
      },
      "ResponseBody": []
    }
  ],
  "Variables": {
    "RandomSeed": "321219504",
    "Storage_TestConfigHierarchicalNamespace": "NamespaceTenant\nseannse\nU2FuaXRpemVk\nhttps://seannse.blob.core.windows.net\nhttps://seannse.file.core.windows.net\nhttps://seannse.queue.core.windows.net\nhttps://seannse.table.core.windows.net\n\n\n\n\nhttps://seannse-secondary.blob.core.windows.net\nhttps://seannse-secondary.file.core.windows.net\nhttps://seannse-secondary.queue.core.windows.net\nhttps://seannse-secondary.table.core.windows.net\n68390a19-a643-458b-b726-408abf67b4fc\nSanitized\n72f988bf-86f1-41af-91ab-2d7cd011db47\nhttps://login.microsoftonline.com/\nCloud\nBlobEndpoint=https://seannse.blob.core.windows.net/;QueueEndpoint=https://seannse.queue.core.windows.net/;FileEndpoint=https://seannse.file.core.windows.net/;BlobSecondaryEndpoint=https://seannse-secondary.blob.core.windows.net/;QueueSecondaryEndpoint=https://seannse-secondary.queue.core.windows.net/;FileSecondaryEndpoint=https://seannse-secondary.file.core.windows.net/;AccountName=seannse;AccountKey=Sanitized\n\n\n"
  }
}