{
  "Entries": [
    {
      "RequestUri": "https://seannse.blob.core.windows.net/test-filesystem-82955622-90cc-40ac-dd01-3dd166180b96?restype=container",
      "RequestMethod": "PUT",
      "RequestHeaders": {
        "Accept": "application/xml",
        "Authorization": "Sanitized",
        "traceparent": "00-7172ea2f11dc9b45b89493b0037a637d-e9aa5ccd6e45a74f-00",
        "User-Agent": [
          "azsdk-net-Storage.Files.DataLake/12.7.0-alpha.20210219.1",
          "(.NET 5.0.3; Microsoft Windows 10.0.19041)"
        ],
        "x-ms-blob-public-access": "container",
        "x-ms-client-request-id": "68a85731-fa8a-682e-215e-27acf8f5d9e1",
        "x-ms-date": "Fri, 19 Feb 2021 19:06:12 GMT",
        "x-ms-return-client-request-id": "true",
        "x-ms-version": "2020-10-02"
      },
      "RequestBody": null,
      "StatusCode": 201,
      "ResponseHeaders": {
        "Content-Length": "0",
        "Date": "Fri, 19 Feb 2021 19:06:10 GMT",
        "ETag": "\"0x8D8D5096BDE8EB3\"",
        "Last-Modified": "Fri, 19 Feb 2021 19:06:11 GMT",
        "Server": [
          "Windows-Azure-Blob/1.0",
          "Microsoft-HTTPAPI/2.0"
        ],
        "x-ms-client-request-id": "68a85731-fa8a-682e-215e-27acf8f5d9e1",
        "x-ms-request-id": "cb13668b-b01e-006d-12f2-06cb14000000",
        "x-ms-version": "2020-10-02"
      },
      "ResponseBody": []
    },
    {
      "RequestUri": "https://seannse.dfs.core.windows.net/test-filesystem-82955622-90cc-40ac-dd01-3dd166180b96/test-directory-50ca664c-c598-becb-4c44-1db5b9ce75fe?resource=directory",
      "RequestMethod": "PUT",
      "RequestHeaders": {
        "Accept": "application/json",
        "Authorization": "Sanitized",
        "traceparent": "00-00d41828e544984188c6e7732e3b1a03-8bccd9ac30621a49-00",
        "User-Agent": [
          "azsdk-net-Storage.Files.DataLake/12.7.0-alpha.20210219.1",
          "(.NET 5.0.3; Microsoft Windows 10.0.19041)"
        ],
        "x-ms-client-request-id": "6591f43c-e715-6b1b-8cea-1b45dc78ae52",
        "x-ms-date": "Fri, 19 Feb 2021 19:06:12 GMT",
        "x-ms-return-client-request-id": "true",
        "x-ms-version": "2020-10-02"
      },
      "RequestBody": null,
      "StatusCode": 201,
      "ResponseHeaders": {
        "Content-Length": "0",
        "Date": "Fri, 19 Feb 2021 19:06:10 GMT",
        "ETag": "\"0x8D8D5096BEC9475\"",
        "Last-Modified": "Fri, 19 Feb 2021 19:06:11 GMT",
        "Server": [
          "Windows-Azure-HDFS/1.0",
          "Microsoft-HTTPAPI/2.0"
        ],
        "x-ms-client-request-id": "6591f43c-e715-6b1b-8cea-1b45dc78ae52",
        "x-ms-request-id": "da847a7c-a01f-0061-72f2-065c1c000000",
        "x-ms-version": "2020-10-02"
      },
      "ResponseBody": []
    },
    {
      "RequestUri": "https://seannse.dfs.core.windows.net/test-filesystem-82955622-90cc-40ac-dd01-3dd166180b96/test-directory-50ca664c-c598-becb-4c44-1db5b9ce75fe?action=setAccessControl",
      "RequestMethod": "PATCH",
      "RequestHeaders": {
        "Accept": "application/json",
        "Authorization": "Sanitized",
        "If-Modified-Since": "Sat, 20 Feb 2021 19:06:12 GMT",
        "User-Agent": [
          "azsdk-net-Storage.Files.DataLake/12.7.0-alpha.20210219.1",
          "(.NET 5.0.3; Microsoft Windows 10.0.19041)"
        ],
        "x-ms-acl": "user::rwx,group::r--,other::---,mask::rwx",
        "x-ms-client-request-id": "c479adec-0f3c-e2e9-6e34-818687c6bde7",
        "x-ms-date": "Fri, 19 Feb 2021 19:06:12 GMT",
        "x-ms-return-client-request-id": "true",
        "x-ms-version": "2020-10-02"
      },
      "RequestBody": null,
      "StatusCode": 412,
      "ResponseHeaders": {
        "Content-Length": "200",
        "Content-Type": "application/json; charset=utf-8",
        "Date": "Fri, 19 Feb 2021 19:06:10 GMT",
        "Server": [
          "Windows-Azure-HDFS/1.0",
          "Microsoft-HTTPAPI/2.0"
        ],
        "x-ms-client-request-id": "c479adec-0f3c-e2e9-6e34-818687c6bde7",
        "x-ms-error-code": "ConditionNotMet",
        "x-ms-request-id": "da847a8e-a01f-0061-04f2-065c1c000000",
        "x-ms-version": "2020-10-02"
      },
      "ResponseBody": {
        "error": {
          "code": "ConditionNotMet",
          "message": "The condition specified using HTTP conditional header(s) is not met.\nRequestId:da847a8e-a01f-0061-04f2-065c1c000000\nTime:2021-02-19T19:06:11.5786164Z"
        }
      }
    },
    {
      "RequestUri": "https://seannse.blob.core.windows.net/test-filesystem-82955622-90cc-40ac-dd01-3dd166180b96?restype=container",
      "RequestMethod": "DELETE",
      "RequestHeaders": {
        "Accept": "application/xml",
        "Authorization": "Sanitized",
        "traceparent": "00-466cb5b13c89ae40beb77b864b4affc6-3e4ececf2113e64b-00",
        "User-Agent": [
          "azsdk-net-Storage.Files.DataLake/12.7.0-alpha.20210219.1",
          "(.NET 5.0.3; Microsoft Windows 10.0.19041)"
        ],
        "x-ms-client-request-id": "2f592d67-eafe-d915-40ff-ff2049eb2194",
        "x-ms-date": "Fri, 19 Feb 2021 19:06:12 GMT",
        "x-ms-return-client-request-id": "true",
        "x-ms-version": "2020-10-02"
      },
      "RequestBody": null,
      "StatusCode": 202,
      "ResponseHeaders": {
        "Content-Length": "0",
        "Date": "Fri, 19 Feb 2021 19:06:11 GMT",
        "Server": [
          "Windows-Azure-Blob/1.0",
          "Microsoft-HTTPAPI/2.0"
        ],
        "x-ms-client-request-id": "2f592d67-eafe-d915-40ff-ff2049eb2194",
        "x-ms-request-id": "cb1366f6-b01e-006d-77f2-06cb14000000",
        "x-ms-version": "2020-10-02"
      },
      "ResponseBody": []
    },
    {
      "RequestUri": "https://seannse.blob.core.windows.net/test-filesystem-380b0971-6fa6-0273-9207-41540503eccd?restype=container",
      "RequestMethod": "PUT",
      "RequestHeaders": {
        "Accept": "application/xml",
        "Authorization": "Sanitized",
        "traceparent": "00-0da2aed73d261f48bf1c7d535c025425-18d814920d7e7c4a-00",
        "User-Agent": [
          "azsdk-net-Storage.Files.DataLake/12.7.0-alpha.20210219.1",
          "(.NET 5.0.3; Microsoft Windows 10.0.19041)"
        ],
        "x-ms-blob-public-access": "container",
        "x-ms-client-request-id": "ec7376c7-de95-f821-b957-9df7a9c1d43c",
        "x-ms-date": "Fri, 19 Feb 2021 19:06:12 GMT",
        "x-ms-return-client-request-id": "true",
        "x-ms-version": "2020-10-02"
      },
      "RequestBody": null,
      "StatusCode": 201,
      "ResponseHeaders": {
        "Content-Length": "0",
        "Date": "Fri, 19 Feb 2021 19:06:11 GMT",
        "ETag": "\"0x8D8D5096C0E59C1\"",
        "Last-Modified": "Fri, 19 Feb 2021 19:06:11 GMT",
        "Server": [
          "Windows-Azure-Blob/1.0",
          "Microsoft-HTTPAPI/2.0"
        ],
        "x-ms-client-request-id": "ec7376c7-de95-f821-b957-9df7a9c1d43c",
        "x-ms-request-id": "cb136717-b01e-006d-14f2-06cb14000000",
        "x-ms-version": "2020-10-02"
      },
      "ResponseBody": []
    },
    {
      "RequestUri": "https://seannse.dfs.core.windows.net/test-filesystem-380b0971-6fa6-0273-9207-41540503eccd/test-directory-8f023213-c7cd-e327-2086-30639cf81797?resource=directory",
      "RequestMethod": "PUT",
      "RequestHeaders": {
        "Accept": "application/json",
        "Authorization": "Sanitized",
        "traceparent": "00-a887c2e9c994c045ace9cb7a4f1b8e40-3d3ddaad912c404f-00",
        "User-Agent": [
          "azsdk-net-Storage.Files.DataLake/12.7.0-alpha.20210219.1",
          "(.NET 5.0.3; Microsoft Windows 10.0.19041)"
        ],
        "x-ms-client-request-id": "b867966f-98f8-ffca-4e8f-cc0fadbe5bc1",
        "x-ms-date": "Fri, 19 Feb 2021 19:06:12 GMT",
        "x-ms-return-client-request-id": "true",
        "x-ms-version": "2020-10-02"
      },
      "RequestBody": null,
      "StatusCode": 201,
      "ResponseHeaders": {
        "Content-Length": "0",
        "Date": "Fri, 19 Feb 2021 19:06:11 GMT",
        "ETag": "\"0x8D8D5096C1C8958\"",
        "Last-Modified": "Fri, 19 Feb 2021 19:06:11 GMT",
        "Server": [
          "Windows-Azure-HDFS/1.0",
          "Microsoft-HTTPAPI/2.0"
        ],
        "x-ms-client-request-id": "b867966f-98f8-ffca-4e8f-cc0fadbe5bc1",
        "x-ms-request-id": "da847acd-a01f-0061-43f2-065c1c000000",
        "x-ms-version": "2020-10-02"
      },
      "ResponseBody": []
    },
    {
      "RequestUri": "https://seannse.dfs.core.windows.net/test-filesystem-380b0971-6fa6-0273-9207-41540503eccd/test-directory-8f023213-c7cd-e327-2086-30639cf81797?action=setAccessControl",
      "RequestMethod": "PATCH",
      "RequestHeaders": {
        "Accept": "application/json",
        "Authorization": "Sanitized",
        "If-Unmodified-Since": "Thu, 18 Feb 2021 19:06:12 GMT",
        "User-Agent": [
          "azsdk-net-Storage.Files.DataLake/12.7.0-alpha.20210219.1",
          "(.NET 5.0.3; Microsoft Windows 10.0.19041)"
        ],
        "x-ms-acl": "user::rwx,group::r--,other::---,mask::rwx",
        "x-ms-client-request-id": "06f3eaab-5e90-469e-de8c-4000332891d9",
        "x-ms-date": "Fri, 19 Feb 2021 19:06:12 GMT",
        "x-ms-return-client-request-id": "true",
        "x-ms-version": "2020-10-02"
      },
      "RequestBody": null,
      "StatusCode": 412,
      "ResponseHeaders": {
        "Content-Length": "200",
        "Content-Type": "application/json; charset=utf-8",
        "Date": "Fri, 19 Feb 2021 19:06:11 GMT",
        "Server": [
          "Windows-Azure-HDFS/1.0",
          "Microsoft-HTTPAPI/2.0"
        ],
        "x-ms-client-request-id": "06f3eaab-5e90-469e-de8c-4000332891d9",
        "x-ms-error-code": "ConditionNotMet",
        "x-ms-request-id": "da847ad6-a01f-0061-4cf2-065c1c000000",
        "x-ms-version": "2020-10-02"
      },
      "ResponseBody": {
        "error": {
          "code": "ConditionNotMet",
          "message": "The condition specified using HTTP conditional header(s) is not met.\nRequestId:da847ad6-a01f-0061-4cf2-065c1c000000\nTime:2021-02-19T19:06:11.8878340Z"
        }
      }
    },
    {
      "RequestUri": "https://seannse.blob.core.windows.net/test-filesystem-380b0971-6fa6-0273-9207-41540503eccd?restype=container",
      "RequestMethod": "DELETE",
      "RequestHeaders": {
        "Accept": "application/xml",
        "Authorization": "Sanitized",
        "traceparent": "00-dc0ee13b029422418c5411bc23552fcd-fd40092ab30b124e-00",
        "User-Agent": [
          "azsdk-net-Storage.Files.DataLake/12.7.0-alpha.20210219.1",
          "(.NET 5.0.3; Microsoft Windows 10.0.19041)"
        ],
        "x-ms-client-request-id": "c3639c9c-55ca-e130-67d0-22a804aadfd1",
        "x-ms-date": "Fri, 19 Feb 2021 19:06:12 GMT",
        "x-ms-return-client-request-id": "true",
        "x-ms-version": "2020-10-02"
      },
      "RequestBody": null,
      "StatusCode": 202,
      "ResponseHeaders": {
        "Content-Length": "0",
        "Date": "Fri, 19 Feb 2021 19:06:11 GMT",
        "Server": [
          "Windows-Azure-Blob/1.0",
          "Microsoft-HTTPAPI/2.0"
        ],
        "x-ms-client-request-id": "c3639c9c-55ca-e130-67d0-22a804aadfd1",
        "x-ms-request-id": "cb13678c-b01e-006d-03f2-06cb14000000",
        "x-ms-version": "2020-10-02"
      },
      "ResponseBody": []
    },
    {
      "RequestUri": "https://seannse.blob.core.windows.net/test-filesystem-48dc1d30-073d-d055-daca-1b3ba168a5ba?restype=container",
      "RequestMethod": "PUT",
      "RequestHeaders": {
        "Accept": "application/xml",
        "Authorization": "Sanitized",
        "traceparent": "00-897f7bbc76a6f746ae8dc74094338134-28a6163d910fe24b-00",
        "User-Agent": [
          "azsdk-net-Storage.Files.DataLake/12.7.0-alpha.20210219.1",
          "(.NET 5.0.3; Microsoft Windows 10.0.19041)"
        ],
        "x-ms-blob-public-access": "container",
        "x-ms-client-request-id": "8305ec75-9047-95fd-4793-e80039f440fe",
        "x-ms-date": "Fri, 19 Feb 2021 19:06:12 GMT",
        "x-ms-return-client-request-id": "true",
        "x-ms-version": "2020-10-02"
      },
      "RequestBody": null,
      "StatusCode": 201,
      "ResponseHeaders": {
        "Content-Length": "0",
        "Date": "Fri, 19 Feb 2021 19:06:11 GMT",
        "ETag": "\"0x8D8D5096C404814\"",
        "Last-Modified": "Fri, 19 Feb 2021 19:06:12 GMT",
        "Server": [
          "Windows-Azure-Blob/1.0",
          "Microsoft-HTTPAPI/2.0"
        ],
        "x-ms-client-request-id": "8305ec75-9047-95fd-4793-e80039f440fe",
        "x-ms-request-id": "cb1367b1-b01e-006d-23f2-06cb14000000",
        "x-ms-version": "2020-10-02"
      },
      "ResponseBody": []
    },
    {
      "RequestUri": "https://seannse.dfs.core.windows.net/test-filesystem-48dc1d30-073d-d055-daca-1b3ba168a5ba/test-directory-fff3672a-4846-620c-0d67-994a834c1771?resource=directory",
      "RequestMethod": "PUT",
      "RequestHeaders": {
        "Accept": "application/json",
        "Authorization": "Sanitized",
        "traceparent": "00-621b7060dbf24f449514d6023c2775f6-b4835493f4ab6145-00",
        "User-Agent": [
          "azsdk-net-Storage.Files.DataLake/12.7.0-alpha.20210219.1",
          "(.NET 5.0.3; Microsoft Windows 10.0.19041)"
        ],
        "x-ms-client-request-id": "51de85b3-2574-2cf9-dfa3-75e0f6b311fa",
        "x-ms-date": "Fri, 19 Feb 2021 19:06:12 GMT",
        "x-ms-return-client-request-id": "true",
        "x-ms-version": "2020-10-02"
      },
      "RequestBody": null,
      "StatusCode": 201,
      "ResponseHeaders": {
        "Content-Length": "0",
        "Date": "Fri, 19 Feb 2021 19:06:11 GMT",
        "ETag": "\"0x8D8D5096C4EF70A\"",
        "Last-Modified": "Fri, 19 Feb 2021 19:06:12 GMT",
        "Server": [
          "Windows-Azure-HDFS/1.0",
          "Microsoft-HTTPAPI/2.0"
        ],
        "x-ms-client-request-id": "51de85b3-2574-2cf9-dfa3-75e0f6b311fa",
        "x-ms-request-id": "da847af9-a01f-0061-6ef2-065c1c000000",
        "x-ms-version": "2020-10-02"
      },
      "ResponseBody": []
    },
    {
      "RequestUri": "https://seannse.dfs.core.windows.net/test-filesystem-48dc1d30-073d-d055-daca-1b3ba168a5ba/test-directory-fff3672a-4846-620c-0d67-994a834c1771?action=setAccessControl",
      "RequestMethod": "PATCH",
      "RequestHeaders": {
        "Accept": "application/json",
        "Authorization": "Sanitized",
        "If-Match": "\"garbage\"",
        "User-Agent": [
          "azsdk-net-Storage.Files.DataLake/12.7.0-alpha.20210219.1",
          "(.NET 5.0.3; Microsoft Windows 10.0.19041)"
        ],
        "x-ms-acl": "user::rwx,group::r--,other::---,mask::rwx",
        "x-ms-client-request-id": "fe96df2b-c66e-7ffc-e19a-d5c0ac922d53",
        "x-ms-date": "Fri, 19 Feb 2021 19:06:12 GMT",
        "x-ms-return-client-request-id": "true",
        "x-ms-version": "2020-10-02"
      },
      "RequestBody": null,
      "StatusCode": 412,
      "ResponseHeaders": {
        "Content-Length": "200",
        "Content-Type": "application/json; charset=utf-8",
        "Date": "Fri, 19 Feb 2021 19:06:11 GMT",
        "Server": [
          "Windows-Azure-HDFS/1.0",
          "Microsoft-HTTPAPI/2.0"
        ],
        "x-ms-client-request-id": "fe96df2b-c66e-7ffc-e19a-d5c0ac922d53",
        "x-ms-error-code": "ConditionNotMet",
        "x-ms-request-id": "da847b06-a01f-0061-7bf2-065c1c000000",
        "x-ms-version": "2020-10-02"
      },
      "ResponseBody": {
        "error": {
          "code": "ConditionNotMet",
          "message": "The condition specified using HTTP conditional header(s) is not met.\nRequestId:da847b06-a01f-0061-7bf2-065c1c000000\nTime:2021-02-19T19:06:12.2190680Z"
        }
      }
    },
    {
      "RequestUri": "https://seannse.blob.core.windows.net/test-filesystem-48dc1d30-073d-d055-daca-1b3ba168a5ba?restype=container",
      "RequestMethod": "DELETE",
      "RequestHeaders": {
        "Accept": "application/xml",
        "Authorization": "Sanitized",
        "traceparent": "00-836f4aa58b725c48a7502c3592601da9-359df27f54127140-00",
        "User-Agent": [
          "azsdk-net-Storage.Files.DataLake/12.7.0-alpha.20210219.1",
          "(.NET 5.0.3; Microsoft Windows 10.0.19041)"
        ],
        "x-ms-client-request-id": "17b57726-131d-b68b-7adb-7d93b5db5c62",
        "x-ms-date": "Fri, 19 Feb 2021 19:06:12 GMT",
        "x-ms-return-client-request-id": "true",
        "x-ms-version": "2020-10-02"
      },
      "RequestBody": null,
      "StatusCode": 202,
      "ResponseHeaders": {
        "Content-Length": "0",
        "Date": "Fri, 19 Feb 2021 19:06:11 GMT",
        "Server": [
          "Windows-Azure-Blob/1.0",
          "Microsoft-HTTPAPI/2.0"
        ],
        "x-ms-client-request-id": "17b57726-131d-b68b-7adb-7d93b5db5c62",
        "x-ms-request-id": "cb13681d-b01e-006d-06f2-06cb14000000",
        "x-ms-version": "2020-10-02"
      },
      "ResponseBody": []
    },
    {
      "RequestUri": "https://seannse.blob.core.windows.net/test-filesystem-a3b9a3a1-0e26-4d4a-526d-14996956515e?restype=container",
      "RequestMethod": "PUT",
      "RequestHeaders": {
        "Accept": "application/xml",
        "Authorization": "Sanitized",
        "traceparent": "00-276778b8232fc24ba9f16e386f11879b-1649557a5b99f44c-00",
        "User-Agent": [
          "azsdk-net-Storage.Files.DataLake/12.7.0-alpha.20210219.1",
          "(.NET 5.0.3; Microsoft Windows 10.0.19041)"
        ],
        "x-ms-blob-public-access": "container",
        "x-ms-client-request-id": "8a04f978-91c9-18dd-2c67-c4affef24c23",
        "x-ms-date": "Fri, 19 Feb 2021 19:06:13 GMT",
        "x-ms-return-client-request-id": "true",
        "x-ms-version": "2020-10-02"
      },
      "RequestBody": null,
      "StatusCode": 201,
      "ResponseHeaders": {
        "Content-Length": "0",
        "Date": "Fri, 19 Feb 2021 19:06:11 GMT",
        "ETag": "\"0x8D8D5096C70AF79\"",
        "Last-Modified": "Fri, 19 Feb 2021 19:06:12 GMT",
        "Server": [
          "Windows-Azure-Blob/1.0",
          "Microsoft-HTTPAPI/2.0"
        ],
        "x-ms-client-request-id": "8a04f978-91c9-18dd-2c67-c4affef24c23",
        "x-ms-request-id": "cb13683a-b01e-006d-21f2-06cb14000000",
        "x-ms-version": "2020-10-02"
      },
      "ResponseBody": []
    },
    {
      "RequestUri": "https://seannse.dfs.core.windows.net/test-filesystem-a3b9a3a1-0e26-4d4a-526d-14996956515e/test-directory-e32d1e8a-2741-8a85-6d0e-d9261972ed59?resource=directory",
      "RequestMethod": "PUT",
      "RequestHeaders": {
        "Accept": "application/json",
        "Authorization": "Sanitized",
        "traceparent": "00-86666a77d1cf9140af0ba3e11e33a4b9-e6051c7b0575684c-00",
        "User-Agent": [
          "azsdk-net-Storage.Files.DataLake/12.7.0-alpha.20210219.1",
          "(.NET 5.0.3; Microsoft Windows 10.0.19041)"
        ],
        "x-ms-client-request-id": "424dd0b3-8fcb-51cc-747a-1cbab8b6feba",
        "x-ms-date": "Fri, 19 Feb 2021 19:06:13 GMT",
        "x-ms-return-client-request-id": "true",
        "x-ms-version": "2020-10-02"
      },
      "RequestBody": null,
      "StatusCode": 201,
      "ResponseHeaders": {
        "Content-Length": "0",
        "Date": "Fri, 19 Feb 2021 19:06:11 GMT",
        "ETag": "\"0x8D8D5096C7F24CB\"",
        "Last-Modified": "Fri, 19 Feb 2021 19:06:12 GMT",
        "Server": [
          "Windows-Azure-HDFS/1.0",
          "Microsoft-HTTPAPI/2.0"
        ],
        "x-ms-client-request-id": "424dd0b3-8fcb-51cc-747a-1cbab8b6feba",
        "x-ms-request-id": "da847b28-a01f-0061-1df2-065c1c000000",
        "x-ms-version": "2020-10-02"
      },
      "ResponseBody": []
    },
    {
      "RequestUri": "https://seannse.blob.core.windows.net/test-filesystem-a3b9a3a1-0e26-4d4a-526d-14996956515e/test-directory-e32d1e8a-2741-8a85-6d0e-d9261972ed59",
      "RequestMethod": "HEAD",
      "RequestHeaders": {
        "Accept": "application/xml",
        "Authorization": "Sanitized",
        "User-Agent": [
          "azsdk-net-Storage.Files.DataLake/12.7.0-alpha.20210219.1",
          "(.NET 5.0.3; Microsoft Windows 10.0.19041)"
        ],
        "x-ms-client-request-id": "49730162-ab24-6b8e-38cf-fbd7aadb1c3d",
        "x-ms-date": "Fri, 19 Feb 2021 19:06:13 GMT",
        "x-ms-return-client-request-id": "true",
        "x-ms-version": "2020-10-02"
      },
      "RequestBody": null,
      "StatusCode": 200,
      "ResponseHeaders": {
        "Accept-Ranges": "bytes",
        "Content-Length": "0",
        "Content-Type": "application/octet-stream",
        "Date": "Fri, 19 Feb 2021 19:06:11 GMT",
        "ETag": "\"0x8D8D5096C7F24CB\"",
        "Last-Modified": "Fri, 19 Feb 2021 19:06:12 GMT",
        "Server": [
          "Windows-Azure-Blob/1.0",
          "Microsoft-HTTPAPI/2.0"
        ],
        "x-ms-access-tier": "Hot",
        "x-ms-access-tier-inferred": "true",
        "x-ms-blob-type": "BlockBlob",
        "x-ms-client-request-id": "49730162-ab24-6b8e-38cf-fbd7aadb1c3d",
        "x-ms-creation-time": "Fri, 19 Feb 2021 19:06:12 GMT",
        "x-ms-group": "$superuser",
        "x-ms-lease-state": "available",
        "x-ms-lease-status": "unlocked",
        "x-ms-meta-hdi_isfolder": "true",
        "x-ms-owner": "$superuser",
        "x-ms-permissions": "rwxr-x---",
        "x-ms-request-id": "cb13688d-b01e-006d-6ef2-06cb14000000",
        "x-ms-server-encrypted": "true",
        "x-ms-version": "2020-10-02"
      },
      "ResponseBody": []
    },
    {
      "RequestUri": "https://seannse.dfs.core.windows.net/test-filesystem-a3b9a3a1-0e26-4d4a-526d-14996956515e/test-directory-e32d1e8a-2741-8a85-6d0e-d9261972ed59?action=setAccessControl",
      "RequestMethod": "PATCH",
      "RequestHeaders": {
        "Accept": "application/json",
        "Authorization": "Sanitized",
        "If-None-Match": "0x8D8D5096C7F24CB",
        "User-Agent": [
          "azsdk-net-Storage.Files.DataLake/12.7.0-alpha.20210219.1",
          "(.NET 5.0.3; Microsoft Windows 10.0.19041)"
        ],
        "x-ms-acl": "user::rwx,group::r--,other::---,mask::rwx",
        "x-ms-client-request-id": "b6573642-b542-cf96-dc49-c002e0fa18ad",
        "x-ms-date": "Fri, 19 Feb 2021 19:06:13 GMT",
        "x-ms-return-client-request-id": "true",
        "x-ms-version": "2020-10-02"
      },
      "RequestBody": null,
      "StatusCode": 412,
      "ResponseHeaders": {
        "Content-Length": "200",
        "Content-Type": "application/json; charset=utf-8",
        "Date": "Fri, 19 Feb 2021 19:06:12 GMT",
        "Server": [
          "Windows-Azure-HDFS/1.0",
          "Microsoft-HTTPAPI/2.0"
        ],
        "x-ms-client-request-id": "b6573642-b542-cf96-dc49-c002e0fa18ad",
        "x-ms-error-code": "ConditionNotMet",
        "x-ms-request-id": "da847b41-a01f-0061-36f2-065c1c000000",
        "x-ms-version": "2020-10-02"
      },
      "ResponseBody": {
        "error": {
          "code": "ConditionNotMet",
          "message": "The condition specified using HTTP conditional header(s) is not met.\nRequestId:da847b41-a01f-0061-36f2-065c1c000000\nTime:2021-02-19T19:06:12.6243537Z"
        }
      }
    },
    {
      "RequestUri": "https://seannse.blob.core.windows.net/test-filesystem-a3b9a3a1-0e26-4d4a-526d-14996956515e?restype=container",
      "RequestMethod": "DELETE",
      "RequestHeaders": {
        "Accept": "application/xml",
        "Authorization": "Sanitized",
        "traceparent": "00-f1abb55b7e23c84cad0ee7f58f0f5646-4eaf461566eb1044-00",
        "User-Agent": [
          "azsdk-net-Storage.Files.DataLake/12.7.0-alpha.20210219.1",
          "(.NET 5.0.3; Microsoft Windows 10.0.19041)"
        ],
        "x-ms-client-request-id": "7395979b-6584-cdfa-b72b-0b88f204f604",
        "x-ms-date": "Fri, 19 Feb 2021 19:06:13 GMT",
        "x-ms-return-client-request-id": "true",
        "x-ms-version": "2020-10-02"
      },
      "RequestBody": null,
      "StatusCode": 202,
      "ResponseHeaders": {
        "Content-Length": "0",
        "Date": "Fri, 19 Feb 2021 19:06:12 GMT",
        "Server": [
          "Windows-Azure-Blob/1.0",
          "Microsoft-HTTPAPI/2.0"
        ],
        "x-ms-client-request-id": "7395979b-6584-cdfa-b72b-0b88f204f604",
        "x-ms-request-id": "cb1368bf-b01e-006d-1df2-06cb14000000",
        "x-ms-version": "2020-10-02"
      },
      "ResponseBody": []
    },
    {
      "RequestUri": "https://seannse.blob.core.windows.net/test-filesystem-ee350c71-62cd-f14f-22a7-bca66bfcddbf?restype=container",
      "RequestMethod": "PUT",
      "RequestHeaders": {
        "Accept": "application/xml",
        "Authorization": "Sanitized",
        "traceparent": "00-1b88005b8b1c344ab6663baeac2f879b-4cb5b3e20c8fde48-00",
        "User-Agent": [
          "azsdk-net-Storage.Files.DataLake/12.7.0-alpha.20210219.1",
          "(.NET 5.0.3; Microsoft Windows 10.0.19041)"
        ],
        "x-ms-blob-public-access": "container",
        "x-ms-client-request-id": "e52745a6-dce7-395f-47a3-51dca95462bb",
        "x-ms-date": "Fri, 19 Feb 2021 19:06:13 GMT",
        "x-ms-return-client-request-id": "true",
        "x-ms-version": "2020-10-02"
      },
      "RequestBody": null,
      "StatusCode": 201,
      "ResponseHeaders": {
        "Content-Length": "0",
        "Date": "Fri, 19 Feb 2021 19:06:12 GMT",
        "ETag": "\"0x8D8D5096CAE1181\"",
        "Last-Modified": "Fri, 19 Feb 2021 19:06:12 GMT",
        "Server": [
          "Windows-Azure-Blob/1.0",
          "Microsoft-HTTPAPI/2.0"
        ],
        "x-ms-client-request-id": "e52745a6-dce7-395f-47a3-51dca95462bb",
        "x-ms-request-id": "cb1368db-b01e-006d-35f2-06cb14000000",
        "x-ms-version": "2020-10-02"
      },
      "ResponseBody": []
    },
    {
      "RequestUri": "https://seannse.dfs.core.windows.net/test-filesystem-ee350c71-62cd-f14f-22a7-bca66bfcddbf/test-directory-5f094b4e-ad9e-cd9f-e25e-375c4a65ab96?resource=directory",
      "RequestMethod": "PUT",
      "RequestHeaders": {
        "Accept": "application/json",
        "Authorization": "Sanitized",
        "traceparent": "00-243e0a64828df3429dcee53254b7283c-4e96345575664c40-00",
        "User-Agent": [
          "azsdk-net-Storage.Files.DataLake/12.7.0-alpha.20210219.1",
          "(.NET 5.0.3; Microsoft Windows 10.0.19041)"
        ],
        "x-ms-client-request-id": "fa9b5c0f-5e82-f958-a65a-0388a402eee2",
        "x-ms-date": "Fri, 19 Feb 2021 19:06:13 GMT",
        "x-ms-return-client-request-id": "true",
        "x-ms-version": "2020-10-02"
      },
      "RequestBody": null,
      "StatusCode": 201,
      "ResponseHeaders": {
        "Content-Length": "0",
        "Date": "Fri, 19 Feb 2021 19:06:12 GMT",
        "ETag": "\"0x8D8D5096CBC34AA\"",
        "Last-Modified": "Fri, 19 Feb 2021 19:06:12 GMT",
        "Server": [
          "Windows-Azure-HDFS/1.0",
          "Microsoft-HTTPAPI/2.0"
        ],
        "x-ms-client-request-id": "fa9b5c0f-5e82-f958-a65a-0388a402eee2",
        "x-ms-request-id": "da847b66-a01f-0061-5bf2-065c1c000000",
        "x-ms-version": "2020-10-02"
      },
      "ResponseBody": []
    },
    {
      "RequestUri": "https://seannse.dfs.core.windows.net/test-filesystem-ee350c71-62cd-f14f-22a7-bca66bfcddbf/test-directory-5f094b4e-ad9e-cd9f-e25e-375c4a65ab96?action=setAccessControl",
      "RequestMethod": "PATCH",
      "RequestHeaders": {
        "Accept": "application/json",
        "Authorization": "Sanitized",
        "User-Agent": [
          "azsdk-net-Storage.Files.DataLake/12.7.0-alpha.20210219.1",
          "(.NET 5.0.3; Microsoft Windows 10.0.19041)"
        ],
        "x-ms-acl": "user::rwx,group::r--,other::---,mask::rwx",
        "x-ms-client-request-id": "ed4dd631-b0ca-8a14-6d05-7e79f450fe31",
        "x-ms-date": "Fri, 19 Feb 2021 19:06:13 GMT",
        "x-ms-lease-id": "059fcef8-35ae-3fc7-fa57-fd5fde1e5631",
        "x-ms-return-client-request-id": "true",
        "x-ms-version": "2020-10-02"
      },
      "RequestBody": null,
      "StatusCode": 412,
      "ResponseHeaders": {
        "Content-Length": "176",
        "Content-Type": "application/json; charset=utf-8",
        "Date": "Fri, 19 Feb 2021 19:06:12 GMT",
        "Server": [
          "Windows-Azure-HDFS/1.0",
          "Microsoft-HTTPAPI/2.0"
        ],
        "x-ms-client-request-id": "ed4dd631-b0ca-8a14-6d05-7e79f450fe31",
        "x-ms-error-code": "LeaseNotPresent",
        "x-ms-request-id": "da847b74-a01f-0061-69f2-065c1c000000",
        "x-ms-version": "2020-10-02"
      },
      "ResponseBody": {
        "error": {
          "code": "LeaseNotPresent",
          "message": "There is currently no lease on the resource.\nRequestId:da847b74-a01f-0061-69f2-065c1c000000\nTime:2021-02-19T19:06:12.9345721Z"
        }
      }
    },
    {
      "RequestUri": "https://seannse.blob.core.windows.net/test-filesystem-ee350c71-62cd-f14f-22a7-bca66bfcddbf?restype=container",
      "RequestMethod": "DELETE",
      "RequestHeaders": {
        "Accept": "application/xml",
        "Authorization": "Sanitized",
        "traceparent": "00-9b92d0cd33e29546a654e56e4f1a64ed-b8625fa6d932444e-00",
        "User-Agent": [
          "azsdk-net-Storage.Files.DataLake/12.7.0-alpha.20210219.1",
          "(.NET 5.0.3; Microsoft Windows 10.0.19041)"
        ],
        "x-ms-client-request-id": "ce566ce0-01b5-4717-a668-754fbe6d6122",
        "x-ms-date": "Fri, 19 Feb 2021 19:06:13 GMT",
        "x-ms-return-client-request-id": "true",
        "x-ms-version": "2020-10-02"
      },
      "RequestBody": null,
      "StatusCode": 202,
      "ResponseHeaders": {
        "Content-Length": "0",
        "Date": "Fri, 19 Feb 2021 19:06:12 GMT",
        "Server": [
          "Windows-Azure-Blob/1.0",
          "Microsoft-HTTPAPI/2.0"
        ],
        "x-ms-client-request-id": "ce566ce0-01b5-4717-a668-754fbe6d6122",
        "x-ms-request-id": "cb13692a-b01e-006d-7ef2-06cb14000000",
        "x-ms-version": "2020-10-02"
      },
      "ResponseBody": []
    }
  ],
  "Variables": {
    "DateTimeOffsetNow": "2021-02-19T13:06:12.0947632-06:00",
    "RandomSeed": "1755761147",
    "Storage_TestConfigHierarchicalNamespace": "NamespaceTenant\nseannse\nU2FuaXRpemVk\nhttps://seannse.blob.core.windows.net\nhttps://seannse.file.core.windows.net\nhttps://seannse.queue.core.windows.net\nhttps://seannse.table.core.windows.net\n\n\n\n\nhttps://seannse-secondary.blob.core.windows.net\nhttps://seannse-secondary.file.core.windows.net\nhttps://seannse-secondary.queue.core.windows.net\nhttps://seannse-secondary.table.core.windows.net\n68390a19-a643-458b-b726-408abf67b4fc\nSanitized\n72f988bf-86f1-41af-91ab-2d7cd011db47\nhttps://login.microsoftonline.com/\nCloud\nBlobEndpoint=https://seannse.blob.core.windows.net/;QueueEndpoint=https://seannse.queue.core.windows.net/;FileEndpoint=https://seannse.file.core.windows.net/;BlobSecondaryEndpoint=https://seannse-secondary.blob.core.windows.net/;QueueSecondaryEndpoint=https://seannse-secondary.queue.core.windows.net/;FileSecondaryEndpoint=https://seannse-secondary.file.core.windows.net/;AccountName=seannse;AccountKey=Sanitized\n\n\n"
  }
}