{
  "Entries": [
    {
      "RequestUri": "https://seannse.blob.core.windows.net/test-filesystem-68525ef6-b63c-748f-d96a-75f03a555db9?restype=container",
      "RequestMethod": "PUT",
      "RequestHeaders": {
        "Accept": "application/xml",
        "Authorization": "Sanitized",
        "traceparent": "00-b50e2216632ae245a008d0be6f51f63f-84cd2797fd9b0445-00",
        "User-Agent": [
          "azsdk-net-Storage.Files.DataLake/12.7.0-alpha.20210217.1",
          "(.NET 5.0.3; Microsoft Windows 10.0.19042)"
        ],
        "x-ms-blob-public-access": "container",
        "x-ms-client-request-id": "0c2228ea-080d-f9a0-c2e8-7c2ae73977ab",
        "x-ms-date": "Wed, 17 Feb 2021 22:43:02 GMT",
        "x-ms-return-client-request-id": "true",
        "x-ms-version": "2020-06-12"
      },
      "RequestBody": null,
      "StatusCode": 201,
      "ResponseHeaders": {
        "Content-Length": "0",
        "Date": "Wed, 17 Feb 2021 22:43:02 GMT",
        "ETag": "\u00220x8D8D395626F9277\u0022",
        "Last-Modified": "Wed, 17 Feb 2021 22:43:02 GMT",
        "Server": [
          "Windows-Azure-Blob/1.0",
          "Microsoft-HTTPAPI/2.0"
        ],
        "x-ms-client-request-id": "0c2228ea-080d-f9a0-c2e8-7c2ae73977ab",
        "x-ms-request-id": "a1517615-b01e-007d-577e-050e7c000000",
        "x-ms-version": "2020-06-12"
      },
      "ResponseBody": []
    },
    {
      "RequestUri": "https://seannse.dfs.core.windows.net/test-filesystem-68525ef6-b63c-748f-d96a-75f03a555db9/?action=setAccessControl",
      "RequestMethod": "PATCH",
      "RequestHeaders": {
        "Authorization": "Sanitized",
        "traceparent": "00-ee4864fd1434f24784a62f0d82906c1c-2c23e40da50a9549-00",
        "User-Agent": [
          "azsdk-net-Storage.Files.DataLake/12.7.0-alpha.20210217.1",
          "(.NET 5.0.3; Microsoft Windows 10.0.19042)"
        ],
        "x-ms-acl": "user::--x,group::--x,other::--x",
        "x-ms-client-request-id": "d56cf027-1e0b-3c51-6495-b1fa6ae85e01",
        "x-ms-date": "Wed, 17 Feb 2021 22:43:02 GMT",
        "x-ms-return-client-request-id": "true",
        "x-ms-version": "2020-06-12"
      },
      "RequestBody": null,
      "StatusCode": 200,
      "ResponseHeaders": {
        "Content-Length": "0",
        "Date": "Wed, 17 Feb 2021 22:43:02 GMT",
        "ETag": "\u00220x8D8D3956271D344\u0022",
        "Last-Modified": "Wed, 17 Feb 2021 22:43:02 GMT",
        "Server": [
          "Windows-Azure-HDFS/1.0",
          "Microsoft-HTTPAPI/2.0"
        ],
        "x-ms-client-request-id": "d56cf027-1e0b-3c51-6495-b1fa6ae85e01",
        "x-ms-namespace-enabled": "true",
        "x-ms-request-id": "61d427ea-701f-0072-147e-057810000000",
        "x-ms-version": "2020-06-12"
      },
      "ResponseBody": []
    },
    {
      "RequestUri": "https://seannse.dfs.core.windows.net/test-filesystem-68525ef6-b63c-748f-d96a-75f03a555db9/test-directory-593b4bdb-b5a8-ff18-51f8-3203b89cf4a1?resource=directory",
      "RequestMethod": "PUT",
      "RequestHeaders": {
        "Authorization": "Sanitized",
        "traceparent": "00-e9a650c0bc514f468ff296ea7ea0f6f4-434156ea93f6dd45-00",
        "User-Agent": [
          "azsdk-net-Storage.Files.DataLake/12.7.0-alpha.20210217.1",
          "(.NET 5.0.3; Microsoft Windows 10.0.19042)"
        ],
        "x-ms-client-request-id": "ba284eab-a1e5-71ef-d76c-8313ec4e84c8",
        "x-ms-date": "Wed, 17 Feb 2021 22:43:03 GMT",
        "x-ms-return-client-request-id": "true",
        "x-ms-version": "2020-06-12"
      },
      "RequestBody": null,
      "StatusCode": 201,
      "ResponseHeaders": {
        "Content-Length": "0",
        "Date": "Wed, 17 Feb 2021 22:43:03 GMT",
        "ETag": "\u00220x8D8D39562B377C7\u0022",
        "Last-Modified": "Wed, 17 Feb 2021 22:43:03 GMT",
        "Server": [
          "Windows-Azure-HDFS/1.0",
          "Microsoft-HTTPAPI/2.0"
        ],
        "x-ms-client-request-id": "ba284eab-a1e5-71ef-d76c-8313ec4e84c8",
        "x-ms-request-id": "61d427f2-701f-0072-1c7e-057810000000",
        "x-ms-version": "2020-06-12"
      },
      "ResponseBody": []
    },
    {
      "RequestUri": "https://seannse.dfs.core.windows.net/test-filesystem-68525ef6-b63c-748f-d96a-75f03a555db9/test-directory-593b4bdb-b5a8-ff18-51f8-3203b89cf4a1/test-directory-840c10a1-67e5-3934-ab1a-9538e5e7c775?resource=directory",
      "RequestMethod": "PUT",
      "RequestHeaders": {
        "Authorization": "Sanitized",
        "User-Agent": [
          "azsdk-net-Storage.Files.DataLake/12.7.0-alpha.20210217.1",
          "(.NET 5.0.3; Microsoft Windows 10.0.19042)"
        ],
        "x-ms-client-request-id": "289007eb-3cd0-430b-19ef-0eca0cb68cf0",
        "x-ms-date": "Wed, 17 Feb 2021 22:43:03 GMT",
        "x-ms-return-client-request-id": "true",
        "x-ms-version": "2020-06-12"
      },
      "RequestBody": null,
      "StatusCode": 201,
      "ResponseHeaders": {
        "Content-Length": "0",
        "Date": "Wed, 17 Feb 2021 22:43:03 GMT",
        "ETag": "\u00220x8D8D39562C13299\u0022",
        "Last-Modified": "Wed, 17 Feb 2021 22:43:03 GMT",
        "Server": [
          "Windows-Azure-HDFS/1.0",
          "Microsoft-HTTPAPI/2.0"
        ],
        "x-ms-client-request-id": "289007eb-3cd0-430b-19ef-0eca0cb68cf0",
        "x-ms-request-id": "61d427fb-701f-0072-257e-057810000000",
        "x-ms-version": "2020-06-12"
      },
      "ResponseBody": []
    },
    {
      "RequestUri": "https://seannse.dfs.core.windows.net/test-filesystem-68525ef6-b63c-748f-d96a-75f03a555db9/test-directory-593b4bdb-b5a8-ff18-51f8-3203b89cf4a1/test-directory-840c10a1-67e5-3934-ab1a-9538e5e7c775/test-file-abdb0da5-1af5-6755-54bf-8e5448d4191e?resource=file",
      "RequestMethod": "PUT",
      "RequestHeaders": {
        "Authorization": "Sanitized",
        "User-Agent": [
          "azsdk-net-Storage.Files.DataLake/12.7.0-alpha.20210217.1",
          "(.NET 5.0.3; Microsoft Windows 10.0.19042)"
        ],
        "x-ms-client-request-id": "11ba2e04-89b0-d17f-b228-d310aeb7fa44",
        "x-ms-date": "Wed, 17 Feb 2021 22:43:03 GMT",
        "x-ms-return-client-request-id": "true",
        "x-ms-version": "2020-06-12"
      },
      "RequestBody": null,
      "StatusCode": 201,
      "ResponseHeaders": {
        "Content-Length": "0",
        "Date": "Wed, 17 Feb 2021 22:43:03 GMT",
        "ETag": "\u00220x8D8D39562CF77F1\u0022",
        "Last-Modified": "Wed, 17 Feb 2021 22:43:03 GMT",
        "Server": [
          "Windows-Azure-HDFS/1.0",
          "Microsoft-HTTPAPI/2.0"
        ],
        "x-ms-client-request-id": "11ba2e04-89b0-d17f-b228-d310aeb7fa44",
        "x-ms-request-id": "61d42809-701f-0072-337e-057810000000",
        "x-ms-version": "2020-06-12"
      },
      "ResponseBody": []
    },
    {
      "RequestUri": "https://seannse.dfs.core.windows.net/test-filesystem-68525ef6-b63c-748f-d96a-75f03a555db9/test-directory-593b4bdb-b5a8-ff18-51f8-3203b89cf4a1/test-directory-840c10a1-67e5-3934-ab1a-9538e5e7c775/test-file-ede4efd5-af68-0699-68e0-76e0cad13b62?resource=file",
      "RequestMethod": "PUT",
      "RequestHeaders": {
        "Authorization": "Sanitized",
        "User-Agent": [
          "azsdk-net-Storage.Files.DataLake/12.7.0-alpha.20210217.1",
          "(.NET 5.0.3; Microsoft Windows 10.0.19042)"
        ],
        "x-ms-client-request-id": "3bae0b1a-510c-54d7-95b4-a9d0129f06e1",
        "x-ms-date": "Wed, 17 Feb 2021 22:43:03 GMT",
        "x-ms-return-client-request-id": "true",
        "x-ms-version": "2020-06-12"
      },
      "RequestBody": null,
      "StatusCode": 201,
      "ResponseHeaders": {
        "Content-Length": "0",
        "Date": "Wed, 17 Feb 2021 22:43:03 GMT",
        "ETag": "\u00220x8D8D39562DD4065\u0022",
        "Last-Modified": "Wed, 17 Feb 2021 22:43:03 GMT",
        "Server": [
          "Windows-Azure-HDFS/1.0",
          "Microsoft-HTTPAPI/2.0"
        ],
        "x-ms-client-request-id": "3bae0b1a-510c-54d7-95b4-a9d0129f06e1",
        "x-ms-request-id": "61d42815-701f-0072-3f7e-057810000000",
        "x-ms-version": "2020-06-12"
      },
      "ResponseBody": []
    },
    {
      "RequestUri": "https://seannse.dfs.core.windows.net/test-filesystem-68525ef6-b63c-748f-d96a-75f03a555db9/test-directory-593b4bdb-b5a8-ff18-51f8-3203b89cf4a1/test-directory-608f70ec-e066-ce2a-8187-4eec846a3ad3?resource=directory",
      "RequestMethod": "PUT",
      "RequestHeaders": {
        "Authorization": "Sanitized",
        "User-Agent": [
          "azsdk-net-Storage.Files.DataLake/12.7.0-alpha.20210217.1",
          "(.NET 5.0.3; Microsoft Windows 10.0.19042)"
        ],
        "x-ms-client-request-id": "5a414975-ed05-3a16-e0df-b98503eacf2a",
        "x-ms-date": "Wed, 17 Feb 2021 22:43:03 GMT",
        "x-ms-return-client-request-id": "true",
        "x-ms-version": "2020-06-12"
      },
      "RequestBody": null,
      "StatusCode": 201,
      "ResponseHeaders": {
        "Content-Length": "0",
        "Date": "Wed, 17 Feb 2021 22:43:03 GMT",
        "ETag": "\u00220x8D8D39562EBD36B\u0022",
        "Last-Modified": "Wed, 17 Feb 2021 22:43:03 GMT",
        "Server": [
          "Windows-Azure-HDFS/1.0",
          "Microsoft-HTTPAPI/2.0"
        ],
        "x-ms-client-request-id": "5a414975-ed05-3a16-e0df-b98503eacf2a",
        "x-ms-request-id": "61d42826-701f-0072-507e-057810000000",
        "x-ms-version": "2020-06-12"
      },
      "ResponseBody": []
    },
    {
      "RequestUri": "https://seannse.dfs.core.windows.net/test-filesystem-68525ef6-b63c-748f-d96a-75f03a555db9/test-directory-593b4bdb-b5a8-ff18-51f8-3203b89cf4a1/test-directory-608f70ec-e066-ce2a-8187-4eec846a3ad3/test-file-183cd67a-47d9-ecbe-1a60-e96b5bc570e3?resource=file",
      "RequestMethod": "PUT",
      "RequestHeaders": {
        "Authorization": "Sanitized",
        "User-Agent": [
          "azsdk-net-Storage.Files.DataLake/12.7.0-alpha.20210217.1",
          "(.NET 5.0.3; Microsoft Windows 10.0.19042)"
        ],
        "x-ms-client-request-id": "87eb5a2b-3161-2d26-8a55-3fa403abdf1b",
        "x-ms-date": "Wed, 17 Feb 2021 22:43:03 GMT",
        "x-ms-return-client-request-id": "true",
        "x-ms-version": "2020-06-12"
      },
      "RequestBody": null,
      "StatusCode": 201,
      "ResponseHeaders": {
        "Content-Length": "0",
        "Date": "Wed, 17 Feb 2021 22:43:03 GMT",
        "ETag": "\u00220x8D8D39562F966EA\u0022",
        "Last-Modified": "Wed, 17 Feb 2021 22:43:03 GMT",
        "Server": [
          "Windows-Azure-HDFS/1.0",
          "Microsoft-HTTPAPI/2.0"
        ],
        "x-ms-client-request-id": "87eb5a2b-3161-2d26-8a55-3fa403abdf1b",
        "x-ms-request-id": "61d4283a-701f-0072-647e-057810000000",
        "x-ms-version": "2020-06-12"
      },
      "ResponseBody": []
    },
    {
      "RequestUri": "https://seannse.dfs.core.windows.net/test-filesystem-68525ef6-b63c-748f-d96a-75f03a555db9/test-directory-593b4bdb-b5a8-ff18-51f8-3203b89cf4a1?action=setAccessControl",
      "RequestMethod": "PATCH",
      "RequestHeaders": {
        "Authorization": "Sanitized",
        "User-Agent": [
          "azsdk-net-Storage.Files.DataLake/12.7.0-alpha.20210217.1",
          "(.NET 5.0.3; Microsoft Windows 10.0.19042)"
        ],
        "x-ms-client-request-id": "70d3c2ab-7588-9719-5951-7ecbfbd7c30f",
        "x-ms-date": "Wed, 17 Feb 2021 22:43:03 GMT",
        "x-ms-owner": "b547d66f-9472-9a00-0896-364e697ba549",
        "x-ms-permissions": "rwxrwxrwx",
        "x-ms-return-client-request-id": "true",
        "x-ms-version": "2020-06-12"
      },
      "RequestBody": null,
      "StatusCode": 200,
      "ResponseHeaders": {
        "Content-Length": "0",
        "Date": "Wed, 17 Feb 2021 22:43:03 GMT",
        "ETag": "\u00220x8D8D39562B377C7\u0022",
        "Last-Modified": "Wed, 17 Feb 2021 22:43:03 GMT",
        "Server": [
          "Windows-Azure-HDFS/1.0",
          "Microsoft-HTTPAPI/2.0"
        ],
        "x-ms-client-request-id": "70d3c2ab-7588-9719-5951-7ecbfbd7c30f",
        "x-ms-namespace-enabled": "true",
        "x-ms-request-id": "61d42844-701f-0072-6e7e-057810000000",
        "x-ms-version": "2020-06-12"
      },
      "ResponseBody": []
    },
    {
      "RequestUri": "https://seannse.dfs.core.windows.net/test-filesystem-68525ef6-b63c-748f-d96a-75f03a555db9/test-directory-593b4bdb-b5a8-ff18-51f8-3203b89cf4a1/test-directory-840c10a1-67e5-3934-ab1a-9538e5e7c775?action=setAccessControl",
      "RequestMethod": "PATCH",
      "RequestHeaders": {
        "Authorization": "Sanitized",
        "User-Agent": [
          "azsdk-net-Storage.Files.DataLake/12.7.0-alpha.20210217.1",
          "(.NET 5.0.3; Microsoft Windows 10.0.19042)"
        ],
        "x-ms-client-request-id": "a6a3fef3-35a7-bfc0-43a8-a6886ab60f4f",
        "x-ms-date": "Wed, 17 Feb 2021 22:43:03 GMT",
        "x-ms-owner": "b547d66f-9472-9a00-0896-364e697ba549",
        "x-ms-permissions": "rwxrwxrwx",
        "x-ms-return-client-request-id": "true",
        "x-ms-version": "2020-06-12"
      },
      "RequestBody": null,
      "StatusCode": 200,
      "ResponseHeaders": {
        "Content-Length": "0",
        "Date": "Wed, 17 Feb 2021 22:43:03 GMT",
        "ETag": "\u00220x8D8D39562C13299\u0022",
        "Last-Modified": "Wed, 17 Feb 2021 22:43:03 GMT",
        "Server": [
          "Windows-Azure-HDFS/1.0",
          "Microsoft-HTTPAPI/2.0"
        ],
        "x-ms-client-request-id": "a6a3fef3-35a7-bfc0-43a8-a6886ab60f4f",
        "x-ms-namespace-enabled": "true",
        "x-ms-request-id": "61d4285a-701f-0072-047e-057810000000",
        "x-ms-version": "2020-06-12"
      },
      "ResponseBody": []
    },
    {
      "RequestUri": "https://seannse.dfs.core.windows.net/test-filesystem-68525ef6-b63c-748f-d96a-75f03a555db9/test-directory-593b4bdb-b5a8-ff18-51f8-3203b89cf4a1/test-directory-840c10a1-67e5-3934-ab1a-9538e5e7c775/test-file-abdb0da5-1af5-6755-54bf-8e5448d4191e?action=setAccessControl",
      "RequestMethod": "PATCH",
      "RequestHeaders": {
        "Authorization": "Sanitized",
        "User-Agent": [
          "azsdk-net-Storage.Files.DataLake/12.7.0-alpha.20210217.1",
          "(.NET 5.0.3; Microsoft Windows 10.0.19042)"
        ],
        "x-ms-client-request-id": "fdd89e56-1c34-7a68-34b0-62c238b91b9d",
        "x-ms-date": "Wed, 17 Feb 2021 22:43:04 GMT",
        "x-ms-owner": "b547d66f-9472-9a00-0896-364e697ba549",
        "x-ms-permissions": "rwxrwxrwx",
        "x-ms-return-client-request-id": "true",
        "x-ms-version": "2020-06-12"
      },
      "RequestBody": null,
      "StatusCode": 200,
      "ResponseHeaders": {
        "Content-Length": "0",
        "Date": "Wed, 17 Feb 2021 22:43:03 GMT",
        "ETag": "\u00220x8D8D39562CF77F1\u0022",
        "Last-Modified": "Wed, 17 Feb 2021 22:43:03 GMT",
        "Server": [
          "Windows-Azure-HDFS/1.0",
          "Microsoft-HTTPAPI/2.0"
        ],
        "x-ms-client-request-id": "fdd89e56-1c34-7a68-34b0-62c238b91b9d",
        "x-ms-namespace-enabled": "true",
        "x-ms-request-id": "61d42866-701f-0072-107e-057810000000",
        "x-ms-version": "2020-06-12"
      },
      "ResponseBody": []
    },
    {
      "RequestUri": "https://seannse.dfs.core.windows.net/test-filesystem-68525ef6-b63c-748f-d96a-75f03a555db9/test-directory-593b4bdb-b5a8-ff18-51f8-3203b89cf4a1/test-directory-840c10a1-67e5-3934-ab1a-9538e5e7c775/test-file-ede4efd5-af68-0699-68e0-76e0cad13b62?action=setAccessControl",
      "RequestMethod": "PATCH",
      "RequestHeaders": {
        "Authorization": "Sanitized",
        "User-Agent": [
          "azsdk-net-Storage.Files.DataLake/12.7.0-alpha.20210217.1",
          "(.NET 5.0.3; Microsoft Windows 10.0.19042)"
        ],
        "x-ms-client-request-id": "cb3279f4-12de-691b-38aa-7508990994c7",
        "x-ms-date": "Wed, 17 Feb 2021 22:43:04 GMT",
        "x-ms-owner": "b547d66f-9472-9a00-0896-364e697ba549",
        "x-ms-permissions": "rwxrwxrwx",
        "x-ms-return-client-request-id": "true",
        "x-ms-version": "2020-06-12"
      },
      "RequestBody": null,
      "StatusCode": 200,
      "ResponseHeaders": {
        "Content-Length": "0",
        "Date": "Wed, 17 Feb 2021 22:43:04 GMT",
        "ETag": "\u00220x8D8D39562DD4065\u0022",
        "Last-Modified": "Wed, 17 Feb 2021 22:43:03 GMT",
        "Server": [
          "Windows-Azure-HDFS/1.0",
          "Microsoft-HTTPAPI/2.0"
        ],
        "x-ms-client-request-id": "cb3279f4-12de-691b-38aa-7508990994c7",
        "x-ms-namespace-enabled": "true",
        "x-ms-request-id": "61d4288b-701f-0072-357e-057810000000",
        "x-ms-version": "2020-06-12"
      },
      "ResponseBody": []
    },
    {
      "RequestUri": "https://seannse.dfs.core.windows.net/test-filesystem-68525ef6-b63c-748f-d96a-75f03a555db9/test-directory-593b4bdb-b5a8-ff18-51f8-3203b89cf4a1/test-directory-608f70ec-e066-ce2a-8187-4eec846a3ad3?action=setAccessControl",
      "RequestMethod": "PATCH",
      "RequestHeaders": {
        "Authorization": "Sanitized",
        "User-Agent": [
          "azsdk-net-Storage.Files.DataLake/12.7.0-alpha.20210217.1",
          "(.NET 5.0.3; Microsoft Windows 10.0.19042)"
        ],
        "x-ms-client-request-id": "becd0fd8-4f87-1bbe-2237-0a5dda1d5d28",
        "x-ms-date": "Wed, 17 Feb 2021 22:43:04 GMT",
        "x-ms-owner": "b547d66f-9472-9a00-0896-364e697ba549",
        "x-ms-permissions": "rwxrwxrwx",
        "x-ms-return-client-request-id": "true",
        "x-ms-version": "2020-06-12"
      },
      "RequestBody": null,
      "StatusCode": 200,
      "ResponseHeaders": {
        "Content-Length": "0",
        "Date": "Wed, 17 Feb 2021 22:43:04 GMT",
        "ETag": "\u00220x8D8D39562EBD36B\u0022",
        "Last-Modified": "Wed, 17 Feb 2021 22:43:03 GMT",
        "Server": [
          "Windows-Azure-HDFS/1.0",
          "Microsoft-HTTPAPI/2.0"
        ],
        "x-ms-client-request-id": "becd0fd8-4f87-1bbe-2237-0a5dda1d5d28",
        "x-ms-namespace-enabled": "true",
        "x-ms-request-id": "61d42892-701f-0072-3c7e-057810000000",
        "x-ms-version": "2020-06-12"
      },
      "ResponseBody": []
    },
    {
      "RequestUri": "https://seannse.dfs.core.windows.net/test-filesystem-68525ef6-b63c-748f-d96a-75f03a555db9/test-directory-593b4bdb-b5a8-ff18-51f8-3203b89cf4a1/test-directory-608f70ec-e066-ce2a-8187-4eec846a3ad3/test-file-183cd67a-47d9-ecbe-1a60-e96b5bc570e3?action=setAccessControl",
      "RequestMethod": "PATCH",
      "RequestHeaders": {
        "Authorization": "Sanitized",
        "User-Agent": [
          "azsdk-net-Storage.Files.DataLake/12.7.0-alpha.20210217.1",
          "(.NET 5.0.3; Microsoft Windows 10.0.19042)"
        ],
        "x-ms-client-request-id": "8a30b549-d63b-e240-c003-861766c62b5b",
        "x-ms-date": "Wed, 17 Feb 2021 22:43:04 GMT",
        "x-ms-owner": "b547d66f-9472-9a00-0896-364e697ba549",
        "x-ms-permissions": "rwxrwxrwx",
        "x-ms-return-client-request-id": "true",
        "x-ms-version": "2020-06-12"
      },
      "RequestBody": null,
      "StatusCode": 200,
      "ResponseHeaders": {
        "Content-Length": "0",
        "Date": "Wed, 17 Feb 2021 22:43:04 GMT",
        "ETag": "\u00220x8D8D39562F966EA\u0022",
        "Last-Modified": "Wed, 17 Feb 2021 22:43:03 GMT",
        "Server": [
          "Windows-Azure-HDFS/1.0",
          "Microsoft-HTTPAPI/2.0"
        ],
        "x-ms-client-request-id": "8a30b549-d63b-e240-c003-861766c62b5b",
        "x-ms-namespace-enabled": "true",
        "x-ms-request-id": "61d4289c-701f-0072-467e-057810000000",
        "x-ms-version": "2020-06-12"
      },
      "ResponseBody": []
    },
    {
      "RequestUri": "https://seannse.dfs.core.windows.net/test-filesystem-68525ef6-b63c-748f-d96a-75f03a555db9/test-directory-593b4bdb-b5a8-ff18-51f8-3203b89cf4a1/test-directory-608f70ec-e066-ce2a-8187-4eec846a3ad3/test-file-991aa283-c6e7-aa69-0b49-685bfcc1d463?resource=file",
      "RequestMethod": "PUT",
      "RequestHeaders": {
        "Authorization": "Sanitized",
        "User-Agent": [
          "azsdk-net-Storage.Files.DataLake/12.7.0-alpha.20210217.1",
          "(.NET 5.0.3; Microsoft Windows 10.0.19042)"
        ],
        "x-ms-client-request-id": "a479f700-d9a4-8242-4b85-7ef26de5e6ff",
        "x-ms-date": "Wed, 17 Feb 2021 22:43:04 GMT",
        "x-ms-return-client-request-id": "true",
        "x-ms-version": "2020-06-12"
      },
      "RequestBody": null,
      "StatusCode": 201,
      "ResponseHeaders": {
        "Content-Length": "0",
        "Date": "Wed, 17 Feb 2021 22:43:04 GMT",
        "ETag": "\u00220x8D8D395638FCCD5\u0022",
        "Last-Modified": "Wed, 17 Feb 2021 22:43:04 GMT",
        "Server": [
          "Windows-Azure-HDFS/1.0",
          "Microsoft-HTTPAPI/2.0"
        ],
        "x-ms-client-request-id": "a479f700-d9a4-8242-4b85-7ef26de5e6ff",
        "x-ms-request-id": "61d428a8-701f-0072-527e-057810000000",
        "x-ms-version": "2020-06-12"
      },
      "ResponseBody": []
    },
    {
      "RequestUri": "https://seannse.blob.core.windows.net/?restype=service\u0026comp=userdelegationkey",
      "RequestMethod": "POST",
      "RequestHeaders": {
        "Accept": "application/xml",
        "Authorization": "Sanitized",
        "Content-Length": "59",
        "Content-Type": "application/xml",
        "traceparent": "00-4c0b3957270bdd4f826968adb840175b-5861a88a4620a44c-00",
        "User-Agent": [
          "azsdk-net-Storage.Files.DataLake/12.7.0-alpha.20210217.1",
          "(.NET 5.0.3; Microsoft Windows 10.0.19042)"
        ],
        "x-ms-client-request-id": "045bda2b-2f47-ebbf-9d91-da6754faff37",
        "x-ms-return-client-request-id": "true",
        "x-ms-version": "2020-06-12"
      },
      "RequestBody": "\uFEFF\u003CKeyInfo\u003E\u003CExpiry\u003E2021-02-17T23:43:04Z\u003C/Expiry\u003E\u003C/KeyInfo\u003E",
      "StatusCode": 200,
      "ResponseHeaders": {
        "Content-Type": "application/xml",
        "Date": "Wed, 17 Feb 2021 22:43:05 GMT",
        "Server": [
          "Windows-Azure-Blob/1.0",
          "Microsoft-HTTPAPI/2.0"
        ],
        "Transfer-Encoding": "chunked",
        "x-ms-client-request-id": "045bda2b-2f47-ebbf-9d91-da6754faff37",
        "x-ms-request-id": "1bfa9371-f01e-007c-607e-0551a0000000",
        "x-ms-version": "2020-06-12"
      },
      "ResponseBody": "\uFEFF\u003C?xml version=\u00221.0\u0022 encoding=\u0022utf-8\u0022?\u003E\u003CUserDelegationKey\u003E\u003CSignedOid\u003Ec4f48289-bb84-4086-b250-6f94a8f64cee\u003C/SignedOid\u003E\u003CSignedTid\u003E72f988bf-86f1-41af-91ab-2d7cd011db47\u003C/SignedTid\u003E\u003CSignedStart\u003E2021-02-17T22:43:05Z\u003C/SignedStart\u003E\u003CSignedExpiry\u003E2021-02-17T23:43:04Z\u003C/SignedExpiry\u003E\u003CSignedService\u003Eb\u003C/SignedService\u003E\u003CSignedVersion\u003E2020-06-12\u003C/SignedVersion\u003E\u003CValue\u003EkEvKzJuOjCW4juPop/oUAq6ZH/oEcUHiSxJJ3pi4hAY=\u003C/Value\u003E\u003C/UserDelegationKey\u003E"
    },
    {
      "RequestUri": "https://seannse.dfs.core.windows.net/test-filesystem-68525ef6-b63c-748f-d96a-75f03a555db9/test-directory-593b4bdb-b5a8-ff18-51f8-3203b89cf4a1?skoid=c4f48289-bb84-4086-b250-6f94a8f64cee\u0026sktid=72f988bf-86f1-41af-91ab-2d7cd011db47\u0026skt=2021-02-17T22%3A43%3A05Z\u0026ske=2021-02-17T23%3A43%3A04Z\u0026sks=b\u0026skv=2020-06-12\u0026sv=2020-06-12\u0026st=2021-02-17T21%3A43%3A04Z\u0026se=2021-02-17T23%3A43%3A04Z\u0026sr=c\u0026sp=racwdlmeop\u0026suoid=b547d66f-9472-9a00-0896-364e697ba549\u0026sig=Sanitized\u0026action=setAccessControlRecursive\u0026mode=set",
      "RequestMethod": "PATCH",
      "RequestHeaders": {
        "User-Agent": [
          "azsdk-net-Storage.Files.DataLake/12.7.0-alpha.20210217.1",
          "(.NET 5.0.3; Microsoft Windows 10.0.19042)"
        ],
        "x-ms-acl": "user::rwx,group::r--,other::---,mask::rwx",
        "x-ms-client-request-id": "92c65e82-e28a-ffb7-6467-e8212b065cba",
        "x-ms-return-client-request-id": "true",
        "x-ms-version": "2020-06-12"
      },
      "RequestBody": null,
      "StatusCode": 200,
      "ResponseHeaders": {
        "Date": "Wed, 17 Feb 2021 22:43:05 GMT",
        "Server": [
          "Windows-Azure-HDFS/1.0",
          "Microsoft-HTTPAPI/2.0"
        ],
        "Transfer-Encoding": "chunked",
        "x-ms-client-request-id": "92c65e82-e28a-ffb7-6467-e8212b065cba",
        "x-ms-namespace-enabled": "true",
        "x-ms-request-id": "7232636d-101f-0006-207e-054ce0000000",
        "x-ms-version": "2020-06-12"
      },
      "ResponseBody": "eyJkaXJlY3Rvcmllc1N1Y2Nlc3NmdWwiOjIsImZhaWxlZEVudHJpZXMiOlt7ImVycm9yTWVzc2FnZSI6IlRoaXMgcmVxdWVzdCBpcyBub3QgYXV0aG9yaXplZCB0byBwZXJmb3JtIHRoaXMgb3BlcmF0aW9uIHVzaW5nIHRoaXMgcGVybWlzc2lvbi4iLCJuYW1lIjoidGVzdC1kaXJlY3RvcnktNTkzYjRiZGItYjVhOC1mZjE4LTUxZjgtMzIwM2I4OWNmNGExL3Rlc3QtZGlyZWN0b3J5LTYwOGY3MGVjLWUwNjYtY2UyYS04MTg3LTRlZWM4NDZhM2FkMy90ZXN0LWZpbGUtOTkxYWEyODMtYzZlNy1hYTY5LTBiNDktNjg1YmZjYzFkNDYzIiwidHlwZSI6IkZJTEUifV0sImZhaWx1cmVDb3VudCI6MSwiZmlsZXNTdWNjZXNzZnVsIjoxfQo="
    },
    {
      "RequestUri": "https://seannse.blob.core.windows.net/test-filesystem-68525ef6-b63c-748f-d96a-75f03a555db9?restype=container",
      "RequestMethod": "DELETE",
      "RequestHeaders": {
        "Accept": "application/xml",
        "Authorization": "Sanitized",
        "traceparent": "00-ead2f49cea44d445b234eaae4d27fb6c-df778ea89ab63345-00",
        "User-Agent": [
          "azsdk-net-Storage.Files.DataLake/12.7.0-alpha.20210217.1",
          "(.NET 5.0.3; Microsoft Windows 10.0.19042)"
        ],
        "x-ms-client-request-id": "f5e5a5fc-6c34-7bad-2225-1f32aebace83",
        "x-ms-date": "Wed, 17 Feb 2021 22:43:06 GMT",
        "x-ms-return-client-request-id": "true",
        "x-ms-version": "2020-06-12"
      },
      "RequestBody": null,
      "StatusCode": 202,
      "ResponseHeaders": {
        "Content-Length": "0",
        "Date": "Wed, 17 Feb 2021 22:43:05 GMT",
        "Server": [
          "Windows-Azure-Blob/1.0",
          "Microsoft-HTTPAPI/2.0"
        ],
        "x-ms-client-request-id": "f5e5a5fc-6c34-7bad-2225-1f32aebace83",
        "x-ms-request-id": "a1517d25-b01e-007d-027e-050e7c000000",
        "x-ms-version": "2020-06-12"
      },
      "ResponseBody": []
    }
  ],
  "Variables": {
    "DateTimeOffsetNow": "2021-02-17T16:43:04.8596225-06:00",
    "RandomSeed": "493654",
    "Storage_TestConfigHierarchicalNamespace": "NamespaceTenant\nseannse\nU2FuaXRpemVk\nhttps://seannse.blob.core.windows.net\nhttps://seannse.file.core.windows.net\nhttps://seannse.queue.core.windows.net\nhttps://seannse.table.core.windows.net\n\n\n\n\nhttps://seannse-secondary.blob.core.windows.net\nhttps://seannse-secondary.file.core.windows.net\nhttps://seannse-secondary.queue.core.windows.net\nhttps://seannse-secondary.table.core.windows.net\n68390a19-a643-458b-b726-408abf67b4fc\nSanitized\n72f988bf-86f1-41af-91ab-2d7cd011db47\nhttps://login.microsoftonline.com/\nCloud\nBlobEndpoint=https://seannse.blob.core.windows.net/;QueueEndpoint=https://seannse.queue.core.windows.net/;FileEndpoint=https://seannse.file.core.windows.net/;BlobSecondaryEndpoint=https://seannse-secondary.blob.core.windows.net/;QueueSecondaryEndpoint=https://seannse-secondary.queue.core.windows.net/;FileSecondaryEndpoint=https://seannse-secondary.file.core.windows.net/;AccountName=seannse;AccountKey=Sanitized\n"
  }
}