{
  "Entries": [
    {
      "RequestUri": "https://seannse.blob.core.windows.net/test-filesystem-d3eb10c4-5e89-2ed4-118d-e3f4d165170c?restype=container",
      "RequestMethod": "PUT",
      "RequestHeaders": {
        "Accept": "application/xml",
        "Authorization": "Sanitized",
        "traceparent": "00-a6026c237130b943bffc652d4b69fff9-2ed3fd1fa3286a42-00",
        "User-Agent": [
          "azsdk-net-Storage.Files.DataLake/12.7.0-alpha.20210217.1",
          "(.NET 5.0.3; Microsoft Windows 10.0.19042)"
        ],
        "x-ms-blob-public-access": "container",
        "x-ms-client-request-id": "9f600ea9-bc2b-ad2b-3879-0ace6ba07e70",
        "x-ms-date": "Wed, 17 Feb 2021 22:50:29 GMT",
        "x-ms-return-client-request-id": "true",
        "x-ms-version": "2020-06-12"
      },
      "RequestBody": null,
      "StatusCode": 201,
      "ResponseHeaders": {
        "Content-Length": "0",
        "Date": "Wed, 17 Feb 2021 22:50:28 GMT",
        "ETag": "\u00220x8D8D3966C7B05E7\u0022",
        "Last-Modified": "Wed, 17 Feb 2021 22:50:29 GMT",
        "Server": [
          "Windows-Azure-Blob/1.0",
          "Microsoft-HTTPAPI/2.0"
        ],
        "x-ms-client-request-id": "9f600ea9-bc2b-ad2b-3879-0ace6ba07e70",
        "x-ms-request-id": "deb15b76-a01e-0095-0b7f-0597ea000000",
        "x-ms-version": "2020-06-12"
      },
      "ResponseBody": []
    },
    {
      "RequestUri": "https://seannse.dfs.core.windows.net/test-filesystem-d3eb10c4-5e89-2ed4-118d-e3f4d165170c/?action=setAccessControl",
      "RequestMethod": "PATCH",
      "RequestHeaders": {
        "Authorization": "Sanitized",
        "traceparent": "00-50be80ec16aea04a98ad4f34d8db2be6-0a79dd6174b86d4b-00",
        "User-Agent": [
          "azsdk-net-Storage.Files.DataLake/12.7.0-alpha.20210217.1",
          "(.NET 5.0.3; Microsoft Windows 10.0.19042)"
        ],
        "x-ms-acl": "user::--x,group::--x,other::--x",
        "x-ms-client-request-id": "a08aef54-3e40-1e66-7762-12d2bce909f1",
        "x-ms-date": "Wed, 17 Feb 2021 22:50:29 GMT",
        "x-ms-return-client-request-id": "true",
        "x-ms-version": "2020-06-12"
      },
      "RequestBody": null,
      "StatusCode": 200,
      "ResponseHeaders": {
        "Content-Length": "0",
        "Date": "Wed, 17 Feb 2021 22:50:28 GMT",
        "ETag": "\u00220x8D8D3966C7D074F\u0022",
        "Last-Modified": "Wed, 17 Feb 2021 22:50:29 GMT",
        "Server": [
          "Windows-Azure-HDFS/1.0",
          "Microsoft-HTTPAPI/2.0"
        ],
        "x-ms-client-request-id": "a08aef54-3e40-1e66-7762-12d2bce909f1",
        "x-ms-namespace-enabled": "true",
        "x-ms-request-id": "46b074a8-001f-0057-197f-05d16c000000",
        "x-ms-version": "2020-06-12"
      },
      "ResponseBody": []
    },
    {
      "RequestUri": "https://seannse.dfs.core.windows.net/test-filesystem-d3eb10c4-5e89-2ed4-118d-e3f4d165170c/test-directory-52ce1c67-3819-dcac-4ef3-e4202f4c22dd?resource=directory",
      "RequestMethod": "PUT",
      "RequestHeaders": {
        "Authorization": "Sanitized",
        "traceparent": "00-b40d8e0d7fff9d4f91855a5ddd52f299-960761b3e3955548-00",
        "User-Agent": [
          "azsdk-net-Storage.Files.DataLake/12.7.0-alpha.20210217.1",
          "(.NET 5.0.3; Microsoft Windows 10.0.19042)"
        ],
        "x-ms-client-request-id": "6e789b00-7b8c-1c7d-43ae-524d5a45ef2b",
        "x-ms-date": "Wed, 17 Feb 2021 22:50:29 GMT",
        "x-ms-return-client-request-id": "true",
        "x-ms-version": "2020-06-12"
      },
      "RequestBody": null,
      "StatusCode": 201,
      "ResponseHeaders": {
        "Content-Length": "0",
        "Date": "Wed, 17 Feb 2021 22:50:28 GMT",
        "ETag": "\u00220x8D8D3966CBA7E53\u0022",
        "Last-Modified": "Wed, 17 Feb 2021 22:50:29 GMT",
        "Server": [
          "Windows-Azure-HDFS/1.0",
          "Microsoft-HTTPAPI/2.0"
        ],
        "x-ms-client-request-id": "6e789b00-7b8c-1c7d-43ae-524d5a45ef2b",
        "x-ms-request-id": "46b074b8-001f-0057-297f-05d16c000000",
        "x-ms-version": "2020-06-12"
      },
      "ResponseBody": []
    },
    {
      "RequestUri": "https://seannse.dfs.core.windows.net/test-filesystem-d3eb10c4-5e89-2ed4-118d-e3f4d165170c/test-directory-52ce1c67-3819-dcac-4ef3-e4202f4c22dd/test-directory-4926343f-8d6e-89dc-ec5f-671f82b7215f?resource=directory",
      "RequestMethod": "PUT",
      "RequestHeaders": {
        "Authorization": "Sanitized",
        "User-Agent": [
          "azsdk-net-Storage.Files.DataLake/12.7.0-alpha.20210217.1",
          "(.NET 5.0.3; Microsoft Windows 10.0.19042)"
        ],
        "x-ms-client-request-id": "86b48a0a-67c8-7363-bfee-812c135d998b",
        "x-ms-date": "Wed, 17 Feb 2021 22:50:29 GMT",
        "x-ms-return-client-request-id": "true",
        "x-ms-version": "2020-06-12"
      },
      "RequestBody": null,
      "StatusCode": 201,
      "ResponseHeaders": {
        "Content-Length": "0",
        "Date": "Wed, 17 Feb 2021 22:50:28 GMT",
        "ETag": "\u00220x8D8D3966CC66CAB\u0022",
        "Last-Modified": "Wed, 17 Feb 2021 22:50:29 GMT",
        "Server": [
          "Windows-Azure-HDFS/1.0",
          "Microsoft-HTTPAPI/2.0"
        ],
        "x-ms-client-request-id": "86b48a0a-67c8-7363-bfee-812c135d998b",
        "x-ms-request-id": "46b074c0-001f-0057-317f-05d16c000000",
        "x-ms-version": "2020-06-12"
      },
      "ResponseBody": []
    },
    {
      "RequestUri": "https://seannse.dfs.core.windows.net/test-filesystem-d3eb10c4-5e89-2ed4-118d-e3f4d165170c/test-directory-52ce1c67-3819-dcac-4ef3-e4202f4c22dd/test-directory-4926343f-8d6e-89dc-ec5f-671f82b7215f/test-file-480af28c-5a26-8c57-e3f5-52105475fd0a?resource=file",
      "RequestMethod": "PUT",
      "RequestHeaders": {
        "Authorization": "Sanitized",
        "User-Agent": [
          "azsdk-net-Storage.Files.DataLake/12.7.0-alpha.20210217.1",
          "(.NET 5.0.3; Microsoft Windows 10.0.19042)"
        ],
        "x-ms-client-request-id": "99daadc4-cdd8-b07f-3328-a2d214521f49",
        "x-ms-date": "Wed, 17 Feb 2021 22:50:29 GMT",
        "x-ms-return-client-request-id": "true",
        "x-ms-version": "2020-06-12"
      },
      "RequestBody": null,
      "StatusCode": 201,
      "ResponseHeaders": {
        "Content-Length": "0",
        "Date": "Wed, 17 Feb 2021 22:50:29 GMT",
        "ETag": "\u00220x8D8D3966CD2B317\u0022",
        "Last-Modified": "Wed, 17 Feb 2021 22:50:29 GMT",
        "Server": [
          "Windows-Azure-HDFS/1.0",
          "Microsoft-HTTPAPI/2.0"
        ],
        "x-ms-client-request-id": "99daadc4-cdd8-b07f-3328-a2d214521f49",
        "x-ms-request-id": "46b074d1-001f-0057-427f-05d16c000000",
        "x-ms-version": "2020-06-12"
      },
      "ResponseBody": []
    },
    {
      "RequestUri": "https://seannse.dfs.core.windows.net/test-filesystem-d3eb10c4-5e89-2ed4-118d-e3f4d165170c/test-directory-52ce1c67-3819-dcac-4ef3-e4202f4c22dd/test-directory-4926343f-8d6e-89dc-ec5f-671f82b7215f/test-file-51e376f0-a248-f188-5b2e-9879847159be?resource=file",
      "RequestMethod": "PUT",
      "RequestHeaders": {
        "Authorization": "Sanitized",
        "User-Agent": [
          "azsdk-net-Storage.Files.DataLake/12.7.0-alpha.20210217.1",
          "(.NET 5.0.3; Microsoft Windows 10.0.19042)"
        ],
        "x-ms-client-request-id": "bbf48b8d-cc41-2251-25e8-3ea934052bc1",
        "x-ms-date": "Wed, 17 Feb 2021 22:50:29 GMT",
        "x-ms-return-client-request-id": "true",
        "x-ms-version": "2020-06-12"
      },
      "RequestBody": null,
      "StatusCode": 201,
      "ResponseHeaders": {
        "Content-Length": "0",
        "Date": "Wed, 17 Feb 2021 22:50:29 GMT",
        "ETag": "\u00220x8D8D3966CDFBEB0\u0022",
        "Last-Modified": "Wed, 17 Feb 2021 22:50:29 GMT",
        "Server": [
          "Windows-Azure-HDFS/1.0",
          "Microsoft-HTTPAPI/2.0"
        ],
        "x-ms-client-request-id": "bbf48b8d-cc41-2251-25e8-3ea934052bc1",
        "x-ms-request-id": "46b074e2-001f-0057-537f-05d16c000000",
        "x-ms-version": "2020-06-12"
      },
      "ResponseBody": []
    },
    {
      "RequestUri": "https://seannse.dfs.core.windows.net/test-filesystem-d3eb10c4-5e89-2ed4-118d-e3f4d165170c/test-directory-52ce1c67-3819-dcac-4ef3-e4202f4c22dd/test-directory-5bfae4ce-7705-8cae-4466-0de3ddacf996?resource=directory",
      "RequestMethod": "PUT",
      "RequestHeaders": {
        "Authorization": "Sanitized",
        "User-Agent": [
          "azsdk-net-Storage.Files.DataLake/12.7.0-alpha.20210217.1",
          "(.NET 5.0.3; Microsoft Windows 10.0.19042)"
        ],
        "x-ms-client-request-id": "140c0339-6bca-1557-dc68-76dbbe6d4478",
        "x-ms-date": "Wed, 17 Feb 2021 22:50:29 GMT",
        "x-ms-return-client-request-id": "true",
        "x-ms-version": "2020-06-12"
      },
      "RequestBody": null,
      "StatusCode": 201,
      "ResponseHeaders": {
        "Content-Length": "0",
        "Date": "Wed, 17 Feb 2021 22:50:29 GMT",
        "ETag": "\u00220x8D8D3966CED25D0\u0022",
        "Last-Modified": "Wed, 17 Feb 2021 22:50:29 GMT",
        "Server": [
          "Windows-Azure-HDFS/1.0",
          "Microsoft-HTTPAPI/2.0"
        ],
        "x-ms-client-request-id": "140c0339-6bca-1557-dc68-76dbbe6d4478",
        "x-ms-request-id": "46b074f7-001f-0057-687f-05d16c000000",
        "x-ms-version": "2020-06-12"
      },
      "ResponseBody": []
    },
    {
      "RequestUri": "https://seannse.dfs.core.windows.net/test-filesystem-d3eb10c4-5e89-2ed4-118d-e3f4d165170c/test-directory-52ce1c67-3819-dcac-4ef3-e4202f4c22dd/test-directory-5bfae4ce-7705-8cae-4466-0de3ddacf996/test-file-f843a7ef-3218-3044-66ee-f3daf6fc65bb?resource=file",
      "RequestMethod": "PUT",
      "RequestHeaders": {
        "Authorization": "Sanitized",
        "User-Agent": [
          "azsdk-net-Storage.Files.DataLake/12.7.0-alpha.20210217.1",
          "(.NET 5.0.3; Microsoft Windows 10.0.19042)"
        ],
        "x-ms-client-request-id": "7ec209e6-5045-0625-bfdc-addc787c1fe0",
        "x-ms-date": "Wed, 17 Feb 2021 22:50:30 GMT",
        "x-ms-return-client-request-id": "true",
        "x-ms-version": "2020-06-12"
      },
      "RequestBody": null,
      "StatusCode": 201,
      "ResponseHeaders": {
        "Content-Length": "0",
        "Date": "Wed, 17 Feb 2021 22:50:29 GMT",
        "ETag": "\u00220x8D8D3966CF9D9E0\u0022",
        "Last-Modified": "Wed, 17 Feb 2021 22:50:29 GMT",
        "Server": [
          "Windows-Azure-HDFS/1.0",
          "Microsoft-HTTPAPI/2.0"
        ],
        "x-ms-client-request-id": "7ec209e6-5045-0625-bfdc-addc787c1fe0",
        "x-ms-request-id": "46b07508-001f-0057-797f-05d16c000000",
        "x-ms-version": "2020-06-12"
      },
      "ResponseBody": []
    },
    {
      "RequestUri": "https://seannse.dfs.core.windows.net/test-filesystem-d3eb10c4-5e89-2ed4-118d-e3f4d165170c/test-directory-52ce1c67-3819-dcac-4ef3-e4202f4c22dd?action=setAccessControl",
      "RequestMethod": "PATCH",
      "RequestHeaders": {
        "Authorization": "Sanitized",
        "User-Agent": [
          "azsdk-net-Storage.Files.DataLake/12.7.0-alpha.20210217.1",
          "(.NET 5.0.3; Microsoft Windows 10.0.19042)"
        ],
        "x-ms-client-request-id": "6c123cb8-5ee5-7b37-31b8-a2fd3ce5f18f",
        "x-ms-date": "Wed, 17 Feb 2021 22:50:30 GMT",
        "x-ms-owner": "efbdbb02-6ac3-0ad8-dc48-1440152f08c4",
        "x-ms-permissions": "rwxrwxrwx",
        "x-ms-return-client-request-id": "true",
        "x-ms-version": "2020-06-12"
      },
      "RequestBody": null,
      "StatusCode": 200,
      "ResponseHeaders": {
        "Content-Length": "0",
        "Date": "Wed, 17 Feb 2021 22:50:29 GMT",
        "ETag": "\u00220x8D8D3966CBA7E53\u0022",
        "Last-Modified": "Wed, 17 Feb 2021 22:50:29 GMT",
        "Server": [
          "Windows-Azure-HDFS/1.0",
          "Microsoft-HTTPAPI/2.0"
        ],
        "x-ms-client-request-id": "6c123cb8-5ee5-7b37-31b8-a2fd3ce5f18f",
        "x-ms-namespace-enabled": "true",
        "x-ms-request-id": "46b07517-001f-0057-087f-05d16c000000",
        "x-ms-version": "2020-06-12"
      },
      "ResponseBody": []
    },
    {
      "RequestUri": "https://seannse.dfs.core.windows.net/test-filesystem-d3eb10c4-5e89-2ed4-118d-e3f4d165170c/test-directory-52ce1c67-3819-dcac-4ef3-e4202f4c22dd/test-directory-4926343f-8d6e-89dc-ec5f-671f82b7215f?action=setAccessControl",
      "RequestMethod": "PATCH",
      "RequestHeaders": {
        "Authorization": "Sanitized",
        "User-Agent": [
          "azsdk-net-Storage.Files.DataLake/12.7.0-alpha.20210217.1",
          "(.NET 5.0.3; Microsoft Windows 10.0.19042)"
        ],
        "x-ms-client-request-id": "d987acc6-9c1c-42df-c178-bb81457991c4",
        "x-ms-date": "Wed, 17 Feb 2021 22:50:30 GMT",
        "x-ms-owner": "efbdbb02-6ac3-0ad8-dc48-1440152f08c4",
        "x-ms-permissions": "rwxrwxrwx",
        "x-ms-return-client-request-id": "true",
        "x-ms-version": "2020-06-12"
      },
      "RequestBody": null,
      "StatusCode": 200,
      "ResponseHeaders": {
        "Content-Length": "0",
        "Date": "Wed, 17 Feb 2021 22:50:29 GMT",
        "ETag": "\u00220x8D8D3966CC66CAB\u0022",
        "Last-Modified": "Wed, 17 Feb 2021 22:50:29 GMT",
        "Server": [
          "Windows-Azure-HDFS/1.0",
          "Microsoft-HTTPAPI/2.0"
        ],
        "x-ms-client-request-id": "d987acc6-9c1c-42df-c178-bb81457991c4",
        "x-ms-namespace-enabled": "true",
        "x-ms-request-id": "46b07528-001f-0057-197f-05d16c000000",
        "x-ms-version": "2020-06-12"
      },
      "ResponseBody": []
    },
    {
      "RequestUri": "https://seannse.dfs.core.windows.net/test-filesystem-d3eb10c4-5e89-2ed4-118d-e3f4d165170c/test-directory-52ce1c67-3819-dcac-4ef3-e4202f4c22dd/test-directory-4926343f-8d6e-89dc-ec5f-671f82b7215f/test-file-480af28c-5a26-8c57-e3f5-52105475fd0a?action=setAccessControl",
      "RequestMethod": "PATCH",
      "RequestHeaders": {
        "Authorization": "Sanitized",
        "User-Agent": [
          "azsdk-net-Storage.Files.DataLake/12.7.0-alpha.20210217.1",
          "(.NET 5.0.3; Microsoft Windows 10.0.19042)"
        ],
        "x-ms-client-request-id": "8f36b4e4-175d-3772-09f9-bd0f7724d5cb",
        "x-ms-date": "Wed, 17 Feb 2021 22:50:30 GMT",
        "x-ms-owner": "efbdbb02-6ac3-0ad8-dc48-1440152f08c4",
        "x-ms-permissions": "rwxrwxrwx",
        "x-ms-return-client-request-id": "true",
        "x-ms-version": "2020-06-12"
      },
      "RequestBody": null,
      "StatusCode": 200,
      "ResponseHeaders": {
        "Content-Length": "0",
        "Date": "Wed, 17 Feb 2021 22:50:29 GMT",
        "ETag": "\u00220x8D8D3966CD2B317\u0022",
        "Last-Modified": "Wed, 17 Feb 2021 22:50:29 GMT",
        "Server": [
          "Windows-Azure-HDFS/1.0",
          "Microsoft-HTTPAPI/2.0"
        ],
        "x-ms-client-request-id": "8f36b4e4-175d-3772-09f9-bd0f7724d5cb",
        "x-ms-namespace-enabled": "true",
        "x-ms-request-id": "46b07534-001f-0057-257f-05d16c000000",
        "x-ms-version": "2020-06-12"
      },
      "ResponseBody": []
    },
    {
      "RequestUri": "https://seannse.dfs.core.windows.net/test-filesystem-d3eb10c4-5e89-2ed4-118d-e3f4d165170c/test-directory-52ce1c67-3819-dcac-4ef3-e4202f4c22dd/test-directory-4926343f-8d6e-89dc-ec5f-671f82b7215f/test-file-51e376f0-a248-f188-5b2e-9879847159be?action=setAccessControl",
      "RequestMethod": "PATCH",
      "RequestHeaders": {
        "Authorization": "Sanitized",
        "User-Agent": [
          "azsdk-net-Storage.Files.DataLake/12.7.0-alpha.20210217.1",
          "(.NET 5.0.3; Microsoft Windows 10.0.19042)"
        ],
        "x-ms-client-request-id": "909d9e4b-0142-9a66-18b8-44b945cf0e71",
        "x-ms-date": "Wed, 17 Feb 2021 22:50:30 GMT",
        "x-ms-owner": "efbdbb02-6ac3-0ad8-dc48-1440152f08c4",
        "x-ms-permissions": "rwxrwxrwx",
        "x-ms-return-client-request-id": "true",
        "x-ms-version": "2020-06-12"
      },
      "RequestBody": null,
      "StatusCode": 200,
      "ResponseHeaders": {
        "Content-Length": "0",
        "Date": "Wed, 17 Feb 2021 22:50:29 GMT",
        "ETag": "\u00220x8D8D3966CDFBEB0\u0022",
        "Last-Modified": "Wed, 17 Feb 2021 22:50:29 GMT",
        "Server": [
          "Windows-Azure-HDFS/1.0",
          "Microsoft-HTTPAPI/2.0"
        ],
        "x-ms-client-request-id": "909d9e4b-0142-9a66-18b8-44b945cf0e71",
        "x-ms-namespace-enabled": "true",
        "x-ms-request-id": "46b0754a-001f-0057-3b7f-05d16c000000",
        "x-ms-version": "2020-06-12"
      },
      "ResponseBody": []
    },
    {
      "RequestUri": "https://seannse.dfs.core.windows.net/test-filesystem-d3eb10c4-5e89-2ed4-118d-e3f4d165170c/test-directory-52ce1c67-3819-dcac-4ef3-e4202f4c22dd/test-directory-5bfae4ce-7705-8cae-4466-0de3ddacf996?action=setAccessControl",
      "RequestMethod": "PATCH",
      "RequestHeaders": {
        "Authorization": "Sanitized",
        "User-Agent": [
          "azsdk-net-Storage.Files.DataLake/12.7.0-alpha.20210217.1",
          "(.NET 5.0.3; Microsoft Windows 10.0.19042)"
        ],
        "x-ms-client-request-id": "d8c313d0-4487-5d88-1ad2-aa6b40817efe",
        "x-ms-date": "Wed, 17 Feb 2021 22:50:30 GMT",
        "x-ms-owner": "efbdbb02-6ac3-0ad8-dc48-1440152f08c4",
        "x-ms-permissions": "rwxrwxrwx",
        "x-ms-return-client-request-id": "true",
        "x-ms-version": "2020-06-12"
      },
      "RequestBody": null,
      "StatusCode": 200,
      "ResponseHeaders": {
        "Content-Length": "0",
        "Date": "Wed, 17 Feb 2021 22:50:29 GMT",
        "ETag": "\u00220x8D8D3966CED25D0\u0022",
        "Last-Modified": "Wed, 17 Feb 2021 22:50:29 GMT",
        "Server": [
          "Windows-Azure-HDFS/1.0",
          "Microsoft-HTTPAPI/2.0"
        ],
        "x-ms-client-request-id": "d8c313d0-4487-5d88-1ad2-aa6b40817efe",
        "x-ms-namespace-enabled": "true",
        "x-ms-request-id": "46b0755e-001f-0057-4f7f-05d16c000000",
        "x-ms-version": "2020-06-12"
      },
      "ResponseBody": []
    },
    {
      "RequestUri": "https://seannse.dfs.core.windows.net/test-filesystem-d3eb10c4-5e89-2ed4-118d-e3f4d165170c/test-directory-52ce1c67-3819-dcac-4ef3-e4202f4c22dd/test-directory-5bfae4ce-7705-8cae-4466-0de3ddacf996/test-file-f843a7ef-3218-3044-66ee-f3daf6fc65bb?action=setAccessControl",
      "RequestMethod": "PATCH",
      "RequestHeaders": {
        "Authorization": "Sanitized",
        "User-Agent": [
          "azsdk-net-Storage.Files.DataLake/12.7.0-alpha.20210217.1",
          "(.NET 5.0.3; Microsoft Windows 10.0.19042)"
        ],
        "x-ms-client-request-id": "31e824f6-360b-ddea-d339-7dd6be8c1ef8",
        "x-ms-date": "Wed, 17 Feb 2021 22:50:30 GMT",
        "x-ms-owner": "efbdbb02-6ac3-0ad8-dc48-1440152f08c4",
        "x-ms-permissions": "rwxrwxrwx",
        "x-ms-return-client-request-id": "true",
        "x-ms-version": "2020-06-12"
      },
      "RequestBody": null,
      "StatusCode": 200,
      "ResponseHeaders": {
        "Content-Length": "0",
        "Date": "Wed, 17 Feb 2021 22:50:29 GMT",
        "ETag": "\u00220x8D8D3966CF9D9E0\u0022",
        "Last-Modified": "Wed, 17 Feb 2021 22:50:29 GMT",
        "Server": [
          "Windows-Azure-HDFS/1.0",
          "Microsoft-HTTPAPI/2.0"
        ],
        "x-ms-client-request-id": "31e824f6-360b-ddea-d339-7dd6be8c1ef8",
        "x-ms-namespace-enabled": "true",
        "x-ms-request-id": "46b0756f-001f-0057-607f-05d16c000000",
        "x-ms-version": "2020-06-12"
      },
      "ResponseBody": []
    },
    {
      "RequestUri": "https://seannse.dfs.core.windows.net/test-filesystem-d3eb10c4-5e89-2ed4-118d-e3f4d165170c/test-directory-52ce1c67-3819-dcac-4ef3-e4202f4c22dd/test-directory-5bfae4ce-7705-8cae-4466-0de3ddacf996/test-file-0268c2f5-aa4a-3fcb-12e1-32492db91c0f?resource=file",
      "RequestMethod": "PUT",
      "RequestHeaders": {
        "Authorization": "Sanitized",
        "User-Agent": [
          "azsdk-net-Storage.Files.DataLake/12.7.0-alpha.20210217.1",
          "(.NET 5.0.3; Microsoft Windows 10.0.19042)"
        ],
        "x-ms-client-request-id": "7dd91f1f-c4a2-4b80-59a9-1f2a04a1b019",
        "x-ms-date": "Wed, 17 Feb 2021 22:50:30 GMT",
        "x-ms-return-client-request-id": "true",
        "x-ms-version": "2020-06-12"
      },
      "RequestBody": null,
      "StatusCode": 201,
      "ResponseHeaders": {
        "Content-Length": "0",
        "Date": "Wed, 17 Feb 2021 22:50:29 GMT",
        "ETag": "\u00220x8D8D3966D50687B\u0022",
        "Last-Modified": "Wed, 17 Feb 2021 22:50:30 GMT",
        "Server": [
          "Windows-Azure-HDFS/1.0",
          "Microsoft-HTTPAPI/2.0"
        ],
        "x-ms-client-request-id": "7dd91f1f-c4a2-4b80-59a9-1f2a04a1b019",
        "x-ms-request-id": "46b0757e-001f-0057-6f7f-05d16c000000",
        "x-ms-version": "2020-06-12"
      },
      "ResponseBody": []
    },
    {
      "RequestUri": "https://seannse.blob.core.windows.net/?restype=service\u0026comp=userdelegationkey",
      "RequestMethod": "POST",
      "RequestHeaders": {
        "Accept": "application/xml",
        "Authorization": "Sanitized",
        "Content-Length": "59",
        "Content-Type": "application/xml",
        "traceparent": "00-0d360d14efcb6e4f88d85e31e6c791f7-d64b1f01aaaf7949-00",
        "User-Agent": [
          "azsdk-net-Storage.Files.DataLake/12.7.0-alpha.20210217.1",
          "(.NET 5.0.3; Microsoft Windows 10.0.19042)"
        ],
        "x-ms-client-request-id": "0e2918be-9fe0-476c-5f29-c2ef2dc8b845",
        "x-ms-return-client-request-id": "true",
        "x-ms-version": "2020-06-12"
      },
      "RequestBody": "\uFEFF\u003CKeyInfo\u003E\u003CExpiry\u003E2021-02-17T23:50:30Z\u003C/Expiry\u003E\u003C/KeyInfo\u003E",
      "StatusCode": 200,
      "ResponseHeaders": {
        "Content-Type": "application/xml",
        "Date": "Wed, 17 Feb 2021 22:50:30 GMT",
        "Server": [
          "Windows-Azure-Blob/1.0",
          "Microsoft-HTTPAPI/2.0"
        ],
        "Transfer-Encoding": "chunked",
        "x-ms-client-request-id": "0e2918be-9fe0-476c-5f29-c2ef2dc8b845",
        "x-ms-request-id": "c83c33ae-d01e-0044-327f-05f560000000",
        "x-ms-version": "2020-06-12"
      },
      "ResponseBody": "\uFEFF\u003C?xml version=\u00221.0\u0022 encoding=\u0022utf-8\u0022?\u003E\u003CUserDelegationKey\u003E\u003CSignedOid\u003Ec4f48289-bb84-4086-b250-6f94a8f64cee\u003C/SignedOid\u003E\u003CSignedTid\u003E72f988bf-86f1-41af-91ab-2d7cd011db47\u003C/SignedTid\u003E\u003CSignedStart\u003E2021-02-17T22:50:31Z\u003C/SignedStart\u003E\u003CSignedExpiry\u003E2021-02-17T23:50:30Z\u003C/SignedExpiry\u003E\u003CSignedService\u003Eb\u003C/SignedService\u003E\u003CSignedVersion\u003E2020-06-12\u003C/SignedVersion\u003E\u003CValue\u003EKGF0SPDofwKBEwxkT7uhiHDMcGwks7xFDNsh4AeeHOA=\u003C/Value\u003E\u003C/UserDelegationKey\u003E"
    },
    {
      "RequestUri": "https://seannse.dfs.core.windows.net/test-filesystem-d3eb10c4-5e89-2ed4-118d-e3f4d165170c/test-directory-52ce1c67-3819-dcac-4ef3-e4202f4c22dd?skoid=c4f48289-bb84-4086-b250-6f94a8f64cee\u0026sktid=72f988bf-86f1-41af-91ab-2d7cd011db47\u0026skt=2021-02-17T22%3A50%3A31Z\u0026ske=2021-02-17T23%3A50%3A30Z\u0026sks=b\u0026skv=2020-06-12\u0026sv=2020-06-12\u0026st=2021-02-17T21%3A50%3A30Z\u0026se=2021-02-17T23%3A50%3A30Z\u0026sr=c\u0026sp=racwdlmeop\u0026suoid=efbdbb02-6ac3-0ad8-dc48-1440152f08c4\u0026sig=Sanitized\u0026action=setAccessControlRecursive\u0026mode=set",
      "RequestMethod": "PATCH",
      "RequestHeaders": {
        "User-Agent": [
          "azsdk-net-Storage.Files.DataLake/12.7.0-alpha.20210217.1",
          "(.NET 5.0.3; Microsoft Windows 10.0.19042)"
        ],
        "x-ms-acl": "user::rwx,group::r--,other::---,mask::rwx",
        "x-ms-client-request-id": "ec6c367d-a177-7d39-0183-7fec3f707b06",
        "x-ms-return-client-request-id": "true",
        "x-ms-version": "2020-06-12"
      },
      "RequestBody": null,
      "StatusCode": 200,
      "ResponseHeaders": {
        "Date": "Wed, 17 Feb 2021 22:50:30 GMT",
        "Server": [
          "Windows-Azure-HDFS/1.0",
          "Microsoft-HTTPAPI/2.0"
        ],
        "Transfer-Encoding": "chunked",
        "x-ms-client-request-id": "ec6c367d-a177-7d39-0183-7fec3f707b06",
        "x-ms-namespace-enabled": "true",
        "x-ms-request-id": "b7bda4ab-c01f-0058-047f-05a700000000",
        "x-ms-version": "2020-06-12"
      },
      "ResponseBody": "eyJkaXJlY3Rvcmllc1N1Y2Nlc3NmdWwiOjMsImZhaWxlZEVudHJpZXMiOlt7ImVycm9yTWVzc2FnZSI6IlRoaXMgcmVxdWVzdCBpcyBub3QgYXV0aG9yaXplZCB0byBwZXJmb3JtIHRoaXMgb3BlcmF0aW9uIHVzaW5nIHRoaXMgcGVybWlzc2lvbi4iLCJuYW1lIjoidGVzdC1kaXJlY3RvcnktNTJjZTFjNjctMzgxOS1kY2FjLTRlZjMtZTQyMDJmNGMyMmRkL3Rlc3QtZGlyZWN0b3J5LTViZmFlNGNlLTc3MDUtOGNhZS00NDY2LTBkZTNkZGFjZjk5Ni90ZXN0LWZpbGUtMDI2OGMyZjUtYWE0YS0zZmNiLTEyZTEtMzI0OTJkYjkxYzBmIiwidHlwZSI6IkZJTEUifV0sImZhaWx1cmVDb3VudCI6MSwiZmlsZXNTdWNjZXNzZnVsIjoyfQo="
    },
    {
      "RequestUri": "https://seannse.blob.core.windows.net/test-filesystem-d3eb10c4-5e89-2ed4-118d-e3f4d165170c?restype=container",
      "RequestMethod": "DELETE",
      "RequestHeaders": {
        "Accept": "application/xml",
        "Authorization": "Sanitized",
        "traceparent": "00-176dc5acf1ca95428be5b4b970dc0af3-22e0597062e57e45-00",
        "User-Agent": [
          "azsdk-net-Storage.Files.DataLake/12.7.0-alpha.20210217.1",
          "(.NET 5.0.3; Microsoft Windows 10.0.19042)"
        ],
        "x-ms-client-request-id": "f6711a42-cc5c-d4ce-f280-a4dbc516dd4f",
        "x-ms-date": "Wed, 17 Feb 2021 22:50:31 GMT",
        "x-ms-return-client-request-id": "true",
        "x-ms-version": "2020-06-12"
      },
      "RequestBody": null,
      "StatusCode": 202,
      "ResponseHeaders": {
        "Content-Length": "0",
        "Date": "Wed, 17 Feb 2021 22:50:30 GMT",
        "Server": [
          "Windows-Azure-Blob/1.0",
          "Microsoft-HTTPAPI/2.0"
        ],
        "x-ms-client-request-id": "f6711a42-cc5c-d4ce-f280-a4dbc516dd4f",
        "x-ms-request-id": "deb16420-a01e-0095-3f7f-0597ea000000",
        "x-ms-version": "2020-06-12"
      },
      "ResponseBody": []
    }
  ],
  "Variables": {
    "DateTimeOffsetNow": "2021-02-17T16:50:30.7163251-06:00",
    "RandomSeed": "919397420",
    "Storage_TestConfigHierarchicalNamespace": "NamespaceTenant\nseannse\nU2FuaXRpemVk\nhttps://seannse.blob.core.windows.net\nhttps://seannse.file.core.windows.net\nhttps://seannse.queue.core.windows.net\nhttps://seannse.table.core.windows.net\n\n\n\n\nhttps://seannse-secondary.blob.core.windows.net\nhttps://seannse-secondary.file.core.windows.net\nhttps://seannse-secondary.queue.core.windows.net\nhttps://seannse-secondary.table.core.windows.net\n68390a19-a643-458b-b726-408abf67b4fc\nSanitized\n72f988bf-86f1-41af-91ab-2d7cd011db47\nhttps://login.microsoftonline.com/\nCloud\nBlobEndpoint=https://seannse.blob.core.windows.net/;QueueEndpoint=https://seannse.queue.core.windows.net/;FileEndpoint=https://seannse.file.core.windows.net/;BlobSecondaryEndpoint=https://seannse-secondary.blob.core.windows.net/;QueueSecondaryEndpoint=https://seannse-secondary.queue.core.windows.net/;FileSecondaryEndpoint=https://seannse-secondary.file.core.windows.net/;AccountName=seannse;AccountKey=Sanitized\n"
  }
}