{
  "Entries": [
    {
      "RequestUri": "http://seannse.blob.core.windows.net/test-filesystem-072e8f80-34e4-e9c1-cf4c-99e5e8c1f273?restype=container",
      "RequestMethod": "PUT",
      "RequestHeaders": {
        "Authorization": "Sanitized",
        "traceparent": "00-456513daceefdc4e97fda2787e8597dd-3ad3a13e0425b842-00",
        "User-Agent": [
          "azsdk-net-Storage.Files.DataLake/12.0.0-dev.20200310.1",
          "(.NET Core 4.6.28325.01; Microsoft Windows 10.0.18362 )"
        ],
        "x-ms-blob-public-access": "container",
        "x-ms-client-request-id": "e4b07d3d-3329-58ef-23f4-03cb6f251aac",
        "x-ms-date": "Tue, 10 Mar 2020 22:45:53 GMT",
        "x-ms-return-client-request-id": "true",
        "x-ms-version": "2019-07-07"
      },
      "RequestBody": null,
      "StatusCode": 201,
      "ResponseHeaders": {
        "Content-Length": "0",
        "Date": "Tue, 10 Mar 2020 22:45:52 GMT",
        "ETag": "\u00220x8D7C544CA5213F8\u0022",
        "Last-Modified": "Tue, 10 Mar 2020 22:45:53 GMT",
        "Server": [
          "Windows-Azure-Blob/1.0",
          "Microsoft-HTTPAPI/2.0"
        ],
        "x-ms-client-request-id": "e4b07d3d-3329-58ef-23f4-03cb6f251aac",
        "x-ms-request-id": "9d351cd3-e01e-00ab-762d-f70095000000",
        "x-ms-version": "2019-07-07"
      },
      "ResponseBody": []
    },
    {
      "RequestUri": "http://seannse.blob.core.windows.net/test-filesystem-072e8f80-34e4-e9c1-cf4c-99e5e8c1f273/%2F?comp=properties",
      "RequestMethod": "PUT",
      "RequestHeaders": {
        "Authorization": "Sanitized",
        "User-Agent": [
          "azsdk-net-Storage.Files.DataLake/12.0.0-dev.20200310.1",
          "(.NET Core 4.6.28325.01; Microsoft Windows 10.0.18362 )"
        ],
        "x-ms-blob-cache-control": "mitnfpmqxhiltqmhdxyq",
        "x-ms-blob-content-disposition": "bnvjicxvvpfrbgmpefuy",
        "x-ms-blob-content-encoding": "lqleujsuobooopuxmked",
        "x-ms-blob-content-language": "rquicpknewdwcaekbrox",
        "x-ms-blob-content-md5": "BIrb3EGUCLa4dwlOW5DNGg==",
        "x-ms-blob-content-type": "jdhuaqcllnctarhuvcce",
        "x-ms-client-request-id": "6ba7551c-0e11-0e49-5358-70ddcb31d9b4",
        "x-ms-date": "Tue, 10 Mar 2020 22:45:53 GMT",
        "x-ms-return-client-request-id": "true",
        "x-ms-version": "2019-07-07"
      },
      "RequestBody": null,
      "StatusCode": 200,
      "ResponseHeaders": {
        "Content-Length": "0",
        "Date": "Tue, 10 Mar 2020 22:45:53 GMT",
        "ETag": "\u00220x8D7C544CA599D94\u0022",
        "Last-Modified": "Tue, 10 Mar 2020 22:45:53 GMT",
        "Server": [
          "Windows-Azure-Blob/1.0",
          "Microsoft-HTTPAPI/2.0"
        ],
        "x-ms-client-request-id": "6ba7551c-0e11-0e49-5358-70ddcb31d9b4",
        "x-ms-request-id": "9d351d07-e01e-00ab-262d-f70095000000",
        "x-ms-version": "2019-07-07"
      },
      "ResponseBody": []
    },
    {
      "RequestUri": "http://seannse.blob.core.windows.net/test-filesystem-072e8f80-34e4-e9c1-cf4c-99e5e8c1f273/%2F",
      "RequestMethod": "HEAD",
      "RequestHeaders": {
        "Authorization": "Sanitized",
        "User-Agent": [
          "azsdk-net-Storage.Files.DataLake/12.0.0-dev.20200310.1",
          "(.NET Core 4.6.28325.01; Microsoft Windows 10.0.18362 )"
        ],
        "x-ms-client-request-id": "19afa226-af7d-069b-69c5-856104b5e560",
        "x-ms-date": "Tue, 10 Mar 2020 22:45:53 GMT",
        "x-ms-return-client-request-id": "true",
        "x-ms-version": "2019-07-07"
      },
      "RequestBody": null,
      "StatusCode": 200,
      "ResponseHeaders": {
        "Accept-Ranges": "bytes",
        "Cache-Control": "mitnfpmqxhiltqmhdxyq",
        "Content-Disposition": "bnvjicxvvpfrbgmpefuy",
        "Content-Encoding": "lqleujsuobooopuxmked",
        "Content-Language": "rquicpknewdwcaekbrox",
        "Content-Length": "0",
        "Content-MD5": "BIrb3EGUCLa4dwlOW5DNGg==",
        "Content-Type": "jdhuaqcllnctarhuvcce",
        "Date": "Tue, 10 Mar 2020 22:45:53 GMT",
        "ETag": "\u00220x8D7C544CA599D94\u0022",
        "Last-Modified": "Tue, 10 Mar 2020 22:45:53 GMT",
        "Server": [
          "Windows-Azure-Blob/1.0",
          "Microsoft-HTTPAPI/2.0"
        ],
        "x-ms-access-tier": "Hot",
        "x-ms-access-tier-inferred": "true",
        "x-ms-blob-type": "BlockBlob",
        "x-ms-client-request-id": "19afa226-af7d-069b-69c5-856104b5e560",
        "x-ms-creation-time": "Tue, 10 Mar 2020 22:45:53 GMT",
        "x-ms-lease-state": "available",
        "x-ms-lease-status": "unlocked",
        "x-ms-meta-hdi_isfolder": "true",
        "x-ms-request-id": "9d351d27-e01e-00ab-422d-f70095000000",
        "x-ms-server-encrypted": "true",
        "x-ms-version": "2019-07-07"
      },
      "ResponseBody": []
    },
    {
      "RequestUri": "http://seannse.blob.core.windows.net/test-filesystem-072e8f80-34e4-e9c1-cf4c-99e5e8c1f273?restype=container",
      "RequestMethod": "DELETE",
      "RequestHeaders": {
        "Authorization": "Sanitized",
        "traceparent": "00-f8cad39ab028af44993c4e77498bb5c4-c055835cfb20174f-00",
        "User-Agent": [
          "azsdk-net-Storage.Files.DataLake/12.0.0-dev.20200310.1",
          "(.NET Core 4.6.28325.01; Microsoft Windows 10.0.18362 )"
        ],
        "x-ms-client-request-id": "29b6453a-bf82-5c37-b2ad-fed4d028c434",
        "x-ms-date": "Tue, 10 Mar 2020 22:45:53 GMT",
        "x-ms-return-client-request-id": "true",
        "x-ms-version": "2019-07-07"
      },
      "RequestBody": null,
      "StatusCode": 202,
      "ResponseHeaders": {
        "Content-Length": "0",
        "Date": "Tue, 10 Mar 2020 22:45:53 GMT",
        "Server": [
          "Windows-Azure-Blob/1.0",
          "Microsoft-HTTPAPI/2.0"
        ],
        "x-ms-client-request-id": "29b6453a-bf82-5c37-b2ad-fed4d028c434",
        "x-ms-request-id": "9d351d46-e01e-00ab-5e2d-f70095000000",
        "x-ms-version": "2019-07-07"
      },
      "ResponseBody": []
    }
  ],
  "Variables": {
    "DateTimeOffsetNow": "2020-03-10T15:45:53.5798776-07:00",
    "RandomSeed": "1786655894",
    "Storage_TestConfigHierarchicalNamespace": "NamespaceTenant\nseannse\nU2FuaXRpemVk\nhttp://seannse.blob.core.windows.net\nhttp://seannse.file.core.windows.net\nhttp://seannse.queue.core.windows.net\nhttp://seannse.table.core.windows.net\n\n\n\n\nhttp://seannse-secondary.blob.core.windows.net\nhttp://seannse-secondary.file.core.windows.net\nhttp://seannse-secondary.queue.core.windows.net\nhttp://seannse-secondary.table.core.windows.net\n68390a19-a643-458b-b726-408abf67b4fc\nSanitized\n72f988bf-86f1-41af-91ab-2d7cd011db47\nhttps://login.microsoftonline.com/\nCloud\nBlobEndpoint=http://seannse.blob.core.windows.net/;QueueEndpoint=http://seannse.queue.core.windows.net/;FileEndpoint=http://seannse.file.core.windows.net/;BlobSecondaryEndpoint=http://seannse-secondary.blob.core.windows.net/;QueueSecondaryEndpoint=http://seannse-secondary.queue.core.windows.net/;FileSecondaryEndpoint=http://seannse-secondary.file.core.windows.net/;AccountName=seannse;AccountKey=Sanitized\n"
  }
}