{
  "Entries": [
    {
      "RequestUri": "http://amandaadlscanary.blob.core.windows.net/test-filesystem-78e36d69-e79e-7fad-83e3-d1c63677518a?restype=container",
      "RequestMethod": "PUT",
      "RequestHeaders": {
        "Authorization": "Sanitized",
        "traceparent": "00-8b39c2b532bee04485a74ee99800cc33-0336698095cd1b4f-00",
        "User-Agent": [
          "azsdk-net-Storage.Files.DataLake/12.2.0-dev.20200426.1",
          "(.NET Core 4.6.28619.01; Microsoft Windows 10.0.18363 )"
        ],
        "x-ms-blob-public-access": "container",
        "x-ms-client-request-id": "5d87292b-16ca-a58b-6aa6-1d77cfb0e54a",
        "x-ms-date": "Mon, 27 Apr 2020 04:49:54 GMT",
        "x-ms-return-client-request-id": "true",
        "x-ms-version": "2019-12-12"
      },
      "RequestBody": null,
      "StatusCode": 201,
      "ResponseHeaders": {
        "Content-Length": "0",
        "Date": "Mon, 27 Apr 2020 04:49:54 GMT",
        "ETag": "\u00220x8D7EA666DE3BCE6\u0022",
        "Last-Modified": "Mon, 27 Apr 2020 04:49:54 GMT",
        "Server": [
          "Windows-Azure-Blob/1.0",
          "Microsoft-HTTPAPI/2.0"
        ],
        "x-ms-client-request-id": "5d87292b-16ca-a58b-6aa6-1d77cfb0e54a",
        "x-ms-request-id": "0115e5b2-c01e-00c2-0b4f-1cb0a7000000",
        "x-ms-version": "2019-12-12"
      },
      "ResponseBody": []
    },
    {
      "RequestUri": "http://amandaadlscanary.dfs.core.windows.net/test-filesystem-78e36d69-e79e-7fad-83e3-d1c63677518a/test-directory-f3039cf4-3b87-bb69-0df8-70b1a6a96982?resource=directory",
      "RequestMethod": "PUT",
      "RequestHeaders": {
        "Authorization": "Sanitized",
        "traceparent": "00-02e74259e40cd848adc4e6ed66fa5694-eed1ce5a2830cf45-00",
        "User-Agent": [
          "azsdk-net-Storage.Files.DataLake/12.2.0-dev.20200426.1",
          "(.NET Core 4.6.28619.01; Microsoft Windows 10.0.18363 )"
        ],
        "x-ms-client-request-id": "7910f507-22fd-f024-c0cb-50d1a5dafec1",
        "x-ms-date": "Mon, 27 Apr 2020 04:49:54 GMT",
        "x-ms-return-client-request-id": "true",
        "x-ms-version": "2019-12-12"
      },
      "RequestBody": null,
      "StatusCode": 201,
      "ResponseHeaders": {
        "Content-Length": "0",
        "Date": "Mon, 27 Apr 2020 04:49:54 GMT",
        "ETag": "\u00220x8D7EA666DF178D8\u0022",
        "Last-Modified": "Mon, 27 Apr 2020 04:49:54 GMT",
        "Server": [
          "Windows-Azure-HDFS/1.0",
          "Microsoft-HTTPAPI/2.0"
        ],
        "x-ms-client-request-id": "7910f507-22fd-f024-c0cb-50d1a5dafec1",
        "x-ms-request-id": "e519f11b-701f-00e8-3b4f-1c6fb7000000",
        "x-ms-version": "2019-12-12"
      },
      "ResponseBody": []
    },
    {
      "RequestUri": "http://amandaadlscanary.blob.core.windows.net/test-filesystem-78e36d69-e79e-7fad-83e3-d1c63677518a/test-directory-f3039cf4-3b87-bb69-0df8-70b1a6a96982?comp=properties",
      "RequestMethod": "PUT",
      "RequestHeaders": {
        "Authorization": "Sanitized",
        "User-Agent": [
          "azsdk-net-Storage.Files.DataLake/12.2.0-dev.20200426.1",
          "(.NET Core 4.6.28619.01; Microsoft Windows 10.0.18363 )"
        ],
        "x-ms-blob-cache-control": "shcdrwdlotqnqbguehfm",
        "x-ms-blob-content-disposition": "dglwrkrgfrbrqrxbspyo",
        "x-ms-blob-content-encoding": "skymjylhlqhbsrvlvflh",
        "x-ms-blob-content-language": "fvfvrxvxdfcnhqtrhxnr",
        "x-ms-blob-content-md5": "LCfdXlYSpp7HPP4aIoc\u002Bkg==",
        "x-ms-blob-content-type": "xjtokaxyvlfmerivectk",
        "x-ms-client-request-id": "b1a919dc-f098-a984-01aa-4c23a2ee0a7d",
        "x-ms-date": "Mon, 27 Apr 2020 04:49:54 GMT",
        "x-ms-return-client-request-id": "true",
        "x-ms-version": "2019-12-12"
      },
      "RequestBody": null,
      "StatusCode": 200,
      "ResponseHeaders": {
        "Content-Length": "0",
        "Date": "Mon, 27 Apr 2020 04:49:54 GMT",
        "ETag": "\u00220x8D7EA666E0D4619\u0022",
        "Last-Modified": "Mon, 27 Apr 2020 04:49:55 GMT",
        "Server": [
          "Windows-Azure-Blob/1.0",
          "Microsoft-HTTPAPI/2.0"
        ],
        "x-ms-client-request-id": "b1a919dc-f098-a984-01aa-4c23a2ee0a7d",
        "x-ms-request-id": "0115e5d0-c01e-00c2-254f-1cb0a7000000",
        "x-ms-version": "2019-12-12"
      },
      "ResponseBody": []
    },
    {
      "RequestUri": "http://amandaadlscanary.blob.core.windows.net/test-filesystem-78e36d69-e79e-7fad-83e3-d1c63677518a/test-directory-f3039cf4-3b87-bb69-0df8-70b1a6a96982",
      "RequestMethod": "HEAD",
      "RequestHeaders": {
        "Authorization": "Sanitized",
        "User-Agent": [
          "azsdk-net-Storage.Files.DataLake/12.2.0-dev.20200426.1",
          "(.NET Core 4.6.28619.01; Microsoft Windows 10.0.18363 )"
        ],
        "x-ms-client-request-id": "8cf52aa0-4d30-4c28-1601-a76b8c375eed",
        "x-ms-date": "Mon, 27 Apr 2020 04:49:55 GMT",
        "x-ms-return-client-request-id": "true",
        "x-ms-version": "2019-12-12"
      },
      "RequestBody": null,
      "StatusCode": 200,
      "ResponseHeaders": {
        "Accept-Ranges": "bytes",
        "Cache-Control": "shcdrwdlotqnqbguehfm",
        "Content-Disposition": "dglwrkrgfrbrqrxbspyo",
        "Content-Encoding": "skymjylhlqhbsrvlvflh",
        "Content-Language": "fvfvrxvxdfcnhqtrhxnr",
        "Content-Length": "0",
        "Content-MD5": "LCfdXlYSpp7HPP4aIoc\u002Bkg==",
        "Content-Type": "xjtokaxyvlfmerivectk",
        "Date": "Mon, 27 Apr 2020 04:49:54 GMT",
        "ETag": "\u00220x8D7EA666E0D4619\u0022",
        "Last-Modified": "Mon, 27 Apr 2020 04:49:55 GMT",
        "Server": [
          "Windows-Azure-Blob/1.0",
          "Microsoft-HTTPAPI/2.0"
        ],
        "x-ms-access-tier": "Hot",
        "x-ms-access-tier-inferred": "true",
        "x-ms-blob-type": "BlockBlob",
        "x-ms-client-request-id": "8cf52aa0-4d30-4c28-1601-a76b8c375eed",
        "x-ms-creation-time": "Mon, 27 Apr 2020 04:49:54 GMT",
        "x-ms-lease-state": "available",
        "x-ms-lease-status": "unlocked",
        "x-ms-meta-hdi_isfolder": "true",
        "x-ms-request-id": "0115e5e5-c01e-00c2-354f-1cb0a7000000",
        "x-ms-server-encrypted": "true",
        "x-ms-version": "2019-12-12"
      },
      "ResponseBody": []
    },
    {
      "RequestUri": "http://amandaadlscanary.blob.core.windows.net/test-filesystem-78e36d69-e79e-7fad-83e3-d1c63677518a?restype=container",
      "RequestMethod": "DELETE",
      "RequestHeaders": {
        "Authorization": "Sanitized",
        "traceparent": "00-acaf11ca373e7b49aa06f4363c4b1e18-a45a25234554a54b-00",
        "User-Agent": [
          "azsdk-net-Storage.Files.DataLake/12.2.0-dev.20200426.1",
          "(.NET Core 4.6.28619.01; Microsoft Windows 10.0.18363 )"
        ],
        "x-ms-client-request-id": "78838337-7df9-b44c-d4e9-df3acbd5a263",
        "x-ms-date": "Mon, 27 Apr 2020 04:49:55 GMT",
        "x-ms-return-client-request-id": "true",
        "x-ms-version": "2019-12-12"
      },
      "RequestBody": null,
      "StatusCode": 202,
      "ResponseHeaders": {
        "Content-Length": "0",
        "Date": "Mon, 27 Apr 2020 04:49:54 GMT",
        "Server": [
          "Windows-Azure-Blob/1.0",
          "Microsoft-HTTPAPI/2.0"
        ],
        "x-ms-client-request-id": "78838337-7df9-b44c-d4e9-df3acbd5a263",
        "x-ms-request-id": "0115e5e7-c01e-00c2-374f-1cb0a7000000",
        "x-ms-version": "2019-12-12"
      },
      "ResponseBody": []
    }
  ],
  "Variables": {
    "DateTimeOffsetNow": "2020-04-26T21:49:54.7277029-07:00",
    "RandomSeed": "179429192",
    "Storage_TestConfigHierarchicalNamespace": "NamespaceTenant\namandaadlscanary\nU2FuaXRpemVk\nhttp://amandaadlscanary.blob.core.windows.net\nhttp://amandaadlscanary.file.core.windows.net\nhttp://amandaadlscanary.queue.core.windows.net\nhttp://amandaadlscanary.table.core.windows.net\n\n\n\n\nhttp://amandaadlscanary-secondary.blob.core.windows.net\nhttp://amandaadlscanary-secondary.file.core.windows.net\nhttp://amandaadlscanary-secondary.queue.core.windows.net\nhttp://amandaadlscanary-secondary.table.core.windows.net\n68390a19-a643-458b-b726-408abf67b4fc\nSanitized\n72f988bf-86f1-41af-91ab-2d7cd011db47\nhttps://login.microsoftonline.com/\nCloud\nBlobEndpoint=http://amandaadlscanary.blob.core.windows.net/;QueueEndpoint=http://amandaadlscanary.queue.core.windows.net/;FileEndpoint=http://amandaadlscanary.file.core.windows.net/;BlobSecondaryEndpoint=http://amandaadlscanary-secondary.blob.core.windows.net/;QueueSecondaryEndpoint=http://amandaadlscanary-secondary.queue.core.windows.net/;FileSecondaryEndpoint=http://amandaadlscanary-secondary.file.core.windows.net/;AccountName=amandaadlscanary;AccountKey=Sanitized\n\n\n"
  }
}