{
  "Entries": [
    {
      "RequestUri": "https://seanstagehns.blob.core.windows.net/test-filesystem-61303f36-ddc6-344c-9530-b44ce462eb9d?restype=container",
      "RequestMethod": "PUT",
      "RequestHeaders": {
        "Accept": "application/xml",
        "Authorization": "Sanitized",
        "traceparent": "00-0f8803dc4e3d38409b89150be7ef44ab-20940933b3fea64c-00",
        "User-Agent": "azsdk-net-Storage.Files.DataLake/12.7.0-alpha.20210603.1 (.NET Framework 4.8.4300.0; Microsoft Windows 10.0.19043 )",
        "x-ms-blob-public-access": "container",
        "x-ms-client-request-id": "77992865-5e42-6b3c-ba34-485afe1e9b55",
        "x-ms-date": "Thu, 03 Jun 2021 19:59:11 GMT",
        "x-ms-return-client-request-id": "true",
        "x-ms-version": "2020-10-02"
      },
      "RequestBody": null,
      "StatusCode": 201,
      "ResponseHeaders": {
        "Date": "Thu, 03 Jun 2021 19:59:10 GMT",
        "ETag": "\u00220x8D926CA0DDB91D2\u0022",
        "Last-Modified": "Thu, 03 Jun 2021 19:59:10 GMT",
        "Server": "Windows-Azure-Blob/1.0 Microsoft-HTTPAPI/2.0",
        "Transfer-Encoding": "chunked",
        "x-ms-client-request-id": "77992865-5e42-6b3c-ba34-485afe1e9b55",
        "x-ms-request-id": "4a67f27d-c01e-0001-2db2-58fc96000000",
        "x-ms-version": "2020-10-02"
      },
      "ResponseBody": []
    },
    {
      "RequestUri": "https://seanstagehns.blob.core.windows.net/test-filesystem-61303f36-ddc6-344c-9530-b44ce462eb9d/test-directory-31438525-5fc2-e569-8529-bbf5a0134552?comp=properties",
      "RequestMethod": "PUT",
      "RequestHeaders": {
        "Accept": "application/xml",
        "Authorization": "Sanitized",
        "traceparent": "00-5396092c7a40cd4c83f7d092cb738bb4-6d9f6fa50af15148-00",
        "User-Agent": "azsdk-net-Storage.Files.DataLake/12.7.0-alpha.20210603.1 (.NET Framework 4.8.4300.0; Microsoft Windows 10.0.19043 )",
        "x-ms-blob-cache-control": "ihwsxpyancmdpatsxbox",
        "x-ms-blob-content-disposition": "ntcddhraxkwhwdosdiqb",
        "x-ms-blob-content-encoding": "apuxecdmkgrndggnftop",
        "x-ms-blob-content-language": "wxccfefmkapojnxwydxb",
        "x-ms-blob-content-md5": "5ZJTI2wc2/gR1LtATiU9FQ==",
        "x-ms-blob-content-type": "efoqsidqwamjtadbnrsy",
        "x-ms-client-request-id": "6913e735-b8ff-05ec-bfb3-f219a347caa7",
        "x-ms-date": "Thu, 03 Jun 2021 19:59:11 GMT",
        "x-ms-return-client-request-id": "true",
        "x-ms-version": "2020-10-02"
      },
      "RequestBody": null,
      "StatusCode": 404,
      "ResponseHeaders": {
        "Content-Length": "215",
        "Content-Type": "application/xml",
        "Date": "Thu, 03 Jun 2021 19:59:10 GMT",
        "Server": "Windows-Azure-Blob/1.0 Microsoft-HTTPAPI/2.0",
        "x-ms-client-request-id": "6913e735-b8ff-05ec-bfb3-f219a347caa7",
        "x-ms-error-code": "BlobNotFound",
        "x-ms-request-id": "4a67f283-c01e-0001-2fb2-58fc96000000",
        "x-ms-version": "2020-10-02"
      },
      "ResponseBody": [
        "\uFEFF\u003C?xml version=\u00221.0\u0022 encoding=\u0022utf-8\u0022?\u003E\u003CError\u003E\u003CCode\u003EBlobNotFound\u003C/Code\u003E\u003CMessage\u003EThe specified blob does not exist.\n",
        "RequestId:4a67f283-c01e-0001-2fb2-58fc96000000\n",
        "Time:2021-06-03T19:59:10.7828380Z\u003C/Message\u003E\u003C/Error\u003E"
      ]
    },
    {
      "RequestUri": "https://seanstagehns.blob.core.windows.net/test-filesystem-61303f36-ddc6-344c-9530-b44ce462eb9d?restype=container",
      "RequestMethod": "DELETE",
      "RequestHeaders": {
        "Accept": "application/xml",
        "Authorization": "Sanitized",
        "traceparent": "00-5c438d2a9b7e254a827b33d7a2bc33c7-6e5a6aff77627743-00",
        "User-Agent": "azsdk-net-Storage.Files.DataLake/12.7.0-alpha.20210603.1 (.NET Framework 4.8.4300.0; Microsoft Windows 10.0.19043 )",
        "x-ms-client-request-id": "b9c0341f-dc00-8d52-19e1-fc158241fa65",
        "x-ms-date": "Thu, 03 Jun 2021 19:59:11 GMT",
        "x-ms-return-client-request-id": "true",
        "x-ms-version": "2020-10-02"
      },
      "RequestBody": null,
      "StatusCode": 202,
      "ResponseHeaders": {
        "Date": "Thu, 03 Jun 2021 19:59:10 GMT",
        "Server": "Windows-Azure-Blob/1.0 Microsoft-HTTPAPI/2.0",
        "Transfer-Encoding": "chunked",
        "x-ms-client-request-id": "b9c0341f-dc00-8d52-19e1-fc158241fa65",
        "x-ms-request-id": "4a67f285-c01e-0001-30b2-58fc96000000",
        "x-ms-version": "2020-10-02"
      },
      "ResponseBody": []
    }
  ],
  "Variables": {
    "DateTimeOffsetNow": "2021-06-03T14:59:11.1741917-05:00",
    "RandomSeed": "725016358",
    "Storage_TestConfigHierarchicalNamespace": "NamespaceTenant\nseanstagehns\nU2FuaXRpemVk\nhttps://seanstagehns.blob.core.windows.net\nhttps://seanstagehns.file.core.windows.net\nhttps://seanstagehns.queue.core.windows.net\nhttps://seanstagehns.table.core.windows.net\n\n\n\n\nhttps://seanstagehns-secondary.blob.core.windows.net\nhttps://seanstagehns-secondary.file.core.windows.net\nhttps://seanstagehns-secondary.queue.core.windows.net\nhttps://seanstagehns-secondary.table.core.windows.net\n68390a19-a643-458b-b726-408abf67b4fc\nSanitized\n72f988bf-86f1-41af-91ab-2d7cd011db47\nhttps://login.microsoftonline.com/\nCloud\nBlobEndpoint=https://seanstagehns.blob.core.windows.net/;QueueEndpoint=https://seanstagehns.queue.core.windows.net/;FileEndpoint=https://seanstagehns.file.core.windows.net/;BlobSecondaryEndpoint=https://seanstagehns-secondary.blob.core.windows.net/;QueueSecondaryEndpoint=https://seanstagehns-secondary.queue.core.windows.net/;FileSecondaryEndpoint=https://seanstagehns-secondary.file.core.windows.net/;AccountName=seanstagehns;AccountKey=Sanitized\n"
  }
}