{
  "Entries": [
    {
      "RequestUri": "https://s9axscnapby3pev24a.blob.preprod.core.windows.net/test-filesystem-131e0d75-1dc4-f284-2d8a-41c1f927a1da?restype=container",
      "RequestMethod": "PUT",
      "RequestHeaders": {
        "Accept": "application/xml",
        "Authorization": "Sanitized",
        "traceparent": "00-382e63526726d21b2460f6e13c18489f-700fb35c06677761-00",
        "User-Agent": [
          "azsdk-net-Storage.Files.DataLake/12.9.0-alpha.20220118.1",
          "(.NET 6.0.1; Microsoft Windows 10.0.19044)"
        ],
        "x-ms-blob-public-access": "container",
        "x-ms-client-request-id": "b8767b47-d334-613c-3ec6-6a5e4280bcb3",
        "x-ms-date": "Tue, 18 Jan 2022 20:02:15 GMT",
        "x-ms-return-client-request-id": "true",
        "x-ms-version": "2021-06-08"
      },
      "RequestBody": null,
      "StatusCode": 201,
      "ResponseHeaders": {
        "Date": "Tue, 18 Jan 2022 20:02:14 GMT",
        "ETag": "\u00220x8D9DABD6C5CFE99\u0022",
        "Last-Modified": "Tue, 18 Jan 2022 20:02:15 GMT",
        "Transfer-Encoding": "chunked",
        "x-ms-client-request-id": "b8767b47-d334-613c-3ec6-6a5e4280bcb3",
        "x-ms-request-id": "117a401f-b01e-0009-1ea6-0c3c4a000000",
        "x-ms-version": "2021-06-08"
      },
      "ResponseBody": []
    },
    {
      "RequestUri": "https://s9axscnapby3pev24a.dfs.preprod.core.windows.net/test-filesystem-131e0d75-1dc4-f284-2d8a-41c1f927a1da/test-directory-57bc1d61-77f6-628f-5f6f-ece88396149b?resource=directory",
      "RequestMethod": "PUT",
      "RequestHeaders": {
        "Accept": "application/json",
        "Authorization": "Sanitized",
        "traceparent": "00-380d8ac8aadc5047a117d46810eae418-6a35a6d6118462b4-00",
        "User-Agent": [
          "azsdk-net-Storage.Files.DataLake/12.9.0-alpha.20220118.1",
          "(.NET 6.0.1; Microsoft Windows 10.0.19044)"
        ],
        "x-ms-client-request-id": "2f440dbd-c3e5-d70f-b417-1f40fcbd5a7b",
        "x-ms-date": "Tue, 18 Jan 2022 20:02:15 GMT",
        "x-ms-encryption-algorithm": "AES256",
        "x-ms-encryption-key": "Sanitized",
        "x-ms-encryption-key-sha256": "oJ2PECZtEKMwubOjcBnmCpSXcWvGPXUVHp0g9scIzwk=",
        "x-ms-return-client-request-id": "true",
        "x-ms-version": "2021-06-08"
      },
      "RequestBody": null,
      "StatusCode": 201,
      "ResponseHeaders": {
        "Content-Length": "0",
        "Date": "Tue, 18 Jan 2022 20:02:14 GMT",
        "ETag": "\u00220x8D9DABD6C8A0441\u0022",
        "Last-Modified": "Tue, 18 Jan 2022 20:02:15 GMT",
        "x-ms-client-request-id": "2f440dbd-c3e5-d70f-b417-1f40fcbd5a7b",
        "x-ms-encryption-key-sha256": "oJ2PECZtEKMwubOjcBnmCpSXcWvGPXUVHp0g9scIzwk=",
        "x-ms-request-id": "5c96bdc6-a01f-0005-35a6-0cf0c9000000",
        "x-ms-request-server-encrypted": "true",
        "x-ms-version": "2021-06-08"
      },
      "ResponseBody": []
    },
    {
      "RequestUri": "https://s9axscnapby3pev24a.blob.preprod.core.windows.net/test-filesystem-131e0d75-1dc4-f284-2d8a-41c1f927a1da/test-directory-57bc1d61-77f6-628f-5f6f-ece88396149b?comp=metadata",
      "RequestMethod": "PUT",
      "RequestHeaders": {
        "Accept": "application/xml",
        "Authorization": "Sanitized",
        "traceparent": "00-bf5034527504fa198a6a87e350d00433-6d16157910311f03-00",
        "User-Agent": [
          "azsdk-net-Storage.Files.DataLake/12.9.0-alpha.20220118.1",
          "(.NET 6.0.1; Microsoft Windows 10.0.19044)"
        ],
        "x-ms-client-request-id": "762a026d-e451-e8b6-5537-4aef1fc2401c",
        "x-ms-date": "Tue, 18 Jan 2022 20:02:15 GMT",
        "x-ms-encryption-algorithm": "AES256",
        "x-ms-encryption-key": "Sanitized",
        "x-ms-encryption-key-sha256": "oJ2PECZtEKMwubOjcBnmCpSXcWvGPXUVHp0g9scIzwk=",
        "x-ms-meta-Capital": "letter",
        "x-ms-meta-foo": "bar",
        "x-ms-meta-meta": "data",
        "x-ms-meta-UPPER": "case",
        "x-ms-return-client-request-id": "true",
        "x-ms-version": "2021-06-08"
      },
      "RequestBody": null,
      "StatusCode": 200,
      "ResponseHeaders": {
        "Date": "Tue, 18 Jan 2022 20:02:15 GMT",
        "ETag": "\u00220x8D9DABD6C962E89\u0022",
        "Last-Modified": "Tue, 18 Jan 2022 20:02:15 GMT",
        "Transfer-Encoding": "chunked",
        "x-ms-client-request-id": "762a026d-e451-e8b6-5537-4aef1fc2401c",
        "x-ms-encryption-key-sha256": "oJ2PECZtEKMwubOjcBnmCpSXcWvGPXUVHp0g9scIzwk=",
        "x-ms-request-id": "117a4021-b01e-0009-1fa6-0c3c4a000000",
        "x-ms-request-server-encrypted": "true",
        "x-ms-version": "2021-06-08"
      },
      "ResponseBody": []
    },
    {
      "RequestUri": "https://s9axscnapby3pev24a.blob.preprod.core.windows.net/test-filesystem-131e0d75-1dc4-f284-2d8a-41c1f927a1da?restype=container",
      "RequestMethod": "DELETE",
      "RequestHeaders": {
        "Accept": "application/xml",
        "Authorization": "Sanitized",
        "traceparent": "00-335015655850e295bf29aefe1b6ad6ab-dc3774d3b5ca92ed-00",
        "User-Agent": [
          "azsdk-net-Storage.Files.DataLake/12.9.0-alpha.20220118.1",
          "(.NET 6.0.1; Microsoft Windows 10.0.19044)"
        ],
        "x-ms-client-request-id": "f9d2ae95-e493-472a-b298-4a9a454c0457",
        "x-ms-date": "Tue, 18 Jan 2022 20:02:15 GMT",
        "x-ms-return-client-request-id": "true",
        "x-ms-version": "2021-06-08"
      },
      "RequestBody": null,
      "StatusCode": 202,
      "ResponseHeaders": {
        "Date": "Tue, 18 Jan 2022 20:02:15 GMT",
        "Transfer-Encoding": "chunked",
        "x-ms-client-request-id": "f9d2ae95-e493-472a-b298-4a9a454c0457",
        "x-ms-request-id": "117a4022-b01e-0009-20a6-0c3c4a000000",
        "x-ms-version": "2021-06-08"
      },
      "ResponseBody": []
    }
  ],
  "Variables": {
    "RandomSeed": "1688819204",
    "Storage_TestConfigHierarchicalNamespace": "NamespaceTenant\ns9axscnapby3pev24a\nU2FuaXRpemVk\nhttps://s9axscnapby3pev24a.blob.preprod.core.windows.net\nhttp://s9axscnapby3pev24a.file.core.windows.net\nhttp://s9axscnapby3pev24a.queue.core.windows.net\nhttp://s9axscnapby3pev24a.table.core.windows.net\n\n\n\n\nhttp://s9axscnapby3pev24a-secondary.blob.core.windows.net\nhttp://s9axscnapby3pev24a-secondary.file.core.windows.net\nhttp://s9axscnapby3pev24a-secondary.queue.core.windows.net\nhttp://s9axscnapby3pev24a-secondary.table.core.windows.net\n\nSanitized\n\n\nCloud\nBlobEndpoint=https://s9axscnapby3pev24a.blob.preprod.core.windows.net/;QueueEndpoint=http://s9axscnapby3pev24a.queue.core.windows.net/;FileEndpoint=http://s9axscnapby3pev24a.file.core.windows.net/;BlobSecondaryEndpoint=http://s9axscnapby3pev24a-secondary.blob.core.windows.net/;QueueSecondaryEndpoint=http://s9axscnapby3pev24a-secondary.queue.core.windows.net/;FileSecondaryEndpoint=http://s9axscnapby3pev24a-secondary.file.core.windows.net/;AccountName=s9axscnapby3pev24a;AccountKey=Sanitized\n\n\n"
  }
}