{
  "Entries": [
    {
      "RequestUri": "http://amandaadlscanary.blob.core.windows.net/test-filesystem-8cef56ff-d780-2963-a3eb-09a355d79ee5?restype=container",
      "RequestMethod": "PUT",
      "RequestHeaders": {
        "Authorization": "Sanitized",
        "traceparent": "00-1036b563556b894790d48c19e3cb16f8-927edad618b1f24e-00",
        "User-Agent": [
          "azsdk-net-Storage.Files.DataLake/12.3.0-dev.20200624.1",
          "(.NET Core 4.6.28928.01; Microsoft Windows 10.0.18363 )"
        ],
        "x-ms-blob-public-access": "container",
        "x-ms-client-request-id": "49a38003-ba93-39f1-20ab-1ab7f8dc2fac",
        "x-ms-date": "Wed, 24 Jun 2020 22:18:03 GMT",
        "x-ms-return-client-request-id": "true",
        "x-ms-version": "2020-02-10"
      },
      "RequestBody": null,
      "StatusCode": 201,
      "ResponseHeaders": {
        "Content-Length": "0",
        "Date": "Wed, 24 Jun 2020 22:18:02 GMT",
        "ETag": "\u00220x8D8188C76349033\u0022",
        "Last-Modified": "Wed, 24 Jun 2020 22:18:03 GMT",
        "Server": [
          "Windows-Azure-Blob/1.0",
          "Microsoft-HTTPAPI/2.0"
        ],
        "x-ms-client-request-id": "49a38003-ba93-39f1-20ab-1ab7f8dc2fac",
        "x-ms-request-id": "7d541c49-901e-0059-3a75-4a71a2000000",
        "x-ms-version": "2020-02-10"
      },
      "ResponseBody": []
    },
    {
      "RequestUri": "http://amandaadlscanary.dfs.core.windows.net/test-filesystem-8cef56ff-d780-2963-a3eb-09a355d79ee5/?action=setAccessControl",
      "RequestMethod": "PATCH",
      "RequestHeaders": {
        "Authorization": "Sanitized",
        "traceparent": "00-f10c01e9bb2a29418c2098d846a7ac7d-1108067ed258d344-00",
        "User-Agent": [
          "azsdk-net-Storage.Files.DataLake/12.3.0-dev.20200624.1",
          "(.NET Core 4.6.28928.01; Microsoft Windows 10.0.18363 )"
        ],
        "x-ms-acl": "user::--x,group::--x,other::--x",
        "x-ms-client-request-id": "79836ab8-5e52-7ffc-a2bd-ced26559ce03",
        "x-ms-date": "Wed, 24 Jun 2020 22:18:03 GMT",
        "x-ms-return-client-request-id": "true",
        "x-ms-version": "2020-02-10"
      },
      "RequestBody": null,
      "StatusCode": 200,
      "ResponseHeaders": {
        "Content-Length": "0",
        "Date": "Wed, 24 Jun 2020 22:18:02 GMT",
        "ETag": "\u00220x8D8188C763617A4\u0022",
        "Last-Modified": "Wed, 24 Jun 2020 22:18:03 GMT",
        "Server": [
          "Windows-Azure-HDFS/1.0",
          "Microsoft-HTTPAPI/2.0"
        ],
        "x-ms-client-request-id": "79836ab8-5e52-7ffc-a2bd-ced26559ce03",
        "x-ms-namespace-enabled": "true",
        "x-ms-request-id": "6f52de24-d01f-002a-4175-4a2931000000",
        "x-ms-version": "2020-02-10"
      },
      "ResponseBody": []
    },
    {
      "RequestUri": "https://login.microsoftonline.com/72f988bf-86f1-41af-91ab-2d7cd011db47/oauth2/v2.0/token",
      "RequestMethod": "POST",
      "RequestHeaders": {
        "Content-Length": "169",
        "Content-Type": "application/x-www-form-urlencoded",
        "traceparent": "00-4d984b22a3570d4da5535dbd817268bc-d9b732ad7f9ab14a-00",
        "User-Agent": [
          "azsdk-net-Identity/1.1.1",
          "(.NET Core 4.6.28928.01; Microsoft Windows 10.0.18363 )"
        ],
        "x-ms-client-request-id": "7ad0746a038c6b93d63060e822a13c79",
        "x-ms-return-client-request-id": "true"
      },
      "RequestBody": "response_type=token\u0026grant_type=client_credentials\u0026client_id=68390a19-a643-458b-b726-408abf67b4fc\u0026client_secret=Sanitized\u0026scope=https%3A%2F%2Fstorage.azure.com%2F.default",
      "StatusCode": 200,
      "ResponseHeaders": {
        "Cache-Control": "no-store, no-cache",
        "Content-Length": "92",
        "Content-Type": "application/json; charset=utf-8",
        "Date": "Wed, 24 Jun 2020 22:18:03 GMT",
        "Expires": "-1",
        "P3P": "CP=\u0022DSP CUR OTPi IND OTRi ONL FIN\u0022",
        "Pragma": "no-cache",
        "Set-Cookie": [
          "fpc=AsVbR3Ici3lHjHavUIqDS2veSEc1AwAAABjIhdYOAAAA; expires=Fri, 24-Jul-2020 22:18:03 GMT; path=/; secure; HttpOnly; SameSite=None",
          "x-ms-gateway-slice=estsfd; path=/; SameSite=None; secure; HttpOnly",
          "stsservicecookie=estsfd; path=/; secure; HttpOnly; SameSite=None"
        ],
        "Strict-Transport-Security": "max-age=31536000; includeSubDomains",
        "X-Content-Type-Options": "nosniff",
        "x-ms-ests-server": "2.1.10761.12 - EUS ProdSlices",
        "x-ms-request-id": "a619e245-c4df-4854-8f45-e80eb6eb1700"
      },
      "ResponseBody": {
        "token_type": "Bearer",
        "expires_in": 86399,
        "ext_expires_in": 86399,
        "access_token": "Sanitized"
      }
    },
    {
      "RequestUri": "https://amandaadlscanary.dfs.core.windows.net/test-filesystem-8cef56ff-d780-2963-a3eb-09a355d79ee5/test-directory-58fe1fb9-c6ef-4336-71c8-df86faf6a88f?action=setAccessControlRecursive\u0026mode=modify",
      "RequestMethod": "PATCH",
      "RequestHeaders": {
        "Authorization": "Sanitized",
        "traceparent": "00-4d984b22a3570d4da5535dbd817268bc-db20bcdb5579324d-00",
        "User-Agent": [
          "azsdk-net-Storage.Files.DataLake/12.3.0-dev.20200624.1",
          "(.NET Core 4.6.28928.01; Microsoft Windows 10.0.18363 )"
        ],
        "x-ms-acl": "user::rwx,group::r--,other::---,mask::rwx",
        "x-ms-client-request-id": "8dffcc44-b558-e459-7de9-2023e195d4b4",
        "x-ms-return-client-request-id": "true",
        "x-ms-version": "2020-02-10"
      },
      "RequestBody": null,
      "StatusCode": 404,
      "ResponseHeaders": {
        "Content-Length": "163",
        "Content-Type": "application/json; charset=utf-8",
        "Date": "Wed, 24 Jun 2020 22:18:03 GMT",
        "Server": [
          "Windows-Azure-HDFS/1.0",
          "Microsoft-HTTPAPI/2.0"
        ],
        "x-ms-client-request-id": "8dffcc44-b558-e459-7de9-2023e195d4b4",
        "x-ms-error-code": "PathNotFound",
        "x-ms-request-id": "6c5b2959-c01f-00d2-0b75-4a75cf000000",
        "x-ms-version": "2020-02-10"
      },
      "ResponseBody": {
        "error": {
          "code": "PathNotFound",
          "message": "The specified path does not exist.\nRequestId:6c5b2959-c01f-00d2-0b75-4a75cf000000\nTime:2020-06-24T22:18:03.8107491Z"
        }
      }
    },
    {
      "RequestUri": "http://amandaadlscanary.blob.core.windows.net/test-filesystem-8cef56ff-d780-2963-a3eb-09a355d79ee5?restype=container",
      "RequestMethod": "DELETE",
      "RequestHeaders": {
        "Authorization": "Sanitized",
        "traceparent": "00-075ae4dc81272e48a63a8db4ca065cce-e2ef3be79061d14f-00",
        "User-Agent": [
          "azsdk-net-Storage.Files.DataLake/12.3.0-dev.20200624.1",
          "(.NET Core 4.6.28928.01; Microsoft Windows 10.0.18363 )"
        ],
        "x-ms-client-request-id": "cef08795-f558-41d4-3994-b6285571c2db",
        "x-ms-date": "Wed, 24 Jun 2020 22:18:03 GMT",
        "x-ms-return-client-request-id": "true",
        "x-ms-version": "2020-02-10"
      },
      "RequestBody": null,
      "StatusCode": 202,
      "ResponseHeaders": {
        "Content-Length": "0",
        "Date": "Wed, 24 Jun 2020 22:18:03 GMT",
        "Server": [
          "Windows-Azure-Blob/1.0",
          "Microsoft-HTTPAPI/2.0"
        ],
        "x-ms-client-request-id": "cef08795-f558-41d4-3994-b6285571c2db",
        "x-ms-request-id": "7d541da5-901e-0059-4575-4a71a2000000",
        "x-ms-version": "2020-02-10"
      },
      "ResponseBody": []
    }
  ],
  "Variables": {
    "RandomSeed": "641578945",
    "Storage_TestConfigHierarchicalNamespace": "NamespaceTenant\namandaadlscanary\nU2FuaXRpemVk\nhttp://amandaadlscanary.blob.core.windows.net\nhttp://amandaadlscanary.file.core.windows.net\nhttp://amandaadlscanary.queue.core.windows.net\nhttp://amandaadlscanary.table.core.windows.net\n\n\n\n\nhttp://amandaadlscanary-secondary.blob.core.windows.net\nhttp://amandaadlscanary-secondary.file.core.windows.net\nhttp://amandaadlscanary-secondary.queue.core.windows.net\nhttp://amandaadlscanary-secondary.table.core.windows.net\n68390a19-a643-458b-b726-408abf67b4fc\nSanitized\n72f988bf-86f1-41af-91ab-2d7cd011db47\nhttps://login.microsoftonline.com/\nCloud\nBlobEndpoint=http://amandaadlscanary.blob.core.windows.net/;QueueEndpoint=http://amandaadlscanary.queue.core.windows.net/;FileEndpoint=http://amandaadlscanary.file.core.windows.net/;BlobSecondaryEndpoint=http://amandaadlscanary-secondary.blob.core.windows.net/;QueueSecondaryEndpoint=http://amandaadlscanary-secondary.queue.core.windows.net/;FileSecondaryEndpoint=http://amandaadlscanary-secondary.file.core.windows.net/;AccountName=amandaadlscanary;AccountKey=Sanitized\n"
  }
}