{
  "Entries": [
    {
      "RequestUri": "https://seannse.blob.core.windows.net/test-filesystem-092ca9ee-cd03-08ca-e5ec-359d95f98ff6?restype=container",
      "RequestMethod": "PUT",
      "RequestHeaders": {
        "Accept": "application/xml",
        "Authorization": "Sanitized",
        "traceparent": "00-a1c97344a073ac47b6869fbcfb808113-81513fcfefe9c644-00",
        "User-Agent": [
          "azsdk-net-Storage.Files.DataLake/12.7.0-alpha.20210219.1",
          "(.NET 5.0.3; Microsoft Windows 10.0.19041)"
        ],
        "x-ms-blob-public-access": "container",
        "x-ms-client-request-id": "736d8685-1d34-83ac-9868-d90ba5aaf79b",
        "x-ms-date": "Fri, 19 Feb 2021 19:03:42 GMT",
        "x-ms-return-client-request-id": "true",
        "x-ms-version": "2021-04-10"
      },
      "RequestBody": null,
      "StatusCode": 201,
      "ResponseHeaders": {
        "Content-Length": "0",
        "Date": "Fri, 19 Feb 2021 19:03:41 GMT",
        "ETag": "\"0x8D8D50912924FDA\"",
        "Last-Modified": "Fri, 19 Feb 2021 19:03:41 GMT",
        "Server": [
          "Windows-Azure-Blob/1.0",
          "Microsoft-HTTPAPI/2.0"
        ],
        "x-ms-client-request-id": "736d8685-1d34-83ac-9868-d90ba5aaf79b",
        "x-ms-request-id": "cb128d0d-b01e-006d-61f1-06cb14000000",
        "x-ms-version": "2021-04-10"
      },
      "ResponseBody": []
    },
    {
      "RequestUri": "https://seannse.dfs.core.windows.net/test-filesystem-092ca9ee-cd03-08ca-e5ec-359d95f98ff6/?action=setAccessControl",
      "RequestMethod": "PATCH",
      "RequestHeaders": {
        "Accept": "application/json",
        "Authorization": "Sanitized",
        "traceparent": "00-2fb2c2fcbdab6942a2b9efcdb6c2a2c2-cfea13eb8a71204d-00",
        "User-Agent": [
          "azsdk-net-Storage.Files.DataLake/12.7.0-alpha.20210219.1",
          "(.NET 5.0.3; Microsoft Windows 10.0.19041)"
        ],
        "x-ms-acl": "user::--x,group::--x,other::--x",
        "x-ms-client-request-id": "8a996f68-d7dc-92b1-c37c-633a720e6a65",
        "x-ms-date": "Fri, 19 Feb 2021 19:03:42 GMT",
        "x-ms-return-client-request-id": "true",
        "x-ms-version": "2021-04-10"
      },
      "RequestBody": null,
      "StatusCode": 200,
      "ResponseHeaders": {
        "Content-Length": "0",
        "Date": "Fri, 19 Feb 2021 19:03:41 GMT",
        "ETag": "\"0x8D8D509129E74AD\"",
        "Last-Modified": "Fri, 19 Feb 2021 19:03:41 GMT",
        "Server": [
          "Windows-Azure-HDFS/1.0",
          "Microsoft-HTTPAPI/2.0"
        ],
        "x-ms-client-request-id": "8a996f68-d7dc-92b1-c37c-633a720e6a65",
        "x-ms-namespace-enabled": "true",
        "x-ms-request-id": "da841d19-a01f-0061-0ef1-065c1c000000",
        "x-ms-version": "2021-04-10"
      },
      "ResponseBody": []
    },
    {
      "RequestUri": "https://seannse.blob.core.windows.net/test-filesystem-092ca9ee-cd03-08ca-e5ec-359d95f98ff6?restype=container",
      "RequestMethod": "DELETE",
      "RequestHeaders": {
        "Accept": "application/xml",
        "Authorization": "Sanitized",
        "traceparent": "00-6f5a4b28bf4a344d9fc7dc6553305548-8771344c5430d148-00",
        "User-Agent": [
          "azsdk-net-Storage.Files.DataLake/12.7.0-alpha.20210219.1",
          "(.NET 5.0.3; Microsoft Windows 10.0.19041)"
        ],
        "x-ms-client-request-id": "64ce5a48-346a-0953-c214-db1d0b3fc319",
        "x-ms-date": "Fri, 19 Feb 2021 19:03:42 GMT",
        "x-ms-return-client-request-id": "true",
        "x-ms-version": "2021-04-10"
      },
      "RequestBody": null,
      "StatusCode": 202,
      "ResponseHeaders": {
        "Content-Length": "0",
        "Date": "Fri, 19 Feb 2021 19:03:41 GMT",
        "Server": [
          "Windows-Azure-Blob/1.0",
          "Microsoft-HTTPAPI/2.0"
        ],
        "x-ms-client-request-id": "64ce5a48-346a-0953-c214-db1d0b3fc319",
        "x-ms-request-id": "cb128d75-b01e-006d-3af1-06cb14000000",
        "x-ms-version": "2021-04-10"
      },
      "ResponseBody": []
    }
  ],
  "Variables": {
    "RandomSeed": "1879932968",
    "Storage_TestConfigHierarchicalNamespace": "NamespaceTenant\nseannse\nU2FuaXRpemVk\nhttps://seannse.blob.core.windows.net\nhttps://seannse.file.core.windows.net\nhttps://seannse.queue.core.windows.net\nhttps://seannse.table.core.windows.net\n\n\n\n\nhttps://seannse-secondary.blob.core.windows.net\nhttps://seannse-secondary.file.core.windows.net\nhttps://seannse-secondary.queue.core.windows.net\nhttps://seannse-secondary.table.core.windows.net\n68390a19-a643-458b-b726-408abf67b4fc\nSanitized\n72f988bf-86f1-41af-91ab-2d7cd011db47\nhttps://login.microsoftonline.com/\nCloud\nBlobEndpoint=https://seannse.blob.core.windows.net/;QueueEndpoint=https://seannse.queue.core.windows.net/;FileEndpoint=https://seannse.file.core.windows.net/;BlobSecondaryEndpoint=https://seannse-secondary.blob.core.windows.net/;QueueSecondaryEndpoint=https://seannse-secondary.queue.core.windows.net/;FileSecondaryEndpoint=https://seannse-secondary.file.core.windows.net/;AccountName=seannse;AccountKey=Sanitized\n\n\n"
  }
}