{
  "Entries": [
    {
      "RequestUri": "https://seannse.blob.core.windows.net/test-filesystem-2f9a392e-1882-83af-f61e-ba18ff492172?restype=container",
      "RequestMethod": "PUT",
      "RequestHeaders": {
        "Accept": "application/xml",
        "Authorization": "Sanitized",
        "traceparent": "00-77289994e3e7154ea050cbe29e12846a-29b00287ef409940-00",
        "User-Agent": [
          "azsdk-net-Storage.Files.DataLake/12.7.0-alpha.20210219.1",
          "(.NET 5.0.3; Microsoft Windows 10.0.19041)"
        ],
        "x-ms-blob-public-access": "container",
        "x-ms-client-request-id": "9784c77a-e433-2d1d-02b8-d51ff3003ff6",
        "x-ms-date": "Fri, 19 Feb 2021 19:02:57 GMT",
        "x-ms-return-client-request-id": "true",
         "x-ms-version": "2020-08-04"
      },
      "RequestBody": null,
      "StatusCode": 201,
      "ResponseHeaders": {
        "Content-Length": "0",
        "Date": "Fri, 19 Feb 2021 19:02:56 GMT",
        "ETag": "\u00220x8D8D508F7AB8429\u0022",
        "Last-Modified": "Fri, 19 Feb 2021 19:02:56 GMT",
        "Server": [
          "Windows-Azure-Blob/1.0",
          "Microsoft-HTTPAPI/2.0"
        ],
        "x-ms-client-request-id": "9784c77a-e433-2d1d-02b8-d51ff3003ff6",
        "x-ms-request-id": "cb125091-b01e-006d-65f1-06cb14000000",
         "x-ms-version": "2020-08-04"
      },
      "ResponseBody": []
    },
    {
      "RequestUri": "https://seannse.dfs.core.windows.net/test-filesystem-2f9a392e-1882-83af-f61e-ba18ff492172/test-directory-b2f4734a-b3fb-4019-5f4b-26e2392ab6c4?resource=directory",
      "RequestMethod": "PUT",
      "RequestHeaders": {
        "Accept": "application/json",
        "Authorization": "Sanitized",
        "traceparent": "00-3deea30c2fb01e4f9926e80449585804-806cc0897f2e7a4c-00",
        "User-Agent": [
          "azsdk-net-Storage.Files.DataLake/12.7.0-alpha.20210219.1",
          "(.NET 5.0.3; Microsoft Windows 10.0.19041)"
        ],
        "x-ms-client-request-id": "5939e860-4a3d-c717-ad43-37e7be3af3d7",
        "x-ms-date": "Fri, 19 Feb 2021 19:02:57 GMT",
        "x-ms-return-client-request-id": "true",
         "x-ms-version": "2020-08-04"
      },
      "RequestBody": null,
      "StatusCode": 201,
      "ResponseHeaders": {
        "Content-Length": "0",
        "Date": "Fri, 19 Feb 2021 19:02:56 GMT",
        "ETag": "\u00220x8D8D508F7B9E936\u0022",
        "Last-Modified": "Fri, 19 Feb 2021 19:02:56 GMT",
        "Server": [
          "Windows-Azure-HDFS/1.0",
          "Microsoft-HTTPAPI/2.0"
        ],
        "x-ms-client-request-id": "5939e860-4a3d-c717-ad43-37e7be3af3d7",
        "x-ms-request-id": "da83f45f-a01f-0061-75f1-065c1c000000",
         "x-ms-version": "2020-08-04"
      },
      "ResponseBody": []
    },
    {
      "RequestUri": "https://seannse.dfs.core.windows.net/test-filesystem-2f9a392e-1882-83af-f61e-ba18ff492172/test-directory-b2f4734a-b3fb-4019-5f4b-26e2392ab6c4/test-directory-4bfd1102-0762-c131-344f-18f50e6028a4?resource=directory",
      "RequestMethod": "PUT",
      "RequestHeaders": {
        "Accept": "application/json",
        "Authorization": "Sanitized",
        "User-Agent": [
          "azsdk-net-Storage.Files.DataLake/12.7.0-alpha.20210219.1",
          "(.NET 5.0.3; Microsoft Windows 10.0.19041)"
        ],
        "x-ms-client-request-id": "06b6cd12-10bd-58a6-b678-25ee3122b94d",
        "x-ms-date": "Fri, 19 Feb 2021 19:02:57 GMT",
        "x-ms-return-client-request-id": "true",
         "x-ms-version": "2020-08-04"
      },
      "RequestBody": null,
      "StatusCode": 201,
      "ResponseHeaders": {
        "Content-Length": "0",
        "Date": "Fri, 19 Feb 2021 19:02:56 GMT",
        "ETag": "\u00220x8D8D508F7C91873\u0022",
        "Last-Modified": "Fri, 19 Feb 2021 19:02:56 GMT",
        "Server": [
          "Windows-Azure-HDFS/1.0",
          "Microsoft-HTTPAPI/2.0"
        ],
        "x-ms-client-request-id": "06b6cd12-10bd-58a6-b678-25ee3122b94d",
        "x-ms-request-id": "da83f46a-a01f-0061-80f1-065c1c000000",
         "x-ms-version": "2020-08-04"
      },
      "ResponseBody": []
    },
    {
      "RequestUri": "https://seannse.dfs.core.windows.net/test-filesystem-2f9a392e-1882-83af-f61e-ba18ff492172/test-directory-b2f4734a-b3fb-4019-5f4b-26e2392ab6c4/test-directory-4bfd1102-0762-c131-344f-18f50e6028a4/test-file-a1f8931b-a3b7-a5e7-8b27-bb8c7eb06fdc?resource=file",
      "RequestMethod": "PUT",
      "RequestHeaders": {
        "Accept": "application/json",
        "Authorization": "Sanitized",
        "User-Agent": [
          "azsdk-net-Storage.Files.DataLake/12.7.0-alpha.20210219.1",
          "(.NET 5.0.3; Microsoft Windows 10.0.19041)"
        ],
        "x-ms-client-request-id": "bf653c1d-455f-6fa7-e511-7b95551ada05",
        "x-ms-date": "Fri, 19 Feb 2021 19:02:57 GMT",
        "x-ms-return-client-request-id": "true",
         "x-ms-version": "2020-08-04"
      },
      "RequestBody": null,
      "StatusCode": 201,
      "ResponseHeaders": {
        "Content-Length": "0",
        "Date": "Fri, 19 Feb 2021 19:02:56 GMT",
        "ETag": "\u00220x8D8D508F7D629CB\u0022",
        "Last-Modified": "Fri, 19 Feb 2021 19:02:56 GMT",
        "Server": [
          "Windows-Azure-HDFS/1.0",
          "Microsoft-HTTPAPI/2.0"
        ],
        "x-ms-client-request-id": "bf653c1d-455f-6fa7-e511-7b95551ada05",
        "x-ms-request-id": "da83f46e-a01f-0061-04f1-065c1c000000",
         "x-ms-version": "2020-08-04"
      },
      "ResponseBody": []
    },
    {
      "RequestUri": "https://seannse.dfs.core.windows.net/test-filesystem-2f9a392e-1882-83af-f61e-ba18ff492172/test-directory-b2f4734a-b3fb-4019-5f4b-26e2392ab6c4/test-directory-4bfd1102-0762-c131-344f-18f50e6028a4/test-file-78864809-7840-f9a3-ab18-2a8d096f6ef3?resource=file",
      "RequestMethod": "PUT",
      "RequestHeaders": {
        "Accept": "application/json",
        "Authorization": "Sanitized",
        "User-Agent": [
          "azsdk-net-Storage.Files.DataLake/12.7.0-alpha.20210219.1",
          "(.NET 5.0.3; Microsoft Windows 10.0.19041)"
        ],
        "x-ms-client-request-id": "ee6e9450-2c10-a52d-986c-13461b196676",
        "x-ms-date": "Fri, 19 Feb 2021 19:02:57 GMT",
        "x-ms-return-client-request-id": "true",
         "x-ms-version": "2020-08-04"
      },
      "RequestBody": null,
      "StatusCode": 201,
      "ResponseHeaders": {
        "Content-Length": "0",
        "Date": "Fri, 19 Feb 2021 19:02:56 GMT",
        "ETag": "\u00220x8D8D508F7E215E1\u0022",
        "Last-Modified": "Fri, 19 Feb 2021 19:02:56 GMT",
        "Server": [
          "Windows-Azure-HDFS/1.0",
          "Microsoft-HTTPAPI/2.0"
        ],
        "x-ms-client-request-id": "ee6e9450-2c10-a52d-986c-13461b196676",
        "x-ms-request-id": "da83f47b-a01f-0061-11f1-065c1c000000",
         "x-ms-version": "2020-08-04"
      },
      "ResponseBody": []
    },
    {
      "RequestUri": "https://seannse.dfs.core.windows.net/test-filesystem-2f9a392e-1882-83af-f61e-ba18ff492172/test-directory-b2f4734a-b3fb-4019-5f4b-26e2392ab6c4/test-directory-071387a2-98ab-59ba-cb64-65cd1d0a5259?resource=directory",
      "RequestMethod": "PUT",
      "RequestHeaders": {
        "Accept": "application/json",
        "Authorization": "Sanitized",
        "User-Agent": [
          "azsdk-net-Storage.Files.DataLake/12.7.0-alpha.20210219.1",
          "(.NET 5.0.3; Microsoft Windows 10.0.19041)"
        ],
        "x-ms-client-request-id": "1ff6e40c-833e-b7b1-d914-23abc65f878e",
        "x-ms-date": "Fri, 19 Feb 2021 19:02:57 GMT",
        "x-ms-return-client-request-id": "true",
         "x-ms-version": "2020-08-04"
      },
      "RequestBody": null,
      "StatusCode": 201,
      "ResponseHeaders": {
        "Content-Length": "0",
        "Date": "Fri, 19 Feb 2021 19:02:56 GMT",
        "ETag": "\u00220x8D8D508F7F86446\u0022",
        "Last-Modified": "Fri, 19 Feb 2021 19:02:56 GMT",
        "Server": [
          "Windows-Azure-HDFS/1.0",
          "Microsoft-HTTPAPI/2.0"
        ],
        "x-ms-client-request-id": "1ff6e40c-833e-b7b1-d914-23abc65f878e",
        "x-ms-request-id": "da83f48b-a01f-0061-21f1-065c1c000000",
         "x-ms-version": "2020-08-04"
      },
      "ResponseBody": []
    },
    {
      "RequestUri": "https://seannse.dfs.core.windows.net/test-filesystem-2f9a392e-1882-83af-f61e-ba18ff492172/test-directory-b2f4734a-b3fb-4019-5f4b-26e2392ab6c4/test-directory-071387a2-98ab-59ba-cb64-65cd1d0a5259/test-file-4db7b919-f1dc-2274-a3bc-e6e1f0dcbc94?resource=file",
      "RequestMethod": "PUT",
      "RequestHeaders": {
        "Accept": "application/json",
        "Authorization": "Sanitized",
        "User-Agent": [
          "azsdk-net-Storage.Files.DataLake/12.7.0-alpha.20210219.1",
          "(.NET 5.0.3; Microsoft Windows 10.0.19041)"
        ],
        "x-ms-client-request-id": "e2c51a42-b97f-1b1b-6fd3-7b829cd0c7fc",
        "x-ms-date": "Fri, 19 Feb 2021 19:02:57 GMT",
        "x-ms-return-client-request-id": "true",
         "x-ms-version": "2020-08-04"
      },
      "RequestBody": null,
      "StatusCode": 201,
      "ResponseHeaders": {
        "Content-Length": "0",
        "Date": "Fri, 19 Feb 2021 19:02:56 GMT",
        "ETag": "\u00220x8D8D508F80497CB\u0022",
        "Last-Modified": "Fri, 19 Feb 2021 19:02:57 GMT",
        "Server": [
          "Windows-Azure-HDFS/1.0",
          "Microsoft-HTTPAPI/2.0"
        ],
        "x-ms-client-request-id": "e2c51a42-b97f-1b1b-6fd3-7b829cd0c7fc",
        "x-ms-request-id": "da83f496-a01f-0061-2cf1-065c1c000000",
         "x-ms-version": "2020-08-04"
      },
      "ResponseBody": []
    },
    {
      "RequestUri": "https://seannse.dfs.core.windows.net/test-filesystem-2f9a392e-1882-83af-f61e-ba18ff492172/test-directory-b2f4734a-b3fb-4019-5f4b-26e2392ab6c4/test-file-584e8e57-4f9e-e679-9fab-31575588c56c?resource=file",
      "RequestMethod": "PUT",
      "RequestHeaders": {
        "Accept": "application/json",
        "Authorization": "Sanitized",
        "User-Agent": [
          "azsdk-net-Storage.Files.DataLake/12.7.0-alpha.20210219.1",
          "(.NET 5.0.3; Microsoft Windows 10.0.19041)"
        ],
        "x-ms-client-request-id": "ce959ebd-36e9-f322-a1de-43d387c3c5e7",
        "x-ms-date": "Fri, 19 Feb 2021 19:02:57 GMT",
        "x-ms-return-client-request-id": "true",
         "x-ms-version": "2020-08-04"
      },
      "RequestBody": null,
      "StatusCode": 201,
      "ResponseHeaders": {
        "Content-Length": "0",
        "Date": "Fri, 19 Feb 2021 19:02:56 GMT",
        "ETag": "\u00220x8D8D508F814CE49\u0022",
        "Last-Modified": "Fri, 19 Feb 2021 19:02:57 GMT",
        "Server": [
          "Windows-Azure-HDFS/1.0",
          "Microsoft-HTTPAPI/2.0"
        ],
        "x-ms-client-request-id": "ce959ebd-36e9-f322-a1de-43d387c3c5e7",
        "x-ms-request-id": "da83f49f-a01f-0061-35f1-065c1c000000",
         "x-ms-version": "2020-08-04"
      },
      "ResponseBody": []
    },
    {
      "RequestUri": "https://seannse.dfs.core.windows.net/test-filesystem-2f9a392e-1882-83af-f61e-ba18ff492172/test-directory-b2f4734a-b3fb-4019-5f4b-26e2392ab6c4?action=setAccessControlRecursive\u0026mode=modify",
      "RequestMethod": "PATCH",
      "RequestHeaders": {
        "Accept": "application/json",
        "Authorization": "Sanitized",
        "User-Agent": [
          "azsdk-net-Storage.Files.DataLake/12.7.0-alpha.20210219.1",
          "(.NET 5.0.3; Microsoft Windows 10.0.19041)"
        ],
        "x-ms-acl": "user::rwx,group::r--,other::---,mask::rwx",
        "x-ms-client-request-id": "b69ae53c-f7f3-f683-02ac-343896411c8e",
        "x-ms-date": "Fri, 19 Feb 2021 19:02:57 GMT",
        "x-ms-return-client-request-id": "true",
         "x-ms-version": "2020-08-04"
      },
      "RequestBody": null,
      "StatusCode": 200,
      "ResponseHeaders": {
        "Date": "Fri, 19 Feb 2021 19:02:56 GMT",
        "Server": [
          "Windows-Azure-HDFS/1.0",
          "Microsoft-HTTPAPI/2.0"
        ],
        "Transfer-Encoding": "chunked",
        "x-ms-client-request-id": "b69ae53c-f7f3-f683-02ac-343896411c8e",
        "x-ms-namespace-enabled": "true",
        "x-ms-request-id": "da83f4a9-a01f-0061-3ff1-065c1c000000",
         "x-ms-version": "2020-08-04"
      },
      "ResponseBody": "eyJkaXJlY3Rvcmllc1N1Y2Nlc3NmdWwiOjMsImZhaWxlZEVudHJpZXMiOltdLCJmYWlsdXJlQ291bnQiOjAsImZpbGVzU3VjY2Vzc2Z1bCI6NH0K"
    },
    {
      "RequestUri": "https://seannse.blob.core.windows.net/test-filesystem-2f9a392e-1882-83af-f61e-ba18ff492172?restype=container",
      "RequestMethod": "DELETE",
      "RequestHeaders": {
        "Accept": "application/xml",
        "Authorization": "Sanitized",
        "traceparent": "00-97c8ff081554e340947f852d5acb492e-90eb13bed3df8a42-00",
        "User-Agent": [
          "azsdk-net-Storage.Files.DataLake/12.7.0-alpha.20210219.1",
          "(.NET 5.0.3; Microsoft Windows 10.0.19041)"
        ],
        "x-ms-client-request-id": "a2963daf-0f29-17f4-8b5e-7484bdade638",
        "x-ms-date": "Fri, 19 Feb 2021 19:02:58 GMT",
        "x-ms-return-client-request-id": "true",
         "x-ms-version": "2020-08-04"
      },
      "RequestBody": null,
      "StatusCode": 202,
      "ResponseHeaders": {
        "Content-Length": "0",
        "Date": "Fri, 19 Feb 2021 19:02:56 GMT",
        "Server": [
          "Windows-Azure-Blob/1.0",
          "Microsoft-HTTPAPI/2.0"
        ],
        "x-ms-client-request-id": "a2963daf-0f29-17f4-8b5e-7484bdade638",
        "x-ms-request-id": "cb1251ee-b01e-006d-20f1-06cb14000000",
         "x-ms-version": "2020-08-04"
      },
      "ResponseBody": []
    }
  ],
  "Variables": {
    "RandomSeed": "2015816191",
    "Storage_TestConfigHierarchicalNamespace": "NamespaceTenant\nseannse\nU2FuaXRpemVk\nhttps://seannse.blob.core.windows.net\nhttps://seannse.file.core.windows.net\nhttps://seannse.queue.core.windows.net\nhttps://seannse.table.core.windows.net\n\n\n\n\nhttps://seannse-secondary.blob.core.windows.net\nhttps://seannse-secondary.file.core.windows.net\nhttps://seannse-secondary.queue.core.windows.net\nhttps://seannse-secondary.table.core.windows.net\n68390a19-a643-458b-b726-408abf67b4fc\nSanitized\n72f988bf-86f1-41af-91ab-2d7cd011db47\nhttps://login.microsoftonline.com/\nCloud\nBlobEndpoint=https://seannse.blob.core.windows.net/;QueueEndpoint=https://seannse.queue.core.windows.net/;FileEndpoint=https://seannse.file.core.windows.net/;BlobSecondaryEndpoint=https://seannse-secondary.blob.core.windows.net/;QueueSecondaryEndpoint=https://seannse-secondary.queue.core.windows.net/;FileSecondaryEndpoint=https://seannse-secondary.file.core.windows.net/;AccountName=seannse;AccountKey=Sanitized\n"
  }
}