{
  "Entries": [
    {
      "RequestUri": "https://management.azure.com/subscriptions/c7e7b7a5-88b9-4cd9-a5ed-cc6e3aa4b9c6?api-version=2019-11-01",
      "RequestMethod": "GET",
      "RequestHeaders": {
        "Accept": "application/json",
        "Authorization": "Sanitized",
        "traceparent": "00-95433f1a1e3ca34883a7cc9f17035fd6-75eda0dded3a4d4d-00",
        "User-Agent": "azsdk-net-ResourceManager/1.0.0-beta.5 (.NET Framework 4.8.4420.0; Microsoft Windows 10.0.22000 )",
        "x-ms-client-request-id": "dbca1cec33209221be6906870c1a846d",
        "x-ms-return-client-request-id": "true"
      },
      "RequestBody": null,
      "StatusCode": 200,
      "ResponseHeaders": {
        "Cache-Control": "no-cache",
        "Content-Length": "404",
        "Content-Type": "application/json; charset=utf-8",
        "Date": "Thu, 02 Dec 2021 03:04:00 GMT",
        "Expires": "-1",
        "Pragma": "no-cache",
        "Strict-Transport-Security": "max-age=31536000; includeSubDomains",
        "X-Content-Type-Options": "nosniff",
        "x-ms-correlation-request-id": "37b73da2-cd92-402b-8812-2b6615f02fcc",
        "x-ms-ratelimit-remaining-subscription-reads": "11927",
        "x-ms-request-id": "37b73da2-cd92-402b-8812-2b6615f02fcc",
        "x-ms-routing-request-id": "KOREASOUTH:20211202T030401Z:37b73da2-cd92-402b-8812-2b6615f02fcc"
      },
      "ResponseBody": {
        "id": "/subscriptions/c7e7b7a5-88b9-4cd9-a5ed-cc6e3aa4b9c6",
        "authorizationSource": "RoleBased",
        "managedByTenants": [],
        "subscriptionId": "c7e7b7a5-88b9-4cd9-a5ed-cc6e3aa4b9c6",
        "tenantId": "6d1de6b2-88b7-42b6-9b3e-89a4351d16b4",
        "displayName": "Azure for Students",
        "state": "Enabled",
        "subscriptionPolicies": {
          "locationPlacementId": "Public_2014-09-01",
          "quotaId": "AzureForStudents_2018-01-01",
          "spendingLimit": "Off"
        }
      }
    },
    {
      "RequestUri": "https://management.azure.com/subscriptions/c7e7b7a5-88b9-4cd9-a5ed-cc6e3aa4b9c6/resourcegroups/Test-Dns-8918?api-version=2019-10-01",
      "RequestMethod": "PUT",
      "RequestHeaders": {
        "Accept": "application/json",
        "Authorization": "Sanitized",
        "Content-Length": "21",
        "Content-Type": "application/json",
        "User-Agent": "azsdk-net-ResourceManager/1.0.0-beta.5 (.NET Framework 4.8.4420.0; Microsoft Windows 10.0.22000 )",
        "x-ms-client-request-id": "503af185d4e0a2082555e1c3053fba86",
        "x-ms-return-client-request-id": "true"
      },
      "RequestBody": {
        "location": "westus"
      },
      "StatusCode": 201,
      "ResponseHeaders": {
        "Cache-Control": "no-cache",
        "Content-Length": "223",
        "Content-Type": "application/json; charset=utf-8",
        "Date": "Thu, 02 Dec 2021 03:04:01 GMT",
        "Expires": "-1",
        "Pragma": "no-cache",
        "Strict-Transport-Security": "max-age=31536000; includeSubDomains",
        "X-Content-Type-Options": "nosniff",
        "x-ms-correlation-request-id": "8635ebba-c968-409d-8f2a-c1678a222822",
        "x-ms-ratelimit-remaining-subscription-writes": "1183",
        "x-ms-request-id": "8635ebba-c968-409d-8f2a-c1678a222822",
        "x-ms-routing-request-id": "KOREASOUTH:20211202T030401Z:8635ebba-c968-409d-8f2a-c1678a222822"
      },
      "ResponseBody": {
        "id": "/subscriptions/c7e7b7a5-88b9-4cd9-a5ed-cc6e3aa4b9c6/resourceGroups/Test-Dns-8918",
        "name": "Test-Dns-8918",
        "type": "Microsoft.Resources/resourceGroups",
        "location": "westus",
        "properties": {
          "provisioningState": "Succeeded"
        }
      }
    },
    {
      "RequestUri": "https://management.azure.com/subscriptions/c7e7b7a5-88b9-4cd9-a5ed-cc6e3aa4b9c6/resourcegroups/Test-Dns-8918?api-version=2019-10-01",
      "RequestMethod": "GET",
      "RequestHeaders": {
        "Accept": "application/json",
        "Authorization": "Sanitized",
        "User-Agent": "azsdk-net-ResourceManager/1.0.0-beta.5 (.NET Framework 4.8.4420.0; Microsoft Windows 10.0.22000 )",
        "x-ms-client-request-id": "e7ef62926f78d4469b693b216a262c1a",
        "x-ms-return-client-request-id": "true"
      },
      "RequestBody": null,
      "StatusCode": 200,
      "ResponseHeaders": {
        "Cache-Control": "no-cache",
        "Content-Length": "223",
        "Content-Type": "application/json; charset=utf-8",
        "Date": "Thu, 02 Dec 2021 03:04:01 GMT",
        "Expires": "-1",
        "Pragma": "no-cache",
        "Strict-Transport-Security": "max-age=31536000; includeSubDomains",
        "X-Content-Type-Options": "nosniff",
        "x-ms-correlation-request-id": "0bd93621-c9a8-462b-96f7-86867a76b08d",
        "x-ms-ratelimit-remaining-subscription-reads": "11926",
        "x-ms-request-id": "0bd93621-c9a8-462b-96f7-86867a76b08d",
        "x-ms-routing-request-id": "KOREASOUTH:20211202T030401Z:0bd93621-c9a8-462b-96f7-86867a76b08d"
      },
      "ResponseBody": {
        "id": "/subscriptions/c7e7b7a5-88b9-4cd9-a5ed-cc6e3aa4b9c6/resourceGroups/Test-Dns-8918",
        "name": "Test-Dns-8918",
        "type": "Microsoft.Resources/resourceGroups",
        "location": "westus",
        "properties": {
          "provisioningState": "Succeeded"
        }
      }
    },
    {
      "RequestUri": "https://management.azure.com/subscriptions/c7e7b7a5-88b9-4cd9-a5ed-cc6e3aa4b9c6/resourceGroups/Test-Dns-8918/providers/Microsoft.Network/dnsZones/dnszonetest.cloud?api-version=2018-05-01",
      "RequestMethod": "PUT",
      "RequestHeaders": {
        "Accept": "application/json",
        "Authorization": "Sanitized",
        "Content-Length": "47",
        "Content-Type": "application/json",
        "User-Agent": "azsdk-net-ResourceManager.Dns/1.0.0-alpha.20211202.1 (.NET Framework 4.8.4420.0; Microsoft Windows 10.0.22000 )",
        "x-ms-client-request-id": "aafe938c4c90480cc239fbde40cfb929",
        "x-ms-return-client-request-id": "true"
      },
      "RequestBody": {
        "tags": {},
        "location": "global",
        "properties": {}
      },
      "StatusCode": 201,
      "ResponseHeaders": {
        "Cache-Control": "private",
        "Content-Length": "531",
        "Content-Type": "application/json; charset=utf-8",
        "Date": "Thu, 02 Dec 2021 03:04:05 GMT",
        "ETag": "00000002-0000-0000-3f3d-7a4329e7d701",
        "Server": "Microsoft-IIS/10.0",
        "Strict-Transport-Security": "max-age=31536000; includeSubDomains",
        "X-Content-Type-Options": "nosniff",
        "x-ms-correlation-request-id": "03e80eb2-0117-4d51-864b-c528c96c69e0",
        "x-ms-ratelimit-remaining-subscription-resource-requests": "11983",
        "x-ms-request-id": "aafe938c-4c90-480c-c239-fbde40cfb929",
        "x-ms-routing-request-id": "KOREASOUTH:20211202T030405Z:03e80eb2-0117-4d51-864b-c528c96c69e0",
        "X-Powered-By": "ASP.NET"
      },
      "ResponseBody": "{\u0022id\u0022:\u0022\\/subscriptions\\/c7e7b7a5-88b9-4cd9-a5ed-cc6e3aa4b9c6\\/resourceGroups\\/test-dns-8918\\/providers\\/Microsoft.Network\\/dnszones\\/dnszonetest.cloud\u0022,\u0022name\u0022:\u0022dnszonetest.cloud\u0022,\u0022type\u0022:\u0022Microsoft.Network\\/dnszones\u0022,\u0022etag\u0022:\u002200000002-0000-0000-3f3d-7a4329e7d701\u0022,\u0022location\u0022:\u0022global\u0022,\u0022tags\u0022:{},\u0022properties\u0022:{\u0022maxNumberOfRecordSets\u0022:10000,\u0022maxNumberOfRecordsPerRecordSet\u0022:null,\u0022nameServers\u0022:[\u0022ns1-06.azure-dns.com.\u0022,\u0022ns2-06.azure-dns.net.\u0022,\u0022ns3-06.azure-dns.org.\u0022,\u0022ns4-06.azure-dns.info.\u0022],\u0022numberOfRecordSets\u0022:2,\u0022zoneType\u0022:\u0022Public\u0022}}"
    },
    {
      "RequestUri": "https://management.azure.com/subscriptions/c7e7b7a5-88b9-4cd9-a5ed-cc6e3aa4b9c6/resourceGroups/test-dns-8918/providers/Microsoft.Network/dnsZones/dnszonetest.cloud/A/A?api-version=2018-05-01",
      "RequestMethod": "PUT",
      "RequestHeaders": {
        "Accept": "application/json",
        "Authorization": "Sanitized",
        "Content-Length": "66",
        "Content-Type": "application/json",
        "User-Agent": "azsdk-net-ResourceManager.Dns/1.0.0-alpha.20211202.1 (.NET Framework 4.8.4420.0; Microsoft Windows 10.0.22000 )",
        "x-ms-client-request-id": "b779004c85951624ab65b57698e638fe",
        "x-ms-return-client-request-id": "true"
      },
      "RequestBody": {
        "properties": {
          "TTL": 10,
          "ARecords": [
            {
              "ipv4Address": "127.0.0.1"
            }
          ]
        }
      },
      "StatusCode": 201,
      "ResponseHeaders": {
        "Cache-Control": "private",
        "Content-Length": "402",
        "Content-Type": "application/json; charset=utf-8",
        "Date": "Thu, 02 Dec 2021 03:04:06 GMT",
        "ETag": "03f12d05-2027-45ce-aadd-6affe3224d20",
        "Server": "Microsoft-IIS/10.0",
        "Strict-Transport-Security": "max-age=31536000; includeSubDomains",
        "X-Content-Type-Options": "nosniff",
        "x-ms-correlation-request-id": "52e29f7a-962a-4bb2-851c-72bcdd2474a4",
        "x-ms-ratelimit-remaining-subscription-resource-requests": "11995",
        "x-ms-request-id": "b779004c-8595-1624-ab65-b57698e638fe",
        "x-ms-routing-request-id": "KOREASOUTH:20211202T030406Z:52e29f7a-962a-4bb2-851c-72bcdd2474a4",
        "X-Powered-By": "ASP.NET"
      },
      "ResponseBody": "{\u0022id\u0022:\u0022\\/subscriptions\\/c7e7b7a5-88b9-4cd9-a5ed-cc6e3aa4b9c6\\/resourceGroups\\/test-dns-8918\\/providers\\/Microsoft.Network\\/dnszones\\/dnszonetest.cloud\\/A\\/a\u0022,\u0022name\u0022:\u0022a\u0022,\u0022type\u0022:\u0022Microsoft.Network\\/dnszones\\/A\u0022,\u0022etag\u0022:\u002203f12d05-2027-45ce-aadd-6affe3224d20\u0022,\u0022properties\u0022:{\u0022fqdn\u0022:\u0022a.dnszonetest.cloud.\u0022,\u0022TTL\u0022:10,\u0022ARecords\u0022:[{\u0022ipv4Address\u0022:\u0022127.0.0.1\u0022}],\u0022targetResource\u0022:{},\u0022provisioningState\u0022:\u0022Succeeded\u0022}}"
    },
    {
      "RequestUri": "https://management.azure.com/subscriptions/c7e7b7a5-88b9-4cd9-a5ed-cc6e3aa4b9c6/resourceGroups/Test-Dns-8918/providers/Microsoft.Network/dnsZones/DeleteTest.domain?api-version=2018-05-01",
      "RequestMethod": "PUT",
      "RequestHeaders": {
        "Accept": "application/json",
        "Authorization": "Sanitized",
        "Content-Length": "47",
        "Content-Type": "application/json",
        "User-Agent": "azsdk-net-ResourceManager.Dns/1.0.0-alpha.20211202.1 (.NET Framework 4.8.4420.0; Microsoft Windows 10.0.22000 )",
        "x-ms-client-request-id": "7136c7290f4045f656a7253e736794cc",
        "x-ms-return-client-request-id": "true"
      },
      "RequestBody": {
        "tags": {},
        "location": "global",
        "properties": {}
      },
      "StatusCode": 201,
      "ResponseHeaders": {
        "Cache-Control": "private",
        "Content-Length": "531",
        "Content-Type": "application/json; charset=utf-8",
        "Date": "Thu, 02 Dec 2021 03:04:09 GMT",
        "ETag": "00000002-0000-0000-420a-4f4629e7d701",
        "Server": "Microsoft-IIS/10.0",
        "Strict-Transport-Security": "max-age=31536000; includeSubDomains",
        "X-Content-Type-Options": "nosniff",
        "x-ms-correlation-request-id": "a97cfd8d-d406-4221-9b34-ab278dff0b5e",
        "x-ms-ratelimit-remaining-subscription-resource-requests": "11982",
        "x-ms-request-id": "7136c729-0f40-45f6-56a7-253e736794cc",
        "x-ms-routing-request-id": "KOREASOUTH:20211202T030410Z:a97cfd8d-d406-4221-9b34-ab278dff0b5e",
        "X-Powered-By": "ASP.NET"
      },
      "ResponseBody": "{\u0022id\u0022:\u0022\\/subscriptions\\/c7e7b7a5-88b9-4cd9-a5ed-cc6e3aa4b9c6\\/resourceGroups\\/test-dns-8918\\/providers\\/Microsoft.Network\\/dnszones\\/deletetest.domain\u0022,\u0022name\u0022:\u0022deletetest.domain\u0022,\u0022type\u0022:\u0022Microsoft.Network\\/dnszones\u0022,\u0022etag\u0022:\u002200000002-0000-0000-420a-4f4629e7d701\u0022,\u0022location\u0022:\u0022global\u0022,\u0022tags\u0022:{},\u0022properties\u0022:{\u0022maxNumberOfRecordSets\u0022:10000,\u0022maxNumberOfRecordsPerRecordSet\u0022:null,\u0022nameServers\u0022:[\u0022ns1-05.azure-dns.com.\u0022,\u0022ns2-05.azure-dns.net.\u0022,\u0022ns3-05.azure-dns.org.\u0022,\u0022ns4-05.azure-dns.info.\u0022],\u0022numberOfRecordSets\u0022:2,\u0022zoneType\u0022:\u0022Public\u0022}}"
    },
    {
      "RequestUri": "https://management.azure.com/subscriptions/c7e7b7a5-88b9-4cd9-a5ed-cc6e3aa4b9c6/resourceGroups/test-dns-8918/providers/Microsoft.Network/dnsZones/deletetest.domain?api-version=2018-05-01",
      "RequestMethod": "DELETE",
      "RequestHeaders": {
        "Accept": "application/json",
        "Authorization": "Sanitized",
        "User-Agent": "azsdk-net-ResourceManager.Dns/1.0.0-alpha.20211202.1 (.NET Framework 4.8.4420.0; Microsoft Windows 10.0.22000 )",
        "x-ms-client-request-id": "6ad511b074ac06856fe7ff2a9795afdb",
        "x-ms-return-client-request-id": "true"
      },
      "RequestBody": null,
      "StatusCode": 202,
      "ResponseHeaders": {
        "Azure-AsyncOperation": "https://management.azure.com:443/subscriptions/c7e7b7a5-88b9-4cd9-a5ed-cc6e3aa4b9c6/resourceGroups/test-dns-8918/providers/Microsoft.Network/dnsOperationStatuses/delzone6377401105182017978950c9c3?api-version=2018-05-01",
        "Cache-Control": "private",
        "Content-Length": "0",
        "Date": "Thu, 02 Dec 2021 03:04:11 GMT",
        "Location": "https://management.azure.com/subscriptions/c7e7b7a5-88b9-4cd9-a5ed-cc6e3aa4b9c6/resourceGroups/test-dns-8918/providers/Microsoft.Network/dnsOperationResults/delzone6377401105182017978950c9c3?api-version=2018-05-01",
        "Retry-After": "3",
        "Server": "Microsoft-IIS/10.0",
        "Strict-Transport-Security": "max-age=31536000; includeSubDomains",
        "X-Content-Type-Options": "nosniff",
        "x-ms-correlation-request-id": "54fb214b-d3f4-41db-a9f6-b9c8b5be6768",
        "x-ms-ratelimit-remaining-subscription-resource-requests": "11999",
        "x-ms-request-id": "6ad511b0-74ac-0685-6fe7-ff2a9795afdb",
        "x-ms-routing-request-id": "KOREASOUTH:20211202T030412Z:54fb214b-d3f4-41db-a9f6-b9c8b5be6768",
        "X-Powered-By": "ASP.NET"
      },
      "ResponseBody": []
    },
    {
      "RequestUri": "https://management.azure.com/subscriptions/c7e7b7a5-88b9-4cd9-a5ed-cc6e3aa4b9c6/resourceGroups/test-dns-8918/providers/Microsoft.Network/dnsOperationStatuses/delzone6377401105182017978950c9c3?api-version=2018-05-01",
      "RequestMethod": "GET",
      "RequestHeaders": {
        "Authorization": "Sanitized",
        "User-Agent": "azsdk-net-ResourceManager/1.0.0-beta.5 (.NET Framework 4.8.4420.0; Microsoft Windows 10.0.22000 )",
        "x-ms-client-request-id": "87c6e8d1cd11b452422f025910cbadc1",
        "x-ms-return-client-request-id": "true"
      },
      "RequestBody": null,
      "StatusCode": 202,
      "ResponseHeaders": {
        "Azure-AsyncOperation": "https://management.azure.com:443/subscriptions/c7e7b7a5-88b9-4cd9-a5ed-cc6e3aa4b9c6/resourceGroups/test-dns-8918/providers/Microsoft.Network/dnsOperationStatuses/delzone6377401105182017978950c9c3?api-version=2018-05-01",
        "Cache-Control": "private",
        "Content-Length": "23",
        "Content-Type": "application/json; charset=utf-8",
        "Date": "Thu, 02 Dec 2021 03:04:12 GMT",
        "Location": "https://management.azure.com/subscriptions/c7e7b7a5-88b9-4cd9-a5ed-cc6e3aa4b9c6/resourceGroups/test-dns-8918/providers/Microsoft.Network/dnsOperationResults/delzone6377401105182017978950c9c3?api-version=2018-05-01",
        "Retry-After": "3",
        "Server": "Microsoft-IIS/10.0",
        "Strict-Transport-Security": "max-age=31536000; includeSubDomains",
        "X-Content-Type-Options": "nosniff",
        "x-ms-correlation-request-id": "c776257d-756f-49dc-bccd-a011d85f92d9",
        "x-ms-ratelimit-remaining-subscription-resource-requests": "499",
        "x-ms-request-id": "87c6e8d1-cd11-b452-422f-025910cbadc1",
        "x-ms-routing-request-id": "KOREASOUTH:20211202T030412Z:c776257d-756f-49dc-bccd-a011d85f92d9",
        "X-Powered-By": "ASP.NET"
      },
      "ResponseBody": {
        "status": "InProgress"
      }
    },
    {
      "RequestUri": "https://management.azure.com/subscriptions/c7e7b7a5-88b9-4cd9-a5ed-cc6e3aa4b9c6/resourceGroups/test-dns-8918/providers/Microsoft.Network/dnsOperationStatuses/delzone6377401105182017978950c9c3?api-version=2018-05-01",
      "RequestMethod": "GET",
      "RequestHeaders": {
        "Authorization": "Sanitized",
        "User-Agent": "azsdk-net-ResourceManager/1.0.0-beta.5 (.NET Framework 4.8.4420.0; Microsoft Windows 10.0.22000 )",
        "x-ms-client-request-id": "763d49f71bb26834289960771397a689",
        "x-ms-return-client-request-id": "true"
      },
      "RequestBody": null,
      "StatusCode": 200,
      "ResponseHeaders": {
        "Cache-Control": "private",
        "Content-Length": "22",
        "Content-Type": "application/json; charset=utf-8",
        "Date": "Thu, 02 Dec 2021 03:04:13 GMT",
        "Server": "Microsoft-IIS/10.0",
        "Strict-Transport-Security": "max-age=31536000; includeSubDomains",
        "X-Content-Type-Options": "nosniff",
        "x-ms-correlation-request-id": "84ace80b-b48d-4b3e-8b1b-43528b9f3a9e",
        "x-ms-ratelimit-remaining-subscription-resource-requests": "498",
        "x-ms-request-id": "763d49f7-1bb2-6834-2899-60771397a689",
        "x-ms-routing-request-id": "KOREASOUTH:20211202T030414Z:84ace80b-b48d-4b3e-8b1b-43528b9f3a9e",
        "X-Powered-By": "ASP.NET"
      },
      "ResponseBody": {
        "status": "Succeeded"
      }
    }
  ],
  "Variables": {
    "DNS_TEST_DOMAIN": "dnszonetest.cloud",
    "RandomSeed": "795453187",
    "RESOURCE_MANAGER_URL": null,
    "SUBSCRIPTION_ID": "c7e7b7a5-88b9-4cd9-a5ed-cc6e3aa4b9c6"
  }
}