{
  "Entries": [
    {
      "RequestUri": "https://management.azure.com/subscriptions/c7e7b7a5-88b9-4cd9-a5ed-cc6e3aa4b9c6?api-version=2019-11-01",
      "RequestMethod": "GET",
      "RequestHeaders": {
        "Accept": "application/json",
        "Authorization": "Sanitized",
        "traceparent": "00-035453ebad57bd41ac15975545349a54-e0327ee81a7fb34d-00",
        "User-Agent": [
          "azsdk-net-ResourceManager/1.0.0-beta.5",
          "(.NET 5.0.12; Microsoft Windows 10.0.22000)"
        ],
        "x-ms-client-request-id": "08448ddbcd3d6c87bca6aecb0c219e9b",
        "x-ms-return-client-request-id": "true"
      },
      "RequestBody": null,
      "StatusCode": 200,
      "ResponseHeaders": {
        "Cache-Control": "no-cache",
        "Content-Length": "404",
        "Content-Type": "application/json; charset=utf-8",
        "Date": "Wed, 01 Dec 2021 09:41:04 GMT",
        "Expires": "-1",
        "Pragma": "no-cache",
        "Strict-Transport-Security": "max-age=31536000; includeSubDomains",
        "X-Content-Type-Options": "nosniff",
        "x-ms-correlation-request-id": "ab35e405-bae4-4b6f-9ea5-19bfbd9203c9",
        "x-ms-ratelimit-remaining-subscription-reads": "11963",
        "x-ms-request-id": "ab35e405-bae4-4b6f-9ea5-19bfbd9203c9",
        "x-ms-routing-request-id": "JAPANEAST:20211201T094104Z:ab35e405-bae4-4b6f-9ea5-19bfbd9203c9"
      },
      "ResponseBody": {
        "id": "/subscriptions/c7e7b7a5-88b9-4cd9-a5ed-cc6e3aa4b9c6",
        "authorizationSource": "RoleBased",
        "managedByTenants": [],
        "subscriptionId": "c7e7b7a5-88b9-4cd9-a5ed-cc6e3aa4b9c6",
        "tenantId": "6d1de6b2-88b7-42b6-9b3e-89a4351d16b4",
        "displayName": "Azure for Students",
        "state": "Enabled",
        "subscriptionPolicies": {
          "locationPlacementId": "Public_2014-09-01",
          "quotaId": "AzureForStudents_2018-01-01",
          "spendingLimit": "Off"
        }
      }
    },
    {
      "RequestUri": "https://management.azure.com/subscriptions/c7e7b7a5-88b9-4cd9-a5ed-cc6e3aa4b9c6/resourcegroups/Test-Dns-8533?api-version=2019-10-01",
      "RequestMethod": "PUT",
      "RequestHeaders": {
        "Accept": "application/json",
        "Authorization": "Sanitized",
        "Content-Length": "21",
        "Content-Type": "application/json",
        "User-Agent": [
          "azsdk-net-ResourceManager/1.0.0-beta.5",
          "(.NET 5.0.12; Microsoft Windows 10.0.22000)"
        ],
        "x-ms-client-request-id": "7f2c07ef945671be4fb69f8bedbed122",
        "x-ms-return-client-request-id": "true"
      },
      "RequestBody": {
        "location": "westus"
      },
      "StatusCode": 201,
      "ResponseHeaders": {
        "Cache-Control": "no-cache",
        "Content-Length": "223",
        "Content-Type": "application/json; charset=utf-8",
        "Date": "Wed, 01 Dec 2021 09:41:04 GMT",
        "Expires": "-1",
        "Pragma": "no-cache",
        "Strict-Transport-Security": "max-age=31536000; includeSubDomains",
        "X-Content-Type-Options": "nosniff",
        "x-ms-correlation-request-id": "39f1b5ed-8747-4578-bc6f-00ffde8d0c4d",
        "x-ms-ratelimit-remaining-subscription-writes": "1196",
        "x-ms-request-id": "39f1b5ed-8747-4578-bc6f-00ffde8d0c4d",
        "x-ms-routing-request-id": "JAPANEAST:20211201T094104Z:39f1b5ed-8747-4578-bc6f-00ffde8d0c4d"
      },
      "ResponseBody": {
        "id": "/subscriptions/c7e7b7a5-88b9-4cd9-a5ed-cc6e3aa4b9c6/resourceGroups/Test-Dns-8533",
        "name": "Test-Dns-8533",
        "type": "Microsoft.Resources/resourceGroups",
        "location": "westus",
        "properties": {
          "provisioningState": "Succeeded"
        }
      }
    },
    {
      "RequestUri": "https://management.azure.com/subscriptions/c7e7b7a5-88b9-4cd9-a5ed-cc6e3aa4b9c6/resourcegroups/Test-Dns-8533?api-version=2019-10-01",
      "RequestMethod": "GET",
      "RequestHeaders": {
        "Accept": "application/json",
        "Authorization": "Sanitized",
        "User-Agent": [
          "azsdk-net-ResourceManager/1.0.0-beta.5",
          "(.NET 5.0.12; Microsoft Windows 10.0.22000)"
        ],
        "x-ms-client-request-id": "8a3493ed170777bd22f4f22171e58d2f",
        "x-ms-return-client-request-id": "true"
      },
      "RequestBody": null,
      "StatusCode": 200,
      "ResponseHeaders": {
        "Cache-Control": "no-cache",
        "Content-Length": "223",
        "Content-Type": "application/json; charset=utf-8",
        "Date": "Wed, 01 Dec 2021 09:41:04 GMT",
        "Expires": "-1",
        "Pragma": "no-cache",
        "Strict-Transport-Security": "max-age=31536000; includeSubDomains",
        "X-Content-Type-Options": "nosniff",
        "x-ms-correlation-request-id": "b361a50a-2b79-4849-9c81-85376171ea1d",
        "x-ms-ratelimit-remaining-subscription-reads": "11962",
        "x-ms-request-id": "b361a50a-2b79-4849-9c81-85376171ea1d",
        "x-ms-routing-request-id": "JAPANEAST:20211201T094105Z:b361a50a-2b79-4849-9c81-85376171ea1d"
      },
      "ResponseBody": {
        "id": "/subscriptions/c7e7b7a5-88b9-4cd9-a5ed-cc6e3aa4b9c6/resourceGroups/Test-Dns-8533",
        "name": "Test-Dns-8533",
        "type": "Microsoft.Resources/resourceGroups",
        "location": "westus",
        "properties": {
          "provisioningState": "Succeeded"
        }
      }
    },
    {
      "RequestUri": "https://management.azure.com/subscriptions/c7e7b7a5-88b9-4cd9-a5ed-cc6e3aa4b9c6/resourceGroups/Test-Dns-8533/providers/Microsoft.Network/dnsZones/dnszonetest.cloud?api-version=2018-05-01",
      "RequestMethod": "PUT",
      "RequestHeaders": {
        "Accept": "application/json",
        "Authorization": "Sanitized",
        "Content-Length": "47",
        "Content-Type": "application/json",
        "User-Agent": [
          "azsdk-net-ResourceManager.Dns/1.0.0-alpha.20211201.1",
          "(.NET 5.0.12; Microsoft Windows 10.0.22000)"
        ],
        "x-ms-client-request-id": "82e350e5112df8858597ed16e7e1cee7",
        "x-ms-return-client-request-id": "true"
      },
      "RequestBody": {
        "tags": {},
        "location": "global",
        "properties": {}
      },
      "StatusCode": 201,
      "ResponseHeaders": {
        "Cache-Control": "private",
        "Content-Length": "531",
        "Content-Type": "application/json; charset=utf-8",
        "Date": "Wed, 01 Dec 2021 09:41:08 GMT",
        "ETag": "00000002-0000-0000-65a6-f89097e6d701",
        "Server": "Microsoft-IIS/10.0",
        "Strict-Transport-Security": "max-age=31536000; includeSubDomains",
        "X-Content-Type-Options": "nosniff",
        "x-ms-correlation-request-id": "4d9e980a-672c-41f6-b2b0-161234c091a6",
        "x-ms-ratelimit-remaining-subscription-resource-requests": "11995",
        "x-ms-request-id": "82e350e5-112d-f885-8597-ed16e7e1cee7",
        "x-ms-routing-request-id": "JAPANEAST:20211201T094108Z:4d9e980a-672c-41f6-b2b0-161234c091a6",
        "X-Powered-By": "ASP.NET"
      },
      "ResponseBody": "{\u0022id\u0022:\u0022\\/subscriptions\\/c7e7b7a5-88b9-4cd9-a5ed-cc6e3aa4b9c6\\/resourceGroups\\/test-dns-8533\\/providers\\/Microsoft.Network\\/dnszones\\/dnszonetest.cloud\u0022,\u0022name\u0022:\u0022dnszonetest.cloud\u0022,\u0022type\u0022:\u0022Microsoft.Network\\/dnszones\u0022,\u0022etag\u0022:\u002200000002-0000-0000-65a6-f89097e6d701\u0022,\u0022location\u0022:\u0022global\u0022,\u0022tags\u0022:{},\u0022properties\u0022:{\u0022maxNumberOfRecordSets\u0022:10000,\u0022maxNumberOfRecordsPerRecordSet\u0022:null,\u0022nameServers\u0022:[\u0022ns1-08.azure-dns.com.\u0022,\u0022ns2-08.azure-dns.net.\u0022,\u0022ns3-08.azure-dns.org.\u0022,\u0022ns4-08.azure-dns.info.\u0022],\u0022numberOfRecordSets\u0022:2,\u0022zoneType\u0022:\u0022Public\u0022}}"
    },
    {
      "RequestUri": "https://management.azure.com/subscriptions/c7e7b7a5-88b9-4cd9-a5ed-cc6e3aa4b9c6/resourceGroups/test-dns-8533/providers/Microsoft.Network/dnsZones/dnszonetest.cloud/A/A?api-version=2018-05-01",
      "RequestMethod": "PUT",
      "RequestHeaders": {
        "Accept": "application/json",
        "Authorization": "Sanitized",
        "Content-Length": "66",
        "Content-Type": "application/json",
        "User-Agent": [
          "azsdk-net-ResourceManager.Dns/1.0.0-alpha.20211201.1",
          "(.NET 5.0.12; Microsoft Windows 10.0.22000)"
        ],
        "x-ms-client-request-id": "8d1fa9dc1169d71949b55c61a19dff6a",
        "x-ms-return-client-request-id": "true"
      },
      "RequestBody": {
        "properties": {
          "TTL": 10,
          "ARecords": [
            {
              "ipv4Address": "127.0.0.1"
            }
          ]
        }
      },
      "StatusCode": 201,
      "ResponseHeaders": {
        "Cache-Control": "private",
        "Content-Length": "402",
        "Content-Type": "application/json; charset=utf-8",
        "Date": "Wed, 01 Dec 2021 09:41:09 GMT",
        "ETag": "05fa3e80-9062-4d01-8e67-4ac67b61dd42",
        "Server": "Microsoft-IIS/10.0",
        "Strict-Transport-Security": "max-age=31536000; includeSubDomains",
        "X-Content-Type-Options": "nosniff",
        "x-ms-correlation-request-id": "21268d8b-7a00-4b34-88c5-56aad29c2898",
        "x-ms-ratelimit-remaining-subscription-resource-requests": "11996",
        "x-ms-request-id": "8d1fa9dc-1169-d719-49b5-5c61a19dff6a",
        "x-ms-routing-request-id": "JAPANEAST:20211201T094110Z:21268d8b-7a00-4b34-88c5-56aad29c2898",
        "X-Powered-By": "ASP.NET"
      },
      "ResponseBody": "{\u0022id\u0022:\u0022\\/subscriptions\\/c7e7b7a5-88b9-4cd9-a5ed-cc6e3aa4b9c6\\/resourceGroups\\/test-dns-8533\\/providers\\/Microsoft.Network\\/dnszones\\/dnszonetest.cloud\\/A\\/a\u0022,\u0022name\u0022:\u0022a\u0022,\u0022type\u0022:\u0022Microsoft.Network\\/dnszones\\/A\u0022,\u0022etag\u0022:\u002205fa3e80-9062-4d01-8e67-4ac67b61dd42\u0022,\u0022properties\u0022:{\u0022fqdn\u0022:\u0022a.dnszonetest.cloud.\u0022,\u0022TTL\u0022:10,\u0022ARecords\u0022:[{\u0022ipv4Address\u0022:\u0022127.0.0.1\u0022}],\u0022targetResource\u0022:{},\u0022provisioningState\u0022:\u0022Succeeded\u0022}}"
    },
    {
      "RequestUri": "https://management.azure.com/subscriptions/c7e7b7a5-88b9-4cd9-a5ed-cc6e3aa4b9c6/resourceGroups/test-dns-8533/providers/Microsoft.Network/dnszones/dnszonetest.cloud/providers/Microsoft.Resources/tags/default?api-version=2019-10-01",
      "RequestMethod": "DELETE",
      "RequestHeaders": {
        "Accept": "application/json",
        "Authorization": "Sanitized",
        "User-Agent": [
          "azsdk-net-ResourceManager/1.0.0-beta.5",
          "(.NET 5.0.12; Microsoft Windows 10.0.22000)"
        ],
        "x-ms-client-request-id": "9ca570294fdbdcf40d3b04702aa68f41",
        "x-ms-return-client-request-id": "true"
      },
      "RequestBody": null,
      "StatusCode": 200,
      "ResponseHeaders": {
        "Cache-Control": "no-cache",
        "Content-Length": "0",
        "Date": "Wed, 01 Dec 2021 09:41:12 GMT",
        "Expires": "-1",
        "Pragma": "no-cache",
        "Strict-Transport-Security": "max-age=31536000; includeSubDomains",
        "X-Content-Type-Options": "nosniff",
        "x-ms-correlation-request-id": "d451d6dc-47b8-4ab1-9f6a-796e4089b28d",
        "x-ms-ratelimit-remaining-subscription-deletes": "14985",
        "x-ms-request-id": "d451d6dc-47b8-4ab1-9f6a-796e4089b28d",
        "x-ms-routing-request-id": "JAPANEAST:20211201T094112Z:d451d6dc-47b8-4ab1-9f6a-796e4089b28d"
      },
      "ResponseBody": []
    },
    {
      "RequestUri": "https://management.azure.com/subscriptions/c7e7b7a5-88b9-4cd9-a5ed-cc6e3aa4b9c6/resourceGroups/test-dns-8533/providers/Microsoft.Network/dnszones/dnszonetest.cloud/providers/Microsoft.Resources/tags/default?api-version=2019-10-01",
      "RequestMethod": "GET",
      "RequestHeaders": {
        "Accept": "application/json",
        "Authorization": "Sanitized",
        "User-Agent": [
          "azsdk-net-ResourceManager/1.0.0-beta.5",
          "(.NET 5.0.12; Microsoft Windows 10.0.22000)"
        ],
        "x-ms-client-request-id": "c8440b26ffc5d4c5360b3878b42457e8",
        "x-ms-return-client-request-id": "true"
      },
      "RequestBody": null,
      "StatusCode": 200,
      "ResponseHeaders": {
        "Cache-Control": "no-cache",
        "Content-Length": "263",
        "Content-Type": "application/json; charset=utf-8",
        "Date": "Wed, 01 Dec 2021 09:41:12 GMT",
        "Expires": "-1",
        "Pragma": "no-cache",
        "Strict-Transport-Security": "max-age=31536000; includeSubDomains",
        "X-Content-Type-Options": "nosniff",
        "x-ms-correlation-request-id": "413e9520-27c3-447a-882d-a9751dcbfa2e",
        "x-ms-ratelimit-remaining-subscription-reads": "11961",
        "x-ms-request-id": "413e9520-27c3-447a-882d-a9751dcbfa2e",
        "x-ms-routing-request-id": "JAPANEAST:20211201T094112Z:413e9520-27c3-447a-882d-a9751dcbfa2e"
      },
      "ResponseBody": {
        "id": "/subscriptions/c7e7b7a5-88b9-4cd9-a5ed-cc6e3aa4b9c6/resourceGroups/test-dns-8533/providers/Microsoft.Network/dnszones/dnszonetest.cloud/providers/Microsoft.Resources/tags/default",
        "name": "default",
        "type": "Microsoft.Resources/tags",
        "properties": {
          "tags": {}
        }
      }
    },
    {
      "RequestUri": "https://management.azure.com/subscriptions/c7e7b7a5-88b9-4cd9-a5ed-cc6e3aa4b9c6/resourceGroups/test-dns-8533/providers/Microsoft.Network/dnszones/dnszonetest.cloud/providers/Microsoft.Resources/tags/default?api-version=2019-10-01",
      "RequestMethod": "PUT",
      "RequestHeaders": {
        "Accept": "application/json",
        "Authorization": "Sanitized",
        "Content-Length": "69",
        "Content-Type": "application/json",
        "User-Agent": [
          "azsdk-net-ResourceManager/1.0.0-beta.5",
          "(.NET 5.0.12; Microsoft Windows 10.0.22000)"
        ],
        "x-ms-client-request-id": "77ed8298323c8d0bb4427f2e0ca9ada2",
        "x-ms-return-client-request-id": "true"
      },
      "RequestBody": {
        "properties": {
          "tags": {
            "settag1": "setvalue1",
            "settag2": "setvalue2"
          }
        }
      },
      "StatusCode": 200,
      "ResponseHeaders": {
        "Cache-Control": "no-cache",
        "Content-Length": "306",
        "Content-Type": "application/json; charset=utf-8",
        "Date": "Wed, 01 Dec 2021 09:41:15 GMT",
        "Expires": "-1",
        "Pragma": "no-cache",
        "Strict-Transport-Security": "max-age=31536000; includeSubDomains",
        "X-Content-Type-Options": "nosniff",
        "x-ms-correlation-request-id": "8a953a55-843b-493d-ab1c-f0102396574e",
        "x-ms-ratelimit-remaining-subscription-writes": "1195",
        "x-ms-request-id": "8a953a55-843b-493d-ab1c-f0102396574e",
        "x-ms-routing-request-id": "JAPANEAST:20211201T094115Z:8a953a55-843b-493d-ab1c-f0102396574e"
      },
      "ResponseBody": {
        "id": "/subscriptions/c7e7b7a5-88b9-4cd9-a5ed-cc6e3aa4b9c6/resourceGroups/test-dns-8533/providers/Microsoft.Network/dnszones/dnszonetest.cloud/providers/Microsoft.Resources/tags/default",
        "name": "default",
        "type": "Microsoft.Resources/tags",
        "properties": {
          "tags": {
            "settag1": "setvalue1",
            "settag2": "setvalue2"
          }
        }
      }
    },
    {
      "RequestUri": "https://management.azure.com/subscriptions/c7e7b7a5-88b9-4cd9-a5ed-cc6e3aa4b9c6/resourceGroups/test-dns-8533/providers/Microsoft.Network/dnsZones/dnszonetest.cloud?api-version=2018-05-01",
      "RequestMethod": "GET",
      "RequestHeaders": {
        "Accept": "application/json",
        "Authorization": "Sanitized",
        "User-Agent": [
          "azsdk-net-ResourceManager.Dns/1.0.0-alpha.20211201.1",
          "(.NET 5.0.12; Microsoft Windows 10.0.22000)"
        ],
        "x-ms-client-request-id": "963b1b25365829a4aad165cf167b27e9",
        "x-ms-return-client-request-id": "true"
      },
      "RequestBody": null,
      "StatusCode": 200,
      "ResponseHeaders": {
        "Cache-Control": "private",
        "Content-Length": "574",
        "Content-Type": "application/json; charset=utf-8",
        "Date": "Wed, 01 Dec 2021 09:41:16 GMT",
        "ETag": "00000004-0000-0000-65a6-f89097e6d701",
        "Server": "Microsoft-IIS/10.0",
        "Strict-Transport-Security": "max-age=31536000; includeSubDomains",
        "X-Content-Type-Options": "nosniff",
        "x-ms-correlation-request-id": "fc833326-5422-45b6-b5ad-9980d240de1b",
        "x-ms-ratelimit-remaining-subscription-resource-requests": "499",
        "x-ms-request-id": "963b1b25-3658-29a4-aad1-65cf167b27e9",
        "x-ms-routing-request-id": "JAPANEAST:20211201T094117Z:fc833326-5422-45b6-b5ad-9980d240de1b",
        "X-Powered-By": "ASP.NET"
      },
      "ResponseBody": "{\u0022id\u0022:\u0022\\/subscriptions\\/c7e7b7a5-88b9-4cd9-a5ed-cc6e3aa4b9c6\\/resourceGroups\\/test-dns-8533\\/providers\\/Microsoft.Network\\/dnszones\\/dnszonetest.cloud\u0022,\u0022name\u0022:\u0022dnszonetest.cloud\u0022,\u0022type\u0022:\u0022Microsoft.Network\\/dnszones\u0022,\u0022etag\u0022:\u002200000004-0000-0000-65a6-f89097e6d701\u0022,\u0022location\u0022:\u0022global\u0022,\u0022tags\u0022:{\u0022settag1\u0022:\u0022setvalue1\u0022,\u0022settag2\u0022:\u0022setvalue2\u0022},\u0022properties\u0022:{\u0022maxNumberOfRecordSets\u0022:10000,\u0022maxNumberOfRecordsPerRecordSet\u0022:null,\u0022nameServers\u0022:[\u0022ns1-08.azure-dns.com.\u0022,\u0022ns2-08.azure-dns.net.\u0022,\u0022ns3-08.azure-dns.org.\u0022,\u0022ns4-08.azure-dns.info.\u0022],\u0022numberOfRecordSets\u0022:3,\u0022zoneType\u0022:\u0022Public\u0022}}"
    },
    {
      "RequestUri": "https://management.azure.com/subscriptions/c7e7b7a5-88b9-4cd9-a5ed-cc6e3aa4b9c6/resourceGroups/test-dns-8533/providers/Microsoft.Network/dnszones/dnszonetest.cloud/providers/Microsoft.Resources/tags/default?api-version=2019-10-01",
      "RequestMethod": "GET",
      "RequestHeaders": {
        "Accept": "application/json",
        "Authorization": "Sanitized",
        "User-Agent": [
          "azsdk-net-ResourceManager/1.0.0-beta.5",
          "(.NET 5.0.12; Microsoft Windows 10.0.22000)"
        ],
        "x-ms-client-request-id": "a7d81ce418b9f304ffb614827f97c78d",
        "x-ms-return-client-request-id": "true"
      },
      "RequestBody": null,
      "StatusCode": 200,
      "ResponseHeaders": {
        "Cache-Control": "no-cache",
        "Content-Length": "306",
        "Content-Type": "application/json; charset=utf-8",
        "Date": "Wed, 01 Dec 2021 09:41:16 GMT",
        "Expires": "-1",
        "Pragma": "no-cache",
        "Strict-Transport-Security": "max-age=31536000; includeSubDomains",
        "X-Content-Type-Options": "nosniff",
        "x-ms-correlation-request-id": "4649d659-591c-410c-88c1-6e853175fcca",
        "x-ms-ratelimit-remaining-subscription-reads": "11960",
        "x-ms-request-id": "4649d659-591c-410c-88c1-6e853175fcca",
        "x-ms-routing-request-id": "JAPANEAST:20211201T094117Z:4649d659-591c-410c-88c1-6e853175fcca"
      },
      "ResponseBody": {
        "id": "/subscriptions/c7e7b7a5-88b9-4cd9-a5ed-cc6e3aa4b9c6/resourceGroups/test-dns-8533/providers/Microsoft.Network/dnszones/dnszonetest.cloud/providers/Microsoft.Resources/tags/default",
        "name": "default",
        "type": "Microsoft.Resources/tags",
        "properties": {
          "tags": {
            "settag1": "setvalue1",
            "settag2": "setvalue2"
          }
        }
      }
    },
    {
      "RequestUri": "https://management.azure.com/subscriptions/c7e7b7a5-88b9-4cd9-a5ed-cc6e3aa4b9c6/resourceGroups/test-dns-8533/providers/Microsoft.Network/dnszones/dnszonetest.cloud/providers/Microsoft.Resources/tags/default?api-version=2019-10-01",
      "RequestMethod": "PUT",
      "RequestHeaders": {
        "Accept": "application/json",
        "Authorization": "Sanitized",
        "Content-Length": "47",
        "Content-Type": "application/json",
        "User-Agent": [
          "azsdk-net-ResourceManager/1.0.0-beta.5",
          "(.NET 5.0.12; Microsoft Windows 10.0.22000)"
        ],
        "x-ms-client-request-id": "9952965ec0e8618fddc3cc6bcc3c7738",
        "x-ms-return-client-request-id": "true"
      },
      "RequestBody": {
        "properties": {
          "tags": {
            "settag2": "setvalue2"
          }
        }
      },
      "StatusCode": 200,
      "ResponseHeaders": {
        "Cache-Control": "no-cache",
        "Content-Length": "284",
        "Content-Type": "application/json; charset=utf-8",
        "Date": "Wed, 01 Dec 2021 09:41:19 GMT",
        "Expires": "-1",
        "Pragma": "no-cache",
        "Strict-Transport-Security": "max-age=31536000; includeSubDomains",
        "X-Content-Type-Options": "nosniff",
        "x-ms-correlation-request-id": "88e56cf0-e81a-4fe0-b6d1-229c4c67588c",
        "x-ms-ratelimit-remaining-subscription-writes": "1194",
        "x-ms-request-id": "88e56cf0-e81a-4fe0-b6d1-229c4c67588c",
        "x-ms-routing-request-id": "JAPANEAST:20211201T094120Z:88e56cf0-e81a-4fe0-b6d1-229c4c67588c"
      },
      "ResponseBody": {
        "id": "/subscriptions/c7e7b7a5-88b9-4cd9-a5ed-cc6e3aa4b9c6/resourceGroups/test-dns-8533/providers/Microsoft.Network/dnszones/dnszonetest.cloud/providers/Microsoft.Resources/tags/default",
        "name": "default",
        "type": "Microsoft.Resources/tags",
        "properties": {
          "tags": {
            "settag2": "setvalue2"
          }
        }
      }
    },
    {
      "RequestUri": "https://management.azure.com/subscriptions/c7e7b7a5-88b9-4cd9-a5ed-cc6e3aa4b9c6/resourceGroups/test-dns-8533/providers/Microsoft.Network/dnsZones/dnszonetest.cloud?api-version=2018-05-01",
      "RequestMethod": "GET",
      "RequestHeaders": {
        "Accept": "application/json",
        "Authorization": "Sanitized",
        "User-Agent": [
          "azsdk-net-ResourceManager.Dns/1.0.0-alpha.20211201.1",
          "(.NET 5.0.12; Microsoft Windows 10.0.22000)"
        ],
        "x-ms-client-request-id": "f04a951b06d00de9164796a12221aa13",
        "x-ms-return-client-request-id": "true"
      },
      "RequestBody": null,
      "StatusCode": 200,
      "ResponseHeaders": {
        "Cache-Control": "private",
        "Content-Length": "552",
        "Content-Type": "application/json; charset=utf-8",
        "Date": "Wed, 01 Dec 2021 09:41:20 GMT",
        "ETag": "00000005-0000-0000-65a6-f89097e6d701",
        "Server": "Microsoft-IIS/10.0",
        "Strict-Transport-Security": "max-age=31536000; includeSubDomains",
        "X-Content-Type-Options": "nosniff",
        "x-ms-correlation-request-id": "c327a62b-8a4b-45f0-9d57-a76ec4fa9bf1",
        "x-ms-ratelimit-remaining-subscription-resource-requests": "498",
        "x-ms-request-id": "f04a951b-06d0-0de9-1647-96a12221aa13",
        "x-ms-routing-request-id": "JAPANEAST:20211201T094121Z:c327a62b-8a4b-45f0-9d57-a76ec4fa9bf1",
        "X-Powered-By": "ASP.NET"
      },
      "ResponseBody": "{\u0022id\u0022:\u0022\\/subscriptions\\/c7e7b7a5-88b9-4cd9-a5ed-cc6e3aa4b9c6\\/resourceGroups\\/test-dns-8533\\/providers\\/Microsoft.Network\\/dnszones\\/dnszonetest.cloud\u0022,\u0022name\u0022:\u0022dnszonetest.cloud\u0022,\u0022type\u0022:\u0022Microsoft.Network\\/dnszones\u0022,\u0022etag\u0022:\u002200000005-0000-0000-65a6-f89097e6d701\u0022,\u0022location\u0022:\u0022global\u0022,\u0022tags\u0022:{\u0022settag2\u0022:\u0022setvalue2\u0022},\u0022properties\u0022:{\u0022maxNumberOfRecordSets\u0022:10000,\u0022maxNumberOfRecordsPerRecordSet\u0022:null,\u0022nameServers\u0022:[\u0022ns1-08.azure-dns.com.\u0022,\u0022ns2-08.azure-dns.net.\u0022,\u0022ns3-08.azure-dns.org.\u0022,\u0022ns4-08.azure-dns.info.\u0022],\u0022numberOfRecordSets\u0022:3,\u0022zoneType\u0022:\u0022Public\u0022}}"
    }
  ],
  "Variables": {
    "DNS_TEST_DOMAIN": "dnszonetest.cloud",
    "RandomSeed": "1142734586",
    "RESOURCE_MANAGER_URL": null,
    "SUBSCRIPTION_ID": "c7e7b7a5-88b9-4cd9-a5ed-cc6e3aa4b9c6"
  }
}