{
  "Entries": [
    {
      "RequestUri": "/subscriptions/55656d10-5b22-470b-99f7-9dbe3d3df5a7/resourcegroups/mysqlsdkrg?api-version=2017-05-10",
      "EncodedRequestUri": "L3N1YnNjcmlwdGlvbnMvNTU2NTZkMTAtNWIyMi00NzBiLTk5ZjctOWRiZTNkM2RmNWE3L3Jlc291cmNlZ3JvdXBzL215c3Fsc2Rrcmc/YXBpLXZlcnNpb249MjAxNy0wNS0xMA==",
      "RequestMethod": "PUT",
      "RequestBody": "{\r\n  \"location\": \"northeurope\"\r\n}",
      "RequestHeaders": {
        "x-ms-client-request-id": [
          "27f06e64-81cb-46ae-9d6e-99d03dc1b1e8"
        ],
        "Accept-Language": [
          "en-US"
        ],
        "User-Agent": [
          "FxVersion/4.6.29130.01",
          "OSName/Windows",
          "OSVersion/Microsoft.Windows.10.0.20211.",
          "Microsoft.Azure.Management.ResourceManager.ResourceManagementClient/1.6.0.0"
        ],
        "Content-Type": [
          "application/json; charset=utf-8"
        ],
        "Content-Length": [
          "33"
        ]
      },
      "ResponseHeaders": {
        "Cache-Control": [
          "no-cache"
        ],
        "Pragma": [
          "no-cache"
        ],
        "x-ms-ratelimit-remaining-subscription-writes": [
          "1199"
        ],
        "x-ms-request-id": [
          "fdea7048-0cd7-4806-8b5a-88bd0355b83a"
        ],
        "x-ms-correlation-request-id": [
          "fdea7048-0cd7-4806-8b5a-88bd0355b83a"
        ],
        "x-ms-routing-request-id": [
          "NORTHEUROPE:20200911T203646Z:fdea7048-0cd7-4806-8b5a-88bd0355b83a"
        ],
        "Strict-Transport-Security": [
          "max-age=31536000; includeSubDomains"
        ],
        "X-Content-Type-Options": [
          "nosniff"
        ],
        "Date": [
          "Fri, 11 Sep 2020 20:36:46 GMT"
        ],
        "Content-Length": [
          "178"
        ],
        "Content-Type": [
          "application/json; charset=utf-8"
        ],
        "Expires": [
          "-1"
        ]
      },
      "ResponseBody": "{\r\n  \"id\": \"/subscriptions/55656d10-5b22-470b-99f7-9dbe3d3df5a7/resourceGroups/mysqlsdkrg\",\r\n  \"name\": \"mysqlsdkrg\",\r\n  \"location\": \"northeurope\",\r\n  \"properties\": {\r\n    \"provisioningState\": \"Succeeded\"\r\n  }\r\n}",
      "StatusCode": 201
    },
    {
      "RequestUri": "/subscriptions/55656d10-5b22-470b-99f7-9dbe3d3df5a7/resourceGroups/mysqlsdkrg/providers/Microsoft.DBForMySQL/servers/mysqlsdkserver?api-version=2017-12-01",
      "EncodedRequestUri": "L3N1YnNjcmlwdGlvbnMvNTU2NTZkMTAtNWIyMi00NzBiLTk5ZjctOWRiZTNkM2RmNWE3L3Jlc291cmNlR3JvdXBzL215c3Fsc2RrcmcvcHJvdmlkZXJzL01pY3Jvc29mdC5EQkZvck15U1FML3NlcnZlcnMvbXlzcWxzZGtzZXJ2ZXI/YXBpLXZlcnNpb249MjAxNy0xMi0wMQ==",
      "RequestMethod": "PUT",
      "RequestBody": "{\r\n  \"sku\": {\r\n    \"name\": \"B_Gen5_1\"\r\n  },\r\n  \"properties\": {\r\n    \"createMode\": \"Default\",\r\n    \"administratorLogin\": \"testUser\",\r\n    \"administratorLoginPassword\": \"testPassword1!\"\r\n  },\r\n  \"location\": \"northeurope\"\r\n}",
      "RequestHeaders": {
        "x-ms-client-request-id": [
          "0251fa86-8ad1-442b-a014-e1c601f48877"
        ],
        "Accept-Language": [
          "en-US"
        ],
        "User-Agent": [
          "FxVersion/4.6.29130.01",
          "OSName/Windows",
          "OSVersion/Microsoft.Windows.10.0.20211.",
          "Microsoft.Azure.Management.MySQL.MySQLManagementClient/0.9.5"
        ],
        "Content-Type": [
          "application/json; charset=utf-8"
        ],
        "Content-Length": [
          "221"
        ]
      },
      "ResponseHeaders": {
        "Cache-Control": [
          "no-cache"
        ],
        "Pragma": [
          "no-cache"
        ],
        "Location": [
          "https://api-dogfood.resources.windows-int.net/subscriptions/55656d10-5b22-470b-99f7-9dbe3d3df5a7/providers/Microsoft.DBforMySQL/locations/northeurope/operationResults/710ea115-d37f-4582-abfb-50971ff7aab4?api-version=2017-12-01"
        ],
        "Retry-After": [
          "60"
        ],
        "Azure-AsyncOperation": [
          "https://api-dogfood.resources.windows-int.net/subscriptions/55656d10-5b22-470b-99f7-9dbe3d3df5a7/providers/Microsoft.DBforMySQL/locations/northeurope/azureAsyncOperation/710ea115-d37f-4582-abfb-50971ff7aab4?api-version=2017-12-01"
        ],
        "x-ms-request-id": [
          "710ea115-d37f-4582-abfb-50971ff7aab4"
        ],
        "Server": [
          "Microsoft-HTTPAPI/2.0"
        ],
        "x-ms-ratelimit-remaining-subscription-writes": [
          "1199"
        ],
        "x-ms-correlation-request-id": [
          "2e98be0e-0a49-439a-8488-722c3817fd26"
        ],
        "x-ms-routing-request-id": [
          "NORTHEUROPE:20200911T203648Z:2e98be0e-0a49-439a-8488-722c3817fd26"
        ],
        "Strict-Transport-Security": [
          "max-age=31536000; includeSubDomains"
        ],
        "X-Content-Type-Options": [
          "nosniff"
        ],
        "Date": [
          "Fri, 11 Sep 2020 20:36:47 GMT"
        ],
        "Content-Length": [
          "73"
        ],
        "Content-Type": [
          "application/json; charset=utf-8"
        ],
        "Expires": [
          "-1"
        ]
      },
      "ResponseBody": "{\r\n  \"operation\": \"UpsertElasticServer\",\r\n  \"startTime\": \"2020-09-11T20:36:47.66Z\"\r\n}",
      "StatusCode": 202
    },
    {
      "RequestUri": "/subscriptions/55656d10-5b22-470b-99f7-9dbe3d3df5a7/providers/Microsoft.DBforMySQL/locations/northeurope/azureAsyncOperation/710ea115-d37f-4582-abfb-50971ff7aab4?api-version=2017-12-01",
      "EncodedRequestUri": "L3N1YnNjcmlwdGlvbnMvNTU2NTZkMTAtNWIyMi00NzBiLTk5ZjctOWRiZTNkM2RmNWE3L3Byb3ZpZGVycy9NaWNyb3NvZnQuREJmb3JNeVNRTC9sb2NhdGlvbnMvbm9ydGhldXJvcGUvYXp1cmVBc3luY09wZXJhdGlvbi83MTBlYTExNS1kMzdmLTQ1ODItYWJmYi01MDk3MWZmN2FhYjQ/YXBpLXZlcnNpb249MjAxNy0xMi0wMQ==",
      "RequestMethod": "GET",
      "RequestBody": "",
      "RequestHeaders": {
        "User-Agent": [
          "FxVersion/4.6.29130.01",
          "OSName/Windows",
          "OSVersion/Microsoft.Windows.10.0.20211.",
          "Microsoft.Azure.Management.MySQL.MySQLManagementClient/0.9.5"
        ]
      },
      "ResponseHeaders": {
        "Cache-Control": [
          "no-cache"
        ],
        "Pragma": [
          "no-cache"
        ],
        "Retry-After": [
          "60"
        ],
        "x-ms-request-id": [
          "45b94cf0-4bb5-4073-9aa0-853d323d2cd7"
        ],
        "Server": [
          "Microsoft-HTTPAPI/2.0"
        ],
        "x-ms-ratelimit-remaining-subscription-reads": [
          "14999"
        ],
        "x-ms-correlation-request-id": [
          "8d71bcdd-7309-4424-872d-2f2eb8d71289"
        ],
        "x-ms-routing-request-id": [
          "NORTHEUROPE:20200911T203749Z:8d71bcdd-7309-4424-872d-2f2eb8d71289"
        ],
        "Strict-Transport-Security": [
          "max-age=31536000; includeSubDomains"
        ],
        "X-Content-Type-Options": [
          "nosniff"
        ],
        "Date": [
          "Fri, 11 Sep 2020 20:37:49 GMT"
        ],
        "Content-Length": [
          "107"
        ],
        "Content-Type": [
          "application/json; charset=utf-8"
        ],
        "Expires": [
          "-1"
        ]
      },
      "ResponseBody": "{\r\n  \"name\": \"710ea115-d37f-4582-abfb-50971ff7aab4\",\r\n  \"status\": \"InProgress\",\r\n  \"startTime\": \"2020-09-11T20:36:47.66Z\"\r\n}",
      "StatusCode": 200
    },
    {
      "RequestUri": "/subscriptions/55656d10-5b22-470b-99f7-9dbe3d3df5a7/providers/Microsoft.DBforMySQL/locations/northeurope/azureAsyncOperation/710ea115-d37f-4582-abfb-50971ff7aab4?api-version=2017-12-01",
      "EncodedRequestUri": "L3N1YnNjcmlwdGlvbnMvNTU2NTZkMTAtNWIyMi00NzBiLTk5ZjctOWRiZTNkM2RmNWE3L3Byb3ZpZGVycy9NaWNyb3NvZnQuREJmb3JNeVNRTC9sb2NhdGlvbnMvbm9ydGhldXJvcGUvYXp1cmVBc3luY09wZXJhdGlvbi83MTBlYTExNS1kMzdmLTQ1ODItYWJmYi01MDk3MWZmN2FhYjQ/YXBpLXZlcnNpb249MjAxNy0xMi0wMQ==",
      "RequestMethod": "GET",
      "RequestBody": "",
      "RequestHeaders": {
        "User-Agent": [
          "FxVersion/4.6.29130.01",
          "OSName/Windows",
          "OSVersion/Microsoft.Windows.10.0.20211.",
          "Microsoft.Azure.Management.MySQL.MySQLManagementClient/0.9.5"
        ]
      },
      "ResponseHeaders": {
        "Cache-Control": [
          "no-cache"
        ],
        "Pragma": [
          "no-cache"
        ],
        "Retry-After": [
          "60"
        ],
        "x-ms-request-id": [
          "cb9d25cb-4ac1-4089-9aa1-ecea948b9ef9"
        ],
        "Server": [
          "Microsoft-HTTPAPI/2.0"
        ],
        "x-ms-ratelimit-remaining-subscription-reads": [
          "14998"
        ],
        "x-ms-correlation-request-id": [
          "80c110d2-9198-4ffa-94f4-c5a6dd19aab8"
        ],
        "x-ms-routing-request-id": [
          "NORTHEUROPE:20200911T203849Z:80c110d2-9198-4ffa-94f4-c5a6dd19aab8"
        ],
        "Strict-Transport-Security": [
          "max-age=31536000; includeSubDomains"
        ],
        "X-Content-Type-Options": [
          "nosniff"
        ],
        "Date": [
          "Fri, 11 Sep 2020 20:38:48 GMT"
        ],
        "Content-Length": [
          "106"
        ],
        "Content-Type": [
          "application/json; charset=utf-8"
        ],
        "Expires": [
          "-1"
        ]
      },
      "ResponseBody": "{\r\n  \"name\": \"710ea115-d37f-4582-abfb-50971ff7aab4\",\r\n  \"status\": \"Succeeded\",\r\n  \"startTime\": \"2020-09-11T20:36:47.66Z\"\r\n}",
      "StatusCode": 200
    },
    {
      "RequestUri": "/subscriptions/55656d10-5b22-470b-99f7-9dbe3d3df5a7/resourceGroups/mysqlsdkrg/providers/Microsoft.DBForMySQL/servers/mysqlsdkserver?api-version=2017-12-01",
      "EncodedRequestUri": "L3N1YnNjcmlwdGlvbnMvNTU2NTZkMTAtNWIyMi00NzBiLTk5ZjctOWRiZTNkM2RmNWE3L3Jlc291cmNlR3JvdXBzL215c3Fsc2RrcmcvcHJvdmlkZXJzL01pY3Jvc29mdC5EQkZvck15U1FML3NlcnZlcnMvbXlzcWxzZGtzZXJ2ZXI/YXBpLXZlcnNpb249MjAxNy0xMi0wMQ==",
      "RequestMethod": "GET",
      "RequestBody": "",
      "RequestHeaders": {
        "User-Agent": [
          "FxVersion/4.6.29130.01",
          "OSName/Windows",
          "OSVersion/Microsoft.Windows.10.0.20211.",
          "Microsoft.Azure.Management.MySQL.MySQLManagementClient/0.9.5"
        ]
      },
      "ResponseHeaders": {
        "Cache-Control": [
          "no-cache"
        ],
        "Pragma": [
          "no-cache"
        ],
        "x-ms-request-id": [
          "85eaf7e4-96c0-4e13-a6d7-b42fdaaf689e"
        ],
        "Server": [
          "Microsoft-HTTPAPI/2.0"
        ],
        "x-ms-ratelimit-remaining-subscription-reads": [
          "14997"
        ],
        "x-ms-correlation-request-id": [
          "2ff5cfb1-2ad2-4858-8915-f6db24f19544"
        ],
        "x-ms-routing-request-id": [
          "NORTHEUROPE:20200911T203849Z:2ff5cfb1-2ad2-4858-8915-f6db24f19544"
        ],
        "Strict-Transport-Security": [
          "max-age=31536000; includeSubDomains"
        ],
        "X-Content-Type-Options": [
          "nosniff"
        ],
        "Date": [
          "Fri, 11 Sep 2020 20:38:48 GMT"
        ],
        "Content-Length": [
          "895"
        ],
        "Content-Type": [
          "application/json; charset=utf-8"
        ],
        "Expires": [
          "-1"
        ]
      },
      "ResponseBody": "{\r\n  \"sku\": {\r\n    \"name\": \"B_Gen5_1\",\r\n    \"tier\": \"Basic\",\r\n    \"family\": \"Gen5\",\r\n    \"capacity\": 1\r\n  },\r\n  \"properties\": {\r\n    \"administratorLogin\": \"testUser\",\r\n    \"storageProfile\": {\r\n      \"storageMB\": 5120,\r\n      \"backupRetentionDays\": 7,\r\n      \"geoRedundantBackup\": \"Disabled\",\r\n      \"storageAutogrow\": \"Disabled\"\r\n    },\r\n    \"version\": \"5.7\",\r\n    \"sslEnforcement\": \"Enabled\",\r\n    \"minimalTlsVersion\": \"TLSEnforcementDisabled\",\r\n    \"userVisibleState\": \"Ready\",\r\n    \"fullyQualifiedDomainName\": \"mysqlsdkserver.sqltest-eg1.mscds.com\",\r\n    \"earliestRestoreDate\": \"2020-09-11T23:46:48.62+03:00\",\r\n    \"replicationRole\": \"None\",\r\n    \"masterServerId\": \"\",\r\n    \"replicaCapacity\": 5,\r\n    \"byokEnforcement\": \"Disabled\",\r\n    \"privateEndpointConnections\": [],\r\n    \"infrastructureEncryption\": \"Disabled\",\r\n    \"publicNetworkAccess\": \"Enabled\"\r\n  },\r\n  \"location\": \"northeurope\",\r\n  \"id\": \"/subscriptions/55656d10-5b22-470b-99f7-9dbe3d3df5a7/resourceGroups/mysqlsdkrg/providers/Microsoft.DBforMySQL/servers/mysqlsdkserver\",\r\n  \"name\": \"mysqlsdkserver\",\r\n  \"type\": \"Microsoft.DBforMySQL/servers\"\r\n}",
      "StatusCode": 200
    },
    {
      "RequestUri": "/subscriptions/55656d10-5b22-470b-99f7-9dbe3d3df5a7/resourceGroups/mysqlsdkrg/providers/Microsoft.DBForMySQL/servers/mysqlsdkserver?api-version=2017-12-01",
      "EncodedRequestUri": "L3N1YnNjcmlwdGlvbnMvNTU2NTZkMTAtNWIyMi00NzBiLTk5ZjctOWRiZTNkM2RmNWE3L3Jlc291cmNlR3JvdXBzL215c3Fsc2RrcmcvcHJvdmlkZXJzL01pY3Jvc29mdC5EQkZvck15U1FML3NlcnZlcnMvbXlzcWxzZGtzZXJ2ZXI/YXBpLXZlcnNpb249MjAxNy0xMi0wMQ==",
      "RequestMethod": "GET",
      "RequestBody": "",
      "RequestHeaders": {
        "x-ms-client-request-id": [
          "27ba1f26-fe73-43a6-93e7-b8da50b264b6"
        ],
        "Accept-Language": [
          "en-US"
        ],
        "User-Agent": [
          "FxVersion/4.6.29130.01",
          "OSName/Windows",
          "OSVersion/Microsoft.Windows.10.0.20211.",
          "Microsoft.Azure.Management.MySQL.MySQLManagementClient/0.9.5"
        ]
      },
      "ResponseHeaders": {
        "Cache-Control": [
          "no-cache"
        ],
        "Pragma": [
          "no-cache"
        ],
        "x-ms-request-id": [
          "cdced883-cd49-42cf-9030-ca9ab1582066"
        ],
        "Server": [
          "Microsoft-HTTPAPI/2.0"
        ],
        "x-ms-ratelimit-remaining-subscription-reads": [
          "14996"
        ],
        "x-ms-correlation-request-id": [
          "8a8e4390-870f-40ae-9460-f5bd125d8893"
        ],
        "x-ms-routing-request-id": [
          "NORTHEUROPE:20200911T203850Z:8a8e4390-870f-40ae-9460-f5bd125d8893"
        ],
        "Strict-Transport-Security": [
          "max-age=31536000; includeSubDomains"
        ],
        "X-Content-Type-Options": [
          "nosniff"
        ],
        "Date": [
          "Fri, 11 Sep 2020 20:38:50 GMT"
        ],
        "Content-Length": [
          "895"
        ],
        "Content-Type": [
          "application/json; charset=utf-8"
        ],
        "Expires": [
          "-1"
        ]
      },
      "ResponseBody": "{\r\n  \"sku\": {\r\n    \"name\": \"B_Gen5_1\",\r\n    \"tier\": \"Basic\",\r\n    \"family\": \"Gen5\",\r\n    \"capacity\": 1\r\n  },\r\n  \"properties\": {\r\n    \"administratorLogin\": \"testUser\",\r\n    \"storageProfile\": {\r\n      \"storageMB\": 5120,\r\n      \"backupRetentionDays\": 7,\r\n      \"geoRedundantBackup\": \"Disabled\",\r\n      \"storageAutogrow\": \"Disabled\"\r\n    },\r\n    \"version\": \"5.7\",\r\n    \"sslEnforcement\": \"Enabled\",\r\n    \"minimalTlsVersion\": \"TLSEnforcementDisabled\",\r\n    \"userVisibleState\": \"Ready\",\r\n    \"fullyQualifiedDomainName\": \"mysqlsdkserver.sqltest-eg1.mscds.com\",\r\n    \"earliestRestoreDate\": \"2020-09-11T23:46:48.62+03:00\",\r\n    \"replicationRole\": \"None\",\r\n    \"masterServerId\": \"\",\r\n    \"replicaCapacity\": 5,\r\n    \"byokEnforcement\": \"Disabled\",\r\n    \"privateEndpointConnections\": [],\r\n    \"infrastructureEncryption\": \"Disabled\",\r\n    \"publicNetworkAccess\": \"Enabled\"\r\n  },\r\n  \"location\": \"northeurope\",\r\n  \"id\": \"/subscriptions/55656d10-5b22-470b-99f7-9dbe3d3df5a7/resourceGroups/mysqlsdkrg/providers/Microsoft.DBforMySQL/servers/mysqlsdkserver\",\r\n  \"name\": \"mysqlsdkserver\",\r\n  \"type\": \"Microsoft.DBforMySQL/servers\"\r\n}",
      "StatusCode": 200
    },
    {
      "RequestUri": "/subscriptions/55656d10-5b22-470b-99f7-9dbe3d3df5a7/resourceGroups/mysqlsdkrg/providers/Microsoft.DBForMySQL/servers/mysqlsdkserver?api-version=2017-12-01",
      "EncodedRequestUri": "L3N1YnNjcmlwdGlvbnMvNTU2NTZkMTAtNWIyMi00NzBiLTk5ZjctOWRiZTNkM2RmNWE3L3Jlc291cmNlR3JvdXBzL215c3Fsc2RrcmcvcHJvdmlkZXJzL01pY3Jvc29mdC5EQkZvck15U1FML3NlcnZlcnMvbXlzcWxzZGtzZXJ2ZXI/YXBpLXZlcnNpb249MjAxNy0xMi0wMQ==",
      "RequestMethod": "DELETE",
      "RequestBody": "",
      "RequestHeaders": {
        "x-ms-client-request-id": [
          "baefe1c1-b489-46a0-a531-e4c40340d325"
        ],
        "Accept-Language": [
          "en-US"
        ],
        "User-Agent": [
          "FxVersion/4.6.29130.01",
          "OSName/Windows",
          "OSVersion/Microsoft.Windows.10.0.20211.",
          "Microsoft.Azure.Management.MySQL.MySQLManagementClient/0.9.5"
        ]
      },
      "ResponseHeaders": {
        "Cache-Control": [
          "no-cache"
        ],
        "Pragma": [
          "no-cache"
        ],
        "Location": [
          "https://api-dogfood.resources.windows-int.net/subscriptions/55656d10-5b22-470b-99f7-9dbe3d3df5a7/providers/Microsoft.DBforMySQL/locations/northeurope/operationResults/7c1898b3-8493-4a4c-aab8-63bc063dd732?api-version=2017-12-01"
        ],
        "Retry-After": [
          "15"
        ],
        "Azure-AsyncOperation": [
          "https://api-dogfood.resources.windows-int.net/subscriptions/55656d10-5b22-470b-99f7-9dbe3d3df5a7/providers/Microsoft.DBforMySQL/locations/northeurope/azureAsyncOperation/7c1898b3-8493-4a4c-aab8-63bc063dd732?api-version=2017-12-01"
        ],
        "x-ms-request-id": [
          "7c1898b3-8493-4a4c-aab8-63bc063dd732"
        ],
        "Server": [
          "Microsoft-HTTPAPI/2.0"
        ],
        "x-ms-ratelimit-remaining-subscription-deletes": [
          "14999"
        ],
        "x-ms-correlation-request-id": [
          "73302046-a107-491c-bb87-a89afb410b5b"
        ],
        "x-ms-routing-request-id": [
          "NORTHEUROPE:20200911T203850Z:73302046-a107-491c-bb87-a89afb410b5b"
        ],
        "Strict-Transport-Security": [
          "max-age=31536000; includeSubDomains"
        ],
        "X-Content-Type-Options": [
          "nosniff"
        ],
        "Date": [
          "Fri, 11 Sep 2020 20:38:50 GMT"
        ],
        "Content-Length": [
          "71"
        ],
        "Content-Type": [
          "application/json; charset=utf-8"
        ],
        "Expires": [
          "-1"
        ]
      },
      "ResponseBody": "{\r\n  \"operation\": \"DropElasticServer\",\r\n  \"startTime\": \"2020-09-11T20:38:50.69Z\"\r\n}",
      "StatusCode": 202
    },
    {
      "RequestUri": "/subscriptions/55656d10-5b22-470b-99f7-9dbe3d3df5a7/providers/Microsoft.DBforMySQL/locations/northeurope/azureAsyncOperation/7c1898b3-8493-4a4c-aab8-63bc063dd732?api-version=2017-12-01",
      "EncodedRequestUri": "L3N1YnNjcmlwdGlvbnMvNTU2NTZkMTAtNWIyMi00NzBiLTk5ZjctOWRiZTNkM2RmNWE3L3Byb3ZpZGVycy9NaWNyb3NvZnQuREJmb3JNeVNRTC9sb2NhdGlvbnMvbm9ydGhldXJvcGUvYXp1cmVBc3luY09wZXJhdGlvbi83YzE4OThiMy04NDkzLTRhNGMtYWFiOC02M2JjMDYzZGQ3MzI/YXBpLXZlcnNpb249MjAxNy0xMi0wMQ==",
      "RequestMethod": "GET",
      "RequestBody": "",
      "RequestHeaders": {
        "User-Agent": [
          "FxVersion/4.6.29130.01",
          "OSName/Windows",
          "OSVersion/Microsoft.Windows.10.0.20211.",
          "Microsoft.Azure.Management.MySQL.MySQLManagementClient/0.9.5"
        ]
      },
      "ResponseHeaders": {
        "Cache-Control": [
          "no-cache"
        ],
        "Pragma": [
          "no-cache"
        ],
        "Retry-After": [
          "15"
        ],
        "x-ms-request-id": [
          "1073074a-a86b-4bd8-b6cd-b7b564d2f653"
        ],
        "Server": [
          "Microsoft-HTTPAPI/2.0"
        ],
        "x-ms-ratelimit-remaining-subscription-reads": [
          "14995"
        ],
        "x-ms-correlation-request-id": [
          "d1b345a5-9001-4e39-8f71-26fd50e4f644"
        ],
        "x-ms-routing-request-id": [
          "NORTHEUROPE:20200911T203905Z:d1b345a5-9001-4e39-8f71-26fd50e4f644"
        ],
        "Strict-Transport-Security": [
          "max-age=31536000; includeSubDomains"
        ],
        "X-Content-Type-Options": [
          "nosniff"
        ],
        "Date": [
          "Fri, 11 Sep 2020 20:39:05 GMT"
        ],
        "Content-Length": [
          "107"
        ],
        "Content-Type": [
          "application/json; charset=utf-8"
        ],
        "Expires": [
          "-1"
        ]
      },
      "ResponseBody": "{\r\n  \"name\": \"7c1898b3-8493-4a4c-aab8-63bc063dd732\",\r\n  \"status\": \"InProgress\",\r\n  \"startTime\": \"2020-09-11T20:38:50.69Z\"\r\n}",
      "StatusCode": 200
    },
    {
      "RequestUri": "/subscriptions/55656d10-5b22-470b-99f7-9dbe3d3df5a7/providers/Microsoft.DBforMySQL/locations/northeurope/azureAsyncOperation/7c1898b3-8493-4a4c-aab8-63bc063dd732?api-version=2017-12-01",
      "EncodedRequestUri": "L3N1YnNjcmlwdGlvbnMvNTU2NTZkMTAtNWIyMi00NzBiLTk5ZjctOWRiZTNkM2RmNWE3L3Byb3ZpZGVycy9NaWNyb3NvZnQuREJmb3JNeVNRTC9sb2NhdGlvbnMvbm9ydGhldXJvcGUvYXp1cmVBc3luY09wZXJhdGlvbi83YzE4OThiMy04NDkzLTRhNGMtYWFiOC02M2JjMDYzZGQ3MzI/YXBpLXZlcnNpb249MjAxNy0xMi0wMQ==",
      "RequestMethod": "GET",
      "RequestBody": "",
      "RequestHeaders": {
        "User-Agent": [
          "FxVersion/4.6.29130.01",
          "OSName/Windows",
          "OSVersion/Microsoft.Windows.10.0.20211.",
          "Microsoft.Azure.Management.MySQL.MySQLManagementClient/0.9.5"
        ]
      },
      "ResponseHeaders": {
        "Cache-Control": [
          "no-cache"
        ],
        "Pragma": [
          "no-cache"
        ],
        "Retry-After": [
          "15"
        ],
        "x-ms-request-id": [
          "d3ddb3ac-a643-439d-ba30-299e450a9a82"
        ],
        "Server": [
          "Microsoft-HTTPAPI/2.0"
        ],
        "x-ms-ratelimit-remaining-subscription-reads": [
          "14994"
        ],
        "x-ms-correlation-request-id": [
          "f2729888-d33c-4b86-ab0e-c8e3d0ef4ee6"
        ],
        "x-ms-routing-request-id": [
          "NORTHEUROPE:20200911T203921Z:f2729888-d33c-4b86-ab0e-c8e3d0ef4ee6"
        ],
        "Strict-Transport-Security": [
          "max-age=31536000; includeSubDomains"
        ],
        "X-Content-Type-Options": [
          "nosniff"
        ],
        "Date": [
          "Fri, 11 Sep 2020 20:39:20 GMT"
        ],
        "Content-Length": [
          "106"
        ],
        "Content-Type": [
          "application/json; charset=utf-8"
        ],
        "Expires": [
          "-1"
        ]
      },
      "ResponseBody": "{\r\n  \"name\": \"7c1898b3-8493-4a4c-aab8-63bc063dd732\",\r\n  \"status\": \"Succeeded\",\r\n  \"startTime\": \"2020-09-11T20:38:50.69Z\"\r\n}",
      "StatusCode": 200
    },
    {
      "RequestUri": "/subscriptions/55656d10-5b22-470b-99f7-9dbe3d3df5a7/providers/Microsoft.DBforMySQL/locations/northeurope/operationResults/7c1898b3-8493-4a4c-aab8-63bc063dd732?api-version=2017-12-01",
      "EncodedRequestUri": "L3N1YnNjcmlwdGlvbnMvNTU2NTZkMTAtNWIyMi00NzBiLTk5ZjctOWRiZTNkM2RmNWE3L3Byb3ZpZGVycy9NaWNyb3NvZnQuREJmb3JNeVNRTC9sb2NhdGlvbnMvbm9ydGhldXJvcGUvb3BlcmF0aW9uUmVzdWx0cy83YzE4OThiMy04NDkzLTRhNGMtYWFiOC02M2JjMDYzZGQ3MzI/YXBpLXZlcnNpb249MjAxNy0xMi0wMQ==",
      "RequestMethod": "GET",
      "RequestBody": "",
      "RequestHeaders": {
        "User-Agent": [
          "FxVersion/4.6.29130.01",
          "OSName/Windows",
          "OSVersion/Microsoft.Windows.10.0.20211.",
          "Microsoft.Azure.Management.MySQL.MySQLManagementClient/0.9.5"
        ]
      },
      "ResponseHeaders": {
        "Cache-Control": [
          "no-cache"
        ],
        "Pragma": [
          "no-cache"
        ],
        "x-ms-request-id": [
          "0839520e-e947-416e-9eb4-7fad09613a78"
        ],
        "Server": [
          "Microsoft-HTTPAPI/2.0"
        ],
        "x-ms-ratelimit-remaining-subscription-reads": [
          "14993"
        ],
        "x-ms-correlation-request-id": [
          "d887844b-d87d-4e4f-a753-37a7f1ec3542"
        ],
        "x-ms-routing-request-id": [
          "NORTHEUROPE:20200911T203921Z:d887844b-d87d-4e4f-a753-37a7f1ec3542"
        ],
        "Strict-Transport-Security": [
          "max-age=31536000; includeSubDomains"
        ],
        "X-Content-Type-Options": [
          "nosniff"
        ],
        "Date": [
          "Fri, 11 Sep 2020 20:39:20 GMT"
        ],
        "Expires": [
          "-1"
        ],
        "Content-Length": [
          "0"
        ]
      },
      "ResponseBody": "",
      "StatusCode": 200
    }
  ],
  "Names": {},
  "Variables": {
    "SubscriptionId": "55656d10-5b22-470b-99f7-9dbe3d3df5a7"
  }
}