{
  "Entries": [
    {
      "RequestUri": "/subscriptions/24fb23e3-6ba3-41f0-9b6e-e41131d5d61e/providers/Microsoft.Compute/locations/SoutheastAsia/publishers/MicrosoftWindowsServer/artifacttypes/vmimage/offers/WindowsServer/skus/2012-R2-Datacenter/versions?$top=1&api-version=2020-06-01",
      "EncodedRequestUri": "L3N1YnNjcmlwdGlvbnMvMjRmYjIzZTMtNmJhMy00MWYwLTliNmUtZTQxMTMxZDVkNjFlL3Byb3ZpZGVycy9NaWNyb3NvZnQuQ29tcHV0ZS9sb2NhdGlvbnMvU291dGhlYXN0QXNpYS9wdWJsaXNoZXJzL01pY3Jvc29mdFdpbmRvd3NTZXJ2ZXIvYXJ0aWZhY3R0eXBlcy92bWltYWdlL29mZmVycy9XaW5kb3dzU2VydmVyL3NrdXMvMjAxMi1SMi1EYXRhY2VudGVyL3ZlcnNpb25zPyR0b3A9MSZhcGktdmVyc2lvbj0yMDIwLTA2LTAx",
      "RequestMethod": "GET",
      "RequestBody": "",
      "RequestHeaders": {
        "x-ms-client-request-id": [
          "9fc2d857-d51f-42f8-abcb-9e76039ccbeb"
        ],
        "accept-language": [
          "en-US"
        ],
        "User-Agent": [
          "FxVersion/4.6.26614.01",
          "OSName/Windows",
          "OSVersion/Microsoft.Windows.10.0.19041.",
          "Microsoft.Azure.Management.Compute.ComputeManagementClient/36.0.0.0"
        ]
      },
      "ResponseHeaders": {
        "Cache-Control": [
          "no-cache"
        ],
        "Date": [
          "Wed, 20 May 2020 10:47:12 GMT"
        ],
        "Pragma": [
          "no-cache"
        ],
        "Server": [
          "Microsoft-HTTPAPI/2.0",
          "Microsoft-HTTPAPI/2.0"
        ],
        "Strict-Transport-Security": [
          "max-age=31536000; includeSubDomains"
        ],
        "x-ms-served-by": [
          "9fc414ea-410e-4600-9f7c-71bc36416f3f_132226709868847701"
        ],
        "x-ms-request-id": [
          "1fbfe032-92ce-4d5e-bf50-cb22e47f3628"
        ],
        "x-ms-ratelimit-remaining-subscription-reads": [
          "11999"
        ],
        "x-ms-correlation-request-id": [
          "677611ee-85a6-4a5d-ac33-88c351d2fede"
        ],
        "x-ms-routing-request-id": [
          "WESTUS:20200520T104712Z:677611ee-85a6-4a5d-ac33-88c351d2fede"
        ],
        "X-Content-Type-Options": [
          "nosniff"
        ],
        "Content-Length": [
          "321"
        ],
        "Content-Type": [
          "application/json; charset=utf-8"
        ],
        "Expires": [
          "-1"
        ]
      },
      "ResponseBody": "[\r\n  {\r\n    \"location\": \"southeastasia\",\r\n    \"name\": \"4.127.20180315\",\r\n    \"id\": \"/Subscriptions/24fb23e3-6ba3-41f0-9b6e-e41131d5d61e/Providers/Microsoft.Compute/Locations/southeastasia/Publishers/MicrosoftWindowsServer/ArtifactTypes/VMImage/Offers/WindowsServer/Skus/2012-R2-Datacenter/Versions/4.127.20180315\"\r\n  }\r\n]",
      "StatusCode": 200
    },
    {
      "RequestUri": "/subscriptions/24fb23e3-6ba3-41f0-9b6e-e41131d5d61e/resourcegroups/crptestar9055?api-version=2017-05-10",
      "EncodedRequestUri": "L3N1YnNjcmlwdGlvbnMvMjRmYjIzZTMtNmJhMy00MWYwLTliNmUtZTQxMTMxZDVkNjFlL3Jlc291cmNlZ3JvdXBzL2NycHRlc3RhcjkwNTU/YXBpLXZlcnNpb249MjAxNy0wNS0xMA==",
      "RequestMethod": "PUT",
      "RequestBody": "{\r\n  \"location\": \"SoutheastAsia\",\r\n  \"tags\": {\r\n    \"crptestar9055\": \"2020-05-20 10:47:12Z\"\r\n  }\r\n}",
      "RequestHeaders": {
        "x-ms-client-request-id": [
          "f71270df-d528-40c4-8dad-bdbed6ad42aa"
        ],
        "accept-language": [
          "en-US"
        ],
        "User-Agent": [
          "FxVersion/4.6.26614.01",
          "OSName/Windows",
          "OSVersion/Microsoft.Windows.10.0.19041.",
          "Microsoft.Azure.Management.ResourceManager.ResourceManagementClient/1.6.0.0"
        ],
        "Content-Type": [
          "application/json; charset=utf-8"
        ],
        "Content-Length": [
          "99"
        ]
      },
      "ResponseHeaders": {
        "Cache-Control": [
          "no-cache"
        ],
        "Date": [
          "Wed, 20 May 2020 10:47:16 GMT"
        ],
        "Pragma": [
          "no-cache"
        ],
        "x-ms-ratelimit-remaining-subscription-writes": [
          "1199"
        ],
        "x-ms-request-id": [
          "8d0ab52e-5c85-47cc-82ac-668bed0b9285"
        ],
        "x-ms-correlation-request-id": [
          "8d0ab52e-5c85-47cc-82ac-668bed0b9285"
        ],
        "x-ms-routing-request-id": [
          "WESTUS:20200520T104717Z:8d0ab52e-5c85-47cc-82ac-668bed0b9285"
        ],
        "Strict-Transport-Security": [
          "max-age=31536000; includeSubDomains"
        ],
        "X-Content-Type-Options": [
          "nosniff"
        ],
        "Content-Length": [
          "234"
        ],
        "Content-Type": [
          "application/json; charset=utf-8"
        ],
        "Expires": [
          "-1"
        ]
      },
      "ResponseBody": "{\r\n  \"id\": \"/subscriptions/24fb23e3-6ba3-41f0-9b6e-e41131d5d61e/resourceGroups/crptestar9055\",\r\n  \"name\": \"crptestar9055\",\r\n  \"location\": \"southeastasia\",\r\n  \"tags\": {\r\n    \"crptestar9055\": \"2020-05-20 10:47:12Z\"\r\n  },\r\n  \"properties\": {\r\n    \"provisioningState\": \"Succeeded\"\r\n  }\r\n}",
      "StatusCode": 201
    },
    {
      "RequestUri": "/subscriptions/24fb23e3-6ba3-41f0-9b6e-e41131d5d61e/resourcegroups/crptestar9055?api-version=2017-05-10",
      "EncodedRequestUri": "L3N1YnNjcmlwdGlvbnMvMjRmYjIzZTMtNmJhMy00MWYwLTliNmUtZTQxMTMxZDVkNjFlL3Jlc291cmNlZ3JvdXBzL2NycHRlc3RhcjkwNTU/YXBpLXZlcnNpb249MjAxNy0wNS0xMA==",
      "RequestMethod": "PUT",
      "RequestBody": "{\r\n  \"location\": \"SoutheastAsia\",\r\n  \"tags\": {\r\n    \"crptestar9055\": \"2020-05-20 10:47:17Z\"\r\n  }\r\n}",
      "RequestHeaders": {
        "x-ms-client-request-id": [
          "bad72e97-9f38-4345-9d9c-e1c4f1634e04"
        ],
        "accept-language": [
          "en-US"
        ],
        "User-Agent": [
          "FxVersion/4.6.26614.01",
          "OSName/Windows",
          "OSVersion/Microsoft.Windows.10.0.19041.",
          "Microsoft.Azure.Management.ResourceManager.ResourceManagementClient/1.6.0.0"
        ],
        "Content-Type": [
          "application/json; charset=utf-8"
        ],
        "Content-Length": [
          "99"
        ]
      },
      "ResponseHeaders": {
        "Cache-Control": [
          "no-cache"
        ],
        "Date": [
          "Wed, 20 May 2020 10:47:18 GMT"
        ],
        "Pragma": [
          "no-cache"
        ],
        "x-ms-ratelimit-remaining-subscription-writes": [
          "1198"
        ],
        "x-ms-request-id": [
          "0e4da5c9-13f6-4a96-94fc-952bd34c0738"
        ],
        "x-ms-correlation-request-id": [
          "0e4da5c9-13f6-4a96-94fc-952bd34c0738"
        ],
        "x-ms-routing-request-id": [
          "WESTUS:20200520T104718Z:0e4da5c9-13f6-4a96-94fc-952bd34c0738"
        ],
        "Strict-Transport-Security": [
          "max-age=31536000; includeSubDomains"
        ],
        "X-Content-Type-Options": [
          "nosniff"
        ],
        "Content-Length": [
          "234"
        ],
        "Content-Type": [
          "application/json; charset=utf-8"
        ],
        "Expires": [
          "-1"
        ]
      },
      "ResponseBody": "{\r\n  \"id\": \"/subscriptions/24fb23e3-6ba3-41f0-9b6e-e41131d5d61e/resourceGroups/crptestar9055\",\r\n  \"name\": \"crptestar9055\",\r\n  \"location\": \"southeastasia\",\r\n  \"tags\": {\r\n    \"crptestar9055\": \"2020-05-20 10:47:17Z\"\r\n  },\r\n  \"properties\": {\r\n    \"provisioningState\": \"Succeeded\"\r\n  }\r\n}",
      "StatusCode": 200
    },
    {
      "RequestUri": "/subscriptions/24fb23e3-6ba3-41f0-9b6e-e41131d5d61e/resourceGroups/crptestar9055/providers/Microsoft.Storage/storageAccounts/crptestar2596?api-version=2015-06-15",
      "EncodedRequestUri": "L3N1YnNjcmlwdGlvbnMvMjRmYjIzZTMtNmJhMy00MWYwLTliNmUtZTQxMTMxZDVkNjFlL3Jlc291cmNlR3JvdXBzL2NycHRlc3RhcjkwNTUvcHJvdmlkZXJzL01pY3Jvc29mdC5TdG9yYWdlL3N0b3JhZ2VBY2NvdW50cy9jcnB0ZXN0YXIyNTk2P2FwaS12ZXJzaW9uPTIwMTUtMDYtMTU=",
      "RequestMethod": "PUT",
      "RequestBody": "{\r\n  \"location\": \"SoutheastAsia\",\r\n  \"properties\": {\r\n    \"accountType\": \"Standard_GRS\"\r\n  }\r\n}",
      "RequestHeaders": {
        "x-ms-client-request-id": [
          "c5e94f3c-e60a-4120-92ce-3044d193eba3"
        ],
        "accept-language": [
          "en-US"
        ],
        "User-Agent": [
          "FxVersion/4.6.26614.01",
          "OSName/Windows",
          "OSVersion/Microsoft.Windows.10.0.19041.",
          "Microsoft.Azure.Management.Storage.StorageManagementClient/4.0.0.0"
        ],
        "Content-Type": [
          "application/json; charset=utf-8"
        ],
        "Content-Length": [
          "95"
        ]
      },
      "ResponseHeaders": {
        "Cache-Control": [
          "no-cache"
        ],
        "Date": [
          "Wed, 20 May 2020 10:47:29 GMT"
        ],
        "Pragma": [
          "no-cache"
        ],
        "Location": [
          "https://management.azure.com/subscriptions/24fb23e3-6ba3-41f0-9b6e-e41131d5d61e/providers/Microsoft.Storage/locations/southeastasia/asyncoperations/f3644946-27e9-4f3f-93ff-61c46057a0d3?monitor=true&api-version=2015-06-15"
        ],
        "Retry-After": [
          "17"
        ],
        "Server": [
          "Microsoft-Azure-Storage-Resource-Provider/1.0,Microsoft-HTTPAPI/2.0 Microsoft-HTTPAPI/2.0"
        ],
        "x-ms-request-id": [
          "f3644946-27e9-4f3f-93ff-61c46057a0d3"
        ],
        "Strict-Transport-Security": [
          "max-age=31536000; includeSubDomains"
        ],
        "x-ms-ratelimit-remaining-subscription-writes": [
          "1199"
        ],
        "x-ms-correlation-request-id": [
          "43994edc-22cd-4465-900f-eed23ae12e63"
        ],
        "x-ms-routing-request-id": [
          "WESTUS:20200520T104729Z:43994edc-22cd-4465-900f-eed23ae12e63"
        ],
        "X-Content-Type-Options": [
          "nosniff"
        ],
        "Content-Length": [
          "0"
        ],
        "Content-Type": [
          "text/plain; charset=utf-8"
        ],
        "Expires": [
          "-1"
        ]
      },
      "ResponseBody": "",
      "StatusCode": 202
    },
    {
      "RequestUri": "/subscriptions/24fb23e3-6ba3-41f0-9b6e-e41131d5d61e/providers/Microsoft.Storage/locations/southeastasia/asyncoperations/f3644946-27e9-4f3f-93ff-61c46057a0d3?monitor=true&api-version=2015-06-15",
      "EncodedRequestUri": "L3N1YnNjcmlwdGlvbnMvMjRmYjIzZTMtNmJhMy00MWYwLTliNmUtZTQxMTMxZDVkNjFlL3Byb3ZpZGVycy9NaWNyb3NvZnQuU3RvcmFnZS9sb2NhdGlvbnMvc291dGhlYXN0YXNpYS9hc3luY29wZXJhdGlvbnMvZjM2NDQ5NDYtMjdlOS00ZjNmLTkzZmYtNjFjNDYwNTdhMGQzP21vbml0b3I9dHJ1ZSZhcGktdmVyc2lvbj0yMDE1LTA2LTE1",
      "RequestMethod": "GET",
      "RequestBody": "",
      "RequestHeaders": {
        "User-Agent": [
          "FxVersion/4.6.26614.01",
          "OSName/Windows",
          "OSVersion/Microsoft.Windows.10.0.19041.",
          "Microsoft.Azure.Management.Storage.StorageManagementClient/4.0.0.0"
        ]
      },
      "ResponseHeaders": {
        "Cache-Control": [
          "no-cache"
        ],
        "Date": [
          "Wed, 20 May 2020 10:47:46 GMT"
        ],
        "Pragma": [
          "no-cache"
        ],
        "Server": [
          "Microsoft-Azure-Storage-Resource-Provider/1.0,Microsoft-HTTPAPI/2.0 Microsoft-HTTPAPI/2.0"
        ],
        "x-ms-request-id": [
          "af822c73-1127-439e-997e-53ccbc797b1f"
        ],
        "Strict-Transport-Security": [
          "max-age=31536000; includeSubDomains"
        ],
        "x-ms-ratelimit-remaining-subscription-reads": [
          "11999"
        ],
        "x-ms-correlation-request-id": [
          "e725876e-2d57-49ee-af12-89e3498ca16d"
        ],
        "x-ms-routing-request-id": [
          "WESTUS:20200520T104746Z:e725876e-2d57-49ee-af12-89e3498ca16d"
        ],
        "X-Content-Type-Options": [
          "nosniff"
        ],
        "Content-Length": [
          "95"
        ],
        "Content-Type": [
          "application/json"
        ],
        "Expires": [
          "-1"
        ]
      },
      "ResponseBody": "{\r\n  \"location\": \"SoutheastAsia\",\r\n  \"properties\": {\r\n    \"accountType\": \"Standard_GRS\"\r\n  }\r\n}",
      "StatusCode": 200
    },
    {
      "RequestUri": "/subscriptions/24fb23e3-6ba3-41f0-9b6e-e41131d5d61e/resourceGroups/crptestar9055/providers/Microsoft.Storage/storageAccounts?api-version=2015-06-15",
      "EncodedRequestUri": "L3N1YnNjcmlwdGlvbnMvMjRmYjIzZTMtNmJhMy00MWYwLTliNmUtZTQxMTMxZDVkNjFlL3Jlc291cmNlR3JvdXBzL2NycHRlc3RhcjkwNTUvcHJvdmlkZXJzL01pY3Jvc29mdC5TdG9yYWdlL3N0b3JhZ2VBY2NvdW50cz9hcGktdmVyc2lvbj0yMDE1LTA2LTE1",
      "RequestMethod": "GET",
      "RequestBody": "",
      "RequestHeaders": {
        "x-ms-client-request-id": [
          "ce81e8b5-4f25-4444-a2e4-714cc0dca3ab"
        ],
        "accept-language": [
          "en-US"
        ],
        "User-Agent": [
          "FxVersion/4.6.26614.01",
          "OSName/Windows",
          "OSVersion/Microsoft.Windows.10.0.19041.",
          "Microsoft.Azure.Management.Storage.StorageManagementClient/4.0.0.0"
        ]
      },
      "ResponseHeaders": {
        "Cache-Control": [
          "no-cache"
        ],
        "Date": [
          "Wed, 20 May 2020 10:47:56 GMT"
        ],
        "Pragma": [
          "no-cache"
        ],
        "Server": [
          "Microsoft-Azure-Storage-Resource-Provider/1.0,Microsoft-HTTPAPI/2.0 Microsoft-HTTPAPI/2.0"
        ],
        "x-ms-request-id": [
          "7bad9ef3-e522-4458-8823-be7b29af14ff"
        ],
        "Strict-Transport-Security": [
          "max-age=31536000; includeSubDomains"
        ],
        "x-ms-ratelimit-remaining-subscription-reads": [
          "11998"
        ],
        "x-ms-correlation-request-id": [
          "c5554444-27ae-439c-87e4-583344f62a00"
        ],
        "x-ms-routing-request-id": [
          "WESTUS:20200520T104756Z:c5554444-27ae-439c-87e4-583344f62a00"
        ],
        "X-Content-Type-Options": [
          "nosniff"
        ],
        "Content-Length": [
          "752"
        ],
        "Content-Type": [
          "application/json"
        ],
        "Expires": [
          "-1"
        ]
      },
      "ResponseBody": "{\r\n  \"value\": [\r\n    {\r\n      \"id\": \"/subscriptions/24fb23e3-6ba3-41f0-9b6e-e41131d5d61e/resourceGroups/crptestar9055/providers/Microsoft.Storage/storageAccounts/crptestar2596\",\r\n      \"name\": \"crptestar2596\",\r\n      \"type\": \"Microsoft.Storage/storageAccounts\",\r\n      \"location\": \"southeastasia\",\r\n      \"tags\": {},\r\n      \"properties\": {\r\n        \"accountType\": \"Standard_GRS\",\r\n        \"provisioningState\": \"Succeeded\",\r\n        \"creationTime\": \"2020-05-20T10:47:25.4442753Z\",\r\n        \"primaryEndpoints\": {\r\n          \"blob\": \"https://crptestar2596.blob.core.windows.net/\",\r\n          \"queue\": \"https://crptestar2596.queue.core.windows.net/\",\r\n          \"table\": \"https://crptestar2596.table.core.windows.net/\",\r\n          \"file\": \"https://crptestar2596.file.core.windows.net/\"\r\n        },\r\n        \"primaryLocation\": \"southeastasia\",\r\n        \"statusOfPrimary\": \"available\",\r\n        \"secondaryLocation\": \"eastasia\",\r\n        \"statusOfSecondary\": \"available\"\r\n      }\r\n    }\r\n  ]\r\n}",
      "StatusCode": 200
    },
    {
      "RequestUri": "/subscriptions/24fb23e3-6ba3-41f0-9b6e-e41131d5d61e/resourceGroups/crptestar9055/providers/Microsoft.Storage/storageAccounts/crptestar2596?api-version=2015-06-15",
      "EncodedRequestUri": "L3N1YnNjcmlwdGlvbnMvMjRmYjIzZTMtNmJhMy00MWYwLTliNmUtZTQxMTMxZDVkNjFlL3Jlc291cmNlR3JvdXBzL2NycHRlc3RhcjkwNTUvcHJvdmlkZXJzL01pY3Jvc29mdC5TdG9yYWdlL3N0b3JhZ2VBY2NvdW50cy9jcnB0ZXN0YXIyNTk2P2FwaS12ZXJzaW9uPTIwMTUtMDYtMTU=",
      "RequestMethod": "GET",
      "RequestBody": "",
      "RequestHeaders": {
        "x-ms-client-request-id": [
          "904ac743-7cb0-4f67-af39-2ee5239b1c84"
        ],
        "accept-language": [
          "en-US"
        ],
        "User-Agent": [
          "FxVersion/4.6.26614.01",
          "OSName/Windows",
          "OSVersion/Microsoft.Windows.10.0.19041.",
          "Microsoft.Azure.Management.Storage.StorageManagementClient/4.0.0.0"
        ]
      },
      "ResponseHeaders": {
        "Cache-Control": [
          "no-cache"
        ],
        "Date": [
          "Wed, 20 May 2020 10:47:56 GMT"
        ],
        "Pragma": [
          "no-cache"
        ],
        "Server": [
          "Microsoft-Azure-Storage-Resource-Provider/1.0,Microsoft-HTTPAPI/2.0 Microsoft-HTTPAPI/2.0"
        ],
        "x-ms-request-id": [
          "2c524a50-2078-4346-9eef-6009623f1487"
        ],
        "Strict-Transport-Security": [
          "max-age=31536000; includeSubDomains"
        ],
        "x-ms-ratelimit-remaining-subscription-reads": [
          "11997"
        ],
        "x-ms-correlation-request-id": [
          "f9916914-6d55-4387-9965-c8fc0a7a1eb2"
        ],
        "x-ms-routing-request-id": [
          "WESTUS:20200520T104757Z:f9916914-6d55-4387-9965-c8fc0a7a1eb2"
        ],
        "X-Content-Type-Options": [
          "nosniff"
        ],
        "Content-Length": [
          "740"
        ],
        "Content-Type": [
          "application/json"
        ],
        "Expires": [
          "-1"
        ]
      },
      "ResponseBody": "{\r\n  \"id\": \"/subscriptions/24fb23e3-6ba3-41f0-9b6e-e41131d5d61e/resourceGroups/crptestar9055/providers/Microsoft.Storage/storageAccounts/crptestar2596\",\r\n  \"name\": \"crptestar2596\",\r\n  \"type\": \"Microsoft.Storage/storageAccounts\",\r\n  \"location\": \"southeastasia\",\r\n  \"tags\": {},\r\n  \"properties\": {\r\n    \"accountType\": \"Standard_GRS\",\r\n    \"provisioningState\": \"Succeeded\",\r\n    \"creationTime\": \"2020-05-20T10:47:25.4442753Z\",\r\n    \"primaryEndpoints\": {\r\n      \"blob\": \"https://crptestar2596.blob.core.windows.net/\",\r\n      \"queue\": \"https://crptestar2596.queue.core.windows.net/\",\r\n      \"table\": \"https://crptestar2596.table.core.windows.net/\",\r\n      \"file\": \"https://crptestar2596.file.core.windows.net/\"\r\n    },\r\n    \"primaryLocation\": \"southeastasia\",\r\n    \"statusOfPrimary\": \"available\",\r\n    \"secondaryLocation\": \"eastasia\",\r\n    \"statusOfSecondary\": \"available\"\r\n  }\r\n}",
      "StatusCode": 200
    },
    {
      "RequestUri": "/subscriptions/24fb23e3-6ba3-41f0-9b6e-e41131d5d61e/resourceGroups/crptestar9055/providers/Microsoft.Network/virtualNetworks/vn9109?api-version=2018-07-01",
      "EncodedRequestUri": "L3N1YnNjcmlwdGlvbnMvMjRmYjIzZTMtNmJhMy00MWYwLTliNmUtZTQxMTMxZDVkNjFlL3Jlc291cmNlR3JvdXBzL2NycHRlc3RhcjkwNTUvcHJvdmlkZXJzL01pY3Jvc29mdC5OZXR3b3JrL3ZpcnR1YWxOZXR3b3Jrcy92bjkxMDk/YXBpLXZlcnNpb249MjAxOC0wNy0wMQ==",
      "RequestMethod": "PUT",
      "RequestBody": "{\r\n  \"properties\": {\r\n    \"addressSpace\": {\r\n      \"addressPrefixes\": [\r\n        \"10.0.0.0/16\"\r\n      ]\r\n    },\r\n    \"dhcpOptions\": {\r\n      \"dnsServers\": [\r\n        \"10.1.1.1\",\r\n        \"10.1.2.4\"\r\n      ]\r\n    },\r\n    \"subnets\": [\r\n      {\r\n        \"properties\": {\r\n          \"addressPrefix\": \"10.0.0.0/24\"\r\n        },\r\n        \"name\": \"sn8714\"\r\n      }\r\n    ]\r\n  },\r\n  \"location\": \"SoutheastAsia\"\r\n}",
      "RequestHeaders": {
        "x-ms-client-request-id": [
          "8fc4b2f0-cc4b-4fe4-899e-a04f984a56f7"
        ],
        "accept-language": [
          "en-US"
        ],
        "User-Agent": [
          "FxVersion/4.6.26614.01",
          "OSName/Windows",
          "OSVersion/Microsoft.Windows.10.0.19041.",
          "Microsoft.Azure.Management.Network.NetworkManagementClient/19.3.0.0"
        ],
        "Content-Type": [
          "application/json; charset=utf-8"
        ],
        "Content-Length": [
          "402"
        ]
      },
      "ResponseHeaders": {
        "Cache-Control": [
          "no-cache"
        ],
        "Date": [
          "Wed, 20 May 2020 10:48:06 GMT"
        ],
        "Pragma": [
          "no-cache"
        ],
        "Retry-After": [
          "3"
        ],
        "Server": [
          "Microsoft-HTTPAPI/2.0",
          "Microsoft-HTTPAPI/2.0"
        ],
        "x-ms-request-id": [
          "d9e66886-9068-4177-a8f5-7db5d1d6b4d0"
        ],
        "Azure-AsyncOperation": [
          "https://management.azure.com/subscriptions/24fb23e3-6ba3-41f0-9b6e-e41131d5d61e/providers/Microsoft.Network/locations/southeastasia/operations/d9e66886-9068-4177-a8f5-7db5d1d6b4d0?api-version=2018-07-01"
        ],
        "x-ms-correlation-request-id": [
          "edb74b01-b1b1-4606-a330-38bca692dba7"
        ],
        "Azure-AsyncNotification": [
          "Enabled"
        ],
        "x-ms-arm-service-request-id": [
          "a14d01be-3edb-4c64-a116-819fbde0ada6"
        ],
        "Strict-Transport-Security": [
          "max-age=31536000; includeSubDomains"
        ],
        "x-ms-ratelimit-remaining-subscription-writes": [
          "1199"
        ],
        "x-ms-routing-request-id": [
          "WESTUS:20200520T104806Z:edb74b01-b1b1-4606-a330-38bca692dba7"
        ],
        "X-Content-Type-Options": [
          "nosniff"
        ],
        "Content-Length": [
          "1240"
        ],
        "Content-Type": [
          "application/json; charset=utf-8"
        ],
        "Expires": [
          "-1"
        ]
      },
      "ResponseBody": "{\r\n  \"name\": \"vn9109\",\r\n  \"id\": \"/subscriptions/24fb23e3-6ba3-41f0-9b6e-e41131d5d61e/resourceGroups/crptestar9055/providers/Microsoft.Network/virtualNetworks/vn9109\",\r\n  \"etag\": \"W/\\\"936c0364-dc64-4a50-98eb-1c62eb605c82\\\"\",\r\n  \"type\": \"Microsoft.Network/virtualNetworks\",\r\n  \"location\": \"southeastasia\",\r\n  \"properties\": {\r\n    \"provisioningState\": \"Updating\",\r\n    \"resourceGuid\": \"b2d2fd48-1c3d-415e-bcdc-a1f399cba05f\",\r\n    \"addressSpace\": {\r\n      \"addressPrefixes\": [\r\n        \"10.0.0.0/16\"\r\n      ]\r\n    },\r\n    \"dhcpOptions\": {\r\n      \"dnsServers\": [\r\n        \"10.1.1.1\",\r\n        \"10.1.2.4\"\r\n      ]\r\n    },\r\n    \"subnets\": [\r\n      {\r\n        \"name\": \"sn8714\",\r\n        \"id\": \"/subscriptions/24fb23e3-6ba3-41f0-9b6e-e41131d5d61e/resourceGroups/crptestar9055/providers/Microsoft.Network/virtualNetworks/vn9109/subnets/sn8714\",\r\n        \"etag\": \"W/\\\"936c0364-dc64-4a50-98eb-1c62eb605c82\\\"\",\r\n        \"properties\": {\r\n          \"provisioningState\": \"Updating\",\r\n          \"addressPrefix\": \"10.0.0.0/24\",\r\n          \"delegations\": []\r\n        },\r\n        \"type\": \"Microsoft.Network/virtualNetworks/subnets\"\r\n      }\r\n    ],\r\n    \"virtualNetworkPeerings\": [],\r\n    \"enableDdosProtection\": false,\r\n    \"enableVmProtection\": false\r\n  }\r\n}",
      "StatusCode": 201
    },
    {
      "RequestUri": "/subscriptions/24fb23e3-6ba3-41f0-9b6e-e41131d5d61e/providers/Microsoft.Network/locations/southeastasia/operations/d9e66886-9068-4177-a8f5-7db5d1d6b4d0?api-version=2018-07-01",
      "EncodedRequestUri": "L3N1YnNjcmlwdGlvbnMvMjRmYjIzZTMtNmJhMy00MWYwLTliNmUtZTQxMTMxZDVkNjFlL3Byb3ZpZGVycy9NaWNyb3NvZnQuTmV0d29yay9sb2NhdGlvbnMvc291dGhlYXN0YXNpYS9vcGVyYXRpb25zL2Q5ZTY2ODg2LTkwNjgtNDE3Ny1hOGY1LTdkYjVkMWQ2YjRkMD9hcGktdmVyc2lvbj0yMDE4LTA3LTAx",
      "RequestMethod": "GET",
      "RequestBody": "",
      "RequestHeaders": {
        "User-Agent": [
          "FxVersion/4.6.26614.01",
          "OSName/Windows",
          "OSVersion/Microsoft.Windows.10.0.19041.",
          "Microsoft.Azure.Management.Network.NetworkManagementClient/19.3.0.0"
        ]
      },
      "ResponseHeaders": {
        "Cache-Control": [
          "no-cache"
        ],
        "Date": [
          "Wed, 20 May 2020 10:48:10 GMT"
        ],
        "Pragma": [
          "no-cache"
        ],
        "Retry-After": [
          "10"
        ],
        "Server": [
          "Microsoft-HTTPAPI/2.0",
          "Microsoft-HTTPAPI/2.0"
        ],
        "x-ms-request-id": [
          "e2721724-6714-4f60-a461-c12caa4797c9"
        ],
        "x-ms-correlation-request-id": [
          "832bd7f2-15ae-4e65-b90e-a31c5c54e746"
        ],
        "x-ms-arm-service-request-id": [
          "0ddc98f2-095a-40c0-8200-3ca9f2015705"
        ],
        "Strict-Transport-Security": [
          "max-age=31536000; includeSubDomains"
        ],
        "x-ms-ratelimit-remaining-subscription-reads": [
          "11998"
        ],
        "x-ms-routing-request-id": [
          "WESTUS:20200520T104810Z:832bd7f2-15ae-4e65-b90e-a31c5c54e746"
        ],
        "X-Content-Type-Options": [
          "nosniff"
        ],
        "Content-Length": [
          "30"
        ],
        "Content-Type": [
          "application/json; charset=utf-8"
        ],
        "Expires": [
          "-1"
        ]
      },
      "ResponseBody": "{\r\n  \"status\": \"InProgress\"\r\n}",
      "StatusCode": 200
    },
    {
      "RequestUri": "/subscriptions/24fb23e3-6ba3-41f0-9b6e-e41131d5d61e/providers/Microsoft.Network/locations/southeastasia/operations/d9e66886-9068-4177-a8f5-7db5d1d6b4d0?api-version=2018-07-01",
      "EncodedRequestUri": "L3N1YnNjcmlwdGlvbnMvMjRmYjIzZTMtNmJhMy00MWYwLTliNmUtZTQxMTMxZDVkNjFlL3Byb3ZpZGVycy9NaWNyb3NvZnQuTmV0d29yay9sb2NhdGlvbnMvc291dGhlYXN0YXNpYS9vcGVyYXRpb25zL2Q5ZTY2ODg2LTkwNjgtNDE3Ny1hOGY1LTdkYjVkMWQ2YjRkMD9hcGktdmVyc2lvbj0yMDE4LTA3LTAx",
      "RequestMethod": "GET",
      "RequestBody": "",
      "RequestHeaders": {
        "User-Agent": [
          "FxVersion/4.6.26614.01",
          "OSName/Windows",
          "OSVersion/Microsoft.Windows.10.0.19041.",
          "Microsoft.Azure.Management.Network.NetworkManagementClient/19.3.0.0"
        ]
      },
      "ResponseHeaders": {
        "Cache-Control": [
          "no-cache"
        ],
        "Date": [
          "Wed, 20 May 2020 10:48:20 GMT"
        ],
        "Pragma": [
          "no-cache"
        ],
        "Retry-After": [
          "10"
        ],
        "Server": [
          "Microsoft-HTTPAPI/2.0",
          "Microsoft-HTTPAPI/2.0"
        ],
        "x-ms-request-id": [
          "04bac970-f693-45c1-8be2-33a98fdcae6f"
        ],
        "x-ms-correlation-request-id": [
          "663aaa7c-c222-4520-adb1-388f206c16b9"
        ],
        "x-ms-arm-service-request-id": [
          "c454188a-ba95-4a7c-9c35-3612eb42e826"
        ],
        "Strict-Transport-Security": [
          "max-age=31536000; includeSubDomains"
        ],
        "x-ms-ratelimit-remaining-subscription-reads": [
          "11997"
        ],
        "x-ms-routing-request-id": [
          "WESTUS:20200520T104820Z:663aaa7c-c222-4520-adb1-388f206c16b9"
        ],
        "X-Content-Type-Options": [
          "nosniff"
        ],
        "Content-Length": [
          "30"
        ],
        "Content-Type": [
          "application/json; charset=utf-8"
        ],
        "Expires": [
          "-1"
        ]
      },
      "ResponseBody": "{\r\n  \"status\": \"InProgress\"\r\n}",
      "StatusCode": 200
    },
    {
      "RequestUri": "/subscriptions/24fb23e3-6ba3-41f0-9b6e-e41131d5d61e/providers/Microsoft.Network/locations/southeastasia/operations/d9e66886-9068-4177-a8f5-7db5d1d6b4d0?api-version=2018-07-01",
      "EncodedRequestUri": "L3N1YnNjcmlwdGlvbnMvMjRmYjIzZTMtNmJhMy00MWYwLTliNmUtZTQxMTMxZDVkNjFlL3Byb3ZpZGVycy9NaWNyb3NvZnQuTmV0d29yay9sb2NhdGlvbnMvc291dGhlYXN0YXNpYS9vcGVyYXRpb25zL2Q5ZTY2ODg2LTkwNjgtNDE3Ny1hOGY1LTdkYjVkMWQ2YjRkMD9hcGktdmVyc2lvbj0yMDE4LTA3LTAx",
      "RequestMethod": "GET",
      "RequestBody": "",
      "RequestHeaders": {
        "User-Agent": [
          "FxVersion/4.6.26614.01",
          "OSName/Windows",
          "OSVersion/Microsoft.Windows.10.0.19041.",
          "Microsoft.Azure.Management.Network.NetworkManagementClient/19.3.0.0"
        ]
      },
      "ResponseHeaders": {
        "Cache-Control": [
          "no-cache"
        ],
        "Date": [
          "Wed, 20 May 2020 10:48:30 GMT"
        ],
        "Pragma": [
          "no-cache"
        ],
        "Server": [
          "Microsoft-HTTPAPI/2.0",
          "Microsoft-HTTPAPI/2.0"
        ],
        "x-ms-request-id": [
          "1956b6a7-7ad5-4c2a-a55c-984cbb607773"
        ],
        "x-ms-correlation-request-id": [
          "5e3b9111-b83f-492b-84c6-eab1fe617b93"
        ],
        "x-ms-arm-service-request-id": [
          "b07e7bd3-3ad5-4050-ba5b-db010b0683a9"
        ],
        "Strict-Transport-Security": [
          "max-age=31536000; includeSubDomains"
        ],
        "x-ms-ratelimit-remaining-subscription-reads": [
          "11995"
        ],
        "x-ms-routing-request-id": [
          "WESTUS:20200520T104830Z:5e3b9111-b83f-492b-84c6-eab1fe617b93"
        ],
        "X-Content-Type-Options": [
          "nosniff"
        ],
        "Content-Length": [
          "29"
        ],
        "Content-Type": [
          "application/json; charset=utf-8"
        ],
        "Expires": [
          "-1"
        ]
      },
      "ResponseBody": "{\r\n  \"status\": \"Succeeded\"\r\n}",
      "StatusCode": 200
    },
    {
      "RequestUri": "/subscriptions/24fb23e3-6ba3-41f0-9b6e-e41131d5d61e/resourceGroups/crptestar9055/providers/Microsoft.Network/virtualNetworks/vn9109?api-version=2018-07-01",
      "EncodedRequestUri": "L3N1YnNjcmlwdGlvbnMvMjRmYjIzZTMtNmJhMy00MWYwLTliNmUtZTQxMTMxZDVkNjFlL3Jlc291cmNlR3JvdXBzL2NycHRlc3RhcjkwNTUvcHJvdmlkZXJzL01pY3Jvc29mdC5OZXR3b3JrL3ZpcnR1YWxOZXR3b3Jrcy92bjkxMDk/YXBpLXZlcnNpb249MjAxOC0wNy0wMQ==",
      "RequestMethod": "GET",
      "RequestBody": "",
      "RequestHeaders": {
        "User-Agent": [
          "FxVersion/4.6.26614.01",
          "OSName/Windows",
          "OSVersion/Microsoft.Windows.10.0.19041.",
          "Microsoft.Azure.Management.Network.NetworkManagementClient/19.3.0.0"
        ]
      },
      "ResponseHeaders": {
        "Cache-Control": [
          "no-cache"
        ],
        "Date": [
          "Wed, 20 May 2020 10:48:30 GMT"
        ],
        "Pragma": [
          "no-cache"
        ],
        "ETag": [
          "W/\"893ac2c2-0135-4339-a0f0-4157850e7015\""
        ],
        "Server": [
          "Microsoft-HTTPAPI/2.0",
          "Microsoft-HTTPAPI/2.0"
        ],
        "x-ms-request-id": [
          "fa4e241b-aea4-46bf-9858-e9e3cda523b4"
        ],
        "x-ms-correlation-request-id": [
          "781af39e-5efb-4a9c-9bb5-556a6d533f62"
        ],
        "x-ms-arm-service-request-id": [
          "f6859cb2-9d84-42ab-ae86-6a8c1fc02f9a"
        ],
        "Strict-Transport-Security": [
          "max-age=31536000; includeSubDomains"
        ],
        "x-ms-ratelimit-remaining-subscription-reads": [
          "11994"
        ],
        "x-ms-routing-request-id": [
          "WESTUS:20200520T104830Z:781af39e-5efb-4a9c-9bb5-556a6d533f62"
        ],
        "X-Content-Type-Options": [
          "nosniff"
        ],
        "Content-Length": [
          "1242"
        ],
        "Content-Type": [
          "application/json; charset=utf-8"
        ],
        "Expires": [
          "-1"
        ]
      },
      "ResponseBody": "{\r\n  \"name\": \"vn9109\",\r\n  \"id\": \"/subscriptions/24fb23e3-6ba3-41f0-9b6e-e41131d5d61e/resourceGroups/crptestar9055/providers/Microsoft.Network/virtualNetworks/vn9109\",\r\n  \"etag\": \"W/\\\"893ac2c2-0135-4339-a0f0-4157850e7015\\\"\",\r\n  \"type\": \"Microsoft.Network/virtualNetworks\",\r\n  \"location\": \"southeastasia\",\r\n  \"properties\": {\r\n    \"provisioningState\": \"Succeeded\",\r\n    \"resourceGuid\": \"b2d2fd48-1c3d-415e-bcdc-a1f399cba05f\",\r\n    \"addressSpace\": {\r\n      \"addressPrefixes\": [\r\n        \"10.0.0.0/16\"\r\n      ]\r\n    },\r\n    \"dhcpOptions\": {\r\n      \"dnsServers\": [\r\n        \"10.1.1.1\",\r\n        \"10.1.2.4\"\r\n      ]\r\n    },\r\n    \"subnets\": [\r\n      {\r\n        \"name\": \"sn8714\",\r\n        \"id\": \"/subscriptions/24fb23e3-6ba3-41f0-9b6e-e41131d5d61e/resourceGroups/crptestar9055/providers/Microsoft.Network/virtualNetworks/vn9109/subnets/sn8714\",\r\n        \"etag\": \"W/\\\"893ac2c2-0135-4339-a0f0-4157850e7015\\\"\",\r\n        \"properties\": {\r\n          \"provisioningState\": \"Succeeded\",\r\n          \"addressPrefix\": \"10.0.0.0/24\",\r\n          \"delegations\": []\r\n        },\r\n        \"type\": \"Microsoft.Network/virtualNetworks/subnets\"\r\n      }\r\n    ],\r\n    \"virtualNetworkPeerings\": [],\r\n    \"enableDdosProtection\": false,\r\n    \"enableVmProtection\": false\r\n  }\r\n}",
      "StatusCode": 200
    },
    {
      "RequestUri": "/subscriptions/24fb23e3-6ba3-41f0-9b6e-e41131d5d61e/resourceGroups/crptestar9055/providers/Microsoft.Network/virtualNetworks/vn9109/subnets/sn8714?api-version=2018-07-01",
      "EncodedRequestUri": "L3N1YnNjcmlwdGlvbnMvMjRmYjIzZTMtNmJhMy00MWYwLTliNmUtZTQxMTMxZDVkNjFlL3Jlc291cmNlR3JvdXBzL2NycHRlc3RhcjkwNTUvcHJvdmlkZXJzL01pY3Jvc29mdC5OZXR3b3JrL3ZpcnR1YWxOZXR3b3Jrcy92bjkxMDkvc3VibmV0cy9zbjg3MTQ/YXBpLXZlcnNpb249MjAxOC0wNy0wMQ==",
      "RequestMethod": "GET",
      "RequestBody": "",
      "RequestHeaders": {
        "x-ms-client-request-id": [
          "7340b9b8-3135-4784-b111-50cc9d14c029"
        ],
        "accept-language": [
          "en-US"
        ],
        "User-Agent": [
          "FxVersion/4.6.26614.01",
          "OSName/Windows",
          "OSVersion/Microsoft.Windows.10.0.19041.",
          "Microsoft.Azure.Management.Network.NetworkManagementClient/19.3.0.0"
        ]
      },
      "ResponseHeaders": {
        "Cache-Control": [
          "no-cache"
        ],
        "Date": [
          "Wed, 20 May 2020 10:48:30 GMT"
        ],
        "Pragma": [
          "no-cache"
        ],
        "ETag": [
          "W/\"893ac2c2-0135-4339-a0f0-4157850e7015\""
        ],
        "Server": [
          "Microsoft-HTTPAPI/2.0",
          "Microsoft-HTTPAPI/2.0"
        ],
        "x-ms-request-id": [
          "2447b231-f064-4338-b7d1-d971d0e8f1a9"
        ],
        "x-ms-correlation-request-id": [
          "8a12e3fa-e269-4a56-982c-92c0651db408"
        ],
        "x-ms-arm-service-request-id": [
          "e3331fa5-b247-4e58-b314-3bd351cb6e7a"
        ],
        "Strict-Transport-Security": [
          "max-age=31536000; includeSubDomains"
        ],
        "x-ms-ratelimit-remaining-subscription-reads": [
          "11993"
        ],
        "x-ms-routing-request-id": [
          "WESTUS:20200520T104831Z:8a12e3fa-e269-4a56-982c-92c0651db408"
        ],
        "X-Content-Type-Options": [
          "nosniff"
        ],
        "Content-Length": [
          "420"
        ],
        "Content-Type": [
          "application/json; charset=utf-8"
        ],
        "Expires": [
          "-1"
        ]
      },
      "ResponseBody": "{\r\n  \"name\": \"sn8714\",\r\n  \"id\": \"/subscriptions/24fb23e3-6ba3-41f0-9b6e-e41131d5d61e/resourceGroups/crptestar9055/providers/Microsoft.Network/virtualNetworks/vn9109/subnets/sn8714\",\r\n  \"etag\": \"W/\\\"893ac2c2-0135-4339-a0f0-4157850e7015\\\"\",\r\n  \"properties\": {\r\n    \"provisioningState\": \"Succeeded\",\r\n    \"addressPrefix\": \"10.0.0.0/24\",\r\n    \"delegations\": []\r\n  },\r\n  \"type\": \"Microsoft.Network/virtualNetworks/subnets\"\r\n}",
      "StatusCode": 200
    },
    {
      "RequestUri": "/subscriptions/24fb23e3-6ba3-41f0-9b6e-e41131d5d61e/resourceGroups/crptestar9055/providers/Microsoft.Network/networkInterfaces/7884?api-version=2018-07-01",
      "EncodedRequestUri": "L3N1YnNjcmlwdGlvbnMvMjRmYjIzZTMtNmJhMy00MWYwLTliNmUtZTQxMTMxZDVkNjFlL3Jlc291cmNlR3JvdXBzL2NycHRlc3RhcjkwNTUvcHJvdmlkZXJzL01pY3Jvc29mdC5OZXR3b3JrL25ldHdvcmtJbnRlcmZhY2VzLzc4ODQ/YXBpLXZlcnNpb249MjAxOC0wNy0wMQ==",
      "RequestMethod": "PUT",
      "RequestBody": "{\r\n  \"properties\": {\r\n    \"ipConfigurations\": [\r\n      {\r\n        \"properties\": {\r\n          \"privateIPAllocationMethod\": \"Dynamic\",\r\n          \"subnet\": {\r\n            \"properties\": {\r\n              \"addressPrefix\": \"10.0.0.0/24\",\r\n              \"provisioningState\": \"Succeeded\"\r\n            },\r\n            \"name\": \"sn8714\",\r\n            \"etag\": \"W/\\\"893ac2c2-0135-4339-a0f0-4157850e7015\\\"\",\r\n            \"id\": \"/subscriptions/24fb23e3-6ba3-41f0-9b6e-e41131d5d61e/resourceGroups/crptestar9055/providers/Microsoft.Network/virtualNetworks/vn9109/subnets/sn8714\"\r\n          }\r\n        },\r\n        \"name\": \"ip503\"\r\n      }\r\n    ]\r\n  },\r\n  \"location\": \"SoutheastAsia\",\r\n  \"tags\": {\r\n    \"key\": \"value\"\r\n  }\r\n}",
      "RequestHeaders": {
        "x-ms-client-request-id": [
          "1124b5ce-1714-47d2-b3b4-12faf55b4fd8"
        ],
        "accept-language": [
          "en-US"
        ],
        "User-Agent": [
          "FxVersion/4.6.26614.01",
          "OSName/Windows",
          "OSVersion/Microsoft.Windows.10.0.19041.",
          "Microsoft.Azure.Management.Network.NetworkManagementClient/19.3.0.0"
        ],
        "Content-Type": [
          "application/json; charset=utf-8"
        ],
        "Content-Length": [
          "706"
        ]
      },
      "ResponseHeaders": {
        "Cache-Control": [
          "no-cache"
        ],
        "Date": [
          "Wed, 20 May 2020 10:48:34 GMT"
        ],
        "Pragma": [
          "no-cache"
        ],
        "Server": [
          "Microsoft-HTTPAPI/2.0",
          "Microsoft-HTTPAPI/2.0"
        ],
        "x-ms-request-id": [
          "94927a8c-066f-450d-8400-9a915a2e363c"
        ],
        "Azure-AsyncOperation": [
          "https://management.azure.com/subscriptions/24fb23e3-6ba3-41f0-9b6e-e41131d5d61e/providers/Microsoft.Network/locations/southeastasia/operations/94927a8c-066f-450d-8400-9a915a2e363c?api-version=2018-07-01"
        ],
        "x-ms-correlation-request-id": [
          "f51a4041-3363-4d36-9ecf-2fd8dc43bc09"
        ],
        "Azure-AsyncNotification": [
          "Enabled"
        ],
        "x-ms-arm-service-request-id": [
          "1c6bebcd-221d-4e67-a40c-2463ab84231c"
        ],
        "Strict-Transport-Security": [
          "max-age=31536000; includeSubDomains"
        ],
        "x-ms-ratelimit-remaining-subscription-writes": [
          "1198"
        ],
        "x-ms-routing-request-id": [
          "WESTUS:20200520T104834Z:f51a4041-3363-4d36-9ecf-2fd8dc43bc09"
        ],
        "X-Content-Type-Options": [
          "nosniff"
        ],
        "Content-Length": [
          "1562"
        ],
        "Content-Type": [
          "application/json; charset=utf-8"
        ],
        "Expires": [
          "-1"
        ]
      },
      "ResponseBody": "{\r\n  \"name\": \"7884\",\r\n  \"id\": \"/subscriptions/24fb23e3-6ba3-41f0-9b6e-e41131d5d61e/resourceGroups/crptestar9055/providers/Microsoft.Network/networkInterfaces/7884\",\r\n  \"etag\": \"W/\\\"d7ecae12-24ea-428b-8e00-121e2859e61e\\\"\",\r\n  \"location\": \"southeastasia\",\r\n  \"tags\": {\r\n    \"key\": \"value\"\r\n  },\r\n  \"properties\": {\r\n    \"provisioningState\": \"Succeeded\",\r\n    \"resourceGuid\": \"8cd73a2d-925f-44c1-9b4b-ffa6d68b9a4d\",\r\n    \"ipConfigurations\": [\r\n      {\r\n        \"name\": \"ip503\",\r\n        \"id\": \"/subscriptions/24fb23e3-6ba3-41f0-9b6e-e41131d5d61e/resourceGroups/crptestar9055/providers/Microsoft.Network/networkInterfaces/7884/ipConfigurations/ip503\",\r\n        \"etag\": \"W/\\\"d7ecae12-24ea-428b-8e00-121e2859e61e\\\"\",\r\n        \"type\": \"Microsoft.Network/networkInterfaces/ipConfigurations\",\r\n        \"properties\": {\r\n          \"provisioningState\": \"Succeeded\",\r\n          \"privateIPAddress\": \"10.0.0.4\",\r\n          \"privateIPAllocationMethod\": \"Dynamic\",\r\n          \"subnet\": {\r\n            \"id\": \"/subscriptions/24fb23e3-6ba3-41f0-9b6e-e41131d5d61e/resourceGroups/crptestar9055/providers/Microsoft.Network/virtualNetworks/vn9109/subnets/sn8714\"\r\n          },\r\n          \"primary\": true,\r\n          \"privateIPAddressVersion\": \"IPv4\"\r\n        }\r\n      }\r\n    ],\r\n    \"dnsSettings\": {\r\n      \"dnsServers\": [],\r\n      \"appliedDnsServers\": [],\r\n      \"internalDomainNameSuffix\": \"jd43fmr3drpedpg2uhzzts3alh.ix.internal.cloudapp.net\"\r\n    },\r\n    \"enableAcceleratedNetworking\": false,\r\n    \"enableIPForwarding\": false\r\n  },\r\n  \"type\": \"Microsoft.Network/networkInterfaces\"\r\n}",
      "StatusCode": 201
    },
    {
      "RequestUri": "/subscriptions/24fb23e3-6ba3-41f0-9b6e-e41131d5d61e/resourceGroups/crptestar9055/providers/Microsoft.Network/networkInterfaces/7884?api-version=2018-07-01",
      "EncodedRequestUri": "L3N1YnNjcmlwdGlvbnMvMjRmYjIzZTMtNmJhMy00MWYwLTliNmUtZTQxMTMxZDVkNjFlL3Jlc291cmNlR3JvdXBzL2NycHRlc3RhcjkwNTUvcHJvdmlkZXJzL01pY3Jvc29mdC5OZXR3b3JrL25ldHdvcmtJbnRlcmZhY2VzLzc4ODQ/YXBpLXZlcnNpb249MjAxOC0wNy0wMQ==",
      "RequestMethod": "GET",
      "RequestBody": "",
      "RequestHeaders": {
        "User-Agent": [
          "FxVersion/4.6.26614.01",
          "OSName/Windows",
          "OSVersion/Microsoft.Windows.10.0.19041.",
          "Microsoft.Azure.Management.Network.NetworkManagementClient/19.3.0.0"
        ]
      },
      "ResponseHeaders": {
        "Cache-Control": [
          "no-cache"
        ],
        "Date": [
          "Wed, 20 May 2020 10:48:34 GMT"
        ],
        "Pragma": [
          "no-cache"
        ],
        "ETag": [
          "W/\"d7ecae12-24ea-428b-8e00-121e2859e61e\""
        ],
        "Server": [
          "Microsoft-HTTPAPI/2.0",
          "Microsoft-HTTPAPI/2.0"
        ],
        "x-ms-request-id": [
          "a3006ac2-138f-4693-a238-9812359b3232"
        ],
        "x-ms-correlation-request-id": [
          "a2a15db9-71a7-4891-8db7-8f39a8a247a1"
        ],
        "x-ms-arm-service-request-id": [
          "3c54ccec-a4fd-4da9-994e-4285624507ee"
        ],
        "Strict-Transport-Security": [
          "max-age=31536000; includeSubDomains"
        ],
        "x-ms-ratelimit-remaining-subscription-reads": [
          "11992"
        ],
        "x-ms-routing-request-id": [
          "WESTUS:20200520T104835Z:a2a15db9-71a7-4891-8db7-8f39a8a247a1"
        ],
        "X-Content-Type-Options": [
          "nosniff"
        ],
        "Content-Length": [
          "1562"
        ],
        "Content-Type": [
          "application/json; charset=utf-8"
        ],
        "Expires": [
          "-1"
        ]
      },
      "ResponseBody": "{\r\n  \"name\": \"7884\",\r\n  \"id\": \"/subscriptions/24fb23e3-6ba3-41f0-9b6e-e41131d5d61e/resourceGroups/crptestar9055/providers/Microsoft.Network/networkInterfaces/7884\",\r\n  \"etag\": \"W/\\\"d7ecae12-24ea-428b-8e00-121e2859e61e\\\"\",\r\n  \"location\": \"southeastasia\",\r\n  \"tags\": {\r\n    \"key\": \"value\"\r\n  },\r\n  \"properties\": {\r\n    \"provisioningState\": \"Succeeded\",\r\n    \"resourceGuid\": \"8cd73a2d-925f-44c1-9b4b-ffa6d68b9a4d\",\r\n    \"ipConfigurations\": [\r\n      {\r\n        \"name\": \"ip503\",\r\n        \"id\": \"/subscriptions/24fb23e3-6ba3-41f0-9b6e-e41131d5d61e/resourceGroups/crptestar9055/providers/Microsoft.Network/networkInterfaces/7884/ipConfigurations/ip503\",\r\n        \"etag\": \"W/\\\"d7ecae12-24ea-428b-8e00-121e2859e61e\\\"\",\r\n        \"type\": \"Microsoft.Network/networkInterfaces/ipConfigurations\",\r\n        \"properties\": {\r\n          \"provisioningState\": \"Succeeded\",\r\n          \"privateIPAddress\": \"10.0.0.4\",\r\n          \"privateIPAllocationMethod\": \"Dynamic\",\r\n          \"subnet\": {\r\n            \"id\": \"/subscriptions/24fb23e3-6ba3-41f0-9b6e-e41131d5d61e/resourceGroups/crptestar9055/providers/Microsoft.Network/virtualNetworks/vn9109/subnets/sn8714\"\r\n          },\r\n          \"primary\": true,\r\n          \"privateIPAddressVersion\": \"IPv4\"\r\n        }\r\n      }\r\n    ],\r\n    \"dnsSettings\": {\r\n      \"dnsServers\": [],\r\n      \"appliedDnsServers\": [],\r\n      \"internalDomainNameSuffix\": \"jd43fmr3drpedpg2uhzzts3alh.ix.internal.cloudapp.net\"\r\n    },\r\n    \"enableAcceleratedNetworking\": false,\r\n    \"enableIPForwarding\": false\r\n  },\r\n  \"type\": \"Microsoft.Network/networkInterfaces\"\r\n}",
      "StatusCode": 200
    },
    {
      "RequestUri": "/subscriptions/24fb23e3-6ba3-41f0-9b6e-e41131d5d61e/resourceGroups/crptestar9055/providers/Microsoft.Network/networkInterfaces/7884?api-version=2018-07-01",
      "EncodedRequestUri": "L3N1YnNjcmlwdGlvbnMvMjRmYjIzZTMtNmJhMy00MWYwLTliNmUtZTQxMTMxZDVkNjFlL3Jlc291cmNlR3JvdXBzL2NycHRlc3RhcjkwNTUvcHJvdmlkZXJzL01pY3Jvc29mdC5OZXR3b3JrL25ldHdvcmtJbnRlcmZhY2VzLzc4ODQ/YXBpLXZlcnNpb249MjAxOC0wNy0wMQ==",
      "RequestMethod": "GET",
      "RequestBody": "",
      "RequestHeaders": {
        "x-ms-client-request-id": [
          "47520985-c726-4436-a88f-c2580a6f8417"
        ],
        "accept-language": [
          "en-US"
        ],
        "User-Agent": [
          "FxVersion/4.6.26614.01",
          "OSName/Windows",
          "OSVersion/Microsoft.Windows.10.0.19041.",
          "Microsoft.Azure.Management.Network.NetworkManagementClient/19.3.0.0"
        ]
      },
      "ResponseHeaders": {
        "Cache-Control": [
          "no-cache"
        ],
        "Date": [
          "Wed, 20 May 2020 10:48:35 GMT"
        ],
        "Pragma": [
          "no-cache"
        ],
        "ETag": [
          "W/\"d7ecae12-24ea-428b-8e00-121e2859e61e\""
        ],
        "Server": [
          "Microsoft-HTTPAPI/2.0",
          "Microsoft-HTTPAPI/2.0"
        ],
        "x-ms-request-id": [
          "a3a1fdf3-d533-4d2f-9b6b-2d8296c5b00f"
        ],
        "x-ms-correlation-request-id": [
          "18d1e1cb-4717-401f-8178-1562b29f91e1"
        ],
        "x-ms-arm-service-request-id": [
          "70fdacf8-0beb-4e00-b6f8-4890f42c2299"
        ],
        "Strict-Transport-Security": [
          "max-age=31536000; includeSubDomains"
        ],
        "x-ms-ratelimit-remaining-subscription-reads": [
          "11991"
        ],
        "x-ms-routing-request-id": [
          "WESTUS:20200520T104835Z:18d1e1cb-4717-401f-8178-1562b29f91e1"
        ],
        "X-Content-Type-Options": [
          "nosniff"
        ],
        "Content-Length": [
          "1562"
        ],
        "Content-Type": [
          "application/json; charset=utf-8"
        ],
        "Expires": [
          "-1"
        ]
      },
      "ResponseBody": "{\r\n  \"name\": \"7884\",\r\n  \"id\": \"/subscriptions/24fb23e3-6ba3-41f0-9b6e-e41131d5d61e/resourceGroups/crptestar9055/providers/Microsoft.Network/networkInterfaces/7884\",\r\n  \"etag\": \"W/\\\"d7ecae12-24ea-428b-8e00-121e2859e61e\\\"\",\r\n  \"location\": \"southeastasia\",\r\n  \"tags\": {\r\n    \"key\": \"value\"\r\n  },\r\n  \"properties\": {\r\n    \"provisioningState\": \"Succeeded\",\r\n    \"resourceGuid\": \"8cd73a2d-925f-44c1-9b4b-ffa6d68b9a4d\",\r\n    \"ipConfigurations\": [\r\n      {\r\n        \"name\": \"ip503\",\r\n        \"id\": \"/subscriptions/24fb23e3-6ba3-41f0-9b6e-e41131d5d61e/resourceGroups/crptestar9055/providers/Microsoft.Network/networkInterfaces/7884/ipConfigurations/ip503\",\r\n        \"etag\": \"W/\\\"d7ecae12-24ea-428b-8e00-121e2859e61e\\\"\",\r\n        \"type\": \"Microsoft.Network/networkInterfaces/ipConfigurations\",\r\n        \"properties\": {\r\n          \"provisioningState\": \"Succeeded\",\r\n          \"privateIPAddress\": \"10.0.0.4\",\r\n          \"privateIPAllocationMethod\": \"Dynamic\",\r\n          \"subnet\": {\r\n            \"id\": \"/subscriptions/24fb23e3-6ba3-41f0-9b6e-e41131d5d61e/resourceGroups/crptestar9055/providers/Microsoft.Network/virtualNetworks/vn9109/subnets/sn8714\"\r\n          },\r\n          \"primary\": true,\r\n          \"privateIPAddressVersion\": \"IPv4\"\r\n        }\r\n      }\r\n    ],\r\n    \"dnsSettings\": {\r\n      \"dnsServers\": [],\r\n      \"appliedDnsServers\": [],\r\n      \"internalDomainNameSuffix\": \"jd43fmr3drpedpg2uhzzts3alh.ix.internal.cloudapp.net\"\r\n    },\r\n    \"enableAcceleratedNetworking\": false,\r\n    \"enableIPForwarding\": false\r\n  },\r\n  \"type\": \"Microsoft.Network/networkInterfaces\"\r\n}",
      "StatusCode": 200
    },
    {
      "RequestUri": "/subscriptions/24fb23e3-6ba3-41f0-9b6e-e41131d5d61e/resourceGroups/crptestar9055/providers/Microsoft.Network/networkInterfaces/7884?api-version=2018-07-01",
      "EncodedRequestUri": "L3N1YnNjcmlwdGlvbnMvMjRmYjIzZTMtNmJhMy00MWYwLTliNmUtZTQxMTMxZDVkNjFlL3Jlc291cmNlR3JvdXBzL2NycHRlc3RhcjkwNTUvcHJvdmlkZXJzL01pY3Jvc29mdC5OZXR3b3JrL25ldHdvcmtJbnRlcmZhY2VzLzc4ODQ/YXBpLXZlcnNpb249MjAxOC0wNy0wMQ==",
      "RequestMethod": "GET",
      "RequestBody": "",
      "RequestHeaders": {
        "x-ms-client-request-id": [
          "feefd7e3-f511-4bb0-8fb2-116004de3b36"
        ],
        "accept-language": [
          "en-US"
        ],
        "User-Agent": [
          "FxVersion/4.6.26614.01",
          "OSName/Windows",
          "OSVersion/Microsoft.Windows.10.0.19041.",
          "Microsoft.Azure.Management.Network.NetworkManagementClient/19.3.0.0"
        ]
      },
      "ResponseHeaders": {
        "Cache-Control": [
          "no-cache"
        ],
        "Date": [
          "Wed, 20 May 2020 10:51:48 GMT"
        ],
        "Pragma": [
          "no-cache"
        ],
        "ETag": [
          "W/\"f0a9ef5a-c79c-46bf-bd62-8b439bca4799\""
        ],
        "Server": [
          "Microsoft-HTTPAPI/2.0",
          "Microsoft-HTTPAPI/2.0"
        ],
        "x-ms-request-id": [
          "2c21ad8d-a45e-42ff-9c1a-9afe9812c6ef"
        ],
        "x-ms-correlation-request-id": [
          "5dc613ef-e35c-4235-b480-cc1c95ef3e5a"
        ],
        "x-ms-arm-service-request-id": [
          "303b66c3-fa97-4c27-aa75-096b38a4dcc4"
        ],
        "Strict-Transport-Security": [
          "max-age=31536000; includeSubDomains"
        ],
        "x-ms-ratelimit-remaining-subscription-reads": [
          "11999"
        ],
        "x-ms-routing-request-id": [
          "WESTUS:20200520T105149Z:5dc613ef-e35c-4235-b480-cc1c95ef3e5a"
        ],
        "X-Content-Type-Options": [
          "nosniff"
        ],
        "Content-Length": [
          "1805"
        ],
        "Content-Type": [
          "application/json; charset=utf-8"
        ],
        "Expires": [
          "-1"
        ]
      },
      "ResponseBody": "{\r\n  \"name\": \"7884\",\r\n  \"id\": \"/subscriptions/24fb23e3-6ba3-41f0-9b6e-e41131d5d61e/resourceGroups/crptestar9055/providers/Microsoft.Network/networkInterfaces/7884\",\r\n  \"etag\": \"W/\\\"f0a9ef5a-c79c-46bf-bd62-8b439bca4799\\\"\",\r\n  \"location\": \"southeastasia\",\r\n  \"tags\": {\r\n    \"key\": \"value\"\r\n  },\r\n  \"properties\": {\r\n    \"provisioningState\": \"Succeeded\",\r\n    \"resourceGuid\": \"8cd73a2d-925f-44c1-9b4b-ffa6d68b9a4d\",\r\n    \"ipConfigurations\": [\r\n      {\r\n        \"name\": \"ip503\",\r\n        \"id\": \"/subscriptions/24fb23e3-6ba3-41f0-9b6e-e41131d5d61e/resourceGroups/crptestar9055/providers/Microsoft.Network/networkInterfaces/7884/ipConfigurations/ip503\",\r\n        \"etag\": \"W/\\\"f0a9ef5a-c79c-46bf-bd62-8b439bca4799\\\"\",\r\n        \"type\": \"Microsoft.Network/networkInterfaces/ipConfigurations\",\r\n        \"properties\": {\r\n          \"provisioningState\": \"Succeeded\",\r\n          \"privateIPAddress\": \"10.0.0.4\",\r\n          \"privateIPAllocationMethod\": \"Dynamic\",\r\n          \"subnet\": {\r\n            \"id\": \"/subscriptions/24fb23e3-6ba3-41f0-9b6e-e41131d5d61e/resourceGroups/crptestar9055/providers/Microsoft.Network/virtualNetworks/vn9109/subnets/sn8714\"\r\n          },\r\n          \"primary\": true,\r\n          \"privateIPAddressVersion\": \"IPv4\"\r\n        }\r\n      }\r\n    ],\r\n    \"dnsSettings\": {\r\n      \"dnsServers\": [],\r\n      \"appliedDnsServers\": [],\r\n      \"internalDomainNameSuffix\": \"jd43fmr3drpedpg2uhzzts3alh.ix.internal.cloudapp.net\"\r\n    },\r\n    \"macAddress\": \"00-0D-3A-A3-E8-4D\",\r\n    \"enableAcceleratedNetworking\": false,\r\n    \"enableIPForwarding\": false,\r\n    \"primary\": false,\r\n    \"virtualMachine\": {\r\n      \"id\": \"/subscriptions/24fb23e3-6ba3-41f0-9b6e-e41131d5d61e/resourceGroups/crptestar9055/providers/Microsoft.Compute/virtualMachines/vm6089\"\r\n    }\r\n  },\r\n  \"type\": \"Microsoft.Network/networkInterfaces\"\r\n}",
      "StatusCode": 200
    },
    {
      "RequestUri": "/subscriptions/24fb23e3-6ba3-41f0-9b6e-e41131d5d61e/resourceGroups/crptestar9055/providers/Microsoft.Network/networkInterfaces/8771?api-version=2018-07-01",
      "EncodedRequestUri": "L3N1YnNjcmlwdGlvbnMvMjRmYjIzZTMtNmJhMy00MWYwLTliNmUtZTQxMTMxZDVkNjFlL3Jlc291cmNlR3JvdXBzL2NycHRlc3RhcjkwNTUvcHJvdmlkZXJzL01pY3Jvc29mdC5OZXR3b3JrL25ldHdvcmtJbnRlcmZhY2VzLzg3NzE/YXBpLXZlcnNpb249MjAxOC0wNy0wMQ==",
      "RequestMethod": "PUT",
      "RequestBody": "{\r\n  \"properties\": {\r\n    \"ipConfigurations\": [\r\n      {\r\n        \"properties\": {\r\n          \"privateIPAllocationMethod\": \"Dynamic\",\r\n          \"subnet\": {\r\n            \"properties\": {\r\n              \"addressPrefix\": \"10.0.0.0/24\",\r\n              \"provisioningState\": \"Succeeded\"\r\n            },\r\n            \"name\": \"sn8714\",\r\n            \"etag\": \"W/\\\"893ac2c2-0135-4339-a0f0-4157850e7015\\\"\",\r\n            \"id\": \"/subscriptions/24fb23e3-6ba3-41f0-9b6e-e41131d5d61e/resourceGroups/crptestar9055/providers/Microsoft.Network/virtualNetworks/vn9109/subnets/sn8714\"\r\n          }\r\n        },\r\n        \"name\": \"ip5291\"\r\n      }\r\n    ]\r\n  },\r\n  \"location\": \"SoutheastAsia\",\r\n  \"tags\": {\r\n    \"key\": \"value\"\r\n  }\r\n}",
      "RequestHeaders": {
        "x-ms-client-request-id": [
          "a8d48dbc-b744-4c3f-a724-82305d55f3e4"
        ],
        "accept-language": [
          "en-US"
        ],
        "User-Agent": [
          "FxVersion/4.6.26614.01",
          "OSName/Windows",
          "OSVersion/Microsoft.Windows.10.0.19041.",
          "Microsoft.Azure.Management.Network.NetworkManagementClient/19.3.0.0"
        ],
        "Content-Type": [
          "application/json; charset=utf-8"
        ],
        "Content-Length": [
          "707"
        ]
      },
      "ResponseHeaders": {
        "Cache-Control": [
          "no-cache"
        ],
        "Date": [
          "Wed, 20 May 2020 10:48:40 GMT"
        ],
        "Pragma": [
          "no-cache"
        ],
        "Server": [
          "Microsoft-HTTPAPI/2.0",
          "Microsoft-HTTPAPI/2.0"
        ],
        "x-ms-request-id": [
          "2eec8ca6-7a79-401f-9350-e1b0cc1e34f5"
        ],
        "Azure-AsyncOperation": [
          "https://management.azure.com/subscriptions/24fb23e3-6ba3-41f0-9b6e-e41131d5d61e/providers/Microsoft.Network/locations/southeastasia/operations/2eec8ca6-7a79-401f-9350-e1b0cc1e34f5?api-version=2018-07-01"
        ],
        "x-ms-correlation-request-id": [
          "9c61c973-cdc6-41f1-ac0a-739f0584af5b"
        ],
        "Azure-AsyncNotification": [
          "Enabled"
        ],
        "x-ms-arm-service-request-id": [
          "f70c3ddd-cff4-4f47-9348-9693ba54073b"
        ],
        "Strict-Transport-Security": [
          "max-age=31536000; includeSubDomains"
        ],
        "x-ms-ratelimit-remaining-subscription-writes": [
          "1197"
        ],
        "x-ms-routing-request-id": [
          "WESTUS:20200520T104841Z:9c61c973-cdc6-41f1-ac0a-739f0584af5b"
        ],
        "X-Content-Type-Options": [
          "nosniff"
        ],
        "Content-Length": [
          "1564"
        ],
        "Content-Type": [
          "application/json; charset=utf-8"
        ],
        "Expires": [
          "-1"
        ]
      },
      "ResponseBody": "{\r\n  \"name\": \"8771\",\r\n  \"id\": \"/subscriptions/24fb23e3-6ba3-41f0-9b6e-e41131d5d61e/resourceGroups/crptestar9055/providers/Microsoft.Network/networkInterfaces/8771\",\r\n  \"etag\": \"W/\\\"38705672-43a2-4ea7-8463-c84c13a570aa\\\"\",\r\n  \"location\": \"southeastasia\",\r\n  \"tags\": {\r\n    \"key\": \"value\"\r\n  },\r\n  \"properties\": {\r\n    \"provisioningState\": \"Succeeded\",\r\n    \"resourceGuid\": \"809154d4-836c-4d52-b554-70cc9fab5b4f\",\r\n    \"ipConfigurations\": [\r\n      {\r\n        \"name\": \"ip5291\",\r\n        \"id\": \"/subscriptions/24fb23e3-6ba3-41f0-9b6e-e41131d5d61e/resourceGroups/crptestar9055/providers/Microsoft.Network/networkInterfaces/8771/ipConfigurations/ip5291\",\r\n        \"etag\": \"W/\\\"38705672-43a2-4ea7-8463-c84c13a570aa\\\"\",\r\n        \"type\": \"Microsoft.Network/networkInterfaces/ipConfigurations\",\r\n        \"properties\": {\r\n          \"provisioningState\": \"Succeeded\",\r\n          \"privateIPAddress\": \"10.0.0.5\",\r\n          \"privateIPAllocationMethod\": \"Dynamic\",\r\n          \"subnet\": {\r\n            \"id\": \"/subscriptions/24fb23e3-6ba3-41f0-9b6e-e41131d5d61e/resourceGroups/crptestar9055/providers/Microsoft.Network/virtualNetworks/vn9109/subnets/sn8714\"\r\n          },\r\n          \"primary\": true,\r\n          \"privateIPAddressVersion\": \"IPv4\"\r\n        }\r\n      }\r\n    ],\r\n    \"dnsSettings\": {\r\n      \"dnsServers\": [],\r\n      \"appliedDnsServers\": [],\r\n      \"internalDomainNameSuffix\": \"jd43fmr3drpedpg2uhzzts3alh.ix.internal.cloudapp.net\"\r\n    },\r\n    \"enableAcceleratedNetworking\": false,\r\n    \"enableIPForwarding\": false\r\n  },\r\n  \"type\": \"Microsoft.Network/networkInterfaces\"\r\n}",
      "StatusCode": 201
    },
    {
      "RequestUri": "/subscriptions/24fb23e3-6ba3-41f0-9b6e-e41131d5d61e/resourceGroups/crptestar9055/providers/Microsoft.Network/networkInterfaces/8771?api-version=2018-07-01",
      "EncodedRequestUri": "L3N1YnNjcmlwdGlvbnMvMjRmYjIzZTMtNmJhMy00MWYwLTliNmUtZTQxMTMxZDVkNjFlL3Jlc291cmNlR3JvdXBzL2NycHRlc3RhcjkwNTUvcHJvdmlkZXJzL01pY3Jvc29mdC5OZXR3b3JrL25ldHdvcmtJbnRlcmZhY2VzLzg3NzE/YXBpLXZlcnNpb249MjAxOC0wNy0wMQ==",
      "RequestMethod": "GET",
      "RequestBody": "",
      "RequestHeaders": {
        "User-Agent": [
          "FxVersion/4.6.26614.01",
          "OSName/Windows",
          "OSVersion/Microsoft.Windows.10.0.19041.",
          "Microsoft.Azure.Management.Network.NetworkManagementClient/19.3.0.0"
        ]
      },
      "ResponseHeaders": {
        "Cache-Control": [
          "no-cache"
        ],
        "Date": [
          "Wed, 20 May 2020 10:48:41 GMT"
        ],
        "Pragma": [
          "no-cache"
        ],
        "ETag": [
          "W/\"38705672-43a2-4ea7-8463-c84c13a570aa\""
        ],
        "Server": [
          "Microsoft-HTTPAPI/2.0",
          "Microsoft-HTTPAPI/2.0"
        ],
        "x-ms-request-id": [
          "3a17b1df-5c38-4c0e-955f-1eb41e84852f"
        ],
        "x-ms-correlation-request-id": [
          "d3a706b9-db0f-4e72-8c31-c536c51e1a2d"
        ],
        "x-ms-arm-service-request-id": [
          "e0f14ded-7edc-4ca6-9655-614bc11e920e"
        ],
        "Strict-Transport-Security": [
          "max-age=31536000; includeSubDomains"
        ],
        "x-ms-ratelimit-remaining-subscription-reads": [
          "11990"
        ],
        "x-ms-routing-request-id": [
          "WESTUS:20200520T104841Z:d3a706b9-db0f-4e72-8c31-c536c51e1a2d"
        ],
        "X-Content-Type-Options": [
          "nosniff"
        ],
        "Content-Length": [
          "1564"
        ],
        "Content-Type": [
          "application/json; charset=utf-8"
        ],
        "Expires": [
          "-1"
        ]
      },
      "ResponseBody": "{\r\n  \"name\": \"8771\",\r\n  \"id\": \"/subscriptions/24fb23e3-6ba3-41f0-9b6e-e41131d5d61e/resourceGroups/crptestar9055/providers/Microsoft.Network/networkInterfaces/8771\",\r\n  \"etag\": \"W/\\\"38705672-43a2-4ea7-8463-c84c13a570aa\\\"\",\r\n  \"location\": \"southeastasia\",\r\n  \"tags\": {\r\n    \"key\": \"value\"\r\n  },\r\n  \"properties\": {\r\n    \"provisioningState\": \"Succeeded\",\r\n    \"resourceGuid\": \"809154d4-836c-4d52-b554-70cc9fab5b4f\",\r\n    \"ipConfigurations\": [\r\n      {\r\n        \"name\": \"ip5291\",\r\n        \"id\": \"/subscriptions/24fb23e3-6ba3-41f0-9b6e-e41131d5d61e/resourceGroups/crptestar9055/providers/Microsoft.Network/networkInterfaces/8771/ipConfigurations/ip5291\",\r\n        \"etag\": \"W/\\\"38705672-43a2-4ea7-8463-c84c13a570aa\\\"\",\r\n        \"type\": \"Microsoft.Network/networkInterfaces/ipConfigurations\",\r\n        \"properties\": {\r\n          \"provisioningState\": \"Succeeded\",\r\n          \"privateIPAddress\": \"10.0.0.5\",\r\n          \"privateIPAllocationMethod\": \"Dynamic\",\r\n          \"subnet\": {\r\n            \"id\": \"/subscriptions/24fb23e3-6ba3-41f0-9b6e-e41131d5d61e/resourceGroups/crptestar9055/providers/Microsoft.Network/virtualNetworks/vn9109/subnets/sn8714\"\r\n          },\r\n          \"primary\": true,\r\n          \"privateIPAddressVersion\": \"IPv4\"\r\n        }\r\n      }\r\n    ],\r\n    \"dnsSettings\": {\r\n      \"dnsServers\": [],\r\n      \"appliedDnsServers\": [],\r\n      \"internalDomainNameSuffix\": \"jd43fmr3drpedpg2uhzzts3alh.ix.internal.cloudapp.net\"\r\n    },\r\n    \"enableAcceleratedNetworking\": false,\r\n    \"enableIPForwarding\": false\r\n  },\r\n  \"type\": \"Microsoft.Network/networkInterfaces\"\r\n}",
      "StatusCode": 200
    },
    {
      "RequestUri": "/subscriptions/24fb23e3-6ba3-41f0-9b6e-e41131d5d61e/resourceGroups/crptestar9055/providers/Microsoft.Network/networkInterfaces/8771?api-version=2018-07-01",
      "EncodedRequestUri": "L3N1YnNjcmlwdGlvbnMvMjRmYjIzZTMtNmJhMy00MWYwLTliNmUtZTQxMTMxZDVkNjFlL3Jlc291cmNlR3JvdXBzL2NycHRlc3RhcjkwNTUvcHJvdmlkZXJzL01pY3Jvc29mdC5OZXR3b3JrL25ldHdvcmtJbnRlcmZhY2VzLzg3NzE/YXBpLXZlcnNpb249MjAxOC0wNy0wMQ==",
      "RequestMethod": "GET",
      "RequestBody": "",
      "RequestHeaders": {
        "x-ms-client-request-id": [
          "d3399fea-ee39-4903-b72d-a306d3048e86"
        ],
        "accept-language": [
          "en-US"
        ],
        "User-Agent": [
          "FxVersion/4.6.26614.01",
          "OSName/Windows",
          "OSVersion/Microsoft.Windows.10.0.19041.",
          "Microsoft.Azure.Management.Network.NetworkManagementClient/19.3.0.0"
        ]
      },
      "ResponseHeaders": {
        "Cache-Control": [
          "no-cache"
        ],
        "Date": [
          "Wed, 20 May 2020 10:48:41 GMT"
        ],
        "Pragma": [
          "no-cache"
        ],
        "ETag": [
          "W/\"38705672-43a2-4ea7-8463-c84c13a570aa\""
        ],
        "Server": [
          "Microsoft-HTTPAPI/2.0",
          "Microsoft-HTTPAPI/2.0"
        ],
        "x-ms-request-id": [
          "40d454af-9b40-4055-ae39-198eb4c71b5c"
        ],
        "x-ms-correlation-request-id": [
          "189b18b5-6b41-4222-9d3d-ed8d2951bc0e"
        ],
        "x-ms-arm-service-request-id": [
          "ba145353-d2b8-4a29-96c2-d473540bee78"
        ],
        "Strict-Transport-Security": [
          "max-age=31536000; includeSubDomains"
        ],
        "x-ms-ratelimit-remaining-subscription-reads": [
          "11989"
        ],
        "x-ms-routing-request-id": [
          "WESTUS:20200520T104841Z:189b18b5-6b41-4222-9d3d-ed8d2951bc0e"
        ],
        "X-Content-Type-Options": [
          "nosniff"
        ],
        "Content-Length": [
          "1564"
        ],
        "Content-Type": [
          "application/json; charset=utf-8"
        ],
        "Expires": [
          "-1"
        ]
      },
      "ResponseBody": "{\r\n  \"name\": \"8771\",\r\n  \"id\": \"/subscriptions/24fb23e3-6ba3-41f0-9b6e-e41131d5d61e/resourceGroups/crptestar9055/providers/Microsoft.Network/networkInterfaces/8771\",\r\n  \"etag\": \"W/\\\"38705672-43a2-4ea7-8463-c84c13a570aa\\\"\",\r\n  \"location\": \"southeastasia\",\r\n  \"tags\": {\r\n    \"key\": \"value\"\r\n  },\r\n  \"properties\": {\r\n    \"provisioningState\": \"Succeeded\",\r\n    \"resourceGuid\": \"809154d4-836c-4d52-b554-70cc9fab5b4f\",\r\n    \"ipConfigurations\": [\r\n      {\r\n        \"name\": \"ip5291\",\r\n        \"id\": \"/subscriptions/24fb23e3-6ba3-41f0-9b6e-e41131d5d61e/resourceGroups/crptestar9055/providers/Microsoft.Network/networkInterfaces/8771/ipConfigurations/ip5291\",\r\n        \"etag\": \"W/\\\"38705672-43a2-4ea7-8463-c84c13a570aa\\\"\",\r\n        \"type\": \"Microsoft.Network/networkInterfaces/ipConfigurations\",\r\n        \"properties\": {\r\n          \"provisioningState\": \"Succeeded\",\r\n          \"privateIPAddress\": \"10.0.0.5\",\r\n          \"privateIPAllocationMethod\": \"Dynamic\",\r\n          \"subnet\": {\r\n            \"id\": \"/subscriptions/24fb23e3-6ba3-41f0-9b6e-e41131d5d61e/resourceGroups/crptestar9055/providers/Microsoft.Network/virtualNetworks/vn9109/subnets/sn8714\"\r\n          },\r\n          \"primary\": true,\r\n          \"privateIPAddressVersion\": \"IPv4\"\r\n        }\r\n      }\r\n    ],\r\n    \"dnsSettings\": {\r\n      \"dnsServers\": [],\r\n      \"appliedDnsServers\": [],\r\n      \"internalDomainNameSuffix\": \"jd43fmr3drpedpg2uhzzts3alh.ix.internal.cloudapp.net\"\r\n    },\r\n    \"enableAcceleratedNetworking\": false,\r\n    \"enableIPForwarding\": false\r\n  },\r\n  \"type\": \"Microsoft.Network/networkInterfaces\"\r\n}",
      "StatusCode": 200
    },
    {
      "RequestUri": "/subscriptions/24fb23e3-6ba3-41f0-9b6e-e41131d5d61e/resourceGroups/crptestar9055/providers/Microsoft.Network/networkInterfaces/8771?api-version=2018-07-01",
      "EncodedRequestUri": "L3N1YnNjcmlwdGlvbnMvMjRmYjIzZTMtNmJhMy00MWYwLTliNmUtZTQxMTMxZDVkNjFlL3Jlc291cmNlR3JvdXBzL2NycHRlc3RhcjkwNTUvcHJvdmlkZXJzL01pY3Jvc29mdC5OZXR3b3JrL25ldHdvcmtJbnRlcmZhY2VzLzg3NzE/YXBpLXZlcnNpb249MjAxOC0wNy0wMQ==",
      "RequestMethod": "GET",
      "RequestBody": "",
      "RequestHeaders": {
        "x-ms-client-request-id": [
          "d2da734a-7643-4f00-834a-23821c4a671e"
        ],
        "accept-language": [
          "en-US"
        ],
        "User-Agent": [
          "FxVersion/4.6.26614.01",
          "OSName/Windows",
          "OSVersion/Microsoft.Windows.10.0.19041.",
          "Microsoft.Azure.Management.Network.NetworkManagementClient/19.3.0.0"
        ]
      },
      "ResponseHeaders": {
        "Cache-Control": [
          "no-cache"
        ],
        "Date": [
          "Wed, 20 May 2020 10:51:48 GMT"
        ],
        "Pragma": [
          "no-cache"
        ],
        "ETag": [
          "W/\"ccf62b6f-4660-4890-b96a-ae4f3e32ecf9\""
        ],
        "Server": [
          "Microsoft-HTTPAPI/2.0",
          "Microsoft-HTTPAPI/2.0"
        ],
        "x-ms-request-id": [
          "ec2e0ce8-513c-49cc-9ba4-3d8e84d3899e"
        ],
        "x-ms-correlation-request-id": [
          "088d07ca-647b-48a2-b08c-8e1c3bfee856"
        ],
        "x-ms-arm-service-request-id": [
          "d1fa69bc-a960-4ea5-9e45-121573fde8ef"
        ],
        "Strict-Transport-Security": [
          "max-age=31536000; includeSubDomains"
        ],
        "x-ms-ratelimit-remaining-subscription-reads": [
          "11998"
        ],
        "x-ms-routing-request-id": [
          "WESTUS:20200520T105149Z:088d07ca-647b-48a2-b08c-8e1c3bfee856"
        ],
        "X-Content-Type-Options": [
          "nosniff"
        ],
        "Content-Length": [
          "1806"
        ],
        "Content-Type": [
          "application/json; charset=utf-8"
        ],
        "Expires": [
          "-1"
        ]
      },
      "ResponseBody": "{\r\n  \"name\": \"8771\",\r\n  \"id\": \"/subscriptions/24fb23e3-6ba3-41f0-9b6e-e41131d5d61e/resourceGroups/crptestar9055/providers/Microsoft.Network/networkInterfaces/8771\",\r\n  \"etag\": \"W/\\\"ccf62b6f-4660-4890-b96a-ae4f3e32ecf9\\\"\",\r\n  \"location\": \"southeastasia\",\r\n  \"tags\": {\r\n    \"key\": \"value\"\r\n  },\r\n  \"properties\": {\r\n    \"provisioningState\": \"Succeeded\",\r\n    \"resourceGuid\": \"809154d4-836c-4d52-b554-70cc9fab5b4f\",\r\n    \"ipConfigurations\": [\r\n      {\r\n        \"name\": \"ip5291\",\r\n        \"id\": \"/subscriptions/24fb23e3-6ba3-41f0-9b6e-e41131d5d61e/resourceGroups/crptestar9055/providers/Microsoft.Network/networkInterfaces/8771/ipConfigurations/ip5291\",\r\n        \"etag\": \"W/\\\"ccf62b6f-4660-4890-b96a-ae4f3e32ecf9\\\"\",\r\n        \"type\": \"Microsoft.Network/networkInterfaces/ipConfigurations\",\r\n        \"properties\": {\r\n          \"provisioningState\": \"Succeeded\",\r\n          \"privateIPAddress\": \"10.0.0.5\",\r\n          \"privateIPAllocationMethod\": \"Dynamic\",\r\n          \"subnet\": {\r\n            \"id\": \"/subscriptions/24fb23e3-6ba3-41f0-9b6e-e41131d5d61e/resourceGroups/crptestar9055/providers/Microsoft.Network/virtualNetworks/vn9109/subnets/sn8714\"\r\n          },\r\n          \"primary\": true,\r\n          \"privateIPAddressVersion\": \"IPv4\"\r\n        }\r\n      }\r\n    ],\r\n    \"dnsSettings\": {\r\n      \"dnsServers\": [],\r\n      \"appliedDnsServers\": [],\r\n      \"internalDomainNameSuffix\": \"jd43fmr3drpedpg2uhzzts3alh.ix.internal.cloudapp.net\"\r\n    },\r\n    \"macAddress\": \"00-0D-3A-A3-EF-60\",\r\n    \"enableAcceleratedNetworking\": false,\r\n    \"enableIPForwarding\": false,\r\n    \"primary\": true,\r\n    \"virtualMachine\": {\r\n      \"id\": \"/subscriptions/24fb23e3-6ba3-41f0-9b6e-e41131d5d61e/resourceGroups/crptestar9055/providers/Microsoft.Compute/virtualMachines/vm6089\"\r\n    }\r\n  },\r\n  \"type\": \"Microsoft.Network/networkInterfaces\"\r\n}",
      "StatusCode": 200
    },
    {
      "RequestUri": "/subscriptions/24fb23e3-6ba3-41f0-9b6e-e41131d5d61e/resourceGroups/crptestar9055/providers/Microsoft.Compute/availabilitySets/as1864?api-version=2020-06-01",
      "EncodedRequestUri": "L3N1YnNjcmlwdGlvbnMvMjRmYjIzZTMtNmJhMy00MWYwLTliNmUtZTQxMTMxZDVkNjFlL3Jlc291cmNlR3JvdXBzL2NycHRlc3RhcjkwNTUvcHJvdmlkZXJzL01pY3Jvc29mdC5Db21wdXRlL2F2YWlsYWJpbGl0eVNldHMvYXMxODY0P2FwaS12ZXJzaW9uPTIwMjAtMDYtMDE=",
      "RequestMethod": "PUT",
      "RequestBody": "{\r\n  \"properties\": {\r\n    \"platformUpdateDomainCount\": 5,\r\n    \"platformFaultDomainCount\": 3\r\n  },\r\n  \"sku\": {\r\n    \"name\": \"Classic\"\r\n  },\r\n  \"location\": \"SoutheastAsia\",\r\n  \"tags\": {\r\n    \"RG\": \"rg\",\r\n    \"testTag\": \"1\"\r\n  }\r\n}",
      "RequestHeaders": {
        "x-ms-client-request-id": [
          "04440cf7-5010-4701-ab45-d10112daa401"
        ],
        "accept-language": [
          "en-US"
        ],
        "User-Agent": [
          "FxVersion/4.6.26614.01",
          "OSName/Windows",
          "OSVersion/Microsoft.Windows.10.0.19041.",
          "Microsoft.Azure.Management.Compute.ComputeManagementClient/36.0.0.0"
        ],
        "Content-Type": [
          "application/json; charset=utf-8"
        ],
        "Content-Length": [
          "229"
        ]
      },
      "ResponseHeaders": {
        "Cache-Control": [
          "no-cache"
        ],
        "Date": [
          "Wed, 20 May 2020 10:48:50 GMT"
        ],
        "Pragma": [
          "no-cache"
        ],
        "Server": [
          "Microsoft-HTTPAPI/2.0",
          "Microsoft-HTTPAPI/2.0"
        ],
        "x-ms-ratelimit-remaining-resource": [
          "Microsoft.Compute/PutVM3Min;542,Microsoft.Compute/PutVM30Min;2712"
        ],
        "Strict-Transport-Security": [
          "max-age=31536000; includeSubDomains"
        ],
        "x-ms-request-id": [
          "bcfe2ccd-26bf-46f4-bfb0-169b6ad0b7bb"
        ],
        "x-ms-ratelimit-remaining-subscription-writes": [
          "1199"
        ],
        "x-ms-correlation-request-id": [
          "9a44064b-da6d-418e-b125-1394a772fed4"
        ],
        "x-ms-routing-request-id": [
          "WESTUS:20200520T104851Z:9a44064b-da6d-418e-b125-1394a772fed4"
        ],
        "X-Content-Type-Options": [
          "nosniff"
        ],
        "Content-Length": [
          "444"
        ],
        "Content-Type": [
          "application/json; charset=utf-8"
        ],
        "Expires": [
          "-1"
        ]
      },
      "ResponseBody": "{\r\n  \"name\": \"as1864\",\r\n  \"id\": \"/subscriptions/24fb23e3-6ba3-41f0-9b6e-e41131d5d61e/resourceGroups/crptestar9055/providers/Microsoft.Compute/availabilitySets/as1864\",\r\n  \"type\": \"Microsoft.Compute/availabilitySets\",\r\n  \"location\": \"southeastasia\",\r\n  \"tags\": {\r\n    \"RG\": \"rg\",\r\n    \"testTag\": \"1\"\r\n  },\r\n  \"properties\": {\r\n    \"platformUpdateDomainCount\": 5,\r\n    \"platformFaultDomainCount\": 3\r\n  },\r\n  \"sku\": {\r\n    \"name\": \"Classic\"\r\n  }\r\n}",
      "StatusCode": 200
    },
    {
      "RequestUri": "/subscriptions/24fb23e3-6ba3-41f0-9b6e-e41131d5d61e/resourceGroups/crptestar9055/providers/Microsoft.Compute/virtualMachines/vm6089?api-version=2020-06-01",
      "EncodedRequestUri": "L3N1YnNjcmlwdGlvbnMvMjRmYjIzZTMtNmJhMy00MWYwLTliNmUtZTQxMTMxZDVkNjFlL3Jlc291cmNlR3JvdXBzL2NycHRlc3RhcjkwNTUvcHJvdmlkZXJzL01pY3Jvc29mdC5Db21wdXRlL3ZpcnR1YWxNYWNoaW5lcy92bTYwODk/YXBpLXZlcnNpb249MjAyMC0wNi0wMQ==",
      "RequestMethod": "PUT",
      "RequestBody": "{\r\n  \"properties\": {\r\n    \"hardwareProfile\": {\r\n      \"vmSize\": \"Standard_A4\"\r\n    },\r\n    \"storageProfile\": {\r\n      \"imageReference\": {\r\n        \"publisher\": \"MicrosoftWindowsServer\",\r\n        \"offer\": \"WindowsServer\",\r\n        \"sku\": \"2012-R2-Datacenter\",\r\n        \"version\": \"4.127.20180315\"\r\n      },\r\n      \"osDisk\": {\r\n        \"name\": \"test\",\r\n        \"vhd\": {\r\n          \"uri\": \"https://crptestar2596.blob.core.windows.net/crptestar7218/oscrptestar8909.vhd\"\r\n        },\r\n        \"caching\": \"None\",\r\n        \"createOption\": \"FromImage\"\r\n      }\r\n    },\r\n    \"osProfile\": {\r\n      \"computerName\": \"Test\",\r\n      \"adminUsername\": \"Foo12\",\r\n      \"adminPassword\": \"[PLACEHOLDEr1]\"\r\n    },\r\n    \"networkProfile\": {\r\n      \"networkInterfaces\": [\r\n        {\r\n          \"properties\": {\r\n            \"primary\": false\r\n          },\r\n          \"id\": \"/subscriptions/24fb23e3-6ba3-41f0-9b6e-e41131d5d61e/resourceGroups/crptestar9055/providers/Microsoft.Network/networkInterfaces/7884\"\r\n        },\r\n        {\r\n          \"properties\": {\r\n            \"primary\": true\r\n          },\r\n          \"id\": \"/subscriptions/24fb23e3-6ba3-41f0-9b6e-e41131d5d61e/resourceGroups/crptestar9055/providers/Microsoft.Network/networkInterfaces/8771\"\r\n        }\r\n      ]\r\n    },\r\n    \"availabilitySet\": {\r\n      \"id\": \"/subscriptions/24fb23e3-6ba3-41f0-9b6e-e41131d5d61e/resourceGroups/crptestar9055/providers/Microsoft.Compute/availabilitySets/as1864\"\r\n    }\r\n  },\r\n  \"location\": \"SoutheastAsia\",\r\n  \"tags\": {\r\n    \"RG\": \"rg\",\r\n    \"testTag\": \"1\"\r\n  }\r\n}",
      "RequestHeaders": {
        "x-ms-client-request-id": [
          "437b260e-10af-402c-99ad-9edf95e880b8"
        ],
        "accept-language": [
          "en-US"
        ],
        "User-Agent": [
          "FxVersion/4.6.26614.01",
          "OSName/Windows",
          "OSVersion/Microsoft.Windows.10.0.19041.",
          "Microsoft.Azure.Management.Compute.ComputeManagementClient/36.0.0.0"
        ],
        "Content-Type": [
          "application/json; charset=utf-8"
        ],
        "Content-Length": [
          "1529"
        ]
      },
      "ResponseHeaders": {
        "Cache-Control": [
          "no-cache"
        ],
        "Date": [
          "Wed, 20 May 2020 10:49:07 GMT"
        ],
        "Pragma": [
          "no-cache"
        ],
        "Retry-After": [
          "10"
        ],
        "Server": [
          "Microsoft-HTTPAPI/2.0",
          "Microsoft-HTTPAPI/2.0"
        ],
        "Azure-AsyncOperation": [
          "https://management.azure.com/subscriptions/24fb23e3-6ba3-41f0-9b6e-e41131d5d61e/providers/Microsoft.Compute/locations/southeastasia/operations/6a8d0e3a-e60a-4f97-b447-77160b35b739?api-version=2020-06-01"
        ],
        "Azure-AsyncNotification": [
          "Enabled"
        ],
        "x-ms-ratelimit-remaining-resource": [
          "Microsoft.Compute/PutVM3Min;541,Microsoft.Compute/PutVM30Min;2711"
        ],
        "Strict-Transport-Security": [
          "max-age=31536000; includeSubDomains"
        ],
        "x-ms-request-id": [
          "6a8d0e3a-e60a-4f97-b447-77160b35b739"
        ],
        "x-ms-ratelimit-remaining-subscription-writes": [
          "1198"
        ],
        "x-ms-correlation-request-id": [
          "3d064082-607a-4a5c-a92f-2a1ba78a6201"
        ],
        "x-ms-routing-request-id": [
          "WESTUS:20200520T104907Z:3d064082-607a-4a5c-a92f-2a1ba78a6201"
        ],
        "X-Content-Type-Options": [
          "nosniff"
        ],
        "Content-Length": [
          "2024"
        ],
        "Content-Type": [
          "application/json; charset=utf-8"
        ],
        "Expires": [
          "-1"
        ]
      },
      "ResponseBody": "{\r\n  \"name\": \"vm6089\",\r\n  \"id\": \"/subscriptions/24fb23e3-6ba3-41f0-9b6e-e41131d5d61e/resourceGroups/crptestar9055/providers/Microsoft.Compute/virtualMachines/vm6089\",\r\n  \"type\": \"Microsoft.Compute/virtualMachines\",\r\n  \"location\": \"southeastasia\",\r\n  \"tags\": {\r\n    \"RG\": \"rg\",\r\n    \"testTag\": \"1\"\r\n  },\r\n  \"properties\": {\r\n    \"vmId\": \"abfcde6a-b5e3-433d-8a9b-0a6862f9db0f\",\r\n    \"availabilitySet\": {\r\n      \"id\": \"/subscriptions/24fb23e3-6ba3-41f0-9b6e-e41131d5d61e/resourceGroups/crptestar9055/providers/Microsoft.Compute/availabilitySets/AS1864\"\r\n    },\r\n    \"hardwareProfile\": {\r\n      \"vmSize\": \"Standard_A4\"\r\n    },\r\n    \"storageProfile\": {\r\n      \"imageReference\": {\r\n        \"publisher\": \"MicrosoftWindowsServer\",\r\n        \"offer\": \"WindowsServer\",\r\n        \"sku\": \"2012-R2-Datacenter\",\r\n        \"version\": \"4.127.20180315\",\r\n        \"exactVersion\": \"4.127.20180315\"\r\n      },\r\n      \"osDisk\": {\r\n        \"osType\": \"Windows\",\r\n        \"name\": \"test\",\r\n        \"createOption\": \"FromImage\",\r\n        \"vhd\": {\r\n          \"uri\": \"https://crptestar2596.blob.core.windows.net/crptestar7218/oscrptestar8909.vhd\"\r\n        },\r\n        \"caching\": \"None\"\r\n      },\r\n      \"dataDisks\": []\r\n    },\r\n    \"osProfile\": {\r\n      \"computerName\": \"Test\",\r\n      \"adminUsername\": \"Foo12\",\r\n      \"windowsConfiguration\": {\r\n        \"provisionVMAgent\": true,\r\n        \"enableAutomaticUpdates\": true,\r\n        \"patchSettings\": {\r\n          \"patchMode\": \"AutomaticByOS\"\r\n        }\r\n      },\r\n      \"secrets\": [],\r\n      \"allowExtensionOperations\": true,\r\n      \"requireGuestProvisionSignal\": true\r\n    },\r\n    \"networkProfile\": {\r\n      \"networkInterfaces\": [\r\n        {\r\n          \"id\": \"/subscriptions/24fb23e3-6ba3-41f0-9b6e-e41131d5d61e/resourceGroups/crptestar9055/providers/Microsoft.Network/networkInterfaces/7884\",\r\n          \"properties\": {\r\n            \"primary\": false\r\n          }\r\n        },\r\n        {\r\n          \"id\": \"/subscriptions/24fb23e3-6ba3-41f0-9b6e-e41131d5d61e/resourceGroups/crptestar9055/providers/Microsoft.Network/networkInterfaces/8771\",\r\n          \"properties\": {\r\n            \"primary\": true\r\n          }\r\n        }\r\n      ]\r\n    },\r\n    \"provisioningState\": \"Creating\"\r\n  }\r\n}",
      "StatusCode": 201
    },
    {
      "RequestUri": "/subscriptions/24fb23e3-6ba3-41f0-9b6e-e41131d5d61e/providers/Microsoft.Compute/locations/southeastasia/operations/6a8d0e3a-e60a-4f97-b447-77160b35b739?api-version=2020-06-01",
      "EncodedRequestUri": "L3N1YnNjcmlwdGlvbnMvMjRmYjIzZTMtNmJhMy00MWYwLTliNmUtZTQxMTMxZDVkNjFlL3Byb3ZpZGVycy9NaWNyb3NvZnQuQ29tcHV0ZS9sb2NhdGlvbnMvc291dGhlYXN0YXNpYS9vcGVyYXRpb25zLzZhOGQwZTNhLWU2MGEtNGY5Ny1iNDQ3LTc3MTYwYjM1YjczOT9hcGktdmVyc2lvbj0yMDIwLTA2LTAx",
      "RequestMethod": "GET",
      "RequestBody": "",
      "RequestHeaders": {
        "User-Agent": [
          "FxVersion/4.6.26614.01",
          "OSName/Windows",
          "OSVersion/Microsoft.Windows.10.0.19041.",
          "Microsoft.Azure.Management.Compute.ComputeManagementClient/36.0.0.0"
        ]
      },
      "ResponseHeaders": {
        "Cache-Control": [
          "no-cache"
        ],
        "Date": [
          "Wed, 20 May 2020 10:49:17 GMT"
        ],
        "Pragma": [
          "no-cache"
        ],
        "Retry-After": [
          "50"
        ],
        "Server": [
          "Microsoft-HTTPAPI/2.0",
          "Microsoft-HTTPAPI/2.0"
        ],
        "x-ms-ratelimit-remaining-resource": [
          "Microsoft.Compute/GetOperation3Min;14999,Microsoft.Compute/GetOperation30Min;29970"
        ],
        "Strict-Transport-Security": [
          "max-age=31536000; includeSubDomains"
        ],
        "x-ms-request-id": [
          "c67f2643-471d-4311-a649-f5fbf9ba59c6"
        ],
        "x-ms-ratelimit-remaining-subscription-reads": [
          "11999"
        ],
        "x-ms-correlation-request-id": [
          "2ce8fb13-a38d-440a-bd5f-565c12150afa"
        ],
        "x-ms-routing-request-id": [
          "WESTUS:20200520T104917Z:2ce8fb13-a38d-440a-bd5f-565c12150afa"
        ],
        "X-Content-Type-Options": [
          "nosniff"
        ],
        "Content-Length": [
          "134"
        ],
        "Content-Type": [
          "application/json; charset=utf-8"
        ],
        "Expires": [
          "-1"
        ]
      },
      "ResponseBody": "{\r\n  \"startTime\": \"2020-05-20T03:48:58.4912573-07:00\",\r\n  \"status\": \"InProgress\",\r\n  \"name\": \"6a8d0e3a-e60a-4f97-b447-77160b35b739\"\r\n}",
      "StatusCode": 200
    },
    {
      "RequestUri": "/subscriptions/24fb23e3-6ba3-41f0-9b6e-e41131d5d61e/providers/Microsoft.Compute/locations/southeastasia/operations/6a8d0e3a-e60a-4f97-b447-77160b35b739?api-version=2020-06-01",
      "EncodedRequestUri": "L3N1YnNjcmlwdGlvbnMvMjRmYjIzZTMtNmJhMy00MWYwLTliNmUtZTQxMTMxZDVkNjFlL3Byb3ZpZGVycy9NaWNyb3NvZnQuQ29tcHV0ZS9sb2NhdGlvbnMvc291dGhlYXN0YXNpYS9vcGVyYXRpb25zLzZhOGQwZTNhLWU2MGEtNGY5Ny1iNDQ3LTc3MTYwYjM1YjczOT9hcGktdmVyc2lvbj0yMDIwLTA2LTAx",
      "RequestMethod": "GET",
      "RequestBody": "",
      "RequestHeaders": {
        "User-Agent": [
          "FxVersion/4.6.26614.01",
          "OSName/Windows",
          "OSVersion/Microsoft.Windows.10.0.19041.",
          "Microsoft.Azure.Management.Compute.ComputeManagementClient/36.0.0.0"
        ]
      },
      "ResponseHeaders": {
        "Cache-Control": [
          "no-cache"
        ],
        "Date": [
          "Wed, 20 May 2020 10:50:08 GMT"
        ],
        "Pragma": [
          "no-cache"
        ],
        "Server": [
          "Microsoft-HTTPAPI/2.0",
          "Microsoft-HTTPAPI/2.0"
        ],
        "x-ms-ratelimit-remaining-resource": [
          "Microsoft.Compute/GetOperation3Min;14998,Microsoft.Compute/GetOperation30Min;29973"
        ],
        "Strict-Transport-Security": [
          "max-age=31536000; includeSubDomains"
        ],
        "x-ms-request-id": [
          "e6201d85-4225-403d-a051-5d657788a3c9"
        ],
        "x-ms-ratelimit-remaining-subscription-reads": [
          "11998"
        ],
        "x-ms-correlation-request-id": [
          "cdae7e27-6bd3-4195-aba4-6b815682b3a7"
        ],
        "x-ms-routing-request-id": [
          "WESTUS:20200520T105008Z:cdae7e27-6bd3-4195-aba4-6b815682b3a7"
        ],
        "X-Content-Type-Options": [
          "nosniff"
        ],
        "Content-Length": [
          "134"
        ],
        "Content-Type": [
          "application/json; charset=utf-8"
        ],
        "Expires": [
          "-1"
        ]
      },
      "ResponseBody": "{\r\n  \"startTime\": \"2020-05-20T03:48:58.4912573-07:00\",\r\n  \"status\": \"InProgress\",\r\n  \"name\": \"6a8d0e3a-e60a-4f97-b447-77160b35b739\"\r\n}",
      "StatusCode": 200
    },
    {
      "RequestUri": "/subscriptions/24fb23e3-6ba3-41f0-9b6e-e41131d5d61e/providers/Microsoft.Compute/locations/southeastasia/operations/6a8d0e3a-e60a-4f97-b447-77160b35b739?api-version=2020-06-01",
      "EncodedRequestUri": "L3N1YnNjcmlwdGlvbnMvMjRmYjIzZTMtNmJhMy00MWYwLTliNmUtZTQxMTMxZDVkNjFlL3Byb3ZpZGVycy9NaWNyb3NvZnQuQ29tcHV0ZS9sb2NhdGlvbnMvc291dGhlYXN0YXNpYS9vcGVyYXRpb25zLzZhOGQwZTNhLWU2MGEtNGY5Ny1iNDQ3LTc3MTYwYjM1YjczOT9hcGktdmVyc2lvbj0yMDIwLTA2LTAx",
      "RequestMethod": "GET",
      "RequestBody": "",
      "RequestHeaders": {
        "User-Agent": [
          "FxVersion/4.6.26614.01",
          "OSName/Windows",
          "OSVersion/Microsoft.Windows.10.0.19041.",
          "Microsoft.Azure.Management.Compute.ComputeManagementClient/36.0.0.0"
        ]
      },
      "ResponseHeaders": {
        "Cache-Control": [
          "no-cache"
        ],
        "Date": [
          "Wed, 20 May 2020 10:50:58 GMT"
        ],
        "Pragma": [
          "no-cache"
        ],
        "Server": [
          "Microsoft-HTTPAPI/2.0",
          "Microsoft-HTTPAPI/2.0"
        ],
        "x-ms-ratelimit-remaining-resource": [
          "Microsoft.Compute/GetOperation3Min;14997,Microsoft.Compute/GetOperation30Min;29972"
        ],
        "Strict-Transport-Security": [
          "max-age=31536000; includeSubDomains"
        ],
        "x-ms-request-id": [
          "4e6ee4ec-1f0d-41e6-a7ad-7cc25e6da24f"
        ],
        "x-ms-ratelimit-remaining-subscription-reads": [
          "11997"
        ],
        "x-ms-correlation-request-id": [
          "3e585c29-e61d-4f98-ae3e-4f9a6247892f"
        ],
        "x-ms-routing-request-id": [
          "WESTUS:20200520T105058Z:3e585c29-e61d-4f98-ae3e-4f9a6247892f"
        ],
        "X-Content-Type-Options": [
          "nosniff"
        ],
        "Content-Length": [
          "134"
        ],
        "Content-Type": [
          "application/json; charset=utf-8"
        ],
        "Expires": [
          "-1"
        ]
      },
      "ResponseBody": "{\r\n  \"startTime\": \"2020-05-20T03:48:58.4912573-07:00\",\r\n  \"status\": \"InProgress\",\r\n  \"name\": \"6a8d0e3a-e60a-4f97-b447-77160b35b739\"\r\n}",
      "StatusCode": 200
    },
    {
      "RequestUri": "/subscriptions/24fb23e3-6ba3-41f0-9b6e-e41131d5d61e/providers/Microsoft.Compute/locations/southeastasia/operations/6a8d0e3a-e60a-4f97-b447-77160b35b739?api-version=2020-06-01",
      "EncodedRequestUri": "L3N1YnNjcmlwdGlvbnMvMjRmYjIzZTMtNmJhMy00MWYwLTliNmUtZTQxMTMxZDVkNjFlL3Byb3ZpZGVycy9NaWNyb3NvZnQuQ29tcHV0ZS9sb2NhdGlvbnMvc291dGhlYXN0YXNpYS9vcGVyYXRpb25zLzZhOGQwZTNhLWU2MGEtNGY5Ny1iNDQ3LTc3MTYwYjM1YjczOT9hcGktdmVyc2lvbj0yMDIwLTA2LTAx",
      "RequestMethod": "GET",
      "RequestBody": "",
      "RequestHeaders": {
        "User-Agent": [
          "FxVersion/4.6.26614.01",
          "OSName/Windows",
          "OSVersion/Microsoft.Windows.10.0.19041.",
          "Microsoft.Azure.Management.Compute.ComputeManagementClient/36.0.0.0"
        ]
      },
      "ResponseHeaders": {
        "Cache-Control": [
          "no-cache"
        ],
        "Date": [
          "Wed, 20 May 2020 10:51:47 GMT"
        ],
        "Pragma": [
          "no-cache"
        ],
        "Server": [
          "Microsoft-HTTPAPI/2.0",
          "Microsoft-HTTPAPI/2.0"
        ],
        "x-ms-ratelimit-remaining-resource": [
          "Microsoft.Compute/GetOperation3Min;14994,Microsoft.Compute/GetOperation30Min;29969"
        ],
        "Strict-Transport-Security": [
          "max-age=31536000; includeSubDomains"
        ],
        "x-ms-request-id": [
          "c702c6e0-ad85-4b40-93c9-a7de9344f77b"
        ],
        "x-ms-ratelimit-remaining-subscription-reads": [
          "11996"
        ],
        "x-ms-correlation-request-id": [
          "6c611933-ac94-4ed3-8e41-4def73dafa9a"
        ],
        "x-ms-routing-request-id": [
          "WESTUS:20200520T105148Z:6c611933-ac94-4ed3-8e41-4def73dafa9a"
        ],
        "X-Content-Type-Options": [
          "nosniff"
        ],
        "Content-Length": [
          "184"
        ],
        "Content-Type": [
          "application/json; charset=utf-8"
        ],
        "Expires": [
          "-1"
        ]
      },
      "ResponseBody": "{\r\n  \"startTime\": \"2020-05-20T03:48:58.4912573-07:00\",\r\n  \"endTime\": \"2020-05-20T03:51:27.0077857-07:00\",\r\n  \"status\": \"Succeeded\",\r\n  \"name\": \"6a8d0e3a-e60a-4f97-b447-77160b35b739\"\r\n}",
      "StatusCode": 200
    },
    {
      "RequestUri": "/subscriptions/24fb23e3-6ba3-41f0-9b6e-e41131d5d61e/resourceGroups/crptestar9055/providers/Microsoft.Compute/virtualMachines/vm6089?api-version=2020-06-01",
      "EncodedRequestUri": "L3N1YnNjcmlwdGlvbnMvMjRmYjIzZTMtNmJhMy00MWYwLTliNmUtZTQxMTMxZDVkNjFlL3Jlc291cmNlR3JvdXBzL2NycHRlc3RhcjkwNTUvcHJvdmlkZXJzL01pY3Jvc29mdC5Db21wdXRlL3ZpcnR1YWxNYWNoaW5lcy92bTYwODk/YXBpLXZlcnNpb249MjAyMC0wNi0wMQ==",
      "RequestMethod": "GET",
      "RequestBody": "",
      "RequestHeaders": {
        "User-Agent": [
          "FxVersion/4.6.26614.01",
          "OSName/Windows",
          "OSVersion/Microsoft.Windows.10.0.19041.",
          "Microsoft.Azure.Management.Compute.ComputeManagementClient/36.0.0.0"
        ]
      },
      "ResponseHeaders": {
        "Cache-Control": [
          "no-cache"
        ],
        "Date": [
          "Wed, 20 May 2020 10:51:47 GMT"
        ],
        "Pragma": [
          "no-cache"
        ],
        "Server": [
          "Microsoft-HTTPAPI/2.0",
          "Microsoft-HTTPAPI/2.0"
        ],
        "x-ms-ratelimit-remaining-resource": [
          "Microsoft.Compute/LowCostGet3Min;3997,Microsoft.Compute/LowCostGet30Min;31972"
        ],
        "Strict-Transport-Security": [
          "max-age=31536000; includeSubDomains"
        ],
        "x-ms-request-id": [
          "418ba797-ed24-41ca-a6cd-2fdc5cf572d3"
        ],
        "x-ms-ratelimit-remaining-subscription-reads": [
          "11995"
        ],
        "x-ms-correlation-request-id": [
          "44fc491f-4881-467e-9d78-f08c2786546b"
        ],
        "x-ms-routing-request-id": [
          "WESTUS:20200520T105148Z:44fc491f-4881-467e-9d78-f08c2786546b"
        ],
        "X-Content-Type-Options": [
          "nosniff"
        ],
        "Content-Length": [
          "2053"
        ],
        "Content-Type": [
          "application/json; charset=utf-8"
        ],
        "Expires": [
          "-1"
        ]
      },
      "ResponseBody": "{\r\n  \"name\": \"vm6089\",\r\n  \"id\": \"/subscriptions/24fb23e3-6ba3-41f0-9b6e-e41131d5d61e/resourceGroups/crptestar9055/providers/Microsoft.Compute/virtualMachines/vm6089\",\r\n  \"type\": \"Microsoft.Compute/virtualMachines\",\r\n  \"location\": \"southeastasia\",\r\n  \"tags\": {\r\n    \"RG\": \"rg\",\r\n    \"testTag\": \"1\"\r\n  },\r\n  \"properties\": {\r\n    \"vmId\": \"abfcde6a-b5e3-433d-8a9b-0a6862f9db0f\",\r\n    \"availabilitySet\": {\r\n      \"id\": \"/subscriptions/24fb23e3-6ba3-41f0-9b6e-e41131d5d61e/resourceGroups/crptestar9055/providers/Microsoft.Compute/availabilitySets/AS1864\"\r\n    },\r\n    \"hardwareProfile\": {\r\n      \"vmSize\": \"Standard_A4\"\r\n    },\r\n    \"storageProfile\": {\r\n      \"imageReference\": {\r\n        \"publisher\": \"MicrosoftWindowsServer\",\r\n        \"offer\": \"WindowsServer\",\r\n        \"sku\": \"2012-R2-Datacenter\",\r\n        \"version\": \"4.127.20180315\",\r\n        \"exactVersion\": \"4.127.20180315\"\r\n      },\r\n      \"osDisk\": {\r\n        \"osType\": \"Windows\",\r\n        \"name\": \"test\",\r\n        \"createOption\": \"FromImage\",\r\n        \"vhd\": {\r\n          \"uri\": \"https://crptestar2596.blob.core.windows.net/crptestar7218/oscrptestar8909.vhd\"\r\n        },\r\n        \"caching\": \"None\",\r\n        \"diskSizeGB\": 127\r\n      },\r\n      \"dataDisks\": []\r\n    },\r\n    \"osProfile\": {\r\n      \"computerName\": \"Test\",\r\n      \"adminUsername\": \"Foo12\",\r\n      \"windowsConfiguration\": {\r\n        \"provisionVMAgent\": true,\r\n        \"enableAutomaticUpdates\": true,\r\n        \"patchSettings\": {\r\n          \"patchMode\": \"AutomaticByOS\"\r\n        }\r\n      },\r\n      \"secrets\": [],\r\n      \"allowExtensionOperations\": true,\r\n      \"requireGuestProvisionSignal\": true\r\n    },\r\n    \"networkProfile\": {\r\n      \"networkInterfaces\": [\r\n        {\r\n          \"id\": \"/subscriptions/24fb23e3-6ba3-41f0-9b6e-e41131d5d61e/resourceGroups/crptestar9055/providers/Microsoft.Network/networkInterfaces/7884\",\r\n          \"properties\": {\r\n            \"primary\": false\r\n          }\r\n        },\r\n        {\r\n          \"id\": \"/subscriptions/24fb23e3-6ba3-41f0-9b6e-e41131d5d61e/resourceGroups/crptestar9055/providers/Microsoft.Network/networkInterfaces/8771\",\r\n          \"properties\": {\r\n            \"primary\": true\r\n          }\r\n        }\r\n      ]\r\n    },\r\n    \"provisioningState\": \"Succeeded\"\r\n  }\r\n}",
      "StatusCode": 200
    },
    {
      "RequestUri": "/subscriptions/24fb23e3-6ba3-41f0-9b6e-e41131d5d61e/resourceGroups/crptestar9055/providers/Microsoft.Compute/virtualMachines/vm6089?api-version=2020-06-01",
      "EncodedRequestUri": "L3N1YnNjcmlwdGlvbnMvMjRmYjIzZTMtNmJhMy00MWYwLTliNmUtZTQxMTMxZDVkNjFlL3Jlc291cmNlR3JvdXBzL2NycHRlc3RhcjkwNTUvcHJvdmlkZXJzL01pY3Jvc29mdC5Db21wdXRlL3ZpcnR1YWxNYWNoaW5lcy92bTYwODk/YXBpLXZlcnNpb249MjAyMC0wNi0wMQ==",
      "RequestMethod": "GET",
      "RequestBody": "",
      "RequestHeaders": {
        "x-ms-client-request-id": [
          "cdf91283-5e20-4606-a87e-9d702210ac5a"
        ],
        "accept-language": [
          "en-US"
        ],
        "User-Agent": [
          "FxVersion/4.6.26614.01",
          "OSName/Windows",
          "OSVersion/Microsoft.Windows.10.0.19041.",
          "Microsoft.Azure.Management.Compute.ComputeManagementClient/36.0.0.0"
        ]
      },
      "ResponseHeaders": {
        "Cache-Control": [
          "no-cache"
        ],
        "Date": [
          "Wed, 20 May 2020 10:51:48 GMT"
        ],
        "Pragma": [
          "no-cache"
        ],
        "Server": [
          "Microsoft-HTTPAPI/2.0",
          "Microsoft-HTTPAPI/2.0"
        ],
        "x-ms-ratelimit-remaining-resource": [
          "Microsoft.Compute/LowCostGet3Min;3996,Microsoft.Compute/LowCostGet30Min;31971"
        ],
        "Strict-Transport-Security": [
          "max-age=31536000; includeSubDomains"
        ],
        "x-ms-request-id": [
          "61ae9587-a0a8-4959-aebf-74a9d26c4332"
        ],
        "x-ms-ratelimit-remaining-subscription-reads": [
          "11994"
        ],
        "x-ms-correlation-request-id": [
          "c78c364b-1f36-4ac3-b91d-46fce1d9fd96"
        ],
        "x-ms-routing-request-id": [
          "WESTUS:20200520T105149Z:c78c364b-1f36-4ac3-b91d-46fce1d9fd96"
        ],
        "X-Content-Type-Options": [
          "nosniff"
        ],
        "Content-Length": [
          "2053"
        ],
        "Content-Type": [
          "application/json; charset=utf-8"
        ],
        "Expires": [
          "-1"
        ]
      },
      "ResponseBody": "{\r\n  \"name\": \"vm6089\",\r\n  \"id\": \"/subscriptions/24fb23e3-6ba3-41f0-9b6e-e41131d5d61e/resourceGroups/crptestar9055/providers/Microsoft.Compute/virtualMachines/vm6089\",\r\n  \"type\": \"Microsoft.Compute/virtualMachines\",\r\n  \"location\": \"southeastasia\",\r\n  \"tags\": {\r\n    \"RG\": \"rg\",\r\n    \"testTag\": \"1\"\r\n  },\r\n  \"properties\": {\r\n    \"vmId\": \"abfcde6a-b5e3-433d-8a9b-0a6862f9db0f\",\r\n    \"availabilitySet\": {\r\n      \"id\": \"/subscriptions/24fb23e3-6ba3-41f0-9b6e-e41131d5d61e/resourceGroups/crptestar9055/providers/Microsoft.Compute/availabilitySets/AS1864\"\r\n    },\r\n    \"hardwareProfile\": {\r\n      \"vmSize\": \"Standard_A4\"\r\n    },\r\n    \"storageProfile\": {\r\n      \"imageReference\": {\r\n        \"publisher\": \"MicrosoftWindowsServer\",\r\n        \"offer\": \"WindowsServer\",\r\n        \"sku\": \"2012-R2-Datacenter\",\r\n        \"version\": \"4.127.20180315\",\r\n        \"exactVersion\": \"4.127.20180315\"\r\n      },\r\n      \"osDisk\": {\r\n        \"osType\": \"Windows\",\r\n        \"name\": \"test\",\r\n        \"createOption\": \"FromImage\",\r\n        \"vhd\": {\r\n          \"uri\": \"https://crptestar2596.blob.core.windows.net/crptestar7218/oscrptestar8909.vhd\"\r\n        },\r\n        \"caching\": \"None\",\r\n        \"diskSizeGB\": 127\r\n      },\r\n      \"dataDisks\": []\r\n    },\r\n    \"osProfile\": {\r\n      \"computerName\": \"Test\",\r\n      \"adminUsername\": \"Foo12\",\r\n      \"windowsConfiguration\": {\r\n        \"provisionVMAgent\": true,\r\n        \"enableAutomaticUpdates\": true,\r\n        \"patchSettings\": {\r\n          \"patchMode\": \"AutomaticByOS\"\r\n        }\r\n      },\r\n      \"secrets\": [],\r\n      \"allowExtensionOperations\": true,\r\n      \"requireGuestProvisionSignal\": true\r\n    },\r\n    \"networkProfile\": {\r\n      \"networkInterfaces\": [\r\n        {\r\n          \"id\": \"/subscriptions/24fb23e3-6ba3-41f0-9b6e-e41131d5d61e/resourceGroups/crptestar9055/providers/Microsoft.Network/networkInterfaces/7884\",\r\n          \"properties\": {\r\n            \"primary\": false\r\n          }\r\n        },\r\n        {\r\n          \"id\": \"/subscriptions/24fb23e3-6ba3-41f0-9b6e-e41131d5d61e/resourceGroups/crptestar9055/providers/Microsoft.Network/networkInterfaces/8771\",\r\n          \"properties\": {\r\n            \"primary\": true\r\n          }\r\n        }\r\n      ]\r\n    },\r\n    \"provisioningState\": \"Succeeded\"\r\n  }\r\n}",
      "StatusCode": 200
    },
    {
      "RequestUri": "/subscriptions/24fb23e3-6ba3-41f0-9b6e-e41131d5d61e/resourcegroups/crptestar9055?api-version=2017-05-10",
      "EncodedRequestUri": "L3N1YnNjcmlwdGlvbnMvMjRmYjIzZTMtNmJhMy00MWYwLTliNmUtZTQxMTMxZDVkNjFlL3Jlc291cmNlZ3JvdXBzL2NycHRlc3RhcjkwNTU/YXBpLXZlcnNpb249MjAxNy0wNS0xMA==",
      "RequestMethod": "DELETE",
      "RequestBody": "",
      "RequestHeaders": {
        "x-ms-client-request-id": [
          "c6ff5a5c-915c-45a7-95a5-4c12f4b248d7"
        ],
        "accept-language": [
          "en-US"
        ],
        "User-Agent": [
          "FxVersion/4.6.26614.01",
          "OSName/Windows",
          "OSVersion/Microsoft.Windows.10.0.19041.",
          "Microsoft.Azure.Management.ResourceManager.ResourceManagementClient/1.6.0.0"
        ]
      },
      "ResponseHeaders": {
        "Cache-Control": [
          "no-cache"
        ],
        "Date": [
          "Wed, 20 May 2020 10:51:54 GMT"
        ],
        "Pragma": [
          "no-cache"
        ],
        "Location": [
          "https://management.azure.com/subscriptions/24fb23e3-6ba3-41f0-9b6e-e41131d5d61e/operationresults/eyJqb2JJZCI6IlJFU09VUkNFR1JPVVBERUxFVElPTkpPQi1DUlBURVNUQVI5MDU1LVNPVVRIRUFTVEFTSUEiLCJqb2JMb2NhdGlvbiI6InNvdXRoZWFzdGFzaWEifQ?api-version=2017-05-10"
        ],
        "Retry-After": [
          "15"
        ],
        "x-ms-ratelimit-remaining-subscription-deletes": [
          "14999"
        ],
        "x-ms-request-id": [
          "eb31653d-ca50-4655-861d-18fe34598558"
        ],
        "x-ms-correlation-request-id": [
          "eb31653d-ca50-4655-861d-18fe34598558"
        ],
        "x-ms-routing-request-id": [
          "WESTUS:20200520T105154Z:eb31653d-ca50-4655-861d-18fe34598558"
        ],
        "Strict-Transport-Security": [
          "max-age=31536000; includeSubDomains"
        ],
        "X-Content-Type-Options": [
          "nosniff"
        ],
        "Content-Length": [
          "0"
        ],
        "Expires": [
          "-1"
        ]
      },
      "ResponseBody": "",
      "StatusCode": 202
    },
    {
      "RequestUri": "/subscriptions/24fb23e3-6ba3-41f0-9b6e-e41131d5d61e/operationresults/eyJqb2JJZCI6IlJFU09VUkNFR1JPVVBERUxFVElPTkpPQi1DUlBURVNUQVI5MDU1LVNPVVRIRUFTVEFTSUEiLCJqb2JMb2NhdGlvbiI6InNvdXRoZWFzdGFzaWEifQ?api-version=2017-05-10",
      "EncodedRequestUri": "L3N1YnNjcmlwdGlvbnMvMjRmYjIzZTMtNmJhMy00MWYwLTliNmUtZTQxMTMxZDVkNjFlL29wZXJhdGlvbnJlc3VsdHMvZXlKcWIySkpaQ0k2SWxKRlUwOVZVa05GUjFKUFZWQkVSVXhGVkVsUFRrcFBRaTFEVWxCVVJWTlVRVkk1TURVMUxWTlBWVlJJUlVGVFZFRlRTVUVpTENKcWIySk1iMk5oZEdsdmJpSTZJbk52ZFhSb1pXRnpkR0Z6YVdFaWZRP2FwaS12ZXJzaW9uPTIwMTctMDUtMTA=",
      "RequestMethod": "GET",
      "RequestBody": "",
      "RequestHeaders": {
        "User-Agent": [
          "FxVersion/4.6.26614.01",
          "OSName/Windows",
          "OSVersion/Microsoft.Windows.10.0.19041.",
          "Microsoft.Azure.Management.ResourceManager.ResourceManagementClient/1.6.0.0"
        ]
      },
      "ResponseHeaders": {
        "Cache-Control": [
          "no-cache"
        ],
        "Date": [
          "Wed, 20 May 2020 10:52:09 GMT"
        ],
        "Pragma": [
          "no-cache"
        ],
        "Location": [
          "https://management.azure.com/subscriptions/24fb23e3-6ba3-41f0-9b6e-e41131d5d61e/operationresults/eyJqb2JJZCI6IlJFU09VUkNFR1JPVVBERUxFVElPTkpPQi1DUlBURVNUQVI5MDU1LVNPVVRIRUFTVEFTSUEiLCJqb2JMb2NhdGlvbiI6InNvdXRoZWFzdGFzaWEifQ?api-version=2017-05-10"
        ],
        "Retry-After": [
          "15"
        ],
        "x-ms-ratelimit-remaining-subscription-reads": [
          "11999"
        ],
        "x-ms-request-id": [
          "690d8f74-24c9-4fdd-889f-a7642bc21a3c"
        ],
        "x-ms-correlation-request-id": [
          "690d8f74-24c9-4fdd-889f-a7642bc21a3c"
        ],
        "x-ms-routing-request-id": [
          "WESTUS:20200520T105209Z:690d8f74-24c9-4fdd-889f-a7642bc21a3c"
        ],
        "Strict-Transport-Security": [
          "max-age=31536000; includeSubDomains"
        ],
        "X-Content-Type-Options": [
          "nosniff"
        ],
        "Content-Length": [
          "0"
        ],
        "Expires": [
          "-1"
        ]
      },
      "ResponseBody": "",
      "StatusCode": 202
    },
    {
      "RequestUri": "/subscriptions/24fb23e3-6ba3-41f0-9b6e-e41131d5d61e/operationresults/eyJqb2JJZCI6IlJFU09VUkNFR1JPVVBERUxFVElPTkpPQi1DUlBURVNUQVI5MDU1LVNPVVRIRUFTVEFTSUEiLCJqb2JMb2NhdGlvbiI6InNvdXRoZWFzdGFzaWEifQ?api-version=2017-05-10",
      "EncodedRequestUri": "L3N1YnNjcmlwdGlvbnMvMjRmYjIzZTMtNmJhMy00MWYwLTliNmUtZTQxMTMxZDVkNjFlL29wZXJhdGlvbnJlc3VsdHMvZXlKcWIySkpaQ0k2SWxKRlUwOVZVa05GUjFKUFZWQkVSVXhGVkVsUFRrcFBRaTFEVWxCVVJWTlVRVkk1TURVMUxWTlBWVlJJUlVGVFZFRlRTVUVpTENKcWIySk1iMk5oZEdsdmJpSTZJbk52ZFhSb1pXRnpkR0Z6YVdFaWZRP2FwaS12ZXJzaW9uPTIwMTctMDUtMTA=",
      "RequestMethod": "GET",
      "RequestBody": "",
      "RequestHeaders": {
        "User-Agent": [
          "FxVersion/4.6.26614.01",
          "OSName/Windows",
          "OSVersion/Microsoft.Windows.10.0.19041.",
          "Microsoft.Azure.Management.ResourceManager.ResourceManagementClient/1.6.0.0"
        ]
      },
      "ResponseHeaders": {
        "Cache-Control": [
          "no-cache"
        ],
        "Date": [
          "Wed, 20 May 2020 10:52:24 GMT"
        ],
        "Pragma": [
          "no-cache"
        ],
        "Location": [
          "https://management.azure.com/subscriptions/24fb23e3-6ba3-41f0-9b6e-e41131d5d61e/operationresults/eyJqb2JJZCI6IlJFU09VUkNFR1JPVVBERUxFVElPTkpPQi1DUlBURVNUQVI5MDU1LVNPVVRIRUFTVEFTSUEiLCJqb2JMb2NhdGlvbiI6InNvdXRoZWFzdGFzaWEifQ?api-version=2017-05-10"
        ],
        "Retry-After": [
          "15"
        ],
        "x-ms-ratelimit-remaining-subscription-reads": [
          "11998"
        ],
        "x-ms-request-id": [
          "99395a76-6ee9-4d36-b0f9-67c887347791"
        ],
        "x-ms-correlation-request-id": [
          "99395a76-6ee9-4d36-b0f9-67c887347791"
        ],
        "x-ms-routing-request-id": [
          "WESTUS:20200520T105225Z:99395a76-6ee9-4d36-b0f9-67c887347791"
        ],
        "Strict-Transport-Security": [
          "max-age=31536000; includeSubDomains"
        ],
        "X-Content-Type-Options": [
          "nosniff"
        ],
        "Content-Length": [
          "0"
        ],
        "Expires": [
          "-1"
        ]
      },
      "ResponseBody": "",
      "StatusCode": 202
    },
    {
      "RequestUri": "/subscriptions/24fb23e3-6ba3-41f0-9b6e-e41131d5d61e/operationresults/eyJqb2JJZCI6IlJFU09VUkNFR1JPVVBERUxFVElPTkpPQi1DUlBURVNUQVI5MDU1LVNPVVRIRUFTVEFTSUEiLCJqb2JMb2NhdGlvbiI6InNvdXRoZWFzdGFzaWEifQ?api-version=2017-05-10",
      "EncodedRequestUri": "L3N1YnNjcmlwdGlvbnMvMjRmYjIzZTMtNmJhMy00MWYwLTliNmUtZTQxMTMxZDVkNjFlL29wZXJhdGlvbnJlc3VsdHMvZXlKcWIySkpaQ0k2SWxKRlUwOVZVa05GUjFKUFZWQkVSVXhGVkVsUFRrcFBRaTFEVWxCVVJWTlVRVkk1TURVMUxWTlBWVlJJUlVGVFZFRlRTVUVpTENKcWIySk1iMk5oZEdsdmJpSTZJbk52ZFhSb1pXRnpkR0Z6YVdFaWZRP2FwaS12ZXJzaW9uPTIwMTctMDUtMTA=",
      "RequestMethod": "GET",
      "RequestBody": "",
      "RequestHeaders": {
        "User-Agent": [
          "FxVersion/4.6.26614.01",
          "OSName/Windows",
          "OSVersion/Microsoft.Windows.10.0.19041.",
          "Microsoft.Azure.Management.ResourceManager.ResourceManagementClient/1.6.0.0"
        ]
      },
      "ResponseHeaders": {
        "Cache-Control": [
          "no-cache"
        ],
        "Date": [
          "Wed, 20 May 2020 10:52:40 GMT"
        ],
        "Pragma": [
          "no-cache"
        ],
        "Location": [
          "https://management.azure.com/subscriptions/24fb23e3-6ba3-41f0-9b6e-e41131d5d61e/operationresults/eyJqb2JJZCI6IlJFU09VUkNFR1JPVVBERUxFVElPTkpPQi1DUlBURVNUQVI5MDU1LVNPVVRIRUFTVEFTSUEiLCJqb2JMb2NhdGlvbiI6InNvdXRoZWFzdGFzaWEifQ?api-version=2017-05-10"
        ],
        "Retry-After": [
          "15"
        ],
        "x-ms-ratelimit-remaining-subscription-reads": [
          "11997"
        ],
        "x-ms-request-id": [
          "2a226da6-c424-4036-8963-e53a6c39260d"
        ],
        "x-ms-correlation-request-id": [
          "2a226da6-c424-4036-8963-e53a6c39260d"
        ],
        "x-ms-routing-request-id": [
          "WESTUS:20200520T105240Z:2a226da6-c424-4036-8963-e53a6c39260d"
        ],
        "Strict-Transport-Security": [
          "max-age=31536000; includeSubDomains"
        ],
        "X-Content-Type-Options": [
          "nosniff"
        ],
        "Content-Length": [
          "0"
        ],
        "Expires": [
          "-1"
        ]
      },
      "ResponseBody": "",
      "StatusCode": 202
    },
    {
      "RequestUri": "/subscriptions/24fb23e3-6ba3-41f0-9b6e-e41131d5d61e/operationresults/eyJqb2JJZCI6IlJFU09VUkNFR1JPVVBERUxFVElPTkpPQi1DUlBURVNUQVI5MDU1LVNPVVRIRUFTVEFTSUEiLCJqb2JMb2NhdGlvbiI6InNvdXRoZWFzdGFzaWEifQ?api-version=2017-05-10",
      "EncodedRequestUri": "L3N1YnNjcmlwdGlvbnMvMjRmYjIzZTMtNmJhMy00MWYwLTliNmUtZTQxMTMxZDVkNjFlL29wZXJhdGlvbnJlc3VsdHMvZXlKcWIySkpaQ0k2SWxKRlUwOVZVa05GUjFKUFZWQkVSVXhGVkVsUFRrcFBRaTFEVWxCVVJWTlVRVkk1TURVMUxWTlBWVlJJUlVGVFZFRlRTVUVpTENKcWIySk1iMk5oZEdsdmJpSTZJbk52ZFhSb1pXRnpkR0Z6YVdFaWZRP2FwaS12ZXJzaW9uPTIwMTctMDUtMTA=",
      "RequestMethod": "GET",
      "RequestBody": "",
      "RequestHeaders": {
        "User-Agent": [
          "FxVersion/4.6.26614.01",
          "OSName/Windows",
          "OSVersion/Microsoft.Windows.10.0.19041.",
          "Microsoft.Azure.Management.ResourceManager.ResourceManagementClient/1.6.0.0"
        ]
      },
      "ResponseHeaders": {
        "Cache-Control": [
          "no-cache"
        ],
        "Date": [
          "Wed, 20 May 2020 10:52:55 GMT"
        ],
        "Pragma": [
          "no-cache"
        ],
        "Location": [
          "https://management.azure.com/subscriptions/24fb23e3-6ba3-41f0-9b6e-e41131d5d61e/operationresults/eyJqb2JJZCI6IlJFU09VUkNFR1JPVVBERUxFVElPTkpPQi1DUlBURVNUQVI5MDU1LVNPVVRIRUFTVEFTSUEiLCJqb2JMb2NhdGlvbiI6InNvdXRoZWFzdGFzaWEifQ?api-version=2017-05-10"
        ],
        "Retry-After": [
          "15"
        ],
        "x-ms-ratelimit-remaining-subscription-reads": [
          "11996"
        ],
        "x-ms-request-id": [
          "c25e7140-1f58-4367-8b52-2709860b0ef4"
        ],
        "x-ms-correlation-request-id": [
          "c25e7140-1f58-4367-8b52-2709860b0ef4"
        ],
        "x-ms-routing-request-id": [
          "WESTUS:20200520T105256Z:c25e7140-1f58-4367-8b52-2709860b0ef4"
        ],
        "Strict-Transport-Security": [
          "max-age=31536000; includeSubDomains"
        ],
        "X-Content-Type-Options": [
          "nosniff"
        ],
        "Content-Length": [
          "0"
        ],
        "Expires": [
          "-1"
        ]
      },
      "ResponseBody": "",
      "StatusCode": 202
    },
    {
      "RequestUri": "/subscriptions/24fb23e3-6ba3-41f0-9b6e-e41131d5d61e/operationresults/eyJqb2JJZCI6IlJFU09VUkNFR1JPVVBERUxFVElPTkpPQi1DUlBURVNUQVI5MDU1LVNPVVRIRUFTVEFTSUEiLCJqb2JMb2NhdGlvbiI6InNvdXRoZWFzdGFzaWEifQ?api-version=2017-05-10",
      "EncodedRequestUri": "L3N1YnNjcmlwdGlvbnMvMjRmYjIzZTMtNmJhMy00MWYwLTliNmUtZTQxMTMxZDVkNjFlL29wZXJhdGlvbnJlc3VsdHMvZXlKcWIySkpaQ0k2SWxKRlUwOVZVa05GUjFKUFZWQkVSVXhGVkVsUFRrcFBRaTFEVWxCVVJWTlVRVkk1TURVMUxWTlBWVlJJUlVGVFZFRlRTVUVpTENKcWIySk1iMk5oZEdsdmJpSTZJbk52ZFhSb1pXRnpkR0Z6YVdFaWZRP2FwaS12ZXJzaW9uPTIwMTctMDUtMTA=",
      "RequestMethod": "GET",
      "RequestBody": "",
      "RequestHeaders": {
        "User-Agent": [
          "FxVersion/4.6.26614.01",
          "OSName/Windows",
          "OSVersion/Microsoft.Windows.10.0.19041.",
          "Microsoft.Azure.Management.ResourceManager.ResourceManagementClient/1.6.0.0"
        ]
      },
      "ResponseHeaders": {
        "Cache-Control": [
          "no-cache"
        ],
        "Date": [
          "Wed, 20 May 2020 10:53:10 GMT"
        ],
        "Pragma": [
          "no-cache"
        ],
        "Location": [
          "https://management.azure.com/subscriptions/24fb23e3-6ba3-41f0-9b6e-e41131d5d61e/operationresults/eyJqb2JJZCI6IlJFU09VUkNFR1JPVVBERUxFVElPTkpPQi1DUlBURVNUQVI5MDU1LVNPVVRIRUFTVEFTSUEiLCJqb2JMb2NhdGlvbiI6InNvdXRoZWFzdGFzaWEifQ?api-version=2017-05-10"
        ],
        "Retry-After": [
          "15"
        ],
        "x-ms-ratelimit-remaining-subscription-reads": [
          "11995"
        ],
        "x-ms-request-id": [
          "ab24fe70-80e2-4498-aeb9-53e00ddb432b"
        ],
        "x-ms-correlation-request-id": [
          "ab24fe70-80e2-4498-aeb9-53e00ddb432b"
        ],
        "x-ms-routing-request-id": [
          "WESTUS:20200520T105311Z:ab24fe70-80e2-4498-aeb9-53e00ddb432b"
        ],
        "Strict-Transport-Security": [
          "max-age=31536000; includeSubDomains"
        ],
        "X-Content-Type-Options": [
          "nosniff"
        ],
        "Content-Length": [
          "0"
        ],
        "Expires": [
          "-1"
        ]
      },
      "ResponseBody": "",
      "StatusCode": 202
    },
    {
      "RequestUri": "/subscriptions/24fb23e3-6ba3-41f0-9b6e-e41131d5d61e/operationresults/eyJqb2JJZCI6IlJFU09VUkNFR1JPVVBERUxFVElPTkpPQi1DUlBURVNUQVI5MDU1LVNPVVRIRUFTVEFTSUEiLCJqb2JMb2NhdGlvbiI6InNvdXRoZWFzdGFzaWEifQ?api-version=2017-05-10",
      "EncodedRequestUri": "L3N1YnNjcmlwdGlvbnMvMjRmYjIzZTMtNmJhMy00MWYwLTliNmUtZTQxMTMxZDVkNjFlL29wZXJhdGlvbnJlc3VsdHMvZXlKcWIySkpaQ0k2SWxKRlUwOVZVa05GUjFKUFZWQkVSVXhGVkVsUFRrcFBRaTFEVWxCVVJWTlVRVkk1TURVMUxWTlBWVlJJUlVGVFZFRlRTVUVpTENKcWIySk1iMk5oZEdsdmJpSTZJbk52ZFhSb1pXRnpkR0Z6YVdFaWZRP2FwaS12ZXJzaW9uPTIwMTctMDUtMTA=",
      "RequestMethod": "GET",
      "RequestBody": "",
      "RequestHeaders": {
        "User-Agent": [
          "FxVersion/4.6.26614.01",
          "OSName/Windows",
          "OSVersion/Microsoft.Windows.10.0.19041.",
          "Microsoft.Azure.Management.ResourceManager.ResourceManagementClient/1.6.0.0"
        ]
      },
      "ResponseHeaders": {
        "Cache-Control": [
          "no-cache"
        ],
        "Date": [
          "Wed, 20 May 2020 10:53:26 GMT"
        ],
        "Pragma": [
          "no-cache"
        ],
        "Location": [
          "https://management.azure.com/subscriptions/24fb23e3-6ba3-41f0-9b6e-e41131d5d61e/operationresults/eyJqb2JJZCI6IlJFU09VUkNFR1JPVVBERUxFVElPTkpPQi1DUlBURVNUQVI5MDU1LVNPVVRIRUFTVEFTSUEiLCJqb2JMb2NhdGlvbiI6InNvdXRoZWFzdGFzaWEifQ?api-version=2017-05-10"
        ],
        "Retry-After": [
          "15"
        ],
        "x-ms-ratelimit-remaining-subscription-reads": [
          "11994"
        ],
        "x-ms-request-id": [
          "7609cf1e-0b06-4d72-81d2-307fcb9aae57"
        ],
        "x-ms-correlation-request-id": [
          "7609cf1e-0b06-4d72-81d2-307fcb9aae57"
        ],
        "x-ms-routing-request-id": [
          "WESTUS:20200520T105326Z:7609cf1e-0b06-4d72-81d2-307fcb9aae57"
        ],
        "Strict-Transport-Security": [
          "max-age=31536000; includeSubDomains"
        ],
        "X-Content-Type-Options": [
          "nosniff"
        ],
        "Content-Length": [
          "0"
        ],
        "Expires": [
          "-1"
        ]
      },
      "ResponseBody": "",
      "StatusCode": 202
    },
    {
      "RequestUri": "/subscriptions/24fb23e3-6ba3-41f0-9b6e-e41131d5d61e/operationresults/eyJqb2JJZCI6IlJFU09VUkNFR1JPVVBERUxFVElPTkpPQi1DUlBURVNUQVI5MDU1LVNPVVRIRUFTVEFTSUEiLCJqb2JMb2NhdGlvbiI6InNvdXRoZWFzdGFzaWEifQ?api-version=2017-05-10",
      "EncodedRequestUri": "L3N1YnNjcmlwdGlvbnMvMjRmYjIzZTMtNmJhMy00MWYwLTliNmUtZTQxMTMxZDVkNjFlL29wZXJhdGlvbnJlc3VsdHMvZXlKcWIySkpaQ0k2SWxKRlUwOVZVa05GUjFKUFZWQkVSVXhGVkVsUFRrcFBRaTFEVWxCVVJWTlVRVkk1TURVMUxWTlBWVlJJUlVGVFZFRlRTVUVpTENKcWIySk1iMk5oZEdsdmJpSTZJbk52ZFhSb1pXRnpkR0Z6YVdFaWZRP2FwaS12ZXJzaW9uPTIwMTctMDUtMTA=",
      "RequestMethod": "GET",
      "RequestBody": "",
      "RequestHeaders": {
        "User-Agent": [
          "FxVersion/4.6.26614.01",
          "OSName/Windows",
          "OSVersion/Microsoft.Windows.10.0.19041.",
          "Microsoft.Azure.Management.ResourceManager.ResourceManagementClient/1.6.0.0"
        ]
      },
      "ResponseHeaders": {
        "Cache-Control": [
          "no-cache"
        ],
        "Date": [
          "Wed, 20 May 2020 10:53:42 GMT"
        ],
        "Pragma": [
          "no-cache"
        ],
        "Location": [
          "https://management.azure.com/subscriptions/24fb23e3-6ba3-41f0-9b6e-e41131d5d61e/operationresults/eyJqb2JJZCI6IlJFU09VUkNFR1JPVVBERUxFVElPTkpPQi1DUlBURVNUQVI5MDU1LVNPVVRIRUFTVEFTSUEiLCJqb2JMb2NhdGlvbiI6InNvdXRoZWFzdGFzaWEifQ?api-version=2017-05-10"
        ],
        "Retry-After": [
          "15"
        ],
        "x-ms-ratelimit-remaining-subscription-reads": [
          "11993"
        ],
        "x-ms-request-id": [
          "c2cbc1d6-1dcd-4c95-add7-15508312cd4f"
        ],
        "x-ms-correlation-request-id": [
          "c2cbc1d6-1dcd-4c95-add7-15508312cd4f"
        ],
        "x-ms-routing-request-id": [
          "WESTUS:20200520T105342Z:c2cbc1d6-1dcd-4c95-add7-15508312cd4f"
        ],
        "Strict-Transport-Security": [
          "max-age=31536000; includeSubDomains"
        ],
        "X-Content-Type-Options": [
          "nosniff"
        ],
        "Content-Length": [
          "0"
        ],
        "Expires": [
          "-1"
        ]
      },
      "ResponseBody": "",
      "StatusCode": 202
    },
    {
      "RequestUri": "/subscriptions/24fb23e3-6ba3-41f0-9b6e-e41131d5d61e/operationresults/eyJqb2JJZCI6IlJFU09VUkNFR1JPVVBERUxFVElPTkpPQi1DUlBURVNUQVI5MDU1LVNPVVRIRUFTVEFTSUEiLCJqb2JMb2NhdGlvbiI6InNvdXRoZWFzdGFzaWEifQ?api-version=2017-05-10",
      "EncodedRequestUri": "L3N1YnNjcmlwdGlvbnMvMjRmYjIzZTMtNmJhMy00MWYwLTliNmUtZTQxMTMxZDVkNjFlL29wZXJhdGlvbnJlc3VsdHMvZXlKcWIySkpaQ0k2SWxKRlUwOVZVa05GUjFKUFZWQkVSVXhGVkVsUFRrcFBRaTFEVWxCVVJWTlVRVkk1TURVMUxWTlBWVlJJUlVGVFZFRlRTVUVpTENKcWIySk1iMk5oZEdsdmJpSTZJbk52ZFhSb1pXRnpkR0Z6YVdFaWZRP2FwaS12ZXJzaW9uPTIwMTctMDUtMTA=",
      "RequestMethod": "GET",
      "RequestBody": "",
      "RequestHeaders": {
        "User-Agent": [
          "FxVersion/4.6.26614.01",
          "OSName/Windows",
          "OSVersion/Microsoft.Windows.10.0.19041.",
          "Microsoft.Azure.Management.ResourceManager.ResourceManagementClient/1.6.0.0"
        ]
      },
      "ResponseHeaders": {
        "Cache-Control": [
          "no-cache"
        ],
        "Date": [
          "Wed, 20 May 2020 10:53:57 GMT"
        ],
        "Pragma": [
          "no-cache"
        ],
        "Location": [
          "https://management.azure.com/subscriptions/24fb23e3-6ba3-41f0-9b6e-e41131d5d61e/operationresults/eyJqb2JJZCI6IlJFU09VUkNFR1JPVVBERUxFVElPTkpPQi1DUlBURVNUQVI5MDU1LVNPVVRIRUFTVEFTSUEiLCJqb2JMb2NhdGlvbiI6InNvdXRoZWFzdGFzaWEifQ?api-version=2017-05-10"
        ],
        "Retry-After": [
          "15"
        ],
        "x-ms-ratelimit-remaining-subscription-reads": [
          "11992"
        ],
        "x-ms-request-id": [
          "8ef9f44b-f81c-4f34-bfad-e6be5060a0c3"
        ],
        "x-ms-correlation-request-id": [
          "8ef9f44b-f81c-4f34-bfad-e6be5060a0c3"
        ],
        "x-ms-routing-request-id": [
          "WESTUS:20200520T105357Z:8ef9f44b-f81c-4f34-bfad-e6be5060a0c3"
        ],
        "Strict-Transport-Security": [
          "max-age=31536000; includeSubDomains"
        ],
        "X-Content-Type-Options": [
          "nosniff"
        ],
        "Content-Length": [
          "0"
        ],
        "Expires": [
          "-1"
        ]
      },
      "ResponseBody": "",
      "StatusCode": 202
    },
    {
      "RequestUri": "/subscriptions/24fb23e3-6ba3-41f0-9b6e-e41131d5d61e/operationresults/eyJqb2JJZCI6IlJFU09VUkNFR1JPVVBERUxFVElPTkpPQi1DUlBURVNUQVI5MDU1LVNPVVRIRUFTVEFTSUEiLCJqb2JMb2NhdGlvbiI6InNvdXRoZWFzdGFzaWEifQ?api-version=2017-05-10",
      "EncodedRequestUri": "L3N1YnNjcmlwdGlvbnMvMjRmYjIzZTMtNmJhMy00MWYwLTliNmUtZTQxMTMxZDVkNjFlL29wZXJhdGlvbnJlc3VsdHMvZXlKcWIySkpaQ0k2SWxKRlUwOVZVa05GUjFKUFZWQkVSVXhGVkVsUFRrcFBRaTFEVWxCVVJWTlVRVkk1TURVMUxWTlBWVlJJUlVGVFZFRlRTVUVpTENKcWIySk1iMk5oZEdsdmJpSTZJbk52ZFhSb1pXRnpkR0Z6YVdFaWZRP2FwaS12ZXJzaW9uPTIwMTctMDUtMTA=",
      "RequestMethod": "GET",
      "RequestBody": "",
      "RequestHeaders": {
        "User-Agent": [
          "FxVersion/4.6.26614.01",
          "OSName/Windows",
          "OSVersion/Microsoft.Windows.10.0.19041.",
          "Microsoft.Azure.Management.ResourceManager.ResourceManagementClient/1.6.0.0"
        ]
      },
      "ResponseHeaders": {
        "Cache-Control": [
          "no-cache"
        ],
        "Date": [
          "Wed, 20 May 2020 10:54:12 GMT"
        ],
        "Pragma": [
          "no-cache"
        ],
        "Location": [
          "https://management.azure.com/subscriptions/24fb23e3-6ba3-41f0-9b6e-e41131d5d61e/operationresults/eyJqb2JJZCI6IlJFU09VUkNFR1JPVVBERUxFVElPTkpPQi1DUlBURVNUQVI5MDU1LVNPVVRIRUFTVEFTSUEiLCJqb2JMb2NhdGlvbiI6InNvdXRoZWFzdGFzaWEifQ?api-version=2017-05-10"
        ],
        "Retry-After": [
          "15"
        ],
        "x-ms-ratelimit-remaining-subscription-reads": [
          "11991"
        ],
        "x-ms-request-id": [
          "3d286d44-356c-409e-b5b8-29917315091c"
        ],
        "x-ms-correlation-request-id": [
          "3d286d44-356c-409e-b5b8-29917315091c"
        ],
        "x-ms-routing-request-id": [
          "WESTUS:20200520T105413Z:3d286d44-356c-409e-b5b8-29917315091c"
        ],
        "Strict-Transport-Security": [
          "max-age=31536000; includeSubDomains"
        ],
        "X-Content-Type-Options": [
          "nosniff"
        ],
        "Content-Length": [
          "0"
        ],
        "Expires": [
          "-1"
        ]
      },
      "ResponseBody": "",
      "StatusCode": 202
    },
    {
      "RequestUri": "/subscriptions/24fb23e3-6ba3-41f0-9b6e-e41131d5d61e/operationresults/eyJqb2JJZCI6IlJFU09VUkNFR1JPVVBERUxFVElPTkpPQi1DUlBURVNUQVI5MDU1LVNPVVRIRUFTVEFTSUEiLCJqb2JMb2NhdGlvbiI6InNvdXRoZWFzdGFzaWEifQ?api-version=2017-05-10",
      "EncodedRequestUri": "L3N1YnNjcmlwdGlvbnMvMjRmYjIzZTMtNmJhMy00MWYwLTliNmUtZTQxMTMxZDVkNjFlL29wZXJhdGlvbnJlc3VsdHMvZXlKcWIySkpaQ0k2SWxKRlUwOVZVa05GUjFKUFZWQkVSVXhGVkVsUFRrcFBRaTFEVWxCVVJWTlVRVkk1TURVMUxWTlBWVlJJUlVGVFZFRlRTVUVpTENKcWIySk1iMk5oZEdsdmJpSTZJbk52ZFhSb1pXRnpkR0Z6YVdFaWZRP2FwaS12ZXJzaW9uPTIwMTctMDUtMTA=",
      "RequestMethod": "GET",
      "RequestBody": "",
      "RequestHeaders": {
        "User-Agent": [
          "FxVersion/4.6.26614.01",
          "OSName/Windows",
          "OSVersion/Microsoft.Windows.10.0.19041.",
          "Microsoft.Azure.Management.ResourceManager.ResourceManagementClient/1.6.0.0"
        ]
      },
      "ResponseHeaders": {
        "Cache-Control": [
          "no-cache"
        ],
        "Date": [
          "Wed, 20 May 2020 10:54:27 GMT"
        ],
        "Pragma": [
          "no-cache"
        ],
        "Location": [
          "https://management.azure.com/subscriptions/24fb23e3-6ba3-41f0-9b6e-e41131d5d61e/operationresults/eyJqb2JJZCI6IlJFU09VUkNFR1JPVVBERUxFVElPTkpPQi1DUlBURVNUQVI5MDU1LVNPVVRIRUFTVEFTSUEiLCJqb2JMb2NhdGlvbiI6InNvdXRoZWFzdGFzaWEifQ?api-version=2017-05-10"
        ],
        "Retry-After": [
          "15"
        ],
        "x-ms-ratelimit-remaining-subscription-reads": [
          "11990"
        ],
        "x-ms-request-id": [
          "f5d2aa7c-67d4-4cbb-be62-2a7fa609a856"
        ],
        "x-ms-correlation-request-id": [
          "f5d2aa7c-67d4-4cbb-be62-2a7fa609a856"
        ],
        "x-ms-routing-request-id": [
          "WESTUS:20200520T105428Z:f5d2aa7c-67d4-4cbb-be62-2a7fa609a856"
        ],
        "Strict-Transport-Security": [
          "max-age=31536000; includeSubDomains"
        ],
        "X-Content-Type-Options": [
          "nosniff"
        ],
        "Content-Length": [
          "0"
        ],
        "Expires": [
          "-1"
        ]
      },
      "ResponseBody": "",
      "StatusCode": 202
    },
    {
      "RequestUri": "/subscriptions/24fb23e3-6ba3-41f0-9b6e-e41131d5d61e/operationresults/eyJqb2JJZCI6IlJFU09VUkNFR1JPVVBERUxFVElPTkpPQi1DUlBURVNUQVI5MDU1LVNPVVRIRUFTVEFTSUEiLCJqb2JMb2NhdGlvbiI6InNvdXRoZWFzdGFzaWEifQ?api-version=2017-05-10",
      "EncodedRequestUri": "L3N1YnNjcmlwdGlvbnMvMjRmYjIzZTMtNmJhMy00MWYwLTliNmUtZTQxMTMxZDVkNjFlL29wZXJhdGlvbnJlc3VsdHMvZXlKcWIySkpaQ0k2SWxKRlUwOVZVa05GUjFKUFZWQkVSVXhGVkVsUFRrcFBRaTFEVWxCVVJWTlVRVkk1TURVMUxWTlBWVlJJUlVGVFZFRlRTVUVpTENKcWIySk1iMk5oZEdsdmJpSTZJbk52ZFhSb1pXRnpkR0Z6YVdFaWZRP2FwaS12ZXJzaW9uPTIwMTctMDUtMTA=",
      "RequestMethod": "GET",
      "RequestBody": "",
      "RequestHeaders": {
        "User-Agent": [
          "FxVersion/4.6.26614.01",
          "OSName/Windows",
          "OSVersion/Microsoft.Windows.10.0.19041.",
          "Microsoft.Azure.Management.ResourceManager.ResourceManagementClient/1.6.0.0"
        ]
      },
      "ResponseHeaders": {
        "Cache-Control": [
          "no-cache"
        ],
        "Date": [
          "Wed, 20 May 2020 10:54:43 GMT"
        ],
        "Pragma": [
          "no-cache"
        ],
        "Location": [
          "https://management.azure.com/subscriptions/24fb23e3-6ba3-41f0-9b6e-e41131d5d61e/operationresults/eyJqb2JJZCI6IlJFU09VUkNFR1JPVVBERUxFVElPTkpPQi1DUlBURVNUQVI5MDU1LVNPVVRIRUFTVEFTSUEiLCJqb2JMb2NhdGlvbiI6InNvdXRoZWFzdGFzaWEifQ?api-version=2017-05-10"
        ],
        "Retry-After": [
          "15"
        ],
        "x-ms-ratelimit-remaining-subscription-reads": [
          "11989"
        ],
        "x-ms-request-id": [
          "ba71c0a1-5a90-428e-ae20-72e97a56579b"
        ],
        "x-ms-correlation-request-id": [
          "ba71c0a1-5a90-428e-ae20-72e97a56579b"
        ],
        "x-ms-routing-request-id": [
          "WESTUS:20200520T105443Z:ba71c0a1-5a90-428e-ae20-72e97a56579b"
        ],
        "Strict-Transport-Security": [
          "max-age=31536000; includeSubDomains"
        ],
        "X-Content-Type-Options": [
          "nosniff"
        ],
        "Content-Length": [
          "0"
        ],
        "Expires": [
          "-1"
        ]
      },
      "ResponseBody": "",
      "StatusCode": 202
    },
    {
      "RequestUri": "/subscriptions/24fb23e3-6ba3-41f0-9b6e-e41131d5d61e/operationresults/eyJqb2JJZCI6IlJFU09VUkNFR1JPVVBERUxFVElPTkpPQi1DUlBURVNUQVI5MDU1LVNPVVRIRUFTVEFTSUEiLCJqb2JMb2NhdGlvbiI6InNvdXRoZWFzdGFzaWEifQ?api-version=2017-05-10",
      "EncodedRequestUri": "L3N1YnNjcmlwdGlvbnMvMjRmYjIzZTMtNmJhMy00MWYwLTliNmUtZTQxMTMxZDVkNjFlL29wZXJhdGlvbnJlc3VsdHMvZXlKcWIySkpaQ0k2SWxKRlUwOVZVa05GUjFKUFZWQkVSVXhGVkVsUFRrcFBRaTFEVWxCVVJWTlVRVkk1TURVMUxWTlBWVlJJUlVGVFZFRlRTVUVpTENKcWIySk1iMk5oZEdsdmJpSTZJbk52ZFhSb1pXRnpkR0Z6YVdFaWZRP2FwaS12ZXJzaW9uPTIwMTctMDUtMTA=",
      "RequestMethod": "GET",
      "RequestBody": "",
      "RequestHeaders": {
        "User-Agent": [
          "FxVersion/4.6.26614.01",
          "OSName/Windows",
          "OSVersion/Microsoft.Windows.10.0.19041.",
          "Microsoft.Azure.Management.ResourceManager.ResourceManagementClient/1.6.0.0"
        ]
      },
      "ResponseHeaders": {
        "Cache-Control": [
          "no-cache"
        ],
        "Date": [
          "Wed, 20 May 2020 10:54:58 GMT"
        ],
        "Pragma": [
          "no-cache"
        ],
        "Location": [
          "https://management.azure.com/subscriptions/24fb23e3-6ba3-41f0-9b6e-e41131d5d61e/operationresults/eyJqb2JJZCI6IlJFU09VUkNFR1JPVVBERUxFVElPTkpPQi1DUlBURVNUQVI5MDU1LVNPVVRIRUFTVEFTSUEiLCJqb2JMb2NhdGlvbiI6InNvdXRoZWFzdGFzaWEifQ?api-version=2017-05-10"
        ],
        "Retry-After": [
          "15"
        ],
        "x-ms-ratelimit-remaining-subscription-reads": [
          "11988"
        ],
        "x-ms-request-id": [
          "ab4690e5-31a4-4586-ba11-2e5bd278caa5"
        ],
        "x-ms-correlation-request-id": [
          "ab4690e5-31a4-4586-ba11-2e5bd278caa5"
        ],
        "x-ms-routing-request-id": [
          "WESTUS:20200520T105459Z:ab4690e5-31a4-4586-ba11-2e5bd278caa5"
        ],
        "Strict-Transport-Security": [
          "max-age=31536000; includeSubDomains"
        ],
        "X-Content-Type-Options": [
          "nosniff"
        ],
        "Content-Length": [
          "0"
        ],
        "Expires": [
          "-1"
        ]
      },
      "ResponseBody": "",
      "StatusCode": 202
    },
    {
      "RequestUri": "/subscriptions/24fb23e3-6ba3-41f0-9b6e-e41131d5d61e/operationresults/eyJqb2JJZCI6IlJFU09VUkNFR1JPVVBERUxFVElPTkpPQi1DUlBURVNUQVI5MDU1LVNPVVRIRUFTVEFTSUEiLCJqb2JMb2NhdGlvbiI6InNvdXRoZWFzdGFzaWEifQ?api-version=2017-05-10",
      "EncodedRequestUri": "L3N1YnNjcmlwdGlvbnMvMjRmYjIzZTMtNmJhMy00MWYwLTliNmUtZTQxMTMxZDVkNjFlL29wZXJhdGlvbnJlc3VsdHMvZXlKcWIySkpaQ0k2SWxKRlUwOVZVa05GUjFKUFZWQkVSVXhGVkVsUFRrcFBRaTFEVWxCVVJWTlVRVkk1TURVMUxWTlBWVlJJUlVGVFZFRlRTVUVpTENKcWIySk1iMk5oZEdsdmJpSTZJbk52ZFhSb1pXRnpkR0Z6YVdFaWZRP2FwaS12ZXJzaW9uPTIwMTctMDUtMTA=",
      "RequestMethod": "GET",
      "RequestBody": "",
      "RequestHeaders": {
        "User-Agent": [
          "FxVersion/4.6.26614.01",
          "OSName/Windows",
          "OSVersion/Microsoft.Windows.10.0.19041.",
          "Microsoft.Azure.Management.ResourceManager.ResourceManagementClient/1.6.0.0"
        ]
      },
      "ResponseHeaders": {
        "Cache-Control": [
          "no-cache"
        ],
        "Date": [
          "Wed, 20 May 2020 10:55:13 GMT"
        ],
        "Pragma": [
          "no-cache"
        ],
        "Location": [
          "https://management.azure.com/subscriptions/24fb23e3-6ba3-41f0-9b6e-e41131d5d61e/operationresults/eyJqb2JJZCI6IlJFU09VUkNFR1JPVVBERUxFVElPTkpPQi1DUlBURVNUQVI5MDU1LVNPVVRIRUFTVEFTSUEiLCJqb2JMb2NhdGlvbiI6InNvdXRoZWFzdGFzaWEifQ?api-version=2017-05-10"
        ],
        "Retry-After": [
          "15"
        ],
        "x-ms-ratelimit-remaining-subscription-reads": [
          "11987"
        ],
        "x-ms-request-id": [
          "96aba722-b3bd-4ce8-85f5-fdcf519877da"
        ],
        "x-ms-correlation-request-id": [
          "96aba722-b3bd-4ce8-85f5-fdcf519877da"
        ],
        "x-ms-routing-request-id": [
          "WESTUS:20200520T105514Z:96aba722-b3bd-4ce8-85f5-fdcf519877da"
        ],
        "Strict-Transport-Security": [
          "max-age=31536000; includeSubDomains"
        ],
        "X-Content-Type-Options": [
          "nosniff"
        ],
        "Content-Length": [
          "0"
        ],
        "Expires": [
          "-1"
        ]
      },
      "ResponseBody": "",
      "StatusCode": 202
    },
    {
      "RequestUri": "/subscriptions/24fb23e3-6ba3-41f0-9b6e-e41131d5d61e/operationresults/eyJqb2JJZCI6IlJFU09VUkNFR1JPVVBERUxFVElPTkpPQi1DUlBURVNUQVI5MDU1LVNPVVRIRUFTVEFTSUEiLCJqb2JMb2NhdGlvbiI6InNvdXRoZWFzdGFzaWEifQ?api-version=2017-05-10",
      "EncodedRequestUri": "L3N1YnNjcmlwdGlvbnMvMjRmYjIzZTMtNmJhMy00MWYwLTliNmUtZTQxMTMxZDVkNjFlL29wZXJhdGlvbnJlc3VsdHMvZXlKcWIySkpaQ0k2SWxKRlUwOVZVa05GUjFKUFZWQkVSVXhGVkVsUFRrcFBRaTFEVWxCVVJWTlVRVkk1TURVMUxWTlBWVlJJUlVGVFZFRlRTVUVpTENKcWIySk1iMk5oZEdsdmJpSTZJbk52ZFhSb1pXRnpkR0Z6YVdFaWZRP2FwaS12ZXJzaW9uPTIwMTctMDUtMTA=",
      "RequestMethod": "GET",
      "RequestBody": "",
      "RequestHeaders": {
        "User-Agent": [
          "FxVersion/4.6.26614.01",
          "OSName/Windows",
          "OSVersion/Microsoft.Windows.10.0.19041.",
          "Microsoft.Azure.Management.ResourceManager.ResourceManagementClient/1.6.0.0"
        ]
      },
      "ResponseHeaders": {
        "Cache-Control": [
          "no-cache"
        ],
        "Date": [
          "Wed, 20 May 2020 10:55:29 GMT"
        ],
        "Pragma": [
          "no-cache"
        ],
        "Location": [
          "https://management.azure.com/subscriptions/24fb23e3-6ba3-41f0-9b6e-e41131d5d61e/operationresults/eyJqb2JJZCI6IlJFU09VUkNFR1JPVVBERUxFVElPTkpPQi1DUlBURVNUQVI5MDU1LVNPVVRIRUFTVEFTSUEiLCJqb2JMb2NhdGlvbiI6InNvdXRoZWFzdGFzaWEifQ?api-version=2017-05-10"
        ],
        "Retry-After": [
          "15"
        ],
        "x-ms-ratelimit-remaining-subscription-reads": [
          "11986"
        ],
        "x-ms-request-id": [
          "523b5bb7-f0ae-4380-a14d-32e9c0f0e57f"
        ],
        "x-ms-correlation-request-id": [
          "523b5bb7-f0ae-4380-a14d-32e9c0f0e57f"
        ],
        "x-ms-routing-request-id": [
          "WESTUS:20200520T105530Z:523b5bb7-f0ae-4380-a14d-32e9c0f0e57f"
        ],
        "Strict-Transport-Security": [
          "max-age=31536000; includeSubDomains"
        ],
        "X-Content-Type-Options": [
          "nosniff"
        ],
        "Content-Length": [
          "0"
        ],
        "Expires": [
          "-1"
        ]
      },
      "ResponseBody": "",
      "StatusCode": 202
    },
    {
      "RequestUri": "/subscriptions/24fb23e3-6ba3-41f0-9b6e-e41131d5d61e/operationresults/eyJqb2JJZCI6IlJFU09VUkNFR1JPVVBERUxFVElPTkpPQi1DUlBURVNUQVI5MDU1LVNPVVRIRUFTVEFTSUEiLCJqb2JMb2NhdGlvbiI6InNvdXRoZWFzdGFzaWEifQ?api-version=2017-05-10",
      "EncodedRequestUri": "L3N1YnNjcmlwdGlvbnMvMjRmYjIzZTMtNmJhMy00MWYwLTliNmUtZTQxMTMxZDVkNjFlL29wZXJhdGlvbnJlc3VsdHMvZXlKcWIySkpaQ0k2SWxKRlUwOVZVa05GUjFKUFZWQkVSVXhGVkVsUFRrcFBRaTFEVWxCVVJWTlVRVkk1TURVMUxWTlBWVlJJUlVGVFZFRlRTVUVpTENKcWIySk1iMk5oZEdsdmJpSTZJbk52ZFhSb1pXRnpkR0Z6YVdFaWZRP2FwaS12ZXJzaW9uPTIwMTctMDUtMTA=",
      "RequestMethod": "GET",
      "RequestBody": "",
      "RequestHeaders": {
        "User-Agent": [
          "FxVersion/4.6.26614.01",
          "OSName/Windows",
          "OSVersion/Microsoft.Windows.10.0.19041.",
          "Microsoft.Azure.Management.ResourceManager.ResourceManagementClient/1.6.0.0"
        ]
      },
      "ResponseHeaders": {
        "Cache-Control": [
          "no-cache"
        ],
        "Date": [
          "Wed, 20 May 2020 10:55:45 GMT"
        ],
        "Pragma": [
          "no-cache"
        ],
        "Location": [
          "https://management.azure.com/subscriptions/24fb23e3-6ba3-41f0-9b6e-e41131d5d61e/operationresults/eyJqb2JJZCI6IlJFU09VUkNFR1JPVVBERUxFVElPTkpPQi1DUlBURVNUQVI5MDU1LVNPVVRIRUFTVEFTSUEiLCJqb2JMb2NhdGlvbiI6InNvdXRoZWFzdGFzaWEifQ?api-version=2017-05-10"
        ],
        "Retry-After": [
          "15"
        ],
        "x-ms-ratelimit-remaining-subscription-reads": [
          "11985"
        ],
        "x-ms-request-id": [
          "6ac9a0cc-2fed-4519-86dd-a83ccac3e6c0"
        ],
        "x-ms-correlation-request-id": [
          "6ac9a0cc-2fed-4519-86dd-a83ccac3e6c0"
        ],
        "x-ms-routing-request-id": [
          "WESTUS:20200520T105545Z:6ac9a0cc-2fed-4519-86dd-a83ccac3e6c0"
        ],
        "Strict-Transport-Security": [
          "max-age=31536000; includeSubDomains"
        ],
        "X-Content-Type-Options": [
          "nosniff"
        ],
        "Content-Length": [
          "0"
        ],
        "Expires": [
          "-1"
        ]
      },
      "ResponseBody": "",
      "StatusCode": 202
    },
    {
      "RequestUri": "/subscriptions/24fb23e3-6ba3-41f0-9b6e-e41131d5d61e/operationresults/eyJqb2JJZCI6IlJFU09VUkNFR1JPVVBERUxFVElPTkpPQi1DUlBURVNUQVI5MDU1LVNPVVRIRUFTVEFTSUEiLCJqb2JMb2NhdGlvbiI6InNvdXRoZWFzdGFzaWEifQ?api-version=2017-05-10",
      "EncodedRequestUri": "L3N1YnNjcmlwdGlvbnMvMjRmYjIzZTMtNmJhMy00MWYwLTliNmUtZTQxMTMxZDVkNjFlL29wZXJhdGlvbnJlc3VsdHMvZXlKcWIySkpaQ0k2SWxKRlUwOVZVa05GUjFKUFZWQkVSVXhGVkVsUFRrcFBRaTFEVWxCVVJWTlVRVkk1TURVMUxWTlBWVlJJUlVGVFZFRlRTVUVpTENKcWIySk1iMk5oZEdsdmJpSTZJbk52ZFhSb1pXRnpkR0Z6YVdFaWZRP2FwaS12ZXJzaW9uPTIwMTctMDUtMTA=",
      "RequestMethod": "GET",
      "RequestBody": "",
      "RequestHeaders": {
        "User-Agent": [
          "FxVersion/4.6.26614.01",
          "OSName/Windows",
          "OSVersion/Microsoft.Windows.10.0.19041.",
          "Microsoft.Azure.Management.ResourceManager.ResourceManagementClient/1.6.0.0"
        ]
      },
      "ResponseHeaders": {
        "Cache-Control": [
          "no-cache"
        ],
        "Date": [
          "Wed, 20 May 2020 10:56:00 GMT"
        ],
        "Pragma": [
          "no-cache"
        ],
        "Location": [
          "https://management.azure.com/subscriptions/24fb23e3-6ba3-41f0-9b6e-e41131d5d61e/operationresults/eyJqb2JJZCI6IlJFU09VUkNFR1JPVVBERUxFVElPTkpPQi1DUlBURVNUQVI5MDU1LVNPVVRIRUFTVEFTSUEiLCJqb2JMb2NhdGlvbiI6InNvdXRoZWFzdGFzaWEifQ?api-version=2017-05-10"
        ],
        "Retry-After": [
          "15"
        ],
        "x-ms-ratelimit-remaining-subscription-reads": [
          "11984"
        ],
        "x-ms-request-id": [
          "c07ec187-f87a-4e1a-a6ff-9e22f3f4e7b7"
        ],
        "x-ms-correlation-request-id": [
          "c07ec187-f87a-4e1a-a6ff-9e22f3f4e7b7"
        ],
        "x-ms-routing-request-id": [
          "WESTUS:20200520T105600Z:c07ec187-f87a-4e1a-a6ff-9e22f3f4e7b7"
        ],
        "Strict-Transport-Security": [
          "max-age=31536000; includeSubDomains"
        ],
        "X-Content-Type-Options": [
          "nosniff"
        ],
        "Content-Length": [
          "0"
        ],
        "Expires": [
          "-1"
        ]
      },
      "ResponseBody": "",
      "StatusCode": 202
    },
    {
      "RequestUri": "/subscriptions/24fb23e3-6ba3-41f0-9b6e-e41131d5d61e/operationresults/eyJqb2JJZCI6IlJFU09VUkNFR1JPVVBERUxFVElPTkpPQi1DUlBURVNUQVI5MDU1LVNPVVRIRUFTVEFTSUEiLCJqb2JMb2NhdGlvbiI6InNvdXRoZWFzdGFzaWEifQ?api-version=2017-05-10",
      "EncodedRequestUri": "L3N1YnNjcmlwdGlvbnMvMjRmYjIzZTMtNmJhMy00MWYwLTliNmUtZTQxMTMxZDVkNjFlL29wZXJhdGlvbnJlc3VsdHMvZXlKcWIySkpaQ0k2SWxKRlUwOVZVa05GUjFKUFZWQkVSVXhGVkVsUFRrcFBRaTFEVWxCVVJWTlVRVkk1TURVMUxWTlBWVlJJUlVGVFZFRlRTVUVpTENKcWIySk1iMk5oZEdsdmJpSTZJbk52ZFhSb1pXRnpkR0Z6YVdFaWZRP2FwaS12ZXJzaW9uPTIwMTctMDUtMTA=",
      "RequestMethod": "GET",
      "RequestBody": "",
      "RequestHeaders": {
        "User-Agent": [
          "FxVersion/4.6.26614.01",
          "OSName/Windows",
          "OSVersion/Microsoft.Windows.10.0.19041.",
          "Microsoft.Azure.Management.ResourceManager.ResourceManagementClient/1.6.0.0"
        ]
      },
      "ResponseHeaders": {
        "Cache-Control": [
          "no-cache"
        ],
        "Date": [
          "Wed, 20 May 2020 10:56:15 GMT"
        ],
        "Pragma": [
          "no-cache"
        ],
        "Location": [
          "https://management.azure.com/subscriptions/24fb23e3-6ba3-41f0-9b6e-e41131d5d61e/operationresults/eyJqb2JJZCI6IlJFU09VUkNFR1JPVVBERUxFVElPTkpPQi1DUlBURVNUQVI5MDU1LVNPVVRIRUFTVEFTSUEiLCJqb2JMb2NhdGlvbiI6InNvdXRoZWFzdGFzaWEifQ?api-version=2017-05-10"
        ],
        "Retry-After": [
          "15"
        ],
        "x-ms-ratelimit-remaining-subscription-reads": [
          "11983"
        ],
        "x-ms-request-id": [
          "dbc24bb7-586a-492f-a728-24c69e768cf1"
        ],
        "x-ms-correlation-request-id": [
          "dbc24bb7-586a-492f-a728-24c69e768cf1"
        ],
        "x-ms-routing-request-id": [
          "WESTUS:20200520T105616Z:dbc24bb7-586a-492f-a728-24c69e768cf1"
        ],
        "Strict-Transport-Security": [
          "max-age=31536000; includeSubDomains"
        ],
        "X-Content-Type-Options": [
          "nosniff"
        ],
        "Content-Length": [
          "0"
        ],
        "Expires": [
          "-1"
        ]
      },
      "ResponseBody": "",
      "StatusCode": 202
    },
    {
      "RequestUri": "/subscriptions/24fb23e3-6ba3-41f0-9b6e-e41131d5d61e/operationresults/eyJqb2JJZCI6IlJFU09VUkNFR1JPVVBERUxFVElPTkpPQi1DUlBURVNUQVI5MDU1LVNPVVRIRUFTVEFTSUEiLCJqb2JMb2NhdGlvbiI6InNvdXRoZWFzdGFzaWEifQ?api-version=2017-05-10",
      "EncodedRequestUri": "L3N1YnNjcmlwdGlvbnMvMjRmYjIzZTMtNmJhMy00MWYwLTliNmUtZTQxMTMxZDVkNjFlL29wZXJhdGlvbnJlc3VsdHMvZXlKcWIySkpaQ0k2SWxKRlUwOVZVa05GUjFKUFZWQkVSVXhGVkVsUFRrcFBRaTFEVWxCVVJWTlVRVkk1TURVMUxWTlBWVlJJUlVGVFZFRlRTVUVpTENKcWIySk1iMk5oZEdsdmJpSTZJbk52ZFhSb1pXRnpkR0Z6YVdFaWZRP2FwaS12ZXJzaW9uPTIwMTctMDUtMTA=",
      "RequestMethod": "GET",
      "RequestBody": "",
      "RequestHeaders": {
        "User-Agent": [
          "FxVersion/4.6.26614.01",
          "OSName/Windows",
          "OSVersion/Microsoft.Windows.10.0.19041.",
          "Microsoft.Azure.Management.ResourceManager.ResourceManagementClient/1.6.0.0"
        ]
      },
      "ResponseHeaders": {
        "Cache-Control": [
          "no-cache"
        ],
        "Date": [
          "Wed, 20 May 2020 10:56:31 GMT"
        ],
        "Pragma": [
          "no-cache"
        ],
        "x-ms-ratelimit-remaining-subscription-reads": [
          "11982"
        ],
        "x-ms-request-id": [
          "ebb75f70-0e02-450d-a8e6-8b212fa29b3c"
        ],
        "x-ms-correlation-request-id": [
          "ebb75f70-0e02-450d-a8e6-8b212fa29b3c"
        ],
        "x-ms-routing-request-id": [
          "WESTUS:20200520T105631Z:ebb75f70-0e02-450d-a8e6-8b212fa29b3c"
        ],
        "Strict-Transport-Security": [
          "max-age=31536000; includeSubDomains"
        ],
        "X-Content-Type-Options": [
          "nosniff"
        ],
        "Content-Length": [
          "0"
        ],
        "Expires": [
          "-1"
        ]
      },
      "ResponseBody": "",
      "StatusCode": 200
    },
    {
      "RequestUri": "/subscriptions/24fb23e3-6ba3-41f0-9b6e-e41131d5d61e/operationresults/eyJqb2JJZCI6IlJFU09VUkNFR1JPVVBERUxFVElPTkpPQi1DUlBURVNUQVI5MDU1LVNPVVRIRUFTVEFTSUEiLCJqb2JMb2NhdGlvbiI6InNvdXRoZWFzdGFzaWEifQ?api-version=2017-05-10",
      "EncodedRequestUri": "L3N1YnNjcmlwdGlvbnMvMjRmYjIzZTMtNmJhMy00MWYwLTliNmUtZTQxMTMxZDVkNjFlL29wZXJhdGlvbnJlc3VsdHMvZXlKcWIySkpaQ0k2SWxKRlUwOVZVa05GUjFKUFZWQkVSVXhGVkVsUFRrcFBRaTFEVWxCVVJWTlVRVkk1TURVMUxWTlBWVlJJUlVGVFZFRlRTVUVpTENKcWIySk1iMk5oZEdsdmJpSTZJbk52ZFhSb1pXRnpkR0Z6YVdFaWZRP2FwaS12ZXJzaW9uPTIwMTctMDUtMTA=",
      "RequestMethod": "GET",
      "RequestBody": "",
      "RequestHeaders": {
        "User-Agent": [
          "FxVersion/4.6.26614.01",
          "OSName/Windows",
          "OSVersion/Microsoft.Windows.10.0.19041.",
          "Microsoft.Azure.Management.ResourceManager.ResourceManagementClient/1.6.0.0"
        ]
      },
      "ResponseHeaders": {
        "Cache-Control": [
          "no-cache"
        ],
        "Date": [
          "Wed, 20 May 2020 10:56:32 GMT"
        ],
        "Pragma": [
          "no-cache"
        ],
        "x-ms-ratelimit-remaining-subscription-reads": [
          "11981"
        ],
        "x-ms-request-id": [
          "68b21194-f189-4755-8943-2358ee800411"
        ],
        "x-ms-correlation-request-id": [
          "68b21194-f189-4755-8943-2358ee800411"
        ],
        "x-ms-routing-request-id": [
          "WESTUS:20200520T105632Z:68b21194-f189-4755-8943-2358ee800411"
        ],
        "Strict-Transport-Security": [
          "max-age=31536000; includeSubDomains"
        ],
        "X-Content-Type-Options": [
          "nosniff"
        ],
        "Content-Length": [
          "0"
        ],
        "Expires": [
          "-1"
        ]
      },
      "ResponseBody": "",
      "StatusCode": 200
    }
  ],
  "Names": {
    "TestMultiNicVirtualMachineReference": [
      "crptestar9055",
      "as1864",
      "crptestar2596",
      "7884",
      "8771"
    ],
    "CreateVNET": [
      "vn9109",
      "sn8714"
    ],
    "CreateNIC": [
      "ip503",
      "ip5291"
    ],
    "CreateDefaultVMInput": [
      "crptestar7218",
      "crptestar8640",
      "crptestar8909",
      "vm6089",
      "Microsoft.Compute/virtualMachines857"
    ]
  },
  "Variables": {
    "SubscriptionId": "24fb23e3-6ba3-41f0-9b6e-e41131d5d61e"
  }
}