{
  "Entries": [
    {
      "RequestUri": "/subscriptions/1d16f9b3-bbe3-48d4-930a-27a74dca003b/resourcegroups/res3934?api-version=2017-05-10",
      "EncodedRequestUri": "L3N1YnNjcmlwdGlvbnMvMWQxNmY5YjMtYmJlMy00OGQ0LTkzMGEtMjdhNzRkY2EwMDNiL3Jlc291cmNlZ3JvdXBzL3JlczM5MzQ/YXBpLXZlcnNpb249MjAxNy0wNS0xMA==",
      "RequestMethod": "PUT",
      "RequestBody": "{\r\n  \"location\": \"eastus2\"\r\n}",
      "RequestHeaders": {
        "x-ms-client-request-id": [
          "5b16bc8f-795f-47bb-8222-6f76707c2694"
        ],
        "accept-language": [
          "en-US"
        ],
        "User-Agent": [
          "FxVersion/4.6.26328.01",
          "Microsoft.Azure.Management.ResourceManager.ResourceManagementClient/1.6.0.0"
        ],
        "Content-Type": [
          "application/json; charset=utf-8"
        ],
        "Content-Length": [
          "29"
        ]
      },
      "ResponseHeaders": {
        "Cache-Control": [
          "no-cache"
        ],
        "Date": [
          "Tue, 11 Sep 2018 17:51:20 GMT"
        ],
        "Pragma": [
          "no-cache"
        ],
        "x-ms-ratelimit-remaining-subscription-writes": [
          "1199"
        ],
        "x-ms-request-id": [
          "9bae0f51-ea0b-49e8-a0dc-63a9c4775656"
        ],
        "x-ms-correlation-request-id": [
          "9bae0f51-ea0b-49e8-a0dc-63a9c4775656"
        ],
        "x-ms-routing-request-id": [
          "WESTUS2:20180911T175121Z:9bae0f51-ea0b-49e8-a0dc-63a9c4775656"
        ],
        "Strict-Transport-Security": [
          "max-age=31536000; includeSubDomains"
        ],
        "X-Content-Type-Options": [
          "nosniff"
        ],
        "Content-Length": [
          "168"
        ],
        "Content-Type": [
          "application/json; charset=utf-8"
        ],
        "Expires": [
          "-1"
        ]
      },
      "ResponseBody": "{\r\n  \"id\": \"/subscriptions/1d16f9b3-bbe3-48d4-930a-27a74dca003b/resourceGroups/res3934\",\r\n  \"name\": \"res3934\",\r\n  \"location\": \"eastus2\",\r\n  \"properties\": {\r\n    \"provisioningState\": \"Succeeded\"\r\n  }\r\n}",
      "StatusCode": 201
    },
    {
      "RequestUri": "/subscriptions/1d16f9b3-bbe3-48d4-930a-27a74dca003b/resourceGroups/res3934/providers/Microsoft.StorageSync/storageSyncServices/sss-sgdelete385?api-version=2018-04-02",
      "EncodedRequestUri": "L3N1YnNjcmlwdGlvbnMvMWQxNmY5YjMtYmJlMy00OGQ0LTkzMGEtMjdhNzRkY2EwMDNiL3Jlc291cmNlR3JvdXBzL3JlczM5MzQvcHJvdmlkZXJzL01pY3Jvc29mdC5TdG9yYWdlU3luYy9zdG9yYWdlU3luY1NlcnZpY2VzL3Nzcy1zZ2RlbGV0ZTM4NT9hcGktdmVyc2lvbj0yMDE4LTA0LTAy",
      "RequestMethod": "PUT",
      "RequestBody": "{\r\n  \"location\": \"west europe\",\r\n  \"tags\": {\r\n    \"key1\": \"value1\",\r\n    \"key2\": \"value2\"\r\n  }\r\n}",
      "RequestHeaders": {
        "x-ms-client-request-id": [
          "14258be3-24bb-45cb-8b07-aea61f0ac77c"
        ],
        "accept-language": [
          "en-US"
        ],
        "User-Agent": [
          "FxVersion/4.6.26328.01",
          "Microsoft.Azure.Management.StorageSync.StorageSyncManagementClient/1.0.0"
        ],
        "Content-Type": [
          "application/json; charset=utf-8"
        ],
        "Content-Length": [
          "97"
        ]
      },
      "ResponseHeaders": {
        "Cache-Control": [
          "no-cache"
        ],
        "Date": [
          "Tue, 11 Sep 2018 17:51:23 GMT"
        ],
        "Pragma": [
          "no-cache"
        ],
        "Server": [
          "Microsoft-IIS/8.5"
        ],
        "x-ms-request-id": [
          "bc488dfa-996d-4003-a4f3-ea68b7157a25"
        ],
        "X-Content-Type-Options": [
          "nosniff"
        ],
        "Strict-Transport-Security": [
          "max-age=31536000; includeSubDomains"
        ],
        "X-AspNet-Version": [
          "4.0.30319"
        ],
        "X-Powered-By": [
          "ASP.NET"
        ],
        "x-ms-ratelimit-remaining-subscription-writes": [
          "1198"
        ],
        "x-ms-correlation-request-id": [
          "a77428af-01d6-44a6-9274-f2021e79085d"
        ],
        "x-ms-routing-request-id": [
          "WESTUS2:20180911T175123Z:a77428af-01d6-44a6-9274-f2021e79085d"
        ],
        "Content-Length": [
          "403"
        ],
        "Content-Type": [
          "application/json; charset=utf-8"
        ],
        "Expires": [
          "-1"
        ]
      },
      "ResponseBody": "{\r\n  \"properties\": {\r\n    \"storageSyncServiceStatus\": null,\r\n    \"storageSyncServiceUid\": \"00000000-0000-0000-0000-000000000000\"\r\n  },\r\n  \"location\": \"west europe\",\r\n  \"tags\": {\r\n    \"key1\": \"value1\",\r\n    \"key2\": \"value2\"\r\n  },\r\n  \"id\": \"/subscriptions/1d16f9b3-bbe3-48d4-930a-27a74dca003b/resourceGroups/res3934/providers/microsoft.storagesync/storageSyncServices/sss-sgdelete385\",\r\n  \"name\": \"sss-sgdelete385\",\r\n  \"type\": \"microsoft.storagesync/storageSyncServices\"\r\n}",
      "StatusCode": 200
    },
    {
      "RequestUri": "/subscriptions/1d16f9b3-bbe3-48d4-930a-27a74dca003b/resourceGroups/res3934/providers/Microsoft.StorageSync/storageSyncServices/sss-sgdelete385/syncGroups/sgdelete5714?api-version=2018-04-02",
      "EncodedRequestUri": "L3N1YnNjcmlwdGlvbnMvMWQxNmY5YjMtYmJlMy00OGQ0LTkzMGEtMjdhNzRkY2EwMDNiL3Jlc291cmNlR3JvdXBzL3JlczM5MzQvcHJvdmlkZXJzL01pY3Jvc29mdC5TdG9yYWdlU3luYy9zdG9yYWdlU3luY1NlcnZpY2VzL3Nzcy1zZ2RlbGV0ZTM4NS9zeW5jR3JvdXBzL3NnZGVsZXRlNTcxND9hcGktdmVyc2lvbj0yMDE4LTA0LTAy",
      "RequestMethod": "DELETE",
      "RequestBody": "",
      "RequestHeaders": {
        "x-ms-client-request-id": [
          "96529b5e-b096-416e-9612-57c65e379599"
        ],
        "accept-language": [
          "en-US"
        ],
        "User-Agent": [
          "FxVersion/4.6.26328.01",
          "Microsoft.Azure.Management.StorageSync.StorageSyncManagementClient/1.0.0"
        ]
      },
      "ResponseHeaders": {
        "Cache-Control": [
          "no-cache"
        ],
        "Date": [
          "Tue, 11 Sep 2018 17:51:24 GMT"
        ],
        "Pragma": [
          "no-cache"
        ],
        "Server": [
          "Microsoft-IIS/8.5"
        ],
        "x-ms-request-id": [
          "a77f57d1-bd6d-4ab5-8e6b-dae3f47953f8"
        ],
        "X-Content-Type-Options": [
          "nosniff"
        ],
        "Strict-Transport-Security": [
          "max-age=31536000; includeSubDomains"
        ],
        "X-AspNet-Version": [
          "4.0.30319"
        ],
        "X-Powered-By": [
          "ASP.NET"
        ],
        "x-ms-ratelimit-remaining-subscription-deletes": [
          "14999"
        ],
        "x-ms-correlation-request-id": [
          "1997e334-8898-433d-b63b-a06f891618a6"
        ],
        "x-ms-routing-request-id": [
          "WESTUS2:20180911T175124Z:1997e334-8898-433d-b63b-a06f891618a6"
        ],
        "Content-Type": [
          "application/json; charset=utf-8"
        ],
        "Expires": [
          "-1"
        ]
      },
      "ResponseBody": "",
      "StatusCode": 204
    },
    {
      "RequestUri": "/subscriptions/1d16f9b3-bbe3-48d4-930a-27a74dca003b/resourceGroups/res3934/providers/Microsoft.StorageSync/storageSyncServices/sss-sgdelete385/syncGroups/sgdelete5714?api-version=2018-04-02",
      "EncodedRequestUri": "L3N1YnNjcmlwdGlvbnMvMWQxNmY5YjMtYmJlMy00OGQ0LTkzMGEtMjdhNzRkY2EwMDNiL3Jlc291cmNlR3JvdXBzL3JlczM5MzQvcHJvdmlkZXJzL01pY3Jvc29mdC5TdG9yYWdlU3luYy9zdG9yYWdlU3luY1NlcnZpY2VzL3Nzcy1zZ2RlbGV0ZTM4NS9zeW5jR3JvdXBzL3NnZGVsZXRlNTcxND9hcGktdmVyc2lvbj0yMDE4LTA0LTAy",
      "RequestMethod": "DELETE",
      "RequestBody": "",
      "RequestHeaders": {
        "x-ms-client-request-id": [
          "92c83d23-a1a2-41fe-be8b-84dce46341a9"
        ],
        "accept-language": [
          "en-US"
        ],
        "User-Agent": [
          "FxVersion/4.6.26328.01",
          "Microsoft.Azure.Management.StorageSync.StorageSyncManagementClient/1.0.0"
        ]
      },
      "ResponseHeaders": {
        "Cache-Control": [
          "no-cache"
        ],
        "Date": [
          "Tue, 11 Sep 2018 17:51:26 GMT"
        ],
        "Pragma": [
          "no-cache"
        ],
        "Server": [
          "Microsoft-IIS/8.5"
        ],
        "x-ms-request-id": [
          "6f7a792b-7cf6-49f2-884c-3c7bef866cd2"
        ],
        "X-Content-Type-Options": [
          "nosniff"
        ],
        "Strict-Transport-Security": [
          "max-age=31536000; includeSubDomains"
        ],
        "X-AspNet-Version": [
          "4.0.30319"
        ],
        "X-Powered-By": [
          "ASP.NET"
        ],
        "x-ms-ratelimit-remaining-subscription-deletes": [
          "14998"
        ],
        "x-ms-correlation-request-id": [
          "81f1f35e-34fd-4e73-9fd8-2a80dced9e61"
        ],
        "x-ms-routing-request-id": [
          "WESTUS2:20180911T175126Z:81f1f35e-34fd-4e73-9fd8-2a80dced9e61"
        ],
        "Content-Length": [
          "0"
        ],
        "Expires": [
          "-1"
        ]
      },
      "ResponseBody": "",
      "StatusCode": 200
    },
    {
      "RequestUri": "/subscriptions/1d16f9b3-bbe3-48d4-930a-27a74dca003b/resourceGroups/res3934/providers/Microsoft.StorageSync/storageSyncServices/sss-sgdelete385/syncGroups/sgdelete5714?api-version=2018-04-02",
      "EncodedRequestUri": "L3N1YnNjcmlwdGlvbnMvMWQxNmY5YjMtYmJlMy00OGQ0LTkzMGEtMjdhNzRkY2EwMDNiL3Jlc291cmNlR3JvdXBzL3JlczM5MzQvcHJvdmlkZXJzL01pY3Jvc29mdC5TdG9yYWdlU3luYy9zdG9yYWdlU3luY1NlcnZpY2VzL3Nzcy1zZ2RlbGV0ZTM4NS9zeW5jR3JvdXBzL3NnZGVsZXRlNTcxND9hcGktdmVyc2lvbj0yMDE4LTA0LTAy",
      "RequestMethod": "DELETE",
      "RequestBody": "",
      "RequestHeaders": {
        "x-ms-client-request-id": [
          "ddac92a9-e42d-433f-b9bc-a6d1f6df5f7e"
        ],
        "accept-language": [
          "en-US"
        ],
        "User-Agent": [
          "FxVersion/4.6.26328.01",
          "Microsoft.Azure.Management.StorageSync.StorageSyncManagementClient/1.0.0"
        ]
      },
      "ResponseHeaders": {
        "Cache-Control": [
          "no-cache"
        ],
        "Date": [
          "Tue, 11 Sep 2018 17:51:27 GMT"
        ],
        "Pragma": [
          "no-cache"
        ],
        "Server": [
          "Microsoft-IIS/8.5"
        ],
        "x-ms-request-id": [
          "f886e2cb-ccc8-4706-9331-d7cb8e900cc7"
        ],
        "X-Content-Type-Options": [
          "nosniff"
        ],
        "Strict-Transport-Security": [
          "max-age=31536000; includeSubDomains"
        ],
        "X-AspNet-Version": [
          "4.0.30319"
        ],
        "X-Powered-By": [
          "ASP.NET"
        ],
        "x-ms-ratelimit-remaining-subscription-deletes": [
          "14997"
        ],
        "x-ms-correlation-request-id": [
          "1f42cee2-444b-480f-9c7d-295fda29a069"
        ],
        "x-ms-routing-request-id": [
          "WESTUS2:20180911T175127Z:1f42cee2-444b-480f-9c7d-295fda29a069"
        ],
        "Content-Type": [
          "application/json; charset=utf-8"
        ],
        "Expires": [
          "-1"
        ]
      },
      "ResponseBody": "",
      "StatusCode": 204
    },
    {
      "RequestUri": "/subscriptions/1d16f9b3-bbe3-48d4-930a-27a74dca003b/resourceGroups/res3934/providers/Microsoft.StorageSync/storageSyncServices/sss-sgdelete385/syncGroups/sgdelete5714?api-version=2018-04-02",
      "EncodedRequestUri": "L3N1YnNjcmlwdGlvbnMvMWQxNmY5YjMtYmJlMy00OGQ0LTkzMGEtMjdhNzRkY2EwMDNiL3Jlc291cmNlR3JvdXBzL3JlczM5MzQvcHJvdmlkZXJzL01pY3Jvc29mdC5TdG9yYWdlU3luYy9zdG9yYWdlU3luY1NlcnZpY2VzL3Nzcy1zZ2RlbGV0ZTM4NS9zeW5jR3JvdXBzL3NnZGVsZXRlNTcxND9hcGktdmVyc2lvbj0yMDE4LTA0LTAy",
      "RequestMethod": "DELETE",
      "RequestBody": "",
      "RequestHeaders": {
        "x-ms-client-request-id": [
          "3422a96b-9e10-4efd-a628-478e81b4ff3c"
        ],
        "accept-language": [
          "en-US"
        ],
        "User-Agent": [
          "FxVersion/4.6.26328.01",
          "Microsoft.Azure.Management.StorageSync.StorageSyncManagementClient/1.0.0"
        ]
      },
      "ResponseHeaders": {
        "Cache-Control": [
          "no-cache"
        ],
        "Date": [
          "Tue, 11 Sep 2018 17:51:27 GMT"
        ],
        "Pragma": [
          "no-cache"
        ],
        "Server": [
          "Microsoft-IIS/8.5"
        ],
        "x-ms-request-id": [
          "15904202-8ad0-41ba-9670-73ee7c9fcec2"
        ],
        "X-Content-Type-Options": [
          "nosniff"
        ],
        "Strict-Transport-Security": [
          "max-age=31536000; includeSubDomains"
        ],
        "X-AspNet-Version": [
          "4.0.30319"
        ],
        "X-Powered-By": [
          "ASP.NET"
        ],
        "x-ms-ratelimit-remaining-subscription-deletes": [
          "14996"
        ],
        "x-ms-correlation-request-id": [
          "6a8a3a13-f959-4508-9fb5-980a92e0292f"
        ],
        "x-ms-routing-request-id": [
          "WESTUS2:20180911T175127Z:6a8a3a13-f959-4508-9fb5-980a92e0292f"
        ],
        "Content-Type": [
          "application/json; charset=utf-8"
        ],
        "Expires": [
          "-1"
        ]
      },
      "ResponseBody": "",
      "StatusCode": 204
    },
    {
      "RequestUri": "/subscriptions/1d16f9b3-bbe3-48d4-930a-27a74dca003b/resourceGroups/res3934/providers/Microsoft.StorageSync/storageSyncServices/sss-sgdelete385/syncGroups/sgdelete5714?api-version=2018-04-02",
      "EncodedRequestUri": "L3N1YnNjcmlwdGlvbnMvMWQxNmY5YjMtYmJlMy00OGQ0LTkzMGEtMjdhNzRkY2EwMDNiL3Jlc291cmNlR3JvdXBzL3JlczM5MzQvcHJvdmlkZXJzL01pY3Jvc29mdC5TdG9yYWdlU3luYy9zdG9yYWdlU3luY1NlcnZpY2VzL3Nzcy1zZ2RlbGV0ZTM4NS9zeW5jR3JvdXBzL3NnZGVsZXRlNTcxND9hcGktdmVyc2lvbj0yMDE4LTA0LTAy",
      "RequestMethod": "PUT",
      "RequestBody": "{\r\n  \"location\": \"west europe\",\r\n  \"tags\": {\r\n    \"key1\": \"value1\",\r\n    \"key2\": \"value2\"\r\n  }\r\n}",
      "RequestHeaders": {
        "x-ms-client-request-id": [
          "7c63671c-9055-4cff-9138-a2955170033a"
        ],
        "accept-language": [
          "en-US"
        ],
        "User-Agent": [
          "FxVersion/4.6.26328.01",
          "Microsoft.Azure.Management.StorageSync.StorageSyncManagementClient/1.0.0"
        ],
        "Content-Type": [
          "application/json; charset=utf-8"
        ],
        "Content-Length": [
          "97"
        ]
      },
      "ResponseHeaders": {
        "Cache-Control": [
          "no-cache"
        ],
        "Date": [
          "Tue, 11 Sep 2018 17:51:25 GMT"
        ],
        "Pragma": [
          "no-cache"
        ],
        "Server": [
          "Microsoft-IIS/8.5"
        ],
        "x-ms-request-id": [
          "c573a6ce-d8e6-4947-8c1d-cbf0c6ad0170"
        ],
        "X-Content-Type-Options": [
          "nosniff"
        ],
        "Strict-Transport-Security": [
          "max-age=31536000; includeSubDomains"
        ],
        "X-AspNet-Version": [
          "4.0.30319"
        ],
        "X-Powered-By": [
          "ASP.NET"
        ],
        "x-ms-ratelimit-remaining-subscription-writes": [
          "1197"
        ],
        "x-ms-correlation-request-id": [
          "9abe43d5-f4b7-430d-9022-64276bcd9061"
        ],
        "x-ms-routing-request-id": [
          "WESTUS2:20180911T175126Z:9abe43d5-f4b7-430d-9022-64276bcd9061"
        ],
        "Content-Length": [
          "413"
        ],
        "Content-Type": [
          "application/json; charset=utf-8"
        ],
        "Expires": [
          "-1"
        ]
      },
      "ResponseBody": "{\r\n  \"properties\": {\r\n    \"syncGroupStatus\": null,\r\n    \"uniqueId\": \"73426e65-de2e-4ac4-a207-45515a1e3f3a\"\r\n  },\r\n  \"location\": \"west europe\",\r\n  \"tags\": {\r\n    \"key1\": \"value1\",\r\n    \"key2\": \"value2\"\r\n  },\r\n  \"id\": \"/subscriptions/1d16f9b3-bbe3-48d4-930a-27a74dca003b/resourceGroups/res3934/providers/microsoft.storagesync/storageSyncServices/sss-sgdelete385/syncGroups/sgdelete5714\",\r\n  \"name\": \"sgdelete5714\",\r\n  \"type\": \"microsoft.storagesync/storageSyncServices/syncGroups\"\r\n}",
      "StatusCode": 200
    },
    {
      "RequestUri": "/subscriptions/1d16f9b3-bbe3-48d4-930a-27a74dca003b/resourceGroups/res3934/providers/Microsoft.StorageSync/storageSyncServices/sss-sgdelete385?api-version=2018-04-02",
      "EncodedRequestUri": "L3N1YnNjcmlwdGlvbnMvMWQxNmY5YjMtYmJlMy00OGQ0LTkzMGEtMjdhNzRkY2EwMDNiL3Jlc291cmNlR3JvdXBzL3JlczM5MzQvcHJvdmlkZXJzL01pY3Jvc29mdC5TdG9yYWdlU3luYy9zdG9yYWdlU3luY1NlcnZpY2VzL3Nzcy1zZ2RlbGV0ZTM4NT9hcGktdmVyc2lvbj0yMDE4LTA0LTAy",
      "RequestMethod": "DELETE",
      "RequestBody": "",
      "RequestHeaders": {
        "x-ms-client-request-id": [
          "fb168b64-fa26-436f-be88-3a6b11d03e10"
        ],
        "accept-language": [
          "en-US"
        ],
        "User-Agent": [
          "FxVersion/4.6.26328.01",
          "Microsoft.Azure.Management.StorageSync.StorageSyncManagementClient/1.0.0"
        ]
      },
      "ResponseHeaders": {
        "Cache-Control": [
          "no-cache"
        ],
        "Date": [
          "Tue, 11 Sep 2018 17:51:29 GMT"
        ],
        "Pragma": [
          "no-cache"
        ],
        "Server": [
          "Microsoft-IIS/8.5"
        ],
        "x-ms-request-id": [
          "7a679870-f630-461b-8304-911bab5695d5"
        ],
        "X-Content-Type-Options": [
          "nosniff"
        ],
        "Strict-Transport-Security": [
          "max-age=31536000; includeSubDomains"
        ],
        "X-AspNet-Version": [
          "4.0.30319"
        ],
        "X-Powered-By": [
          "ASP.NET"
        ],
        "x-ms-ratelimit-remaining-subscription-deletes": [
          "14995"
        ],
        "x-ms-correlation-request-id": [
          "185b5d58-1b42-4677-bcaf-3c8dcef13411"
        ],
        "x-ms-routing-request-id": [
          "WESTUS2:20180911T175129Z:185b5d58-1b42-4677-bcaf-3c8dcef13411"
        ],
        "Content-Length": [
          "0"
        ],
        "Expires": [
          "-1"
        ]
      },
      "ResponseBody": "",
      "StatusCode": 200
    },
    {
      "RequestUri": "/subscriptions/1d16f9b3-bbe3-48d4-930a-27a74dca003b/resourcegroups/res3934?api-version=2017-05-10",
      "EncodedRequestUri": "L3N1YnNjcmlwdGlvbnMvMWQxNmY5YjMtYmJlMy00OGQ0LTkzMGEtMjdhNzRkY2EwMDNiL3Jlc291cmNlZ3JvdXBzL3JlczM5MzQ/YXBpLXZlcnNpb249MjAxNy0wNS0xMA==",
      "RequestMethod": "DELETE",
      "RequestBody": "",
      "RequestHeaders": {
        "x-ms-client-request-id": [
          "27cc9514-ed6f-4792-9782-38d75301b71d"
        ],
        "accept-language": [
          "en-US"
        ],
        "User-Agent": [
          "FxVersion/4.6.26328.01",
          "Microsoft.Azure.Management.ResourceManager.ResourceManagementClient/1.6.0.0"
        ]
      },
      "ResponseHeaders": {
        "Cache-Control": [
          "no-cache"
        ],
        "Date": [
          "Tue, 11 Sep 2018 17:51:30 GMT"
        ],
        "Pragma": [
          "no-cache"
        ],
        "Location": [
          "https://management.azure.com/subscriptions/1d16f9b3-bbe3-48d4-930a-27a74dca003b/operationresults/eyJqb2JJZCI6IlJFU09VUkNFR1JPVVBERUxFVElPTkpPQi1SRVMzOTM0LUVBU1RVUzIiLCJqb2JMb2NhdGlvbiI6ImVhc3R1czIifQ?api-version=2017-05-10"
        ],
        "Retry-After": [
          "15"
        ],
        "x-ms-ratelimit-remaining-subscription-deletes": [
          "14994"
        ],
        "x-ms-request-id": [
          "51caaff8-1c65-411f-b6e8-8a2d302c4033"
        ],
        "x-ms-correlation-request-id": [
          "51caaff8-1c65-411f-b6e8-8a2d302c4033"
        ],
        "x-ms-routing-request-id": [
          "WESTUS2:20180911T175130Z:51caaff8-1c65-411f-b6e8-8a2d302c4033"
        ],
        "Strict-Transport-Security": [
          "max-age=31536000; includeSubDomains"
        ],
        "X-Content-Type-Options": [
          "nosniff"
        ],
        "Content-Length": [
          "0"
        ],
        "Expires": [
          "-1"
        ]
      },
      "ResponseBody": "",
      "StatusCode": 202
    },
    {
      "RequestUri": "/subscriptions/1d16f9b3-bbe3-48d4-930a-27a74dca003b/operationresults/eyJqb2JJZCI6IlJFU09VUkNFR1JPVVBERUxFVElPTkpPQi1SRVMzOTM0LUVBU1RVUzIiLCJqb2JMb2NhdGlvbiI6ImVhc3R1czIifQ?api-version=2017-05-10",
      "EncodedRequestUri": "L3N1YnNjcmlwdGlvbnMvMWQxNmY5YjMtYmJlMy00OGQ0LTkzMGEtMjdhNzRkY2EwMDNiL29wZXJhdGlvbnJlc3VsdHMvZXlKcWIySkpaQ0k2SWxKRlUwOVZVa05GUjFKUFZWQkVSVXhGVkVsUFRrcFBRaTFTUlZNek9UTTBMVVZCVTFSVlV6SWlMQ0pxYjJKTWIyTmhkR2x2YmlJNkltVmhjM1IxY3pJaWZRP2FwaS12ZXJzaW9uPTIwMTctMDUtMTA=",
      "RequestMethod": "GET",
      "RequestBody": "",
      "RequestHeaders": {
        "User-Agent": [
          "FxVersion/4.6.26328.01",
          "Microsoft.Azure.Management.ResourceManager.ResourceManagementClient/1.6.0.0"
        ]
      },
      "ResponseHeaders": {
        "Cache-Control": [
          "no-cache"
        ],
        "Date": [
          "Tue, 11 Sep 2018 17:51:45 GMT"
        ],
        "Pragma": [
          "no-cache"
        ],
        "Location": [
          "https://management.azure.com/subscriptions/1d16f9b3-bbe3-48d4-930a-27a74dca003b/operationresults/eyJqb2JJZCI6IlJFU09VUkNFR1JPVVBERUxFVElPTkpPQi1SRVMzOTM0LUVBU1RVUzIiLCJqb2JMb2NhdGlvbiI6ImVhc3R1czIifQ?api-version=2017-05-10"
        ],
        "Retry-After": [
          "15"
        ],
        "x-ms-ratelimit-remaining-subscription-reads": [
          "11999"
        ],
        "x-ms-request-id": [
          "ae598c69-386e-4119-b80e-7afa02fa1ed5"
        ],
        "x-ms-correlation-request-id": [
          "ae598c69-386e-4119-b80e-7afa02fa1ed5"
        ],
        "x-ms-routing-request-id": [
          "WESTUS2:20180911T175145Z:ae598c69-386e-4119-b80e-7afa02fa1ed5"
        ],
        "Strict-Transport-Security": [
          "max-age=31536000; includeSubDomains"
        ],
        "X-Content-Type-Options": [
          "nosniff"
        ],
        "Content-Length": [
          "0"
        ],
        "Expires": [
          "-1"
        ]
      },
      "ResponseBody": "",
      "StatusCode": 202
    },
    {
      "RequestUri": "/subscriptions/1d16f9b3-bbe3-48d4-930a-27a74dca003b/operationresults/eyJqb2JJZCI6IlJFU09VUkNFR1JPVVBERUxFVElPTkpPQi1SRVMzOTM0LUVBU1RVUzIiLCJqb2JMb2NhdGlvbiI6ImVhc3R1czIifQ?api-version=2017-05-10",
      "EncodedRequestUri": "L3N1YnNjcmlwdGlvbnMvMWQxNmY5YjMtYmJlMy00OGQ0LTkzMGEtMjdhNzRkY2EwMDNiL29wZXJhdGlvbnJlc3VsdHMvZXlKcWIySkpaQ0k2SWxKRlUwOVZVa05GUjFKUFZWQkVSVXhGVkVsUFRrcFBRaTFTUlZNek9UTTBMVVZCVTFSVlV6SWlMQ0pxYjJKTWIyTmhkR2x2YmlJNkltVmhjM1IxY3pJaWZRP2FwaS12ZXJzaW9uPTIwMTctMDUtMTA=",
      "RequestMethod": "GET",
      "RequestBody": "",
      "RequestHeaders": {
        "User-Agent": [
          "FxVersion/4.6.26328.01",
          "Microsoft.Azure.Management.ResourceManager.ResourceManagementClient/1.6.0.0"
        ]
      },
      "ResponseHeaders": {
        "Cache-Control": [
          "no-cache"
        ],
        "Date": [
          "Tue, 11 Sep 2018 17:52:00 GMT"
        ],
        "Pragma": [
          "no-cache"
        ],
        "Location": [
          "https://management.azure.com/subscriptions/1d16f9b3-bbe3-48d4-930a-27a74dca003b/operationresults/eyJqb2JJZCI6IlJFU09VUkNFR1JPVVBERUxFVElPTkpPQi1SRVMzOTM0LUVBU1RVUzIiLCJqb2JMb2NhdGlvbiI6ImVhc3R1czIifQ?api-version=2017-05-10"
        ],
        "Retry-After": [
          "15"
        ],
        "x-ms-ratelimit-remaining-subscription-reads": [
          "11998"
        ],
        "x-ms-request-id": [
          "8e64acad-0145-49a7-8b58-3cce3732ca61"
        ],
        "x-ms-correlation-request-id": [
          "8e64acad-0145-49a7-8b58-3cce3732ca61"
        ],
        "x-ms-routing-request-id": [
          "WESTUS2:20180911T175200Z:8e64acad-0145-49a7-8b58-3cce3732ca61"
        ],
        "Strict-Transport-Security": [
          "max-age=31536000; includeSubDomains"
        ],
        "X-Content-Type-Options": [
          "nosniff"
        ],
        "Content-Length": [
          "0"
        ],
        "Expires": [
          "-1"
        ]
      },
      "ResponseBody": "",
      "StatusCode": 202
    },
    {
      "RequestUri": "/subscriptions/1d16f9b3-bbe3-48d4-930a-27a74dca003b/operationresults/eyJqb2JJZCI6IlJFU09VUkNFR1JPVVBERUxFVElPTkpPQi1SRVMzOTM0LUVBU1RVUzIiLCJqb2JMb2NhdGlvbiI6ImVhc3R1czIifQ?api-version=2017-05-10",
      "EncodedRequestUri": "L3N1YnNjcmlwdGlvbnMvMWQxNmY5YjMtYmJlMy00OGQ0LTkzMGEtMjdhNzRkY2EwMDNiL29wZXJhdGlvbnJlc3VsdHMvZXlKcWIySkpaQ0k2SWxKRlUwOVZVa05GUjFKUFZWQkVSVXhGVkVsUFRrcFBRaTFTUlZNek9UTTBMVVZCVTFSVlV6SWlMQ0pxYjJKTWIyTmhkR2x2YmlJNkltVmhjM1IxY3pJaWZRP2FwaS12ZXJzaW9uPTIwMTctMDUtMTA=",
      "RequestMethod": "GET",
      "RequestBody": "",
      "RequestHeaders": {
        "User-Agent": [
          "FxVersion/4.6.26328.01",
          "Microsoft.Azure.Management.ResourceManager.ResourceManagementClient/1.6.0.0"
        ]
      },
      "ResponseHeaders": {
        "Cache-Control": [
          "no-cache"
        ],
        "Date": [
          "Tue, 11 Sep 2018 17:52:15 GMT"
        ],
        "Pragma": [
          "no-cache"
        ],
        "x-ms-ratelimit-remaining-subscription-reads": [
          "11997"
        ],
        "x-ms-request-id": [
          "a8d23ece-481f-4a37-a50b-a48dfb075397"
        ],
        "x-ms-correlation-request-id": [
          "a8d23ece-481f-4a37-a50b-a48dfb075397"
        ],
        "x-ms-routing-request-id": [
          "WESTUS2:20180911T175216Z:a8d23ece-481f-4a37-a50b-a48dfb075397"
        ],
        "Strict-Transport-Security": [
          "max-age=31536000; includeSubDomains"
        ],
        "X-Content-Type-Options": [
          "nosniff"
        ],
        "Content-Length": [
          "0"
        ],
        "Expires": [
          "-1"
        ]
      },
      "ResponseBody": "",
      "StatusCode": 200
    },
    {
      "RequestUri": "/subscriptions/1d16f9b3-bbe3-48d4-930a-27a74dca003b/operationresults/eyJqb2JJZCI6IlJFU09VUkNFR1JPVVBERUxFVElPTkpPQi1SRVMzOTM0LUVBU1RVUzIiLCJqb2JMb2NhdGlvbiI6ImVhc3R1czIifQ?api-version=2017-05-10",
      "EncodedRequestUri": "L3N1YnNjcmlwdGlvbnMvMWQxNmY5YjMtYmJlMy00OGQ0LTkzMGEtMjdhNzRkY2EwMDNiL29wZXJhdGlvbnJlc3VsdHMvZXlKcWIySkpaQ0k2SWxKRlUwOVZVa05GUjFKUFZWQkVSVXhGVkVsUFRrcFBRaTFTUlZNek9UTTBMVVZCVTFSVlV6SWlMQ0pxYjJKTWIyTmhkR2x2YmlJNkltVmhjM1IxY3pJaWZRP2FwaS12ZXJzaW9uPTIwMTctMDUtMTA=",
      "RequestMethod": "GET",
      "RequestBody": "",
      "RequestHeaders": {
        "User-Agent": [
          "FxVersion/4.6.26328.01",
          "Microsoft.Azure.Management.ResourceManager.ResourceManagementClient/1.6.0.0"
        ]
      },
      "ResponseHeaders": {
        "Cache-Control": [
          "no-cache"
        ],
        "Date": [
          "Tue, 11 Sep 2018 17:52:16 GMT"
        ],
        "Pragma": [
          "no-cache"
        ],
        "x-ms-ratelimit-remaining-subscription-reads": [
          "11996"
        ],
        "x-ms-request-id": [
          "621fb95f-2067-4aed-918e-cae31da52b2e"
        ],
        "x-ms-correlation-request-id": [
          "621fb95f-2067-4aed-918e-cae31da52b2e"
        ],
        "x-ms-routing-request-id": [
          "WESTUS2:20180911T175216Z:621fb95f-2067-4aed-918e-cae31da52b2e"
        ],
        "Strict-Transport-Security": [
          "max-age=31536000; includeSubDomains"
        ],
        "X-Content-Type-Options": [
          "nosniff"
        ],
        "Content-Length": [
          "0"
        ],
        "Expires": [
          "-1"
        ]
      },
      "ResponseBody": "",
      "StatusCode": 200
    }
  ],
  "Names": {
    "CreateResourceGroup": [
      "res3934"
    ],
    "SyncGroupDeleteTest": [
      "sss-sgdelete385",
      "sgdelete5714"
    ]
  },
  "Variables": {
    "SubscriptionId": "1d16f9b3-bbe3-48d4-930a-27a74dca003b"
  }
}