{
  "Entries": [
    {
      "RequestUri": "https://fakeHost.api.wus2.digitaltwins.azure.net/models/dtmi%3Aexample%3Afloor%3B15750979?includeModelDefinition=true\u0026api-version=2020-10-31",
      "RequestMethod": "GET",
      "RequestHeaders": {
        "Accept": "application/json",
        "Authorization": "Sanitized",
        "traceparent": "00-1bacf8a78c02e245b6324d4b194ad3e9-02e21a018ac19741-00",
        "User-Agent": [
          "azsdk-net-DigitalTwins.Core/1.3.0-alpha.20210112.1",
          "(.NET 5.0.1-servicing.20575.16; Microsoft Windows 10.0.18363)"
        ],
        "x-ms-client-request-id": "d2cd01f2be04fb1628d2439ea4cc7bfc",
        "x-ms-return-client-request-id": "true"
      },
      "RequestBody": null,
      "StatusCode": 404,
      "ResponseHeaders": {
        "Content-Length": "212",
        "Content-Type": "application/json; charset=utf-8",
        "Date": "Tue, 12 Jan 2021 23:39:05 GMT",
        "Strict-Transport-Security": "max-age=2592000"
      },
      "ResponseBody": {
        "error": {
          "code": "ModelNotFound",
          "message": "There is no Model(s) available that matches the provided id(s) dtmi:example:floor;15750979. Check that the Model ID provided is valid by doing a Model_List API call."
        }
      }
    },
    {
      "RequestUri": "https://fakeHost.api.wus2.digitaltwins.azure.net/models/dtmi%3Aexample%3Aroom%3B115780864?includeModelDefinition=true\u0026api-version=2020-10-31",
      "RequestMethod": "GET",
      "RequestHeaders": {
        "Accept": "application/json",
        "Authorization": "Sanitized",
        "traceparent": "00-cb3d743dc7e7e7439d4ba9445f7aed63-ce669422b1be8947-00",
        "User-Agent": [
          "azsdk-net-DigitalTwins.Core/1.3.0-alpha.20210112.1",
          "(.NET 5.0.1-servicing.20575.16; Microsoft Windows 10.0.18363)"
        ],
        "x-ms-client-request-id": "f52a84b5a41e077519d9387b38d412b3",
        "x-ms-return-client-request-id": "true"
      },
      "RequestBody": null,
      "StatusCode": 404,
      "ResponseHeaders": {
        "Content-Length": "212",
        "Content-Type": "application/json; charset=utf-8",
        "Date": "Tue, 12 Jan 2021 23:39:05 GMT",
        "Strict-Transport-Security": "max-age=2592000"
      },
      "ResponseBody": {
        "error": {
          "code": "ModelNotFound",
          "message": "There is no Model(s) available that matches the provided id(s) dtmi:example:room;115780864. Check that the Model ID provided is valid by doing a Model_List API call."
        }
      }
    },
    {
      "RequestUri": "https://fakeHost.api.wus2.digitaltwins.azure.net/models?api-version=2020-10-31",
      "RequestMethod": "POST",
      "RequestHeaders": {
        "Accept": "application/json",
        "Authorization": "Sanitized",
        "Content-Length": "804",
        "Content-Type": "application/json",
        "traceparent": "00-7e77d6260da60340927f9e3f861fa018-c6ff4cbb999e7e45-00",
        "User-Agent": [
          "azsdk-net-DigitalTwins.Core/1.3.0-alpha.20210112.1",
          "(.NET 5.0.1-servicing.20575.16; Microsoft Windows 10.0.18363)"
        ],
        "x-ms-client-request-id": "a8b2c7fa85952e27de13c6199ed43117",
        "x-ms-return-client-request-id": "true"
      },
      "RequestBody": "[{    \u0022@id\u0022: \u0022dtmi:example:room;115780864\u0022,    \u0022@type\u0022: \u0022Interface\u0022,    \u0022displayName\u0022: \u0022Room\u0022,    \u0022description\u0022: \u0022An enclosure inside a building.\u0022,    \u0022contents\u0022: [        {            \u0022@type\u0022: \u0022Relationship\u0022,            \u0022name\u0022: \u0022containedIn\u0022,            \u0022target\u0022: \u0022dtmi:example:floor;15750979\u0022        },        {            \u0022@type\u0022: \u0022Property\u0022,            \u0022name\u0022: \u0022Temperature\u0022,            \u0022schema\u0022: \u0022double\u0022        },        {            \u0022@type\u0022: \u0022Property\u0022,            \u0022name\u0022: \u0022Humidity\u0022,            \u0022schema\u0022: \u0022double\u0022        },        {            \u0022@type\u0022: \u0022Property\u0022,            \u0022name\u0022: \u0022IsOccupied\u0022,            \u0022schema\u0022: \u0022boolean\u0022        },        {            \u0022@type\u0022: \u0022Property\u0022,            \u0022name\u0022: \u0022EmployeeId\u0022,            \u0022schema\u0022: \u0022string\u0022        }    ],    \u0022@context\u0022: \u0022dtmi:dtdl:context;2\u0022}]",
      "StatusCode": 201,
      "ResponseHeaders": {
        "Content-Length": "193",
        "Content-Type": "application/json; charset=utf-8",
        "Date": "Tue, 12 Jan 2021 23:39:05 GMT",
        "Strict-Transport-Security": "max-age=2592000"
      },
      "ResponseBody": "[{\u0022id\u0022:\u0022dtmi:example:room;115780864\u0022,\u0022description\u0022:{\u0022en\u0022:\u0022An enclosure inside a building.\u0022},\u0022displayName\u0022:{\u0022en\u0022:\u0022Room\u0022},\u0022decommissioned\u0022:false,\u0022uploadTime\u0022:\u00222021-01-12T23:39:05.9623886\u002B00:00\u0022}]"
    },
    {
      "RequestUri": "https://fakeHost.api.wus2.digitaltwins.azure.net/models?includeModelDefinition=false\u0026api-version=2020-10-31",
      "RequestMethod": "GET",
      "RequestHeaders": {
        "Accept": "application/json",
        "Authorization": "Sanitized",
        "traceparent": "00-d63c255134c140409e7888bbf98c8f8b-e3871e656ca68c4b-00",
        "User-Agent": [
          "azsdk-net-DigitalTwins.Core/1.3.0-alpha.20210112.1",
          "(.NET 5.0.1-servicing.20575.16; Microsoft Windows 10.0.18363)"
        ],
        "x-ms-client-request-id": "2e2389ac7e075cd358cbeae5de80f0fd",
        "x-ms-return-client-request-id": "true"
      },
      "RequestBody": null,
      "StatusCode": 200,
      "ResponseHeaders": {
        "Content-Length": "2079",
        "Content-Type": "application/json; charset=utf-8",
        "Date": "Tue, 12 Jan 2021 23:39:05 GMT",
        "Strict-Transport-Security": "max-age=2592000"
      },
      "ResponseBody": {
        "value": [
          {
            "id": "dtmi:example:Ward;154155931",
            "description": {
              "en": "A separate partition in a building, made of rooms and hallways."
            },
            "displayName": {
              "en": "Ward"
            },
            "decommissioned": false,
            "uploadTime": "2021-01-12T23:39:00.6914759\u002B00:00"
          },
          {
            "id": "dtmi:example:Ward;145613168",
            "description": {
              "en": "A separate partition in a building, made of rooms and hallways."
            },
            "displayName": {
              "en": "Ward"
            },
            "decommissioned": false,
            "uploadTime": "2021-01-12T23:39:00.6923131\u002B00:00"
          },
          {
            "id": "dtmi:example:room;133999852",
            "description": {
              "en": "An enclosure inside a building."
            },
            "displayName": {
              "en": "Room"
            },
            "decommissioned": false,
            "uploadTime": "2021-01-12T23:39:00.8468548\u002B00:00"
          },
          {
            "id": "dtmi:example:room;111892730",
            "description": {
              "en": "An enclosure inside a building."
            },
            "displayName": {
              "en": "Room"
            },
            "decommissioned": false,
            "uploadTime": "2021-01-12T23:39:01.4893239\u002B00:00"
          },
          {
            "id": "dtmi:example:Ward;181053342",
            "description": {
              "en": "A separate partition in a building, made of rooms and hallways."
            },
            "displayName": {
              "en": "Ward"
            },
            "decommissioned": false,
            "uploadTime": "2021-01-12T23:39:01.8055239\u002B00:00"
          },
          {
            "id": "dtmi:example:Ward;118112199",
            "description": {
              "en": "A separate partition in a building, made of rooms and hallways."
            },
            "displayName": {
              "en": "Ward"
            },
            "decommissioned": false,
            "uploadTime": "2021-01-12T23:39:01.9458203\u002B00:00"
          },
          {
            "id": "dtmi:example:floor;14163335",
            "description": {
              "en": "A building story."
            },
            "displayName": {
              "en": "Floor"
            },
            "decommissioned": false,
            "uploadTime": "2021-01-12T23:39:05.1440992\u002B00:00"
          },
          {
            "id": "dtmi:example:room;188447591",
            "description": {
              "en": "An enclosure inside a building."
            },
            "displayName": {
              "en": "Room"
            },
            "decommissioned": false,
            "uploadTime": "2021-01-12T23:39:05.14416\u002B00:00"
          },
          {
            "id": "dtmi:example:hvac;114888669",
            "description": {
              "en": "A heating, ventilation, and air conditioning unit."
            },
            "displayName": {
              "en": "HVAC"
            },
            "decommissioned": false,
            "uploadTime": "2021-01-12T23:39:05.1441885\u002B00:00"
          },
          {
            "id": "dtmi:example:room;115780864",
            "description": {
              "en": "An enclosure inside a building."
            },
            "displayName": {
              "en": "Room"
            },
            "decommissioned": false,
            "uploadTime": "2021-01-12T23:39:05.9623886\u002B00:00"
          }
        ],
        "nextLink": null
      }
    },
    {
      "RequestUri": "https://fakeHost.api.wus2.digitaltwins.azure.net/digitaltwins/roomTwin1043399473?api-version=2020-10-31",
      "RequestMethod": "GET",
      "RequestHeaders": {
        "Accept": "application/json",
        "Authorization": "Sanitized",
        "traceparent": "00-54c20a3e02c3884a908e8e8badecb08b-ad635311054d714c-00",
        "User-Agent": [
          "azsdk-net-DigitalTwins.Core/1.3.0-alpha.20210112.1",
          "(.NET 5.0.1-servicing.20575.16; Microsoft Windows 10.0.18363)"
        ],
        "x-ms-client-request-id": "c905aaeb9a545c2ffb160add5b6945a7",
        "x-ms-return-client-request-id": "true"
      },
      "RequestBody": null,
      "StatusCode": 404,
      "ResponseHeaders": {
        "Content-Length": "271",
        "Content-Type": "application/json; charset=utf-8",
        "Date": "Tue, 12 Jan 2021 23:39:05 GMT",
        "Strict-Transport-Security": "max-age=2592000"
      },
      "ResponseBody": {
        "error": {
          "code": "DigitalTwinNotFound",
          "message": "There is no digital twin instance that exists with the ID roomTwin1043399473. Please verify that the twin id is valid and ensure that the twin is not deleted. See section on querying the twins http://aka.ms/adtv2query."
        }
      }
    },
    {
      "RequestUri": "https://fakeHost.api.wus2.digitaltwins.azure.net/digitaltwins/roomTwin1043399473?api-version=2020-10-31",
      "RequestMethod": "PUT",
      "RequestHeaders": {
        "Accept": "application/json",
        "Authorization": "Sanitized",
        "Content-Length": "154",
        "Content-Type": "application/json",
        "traceparent": "00-8a96bb8e85907745b464e351307b7a5a-5e2f044bd84a0247-00",
        "User-Agent": [
          "azsdk-net-DigitalTwins.Core/1.3.0-alpha.20210112.1",
          "(.NET 5.0.1-servicing.20575.16; Microsoft Windows 10.0.18363)"
        ],
        "x-ms-client-request-id": "b1aece20ace4f47b5550c99b42505e23",
        "x-ms-return-client-request-id": "true"
      },
      "RequestBody": {
        "$dtId": null,
        "$etag": null,
        "$metadata": {
          "$model": "dtmi:example:room;115780864"
        },
        "Temperature": 80,
        "Humidity": 25,
        "IsOccupied": true,
        "EmployeeId": "Employee1"
      },
      "StatusCode": 200,
      "ResponseHeaders": {
        "Content-Length": "461",
        "Content-Type": "application/json; charset=utf-8",
        "Date": "Tue, 12 Jan 2021 23:39:05 GMT",
        "ETag": "W/\u0022109b2419-637c-4ce0-901e-12ff446a47e2\u0022",
        "Strict-Transport-Security": "max-age=2592000"
      },
      "ResponseBody": {
        "$dtId": "roomTwin1043399473",
        "$etag": "W/\u0022109b2419-637c-4ce0-901e-12ff446a47e2\u0022",
        "Temperature": 80,
        "Humidity": 25,
        "IsOccupied": true,
        "EmployeeId": "Employee1",
        "$metadata": {
          "$model": "dtmi:example:room;115780864",
          "Temperature": {
            "lastUpdateTime": "2021-01-12T23:39:06.1063553Z"
          },
          "Humidity": {
            "lastUpdateTime": "2021-01-12T23:39:06.1063553Z"
          },
          "IsOccupied": {
            "lastUpdateTime": "2021-01-12T23:39:06.1063553Z"
          },
          "EmployeeId": {
            "lastUpdateTime": "2021-01-12T23:39:06.1063553Z"
          }
        }
      }
    },
    {
      "RequestUri": "https://fakeHost.api.wus2.digitaltwins.azure.net/digitaltwins/roomTwin394889929?api-version=2020-10-31",
      "RequestMethod": "GET",
      "RequestHeaders": {
        "Accept": "application/json",
        "Authorization": "Sanitized",
        "traceparent": "00-72e2f994f514024aa712040ccb23d799-848d6b065c531c4b-00",
        "User-Agent": [
          "azsdk-net-DigitalTwins.Core/1.3.0-alpha.20210112.1",
          "(.NET 5.0.1-servicing.20575.16; Microsoft Windows 10.0.18363)"
        ],
        "x-ms-client-request-id": "2c2ab2e7584df3efd10b68c87ffc62a5",
        "x-ms-return-client-request-id": "true"
      },
      "RequestBody": null,
      "StatusCode": 404,
      "ResponseHeaders": {
        "Content-Length": "270",
        "Content-Type": "application/json; charset=utf-8",
        "Date": "Tue, 12 Jan 2021 23:39:05 GMT",
        "Strict-Transport-Security": "max-age=2592000"
      },
      "ResponseBody": {
        "error": {
          "code": "DigitalTwinNotFound",
          "message": "There is no digital twin instance that exists with the ID roomTwin394889929. Please verify that the twin id is valid and ensure that the twin is not deleted. See section on querying the twins http://aka.ms/adtv2query."
        }
      }
    },
    {
      "RequestUri": "https://fakeHost.api.wus2.digitaltwins.azure.net/digitaltwins/roomTwin394889929?api-version=2020-10-31",
      "RequestMethod": "PUT",
      "RequestHeaders": {
        "Accept": "application/json",
        "Authorization": "Sanitized",
        "Content-Length": "154",
        "Content-Type": "application/json",
        "traceparent": "00-a44a094f933d0a4d922d62960ec66da2-cd4aa466a787ca42-00",
        "User-Agent": [
          "azsdk-net-DigitalTwins.Core/1.3.0-alpha.20210112.1",
          "(.NET 5.0.1-servicing.20575.16; Microsoft Windows 10.0.18363)"
        ],
        "x-ms-client-request-id": "41b1bd3d4d4c2e3f107303d09319abb8",
        "x-ms-return-client-request-id": "true"
      },
      "RequestBody": {
        "$dtId": null,
        "$etag": null,
        "$metadata": {
          "$model": "dtmi:example:room;115780864"
        },
        "Temperature": 80,
        "Humidity": 25,
        "IsOccupied": true,
        "EmployeeId": "Employee1"
      },
      "StatusCode": 200,
      "ResponseHeaders": {
        "Content-Length": "460",
        "Content-Type": "application/json; charset=utf-8",
        "Date": "Tue, 12 Jan 2021 23:39:05 GMT",
        "ETag": "W/\u00222694a5ef-8bfe-481b-b279-268e29183c65\u0022",
        "Strict-Transport-Security": "max-age=2592000"
      },
      "ResponseBody": {
        "$dtId": "roomTwin394889929",
        "$etag": "W/\u00222694a5ef-8bfe-481b-b279-268e29183c65\u0022",
        "Temperature": 80,
        "Humidity": 25,
        "IsOccupied": true,
        "EmployeeId": "Employee1",
        "$metadata": {
          "$model": "dtmi:example:room;115780864",
          "Temperature": {
            "lastUpdateTime": "2021-01-12T23:39:06.2239978Z"
          },
          "Humidity": {
            "lastUpdateTime": "2021-01-12T23:39:06.2239978Z"
          },
          "IsOccupied": {
            "lastUpdateTime": "2021-01-12T23:39:06.2239978Z"
          },
          "EmployeeId": {
            "lastUpdateTime": "2021-01-12T23:39:06.2239978Z"
          }
        }
      }
    },
    {
      "RequestUri": "https://fakeHost.api.wus2.digitaltwins.azure.net/digitaltwins/roomTwin406365159?api-version=2020-10-31",
      "RequestMethod": "GET",
      "RequestHeaders": {
        "Accept": "application/json",
        "Authorization": "Sanitized",
        "traceparent": "00-0e4f286365f2d04e868a29f387c279a1-b124cac41179b445-00",
        "User-Agent": [
          "azsdk-net-DigitalTwins.Core/1.3.0-alpha.20210112.1",
          "(.NET 5.0.1-servicing.20575.16; Microsoft Windows 10.0.18363)"
        ],
        "x-ms-client-request-id": "1ab67414d37bbf76bd12a0122cd65367",
        "x-ms-return-client-request-id": "true"
      },
      "RequestBody": null,
      "StatusCode": 404,
      "ResponseHeaders": {
        "Content-Length": "270",
        "Content-Type": "application/json; charset=utf-8",
        "Date": "Tue, 12 Jan 2021 23:39:05 GMT",
        "Strict-Transport-Security": "max-age=2592000"
      },
      "ResponseBody": {
        "error": {
          "code": "DigitalTwinNotFound",
          "message": "There is no digital twin instance that exists with the ID roomTwin406365159. Please verify that the twin id is valid and ensure that the twin is not deleted. See section on querying the twins http://aka.ms/adtv2query."
        }
      }
    },
    {
      "RequestUri": "https://fakeHost.api.wus2.digitaltwins.azure.net/digitaltwins/roomTwin406365159?api-version=2020-10-31",
      "RequestMethod": "PUT",
      "RequestHeaders": {
        "Accept": "application/json",
        "Authorization": "Sanitized",
        "Content-Length": "154",
        "Content-Type": "application/json",
        "traceparent": "00-c6b175f23dabbb47bf080bee9dc3a5c9-2b7c6d5eedb50644-00",
        "User-Agent": [
          "azsdk-net-DigitalTwins.Core/1.3.0-alpha.20210112.1",
          "(.NET 5.0.1-servicing.20575.16; Microsoft Windows 10.0.18363)"
        ],
        "x-ms-client-request-id": "ac9205f67ce2739afb1bd9541e5fb85f",
        "x-ms-return-client-request-id": "true"
      },
      "RequestBody": {
        "$dtId": null,
        "$etag": null,
        "$metadata": {
          "$model": "dtmi:example:room;115780864"
        },
        "Temperature": 80,
        "Humidity": 25,
        "IsOccupied": true,
        "EmployeeId": "Employee1"
      },
      "StatusCode": 200,
      "ResponseHeaders": {
        "Content-Length": "460",
        "Content-Type": "application/json; charset=utf-8",
        "Date": "Tue, 12 Jan 2021 23:39:05 GMT",
        "ETag": "W/\u00229b710bc4-44bd-420e-b799-4bcbf9f7a000\u0022",
        "Strict-Transport-Security": "max-age=2592000"
      },
      "ResponseBody": {
        "$dtId": "roomTwin406365159",
        "$etag": "W/\u00229b710bc4-44bd-420e-b799-4bcbf9f7a000\u0022",
        "Temperature": 80,
        "Humidity": 25,
        "IsOccupied": true,
        "EmployeeId": "Employee1",
        "$metadata": {
          "$model": "dtmi:example:room;115780864",
          "Temperature": {
            "lastUpdateTime": "2021-01-12T23:39:06.3434533Z"
          },
          "Humidity": {
            "lastUpdateTime": "2021-01-12T23:39:06.3434533Z"
          },
          "IsOccupied": {
            "lastUpdateTime": "2021-01-12T23:39:06.3434533Z"
          },
          "EmployeeId": {
            "lastUpdateTime": "2021-01-12T23:39:06.3434533Z"
          }
        }
      }
    },
    {
      "RequestUri": "https://fakeHost.api.wus2.digitaltwins.azure.net/digitaltwins/roomTwin2103656111?api-version=2020-10-31",
      "RequestMethod": "GET",
      "RequestHeaders": {
        "Accept": "application/json",
        "Authorization": "Sanitized",
        "traceparent": "00-8f0aedf743bc8f4ab98b76b53b44c500-bd904dd4ea785743-00",
        "User-Agent": [
          "azsdk-net-DigitalTwins.Core/1.3.0-alpha.20210112.1",
          "(.NET 5.0.1-servicing.20575.16; Microsoft Windows 10.0.18363)"
        ],
        "x-ms-client-request-id": "ac886ae1c28a3aea818f3a9e1ce49db0",
        "x-ms-return-client-request-id": "true"
      },
      "RequestBody": null,
      "StatusCode": 404,
      "ResponseHeaders": {
        "Content-Length": "271",
        "Content-Type": "application/json; charset=utf-8",
        "Date": "Tue, 12 Jan 2021 23:39:05 GMT",
        "Strict-Transport-Security": "max-age=2592000"
      },
      "ResponseBody": {
        "error": {
          "code": "DigitalTwinNotFound",
          "message": "There is no digital twin instance that exists with the ID roomTwin2103656111. Please verify that the twin id is valid and ensure that the twin is not deleted. See section on querying the twins http://aka.ms/adtv2query."
        }
      }
    },
    {
      "RequestUri": "https://fakeHost.api.wus2.digitaltwins.azure.net/digitaltwins/roomTwin2103656111?api-version=2020-10-31",
      "RequestMethod": "PUT",
      "RequestHeaders": {
        "Accept": "application/json",
        "Authorization": "Sanitized",
        "Content-Length": "154",
        "Content-Type": "application/json",
        "traceparent": "00-019b0aee7ef996468232dc524b21041e-3fa6aef2975dd446-00",
        "User-Agent": [
          "azsdk-net-DigitalTwins.Core/1.3.0-alpha.20210112.1",
          "(.NET 5.0.1-servicing.20575.16; Microsoft Windows 10.0.18363)"
        ],
        "x-ms-client-request-id": "18149d69040bd997421e5ff922a05d5a",
        "x-ms-return-client-request-id": "true"
      },
      "RequestBody": {
        "$dtId": null,
        "$etag": null,
        "$metadata": {
          "$model": "dtmi:example:room;115780864"
        },
        "Temperature": 80,
        "Humidity": 25,
        "IsOccupied": true,
        "EmployeeId": "Employee1"
      },
      "StatusCode": 200,
      "ResponseHeaders": {
        "Content-Length": "461",
        "Content-Type": "application/json; charset=utf-8",
        "Date": "Tue, 12 Jan 2021 23:39:06 GMT",
        "ETag": "W/\u0022ad688175-f6f3-48d7-aa2a-68c427974f58\u0022",
        "Strict-Transport-Security": "max-age=2592000"
      },
      "ResponseBody": {
        "$dtId": "roomTwin2103656111",
        "$etag": "W/\u0022ad688175-f6f3-48d7-aa2a-68c427974f58\u0022",
        "Temperature": 80,
        "Humidity": 25,
        "IsOccupied": true,
        "EmployeeId": "Employee1",
        "$metadata": {
          "$model": "dtmi:example:room;115780864",
          "Temperature": {
            "lastUpdateTime": "2021-01-12T23:39:06.4456522Z"
          },
          "Humidity": {
            "lastUpdateTime": "2021-01-12T23:39:06.4456522Z"
          },
          "IsOccupied": {
            "lastUpdateTime": "2021-01-12T23:39:06.4456522Z"
          },
          "EmployeeId": {
            "lastUpdateTime": "2021-01-12T23:39:06.4456522Z"
          }
        }
      }
    },
    {
      "RequestUri": "https://fakeHost.api.wus2.digitaltwins.azure.net/digitaltwins/roomTwin419605825?api-version=2020-10-31",
      "RequestMethod": "GET",
      "RequestHeaders": {
        "Accept": "application/json",
        "Authorization": "Sanitized",
        "traceparent": "00-0359d2875e083f4883bfddc08915dc44-ae6b1f95ed946943-00",
        "User-Agent": [
          "azsdk-net-DigitalTwins.Core/1.3.0-alpha.20210112.1",
          "(.NET 5.0.1-servicing.20575.16; Microsoft Windows 10.0.18363)"
        ],
        "x-ms-client-request-id": "cb6b4a626bbaa8427160ed60d5df373b",
        "x-ms-return-client-request-id": "true"
      },
      "RequestBody": null,
      "StatusCode": 404,
      "ResponseHeaders": {
        "Content-Length": "270",
        "Content-Type": "application/json; charset=utf-8",
        "Date": "Tue, 12 Jan 2021 23:39:06 GMT",
        "Strict-Transport-Security": "max-age=2592000"
      },
      "ResponseBody": {
        "error": {
          "code": "DigitalTwinNotFound",
          "message": "There is no digital twin instance that exists with the ID roomTwin419605825. Please verify that the twin id is valid and ensure that the twin is not deleted. See section on querying the twins http://aka.ms/adtv2query."
        }
      }
    },
    {
      "RequestUri": "https://fakeHost.api.wus2.digitaltwins.azure.net/digitaltwins/roomTwin419605825?api-version=2020-10-31",
      "RequestMethod": "PUT",
      "RequestHeaders": {
        "Accept": "application/json",
        "Authorization": "Sanitized",
        "Content-Length": "154",
        "Content-Type": "application/json",
        "traceparent": "00-78ce9fe182791946b009f944ce78112a-f2c252b68b696e4b-00",
        "User-Agent": [
          "azsdk-net-DigitalTwins.Core/1.3.0-alpha.20210112.1",
          "(.NET 5.0.1-servicing.20575.16; Microsoft Windows 10.0.18363)"
        ],
        "x-ms-client-request-id": "a3c2b5a4a446d3dcaf6a6c63f018e031",
        "x-ms-return-client-request-id": "true"
      },
      "RequestBody": {
        "$dtId": null,
        "$etag": null,
        "$metadata": {
          "$model": "dtmi:example:room;115780864"
        },
        "Temperature": 80,
        "Humidity": 25,
        "IsOccupied": true,
        "EmployeeId": "Employee1"
      },
      "StatusCode": 200,
      "ResponseHeaders": {
        "Content-Length": "460",
        "Content-Type": "application/json; charset=utf-8",
        "Date": "Tue, 12 Jan 2021 23:39:06 GMT",
        "ETag": "W/\u00222d290fc3-d225-49a6-86a9-128c7df273ab\u0022",
        "Strict-Transport-Security": "max-age=2592000"
      },
      "ResponseBody": {
        "$dtId": "roomTwin419605825",
        "$etag": "W/\u00222d290fc3-d225-49a6-86a9-128c7df273ab\u0022",
        "Temperature": 80,
        "Humidity": 25,
        "IsOccupied": true,
        "EmployeeId": "Employee1",
        "$metadata": {
          "$model": "dtmi:example:room;115780864",
          "Temperature": {
            "lastUpdateTime": "2021-01-12T23:39:06.5511476Z"
          },
          "Humidity": {
            "lastUpdateTime": "2021-01-12T23:39:06.5511476Z"
          },
          "IsOccupied": {
            "lastUpdateTime": "2021-01-12T23:39:06.5511476Z"
          },
          "EmployeeId": {
            "lastUpdateTime": "2021-01-12T23:39:06.5511476Z"
          }
        }
      }
    },
    {
      "RequestUri": "https://fakeHost.api.wus2.digitaltwins.azure.net/digitaltwins/roomTwin858105055?api-version=2020-10-31",
      "RequestMethod": "GET",
      "RequestHeaders": {
        "Accept": "application/json",
        "Authorization": "Sanitized",
        "traceparent": "00-717a2a568970764eac9a058e4b6fe32b-b7c28ff09c201349-00",
        "User-Agent": [
          "azsdk-net-DigitalTwins.Core/1.3.0-alpha.20210112.1",
          "(.NET 5.0.1-servicing.20575.16; Microsoft Windows 10.0.18363)"
        ],
        "x-ms-client-request-id": "3299b95caee5d1317099a4aa786c3e27",
        "x-ms-return-client-request-id": "true"
      },
      "RequestBody": null,
      "StatusCode": 404,
      "ResponseHeaders": {
        "Content-Length": "270",
        "Content-Type": "application/json; charset=utf-8",
        "Date": "Tue, 12 Jan 2021 23:39:06 GMT",
        "Strict-Transport-Security": "max-age=2592000"
      },
      "ResponseBody": {
        "error": {
          "code": "DigitalTwinNotFound",
          "message": "There is no digital twin instance that exists with the ID roomTwin858105055. Please verify that the twin id is valid and ensure that the twin is not deleted. See section on querying the twins http://aka.ms/adtv2query."
        }
      }
    },
    {
      "RequestUri": "https://fakeHost.api.wus2.digitaltwins.azure.net/digitaltwins/roomTwin858105055?api-version=2020-10-31",
      "RequestMethod": "PUT",
      "RequestHeaders": {
        "Accept": "application/json",
        "Authorization": "Sanitized",
        "Content-Length": "154",
        "Content-Type": "application/json",
        "traceparent": "00-502fafdd6429864999d96f668f25e4f8-023f8de9d7731649-00",
        "User-Agent": [
          "azsdk-net-DigitalTwins.Core/1.3.0-alpha.20210112.1",
          "(.NET 5.0.1-servicing.20575.16; Microsoft Windows 10.0.18363)"
        ],
        "x-ms-client-request-id": "9beb7ebdfab76ebe981b50ffdfb75980",
        "x-ms-return-client-request-id": "true"
      },
      "RequestBody": {
        "$dtId": null,
        "$etag": null,
        "$metadata": {
          "$model": "dtmi:example:room;115780864"
        },
        "Temperature": 80,
        "Humidity": 25,
        "IsOccupied": true,
        "EmployeeId": "Employee1"
      },
      "StatusCode": 200,
      "ResponseHeaders": {
        "Content-Length": "460",
        "Content-Type": "application/json; charset=utf-8",
        "Date": "Tue, 12 Jan 2021 23:39:06 GMT",
        "ETag": "W/\u002212bad670-c7a8-4599-a9c6-28416afe7145\u0022",
        "Strict-Transport-Security": "max-age=2592000"
      },
      "ResponseBody": {
        "$dtId": "roomTwin858105055",
        "$etag": "W/\u002212bad670-c7a8-4599-a9c6-28416afe7145\u0022",
        "Temperature": 80,
        "Humidity": 25,
        "IsOccupied": true,
        "EmployeeId": "Employee1",
        "$metadata": {
          "$model": "dtmi:example:room;115780864",
          "Temperature": {
            "lastUpdateTime": "2021-01-12T23:39:06.6512000Z"
          },
          "Humidity": {
            "lastUpdateTime": "2021-01-12T23:39:06.6512000Z"
          },
          "IsOccupied": {
            "lastUpdateTime": "2021-01-12T23:39:06.6512000Z"
          },
          "EmployeeId": {
            "lastUpdateTime": "2021-01-12T23:39:06.6512000Z"
          }
        }
      }
    },
    {
      "RequestUri": "https://fakeHost.api.wus2.digitaltwins.azure.net/digitaltwins/roomTwin2103316411?api-version=2020-10-31",
      "RequestMethod": "GET",
      "RequestHeaders": {
        "Accept": "application/json",
        "Authorization": "Sanitized",
        "traceparent": "00-aff3386813ec9c40a496e78826ec234e-17e202bcdd92a340-00",
        "User-Agent": [
          "azsdk-net-DigitalTwins.Core/1.3.0-alpha.20210112.1",
          "(.NET 5.0.1-servicing.20575.16; Microsoft Windows 10.0.18363)"
        ],
        "x-ms-client-request-id": "9d267881be099007d2d60a382837fd2d",
        "x-ms-return-client-request-id": "true"
      },
      "RequestBody": null,
      "StatusCode": 404,
      "ResponseHeaders": {
        "Content-Length": "271",
        "Content-Type": "application/json; charset=utf-8",
        "Date": "Tue, 12 Jan 2021 23:39:06 GMT",
        "Strict-Transport-Security": "max-age=2592000"
      },
      "ResponseBody": {
        "error": {
          "code": "DigitalTwinNotFound",
          "message": "There is no digital twin instance that exists with the ID roomTwin2103316411. Please verify that the twin id is valid and ensure that the twin is not deleted. See section on querying the twins http://aka.ms/adtv2query."
        }
      }
    },
    {
      "RequestUri": "https://fakeHost.api.wus2.digitaltwins.azure.net/digitaltwins/roomTwin2103316411?api-version=2020-10-31",
      "RequestMethod": "PUT",
      "RequestHeaders": {
        "Accept": "application/json",
        "Authorization": "Sanitized",
        "Content-Length": "154",
        "Content-Type": "application/json",
        "traceparent": "00-905965dcb66a1b4da746e007fe5d3e81-4133e958d8956544-00",
        "User-Agent": [
          "azsdk-net-DigitalTwins.Core/1.3.0-alpha.20210112.1",
          "(.NET 5.0.1-servicing.20575.16; Microsoft Windows 10.0.18363)"
        ],
        "x-ms-client-request-id": "f59a333b2896fa622b9ac95d31f2b840",
        "x-ms-return-client-request-id": "true"
      },
      "RequestBody": {
        "$dtId": null,
        "$etag": null,
        "$metadata": {
          "$model": "dtmi:example:room;115780864"
        },
        "Temperature": 80,
        "Humidity": 25,
        "IsOccupied": true,
        "EmployeeId": "Employee1"
      },
      "StatusCode": 200,
      "ResponseHeaders": {
        "Content-Length": "461",
        "Content-Type": "application/json; charset=utf-8",
        "Date": "Tue, 12 Jan 2021 23:39:06 GMT",
        "ETag": "W/\u0022d55e6abe-9221-4a2a-875d-958c2b9ea127\u0022",
        "Strict-Transport-Security": "max-age=2592000"
      },
      "ResponseBody": {
        "$dtId": "roomTwin2103316411",
        "$etag": "W/\u0022d55e6abe-9221-4a2a-875d-958c2b9ea127\u0022",
        "Temperature": 80,
        "Humidity": 25,
        "IsOccupied": true,
        "EmployeeId": "Employee1",
        "$metadata": {
          "$model": "dtmi:example:room;115780864",
          "Temperature": {
            "lastUpdateTime": "2021-01-12T23:39:06.7614046Z"
          },
          "Humidity": {
            "lastUpdateTime": "2021-01-12T23:39:06.7614046Z"
          },
          "IsOccupied": {
            "lastUpdateTime": "2021-01-12T23:39:06.7614046Z"
          },
          "EmployeeId": {
            "lastUpdateTime": "2021-01-12T23:39:06.7614046Z"
          }
        }
      }
    },
    {
      "RequestUri": "https://fakeHost.api.wus2.digitaltwins.azure.net/digitaltwins/roomTwin159399716?api-version=2020-10-31",
      "RequestMethod": "GET",
      "RequestHeaders": {
        "Accept": "application/json",
        "Authorization": "Sanitized",
        "traceparent": "00-6c13a0870b74e948876dd0e486e9a02a-68917745fcbe6549-00",
        "User-Agent": [
          "azsdk-net-DigitalTwins.Core/1.3.0-alpha.20210112.1",
          "(.NET 5.0.1-servicing.20575.16; Microsoft Windows 10.0.18363)"
        ],
        "x-ms-client-request-id": "18f3f7eeb48ae3bf0ae423b3366fe453",
        "x-ms-return-client-request-id": "true"
      },
      "RequestBody": null,
      "StatusCode": 404,
      "ResponseHeaders": {
        "Content-Length": "270",
        "Content-Type": "application/json; charset=utf-8",
        "Date": "Tue, 12 Jan 2021 23:39:06 GMT",
        "Strict-Transport-Security": "max-age=2592000"
      },
      "ResponseBody": {
        "error": {
          "code": "DigitalTwinNotFound",
          "message": "There is no digital twin instance that exists with the ID roomTwin159399716. Please verify that the twin id is valid and ensure that the twin is not deleted. See section on querying the twins http://aka.ms/adtv2query."
        }
      }
    },
    {
      "RequestUri": "https://fakeHost.api.wus2.digitaltwins.azure.net/digitaltwins/roomTwin159399716?api-version=2020-10-31",
      "RequestMethod": "PUT",
      "RequestHeaders": {
        "Accept": "application/json",
        "Authorization": "Sanitized",
        "Content-Length": "154",
        "Content-Type": "application/json",
        "traceparent": "00-7375b699078a8347a8dbecfcd9a2c1e2-40910cb290b8534a-00",
        "User-Agent": [
          "azsdk-net-DigitalTwins.Core/1.3.0-alpha.20210112.1",
          "(.NET 5.0.1-servicing.20575.16; Microsoft Windows 10.0.18363)"
        ],
        "x-ms-client-request-id": "be84a3d2258a15582b726ef5a95fe01e",
        "x-ms-return-client-request-id": "true"
      },
      "RequestBody": {
        "$dtId": null,
        "$etag": null,
        "$metadata": {
          "$model": "dtmi:example:room;115780864"
        },
        "Temperature": 80,
        "Humidity": 25,
        "IsOccupied": true,
        "EmployeeId": "Employee1"
      },
      "StatusCode": 200,
      "ResponseHeaders": {
        "Content-Length": "460",
        "Content-Type": "application/json; charset=utf-8",
        "Date": "Tue, 12 Jan 2021 23:39:06 GMT",
        "ETag": "W/\u002250be124e-acb3-47f4-a981-d4e08601e876\u0022",
        "Strict-Transport-Security": "max-age=2592000"
      },
      "ResponseBody": {
        "$dtId": "roomTwin159399716",
        "$etag": "W/\u002250be124e-acb3-47f4-a981-d4e08601e876\u0022",
        "Temperature": 80,
        "Humidity": 25,
        "IsOccupied": true,
        "EmployeeId": "Employee1",
        "$metadata": {
          "$model": "dtmi:example:room;115780864",
          "Temperature": {
            "lastUpdateTime": "2021-01-12T23:39:06.8709030Z"
          },
          "Humidity": {
            "lastUpdateTime": "2021-01-12T23:39:06.8709030Z"
          },
          "IsOccupied": {
            "lastUpdateTime": "2021-01-12T23:39:06.8709030Z"
          },
          "EmployeeId": {
            "lastUpdateTime": "2021-01-12T23:39:06.8709030Z"
          }
        }
      }
    },
    {
      "RequestUri": "https://fakeHost.api.wus2.digitaltwins.azure.net/digitaltwins/roomTwin979747018?api-version=2020-10-31",
      "RequestMethod": "GET",
      "RequestHeaders": {
        "Accept": "application/json",
        "Authorization": "Sanitized",
        "traceparent": "00-fdb5492f4cffe34cae2d4a377a087f8a-78c3e44002de3f4b-00",
        "User-Agent": [
          "azsdk-net-DigitalTwins.Core/1.3.0-alpha.20210112.1",
          "(.NET 5.0.1-servicing.20575.16; Microsoft Windows 10.0.18363)"
        ],
        "x-ms-client-request-id": "093f3a14b114db7f128b433f46f52be5",
        "x-ms-return-client-request-id": "true"
      },
      "RequestBody": null,
      "StatusCode": 404,
      "ResponseHeaders": {
        "Content-Length": "270",
        "Content-Type": "application/json; charset=utf-8",
        "Date": "Tue, 12 Jan 2021 23:39:06 GMT",
        "Strict-Transport-Security": "max-age=2592000"
      },
      "ResponseBody": {
        "error": {
          "code": "DigitalTwinNotFound",
          "message": "There is no digital twin instance that exists with the ID roomTwin979747018. Please verify that the twin id is valid and ensure that the twin is not deleted. See section on querying the twins http://aka.ms/adtv2query."
        }
      }
    },
    {
      "RequestUri": "https://fakeHost.api.wus2.digitaltwins.azure.net/digitaltwins/roomTwin979747018?api-version=2020-10-31",
      "RequestMethod": "PUT",
      "RequestHeaders": {
        "Accept": "application/json",
        "Authorization": "Sanitized",
        "Content-Length": "154",
        "Content-Type": "application/json",
        "traceparent": "00-1e7e9ddedea9ff4b93d4dd9e50c1f376-607287405dc24547-00",
        "User-Agent": [
          "azsdk-net-DigitalTwins.Core/1.3.0-alpha.20210112.1",
          "(.NET 5.0.1-servicing.20575.16; Microsoft Windows 10.0.18363)"
        ],
        "x-ms-client-request-id": "344e5e0a99819ec8ddec1845c939ab04",
        "x-ms-return-client-request-id": "true"
      },
      "RequestBody": {
        "$dtId": null,
        "$etag": null,
        "$metadata": {
          "$model": "dtmi:example:room;115780864"
        },
        "Temperature": 80,
        "Humidity": 25,
        "IsOccupied": true,
        "EmployeeId": "Employee1"
      },
      "StatusCode": 200,
      "ResponseHeaders": {
        "Content-Length": "460",
        "Content-Type": "application/json; charset=utf-8",
        "Date": "Tue, 12 Jan 2021 23:39:06 GMT",
        "ETag": "W/\u002238f7995f-f224-4d1e-b48d-fd3d2572284f\u0022",
        "Strict-Transport-Security": "max-age=2592000"
      },
      "ResponseBody": {
        "$dtId": "roomTwin979747018",
        "$etag": "W/\u002238f7995f-f224-4d1e-b48d-fd3d2572284f\u0022",
        "Temperature": 80,
        "Humidity": 25,
        "IsOccupied": true,
        "EmployeeId": "Employee1",
        "$metadata": {
          "$model": "dtmi:example:room;115780864",
          "Temperature": {
            "lastUpdateTime": "2021-01-12T23:39:06.9550226Z"
          },
          "Humidity": {
            "lastUpdateTime": "2021-01-12T23:39:06.9550226Z"
          },
          "IsOccupied": {
            "lastUpdateTime": "2021-01-12T23:39:06.9550226Z"
          },
          "EmployeeId": {
            "lastUpdateTime": "2021-01-12T23:39:06.9550226Z"
          }
        }
      }
    },
    {
      "RequestUri": "https://fakeHost.api.wus2.digitaltwins.azure.net/digitaltwins/roomTwin1234052869?api-version=2020-10-31",
      "RequestMethod": "GET",
      "RequestHeaders": {
        "Accept": "application/json",
        "Authorization": "Sanitized",
        "traceparent": "00-dff72fcfe033c84f923ec24a9aead5af-8514556d2813a74d-00",
        "User-Agent": [
          "azsdk-net-DigitalTwins.Core/1.3.0-alpha.20210112.1",
          "(.NET 5.0.1-servicing.20575.16; Microsoft Windows 10.0.18363)"
        ],
        "x-ms-client-request-id": "a43421e9bd4904f2e3789a15d6e57c43",
        "x-ms-return-client-request-id": "true"
      },
      "RequestBody": null,
      "StatusCode": 404,
      "ResponseHeaders": {
        "Content-Length": "271",
        "Content-Type": "application/json; charset=utf-8",
        "Date": "Tue, 12 Jan 2021 23:39:06 GMT",
        "Strict-Transport-Security": "max-age=2592000"
      },
      "ResponseBody": {
        "error": {
          "code": "DigitalTwinNotFound",
          "message": "There is no digital twin instance that exists with the ID roomTwin1234052869. Please verify that the twin id is valid and ensure that the twin is not deleted. See section on querying the twins http://aka.ms/adtv2query."
        }
      }
    },
    {
      "RequestUri": "https://fakeHost.api.wus2.digitaltwins.azure.net/digitaltwins/roomTwin1234052869?api-version=2020-10-31",
      "RequestMethod": "PUT",
      "RequestHeaders": {
        "Accept": "application/json",
        "Authorization": "Sanitized",
        "Content-Length": "154",
        "Content-Type": "application/json",
        "traceparent": "00-3b51de6817cf1d4d9f7d550324fefe50-5484467dfe90f248-00",
        "User-Agent": [
          "azsdk-net-DigitalTwins.Core/1.3.0-alpha.20210112.1",
          "(.NET 5.0.1-servicing.20575.16; Microsoft Windows 10.0.18363)"
        ],
        "x-ms-client-request-id": "91009f1049e9727aa12b28993a11d8e0",
        "x-ms-return-client-request-id": "true"
      },
      "RequestBody": {
        "$dtId": null,
        "$etag": null,
        "$metadata": {
          "$model": "dtmi:example:room;115780864"
        },
        "Temperature": 80,
        "Humidity": 25,
        "IsOccupied": true,
        "EmployeeId": "Employee1"
      },
      "StatusCode": 200,
      "ResponseHeaders": {
        "Content-Length": "461",
        "Content-Type": "application/json; charset=utf-8",
        "Date": "Tue, 12 Jan 2021 23:39:06 GMT",
        "ETag": "W/\u0022cd915e94-4d74-4644-8667-e5d0341b954d\u0022",
        "Strict-Transport-Security": "max-age=2592000"
      },
      "ResponseBody": {
        "$dtId": "roomTwin1234052869",
        "$etag": "W/\u0022cd915e94-4d74-4644-8667-e5d0341b954d\u0022",
        "Temperature": 80,
        "Humidity": 25,
        "IsOccupied": true,
        "EmployeeId": "Employee1",
        "$metadata": {
          "$model": "dtmi:example:room;115780864",
          "Temperature": {
            "lastUpdateTime": "2021-01-12T23:39:07.0561169Z"
          },
          "Humidity": {
            "lastUpdateTime": "2021-01-12T23:39:07.0561169Z"
          },
          "IsOccupied": {
            "lastUpdateTime": "2021-01-12T23:39:07.0561169Z"
          },
          "EmployeeId": {
            "lastUpdateTime": "2021-01-12T23:39:07.0561169Z"
          }
        }
      }
    },
    {
      "RequestUri": "https://fakeHost.api.wus2.digitaltwins.azure.net/query?api-version=2020-10-31",
      "RequestMethod": "POST",
      "RequestHeaders": {
        "Accept": "application/json",
        "Authorization": "Sanitized",
        "Content-Length": "38",
        "Content-Type": "application/json",
        "max-items-per-page": "5",
        "traceparent": "00-39077e6399f9fa47a371669ff5d7a886-295b862e8744a74f-00",
        "User-Agent": [
          "azsdk-net-DigitalTwins.Core/1.3.0-alpha.20210112.1",
          "(.NET 5.0.1-servicing.20575.16; Microsoft Windows 10.0.18363)"
        ],
        "x-ms-client-request-id": "d35d393e40f6a1c15b2f9d212e880607",
        "x-ms-return-client-request-id": "true"
      },
      "RequestBody": {
        "query": "SELECT * FROM digitaltwins"
      },
      "StatusCode": 200,
      "ResponseHeaders": {
        "Content-Type": "application/json; charset=utf-8",
        "Date": "Tue, 12 Jan 2021 23:39:06 GMT",
        "query-charge": "3.26",
        "Strict-Transport-Security": "max-age=2592000",
        "Transfer-Encoding": "chunked"
      },
      "ResponseBody": {
        "value": [
          {
            "$dtId": "roomTwin460152108",
            "$etag": "W/\u0022c14258f3-f518-4569-94b7-5b6a7009bd4b\u0022",
            "Temperature": 80,
            "Humidity": 25,
            "IsOccupied": true,
            "EmployeeId": "Employee1",
            "$metadata": {
              "$model": "dtmi:example:room;111892730",
              "Temperature": {
                "lastUpdateTime": "2021-01-12T23:39:01.5919399Z"
              },
              "Humidity": {
                "lastUpdateTime": "2021-01-12T23:39:01.5919399Z"
              },
              "IsOccupied": {
                "lastUpdateTime": "2021-01-12T23:39:01.5919399Z"
              },
              "EmployeeId": {
                "lastUpdateTime": "2021-01-12T23:39:01.5919399Z"
              }
            }
          },
          {
            "$dtId": "roomTwin1420781814",
            "$etag": "W/\u002215823347-e6e5-4250-a774-a3735d9303e1\u0022",
            "Temperature": 80,
            "Humidity": 25,
            "IsOccupied": true,
            "EmployeeId": "Employee1",
            "$metadata": {
              "$model": "dtmi:example:room;133999852",
              "Temperature": {
                "lastUpdateTime": "2021-01-12T23:39:00.9812114Z"
              },
              "Humidity": {
                "lastUpdateTime": "2021-01-12T23:39:00.9812114Z"
              },
              "IsOccupied": {
                "lastUpdateTime": "2021-01-12T23:39:00.9812114Z"
              },
              "EmployeeId": {
                "lastUpdateTime": "2021-01-12T23:39:00.9812114Z"
              }
            }
          },
          {
            "$dtId": "roomTwin1320328829",
            "$etag": "W/\u0022dee956ef-7343-4a8e-b5aa-94d64f1b468d\u0022",
            "Temperature": 80,
            "Humidity": 25,
            "IsOccupied": true,
            "EmployeeId": "Employee1",
            "$metadata": {
              "$model": "dtmi:example:room;116845994",
              "Temperature": {
                "lastUpdateTime": "2021-01-12T23:39:01.0108998Z"
              },
              "Humidity": {
                "lastUpdateTime": "2021-01-12T23:39:01.0108998Z"
              },
              "IsOccupied": {
                "lastUpdateTime": "2021-01-12T23:39:01.0108998Z"
              },
              "EmployeeId": {
                "lastUpdateTime": "2021-01-12T23:39:01.0108998Z"
              }
            }
          },
          {
            "$dtId": "roomTwin1171852527",
            "$etag": "W/\u0022c7f421ee-7902-4289-8868-38ff79815e3f\u0022",
            "Temperature": 80,
            "Humidity": 25,
            "IsOccupied": true,
            "EmployeeId": "Employee1",
            "$metadata": {
              "$model": "dtmi:example:room;163554513",
              "Temperature": {
                "lastUpdateTime": "2021-01-12T23:39:02.0540624Z"
              },
              "Humidity": {
                "lastUpdateTime": "2021-01-12T23:39:02.0540624Z"
              },
              "IsOccupied": {
                "lastUpdateTime": "2021-01-12T23:39:02.0540624Z"
              },
              "EmployeeId": {
                "lastUpdateTime": "2021-01-12T23:39:02.0540624Z"
              }
            }
          },
          {
            "$dtId": "roomTwin1019252643",
            "$etag": "W/\u002285191640-cb26-4c66-a264-8f08e1e63485\u0022",
            "Temperature": 80,
            "Humidity": 25,
            "IsOccupied": true,
            "EmployeeId": "Employee1",
            "$metadata": {
              "$model": "dtmi:example:room;118127707",
              "Temperature": {
                "lastUpdateTime": "2021-01-12T23:39:01.7326593Z"
              },
              "Humidity": {
                "lastUpdateTime": "2021-01-12T23:39:01.7326593Z"
              },
              "IsOccupied": {
                "lastUpdateTime": "2021-01-12T23:39:01.7326593Z"
              },
              "EmployeeId": {
                "lastUpdateTime": "2021-01-12T23:39:01.7326593Z"
              }
            }
          }
        ],
        "continuationToken": "{\u0022_t\u0022:2,\u0022_s\u0022:null,\u0022_rc\u0022:\u0022[{\\\u0022token\\\u0022:\\\u0022\u002BRID:~WftkAKpgpkkFAAAAAAAAAA==#RT:1#TRC:5#ISV:2#IEO:65567#QCF:1#FPC:AgEAAAAGAALA4GcEAA==\\\u0022,\\\u0022range\\\u0022:{\\\u0022min\\\u0022:\\\u0022\\\u0022,\\\u0022max\\\u0022:\\\u0022FF\\\u0022}}]\u0022,\u0022_q\u0022:\u0022SELECT * FROM digitaltwins\u0022,\u0022_id\u0022:\u0022eeda5825-23a6-477e-b3d8-8417657129a2\u0022,\u0022_tr\u0022:5,\u0022_pn\u0022:1}"
      }
    },
    {
      "RequestUri": "https://fakeHost.api.wus2.digitaltwins.azure.net/query?api-version=2020-10-31",
      "RequestMethod": "POST",
      "RequestHeaders": {
        "Accept": "application/json",
        "Authorization": "Sanitized",
        "Content-Length": "481",
        "Content-Type": "application/json",
        "max-items-per-page": "5",
        "traceparent": "00-7575d9454e667d488b4b06daba65f30a-269159265708254b-00",
        "User-Agent": [
          "azsdk-net-DigitalTwins.Core/1.3.0-alpha.20210112.1",
          "(.NET 5.0.1-servicing.20575.16; Microsoft Windows 10.0.18363)"
        ],
        "x-ms-client-request-id": "9ab9019b72aaa01ba7c2021d9559cad2",
        "x-ms-return-client-request-id": "true"
      },
      "RequestBody": {
        "continuationToken": "{\u0022_t\u0022:2,\u0022_s\u0022:null,\u0022_rc\u0022:\u0022[{\\\u0022token\\\u0022:\\\u0022\u002BRID:~WftkAKpgpkkFAAAAAAAAAA==#RT:1#TRC:5#ISV:2#IEO:65567#QCF:1#FPC:AgEAAAAGAALA4GcEAA==\\\u0022,\\\u0022range\\\u0022:{\\\u0022min\\\u0022:\\\u0022\\\u0022,\\\u0022max\\\u0022:\\\u0022FF\\\u0022}}]\u0022,\u0022_q\u0022:\u0022SELECT * FROM digitaltwins\u0022,\u0022_id\u0022:\u0022eeda5825-23a6-477e-b3d8-8417657129a2\u0022,\u0022_tr\u0022:5,\u0022_pn\u0022:1}"
      },
      "StatusCode": 200,
      "ResponseHeaders": {
        "Content-Type": "application/json; charset=utf-8",
        "Date": "Tue, 12 Jan 2021 23:39:06 GMT",
        "query-charge": "3.15",
        "Strict-Transport-Security": "max-age=2592000",
        "Transfer-Encoding": "chunked"
      },
      "ResponseBody": {
        "value": [
          {
            "$dtId": "roomTwin898922460",
            "$etag": "W/\u0022e069c97b-c9bd-4c01-804e-9a62c1598ebc\u0022",
            "Temperature": 70,
            "Humidity": 30,
            "IsOccupied": true,
            "$metadata": {
              "$model": "dtmi:example:room;170118024",
              "Temperature": {
                "lastUpdateTime": "2021-01-12T23:39:02.8712463Z"
              },
              "Humidity": {
                "lastUpdateTime": "2021-01-12T23:39:02.8712463Z"
              },
              "IsOccupied": {
                "lastUpdateTime": "2021-01-12T23:39:02.7880790Z"
              }
            }
          },
          {
            "$dtId": "roomTwin958754835",
            "$etag": "W/\u00229a25e697-7c99-4372-a1d1-73a3584dd0ce\u0022",
            "Temperature": 80,
            "Humidity": 25,
            "IsOccupied": true,
            "EmployeeId": "Employee1",
            "$metadata": {
              "$model": "dtmi:example:room;196301502",
              "Temperature": {
                "lastUpdateTime": "2021-01-12T23:39:00.9648281Z"
              },
              "Humidity": {
                "lastUpdateTime": "2021-01-12T23:39:00.9648281Z"
              },
              "IsOccupied": {
                "lastUpdateTime": "2021-01-12T23:39:00.9648281Z"
              },
              "EmployeeId": {
                "lastUpdateTime": "2021-01-12T23:39:00.9648281Z"
              }
            }
          },
          {
            "$dtId": "roomTwin1474340914",
            "$etag": "W/\u0022de67105c-b008-4468-a455-66f455271827\u0022",
            "Temperature": 80,
            "Humidity": 25,
            "IsOccupied": true,
            "EmployeeId": "Employee1",
            "$metadata": {
              "$model": "dtmi:example:room;160194944",
              "Temperature": {
                "lastUpdateTime": "2021-01-12T23:39:02.8496985Z"
              },
              "Humidity": {
                "lastUpdateTime": "2021-01-12T23:39:02.8496985Z"
              },
              "IsOccupied": {
                "lastUpdateTime": "2021-01-12T23:39:02.8496985Z"
              },
              "EmployeeId": {
                "lastUpdateTime": "2021-01-12T23:39:02.8496985Z"
              }
            }
          },
          {
            "$dtId": "roomTwin788116830",
            "$etag": "W/\u00226c936a90-ffd1-48e3-81c3-b40ac3a3b65d\u0022",
            "Temperature": 70,
            "Humidity": 30,
            "IsOccupied": true,
            "$metadata": {
              "$model": "dtmi:example:room;139380843",
              "Temperature": {
                "lastUpdateTime": "2021-01-12T23:39:03.3817391Z"
              },
              "Humidity": {
                "lastUpdateTime": "2021-01-12T23:39:03.3817391Z"
              },
              "IsOccupied": {
                "lastUpdateTime": "2021-01-12T23:39:03.2854024Z"
              }
            }
          },
          {
            "$dtId": "roomTwin2114072427",
            "$etag": "W/\u0022977e9abd-8343-476b-a5e1-cbd5fa5c955d\u0022",
            "Temperature": 80,
            "Humidity": 25,
            "IsOccupied": true,
            "EmployeeId": "Employee1",
            "$metadata": {
              "$model": "dtmi:example:room;114297411",
              "Temperature": {
                "lastUpdateTime": "2021-01-12T23:39:02.3157643Z"
              },
              "Humidity": {
                "lastUpdateTime": "2021-01-12T23:39:02.3157643Z"
              },
              "IsOccupied": {
                "lastUpdateTime": "2021-01-12T23:39:02.3157643Z"
              },
              "EmployeeId": {
                "lastUpdateTime": "2021-01-12T23:39:02.3157643Z"
              }
            }
          }
        ],
        "continuationToken": "{\u0022_t\u0022:2,\u0022_s\u0022:null,\u0022_rc\u0022:\u0022[{\\\u0022token\\\u0022:\\\u0022\u002BRID:~WftkAKpgpkkKAAAAAAAAAA==#RT:2#TRC:10#ISV:2#IEO:65567#QCF:1#FPC:AgEAAAAGAALAAGQEAA==\\\u0022,\\\u0022range\\\u0022:{\\\u0022min\\\u0022:\\\u0022\\\u0022,\\\u0022max\\\u0022:\\\u0022FF\\\u0022}}]\u0022,\u0022_q\u0022:\u0022SELECT * FROM digitaltwins\u0022,\u0022_id\u0022:\u0022eeda5825-23a6-477e-b3d8-8417657129a2\u0022,\u0022_tr\u0022:10,\u0022_pn\u0022:2}"
      }
    },
    {
      "RequestUri": "https://fakeHost.api.wus2.digitaltwins.azure.net/query?api-version=2020-10-31",
      "RequestMethod": "POST",
      "RequestHeaders": {
        "Accept": "application/json",
        "Authorization": "Sanitized",
        "Content-Length": "483",
        "Content-Type": "application/json",
        "max-items-per-page": "5",
        "traceparent": "00-b794182258551540bad3c66c1267eb2a-3265fe65787b1842-00",
        "User-Agent": [
          "azsdk-net-DigitalTwins.Core/1.3.0-alpha.20210112.1",
          "(.NET 5.0.1-servicing.20575.16; Microsoft Windows 10.0.18363)"
        ],
        "x-ms-client-request-id": "9dd6b99fa987cf4cde5f35baab594418",
        "x-ms-return-client-request-id": "true"
      },
      "RequestBody": {
        "continuationToken": "{\u0022_t\u0022:2,\u0022_s\u0022:null,\u0022_rc\u0022:\u0022[{\\\u0022token\\\u0022:\\\u0022\u002BRID:~WftkAKpgpkkKAAAAAAAAAA==#RT:2#TRC:10#ISV:2#IEO:65567#QCF:1#FPC:AgEAAAAGAALAAGQEAA==\\\u0022,\\\u0022range\\\u0022:{\\\u0022min\\\u0022:\\\u0022\\\u0022,\\\u0022max\\\u0022:\\\u0022FF\\\u0022}}]\u0022,\u0022_q\u0022:\u0022SELECT * FROM digitaltwins\u0022,\u0022_id\u0022:\u0022eeda5825-23a6-477e-b3d8-8417657129a2\u0022,\u0022_tr\u0022:10,\u0022_pn\u0022:2}"
      },
      "StatusCode": 200,
      "ResponseHeaders": {
        "Content-Type": "application/json; charset=utf-8",
        "Date": "Tue, 12 Jan 2021 23:39:06 GMT",
        "query-charge": "2.93",
        "Strict-Transport-Security": "max-age=2592000",
        "Transfer-Encoding": "chunked"
      },
      "ResponseBody": {
        "value": [
          {
            "$dtId": "roomTwin2109567916",
            "$etag": "W/\u0022a3cd77ba-f30b-48eb-b238-04e758dc0133\u0022",
            "Temperature": 80,
            "Humidity": 25,
            "IsOccupied": true,
            "EmployeeId": "Employee1",
            "$metadata": {
              "$model": "dtmi:example:room;116950549",
              "Temperature": {
                "lastUpdateTime": "2021-01-12T23:39:04.3992677Z"
              },
              "Humidity": {
                "lastUpdateTime": "2021-01-12T23:39:04.3992677Z"
              },
              "IsOccupied": {
                "lastUpdateTime": "2021-01-12T23:39:04.3992677Z"
              },
              "EmployeeId": {
                "lastUpdateTime": "2021-01-12T23:39:04.3992677Z"
              }
            }
          },
          {
            "$dtId": "floorTwin1227557883",
            "$etag": "W/\u0022998037d4-ddac-4bd7-9d8d-9e458050eef1\u0022",
            "AverageTemperature": 75,
            "$metadata": {
              "$model": "dtmi:example:floor;11113457",
              "AverageTemperature": {
                "lastUpdateTime": "2021-01-12T23:39:04.3174459Z"
              }
            }
          },
          {
            "$dtId": "hvacTwin2030361615",
            "$etag": "W/\u0022222aec18-0d19-4a2a-b269-e8d9c1994a15\u0022",
            "TargetTemperature": 80,
            "TargetHumidity": 25,
            "$metadata": {
              "$model": "dtmi:example:hvac;112577385",
              "TargetTemperature": {
                "lastUpdateTime": "2021-01-12T23:39:04.4822669Z"
              },
              "TargetHumidity": {
                "lastUpdateTime": "2021-01-12T23:39:04.4822669Z"
              }
            }
          }
        ],
        "continuationToken": null
      }
    },
    {
      "RequestUri": "https://fakeHost.api.wus2.digitaltwins.azure.net/query?api-version=2020-10-31",
      "RequestMethod": "POST",
      "RequestHeaders": {
        "Accept": "application/json",
        "Authorization": "Sanitized",
        "Content-Length": "38",
        "Content-Type": "application/json",
        "max-items-per-page": "5",
        "traceparent": "00-69ce7b6b43a9454b9ddd55f12d5f6c97-5dd44c62f61bf846-00",
        "User-Agent": [
          "azsdk-net-DigitalTwins.Core/1.3.0-alpha.20210112.1",
          "(.NET 5.0.1-servicing.20575.16; Microsoft Windows 10.0.18363)"
        ],
        "x-ms-client-request-id": "38fe21243e57cb351dbd2c343da30b02",
        "x-ms-return-client-request-id": "true"
      },
      "RequestBody": {
        "query": "SELECT * FROM digitaltwins"
      },
      "StatusCode": 200,
      "ResponseHeaders": {
        "Content-Type": "application/json; charset=utf-8",
        "Date": "Tue, 12 Jan 2021 23:39:06 GMT",
        "query-charge": "3.26",
        "Strict-Transport-Security": "max-age=2592000",
        "Transfer-Encoding": "chunked"
      },
      "ResponseBody": {
        "value": [
          {
            "$dtId": "roomTwin460152108",
            "$etag": "W/\u0022c14258f3-f518-4569-94b7-5b6a7009bd4b\u0022",
            "Temperature": 80,
            "Humidity": 25,
            "IsOccupied": true,
            "EmployeeId": "Employee1",
            "$metadata": {
              "$model": "dtmi:example:room;111892730",
              "Temperature": {
                "lastUpdateTime": "2021-01-12T23:39:01.5919399Z"
              },
              "Humidity": {
                "lastUpdateTime": "2021-01-12T23:39:01.5919399Z"
              },
              "IsOccupied": {
                "lastUpdateTime": "2021-01-12T23:39:01.5919399Z"
              },
              "EmployeeId": {
                "lastUpdateTime": "2021-01-12T23:39:01.5919399Z"
              }
            }
          },
          {
            "$dtId": "roomTwin1420781814",
            "$etag": "W/\u002215823347-e6e5-4250-a774-a3735d9303e1\u0022",
            "Temperature": 80,
            "Humidity": 25,
            "IsOccupied": true,
            "EmployeeId": "Employee1",
            "$metadata": {
              "$model": "dtmi:example:room;133999852",
              "Temperature": {
                "lastUpdateTime": "2021-01-12T23:39:00.9812114Z"
              },
              "Humidity": {
                "lastUpdateTime": "2021-01-12T23:39:00.9812114Z"
              },
              "IsOccupied": {
                "lastUpdateTime": "2021-01-12T23:39:00.9812114Z"
              },
              "EmployeeId": {
                "lastUpdateTime": "2021-01-12T23:39:00.9812114Z"
              }
            }
          },
          {
            "$dtId": "roomTwin1320328829",
            "$etag": "W/\u0022dee956ef-7343-4a8e-b5aa-94d64f1b468d\u0022",
            "Temperature": 80,
            "Humidity": 25,
            "IsOccupied": true,
            "EmployeeId": "Employee1",
            "$metadata": {
              "$model": "dtmi:example:room;116845994",
              "Temperature": {
                "lastUpdateTime": "2021-01-12T23:39:01.0108998Z"
              },
              "Humidity": {
                "lastUpdateTime": "2021-01-12T23:39:01.0108998Z"
              },
              "IsOccupied": {
                "lastUpdateTime": "2021-01-12T23:39:01.0108998Z"
              },
              "EmployeeId": {
                "lastUpdateTime": "2021-01-12T23:39:01.0108998Z"
              }
            }
          },
          {
            "$dtId": "roomTwin1171852527",
            "$etag": "W/\u0022c7f421ee-7902-4289-8868-38ff79815e3f\u0022",
            "Temperature": 80,
            "Humidity": 25,
            "IsOccupied": true,
            "EmployeeId": "Employee1",
            "$metadata": {
              "$model": "dtmi:example:room;163554513",
              "Temperature": {
                "lastUpdateTime": "2021-01-12T23:39:02.0540624Z"
              },
              "Humidity": {
                "lastUpdateTime": "2021-01-12T23:39:02.0540624Z"
              },
              "IsOccupied": {
                "lastUpdateTime": "2021-01-12T23:39:02.0540624Z"
              },
              "EmployeeId": {
                "lastUpdateTime": "2021-01-12T23:39:02.0540624Z"
              }
            }
          },
          {
            "$dtId": "roomTwin1019252643",
            "$etag": "W/\u002285191640-cb26-4c66-a264-8f08e1e63485\u0022",
            "Temperature": 80,
            "Humidity": 25,
            "IsOccupied": true,
            "EmployeeId": "Employee1",
            "$metadata": {
              "$model": "dtmi:example:room;118127707",
              "Temperature": {
                "lastUpdateTime": "2021-01-12T23:39:01.7326593Z"
              },
              "Humidity": {
                "lastUpdateTime": "2021-01-12T23:39:01.7326593Z"
              },
              "IsOccupied": {
                "lastUpdateTime": "2021-01-12T23:39:01.7326593Z"
              },
              "EmployeeId": {
                "lastUpdateTime": "2021-01-12T23:39:01.7326593Z"
              }
            }
          }
        ],
        "continuationToken": "{\u0022_t\u0022:2,\u0022_s\u0022:null,\u0022_rc\u0022:\u0022[{\\\u0022token\\\u0022:\\\u0022\u002BRID:~WftkAKpgpkkFAAAAAAAAAA==#RT:1#TRC:5#ISV:2#IEO:65567#QCF:1#FPC:AgEAAAAGAALA4GcEAA==\\\u0022,\\\u0022range\\\u0022:{\\\u0022min\\\u0022:\\\u0022\\\u0022,\\\u0022max\\\u0022:\\\u0022FF\\\u0022}}]\u0022,\u0022_q\u0022:\u0022SELECT * FROM digitaltwins\u0022,\u0022_id\u0022:\u002217e1aba4-3dbf-45eb-9ce8-b95a3796bd40\u0022,\u0022_tr\u0022:5,\u0022_pn\u0022:1}"
      }
    },
    {
      "RequestUri": "https://fakeHost.api.wus2.digitaltwins.azure.net/query?api-version=2020-10-31",
      "RequestMethod": "POST",
      "RequestHeaders": {
        "Accept": "application/json",
        "Authorization": "Sanitized",
        "Content-Length": "481",
        "Content-Type": "application/json",
        "max-items-per-page": "5",
        "traceparent": "00-a780e3c4c48b9c4b9967655706875c46-b7a59676918be54a-00",
        "User-Agent": [
          "azsdk-net-DigitalTwins.Core/1.3.0-alpha.20210112.1",
          "(.NET 5.0.1-servicing.20575.16; Microsoft Windows 10.0.18363)"
        ],
        "x-ms-client-request-id": "7481cb6469b2f27fb4eabc4b3d61f44d",
        "x-ms-return-client-request-id": "true"
      },
      "RequestBody": {
        "continuationToken": "{\u0022_t\u0022:2,\u0022_s\u0022:null,\u0022_rc\u0022:\u0022[{\\\u0022token\\\u0022:\\\u0022\u002BRID:~WftkAKpgpkkFAAAAAAAAAA==#RT:1#TRC:5#ISV:2#IEO:65567#QCF:1#FPC:AgEAAAAGAALA4GcEAA==\\\u0022,\\\u0022range\\\u0022:{\\\u0022min\\\u0022:\\\u0022\\\u0022,\\\u0022max\\\u0022:\\\u0022FF\\\u0022}}]\u0022,\u0022_q\u0022:\u0022SELECT * FROM digitaltwins\u0022,\u0022_id\u0022:\u002217e1aba4-3dbf-45eb-9ce8-b95a3796bd40\u0022,\u0022_tr\u0022:5,\u0022_pn\u0022:1}"
      },
      "StatusCode": 200,
      "ResponseHeaders": {
        "Content-Type": "application/json; charset=utf-8",
        "Date": "Tue, 12 Jan 2021 23:39:06 GMT",
        "query-charge": "3.15",
        "Strict-Transport-Security": "max-age=2592000",
        "Transfer-Encoding": "chunked"
      },
      "ResponseBody": {
        "value": [
          {
            "$dtId": "roomTwin898922460",
            "$etag": "W/\u0022e069c97b-c9bd-4c01-804e-9a62c1598ebc\u0022",
            "Temperature": 70,
            "Humidity": 30,
            "IsOccupied": true,
            "$metadata": {
              "$model": "dtmi:example:room;170118024",
              "Temperature": {
                "lastUpdateTime": "2021-01-12T23:39:02.8712463Z"
              },
              "Humidity": {
                "lastUpdateTime": "2021-01-12T23:39:02.8712463Z"
              },
              "IsOccupied": {
                "lastUpdateTime": "2021-01-12T23:39:02.7880790Z"
              }
            }
          },
          {
            "$dtId": "roomTwin958754835",
            "$etag": "W/\u00229a25e697-7c99-4372-a1d1-73a3584dd0ce\u0022",
            "Temperature": 80,
            "Humidity": 25,
            "IsOccupied": true,
            "EmployeeId": "Employee1",
            "$metadata": {
              "$model": "dtmi:example:room;196301502",
              "Temperature": {
                "lastUpdateTime": "2021-01-12T23:39:00.9648281Z"
              },
              "Humidity": {
                "lastUpdateTime": "2021-01-12T23:39:00.9648281Z"
              },
              "IsOccupied": {
                "lastUpdateTime": "2021-01-12T23:39:00.9648281Z"
              },
              "EmployeeId": {
                "lastUpdateTime": "2021-01-12T23:39:00.9648281Z"
              }
            }
          },
          {
            "$dtId": "roomTwin1474340914",
            "$etag": "W/\u0022de67105c-b008-4468-a455-66f455271827\u0022",
            "Temperature": 80,
            "Humidity": 25,
            "IsOccupied": true,
            "EmployeeId": "Employee1",
            "$metadata": {
              "$model": "dtmi:example:room;160194944",
              "Temperature": {
                "lastUpdateTime": "2021-01-12T23:39:02.8496985Z"
              },
              "Humidity": {
                "lastUpdateTime": "2021-01-12T23:39:02.8496985Z"
              },
              "IsOccupied": {
                "lastUpdateTime": "2021-01-12T23:39:02.8496985Z"
              },
              "EmployeeId": {
                "lastUpdateTime": "2021-01-12T23:39:02.8496985Z"
              }
            }
          },
          {
            "$dtId": "roomTwin788116830",
            "$etag": "W/\u00226c936a90-ffd1-48e3-81c3-b40ac3a3b65d\u0022",
            "Temperature": 70,
            "Humidity": 30,
            "IsOccupied": true,
            "$metadata": {
              "$model": "dtmi:example:room;139380843",
              "Temperature": {
                "lastUpdateTime": "2021-01-12T23:39:03.3817391Z"
              },
              "Humidity": {
                "lastUpdateTime": "2021-01-12T23:39:03.3817391Z"
              },
              "IsOccupied": {
                "lastUpdateTime": "2021-01-12T23:39:03.2854024Z"
              }
            }
          },
          {
            "$dtId": "roomTwin2114072427",
            "$etag": "W/\u0022977e9abd-8343-476b-a5e1-cbd5fa5c955d\u0022",
            "Temperature": 80,
            "Humidity": 25,
            "IsOccupied": true,
            "EmployeeId": "Employee1",
            "$metadata": {
              "$model": "dtmi:example:room;114297411",
              "Temperature": {
                "lastUpdateTime": "2021-01-12T23:39:02.3157643Z"
              },
              "Humidity": {
                "lastUpdateTime": "2021-01-12T23:39:02.3157643Z"
              },
              "IsOccupied": {
                "lastUpdateTime": "2021-01-12T23:39:02.3157643Z"
              },
              "EmployeeId": {
                "lastUpdateTime": "2021-01-12T23:39:02.3157643Z"
              }
            }
          }
        ],
        "continuationToken": "{\u0022_t\u0022:2,\u0022_s\u0022:null,\u0022_rc\u0022:\u0022[{\\\u0022token\\\u0022:\\\u0022\u002BRID:~WftkAKpgpkkKAAAAAAAAAA==#RT:2#TRC:10#ISV:2#IEO:65567#QCF:1#FPC:AgEAAAAGAALAAGQEAA==\\\u0022,\\\u0022range\\\u0022:{\\\u0022min\\\u0022:\\\u0022\\\u0022,\\\u0022max\\\u0022:\\\u0022FF\\\u0022}}]\u0022,\u0022_q\u0022:\u0022SELECT * FROM digitaltwins\u0022,\u0022_id\u0022:\u002217e1aba4-3dbf-45eb-9ce8-b95a3796bd40\u0022,\u0022_tr\u0022:10,\u0022_pn\u0022:2}"
      }
    },
    {
      "RequestUri": "https://fakeHost.api.wus2.digitaltwins.azure.net/query?api-version=2020-10-31",
      "RequestMethod": "POST",
      "RequestHeaders": {
        "Accept": "application/json",
        "Authorization": "Sanitized",
        "Content-Length": "483",
        "Content-Type": "application/json",
        "max-items-per-page": "5",
        "traceparent": "00-cbb042a1cc200d4393eb88ae56df5ec5-1f42dacb295beb42-00",
        "User-Agent": [
          "azsdk-net-DigitalTwins.Core/1.3.0-alpha.20210112.1",
          "(.NET 5.0.1-servicing.20575.16; Microsoft Windows 10.0.18363)"
        ],
        "x-ms-client-request-id": "74f8ea7e915a617a840a7fca7c18923a",
        "x-ms-return-client-request-id": "true"
      },
      "RequestBody": {
        "continuationToken": "{\u0022_t\u0022:2,\u0022_s\u0022:null,\u0022_rc\u0022:\u0022[{\\\u0022token\\\u0022:\\\u0022\u002BRID:~WftkAKpgpkkKAAAAAAAAAA==#RT:2#TRC:10#ISV:2#IEO:65567#QCF:1#FPC:AgEAAAAGAALAAGQEAA==\\\u0022,\\\u0022range\\\u0022:{\\\u0022min\\\u0022:\\\u0022\\\u0022,\\\u0022max\\\u0022:\\\u0022FF\\\u0022}}]\u0022,\u0022_q\u0022:\u0022SELECT * FROM digitaltwins\u0022,\u0022_id\u0022:\u002217e1aba4-3dbf-45eb-9ce8-b95a3796bd40\u0022,\u0022_tr\u0022:10,\u0022_pn\u0022:2}"
      },
      "StatusCode": 200,
      "ResponseHeaders": {
        "Content-Type": "application/json; charset=utf-8",
        "Date": "Tue, 12 Jan 2021 23:39:07 GMT",
        "query-charge": "2.93",
        "Strict-Transport-Security": "max-age=2592000",
        "Transfer-Encoding": "chunked"
      },
      "ResponseBody": {
        "value": [
          {
            "$dtId": "roomTwin2109567916",
            "$etag": "W/\u0022a3cd77ba-f30b-48eb-b238-04e758dc0133\u0022",
            "Temperature": 80,
            "Humidity": 25,
            "IsOccupied": true,
            "EmployeeId": "Employee1",
            "$metadata": {
              "$model": "dtmi:example:room;116950549",
              "Temperature": {
                "lastUpdateTime": "2021-01-12T23:39:04.3992677Z"
              },
              "Humidity": {
                "lastUpdateTime": "2021-01-12T23:39:04.3992677Z"
              },
              "IsOccupied": {
                "lastUpdateTime": "2021-01-12T23:39:04.3992677Z"
              },
              "EmployeeId": {
                "lastUpdateTime": "2021-01-12T23:39:04.3992677Z"
              }
            }
          },
          {
            "$dtId": "floorTwin1227557883",
            "$etag": "W/\u0022998037d4-ddac-4bd7-9d8d-9e458050eef1\u0022",
            "AverageTemperature": 75,
            "$metadata": {
              "$model": "dtmi:example:floor;11113457",
              "AverageTemperature": {
                "lastUpdateTime": "2021-01-12T23:39:04.3174459Z"
              }
            }
          },
          {
            "$dtId": "hvacTwin2030361615",
            "$etag": "W/\u0022222aec18-0d19-4a2a-b269-e8d9c1994a15\u0022",
            "TargetTemperature": 80,
            "TargetHumidity": 25,
            "$metadata": {
              "$model": "dtmi:example:hvac;112577385",
              "TargetTemperature": {
                "lastUpdateTime": "2021-01-12T23:39:04.4822669Z"
              },
              "TargetHumidity": {
                "lastUpdateTime": "2021-01-12T23:39:04.4822669Z"
              }
            }
          }
        ],
        "continuationToken": null
      }
    },
    {
      "RequestUri": "https://fakeHost.api.wus2.digitaltwins.azure.net/models/dtmi%3Aexample%3Aroom%3B115780864?api-version=2020-10-31",
      "RequestMethod": "DELETE",
      "RequestHeaders": {
        "Accept": "application/json",
        "Authorization": "Sanitized",
        "traceparent": "00-23df5705be53d14d934de20ca1b5de89-ab1e79e4059b5d4d-00",
        "User-Agent": [
          "azsdk-net-DigitalTwins.Core/1.3.0-alpha.20210112.1",
          "(.NET 5.0.1-servicing.20575.16; Microsoft Windows 10.0.18363)"
        ],
        "x-ms-client-request-id": "df553353d0d7bb66a10b836d82ea8ebb",
        "x-ms-return-client-request-id": "true"
      },
      "RequestBody": null,
      "StatusCode": 204,
      "ResponseHeaders": {
        "Content-Length": "0",
        "Date": "Tue, 12 Jan 2021 23:39:07 GMT",
        "Strict-Transport-Security": "max-age=2592000"
      },
      "ResponseBody": []
    }
  ],
  "Variables": {
    "DIGITALTWINS_URL": "https://fakeHost.api.wus2.digitaltwins.azure.net",
    "RandomSeed": "1284175566"
  }
}