{
  "Entries": [
    {
      "RequestUri": "https://management.azure.com/subscriptions/db1ab6f0-4769-4b27-930e-01e2ef9c123c?api-version=2021-01-01",
      "RequestMethod": "GET",
      "RequestHeaders": {
        "Accept": "application/json",
        "Authorization": "Sanitized",
        "traceparent": "00-fa1e0f19a6bbe04781ddd8f2e2db6d57-4aa08cf0404f4941-00",
        "User-Agent": "azsdk-net-ResourceManager/1.3.1 (.NET Core 3.1.30; Microsoft Windows 10.0.22621)",
        "x-ms-client-request-id": "43fbbc79c88937459900eb5cfb00dddb",
        "x-ms-return-client-request-id": "true"
      },
      "RequestBody": null,
      "StatusCode": 200,
      "ResponseHeaders": {
        "Cache-Control": "no-cache",
        "Content-Length": "747",
        "Content-Type": "application/json; charset=utf-8",
        "Date": "Thu, 13 Oct 2022 02:54:32 GMT",
        "Expires": "-1",
        "Pragma": "no-cache",
        "Strict-Transport-Security": "max-age=31536000; includeSubDomains",
        "X-Content-Type-Options": "nosniff",
        "x-ms-correlation-request-id": "3cf156c4-d289-4793-b0ff-185a3fde2f71",
        "x-ms-ratelimit-remaining-subscription-reads": "11999",
        "x-ms-request-id": "3cf156c4-d289-4793-b0ff-185a3fde2f71",
        "x-ms-routing-request-id": "SOUTHEASTASIA:20221013T025432Z:3cf156c4-d289-4793-b0ff-185a3fde2f71"
      },
      "ResponseBody": {
        "id": "/subscriptions/db1ab6f0-4769-4b27-930e-01e2ef9c123c",
        "authorizationSource": "RoleBased",
        "managedByTenants": [],
        "tags": {
          "TagKey-9823": "TagValue-566",
          "TagKey-3481": "TagValue-320",
          "TagKey-4926": "TagValue-1187",
          "TagKey-751": "TagValue-3921",
          "TagKey-1866": "TagValue-8559",
          "TagKey-3094": "TagValue-9190",
          "TagKey-2449": "TagValue-9",
          "TagKey-8379": "TagValue-164",
          "TagKey-7470": "TagValue-2205",
          "TagKey-4236": "TagValue-3698",
          "TagKey-5316": "TagValue-2725"
        },
        "subscriptionId": "db1ab6f0-4769-4b27-930e-01e2ef9c123c",
        "tenantId": "72f988bf-86f1-41af-91ab-2d7cd011db47",
        "displayName": ".NET Mgmt SDK Test with TTL = 1 Day",
        "state": "Enabled",
        "subscriptionPolicies": {
          "locationPlacementId": "Internal_2014-09-01",
          "quotaId": "Internal_2014-09-01",
          "spendingLimit": "Off"
        }
      }
    },
    {
      "RequestUri": "https://management.azure.com/subscriptions/db1ab6f0-4769-4b27-930e-01e2ef9c123c/resourcegroups/SecurityCenterRG5613?api-version=**",
      "RequestMethod": "PUT",
      "RequestHeaders": {
        "Accept": "application/json",
        "Authorization": "Sanitized",
        "Content-Length": "21",
        "Content-Type": "application/json",
        "traceparent": "00-a2bce4308645d542b228fcdeacbd5b6e-8b2cd662a23bab41-00",
        "User-Agent": "azsdk-net-ResourceManager/1.3.1 (.NET Core 3.1.30; Microsoft Windows 10.0.22621)",
        "x-ms-client-request-id": "8957de7d58a09b85dfc09099ab1be725",
        "x-ms-return-client-request-id": "true"
      },
      "RequestBody": {
        "location": "eastus"
      },
      "StatusCode": 200,
      "ResponseHeaders": {
        "Cache-Control": "no-cache",
        "Content-Length": "237",
        "Content-Type": "application/json; charset=utf-8",
        "Date": "Thu, 13 Oct 2022 02:54:35 GMT",
        "Expires": "-1",
        "Pragma": "no-cache",
        "Strict-Transport-Security": "max-age=31536000; includeSubDomains",
        "X-Content-Type-Options": "nosniff",
        "x-ms-correlation-request-id": "bf267008-7bb0-4619-b244-d201d3f8a2eb",
        "x-ms-ratelimit-remaining-subscription-writes": "1199",
        "x-ms-request-id": "bf267008-7bb0-4619-b244-d201d3f8a2eb",
        "x-ms-routing-request-id": "SOUTHEASTASIA:20221013T025435Z:bf267008-7bb0-4619-b244-d201d3f8a2eb"
      },
      "ResponseBody": {
        "id": "/subscriptions/db1ab6f0-4769-4b27-930e-01e2ef9c123c/resourceGroups/SecurityCenterRG5613",
        "name": "SecurityCenterRG5613",
        "type": "Microsoft.Resources/resourceGroups",
        "location": "eastus",
        "properties": {
          "provisioningState": "Succeeded"
        }
      }
    },
    {
      "RequestUri": "https://management.azure.com/subscriptions/db1ab6f0-4769-4b27-930e-01e2ef9c123c/resourceGroups/SecurityCenterRG5613/providers/Microsoft.Compute/virtualMachines/vm8688?api-version=2022-03-01",
      "RequestMethod": "PUT",
      "RequestHeaders": {
        "Accept": "application/json",
        "Authorization": "Sanitized",
        "Content-Length": "1196",
        "Content-Type": "application/json",
        "traceparent": "00-c7badf52123a844d8b6030da9aa8642b-7e55077a9ff6de4f-00",
        "User-Agent": "azsdk-net-ResourceManager.Compute/1.0.0 (.NET Core 3.1.30; Microsoft Windows 10.0.22621)",
        "x-ms-client-request-id": "45d704859e95ef96c132d888b4e84935",
        "x-ms-return-client-request-id": "true"
      },
      "RequestBody": {
        "tags": {},
        "location": "eastus",
        "properties": {
          "hardwareProfile": {
            "vmSize": "Standard_F2"
          },
          "storageProfile": {
            "imageReference": {
              "publisher": "Canonical",
              "offer": "UbuntuServer",
              "sku": "16.04-LTS",
              "version": "latest"
            },
            "osDisk": {
              "osType": "Linux",
              "caching": "ReadWrite",
              "createOption": "FromImage",
              "managedDisk": {
                "storageAccountType": "Standard_LRS"
              }
            }
          },
          "osProfile": {
            "computerName": "vm8688",
            "adminUsername": "adminUser",
            "linuxConfiguration": {
              "disablePasswordAuthentication": true,
              "ssh": {
                "publicKeys": [
                  {
                    "path": "/home/adminUser/.ssh/authorized_keys",
                    "keyData": "ssh-rsa AAAAB3NzaC1yc2EAAAADAQABAAABAQC\u002BwWK73dCr\u002BjgQOAxNsHAnNNNMEMWOHYEccp6wJm2gotpr9katuF/ZAdou5AaW1C61slRkHRkpRRX9FA9CYBiitZgvCCz\u002B3nWNN7l/Up54Zps/pHWGZLHNJZRYyAB6j5yVLMVHIHriY49d/GZTZVNB8GoJv9Gakwc/fuEZYYl4YDFiGMBP///TzlI4jhiJzjKnEvqPFki5p2ZRJqcbCiF4pJrxUQR/RXqVFQdbRLZgYfJ8xGB878RENq3yQ39d8dVOkq4edbkzwcUmwwwkYVPIoDGsYLaRHnG\u002BTo7FvMeyO7xDVQkMKzopTQV8AuKpyvpqu0a9pWOMaiCyDytO7GGN you@me.com"
                  }
                ]
              }
            }
          },
          "networkProfile": {
            "networkInterfaces": [
              {
                "id": "/subscriptions/db1ab6f0-4769-4b27-930e-01e2ef9c123c/resourceGroups/SecurityCenterRG5613/providers/Microsoft.Network/networkInterfaces/networkInterface4823",
                "properties": {
                  "primary": true
                }
              }
            ]
          }
        }
      },
      "StatusCode": 201,
      "ResponseHeaders": {
        "Azure-AsyncNotification": "Enabled",
        "Azure-AsyncOperation": "https://management.azure.com/subscriptions/db1ab6f0-4769-4b27-930e-01e2ef9c123c/providers/Microsoft.Compute/locations/eastus/operations/c8b989de-f4eb-4eac-8f25-ef93571827e8?p=6a5473bf-f845-44a5-b675-411600120563\u0026api-version=2022-03-01",
        "Cache-Control": "no-cache",
        "Content-Length": "2484",
        "Content-Type": "application/json; charset=utf-8",
        "Date": "Thu, 13 Oct 2022 02:55:03 GMT",
        "Expires": "-1",
        "Pragma": "no-cache",
        "Retry-After": "10",
        "Server": [
          "Microsoft-HTTPAPI/2.0",
          "Microsoft-HTTPAPI/2.0"
        ],
        "Strict-Transport-Security": "max-age=31536000; includeSubDomains",
        "X-Content-Type-Options": "nosniff",
        "x-ms-client-request-id": "45d704859e95ef96c132d888b4e84935",
        "x-ms-correlation-request-id": "ba386bb8-6bc0-42ed-88ce-be5afa0e77e3",
        "x-ms-ratelimit-remaining-resource": "Microsoft.Compute/PutVM3Min;237,Microsoft.Compute/PutVM30Min;1191",
        "x-ms-ratelimit-remaining-subscription-writes": "1194",
        "x-ms-request-id": "c8b989de-f4eb-4eac-8f25-ef93571827e8",
        "x-ms-routing-request-id": "SOUTHEASTASIA:20221013T025503Z:ba386bb8-6bc0-42ed-88ce-be5afa0e77e3"
      },
      "ResponseBody": {
        "name": "vm8688",
        "id": "/subscriptions/db1ab6f0-4769-4b27-930e-01e2ef9c123c/resourceGroups/SecurityCenterRG5613/providers/Microsoft.Compute/virtualMachines/vm8688",
        "type": "Microsoft.Compute/virtualMachines",
        "location": "eastus",
        "tags": {
          "azsecpack": "nonprod",
          "platformsettings.host_environment.service.platform_optedin_for_rootcerts": "true"
        },
        "properties": {
          "vmId": "d8ba2352-9624-44b6-a448-f494babc55cd",
          "hardwareProfile": {
            "vmSize": "Standard_F2"
          },
          "storageProfile": {
            "imageReference": {
              "publisher": "Canonical",
              "offer": "UbuntuServer",
              "sku": "16.04-LTS",
              "version": "latest",
              "exactVersion": "16.04.202109280"
            },
            "osDisk": {
              "osType": "Linux",
              "createOption": "FromImage",
              "caching": "ReadWrite",
              "managedDisk": {
                "storageAccountType": "Standard_LRS"
              },
              "deleteOption": "Detach",
              "diskSizeGB": 30
            },
            "dataDisks": []
          },
          "osProfile": {
            "computerName": "vm8688",
            "adminUsername": "adminUser",
            "linuxConfiguration": {
              "disablePasswordAuthentication": true,
              "ssh": {
                "publicKeys": [
                  {
                    "path": "/home/adminUser/.ssh/authorized_keys",
                    "keyData": "ssh-rsa AAAAB3NzaC1yc2EAAAADAQABAAABAQC\u002BwWK73dCr\u002BjgQOAxNsHAnNNNMEMWOHYEccp6wJm2gotpr9katuF/ZAdou5AaW1C61slRkHRkpRRX9FA9CYBiitZgvCCz\u002B3nWNN7l/Up54Zps/pHWGZLHNJZRYyAB6j5yVLMVHIHriY49d/GZTZVNB8GoJv9Gakwc/fuEZYYl4YDFiGMBP///TzlI4jhiJzjKnEvqPFki5p2ZRJqcbCiF4pJrxUQR/RXqVFQdbRLZgYfJ8xGB878RENq3yQ39d8dVOkq4edbkzwcUmwwwkYVPIoDGsYLaRHnG\u002BTo7FvMeyO7xDVQkMKzopTQV8AuKpyvpqu0a9pWOMaiCyDytO7GGN you@me.com"
                  }
                ]
              },
              "provisionVMAgent": true,
              "patchSettings": {
                "patchMode": "ImageDefault",
                "assessmentMode": "ImageDefault"
              },
              "enableVMAgentPlatformUpdates": false
            },
            "secrets": [],
            "allowExtensionOperations": true,
            "requireGuestProvisionSignal": true
          },
          "networkProfile": {
            "networkInterfaces": [
              {
                "id": "/subscriptions/db1ab6f0-4769-4b27-930e-01e2ef9c123c/resourceGroups/SecurityCenterRG5613/providers/Microsoft.Network/networkInterfaces/networkInterface4823",
                "properties": {
                  "primary": true
                }
              }
            ]
          },
          "provisioningState": "Creating",
          "timeCreated": "2022-10-13T02:55:02.7644282\u002B00:00"
        }
      }
    },
    {
      "RequestUri": "https://management.azure.com/subscriptions/db1ab6f0-4769-4b27-930e-01e2ef9c123c/providers/Microsoft.Compute/locations/eastus/operations/c8b989de-f4eb-4eac-8f25-ef93571827e8?p=6a5473bf-f845-44a5-b675-411600120563\u0026api-version=2022-03-01",
      "RequestMethod": "GET",
      "RequestHeaders": {
        "Authorization": "Sanitized",
        "traceparent": "00-c7badf52123a844d8b6030da9aa8642b-95cdc338414e004c-00",
        "User-Agent": "azsdk-net-ResourceManager/1.3.1 (.NET Core 3.1.30; Microsoft Windows 10.0.22621)",
        "x-ms-client-request-id": "6c5d80bcf57e85af41fc5bdf6d4ecdbc",
        "x-ms-return-client-request-id": "true"
      },
      "RequestBody": null,
      "StatusCode": 200,
      "ResponseHeaders": {
        "Cache-Control": "no-cache",
        "Content-Length": "134",
        "Content-Type": "application/json; charset=utf-8",
        "Date": "Thu, 13 Oct 2022 02:55:03 GMT",
        "Expires": "-1",
        "Pragma": "no-cache",
        "Retry-After": "35",
        "Server": [
          "Microsoft-HTTPAPI/2.0",
          "Microsoft-HTTPAPI/2.0"
        ],
        "Strict-Transport-Security": "max-age=31536000; includeSubDomains",
        "X-Content-Type-Options": "nosniff",
        "x-ms-client-request-id": "6c5d80bcf57e85af41fc5bdf6d4ecdbc",
        "x-ms-correlation-request-id": "0620170a-7fdb-4d11-a26f-2b668c2c0d2b",
        "x-ms-ratelimit-remaining-resource": "Microsoft.Compute/GetOperation3Min;14989,Microsoft.Compute/GetOperation30Min;29954",
        "x-ms-ratelimit-remaining-subscription-reads": "11989",
        "x-ms-request-id": "dcbf76af-d738-48fa-b018-f59cfe788614",
        "x-ms-routing-request-id": "SOUTHEASTASIA:20221013T025504Z:0620170a-7fdb-4d11-a26f-2b668c2c0d2b"
      },
      "ResponseBody": {
        "startTime": "2022-10-13T02:55:01.0456709\u002B00:00",
        "status": "InProgress",
        "name": "c8b989de-f4eb-4eac-8f25-ef93571827e8"
      }
    },
    {
      "RequestUri": "https://management.azure.com/subscriptions/db1ab6f0-4769-4b27-930e-01e2ef9c123c/providers/Microsoft.Compute/locations/eastus/operations/c8b989de-f4eb-4eac-8f25-ef93571827e8?p=6a5473bf-f845-44a5-b675-411600120563\u0026api-version=2022-03-01",
      "RequestMethod": "GET",
      "RequestHeaders": {
        "Authorization": "Sanitized",
        "traceparent": "00-c7badf52123a844d8b6030da9aa8642b-0f34f323ee423e43-00",
        "User-Agent": "azsdk-net-ResourceManager/1.3.1 (.NET Core 3.1.30; Microsoft Windows 10.0.22621)",
        "x-ms-client-request-id": "edfcc1dc7f2f2b62bb5bc2569800d26f",
        "x-ms-return-client-request-id": "true"
      },
      "RequestBody": null,
      "StatusCode": 200,
      "ResponseHeaders": {
        "Cache-Control": "no-cache",
        "Content-Length": "134",
        "Content-Type": "application/json; charset=utf-8",
        "Date": "Thu, 13 Oct 2022 02:55:38 GMT",
        "Expires": "-1",
        "Pragma": "no-cache",
        "Server": [
          "Microsoft-HTTPAPI/2.0",
          "Microsoft-HTTPAPI/2.0"
        ],
        "Strict-Transport-Security": "max-age=31536000; includeSubDomains",
        "X-Content-Type-Options": "nosniff",
        "x-ms-client-request-id": "edfcc1dc7f2f2b62bb5bc2569800d26f",
        "x-ms-correlation-request-id": "1335e1ae-79ab-4d79-a11f-d07ea29ed016",
        "x-ms-ratelimit-remaining-resource": "Microsoft.Compute/GetOperation3Min;14988,Microsoft.Compute/GetOperation30Min;29952",
        "x-ms-ratelimit-remaining-subscription-reads": "11988",
        "x-ms-request-id": "85ba1e20-2c78-46de-8443-fc9c7482dbfb",
        "x-ms-routing-request-id": "SOUTHEASTASIA:20221013T025539Z:1335e1ae-79ab-4d79-a11f-d07ea29ed016"
      },
      "ResponseBody": {
        "startTime": "2022-10-13T02:55:01.0456709\u002B00:00",
        "status": "InProgress",
        "name": "c8b989de-f4eb-4eac-8f25-ef93571827e8"
      }
    },
    {
      "RequestUri": "https://management.azure.com/subscriptions/db1ab6f0-4769-4b27-930e-01e2ef9c123c/providers/Microsoft.Compute/locations/eastus/operations/c8b989de-f4eb-4eac-8f25-ef93571827e8?p=6a5473bf-f845-44a5-b675-411600120563\u0026api-version=2022-03-01",
      "RequestMethod": "GET",
      "RequestHeaders": {
        "Authorization": "Sanitized",
        "traceparent": "00-c7badf52123a844d8b6030da9aa8642b-03cec07712e50d4b-00",
        "User-Agent": "azsdk-net-ResourceManager/1.3.1 (.NET Core 3.1.30; Microsoft Windows 10.0.22621)",
        "x-ms-client-request-id": "34ccdd01dd8ab1b6a695f4b9fe690e35",
        "x-ms-return-client-request-id": "true"
      },
      "RequestBody": null,
      "StatusCode": 200,
      "ResponseHeaders": {
        "Cache-Control": "no-cache",
        "Content-Length": "134",
        "Content-Type": "application/json; charset=utf-8",
        "Date": "Thu, 13 Oct 2022 02:55:40 GMT",
        "Expires": "-1",
        "Pragma": "no-cache",
        "Server": [
          "Microsoft-HTTPAPI/2.0",
          "Microsoft-HTTPAPI/2.0"
        ],
        "Strict-Transport-Security": "max-age=31536000; includeSubDomains",
        "X-Content-Type-Options": "nosniff",
        "x-ms-client-request-id": "34ccdd01dd8ab1b6a695f4b9fe690e35",
        "x-ms-correlation-request-id": "0ef0379f-c082-4faf-a555-bcd57b225567",
        "x-ms-ratelimit-remaining-resource": "Microsoft.Compute/GetOperation3Min;14987,Microsoft.Compute/GetOperation30Min;29951",
        "x-ms-ratelimit-remaining-subscription-reads": "11987",
        "x-ms-request-id": "580f008b-4c1f-4920-9bf9-94167de2363a",
        "x-ms-routing-request-id": "SOUTHEASTASIA:20221013T025540Z:0ef0379f-c082-4faf-a555-bcd57b225567"
      },
      "ResponseBody": {
        "startTime": "2022-10-13T02:55:01.0456709\u002B00:00",
        "status": "InProgress",
        "name": "c8b989de-f4eb-4eac-8f25-ef93571827e8"
      }
    },
    {
      "RequestUri": "https://management.azure.com/subscriptions/db1ab6f0-4769-4b27-930e-01e2ef9c123c/providers/Microsoft.Compute/locations/eastus/operations/c8b989de-f4eb-4eac-8f25-ef93571827e8?p=6a5473bf-f845-44a5-b675-411600120563\u0026api-version=2022-03-01",
      "RequestMethod": "GET",
      "RequestHeaders": {
        "Authorization": "Sanitized",
        "traceparent": "00-c7badf52123a844d8b6030da9aa8642b-8ac34330b3681644-00",
        "User-Agent": "azsdk-net-ResourceManager/1.3.1 (.NET Core 3.1.30; Microsoft Windows 10.0.22621)",
        "x-ms-client-request-id": "5bb9487143563ccb1d32b1233359ec41",
        "x-ms-return-client-request-id": "true"
      },
      "RequestBody": null,
      "StatusCode": 200,
      "ResponseHeaders": {
        "Cache-Control": "no-cache",
        "Content-Length": "134",
        "Content-Type": "application/json; charset=utf-8",
        "Date": "Thu, 13 Oct 2022 02:55:42 GMT",
        "Expires": "-1",
        "Pragma": "no-cache",
        "Server": [
          "Microsoft-HTTPAPI/2.0",
          "Microsoft-HTTPAPI/2.0"
        ],
        "Strict-Transport-Security": "max-age=31536000; includeSubDomains",
        "X-Content-Type-Options": "nosniff",
        "x-ms-client-request-id": "5bb9487143563ccb1d32b1233359ec41",
        "x-ms-correlation-request-id": "5079aa1b-2ece-44dc-b434-c8ca1e6f8229",
        "x-ms-ratelimit-remaining-resource": "Microsoft.Compute/GetOperation3Min;14986,Microsoft.Compute/GetOperation30Min;29950",
        "x-ms-ratelimit-remaining-subscription-reads": "11986",
        "x-ms-request-id": "31e7c689-5036-477c-af98-82c94c838862",
        "x-ms-routing-request-id": "SOUTHEASTASIA:20221013T025542Z:5079aa1b-2ece-44dc-b434-c8ca1e6f8229"
      },
      "ResponseBody": {
        "startTime": "2022-10-13T02:55:01.0456709\u002B00:00",
        "status": "InProgress",
        "name": "c8b989de-f4eb-4eac-8f25-ef93571827e8"
      }
    },
    {
      "RequestUri": "https://management.azure.com/subscriptions/db1ab6f0-4769-4b27-930e-01e2ef9c123c/providers/Microsoft.Compute/locations/eastus/operations/c8b989de-f4eb-4eac-8f25-ef93571827e8?p=6a5473bf-f845-44a5-b675-411600120563\u0026api-version=2022-03-01",
      "RequestMethod": "GET",
      "RequestHeaders": {
        "Authorization": "Sanitized",
        "traceparent": "00-c7badf52123a844d8b6030da9aa8642b-8a54061406877c43-00",
        "User-Agent": "azsdk-net-ResourceManager/1.3.1 (.NET Core 3.1.30; Microsoft Windows 10.0.22621)",
        "x-ms-client-request-id": "8fdeeb2a9981ff320b4a47998aa82c51",
        "x-ms-return-client-request-id": "true"
      },
      "RequestBody": null,
      "StatusCode": 200,
      "ResponseHeaders": {
        "Cache-Control": "no-cache",
        "Content-Length": "184",
        "Content-Type": "application/json; charset=utf-8",
        "Date": "Thu, 13 Oct 2022 02:55:44 GMT",
        "Expires": "-1",
        "Pragma": "no-cache",
        "Server": [
          "Microsoft-HTTPAPI/2.0",
          "Microsoft-HTTPAPI/2.0"
        ],
        "Strict-Transport-Security": "max-age=31536000; includeSubDomains",
        "X-Content-Type-Options": "nosniff",
        "x-ms-client-request-id": "8fdeeb2a9981ff320b4a47998aa82c51",
        "x-ms-correlation-request-id": "d616fac8-721d-4ee3-8498-93a120e0ce1f",
        "x-ms-ratelimit-remaining-resource": "Microsoft.Compute/GetOperation3Min;14985,Microsoft.Compute/GetOperation30Min;29949",
        "x-ms-ratelimit-remaining-subscription-reads": "11985",
        "x-ms-request-id": "ecc6786e-0858-4e91-9291-378114b07cf0",
        "x-ms-routing-request-id": "SOUTHEASTASIA:20221013T025545Z:d616fac8-721d-4ee3-8498-93a120e0ce1f"
      },
      "ResponseBody": {
        "startTime": "2022-10-13T02:55:01.0456709\u002B00:00",
        "endTime": "2022-10-13T02:55:44.7960615\u002B00:00",
        "status": "Succeeded",
        "name": "c8b989de-f4eb-4eac-8f25-ef93571827e8"
      }
    },
    {
      "RequestUri": "https://management.azure.com/subscriptions/db1ab6f0-4769-4b27-930e-01e2ef9c123c/resourceGroups/SecurityCenterRG5613/providers/Microsoft.Compute/virtualMachines/vm8688?api-version=2022-03-01",
      "RequestMethod": "GET",
      "RequestHeaders": {
        "Authorization": "Sanitized",
        "traceparent": "00-c7badf52123a844d8b6030da9aa8642b-48ff7833d650a344-00",
        "User-Agent": "azsdk-net-ResourceManager/1.3.1 (.NET Core 3.1.30; Microsoft Windows 10.0.22621)",
        "x-ms-client-request-id": "4fe58d4c7646bd19118f16582b937e4d",
        "x-ms-return-client-request-id": "true"
      },
      "RequestBody": null,
      "StatusCode": 200,
      "ResponseHeaders": {
        "Cache-Control": "no-cache",
        "Content-Length": "2745",
        "Content-Type": "application/json; charset=utf-8",
        "Date": "Thu, 13 Oct 2022 02:55:45 GMT",
        "Expires": "-1",
        "Pragma": "no-cache",
        "Server": [
          "Microsoft-HTTPAPI/2.0",
          "Microsoft-HTTPAPI/2.0"
        ],
        "Strict-Transport-Security": "max-age=31536000; includeSubDomains",
        "X-Content-Type-Options": "nosniff",
        "x-ms-client-request-id": "4fe58d4c7646bd19118f16582b937e4d",
        "x-ms-correlation-request-id": "8d9b0f0a-cfb5-4e98-923e-0904f2d24be1",
        "x-ms-ratelimit-remaining-resource": "Microsoft.Compute/LowCostGet3Min;3989,Microsoft.Compute/LowCostGet30Min;31956",
        "x-ms-ratelimit-remaining-subscription-reads": "11984",
        "x-ms-request-id": "d2145870-c00a-408d-9d52-8fb4ef719543",
        "x-ms-routing-request-id": "SOUTHEASTASIA:20221013T025546Z:8d9b0f0a-cfb5-4e98-923e-0904f2d24be1"
      },
      "ResponseBody": {
        "name": "vm8688",
        "id": "/subscriptions/db1ab6f0-4769-4b27-930e-01e2ef9c123c/resourceGroups/SecurityCenterRG5613/providers/Microsoft.Compute/virtualMachines/vm8688",
        "type": "Microsoft.Compute/virtualMachines",
        "location": "eastus",
        "tags": {
          "azsecpack": "nonprod",
          "platformsettings.host_environment.service.platform_optedin_for_rootcerts": "true"
        },
        "properties": {
          "vmId": "d8ba2352-9624-44b6-a448-f494babc55cd",
          "hardwareProfile": {
            "vmSize": "Standard_F2"
          },
          "storageProfile": {
            "imageReference": {
              "publisher": "Canonical",
              "offer": "UbuntuServer",
              "sku": "16.04-LTS",
              "version": "latest",
              "exactVersion": "16.04.202109280"
            },
            "osDisk": {
              "osType": "Linux",
              "name": "vm8688_OsDisk_1_93ac76fb04ba4bc3ba4cab2f40e977b1",
              "createOption": "FromImage",
              "caching": "ReadWrite",
              "managedDisk": {
                "storageAccountType": "Standard_LRS",
                "id": "/subscriptions/db1ab6f0-4769-4b27-930e-01e2ef9c123c/resourceGroups/SecurityCenterRG5613/providers/Microsoft.Compute/disks/vm8688_OsDisk_1_93ac76fb04ba4bc3ba4cab2f40e977b1"
              },
              "deleteOption": "Detach",
              "diskSizeGB": 30
            },
            "dataDisks": []
          },
          "osProfile": {
            "computerName": "vm8688",
            "adminUsername": "adminUser",
            "linuxConfiguration": {
              "disablePasswordAuthentication": true,
              "ssh": {
                "publicKeys": [
                  {
                    "path": "/home/adminUser/.ssh/authorized_keys",
                    "keyData": "ssh-rsa AAAAB3NzaC1yc2EAAAADAQABAAABAQC\u002BwWK73dCr\u002BjgQOAxNsHAnNNNMEMWOHYEccp6wJm2gotpr9katuF/ZAdou5AaW1C61slRkHRkpRRX9FA9CYBiitZgvCCz\u002B3nWNN7l/Up54Zps/pHWGZLHNJZRYyAB6j5yVLMVHIHriY49d/GZTZVNB8GoJv9Gakwc/fuEZYYl4YDFiGMBP///TzlI4jhiJzjKnEvqPFki5p2ZRJqcbCiF4pJrxUQR/RXqVFQdbRLZgYfJ8xGB878RENq3yQ39d8dVOkq4edbkzwcUmwwwkYVPIoDGsYLaRHnG\u002BTo7FvMeyO7xDVQkMKzopTQV8AuKpyvpqu0a9pWOMaiCyDytO7GGN you@me.com"
                  }
                ]
              },
              "provisionVMAgent": true,
              "patchSettings": {
                "patchMode": "ImageDefault",
                "assessmentMode": "ImageDefault"
              },
              "enableVMAgentPlatformUpdates": false
            },
            "secrets": [],
            "allowExtensionOperations": true,
            "requireGuestProvisionSignal": true
          },
          "networkProfile": {
            "networkInterfaces": [
              {
                "id": "/subscriptions/db1ab6f0-4769-4b27-930e-01e2ef9c123c/resourceGroups/SecurityCenterRG5613/providers/Microsoft.Network/networkInterfaces/networkInterface4823",
                "properties": {
                  "primary": true
                }
              }
            ]
          },
          "provisioningState": "Succeeded",
          "timeCreated": "2022-10-13T02:55:02.7644282\u002B00:00"
        }
      }
    },
    {
      "RequestUri": "https://management.azure.com/subscriptions/db1ab6f0-4769-4b27-930e-01e2ef9c123c/resourceGroups/SecurityCenterRG5613/providers/Microsoft.Security/locations/centralus/allowedConnections/Internal?api-version=2020-01-01",
      "RequestMethod": "GET",
      "RequestHeaders": {
        "Accept": "application/json",
        "Authorization": "Sanitized",
        "traceparent": "00-5039cb4e5ec4f44bad26375b6e9e4c11-d3e5da0ca19fd349-00",
        "User-Agent": "azsdk-net-ResourceManager.SecurityCenter/1.0.0-alpha.20221013.1 (.NET Core 3.1.30; Microsoft Windows 10.0.22621)",
        "x-ms-client-request-id": "138fb3a97f8bd8b316ba500bfc32b274",
        "x-ms-return-client-request-id": "true"
      },
      "RequestBody": null,
      "StatusCode": 200,
      "ResponseHeaders": {
        "Cache-Control": "no-cache",
        "Content-Length": "574",
        "Content-Type": "application/json; charset=utf-8",
        "Date": "Thu, 13 Oct 2022 02:55:46 GMT",
        "Expires": "-1",
        "Pragma": "no-cache",
        "Server": "Kestrel",
        "Strict-Transport-Security": "max-age=31536000; includeSubDomains",
        "X-Content-Type-Options": "nosniff",
        "x-ms-correlation-request-id": "6246fad6-5f5a-4eed-8535-ce1edf4db4d8",
        "x-ms-ratelimit-remaining-subscription-resource-requests": "749",
        "x-ms-request-id": "6246fad6-5f5a-4eed-8535-ce1edf4db4d8",
        "x-ms-routing-request-id": "SOUTHEASTASIA:20221013T025547Z:6246fad6-5f5a-4eed-8535-ce1edf4db4d8"
      },
      "ResponseBody": {
        "type": "Microsoft.Security/locations/allowedConnections",
        "properties": {
          "calculatedDateTime": "2022-10-13T02:44:37.7044949Z",
          "connectableResources": [
            {
              "id": "/subscriptions/db1ab6f0-4769-4b27-930e-01e2ef9c123c/resourceGroups/SecurityCenterRG5613/providers/Microsoft.Compute/virtualMachines/vm7710",
              "inboundConnectedResources": [],
              "outboundConnectedResources": []
            }
          ]
        },
        "id": "/subscriptions/db1ab6f0-4769-4b27-930e-01e2ef9c123c/resourceGroups/SecurityCenterRG5613/providers/Microsoft.Security/locations/centralus/allowedConnections/Internal",
        "name": "Internal",
        "location": "centralus"
      }
    }
  ],
  "Variables": {
    "AZURE_AUTHORITY_HOST": "https://login.microsoftonline.com",
    "RandomSeed": "707775247",
    "RESOURCE_MANAGER_URL": null,
    "SUBSCRIPTION_ID": "db1ab6f0-4769-4b27-930e-01e2ef9c123c"
  }
}
