{
  "Entries": [
    {
      "RequestUri": "https://management.azure.com/subscriptions/db1ab6f0-4769-4b27-930e-01e2ef9c123c?api-version=2021-01-01",
      "RequestMethod": "GET",
      "RequestHeaders": {
        "Accept": "application/json",
        "Authorization": "Sanitized",
        "traceparent": "00-b4edea510d571948b4c1400117c58b8d-627f4d802f6f2e46-00",
        "User-Agent": "azsdk-net-ResourceManager/1.3.1 (.NET Core 3.1.30; Microsoft Windows 10.0.22621)",
        "x-ms-client-request-id": "2a32ecf155f7818fc80e4ba47e8be60b",
        "x-ms-return-client-request-id": "true"
      },
      "RequestBody": null,
      "StatusCode": 200,
      "ResponseHeaders": {
        "Cache-Control": "no-cache",
        "Content-Length": "747",
        "Content-Type": "application/json; charset=utf-8",
        "Date": "Thu, 13 Oct 2022 02:58:38 GMT",
        "Expires": "-1",
        "Pragma": "no-cache",
        "Strict-Transport-Security": "max-age=31536000; includeSubDomains",
        "X-Content-Type-Options": "nosniff",
        "x-ms-correlation-request-id": "4c3c73d4-8772-4c2f-8ed5-643b524a2bd8",
        "x-ms-ratelimit-remaining-subscription-reads": "11999",
        "x-ms-request-id": "4c3c73d4-8772-4c2f-8ed5-643b524a2bd8",
        "x-ms-routing-request-id": "SOUTHEASTASIA:20221013T025839Z:4c3c73d4-8772-4c2f-8ed5-643b524a2bd8"
      },
      "ResponseBody": {
        "id": "/subscriptions/db1ab6f0-4769-4b27-930e-01e2ef9c123c",
        "authorizationSource": "RoleBased",
        "managedByTenants": [],
        "tags": {
          "TagKey-9823": "TagValue-566",
          "TagKey-3481": "TagValue-320",
          "TagKey-4926": "TagValue-1187",
          "TagKey-751": "TagValue-3921",
          "TagKey-1866": "TagValue-8559",
          "TagKey-3094": "TagValue-9190",
          "TagKey-2449": "TagValue-9",
          "TagKey-8379": "TagValue-164",
          "TagKey-7470": "TagValue-2205",
          "TagKey-4236": "TagValue-3698",
          "TagKey-5316": "TagValue-2725"
        },
        "subscriptionId": "db1ab6f0-4769-4b27-930e-01e2ef9c123c",
        "tenantId": "72f988bf-86f1-41af-91ab-2d7cd011db47",
        "displayName": ".NET Mgmt SDK Test with TTL = 1 Day",
        "state": "Enabled",
        "subscriptionPolicies": {
          "locationPlacementId": "Internal_2014-09-01",
          "quotaId": "Internal_2014-09-01",
          "spendingLimit": "Off"
        }
      }
    },
    {
      "RequestUri": "https://management.azure.com/subscriptions/db1ab6f0-4769-4b27-930e-01e2ef9c123c/resourcegroups/SecurityCenterRG5150?api-version=**",
      "RequestMethod": "PUT",
      "RequestHeaders": {
        "Accept": "application/json",
        "Authorization": "Sanitized",
        "Content-Length": "21",
        "Content-Type": "application/json",
        "traceparent": "00-4406987a5c90c1458183691f4f48cf20-034facd0e297c844-00",
        "User-Agent": "azsdk-net-ResourceManager/1.3.1 (.NET Core 3.1.30; Microsoft Windows 10.0.22621)",
        "x-ms-client-request-id": "92162814b05884a58fad81c4d3d42a00",
        "x-ms-return-client-request-id": "true"
      },
      "RequestBody": {
        "location": "eastus"
      },
      "StatusCode": 200,
      "ResponseHeaders": {
        "Cache-Control": "no-cache",
        "Content-Length": "237",
        "Content-Type": "application/json; charset=utf-8",
        "Date": "Thu, 13 Oct 2022 02:58:41 GMT",
        "Expires": "-1",
        "Pragma": "no-cache",
        "Strict-Transport-Security": "max-age=31536000; includeSubDomains",
        "X-Content-Type-Options": "nosniff",
        "x-ms-correlation-request-id": "39b7b7f9-4d73-4d72-9ba1-df7681e31453",
        "x-ms-ratelimit-remaining-subscription-writes": "1199",
        "x-ms-request-id": "39b7b7f9-4d73-4d72-9ba1-df7681e31453",
        "x-ms-routing-request-id": "SOUTHEASTASIA:20221013T025842Z:39b7b7f9-4d73-4d72-9ba1-df7681e31453"
      },
      "ResponseBody": {
        "id": "/subscriptions/db1ab6f0-4769-4b27-930e-01e2ef9c123c/resourceGroups/SecurityCenterRG5150",
        "name": "SecurityCenterRG5150",
        "type": "Microsoft.Resources/resourceGroups",
        "location": "eastus",
        "properties": {
          "provisioningState": "Succeeded"
        }
      }
    },
    {
      "RequestUri": "https://management.azure.com/subscriptions/db1ab6f0-4769-4b27-930e-01e2ef9c123c/resourceGroups/SecurityCenterRG5150/providers/Microsoft.Network/networkSecurityGroups/nsg504?api-version=**",
      "RequestMethod": "PUT",
      "RequestHeaders": {
        "Accept": "application/json",
        "Authorization": "Sanitized",
        "Content-Length": "37",
        "Content-Type": "application/json",
        "traceparent": "00-50bc91032d5b4146898af62484eb4331-30c6329ed1ac8d4f-00",
        "User-Agent": "azsdk-net-ResourceManager.Network/1.0.1 (.NET Core 3.1.30; Microsoft Windows 10.0.22621)",
        "x-ms-client-request-id": "daa172e1b8051edee2c2c3687a25505e",
        "x-ms-return-client-request-id": "true"
      },
      "RequestBody": {
        "location": "eastus",
        "properties": {}
      },
      "StatusCode": 201,
      "ResponseHeaders": {
        "Azure-AsyncNotification": "Enabled",
        "Azure-AsyncOperation": "https://management.azure.com/subscriptions/db1ab6f0-4769-4b27-930e-01e2ef9c123c/providers/Microsoft.Network/locations/eastus/operations/bf2562c5-3375-415f-bc23-e3568b7692e2?api-version=**",
        "Cache-Control": "no-cache",
        "Content-Length": "6564",
        "Content-Type": "application/json; charset=utf-8",
        "Date": "Thu, 13 Oct 2022 02:58:45 GMT",
        "Expires": "-1",
        "Pragma": "no-cache",
        "Retry-After": "3",
        "Server": [
          "Microsoft-HTTPAPI/2.0",
          "Microsoft-HTTPAPI/2.0"
        ],
        "Strict-Transport-Security": "max-age=31536000; includeSubDomains",
        "X-Content-Type-Options": "nosniff",
        "x-ms-arm-service-request-id": "6b753858-cfc9-4987-8d86-db8b3e9a3005",
        "x-ms-client-request-id": "daa172e1b8051edee2c2c3687a25505e",
        "x-ms-correlation-request-id": "1455a547-bca8-44eb-8dc7-4013f7ac1538",
        "x-ms-ratelimit-remaining-subscription-writes": "1198",
        "x-ms-request-id": "bf2562c5-3375-415f-bc23-e3568b7692e2",
        "x-ms-routing-request-id": "SOUTHEASTASIA:20221013T025846Z:1455a547-bca8-44eb-8dc7-4013f7ac1538"
      },
      "ResponseBody": {
        "name": "nsg504",
        "id": "/subscriptions/db1ab6f0-4769-4b27-930e-01e2ef9c123c/resourceGroups/SecurityCenterRG5150/providers/Microsoft.Network/networkSecurityGroups/nsg504",
        "etag": "W/\u0022c5ca11cd-3285-41d5-8334-f9dc57010758\u0022",
        "type": "Microsoft.Network/networkSecurityGroups",
        "location": "eastus",
        "properties": {
          "provisioningState": "Updating",
          "resourceGuid": "02dc5413-656f-4c01-bdd7-0e1cc0054d1a",
          "securityRules": [],
          "defaultSecurityRules": [
            {
              "name": "AllowVnetInBound",
              "id": "/subscriptions/db1ab6f0-4769-4b27-930e-01e2ef9c123c/resourceGroups/SecurityCenterRG5150/providers/Microsoft.Network/networkSecurityGroups/nsg504/defaultSecurityRules/AllowVnetInBound",
              "etag": "W/\u0022c5ca11cd-3285-41d5-8334-f9dc57010758\u0022",
              "type": "Microsoft.Network/networkSecurityGroups/defaultSecurityRules",
              "properties": {
                "provisioningState": "Updating",
                "description": "Allow inbound traffic from all VMs in VNET",
                "protocol": "*",
                "sourcePortRange": "*",
                "destinationPortRange": "*",
                "sourceAddressPrefix": "VirtualNetwork",
                "destinationAddressPrefix": "VirtualNetwork",
                "access": "Allow",
                "priority": 65000,
                "direction": "Inbound",
                "sourcePortRanges": [],
                "destinationPortRanges": [],
                "sourceAddressPrefixes": [],
                "destinationAddressPrefixes": []
              }
            },
            {
              "name": "AllowAzureLoadBalancerInBound",
              "id": "/subscriptions/db1ab6f0-4769-4b27-930e-01e2ef9c123c/resourceGroups/SecurityCenterRG5150/providers/Microsoft.Network/networkSecurityGroups/nsg504/defaultSecurityRules/AllowAzureLoadBalancerInBound",
              "etag": "W/\u0022c5ca11cd-3285-41d5-8334-f9dc57010758\u0022",
              "type": "Microsoft.Network/networkSecurityGroups/defaultSecurityRules",
              "properties": {
                "provisioningState": "Updating",
                "description": "Allow inbound traffic from azure load balancer",
                "protocol": "*",
                "sourcePortRange": "*",
                "destinationPortRange": "*",
                "sourceAddressPrefix": "AzureLoadBalancer",
                "destinationAddressPrefix": "*",
                "access": "Allow",
                "priority": 65001,
                "direction": "Inbound",
                "sourcePortRanges": [],
                "destinationPortRanges": [],
                "sourceAddressPrefixes": [],
                "destinationAddressPrefixes": []
              }
            },
            {
              "name": "DenyAllInBound",
              "id": "/subscriptions/db1ab6f0-4769-4b27-930e-01e2ef9c123c/resourceGroups/SecurityCenterRG5150/providers/Microsoft.Network/networkSecurityGroups/nsg504/defaultSecurityRules/DenyAllInBound",
              "etag": "W/\u0022c5ca11cd-3285-41d5-8334-f9dc57010758\u0022",
              "type": "Microsoft.Network/networkSecurityGroups/defaultSecurityRules",
              "properties": {
                "provisioningState": "Updating",
                "description": "Deny all inbound traffic",
                "protocol": "*",
                "sourcePortRange": "*",
                "destinationPortRange": "*",
                "sourceAddressPrefix": "*",
                "destinationAddressPrefix": "*",
                "access": "Deny",
                "priority": 65500,
                "direction": "Inbound",
                "sourcePortRanges": [],
                "destinationPortRanges": [],
                "sourceAddressPrefixes": [],
                "destinationAddressPrefixes": []
              }
            },
            {
              "name": "AllowVnetOutBound",
              "id": "/subscriptions/db1ab6f0-4769-4b27-930e-01e2ef9c123c/resourceGroups/SecurityCenterRG5150/providers/Microsoft.Network/networkSecurityGroups/nsg504/defaultSecurityRules/AllowVnetOutBound",
              "etag": "W/\u0022c5ca11cd-3285-41d5-8334-f9dc57010758\u0022",
              "type": "Microsoft.Network/networkSecurityGroups/defaultSecurityRules",
              "properties": {
                "provisioningState": "Updating",
                "description": "Allow outbound traffic from all VMs to all VMs in VNET",
                "protocol": "*",
                "sourcePortRange": "*",
                "destinationPortRange": "*",
                "sourceAddressPrefix": "VirtualNetwork",
                "destinationAddressPrefix": "VirtualNetwork",
                "access": "Allow",
                "priority": 65000,
                "direction": "Outbound",
                "sourcePortRanges": [],
                "destinationPortRanges": [],
                "sourceAddressPrefixes": [],
                "destinationAddressPrefixes": []
              }
            },
            {
              "name": "AllowInternetOutBound",
              "id": "/subscriptions/db1ab6f0-4769-4b27-930e-01e2ef9c123c/resourceGroups/SecurityCenterRG5150/providers/Microsoft.Network/networkSecurityGroups/nsg504/defaultSecurityRules/AllowInternetOutBound",
              "etag": "W/\u0022c5ca11cd-3285-41d5-8334-f9dc57010758\u0022",
              "type": "Microsoft.Network/networkSecurityGroups/defaultSecurityRules",
              "properties": {
                "provisioningState": "Updating",
                "description": "Allow outbound traffic from all VMs to Internet",
                "protocol": "*",
                "sourcePortRange": "*",
                "destinationPortRange": "*",
                "sourceAddressPrefix": "*",
                "destinationAddressPrefix": "Internet",
                "access": "Allow",
                "priority": 65001,
                "direction": "Outbound",
                "sourcePortRanges": [],
                "destinationPortRanges": [],
                "sourceAddressPrefixes": [],
                "destinationAddressPrefixes": []
              }
            },
            {
              "name": "DenyAllOutBound",
              "id": "/subscriptions/db1ab6f0-4769-4b27-930e-01e2ef9c123c/resourceGroups/SecurityCenterRG5150/providers/Microsoft.Network/networkSecurityGroups/nsg504/defaultSecurityRules/DenyAllOutBound",
              "etag": "W/\u0022c5ca11cd-3285-41d5-8334-f9dc57010758\u0022",
              "type": "Microsoft.Network/networkSecurityGroups/defaultSecurityRules",
              "properties": {
                "provisioningState": "Updating",
                "description": "Deny all outbound traffic",
                "protocol": "*",
                "sourcePortRange": "*",
                "destinationPortRange": "*",
                "sourceAddressPrefix": "*",
                "destinationAddressPrefix": "*",
                "access": "Deny",
                "priority": 65500,
                "direction": "Outbound",
                "sourcePortRanges": [],
                "destinationPortRanges": [],
                "sourceAddressPrefixes": [],
                "destinationAddressPrefixes": []
              }
            }
          ]
        }
      }
    },
    {
      "RequestUri": "https://management.azure.com/subscriptions/db1ab6f0-4769-4b27-930e-01e2ef9c123c/providers/Microsoft.Network/locations/eastus/operations/bf2562c5-3375-415f-bc23-e3568b7692e2?api-version=**",
      "RequestMethod": "GET",
      "RequestHeaders": {
        "Authorization": "Sanitized",
        "traceparent": "00-50bc91032d5b4146898af62484eb4331-47ac1fa5f46b2141-00",
        "User-Agent": "azsdk-net-ResourceManager/1.3.1 (.NET Core 3.1.30; Microsoft Windows 10.0.22621)",
        "x-ms-client-request-id": "73a99da4f069700e377476ede21c1587",
        "x-ms-return-client-request-id": "true"
      },
      "RequestBody": null,
      "StatusCode": 200,
      "ResponseHeaders": {
        "Cache-Control": "no-cache",
        "Content-Length": "29",
        "Content-Type": "application/json; charset=utf-8",
        "Date": "Thu, 13 Oct 2022 02:58:46 GMT",
        "Expires": "-1",
        "Pragma": "no-cache",
        "Server": [
          "Microsoft-HTTPAPI/2.0",
          "Microsoft-HTTPAPI/2.0"
        ],
        "Strict-Transport-Security": "max-age=31536000; includeSubDomains",
        "X-Content-Type-Options": "nosniff",
        "x-ms-arm-service-request-id": "45f4f843-bb7b-4211-9f4c-d24abfea1014",
        "x-ms-client-request-id": "73a99da4f069700e377476ede21c1587",
        "x-ms-correlation-request-id": "c566ccfa-0995-480e-bda7-b684746604ee",
        "x-ms-ratelimit-remaining-subscription-reads": "11998",
        "x-ms-request-id": "ce9dc95c-5929-46a7-86c9-284fa79312ad",
        "x-ms-routing-request-id": "SOUTHEASTASIA:20221013T025847Z:c566ccfa-0995-480e-bda7-b684746604ee"
      },
      "ResponseBody": {
        "status": "Succeeded"
      }
    },
    {
      "RequestUri": "https://management.azure.com/subscriptions/db1ab6f0-4769-4b27-930e-01e2ef9c123c/resourceGroups/SecurityCenterRG5150/providers/Microsoft.Network/networkSecurityGroups/nsg504?api-version=**",
      "RequestMethod": "GET",
      "RequestHeaders": {
        "Authorization": "Sanitized",
        "traceparent": "00-50bc91032d5b4146898af62484eb4331-46eea426a8a95648-00",
        "User-Agent": "azsdk-net-ResourceManager/1.3.1 (.NET Core 3.1.30; Microsoft Windows 10.0.22621)",
        "x-ms-client-request-id": "0f0266300df049233614349e0fd060ed",
        "x-ms-return-client-request-id": "true"
      },
      "RequestBody": null,
      "StatusCode": 200,
      "ResponseHeaders": {
        "Cache-Control": "no-cache",
        "Content-Length": "6571",
        "Content-Type": "application/json; charset=utf-8",
        "Date": "Thu, 13 Oct 2022 02:58:47 GMT",
        "ETag": "W/\u002245dc432d-5929-468b-a6e8-1ddf43079198\u0022",
        "Expires": "-1",
        "Pragma": "no-cache",
        "Server": [
          "Microsoft-HTTPAPI/2.0",
          "Microsoft-HTTPAPI/2.0"
        ],
        "Strict-Transport-Security": "max-age=31536000; includeSubDomains",
        "X-Content-Type-Options": "nosniff",
        "x-ms-arm-service-request-id": "ce13c85d-6e7a-41a4-aa9f-c5d71b272d2a",
        "x-ms-client-request-id": "0f0266300df049233614349e0fd060ed",
        "x-ms-correlation-request-id": "a6d718d1-cc40-4596-9b58-4d30d16d20cd",
        "x-ms-ratelimit-remaining-subscription-reads": "11997",
        "x-ms-request-id": "58933230-39f7-4654-80c8-93f4109a579a",
        "x-ms-routing-request-id": "SOUTHEASTASIA:20221013T025847Z:a6d718d1-cc40-4596-9b58-4d30d16d20cd"
      },
      "ResponseBody": {
        "name": "nsg504",
        "id": "/subscriptions/db1ab6f0-4769-4b27-930e-01e2ef9c123c/resourceGroups/SecurityCenterRG5150/providers/Microsoft.Network/networkSecurityGroups/nsg504",
        "etag": "W/\u002245dc432d-5929-468b-a6e8-1ddf43079198\u0022",
        "type": "Microsoft.Network/networkSecurityGroups",
        "location": "eastus",
        "properties": {
          "provisioningState": "Succeeded",
          "resourceGuid": "02dc5413-656f-4c01-bdd7-0e1cc0054d1a",
          "securityRules": [],
          "defaultSecurityRules": [
            {
              "name": "AllowVnetInBound",
              "id": "/subscriptions/db1ab6f0-4769-4b27-930e-01e2ef9c123c/resourceGroups/SecurityCenterRG5150/providers/Microsoft.Network/networkSecurityGroups/nsg504/defaultSecurityRules/AllowVnetInBound",
              "etag": "W/\u002245dc432d-5929-468b-a6e8-1ddf43079198\u0022",
              "type": "Microsoft.Network/networkSecurityGroups/defaultSecurityRules",
              "properties": {
                "provisioningState": "Succeeded",
                "description": "Allow inbound traffic from all VMs in VNET",
                "protocol": "*",
                "sourcePortRange": "*",
                "destinationPortRange": "*",
                "sourceAddressPrefix": "VirtualNetwork",
                "destinationAddressPrefix": "VirtualNetwork",
                "access": "Allow",
                "priority": 65000,
                "direction": "Inbound",
                "sourcePortRanges": [],
                "destinationPortRanges": [],
                "sourceAddressPrefixes": [],
                "destinationAddressPrefixes": []
              }
            },
            {
              "name": "AllowAzureLoadBalancerInBound",
              "id": "/subscriptions/db1ab6f0-4769-4b27-930e-01e2ef9c123c/resourceGroups/SecurityCenterRG5150/providers/Microsoft.Network/networkSecurityGroups/nsg504/defaultSecurityRules/AllowAzureLoadBalancerInBound",
              "etag": "W/\u002245dc432d-5929-468b-a6e8-1ddf43079198\u0022",
              "type": "Microsoft.Network/networkSecurityGroups/defaultSecurityRules",
              "properties": {
                "provisioningState": "Succeeded",
                "description": "Allow inbound traffic from azure load balancer",
                "protocol": "*",
                "sourcePortRange": "*",
                "destinationPortRange": "*",
                "sourceAddressPrefix": "AzureLoadBalancer",
                "destinationAddressPrefix": "*",
                "access": "Allow",
                "priority": 65001,
                "direction": "Inbound",
                "sourcePortRanges": [],
                "destinationPortRanges": [],
                "sourceAddressPrefixes": [],
                "destinationAddressPrefixes": []
              }
            },
            {
              "name": "DenyAllInBound",
              "id": "/subscriptions/db1ab6f0-4769-4b27-930e-01e2ef9c123c/resourceGroups/SecurityCenterRG5150/providers/Microsoft.Network/networkSecurityGroups/nsg504/defaultSecurityRules/DenyAllInBound",
              "etag": "W/\u002245dc432d-5929-468b-a6e8-1ddf43079198\u0022",
              "type": "Microsoft.Network/networkSecurityGroups/defaultSecurityRules",
              "properties": {
                "provisioningState": "Succeeded",
                "description": "Deny all inbound traffic",
                "protocol": "*",
                "sourcePortRange": "*",
                "destinationPortRange": "*",
                "sourceAddressPrefix": "*",
                "destinationAddressPrefix": "*",
                "access": "Deny",
                "priority": 65500,
                "direction": "Inbound",
                "sourcePortRanges": [],
                "destinationPortRanges": [],
                "sourceAddressPrefixes": [],
                "destinationAddressPrefixes": []
              }
            },
            {
              "name": "AllowVnetOutBound",
              "id": "/subscriptions/db1ab6f0-4769-4b27-930e-01e2ef9c123c/resourceGroups/SecurityCenterRG5150/providers/Microsoft.Network/networkSecurityGroups/nsg504/defaultSecurityRules/AllowVnetOutBound",
              "etag": "W/\u002245dc432d-5929-468b-a6e8-1ddf43079198\u0022",
              "type": "Microsoft.Network/networkSecurityGroups/defaultSecurityRules",
              "properties": {
                "provisioningState": "Succeeded",
                "description": "Allow outbound traffic from all VMs to all VMs in VNET",
                "protocol": "*",
                "sourcePortRange": "*",
                "destinationPortRange": "*",
                "sourceAddressPrefix": "VirtualNetwork",
                "destinationAddressPrefix": "VirtualNetwork",
                "access": "Allow",
                "priority": 65000,
                "direction": "Outbound",
                "sourcePortRanges": [],
                "destinationPortRanges": [],
                "sourceAddressPrefixes": [],
                "destinationAddressPrefixes": []
              }
            },
            {
              "name": "AllowInternetOutBound",
              "id": "/subscriptions/db1ab6f0-4769-4b27-930e-01e2ef9c123c/resourceGroups/SecurityCenterRG5150/providers/Microsoft.Network/networkSecurityGroups/nsg504/defaultSecurityRules/AllowInternetOutBound",
              "etag": "W/\u002245dc432d-5929-468b-a6e8-1ddf43079198\u0022",
              "type": "Microsoft.Network/networkSecurityGroups/defaultSecurityRules",
              "properties": {
                "provisioningState": "Succeeded",
                "description": "Allow outbound traffic from all VMs to Internet",
                "protocol": "*",
                "sourcePortRange": "*",
                "destinationPortRange": "*",
                "sourceAddressPrefix": "*",
                "destinationAddressPrefix": "Internet",
                "access": "Allow",
                "priority": 65001,
                "direction": "Outbound",
                "sourcePortRanges": [],
                "destinationPortRanges": [],
                "sourceAddressPrefixes": [],
                "destinationAddressPrefixes": []
              }
            },
            {
              "name": "DenyAllOutBound",
              "id": "/subscriptions/db1ab6f0-4769-4b27-930e-01e2ef9c123c/resourceGroups/SecurityCenterRG5150/providers/Microsoft.Network/networkSecurityGroups/nsg504/defaultSecurityRules/DenyAllOutBound",
              "etag": "W/\u002245dc432d-5929-468b-a6e8-1ddf43079198\u0022",
              "type": "Microsoft.Network/networkSecurityGroups/defaultSecurityRules",
              "properties": {
                "provisioningState": "Succeeded",
                "description": "Deny all outbound traffic",
                "protocol": "*",
                "sourcePortRange": "*",
                "destinationPortRange": "*",
                "sourceAddressPrefix": "*",
                "destinationAddressPrefix": "*",
                "access": "Deny",
                "priority": 65500,
                "direction": "Outbound",
                "sourcePortRanges": [],
                "destinationPortRanges": [],
                "sourceAddressPrefixes": [],
                "destinationAddressPrefixes": []
              }
            }
          ]
        }
      }
    },
    {
      "RequestUri": "https://management.azure.com/subscriptions/db1ab6f0-4769-4b27-930e-01e2ef9c123c/resourceGroups/SecurityCenterRG5150/providers/Microsoft.Network/virtualNetworks/vnet6688?api-version=**",
      "RequestMethod": "PUT",
      "RequestHeaders": {
        "Accept": "application/json",
        "Authorization": "Sanitized",
        "Content-Length": "509",
        "Content-Type": "application/json",
        "traceparent": "00-02cad8f269670f49bf51b4b30b39b20e-9be64b96421b7249-00",
        "User-Agent": "azsdk-net-ResourceManager.Network/1.0.1 (.NET Core 3.1.30; Microsoft Windows 10.0.22621)",
        "x-ms-client-request-id": "7cddc3a1f4ddb7e0c9bb49224eaa8952",
        "x-ms-return-client-request-id": "true"
      },
      "RequestBody": {
        "location": "eastus",
        "properties": {
          "addressSpace": {
            "addressPrefixes": [
              "10.10.0.0/16"
            ]
          },
          "subnets": [
            {
              "name": "subnet1",
              "properties": {
                "addressPrefix": "10.10.1.0/24",
                "networkSecurityGroup": {
                  "id": "/subscriptions/db1ab6f0-4769-4b27-930e-01e2ef9c123c/resourceGroups/SecurityCenterRG5150/providers/Microsoft.Network/networkSecurityGroups/nsg504",
                  "location": "eastus",
                  "properties": {
                    "securityRules": []
                  }
                },
                "privateLinkServiceNetworkPolicies": "Disabled"
              }
            },
            {
              "name": "subnet2",
              "properties": {
                "addressPrefix": "10.10.2.0/24"
              }
            }
          ]
        }
      },
      "StatusCode": 201,
      "ResponseHeaders": {
        "Azure-AsyncNotification": "Enabled",
        "Azure-AsyncOperation": "https://management.azure.com/subscriptions/db1ab6f0-4769-4b27-930e-01e2ef9c123c/providers/Microsoft.Network/locations/eastus/operations/d27b21ef-88f0-4cb4-ad10-dbddc7d587d8?api-version=**",
        "Cache-Control": "no-cache",
        "Content-Length": "2071",
        "Content-Type": "application/json; charset=utf-8",
        "Date": "Thu, 13 Oct 2022 02:58:50 GMT",
        "Expires": "-1",
        "Pragma": "no-cache",
        "Retry-After": "3",
        "Server": [
          "Microsoft-HTTPAPI/2.0",
          "Microsoft-HTTPAPI/2.0"
        ],
        "Strict-Transport-Security": "max-age=31536000; includeSubDomains",
        "X-Content-Type-Options": "nosniff",
        "x-ms-arm-service-request-id": "e406463d-8391-4863-b9c9-79f3300d0068",
        "x-ms-client-request-id": "7cddc3a1f4ddb7e0c9bb49224eaa8952",
        "x-ms-correlation-request-id": "6b30f036-4126-43bb-b894-6b1999a03927",
        "x-ms-ratelimit-remaining-subscription-writes": "1197",
        "x-ms-request-id": "d27b21ef-88f0-4cb4-ad10-dbddc7d587d8",
        "x-ms-routing-request-id": "SOUTHEASTASIA:20221013T025850Z:6b30f036-4126-43bb-b894-6b1999a03927"
      },
      "ResponseBody": {
        "name": "vnet6688",
        "id": "/subscriptions/db1ab6f0-4769-4b27-930e-01e2ef9c123c/resourceGroups/SecurityCenterRG5150/providers/Microsoft.Network/virtualNetworks/vnet6688",
        "etag": "W/\u00228b059b8a-0b65-44b6-b3b1-5f82f935770b\u0022",
        "type": "Microsoft.Network/virtualNetworks",
        "location": "eastus",
        "properties": {
          "provisioningState": "Updating",
          "resourceGuid": "bfa7f508-a080-48b6-ac0c-e46f041079b5",
          "addressSpace": {
            "addressPrefixes": [
              "10.10.0.0/16"
            ]
          },
          "subnets": [
            {
              "name": "subnet1",
              "id": "/subscriptions/db1ab6f0-4769-4b27-930e-01e2ef9c123c/resourceGroups/SecurityCenterRG5150/providers/Microsoft.Network/virtualNetworks/vnet6688/subnets/subnet1",
              "etag": "W/\u00228b059b8a-0b65-44b6-b3b1-5f82f935770b\u0022",
              "properties": {
                "provisioningState": "Updating",
                "addressPrefix": "10.10.1.0/24",
                "networkSecurityGroup": {
                  "id": "/subscriptions/db1ab6f0-4769-4b27-930e-01e2ef9c123c/resourceGroups/SecurityCenterRG5150/providers/Microsoft.Network/networkSecurityGroups/nsg504"
                },
                "delegations": [],
                "privateEndpointNetworkPolicies": "Disabled",
                "privateLinkServiceNetworkPolicies": "Disabled"
              },
              "type": "Microsoft.Network/virtualNetworks/subnets"
            },
            {
              "name": "subnet2",
              "id": "/subscriptions/db1ab6f0-4769-4b27-930e-01e2ef9c123c/resourceGroups/SecurityCenterRG5150/providers/Microsoft.Network/virtualNetworks/vnet6688/subnets/subnet2",
              "etag": "W/\u00228b059b8a-0b65-44b6-b3b1-5f82f935770b\u0022",
              "properties": {
                "provisioningState": "Updating",
                "addressPrefix": "10.10.2.0/24",
                "delegations": [],
                "privateEndpointNetworkPolicies": "Disabled",
                "privateLinkServiceNetworkPolicies": "Enabled"
              },
              "type": "Microsoft.Network/virtualNetworks/subnets"
            }
          ],
          "virtualNetworkPeerings": [],
          "enableDdosProtection": false
        }
      }
    },
    {
      "RequestUri": "https://management.azure.com/subscriptions/db1ab6f0-4769-4b27-930e-01e2ef9c123c/providers/Microsoft.Network/locations/eastus/operations/d27b21ef-88f0-4cb4-ad10-dbddc7d587d8?api-version=**",
      "RequestMethod": "GET",
      "RequestHeaders": {
        "Authorization": "Sanitized",
        "traceparent": "00-02cad8f269670f49bf51b4b30b39b20e-425fd917f2ebcd45-00",
        "User-Agent": "azsdk-net-ResourceManager/1.3.1 (.NET Core 3.1.30; Microsoft Windows 10.0.22621)",
        "x-ms-client-request-id": "584064880b37715321582751d926e76a",
        "x-ms-return-client-request-id": "true"
      },
      "RequestBody": null,
      "StatusCode": 200,
      "ResponseHeaders": {
        "Cache-Control": "no-cache",
        "Content-Length": "29",
        "Content-Type": "application/json; charset=utf-8",
        "Date": "Thu, 13 Oct 2022 02:58:51 GMT",
        "Expires": "-1",
        "Pragma": "no-cache",
        "Server": [
          "Microsoft-HTTPAPI/2.0",
          "Microsoft-HTTPAPI/2.0"
        ],
        "Strict-Transport-Security": "max-age=31536000; includeSubDomains",
        "X-Content-Type-Options": "nosniff",
        "x-ms-arm-service-request-id": "9e4aa977-d6f7-4cd0-9de6-7dcb007f0e10",
        "x-ms-client-request-id": "584064880b37715321582751d926e76a",
        "x-ms-correlation-request-id": "cdd1bf54-0cbb-4333-abcd-996999d0db6f",
        "x-ms-ratelimit-remaining-subscription-reads": "11996",
        "x-ms-request-id": "64318a17-f90f-4067-b3d2-7b1e48959ac8",
        "x-ms-routing-request-id": "SOUTHEASTASIA:20221013T025851Z:cdd1bf54-0cbb-4333-abcd-996999d0db6f"
      },
      "ResponseBody": {
        "status": "Succeeded"
      }
    },
    {
      "RequestUri": "https://management.azure.com/subscriptions/db1ab6f0-4769-4b27-930e-01e2ef9c123c/resourceGroups/SecurityCenterRG5150/providers/Microsoft.Network/virtualNetworks/vnet6688?api-version=**",
      "RequestMethod": "GET",
      "RequestHeaders": {
        "Authorization": "Sanitized",
        "traceparent": "00-02cad8f269670f49bf51b4b30b39b20e-50ac75bcf0951c4a-00",
        "User-Agent": "azsdk-net-ResourceManager/1.3.1 (.NET Core 3.1.30; Microsoft Windows 10.0.22621)",
        "x-ms-client-request-id": "f1ef4babfa0a715e2c631c9f9f244668",
        "x-ms-return-client-request-id": "true"
      },
      "RequestBody": null,
      "StatusCode": 200,
      "ResponseHeaders": {
        "Cache-Control": "no-cache",
        "Content-Length": "2074",
        "Content-Type": "application/json; charset=utf-8",
        "Date": "Thu, 13 Oct 2022 02:58:52 GMT",
        "ETag": "W/\u00226a9875cf-1003-4ae4-b948-02c82f424f10\u0022",
        "Expires": "-1",
        "Pragma": "no-cache",
        "Server": [
          "Microsoft-HTTPAPI/2.0",
          "Microsoft-HTTPAPI/2.0"
        ],
        "Strict-Transport-Security": "max-age=31536000; includeSubDomains",
        "X-Content-Type-Options": "nosniff",
        "x-ms-arm-service-request-id": "ec488810-353e-48a7-bbe1-b939659d9875",
        "x-ms-client-request-id": "f1ef4babfa0a715e2c631c9f9f244668",
        "x-ms-correlation-request-id": "6e5768c8-deef-474d-a30b-da7ee6a032b4",
        "x-ms-ratelimit-remaining-subscription-reads": "11995",
        "x-ms-request-id": "d1ea1b91-83b2-46a0-9183-f97667be9683",
        "x-ms-routing-request-id": "SOUTHEASTASIA:20221013T025852Z:6e5768c8-deef-474d-a30b-da7ee6a032b4"
      },
      "ResponseBody": {
        "name": "vnet6688",
        "id": "/subscriptions/db1ab6f0-4769-4b27-930e-01e2ef9c123c/resourceGroups/SecurityCenterRG5150/providers/Microsoft.Network/virtualNetworks/vnet6688",
        "etag": "W/\u00226a9875cf-1003-4ae4-b948-02c82f424f10\u0022",
        "type": "Microsoft.Network/virtualNetworks",
        "location": "eastus",
        "properties": {
          "provisioningState": "Succeeded",
          "resourceGuid": "bfa7f508-a080-48b6-ac0c-e46f041079b5",
          "addressSpace": {
            "addressPrefixes": [
              "10.10.0.0/16"
            ]
          },
          "subnets": [
            {
              "name": "subnet1",
              "id": "/subscriptions/db1ab6f0-4769-4b27-930e-01e2ef9c123c/resourceGroups/SecurityCenterRG5150/providers/Microsoft.Network/virtualNetworks/vnet6688/subnets/subnet1",
              "etag": "W/\u00226a9875cf-1003-4ae4-b948-02c82f424f10\u0022",
              "properties": {
                "provisioningState": "Succeeded",
                "addressPrefix": "10.10.1.0/24",
                "networkSecurityGroup": {
                  "id": "/subscriptions/db1ab6f0-4769-4b27-930e-01e2ef9c123c/resourceGroups/SecurityCenterRG5150/providers/Microsoft.Network/networkSecurityGroups/nsg504"
                },
                "delegations": [],
                "privateEndpointNetworkPolicies": "Disabled",
                "privateLinkServiceNetworkPolicies": "Disabled"
              },
              "type": "Microsoft.Network/virtualNetworks/subnets"
            },
            {
              "name": "subnet2",
              "id": "/subscriptions/db1ab6f0-4769-4b27-930e-01e2ef9c123c/resourceGroups/SecurityCenterRG5150/providers/Microsoft.Network/virtualNetworks/vnet6688/subnets/subnet2",
              "etag": "W/\u00226a9875cf-1003-4ae4-b948-02c82f424f10\u0022",
              "properties": {
                "provisioningState": "Succeeded",
                "addressPrefix": "10.10.2.0/24",
                "delegations": [],
                "privateEndpointNetworkPolicies": "Disabled",
                "privateLinkServiceNetworkPolicies": "Enabled"
              },
              "type": "Microsoft.Network/virtualNetworks/subnets"
            }
          ],
          "virtualNetworkPeerings": [],
          "enableDdosProtection": false
        }
      }
    },
    {
      "RequestUri": "https://management.azure.com/subscriptions/db1ab6f0-4769-4b27-930e-01e2ef9c123c/resourceGroups/SecurityCenterRG5150/providers/Microsoft.Network/publicIPAddresses/publicIP5558?api-version=**",
      "RequestMethod": "PUT",
      "RequestHeaders": {
        "Accept": "application/json",
        "Authorization": "Sanitized",
        "Content-Length": "73",
        "Content-Type": "application/json",
        "traceparent": "00-13041d4fe32f5c439e59b57c81287dd4-16fdf5650048ab41-00",
        "User-Agent": "azsdk-net-ResourceManager.Network/1.0.1 (.NET Core 3.1.30; Microsoft Windows 10.0.22621)",
        "x-ms-client-request-id": "306ae999151ae58bd0d20845a03956ea",
        "x-ms-return-client-request-id": "true"
      },
      "RequestBody": {
        "location": "eastus",
        "properties": {
          "publicIPAllocationMethod": "Dynamic"
        }
      },
      "StatusCode": 201,
      "ResponseHeaders": {
        "Azure-AsyncNotification": "Enabled",
        "Azure-AsyncOperation": "https://management.azure.com/subscriptions/db1ab6f0-4769-4b27-930e-01e2ef9c123c/providers/Microsoft.Network/locations/eastus/operations/5ffbad16-c81e-4dd2-bf2b-febd7e2e39cb?api-version=**",
        "Cache-Control": "no-cache",
        "Content-Length": "642",
        "Content-Type": "application/json; charset=utf-8",
        "Date": "Thu, 13 Oct 2022 02:58:55 GMT",
        "Expires": "-1",
        "Pragma": "no-cache",
        "Retry-After": "1",
        "Server": [
          "Microsoft-HTTPAPI/2.0",
          "Microsoft-HTTPAPI/2.0"
        ],
        "Strict-Transport-Security": "max-age=31536000; includeSubDomains",
        "X-Content-Type-Options": "nosniff",
        "x-ms-arm-service-request-id": "a7e69ae7-4c0c-4f66-bbd6-d3156f9f67ef",
        "x-ms-client-request-id": "306ae999151ae58bd0d20845a03956ea",
        "x-ms-correlation-request-id": "3459b938-0593-40f9-8044-9e464d4b6544",
        "x-ms-ratelimit-remaining-subscription-writes": "1196",
        "x-ms-request-id": "5ffbad16-c81e-4dd2-bf2b-febd7e2e39cb",
        "x-ms-routing-request-id": "SOUTHEASTASIA:20221013T025856Z:3459b938-0593-40f9-8044-9e464d4b6544"
      },
      "ResponseBody": {
        "name": "publicIP5558",
        "id": "/subscriptions/db1ab6f0-4769-4b27-930e-01e2ef9c123c/resourceGroups/SecurityCenterRG5150/providers/Microsoft.Network/publicIPAddresses/publicIP5558",
        "etag": "W/\u0022fcd3c2d2-6ad3-4f27-857c-c8f174afec53\u0022",
        "location": "eastus",
        "properties": {
          "provisioningState": "Updating",
          "resourceGuid": "7a8f1bb2-5bc8-4aa0-b825-094e355ea2ce",
          "publicIPAddressVersion": "IPv4",
          "publicIPAllocationMethod": "Dynamic",
          "idleTimeoutInMinutes": 4,
          "ipTags": []
        },
        "type": "Microsoft.Network/publicIPAddresses",
        "sku": {
          "name": "Basic",
          "tier": "Regional"
        }
      }
    },
    {
      "RequestUri": "https://management.azure.com/subscriptions/db1ab6f0-4769-4b27-930e-01e2ef9c123c/providers/Microsoft.Network/locations/eastus/operations/5ffbad16-c81e-4dd2-bf2b-febd7e2e39cb?api-version=**",
      "RequestMethod": "GET",
      "RequestHeaders": {
        "Authorization": "Sanitized",
        "traceparent": "00-13041d4fe32f5c439e59b57c81287dd4-23bb19ecbcae1546-00",
        "User-Agent": "azsdk-net-ResourceManager/1.3.1 (.NET Core 3.1.30; Microsoft Windows 10.0.22621)",
        "x-ms-client-request-id": "fd8da2fd7bffd9306625298c69e6c2e3",
        "x-ms-return-client-request-id": "true"
      },
      "RequestBody": null,
      "StatusCode": 200,
      "ResponseHeaders": {
        "Cache-Control": "no-cache",
        "Content-Length": "29",
        "Content-Type": "application/json; charset=utf-8",
        "Date": "Thu, 13 Oct 2022 02:58:56 GMT",
        "Expires": "-1",
        "Pragma": "no-cache",
        "Server": [
          "Microsoft-HTTPAPI/2.0",
          "Microsoft-HTTPAPI/2.0"
        ],
        "Strict-Transport-Security": "max-age=31536000; includeSubDomains",
        "X-Content-Type-Options": "nosniff",
        "x-ms-arm-service-request-id": "630c6fd1-3e85-4747-ab0e-ec16a72b16a9",
        "x-ms-client-request-id": "fd8da2fd7bffd9306625298c69e6c2e3",
        "x-ms-correlation-request-id": "6abd570c-7d15-4801-b096-ba582cb7ff50",
        "x-ms-ratelimit-remaining-subscription-reads": "11994",
        "x-ms-request-id": "3a9f1abd-1568-4990-9681-0fc49e4e75c9",
        "x-ms-routing-request-id": "SOUTHEASTASIA:20221013T025856Z:6abd570c-7d15-4801-b096-ba582cb7ff50"
      },
      "ResponseBody": {
        "status": "Succeeded"
      }
    },
    {
      "RequestUri": "https://management.azure.com/subscriptions/db1ab6f0-4769-4b27-930e-01e2ef9c123c/resourceGroups/SecurityCenterRG5150/providers/Microsoft.Network/publicIPAddresses/publicIP5558?api-version=**",
      "RequestMethod": "GET",
      "RequestHeaders": {
        "Authorization": "Sanitized",
        "traceparent": "00-13041d4fe32f5c439e59b57c81287dd4-53da02f16cef3648-00",
        "User-Agent": "azsdk-net-ResourceManager/1.3.1 (.NET Core 3.1.30; Microsoft Windows 10.0.22621)",
        "x-ms-client-request-id": "2113b448def70b2de39b044626d712d3",
        "x-ms-return-client-request-id": "true"
      },
      "RequestBody": null,
      "StatusCode": 200,
      "ResponseHeaders": {
        "Cache-Control": "no-cache",
        "Content-Length": "643",
        "Content-Type": "application/json; charset=utf-8",
        "Date": "Thu, 13 Oct 2022 02:58:56 GMT",
        "ETag": "W/\u00220201aec8-bfba-429b-b904-8610e3489be3\u0022",
        "Expires": "-1",
        "Pragma": "no-cache",
        "Server": [
          "Microsoft-HTTPAPI/2.0",
          "Microsoft-HTTPAPI/2.0"
        ],
        "Strict-Transport-Security": "max-age=31536000; includeSubDomains",
        "X-Content-Type-Options": "nosniff",
        "x-ms-arm-service-request-id": "285a9c52-375c-40c3-945b-2cd3f9cb0bb7",
        "x-ms-client-request-id": "2113b448def70b2de39b044626d712d3",
        "x-ms-correlation-request-id": "69ea2eb5-b515-4002-9be6-3144a5317417",
        "x-ms-ratelimit-remaining-subscription-reads": "11993",
        "x-ms-request-id": "8db9407b-d155-4291-8cea-5c1a7b195148",
        "x-ms-routing-request-id": "SOUTHEASTASIA:20221013T025857Z:69ea2eb5-b515-4002-9be6-3144a5317417"
      },
      "ResponseBody": {
        "name": "publicIP5558",
        "id": "/subscriptions/db1ab6f0-4769-4b27-930e-01e2ef9c123c/resourceGroups/SecurityCenterRG5150/providers/Microsoft.Network/publicIPAddresses/publicIP5558",
        "etag": "W/\u00220201aec8-bfba-429b-b904-8610e3489be3\u0022",
        "location": "eastus",
        "properties": {
          "provisioningState": "Succeeded",
          "resourceGuid": "7a8f1bb2-5bc8-4aa0-b825-094e355ea2ce",
          "publicIPAddressVersion": "IPv4",
          "publicIPAllocationMethod": "Dynamic",
          "idleTimeoutInMinutes": 4,
          "ipTags": []
        },
        "type": "Microsoft.Network/publicIPAddresses",
        "sku": {
          "name": "Basic",
          "tier": "Regional"
        }
      }
    },
    {
      "RequestUri": "https://management.azure.com/subscriptions/db1ab6f0-4769-4b27-930e-01e2ef9c123c/resourceGroups/SecurityCenterRG5150/providers/Microsoft.Network/virtualNetworks/vnet6688/subnets?api-version=**",
      "RequestMethod": "GET",
      "RequestHeaders": {
        "Accept": "application/json",
        "Authorization": "Sanitized",
        "traceparent": "00-38a361d716dae840b1d91677a30f3c27-ff8176551768cf47-00",
        "User-Agent": "azsdk-net-ResourceManager.Network/1.0.1 (.NET Core 3.1.30; Microsoft Windows 10.0.22621)",
        "x-ms-client-request-id": "fd4749c058ab95ebf3970fe3657a6545",
        "x-ms-return-client-request-id": "true"
      },
      "RequestBody": null,
      "StatusCode": 200,
      "ResponseHeaders": {
        "Cache-Control": "no-cache",
        "Content-Length": "1417",
        "Content-Type": "application/json; charset=utf-8",
        "Date": "Thu, 13 Oct 2022 02:58:57 GMT",
        "Expires": "-1",
        "Pragma": "no-cache",
        "Server": [
          "Microsoft-HTTPAPI/2.0",
          "Microsoft-HTTPAPI/2.0"
        ],
        "Strict-Transport-Security": "max-age=31536000; includeSubDomains",
        "X-Content-Type-Options": "nosniff",
        "x-ms-arm-service-request-id": "5ea91bcd-17c6-4949-9a1e-e0ef400d4911",
        "x-ms-client-request-id": "fd4749c058ab95ebf3970fe3657a6545",
        "x-ms-correlation-request-id": "ca55f853-5437-4e03-bd90-8d8112dbaf22",
        "x-ms-ratelimit-remaining-subscription-reads": "11992",
        "x-ms-request-id": "bc40ab6b-819e-470e-ab6d-b1f8f59031ea",
        "x-ms-routing-request-id": "SOUTHEASTASIA:20221013T025857Z:ca55f853-5437-4e03-bd90-8d8112dbaf22"
      },
      "ResponseBody": {
        "value": [
          {
            "name": "subnet1",
            "id": "/subscriptions/db1ab6f0-4769-4b27-930e-01e2ef9c123c/resourceGroups/SecurityCenterRG5150/providers/Microsoft.Network/virtualNetworks/vnet6688/subnets/subnet1",
            "etag": "W/\u00226a9875cf-1003-4ae4-b948-02c82f424f10\u0022",
            "properties": {
              "provisioningState": "Succeeded",
              "addressPrefix": "10.10.1.0/24",
              "networkSecurityGroup": {
                "id": "/subscriptions/db1ab6f0-4769-4b27-930e-01e2ef9c123c/resourceGroups/SecurityCenterRG5150/providers/Microsoft.Network/networkSecurityGroups/nsg504"
              },
              "delegations": [],
              "privateEndpointNetworkPolicies": "Disabled",
              "privateLinkServiceNetworkPolicies": "Disabled"
            },
            "type": "Microsoft.Network/virtualNetworks/subnets"
          },
          {
            "name": "subnet2",
            "id": "/subscriptions/db1ab6f0-4769-4b27-930e-01e2ef9c123c/resourceGroups/SecurityCenterRG5150/providers/Microsoft.Network/virtualNetworks/vnet6688/subnets/subnet2",
            "etag": "W/\u00226a9875cf-1003-4ae4-b948-02c82f424f10\u0022",
            "properties": {
              "provisioningState": "Succeeded",
              "addressPrefix": "10.10.2.0/24",
              "delegations": [],
              "privateEndpointNetworkPolicies": "Disabled",
              "privateLinkServiceNetworkPolicies": "Enabled"
            },
            "type": "Microsoft.Network/virtualNetworks/subnets"
          }
        ]
      }
    },
    {
      "RequestUri": "https://management.azure.com/subscriptions/db1ab6f0-4769-4b27-930e-01e2ef9c123c/resourceGroups/SecurityCenterRG5150/providers/Microsoft.Network/networkInterfaces/networkInterface2691?api-version=**",
      "RequestMethod": "PUT",
      "RequestHeaders": {
        "Accept": "application/json",
        "Authorization": "Sanitized",
        "Content-Length": "515",
        "Content-Type": "application/json",
        "traceparent": "00-3c4ef122ca3c764291c71bd26af283a9-575c859e2b54f44a-00",
        "User-Agent": "azsdk-net-ResourceManager.Network/1.0.1 (.NET Core 3.1.30; Microsoft Windows 10.0.22621)",
        "x-ms-client-request-id": "ea1d6b0bc7ef751f82196376eab38f12",
        "x-ms-return-client-request-id": "true"
      },
      "RequestBody": {
        "location": "eastus",
        "properties": {
          "ipConfigurations": [
            {
              "name": "ipconfig6714",
              "properties": {
                "privateIPAllocationMethod": "Dynamic",
                "subnet": {
                  "id": "/subscriptions/db1ab6f0-4769-4b27-930e-01e2ef9c123c/resourceGroups/SecurityCenterRG5150/providers/Microsoft.Network/virtualNetworks/vnet6688/subnets/subnet1",
                  "properties": {}
                },
                "publicIPAddress": {
                  "id": "/subscriptions/db1ab6f0-4769-4b27-930e-01e2ef9c123c/resourceGroups/SecurityCenterRG5150/providers/Microsoft.Network/publicIPAddresses/publicIP5558",
                  "properties": {}
                }
              }
            }
          ]
        }
      },
      "StatusCode": 201,
      "ResponseHeaders": {
        "Azure-AsyncNotification": "Enabled",
        "Azure-AsyncOperation": "https://management.azure.com/subscriptions/db1ab6f0-4769-4b27-930e-01e2ef9c123c/providers/Microsoft.Network/locations/eastus/operations/92744c14-fa24-4af4-a2f1-2200e63ea96f?api-version=**",
        "Cache-Control": "no-cache",
        "Content-Length": "1942",
        "Content-Type": "application/json; charset=utf-8",
        "Date": "Thu, 13 Oct 2022 02:59:00 GMT",
        "Expires": "-1",
        "Pragma": "no-cache",
        "Server": [
          "Microsoft-HTTPAPI/2.0",
          "Microsoft-HTTPAPI/2.0"
        ],
        "Strict-Transport-Security": "max-age=31536000; includeSubDomains",
        "X-Content-Type-Options": "nosniff",
        "x-ms-arm-service-request-id": "4edc9a98-bd05-4fbf-b528-35ad60e88125",
        "x-ms-client-request-id": "ea1d6b0bc7ef751f82196376eab38f12",
        "x-ms-correlation-request-id": "ab3686cd-c381-439f-9f41-2b84459e7857",
        "x-ms-ratelimit-remaining-subscription-writes": "1195",
        "x-ms-request-id": "92744c14-fa24-4af4-a2f1-2200e63ea96f",
        "x-ms-routing-request-id": "SOUTHEASTASIA:20221013T025900Z:ab3686cd-c381-439f-9f41-2b84459e7857"
      },
      "ResponseBody": {
        "name": "networkInterface2691",
        "id": "/subscriptions/db1ab6f0-4769-4b27-930e-01e2ef9c123c/resourceGroups/SecurityCenterRG5150/providers/Microsoft.Network/networkInterfaces/networkInterface2691",
        "etag": "W/\u0022e50322a2-a6d5-4100-8b5e-4efaead06e98\u0022",
        "properties": {
          "provisioningState": "Succeeded",
          "resourceGuid": "cc029fe0-437c-4dd8-98e8-42ff1270380d",
          "ipConfigurations": [
            {
              "name": "ipconfig6714",
              "id": "/subscriptions/db1ab6f0-4769-4b27-930e-01e2ef9c123c/resourceGroups/SecurityCenterRG5150/providers/Microsoft.Network/networkInterfaces/networkInterface2691/ipConfigurations/ipconfig6714",
              "etag": "W/\u0022e50322a2-a6d5-4100-8b5e-4efaead06e98\u0022",
              "type": "Microsoft.Network/networkInterfaces/ipConfigurations",
              "properties": {
                "provisioningState": "Succeeded",
                "privateIPAddress": "10.10.1.4",
                "privateIPAllocationMethod": "Dynamic",
                "publicIPAddress": {
                  "id": "/subscriptions/db1ab6f0-4769-4b27-930e-01e2ef9c123c/resourceGroups/SecurityCenterRG5150/providers/Microsoft.Network/publicIPAddresses/publicIP5558"
                },
                "subnet": {
                  "id": "/subscriptions/db1ab6f0-4769-4b27-930e-01e2ef9c123c/resourceGroups/SecurityCenterRG5150/providers/Microsoft.Network/virtualNetworks/vnet6688/subnets/subnet1"
                },
                "primary": true,
                "privateIPAddressVersion": "IPv4"
              }
            }
          ],
          "dnsSettings": {
            "dnsServers": [],
            "appliedDnsServers": [],
            "internalDomainNameSuffix": "bd00pp2auc1erlam2rxqiedzwf.bx.internal.cloudapp.net"
          },
          "enableAcceleratedNetworking": false,
          "vnetEncryptionSupported": false,
          "enableIPForwarding": false,
          "hostedWorkloads": [],
          "tapConfigurations": [],
          "nicType": "Standard"
        },
        "type": "Microsoft.Network/networkInterfaces",
        "location": "eastus"
      }
    },
    {
      "RequestUri": "https://management.azure.com/subscriptions/db1ab6f0-4769-4b27-930e-01e2ef9c123c/providers/Microsoft.Network/locations/eastus/operations/92744c14-fa24-4af4-a2f1-2200e63ea96f?api-version=**",
      "RequestMethod": "GET",
      "RequestHeaders": {
        "Authorization": "Sanitized",
        "traceparent": "00-3c4ef122ca3c764291c71bd26af283a9-e713ed8cb1b86741-00",
        "User-Agent": "azsdk-net-ResourceManager/1.3.1 (.NET Core 3.1.30; Microsoft Windows 10.0.22621)",
        "x-ms-client-request-id": "6b1a35bee9f581d12888293e871e09e3",
        "x-ms-return-client-request-id": "true"
      },
      "RequestBody": null,
      "StatusCode": 200,
      "ResponseHeaders": {
        "Cache-Control": "no-cache",
        "Content-Length": "29",
        "Content-Type": "application/json; charset=utf-8",
        "Date": "Thu, 13 Oct 2022 02:59:00 GMT",
        "Expires": "-1",
        "Pragma": "no-cache",
        "Server": [
          "Microsoft-HTTPAPI/2.0",
          "Microsoft-HTTPAPI/2.0"
        ],
        "Strict-Transport-Security": "max-age=31536000; includeSubDomains",
        "X-Content-Type-Options": "nosniff",
        "x-ms-arm-service-request-id": "3e8aedb8-fb09-4ac9-b46e-2d5c44be0a54",
        "x-ms-client-request-id": "6b1a35bee9f581d12888293e871e09e3",
        "x-ms-correlation-request-id": "6f5e9a91-8951-48a8-a9df-32fa6b9ecc23",
        "x-ms-ratelimit-remaining-subscription-reads": "11991",
        "x-ms-request-id": "0328566f-33ab-4bfe-b28e-f0d415dd9469",
        "x-ms-routing-request-id": "SOUTHEASTASIA:20221013T025901Z:6f5e9a91-8951-48a8-a9df-32fa6b9ecc23"
      },
      "ResponseBody": {
        "status": "Succeeded"
      }
    },
    {
      "RequestUri": "https://management.azure.com/subscriptions/db1ab6f0-4769-4b27-930e-01e2ef9c123c/resourceGroups/SecurityCenterRG5150/providers/Microsoft.Network/networkInterfaces/networkInterface2691?api-version=**",
      "RequestMethod": "GET",
      "RequestHeaders": {
        "Authorization": "Sanitized",
        "traceparent": "00-3c4ef122ca3c764291c71bd26af283a9-3dcb93133723664d-00",
        "User-Agent": "azsdk-net-ResourceManager/1.3.1 (.NET Core 3.1.30; Microsoft Windows 10.0.22621)",
        "x-ms-client-request-id": "af0ed17fa645d44c7b546bc167502bdc",
        "x-ms-return-client-request-id": "true"
      },
      "RequestBody": null,
      "StatusCode": 200,
      "ResponseHeaders": {
        "Cache-Control": "no-cache",
        "Content-Length": "1942",
        "Content-Type": "application/json; charset=utf-8",
        "Date": "Thu, 13 Oct 2022 02:59:01 GMT",
        "ETag": "W/\u0022e50322a2-a6d5-4100-8b5e-4efaead06e98\u0022",
        "Expires": "-1",
        "Pragma": "no-cache",
        "Server": [
          "Microsoft-HTTPAPI/2.0",
          "Microsoft-HTTPAPI/2.0"
        ],
        "Strict-Transport-Security": "max-age=31536000; includeSubDomains",
        "X-Content-Type-Options": "nosniff",
        "x-ms-arm-service-request-id": "8721aea6-24c0-42ed-bc52-bc8ff7c3366e",
        "x-ms-client-request-id": "af0ed17fa645d44c7b546bc167502bdc",
        "x-ms-correlation-request-id": "81593457-71b4-4aa2-b0ad-8b85c5c85167",
        "x-ms-ratelimit-remaining-subscription-reads": "11990",
        "x-ms-request-id": "e018a698-5db3-40fb-ba74-1f45b56cb883",
        "x-ms-routing-request-id": "SOUTHEASTASIA:20221013T025901Z:81593457-71b4-4aa2-b0ad-8b85c5c85167"
      },
      "ResponseBody": {
        "name": "networkInterface2691",
        "id": "/subscriptions/db1ab6f0-4769-4b27-930e-01e2ef9c123c/resourceGroups/SecurityCenterRG5150/providers/Microsoft.Network/networkInterfaces/networkInterface2691",
        "etag": "W/\u0022e50322a2-a6d5-4100-8b5e-4efaead06e98\u0022",
        "properties": {
          "provisioningState": "Succeeded",
          "resourceGuid": "cc029fe0-437c-4dd8-98e8-42ff1270380d",
          "ipConfigurations": [
            {
              "name": "ipconfig6714",
              "id": "/subscriptions/db1ab6f0-4769-4b27-930e-01e2ef9c123c/resourceGroups/SecurityCenterRG5150/providers/Microsoft.Network/networkInterfaces/networkInterface2691/ipConfigurations/ipconfig6714",
              "etag": "W/\u0022e50322a2-a6d5-4100-8b5e-4efaead06e98\u0022",
              "type": "Microsoft.Network/networkInterfaces/ipConfigurations",
              "properties": {
                "provisioningState": "Succeeded",
                "privateIPAddress": "10.10.1.4",
                "privateIPAllocationMethod": "Dynamic",
                "publicIPAddress": {
                  "id": "/subscriptions/db1ab6f0-4769-4b27-930e-01e2ef9c123c/resourceGroups/SecurityCenterRG5150/providers/Microsoft.Network/publicIPAddresses/publicIP5558"
                },
                "subnet": {
                  "id": "/subscriptions/db1ab6f0-4769-4b27-930e-01e2ef9c123c/resourceGroups/SecurityCenterRG5150/providers/Microsoft.Network/virtualNetworks/vnet6688/subnets/subnet1"
                },
                "primary": true,
                "privateIPAddressVersion": "IPv4"
              }
            }
          ],
          "dnsSettings": {
            "dnsServers": [],
            "appliedDnsServers": [],
            "internalDomainNameSuffix": "bd00pp2auc1erlam2rxqiedzwf.bx.internal.cloudapp.net"
          },
          "enableAcceleratedNetworking": false,
          "vnetEncryptionSupported": false,
          "enableIPForwarding": false,
          "hostedWorkloads": [],
          "tapConfigurations": [],
          "nicType": "Standard"
        },
        "type": "Microsoft.Network/networkInterfaces",
        "location": "eastus"
      }
    },
    {
      "RequestUri": "https://management.azure.com/subscriptions/db1ab6f0-4769-4b27-930e-01e2ef9c123c/resourceGroups/SecurityCenterRG5150/providers/Microsoft.Compute/virtualMachines/vm4739?api-version=2022-03-01",
      "RequestMethod": "PUT",
      "RequestHeaders": {
        "Accept": "application/json",
        "Authorization": "Sanitized",
        "Content-Length": "1196",
        "Content-Type": "application/json",
        "traceparent": "00-658c9f0b518ad64792bb567b7a19bb25-4872d9f8da64f64e-00",
        "User-Agent": "azsdk-net-ResourceManager.Compute/1.0.0 (.NET Core 3.1.30; Microsoft Windows 10.0.22621)",
        "x-ms-client-request-id": "99b5b82d1d24f96c9d763c0db0415f24",
        "x-ms-return-client-request-id": "true"
      },
      "RequestBody": {
        "tags": {},
        "location": "eastus",
        "properties": {
          "hardwareProfile": {
            "vmSize": "Standard_F2"
          },
          "storageProfile": {
            "imageReference": {
              "publisher": "Canonical",
              "offer": "UbuntuServer",
              "sku": "16.04-LTS",
              "version": "latest"
            },
            "osDisk": {
              "osType": "Linux",
              "caching": "ReadWrite",
              "createOption": "FromImage",
              "managedDisk": {
                "storageAccountType": "Standard_LRS"
              }
            }
          },
          "osProfile": {
            "computerName": "vm4739",
            "adminUsername": "adminUser",
            "linuxConfiguration": {
              "disablePasswordAuthentication": true,
              "ssh": {
                "publicKeys": [
                  {
                    "path": "/home/adminUser/.ssh/authorized_keys",
                    "keyData": "ssh-rsa AAAAB3NzaC1yc2EAAAADAQABAAABAQC\u002BwWK73dCr\u002BjgQOAxNsHAnNNNMEMWOHYEccp6wJm2gotpr9katuF/ZAdou5AaW1C61slRkHRkpRRX9FA9CYBiitZgvCCz\u002B3nWNN7l/Up54Zps/pHWGZLHNJZRYyAB6j5yVLMVHIHriY49d/GZTZVNB8GoJv9Gakwc/fuEZYYl4YDFiGMBP///TzlI4jhiJzjKnEvqPFki5p2ZRJqcbCiF4pJrxUQR/RXqVFQdbRLZgYfJ8xGB878RENq3yQ39d8dVOkq4edbkzwcUmwwwkYVPIoDGsYLaRHnG\u002BTo7FvMeyO7xDVQkMKzopTQV8AuKpyvpqu0a9pWOMaiCyDytO7GGN you@me.com"
                  }
                ]
              }
            }
          },
          "networkProfile": {
            "networkInterfaces": [
              {
                "id": "/subscriptions/db1ab6f0-4769-4b27-930e-01e2ef9c123c/resourceGroups/SecurityCenterRG5150/providers/Microsoft.Network/networkInterfaces/networkInterface2691",
                "properties": {
                  "primary": true
                }
              }
            ]
          }
        }
      },
      "StatusCode": 201,
      "ResponseHeaders": {
        "Azure-AsyncNotification": "Enabled",
        "Azure-AsyncOperation": "https://management.azure.com/subscriptions/db1ab6f0-4769-4b27-930e-01e2ef9c123c/providers/Microsoft.Compute/locations/eastus/operations/6ed4c549-7d91-4654-8758-98ffb938108d?p=6a5473bf-f845-44a5-b675-411600120563\u0026api-version=2022-03-01",
        "Cache-Control": "no-cache",
        "Content-Length": "2484",
        "Content-Type": "application/json; charset=utf-8",
        "Date": "Thu, 13 Oct 2022 02:59:06 GMT",
        "Expires": "-1",
        "Pragma": "no-cache",
        "Retry-After": "10",
        "Server": [
          "Microsoft-HTTPAPI/2.0",
          "Microsoft-HTTPAPI/2.0"
        ],
        "Strict-Transport-Security": "max-age=31536000; includeSubDomains",
        "X-Content-Type-Options": "nosniff",
        "x-ms-client-request-id": "99b5b82d1d24f96c9d763c0db0415f24",
        "x-ms-correlation-request-id": "8abc82e3-0967-4c15-a66c-1d97c92fc1f9",
        "x-ms-ratelimit-remaining-resource": "Microsoft.Compute/PutVM3Min;236,Microsoft.Compute/PutVM30Min;1187",
        "x-ms-ratelimit-remaining-subscription-writes": "1194",
        "x-ms-request-id": "6ed4c549-7d91-4654-8758-98ffb938108d",
        "x-ms-routing-request-id": "SOUTHEASTASIA:20221013T025907Z:8abc82e3-0967-4c15-a66c-1d97c92fc1f9"
      },
      "ResponseBody": {
        "name": "vm4739",
        "id": "/subscriptions/db1ab6f0-4769-4b27-930e-01e2ef9c123c/resourceGroups/SecurityCenterRG5150/providers/Microsoft.Compute/virtualMachines/vm4739",
        "type": "Microsoft.Compute/virtualMachines",
        "location": "eastus",
        "tags": {
          "azsecpack": "nonprod",
          "platformsettings.host_environment.service.platform_optedin_for_rootcerts": "true"
        },
        "properties": {
          "vmId": "2d5ef098-4a64-4b20-9d3c-2424f966280f",
          "hardwareProfile": {
            "vmSize": "Standard_F2"
          },
          "storageProfile": {
            "imageReference": {
              "publisher": "Canonical",
              "offer": "UbuntuServer",
              "sku": "16.04-LTS",
              "version": "latest",
              "exactVersion": "16.04.202109280"
            },
            "osDisk": {
              "osType": "Linux",
              "createOption": "FromImage",
              "caching": "ReadWrite",
              "managedDisk": {
                "storageAccountType": "Standard_LRS"
              },
              "deleteOption": "Detach",
              "diskSizeGB": 30
            },
            "dataDisks": []
          },
          "osProfile": {
            "computerName": "vm4739",
            "adminUsername": "adminUser",
            "linuxConfiguration": {
              "disablePasswordAuthentication": true,
              "ssh": {
                "publicKeys": [
                  {
                    "path": "/home/adminUser/.ssh/authorized_keys",
                    "keyData": "ssh-rsa AAAAB3NzaC1yc2EAAAADAQABAAABAQC\u002BwWK73dCr\u002BjgQOAxNsHAnNNNMEMWOHYEccp6wJm2gotpr9katuF/ZAdou5AaW1C61slRkHRkpRRX9FA9CYBiitZgvCCz\u002B3nWNN7l/Up54Zps/pHWGZLHNJZRYyAB6j5yVLMVHIHriY49d/GZTZVNB8GoJv9Gakwc/fuEZYYl4YDFiGMBP///TzlI4jhiJzjKnEvqPFki5p2ZRJqcbCiF4pJrxUQR/RXqVFQdbRLZgYfJ8xGB878RENq3yQ39d8dVOkq4edbkzwcUmwwwkYVPIoDGsYLaRHnG\u002BTo7FvMeyO7xDVQkMKzopTQV8AuKpyvpqu0a9pWOMaiCyDytO7GGN you@me.com"
                  }
                ]
              },
              "provisionVMAgent": true,
              "patchSettings": {
                "patchMode": "ImageDefault",
                "assessmentMode": "ImageDefault"
              },
              "enableVMAgentPlatformUpdates": false
            },
            "secrets": [],
            "allowExtensionOperations": true,
            "requireGuestProvisionSignal": true
          },
          "networkProfile": {
            "networkInterfaces": [
              {
                "id": "/subscriptions/db1ab6f0-4769-4b27-930e-01e2ef9c123c/resourceGroups/SecurityCenterRG5150/providers/Microsoft.Network/networkInterfaces/networkInterface2691",
                "properties": {
                  "primary": true
                }
              }
            ]
          },
          "provisioningState": "Creating",
          "timeCreated": "2022-10-13T02:59:05.5009431\u002B00:00"
        }
      }
    },
    {
      "RequestUri": "https://management.azure.com/subscriptions/db1ab6f0-4769-4b27-930e-01e2ef9c123c/providers/Microsoft.Compute/locations/eastus/operations/6ed4c549-7d91-4654-8758-98ffb938108d?p=6a5473bf-f845-44a5-b675-411600120563\u0026api-version=2022-03-01",
      "RequestMethod": "GET",
      "RequestHeaders": {
        "Authorization": "Sanitized",
        "traceparent": "00-658c9f0b518ad64792bb567b7a19bb25-081fc1117c39524b-00",
        "User-Agent": "azsdk-net-ResourceManager/1.3.1 (.NET Core 3.1.30; Microsoft Windows 10.0.22621)",
        "x-ms-client-request-id": "66598e4d4a53b45ba2b5a82f0fc6cb12",
        "x-ms-return-client-request-id": "true"
      },
      "RequestBody": null,
      "StatusCode": 200,
      "ResponseHeaders": {
        "Cache-Control": "no-cache",
        "Content-Length": "134",
        "Content-Type": "application/json; charset=utf-8",
        "Date": "Thu, 13 Oct 2022 02:59:07 GMT",
        "Expires": "-1",
        "Pragma": "no-cache",
        "Retry-After": "35",
        "Server": [
          "Microsoft-HTTPAPI/2.0",
          "Microsoft-HTTPAPI/2.0"
        ],
        "Strict-Transport-Security": "max-age=31536000; includeSubDomains",
        "X-Content-Type-Options": "nosniff",
        "x-ms-client-request-id": "66598e4d4a53b45ba2b5a82f0fc6cb12",
        "x-ms-correlation-request-id": "83775bea-7c9c-4694-89fd-f5c29ff9018d",
        "x-ms-ratelimit-remaining-resource": "Microsoft.Compute/GetOperation3Min;14990,Microsoft.Compute/GetOperation30Min;29938",
        "x-ms-ratelimit-remaining-subscription-reads": "11989",
        "x-ms-request-id": "48a0dc48-8f3e-4dd2-98d2-0f2577c0f8c7",
        "x-ms-routing-request-id": "SOUTHEASTASIA:20221013T025907Z:83775bea-7c9c-4694-89fd-f5c29ff9018d"
      },
      "ResponseBody": {
        "startTime": "2022-10-13T02:59:03.7978346\u002B00:00",
        "status": "InProgress",
        "name": "6ed4c549-7d91-4654-8758-98ffb938108d"
      }
    },
    {
      "RequestUri": "https://management.azure.com/subscriptions/db1ab6f0-4769-4b27-930e-01e2ef9c123c/providers/Microsoft.Compute/locations/eastus/operations/6ed4c549-7d91-4654-8758-98ffb938108d?p=6a5473bf-f845-44a5-b675-411600120563\u0026api-version=2022-03-01",
      "RequestMethod": "GET",
      "RequestHeaders": {
        "Authorization": "Sanitized",
        "traceparent": "00-658c9f0b518ad64792bb567b7a19bb25-7c66e12abc50a844-00",
        "User-Agent": "azsdk-net-ResourceManager/1.3.1 (.NET Core 3.1.30; Microsoft Windows 10.0.22621)",
        "x-ms-client-request-id": "01eb9c0c45b43df69fcc52347cefe983",
        "x-ms-return-client-request-id": "true"
      },
      "RequestBody": null,
      "StatusCode": 200,
      "ResponseHeaders": {
        "Cache-Control": "no-cache",
        "Content-Length": "134",
        "Content-Type": "application/json; charset=utf-8",
        "Date": "Thu, 13 Oct 2022 02:59:42 GMT",
        "Expires": "-1",
        "Pragma": "no-cache",
        "Server": [
          "Microsoft-HTTPAPI/2.0",
          "Microsoft-HTTPAPI/2.0"
        ],
        "Strict-Transport-Security": "max-age=31536000; includeSubDomains",
        "X-Content-Type-Options": "nosniff",
        "x-ms-client-request-id": "01eb9c0c45b43df69fcc52347cefe983",
        "x-ms-correlation-request-id": "a232008d-2363-4ea5-8013-f74c3a406119",
        "x-ms-ratelimit-remaining-resource": "Microsoft.Compute/GetOperation3Min;14991,Microsoft.Compute/GetOperation30Min;29937",
        "x-ms-ratelimit-remaining-subscription-reads": "11988",
        "x-ms-request-id": "5cb4969e-9eae-4c15-b21f-0c8ad4fab1aa",
        "x-ms-routing-request-id": "SOUTHEASTASIA:20221013T025943Z:a232008d-2363-4ea5-8013-f74c3a406119"
      },
      "ResponseBody": {
        "startTime": "2022-10-13T02:59:03.7978346\u002B00:00",
        "status": "InProgress",
        "name": "6ed4c549-7d91-4654-8758-98ffb938108d"
      }
    },
    {
      "RequestUri": "https://management.azure.com/subscriptions/db1ab6f0-4769-4b27-930e-01e2ef9c123c/providers/Microsoft.Compute/locations/eastus/operations/6ed4c549-7d91-4654-8758-98ffb938108d?p=6a5473bf-f845-44a5-b675-411600120563\u0026api-version=2022-03-01",
      "RequestMethod": "GET",
      "RequestHeaders": {
        "Authorization": "Sanitized",
        "traceparent": "00-658c9f0b518ad64792bb567b7a19bb25-414321989ebeea48-00",
        "User-Agent": "azsdk-net-ResourceManager/1.3.1 (.NET Core 3.1.30; Microsoft Windows 10.0.22621)",
        "x-ms-client-request-id": "22c0df9ef8e831d0f4c2f50448e8d880",
        "x-ms-return-client-request-id": "true"
      },
      "RequestBody": null,
      "StatusCode": 200,
      "ResponseHeaders": {
        "Cache-Control": "no-cache",
        "Content-Length": "134",
        "Content-Type": "application/json; charset=utf-8",
        "Date": "Thu, 13 Oct 2022 02:59:43 GMT",
        "Expires": "-1",
        "Pragma": "no-cache",
        "Server": [
          "Microsoft-HTTPAPI/2.0",
          "Microsoft-HTTPAPI/2.0"
        ],
        "Strict-Transport-Security": "max-age=31536000; includeSubDomains",
        "X-Content-Type-Options": "nosniff",
        "x-ms-client-request-id": "22c0df9ef8e831d0f4c2f50448e8d880",
        "x-ms-correlation-request-id": "10133b74-8583-46c7-ae72-1a0a8a698025",
        "x-ms-ratelimit-remaining-resource": "Microsoft.Compute/GetOperation3Min;14990,Microsoft.Compute/GetOperation30Min;29936",
        "x-ms-ratelimit-remaining-subscription-reads": "11987",
        "x-ms-request-id": "cd8e0f45-d5f2-445a-b071-13f930c24a86",
        "x-ms-routing-request-id": "SOUTHEASTASIA:20221013T025944Z:10133b74-8583-46c7-ae72-1a0a8a698025"
      },
      "ResponseBody": {
        "startTime": "2022-10-13T02:59:03.7978346\u002B00:00",
        "status": "InProgress",
        "name": "6ed4c549-7d91-4654-8758-98ffb938108d"
      }
    },
    {
      "RequestUri": "https://management.azure.com/subscriptions/db1ab6f0-4769-4b27-930e-01e2ef9c123c/providers/Microsoft.Compute/locations/eastus/operations/6ed4c549-7d91-4654-8758-98ffb938108d?p=6a5473bf-f845-44a5-b675-411600120563\u0026api-version=2022-03-01",
      "RequestMethod": "GET",
      "RequestHeaders": {
        "Authorization": "Sanitized",
        "traceparent": "00-658c9f0b518ad64792bb567b7a19bb25-a5992af8882b764a-00",
        "User-Agent": "azsdk-net-ResourceManager/1.3.1 (.NET Core 3.1.30; Microsoft Windows 10.0.22621)",
        "x-ms-client-request-id": "73708e24d62e08a8981cc687f72738b2",
        "x-ms-return-client-request-id": "true"
      },
      "RequestBody": null,
      "StatusCode": 200,
      "ResponseHeaders": {
        "Cache-Control": "no-cache",
        "Content-Length": "134",
        "Content-Type": "application/json; charset=utf-8",
        "Date": "Thu, 13 Oct 2022 02:59:45 GMT",
        "Expires": "-1",
        "Pragma": "no-cache",
        "Server": [
          "Microsoft-HTTPAPI/2.0",
          "Microsoft-HTTPAPI/2.0"
        ],
        "Strict-Transport-Security": "max-age=31536000; includeSubDomains",
        "X-Content-Type-Options": "nosniff",
        "x-ms-client-request-id": "73708e24d62e08a8981cc687f72738b2",
        "x-ms-correlation-request-id": "7df20a5e-4361-4f84-a84e-abbeb1d8cf03",
        "x-ms-ratelimit-remaining-resource": "Microsoft.Compute/GetOperation3Min;14989,Microsoft.Compute/GetOperation30Min;29935",
        "x-ms-ratelimit-remaining-subscription-reads": "11986",
        "x-ms-request-id": "e1178d62-290f-4736-8c17-a31bd00329d2",
        "x-ms-routing-request-id": "SOUTHEASTASIA:20221013T025945Z:7df20a5e-4361-4f84-a84e-abbeb1d8cf03"
      },
      "ResponseBody": {
        "startTime": "2022-10-13T02:59:03.7978346\u002B00:00",
        "status": "InProgress",
        "name": "6ed4c549-7d91-4654-8758-98ffb938108d"
      }
    },
    {
      "RequestUri": "https://management.azure.com/subscriptions/db1ab6f0-4769-4b27-930e-01e2ef9c123c/providers/Microsoft.Compute/locations/eastus/operations/6ed4c549-7d91-4654-8758-98ffb938108d?p=6a5473bf-f845-44a5-b675-411600120563\u0026api-version=2022-03-01",
      "RequestMethod": "GET",
      "RequestHeaders": {
        "Authorization": "Sanitized",
        "traceparent": "00-658c9f0b518ad64792bb567b7a19bb25-547162792f4df64d-00",
        "User-Agent": "azsdk-net-ResourceManager/1.3.1 (.NET Core 3.1.30; Microsoft Windows 10.0.22621)",
        "x-ms-client-request-id": "2f9024cba806132acbba0df14ff1f5b7",
        "x-ms-return-client-request-id": "true"
      },
      "RequestBody": null,
      "StatusCode": 200,
      "ResponseHeaders": {
        "Cache-Control": "no-cache",
        "Content-Length": "184",
        "Content-Type": "application/json; charset=utf-8",
        "Date": "Thu, 13 Oct 2022 02:59:47 GMT",
        "Expires": "-1",
        "Pragma": "no-cache",
        "Server": [
          "Microsoft-HTTPAPI/2.0",
          "Microsoft-HTTPAPI/2.0"
        ],
        "Strict-Transport-Security": "max-age=31536000; includeSubDomains",
        "X-Content-Type-Options": "nosniff",
        "x-ms-client-request-id": "2f9024cba806132acbba0df14ff1f5b7",
        "x-ms-correlation-request-id": "09f44fc5-f767-4f38-a67f-819311f645bb",
        "x-ms-ratelimit-remaining-resource": "Microsoft.Compute/GetOperation3Min;14988,Microsoft.Compute/GetOperation30Min;29934",
        "x-ms-ratelimit-remaining-subscription-reads": "11985",
        "x-ms-request-id": "8ffc91b7-38ef-43a0-9dce-1d4aaaaae4e4",
        "x-ms-routing-request-id": "SOUTHEASTASIA:20221013T025948Z:09f44fc5-f767-4f38-a67f-819311f645bb"
      },
      "ResponseBody": {
        "startTime": "2022-10-13T02:59:03.7978346\u002B00:00",
        "endTime": "2022-10-13T02:59:46.7358761\u002B00:00",
        "status": "Succeeded",
        "name": "6ed4c549-7d91-4654-8758-98ffb938108d"
      }
    },
    {
      "RequestUri": "https://management.azure.com/subscriptions/db1ab6f0-4769-4b27-930e-01e2ef9c123c/resourceGroups/SecurityCenterRG5150/providers/Microsoft.Compute/virtualMachines/vm4739?api-version=2022-03-01",
      "RequestMethod": "GET",
      "RequestHeaders": {
        "Authorization": "Sanitized",
        "traceparent": "00-658c9f0b518ad64792bb567b7a19bb25-2bd086dbb6779d42-00",
        "User-Agent": "azsdk-net-ResourceManager/1.3.1 (.NET Core 3.1.30; Microsoft Windows 10.0.22621)",
        "x-ms-client-request-id": "ed0fd2f3757ec85437b789cc314939cc",
        "x-ms-return-client-request-id": "true"
      },
      "RequestBody": null,
      "StatusCode": 200,
      "ResponseHeaders": {
        "Cache-Control": "no-cache",
        "Content-Length": "2745",
        "Content-Type": "application/json; charset=utf-8",
        "Date": "Thu, 13 Oct 2022 02:59:48 GMT",
        "Expires": "-1",
        "Pragma": "no-cache",
        "Server": [
          "Microsoft-HTTPAPI/2.0",
          "Microsoft-HTTPAPI/2.0"
        ],
        "Strict-Transport-Security": "max-age=31536000; includeSubDomains",
        "X-Content-Type-Options": "nosniff",
        "x-ms-client-request-id": "ed0fd2f3757ec85437b789cc314939cc",
        "x-ms-correlation-request-id": "2b33fca8-5e1d-42d2-b18f-5b4fe9867ed1",
        "x-ms-ratelimit-remaining-resource": "Microsoft.Compute/LowCostGet3Min;3982,Microsoft.Compute/LowCostGet30Min;31935",
        "x-ms-ratelimit-remaining-subscription-reads": "11984",
        "x-ms-request-id": "c4503de5-b40d-4373-887e-4da3630ec31d",
        "x-ms-routing-request-id": "SOUTHEASTASIA:20221013T025948Z:2b33fca8-5e1d-42d2-b18f-5b4fe9867ed1"
      },
      "ResponseBody": {
        "name": "vm4739",
        "id": "/subscriptions/db1ab6f0-4769-4b27-930e-01e2ef9c123c/resourceGroups/SecurityCenterRG5150/providers/Microsoft.Compute/virtualMachines/vm4739",
        "type": "Microsoft.Compute/virtualMachines",
        "location": "eastus",
        "tags": {
          "azsecpack": "nonprod",
          "platformsettings.host_environment.service.platform_optedin_for_rootcerts": "true"
        },
        "properties": {
          "vmId": "2d5ef098-4a64-4b20-9d3c-2424f966280f",
          "hardwareProfile": {
            "vmSize": "Standard_F2"
          },
          "storageProfile": {
            "imageReference": {
              "publisher": "Canonical",
              "offer": "UbuntuServer",
              "sku": "16.04-LTS",
              "version": "latest",
              "exactVersion": "16.04.202109280"
            },
            "osDisk": {
              "osType": "Linux",
              "name": "vm4739_OsDisk_1_fa9ff5175dac49d3b8161a2793c6a686",
              "createOption": "FromImage",
              "caching": "ReadWrite",
              "managedDisk": {
                "storageAccountType": "Standard_LRS",
                "id": "/subscriptions/db1ab6f0-4769-4b27-930e-01e2ef9c123c/resourceGroups/SecurityCenterRG5150/providers/Microsoft.Compute/disks/vm4739_OsDisk_1_fa9ff5175dac49d3b8161a2793c6a686"
              },
              "deleteOption": "Detach",
              "diskSizeGB": 30
            },
            "dataDisks": []
          },
          "osProfile": {
            "computerName": "vm4739",
            "adminUsername": "adminUser",
            "linuxConfiguration": {
              "disablePasswordAuthentication": true,
              "ssh": {
                "publicKeys": [
                  {
                    "path": "/home/adminUser/.ssh/authorized_keys",
                    "keyData": "ssh-rsa AAAAB3NzaC1yc2EAAAADAQABAAABAQC\u002BwWK73dCr\u002BjgQOAxNsHAnNNNMEMWOHYEccp6wJm2gotpr9katuF/ZAdou5AaW1C61slRkHRkpRRX9FA9CYBiitZgvCCz\u002B3nWNN7l/Up54Zps/pHWGZLHNJZRYyAB6j5yVLMVHIHriY49d/GZTZVNB8GoJv9Gakwc/fuEZYYl4YDFiGMBP///TzlI4jhiJzjKnEvqPFki5p2ZRJqcbCiF4pJrxUQR/RXqVFQdbRLZgYfJ8xGB878RENq3yQ39d8dVOkq4edbkzwcUmwwwkYVPIoDGsYLaRHnG\u002BTo7FvMeyO7xDVQkMKzopTQV8AuKpyvpqu0a9pWOMaiCyDytO7GGN you@me.com"
                  }
                ]
              },
              "provisionVMAgent": true,
              "patchSettings": {
                "patchMode": "ImageDefault",
                "assessmentMode": "ImageDefault"
              },
              "enableVMAgentPlatformUpdates": false
            },
            "secrets": [],
            "allowExtensionOperations": true,
            "requireGuestProvisionSignal": true
          },
          "networkProfile": {
            "networkInterfaces": [
              {
                "id": "/subscriptions/db1ab6f0-4769-4b27-930e-01e2ef9c123c/resourceGroups/SecurityCenterRG5150/providers/Microsoft.Network/networkInterfaces/networkInterface2691",
                "properties": {
                  "primary": true
                }
              }
            ]
          },
          "provisioningState": "Succeeded",
          "timeCreated": "2022-10-13T02:59:05.5009431\u002B00:00"
        }
      }
    },
    {
      "RequestUri": "https://management.azure.com/subscriptions/db1ab6f0-4769-4b27-930e-01e2ef9c123c/resourceGroups/SecurityCenterRG5150/providers/Microsoft.Security/locations/centralus/allowedConnections/Internal?api-version=2020-01-01",
      "RequestMethod": "GET",
      "RequestHeaders": {
        "Accept": "application/json",
        "Authorization": "Sanitized",
        "traceparent": "00-9cd916d2457c7648b81e8f24bc94450d-4e2f8e3bc1df5348-00",
        "User-Agent": "azsdk-net-ResourceManager.SecurityCenter/1.0.0-alpha.20221013.1 (.NET Core 3.1.30; Microsoft Windows 10.0.22621)",
        "x-ms-client-request-id": "2339428aa9577b7a645ca773c9b7b8a7",
        "x-ms-return-client-request-id": "true"
      },
      "RequestBody": null,
      "StatusCode": 200,
      "ResponseHeaders": {
        "Cache-Control": "no-cache",
        "Content-Length": "574",
        "Content-Type": "application/json; charset=utf-8",
        "Date": "Thu, 13 Oct 2022 02:59:49 GMT",
        "Expires": "-1",
        "Pragma": "no-cache",
        "Server": "Kestrel",
        "Strict-Transport-Security": "max-age=31536000; includeSubDomains",
        "X-Content-Type-Options": "nosniff",
        "x-ms-correlation-request-id": "cf56d530-4047-4c37-93a7-b4b34bb2d766",
        "x-ms-ratelimit-remaining-subscription-resource-requests": "749",
        "x-ms-request-id": "cf56d530-4047-4c37-93a7-b4b34bb2d766",
        "x-ms-routing-request-id": "SOUTHEASTASIA:20221013T025950Z:cf56d530-4047-4c37-93a7-b4b34bb2d766"
      },
      "ResponseBody": {
        "type": "Microsoft.Security/locations/allowedConnections",
        "properties": {
          "calculatedDateTime": "2022-10-13T02:44:37.7044949Z",
          "connectableResources": [
            {
              "id": "/subscriptions/db1ab6f0-4769-4b27-930e-01e2ef9c123c/resourceGroups/SecurityCenterRG5150/providers/Microsoft.Compute/virtualMachines/vm7710",
              "inboundConnectedResources": [],
              "outboundConnectedResources": []
            }
          ]
        },
        "id": "/subscriptions/db1ab6f0-4769-4b27-930e-01e2ef9c123c/resourceGroups/SecurityCenterRG5150/providers/Microsoft.Security/locations/centralus/allowedConnections/Internal",
        "name": "Internal",
        "location": "centralus"
      }
    }
  ],
  "Variables": {
    "AZURE_AUTHORITY_HOST": "https://login.microsoftonline.com",
    "RandomSeed": "1942576030",
    "RESOURCE_MANAGER_URL": null,
    "SUBSCRIPTION_ID": "db1ab6f0-4769-4b27-930e-01e2ef9c123c"
  }
}
