{
  "Entries": [
    {
      "RequestUri": "/subscriptions/e37510d7-33b6-4676-886f-ee75bcc01871/providers/Microsoft.Compute/locations/eastus2/publishers/MicrosoftWindowsServer/artifacttypes/vmimage/offers/WindowsServer/skus/2012-R2-Datacenter/versions?$top=1&api-version=2023-03-01",
      "EncodedRequestUri": "L3N1YnNjcmlwdGlvbnMvZTM3NTEwZDctMzNiNi00Njc2LTg4NmYtZWU3NWJjYzAxODcxL3Byb3ZpZGVycy9NaWNyb3NvZnQuQ29tcHV0ZS9sb2NhdGlvbnMvZWFzdHVzMi9wdWJsaXNoZXJzL01pY3Jvc29mdFdpbmRvd3NTZXJ2ZXIvYXJ0aWZhY3R0eXBlcy92bWltYWdlL29mZmVycy9XaW5kb3dzU2VydmVyL3NrdXMvMjAxMi1SMi1EYXRhY2VudGVyL3ZlcnNpb25zPyR0b3A9MSZhcGktdmVyc2lvbj0yMDIzLTAzLTAx",
      "RequestMethod": "GET",
      "RequestBody": "",
      "RequestHeaders": {
        "x-ms-client-request-id": [
          "d8386f8e-1366-4128-b348-71512336f89a"
        ],
        "Accept-Language": [
          "en-US"
        ],
        "User-Agent": [
          "FxVersion/6.0.1423.7309",
          "OSName/Windows",
          "OSVersion/Microsoft.Windows.10.0.22621",
          "Microsoft.Azure.Management.Compute.ComputeManagementClient/60.0.0"
        ]
      },
      "ResponseHeaders": {
        "Cache-Control": [
          "no-cache"
        ],
        "Pragma": [
          "no-cache"
        ],
        "x-ms-ratelimit-remaining-resource": [
          "Microsoft.Compute/ListVMImagesVersionsFromLocation3Min;15999,Microsoft.Compute/ListVMImagesVersionsFromLocation30Min;43997"
        ],
        "Strict-Transport-Security": [
          "max-age=31536000; includeSubDomains"
        ],
        "x-ms-served-by": [
          "19a6b8e7-2f9b-4b25-aea4-718323f85895_133127902736261280"
        ],
        "x-ms-request-id": [
          "958479b9-a6eb-46bf-b0e2-a737a4e9d225"
        ],
        "Server": [
          "Microsoft-HTTPAPI/2.0",
          "Microsoft-HTTPAPI/2.0"
        ],
        "x-ms-ratelimit-remaining-subscription-reads": [
          "11999"
        ],
        "x-ms-correlation-request-id": [
          "ee9e71db-85ac-4d94-a715-b725ad33dca9"
        ],
        "x-ms-routing-request-id": [
          "CANADACENTRAL:20230314T165322Z:ee9e71db-85ac-4d94-a715-b725ad33dca9"
        ],
        "X-Content-Type-Options": [
          "nosniff"
        ],
        "Date": [
          "Tue, 14 Mar 2023 16:53:21 GMT"
        ],
        "Content-Length": [
          "309"
        ],
        "Content-Type": [
          "application/json; charset=utf-8"
        ],
        "Expires": [
          "-1"
        ]
      },
      "ResponseBody": "[\r\n  {\r\n    \"location\": \"eastus2\",\r\n    \"name\": \"4.127.20180315\",\r\n    \"id\": \"/Subscriptions/e37510d7-33b6-4676-886f-ee75bcc01871/Providers/Microsoft.Compute/Locations/eastus2/Publishers/MicrosoftWindowsServer/ArtifactTypes/VMImage/Offers/WindowsServer/Skus/2012-R2-Datacenter/Versions/4.127.20180315\"\r\n  }\r\n]",
      "StatusCode": 200
    },
    {
      "RequestUri": "/subscriptions/e37510d7-33b6-4676-886f-ee75bcc01871/resourcegroups/crptestar2401?api-version=2017-05-10",
      "EncodedRequestUri": "L3N1YnNjcmlwdGlvbnMvZTM3NTEwZDctMzNiNi00Njc2LTg4NmYtZWU3NWJjYzAxODcxL3Jlc291cmNlZ3JvdXBzL2NycHRlc3RhcjI0MDE/YXBpLXZlcnNpb249MjAxNy0wNS0xMA==",
      "RequestMethod": "PUT",
      "RequestBody": "{\r\n  \"location\": \"eastus2\",\r\n  \"tags\": {\r\n    \"crptestar2401\": \"2023-03-14 16:53:22Z\"\r\n  }\r\n}",
      "RequestHeaders": {
        "x-ms-client-request-id": [
          "d32de55b-2da9-427d-b4ea-cd0af87379e2"
        ],
        "Accept-Language": [
          "en-US"
        ],
        "User-Agent": [
          "FxVersion/6.0.1423.7309",
          "OSName/Windows",
          "OSVersion/Microsoft.Windows.10.0.22621",
          "Microsoft.Azure.Management.ResourceManager.ResourceManagementClient/1.6.0.0"
        ],
        "Content-Type": [
          "application/json; charset=utf-8"
        ],
        "Content-Length": [
          "93"
        ]
      },
      "ResponseHeaders": {
        "Cache-Control": [
          "no-cache"
        ],
        "Pragma": [
          "no-cache"
        ],
        "x-ms-ratelimit-remaining-subscription-writes": [
          "1199"
        ],
        "x-ms-request-id": [
          "f072940f-c1be-4b45-8520-ac6afa0f9304"
        ],
        "x-ms-correlation-request-id": [
          "f072940f-c1be-4b45-8520-ac6afa0f9304"
        ],
        "x-ms-routing-request-id": [
          "CANADACENTRAL:20230314T165323Z:f072940f-c1be-4b45-8520-ac6afa0f9304"
        ],
        "Strict-Transport-Security": [
          "max-age=31536000; includeSubDomains"
        ],
        "X-Content-Type-Options": [
          "nosniff"
        ],
        "Date": [
          "Tue, 14 Mar 2023 16:53:23 GMT"
        ],
        "Content-Length": [
          "228"
        ],
        "Content-Type": [
          "application/json; charset=utf-8"
        ],
        "Expires": [
          "-1"
        ]
      },
      "ResponseBody": "{\r\n  \"id\": \"/subscriptions/e37510d7-33b6-4676-886f-ee75bcc01871/resourceGroups/crptestar2401\",\r\n  \"name\": \"crptestar2401\",\r\n  \"location\": \"eastus2\",\r\n  \"tags\": {\r\n    \"crptestar2401\": \"2023-03-14 16:53:22Z\"\r\n  },\r\n  \"properties\": {\r\n    \"provisioningState\": \"Succeeded\"\r\n  }\r\n}",
      "StatusCode": 201
    },
    {
      "RequestUri": "/subscriptions/e37510d7-33b6-4676-886f-ee75bcc01871/resourcegroups/crptestar2401?api-version=2017-05-10",
      "EncodedRequestUri": "L3N1YnNjcmlwdGlvbnMvZTM3NTEwZDctMzNiNi00Njc2LTg4NmYtZWU3NWJjYzAxODcxL3Jlc291cmNlZ3JvdXBzL2NycHRlc3RhcjI0MDE/YXBpLXZlcnNpb249MjAxNy0wNS0xMA==",
      "RequestMethod": "PUT",
      "RequestBody": "{\r\n  \"location\": \"eastus2\",\r\n  \"tags\": {\r\n    \"crptestar2401\": \"2023-03-14 16:53:54Z\"\r\n  }\r\n}",
      "RequestHeaders": {
        "x-ms-client-request-id": [
          "f57f0b8b-8c41-4be1-97a6-97d1ef3e7569"
        ],
        "Accept-Language": [
          "en-US"
        ],
        "User-Agent": [
          "FxVersion/6.0.1423.7309",
          "OSName/Windows",
          "OSVersion/Microsoft.Windows.10.0.22621",
          "Microsoft.Azure.Management.ResourceManager.ResourceManagementClient/1.6.0.0"
        ],
        "Content-Type": [
          "application/json; charset=utf-8"
        ],
        "Content-Length": [
          "93"
        ]
      },
      "ResponseHeaders": {
        "Cache-Control": [
          "no-cache"
        ],
        "Pragma": [
          "no-cache"
        ],
        "x-ms-ratelimit-remaining-subscription-writes": [
          "1198"
        ],
        "x-ms-request-id": [
          "409f9655-6a68-4f28-bd33-7c4203c12ea4"
        ],
        "x-ms-correlation-request-id": [
          "409f9655-6a68-4f28-bd33-7c4203c12ea4"
        ],
        "x-ms-routing-request-id": [
          "CANADACENTRAL:20230314T165354Z:409f9655-6a68-4f28-bd33-7c4203c12ea4"
        ],
        "Strict-Transport-Security": [
          "max-age=31536000; includeSubDomains"
        ],
        "X-Content-Type-Options": [
          "nosniff"
        ],
        "Date": [
          "Tue, 14 Mar 2023 16:53:53 GMT"
        ],
        "Content-Length": [
          "228"
        ],
        "Content-Type": [
          "application/json; charset=utf-8"
        ],
        "Expires": [
          "-1"
        ]
      },
      "ResponseBody": "{\r\n  \"id\": \"/subscriptions/e37510d7-33b6-4676-886f-ee75bcc01871/resourceGroups/crptestar2401\",\r\n  \"name\": \"crptestar2401\",\r\n  \"location\": \"eastus2\",\r\n  \"tags\": {\r\n    \"crptestar2401\": \"2023-03-14 16:53:54Z\"\r\n  },\r\n  \"properties\": {\r\n    \"provisioningState\": \"Succeeded\"\r\n  }\r\n}",
      "StatusCode": 200
    },
    {
      "RequestUri": "/subscriptions/e37510d7-33b6-4676-886f-ee75bcc01871/resourcegroups/crptestar2401?api-version=2017-05-10",
      "EncodedRequestUri": "L3N1YnNjcmlwdGlvbnMvZTM3NTEwZDctMzNiNi00Njc2LTg4NmYtZWU3NWJjYzAxODcxL3Jlc291cmNlZ3JvdXBzL2NycHRlc3RhcjI0MDE/YXBpLXZlcnNpb249MjAxNy0wNS0xMA==",
      "RequestMethod": "PUT",
      "RequestBody": "{\r\n  \"location\": \"eastus2\",\r\n  \"tags\": {\r\n    \"crptestar2401\": \"2023-03-14 16:54:26Z\"\r\n  }\r\n}",
      "RequestHeaders": {
        "x-ms-client-request-id": [
          "f2598372-fdc8-469e-829a-6d5a0d81fddb"
        ],
        "Accept-Language": [
          "en-US"
        ],
        "User-Agent": [
          "FxVersion/6.0.1423.7309",
          "OSName/Windows",
          "OSVersion/Microsoft.Windows.10.0.22621",
          "Microsoft.Azure.Management.ResourceManager.ResourceManagementClient/1.6.0.0"
        ],
        "Content-Type": [
          "application/json; charset=utf-8"
        ],
        "Content-Length": [
          "93"
        ]
      },
      "ResponseHeaders": {
        "Cache-Control": [
          "no-cache"
        ],
        "Pragma": [
          "no-cache"
        ],
        "x-ms-ratelimit-remaining-subscription-writes": [
          "1197"
        ],
        "x-ms-request-id": [
          "3362d957-0c8e-4095-9e79-83806fe344e3"
        ],
        "x-ms-correlation-request-id": [
          "3362d957-0c8e-4095-9e79-83806fe344e3"
        ],
        "x-ms-routing-request-id": [
          "CANADACENTRAL:20230314T165426Z:3362d957-0c8e-4095-9e79-83806fe344e3"
        ],
        "Strict-Transport-Security": [
          "max-age=31536000; includeSubDomains"
        ],
        "X-Content-Type-Options": [
          "nosniff"
        ],
        "Date": [
          "Tue, 14 Mar 2023 16:54:25 GMT"
        ],
        "Content-Length": [
          "228"
        ],
        "Content-Type": [
          "application/json; charset=utf-8"
        ],
        "Expires": [
          "-1"
        ]
      },
      "ResponseBody": "{\r\n  \"id\": \"/subscriptions/e37510d7-33b6-4676-886f-ee75bcc01871/resourceGroups/crptestar2401\",\r\n  \"name\": \"crptestar2401\",\r\n  \"location\": \"eastus2\",\r\n  \"tags\": {\r\n    \"crptestar2401\": \"2023-03-14 16:54:26Z\"\r\n  },\r\n  \"properties\": {\r\n    \"provisioningState\": \"Succeeded\"\r\n  }\r\n}",
      "StatusCode": 200
    },
    {
      "RequestUri": "/subscriptions/e37510d7-33b6-4676-886f-ee75bcc01871/resourceGroups/crptestar2401/providers/Microsoft.Storage/storageAccounts/crptestar9941?api-version=2015-06-15",
      "EncodedRequestUri": "L3N1YnNjcmlwdGlvbnMvZTM3NTEwZDctMzNiNi00Njc2LTg4NmYtZWU3NWJjYzAxODcxL3Jlc291cmNlR3JvdXBzL2NycHRlc3RhcjI0MDEvcHJvdmlkZXJzL01pY3Jvc29mdC5TdG9yYWdlL3N0b3JhZ2VBY2NvdW50cy9jcnB0ZXN0YXI5OTQxP2FwaS12ZXJzaW9uPTIwMTUtMDYtMTU=",
      "RequestMethod": "PUT",
      "RequestBody": "{\r\n  \"location\": \"eastus2\",\r\n  \"properties\": {\r\n    \"accountType\": \"Standard_GRS\"\r\n  }\r\n}",
      "RequestHeaders": {
        "x-ms-client-request-id": [
          "90a506e4-f303-4748-a404-0de38367a490"
        ],
        "Accept-Language": [
          "en-US"
        ],
        "User-Agent": [
          "FxVersion/6.0.1423.7309",
          "OSName/Windows",
          "OSVersion/Microsoft.Windows.10.0.22621",
          "Microsoft.Azure.Management.Storage.StorageManagementClient/4.0.0.0"
        ],
        "Content-Type": [
          "application/json; charset=utf-8"
        ],
        "Content-Length": [
          "89"
        ]
      },
      "ResponseHeaders": {
        "Cache-Control": [
          "no-cache"
        ],
        "Pragma": [
          "no-cache"
        ],
        "Location": [
          "https://management.azure.com/subscriptions/e37510d7-33b6-4676-886f-ee75bcc01871/providers/Microsoft.Storage/locations/eastus2/asyncoperations/2460f1bb-7658-4b9b-8d0f-1ee4fafc24ed?monitor=true&api-version=2015-06-15"
        ],
        "Retry-After": [
          "17"
        ],
        "x-ms-request-id": [
          "2460f1bb-7658-4b9b-8d0f-1ee4fafc24ed"
        ],
        "Strict-Transport-Security": [
          "max-age=31536000; includeSubDomains"
        ],
        "Server": [
          "Microsoft-Azure-Storage-Resource-Provider/1.0,Microsoft-HTTPAPI/2.0 Microsoft-HTTPAPI/2.0"
        ],
        "x-ms-ratelimit-remaining-subscription-writes": [
          "1199"
        ],
        "x-ms-correlation-request-id": [
          "7cb0607b-8112-4f63-91cc-2bbb034850e5"
        ],
        "x-ms-routing-request-id": [
          "CANADACENTRAL:20230314T165326Z:7cb0607b-8112-4f63-91cc-2bbb034850e5"
        ],
        "X-Content-Type-Options": [
          "nosniff"
        ],
        "Date": [
          "Tue, 14 Mar 2023 16:53:25 GMT"
        ],
        "Content-Type": [
          "text/plain; charset=utf-8"
        ],
        "Expires": [
          "-1"
        ],
        "Content-Length": [
          "0"
        ]
      },
      "ResponseBody": "",
      "StatusCode": 202
    },
    {
      "RequestUri": "/subscriptions/e37510d7-33b6-4676-886f-ee75bcc01871/providers/Microsoft.Storage/locations/eastus2/asyncoperations/2460f1bb-7658-4b9b-8d0f-1ee4fafc24ed?monitor=true&api-version=2015-06-15",
      "EncodedRequestUri": "L3N1YnNjcmlwdGlvbnMvZTM3NTEwZDctMzNiNi00Njc2LTg4NmYtZWU3NWJjYzAxODcxL3Byb3ZpZGVycy9NaWNyb3NvZnQuU3RvcmFnZS9sb2NhdGlvbnMvZWFzdHVzMi9hc3luY29wZXJhdGlvbnMvMjQ2MGYxYmItNzY1OC00YjliLThkMGYtMWVlNGZhZmMyNGVkP21vbml0b3I9dHJ1ZSZhcGktdmVyc2lvbj0yMDE1LTA2LTE1",
      "RequestMethod": "GET",
      "RequestBody": "",
      "RequestHeaders": {
        "User-Agent": [
          "FxVersion/6.0.1423.7309",
          "OSName/Windows",
          "OSVersion/Microsoft.Windows.10.0.22621",
          "Microsoft.Azure.Management.Storage.StorageManagementClient/4.0.0.0"
        ]
      },
      "ResponseHeaders": {
        "Cache-Control": [
          "no-cache"
        ],
        "Pragma": [
          "no-cache"
        ],
        "x-ms-request-id": [
          "efe16044-f599-42e0-883b-64bedb82f696"
        ],
        "Strict-Transport-Security": [
          "max-age=31536000; includeSubDomains"
        ],
        "Server": [
          "Microsoft-Azure-Storage-Resource-Provider/1.0,Microsoft-HTTPAPI/2.0 Microsoft-HTTPAPI/2.0"
        ],
        "x-ms-ratelimit-remaining-subscription-reads": [
          "11999"
        ],
        "x-ms-correlation-request-id": [
          "2959d7c0-cbeb-4c0d-8a71-26dff817be7d"
        ],
        "x-ms-routing-request-id": [
          "CANADACENTRAL:20230314T165343Z:2959d7c0-cbeb-4c0d-8a71-26dff817be7d"
        ],
        "X-Content-Type-Options": [
          "nosniff"
        ],
        "Date": [
          "Tue, 14 Mar 2023 16:53:43 GMT"
        ],
        "Content-Length": [
          "89"
        ],
        "Content-Type": [
          "application/json"
        ],
        "Expires": [
          "-1"
        ]
      },
      "ResponseBody": "{\r\n  \"location\": \"eastus2\",\r\n  \"properties\": {\r\n    \"accountType\": \"Standard_GRS\"\r\n  }\r\n}",
      "StatusCode": 200
    },
    {
      "RequestUri": "/subscriptions/e37510d7-33b6-4676-886f-ee75bcc01871/resourceGroups/crptestar2401/providers/Microsoft.Storage/storageAccounts?api-version=2015-06-15",
      "EncodedRequestUri": "L3N1YnNjcmlwdGlvbnMvZTM3NTEwZDctMzNiNi00Njc2LTg4NmYtZWU3NWJjYzAxODcxL3Jlc291cmNlR3JvdXBzL2NycHRlc3RhcjI0MDEvcHJvdmlkZXJzL01pY3Jvc29mdC5TdG9yYWdlL3N0b3JhZ2VBY2NvdW50cz9hcGktdmVyc2lvbj0yMDE1LTA2LTE1",
      "RequestMethod": "GET",
      "RequestBody": "",
      "RequestHeaders": {
        "x-ms-client-request-id": [
          "dae39d03-02cb-47c1-9451-9f29ff039ccf"
        ],
        "Accept-Language": [
          "en-US"
        ],
        "User-Agent": [
          "FxVersion/6.0.1423.7309",
          "OSName/Windows",
          "OSVersion/Microsoft.Windows.10.0.22621",
          "Microsoft.Azure.Management.Storage.StorageManagementClient/4.0.0.0"
        ]
      },
      "ResponseHeaders": {
        "Cache-Control": [
          "no-cache"
        ],
        "Pragma": [
          "no-cache"
        ],
        "x-ms-request-id": [
          "27a7b8d7-1fc9-473f-9493-b7aecbd542a8"
        ],
        "Strict-Transport-Security": [
          "max-age=31536000; includeSubDomains"
        ],
        "Server": [
          "Microsoft-Azure-Storage-Resource-Provider/1.0,Microsoft-HTTPAPI/2.0 Microsoft-HTTPAPI/2.0"
        ],
        "x-ms-ratelimit-remaining-subscription-reads": [
          "11998"
        ],
        "x-ms-correlation-request-id": [
          "9b796774-0d2a-4ab7-b01c-77883994cbd3"
        ],
        "x-ms-routing-request-id": [
          "CANADACENTRAL:20230314T165354Z:9b796774-0d2a-4ab7-b01c-77883994cbd3"
        ],
        "X-Content-Type-Options": [
          "nosniff"
        ],
        "Date": [
          "Tue, 14 Mar 2023 16:53:53 GMT"
        ],
        "Content-Length": [
          "741"
        ],
        "Content-Type": [
          "application/json"
        ],
        "Expires": [
          "-1"
        ]
      },
      "ResponseBody": "{\r\n  \"value\": [\r\n    {\r\n      \"id\": \"/subscriptions/e37510d7-33b6-4676-886f-ee75bcc01871/resourceGroups/crptestar2401/providers/Microsoft.Storage/storageAccounts/crptestar9941\",\r\n      \"name\": \"crptestar9941\",\r\n      \"type\": \"Microsoft.Storage/storageAccounts\",\r\n      \"location\": \"eastus2\",\r\n      \"tags\": {},\r\n      \"properties\": {\r\n        \"accountType\": \"Standard_GRS\",\r\n        \"provisioningState\": \"Succeeded\",\r\n        \"creationTime\": \"2023-03-14T16:53:24.7827991Z\",\r\n        \"primaryEndpoints\": {\r\n          \"blob\": \"https://crptestar9941.blob.core.windows.net/\",\r\n          \"queue\": \"https://crptestar9941.queue.core.windows.net/\",\r\n          \"table\": \"https://crptestar9941.table.core.windows.net/\",\r\n          \"file\": \"https://crptestar9941.file.core.windows.net/\"\r\n        },\r\n        \"primaryLocation\": \"eastus2\",\r\n        \"statusOfPrimary\": \"available\",\r\n        \"secondaryLocation\": \"centralus\",\r\n        \"statusOfSecondary\": \"available\"\r\n      }\r\n    }\r\n  ]\r\n}",
      "StatusCode": 200
    },
    {
      "RequestUri": "/subscriptions/e37510d7-33b6-4676-886f-ee75bcc01871/resourceGroups/crptestar2401/providers/Microsoft.Storage/storageAccounts?api-version=2015-06-15",
      "EncodedRequestUri": "L3N1YnNjcmlwdGlvbnMvZTM3NTEwZDctMzNiNi00Njc2LTg4NmYtZWU3NWJjYzAxODcxL3Jlc291cmNlR3JvdXBzL2NycHRlc3RhcjI0MDEvcHJvdmlkZXJzL01pY3Jvc29mdC5TdG9yYWdlL3N0b3JhZ2VBY2NvdW50cz9hcGktdmVyc2lvbj0yMDE1LTA2LTE1",
      "RequestMethod": "GET",
      "RequestBody": "",
      "RequestHeaders": {
        "x-ms-client-request-id": [
          "91eb2543-1907-439c-aa4e-a5b9aff8c381"
        ],
        "Accept-Language": [
          "en-US"
        ],
        "User-Agent": [
          "FxVersion/6.0.1423.7309",
          "OSName/Windows",
          "OSVersion/Microsoft.Windows.10.0.22621",
          "Microsoft.Azure.Management.Storage.StorageManagementClient/4.0.0.0"
        ]
      },
      "ResponseHeaders": {
        "Cache-Control": [
          "no-cache"
        ],
        "Pragma": [
          "no-cache"
        ],
        "x-ms-request-id": [
          "43bc9b3f-0b6d-4430-b485-3c160144dea4"
        ],
        "Strict-Transport-Security": [
          "max-age=31536000; includeSubDomains"
        ],
        "Server": [
          "Microsoft-Azure-Storage-Resource-Provider/1.0,Microsoft-HTTPAPI/2.0 Microsoft-HTTPAPI/2.0"
        ],
        "x-ms-ratelimit-remaining-subscription-reads": [
          "11995"
        ],
        "x-ms-correlation-request-id": [
          "15f3ecf1-f6ed-42db-9a6c-0aecd37723e4"
        ],
        "x-ms-routing-request-id": [
          "CANADACENTRAL:20230314T165425Z:15f3ecf1-f6ed-42db-9a6c-0aecd37723e4"
        ],
        "X-Content-Type-Options": [
          "nosniff"
        ],
        "Date": [
          "Tue, 14 Mar 2023 16:54:25 GMT"
        ],
        "Content-Length": [
          "1471"
        ],
        "Content-Type": [
          "application/json"
        ],
        "Expires": [
          "-1"
        ]
      },
      "ResponseBody": "{\r\n  \"value\": [\r\n    {\r\n      \"id\": \"/subscriptions/e37510d7-33b6-4676-886f-ee75bcc01871/resourceGroups/crptestar2401/providers/Microsoft.Storage/storageAccounts/crptestar1987\",\r\n      \"name\": \"crptestar1987\",\r\n      \"type\": \"Microsoft.Storage/storageAccounts\",\r\n      \"location\": \"eastus2\",\r\n      \"tags\": {},\r\n      \"properties\": {\r\n        \"accountType\": \"Standard_GRS\",\r\n        \"provisioningState\": \"Succeeded\",\r\n        \"creationTime\": \"2023-03-14T16:53:55.8455261Z\",\r\n        \"primaryEndpoints\": {\r\n          \"blob\": \"https://crptestar1987.blob.core.windows.net/\",\r\n          \"queue\": \"https://crptestar1987.queue.core.windows.net/\",\r\n          \"table\": \"https://crptestar1987.table.core.windows.net/\",\r\n          \"file\": \"https://crptestar1987.file.core.windows.net/\"\r\n        },\r\n        \"primaryLocation\": \"eastus2\",\r\n        \"statusOfPrimary\": \"available\",\r\n        \"secondaryLocation\": \"centralus\",\r\n        \"statusOfSecondary\": \"available\"\r\n      }\r\n    },\r\n    {\r\n      \"id\": \"/subscriptions/e37510d7-33b6-4676-886f-ee75bcc01871/resourceGroups/crptestar2401/providers/Microsoft.Storage/storageAccounts/crptestar9941\",\r\n      \"name\": \"crptestar9941\",\r\n      \"type\": \"Microsoft.Storage/storageAccounts\",\r\n      \"location\": \"eastus2\",\r\n      \"tags\": {},\r\n      \"properties\": {\r\n        \"accountType\": \"Standard_GRS\",\r\n        \"provisioningState\": \"Succeeded\",\r\n        \"creationTime\": \"2023-03-14T16:53:24.7827991Z\",\r\n        \"primaryEndpoints\": {\r\n          \"blob\": \"https://crptestar9941.blob.core.windows.net/\",\r\n          \"queue\": \"https://crptestar9941.queue.core.windows.net/\",\r\n          \"table\": \"https://crptestar9941.table.core.windows.net/\",\r\n          \"file\": \"https://crptestar9941.file.core.windows.net/\"\r\n        },\r\n        \"primaryLocation\": \"eastus2\",\r\n        \"statusOfPrimary\": \"available\",\r\n        \"secondaryLocation\": \"centralus\",\r\n        \"statusOfSecondary\": \"available\"\r\n      }\r\n    }\r\n  ]\r\n}",
      "StatusCode": 200
    },
    {
      "RequestUri": "/subscriptions/e37510d7-33b6-4676-886f-ee75bcc01871/resourceGroups/crptestar2401/providers/Microsoft.Storage/storageAccounts/crptestar9941?api-version=2015-06-15",
      "EncodedRequestUri": "L3N1YnNjcmlwdGlvbnMvZTM3NTEwZDctMzNiNi00Njc2LTg4NmYtZWU3NWJjYzAxODcxL3Jlc291cmNlR3JvdXBzL2NycHRlc3RhcjI0MDEvcHJvdmlkZXJzL01pY3Jvc29mdC5TdG9yYWdlL3N0b3JhZ2VBY2NvdW50cy9jcnB0ZXN0YXI5OTQxP2FwaS12ZXJzaW9uPTIwMTUtMDYtMTU=",
      "RequestMethod": "GET",
      "RequestBody": "",
      "RequestHeaders": {
        "x-ms-client-request-id": [
          "3491fa1d-c843-4830-804f-bc66857e41ce"
        ],
        "Accept-Language": [
          "en-US"
        ],
        "User-Agent": [
          "FxVersion/6.0.1423.7309",
          "OSName/Windows",
          "OSVersion/Microsoft.Windows.10.0.22621",
          "Microsoft.Azure.Management.Storage.StorageManagementClient/4.0.0.0"
        ]
      },
      "ResponseHeaders": {
        "Cache-Control": [
          "no-cache"
        ],
        "Pragma": [
          "no-cache"
        ],
        "x-ms-request-id": [
          "bbcae1b2-82a4-446a-83db-1c884e98a587"
        ],
        "Strict-Transport-Security": [
          "max-age=31536000; includeSubDomains"
        ],
        "Server": [
          "Microsoft-Azure-Storage-Resource-Provider/1.0,Microsoft-HTTPAPI/2.0 Microsoft-HTTPAPI/2.0"
        ],
        "x-ms-ratelimit-remaining-subscription-reads": [
          "11997"
        ],
        "x-ms-correlation-request-id": [
          "b4e2caaf-ba90-47b8-bb7f-ebf280292e39"
        ],
        "x-ms-routing-request-id": [
          "CANADACENTRAL:20230314T165354Z:b4e2caaf-ba90-47b8-bb7f-ebf280292e39"
        ],
        "X-Content-Type-Options": [
          "nosniff"
        ],
        "Date": [
          "Tue, 14 Mar 2023 16:53:54 GMT"
        ],
        "Content-Length": [
          "729"
        ],
        "Content-Type": [
          "application/json"
        ],
        "Expires": [
          "-1"
        ]
      },
      "ResponseBody": "{\r\n  \"id\": \"/subscriptions/e37510d7-33b6-4676-886f-ee75bcc01871/resourceGroups/crptestar2401/providers/Microsoft.Storage/storageAccounts/crptestar9941\",\r\n  \"name\": \"crptestar9941\",\r\n  \"type\": \"Microsoft.Storage/storageAccounts\",\r\n  \"location\": \"eastus2\",\r\n  \"tags\": {},\r\n  \"properties\": {\r\n    \"accountType\": \"Standard_GRS\",\r\n    \"provisioningState\": \"Succeeded\",\r\n    \"creationTime\": \"2023-03-14T16:53:24.7827991Z\",\r\n    \"primaryEndpoints\": {\r\n      \"blob\": \"https://crptestar9941.blob.core.windows.net/\",\r\n      \"queue\": \"https://crptestar9941.queue.core.windows.net/\",\r\n      \"table\": \"https://crptestar9941.table.core.windows.net/\",\r\n      \"file\": \"https://crptestar9941.file.core.windows.net/\"\r\n    },\r\n    \"primaryLocation\": \"eastus2\",\r\n    \"statusOfPrimary\": \"available\",\r\n    \"secondaryLocation\": \"centralus\",\r\n    \"statusOfSecondary\": \"available\"\r\n  }\r\n}",
      "StatusCode": 200
    },
    {
      "RequestUri": "/subscriptions/e37510d7-33b6-4676-886f-ee75bcc01871/resourceGroups/crptestar2401/providers/Microsoft.Storage/storageAccounts/crptestar1987?api-version=2015-06-15",
      "EncodedRequestUri": "L3N1YnNjcmlwdGlvbnMvZTM3NTEwZDctMzNiNi00Njc2LTg4NmYtZWU3NWJjYzAxODcxL3Jlc291cmNlR3JvdXBzL2NycHRlc3RhcjI0MDEvcHJvdmlkZXJzL01pY3Jvc29mdC5TdG9yYWdlL3N0b3JhZ2VBY2NvdW50cy9jcnB0ZXN0YXIxOTg3P2FwaS12ZXJzaW9uPTIwMTUtMDYtMTU=",
      "RequestMethod": "PUT",
      "RequestBody": "{\r\n  \"location\": \"eastus2\",\r\n  \"properties\": {\r\n    \"accountType\": \"Standard_GRS\"\r\n  }\r\n}",
      "RequestHeaders": {
        "x-ms-client-request-id": [
          "207a6a26-f1cf-4441-add1-8ca95387fc0a"
        ],
        "Accept-Language": [
          "en-US"
        ],
        "User-Agent": [
          "FxVersion/6.0.1423.7309",
          "OSName/Windows",
          "OSVersion/Microsoft.Windows.10.0.22621",
          "Microsoft.Azure.Management.Storage.StorageManagementClient/4.0.0.0"
        ],
        "Content-Type": [
          "application/json; charset=utf-8"
        ],
        "Content-Length": [
          "89"
        ]
      },
      "ResponseHeaders": {
        "Cache-Control": [
          "no-cache"
        ],
        "Pragma": [
          "no-cache"
        ],
        "Location": [
          "https://management.azure.com/subscriptions/e37510d7-33b6-4676-886f-ee75bcc01871/providers/Microsoft.Storage/locations/eastus2/asyncoperations/d4e1a11a-3c66-49c2-9405-2ae8147c5ce5?monitor=true&api-version=2015-06-15"
        ],
        "Retry-After": [
          "17"
        ],
        "x-ms-request-id": [
          "d4e1a11a-3c66-49c2-9405-2ae8147c5ce5"
        ],
        "Strict-Transport-Security": [
          "max-age=31536000; includeSubDomains"
        ],
        "Server": [
          "Microsoft-Azure-Storage-Resource-Provider/1.0,Microsoft-HTTPAPI/2.0 Microsoft-HTTPAPI/2.0"
        ],
        "x-ms-ratelimit-remaining-subscription-writes": [
          "1198"
        ],
        "x-ms-correlation-request-id": [
          "9518a881-c998-4320-9ad5-9f04ec1e04c3"
        ],
        "x-ms-routing-request-id": [
          "CANADACENTRAL:20230314T165357Z:9518a881-c998-4320-9ad5-9f04ec1e04c3"
        ],
        "X-Content-Type-Options": [
          "nosniff"
        ],
        "Date": [
          "Tue, 14 Mar 2023 16:53:57 GMT"
        ],
        "Content-Type": [
          "text/plain; charset=utf-8"
        ],
        "Expires": [
          "-1"
        ],
        "Content-Length": [
          "0"
        ]
      },
      "ResponseBody": "",
      "StatusCode": 202
    },
    {
      "RequestUri": "/subscriptions/e37510d7-33b6-4676-886f-ee75bcc01871/providers/Microsoft.Storage/locations/eastus2/asyncoperations/d4e1a11a-3c66-49c2-9405-2ae8147c5ce5?monitor=true&api-version=2015-06-15",
      "EncodedRequestUri": "L3N1YnNjcmlwdGlvbnMvZTM3NTEwZDctMzNiNi00Njc2LTg4NmYtZWU3NWJjYzAxODcxL3Byb3ZpZGVycy9NaWNyb3NvZnQuU3RvcmFnZS9sb2NhdGlvbnMvZWFzdHVzMi9hc3luY29wZXJhdGlvbnMvZDRlMWExMWEtM2M2Ni00OWMyLTk0MDUtMmFlODE0N2M1Y2U1P21vbml0b3I9dHJ1ZSZhcGktdmVyc2lvbj0yMDE1LTA2LTE1",
      "RequestMethod": "GET",
      "RequestBody": "",
      "RequestHeaders": {
        "User-Agent": [
          "FxVersion/6.0.1423.7309",
          "OSName/Windows",
          "OSVersion/Microsoft.Windows.10.0.22621",
          "Microsoft.Azure.Management.Storage.StorageManagementClient/4.0.0.0"
        ]
      },
      "ResponseHeaders": {
        "Cache-Control": [
          "no-cache"
        ],
        "Pragma": [
          "no-cache"
        ],
        "x-ms-request-id": [
          "afe65e2c-e8a5-4768-9b5c-fd76e4e6cbc6"
        ],
        "Strict-Transport-Security": [
          "max-age=31536000; includeSubDomains"
        ],
        "Server": [
          "Microsoft-Azure-Storage-Resource-Provider/1.0,Microsoft-HTTPAPI/2.0 Microsoft-HTTPAPI/2.0"
        ],
        "x-ms-ratelimit-remaining-subscription-reads": [
          "11996"
        ],
        "x-ms-correlation-request-id": [
          "c940d28d-525e-4cbb-b960-b3f5a5238a71"
        ],
        "x-ms-routing-request-id": [
          "CANADACENTRAL:20230314T165414Z:c940d28d-525e-4cbb-b960-b3f5a5238a71"
        ],
        "X-Content-Type-Options": [
          "nosniff"
        ],
        "Date": [
          "Tue, 14 Mar 2023 16:54:14 GMT"
        ],
        "Content-Length": [
          "89"
        ],
        "Content-Type": [
          "application/json"
        ],
        "Expires": [
          "-1"
        ]
      },
      "ResponseBody": "{\r\n  \"location\": \"eastus2\",\r\n  \"properties\": {\r\n    \"accountType\": \"Standard_GRS\"\r\n  }\r\n}",
      "StatusCode": 200
    },
    {
      "RequestUri": "/subscriptions/e37510d7-33b6-4676-886f-ee75bcc01871/resourceGroups/crptestar2401/providers/Microsoft.Storage/storageAccounts/crptestar1987?api-version=2015-06-15",
      "EncodedRequestUri": "L3N1YnNjcmlwdGlvbnMvZTM3NTEwZDctMzNiNi00Njc2LTg4NmYtZWU3NWJjYzAxODcxL3Jlc291cmNlR3JvdXBzL2NycHRlc3RhcjI0MDEvcHJvdmlkZXJzL01pY3Jvc29mdC5TdG9yYWdlL3N0b3JhZ2VBY2NvdW50cy9jcnB0ZXN0YXIxOTg3P2FwaS12ZXJzaW9uPTIwMTUtMDYtMTU=",
      "RequestMethod": "GET",
      "RequestBody": "",
      "RequestHeaders": {
        "x-ms-client-request-id": [
          "1de5f39a-d339-4320-b9d0-507ec01bfd16"
        ],
        "Accept-Language": [
          "en-US"
        ],
        "User-Agent": [
          "FxVersion/6.0.1423.7309",
          "OSName/Windows",
          "OSVersion/Microsoft.Windows.10.0.22621",
          "Microsoft.Azure.Management.Storage.StorageManagementClient/4.0.0.0"
        ]
      },
      "ResponseHeaders": {
        "Cache-Control": [
          "no-cache"
        ],
        "Pragma": [
          "no-cache"
        ],
        "x-ms-request-id": [
          "ff258f6d-d433-4ec2-b455-02279f5b96f7"
        ],
        "Strict-Transport-Security": [
          "max-age=31536000; includeSubDomains"
        ],
        "Server": [
          "Microsoft-Azure-Storage-Resource-Provider/1.0,Microsoft-HTTPAPI/2.0 Microsoft-HTTPAPI/2.0"
        ],
        "x-ms-ratelimit-remaining-subscription-reads": [
          "11994"
        ],
        "x-ms-correlation-request-id": [
          "e4ee6b22-aecd-44da-abc9-7b1d0b203f4a"
        ],
        "x-ms-routing-request-id": [
          "CANADACENTRAL:20230314T165425Z:e4ee6b22-aecd-44da-abc9-7b1d0b203f4a"
        ],
        "X-Content-Type-Options": [
          "nosniff"
        ],
        "Date": [
          "Tue, 14 Mar 2023 16:54:25 GMT"
        ],
        "Content-Length": [
          "729"
        ],
        "Content-Type": [
          "application/json"
        ],
        "Expires": [
          "-1"
        ]
      },
      "ResponseBody": "{\r\n  \"id\": \"/subscriptions/e37510d7-33b6-4676-886f-ee75bcc01871/resourceGroups/crptestar2401/providers/Microsoft.Storage/storageAccounts/crptestar1987\",\r\n  \"name\": \"crptestar1987\",\r\n  \"type\": \"Microsoft.Storage/storageAccounts\",\r\n  \"location\": \"eastus2\",\r\n  \"tags\": {},\r\n  \"properties\": {\r\n    \"accountType\": \"Standard_GRS\",\r\n    \"provisioningState\": \"Succeeded\",\r\n    \"creationTime\": \"2023-03-14T16:53:55.8455261Z\",\r\n    \"primaryEndpoints\": {\r\n      \"blob\": \"https://crptestar1987.blob.core.windows.net/\",\r\n      \"queue\": \"https://crptestar1987.queue.core.windows.net/\",\r\n      \"table\": \"https://crptestar1987.table.core.windows.net/\",\r\n      \"file\": \"https://crptestar1987.file.core.windows.net/\"\r\n    },\r\n    \"primaryLocation\": \"eastus2\",\r\n    \"statusOfPrimary\": \"available\",\r\n    \"secondaryLocation\": \"centralus\",\r\n    \"statusOfSecondary\": \"available\"\r\n  }\r\n}",
      "StatusCode": 200
    },
    {
      "RequestUri": "/subscriptions/e37510d7-33b6-4676-886f-ee75bcc01871/resourceGroups/crptestar2401/providers/Microsoft.Network/publicIPAddresses/pip3789?api-version=2019-09-01",
      "EncodedRequestUri": "L3N1YnNjcmlwdGlvbnMvZTM3NTEwZDctMzNiNi00Njc2LTg4NmYtZWU3NWJjYzAxODcxL3Jlc291cmNlR3JvdXBzL2NycHRlc3RhcjI0MDEvcHJvdmlkZXJzL01pY3Jvc29mdC5OZXR3b3JrL3B1YmxpY0lQQWRkcmVzc2VzL3BpcDM3ODk/YXBpLXZlcnNpb249MjAxOS0wOS0wMQ==",
      "RequestMethod": "PUT",
      "RequestBody": "{\r\n  \"properties\": {\r\n    \"publicIPAllocationMethod\": \"Dynamic\",\r\n    \"dnsSettings\": {\r\n      \"domainNameLabel\": \"dn9270\"\r\n    }\r\n  },\r\n  \"location\": \"eastus2\",\r\n  \"tags\": {\r\n    \"key\": \"value\"\r\n  }\r\n}",
      "RequestHeaders": {
        "x-ms-client-request-id": [
          "b4d86c58-2968-4cdd-a1b1-35d83cc08d05"
        ],
        "Accept-Language": [
          "en-US"
        ],
        "User-Agent": [
          "FxVersion/6.0.1423.7309",
          "OSName/Windows",
          "OSVersion/Microsoft.Windows.10.0.22621",
          "Microsoft.Azure.Management.Network.NetworkManagementClient/19.17.1.0"
        ],
        "Content-Type": [
          "application/json; charset=utf-8"
        ],
        "Content-Length": [
          "201"
        ]
      },
      "ResponseHeaders": {
        "Cache-Control": [
          "no-cache"
        ],
        "Pragma": [
          "no-cache"
        ],
        "Retry-After": [
          "1"
        ],
        "x-ms-request-id": [
          "f9e11640-726a-4c64-b3ee-bf9d04bfc588"
        ],
        "Azure-AsyncOperation": [
          "https://management.azure.com/subscriptions/e37510d7-33b6-4676-886f-ee75bcc01871/providers/Microsoft.Network/locations/eastus2/operations/f9e11640-726a-4c64-b3ee-bf9d04bfc588?api-version=2019-09-01"
        ],
        "x-ms-correlation-request-id": [
          "7b01570d-8fe1-45a0-8ef7-9006c2ec934e"
        ],
        "Azure-AsyncNotification": [
          "Enabled"
        ],
        "x-ms-arm-service-request-id": [
          "25b8dc58-14bd-45f9-ae3e-bc0c4ba5c650"
        ],
        "Strict-Transport-Security": [
          "max-age=31536000; includeSubDomains"
        ],
        "Server": [
          "Microsoft-HTTPAPI/2.0",
          "Microsoft-HTTPAPI/2.0"
        ],
        "x-ms-ratelimit-remaining-subscription-writes": [
          "1199"
        ],
        "x-ms-routing-request-id": [
          "CANADACENTRAL:20230314T165428Z:7b01570d-8fe1-45a0-8ef7-9006c2ec934e"
        ],
        "X-Content-Type-Options": [
          "nosniff"
        ],
        "Date": [
          "Tue, 14 Mar 2023 16:54:27 GMT"
        ],
        "Content-Length": [
          "757"
        ],
        "Content-Type": [
          "application/json; charset=utf-8"
        ],
        "Expires": [
          "-1"
        ]
      },
      "ResponseBody": "{\r\n  \"name\": \"pip3789\",\r\n  \"id\": \"/subscriptions/e37510d7-33b6-4676-886f-ee75bcc01871/resourceGroups/crptestar2401/providers/Microsoft.Network/publicIPAddresses/pip3789\",\r\n  \"etag\": \"W/\\\"08083dfc-049e-458b-8cb9-f86f8823ed50\\\"\",\r\n  \"location\": \"eastus2\",\r\n  \"tags\": {\r\n    \"key\": \"value\"\r\n  },\r\n  \"properties\": {\r\n    \"provisioningState\": \"Updating\",\r\n    \"resourceGuid\": \"6370a0f3-2d1f-48c5-91f8-d0f17f1425c8\",\r\n    \"publicIPAddressVersion\": \"IPv4\",\r\n    \"publicIPAllocationMethod\": \"Dynamic\",\r\n    \"idleTimeoutInMinutes\": 4,\r\n    \"dnsSettings\": {\r\n      \"domainNameLabel\": \"dn9270\",\r\n      \"fqdn\": \"dn9270.eastus2.cloudapp.azure.com\"\r\n    },\r\n    \"ipTags\": []\r\n  },\r\n  \"type\": \"Microsoft.Network/publicIPAddresses\",\r\n  \"sku\": {\r\n    \"name\": \"Basic\"\r\n  }\r\n}",
      "StatusCode": 201
    },
    {
      "RequestUri": "/subscriptions/e37510d7-33b6-4676-886f-ee75bcc01871/providers/Microsoft.Network/locations/eastus2/operations/f9e11640-726a-4c64-b3ee-bf9d04bfc588?api-version=2019-09-01",
      "EncodedRequestUri": "L3N1YnNjcmlwdGlvbnMvZTM3NTEwZDctMzNiNi00Njc2LTg4NmYtZWU3NWJjYzAxODcxL3Byb3ZpZGVycy9NaWNyb3NvZnQuTmV0d29yay9sb2NhdGlvbnMvZWFzdHVzMi9vcGVyYXRpb25zL2Y5ZTExNjQwLTcyNmEtNGM2NC1iM2VlLWJmOWQwNGJmYzU4OD9hcGktdmVyc2lvbj0yMDE5LTA5LTAx",
      "RequestMethod": "GET",
      "RequestBody": "",
      "RequestHeaders": {
        "User-Agent": [
          "FxVersion/6.0.1423.7309",
          "OSName/Windows",
          "OSVersion/Microsoft.Windows.10.0.22621",
          "Microsoft.Azure.Management.Network.NetworkManagementClient/19.17.1.0"
        ]
      },
      "ResponseHeaders": {
        "Cache-Control": [
          "no-cache"
        ],
        "Pragma": [
          "no-cache"
        ],
        "Retry-After": [
          "2"
        ],
        "x-ms-request-id": [
          "60e5672e-0bb5-4e78-8870-82e02adce9b5"
        ],
        "x-ms-correlation-request-id": [
          "8b311903-0b5f-4564-aa3c-ea08d97640a5"
        ],
        "x-ms-arm-service-request-id": [
          "92794f80-d61b-4ac4-b37d-15dcdaed979f"
        ],
        "Strict-Transport-Security": [
          "max-age=31536000; includeSubDomains"
        ],
        "Server": [
          "Microsoft-HTTPAPI/2.0",
          "Microsoft-HTTPAPI/2.0"
        ],
        "x-ms-ratelimit-remaining-subscription-reads": [
          "11999"
        ],
        "x-ms-routing-request-id": [
          "CANADACENTRAL:20230314T165429Z:8b311903-0b5f-4564-aa3c-ea08d97640a5"
        ],
        "X-Content-Type-Options": [
          "nosniff"
        ],
        "Date": [
          "Tue, 14 Mar 2023 16:54:29 GMT"
        ],
        "Content-Length": [
          "30"
        ],
        "Content-Type": [
          "application/json; charset=utf-8"
        ],
        "Expires": [
          "-1"
        ]
      },
      "ResponseBody": "{\r\n  \"status\": \"InProgress\"\r\n}",
      "StatusCode": 200
    },
    {
      "RequestUri": "/subscriptions/e37510d7-33b6-4676-886f-ee75bcc01871/providers/Microsoft.Network/locations/eastus2/operations/f9e11640-726a-4c64-b3ee-bf9d04bfc588?api-version=2019-09-01",
      "EncodedRequestUri": "L3N1YnNjcmlwdGlvbnMvZTM3NTEwZDctMzNiNi00Njc2LTg4NmYtZWU3NWJjYzAxODcxL3Byb3ZpZGVycy9NaWNyb3NvZnQuTmV0d29yay9sb2NhdGlvbnMvZWFzdHVzMi9vcGVyYXRpb25zL2Y5ZTExNjQwLTcyNmEtNGM2NC1iM2VlLWJmOWQwNGJmYzU4OD9hcGktdmVyc2lvbj0yMDE5LTA5LTAx",
      "RequestMethod": "GET",
      "RequestBody": "",
      "RequestHeaders": {
        "User-Agent": [
          "FxVersion/6.0.1423.7309",
          "OSName/Windows",
          "OSVersion/Microsoft.Windows.10.0.22621",
          "Microsoft.Azure.Management.Network.NetworkManagementClient/19.17.1.0"
        ]
      },
      "ResponseHeaders": {
        "Cache-Control": [
          "no-cache"
        ],
        "Pragma": [
          "no-cache"
        ],
        "x-ms-request-id": [
          "eab4aff4-1f9b-4815-86bd-c6ad2a9f3433"
        ],
        "x-ms-correlation-request-id": [
          "a61493e3-f8c9-4222-8fcd-0cb376e593bb"
        ],
        "x-ms-arm-service-request-id": [
          "6f6fd13d-c585-47c8-9c80-cc866ce1399d"
        ],
        "Strict-Transport-Security": [
          "max-age=31536000; includeSubDomains"
        ],
        "Server": [
          "Microsoft-HTTPAPI/2.0",
          "Microsoft-HTTPAPI/2.0"
        ],
        "x-ms-ratelimit-remaining-subscription-reads": [
          "11998"
        ],
        "x-ms-routing-request-id": [
          "CANADACENTRAL:20230314T165431Z:a61493e3-f8c9-4222-8fcd-0cb376e593bb"
        ],
        "X-Content-Type-Options": [
          "nosniff"
        ],
        "Date": [
          "Tue, 14 Mar 2023 16:54:31 GMT"
        ],
        "Content-Length": [
          "29"
        ],
        "Content-Type": [
          "application/json; charset=utf-8"
        ],
        "Expires": [
          "-1"
        ]
      },
      "ResponseBody": "{\r\n  \"status\": \"Succeeded\"\r\n}",
      "StatusCode": 200
    },
    {
      "RequestUri": "/subscriptions/e37510d7-33b6-4676-886f-ee75bcc01871/resourceGroups/crptestar2401/providers/Microsoft.Network/publicIPAddresses/pip3789?api-version=2019-09-01",
      "EncodedRequestUri": "L3N1YnNjcmlwdGlvbnMvZTM3NTEwZDctMzNiNi00Njc2LTg4NmYtZWU3NWJjYzAxODcxL3Jlc291cmNlR3JvdXBzL2NycHRlc3RhcjI0MDEvcHJvdmlkZXJzL01pY3Jvc29mdC5OZXR3b3JrL3B1YmxpY0lQQWRkcmVzc2VzL3BpcDM3ODk/YXBpLXZlcnNpb249MjAxOS0wOS0wMQ==",
      "RequestMethod": "GET",
      "RequestBody": "",
      "RequestHeaders": {
        "User-Agent": [
          "FxVersion/6.0.1423.7309",
          "OSName/Windows",
          "OSVersion/Microsoft.Windows.10.0.22621",
          "Microsoft.Azure.Management.Network.NetworkManagementClient/19.17.1.0"
        ]
      },
      "ResponseHeaders": {
        "Cache-Control": [
          "no-cache"
        ],
        "Pragma": [
          "no-cache"
        ],
        "ETag": [
          "W/\"53dee318-82a6-4d41-b141-640d38f7197f\""
        ],
        "x-ms-request-id": [
          "a1fdbf6f-e625-49ac-b0d5-46589993fdc1"
        ],
        "x-ms-correlation-request-id": [
          "8edaf37f-8a80-48fc-ac3c-2e08266fa3d8"
        ],
        "x-ms-arm-service-request-id": [
          "6cd5755b-03be-45ff-b2f1-9248937a60b0"
        ],
        "Strict-Transport-Security": [
          "max-age=31536000; includeSubDomains"
        ],
        "Server": [
          "Microsoft-HTTPAPI/2.0",
          "Microsoft-HTTPAPI/2.0"
        ],
        "x-ms-ratelimit-remaining-subscription-reads": [
          "11997"
        ],
        "x-ms-routing-request-id": [
          "CANADACENTRAL:20230314T165431Z:8edaf37f-8a80-48fc-ac3c-2e08266fa3d8"
        ],
        "X-Content-Type-Options": [
          "nosniff"
        ],
        "Date": [
          "Tue, 14 Mar 2023 16:54:31 GMT"
        ],
        "Content-Length": [
          "758"
        ],
        "Content-Type": [
          "application/json; charset=utf-8"
        ],
        "Expires": [
          "-1"
        ]
      },
      "ResponseBody": "{\r\n  \"name\": \"pip3789\",\r\n  \"id\": \"/subscriptions/e37510d7-33b6-4676-886f-ee75bcc01871/resourceGroups/crptestar2401/providers/Microsoft.Network/publicIPAddresses/pip3789\",\r\n  \"etag\": \"W/\\\"53dee318-82a6-4d41-b141-640d38f7197f\\\"\",\r\n  \"location\": \"eastus2\",\r\n  \"tags\": {\r\n    \"key\": \"value\"\r\n  },\r\n  \"properties\": {\r\n    \"provisioningState\": \"Succeeded\",\r\n    \"resourceGuid\": \"6370a0f3-2d1f-48c5-91f8-d0f17f1425c8\",\r\n    \"publicIPAddressVersion\": \"IPv4\",\r\n    \"publicIPAllocationMethod\": \"Dynamic\",\r\n    \"idleTimeoutInMinutes\": 4,\r\n    \"dnsSettings\": {\r\n      \"domainNameLabel\": \"dn9270\",\r\n      \"fqdn\": \"dn9270.eastus2.cloudapp.azure.com\"\r\n    },\r\n    \"ipTags\": []\r\n  },\r\n  \"type\": \"Microsoft.Network/publicIPAddresses\",\r\n  \"sku\": {\r\n    \"name\": \"Basic\"\r\n  }\r\n}",
      "StatusCode": 200
    },
    {
      "RequestUri": "/subscriptions/e37510d7-33b6-4676-886f-ee75bcc01871/resourceGroups/crptestar2401/providers/Microsoft.Network/publicIPAddresses/pip3789?api-version=2019-09-01",
      "EncodedRequestUri": "L3N1YnNjcmlwdGlvbnMvZTM3NTEwZDctMzNiNi00Njc2LTg4NmYtZWU3NWJjYzAxODcxL3Jlc291cmNlR3JvdXBzL2NycHRlc3RhcjI0MDEvcHJvdmlkZXJzL01pY3Jvc29mdC5OZXR3b3JrL3B1YmxpY0lQQWRkcmVzc2VzL3BpcDM3ODk/YXBpLXZlcnNpb249MjAxOS0wOS0wMQ==",
      "RequestMethod": "GET",
      "RequestBody": "",
      "RequestHeaders": {
        "x-ms-client-request-id": [
          "2f170f7e-4224-4972-9672-d32049c31806"
        ],
        "Accept-Language": [
          "en-US"
        ],
        "User-Agent": [
          "FxVersion/6.0.1423.7309",
          "OSName/Windows",
          "OSVersion/Microsoft.Windows.10.0.22621",
          "Microsoft.Azure.Management.Network.NetworkManagementClient/19.17.1.0"
        ]
      },
      "ResponseHeaders": {
        "Cache-Control": [
          "no-cache"
        ],
        "Pragma": [
          "no-cache"
        ],
        "ETag": [
          "W/\"53dee318-82a6-4d41-b141-640d38f7197f\""
        ],
        "x-ms-request-id": [
          "ba89f633-1a4f-4e29-aa48-69e863309707"
        ],
        "x-ms-correlation-request-id": [
          "6fb90336-feb7-45fd-a95f-5c2f5dc0bf23"
        ],
        "x-ms-arm-service-request-id": [
          "446f6f32-9b10-4ad2-9f2f-80f0c4a31818"
        ],
        "Strict-Transport-Security": [
          "max-age=31536000; includeSubDomains"
        ],
        "Server": [
          "Microsoft-HTTPAPI/2.0",
          "Microsoft-HTTPAPI/2.0"
        ],
        "x-ms-ratelimit-remaining-subscription-reads": [
          "11996"
        ],
        "x-ms-routing-request-id": [
          "CANADACENTRAL:20230314T165432Z:6fb90336-feb7-45fd-a95f-5c2f5dc0bf23"
        ],
        "X-Content-Type-Options": [
          "nosniff"
        ],
        "Date": [
          "Tue, 14 Mar 2023 16:54:31 GMT"
        ],
        "Content-Length": [
          "758"
        ],
        "Content-Type": [
          "application/json; charset=utf-8"
        ],
        "Expires": [
          "-1"
        ]
      },
      "ResponseBody": "{\r\n  \"name\": \"pip3789\",\r\n  \"id\": \"/subscriptions/e37510d7-33b6-4676-886f-ee75bcc01871/resourceGroups/crptestar2401/providers/Microsoft.Network/publicIPAddresses/pip3789\",\r\n  \"etag\": \"W/\\\"53dee318-82a6-4d41-b141-640d38f7197f\\\"\",\r\n  \"location\": \"eastus2\",\r\n  \"tags\": {\r\n    \"key\": \"value\"\r\n  },\r\n  \"properties\": {\r\n    \"provisioningState\": \"Succeeded\",\r\n    \"resourceGuid\": \"6370a0f3-2d1f-48c5-91f8-d0f17f1425c8\",\r\n    \"publicIPAddressVersion\": \"IPv4\",\r\n    \"publicIPAllocationMethod\": \"Dynamic\",\r\n    \"idleTimeoutInMinutes\": 4,\r\n    \"dnsSettings\": {\r\n      \"domainNameLabel\": \"dn9270\",\r\n      \"fqdn\": \"dn9270.eastus2.cloudapp.azure.com\"\r\n    },\r\n    \"ipTags\": []\r\n  },\r\n  \"type\": \"Microsoft.Network/publicIPAddresses\",\r\n  \"sku\": {\r\n    \"name\": \"Basic\"\r\n  }\r\n}",
      "StatusCode": 200
    },
    {
      "RequestUri": "/subscriptions/e37510d7-33b6-4676-886f-ee75bcc01871/resourceGroups/crptestar2401/providers/Microsoft.Network/virtualNetworks/vn2189?api-version=2019-09-01",
      "EncodedRequestUri": "L3N1YnNjcmlwdGlvbnMvZTM3NTEwZDctMzNiNi00Njc2LTg4NmYtZWU3NWJjYzAxODcxL3Jlc291cmNlR3JvdXBzL2NycHRlc3RhcjI0MDEvcHJvdmlkZXJzL01pY3Jvc29mdC5OZXR3b3JrL3ZpcnR1YWxOZXR3b3Jrcy92bjIxODk/YXBpLXZlcnNpb249MjAxOS0wOS0wMQ==",
      "RequestMethod": "PUT",
      "RequestBody": "{\r\n  \"properties\": {\r\n    \"addressSpace\": {\r\n      \"addressPrefixes\": [\r\n        \"10.0.0.0/16\"\r\n      ]\r\n    },\r\n    \"dhcpOptions\": {\r\n      \"dnsServers\": [\r\n        \"10.1.1.1\",\r\n        \"10.1.2.4\"\r\n      ]\r\n    },\r\n    \"subnets\": [\r\n      {\r\n        \"properties\": {\r\n          \"addressPrefix\": \"10.0.0.0/24\"\r\n        },\r\n        \"name\": \"sn8685\"\r\n      }\r\n    ]\r\n  },\r\n  \"location\": \"eastus2\"\r\n}",
      "RequestHeaders": {
        "x-ms-client-request-id": [
          "89b5e9a6-138e-4b1c-9b03-2377a40280ba"
        ],
        "Accept-Language": [
          "en-US"
        ],
        "User-Agent": [
          "FxVersion/6.0.1423.7309",
          "OSName/Windows",
          "OSVersion/Microsoft.Windows.10.0.22621",
          "Microsoft.Azure.Management.Network.NetworkManagementClient/19.17.1.0"
        ],
        "Content-Type": [
          "application/json; charset=utf-8"
        ],
        "Content-Length": [
          "396"
        ]
      },
      "ResponseHeaders": {
        "Cache-Control": [
          "no-cache"
        ],
        "Pragma": [
          "no-cache"
        ],
        "Retry-After": [
          "3"
        ],
        "x-ms-request-id": [
          "b5e9ca42-8a1a-4ebf-890a-07b2272c8e8e"
        ],
        "Azure-AsyncOperation": [
          "https://management.azure.com/subscriptions/e37510d7-33b6-4676-886f-ee75bcc01871/providers/Microsoft.Network/locations/eastus2/operations/b5e9ca42-8a1a-4ebf-890a-07b2272c8e8e?api-version=2019-09-01"
        ],
        "x-ms-correlation-request-id": [
          "b874b5f1-b346-435e-a433-7d0e2d571fb1"
        ],
        "Azure-AsyncNotification": [
          "Enabled"
        ],
        "x-ms-arm-service-request-id": [
          "abf14f53-3972-4120-85ed-4e2ee67566a6"
        ],
        "Strict-Transport-Security": [
          "max-age=31536000; includeSubDomains"
        ],
        "Server": [
          "Microsoft-HTTPAPI/2.0",
          "Microsoft-HTTPAPI/2.0"
        ],
        "x-ms-ratelimit-remaining-subscription-writes": [
          "1198"
        ],
        "x-ms-routing-request-id": [
          "CANADACENTRAL:20230314T165432Z:b874b5f1-b346-435e-a433-7d0e2d571fb1"
        ],
        "X-Content-Type-Options": [
          "nosniff"
        ],
        "Date": [
          "Tue, 14 Mar 2023 16:54:32 GMT"
        ],
        "Content-Length": [
          "1316"
        ],
        "Content-Type": [
          "application/json; charset=utf-8"
        ],
        "Expires": [
          "-1"
        ]
      },
      "ResponseBody": "{\r\n  \"name\": \"vn2189\",\r\n  \"id\": \"/subscriptions/e37510d7-33b6-4676-886f-ee75bcc01871/resourceGroups/crptestar2401/providers/Microsoft.Network/virtualNetworks/vn2189\",\r\n  \"etag\": \"W/\\\"41740a28-8c92-4a97-8aef-a4a69288f3a2\\\"\",\r\n  \"type\": \"Microsoft.Network/virtualNetworks\",\r\n  \"location\": \"eastus2\",\r\n  \"properties\": {\r\n    \"provisioningState\": \"Updating\",\r\n    \"resourceGuid\": \"3ed35819-924f-4f31-a4f0-b6dfb4c9100c\",\r\n    \"addressSpace\": {\r\n      \"addressPrefixes\": [\r\n        \"10.0.0.0/16\"\r\n      ]\r\n    },\r\n    \"dhcpOptions\": {\r\n      \"dnsServers\": [\r\n        \"10.1.1.1\",\r\n        \"10.1.2.4\"\r\n      ]\r\n    },\r\n    \"subnets\": [\r\n      {\r\n        \"name\": \"sn8685\",\r\n        \"id\": \"/subscriptions/e37510d7-33b6-4676-886f-ee75bcc01871/resourceGroups/crptestar2401/providers/Microsoft.Network/virtualNetworks/vn2189/subnets/sn8685\",\r\n        \"etag\": \"W/\\\"41740a28-8c92-4a97-8aef-a4a69288f3a2\\\"\",\r\n        \"properties\": {\r\n          \"provisioningState\": \"Updating\",\r\n          \"addressPrefix\": \"10.0.0.0/24\",\r\n          \"delegations\": [],\r\n          \"privateEndpointNetworkPolicies\": \"Disabled\",\r\n          \"privateLinkServiceNetworkPolicies\": \"Enabled\"\r\n        },\r\n        \"type\": \"Microsoft.Network/virtualNetworks/subnets\"\r\n      }\r\n    ],\r\n    \"virtualNetworkPeerings\": [],\r\n    \"enableDdosProtection\": false\r\n  }\r\n}",
      "StatusCode": 201
    },
    {
      "RequestUri": "/subscriptions/e37510d7-33b6-4676-886f-ee75bcc01871/providers/Microsoft.Network/locations/eastus2/operations/b5e9ca42-8a1a-4ebf-890a-07b2272c8e8e?api-version=2019-09-01",
      "EncodedRequestUri": "L3N1YnNjcmlwdGlvbnMvZTM3NTEwZDctMzNiNi00Njc2LTg4NmYtZWU3NWJjYzAxODcxL3Byb3ZpZGVycy9NaWNyb3NvZnQuTmV0d29yay9sb2NhdGlvbnMvZWFzdHVzMi9vcGVyYXRpb25zL2I1ZTljYTQyLThhMWEtNGViZi04OTBhLTA3YjIyNzJjOGU4ZT9hcGktdmVyc2lvbj0yMDE5LTA5LTAx",
      "RequestMethod": "GET",
      "RequestBody": "",
      "RequestHeaders": {
        "User-Agent": [
          "FxVersion/6.0.1423.7309",
          "OSName/Windows",
          "OSVersion/Microsoft.Windows.10.0.22621",
          "Microsoft.Azure.Management.Network.NetworkManagementClient/19.17.1.0"
        ]
      },
      "ResponseHeaders": {
        "Cache-Control": [
          "no-cache"
        ],
        "Pragma": [
          "no-cache"
        ],
        "x-ms-request-id": [
          "3c7e88f7-0395-4a5c-92a1-b5d3bad868c5"
        ],
        "x-ms-correlation-request-id": [
          "9d4b10d5-3588-4d44-9922-c7bffd43ad79"
        ],
        "x-ms-arm-service-request-id": [
          "a2fee12a-6d57-435b-8a50-8e3520456483"
        ],
        "Strict-Transport-Security": [
          "max-age=31536000; includeSubDomains"
        ],
        "Server": [
          "Microsoft-HTTPAPI/2.0",
          "Microsoft-HTTPAPI/2.0"
        ],
        "x-ms-ratelimit-remaining-subscription-reads": [
          "11995"
        ],
        "x-ms-routing-request-id": [
          "CANADACENTRAL:20230314T165436Z:9d4b10d5-3588-4d44-9922-c7bffd43ad79"
        ],
        "X-Content-Type-Options": [
          "nosniff"
        ],
        "Date": [
          "Tue, 14 Mar 2023 16:54:35 GMT"
        ],
        "Content-Length": [
          "29"
        ],
        "Content-Type": [
          "application/json; charset=utf-8"
        ],
        "Expires": [
          "-1"
        ]
      },
      "ResponseBody": "{\r\n  \"status\": \"Succeeded\"\r\n}",
      "StatusCode": 200
    },
    {
      "RequestUri": "/subscriptions/e37510d7-33b6-4676-886f-ee75bcc01871/resourceGroups/crptestar2401/providers/Microsoft.Network/virtualNetworks/vn2189?api-version=2019-09-01",
      "EncodedRequestUri": "L3N1YnNjcmlwdGlvbnMvZTM3NTEwZDctMzNiNi00Njc2LTg4NmYtZWU3NWJjYzAxODcxL3Jlc291cmNlR3JvdXBzL2NycHRlc3RhcjI0MDEvcHJvdmlkZXJzL01pY3Jvc29mdC5OZXR3b3JrL3ZpcnR1YWxOZXR3b3Jrcy92bjIxODk/YXBpLXZlcnNpb249MjAxOS0wOS0wMQ==",
      "RequestMethod": "GET",
      "RequestBody": "",
      "RequestHeaders": {
        "User-Agent": [
          "FxVersion/6.0.1423.7309",
          "OSName/Windows",
          "OSVersion/Microsoft.Windows.10.0.22621",
          "Microsoft.Azure.Management.Network.NetworkManagementClient/19.17.1.0"
        ]
      },
      "ResponseHeaders": {
        "Cache-Control": [
          "no-cache"
        ],
        "Pragma": [
          "no-cache"
        ],
        "ETag": [
          "W/\"56bba9e4-eae6-43c3-9829-d6afd7e5ef13\""
        ],
        "x-ms-request-id": [
          "5036087b-9a7a-449f-999e-4c79ec6e1c61"
        ],
        "x-ms-correlation-request-id": [
          "8014cef2-0a75-439b-9116-9a70ef711466"
        ],
        "x-ms-arm-service-request-id": [
          "cce21e77-ec02-4c2d-acfd-7bb0f20ae410"
        ],
        "Strict-Transport-Security": [
          "max-age=31536000; includeSubDomains"
        ],
        "Server": [
          "Microsoft-HTTPAPI/2.0",
          "Microsoft-HTTPAPI/2.0"
        ],
        "x-ms-ratelimit-remaining-subscription-reads": [
          "11994"
        ],
        "x-ms-routing-request-id": [
          "CANADACENTRAL:20230314T165436Z:8014cef2-0a75-439b-9116-9a70ef711466"
        ],
        "X-Content-Type-Options": [
          "nosniff"
        ],
        "Date": [
          "Tue, 14 Mar 2023 16:54:35 GMT"
        ],
        "Content-Length": [
          "1318"
        ],
        "Content-Type": [
          "application/json; charset=utf-8"
        ],
        "Expires": [
          "-1"
        ]
      },
      "ResponseBody": "{\r\n  \"name\": \"vn2189\",\r\n  \"id\": \"/subscriptions/e37510d7-33b6-4676-886f-ee75bcc01871/resourceGroups/crptestar2401/providers/Microsoft.Network/virtualNetworks/vn2189\",\r\n  \"etag\": \"W/\\\"56bba9e4-eae6-43c3-9829-d6afd7e5ef13\\\"\",\r\n  \"type\": \"Microsoft.Network/virtualNetworks\",\r\n  \"location\": \"eastus2\",\r\n  \"properties\": {\r\n    \"provisioningState\": \"Succeeded\",\r\n    \"resourceGuid\": \"3ed35819-924f-4f31-a4f0-b6dfb4c9100c\",\r\n    \"addressSpace\": {\r\n      \"addressPrefixes\": [\r\n        \"10.0.0.0/16\"\r\n      ]\r\n    },\r\n    \"dhcpOptions\": {\r\n      \"dnsServers\": [\r\n        \"10.1.1.1\",\r\n        \"10.1.2.4\"\r\n      ]\r\n    },\r\n    \"subnets\": [\r\n      {\r\n        \"name\": \"sn8685\",\r\n        \"id\": \"/subscriptions/e37510d7-33b6-4676-886f-ee75bcc01871/resourceGroups/crptestar2401/providers/Microsoft.Network/virtualNetworks/vn2189/subnets/sn8685\",\r\n        \"etag\": \"W/\\\"56bba9e4-eae6-43c3-9829-d6afd7e5ef13\\\"\",\r\n        \"properties\": {\r\n          \"provisioningState\": \"Succeeded\",\r\n          \"addressPrefix\": \"10.0.0.0/24\",\r\n          \"delegations\": [],\r\n          \"privateEndpointNetworkPolicies\": \"Disabled\",\r\n          \"privateLinkServiceNetworkPolicies\": \"Enabled\"\r\n        },\r\n        \"type\": \"Microsoft.Network/virtualNetworks/subnets\"\r\n      }\r\n    ],\r\n    \"virtualNetworkPeerings\": [],\r\n    \"enableDdosProtection\": false\r\n  }\r\n}",
      "StatusCode": 200
    },
    {
      "RequestUri": "/subscriptions/e37510d7-33b6-4676-886f-ee75bcc01871/resourceGroups/crptestar2401/providers/Microsoft.Network/virtualNetworks/vn2189/subnets/sn8685?api-version=2019-09-01",
      "EncodedRequestUri": "L3N1YnNjcmlwdGlvbnMvZTM3NTEwZDctMzNiNi00Njc2LTg4NmYtZWU3NWJjYzAxODcxL3Jlc291cmNlR3JvdXBzL2NycHRlc3RhcjI0MDEvcHJvdmlkZXJzL01pY3Jvc29mdC5OZXR3b3JrL3ZpcnR1YWxOZXR3b3Jrcy92bjIxODkvc3VibmV0cy9zbjg2ODU/YXBpLXZlcnNpb249MjAxOS0wOS0wMQ==",
      "RequestMethod": "GET",
      "RequestBody": "",
      "RequestHeaders": {
        "x-ms-client-request-id": [
          "c66e397d-798e-4962-a340-c9d287386e89"
        ],
        "Accept-Language": [
          "en-US"
        ],
        "User-Agent": [
          "FxVersion/6.0.1423.7309",
          "OSName/Windows",
          "OSVersion/Microsoft.Windows.10.0.22621",
          "Microsoft.Azure.Management.Network.NetworkManagementClient/19.17.1.0"
        ]
      },
      "ResponseHeaders": {
        "Cache-Control": [
          "no-cache"
        ],
        "Pragma": [
          "no-cache"
        ],
        "ETag": [
          "W/\"56bba9e4-eae6-43c3-9829-d6afd7e5ef13\""
        ],
        "x-ms-request-id": [
          "d3e285e5-9d1a-44ec-8f77-7ef116b9fd1b"
        ],
        "x-ms-correlation-request-id": [
          "cc4295f9-05ab-4c79-be63-d6f7db2110a4"
        ],
        "x-ms-arm-service-request-id": [
          "d25782c0-58a1-4cfd-a7ba-217a422049c6"
        ],
        "Strict-Transport-Security": [
          "max-age=31536000; includeSubDomains"
        ],
        "Server": [
          "Microsoft-HTTPAPI/2.0",
          "Microsoft-HTTPAPI/2.0"
        ],
        "x-ms-ratelimit-remaining-subscription-reads": [
          "11993"
        ],
        "x-ms-routing-request-id": [
          "CANADACENTRAL:20230314T165436Z:cc4295f9-05ab-4c79-be63-d6f7db2110a4"
        ],
        "X-Content-Type-Options": [
          "nosniff"
        ],
        "Date": [
          "Tue, 14 Mar 2023 16:54:35 GMT"
        ],
        "Content-Length": [
          "524"
        ],
        "Content-Type": [
          "application/json; charset=utf-8"
        ],
        "Expires": [
          "-1"
        ]
      },
      "ResponseBody": "{\r\n  \"name\": \"sn8685\",\r\n  \"id\": \"/subscriptions/e37510d7-33b6-4676-886f-ee75bcc01871/resourceGroups/crptestar2401/providers/Microsoft.Network/virtualNetworks/vn2189/subnets/sn8685\",\r\n  \"etag\": \"W/\\\"56bba9e4-eae6-43c3-9829-d6afd7e5ef13\\\"\",\r\n  \"properties\": {\r\n    \"provisioningState\": \"Succeeded\",\r\n    \"addressPrefix\": \"10.0.0.0/24\",\r\n    \"delegations\": [],\r\n    \"privateEndpointNetworkPolicies\": \"Disabled\",\r\n    \"privateLinkServiceNetworkPolicies\": \"Enabled\"\r\n  },\r\n  \"type\": \"Microsoft.Network/virtualNetworks/subnets\"\r\n}",
      "StatusCode": 200
    },
    {
      "RequestUri": "/subscriptions/e37510d7-33b6-4676-886f-ee75bcc01871/resourceGroups/crptestar2401/providers/Microsoft.Network/networkInterfaces/nic1419?api-version=2019-09-01",
      "EncodedRequestUri": "L3N1YnNjcmlwdGlvbnMvZTM3NTEwZDctMzNiNi00Njc2LTg4NmYtZWU3NWJjYzAxODcxL3Jlc291cmNlR3JvdXBzL2NycHRlc3RhcjI0MDEvcHJvdmlkZXJzL01pY3Jvc29mdC5OZXR3b3JrL25ldHdvcmtJbnRlcmZhY2VzL25pYzE0MTk/YXBpLXZlcnNpb249MjAxOS0wOS0wMQ==",
      "RequestMethod": "PUT",
      "RequestBody": "{\r\n  \"properties\": {\r\n    \"ipConfigurations\": [\r\n      {\r\n        \"properties\": {\r\n          \"privateIPAllocationMethod\": \"Dynamic\",\r\n          \"subnet\": {\r\n            \"properties\": {\r\n              \"addressPrefix\": \"10.0.0.0/24\",\r\n              \"delegations\": [],\r\n              \"privateEndpointNetworkPolicies\": \"Disabled\",\r\n              \"privateLinkServiceNetworkPolicies\": \"Enabled\"\r\n            },\r\n            \"name\": \"sn8685\",\r\n            \"id\": \"/subscriptions/e37510d7-33b6-4676-886f-ee75bcc01871/resourceGroups/crptestar2401/providers/Microsoft.Network/virtualNetworks/vn2189/subnets/sn8685\"\r\n          }\r\n        },\r\n        \"name\": \"ip9407\"\r\n      }\r\n    ]\r\n  },\r\n  \"location\": \"eastus2\",\r\n  \"tags\": {\r\n    \"key\": \"value\"\r\n  }\r\n}",
      "RequestHeaders": {
        "x-ms-client-request-id": [
          "45073c1b-4226-42f8-8d32-95e44e341a1d"
        ],
        "Accept-Language": [
          "en-US"
        ],
        "User-Agent": [
          "FxVersion/6.0.1423.7309",
          "OSName/Windows",
          "OSVersion/Microsoft.Windows.10.0.22621",
          "Microsoft.Azure.Management.Network.NetworkManagementClient/19.17.1.0"
        ],
        "Content-Type": [
          "application/json; charset=utf-8"
        ],
        "Content-Length": [
          "743"
        ]
      },
      "ResponseHeaders": {
        "Cache-Control": [
          "no-cache"
        ],
        "Pragma": [
          "no-cache"
        ],
        "x-ms-request-id": [
          "b153324f-fb12-4cf7-b0e0-b5e6adebdeed"
        ],
        "Azure-AsyncOperation": [
          "https://management.azure.com/subscriptions/e37510d7-33b6-4676-886f-ee75bcc01871/providers/Microsoft.Network/locations/eastus2/operations/b153324f-fb12-4cf7-b0e0-b5e6adebdeed?api-version=2019-09-01"
        ],
        "x-ms-correlation-request-id": [
          "2cfb5c6e-d5b8-422c-b308-485e4f36d08b"
        ],
        "Azure-AsyncNotification": [
          "Enabled"
        ],
        "x-ms-arm-service-request-id": [
          "f06b8aaf-ccb1-4a11-9ac8-58a0979616d9"
        ],
        "Strict-Transport-Security": [
          "max-age=31536000; includeSubDomains"
        ],
        "Server": [
          "Microsoft-HTTPAPI/2.0",
          "Microsoft-HTTPAPI/2.0"
        ],
        "x-ms-ratelimit-remaining-subscription-writes": [
          "1197"
        ],
        "x-ms-routing-request-id": [
          "CANADACENTRAL:20230314T165436Z:2cfb5c6e-d5b8-422c-b308-485e4f36d08b"
        ],
        "X-Content-Type-Options": [
          "nosniff"
        ],
        "Date": [
          "Tue, 14 Mar 2023 16:54:36 GMT"
        ],
        "Content-Length": [
          "1625"
        ],
        "Content-Type": [
          "application/json; charset=utf-8"
        ],
        "Expires": [
          "-1"
        ]
      },
      "ResponseBody": "{\r\n  \"name\": \"nic1419\",\r\n  \"id\": \"/subscriptions/e37510d7-33b6-4676-886f-ee75bcc01871/resourceGroups/crptestar2401/providers/Microsoft.Network/networkInterfaces/nic1419\",\r\n  \"etag\": \"W/\\\"6b09e6a4-a52f-4ee7-8e4a-1a953f18bd08\\\"\",\r\n  \"tags\": {\r\n    \"key\": \"value\"\r\n  },\r\n  \"properties\": {\r\n    \"provisioningState\": \"Succeeded\",\r\n    \"resourceGuid\": \"0be65a96-ab63-43e9-94fb-6dfa1ea7ac09\",\r\n    \"ipConfigurations\": [\r\n      {\r\n        \"name\": \"ip9407\",\r\n        \"id\": \"/subscriptions/e37510d7-33b6-4676-886f-ee75bcc01871/resourceGroups/crptestar2401/providers/Microsoft.Network/networkInterfaces/nic1419/ipConfigurations/ip9407\",\r\n        \"etag\": \"W/\\\"6b09e6a4-a52f-4ee7-8e4a-1a953f18bd08\\\"\",\r\n        \"type\": \"Microsoft.Network/networkInterfaces/ipConfigurations\",\r\n        \"properties\": {\r\n          \"provisioningState\": \"Succeeded\",\r\n          \"privateIPAddress\": \"10.0.0.4\",\r\n          \"privateIPAllocationMethod\": \"Dynamic\",\r\n          \"subnet\": {\r\n            \"id\": \"/subscriptions/e37510d7-33b6-4676-886f-ee75bcc01871/resourceGroups/crptestar2401/providers/Microsoft.Network/virtualNetworks/vn2189/subnets/sn8685\"\r\n          },\r\n          \"primary\": true,\r\n          \"privateIPAddressVersion\": \"IPv4\"\r\n        }\r\n      }\r\n    ],\r\n    \"dnsSettings\": {\r\n      \"dnsServers\": [],\r\n      \"appliedDnsServers\": [],\r\n      \"internalDomainNameSuffix\": \"dfmngpspsiyu5jhqw1p1jsiqbe.cx.internal.cloudapp.net\"\r\n    },\r\n    \"enableAcceleratedNetworking\": false,\r\n    \"enableIPForwarding\": false,\r\n    \"hostedWorkloads\": [],\r\n    \"tapConfigurations\": []\r\n  },\r\n  \"type\": \"Microsoft.Network/networkInterfaces\",\r\n  \"location\": \"eastus2\"\r\n}",
      "StatusCode": 201
    },
    {
      "RequestUri": "/subscriptions/e37510d7-33b6-4676-886f-ee75bcc01871/resourceGroups/crptestar2401/providers/Microsoft.Network/networkInterfaces/nic1419?api-version=2019-09-01",
      "EncodedRequestUri": "L3N1YnNjcmlwdGlvbnMvZTM3NTEwZDctMzNiNi00Njc2LTg4NmYtZWU3NWJjYzAxODcxL3Jlc291cmNlR3JvdXBzL2NycHRlc3RhcjI0MDEvcHJvdmlkZXJzL01pY3Jvc29mdC5OZXR3b3JrL25ldHdvcmtJbnRlcmZhY2VzL25pYzE0MTk/YXBpLXZlcnNpb249MjAxOS0wOS0wMQ==",
      "RequestMethod": "GET",
      "RequestBody": "",
      "RequestHeaders": {
        "User-Agent": [
          "FxVersion/6.0.1423.7309",
          "OSName/Windows",
          "OSVersion/Microsoft.Windows.10.0.22621",
          "Microsoft.Azure.Management.Network.NetworkManagementClient/19.17.1.0"
        ]
      },
      "ResponseHeaders": {
        "Cache-Control": [
          "no-cache"
        ],
        "Pragma": [
          "no-cache"
        ],
        "ETag": [
          "W/\"6b09e6a4-a52f-4ee7-8e4a-1a953f18bd08\""
        ],
        "x-ms-request-id": [
          "51fcc989-ba53-4b8e-9e40-382f89f24e25"
        ],
        "x-ms-correlation-request-id": [
          "462dea0a-7687-4c70-a31c-c00b47eb5cc1"
        ],
        "x-ms-arm-service-request-id": [
          "afb97fb3-8878-4ac4-91ea-410a17f0969d"
        ],
        "Strict-Transport-Security": [
          "max-age=31536000; includeSubDomains"
        ],
        "Server": [
          "Microsoft-HTTPAPI/2.0",
          "Microsoft-HTTPAPI/2.0"
        ],
        "x-ms-ratelimit-remaining-subscription-reads": [
          "11992"
        ],
        "x-ms-routing-request-id": [
          "CANADACENTRAL:20230314T165437Z:462dea0a-7687-4c70-a31c-c00b47eb5cc1"
        ],
        "X-Content-Type-Options": [
          "nosniff"
        ],
        "Date": [
          "Tue, 14 Mar 2023 16:54:36 GMT"
        ],
        "Content-Length": [
          "1625"
        ],
        "Content-Type": [
          "application/json; charset=utf-8"
        ],
        "Expires": [
          "-1"
        ]
      },
      "ResponseBody": "{\r\n  \"name\": \"nic1419\",\r\n  \"id\": \"/subscriptions/e37510d7-33b6-4676-886f-ee75bcc01871/resourceGroups/crptestar2401/providers/Microsoft.Network/networkInterfaces/nic1419\",\r\n  \"etag\": \"W/\\\"6b09e6a4-a52f-4ee7-8e4a-1a953f18bd08\\\"\",\r\n  \"tags\": {\r\n    \"key\": \"value\"\r\n  },\r\n  \"properties\": {\r\n    \"provisioningState\": \"Succeeded\",\r\n    \"resourceGuid\": \"0be65a96-ab63-43e9-94fb-6dfa1ea7ac09\",\r\n    \"ipConfigurations\": [\r\n      {\r\n        \"name\": \"ip9407\",\r\n        \"id\": \"/subscriptions/e37510d7-33b6-4676-886f-ee75bcc01871/resourceGroups/crptestar2401/providers/Microsoft.Network/networkInterfaces/nic1419/ipConfigurations/ip9407\",\r\n        \"etag\": \"W/\\\"6b09e6a4-a52f-4ee7-8e4a-1a953f18bd08\\\"\",\r\n        \"type\": \"Microsoft.Network/networkInterfaces/ipConfigurations\",\r\n        \"properties\": {\r\n          \"provisioningState\": \"Succeeded\",\r\n          \"privateIPAddress\": \"10.0.0.4\",\r\n          \"privateIPAllocationMethod\": \"Dynamic\",\r\n          \"subnet\": {\r\n            \"id\": \"/subscriptions/e37510d7-33b6-4676-886f-ee75bcc01871/resourceGroups/crptestar2401/providers/Microsoft.Network/virtualNetworks/vn2189/subnets/sn8685\"\r\n          },\r\n          \"primary\": true,\r\n          \"privateIPAddressVersion\": \"IPv4\"\r\n        }\r\n      }\r\n    ],\r\n    \"dnsSettings\": {\r\n      \"dnsServers\": [],\r\n      \"appliedDnsServers\": [],\r\n      \"internalDomainNameSuffix\": \"dfmngpspsiyu5jhqw1p1jsiqbe.cx.internal.cloudapp.net\"\r\n    },\r\n    \"enableAcceleratedNetworking\": false,\r\n    \"enableIPForwarding\": false,\r\n    \"hostedWorkloads\": [],\r\n    \"tapConfigurations\": []\r\n  },\r\n  \"type\": \"Microsoft.Network/networkInterfaces\",\r\n  \"location\": \"eastus2\"\r\n}",
      "StatusCode": 200
    },
    {
      "RequestUri": "/subscriptions/e37510d7-33b6-4676-886f-ee75bcc01871/resourceGroups/crptestar2401/providers/Microsoft.Network/networkInterfaces/nic1419?api-version=2019-09-01",
      "EncodedRequestUri": "L3N1YnNjcmlwdGlvbnMvZTM3NTEwZDctMzNiNi00Njc2LTg4NmYtZWU3NWJjYzAxODcxL3Jlc291cmNlR3JvdXBzL2NycHRlc3RhcjI0MDEvcHJvdmlkZXJzL01pY3Jvc29mdC5OZXR3b3JrL25ldHdvcmtJbnRlcmZhY2VzL25pYzE0MTk/YXBpLXZlcnNpb249MjAxOS0wOS0wMQ==",
      "RequestMethod": "GET",
      "RequestBody": "",
      "RequestHeaders": {
        "x-ms-client-request-id": [
          "4c153210-fd47-425b-a983-6cd6439976c7"
        ],
        "Accept-Language": [
          "en-US"
        ],
        "User-Agent": [
          "FxVersion/6.0.1423.7309",
          "OSName/Windows",
          "OSVersion/Microsoft.Windows.10.0.22621",
          "Microsoft.Azure.Management.Network.NetworkManagementClient/19.17.1.0"
        ]
      },
      "ResponseHeaders": {
        "Cache-Control": [
          "no-cache"
        ],
        "Pragma": [
          "no-cache"
        ],
        "ETag": [
          "W/\"6b09e6a4-a52f-4ee7-8e4a-1a953f18bd08\""
        ],
        "x-ms-request-id": [
          "fe3f0aa2-7f0a-4ccd-b944-5a6ac66efabd"
        ],
        "x-ms-correlation-request-id": [
          "e6a1ba2a-ce79-469b-92c6-333d43ab3f39"
        ],
        "x-ms-arm-service-request-id": [
          "50bcae13-8a0e-44b9-8f5b-0132ba55061d"
        ],
        "Strict-Transport-Security": [
          "max-age=31536000; includeSubDomains"
        ],
        "Server": [
          "Microsoft-HTTPAPI/2.0",
          "Microsoft-HTTPAPI/2.0"
        ],
        "x-ms-ratelimit-remaining-subscription-reads": [
          "11991"
        ],
        "x-ms-routing-request-id": [
          "CANADACENTRAL:20230314T165437Z:e6a1ba2a-ce79-469b-92c6-333d43ab3f39"
        ],
        "X-Content-Type-Options": [
          "nosniff"
        ],
        "Date": [
          "Tue, 14 Mar 2023 16:54:36 GMT"
        ],
        "Content-Length": [
          "1625"
        ],
        "Content-Type": [
          "application/json; charset=utf-8"
        ],
        "Expires": [
          "-1"
        ]
      },
      "ResponseBody": "{\r\n  \"name\": \"nic1419\",\r\n  \"id\": \"/subscriptions/e37510d7-33b6-4676-886f-ee75bcc01871/resourceGroups/crptestar2401/providers/Microsoft.Network/networkInterfaces/nic1419\",\r\n  \"etag\": \"W/\\\"6b09e6a4-a52f-4ee7-8e4a-1a953f18bd08\\\"\",\r\n  \"tags\": {\r\n    \"key\": \"value\"\r\n  },\r\n  \"properties\": {\r\n    \"provisioningState\": \"Succeeded\",\r\n    \"resourceGuid\": \"0be65a96-ab63-43e9-94fb-6dfa1ea7ac09\",\r\n    \"ipConfigurations\": [\r\n      {\r\n        \"name\": \"ip9407\",\r\n        \"id\": \"/subscriptions/e37510d7-33b6-4676-886f-ee75bcc01871/resourceGroups/crptestar2401/providers/Microsoft.Network/networkInterfaces/nic1419/ipConfigurations/ip9407\",\r\n        \"etag\": \"W/\\\"6b09e6a4-a52f-4ee7-8e4a-1a953f18bd08\\\"\",\r\n        \"type\": \"Microsoft.Network/networkInterfaces/ipConfigurations\",\r\n        \"properties\": {\r\n          \"provisioningState\": \"Succeeded\",\r\n          \"privateIPAddress\": \"10.0.0.4\",\r\n          \"privateIPAllocationMethod\": \"Dynamic\",\r\n          \"subnet\": {\r\n            \"id\": \"/subscriptions/e37510d7-33b6-4676-886f-ee75bcc01871/resourceGroups/crptestar2401/providers/Microsoft.Network/virtualNetworks/vn2189/subnets/sn8685\"\r\n          },\r\n          \"primary\": true,\r\n          \"privateIPAddressVersion\": \"IPv4\"\r\n        }\r\n      }\r\n    ],\r\n    \"dnsSettings\": {\r\n      \"dnsServers\": [],\r\n      \"appliedDnsServers\": [],\r\n      \"internalDomainNameSuffix\": \"dfmngpspsiyu5jhqw1p1jsiqbe.cx.internal.cloudapp.net\"\r\n    },\r\n    \"enableAcceleratedNetworking\": false,\r\n    \"enableIPForwarding\": false,\r\n    \"hostedWorkloads\": [],\r\n    \"tapConfigurations\": []\r\n  },\r\n  \"type\": \"Microsoft.Network/networkInterfaces\",\r\n  \"location\": \"eastus2\"\r\n}",
      "StatusCode": 200
    },
    {
      "RequestUri": "/subscriptions/e37510d7-33b6-4676-886f-ee75bcc01871/resourceGroups/crptestar2401/providers/Microsoft.Compute/availabilitySets/crptestar9596?api-version=2023-03-01",
      "EncodedRequestUri": "L3N1YnNjcmlwdGlvbnMvZTM3NTEwZDctMzNiNi00Njc2LTg4NmYtZWU3NWJjYzAxODcxL3Jlc291cmNlR3JvdXBzL2NycHRlc3RhcjI0MDEvcHJvdmlkZXJzL01pY3Jvc29mdC5Db21wdXRlL2F2YWlsYWJpbGl0eVNldHMvY3JwdGVzdGFyOTU5Nj9hcGktdmVyc2lvbj0yMDIzLTAzLTAx",
      "RequestMethod": "PUT",
      "RequestBody": "{\r\n  \"properties\": {\r\n    \"platformUpdateDomainCount\": 5,\r\n    \"platformFaultDomainCount\": 3\r\n  },\r\n  \"sku\": {\r\n    \"name\": \"Classic\"\r\n  },\r\n  \"location\": \"eastus2\",\r\n  \"tags\": {\r\n    \"RG\": \"rg\",\r\n    \"testTag\": \"1\"\r\n  }\r\n}",
      "RequestHeaders": {
        "x-ms-client-request-id": [
          "860140e3-94d2-4ae5-8d91-de0124114e64"
        ],
        "Accept-Language": [
          "en-US"
        ],
        "User-Agent": [
          "FxVersion/6.0.1423.7309",
          "OSName/Windows",
          "OSVersion/Microsoft.Windows.10.0.22621",
          "Microsoft.Azure.Management.Compute.ComputeManagementClient/60.0.0"
        ],
        "Content-Type": [
          "application/json; charset=utf-8"
        ],
        "Content-Length": [
          "223"
        ]
      },
      "ResponseHeaders": {
        "Cache-Control": [
          "no-cache"
        ],
        "Pragma": [
          "no-cache"
        ],
        "x-ms-ratelimit-remaining-resource": [
          "Microsoft.Compute/PutVM3Min;239,Microsoft.Compute/PutVM30Min;1189"
        ],
        "Strict-Transport-Security": [
          "max-age=31536000; includeSubDomains"
        ],
        "x-ms-request-id": [
          "1b773279-8bc2-41a4-8a68-23a8a743a2da"
        ],
        "Server": [
          "Microsoft-HTTPAPI/2.0",
          "Microsoft-HTTPAPI/2.0"
        ],
        "x-ms-ratelimit-remaining-subscription-writes": [
          "1199"
        ],
        "x-ms-correlation-request-id": [
          "992f6e83-ab36-4872-90d4-56c7f1fce116"
        ],
        "x-ms-routing-request-id": [
          "CANADACENTRAL:20230314T165438Z:992f6e83-ab36-4872-90d4-56c7f1fce116"
        ],
        "X-Content-Type-Options": [
          "nosniff"
        ],
        "Date": [
          "Tue, 14 Mar 2023 16:54:38 GMT"
        ],
        "Content-Length": [
          "452"
        ],
        "Content-Type": [
          "application/json; charset=utf-8"
        ],
        "Expires": [
          "-1"
        ]
      },
      "ResponseBody": "{\r\n  \"name\": \"crptestar9596\",\r\n  \"id\": \"/subscriptions/e37510d7-33b6-4676-886f-ee75bcc01871/resourceGroups/crptestar2401/providers/Microsoft.Compute/availabilitySets/crptestar9596\",\r\n  \"type\": \"Microsoft.Compute/availabilitySets\",\r\n  \"location\": \"eastus2\",\r\n  \"tags\": {\r\n    \"RG\": \"rg\",\r\n    \"testTag\": \"1\"\r\n  },\r\n  \"properties\": {\r\n    \"platformUpdateDomainCount\": 5,\r\n    \"platformFaultDomainCount\": 3\r\n  },\r\n  \"sku\": {\r\n    \"name\": \"Classic\"\r\n  }\r\n}",
      "StatusCode": 200
    },
    {
      "RequestUri": "/subscriptions/e37510d7-33b6-4676-886f-ee75bcc01871/resourceGroups/crptestar2401/providers/Microsoft.Compute/virtualMachines/vm3376?api-version=2023-03-01",
      "EncodedRequestUri": "L3N1YnNjcmlwdGlvbnMvZTM3NTEwZDctMzNiNi00Njc2LTg4NmYtZWU3NWJjYzAxODcxL3Jlc291cmNlR3JvdXBzL2NycHRlc3RhcjI0MDEvcHJvdmlkZXJzL01pY3Jvc29mdC5Db21wdXRlL3ZpcnR1YWxNYWNoaW5lcy92bTMzNzY/YXBpLXZlcnNpb249MjAyMy0wMy0wMQ==",
      "RequestMethod": "PUT",
      "RequestBody": "{\r\n  \"properties\": {\r\n    \"hardwareProfile\": {\r\n      \"vmSize\": \"Standard_A1_v2\"\r\n    },\r\n    \"storageProfile\": {\r\n      \"imageReference\": {\r\n        \"publisher\": \"MicrosoftWindowsServer\",\r\n        \"offer\": \"WindowsServer\",\r\n        \"sku\": \"2012-R2-Datacenter\",\r\n        \"version\": \"4.127.20180315\"\r\n      },\r\n      \"osDisk\": {\r\n        \"name\": \"test\",\r\n        \"vhd\": {\r\n          \"uri\": \"https://crptestar9941.blob.core.windows.net/crptestar9354/oscrptestar8653.vhd\"\r\n        },\r\n        \"caching\": \"None\",\r\n        \"createOption\": \"FromImage\"\r\n      }\r\n    },\r\n    \"osProfile\": {\r\n      \"computerName\": \"Test\",\r\n      \"adminUsername\": \"Foo12\",\r\n      \"adminPassword\": \"[PLACEHOLDEr1]\"\r\n    },\r\n    \"networkProfile\": {\r\n      \"networkInterfaces\": [\r\n        {\r\n          \"id\": \"/subscriptions/e37510d7-33b6-4676-886f-ee75bcc01871/resourceGroups/crptestar2401/providers/Microsoft.Network/networkInterfaces/nic1419\"\r\n        }\r\n      ]\r\n    },\r\n    \"diagnosticsProfile\": {\r\n      \"bootDiagnostics\": {\r\n        \"enabled\": true,\r\n        \"storageUri\": \"https://crptestar1987.blob.core.windows.net/\"\r\n      }\r\n    },\r\n    \"availabilitySet\": {\r\n      \"id\": \"/subscriptions/e37510d7-33b6-4676-886f-ee75bcc01871/resourceGroups/crptestar2401/providers/Microsoft.Compute/availabilitySets/crptestar9596\"\r\n    }\r\n  },\r\n  \"location\": \"eastus2\",\r\n  \"tags\": {\r\n    \"RG\": \"rg\",\r\n    \"testTag\": \"1\"\r\n  }\r\n}",
      "RequestHeaders": {
        "x-ms-client-request-id": [
          "8ea0c807-891b-4fe7-9428-bceacdab9192"
        ],
        "Accept-Language": [
          "en-US"
        ],
        "User-Agent": [
          "FxVersion/6.0.1423.7309",
          "OSName/Windows",
          "OSVersion/Microsoft.Windows.10.0.22621",
          "Microsoft.Azure.Management.Compute.ComputeManagementClient/60.0.0"
        ],
        "Content-Type": [
          "application/json; charset=utf-8"
        ],
        "Content-Length": [
          "1391"
        ]
      },
      "ResponseHeaders": {
        "Cache-Control": [
          "no-cache"
        ],
        "Pragma": [
          "no-cache"
        ],
        "Retry-After": [
          "10"
        ],
        "Azure-AsyncOperation": [
          "https://management.azure.com/subscriptions/e37510d7-33b6-4676-886f-ee75bcc01871/providers/Microsoft.Compute/locations/eastus2/operations/956e063d-e113-4e9a-a6db-0f4012af31b4?p=41da89ab-29fa-414a-bb5c-9eea1ddab902&api-version=2023-03-01"
        ],
        "Azure-AsyncNotification": [
          "Enabled"
        ],
        "x-ms-ratelimit-remaining-resource": [
          "Microsoft.Compute/PutVM3Min;238,Microsoft.Compute/PutVM30Min;1188"
        ],
        "Strict-Transport-Security": [
          "max-age=31536000; includeSubDomains"
        ],
        "x-ms-request-id": [
          "956e063d-e113-4e9a-a6db-0f4012af31b4"
        ],
        "Server": [
          "Microsoft-HTTPAPI/2.0",
          "Microsoft-HTTPAPI/2.0"
        ],
        "x-ms-ratelimit-remaining-subscription-writes": [
          "1198"
        ],
        "x-ms-correlation-request-id": [
          "9febb112-643a-468c-8d15-e49c25350b63"
        ],
        "x-ms-routing-request-id": [
          "CANADACENTRAL:20230314T165439Z:9febb112-643a-468c-8d15-e49c25350b63"
        ],
        "X-Content-Type-Options": [
          "nosniff"
        ],
        "Date": [
          "Tue, 14 Mar 2023 16:54:39 GMT"
        ],
        "Content-Length": [
          "2302"
        ],
        "Content-Type": [
          "application/json; charset=utf-8"
        ],
        "Expires": [
          "-1"
        ]
      },
      "ResponseBody": "{\r\n  \"name\": \"vm3376\",\r\n  \"id\": \"/subscriptions/e37510d7-33b6-4676-886f-ee75bcc01871/resourceGroups/crptestar2401/providers/Microsoft.Compute/virtualMachines/vm3376\",\r\n  \"type\": \"Microsoft.Compute/virtualMachines\",\r\n  \"location\": \"eastus2\",\r\n  \"tags\": {\r\n    \"RG\": \"rg\",\r\n    \"testTag\": \"1\",\r\n    \"azsecpack\": \"nonprod\",\r\n    \"platformsettings.host_environment.service.platform_optedin_for_rootcerts\": \"true\"\r\n  },\r\n  \"properties\": {\r\n    \"vmId\": \"e5a53b5a-2ea3-4adc-9a82-4d0c33199c61\",\r\n    \"availabilitySet\": {\r\n      \"id\": \"/subscriptions/e37510d7-33b6-4676-886f-ee75bcc01871/resourceGroups/crptestar2401/providers/Microsoft.Compute/availabilitySets/CRPTESTAR9596\"\r\n    },\r\n    \"hardwareProfile\": {\r\n      \"vmSize\": \"Standard_A1_v2\"\r\n    },\r\n    \"storageProfile\": {\r\n      \"imageReference\": {\r\n        \"publisher\": \"MicrosoftWindowsServer\",\r\n        \"offer\": \"WindowsServer\",\r\n        \"sku\": \"2012-R2-Datacenter\",\r\n        \"version\": \"4.127.20180315\",\r\n        \"exactVersion\": \"4.127.20180315\"\r\n      },\r\n      \"osDisk\": {\r\n        \"osType\": \"Windows\",\r\n        \"name\": \"test\",\r\n        \"createOption\": \"FromImage\",\r\n        \"vhd\": {\r\n          \"uri\": \"https://crptestar9941.blob.core.windows.net/crptestar9354/oscrptestar8653.vhd\"\r\n        },\r\n        \"caching\": \"None\",\r\n        \"deleteOption\": \"Detach\"\r\n      },\r\n      \"dataDisks\": []\r\n    },\r\n    \"osProfile\": {\r\n      \"computerName\": \"Test\",\r\n      \"adminUsername\": \"Foo12\",\r\n      \"windowsConfiguration\": {\r\n        \"provisionVMAgent\": true,\r\n        \"enableAutomaticUpdates\": true,\r\n        \"patchSettings\": {\r\n          \"patchMode\": \"AutomaticByOS\",\r\n          \"assessmentMode\": \"ImageDefault\"\r\n        },\r\n        \"enableVMAgentPlatformUpdates\": false\r\n      },\r\n      \"secrets\": [],\r\n      \"allowExtensionOperations\": true,\r\n      \"requireGuestProvisionSignal\": true\r\n    },\r\n    \"networkProfile\": {\r\n      \"networkInterfaces\": [\r\n        {\r\n          \"id\": \"/subscriptions/e37510d7-33b6-4676-886f-ee75bcc01871/resourceGroups/crptestar2401/providers/Microsoft.Network/networkInterfaces/nic1419\"\r\n        }\r\n      ]\r\n    },\r\n    \"diagnosticsProfile\": {\r\n      \"bootDiagnostics\": {\r\n        \"enabled\": true,\r\n        \"storageUri\": \"https://crptestar1987.blob.core.windows.net/\"\r\n      }\r\n    },\r\n    \"provisioningState\": \"Creating\",\r\n    \"timeCreated\": \"2023-03-14T12:54:39.1083367-04:00\"\r\n  }\r\n}",
      "StatusCode": 201
    },
    {
      "RequestUri": "/subscriptions/e37510d7-33b6-4676-886f-ee75bcc01871/providers/Microsoft.Compute/locations/eastus2/operations/956e063d-e113-4e9a-a6db-0f4012af31b4?p=41da89ab-29fa-414a-bb5c-9eea1ddab902&api-version=2023-03-01",
      "EncodedRequestUri": "L3N1YnNjcmlwdGlvbnMvZTM3NTEwZDctMzNiNi00Njc2LTg4NmYtZWU3NWJjYzAxODcxL3Byb3ZpZGVycy9NaWNyb3NvZnQuQ29tcHV0ZS9sb2NhdGlvbnMvZWFzdHVzMi9vcGVyYXRpb25zLzk1NmUwNjNkLWUxMTMtNGU5YS1hNmRiLTBmNDAxMmFmMzFiND9wPTQxZGE4OWFiLTI5ZmEtNDE0YS1iYjVjLTllZWExZGRhYjkwMiZhcGktdmVyc2lvbj0yMDIzLTAzLTAx",
      "RequestMethod": "GET",
      "RequestBody": "",
      "RequestHeaders": {
        "User-Agent": [
          "FxVersion/6.0.1423.7309",
          "OSName/Windows",
          "OSVersion/Microsoft.Windows.10.0.22621",
          "Microsoft.Azure.Management.Compute.ComputeManagementClient/60.0.0"
        ]
      },
      "ResponseHeaders": {
        "Cache-Control": [
          "no-cache"
        ],
        "Pragma": [
          "no-cache"
        ],
        "Retry-After": [
          "50"
        ],
        "x-ms-ratelimit-remaining-resource": [
          "Microsoft.Compute/GetOperation3Min;14999,Microsoft.Compute/GetOperation30Min;29958"
        ],
        "Strict-Transport-Security": [
          "max-age=31536000; includeSubDomains"
        ],
        "x-ms-request-id": [
          "07776d60-3c61-4f90-a9ae-8ff626e454b2"
        ],
        "Server": [
          "Microsoft-HTTPAPI/2.0",
          "Microsoft-HTTPAPI/2.0"
        ],
        "x-ms-ratelimit-remaining-subscription-reads": [
          "11999"
        ],
        "x-ms-correlation-request-id": [
          "95ff6ad6-67cf-48b6-8c29-688ec4792b15"
        ],
        "x-ms-routing-request-id": [
          "CANADACENTRAL:20230314T165449Z:95ff6ad6-67cf-48b6-8c29-688ec4792b15"
        ],
        "X-Content-Type-Options": [
          "nosniff"
        ],
        "Date": [
          "Tue, 14 Mar 2023 16:54:49 GMT"
        ],
        "Content-Length": [
          "134"
        ],
        "Content-Type": [
          "application/json; charset=utf-8"
        ],
        "Expires": [
          "-1"
        ]
      },
      "ResponseBody": "{\r\n  \"startTime\": \"2023-03-14T12:54:39.0145885-04:00\",\r\n  \"status\": \"InProgress\",\r\n  \"name\": \"956e063d-e113-4e9a-a6db-0f4012af31b4\"\r\n}",
      "StatusCode": 200
    },
    {
      "RequestUri": "/subscriptions/e37510d7-33b6-4676-886f-ee75bcc01871/providers/Microsoft.Compute/locations/eastus2/operations/956e063d-e113-4e9a-a6db-0f4012af31b4?p=41da89ab-29fa-414a-bb5c-9eea1ddab902&api-version=2023-03-01",
      "EncodedRequestUri": "L3N1YnNjcmlwdGlvbnMvZTM3NTEwZDctMzNiNi00Njc2LTg4NmYtZWU3NWJjYzAxODcxL3Byb3ZpZGVycy9NaWNyb3NvZnQuQ29tcHV0ZS9sb2NhdGlvbnMvZWFzdHVzMi9vcGVyYXRpb25zLzk1NmUwNjNkLWUxMTMtNGU5YS1hNmRiLTBmNDAxMmFmMzFiND9wPTQxZGE4OWFiLTI5ZmEtNDE0YS1iYjVjLTllZWExZGRhYjkwMiZhcGktdmVyc2lvbj0yMDIzLTAzLTAx",
      "RequestMethod": "GET",
      "RequestBody": "",
      "RequestHeaders": {
        "User-Agent": [
          "FxVersion/6.0.1423.7309",
          "OSName/Windows",
          "OSVersion/Microsoft.Windows.10.0.22621",
          "Microsoft.Azure.Management.Compute.ComputeManagementClient/60.0.0"
        ]
      },
      "ResponseHeaders": {
        "Cache-Control": [
          "no-cache"
        ],
        "Pragma": [
          "no-cache"
        ],
        "x-ms-ratelimit-remaining-resource": [
          "Microsoft.Compute/GetOperation3Min;14998,Microsoft.Compute/GetOperation30Min;29957"
        ],
        "Strict-Transport-Security": [
          "max-age=31536000; includeSubDomains"
        ],
        "x-ms-request-id": [
          "9cbe1509-0ea0-4bca-921f-8cd4feb60b84"
        ],
        "Server": [
          "Microsoft-HTTPAPI/2.0",
          "Microsoft-HTTPAPI/2.0"
        ],
        "x-ms-ratelimit-remaining-subscription-reads": [
          "11998"
        ],
        "x-ms-correlation-request-id": [
          "5e0911d3-c599-4072-9622-e966bf4ed7e1"
        ],
        "x-ms-routing-request-id": [
          "CANADACENTRAL:20230314T165539Z:5e0911d3-c599-4072-9622-e966bf4ed7e1"
        ],
        "X-Content-Type-Options": [
          "nosniff"
        ],
        "Date": [
          "Tue, 14 Mar 2023 16:55:39 GMT"
        ],
        "Content-Length": [
          "134"
        ],
        "Content-Type": [
          "application/json; charset=utf-8"
        ],
        "Expires": [
          "-1"
        ]
      },
      "ResponseBody": "{\r\n  \"startTime\": \"2023-03-14T12:54:39.0145885-04:00\",\r\n  \"status\": \"InProgress\",\r\n  \"name\": \"956e063d-e113-4e9a-a6db-0f4012af31b4\"\r\n}",
      "StatusCode": 200
    },
    {
      "RequestUri": "/subscriptions/e37510d7-33b6-4676-886f-ee75bcc01871/providers/Microsoft.Compute/locations/eastus2/operations/956e063d-e113-4e9a-a6db-0f4012af31b4?p=41da89ab-29fa-414a-bb5c-9eea1ddab902&api-version=2023-03-01",
      "EncodedRequestUri": "L3N1YnNjcmlwdGlvbnMvZTM3NTEwZDctMzNiNi00Njc2LTg4NmYtZWU3NWJjYzAxODcxL3Byb3ZpZGVycy9NaWNyb3NvZnQuQ29tcHV0ZS9sb2NhdGlvbnMvZWFzdHVzMi9vcGVyYXRpb25zLzk1NmUwNjNkLWUxMTMtNGU5YS1hNmRiLTBmNDAxMmFmMzFiND9wPTQxZGE4OWFiLTI5ZmEtNDE0YS1iYjVjLTllZWExZGRhYjkwMiZhcGktdmVyc2lvbj0yMDIzLTAzLTAx",
      "RequestMethod": "GET",
      "RequestBody": "",
      "RequestHeaders": {
        "User-Agent": [
          "FxVersion/6.0.1423.7309",
          "OSName/Windows",
          "OSVersion/Microsoft.Windows.10.0.22621",
          "Microsoft.Azure.Management.Compute.ComputeManagementClient/60.0.0"
        ]
      },
      "ResponseHeaders": {
        "Cache-Control": [
          "no-cache"
        ],
        "Pragma": [
          "no-cache"
        ],
        "x-ms-ratelimit-remaining-resource": [
          "Microsoft.Compute/GetOperation3Min;14996,Microsoft.Compute/GetOperation30Min;29955"
        ],
        "Strict-Transport-Security": [
          "max-age=31536000; includeSubDomains"
        ],
        "x-ms-request-id": [
          "8e82ef35-b58c-48be-bf59-6ca8b4f4b399"
        ],
        "Server": [
          "Microsoft-HTTPAPI/2.0",
          "Microsoft-HTTPAPI/2.0"
        ],
        "x-ms-ratelimit-remaining-subscription-reads": [
          "11997"
        ],
        "x-ms-correlation-request-id": [
          "9bd31304-0cb2-432a-b76d-ba0985a74003"
        ],
        "x-ms-routing-request-id": [
          "CANADACENTRAL:20230314T165629Z:9bd31304-0cb2-432a-b76d-ba0985a74003"
        ],
        "X-Content-Type-Options": [
          "nosniff"
        ],
        "Date": [
          "Tue, 14 Mar 2023 16:56:29 GMT"
        ],
        "Content-Length": [
          "134"
        ],
        "Content-Type": [
          "application/json; charset=utf-8"
        ],
        "Expires": [
          "-1"
        ]
      },
      "ResponseBody": "{\r\n  \"startTime\": \"2023-03-14T12:54:39.0145885-04:00\",\r\n  \"status\": \"InProgress\",\r\n  \"name\": \"956e063d-e113-4e9a-a6db-0f4012af31b4\"\r\n}",
      "StatusCode": 200
    },
    {
      "RequestUri": "/subscriptions/e37510d7-33b6-4676-886f-ee75bcc01871/providers/Microsoft.Compute/locations/eastus2/operations/956e063d-e113-4e9a-a6db-0f4012af31b4?p=41da89ab-29fa-414a-bb5c-9eea1ddab902&api-version=2023-03-01",
      "EncodedRequestUri": "L3N1YnNjcmlwdGlvbnMvZTM3NTEwZDctMzNiNi00Njc2LTg4NmYtZWU3NWJjYzAxODcxL3Byb3ZpZGVycy9NaWNyb3NvZnQuQ29tcHV0ZS9sb2NhdGlvbnMvZWFzdHVzMi9vcGVyYXRpb25zLzk1NmUwNjNkLWUxMTMtNGU5YS1hNmRiLTBmNDAxMmFmMzFiND9wPTQxZGE4OWFiLTI5ZmEtNDE0YS1iYjVjLTllZWExZGRhYjkwMiZhcGktdmVyc2lvbj0yMDIzLTAzLTAx",
      "RequestMethod": "GET",
      "RequestBody": "",
      "RequestHeaders": {
        "User-Agent": [
          "FxVersion/6.0.1423.7309",
          "OSName/Windows",
          "OSVersion/Microsoft.Windows.10.0.22621",
          "Microsoft.Azure.Management.Compute.ComputeManagementClient/60.0.0"
        ]
      },
      "ResponseHeaders": {
        "Cache-Control": [
          "no-cache"
        ],
        "Pragma": [
          "no-cache"
        ],
        "x-ms-ratelimit-remaining-resource": [
          "Microsoft.Compute/GetOperation3Min;14994,Microsoft.Compute/GetOperation30Min;29953"
        ],
        "Strict-Transport-Security": [
          "max-age=31536000; includeSubDomains"
        ],
        "x-ms-request-id": [
          "ccef6f58-3e7d-4692-9a10-c5365759147d"
        ],
        "Server": [
          "Microsoft-HTTPAPI/2.0",
          "Microsoft-HTTPAPI/2.0"
        ],
        "x-ms-ratelimit-remaining-subscription-reads": [
          "11996"
        ],
        "x-ms-correlation-request-id": [
          "8fa10a13-b6ce-4f78-8ef4-84075b3c2530"
        ],
        "x-ms-routing-request-id": [
          "CANADACENTRAL:20230314T165719Z:8fa10a13-b6ce-4f78-8ef4-84075b3c2530"
        ],
        "X-Content-Type-Options": [
          "nosniff"
        ],
        "Date": [
          "Tue, 14 Mar 2023 16:57:19 GMT"
        ],
        "Content-Length": [
          "184"
        ],
        "Content-Type": [
          "application/json; charset=utf-8"
        ],
        "Expires": [
          "-1"
        ]
      },
      "ResponseBody": "{\r\n  \"startTime\": \"2023-03-14T12:54:39.0145885-04:00\",\r\n  \"endTime\": \"2023-03-14T12:56:51.2951464-04:00\",\r\n  \"status\": \"Succeeded\",\r\n  \"name\": \"956e063d-e113-4e9a-a6db-0f4012af31b4\"\r\n}",
      "StatusCode": 200
    },
    {
      "RequestUri": "/subscriptions/e37510d7-33b6-4676-886f-ee75bcc01871/resourceGroups/crptestar2401/providers/Microsoft.Compute/virtualMachines/vm3376?api-version=2023-03-01",
      "EncodedRequestUri": "L3N1YnNjcmlwdGlvbnMvZTM3NTEwZDctMzNiNi00Njc2LTg4NmYtZWU3NWJjYzAxODcxL3Jlc291cmNlR3JvdXBzL2NycHRlc3RhcjI0MDEvcHJvdmlkZXJzL01pY3Jvc29mdC5Db21wdXRlL3ZpcnR1YWxNYWNoaW5lcy92bTMzNzY/YXBpLXZlcnNpb249MjAyMy0wMy0wMQ==",
      "RequestMethod": "GET",
      "RequestBody": "",
      "RequestHeaders": {
        "User-Agent": [
          "FxVersion/6.0.1423.7309",
          "OSName/Windows",
          "OSVersion/Microsoft.Windows.10.0.22621",
          "Microsoft.Azure.Management.Compute.ComputeManagementClient/60.0.0"
        ]
      },
      "ResponseHeaders": {
        "Cache-Control": [
          "no-cache"
        ],
        "Pragma": [
          "no-cache"
        ],
        "x-ms-ratelimit-remaining-resource": [
          "Microsoft.Compute/LowCostGet3Min;3997,Microsoft.Compute/LowCostGet30Min;31935"
        ],
        "Strict-Transport-Security": [
          "max-age=31536000; includeSubDomains"
        ],
        "x-ms-request-id": [
          "c79471be-2318-4681-9b1f-c8549be4ec51"
        ],
        "Server": [
          "Microsoft-HTTPAPI/2.0",
          "Microsoft-HTTPAPI/2.0"
        ],
        "x-ms-ratelimit-remaining-subscription-reads": [
          "11995"
        ],
        "x-ms-correlation-request-id": [
          "c27d87cd-ad2d-483d-a3ad-5703909a42a6"
        ],
        "x-ms-routing-request-id": [
          "CANADACENTRAL:20230314T165719Z:c27d87cd-ad2d-483d-a3ad-5703909a42a6"
        ],
        "X-Content-Type-Options": [
          "nosniff"
        ],
        "Date": [
          "Tue, 14 Mar 2023 16:57:19 GMT"
        ],
        "Content-Length": [
          "2331"
        ],
        "Content-Type": [
          "application/json; charset=utf-8"
        ],
        "Expires": [
          "-1"
        ]
      },
      "ResponseBody": "{\r\n  \"name\": \"vm3376\",\r\n  \"id\": \"/subscriptions/e37510d7-33b6-4676-886f-ee75bcc01871/resourceGroups/crptestar2401/providers/Microsoft.Compute/virtualMachines/vm3376\",\r\n  \"type\": \"Microsoft.Compute/virtualMachines\",\r\n  \"location\": \"eastus2\",\r\n  \"tags\": {\r\n    \"RG\": \"rg\",\r\n    \"testTag\": \"1\",\r\n    \"azsecpack\": \"nonprod\",\r\n    \"platformsettings.host_environment.service.platform_optedin_for_rootcerts\": \"true\"\r\n  },\r\n  \"properties\": {\r\n    \"vmId\": \"e5a53b5a-2ea3-4adc-9a82-4d0c33199c61\",\r\n    \"availabilitySet\": {\r\n      \"id\": \"/subscriptions/e37510d7-33b6-4676-886f-ee75bcc01871/resourceGroups/crptestar2401/providers/Microsoft.Compute/availabilitySets/CRPTESTAR9596\"\r\n    },\r\n    \"hardwareProfile\": {\r\n      \"vmSize\": \"Standard_A1_v2\"\r\n    },\r\n    \"storageProfile\": {\r\n      \"imageReference\": {\r\n        \"publisher\": \"MicrosoftWindowsServer\",\r\n        \"offer\": \"WindowsServer\",\r\n        \"sku\": \"2012-R2-Datacenter\",\r\n        \"version\": \"4.127.20180315\",\r\n        \"exactVersion\": \"4.127.20180315\"\r\n      },\r\n      \"osDisk\": {\r\n        \"osType\": \"Windows\",\r\n        \"name\": \"test\",\r\n        \"createOption\": \"FromImage\",\r\n        \"vhd\": {\r\n          \"uri\": \"https://crptestar9941.blob.core.windows.net/crptestar9354/oscrptestar8653.vhd\"\r\n        },\r\n        \"caching\": \"None\",\r\n        \"deleteOption\": \"Detach\",\r\n        \"diskSizeGB\": 127\r\n      },\r\n      \"dataDisks\": []\r\n    },\r\n    \"osProfile\": {\r\n      \"computerName\": \"Test\",\r\n      \"adminUsername\": \"Foo12\",\r\n      \"windowsConfiguration\": {\r\n        \"provisionVMAgent\": true,\r\n        \"enableAutomaticUpdates\": true,\r\n        \"patchSettings\": {\r\n          \"patchMode\": \"AutomaticByOS\",\r\n          \"assessmentMode\": \"ImageDefault\"\r\n        },\r\n        \"enableVMAgentPlatformUpdates\": false\r\n      },\r\n      \"secrets\": [],\r\n      \"allowExtensionOperations\": true,\r\n      \"requireGuestProvisionSignal\": true\r\n    },\r\n    \"networkProfile\": {\r\n      \"networkInterfaces\": [\r\n        {\r\n          \"id\": \"/subscriptions/e37510d7-33b6-4676-886f-ee75bcc01871/resourceGroups/crptestar2401/providers/Microsoft.Network/networkInterfaces/nic1419\"\r\n        }\r\n      ]\r\n    },\r\n    \"diagnosticsProfile\": {\r\n      \"bootDiagnostics\": {\r\n        \"enabled\": true,\r\n        \"storageUri\": \"https://crptestar1987.blob.core.windows.net/\"\r\n      }\r\n    },\r\n    \"provisioningState\": \"Succeeded\",\r\n    \"timeCreated\": \"2023-03-14T12:54:39.1083367-04:00\"\r\n  }\r\n}",
      "StatusCode": 200
    },
    {
      "RequestUri": "/subscriptions/e37510d7-33b6-4676-886f-ee75bcc01871/resourceGroups/crptestar2401/providers/Microsoft.Compute/virtualMachines/vm3376?api-version=2023-03-01",
      "EncodedRequestUri": "L3N1YnNjcmlwdGlvbnMvZTM3NTEwZDctMzNiNi00Njc2LTg4NmYtZWU3NWJjYzAxODcxL3Jlc291cmNlR3JvdXBzL2NycHRlc3RhcjI0MDEvcHJvdmlkZXJzL01pY3Jvc29mdC5Db21wdXRlL3ZpcnR1YWxNYWNoaW5lcy92bTMzNzY/YXBpLXZlcnNpb249MjAyMy0wMy0wMQ==",
      "RequestMethod": "GET",
      "RequestBody": "",
      "RequestHeaders": {
        "x-ms-client-request-id": [
          "78957ce9-16f4-4ffd-8992-5b51782b0562"
        ],
        "Accept-Language": [
          "en-US"
        ],
        "User-Agent": [
          "FxVersion/6.0.1423.7309",
          "OSName/Windows",
          "OSVersion/Microsoft.Windows.10.0.22621",
          "Microsoft.Azure.Management.Compute.ComputeManagementClient/60.0.0"
        ]
      },
      "ResponseHeaders": {
        "Cache-Control": [
          "no-cache"
        ],
        "Pragma": [
          "no-cache"
        ],
        "x-ms-ratelimit-remaining-resource": [
          "Microsoft.Compute/LowCostGet3Min;3996,Microsoft.Compute/LowCostGet30Min;31934"
        ],
        "Strict-Transport-Security": [
          "max-age=31536000; includeSubDomains"
        ],
        "x-ms-request-id": [
          "eb80d16b-112b-410c-80c8-bba4a1d3dc60"
        ],
        "Server": [
          "Microsoft-HTTPAPI/2.0",
          "Microsoft-HTTPAPI/2.0"
        ],
        "x-ms-ratelimit-remaining-subscription-reads": [
          "11994"
        ],
        "x-ms-correlation-request-id": [
          "2a59de22-1d52-47bb-b277-e19e8567c2cc"
        ],
        "x-ms-routing-request-id": [
          "CANADACENTRAL:20230314T165720Z:2a59de22-1d52-47bb-b277-e19e8567c2cc"
        ],
        "X-Content-Type-Options": [
          "nosniff"
        ],
        "Date": [
          "Tue, 14 Mar 2023 16:57:19 GMT"
        ],
        "Content-Length": [
          "2331"
        ],
        "Content-Type": [
          "application/json; charset=utf-8"
        ],
        "Expires": [
          "-1"
        ]
      },
      "ResponseBody": "{\r\n  \"name\": \"vm3376\",\r\n  \"id\": \"/subscriptions/e37510d7-33b6-4676-886f-ee75bcc01871/resourceGroups/crptestar2401/providers/Microsoft.Compute/virtualMachines/vm3376\",\r\n  \"type\": \"Microsoft.Compute/virtualMachines\",\r\n  \"location\": \"eastus2\",\r\n  \"tags\": {\r\n    \"RG\": \"rg\",\r\n    \"testTag\": \"1\",\r\n    \"azsecpack\": \"nonprod\",\r\n    \"platformsettings.host_environment.service.platform_optedin_for_rootcerts\": \"true\"\r\n  },\r\n  \"properties\": {\r\n    \"vmId\": \"e5a53b5a-2ea3-4adc-9a82-4d0c33199c61\",\r\n    \"availabilitySet\": {\r\n      \"id\": \"/subscriptions/e37510d7-33b6-4676-886f-ee75bcc01871/resourceGroups/crptestar2401/providers/Microsoft.Compute/availabilitySets/CRPTESTAR9596\"\r\n    },\r\n    \"hardwareProfile\": {\r\n      \"vmSize\": \"Standard_A1_v2\"\r\n    },\r\n    \"storageProfile\": {\r\n      \"imageReference\": {\r\n        \"publisher\": \"MicrosoftWindowsServer\",\r\n        \"offer\": \"WindowsServer\",\r\n        \"sku\": \"2012-R2-Datacenter\",\r\n        \"version\": \"4.127.20180315\",\r\n        \"exactVersion\": \"4.127.20180315\"\r\n      },\r\n      \"osDisk\": {\r\n        \"osType\": \"Windows\",\r\n        \"name\": \"test\",\r\n        \"createOption\": \"FromImage\",\r\n        \"vhd\": {\r\n          \"uri\": \"https://crptestar9941.blob.core.windows.net/crptestar9354/oscrptestar8653.vhd\"\r\n        },\r\n        \"caching\": \"None\",\r\n        \"deleteOption\": \"Detach\",\r\n        \"diskSizeGB\": 127\r\n      },\r\n      \"dataDisks\": []\r\n    },\r\n    \"osProfile\": {\r\n      \"computerName\": \"Test\",\r\n      \"adminUsername\": \"Foo12\",\r\n      \"windowsConfiguration\": {\r\n        \"provisionVMAgent\": true,\r\n        \"enableAutomaticUpdates\": true,\r\n        \"patchSettings\": {\r\n          \"patchMode\": \"AutomaticByOS\",\r\n          \"assessmentMode\": \"ImageDefault\"\r\n        },\r\n        \"enableVMAgentPlatformUpdates\": false\r\n      },\r\n      \"secrets\": [],\r\n      \"allowExtensionOperations\": true,\r\n      \"requireGuestProvisionSignal\": true\r\n    },\r\n    \"networkProfile\": {\r\n      \"networkInterfaces\": [\r\n        {\r\n          \"id\": \"/subscriptions/e37510d7-33b6-4676-886f-ee75bcc01871/resourceGroups/crptestar2401/providers/Microsoft.Network/networkInterfaces/nic1419\"\r\n        }\r\n      ]\r\n    },\r\n    \"diagnosticsProfile\": {\r\n      \"bootDiagnostics\": {\r\n        \"enabled\": true,\r\n        \"storageUri\": \"https://crptestar1987.blob.core.windows.net/\"\r\n      }\r\n    },\r\n    \"provisioningState\": \"Succeeded\",\r\n    \"timeCreated\": \"2023-03-14T12:54:39.1083367-04:00\"\r\n  }\r\n}",
      "StatusCode": 200
    },
    {
      "RequestUri": "/subscriptions/e37510d7-33b6-4676-886f-ee75bcc01871/resourceGroups/crptestar2401/providers/Microsoft.Compute/virtualMachines/vm3376?$expand=instanceView&api-version=2023-03-01",
      "EncodedRequestUri": "L3N1YnNjcmlwdGlvbnMvZTM3NTEwZDctMzNiNi00Njc2LTg4NmYtZWU3NWJjYzAxODcxL3Jlc291cmNlR3JvdXBzL2NycHRlc3RhcjI0MDEvcHJvdmlkZXJzL01pY3Jvc29mdC5Db21wdXRlL3ZpcnR1YWxNYWNoaW5lcy92bTMzNzY/JGV4cGFuZD1pbnN0YW5jZVZpZXcmYXBpLXZlcnNpb249MjAyMy0wMy0wMQ==",
      "RequestMethod": "GET",
      "RequestBody": "",
      "RequestHeaders": {
        "x-ms-client-request-id": [
          "d5231235-0d7e-4132-976b-c84ad02347b8"
        ],
        "Accept-Language": [
          "en-US"
        ],
        "User-Agent": [
          "FxVersion/6.0.1423.7309",
          "OSName/Windows",
          "OSVersion/Microsoft.Windows.10.0.22621",
          "Microsoft.Azure.Management.Compute.ComputeManagementClient/60.0.0"
        ]
      },
      "ResponseHeaders": {
        "Cache-Control": [
          "no-cache"
        ],
        "Pragma": [
          "no-cache"
        ],
        "x-ms-ratelimit-remaining-resource": [
          "Microsoft.Compute/LowCostGet3Min;3995,Microsoft.Compute/LowCostGet30Min;31933"
        ],
        "Strict-Transport-Security": [
          "max-age=31536000; includeSubDomains"
        ],
        "x-ms-request-id": [
          "78f5bc6b-5bc6-4ec4-b1da-e7b6aa16a88b"
        ],
        "Server": [
          "Microsoft-HTTPAPI/2.0",
          "Microsoft-HTTPAPI/2.0"
        ],
        "x-ms-ratelimit-remaining-subscription-reads": [
          "11993"
        ],
        "x-ms-correlation-request-id": [
          "f83e7711-47b1-4b06-9e93-6fea9ac9e5a0"
        ],
        "x-ms-routing-request-id": [
          "CANADACENTRAL:20230314T165720Z:f83e7711-47b1-4b06-9e93-6fea9ac9e5a0"
        ],
        "X-Content-Type-Options": [
          "nosniff"
        ],
        "Date": [
          "Tue, 14 Mar 2023 16:57:19 GMT"
        ],
        "Content-Length": [
          "4008"
        ],
        "Content-Type": [
          "application/json; charset=utf-8"
        ],
        "Expires": [
          "-1"
        ]
      },
      "ResponseBody": "{\r\n  \"name\": \"vm3376\",\r\n  \"id\": \"/subscriptions/e37510d7-33b6-4676-886f-ee75bcc01871/resourceGroups/crptestar2401/providers/Microsoft.Compute/virtualMachines/vm3376\",\r\n  \"type\": \"Microsoft.Compute/virtualMachines\",\r\n  \"location\": \"eastus2\",\r\n  \"tags\": {\r\n    \"RG\": \"rg\",\r\n    \"testTag\": \"1\",\r\n    \"azsecpack\": \"nonprod\",\r\n    \"platformsettings.host_environment.service.platform_optedin_for_rootcerts\": \"true\"\r\n  },\r\n  \"properties\": {\r\n    \"vmId\": \"e5a53b5a-2ea3-4adc-9a82-4d0c33199c61\",\r\n    \"availabilitySet\": {\r\n      \"id\": \"/subscriptions/e37510d7-33b6-4676-886f-ee75bcc01871/resourceGroups/crptestar2401/providers/Microsoft.Compute/availabilitySets/CRPTESTAR9596\"\r\n    },\r\n    \"hardwareProfile\": {\r\n      \"vmSize\": \"Standard_A1_v2\"\r\n    },\r\n    \"storageProfile\": {\r\n      \"imageReference\": {\r\n        \"publisher\": \"MicrosoftWindowsServer\",\r\n        \"offer\": \"WindowsServer\",\r\n        \"sku\": \"2012-R2-Datacenter\",\r\n        \"version\": \"4.127.20180315\",\r\n        \"exactVersion\": \"4.127.20180315\"\r\n      },\r\n      \"osDisk\": {\r\n        \"osType\": \"Windows\",\r\n        \"name\": \"test\",\r\n        \"createOption\": \"FromImage\",\r\n        \"vhd\": {\r\n          \"uri\": \"https://crptestar9941.blob.core.windows.net/crptestar9354/oscrptestar8653.vhd\"\r\n        },\r\n        \"caching\": \"None\",\r\n        \"deleteOption\": \"Detach\",\r\n        \"diskSizeGB\": 127\r\n      },\r\n      \"dataDisks\": []\r\n    },\r\n    \"osProfile\": {\r\n      \"computerName\": \"Test\",\r\n      \"adminUsername\": \"Foo12\",\r\n      \"windowsConfiguration\": {\r\n        \"provisionVMAgent\": true,\r\n        \"enableAutomaticUpdates\": true,\r\n        \"patchSettings\": {\r\n          \"patchMode\": \"AutomaticByOS\",\r\n          \"assessmentMode\": \"ImageDefault\"\r\n        },\r\n        \"enableVMAgentPlatformUpdates\": false\r\n      },\r\n      \"secrets\": [],\r\n      \"allowExtensionOperations\": true,\r\n      \"requireGuestProvisionSignal\": true\r\n    },\r\n    \"networkProfile\": {\r\n      \"networkInterfaces\": [\r\n        {\r\n          \"id\": \"/subscriptions/e37510d7-33b6-4676-886f-ee75bcc01871/resourceGroups/crptestar2401/providers/Microsoft.Network/networkInterfaces/nic1419\"\r\n        }\r\n      ]\r\n    },\r\n    \"diagnosticsProfile\": {\r\n      \"bootDiagnostics\": {\r\n        \"enabled\": true,\r\n        \"storageUri\": \"https://crptestar1987.blob.core.windows.net/\"\r\n      }\r\n    },\r\n    \"provisioningState\": \"Succeeded\",\r\n    \"instanceView\": {\r\n      \"platformUpdateDomain\": 0,\r\n      \"platformFaultDomain\": 0,\r\n      \"vmAgent\": {\r\n        \"vmAgentVersion\": \"Unknown\",\r\n        \"statuses\": [\r\n          {\r\n            \"code\": \"ProvisioningState/Unavailable\",\r\n            \"level\": \"Warning\",\r\n            \"displayStatus\": \"Not Ready\",\r\n            \"message\": \"VM status blob is found but not yet populated.\",\r\n            \"time\": \"2023-03-14T12:57:20-04:00\"\r\n          }\r\n        ]\r\n      },\r\n      \"disks\": [\r\n        {\r\n          \"name\": \"test\",\r\n          \"statuses\": [\r\n            {\r\n              \"code\": \"ProvisioningState/succeeded\",\r\n              \"level\": \"Info\",\r\n              \"displayStatus\": \"Provisioning succeeded\",\r\n              \"time\": \"2023-03-14T12:54:39.5614579-04:00\"\r\n            }\r\n          ]\r\n        }\r\n      ],\r\n      \"bootDiagnostics\": {\r\n        \"consoleScreenshotBlobUri\": \"https://crptestar1987.blob.core.windows.net/bootdiagnostics-vm3376-e5a53b5a-2ea3-4adc-9a82-4d0c33199c61/vm3376.e5a53b5a-2ea3-4adc-9a82-4d0c33199c61.screenshot.bmp\",\r\n        \"serialConsoleLogBlobUri\": \"https://crptestar1987.blob.core.windows.net/bootdiagnostics-vm3376-e5a53b5a-2ea3-4adc-9a82-4d0c33199c61/vm3376.e5a53b5a-2ea3-4adc-9a82-4d0c33199c61.serialconsole.log\"\r\n      },\r\n      \"hyperVGeneration\": \"V1\",\r\n      \"statuses\": [\r\n        {\r\n          \"code\": \"ProvisioningState/succeeded\",\r\n          \"level\": \"Info\",\r\n          \"displayStatus\": \"Provisioning succeeded\",\r\n          \"time\": \"2023-03-14T12:56:51.2795207-04:00\"\r\n        },\r\n        {\r\n          \"code\": \"PowerState/running\",\r\n          \"level\": \"Info\",\r\n          \"displayStatus\": \"VM running\"\r\n        }\r\n      ]\r\n    },\r\n    \"timeCreated\": \"2023-03-14T12:54:39.1083367-04:00\"\r\n  }\r\n}",
      "StatusCode": 200
    },
    {
      "RequestUri": "/subscriptions/e37510d7-33b6-4676-886f-ee75bcc01871/resourceGroups/crptestar2401/providers/Microsoft.Compute/virtualMachines/vm3376?$expand=instanceView&api-version=2023-03-01",
      "EncodedRequestUri": "L3N1YnNjcmlwdGlvbnMvZTM3NTEwZDctMzNiNi00Njc2LTg4NmYtZWU3NWJjYzAxODcxL3Jlc291cmNlR3JvdXBzL2NycHRlc3RhcjI0MDEvcHJvdmlkZXJzL01pY3Jvc29mdC5Db21wdXRlL3ZpcnR1YWxNYWNoaW5lcy92bTMzNzY/JGV4cGFuZD1pbnN0YW5jZVZpZXcmYXBpLXZlcnNpb249MjAyMy0wMy0wMQ==",
      "RequestMethod": "GET",
      "RequestBody": "",
      "RequestHeaders": {
        "x-ms-client-request-id": [
          "e9374fc5-a247-4baf-bbf2-e8b8bc99467f"
        ],
        "Accept-Language": [
          "en-US"
        ],
        "User-Agent": [
          "FxVersion/6.0.1423.7309",
          "OSName/Windows",
          "OSVersion/Microsoft.Windows.10.0.22621",
          "Microsoft.Azure.Management.Compute.ComputeManagementClient/60.0.0"
        ]
      },
      "ResponseHeaders": {
        "Cache-Control": [
          "no-cache"
        ],
        "Pragma": [
          "no-cache"
        ],
        "x-ms-ratelimit-remaining-resource": [
          "Microsoft.Compute/LowCostGet3Min;3983,Microsoft.Compute/LowCostGet30Min;31921"
        ],
        "Strict-Transport-Security": [
          "max-age=31536000; includeSubDomains"
        ],
        "x-ms-request-id": [
          "bf0f04d1-da5d-4224-ac62-9505446ed26e"
        ],
        "Server": [
          "Microsoft-HTTPAPI/2.0",
          "Microsoft-HTTPAPI/2.0"
        ],
        "x-ms-ratelimit-remaining-subscription-reads": [
          "11980"
        ],
        "x-ms-correlation-request-id": [
          "f0414914-3a5b-4046-88a3-e0762f075bab"
        ],
        "x-ms-routing-request-id": [
          "CANADACENTRAL:20230314T165926Z:f0414914-3a5b-4046-88a3-e0762f075bab"
        ],
        "X-Content-Type-Options": [
          "nosniff"
        ],
        "Date": [
          "Tue, 14 Mar 2023 16:59:26 GMT"
        ],
        "Content-Length": [
          "4411"
        ],
        "Content-Type": [
          "application/json; charset=utf-8"
        ],
        "Expires": [
          "-1"
        ]
      },
      "ResponseBody": "{\r\n  \"name\": \"vm3376\",\r\n  \"id\": \"/subscriptions/e37510d7-33b6-4676-886f-ee75bcc01871/resourceGroups/crptestar2401/providers/Microsoft.Compute/virtualMachines/vm3376\",\r\n  \"type\": \"Microsoft.Compute/virtualMachines\",\r\n  \"location\": \"eastus2\",\r\n  \"tags\": {\r\n    \"RG\": \"rg\",\r\n    \"testTag\": \"1\",\r\n    \"azsecpack\": \"nonprod\",\r\n    \"platformsettings.host_environment.service.platform_optedin_for_rootcerts\": \"true\"\r\n  },\r\n  \"identity\": {\r\n    \"type\": \"UserAssigned\",\r\n    \"userAssignedIdentities\": {\r\n      \"/subscriptions/e37510d7-33b6-4676-886f-ee75bcc01871/resourceGroups/AzSecPackAutoConfigRG/providers/Microsoft.ManagedIdentity/userAssignedIdentities/AzSecPackAutoConfigUA-eastus2\": {\r\n        \"principalId\": \"783b6573-df0b-4181-8791-95050995e223\",\r\n        \"clientId\": \"a41b9f34-a591-4c91-806e-9ca8259f9a65\"\r\n      }\r\n    }\r\n  },\r\n  \"properties\": {\r\n    \"vmId\": \"e5a53b5a-2ea3-4adc-9a82-4d0c33199c61\",\r\n    \"availabilitySet\": {\r\n      \"id\": \"/subscriptions/e37510d7-33b6-4676-886f-ee75bcc01871/resourceGroups/crptestar2401/providers/Microsoft.Compute/availabilitySets/CRPTESTAR9596\"\r\n    },\r\n    \"hardwareProfile\": {\r\n      \"vmSize\": \"Standard_A1_v2\"\r\n    },\r\n    \"storageProfile\": {\r\n      \"imageReference\": {\r\n        \"publisher\": \"MicrosoftWindowsServer\",\r\n        \"offer\": \"WindowsServer\",\r\n        \"sku\": \"2012-R2-Datacenter\",\r\n        \"version\": \"4.127.20180315\",\r\n        \"exactVersion\": \"4.127.20180315\"\r\n      },\r\n      \"osDisk\": {\r\n        \"osType\": \"Windows\",\r\n        \"name\": \"test\",\r\n        \"createOption\": \"FromImage\",\r\n        \"vhd\": {\r\n          \"uri\": \"https://crptestar9941.blob.core.windows.net/crptestar9354/oscrptestar8653.vhd\"\r\n        },\r\n        \"caching\": \"None\",\r\n        \"deleteOption\": \"Detach\",\r\n        \"diskSizeGB\": 127\r\n      },\r\n      \"dataDisks\": []\r\n    },\r\n    \"osProfile\": {\r\n      \"computerName\": \"Test\",\r\n      \"adminUsername\": \"Foo12\",\r\n      \"windowsConfiguration\": {\r\n        \"provisionVMAgent\": true,\r\n        \"enableAutomaticUpdates\": true,\r\n        \"patchSettings\": {\r\n          \"patchMode\": \"AutomaticByOS\",\r\n          \"assessmentMode\": \"ImageDefault\"\r\n        },\r\n        \"enableVMAgentPlatformUpdates\": false\r\n      },\r\n      \"secrets\": [],\r\n      \"allowExtensionOperations\": true,\r\n      \"requireGuestProvisionSignal\": true\r\n    },\r\n    \"networkProfile\": {\r\n      \"networkInterfaces\": [\r\n        {\r\n          \"id\": \"/subscriptions/e37510d7-33b6-4676-886f-ee75bcc01871/resourceGroups/crptestar2401/providers/Microsoft.Network/networkInterfaces/nic1419\"\r\n        }\r\n      ]\r\n    },\r\n    \"diagnosticsProfile\": {\r\n      \"bootDiagnostics\": {\r\n        \"enabled\": true,\r\n        \"storageUri\": \"https://crptestar1987.blob.core.windows.net/\"\r\n      }\r\n    },\r\n    \"provisioningState\": \"Succeeded\",\r\n    \"instanceView\": {\r\n      \"platformUpdateDomain\": 0,\r\n      \"platformFaultDomain\": 0,\r\n      \"vmAgent\": {\r\n        \"vmAgentVersion\": \"Unknown\",\r\n        \"statuses\": [\r\n          {\r\n            \"code\": \"ProvisioningState/Unavailable\",\r\n            \"level\": \"Warning\",\r\n            \"displayStatus\": \"Not Ready\",\r\n            \"message\": \"VM status blob is found but not yet populated.\",\r\n            \"time\": \"2023-03-14T12:59:26-04:00\"\r\n          }\r\n        ]\r\n      },\r\n      \"disks\": [\r\n        {\r\n          \"name\": \"test\",\r\n          \"statuses\": [\r\n            {\r\n              \"code\": \"ProvisioningState/succeeded\",\r\n              \"level\": \"Info\",\r\n              \"displayStatus\": \"Provisioning succeeded\",\r\n              \"time\": \"2023-03-14T12:59:03.9194723-04:00\"\r\n            }\r\n          ]\r\n        }\r\n      ],\r\n      \"bootDiagnostics\": {\r\n        \"status\": {\r\n          \"code\": \"StorageAccountNotFound\",\r\n          \"level\": \"Error\",\r\n          \"message\": \"VM 'vm3376' using storage account 'crptestar1987' for boot diagnostics encountered an error with error code: StorageAccountNotFound. We continued provisioning the VM by disabling boot diagnostics for this VM.\",\r\n          \"time\": \"2023-03-14T12:59:21.8100112-04:00\"\r\n        }\r\n      },\r\n      \"hyperVGeneration\": \"V1\",\r\n      \"statuses\": [\r\n        {\r\n          \"code\": \"ProvisioningState/succeeded\",\r\n          \"level\": \"Info\",\r\n          \"displayStatus\": \"Provisioning succeeded\",\r\n          \"time\": \"2023-03-14T12:59:21.8100112-04:00\"\r\n        },\r\n        {\r\n          \"code\": \"PowerState/running\",\r\n          \"level\": \"Info\",\r\n          \"displayStatus\": \"VM running\"\r\n        }\r\n      ]\r\n    },\r\n    \"timeCreated\": \"2023-03-14T12:54:39.1083367-04:00\"\r\n  }\r\n}",
      "StatusCode": 200
    },
    {
      "RequestUri": "/subscriptions/e37510d7-33b6-4676-886f-ee75bcc01871/resourceGroups/crptestar2401/providers/Microsoft.Compute/virtualMachines/vm3376/retrieveBootDiagnosticsData?api-version=2023-03-01",
      "EncodedRequestUri": "L3N1YnNjcmlwdGlvbnMvZTM3NTEwZDctMzNiNi00Njc2LTg4NmYtZWU3NWJjYzAxODcxL3Jlc291cmNlR3JvdXBzL2NycHRlc3RhcjI0MDEvcHJvdmlkZXJzL01pY3Jvc29mdC5Db21wdXRlL3ZpcnR1YWxNYWNoaW5lcy92bTMzNzYvcmV0cmlldmVCb290RGlhZ25vc3RpY3NEYXRhP2FwaS12ZXJzaW9uPTIwMjMtMDMtMDE=",
      "RequestMethod": "POST",
      "RequestBody": "",
      "RequestHeaders": {
        "x-ms-client-request-id": [
          "9438ff68-7a52-460b-9d04-e07b985336a7"
        ],
        "Accept-Language": [
          "en-US"
        ],
        "User-Agent": [
          "FxVersion/6.0.1423.7309",
          "OSName/Windows",
          "OSVersion/Microsoft.Windows.10.0.22621",
          "Microsoft.Azure.Management.Compute.ComputeManagementClient/60.0.0"
        ]
      },
      "ResponseHeaders": {
        "Cache-Control": [
          "no-cache"
        ],
        "Pragma": [
          "no-cache"
        ],
        "x-ms-ratelimit-remaining-resource": [
          "Microsoft.Compute/LowCostGet3Min;3994,Microsoft.Compute/LowCostGet30Min;31932"
        ],
        "Strict-Transport-Security": [
          "max-age=31536000; includeSubDomains"
        ],
        "x-ms-request-id": [
          "11c3a978-a715-4a8b-bbd4-a8df828ff7a5"
        ],
        "Server": [
          "Microsoft-HTTPAPI/2.0",
          "Microsoft-HTTPAPI/2.0"
        ],
        "x-ms-ratelimit-remaining-subscription-writes": [
          "1199"
        ],
        "x-ms-correlation-request-id": [
          "07347064-d086-408c-a4db-4ab1e0a76ab0"
        ],
        "x-ms-routing-request-id": [
          "CANADACENTRAL:20230314T165720Z:07347064-d086-408c-a4db-4ab1e0a76ab0"
        ],
        "X-Content-Type-Options": [
          "nosniff"
        ],
        "Date": [
          "Tue, 14 Mar 2023 16:57:19 GMT"
        ],
        "Content-Length": [
          "617"
        ],
        "Content-Type": [
          "application/json; charset=utf-8"
        ],
        "Expires": [
          "-1"
        ]
      },
      "ResponseBody": "{\r\n  \"consoleScreenshotBlobUri\": \"https://crptestar1987.blob.core.windows.net:443/bootdiagnostics-vm3376-e5a53b5a-2ea3-4adc-9a82-4d0c33199c61/vm3376.e5a53b5a-2ea3-4adc-9a82-4d0c33199c61.screenshot.bmp?sv=2018-03-28&sr=b&sig=Xz9Wr%2bFOO6FWnFJNAEnqKgoXHPVi1RH6M1pBH6spOLk%3d&se=2023-03-14T18%3a57%3a20Z&sp=r\",\r\n  \"serialConsoleLogBlobUri\": \"https://crptestar1987.blob.core.windows.net:443/bootdiagnostics-vm3376-e5a53b5a-2ea3-4adc-9a82-4d0c33199c61/vm3376.e5a53b5a-2ea3-4adc-9a82-4d0c33199c61.serialconsole.log?sv=2018-03-28&sr=b&sig=uiN%2bMh9TfhaqyHQbcqNEh6ztv9D4aCjHqwFdV05FAJU%3d&se=2023-03-14T18%3a57%3a20Z&sp=r\"\r\n}",
      "StatusCode": 200
    },
    {
      "RequestUri": "/subscriptions/e37510d7-33b6-4676-886f-ee75bcc01871/resourceGroups/crptestar2401/providers/Microsoft.Compute/virtualMachines/vm3376/deallocate?api-version=2023-03-01",
      "EncodedRequestUri": "L3N1YnNjcmlwdGlvbnMvZTM3NTEwZDctMzNiNi00Njc2LTg4NmYtZWU3NWJjYzAxODcxL3Jlc291cmNlR3JvdXBzL2NycHRlc3RhcjI0MDEvcHJvdmlkZXJzL01pY3Jvc29mdC5Db21wdXRlL3ZpcnR1YWxNYWNoaW5lcy92bTMzNzYvZGVhbGxvY2F0ZT9hcGktdmVyc2lvbj0yMDIzLTAzLTAx",
      "RequestMethod": "POST",
      "RequestBody": "",
      "RequestHeaders": {
        "x-ms-client-request-id": [
          "32699643-00a0-4175-be02-5eb40687f6de"
        ],
        "Accept-Language": [
          "en-US"
        ],
        "User-Agent": [
          "FxVersion/6.0.1423.7309",
          "OSName/Windows",
          "OSVersion/Microsoft.Windows.10.0.22621",
          "Microsoft.Azure.Management.Compute.ComputeManagementClient/60.0.0"
        ]
      },
      "ResponseHeaders": {
        "Cache-Control": [
          "no-cache"
        ],
        "Pragma": [
          "no-cache"
        ],
        "Location": [
          "https://management.azure.com/subscriptions/e37510d7-33b6-4676-886f-ee75bcc01871/providers/Microsoft.Compute/locations/eastus2/operations/fbc73c7e-13db-4290-b921-dd77437e3e2d?p=41da89ab-29fa-414a-bb5c-9eea1ddab902&monitor=true&api-version=2023-03-01"
        ],
        "Retry-After": [
          "10"
        ],
        "Azure-AsyncOperation": [
          "https://management.azure.com/subscriptions/e37510d7-33b6-4676-886f-ee75bcc01871/providers/Microsoft.Compute/locations/eastus2/operations/fbc73c7e-13db-4290-b921-dd77437e3e2d?p=41da89ab-29fa-414a-bb5c-9eea1ddab902&api-version=2023-03-01"
        ],
        "Azure-AsyncNotification": [
          "Enabled"
        ],
        "x-ms-ratelimit-remaining-resource": [
          "Microsoft.Compute/DeleteVM3Min;239,Microsoft.Compute/DeleteVM30Min;1183"
        ],
        "Strict-Transport-Security": [
          "max-age=31536000; includeSubDomains"
        ],
        "x-ms-request-id": [
          "fbc73c7e-13db-4290-b921-dd77437e3e2d"
        ],
        "Server": [
          "Microsoft-HTTPAPI/2.0",
          "Microsoft-HTTPAPI/2.0"
        ],
        "x-ms-ratelimit-remaining-subscription-writes": [
          "1198"
        ],
        "x-ms-correlation-request-id": [
          "d8e768e9-0b1c-4a5b-874a-a6ffe7846f4d"
        ],
        "x-ms-routing-request-id": [
          "CANADACENTRAL:20230314T165720Z:d8e768e9-0b1c-4a5b-874a-a6ffe7846f4d"
        ],
        "X-Content-Type-Options": [
          "nosniff"
        ],
        "Date": [
          "Tue, 14 Mar 2023 16:57:19 GMT"
        ],
        "Expires": [
          "-1"
        ],
        "Content-Length": [
          "0"
        ]
      },
      "ResponseBody": "",
      "StatusCode": 202
    },
    {
      "RequestUri": "/subscriptions/e37510d7-33b6-4676-886f-ee75bcc01871/providers/Microsoft.Compute/locations/eastus2/operations/fbc73c7e-13db-4290-b921-dd77437e3e2d?p=41da89ab-29fa-414a-bb5c-9eea1ddab902&api-version=2023-03-01",
      "EncodedRequestUri": "L3N1YnNjcmlwdGlvbnMvZTM3NTEwZDctMzNiNi00Njc2LTg4NmYtZWU3NWJjYzAxODcxL3Byb3ZpZGVycy9NaWNyb3NvZnQuQ29tcHV0ZS9sb2NhdGlvbnMvZWFzdHVzMi9vcGVyYXRpb25zL2ZiYzczYzdlLTEzZGItNDI5MC1iOTIxLWRkNzc0MzdlM2UyZD9wPTQxZGE4OWFiLTI5ZmEtNDE0YS1iYjVjLTllZWExZGRhYjkwMiZhcGktdmVyc2lvbj0yMDIzLTAzLTAx",
      "RequestMethod": "GET",
      "RequestBody": "",
      "RequestHeaders": {
        "User-Agent": [
          "FxVersion/6.0.1423.7309",
          "OSName/Windows",
          "OSVersion/Microsoft.Windows.10.0.22621",
          "Microsoft.Azure.Management.Compute.ComputeManagementClient/60.0.0"
        ]
      },
      "ResponseHeaders": {
        "Cache-Control": [
          "no-cache"
        ],
        "Pragma": [
          "no-cache"
        ],
        "Retry-After": [
          "30"
        ],
        "x-ms-ratelimit-remaining-resource": [
          "Microsoft.Compute/GetOperation3Min;14994,Microsoft.Compute/GetOperation30Min;29952"
        ],
        "Strict-Transport-Security": [
          "max-age=31536000; includeSubDomains"
        ],
        "x-ms-request-id": [
          "cb521dc3-1e27-45d7-9a05-22da28c1368b"
        ],
        "Server": [
          "Microsoft-HTTPAPI/2.0",
          "Microsoft-HTTPAPI/2.0"
        ],
        "x-ms-ratelimit-remaining-subscription-reads": [
          "11992"
        ],
        "x-ms-correlation-request-id": [
          "d6e3afa2-69fe-4978-a803-66ec66fdd967"
        ],
        "x-ms-routing-request-id": [
          "CANADACENTRAL:20230314T165730Z:d6e3afa2-69fe-4978-a803-66ec66fdd967"
        ],
        "X-Content-Type-Options": [
          "nosniff"
        ],
        "Date": [
          "Tue, 14 Mar 2023 16:57:30 GMT"
        ],
        "Content-Length": [
          "134"
        ],
        "Content-Type": [
          "application/json; charset=utf-8"
        ],
        "Expires": [
          "-1"
        ]
      },
      "ResponseBody": "{\r\n  \"startTime\": \"2023-03-14T12:57:20.4825256-04:00\",\r\n  \"status\": \"InProgress\",\r\n  \"name\": \"fbc73c7e-13db-4290-b921-dd77437e3e2d\"\r\n}",
      "StatusCode": 200
    },
    {
      "RequestUri": "/subscriptions/e37510d7-33b6-4676-886f-ee75bcc01871/providers/Microsoft.Compute/locations/eastus2/operations/fbc73c7e-13db-4290-b921-dd77437e3e2d?p=41da89ab-29fa-414a-bb5c-9eea1ddab902&api-version=2023-03-01",
      "EncodedRequestUri": "L3N1YnNjcmlwdGlvbnMvZTM3NTEwZDctMzNiNi00Njc2LTg4NmYtZWU3NWJjYzAxODcxL3Byb3ZpZGVycy9NaWNyb3NvZnQuQ29tcHV0ZS9sb2NhdGlvbnMvZWFzdHVzMi9vcGVyYXRpb25zL2ZiYzczYzdlLTEzZGItNDI5MC1iOTIxLWRkNzc0MzdlM2UyZD9wPTQxZGE4OWFiLTI5ZmEtNDE0YS1iYjVjLTllZWExZGRhYjkwMiZhcGktdmVyc2lvbj0yMDIzLTAzLTAx",
      "RequestMethod": "GET",
      "RequestBody": "",
      "RequestHeaders": {
        "User-Agent": [
          "FxVersion/6.0.1423.7309",
          "OSName/Windows",
          "OSVersion/Microsoft.Windows.10.0.22621",
          "Microsoft.Azure.Management.Compute.ComputeManagementClient/60.0.0"
        ]
      },
      "ResponseHeaders": {
        "Cache-Control": [
          "no-cache"
        ],
        "Pragma": [
          "no-cache"
        ],
        "x-ms-ratelimit-remaining-resource": [
          "Microsoft.Compute/GetOperation3Min;14990,Microsoft.Compute/GetOperation30Min;29948"
        ],
        "Strict-Transport-Security": [
          "max-age=31536000; includeSubDomains"
        ],
        "x-ms-request-id": [
          "187bf43b-6736-4315-94a9-0d12efa8dbda"
        ],
        "Server": [
          "Microsoft-HTTPAPI/2.0",
          "Microsoft-HTTPAPI/2.0"
        ],
        "x-ms-ratelimit-remaining-subscription-reads": [
          "11991"
        ],
        "x-ms-correlation-request-id": [
          "f8f1c082-5fb3-4126-8c4c-69018421105a"
        ],
        "x-ms-routing-request-id": [
          "CANADACENTRAL:20230314T165800Z:f8f1c082-5fb3-4126-8c4c-69018421105a"
        ],
        "X-Content-Type-Options": [
          "nosniff"
        ],
        "Date": [
          "Tue, 14 Mar 2023 16:58:00 GMT"
        ],
        "Content-Length": [
          "183"
        ],
        "Content-Type": [
          "application/json; charset=utf-8"
        ],
        "Expires": [
          "-1"
        ]
      },
      "ResponseBody": "{\r\n  \"startTime\": \"2023-03-14T12:57:20.4825256-04:00\",\r\n  \"endTime\": \"2023-03-14T12:57:56.435458-04:00\",\r\n  \"status\": \"Succeeded\",\r\n  \"name\": \"fbc73c7e-13db-4290-b921-dd77437e3e2d\"\r\n}",
      "StatusCode": 200
    },
    {
      "RequestUri": "/subscriptions/e37510d7-33b6-4676-886f-ee75bcc01871/providers/Microsoft.Compute/locations/eastus2/operations/fbc73c7e-13db-4290-b921-dd77437e3e2d?p=41da89ab-29fa-414a-bb5c-9eea1ddab902&monitor=true&api-version=2023-03-01",
      "EncodedRequestUri": "L3N1YnNjcmlwdGlvbnMvZTM3NTEwZDctMzNiNi00Njc2LTg4NmYtZWU3NWJjYzAxODcxL3Byb3ZpZGVycy9NaWNyb3NvZnQuQ29tcHV0ZS9sb2NhdGlvbnMvZWFzdHVzMi9vcGVyYXRpb25zL2ZiYzczYzdlLTEzZGItNDI5MC1iOTIxLWRkNzc0MzdlM2UyZD9wPTQxZGE4OWFiLTI5ZmEtNDE0YS1iYjVjLTllZWExZGRhYjkwMiZtb25pdG9yPXRydWUmYXBpLXZlcnNpb249MjAyMy0wMy0wMQ==",
      "RequestMethod": "GET",
      "RequestBody": "",
      "RequestHeaders": {
        "User-Agent": [
          "FxVersion/6.0.1423.7309",
          "OSName/Windows",
          "OSVersion/Microsoft.Windows.10.0.22621",
          "Microsoft.Azure.Management.Compute.ComputeManagementClient/60.0.0"
        ]
      },
      "ResponseHeaders": {
        "Cache-Control": [
          "no-cache"
        ],
        "Pragma": [
          "no-cache"
        ],
        "x-ms-ratelimit-remaining-resource": [
          "Microsoft.Compute/GetOperation3Min;14989,Microsoft.Compute/GetOperation30Min;29947"
        ],
        "Strict-Transport-Security": [
          "max-age=31536000; includeSubDomains"
        ],
        "x-ms-request-id": [
          "815b1626-d547-428d-a274-33b95c4139dc"
        ],
        "Server": [
          "Microsoft-HTTPAPI/2.0",
          "Microsoft-HTTPAPI/2.0"
        ],
        "x-ms-ratelimit-remaining-subscription-reads": [
          "11990"
        ],
        "x-ms-correlation-request-id": [
          "55998991-8cc9-45f2-a3cc-f799fbf4f1b4"
        ],
        "x-ms-routing-request-id": [
          "CANADACENTRAL:20230314T165800Z:55998991-8cc9-45f2-a3cc-f799fbf4f1b4"
        ],
        "X-Content-Type-Options": [
          "nosniff"
        ],
        "Date": [
          "Tue, 14 Mar 2023 16:58:00 GMT"
        ],
        "Expires": [
          "-1"
        ],
        "Content-Length": [
          "0"
        ]
      },
      "ResponseBody": "",
      "StatusCode": 200
    },
    {
      "RequestUri": "/subscriptions/e37510d7-33b6-4676-886f-ee75bcc01871/resourceGroups/crptestar2401/providers/Microsoft.Storage/storageAccounts/crptestar1987?api-version=2015-06-15",
      "EncodedRequestUri": "L3N1YnNjcmlwdGlvbnMvZTM3NTEwZDctMzNiNi00Njc2LTg4NmYtZWU3NWJjYzAxODcxL3Jlc291cmNlR3JvdXBzL2NycHRlc3RhcjI0MDEvcHJvdmlkZXJzL01pY3Jvc29mdC5TdG9yYWdlL3N0b3JhZ2VBY2NvdW50cy9jcnB0ZXN0YXIxOTg3P2FwaS12ZXJzaW9uPTIwMTUtMDYtMTU=",
      "RequestMethod": "DELETE",
      "RequestBody": "",
      "RequestHeaders": {
        "x-ms-client-request-id": [
          "8516f801-7025-494c-bbe4-77da5dabcbbf"
        ],
        "Accept-Language": [
          "en-US"
        ],
        "User-Agent": [
          "FxVersion/6.0.1423.7309",
          "OSName/Windows",
          "OSVersion/Microsoft.Windows.10.0.22621",
          "Microsoft.Azure.Management.Storage.StorageManagementClient/4.0.0.0"
        ]
      },
      "ResponseHeaders": {
        "Cache-Control": [
          "no-cache"
        ],
        "Pragma": [
          "no-cache"
        ],
        "x-ms-request-id": [
          "53ace7b1-41c0-480f-8e64-6937f6595f35"
        ],
        "Strict-Transport-Security": [
          "max-age=31536000; includeSubDomains"
        ],
        "Server": [
          "Microsoft-Azure-Storage-Resource-Provider/1.0,Microsoft-HTTPAPI/2.0 Microsoft-HTTPAPI/2.0"
        ],
        "x-ms-ratelimit-remaining-subscription-deletes": [
          "14999"
        ],
        "x-ms-correlation-request-id": [
          "c0b06082-b9d5-4a3c-98d6-a8d94f9020a1"
        ],
        "x-ms-routing-request-id": [
          "CANADACENTRAL:20230314T165804Z:c0b06082-b9d5-4a3c-98d6-a8d94f9020a1"
        ],
        "X-Content-Type-Options": [
          "nosniff"
        ],
        "Date": [
          "Tue, 14 Mar 2023 16:58:04 GMT"
        ],
        "Content-Type": [
          "text/plain; charset=utf-8"
        ],
        "Expires": [
          "-1"
        ],
        "Content-Length": [
          "0"
        ]
      },
      "ResponseBody": "",
      "StatusCode": 200
    },
    {
      "RequestUri": "/subscriptions/e37510d7-33b6-4676-886f-ee75bcc01871/resourceGroups/crptestar2401/providers/Microsoft.Compute/virtualMachines/vm3376/start?api-version=2023-03-01",
      "EncodedRequestUri": "L3N1YnNjcmlwdGlvbnMvZTM3NTEwZDctMzNiNi00Njc2LTg4NmYtZWU3NWJjYzAxODcxL3Jlc291cmNlR3JvdXBzL2NycHRlc3RhcjI0MDEvcHJvdmlkZXJzL01pY3Jvc29mdC5Db21wdXRlL3ZpcnR1YWxNYWNoaW5lcy92bTMzNzYvc3RhcnQ/YXBpLXZlcnNpb249MjAyMy0wMy0wMQ==",
      "RequestMethod": "POST",
      "RequestBody": "",
      "RequestHeaders": {
        "x-ms-client-request-id": [
          "d385d8f6-fcd8-4cf3-857e-2a49f04a9e03"
        ],
        "Accept-Language": [
          "en-US"
        ],
        "User-Agent": [
          "FxVersion/6.0.1423.7309",
          "OSName/Windows",
          "OSVersion/Microsoft.Windows.10.0.22621",
          "Microsoft.Azure.Management.Compute.ComputeManagementClient/60.0.0"
        ]
      },
      "ResponseHeaders": {
        "Cache-Control": [
          "no-cache"
        ],
        "Pragma": [
          "no-cache"
        ],
        "Location": [
          "https://management.azure.com/subscriptions/e37510d7-33b6-4676-886f-ee75bcc01871/providers/Microsoft.Compute/locations/eastus2/operations/6fb690f2-6965-4780-b451-fa02412ab78d?p=41da89ab-29fa-414a-bb5c-9eea1ddab902&monitor=true&api-version=2023-03-01"
        ],
        "Retry-After": [
          "10"
        ],
        "Azure-AsyncOperation": [
          "https://management.azure.com/subscriptions/e37510d7-33b6-4676-886f-ee75bcc01871/providers/Microsoft.Compute/locations/eastus2/operations/6fb690f2-6965-4780-b451-fa02412ab78d?p=41da89ab-29fa-414a-bb5c-9eea1ddab902&api-version=2023-03-01"
        ],
        "Azure-AsyncNotification": [
          "Enabled"
        ],
        "x-ms-ratelimit-remaining-resource": [
          "Microsoft.Compute/UpdateVM3Min;239,Microsoft.Compute/UpdateVM30Min;1199"
        ],
        "Strict-Transport-Security": [
          "max-age=31536000; includeSubDomains"
        ],
        "x-ms-request-id": [
          "6fb690f2-6965-4780-b451-fa02412ab78d"
        ],
        "Server": [
          "Microsoft-HTTPAPI/2.0",
          "Microsoft-HTTPAPI/2.0"
        ],
        "x-ms-ratelimit-remaining-subscription-writes": [
          "1197"
        ],
        "x-ms-correlation-request-id": [
          "8d77748b-a34b-48f8-ba02-6a301b143afd"
        ],
        "x-ms-routing-request-id": [
          "CANADACENTRAL:20230314T165804Z:8d77748b-a34b-48f8-ba02-6a301b143afd"
        ],
        "X-Content-Type-Options": [
          "nosniff"
        ],
        "Date": [
          "Tue, 14 Mar 2023 16:58:04 GMT"
        ],
        "Expires": [
          "-1"
        ],
        "Content-Length": [
          "0"
        ]
      },
      "ResponseBody": "",
      "StatusCode": 202
    },
    {
      "RequestUri": "/subscriptions/e37510d7-33b6-4676-886f-ee75bcc01871/providers/Microsoft.Compute/locations/eastus2/operations/6fb690f2-6965-4780-b451-fa02412ab78d?p=41da89ab-29fa-414a-bb5c-9eea1ddab902&api-version=2023-03-01",
      "EncodedRequestUri": "L3N1YnNjcmlwdGlvbnMvZTM3NTEwZDctMzNiNi00Njc2LTg4NmYtZWU3NWJjYzAxODcxL3Byb3ZpZGVycy9NaWNyb3NvZnQuQ29tcHV0ZS9sb2NhdGlvbnMvZWFzdHVzMi9vcGVyYXRpb25zLzZmYjY5MGYyLTY5NjUtNDc4MC1iNDUxLWZhMDI0MTJhYjc4ZD9wPTQxZGE4OWFiLTI5ZmEtNDE0YS1iYjVjLTllZWExZGRhYjkwMiZhcGktdmVyc2lvbj0yMDIzLTAzLTAx",
      "RequestMethod": "GET",
      "RequestBody": "",
      "RequestHeaders": {
        "User-Agent": [
          "FxVersion/6.0.1423.7309",
          "OSName/Windows",
          "OSVersion/Microsoft.Windows.10.0.22621",
          "Microsoft.Azure.Management.Compute.ComputeManagementClient/60.0.0"
        ]
      },
      "ResponseHeaders": {
        "Cache-Control": [
          "no-cache"
        ],
        "Pragma": [
          "no-cache"
        ],
        "Retry-After": [
          "10"
        ],
        "x-ms-ratelimit-remaining-resource": [
          "Microsoft.Compute/GetOperation3Min;14988,Microsoft.Compute/GetOperation30Min;29946"
        ],
        "Strict-Transport-Security": [
          "max-age=31536000; includeSubDomains"
        ],
        "x-ms-request-id": [
          "f2bbd75e-40b9-4ee2-9b67-7fffa1ee7ee4"
        ],
        "Server": [
          "Microsoft-HTTPAPI/2.0",
          "Microsoft-HTTPAPI/2.0"
        ],
        "x-ms-ratelimit-remaining-subscription-reads": [
          "11989"
        ],
        "x-ms-correlation-request-id": [
          "6ae8316f-00da-4680-9db0-3d14ea1b3af1"
        ],
        "x-ms-routing-request-id": [
          "CANADACENTRAL:20230314T165814Z:6ae8316f-00da-4680-9db0-3d14ea1b3af1"
        ],
        "X-Content-Type-Options": [
          "nosniff"
        ],
        "Date": [
          "Tue, 14 Mar 2023 16:58:14 GMT"
        ],
        "Content-Length": [
          "134"
        ],
        "Content-Type": [
          "application/json; charset=utf-8"
        ],
        "Expires": [
          "-1"
        ]
      },
      "ResponseBody": "{\r\n  \"startTime\": \"2023-03-14T12:58:04.7166737-04:00\",\r\n  \"status\": \"InProgress\",\r\n  \"name\": \"6fb690f2-6965-4780-b451-fa02412ab78d\"\r\n}",
      "StatusCode": 200
    },
    {
      "RequestUri": "/subscriptions/e37510d7-33b6-4676-886f-ee75bcc01871/providers/Microsoft.Compute/locations/eastus2/operations/6fb690f2-6965-4780-b451-fa02412ab78d?p=41da89ab-29fa-414a-bb5c-9eea1ddab902&api-version=2023-03-01",
      "EncodedRequestUri": "L3N1YnNjcmlwdGlvbnMvZTM3NTEwZDctMzNiNi00Njc2LTg4NmYtZWU3NWJjYzAxODcxL3Byb3ZpZGVycy9NaWNyb3NvZnQuQ29tcHV0ZS9sb2NhdGlvbnMvZWFzdHVzMi9vcGVyYXRpb25zLzZmYjY5MGYyLTY5NjUtNDc4MC1iNDUxLWZhMDI0MTJhYjc4ZD9wPTQxZGE4OWFiLTI5ZmEtNDE0YS1iYjVjLTllZWExZGRhYjkwMiZhcGktdmVyc2lvbj0yMDIzLTAzLTAx",
      "RequestMethod": "GET",
      "RequestBody": "",
      "RequestHeaders": {
        "User-Agent": [
          "FxVersion/6.0.1423.7309",
          "OSName/Windows",
          "OSVersion/Microsoft.Windows.10.0.22621",
          "Microsoft.Azure.Management.Compute.ComputeManagementClient/60.0.0"
        ]
      },
      "ResponseHeaders": {
        "Cache-Control": [
          "no-cache"
        ],
        "Pragma": [
          "no-cache"
        ],
        "x-ms-ratelimit-remaining-resource": [
          "Microsoft.Compute/GetOperation3Min;14986,Microsoft.Compute/GetOperation30Min;29944"
        ],
        "Strict-Transport-Security": [
          "max-age=31536000; includeSubDomains"
        ],
        "x-ms-request-id": [
          "1c5c4c46-2fab-456d-af40-a67a5c101a32"
        ],
        "Server": [
          "Microsoft-HTTPAPI/2.0",
          "Microsoft-HTTPAPI/2.0"
        ],
        "x-ms-ratelimit-remaining-subscription-reads": [
          "11988"
        ],
        "x-ms-correlation-request-id": [
          "3a191afe-4729-4bb6-866e-7e18062fd016"
        ],
        "x-ms-routing-request-id": [
          "CANADACENTRAL:20230314T165825Z:3a191afe-4729-4bb6-866e-7e18062fd016"
        ],
        "X-Content-Type-Options": [
          "nosniff"
        ],
        "Date": [
          "Tue, 14 Mar 2023 16:58:24 GMT"
        ],
        "Content-Length": [
          "134"
        ],
        "Content-Type": [
          "application/json; charset=utf-8"
        ],
        "Expires": [
          "-1"
        ]
      },
      "ResponseBody": "{\r\n  \"startTime\": \"2023-03-14T12:58:04.7166737-04:00\",\r\n  \"status\": \"InProgress\",\r\n  \"name\": \"6fb690f2-6965-4780-b451-fa02412ab78d\"\r\n}",
      "StatusCode": 200
    },
    {
      "RequestUri": "/subscriptions/e37510d7-33b6-4676-886f-ee75bcc01871/providers/Microsoft.Compute/locations/eastus2/operations/6fb690f2-6965-4780-b451-fa02412ab78d?p=41da89ab-29fa-414a-bb5c-9eea1ddab902&api-version=2023-03-01",
      "EncodedRequestUri": "L3N1YnNjcmlwdGlvbnMvZTM3NTEwZDctMzNiNi00Njc2LTg4NmYtZWU3NWJjYzAxODcxL3Byb3ZpZGVycy9NaWNyb3NvZnQuQ29tcHV0ZS9sb2NhdGlvbnMvZWFzdHVzMi9vcGVyYXRpb25zLzZmYjY5MGYyLTY5NjUtNDc4MC1iNDUxLWZhMDI0MTJhYjc4ZD9wPTQxZGE4OWFiLTI5ZmEtNDE0YS1iYjVjLTllZWExZGRhYjkwMiZhcGktdmVyc2lvbj0yMDIzLTAzLTAx",
      "RequestMethod": "GET",
      "RequestBody": "",
      "RequestHeaders": {
        "User-Agent": [
          "FxVersion/6.0.1423.7309",
          "OSName/Windows",
          "OSVersion/Microsoft.Windows.10.0.22621",
          "Microsoft.Azure.Management.Compute.ComputeManagementClient/60.0.0"
        ]
      },
      "ResponseHeaders": {
        "Cache-Control": [
          "no-cache"
        ],
        "Pragma": [
          "no-cache"
        ],
        "x-ms-ratelimit-remaining-resource": [
          "Microsoft.Compute/GetOperation3Min;14987,Microsoft.Compute/GetOperation30Min;29943"
        ],
        "Strict-Transport-Security": [
          "max-age=31536000; includeSubDomains"
        ],
        "x-ms-request-id": [
          "06166845-51d8-4d60-961a-8cd6665e3487"
        ],
        "Server": [
          "Microsoft-HTTPAPI/2.0",
          "Microsoft-HTTPAPI/2.0"
        ],
        "x-ms-ratelimit-remaining-subscription-reads": [
          "11987"
        ],
        "x-ms-correlation-request-id": [
          "2efcbbd0-8fad-4bf4-a475-c1a34a850ac2"
        ],
        "x-ms-routing-request-id": [
          "CANADACENTRAL:20230314T165835Z:2efcbbd0-8fad-4bf4-a475-c1a34a850ac2"
        ],
        "X-Content-Type-Options": [
          "nosniff"
        ],
        "Date": [
          "Tue, 14 Mar 2023 16:58:35 GMT"
        ],
        "Content-Length": [
          "134"
        ],
        "Content-Type": [
          "application/json; charset=utf-8"
        ],
        "Expires": [
          "-1"
        ]
      },
      "ResponseBody": "{\r\n  \"startTime\": \"2023-03-14T12:58:04.7166737-04:00\",\r\n  \"status\": \"InProgress\",\r\n  \"name\": \"6fb690f2-6965-4780-b451-fa02412ab78d\"\r\n}",
      "StatusCode": 200
    },
    {
      "RequestUri": "/subscriptions/e37510d7-33b6-4676-886f-ee75bcc01871/providers/Microsoft.Compute/locations/eastus2/operations/6fb690f2-6965-4780-b451-fa02412ab78d?p=41da89ab-29fa-414a-bb5c-9eea1ddab902&api-version=2023-03-01",
      "EncodedRequestUri": "L3N1YnNjcmlwdGlvbnMvZTM3NTEwZDctMzNiNi00Njc2LTg4NmYtZWU3NWJjYzAxODcxL3Byb3ZpZGVycy9NaWNyb3NvZnQuQ29tcHV0ZS9sb2NhdGlvbnMvZWFzdHVzMi9vcGVyYXRpb25zLzZmYjY5MGYyLTY5NjUtNDc4MC1iNDUxLWZhMDI0MTJhYjc4ZD9wPTQxZGE4OWFiLTI5ZmEtNDE0YS1iYjVjLTllZWExZGRhYjkwMiZhcGktdmVyc2lvbj0yMDIzLTAzLTAx",
      "RequestMethod": "GET",
      "RequestBody": "",
      "RequestHeaders": {
        "User-Agent": [
          "FxVersion/6.0.1423.7309",
          "OSName/Windows",
          "OSVersion/Microsoft.Windows.10.0.22621",
          "Microsoft.Azure.Management.Compute.ComputeManagementClient/60.0.0"
        ]
      },
      "ResponseHeaders": {
        "Cache-Control": [
          "no-cache"
        ],
        "Pragma": [
          "no-cache"
        ],
        "x-ms-ratelimit-remaining-resource": [
          "Microsoft.Compute/GetOperation3Min;14985,Microsoft.Compute/GetOperation30Min;29941"
        ],
        "Strict-Transport-Security": [
          "max-age=31536000; includeSubDomains"
        ],
        "x-ms-request-id": [
          "1bcefa55-cb32-46ba-b9fe-368546365625"
        ],
        "Server": [
          "Microsoft-HTTPAPI/2.0",
          "Microsoft-HTTPAPI/2.0"
        ],
        "x-ms-ratelimit-remaining-subscription-reads": [
          "11986"
        ],
        "x-ms-correlation-request-id": [
          "f26ac44f-485f-4a00-8e69-31d83690e651"
        ],
        "x-ms-routing-request-id": [
          "CANADACENTRAL:20230314T165845Z:f26ac44f-485f-4a00-8e69-31d83690e651"
        ],
        "X-Content-Type-Options": [
          "nosniff"
        ],
        "Date": [
          "Tue, 14 Mar 2023 16:58:45 GMT"
        ],
        "Content-Length": [
          "134"
        ],
        "Content-Type": [
          "application/json; charset=utf-8"
        ],
        "Expires": [
          "-1"
        ]
      },
      "ResponseBody": "{\r\n  \"startTime\": \"2023-03-14T12:58:04.7166737-04:00\",\r\n  \"status\": \"InProgress\",\r\n  \"name\": \"6fb690f2-6965-4780-b451-fa02412ab78d\"\r\n}",
      "StatusCode": 200
    },
    {
      "RequestUri": "/subscriptions/e37510d7-33b6-4676-886f-ee75bcc01871/providers/Microsoft.Compute/locations/eastus2/operations/6fb690f2-6965-4780-b451-fa02412ab78d?p=41da89ab-29fa-414a-bb5c-9eea1ddab902&api-version=2023-03-01",
      "EncodedRequestUri": "L3N1YnNjcmlwdGlvbnMvZTM3NTEwZDctMzNiNi00Njc2LTg4NmYtZWU3NWJjYzAxODcxL3Byb3ZpZGVycy9NaWNyb3NvZnQuQ29tcHV0ZS9sb2NhdGlvbnMvZWFzdHVzMi9vcGVyYXRpb25zLzZmYjY5MGYyLTY5NjUtNDc4MC1iNDUxLWZhMDI0MTJhYjc4ZD9wPTQxZGE4OWFiLTI5ZmEtNDE0YS1iYjVjLTllZWExZGRhYjkwMiZhcGktdmVyc2lvbj0yMDIzLTAzLTAx",
      "RequestMethod": "GET",
      "RequestBody": "",
      "RequestHeaders": {
        "User-Agent": [
          "FxVersion/6.0.1423.7309",
          "OSName/Windows",
          "OSVersion/Microsoft.Windows.10.0.22621",
          "Microsoft.Azure.Management.Compute.ComputeManagementClient/60.0.0"
        ]
      },
      "ResponseHeaders": {
        "Cache-Control": [
          "no-cache"
        ],
        "Pragma": [
          "no-cache"
        ],
        "x-ms-ratelimit-remaining-resource": [
          "Microsoft.Compute/GetOperation3Min;14984,Microsoft.Compute/GetOperation30Min;29940"
        ],
        "Strict-Transport-Security": [
          "max-age=31536000; includeSubDomains"
        ],
        "x-ms-request-id": [
          "53029dd5-e85d-4529-97f3-8ab6ae8c13f1"
        ],
        "Server": [
          "Microsoft-HTTPAPI/2.0",
          "Microsoft-HTTPAPI/2.0"
        ],
        "x-ms-ratelimit-remaining-subscription-reads": [
          "11985"
        ],
        "x-ms-correlation-request-id": [
          "31e2280b-835c-4348-b5df-b0ba09e71aae"
        ],
        "x-ms-routing-request-id": [
          "CANADACENTRAL:20230314T165855Z:31e2280b-835c-4348-b5df-b0ba09e71aae"
        ],
        "X-Content-Type-Options": [
          "nosniff"
        ],
        "Date": [
          "Tue, 14 Mar 2023 16:58:55 GMT"
        ],
        "Content-Length": [
          "134"
        ],
        "Content-Type": [
          "application/json; charset=utf-8"
        ],
        "Expires": [
          "-1"
        ]
      },
      "ResponseBody": "{\r\n  \"startTime\": \"2023-03-14T12:58:04.7166737-04:00\",\r\n  \"status\": \"InProgress\",\r\n  \"name\": \"6fb690f2-6965-4780-b451-fa02412ab78d\"\r\n}",
      "StatusCode": 200
    },
    {
      "RequestUri": "/subscriptions/e37510d7-33b6-4676-886f-ee75bcc01871/providers/Microsoft.Compute/locations/eastus2/operations/6fb690f2-6965-4780-b451-fa02412ab78d?p=41da89ab-29fa-414a-bb5c-9eea1ddab902&api-version=2023-03-01",
      "EncodedRequestUri": "L3N1YnNjcmlwdGlvbnMvZTM3NTEwZDctMzNiNi00Njc2LTg4NmYtZWU3NWJjYzAxODcxL3Byb3ZpZGVycy9NaWNyb3NvZnQuQ29tcHV0ZS9sb2NhdGlvbnMvZWFzdHVzMi9vcGVyYXRpb25zLzZmYjY5MGYyLTY5NjUtNDc4MC1iNDUxLWZhMDI0MTJhYjc4ZD9wPTQxZGE4OWFiLTI5ZmEtNDE0YS1iYjVjLTllZWExZGRhYjkwMiZhcGktdmVyc2lvbj0yMDIzLTAzLTAx",
      "RequestMethod": "GET",
      "RequestBody": "",
      "RequestHeaders": {
        "User-Agent": [
          "FxVersion/6.0.1423.7309",
          "OSName/Windows",
          "OSVersion/Microsoft.Windows.10.0.22621",
          "Microsoft.Azure.Management.Compute.ComputeManagementClient/60.0.0"
        ]
      },
      "ResponseHeaders": {
        "Cache-Control": [
          "no-cache"
        ],
        "Pragma": [
          "no-cache"
        ],
        "x-ms-ratelimit-remaining-resource": [
          "Microsoft.Compute/GetOperation3Min;14984,Microsoft.Compute/GetOperation30Min;29939"
        ],
        "Strict-Transport-Security": [
          "max-age=31536000; includeSubDomains"
        ],
        "x-ms-request-id": [
          "65d50110-5167-419a-9867-c8d44f6ab7ba"
        ],
        "Server": [
          "Microsoft-HTTPAPI/2.0",
          "Microsoft-HTTPAPI/2.0"
        ],
        "x-ms-ratelimit-remaining-subscription-reads": [
          "11984"
        ],
        "x-ms-correlation-request-id": [
          "b7120fc1-ff47-4db7-8062-4c555f3000ce"
        ],
        "x-ms-routing-request-id": [
          "CANADACENTRAL:20230314T165906Z:b7120fc1-ff47-4db7-8062-4c555f3000ce"
        ],
        "X-Content-Type-Options": [
          "nosniff"
        ],
        "Date": [
          "Tue, 14 Mar 2023 16:59:05 GMT"
        ],
        "Content-Length": [
          "134"
        ],
        "Content-Type": [
          "application/json; charset=utf-8"
        ],
        "Expires": [
          "-1"
        ]
      },
      "ResponseBody": "{\r\n  \"startTime\": \"2023-03-14T12:58:04.7166737-04:00\",\r\n  \"status\": \"InProgress\",\r\n  \"name\": \"6fb690f2-6965-4780-b451-fa02412ab78d\"\r\n}",
      "StatusCode": 200
    },
    {
      "RequestUri": "/subscriptions/e37510d7-33b6-4676-886f-ee75bcc01871/providers/Microsoft.Compute/locations/eastus2/operations/6fb690f2-6965-4780-b451-fa02412ab78d?p=41da89ab-29fa-414a-bb5c-9eea1ddab902&api-version=2023-03-01",
      "EncodedRequestUri": "L3N1YnNjcmlwdGlvbnMvZTM3NTEwZDctMzNiNi00Njc2LTg4NmYtZWU3NWJjYzAxODcxL3Byb3ZpZGVycy9NaWNyb3NvZnQuQ29tcHV0ZS9sb2NhdGlvbnMvZWFzdHVzMi9vcGVyYXRpb25zLzZmYjY5MGYyLTY5NjUtNDc4MC1iNDUxLWZhMDI0MTJhYjc4ZD9wPTQxZGE4OWFiLTI5ZmEtNDE0YS1iYjVjLTllZWExZGRhYjkwMiZhcGktdmVyc2lvbj0yMDIzLTAzLTAx",
      "RequestMethod": "GET",
      "RequestBody": "",
      "RequestHeaders": {
        "User-Agent": [
          "FxVersion/6.0.1423.7309",
          "OSName/Windows",
          "OSVersion/Microsoft.Windows.10.0.22621",
          "Microsoft.Azure.Management.Compute.ComputeManagementClient/60.0.0"
        ]
      },
      "ResponseHeaders": {
        "Cache-Control": [
          "no-cache"
        ],
        "Pragma": [
          "no-cache"
        ],
        "x-ms-ratelimit-remaining-resource": [
          "Microsoft.Compute/GetOperation3Min;14983,Microsoft.Compute/GetOperation30Min;29938"
        ],
        "Strict-Transport-Security": [
          "max-age=31536000; includeSubDomains"
        ],
        "x-ms-request-id": [
          "77489213-2412-46f9-8d3e-753a04e13b82"
        ],
        "Server": [
          "Microsoft-HTTPAPI/2.0",
          "Microsoft-HTTPAPI/2.0"
        ],
        "x-ms-ratelimit-remaining-subscription-reads": [
          "11983"
        ],
        "x-ms-correlation-request-id": [
          "614ddfdd-78f8-4863-8211-301b7acb920d"
        ],
        "x-ms-routing-request-id": [
          "CANADACENTRAL:20230314T165916Z:614ddfdd-78f8-4863-8211-301b7acb920d"
        ],
        "X-Content-Type-Options": [
          "nosniff"
        ],
        "Date": [
          "Tue, 14 Mar 2023 16:59:15 GMT"
        ],
        "Content-Length": [
          "134"
        ],
        "Content-Type": [
          "application/json; charset=utf-8"
        ],
        "Expires": [
          "-1"
        ]
      },
      "ResponseBody": "{\r\n  \"startTime\": \"2023-03-14T12:58:04.7166737-04:00\",\r\n  \"status\": \"InProgress\",\r\n  \"name\": \"6fb690f2-6965-4780-b451-fa02412ab78d\"\r\n}",
      "StatusCode": 200
    },
    {
      "RequestUri": "/subscriptions/e37510d7-33b6-4676-886f-ee75bcc01871/providers/Microsoft.Compute/locations/eastus2/operations/6fb690f2-6965-4780-b451-fa02412ab78d?p=41da89ab-29fa-414a-bb5c-9eea1ddab902&api-version=2023-03-01",
      "EncodedRequestUri": "L3N1YnNjcmlwdGlvbnMvZTM3NTEwZDctMzNiNi00Njc2LTg4NmYtZWU3NWJjYzAxODcxL3Byb3ZpZGVycy9NaWNyb3NvZnQuQ29tcHV0ZS9sb2NhdGlvbnMvZWFzdHVzMi9vcGVyYXRpb25zLzZmYjY5MGYyLTY5NjUtNDc4MC1iNDUxLWZhMDI0MTJhYjc4ZD9wPTQxZGE4OWFiLTI5ZmEtNDE0YS1iYjVjLTllZWExZGRhYjkwMiZhcGktdmVyc2lvbj0yMDIzLTAzLTAx",
      "RequestMethod": "GET",
      "RequestBody": "",
      "RequestHeaders": {
        "User-Agent": [
          "FxVersion/6.0.1423.7309",
          "OSName/Windows",
          "OSVersion/Microsoft.Windows.10.0.22621",
          "Microsoft.Azure.Management.Compute.ComputeManagementClient/60.0.0"
        ]
      },
      "ResponseHeaders": {
        "Cache-Control": [
          "no-cache"
        ],
        "Pragma": [
          "no-cache"
        ],
        "x-ms-ratelimit-remaining-resource": [
          "Microsoft.Compute/GetOperation3Min;14980,Microsoft.Compute/GetOperation30Min;29935"
        ],
        "Strict-Transport-Security": [
          "max-age=31536000; includeSubDomains"
        ],
        "x-ms-request-id": [
          "21fa2fd3-c889-4d7c-a060-5ba5c2ddbe92"
        ],
        "Server": [
          "Microsoft-HTTPAPI/2.0",
          "Microsoft-HTTPAPI/2.0"
        ],
        "x-ms-ratelimit-remaining-subscription-reads": [
          "11982"
        ],
        "x-ms-correlation-request-id": [
          "558a9e33-e44f-4d7c-8575-f2670f4d0794"
        ],
        "x-ms-routing-request-id": [
          "CANADACENTRAL:20230314T165926Z:558a9e33-e44f-4d7c-8575-f2670f4d0794"
        ],
        "X-Content-Type-Options": [
          "nosniff"
        ],
        "Date": [
          "Tue, 14 Mar 2023 16:59:26 GMT"
        ],
        "Content-Length": [
          "183"
        ],
        "Content-Type": [
          "application/json; charset=utf-8"
        ],
        "Expires": [
          "-1"
        ]
      },
      "ResponseBody": "{\r\n  \"startTime\": \"2023-03-14T12:58:04.7166737-04:00\",\r\n  \"endTime\": \"2023-03-14T12:59:21.825628-04:00\",\r\n  \"status\": \"Succeeded\",\r\n  \"name\": \"6fb690f2-6965-4780-b451-fa02412ab78d\"\r\n}",
      "StatusCode": 200
    },
    {
      "RequestUri": "/subscriptions/e37510d7-33b6-4676-886f-ee75bcc01871/providers/Microsoft.Compute/locations/eastus2/operations/6fb690f2-6965-4780-b451-fa02412ab78d?p=41da89ab-29fa-414a-bb5c-9eea1ddab902&monitor=true&api-version=2023-03-01",
      "EncodedRequestUri": "L3N1YnNjcmlwdGlvbnMvZTM3NTEwZDctMzNiNi00Njc2LTg4NmYtZWU3NWJjYzAxODcxL3Byb3ZpZGVycy9NaWNyb3NvZnQuQ29tcHV0ZS9sb2NhdGlvbnMvZWFzdHVzMi9vcGVyYXRpb25zLzZmYjY5MGYyLTY5NjUtNDc4MC1iNDUxLWZhMDI0MTJhYjc4ZD9wPTQxZGE4OWFiLTI5ZmEtNDE0YS1iYjVjLTllZWExZGRhYjkwMiZtb25pdG9yPXRydWUmYXBpLXZlcnNpb249MjAyMy0wMy0wMQ==",
      "RequestMethod": "GET",
      "RequestBody": "",
      "RequestHeaders": {
        "User-Agent": [
          "FxVersion/6.0.1423.7309",
          "OSName/Windows",
          "OSVersion/Microsoft.Windows.10.0.22621",
          "Microsoft.Azure.Management.Compute.ComputeManagementClient/60.0.0"
        ]
      },
      "ResponseHeaders": {
        "Cache-Control": [
          "no-cache"
        ],
        "Pragma": [
          "no-cache"
        ],
        "x-ms-ratelimit-remaining-resource": [
          "Microsoft.Compute/GetOperation3Min;14979,Microsoft.Compute/GetOperation30Min;29934"
        ],
        "Strict-Transport-Security": [
          "max-age=31536000; includeSubDomains"
        ],
        "x-ms-request-id": [
          "ed2d5c47-2a7b-4611-b1db-31c27dae38cd"
        ],
        "Server": [
          "Microsoft-HTTPAPI/2.0",
          "Microsoft-HTTPAPI/2.0"
        ],
        "x-ms-ratelimit-remaining-subscription-reads": [
          "11981"
        ],
        "x-ms-correlation-request-id": [
          "110e2d15-67d4-4b91-af85-e8bed9da1f8a"
        ],
        "x-ms-routing-request-id": [
          "CANADACENTRAL:20230314T165926Z:110e2d15-67d4-4b91-af85-e8bed9da1f8a"
        ],
        "X-Content-Type-Options": [
          "nosniff"
        ],
        "Date": [
          "Tue, 14 Mar 2023 16:59:26 GMT"
        ],
        "Expires": [
          "-1"
        ],
        "Content-Length": [
          "0"
        ]
      },
      "ResponseBody": "",
      "StatusCode": 200
    },
    {
      "RequestUri": "/subscriptions/e37510d7-33b6-4676-886f-ee75bcc01871/resourcegroups/crptestar2401?api-version=2017-05-10",
      "EncodedRequestUri": "L3N1YnNjcmlwdGlvbnMvZTM3NTEwZDctMzNiNi00Njc2LTg4NmYtZWU3NWJjYzAxODcxL3Jlc291cmNlZ3JvdXBzL2NycHRlc3RhcjI0MDE/YXBpLXZlcnNpb249MjAxNy0wNS0xMA==",
      "RequestMethod": "DELETE",
      "RequestBody": "",
      "RequestHeaders": {
        "x-ms-client-request-id": [
          "a8806647-3573-47fb-8cdd-ef367ec24422"
        ],
        "Accept-Language": [
          "en-US"
        ],
        "User-Agent": [
          "FxVersion/6.0.1423.7309",
          "OSName/Windows",
          "OSVersion/Microsoft.Windows.10.0.22621",
          "Microsoft.Azure.Management.ResourceManager.ResourceManagementClient/1.6.0.0"
        ]
      },
      "ResponseHeaders": {
        "Cache-Control": [
          "no-cache"
        ],
        "Pragma": [
          "no-cache"
        ],
        "Location": [
          "https://management.azure.com/subscriptions/e37510d7-33b6-4676-886f-ee75bcc01871/operationresults/eyJqb2JJZCI6IlJFU09VUkNFR1JPVVBERUxFVElPTkpPQi1DUlBURVNUQVIyNDAxLUVBU1RVUzIiLCJqb2JMb2NhdGlvbiI6ImVhc3R1czIifQ?api-version=2017-05-10"
        ],
        "Retry-After": [
          "15"
        ],
        "x-ms-ratelimit-remaining-subscription-deletes": [
          "14999"
        ],
        "x-ms-request-id": [
          "32a403d7-0d4e-49a8-afa0-540bde6f9e78"
        ],
        "x-ms-correlation-request-id": [
          "32a403d7-0d4e-49a8-afa0-540bde6f9e78"
        ],
        "x-ms-routing-request-id": [
          "CANADACENTRAL:20230314T165927Z:32a403d7-0d4e-49a8-afa0-540bde6f9e78"
        ],
        "Strict-Transport-Security": [
          "max-age=31536000; includeSubDomains"
        ],
        "X-Content-Type-Options": [
          "nosniff"
        ],
        "Date": [
          "Tue, 14 Mar 2023 16:59:27 GMT"
        ],
        "Expires": [
          "-1"
        ],
        "Content-Length": [
          "0"
        ]
      },
      "ResponseBody": "",
      "StatusCode": 202
    },
    {
      "RequestUri": "/subscriptions/e37510d7-33b6-4676-886f-ee75bcc01871/operationresults/eyJqb2JJZCI6IlJFU09VUkNFR1JPVVBERUxFVElPTkpPQi1DUlBURVNUQVIyNDAxLUVBU1RVUzIiLCJqb2JMb2NhdGlvbiI6ImVhc3R1czIifQ?api-version=2017-05-10",
      "EncodedRequestUri": "L3N1YnNjcmlwdGlvbnMvZTM3NTEwZDctMzNiNi00Njc2LTg4NmYtZWU3NWJjYzAxODcxL29wZXJhdGlvbnJlc3VsdHMvZXlKcWIySkpaQ0k2SWxKRlUwOVZVa05GUjFKUFZWQkVSVXhGVkVsUFRrcFBRaTFEVWxCVVJWTlVRVkl5TkRBeExVVkJVMVJWVXpJaUxDSnFiMkpNYjJOaGRHbHZiaUk2SW1WaGMzUjFjeklpZlE/YXBpLXZlcnNpb249MjAxNy0wNS0xMA==",
      "RequestMethod": "GET",
      "RequestBody": "",
      "RequestHeaders": {
        "User-Agent": [
          "FxVersion/6.0.1423.7309",
          "OSName/Windows",
          "OSVersion/Microsoft.Windows.10.0.22621",
          "Microsoft.Azure.Management.ResourceManager.ResourceManagementClient/1.6.0.0"
        ]
      },
      "ResponseHeaders": {
        "Cache-Control": [
          "no-cache"
        ],
        "Pragma": [
          "no-cache"
        ],
        "Location": [
          "https://management.azure.com/subscriptions/e37510d7-33b6-4676-886f-ee75bcc01871/operationresults/eyJqb2JJZCI6IlJFU09VUkNFR1JPVVBERUxFVElPTkpPQi1DUlBURVNUQVIyNDAxLUVBU1RVUzIiLCJqb2JMb2NhdGlvbiI6ImVhc3R1czIifQ?api-version=2017-05-10"
        ],
        "Retry-After": [
          "15"
        ],
        "x-ms-ratelimit-remaining-subscription-reads": [
          "11998"
        ],
        "x-ms-request-id": [
          "bbae14c7-7711-494c-b242-3e24ab46bf49"
        ],
        "x-ms-correlation-request-id": [
          "bbae14c7-7711-494c-b242-3e24ab46bf49"
        ],
        "x-ms-routing-request-id": [
          "CANADACENTRAL:20230314T165942Z:bbae14c7-7711-494c-b242-3e24ab46bf49"
        ],
        "Strict-Transport-Security": [
          "max-age=31536000; includeSubDomains"
        ],
        "X-Content-Type-Options": [
          "nosniff"
        ],
        "Date": [
          "Tue, 14 Mar 2023 16:59:41 GMT"
        ],
        "Expires": [
          "-1"
        ],
        "Content-Length": [
          "0"
        ]
      },
      "ResponseBody": "",
      "StatusCode": 202
    },
    {
      "RequestUri": "/subscriptions/e37510d7-33b6-4676-886f-ee75bcc01871/operationresults/eyJqb2JJZCI6IlJFU09VUkNFR1JPVVBERUxFVElPTkpPQi1DUlBURVNUQVIyNDAxLUVBU1RVUzIiLCJqb2JMb2NhdGlvbiI6ImVhc3R1czIifQ?api-version=2017-05-10",
      "EncodedRequestUri": "L3N1YnNjcmlwdGlvbnMvZTM3NTEwZDctMzNiNi00Njc2LTg4NmYtZWU3NWJjYzAxODcxL29wZXJhdGlvbnJlc3VsdHMvZXlKcWIySkpaQ0k2SWxKRlUwOVZVa05GUjFKUFZWQkVSVXhGVkVsUFRrcFBRaTFEVWxCVVJWTlVRVkl5TkRBeExVVkJVMVJWVXpJaUxDSnFiMkpNYjJOaGRHbHZiaUk2SW1WaGMzUjFjeklpZlE/YXBpLXZlcnNpb249MjAxNy0wNS0xMA==",
      "RequestMethod": "GET",
      "RequestBody": "",
      "RequestHeaders": {
        "User-Agent": [
          "FxVersion/6.0.1423.7309",
          "OSName/Windows",
          "OSVersion/Microsoft.Windows.10.0.22621",
          "Microsoft.Azure.Management.ResourceManager.ResourceManagementClient/1.6.0.0"
        ]
      },
      "ResponseHeaders": {
        "Cache-Control": [
          "no-cache"
        ],
        "Pragma": [
          "no-cache"
        ],
        "Location": [
          "https://management.azure.com/subscriptions/e37510d7-33b6-4676-886f-ee75bcc01871/operationresults/eyJqb2JJZCI6IlJFU09VUkNFR1JPVVBERUxFVElPTkpPQi1DUlBURVNUQVIyNDAxLUVBU1RVUzIiLCJqb2JMb2NhdGlvbiI6ImVhc3R1czIifQ?api-version=2017-05-10"
        ],
        "Retry-After": [
          "15"
        ],
        "x-ms-ratelimit-remaining-subscription-reads": [
          "11997"
        ],
        "x-ms-request-id": [
          "771cf2bd-c69b-4436-9091-752aeac96955"
        ],
        "x-ms-correlation-request-id": [
          "771cf2bd-c69b-4436-9091-752aeac96955"
        ],
        "x-ms-routing-request-id": [
          "CANADACENTRAL:20230314T165957Z:771cf2bd-c69b-4436-9091-752aeac96955"
        ],
        "Strict-Transport-Security": [
          "max-age=31536000; includeSubDomains"
        ],
        "X-Content-Type-Options": [
          "nosniff"
        ],
        "Date": [
          "Tue, 14 Mar 2023 16:59:57 GMT"
        ],
        "Expires": [
          "-1"
        ],
        "Content-Length": [
          "0"
        ]
      },
      "ResponseBody": "",
      "StatusCode": 202
    },
    {
      "RequestUri": "/subscriptions/e37510d7-33b6-4676-886f-ee75bcc01871/operationresults/eyJqb2JJZCI6IlJFU09VUkNFR1JPVVBERUxFVElPTkpPQi1DUlBURVNUQVIyNDAxLUVBU1RVUzIiLCJqb2JMb2NhdGlvbiI6ImVhc3R1czIifQ?api-version=2017-05-10",
      "EncodedRequestUri": "L3N1YnNjcmlwdGlvbnMvZTM3NTEwZDctMzNiNi00Njc2LTg4NmYtZWU3NWJjYzAxODcxL29wZXJhdGlvbnJlc3VsdHMvZXlKcWIySkpaQ0k2SWxKRlUwOVZVa05GUjFKUFZWQkVSVXhGVkVsUFRrcFBRaTFEVWxCVVJWTlVRVkl5TkRBeExVVkJVMVJWVXpJaUxDSnFiMkpNYjJOaGRHbHZiaUk2SW1WaGMzUjFjeklpZlE/YXBpLXZlcnNpb249MjAxNy0wNS0xMA==",
      "RequestMethod": "GET",
      "RequestBody": "",
      "RequestHeaders": {
        "User-Agent": [
          "FxVersion/6.0.1423.7309",
          "OSName/Windows",
          "OSVersion/Microsoft.Windows.10.0.22621",
          "Microsoft.Azure.Management.ResourceManager.ResourceManagementClient/1.6.0.0"
        ]
      },
      "ResponseHeaders": {
        "Cache-Control": [
          "no-cache"
        ],
        "Pragma": [
          "no-cache"
        ],
        "Location": [
          "https://management.azure.com/subscriptions/e37510d7-33b6-4676-886f-ee75bcc01871/operationresults/eyJqb2JJZCI6IlJFU09VUkNFR1JPVVBERUxFVElPTkpPQi1DUlBURVNUQVIyNDAxLUVBU1RVUzIiLCJqb2JMb2NhdGlvbiI6ImVhc3R1czIifQ?api-version=2017-05-10"
        ],
        "Retry-After": [
          "15"
        ],
        "x-ms-ratelimit-remaining-subscription-reads": [
          "11996"
        ],
        "x-ms-request-id": [
          "6d9dca2f-843f-4751-aa1f-3c9375978b8e"
        ],
        "x-ms-correlation-request-id": [
          "6d9dca2f-843f-4751-aa1f-3c9375978b8e"
        ],
        "x-ms-routing-request-id": [
          "CANADACENTRAL:20230314T170012Z:6d9dca2f-843f-4751-aa1f-3c9375978b8e"
        ],
        "Strict-Transport-Security": [
          "max-age=31536000; includeSubDomains"
        ],
        "X-Content-Type-Options": [
          "nosniff"
        ],
        "Date": [
          "Tue, 14 Mar 2023 17:00:12 GMT"
        ],
        "Expires": [
          "-1"
        ],
        "Content-Length": [
          "0"
        ]
      },
      "ResponseBody": "",
      "StatusCode": 202
    },
    {
      "RequestUri": "/subscriptions/e37510d7-33b6-4676-886f-ee75bcc01871/operationresults/eyJqb2JJZCI6IlJFU09VUkNFR1JPVVBERUxFVElPTkpPQi1DUlBURVNUQVIyNDAxLUVBU1RVUzIiLCJqb2JMb2NhdGlvbiI6ImVhc3R1czIifQ?api-version=2017-05-10",
      "EncodedRequestUri": "L3N1YnNjcmlwdGlvbnMvZTM3NTEwZDctMzNiNi00Njc2LTg4NmYtZWU3NWJjYzAxODcxL29wZXJhdGlvbnJlc3VsdHMvZXlKcWIySkpaQ0k2SWxKRlUwOVZVa05GUjFKUFZWQkVSVXhGVkVsUFRrcFBRaTFEVWxCVVJWTlVRVkl5TkRBeExVVkJVMVJWVXpJaUxDSnFiMkpNYjJOaGRHbHZiaUk2SW1WaGMzUjFjeklpZlE/YXBpLXZlcnNpb249MjAxNy0wNS0xMA==",
      "RequestMethod": "GET",
      "RequestBody": "",
      "RequestHeaders": {
        "User-Agent": [
          "FxVersion/6.0.1423.7309",
          "OSName/Windows",
          "OSVersion/Microsoft.Windows.10.0.22621",
          "Microsoft.Azure.Management.ResourceManager.ResourceManagementClient/1.6.0.0"
        ]
      },
      "ResponseHeaders": {
        "Cache-Control": [
          "no-cache"
        ],
        "Pragma": [
          "no-cache"
        ],
        "Location": [
          "https://management.azure.com/subscriptions/e37510d7-33b6-4676-886f-ee75bcc01871/operationresults/eyJqb2JJZCI6IlJFU09VUkNFR1JPVVBERUxFVElPTkpPQi1DUlBURVNUQVIyNDAxLUVBU1RVUzIiLCJqb2JMb2NhdGlvbiI6ImVhc3R1czIifQ?api-version=2017-05-10"
        ],
        "Retry-After": [
          "15"
        ],
        "x-ms-ratelimit-remaining-subscription-reads": [
          "11995"
        ],
        "x-ms-request-id": [
          "4e3c12ff-18de-49d3-913e-7ed14bb8d099"
        ],
        "x-ms-correlation-request-id": [
          "4e3c12ff-18de-49d3-913e-7ed14bb8d099"
        ],
        "x-ms-routing-request-id": [
          "CANADACENTRAL:20230314T170028Z:4e3c12ff-18de-49d3-913e-7ed14bb8d099"
        ],
        "Strict-Transport-Security": [
          "max-age=31536000; includeSubDomains"
        ],
        "X-Content-Type-Options": [
          "nosniff"
        ],
        "Date": [
          "Tue, 14 Mar 2023 17:00:27 GMT"
        ],
        "Expires": [
          "-1"
        ],
        "Content-Length": [
          "0"
        ]
      },
      "ResponseBody": "",
      "StatusCode": 202
    },
    {
      "RequestUri": "/subscriptions/e37510d7-33b6-4676-886f-ee75bcc01871/operationresults/eyJqb2JJZCI6IlJFU09VUkNFR1JPVVBERUxFVElPTkpPQi1DUlBURVNUQVIyNDAxLUVBU1RVUzIiLCJqb2JMb2NhdGlvbiI6ImVhc3R1czIifQ?api-version=2017-05-10",
      "EncodedRequestUri": "L3N1YnNjcmlwdGlvbnMvZTM3NTEwZDctMzNiNi00Njc2LTg4NmYtZWU3NWJjYzAxODcxL29wZXJhdGlvbnJlc3VsdHMvZXlKcWIySkpaQ0k2SWxKRlUwOVZVa05GUjFKUFZWQkVSVXhGVkVsUFRrcFBRaTFEVWxCVVJWTlVRVkl5TkRBeExVVkJVMVJWVXpJaUxDSnFiMkpNYjJOaGRHbHZiaUk2SW1WaGMzUjFjeklpZlE/YXBpLXZlcnNpb249MjAxNy0wNS0xMA==",
      "RequestMethod": "GET",
      "RequestBody": "",
      "RequestHeaders": {
        "User-Agent": [
          "FxVersion/6.0.1423.7309",
          "OSName/Windows",
          "OSVersion/Microsoft.Windows.10.0.22621",
          "Microsoft.Azure.Management.ResourceManager.ResourceManagementClient/1.6.0.0"
        ]
      },
      "ResponseHeaders": {
        "Cache-Control": [
          "no-cache"
        ],
        "Pragma": [
          "no-cache"
        ],
        "Location": [
          "https://management.azure.com/subscriptions/e37510d7-33b6-4676-886f-ee75bcc01871/operationresults/eyJqb2JJZCI6IlJFU09VUkNFR1JPVVBERUxFVElPTkpPQi1DUlBURVNUQVIyNDAxLUVBU1RVUzIiLCJqb2JMb2NhdGlvbiI6ImVhc3R1czIifQ?api-version=2017-05-10"
        ],
        "Retry-After": [
          "15"
        ],
        "x-ms-ratelimit-remaining-subscription-reads": [
          "11994"
        ],
        "x-ms-request-id": [
          "2a6e7f2d-b72f-4f36-8f4a-cbc5dd31cce2"
        ],
        "x-ms-correlation-request-id": [
          "2a6e7f2d-b72f-4f36-8f4a-cbc5dd31cce2"
        ],
        "x-ms-routing-request-id": [
          "CANADACENTRAL:20230314T170043Z:2a6e7f2d-b72f-4f36-8f4a-cbc5dd31cce2"
        ],
        "Strict-Transport-Security": [
          "max-age=31536000; includeSubDomains"
        ],
        "X-Content-Type-Options": [
          "nosniff"
        ],
        "Date": [
          "Tue, 14 Mar 2023 17:00:42 GMT"
        ],
        "Expires": [
          "-1"
        ],
        "Content-Length": [
          "0"
        ]
      },
      "ResponseBody": "",
      "StatusCode": 202
    },
    {
      "RequestUri": "/subscriptions/e37510d7-33b6-4676-886f-ee75bcc01871/operationresults/eyJqb2JJZCI6IlJFU09VUkNFR1JPVVBERUxFVElPTkpPQi1DUlBURVNUQVIyNDAxLUVBU1RVUzIiLCJqb2JMb2NhdGlvbiI6ImVhc3R1czIifQ?api-version=2017-05-10",
      "EncodedRequestUri": "L3N1YnNjcmlwdGlvbnMvZTM3NTEwZDctMzNiNi00Njc2LTg4NmYtZWU3NWJjYzAxODcxL29wZXJhdGlvbnJlc3VsdHMvZXlKcWIySkpaQ0k2SWxKRlUwOVZVa05GUjFKUFZWQkVSVXhGVkVsUFRrcFBRaTFEVWxCVVJWTlVRVkl5TkRBeExVVkJVMVJWVXpJaUxDSnFiMkpNYjJOaGRHbHZiaUk2SW1WaGMzUjFjeklpZlE/YXBpLXZlcnNpb249MjAxNy0wNS0xMA==",
      "RequestMethod": "GET",
      "RequestBody": "",
      "RequestHeaders": {
        "User-Agent": [
          "FxVersion/6.0.1423.7309",
          "OSName/Windows",
          "OSVersion/Microsoft.Windows.10.0.22621",
          "Microsoft.Azure.Management.ResourceManager.ResourceManagementClient/1.6.0.0"
        ]
      },
      "ResponseHeaders": {
        "Cache-Control": [
          "no-cache"
        ],
        "Pragma": [
          "no-cache"
        ],
        "Location": [
          "https://management.azure.com/subscriptions/e37510d7-33b6-4676-886f-ee75bcc01871/operationresults/eyJqb2JJZCI6IlJFU09VUkNFR1JPVVBERUxFVElPTkpPQi1DUlBURVNUQVIyNDAxLUVBU1RVUzIiLCJqb2JMb2NhdGlvbiI6ImVhc3R1czIifQ?api-version=2017-05-10"
        ],
        "Retry-After": [
          "15"
        ],
        "x-ms-ratelimit-remaining-subscription-reads": [
          "11993"
        ],
        "x-ms-request-id": [
          "07a30a78-8518-47e9-8e20-4525ad938af0"
        ],
        "x-ms-correlation-request-id": [
          "07a30a78-8518-47e9-8e20-4525ad938af0"
        ],
        "x-ms-routing-request-id": [
          "CANADACENTRAL:20230314T170058Z:07a30a78-8518-47e9-8e20-4525ad938af0"
        ],
        "Strict-Transport-Security": [
          "max-age=31536000; includeSubDomains"
        ],
        "X-Content-Type-Options": [
          "nosniff"
        ],
        "Date": [
          "Tue, 14 Mar 2023 17:00:57 GMT"
        ],
        "Expires": [
          "-1"
        ],
        "Content-Length": [
          "0"
        ]
      },
      "ResponseBody": "",
      "StatusCode": 202
    },
    {
      "RequestUri": "/subscriptions/e37510d7-33b6-4676-886f-ee75bcc01871/operationresults/eyJqb2JJZCI6IlJFU09VUkNFR1JPVVBERUxFVElPTkpPQi1DUlBURVNUQVIyNDAxLUVBU1RVUzIiLCJqb2JMb2NhdGlvbiI6ImVhc3R1czIifQ?api-version=2017-05-10",
      "EncodedRequestUri": "L3N1YnNjcmlwdGlvbnMvZTM3NTEwZDctMzNiNi00Njc2LTg4NmYtZWU3NWJjYzAxODcxL29wZXJhdGlvbnJlc3VsdHMvZXlKcWIySkpaQ0k2SWxKRlUwOVZVa05GUjFKUFZWQkVSVXhGVkVsUFRrcFBRaTFEVWxCVVJWTlVRVkl5TkRBeExVVkJVMVJWVXpJaUxDSnFiMkpNYjJOaGRHbHZiaUk2SW1WaGMzUjFjeklpZlE/YXBpLXZlcnNpb249MjAxNy0wNS0xMA==",
      "RequestMethod": "GET",
      "RequestBody": "",
      "RequestHeaders": {
        "User-Agent": [
          "FxVersion/6.0.1423.7309",
          "OSName/Windows",
          "OSVersion/Microsoft.Windows.10.0.22621",
          "Microsoft.Azure.Management.ResourceManager.ResourceManagementClient/1.6.0.0"
        ]
      },
      "ResponseHeaders": {
        "Cache-Control": [
          "no-cache"
        ],
        "Pragma": [
          "no-cache"
        ],
        "Location": [
          "https://management.azure.com/subscriptions/e37510d7-33b6-4676-886f-ee75bcc01871/operationresults/eyJqb2JJZCI6IlJFU09VUkNFR1JPVVBERUxFVElPTkpPQi1DUlBURVNUQVIyNDAxLUVBU1RVUzIiLCJqb2JMb2NhdGlvbiI6ImVhc3R1czIifQ?api-version=2017-05-10"
        ],
        "Retry-After": [
          "15"
        ],
        "x-ms-ratelimit-remaining-subscription-reads": [
          "11992"
        ],
        "x-ms-request-id": [
          "359f8cae-6219-4c0b-85ab-a189b3f9f439"
        ],
        "x-ms-correlation-request-id": [
          "359f8cae-6219-4c0b-85ab-a189b3f9f439"
        ],
        "x-ms-routing-request-id": [
          "CANADACENTRAL:20230314T170113Z:359f8cae-6219-4c0b-85ab-a189b3f9f439"
        ],
        "Strict-Transport-Security": [
          "max-age=31536000; includeSubDomains"
        ],
        "X-Content-Type-Options": [
          "nosniff"
        ],
        "Date": [
          "Tue, 14 Mar 2023 17:01:13 GMT"
        ],
        "Expires": [
          "-1"
        ],
        "Content-Length": [
          "0"
        ]
      },
      "ResponseBody": "",
      "StatusCode": 202
    },
    {
      "RequestUri": "/subscriptions/e37510d7-33b6-4676-886f-ee75bcc01871/operationresults/eyJqb2JJZCI6IlJFU09VUkNFR1JPVVBERUxFVElPTkpPQi1DUlBURVNUQVIyNDAxLUVBU1RVUzIiLCJqb2JMb2NhdGlvbiI6ImVhc3R1czIifQ?api-version=2017-05-10",
      "EncodedRequestUri": "L3N1YnNjcmlwdGlvbnMvZTM3NTEwZDctMzNiNi00Njc2LTg4NmYtZWU3NWJjYzAxODcxL29wZXJhdGlvbnJlc3VsdHMvZXlKcWIySkpaQ0k2SWxKRlUwOVZVa05GUjFKUFZWQkVSVXhGVkVsUFRrcFBRaTFEVWxCVVJWTlVRVkl5TkRBeExVVkJVMVJWVXpJaUxDSnFiMkpNYjJOaGRHbHZiaUk2SW1WaGMzUjFjeklpZlE/YXBpLXZlcnNpb249MjAxNy0wNS0xMA==",
      "RequestMethod": "GET",
      "RequestBody": "",
      "RequestHeaders": {
        "User-Agent": [
          "FxVersion/6.0.1423.7309",
          "OSName/Windows",
          "OSVersion/Microsoft.Windows.10.0.22621",
          "Microsoft.Azure.Management.ResourceManager.ResourceManagementClient/1.6.0.0"
        ]
      },
      "ResponseHeaders": {
        "Cache-Control": [
          "no-cache"
        ],
        "Pragma": [
          "no-cache"
        ],
        "Location": [
          "https://management.azure.com/subscriptions/e37510d7-33b6-4676-886f-ee75bcc01871/operationresults/eyJqb2JJZCI6IlJFU09VUkNFR1JPVVBERUxFVElPTkpPQi1DUlBURVNUQVIyNDAxLUVBU1RVUzIiLCJqb2JMb2NhdGlvbiI6ImVhc3R1czIifQ?api-version=2017-05-10"
        ],
        "Retry-After": [
          "15"
        ],
        "x-ms-ratelimit-remaining-subscription-reads": [
          "11991"
        ],
        "x-ms-request-id": [
          "53b82d04-c089-406a-b4ca-8802d5b71685"
        ],
        "x-ms-correlation-request-id": [
          "53b82d04-c089-406a-b4ca-8802d5b71685"
        ],
        "x-ms-routing-request-id": [
          "CANADACENTRAL:20230314T170128Z:53b82d04-c089-406a-b4ca-8802d5b71685"
        ],
        "Strict-Transport-Security": [
          "max-age=31536000; includeSubDomains"
        ],
        "X-Content-Type-Options": [
          "nosniff"
        ],
        "Date": [
          "Tue, 14 Mar 2023 17:01:28 GMT"
        ],
        "Expires": [
          "-1"
        ],
        "Content-Length": [
          "0"
        ]
      },
      "ResponseBody": "",
      "StatusCode": 202
    },
    {
      "RequestUri": "/subscriptions/e37510d7-33b6-4676-886f-ee75bcc01871/operationresults/eyJqb2JJZCI6IlJFU09VUkNFR1JPVVBERUxFVElPTkpPQi1DUlBURVNUQVIyNDAxLUVBU1RVUzIiLCJqb2JMb2NhdGlvbiI6ImVhc3R1czIifQ?api-version=2017-05-10",
      "EncodedRequestUri": "L3N1YnNjcmlwdGlvbnMvZTM3NTEwZDctMzNiNi00Njc2LTg4NmYtZWU3NWJjYzAxODcxL29wZXJhdGlvbnJlc3VsdHMvZXlKcWIySkpaQ0k2SWxKRlUwOVZVa05GUjFKUFZWQkVSVXhGVkVsUFRrcFBRaTFEVWxCVVJWTlVRVkl5TkRBeExVVkJVMVJWVXpJaUxDSnFiMkpNYjJOaGRHbHZiaUk2SW1WaGMzUjFjeklpZlE/YXBpLXZlcnNpb249MjAxNy0wNS0xMA==",
      "RequestMethod": "GET",
      "RequestBody": "",
      "RequestHeaders": {
        "User-Agent": [
          "FxVersion/6.0.1423.7309",
          "OSName/Windows",
          "OSVersion/Microsoft.Windows.10.0.22621",
          "Microsoft.Azure.Management.ResourceManager.ResourceManagementClient/1.6.0.0"
        ]
      },
      "ResponseHeaders": {
        "Cache-Control": [
          "no-cache"
        ],
        "Pragma": [
          "no-cache"
        ],
        "x-ms-ratelimit-remaining-subscription-reads": [
          "11990"
        ],
        "x-ms-request-id": [
          "ad2fe1a1-0246-4cb9-859f-db440dbe0557"
        ],
        "x-ms-correlation-request-id": [
          "ad2fe1a1-0246-4cb9-859f-db440dbe0557"
        ],
        "x-ms-routing-request-id": [
          "CANADACENTRAL:20230314T170143Z:ad2fe1a1-0246-4cb9-859f-db440dbe0557"
        ],
        "Strict-Transport-Security": [
          "max-age=31536000; includeSubDomains"
        ],
        "X-Content-Type-Options": [
          "nosniff"
        ],
        "Date": [
          "Tue, 14 Mar 2023 17:01:43 GMT"
        ],
        "Expires": [
          "-1"
        ],
        "Content-Length": [
          "0"
        ]
      },
      "ResponseBody": "",
      "StatusCode": 200
    },
    {
      "RequestUri": "/subscriptions/e37510d7-33b6-4676-886f-ee75bcc01871/operationresults/eyJqb2JJZCI6IlJFU09VUkNFR1JPVVBERUxFVElPTkpPQi1DUlBURVNUQVIyNDAxLUVBU1RVUzIiLCJqb2JMb2NhdGlvbiI6ImVhc3R1czIifQ?api-version=2017-05-10",
      "EncodedRequestUri": "L3N1YnNjcmlwdGlvbnMvZTM3NTEwZDctMzNiNi00Njc2LTg4NmYtZWU3NWJjYzAxODcxL29wZXJhdGlvbnJlc3VsdHMvZXlKcWIySkpaQ0k2SWxKRlUwOVZVa05GUjFKUFZWQkVSVXhGVkVsUFRrcFBRaTFEVWxCVVJWTlVRVkl5TkRBeExVVkJVMVJWVXpJaUxDSnFiMkpNYjJOaGRHbHZiaUk2SW1WaGMzUjFjeklpZlE/YXBpLXZlcnNpb249MjAxNy0wNS0xMA==",
      "RequestMethod": "GET",
      "RequestBody": "",
      "RequestHeaders": {
        "User-Agent": [
          "FxVersion/6.0.1423.7309",
          "OSName/Windows",
          "OSVersion/Microsoft.Windows.10.0.22621",
          "Microsoft.Azure.Management.ResourceManager.ResourceManagementClient/1.6.0.0"
        ]
      },
      "ResponseHeaders": {
        "Cache-Control": [
          "no-cache"
        ],
        "Pragma": [
          "no-cache"
        ],
        "x-ms-ratelimit-remaining-subscription-reads": [
          "11989"
        ],
        "x-ms-request-id": [
          "dde5a240-f2df-4081-bd01-d3259b08e593"
        ],
        "x-ms-correlation-request-id": [
          "dde5a240-f2df-4081-bd01-d3259b08e593"
        ],
        "x-ms-routing-request-id": [
          "CANADACENTRAL:20230314T170143Z:dde5a240-f2df-4081-bd01-d3259b08e593"
        ],
        "Strict-Transport-Security": [
          "max-age=31536000; includeSubDomains"
        ],
        "X-Content-Type-Options": [
          "nosniff"
        ],
        "Date": [
          "Tue, 14 Mar 2023 17:01:43 GMT"
        ],
        "Expires": [
          "-1"
        ],
        "Content-Length": [
          "0"
        ]
      },
      "ResponseBody": "",
      "StatusCode": 200
    }
  ],
  "Names": {
    "TestVMBootDiagnostics": [
      "crptestar2401",
      "crptestar9941",
      "crptestar1987",
      "crptestar9596"
    ],
    "CreatePublicIP": [
      "pip3789",
      "dn9270"
    ],
    "CreateVNET": [
      "vn2189",
      "sn8685"
    ],
    "CreateNIC": [
      "nic1419",
      "ip9407"
    ],
    "CreateDefaultVMInput": [
      "crptestar9354",
      "crptestar3893",
      "crptestar8653",
      "vm3376",
      "Microsoft.Compute/virtualMachines3245"
    ]
  },
  "Variables": {
    "SubscriptionId": "e37510d7-33b6-4676-886f-ee75bcc01871"
  }
}