{
  "Entries": [
    {
      "RequestUri": "https://management.azure.com/subscriptions/0b1f6471-1bf0-4dda-aec3-cb9272f09590/resourcegroups/csmd83?api-version=2019-10-01",
      "RequestMethod": "PUT",
      "RequestHeaders": {
        "Accept": "application/json",
        "Authorization": "Sanitized",
        "Content-Length": "21",
        "Content-Type": "application/json",
        "traceparent": "00-d15293232e99bb499d7617e419c63d91-79112a107863554f-00",
        "User-Agent": [
          "azsdk-net-ResourceManager.Resources/1.0.0-alpha.20200914.1",
          "(.NET Core 4.6.29130.01; Microsoft Windows 10.0.19041 )"
        ],
        "x-ms-client-request-id": "6a737fcd7e1de0f3cb48d4115e4bc049",
        "x-ms-return-client-request-id": "true"
      },
      "RequestBody": {
        "location": "westus"
      },
      "StatusCode": 201,
      "ResponseHeaders": {
        "Cache-Control": "no-cache",
        "Content-Length": "209",
        "Content-Type": "application/json; charset=utf-8",
        "Date": "Mon, 14 Sep 2020 09:11:25 GMT",
        "Expires": "-1",
        "Pragma": "no-cache",
        "Strict-Transport-Security": "max-age=31536000; includeSubDomains",
        "X-Content-Type-Options": "nosniff",
        "x-ms-correlation-request-id": "b70b3d22-6d62-434f-ab65-c9fe7e758e8a",
        "x-ms-ratelimit-remaining-subscription-writes": "1195",
        "x-ms-request-id": "b70b3d22-6d62-434f-ab65-c9fe7e758e8a",
        "x-ms-routing-request-id": "SOUTHEASTASIA:20200914T091125Z:b70b3d22-6d62-434f-ab65-c9fe7e758e8a"
      },
      "ResponseBody": {
        "id": "/subscriptions/0b1f6471-1bf0-4dda-aec3-cb9272f09590/resourceGroups/csmd83",
        "name": "csmd83",
        "type": "Microsoft.Resources/resourceGroups",
        "location": "westus",
        "properties": {
          "provisioningState": "Succeeded"
        }
      }
    },
    {
      "RequestUri": "https://management.azure.com/subscriptions/0b1f6471-1bf0-4dda-aec3-cb9272f09590/resourcegroups/csmd83/providers/Microsoft.Resources/deployments/csmd4671/whatIf?api-version=2019-10-01",
      "RequestMethod": "POST",
      "RequestHeaders": {
        "Accept": "application/json",
        "Authorization": "Sanitized",
        "Content-Length": "612",
        "Content-Type": "application/json",
        "traceparent": "00-cda5e28999a6024ab0c31a664bb26a0c-52a6f7bd13c7864e-00",
        "User-Agent": [
          "azsdk-net-ResourceManager.Resources/1.0.0-alpha.20200914.1",
          "(.NET Core 4.6.29130.01; Microsoft Windows 10.0.19041 )"
        ],
        "x-ms-client-request-id": "3a3a7a08a3580584450983f241f5a0fc",
        "x-ms-return-client-request-id": "true"
      },
      "RequestBody": {
        "properties": {
          "whatIfSettings": {
            "resultFormat": "ResourceIdOnly"
          },
          "template": {
            "$schema": "http://schema.management.azure.com/schemas/2015-01-01/deploymentTemplate.json#",
            "contentVersion": "1.0.0.0",
            "parameters": {
              "storageAccountName": {
                "type": "string"
              }
            },
            "resources": [
              {
                "type": "Microsoft.Storage/storageAccounts",
                "name": "[parameters(\u0027storageAccountName\u0027)]",
                "apiVersion": "2015-06-15",
                "location": "[resourceGroup().location]",
                "properties": {
                  "accountType": "Standard_LRS",
                  "supportsHttpsTrafficOnly": "true"
                }
              }
            ],
            "outputs": {}
          },
          "parameters": {
            "storageAccountName": {
              "value": "ramokaSATestAnother1"
            }
          },
          "mode": "Incremental"
        }
      },
      "StatusCode": 202,
      "ResponseHeaders": {
        "Cache-Control": "no-cache",
        "Content-Length": "0",
        "Date": "Mon, 14 Sep 2020 09:11:26 GMT",
        "Expires": "-1",
        "Location": "https://management.azure.com/subscriptions/0b1f6471-1bf0-4dda-aec3-cb9272f09590/operationresults/eyJqb2JJZCI6IkRlcGxveW1lbnRXaGF0SWZKb2ItQ1NNRDgzLUNTTUQ0NjcxLUREQjFGMjE1OjJEMTU0MjoyRDRCOUY6MkRBQ0NFOjJENzYwMkVBQjAzRDY3Iiwiam9iTG9jYXRpb24iOiJ3ZXN0dXMifQ?api-version=2019-10-01",
        "Pragma": "no-cache",
        "Retry-After": "15",
        "Strict-Transport-Security": "max-age=31536000; includeSubDomains",
        "X-Content-Type-Options": "nosniff",
        "x-ms-correlation-request-id": "ddb1f215-1542-4b9f-acce-7602eab03d67",
        "x-ms-ratelimit-remaining-subscription-writes": "1196",
        "x-ms-request-id": "ddb1f215-1542-4b9f-acce-7602eab03d67",
        "x-ms-routing-request-id": "SOUTHEASTASIA:20200914T091126Z:ddb1f215-1542-4b9f-acce-7602eab03d67"
      },
      "ResponseBody": []
    },
    {
      "RequestUri": "https://management.azure.com/subscriptions/0b1f6471-1bf0-4dda-aec3-cb9272f09590/operationresults/eyJqb2JJZCI6IkRlcGxveW1lbnRXaGF0SWZKb2ItQ1NNRDgzLUNTTUQ0NjcxLUREQjFGMjE1OjJEMTU0MjoyRDRCOUY6MkRBQ0NFOjJENzYwMkVBQjAzRDY3Iiwiam9iTG9jYXRpb24iOiJ3ZXN0dXMifQ?api-version=2019-10-01",
      "RequestMethod": "GET",
      "RequestHeaders": {
        "Authorization": "Sanitized",
        "User-Agent": [
          "azsdk-net-ResourceManager.Resources/1.0.0-alpha.20200914.1",
          "(.NET Core 4.6.29130.01; Microsoft Windows 10.0.19041 )"
        ],
        "x-ms-client-request-id": "fa2d716905a629cffb6e2414fa019fd5",
        "x-ms-return-client-request-id": "true"
      },
      "RequestBody": null,
      "StatusCode": 202,
      "ResponseHeaders": {
        "Cache-Control": "no-cache",
        "Content-Length": "0",
        "Date": "Mon, 14 Sep 2020 09:11:26 GMT",
        "Expires": "-1",
        "Location": "https://management.azure.com/subscriptions/0b1f6471-1bf0-4dda-aec3-cb9272f09590/operationresults/eyJqb2JJZCI6IkRlcGxveW1lbnRXaGF0SWZKb2ItQ1NNRDgzLUNTTUQ0NjcxLUREQjFGMjE1OjJEMTU0MjoyRDRCOUY6MkRBQ0NFOjJENzYwMkVBQjAzRDY3Iiwiam9iTG9jYXRpb24iOiJ3ZXN0dXMifQ?api-version=2019-10-01",
        "Pragma": "no-cache",
        "Retry-After": "15",
        "Strict-Transport-Security": "max-age=31536000; includeSubDomains",
        "X-Content-Type-Options": "nosniff",
        "x-ms-correlation-request-id": "fb545fd6-c50e-4cf6-9b0c-641a4634fb2d",
        "x-ms-ratelimit-remaining-subscription-reads": "11996",
        "x-ms-request-id": "fb545fd6-c50e-4cf6-9b0c-641a4634fb2d",
        "x-ms-routing-request-id": "SOUTHEASTASIA:20200914T091126Z:fb545fd6-c50e-4cf6-9b0c-641a4634fb2d"
      },
      "ResponseBody": []
    },
    {
      "RequestUri": "https://management.azure.com/subscriptions/0b1f6471-1bf0-4dda-aec3-cb9272f09590/operationresults/eyJqb2JJZCI6IkRlcGxveW1lbnRXaGF0SWZKb2ItQ1NNRDgzLUNTTUQ0NjcxLUREQjFGMjE1OjJEMTU0MjoyRDRCOUY6MkRBQ0NFOjJENzYwMkVBQjAzRDY3Iiwiam9iTG9jYXRpb24iOiJ3ZXN0dXMifQ?api-version=2019-10-01",
      "RequestMethod": "GET",
      "RequestHeaders": {
        "Authorization": "Sanitized",
        "User-Agent": [
          "azsdk-net-ResourceManager.Resources/1.0.0-alpha.20200914.1",
          "(.NET Core 4.6.29130.01; Microsoft Windows 10.0.19041 )"
        ],
        "x-ms-client-request-id": "671fd8a71ca617b6927d33bc608317bc",
        "x-ms-return-client-request-id": "true"
      },
      "RequestBody": null,
      "StatusCode": 202,
      "ResponseHeaders": {
        "Cache-Control": "no-cache",
        "Content-Length": "0",
        "Date": "Mon, 14 Sep 2020 09:11:28 GMT",
        "Expires": "-1",
        "Location": "https://management.azure.com/subscriptions/0b1f6471-1bf0-4dda-aec3-cb9272f09590/operationresults/eyJqb2JJZCI6IkRlcGxveW1lbnRXaGF0SWZKb2ItQ1NNRDgzLUNTTUQ0NjcxLUREQjFGMjE1OjJEMTU0MjoyRDRCOUY6MkRBQ0NFOjJENzYwMkVBQjAzRDY3Iiwiam9iTG9jYXRpb24iOiJ3ZXN0dXMifQ?api-version=2019-10-01",
        "Pragma": "no-cache",
        "Retry-After": "15",
        "Strict-Transport-Security": "max-age=31536000; includeSubDomains",
        "X-Content-Type-Options": "nosniff",
        "x-ms-correlation-request-id": "2d19a505-56eb-4f60-b238-4bac4f9f7bc0",
        "x-ms-ratelimit-remaining-subscription-reads": "11995",
        "x-ms-request-id": "2d19a505-56eb-4f60-b238-4bac4f9f7bc0",
        "x-ms-routing-request-id": "SOUTHEASTASIA:20200914T091128Z:2d19a505-56eb-4f60-b238-4bac4f9f7bc0"
      },
      "ResponseBody": []
    },
    {
      "RequestUri": "https://management.azure.com/subscriptions/0b1f6471-1bf0-4dda-aec3-cb9272f09590/operationresults/eyJqb2JJZCI6IkRlcGxveW1lbnRXaGF0SWZKb2ItQ1NNRDgzLUNTTUQ0NjcxLUREQjFGMjE1OjJEMTU0MjoyRDRCOUY6MkRBQ0NFOjJENzYwMkVBQjAzRDY3Iiwiam9iTG9jYXRpb24iOiJ3ZXN0dXMifQ?api-version=2019-10-01",
      "RequestMethod": "GET",
      "RequestHeaders": {
        "Authorization": "Sanitized",
        "User-Agent": [
          "azsdk-net-ResourceManager.Resources/1.0.0-alpha.20200914.1",
          "(.NET Core 4.6.29130.01; Microsoft Windows 10.0.19041 )"
        ],
        "x-ms-client-request-id": "cf88b169a5c7ec55267ba824ccd3c205",
        "x-ms-return-client-request-id": "true"
      },
      "RequestBody": null,
      "StatusCode": 202,
      "ResponseHeaders": {
        "Cache-Control": "no-cache",
        "Content-Length": "0",
        "Date": "Mon, 14 Sep 2020 09:11:29 GMT",
        "Expires": "-1",
        "Location": "https://management.azure.com/subscriptions/0b1f6471-1bf0-4dda-aec3-cb9272f09590/operationresults/eyJqb2JJZCI6IkRlcGxveW1lbnRXaGF0SWZKb2ItQ1NNRDgzLUNTTUQ0NjcxLUREQjFGMjE1OjJEMTU0MjoyRDRCOUY6MkRBQ0NFOjJENzYwMkVBQjAzRDY3Iiwiam9iTG9jYXRpb24iOiJ3ZXN0dXMifQ?api-version=2019-10-01",
        "Pragma": "no-cache",
        "Retry-After": "15",
        "Strict-Transport-Security": "max-age=31536000; includeSubDomains",
        "X-Content-Type-Options": "nosniff",
        "x-ms-correlation-request-id": "bd2eb865-f5a7-46ea-8e69-9558b741f9d3",
        "x-ms-ratelimit-remaining-subscription-reads": "11994",
        "x-ms-request-id": "bd2eb865-f5a7-46ea-8e69-9558b741f9d3",
        "x-ms-routing-request-id": "SOUTHEASTASIA:20200914T091129Z:bd2eb865-f5a7-46ea-8e69-9558b741f9d3"
      },
      "ResponseBody": []
    },
    {
      "RequestUri": "https://management.azure.com/subscriptions/0b1f6471-1bf0-4dda-aec3-cb9272f09590/operationresults/eyJqb2JJZCI6IkRlcGxveW1lbnRXaGF0SWZKb2ItQ1NNRDgzLUNTTUQ0NjcxLUREQjFGMjE1OjJEMTU0MjoyRDRCOUY6MkRBQ0NFOjJENzYwMkVBQjAzRDY3Iiwiam9iTG9jYXRpb24iOiJ3ZXN0dXMifQ?api-version=2019-10-01",
      "RequestMethod": "GET",
      "RequestHeaders": {
        "Authorization": "Sanitized",
        "User-Agent": [
          "azsdk-net-ResourceManager.Resources/1.0.0-alpha.20200914.1",
          "(.NET Core 4.6.29130.01; Microsoft Windows 10.0.19041 )"
        ],
        "x-ms-client-request-id": "15586dfc37694c2cba166829d112c877",
        "x-ms-return-client-request-id": "true"
      },
      "RequestBody": null,
      "StatusCode": 200,
      "ResponseHeaders": {
        "Cache-Control": "no-cache",
        "Content-Length": "282",
        "Content-Type": "application/json; charset=utf-8",
        "Date": "Mon, 14 Sep 2020 09:11:30 GMT",
        "Expires": "-1",
        "Pragma": "no-cache",
        "Strict-Transport-Security": "max-age=31536000; includeSubDomains",
        "X-Content-Type-Options": "nosniff",
        "x-ms-correlation-request-id": "e1cc8e13-4a12-409d-a17c-2c30371fc2d9",
        "x-ms-ratelimit-remaining-subscription-reads": "11993",
        "x-ms-request-id": "e1cc8e13-4a12-409d-a17c-2c30371fc2d9",
        "x-ms-routing-request-id": "SOUTHEASTASIA:20200914T091131Z:e1cc8e13-4a12-409d-a17c-2c30371fc2d9"
      },
      "ResponseBody": {
        "status": "Succeeded",
        "properties": {
          "correlationId": "ddb1f215-1542-4b9f-acce-7602eab03d67",
          "changes": [
            {
              "resourceId": "/subscriptions/0b1f6471-1bf0-4dda-aec3-cb9272f09590/resourceGroups/csmd83/providers/Microsoft.Storage/storageAccounts/ramokaSATestAnother1",
              "changeType": "Create"
            }
          ]
        }
      }
    }
  ],
  "Variables": {
    "RandomSeed": "478422139",
    "SUBSCRIPTION_ID": "0b1f6471-1bf0-4dda-aec3-cb9272f09590"
  }
}