{
  "Entries": [
    {
      "RequestUri": "https://management.azure.com/subscriptions/f3d94233-a9aa-4241-ac82-2dfb63ce637a?api-version=2021-01-01",
      "RequestMethod": "GET",
      "RequestHeaders": {
        "Accept": "application/json",
        "Authorization": "Sanitized",
        "traceparent": "00-bbc6b4d0a0bbd187ceb9d44ad325741d-22fb3f376bf8a3fc-00",
        "User-Agent": "azsdk-net-ResourceManager/1.0.0-alpha.20220208.1 (.NET 6.0.1; Microsoft Windows 10.0.19044) azsdk-net-ResourceManager/1.0.0-alpha.20220208.1 (.NET 6.0.1; Microsoft Windows 10.0.19044)",
        "x-ms-client-request-id": "206f973cf5e4b6d4db856346324cddb1",
        "x-ms-return-client-request-id": "true"
      },
      "RequestBody": null,
      "StatusCode": 200,
      "ResponseHeaders": {
        "Cache-Control": "no-cache",
        "Content-Length": "410",
        "Content-Type": "application/json; charset=utf-8",
        "Date": "Tue, 08 Feb 2022 05:03:47 GMT",
        "Expires": "-1",
        "Pragma": "no-cache",
        "Strict-Transport-Security": "max-age=31536000; includeSubDomains",
        "X-Content-Type-Options": "nosniff",
        "x-ms-correlation-request-id": "bbc10283-c2f4-4a42-996a-19501ff14abc",
        "x-ms-ratelimit-remaining-subscription-reads": "11999",
        "x-ms-request-id": "bbc10283-c2f4-4a42-996a-19501ff14abc",
        "x-ms-routing-request-id": "SOUTHEASTASIA:20220208T050348Z:bbc10283-c2f4-4a42-996a-19501ff14abc"
      },
      "ResponseBody": {
        "id": "/subscriptions/f3d94233-a9aa-4241-ac82-2dfb63ce637a",
        "authorizationSource": "RoleBased",
        "managedByTenants": [],
        "subscriptionId": "f3d94233-a9aa-4241-ac82-2dfb63ce637a",
        "tenantId": "75743128-1c62-4904-9be1-c23c1edb9a9f",
        "displayName": "Visual Studio Enterprise Subscription",
        "state": "Enabled",
        "subscriptionPolicies": {
          "locationPlacementId": "Public_2014-09-01",
          "quotaId": "MSDN_2014-09-01",
          "spendingLimit": "On"
        }
      }
    },
    {
      "RequestUri": "https://management.azure.com/subscriptions/f3d94233-a9aa-4241-ac82-2dfb63ce637a/resourcegroups/testRg-7619?api-version=**",
      "RequestMethod": "PUT",
      "RequestHeaders": {
        "Accept": "application/json",
        "Authorization": "Sanitized",
        "Content-Length": "20",
        "Content-Type": "application/json",
        "User-Agent": "azsdk-net-ResourceManager/1.0.0-alpha.20220208.1 (.NET 6.0.1; Microsoft Windows 10.0.19044) azsdk-net-ResourceManager/1.0.0-alpha.20220208.1 (.NET 6.0.1; Microsoft Windows 10.0.19044)",
        "x-ms-client-request-id": "2135d50f3f3a6f4bb5b61603cafc8ecf",
        "x-ms-return-client-request-id": "true"
      },
      "RequestBody": {
        "location": "westus"
      },
      "StatusCode": 201,
      "ResponseHeaders": {
        "Cache-Control": "no-cache",
        "Content-Length": "229",
        "Content-Type": "application/json; charset=utf-8",
        "Date": "Tue, 08 Feb 2022 05:03:50 GMT",
        "Expires": "-1",
        "Pragma": "no-cache",
        "Strict-Transport-Security": "max-age=31536000; includeSubDomains",
        "X-Content-Type-Options": "nosniff",
        "x-ms-correlation-request-id": "274bd600-17f0-4975-a737-10feb1acdcfe",
        "x-ms-ratelimit-remaining-subscription-writes": "1199",
        "x-ms-request-id": "274bd600-17f0-4975-a737-10feb1acdcfe",
        "x-ms-routing-request-id": "SOUTHEASTASIA:20220208T050351Z:274bd600-17f0-4975-a737-10feb1acdcfe"
      },
      "ResponseBody": {
        "id": "/subscriptions/f3d94233-a9aa-4241-ac82-2dfb63ce637a/resourceGroups/testRg-7619",
        "name": "testRg-7619",
        "type": "Microsoft.Resources/resourceGroups",
        "location": "westus",
        "tags": {},
        "properties": {
          "provisioningState": "Succeeded"
        }
      }
    },
    {
      "RequestUri": "https://management.azure.com/subscriptions/f3d94233-a9aa-4241-ac82-2dfb63ce637a/resourceGroups/testRg-7619/providers/Microsoft.Cdn/profiles/AFDProfile-780?api-version=2021-06-01",
      "RequestMethod": "PUT",
      "RequestHeaders": {
        "Accept": "application/json",
        "Authorization": "Sanitized",
        "Content-Length": "121",
        "Content-Type": "application/json",
        "User-Agent": "azsdk-net-ResourceManager.Cdn/1.0.0-alpha.20220208.1 (.NET 6.0.1; Microsoft Windows 10.0.19044) azsdk-net-ResourceManager/1.0.0-alpha.20220208.1 (.NET 6.0.1; Microsoft Windows 10.0.19044)",
        "x-ms-client-request-id": "63d837eb5c2334c6d46b9e180222165f",
        "x-ms-return-client-request-id": "true"
      },
      "RequestBody": {
        "sku": {
          "name": "Standard_AzureFrontDoor"
        },
        "tags": {},
        "location": "Global",
        "properties": {
          "originResponseTimeoutSeconds": 60
        }
      },
      "StatusCode": 201,
      "ResponseHeaders": {
        "Azure-AsyncOperation": "https://management.azure.com/subscriptions/f3d94233-a9aa-4241-ac82-2dfb63ce637a/resourcegroups/testRg-7619/providers/Microsoft.Cdn/operationresults/6c4548ad-0518-40a8-9e17-df1a9ee266ad?api-version=2021-06-01",
        "Cache-Control": "no-cache",
        "Content-Length": "441",
        "Content-Type": "application/json; charset=utf-8",
        "Date": "Tue, 08 Feb 2022 05:03:58 GMT",
        "Expires": "-1",
        "Pragma": "no-cache",
        "Retry-After": "10",
        "Server": "Kestrel",
        "Strict-Transport-Security": "max-age=31536000; includeSubDomains",
        "X-Content-Type-Options": "nosniff",
        "x-ms-client-request-id": "63d837eb5c2334c6d46b9e180222165f",
        "x-ms-correlation-request-id": "29a2f5ab-46d6-4559-a029-ce279b8cd5a0",
        "x-ms-ratelimit-remaining-subscription-resource-requests": "24",
        "x-ms-request-id": "857704bb-0e57-4e46-8d47-8e8b3e68d9e7",
        "x-ms-routing-request-id": "SOUTHEASTASIA:20220208T050358Z:29a2f5ab-46d6-4559-a029-ce279b8cd5a0"
      },
      "ResponseBody": {
        "id": "/subscriptions/f3d94233-a9aa-4241-ac82-2dfb63ce637a/resourcegroups/testRg-7619/providers/Microsoft.Cdn/profiles/AFDProfile-780",
        "type": "Microsoft.Cdn/profiles",
        "name": "AFDProfile-780",
        "location": "Global",
        "kind": "frontdoor",
        "tags": {},
        "sku": {
          "name": "Standard_AzureFrontDoor"
        },
        "properties": {
          "originResponseTimeoutSeconds": 60,
          "frontDoorId": "2eb0fa01-3359-47c1-9c7b-6c37f9b51487",
          "resourceState": "Creating",
          "provisioningState": "Creating"
        }
      }
    },
    {
      "RequestUri": "https://management.azure.com/subscriptions/f3d94233-a9aa-4241-ac82-2dfb63ce637a/resourcegroups/testRg-7619/providers/Microsoft.Cdn/operationresults/6c4548ad-0518-40a8-9e17-df1a9ee266ad?api-version=2021-06-01",
      "RequestMethod": "GET",
      "RequestHeaders": {
        "Authorization": "Sanitized",
        "User-Agent": "azsdk-net-ResourceManager/1.0.0-alpha.20220208.1 (.NET 6.0.1; Microsoft Windows 10.0.19044) azsdk-net-ResourceManager/1.0.0-alpha.20220208.1 (.NET 6.0.1; Microsoft Windows 10.0.19044)",
        "x-ms-client-request-id": "a5612877cad979ec6fec66d3ac57b393",
        "x-ms-return-client-request-id": "true"
      },
      "RequestBody": null,
      "StatusCode": 200,
      "ResponseHeaders": {
        "Cache-Control": "no-cache",
        "Content-Length": "62",
        "Content-Type": "application/json; charset=utf-8",
        "Date": "Tue, 08 Feb 2022 05:03:58 GMT",
        "Expires": "-1",
        "Pragma": "no-cache",
        "Server": "Kestrel",
        "Strict-Transport-Security": "max-age=31536000; includeSubDomains",
        "X-Content-Type-Options": "nosniff",
        "x-ms-client-request-id": "a5612877cad979ec6fec66d3ac57b393",
        "x-ms-correlation-request-id": "65e4315a-2b03-40cf-aea0-d5ac0775e8af",
        "x-ms-ratelimit-remaining-subscription-reads": "11998",
        "x-ms-request-id": "1ef4bdaf-2e7b-495d-800d-0328ab0a2794",
        "x-ms-routing-request-id": "SOUTHEASTASIA:20220208T050359Z:65e4315a-2b03-40cf-aea0-d5ac0775e8af"
      },
      "ResponseBody": {
        "status": "InProgress",
        "error": {
          "code": "None",
          "message": null
        }
      }
    },
    {
      "RequestUri": "https://management.azure.com/subscriptions/f3d94233-a9aa-4241-ac82-2dfb63ce637a/resourcegroups/testRg-7619/providers/Microsoft.Cdn/operationresults/6c4548ad-0518-40a8-9e17-df1a9ee266ad?api-version=2021-06-01",
      "RequestMethod": "GET",
      "RequestHeaders": {
        "Authorization": "Sanitized",
        "User-Agent": "azsdk-net-ResourceManager/1.0.0-alpha.20220208.1 (.NET 6.0.1; Microsoft Windows 10.0.19044) azsdk-net-ResourceManager/1.0.0-alpha.20220208.1 (.NET 6.0.1; Microsoft Windows 10.0.19044)",
        "x-ms-client-request-id": "5be8a4008d10e9f6dfb3b3f41c0882c2",
        "x-ms-return-client-request-id": "true"
      },
      "RequestBody": null,
      "StatusCode": 200,
      "ResponseHeaders": {
        "Cache-Control": "no-cache",
        "Content-Length": "62",
        "Content-Type": "application/json; charset=utf-8",
        "Date": "Tue, 08 Feb 2022 05:03:58 GMT",
        "Expires": "-1",
        "Pragma": "no-cache",
        "Server": "Kestrel",
        "Strict-Transport-Security": "max-age=31536000; includeSubDomains",
        "X-Content-Type-Options": "nosniff",
        "x-ms-client-request-id": "5be8a4008d10e9f6dfb3b3f41c0882c2",
        "x-ms-correlation-request-id": "30b81e17-a198-4603-8e9a-11978e144f21",
        "x-ms-ratelimit-remaining-subscription-reads": "11997",
        "x-ms-request-id": "d06c1b7a-f7d9-43af-9c31-a7881cfa86a2",
        "x-ms-routing-request-id": "SOUTHEASTASIA:20220208T050359Z:30b81e17-a198-4603-8e9a-11978e144f21"
      },
      "ResponseBody": {
        "status": "InProgress",
        "error": {
          "code": "None",
          "message": null
        }
      }
    },
    {
      "RequestUri": "https://management.azure.com/subscriptions/f3d94233-a9aa-4241-ac82-2dfb63ce637a/resourcegroups/testRg-7619/providers/Microsoft.Cdn/operationresults/6c4548ad-0518-40a8-9e17-df1a9ee266ad?api-version=2021-06-01",
      "RequestMethod": "GET",
      "RequestHeaders": {
        "Authorization": "Sanitized",
        "User-Agent": "azsdk-net-ResourceManager/1.0.0-alpha.20220208.1 (.NET 6.0.1; Microsoft Windows 10.0.19044) azsdk-net-ResourceManager/1.0.0-alpha.20220208.1 (.NET 6.0.1; Microsoft Windows 10.0.19044)",
        "x-ms-client-request-id": "daa1cae270c01785b405d2279a847859",
        "x-ms-return-client-request-id": "true"
      },
      "RequestBody": null,
      "StatusCode": 200,
      "ResponseHeaders": {
        "Cache-Control": "no-cache",
        "Content-Length": "62",
        "Content-Type": "application/json; charset=utf-8",
        "Date": "Tue, 08 Feb 2022 05:03:59 GMT",
        "Expires": "-1",
        "Pragma": "no-cache",
        "Server": "Kestrel",
        "Strict-Transport-Security": "max-age=31536000; includeSubDomains",
        "X-Content-Type-Options": "nosniff",
        "x-ms-client-request-id": "daa1cae270c01785b405d2279a847859",
        "x-ms-correlation-request-id": "b4c54b0a-b863-4ce1-8981-0bdd1a1438f5",
        "x-ms-ratelimit-remaining-subscription-reads": "11996",
        "x-ms-request-id": "45e8cea2-1299-4dff-93bc-a92f40c1393d",
        "x-ms-routing-request-id": "SOUTHEASTASIA:20220208T050359Z:b4c54b0a-b863-4ce1-8981-0bdd1a1438f5"
      },
      "ResponseBody": {
        "status": "InProgress",
        "error": {
          "code": "None",
          "message": null
        }
      }
    },
    {
      "RequestUri": "https://management.azure.com/subscriptions/f3d94233-a9aa-4241-ac82-2dfb63ce637a/resourcegroups/testRg-7619/providers/Microsoft.Cdn/operationresults/6c4548ad-0518-40a8-9e17-df1a9ee266ad?api-version=2021-06-01",
      "RequestMethod": "GET",
      "RequestHeaders": {
        "Authorization": "Sanitized",
        "User-Agent": "azsdk-net-ResourceManager/1.0.0-alpha.20220208.1 (.NET 6.0.1; Microsoft Windows 10.0.19044) azsdk-net-ResourceManager/1.0.0-alpha.20220208.1 (.NET 6.0.1; Microsoft Windows 10.0.19044)",
        "x-ms-client-request-id": "0ebdab7b2e29eac43178c62517f75c66",
        "x-ms-return-client-request-id": "true"
      },
      "RequestBody": null,
      "StatusCode": 200,
      "ResponseHeaders": {
        "Cache-Control": "no-cache",
        "Content-Length": "62",
        "Content-Type": "application/json; charset=utf-8",
        "Date": "Tue, 08 Feb 2022 05:03:59 GMT",
        "Expires": "-1",
        "Pragma": "no-cache",
        "Server": "Kestrel",
        "Strict-Transport-Security": "max-age=31536000; includeSubDomains",
        "X-Content-Type-Options": "nosniff",
        "x-ms-client-request-id": "0ebdab7b2e29eac43178c62517f75c66",
        "x-ms-correlation-request-id": "0347f976-9dbc-4d0d-b2ff-d6e7591de752",
        "x-ms-ratelimit-remaining-subscription-reads": "11995",
        "x-ms-request-id": "ad10ff16-c658-40a2-8dd4-93d80a029af3",
        "x-ms-routing-request-id": "SOUTHEASTASIA:20220208T050400Z:0347f976-9dbc-4d0d-b2ff-d6e7591de752"
      },
      "ResponseBody": {
        "status": "InProgress",
        "error": {
          "code": "None",
          "message": null
        }
      }
    },
    {
      "RequestUri": "https://management.azure.com/subscriptions/f3d94233-a9aa-4241-ac82-2dfb63ce637a/resourcegroups/testRg-7619/providers/Microsoft.Cdn/operationresults/6c4548ad-0518-40a8-9e17-df1a9ee266ad?api-version=2021-06-01",
      "RequestMethod": "GET",
      "RequestHeaders": {
        "Authorization": "Sanitized",
        "User-Agent": "azsdk-net-ResourceManager/1.0.0-alpha.20220208.1 (.NET 6.0.1; Microsoft Windows 10.0.19044) azsdk-net-ResourceManager/1.0.0-alpha.20220208.1 (.NET 6.0.1; Microsoft Windows 10.0.19044)",
        "x-ms-client-request-id": "e1f1a36ad8b58fd21ed0a60abacf4e5a",
        "x-ms-return-client-request-id": "true"
      },
      "RequestBody": null,
      "StatusCode": 200,
      "ResponseHeaders": {
        "Cache-Control": "no-cache",
        "Content-Length": "62",
        "Content-Type": "application/json; charset=utf-8",
        "Date": "Tue, 08 Feb 2022 05:04:00 GMT",
        "Expires": "-1",
        "Pragma": "no-cache",
        "Server": "Kestrel",
        "Strict-Transport-Security": "max-age=31536000; includeSubDomains",
        "X-Content-Type-Options": "nosniff",
        "x-ms-client-request-id": "e1f1a36ad8b58fd21ed0a60abacf4e5a",
        "x-ms-correlation-request-id": "975e2ec7-641c-4b58-8b42-0b4d16b0aab3",
        "x-ms-ratelimit-remaining-subscription-reads": "11994",
        "x-ms-request-id": "63501890-9a00-484d-9459-4a938d660c76",
        "x-ms-routing-request-id": "SOUTHEASTASIA:20220208T050400Z:975e2ec7-641c-4b58-8b42-0b4d16b0aab3"
      },
      "ResponseBody": {
        "status": "InProgress",
        "error": {
          "code": "None",
          "message": null
        }
      }
    },
    {
      "RequestUri": "https://management.azure.com/subscriptions/f3d94233-a9aa-4241-ac82-2dfb63ce637a/resourcegroups/testRg-7619/providers/Microsoft.Cdn/operationresults/6c4548ad-0518-40a8-9e17-df1a9ee266ad?api-version=2021-06-01",
      "RequestMethod": "GET",
      "RequestHeaders": {
        "Authorization": "Sanitized",
        "User-Agent": "azsdk-net-ResourceManager/1.0.0-alpha.20220208.1 (.NET 6.0.1; Microsoft Windows 10.0.19044) azsdk-net-ResourceManager/1.0.0-alpha.20220208.1 (.NET 6.0.1; Microsoft Windows 10.0.19044)",
        "x-ms-client-request-id": "70795a3b734bb49906b7a848aa6000bd",
        "x-ms-return-client-request-id": "true"
      },
      "RequestBody": null,
      "StatusCode": 200,
      "ResponseHeaders": {
        "Cache-Control": "no-cache",
        "Content-Length": "62",
        "Content-Type": "application/json; charset=utf-8",
        "Date": "Tue, 08 Feb 2022 05:04:00 GMT",
        "Expires": "-1",
        "Pragma": "no-cache",
        "Server": "Kestrel",
        "Strict-Transport-Security": "max-age=31536000; includeSubDomains",
        "X-Content-Type-Options": "nosniff",
        "x-ms-client-request-id": "70795a3b734bb49906b7a848aa6000bd",
        "x-ms-correlation-request-id": "b93fa8d3-cc2b-4121-ad37-ce80300cc390",
        "x-ms-ratelimit-remaining-subscription-reads": "11993",
        "x-ms-request-id": "1a876932-519c-41d0-be6e-037267bcd87d",
        "x-ms-routing-request-id": "SOUTHEASTASIA:20220208T050401Z:b93fa8d3-cc2b-4121-ad37-ce80300cc390"
      },
      "ResponseBody": {
        "status": "InProgress",
        "error": {
          "code": "None",
          "message": null
        }
      }
    },
    {
      "RequestUri": "https://management.azure.com/subscriptions/f3d94233-a9aa-4241-ac82-2dfb63ce637a/resourcegroups/testRg-7619/providers/Microsoft.Cdn/operationresults/6c4548ad-0518-40a8-9e17-df1a9ee266ad?api-version=2021-06-01",
      "RequestMethod": "GET",
      "RequestHeaders": {
        "Authorization": "Sanitized",
        "User-Agent": "azsdk-net-ResourceManager/1.0.0-alpha.20220208.1 (.NET 6.0.1; Microsoft Windows 10.0.19044) azsdk-net-ResourceManager/1.0.0-alpha.20220208.1 (.NET 6.0.1; Microsoft Windows 10.0.19044)",
        "x-ms-client-request-id": "f6bc6ca99692a2a3d82def5887b92f62",
        "x-ms-return-client-request-id": "true"
      },
      "RequestBody": null,
      "StatusCode": 200,
      "ResponseHeaders": {
        "Cache-Control": "no-cache",
        "Content-Length": "62",
        "Content-Type": "application/json; charset=utf-8",
        "Date": "Tue, 08 Feb 2022 05:04:00 GMT",
        "Expires": "-1",
        "Pragma": "no-cache",
        "Server": "Kestrel",
        "Strict-Transport-Security": "max-age=31536000; includeSubDomains",
        "X-Content-Type-Options": "nosniff",
        "x-ms-client-request-id": "f6bc6ca99692a2a3d82def5887b92f62",
        "x-ms-correlation-request-id": "53e0590a-5f32-4791-8760-facfe66c4e3c",
        "x-ms-ratelimit-remaining-subscription-reads": "11992",
        "x-ms-request-id": "3a6450da-a98a-4ac9-b166-455cb0b6ca32",
        "x-ms-routing-request-id": "SOUTHEASTASIA:20220208T050401Z:53e0590a-5f32-4791-8760-facfe66c4e3c"
      },
      "ResponseBody": {
        "status": "InProgress",
        "error": {
          "code": "None",
          "message": null
        }
      }
    },
    {
      "RequestUri": "https://management.azure.com/subscriptions/f3d94233-a9aa-4241-ac82-2dfb63ce637a/resourcegroups/testRg-7619/providers/Microsoft.Cdn/operationresults/6c4548ad-0518-40a8-9e17-df1a9ee266ad?api-version=2021-06-01",
      "RequestMethod": "GET",
      "RequestHeaders": {
        "Authorization": "Sanitized",
        "User-Agent": "azsdk-net-ResourceManager/1.0.0-alpha.20220208.1 (.NET 6.0.1; Microsoft Windows 10.0.19044) azsdk-net-ResourceManager/1.0.0-alpha.20220208.1 (.NET 6.0.1; Microsoft Windows 10.0.19044)",
        "x-ms-client-request-id": "bdea6b29eb7ef61b093ddbfe308ae5be",
        "x-ms-return-client-request-id": "true"
      },
      "RequestBody": null,
      "StatusCode": 200,
      "ResponseHeaders": {
        "Cache-Control": "no-cache",
        "Content-Length": "62",
        "Content-Type": "application/json; charset=utf-8",
        "Date": "Tue, 08 Feb 2022 05:04:01 GMT",
        "Expires": "-1",
        "Pragma": "no-cache",
        "Server": "Kestrel",
        "Strict-Transport-Security": "max-age=31536000; includeSubDomains",
        "X-Content-Type-Options": "nosniff",
        "x-ms-client-request-id": "bdea6b29eb7ef61b093ddbfe308ae5be",
        "x-ms-correlation-request-id": "3487f172-6c87-4b8f-b5ef-54ed27239e56",
        "x-ms-ratelimit-remaining-subscription-reads": "11991",
        "x-ms-request-id": "cfbfb4bc-1f9a-4d08-aafc-b85091536370",
        "x-ms-routing-request-id": "SOUTHEASTASIA:20220208T050401Z:3487f172-6c87-4b8f-b5ef-54ed27239e56"
      },
      "ResponseBody": {
        "status": "InProgress",
        "error": {
          "code": "None",
          "message": null
        }
      }
    },
    {
      "RequestUri": "https://management.azure.com/subscriptions/f3d94233-a9aa-4241-ac82-2dfb63ce637a/resourcegroups/testRg-7619/providers/Microsoft.Cdn/operationresults/6c4548ad-0518-40a8-9e17-df1a9ee266ad?api-version=2021-06-01",
      "RequestMethod": "GET",
      "RequestHeaders": {
        "Authorization": "Sanitized",
        "User-Agent": "azsdk-net-ResourceManager/1.0.0-alpha.20220208.1 (.NET 6.0.1; Microsoft Windows 10.0.19044) azsdk-net-ResourceManager/1.0.0-alpha.20220208.1 (.NET 6.0.1; Microsoft Windows 10.0.19044)",
        "x-ms-client-request-id": "4e61e9d05712a5c8b7d6971e83412c4c",
        "x-ms-return-client-request-id": "true"
      },
      "RequestBody": null,
      "StatusCode": 200,
      "ResponseHeaders": {
        "Cache-Control": "no-cache",
        "Content-Length": "62",
        "Content-Type": "application/json; charset=utf-8",
        "Date": "Tue, 08 Feb 2022 05:04:01 GMT",
        "Expires": "-1",
        "Pragma": "no-cache",
        "Server": "Kestrel",
        "Strict-Transport-Security": "max-age=31536000; includeSubDomains",
        "X-Content-Type-Options": "nosniff",
        "x-ms-client-request-id": "4e61e9d05712a5c8b7d6971e83412c4c",
        "x-ms-correlation-request-id": "97f60e2a-5a00-4d14-b37a-e4b97a12bd74",
        "x-ms-ratelimit-remaining-subscription-reads": "11990",
        "x-ms-request-id": "90ee188d-fd9d-450d-a8c6-fc3f6a355f43",
        "x-ms-routing-request-id": "SOUTHEASTASIA:20220208T050402Z:97f60e2a-5a00-4d14-b37a-e4b97a12bd74"
      },
      "ResponseBody": {
        "status": "InProgress",
        "error": {
          "code": "None",
          "message": null
        }
      }
    },
    {
      "RequestUri": "https://management.azure.com/subscriptions/f3d94233-a9aa-4241-ac82-2dfb63ce637a/resourcegroups/testRg-7619/providers/Microsoft.Cdn/operationresults/6c4548ad-0518-40a8-9e17-df1a9ee266ad?api-version=2021-06-01",
      "RequestMethod": "GET",
      "RequestHeaders": {
        "Authorization": "Sanitized",
        "User-Agent": "azsdk-net-ResourceManager/1.0.0-alpha.20220208.1 (.NET 6.0.1; Microsoft Windows 10.0.19044) azsdk-net-ResourceManager/1.0.0-alpha.20220208.1 (.NET 6.0.1; Microsoft Windows 10.0.19044)",
        "x-ms-client-request-id": "3e1f45874375bd3f50c5ed54baa4724e",
        "x-ms-return-client-request-id": "true"
      },
      "RequestBody": null,
      "StatusCode": 200,
      "ResponseHeaders": {
        "Cache-Control": "no-cache",
        "Content-Length": "62",
        "Content-Type": "application/json; charset=utf-8",
        "Date": "Tue, 08 Feb 2022 05:04:01 GMT",
        "Expires": "-1",
        "Pragma": "no-cache",
        "Server": "Kestrel",
        "Strict-Transport-Security": "max-age=31536000; includeSubDomains",
        "X-Content-Type-Options": "nosniff",
        "x-ms-client-request-id": "3e1f45874375bd3f50c5ed54baa4724e",
        "x-ms-correlation-request-id": "b8359d58-690f-4436-80b8-787dd9bb52e4",
        "x-ms-ratelimit-remaining-subscription-reads": "11989",
        "x-ms-request-id": "7a3f08ec-db0c-4629-b9d1-be070d6d0828",
        "x-ms-routing-request-id": "SOUTHEASTASIA:20220208T050402Z:b8359d58-690f-4436-80b8-787dd9bb52e4"
      },
      "ResponseBody": {
        "status": "InProgress",
        "error": {
          "code": "None",
          "message": null
        }
      }
    },
    {
      "RequestUri": "https://management.azure.com/subscriptions/f3d94233-a9aa-4241-ac82-2dfb63ce637a/resourcegroups/testRg-7619/providers/Microsoft.Cdn/operationresults/6c4548ad-0518-40a8-9e17-df1a9ee266ad?api-version=2021-06-01",
      "RequestMethod": "GET",
      "RequestHeaders": {
        "Authorization": "Sanitized",
        "User-Agent": "azsdk-net-ResourceManager/1.0.0-alpha.20220208.1 (.NET 6.0.1; Microsoft Windows 10.0.19044) azsdk-net-ResourceManager/1.0.0-alpha.20220208.1 (.NET 6.0.1; Microsoft Windows 10.0.19044)",
        "x-ms-client-request-id": "9d873147e158d14fa34406a753fd72c8",
        "x-ms-return-client-request-id": "true"
      },
      "RequestBody": null,
      "StatusCode": 200,
      "ResponseHeaders": {
        "Cache-Control": "no-cache",
        "Content-Length": "62",
        "Content-Type": "application/json; charset=utf-8",
        "Date": "Tue, 08 Feb 2022 05:04:02 GMT",
        "Expires": "-1",
        "Pragma": "no-cache",
        "Server": "Kestrel",
        "Strict-Transport-Security": "max-age=31536000; includeSubDomains",
        "X-Content-Type-Options": "nosniff",
        "x-ms-client-request-id": "9d873147e158d14fa34406a753fd72c8",
        "x-ms-correlation-request-id": "11517c49-729e-4866-8440-dc951c074da1",
        "x-ms-ratelimit-remaining-subscription-reads": "11988",
        "x-ms-request-id": "2c078a81-0f9a-4581-b4f6-2656df30fc77",
        "x-ms-routing-request-id": "SOUTHEASTASIA:20220208T050402Z:11517c49-729e-4866-8440-dc951c074da1"
      },
      "ResponseBody": {
        "status": "InProgress",
        "error": {
          "code": "None",
          "message": null
        }
      }
    },
    {
      "RequestUri": "https://management.azure.com/subscriptions/f3d94233-a9aa-4241-ac82-2dfb63ce637a/resourcegroups/testRg-7619/providers/Microsoft.Cdn/operationresults/6c4548ad-0518-40a8-9e17-df1a9ee266ad?api-version=2021-06-01",
      "RequestMethod": "GET",
      "RequestHeaders": {
        "Authorization": "Sanitized",
        "User-Agent": "azsdk-net-ResourceManager/1.0.0-alpha.20220208.1 (.NET 6.0.1; Microsoft Windows 10.0.19044) azsdk-net-ResourceManager/1.0.0-alpha.20220208.1 (.NET 6.0.1; Microsoft Windows 10.0.19044)",
        "x-ms-client-request-id": "ea778f11a76b8d48aaa3fd4d6a73ea12",
        "x-ms-return-client-request-id": "true"
      },
      "RequestBody": null,
      "StatusCode": 200,
      "ResponseHeaders": {
        "Cache-Control": "no-cache",
        "Content-Length": "62",
        "Content-Type": "application/json; charset=utf-8",
        "Date": "Tue, 08 Feb 2022 05:04:02 GMT",
        "Expires": "-1",
        "Pragma": "no-cache",
        "Server": "Kestrel",
        "Strict-Transport-Security": "max-age=31536000; includeSubDomains",
        "X-Content-Type-Options": "nosniff",
        "x-ms-client-request-id": "ea778f11a76b8d48aaa3fd4d6a73ea12",
        "x-ms-correlation-request-id": "0f1916a9-6055-40f4-9f31-9be7a7e3575d",
        "x-ms-ratelimit-remaining-subscription-reads": "11987",
        "x-ms-request-id": "00b37e48-1367-4973-b837-15a2be51504b",
        "x-ms-routing-request-id": "SOUTHEASTASIA:20220208T050403Z:0f1916a9-6055-40f4-9f31-9be7a7e3575d"
      },
      "ResponseBody": {
        "status": "InProgress",
        "error": {
          "code": "None",
          "message": null
        }
      }
    },
    {
      "RequestUri": "https://management.azure.com/subscriptions/f3d94233-a9aa-4241-ac82-2dfb63ce637a/resourcegroups/testRg-7619/providers/Microsoft.Cdn/operationresults/6c4548ad-0518-40a8-9e17-df1a9ee266ad?api-version=2021-06-01",
      "RequestMethod": "GET",
      "RequestHeaders": {
        "Authorization": "Sanitized",
        "User-Agent": "azsdk-net-ResourceManager/1.0.0-alpha.20220208.1 (.NET 6.0.1; Microsoft Windows 10.0.19044) azsdk-net-ResourceManager/1.0.0-alpha.20220208.1 (.NET 6.0.1; Microsoft Windows 10.0.19044)",
        "x-ms-client-request-id": "52d649648eb9a5f3f54d9a313d976953",
        "x-ms-return-client-request-id": "true"
      },
      "RequestBody": null,
      "StatusCode": 200,
      "ResponseHeaders": {
        "Cache-Control": "no-cache",
        "Content-Length": "62",
        "Content-Type": "application/json; charset=utf-8",
        "Date": "Tue, 08 Feb 2022 05:04:03 GMT",
        "Expires": "-1",
        "Pragma": "no-cache",
        "Server": "Kestrel",
        "Strict-Transport-Security": "max-age=31536000; includeSubDomains",
        "X-Content-Type-Options": "nosniff",
        "x-ms-client-request-id": "52d649648eb9a5f3f54d9a313d976953",
        "x-ms-correlation-request-id": "b6de0472-2a7e-4206-8d0e-2116f66be25c",
        "x-ms-ratelimit-remaining-subscription-reads": "11986",
        "x-ms-request-id": "7d6969ef-6c45-4ced-a01a-19949e80897f",
        "x-ms-routing-request-id": "SOUTHEASTASIA:20220208T050403Z:b6de0472-2a7e-4206-8d0e-2116f66be25c"
      },
      "ResponseBody": {
        "status": "InProgress",
        "error": {
          "code": "None",
          "message": null
        }
      }
    },
    {
      "RequestUri": "https://management.azure.com/subscriptions/f3d94233-a9aa-4241-ac82-2dfb63ce637a/resourcegroups/testRg-7619/providers/Microsoft.Cdn/operationresults/6c4548ad-0518-40a8-9e17-df1a9ee266ad?api-version=2021-06-01",
      "RequestMethod": "GET",
      "RequestHeaders": {
        "Authorization": "Sanitized",
        "User-Agent": "azsdk-net-ResourceManager/1.0.0-alpha.20220208.1 (.NET 6.0.1; Microsoft Windows 10.0.19044) azsdk-net-ResourceManager/1.0.0-alpha.20220208.1 (.NET 6.0.1; Microsoft Windows 10.0.19044)",
        "x-ms-client-request-id": "2b432452882d9fe3e9faf3b5e4026630",
        "x-ms-return-client-request-id": "true"
      },
      "RequestBody": null,
      "StatusCode": 200,
      "ResponseHeaders": {
        "Cache-Control": "no-cache",
        "Content-Length": "62",
        "Content-Type": "application/json; charset=utf-8",
        "Date": "Tue, 08 Feb 2022 05:04:03 GMT",
        "Expires": "-1",
        "Pragma": "no-cache",
        "Server": "Kestrel",
        "Strict-Transport-Security": "max-age=31536000; includeSubDomains",
        "X-Content-Type-Options": "nosniff",
        "x-ms-client-request-id": "2b432452882d9fe3e9faf3b5e4026630",
        "x-ms-correlation-request-id": "a9c6d1fa-2c40-4d1b-bbf7-a865e53aeffe",
        "x-ms-ratelimit-remaining-subscription-reads": "11985",
        "x-ms-request-id": "9fafed1b-525b-4d56-93af-61bc44431f83",
        "x-ms-routing-request-id": "SOUTHEASTASIA:20220208T050404Z:a9c6d1fa-2c40-4d1b-bbf7-a865e53aeffe"
      },
      "ResponseBody": {
        "status": "InProgress",
        "error": {
          "code": "None",
          "message": null
        }
      }
    },
    {
      "RequestUri": "https://management.azure.com/subscriptions/f3d94233-a9aa-4241-ac82-2dfb63ce637a/resourcegroups/testRg-7619/providers/Microsoft.Cdn/operationresults/6c4548ad-0518-40a8-9e17-df1a9ee266ad?api-version=2021-06-01",
      "RequestMethod": "GET",
      "RequestHeaders": {
        "Authorization": "Sanitized",
        "User-Agent": "azsdk-net-ResourceManager/1.0.0-alpha.20220208.1 (.NET 6.0.1; Microsoft Windows 10.0.19044) azsdk-net-ResourceManager/1.0.0-alpha.20220208.1 (.NET 6.0.1; Microsoft Windows 10.0.19044)",
        "x-ms-client-request-id": "0a42f35a2026820e9bd1f41d0d175012",
        "x-ms-return-client-request-id": "true"
      },
      "RequestBody": null,
      "StatusCode": 200,
      "ResponseHeaders": {
        "Cache-Control": "no-cache",
        "Content-Length": "62",
        "Content-Type": "application/json; charset=utf-8",
        "Date": "Tue, 08 Feb 2022 05:04:03 GMT",
        "Expires": "-1",
        "Pragma": "no-cache",
        "Server": "Kestrel",
        "Strict-Transport-Security": "max-age=31536000; includeSubDomains",
        "X-Content-Type-Options": "nosniff",
        "x-ms-client-request-id": "0a42f35a2026820e9bd1f41d0d175012",
        "x-ms-correlation-request-id": "44fe5818-3ccf-42dd-89b4-962090ba9c9e",
        "x-ms-ratelimit-remaining-subscription-reads": "11984",
        "x-ms-request-id": "ffd14762-c1a3-49a7-8901-7dd3564acda1",
        "x-ms-routing-request-id": "SOUTHEASTASIA:20220208T050404Z:44fe5818-3ccf-42dd-89b4-962090ba9c9e"
      },
      "ResponseBody": {
        "status": "InProgress",
        "error": {
          "code": "None",
          "message": null
        }
      }
    },
    {
      "RequestUri": "https://management.azure.com/subscriptions/f3d94233-a9aa-4241-ac82-2dfb63ce637a/resourcegroups/testRg-7619/providers/Microsoft.Cdn/operationresults/6c4548ad-0518-40a8-9e17-df1a9ee266ad?api-version=2021-06-01",
      "RequestMethod": "GET",
      "RequestHeaders": {
        "Authorization": "Sanitized",
        "User-Agent": "azsdk-net-ResourceManager/1.0.0-alpha.20220208.1 (.NET 6.0.1; Microsoft Windows 10.0.19044) azsdk-net-ResourceManager/1.0.0-alpha.20220208.1 (.NET 6.0.1; Microsoft Windows 10.0.19044)",
        "x-ms-client-request-id": "46faaa39be2fdce4663768bf9b3ec1f3",
        "x-ms-return-client-request-id": "true"
      },
      "RequestBody": null,
      "StatusCode": 200,
      "ResponseHeaders": {
        "Cache-Control": "no-cache",
        "Content-Length": "62",
        "Content-Type": "application/json; charset=utf-8",
        "Date": "Tue, 08 Feb 2022 05:04:04 GMT",
        "Expires": "-1",
        "Pragma": "no-cache",
        "Server": "Kestrel",
        "Strict-Transport-Security": "max-age=31536000; includeSubDomains",
        "X-Content-Type-Options": "nosniff",
        "x-ms-client-request-id": "46faaa39be2fdce4663768bf9b3ec1f3",
        "x-ms-correlation-request-id": "f46bd9de-6826-40ab-bde0-f825f8bde342",
        "x-ms-ratelimit-remaining-subscription-reads": "11983",
        "x-ms-request-id": "dddd0d26-0ef3-4236-ae7f-cddeb86596fd",
        "x-ms-routing-request-id": "SOUTHEASTASIA:20220208T050404Z:f46bd9de-6826-40ab-bde0-f825f8bde342"
      },
      "ResponseBody": {
        "status": "InProgress",
        "error": {
          "code": "None",
          "message": null
        }
      }
    },
    {
      "RequestUri": "https://management.azure.com/subscriptions/f3d94233-a9aa-4241-ac82-2dfb63ce637a/resourcegroups/testRg-7619/providers/Microsoft.Cdn/operationresults/6c4548ad-0518-40a8-9e17-df1a9ee266ad?api-version=2021-06-01",
      "RequestMethod": "GET",
      "RequestHeaders": {
        "Authorization": "Sanitized",
        "User-Agent": "azsdk-net-ResourceManager/1.0.0-alpha.20220208.1 (.NET 6.0.1; Microsoft Windows 10.0.19044) azsdk-net-ResourceManager/1.0.0-alpha.20220208.1 (.NET 6.0.1; Microsoft Windows 10.0.19044)",
        "x-ms-client-request-id": "49d669e75f54312d16c18f5b93c592d2",
        "x-ms-return-client-request-id": "true"
      },
      "RequestBody": null,
      "StatusCode": 200,
      "ResponseHeaders": {
        "Cache-Control": "no-cache",
        "Content-Length": "62",
        "Content-Type": "application/json; charset=utf-8",
        "Date": "Tue, 08 Feb 2022 05:04:04 GMT",
        "Expires": "-1",
        "Pragma": "no-cache",
        "Server": "Kestrel",
        "Strict-Transport-Security": "max-age=31536000; includeSubDomains",
        "X-Content-Type-Options": "nosniff",
        "x-ms-client-request-id": "49d669e75f54312d16c18f5b93c592d2",
        "x-ms-correlation-request-id": "2e9752bd-ed69-4b16-9680-981dda8abb05",
        "x-ms-ratelimit-remaining-subscription-reads": "11982",
        "x-ms-request-id": "bfac7685-3254-410e-a701-1827b82d315e",
        "x-ms-routing-request-id": "SOUTHEASTASIA:20220208T050405Z:2e9752bd-ed69-4b16-9680-981dda8abb05"
      },
      "ResponseBody": {
        "status": "InProgress",
        "error": {
          "code": "None",
          "message": null
        }
      }
    },
    {
      "RequestUri": "https://management.azure.com/subscriptions/f3d94233-a9aa-4241-ac82-2dfb63ce637a/resourcegroups/testRg-7619/providers/Microsoft.Cdn/operationresults/6c4548ad-0518-40a8-9e17-df1a9ee266ad?api-version=2021-06-01",
      "RequestMethod": "GET",
      "RequestHeaders": {
        "Authorization": "Sanitized",
        "User-Agent": "azsdk-net-ResourceManager/1.0.0-alpha.20220208.1 (.NET 6.0.1; Microsoft Windows 10.0.19044) azsdk-net-ResourceManager/1.0.0-alpha.20220208.1 (.NET 6.0.1; Microsoft Windows 10.0.19044)",
        "x-ms-client-request-id": "3a7be0aa20079b010e66a3efb84fe65d",
        "x-ms-return-client-request-id": "true"
      },
      "RequestBody": null,
      "StatusCode": 200,
      "ResponseHeaders": {
        "Cache-Control": "no-cache",
        "Content-Length": "62",
        "Content-Type": "application/json; charset=utf-8",
        "Date": "Tue, 08 Feb 2022 05:04:04 GMT",
        "Expires": "-1",
        "Pragma": "no-cache",
        "Server": "Kestrel",
        "Strict-Transport-Security": "max-age=31536000; includeSubDomains",
        "X-Content-Type-Options": "nosniff",
        "x-ms-client-request-id": "3a7be0aa20079b010e66a3efb84fe65d",
        "x-ms-correlation-request-id": "f748a4a4-888a-4691-86eb-753efd401d1a",
        "x-ms-ratelimit-remaining-subscription-reads": "11981",
        "x-ms-request-id": "5f56a9b1-07a8-414c-9c41-169a5059b80d",
        "x-ms-routing-request-id": "SOUTHEASTASIA:20220208T050405Z:f748a4a4-888a-4691-86eb-753efd401d1a"
      },
      "ResponseBody": {
        "status": "InProgress",
        "error": {
          "code": "None",
          "message": null
        }
      }
    },
    {
      "RequestUri": "https://management.azure.com/subscriptions/f3d94233-a9aa-4241-ac82-2dfb63ce637a/resourcegroups/testRg-7619/providers/Microsoft.Cdn/operationresults/6c4548ad-0518-40a8-9e17-df1a9ee266ad?api-version=2021-06-01",
      "RequestMethod": "GET",
      "RequestHeaders": {
        "Authorization": "Sanitized",
        "User-Agent": "azsdk-net-ResourceManager/1.0.0-alpha.20220208.1 (.NET 6.0.1; Microsoft Windows 10.0.19044) azsdk-net-ResourceManager/1.0.0-alpha.20220208.1 (.NET 6.0.1; Microsoft Windows 10.0.19044)",
        "x-ms-client-request-id": "a33600100640dabd7cc8306d2e8848a1",
        "x-ms-return-client-request-id": "true"
      },
      "RequestBody": null,
      "StatusCode": 200,
      "ResponseHeaders": {
        "Cache-Control": "no-cache",
        "Content-Length": "62",
        "Content-Type": "application/json; charset=utf-8",
        "Date": "Tue, 08 Feb 2022 05:04:05 GMT",
        "Expires": "-1",
        "Pragma": "no-cache",
        "Server": "Kestrel",
        "Strict-Transport-Security": "max-age=31536000; includeSubDomains",
        "X-Content-Type-Options": "nosniff",
        "x-ms-client-request-id": "a33600100640dabd7cc8306d2e8848a1",
        "x-ms-correlation-request-id": "1bd52492-91da-4cf6-bc14-6b24273d498c",
        "x-ms-ratelimit-remaining-subscription-reads": "11980",
        "x-ms-request-id": "0fc55c12-c09e-4b8c-bfa2-033d1c43a651",
        "x-ms-routing-request-id": "SOUTHEASTASIA:20220208T050405Z:1bd52492-91da-4cf6-bc14-6b24273d498c"
      },
      "ResponseBody": {
        "status": "InProgress",
        "error": {
          "code": "None",
          "message": null
        }
      }
    },
    {
      "RequestUri": "https://management.azure.com/subscriptions/f3d94233-a9aa-4241-ac82-2dfb63ce637a/resourcegroups/testRg-7619/providers/Microsoft.Cdn/operationresults/6c4548ad-0518-40a8-9e17-df1a9ee266ad?api-version=2021-06-01",
      "RequestMethod": "GET",
      "RequestHeaders": {
        "Authorization": "Sanitized",
        "User-Agent": "azsdk-net-ResourceManager/1.0.0-alpha.20220208.1 (.NET 6.0.1; Microsoft Windows 10.0.19044) azsdk-net-ResourceManager/1.0.0-alpha.20220208.1 (.NET 6.0.1; Microsoft Windows 10.0.19044)",
        "x-ms-client-request-id": "bb1495a486c2c6eb673b3aeebb3e79c6",
        "x-ms-return-client-request-id": "true"
      },
      "RequestBody": null,
      "StatusCode": 200,
      "ResponseHeaders": {
        "Cache-Control": "no-cache",
        "Content-Length": "62",
        "Content-Type": "application/json; charset=utf-8",
        "Date": "Tue, 08 Feb 2022 05:04:05 GMT",
        "Expires": "-1",
        "Pragma": "no-cache",
        "Server": "Kestrel",
        "Strict-Transport-Security": "max-age=31536000; includeSubDomains",
        "X-Content-Type-Options": "nosniff",
        "x-ms-client-request-id": "bb1495a486c2c6eb673b3aeebb3e79c6",
        "x-ms-correlation-request-id": "b16bc33f-fc3c-4d82-b5a5-8b19e528f16c",
        "x-ms-ratelimit-remaining-subscription-reads": "11979",
        "x-ms-request-id": "55be2d17-85d3-46cc-ab03-a1c4cf1cfed9",
        "x-ms-routing-request-id": "SOUTHEASTASIA:20220208T050406Z:b16bc33f-fc3c-4d82-b5a5-8b19e528f16c"
      },
      "ResponseBody": {
        "status": "InProgress",
        "error": {
          "code": "None",
          "message": null
        }
      }
    },
    {
      "RequestUri": "https://management.azure.com/subscriptions/f3d94233-a9aa-4241-ac82-2dfb63ce637a/resourcegroups/testRg-7619/providers/Microsoft.Cdn/operationresults/6c4548ad-0518-40a8-9e17-df1a9ee266ad?api-version=2021-06-01",
      "RequestMethod": "GET",
      "RequestHeaders": {
        "Authorization": "Sanitized",
        "User-Agent": "azsdk-net-ResourceManager/1.0.0-alpha.20220208.1 (.NET 6.0.1; Microsoft Windows 10.0.19044) azsdk-net-ResourceManager/1.0.0-alpha.20220208.1 (.NET 6.0.1; Microsoft Windows 10.0.19044)",
        "x-ms-client-request-id": "924b32dbee8ea39122a1bd3ef0946c86",
        "x-ms-return-client-request-id": "true"
      },
      "RequestBody": null,
      "StatusCode": 200,
      "ResponseHeaders": {
        "Cache-Control": "no-cache",
        "Content-Length": "62",
        "Content-Type": "application/json; charset=utf-8",
        "Date": "Tue, 08 Feb 2022 05:04:06 GMT",
        "Expires": "-1",
        "Pragma": "no-cache",
        "Server": "Kestrel",
        "Strict-Transport-Security": "max-age=31536000; includeSubDomains",
        "X-Content-Type-Options": "nosniff",
        "x-ms-client-request-id": "924b32dbee8ea39122a1bd3ef0946c86",
        "x-ms-correlation-request-id": "e8dd5732-7d06-494c-a3c8-18f4f36b6dba",
        "x-ms-ratelimit-remaining-subscription-reads": "11978",
        "x-ms-request-id": "78ea00e4-51ca-48fa-ae23-d750d7b97584",
        "x-ms-routing-request-id": "SOUTHEASTASIA:20220208T050406Z:e8dd5732-7d06-494c-a3c8-18f4f36b6dba"
      },
      "ResponseBody": {
        "status": "InProgress",
        "error": {
          "code": "None",
          "message": null
        }
      }
    },
    {
      "RequestUri": "https://management.azure.com/subscriptions/f3d94233-a9aa-4241-ac82-2dfb63ce637a/resourcegroups/testRg-7619/providers/Microsoft.Cdn/operationresults/6c4548ad-0518-40a8-9e17-df1a9ee266ad?api-version=2021-06-01",
      "RequestMethod": "GET",
      "RequestHeaders": {
        "Authorization": "Sanitized",
        "User-Agent": "azsdk-net-ResourceManager/1.0.0-alpha.20220208.1 (.NET 6.0.1; Microsoft Windows 10.0.19044) azsdk-net-ResourceManager/1.0.0-alpha.20220208.1 (.NET 6.0.1; Microsoft Windows 10.0.19044)",
        "x-ms-client-request-id": "224a021e2a3a899b156f3c05cccf1e3e",
        "x-ms-return-client-request-id": "true"
      },
      "RequestBody": null,
      "StatusCode": 200,
      "ResponseHeaders": {
        "Cache-Control": "no-cache",
        "Content-Length": "62",
        "Content-Type": "application/json; charset=utf-8",
        "Date": "Tue, 08 Feb 2022 05:04:06 GMT",
        "Expires": "-1",
        "Pragma": "no-cache",
        "Server": "Kestrel",
        "Strict-Transport-Security": "max-age=31536000; includeSubDomains",
        "X-Content-Type-Options": "nosniff",
        "x-ms-client-request-id": "224a021e2a3a899b156f3c05cccf1e3e",
        "x-ms-correlation-request-id": "39306a9b-f89d-43a3-a33f-5361fb6314f4",
        "x-ms-ratelimit-remaining-subscription-reads": "11977",
        "x-ms-request-id": "5c8c4712-9007-49cf-b9ec-d5d97867fb86",
        "x-ms-routing-request-id": "SOUTHEASTASIA:20220208T050407Z:39306a9b-f89d-43a3-a33f-5361fb6314f4"
      },
      "ResponseBody": {
        "status": "InProgress",
        "error": {
          "code": "None",
          "message": null
        }
      }
    },
    {
      "RequestUri": "https://management.azure.com/subscriptions/f3d94233-a9aa-4241-ac82-2dfb63ce637a/resourcegroups/testRg-7619/providers/Microsoft.Cdn/operationresults/6c4548ad-0518-40a8-9e17-df1a9ee266ad?api-version=2021-06-01",
      "RequestMethod": "GET",
      "RequestHeaders": {
        "Authorization": "Sanitized",
        "User-Agent": "azsdk-net-ResourceManager/1.0.0-alpha.20220208.1 (.NET 6.0.1; Microsoft Windows 10.0.19044) azsdk-net-ResourceManager/1.0.0-alpha.20220208.1 (.NET 6.0.1; Microsoft Windows 10.0.19044)",
        "x-ms-client-request-id": "fc91694fb53db61203719921c9acd6d3",
        "x-ms-return-client-request-id": "true"
      },
      "RequestBody": null,
      "StatusCode": 200,
      "ResponseHeaders": {
        "Cache-Control": "no-cache",
        "Content-Length": "62",
        "Content-Type": "application/json; charset=utf-8",
        "Date": "Tue, 08 Feb 2022 05:04:06 GMT",
        "Expires": "-1",
        "Pragma": "no-cache",
        "Server": "Kestrel",
        "Strict-Transport-Security": "max-age=31536000; includeSubDomains",
        "X-Content-Type-Options": "nosniff",
        "x-ms-client-request-id": "fc91694fb53db61203719921c9acd6d3",
        "x-ms-correlation-request-id": "4788a1be-6b36-4a9f-bac5-5ab671f3bc43",
        "x-ms-ratelimit-remaining-subscription-reads": "11976",
        "x-ms-request-id": "04b33075-89f3-4d93-8178-983db17fbea5",
        "x-ms-routing-request-id": "SOUTHEASTASIA:20220208T050407Z:4788a1be-6b36-4a9f-bac5-5ab671f3bc43"
      },
      "ResponseBody": {
        "status": "InProgress",
        "error": {
          "code": "None",
          "message": null
        }
      }
    },
    {
      "RequestUri": "https://management.azure.com/subscriptions/f3d94233-a9aa-4241-ac82-2dfb63ce637a/resourcegroups/testRg-7619/providers/Microsoft.Cdn/operationresults/6c4548ad-0518-40a8-9e17-df1a9ee266ad?api-version=2021-06-01",
      "RequestMethod": "GET",
      "RequestHeaders": {
        "Authorization": "Sanitized",
        "User-Agent": "azsdk-net-ResourceManager/1.0.0-alpha.20220208.1 (.NET 6.0.1; Microsoft Windows 10.0.19044) azsdk-net-ResourceManager/1.0.0-alpha.20220208.1 (.NET 6.0.1; Microsoft Windows 10.0.19044)",
        "x-ms-client-request-id": "b8cfb4ce56f3b08b97c17d1fb28cd652",
        "x-ms-return-client-request-id": "true"
      },
      "RequestBody": null,
      "StatusCode": 200,
      "ResponseHeaders": {
        "Cache-Control": "no-cache",
        "Content-Length": "62",
        "Content-Type": "application/json; charset=utf-8",
        "Date": "Tue, 08 Feb 2022 05:04:07 GMT",
        "Expires": "-1",
        "Pragma": "no-cache",
        "Server": "Kestrel",
        "Strict-Transport-Security": "max-age=31536000; includeSubDomains",
        "X-Content-Type-Options": "nosniff",
        "x-ms-client-request-id": "b8cfb4ce56f3b08b97c17d1fb28cd652",
        "x-ms-correlation-request-id": "31437fd9-5f91-41e7-a770-9672ebe017d2",
        "x-ms-ratelimit-remaining-subscription-reads": "11975",
        "x-ms-request-id": "d69a5c8c-21d4-41bf-92cc-f37b0eb973b7",
        "x-ms-routing-request-id": "SOUTHEASTASIA:20220208T050407Z:31437fd9-5f91-41e7-a770-9672ebe017d2"
      },
      "ResponseBody": {
        "status": "InProgress",
        "error": {
          "code": "None",
          "message": null
        }
      }
    },
    {
      "RequestUri": "https://management.azure.com/subscriptions/f3d94233-a9aa-4241-ac82-2dfb63ce637a/resourcegroups/testRg-7619/providers/Microsoft.Cdn/operationresults/6c4548ad-0518-40a8-9e17-df1a9ee266ad?api-version=2021-06-01",
      "RequestMethod": "GET",
      "RequestHeaders": {
        "Authorization": "Sanitized",
        "User-Agent": "azsdk-net-ResourceManager/1.0.0-alpha.20220208.1 (.NET 6.0.1; Microsoft Windows 10.0.19044) azsdk-net-ResourceManager/1.0.0-alpha.20220208.1 (.NET 6.0.1; Microsoft Windows 10.0.19044)",
        "x-ms-client-request-id": "86ef7f8270026848f0931ec99179c068",
        "x-ms-return-client-request-id": "true"
      },
      "RequestBody": null,
      "StatusCode": 200,
      "ResponseHeaders": {
        "Cache-Control": "no-cache",
        "Content-Length": "62",
        "Content-Type": "application/json; charset=utf-8",
        "Date": "Tue, 08 Feb 2022 05:04:07 GMT",
        "Expires": "-1",
        "Pragma": "no-cache",
        "Server": "Kestrel",
        "Strict-Transport-Security": "max-age=31536000; includeSubDomains",
        "X-Content-Type-Options": "nosniff",
        "x-ms-client-request-id": "86ef7f8270026848f0931ec99179c068",
        "x-ms-correlation-request-id": "8476b32b-667f-4469-93dd-ced1433b998e",
        "x-ms-ratelimit-remaining-subscription-reads": "11974",
        "x-ms-request-id": "1c4d2c40-effa-4f9e-bd5e-209d02a3a260",
        "x-ms-routing-request-id": "SOUTHEASTASIA:20220208T050408Z:8476b32b-667f-4469-93dd-ced1433b998e"
      },
      "ResponseBody": {
        "status": "InProgress",
        "error": {
          "code": "None",
          "message": null
        }
      }
    },
    {
      "RequestUri": "https://management.azure.com/subscriptions/f3d94233-a9aa-4241-ac82-2dfb63ce637a/resourcegroups/testRg-7619/providers/Microsoft.Cdn/operationresults/6c4548ad-0518-40a8-9e17-df1a9ee266ad?api-version=2021-06-01",
      "RequestMethod": "GET",
      "RequestHeaders": {
        "Authorization": "Sanitized",
        "User-Agent": "azsdk-net-ResourceManager/1.0.0-alpha.20220208.1 (.NET 6.0.1; Microsoft Windows 10.0.19044) azsdk-net-ResourceManager/1.0.0-alpha.20220208.1 (.NET 6.0.1; Microsoft Windows 10.0.19044)",
        "x-ms-client-request-id": "183768996600f84adde0657b38f30477",
        "x-ms-return-client-request-id": "true"
      },
      "RequestBody": null,
      "StatusCode": 200,
      "ResponseHeaders": {
        "Cache-Control": "no-cache",
        "Content-Length": "62",
        "Content-Type": "application/json; charset=utf-8",
        "Date": "Tue, 08 Feb 2022 05:04:08 GMT",
        "Expires": "-1",
        "Pragma": "no-cache",
        "Server": "Kestrel",
        "Strict-Transport-Security": "max-age=31536000; includeSubDomains",
        "X-Content-Type-Options": "nosniff",
        "x-ms-client-request-id": "183768996600f84adde0657b38f30477",
        "x-ms-correlation-request-id": "e49b8d02-8bf5-4896-be03-ae1a1f4a820f",
        "x-ms-ratelimit-remaining-subscription-reads": "11973",
        "x-ms-request-id": "d4c6026a-e81e-4ab9-a98d-671229acc9bd",
        "x-ms-routing-request-id": "SOUTHEASTASIA:20220208T050408Z:e49b8d02-8bf5-4896-be03-ae1a1f4a820f"
      },
      "ResponseBody": {
        "status": "InProgress",
        "error": {
          "code": "None",
          "message": null
        }
      }
    },
    {
      "RequestUri": "https://management.azure.com/subscriptions/f3d94233-a9aa-4241-ac82-2dfb63ce637a/resourcegroups/testRg-7619/providers/Microsoft.Cdn/operationresults/6c4548ad-0518-40a8-9e17-df1a9ee266ad?api-version=2021-06-01",
      "RequestMethod": "GET",
      "RequestHeaders": {
        "Authorization": "Sanitized",
        "User-Agent": "azsdk-net-ResourceManager/1.0.0-alpha.20220208.1 (.NET 6.0.1; Microsoft Windows 10.0.19044) azsdk-net-ResourceManager/1.0.0-alpha.20220208.1 (.NET 6.0.1; Microsoft Windows 10.0.19044)",
        "x-ms-client-request-id": "4a9e469a4fbd5ed06b66c76038c21e1d",
        "x-ms-return-client-request-id": "true"
      },
      "RequestBody": null,
      "StatusCode": 200,
      "ResponseHeaders": {
        "Cache-Control": "no-cache",
        "Content-Length": "62",
        "Content-Type": "application/json; charset=utf-8",
        "Date": "Tue, 08 Feb 2022 05:04:08 GMT",
        "Expires": "-1",
        "Pragma": "no-cache",
        "Server": "Kestrel",
        "Strict-Transport-Security": "max-age=31536000; includeSubDomains",
        "X-Content-Type-Options": "nosniff",
        "x-ms-client-request-id": "4a9e469a4fbd5ed06b66c76038c21e1d",
        "x-ms-correlation-request-id": "865033fa-4549-4ad1-a7d1-26529c43ab71",
        "x-ms-ratelimit-remaining-subscription-reads": "11972",
        "x-ms-request-id": "20978731-ee55-4102-a23a-c7baabf850ff",
        "x-ms-routing-request-id": "SOUTHEASTASIA:20220208T050409Z:865033fa-4549-4ad1-a7d1-26529c43ab71"
      },
      "ResponseBody": {
        "status": "InProgress",
        "error": {
          "code": "None",
          "message": null
        }
      }
    },
    {
      "RequestUri": "https://management.azure.com/subscriptions/f3d94233-a9aa-4241-ac82-2dfb63ce637a/resourcegroups/testRg-7619/providers/Microsoft.Cdn/operationresults/6c4548ad-0518-40a8-9e17-df1a9ee266ad?api-version=2021-06-01",
      "RequestMethod": "GET",
      "RequestHeaders": {
        "Authorization": "Sanitized",
        "User-Agent": "azsdk-net-ResourceManager/1.0.0-alpha.20220208.1 (.NET 6.0.1; Microsoft Windows 10.0.19044) azsdk-net-ResourceManager/1.0.0-alpha.20220208.1 (.NET 6.0.1; Microsoft Windows 10.0.19044)",
        "x-ms-client-request-id": "49851401be551b5234f6a8210acc30fd",
        "x-ms-return-client-request-id": "true"
      },
      "RequestBody": null,
      "StatusCode": 200,
      "ResponseHeaders": {
        "Cache-Control": "no-cache",
        "Content-Length": "62",
        "Content-Type": "application/json; charset=utf-8",
        "Date": "Tue, 08 Feb 2022 05:04:08 GMT",
        "Expires": "-1",
        "Pragma": "no-cache",
        "Server": "Kestrel",
        "Strict-Transport-Security": "max-age=31536000; includeSubDomains",
        "X-Content-Type-Options": "nosniff",
        "x-ms-client-request-id": "49851401be551b5234f6a8210acc30fd",
        "x-ms-correlation-request-id": "c68e8a59-675e-4800-9ef6-21e456c8ca8f",
        "x-ms-ratelimit-remaining-subscription-reads": "11971",
        "x-ms-request-id": "4ff14a65-b006-447a-b87c-4dab13b83ebf",
        "x-ms-routing-request-id": "SOUTHEASTASIA:20220208T050409Z:c68e8a59-675e-4800-9ef6-21e456c8ca8f"
      },
      "ResponseBody": {
        "status": "InProgress",
        "error": {
          "code": "None",
          "message": null
        }
      }
    },
    {
      "RequestUri": "https://management.azure.com/subscriptions/f3d94233-a9aa-4241-ac82-2dfb63ce637a/resourcegroups/testRg-7619/providers/Microsoft.Cdn/operationresults/6c4548ad-0518-40a8-9e17-df1a9ee266ad?api-version=2021-06-01",
      "RequestMethod": "GET",
      "RequestHeaders": {
        "Authorization": "Sanitized",
        "User-Agent": "azsdk-net-ResourceManager/1.0.0-alpha.20220208.1 (.NET 6.0.1; Microsoft Windows 10.0.19044) azsdk-net-ResourceManager/1.0.0-alpha.20220208.1 (.NET 6.0.1; Microsoft Windows 10.0.19044)",
        "x-ms-client-request-id": "4b2ea68f76db49ab98d8ac999eeac01b",
        "x-ms-return-client-request-id": "true"
      },
      "RequestBody": null,
      "StatusCode": 200,
      "ResponseHeaders": {
        "Cache-Control": "no-cache",
        "Content-Length": "62",
        "Content-Type": "application/json; charset=utf-8",
        "Date": "Tue, 08 Feb 2022 05:04:09 GMT",
        "Expires": "-1",
        "Pragma": "no-cache",
        "Server": "Kestrel",
        "Strict-Transport-Security": "max-age=31536000; includeSubDomains",
        "X-Content-Type-Options": "nosniff",
        "x-ms-client-request-id": "4b2ea68f76db49ab98d8ac999eeac01b",
        "x-ms-correlation-request-id": "a014ef1d-b699-4cf8-b112-f4f5a71c6f28",
        "x-ms-ratelimit-remaining-subscription-reads": "11970",
        "x-ms-request-id": "0348a880-6f9b-4eef-8f5d-d004812d9ab7",
        "x-ms-routing-request-id": "SOUTHEASTASIA:20220208T050409Z:a014ef1d-b699-4cf8-b112-f4f5a71c6f28"
      },
      "ResponseBody": {
        "status": "InProgress",
        "error": {
          "code": "None",
          "message": null
        }
      }
    },
    {
      "RequestUri": "https://management.azure.com/subscriptions/f3d94233-a9aa-4241-ac82-2dfb63ce637a/resourcegroups/testRg-7619/providers/Microsoft.Cdn/operationresults/6c4548ad-0518-40a8-9e17-df1a9ee266ad?api-version=2021-06-01",
      "RequestMethod": "GET",
      "RequestHeaders": {
        "Authorization": "Sanitized",
        "User-Agent": "azsdk-net-ResourceManager/1.0.0-alpha.20220208.1 (.NET 6.0.1; Microsoft Windows 10.0.19044) azsdk-net-ResourceManager/1.0.0-alpha.20220208.1 (.NET 6.0.1; Microsoft Windows 10.0.19044)",
        "x-ms-client-request-id": "237a48c1bb6ddc22f48215c6a6ae539f",
        "x-ms-return-client-request-id": "true"
      },
      "RequestBody": null,
      "StatusCode": 200,
      "ResponseHeaders": {
        "Cache-Control": "no-cache",
        "Content-Length": "62",
        "Content-Type": "application/json; charset=utf-8",
        "Date": "Tue, 08 Feb 2022 05:04:09 GMT",
        "Expires": "-1",
        "Pragma": "no-cache",
        "Server": "Kestrel",
        "Strict-Transport-Security": "max-age=31536000; includeSubDomains",
        "X-Content-Type-Options": "nosniff",
        "x-ms-client-request-id": "237a48c1bb6ddc22f48215c6a6ae539f",
        "x-ms-correlation-request-id": "6f52b7f7-e7f2-4b16-8253-e53d341e1bf4",
        "x-ms-ratelimit-remaining-subscription-reads": "11969",
        "x-ms-request-id": "79783b59-10be-4bdb-b503-3c60c63a310a",
        "x-ms-routing-request-id": "SOUTHEASTASIA:20220208T050410Z:6f52b7f7-e7f2-4b16-8253-e53d341e1bf4"
      },
      "ResponseBody": {
        "status": "InProgress",
        "error": {
          "code": "None",
          "message": null
        }
      }
    },
    {
      "RequestUri": "https://management.azure.com/subscriptions/f3d94233-a9aa-4241-ac82-2dfb63ce637a/resourcegroups/testRg-7619/providers/Microsoft.Cdn/operationresults/6c4548ad-0518-40a8-9e17-df1a9ee266ad?api-version=2021-06-01",
      "RequestMethod": "GET",
      "RequestHeaders": {
        "Authorization": "Sanitized",
        "User-Agent": "azsdk-net-ResourceManager/1.0.0-alpha.20220208.1 (.NET 6.0.1; Microsoft Windows 10.0.19044) azsdk-net-ResourceManager/1.0.0-alpha.20220208.1 (.NET 6.0.1; Microsoft Windows 10.0.19044)",
        "x-ms-client-request-id": "91d0ca36d3948b42683cb07c12b97d49",
        "x-ms-return-client-request-id": "true"
      },
      "RequestBody": null,
      "StatusCode": 200,
      "ResponseHeaders": {
        "Cache-Control": "no-cache",
        "Content-Length": "62",
        "Content-Type": "application/json; charset=utf-8",
        "Date": "Tue, 08 Feb 2022 05:04:09 GMT",
        "Expires": "-1",
        "Pragma": "no-cache",
        "Server": "Kestrel",
        "Strict-Transport-Security": "max-age=31536000; includeSubDomains",
        "X-Content-Type-Options": "nosniff",
        "x-ms-client-request-id": "91d0ca36d3948b42683cb07c12b97d49",
        "x-ms-correlation-request-id": "2d818627-3cd1-44fa-bf77-9059b79efb9c",
        "x-ms-ratelimit-remaining-subscription-reads": "11968",
        "x-ms-request-id": "5cc544ab-f199-448c-b498-c0e569ff8124",
        "x-ms-routing-request-id": "SOUTHEASTASIA:20220208T050410Z:2d818627-3cd1-44fa-bf77-9059b79efb9c"
      },
      "ResponseBody": {
        "status": "InProgress",
        "error": {
          "code": "None",
          "message": null
        }
      }
    },
    {
      "RequestUri": "https://management.azure.com/subscriptions/f3d94233-a9aa-4241-ac82-2dfb63ce637a/resourcegroups/testRg-7619/providers/Microsoft.Cdn/operationresults/6c4548ad-0518-40a8-9e17-df1a9ee266ad?api-version=2021-06-01",
      "RequestMethod": "GET",
      "RequestHeaders": {
        "Authorization": "Sanitized",
        "User-Agent": "azsdk-net-ResourceManager/1.0.0-alpha.20220208.1 (.NET 6.0.1; Microsoft Windows 10.0.19044) azsdk-net-ResourceManager/1.0.0-alpha.20220208.1 (.NET 6.0.1; Microsoft Windows 10.0.19044)",
        "x-ms-client-request-id": "c2608d360c51d4908452575860e5a2ea",
        "x-ms-return-client-request-id": "true"
      },
      "RequestBody": null,
      "StatusCode": 200,
      "ResponseHeaders": {
        "Cache-Control": "no-cache",
        "Content-Length": "62",
        "Content-Type": "application/json; charset=utf-8",
        "Date": "Tue, 08 Feb 2022 05:04:10 GMT",
        "Expires": "-1",
        "Pragma": "no-cache",
        "Server": "Kestrel",
        "Strict-Transport-Security": "max-age=31536000; includeSubDomains",
        "X-Content-Type-Options": "nosniff",
        "x-ms-client-request-id": "c2608d360c51d4908452575860e5a2ea",
        "x-ms-correlation-request-id": "b257eedb-7e5b-46e8-8cb8-f6ff38a13af9",
        "x-ms-ratelimit-remaining-subscription-reads": "11967",
        "x-ms-request-id": "36d3bfbb-3951-406a-9fa5-ebf09497b51d",
        "x-ms-routing-request-id": "SOUTHEASTASIA:20220208T050410Z:b257eedb-7e5b-46e8-8cb8-f6ff38a13af9"
      },
      "ResponseBody": {
        "status": "InProgress",
        "error": {
          "code": "None",
          "message": null
        }
      }
    },
    {
      "RequestUri": "https://management.azure.com/subscriptions/f3d94233-a9aa-4241-ac82-2dfb63ce637a/resourcegroups/testRg-7619/providers/Microsoft.Cdn/operationresults/6c4548ad-0518-40a8-9e17-df1a9ee266ad?api-version=2021-06-01",
      "RequestMethod": "GET",
      "RequestHeaders": {
        "Authorization": "Sanitized",
        "User-Agent": "azsdk-net-ResourceManager/1.0.0-alpha.20220208.1 (.NET 6.0.1; Microsoft Windows 10.0.19044) azsdk-net-ResourceManager/1.0.0-alpha.20220208.1 (.NET 6.0.1; Microsoft Windows 10.0.19044)",
        "x-ms-client-request-id": "d4620c852e19ee8705efbb300aa5ca3b",
        "x-ms-return-client-request-id": "true"
      },
      "RequestBody": null,
      "StatusCode": 200,
      "ResponseHeaders": {
        "Cache-Control": "no-cache",
        "Content-Length": "62",
        "Content-Type": "application/json; charset=utf-8",
        "Date": "Tue, 08 Feb 2022 05:04:10 GMT",
        "Expires": "-1",
        "Pragma": "no-cache",
        "Server": "Kestrel",
        "Strict-Transport-Security": "max-age=31536000; includeSubDomains",
        "X-Content-Type-Options": "nosniff",
        "x-ms-client-request-id": "d4620c852e19ee8705efbb300aa5ca3b",
        "x-ms-correlation-request-id": "2db56f36-d9a2-4493-a827-f5f62d4fee28",
        "x-ms-ratelimit-remaining-subscription-reads": "11966",
        "x-ms-request-id": "311b71f1-7343-4e21-8c8b-6244efc01b46",
        "x-ms-routing-request-id": "SOUTHEASTASIA:20220208T050411Z:2db56f36-d9a2-4493-a827-f5f62d4fee28"
      },
      "ResponseBody": {
        "status": "InProgress",
        "error": {
          "code": "None",
          "message": null
        }
      }
    },
    {
      "RequestUri": "https://management.azure.com/subscriptions/f3d94233-a9aa-4241-ac82-2dfb63ce637a/resourcegroups/testRg-7619/providers/Microsoft.Cdn/operationresults/6c4548ad-0518-40a8-9e17-df1a9ee266ad?api-version=2021-06-01",
      "RequestMethod": "GET",
      "RequestHeaders": {
        "Authorization": "Sanitized",
        "User-Agent": "azsdk-net-ResourceManager/1.0.0-alpha.20220208.1 (.NET 6.0.1; Microsoft Windows 10.0.19044) azsdk-net-ResourceManager/1.0.0-alpha.20220208.1 (.NET 6.0.1; Microsoft Windows 10.0.19044)",
        "x-ms-client-request-id": "198fcb05904e2a4d3afc0c427cea2b83",
        "x-ms-return-client-request-id": "true"
      },
      "RequestBody": null,
      "StatusCode": 200,
      "ResponseHeaders": {
        "Cache-Control": "no-cache",
        "Content-Length": "62",
        "Content-Type": "application/json; charset=utf-8",
        "Date": "Tue, 08 Feb 2022 05:04:11 GMT",
        "Expires": "-1",
        "Pragma": "no-cache",
        "Server": "Kestrel",
        "Strict-Transport-Security": "max-age=31536000; includeSubDomains",
        "X-Content-Type-Options": "nosniff",
        "x-ms-client-request-id": "198fcb05904e2a4d3afc0c427cea2b83",
        "x-ms-correlation-request-id": "709ea777-816e-4bc5-90ab-93d2470322d4",
        "x-ms-ratelimit-remaining-subscription-reads": "11965",
        "x-ms-request-id": "7064018a-9bf4-4958-81bd-7d314e383d38",
        "x-ms-routing-request-id": "SOUTHEASTASIA:20220208T050411Z:709ea777-816e-4bc5-90ab-93d2470322d4"
      },
      "ResponseBody": {
        "status": "InProgress",
        "error": {
          "code": "None",
          "message": null
        }
      }
    },
    {
      "RequestUri": "https://management.azure.com/subscriptions/f3d94233-a9aa-4241-ac82-2dfb63ce637a/resourcegroups/testRg-7619/providers/Microsoft.Cdn/operationresults/6c4548ad-0518-40a8-9e17-df1a9ee266ad?api-version=2021-06-01",
      "RequestMethod": "GET",
      "RequestHeaders": {
        "Authorization": "Sanitized",
        "User-Agent": "azsdk-net-ResourceManager/1.0.0-alpha.20220208.1 (.NET 6.0.1; Microsoft Windows 10.0.19044) azsdk-net-ResourceManager/1.0.0-alpha.20220208.1 (.NET 6.0.1; Microsoft Windows 10.0.19044)",
        "x-ms-client-request-id": "05f7c69aa95607300671bc62515fc9de",
        "x-ms-return-client-request-id": "true"
      },
      "RequestBody": null,
      "StatusCode": 200,
      "ResponseHeaders": {
        "Cache-Control": "no-cache",
        "Content-Length": "62",
        "Content-Type": "application/json; charset=utf-8",
        "Date": "Tue, 08 Feb 2022 05:04:11 GMT",
        "Expires": "-1",
        "Pragma": "no-cache",
        "Server": "Kestrel",
        "Strict-Transport-Security": "max-age=31536000; includeSubDomains",
        "X-Content-Type-Options": "nosniff",
        "x-ms-client-request-id": "05f7c69aa95607300671bc62515fc9de",
        "x-ms-correlation-request-id": "15a6ce2c-2db9-487c-92cd-da5ec396243d",
        "x-ms-ratelimit-remaining-subscription-reads": "11964",
        "x-ms-request-id": "28bc72b2-d6bc-4130-aaf4-d57f3ec2d7b0",
        "x-ms-routing-request-id": "SOUTHEASTASIA:20220208T050412Z:15a6ce2c-2db9-487c-92cd-da5ec396243d"
      },
      "ResponseBody": {
        "status": "InProgress",
        "error": {
          "code": "None",
          "message": null
        }
      }
    },
    {
      "RequestUri": "https://management.azure.com/subscriptions/f3d94233-a9aa-4241-ac82-2dfb63ce637a/resourcegroups/testRg-7619/providers/Microsoft.Cdn/operationresults/6c4548ad-0518-40a8-9e17-df1a9ee266ad?api-version=2021-06-01",
      "RequestMethod": "GET",
      "RequestHeaders": {
        "Authorization": "Sanitized",
        "User-Agent": "azsdk-net-ResourceManager/1.0.0-alpha.20220208.1 (.NET 6.0.1; Microsoft Windows 10.0.19044) azsdk-net-ResourceManager/1.0.0-alpha.20220208.1 (.NET 6.0.1; Microsoft Windows 10.0.19044)",
        "x-ms-client-request-id": "94521b888955f49bbf389a1c2245711b",
        "x-ms-return-client-request-id": "true"
      },
      "RequestBody": null,
      "StatusCode": 200,
      "ResponseHeaders": {
        "Cache-Control": "no-cache",
        "Content-Length": "62",
        "Content-Type": "application/json; charset=utf-8",
        "Date": "Tue, 08 Feb 2022 05:04:11 GMT",
        "Expires": "-1",
        "Pragma": "no-cache",
        "Server": "Kestrel",
        "Strict-Transport-Security": "max-age=31536000; includeSubDomains",
        "X-Content-Type-Options": "nosniff",
        "x-ms-client-request-id": "94521b888955f49bbf389a1c2245711b",
        "x-ms-correlation-request-id": "df88bca8-b525-484c-b051-5606c895dd55",
        "x-ms-ratelimit-remaining-subscription-reads": "11963",
        "x-ms-request-id": "417e852d-c08c-4bd5-b065-9951822813ad",
        "x-ms-routing-request-id": "SOUTHEASTASIA:20220208T050412Z:df88bca8-b525-484c-b051-5606c895dd55"
      },
      "ResponseBody": {
        "status": "InProgress",
        "error": {
          "code": "None",
          "message": null
        }
      }
    },
    {
      "RequestUri": "https://management.azure.com/subscriptions/f3d94233-a9aa-4241-ac82-2dfb63ce637a/resourcegroups/testRg-7619/providers/Microsoft.Cdn/operationresults/6c4548ad-0518-40a8-9e17-df1a9ee266ad?api-version=2021-06-01",
      "RequestMethod": "GET",
      "RequestHeaders": {
        "Authorization": "Sanitized",
        "User-Agent": "azsdk-net-ResourceManager/1.0.0-alpha.20220208.1 (.NET 6.0.1; Microsoft Windows 10.0.19044) azsdk-net-ResourceManager/1.0.0-alpha.20220208.1 (.NET 6.0.1; Microsoft Windows 10.0.19044)",
        "x-ms-client-request-id": "449638c4c4ae5ce49b8713dcd4ead9da",
        "x-ms-return-client-request-id": "true"
      },
      "RequestBody": null,
      "StatusCode": 200,
      "ResponseHeaders": {
        "Cache-Control": "no-cache",
        "Content-Length": "62",
        "Content-Type": "application/json; charset=utf-8",
        "Date": "Tue, 08 Feb 2022 05:04:12 GMT",
        "Expires": "-1",
        "Pragma": "no-cache",
        "Server": "Kestrel",
        "Strict-Transport-Security": "max-age=31536000; includeSubDomains",
        "X-Content-Type-Options": "nosniff",
        "x-ms-client-request-id": "449638c4c4ae5ce49b8713dcd4ead9da",
        "x-ms-correlation-request-id": "89e84dca-2ef6-471d-8e6a-ac8bdaf9994e",
        "x-ms-ratelimit-remaining-subscription-reads": "11962",
        "x-ms-request-id": "8eb3f9b4-1281-4f49-8f5b-a6bab2ae4890",
        "x-ms-routing-request-id": "SOUTHEASTASIA:20220208T050412Z:89e84dca-2ef6-471d-8e6a-ac8bdaf9994e"
      },
      "ResponseBody": {
        "status": "InProgress",
        "error": {
          "code": "None",
          "message": null
        }
      }
    },
    {
      "RequestUri": "https://management.azure.com/subscriptions/f3d94233-a9aa-4241-ac82-2dfb63ce637a/resourcegroups/testRg-7619/providers/Microsoft.Cdn/operationresults/6c4548ad-0518-40a8-9e17-df1a9ee266ad?api-version=2021-06-01",
      "RequestMethod": "GET",
      "RequestHeaders": {
        "Authorization": "Sanitized",
        "User-Agent": "azsdk-net-ResourceManager/1.0.0-alpha.20220208.1 (.NET 6.0.1; Microsoft Windows 10.0.19044) azsdk-net-ResourceManager/1.0.0-alpha.20220208.1 (.NET 6.0.1; Microsoft Windows 10.0.19044)",
        "x-ms-client-request-id": "60ba2d339697102d2b02461d0f13e5c1",
        "x-ms-return-client-request-id": "true"
      },
      "RequestBody": null,
      "StatusCode": 200,
      "ResponseHeaders": {
        "Cache-Control": "no-cache",
        "Content-Length": "62",
        "Content-Type": "application/json; charset=utf-8",
        "Date": "Tue, 08 Feb 2022 05:04:12 GMT",
        "Expires": "-1",
        "Pragma": "no-cache",
        "Server": "Kestrel",
        "Strict-Transport-Security": "max-age=31536000; includeSubDomains",
        "X-Content-Type-Options": "nosniff",
        "x-ms-client-request-id": "60ba2d339697102d2b02461d0f13e5c1",
        "x-ms-correlation-request-id": "2ba9e752-fe76-4bbd-b3cc-f139500a772c",
        "x-ms-ratelimit-remaining-subscription-reads": "11961",
        "x-ms-request-id": "49a412f1-c156-4c80-b192-a8a5b921e008",
        "x-ms-routing-request-id": "SOUTHEASTASIA:20220208T050413Z:2ba9e752-fe76-4bbd-b3cc-f139500a772c"
      },
      "ResponseBody": {
        "status": "InProgress",
        "error": {
          "code": "None",
          "message": null
        }
      }
    },
    {
      "RequestUri": "https://management.azure.com/subscriptions/f3d94233-a9aa-4241-ac82-2dfb63ce637a/resourcegroups/testRg-7619/providers/Microsoft.Cdn/operationresults/6c4548ad-0518-40a8-9e17-df1a9ee266ad?api-version=2021-06-01",
      "RequestMethod": "GET",
      "RequestHeaders": {
        "Authorization": "Sanitized",
        "User-Agent": "azsdk-net-ResourceManager/1.0.0-alpha.20220208.1 (.NET 6.0.1; Microsoft Windows 10.0.19044) azsdk-net-ResourceManager/1.0.0-alpha.20220208.1 (.NET 6.0.1; Microsoft Windows 10.0.19044)",
        "x-ms-client-request-id": "189ea0ff85c9c33036f5f8cd75be20d4",
        "x-ms-return-client-request-id": "true"
      },
      "RequestBody": null,
      "StatusCode": 200,
      "ResponseHeaders": {
        "Cache-Control": "no-cache",
        "Content-Length": "62",
        "Content-Type": "application/json; charset=utf-8",
        "Date": "Tue, 08 Feb 2022 05:04:12 GMT",
        "Expires": "-1",
        "Pragma": "no-cache",
        "Server": "Kestrel",
        "Strict-Transport-Security": "max-age=31536000; includeSubDomains",
        "X-Content-Type-Options": "nosniff",
        "x-ms-client-request-id": "189ea0ff85c9c33036f5f8cd75be20d4",
        "x-ms-correlation-request-id": "2c265dcb-0ddc-49d5-92cf-9556c50fe426",
        "x-ms-ratelimit-remaining-subscription-reads": "11960",
        "x-ms-request-id": "7cbae372-0cb5-4185-a03e-17bb53935dc6",
        "x-ms-routing-request-id": "SOUTHEASTASIA:20220208T050413Z:2c265dcb-0ddc-49d5-92cf-9556c50fe426"
      },
      "ResponseBody": {
        "status": "InProgress",
        "error": {
          "code": "None",
          "message": null
        }
      }
    },
    {
      "RequestUri": "https://management.azure.com/subscriptions/f3d94233-a9aa-4241-ac82-2dfb63ce637a/resourcegroups/testRg-7619/providers/Microsoft.Cdn/operationresults/6c4548ad-0518-40a8-9e17-df1a9ee266ad?api-version=2021-06-01",
      "RequestMethod": "GET",
      "RequestHeaders": {
        "Authorization": "Sanitized",
        "User-Agent": "azsdk-net-ResourceManager/1.0.0-alpha.20220208.1 (.NET 6.0.1; Microsoft Windows 10.0.19044) azsdk-net-ResourceManager/1.0.0-alpha.20220208.1 (.NET 6.0.1; Microsoft Windows 10.0.19044)",
        "x-ms-client-request-id": "f4e9bf5f118b2d840a8519ac7ec64d87",
        "x-ms-return-client-request-id": "true"
      },
      "RequestBody": null,
      "StatusCode": 200,
      "ResponseHeaders": {
        "Cache-Control": "no-cache",
        "Content-Length": "62",
        "Content-Type": "application/json; charset=utf-8",
        "Date": "Tue, 08 Feb 2022 05:04:13 GMT",
        "Expires": "-1",
        "Pragma": "no-cache",
        "Server": "Kestrel",
        "Strict-Transport-Security": "max-age=31536000; includeSubDomains",
        "X-Content-Type-Options": "nosniff",
        "x-ms-client-request-id": "f4e9bf5f118b2d840a8519ac7ec64d87",
        "x-ms-correlation-request-id": "a73edc49-6fb4-4a02-a7c9-466b81ff0ba9",
        "x-ms-ratelimit-remaining-subscription-reads": "11959",
        "x-ms-request-id": "ed1a642a-8979-41f3-89ce-0b335524f55d",
        "x-ms-routing-request-id": "SOUTHEASTASIA:20220208T050414Z:a73edc49-6fb4-4a02-a7c9-466b81ff0ba9"
      },
      "ResponseBody": {
        "status": "InProgress",
        "error": {
          "code": "None",
          "message": null
        }
      }
    },
    {
      "RequestUri": "https://management.azure.com/subscriptions/f3d94233-a9aa-4241-ac82-2dfb63ce637a/resourcegroups/testRg-7619/providers/Microsoft.Cdn/operationresults/6c4548ad-0518-40a8-9e17-df1a9ee266ad?api-version=2021-06-01",
      "RequestMethod": "GET",
      "RequestHeaders": {
        "Authorization": "Sanitized",
        "User-Agent": "azsdk-net-ResourceManager/1.0.0-alpha.20220208.1 (.NET 6.0.1; Microsoft Windows 10.0.19044) azsdk-net-ResourceManager/1.0.0-alpha.20220208.1 (.NET 6.0.1; Microsoft Windows 10.0.19044)",
        "x-ms-client-request-id": "33dc52a2c04cae10fdf629a19e5f9b6c",
        "x-ms-return-client-request-id": "true"
      },
      "RequestBody": null,
      "StatusCode": 200,
      "ResponseHeaders": {
        "Cache-Control": "no-cache",
        "Content-Length": "61",
        "Content-Type": "application/json; charset=utf-8",
        "Date": "Tue, 08 Feb 2022 05:04:13 GMT",
        "Expires": "-1",
        "Pragma": "no-cache",
        "Server": "Kestrel",
        "Strict-Transport-Security": "max-age=31536000; includeSubDomains",
        "X-Content-Type-Options": "nosniff",
        "x-ms-client-request-id": "33dc52a2c04cae10fdf629a19e5f9b6c",
        "x-ms-correlation-request-id": "04295d50-6c98-4d43-b816-16dc726f78e3",
        "x-ms-ratelimit-remaining-subscription-reads": "11958",
        "x-ms-request-id": "c105768b-d01a-4f11-813d-8fb474497ed1",
        "x-ms-routing-request-id": "SOUTHEASTASIA:20220208T050414Z:04295d50-6c98-4d43-b816-16dc726f78e3"
      },
      "ResponseBody": {
        "status": "Succeeded",
        "error": {
          "code": "None",
          "message": null
        }
      }
    },
    {
      "RequestUri": "https://management.azure.com/subscriptions/f3d94233-a9aa-4241-ac82-2dfb63ce637a/resourceGroups/testRg-7619/providers/Microsoft.Cdn/profiles/AFDProfile-780?api-version=2021-06-01",
      "RequestMethod": "GET",
      "RequestHeaders": {
        "Authorization": "Sanitized",
        "User-Agent": "azsdk-net-ResourceManager/1.0.0-alpha.20220208.1 (.NET 6.0.1; Microsoft Windows 10.0.19044) azsdk-net-ResourceManager/1.0.0-alpha.20220208.1 (.NET 6.0.1; Microsoft Windows 10.0.19044)",
        "x-ms-client-request-id": "4fbe71e2f12aee361c710e436b844570",
        "x-ms-return-client-request-id": "true"
      },
      "RequestBody": null,
      "StatusCode": 200,
      "ResponseHeaders": {
        "Cache-Control": "no-cache",
        "Content-Length": "440",
        "Content-Type": "application/json; charset=utf-8",
        "Date": "Tue, 08 Feb 2022 05:04:14 GMT",
        "Expires": "-1",
        "Pragma": "no-cache",
        "Server": "Kestrel",
        "Strict-Transport-Security": "max-age=31536000; includeSubDomains",
        "X-Content-Type-Options": "nosniff",
        "x-ms-client-request-id": "4fbe71e2f12aee361c710e436b844570",
        "x-ms-correlation-request-id": "1e7e02a7-dc13-410f-b794-aa6658946615",
        "x-ms-ratelimit-remaining-subscription-resource-requests": "49",
        "x-ms-request-id": "c07082c5-11a7-46ec-849c-4afbf7723fa2",
        "x-ms-routing-request-id": "SOUTHEASTASIA:20220208T050414Z:1e7e02a7-dc13-410f-b794-aa6658946615"
      },
      "ResponseBody": {
        "id": "/subscriptions/f3d94233-a9aa-4241-ac82-2dfb63ce637a/resourcegroups/testRg-7619/providers/Microsoft.Cdn/profiles/AFDProfile-780",
        "type": "Microsoft.Cdn/profiles",
        "name": "AFDProfile-780",
        "location": "Global",
        "kind": "frontdoor",
        "tags": {},
        "sku": {
          "name": "Standard_AzureFrontDoor"
        },
        "properties": {
          "originResponseTimeoutSeconds": 60,
          "frontDoorId": "2eb0fa01-3359-47c1-9c7b-6c37f9b51487",
          "resourceState": "Active",
          "provisioningState": "Succeeded"
        }
      }
    },
    {
      "RequestUri": "https://management.azure.com/subscriptions/f3d94233-a9aa-4241-ac82-2dfb63ce637a/resourceGroups/testRg-7619/providers/Microsoft.Cdn/profiles/AFDProfile-780/secrets/AFDSecret-5955?api-version=2021-06-01",
      "RequestMethod": "PUT",
      "RequestHeaders": {
        "Accept": "application/json",
        "Authorization": "Sanitized",
        "Content-Length": "263",
        "Content-Type": "application/json",
        "User-Agent": "azsdk-net-ResourceManager.Cdn/1.0.0-alpha.20220208.1 (.NET 6.0.1; Microsoft Windows 10.0.19044) azsdk-net-ResourceManager/1.0.0-alpha.20220208.1 (.NET 6.0.1; Microsoft Windows 10.0.19044)",
        "x-ms-client-request-id": "e1232b7088edae9f3af694e7e28eabea",
        "x-ms-return-client-request-id": "true"
      },
      "RequestBody": {
        "properties": {
          "parameters": {
            "secretSource": {
              "id": "/subscriptions/f3d94233-a9aa-4241-ac82-2dfb63ce637a/resourceGroups/CdnTest/providers/Microsoft.KeyVault/vaults/testKV4AFDTest/certificates/testCertificate"
            },
            "useLatestVersion": true,
            "type": "CustomerCertificate"
          }
        }
      },
      "StatusCode": 201,
      "ResponseHeaders": {
        "Cache-Control": "no-cache",
        "Content-Length": "869",
        "Content-Type": "application/json; charset=utf-8",
        "Date": "Tue, 08 Feb 2022 05:04:17 GMT",
        "Expires": "-1",
        "Pragma": "no-cache",
        "Server": "Kestrel",
        "Strict-Transport-Security": "max-age=31536000; includeSubDomains",
        "X-Content-Type-Options": "nosniff",
        "x-ms-client-request-id": "e1232b7088edae9f3af694e7e28eabea",
        "x-ms-correlation-request-id": "d4daeead-1832-4544-9771-7792078f7d75",
        "x-ms-ratelimit-remaining-subscription-resource-requests": "99",
        "x-ms-request-id": "2f40cf57-6000-4747-bae8-bd929a5f7c1d",
        "x-ms-routing-request-id": "SOUTHEASTASIA:20220208T050418Z:d4daeead-1832-4544-9771-7792078f7d75"
      },
      "ResponseBody": {
        "id": "/subscriptions/f3d94233-a9aa-4241-ac82-2dfb63ce637a/resourcegroups/testRg-7619/providers/Microsoft.Cdn/profiles/AFDProfile-780/secrets/AFDSecret-5955",
        "type": "Microsoft.Cdn/profiles/secrets",
        "name": "AFDSecret-5955",
        "properties": {
          "parameters": {
            "type": "CustomerCertificate",
            "subject": "azuretest.net",
            "certificateAuthority": "CN=ZeroSSL RSA Domain Secure Site CA, O=ZeroSSL, C=AT",
            "expirationDate": "2022-05-08T23:59:59\u002B00:00",
            "thumbprint": "75BDBEE815EACD4B43DA9A9E88EC6295C948E0E5",
            "secretSource": {
              "id": "/subscriptions/f3d94233-a9aa-4241-ac82-2dfb63ce637a/resourceGroups/CdnTest/providers/Microsoft.KeyVault/vaults/testKV4AFDTest/certificates/testCertificate"
            },
            "secretVersion": "cc506934fa054e658956e5527b4ef7f1",
            "useLatestVersion": true,
            "subjectAlternativeNames": [
              "azuretest.net",
              "www.azuretest.net"
            ]
          },
          "provisioningState": "Succeeded",
          "deploymentStatus": "NotStarted"
        }
      }
    },
    {
      "RequestUri": "https://management.azure.com/subscriptions/f3d94233-a9aa-4241-ac82-2dfb63ce637a/resourceGroups/testRg-7619/providers/Microsoft.Cdn/profiles/AFDProfile-780/secrets/AFDSecret-5955?api-version=2021-06-01",
      "RequestMethod": "DELETE",
      "RequestHeaders": {
        "Accept": "application/json",
        "Authorization": "Sanitized",
        "User-Agent": "azsdk-net-ResourceManager.Cdn/1.0.0-alpha.20220208.1 (.NET 6.0.1; Microsoft Windows 10.0.19044) azsdk-net-ResourceManager/1.0.0-alpha.20220208.1 (.NET 6.0.1; Microsoft Windows 10.0.19044)",
        "x-ms-client-request-id": "332df8b98a77e9f51fa0effaa10739e2",
        "x-ms-return-client-request-id": "true"
      },
      "RequestBody": null,
      "StatusCode": 200,
      "ResponseHeaders": {
        "Cache-Control": "no-cache",
        "Content-Length": "0",
        "Date": "Tue, 08 Feb 2022 05:04:20 GMT",
        "Expires": "-1",
        "Pragma": "no-cache",
        "Server": "Kestrel",
        "Strict-Transport-Security": "max-age=31536000; includeSubDomains",
        "X-Content-Type-Options": "nosniff",
        "x-ms-client-request-id": "332df8b98a77e9f51fa0effaa10739e2",
        "x-ms-correlation-request-id": "2bdef500-ebd9-4a03-98db-49f6145ec30d",
        "x-ms-ratelimit-remaining-subscription-deletes": "14999",
        "x-ms-request-id": "e382546f-7fac-4d23-9c17-73480845a870",
        "x-ms-routing-request-id": "SOUTHEASTASIA:20220208T050421Z:2bdef500-ebd9-4a03-98db-49f6145ec30d"
      },
      "ResponseBody": null
    },
    {
      "RequestUri": "https://management.azure.com/subscriptions/f3d94233-a9aa-4241-ac82-2dfb63ce637a/resourceGroups/testRg-7619/providers/Microsoft.Cdn/profiles/AFDProfile-780/secrets/AFDSecret-5955?api-version=2021-06-01",
      "RequestMethod": "GET",
      "RequestHeaders": {
        "Accept": "application/json",
        "Authorization": "Sanitized",
        "User-Agent": "azsdk-net-ResourceManager.Cdn/1.0.0-alpha.20220208.1 (.NET 6.0.1; Microsoft Windows 10.0.19044) azsdk-net-ResourceManager/1.0.0-alpha.20220208.1 (.NET 6.0.1; Microsoft Windows 10.0.19044)",
        "x-ms-client-request-id": "e92de37d77612273d423e95d6db67ae6",
        "x-ms-return-client-request-id": "true"
      },
      "RequestBody": null,
      "StatusCode": 404,
      "ResponseHeaders": {
        "Cache-Control": "no-cache",
        "Content-Length": "79",
        "Content-Type": "application/json; charset=utf-8",
        "Date": "Tue, 08 Feb 2022 05:04:20 GMT",
        "Expires": "-1",
        "Pragma": "no-cache",
        "Server": "Kestrel",
        "Strict-Transport-Security": "max-age=31536000; includeSubDomains",
        "X-Content-Type-Options": "nosniff",
        "x-ms-client-request-id": "e92de37d77612273d423e95d6db67ae6",
        "x-ms-correlation-request-id": "dbf36a4c-388d-4248-8a88-e5b22a0ce9f8",
        "x-ms-ratelimit-remaining-subscription-reads": "11957",
        "x-ms-request-id": "0ee7b980-74f0-4bd1-8100-2b89a1743f34",
        "x-ms-routing-request-id": "SOUTHEASTASIA:20220208T050421Z:dbf36a4c-388d-4248-8a88-e5b22a0ce9f8"
      },
      "ResponseBody": {
        "error": {
          "code": "NotFound",
          "message": "The requested resource was not found."
        }
      }
    }
  ],
  "Variables": {
    "RandomSeed": "2085695997",
    "RESOURCE_MANAGER_URL": null,
    "SUBSCRIPTION_ID": "f3d94233-a9aa-4241-ac82-2dfb63ce637a"
  }
}
