{
  "Entries": [
    {
      "RequestUri": "https://management.azure.com/subscriptions/710e347c-9ac8-408c-90fe-f8cfc44bf967/resourceGroups/dbaccount-6548/providers/Microsoft.DocumentDB/databaseAccounts/dbaccount-8009/sqlDatabases/sql-db-57/containers/sql-container-3287?api-version=2022-11-15",
      "RequestMethod": "GET",
      "RequestHeaders": {
        "Accept": "application/json",
        "Authorization": "Sanitized",
        "traceparent": "00-7ff172e0d1504525c28b3f3aa17aaffd-87870f7a966c026b-00",
        "User-Agent": "azsdk-net-ResourceManager.CosmosDB/1.3.0-alpha.20230330.1 (.NET 7.0.4; Microsoft Windows 10.0.22621)",
        "x-ms-client-request-id": "661da86487b9a95b63fab38ff22b31cd",
        "x-ms-return-client-request-id": "true"
      },
      "RequestBody": null,
      "StatusCode": 200,
      "ResponseHeaders": {
        "Cache-Control": "no-store, no-cache",
        "Content-Length": "1331",
        "Content-Type": "application/json",
        "Date": "Sat, 01 Apr 2023 14:10:24 GMT",
        "Pragma": "no-cache",
        "Server": "Microsoft-HTTPAPI/2.0",
        "Strict-Transport-Security": "max-age=31536000; includeSubDomains",
        "X-Content-Type-Options": "nosniff",
        "x-ms-correlation-request-id": "895e1f9b-11d9-41a1-8b91-a97df80da133",
        "x-ms-gatewayversion": "version=2.14.0",
        "x-ms-ratelimit-remaining-subscription-reads": "11629",
        "x-ms-request-id": "895e1f9b-11d9-41a1-8b91-a97df80da133",
        "x-ms-routing-request-id": "EASTUS:20230401T141025Z:895e1f9b-11d9-41a1-8b91-a97df80da133"
      },
      "ResponseBody": {
        "id": "/subscriptions/710e347c-9ac8-408c-90fe-f8cfc44bf967/resourceGroups/dbaccount-6548/providers/Microsoft.DocumentDB/databaseAccounts/dbaccount-8009/sqlDatabases/sql-db-57/containers/sql-container-3287",
        "type": "Microsoft.DocumentDB/databaseAccounts/sqlDatabases/containers",
        "name": "sql-container-3287",
        "properties": {
          "resource": {
            "id": "sql-container-3287",
            "indexingPolicy": {
              "indexingMode": "consistent",
              "automatic": true,
              "includedPaths": [
                {
                  "path": "/*"
                }
              ],
              "excludedPaths": [
                {
                  "path": "/pathToNotIndex/*"
                },
                {
                  "path": "/\u0022_etag\u0022/?"
                }
              ],
              "spatialIndexes": [
                {
                  "path": "/*",
                  "types": [
                    "Point",
                    "LineString",
                    "Polygon",
                    "MultiPolygon"
                  ]
                }
              ],
              "compositeIndexes": [
                [
                  {
                    "path": "/orderByPath1",
                    "order": "ascending"
                  },
                  {
                    "path": "/orderByPath2",
                    "order": "descending"
                  }
                ]
              ]
            },
            "partitionKey": {
              "paths": [
                "/address/zipCode"
              ],
              "kind": "Hash"
            },
            "uniqueKeyPolicy": {
              "uniqueKeys": []
            },
            "conflictResolutionPolicy": {
              "mode": "LastWriterWins",
              "conflictResolutionPath": "/_ts",
              "conflictResolutionProcedure": ""
            },
            "geospatialConfig": {
              "type": "Geography"
            },
            "_rid": "oGwXAPuteuk=",
            "_ts": 1680358213,
            "_self": "dbs/oGwXAA==/colls/oGwXAPuteuk=/",
            "_etag": "\u002200001805-0000-0700-0000-64283b450000\u0022",
            "_docs": "docs/",
            "_sprocs": "sprocs/",
            "_triggers": "triggers/",
            "_udfs": "udfs/",
            "_conflicts": "conflicts/",
            "statistics": [
              {
                "id": "0",
                "sizeInKB": 0,
                "documentCount": 0,
                "sampledDistinctPartitionKeyCount": 0,
                "partitionKeys": []
              }
            ]
          }
        }
      }
    },
    {
      "RequestUri": "https://management.azure.com/subscriptions/710e347c-9ac8-408c-90fe-f8cfc44bf967/resourceGroups/dbaccount-6548/providers/Microsoft.DocumentDB/databaseAccounts/dbaccount-8009/sqlDatabases/sql-db-57/containers/sql-container-3287/storedProcedures/sql-stored-procedure-5180?api-version=2022-11-15",
      "RequestMethod": "PUT",
      "RequestHeaders": {
        "Accept": "application/json",
        "Authorization": "Sanitized",
        "Content-Length": "288",
        "Content-Type": "application/json",
        "traceparent": "00-af9c51d8bbcd07e38c2f160c1fe243ab-312ecc62ba55d211-00",
        "User-Agent": "azsdk-net-ResourceManager.CosmosDB/1.3.0-alpha.20230330.1 (.NET 7.0.4; Microsoft Windows 10.0.22621)",
        "x-ms-client-request-id": "4fa520aa985e0c4adb7cc44771174f14",
        "x-ms-return-client-request-id": "true"
      },
      "RequestBody": {
        "tags": {},
        "location": "westus",
        "properties": {
          "resource": {
            "id": "sql-stored-procedure-5180",
            "body": "function () {\r\n    var updatetext = getContext();\r\n    var response = context.getResponse();\r\n    response.setBody(\u0027First Hello World\u0027);\r\n}"
          },
          "options": {
            "throughput": 700
          }
        }
      },
      "StatusCode": 202,
      "ResponseHeaders": {
        "Azure-AsyncOperation": "https://management.azure.com/subscriptions/710e347c-9ac8-408c-90fe-f8cfc44bf967/providers/Microsoft.DocumentDB/locations/westus2/operationsStatus/c32bb250-2ee8-4bf5-9378-bb44a4e6881d?api-version=2022-11-15",
        "Cache-Control": "no-store, no-cache",
        "Content-Length": "21",
        "Content-Type": "application/json",
        "Date": "Sat, 01 Apr 2023 14:10:25 GMT",
        "Location": "https://management.azure.com/subscriptions/710e347c-9ac8-408c-90fe-f8cfc44bf967/resourceGroups/dbaccount-6548/providers/Microsoft.DocumentDB/databaseAccounts/dbaccount-8009/sqlDatabases/sql-db-57/containers/sql-container-3287/storedProcedures/sql-stored-procedure-5180/operationResults/c32bb250-2ee8-4bf5-9378-bb44a4e6881d?api-version=2022-11-15",
        "Pragma": "no-cache",
        "Server": "Microsoft-HTTPAPI/2.0",
        "Strict-Transport-Security": "max-age=31536000; includeSubDomains",
        "X-Content-Type-Options": "nosniff",
        "x-ms-correlation-request-id": "300abf31-8c81-4274-a736-a64a29d70148",
        "x-ms-gatewayversion": "version=2.14.0",
        "x-ms-ratelimit-remaining-subscription-writes": "1178",
        "x-ms-request-id": "c32bb250-2ee8-4bf5-9378-bb44a4e6881d",
        "x-ms-routing-request-id": "EASTUS:20230401T141026Z:300abf31-8c81-4274-a736-a64a29d70148"
      },
      "ResponseBody": {
        "status": "Enqueued"
      }
    },
    {
      "RequestUri": "https://management.azure.com/subscriptions/710e347c-9ac8-408c-90fe-f8cfc44bf967/providers/Microsoft.DocumentDB/locations/westus2/operationsStatus/c32bb250-2ee8-4bf5-9378-bb44a4e6881d?api-version=2022-11-15",
      "RequestMethod": "GET",
      "RequestHeaders": {
        "Authorization": "Sanitized",
        "traceparent": "00-af9c51d8bbcd07e38c2f160c1fe243ab-dd934c3107d47e31-00",
        "User-Agent": "azsdk-net-ResourceManager/1.4.0 (.NET 7.0.4; Microsoft Windows 10.0.22621)",
        "x-ms-client-request-id": "6f6a7c2e0c530f06d25ade0a9761f2e2",
        "x-ms-return-client-request-id": "true"
      },
      "RequestBody": null,
      "StatusCode": 200,
      "ResponseHeaders": {
        "Cache-Control": "no-store, no-cache",
        "Content-Length": "21",
        "Content-Type": "application/json",
        "Date": "Sat, 01 Apr 2023 14:10:25 GMT",
        "Pragma": "no-cache",
        "Server": "Microsoft-HTTPAPI/2.0",
        "Strict-Transport-Security": "max-age=31536000; includeSubDomains",
        "X-Content-Type-Options": "nosniff",
        "x-ms-correlation-request-id": "2f0a7f4e-2741-4dab-8029-07a79c9df6a1",
        "x-ms-gatewayversion": "version=2.14.0",
        "x-ms-ratelimit-remaining-subscription-reads": "11628",
        "x-ms-request-id": "2f0a7f4e-2741-4dab-8029-07a79c9df6a1",
        "x-ms-routing-request-id": "EASTUS:20230401T141026Z:2f0a7f4e-2741-4dab-8029-07a79c9df6a1"
      },
      "ResponseBody": {
        "status": "Enqueued"
      }
    },
    {
      "RequestUri": "https://management.azure.com/subscriptions/710e347c-9ac8-408c-90fe-f8cfc44bf967/providers/Microsoft.DocumentDB/locations/westus2/operationsStatus/c32bb250-2ee8-4bf5-9378-bb44a4e6881d?api-version=2022-11-15",
      "RequestMethod": "GET",
      "RequestHeaders": {
        "Authorization": "Sanitized",
        "traceparent": "00-af9c51d8bbcd07e38c2f160c1fe243ab-03781f2844119d98-00",
        "User-Agent": "azsdk-net-ResourceManager/1.4.0 (.NET 7.0.4; Microsoft Windows 10.0.22621)",
        "x-ms-client-request-id": "81be7a6445cf4213ce011ebd926262a6",
        "x-ms-return-client-request-id": "true"
      },
      "RequestBody": null,
      "StatusCode": 200,
      "ResponseHeaders": {
        "Cache-Control": "no-store, no-cache",
        "Content-Length": "21",
        "Content-Type": "application/json",
        "Date": "Sat, 01 Apr 2023 14:10:26 GMT",
        "Pragma": "no-cache",
        "Server": "Microsoft-HTTPAPI/2.0",
        "Strict-Transport-Security": "max-age=31536000; includeSubDomains",
        "X-Content-Type-Options": "nosniff",
        "x-ms-correlation-request-id": "e1a72ad5-9889-4cf1-8cb4-abecaa0667d2",
        "x-ms-gatewayversion": "version=2.14.0",
        "x-ms-ratelimit-remaining-subscription-reads": "11627",
        "x-ms-request-id": "e1a72ad5-9889-4cf1-8cb4-abecaa0667d2",
        "x-ms-routing-request-id": "EASTUS:20230401T141027Z:e1a72ad5-9889-4cf1-8cb4-abecaa0667d2"
      },
      "ResponseBody": {
        "status": "Enqueued"
      }
    },
    {
      "RequestUri": "https://management.azure.com/subscriptions/710e347c-9ac8-408c-90fe-f8cfc44bf967/providers/Microsoft.DocumentDB/locations/westus2/operationsStatus/c32bb250-2ee8-4bf5-9378-bb44a4e6881d?api-version=2022-11-15",
      "RequestMethod": "GET",
      "RequestHeaders": {
        "Authorization": "Sanitized",
        "traceparent": "00-af9c51d8bbcd07e38c2f160c1fe243ab-b45d5f17f736cfa3-00",
        "User-Agent": "azsdk-net-ResourceManager/1.4.0 (.NET 7.0.4; Microsoft Windows 10.0.22621)",
        "x-ms-client-request-id": "f419fdb0dfac26c1a351b5ad88470cd0",
        "x-ms-return-client-request-id": "true"
      },
      "RequestBody": null,
      "StatusCode": 200,
      "ResponseHeaders": {
        "Cache-Control": "no-store, no-cache",
        "Content-Length": "21",
        "Content-Type": "application/json",
        "Date": "Sat, 01 Apr 2023 14:10:27 GMT",
        "Pragma": "no-cache",
        "Server": "Microsoft-HTTPAPI/2.0",
        "Strict-Transport-Security": "max-age=31536000; includeSubDomains",
        "X-Content-Type-Options": "nosniff",
        "x-ms-correlation-request-id": "937793f1-cfec-433b-a7e3-4e4cf6f24b60",
        "x-ms-gatewayversion": "version=2.14.0",
        "x-ms-ratelimit-remaining-subscription-reads": "11626",
        "x-ms-request-id": "937793f1-cfec-433b-a7e3-4e4cf6f24b60",
        "x-ms-routing-request-id": "EASTUS:20230401T141028Z:937793f1-cfec-433b-a7e3-4e4cf6f24b60"
      },
      "ResponseBody": {
        "status": "Enqueued"
      }
    },
    {
      "RequestUri": "https://management.azure.com/subscriptions/710e347c-9ac8-408c-90fe-f8cfc44bf967/providers/Microsoft.DocumentDB/locations/westus2/operationsStatus/c32bb250-2ee8-4bf5-9378-bb44a4e6881d?api-version=2022-11-15",
      "RequestMethod": "GET",
      "RequestHeaders": {
        "Authorization": "Sanitized",
        "traceparent": "00-af9c51d8bbcd07e38c2f160c1fe243ab-b83d84faf4f22224-00",
        "User-Agent": "azsdk-net-ResourceManager/1.4.0 (.NET 7.0.4; Microsoft Windows 10.0.22621)",
        "x-ms-client-request-id": "2f8323ad4a75e9f66928a051ee487d70",
        "x-ms-return-client-request-id": "true"
      },
      "RequestBody": null,
      "StatusCode": 200,
      "ResponseHeaders": {
        "Cache-Control": "no-store, no-cache",
        "Content-Length": "21",
        "Content-Type": "application/json",
        "Date": "Sat, 01 Apr 2023 14:10:28 GMT",
        "Pragma": "no-cache",
        "Server": "Microsoft-HTTPAPI/2.0",
        "Strict-Transport-Security": "max-age=31536000; includeSubDomains",
        "X-Content-Type-Options": "nosniff",
        "x-ms-correlation-request-id": "9f461dbf-c6ac-4e66-a0d1-b401945e34a7",
        "x-ms-gatewayversion": "version=2.14.0",
        "x-ms-ratelimit-remaining-subscription-reads": "11625",
        "x-ms-request-id": "9f461dbf-c6ac-4e66-a0d1-b401945e34a7",
        "x-ms-routing-request-id": "EASTUS:20230401T141029Z:9f461dbf-c6ac-4e66-a0d1-b401945e34a7"
      },
      "ResponseBody": {
        "status": "Dequeued"
      }
    },
    {
      "RequestUri": "https://management.azure.com/subscriptions/710e347c-9ac8-408c-90fe-f8cfc44bf967/providers/Microsoft.DocumentDB/locations/westus2/operationsStatus/c32bb250-2ee8-4bf5-9378-bb44a4e6881d?api-version=2022-11-15",
      "RequestMethod": "GET",
      "RequestHeaders": {
        "Authorization": "Sanitized",
        "traceparent": "00-af9c51d8bbcd07e38c2f160c1fe243ab-7685ab47e4ed7bcc-00",
        "User-Agent": "azsdk-net-ResourceManager/1.4.0 (.NET 7.0.4; Microsoft Windows 10.0.22621)",
        "x-ms-client-request-id": "9a5a37f8fe488435b998dd7d9065ba87",
        "x-ms-return-client-request-id": "true"
      },
      "RequestBody": null,
      "StatusCode": 200,
      "ResponseHeaders": {
        "Cache-Control": "no-store, no-cache",
        "Content-Length": "22",
        "Content-Type": "application/json",
        "Date": "Sat, 01 Apr 2023 14:10:31 GMT",
        "Pragma": "no-cache",
        "Server": "Microsoft-HTTPAPI/2.0",
        "Strict-Transport-Security": "max-age=31536000; includeSubDomains",
        "X-Content-Type-Options": "nosniff",
        "x-ms-correlation-request-id": "433003ef-9e9d-4c50-8f38-472cd93a4ca5",
        "x-ms-gatewayversion": "version=2.14.0",
        "x-ms-ratelimit-remaining-subscription-reads": "11624",
        "x-ms-request-id": "433003ef-9e9d-4c50-8f38-472cd93a4ca5",
        "x-ms-routing-request-id": "EASTUS:20230401T141031Z:433003ef-9e9d-4c50-8f38-472cd93a4ca5"
      },
      "ResponseBody": {
        "status": "Succeeded"
      }
    },
    {
      "RequestUri": "https://management.azure.com/subscriptions/710e347c-9ac8-408c-90fe-f8cfc44bf967/resourceGroups/dbaccount-6548/providers/Microsoft.DocumentDB/databaseAccounts/dbaccount-8009/sqlDatabases/sql-db-57/containers/sql-container-3287/storedProcedures/sql-stored-procedure-5180?api-version=2022-11-15",
      "RequestMethod": "GET",
      "RequestHeaders": {
        "Authorization": "Sanitized",
        "traceparent": "00-af9c51d8bbcd07e38c2f160c1fe243ab-675cf013a986391d-00",
        "User-Agent": "azsdk-net-ResourceManager/1.4.0 (.NET 7.0.4; Microsoft Windows 10.0.22621)",
        "x-ms-client-request-id": "6f0f4df532de653006308a843e6f385a",
        "x-ms-return-client-request-id": "true"
      },
      "RequestBody": null,
      "StatusCode": 200,
      "ResponseHeaders": {
        "Cache-Control": "no-store, no-cache",
        "Content-Length": "767",
        "Content-Type": "application/json",
        "Date": "Sat, 01 Apr 2023 14:10:31 GMT",
        "Pragma": "no-cache",
        "Server": "Microsoft-HTTPAPI/2.0",
        "Strict-Transport-Security": "max-age=31536000; includeSubDomains",
        "X-Content-Type-Options": "nosniff",
        "x-ms-correlation-request-id": "94a0609a-7abb-4520-a38f-182507a2b438",
        "x-ms-gatewayversion": "version=2.14.0",
        "x-ms-ratelimit-remaining-subscription-reads": "11623",
        "x-ms-request-id": "94a0609a-7abb-4520-a38f-182507a2b438",
        "x-ms-routing-request-id": "EASTUS:20230401T141032Z:94a0609a-7abb-4520-a38f-182507a2b438"
      },
      "ResponseBody": {
        "id": "/subscriptions/710e347c-9ac8-408c-90fe-f8cfc44bf967/resourceGroups/dbaccount-6548/providers/Microsoft.DocumentDB/databaseAccounts/dbaccount-8009/sqlDatabases/sql-db-57/containers/sql-container-3287/storedProcedures/sql-stored-procedure-5180",
        "type": "Microsoft.DocumentDB/databaseAccounts/sqlDatabases/containers/storedProcedures",
        "name": "sql-stored-procedure-5180",
        "properties": {
          "resource": {
            "id": "sql-stored-procedure-5180",
            "body": "function () {\r\n    var updatetext = getContext();\r\n    var response = context.getResponse();\r\n    response.setBody(\u0027First Hello World\u0027);\r\n}",
            "_rid": "oGwXAPuteukBAAAAAAAAgA==",
            "_self": "dbs/oGwXAA==/colls/oGwXAPuteuk=/sprocs/oGwXAPuteukBAAAAAAAAgA==/",
            "_etag": "\u00227500838b-0000-0700-0000-64283b560000\u0022",
            "_ts": 1680358230
          }
        }
      }
    },
    {
      "RequestUri": "https://management.azure.com/subscriptions/710e347c-9ac8-408c-90fe-f8cfc44bf967/resourceGroups/dbaccount-6548/providers/Microsoft.DocumentDB/databaseAccounts/dbaccount-8009/sqlDatabases/sql-db-57/containers/sql-container-3287/storedProcedures/sql-stored-procedure-5180?api-version=2022-11-15",
      "RequestMethod": "GET",
      "RequestHeaders": {
        "Accept": "application/json",
        "Authorization": "Sanitized",
        "traceparent": "00-deba27dd1db5e808fdac77c57be25e45-f379dc2215928c6b-00",
        "User-Agent": "azsdk-net-ResourceManager.CosmosDB/1.3.0-alpha.20230330.1 (.NET 7.0.4; Microsoft Windows 10.0.22621)",
        "x-ms-client-request-id": "51b544d472ecaf87edff76dd6d795803",
        "x-ms-return-client-request-id": "true"
      },
      "RequestBody": null,
      "StatusCode": 200,
      "ResponseHeaders": {
        "Cache-Control": "no-store, no-cache",
        "Content-Length": "767",
        "Content-Type": "application/json",
        "Date": "Sat, 01 Apr 2023 14:10:32 GMT",
        "Pragma": "no-cache",
        "Server": "Microsoft-HTTPAPI/2.0",
        "Strict-Transport-Security": "max-age=31536000; includeSubDomains",
        "X-Content-Type-Options": "nosniff",
        "x-ms-correlation-request-id": "19a758eb-2fd7-4d3e-92eb-cdfcb9f2e1a2",
        "x-ms-gatewayversion": "version=2.14.0",
        "x-ms-ratelimit-remaining-subscription-reads": "11622",
        "x-ms-request-id": "19a758eb-2fd7-4d3e-92eb-cdfcb9f2e1a2",
        "x-ms-routing-request-id": "EASTUS:20230401T141032Z:19a758eb-2fd7-4d3e-92eb-cdfcb9f2e1a2"
      },
      "ResponseBody": {
        "id": "/subscriptions/710e347c-9ac8-408c-90fe-f8cfc44bf967/resourceGroups/dbaccount-6548/providers/Microsoft.DocumentDB/databaseAccounts/dbaccount-8009/sqlDatabases/sql-db-57/containers/sql-container-3287/storedProcedures/sql-stored-procedure-5180",
        "type": "Microsoft.DocumentDB/databaseAccounts/sqlDatabases/containers/storedProcedures",
        "name": "sql-stored-procedure-5180",
        "properties": {
          "resource": {
            "id": "sql-stored-procedure-5180",
            "body": "function () {\r\n    var updatetext = getContext();\r\n    var response = context.getResponse();\r\n    response.setBody(\u0027First Hello World\u0027);\r\n}",
            "_rid": "oGwXAPuteukBAAAAAAAAgA==",
            "_self": "dbs/oGwXAA==/colls/oGwXAPuteuk=/sprocs/oGwXAPuteukBAAAAAAAAgA==/",
            "_etag": "\u00227500838b-0000-0700-0000-64283b560000\u0022",
            "_ts": 1680358230
          }
        }
      }
    },
    {
      "RequestUri": "https://management.azure.com/subscriptions/710e347c-9ac8-408c-90fe-f8cfc44bf967/resourceGroups/dbaccount-6548/providers/Microsoft.DocumentDB/databaseAccounts/dbaccount-8009/sqlDatabases/sql-db-57/containers/sql-container-3287/storedProcedures/sql-stored-procedure-5180?api-version=2022-11-15",
      "RequestMethod": "GET",
      "RequestHeaders": {
        "Accept": "application/json",
        "Authorization": "Sanitized",
        "traceparent": "00-e15c0e14c57e7bfc692e8d4c245f8de9-a2fb9048258ccd4c-00",
        "User-Agent": "azsdk-net-ResourceManager.CosmosDB/1.3.0-alpha.20230330.1 (.NET 7.0.4; Microsoft Windows 10.0.22621)",
        "x-ms-client-request-id": "a05c196d0d39c59106f4931773b04549",
        "x-ms-return-client-request-id": "true"
      },
      "RequestBody": null,
      "StatusCode": 200,
      "ResponseHeaders": {
        "Cache-Control": "no-store, no-cache",
        "Content-Length": "767",
        "Content-Type": "application/json",
        "Date": "Sat, 01 Apr 2023 14:10:32 GMT",
        "Pragma": "no-cache",
        "Server": "Microsoft-HTTPAPI/2.0",
        "Strict-Transport-Security": "max-age=31536000; includeSubDomains",
        "X-Content-Type-Options": "nosniff",
        "x-ms-correlation-request-id": "c85c5d72-ff77-4bcd-ac3b-a04d4cdcfa55",
        "x-ms-gatewayversion": "version=2.14.0",
        "x-ms-ratelimit-remaining-subscription-reads": "11621",
        "x-ms-request-id": "c85c5d72-ff77-4bcd-ac3b-a04d4cdcfa55",
        "x-ms-routing-request-id": "EASTUS:20230401T141033Z:c85c5d72-ff77-4bcd-ac3b-a04d4cdcfa55"
      },
      "ResponseBody": {
        "id": "/subscriptions/710e347c-9ac8-408c-90fe-f8cfc44bf967/resourceGroups/dbaccount-6548/providers/Microsoft.DocumentDB/databaseAccounts/dbaccount-8009/sqlDatabases/sql-db-57/containers/sql-container-3287/storedProcedures/sql-stored-procedure-5180",
        "type": "Microsoft.DocumentDB/databaseAccounts/sqlDatabases/containers/storedProcedures",
        "name": "sql-stored-procedure-5180",
        "properties": {
          "resource": {
            "id": "sql-stored-procedure-5180",
            "body": "function () {\r\n    var updatetext = getContext();\r\n    var response = context.getResponse();\r\n    response.setBody(\u0027First Hello World\u0027);\r\n}",
            "_rid": "oGwXAPuteukBAAAAAAAAgA==",
            "_self": "dbs/oGwXAA==/colls/oGwXAPuteuk=/sprocs/oGwXAPuteukBAAAAAAAAgA==/",
            "_etag": "\u00227500838b-0000-0700-0000-64283b560000\u0022",
            "_ts": 1680358230
          }
        }
      }
    },
    {
      "RequestUri": "https://management.azure.com/subscriptions/710e347c-9ac8-408c-90fe-f8cfc44bf967/resourceGroups/dbaccount-6548/providers/Microsoft.DocumentDB/databaseAccounts/dbaccount-8009/sqlDatabases/sql-db-57/containers/sql-container-3287/storedProcedures/sql-stored-procedure-5180?api-version=2022-11-15",
      "RequestMethod": "PUT",
      "RequestHeaders": {
        "Accept": "application/json",
        "Authorization": "Sanitized",
        "Content-Length": "289",
        "Content-Type": "application/json",
        "traceparent": "00-853e70dfbf716ab01c3e2cfba31bc394-c08538f40ecf6c41-00",
        "User-Agent": "azsdk-net-ResourceManager.CosmosDB/1.3.0-alpha.20230330.1 (.NET 7.0.4; Microsoft Windows 10.0.22621)",
        "x-ms-client-request-id": "4ba9836068b0839ac56081dfbc53f88d",
        "x-ms-return-client-request-id": "true"
      },
      "RequestBody": {
        "tags": {},
        "location": "westus",
        "properties": {
          "resource": {
            "id": "sql-stored-procedure-5180",
            "body": "function () {\r\n    var updatetext = getContext();\r\n    var response = context.getResponse();\r\n    response.setBody(\u0027First Hello World\u0027);\r\n}"
          },
          "options": {
            "throughput": 1000
          }
        }
      },
      "StatusCode": 202,
      "ResponseHeaders": {
        "Azure-AsyncOperation": "https://management.azure.com/subscriptions/710e347c-9ac8-408c-90fe-f8cfc44bf967/providers/Microsoft.DocumentDB/locations/westus2/operationsStatus/dd2d963e-1de5-471d-a3b9-28eeb3906de6?api-version=2022-11-15",
        "Cache-Control": "no-store, no-cache",
        "Content-Length": "21",
        "Content-Type": "application/json",
        "Date": "Sat, 01 Apr 2023 14:10:33 GMT",
        "Location": "https://management.azure.com/subscriptions/710e347c-9ac8-408c-90fe-f8cfc44bf967/resourceGroups/dbaccount-6548/providers/Microsoft.DocumentDB/databaseAccounts/dbaccount-8009/sqlDatabases/sql-db-57/containers/sql-container-3287/storedProcedures/sql-stored-procedure-5180/operationResults/dd2d963e-1de5-471d-a3b9-28eeb3906de6?api-version=2022-11-15",
        "Pragma": "no-cache",
        "Server": "Microsoft-HTTPAPI/2.0",
        "Strict-Transport-Security": "max-age=31536000; includeSubDomains",
        "X-Content-Type-Options": "nosniff",
        "x-ms-correlation-request-id": "0aa04f61-0cc6-4610-afa3-3b121e00ff92",
        "x-ms-gatewayversion": "version=2.14.0",
        "x-ms-ratelimit-remaining-subscription-writes": "1177",
        "x-ms-request-id": "dd2d963e-1de5-471d-a3b9-28eeb3906de6",
        "x-ms-routing-request-id": "EASTUS:20230401T141034Z:0aa04f61-0cc6-4610-afa3-3b121e00ff92"
      },
      "ResponseBody": {
        "status": "Enqueued"
      }
    },
    {
      "RequestUri": "https://management.azure.com/subscriptions/710e347c-9ac8-408c-90fe-f8cfc44bf967/providers/Microsoft.DocumentDB/locations/westus2/operationsStatus/dd2d963e-1de5-471d-a3b9-28eeb3906de6?api-version=2022-11-15",
      "RequestMethod": "GET",
      "RequestHeaders": {
        "Authorization": "Sanitized",
        "traceparent": "00-853e70dfbf716ab01c3e2cfba31bc394-4320b5e53cc664d6-00",
        "User-Agent": "azsdk-net-ResourceManager/1.4.0 (.NET 7.0.4; Microsoft Windows 10.0.22621)",
        "x-ms-client-request-id": "e97d2cba0dd005527fd9dad88cb208b3",
        "x-ms-return-client-request-id": "true"
      },
      "RequestBody": null,
      "StatusCode": 200,
      "ResponseHeaders": {
        "Cache-Control": "no-store, no-cache",
        "Content-Length": "21",
        "Content-Type": "application/json",
        "Date": "Sat, 01 Apr 2023 14:10:33 GMT",
        "Pragma": "no-cache",
        "Server": "Microsoft-HTTPAPI/2.0",
        "Strict-Transport-Security": "max-age=31536000; includeSubDomains",
        "X-Content-Type-Options": "nosniff",
        "x-ms-correlation-request-id": "f2c9609d-a8a4-4ad4-995b-235199463e44",
        "x-ms-gatewayversion": "version=2.14.0",
        "x-ms-ratelimit-remaining-subscription-reads": "11620",
        "x-ms-request-id": "f2c9609d-a8a4-4ad4-995b-235199463e44",
        "x-ms-routing-request-id": "EASTUS:20230401T141034Z:f2c9609d-a8a4-4ad4-995b-235199463e44"
      },
      "ResponseBody": {
        "status": "Enqueued"
      }
    },
    {
      "RequestUri": "https://management.azure.com/subscriptions/710e347c-9ac8-408c-90fe-f8cfc44bf967/providers/Microsoft.DocumentDB/locations/westus2/operationsStatus/dd2d963e-1de5-471d-a3b9-28eeb3906de6?api-version=2022-11-15",
      "RequestMethod": "GET",
      "RequestHeaders": {
        "Authorization": "Sanitized",
        "traceparent": "00-853e70dfbf716ab01c3e2cfba31bc394-99e599aa7d40a9ac-00",
        "User-Agent": "azsdk-net-ResourceManager/1.4.0 (.NET 7.0.4; Microsoft Windows 10.0.22621)",
        "x-ms-client-request-id": "ec3f05fc1f9ac83561e299bf1ea2a455",
        "x-ms-return-client-request-id": "true"
      },
      "RequestBody": null,
      "StatusCode": 200,
      "ResponseHeaders": {
        "Cache-Control": "no-store, no-cache",
        "Content-Length": "21",
        "Content-Type": "application/json",
        "Date": "Sat, 01 Apr 2023 14:10:35 GMT",
        "Pragma": "no-cache",
        "Server": "Microsoft-HTTPAPI/2.0",
        "Strict-Transport-Security": "max-age=31536000; includeSubDomains",
        "X-Content-Type-Options": "nosniff",
        "x-ms-correlation-request-id": "f9b90b8c-3751-4d6a-906d-240049ed650f",
        "x-ms-gatewayversion": "version=2.14.0",
        "x-ms-ratelimit-remaining-subscription-reads": "11619",
        "x-ms-request-id": "f9b90b8c-3751-4d6a-906d-240049ed650f",
        "x-ms-routing-request-id": "EASTUS:20230401T141035Z:f9b90b8c-3751-4d6a-906d-240049ed650f"
      },
      "ResponseBody": {
        "status": "Enqueued"
      }
    },
    {
      "RequestUri": "https://management.azure.com/subscriptions/710e347c-9ac8-408c-90fe-f8cfc44bf967/providers/Microsoft.DocumentDB/locations/westus2/operationsStatus/dd2d963e-1de5-471d-a3b9-28eeb3906de6?api-version=2022-11-15",
      "RequestMethod": "GET",
      "RequestHeaders": {
        "Authorization": "Sanitized",
        "traceparent": "00-853e70dfbf716ab01c3e2cfba31bc394-d8f998cb93fddebb-00",
        "User-Agent": "azsdk-net-ResourceManager/1.4.0 (.NET 7.0.4; Microsoft Windows 10.0.22621)",
        "x-ms-client-request-id": "8f2544230ed6cabd3411a63abc483a00",
        "x-ms-return-client-request-id": "true"
      },
      "RequestBody": null,
      "StatusCode": 200,
      "ResponseHeaders": {
        "Cache-Control": "no-store, no-cache",
        "Content-Length": "21",
        "Content-Type": "application/json",
        "Date": "Sat, 01 Apr 2023 14:10:36 GMT",
        "Pragma": "no-cache",
        "Server": "Microsoft-HTTPAPI/2.0",
        "Strict-Transport-Security": "max-age=31536000; includeSubDomains",
        "X-Content-Type-Options": "nosniff",
        "x-ms-correlation-request-id": "dde7e8e0-c2f2-4b5d-a424-3d69fa4f0b7c",
        "x-ms-gatewayversion": "version=2.14.0",
        "x-ms-ratelimit-remaining-subscription-reads": "11618",
        "x-ms-request-id": "dde7e8e0-c2f2-4b5d-a424-3d69fa4f0b7c",
        "x-ms-routing-request-id": "EASTUS:20230401T141036Z:dde7e8e0-c2f2-4b5d-a424-3d69fa4f0b7c"
      },
      "ResponseBody": {
        "status": "Enqueued"
      }
    },
    {
      "RequestUri": "https://management.azure.com/subscriptions/710e347c-9ac8-408c-90fe-f8cfc44bf967/providers/Microsoft.DocumentDB/locations/westus2/operationsStatus/dd2d963e-1de5-471d-a3b9-28eeb3906de6?api-version=2022-11-15",
      "RequestMethod": "GET",
      "RequestHeaders": {
        "Authorization": "Sanitized",
        "traceparent": "00-853e70dfbf716ab01c3e2cfba31bc394-7a823b881cb7c550-00",
        "User-Agent": "azsdk-net-ResourceManager/1.4.0 (.NET 7.0.4; Microsoft Windows 10.0.22621)",
        "x-ms-client-request-id": "d8fc96e750309aa2f7b488ed7392e6dc",
        "x-ms-return-client-request-id": "true"
      },
      "RequestBody": null,
      "StatusCode": 200,
      "ResponseHeaders": {
        "Cache-Control": "no-store, no-cache",
        "Content-Length": "21",
        "Content-Type": "application/json",
        "Date": "Sat, 01 Apr 2023 14:10:37 GMT",
        "Pragma": "no-cache",
        "Server": "Microsoft-HTTPAPI/2.0",
        "Strict-Transport-Security": "max-age=31536000; includeSubDomains",
        "X-Content-Type-Options": "nosniff",
        "x-ms-correlation-request-id": "a1cbd07f-582a-463a-9825-7c21fb9b803f",
        "x-ms-gatewayversion": "version=2.14.0",
        "x-ms-ratelimit-remaining-subscription-reads": "11617",
        "x-ms-request-id": "a1cbd07f-582a-463a-9825-7c21fb9b803f",
        "x-ms-routing-request-id": "EASTUS:20230401T141038Z:a1cbd07f-582a-463a-9825-7c21fb9b803f"
      },
      "ResponseBody": {
        "status": "Dequeued"
      }
    },
    {
      "RequestUri": "https://management.azure.com/subscriptions/710e347c-9ac8-408c-90fe-f8cfc44bf967/providers/Microsoft.DocumentDB/locations/westus2/operationsStatus/dd2d963e-1de5-471d-a3b9-28eeb3906de6?api-version=2022-11-15",
      "RequestMethod": "GET",
      "RequestHeaders": {
        "Authorization": "Sanitized",
        "traceparent": "00-853e70dfbf716ab01c3e2cfba31bc394-1b901188043f6874-00",
        "User-Agent": "azsdk-net-ResourceManager/1.4.0 (.NET 7.0.4; Microsoft Windows 10.0.22621)",
        "x-ms-client-request-id": "47b48534788deddd4875b78879fb0c18",
        "x-ms-return-client-request-id": "true"
      },
      "RequestBody": null,
      "StatusCode": 200,
      "ResponseHeaders": {
        "Cache-Control": "no-store, no-cache",
        "Content-Length": "21",
        "Content-Type": "application/json",
        "Date": "Sat, 01 Apr 2023 14:10:39 GMT",
        "Pragma": "no-cache",
        "Server": "Microsoft-HTTPAPI/2.0",
        "Strict-Transport-Security": "max-age=31536000; includeSubDomains",
        "X-Content-Type-Options": "nosniff",
        "x-ms-correlation-request-id": "19b4f283-72cf-415d-9615-7637796d0c6a",
        "x-ms-gatewayversion": "version=2.14.0",
        "x-ms-ratelimit-remaining-subscription-reads": "11616",
        "x-ms-request-id": "19b4f283-72cf-415d-9615-7637796d0c6a",
        "x-ms-routing-request-id": "EASTUS:20230401T141040Z:19b4f283-72cf-415d-9615-7637796d0c6a"
      },
      "ResponseBody": {
        "status": "Dequeued"
      }
    },
    {
      "RequestUri": "https://management.azure.com/subscriptions/710e347c-9ac8-408c-90fe-f8cfc44bf967/providers/Microsoft.DocumentDB/locations/westus2/operationsStatus/dd2d963e-1de5-471d-a3b9-28eeb3906de6?api-version=2022-11-15",
      "RequestMethod": "GET",
      "RequestHeaders": {
        "Authorization": "Sanitized",
        "traceparent": "00-853e70dfbf716ab01c3e2cfba31bc394-b325c1a40e7090e6-00",
        "User-Agent": "azsdk-net-ResourceManager/1.4.0 (.NET 7.0.4; Microsoft Windows 10.0.22621)",
        "x-ms-client-request-id": "87d899a8cba6d325a18a982286cf56a1",
        "x-ms-return-client-request-id": "true"
      },
      "RequestBody": null,
      "StatusCode": 200,
      "ResponseHeaders": {
        "Cache-Control": "no-store, no-cache",
        "Content-Length": "22",
        "Content-Type": "application/json",
        "Date": "Sat, 01 Apr 2023 14:10:43 GMT",
        "Pragma": "no-cache",
        "Server": "Microsoft-HTTPAPI/2.0",
        "Strict-Transport-Security": "max-age=31536000; includeSubDomains",
        "X-Content-Type-Options": "nosniff",
        "x-ms-correlation-request-id": "01522df3-2e7e-4578-a300-f88c835f78f4",
        "x-ms-gatewayversion": "version=2.14.0",
        "x-ms-ratelimit-remaining-subscription-reads": "11615",
        "x-ms-request-id": "01522df3-2e7e-4578-a300-f88c835f78f4",
        "x-ms-routing-request-id": "EASTUS:20230401T141044Z:01522df3-2e7e-4578-a300-f88c835f78f4"
      },
      "ResponseBody": {
        "status": "Succeeded"
      }
    },
    {
      "RequestUri": "https://management.azure.com/subscriptions/710e347c-9ac8-408c-90fe-f8cfc44bf967/resourceGroups/dbaccount-6548/providers/Microsoft.DocumentDB/databaseAccounts/dbaccount-8009/sqlDatabases/sql-db-57/containers/sql-container-3287/storedProcedures/sql-stored-procedure-5180?api-version=2022-11-15",
      "RequestMethod": "GET",
      "RequestHeaders": {
        "Authorization": "Sanitized",
        "traceparent": "00-853e70dfbf716ab01c3e2cfba31bc394-bf3ece0211c0615e-00",
        "User-Agent": "azsdk-net-ResourceManager/1.4.0 (.NET 7.0.4; Microsoft Windows 10.0.22621)",
        "x-ms-client-request-id": "3705c92bf2936e72b90e90bb981a20fb",
        "x-ms-return-client-request-id": "true"
      },
      "RequestBody": null,
      "StatusCode": 200,
      "ResponseHeaders": {
        "Cache-Control": "no-store, no-cache",
        "Content-Length": "767",
        "Content-Type": "application/json",
        "Date": "Sat, 01 Apr 2023 14:10:43 GMT",
        "Pragma": "no-cache",
        "Server": "Microsoft-HTTPAPI/2.0",
        "Strict-Transport-Security": "max-age=31536000; includeSubDomains",
        "X-Content-Type-Options": "nosniff",
        "x-ms-correlation-request-id": "58f93258-f44f-40e9-ab65-ba8b264e0ede",
        "x-ms-gatewayversion": "version=2.14.0",
        "x-ms-ratelimit-remaining-subscription-reads": "11614",
        "x-ms-request-id": "58f93258-f44f-40e9-ab65-ba8b264e0ede",
        "x-ms-routing-request-id": "EASTUS:20230401T141044Z:58f93258-f44f-40e9-ab65-ba8b264e0ede"
      },
      "ResponseBody": {
        "id": "/subscriptions/710e347c-9ac8-408c-90fe-f8cfc44bf967/resourceGroups/dbaccount-6548/providers/Microsoft.DocumentDB/databaseAccounts/dbaccount-8009/sqlDatabases/sql-db-57/containers/sql-container-3287/storedProcedures/sql-stored-procedure-5180",
        "type": "Microsoft.DocumentDB/databaseAccounts/sqlDatabases/containers/storedProcedures",
        "name": "sql-stored-procedure-5180",
        "properties": {
          "resource": {
            "id": "sql-stored-procedure-5180",
            "body": "function () {\r\n    var updatetext = getContext();\r\n    var response = context.getResponse();\r\n    response.setBody(\u0027First Hello World\u0027);\r\n}",
            "_rid": "oGwXAPuteukBAAAAAAAAgA==",
            "_self": "dbs/oGwXAA==/colls/oGwXAPuteuk=/sprocs/oGwXAPuteukBAAAAAAAAgA==/",
            "_etag": "\u00227500858b-0000-0700-0000-64283b5f0000\u0022",
            "_ts": 1680358239
          }
        }
      }
    },
    {
      "RequestUri": "https://management.azure.com/subscriptions/710e347c-9ac8-408c-90fe-f8cfc44bf967/resourceGroups/dbaccount-6548/providers/Microsoft.DocumentDB/databaseAccounts/dbaccount-8009/sqlDatabases/sql-db-57/containers/sql-container-3287/storedProcedures/sql-stored-procedure-5180?api-version=2022-11-15",
      "RequestMethod": "GET",
      "RequestHeaders": {
        "Accept": "application/json",
        "Authorization": "Sanitized",
        "traceparent": "00-67a3f1e4ce72955095a04066d0f71928-54e36df222435296-00",
        "User-Agent": "azsdk-net-ResourceManager.CosmosDB/1.3.0-alpha.20230330.1 (.NET 7.0.4; Microsoft Windows 10.0.22621)",
        "x-ms-client-request-id": "da456fa75fba693660e1a502e0ba6778",
        "x-ms-return-client-request-id": "true"
      },
      "RequestBody": null,
      "StatusCode": 200,
      "ResponseHeaders": {
        "Cache-Control": "no-store, no-cache",
        "Content-Length": "767",
        "Content-Type": "application/json",
        "Date": "Sat, 01 Apr 2023 14:10:44 GMT",
        "Pragma": "no-cache",
        "Server": "Microsoft-HTTPAPI/2.0",
        "Strict-Transport-Security": "max-age=31536000; includeSubDomains",
        "X-Content-Type-Options": "nosniff",
        "x-ms-correlation-request-id": "41a2bde1-f550-4bf3-924d-22dd22f19015",
        "x-ms-gatewayversion": "version=2.14.0",
        "x-ms-ratelimit-remaining-subscription-reads": "11613",
        "x-ms-request-id": "41a2bde1-f550-4bf3-924d-22dd22f19015",
        "x-ms-routing-request-id": "EASTUS:20230401T141044Z:41a2bde1-f550-4bf3-924d-22dd22f19015"
      },
      "ResponseBody": {
        "id": "/subscriptions/710e347c-9ac8-408c-90fe-f8cfc44bf967/resourceGroups/dbaccount-6548/providers/Microsoft.DocumentDB/databaseAccounts/dbaccount-8009/sqlDatabases/sql-db-57/containers/sql-container-3287/storedProcedures/sql-stored-procedure-5180",
        "type": "Microsoft.DocumentDB/databaseAccounts/sqlDatabases/containers/storedProcedures",
        "name": "sql-stored-procedure-5180",
        "properties": {
          "resource": {
            "id": "sql-stored-procedure-5180",
            "body": "function () {\r\n    var updatetext = getContext();\r\n    var response = context.getResponse();\r\n    response.setBody(\u0027First Hello World\u0027);\r\n}",
            "_rid": "oGwXAPuteukBAAAAAAAAgA==",
            "_self": "dbs/oGwXAA==/colls/oGwXAPuteuk=/sprocs/oGwXAPuteukBAAAAAAAAgA==/",
            "_etag": "\u00227500858b-0000-0700-0000-64283b5f0000\u0022",
            "_ts": 1680358239
          }
        }
      }
    },
    {
      "RequestUri": "https://management.azure.com/subscriptions/710e347c-9ac8-408c-90fe-f8cfc44bf967/resourceGroups/dbaccount-6548/providers/Microsoft.DocumentDB/databaseAccounts/dbaccount-8009/sqlDatabases/sql-db-57/containers/sql-container-3287/storedProcedures/sql-stored-procedure-5180?api-version=2022-11-15",
      "RequestMethod": "GET",
      "RequestHeaders": {
        "Accept": "application/json",
        "Authorization": "Sanitized",
        "traceparent": "00-a1e46904bb6b6ffc96be4409f0250bf2-15ec1442115293e3-00",
        "User-Agent": "azsdk-net-ResourceManager.CosmosDB/1.3.0-alpha.20230330.1 (.NET 7.0.4; Microsoft Windows 10.0.22621)",
        "x-ms-client-request-id": "af5d161ed4f6b5852669cd973a693a87",
        "x-ms-return-client-request-id": "true"
      },
      "RequestBody": null,
      "StatusCode": 200,
      "ResponseHeaders": {
        "Cache-Control": "no-store, no-cache",
        "Content-Length": "767",
        "Content-Type": "application/json",
        "Date": "Sat, 01 Apr 2023 14:10:44 GMT",
        "Pragma": "no-cache",
        "Server": "Microsoft-HTTPAPI/2.0",
        "Strict-Transport-Security": "max-age=31536000; includeSubDomains",
        "X-Content-Type-Options": "nosniff",
        "x-ms-correlation-request-id": "df5de3ac-80f7-46b0-8523-a7557cc18a85",
        "x-ms-gatewayversion": "version=2.14.0",
        "x-ms-ratelimit-remaining-subscription-reads": "11612",
        "x-ms-request-id": "df5de3ac-80f7-46b0-8523-a7557cc18a85",
        "x-ms-routing-request-id": "EASTUS:20230401T141045Z:df5de3ac-80f7-46b0-8523-a7557cc18a85"
      },
      "ResponseBody": {
        "id": "/subscriptions/710e347c-9ac8-408c-90fe-f8cfc44bf967/resourceGroups/dbaccount-6548/providers/Microsoft.DocumentDB/databaseAccounts/dbaccount-8009/sqlDatabases/sql-db-57/containers/sql-container-3287/storedProcedures/sql-stored-procedure-5180",
        "type": "Microsoft.DocumentDB/databaseAccounts/sqlDatabases/containers/storedProcedures",
        "name": "sql-stored-procedure-5180",
        "properties": {
          "resource": {
            "id": "sql-stored-procedure-5180",
            "body": "function () {\r\n    var updatetext = getContext();\r\n    var response = context.getResponse();\r\n    response.setBody(\u0027First Hello World\u0027);\r\n}",
            "_rid": "oGwXAPuteukBAAAAAAAAgA==",
            "_self": "dbs/oGwXAA==/colls/oGwXAPuteuk=/sprocs/oGwXAPuteukBAAAAAAAAgA==/",
            "_etag": "\u00227500858b-0000-0700-0000-64283b5f0000\u0022",
            "_ts": 1680358239
          }
        }
      }
    },
    {
      "RequestUri": "https://management.azure.com/subscriptions/710e347c-9ac8-408c-90fe-f8cfc44bf967/resourceGroups/dbaccount-6548/providers/Microsoft.DocumentDB/databaseAccounts/dbaccount-8009/sqlDatabases/sql-db-57/containers/sql-container-3287/storedProcedures/sql-stored-procedure-5180?api-version=2022-11-15",
      "RequestMethod": "DELETE",
      "RequestHeaders": {
        "Authorization": "Sanitized",
        "traceparent": "00-30847999db6a4b2267a49aa2e487a86d-b3dc91606225981d-00",
        "User-Agent": "azsdk-net-ResourceManager.CosmosDB/1.3.0-alpha.20230330.1 (.NET 7.0.4; Microsoft Windows 10.0.22621)",
        "x-ms-client-request-id": "167a9d6a7c8acbe6939bd7b24c6f8eff",
        "x-ms-return-client-request-id": "true"
      },
      "RequestBody": null,
      "StatusCode": 202,
      "ResponseHeaders": {
        "Azure-AsyncOperation": "https://management.azure.com/subscriptions/710e347c-9ac8-408c-90fe-f8cfc44bf967/providers/Microsoft.DocumentDB/locations/westus2/operationsStatus/21335120-ff98-4f00-8156-e8cd1d5aa0e2?api-version=2022-11-15",
        "Cache-Control": "no-store, no-cache",
        "Content-Length": "21",
        "Content-Type": "application/json",
        "Date": "Sat, 01 Apr 2023 14:10:44 GMT",
        "Location": "https://management.azure.com/subscriptions/710e347c-9ac8-408c-90fe-f8cfc44bf967/resourceGroups/dbaccount-6548/providers/Microsoft.DocumentDB/databaseAccounts/dbaccount-8009/sqlDatabases/sql-db-57/containers/sql-container-3287/storedProcedures/sql-stored-procedure-5180/operationResults/21335120-ff98-4f00-8156-e8cd1d5aa0e2?api-version=2022-11-15",
        "Pragma": "no-cache",
        "Server": "Microsoft-HTTPAPI/2.0",
        "Strict-Transport-Security": "max-age=31536000; includeSubDomains",
        "X-Content-Type-Options": "nosniff",
        "x-ms-correlation-request-id": "89d28566-f59a-432b-bc5c-b14d4b850122",
        "x-ms-gatewayversion": "version=2.14.0",
        "x-ms-ratelimit-remaining-subscription-deletes": "14984",
        "x-ms-request-id": "21335120-ff98-4f00-8156-e8cd1d5aa0e2",
        "x-ms-routing-request-id": "EASTUS:20230401T141045Z:89d28566-f59a-432b-bc5c-b14d4b850122"
      },
      "ResponseBody": {
        "status": "Enqueued"
      }
    },
    {
      "RequestUri": "https://management.azure.com/subscriptions/710e347c-9ac8-408c-90fe-f8cfc44bf967/providers/Microsoft.DocumentDB/locations/westus2/operationsStatus/21335120-ff98-4f00-8156-e8cd1d5aa0e2?api-version=2022-11-15",
      "RequestMethod": "GET",
      "RequestHeaders": {
        "Authorization": "Sanitized",
        "traceparent": "00-30847999db6a4b2267a49aa2e487a86d-741196f97da8de27-00",
        "User-Agent": "azsdk-net-ResourceManager/1.4.0 (.NET 7.0.4; Microsoft Windows 10.0.22621)",
        "x-ms-client-request-id": "43981ea65040a1ed2f911c5afdd268b6",
        "x-ms-return-client-request-id": "true"
      },
      "RequestBody": null,
      "StatusCode": 200,
      "ResponseHeaders": {
        "Cache-Control": "no-store, no-cache",
        "Content-Length": "21",
        "Content-Type": "application/json",
        "Date": "Sat, 01 Apr 2023 14:10:44 GMT",
        "Pragma": "no-cache",
        "Server": "Microsoft-HTTPAPI/2.0",
        "Strict-Transport-Security": "max-age=31536000; includeSubDomains",
        "X-Content-Type-Options": "nosniff",
        "x-ms-correlation-request-id": "01eac801-1b95-40a6-82de-d204b69ec827",
        "x-ms-gatewayversion": "version=2.14.0",
        "x-ms-ratelimit-remaining-subscription-reads": "11611",
        "x-ms-request-id": "01eac801-1b95-40a6-82de-d204b69ec827",
        "x-ms-routing-request-id": "EASTUS:20230401T141045Z:01eac801-1b95-40a6-82de-d204b69ec827"
      },
      "ResponseBody": {
        "status": "Enqueued"
      }
    },
    {
      "RequestUri": "https://management.azure.com/subscriptions/710e347c-9ac8-408c-90fe-f8cfc44bf967/providers/Microsoft.DocumentDB/locations/westus2/operationsStatus/21335120-ff98-4f00-8156-e8cd1d5aa0e2?api-version=2022-11-15",
      "RequestMethod": "GET",
      "RequestHeaders": {
        "Authorization": "Sanitized",
        "traceparent": "00-30847999db6a4b2267a49aa2e487a86d-911cefa02d291f81-00",
        "User-Agent": "azsdk-net-ResourceManager/1.4.0 (.NET 7.0.4; Microsoft Windows 10.0.22621)",
        "x-ms-client-request-id": "22f0cedab8ccf9ca98a72cfac8943af4",
        "x-ms-return-client-request-id": "true"
      },
      "RequestBody": null,
      "StatusCode": 200,
      "ResponseHeaders": {
        "Cache-Control": "no-store, no-cache",
        "Content-Length": "21",
        "Content-Type": "application/json",
        "Date": "Sat, 01 Apr 2023 14:10:46 GMT",
        "Pragma": "no-cache",
        "Server": "Microsoft-HTTPAPI/2.0",
        "Strict-Transport-Security": "max-age=31536000; includeSubDomains",
        "X-Content-Type-Options": "nosniff",
        "x-ms-correlation-request-id": "c84d97cb-2019-4407-92a1-6672c838ded7",
        "x-ms-gatewayversion": "version=2.14.0",
        "x-ms-ratelimit-remaining-subscription-reads": "11610",
        "x-ms-request-id": "c84d97cb-2019-4407-92a1-6672c838ded7",
        "x-ms-routing-request-id": "EASTUS:20230401T141047Z:c84d97cb-2019-4407-92a1-6672c838ded7"
      },
      "ResponseBody": {
        "status": "Enqueued"
      }
    },
    {
      "RequestUri": "https://management.azure.com/subscriptions/710e347c-9ac8-408c-90fe-f8cfc44bf967/providers/Microsoft.DocumentDB/locations/westus2/operationsStatus/21335120-ff98-4f00-8156-e8cd1d5aa0e2?api-version=2022-11-15",
      "RequestMethod": "GET",
      "RequestHeaders": {
        "Authorization": "Sanitized",
        "traceparent": "00-30847999db6a4b2267a49aa2e487a86d-83e2f7148a960d27-00",
        "User-Agent": "azsdk-net-ResourceManager/1.4.0 (.NET 7.0.4; Microsoft Windows 10.0.22621)",
        "x-ms-client-request-id": "2e0be16d4bd757be2afb532c54a9d517",
        "x-ms-return-client-request-id": "true"
      },
      "RequestBody": null,
      "StatusCode": 200,
      "ResponseHeaders": {
        "Cache-Control": "no-store, no-cache",
        "Content-Length": "21",
        "Content-Type": "application/json",
        "Date": "Sat, 01 Apr 2023 14:10:47 GMT",
        "Pragma": "no-cache",
        "Server": "Microsoft-HTTPAPI/2.0",
        "Strict-Transport-Security": "max-age=31536000; includeSubDomains",
        "X-Content-Type-Options": "nosniff",
        "x-ms-correlation-request-id": "ab2c4eff-481d-4746-8b12-9c878a392264",
        "x-ms-gatewayversion": "version=2.14.0",
        "x-ms-ratelimit-remaining-subscription-reads": "11609",
        "x-ms-request-id": "ab2c4eff-481d-4746-8b12-9c878a392264",
        "x-ms-routing-request-id": "EASTUS:20230401T141048Z:ab2c4eff-481d-4746-8b12-9c878a392264"
      },
      "ResponseBody": {
        "status": "Enqueued"
      }
    },
    {
      "RequestUri": "https://management.azure.com/subscriptions/710e347c-9ac8-408c-90fe-f8cfc44bf967/providers/Microsoft.DocumentDB/locations/westus2/operationsStatus/21335120-ff98-4f00-8156-e8cd1d5aa0e2?api-version=2022-11-15",
      "RequestMethod": "GET",
      "RequestHeaders": {
        "Authorization": "Sanitized",
        "traceparent": "00-30847999db6a4b2267a49aa2e487a86d-43628693732d61be-00",
        "User-Agent": "azsdk-net-ResourceManager/1.4.0 (.NET 7.0.4; Microsoft Windows 10.0.22621)",
        "x-ms-client-request-id": "c276fd270baeee29549eaa9823f3d99a",
        "x-ms-return-client-request-id": "true"
      },
      "RequestBody": null,
      "StatusCode": 200,
      "ResponseHeaders": {
        "Cache-Control": "no-store, no-cache",
        "Content-Length": "21",
        "Content-Type": "application/json",
        "Date": "Sat, 01 Apr 2023 14:10:48 GMT",
        "Pragma": "no-cache",
        "Server": "Microsoft-HTTPAPI/2.0",
        "Strict-Transport-Security": "max-age=31536000; includeSubDomains",
        "X-Content-Type-Options": "nosniff",
        "x-ms-correlation-request-id": "0a4de27f-094a-4727-b620-5a4f147e7222",
        "x-ms-gatewayversion": "version=2.14.0",
        "x-ms-ratelimit-remaining-subscription-reads": "11608",
        "x-ms-request-id": "0a4de27f-094a-4727-b620-5a4f147e7222",
        "x-ms-routing-request-id": "EASTUS:20230401T141049Z:0a4de27f-094a-4727-b620-5a4f147e7222"
      },
      "ResponseBody": {
        "status": "Dequeued"
      }
    },
    {
      "RequestUri": "https://management.azure.com/subscriptions/710e347c-9ac8-408c-90fe-f8cfc44bf967/providers/Microsoft.DocumentDB/locations/westus2/operationsStatus/21335120-ff98-4f00-8156-e8cd1d5aa0e2?api-version=2022-11-15",
      "RequestMethod": "GET",
      "RequestHeaders": {
        "Authorization": "Sanitized",
        "traceparent": "00-30847999db6a4b2267a49aa2e487a86d-7a795d594967b91d-00",
        "User-Agent": "azsdk-net-ResourceManager/1.4.0 (.NET 7.0.4; Microsoft Windows 10.0.22621)",
        "x-ms-client-request-id": "1ced27563ac68fdf0f99f8d1659ea5ef",
        "x-ms-return-client-request-id": "true"
      },
      "RequestBody": null,
      "StatusCode": 200,
      "ResponseHeaders": {
        "Cache-Control": "no-store, no-cache",
        "Content-Length": "21",
        "Content-Type": "application/json",
        "Date": "Sat, 01 Apr 2023 14:10:50 GMT",
        "Pragma": "no-cache",
        "Server": "Microsoft-HTTPAPI/2.0",
        "Strict-Transport-Security": "max-age=31536000; includeSubDomains",
        "X-Content-Type-Options": "nosniff",
        "x-ms-correlation-request-id": "51d8d230-a329-4bbe-a16c-57acbbdffc53",
        "x-ms-gatewayversion": "version=2.14.0",
        "x-ms-ratelimit-remaining-subscription-reads": "11607",
        "x-ms-request-id": "51d8d230-a329-4bbe-a16c-57acbbdffc53",
        "x-ms-routing-request-id": "EASTUS:20230401T141051Z:51d8d230-a329-4bbe-a16c-57acbbdffc53"
      },
      "ResponseBody": {
        "status": "Dequeued"
      }
    },
    {
      "RequestUri": "https://management.azure.com/subscriptions/710e347c-9ac8-408c-90fe-f8cfc44bf967/providers/Microsoft.DocumentDB/locations/westus2/operationsStatus/21335120-ff98-4f00-8156-e8cd1d5aa0e2?api-version=2022-11-15",
      "RequestMethod": "GET",
      "RequestHeaders": {
        "Authorization": "Sanitized",
        "traceparent": "00-30847999db6a4b2267a49aa2e487a86d-9f4df099637abd7c-00",
        "User-Agent": "azsdk-net-ResourceManager/1.4.0 (.NET 7.0.4; Microsoft Windows 10.0.22621)",
        "x-ms-client-request-id": "cbd314d2771d6246b71dd938a1263336",
        "x-ms-return-client-request-id": "true"
      },
      "RequestBody": null,
      "StatusCode": 200,
      "ResponseHeaders": {
        "Cache-Control": "no-store, no-cache",
        "Content-Length": "22",
        "Content-Type": "application/json",
        "Date": "Sat, 01 Apr 2023 14:10:54 GMT",
        "Pragma": "no-cache",
        "Server": "Microsoft-HTTPAPI/2.0",
        "Strict-Transport-Security": "max-age=31536000; includeSubDomains",
        "X-Content-Type-Options": "nosniff",
        "x-ms-correlation-request-id": "42a7a12a-adf2-422f-97ab-801d55af48fa",
        "x-ms-gatewayversion": "version=2.14.0",
        "x-ms-ratelimit-remaining-subscription-reads": "11606",
        "x-ms-request-id": "42a7a12a-adf2-422f-97ab-801d55af48fa",
        "x-ms-routing-request-id": "EASTUS:20230401T141055Z:42a7a12a-adf2-422f-97ab-801d55af48fa"
      },
      "ResponseBody": {
        "status": "Succeeded"
      }
    }
  ],
  "Variables": {
    "AZURE_AUTHORITY_HOST": null,
    "RandomSeed": "1272054847",
    "RESOURCE_MANAGER_URL": null,
    "SUBSCRIPTION_ID": "710e347c-9ac8-408c-90fe-f8cfc44bf967"
  }
}
