{
  "Entries": [
    {
      "RequestUri": "https://management.azure.com/subscriptions/db1ab6f0-4769-4b27-930e-01e2ef9c123c/resourceGroups/dbaccount-6059/providers/Microsoft.DocumentDB/databaseAccounts/dbaccount-2654/sqlDatabases/sql-db-6113/containers/sql-container-5674?api-version=2021-10-15",
      "RequestMethod": "GET",
      "RequestHeaders": {
        "Accept": "application/json",
        "Authorization": "Sanitized",
        "User-Agent": "azsdk-net-ResourceManager.CosmosDB/1.0.0-alpha.20211203.1 (.NET Framework 4.8.4420.0; Microsoft Windows 10.0.22000 )",
        "x-ms-client-request-id": "77dc8a0e6a33a5ad2e9c7f406e190cf2",
        "x-ms-return-client-request-id": "true"
      },
      "RequestBody": null,
      "StatusCode": 200,
      "ResponseHeaders": {
        "Cache-Control": [
          "no-store",
          "no-cache"
        ],
        "Content-Length": "1296",
        "Content-Type": "application/json",
        "Date": "Fri, 03 Dec 2021 13:15:19 GMT",
        "Pragma": "no-cache",
        "Server": "Microsoft-HTTPAPI/2.0",
        "Strict-Transport-Security": "max-age=31536000; includeSubDomains",
        "X-Content-Type-Options": "nosniff",
        "x-ms-correlation-request-id": "58923d02-2028-475d-91ae-a5a3754a5bec",
        "x-ms-gatewayversion": "version=2.14.0",
        "x-ms-ratelimit-remaining-subscription-reads": "11725",
        "x-ms-request-id": "58923d02-2028-475d-91ae-a5a3754a5bec",
        "x-ms-routing-request-id": "EASTASIA:20211203T131519Z:58923d02-2028-475d-91ae-a5a3754a5bec"
      },
      "ResponseBody": {
        "id": "/subscriptions/db1ab6f0-4769-4b27-930e-01e2ef9c123c/resourceGroups/dbaccount-6059/providers/Microsoft.DocumentDB/databaseAccounts/dbaccount-2654/sqlDatabases/sql-db-6113/containers/sql-container-5674",
        "type": "Microsoft.DocumentDB/databaseAccounts/sqlDatabases/containers",
        "name": "sql-container-5674",
        "properties": {
          "resource": {
            "id": "sql-container-5674",
            "indexingPolicy": {
              "indexingMode": "consistent",
              "automatic": true,
              "includedPaths": [
                {
                  "path": "/*"
                }
              ],
              "excludedPaths": [
                {
                  "path": "/pathToNotIndex/*"
                },
                {
                  "path": "/\"_etag\"/?"
                }
              ],
              "spatialIndexes": [
                {
                  "path": "/*",
                  "types": [
                    "Point",
                    "LineString",
                    "Polygon",
                    "MultiPolygon"
                  ]
                }
              ],
              "compositeIndexes": [
                [
                  {
                    "path": "/orderByPath1",
                    "order": "ascending"
                  },
                  {
                    "path": "/orderByPath2",
                    "order": "descending"
                  }
                ]
              ]
            },
            "partitionKey": {
              "paths": [
                "/address/zipCode"
              ],
              "kind": "Hash"
            },
            "uniqueKeyPolicy": {
              "uniqueKeys": []
            },
            "conflictResolutionPolicy": {
              "mode": "LastWriterWins",
              "conflictResolutionPath": "/_ts",
              "conflictResolutionProcedure": ""
            },
            "geospatialConfig": {
              "type": "Geography"
            },
            "_rid": "TZohAKEMGaM=",
            "_ts": 1638537291,
            "_self": "dbs/TZohAA==/colls/TZohAKEMGaM=/",
            "_etag": "\"0000d709-0000-0700-0000-61aa184b0000\"",
            "_docs": "docs/",
            "_sprocs": "sprocs/",
            "_triggers": "triggers/",
            "_udfs": "udfs/",
            "_conflicts": "conflicts/",
            "statistics": [
              {
                "id": "0",
                "sizeInKB": 0,
                "documentCount": 0,
                "partitionKeys": []
              }
            ]
          }
        }
      }
    },
    {
      "RequestUri": "https://management.azure.com/subscriptions/db1ab6f0-4769-4b27-930e-01e2ef9c123c/resourceGroups/dbaccount-6059/providers/Microsoft.DocumentDB/databaseAccounts/dbaccount-2654/sqlDatabases/sql-db-6113/containers/sql-container-5674/storedProcedures/sql-stored-procedure-667?api-version=2021-10-15",
      "RequestMethod": "PUT",
      "RequestHeaders": {
        "Accept": "application/json",
        "Authorization": "Sanitized",
        "Content-Length": "287",
        "Content-Type": "application/json",
        "User-Agent": "azsdk-net-ResourceManager.CosmosDB/1.0.0-alpha.20211203.1 (.NET Framework 4.8.4420.0; Microsoft Windows 10.0.22000 )",
        "x-ms-client-request-id": "834ae6176e65e412b04877ff5ade1f8f",
        "x-ms-return-client-request-id": "true"
      },
      "RequestBody": {
        "tags": {},
        "location": "westus",
        "properties": {
          "resource": {
            "id": "sql-stored-procedure-667",
            "body": "function () {\r\n    var updatetext = getContext();\r\n    var response = context.getResponse();\r\n    response.setBody('First Hello World');\r\n}"
          },
          "options": {
            "throughput": 700
          }
        }
      },
      "StatusCode": 202,
      "ResponseHeaders": {
        "Azure-AsyncOperation": "https://management.azure.com/subscriptions/db1ab6f0-4769-4b27-930e-01e2ef9c123c/providers/Microsoft.DocumentDB/locations/westus2/operationsStatus/84704314-6412-4846-b174-77caa8b8e136?api-version=2021-10-15",
        "Cache-Control": [
          "no-store",
          "no-cache"
        ],
        "Content-Length": "21",
        "Content-Type": "application/json",
        "Date": "Fri, 03 Dec 2021 13:15:19 GMT",
        "Location": "https://management.azure.com/subscriptions/db1ab6f0-4769-4b27-930e-01e2ef9c123c/resourceGroups/dbaccount-6059/providers/Microsoft.DocumentDB/databaseAccounts/dbaccount-2654/sqlDatabases/sql-db-6113/containers/sql-container-5674/storedProcedures/sql-stored-procedure-667/operationResults/84704314-6412-4846-b174-77caa8b8e136?api-version=2021-10-15",
        "Pragma": "no-cache",
        "Server": "Microsoft-HTTPAPI/2.0",
        "Strict-Transport-Security": "max-age=31536000; includeSubDomains",
        "X-Content-Type-Options": "nosniff",
        "x-ms-correlation-request-id": "31c4dbca-0e47-41aa-916d-551499a1c854",
        "x-ms-gatewayversion": "version=2.14.0",
        "x-ms-ratelimit-remaining-subscription-writes": "1193",
        "x-ms-request-id": "84704314-6412-4846-b174-77caa8b8e136",
        "x-ms-routing-request-id": "EASTASIA:20211203T131520Z:31c4dbca-0e47-41aa-916d-551499a1c854"
      },
      "ResponseBody": {
        "status": "Enqueued"
      }
    },
    {
      "RequestUri": "https://management.azure.com/subscriptions/db1ab6f0-4769-4b27-930e-01e2ef9c123c/providers/Microsoft.DocumentDB/locations/westus2/operationsStatus/84704314-6412-4846-b174-77caa8b8e136?api-version=2021-10-15",
      "RequestMethod": "GET",
      "RequestHeaders": {
        "Authorization": "Sanitized",
        "User-Agent": "azsdk-net-ResourceManager/1.0.0-alpha.20211203.1 (.NET Framework 4.8.4420.0; Microsoft Windows 10.0.22000 )",
        "x-ms-client-request-id": "d60a049ca5f135bcdc7b718e10ae7488",
        "x-ms-return-client-request-id": "true"
      },
      "RequestBody": null,
      "StatusCode": 200,
      "ResponseHeaders": {
        "Cache-Control": [
          "no-store",
          "no-cache"
        ],
        "Content-Length": "22",
        "Content-Type": "application/json",
        "Date": "Fri, 03 Dec 2021 13:15:26 GMT",
        "Pragma": "no-cache",
        "Server": "Microsoft-HTTPAPI/2.0",
        "Strict-Transport-Security": "max-age=31536000; includeSubDomains",
        "X-Content-Type-Options": "nosniff",
        "x-ms-correlation-request-id": "0790dd10-fa8f-4862-9d13-539b15c2b44f",
        "x-ms-gatewayversion": "version=2.14.0",
        "x-ms-ratelimit-remaining-subscription-reads": "11719",
        "x-ms-request-id": "0790dd10-fa8f-4862-9d13-539b15c2b44f",
        "x-ms-routing-request-id": "EASTASIA:20211203T131526Z:0790dd10-fa8f-4862-9d13-539b15c2b44f"
      },
      "ResponseBody": {
        "status": "Succeeded"
      }
    },
    {
      "RequestUri": "https://management.azure.com/subscriptions/db1ab6f0-4769-4b27-930e-01e2ef9c123c/resourceGroups/dbaccount-6059/providers/Microsoft.DocumentDB/databaseAccounts/dbaccount-2654/sqlDatabases/sql-db-6113/containers/sql-container-5674/storedProcedures/sql-stored-procedure-667?api-version=2021-10-15",
      "RequestMethod": "GET",
      "RequestHeaders": {
        "Authorization": "Sanitized",
        "User-Agent": "azsdk-net-ResourceManager/1.0.0-alpha.20211203.1 (.NET Framework 4.8.4420.0; Microsoft Windows 10.0.22000 )",
        "x-ms-client-request-id": "0921e0f29ca787dbd43f88b2d8e02252",
        "x-ms-return-client-request-id": "true"
      },
      "RequestBody": null,
      "StatusCode": 200,
      "ResponseHeaders": {
        "Cache-Control": [
          "no-store",
          "no-cache"
        ],
        "Content-Length": "766",
        "Content-Type": "application/json",
        "Date": "Fri, 03 Dec 2021 13:15:26 GMT",
        "Pragma": "no-cache",
        "Server": "Microsoft-HTTPAPI/2.0",
        "Strict-Transport-Security": "max-age=31536000; includeSubDomains",
        "X-Content-Type-Options": "nosniff",
        "x-ms-correlation-request-id": "69bace26-60d3-4af5-9a8b-70401dca042a",
        "x-ms-gatewayversion": "version=2.14.0",
        "x-ms-ratelimit-remaining-subscription-reads": "11718",
        "x-ms-request-id": "69bace26-60d3-4af5-9a8b-70401dca042a",
        "x-ms-routing-request-id": "EASTASIA:20211203T131526Z:69bace26-60d3-4af5-9a8b-70401dca042a"
      },
      "ResponseBody": {
        "id": "/subscriptions/db1ab6f0-4769-4b27-930e-01e2ef9c123c/resourceGroups/dbaccount-6059/providers/Microsoft.DocumentDB/databaseAccounts/dbaccount-2654/sqlDatabases/sql-db-6113/containers/sql-container-5674/storedProcedures/sql-stored-procedure-667",
        "type": "Microsoft.DocumentDB/databaseAccounts/sqlDatabases/containers/storedProcedures",
        "name": "sql-stored-procedure-667",
        "properties": {
          "resource": {
            "id": "sql-stored-procedure-667",
            "body": "function () {\r\n    var updatetext = getContext();\r\n    var response = context.getResponse();\r\n    response.setBody('First Hello World');\r\n}",
            "_rid": "TZohAKEMGaMDAAAAAAAAgA==",
            "_self": "dbs/TZohAA==/colls/TZohAKEMGaM=/sprocs/TZohAKEMGaMDAAAAAAAAgA==/",
            "_etag": "\"17009280-0000-0700-0000-61aa186d0000\"",
            "_ts": 1638537325
          }
        }
      }
    },
    {
      "RequestUri": "https://management.azure.com/subscriptions/db1ab6f0-4769-4b27-930e-01e2ef9c123c/resourceGroups/dbaccount-6059/providers/Microsoft.DocumentDB/databaseAccounts/dbaccount-2654/sqlDatabases/sql-db-6113/containers/sql-container-5674/storedProcedures/sql-stored-procedure-667?api-version=2021-10-15",
      "RequestMethod": "DELETE",
      "RequestHeaders": {
        "Authorization": "Sanitized",
        "User-Agent": "azsdk-net-ResourceManager.CosmosDB/1.0.0-alpha.20211203.1 (.NET Framework 4.8.4420.0; Microsoft Windows 10.0.22000 )",
        "x-ms-client-request-id": "1fa70ef002d00106b0344215cb09900f",
        "x-ms-return-client-request-id": "true"
      },
      "RequestBody": null,
      "StatusCode": 202,
      "ResponseHeaders": {
        "Azure-AsyncOperation": "https://management.azure.com/subscriptions/db1ab6f0-4769-4b27-930e-01e2ef9c123c/providers/Microsoft.DocumentDB/locations/westus2/operationsStatus/711458f6-3517-4f18-85ba-ff4092088b88?api-version=2021-10-15",
        "Cache-Control": [
          "no-store",
          "no-cache"
        ],
        "Content-Length": "21",
        "Content-Type": "application/json",
        "Date": "Fri, 03 Dec 2021 13:15:26 GMT",
        "Location": "https://management.azure.com/subscriptions/db1ab6f0-4769-4b27-930e-01e2ef9c123c/resourceGroups/dbaccount-6059/providers/Microsoft.DocumentDB/databaseAccounts/dbaccount-2654/sqlDatabases/sql-db-6113/containers/sql-container-5674/storedProcedures/sql-stored-procedure-667/operationResults/711458f6-3517-4f18-85ba-ff4092088b88?api-version=2021-10-15",
        "Pragma": "no-cache",
        "Server": "Microsoft-HTTPAPI/2.0",
        "Strict-Transport-Security": "max-age=31536000; includeSubDomains",
        "X-Content-Type-Options": "nosniff",
        "x-ms-correlation-request-id": "d3a999e8-bd31-443b-8848-4d3864a239f2",
        "x-ms-gatewayversion": "version=2.14.0",
        "x-ms-ratelimit-remaining-subscription-deletes": "14994",
        "x-ms-request-id": "711458f6-3517-4f18-85ba-ff4092088b88",
        "x-ms-routing-request-id": "EASTASIA:20211203T131527Z:d3a999e8-bd31-443b-8848-4d3864a239f2"
      },
      "ResponseBody": {
        "status": "Enqueued"
      }
    },
    {
      "RequestUri": "https://management.azure.com/subscriptions/db1ab6f0-4769-4b27-930e-01e2ef9c123c/providers/Microsoft.DocumentDB/locations/westus2/operationsStatus/711458f6-3517-4f18-85ba-ff4092088b88?api-version=2021-10-15",
      "RequestMethod": "GET",
      "RequestHeaders": {
        "Authorization": "Sanitized",
        "User-Agent": "azsdk-net-ResourceManager/1.0.0-alpha.20211203.1 (.NET Framework 4.8.4420.0; Microsoft Windows 10.0.22000 )",
        "x-ms-client-request-id": "cb8691023d51321cc1ef2d1fa1aa7dfc",
        "x-ms-return-client-request-id": "true"
      },
      "RequestBody": null,
      "StatusCode": 200,
      "ResponseHeaders": {
        "Cache-Control": [
          "no-store",
          "no-cache"
        ],
        "Content-Length": "22",
        "Content-Type": "application/json",
        "Date": "Fri, 03 Dec 2021 13:15:33 GMT",
        "Pragma": "no-cache",
        "Server": "Microsoft-HTTPAPI/2.0",
        "Strict-Transport-Security": "max-age=31536000; includeSubDomains",
        "X-Content-Type-Options": "nosniff",
        "x-ms-correlation-request-id": "7cb99b49-4eaf-4938-ae98-eb79cfe34bfe",
        "x-ms-gatewayversion": "version=2.14.0",
        "x-ms-ratelimit-remaining-subscription-reads": "11712",
        "x-ms-request-id": "7cb99b49-4eaf-4938-ae98-eb79cfe34bfe",
        "x-ms-routing-request-id": "EASTASIA:20211203T131533Z:7cb99b49-4eaf-4938-ae98-eb79cfe34bfe"
      },
      "ResponseBody": {
        "status": "Succeeded"
      }
    },
    {
      "RequestUri": "https://management.azure.com/subscriptions/db1ab6f0-4769-4b27-930e-01e2ef9c123c/resourceGroups/dbaccount-6059/providers/Microsoft.DocumentDB/databaseAccounts/dbaccount-2654/sqlDatabases/sql-db-6113/containers/sql-container-5674/storedProcedures/sql-stored-procedure-667?api-version=2021-10-15",
      "RequestMethod": "GET",
      "RequestHeaders": {
        "Accept": "application/json",
        "Authorization": "Sanitized",
        "User-Agent": "azsdk-net-ResourceManager.CosmosDB/1.0.0-alpha.20211203.1 (.NET Framework 4.8.4420.0; Microsoft Windows 10.0.22000 )",
        "x-ms-client-request-id": "9456398a91e9b75cd5e036e755860071",
        "x-ms-return-client-request-id": "true"
      },
      "RequestBody": null,
      "StatusCode": 404,
      "ResponseHeaders": {
        "Cache-Control": [
          "no-store",
          "no-cache"
        ],
        "Content-Length": "5700",
        "Content-Type": "application/json",
        "Date": "Fri, 03 Dec 2021 13:15:33 GMT",
        "Pragma": "no-cache",
        "Server": "Microsoft-HTTPAPI/2.0",
        "Strict-Transport-Security": "max-age=31536000; includeSubDomains",
        "X-Content-Type-Options": "nosniff",
        "x-ms-correlation-request-id": "558ac1e2-1b82-4005-bdd3-29758ae293bf",
        "x-ms-gatewayversion": "version=2.14.0",
        "x-ms-ratelimit-remaining-subscription-reads": "11711",
        "x-ms-request-id": "558ac1e2-1b82-4005-bdd3-29758ae293bf",
        "x-ms-routing-request-id": "EASTASIA:20211203T131533Z:558ac1e2-1b82-4005-bdd3-29758ae293bf"
      },
      "ResponseBody": {
        "code": "NotFound",
        "message": "Message: {\"code\":\"NotFound\",\"message\":\"Message: {\\\"Errors\\\":[\\\"Resource Not Found. Learn more: https:\\\\/\\\\/aka.ms\\\\/cosmosdb-tsg-not-found\\\"]}\\r\\nActivityId: 9456398a-91e9-b75c-d5e0-36e755860071, Request URI: /apps/0152c08e-edca-4977-bca0-40bb4325ee70/services/242403d4-dd2c-4148-8378-50b05cf82a5a/partitions/5f19d60c-7469-48e0-bc3d-890862f2de7e/replicas/132830106089988380s/, RequestStats: \\r\\nRequestStartTime: 2021-12-03T13:15:33.7331355Z, RequestEndTime: 2021-12-03T13:15:33.7331355Z,  Number of regions attempted:1\\r\\n{\\\"systemHistory\\\":[{\\\"dateUtc\\\":\\\"2021-12-03T13:14:31.2719643Z\\\",\\\"cpu\\\":0.832,\\\"memory\\\":58600583168.000,\\\"threadInfo\\\":{\\\"isThreadStarving\\\":\\\"False\\\",\\\"threadWaitIntervalInMs\\\":0.025,\\\"availableThreads\\\":32764,\\\"minThreads\\\":52,\\\"maxThreads\\\":32767}},{\\\"dateUtc\\\":\\\"2021-12-03T13:14:41.2821199Z\\\",\\\"cpu\\\":1.602,\\\"memory\\\":59505971200.000,\\\"threadInfo\\\":{\\\"isThreadStarving\\\":\\\"False\\\",\\\"threadWaitIntervalInMs\\\":0.0225,\\\"availableThreads\\\":32764,\\\"minThreads\\\":52,\\\"maxThreads\\\":32767}},{\\\"dateUtc\\\":\\\"2021-12-03T13:15:01.2924960Z\\\",\\\"cpu\\\":2.581,\\\"memory\\\":57910927360.000,\\\"threadInfo\\\":{\\\"isThreadStarving\\\":\\\"False\\\",\\\"threadWaitIntervalInMs\\\":0.028,\\\"availableThreads\\\":32764,\\\"minThreads\\\":52,\\\"maxThreads\\\":32767}},{\\\"dateUtc\\\":\\\"2021-12-03T13:15:11.2927182Z\\\",\\\"cpu\\\":0.970,\\\"memory\\\":58722660352.000,\\\"threadInfo\\\":{\\\"isThreadStarving\\\":\\\"False\\\",\\\"threadWaitIntervalInMs\\\":0.0376,\\\"availableThreads\\\":32765,\\\"minThreads\\\":52,\\\"maxThreads\\\":32767}},{\\\"dateUtc\\\":\\\"2021-12-03T13:15:21.3029260Z\\\",\\\"cpu\\\":0.796,\\\"memory\\\":59410112512.000,\\\"threadInfo\\\":{\\\"isThreadStarving\\\":\\\"False\\\",\\\"threadWaitIntervalInMs\\\":0.0173,\\\"availableThreads\\\":32765,\\\"minThreads\\\":52,\\\"maxThreads\\\":32767}},{\\\"dateUtc\\\":\\\"2021-12-03T13:15:31.3131087Z\\\",\\\"cpu\\\":2.691,\\\"memory\\\":56839061504.000,\\\"threadInfo\\\":{\\\"isThreadStarving\\\":\\\"False\\\",\\\"threadWaitIntervalInMs\\\":0.0263,\\\"availableThreads\\\":32763,\\\"minThreads\\\":52,\\\"maxThreads\\\":32767}}]}\\r\\nRequestStart: 2021-12-03T13:15:33.7331355Z; ResponseTime: 2021-12-03T13:15:33.7331355Z; StoreResult: StorePhysicalAddress: rntbd://cdb-ms-prod-westus1-fd76.documents.azure.com:14089/apps/0152c08e-edca-4977-bca0-40bb4325ee70/services/242403d4-dd2c-4148-8378-50b05cf82a5a/partitions/5f19d60c-7469-48e0-bc3d-890862f2de7e/replicas/132830106089988380s/, LSN: 6, GlobalCommittedLsn: 5, PartitionKeyRangeId: 0, IsValid: True, StatusCode: 404, SubStatusCode: 0, RequestCharge: 1, ItemLSN: -1, SessionToken: -1#6, UsingLocalLSN: True, TransportException: null, BELatencyMs: 0.33, ActivityId: 9456398a-91e9-b75c-d5e0-36e755860071, TransportRequestTimeline: {\\\"requestTimeline\\\":[{\\\"event\\\": \\\"Created\\\", \\\"startTimeUtc\\\": \\\"2021-12-03T13:15:33.7331355Z\\\", \\\"durationInMs\\\": 0.0127},{\\\"event\\\": \\\"ChannelAcquisitionStarted\\\", \\\"startTimeUtc\\\": \\\"2021-12-03T13:15:33.7331482Z\\\", \\\"durationInMs\\\": 0.0154},{\\\"event\\\": \\\"Pipelined\\\", \\\"startTimeUtc\\\": \\\"2021-12-03T13:15:33.7331636Z\\\", \\\"durationInMs\\\": 0.2905},{\\\"event\\\": \\\"Transit Time\\\", \\\"startTimeUtc\\\": \\\"2021-12-03T13:15:33.7334541Z\\\", \\\"durationInMs\\\": 0.9077},{\\\"event\\\": \\\"Received\\\", \\\"startTimeUtc\\\": \\\"2021-12-03T13:15:33.7343618Z\\\", \\\"durationInMs\\\": 0.145},{\\\"event\\\": \\\"Completed\\\", \\\"startTimeUtc\\\": \\\"2021-12-03T13:15:33.7345068Z\\\", \\\"durationInMs\\\": 0}],\\\"requestSizeInBytes\\\":563,\\\"responseMetadataSizeInBytes\\\":140,\\\"responseBodySizeInBytes\\\":87};\\r\\n ResourceType: StoredProcedure, OperationType: Read\\r\\nRequestStart: 2021-12-03T13:15:33.7331355Z; ResponseTime: 2021-12-03T13:15:33.7331355Z; StoreResult: StorePhysicalAddress: rntbd://cdb-ms-prod-westus1-fd76.documents.azure.com:14302/apps/0152c08e-edca-4977-bca0-40bb4325ee70/services/242403d4-dd2c-4148-8378-50b05cf82a5a/partitions/5f19d60c-7469-48e0-bc3d-890862f2de7e/replicas/132830106089988378s/, LSN: 6, GlobalCommittedLsn: 5, PartitionKeyRangeId: 0, IsValid: True, StatusCode: 404, SubStatusCode: 0, RequestCharge: 1, ItemLSN: -1, SessionToken: -1#6, UsingLocalLSN: True, TransportException: null, BELatencyMs: 0.317, ActivityId: 9456398a-91e9-b75c-d5e0-36e755860071, TransportRequestTimeline: {\\\"requestTimeline\\\":[{\\\"event\\\": \\\"Created\\\", \\\"startTimeUtc\\\": \\\"2021-12-03T13:15:33.7331355Z\\\", \\\"durationInMs\\\": 0.0064},{\\\"event\\\": \\\"ChannelAcquisitionStarted\\\", \\\"startTimeUtc\\\": \\\"2021-12-03T13:15:33.7331419Z\\\", \\\"durationInMs\\\": 0.0076},{\\\"event\\\": \\\"Pipelined\\\", \\\"startTimeUtc\\\": \\\"2021-12-03T13:15:33.7331495Z\\\", \\\"durationInMs\\\": 0.2312},{\\\"event\\\": \\\"Transit Time\\\", \\\"startTimeUtc\\\": \\\"2021-12-03T13:15:33.7333807Z\\\", \\\"durationInMs\\\": 1.0325},{\\\"event\\\": \\\"Received\\\", \\\"startTimeUtc\\\": \\\"2021-12-03T13:15:33.7344132Z\\\", \\\"durationInMs\\\": 0.0673},{\\\"event\\\": \\\"Completed\\\", \\\"startTimeUtc\\\": \\\"2021-12-03T13:15:33.7344805Z\\\", \\\"durationInMs\\\": 0}],\\\"requestSizeInBytes\\\":563,\\\"responseMetadataSizeInBytes\\\":140,\\\"responseBodySizeInBytes\\\":87};\\r\\n ResourceType: StoredProcedure, OperationType: Read\\r\\n, SDK: Microsoft.Azure.Documents.Common/2.14.0\"}, Request URI: /dbs/sql-db-6113/colls/sql-container-5674/sprocs/sql-stored-procedure-667, RequestStats: , SDK: Microsoft.Azure.Documents.Common/2.14.0"
      }
    },
    {
      "RequestUri": "https://management.azure.com/subscriptions/db1ab6f0-4769-4b27-930e-01e2ef9c123c/resourceGroups/dbaccount-6059/providers/Microsoft.DocumentDB/databaseAccounts/dbaccount-2654/sqlDatabases/sql-db-6113/containers/sql-container-5674/storedProcedures/sql-stored-procedure-667?api-version=2021-10-15",
      "RequestMethod": "GET",
      "RequestHeaders": {
        "Accept": "application/json",
        "Authorization": "Sanitized",
        "User-Agent": "azsdk-net-ResourceManager.CosmosDB/1.0.0-alpha.20211203.1 (.NET Framework 4.8.4420.0; Microsoft Windows 10.0.22000 )",
        "x-ms-client-request-id": "cd5c5a4123e5fe3295685218e1407fc4",
        "x-ms-return-client-request-id": "true"
      },
      "RequestBody": null,
      "StatusCode": 404,
      "ResponseHeaders": {
        "Cache-Control": [
          "no-store",
          "no-cache"
        ],
        "Content-Length": "5700",
        "Content-Type": "application/json",
        "Date": "Fri, 03 Dec 2021 13:15:33 GMT",
        "Pragma": "no-cache",
        "Server": "Microsoft-HTTPAPI/2.0",
        "Strict-Transport-Security": "max-age=31536000; includeSubDomains",
        "X-Content-Type-Options": "nosniff",
        "x-ms-correlation-request-id": "c4aeb9d0-b404-4d2b-ae9d-de544446b437",
        "x-ms-gatewayversion": "version=2.14.0",
        "x-ms-ratelimit-remaining-subscription-reads": "11710",
        "x-ms-request-id": "c4aeb9d0-b404-4d2b-ae9d-de544446b437",
        "x-ms-routing-request-id": "EASTASIA:20211203T131534Z:c4aeb9d0-b404-4d2b-ae9d-de544446b437"
      },
      "ResponseBody": {
        "code": "NotFound",
        "message": "Message: {\"code\":\"NotFound\",\"message\":\"Message: {\\\"Errors\\\":[\\\"Resource Not Found. Learn more: https:\\\\/\\\\/aka.ms\\\\/cosmosdb-tsg-not-found\\\"]}\\r\\nActivityId: cd5c5a41-23e5-fe32-9568-5218e1407fc4, Request URI: /apps/0152c08e-edca-4977-bca0-40bb4325ee70/services/242403d4-dd2c-4148-8378-50b05cf82a5a/partitions/5f19d60c-7469-48e0-bc3d-890862f2de7e/replicas/132830106089988378s/, RequestStats: \\r\\nRequestStartTime: 2021-12-03T13:15:34.0531636Z, RequestEndTime: 2021-12-03T13:15:34.0531636Z,  Number of regions attempted:1\\r\\n{\\\"systemHistory\\\":[{\\\"dateUtc\\\":\\\"2021-12-03T13:14:31.2719643Z\\\",\\\"cpu\\\":0.832,\\\"memory\\\":58600583168.000,\\\"threadInfo\\\":{\\\"isThreadStarving\\\":\\\"False\\\",\\\"threadWaitIntervalInMs\\\":0.025,\\\"availableThreads\\\":32764,\\\"minThreads\\\":52,\\\"maxThreads\\\":32767}},{\\\"dateUtc\\\":\\\"2021-12-03T13:14:41.2821199Z\\\",\\\"cpu\\\":1.602,\\\"memory\\\":59505971200.000,\\\"threadInfo\\\":{\\\"isThreadStarving\\\":\\\"False\\\",\\\"threadWaitIntervalInMs\\\":0.0225,\\\"availableThreads\\\":32764,\\\"minThreads\\\":52,\\\"maxThreads\\\":32767}},{\\\"dateUtc\\\":\\\"2021-12-03T13:15:01.2924960Z\\\",\\\"cpu\\\":2.581,\\\"memory\\\":57910927360.000,\\\"threadInfo\\\":{\\\"isThreadStarving\\\":\\\"False\\\",\\\"threadWaitIntervalInMs\\\":0.028,\\\"availableThreads\\\":32764,\\\"minThreads\\\":52,\\\"maxThreads\\\":32767}},{\\\"dateUtc\\\":\\\"2021-12-03T13:15:11.2927182Z\\\",\\\"cpu\\\":0.970,\\\"memory\\\":58722660352.000,\\\"threadInfo\\\":{\\\"isThreadStarving\\\":\\\"False\\\",\\\"threadWaitIntervalInMs\\\":0.0376,\\\"availableThreads\\\":32765,\\\"minThreads\\\":52,\\\"maxThreads\\\":32767}},{\\\"dateUtc\\\":\\\"2021-12-03T13:15:21.3029260Z\\\",\\\"cpu\\\":0.796,\\\"memory\\\":59410112512.000,\\\"threadInfo\\\":{\\\"isThreadStarving\\\":\\\"False\\\",\\\"threadWaitIntervalInMs\\\":0.0173,\\\"availableThreads\\\":32765,\\\"minThreads\\\":52,\\\"maxThreads\\\":32767}},{\\\"dateUtc\\\":\\\"2021-12-03T13:15:31.3131087Z\\\",\\\"cpu\\\":2.691,\\\"memory\\\":56839061504.000,\\\"threadInfo\\\":{\\\"isThreadStarving\\\":\\\"False\\\",\\\"threadWaitIntervalInMs\\\":0.0263,\\\"availableThreads\\\":32763,\\\"minThreads\\\":52,\\\"maxThreads\\\":32767}}]}\\r\\nRequestStart: 2021-12-03T13:15:34.0531636Z; ResponseTime: 2021-12-03T13:15:34.0531636Z; StoreResult: StorePhysicalAddress: rntbd://cdb-ms-prod-westus1-fd76.documents.azure.com:14302/apps/0152c08e-edca-4977-bca0-40bb4325ee70/services/242403d4-dd2c-4148-8378-50b05cf82a5a/partitions/5f19d60c-7469-48e0-bc3d-890862f2de7e/replicas/132830106089988378s/, LSN: 6, GlobalCommittedLsn: 5, PartitionKeyRangeId: 0, IsValid: True, StatusCode: 404, SubStatusCode: 0, RequestCharge: 1, ItemLSN: -1, SessionToken: -1#6, UsingLocalLSN: True, TransportException: null, BELatencyMs: 0.252, ActivityId: cd5c5a41-23e5-fe32-9568-5218e1407fc4, TransportRequestTimeline: {\\\"requestTimeline\\\":[{\\\"event\\\": \\\"Created\\\", \\\"startTimeUtc\\\": \\\"2021-12-03T13:15:34.0531636Z\\\", \\\"durationInMs\\\": 0.0137},{\\\"event\\\": \\\"ChannelAcquisitionStarted\\\", \\\"startTimeUtc\\\": \\\"2021-12-03T13:15:34.0531773Z\\\", \\\"durationInMs\\\": 0.004},{\\\"event\\\": \\\"Pipelined\\\", \\\"startTimeUtc\\\": \\\"2021-12-03T13:15:34.0531813Z\\\", \\\"durationInMs\\\": 0.3062},{\\\"event\\\": \\\"Transit Time\\\", \\\"startTimeUtc\\\": \\\"2021-12-03T13:15:34.0534875Z\\\", \\\"durationInMs\\\": 0.9078},{\\\"event\\\": \\\"Received\\\", \\\"startTimeUtc\\\": \\\"2021-12-03T13:15:34.0543953Z\\\", \\\"durationInMs\\\": 0.1527},{\\\"event\\\": \\\"Completed\\\", \\\"startTimeUtc\\\": \\\"2021-12-03T13:15:34.0545480Z\\\", \\\"durationInMs\\\": 0}],\\\"requestSizeInBytes\\\":561,\\\"responseMetadataSizeInBytes\\\":140,\\\"responseBodySizeInBytes\\\":87};\\r\\n ResourceType: StoredProcedure, OperationType: Read\\r\\nRequestStart: 2021-12-03T13:15:34.0531636Z; ResponseTime: 2021-12-03T13:15:34.0531636Z; StoreResult: StorePhysicalAddress: rntbd://cdb-ms-prod-westus1-fd76.documents.azure.com:14089/apps/0152c08e-edca-4977-bca0-40bb4325ee70/services/242403d4-dd2c-4148-8378-50b05cf82a5a/partitions/5f19d60c-7469-48e0-bc3d-890862f2de7e/replicas/132830106089988380s/, LSN: 6, GlobalCommittedLsn: 5, PartitionKeyRangeId: 0, IsValid: True, StatusCode: 404, SubStatusCode: 0, RequestCharge: 1, ItemLSN: -1, SessionToken: -1#6, UsingLocalLSN: True, TransportException: null, BELatencyMs: 0.259, ActivityId: cd5c5a41-23e5-fe32-9568-5218e1407fc4, TransportRequestTimeline: {\\\"requestTimeline\\\":[{\\\"event\\\": \\\"Created\\\", \\\"startTimeUtc\\\": \\\"2021-12-03T13:15:34.0531636Z\\\", \\\"durationInMs\\\": 0.0056},{\\\"event\\\": \\\"ChannelAcquisitionStarted\\\", \\\"startTimeUtc\\\": \\\"2021-12-03T13:15:34.0531692Z\\\", \\\"durationInMs\\\": 0.002},{\\\"event\\\": \\\"Pipelined\\\", \\\"startTimeUtc\\\": \\\"2021-12-03T13:15:34.0531712Z\\\", \\\"durationInMs\\\": 0.1888},{\\\"event\\\": \\\"Transit Time\\\", \\\"startTimeUtc\\\": \\\"2021-12-03T13:15:34.0533600Z\\\", \\\"durationInMs\\\": 0.8384},{\\\"event\\\": \\\"Received\\\", \\\"startTimeUtc\\\": \\\"2021-12-03T13:15:34.0541984Z\\\", \\\"durationInMs\\\": 0.1598},{\\\"event\\\": \\\"Completed\\\", \\\"startTimeUtc\\\": \\\"2021-12-03T13:15:34.0543582Z\\\", \\\"durationInMs\\\": 0}],\\\"requestSizeInBytes\\\":561,\\\"responseMetadataSizeInBytes\\\":140,\\\"responseBodySizeInBytes\\\":87};\\r\\n ResourceType: StoredProcedure, OperationType: Read\\r\\n, SDK: Microsoft.Azure.Documents.Common/2.14.0\"}, Request URI: /dbs/sql-db-6113/colls/sql-container-5674/sprocs/sql-stored-procedure-667, RequestStats: , SDK: Microsoft.Azure.Documents.Common/2.14.0"
      }
    }
  ],
  "Variables": {
    "RandomSeed": "1397123081",
    "RESOURCE_MANAGER_URL": null,
    "SUBSCRIPTION_ID": "db1ab6f0-4769-4b27-930e-01e2ef9c123c"
  }
}