{
  "Entries": [
    {
      "RequestUri": "/subscriptions/279b0675-cf67-467f-98f0-67ae31eb540f/resourcegroups/csmrg17?api-version=2014-04-01-preview",
      "RequestMethod": "PUT",
      "RequestBody": "{\r\n  \"location\": \"West US\",\r\n  \"tags\": {}\r\n}",
      "RequestHeaders": {
        "Content-Type": [
          "application/json; charset=utf-8"
        ],
        "Content-Length": [
          "44"
        ],
        "User-Agent": [
          "Microsoft.Azure.Management.Resources.ResourceManagementClient/2.0.0.0"
        ]
      },
      "ResponseBody": "{\r\n  \"id\": \"/subscriptions/279b0675-cf67-467f-98f0-67ae31eb540f/resourceGroups/csmrg17\",\r\n  \"name\": \"csmrg17\",\r\n  \"location\": \"westus\",\r\n  \"tags\": {},\r\n  \"properties\": {\r\n    \"provisioningState\": \"Succeeded\"\r\n  }\r\n}",
      "ResponseHeaders": {
        "Content-Length": [
          "177"
        ],
        "Content-Type": [
          "application/json; charset=utf-8"
        ],
        "Expires": [
          "-1"
        ],
        "Pragma": [
          "no-cache"
        ],
        "x-ms-ratelimit-remaining-subscription-writes": [
          "1199"
        ],
        "x-ms-request-id": [
          "fe9b9c4f-2edf-4cca-96cd-acc6e7360923"
        ],
        "x-ms-correlation-request-id": [
          "fe9b9c4f-2edf-4cca-96cd-acc6e7360923"
        ],
        "x-ms-routing-request-id": [
          "WESTUS:20140919T220852Z:fe9b9c4f-2edf-4cca-96cd-acc6e7360923"
        ],
        "Strict-Transport-Security": [
          "max-age=31536000; includeSubDomains"
        ],
        "Cache-Control": [
          "no-cache"
        ],
        "Date": [
          "Fri, 19 Sep 2014 22:08:51 GMT"
        ]
      },
      "StatusCode": 201
    },
    {
      "RequestUri": "/subscriptions/279b0675-cf67-467f-98f0-67ae31eb540f/resourceGroups/csmrg17/providers/Microsoft.Web/serverFarms/csmsf385?api-version=2014-04-01",
      "RequestMethod": "PUT",
      "RequestBody": "{\r\n  \"properties\": {\r\n    \"sku\": \"Free\",\r\n    \"numberOfWorkers\": 1,\r\n    \"workerSize\": \"Small\"\r\n  },\r\n  \"name\": \"csmsf385\",\r\n  \"location\": \"West US\",\r\n  \"tags\": {}\r\n}",
      "RequestHeaders": {
        "Content-Type": [
          "application/json; charset=utf-8"
        ],
        "Content-Length": [
          "166"
        ],
        "User-Agent": [
          "Microsoft.Azure.Management.WebSites.WebSiteManagementClient/2.0.0.0"
        ]
      },
      "ResponseBody": "{\r\n  \"id\": \"/subscriptions/279b0675-cf67-467f-98f0-67ae31eb540f/resourceGroups/csmrg17/providers/Microsoft.Web/serverfarms/csmsf385\",\r\n  \"name\": \"csmsf385\",\r\n  \"type\": \"Microsoft.Web/serverfarms\",\r\n  \"location\": \"West US\",\r\n  \"tags\": {},\r\n  \"properties\": {\r\n    \"name\": \"csmsf385\",\r\n    \"sku\": \"Free\",\r\n    \"workerSize\": 0,\r\n    \"numberOfWorkers\": 0,\r\n    \"currentWorkerSize\": 0,\r\n    \"currentNumberOfWorkers\": 0,\r\n    \"status\": 0,\r\n    \"webSpace\": \"csmrg17-WestUSwebspace\"\r\n  }\r\n}",
      "ResponseHeaders": {
        "Content-Length": [
          "389"
        ],
        "Content-Type": [
          "application/json"
        ],
        "Expires": [
          "-1"
        ],
        "Pragma": [
          "no-cache"
        ],
        "Strict-Transport-Security": [
          "max-age=31536000; includeSubDomains"
        ],
        "x-ms-request-id": [
          "783f793d-c83f-45df-8fd1-8bf8c231c3ef"
        ],
        "x-ms-ratelimit-remaining-subscription-writes": [
          "1198"
        ],
        "x-ms-correlation-request-id": [
          "2d1ced82-3fb3-41c1-8680-52eb1897f5c2"
        ],
        "x-ms-routing-request-id": [
          "WESTUS:20140919T220855Z:2d1ced82-3fb3-41c1-8680-52eb1897f5c2"
        ],
        "Cache-Control": [
          "no-cache"
        ],
        "Date": [
          "Fri, 19 Sep 2014 22:08:55 GMT"
        ],
        "Server": [
          "Microsoft-IIS/8.0"
        ],
        "X-AspNet-Version": [
          "4.0.30319"
        ],
        "X-Powered-By": [
          "ASP.NET"
        ]
      },
      "StatusCode": 200
    },
    {
      "RequestUri": "/subscriptions/279b0675-cf67-467f-98f0-67ae31eb540f/resourceGroups/csmrg17/providers/Microsoft.Web/sites/csmws5641?api-version=2014-04-01",
      "RequestMethod": "PUT",
      "RequestBody": "{\r\n  \"properties\": {\r\n    \"ServerFarm\": \"csmsf385\"\r\n  },\r\n  \"name\": \"csmws5641\",\r\n  \"location\": \"West US\",\r\n  \"tags\": {}\r\n}",
      "RequestHeaders": {
        "Content-Type": [
          "application/json; charset=utf-8"
        ],
        "Content-Length": [
          "123"
        ],
        "User-Agent": [
          "Microsoft.Azure.Management.WebSites.WebSiteManagementClient/2.0.0.0"
        ]
      },
      "ResponseBody": "{\r\n  \"id\": \"/subscriptions/279b0675-cf67-467f-98f0-67ae31eb540f/resourceGroups/csmrg17/providers/Microsoft.Web/sites/csmws5641\",\r\n  \"name\": \"csmws5641\",\r\n  \"type\": \"Microsoft.Web/sites\",\r\n  \"location\": \"West US\",\r\n  \"tags\": {},\r\n  \"properties\": {\r\n    \"name\": \"csmws5641\",\r\n    \"state\": \"Running\",\r\n    \"hostNames\": [\r\n      \"csmws5641.azurewebsites.net\"\r\n    ],\r\n    \"webSpace\": \"csmrg17-WestUSwebspace\",\r\n    \"selfLink\": \"https://waws-prod-bay-011.api.azurewebsites.windows.net:454/subscriptions/279b0675-cf67-467f-98f0-67ae31eb540f/webspaces/csmrg17-WestUSwebspace/sites/csmws5641\",\r\n    \"repositorySiteName\": \"csmws5641\",\r\n    \"owner\": null,\r\n    \"usageState\": 0,\r\n    \"enabled\": true,\r\n    \"adminEnabled\": true,\r\n    \"enabledHostNames\": [\r\n      \"csmws5641.azurewebsites.net\",\r\n      \"csmws5641.scm.azurewebsites.net\"\r\n    ],\r\n    \"siteProperties\": {\r\n      \"metadata\": null,\r\n      \"properties\": [],\r\n      \"appSettings\": null\r\n    },\r\n    \"availabilityState\": 0,\r\n    \"sslCertificates\": null,\r\n    \"csrs\": [],\r\n    \"cers\": null,\r\n    \"siteMode\": null,\r\n    \"hostNameSslStates\": [\r\n      {\r\n        \"name\": \"csmws5641.azurewebsites.net\",\r\n        \"sslState\": 0,\r\n        \"ipBasedSslResult\": null,\r\n        \"virtualIP\": null,\r\n        \"thumbprint\": null,\r\n        \"toUpdate\": null,\r\n        \"toUpdateIpBasedSsl\": null,\r\n        \"ipBasedSslState\": 0\r\n      },\r\n      {\r\n        \"name\": \"csmws5641.scm.azurewebsites.net\",\r\n        \"sslState\": 0,\r\n        \"ipBasedSslResult\": null,\r\n        \"virtualIP\": null,\r\n        \"thumbprint\": null,\r\n        \"toUpdate\": null,\r\n        \"toUpdateIpBasedSsl\": null,\r\n        \"ipBasedSslState\": 0\r\n      }\r\n    ],\r\n    \"computeMode\": null,\r\n    \"serverFarm\": \"csmsf385\",\r\n    \"webHostingPlan\": \"csmsf385\",\r\n    \"lastModifiedTimeUtc\": \"2014-09-19T22:08:57.893\",\r\n    \"storageRecoveryDefaultState\": \"Running\",\r\n    \"contentAvailabilityState\": 0,\r\n    \"runtimeAvailabilityState\": 0,\r\n    \"siteConfig\": null,\r\n    \"deploymentId\": \"csmws5641\",\r\n    \"trafficManagerHostNames\": null,\r\n    \"sku\": \"Free\",\r\n    \"premiumAppDeployed\": null,\r\n    \"scmSiteAlsoStopped\": false\r\n  }\r\n}",
      "ResponseHeaders": {
        "Content-Length": [
          "1572"
        ],
        "Content-Type": [
          "application/json"
        ],
        "Expires": [
          "-1"
        ],
        "Pragma": [
          "no-cache"
        ],
        "Strict-Transport-Security": [
          "max-age=31536000; includeSubDomains"
        ],
        "x-ms-request-id": [
          "8b78e8eb-54d2-4825-86aa-a16ca0b1979d"
        ],
        "x-ms-ratelimit-remaining-subscription-writes": [
          "1197"
        ],
        "x-ms-correlation-request-id": [
          "cd670472-2b4e-4353-9588-0ee2860ae940"
        ],
        "x-ms-routing-request-id": [
          "WESTUS:20140919T220900Z:cd670472-2b4e-4353-9588-0ee2860ae940"
        ],
        "Cache-Control": [
          "no-cache"
        ],
        "Date": [
          "Fri, 19 Sep 2014 22:09:00 GMT"
        ],
        "Server": [
          "Microsoft-IIS/8.0"
        ],
        "X-AspNet-Version": [
          "4.0.30319"
        ],
        "X-Powered-By": [
          "ASP.NET"
        ]
      },
      "StatusCode": 200
    },
    {
      "RequestUri": "/subscriptions/279b0675-cf67-467f-98f0-67ae31eb540f/resourceGroups/csmrg17/providers/Microsoft.Web/sites/csmws5641/restore?api-version=2014-04-01",
      "RequestMethod": "GET",
      "RequestBody": "",
      "RequestHeaders": {
        "x-ms-version": [
          "2014-04-01"
        ],
        "User-Agent": [
          "Microsoft.Azure.Management.WebSites.WebSiteManagementClient/2.0.0.0"
        ]
      },
      "ResponseBody": "{\r\n  \"id\": null,\r\n  \"name\": \"csmws5641\",\r\n  \"type\": \"Microsoft.Web/sites\",\r\n  \"location\": \"West US\",\r\n  \"tags\": null,\r\n  \"properties\": []\r\n}",
      "ResponseHeaders": {
        "Content-Length": [
          "108"
        ],
        "Content-Type": [
          "application/json"
        ],
        "Expires": [
          "-1"
        ],
        "Pragma": [
          "no-cache"
        ],
        "Strict-Transport-Security": [
          "max-age=31536000; includeSubDomains"
        ],
        "x-ms-request-id": [
          "89d91a46-0bd5-4c3f-83da-773d564d14ce"
        ],
        "x-ms-ratelimit-remaining-subscription-reads": [
          "31999"
        ],
        "x-ms-correlation-request-id": [
          "73a3f6c2-0d38-4ecf-a853-6174872c6fdc"
        ],
        "x-ms-routing-request-id": [
          "WESTUS:20140919T220900Z:73a3f6c2-0d38-4ecf-a853-6174872c6fdc"
        ],
        "Cache-Control": [
          "no-cache"
        ],
        "Date": [
          "Fri, 19 Sep 2014 22:09:00 GMT"
        ],
        "Server": [
          "Microsoft-IIS/8.0"
        ],
        "X-AspNet-Version": [
          "4.0.30319"
        ],
        "X-Powered-By": [
          "ASP.NET"
        ]
      },
      "StatusCode": 200
    },
    {
      "RequestUri": "/subscriptions/279b0675-cf67-467f-98f0-67ae31eb540f/resourceGroups/csmrg17/providers/Microsoft.Web/sites/csmws5641/backup/config?api-version=2014-04-01",
      "RequestMethod": "PUT",
      "RequestBody": "{\r\n  \"properties\": {\r\n    \"backupSchedule\": {\r\n      \"frequencyInterval\": 17,\r\n      \"frequencyUnit\": \"Day\",\r\n      \"keepAtLeastOneBackup\": true,\r\n      \"retentionPeriodInDays\": 26,\r\n      \"startTime\": \"2014-09-24T15:09:00.5836984-07:00\"\r\n    },\r\n    \"databases\": [],\r\n    \"enabled\": false,\r\n    \"name\": \"abc\",\r\n    \"storageAccountUrl\": \"https://nonexistingusername3567.blob.core.windows.net/backup/?sv=2012-02-12&st=2013-12-05T19%3A30%3A45Z&se=2017-12-04T19%3A30%3A45Z&sr=c&sp=rwdl&sig=3BY5sbzQ2NeKvdaelzxc8inxJgE1mGq2a%2BaqUeFGJYo%3D\"\r\n  },\r\n  \"location\": \"West US\",\r\n  \"tags\": {}\r\n}",
      "RequestHeaders": {
        "Content-Type": [
          "application/json"
        ],
        "Content-Length": [
          "585"
        ],
        "x-ms-version": [
          "2014-04-01"
        ],
        "User-Agent": [
          "Microsoft.Azure.Management.WebSites.WebSiteManagementClient/2.0.0.0"
        ]
      },
      "ResponseBody": "{\r\n  \"Code\": \"Conflict\",\r\n  \"Message\": \"Backup/Restore feature is not allowed in current site mode.\",\r\n  \"Target\": null,\r\n  \"Details\": [\r\n    {\r\n      \"Message\": \"Backup/Restore feature is not allowed in current site mode.\"\r\n    },\r\n    {\r\n      \"Code\": \"Conflict\"\r\n    },\r\n    {\r\n      \"ErrorEntity\": {\r\n        \"Code\": \"Conflict\",\r\n        \"Message\": \"Backup/Restore feature is not allowed in current site mode.\",\r\n        \"ExtendedCode\": \"04215\",\r\n        \"MessageTemplate\": \"Backup/Restore feature is not allowed in current site mode.\",\r\n        \"Parameters\": [],\r\n        \"InnerErrors\": null\r\n      }\r\n    }\r\n  ],\r\n  \"Innererror\": null\r\n}",
      "ResponseHeaders": {
        "Content-Length": [
          "475"
        ],
        "Content-Type": [
          "application/json; charset=utf-8"
        ],
        "Expires": [
          "-1"
        ],
        "Pragma": [
          "no-cache"
        ],
        "Strict-Transport-Security": [
          "max-age=31536000; includeSubDomains"
        ],
        "x-ms-ratelimit-remaining-subscription-writes": [
          "1196"
        ],
        "x-ms-request-id": [
          "c0cf217a-f6fd-4d0e-a758-8b20509112d2"
        ],
        "x-ms-correlation-request-id": [
          "c0cf217a-f6fd-4d0e-a758-8b20509112d2"
        ],
        "x-ms-routing-request-id": [
          "WESTUS:20140919T220901Z:c0cf217a-f6fd-4d0e-a758-8b20509112d2"
        ],
        "Cache-Control": [
          "no-cache"
        ],
        "Date": [
          "Fri, 19 Sep 2014 22:09:01 GMT"
        ],
        "Server": [
          "Microsoft-IIS/8.0"
        ],
        "X-AspNet-Version": [
          "4.0.30319"
        ],
        "X-Powered-By": [
          "ASP.NET"
        ]
      },
      "StatusCode": 409
    }
  ],
  "Names": {
    "ListBackupsAndScheduledBackupRoundTrip": [
      "csmsf385",
      "csmrg17",
      "csmws5641"
    ]
  },
  "Variables": {
    "SubscriptionId": "279b0675-cf67-467f-98f0-67ae31eb540f",
    "UserId": "destanko@microsoft.com"
  }
}