{
  "Entries": [
    {
      "RequestUri": "https://chrisstablesprim.table.cosmos.azure.com/Tables?$format=application%2Fjson%3Bodata%3Dminimalmetadata",
      "RequestMethod": "POST",
      "RequestHeaders": {
        "Accept": "application/json; odata=minimalmetadata",
        "Authorization": "Sanitized",
        "Content-Length": "33",
        "Content-Type": "application/json; odata=nometadata",
        "DataServiceVersion": "3.0",
        "traceparent": "00-211d04d3d7a16d4587cf494000d72f2a-3894a2c826dc5846-00",
        "User-Agent": [
          "azsdk-net-Data.Tables/3.0.0-alpha.20210106.1",
          "(.NET Core 4.6.29321.03; Microsoft Windows 10.0.19042 )"
        ],
        "x-ms-client-request-id": "129d026ca923353dc11ee32a13dd8f9c",
        "x-ms-date": "Wed, 06 Jan 2021 22:28:24 GMT",
        "x-ms-return-client-request-id": "true",
        "x-ms-version": "2019-02-02"
      },
      "RequestBody": {
        "TableName": "testtableev12v1vx"
      },
      "StatusCode": 201,
      "ResponseHeaders": {
        "Content-Type": "application/json; odata=minimalmetadata",
        "Date": "Wed, 06 Jan 2021 22:28:24 GMT",
        "ETag": "W/\u0022datetime\u00272021-01-06T22%3A28%3A24.8367112Z\u0027\u0022",
        "Location": "https://chrisstablesprim.table.cosmos.azure.com/Tables(\u0027testtableev12v1vx\u0027)",
        "Server": "Microsoft-HTTPAPI/2.0",
        "Transfer-Encoding": "chunked",
        "x-ms-request-id": "129d026c-a923-353d-c11e-e32a13dd8f9c"
      },
      "ResponseBody": {
        "TableName": "testtableev12v1vx",
        "odata.metadata": "https://chrisstablesprim.table.cosmos.azure.com/$metadata#Tables/@Element"
      }
    },
    {
      "RequestUri": "https://chrisstablesprim.table.cosmos.azure.com/testtableev12v1vx?$format=application%2Fjson%3Bodata%3Dminimalmetadata",
      "RequestMethod": "POST",
      "RequestHeaders": {
        "Accept": "application/json; odata=minimalmetadata",
        "Authorization": "Sanitized",
        "Content-Length": "1659",
        "Content-Type": "application/json; odata=nometadata",
        "DataServiceVersion": "3.0",
        "Prefer": "return-no-content",
        "traceparent": "00-f6edff33b8309743b986fec82284bc12-39f32e60d852464c-00",
        "User-Agent": [
          "azsdk-net-Data.Tables/3.0.0-alpha.20210106.1",
          "(.NET Core 4.6.29321.03; Microsoft Windows 10.0.19042 )"
        ],
        "x-ms-client-request-id": "8d35d104b90724fd16b404c3b438a166",
        "x-ms-date": "Wed, 06 Jan 2021 22:28:25 GMT",
        "x-ms-return-client-request-id": "true",
        "x-ms-version": "2019-02-02"
      },
      "RequestBody": {
        "DateTimeOffsetNull": null,
        "DateTimeOffsetN": "2020-01-01T01:02:00.0000000Z",
        "DateTimeOffsetN@odata.type": "Edm.DateTime",
        "DateTimeOffset": "2020-01-01T01:02:00.0000000Z",
        "DateTimeOffset@odata.type": "Edm.DateTime",
        "DateTimeNull": null,
        "DateTimeN": "2020-01-01T01:02:00.0000000Z",
        "DateTimeN@odata.type": "Edm.DateTime",
        "DateTime": "2020-01-01T01:02:00.0000000Z",
        "DateTime@odata.type": "Edm.DateTime",
        "DateTimeAsString": "2020-01-01T01:02:00.0000000Z",
        "BoolNull": null,
        "BoolN": false,
        "Bool": false,
        "BoolPrimitiveNull": null,
        "BoolPrimitiveN": false,
        "BoolPrimitive": false,
        "Binary": "AQIB",
        "Binary@odata.type": "Edm.Binary",
        "BinaryNull": null,
        "BinaryPrimitive": "AQIB",
        "BinaryPrimitive@odata.type": "Edm.Binary",
        "DoublePrimitiveNull": null,
        "DoublePrimitiveN": 1.5,
        "DoublePrimitiveN@odata.type": "Edm.Double",
        "DoublePrimitive": 1.5,
        "DoublePrimitive@odata.type": "Edm.Double",
        "DoubleNull": null,
        "DoubleN": 1.5,
        "DoubleN@odata.type": "Edm.Double",
        "Double": 1.5,
        "Double@odata.type": "Edm.Double",
        "DoubleInteger": 1,
        "DoubleInteger@odata.type": "Edm.Double",
        "GuidNull": null,
        "GuidN": "0d391d16-97f1-4b9a-be68-4cc871f90001",
        "GuidN@odata.type": "Edm.Guid",
        "Guid": "0d391d16-97f1-4b9a-be68-4cc871f90001",
        "Guid@odata.type": "Edm.Guid",
        "IntegerPrimitiveNull": null,
        "IntegerPrimitiveN": 1,
        "IntegerPrimitive": 1,
        "Int32Null": null,
        "Int32N": 1,
        "Int32": 1,
        "LongPrimitiveNull": null,
        "LongPrimitiveN": "2147483648",
        "LongPrimitiveN@odata.type": "Edm.Int64",
        "LongPrimitive": "2147483648",
        "LongPrimitive@odata.type": "Edm.Int64",
        "Int64Null": null,
        "Int64N": "123456789012",
        "Int64N@odata.type": "Edm.Int64",
        "Int64": "2147483648",
        "Int64@odata.type": "Edm.Int64",
        "String": "0001",
        "PartitionKey": "somPartition",
        "RowKey": "0001",
        "Timestamp": null
      },
      "StatusCode": 204,
      "ResponseHeaders": {
        "Content-Length": "0",
        "Date": "Wed, 06 Jan 2021 22:28:24 GMT",
        "ETag": "W/\u0022datetime\u00272021-01-06T22%3A28%3A25.3304840Z\u0027\u0022",
        "Location": "https://chrisstablesprim.table.cosmos.azure.com/testtableev12v1vx(PartitionKey=\u0027somPartition\u0027,RowKey=\u00270001\u0027)",
        "Preference-Applied": "return-no-content",
        "Server": "Microsoft-HTTPAPI/2.0",
        "x-ms-request-id": "8d35d104-b907-24fd-16b4-04c3b438a166"
      },
      "ResponseBody": []
    },
    {
      "RequestUri": "https://chrisstablesprim.table.cosmos.azure.com/testtableev12v1vx?$format=application%2Fjson%3Bodata%3Dminimalmetadata",
      "RequestMethod": "POST",
      "RequestHeaders": {
        "Accept": "application/json; odata=minimalmetadata",
        "Authorization": "Sanitized",
        "Content-Length": "1657",
        "Content-Type": "application/json; odata=nometadata",
        "DataServiceVersion": "3.0",
        "Prefer": "return-no-content",
        "traceparent": "00-f914519577f43d4d81a2ab0a6ea2cbda-102347a81bccc141-00",
        "User-Agent": [
          "azsdk-net-Data.Tables/3.0.0-alpha.20210106.1",
          "(.NET Core 4.6.29321.03; Microsoft Windows 10.0.19042 )"
        ],
        "x-ms-client-request-id": "f8173118d8b1c77997278faa14f5331e",
        "x-ms-date": "Wed, 06 Jan 2021 22:28:25 GMT",
        "x-ms-return-client-request-id": "true",
        "x-ms-version": "2019-02-02"
      },
      "RequestBody": {
        "DateTimeOffsetNull": null,
        "DateTimeOffsetN": "2020-01-01T01:03:00.0000000Z",
        "DateTimeOffsetN@odata.type": "Edm.DateTime",
        "DateTimeOffset": "2020-01-01T01:03:00.0000000Z",
        "DateTimeOffset@odata.type": "Edm.DateTime",
        "DateTimeNull": null,
        "DateTimeN": "2020-01-01T01:03:00.0000000Z",
        "DateTimeN@odata.type": "Edm.DateTime",
        "DateTime": "2020-01-01T01:03:00.0000000Z",
        "DateTime@odata.type": "Edm.DateTime",
        "DateTimeAsString": "2020-01-01T01:03:00.0000000Z",
        "BoolNull": null,
        "BoolN": false,
        "Bool": true,
        "BoolPrimitiveNull": null,
        "BoolPrimitiveN": false,
        "BoolPrimitive": true,
        "Binary": "AQIC",
        "Binary@odata.type": "Edm.Binary",
        "BinaryNull": null,
        "BinaryPrimitive": "AQIC",
        "BinaryPrimitive@odata.type": "Edm.Binary",
        "DoublePrimitiveNull": null,
        "DoublePrimitiveN": 2.5,
        "DoublePrimitiveN@odata.type": "Edm.Double",
        "DoublePrimitive": 2.5,
        "DoublePrimitive@odata.type": "Edm.Double",
        "DoubleNull": null,
        "DoubleN": 2.5,
        "DoubleN@odata.type": "Edm.Double",
        "Double": 2.5,
        "Double@odata.type": "Edm.Double",
        "DoubleInteger": 2,
        "DoubleInteger@odata.type": "Edm.Double",
        "GuidNull": null,
        "GuidN": "0d391d16-97f1-4b9a-be68-4cc871f90002",
        "GuidN@odata.type": "Edm.Guid",
        "Guid": "0d391d16-97f1-4b9a-be68-4cc871f90002",
        "Guid@odata.type": "Edm.Guid",
        "IntegerPrimitiveNull": null,
        "IntegerPrimitiveN": 2,
        "IntegerPrimitive": 2,
        "Int32Null": null,
        "Int32N": 2,
        "Int32": 2,
        "LongPrimitiveNull": null,
        "LongPrimitiveN": "2147483649",
        "LongPrimitiveN@odata.type": "Edm.Int64",
        "LongPrimitive": "2147483649",
        "LongPrimitive@odata.type": "Edm.Int64",
        "Int64Null": null,
        "Int64N": "123456789012",
        "Int64N@odata.type": "Edm.Int64",
        "Int64": "2147483649",
        "Int64@odata.type": "Edm.Int64",
        "String": "0002",
        "PartitionKey": "somPartition",
        "RowKey": "0002",
        "Timestamp": null
      },
      "StatusCode": 204,
      "ResponseHeaders": {
        "Content-Length": "0",
        "Date": "Wed, 06 Jan 2021 22:28:24 GMT",
        "ETag": "W/\u0022datetime\u00272021-01-06T22%3A28%3A25.4011400Z\u0027\u0022",
        "Location": "https://chrisstablesprim.table.cosmos.azure.com/testtableev12v1vx(PartitionKey=\u0027somPartition\u0027,RowKey=\u00270002\u0027)",
        "Preference-Applied": "return-no-content",
        "Server": "Microsoft-HTTPAPI/2.0",
        "x-ms-request-id": "f8173118-d8b1-c779-9727-8faa14f5331e"
      },
      "ResponseBody": []
    },
    {
      "RequestUri": "https://chrisstablesprim.table.cosmos.azure.com/testtableev12v1vx?$format=application%2Fjson%3Bodata%3Dminimalmetadata",
      "RequestMethod": "POST",
      "RequestHeaders": {
        "Accept": "application/json; odata=minimalmetadata",
        "Authorization": "Sanitized",
        "Content-Length": "1659",
        "Content-Type": "application/json; odata=nometadata",
        "DataServiceVersion": "3.0",
        "Prefer": "return-no-content",
        "traceparent": "00-74d9dec72e9f854e9a7715a9ff5f04d2-e50a45f2b815094e-00",
        "User-Agent": [
          "azsdk-net-Data.Tables/3.0.0-alpha.20210106.1",
          "(.NET Core 4.6.29321.03; Microsoft Windows 10.0.19042 )"
        ],
        "x-ms-client-request-id": "25afa971f34cb37f0579fc6fa5798089",
        "x-ms-date": "Wed, 06 Jan 2021 22:28:25 GMT",
        "x-ms-return-client-request-id": "true",
        "x-ms-version": "2019-02-02"
      },
      "RequestBody": {
        "DateTimeOffsetNull": null,
        "DateTimeOffsetN": "2020-01-01T01:04:00.0000000Z",
        "DateTimeOffsetN@odata.type": "Edm.DateTime",
        "DateTimeOffset": "2020-01-01T01:04:00.0000000Z",
        "DateTimeOffset@odata.type": "Edm.DateTime",
        "DateTimeNull": null,
        "DateTimeN": "2020-01-01T01:04:00.0000000Z",
        "DateTimeN@odata.type": "Edm.DateTime",
        "DateTime": "2020-01-01T01:04:00.0000000Z",
        "DateTime@odata.type": "Edm.DateTime",
        "DateTimeAsString": "2020-01-01T01:04:00.0000000Z",
        "BoolNull": null,
        "BoolN": false,
        "Bool": false,
        "BoolPrimitiveNull": null,
        "BoolPrimitiveN": false,
        "BoolPrimitive": false,
        "Binary": "AQID",
        "Binary@odata.type": "Edm.Binary",
        "BinaryNull": null,
        "BinaryPrimitive": "AQID",
        "BinaryPrimitive@odata.type": "Edm.Binary",
        "DoublePrimitiveNull": null,
        "DoublePrimitiveN": 3.5,
        "DoublePrimitiveN@odata.type": "Edm.Double",
        "DoublePrimitive": 3.5,
        "DoublePrimitive@odata.type": "Edm.Double",
        "DoubleNull": null,
        "DoubleN": 3.5,
        "DoubleN@odata.type": "Edm.Double",
        "Double": 3.5,
        "Double@odata.type": "Edm.Double",
        "DoubleInteger": 3,
        "DoubleInteger@odata.type": "Edm.Double",
        "GuidNull": null,
        "GuidN": "0d391d16-97f1-4b9a-be68-4cc871f90003",
        "GuidN@odata.type": "Edm.Guid",
        "Guid": "0d391d16-97f1-4b9a-be68-4cc871f90003",
        "Guid@odata.type": "Edm.Guid",
        "IntegerPrimitiveNull": null,
        "IntegerPrimitiveN": 3,
        "IntegerPrimitive": 3,
        "Int32Null": null,
        "Int32N": 3,
        "Int32": 3,
        "LongPrimitiveNull": null,
        "LongPrimitiveN": "2147483650",
        "LongPrimitiveN@odata.type": "Edm.Int64",
        "LongPrimitive": "2147483650",
        "LongPrimitive@odata.type": "Edm.Int64",
        "Int64Null": null,
        "Int64N": "123456789012",
        "Int64N@odata.type": "Edm.Int64",
        "Int64": "2147483650",
        "Int64@odata.type": "Edm.Int64",
        "String": "0003",
        "PartitionKey": "somPartition",
        "RowKey": "0003",
        "Timestamp": null
      },
      "StatusCode": 204,
      "ResponseHeaders": {
        "Content-Length": "0",
        "Date": "Wed, 06 Jan 2021 22:28:24 GMT",
        "ETag": "W/\u0022datetime\u00272021-01-06T22%3A28%3A25.4709768Z\u0027\u0022",
        "Location": "https://chrisstablesprim.table.cosmos.azure.com/testtableev12v1vx(PartitionKey=\u0027somPartition\u0027,RowKey=\u00270003\u0027)",
        "Preference-Applied": "return-no-content",
        "Server": "Microsoft-HTTPAPI/2.0",
        "x-ms-request-id": "25afa971-f34c-b37f-0579-fc6fa5798089"
      },
      "ResponseBody": []
    },
    {
      "RequestUri": "https://chrisstablesprim.table.cosmos.azure.com/testtableev12v1vx?$format=application%2Fjson%3Bodata%3Dminimalmetadata",
      "RequestMethod": "POST",
      "RequestHeaders": {
        "Accept": "application/json; odata=minimalmetadata",
        "Authorization": "Sanitized",
        "Content-Length": "1657",
        "Content-Type": "application/json; odata=nometadata",
        "DataServiceVersion": "3.0",
        "Prefer": "return-no-content",
        "traceparent": "00-4f9d52ca2d9008459434b5d7e433d37b-e819e3a3b167b149-00",
        "User-Agent": [
          "azsdk-net-Data.Tables/3.0.0-alpha.20210106.1",
          "(.NET Core 4.6.29321.03; Microsoft Windows 10.0.19042 )"
        ],
        "x-ms-client-request-id": "e2127c7d97c52bea576df5df2a531020",
        "x-ms-date": "Wed, 06 Jan 2021 22:28:25 GMT",
        "x-ms-return-client-request-id": "true",
        "x-ms-version": "2019-02-02"
      },
      "RequestBody": {
        "DateTimeOffsetNull": null,
        "DateTimeOffsetN": "2020-01-01T01:05:00.0000000Z",
        "DateTimeOffsetN@odata.type": "Edm.DateTime",
        "DateTimeOffset": "2020-01-01T01:05:00.0000000Z",
        "DateTimeOffset@odata.type": "Edm.DateTime",
        "DateTimeNull": null,
        "DateTimeN": "2020-01-01T01:05:00.0000000Z",
        "DateTimeN@odata.type": "Edm.DateTime",
        "DateTime": "2020-01-01T01:05:00.0000000Z",
        "DateTime@odata.type": "Edm.DateTime",
        "DateTimeAsString": "2020-01-01T01:05:00.0000000Z",
        "BoolNull": null,
        "BoolN": false,
        "Bool": true,
        "BoolPrimitiveNull": null,
        "BoolPrimitiveN": false,
        "BoolPrimitive": true,
        "Binary": "AQIE",
        "Binary@odata.type": "Edm.Binary",
        "BinaryNull": null,
        "BinaryPrimitive": "AQIE",
        "BinaryPrimitive@odata.type": "Edm.Binary",
        "DoublePrimitiveNull": null,
        "DoublePrimitiveN": 4.5,
        "DoublePrimitiveN@odata.type": "Edm.Double",
        "DoublePrimitive": 4.5,
        "DoublePrimitive@odata.type": "Edm.Double",
        "DoubleNull": null,
        "DoubleN": 4.5,
        "DoubleN@odata.type": "Edm.Double",
        "Double": 4.5,
        "Double@odata.type": "Edm.Double",
        "DoubleInteger": 4,
        "DoubleInteger@odata.type": "Edm.Double",
        "GuidNull": null,
        "GuidN": "0d391d16-97f1-4b9a-be68-4cc871f90004",
        "GuidN@odata.type": "Edm.Guid",
        "Guid": "0d391d16-97f1-4b9a-be68-4cc871f90004",
        "Guid@odata.type": "Edm.Guid",
        "IntegerPrimitiveNull": null,
        "IntegerPrimitiveN": 4,
        "IntegerPrimitive": 4,
        "Int32Null": null,
        "Int32N": 4,
        "Int32": 4,
        "LongPrimitiveNull": null,
        "LongPrimitiveN": "2147483651",
        "LongPrimitiveN@odata.type": "Edm.Int64",
        "LongPrimitive": "2147483651",
        "LongPrimitive@odata.type": "Edm.Int64",
        "Int64Null": null,
        "Int64N": "123456789012",
        "Int64N@odata.type": "Edm.Int64",
        "Int64": "2147483651",
        "Int64@odata.type": "Edm.Int64",
        "String": "0004",
        "PartitionKey": "somPartition",
        "RowKey": "0004",
        "Timestamp": null
      },
      "StatusCode": 204,
      "ResponseHeaders": {
        "Content-Length": "0",
        "Date": "Wed, 06 Jan 2021 22:28:24 GMT",
        "ETag": "W/\u0022datetime\u00272021-01-06T22%3A28%3A25.5411208Z\u0027\u0022",
        "Location": "https://chrisstablesprim.table.cosmos.azure.com/testtableev12v1vx(PartitionKey=\u0027somPartition\u0027,RowKey=\u00270004\u0027)",
        "Preference-Applied": "return-no-content",
        "Server": "Microsoft-HTTPAPI/2.0",
        "x-ms-request-id": "e2127c7d-97c5-2bea-576d-f5df2a531020"
      },
      "ResponseBody": []
    },
    {
      "RequestUri": "https://chrisstablesprim.table.cosmos.azure.com/testtableev12v1vx()?$format=application%2Fjson%3Bodata%3Dminimalmetadata\u0026$filter=%28%28%28RowKey%20eq%20%270004%27%29%20and%20%28Int32%20eq%204%29%29%20or%20%28%28%28Int32%20eq%202%29%20and%20%28%28String%20eq%20%27wrong%20string%27%29%20or%20%28Bool%20eq%20true%29%29%29%20and%20%28not%20%28%28IntegerPrimitive%20eq%201%29%20and%20%28LongPrimitive%20eq%202147483648L%29%29%29%29%29%20or%20%28LongPrimitiveN%20eq%202147483697L%29",
      "RequestMethod": "GET",
      "RequestHeaders": {
        "Accept": "application/json; odata=minimalmetadata",
        "Authorization": "Sanitized",
        "DataServiceVersion": "3.0",
        "traceparent": "00-158312d7455c384ea9ddaa3bdcbab731-1f6abe113e167b4d-00",
        "User-Agent": [
          "azsdk-net-Data.Tables/3.0.0-alpha.20210106.1",
          "(.NET Core 4.6.29321.03; Microsoft Windows 10.0.19042 )"
        ],
        "x-ms-client-request-id": "0b52e6807b88251ab264f238dc0a221d",
        "x-ms-date": "Wed, 06 Jan 2021 22:28:25 GMT",
        "x-ms-return-client-request-id": "true",
        "x-ms-version": "2019-02-02"
      },
      "RequestBody": null,
      "StatusCode": 200,
      "ResponseHeaders": {
        "Content-Type": "application/json; odata=minimalmetadata",
        "Date": "Wed, 06 Jan 2021 22:28:24 GMT",
        "Server": "Microsoft-HTTPAPI/2.0",
        "Transfer-Encoding": "chunked",
        "x-ms-request-id": "0b52e680-7b88-251a-b264-f238dc0a221d"
      },
      "ResponseBody": {
        "value": [
          {
            "odata.etag": "W/\u0022datetime\u00272021-01-06T22%3A28%3A25.4011400Z\u0027\u0022",
            "DateTimeOffsetN@odata.type": "Edm.DateTime",
            "DateTimeOffsetN": "2020-01-01T01:03:00.0000000Z",
            "DateTimeOffset@odata.type": "Edm.DateTime",
            "DateTimeOffset": "2020-01-01T01:03:00.0000000Z",
            "DateTimeN@odata.type": "Edm.DateTime",
            "DateTimeN": "2020-01-01T01:03:00.0000000Z",
            "DateTime@odata.type": "Edm.DateTime",
            "DateTime": "2020-01-01T01:03:00.0000000Z",
            "DateTimeAsString": "2020-01-01T01:03:00.0000000Z",
            "BoolN": false,
            "Bool": true,
            "BoolPrimitiveN": false,
            "BoolPrimitive": true,
            "Binary@odata.type": "Edm.Binary",
            "Binary": "AQIC",
            "BinaryPrimitive@odata.type": "Edm.Binary",
            "BinaryPrimitive": "AQIC",
            "DoublePrimitiveN": 2.5,
            "DoublePrimitive": 2.5,
            "DoubleN": 2.5,
            "Double": 2.5,
            "DoubleInteger": 2,
            "GuidN@odata.type": "Edm.Guid",
            "GuidN": "0d391d16-97f1-4b9a-be68-4cc871f90002",
            "Guid@odata.type": "Edm.Guid",
            "Guid": "0d391d16-97f1-4b9a-be68-4cc871f90002",
            "IntegerPrimitiveN": 2,
            "IntegerPrimitive": 2,
            "Int32N": 2,
            "Int32": 2,
            "LongPrimitiveN@odata.type": "Edm.Int64",
            "LongPrimitiveN": "2147483649",
            "LongPrimitive@odata.type": "Edm.Int64",
            "LongPrimitive": "2147483649",
            "Int64N@odata.type": "Edm.Int64",
            "Int64N": "123456789012",
            "Int64@odata.type": "Edm.Int64",
            "Int64": "2147483649",
            "String": "0002",
            "PartitionKey": "somPartition",
            "RowKey": "0002",
            "Timestamp": "2021-01-06T22:28:25.4011400Z"
          },
          {
            "odata.etag": "W/\u0022datetime\u00272021-01-06T22%3A28%3A25.5411208Z\u0027\u0022",
            "DateTimeOffsetN@odata.type": "Edm.DateTime",
            "DateTimeOffsetN": "2020-01-01T01:05:00.0000000Z",
            "DateTimeOffset@odata.type": "Edm.DateTime",
            "DateTimeOffset": "2020-01-01T01:05:00.0000000Z",
            "DateTimeN@odata.type": "Edm.DateTime",
            "DateTimeN": "2020-01-01T01:05:00.0000000Z",
            "DateTime@odata.type": "Edm.DateTime",
            "DateTime": "2020-01-01T01:05:00.0000000Z",
            "DateTimeAsString": "2020-01-01T01:05:00.0000000Z",
            "BoolN": false,
            "Bool": true,
            "BoolPrimitiveN": false,
            "BoolPrimitive": true,
            "Binary@odata.type": "Edm.Binary",
            "Binary": "AQIE",
            "BinaryPrimitive@odata.type": "Edm.Binary",
            "BinaryPrimitive": "AQIE",
            "DoublePrimitiveN": 4.5,
            "DoublePrimitive": 4.5,
            "DoubleN": 4.5,
            "Double": 4.5,
            "DoubleInteger": 4,
            "GuidN@odata.type": "Edm.Guid",
            "GuidN": "0d391d16-97f1-4b9a-be68-4cc871f90004",
            "Guid@odata.type": "Edm.Guid",
            "Guid": "0d391d16-97f1-4b9a-be68-4cc871f90004",
            "IntegerPrimitiveN": 4,
            "IntegerPrimitive": 4,
            "Int32N": 4,
            "Int32": 4,
            "LongPrimitiveN@odata.type": "Edm.Int64",
            "LongPrimitiveN": "2147483651",
            "LongPrimitive@odata.type": "Edm.Int64",
            "LongPrimitive": "2147483651",
            "Int64N@odata.type": "Edm.Int64",
            "Int64N": "123456789012",
            "Int64@odata.type": "Edm.Int64",
            "Int64": "2147483651",
            "String": "0004",
            "PartitionKey": "somPartition",
            "RowKey": "0004",
            "Timestamp": "2021-01-06T22:28:25.5411208Z"
          }
        ],
        "odata.metadata": "https://chrisstablesprim.table.cosmos.azure.com/$metadata#testtableev12v1vx"
      }
    },
    {
      "RequestUri": "https://chrisstablesprim.table.cosmos.azure.com/Tables(\u0027testtableev12v1vx\u0027)",
      "RequestMethod": "DELETE",
      "RequestHeaders": {
        "Accept": "application/json",
        "Authorization": "Sanitized",
        "traceparent": "00-ef16325b70ab714fb381c42489c8c184-bd40d8f43eb4a841-00",
        "User-Agent": [
          "azsdk-net-Data.Tables/3.0.0-alpha.20210106.1",
          "(.NET Core 4.6.29321.03; Microsoft Windows 10.0.19042 )"
        ],
        "x-ms-client-request-id": "972c06a750e3d958be83cddffd9f88b1",
        "x-ms-date": "Wed, 06 Jan 2021 22:28:25 GMT",
        "x-ms-return-client-request-id": "true",
        "x-ms-version": "2019-02-02"
      },
      "RequestBody": null,
      "StatusCode": 204,
      "ResponseHeaders": {
        "Content-Length": "0",
        "Date": "Wed, 06 Jan 2021 22:28:26 GMT",
        "Server": "Microsoft-HTTPAPI/2.0",
        "x-ms-request-id": "972c06a7-50e3-d958-be83-cddffd9f88b1"
      },
      "ResponseBody": []
    }
  ],
  "Variables": {
    "COSMOS_TABLES_ENDPOINT_SUFFIX": null,
    "RandomSeed": "573676729",
    "TABLES_COSMOS_ACCOUNT_NAME": "chrisstablesprim",
    "TABLES_PRIMARY_COSMOS_ACCOUNT_KEY": "Kg=="
  }
}