{
  "Entries": [
    {
      "RequestUri": "https://jverazsdkprim.table.cosmos.azure.com/Tables?$format=application%2Fjson%3Bodata%3Dminimalmetadata",
      "RequestMethod": "POST",
      "RequestHeaders": {
        "Accept": "application/json;odata=minimalmetadata",
        "Authorization": "Sanitized",
        "Content-Length": "33",
        "Content-Type": "application/json;odata=nometadata",
        "DataServiceVersion": "3.0",
        "traceparent": "00-cded4b479cc1694b80742b4a871ee277-6fe9343950955b45-00",
        "User-Agent": "azsdk-net-Data.Tables/12.0.0-alpha.20210322.1 (.NET Framework 4.8.4300.0; Microsoft Windows 10.0.19042 )",
        "x-ms-client-request-id": "3ad0e54d36f345a6f6fa734da1ba6597",
        "x-ms-date": "Mon, 22 Mar 2021 23:37:50 GMT",
        "x-ms-return-client-request-id": "true",
        "x-ms-version": "2019-02-02"
      },
      "RequestBody": {
        "TableName": "testtablet5e0ftyc"
      },
      "StatusCode": 201,
      "ResponseHeaders": {
        "Content-Type": "application/json;odata=minimalmetadata",
        "Date": "Mon, 22 Mar 2021 23:37:51 GMT",
        "ETag": "W/\u0022datetime\u00272021-03-22T23%3A37%3A51.6268552Z\u0027\u0022",
        "Location": "https://jverazsdkprim.table.cosmos.azure.com/Tables(\u0027testtablet5e0ftyc\u0027)",
        "Server": "Microsoft-HTTPAPI/2.0",
        "Transfer-Encoding": "chunked",
        "x-ms-request-id": "3ad0e54d-36f3-45a6-f6fa-734da1ba6597"
      },
      "ResponseBody": {
        "TableName": "testtablet5e0ftyc",
        "odata.metadata": "https://jverazsdkprim.table.cosmos.azure.com/$metadata#Tables/@Element"
      }
    },
    {
      "RequestUri": "https://jverazsdkprim.table.cosmos.azure.com/testtablet5e0ftyc?$format=application%2Fjson%3Bodata%3Dminimalmetadata",
      "RequestMethod": "POST",
      "RequestHeaders": {
        "Accept": "application/json;odata=minimalmetadata",
        "Authorization": "Sanitized",
        "Content-Length": "1642",
        "Content-Type": "application/json;odata=nometadata",
        "DataServiceVersion": "3.0",
        "Prefer": "return-no-content",
        "traceparent": "00-c77ad73fe50c4d43a06382a2585cff94-b0b59b8b82aebf4c-00",
        "User-Agent": "azsdk-net-Data.Tables/12.0.0-alpha.20210322.1 (.NET Framework 4.8.4300.0; Microsoft Windows 10.0.19042 )",
        "x-ms-client-request-id": "ea84fab0dbfdc89f0c7057630a5a8dbf",
        "x-ms-date": "Mon, 22 Mar 2021 23:37:51 GMT",
        "x-ms-return-client-request-id": "true",
        "x-ms-version": "2019-02-02"
      },
      "RequestBody": {
        "DateTimeOffsetNull": null,
        "DateTimeOffsetN": "2020-01-01T01:02:00.0000000Z",
        "DateTimeOffsetN@odata.type": "Edm.DateTime",
        "DateTimeOffset": "2020-01-01T01:02:00.0000000Z",
        "DateTimeOffset@odata.type": "Edm.DateTime",
        "DateTimeNull": null,
        "DateTimeN": "2020-01-01T01:02:00.0000000Z",
        "DateTimeN@odata.type": "Edm.DateTime",
        "DateTime": "2020-01-01T01:02:00.0000000Z",
        "DateTime@odata.type": "Edm.DateTime",
        "DateTimeAsString": "2020-01-01T01:02:00.0000000Z",
        "BoolNull": null,
        "BoolN": false,
        "Bool": false,
        "BoolPrimitiveNull": null,
        "BoolPrimitiveN": false,
        "BoolPrimitive": false,
        "Binary": "AQIB",
        "Binary@odata.type": "Edm.Binary",
        "BinaryNull": null,
        "BinaryPrimitive": "AQIB",
        "BinaryPrimitive@odata.type": "Edm.Binary",
        "DoublePrimitiveNull": null,
        "DoublePrimitiveN": 1.5,
        "DoublePrimitiveN@odata.type": "Edm.Double",
        "DoublePrimitive": 1.5,
        "DoublePrimitive@odata.type": "Edm.Double",
        "DoubleNull": null,
        "DoubleN": 1.5,
        "DoubleN@odata.type": "Edm.Double",
        "Double": 1.5,
        "Double@odata.type": "Edm.Double",
        "DoubleInteger": 1,
        "DoubleInteger@odata.type": "Edm.Double",
        "GuidNull": null,
        "GuidN": "0d391d16-97f1-4b9a-be68-4cc871f90001",
        "GuidN@odata.type": "Edm.Guid",
        "Guid": "0d391d16-97f1-4b9a-be68-4cc871f90001",
        "Guid@odata.type": "Edm.Guid",
        "IntegerPrimitiveNull": null,
        "IntegerPrimitiveN": 1,
        "IntegerPrimitive": 1,
        "Int32Null": null,
        "Int32N": 1,
        "Int32": 1,
        "LongPrimitiveNull": null,
        "LongPrimitiveN": "2147483648",
        "LongPrimitiveN@odata.type": "Edm.Int64",
        "LongPrimitive": "2147483648",
        "LongPrimitive@odata.type": "Edm.Int64",
        "Int64Null": null,
        "Int64N": "123456789012",
        "Int64N@odata.type": "Edm.Int64",
        "Int64": "2147483648",
        "Int64@odata.type": "Edm.Int64",
        "String": "0001",
        "PartitionKey": "somPartition",
        "RowKey": "0001"
      },
      "StatusCode": 204,
      "ResponseHeaders": {
        "Content-Length": "0",
        "Date": "Mon, 22 Mar 2021 23:37:51 GMT",
        "ETag": "W/\u0022datetime\u00272021-03-22T23%3A37%3A52.1316872Z\u0027\u0022",
        "Location": "https://jverazsdkprim.table.cosmos.azure.com/testtablet5e0ftyc(PartitionKey=\u0027somPartition\u0027,RowKey=\u00270001\u0027)",
        "Preference-Applied": "return-no-content",
        "Server": "Microsoft-HTTPAPI/2.0",
        "x-ms-request-id": "ea84fab0-dbfd-c89f-0c70-57630a5a8dbf"
      },
      "ResponseBody": []
    },
    {
      "RequestUri": "https://jverazsdkprim.table.cosmos.azure.com/testtablet5e0ftyc?$format=application%2Fjson%3Bodata%3Dminimalmetadata",
      "RequestMethod": "POST",
      "RequestHeaders": {
        "Accept": "application/json;odata=minimalmetadata",
        "Authorization": "Sanitized",
        "Content-Length": "1640",
        "Content-Type": "application/json;odata=nometadata",
        "DataServiceVersion": "3.0",
        "Prefer": "return-no-content",
        "traceparent": "00-4c44d857e607c648b33b329957da6252-98a78d1928393548-00",
        "User-Agent": "azsdk-net-Data.Tables/12.0.0-alpha.20210322.1 (.NET Framework 4.8.4300.0; Microsoft Windows 10.0.19042 )",
        "x-ms-client-request-id": "879a6c7bba7c3e66f3f4baf0743946fe",
        "x-ms-date": "Mon, 22 Mar 2021 23:37:51 GMT",
        "x-ms-return-client-request-id": "true",
        "x-ms-version": "2019-02-02"
      },
      "RequestBody": {
        "DateTimeOffsetNull": null,
        "DateTimeOffsetN": "2020-01-01T01:03:00.0000000Z",
        "DateTimeOffsetN@odata.type": "Edm.DateTime",
        "DateTimeOffset": "2020-01-01T01:03:00.0000000Z",
        "DateTimeOffset@odata.type": "Edm.DateTime",
        "DateTimeNull": null,
        "DateTimeN": "2020-01-01T01:03:00.0000000Z",
        "DateTimeN@odata.type": "Edm.DateTime",
        "DateTime": "2020-01-01T01:03:00.0000000Z",
        "DateTime@odata.type": "Edm.DateTime",
        "DateTimeAsString": "2020-01-01T01:03:00.0000000Z",
        "BoolNull": null,
        "BoolN": false,
        "Bool": true,
        "BoolPrimitiveNull": null,
        "BoolPrimitiveN": false,
        "BoolPrimitive": true,
        "Binary": "AQIC",
        "Binary@odata.type": "Edm.Binary",
        "BinaryNull": null,
        "BinaryPrimitive": "AQIC",
        "BinaryPrimitive@odata.type": "Edm.Binary",
        "DoublePrimitiveNull": null,
        "DoublePrimitiveN": 2.5,
        "DoublePrimitiveN@odata.type": "Edm.Double",
        "DoublePrimitive": 2.5,
        "DoublePrimitive@odata.type": "Edm.Double",
        "DoubleNull": null,
        "DoubleN": 2.5,
        "DoubleN@odata.type": "Edm.Double",
        "Double": 2.5,
        "Double@odata.type": "Edm.Double",
        "DoubleInteger": 2,
        "DoubleInteger@odata.type": "Edm.Double",
        "GuidNull": null,
        "GuidN": "0d391d16-97f1-4b9a-be68-4cc871f90002",
        "GuidN@odata.type": "Edm.Guid",
        "Guid": "0d391d16-97f1-4b9a-be68-4cc871f90002",
        "Guid@odata.type": "Edm.Guid",
        "IntegerPrimitiveNull": null,
        "IntegerPrimitiveN": 2,
        "IntegerPrimitive": 2,
        "Int32Null": null,
        "Int32N": 2,
        "Int32": 2,
        "LongPrimitiveNull": null,
        "LongPrimitiveN": "2147483649",
        "LongPrimitiveN@odata.type": "Edm.Int64",
        "LongPrimitive": "2147483649",
        "LongPrimitive@odata.type": "Edm.Int64",
        "Int64Null": null,
        "Int64N": "123456789012",
        "Int64N@odata.type": "Edm.Int64",
        "Int64": "2147483649",
        "Int64@odata.type": "Edm.Int64",
        "String": "0002",
        "PartitionKey": "somPartition",
        "RowKey": "0002"
      },
      "StatusCode": 204,
      "ResponseHeaders": {
        "Content-Length": "0",
        "Date": "Mon, 22 Mar 2021 23:37:52 GMT",
        "ETag": "W/\u0022datetime\u00272021-03-22T23%3A37%3A52.1865736Z\u0027\u0022",
        "Location": "https://jverazsdkprim.table.cosmos.azure.com/testtablet5e0ftyc(PartitionKey=\u0027somPartition\u0027,RowKey=\u00270002\u0027)",
        "Preference-Applied": "return-no-content",
        "Server": "Microsoft-HTTPAPI/2.0",
        "x-ms-request-id": "879a6c7b-ba7c-3e66-f3f4-baf0743946fe"
      },
      "ResponseBody": []
    },
    {
      "RequestUri": "https://jverazsdkprim.table.cosmos.azure.com/testtablet5e0ftyc?$format=application%2Fjson%3Bodata%3Dminimalmetadata",
      "RequestMethod": "POST",
      "RequestHeaders": {
        "Accept": "application/json;odata=minimalmetadata",
        "Authorization": "Sanitized",
        "Content-Length": "1642",
        "Content-Type": "application/json;odata=nometadata",
        "DataServiceVersion": "3.0",
        "Prefer": "return-no-content",
        "traceparent": "00-1a020bb3413c684eb623554fd4f5c0e0-0090a2f5bd53bd41-00",
        "User-Agent": "azsdk-net-Data.Tables/12.0.0-alpha.20210322.1 (.NET Framework 4.8.4300.0; Microsoft Windows 10.0.19042 )",
        "x-ms-client-request-id": "ba78fcd171ff720a45082d82de433a9b",
        "x-ms-date": "Mon, 22 Mar 2021 23:37:51 GMT",
        "x-ms-return-client-request-id": "true",
        "x-ms-version": "2019-02-02"
      },
      "RequestBody": {
        "DateTimeOffsetNull": null,
        "DateTimeOffsetN": "2020-01-01T01:04:00.0000000Z",
        "DateTimeOffsetN@odata.type": "Edm.DateTime",
        "DateTimeOffset": "2020-01-01T01:04:00.0000000Z",
        "DateTimeOffset@odata.type": "Edm.DateTime",
        "DateTimeNull": null,
        "DateTimeN": "2020-01-01T01:04:00.0000000Z",
        "DateTimeN@odata.type": "Edm.DateTime",
        "DateTime": "2020-01-01T01:04:00.0000000Z",
        "DateTime@odata.type": "Edm.DateTime",
        "DateTimeAsString": "2020-01-01T01:04:00.0000000Z",
        "BoolNull": null,
        "BoolN": false,
        "Bool": false,
        "BoolPrimitiveNull": null,
        "BoolPrimitiveN": false,
        "BoolPrimitive": false,
        "Binary": "AQID",
        "Binary@odata.type": "Edm.Binary",
        "BinaryNull": null,
        "BinaryPrimitive": "AQID",
        "BinaryPrimitive@odata.type": "Edm.Binary",
        "DoublePrimitiveNull": null,
        "DoublePrimitiveN": 3.5,
        "DoublePrimitiveN@odata.type": "Edm.Double",
        "DoublePrimitive": 3.5,
        "DoublePrimitive@odata.type": "Edm.Double",
        "DoubleNull": null,
        "DoubleN": 3.5,
        "DoubleN@odata.type": "Edm.Double",
        "Double": 3.5,
        "Double@odata.type": "Edm.Double",
        "DoubleInteger": 3,
        "DoubleInteger@odata.type": "Edm.Double",
        "GuidNull": null,
        "GuidN": "0d391d16-97f1-4b9a-be68-4cc871f90003",
        "GuidN@odata.type": "Edm.Guid",
        "Guid": "0d391d16-97f1-4b9a-be68-4cc871f90003",
        "Guid@odata.type": "Edm.Guid",
        "IntegerPrimitiveNull": null,
        "IntegerPrimitiveN": 3,
        "IntegerPrimitive": 3,
        "Int32Null": null,
        "Int32N": 3,
        "Int32": 3,
        "LongPrimitiveNull": null,
        "LongPrimitiveN": "2147483650",
        "LongPrimitiveN@odata.type": "Edm.Int64",
        "LongPrimitive": "2147483650",
        "LongPrimitive@odata.type": "Edm.Int64",
        "Int64Null": null,
        "Int64N": "123456789012",
        "Int64N@odata.type": "Edm.Int64",
        "Int64": "2147483650",
        "Int64@odata.type": "Edm.Int64",
        "String": "0003",
        "PartitionKey": "somPartition",
        "RowKey": "0003"
      },
      "StatusCode": 204,
      "ResponseHeaders": {
        "Content-Length": "0",
        "Date": "Mon, 22 Mar 2021 23:37:52 GMT",
        "ETag": "W/\u0022datetime\u00272021-03-22T23%3A37%3A52.2301960Z\u0027\u0022",
        "Location": "https://jverazsdkprim.table.cosmos.azure.com/testtablet5e0ftyc(PartitionKey=\u0027somPartition\u0027,RowKey=\u00270003\u0027)",
        "Preference-Applied": "return-no-content",
        "Server": "Microsoft-HTTPAPI/2.0",
        "x-ms-request-id": "ba78fcd1-71ff-720a-4508-2d82de433a9b"
      },
      "ResponseBody": []
    },
    {
      "RequestUri": "https://jverazsdkprim.table.cosmos.azure.com/testtablet5e0ftyc?$format=application%2Fjson%3Bodata%3Dminimalmetadata",
      "RequestMethod": "POST",
      "RequestHeaders": {
        "Accept": "application/json;odata=minimalmetadata",
        "Authorization": "Sanitized",
        "Content-Length": "1640",
        "Content-Type": "application/json;odata=nometadata",
        "DataServiceVersion": "3.0",
        "Prefer": "return-no-content",
        "traceparent": "00-553a4fb36b134844ab925278369ccd00-378b50b63be7204c-00",
        "User-Agent": "azsdk-net-Data.Tables/12.0.0-alpha.20210322.1 (.NET Framework 4.8.4300.0; Microsoft Windows 10.0.19042 )",
        "x-ms-client-request-id": "34d1b36cdd20f61a9345f70821af54d2",
        "x-ms-date": "Mon, 22 Mar 2021 23:37:51 GMT",
        "x-ms-return-client-request-id": "true",
        "x-ms-version": "2019-02-02"
      },
      "RequestBody": {
        "DateTimeOffsetNull": null,
        "DateTimeOffsetN": "2020-01-01T01:05:00.0000000Z",
        "DateTimeOffsetN@odata.type": "Edm.DateTime",
        "DateTimeOffset": "2020-01-01T01:05:00.0000000Z",
        "DateTimeOffset@odata.type": "Edm.DateTime",
        "DateTimeNull": null,
        "DateTimeN": "2020-01-01T01:05:00.0000000Z",
        "DateTimeN@odata.type": "Edm.DateTime",
        "DateTime": "2020-01-01T01:05:00.0000000Z",
        "DateTime@odata.type": "Edm.DateTime",
        "DateTimeAsString": "2020-01-01T01:05:00.0000000Z",
        "BoolNull": null,
        "BoolN": false,
        "Bool": true,
        "BoolPrimitiveNull": null,
        "BoolPrimitiveN": false,
        "BoolPrimitive": true,
        "Binary": "AQIE",
        "Binary@odata.type": "Edm.Binary",
        "BinaryNull": null,
        "BinaryPrimitive": "AQIE",
        "BinaryPrimitive@odata.type": "Edm.Binary",
        "DoublePrimitiveNull": null,
        "DoublePrimitiveN": 4.5,
        "DoublePrimitiveN@odata.type": "Edm.Double",
        "DoublePrimitive": 4.5,
        "DoublePrimitive@odata.type": "Edm.Double",
        "DoubleNull": null,
        "DoubleN": 4.5,
        "DoubleN@odata.type": "Edm.Double",
        "Double": 4.5,
        "Double@odata.type": "Edm.Double",
        "DoubleInteger": 4,
        "DoubleInteger@odata.type": "Edm.Double",
        "GuidNull": null,
        "GuidN": "0d391d16-97f1-4b9a-be68-4cc871f90004",
        "GuidN@odata.type": "Edm.Guid",
        "Guid": "0d391d16-97f1-4b9a-be68-4cc871f90004",
        "Guid@odata.type": "Edm.Guid",
        "IntegerPrimitiveNull": null,
        "IntegerPrimitiveN": 4,
        "IntegerPrimitive": 4,
        "Int32Null": null,
        "Int32N": 4,
        "Int32": 4,
        "LongPrimitiveNull": null,
        "LongPrimitiveN": "2147483651",
        "LongPrimitiveN@odata.type": "Edm.Int64",
        "LongPrimitive": "2147483651",
        "LongPrimitive@odata.type": "Edm.Int64",
        "Int64Null": null,
        "Int64N": "123456789012",
        "Int64N@odata.type": "Edm.Int64",
        "Int64": "2147483651",
        "Int64@odata.type": "Edm.Int64",
        "String": "0004",
        "PartitionKey": "somPartition",
        "RowKey": "0004"
      },
      "StatusCode": 204,
      "ResponseHeaders": {
        "Content-Length": "0",
        "Date": "Mon, 22 Mar 2021 23:37:52 GMT",
        "ETag": "W/\u0022datetime\u00272021-03-22T23%3A37%3A52.2740232Z\u0027\u0022",
        "Location": "https://jverazsdkprim.table.cosmos.azure.com/testtablet5e0ftyc(PartitionKey=\u0027somPartition\u0027,RowKey=\u00270004\u0027)",
        "Preference-Applied": "return-no-content",
        "Server": "Microsoft-HTTPAPI/2.0",
        "x-ms-request-id": "34d1b36c-dd20-f61a-9345-f70821af54d2"
      },
      "ResponseBody": []
    },
    {
      "RequestUri": "https://jverazsdkprim.table.cosmos.azure.com/testtablet5e0ftyc()?$format=application%2Fjson%3Bodata%3Dminimalmetadata\u0026$filter=%28RowKey%20ne%20%270004%27%29%20and%20%28PartitionKey%20eq%20%27somPartition%27%29",
      "RequestMethod": "GET",
      "RequestHeaders": {
        "Accept": "application/json;odata=minimalmetadata",
        "Authorization": "Sanitized",
        "DataServiceVersion": "3.0",
        "traceparent": "00-ae2555fa41771140b770eb8823d6700b-98a9119fce4a9b4f-00",
        "User-Agent": "azsdk-net-Data.Tables/12.0.0-alpha.20210322.1 (.NET Framework 4.8.4300.0; Microsoft Windows 10.0.19042 )",
        "x-ms-client-request-id": "0d915929d3e109c0612842748ce460b0",
        "x-ms-date": "Mon, 22 Mar 2021 23:37:51 GMT",
        "x-ms-return-client-request-id": "true",
        "x-ms-version": "2019-02-02"
      },
      "RequestBody": null,
      "StatusCode": 200,
      "ResponseHeaders": {
        "Content-Type": "application/json;odata=minimalmetadata",
        "Date": "Mon, 22 Mar 2021 23:37:52 GMT",
        "Server": "Microsoft-HTTPAPI/2.0",
        "Transfer-Encoding": "chunked",
        "x-ms-request-id": "0d915929-d3e1-09c0-6128-42748ce460b0"
      },
      "ResponseBody": {
        "value": [
          {
            "odata.etag": "W/\u0022datetime\u00272021-03-22T23%3A37%3A52.1316872Z\u0027\u0022",
            "DateTimeOffsetN@odata.type": "Edm.DateTime",
            "DateTimeOffsetN": "2020-01-01T01:02:00.0000000Z",
            "DateTimeOffset@odata.type": "Edm.DateTime",
            "DateTimeOffset": "2020-01-01T01:02:00.0000000Z",
            "DateTimeN@odata.type": "Edm.DateTime",
            "DateTimeN": "2020-01-01T01:02:00.0000000Z",
            "DateTime@odata.type": "Edm.DateTime",
            "DateTime": "2020-01-01T01:02:00.0000000Z",
            "DateTimeAsString": "2020-01-01T01:02:00.0000000Z",
            "BoolN": false,
            "Bool": false,
            "BoolPrimitiveN": false,
            "BoolPrimitive": false,
            "Binary@odata.type": "Edm.Binary",
            "Binary": "AQIB",
            "BinaryPrimitive@odata.type": "Edm.Binary",
            "BinaryPrimitive": "AQIB",
            "DoublePrimitiveN": 1.5,
            "DoublePrimitive": 1.5,
            "DoubleN": 1.5,
            "Double": 1.5,
            "DoubleInteger": 1,
            "GuidN@odata.type": "Edm.Guid",
            "GuidN": "0d391d16-97f1-4b9a-be68-4cc871f90001",
            "Guid@odata.type": "Edm.Guid",
            "Guid": "0d391d16-97f1-4b9a-be68-4cc871f90001",
            "IntegerPrimitiveN": 1,
            "IntegerPrimitive": 1,
            "Int32N": 1,
            "Int32": 1,
            "LongPrimitiveN@odata.type": "Edm.Int64",
            "LongPrimitiveN": "2147483648",
            "LongPrimitive@odata.type": "Edm.Int64",
            "LongPrimitive": "2147483648",
            "Int64N@odata.type": "Edm.Int64",
            "Int64N": "123456789012",
            "Int64@odata.type": "Edm.Int64",
            "Int64": "2147483648",
            "String": "0001",
            "PartitionKey": "somPartition",
            "RowKey": "0001",
            "Timestamp": "2021-03-22T23:37:52.1316872Z"
          },
          {
            "odata.etag": "W/\u0022datetime\u00272021-03-22T23%3A37%3A52.1865736Z\u0027\u0022",
            "DateTimeOffsetN@odata.type": "Edm.DateTime",
            "DateTimeOffsetN": "2020-01-01T01:03:00.0000000Z",
            "DateTimeOffset@odata.type": "Edm.DateTime",
            "DateTimeOffset": "2020-01-01T01:03:00.0000000Z",
            "DateTimeN@odata.type": "Edm.DateTime",
            "DateTimeN": "2020-01-01T01:03:00.0000000Z",
            "DateTime@odata.type": "Edm.DateTime",
            "DateTime": "2020-01-01T01:03:00.0000000Z",
            "DateTimeAsString": "2020-01-01T01:03:00.0000000Z",
            "BoolN": false,
            "Bool": true,
            "BoolPrimitiveN": false,
            "BoolPrimitive": true,
            "Binary@odata.type": "Edm.Binary",
            "Binary": "AQIC",
            "BinaryPrimitive@odata.type": "Edm.Binary",
            "BinaryPrimitive": "AQIC",
            "DoublePrimitiveN": 2.5,
            "DoublePrimitive": 2.5,
            "DoubleN": 2.5,
            "Double": 2.5,
            "DoubleInteger": 2,
            "GuidN@odata.type": "Edm.Guid",
            "GuidN": "0d391d16-97f1-4b9a-be68-4cc871f90002",
            "Guid@odata.type": "Edm.Guid",
            "Guid": "0d391d16-97f1-4b9a-be68-4cc871f90002",
            "IntegerPrimitiveN": 2,
            "IntegerPrimitive": 2,
            "Int32N": 2,
            "Int32": 2,
            "LongPrimitiveN@odata.type": "Edm.Int64",
            "LongPrimitiveN": "2147483649",
            "LongPrimitive@odata.type": "Edm.Int64",
            "LongPrimitive": "2147483649",
            "Int64N@odata.type": "Edm.Int64",
            "Int64N": "123456789012",
            "Int64@odata.type": "Edm.Int64",
            "Int64": "2147483649",
            "String": "0002",
            "PartitionKey": "somPartition",
            "RowKey": "0002",
            "Timestamp": "2021-03-22T23:37:52.1865736Z"
          },
          {
            "odata.etag": "W/\u0022datetime\u00272021-03-22T23%3A37%3A52.2301960Z\u0027\u0022",
            "DateTimeOffsetN@odata.type": "Edm.DateTime",
            "DateTimeOffsetN": "2020-01-01T01:04:00.0000000Z",
            "DateTimeOffset@odata.type": "Edm.DateTime",
            "DateTimeOffset": "2020-01-01T01:04:00.0000000Z",
            "DateTimeN@odata.type": "Edm.DateTime",
            "DateTimeN": "2020-01-01T01:04:00.0000000Z",
            "DateTime@odata.type": "Edm.DateTime",
            "DateTime": "2020-01-01T01:04:00.0000000Z",
            "DateTimeAsString": "2020-01-01T01:04:00.0000000Z",
            "BoolN": false,
            "Bool": false,
            "BoolPrimitiveN": false,
            "BoolPrimitive": false,
            "Binary@odata.type": "Edm.Binary",
            "Binary": "AQID",
            "BinaryPrimitive@odata.type": "Edm.Binary",
            "BinaryPrimitive": "AQID",
            "DoublePrimitiveN": 3.5,
            "DoublePrimitive": 3.5,
            "DoubleN": 3.5,
            "Double": 3.5,
            "DoubleInteger": 3,
            "GuidN@odata.type": "Edm.Guid",
            "GuidN": "0d391d16-97f1-4b9a-be68-4cc871f90003",
            "Guid@odata.type": "Edm.Guid",
            "Guid": "0d391d16-97f1-4b9a-be68-4cc871f90003",
            "IntegerPrimitiveN": 3,
            "IntegerPrimitive": 3,
            "Int32N": 3,
            "Int32": 3,
            "LongPrimitiveN@odata.type": "Edm.Int64",
            "LongPrimitiveN": "2147483650",
            "LongPrimitive@odata.type": "Edm.Int64",
            "LongPrimitive": "2147483650",
            "Int64N@odata.type": "Edm.Int64",
            "Int64N": "123456789012",
            "Int64@odata.type": "Edm.Int64",
            "Int64": "2147483650",
            "String": "0003",
            "PartitionKey": "somPartition",
            "RowKey": "0003",
            "Timestamp": "2021-03-22T23:37:52.2301960Z"
          }
        ],
        "odata.metadata": "https://jverazsdkprim.table.cosmos.azure.com/$metadata#testtablet5e0ftyc"
      }
    },
    {
      "RequestUri": "https://jverazsdkprim.table.cosmos.azure.com/testtablet5e0ftyc()?$format=application%2Fjson%3Bodata%3Dminimalmetadata\u0026$filter=%28PartitionKey%20eq%20%27somPartition%27%29%20and%20%28RowKey%20ne%20%270004%27%29",
      "RequestMethod": "GET",
      "RequestHeaders": {
        "Accept": "application/json;odata=minimalmetadata",
        "Authorization": "Sanitized",
        "DataServiceVersion": "3.0",
        "traceparent": "00-73aa12f58144e4408ec33bdd1032eb46-9c2919181c27c34d-00",
        "User-Agent": "azsdk-net-Data.Tables/12.0.0-alpha.20210322.1 (.NET Framework 4.8.4300.0; Microsoft Windows 10.0.19042 )",
        "x-ms-client-request-id": "c0841eb91168f3dee28127b97a025196",
        "x-ms-date": "Mon, 22 Mar 2021 23:37:51 GMT",
        "x-ms-return-client-request-id": "true",
        "x-ms-version": "2019-02-02"
      },
      "RequestBody": null,
      "StatusCode": 200,
      "ResponseHeaders": {
        "Content-Type": "application/json;odata=minimalmetadata",
        "Date": "Mon, 22 Mar 2021 23:37:52 GMT",
        "Server": "Microsoft-HTTPAPI/2.0",
        "Transfer-Encoding": "chunked",
        "x-ms-request-id": "c0841eb9-1168-f3de-e281-27b97a025196"
      },
      "ResponseBody": {
        "value": [
          {
            "odata.etag": "W/\u0022datetime\u00272021-03-22T23%3A37%3A52.1316872Z\u0027\u0022",
            "DateTimeOffsetN@odata.type": "Edm.DateTime",
            "DateTimeOffsetN": "2020-01-01T01:02:00.0000000Z",
            "DateTimeOffset@odata.type": "Edm.DateTime",
            "DateTimeOffset": "2020-01-01T01:02:00.0000000Z",
            "DateTimeN@odata.type": "Edm.DateTime",
            "DateTimeN": "2020-01-01T01:02:00.0000000Z",
            "DateTime@odata.type": "Edm.DateTime",
            "DateTime": "2020-01-01T01:02:00.0000000Z",
            "DateTimeAsString": "2020-01-01T01:02:00.0000000Z",
            "BoolN": false,
            "Bool": false,
            "BoolPrimitiveN": false,
            "BoolPrimitive": false,
            "Binary@odata.type": "Edm.Binary",
            "Binary": "AQIB",
            "BinaryPrimitive@odata.type": "Edm.Binary",
            "BinaryPrimitive": "AQIB",
            "DoublePrimitiveN": 1.5,
            "DoublePrimitive": 1.5,
            "DoubleN": 1.5,
            "Double": 1.5,
            "DoubleInteger": 1,
            "GuidN@odata.type": "Edm.Guid",
            "GuidN": "0d391d16-97f1-4b9a-be68-4cc871f90001",
            "Guid@odata.type": "Edm.Guid",
            "Guid": "0d391d16-97f1-4b9a-be68-4cc871f90001",
            "IntegerPrimitiveN": 1,
            "IntegerPrimitive": 1,
            "Int32N": 1,
            "Int32": 1,
            "LongPrimitiveN@odata.type": "Edm.Int64",
            "LongPrimitiveN": "2147483648",
            "LongPrimitive@odata.type": "Edm.Int64",
            "LongPrimitive": "2147483648",
            "Int64N@odata.type": "Edm.Int64",
            "Int64N": "123456789012",
            "Int64@odata.type": "Edm.Int64",
            "Int64": "2147483648",
            "String": "0001",
            "PartitionKey": "somPartition",
            "RowKey": "0001",
            "Timestamp": "2021-03-22T23:37:52.1316872Z"
          },
          {
            "odata.etag": "W/\u0022datetime\u00272021-03-22T23%3A37%3A52.1865736Z\u0027\u0022",
            "DateTimeOffsetN@odata.type": "Edm.DateTime",
            "DateTimeOffsetN": "2020-01-01T01:03:00.0000000Z",
            "DateTimeOffset@odata.type": "Edm.DateTime",
            "DateTimeOffset": "2020-01-01T01:03:00.0000000Z",
            "DateTimeN@odata.type": "Edm.DateTime",
            "DateTimeN": "2020-01-01T01:03:00.0000000Z",
            "DateTime@odata.type": "Edm.DateTime",
            "DateTime": "2020-01-01T01:03:00.0000000Z",
            "DateTimeAsString": "2020-01-01T01:03:00.0000000Z",
            "BoolN": false,
            "Bool": true,
            "BoolPrimitiveN": false,
            "BoolPrimitive": true,
            "Binary@odata.type": "Edm.Binary",
            "Binary": "AQIC",
            "BinaryPrimitive@odata.type": "Edm.Binary",
            "BinaryPrimitive": "AQIC",
            "DoublePrimitiveN": 2.5,
            "DoublePrimitive": 2.5,
            "DoubleN": 2.5,
            "Double": 2.5,
            "DoubleInteger": 2,
            "GuidN@odata.type": "Edm.Guid",
            "GuidN": "0d391d16-97f1-4b9a-be68-4cc871f90002",
            "Guid@odata.type": "Edm.Guid",
            "Guid": "0d391d16-97f1-4b9a-be68-4cc871f90002",
            "IntegerPrimitiveN": 2,
            "IntegerPrimitive": 2,
            "Int32N": 2,
            "Int32": 2,
            "LongPrimitiveN@odata.type": "Edm.Int64",
            "LongPrimitiveN": "2147483649",
            "LongPrimitive@odata.type": "Edm.Int64",
            "LongPrimitive": "2147483649",
            "Int64N@odata.type": "Edm.Int64",
            "Int64N": "123456789012",
            "Int64@odata.type": "Edm.Int64",
            "Int64": "2147483649",
            "String": "0002",
            "PartitionKey": "somPartition",
            "RowKey": "0002",
            "Timestamp": "2021-03-22T23:37:52.1865736Z"
          },
          {
            "odata.etag": "W/\u0022datetime\u00272021-03-22T23%3A37%3A52.2301960Z\u0027\u0022",
            "DateTimeOffsetN@odata.type": "Edm.DateTime",
            "DateTimeOffsetN": "2020-01-01T01:04:00.0000000Z",
            "DateTimeOffset@odata.type": "Edm.DateTime",
            "DateTimeOffset": "2020-01-01T01:04:00.0000000Z",
            "DateTimeN@odata.type": "Edm.DateTime",
            "DateTimeN": "2020-01-01T01:04:00.0000000Z",
            "DateTime@odata.type": "Edm.DateTime",
            "DateTime": "2020-01-01T01:04:00.0000000Z",
            "DateTimeAsString": "2020-01-01T01:04:00.0000000Z",
            "BoolN": false,
            "Bool": false,
            "BoolPrimitiveN": false,
            "BoolPrimitive": false,
            "Binary@odata.type": "Edm.Binary",
            "Binary": "AQID",
            "BinaryPrimitive@odata.type": "Edm.Binary",
            "BinaryPrimitive": "AQID",
            "DoublePrimitiveN": 3.5,
            "DoublePrimitive": 3.5,
            "DoubleN": 3.5,
            "Double": 3.5,
            "DoubleInteger": 3,
            "GuidN@odata.type": "Edm.Guid",
            "GuidN": "0d391d16-97f1-4b9a-be68-4cc871f90003",
            "Guid@odata.type": "Edm.Guid",
            "Guid": "0d391d16-97f1-4b9a-be68-4cc871f90003",
            "IntegerPrimitiveN": 3,
            "IntegerPrimitive": 3,
            "Int32N": 3,
            "Int32": 3,
            "LongPrimitiveN@odata.type": "Edm.Int64",
            "LongPrimitiveN": "2147483650",
            "LongPrimitive@odata.type": "Edm.Int64",
            "LongPrimitive": "2147483650",
            "Int64N@odata.type": "Edm.Int64",
            "Int64N": "123456789012",
            "Int64@odata.type": "Edm.Int64",
            "Int64": "2147483650",
            "String": "0003",
            "PartitionKey": "somPartition",
            "RowKey": "0003",
            "Timestamp": "2021-03-22T23:37:52.2301960Z"
          }
        ],
        "odata.metadata": "https://jverazsdkprim.table.cosmos.azure.com/$metadata#testtablet5e0ftyc"
      }
    },
    {
      "RequestUri": "https://jverazsdkprim.table.cosmos.azure.com/Tables(\u0027testtablet5e0ftyc\u0027)",
      "RequestMethod": "DELETE",
      "RequestHeaders": {
        "Accept": "application/json",
        "Authorization": "Sanitized",
        "traceparent": "00-a3923dbec2fa724ea11437730752f408-255c57fd771afe43-00",
        "User-Agent": "azsdk-net-Data.Tables/12.0.0-alpha.20210322.1 (.NET Framework 4.8.4300.0; Microsoft Windows 10.0.19042 )",
        "x-ms-client-request-id": "85585bb42db199baf3c7d3f79ba56aaf",
        "x-ms-date": "Mon, 22 Mar 2021 23:37:51 GMT",
        "x-ms-return-client-request-id": "true",
        "x-ms-version": "2019-02-02"
      },
      "RequestBody": null,
      "StatusCode": 204,
      "ResponseHeaders": {
        "Content-Length": "0",
        "Date": "Mon, 22 Mar 2021 23:37:52 GMT",
        "Server": "Microsoft-HTTPAPI/2.0",
        "x-ms-request-id": "85585bb4-2db1-99ba-f3c7-d3f79ba56aaf"
      },
      "ResponseBody": []
    }
  ],
  "Variables": {
    "COSMOS_TABLES_ENDPOINT_SUFFIX": null,
    "RandomSeed": "85145688",
    "TABLES_COSMOS_ACCOUNT_NAME": "jverazsdkprim",
    "TABLES_PRIMARY_COSMOS_ACCOUNT_KEY": "Kg=="
  }
}