{
  "Entries": [
    {
      "RequestUri": "https://jverazsdkprim.table.cosmos.azure.com/Tables?$format=application%2Fjson%3Bodata%3Dminimalmetadata",
      "RequestMethod": "POST",
      "RequestHeaders": {
        "Accept": "application/json;odata=minimalmetadata",
        "Authorization": "Sanitized",
        "Content-Length": "33",
        "Content-Type": "application/json;odata=nometadata",
        "DataServiceVersion": "3.0",
        "traceparent": "00-54d3461a00c69243aac8bca0cbe7691d-43256da403593541-00",
        "User-Agent": "azsdk-net-Data.Tables/12.0.0-alpha.20210322.1 (.NET Framework 4.8.4300.0; Microsoft Windows 10.0.19042 )",
        "x-ms-client-request-id": "7f7c3b1ab51ad40ff16c1e83aa7bf276",
        "x-ms-date": "Mon, 22 Mar 2021 23:37:30 GMT",
        "x-ms-return-client-request-id": "true",
        "x-ms-version": "2019-02-02"
      },
      "RequestBody": {
        "TableName": "testtable5bcr74pm"
      },
      "StatusCode": 201,
      "ResponseHeaders": {
        "Content-Type": "application/json;odata=minimalmetadata",
        "Date": "Mon, 22 Mar 2021 23:37:30 GMT",
        "ETag": "W/\u0022datetime\u00272021-03-22T23%3A37%3A31.0810120Z\u0027\u0022",
        "Location": "https://jverazsdkprim.table.cosmos.azure.com/Tables(\u0027testtable5bcr74pm\u0027)",
        "Server": "Microsoft-HTTPAPI/2.0",
        "Transfer-Encoding": "chunked",
        "x-ms-request-id": "7f7c3b1a-b51a-d40f-f16c-1e83aa7bf276"
      },
      "ResponseBody": {
        "TableName": "testtable5bcr74pm",
        "odata.metadata": "https://jverazsdkprim.table.cosmos.azure.com/$metadata#Tables/@Element"
      }
    },
    {
      "RequestUri": "https://jverazsdkprim.table.cosmos.azure.com/testtable5bcr74pm?$format=application%2Fjson%3Bodata%3Dminimalmetadata",
      "RequestMethod": "POST",
      "RequestHeaders": {
        "Accept": "application/json;odata=minimalmetadata",
        "Authorization": "Sanitized",
        "Content-Length": "1642",
        "Content-Type": "application/json;odata=nometadata",
        "DataServiceVersion": "3.0",
        "Prefer": "return-no-content",
        "traceparent": "00-c2a495b8b7f1894e8c3fc43ea596775e-65dfbc37f56da345-00",
        "User-Agent": "azsdk-net-Data.Tables/12.0.0-alpha.20210322.1 (.NET Framework 4.8.4300.0; Microsoft Windows 10.0.19042 )",
        "x-ms-client-request-id": "dad8f1a56f93be3685b3609ea20541a2",
        "x-ms-date": "Mon, 22 Mar 2021 23:37:30 GMT",
        "x-ms-return-client-request-id": "true",
        "x-ms-version": "2019-02-02"
      },
      "RequestBody": {
        "DateTimeOffsetNull": null,
        "DateTimeOffsetN": "2020-01-01T01:02:00.0000000Z",
        "DateTimeOffsetN@odata.type": "Edm.DateTime",
        "DateTimeOffset": "2020-01-01T01:02:00.0000000Z",
        "DateTimeOffset@odata.type": "Edm.DateTime",
        "DateTimeNull": null,
        "DateTimeN": "2020-01-01T01:02:00.0000000Z",
        "DateTimeN@odata.type": "Edm.DateTime",
        "DateTime": "2020-01-01T01:02:00.0000000Z",
        "DateTime@odata.type": "Edm.DateTime",
        "DateTimeAsString": "2020-01-01T01:02:00.0000000Z",
        "BoolNull": null,
        "BoolN": false,
        "Bool": false,
        "BoolPrimitiveNull": null,
        "BoolPrimitiveN": false,
        "BoolPrimitive": false,
        "Binary": "AQIB",
        "Binary@odata.type": "Edm.Binary",
        "BinaryNull": null,
        "BinaryPrimitive": "AQIB",
        "BinaryPrimitive@odata.type": "Edm.Binary",
        "DoublePrimitiveNull": null,
        "DoublePrimitiveN": 1.5,
        "DoublePrimitiveN@odata.type": "Edm.Double",
        "DoublePrimitive": 1.5,
        "DoublePrimitive@odata.type": "Edm.Double",
        "DoubleNull": null,
        "DoubleN": 1.5,
        "DoubleN@odata.type": "Edm.Double",
        "Double": 1.5,
        "Double@odata.type": "Edm.Double",
        "DoubleInteger": 1,
        "DoubleInteger@odata.type": "Edm.Double",
        "GuidNull": null,
        "GuidN": "0d391d16-97f1-4b9a-be68-4cc871f90001",
        "GuidN@odata.type": "Edm.Guid",
        "Guid": "0d391d16-97f1-4b9a-be68-4cc871f90001",
        "Guid@odata.type": "Edm.Guid",
        "IntegerPrimitiveNull": null,
        "IntegerPrimitiveN": 1,
        "IntegerPrimitive": 1,
        "Int32Null": null,
        "Int32N": 1,
        "Int32": 1,
        "LongPrimitiveNull": null,
        "LongPrimitiveN": "2147483648",
        "LongPrimitiveN@odata.type": "Edm.Int64",
        "LongPrimitive": "2147483648",
        "LongPrimitive@odata.type": "Edm.Int64",
        "Int64Null": null,
        "Int64N": "123456789012",
        "Int64N@odata.type": "Edm.Int64",
        "Int64": "2147483648",
        "Int64@odata.type": "Edm.Int64",
        "String": "0001",
        "PartitionKey": "somPartition",
        "RowKey": "0001"
      },
      "StatusCode": 204,
      "ResponseHeaders": {
        "Content-Length": "0",
        "Date": "Mon, 22 Mar 2021 23:37:30 GMT",
        "ETag": "W/\u0022datetime\u00272021-03-22T23%3A37%3A31.5734536Z\u0027\u0022",
        "Location": "https://jverazsdkprim.table.cosmos.azure.com/testtable5bcr74pm(PartitionKey=\u0027somPartition\u0027,RowKey=\u00270001\u0027)",
        "Preference-Applied": "return-no-content",
        "Server": "Microsoft-HTTPAPI/2.0",
        "x-ms-request-id": "dad8f1a5-6f93-be36-85b3-609ea20541a2"
      },
      "ResponseBody": []
    },
    {
      "RequestUri": "https://jverazsdkprim.table.cosmos.azure.com/testtable5bcr74pm?$format=application%2Fjson%3Bodata%3Dminimalmetadata",
      "RequestMethod": "POST",
      "RequestHeaders": {
        "Accept": "application/json;odata=minimalmetadata",
        "Authorization": "Sanitized",
        "Content-Length": "1640",
        "Content-Type": "application/json;odata=nometadata",
        "DataServiceVersion": "3.0",
        "Prefer": "return-no-content",
        "traceparent": "00-6fa081307fdb2b43b6690ed8ef1271e3-bbcb22cb5c458b48-00",
        "User-Agent": "azsdk-net-Data.Tables/12.0.0-alpha.20210322.1 (.NET Framework 4.8.4300.0; Microsoft Windows 10.0.19042 )",
        "x-ms-client-request-id": "d84ed65d04984841aabd773e2f348ebf",
        "x-ms-date": "Mon, 22 Mar 2021 23:37:30 GMT",
        "x-ms-return-client-request-id": "true",
        "x-ms-version": "2019-02-02"
      },
      "RequestBody": {
        "DateTimeOffsetNull": null,
        "DateTimeOffsetN": "2020-01-01T01:03:00.0000000Z",
        "DateTimeOffsetN@odata.type": "Edm.DateTime",
        "DateTimeOffset": "2020-01-01T01:03:00.0000000Z",
        "DateTimeOffset@odata.type": "Edm.DateTime",
        "DateTimeNull": null,
        "DateTimeN": "2020-01-01T01:03:00.0000000Z",
        "DateTimeN@odata.type": "Edm.DateTime",
        "DateTime": "2020-01-01T01:03:00.0000000Z",
        "DateTime@odata.type": "Edm.DateTime",
        "DateTimeAsString": "2020-01-01T01:03:00.0000000Z",
        "BoolNull": null,
        "BoolN": false,
        "Bool": true,
        "BoolPrimitiveNull": null,
        "BoolPrimitiveN": false,
        "BoolPrimitive": true,
        "Binary": "AQIC",
        "Binary@odata.type": "Edm.Binary",
        "BinaryNull": null,
        "BinaryPrimitive": "AQIC",
        "BinaryPrimitive@odata.type": "Edm.Binary",
        "DoublePrimitiveNull": null,
        "DoublePrimitiveN": 2.5,
        "DoublePrimitiveN@odata.type": "Edm.Double",
        "DoublePrimitive": 2.5,
        "DoublePrimitive@odata.type": "Edm.Double",
        "DoubleNull": null,
        "DoubleN": 2.5,
        "DoubleN@odata.type": "Edm.Double",
        "Double": 2.5,
        "Double@odata.type": "Edm.Double",
        "DoubleInteger": 2,
        "DoubleInteger@odata.type": "Edm.Double",
        "GuidNull": null,
        "GuidN": "0d391d16-97f1-4b9a-be68-4cc871f90002",
        "GuidN@odata.type": "Edm.Guid",
        "Guid": "0d391d16-97f1-4b9a-be68-4cc871f90002",
        "Guid@odata.type": "Edm.Guid",
        "IntegerPrimitiveNull": null,
        "IntegerPrimitiveN": 2,
        "IntegerPrimitive": 2,
        "Int32Null": null,
        "Int32N": 2,
        "Int32": 2,
        "LongPrimitiveNull": null,
        "LongPrimitiveN": "2147483649",
        "LongPrimitiveN@odata.type": "Edm.Int64",
        "LongPrimitive": "2147483649",
        "LongPrimitive@odata.type": "Edm.Int64",
        "Int64Null": null,
        "Int64N": "123456789012",
        "Int64N@odata.type": "Edm.Int64",
        "Int64": "2147483649",
        "Int64@odata.type": "Edm.Int64",
        "String": "0002",
        "PartitionKey": "somPartition",
        "RowKey": "0002"
      },
      "StatusCode": 204,
      "ResponseHeaders": {
        "Content-Length": "0",
        "Date": "Mon, 22 Mar 2021 23:37:30 GMT",
        "ETag": "W/\u0022datetime\u00272021-03-22T23%3A37%3A31.6184072Z\u0027\u0022",
        "Location": "https://jverazsdkprim.table.cosmos.azure.com/testtable5bcr74pm(PartitionKey=\u0027somPartition\u0027,RowKey=\u00270002\u0027)",
        "Preference-Applied": "return-no-content",
        "Server": "Microsoft-HTTPAPI/2.0",
        "x-ms-request-id": "d84ed65d-0498-4841-aabd-773e2f348ebf"
      },
      "ResponseBody": []
    },
    {
      "RequestUri": "https://jverazsdkprim.table.cosmos.azure.com/testtable5bcr74pm?$format=application%2Fjson%3Bodata%3Dminimalmetadata",
      "RequestMethod": "POST",
      "RequestHeaders": {
        "Accept": "application/json;odata=minimalmetadata",
        "Authorization": "Sanitized",
        "Content-Length": "1642",
        "Content-Type": "application/json;odata=nometadata",
        "DataServiceVersion": "3.0",
        "Prefer": "return-no-content",
        "traceparent": "00-593bc249bc52c94294db7966b2acb942-379cce527a158740-00",
        "User-Agent": "azsdk-net-Data.Tables/12.0.0-alpha.20210322.1 (.NET Framework 4.8.4300.0; Microsoft Windows 10.0.19042 )",
        "x-ms-client-request-id": "31b45295bad6abea05bdf967557131eb",
        "x-ms-date": "Mon, 22 Mar 2021 23:37:30 GMT",
        "x-ms-return-client-request-id": "true",
        "x-ms-version": "2019-02-02"
      },
      "RequestBody": {
        "DateTimeOffsetNull": null,
        "DateTimeOffsetN": "2020-01-01T01:04:00.0000000Z",
        "DateTimeOffsetN@odata.type": "Edm.DateTime",
        "DateTimeOffset": "2020-01-01T01:04:00.0000000Z",
        "DateTimeOffset@odata.type": "Edm.DateTime",
        "DateTimeNull": null,
        "DateTimeN": "2020-01-01T01:04:00.0000000Z",
        "DateTimeN@odata.type": "Edm.DateTime",
        "DateTime": "2020-01-01T01:04:00.0000000Z",
        "DateTime@odata.type": "Edm.DateTime",
        "DateTimeAsString": "2020-01-01T01:04:00.0000000Z",
        "BoolNull": null,
        "BoolN": false,
        "Bool": false,
        "BoolPrimitiveNull": null,
        "BoolPrimitiveN": false,
        "BoolPrimitive": false,
        "Binary": "AQID",
        "Binary@odata.type": "Edm.Binary",
        "BinaryNull": null,
        "BinaryPrimitive": "AQID",
        "BinaryPrimitive@odata.type": "Edm.Binary",
        "DoublePrimitiveNull": null,
        "DoublePrimitiveN": 3.5,
        "DoublePrimitiveN@odata.type": "Edm.Double",
        "DoublePrimitive": 3.5,
        "DoublePrimitive@odata.type": "Edm.Double",
        "DoubleNull": null,
        "DoubleN": 3.5,
        "DoubleN@odata.type": "Edm.Double",
        "Double": 3.5,
        "Double@odata.type": "Edm.Double",
        "DoubleInteger": 3,
        "DoubleInteger@odata.type": "Edm.Double",
        "GuidNull": null,
        "GuidN": "0d391d16-97f1-4b9a-be68-4cc871f90003",
        "GuidN@odata.type": "Edm.Guid",
        "Guid": "0d391d16-97f1-4b9a-be68-4cc871f90003",
        "Guid@odata.type": "Edm.Guid",
        "IntegerPrimitiveNull": null,
        "IntegerPrimitiveN": 3,
        "IntegerPrimitive": 3,
        "Int32Null": null,
        "Int32N": 3,
        "Int32": 3,
        "LongPrimitiveNull": null,
        "LongPrimitiveN": "2147483650",
        "LongPrimitiveN@odata.type": "Edm.Int64",
        "LongPrimitive": "2147483650",
        "LongPrimitive@odata.type": "Edm.Int64",
        "Int64Null": null,
        "Int64N": "123456789012",
        "Int64N@odata.type": "Edm.Int64",
        "Int64": "2147483650",
        "Int64@odata.type": "Edm.Int64",
        "String": "0003",
        "PartitionKey": "somPartition",
        "RowKey": "0003"
      },
      "StatusCode": 204,
      "ResponseHeaders": {
        "Content-Length": "0",
        "Date": "Mon, 22 Mar 2021 23:37:30 GMT",
        "ETag": "W/\u0022datetime\u00272021-03-22T23%3A37%3A31.6664328Z\u0027\u0022",
        "Location": "https://jverazsdkprim.table.cosmos.azure.com/testtable5bcr74pm(PartitionKey=\u0027somPartition\u0027,RowKey=\u00270003\u0027)",
        "Preference-Applied": "return-no-content",
        "Server": "Microsoft-HTTPAPI/2.0",
        "x-ms-request-id": "31b45295-bad6-abea-05bd-f967557131eb"
      },
      "ResponseBody": []
    },
    {
      "RequestUri": "https://jverazsdkprim.table.cosmos.azure.com/testtable5bcr74pm?$format=application%2Fjson%3Bodata%3Dminimalmetadata",
      "RequestMethod": "POST",
      "RequestHeaders": {
        "Accept": "application/json;odata=minimalmetadata",
        "Authorization": "Sanitized",
        "Content-Length": "1640",
        "Content-Type": "application/json;odata=nometadata",
        "DataServiceVersion": "3.0",
        "Prefer": "return-no-content",
        "traceparent": "00-f023aaf8191f044ab3bbbbc1aa3b63d0-9cc28f3d6a9f9c49-00",
        "User-Agent": "azsdk-net-Data.Tables/12.0.0-alpha.20210322.1 (.NET Framework 4.8.4300.0; Microsoft Windows 10.0.19042 )",
        "x-ms-client-request-id": "d3257b2a192ca0ddb08f30d5f7f88f51",
        "x-ms-date": "Mon, 22 Mar 2021 23:37:30 GMT",
        "x-ms-return-client-request-id": "true",
        "x-ms-version": "2019-02-02"
      },
      "RequestBody": {
        "DateTimeOffsetNull": null,
        "DateTimeOffsetN": "2020-01-01T01:05:00.0000000Z",
        "DateTimeOffsetN@odata.type": "Edm.DateTime",
        "DateTimeOffset": "2020-01-01T01:05:00.0000000Z",
        "DateTimeOffset@odata.type": "Edm.DateTime",
        "DateTimeNull": null,
        "DateTimeN": "2020-01-01T01:05:00.0000000Z",
        "DateTimeN@odata.type": "Edm.DateTime",
        "DateTime": "2020-01-01T01:05:00.0000000Z",
        "DateTime@odata.type": "Edm.DateTime",
        "DateTimeAsString": "2020-01-01T01:05:00.0000000Z",
        "BoolNull": null,
        "BoolN": false,
        "Bool": true,
        "BoolPrimitiveNull": null,
        "BoolPrimitiveN": false,
        "BoolPrimitive": true,
        "Binary": "AQIE",
        "Binary@odata.type": "Edm.Binary",
        "BinaryNull": null,
        "BinaryPrimitive": "AQIE",
        "BinaryPrimitive@odata.type": "Edm.Binary",
        "DoublePrimitiveNull": null,
        "DoublePrimitiveN": 4.5,
        "DoublePrimitiveN@odata.type": "Edm.Double",
        "DoublePrimitive": 4.5,
        "DoublePrimitive@odata.type": "Edm.Double",
        "DoubleNull": null,
        "DoubleN": 4.5,
        "DoubleN@odata.type": "Edm.Double",
        "Double": 4.5,
        "Double@odata.type": "Edm.Double",
        "DoubleInteger": 4,
        "DoubleInteger@odata.type": "Edm.Double",
        "GuidNull": null,
        "GuidN": "0d391d16-97f1-4b9a-be68-4cc871f90004",
        "GuidN@odata.type": "Edm.Guid",
        "Guid": "0d391d16-97f1-4b9a-be68-4cc871f90004",
        "Guid@odata.type": "Edm.Guid",
        "IntegerPrimitiveNull": null,
        "IntegerPrimitiveN": 4,
        "IntegerPrimitive": 4,
        "Int32Null": null,
        "Int32N": 4,
        "Int32": 4,
        "LongPrimitiveNull": null,
        "LongPrimitiveN": "2147483651",
        "LongPrimitiveN@odata.type": "Edm.Int64",
        "LongPrimitive": "2147483651",
        "LongPrimitive@odata.type": "Edm.Int64",
        "Int64Null": null,
        "Int64N": "123456789012",
        "Int64N@odata.type": "Edm.Int64",
        "Int64": "2147483651",
        "Int64@odata.type": "Edm.Int64",
        "String": "0004",
        "PartitionKey": "somPartition",
        "RowKey": "0004"
      },
      "StatusCode": 204,
      "ResponseHeaders": {
        "Content-Length": "0",
        "Date": "Mon, 22 Mar 2021 23:37:30 GMT",
        "ETag": "W/\u0022datetime\u00272021-03-22T23%3A37%3A31.7141512Z\u0027\u0022",
        "Location": "https://jverazsdkprim.table.cosmos.azure.com/testtable5bcr74pm(PartitionKey=\u0027somPartition\u0027,RowKey=\u00270004\u0027)",
        "Preference-Applied": "return-no-content",
        "Server": "Microsoft-HTTPAPI/2.0",
        "x-ms-request-id": "d3257b2a-192c-a0dd-b08f-30d5f7f88f51"
      },
      "ResponseBody": []
    },
    {
      "RequestUri": "https://jverazsdkprim.table.cosmos.azure.com/testtable5bcr74pm()?$format=application%2Fjson%3Bodata%3Dminimalmetadata\u0026$filter=String%20ge%20%270003%27",
      "RequestMethod": "GET",
      "RequestHeaders": {
        "Accept": "application/json;odata=minimalmetadata",
        "Authorization": "Sanitized",
        "DataServiceVersion": "3.0",
        "traceparent": "00-b64319c521d33d46b0dd586219cee049-a1a4efe9fc72434f-00",
        "User-Agent": "azsdk-net-Data.Tables/12.0.0-alpha.20210322.1 (.NET Framework 4.8.4300.0; Microsoft Windows 10.0.19042 )",
        "x-ms-client-request-id": "5008a0251050a2cbeba3d3db0bdaf339",
        "x-ms-date": "Mon, 22 Mar 2021 23:37:30 GMT",
        "x-ms-return-client-request-id": "true",
        "x-ms-version": "2019-02-02"
      },
      "RequestBody": null,
      "StatusCode": 200,
      "ResponseHeaders": {
        "Content-Type": "application/json;odata=minimalmetadata",
        "Date": "Mon, 22 Mar 2021 23:37:30 GMT",
        "Server": "Microsoft-HTTPAPI/2.0",
        "Transfer-Encoding": "chunked",
        "x-ms-request-id": "5008a025-1050-a2cb-eba3-d3db0bdaf339"
      },
      "ResponseBody": {
        "value": [
          {
            "odata.etag": "W/\u0022datetime\u00272021-03-22T23%3A37%3A31.6664328Z\u0027\u0022",
            "DateTimeOffsetN@odata.type": "Edm.DateTime",
            "DateTimeOffsetN": "2020-01-01T01:04:00.0000000Z",
            "DateTimeOffset@odata.type": "Edm.DateTime",
            "DateTimeOffset": "2020-01-01T01:04:00.0000000Z",
            "DateTimeN@odata.type": "Edm.DateTime",
            "DateTimeN": "2020-01-01T01:04:00.0000000Z",
            "DateTime@odata.type": "Edm.DateTime",
            "DateTime": "2020-01-01T01:04:00.0000000Z",
            "DateTimeAsString": "2020-01-01T01:04:00.0000000Z",
            "BoolN": false,
            "Bool": false,
            "BoolPrimitiveN": false,
            "BoolPrimitive": false,
            "Binary@odata.type": "Edm.Binary",
            "Binary": "AQID",
            "BinaryPrimitive@odata.type": "Edm.Binary",
            "BinaryPrimitive": "AQID",
            "DoublePrimitiveN": 3.5,
            "DoublePrimitive": 3.5,
            "DoubleN": 3.5,
            "Double": 3.5,
            "DoubleInteger": 3,
            "GuidN@odata.type": "Edm.Guid",
            "GuidN": "0d391d16-97f1-4b9a-be68-4cc871f90003",
            "Guid@odata.type": "Edm.Guid",
            "Guid": "0d391d16-97f1-4b9a-be68-4cc871f90003",
            "IntegerPrimitiveN": 3,
            "IntegerPrimitive": 3,
            "Int32N": 3,
            "Int32": 3,
            "LongPrimitiveN@odata.type": "Edm.Int64",
            "LongPrimitiveN": "2147483650",
            "LongPrimitive@odata.type": "Edm.Int64",
            "LongPrimitive": "2147483650",
            "Int64N@odata.type": "Edm.Int64",
            "Int64N": "123456789012",
            "Int64@odata.type": "Edm.Int64",
            "Int64": "2147483650",
            "String": "0003",
            "PartitionKey": "somPartition",
            "RowKey": "0003",
            "Timestamp": "2021-03-22T23:37:31.6664328Z"
          },
          {
            "odata.etag": "W/\u0022datetime\u00272021-03-22T23%3A37%3A31.7141512Z\u0027\u0022",
            "DateTimeOffsetN@odata.type": "Edm.DateTime",
            "DateTimeOffsetN": "2020-01-01T01:05:00.0000000Z",
            "DateTimeOffset@odata.type": "Edm.DateTime",
            "DateTimeOffset": "2020-01-01T01:05:00.0000000Z",
            "DateTimeN@odata.type": "Edm.DateTime",
            "DateTimeN": "2020-01-01T01:05:00.0000000Z",
            "DateTime@odata.type": "Edm.DateTime",
            "DateTime": "2020-01-01T01:05:00.0000000Z",
            "DateTimeAsString": "2020-01-01T01:05:00.0000000Z",
            "BoolN": false,
            "Bool": true,
            "BoolPrimitiveN": false,
            "BoolPrimitive": true,
            "Binary@odata.type": "Edm.Binary",
            "Binary": "AQIE",
            "BinaryPrimitive@odata.type": "Edm.Binary",
            "BinaryPrimitive": "AQIE",
            "DoublePrimitiveN": 4.5,
            "DoublePrimitive": 4.5,
            "DoubleN": 4.5,
            "Double": 4.5,
            "DoubleInteger": 4,
            "GuidN@odata.type": "Edm.Guid",
            "GuidN": "0d391d16-97f1-4b9a-be68-4cc871f90004",
            "Guid@odata.type": "Edm.Guid",
            "Guid": "0d391d16-97f1-4b9a-be68-4cc871f90004",
            "IntegerPrimitiveN": 4,
            "IntegerPrimitive": 4,
            "Int32N": 4,
            "Int32": 4,
            "LongPrimitiveN@odata.type": "Edm.Int64",
            "LongPrimitiveN": "2147483651",
            "LongPrimitive@odata.type": "Edm.Int64",
            "LongPrimitive": "2147483651",
            "Int64N@odata.type": "Edm.Int64",
            "Int64N": "123456789012",
            "Int64@odata.type": "Edm.Int64",
            "Int64": "2147483651",
            "String": "0004",
            "PartitionKey": "somPartition",
            "RowKey": "0004",
            "Timestamp": "2021-03-22T23:37:31.7141512Z"
          }
        ],
        "odata.metadata": "https://jverazsdkprim.table.cosmos.azure.com/$metadata#testtable5bcr74pm"
      }
    },
    {
      "RequestUri": "https://jverazsdkprim.table.cosmos.azure.com/testtable5bcr74pm()?$format=application%2Fjson%3Bodata%3Dminimalmetadata\u0026$filter=Guid%20eq%20guid%270d391d16-97f1-4b9a-be68-4cc871f90003%27",
      "RequestMethod": "GET",
      "RequestHeaders": {
        "Accept": "application/json;odata=minimalmetadata",
        "Authorization": "Sanitized",
        "DataServiceVersion": "3.0",
        "traceparent": "00-10bf1827c0327f4e8515c780f1fc5984-653c40bd57dc9542-00",
        "User-Agent": "azsdk-net-Data.Tables/12.0.0-alpha.20210322.1 (.NET Framework 4.8.4300.0; Microsoft Windows 10.0.19042 )",
        "x-ms-client-request-id": "b3138b8cba0e7c92741481478a14b30c",
        "x-ms-date": "Mon, 22 Mar 2021 23:37:30 GMT",
        "x-ms-return-client-request-id": "true",
        "x-ms-version": "2019-02-02"
      },
      "RequestBody": null,
      "StatusCode": 200,
      "ResponseHeaders": {
        "Content-Type": "application/json;odata=minimalmetadata",
        "Date": "Mon, 22 Mar 2021 23:37:30 GMT",
        "Server": "Microsoft-HTTPAPI/2.0",
        "Transfer-Encoding": "chunked",
        "x-ms-request-id": "b3138b8c-ba0e-7c92-7414-81478a14b30c"
      },
      "ResponseBody": {
        "value": [
          {
            "odata.etag": "W/\u0022datetime\u00272021-03-22T23%3A37%3A31.6664328Z\u0027\u0022",
            "DateTimeOffsetN@odata.type": "Edm.DateTime",
            "DateTimeOffsetN": "2020-01-01T01:04:00.0000000Z",
            "DateTimeOffset@odata.type": "Edm.DateTime",
            "DateTimeOffset": "2020-01-01T01:04:00.0000000Z",
            "DateTimeN@odata.type": "Edm.DateTime",
            "DateTimeN": "2020-01-01T01:04:00.0000000Z",
            "DateTime@odata.type": "Edm.DateTime",
            "DateTime": "2020-01-01T01:04:00.0000000Z",
            "DateTimeAsString": "2020-01-01T01:04:00.0000000Z",
            "BoolN": false,
            "Bool": false,
            "BoolPrimitiveN": false,
            "BoolPrimitive": false,
            "Binary@odata.type": "Edm.Binary",
            "Binary": "AQID",
            "BinaryPrimitive@odata.type": "Edm.Binary",
            "BinaryPrimitive": "AQID",
            "DoublePrimitiveN": 3.5,
            "DoublePrimitive": 3.5,
            "DoubleN": 3.5,
            "Double": 3.5,
            "DoubleInteger": 3,
            "GuidN@odata.type": "Edm.Guid",
            "GuidN": "0d391d16-97f1-4b9a-be68-4cc871f90003",
            "Guid@odata.type": "Edm.Guid",
            "Guid": "0d391d16-97f1-4b9a-be68-4cc871f90003",
            "IntegerPrimitiveN": 3,
            "IntegerPrimitive": 3,
            "Int32N": 3,
            "Int32": 3,
            "LongPrimitiveN@odata.type": "Edm.Int64",
            "LongPrimitiveN": "2147483650",
            "LongPrimitive@odata.type": "Edm.Int64",
            "LongPrimitive": "2147483650",
            "Int64N@odata.type": "Edm.Int64",
            "Int64N": "123456789012",
            "Int64@odata.type": "Edm.Int64",
            "Int64": "2147483650",
            "String": "0003",
            "PartitionKey": "somPartition",
            "RowKey": "0003",
            "Timestamp": "2021-03-22T23:37:31.6664328Z"
          }
        ],
        "odata.metadata": "https://jverazsdkprim.table.cosmos.azure.com/$metadata#testtable5bcr74pm"
      }
    },
    {
      "RequestUri": "https://jverazsdkprim.table.cosmos.azure.com/testtable5bcr74pm()?$format=application%2Fjson%3Bodata%3Dminimalmetadata\u0026$filter=Int64%20ge%202147483650L",
      "RequestMethod": "GET",
      "RequestHeaders": {
        "Accept": "application/json;odata=minimalmetadata",
        "Authorization": "Sanitized",
        "DataServiceVersion": "3.0",
        "traceparent": "00-d41fa148aa36174abfe98ea91be7ad5a-51d6d47ad03bbf41-00",
        "User-Agent": "azsdk-net-Data.Tables/12.0.0-alpha.20210322.1 (.NET Framework 4.8.4300.0; Microsoft Windows 10.0.19042 )",
        "x-ms-client-request-id": "b441a82ee0681a9baf83e789450294d5",
        "x-ms-date": "Mon, 22 Mar 2021 23:37:30 GMT",
        "x-ms-return-client-request-id": "true",
        "x-ms-version": "2019-02-02"
      },
      "RequestBody": null,
      "StatusCode": 200,
      "ResponseHeaders": {
        "Content-Type": "application/json;odata=minimalmetadata",
        "Date": "Mon, 22 Mar 2021 23:37:30 GMT",
        "Server": "Microsoft-HTTPAPI/2.0",
        "Transfer-Encoding": "chunked",
        "x-ms-request-id": "b441a82e-e068-1a9b-af83-e789450294d5"
      },
      "ResponseBody": {
        "value": [
          {
            "odata.etag": "W/\u0022datetime\u00272021-03-22T23%3A37%3A31.6664328Z\u0027\u0022",
            "DateTimeOffsetN@odata.type": "Edm.DateTime",
            "DateTimeOffsetN": "2020-01-01T01:04:00.0000000Z",
            "DateTimeOffset@odata.type": "Edm.DateTime",
            "DateTimeOffset": "2020-01-01T01:04:00.0000000Z",
            "DateTimeN@odata.type": "Edm.DateTime",
            "DateTimeN": "2020-01-01T01:04:00.0000000Z",
            "DateTime@odata.type": "Edm.DateTime",
            "DateTime": "2020-01-01T01:04:00.0000000Z",
            "DateTimeAsString": "2020-01-01T01:04:00.0000000Z",
            "BoolN": false,
            "Bool": false,
            "BoolPrimitiveN": false,
            "BoolPrimitive": false,
            "Binary@odata.type": "Edm.Binary",
            "Binary": "AQID",
            "BinaryPrimitive@odata.type": "Edm.Binary",
            "BinaryPrimitive": "AQID",
            "DoublePrimitiveN": 3.5,
            "DoublePrimitive": 3.5,
            "DoubleN": 3.5,
            "Double": 3.5,
            "DoubleInteger": 3,
            "GuidN@odata.type": "Edm.Guid",
            "GuidN": "0d391d16-97f1-4b9a-be68-4cc871f90003",
            "Guid@odata.type": "Edm.Guid",
            "Guid": "0d391d16-97f1-4b9a-be68-4cc871f90003",
            "IntegerPrimitiveN": 3,
            "IntegerPrimitive": 3,
            "Int32N": 3,
            "Int32": 3,
            "LongPrimitiveN@odata.type": "Edm.Int64",
            "LongPrimitiveN": "2147483650",
            "LongPrimitive@odata.type": "Edm.Int64",
            "LongPrimitive": "2147483650",
            "Int64N@odata.type": "Edm.Int64",
            "Int64N": "123456789012",
            "Int64@odata.type": "Edm.Int64",
            "Int64": "2147483650",
            "String": "0003",
            "PartitionKey": "somPartition",
            "RowKey": "0003",
            "Timestamp": "2021-03-22T23:37:31.6664328Z"
          },
          {
            "odata.etag": "W/\u0022datetime\u00272021-03-22T23%3A37%3A31.7141512Z\u0027\u0022",
            "DateTimeOffsetN@odata.type": "Edm.DateTime",
            "DateTimeOffsetN": "2020-01-01T01:05:00.0000000Z",
            "DateTimeOffset@odata.type": "Edm.DateTime",
            "DateTimeOffset": "2020-01-01T01:05:00.0000000Z",
            "DateTimeN@odata.type": "Edm.DateTime",
            "DateTimeN": "2020-01-01T01:05:00.0000000Z",
            "DateTime@odata.type": "Edm.DateTime",
            "DateTime": "2020-01-01T01:05:00.0000000Z",
            "DateTimeAsString": "2020-01-01T01:05:00.0000000Z",
            "BoolN": false,
            "Bool": true,
            "BoolPrimitiveN": false,
            "BoolPrimitive": true,
            "Binary@odata.type": "Edm.Binary",
            "Binary": "AQIE",
            "BinaryPrimitive@odata.type": "Edm.Binary",
            "BinaryPrimitive": "AQIE",
            "DoublePrimitiveN": 4.5,
            "DoublePrimitive": 4.5,
            "DoubleN": 4.5,
            "Double": 4.5,
            "DoubleInteger": 4,
            "GuidN@odata.type": "Edm.Guid",
            "GuidN": "0d391d16-97f1-4b9a-be68-4cc871f90004",
            "Guid@odata.type": "Edm.Guid",
            "Guid": "0d391d16-97f1-4b9a-be68-4cc871f90004",
            "IntegerPrimitiveN": 4,
            "IntegerPrimitive": 4,
            "Int32N": 4,
            "Int32": 4,
            "LongPrimitiveN@odata.type": "Edm.Int64",
            "LongPrimitiveN": "2147483651",
            "LongPrimitive@odata.type": "Edm.Int64",
            "LongPrimitive": "2147483651",
            "Int64N@odata.type": "Edm.Int64",
            "Int64N": "123456789012",
            "Int64@odata.type": "Edm.Int64",
            "Int64": "2147483651",
            "String": "0004",
            "PartitionKey": "somPartition",
            "RowKey": "0004",
            "Timestamp": "2021-03-22T23:37:31.7141512Z"
          }
        ],
        "odata.metadata": "https://jverazsdkprim.table.cosmos.azure.com/$metadata#testtable5bcr74pm"
      }
    },
    {
      "RequestUri": "https://jverazsdkprim.table.cosmos.azure.com/testtable5bcr74pm()?$format=application%2Fjson%3Bodata%3Dminimalmetadata\u0026$filter=LongPrimitive%20ge%202147483650L",
      "RequestMethod": "GET",
      "RequestHeaders": {
        "Accept": "application/json;odata=minimalmetadata",
        "Authorization": "Sanitized",
        "DataServiceVersion": "3.0",
        "traceparent": "00-9e29da67b86d7f43a28e3b34810271d5-88795a205af76e48-00",
        "User-Agent": "azsdk-net-Data.Tables/12.0.0-alpha.20210322.1 (.NET Framework 4.8.4300.0; Microsoft Windows 10.0.19042 )",
        "x-ms-client-request-id": "6c49f79bdce46a420d8bdc3c8e8418d7",
        "x-ms-date": "Mon, 22 Mar 2021 23:37:31 GMT",
        "x-ms-return-client-request-id": "true",
        "x-ms-version": "2019-02-02"
      },
      "RequestBody": null,
      "StatusCode": 200,
      "ResponseHeaders": {
        "Content-Type": "application/json;odata=minimalmetadata",
        "Date": "Mon, 22 Mar 2021 23:37:31 GMT",
        "Server": "Microsoft-HTTPAPI/2.0",
        "Transfer-Encoding": "chunked",
        "x-ms-request-id": "6c49f79b-dce4-6a42-0d8b-dc3c8e8418d7"
      },
      "ResponseBody": {
        "value": [
          {
            "odata.etag": "W/\u0022datetime\u00272021-03-22T23%3A37%3A31.6664328Z\u0027\u0022",
            "DateTimeOffsetN@odata.type": "Edm.DateTime",
            "DateTimeOffsetN": "2020-01-01T01:04:00.0000000Z",
            "DateTimeOffset@odata.type": "Edm.DateTime",
            "DateTimeOffset": "2020-01-01T01:04:00.0000000Z",
            "DateTimeN@odata.type": "Edm.DateTime",
            "DateTimeN": "2020-01-01T01:04:00.0000000Z",
            "DateTime@odata.type": "Edm.DateTime",
            "DateTime": "2020-01-01T01:04:00.0000000Z",
            "DateTimeAsString": "2020-01-01T01:04:00.0000000Z",
            "BoolN": false,
            "Bool": false,
            "BoolPrimitiveN": false,
            "BoolPrimitive": false,
            "Binary@odata.type": "Edm.Binary",
            "Binary": "AQID",
            "BinaryPrimitive@odata.type": "Edm.Binary",
            "BinaryPrimitive": "AQID",
            "DoublePrimitiveN": 3.5,
            "DoublePrimitive": 3.5,
            "DoubleN": 3.5,
            "Double": 3.5,
            "DoubleInteger": 3,
            "GuidN@odata.type": "Edm.Guid",
            "GuidN": "0d391d16-97f1-4b9a-be68-4cc871f90003",
            "Guid@odata.type": "Edm.Guid",
            "Guid": "0d391d16-97f1-4b9a-be68-4cc871f90003",
            "IntegerPrimitiveN": 3,
            "IntegerPrimitive": 3,
            "Int32N": 3,
            "Int32": 3,
            "LongPrimitiveN@odata.type": "Edm.Int64",
            "LongPrimitiveN": "2147483650",
            "LongPrimitive@odata.type": "Edm.Int64",
            "LongPrimitive": "2147483650",
            "Int64N@odata.type": "Edm.Int64",
            "Int64N": "123456789012",
            "Int64@odata.type": "Edm.Int64",
            "Int64": "2147483650",
            "String": "0003",
            "PartitionKey": "somPartition",
            "RowKey": "0003",
            "Timestamp": "2021-03-22T23:37:31.6664328Z"
          },
          {
            "odata.etag": "W/\u0022datetime\u00272021-03-22T23%3A37%3A31.7141512Z\u0027\u0022",
            "DateTimeOffsetN@odata.type": "Edm.DateTime",
            "DateTimeOffsetN": "2020-01-01T01:05:00.0000000Z",
            "DateTimeOffset@odata.type": "Edm.DateTime",
            "DateTimeOffset": "2020-01-01T01:05:00.0000000Z",
            "DateTimeN@odata.type": "Edm.DateTime",
            "DateTimeN": "2020-01-01T01:05:00.0000000Z",
            "DateTime@odata.type": "Edm.DateTime",
            "DateTime": "2020-01-01T01:05:00.0000000Z",
            "DateTimeAsString": "2020-01-01T01:05:00.0000000Z",
            "BoolN": false,
            "Bool": true,
            "BoolPrimitiveN": false,
            "BoolPrimitive": true,
            "Binary@odata.type": "Edm.Binary",
            "Binary": "AQIE",
            "BinaryPrimitive@odata.type": "Edm.Binary",
            "BinaryPrimitive": "AQIE",
            "DoublePrimitiveN": 4.5,
            "DoublePrimitive": 4.5,
            "DoubleN": 4.5,
            "Double": 4.5,
            "DoubleInteger": 4,
            "GuidN@odata.type": "Edm.Guid",
            "GuidN": "0d391d16-97f1-4b9a-be68-4cc871f90004",
            "Guid@odata.type": "Edm.Guid",
            "Guid": "0d391d16-97f1-4b9a-be68-4cc871f90004",
            "IntegerPrimitiveN": 4,
            "IntegerPrimitive": 4,
            "Int32N": 4,
            "Int32": 4,
            "LongPrimitiveN@odata.type": "Edm.Int64",
            "LongPrimitiveN": "2147483651",
            "LongPrimitive@odata.type": "Edm.Int64",
            "LongPrimitive": "2147483651",
            "Int64N@odata.type": "Edm.Int64",
            "Int64N": "123456789012",
            "Int64@odata.type": "Edm.Int64",
            "Int64": "2147483651",
            "String": "0004",
            "PartitionKey": "somPartition",
            "RowKey": "0004",
            "Timestamp": "2021-03-22T23:37:31.7141512Z"
          }
        ],
        "odata.metadata": "https://jverazsdkprim.table.cosmos.azure.com/$metadata#testtable5bcr74pm"
      }
    },
    {
      "RequestUri": "https://jverazsdkprim.table.cosmos.azure.com/testtable5bcr74pm()?$format=application%2Fjson%3Bodata%3Dminimalmetadata\u0026$filter=LongPrimitiveN%20ge%202147483650L",
      "RequestMethod": "GET",
      "RequestHeaders": {
        "Accept": "application/json;odata=minimalmetadata",
        "Authorization": "Sanitized",
        "DataServiceVersion": "3.0",
        "traceparent": "00-88c3e1c1739823499d7f090a840a8c0d-dc160fa93d7d3644-00",
        "User-Agent": "azsdk-net-Data.Tables/12.0.0-alpha.20210322.1 (.NET Framework 4.8.4300.0; Microsoft Windows 10.0.19042 )",
        "x-ms-client-request-id": "63acc6f03f98abd0f0f8038bd2093671",
        "x-ms-date": "Mon, 22 Mar 2021 23:37:31 GMT",
        "x-ms-return-client-request-id": "true",
        "x-ms-version": "2019-02-02"
      },
      "RequestBody": null,
      "StatusCode": 200,
      "ResponseHeaders": {
        "Content-Type": "application/json;odata=minimalmetadata",
        "Date": "Mon, 22 Mar 2021 23:37:31 GMT",
        "Server": "Microsoft-HTTPAPI/2.0",
        "Transfer-Encoding": "chunked",
        "x-ms-request-id": "63acc6f0-3f98-abd0-f0f8-038bd2093671"
      },
      "ResponseBody": {
        "value": [
          {
            "odata.etag": "W/\u0022datetime\u00272021-03-22T23%3A37%3A31.6664328Z\u0027\u0022",
            "DateTimeOffsetN@odata.type": "Edm.DateTime",
            "DateTimeOffsetN": "2020-01-01T01:04:00.0000000Z",
            "DateTimeOffset@odata.type": "Edm.DateTime",
            "DateTimeOffset": "2020-01-01T01:04:00.0000000Z",
            "DateTimeN@odata.type": "Edm.DateTime",
            "DateTimeN": "2020-01-01T01:04:00.0000000Z",
            "DateTime@odata.type": "Edm.DateTime",
            "DateTime": "2020-01-01T01:04:00.0000000Z",
            "DateTimeAsString": "2020-01-01T01:04:00.0000000Z",
            "BoolN": false,
            "Bool": false,
            "BoolPrimitiveN": false,
            "BoolPrimitive": false,
            "Binary@odata.type": "Edm.Binary",
            "Binary": "AQID",
            "BinaryPrimitive@odata.type": "Edm.Binary",
            "BinaryPrimitive": "AQID",
            "DoublePrimitiveN": 3.5,
            "DoublePrimitive": 3.5,
            "DoubleN": 3.5,
            "Double": 3.5,
            "DoubleInteger": 3,
            "GuidN@odata.type": "Edm.Guid",
            "GuidN": "0d391d16-97f1-4b9a-be68-4cc871f90003",
            "Guid@odata.type": "Edm.Guid",
            "Guid": "0d391d16-97f1-4b9a-be68-4cc871f90003",
            "IntegerPrimitiveN": 3,
            "IntegerPrimitive": 3,
            "Int32N": 3,
            "Int32": 3,
            "LongPrimitiveN@odata.type": "Edm.Int64",
            "LongPrimitiveN": "2147483650",
            "LongPrimitive@odata.type": "Edm.Int64",
            "LongPrimitive": "2147483650",
            "Int64N@odata.type": "Edm.Int64",
            "Int64N": "123456789012",
            "Int64@odata.type": "Edm.Int64",
            "Int64": "2147483650",
            "String": "0003",
            "PartitionKey": "somPartition",
            "RowKey": "0003",
            "Timestamp": "2021-03-22T23:37:31.6664328Z"
          },
          {
            "odata.etag": "W/\u0022datetime\u00272021-03-22T23%3A37%3A31.7141512Z\u0027\u0022",
            "DateTimeOffsetN@odata.type": "Edm.DateTime",
            "DateTimeOffsetN": "2020-01-01T01:05:00.0000000Z",
            "DateTimeOffset@odata.type": "Edm.DateTime",
            "DateTimeOffset": "2020-01-01T01:05:00.0000000Z",
            "DateTimeN@odata.type": "Edm.DateTime",
            "DateTimeN": "2020-01-01T01:05:00.0000000Z",
            "DateTime@odata.type": "Edm.DateTime",
            "DateTime": "2020-01-01T01:05:00.0000000Z",
            "DateTimeAsString": "2020-01-01T01:05:00.0000000Z",
            "BoolN": false,
            "Bool": true,
            "BoolPrimitiveN": false,
            "BoolPrimitive": true,
            "Binary@odata.type": "Edm.Binary",
            "Binary": "AQIE",
            "BinaryPrimitive@odata.type": "Edm.Binary",
            "BinaryPrimitive": "AQIE",
            "DoublePrimitiveN": 4.5,
            "DoublePrimitive": 4.5,
            "DoubleN": 4.5,
            "Double": 4.5,
            "DoubleInteger": 4,
            "GuidN@odata.type": "Edm.Guid",
            "GuidN": "0d391d16-97f1-4b9a-be68-4cc871f90004",
            "Guid@odata.type": "Edm.Guid",
            "Guid": "0d391d16-97f1-4b9a-be68-4cc871f90004",
            "IntegerPrimitiveN": 4,
            "IntegerPrimitive": 4,
            "Int32N": 4,
            "Int32": 4,
            "LongPrimitiveN@odata.type": "Edm.Int64",
            "LongPrimitiveN": "2147483651",
            "LongPrimitive@odata.type": "Edm.Int64",
            "LongPrimitive": "2147483651",
            "Int64N@odata.type": "Edm.Int64",
            "Int64N": "123456789012",
            "Int64@odata.type": "Edm.Int64",
            "Int64": "2147483651",
            "String": "0004",
            "PartitionKey": "somPartition",
            "RowKey": "0004",
            "Timestamp": "2021-03-22T23:37:31.7141512Z"
          }
        ],
        "odata.metadata": "https://jverazsdkprim.table.cosmos.azure.com/$metadata#testtable5bcr74pm"
      }
    },
    {
      "RequestUri": "https://jverazsdkprim.table.cosmos.azure.com/testtable5bcr74pm()?$format=application%2Fjson%3Bodata%3Dminimalmetadata\u0026$filter=Double%20ge%203.5",
      "RequestMethod": "GET",
      "RequestHeaders": {
        "Accept": "application/json;odata=minimalmetadata",
        "Authorization": "Sanitized",
        "DataServiceVersion": "3.0",
        "traceparent": "00-dfa0455a853ddc4d818662cccf25d182-3cb25f7683b31d4e-00",
        "User-Agent": "azsdk-net-Data.Tables/12.0.0-alpha.20210322.1 (.NET Framework 4.8.4300.0; Microsoft Windows 10.0.19042 )",
        "x-ms-client-request-id": "92acab7f46cb512765d7a6dc045f8b2b",
        "x-ms-date": "Mon, 22 Mar 2021 23:37:31 GMT",
        "x-ms-return-client-request-id": "true",
        "x-ms-version": "2019-02-02"
      },
      "RequestBody": null,
      "StatusCode": 200,
      "ResponseHeaders": {
        "Content-Type": "application/json;odata=minimalmetadata",
        "Date": "Mon, 22 Mar 2021 23:37:31 GMT",
        "Server": "Microsoft-HTTPAPI/2.0",
        "Transfer-Encoding": "chunked",
        "x-ms-request-id": "92acab7f-46cb-5127-65d7-a6dc045f8b2b"
      },
      "ResponseBody": {
        "value": [
          {
            "odata.etag": "W/\u0022datetime\u00272021-03-22T23%3A37%3A31.6664328Z\u0027\u0022",
            "DateTimeOffsetN@odata.type": "Edm.DateTime",
            "DateTimeOffsetN": "2020-01-01T01:04:00.0000000Z",
            "DateTimeOffset@odata.type": "Edm.DateTime",
            "DateTimeOffset": "2020-01-01T01:04:00.0000000Z",
            "DateTimeN@odata.type": "Edm.DateTime",
            "DateTimeN": "2020-01-01T01:04:00.0000000Z",
            "DateTime@odata.type": "Edm.DateTime",
            "DateTime": "2020-01-01T01:04:00.0000000Z",
            "DateTimeAsString": "2020-01-01T01:04:00.0000000Z",
            "BoolN": false,
            "Bool": false,
            "BoolPrimitiveN": false,
            "BoolPrimitive": false,
            "Binary@odata.type": "Edm.Binary",
            "Binary": "AQID",
            "BinaryPrimitive@odata.type": "Edm.Binary",
            "BinaryPrimitive": "AQID",
            "DoublePrimitiveN": 3.5,
            "DoublePrimitive": 3.5,
            "DoubleN": 3.5,
            "Double": 3.5,
            "DoubleInteger": 3,
            "GuidN@odata.type": "Edm.Guid",
            "GuidN": "0d391d16-97f1-4b9a-be68-4cc871f90003",
            "Guid@odata.type": "Edm.Guid",
            "Guid": "0d391d16-97f1-4b9a-be68-4cc871f90003",
            "IntegerPrimitiveN": 3,
            "IntegerPrimitive": 3,
            "Int32N": 3,
            "Int32": 3,
            "LongPrimitiveN@odata.type": "Edm.Int64",
            "LongPrimitiveN": "2147483650",
            "LongPrimitive@odata.type": "Edm.Int64",
            "LongPrimitive": "2147483650",
            "Int64N@odata.type": "Edm.Int64",
            "Int64N": "123456789012",
            "Int64@odata.type": "Edm.Int64",
            "Int64": "2147483650",
            "String": "0003",
            "PartitionKey": "somPartition",
            "RowKey": "0003",
            "Timestamp": "2021-03-22T23:37:31.6664328Z"
          },
          {
            "odata.etag": "W/\u0022datetime\u00272021-03-22T23%3A37%3A31.7141512Z\u0027\u0022",
            "DateTimeOffsetN@odata.type": "Edm.DateTime",
            "DateTimeOffsetN": "2020-01-01T01:05:00.0000000Z",
            "DateTimeOffset@odata.type": "Edm.DateTime",
            "DateTimeOffset": "2020-01-01T01:05:00.0000000Z",
            "DateTimeN@odata.type": "Edm.DateTime",
            "DateTimeN": "2020-01-01T01:05:00.0000000Z",
            "DateTime@odata.type": "Edm.DateTime",
            "DateTime": "2020-01-01T01:05:00.0000000Z",
            "DateTimeAsString": "2020-01-01T01:05:00.0000000Z",
            "BoolN": false,
            "Bool": true,
            "BoolPrimitiveN": false,
            "BoolPrimitive": true,
            "Binary@odata.type": "Edm.Binary",
            "Binary": "AQIE",
            "BinaryPrimitive@odata.type": "Edm.Binary",
            "BinaryPrimitive": "AQIE",
            "DoublePrimitiveN": 4.5,
            "DoublePrimitive": 4.5,
            "DoubleN": 4.5,
            "Double": 4.5,
            "DoubleInteger": 4,
            "GuidN@odata.type": "Edm.Guid",
            "GuidN": "0d391d16-97f1-4b9a-be68-4cc871f90004",
            "Guid@odata.type": "Edm.Guid",
            "Guid": "0d391d16-97f1-4b9a-be68-4cc871f90004",
            "IntegerPrimitiveN": 4,
            "IntegerPrimitive": 4,
            "Int32N": 4,
            "Int32": 4,
            "LongPrimitiveN@odata.type": "Edm.Int64",
            "LongPrimitiveN": "2147483651",
            "LongPrimitive@odata.type": "Edm.Int64",
            "LongPrimitive": "2147483651",
            "Int64N@odata.type": "Edm.Int64",
            "Int64N": "123456789012",
            "Int64@odata.type": "Edm.Int64",
            "Int64": "2147483651",
            "String": "0004",
            "PartitionKey": "somPartition",
            "RowKey": "0004",
            "Timestamp": "2021-03-22T23:37:31.7141512Z"
          }
        ],
        "odata.metadata": "https://jverazsdkprim.table.cosmos.azure.com/$metadata#testtable5bcr74pm"
      }
    },
    {
      "RequestUri": "https://jverazsdkprim.table.cosmos.azure.com/testtable5bcr74pm()?$format=application%2Fjson%3Bodata%3Dminimalmetadata\u0026$filter=DoublePrimitive%20ge%203.5",
      "RequestMethod": "GET",
      "RequestHeaders": {
        "Accept": "application/json;odata=minimalmetadata",
        "Authorization": "Sanitized",
        "DataServiceVersion": "3.0",
        "traceparent": "00-628db34975f36e46b9d9502af71a2a55-4d16f801c1e1b845-00",
        "User-Agent": "azsdk-net-Data.Tables/12.0.0-alpha.20210322.1 (.NET Framework 4.8.4300.0; Microsoft Windows 10.0.19042 )",
        "x-ms-client-request-id": "7f98106a30555b3d269d7cecd8b69704",
        "x-ms-date": "Mon, 22 Mar 2021 23:37:31 GMT",
        "x-ms-return-client-request-id": "true",
        "x-ms-version": "2019-02-02"
      },
      "RequestBody": null,
      "StatusCode": 200,
      "ResponseHeaders": {
        "Content-Type": "application/json;odata=minimalmetadata",
        "Date": "Mon, 22 Mar 2021 23:37:31 GMT",
        "Server": "Microsoft-HTTPAPI/2.0",
        "Transfer-Encoding": "chunked",
        "x-ms-request-id": "7f98106a-3055-5b3d-269d-7cecd8b69704"
      },
      "ResponseBody": {
        "value": [
          {
            "odata.etag": "W/\u0022datetime\u00272021-03-22T23%3A37%3A31.6664328Z\u0027\u0022",
            "DateTimeOffsetN@odata.type": "Edm.DateTime",
            "DateTimeOffsetN": "2020-01-01T01:04:00.0000000Z",
            "DateTimeOffset@odata.type": "Edm.DateTime",
            "DateTimeOffset": "2020-01-01T01:04:00.0000000Z",
            "DateTimeN@odata.type": "Edm.DateTime",
            "DateTimeN": "2020-01-01T01:04:00.0000000Z",
            "DateTime@odata.type": "Edm.DateTime",
            "DateTime": "2020-01-01T01:04:00.0000000Z",
            "DateTimeAsString": "2020-01-01T01:04:00.0000000Z",
            "BoolN": false,
            "Bool": false,
            "BoolPrimitiveN": false,
            "BoolPrimitive": false,
            "Binary@odata.type": "Edm.Binary",
            "Binary": "AQID",
            "BinaryPrimitive@odata.type": "Edm.Binary",
            "BinaryPrimitive": "AQID",
            "DoublePrimitiveN": 3.5,
            "DoublePrimitive": 3.5,
            "DoubleN": 3.5,
            "Double": 3.5,
            "DoubleInteger": 3,
            "GuidN@odata.type": "Edm.Guid",
            "GuidN": "0d391d16-97f1-4b9a-be68-4cc871f90003",
            "Guid@odata.type": "Edm.Guid",
            "Guid": "0d391d16-97f1-4b9a-be68-4cc871f90003",
            "IntegerPrimitiveN": 3,
            "IntegerPrimitive": 3,
            "Int32N": 3,
            "Int32": 3,
            "LongPrimitiveN@odata.type": "Edm.Int64",
            "LongPrimitiveN": "2147483650",
            "LongPrimitive@odata.type": "Edm.Int64",
            "LongPrimitive": "2147483650",
            "Int64N@odata.type": "Edm.Int64",
            "Int64N": "123456789012",
            "Int64@odata.type": "Edm.Int64",
            "Int64": "2147483650",
            "String": "0003",
            "PartitionKey": "somPartition",
            "RowKey": "0003",
            "Timestamp": "2021-03-22T23:37:31.6664328Z"
          },
          {
            "odata.etag": "W/\u0022datetime\u00272021-03-22T23%3A37%3A31.7141512Z\u0027\u0022",
            "DateTimeOffsetN@odata.type": "Edm.DateTime",
            "DateTimeOffsetN": "2020-01-01T01:05:00.0000000Z",
            "DateTimeOffset@odata.type": "Edm.DateTime",
            "DateTimeOffset": "2020-01-01T01:05:00.0000000Z",
            "DateTimeN@odata.type": "Edm.DateTime",
            "DateTimeN": "2020-01-01T01:05:00.0000000Z",
            "DateTime@odata.type": "Edm.DateTime",
            "DateTime": "2020-01-01T01:05:00.0000000Z",
            "DateTimeAsString": "2020-01-01T01:05:00.0000000Z",
            "BoolN": false,
            "Bool": true,
            "BoolPrimitiveN": false,
            "BoolPrimitive": true,
            "Binary@odata.type": "Edm.Binary",
            "Binary": "AQIE",
            "BinaryPrimitive@odata.type": "Edm.Binary",
            "BinaryPrimitive": "AQIE",
            "DoublePrimitiveN": 4.5,
            "DoublePrimitive": 4.5,
            "DoubleN": 4.5,
            "Double": 4.5,
            "DoubleInteger": 4,
            "GuidN@odata.type": "Edm.Guid",
            "GuidN": "0d391d16-97f1-4b9a-be68-4cc871f90004",
            "Guid@odata.type": "Edm.Guid",
            "Guid": "0d391d16-97f1-4b9a-be68-4cc871f90004",
            "IntegerPrimitiveN": 4,
            "IntegerPrimitive": 4,
            "Int32N": 4,
            "Int32": 4,
            "LongPrimitiveN@odata.type": "Edm.Int64",
            "LongPrimitiveN": "2147483651",
            "LongPrimitive@odata.type": "Edm.Int64",
            "LongPrimitive": "2147483651",
            "Int64N@odata.type": "Edm.Int64",
            "Int64N": "123456789012",
            "Int64@odata.type": "Edm.Int64",
            "Int64": "2147483651",
            "String": "0004",
            "PartitionKey": "somPartition",
            "RowKey": "0004",
            "Timestamp": "2021-03-22T23:37:31.7141512Z"
          }
        ],
        "odata.metadata": "https://jverazsdkprim.table.cosmos.azure.com/$metadata#testtable5bcr74pm"
      }
    },
    {
      "RequestUri": "https://jverazsdkprim.table.cosmos.azure.com/testtable5bcr74pm()?$format=application%2Fjson%3Bodata%3Dminimalmetadata\u0026$filter=Int32%20ge%203",
      "RequestMethod": "GET",
      "RequestHeaders": {
        "Accept": "application/json;odata=minimalmetadata",
        "Authorization": "Sanitized",
        "DataServiceVersion": "3.0",
        "traceparent": "00-baf101da282fb34e9df42b1f5df8445c-64caffdb8fe1c94c-00",
        "User-Agent": "azsdk-net-Data.Tables/12.0.0-alpha.20210322.1 (.NET Framework 4.8.4300.0; Microsoft Windows 10.0.19042 )",
        "x-ms-client-request-id": "e3bc6a5585d7a90c9f5afdc099f3a790",
        "x-ms-date": "Mon, 22 Mar 2021 23:37:31 GMT",
        "x-ms-return-client-request-id": "true",
        "x-ms-version": "2019-02-02"
      },
      "RequestBody": null,
      "StatusCode": 200,
      "ResponseHeaders": {
        "Content-Type": "application/json;odata=minimalmetadata",
        "Date": "Mon, 22 Mar 2021 23:37:31 GMT",
        "Server": "Microsoft-HTTPAPI/2.0",
        "Transfer-Encoding": "chunked",
        "x-ms-request-id": "e3bc6a55-85d7-a90c-9f5a-fdc099f3a790"
      },
      "ResponseBody": {
        "value": [
          {
            "odata.etag": "W/\u0022datetime\u00272021-03-22T23%3A37%3A31.6664328Z\u0027\u0022",
            "DateTimeOffsetN@odata.type": "Edm.DateTime",
            "DateTimeOffsetN": "2020-01-01T01:04:00.0000000Z",
            "DateTimeOffset@odata.type": "Edm.DateTime",
            "DateTimeOffset": "2020-01-01T01:04:00.0000000Z",
            "DateTimeN@odata.type": "Edm.DateTime",
            "DateTimeN": "2020-01-01T01:04:00.0000000Z",
            "DateTime@odata.type": "Edm.DateTime",
            "DateTime": "2020-01-01T01:04:00.0000000Z",
            "DateTimeAsString": "2020-01-01T01:04:00.0000000Z",
            "BoolN": false,
            "Bool": false,
            "BoolPrimitiveN": false,
            "BoolPrimitive": false,
            "Binary@odata.type": "Edm.Binary",
            "Binary": "AQID",
            "BinaryPrimitive@odata.type": "Edm.Binary",
            "BinaryPrimitive": "AQID",
            "DoublePrimitiveN": 3.5,
            "DoublePrimitive": 3.5,
            "DoubleN": 3.5,
            "Double": 3.5,
            "DoubleInteger": 3,
            "GuidN@odata.type": "Edm.Guid",
            "GuidN": "0d391d16-97f1-4b9a-be68-4cc871f90003",
            "Guid@odata.type": "Edm.Guid",
            "Guid": "0d391d16-97f1-4b9a-be68-4cc871f90003",
            "IntegerPrimitiveN": 3,
            "IntegerPrimitive": 3,
            "Int32N": 3,
            "Int32": 3,
            "LongPrimitiveN@odata.type": "Edm.Int64",
            "LongPrimitiveN": "2147483650",
            "LongPrimitive@odata.type": "Edm.Int64",
            "LongPrimitive": "2147483650",
            "Int64N@odata.type": "Edm.Int64",
            "Int64N": "123456789012",
            "Int64@odata.type": "Edm.Int64",
            "Int64": "2147483650",
            "String": "0003",
            "PartitionKey": "somPartition",
            "RowKey": "0003",
            "Timestamp": "2021-03-22T23:37:31.6664328Z"
          },
          {
            "odata.etag": "W/\u0022datetime\u00272021-03-22T23%3A37%3A31.7141512Z\u0027\u0022",
            "DateTimeOffsetN@odata.type": "Edm.DateTime",
            "DateTimeOffsetN": "2020-01-01T01:05:00.0000000Z",
            "DateTimeOffset@odata.type": "Edm.DateTime",
            "DateTimeOffset": "2020-01-01T01:05:00.0000000Z",
            "DateTimeN@odata.type": "Edm.DateTime",
            "DateTimeN": "2020-01-01T01:05:00.0000000Z",
            "DateTime@odata.type": "Edm.DateTime",
            "DateTime": "2020-01-01T01:05:00.0000000Z",
            "DateTimeAsString": "2020-01-01T01:05:00.0000000Z",
            "BoolN": false,
            "Bool": true,
            "BoolPrimitiveN": false,
            "BoolPrimitive": true,
            "Binary@odata.type": "Edm.Binary",
            "Binary": "AQIE",
            "BinaryPrimitive@odata.type": "Edm.Binary",
            "BinaryPrimitive": "AQIE",
            "DoublePrimitiveN": 4.5,
            "DoublePrimitive": 4.5,
            "DoubleN": 4.5,
            "Double": 4.5,
            "DoubleInteger": 4,
            "GuidN@odata.type": "Edm.Guid",
            "GuidN": "0d391d16-97f1-4b9a-be68-4cc871f90004",
            "Guid@odata.type": "Edm.Guid",
            "Guid": "0d391d16-97f1-4b9a-be68-4cc871f90004",
            "IntegerPrimitiveN": 4,
            "IntegerPrimitive": 4,
            "Int32N": 4,
            "Int32": 4,
            "LongPrimitiveN@odata.type": "Edm.Int64",
            "LongPrimitiveN": "2147483651",
            "LongPrimitive@odata.type": "Edm.Int64",
            "LongPrimitive": "2147483651",
            "Int64N@odata.type": "Edm.Int64",
            "Int64N": "123456789012",
            "Int64@odata.type": "Edm.Int64",
            "Int64": "2147483651",
            "String": "0004",
            "PartitionKey": "somPartition",
            "RowKey": "0004",
            "Timestamp": "2021-03-22T23:37:31.7141512Z"
          }
        ],
        "odata.metadata": "https://jverazsdkprim.table.cosmos.azure.com/$metadata#testtable5bcr74pm"
      }
    },
    {
      "RequestUri": "https://jverazsdkprim.table.cosmos.azure.com/testtable5bcr74pm()?$format=application%2Fjson%3Bodata%3Dminimalmetadata\u0026$filter=Int32N%20ge%203",
      "RequestMethod": "GET",
      "RequestHeaders": {
        "Accept": "application/json;odata=minimalmetadata",
        "Authorization": "Sanitized",
        "DataServiceVersion": "3.0",
        "traceparent": "00-2bbccdbf2616d843813883e1cc348d72-0a9f119096077f41-00",
        "User-Agent": "azsdk-net-Data.Tables/12.0.0-alpha.20210322.1 (.NET Framework 4.8.4300.0; Microsoft Windows 10.0.19042 )",
        "x-ms-client-request-id": "c221d86db7704e1b6d506b2dca3b79af",
        "x-ms-date": "Mon, 22 Mar 2021 23:37:31 GMT",
        "x-ms-return-client-request-id": "true",
        "x-ms-version": "2019-02-02"
      },
      "RequestBody": null,
      "StatusCode": 200,
      "ResponseHeaders": {
        "Content-Type": "application/json;odata=minimalmetadata",
        "Date": "Mon, 22 Mar 2021 23:37:31 GMT",
        "Server": "Microsoft-HTTPAPI/2.0",
        "Transfer-Encoding": "chunked",
        "x-ms-request-id": "c221d86d-b770-4e1b-6d50-6b2dca3b79af"
      },
      "ResponseBody": {
        "value": [
          {
            "odata.etag": "W/\u0022datetime\u00272021-03-22T23%3A37%3A31.6664328Z\u0027\u0022",
            "DateTimeOffsetN@odata.type": "Edm.DateTime",
            "DateTimeOffsetN": "2020-01-01T01:04:00.0000000Z",
            "DateTimeOffset@odata.type": "Edm.DateTime",
            "DateTimeOffset": "2020-01-01T01:04:00.0000000Z",
            "DateTimeN@odata.type": "Edm.DateTime",
            "DateTimeN": "2020-01-01T01:04:00.0000000Z",
            "DateTime@odata.type": "Edm.DateTime",
            "DateTime": "2020-01-01T01:04:00.0000000Z",
            "DateTimeAsString": "2020-01-01T01:04:00.0000000Z",
            "BoolN": false,
            "Bool": false,
            "BoolPrimitiveN": false,
            "BoolPrimitive": false,
            "Binary@odata.type": "Edm.Binary",
            "Binary": "AQID",
            "BinaryPrimitive@odata.type": "Edm.Binary",
            "BinaryPrimitive": "AQID",
            "DoublePrimitiveN": 3.5,
            "DoublePrimitive": 3.5,
            "DoubleN": 3.5,
            "Double": 3.5,
            "DoubleInteger": 3,
            "GuidN@odata.type": "Edm.Guid",
            "GuidN": "0d391d16-97f1-4b9a-be68-4cc871f90003",
            "Guid@odata.type": "Edm.Guid",
            "Guid": "0d391d16-97f1-4b9a-be68-4cc871f90003",
            "IntegerPrimitiveN": 3,
            "IntegerPrimitive": 3,
            "Int32N": 3,
            "Int32": 3,
            "LongPrimitiveN@odata.type": "Edm.Int64",
            "LongPrimitiveN": "2147483650",
            "LongPrimitive@odata.type": "Edm.Int64",
            "LongPrimitive": "2147483650",
            "Int64N@odata.type": "Edm.Int64",
            "Int64N": "123456789012",
            "Int64@odata.type": "Edm.Int64",
            "Int64": "2147483650",
            "String": "0003",
            "PartitionKey": "somPartition",
            "RowKey": "0003",
            "Timestamp": "2021-03-22T23:37:31.6664328Z"
          },
          {
            "odata.etag": "W/\u0022datetime\u00272021-03-22T23%3A37%3A31.7141512Z\u0027\u0022",
            "DateTimeOffsetN@odata.type": "Edm.DateTime",
            "DateTimeOffsetN": "2020-01-01T01:05:00.0000000Z",
            "DateTimeOffset@odata.type": "Edm.DateTime",
            "DateTimeOffset": "2020-01-01T01:05:00.0000000Z",
            "DateTimeN@odata.type": "Edm.DateTime",
            "DateTimeN": "2020-01-01T01:05:00.0000000Z",
            "DateTime@odata.type": "Edm.DateTime",
            "DateTime": "2020-01-01T01:05:00.0000000Z",
            "DateTimeAsString": "2020-01-01T01:05:00.0000000Z",
            "BoolN": false,
            "Bool": true,
            "BoolPrimitiveN": false,
            "BoolPrimitive": true,
            "Binary@odata.type": "Edm.Binary",
            "Binary": "AQIE",
            "BinaryPrimitive@odata.type": "Edm.Binary",
            "BinaryPrimitive": "AQIE",
            "DoublePrimitiveN": 4.5,
            "DoublePrimitive": 4.5,
            "DoubleN": 4.5,
            "Double": 4.5,
            "DoubleInteger": 4,
            "GuidN@odata.type": "Edm.Guid",
            "GuidN": "0d391d16-97f1-4b9a-be68-4cc871f90004",
            "Guid@odata.type": "Edm.Guid",
            "Guid": "0d391d16-97f1-4b9a-be68-4cc871f90004",
            "IntegerPrimitiveN": 4,
            "IntegerPrimitive": 4,
            "Int32N": 4,
            "Int32": 4,
            "LongPrimitiveN@odata.type": "Edm.Int64",
            "LongPrimitiveN": "2147483651",
            "LongPrimitive@odata.type": "Edm.Int64",
            "LongPrimitive": "2147483651",
            "Int64N@odata.type": "Edm.Int64",
            "Int64N": "123456789012",
            "Int64@odata.type": "Edm.Int64",
            "Int64": "2147483651",
            "String": "0004",
            "PartitionKey": "somPartition",
            "RowKey": "0004",
            "Timestamp": "2021-03-22T23:37:31.7141512Z"
          }
        ],
        "odata.metadata": "https://jverazsdkprim.table.cosmos.azure.com/$metadata#testtable5bcr74pm"
      }
    },
    {
      "RequestUri": "https://jverazsdkprim.table.cosmos.azure.com/testtable5bcr74pm()?$format=application%2Fjson%3Bodata%3Dminimalmetadata\u0026$filter=DateTimeOffset%20ge%20datetime%272020-01-01T01%3A04%3A00Z%27",
      "RequestMethod": "GET",
      "RequestHeaders": {
        "Accept": "application/json;odata=minimalmetadata",
        "Authorization": "Sanitized",
        "DataServiceVersion": "3.0",
        "traceparent": "00-7bda32522d2254468c69ab60354fae2a-c951f79d0b797745-00",
        "User-Agent": "azsdk-net-Data.Tables/12.0.0-alpha.20210322.1 (.NET Framework 4.8.4300.0; Microsoft Windows 10.0.19042 )",
        "x-ms-client-request-id": "9987a13fa8a2e45304efe0fa337cc233",
        "x-ms-date": "Mon, 22 Mar 2021 23:37:31 GMT",
        "x-ms-return-client-request-id": "true",
        "x-ms-version": "2019-02-02"
      },
      "RequestBody": null,
      "StatusCode": 200,
      "ResponseHeaders": {
        "Content-Type": "application/json;odata=minimalmetadata",
        "Date": "Mon, 22 Mar 2021 23:37:31 GMT",
        "Server": "Microsoft-HTTPAPI/2.0",
        "Transfer-Encoding": "chunked",
        "x-ms-request-id": "9987a13f-a8a2-e453-04ef-e0fa337cc233"
      },
      "ResponseBody": {
        "value": [
          {
            "odata.etag": "W/\u0022datetime\u00272021-03-22T23%3A37%3A31.6664328Z\u0027\u0022",
            "DateTimeOffsetN@odata.type": "Edm.DateTime",
            "DateTimeOffsetN": "2020-01-01T01:04:00.0000000Z",
            "DateTimeOffset@odata.type": "Edm.DateTime",
            "DateTimeOffset": "2020-01-01T01:04:00.0000000Z",
            "DateTimeN@odata.type": "Edm.DateTime",
            "DateTimeN": "2020-01-01T01:04:00.0000000Z",
            "DateTime@odata.type": "Edm.DateTime",
            "DateTime": "2020-01-01T01:04:00.0000000Z",
            "DateTimeAsString": "2020-01-01T01:04:00.0000000Z",
            "BoolN": false,
            "Bool": false,
            "BoolPrimitiveN": false,
            "BoolPrimitive": false,
            "Binary@odata.type": "Edm.Binary",
            "Binary": "AQID",
            "BinaryPrimitive@odata.type": "Edm.Binary",
            "BinaryPrimitive": "AQID",
            "DoublePrimitiveN": 3.5,
            "DoublePrimitive": 3.5,
            "DoubleN": 3.5,
            "Double": 3.5,
            "DoubleInteger": 3,
            "GuidN@odata.type": "Edm.Guid",
            "GuidN": "0d391d16-97f1-4b9a-be68-4cc871f90003",
            "Guid@odata.type": "Edm.Guid",
            "Guid": "0d391d16-97f1-4b9a-be68-4cc871f90003",
            "IntegerPrimitiveN": 3,
            "IntegerPrimitive": 3,
            "Int32N": 3,
            "Int32": 3,
            "LongPrimitiveN@odata.type": "Edm.Int64",
            "LongPrimitiveN": "2147483650",
            "LongPrimitive@odata.type": "Edm.Int64",
            "LongPrimitive": "2147483650",
            "Int64N@odata.type": "Edm.Int64",
            "Int64N": "123456789012",
            "Int64@odata.type": "Edm.Int64",
            "Int64": "2147483650",
            "String": "0003",
            "PartitionKey": "somPartition",
            "RowKey": "0003",
            "Timestamp": "2021-03-22T23:37:31.6664328Z"
          },
          {
            "odata.etag": "W/\u0022datetime\u00272021-03-22T23%3A37%3A31.7141512Z\u0027\u0022",
            "DateTimeOffsetN@odata.type": "Edm.DateTime",
            "DateTimeOffsetN": "2020-01-01T01:05:00.0000000Z",
            "DateTimeOffset@odata.type": "Edm.DateTime",
            "DateTimeOffset": "2020-01-01T01:05:00.0000000Z",
            "DateTimeN@odata.type": "Edm.DateTime",
            "DateTimeN": "2020-01-01T01:05:00.0000000Z",
            "DateTime@odata.type": "Edm.DateTime",
            "DateTime": "2020-01-01T01:05:00.0000000Z",
            "DateTimeAsString": "2020-01-01T01:05:00.0000000Z",
            "BoolN": false,
            "Bool": true,
            "BoolPrimitiveN": false,
            "BoolPrimitive": true,
            "Binary@odata.type": "Edm.Binary",
            "Binary": "AQIE",
            "BinaryPrimitive@odata.type": "Edm.Binary",
            "BinaryPrimitive": "AQIE",
            "DoublePrimitiveN": 4.5,
            "DoublePrimitive": 4.5,
            "DoubleN": 4.5,
            "Double": 4.5,
            "DoubleInteger": 4,
            "GuidN@odata.type": "Edm.Guid",
            "GuidN": "0d391d16-97f1-4b9a-be68-4cc871f90004",
            "Guid@odata.type": "Edm.Guid",
            "Guid": "0d391d16-97f1-4b9a-be68-4cc871f90004",
            "IntegerPrimitiveN": 4,
            "IntegerPrimitive": 4,
            "Int32N": 4,
            "Int32": 4,
            "LongPrimitiveN@odata.type": "Edm.Int64",
            "LongPrimitiveN": "2147483651",
            "LongPrimitive@odata.type": "Edm.Int64",
            "LongPrimitive": "2147483651",
            "Int64N@odata.type": "Edm.Int64",
            "Int64N": "123456789012",
            "Int64@odata.type": "Edm.Int64",
            "Int64": "2147483651",
            "String": "0004",
            "PartitionKey": "somPartition",
            "RowKey": "0004",
            "Timestamp": "2021-03-22T23:37:31.7141512Z"
          }
        ],
        "odata.metadata": "https://jverazsdkprim.table.cosmos.azure.com/$metadata#testtable5bcr74pm"
      }
    },
    {
      "RequestUri": "https://jverazsdkprim.table.cosmos.azure.com/testtable5bcr74pm()?$format=application%2Fjson%3Bodata%3Dminimalmetadata\u0026$filter=DateTimeOffset%20lt%20datetime%272020-01-01T01%3A04%3A00Z%27",
      "RequestMethod": "GET",
      "RequestHeaders": {
        "Accept": "application/json;odata=minimalmetadata",
        "Authorization": "Sanitized",
        "DataServiceVersion": "3.0",
        "traceparent": "00-07ea8139a654a945b204ebb9a919768f-35053bbbaf3fb242-00",
        "User-Agent": "azsdk-net-Data.Tables/12.0.0-alpha.20210322.1 (.NET Framework 4.8.4300.0; Microsoft Windows 10.0.19042 )",
        "x-ms-client-request-id": "007eebf6d5949d934f6e758719dedf63",
        "x-ms-date": "Mon, 22 Mar 2021 23:37:31 GMT",
        "x-ms-return-client-request-id": "true",
        "x-ms-version": "2019-02-02"
      },
      "RequestBody": null,
      "StatusCode": 200,
      "ResponseHeaders": {
        "Content-Type": "application/json;odata=minimalmetadata",
        "Date": "Mon, 22 Mar 2021 23:37:31 GMT",
        "Server": "Microsoft-HTTPAPI/2.0",
        "Transfer-Encoding": "chunked",
        "x-ms-request-id": "007eebf6-d594-9d93-4f6e-758719dedf63"
      },
      "ResponseBody": {
        "value": [
          {
            "odata.etag": "W/\u0022datetime\u00272021-03-22T23%3A37%3A31.5734536Z\u0027\u0022",
            "DateTimeOffsetN@odata.type": "Edm.DateTime",
            "DateTimeOffsetN": "2020-01-01T01:02:00.0000000Z",
            "DateTimeOffset@odata.type": "Edm.DateTime",
            "DateTimeOffset": "2020-01-01T01:02:00.0000000Z",
            "DateTimeN@odata.type": "Edm.DateTime",
            "DateTimeN": "2020-01-01T01:02:00.0000000Z",
            "DateTime@odata.type": "Edm.DateTime",
            "DateTime": "2020-01-01T01:02:00.0000000Z",
            "DateTimeAsString": "2020-01-01T01:02:00.0000000Z",
            "BoolN": false,
            "Bool": false,
            "BoolPrimitiveN": false,
            "BoolPrimitive": false,
            "Binary@odata.type": "Edm.Binary",
            "Binary": "AQIB",
            "BinaryPrimitive@odata.type": "Edm.Binary",
            "BinaryPrimitive": "AQIB",
            "DoublePrimitiveN": 1.5,
            "DoublePrimitive": 1.5,
            "DoubleN": 1.5,
            "Double": 1.5,
            "DoubleInteger": 1,
            "GuidN@odata.type": "Edm.Guid",
            "GuidN": "0d391d16-97f1-4b9a-be68-4cc871f90001",
            "Guid@odata.type": "Edm.Guid",
            "Guid": "0d391d16-97f1-4b9a-be68-4cc871f90001",
            "IntegerPrimitiveN": 1,
            "IntegerPrimitive": 1,
            "Int32N": 1,
            "Int32": 1,
            "LongPrimitiveN@odata.type": "Edm.Int64",
            "LongPrimitiveN": "2147483648",
            "LongPrimitive@odata.type": "Edm.Int64",
            "LongPrimitive": "2147483648",
            "Int64N@odata.type": "Edm.Int64",
            "Int64N": "123456789012",
            "Int64@odata.type": "Edm.Int64",
            "Int64": "2147483648",
            "String": "0001",
            "PartitionKey": "somPartition",
            "RowKey": "0001",
            "Timestamp": "2021-03-22T23:37:31.5734536Z"
          },
          {
            "odata.etag": "W/\u0022datetime\u00272021-03-22T23%3A37%3A31.6184072Z\u0027\u0022",
            "DateTimeOffsetN@odata.type": "Edm.DateTime",
            "DateTimeOffsetN": "2020-01-01T01:03:00.0000000Z",
            "DateTimeOffset@odata.type": "Edm.DateTime",
            "DateTimeOffset": "2020-01-01T01:03:00.0000000Z",
            "DateTimeN@odata.type": "Edm.DateTime",
            "DateTimeN": "2020-01-01T01:03:00.0000000Z",
            "DateTime@odata.type": "Edm.DateTime",
            "DateTime": "2020-01-01T01:03:00.0000000Z",
            "DateTimeAsString": "2020-01-01T01:03:00.0000000Z",
            "BoolN": false,
            "Bool": true,
            "BoolPrimitiveN": false,
            "BoolPrimitive": true,
            "Binary@odata.type": "Edm.Binary",
            "Binary": "AQIC",
            "BinaryPrimitive@odata.type": "Edm.Binary",
            "BinaryPrimitive": "AQIC",
            "DoublePrimitiveN": 2.5,
            "DoublePrimitive": 2.5,
            "DoubleN": 2.5,
            "Double": 2.5,
            "DoubleInteger": 2,
            "GuidN@odata.type": "Edm.Guid",
            "GuidN": "0d391d16-97f1-4b9a-be68-4cc871f90002",
            "Guid@odata.type": "Edm.Guid",
            "Guid": "0d391d16-97f1-4b9a-be68-4cc871f90002",
            "IntegerPrimitiveN": 2,
            "IntegerPrimitive": 2,
            "Int32N": 2,
            "Int32": 2,
            "LongPrimitiveN@odata.type": "Edm.Int64",
            "LongPrimitiveN": "2147483649",
            "LongPrimitive@odata.type": "Edm.Int64",
            "LongPrimitive": "2147483649",
            "Int64N@odata.type": "Edm.Int64",
            "Int64N": "123456789012",
            "Int64@odata.type": "Edm.Int64",
            "Int64": "2147483649",
            "String": "0002",
            "PartitionKey": "somPartition",
            "RowKey": "0002",
            "Timestamp": "2021-03-22T23:37:31.6184072Z"
          }
        ],
        "odata.metadata": "https://jverazsdkprim.table.cosmos.azure.com/$metadata#testtable5bcr74pm"
      }
    },
    {
      "RequestUri": "https://jverazsdkprim.table.cosmos.azure.com/testtable5bcr74pm()?$format=application%2Fjson%3Bodata%3Dminimalmetadata\u0026$filter=Bool%20eq%20false",
      "RequestMethod": "GET",
      "RequestHeaders": {
        "Accept": "application/json;odata=minimalmetadata",
        "Authorization": "Sanitized",
        "DataServiceVersion": "3.0",
        "traceparent": "00-e8885a18d9582a469d19b18caec9054a-72511ecfd4f17443-00",
        "User-Agent": "azsdk-net-Data.Tables/12.0.0-alpha.20210322.1 (.NET Framework 4.8.4300.0; Microsoft Windows 10.0.19042 )",
        "x-ms-client-request-id": "f7804ee10d6cc5ee843cbd81d7201bf1",
        "x-ms-date": "Mon, 22 Mar 2021 23:37:31 GMT",
        "x-ms-return-client-request-id": "true",
        "x-ms-version": "2019-02-02"
      },
      "RequestBody": null,
      "StatusCode": 200,
      "ResponseHeaders": {
        "Content-Type": "application/json;odata=minimalmetadata",
        "Date": "Mon, 22 Mar 2021 23:37:31 GMT",
        "Server": "Microsoft-HTTPAPI/2.0",
        "Transfer-Encoding": "chunked",
        "x-ms-request-id": "f7804ee1-0d6c-c5ee-843c-bd81d7201bf1"
      },
      "ResponseBody": {
        "value": [
          {
            "odata.etag": "W/\u0022datetime\u00272021-03-22T23%3A37%3A31.5734536Z\u0027\u0022",
            "DateTimeOffsetN@odata.type": "Edm.DateTime",
            "DateTimeOffsetN": "2020-01-01T01:02:00.0000000Z",
            "DateTimeOffset@odata.type": "Edm.DateTime",
            "DateTimeOffset": "2020-01-01T01:02:00.0000000Z",
            "DateTimeN@odata.type": "Edm.DateTime",
            "DateTimeN": "2020-01-01T01:02:00.0000000Z",
            "DateTime@odata.type": "Edm.DateTime",
            "DateTime": "2020-01-01T01:02:00.0000000Z",
            "DateTimeAsString": "2020-01-01T01:02:00.0000000Z",
            "BoolN": false,
            "Bool": false,
            "BoolPrimitiveN": false,
            "BoolPrimitive": false,
            "Binary@odata.type": "Edm.Binary",
            "Binary": "AQIB",
            "BinaryPrimitive@odata.type": "Edm.Binary",
            "BinaryPrimitive": "AQIB",
            "DoublePrimitiveN": 1.5,
            "DoublePrimitive": 1.5,
            "DoubleN": 1.5,
            "Double": 1.5,
            "DoubleInteger": 1,
            "GuidN@odata.type": "Edm.Guid",
            "GuidN": "0d391d16-97f1-4b9a-be68-4cc871f90001",
            "Guid@odata.type": "Edm.Guid",
            "Guid": "0d391d16-97f1-4b9a-be68-4cc871f90001",
            "IntegerPrimitiveN": 1,
            "IntegerPrimitive": 1,
            "Int32N": 1,
            "Int32": 1,
            "LongPrimitiveN@odata.type": "Edm.Int64",
            "LongPrimitiveN": "2147483648",
            "LongPrimitive@odata.type": "Edm.Int64",
            "LongPrimitive": "2147483648",
            "Int64N@odata.type": "Edm.Int64",
            "Int64N": "123456789012",
            "Int64@odata.type": "Edm.Int64",
            "Int64": "2147483648",
            "String": "0001",
            "PartitionKey": "somPartition",
            "RowKey": "0001",
            "Timestamp": "2021-03-22T23:37:31.5734536Z"
          },
          {
            "odata.etag": "W/\u0022datetime\u00272021-03-22T23%3A37%3A31.6664328Z\u0027\u0022",
            "DateTimeOffsetN@odata.type": "Edm.DateTime",
            "DateTimeOffsetN": "2020-01-01T01:04:00.0000000Z",
            "DateTimeOffset@odata.type": "Edm.DateTime",
            "DateTimeOffset": "2020-01-01T01:04:00.0000000Z",
            "DateTimeN@odata.type": "Edm.DateTime",
            "DateTimeN": "2020-01-01T01:04:00.0000000Z",
            "DateTime@odata.type": "Edm.DateTime",
            "DateTime": "2020-01-01T01:04:00.0000000Z",
            "DateTimeAsString": "2020-01-01T01:04:00.0000000Z",
            "BoolN": false,
            "Bool": false,
            "BoolPrimitiveN": false,
            "BoolPrimitive": false,
            "Binary@odata.type": "Edm.Binary",
            "Binary": "AQID",
            "BinaryPrimitive@odata.type": "Edm.Binary",
            "BinaryPrimitive": "AQID",
            "DoublePrimitiveN": 3.5,
            "DoublePrimitive": 3.5,
            "DoubleN": 3.5,
            "Double": 3.5,
            "DoubleInteger": 3,
            "GuidN@odata.type": "Edm.Guid",
            "GuidN": "0d391d16-97f1-4b9a-be68-4cc871f90003",
            "Guid@odata.type": "Edm.Guid",
            "Guid": "0d391d16-97f1-4b9a-be68-4cc871f90003",
            "IntegerPrimitiveN": 3,
            "IntegerPrimitive": 3,
            "Int32N": 3,
            "Int32": 3,
            "LongPrimitiveN@odata.type": "Edm.Int64",
            "LongPrimitiveN": "2147483650",
            "LongPrimitive@odata.type": "Edm.Int64",
            "LongPrimitive": "2147483650",
            "Int64N@odata.type": "Edm.Int64",
            "Int64N": "123456789012",
            "Int64@odata.type": "Edm.Int64",
            "Int64": "2147483650",
            "String": "0003",
            "PartitionKey": "somPartition",
            "RowKey": "0003",
            "Timestamp": "2021-03-22T23:37:31.6664328Z"
          }
        ],
        "odata.metadata": "https://jverazsdkprim.table.cosmos.azure.com/$metadata#testtable5bcr74pm"
      }
    },
    {
      "RequestUri": "https://jverazsdkprim.table.cosmos.azure.com/testtable5bcr74pm()?$format=application%2Fjson%3Bodata%3Dminimalmetadata\u0026$filter=BoolPrimitive%20eq%20false",
      "RequestMethod": "GET",
      "RequestHeaders": {
        "Accept": "application/json;odata=minimalmetadata",
        "Authorization": "Sanitized",
        "DataServiceVersion": "3.0",
        "traceparent": "00-50b219123288054f9492c8e2e0884d5b-aa033f80f0022b4f-00",
        "User-Agent": "azsdk-net-Data.Tables/12.0.0-alpha.20210322.1 (.NET Framework 4.8.4300.0; Microsoft Windows 10.0.19042 )",
        "x-ms-client-request-id": "de37388d79bc6a1b0ee94a3332cccb25",
        "x-ms-date": "Mon, 22 Mar 2021 23:37:31 GMT",
        "x-ms-return-client-request-id": "true",
        "x-ms-version": "2019-02-02"
      },
      "RequestBody": null,
      "StatusCode": 200,
      "ResponseHeaders": {
        "Content-Type": "application/json;odata=minimalmetadata",
        "Date": "Mon, 22 Mar 2021 23:37:31 GMT",
        "Server": "Microsoft-HTTPAPI/2.0",
        "Transfer-Encoding": "chunked",
        "x-ms-request-id": "de37388d-79bc-6a1b-0ee9-4a3332cccb25"
      },
      "ResponseBody": {
        "value": [
          {
            "odata.etag": "W/\u0022datetime\u00272021-03-22T23%3A37%3A31.5734536Z\u0027\u0022",
            "DateTimeOffsetN@odata.type": "Edm.DateTime",
            "DateTimeOffsetN": "2020-01-01T01:02:00.0000000Z",
            "DateTimeOffset@odata.type": "Edm.DateTime",
            "DateTimeOffset": "2020-01-01T01:02:00.0000000Z",
            "DateTimeN@odata.type": "Edm.DateTime",
            "DateTimeN": "2020-01-01T01:02:00.0000000Z",
            "DateTime@odata.type": "Edm.DateTime",
            "DateTime": "2020-01-01T01:02:00.0000000Z",
            "DateTimeAsString": "2020-01-01T01:02:00.0000000Z",
            "BoolN": false,
            "Bool": false,
            "BoolPrimitiveN": false,
            "BoolPrimitive": false,
            "Binary@odata.type": "Edm.Binary",
            "Binary": "AQIB",
            "BinaryPrimitive@odata.type": "Edm.Binary",
            "BinaryPrimitive": "AQIB",
            "DoublePrimitiveN": 1.5,
            "DoublePrimitive": 1.5,
            "DoubleN": 1.5,
            "Double": 1.5,
            "DoubleInteger": 1,
            "GuidN@odata.type": "Edm.Guid",
            "GuidN": "0d391d16-97f1-4b9a-be68-4cc871f90001",
            "Guid@odata.type": "Edm.Guid",
            "Guid": "0d391d16-97f1-4b9a-be68-4cc871f90001",
            "IntegerPrimitiveN": 1,
            "IntegerPrimitive": 1,
            "Int32N": 1,
            "Int32": 1,
            "LongPrimitiveN@odata.type": "Edm.Int64",
            "LongPrimitiveN": "2147483648",
            "LongPrimitive@odata.type": "Edm.Int64",
            "LongPrimitive": "2147483648",
            "Int64N@odata.type": "Edm.Int64",
            "Int64N": "123456789012",
            "Int64@odata.type": "Edm.Int64",
            "Int64": "2147483648",
            "String": "0001",
            "PartitionKey": "somPartition",
            "RowKey": "0001",
            "Timestamp": "2021-03-22T23:37:31.5734536Z"
          },
          {
            "odata.etag": "W/\u0022datetime\u00272021-03-22T23%3A37%3A31.6664328Z\u0027\u0022",
            "DateTimeOffsetN@odata.type": "Edm.DateTime",
            "DateTimeOffsetN": "2020-01-01T01:04:00.0000000Z",
            "DateTimeOffset@odata.type": "Edm.DateTime",
            "DateTimeOffset": "2020-01-01T01:04:00.0000000Z",
            "DateTimeN@odata.type": "Edm.DateTime",
            "DateTimeN": "2020-01-01T01:04:00.0000000Z",
            "DateTime@odata.type": "Edm.DateTime",
            "DateTime": "2020-01-01T01:04:00.0000000Z",
            "DateTimeAsString": "2020-01-01T01:04:00.0000000Z",
            "BoolN": false,
            "Bool": false,
            "BoolPrimitiveN": false,
            "BoolPrimitive": false,
            "Binary@odata.type": "Edm.Binary",
            "Binary": "AQID",
            "BinaryPrimitive@odata.type": "Edm.Binary",
            "BinaryPrimitive": "AQID",
            "DoublePrimitiveN": 3.5,
            "DoublePrimitive": 3.5,
            "DoubleN": 3.5,
            "Double": 3.5,
            "DoubleInteger": 3,
            "GuidN@odata.type": "Edm.Guid",
            "GuidN": "0d391d16-97f1-4b9a-be68-4cc871f90003",
            "Guid@odata.type": "Edm.Guid",
            "Guid": "0d391d16-97f1-4b9a-be68-4cc871f90003",
            "IntegerPrimitiveN": 3,
            "IntegerPrimitive": 3,
            "Int32N": 3,
            "Int32": 3,
            "LongPrimitiveN@odata.type": "Edm.Int64",
            "LongPrimitiveN": "2147483650",
            "LongPrimitive@odata.type": "Edm.Int64",
            "LongPrimitive": "2147483650",
            "Int64N@odata.type": "Edm.Int64",
            "Int64N": "123456789012",
            "Int64@odata.type": "Edm.Int64",
            "Int64": "2147483650",
            "String": "0003",
            "PartitionKey": "somPartition",
            "RowKey": "0003",
            "Timestamp": "2021-03-22T23:37:31.6664328Z"
          }
        ],
        "odata.metadata": "https://jverazsdkprim.table.cosmos.azure.com/$metadata#testtable5bcr74pm"
      }
    },
    {
      "RequestUri": "https://jverazsdkprim.table.cosmos.azure.com/testtable5bcr74pm()?$format=application%2Fjson%3Bodata%3Dminimalmetadata\u0026$filter=Binary%20eq%20X%27010203%27",
      "RequestMethod": "GET",
      "RequestHeaders": {
        "Accept": "application/json;odata=minimalmetadata",
        "Authorization": "Sanitized",
        "DataServiceVersion": "3.0",
        "traceparent": "00-2d5cad55d4060043ac3a49ace98d7730-851c3b422743d847-00",
        "User-Agent": "azsdk-net-Data.Tables/12.0.0-alpha.20210322.1 (.NET Framework 4.8.4300.0; Microsoft Windows 10.0.19042 )",
        "x-ms-client-request-id": "e4197c0fcbfbe8c6fcb97c571711c62e",
        "x-ms-date": "Mon, 22 Mar 2021 23:37:31 GMT",
        "x-ms-return-client-request-id": "true",
        "x-ms-version": "2019-02-02"
      },
      "RequestBody": null,
      "StatusCode": 200,
      "ResponseHeaders": {
        "Content-Type": "application/json;odata=minimalmetadata",
        "Date": "Mon, 22 Mar 2021 23:37:31 GMT",
        "Server": "Microsoft-HTTPAPI/2.0",
        "Transfer-Encoding": "chunked",
        "x-ms-request-id": "e4197c0f-cbfb-e8c6-fcb9-7c571711c62e"
      },
      "ResponseBody": {
        "value": [
          {
            "odata.etag": "W/\u0022datetime\u00272021-03-22T23%3A37%3A31.6664328Z\u0027\u0022",
            "DateTimeOffsetN@odata.type": "Edm.DateTime",
            "DateTimeOffsetN": "2020-01-01T01:04:00.0000000Z",
            "DateTimeOffset@odata.type": "Edm.DateTime",
            "DateTimeOffset": "2020-01-01T01:04:00.0000000Z",
            "DateTimeN@odata.type": "Edm.DateTime",
            "DateTimeN": "2020-01-01T01:04:00.0000000Z",
            "DateTime@odata.type": "Edm.DateTime",
            "DateTime": "2020-01-01T01:04:00.0000000Z",
            "DateTimeAsString": "2020-01-01T01:04:00.0000000Z",
            "BoolN": false,
            "Bool": false,
            "BoolPrimitiveN": false,
            "BoolPrimitive": false,
            "Binary@odata.type": "Edm.Binary",
            "Binary": "AQID",
            "BinaryPrimitive@odata.type": "Edm.Binary",
            "BinaryPrimitive": "AQID",
            "DoublePrimitiveN": 3.5,
            "DoublePrimitive": 3.5,
            "DoubleN": 3.5,
            "Double": 3.5,
            "DoubleInteger": 3,
            "GuidN@odata.type": "Edm.Guid",
            "GuidN": "0d391d16-97f1-4b9a-be68-4cc871f90003",
            "Guid@odata.type": "Edm.Guid",
            "Guid": "0d391d16-97f1-4b9a-be68-4cc871f90003",
            "IntegerPrimitiveN": 3,
            "IntegerPrimitive": 3,
            "Int32N": 3,
            "Int32": 3,
            "LongPrimitiveN@odata.type": "Edm.Int64",
            "LongPrimitiveN": "2147483650",
            "LongPrimitive@odata.type": "Edm.Int64",
            "LongPrimitive": "2147483650",
            "Int64N@odata.type": "Edm.Int64",
            "Int64N": "123456789012",
            "Int64@odata.type": "Edm.Int64",
            "Int64": "2147483650",
            "String": "0003",
            "PartitionKey": "somPartition",
            "RowKey": "0003",
            "Timestamp": "2021-03-22T23:37:31.6664328Z"
          }
        ],
        "odata.metadata": "https://jverazsdkprim.table.cosmos.azure.com/$metadata#testtable5bcr74pm"
      }
    },
    {
      "RequestUri": "https://jverazsdkprim.table.cosmos.azure.com/testtable5bcr74pm()?$format=application%2Fjson%3Bodata%3Dminimalmetadata\u0026$filter=BinaryPrimitive%20eq%20X%27010203%27",
      "RequestMethod": "GET",
      "RequestHeaders": {
        "Accept": "application/json;odata=minimalmetadata",
        "Authorization": "Sanitized",
        "DataServiceVersion": "3.0",
        "traceparent": "00-d39563028448f04bbd97d88730b82abf-aa92da36595ea34b-00",
        "User-Agent": "azsdk-net-Data.Tables/12.0.0-alpha.20210322.1 (.NET Framework 4.8.4300.0; Microsoft Windows 10.0.19042 )",
        "x-ms-client-request-id": "e0f9845200a668a63316e882c3bb92b8",
        "x-ms-date": "Mon, 22 Mar 2021 23:37:31 GMT",
        "x-ms-return-client-request-id": "true",
        "x-ms-version": "2019-02-02"
      },
      "RequestBody": null,
      "StatusCode": 200,
      "ResponseHeaders": {
        "Content-Type": "application/json;odata=minimalmetadata",
        "Date": "Mon, 22 Mar 2021 23:37:31 GMT",
        "Server": "Microsoft-HTTPAPI/2.0",
        "Transfer-Encoding": "chunked",
        "x-ms-request-id": "e0f98452-00a6-68a6-3316-e882c3bb92b8"
      },
      "ResponseBody": {
        "value": [
          {
            "odata.etag": "W/\u0022datetime\u00272021-03-22T23%3A37%3A31.6664328Z\u0027\u0022",
            "DateTimeOffsetN@odata.type": "Edm.DateTime",
            "DateTimeOffsetN": "2020-01-01T01:04:00.0000000Z",
            "DateTimeOffset@odata.type": "Edm.DateTime",
            "DateTimeOffset": "2020-01-01T01:04:00.0000000Z",
            "DateTimeN@odata.type": "Edm.DateTime",
            "DateTimeN": "2020-01-01T01:04:00.0000000Z",
            "DateTime@odata.type": "Edm.DateTime",
            "DateTime": "2020-01-01T01:04:00.0000000Z",
            "DateTimeAsString": "2020-01-01T01:04:00.0000000Z",
            "BoolN": false,
            "Bool": false,
            "BoolPrimitiveN": false,
            "BoolPrimitive": false,
            "Binary@odata.type": "Edm.Binary",
            "Binary": "AQID",
            "BinaryPrimitive@odata.type": "Edm.Binary",
            "BinaryPrimitive": "AQID",
            "DoublePrimitiveN": 3.5,
            "DoublePrimitive": 3.5,
            "DoubleN": 3.5,
            "Double": 3.5,
            "DoubleInteger": 3,
            "GuidN@odata.type": "Edm.Guid",
            "GuidN": "0d391d16-97f1-4b9a-be68-4cc871f90003",
            "Guid@odata.type": "Edm.Guid",
            "Guid": "0d391d16-97f1-4b9a-be68-4cc871f90003",
            "IntegerPrimitiveN": 3,
            "IntegerPrimitive": 3,
            "Int32N": 3,
            "Int32": 3,
            "LongPrimitiveN@odata.type": "Edm.Int64",
            "LongPrimitiveN": "2147483650",
            "LongPrimitive@odata.type": "Edm.Int64",
            "LongPrimitive": "2147483650",
            "Int64N@odata.type": "Edm.Int64",
            "Int64N": "123456789012",
            "Int64@odata.type": "Edm.Int64",
            "Int64": "2147483650",
            "String": "0003",
            "PartitionKey": "somPartition",
            "RowKey": "0003",
            "Timestamp": "2021-03-22T23:37:31.6664328Z"
          }
        ],
        "odata.metadata": "https://jverazsdkprim.table.cosmos.azure.com/$metadata#testtable5bcr74pm"
      }
    },
    {
      "RequestUri": "https://jverazsdkprim.table.cosmos.azure.com/testtable5bcr74pm()?$format=application%2Fjson%3Bodata%3Dminimalmetadata\u0026$filter=%28%28%28%28%28%28%28PartitionKey%20eq%20%27somPartition%27%29%20and%20%28String%20ge%20%270003%27%29%29%20and%20%28Int64%20ge%202147483650L%29%29%20and%20%28LongPrimitive%20ge%202147483650L%29%29%20and%20%28LongPrimitiveN%20ge%202147483650L%29%29%20and%20%28Int32%20ge%203%29%29%20and%20%28Int32N%20ge%203%29%29%20and%20%28DateTimeOffset%20ge%20datetime%272020-01-01T01%3A04%3A00Z%27%29",
      "RequestMethod": "GET",
      "RequestHeaders": {
        "Accept": "application/json;odata=minimalmetadata",
        "Authorization": "Sanitized",
        "DataServiceVersion": "3.0",
        "traceparent": "00-f3074b696d7e2a45bb6e710b7a51fe1c-4d0714876e230f44-00",
        "User-Agent": "azsdk-net-Data.Tables/12.0.0-alpha.20210322.1 (.NET Framework 4.8.4300.0; Microsoft Windows 10.0.19042 )",
        "x-ms-client-request-id": "5a7298713607c2f5714fe202fdc353fc",
        "x-ms-date": "Mon, 22 Mar 2021 23:37:31 GMT",
        "x-ms-return-client-request-id": "true",
        "x-ms-version": "2019-02-02"
      },
      "RequestBody": null,
      "StatusCode": 200,
      "ResponseHeaders": {
        "Content-Type": "application/json;odata=minimalmetadata",
        "Date": "Mon, 22 Mar 2021 23:37:31 GMT",
        "Server": "Microsoft-HTTPAPI/2.0",
        "Transfer-Encoding": "chunked",
        "x-ms-request-id": "5a729871-3607-c2f5-714f-e202fdc353fc"
      },
      "ResponseBody": {
        "value": [
          {
            "odata.etag": "W/\u0022datetime\u00272021-03-22T23%3A37%3A31.6664328Z\u0027\u0022",
            "DateTimeOffsetN@odata.type": "Edm.DateTime",
            "DateTimeOffsetN": "2020-01-01T01:04:00.0000000Z",
            "DateTimeOffset@odata.type": "Edm.DateTime",
            "DateTimeOffset": "2020-01-01T01:04:00.0000000Z",
            "DateTimeN@odata.type": "Edm.DateTime",
            "DateTimeN": "2020-01-01T01:04:00.0000000Z",
            "DateTime@odata.type": "Edm.DateTime",
            "DateTime": "2020-01-01T01:04:00.0000000Z",
            "DateTimeAsString": "2020-01-01T01:04:00.0000000Z",
            "BoolN": false,
            "Bool": false,
            "BoolPrimitiveN": false,
            "BoolPrimitive": false,
            "Binary@odata.type": "Edm.Binary",
            "Binary": "AQID",
            "BinaryPrimitive@odata.type": "Edm.Binary",
            "BinaryPrimitive": "AQID",
            "DoublePrimitiveN": 3.5,
            "DoublePrimitive": 3.5,
            "DoubleN": 3.5,
            "Double": 3.5,
            "DoubleInteger": 3,
            "GuidN@odata.type": "Edm.Guid",
            "GuidN": "0d391d16-97f1-4b9a-be68-4cc871f90003",
            "Guid@odata.type": "Edm.Guid",
            "Guid": "0d391d16-97f1-4b9a-be68-4cc871f90003",
            "IntegerPrimitiveN": 3,
            "IntegerPrimitive": 3,
            "Int32N": 3,
            "Int32": 3,
            "LongPrimitiveN@odata.type": "Edm.Int64",
            "LongPrimitiveN": "2147483650",
            "LongPrimitive@odata.type": "Edm.Int64",
            "LongPrimitive": "2147483650",
            "Int64N@odata.type": "Edm.Int64",
            "Int64N": "123456789012",
            "Int64@odata.type": "Edm.Int64",
            "Int64": "2147483650",
            "String": "0003",
            "PartitionKey": "somPartition",
            "RowKey": "0003",
            "Timestamp": "2021-03-22T23:37:31.6664328Z"
          },
          {
            "odata.etag": "W/\u0022datetime\u00272021-03-22T23%3A37%3A31.7141512Z\u0027\u0022",
            "DateTimeOffsetN@odata.type": "Edm.DateTime",
            "DateTimeOffsetN": "2020-01-01T01:05:00.0000000Z",
            "DateTimeOffset@odata.type": "Edm.DateTime",
            "DateTimeOffset": "2020-01-01T01:05:00.0000000Z",
            "DateTimeN@odata.type": "Edm.DateTime",
            "DateTimeN": "2020-01-01T01:05:00.0000000Z",
            "DateTime@odata.type": "Edm.DateTime",
            "DateTime": "2020-01-01T01:05:00.0000000Z",
            "DateTimeAsString": "2020-01-01T01:05:00.0000000Z",
            "BoolN": false,
            "Bool": true,
            "BoolPrimitiveN": false,
            "BoolPrimitive": true,
            "Binary@odata.type": "Edm.Binary",
            "Binary": "AQIE",
            "BinaryPrimitive@odata.type": "Edm.Binary",
            "BinaryPrimitive": "AQIE",
            "DoublePrimitiveN": 4.5,
            "DoublePrimitive": 4.5,
            "DoubleN": 4.5,
            "Double": 4.5,
            "DoubleInteger": 4,
            "GuidN@odata.type": "Edm.Guid",
            "GuidN": "0d391d16-97f1-4b9a-be68-4cc871f90004",
            "Guid@odata.type": "Edm.Guid",
            "Guid": "0d391d16-97f1-4b9a-be68-4cc871f90004",
            "IntegerPrimitiveN": 4,
            "IntegerPrimitive": 4,
            "Int32N": 4,
            "Int32": 4,
            "LongPrimitiveN@odata.type": "Edm.Int64",
            "LongPrimitiveN": "2147483651",
            "LongPrimitive@odata.type": "Edm.Int64",
            "LongPrimitive": "2147483651",
            "Int64N@odata.type": "Edm.Int64",
            "Int64N": "123456789012",
            "Int64@odata.type": "Edm.Int64",
            "Int64": "2147483651",
            "String": "0004",
            "PartitionKey": "somPartition",
            "RowKey": "0004",
            "Timestamp": "2021-03-22T23:37:31.7141512Z"
          }
        ],
        "odata.metadata": "https://jverazsdkprim.table.cosmos.azure.com/$metadata#testtable5bcr74pm"
      }
    },
    {
      "RequestUri": "https://jverazsdkprim.table.cosmos.azure.com/Tables(\u0027testtable5bcr74pm\u0027)",
      "RequestMethod": "DELETE",
      "RequestHeaders": {
        "Accept": "application/json",
        "Authorization": "Sanitized",
        "traceparent": "00-3541b358f9d57844bcd64d9a2bbc1518-420d25253ead0743-00",
        "User-Agent": "azsdk-net-Data.Tables/12.0.0-alpha.20210322.1 (.NET Framework 4.8.4300.0; Microsoft Windows 10.0.19042 )",
        "x-ms-client-request-id": "aee01b23ead20e7fd6b1b1e5e2442541",
        "x-ms-date": "Mon, 22 Mar 2021 23:37:31 GMT",
        "x-ms-return-client-request-id": "true",
        "x-ms-version": "2019-02-02"
      },
      "RequestBody": null,
      "StatusCode": 204,
      "ResponseHeaders": {
        "Content-Length": "0",
        "Date": "Mon, 22 Mar 2021 23:37:31 GMT",
        "Server": "Microsoft-HTTPAPI/2.0",
        "x-ms-request-id": "aee01b23-ead2-0e7f-d6b1-b1e5e2442541"
      },
      "ResponseBody": []
    }
  ],
  "Variables": {
    "COSMOS_TABLES_ENDPOINT_SUFFIX": null,
    "RandomSeed": "1432890277",
    "TABLES_COSMOS_ACCOUNT_NAME": "jverazsdkprim",
    "TABLES_PRIMARY_COSMOS_ACCOUNT_KEY": "Kg=="
  }
}