{
  "Entries": [
    {
      "RequestUri": "https://jverazsdkprim.table.cosmos.azure.com/Tables?$format=application%2Fjson%3Bodata%3Dminimalmetadata",
      "RequestMethod": "POST",
      "RequestHeaders": {
        "Accept": "application/json; odata=minimalmetadata",
        "Authorization": "Sanitized",
        "Content-Length": "33",
        "Content-Type": "application/json; odata=nometadata",
        "DataServiceVersion": "3.0",
        "traceparent": "00-c11dfa1ec8e28140afba78f43c382398-1bc372cee6e82744-00",
        "User-Agent": [
          "azsdk-net-Data.Tables/12.0.0-alpha.20210323.1",
          "(.NET 5.0.4; Microsoft Windows 10.0.19042)"
        ],
        "x-ms-client-request-id": "31e3517e801e3e65529c889575dc4085",
        "x-ms-date": "Tue, 23 Mar 2021 18:29:27 GMT",
        "x-ms-return-client-request-id": "true",
        "x-ms-version": "2019-02-02"
      },
      "RequestBody": {
        "TableName": "testtableg4w5w8kj"
      },
      "StatusCode": 201,
      "ResponseHeaders": {
        "Content-Type": "application/json; odata=minimalmetadata",
        "Date": "Tue, 23 Mar 2021 18:29:30 GMT",
        "ETag": "W/\u0022datetime\u00272021-03-23T18%3A29%3A30.5112584Z\u0027\u0022",
        "Location": "https://jverazsdkprim.table.cosmos.azure.com/Tables(\u0027testtableg4w5w8kj\u0027)",
        "Server": "Microsoft-HTTPAPI/2.0",
        "Transfer-Encoding": "chunked",
        "x-ms-request-id": "31e3517e-801e-3e65-529c-889575dc4085"
      },
      "ResponseBody": {
        "TableName": "testtableg4w5w8kj",
        "odata.metadata": "https://jverazsdkprim.table.cosmos.azure.com/$metadata#Tables/@Element"
      }
    },
    {
      "RequestUri": "https://jverazsdkprim.table.cosmos.azure.com/testtableg4w5w8kj?$format=application%2Fjson%3Bodata%3Dminimalmetadata",
      "RequestMethod": "POST",
      "RequestHeaders": {
        "Accept": "application/json; odata=minimalmetadata",
        "Authorization": "Sanitized",
        "Content-Length": "648",
        "Content-Type": "application/json; odata=nometadata",
        "DataServiceVersion": "3.0",
        "Prefer": "return-no-content",
        "traceparent": "00-45ed9e31c2e14249be706fcd36d6b6a6-cb7d088d47dd314b-00",
        "User-Agent": [
          "azsdk-net-Data.Tables/12.0.0-alpha.20210323.1",
          "(.NET 5.0.4; Microsoft Windows 10.0.19042)"
        ],
        "x-ms-client-request-id": "8ca5b6ec024f1f10aa5dc0b680d044aa",
        "x-ms-date": "Tue, 23 Mar 2021 18:29:27 GMT",
        "x-ms-return-client-request-id": "true",
        "x-ms-version": "2019-02-02"
      },
      "RequestBody": {
        "StringTypeProperty": "This is table entity number 01",
        "DatetimeTypeProperty": "2020-01-01T01:02:00.0000000Z",
        "DatetimeTypeProperty@odata.type": "Edm.DateTime",
        "DatetimeOffsetTypeProperty": "2020-01-01T01:02:00.0000000Z",
        "DatetimeOffsetTypeProperty@odata.type": "Edm.DateTime",
        "GuidTypeProperty": "0d391d16-97f1-4b9a-be68-4cc871f90001",
        "GuidTypeProperty@odata.type": "Edm.Guid",
        "BinaryTypeProperty": "AQIDBAU=",
        "BinaryTypeProperty@odata.type": "Edm.Binary",
        "Int64TypeProperty": "1",
        "Int64TypeProperty@odata.type": "Edm.Int64",
        "DoubleTypeProperty": 1,
        "DoubleTypeProperty@odata.type": "Edm.Double",
        "IntTypeProperty": 1,
        "PartitionKey": "somPartition",
        "RowKey": "01"
      },
      "StatusCode": 204,
      "ResponseHeaders": {
        "Content-Length": "0",
        "Date": "Tue, 23 Mar 2021 18:29:30 GMT",
        "ETag": "W/\u0022datetime\u00272021-03-23T18%3A29%3A30.8425224Z\u0027\u0022",
        "Location": "https://jverazsdkprim.table.cosmos.azure.com/testtableg4w5w8kj(PartitionKey=\u0027somPartition\u0027,RowKey=\u002701\u0027)",
        "Preference-Applied": "return-no-content",
        "Server": "Microsoft-HTTPAPI/2.0",
        "x-ms-request-id": "8ca5b6ec-024f-1f10-aa5d-c0b680d044aa"
      },
      "ResponseBody": []
    },
    {
      "RequestUri": "https://jverazsdkprim.table.cosmos.azure.com/testtableg4w5w8kj?$format=application%2Fjson%3Bodata%3Dminimalmetadata",
      "RequestMethod": "POST",
      "RequestHeaders": {
        "Accept": "application/json; odata=minimalmetadata",
        "Authorization": "Sanitized",
        "Content-Length": "648",
        "Content-Type": "application/json; odata=nometadata",
        "DataServiceVersion": "3.0",
        "Prefer": "return-no-content",
        "traceparent": "00-3e921ce9bed1454293da8ce70dac4f72-730160bdfbadd146-00",
        "User-Agent": [
          "azsdk-net-Data.Tables/12.0.0-alpha.20210323.1",
          "(.NET 5.0.4; Microsoft Windows 10.0.19042)"
        ],
        "x-ms-client-request-id": "a344cf2db5053e7eb611117ba1d19773",
        "x-ms-date": "Tue, 23 Mar 2021 18:29:27 GMT",
        "x-ms-return-client-request-id": "true",
        "x-ms-version": "2019-02-02"
      },
      "RequestBody": {
        "StringTypeProperty": "This is table entity number 02",
        "DatetimeTypeProperty": "2020-01-01T01:03:00.0000000Z",
        "DatetimeTypeProperty@odata.type": "Edm.DateTime",
        "DatetimeOffsetTypeProperty": "2020-01-01T01:03:00.0000000Z",
        "DatetimeOffsetTypeProperty@odata.type": "Edm.DateTime",
        "GuidTypeProperty": "0d391d16-97f1-4b9a-be68-4cc871f90002",
        "GuidTypeProperty@odata.type": "Edm.Guid",
        "BinaryTypeProperty": "AQIDBAU=",
        "BinaryTypeProperty@odata.type": "Edm.Binary",
        "Int64TypeProperty": "2",
        "Int64TypeProperty@odata.type": "Edm.Int64",
        "DoubleTypeProperty": 2,
        "DoubleTypeProperty@odata.type": "Edm.Double",
        "IntTypeProperty": 2,
        "PartitionKey": "somPartition",
        "RowKey": "02"
      },
      "StatusCode": 204,
      "ResponseHeaders": {
        "Content-Length": "0",
        "Date": "Tue, 23 Mar 2021 18:29:30 GMT",
        "ETag": "W/\u0022datetime\u00272021-03-23T18%3A29%3A30.8713992Z\u0027\u0022",
        "Location": "https://jverazsdkprim.table.cosmos.azure.com/testtableg4w5w8kj(PartitionKey=\u0027somPartition\u0027,RowKey=\u002702\u0027)",
        "Preference-Applied": "return-no-content",
        "Server": "Microsoft-HTTPAPI/2.0",
        "x-ms-request-id": "a344cf2d-b505-3e7e-b611-117ba1d19773"
      },
      "ResponseBody": []
    },
    {
      "RequestUri": "https://jverazsdkprim.table.cosmos.azure.com/testtableg4w5w8kj?$format=application%2Fjson%3Bodata%3Dminimalmetadata",
      "RequestMethod": "POST",
      "RequestHeaders": {
        "Accept": "application/json; odata=minimalmetadata",
        "Authorization": "Sanitized",
        "Content-Length": "648",
        "Content-Type": "application/json; odata=nometadata",
        "DataServiceVersion": "3.0",
        "Prefer": "return-no-content",
        "traceparent": "00-ac90a7d45e70ce4db5aff0e2c74d0728-8d7bac7f20251b41-00",
        "User-Agent": [
          "azsdk-net-Data.Tables/12.0.0-alpha.20210323.1",
          "(.NET 5.0.4; Microsoft Windows 10.0.19042)"
        ],
        "x-ms-client-request-id": "573cac8f5bb57c9841c387c0bfafbd82",
        "x-ms-date": "Tue, 23 Mar 2021 18:29:27 GMT",
        "x-ms-return-client-request-id": "true",
        "x-ms-version": "2019-02-02"
      },
      "RequestBody": {
        "StringTypeProperty": "This is table entity number 03",
        "DatetimeTypeProperty": "2020-01-01T01:04:00.0000000Z",
        "DatetimeTypeProperty@odata.type": "Edm.DateTime",
        "DatetimeOffsetTypeProperty": "2020-01-01T01:04:00.0000000Z",
        "DatetimeOffsetTypeProperty@odata.type": "Edm.DateTime",
        "GuidTypeProperty": "0d391d16-97f1-4b9a-be68-4cc871f90003",
        "GuidTypeProperty@odata.type": "Edm.Guid",
        "BinaryTypeProperty": "AQIDBAU=",
        "BinaryTypeProperty@odata.type": "Edm.Binary",
        "Int64TypeProperty": "3",
        "Int64TypeProperty@odata.type": "Edm.Int64",
        "DoubleTypeProperty": 3,
        "DoubleTypeProperty@odata.type": "Edm.Double",
        "IntTypeProperty": 3,
        "PartitionKey": "somPartition",
        "RowKey": "03"
      },
      "StatusCode": 204,
      "ResponseHeaders": {
        "Content-Length": "0",
        "Date": "Tue, 23 Mar 2021 18:29:30 GMT",
        "ETag": "W/\u0022datetime\u00272021-03-23T18%3A29%3A30.8956680Z\u0027\u0022",
        "Location": "https://jverazsdkprim.table.cosmos.azure.com/testtableg4w5w8kj(PartitionKey=\u0027somPartition\u0027,RowKey=\u002703\u0027)",
        "Preference-Applied": "return-no-content",
        "Server": "Microsoft-HTTPAPI/2.0",
        "x-ms-request-id": "573cac8f-5bb5-7c98-41c3-87c0bfafbd82"
      },
      "ResponseBody": []
    },
    {
      "RequestUri": "https://jverazsdkprim.table.cosmos.azure.com/testtableg4w5w8kj?$format=application%2Fjson%3Bodata%3Dminimalmetadata",
      "RequestMethod": "POST",
      "RequestHeaders": {
        "Accept": "application/json; odata=minimalmetadata",
        "Authorization": "Sanitized",
        "Content-Length": "648",
        "Content-Type": "application/json; odata=nometadata",
        "DataServiceVersion": "3.0",
        "Prefer": "return-no-content",
        "traceparent": "00-ae16c235214c514aa2b4eb7eade560e1-510d5a1103ff3a44-00",
        "User-Agent": [
          "azsdk-net-Data.Tables/12.0.0-alpha.20210323.1",
          "(.NET 5.0.4; Microsoft Windows 10.0.19042)"
        ],
        "x-ms-client-request-id": "a668de579c98377f3866d53ef0947dd8",
        "x-ms-date": "Tue, 23 Mar 2021 18:29:28 GMT",
        "x-ms-return-client-request-id": "true",
        "x-ms-version": "2019-02-02"
      },
      "RequestBody": {
        "StringTypeProperty": "This is table entity number 04",
        "DatetimeTypeProperty": "2020-01-01T01:05:00.0000000Z",
        "DatetimeTypeProperty@odata.type": "Edm.DateTime",
        "DatetimeOffsetTypeProperty": "2020-01-01T01:05:00.0000000Z",
        "DatetimeOffsetTypeProperty@odata.type": "Edm.DateTime",
        "GuidTypeProperty": "0d391d16-97f1-4b9a-be68-4cc871f90004",
        "GuidTypeProperty@odata.type": "Edm.Guid",
        "BinaryTypeProperty": "AQIDBAU=",
        "BinaryTypeProperty@odata.type": "Edm.Binary",
        "Int64TypeProperty": "4",
        "Int64TypeProperty@odata.type": "Edm.Int64",
        "DoubleTypeProperty": 4,
        "DoubleTypeProperty@odata.type": "Edm.Double",
        "IntTypeProperty": 4,
        "PartitionKey": "somPartition",
        "RowKey": "04"
      },
      "StatusCode": 204,
      "ResponseHeaders": {
        "Content-Length": "0",
        "Date": "Tue, 23 Mar 2021 18:29:30 GMT",
        "ETag": "W/\u0022datetime\u00272021-03-23T18%3A29%3A30.9231112Z\u0027\u0022",
        "Location": "https://jverazsdkprim.table.cosmos.azure.com/testtableg4w5w8kj(PartitionKey=\u0027somPartition\u0027,RowKey=\u002704\u0027)",
        "Preference-Applied": "return-no-content",
        "Server": "Microsoft-HTTPAPI/2.0",
        "x-ms-request-id": "a668de57-9c98-377f-3866-d53ef0947dd8"
      },
      "ResponseBody": []
    },
    {
      "RequestUri": "https://jverazsdkprim.table.cosmos.azure.com/testtableg4w5w8kj?$format=application%2Fjson%3Bodata%3Dminimalmetadata",
      "RequestMethod": "POST",
      "RequestHeaders": {
        "Accept": "application/json; odata=minimalmetadata",
        "Authorization": "Sanitized",
        "Content-Length": "648",
        "Content-Type": "application/json; odata=nometadata",
        "DataServiceVersion": "3.0",
        "Prefer": "return-no-content",
        "traceparent": "00-fe814938813c4549a2d870e7eb801311-624d61a018b0594a-00",
        "User-Agent": [
          "azsdk-net-Data.Tables/12.0.0-alpha.20210323.1",
          "(.NET 5.0.4; Microsoft Windows 10.0.19042)"
        ],
        "x-ms-client-request-id": "d3274dc5ec93d2f537c862422dbd7e06",
        "x-ms-date": "Tue, 23 Mar 2021 18:29:28 GMT",
        "x-ms-return-client-request-id": "true",
        "x-ms-version": "2019-02-02"
      },
      "RequestBody": {
        "StringTypeProperty": "This is table entity number 05",
        "DatetimeTypeProperty": "2020-01-01T01:06:00.0000000Z",
        "DatetimeTypeProperty@odata.type": "Edm.DateTime",
        "DatetimeOffsetTypeProperty": "2020-01-01T01:06:00.0000000Z",
        "DatetimeOffsetTypeProperty@odata.type": "Edm.DateTime",
        "GuidTypeProperty": "0d391d16-97f1-4b9a-be68-4cc871f90005",
        "GuidTypeProperty@odata.type": "Edm.Guid",
        "BinaryTypeProperty": "AQIDBAU=",
        "BinaryTypeProperty@odata.type": "Edm.Binary",
        "Int64TypeProperty": "5",
        "Int64TypeProperty@odata.type": "Edm.Int64",
        "DoubleTypeProperty": 5,
        "DoubleTypeProperty@odata.type": "Edm.Double",
        "IntTypeProperty": 5,
        "PartitionKey": "somPartition",
        "RowKey": "05"
      },
      "StatusCode": 204,
      "ResponseHeaders": {
        "Content-Length": "0",
        "Date": "Tue, 23 Mar 2021 18:29:30 GMT",
        "ETag": "W/\u0022datetime\u00272021-03-23T18%3A29%3A30.9474824Z\u0027\u0022",
        "Location": "https://jverazsdkprim.table.cosmos.azure.com/testtableg4w5w8kj(PartitionKey=\u0027somPartition\u0027,RowKey=\u002705\u0027)",
        "Preference-Applied": "return-no-content",
        "Server": "Microsoft-HTTPAPI/2.0",
        "x-ms-request-id": "d3274dc5-ec93-d2f5-37c8-62422dbd7e06"
      },
      "ResponseBody": []
    },
    {
      "RequestUri": "https://jverazsdkprim.table.cosmos.azure.com/testtableg4w5w8kj?$format=application%2Fjson%3Bodata%3Dminimalmetadata",
      "RequestMethod": "POST",
      "RequestHeaders": {
        "Accept": "application/json; odata=minimalmetadata",
        "Authorization": "Sanitized",
        "Content-Length": "648",
        "Content-Type": "application/json; odata=nometadata",
        "DataServiceVersion": "3.0",
        "Prefer": "return-no-content",
        "traceparent": "00-ad55838f3291c74abb9215ab6f3fdc11-2886cc13535d2e43-00",
        "User-Agent": [
          "azsdk-net-Data.Tables/12.0.0-alpha.20210323.1",
          "(.NET 5.0.4; Microsoft Windows 10.0.19042)"
        ],
        "x-ms-client-request-id": "c3248f53f169f2db2d051f4e85598bac",
        "x-ms-date": "Tue, 23 Mar 2021 18:29:28 GMT",
        "x-ms-return-client-request-id": "true",
        "x-ms-version": "2019-02-02"
      },
      "RequestBody": {
        "StringTypeProperty": "This is table entity number 06",
        "DatetimeTypeProperty": "2020-01-01T01:07:00.0000000Z",
        "DatetimeTypeProperty@odata.type": "Edm.DateTime",
        "DatetimeOffsetTypeProperty": "2020-01-01T01:07:00.0000000Z",
        "DatetimeOffsetTypeProperty@odata.type": "Edm.DateTime",
        "GuidTypeProperty": "0d391d16-97f1-4b9a-be68-4cc871f90006",
        "GuidTypeProperty@odata.type": "Edm.Guid",
        "BinaryTypeProperty": "AQIDBAU=",
        "BinaryTypeProperty@odata.type": "Edm.Binary",
        "Int64TypeProperty": "6",
        "Int64TypeProperty@odata.type": "Edm.Int64",
        "DoubleTypeProperty": 6,
        "DoubleTypeProperty@odata.type": "Edm.Double",
        "IntTypeProperty": 6,
        "PartitionKey": "somPartition",
        "RowKey": "06"
      },
      "StatusCode": 204,
      "ResponseHeaders": {
        "Content-Length": "0",
        "Date": "Tue, 23 Mar 2021 18:29:30 GMT",
        "ETag": "W/\u0022datetime\u00272021-03-23T18%3A29%3A30.9734920Z\u0027\u0022",
        "Location": "https://jverazsdkprim.table.cosmos.azure.com/testtableg4w5w8kj(PartitionKey=\u0027somPartition\u0027,RowKey=\u002706\u0027)",
        "Preference-Applied": "return-no-content",
        "Server": "Microsoft-HTTPAPI/2.0",
        "x-ms-request-id": "c3248f53-f169-f2db-2d05-1f4e85598bac"
      },
      "ResponseBody": []
    },
    {
      "RequestUri": "https://jverazsdkprim.table.cosmos.azure.com/testtableg4w5w8kj?$format=application%2Fjson%3Bodata%3Dminimalmetadata",
      "RequestMethod": "POST",
      "RequestHeaders": {
        "Accept": "application/json; odata=minimalmetadata",
        "Authorization": "Sanitized",
        "Content-Length": "648",
        "Content-Type": "application/json; odata=nometadata",
        "DataServiceVersion": "3.0",
        "Prefer": "return-no-content",
        "traceparent": "00-c4d99885e7b48e4b866eda897a8ecf2f-b2df12c2f7e1dc49-00",
        "User-Agent": [
          "azsdk-net-Data.Tables/12.0.0-alpha.20210323.1",
          "(.NET 5.0.4; Microsoft Windows 10.0.19042)"
        ],
        "x-ms-client-request-id": "72fbae45e9886aeee9956fd03a3d097b",
        "x-ms-date": "Tue, 23 Mar 2021 18:29:28 GMT",
        "x-ms-return-client-request-id": "true",
        "x-ms-version": "2019-02-02"
      },
      "RequestBody": {
        "StringTypeProperty": "This is table entity number 07",
        "DatetimeTypeProperty": "2020-01-01T01:08:00.0000000Z",
        "DatetimeTypeProperty@odata.type": "Edm.DateTime",
        "DatetimeOffsetTypeProperty": "2020-01-01T01:08:00.0000000Z",
        "DatetimeOffsetTypeProperty@odata.type": "Edm.DateTime",
        "GuidTypeProperty": "0d391d16-97f1-4b9a-be68-4cc871f90007",
        "GuidTypeProperty@odata.type": "Edm.Guid",
        "BinaryTypeProperty": "AQIDBAU=",
        "BinaryTypeProperty@odata.type": "Edm.Binary",
        "Int64TypeProperty": "7",
        "Int64TypeProperty@odata.type": "Edm.Int64",
        "DoubleTypeProperty": 7,
        "DoubleTypeProperty@odata.type": "Edm.Double",
        "IntTypeProperty": 7,
        "PartitionKey": "somPartition",
        "RowKey": "07"
      },
      "StatusCode": 204,
      "ResponseHeaders": {
        "Content-Length": "0",
        "Date": "Tue, 23 Mar 2021 18:29:30 GMT",
        "ETag": "W/\u0022datetime\u00272021-03-23T18%3A29%3A31.0032904Z\u0027\u0022",
        "Location": "https://jverazsdkprim.table.cosmos.azure.com/testtableg4w5w8kj(PartitionKey=\u0027somPartition\u0027,RowKey=\u002707\u0027)",
        "Preference-Applied": "return-no-content",
        "Server": "Microsoft-HTTPAPI/2.0",
        "x-ms-request-id": "72fbae45-e988-6aee-e995-6fd03a3d097b"
      },
      "ResponseBody": []
    },
    {
      "RequestUri": "https://jverazsdkprim.table.cosmos.azure.com/testtableg4w5w8kj?$format=application%2Fjson%3Bodata%3Dminimalmetadata",
      "RequestMethod": "POST",
      "RequestHeaders": {
        "Accept": "application/json; odata=minimalmetadata",
        "Authorization": "Sanitized",
        "Content-Length": "648",
        "Content-Type": "application/json; odata=nometadata",
        "DataServiceVersion": "3.0",
        "Prefer": "return-no-content",
        "traceparent": "00-1ddbfce387ab144bbaf2a30d5f99307b-e77ea1c1df8d9147-00",
        "User-Agent": [
          "azsdk-net-Data.Tables/12.0.0-alpha.20210323.1",
          "(.NET 5.0.4; Microsoft Windows 10.0.19042)"
        ],
        "x-ms-client-request-id": "61eacfe8ba70d46f7234a68ecda64ddd",
        "x-ms-date": "Tue, 23 Mar 2021 18:29:28 GMT",
        "x-ms-return-client-request-id": "true",
        "x-ms-version": "2019-02-02"
      },
      "RequestBody": {
        "StringTypeProperty": "This is table entity number 08",
        "DatetimeTypeProperty": "2020-01-01T01:09:00.0000000Z",
        "DatetimeTypeProperty@odata.type": "Edm.DateTime",
        "DatetimeOffsetTypeProperty": "2020-01-01T01:09:00.0000000Z",
        "DatetimeOffsetTypeProperty@odata.type": "Edm.DateTime",
        "GuidTypeProperty": "0d391d16-97f1-4b9a-be68-4cc871f90008",
        "GuidTypeProperty@odata.type": "Edm.Guid",
        "BinaryTypeProperty": "AQIDBAU=",
        "BinaryTypeProperty@odata.type": "Edm.Binary",
        "Int64TypeProperty": "8",
        "Int64TypeProperty@odata.type": "Edm.Int64",
        "DoubleTypeProperty": 8,
        "DoubleTypeProperty@odata.type": "Edm.Double",
        "IntTypeProperty": 8,
        "PartitionKey": "somPartition",
        "RowKey": "08"
      },
      "StatusCode": 204,
      "ResponseHeaders": {
        "Content-Length": "0",
        "Date": "Tue, 23 Mar 2021 18:29:30 GMT",
        "ETag": "W/\u0022datetime\u00272021-03-23T18%3A29%3A31.0272520Z\u0027\u0022",
        "Location": "https://jverazsdkprim.table.cosmos.azure.com/testtableg4w5w8kj(PartitionKey=\u0027somPartition\u0027,RowKey=\u002708\u0027)",
        "Preference-Applied": "return-no-content",
        "Server": "Microsoft-HTTPAPI/2.0",
        "x-ms-request-id": "61eacfe8-ba70-d46f-7234-a68ecda64ddd"
      },
      "ResponseBody": []
    },
    {
      "RequestUri": "https://jverazsdkprim.table.cosmos.azure.com/testtableg4w5w8kj?$format=application%2Fjson%3Bodata%3Dminimalmetadata",
      "RequestMethod": "POST",
      "RequestHeaders": {
        "Accept": "application/json; odata=minimalmetadata",
        "Authorization": "Sanitized",
        "Content-Length": "648",
        "Content-Type": "application/json; odata=nometadata",
        "DataServiceVersion": "3.0",
        "Prefer": "return-no-content",
        "traceparent": "00-0b0537592cb55741ab4253b85856dd8c-2173f3a68b5a3945-00",
        "User-Agent": [
          "azsdk-net-Data.Tables/12.0.0-alpha.20210323.1",
          "(.NET 5.0.4; Microsoft Windows 10.0.19042)"
        ],
        "x-ms-client-request-id": "7efcb53c0cc2697ea0b9d9d3820ab8ef",
        "x-ms-date": "Tue, 23 Mar 2021 18:29:28 GMT",
        "x-ms-return-client-request-id": "true",
        "x-ms-version": "2019-02-02"
      },
      "RequestBody": {
        "StringTypeProperty": "This is table entity number 09",
        "DatetimeTypeProperty": "2020-01-01T01:10:00.0000000Z",
        "DatetimeTypeProperty@odata.type": "Edm.DateTime",
        "DatetimeOffsetTypeProperty": "2020-01-01T01:10:00.0000000Z",
        "DatetimeOffsetTypeProperty@odata.type": "Edm.DateTime",
        "GuidTypeProperty": "0d391d16-97f1-4b9a-be68-4cc871f90009",
        "GuidTypeProperty@odata.type": "Edm.Guid",
        "BinaryTypeProperty": "AQIDBAU=",
        "BinaryTypeProperty@odata.type": "Edm.Binary",
        "Int64TypeProperty": "9",
        "Int64TypeProperty@odata.type": "Edm.Int64",
        "DoubleTypeProperty": 9,
        "DoubleTypeProperty@odata.type": "Edm.Double",
        "IntTypeProperty": 9,
        "PartitionKey": "somPartition",
        "RowKey": "09"
      },
      "StatusCode": 204,
      "ResponseHeaders": {
        "Content-Length": "0",
        "Date": "Tue, 23 Mar 2021 18:29:30 GMT",
        "ETag": "W/\u0022datetime\u00272021-03-23T18%3A29%3A31.0517256Z\u0027\u0022",
        "Location": "https://jverazsdkprim.table.cosmos.azure.com/testtableg4w5w8kj(PartitionKey=\u0027somPartition\u0027,RowKey=\u002709\u0027)",
        "Preference-Applied": "return-no-content",
        "Server": "Microsoft-HTTPAPI/2.0",
        "x-ms-request-id": "7efcb53c-0cc2-697e-a0b9-d9d3820ab8ef"
      },
      "ResponseBody": []
    },
    {
      "RequestUri": "https://jverazsdkprim.table.cosmos.azure.com/testtableg4w5w8kj?$format=application%2Fjson%3Bodata%3Dminimalmetadata",
      "RequestMethod": "POST",
      "RequestHeaders": {
        "Accept": "application/json; odata=minimalmetadata",
        "Authorization": "Sanitized",
        "Content-Length": "651",
        "Content-Type": "application/json; odata=nometadata",
        "DataServiceVersion": "3.0",
        "Prefer": "return-no-content",
        "traceparent": "00-3de51a8543872f43841385429af388df-c7441b7365e08e40-00",
        "User-Agent": [
          "azsdk-net-Data.Tables/12.0.0-alpha.20210323.1",
          "(.NET 5.0.4; Microsoft Windows 10.0.19042)"
        ],
        "x-ms-client-request-id": "b666a3fc296e8a3c3e27ff5442609d42",
        "x-ms-date": "Tue, 23 Mar 2021 18:29:28 GMT",
        "x-ms-return-client-request-id": "true",
        "x-ms-version": "2019-02-02"
      },
      "RequestBody": {
        "StringTypeProperty": "This is table entity number 10",
        "DatetimeTypeProperty": "2020-01-01T01:11:00.0000000Z",
        "DatetimeTypeProperty@odata.type": "Edm.DateTime",
        "DatetimeOffsetTypeProperty": "2020-01-01T01:11:00.0000000Z",
        "DatetimeOffsetTypeProperty@odata.type": "Edm.DateTime",
        "GuidTypeProperty": "0d391d16-97f1-4b9a-be68-4cc871f90010",
        "GuidTypeProperty@odata.type": "Edm.Guid",
        "BinaryTypeProperty": "AQIDBAU=",
        "BinaryTypeProperty@odata.type": "Edm.Binary",
        "Int64TypeProperty": "10",
        "Int64TypeProperty@odata.type": "Edm.Int64",
        "DoubleTypeProperty": 10,
        "DoubleTypeProperty@odata.type": "Edm.Double",
        "IntTypeProperty": 10,
        "PartitionKey": "somPartition",
        "RowKey": "10"
      },
      "StatusCode": 204,
      "ResponseHeaders": {
        "Content-Length": "0",
        "Date": "Tue, 23 Mar 2021 18:29:30 GMT",
        "ETag": "W/\u0022datetime\u00272021-03-23T18%3A29%3A31.0760968Z\u0027\u0022",
        "Location": "https://jverazsdkprim.table.cosmos.azure.com/testtableg4w5w8kj(PartitionKey=\u0027somPartition\u0027,RowKey=\u002710\u0027)",
        "Preference-Applied": "return-no-content",
        "Server": "Microsoft-HTTPAPI/2.0",
        "x-ms-request-id": "b666a3fc-296e-8a3c-3e27-ff5442609d42"
      },
      "ResponseBody": []
    },
    {
      "RequestUri": "https://jverazsdkprim.table.cosmos.azure.com/testtableg4w5w8kj?$format=application%2Fjson%3Bodata%3Dminimalmetadata",
      "RequestMethod": "POST",
      "RequestHeaders": {
        "Accept": "application/json; odata=minimalmetadata",
        "Authorization": "Sanitized",
        "Content-Length": "651",
        "Content-Type": "application/json; odata=nometadata",
        "DataServiceVersion": "3.0",
        "Prefer": "return-no-content",
        "traceparent": "00-4359f84e86e23147bcfc30ea007f6918-6faf09097cbdbf40-00",
        "User-Agent": [
          "azsdk-net-Data.Tables/12.0.0-alpha.20210323.1",
          "(.NET 5.0.4; Microsoft Windows 10.0.19042)"
        ],
        "x-ms-client-request-id": "859391488a41dbb95081c0b6e09c5167",
        "x-ms-date": "Tue, 23 Mar 2021 18:29:28 GMT",
        "x-ms-return-client-request-id": "true",
        "x-ms-version": "2019-02-02"
      },
      "RequestBody": {
        "StringTypeProperty": "This is table entity number 11",
        "DatetimeTypeProperty": "2020-01-01T01:12:00.0000000Z",
        "DatetimeTypeProperty@odata.type": "Edm.DateTime",
        "DatetimeOffsetTypeProperty": "2020-01-01T01:12:00.0000000Z",
        "DatetimeOffsetTypeProperty@odata.type": "Edm.DateTime",
        "GuidTypeProperty": "0d391d16-97f1-4b9a-be68-4cc871f90011",
        "GuidTypeProperty@odata.type": "Edm.Guid",
        "BinaryTypeProperty": "AQIDBAU=",
        "BinaryTypeProperty@odata.type": "Edm.Binary",
        "Int64TypeProperty": "11",
        "Int64TypeProperty@odata.type": "Edm.Int64",
        "DoubleTypeProperty": 11,
        "DoubleTypeProperty@odata.type": "Edm.Double",
        "IntTypeProperty": 11,
        "PartitionKey": "somPartition",
        "RowKey": "11"
      },
      "StatusCode": 204,
      "ResponseHeaders": {
        "Content-Length": "0",
        "Date": "Tue, 23 Mar 2021 18:29:30 GMT",
        "ETag": "W/\u0022datetime\u00272021-03-23T18%3A29%3A31.1012872Z\u0027\u0022",
        "Location": "https://jverazsdkprim.table.cosmos.azure.com/testtableg4w5w8kj(PartitionKey=\u0027somPartition\u0027,RowKey=\u002711\u0027)",
        "Preference-Applied": "return-no-content",
        "Server": "Microsoft-HTTPAPI/2.0",
        "x-ms-request-id": "85939148-8a41-dbb9-5081-c0b6e09c5167"
      },
      "ResponseBody": []
    },
    {
      "RequestUri": "https://jverazsdkprim.table.cosmos.azure.com/testtableg4w5w8kj?$format=application%2Fjson%3Bodata%3Dminimalmetadata",
      "RequestMethod": "POST",
      "RequestHeaders": {
        "Accept": "application/json; odata=minimalmetadata",
        "Authorization": "Sanitized",
        "Content-Length": "651",
        "Content-Type": "application/json; odata=nometadata",
        "DataServiceVersion": "3.0",
        "Prefer": "return-no-content",
        "traceparent": "00-938ff0de4afb3241893003c33ed5c234-98134e102236d441-00",
        "User-Agent": [
          "azsdk-net-Data.Tables/12.0.0-alpha.20210323.1",
          "(.NET 5.0.4; Microsoft Windows 10.0.19042)"
        ],
        "x-ms-client-request-id": "2991b77b9740126e78713f9b0c2a2640",
        "x-ms-date": "Tue, 23 Mar 2021 18:29:28 GMT",
        "x-ms-return-client-request-id": "true",
        "x-ms-version": "2019-02-02"
      },
      "RequestBody": {
        "StringTypeProperty": "This is table entity number 12",
        "DatetimeTypeProperty": "2020-01-01T01:13:00.0000000Z",
        "DatetimeTypeProperty@odata.type": "Edm.DateTime",
        "DatetimeOffsetTypeProperty": "2020-01-01T01:13:00.0000000Z",
        "DatetimeOffsetTypeProperty@odata.type": "Edm.DateTime",
        "GuidTypeProperty": "0d391d16-97f1-4b9a-be68-4cc871f90012",
        "GuidTypeProperty@odata.type": "Edm.Guid",
        "BinaryTypeProperty": "AQIDBAU=",
        "BinaryTypeProperty@odata.type": "Edm.Binary",
        "Int64TypeProperty": "12",
        "Int64TypeProperty@odata.type": "Edm.Int64",
        "DoubleTypeProperty": 12,
        "DoubleTypeProperty@odata.type": "Edm.Double",
        "IntTypeProperty": 12,
        "PartitionKey": "somPartition",
        "RowKey": "12"
      },
      "StatusCode": 204,
      "ResponseHeaders": {
        "Content-Length": "0",
        "Date": "Tue, 23 Mar 2021 18:29:30 GMT",
        "ETag": "W/\u0022datetime\u00272021-03-23T18%3A29%3A31.1279112Z\u0027\u0022",
        "Location": "https://jverazsdkprim.table.cosmos.azure.com/testtableg4w5w8kj(PartitionKey=\u0027somPartition\u0027,RowKey=\u002712\u0027)",
        "Preference-Applied": "return-no-content",
        "Server": "Microsoft-HTTPAPI/2.0",
        "x-ms-request-id": "2991b77b-9740-126e-7871-3f9b0c2a2640"
      },
      "ResponseBody": []
    },
    {
      "RequestUri": "https://jverazsdkprim.table.cosmos.azure.com/testtableg4w5w8kj?$format=application%2Fjson%3Bodata%3Dminimalmetadata",
      "RequestMethod": "POST",
      "RequestHeaders": {
        "Accept": "application/json; odata=minimalmetadata",
        "Authorization": "Sanitized",
        "Content-Length": "651",
        "Content-Type": "application/json; odata=nometadata",
        "DataServiceVersion": "3.0",
        "Prefer": "return-no-content",
        "traceparent": "00-3724fbb3c1576a409327bb229b5a27b1-f42311d90b75174c-00",
        "User-Agent": [
          "azsdk-net-Data.Tables/12.0.0-alpha.20210323.1",
          "(.NET 5.0.4; Microsoft Windows 10.0.19042)"
        ],
        "x-ms-client-request-id": "f08b971c337771aeea8a65ed6985aaa2",
        "x-ms-date": "Tue, 23 Mar 2021 18:29:28 GMT",
        "x-ms-return-client-request-id": "true",
        "x-ms-version": "2019-02-02"
      },
      "RequestBody": {
        "StringTypeProperty": "This is table entity number 13",
        "DatetimeTypeProperty": "2020-01-01T01:14:00.0000000Z",
        "DatetimeTypeProperty@odata.type": "Edm.DateTime",
        "DatetimeOffsetTypeProperty": "2020-01-01T01:14:00.0000000Z",
        "DatetimeOffsetTypeProperty@odata.type": "Edm.DateTime",
        "GuidTypeProperty": "0d391d16-97f1-4b9a-be68-4cc871f90013",
        "GuidTypeProperty@odata.type": "Edm.Guid",
        "BinaryTypeProperty": "AQIDBAU=",
        "BinaryTypeProperty@odata.type": "Edm.Binary",
        "Int64TypeProperty": "13",
        "Int64TypeProperty@odata.type": "Edm.Int64",
        "DoubleTypeProperty": 13,
        "DoubleTypeProperty@odata.type": "Edm.Double",
        "IntTypeProperty": 13,
        "PartitionKey": "somPartition",
        "RowKey": "13"
      },
      "StatusCode": 204,
      "ResponseHeaders": {
        "Content-Length": "0",
        "Date": "Tue, 23 Mar 2021 18:29:30 GMT",
        "ETag": "W/\u0022datetime\u00272021-03-23T18%3A29%3A31.1533064Z\u0027\u0022",
        "Location": "https://jverazsdkprim.table.cosmos.azure.com/testtableg4w5w8kj(PartitionKey=\u0027somPartition\u0027,RowKey=\u002713\u0027)",
        "Preference-Applied": "return-no-content",
        "Server": "Microsoft-HTTPAPI/2.0",
        "x-ms-request-id": "f08b971c-3377-71ae-ea8a-65ed6985aaa2"
      },
      "ResponseBody": []
    },
    {
      "RequestUri": "https://jverazsdkprim.table.cosmos.azure.com/testtableg4w5w8kj?$format=application%2Fjson%3Bodata%3Dminimalmetadata",
      "RequestMethod": "POST",
      "RequestHeaders": {
        "Accept": "application/json; odata=minimalmetadata",
        "Authorization": "Sanitized",
        "Content-Length": "651",
        "Content-Type": "application/json; odata=nometadata",
        "DataServiceVersion": "3.0",
        "Prefer": "return-no-content",
        "traceparent": "00-31220b00c268114e8b7fb415a7a12998-82d4a1cb812f7341-00",
        "User-Agent": [
          "azsdk-net-Data.Tables/12.0.0-alpha.20210323.1",
          "(.NET 5.0.4; Microsoft Windows 10.0.19042)"
        ],
        "x-ms-client-request-id": "8bd898d573ceb00223810ccf4b1ece26",
        "x-ms-date": "Tue, 23 Mar 2021 18:29:28 GMT",
        "x-ms-return-client-request-id": "true",
        "x-ms-version": "2019-02-02"
      },
      "RequestBody": {
        "StringTypeProperty": "This is table entity number 14",
        "DatetimeTypeProperty": "2020-01-01T01:15:00.0000000Z",
        "DatetimeTypeProperty@odata.type": "Edm.DateTime",
        "DatetimeOffsetTypeProperty": "2020-01-01T01:15:00.0000000Z",
        "DatetimeOffsetTypeProperty@odata.type": "Edm.DateTime",
        "GuidTypeProperty": "0d391d16-97f1-4b9a-be68-4cc871f90014",
        "GuidTypeProperty@odata.type": "Edm.Guid",
        "BinaryTypeProperty": "AQIDBAU=",
        "BinaryTypeProperty@odata.type": "Edm.Binary",
        "Int64TypeProperty": "14",
        "Int64TypeProperty@odata.type": "Edm.Int64",
        "DoubleTypeProperty": 14,
        "DoubleTypeProperty@odata.type": "Edm.Double",
        "IntTypeProperty": 14,
        "PartitionKey": "somPartition",
        "RowKey": "14"
      },
      "StatusCode": 204,
      "ResponseHeaders": {
        "Content-Length": "0",
        "Date": "Tue, 23 Mar 2021 18:29:30 GMT",
        "ETag": "W/\u0022datetime\u00272021-03-23T18%3A29%3A31.1775752Z\u0027\u0022",
        "Location": "https://jverazsdkprim.table.cosmos.azure.com/testtableg4w5w8kj(PartitionKey=\u0027somPartition\u0027,RowKey=\u002714\u0027)",
        "Preference-Applied": "return-no-content",
        "Server": "Microsoft-HTTPAPI/2.0",
        "x-ms-request-id": "8bd898d5-73ce-b002-2381-0ccf4b1ece26"
      },
      "ResponseBody": []
    },
    {
      "RequestUri": "https://jverazsdkprim.table.cosmos.azure.com/testtableg4w5w8kj?$format=application%2Fjson%3Bodata%3Dminimalmetadata",
      "RequestMethod": "POST",
      "RequestHeaders": {
        "Accept": "application/json; odata=minimalmetadata",
        "Authorization": "Sanitized",
        "Content-Length": "651",
        "Content-Type": "application/json; odata=nometadata",
        "DataServiceVersion": "3.0",
        "Prefer": "return-no-content",
        "traceparent": "00-d62b47b577f8f749be583f68284838bc-626c1b1b17db244f-00",
        "User-Agent": [
          "azsdk-net-Data.Tables/12.0.0-alpha.20210323.1",
          "(.NET 5.0.4; Microsoft Windows 10.0.19042)"
        ],
        "x-ms-client-request-id": "499a805b601048f009203fb53181a9f2",
        "x-ms-date": "Tue, 23 Mar 2021 18:29:28 GMT",
        "x-ms-return-client-request-id": "true",
        "x-ms-version": "2019-02-02"
      },
      "RequestBody": {
        "StringTypeProperty": "This is table entity number 15",
        "DatetimeTypeProperty": "2020-01-01T01:16:00.0000000Z",
        "DatetimeTypeProperty@odata.type": "Edm.DateTime",
        "DatetimeOffsetTypeProperty": "2020-01-01T01:16:00.0000000Z",
        "DatetimeOffsetTypeProperty@odata.type": "Edm.DateTime",
        "GuidTypeProperty": "0d391d16-97f1-4b9a-be68-4cc871f90015",
        "GuidTypeProperty@odata.type": "Edm.Guid",
        "BinaryTypeProperty": "AQIDBAU=",
        "BinaryTypeProperty@odata.type": "Edm.Binary",
        "Int64TypeProperty": "15",
        "Int64TypeProperty@odata.type": "Edm.Int64",
        "DoubleTypeProperty": 15,
        "DoubleTypeProperty@odata.type": "Edm.Double",
        "IntTypeProperty": 15,
        "PartitionKey": "somPartition",
        "RowKey": "15"
      },
      "StatusCode": 204,
      "ResponseHeaders": {
        "Content-Length": "0",
        "Date": "Tue, 23 Mar 2021 18:29:30 GMT",
        "ETag": "W/\u0022datetime\u00272021-03-23T18%3A29%3A31.2011272Z\u0027\u0022",
        "Location": "https://jverazsdkprim.table.cosmos.azure.com/testtableg4w5w8kj(PartitionKey=\u0027somPartition\u0027,RowKey=\u002715\u0027)",
        "Preference-Applied": "return-no-content",
        "Server": "Microsoft-HTTPAPI/2.0",
        "x-ms-request-id": "499a805b-6010-48f0-0920-3fb53181a9f2"
      },
      "ResponseBody": []
    },
    {
      "RequestUri": "https://jverazsdkprim.table.cosmos.azure.com/testtableg4w5w8kj?$format=application%2Fjson%3Bodata%3Dminimalmetadata",
      "RequestMethod": "POST",
      "RequestHeaders": {
        "Accept": "application/json; odata=minimalmetadata",
        "Authorization": "Sanitized",
        "Content-Length": "651",
        "Content-Type": "application/json; odata=nometadata",
        "DataServiceVersion": "3.0",
        "Prefer": "return-no-content",
        "traceparent": "00-9dc740553b1400429fb3a70dc90fa0df-19dd05e5cfab0044-00",
        "User-Agent": [
          "azsdk-net-Data.Tables/12.0.0-alpha.20210323.1",
          "(.NET 5.0.4; Microsoft Windows 10.0.19042)"
        ],
        "x-ms-client-request-id": "74c59dc79a51a97194dacdf526de26cc",
        "x-ms-date": "Tue, 23 Mar 2021 18:29:28 GMT",
        "x-ms-return-client-request-id": "true",
        "x-ms-version": "2019-02-02"
      },
      "RequestBody": {
        "StringTypeProperty": "This is table entity number 16",
        "DatetimeTypeProperty": "2020-01-01T01:17:00.0000000Z",
        "DatetimeTypeProperty@odata.type": "Edm.DateTime",
        "DatetimeOffsetTypeProperty": "2020-01-01T01:17:00.0000000Z",
        "DatetimeOffsetTypeProperty@odata.type": "Edm.DateTime",
        "GuidTypeProperty": "0d391d16-97f1-4b9a-be68-4cc871f90016",
        "GuidTypeProperty@odata.type": "Edm.Guid",
        "BinaryTypeProperty": "AQIDBAU=",
        "BinaryTypeProperty@odata.type": "Edm.Binary",
        "Int64TypeProperty": "16",
        "Int64TypeProperty@odata.type": "Edm.Int64",
        "DoubleTypeProperty": 16,
        "DoubleTypeProperty@odata.type": "Edm.Double",
        "IntTypeProperty": 16,
        "PartitionKey": "somPartition",
        "RowKey": "16"
      },
      "StatusCode": 204,
      "ResponseHeaders": {
        "Content-Length": "0",
        "Date": "Tue, 23 Mar 2021 18:29:30 GMT",
        "ETag": "W/\u0022datetime\u00272021-03-23T18%3A29%3A31.2269320Z\u0027\u0022",
        "Location": "https://jverazsdkprim.table.cosmos.azure.com/testtableg4w5w8kj(PartitionKey=\u0027somPartition\u0027,RowKey=\u002716\u0027)",
        "Preference-Applied": "return-no-content",
        "Server": "Microsoft-HTTPAPI/2.0",
        "x-ms-request-id": "74c59dc7-9a51-a971-94da-cdf526de26cc"
      },
      "ResponseBody": []
    },
    {
      "RequestUri": "https://jverazsdkprim.table.cosmos.azure.com/testtableg4w5w8kj?$format=application%2Fjson%3Bodata%3Dminimalmetadata",
      "RequestMethod": "POST",
      "RequestHeaders": {
        "Accept": "application/json; odata=minimalmetadata",
        "Authorization": "Sanitized",
        "Content-Length": "651",
        "Content-Type": "application/json; odata=nometadata",
        "DataServiceVersion": "3.0",
        "Prefer": "return-no-content",
        "traceparent": "00-597c4ed9d1649d48b1aa4cf7b10b4884-8c34716dd2a35149-00",
        "User-Agent": [
          "azsdk-net-Data.Tables/12.0.0-alpha.20210323.1",
          "(.NET 5.0.4; Microsoft Windows 10.0.19042)"
        ],
        "x-ms-client-request-id": "e8913fbc60eb7492a88f82ad334d7fa2",
        "x-ms-date": "Tue, 23 Mar 2021 18:29:28 GMT",
        "x-ms-return-client-request-id": "true",
        "x-ms-version": "2019-02-02"
      },
      "RequestBody": {
        "StringTypeProperty": "This is table entity number 17",
        "DatetimeTypeProperty": "2020-01-01T01:18:00.0000000Z",
        "DatetimeTypeProperty@odata.type": "Edm.DateTime",
        "DatetimeOffsetTypeProperty": "2020-01-01T01:18:00.0000000Z",
        "DatetimeOffsetTypeProperty@odata.type": "Edm.DateTime",
        "GuidTypeProperty": "0d391d16-97f1-4b9a-be68-4cc871f90017",
        "GuidTypeProperty@odata.type": "Edm.Guid",
        "BinaryTypeProperty": "AQIDBAU=",
        "BinaryTypeProperty@odata.type": "Edm.Binary",
        "Int64TypeProperty": "17",
        "Int64TypeProperty@odata.type": "Edm.Int64",
        "DoubleTypeProperty": 17,
        "DoubleTypeProperty@odata.type": "Edm.Double",
        "IntTypeProperty": 17,
        "PartitionKey": "somPartition",
        "RowKey": "17"
      },
      "StatusCode": 204,
      "ResponseHeaders": {
        "Content-Length": "0",
        "Date": "Tue, 23 Mar 2021 18:29:30 GMT",
        "ETag": "W/\u0022datetime\u00272021-03-23T18%3A29%3A31.2532488Z\u0027\u0022",
        "Location": "https://jverazsdkprim.table.cosmos.azure.com/testtableg4w5w8kj(PartitionKey=\u0027somPartition\u0027,RowKey=\u002717\u0027)",
        "Preference-Applied": "return-no-content",
        "Server": "Microsoft-HTTPAPI/2.0",
        "x-ms-request-id": "e8913fbc-60eb-7492-a88f-82ad334d7fa2"
      },
      "ResponseBody": []
    },
    {
      "RequestUri": "https://jverazsdkprim.table.cosmos.azure.com/testtableg4w5w8kj?$format=application%2Fjson%3Bodata%3Dminimalmetadata",
      "RequestMethod": "POST",
      "RequestHeaders": {
        "Accept": "application/json; odata=minimalmetadata",
        "Authorization": "Sanitized",
        "Content-Length": "651",
        "Content-Type": "application/json; odata=nometadata",
        "DataServiceVersion": "3.0",
        "Prefer": "return-no-content",
        "traceparent": "00-380108b9dd80ac42b153d17beca56c65-31afd593bfb3d947-00",
        "User-Agent": [
          "azsdk-net-Data.Tables/12.0.0-alpha.20210323.1",
          "(.NET 5.0.4; Microsoft Windows 10.0.19042)"
        ],
        "x-ms-client-request-id": "ad0719d75a58c0d40ef1b43593fa212a",
        "x-ms-date": "Tue, 23 Mar 2021 18:29:28 GMT",
        "x-ms-return-client-request-id": "true",
        "x-ms-version": "2019-02-02"
      },
      "RequestBody": {
        "StringTypeProperty": "This is table entity number 18",
        "DatetimeTypeProperty": "2020-01-01T01:19:00.0000000Z",
        "DatetimeTypeProperty@odata.type": "Edm.DateTime",
        "DatetimeOffsetTypeProperty": "2020-01-01T01:19:00.0000000Z",
        "DatetimeOffsetTypeProperty@odata.type": "Edm.DateTime",
        "GuidTypeProperty": "0d391d16-97f1-4b9a-be68-4cc871f90018",
        "GuidTypeProperty@odata.type": "Edm.Guid",
        "BinaryTypeProperty": "AQIDBAU=",
        "BinaryTypeProperty@odata.type": "Edm.Binary",
        "Int64TypeProperty": "18",
        "Int64TypeProperty@odata.type": "Edm.Int64",
        "DoubleTypeProperty": 18,
        "DoubleTypeProperty@odata.type": "Edm.Double",
        "IntTypeProperty": 18,
        "PartitionKey": "somPartition",
        "RowKey": "18"
      },
      "StatusCode": 204,
      "ResponseHeaders": {
        "Content-Length": "0",
        "Date": "Tue, 23 Mar 2021 18:29:30 GMT",
        "ETag": "W/\u0022datetime\u00272021-03-23T18%3A29%3A31.2789512Z\u0027\u0022",
        "Location": "https://jverazsdkprim.table.cosmos.azure.com/testtableg4w5w8kj(PartitionKey=\u0027somPartition\u0027,RowKey=\u002718\u0027)",
        "Preference-Applied": "return-no-content",
        "Server": "Microsoft-HTTPAPI/2.0",
        "x-ms-request-id": "ad0719d7-5a58-c0d4-0ef1-b43593fa212a"
      },
      "ResponseBody": []
    },
    {
      "RequestUri": "https://jverazsdkprim.table.cosmos.azure.com/testtableg4w5w8kj?$format=application%2Fjson%3Bodata%3Dminimalmetadata",
      "RequestMethod": "POST",
      "RequestHeaders": {
        "Accept": "application/json; odata=minimalmetadata",
        "Authorization": "Sanitized",
        "Content-Length": "651",
        "Content-Type": "application/json; odata=nometadata",
        "DataServiceVersion": "3.0",
        "Prefer": "return-no-content",
        "traceparent": "00-31b75bc8e0bd82449b52ec4258cf68ac-c8d84049a25a624d-00",
        "User-Agent": [
          "azsdk-net-Data.Tables/12.0.0-alpha.20210323.1",
          "(.NET 5.0.4; Microsoft Windows 10.0.19042)"
        ],
        "x-ms-client-request-id": "f2f973fac0ef66070a50cbc218c37547",
        "x-ms-date": "Tue, 23 Mar 2021 18:29:28 GMT",
        "x-ms-return-client-request-id": "true",
        "x-ms-version": "2019-02-02"
      },
      "RequestBody": {
        "StringTypeProperty": "This is table entity number 19",
        "DatetimeTypeProperty": "2020-01-01T01:20:00.0000000Z",
        "DatetimeTypeProperty@odata.type": "Edm.DateTime",
        "DatetimeOffsetTypeProperty": "2020-01-01T01:20:00.0000000Z",
        "DatetimeOffsetTypeProperty@odata.type": "Edm.DateTime",
        "GuidTypeProperty": "0d391d16-97f1-4b9a-be68-4cc871f90019",
        "GuidTypeProperty@odata.type": "Edm.Guid",
        "BinaryTypeProperty": "AQIDBAU=",
        "BinaryTypeProperty@odata.type": "Edm.Binary",
        "Int64TypeProperty": "19",
        "Int64TypeProperty@odata.type": "Edm.Int64",
        "DoubleTypeProperty": 19,
        "DoubleTypeProperty@odata.type": "Edm.Double",
        "IntTypeProperty": 19,
        "PartitionKey": "somPartition",
        "RowKey": "19"
      },
      "StatusCode": 204,
      "ResponseHeaders": {
        "Content-Length": "0",
        "Date": "Tue, 23 Mar 2021 18:29:30 GMT",
        "ETag": "W/\u0022datetime\u00272021-03-23T18%3A29%3A31.3072136Z\u0027\u0022",
        "Location": "https://jverazsdkprim.table.cosmos.azure.com/testtableg4w5w8kj(PartitionKey=\u0027somPartition\u0027,RowKey=\u002719\u0027)",
        "Preference-Applied": "return-no-content",
        "Server": "Microsoft-HTTPAPI/2.0",
        "x-ms-request-id": "f2f973fa-c0ef-6607-0a50-cbc218c37547"
      },
      "ResponseBody": []
    },
    {
      "RequestUri": "https://jverazsdkprim.table.cosmos.azure.com/testtableg4w5w8kj?$format=application%2Fjson%3Bodata%3Dminimalmetadata",
      "RequestMethod": "POST",
      "RequestHeaders": {
        "Accept": "application/json; odata=minimalmetadata",
        "Authorization": "Sanitized",
        "Content-Length": "651",
        "Content-Type": "application/json; odata=nometadata",
        "DataServiceVersion": "3.0",
        "Prefer": "return-no-content",
        "traceparent": "00-de31f6f70b02a141b1d39a7d3d615eb4-5634f1571416f744-00",
        "User-Agent": [
          "azsdk-net-Data.Tables/12.0.0-alpha.20210323.1",
          "(.NET 5.0.4; Microsoft Windows 10.0.19042)"
        ],
        "x-ms-client-request-id": "0d1d2a5b78d761736ad1d9faab5ce0ad",
        "x-ms-date": "Tue, 23 Mar 2021 18:29:28 GMT",
        "x-ms-return-client-request-id": "true",
        "x-ms-version": "2019-02-02"
      },
      "RequestBody": {
        "StringTypeProperty": "This is table entity number 20",
        "DatetimeTypeProperty": "2020-01-01T01:21:00.0000000Z",
        "DatetimeTypeProperty@odata.type": "Edm.DateTime",
        "DatetimeOffsetTypeProperty": "2020-01-01T01:21:00.0000000Z",
        "DatetimeOffsetTypeProperty@odata.type": "Edm.DateTime",
        "GuidTypeProperty": "0d391d16-97f1-4b9a-be68-4cc871f90020",
        "GuidTypeProperty@odata.type": "Edm.Guid",
        "BinaryTypeProperty": "AQIDBAU=",
        "BinaryTypeProperty@odata.type": "Edm.Binary",
        "Int64TypeProperty": "20",
        "Int64TypeProperty@odata.type": "Edm.Int64",
        "DoubleTypeProperty": 20,
        "DoubleTypeProperty@odata.type": "Edm.Double",
        "IntTypeProperty": 20,
        "PartitionKey": "somPartition",
        "RowKey": "20"
      },
      "StatusCode": 204,
      "ResponseHeaders": {
        "Content-Length": "0",
        "Date": "Tue, 23 Mar 2021 18:29:30 GMT",
        "ETag": "W/\u0022datetime\u00272021-03-23T18%3A29%3A31.3333256Z\u0027\u0022",
        "Location": "https://jverazsdkprim.table.cosmos.azure.com/testtableg4w5w8kj(PartitionKey=\u0027somPartition\u0027,RowKey=\u002720\u0027)",
        "Preference-Applied": "return-no-content",
        "Server": "Microsoft-HTTPAPI/2.0",
        "x-ms-request-id": "0d1d2a5b-78d7-6173-6ad1-d9faab5ce0ad"
      },
      "ResponseBody": []
    },
    {
      "RequestUri": "https://jverazsdkprim.table.cosmos.azure.com/testtableg4w5w8kj()?$format=application%2Fjson%3Bodata%3Dminimalmetadata\u0026$top=10\u0026$filter=PartitionKey%20eq%20%27somPartition%27",
      "RequestMethod": "GET",
      "RequestHeaders": {
        "Accept": "application/json; odata=minimalmetadata",
        "Authorization": "Sanitized",
        "DataServiceVersion": "3.0",
        "traceparent": "00-174bb751b5320047b71842d82ffdd07e-6b9056e92238e440-00",
        "User-Agent": [
          "azsdk-net-Data.Tables/12.0.0-alpha.20210323.1",
          "(.NET 5.0.4; Microsoft Windows 10.0.19042)"
        ],
        "x-ms-client-request-id": "c0b3576d8d5416b311a0a3078f12a74a",
        "x-ms-date": "Tue, 23 Mar 2021 18:29:28 GMT",
        "x-ms-return-client-request-id": "true",
        "x-ms-version": "2019-02-02"
      },
      "RequestBody": null,
      "StatusCode": 200,
      "ResponseHeaders": {
        "Content-Type": "application/json; odata=minimalmetadata",
        "Date": "Tue, 23 Mar 2021 18:29:30 GMT",
        "Server": "Microsoft-HTTPAPI/2.0",
        "Transfer-Encoding": "chunked",
        "x-ms-continuation-NextPartitionKey": "{\u0022token\u0022:\u0022\u002BRID:~KDwxALpAUg4KAAAAAAAAAA==#RT:1#TRC:10#ISV:2#IEO:65567#QCF:3#FPC:AQoAAAAAAAAAFAAAAAAAAAA=\u0022,\u0022range\u0022:{\u0022min\u0022:\u0022\u0022,\u0022max\u0022:\u0022FF\u0022}}",
        "x-ms-continuation-NextRowKey": "NA",
        "x-ms-request-id": "c0b3576d-8d54-16b3-11a0-a3078f12a74a"
      },
      "ResponseBody": {
        "value": [
          {
            "odata.etag": "W/\u0022datetime\u00272021-03-23T18%3A29%3A30.8425224Z\u0027\u0022",
            "StringTypeProperty": "This is table entity number 01",
            "DatetimeTypeProperty@odata.type": "Edm.DateTime",
            "DatetimeTypeProperty": "2020-01-01T01:02:00.0000000Z",
            "DatetimeOffsetTypeProperty@odata.type": "Edm.DateTime",
            "DatetimeOffsetTypeProperty": "2020-01-01T01:02:00.0000000Z",
            "GuidTypeProperty@odata.type": "Edm.Guid",
            "GuidTypeProperty": "0d391d16-97f1-4b9a-be68-4cc871f90001",
            "BinaryTypeProperty@odata.type": "Edm.Binary",
            "BinaryTypeProperty": "AQIDBAU=",
            "Int64TypeProperty@odata.type": "Edm.Int64",
            "Int64TypeProperty": "1",
            "DoubleTypeProperty": 1,
            "IntTypeProperty": 1,
            "PartitionKey": "somPartition",
            "RowKey": "01",
            "Timestamp": "2021-03-23T18:29:30.8425224Z"
          },
          {
            "odata.etag": "W/\u0022datetime\u00272021-03-23T18%3A29%3A30.8713992Z\u0027\u0022",
            "StringTypeProperty": "This is table entity number 02",
            "DatetimeTypeProperty@odata.type": "Edm.DateTime",
            "DatetimeTypeProperty": "2020-01-01T01:03:00.0000000Z",
            "DatetimeOffsetTypeProperty@odata.type": "Edm.DateTime",
            "DatetimeOffsetTypeProperty": "2020-01-01T01:03:00.0000000Z",
            "GuidTypeProperty@odata.type": "Edm.Guid",
            "GuidTypeProperty": "0d391d16-97f1-4b9a-be68-4cc871f90002",
            "BinaryTypeProperty@odata.type": "Edm.Binary",
            "BinaryTypeProperty": "AQIDBAU=",
            "Int64TypeProperty@odata.type": "Edm.Int64",
            "Int64TypeProperty": "2",
            "DoubleTypeProperty": 2,
            "IntTypeProperty": 2,
            "PartitionKey": "somPartition",
            "RowKey": "02",
            "Timestamp": "2021-03-23T18:29:30.8713992Z"
          },
          {
            "odata.etag": "W/\u0022datetime\u00272021-03-23T18%3A29%3A30.8956680Z\u0027\u0022",
            "StringTypeProperty": "This is table entity number 03",
            "DatetimeTypeProperty@odata.type": "Edm.DateTime",
            "DatetimeTypeProperty": "2020-01-01T01:04:00.0000000Z",
            "DatetimeOffsetTypeProperty@odata.type": "Edm.DateTime",
            "DatetimeOffsetTypeProperty": "2020-01-01T01:04:00.0000000Z",
            "GuidTypeProperty@odata.type": "Edm.Guid",
            "GuidTypeProperty": "0d391d16-97f1-4b9a-be68-4cc871f90003",
            "BinaryTypeProperty@odata.type": "Edm.Binary",
            "BinaryTypeProperty": "AQIDBAU=",
            "Int64TypeProperty@odata.type": "Edm.Int64",
            "Int64TypeProperty": "3",
            "DoubleTypeProperty": 3,
            "IntTypeProperty": 3,
            "PartitionKey": "somPartition",
            "RowKey": "03",
            "Timestamp": "2021-03-23T18:29:30.8956680Z"
          },
          {
            "odata.etag": "W/\u0022datetime\u00272021-03-23T18%3A29%3A30.9231112Z\u0027\u0022",
            "StringTypeProperty": "This is table entity number 04",
            "DatetimeTypeProperty@odata.type": "Edm.DateTime",
            "DatetimeTypeProperty": "2020-01-01T01:05:00.0000000Z",
            "DatetimeOffsetTypeProperty@odata.type": "Edm.DateTime",
            "DatetimeOffsetTypeProperty": "2020-01-01T01:05:00.0000000Z",
            "GuidTypeProperty@odata.type": "Edm.Guid",
            "GuidTypeProperty": "0d391d16-97f1-4b9a-be68-4cc871f90004",
            "BinaryTypeProperty@odata.type": "Edm.Binary",
            "BinaryTypeProperty": "AQIDBAU=",
            "Int64TypeProperty@odata.type": "Edm.Int64",
            "Int64TypeProperty": "4",
            "DoubleTypeProperty": 4,
            "IntTypeProperty": 4,
            "PartitionKey": "somPartition",
            "RowKey": "04",
            "Timestamp": "2021-03-23T18:29:30.9231112Z"
          },
          {
            "odata.etag": "W/\u0022datetime\u00272021-03-23T18%3A29%3A30.9474824Z\u0027\u0022",
            "StringTypeProperty": "This is table entity number 05",
            "DatetimeTypeProperty@odata.type": "Edm.DateTime",
            "DatetimeTypeProperty": "2020-01-01T01:06:00.0000000Z",
            "DatetimeOffsetTypeProperty@odata.type": "Edm.DateTime",
            "DatetimeOffsetTypeProperty": "2020-01-01T01:06:00.0000000Z",
            "GuidTypeProperty@odata.type": "Edm.Guid",
            "GuidTypeProperty": "0d391d16-97f1-4b9a-be68-4cc871f90005",
            "BinaryTypeProperty@odata.type": "Edm.Binary",
            "BinaryTypeProperty": "AQIDBAU=",
            "Int64TypeProperty@odata.type": "Edm.Int64",
            "Int64TypeProperty": "5",
            "DoubleTypeProperty": 5,
            "IntTypeProperty": 5,
            "PartitionKey": "somPartition",
            "RowKey": "05",
            "Timestamp": "2021-03-23T18:29:30.9474824Z"
          },
          {
            "odata.etag": "W/\u0022datetime\u00272021-03-23T18%3A29%3A30.9734920Z\u0027\u0022",
            "StringTypeProperty": "This is table entity number 06",
            "DatetimeTypeProperty@odata.type": "Edm.DateTime",
            "DatetimeTypeProperty": "2020-01-01T01:07:00.0000000Z",
            "DatetimeOffsetTypeProperty@odata.type": "Edm.DateTime",
            "DatetimeOffsetTypeProperty": "2020-01-01T01:07:00.0000000Z",
            "GuidTypeProperty@odata.type": "Edm.Guid",
            "GuidTypeProperty": "0d391d16-97f1-4b9a-be68-4cc871f90006",
            "BinaryTypeProperty@odata.type": "Edm.Binary",
            "BinaryTypeProperty": "AQIDBAU=",
            "Int64TypeProperty@odata.type": "Edm.Int64",
            "Int64TypeProperty": "6",
            "DoubleTypeProperty": 6,
            "IntTypeProperty": 6,
            "PartitionKey": "somPartition",
            "RowKey": "06",
            "Timestamp": "2021-03-23T18:29:30.9734920Z"
          },
          {
            "odata.etag": "W/\u0022datetime\u00272021-03-23T18%3A29%3A31.0032904Z\u0027\u0022",
            "StringTypeProperty": "This is table entity number 07",
            "DatetimeTypeProperty@odata.type": "Edm.DateTime",
            "DatetimeTypeProperty": "2020-01-01T01:08:00.0000000Z",
            "DatetimeOffsetTypeProperty@odata.type": "Edm.DateTime",
            "DatetimeOffsetTypeProperty": "2020-01-01T01:08:00.0000000Z",
            "GuidTypeProperty@odata.type": "Edm.Guid",
            "GuidTypeProperty": "0d391d16-97f1-4b9a-be68-4cc871f90007",
            "BinaryTypeProperty@odata.type": "Edm.Binary",
            "BinaryTypeProperty": "AQIDBAU=",
            "Int64TypeProperty@odata.type": "Edm.Int64",
            "Int64TypeProperty": "7",
            "DoubleTypeProperty": 7,
            "IntTypeProperty": 7,
            "PartitionKey": "somPartition",
            "RowKey": "07",
            "Timestamp": "2021-03-23T18:29:31.0032904Z"
          },
          {
            "odata.etag": "W/\u0022datetime\u00272021-03-23T18%3A29%3A31.0272520Z\u0027\u0022",
            "StringTypeProperty": "This is table entity number 08",
            "DatetimeTypeProperty@odata.type": "Edm.DateTime",
            "DatetimeTypeProperty": "2020-01-01T01:09:00.0000000Z",
            "DatetimeOffsetTypeProperty@odata.type": "Edm.DateTime",
            "DatetimeOffsetTypeProperty": "2020-01-01T01:09:00.0000000Z",
            "GuidTypeProperty@odata.type": "Edm.Guid",
            "GuidTypeProperty": "0d391d16-97f1-4b9a-be68-4cc871f90008",
            "BinaryTypeProperty@odata.type": "Edm.Binary",
            "BinaryTypeProperty": "AQIDBAU=",
            "Int64TypeProperty@odata.type": "Edm.Int64",
            "Int64TypeProperty": "8",
            "DoubleTypeProperty": 8,
            "IntTypeProperty": 8,
            "PartitionKey": "somPartition",
            "RowKey": "08",
            "Timestamp": "2021-03-23T18:29:31.0272520Z"
          },
          {
            "odata.etag": "W/\u0022datetime\u00272021-03-23T18%3A29%3A31.0517256Z\u0027\u0022",
            "StringTypeProperty": "This is table entity number 09",
            "DatetimeTypeProperty@odata.type": "Edm.DateTime",
            "DatetimeTypeProperty": "2020-01-01T01:10:00.0000000Z",
            "DatetimeOffsetTypeProperty@odata.type": "Edm.DateTime",
            "DatetimeOffsetTypeProperty": "2020-01-01T01:10:00.0000000Z",
            "GuidTypeProperty@odata.type": "Edm.Guid",
            "GuidTypeProperty": "0d391d16-97f1-4b9a-be68-4cc871f90009",
            "BinaryTypeProperty@odata.type": "Edm.Binary",
            "BinaryTypeProperty": "AQIDBAU=",
            "Int64TypeProperty@odata.type": "Edm.Int64",
            "Int64TypeProperty": "9",
            "DoubleTypeProperty": 9,
            "IntTypeProperty": 9,
            "PartitionKey": "somPartition",
            "RowKey": "09",
            "Timestamp": "2021-03-23T18:29:31.0517256Z"
          },
          {
            "odata.etag": "W/\u0022datetime\u00272021-03-23T18%3A29%3A31.0760968Z\u0027\u0022",
            "StringTypeProperty": "This is table entity number 10",
            "DatetimeTypeProperty@odata.type": "Edm.DateTime",
            "DatetimeTypeProperty": "2020-01-01T01:11:00.0000000Z",
            "DatetimeOffsetTypeProperty@odata.type": "Edm.DateTime",
            "DatetimeOffsetTypeProperty": "2020-01-01T01:11:00.0000000Z",
            "GuidTypeProperty@odata.type": "Edm.Guid",
            "GuidTypeProperty": "0d391d16-97f1-4b9a-be68-4cc871f90010",
            "BinaryTypeProperty@odata.type": "Edm.Binary",
            "BinaryTypeProperty": "AQIDBAU=",
            "Int64TypeProperty@odata.type": "Edm.Int64",
            "Int64TypeProperty": "10",
            "DoubleTypeProperty": 10,
            "IntTypeProperty": 10,
            "PartitionKey": "somPartition",
            "RowKey": "10",
            "Timestamp": "2021-03-23T18:29:31.0760968Z"
          }
        ],
        "odata.metadata": "https://jverazsdkprim.table.cosmos.azure.com/$metadata#testtableg4w5w8kj"
      }
    },
    {
      "RequestUri": "https://jverazsdkprim.table.cosmos.azure.com/testtableg4w5w8kj()?$format=application%2Fjson%3Bodata%3Dminimalmetadata\u0026$top=10\u0026$filter=PartitionKey%20eq%20%27somPartition%27\u0026NextPartitionKey=%7B%22token%22%3A%22%2BRID%3A~KDwxALpAUg4KAAAAAAAAAA%3D%3D%23RT%3A1%23TRC%3A10%23ISV%3A2%23IEO%3A65567%23QCF%3A3%23FPC%3AAQoAAAAAAAAAFAAAAAAAAAA%3D%22%2C%22range%22%3A%7B%22min%22%3A%22%22%2C%22max%22%3A%22FF%22%7D%7D\u0026NextRowKey=NA",
      "RequestMethod": "GET",
      "RequestHeaders": {
        "Accept": "application/json; odata=minimalmetadata",
        "Authorization": "Sanitized",
        "DataServiceVersion": "3.0",
        "traceparent": "00-ccc0ddf51941e748981d970fefe7da91-335e17d380d3684a-00",
        "User-Agent": [
          "azsdk-net-Data.Tables/12.0.0-alpha.20210323.1",
          "(.NET 5.0.4; Microsoft Windows 10.0.19042)"
        ],
        "x-ms-client-request-id": "69da6d7b14dc81530097871de70dbbae",
        "x-ms-date": "Tue, 23 Mar 2021 18:29:28 GMT",
        "x-ms-return-client-request-id": "true",
        "x-ms-version": "2019-02-02"
      },
      "RequestBody": null,
      "StatusCode": 200,
      "ResponseHeaders": {
        "Content-Type": "application/json; odata=minimalmetadata",
        "Date": "Tue, 23 Mar 2021 18:29:30 GMT",
        "Server": "Microsoft-HTTPAPI/2.0",
        "Transfer-Encoding": "chunked",
        "x-ms-request-id": "69da6d7b-14dc-8153-0097-871de70dbbae"
      },
      "ResponseBody": {
        "value": [
          {
            "odata.etag": "W/\u0022datetime\u00272021-03-23T18%3A29%3A31.1012872Z\u0027\u0022",
            "StringTypeProperty": "This is table entity number 11",
            "DatetimeTypeProperty@odata.type": "Edm.DateTime",
            "DatetimeTypeProperty": "2020-01-01T01:12:00.0000000Z",
            "DatetimeOffsetTypeProperty@odata.type": "Edm.DateTime",
            "DatetimeOffsetTypeProperty": "2020-01-01T01:12:00.0000000Z",
            "GuidTypeProperty@odata.type": "Edm.Guid",
            "GuidTypeProperty": "0d391d16-97f1-4b9a-be68-4cc871f90011",
            "BinaryTypeProperty@odata.type": "Edm.Binary",
            "BinaryTypeProperty": "AQIDBAU=",
            "Int64TypeProperty@odata.type": "Edm.Int64",
            "Int64TypeProperty": "11",
            "DoubleTypeProperty": 11,
            "IntTypeProperty": 11,
            "PartitionKey": "somPartition",
            "RowKey": "11",
            "Timestamp": "2021-03-23T18:29:31.1012872Z"
          },
          {
            "odata.etag": "W/\u0022datetime\u00272021-03-23T18%3A29%3A31.1279112Z\u0027\u0022",
            "StringTypeProperty": "This is table entity number 12",
            "DatetimeTypeProperty@odata.type": "Edm.DateTime",
            "DatetimeTypeProperty": "2020-01-01T01:13:00.0000000Z",
            "DatetimeOffsetTypeProperty@odata.type": "Edm.DateTime",
            "DatetimeOffsetTypeProperty": "2020-01-01T01:13:00.0000000Z",
            "GuidTypeProperty@odata.type": "Edm.Guid",
            "GuidTypeProperty": "0d391d16-97f1-4b9a-be68-4cc871f90012",
            "BinaryTypeProperty@odata.type": "Edm.Binary",
            "BinaryTypeProperty": "AQIDBAU=",
            "Int64TypeProperty@odata.type": "Edm.Int64",
            "Int64TypeProperty": "12",
            "DoubleTypeProperty": 12,
            "IntTypeProperty": 12,
            "PartitionKey": "somPartition",
            "RowKey": "12",
            "Timestamp": "2021-03-23T18:29:31.1279112Z"
          },
          {
            "odata.etag": "W/\u0022datetime\u00272021-03-23T18%3A29%3A31.1533064Z\u0027\u0022",
            "StringTypeProperty": "This is table entity number 13",
            "DatetimeTypeProperty@odata.type": "Edm.DateTime",
            "DatetimeTypeProperty": "2020-01-01T01:14:00.0000000Z",
            "DatetimeOffsetTypeProperty@odata.type": "Edm.DateTime",
            "DatetimeOffsetTypeProperty": "2020-01-01T01:14:00.0000000Z",
            "GuidTypeProperty@odata.type": "Edm.Guid",
            "GuidTypeProperty": "0d391d16-97f1-4b9a-be68-4cc871f90013",
            "BinaryTypeProperty@odata.type": "Edm.Binary",
            "BinaryTypeProperty": "AQIDBAU=",
            "Int64TypeProperty@odata.type": "Edm.Int64",
            "Int64TypeProperty": "13",
            "DoubleTypeProperty": 13,
            "IntTypeProperty": 13,
            "PartitionKey": "somPartition",
            "RowKey": "13",
            "Timestamp": "2021-03-23T18:29:31.1533064Z"
          },
          {
            "odata.etag": "W/\u0022datetime\u00272021-03-23T18%3A29%3A31.1775752Z\u0027\u0022",
            "StringTypeProperty": "This is table entity number 14",
            "DatetimeTypeProperty@odata.type": "Edm.DateTime",
            "DatetimeTypeProperty": "2020-01-01T01:15:00.0000000Z",
            "DatetimeOffsetTypeProperty@odata.type": "Edm.DateTime",
            "DatetimeOffsetTypeProperty": "2020-01-01T01:15:00.0000000Z",
            "GuidTypeProperty@odata.type": "Edm.Guid",
            "GuidTypeProperty": "0d391d16-97f1-4b9a-be68-4cc871f90014",
            "BinaryTypeProperty@odata.type": "Edm.Binary",
            "BinaryTypeProperty": "AQIDBAU=",
            "Int64TypeProperty@odata.type": "Edm.Int64",
            "Int64TypeProperty": "14",
            "DoubleTypeProperty": 14,
            "IntTypeProperty": 14,
            "PartitionKey": "somPartition",
            "RowKey": "14",
            "Timestamp": "2021-03-23T18:29:31.1775752Z"
          },
          {
            "odata.etag": "W/\u0022datetime\u00272021-03-23T18%3A29%3A31.2011272Z\u0027\u0022",
            "StringTypeProperty": "This is table entity number 15",
            "DatetimeTypeProperty@odata.type": "Edm.DateTime",
            "DatetimeTypeProperty": "2020-01-01T01:16:00.0000000Z",
            "DatetimeOffsetTypeProperty@odata.type": "Edm.DateTime",
            "DatetimeOffsetTypeProperty": "2020-01-01T01:16:00.0000000Z",
            "GuidTypeProperty@odata.type": "Edm.Guid",
            "GuidTypeProperty": "0d391d16-97f1-4b9a-be68-4cc871f90015",
            "BinaryTypeProperty@odata.type": "Edm.Binary",
            "BinaryTypeProperty": "AQIDBAU=",
            "Int64TypeProperty@odata.type": "Edm.Int64",
            "Int64TypeProperty": "15",
            "DoubleTypeProperty": 15,
            "IntTypeProperty": 15,
            "PartitionKey": "somPartition",
            "RowKey": "15",
            "Timestamp": "2021-03-23T18:29:31.2011272Z"
          },
          {
            "odata.etag": "W/\u0022datetime\u00272021-03-23T18%3A29%3A31.2269320Z\u0027\u0022",
            "StringTypeProperty": "This is table entity number 16",
            "DatetimeTypeProperty@odata.type": "Edm.DateTime",
            "DatetimeTypeProperty": "2020-01-01T01:17:00.0000000Z",
            "DatetimeOffsetTypeProperty@odata.type": "Edm.DateTime",
            "DatetimeOffsetTypeProperty": "2020-01-01T01:17:00.0000000Z",
            "GuidTypeProperty@odata.type": "Edm.Guid",
            "GuidTypeProperty": "0d391d16-97f1-4b9a-be68-4cc871f90016",
            "BinaryTypeProperty@odata.type": "Edm.Binary",
            "BinaryTypeProperty": "AQIDBAU=",
            "Int64TypeProperty@odata.type": "Edm.Int64",
            "Int64TypeProperty": "16",
            "DoubleTypeProperty": 16,
            "IntTypeProperty": 16,
            "PartitionKey": "somPartition",
            "RowKey": "16",
            "Timestamp": "2021-03-23T18:29:31.2269320Z"
          },
          {
            "odata.etag": "W/\u0022datetime\u00272021-03-23T18%3A29%3A31.2532488Z\u0027\u0022",
            "StringTypeProperty": "This is table entity number 17",
            "DatetimeTypeProperty@odata.type": "Edm.DateTime",
            "DatetimeTypeProperty": "2020-01-01T01:18:00.0000000Z",
            "DatetimeOffsetTypeProperty@odata.type": "Edm.DateTime",
            "DatetimeOffsetTypeProperty": "2020-01-01T01:18:00.0000000Z",
            "GuidTypeProperty@odata.type": "Edm.Guid",
            "GuidTypeProperty": "0d391d16-97f1-4b9a-be68-4cc871f90017",
            "BinaryTypeProperty@odata.type": "Edm.Binary",
            "BinaryTypeProperty": "AQIDBAU=",
            "Int64TypeProperty@odata.type": "Edm.Int64",
            "Int64TypeProperty": "17",
            "DoubleTypeProperty": 17,
            "IntTypeProperty": 17,
            "PartitionKey": "somPartition",
            "RowKey": "17",
            "Timestamp": "2021-03-23T18:29:31.2532488Z"
          },
          {
            "odata.etag": "W/\u0022datetime\u00272021-03-23T18%3A29%3A31.2789512Z\u0027\u0022",
            "StringTypeProperty": "This is table entity number 18",
            "DatetimeTypeProperty@odata.type": "Edm.DateTime",
            "DatetimeTypeProperty": "2020-01-01T01:19:00.0000000Z",
            "DatetimeOffsetTypeProperty@odata.type": "Edm.DateTime",
            "DatetimeOffsetTypeProperty": "2020-01-01T01:19:00.0000000Z",
            "GuidTypeProperty@odata.type": "Edm.Guid",
            "GuidTypeProperty": "0d391d16-97f1-4b9a-be68-4cc871f90018",
            "BinaryTypeProperty@odata.type": "Edm.Binary",
            "BinaryTypeProperty": "AQIDBAU=",
            "Int64TypeProperty@odata.type": "Edm.Int64",
            "Int64TypeProperty": "18",
            "DoubleTypeProperty": 18,
            "IntTypeProperty": 18,
            "PartitionKey": "somPartition",
            "RowKey": "18",
            "Timestamp": "2021-03-23T18:29:31.2789512Z"
          },
          {
            "odata.etag": "W/\u0022datetime\u00272021-03-23T18%3A29%3A31.3072136Z\u0027\u0022",
            "StringTypeProperty": "This is table entity number 19",
            "DatetimeTypeProperty@odata.type": "Edm.DateTime",
            "DatetimeTypeProperty": "2020-01-01T01:20:00.0000000Z",
            "DatetimeOffsetTypeProperty@odata.type": "Edm.DateTime",
            "DatetimeOffsetTypeProperty": "2020-01-01T01:20:00.0000000Z",
            "GuidTypeProperty@odata.type": "Edm.Guid",
            "GuidTypeProperty": "0d391d16-97f1-4b9a-be68-4cc871f90019",
            "BinaryTypeProperty@odata.type": "Edm.Binary",
            "BinaryTypeProperty": "AQIDBAU=",
            "Int64TypeProperty@odata.type": "Edm.Int64",
            "Int64TypeProperty": "19",
            "DoubleTypeProperty": 19,
            "IntTypeProperty": 19,
            "PartitionKey": "somPartition",
            "RowKey": "19",
            "Timestamp": "2021-03-23T18:29:31.3072136Z"
          },
          {
            "odata.etag": "W/\u0022datetime\u00272021-03-23T18%3A29%3A31.3333256Z\u0027\u0022",
            "StringTypeProperty": "This is table entity number 20",
            "DatetimeTypeProperty@odata.type": "Edm.DateTime",
            "DatetimeTypeProperty": "2020-01-01T01:21:00.0000000Z",
            "DatetimeOffsetTypeProperty@odata.type": "Edm.DateTime",
            "DatetimeOffsetTypeProperty": "2020-01-01T01:21:00.0000000Z",
            "GuidTypeProperty@odata.type": "Edm.Guid",
            "GuidTypeProperty": "0d391d16-97f1-4b9a-be68-4cc871f90020",
            "BinaryTypeProperty@odata.type": "Edm.Binary",
            "BinaryTypeProperty": "AQIDBAU=",
            "Int64TypeProperty@odata.type": "Edm.Int64",
            "Int64TypeProperty": "20",
            "DoubleTypeProperty": 20,
            "IntTypeProperty": 20,
            "PartitionKey": "somPartition",
            "RowKey": "20",
            "Timestamp": "2021-03-23T18:29:31.3333256Z"
          }
        ],
        "odata.metadata": "https://jverazsdkprim.table.cosmos.azure.com/$metadata#testtableg4w5w8kj"
      }
    },
    {
      "RequestUri": "https://jverazsdkprim.table.cosmos.azure.com/Tables(\u0027testtableg4w5w8kj\u0027)",
      "RequestMethod": "DELETE",
      "RequestHeaders": {
        "Accept": "application/json",
        "Authorization": "Sanitized",
        "traceparent": "00-9caf426c56db2048bc8e9521438c34f4-ca344492753f8544-00",
        "User-Agent": [
          "azsdk-net-Data.Tables/12.0.0-alpha.20210323.1",
          "(.NET 5.0.4; Microsoft Windows 10.0.19042)"
        ],
        "x-ms-client-request-id": "c0541d70b510cef37706fb36d56bd258",
        "x-ms-date": "Tue, 23 Mar 2021 18:29:28 GMT",
        "x-ms-return-client-request-id": "true",
        "x-ms-version": "2019-02-02"
      },
      "RequestBody": null,
      "StatusCode": 204,
      "ResponseHeaders": {
        "Content-Length": "0",
        "Date": "Tue, 23 Mar 2021 18:29:30 GMT",
        "Server": "Microsoft-HTTPAPI/2.0",
        "x-ms-request-id": "c0541d70-b510-cef3-7706-fb36d56bd258"
      },
      "ResponseBody": []
    }
  ],
  "Variables": {
    "COSMOS_TABLES_ENDPOINT_SUFFIX": null,
    "RandomSeed": "2105555626",
    "TABLES_COSMOS_ACCOUNT_NAME": "jverazsdkprim",
    "TABLES_PRIMARY_COSMOS_ACCOUNT_KEY": "Kg=="
  }
}