{
  "Entries": [
    {
      "RequestUri": "https://amandadev2.queue.core.windows.net/test-queue-7aeb642d-3d87-a1a1-eed5-100a677aea83",
      "RequestMethod": "PUT",
      "RequestHeaders": {
        "Accept": "application/xml",
        "Authorization": "Sanitized",
        "Content-Length": "0",
        "traceparent": "00-2acbdc915c6d5f3c7a6e82548a05718c-dda3b61d26419075-00",
        "User-Agent": "azsdk-net-Storage.Queues/12.11.0-alpha.20220621.1 (.NET 6.0.6; Microsoft Windows 10.0.22000)",
        "x-ms-client-request-id": "0968b6b7-32fc-1e58-a29b-dfae3cfab9bc",
        "x-ms-date": "Wed, 22 Jun 2022 05:40:09 GMT",
        "x-ms-return-client-request-id": "true",
        "x-ms-version": "2018-11-09"
      },
      "RequestBody": null,
      "StatusCode": 201,
      "ResponseHeaders": {
        "Content-Length": "0",
        "Date": "Wed, 22 Jun 2022 05:40:11 GMT",
        "Server": [
          "Windows-Azure-Queue/1.0",
          "Microsoft-HTTPAPI/2.0"
        ],
        "x-ms-request-id": "e8392e78-f003-003b-5ffa-853045000000",
        "x-ms-version": "2018-11-09"
      },
      "ResponseBody": null
    },
    {
      "RequestUri": "https://amandadev2.queue.core.windows.net/test-queue-7aeb642d-3d87-a1a1-eed5-100a677aea83",
      "RequestMethod": "PUT",
      "RequestHeaders": {
        "Accept": "application/xml",
        "Authorization": "Sanitized",
        "Content-Length": "0",
        "traceparent": "00-26caa32ad772a807568a135c24096ca1-1308063aa57da97b-00",
        "User-Agent": "azsdk-net-Storage.Queues/12.11.0-alpha.20220621.1 (.NET 6.0.6; Microsoft Windows 10.0.22000)",
        "x-ms-client-request-id": "b052d75e-e111-7487-b104-c3936e4a08ae",
        "x-ms-date": "Wed, 22 Jun 2022 05:40:09 GMT",
        "x-ms-return-client-request-id": "true",
        "x-ms-version": "2018-11-09"
      },
      "RequestBody": null,
      "StatusCode": 204,
      "ResponseHeaders": {
        "Content-Length": "0",
        "Date": "Wed, 22 Jun 2022 05:40:11 GMT",
        "Server": [
          "Windows-Azure-Queue/1.0",
          "Microsoft-HTTPAPI/2.0"
        ],
        "x-ms-request-id": "e8392ea5-f003-003b-03fa-853045000000",
        "x-ms-version": "2018-11-09"
      },
      "ResponseBody": null
    },
    {
      "RequestUri": "https://amandadev2.queue.core.windows.net/test-queue-7aeb642d-3d87-a1a1-eed5-100a677aea83?sv=2021-08-06\u0026ss=qb\u0026srt=sco\u0026se=2022-06-23T05%3A40%3A10Z\u0026sp=rwdylacuptfi\u0026sig=Sanitized\u0026comp=metadata",
      "RequestMethod": "GET",
      "RequestHeaders": {
        "Accept": "application/xml",
        "traceparent": "00-a1fc01f1421e2ff8c4c0a760f4a62218-c233516b56360c06-00",
        "User-Agent": "azsdk-net-Storage.Queues/12.11.0-alpha.20220621.1 (.NET 6.0.6; Microsoft Windows 10.0.22000)",
        "x-ms-client-request-id": "6450794d-09a7-16aa-1c55-5a8154297121",
        "x-ms-return-client-request-id": "true",
        "x-ms-version": "2018-11-09"
      },
      "RequestBody": null,
      "StatusCode": 200,
      "ResponseHeaders": {
        "Cache-Control": "no-cache",
        "Content-Length": "0",
        "Date": "Wed, 22 Jun 2022 05:40:11 GMT",
        "Server": [
          "Windows-Azure-Queue/1.0",
          "Microsoft-HTTPAPI/2.0"
        ],
        "x-ms-approximate-messages-count": "0",
        "x-ms-request-id": "e8392ee1-f003-003b-37fa-853045000000",
        "x-ms-version": "2018-11-09"
      },
      "ResponseBody": null
    },
    {
      "RequestUri": "https://amandadev2.queue.core.windows.net/test-queue-7aeb642d-3d87-a1a1-eed5-100a677aea83",
      "RequestMethod": "DELETE",
      "RequestHeaders": {
        "Accept": "application/xml",
        "Authorization": "Sanitized",
        "traceparent": "00-4335aec5ae8570b07fa01d6884076e66-c1db1f09cfeddbc4-00",
        "User-Agent": "azsdk-net-Storage.Queues/12.11.0-alpha.20220621.1 (.NET 6.0.6; Microsoft Windows 10.0.22000)",
        "x-ms-client-request-id": "f546d9f9-a4f9-e706-c3da-93680f304ad0",
        "x-ms-date": "Wed, 22 Jun 2022 05:40:10 GMT",
        "x-ms-return-client-request-id": "true",
        "x-ms-version": "2018-11-09"
      },
      "RequestBody": null,
      "StatusCode": 204,
      "ResponseHeaders": {
        "Content-Length": "0",
        "Date": "Wed, 22 Jun 2022 05:40:11 GMT",
        "Server": [
          "Windows-Azure-Queue/1.0",
          "Microsoft-HTTPAPI/2.0"
        ],
        "x-ms-request-id": "e8392f1e-f003-003b-72fa-853045000000",
        "x-ms-version": "2018-11-09"
      },
      "ResponseBody": null
    }
  ],
  "Variables": {
    "DateTimeOffsetNow": "2022-06-21T22:40:10.0333363-07:00",
    "RandomSeed": "2139539996",
    "Storage_TestConfigDefault": "ProductionTenant\namandadev2\nU2FuaXRpemVk\nhttps://amandadev2.blob.core.windows.net\nhttps://amandadev2.file.core.windows.net\nhttps://amandadev2.queue.core.windows.net\nhttps://amandadev2.table.core.windows.net\n\n\n\n\nhttps://amandadev2-secondary.core.windows.net\nhttps://amandadev2-secondary.file.core.windows.net\nhttps://amandadev2-secondary.queue.core.windows.net\nhttps://amandadev2-secondary.table.core.windows.net\n\nSanitized\n\n\nCloud\nBlobEndpoint=https://amandadev2.blob.core.windows.net/;QueueEndpoint=https://amandadev2.queue.core.windows.net/;FileEndpoint=https://amandadev2.file.core.windows.net/;BlobSecondaryEndpoint=https://amandadev2-secondary.core.windows.net/;QueueSecondaryEndpoint=https://amandadev2-secondary.queue.core.windows.net/;FileSecondaryEndpoint=https://amandadev2-secondary.file.core.windows.net/;AccountName=amandadev2;AccountKey=Sanitized\nencryptionScope1\n\n"
  }
}
