{
  "Entries": [
    {
      "RequestUri": "https://seancanaryversioning.queue.core.windows.net/test-queue-9d0b6a88-a80b-280e-b005-acb2d8101b19",
      "RequestMethod": "PUT",
      "RequestHeaders": {
        "Accept": "application/xml",
        "Authorization": "Sanitized",
        "Content-Length": "0",
        "traceparent": "00-ccf3753feb1fdf40d2b0256d57231dc5-7f3fec0208074287-00",
        "User-Agent": "azsdk-net-Storage.Queues/12.12.0-alpha.20220714.1 (.NET 6.0.7; Microsoft Windows 10.0.19044)",
        "x-ms-client-request-id": "f1d8636b-b91d-c900-8629-2d12739c5cdc",
        "x-ms-date": "Thu, 14 Jul 2022 15:22:37 GMT",
        "x-ms-return-client-request-id": "true",
        "x-ms-version": "2018-11-09"
      },
      "RequestBody": null,
      "StatusCode": 201,
      "ResponseHeaders": {
        "Content-Length": "0",
        "Date": "Thu, 14 Jul 2022 15:22:37 GMT",
        "Server": [
          "Windows-Azure-Queue/1.0",
          "Microsoft-HTTPAPI/2.0"
        ],
        "x-ms-request-id": "31980bf8-0003-0080-4c95-97b2a6000000",
        "x-ms-version": "2018-11-09"
      },
      "ResponseBody": null
    },
    {
      "RequestUri": "https://seancanaryversioning.queue.core.windows.net/test-queue-9d0b6a88-a80b-280e-b005-acb2d8101b19",
      "RequestMethod": "PUT",
      "RequestHeaders": {
        "Accept": "application/xml",
        "Authorization": "Sanitized",
        "Content-Length": "0",
        "traceparent": "00-1e1cdbf681f5ee1ce8ec2473765aa89a-5c75ac26b217dded-00",
        "User-Agent": "azsdk-net-Storage.Queues/12.12.0-alpha.20220714.1 (.NET 6.0.7; Microsoft Windows 10.0.19044)",
        "x-ms-client-request-id": "74471eaf-2937-d6fc-bca7-1341d4296ec6",
        "x-ms-date": "Thu, 14 Jul 2022 15:22:37 GMT",
        "x-ms-return-client-request-id": "true",
        "x-ms-version": "2018-11-09"
      },
      "RequestBody": null,
      "StatusCode": 204,
      "ResponseHeaders": {
        "Content-Length": "0",
        "Date": "Thu, 14 Jul 2022 15:22:37 GMT",
        "Server": [
          "Windows-Azure-Queue/1.0",
          "Microsoft-HTTPAPI/2.0"
        ],
        "x-ms-request-id": "31980c02-0003-0080-5395-97b2a6000000",
        "x-ms-version": "2018-11-09"
      },
      "ResponseBody": null
    },
    {
      "RequestUri": "https://seancanaryversioning.queue.core.windows.net/test-queue-9d0b6a88-a80b-280e-b005-acb2d8101b19?sv=2021-10-04\u0026ss=fqt\u0026srt=sco\u0026se=2022-07-15T15%3A22%3A37Z\u0026sp=rwdylacuptfi\u0026sig=Sanitized\u0026comp=metadata",
      "RequestMethod": "GET",
      "RequestHeaders": {
        "Accept": "application/xml",
        "traceparent": "00-a9114d451176878e511f37e600c5868e-ed327352e1f54f2d-00",
        "User-Agent": "azsdk-net-Storage.Queues/12.12.0-alpha.20220714.1 (.NET 6.0.7; Microsoft Windows 10.0.19044)",
        "x-ms-client-request-id": "55623820-e854-00a5-a569-0009cadab204",
        "x-ms-return-client-request-id": "true",
        "x-ms-version": "2018-11-09"
      },
      "RequestBody": null,
      "StatusCode": 200,
      "ResponseHeaders": {
        "Cache-Control": "no-cache",
        "Content-Length": "0",
        "Date": "Thu, 14 Jul 2022 15:22:37 GMT",
        "Server": [
          "Windows-Azure-Queue/1.0",
          "Microsoft-HTTPAPI/2.0"
        ],
        "x-ms-approximate-messages-count": "0",
        "x-ms-request-id": "31980c09-0003-0080-5995-97b2a6000000",
        "x-ms-version": "2018-11-09"
      },
      "ResponseBody": null
    },
    {
      "RequestUri": "https://seancanaryversioning.queue.core.windows.net/test-queue-9d0b6a88-a80b-280e-b005-acb2d8101b19",
      "RequestMethod": "DELETE",
      "RequestHeaders": {
        "Accept": "application/xml",
        "Authorization": "Sanitized",
        "traceparent": "00-aaa9131679891103e9310b66da2622c7-074f0b6d80e78dac-00",
        "User-Agent": "azsdk-net-Storage.Queues/12.12.0-alpha.20220714.1 (.NET 6.0.7; Microsoft Windows 10.0.19044)",
        "x-ms-client-request-id": "9b202ba6-18c6-bf72-5e44-d61199d3c26e",
        "x-ms-date": "Thu, 14 Jul 2022 15:22:37 GMT",
        "x-ms-return-client-request-id": "true",
        "x-ms-version": "2018-11-09"
      },
      "RequestBody": null,
      "StatusCode": 204,
      "ResponseHeaders": {
        "Content-Length": "0",
        "Date": "Thu, 14 Jul 2022 15:22:37 GMT",
        "Server": [
          "Windows-Azure-Queue/1.0",
          "Microsoft-HTTPAPI/2.0"
        ],
        "x-ms-request-id": "31980c0e-0003-0080-5d95-97b2a6000000",
        "x-ms-version": "2018-11-09"
      },
      "ResponseBody": null
    }
  ],
  "Variables": {
    "DateTimeOffsetNow": "2022-07-14T10:22:37.5673204-05:00",
    "RandomSeed": "1751620534",
    "Storage_TestConfigDefault": "ProductionTenant\nseancanaryversioning\nU2FuaXRpemVk\nhttps://seancanaryversioning.blob.core.windows.net\nhttps://seancanaryversioning.file.preprod.core.windows.net\nhttps://seancanaryversioning.queue.core.windows.net\nhttps://seancanaryversioning.table.core.windows.net\n\n\n\n\nhttps://seancanaryversioning-secondary.blob.core.windows.net\nhttps://seancanaryversioning-secondary.file.preprod.core.windows.net\nhttps://seancanaryversioning-secondary.queue.core.windows.net\nhttps://seancanaryversioning-secondary.table.core.windows.net\n\nSanitized\n\n\nCloud\nBlobEndpoint=https://seancanaryversioning.blob.core.windows.net/;QueueEndpoint=https://seancanaryversioning.queue.core.windows.net/;FileEndpoint=https://seancanaryversioning.file.preprod.core.windows.net/;BlobSecondaryEndpoint=https://seancanaryversioning-secondary.blob.core.windows.net/;QueueSecondaryEndpoint=https://seancanaryversioning-secondary.queue.core.windows.net/;FileSecondaryEndpoint=https://seancanaryversioning-secondary.file.preprod.core.windows.net/;AccountName=seancanaryversioning;AccountKey=Sanitized\nseanscope1\n\n"
  }
}
