{
  "Entries": [
    {
      "RequestUri": "https://seancanaryversioning.queue.core.windows.net/test-queue-8e25ddd6-8003-a266-b2e4-252d42a5272d",
      "RequestMethod": "PUT",
      "RequestHeaders": {
        "Accept": "application/xml",
        "Authorization": "Sanitized",
        "Content-Length": "0",
        "traceparent": "00-8dbc96993e2684d8cb1227fffefdeac5-2e35910b646db2d4-00",
        "User-Agent": "azsdk-net-Storage.Queues/12.12.0-alpha.20220714.1 (.NET 6.0.7; Microsoft Windows 10.0.19044)",
        "x-ms-client-request-id": "f413398c-2c08-eba4-5f61-d59c5b3e69fd",
        "x-ms-date": "Thu, 14 Jul 2022 15:22:35 GMT",
        "x-ms-return-client-request-id": "true",
        "x-ms-version": "2018-11-09"
      },
      "RequestBody": null,
      "StatusCode": 201,
      "ResponseHeaders": {
        "Content-Length": "0",
        "Date": "Thu, 14 Jul 2022 15:22:35 GMT",
        "Server": [
          "Windows-Azure-Queue/1.0",
          "Microsoft-HTTPAPI/2.0"
        ],
        "x-ms-request-id": "31980b48-0003-0080-3895-97b2a6000000",
        "x-ms-version": "2018-11-09"
      },
      "ResponseBody": null
    },
    {
      "RequestUri": "https://seancanaryversioning.queue.core.windows.net/test-queue-8e25ddd6-8003-a266-b2e4-252d42a5272d",
      "RequestMethod": "PUT",
      "RequestHeaders": {
        "Accept": "application/xml",
        "Authorization": "Sanitized",
        "Content-Length": "0",
        "traceparent": "00-00086c4777424278cbcd71943c49b1bc-8e4975b2e6425f15-00",
        "User-Agent": "azsdk-net-Storage.Queues/12.12.0-alpha.20220714.1 (.NET 6.0.7; Microsoft Windows 10.0.19044)",
        "x-ms-client-request-id": "08a025e5-3392-9724-97f6-397f81273792",
        "x-ms-date": "Thu, 14 Jul 2022 15:22:35 GMT",
        "x-ms-return-client-request-id": "true",
        "x-ms-version": "2018-11-09"
      },
      "RequestBody": null,
      "StatusCode": 204,
      "ResponseHeaders": {
        "Content-Length": "0",
        "Date": "Thu, 14 Jul 2022 15:22:35 GMT",
        "Server": [
          "Windows-Azure-Queue/1.0",
          "Microsoft-HTTPAPI/2.0"
        ],
        "x-ms-request-id": "31980b4d-0003-0080-3c95-97b2a6000000",
        "x-ms-version": "2018-11-09"
      },
      "ResponseBody": null
    },
    {
      "RequestUri": "https://seancanaryversioning.queue.core.windows.net/test-queue-8e25ddd6-8003-a266-b2e4-252d42a5272d?sv=2023-01-03\u0026ss=bqtf\u0026srt=sco\u0026se=2022-07-15T15%3A22%3A35Z\u0026sp=rwdylacuptfi\u0026sig=Sanitized\u0026comp=metadata",
      "RequestMethod": "GET",
      "RequestHeaders": {
        "Accept": "application/xml",
        "traceparent": "00-edf2eb96e1e1c424bd4ed1a80545dfe3-2d52d17468ad2e75-00",
        "User-Agent": "azsdk-net-Storage.Queues/12.12.0-alpha.20220714.1 (.NET 6.0.7; Microsoft Windows 10.0.19044)",
        "x-ms-client-request-id": "36b7cf7c-609e-4c6b-c0cf-cbff8b0bfef1",
        "x-ms-return-client-request-id": "true",
        "x-ms-version": "2018-11-09"
      },
      "RequestBody": null,
      "StatusCode": 200,
      "ResponseHeaders": {
        "Cache-Control": "no-cache",
        "Content-Length": "0",
        "Date": "Thu, 14 Jul 2022 15:22:35 GMT",
        "Server": [
          "Windows-Azure-Queue/1.0",
          "Microsoft-HTTPAPI/2.0"
        ],
        "x-ms-approximate-messages-count": "0",
        "x-ms-request-id": "31980b52-0003-0080-4195-97b2a6000000",
        "x-ms-version": "2018-11-09"
      },
      "ResponseBody": null
    },
    {
      "RequestUri": "https://seancanaryversioning.queue.core.windows.net/test-queue-8e25ddd6-8003-a266-b2e4-252d42a5272d",
      "RequestMethod": "DELETE",
      "RequestHeaders": {
        "Accept": "application/xml",
        "Authorization": "Sanitized",
        "traceparent": "00-3b4649489b680b6dcdc3dfc9d8ffdb9a-dee0bc5e6ab7e54f-00",
        "User-Agent": "azsdk-net-Storage.Queues/12.12.0-alpha.20220714.1 (.NET 6.0.7; Microsoft Windows 10.0.19044)",
        "x-ms-client-request-id": "b10330c3-0070-faf4-5d43-1875d10a3ca2",
        "x-ms-date": "Thu, 14 Jul 2022 15:22:35 GMT",
        "x-ms-return-client-request-id": "true",
        "x-ms-version": "2018-11-09"
      },
      "RequestBody": null,
      "StatusCode": 204,
      "ResponseHeaders": {
        "Content-Length": "0",
        "Date": "Thu, 14 Jul 2022 15:22:35 GMT",
        "Server": [
          "Windows-Azure-Queue/1.0",
          "Microsoft-HTTPAPI/2.0"
        ],
        "x-ms-request-id": "31980b5a-0003-0080-4895-97b2a6000000",
        "x-ms-version": "2018-11-09"
      },
      "ResponseBody": null
    }
  ],
  "Variables": {
    "DateTimeOffsetNow": "2022-07-14T10:22:35.6388621-05:00",
    "RandomSeed": "1391447496",
    "Storage_TestConfigDefault": "ProductionTenant\nseancanaryversioning\nU2FuaXRpemVk\nhttps://seancanaryversioning.blob.core.windows.net\nhttps://seancanaryversioning.file.preprod.core.windows.net\nhttps://seancanaryversioning.queue.core.windows.net\nhttps://seancanaryversioning.table.core.windows.net\n\n\n\n\nhttps://seancanaryversioning-secondary.blob.core.windows.net\nhttps://seancanaryversioning-secondary.file.preprod.core.windows.net\nhttps://seancanaryversioning-secondary.queue.core.windows.net\nhttps://seancanaryversioning-secondary.table.core.windows.net\n\nSanitized\n\n\nCloud\nBlobEndpoint=https://seancanaryversioning.blob.core.windows.net/;QueueEndpoint=https://seancanaryversioning.queue.core.windows.net/;FileEndpoint=https://seancanaryversioning.file.preprod.core.windows.net/;BlobSecondaryEndpoint=https://seancanaryversioning-secondary.blob.core.windows.net/;QueueSecondaryEndpoint=https://seancanaryversioning-secondary.queue.core.windows.net/;FileSecondaryEndpoint=https://seancanaryversioning-secondary.file.preprod.core.windows.net/;AccountName=seancanaryversioning;AccountKey=Sanitized\nseanscope1\n\n"
  }
}
