{
  "Entries": [
    {
      "RequestUri": "https://amandadev2.queue.core.windows.net/test-queue-3b2945c8-09d0-68e4-90e4-a6a5868bae0a",
      "RequestMethod": "PUT",
      "RequestHeaders": {
        "Accept": "application/xml",
        "Authorization": "Sanitized",
        "Content-Length": "0",
        "traceparent": "00-6905271ab0a7b3ac312e2d0ba7eec105-87379e81e3cb8b77-00",
        "User-Agent": "azsdk-net-Storage.Queues/12.11.0-alpha.20220621.1 (.NET 6.0.6; Microsoft Windows 10.0.22000)",
        "x-ms-client-request-id": "c1dd145c-9424-1f55-a09d-a215391c40e8",
        "x-ms-date": "Wed, 22 Jun 2022 05:40:10 GMT",
        "x-ms-return-client-request-id": "true",
        "x-ms-version": "2018-11-09"
      },
      "RequestBody": null,
      "StatusCode": 201,
      "ResponseHeaders": {
        "Content-Length": "0",
        "Date": "Wed, 22 Jun 2022 05:40:12 GMT",
        "Server": [
          "Windows-Azure-Queue/1.0",
          "Microsoft-HTTPAPI/2.0"
        ],
        "x-ms-request-id": "e8393016-f003-003b-55fa-853045000000",
        "x-ms-version": "2018-11-09"
      },
      "ResponseBody": null
    },
    {
      "RequestUri": "https://amandadev2.queue.core.windows.net/test-queue-3b2945c8-09d0-68e4-90e4-a6a5868bae0a",
      "RequestMethod": "PUT",
      "RequestHeaders": {
        "Accept": "application/xml",
        "Authorization": "Sanitized",
        "Content-Length": "0",
        "traceparent": "00-dccd20e60d3c65f09e20f9d1ef876e49-3c4c9aa6215606f3-00",
        "User-Agent": "azsdk-net-Storage.Queues/12.11.0-alpha.20220621.1 (.NET 6.0.6; Microsoft Windows 10.0.22000)",
        "x-ms-client-request-id": "7249965f-ecae-32e5-0cc7-f4bbb27bdc30",
        "x-ms-date": "Wed, 22 Jun 2022 05:40:10 GMT",
        "x-ms-return-client-request-id": "true",
        "x-ms-version": "2018-11-09"
      },
      "RequestBody": null,
      "StatusCode": 204,
      "ResponseHeaders": {
        "Content-Length": "0",
        "Date": "Wed, 22 Jun 2022 05:40:12 GMT",
        "Server": [
          "Windows-Azure-Queue/1.0",
          "Microsoft-HTTPAPI/2.0"
        ],
        "x-ms-request-id": "e8393041-f003-003b-7efa-853045000000",
        "x-ms-version": "2018-11-09"
      },
      "ResponseBody": null
    },
    {
      "RequestUri": "https://amandadev2.queue.core.windows.net/test-queue-3b2945c8-09d0-68e4-90e4-a6a5868bae0a?sv=2021-08-06\u0026ss=bqtf\u0026srt=sco\u0026se=2022-06-23T05%3A40%3A10Z\u0026sp=rwdylacuptfi\u0026sig=Sanitized\u0026comp=metadata",
      "RequestMethod": "GET",
      "RequestHeaders": {
        "Accept": "application/xml",
        "traceparent": "00-15224ab63a5f4f12e816fa7c4d404084-502d257f6599f1a9-00",
        "User-Agent": "azsdk-net-Storage.Queues/12.11.0-alpha.20220621.1 (.NET 6.0.6; Microsoft Windows 10.0.22000)",
        "x-ms-client-request-id": "a2b57956-cdd3-9c3a-adf9-d57f388bc139",
        "x-ms-return-client-request-id": "true",
        "x-ms-version": "2018-11-09"
      },
      "RequestBody": null,
      "StatusCode": 200,
      "ResponseHeaders": {
        "Cache-Control": "no-cache",
        "Content-Length": "0",
        "Date": "Wed, 22 Jun 2022 05:40:12 GMT",
        "Server": [
          "Windows-Azure-Queue/1.0",
          "Microsoft-HTTPAPI/2.0"
        ],
        "x-ms-approximate-messages-count": "0",
        "x-ms-request-id": "e8393067-f003-003b-21fa-853045000000",
        "x-ms-version": "2018-11-09"
      },
      "ResponseBody": null
    },
    {
      "RequestUri": "https://amandadev2.queue.core.windows.net/test-queue-3b2945c8-09d0-68e4-90e4-a6a5868bae0a",
      "RequestMethod": "DELETE",
      "RequestHeaders": {
        "Accept": "application/xml",
        "Authorization": "Sanitized",
        "traceparent": "00-b88a6d026b731ae64b1986ebc1f577a1-66a064e8ed45f7d3-00",
        "User-Agent": "azsdk-net-Storage.Queues/12.11.0-alpha.20220621.1 (.NET 6.0.6; Microsoft Windows 10.0.22000)",
        "x-ms-client-request-id": "3864b088-3ac5-9f5d-0561-e041cd49f843",
        "x-ms-date": "Wed, 22 Jun 2022 05:40:11 GMT",
        "x-ms-return-client-request-id": "true",
        "x-ms-version": "2018-11-09"
      },
      "RequestBody": null,
      "StatusCode": 204,
      "ResponseHeaders": {
        "Content-Length": "0",
        "Date": "Wed, 22 Jun 2022 05:40:12 GMT",
        "Server": [
          "Windows-Azure-Queue/1.0",
          "Microsoft-HTTPAPI/2.0"
        ],
        "x-ms-request-id": "e8393083-f003-003b-3cfa-853045000000",
        "x-ms-version": "2018-11-09"
      },
      "ResponseBody": null
    }
  ],
  "Variables": {
    "DateTimeOffsetNow": "2022-06-21T22:40:10.9978682-07:00",
    "RandomSeed": "1533942137",
    "Storage_TestConfigDefault": "ProductionTenant\namandadev2\nU2FuaXRpemVk\nhttps://amandadev2.blob.core.windows.net\nhttps://amandadev2.file.core.windows.net\nhttps://amandadev2.queue.core.windows.net\nhttps://amandadev2.table.core.windows.net\n\n\n\n\nhttps://amandadev2-secondary.core.windows.net\nhttps://amandadev2-secondary.file.core.windows.net\nhttps://amandadev2-secondary.queue.core.windows.net\nhttps://amandadev2-secondary.table.core.windows.net\n\nSanitized\n\n\nCloud\nBlobEndpoint=https://amandadev2.blob.core.windows.net/;QueueEndpoint=https://amandadev2.queue.core.windows.net/;FileEndpoint=https://amandadev2.file.core.windows.net/;BlobSecondaryEndpoint=https://amandadev2-secondary.core.windows.net/;QueueSecondaryEndpoint=https://amandadev2-secondary.queue.core.windows.net/;FileSecondaryEndpoint=https://amandadev2-secondary.file.core.windows.net/;AccountName=amandadev2;AccountKey=Sanitized\nencryptionScope1\n\n"
  }
}
