{
  "Entries": [
    {
      "RequestUri": "http://storageteglazatesting.queue.core.windows.net/test-queue-4073e30c-eade-accc-8c1a-fc9cd70bdf75",
      "RequestMethod": "PUT",
      "RequestHeaders": {
        "Authorization": "Sanitized",
        "User-Agent": [
          "azsdk-net-Storage.Queues/12.0.0-dev.20190716.1\u002bf831919283b482c09bb15e8c0d930e73d941e30e",
          "(.NET Core 4.6.27414.06; Microsoft Windows 10.0.18362 )"
        ],
        "x-ms-client-request-id": "939301c8484b62345947391c6d772365",
        "x-ms-date": "Wed, 17 Jul 2019 02:12:41 GMT",
        "x-ms-return-client-request-id": "true",
        "x-ms-version": "2018-11-09"
      },
      "RequestBody": null,
      "StatusCode": 201,
      "ResponseHeaders": {
        "Content-Length": "0",
        "Date": "Wed, 17 Jul 2019 02:12:41 GMT",
        "Server": [
          "Windows-Azure-Queue/1.0",
          "Microsoft-HTTPAPI/2.0"
        ],
        "x-ms-request-id": "185f97b7-8003-0086-4545-3c81b7000000",
        "x-ms-version": "2018-11-09"
      },
      "ResponseBody": []
    },
    {
      "RequestUri": "http://storageteglazatesting.queue.core.windows.net/test-queue-25039fbc-9c5b-95cc-f964-2c7984699ec1",
      "RequestMethod": "PUT",
      "RequestHeaders": {
        "Authorization": "Sanitized",
        "User-Agent": [
          "azsdk-net-Storage.Queues/12.0.0-dev.20190716.1\u002bf831919283b482c09bb15e8c0d930e73d941e30e",
          "(.NET Core 4.6.27414.06; Microsoft Windows 10.0.18362 )"
        ],
        "x-ms-client-request-id": "da8d9203412fc476af10e797b0b03e15",
        "x-ms-date": "Wed, 17 Jul 2019 02:12:41 GMT",
        "x-ms-return-client-request-id": "true",
        "x-ms-version": "2018-11-09"
      },
      "RequestBody": null,
      "StatusCode": 201,
      "ResponseHeaders": {
        "Content-Length": "0",
        "Date": "Wed, 17 Jul 2019 02:12:41 GMT",
        "Server": [
          "Windows-Azure-Queue/1.0",
          "Microsoft-HTTPAPI/2.0"
        ],
        "x-ms-request-id": "185f97b9-8003-0086-4645-3c81b7000000",
        "x-ms-version": "2018-11-09"
      },
      "ResponseBody": []
    },
    {
      "RequestUri": "http://storageteglazatesting.queue.core.windows.net/?comp=list\u0026maxresults=1",
      "RequestMethod": "GET",
      "RequestHeaders": {
        "Authorization": "Sanitized",
        "User-Agent": [
          "azsdk-net-Storage.Queues/12.0.0-dev.20190716.1\u002bf831919283b482c09bb15e8c0d930e73d941e30e",
          "(.NET Core 4.6.27414.06; Microsoft Windows 10.0.18362 )"
        ],
        "x-ms-client-request-id": "38e096f6b9082b1935fe9ae61cbadef0",
        "x-ms-date": "Wed, 17 Jul 2019 02:12:41 GMT",
        "x-ms-return-client-request-id": "true",
        "x-ms-version": "2018-11-09"
      },
      "RequestBody": null,
      "StatusCode": 200,
      "ResponseHeaders": {
        "Access-Control-Allow-Origin": "*",
        "Cache-Control": "no-cache",
        "Content-Type": "application/xml",
        "Date": "Wed, 17 Jul 2019 02:12:41 GMT",
        "Server": [
          "Windows-Azure-Queue/1.0",
          "Microsoft-HTTPAPI/2.0"
        ],
        "Transfer-Encoding": "chunked",
        "x-ms-request-id": "185f97bc-8003-0086-4845-3c81b7000000",
        "x-ms-version": "2018-11-09"
      },
      "ResponseBody": "\ufeff\u003c?xml version=\u00221.0\u0022 encoding=\u0022utf-8\u0022?\u003e\u003cEnumerationResults ServiceEndpoint=\u0022http://storageteglazatesting.queue.core.windows.net/\u0022\u003e\u003cMaxResults\u003e1\u003c/MaxResults\u003e\u003cQueues\u003e\u003cQueue\u003e\u003cName\u003etest-queue-1ba0a7dd-52b0-dd28-abad-83e118022f66\u003c/Name\u003e\u003c/Queue\u003e\u003c/Queues\u003e\u003cNextMarker\u003e/storageteglazatesting/test-queue-1bfd17b9-4f1f-5079-23e8-4f3b6a81b0ab\u003c/NextMarker\u003e\u003c/EnumerationResults\u003e"
    },
    {
      "RequestUri": "http://storageteglazatesting.queue.core.windows.net/test-queue-25039fbc-9c5b-95cc-f964-2c7984699ec1",
      "RequestMethod": "DELETE",
      "RequestHeaders": {
        "Authorization": "Sanitized",
        "User-Agent": [
          "azsdk-net-Storage.Queues/12.0.0-dev.20190716.1\u002bf831919283b482c09bb15e8c0d930e73d941e30e",
          "(.NET Core 4.6.27414.06; Microsoft Windows 10.0.18362 )"
        ],
        "x-ms-client-request-id": "db1878a849ea7a35283f764bb534e549",
        "x-ms-date": "Wed, 17 Jul 2019 02:12:41 GMT",
        "x-ms-return-client-request-id": "true",
        "x-ms-version": "2018-11-09"
      },
      "RequestBody": null,
      "StatusCode": 204,
      "ResponseHeaders": {
        "Content-Length": "0",
        "Date": "Wed, 17 Jul 2019 02:12:41 GMT",
        "Server": [
          "Windows-Azure-Queue/1.0",
          "Microsoft-HTTPAPI/2.0"
        ],
        "x-ms-request-id": "185f97bd-8003-0086-4945-3c81b7000000",
        "x-ms-version": "2018-11-09"
      },
      "ResponseBody": []
    },
    {
      "RequestUri": "http://storageteglazatesting.queue.core.windows.net/test-queue-4073e30c-eade-accc-8c1a-fc9cd70bdf75",
      "RequestMethod": "DELETE",
      "RequestHeaders": {
        "Authorization": "Sanitized",
        "User-Agent": [
          "azsdk-net-Storage.Queues/12.0.0-dev.20190716.1\u002bf831919283b482c09bb15e8c0d930e73d941e30e",
          "(.NET Core 4.6.27414.06; Microsoft Windows 10.0.18362 )"
        ],
        "x-ms-client-request-id": "ed831626668849b87861a431a78fa7f4",
        "x-ms-date": "Wed, 17 Jul 2019 02:12:41 GMT",
        "x-ms-return-client-request-id": "true",
        "x-ms-version": "2018-11-09"
      },
      "RequestBody": null,
      "StatusCode": 204,
      "ResponseHeaders": {
        "Content-Length": "0",
        "Date": "Wed, 17 Jul 2019 02:12:41 GMT",
        "Server": [
          "Windows-Azure-Queue/1.0",
          "Microsoft-HTTPAPI/2.0"
        ],
        "x-ms-request-id": "185f97be-8003-0086-4a45-3c81b7000000",
        "x-ms-version": "2018-11-09"
      },
      "ResponseBody": []
    }
  ],
  "Variables": {
    "RandomSeed": "716626463",
    "Storage_TestConfigDefault": "ProductionTenant\nstorageteglazatesting\nU2FuaXRpemVk\nhttp://storageteglazatesting.blob.core.windows.net\nhttp://storageteglazatesting.file.core.windows.net\nhttp://storageteglazatesting.queue.core.windows.net\nhttp://storageteglazatesting.table.core.windows.net\n\n\n\n\nhttp://storageteglazatesting-secondary.blob.core.windows.net\n\nhttp://storageteglazatesting-secondary.queue.core.windows.net\nhttp://storageteglazatesting-secondary.table.core.windows.net\n\nSanitized\n\n\nCloud\nBlobEndpoint=http://storageteglazatesting.blob.core.windows.net/;QueueEndpoint=http://storageteglazatesting.queue.core.windows.net/;TableEndpoint=http://storageteglazatesting.table.core.windows.net/;FileEndpoint=http://storageteglazatesting.file.core.windows.net/;BlobSecondaryEndpoint=http://storageteglazatesting-secondary.blob.core.windows.net/;QueueSecondaryEndpoint=http://storageteglazatesting-secondary.queue.core.windows.net/;TableSecondaryEndpoint=http://storageteglazatesting-secondary.table.core.windows.net/;AccountName=storageteglazatesting;AccountKey=Sanitized"
  }
}