{
  "Entries": [
    {
      "RequestUri": "http://storageteglazatesting.queue.core.windows.net/test-queue-09432c73-dea0-74d9-6b43-998caa96102e",
      "RequestMethod": "PUT",
      "RequestHeaders": {
        "Authorization": "Sanitized",
        "User-Agent": [
          "azsdk-net-Storage.Queues/1.0.0.0",
          "(.NET Core 4.6.27414.06; Microsoft Windows 10.0.18362 )"
        ],
        "x-ms-client-request-id": "f5fd88cbeed4613bfd16dd3ebfbb4ac6",
        "x-ms-date": "Mon, 01 Jul 2019 12:33:31 GMT",
        "x-ms-return-client-request-id": "true",
        "x-ms-version": "2018-11-09"
      },
      "RequestBody": null,
      "StatusCode": 201,
      "ResponseHeaders": {
        "Content-Length": "0",
        "Date": "Mon, 01 Jul 2019 12:33:33 GMT",
        "Server": [
          "Windows-Azure-Queue/1.0",
          "Microsoft-HTTPAPI/2.0"
        ],
        "x-ms-request-id": "5ddb7500-9003-007e-6809-30dd49000000",
        "x-ms-version": "2018-11-09"
      },
      "ResponseBody": null
    },
    {
      "RequestUri": "http://storageteglazatesting.queue.core.windows.net/test-queue-09432c73-dea0-74d9-6b43-998caa96102e?comp=metadata",
      "RequestMethod": "PUT",
      "RequestHeaders": {
        "Authorization": "Sanitized",
        "User-Agent": [
          "azsdk-net-Storage.Queues/1.0.0.0",
          "(.NET Core 4.6.27414.06; Microsoft Windows 10.0.18362 )"
        ],
        "x-ms-client-request-id": "2cc8c932a7abe0ac2f045dd56e5a9381",
        "x-ms-date": "Mon, 01 Jul 2019 12:33:31 GMT",
        "x-ms-meta-foo": "bar",
        "x-ms-meta-meta": "data",
        "x-ms-return-client-request-id": "true",
        "x-ms-version": "2018-11-09"
      },
      "RequestBody": null,
      "StatusCode": 204,
      "ResponseHeaders": {
        "Content-Length": "0",
        "Date": "Mon, 01 Jul 2019 12:33:33 GMT",
        "Server": [
          "Windows-Azure-Queue/1.0",
          "Microsoft-HTTPAPI/2.0"
        ],
        "x-ms-request-id": "5ddb7503-9003-007e-6a09-30dd49000000",
        "x-ms-version": "2018-11-09"
      },
      "ResponseBody": null
    },
    {
      "RequestUri": "http://storageteglazatesting.queue.core.windows.net/?comp=list\u0026include=metadata",
      "RequestMethod": "GET",
      "RequestHeaders": {
        "Authorization": "Sanitized",
        "User-Agent": [
          "azsdk-net-Storage.Queues/1.0.0.0",
          "(.NET Core 4.6.27414.06; Microsoft Windows 10.0.18362 )"
        ],
        "x-ms-client-request-id": "d7f69b072d79848ff0e20c8a019ab4af",
        "x-ms-date": "Mon, 01 Jul 2019 12:33:31 GMT",
        "x-ms-return-client-request-id": "true",
        "x-ms-version": "2018-11-09"
      },
      "RequestBody": null,
      "StatusCode": 200,
      "ResponseHeaders": {
        "Access-Control-Allow-Origin": "*",
        "Cache-Control": "no-cache",
        "Content-Type": "application/xml",
        "Date": "Mon, 01 Jul 2019 12:33:33 GMT",
        "Server": [
          "Windows-Azure-Queue/1.0",
          "Microsoft-HTTPAPI/2.0"
        ],
        "Transfer-Encoding": "chunked",
        "x-ms-request-id": "5ddb7505-9003-007e-6c09-30dd49000000",
        "x-ms-version": "2018-11-09"
      },
      "ResponseBody": "\ufeff\u003c?xml version=\u00221.0\u0022 encoding=\u0022utf-8\u0022?\u003e\u003cEnumerationResults ServiceEndpoint=\u0022http://storageteglazatesting.queue.core.windows.net/\u0022\u003e\u003cQueues\u003e\u003cQueue\u003e\u003cName\u003etest-queue-0097744d-3be3-4642-843f-ff350d262f39\u003c/Name\u003e\u003cMetadata /\u003e\u003c/Queue\u003e\u003cQueue\u003e\u003cName\u003etest-queue-00cbd6ce-8d44-44a3-8955-22512c2a3e11\u003c/Name\u003e\u003cMetadata /\u003e\u003c/Queue\u003e\u003cQueue\u003e\u003cName\u003etest-queue-01adaf1c-bfc3-485a-b27b-ba9755604b4c\u003c/Name\u003e\u003cMetadata /\u003e\u003c/Queue\u003e\u003cQueue\u003e\u003cName\u003etest-queue-01f315b1-03fc-4d60-907b-a5ffa69bcdb9\u003c/Name\u003e\u003cMetadata /\u003e\u003c/Queue\u003e\u003cQueue\u003e\u003cName\u003etest-queue-02c79017-c62a-40d9-976e-2b4c98bd9a0a\u003c/Name\u003e\u003cMetadata /\u003e\u003c/Queue\u003e\u003cQueue\u003e\u003cName\u003etest-queue-034daf68-f668-43e9-88c4-f8a445c03936\u003c/Name\u003e\u003cMetadata /\u003e\u003c/Queue\u003e\u003cQueue\u003e\u003cName\u003etest-queue-047b05cb-3934-32de-25c1-23603a47ae94\u003c/Name\u003e\u003cMetadata /\u003e\u003c/Queue\u003e\u003cQueue\u003e\u003cName\u003etest-queue-048d725e-fbbc-47e7-a42c-eb04c9ac08eb\u003c/Name\u003e\u003cMetadata /\u003e\u003c/Queue\u003e\u003cQueue\u003e\u003cName\u003etest-queue-050d6498-4c2b-47ae-aac5-0da3e7e58843\u003c/Name\u003e\u003cMetadata /\u003e\u003c/Queue\u003e\u003cQueue\u003e\u003cName\u003etest-queue-0565be02-7b77-43f1-9e99-e833d7585cb6\u003c/Name\u003e\u003cMetadata /\u003e\u003c/Queue\u003e\u003cQueue\u003e\u003cName\u003etest-queue-05be1ef9-d26f-426a-b1f9-ff75038dbc3b\u003c/Name\u003e\u003cMetadata /\u003e\u003c/Queue\u003e\u003cQueue\u003e\u003cName\u003etest-queue-05e1c960-362f-4f8e-ae8f-13efe7b1af3a\u003c/Name\u003e\u003cMetadata /\u003e\u003c/Queue\u003e\u003cQueue\u003e\u003cName\u003etest-queue-064ffa70-8732-42e7-9f55-066e09ea3c58\u003c/Name\u003e\u003cMetadata /\u003e\u003c/Queue\u003e\u003cQueue\u003e\u003cName\u003etest-queue-06536dcb-2578-4494-9fcc-61373fd3087b\u003c/Name\u003e\u003cMetadata /\u003e\u003c/Queue\u003e\u003cQueue\u003e\u003cName\u003etest-queue-070b5e85-a206-4915-b3b7-29e0e79883a3\u003c/Name\u003e\u003cMetadata /\u003e\u003c/Queue\u003e\u003cQueue\u003e\u003cName\u003etest-queue-07d3a747-b923-4c5b-9df4-1761c591fcde\u003c/Name\u003e\u003cMetadata /\u003e\u003c/Queue\u003e\u003cQueue\u003e\u003cName\u003etest-queue-07d4a0af-eed2-41c3-9c7b-53bcf98bc41a\u003c/Name\u003e\u003cMetadata /\u003e\u003c/Queue\u003e\u003cQueue\u003e\u003cName\u003etest-queue-0831aed3-f81d-4462-92ca-d7645035d1de\u003c/Name\u003e\u003cMetadata /\u003e\u003c/Queue\u003e\u003cQueue\u003e\u003cName\u003etest-queue-0866cdd6-2385-24b3-ad04-9991f00234a3\u003c/Name\u003e\u003cMetadata /\u003e\u003c/Queue\u003e\u003cQueue\u003e\u003cName\u003etest-queue-08ea69d4-3336-44d2-aab4-2601b147d948\u003c/Name\u003e\u003cMetadata /\u003e\u003c/Queue\u003e\u003cQueue\u003e\u003cName\u003etest-queue-09432c73-dea0-74d9-6b43-998caa96102e\u003c/Name\u003e\u003cMetadata\u003e\u003cfoo\u003ebar\u003c/foo\u003e\u003cmeta\u003edata\u003c/meta\u003e\u003c/Metadata\u003e\u003c/Queue\u003e\u003cQueue\u003e\u003cName\u003etest-queue-09a85246-41f5-47b4-873e-733d147de8a5\u003c/Name\u003e\u003cMetadata /\u003e\u003c/Queue\u003e\u003cQueue\u003e\u003cName\u003etest-queue-09d2dc82-565f-4295-a644-3bbc9bf3c049\u003c/Name\u003e\u003cMetadata /\u003e\u003c/Queue\u003e\u003cQueue\u003e\u003cName\u003etest-queue-0aa526a0-cb3f-49c4-a13c-7b730ff43772\u003c/Name\u003e\u003cMetadata /\u003e\u003c/Queue\u003e\u003cQueue\u003e\u003cName\u003etest-queue-0abc609b-7250-4e7d-8003-b2677a76d63f\u003c/Name\u003e\u003cMetadata /\u003e\u003c/Queue\u003e\u003cQueue\u003e\u003cName\u003etest-queue-0accc436-7d50-4a75-930a-6568bce34cc8\u003c/Name\u003e\u003cMetadata /\u003e\u003c/Queue\u003e\u003cQueue\u003e\u003cName\u003etest-queue-0afee5fc-b082-4d80-b2d9-3ffed293aece\u003c/Name\u003e\u003cMetadata /\u003e\u003c/Queue\u003e\u003cQueue\u003e\u003cName\u003etest-queue-0b243b93-359f-435c-a21e-1f10bbebe522\u003c/Name\u003e\u003cMetadata /\u003e\u003c/Queue\u003e\u003cQueue\u003e\u003cName\u003etest-queue-0becc569-09d0-46fc-ad9c-a7b6ad874e78\u003c/Name\u003e\u003cMetadata /\u003e\u003c/Queue\u003e\u003cQueue\u003e\u003cName\u003etest-queue-0cf10b33-ed84-4f54-9591-568d1aac48de\u003c/Name\u003e\u003cMetadata /\u003e\u003c/Queue\u003e\u003cQueue\u003e\u003cName\u003etest-queue-0d4d6303-b422-465a-ab99-391dcc53431c\u003c/Name\u003e\u003cMetadata /\u003e\u003c/Queue\u003e\u003cQueue\u003e\u003cName\u003etest-queue-0d6e0a3d-050d-4a4b-9da8-44ad78a1cede\u003c/Name\u003e\u003cMetadata /\u003e\u003c/Queue\u003e\u003cQueue\u003e\u003cName\u003etest-queue-0f0157de-c9d1-47e2-b3f4-e291c7f876f3\u003c/Name\u003e\u003cMetadata /\u003e\u003c/Queue\u003e\u003cQueue\u003e\u003cName\u003etest-queue-10006159-237b-48dc-87f1-c2c85106ba7c\u003c/Name\u003e\u003cMetadata /\u003e\u003c/Queue\u003e\u003cQueue\u003e\u003cName\u003etest-queue-10ded9dc-0604-4898-9e84-851d3c21922d\u003c/Name\u003e\u003cMetadata /\u003e\u003c/Queue\u003e\u003cQueue\u003e\u003cName\u003etest-queue-11e8c380-013b-43b5-a94c-78a42359665d\u003c/Name\u003e\u003cMetadata /\u003e\u003c/Queue\u003e\u003cQueue\u003e\u003cName\u003etest-queue-12b0074c-54c6-4634-81eb-b1971279265c\u003c/Name\u003e\u003cMetadata /\u003e\u003c/Queue\u003e\u003cQueue\u003e\u003cName\u003etest-queue-12b75875-1473-4348-bf23-b54156767865\u003c/Name\u003e\u003cMetadata /\u003e\u003c/Queue\u003e\u003cQueue\u003e\u003cName\u003etest-queue-12db7d96-d2a7-4c8a-a2e3-ba6c01c3c2ec\u003c/Name\u003e\u003cMetadata /\u003e\u003c/Queue\u003e\u003cQueue\u003e\u003cName\u003etest-queue-1353e617-5c77-ded6-34e5-cfa6e89eb12d\u003c/Name\u003e\u003cMetadata /\u003e\u003c/Queue\u003e\u003cQueue\u003e\u003cName\u003etest-queue-13f75fc1-1b56-45c7-b910-01c0323d9689\u003c/Name\u003e\u003cMetadata /\u003e\u003c/Queue\u003e\u003cQueue\u003e\u003cName\u003etest-queue-14a6644a-b8fa-4892-a3ef-b7f07d359639\u003c/Name\u003e\u003cMetadata /\u003e\u003c/Queue\u003e\u003cQueue\u003e\u003cName\u003etest-queue-15794a77-4432-4fc3-84f0-9e75488ebd39\u003c/Name\u003e\u003cMetadata /\u003e\u003c/Queue\u003e\u003cQueue\u003e\u003cName\u003etest-queue-169350e5-9d91-4d26-814f-1903dd80f822\u003c/Name\u003e\u003cMetadata /\u003e\u003c/Queue\u003e\u003cQueue\u003e\u003cName\u003etest-queue-16e8447a-e606-42ac-a1a0-4dbe46d26ae4\u003c/Name\u003e\u003cMetadata /\u003e\u003c/Queue\u003e\u003cQueue\u003e\u003cName\u003etest-queue-17bacb0b-ea78-4408-b676-3f80114308fa\u003c/Name\u003e\u003cMetadata /\u003e\u003c/Queue\u003e\u003cQueue\u003e\u003cName\u003etest-queue-18558183-38ac-4b1f-9260-bbf357dbe3ee\u003c/Name\u003e\u003cMetadata /\u003e\u003c/Queue\u003e\u003cQueue\u003e\u003cName\u003etest-queue-19af479e-7628-416f-8e59-c3da1d5ce18a\u003c/Name\u003e\u003cMetadata /\u003e\u003c/Queue\u003e\u003cQueue\u003e\u003cName\u003etest-queue-19f0c8ad-2ed5-472c-820d-ef55929be66c\u003c/Name\u003e\u003cMetadata /\u003e\u003c/Queue\u003e\u003cQueue\u003e\u003cName\u003etest-queue-19f56f9e-9c8e-44fa-9df0-745e873d2e86\u003c/Name\u003e\u003cMetadata /\u003e\u003c/Queue\u003e\u003cQueue\u003e\u003cName\u003etest-queue-1a14be1d-0939-4870-9705-91e534414a2c\u003c/Name\u003e\u003cMetadata /\u003e\u003c/Queue\u003e\u003cQueue\u003e\u003cName\u003etest-queue-1b0425ab-2613-8800-da11-c0c5817618a2\u003c/Name\u003e\u003cMetadata /\u003e\u003c/Queue\u003e\u003cQueue\u003e\u003cName\u003etest-queue-1ba2dd2a-e6a4-40c0-b161-a543f3bb1135\u003c/Name\u003e\u003cMetadata /\u003e\u003c/Queue\u003e\u003cQueue\u003e\u003cName\u003etest-queue-1bd28a87-6b76-4afa-9247-a2a446869b73\u003c/Name\u003e\u003cMetadata /\u003e\u003c/Queue\u003e\u003cQueue\u003e\u003cName\u003etest-queue-1cc91439-98dd-4986-ad43-ce77d82ca5d3\u003c/Name\u003e\u003cMetadata /\u003e\u003c/Queue\u003e\u003cQueue\u003e\u003cName\u003etest-queue-1d163d70-608f-44f8-823f-1f9ab6c75159\u003c/Name\u003e\u003cMetadata /\u003e\u003c/Queue\u003e\u003cQueue\u003e\u003cName\u003etest-queue-1d5ece4e-9e60-6f31-e03d-ca1861c6c0f1\u003c/Name\u003e\u003cMetadata /\u003e\u003c/Queue\u003e\u003cQueue\u003e\u003cName\u003etest-queue-1d6dbe58-aa2e-4904-9ee8-01c78b1a8894\u003c/Name\u003e\u003cMetadata /\u003e\u003c/Queue\u003e\u003cQueue\u003e\u003cName\u003etest-queue-1e7ba757-563b-4e26-80c7-e2e43790a179\u003c/Name\u003e\u003cMetadata /\u003e\u003c/Queue\u003e\u003cQueue\u003e\u003cName\u003etest-queue-1f67514f-92af-467a-a656-6dcb19b53d8d\u003c/Name\u003e\u003cMetadata /\u003e\u003c/Queue\u003e\u003cQueue\u003e\u003cName\u003etest-queue-20d5a05e-dee3-4d0d-b4a9-378d2a4e67b0\u003c/Name\u003e\u003cMetadata /\u003e\u003c/Queue\u003e\u003cQueue\u003e\u003cName\u003etest-queue-20e08ea0-035b-44af-8419-74128d800e88\u003c/Name\u003e\u003cMetadata /\u003e\u003c/Queue\u003e\u003cQueue\u003e\u003cName\u003etest-queue-210a26b4-b4fc-4d23-b393-b64e299e48b3\u003c/Name\u003e\u003cMetadata /\u003e\u003c/Queue\u003e\u003cQueue\u003e\u003cName\u003etest-queue-2201c15d-c39b-437f-9914-d0a69afbfc69\u003c/Name\u003e\u003cMetadata /\u003e\u003c/Queue\u003e\u003cQueue\u003e\u003cName\u003etest-queue-222b4ff1-a0ae-46f7-95fc-ed8e22a1673f\u003c/Name\u003e\u003cMetadata /\u003e\u003c/Queue\u003e\u003cQueue\u003e\u003cName\u003etest-queue-223948e2-333d-4ef1-b0db-48251ea5bcdd\u003c/Name\u003e\u003cMetadata /\u003e\u003c/Queue\u003e\u003cQueue\u003e\u003cName\u003etest-queue-228f8dbb-fa35-4ea7-b128-7f1d7291b634\u003c/Name\u003e\u003cMetadata /\u003e\u003c/Queue\u003e\u003cQueue\u003e\u003cName\u003etest-queue-23c52853-d209-4f51-9e1b-b09e050f089d\u003c/Name\u003e\u003cMetadata /\u003e\u003c/Queue\u003e\u003cQueue\u003e\u003cName\u003etest-queue-23fa706d-eb83-40de-a47a-66304c0851eb\u003c/Name\u003e\u003cMetadata /\u003e\u003c/Queue\u003e\u003cQueue\u003e\u003cName\u003etest-queue-24af2d9c-1f84-4d06-8a7f-5d75652eb88c\u003c/Name\u003e\u003cMetadata /\u003e\u003c/Queue\u003e\u003cQueue\u003e\u003cName\u003etest-queue-24b3b1e3-1ebe-4e52-bbca-938a06ff367f\u003c/Name\u003e\u003cMetadata /\u003e\u003c/Queue\u003e\u003cQueue\u003e\u003cName\u003etest-queue-24ccba50-079a-444d-8f79-6616f04088c9\u003c/Name\u003e\u003cMetadata /\u003e\u003c/Queue\u003e\u003cQueue\u003e\u003cName\u003etest-queue-254cccda-6206-47a3-82ac-e20f02386d84\u003c/Name\u003e\u003cMetadata /\u003e\u003c/Queue\u003e\u003cQueue\u003e\u003cName\u003etest-queue-258f9b94-3067-4cf9-8fb1-8471ad09cf89\u003c/Name\u003e\u003cMetadata /\u003e\u003c/Queue\u003e\u003cQueue\u003e\u003cName\u003etest-queue-259acd3b-ed85-4890-a6db-7c627de2112c\u003c/Name\u003e\u003cMetadata /\u003e\u003c/Queue\u003e\u003cQueue\u003e\u003cName\u003etest-queue-25de4d29-10f1-4312-b32b-99dbc36d8b59\u003c/Name\u003e\u003cMetadata /\u003e\u003c/Queue\u003e\u003cQueue\u003e\u003cName\u003etest-queue-269a7bcf-26a3-4ee2-930e-292eccf07bf4\u003c/Name\u003e\u003cMetadata /\u003e\u003c/Queue\u003e\u003cQueue\u003e\u003cName\u003etest-queue-272b7737-94f3-4e8e-abd0-5a1cb7a0883a\u003c/Name\u003e\u003cMetadata /\u003e\u003c/Queue\u003e\u003cQueue\u003e\u003cName\u003etest-queue-275cef57-2531-4f26-875b-251f5188aa89\u003c/Name\u003e\u003cMetadata /\u003e\u003c/Queue\u003e\u003cQueue\u003e\u003cName\u003etest-queue-275d85f6-3f0e-42d3-9617-2d8dc530ae5b\u003c/Name\u003e\u003cMetadata /\u003e\u003c/Queue\u003e\u003cQueue\u003e\u003cName\u003etest-queue-285d1786-93a8-4580-9947-127334d0b7da\u003c/Name\u003e\u003cMetadata /\u003e\u003c/Queue\u003e\u003cQueue\u003e\u003cName\u003etest-queue-28fc8892-2e7f-4aea-b1f9-633ce5ec8840\u003c/Name\u003e\u003cMetadata /\u003e\u003c/Queue\u003e\u003cQueue\u003e\u003cName\u003etest-queue-29c248f3-f7a9-4214-983e-2e24379b03a4\u003c/Name\u003e\u003cMetadata /\u003e\u003c/Queue\u003e\u003cQueue\u003e\u003cName\u003etest-queue-29f8b02a-f16e-49ab-8f35-55c10ca77e37\u003c/Name\u003e\u003cMetadata /\u003e\u003c/Queue\u003e\u003cQueue\u003e\u003cName\u003etest-queue-29f8fa3d-e025-4e4d-a531-a904844539f7\u003c/Name\u003e\u003cMetadata /\u003e\u003c/Queue\u003e\u003cQueue\u003e\u003cName\u003etest-queue-2ae35cbd-a5ef-4891-8df7-96cf9d9d2bbd\u003c/Name\u003e\u003cMetadata /\u003e\u003c/Queue\u003e\u003cQueue\u003e\u003cName\u003etest-queue-2afbb9a6-7bb9-339a-465e-e30b1a16d89f\u003c/Name\u003e\u003cMetadata /\u003e\u003c/Queue\u003e\u003cQueue\u003e\u003cName\u003etest-queue-2b326df8-dc8a-fdb9-ecff-c8b8514b7b7f\u003c/Name\u003e\u003cMetadata /\u003e\u003c/Queue\u003e\u003cQueue\u003e\u003cName\u003etest-queue-2b9f2ad7-9238-4565-a3c8-6451e9dc9d2d\u003c/Name\u003e\u003cMetadata /\u003e\u003c/Queue\u003e\u003cQueue\u003e\u003cName\u003etest-queue-2d2bdf1d-fbef-4de3-9fb1-48402f8f5357\u003c/Name\u003e\u003cMetadata /\u003e\u003c/Queue\u003e\u003cQueue\u003e\u003cName\u003etest-queue-2d4c26d0-ab78-e1a7-b90c-b4f3444350ef\u003c/Name\u003e\u003cMetadata /\u003e\u003c/Queue\u003e\u003cQueue\u003e\u003cName\u003etest-queue-2d8d67e4-887c-4169-b13b-435935882c94\u003c/Name\u003e\u003cMetadata /\u003e\u003c/Queue\u003e\u003cQueue\u003e\u003cName\u003etest-queue-2da9e222-3d98-47bb-b496-dc8709da38a9\u003c/Name\u003e\u003cMetadata /\u003e\u003c/Queue\u003e\u003cQueue\u003e\u003cName\u003etest-queue-2db17ec4-1181-4c7d-9c2c-36be05891d28\u003c/Name\u003e\u003cMetadata /\u003e\u003c/Queue\u003e\u003cQueue\u003e\u003cName\u003etest-queue-2db98d1a-4803-4d90-ad25-345e1baec2fc\u003c/Name\u003e\u003cMetadata /\u003e\u003c/Queue\u003e\u003cQueue\u003e\u003cName\u003etest-queue-2ed73e68-876e-410c-8b2f-f3890275d9bf\u003c/Name\u003e\u003cMetadata /\u003e\u003c/Queue\u003e\u003cQueue\u003e\u003cName\u003etest-queue-2efc3413-20a9-484d-9481-747bb3d0996b\u003c/Name\u003e\u003cMetadata /\u003e\u003c/Queue\u003e\u003cQueue\u003e\u003cName\u003etest-queue-2f5c509a-36ce-4970-810a-265af75fffef\u003c/Name\u003e\u003cMetadata /\u003e\u003c/Queue\u003e\u003cQueue\u003e\u003cName\u003etest-queue-314620d2-8a4f-48cf-b9e0-e852fa100dc7\u003c/Name\u003e\u003cMetadata /\u003e\u003c/Queue\u003e\u003cQueue\u003e\u003cName\u003etest-queue-321b3f1b-0739-6527-3209-4cd5bfbcac9a\u003c/Name\u003e\u003cMetadata /\u003e\u003c/Queue\u003e\u003cQueue\u003e\u003cName\u003etest-queue-324cb1dc-f2de-44d9-bfb6-4d561d8804b4\u003c/Name\u003e\u003cMetadata /\u003e\u003c/Queue\u003e\u003cQueue\u003e\u003cName\u003etest-queue-3265efc4-aa84-4a46-8158-618be5daceb3\u003c/Name\u003e\u003cMetadata /\u003e\u003c/Queue\u003e\u003cQueue\u003e\u003cName\u003etest-queue-3291658a-6f10-645e-2526-33661f1f5e10\u003c/Name\u003e\u003cMetadata /\u003e\u003c/Queue\u003e\u003cQueue\u003e\u003cName\u003etest-queue-33808dc1-580a-4b5a-904b-382da15518b5\u003c/Name\u003e\u003cMetadata /\u003e\u003c/Queue\u003e\u003cQueue\u003e\u003cName\u003etest-queue-33983729-f818-184e-27f8-cabdc31a3fde\u003c/Name\u003e\u003cMetadata /\u003e\u003c/Queue\u003e\u003cQueue\u003e\u003cName\u003etest-queue-33a15eb1-2620-40f5-a9e9-e90b83b2035f\u003c/Name\u003e\u003cMetadata /\u003e\u003c/Queue\u003e\u003cQueue\u003e\u003cName\u003etest-queue-33c4e8bd-393d-0021-c635-ade3c76a7d15\u003c/Name\u003e\u003cMetadata /\u003e\u003c/Queue\u003e\u003cQueue\u003e\u003cName\u003etest-queue-33c71640-bfad-40c0-8d24-960cd73a862a\u003c/Name\u003e\u003cMetadata /\u003e\u003c/Queue\u003e\u003cQueue\u003e\u003cName\u003etest-queue-348b8676-5a1a-46d1-8ec0-24142f891440\u003c/Name\u003e\u003cMetadata /\u003e\u003c/Queue\u003e\u003cQueue\u003e\u003cName\u003etest-queue-35545570-e375-44b5-a60c-96c2de663b87\u003c/Name\u003e\u003cMetadata /\u003e\u003c/Queue\u003e\u003cQueue\u003e\u003cName\u003etest-queue-360c2c2d-7f14-47f6-96ec-9ea3f071fb1f\u003c/Name\u003e\u003cMetadata /\u003e\u003c/Queue\u003e\u003cQueue\u003e\u003cName\u003etest-queue-362aa591-7530-42ba-a34b-98934aa73178\u003c/Name\u003e\u003cMetadata /\u003e\u003c/Queue\u003e\u003cQueue\u003e\u003cName\u003etest-queue-36327e69-f414-40cb-bd85-bc2e198076e9\u003c/Name\u003e\u003cMetadata /\u003e\u003c/Queue\u003e\u003cQueue\u003e\u003cName\u003etest-queue-3682f395-053f-48ab-b20b-b0354f4d0c5c\u003c/Name\u003e\u003cMetadata /\u003e\u003c/Queue\u003e\u003cQueue\u003e\u003cName\u003etest-queue-36a1f10f-8a85-481b-b1ce-536dc35f9bfa\u003c/Name\u003e\u003cMetadata /\u003e\u003c/Queue\u003e\u003cQueue\u003e\u003cName\u003etest-queue-370fce20-854d-4145-af34-caaac00744d7\u003c/Name\u003e\u003cMetadata /\u003e\u003c/Queue\u003e\u003cQueue\u003e\u003cName\u003etest-queue-37ae207c-1694-45fb-b131-1a9d66fd4ae5\u003c/Name\u003e\u003cMetadata /\u003e\u003c/Queue\u003e\u003cQueue\u003e\u003cName\u003etest-queue-37b48992-4489-4e04-b89d-321e9d8e4ae6\u003c/Name\u003e\u003cMetadata /\u003e\u003c/Queue\u003e\u003cQueue\u003e\u003cName\u003etest-queue-3843a99c-6068-49df-8d1b-90f16c53543b\u003c/Name\u003e\u003cMetadata /\u003e\u003c/Queue\u003e\u003cQueue\u003e\u003cName\u003etest-queue-386ad332-0e06-4873-afe2-4a11171ec28c\u003c/Name\u003e\u003cMetadata /\u003e\u003c/Queue\u003e\u003cQueue\u003e\u003cName\u003etest-queue-388f4b41-939a-407c-8f9e-d196bc64fb97\u003c/Name\u003e\u003cMetadata /\u003e\u003c/Queue\u003e\u003cQueue\u003e\u003cName\u003etest-queue-38de78c2-4cc6-449d-b6a6-5a5db9fbbb0d\u003c/Name\u003e\u003cMetadata /\u003e\u003c/Queue\u003e\u003cQueue\u003e\u003cName\u003etest-queue-39343221-3586-492b-94bc-87089c1af4aa\u003c/Name\u003e\u003cMetadata /\u003e\u003c/Queue\u003e\u003cQueue\u003e\u003cName\u003etest-queue-3a2f1b22-3034-4f6e-bdde-1a54ee909ed7\u003c/Name\u003e\u003cMetadata /\u003e\u003c/Queue\u003e\u003cQueue\u003e\u003cName\u003etest-queue-3acdf85a-d5e8-4827-b68f-84f0c8164cc7\u003c/Name\u003e\u003cMetadata /\u003e\u003c/Queue\u003e\u003cQueue\u003e\u003cName\u003etest-queue-3bd16410-152c-4984-9083-0abe0644ba6f\u003c/Name\u003e\u003cMetadata /\u003e\u003c/Queue\u003e\u003cQueue\u003e\u003cName\u003etest-queue-3cd8ff06-347f-4fa9-9754-2bfb5d51deee\u003c/Name\u003e\u003cMetadata /\u003e\u003c/Queue\u003e\u003cQueue\u003e\u003cName\u003etest-queue-3d10cce0-c880-48e6-89c0-13ac2b099936\u003c/Name\u003e\u003cMetadata /\u003e\u003c/Queue\u003e\u003cQueue\u003e\u003cName\u003etest-queue-3d2ad773-24de-4b2a-8bee-6dd1f09c0ab8\u003c/Name\u003e\u003cMetadata /\u003e\u003c/Queue\u003e\u003cQueue\u003e\u003cName\u003etest-queue-3ddb2adb-08a0-42a3-9213-b02880826cac\u003c/Name\u003e\u003cMetadata /\u003e\u003c/Queue\u003e\u003cQueue\u003e\u003cName\u003etest-queue-3df7d5a3-a602-4a9f-8d66-1a3cfea149ec\u003c/Name\u003e\u003cMetadata /\u003e\u003c/Queue\u003e\u003cQueue\u003e\u003cName\u003etest-queue-3f911158-5dc1-c8a5-8250-8d222eff2177\u003c/Name\u003e\u003cMetadata /\u003e\u003c/Queue\u003e\u003cQueue\u003e\u003cName\u003etest-queue-3fa86c24-bae1-480d-889c-df4981da580f\u003c/Name\u003e\u003cMetadata /\u003e\u003c/Queue\u003e\u003cQueue\u003e\u003cName\u003etest-queue-3fd17f07-63d5-0676-15ec-1f699edc1995\u003c/Name\u003e\u003cMetadata /\u003e\u003c/Queue\u003e\u003cQueue\u003e\u003cName\u003etest-queue-40108b59-bcf7-4c7a-8c4e-863f12600548\u003c/Name\u003e\u003cMetadata /\u003e\u003c/Queue\u003e\u003cQueue\u003e\u003cName\u003etest-queue-4038a7d1-d0e6-4bb1-85de-77ec6b990ef2\u003c/Name\u003e\u003cMetadata /\u003e\u003c/Queue\u003e\u003cQueue\u003e\u003cName\u003etest-queue-40a6c90b-b286-41b5-9408-7304f43a42c3\u003c/Name\u003e\u003cMetadata /\u003e\u003c/Queue\u003e\u003cQueue\u003e\u003cName\u003etest-queue-40c758e9-652b-4c95-85c6-71409f454bd5\u003c/Name\u003e\u003cMetadata /\u003e\u003c/Queue\u003e\u003cQueue\u003e\u003cName\u003etest-queue-413bbf44-83bb-ec05-1d5c-26494570ffb4\u003c/Name\u003e\u003cMetadata /\u003e\u003c/Queue\u003e\u003cQueue\u003e\u003cName\u003etest-queue-4219b173-df47-440a-906e-5dfc968aac29\u003c/Name\u003e\u003cMetadata /\u003e\u003c/Queue\u003e\u003cQueue\u003e\u003cName\u003etest-queue-43d7a7f7-0eb8-46f2-9db4-da0ea17a0777\u003c/Name\u003e\u003cMetadata /\u003e\u003c/Queue\u003e\u003cQueue\u003e\u003cName\u003etest-queue-454d68e5-3488-4df4-acec-5184a6a07b84\u003c/Name\u003e\u003cMetadata /\u003e\u003c/Queue\u003e\u003cQueue\u003e\u003cName\u003etest-queue-4690eb18-9e9c-4248-9339-c1d40bf35311\u003c/Name\u003e\u003cMetadata /\u003e\u003c/Queue\u003e\u003cQueue\u003e\u003cName\u003etest-queue-46a544ca-26fd-4023-a19d-c35663524a66\u003c/Name\u003e\u003cMetadata /\u003e\u003c/Queue\u003e\u003cQueue\u003e\u003cName\u003etest-queue-4709a667-e823-4575-9e26-bd513081902f\u003c/Name\u003e\u003cMetadata /\u003e\u003c/Queue\u003e\u003cQueue\u003e\u003cName\u003etest-queue-4734c9dc-a8b6-4b06-88ee-1368bb2430d8\u003c/Name\u003e\u003cMetadata /\u003e\u003c/Queue\u003e\u003cQueue\u003e\u003cName\u003etest-queue-47d0d906-940d-4f21-93d5-0c5eac61df0a\u003c/Name\u003e\u003cMetadata /\u003e\u003c/Queue\u003e\u003cQueue\u003e\u003cName\u003etest-queue-480477ff-842c-46d5-b137-df199592aa95\u003c/Name\u003e\u003cMetadata /\u003e\u003c/Queue\u003e\u003cQueue\u003e\u003cName\u003etest-queue-484ee48e-6405-4e02-a936-6be1510cc0a9\u003c/Name\u003e\u003cMetadata /\u003e\u003c/Queue\u003e\u003cQueue\u003e\u003cName\u003etest-queue-486f592b-217b-42e4-b18e-04e4d5ad3154\u003c/Name\u003e\u003cMetadata /\u003e\u003c/Queue\u003e\u003cQueue\u003e\u003cName\u003etest-queue-48b852d4-df8f-48ab-9ee4-355c74d11626\u003c/Name\u003e\u003cMetadata /\u003e\u003c/Queue\u003e\u003cQueue\u003e\u003cName\u003etest-queue-49088cf4-d12f-4b1a-b19f-c96ef32f52f4\u003c/Name\u003e\u003cMetadata /\u003e\u003c/Queue\u003e\u003cQueue\u003e\u003cName\u003etest-queue-4959f37c-e0b5-4109-8782-8a3e542b04a6\u003c/Name\u003e\u003cMetadata /\u003e\u003c/Queue\u003e\u003cQueue\u003e\u003cName\u003etest-queue-49d7f03f-2355-418b-bc5e-3b8eabfbcad3\u003c/Name\u003e\u003cMetadata /\u003e\u003c/Queue\u003e\u003cQueue\u003e\u003cName\u003etest-queue-4a86c1af-2272-470a-ad58-a341d397199b\u003c/Name\u003e\u003cMetadata /\u003e\u003c/Queue\u003e\u003cQueue\u003e\u003cName\u003etest-queue-4aa4a8d4-c4cb-4e17-8b25-c38221df2983\u003c/Name\u003e\u003cMetadata /\u003e\u003c/Queue\u003e\u003cQueue\u003e\u003cName\u003etest-queue-4b1880cc-6663-4749-8e9e-982d201f47b7\u003c/Name\u003e\u003cMetadata /\u003e\u003c/Queue\u003e\u003cQueue\u003e\u003cName\u003etest-queue-4b213b88-50a4-eb34-53f1-87e28ef035a1\u003c/Name\u003e\u003cMetadata /\u003e\u003c/Queue\u003e\u003cQueue\u003e\u003cName\u003etest-queue-4be8c526-89a0-4588-88db-ca10063f8b7f\u003c/Name\u003e\u003cMetadata /\u003e\u003c/Queue\u003e\u003cQueue\u003e\u003cName\u003etest-queue-4c176513-01ca-4eb4-8aa7-7ebe2e44a450\u003c/Name\u003e\u003cMetadata /\u003e\u003c/Queue\u003e\u003cQueue\u003e\u003cName\u003etest-queue-4c75ee02-3787-4aa4-8959-e9011bd95f1f\u003c/Name\u003e\u003cMetadata /\u003e\u003c/Queue\u003e\u003cQueue\u003e\u003cName\u003etest-queue-4d26c478-b032-4ebb-ad02-d14b21904a7a\u003c/Name\u003e\u003cMetadata /\u003e\u003c/Queue\u003e\u003cQueue\u003e\u003cName\u003etest-queue-4dc67e4f-a566-4bb1-a771-2c39174084f8\u003c/Name\u003e\u003cMetadata /\u003e\u003c/Queue\u003e\u003cQueue\u003e\u003cName\u003etest-queue-4dd43e7a-b70e-4d16-ab15-a2ae4614a76b\u003c/Name\u003e\u003cMetadata /\u003e\u003c/Queue\u003e\u003cQueue\u003e\u003cName\u003etest-queue-4e2fa596-8413-42dd-9de4-49036c7980e6\u003c/Name\u003e\u003cMetadata /\u003e\u003c/Queue\u003e\u003cQueue\u003e\u003cName\u003etest-queue-4e49a91e-73e0-4d53-b8dc-7f4d82a471b4\u003c/Name\u003e\u003cMetadata /\u003e\u003c/Queue\u003e\u003cQueue\u003e\u003cName\u003etest-queue-4e9920ec-5a7c-4d9a-88a5-7b3a7e9f4c8e\u003c/Name\u003e\u003cMetadata /\u003e\u003c/Queue\u003e\u003cQueue\u003e\u003cName\u003etest-queue-508a799c-edfe-4949-9dfd-5547b7c92005\u003c/Name\u003e\u003cMetadata /\u003e\u003c/Queue\u003e\u003cQueue\u003e\u003cName\u003etest-queue-51957967-5e5e-4fc8-a167-fec0a768c989\u003c/Name\u003e\u003cMetadata /\u003e\u003c/Queue\u003e\u003cQueue\u003e\u003cName\u003etest-queue-51a71f28-eec7-3f66-2a01-79b57a268631\u003c/Name\u003e\u003cMetadata /\u003e\u003c/Queue\u003e\u003cQueue\u003e\u003cName\u003etest-queue-52522804-552a-4a23-b8c6-fd6e27755538\u003c/Name\u003e\u003cMetadata /\u003e\u003c/Queue\u003e\u003cQueue\u003e\u003cName\u003etest-queue-53024608-fab0-4436-907b-2ac5318bf2fe\u003c/Name\u003e\u003cMetadata /\u003e\u003c/Queue\u003e\u003cQueue\u003e\u003cName\u003etest-queue-534e8142-d3b0-43f9-ab60-2a05a4ead035\u003c/Name\u003e\u003cMetadata /\u003e\u003c/Queue\u003e\u003cQueue\u003e\u003cName\u003etest-queue-53fef616-8cb7-4d8b-842c-875caf33293e\u003c/Name\u003e\u003cMetadata /\u003e\u003c/Queue\u003e\u003cQueue\u003e\u003cName\u003etest-queue-54984fca-0282-4c1f-abe5-8cfdd4e2ce72\u003c/Name\u003e\u003cMetadata /\u003e\u003c/Queue\u003e\u003cQueue\u003e\u003cName\u003etest-queue-5520f6d3-56cd-43f7-b579-2c8679f9cb24\u003c/Name\u003e\u003cMetadata /\u003e\u003c/Queue\u003e\u003cQueue\u003e\u003cName\u003etest-queue-556f66e4-654c-4e46-a453-1f2af0b22e14\u003c/Name\u003e\u003cMetadata /\u003e\u003c/Queue\u003e\u003cQueue\u003e\u003cName\u003etest-queue-55b60ddd-f2ab-47c3-b28e-bb4403621ef5\u003c/Name\u003e\u003cMetadata /\u003e\u003c/Queue\u003e\u003cQueue\u003e\u003cName\u003etest-queue-5607514a-8267-7293-2fcf-282c86d7601f\u003c/Name\u003e\u003cMetadata /\u003e\u003c/Queue\u003e\u003cQueue\u003e\u003cName\u003etest-queue-569a6a59-9188-4b8f-8b05-9a7bf777dd84\u003c/Name\u003e\u003cMetadata /\u003e\u003c/Queue\u003e\u003cQueue\u003e\u003cName\u003etest-queue-56bc01cd-f3b8-42cd-932b-dcaaf1d6d0fd\u003c/Name\u003e\u003cMetadata /\u003e\u003c/Queue\u003e\u003cQueue\u003e\u003cName\u003etest-queue-572f503d-ff36-4782-9531-997ef25c13a7\u003c/Name\u003e\u003cMetadata /\u003e\u003c/Queue\u003e\u003cQueue\u003e\u003cName\u003etest-queue-574641ee-0415-4c39-a0ae-53044a812ab2\u003c/Name\u003e\u003cMetadata /\u003e\u003c/Queue\u003e\u003cQueue\u003e\u003cName\u003etest-queue-5785a80f-d39e-4db1-bc8b-4d53dbde7080\u003c/Name\u003e\u003cMetadata /\u003e\u003c/Queue\u003e\u003cQueue\u003e\u003cName\u003etest-queue-584a1016-133a-4441-bbba-636c2259455d\u003c/Name\u003e\u003cMetadata /\u003e\u003c/Queue\u003e\u003cQueue\u003e\u003cName\u003etest-queue-587e1b43-ce54-25e6-68de-877215b3032d\u003c/Name\u003e\u003cMetadata /\u003e\u003c/Queue\u003e\u003cQueue\u003e\u003cName\u003etest-queue-5882177d-ccd2-4ded-89d1-9310167be9b3\u003c/Name\u003e\u003cMetadata /\u003e\u003c/Queue\u003e\u003cQueue\u003e\u003cName\u003etest-queue-58d450e4-693c-4443-bc49-bfd0f81f9231\u003c/Name\u003e\u003cMetadata /\u003e\u003c/Queue\u003e\u003cQueue\u003e\u003cName\u003etest-queue-58f6d57f-b39f-426d-867e-3ff958f06241\u003c/Name\u003e\u003cMetadata /\u003e\u003c/Queue\u003e\u003cQueue\u003e\u003cName\u003etest-queue-58fe060c-59d1-4896-85fa-8fa3073fdf5b\u003c/Name\u003e\u003cMetadata /\u003e\u003c/Queue\u003e\u003cQueue\u003e\u003cName\u003etest-queue-591eedcb-3431-10d4-bddd-f41c4637d764\u003c/Name\u003e\u003cMetadata /\u003e\u003c/Queue\u003e\u003cQueue\u003e\u003cName\u003etest-queue-596e168c-d1c5-43a2-87d7-f709d35d5c6e\u003c/Name\u003e\u003cMetadata /\u003e\u003c/Queue\u003e\u003cQueue\u003e\u003cName\u003etest-queue-59acce8d-db7f-4d3a-b2aa-5f612522ad55\u003c/Name\u003e\u003cMetadata /\u003e\u003c/Queue\u003e\u003cQueue\u003e\u003cName\u003etest-queue-5acc3f75-20cb-4434-b2be-4355e29ea492\u003c/Name\u003e\u003cMetadata /\u003e\u003c/Queue\u003e\u003cQueue\u003e\u003cName\u003etest-queue-5b2b9cf9-69ae-49c3-b7ad-ed3a562fde9c\u003c/Name\u003e\u003cMetadata /\u003e\u003c/Queue\u003e\u003cQueue\u003e\u003cName\u003etest-queue-5bf16ed6-f3df-a4ce-a144-c0026223c1bb\u003c/Name\u003e\u003cMetadata /\u003e\u003c/Queue\u003e\u003cQueue\u003e\u003cName\u003etest-queue-5c86018a-9d0c-4059-840d-744e71bcae5f\u003c/Name\u003e\u003cMetadata /\u003e\u003c/Queue\u003e\u003cQueue\u003e\u003cName\u003etest-queue-5cc0857d-5fc2-4761-882a-6c7f9a307681\u003c/Name\u003e\u003cMetadata /\u003e\u003c/Queue\u003e\u003cQueue\u003e\u003cName\u003etest-queue-5ccd2d8d-30c5-4046-bc66-8fc401316958\u003c/Name\u003e\u003cMetadata /\u003e\u003c/Queue\u003e\u003cQueue\u003e\u003cName\u003etest-queue-5ce8e8ef-c05b-42a0-be9f-3dab497a266c\u003c/Name\u003e\u003cMetadata /\u003e\u003c/Queue\u003e\u003cQueue\u003e\u003cName\u003etest-queue-5d09ddc4-d6e3-4ae3-bfab-25da8024672c\u003c/Name\u003e\u003cMetadata /\u003e\u003c/Queue\u003e\u003cQueue\u003e\u003cName\u003etest-queue-5d9f4499-d317-46a7-9ea5-0f41649429b1\u003c/Name\u003e\u003cMetadata /\u003e\u003c/Queue\u003e\u003cQueue\u003e\u003cName\u003etest-queue-5dbab485-cae2-9f02-c6cf-12352904dbf4\u003c/Name\u003e\u003cMetadata /\u003e\u003c/Queue\u003e\u003cQueue\u003e\u003cName\u003etest-queue-5ff4f651-db36-40f4-adab-83ddd1413ed2\u003c/Name\u003e\u003cMetadata /\u003e\u003c/Queue\u003e\u003cQueue\u003e\u003cName\u003etest-queue-5ffdb8cb-af07-464a-a250-f90864d438a0\u003c/Name\u003e\u003cMetadata /\u003e\u003c/Queue\u003e\u003cQueue\u003e\u003cName\u003etest-queue-61079ace-2847-438d-bc06-92c033d6f817\u003c/Name\u003e\u003cMetadata /\u003e\u003c/Queue\u003e\u003cQueue\u003e\u003cName\u003etest-queue-613b741a-a767-443a-be04-a8f49c31fd76\u003c/Name\u003e\u003cMetadata /\u003e\u003c/Queue\u003e\u003cQueue\u003e\u003cName\u003etest-queue-61b68f27-f92c-4f07-b699-4b79d44180fe\u003c/Name\u003e\u003cMetadata /\u003e\u003c/Queue\u003e\u003cQueue\u003e\u003cName\u003etest-queue-62b571e9-8fa4-46be-9bb8-8b9183d7b12f\u003c/Name\u003e\u003cMetadata /\u003e\u003c/Queue\u003e\u003cQueue\u003e\u003cName\u003etest-queue-62f12191-e8b3-a61a-4dfe-afb5865a2d79\u003c/Name\u003e\u003cMetadata /\u003e\u003c/Queue\u003e\u003cQueue\u003e\u003cName\u003etest-queue-64245e40-dc59-488c-9c13-3d8f08fe4a92\u003c/Name\u003e\u003cMetadata /\u003e\u003c/Queue\u003e\u003cQueue\u003e\u003cName\u003etest-queue-644ddaa2-5531-499a-8b3e-d803acf773fa\u003c/Name\u003e\u003cMetadata /\u003e\u003c/Queue\u003e\u003cQueue\u003e\u003cName\u003etest-queue-651d7f26-1477-4cc8-98c8-654eabe21c17\u003c/Name\u003e\u003cMetadata /\u003e\u003c/Queue\u003e\u003cQueue\u003e\u003cName\u003etest-queue-65395918-d94b-4309-bd51-07ab6135ef35\u003c/Name\u003e\u003cMetadata /\u003e\u003c/Queue\u003e\u003cQueue\u003e\u003cName\u003etest-queue-663b46c0-b5b1-4125-bd38-b367b7bc5281\u003c/Name\u003e\u003cMetadata /\u003e\u003c/Queue\u003e\u003cQueue\u003e\u003cName\u003etest-queue-6650d02b-5cdd-4e25-986b-c8773daef103\u003c/Name\u003e\u003cMetadata /\u003e\u003c/Queue\u003e\u003cQueue\u003e\u003cName\u003etest-queue-66f859f9-1eba-436d-ad4f-956b0670f8c7\u003c/Name\u003e\u003cMetadata /\u003e\u003c/Queue\u003e\u003cQueue\u003e\u003cName\u003etest-queue-670fbdcb-521f-4eb9-abbf-e95603e659d0\u003c/Name\u003e\u003cMetadata /\u003e\u003c/Queue\u003e\u003cQueue\u003e\u003cName\u003etest-queue-6753ef46-7109-097d-8f72-89188722f674\u003c/Name\u003e\u003cMetadata /\u003e\u003c/Queue\u003e\u003cQueue\u003e\u003cName\u003etest-queue-67f6380f-c76e-9e77-e8c0-f1b48984b771\u003c/Name\u003e\u003cMetadata /\u003e\u003c/Queue\u003e\u003cQueue\u003e\u003cName\u003etest-queue-6885b619-1a9d-4101-bba5-6bf50e237071\u003c/Name\u003e\u003cMetadata /\u003e\u003c/Queue\u003e\u003cQueue\u003e\u003cName\u003etest-queue-68f16e9d-e5d9-458c-912f-e6b84880c781\u003c/Name\u003e\u003cMetadata /\u003e\u003c/Queue\u003e\u003cQueue\u003e\u003cName\u003etest-queue-690f761c-3571-fd29-9bac-dab74a791164\u003c/Name\u003e\u003cMetadata /\u003e\u003c/Queue\u003e\u003cQueue\u003e\u003cName\u003etest-queue-697fb842-e3a9-4f75-a1df-fee3f337fe86\u003c/Name\u003e\u003cMetadata /\u003e\u003c/Queue\u003e\u003cQueue\u003e\u003cName\u003etest-queue-69f7b6a9-482f-49db-b7b4-f79e25a31676\u003c/Name\u003e\u003cMetadata /\u003e\u003c/Queue\u003e\u003cQueue\u003e\u003cName\u003etest-queue-6a7d4601-d000-b328-de11-c1f94709301c\u003c/Name\u003e\u003cMetadata /\u003e\u003c/Queue\u003e\u003cQueue\u003e\u003cName\u003etest-queue-6af7a48e-330c-4ed4-8bd4-86367ecdb52e\u003c/Name\u003e\u003cMetadata /\u003e\u003c/Queue\u003e\u003cQueue\u003e\u003cName\u003etest-queue-6b619b53-5ed6-4a01-b492-1f878eb9eaf0\u003c/Name\u003e\u003cMetadata /\u003e\u003c/Queue\u003e\u003cQueue\u003e\u003cName\u003etest-queue-6bbd39dc-6597-401a-99a7-f1e784d306a0\u003c/Name\u003e\u003cMetadata /\u003e\u003c/Queue\u003e\u003cQueue\u003e\u003cName\u003etest-queue-6bc00942-caef-4ffa-9e1f-1b0ab2ce2dfb\u003c/Name\u003e\u003cMetadata /\u003e\u003c/Queue\u003e\u003cQueue\u003e\u003cName\u003etest-queue-6be7cbcd-75c0-43c0-9958-43ea2d59a7c1\u003c/Name\u003e\u003cMetadata /\u003e\u003c/Queue\u003e\u003cQueue\u003e\u003cName\u003etest-queue-6bec6731-1faa-4f2d-a7c3-0a532505b609\u003c/Name\u003e\u003cMetadata /\u003e\u003c/Queue\u003e\u003cQueue\u003e\u003cName\u003etest-queue-6e97f11b-08ff-4452-848d-44e5a5a452ee\u003c/Name\u003e\u003cMetadata /\u003e\u003c/Queue\u003e\u003cQueue\u003e\u003cName\u003etest-queue-6ec60762-e3c1-3fc3-4b9d-52162f5edb21\u003c/Name\u003e\u003cMetadata /\u003e\u003c/Queue\u003e\u003cQueue\u003e\u003cName\u003etest-queue-6fb38535-aea3-4edf-a40a-e24aef2c6113\u003c/Name\u003e\u003cMetadata /\u003e\u003c/Queue\u003e\u003cQueue\u003e\u003cName\u003etest-queue-70333b9f-30e6-41a4-9c32-e20d5cc48244\u003c/Name\u003e\u003cMetadata /\u003e\u003c/Queue\u003e\u003cQueue\u003e\u003cName\u003etest-queue-70677f08-3e59-4e4f-86b9-32b942bb34fe\u003c/Name\u003e\u003cMetadata /\u003e\u003c/Queue\u003e\u003cQueue\u003e\u003cName\u003etest-queue-71305e69-b90a-4dc3-a4ee-c74762746363\u003c/Name\u003e\u003cMetadata /\u003e\u003c/Queue\u003e\u003cQueue\u003e\u003cName\u003etest-queue-716c029c-8e86-4af7-9d85-769f37818a05\u003c/Name\u003e\u003cMetadata /\u003e\u003c/Queue\u003e\u003cQueue\u003e\u003cName\u003etest-queue-71a1d1c5-9103-4ac9-869a-487b249cc825\u003c/Name\u003e\u003cMetadata /\u003e\u003c/Queue\u003e\u003cQueue\u003e\u003cName\u003etest-queue-726be96e-aa4d-45f9-9bbf-d7069e0a9a53\u003c/Name\u003e\u003cMetadata /\u003e\u003c/Queue\u003e\u003cQueue\u003e\u003cName\u003etest-queue-72cfdbd3-a5bf-47c8-a9e0-65f79b3d7943\u003c/Name\u003e\u003cMetadata /\u003e\u003c/Queue\u003e\u003cQueue\u003e\u003cName\u003etest-queue-7375f2f6-2ff6-4a1a-947a-c5d8f24c65c5\u003c/Name\u003e\u003cMetadata /\u003e\u003c/Queue\u003e\u003cQueue\u003e\u003cName\u003etest-queue-73b2040e-eb85-451d-bd29-92ad1bc42ff0\u003c/Name\u003e\u003cMetadata /\u003e\u003c/Queue\u003e\u003cQueue\u003e\u003cName\u003etest-queue-73f84c66-7ac3-4310-a1e6-49f67b207250\u003c/Name\u003e\u003cMetadata /\u003e\u003c/Queue\u003e\u003cQueue\u003e\u003cName\u003etest-queue-7483bc56-62dc-4e70-8051-02d4cf2ad7f0\u003c/Name\u003e\u003cMetadata /\u003e\u003c/Queue\u003e\u003cQueue\u003e\u003cName\u003etest-queue-74b04178-5aaf-45fe-a14c-22782fdcd938\u003c/Name\u003e\u003cMetadata /\u003e\u003c/Queue\u003e\u003cQueue\u003e\u003cName\u003etest-queue-75ebeb68-c9cd-4d31-b4b0-4e001b9bee0f\u003c/Name\u003e\u003cMetadata /\u003e\u003c/Queue\u003e\u003cQueue\u003e\u003cName\u003etest-queue-76b149fa-c464-402f-9e7f-b3edb5842aa5\u003c/Name\u003e\u003cMetadata /\u003e\u003c/Queue\u003e\u003cQueue\u003e\u003cName\u003etest-queue-77e7cad6-e11f-43d7-b073-6c0ec00ace1c\u003c/Name\u003e\u003cMetadata /\u003e\u003c/Queue\u003e\u003cQueue\u003e\u003cName\u003etest-queue-7832c10d-168a-445f-89ce-37e4d2b6f9c1\u003c/Name\u003e\u003cMetadata /\u003e\u003c/Queue\u003e\u003cQueue\u003e\u003cName\u003etest-queue-791d0270-1012-4eb9-b823-c1dc76ccb6d8\u003c/Name\u003e\u003cMetadata /\u003e\u003c/Queue\u003e\u003cQueue\u003e\u003cName\u003etest-queue-79983599-8400-4590-a293-3d058da395b6\u003c/Name\u003e\u003cMetadata /\u003e\u003c/Queue\u003e\u003cQueue\u003e\u003cName\u003etest-queue-7a1a1806-ed84-412e-b407-cc41caaa3bce\u003c/Name\u003e\u003cMetadata /\u003e\u003c/Queue\u003e\u003cQueue\u003e\u003cName\u003etest-queue-7a91f567-6c12-4e25-86da-a573af37d0af\u003c/Name\u003e\u003cMetadata /\u003e\u003c/Queue\u003e\u003cQueue\u003e\u003cName\u003etest-queue-7ab6dc34-8609-4feb-aa83-3471fb098907\u003c/Name\u003e\u003cMetadata /\u003e\u003c/Queue\u003e\u003cQueue\u003e\u003cName\u003etest-queue-7b8a52c5-4494-472e-b09e-df6679e93e31\u003c/Name\u003e\u003cMetadata /\u003e\u003c/Queue\u003e\u003cQueue\u003e\u003cName\u003etest-queue-7b9a8497-238f-451f-9112-10445c57ed80\u003c/Name\u003e\u003cMetadata /\u003e\u003c/Queue\u003e\u003cQueue\u003e\u003cName\u003etest-queue-7be0de0b-07b1-468e-8276-a24ca1fe7ddb\u003c/Name\u003e\u003cMetadata /\u003e\u003c/Queue\u003e\u003cQueue\u003e\u003cName\u003etest-queue-7d17a2cb-0676-4ffd-a5e3-eb08c03ca40b\u003c/Name\u003e\u003cMetadata /\u003e\u003c/Queue\u003e\u003cQueue\u003e\u003cName\u003etest-queue-7d2a0a5f-406a-46dd-ab81-d8a978a0bde7\u003c/Name\u003e\u003cMetadata /\u003e\u003c/Queue\u003e\u003cQueue\u003e\u003cName\u003etest-queue-7e2065ca-5cd1-4f5d-9b66-17187326e0dd\u003c/Name\u003e\u003cMetadata /\u003e\u003c/Queue\u003e\u003cQueue\u003e\u003cName\u003etest-queue-7e4b69f2-3939-4a6e-8b4c-2f82fc2ff995\u003c/Name\u003e\u003cMetadata /\u003e\u003c/Queue\u003e\u003cQueue\u003e\u003cName\u003etest-queue-7ec847e7-555d-44c4-ad8b-240116050a29\u003c/Name\u003e\u003cMetadata /\u003e\u003c/Queue\u003e\u003cQueue\u003e\u003cName\u003etest-queue-7fb85444-cb39-4c6c-bc31-4833cdb831ae\u003c/Name\u003e\u003cMetadata /\u003e\u003c/Queue\u003e\u003cQueue\u003e\u003cName\u003etest-queue-7fe0c9af-b498-4fcc-bc8d-195710acf6ab\u003c/Name\u003e\u003cMetadata /\u003e\u003c/Queue\u003e\u003cQueue\u003e\u003cName\u003etest-queue-807e5fc5-dc60-4023-b6bf-78ddbec7bde1\u003c/Name\u003e\u003cMetadata /\u003e\u003c/Queue\u003e\u003cQueue\u003e\u003cName\u003etest-queue-80a49d85-3892-4ece-83c1-98be62b0d76e\u003c/Name\u003e\u003cMetadata /\u003e\u003c/Queue\u003e\u003cQueue\u003e\u003cName\u003etest-queue-80d500b4-ef0e-4321-8b89-743225d341fe\u003c/Name\u003e\u003cMetadata /\u003e\u003c/Queue\u003e\u003cQueue\u003e\u003cName\u003etest-queue-80d73b60-acba-4692-828e-d517d3be1e47\u003c/Name\u003e\u003cMetadata /\u003e\u003c/Queue\u003e\u003cQueue\u003e\u003cName\u003etest-queue-80ec6082-c4f2-40be-a592-c0cabc255ac5\u003c/Name\u003e\u003cMetadata /\u003e\u003c/Queue\u003e\u003cQueue\u003e\u003cName\u003etest-queue-8123fb8e-1189-4d4c-8de8-5e8866e826be\u003c/Name\u003e\u003cMetadata /\u003e\u003c/Queue\u003e\u003cQueue\u003e\u003cName\u003etest-queue-81614361-0ca4-412c-be22-b4632c4e9e2c\u003c/Name\u003e\u003cMetadata /\u003e\u003c/Queue\u003e\u003cQueue\u003e\u003cName\u003etest-queue-816289a7-af8b-48d7-98ae-044ffd624d28\u003c/Name\u003e\u003cMetadata /\u003e\u003c/Queue\u003e\u003cQueue\u003e\u003cName\u003etest-queue-82013876-09c2-4253-b597-ff85d8f8525c\u003c/Name\u003e\u003cMetadata /\u003e\u003c/Queue\u003e\u003cQueue\u003e\u003cName\u003etest-queue-8253d355-9032-4523-8289-bae54a3afde8\u003c/Name\u003e\u003cMetadata /\u003e\u003c/Queue\u003e\u003cQueue\u003e\u003cName\u003etest-queue-83064867-80e4-4cd5-8735-2282450bdd41\u003c/Name\u003e\u003cMetadata /\u003e\u003c/Queue\u003e\u003cQueue\u003e\u003cName\u003etest-queue-8377dfc5-4aeb-463a-a9d7-28d5e2feb317\u003c/Name\u003e\u003cMetadata /\u003e\u003c/Queue\u003e\u003cQueue\u003e\u003cName\u003etest-queue-839a1a71-f1c4-4acb-a3fa-28dbb05ab0e4\u003c/Name\u003e\u003cMetadata /\u003e\u003c/Queue\u003e\u003cQueue\u003e\u003cName\u003etest-queue-8411781b-b12f-4adf-8e60-b044e3aecbeb\u003c/Name\u003e\u003cMetadata /\u003e\u003c/Queue\u003e\u003cQueue\u003e\u003cName\u003etest-queue-842669a7-37ec-4841-965a-4cdcaa265954\u003c/Name\u003e\u003cMetadata /\u003e\u003c/Queue\u003e\u003cQueue\u003e\u003cName\u003etest-queue-8473f0e1-53c6-44f5-9833-c7436993fdf4\u003c/Name\u003e\u003cMetadata /\u003e\u003c/Queue\u003e\u003cQueue\u003e\u003cName\u003etest-queue-84f53f15-6a1a-45c9-aefe-53f3fca5d1ac\u003c/Name\u003e\u003cMetadata /\u003e\u003c/Queue\u003e\u003cQueue\u003e\u003cName\u003etest-queue-85502c3c-2871-4455-aae3-1e8243574031\u003c/Name\u003e\u003cMetadata /\u003e\u003c/Queue\u003e\u003cQueue\u003e\u003cName\u003etest-queue-85e775c1-44c4-4c3b-9cea-49b2a9909e7a\u003c/Name\u003e\u003cMetadata /\u003e\u003c/Queue\u003e\u003cQueue\u003e\u003cName\u003etest-queue-860912b5-d20f-46bd-8683-c10b442945d6\u003c/Name\u003e\u003cMetadata /\u003e\u003c/Queue\u003e\u003cQueue\u003e\u003cName\u003etest-queue-867b182d-855d-4f15-b848-4568fc46d092\u003c/Name\u003e\u003cMetadata /\u003e\u003c/Queue\u003e\u003cQueue\u003e\u003cName\u003etest-queue-86c9802f-aa28-4254-8c7e-42126823980f\u003c/Name\u003e\u003cMetadata /\u003e\u003c/Queue\u003e\u003cQueue\u003e\u003cName\u003etest-queue-88480735-3074-4f32-8271-66f7042744f1\u003c/Name\u003e\u003cMetadata /\u003e\u003c/Queue\u003e\u003cQueue\u003e\u003cName\u003etest-queue-89108c8f-d601-4c0d-9268-41fb2f5edc4e\u003c/Name\u003e\u003cMetadata /\u003e\u003c/Queue\u003e\u003cQueue\u003e\u003cName\u003etest-queue-89e751aa-d108-479f-a5be-fcb8c80da3ed\u003c/Name\u003e\u003cMetadata /\u003e\u003c/Queue\u003e\u003cQueue\u003e\u003cName\u003etest-queue-8a2592bd-95f9-4b49-a055-753c32732aba\u003c/Name\u003e\u003cMetadata /\u003e\u003c/Queue\u003e\u003cQueue\u003e\u003cName\u003etest-queue-8a4c423f-95ad-4840-b151-bd635bf660c3\u003c/Name\u003e\u003cMetadata /\u003e\u003c/Queue\u003e\u003cQueue\u003e\u003cName\u003etest-queue-8a99f1aa-a74e-c26c-cd87-c5c319bdfb91\u003c/Name\u003e\u003cMetadata /\u003e\u003c/Queue\u003e\u003cQueue\u003e\u003cName\u003etest-queue-8b3f2048-2916-4106-9d1e-3b742f5d17b6\u003c/Name\u003e\u003cMetadata /\u003e\u003c/Queue\u003e\u003cQueue\u003e\u003cName\u003etest-queue-8b74b24c-aa4d-c674-224b-002f157e2828\u003c/Name\u003e\u003cMetadata /\u003e\u003c/Queue\u003e\u003cQueue\u003e\u003cName\u003etest-queue-8ba231fb-4f3c-4a20-a8d2-53bb0e60fade\u003c/Name\u003e\u003cMetadata /\u003e\u003c/Queue\u003e\u003cQueue\u003e\u003cName\u003etest-queue-8ba8fea2-7c46-406a-ac06-728bae8b9b85\u003c/Name\u003e\u003cMetadata /\u003e\u003c/Queue\u003e\u003cQueue\u003e\u003cName\u003etest-queue-8bc7aaa8-85c7-44ee-a404-a3b0deaceb9f\u003c/Name\u003e\u003cMetadata /\u003e\u003c/Queue\u003e\u003cQueue\u003e\u003cName\u003etest-queue-8c7cebda-03cc-415d-810c-9a636a7bc9ae\u003c/Name\u003e\u003cMetadata /\u003e\u003c/Queue\u003e\u003cQueue\u003e\u003cName\u003etest-queue-8cad1e8f-cd64-4938-9c9e-5e8c3956991f\u003c/Name\u003e\u003cMetadata /\u003e\u003c/Queue\u003e\u003cQueue\u003e\u003cName\u003etest-queue-8d2aea10-6e38-44db-bbf3-eda77e5a1629\u003c/Name\u003e\u003cMetadata /\u003e\u003c/Queue\u003e\u003cQueue\u003e\u003cName\u003etest-queue-8d88e40e-67d1-4add-b566-a815a2eb0a95\u003c/Name\u003e\u003cMetadata /\u003e\u003c/Queue\u003e\u003cQueue\u003e\u003cName\u003etest-queue-8dc43fb2-a228-4edb-8e7b-1c13e2504f64\u003c/Name\u003e\u003cMetadata /\u003e\u003c/Queue\u003e\u003cQueue\u003e\u003cName\u003etest-queue-8df174de-be7e-4747-98bf-55c1cb0e8dd5\u003c/Name\u003e\u003cMetadata /\u003e\u003c/Queue\u003e\u003cQueue\u003e\u003cName\u003etest-queue-8e524ca4-1018-41af-87b7-14a4b9e60681\u003c/Name\u003e\u003cMetadata /\u003e\u003c/Queue\u003e\u003cQueue\u003e\u003cName\u003etest-queue-8ed83872-866d-4ee7-8a7f-bd15b96b4003\u003c/Name\u003e\u003cMetadata /\u003e\u003c/Queue\u003e\u003cQueue\u003e\u003cName\u003etest-queue-8fd31efc-1aef-4411-99e2-83af89692107\u003c/Name\u003e\u003cMetadata /\u003e\u003c/Queue\u003e\u003cQueue\u003e\u003cName\u003etest-queue-9029acf6-0892-4d4f-936e-920a1fa3e200\u003c/Name\u003e\u003cMetadata /\u003e\u003c/Queue\u003e\u003cQueue\u003e\u003cName\u003etest-queue-903b0f92-8599-4282-8bda-3b10659b7367\u003c/Name\u003e\u003cMetadata /\u003e\u003c/Queue\u003e\u003cQueue\u003e\u003cName\u003etest-queue-91579f6a-5f40-4efa-b0b5-34a51e0dab2f\u003c/Name\u003e\u003cMetadata /\u003e\u003c/Queue\u003e\u003cQueue\u003e\u003cName\u003etest-queue-9162b3dc-3606-4591-a099-4c45e0d19933\u003c/Name\u003e\u003cMetadata /\u003e\u003c/Queue\u003e\u003cQueue\u003e\u003cName\u003etest-queue-91de0ec5-1a6e-448b-bf44-cdc31690494e\u003c/Name\u003e\u003cMetadata /\u003e\u003c/Queue\u003e\u003cQueue\u003e\u003cName\u003etest-queue-925db321-1d69-4b8e-b2c2-861618d32d59\u003c/Name\u003e\u003cMetadata /\u003e\u003c/Queue\u003e\u003cQueue\u003e\u003cName\u003etest-queue-93450bd8-1288-4b8b-a05b-2d78e3e74046\u003c/Name\u003e\u003cMetadata /\u003e\u003c/Queue\u003e\u003cQueue\u003e\u003cName\u003etest-queue-935450c5-a1fe-4dda-9247-4e900b30b4d8\u003c/Name\u003e\u003cMetadata /\u003e\u003c/Queue\u003e\u003cQueue\u003e\u003cName\u003etest-queue-938dfc3b-8d09-43c7-97f1-51ad4d60ad03\u003c/Name\u003e\u003cMetadata /\u003e\u003c/Queue\u003e\u003cQueue\u003e\u003cName\u003etest-queue-93afbcc0-c8e1-477e-9820-70bc7210dd55\u003c/Name\u003e\u003cMetadata /\u003e\u003c/Queue\u003e\u003cQueue\u003e\u003cName\u003etest-queue-94280087-19bd-41b5-90f3-f013003eae71\u003c/Name\u003e\u003cMetadata /\u003e\u003c/Queue\u003e\u003cQueue\u003e\u003cName\u003etest-queue-9585a5da-f452-4f0c-bae4-3c5cc6601019\u003c/Name\u003e\u003cMetadata /\u003e\u003c/Queue\u003e\u003cQueue\u003e\u003cName\u003etest-queue-958f13f9-7b3d-4e82-a0a6-411ff7548ccf\u003c/Name\u003e\u003cMetadata /\u003e\u003c/Queue\u003e\u003cQueue\u003e\u003cName\u003etest-queue-960377af-3389-4e0a-8bb8-cb94f49eac18\u003c/Name\u003e\u003cMetadata /\u003e\u003c/Queue\u003e\u003cQueue\u003e\u003cName\u003etest-queue-9662c33d-42cf-4bcf-8157-7e37437856c9\u003c/Name\u003e\u003cMetadata /\u003e\u003c/Queue\u003e\u003cQueue\u003e\u003cName\u003etest-queue-96b3ca5b-ed15-4483-a3e3-432a4a6e849c\u003c/Name\u003e\u003cMetadata /\u003e\u003c/Queue\u003e\u003cQueue\u003e\u003cName\u003etest-queue-96ecac11-bf96-4549-8675-5ee26a5fcacf\u003c/Name\u003e\u003cMetadata /\u003e\u003c/Queue\u003e\u003cQueue\u003e\u003cName\u003etest-queue-971db093-5311-4309-93c2-04e1dc62561e\u003c/Name\u003e\u003cMetadata /\u003e\u003c/Queue\u003e\u003cQueue\u003e\u003cName\u003etest-queue-972412fa-cd88-4900-b534-a0b461d97c25\u003c/Name\u003e\u003cMetadata /\u003e\u003c/Queue\u003e\u003cQueue\u003e\u003cName\u003etest-queue-97f1dee4-4a6d-4a1c-8aa8-0febfde3dce0\u003c/Name\u003e\u003cMetadata /\u003e\u003c/Queue\u003e\u003cQueue\u003e\u003cName\u003etest-queue-9841bdc3-2051-4a1e-a0ff-f76e451b1173\u003c/Name\u003e\u003cMetadata /\u003e\u003c/Queue\u003e\u003cQueue\u003e\u003cName\u003etest-queue-993cc062-ea87-4a02-8958-bfc71a863010\u003c/Name\u003e\u003cMetadata /\u003e\u003c/Queue\u003e\u003cQueue\u003e\u003cName\u003etest-queue-99d37746-4985-47d9-9c27-b0a48b6c90ab\u003c/Name\u003e\u003cMetadata /\u003e\u003c/Queue\u003e\u003cQueue\u003e\u003cName\u003etest-queue-9a222b47-d72e-4ff1-812f-0436a8bbddd2\u003c/Name\u003e\u003cMetadata /\u003e\u003c/Queue\u003e\u003cQueue\u003e\u003cName\u003etest-queue-9d5349e3-b647-4414-b79a-33ee0ffadcb3\u003c/Name\u003e\u003cMetadata /\u003e\u003c/Queue\u003e\u003cQueue\u003e\u003cName\u003etest-queue-9d5b8c51-447c-48b8-ad68-d0c9d63aab48\u003c/Name\u003e\u003cMetadata /\u003e\u003c/Queue\u003e\u003cQueue\u003e\u003cName\u003etest-queue-9df907ce-29d6-4d4c-95ef-a3aa6ae46b5d\u003c/Name\u003e\u003cMetadata /\u003e\u003c/Queue\u003e\u003cQueue\u003e\u003cName\u003etest-queue-9e50a2f8-5118-4970-96ab-63ca01ee86c2\u003c/Name\u003e\u003cMetadata /\u003e\u003c/Queue\u003e\u003cQueue\u003e\u003cName\u003etest-queue-9ee58eda-6d8a-483d-89b7-aa033743e7a3\u003c/Name\u003e\u003cMetadata /\u003e\u003c/Queue\u003e\u003cQueue\u003e\u003cName\u003etest-queue-9ee9a614-6b75-443d-b12c-91984ae7e066\u003c/Name\u003e\u003cMetadata /\u003e\u003c/Queue\u003e\u003cQueue\u003e\u003cName\u003etest-queue-9f3439f8-63e5-442b-8c0a-fa8cd51113dd\u003c/Name\u003e\u003cMetadata /\u003e\u003c/Queue\u003e\u003cQueue\u003e\u003cName\u003etest-queue-9ff0a64b-5f85-4691-a085-0219d4fb5839\u003c/Name\u003e\u003cMetadata /\u003e\u003c/Queue\u003e\u003cQueue\u003e\u003cName\u003etest-queue-a1023438-0651-4370-8f97-9513cb14a62f\u003c/Name\u003e\u003cMetadata /\u003e\u003c/Queue\u003e\u003cQueue\u003e\u003cName\u003etest-queue-a1102288-67e3-4f76-8527-7adf0e2c1deb\u003c/Name\u003e\u003cMetadata /\u003e\u003c/Queue\u003e\u003cQueue\u003e\u003cName\u003etest-queue-a11bbd97-f298-4ada-a301-2291251f56f3\u003c/Name\u003e\u003cMetadata /\u003e\u003c/Queue\u003e\u003cQueue\u003e\u003cName\u003etest-queue-a23f9601-fc8a-43f4-bf8b-53a4379b8231\u003c/Name\u003e\u003cMetadata /\u003e\u003c/Queue\u003e\u003cQueue\u003e\u003cName\u003etest-queue-a2ed06dd-4de5-4b24-8911-acadcccb4851\u003c/Name\u003e\u003cMetadata /\u003e\u003c/Queue\u003e\u003cQueue\u003e\u003cName\u003etest-queue-a33b0055-7fb7-4b9f-8889-af301e5a6caa\u003c/Name\u003e\u003cMetadata /\u003e\u003c/Queue\u003e\u003cQueue\u003e\u003cName\u003etest-queue-a481cb00-fd66-4a07-9cf0-b3da4dcf349a\u003c/Name\u003e\u003cMetadata /\u003e\u003c/Queue\u003e\u003cQueue\u003e\u003cName\u003etest-queue-a6a10c87-4795-4e0e-945d-2237053f0f60\u003c/Name\u003e\u003cMetadata /\u003e\u003c/Queue\u003e\u003cQueue\u003e\u003cName\u003etest-queue-a72629af-fc99-48c3-8c24-746103e74ea3\u003c/Name\u003e\u003cMetadata /\u003e\u003c/Queue\u003e\u003cQueue\u003e\u003cName\u003etest-queue-a8d4eb0d-0e34-4d8d-93f5-d16f48525013\u003c/Name\u003e\u003cMetadata /\u003e\u003c/Queue\u003e\u003cQueue\u003e\u003cName\u003etest-queue-a8d82bc7-9fca-4cd5-b126-85c41f6589ad\u003c/Name\u003e\u003cMetadata /\u003e\u003c/Queue\u003e\u003cQueue\u003e\u003cName\u003etest-queue-aa2c0a00-2511-4616-9117-592b886eb821\u003c/Name\u003e\u003cMetadata /\u003e\u003c/Queue\u003e\u003cQueue\u003e\u003cName\u003etest-queue-aa2c211a-d00c-415d-8261-5d540a94bd9b\u003c/Name\u003e\u003cMetadata /\u003e\u003c/Queue\u003e\u003cQueue\u003e\u003cName\u003etest-queue-aaf3d3ae-7815-45ef-95b9-bcab1bf6a71f\u003c/Name\u003e\u003cMetadata /\u003e\u003c/Queue\u003e\u003cQueue\u003e\u003cName\u003etest-queue-abb50544-79a6-4691-bb96-e59970377fa2\u003c/Name\u003e\u003cMetadata /\u003e\u003c/Queue\u003e\u003cQueue\u003e\u003cName\u003etest-queue-ac145825-e359-4c5d-9f1d-05bf3e90f1a8\u003c/Name\u003e\u003cMetadata /\u003e\u003c/Queue\u003e\u003cQueue\u003e\u003cName\u003etest-queue-ac1ac7dd-a8f4-4f2f-9efb-890db8918bf3\u003c/Name\u003e\u003cMetadata /\u003e\u003c/Queue\u003e\u003cQueue\u003e\u003cName\u003etest-queue-ac439c4f-299c-428a-96e7-3befffd8be30\u003c/Name\u003e\u003cMetadata /\u003e\u003c/Queue\u003e\u003cQueue\u003e\u003cName\u003etest-queue-ac4dc651-4743-410c-8e84-3b046616681d\u003c/Name\u003e\u003cMetadata /\u003e\u003c/Queue\u003e\u003cQueue\u003e\u003cName\u003etest-queue-acdb7c9e-fc99-4a7a-8037-2101335c8dfa\u003c/Name\u003e\u003cMetadata /\u003e\u003c/Queue\u003e\u003cQueue\u003e\u003cName\u003etest-queue-ad30c843-d37a-448a-ae56-f39176a87338\u003c/Name\u003e\u003cMetadata /\u003e\u003c/Queue\u003e\u003cQueue\u003e\u003cName\u003etest-queue-ad5c2e77-1053-206e-2393-bd5e66363c40\u003c/Name\u003e\u003cMetadata /\u003e\u003c/Queue\u003e\u003cQueue\u003e\u003cName\u003etest-queue-ae35adf2-82ee-435a-aa42-1ada18ac7ba8\u003c/Name\u003e\u003cMetadata /\u003e\u003c/Queue\u003e\u003cQueue\u003e\u003cName\u003etest-queue-ae4833d8-ea6a-4698-93da-43167e7ef1ff\u003c/Name\u003e\u003cMetadata /\u003e\u003c/Queue\u003e\u003cQueue\u003e\u003cName\u003etest-queue-ae6fc90f-7482-4783-839a-dcc0e0495952\u003c/Name\u003e\u003cMetadata /\u003e\u003c/Queue\u003e\u003cQueue\u003e\u003cName\u003etest-queue-aeb72c94-62c6-47c8-a330-32406dd64f3d\u003c/Name\u003e\u003cMetadata /\u003e\u003c/Queue\u003e\u003cQueue\u003e\u003cName\u003etest-queue-af5069a5-f77c-48cc-b245-4b36092aed3c\u003c/Name\u003e\u003cMetadata /\u003e\u003c/Queue\u003e\u003cQueue\u003e\u003cName\u003etest-queue-af75dee9-1ab9-2f6c-d2f1-a6c500b17023\u003c/Name\u003e\u003cMetadata /\u003e\u003c/Queue\u003e\u003cQueue\u003e\u003cName\u003etest-queue-b0b67e18-a72e-494b-8c23-ed3c34f1a723\u003c/Name\u003e\u003cMetadata /\u003e\u003c/Queue\u003e\u003cQueue\u003e\u003cName\u003etest-queue-b1520653-b76f-45c4-ae16-2f8ed9dba255\u003c/Name\u003e\u003cMetadata /\u003e\u003c/Queue\u003e\u003cQueue\u003e\u003cName\u003etest-queue-b1d1b445-0ee1-45ba-bf09-c6ecaafbc9d5\u003c/Name\u003e\u003cMetadata /\u003e\u003c/Queue\u003e\u003cQueue\u003e\u003cName\u003etest-queue-b22d10ee-c762-4031-af4a-66117fb85f61\u003c/Name\u003e\u003cMetadata /\u003e\u003c/Queue\u003e\u003cQueue\u003e\u003cName\u003etest-queue-b23a0a3f-f832-438d-8e2d-990b6a33122c\u003c/Name\u003e\u003cMetadata /\u003e\u003c/Queue\u003e\u003cQueue\u003e\u003cName\u003etest-queue-b5b3846a-afd0-4030-aff4-ff3000fbb732\u003c/Name\u003e\u003cMetadata /\u003e\u003c/Queue\u003e\u003cQueue\u003e\u003cName\u003etest-queue-b5fbe957-43bc-4936-a85d-003e0b3adb60\u003c/Name\u003e\u003cMetadata /\u003e\u003c/Queue\u003e\u003cQueue\u003e\u003cName\u003etest-queue-b6c9b519-686b-4a44-bcd8-08cc56013248\u003c/Name\u003e\u003cMetadata /\u003e\u003c/Queue\u003e\u003cQueue\u003e\u003cName\u003etest-queue-b7473a1a-f3df-4e8a-8441-ee46fcd8fc7a\u003c/Name\u003e\u003cMetadata /\u003e\u003c/Queue\u003e\u003cQueue\u003e\u003cName\u003etest-queue-b767d962-d75b-42d9-8e8a-b8bf7273f6c7\u003c/Name\u003e\u003cMetadata /\u003e\u003c/Queue\u003e\u003cQueue\u003e\u003cName\u003etest-queue-b77acc5b-563c-4cde-bef8-395c981454f2\u003c/Name\u003e\u003cMetadata /\u003e\u003c/Queue\u003e\u003cQueue\u003e\u003cName\u003etest-queue-b7c2cc32-2e68-4361-a169-456ad320831e\u003c/Name\u003e\u003cMetadata /\u003e\u003c/Queue\u003e\u003cQueue\u003e\u003cName\u003etest-queue-b7d06e92-b18c-4fe4-8e51-8543c6512fa1\u003c/Name\u003e\u003cMetadata /\u003e\u003c/Queue\u003e\u003cQueue\u003e\u003cName\u003etest-queue-b7e7934c-8579-4b47-8b33-94b9b425ee2d\u003c/Name\u003e\u003cMetadata /\u003e\u003c/Queue\u003e\u003cQueue\u003e\u003cName\u003etest-queue-b876c993-f9a5-4813-81e3-836f1b2bd99d\u003c/Name\u003e\u003cMetadata /\u003e\u003c/Queue\u003e\u003cQueue\u003e\u003cName\u003etest-queue-b8d66b83-ccc6-4d90-bfdd-c4a169829068\u003c/Name\u003e\u003cMetadata /\u003e\u003c/Queue\u003e\u003cQueue\u003e\u003cName\u003etest-queue-b98419c9-38a7-40a3-8fdf-20e854029b69\u003c/Name\u003e\u003cMetadata /\u003e\u003c/Queue\u003e\u003cQueue\u003e\u003cName\u003etest-queue-ba182a92-03cb-44c9-b181-58dfdf85e718\u003c/Name\u003e\u003cMetadata /\u003e\u003c/Queue\u003e\u003cQueue\u003e\u003cName\u003etest-queue-bb9b0576-67d3-ae7a-b270-67fc8286009b\u003c/Name\u003e\u003cMetadata /\u003e\u003c/Queue\u003e\u003cQueue\u003e\u003cName\u003etest-queue-bba982ec-6e00-424e-a9c2-259527d23d95\u003c/Name\u003e\u003cMetadata /\u003e\u003c/Queue\u003e\u003cQueue\u003e\u003cName\u003etest-queue-bc540eaf-7cf1-4a0f-b2d7-6e86c648341c\u003c/Name\u003e\u003cMetadata /\u003e\u003c/Queue\u003e\u003cQueue\u003e\u003cName\u003etest-queue-bc8374a7-8b8f-487a-9a32-644a800e8bba\u003c/Name\u003e\u003cMetadata /\u003e\u003c/Queue\u003e\u003cQueue\u003e\u003cName\u003etest-queue-bccd3578-9e81-445f-8ae5-e4130d6c54a1\u003c/Name\u003e\u003cMetadata /\u003e\u003c/Queue\u003e\u003cQueue\u003e\u003cName\u003etest-queue-bce5cb23-504a-4a26-8d6b-fdc225a9b8cb\u003c/Name\u003e\u003cMetadata /\u003e\u003c/Queue\u003e\u003cQueue\u003e\u003cName\u003etest-queue-bdebde45-c9e3-4e5f-a22b-9bf860116d97\u003c/Name\u003e\u003cMetadata /\u003e\u003c/Queue\u003e\u003cQueue\u003e\u003cName\u003etest-queue-bed59d80-4c70-470b-93ec-feb6f619b71f\u003c/Name\u003e\u003cMetadata /\u003e\u003c/Queue\u003e\u003cQueue\u003e\u003cName\u003etest-queue-bedb7a7e-029c-4031-bef8-eff060c80a20\u003c/Name\u003e\u003cMetadata /\u003e\u003c/Queue\u003e\u003cQueue\u003e\u003cName\u003etest-queue-bf11b41f-16b5-442c-afc7-a4fdb9678c61\u003c/Name\u003e\u003cMetadata /\u003e\u003c/Queue\u003e\u003cQueue\u003e\u003cName\u003etest-queue-bf9d6c62-b526-4869-b605-8c4998af349e\u003c/Name\u003e\u003cMetadata /\u003e\u003c/Queue\u003e\u003cQueue\u003e\u003cName\u003etest-queue-bfe57b82-648c-1aef-8ef9-ed7bd9ca9c47\u003c/Name\u003e\u003cMetadata /\u003e\u003c/Queue\u003e\u003cQueue\u003e\u003cName\u003etest-queue-c0415dae-7a83-480e-89e8-61aad8e00f93\u003c/Name\u003e\u003cMetadata /\u003e\u003c/Queue\u003e\u003cQueue\u003e\u003cName\u003etest-queue-c10f441d-0c1a-44e8-8005-e8ab4cf875ef\u003c/Name\u003e\u003cMetadata /\u003e\u003c/Queue\u003e\u003cQueue\u003e\u003cName\u003etest-queue-c1333028-a921-4544-87cd-e7bd47edd694\u003c/Name\u003e\u003cMetadata /\u003e\u003c/Queue\u003e\u003cQueue\u003e\u003cName\u003etest-queue-c1c57430-fe43-4570-9538-5aa7c198a7a5\u003c/Name\u003e\u003cMetadata /\u003e\u003c/Queue\u003e\u003cQueue\u003e\u003cName\u003etest-queue-c1d12b6d-63f5-4f40-b8e2-3d0bb1076fef\u003c/Name\u003e\u003cMetadata /\u003e\u003c/Queue\u003e\u003cQueue\u003e\u003cName\u003etest-queue-c288eb08-9cbf-4ea8-858e-5950dce1793e\u003c/Name\u003e\u003cMetadata /\u003e\u003c/Queue\u003e\u003cQueue\u003e\u003cName\u003etest-queue-c2a3a673-9fb7-4937-a05b-e7ccb3b163dd\u003c/Name\u003e\u003cMetadata /\u003e\u003c/Queue\u003e\u003cQueue\u003e\u003cName\u003etest-queue-c2a4c2b7-3237-0b32-16ba-6883ac866cf1\u003c/Name\u003e\u003cMetadata /\u003e\u003c/Queue\u003e\u003cQueue\u003e\u003cName\u003etest-queue-c3314931-b5bf-44b6-91cf-2407cd19eeab\u003c/Name\u003e\u003cMetadata /\u003e\u003c/Queue\u003e\u003cQueue\u003e\u003cName\u003etest-queue-c34010e7-0bcf-6f80-aa09-d1c58232c994\u003c/Name\u003e\u003cMetadata /\u003e\u003c/Queue\u003e\u003cQueue\u003e\u003cName\u003etest-queue-c35f62c0-a517-4b30-a2df-64131db417ac\u003c/Name\u003e\u003cMetadata /\u003e\u003c/Queue\u003e\u003cQueue\u003e\u003cName\u003etest-queue-c374a469-2f8f-4a9c-95c4-2b8fbcbdceba\u003c/Name\u003e\u003cMetadata /\u003e\u003c/Queue\u003e\u003cQueue\u003e\u003cName\u003etest-queue-c3f99627-9852-4515-8dd7-8ff360a55a39\u003c/Name\u003e\u003cMetadata /\u003e\u003c/Queue\u003e\u003cQueue\u003e\u003cName\u003etest-queue-c42b7e53-616c-4e78-ac64-0caeff0b3cba\u003c/Name\u003e\u003cMetadata /\u003e\u003c/Queue\u003e\u003cQueue\u003e\u003cName\u003etest-queue-c461d154-2744-42a0-bf26-514761e964d3\u003c/Name\u003e\u003cMetadata /\u003e\u003c/Queue\u003e\u003cQueue\u003e\u003cName\u003etest-queue-c566d3b2-f0af-45c0-b3b9-6d7250cd0a5b\u003c/Name\u003e\u003cMetadata /\u003e\u003c/Queue\u003e\u003cQueue\u003e\u003cName\u003etest-queue-c5b30e9e-07c5-4507-8799-46b6271ae134\u003c/Name\u003e\u003cMetadata /\u003e\u003c/Queue\u003e\u003cQueue\u003e\u003cName\u003etest-queue-c604baf6-b6e6-40e8-a3ca-1b02c7673604\u003c/Name\u003e\u003cMetadata /\u003e\u003c/Queue\u003e\u003cQueue\u003e\u003cName\u003etest-queue-c6dfc219-3ac4-4147-8f04-55688dcde9ce\u003c/Name\u003e\u003cMetadata /\u003e\u003c/Queue\u003e\u003cQueue\u003e\u003cName\u003etest-queue-c7d204bd-5e64-40c1-923c-dc33c25f0f4c\u003c/Name\u003e\u003cMetadata /\u003e\u003c/Queue\u003e\u003cQueue\u003e\u003cName\u003etest-queue-c8e7119a-49c2-41b1-a30a-bb168209e106\u003c/Name\u003e\u003cMetadata /\u003e\u003c/Queue\u003e\u003cQueue\u003e\u003cName\u003etest-queue-c8fca53a-7d36-4449-b537-1db11a8c6ce4\u003c/Name\u003e\u003cMetadata /\u003e\u003c/Queue\u003e\u003cQueue\u003e\u003cName\u003etest-queue-c96e55b8-8e2c-4d73-8d9e-7d36d731870a\u003c/Name\u003e\u003cMetadata /\u003e\u003c/Queue\u003e\u003cQueue\u003e\u003cName\u003etest-queue-cb4e9dbc-4fd0-4ad5-b024-70b6156f79c5\u003c/Name\u003e\u003cMetadata /\u003e\u003c/Queue\u003e\u003cQueue\u003e\u003cName\u003etest-queue-cb585eba-f4e2-4d3e-beb4-f4188a09a2b2\u003c/Name\u003e\u003cMetadata /\u003e\u003c/Queue\u003e\u003cQueue\u003e\u003cName\u003etest-queue-cc202712-d3ec-4ece-b29a-5f3deabb5f62\u003c/Name\u003e\u003cMetadata /\u003e\u003c/Queue\u003e\u003cQueue\u003e\u003cName\u003etest-queue-cc82d8e9-3577-4d42-a7f7-19a60899ef44\u003c/Name\u003e\u003cMetadata /\u003e\u003c/Queue\u003e\u003cQueue\u003e\u003cName\u003etest-queue-ccb08896-3944-4622-8383-435003a60e4d\u003c/Name\u003e\u003cMetadata /\u003e\u003c/Queue\u003e\u003cQueue\u003e\u003cName\u003etest-queue-ccc7d537-1d4a-4bb7-8183-af4e7f5ea596\u003c/Name\u003e\u003cMetadata /\u003e\u003c/Queue\u003e\u003cQueue\u003e\u003cName\u003etest-queue-ccd95066-ad59-42fa-8a75-645332e909ec\u003c/Name\u003e\u003cMetadata /\u003e\u003c/Queue\u003e\u003cQueue\u003e\u003cName\u003etest-queue-cd607153-1d3a-480b-b13b-0295a147b7e6\u003c/Name\u003e\u003cMetadata /\u003e\u003c/Queue\u003e\u003cQueue\u003e\u003cName\u003etest-queue-ceb2ed5a-7e6a-4727-88a8-d91dfbeaa060\u003c/Name\u003e\u003cMetadata /\u003e\u003c/Queue\u003e\u003cQueue\u003e\u003cName\u003etest-queue-cf89c2fa-6d02-7bbc-08bb-74d9864a0b31\u003c/Name\u003e\u003cMetadata /\u003e\u003c/Queue\u003e\u003cQueue\u003e\u003cName\u003etest-queue-cfd6a927-7d96-251e-d1ca-d63c605ed283\u003c/Name\u003e\u003cMetadata /\u003e\u003c/Queue\u003e\u003cQueue\u003e\u003cName\u003etest-queue-d06cb27e-d5c6-ab10-ab68-37ce8f728a54\u003c/Name\u003e\u003cMetadata /\u003e\u003c/Queue\u003e\u003cQueue\u003e\u003cName\u003etest-queue-d0cc2269-84c4-b941-fa7c-af318ad85e08\u003c/Name\u003e\u003cMetadata /\u003e\u003c/Queue\u003e\u003cQueue\u003e\u003cName\u003etest-queue-d0e986d2-edc3-4034-92cb-6a475bf71bf2\u003c/Name\u003e\u003cMetadata /\u003e\u003c/Queue\u003e\u003cQueue\u003e\u003cName\u003etest-queue-d14e9cdc-9fdb-4d04-938d-179bd62a77c6\u003c/Name\u003e\u003cMetadata /\u003e\u003c/Queue\u003e\u003cQueue\u003e\u003cName\u003etest-queue-d21b30a5-8705-46c2-8a53-29ce1a3c4ba7\u003c/Name\u003e\u003cMetadata /\u003e\u003c/Queue\u003e\u003cQueue\u003e\u003cName\u003etest-queue-d2457ed7-f7cc-4b81-a963-6426d85b808a\u003c/Name\u003e\u003cMetadata /\u003e\u003c/Queue\u003e\u003cQueue\u003e\u003cName\u003etest-queue-d270616c-21f5-4be6-b2bf-79502eb9078f\u003c/Name\u003e\u003cMetadata /\u003e\u003c/Queue\u003e\u003cQueue\u003e\u003cName\u003etest-queue-d2b1ec40-16f6-aeaf-a18a-72b3bdaeb506\u003c/Name\u003e\u003cMetadata /\u003e\u003c/Queue\u003e\u003cQueue\u003e\u003cName\u003etest-queue-d3db2280-ab2d-4e12-87e5-8cf92dd003d1\u003c/Name\u003e\u003cMetadata /\u003e\u003c/Queue\u003e\u003cQueue\u003e\u003cName\u003etest-queue-d44a674f-127f-446e-9039-95f67b9c4c79\u003c/Name\u003e\u003cMetadata /\u003e\u003c/Queue\u003e\u003cQueue\u003e\u003cName\u003etest-queue-d48697ca-66c0-4bf2-883f-7db1d15b3c12\u003c/Name\u003e\u003cMetadata /\u003e\u003c/Queue\u003e\u003cQueue\u003e\u003cName\u003etest-queue-d4901d6c-e9e3-4c4f-8b21-5ee93880088b\u003c/Name\u003e\u003cMetadata /\u003e\u003c/Queue\u003e\u003cQueue\u003e\u003cName\u003etest-queue-d519d07e-85bf-4555-a9aa-6ccd36a4f294\u003c/Name\u003e\u003cMetadata /\u003e\u003c/Queue\u003e\u003cQueue\u003e\u003cName\u003etest-queue-d5a326e8-bc4c-4c8d-9fc6-3af676826c09\u003c/Name\u003e\u003cMetadata /\u003e\u003c/Queue\u003e\u003cQueue\u003e\u003cName\u003etest-queue-d6a46311-fa10-4e24-bc82-912dfb0fd150\u003c/Name\u003e\u003cMetadata /\u003e\u003c/Queue\u003e\u003cQueue\u003e\u003cName\u003etest-queue-d6c68fc3-2885-3e74-e405-2019521445cc\u003c/Name\u003e\u003cMetadata /\u003e\u003c/Queue\u003e\u003cQueue\u003e\u003cName\u003etest-queue-d6cce273-9222-4b87-aee4-601a8b949159\u003c/Name\u003e\u003cMetadata /\u003e\u003c/Queue\u003e\u003cQueue\u003e\u003cName\u003etest-queue-d7067f18-a578-fbc6-4641-19ba5163d351\u003c/Name\u003e\u003cMetadata /\u003e\u003c/Queue\u003e\u003cQueue\u003e\u003cName\u003etest-queue-d72f2b7d-a6ed-4833-abef-f2aec0e76869\u003c/Name\u003e\u003cMetadata /\u003e\u003c/Queue\u003e\u003cQueue\u003e\u003cName\u003etest-queue-d732a02b-be8b-469c-8788-44831136c7eb\u003c/Name\u003e\u003cMetadata /\u003e\u003c/Queue\u003e\u003cQueue\u003e\u003cName\u003etest-queue-d74b00fd-f82e-48ca-8e47-656c10a6eb75\u003c/Name\u003e\u003cMetadata /\u003e\u003c/Queue\u003e\u003cQueue\u003e\u003cName\u003etest-queue-d783faac-a8ac-4d81-8191-e1c113085813\u003c/Name\u003e\u003cMetadata /\u003e\u003c/Queue\u003e\u003cQueue\u003e\u003cName\u003etest-queue-d861046a-0e24-4631-ad12-374076cce0b1\u003c/Name\u003e\u003cMetadata /\u003e\u003c/Queue\u003e\u003cQueue\u003e\u003cName\u003etest-queue-d937f3af-3b66-4bb0-b997-e4492a6110a7\u003c/Name\u003e\u003cMetadata /\u003e\u003c/Queue\u003e\u003cQueue\u003e\u003cName\u003etest-queue-d9970553-e35b-43db-8be4-9806b8dd8d81\u003c/Name\u003e\u003cMetadata /\u003e\u003c/Queue\u003e\u003cQueue\u003e\u003cName\u003etest-queue-d99cbc9c-638d-4e05-b4f0-5521f3cb8f21\u003c/Name\u003e\u003cMetadata /\u003e\u003c/Queue\u003e\u003cQueue\u003e\u003cName\u003etest-queue-d9d545ba-ced8-499b-a9e2-ba498a8b9811\u003c/Name\u003e\u003cMetadata /\u003e\u003c/Queue\u003e\u003cQueue\u003e\u003cName\u003etest-queue-da8ffc7e-eb53-475c-99c6-33a5a59c7210\u003c/Name\u003e\u003cMetadata /\u003e\u003c/Queue\u003e\u003cQueue\u003e\u003cName\u003etest-queue-dadfb14d-4117-4e30-b277-96b2c50255bd\u003c/Name\u003e\u003cMetadata /\u003e\u003c/Queue\u003e\u003cQueue\u003e\u003cName\u003etest-queue-dd09a184-56ab-43fb-84b7-4669d44d219f\u003c/Name\u003e\u003cMetadata /\u003e\u003c/Queue\u003e\u003cQueue\u003e\u003cName\u003etest-queue-dd353780-4be6-455c-b282-9180ee867d21\u003c/Name\u003e\u003cMetadata /\u003e\u003c/Queue\u003e\u003cQueue\u003e\u003cName\u003etest-queue-dd3e2412-acf9-4b59-8699-ec3a02595cd5\u003c/Name\u003e\u003cMetadata /\u003e\u003c/Queue\u003e\u003cQueue\u003e\u003cName\u003etest-queue-dd621f81-f276-4247-901f-cc928799b295\u003c/Name\u003e\u003cMetadata /\u003e\u003c/Queue\u003e\u003cQueue\u003e\u003cName\u003etest-queue-dde8193e-c7f8-4b68-9cd0-c96f9e9653ec\u003c/Name\u003e\u003cMetadata /\u003e\u003c/Queue\u003e\u003cQueue\u003e\u003cName\u003etest-queue-dee6be6c-0a50-40b7-be01-388efa7b8364\u003c/Name\u003e\u003cMetadata /\u003e\u003c/Queue\u003e\u003cQueue\u003e\u003cName\u003etest-queue-df06a7ac-40f0-470a-a971-2c6202da622d\u003c/Name\u003e\u003cMetadata /\u003e\u003c/Queue\u003e\u003cQueue\u003e\u003cName\u003etest-queue-df1a6f70-404f-455f-9acf-f44eb2d31a3d\u003c/Name\u003e\u003cMetadata /\u003e\u003c/Queue\u003e\u003cQueue\u003e\u003cName\u003etest-queue-df3c12d8-17b5-414a-976c-b36021850b7e\u003c/Name\u003e\u003cMetadata /\u003e\u003c/Queue\u003e\u003cQueue\u003e\u003cName\u003etest-queue-e0cb1922-474b-48fc-9fb5-2dcdc19904e4\u003c/Name\u003e\u003cMetadata /\u003e\u003c/Queue\u003e\u003cQueue\u003e\u003cName\u003etest-queue-e0f8caa7-4a51-43c2-b54e-d089de27d684\u003c/Name\u003e\u003cMetadata /\u003e\u003c/Queue\u003e\u003cQueue\u003e\u003cName\u003etest-queue-e1448793-0cab-5aec-59bf-156991dcbda5\u003c/Name\u003e\u003cMetadata /\u003e\u003c/Queue\u003e\u003cQueue\u003e\u003cName\u003etest-queue-e24c5072-8313-41fd-7514-da46bf30b835\u003c/Name\u003e\u003cMetadata /\u003e\u003c/Queue\u003e\u003cQueue\u003e\u003cName\u003etest-queue-e2abb58d-596d-4f55-8f19-7d11233c3e66\u003c/Name\u003e\u003cMetadata /\u003e\u003c/Queue\u003e\u003cQueue\u003e\u003cName\u003etest-queue-e2bdd2c6-913a-48af-9824-77abf1f82bae\u003c/Name\u003e\u003cMetadata /\u003e\u003c/Queue\u003e\u003cQueue\u003e\u003cName\u003etest-queue-e3055e6f-c577-4063-9b20-638752855ca9\u003c/Name\u003e\u003cMetadata /\u003e\u003c/Queue\u003e\u003cQueue\u003e\u003cName\u003etest-queue-e344f23a-3849-41af-b55d-c6244e53c737\u003c/Name\u003e\u003cMetadata /\u003e\u003c/Queue\u003e\u003cQueue\u003e\u003cName\u003etest-queue-e3a9ecc9-d51a-4c1e-af4d-843cf3dd9793\u003c/Name\u003e\u003cMetadata /\u003e\u003c/Queue\u003e\u003cQueue\u003e\u003cName\u003etest-queue-e3ed3df4-57f2-4172-99a6-822e7b252662\u003c/Name\u003e\u003cMetadata /\u003e\u003c/Queue\u003e\u003cQueue\u003e\u003cName\u003etest-queue-e467df8e-8b87-45ca-93ee-7e676822f37c\u003c/Name\u003e\u003cMetadata /\u003e\u003c/Queue\u003e\u003cQueue\u003e\u003cName\u003etest-queue-e62797f5-22b5-4b7c-8cc4-55a35b39f34d\u003c/Name\u003e\u003cMetadata /\u003e\u003c/Queue\u003e\u003cQueue\u003e\u003cName\u003etest-queue-e7e73565-bc04-4f0f-91ed-dc69c28fa1d6\u003c/Name\u003e\u003cMetadata /\u003e\u003c/Queue\u003e\u003cQueue\u003e\u003cName\u003etest-queue-e8427375-8505-4987-9659-9216e9099083\u003c/Name\u003e\u003cMetadata /\u003e\u003c/Queue\u003e\u003cQueue\u003e\u003cName\u003etest-queue-e906e7e5-dab1-4c3a-9936-b9054c3fa5d4\u003c/Name\u003e\u003cMetadata /\u003e\u003c/Queue\u003e\u003cQueue\u003e\u003cName\u003etest-queue-ea6993b2-1129-4dd8-b10c-87cdeaad2e94\u003c/Name\u003e\u003cMetadata /\u003e\u003c/Queue\u003e\u003cQueue\u003e\u003cName\u003etest-queue-eba3acdd-bf8c-4470-9e97-fc95017c5574\u003c/Name\u003e\u003cMetadata /\u003e\u003c/Queue\u003e\u003cQueue\u003e\u003cName\u003etest-queue-ec23d856-f764-475d-bca2-3e3e622ebefd\u003c/Name\u003e\u003cMetadata /\u003e\u003c/Queue\u003e\u003cQueue\u003e\u003cName\u003etest-queue-ec35bdb7-7ffc-448a-bd0b-2816e915883f\u003c/Name\u003e\u003cMetadata /\u003e\u003c/Queue\u003e\u003cQueue\u003e\u003cName\u003etest-queue-ec3a585a-c15e-4ada-bfa8-fa8560c1a91e\u003c/Name\u003e\u003cMetadata /\u003e\u003c/Queue\u003e\u003cQueue\u003e\u003cName\u003etest-queue-ed02f021-894e-43a5-b063-6a5b1022f7a1\u003c/Name\u003e\u003cMetadata /\u003e\u003c/Queue\u003e\u003cQueue\u003e\u003cName\u003etest-queue-ed06b9ee-2c1a-42a1-9cff-219c688382b1\u003c/Name\u003e\u003cMetadata /\u003e\u003c/Queue\u003e\u003cQueue\u003e\u003cName\u003etest-queue-ed4563b7-c61e-5f63-a302-945f227a26e8\u003c/Name\u003e\u003cMetadata /\u003e\u003c/Queue\u003e\u003cQueue\u003e\u003cName\u003etest-queue-ed52bdd2-18bb-49a6-b9e2-36b3627d6aa8\u003c/Name\u003e\u003cMetadata /\u003e\u003c/Queue\u003e\u003cQueue\u003e\u003cName\u003etest-queue-ed71da35-5b06-4f79-82bd-c58d254ad1ad\u003c/Name\u003e\u003cMetadata /\u003e\u003c/Queue\u003e\u003cQueue\u003e\u003cName\u003etest-queue-ed84c9e1-8234-4402-ac54-5e1f097f923e\u003c/Name\u003e\u003cMetadata /\u003e\u003c/Queue\u003e\u003cQueue\u003e\u003cName\u003etest-queue-edebc91d-b670-4afb-bce9-8a8949aa0287\u003c/Name\u003e\u003cMetadata /\u003e\u003c/Queue\u003e\u003cQueue\u003e\u003cName\u003etest-queue-ee64f5a5-7475-4455-bc0e-a31ca3a3a2e4\u003c/Name\u003e\u003cMetadata /\u003e\u003c/Queue\u003e\u003cQueue\u003e\u003cName\u003etest-queue-eea09978-ebea-4737-ae07-92d34de68820\u003c/Name\u003e\u003cMetadata /\u003e\u003c/Queue\u003e\u003cQueue\u003e\u003cName\u003etest-queue-efac5a98-118b-4caf-bf58-6e8b2fe5d3fe\u003c/Name\u003e\u003cMetadata /\u003e\u003c/Queue\u003e\u003cQueue\u003e\u003cName\u003etest-queue-f063c541-bd49-4305-be2d-7e5533e1d6a5\u003c/Name\u003e\u003cMetadata /\u003e\u003c/Queue\u003e\u003cQueue\u003e\u003cName\u003etest-queue-f0bbcb87-0d21-5052-e371-3c24b6802089\u003c/Name\u003e\u003cMetadata /\u003e\u003c/Queue\u003e\u003cQueue\u003e\u003cName\u003etest-queue-f12839c5-833a-4f38-90e5-9ee344c99383\u003c/Name\u003e\u003cMetadata /\u003e\u003c/Queue\u003e\u003cQueue\u003e\u003cName\u003etest-queue-f1dc3cc0-5ae8-4ed2-8216-5ca09cca779c\u003c/Name\u003e\u003cMetadata /\u003e\u003c/Queue\u003e\u003cQueue\u003e\u003cName\u003etest-queue-f2280048-6a99-4d33-b430-efccce5ee04c\u003c/Name\u003e\u003cMetadata /\u003e\u003c/Queue\u003e\u003cQueue\u003e\u003cName\u003etest-queue-f24403ce-d7ac-4168-9004-de311125b189\u003c/Name\u003e\u003cMetadata /\u003e\u003c/Queue\u003e\u003cQueue\u003e\u003cName\u003etest-queue-f2b38a02-0af1-4e73-8818-216f0714bfde\u003c/Name\u003e\u003cMetadata /\u003e\u003c/Queue\u003e\u003cQueue\u003e\u003cName\u003etest-queue-f3615b00-f539-ec0d-6a91-7830f739b04f\u003c/Name\u003e\u003cMetadata /\u003e\u003c/Queue\u003e\u003cQueue\u003e\u003cName\u003etest-queue-f3e88954-1e23-2bfc-feb5-6f5b0afe991c\u003c/Name\u003e\u003cMetadata /\u003e\u003c/Queue\u003e\u003cQueue\u003e\u003cName\u003etest-queue-f4832dd4-6640-4e5a-aa3a-cc7fb022b5ea\u003c/Name\u003e\u003cMetadata /\u003e\u003c/Queue\u003e\u003cQueue\u003e\u003cName\u003etest-queue-f4f80816-0d20-456f-9cd7-1f848571b84a\u003c/Name\u003e\u003cMetadata /\u003e\u003c/Queue\u003e\u003cQueue\u003e\u003cName\u003etest-queue-f683506c-4b6f-42a2-99fa-8bdb4288ddbb\u003c/Name\u003e\u003cMetadata /\u003e\u003c/Queue\u003e\u003cQueue\u003e\u003cName\u003etest-queue-f703b542-e077-4aa7-bbc9-cff50cda4d40\u003c/Name\u003e\u003cMetadata /\u003e\u003c/Queue\u003e\u003cQueue\u003e\u003cName\u003etest-queue-f7e97f69-e2ad-47cc-9d46-9b81526020ee\u003c/Name\u003e\u003cMetadata /\u003e\u003c/Queue\u003e\u003cQueue\u003e\u003cName\u003etest-queue-f7f5ce46-465e-1f2e-2f67-c37598a30be2\u003c/Name\u003e\u003cMetadata /\u003e\u003c/Queue\u003e\u003cQueue\u003e\u003cName\u003etest-queue-f8330f04-ec79-4872-8a1a-5bddbf6c3e88\u003c/Name\u003e\u003cMetadata /\u003e\u003c/Queue\u003e\u003cQueue\u003e\u003cName\u003etest-queue-f891fe34-e718-464e-b28c-393882267a0c\u003c/Name\u003e\u003cMetadata /\u003e\u003c/Queue\u003e\u003cQueue\u003e\u003cName\u003etest-queue-f93b1223-ce0d-49b7-bc3e-6d07b5dcdc85\u003c/Name\u003e\u003cMetadata /\u003e\u003c/Queue\u003e\u003cQueue\u003e\u003cName\u003etest-queue-f98cecb0-1ade-43d1-9262-e3b9bdfeb03c\u003c/Name\u003e\u003cMetadata /\u003e\u003c/Queue\u003e\u003cQueue\u003e\u003cName\u003etest-queue-f9d80e2d-e93d-4b8d-9498-6c5233781b88\u003c/Name\u003e\u003cMetadata /\u003e\u003c/Queue\u003e\u003cQueue\u003e\u003cName\u003etest-queue-f9e69106-124c-45e1-afc9-a59cc7954b0f\u003c/Name\u003e\u003cMetadata /\u003e\u003c/Queue\u003e\u003cQueue\u003e\u003cName\u003etest-queue-fa99b155-a05f-42b7-8eed-25d53e99c4b7\u003c/Name\u003e\u003cMetadata /\u003e\u003c/Queue\u003e\u003cQueue\u003e\u003cName\u003etest-queue-fab2eaa5-284c-a3aa-fb9e-23805e24ec0c\u003c/Name\u003e\u003cMetadata /\u003e\u003c/Queue\u003e\u003cQueue\u003e\u003cName\u003etest-queue-fb537472-d105-4e3e-95bf-77b72ebeaa97\u003c/Name\u003e\u003cMetadata /\u003e\u003c/Queue\u003e\u003cQueue\u003e\u003cName\u003etest-queue-fc9122e3-751b-4f9a-9eff-fafd2505060b\u003c/Name\u003e\u003cMetadata /\u003e\u003c/Queue\u003e\u003cQueue\u003e\u003cName\u003etest-queue-fcbe2a2f-e5f6-0d96-0ee8-5721ace87220\u003c/Name\u003e\u003cMetadata /\u003e\u003c/Queue\u003e\u003cQueue\u003e\u003cName\u003etest-queue-fd80bcfb-f5a5-4a70-956e-8064cdd5faf4\u003c/Name\u003e\u003cMetadata /\u003e\u003c/Queue\u003e\u003cQueue\u003e\u003cName\u003etest-queue-fe1b53aa-04fa-4c19-a678-1d9aa88cb693\u003c/Name\u003e\u003cMetadata /\u003e\u003c/Queue\u003e\u003cQueue\u003e\u003cName\u003etest-queue-fe1d0675-b774-4c79-99ca-8dd83dac4e69\u003c/Name\u003e\u003cMetadata /\u003e\u003c/Queue\u003e\u003cQueue\u003e\u003cName\u003etest-queue-fee92fbf-7b93-4d62-825a-a790fd6fd437\u003c/Name\u003e\u003cMetadata /\u003e\u003c/Queue\u003e\u003cQueue\u003e\u003cName\u003etest-queue-ffaae157-7564-418f-b369-bfe16d31db6f\u003c/Name\u003e\u003cMetadata /\u003e\u003c/Queue\u003e\u003cQueue\u003e\u003cName\u003etest-queue-ffc7b926-94dc-491b-9cad-ba4027d258f2\u003c/Name\u003e\u003cMetadata /\u003e\u003c/Queue\u003e\u003cQueue\u003e\u003cName\u003etest-queue-ffe5d2e1-dca4-1537-311c-8f499d797750\u003c/Name\u003e\u003cMetadata /\u003e\u003c/Queue\u003e\u003c/Queues\u003e\u003cNextMarker /\u003e\u003c/EnumerationResults\u003e"
    },
    {
      "RequestUri": "http://storageteglazatesting.queue.core.windows.net/test-queue-09432c73-dea0-74d9-6b43-998caa96102e",
      "RequestMethod": "DELETE",
      "RequestHeaders": {
        "Authorization": "Sanitized",
        "User-Agent": [
          "azsdk-net-Storage.Queues/1.0.0.0",
          "(.NET Core 4.6.27414.06; Microsoft Windows 10.0.18362 )"
        ],
        "x-ms-client-request-id": "e15ad2f9e3ce2483db1dc5d09165f2a2",
        "x-ms-date": "Mon, 01 Jul 2019 12:33:31 GMT",
        "x-ms-return-client-request-id": "true",
        "x-ms-version": "2018-11-09"
      },
      "RequestBody": null,
      "StatusCode": 204,
      "ResponseHeaders": {
        "Content-Length": "0",
        "Date": "Mon, 01 Jul 2019 12:33:33 GMT",
        "Server": [
          "Windows-Azure-Queue/1.0",
          "Microsoft-HTTPAPI/2.0"
        ],
        "x-ms-request-id": "5ddb7508-9003-007e-6f09-30dd49000000",
        "x-ms-version": "2018-11-09"
      },
      "ResponseBody": null
    }
  ],
  "Variables": {
    "RandomSeed": "1478820901"
  }
}