{
  "Entries": [
    {
      "RequestUri": "http://gapradev.queue.core.windows.net/test-queue-77bfb433-6cb6-f68b-d01f-99d1775362aa",
      "RequestMethod": "PUT",
      "RequestHeaders": {
        "Authorization": "Sanitized",
        "Request-Id": "|ef385ee7-4771f0c8af167685.",
        "User-Agent": [
          "azsdk-net-Storage.Queues/12.0.0-dev.20190912.1+9a86ae3367dccb76004b59b244c982904496250d",
          "(.NET Core 4.6.27817.01; Microsoft Windows 10.0.18362 )"
        ],
        "x-ms-client-request-id": "407d963e-4070-cc6a-c571-3db37e6ceed2",
        "x-ms-date": "Thu, 12 Sep 2019 22:23:16 GMT",
        "x-ms-return-client-request-id": "true",
        "x-ms-version": "2018-11-09"
      },
      "RequestBody": null,
      "StatusCode": 201,
      "ResponseHeaders": {
        "Content-Length": "0",
        "Date": "Thu, 12 Sep 2019 22:23:16 GMT",
        "Server": [
          "Windows-Azure-Queue/1.0",
          "Microsoft-HTTPAPI/2.0"
        ],
        "x-ms-request-id": "769b7299-a003-0020-44b8-69e99c000000",
        "x-ms-version": "2018-11-09"
      },
      "ResponseBody": []
    },
    {
      "RequestUri": "http://gapradev.queue.core.windows.net/?comp=list",
      "RequestMethod": "GET",
      "RequestHeaders": {
        "Authorization": "Sanitized",
        "User-Agent": [
          "azsdk-net-Storage.Queues/12.0.0-dev.20190912.1+9a86ae3367dccb76004b59b244c982904496250d",
          "(.NET Core 4.6.27817.01; Microsoft Windows 10.0.18362 )"
        ],
        "x-ms-client-request-id": "e1922215-21d5-0f39-88ce-8921ad97ba97",
        "x-ms-date": "Thu, 12 Sep 2019 22:23:16 GMT",
        "x-ms-return-client-request-id": "true",
        "x-ms-version": "2018-11-09"
      },
      "RequestBody": null,
      "StatusCode": 200,
      "ResponseHeaders": {
        "Cache-Control": "no-cache",
        "Content-Type": "application/xml",
        "Date": "Thu, 12 Sep 2019 22:23:16 GMT",
        "Server": [
          "Windows-Azure-Queue/1.0",
          "Microsoft-HTTPAPI/2.0"
        ],
        "Transfer-Encoding": "chunked",
        "x-ms-request-id": "769b729c-a003-0020-45b8-69e99c000000",
        "x-ms-version": "2018-11-09"
      },
      "ResponseBody": "ï»¿<?xml version=\"1.0\" encoding=\"utf-8\"?><EnumerationResults ServiceEndpoint=\"http://gapradev.queue.core.windows.net/\"><Queues><Queue><Name>test-queue-1ba0a7dd-52b0-dd28-abad-83e118022f66</Name></Queue><Queue><Name>test-queue-77bfb433-6cb6-f68b-d01f-99d1775362aa</Name></Queue><Queue><Name>test-queue-f17d7841-f019-2517-34b7-be0816c64006</Name></Queue></Queues><NextMarker /></EnumerationResults>"
    },
    {
      "RequestUri": "http://gapradev.queue.core.windows.net/test-queue-77bfb433-6cb6-f68b-d01f-99d1775362aa",
      "RequestMethod": "DELETE",
      "RequestHeaders": {
        "Authorization": "Sanitized",
        "Request-Id": "|ef385ee8-4771f0c8af167685.",
        "User-Agent": [
          "azsdk-net-Storage.Queues/12.0.0-dev.20190912.1+9a86ae3367dccb76004b59b244c982904496250d",
          "(.NET Core 4.6.27817.01; Microsoft Windows 10.0.18362 )"
        ],
        "x-ms-client-request-id": "5b9deaf8-0dd9-82fd-71ad-4b4243149bd1",
        "x-ms-date": "Thu, 12 Sep 2019 22:23:16 GMT",
        "x-ms-return-client-request-id": "true",
        "x-ms-version": "2018-11-09"
      },
      "RequestBody": null,
      "StatusCode": 204,
      "ResponseHeaders": {
        "Content-Length": "0",
        "Date": "Thu, 12 Sep 2019 22:23:16 GMT",
        "Server": [
          "Windows-Azure-Queue/1.0",
          "Microsoft-HTTPAPI/2.0"
        ],
        "x-ms-request-id": "769b729d-a003-0020-46b8-69e99c000000",
        "x-ms-version": "2018-11-09"
      },
      "ResponseBody": []
    }
  ],
  "Variables": {
    "RandomSeed": "1324263254",
    "Storage_TestConfigDefault": "ProductionTenant\ngapradev\nU2FuaXRpemVk\nhttp://gapradev.blob.core.windows.net\nhttp://gapradev.file.core.windows.net\nhttp://gapradev.queue.core.windows.net\nhttp://gapradev.table.core.windows.net\n\n\n\n\nhttp://gapradev-secondary.blob.core.windows.net\nhttp://gapradev-secondary.file.core.windows.net\nhttp://gapradev-secondary.queue.core.windows.net\nhttp://gapradev-secondary.table.core.windows.net\n\nSanitized\n\n\nCloud\nBlobEndpoint=http://gapradev.blob.core.windows.net/;QueueEndpoint=http://gapradev.queue.core.windows.net/;TableEndpoint=http://gapradev.table.core.windows.net/;FileEndpoint=http://gapradev.file.core.windows.net/;BlobSecondaryEndpoint=http://gapradev-secondary.blob.core.windows.net/;QueueSecondaryEndpoint=http://gapradev-secondary.queue.core.windows.net/;TableSecondaryEndpoint=http://gapradev-secondary.table.core.windows.net/;FileSecondaryEndpoint=http://gapradev-secondary.file.core.windows.net/;AccountName=gapradev;AccountKey=Sanitized\nseanscope1"
  }
}