{
  "Entries": [
    {
      "RequestUri": "http:\u002f\u002fstorageteglazatesting.queue.core.windows.net\u002ftest-queue-685627fc-2a58-7573-51f0-f7bb506f8e23",
      "RequestMethod": "PUT",
      "RequestHeaders": {
        "Authorization": "Sanitized",
        "Request-Id": "|73c6cd81-4d1567403453f635.",
        "User-Agent": [
          "azsdk-net-Storage.Queues\u002f12.0.0-dev.20190916.1\u002b6c3a64c57695ba0db6ecd6df57f517870bcbae01",
          "(.NET Core 4.6.27817.01; Microsoft Windows 10.0.18362 )"
        ],
        "x-ms-client-request-id": "43e9e0f8dcd3d18a0a781fe3fa63e053",
        "x-ms-date": "Mon, 16 Sep 2019 18:57:35 GMT",
        "x-ms-return-client-request-id": "true",
        "x-ms-version": "2018-11-09"
      },
      "RequestBody": null,
      "StatusCode": 201,
      "ResponseHeaders": {
        "Content-Length": "0",
        "Date": "Mon, 16 Sep 2019 18:57:35 GMT",
        "Server": [
          "Windows-Azure-Queue\u002f1.0",
          "Microsoft-HTTPAPI\u002f2.0"
        ],
        "x-ms-request-id": "bf706e0c-a003-0007-28c0-6c216d000000",
        "x-ms-version": "2018-11-09"
      },
      "ResponseBody": []
    },
    {
      "RequestUri": "http:\u002f\u002fstorageteglazatesting-secondary.queue.core.windows.net\u002f?comp=list",
      "RequestMethod": "GET",
      "RequestHeaders": {
        "Authorization": "Sanitized",
        "User-Agent": [
          "azsdk-net-Storage.Queues\u002f12.0.0-dev.20190916.1\u002b6c3a64c57695ba0db6ecd6df57f517870bcbae01",
          "(.NET Core 4.6.27817.01; Microsoft Windows 10.0.18362 )"
        ],
        "x-ms-client-request-id": "6516f30a8488c4fdbb2b3841b084d94d",
        "x-ms-date": "Mon, 16 Sep 2019 18:57:35 GMT",
        "x-ms-return-client-request-id": "true",
        "x-ms-version": "2018-11-09"
      },
      "RequestBody": null,
      "StatusCode": 200,
      "ResponseHeaders": {
        "Access-Control-Allow-Origin": "*",
        "Cache-Control": "no-cache",
        "Content-Type": "application\u002fxml",
        "Date": "Mon, 16 Sep 2019 18:57:35 GMT",
        "Server": [
          "Windows-Azure-Queue\u002f1.0",
          "Microsoft-HTTPAPI\u002f2.0"
        ],
        "Transfer-Encoding": "chunked",
        "x-ms-request-id": "713d8f10-0003-0013-1ac0-6c07e1000000",
        "x-ms-version": "2018-11-09"
      },
      "ResponseBody": "\ufeff\u003c?xml version=\u00221.0\u0022 encoding=\u0022utf-8\u0022?\u003e\u003cEnumerationResults ServiceEndpoint=\u0022http:\u002f\u002fstorageteglazatesting-secondary.queue.core.windows.net\u002f\u0022\u003e\u003cQueues\u003e\u003cQueue\u003e\u003cName\u003etest-queue-32169db4-1f16-3ebf-1b33-2081c72f7c12\u003c\u002fName\u003e\u003c\u002fQueue\u003e\u003c\u002fQueues\u003e\u003cNextMarker \u002f\u003e\u003c\u002fEnumerationResults\u003e"
    },
    {
      "RequestUri": "http:\u002f\u002fstorageteglazatesting.queue.core.windows.net\u002ftest-queue-685627fc-2a58-7573-51f0-f7bb506f8e23",
      "RequestMethod": "DELETE",
      "RequestHeaders": {
        "Authorization": "Sanitized",
        "Request-Id": "|73c6cd82-4d1567403453f635.",
        "User-Agent": [
          "azsdk-net-Storage.Queues\u002f12.0.0-dev.20190916.1\u002b6c3a64c57695ba0db6ecd6df57f517870bcbae01",
          "(.NET Core 4.6.27817.01; Microsoft Windows 10.0.18362 )"
        ],
        "x-ms-client-request-id": "ffbd08b7a9271f259c845de00b8f7bed",
        "x-ms-date": "Mon, 16 Sep 2019 18:57:36 GMT",
        "x-ms-return-client-request-id": "true",
        "x-ms-version": "2018-11-09"
      },
      "RequestBody": null,
      "StatusCode": 204,
      "ResponseHeaders": {
        "Content-Length": "0",
        "Date": "Mon, 16 Sep 2019 18:57:36 GMT",
        "Server": [
          "Windows-Azure-Queue\u002f1.0",
          "Microsoft-HTTPAPI\u002f2.0"
        ],
        "x-ms-request-id": "bf706ef2-a003-0007-77c0-6c216d000000",
        "x-ms-version": "2018-11-09"
      },
      "ResponseBody": []
    }
  ],
  "Variables": {
    "RandomSeed": "285161090",
    "Storage_TestConfigSecondary": "ProductionTenant\nstorageteglazatesting\nU2FuaXRpemVk\nhttp:\u002f\u002fstorageteglazatesting.blob.core.windows.net\nhttp:\u002f\u002fstorageteglazatesting.file.core.windows.net\nhttp:\u002f\u002fstorageteglazatesting.queue.core.windows.net\nhttp:\u002f\u002fstorageteglazatesting.table.core.windows.net\n\n\n\n\nhttp:\u002f\u002fstorageteglazatesting-secondary.blob.core.windows.net\nhttp:\u002f\u002fstorageteglazatesting-secondary.file.core.windows.net\nhttp:\u002f\u002fstorageteglazatesting-secondary.queue.core.windows.net\nhttp:\u002f\u002fstorageteglazatesting-secondary.table.core.windows.net\n\nSanitized\n\n\nCloud\nBlobEndpoint=http:\u002f\u002fstorageteglazatesting.blob.core.windows.net\u002f;QueueEndpoint=http:\u002f\u002fstorageteglazatesting.queue.core.windows.net\u002f;TableEndpoint=http:\u002f\u002fstorageteglazatesting.table.core.windows.net\u002f;FileEndpoint=http:\u002f\u002fstorageteglazatesting.file.core.windows.net\u002f;BlobSecondaryEndpoint=http:\u002f\u002fstorageteglazatesting-secondary.blob.core.windows.net\u002f;QueueSecondaryEndpoint=http:\u002f\u002fstorageteglazatesting-secondary.queue.core.windows.net\u002f;TableSecondaryEndpoint=http:\u002f\u002fstorageteglazatesting-secondary.table.core.windows.net\u002f;FileSecondaryEndpoint=http:\u002f\u002fstorageteglazatesting-secondary.file.core.windows.net\u002f;AccountName=storageteglazatesting;AccountKey=Sanitized"
  }
}