{
  "Entries": [
    {
      "RequestUri": "https://javatextanalyticstestresources.cognitiveservices.azure.com/language/analyze-text/jobs?api-version=2022-10-01-preview",
      "RequestMethod": "POST",
      "RequestHeaders": {
        "Accept": "application/json",
        "Content-Length": "567",
        "Content-Type": "application/json",
        "Ocp-Apim-Subscription-Key": "Sanitized",
        "traceparent": "00-208aac992e0feac9249a47cf78a3baf4-11fbcd89c3afea96-00",
        "User-Agent": "azsdk-net-AI.TextAnalytics/5.3.0-alpha.20221014.1 (.NET 6.0.10; Microsoft Windows 10.0.22621)",
        "x-ms-client-request-id": "65e9b147cb295869999438356e496a64",
        "x-ms-return-client-request-id": "true"
      },
      "RequestBody": {
        "analysisInput": {
          "documents": [
            {
              "id": "1",
              "text": "I need a reservation for an indoor restaurant in China. Please don\u0027t stop the music. Play music and add it to my playlist",
              "language": "en"
            },
            {
              "id": "2",
              "text": "David Schmidt, senior vice president--Food Safety, International Food Information Council (IFIC), Washington, D.C., discussed the physical activity component.",
              "language": "en"
            }
          ]
        },
        "tasks": [
          {
            "parameters": {
              "projectName": "7cdace98-537b-494a-b69a-c19754718025",
              "deploymentName": "7cdace98-537b-494a-b69a-c19754718025"
            },
            "kind": "CustomMultiLabelClassification"
          }
        ]
      },
      "StatusCode": 202,
      "ResponseHeaders": {
        "apim-request-id": "755deaed-f09b-46a3-8a72-7077e01f9170",
        "Content-Length": "0",
        "Date": "Fri, 14 Oct 2022 22:18:46 GMT",
        "operation-location": "https://javatextanalyticstestresources.cognitiveservices.azure.com/language/analyze-text/jobs/8483ce61-cdd3-4d35-a83f-194d8f1226f2?api-version=2022-10-01-preview",
        "Strict-Transport-Security": "max-age=31536000; includeSubDomains; preload",
        "X-Content-Type-Options": "nosniff",
        "x-envoy-upstream-service-time": "134"
      },
      "ResponseBody": null
    },
    {
      "RequestUri": "https://javatextanalyticstestresources.cognitiveservices.azure.com/language/analyze-text/jobs/8483ce61-cdd3-4d35-a83f-194d8f1226f2?api-version=2022-10-01-preview",
      "RequestMethod": "GET",
      "RequestHeaders": {
        "Accept": "application/json",
        "Ocp-Apim-Subscription-Key": "Sanitized",
        "User-Agent": "azsdk-net-AI.TextAnalytics/5.3.0-alpha.20221014.1 (.NET 6.0.10; Microsoft Windows 10.0.22621)",
        "x-ms-client-request-id": "1af3d65b887501f7312440904321a86a",
        "x-ms-return-client-request-id": "true"
      },
      "RequestBody": null,
      "StatusCode": 200,
      "ResponseHeaders": {
        "apim-request-id": "d9028849-2e99-4f96-89c7-fc9325da14ad",
        "Content-Length": "282",
        "Content-Type": "application/json; charset=utf-8",
        "Date": "Fri, 14 Oct 2022 22:18:46 GMT",
        "Strict-Transport-Security": "max-age=31536000; includeSubDomains; preload",
        "X-Content-Type-Options": "nosniff",
        "x-envoy-upstream-service-time": "6"
      },
      "ResponseBody": {
        "jobId": "8483ce61-cdd3-4d35-a83f-194d8f1226f2",
        "lastUpdateDateTime": "2022-10-14T22:18:46Z",
        "createdDateTime": "2022-10-14T22:18:46Z",
        "expirationDateTime": "2022-10-15T22:18:46Z",
        "status": "notStarted",
        "errors": [],
        "tasks": {
          "completed": 0,
          "failed": 0,
          "inProgress": 1,
          "total": 1,
          "items": []
        }
      }
    },
    {
      "RequestUri": "https://javatextanalyticstestresources.cognitiveservices.azure.com/language/analyze-text/jobs/8483ce61-cdd3-4d35-a83f-194d8f1226f2?api-version=2022-10-01-preview",
      "RequestMethod": "GET",
      "RequestHeaders": {
        "Accept": "application/json",
        "Ocp-Apim-Subscription-Key": "Sanitized",
        "User-Agent": "azsdk-net-AI.TextAnalytics/5.3.0-alpha.20221014.1 (.NET 6.0.10; Microsoft Windows 10.0.22621)",
        "x-ms-client-request-id": "cb661f1540f9b47e8717409cc59afc10",
        "x-ms-return-client-request-id": "true"
      },
      "RequestBody": null,
      "StatusCode": 200,
      "ResponseHeaders": {
        "apim-request-id": "e4f06254-bb03-4438-9ae3-0cfe075b0578",
        "Content-Length": "676",
        "Content-Type": "application/json; charset=utf-8",
        "Date": "Fri, 14 Oct 2022 22:18:56 GMT",
        "Strict-Transport-Security": "max-age=31536000; includeSubDomains; preload",
        "X-Content-Type-Options": "nosniff",
        "x-envoy-upstream-service-time": "38"
      },
      "ResponseBody": {
        "jobId": "8483ce61-cdd3-4d35-a83f-194d8f1226f2",
        "lastUpdateDateTime": "2022-10-14T22:18:46Z",
        "createdDateTime": "2022-10-14T22:18:46Z",
        "expirationDateTime": "2022-10-15T22:18:46Z",
        "status": "succeeded",
        "errors": [],
        "tasks": {
          "completed": 1,
          "failed": 0,
          "inProgress": 0,
          "total": 1,
          "items": [
            {
              "kind": "CustomMultiLabelClassificationLROResults",
              "lastUpdateDateTime": "2022-10-14T22:18:46.8865841Z",
              "status": "succeeded",
              "results": {
                "documents": [
                  {
                    "id": "1",
                    "class": [
                      {
                        "category": "BookRestaurant",
                        "confidenceScore": 0.97
                      }
                    ],
                    "warnings": []
                  },
                  {
                    "id": "2",
                    "class": [],
                    "warnings": []
                  }
                ],
                "errors": [],
                "projectName": "7cdace98-537b-494a-b69a-c19754718025",
                "deploymentName": "7cdace98-537b-494a-b69a-c19754718025"
              }
            }
          ]
        }
      }
    }
  ],
  "Variables": {
    "RandomSeed": "1296907926",
    "TEXTANALYTICS_MULTI_CATEGORY_CLASSIFY_DEPLOYMENT_NAME": "7cdace98-537b-494a-b69a-c19754718025",
    "TEXTANALYTICS_MULTI_CATEGORY_CLASSIFY_PROJECT_NAME": "7cdace98-537b-494a-b69a-c19754718025",
    "TEXT_ANALYTICS_API_KEY": "Sanitized",
    "TEXT_ANALYTICS_ENDPOINT": "https://javatextanalyticstestresources.cognitiveservices.azure.com"
  }
}
