{
  "Entries": [
    {
      "RequestUri": "/subscriptions/a1bfa635-f2bf-42f1-86b5-848c674fc321/resourcegroups/csmrg4994?api-version=2020-10-01",
      "EncodedRequestUri": "L3N1YnNjcmlwdGlvbnMvYTFiZmE2MzUtZjJiZi00MmYxLTg2YjUtODQ4YzY3NGZjMzIxL3Jlc291cmNlZ3JvdXBzL2NzbXJnNDk5ND9hcGktdmVyc2lvbj0yMDIwLTEwLTAx",
      "RequestMethod": "HEAD",
      "RequestBody": "",
      "RequestHeaders": {
        "x-ms-client-request-id": [
          "a8bef1ce-2774-4675-883e-15d4ca6f65d3"
        ],
        "Accept-Language": [
          "en-US"
        ],
        "User-Agent": [
          "FxVersion/4.6.29321.03",
          "OSName/Windows",
          "OSVersion/Microsoft.Windows.10.0.19042.",
          "Microsoft.Azure.Management.ResourceManager.ResourceManagementClient/3.11.0.0"
        ]
      },
      "ResponseHeaders": {
        "Cache-Control": [
          "no-cache"
        ],
        "Pragma": [
          "no-cache"
        ],
        "x-ms-failure-cause": [
          "gateway"
        ],
        "x-ms-ratelimit-remaining-subscription-reads": [
          "11999"
        ],
        "x-ms-request-id": [
          "08faf430-12a0-4b66-a80e-81ab09fdbdc0"
        ],
        "x-ms-correlation-request-id": [
          "08faf430-12a0-4b66-a80e-81ab09fdbdc0"
        ],
        "x-ms-routing-request-id": [
          "WESTCENTRALUS:20201117T203524Z:08faf430-12a0-4b66-a80e-81ab09fdbdc0"
        ],
        "Strict-Transport-Security": [
          "max-age=31536000; includeSubDomains"
        ],
        "X-Content-Type-Options": [
          "nosniff"
        ],
        "Date": [
          "Tue, 17 Nov 2020 20:35:24 GMT"
        ],
        "Content-Length": [
          "101"
        ],
        "Content-Type": [
          "application/json; charset=utf-8"
        ],
        "Expires": [
          "-1"
        ]
      },
      "ResponseBody": "",
      "StatusCode": 404
    },
    {
      "RequestUri": "/subscriptions/a1bfa635-f2bf-42f1-86b5-848c674fc321/resourcegroups/csmrg4994?api-version=2020-10-01",
      "EncodedRequestUri": "L3N1YnNjcmlwdGlvbnMvYTFiZmE2MzUtZjJiZi00MmYxLTg2YjUtODQ4YzY3NGZjMzIxL3Jlc291cmNlZ3JvdXBzL2NzbXJnNDk5ND9hcGktdmVyc2lvbj0yMDIwLTEwLTAx",
      "RequestMethod": "HEAD",
      "RequestBody": "",
      "RequestHeaders": {
        "x-ms-client-request-id": [
          "b95d2ccd-7285-48e3-8f25-a1940e8799d8"
        ],
        "Accept-Language": [
          "en-US"
        ],
        "User-Agent": [
          "FxVersion/4.6.29321.03",
          "OSName/Windows",
          "OSVersion/Microsoft.Windows.10.0.19042.",
          "Microsoft.Azure.Management.ResourceManager.ResourceManagementClient/3.11.0.0"
        ]
      },
      "ResponseHeaders": {
        "Cache-Control": [
          "no-cache"
        ],
        "Pragma": [
          "no-cache"
        ],
        "x-ms-ratelimit-remaining-subscription-reads": [
          "11998"
        ],
        "x-ms-request-id": [
          "b704ac01-ee50-4e43-970f-c60c9dcab707"
        ],
        "x-ms-correlation-request-id": [
          "b704ac01-ee50-4e43-970f-c60c9dcab707"
        ],
        "x-ms-routing-request-id": [
          "WESTCENTRALUS:20201117T203525Z:b704ac01-ee50-4e43-970f-c60c9dcab707"
        ],
        "Strict-Transport-Security": [
          "max-age=31536000; includeSubDomains"
        ],
        "X-Content-Type-Options": [
          "nosniff"
        ],
        "Date": [
          "Tue, 17 Nov 2020 20:35:25 GMT"
        ],
        "Content-Length": [
          "0"
        ],
        "Expires": [
          "-1"
        ]
      },
      "ResponseBody": "",
      "StatusCode": 204
    },
    {
      "RequestUri": "/subscriptions/a1bfa635-f2bf-42f1-86b5-848c674fc321/resourcegroups/csmrg4994?api-version=2020-10-01",
      "EncodedRequestUri": "L3N1YnNjcmlwdGlvbnMvYTFiZmE2MzUtZjJiZi00MmYxLTg2YjUtODQ4YzY3NGZjMzIxL3Jlc291cmNlZ3JvdXBzL2NzbXJnNDk5ND9hcGktdmVyc2lvbj0yMDIwLTEwLTAx",
      "RequestMethod": "PUT",
      "RequestBody": "{\r\n  \"location\": \"South Central US\"\r\n}",
      "RequestHeaders": {
        "x-ms-client-request-id": [
          "f9b3bb3a-5325-4900-b1cd-e1dc5bd9e852"
        ],
        "Accept-Language": [
          "en-US"
        ],
        "User-Agent": [
          "FxVersion/4.6.29321.03",
          "OSName/Windows",
          "OSVersion/Microsoft.Windows.10.0.19042.",
          "Microsoft.Azure.Management.ResourceManager.ResourceManagementClient/3.11.0.0"
        ],
        "Content-Type": [
          "application/json; charset=utf-8"
        ],
        "Content-Length": [
          "38"
        ]
      },
      "ResponseHeaders": {
        "Cache-Control": [
          "no-cache"
        ],
        "Pragma": [
          "no-cache"
        ],
        "x-ms-ratelimit-remaining-subscription-writes": [
          "1199"
        ],
        "x-ms-request-id": [
          "6df61722-82be-40b6-add5-dfcb8e88c996"
        ],
        "x-ms-correlation-request-id": [
          "6df61722-82be-40b6-add5-dfcb8e88c996"
        ],
        "x-ms-routing-request-id": [
          "WESTCENTRALUS:20201117T203524Z:6df61722-82be-40b6-add5-dfcb8e88c996"
        ],
        "Strict-Transport-Security": [
          "max-age=31536000; includeSubDomains"
        ],
        "X-Content-Type-Options": [
          "nosniff"
        ],
        "Date": [
          "Tue, 17 Nov 2020 20:35:24 GMT"
        ],
        "Content-Length": [
          "223"
        ],
        "Content-Type": [
          "application/json; charset=utf-8"
        ],
        "Expires": [
          "-1"
        ]
      },
      "ResponseBody": "{\r\n  \"id\": \"/subscriptions/a1bfa635-f2bf-42f1-86b5-848c674fc321/resourceGroups/csmrg4994\",\r\n  \"name\": \"csmrg4994\",\r\n  \"type\": \"Microsoft.Resources/resourceGroups\",\r\n  \"location\": \"southcentralus\",\r\n  \"properties\": {\r\n    \"provisioningState\": \"Succeeded\"\r\n  }\r\n}",
      "StatusCode": 201
    }
  ],
  "Names": {
    "CheckExistenceReturnsCorrectValue": [
      "csmrg4994"
    ]
  },
  "Variables": {
    "SubscriptionId": "a1bfa635-f2bf-42f1-86b5-848c674fc321"
  }
}