{
  "Entries": [
    {
      "RequestUri": "/subscriptions/996a2f3f-ee01-4ffd-9765-d2c3fc98f30a/resourcegroups/csmrg2846?api-version=2021-01-01",
      "EncodedRequestUri": "L3N1YnNjcmlwdGlvbnMvOTk2YTJmM2YtZWUwMS00ZmZkLTk3NjUtZDJjM2ZjOThmMzBhL3Jlc291cmNlZ3JvdXBzL2NzbXJnMjg0Nj9hcGktdmVyc2lvbj0yMDIxLTAxLTAx",
      "RequestMethod": "PUT",
      "RequestBody": "{\r\n  \"location\": \"South Central US\"\r\n}",
      "RequestHeaders": {
        "x-ms-client-request-id": [
          "a3d79840-928f-46f2-84bf-6b4c389b83fe"
        ],
        "Accept-Language": [
          "en-US"
        ],
        "User-Agent": [
          "FxVersion/4.6.29812.02",
          "OSName/Windows",
          "OSVersion/Microsoft.Windows.10.0.19042.",
          "Microsoft.Azure.Management.ResourceManager.ResourceManagementClient/3.12.1.0"
        ],
        "Content-Type": [
          "application/json; charset=utf-8"
        ],
        "Content-Length": [
          "38"
        ]
      },
      "ResponseHeaders": {
        "Cache-Control": [
          "no-cache"
        ],
        "Pragma": [
          "no-cache"
        ],
        "x-ms-ratelimit-remaining-subscription-writes": [
          "1199"
        ],
        "x-ms-request-id": [
          "93174d39-e602-4b83-ba22-a6fa4607f400"
        ],
        "x-ms-correlation-request-id": [
          "93174d39-e602-4b83-ba22-a6fa4607f400"
        ],
        "x-ms-routing-request-id": [
          "WESTUS2:20210423T235702Z:93174d39-e602-4b83-ba22-a6fa4607f400"
        ],
        "Strict-Transport-Security": [
          "max-age=31536000; includeSubDomains"
        ],
        "X-Content-Type-Options": [
          "nosniff"
        ],
        "Date": [
          "Fri, 23 Apr 2021 23:57:02 GMT"
        ],
        "Content-Length": [
          "223"
        ],
        "Content-Type": [
          "application/json; charset=utf-8"
        ],
        "Expires": [
          "-1"
        ]
      },
      "ResponseBody": "{\r\n  \"id\": \"/subscriptions/996a2f3f-ee01-4ffd-9765-d2c3fc98f30a/resourceGroups/csmrg2846\",\r\n  \"name\": \"csmrg2846\",\r\n  \"type\": \"Microsoft.Resources/resourceGroups\",\r\n  \"location\": \"southcentralus\",\r\n  \"properties\": {\r\n    \"provisioningState\": \"Succeeded\"\r\n  }\r\n}",
      "StatusCode": 201
    },
    {
      "RequestUri": "/subscriptions/996a2f3f-ee01-4ffd-9765-d2c3fc98f30a/resourcegroups/csmrg2846?api-version=2021-01-01",
      "EncodedRequestUri": "L3N1YnNjcmlwdGlvbnMvOTk2YTJmM2YtZWUwMS00ZmZkLTk3NjUtZDJjM2ZjOThmMzBhL3Jlc291cmNlZ3JvdXBzL2NzbXJnMjg0Nj9hcGktdmVyc2lvbj0yMDIxLTAxLTAx",
      "RequestMethod": "GET",
      "RequestBody": "",
      "RequestHeaders": {
        "x-ms-client-request-id": [
          "9b885a0f-2eb6-49ec-8bc5-41c0d6f2dc84"
        ],
        "Accept-Language": [
          "en-US"
        ],
        "User-Agent": [
          "FxVersion/4.6.29812.02",
          "OSName/Windows",
          "OSVersion/Microsoft.Windows.10.0.19042.",
          "Microsoft.Azure.Management.ResourceManager.ResourceManagementClient/3.12.1.0"
        ]
      },
      "ResponseHeaders": {
        "Cache-Control": [
          "no-cache"
        ],
        "Pragma": [
          "no-cache"
        ],
        "x-ms-ratelimit-remaining-subscription-reads": [
          "11999"
        ],
        "x-ms-request-id": [
          "653c97a0-fb1a-4089-9079-0df4bb2b343d"
        ],
        "x-ms-correlation-request-id": [
          "653c97a0-fb1a-4089-9079-0df4bb2b343d"
        ],
        "x-ms-routing-request-id": [
          "WESTUS2:20210423T235702Z:653c97a0-fb1a-4089-9079-0df4bb2b343d"
        ],
        "Strict-Transport-Security": [
          "max-age=31536000; includeSubDomains"
        ],
        "X-Content-Type-Options": [
          "nosniff"
        ],
        "Date": [
          "Fri, 23 Apr 2021 23:57:02 GMT"
        ],
        "Content-Type": [
          "application/json; charset=utf-8"
        ],
        "Expires": [
          "-1"
        ],
        "Content-Length": [
          "223"
        ]
      },
      "ResponseBody": "{\r\n  \"id\": \"/subscriptions/996a2f3f-ee01-4ffd-9765-d2c3fc98f30a/resourceGroups/csmrg2846\",\r\n  \"name\": \"csmrg2846\",\r\n  \"type\": \"Microsoft.Resources/resourceGroups\",\r\n  \"location\": \"southcentralus\",\r\n  \"properties\": {\r\n    \"provisioningState\": \"Succeeded\"\r\n  }\r\n}",
      "StatusCode": 200
    },
    {
      "RequestUri": "/subscriptions/996a2f3f-ee01-4ffd-9765-d2c3fc98f30a/resourcegroups/csmrg2846?api-version=2021-01-01",
      "EncodedRequestUri": "L3N1YnNjcmlwdGlvbnMvOTk2YTJmM2YtZWUwMS00ZmZkLTk3NjUtZDJjM2ZjOThmMzBhL3Jlc291cmNlZ3JvdXBzL2NzbXJnMjg0Nj9hcGktdmVyc2lvbj0yMDIxLTAxLTAx",
      "RequestMethod": "DELETE",
      "RequestBody": "",
      "RequestHeaders": {
        "x-ms-client-request-id": [
          "d5be19f1-0762-4808-a18c-9ab85105a151"
        ],
        "Accept-Language": [
          "en-US"
        ],
        "User-Agent": [
          "FxVersion/4.6.29812.02",
          "OSName/Windows",
          "OSVersion/Microsoft.Windows.10.0.19042.",
          "Microsoft.Azure.Management.ResourceManager.ResourceManagementClient/3.12.1.0"
        ]
      },
      "ResponseHeaders": {
        "Cache-Control": [
          "no-cache"
        ],
        "Pragma": [
          "no-cache"
        ],
        "Location": [
          "https://management.azure.com/subscriptions/996a2f3f-ee01-4ffd-9765-d2c3fc98f30a/operationresults/eyJqb2JJZCI6IlJFU09VUkNFR1JPVVBERUxFVElPTkpPQi1DU01SRzI4NDYtU09VVEhDRU5UUkFMVVMiLCJqb2JMb2NhdGlvbiI6InNvdXRoY2VudHJhbHVzIn0?api-version=2021-01-01"
        ],
        "Retry-After": [
          "15"
        ],
        "x-ms-ratelimit-remaining-subscription-deletes": [
          "14999"
        ],
        "x-ms-request-id": [
          "6ba7a692-286d-4615-ae53-28746604e7c1"
        ],
        "x-ms-correlation-request-id": [
          "6ba7a692-286d-4615-ae53-28746604e7c1"
        ],
        "x-ms-routing-request-id": [
          "WESTUS2:20210423T235703Z:6ba7a692-286d-4615-ae53-28746604e7c1"
        ],
        "Strict-Transport-Security": [
          "max-age=31536000; includeSubDomains"
        ],
        "X-Content-Type-Options": [
          "nosniff"
        ],
        "Date": [
          "Fri, 23 Apr 2021 23:57:03 GMT"
        ],
        "Expires": [
          "-1"
        ],
        "Content-Length": [
          "0"
        ]
      },
      "ResponseBody": "",
      "StatusCode": 202
    },
    {
      "RequestUri": "/subscriptions/996a2f3f-ee01-4ffd-9765-d2c3fc98f30a/operationresults/eyJqb2JJZCI6IlJFU09VUkNFR1JPVVBERUxFVElPTkpPQi1DU01SRzI4NDYtU09VVEhDRU5UUkFMVVMiLCJqb2JMb2NhdGlvbiI6InNvdXRoY2VudHJhbHVzIn0?api-version=2021-01-01",
      "EncodedRequestUri": "L3N1YnNjcmlwdGlvbnMvOTk2YTJmM2YtZWUwMS00ZmZkLTk3NjUtZDJjM2ZjOThmMzBhL29wZXJhdGlvbnJlc3VsdHMvZXlKcWIySkpaQ0k2SWxKRlUwOVZVa05GUjFKUFZWQkVSVXhGVkVsUFRrcFBRaTFEVTAxU1J6STRORFl0VTA5VlZFaERSVTVVVWtGTVZWTWlMQ0pxYjJKTWIyTmhkR2x2YmlJNkluTnZkWFJvWTJWdWRISmhiSFZ6SW4wP2FwaS12ZXJzaW9uPTIwMjEtMDEtMDE=",
      "RequestMethod": "GET",
      "RequestBody": "",
      "RequestHeaders": {
        "User-Agent": [
          "FxVersion/4.6.29812.02",
          "OSName/Windows",
          "OSVersion/Microsoft.Windows.10.0.19042.",
          "Microsoft.Azure.Management.ResourceManager.ResourceManagementClient/3.12.1.0"
        ]
      },
      "ResponseHeaders": {
        "Cache-Control": [
          "no-cache"
        ],
        "Pragma": [
          "no-cache"
        ],
        "Location": [
          "https://management.azure.com/subscriptions/996a2f3f-ee01-4ffd-9765-d2c3fc98f30a/operationresults/eyJqb2JJZCI6IlJFU09VUkNFR1JPVVBERUxFVElPTkpPQi1DU01SRzI4NDYtU09VVEhDRU5UUkFMVVMiLCJqb2JMb2NhdGlvbiI6InNvdXRoY2VudHJhbHVzIn0?api-version=2021-01-01"
        ],
        "Retry-After": [
          "15"
        ],
        "x-ms-ratelimit-remaining-subscription-reads": [
          "11998"
        ],
        "x-ms-request-id": [
          "acb024a6-c94a-4119-8919-ca18c3200162"
        ],
        "x-ms-correlation-request-id": [
          "acb024a6-c94a-4119-8919-ca18c3200162"
        ],
        "x-ms-routing-request-id": [
          "WESTUS2:20210423T235718Z:acb024a6-c94a-4119-8919-ca18c3200162"
        ],
        "Strict-Transport-Security": [
          "max-age=31536000; includeSubDomains"
        ],
        "X-Content-Type-Options": [
          "nosniff"
        ],
        "Date": [
          "Fri, 23 Apr 2021 23:57:17 GMT"
        ],
        "Expires": [
          "-1"
        ],
        "Content-Length": [
          "0"
        ]
      },
      "ResponseBody": "",
      "StatusCode": 202
    },
    {
      "RequestUri": "/subscriptions/996a2f3f-ee01-4ffd-9765-d2c3fc98f30a/operationresults/eyJqb2JJZCI6IlJFU09VUkNFR1JPVVBERUxFVElPTkpPQi1DU01SRzI4NDYtU09VVEhDRU5UUkFMVVMiLCJqb2JMb2NhdGlvbiI6InNvdXRoY2VudHJhbHVzIn0?api-version=2021-01-01",
      "EncodedRequestUri": "L3N1YnNjcmlwdGlvbnMvOTk2YTJmM2YtZWUwMS00ZmZkLTk3NjUtZDJjM2ZjOThmMzBhL29wZXJhdGlvbnJlc3VsdHMvZXlKcWIySkpaQ0k2SWxKRlUwOVZVa05GUjFKUFZWQkVSVXhGVkVsUFRrcFBRaTFEVTAxU1J6STRORFl0VTA5VlZFaERSVTVVVWtGTVZWTWlMQ0pxYjJKTWIyTmhkR2x2YmlJNkluTnZkWFJvWTJWdWRISmhiSFZ6SW4wP2FwaS12ZXJzaW9uPTIwMjEtMDEtMDE=",
      "RequestMethod": "GET",
      "RequestBody": "",
      "RequestHeaders": {
        "User-Agent": [
          "FxVersion/4.6.29812.02",
          "OSName/Windows",
          "OSVersion/Microsoft.Windows.10.0.19042.",
          "Microsoft.Azure.Management.ResourceManager.ResourceManagementClient/3.12.1.0"
        ]
      },
      "ResponseHeaders": {
        "Cache-Control": [
          "no-cache"
        ],
        "Pragma": [
          "no-cache"
        ],
        "Location": [
          "https://management.azure.com/subscriptions/996a2f3f-ee01-4ffd-9765-d2c3fc98f30a/operationresults/eyJqb2JJZCI6IlJFU09VUkNFR1JPVVBERUxFVElPTkpPQi1DU01SRzI4NDYtU09VVEhDRU5UUkFMVVMiLCJqb2JMb2NhdGlvbiI6InNvdXRoY2VudHJhbHVzIn0?api-version=2021-01-01"
        ],
        "Retry-After": [
          "15"
        ],
        "x-ms-ratelimit-remaining-subscription-reads": [
          "11997"
        ],
        "x-ms-request-id": [
          "cbc55997-53fe-490d-b4f8-3ff9bf2556d2"
        ],
        "x-ms-correlation-request-id": [
          "cbc55997-53fe-490d-b4f8-3ff9bf2556d2"
        ],
        "x-ms-routing-request-id": [
          "WESTUS2:20210423T235733Z:cbc55997-53fe-490d-b4f8-3ff9bf2556d2"
        ],
        "Strict-Transport-Security": [
          "max-age=31536000; includeSubDomains"
        ],
        "X-Content-Type-Options": [
          "nosniff"
        ],
        "Date": [
          "Fri, 23 Apr 2021 23:57:32 GMT"
        ],
        "Expires": [
          "-1"
        ],
        "Content-Length": [
          "0"
        ]
      },
      "ResponseBody": "",
      "StatusCode": 202
    },
    {
      "RequestUri": "/subscriptions/996a2f3f-ee01-4ffd-9765-d2c3fc98f30a/operationresults/eyJqb2JJZCI6IlJFU09VUkNFR1JPVVBERUxFVElPTkpPQi1DU01SRzI4NDYtU09VVEhDRU5UUkFMVVMiLCJqb2JMb2NhdGlvbiI6InNvdXRoY2VudHJhbHVzIn0?api-version=2021-01-01",
      "EncodedRequestUri": "L3N1YnNjcmlwdGlvbnMvOTk2YTJmM2YtZWUwMS00ZmZkLTk3NjUtZDJjM2ZjOThmMzBhL29wZXJhdGlvbnJlc3VsdHMvZXlKcWIySkpaQ0k2SWxKRlUwOVZVa05GUjFKUFZWQkVSVXhGVkVsUFRrcFBRaTFEVTAxU1J6STRORFl0VTA5VlZFaERSVTVVVWtGTVZWTWlMQ0pxYjJKTWIyTmhkR2x2YmlJNkluTnZkWFJvWTJWdWRISmhiSFZ6SW4wP2FwaS12ZXJzaW9uPTIwMjEtMDEtMDE=",
      "RequestMethod": "GET",
      "RequestBody": "",
      "RequestHeaders": {
        "User-Agent": [
          "FxVersion/4.6.29812.02",
          "OSName/Windows",
          "OSVersion/Microsoft.Windows.10.0.19042.",
          "Microsoft.Azure.Management.ResourceManager.ResourceManagementClient/3.12.1.0"
        ]
      },
      "ResponseHeaders": {
        "Cache-Control": [
          "no-cache"
        ],
        "Pragma": [
          "no-cache"
        ],
        "x-ms-ratelimit-remaining-subscription-reads": [
          "11996"
        ],
        "x-ms-request-id": [
          "b44f4476-efa3-42a6-977e-62fc66c021a1"
        ],
        "x-ms-correlation-request-id": [
          "b44f4476-efa3-42a6-977e-62fc66c021a1"
        ],
        "x-ms-routing-request-id": [
          "WESTUS2:20210423T235748Z:b44f4476-efa3-42a6-977e-62fc66c021a1"
        ],
        "Strict-Transport-Security": [
          "max-age=31536000; includeSubDomains"
        ],
        "X-Content-Type-Options": [
          "nosniff"
        ],
        "Date": [
          "Fri, 23 Apr 2021 23:57:48 GMT"
        ],
        "Expires": [
          "-1"
        ],
        "Content-Length": [
          "0"
        ]
      },
      "ResponseBody": "",
      "StatusCode": 200
    },
    {
      "RequestUri": "/subscriptions/996a2f3f-ee01-4ffd-9765-d2c3fc98f30a/operationresults/eyJqb2JJZCI6IlJFU09VUkNFR1JPVVBERUxFVElPTkpPQi1DU01SRzI4NDYtU09VVEhDRU5UUkFMVVMiLCJqb2JMb2NhdGlvbiI6InNvdXRoY2VudHJhbHVzIn0?api-version=2021-01-01",
      "EncodedRequestUri": "L3N1YnNjcmlwdGlvbnMvOTk2YTJmM2YtZWUwMS00ZmZkLTk3NjUtZDJjM2ZjOThmMzBhL29wZXJhdGlvbnJlc3VsdHMvZXlKcWIySkpaQ0k2SWxKRlUwOVZVa05GUjFKUFZWQkVSVXhGVkVsUFRrcFBRaTFEVTAxU1J6STRORFl0VTA5VlZFaERSVTVVVWtGTVZWTWlMQ0pxYjJKTWIyTmhkR2x2YmlJNkluTnZkWFJvWTJWdWRISmhiSFZ6SW4wP2FwaS12ZXJzaW9uPTIwMjEtMDEtMDE=",
      "RequestMethod": "GET",
      "RequestBody": "",
      "RequestHeaders": {
        "User-Agent": [
          "FxVersion/4.6.29812.02",
          "OSName/Windows",
          "OSVersion/Microsoft.Windows.10.0.19042.",
          "Microsoft.Azure.Management.ResourceManager.ResourceManagementClient/3.12.1.0"
        ]
      },
      "ResponseHeaders": {
        "Cache-Control": [
          "no-cache"
        ],
        "Pragma": [
          "no-cache"
        ],
        "x-ms-ratelimit-remaining-subscription-reads": [
          "11995"
        ],
        "x-ms-request-id": [
          "2d098c6f-d774-413e-b10c-27f2a68fcfc2"
        ],
        "x-ms-correlation-request-id": [
          "2d098c6f-d774-413e-b10c-27f2a68fcfc2"
        ],
        "x-ms-routing-request-id": [
          "WESTUS2:20210423T235749Z:2d098c6f-d774-413e-b10c-27f2a68fcfc2"
        ],
        "Strict-Transport-Security": [
          "max-age=31536000; includeSubDomains"
        ],
        "X-Content-Type-Options": [
          "nosniff"
        ],
        "Date": [
          "Fri, 23 Apr 2021 23:57:48 GMT"
        ],
        "Expires": [
          "-1"
        ],
        "Content-Length": [
          "0"
        ]
      },
      "ResponseBody": "",
      "StatusCode": 200
    },
    {
      "RequestUri": "/subscriptions/996a2f3f-ee01-4ffd-9765-d2c3fc98f30a/resourcegroups?api-version=2021-01-01",
      "EncodedRequestUri": "L3N1YnNjcmlwdGlvbnMvOTk2YTJmM2YtZWUwMS00ZmZkLTk3NjUtZDJjM2ZjOThmMzBhL3Jlc291cmNlZ3JvdXBzP2FwaS12ZXJzaW9uPTIwMjEtMDEtMDE=",
      "RequestMethod": "GET",
      "RequestBody": "",
      "RequestHeaders": {
        "x-ms-client-request-id": [
          "944351e1-2505-438d-a980-b989e3a0c311"
        ],
        "Accept-Language": [
          "en-US"
        ],
        "User-Agent": [
          "FxVersion/4.6.29812.02",
          "OSName/Windows",
          "OSVersion/Microsoft.Windows.10.0.19042.",
          "Microsoft.Azure.Management.ResourceManager.ResourceManagementClient/3.12.1.0"
        ]
      },
      "ResponseHeaders": {
        "Cache-Control": [
          "no-cache"
        ],
        "Pragma": [
          "no-cache"
        ],
        "x-ms-ratelimit-remaining-subscription-reads": [
          "11994"
        ],
        "x-ms-request-id": [
          "79b4e231-49c8-410a-b59a-80f44fafc4de"
        ],
        "x-ms-correlation-request-id": [
          "79b4e231-49c8-410a-b59a-80f44fafc4de"
        ],
        "x-ms-routing-request-id": [
          "WESTUS2:20210423T235749Z:79b4e231-49c8-410a-b59a-80f44fafc4de"
        ],
        "Strict-Transport-Security": [
          "max-age=31536000; includeSubDomains"
        ],
        "X-Content-Type-Options": [
          "nosniff"
        ],
        "Date": [
          "Fri, 23 Apr 2021 23:57:48 GMT"
        ],
        "Content-Type": [
          "application/json; charset=utf-8"
        ],
        "Expires": [
          "-1"
        ],
        "Content-Length": [
          "35449"
        ]
      },
      "ResponseBody": "{\r\n  \"value\": [\r\n    {\r\n      \"id\": \"/subscriptions/996a2f3f-ee01-4ffd-9765-d2c3fc98f30a/resourceGroups/majastrz-stas\",\r\n      \"name\": \"majastrz-stas\",\r\n      \"type\": \"Microsoft.Resources/resourceGroups\",\r\n      \"location\": \"westeurope\",\r\n      \"tags\": {},\r\n      \"properties\": {\r\n        \"provisioningState\": \"Succeeded\"\r\n      }\r\n    },\r\n    {\r\n      \"id\": \"/subscriptions/996a2f3f-ee01-4ffd-9765-d2c3fc98f30a/resourceGroups/jcotillo-script-debug\",\r\n      \"name\": \"jcotillo-script-debug\",\r\n      \"type\": \"Microsoft.Resources/resourceGroups\",\r\n      \"location\": \"eastus2\",\r\n      \"tags\": {},\r\n      \"properties\": {\r\n        \"provisioningState\": \"Succeeded\"\r\n      }\r\n    },\r\n    {\r\n      \"id\": \"/subscriptions/996a2f3f-ee01-4ffd-9765-d2c3fc98f30a/resourceGroups/jcotillo-script-debug-test\",\r\n      \"name\": \"jcotillo-script-debug-test\",\r\n      \"type\": \"Microsoft.Resources/resourceGroups\",\r\n      \"location\": \"eastus2euap\",\r\n      \"tags\": {},\r\n      \"properties\": {\r\n        \"provisioningState\": \"Succeeded\"\r\n      }\r\n    },\r\n    {\r\n      \"id\": \"/subscriptions/996a2f3f-ee01-4ffd-9765-d2c3fc98f30a/resourceGroups/majastrz-falsecreate\",\r\n      \"name\": \"majastrz-falsecreate\",\r\n      \"type\": \"Microsoft.Resources/resourceGroups\",\r\n      \"location\": \"westus\",\r\n      \"tags\": {},\r\n      \"properties\": {\r\n        \"provisioningState\": \"Succeeded\"\r\n      }\r\n    },\r\n    {\r\n      \"id\": \"/subscriptions/996a2f3f-ee01-4ffd-9765-d2c3fc98f30a/resourceGroups/majastrz-falsecreate2\",\r\n      \"name\": \"majastrz-falsecreate2\",\r\n      \"type\": \"Microsoft.Resources/resourceGroups\",\r\n      \"location\": \"westus\",\r\n      \"tags\": {},\r\n      \"properties\": {\r\n        \"provisioningState\": \"Succeeded\"\r\n      }\r\n    },\r\n    {\r\n      \"id\": \"/subscriptions/996a2f3f-ee01-4ffd-9765-d2c3fc98f30a/resourceGroups/myTestRG1\",\r\n      \"name\": \"myTestRG1\",\r\n      \"type\": \"Microsoft.Resources/resourceGroups\",\r\n      \"location\": \"westus\",\r\n      \"properties\": {\r\n        \"provisioningState\": \"Succeeded\"\r\n      }\r\n    },\r\n    {\r\n      \"id\": \"/subscriptions/996a2f3f-ee01-4ffd-9765-d2c3fc98f30a/resourceGroups/majastrz-acr\",\r\n      \"name\": \"majastrz-acr\",\r\n      \"type\": \"Microsoft.Resources/resourceGroups\",\r\n      \"location\": \"westus2\",\r\n      \"properties\": {\r\n        \"provisioningState\": \"Succeeded\"\r\n      }\r\n    },\r\n    {\r\n      \"id\": \"/subscriptions/996a2f3f-ee01-4ffd-9765-d2c3fc98f30a/resourceGroups/python_sdk_test\",\r\n      \"name\": \"python_sdk_test\",\r\n      \"type\": \"Microsoft.Resources/resourceGroups\",\r\n      \"location\": \"westus2\",\r\n      \"tags\": {},\r\n      \"properties\": {\r\n        \"provisioningState\": \"Succeeded\"\r\n      }\r\n    },\r\n    {\r\n      \"id\": \"/subscriptions/996a2f3f-ee01-4ffd-9765-d2c3fc98f30a/resourceGroups/whatif-demo\",\r\n      \"name\": \"whatif-demo\",\r\n      \"type\": \"Microsoft.Resources/resourceGroups\",\r\n      \"location\": \"westus2\",\r\n      \"properties\": {\r\n        \"provisioningState\": \"Succeeded\"\r\n      }\r\n    },\r\n    {\r\n      \"id\": \"/subscriptions/996a2f3f-ee01-4ffd-9765-d2c3fc98f30a/resourceGroups/majastrz-successful-failure\",\r\n      \"name\": \"majastrz-successful-failure\",\r\n      \"type\": \"Microsoft.Resources/resourceGroups\",\r\n      \"location\": \"westus2\",\r\n      \"tags\": {},\r\n      \"properties\": {\r\n        \"provisioningState\": \"Succeeded\"\r\n      }\r\n    },\r\n    {\r\n      \"id\": \"/subscriptions/996a2f3f-ee01-4ffd-9765-d2c3fc98f30a/resourceGroups/majastrz-scriptnoise\",\r\n      \"name\": \"majastrz-scriptnoise\",\r\n      \"type\": \"Microsoft.Resources/resourceGroups\",\r\n      \"location\": \"westus2\",\r\n      \"properties\": {\r\n        \"provisioningState\": \"Succeeded\"\r\n      }\r\n    },\r\n    {\r\n      \"id\": \"/subscriptions/996a2f3f-ee01-4ffd-9765-d2c3fc98f30a/resourceGroups/majastrz-vnet\",\r\n      \"name\": \"majastrz-vnet\",\r\n      \"type\": \"Microsoft.Resources/resourceGroups\",\r\n      \"location\": \"westus2\",\r\n      \"properties\": {\r\n        \"provisioningState\": \"Succeeded\"\r\n      }\r\n    },\r\n    {\r\n      \"id\": \"/subscriptions/996a2f3f-ee01-4ffd-9765-d2c3fc98f30a/resourceGroups/majastrz-bicep\",\r\n      \"name\": \"majastrz-bicep\",\r\n      \"type\": \"Microsoft.Resources/resourceGroups\",\r\n      \"location\": \"westus2\",\r\n      \"tags\": {},\r\n      \"properties\": {\r\n        \"provisioningState\": \"Succeeded\"\r\n      }\r\n    },\r\n    {\r\n      \"id\": \"/subscriptions/996a2f3f-ee01-4ffd-9765-d2c3fc98f30a/resourceGroups/auseast-test\",\r\n      \"name\": \"auseast-test\",\r\n      \"type\": \"Microsoft.Resources/resourceGroups\",\r\n      \"location\": \"australiaeast\",\r\n      \"tags\": {},\r\n      \"properties\": {\r\n        \"provisioningState\": \"Succeeded\"\r\n      }\r\n    },\r\n    {\r\n      \"id\": \"/subscriptions/996a2f3f-ee01-4ffd-9765-d2c3fc98f30a/resourceGroups/acom-rg-01\",\r\n      \"name\": \"acom-rg-01\",\r\n      \"type\": \"Microsoft.Resources/resourceGroups\",\r\n      \"location\": \"eastus\",\r\n      \"properties\": {\r\n        \"provisioningState\": \"Succeeded\"\r\n      }\r\n    },\r\n    {\r\n      \"id\": \"/subscriptions/996a2f3f-ee01-4ffd-9765-d2c3fc98f30a/resourceGroups/blueprinttestrg1\",\r\n      \"name\": \"blueprinttestrg1\",\r\n      \"type\": \"Microsoft.Resources/resourceGroups\",\r\n      \"location\": \"eastus\",\r\n      \"properties\": {\r\n        \"provisioningState\": \"Succeeded\"\r\n      }\r\n    },\r\n    {\r\n      \"id\": \"/subscriptions/996a2f3f-ee01-4ffd-9765-d2c3fc98f30a/resourceGroups/cssDemoRG\",\r\n      \"name\": \"cssDemoRG\",\r\n      \"type\": \"Microsoft.Resources/resourceGroups\",\r\n      \"location\": \"eastus\",\r\n      \"properties\": {\r\n        \"provisioningState\": \"Succeeded\"\r\n      }\r\n    },\r\n    {\r\n      \"id\": \"/subscriptions/996a2f3f-ee01-4ffd-9765-d2c3fc98f30a/resourceGroups/deleteme\",\r\n      \"name\": \"deleteme\",\r\n      \"type\": \"Microsoft.Resources/resourceGroups\",\r\n      \"location\": \"centralus\",\r\n      \"properties\": {\r\n        \"provisioningState\": \"Succeeded\"\r\n      }\r\n    },\r\n    {\r\n      \"id\": \"/subscriptions/996a2f3f-ee01-4ffd-9765-d2c3fc98f30a/resourceGroups/daimlerrg01\",\r\n      \"name\": \"daimlerrg01\",\r\n      \"type\": \"Microsoft.Resources/resourceGroups\",\r\n      \"location\": \"eastus\",\r\n      \"properties\": {\r\n        \"provisioningState\": \"Succeeded\"\r\n      }\r\n    },\r\n    {\r\n      \"id\": \"/subscriptions/996a2f3f-ee01-4ffd-9765-d2c3fc98f30a/resourceGroups/demo-rg-2\",\r\n      \"name\": \"demo-rg-2\",\r\n      \"type\": \"Microsoft.Resources/resourceGroups\",\r\n      \"location\": \"eastus\",\r\n      \"properties\": {\r\n        \"provisioningState\": \"Succeeded\"\r\n      }\r\n    },\r\n    {\r\n      \"id\": \"/subscriptions/996a2f3f-ee01-4ffd-9765-d2c3fc98f30a/resourceGroups/deloitteExample01RG\",\r\n      \"name\": \"deloitteExample01RG\",\r\n      \"type\": \"Microsoft.Resources/resourceGroups\",\r\n      \"location\": \"eastus\",\r\n      \"properties\": {\r\n        \"provisioningState\": \"Succeeded\"\r\n      }\r\n    },\r\n    {\r\n      \"id\": \"/subscriptions/996a2f3f-ee01-4ffd-9765-d2c3fc98f30a/resourceGroups/demoBlueprintRGABC\",\r\n      \"name\": \"demoBlueprintRGABC\",\r\n      \"type\": \"Microsoft.Resources/resourceGroups\",\r\n      \"location\": \"eastus\",\r\n      \"properties\": {\r\n        \"provisioningState\": \"Succeeded\"\r\n      }\r\n    },\r\n    {\r\n      \"id\": \"/subscriptions/996a2f3f-ee01-4ffd-9765-d2c3fc98f30a/resourceGroups/docsResourceGroup\",\r\n      \"name\": \"docsResourceGroup\",\r\n      \"type\": \"Microsoft.Resources/resourceGroups\",\r\n      \"location\": \"westus2\",\r\n      \"properties\": {\r\n        \"provisioningState\": \"Succeeded\"\r\n      }\r\n    },\r\n    {\r\n      \"id\": \"/subscriptions/996a2f3f-ee01-4ffd-9765-d2c3fc98f30a/resourceGroups/demorgABC\",\r\n      \"name\": \"demorgABC\",\r\n      \"type\": \"Microsoft.Resources/resourceGroups\",\r\n      \"location\": \"eastus\",\r\n      \"properties\": {\r\n        \"provisioningState\": \"Succeeded\"\r\n      }\r\n    },\r\n    {\r\n      \"id\": \"/subscriptions/996a2f3f-ee01-4ffd-9765-d2c3fc98f30a/resourceGroups/docsResourceGroup2\",\r\n      \"name\": \"docsResourceGroup2\",\r\n      \"type\": \"Microsoft.Resources/resourceGroups\",\r\n      \"location\": \"westus2\",\r\n      \"properties\": {\r\n        \"provisioningState\": \"Succeeded\"\r\n      }\r\n    },\r\n    {\r\n      \"id\": \"/subscriptions/996a2f3f-ee01-4ffd-9765-d2c3fc98f30a/resourceGroups/eyTestRg1\",\r\n      \"name\": \"eyTestRg1\",\r\n      \"type\": \"Microsoft.Resources/resourceGroups\",\r\n      \"location\": \"southcentralus\",\r\n      \"properties\": {\r\n        \"provisioningState\": \"Succeeded\"\r\n      }\r\n    },\r\n    {\r\n      \"id\": \"/subscriptions/996a2f3f-ee01-4ffd-9765-d2c3fc98f30a/resourceGroups/filiz-test-resource-group\",\r\n      \"name\": \"filiz-test-resource-group\",\r\n      \"type\": \"Microsoft.Resources/resourceGroups\",\r\n      \"location\": \"eastus\",\r\n      \"properties\": {\r\n        \"provisioningState\": \"Succeeded\"\r\n      }\r\n    },\r\n    {\r\n      \"id\": \"/subscriptions/996a2f3f-ee01-4ffd-9765-d2c3fc98f30a/resourceGroups/HelleBlueprintRG1\",\r\n      \"name\": \"HelleBlueprintRG1\",\r\n      \"type\": \"Microsoft.Resources/resourceGroups\",\r\n      \"location\": \"southcentralus\",\r\n      \"properties\": {\r\n        \"provisioningState\": \"Succeeded\"\r\n      }\r\n    },\r\n    {\r\n      \"id\": \"/subscriptions/996a2f3f-ee01-4ffd-9765-d2c3fc98f30a/resourceGroups/HelloBlueprintRG1\",\r\n      \"name\": \"HelloBlueprintRG1\",\r\n      \"type\": \"Microsoft.Resources/resourceGroups\",\r\n      \"location\": \"southcentralus\",\r\n      \"properties\": {\r\n        \"provisioningState\": \"Succeeded\"\r\n      }\r\n    },\r\n    {\r\n      \"id\": \"/subscriptions/996a2f3f-ee01-4ffd-9765-d2c3fc98f30a/resourceGroups/HelloBlueprintRG2\",\r\n      \"name\": \"HelloBlueprintRG2\",\r\n      \"type\": \"Microsoft.Resources/resourceGroups\",\r\n      \"location\": \"southcentralus\",\r\n      \"properties\": {\r\n        \"provisioningState\": \"Succeeded\"\r\n      }\r\n    },\r\n    {\r\n      \"id\": \"/subscriptions/996a2f3f-ee01-4ffd-9765-d2c3fc98f30a/resourceGroups/HelloBlueRG1\",\r\n      \"name\": \"HelloBlueRG1\",\r\n      \"type\": \"Microsoft.Resources/resourceGroups\",\r\n      \"location\": \"southcentralus\",\r\n      \"properties\": {\r\n        \"provisioningState\": \"Succeeded\"\r\n      }\r\n    },\r\n    {\r\n      \"id\": \"/subscriptions/996a2f3f-ee01-4ffd-9765-d2c3fc98f30a/resourceGroups/keyVault\",\r\n      \"name\": \"keyVault\",\r\n      \"type\": \"Microsoft.Resources/resourceGroups\",\r\n      \"location\": \"westus2\",\r\n      \"properties\": {\r\n        \"provisioningState\": \"Succeeded\"\r\n      }\r\n    },\r\n    {\r\n      \"id\": \"/subscriptions/996a2f3f-ee01-4ffd-9765-d2c3fc98f30a/resourceGroups/hpeBlueprintRG01\",\r\n      \"name\": \"hpeBlueprintRG01\",\r\n      \"type\": \"Microsoft.Resources/resourceGroups\",\r\n      \"location\": \"eastus\",\r\n      \"properties\": {\r\n        \"provisioningState\": \"Succeeded\"\r\n      }\r\n    },\r\n    {\r\n      \"id\": \"/subscriptions/996a2f3f-ee01-4ffd-9765-d2c3fc98f30a/resourceGroups/lewangTest\",\r\n      \"name\": \"lewangTest\",\r\n      \"type\": \"Microsoft.Resources/resourceGroups\",\r\n      \"location\": \"eastus\",\r\n      \"tags\": {\r\n        \"owner\": \"lewang\"\r\n      },\r\n      \"properties\": {\r\n        \"provisioningState\": \"Succeeded\"\r\n      }\r\n    },\r\n    {\r\n      \"id\": \"/subscriptions/996a2f3f-ee01-4ffd-9765-d2c3fc98f30a/resourceGroups/lewangTest2\",\r\n      \"name\": \"lewangTest2\",\r\n      \"type\": \"Microsoft.Resources/resourceGroups\",\r\n      \"location\": \"westus2\",\r\n      \"properties\": {\r\n        \"provisioningState\": \"Succeeded\"\r\n      }\r\n    },\r\n    {\r\n      \"id\": \"/subscriptions/996a2f3f-ee01-4ffd-9765-d2c3fc98f30a/resourceGroups/majastrz-demo-test\",\r\n      \"name\": \"majastrz-demo-test\",\r\n      \"type\": \"Microsoft.Resources/resourceGroups\",\r\n      \"location\": \"westus\",\r\n      \"properties\": {\r\n        \"provisioningState\": \"Succeeded\"\r\n      }\r\n    },\r\n    {\r\n      \"id\": \"/subscriptions/996a2f3f-ee01-4ffd-9765-d2c3fc98f30a/resourceGroups/lewangTest5\",\r\n      \"name\": \"lewangTest5\",\r\n      \"type\": \"Microsoft.Resources/resourceGroups\",\r\n      \"location\": \"eastus\",\r\n      \"tags\": {\r\n        \"owner\": \"lewang\"\r\n      },\r\n      \"properties\": {\r\n        \"provisioningState\": \"Succeeded\"\r\n      }\r\n    },\r\n    {\r\n      \"id\": \"/subscriptions/996a2f3f-ee01-4ffd-9765-d2c3fc98f30a/resourceGroups/majastrz-policy-params\",\r\n      \"name\": \"majastrz-policy-params\",\r\n      \"type\": \"Microsoft.Resources/resourceGroups\",\r\n      \"location\": \"eastus\",\r\n      \"properties\": {\r\n        \"provisioningState\": \"Succeeded\"\r\n      }\r\n    },\r\n    {\r\n      \"id\": \"/subscriptions/996a2f3f-ee01-4ffd-9765-d2c3fc98f30a/resourceGroups/majastrz-func-test\",\r\n      \"name\": \"majastrz-func-test\",\r\n      \"type\": \"Microsoft.Resources/resourceGroups\",\r\n      \"location\": \"westus2\",\r\n      \"tags\": {\r\n        \"owner\": \"lewang\"\r\n      },\r\n      \"properties\": {\r\n        \"provisioningState\": \"Succeeded\"\r\n      }\r\n    },\r\n    {\r\n      \"id\": \"/subscriptions/996a2f3f-ee01-4ffd-9765-d2c3fc98f30a/resourceGroups/majastrz-refcount\",\r\n      \"name\": \"majastrz-refcount\",\r\n      \"type\": \"Microsoft.Resources/resourceGroups\",\r\n      \"location\": \"westus2\",\r\n      \"tags\": {\r\n        \"owner\": \"lewang\"\r\n      },\r\n      \"properties\": {\r\n        \"provisioningState\": \"Succeeded\"\r\n      }\r\n    },\r\n    {\r\n      \"id\": \"/subscriptions/996a2f3f-ee01-4ffd-9765-d2c3fc98f30a/resourceGroups/majastrz-policyInit-test\",\r\n      \"name\": \"majastrz-policyInit-test\",\r\n      \"type\": \"Microsoft.Resources/resourceGroups\",\r\n      \"location\": \"eastus\",\r\n      \"properties\": {\r\n        \"provisioningState\": \"Succeeded\"\r\n      }\r\n    },\r\n    {\r\n      \"id\": \"/subscriptions/996a2f3f-ee01-4ffd-9765-d2c3fc98f30a/resourceGroups/majastrz-refcount2\",\r\n      \"name\": \"majastrz-refcount2\",\r\n      \"type\": \"Microsoft.Resources/resourceGroups\",\r\n      \"location\": \"westus2\",\r\n      \"tags\": {\r\n        \"owner\": \"lewang\"\r\n      },\r\n      \"properties\": {\r\n        \"provisioningState\": \"Succeeded\"\r\n      }\r\n    },\r\n    {\r\n      \"id\": \"/subscriptions/996a2f3f-ee01-4ffd-9765-d2c3fc98f30a/resourceGroups/majastrz-rg-template\",\r\n      \"name\": \"majastrz-rg-template\",\r\n      \"type\": \"Microsoft.Resources/resourceGroups\",\r\n      \"location\": \"eastus\",\r\n      \"properties\": {\r\n        \"provisioningState\": \"Succeeded\"\r\n      }\r\n    },\r\n    {\r\n      \"id\": \"/subscriptions/996a2f3f-ee01-4ffd-9765-d2c3fc98f30a/resourceGroups/majastrz-sub-template\",\r\n      \"name\": \"majastrz-sub-template\",\r\n      \"type\": \"Microsoft.Resources/resourceGroups\",\r\n      \"location\": \"eastus\",\r\n      \"properties\": {\r\n        \"provisioningState\": \"Succeeded\"\r\n      }\r\n    },\r\n    {\r\n      \"id\": \"/subscriptions/996a2f3f-ee01-4ffd-9765-d2c3fc98f30a/resourceGroups/majastrz-staging-uai\",\r\n      \"name\": \"majastrz-staging-uai\",\r\n      \"type\": \"Microsoft.Resources/resourceGroups\",\r\n      \"location\": \"eastus\",\r\n      \"tags\": {\r\n        \"owner\": \"lewang\"\r\n      },\r\n      \"properties\": {\r\n        \"provisioningState\": \"Succeeded\"\r\n      }\r\n    },\r\n    {\r\n      \"id\": \"/subscriptions/996a2f3f-ee01-4ffd-9765-d2c3fc98f30a/resourceGroups/majastrz-vnet-test\",\r\n      \"name\": \"majastrz-vnet-test\",\r\n      \"type\": \"Microsoft.Resources/resourceGroups\",\r\n      \"location\": \"westus\",\r\n      \"tags\": {\r\n        \"owner\": \"lewang\"\r\n      },\r\n      \"properties\": {\r\n        \"provisioningState\": \"Succeeded\"\r\n      }\r\n    },\r\n    {\r\n      \"id\": \"/subscriptions/996a2f3f-ee01-4ffd-9765-d2c3fc98f30a/resourceGroups/msi-test-1\",\r\n      \"name\": \"msi-test-1\",\r\n      \"type\": \"Microsoft.Resources/resourceGroups\",\r\n      \"location\": \"eastus\",\r\n      \"properties\": {\r\n        \"provisioningState\": \"Succeeded\"\r\n      }\r\n    },\r\n    {\r\n      \"id\": \"/subscriptions/996a2f3f-ee01-4ffd-9765-d2c3fc98f30a/resourceGroups/my-lab-test-rg\",\r\n      \"name\": \"my-lab-test-rg\",\r\n      \"type\": \"Microsoft.Resources/resourceGroups\",\r\n      \"location\": \"eastus\",\r\n      \"properties\": {\r\n        \"provisioningState\": \"Succeeded\"\r\n      }\r\n    },\r\n    {\r\n      \"id\": \"/subscriptions/996a2f3f-ee01-4ffd-9765-d2c3fc98f30a/resourceGroups/mspDemo01RG\",\r\n      \"name\": \"mspDemo01RG\",\r\n      \"type\": \"Microsoft.Resources/resourceGroups\",\r\n      \"location\": \"eastus\",\r\n      \"properties\": {\r\n        \"provisioningState\": \"Succeeded\"\r\n      }\r\n    },\r\n    {\r\n      \"id\": \"/subscriptions/996a2f3f-ee01-4ffd-9765-d2c3fc98f30a/resourceGroups/myfancykvRG\",\r\n      \"name\": \"myfancykvRG\",\r\n      \"type\": \"Microsoft.Resources/resourceGroups\",\r\n      \"location\": \"eastus\",\r\n      \"properties\": {\r\n        \"provisioningState\": \"Succeeded\"\r\n      }\r\n    },\r\n    {\r\n      \"id\": \"/subscriptions/996a2f3f-ee01-4ffd-9765-d2c3fc98f30a/resourceGroups/mynew-kv-rg\",\r\n      \"name\": \"mynew-kv-rg\",\r\n      \"type\": \"Microsoft.Resources/resourceGroups\",\r\n      \"location\": \"eastus\",\r\n      \"properties\": {\r\n        \"provisioningState\": \"Succeeded\"\r\n      }\r\n    },\r\n    {\r\n      \"id\": \"/subscriptions/996a2f3f-ee01-4ffd-9765-d2c3fc98f30a/resourceGroups/mynotkpmgrg\",\r\n      \"name\": \"mynotkpmgrg\",\r\n      \"type\": \"Microsoft.Resources/resourceGroups\",\r\n      \"location\": \"southcentralus\",\r\n      \"properties\": {\r\n        \"provisioningState\": \"Succeeded\"\r\n      }\r\n    },\r\n    {\r\n      \"id\": \"/subscriptions/996a2f3f-ee01-4ffd-9765-d2c3fc98f30a/resourceGroups/NetworkWatcherRG\",\r\n      \"name\": \"NetworkWatcherRG\",\r\n      \"type\": \"Microsoft.Resources/resourceGroups\",\r\n      \"location\": \"westus\",\r\n      \"tags\": {\r\n        \"owner\": \"lewang\"\r\n      },\r\n      \"properties\": {\r\n        \"provisioningState\": \"Succeeded\"\r\n      }\r\n    },\r\n    {\r\n      \"id\": \"/subscriptions/996a2f3f-ee01-4ffd-9765-d2c3fc98f30a/resourceGroups/NewTestRG\",\r\n      \"name\": \"NewTestRG\",\r\n      \"type\": \"Microsoft.Resources/resourceGroups\",\r\n      \"location\": \"westus\",\r\n      \"tags\": {\r\n        \"owner\": \"lewang\"\r\n      },\r\n      \"properties\": {\r\n        \"provisioningState\": \"Succeeded\"\r\n      }\r\n    },\r\n    {\r\n      \"id\": \"/subscriptions/996a2f3f-ee01-4ffd-9765-d2c3fc98f30a/resourceGroups/OuldRG\",\r\n      \"name\": \"OuldRG\",\r\n      \"type\": \"Microsoft.Resources/resourceGroups\",\r\n      \"location\": \"eastus2\",\r\n      \"properties\": {\r\n        \"provisioningState\": \"Succeeded\"\r\n      }\r\n    },\r\n    {\r\n      \"id\": \"/subscriptions/996a2f3f-ee01-4ffd-9765-d2c3fc98f30a/resourceGroups/OuldRGAssignment\",\r\n      \"name\": \"OuldRGAssignment\",\r\n      \"type\": \"Microsoft.Resources/resourceGroups\",\r\n      \"location\": \"westus\",\r\n      \"properties\": {\r\n        \"provisioningState\": \"Succeeded\"\r\n      }\r\n    },\r\n    {\r\n      \"id\": \"/subscriptions/996a2f3f-ee01-4ffd-9765-d2c3fc98f30a/resourceGroups/OuldRGTest\",\r\n      \"name\": \"OuldRGTest\",\r\n      \"type\": \"Microsoft.Resources/resourceGroups\",\r\n      \"location\": \"westus\",\r\n      \"tags\": {\r\n        \"owner\": \"lewang\"\r\n      },\r\n      \"properties\": {\r\n        \"provisioningState\": \"Succeeded\"\r\n      }\r\n    },\r\n    {\r\n      \"id\": \"/subscriptions/996a2f3f-ee01-4ffd-9765-d2c3fc98f30a/resourceGroups/OuldRGL1\",\r\n      \"name\": \"OuldRGL1\",\r\n      \"type\": \"Microsoft.Resources/resourceGroups\",\r\n      \"location\": \"westus\",\r\n      \"properties\": {\r\n        \"provisioningState\": \"Succeeded\"\r\n      }\r\n    },\r\n    {\r\n      \"id\": \"/subscriptions/996a2f3f-ee01-4ffd-9765-d2c3fc98f30a/resourceGroups/privatePrevDemoRg1\",\r\n      \"name\": \"privatePrevDemoRg1\",\r\n      \"type\": \"Microsoft.Resources/resourceGroups\",\r\n      \"location\": \"southcentralus\",\r\n      \"properties\": {\r\n        \"provisioningState\": \"Succeeded\"\r\n      }\r\n    },\r\n    {\r\n      \"id\": \"/subscriptions/996a2f3f-ee01-4ffd-9765-d2c3fc98f30a/resourceGroups/privatePreviewDemoRg1\",\r\n      \"name\": \"privatePreviewDemoRg1\",\r\n      \"type\": \"Microsoft.Resources/resourceGroups\",\r\n      \"location\": \"southcentralus\",\r\n      \"properties\": {\r\n        \"provisioningState\": \"Succeeded\"\r\n      }\r\n    },\r\n    {\r\n      \"id\": \"/subscriptions/996a2f3f-ee01-4ffd-9765-d2c3fc98f30a/resourceGroups/privatePreviewDemoRg2\",\r\n      \"name\": \"privatePreviewDemoRg2\",\r\n      \"type\": \"Microsoft.Resources/resourceGroups\",\r\n      \"location\": \"southcentralus\",\r\n      \"properties\": {\r\n        \"provisioningState\": \"Succeeded\"\r\n      }\r\n    },\r\n    {\r\n      \"id\": \"/subscriptions/996a2f3f-ee01-4ffd-9765-d2c3fc98f30a/resourceGroups/privatepreviewdemorgalex\",\r\n      \"name\": \"privatepreviewdemorgalex\",\r\n      \"type\": \"Microsoft.Resources/resourceGroups\",\r\n      \"location\": \"southcentralus\",\r\n      \"properties\": {\r\n        \"provisioningState\": \"Succeeded\"\r\n      }\r\n    },\r\n    {\r\n      \"id\": \"/subscriptions/996a2f3f-ee01-4ffd-9765-d2c3fc98f30a/resourceGroups/privatePreviewHelloRg1\",\r\n      \"name\": \"privatePreviewHelloRg1\",\r\n      \"type\": \"Microsoft.Resources/resourceGroups\",\r\n      \"location\": \"southcentralus\",\r\n      \"properties\": {\r\n        \"provisioningState\": \"Succeeded\"\r\n      }\r\n    },\r\n    {\r\n      \"id\": \"/subscriptions/996a2f3f-ee01-4ffd-9765-d2c3fc98f30a/resourceGroups/privatePreviewHelloRg2\",\r\n      \"name\": \"privatePreviewHelloRg2\",\r\n      \"type\": \"Microsoft.Resources/resourceGroups\",\r\n      \"location\": \"southcentralus\",\r\n      \"properties\": {\r\n        \"provisioningState\": \"Succeeded\"\r\n      }\r\n    },\r\n    {\r\n      \"id\": \"/subscriptions/996a2f3f-ee01-4ffd-9765-d2c3fc98f30a/resourceGroups/privatePreviewHelloWorldDemo1\",\r\n      \"name\": \"privatePreviewHelloWorldDemo1\",\r\n      \"type\": \"Microsoft.Resources/resourceGroups\",\r\n      \"location\": \"southcentralus\",\r\n      \"properties\": {\r\n        \"provisioningState\": \"Succeeded\"\r\n      }\r\n    },\r\n    {\r\n      \"id\": \"/subscriptions/996a2f3f-ee01-4ffd-9765-d2c3fc98f30a/resourceGroups/privatePreviewHelloWorldDemo2\",\r\n      \"name\": \"privatePreviewHelloWorldDemo2\",\r\n      \"type\": \"Microsoft.Resources/resourceGroups\",\r\n      \"location\": \"southcentralus\",\r\n      \"properties\": {\r\n        \"provisioningState\": \"Succeeded\"\r\n      }\r\n    },\r\n    {\r\n      \"id\": \"/subscriptions/996a2f3f-ee01-4ffd-9765-d2c3fc98f30a/resourceGroups/privatePreviewHelloWorldRg1\",\r\n      \"name\": \"privatePreviewHelloWorldRg1\",\r\n      \"type\": \"Microsoft.Resources/resourceGroups\",\r\n      \"location\": \"southcentralus\",\r\n      \"properties\": {\r\n        \"provisioningState\": \"Succeeded\"\r\n      }\r\n    },\r\n    {\r\n      \"id\": \"/subscriptions/996a2f3f-ee01-4ffd-9765-d2c3fc98f30a/resourceGroups/privatePreviewHelloWorldRg2\",\r\n      \"name\": \"privatePreviewHelloWorldRg2\",\r\n      \"type\": \"Microsoft.Resources/resourceGroups\",\r\n      \"location\": \"southcentralus\",\r\n      \"properties\": {\r\n        \"provisioningState\": \"Succeeded\"\r\n      }\r\n    },\r\n    {\r\n      \"id\": \"/subscriptions/996a2f3f-ee01-4ffd-9765-d2c3fc98f30a/resourceGroups/privatepreviewrgdemo2\",\r\n      \"name\": \"privatepreviewrgdemo2\",\r\n      \"type\": \"Microsoft.Resources/resourceGroups\",\r\n      \"location\": \"southcentralus\",\r\n      \"properties\": {\r\n        \"provisioningState\": \"Succeeded\"\r\n      }\r\n    },\r\n    {\r\n      \"id\": \"/subscriptions/996a2f3f-ee01-4ffd-9765-d2c3fc98f30a/resourceGroups/rg-script-bp\",\r\n      \"name\": \"rg-script-bp\",\r\n      \"type\": \"Microsoft.Resources/resourceGroups\",\r\n      \"location\": \"eastus\",\r\n      \"tags\": {\r\n        \"owner\": \"lewang\"\r\n      },\r\n      \"properties\": {\r\n        \"provisioningState\": \"Succeeded\"\r\n      }\r\n    },\r\n    {\r\n      \"id\": \"/subscriptions/996a2f3f-ee01-4ffd-9765-d2c3fc98f30a/resourceGroups/RGAssignment1\",\r\n      \"name\": \"RGAssignment1\",\r\n      \"type\": \"Microsoft.Resources/resourceGroups\",\r\n      \"location\": \"westus\",\r\n      \"properties\": {\r\n        \"provisioningState\": \"Succeeded\"\r\n      }\r\n    },\r\n    {\r\n      \"id\": \"/subscriptions/996a2f3f-ee01-4ffd-9765-d2c3fc98f30a/resourceGroups/RGAssignment1WestUS\",\r\n      \"name\": \"RGAssignment1WestUS\",\r\n      \"type\": \"Microsoft.Resources/resourceGroups\",\r\n      \"location\": \"westus\",\r\n      \"properties\": {\r\n        \"provisioningState\": \"Succeeded\"\r\n      }\r\n    },\r\n    {\r\n      \"id\": \"/subscriptions/996a2f3f-ee01-4ffd-9765-d2c3fc98f30a/resourceGroups/RGNameFromCreation\",\r\n      \"name\": \"RGNameFromCreation\",\r\n      \"type\": \"Microsoft.Resources/resourceGroups\",\r\n      \"location\": \"westus\",\r\n      \"tags\": {\r\n        \"owner\": \"lewang\"\r\n      },\r\n      \"properties\": {\r\n        \"provisioningState\": \"Succeeded\"\r\n      }\r\n    },\r\n    {\r\n      \"id\": \"/subscriptions/996a2f3f-ee01-4ffd-9765-d2c3fc98f30a/resourceGroups/rjwlogARG\",\r\n      \"name\": \"rjwlogARG\",\r\n      \"type\": \"Microsoft.Resources/resourceGroups\",\r\n      \"location\": \"eastus\",\r\n      \"properties\": {\r\n        \"provisioningState\": \"Succeeded\"\r\n      }\r\n    },\r\n    {\r\n      \"id\": \"/subscriptions/996a2f3f-ee01-4ffd-9765-d2c3fc98f30a/resourceGroups/rjwRGLockTest\",\r\n      \"name\": \"rjwRGLockTest\",\r\n      \"type\": \"Microsoft.Resources/resourceGroups\",\r\n      \"location\": \"westus2\",\r\n      \"tags\": {\r\n        \"owner\": \"lewang\"\r\n      },\r\n      \"properties\": {\r\n        \"provisioningState\": \"Succeeded\"\r\n      }\r\n    },\r\n    {\r\n      \"id\": \"/subscriptions/996a2f3f-ee01-4ffd-9765-d2c3fc98f30a/resourceGroups/rjwTestingLocks2018\",\r\n      \"name\": \"rjwTestingLocks2018\",\r\n      \"type\": \"Microsoft.Resources/resourceGroups\",\r\n      \"location\": \"westus2\",\r\n      \"tags\": {\r\n        \"owner\": \"lewang\"\r\n      },\r\n      \"properties\": {\r\n        \"provisioningState\": \"Succeeded\"\r\n      }\r\n    },\r\n    {\r\n      \"id\": \"/subscriptions/996a2f3f-ee01-4ffd-9765-d2c3fc98f30a/resourceGroups/rjwTestLocks\",\r\n      \"name\": \"rjwTestLocks\",\r\n      \"type\": \"Microsoft.Resources/resourceGroups\",\r\n      \"location\": \"westus2\",\r\n      \"tags\": {\r\n        \"owner\": \"lewang\"\r\n      },\r\n      \"properties\": {\r\n        \"provisioningState\": \"Succeeded\"\r\n      }\r\n    },\r\n    {\r\n      \"id\": \"/subscriptions/996a2f3f-ee01-4ffd-9765-d2c3fc98f30a/resourceGroups/rjwTestLocksVersionChange\",\r\n      \"name\": \"rjwTestLocksVersionChange\",\r\n      \"type\": \"Microsoft.Resources/resourceGroups\",\r\n      \"location\": \"westus2\",\r\n      \"tags\": {\r\n        \"owner\": \"lewang\"\r\n      },\r\n      \"properties\": {\r\n        \"provisioningState\": \"Succeeded\"\r\n      }\r\n    },\r\n    {\r\n      \"id\": \"/subscriptions/996a2f3f-ee01-4ffd-9765-d2c3fc98f30a/resourceGroups/scaffoldrg1\",\r\n      \"name\": \"scaffoldrg1\",\r\n      \"type\": \"Microsoft.Resources/resourceGroups\",\r\n      \"location\": \"southcentralus\",\r\n      \"properties\": {\r\n        \"provisioningState\": \"Succeeded\"\r\n      }\r\n    },\r\n    {\r\n      \"id\": \"/subscriptions/996a2f3f-ee01-4ffd-9765-d2c3fc98f30a/resourceGroups/slalom-example-rg\",\r\n      \"name\": \"slalom-example-rg\",\r\n      \"type\": \"Microsoft.Resources/resourceGroups\",\r\n      \"location\": \"eastus\",\r\n      \"tags\": {\r\n        \"owner\": \"lewang\"\r\n      },\r\n      \"properties\": {\r\n        \"provisioningState\": \"Succeeded\"\r\n      }\r\n    },\r\n    {\r\n      \"id\": \"/subscriptions/996a2f3f-ee01-4ffd-9765-d2c3fc98f30a/resourceGroups/snek\",\r\n      \"name\": \"snek\",\r\n      \"type\": \"Microsoft.Resources/resourceGroups\",\r\n      \"location\": \"eastus\",\r\n      \"properties\": {\r\n        \"provisioningState\": \"Succeeded\"\r\n      }\r\n    },\r\n    {\r\n      \"id\": \"/subscriptions/996a2f3f-ee01-4ffd-9765-d2c3fc98f30a/resourceGroups/spec-rg-keyvaults\",\r\n      \"name\": \"spec-rg-keyvaults\",\r\n      \"type\": \"Microsoft.Resources/resourceGroups\",\r\n      \"location\": \"westus\",\r\n      \"properties\": {\r\n        \"provisioningState\": \"Succeeded\"\r\n      }\r\n    },\r\n    {\r\n      \"id\": \"/subscriptions/996a2f3f-ee01-4ffd-9765-d2c3fc98f30a/resourceGroups/spec-rg-storage\",\r\n      \"name\": \"spec-rg-storage\",\r\n      \"type\": \"Microsoft.Resources/resourceGroups\",\r\n      \"location\": \"westus\",\r\n      \"properties\": {\r\n        \"provisioningState\": \"Succeeded\"\r\n      }\r\n    },\r\n    {\r\n      \"id\": \"/subscriptions/996a2f3f-ee01-4ffd-9765-d2c3fc98f30a/resourceGroups/StorageAccount\",\r\n      \"name\": \"StorageAccount\",\r\n      \"type\": \"Microsoft.Resources/resourceGroups\",\r\n      \"location\": \"eastus2\",\r\n      \"properties\": {\r\n        \"provisioningState\": \"Succeeded\"\r\n      }\r\n    },\r\n    {\r\n      \"id\": \"/subscriptions/996a2f3f-ee01-4ffd-9765-d2c3fc98f30a/resourceGroups/stuartko_1_18_19\",\r\n      \"name\": \"stuartko_1_18_19\",\r\n      \"type\": \"Microsoft.Resources/resourceGroups\",\r\n      \"location\": \"westus\",\r\n      \"tags\": {\r\n        \"owner\": \"lewang\"\r\n      },\r\n      \"properties\": {\r\n        \"provisioningState\": \"Succeeded\"\r\n      }\r\n    },\r\n    {\r\n      \"id\": \"/subscriptions/996a2f3f-ee01-4ffd-9765-d2c3fc98f30a/resourceGroups/stuartko_rg1\",\r\n      \"name\": \"stuartko_rg1\",\r\n      \"type\": \"Microsoft.Resources/resourceGroups\",\r\n      \"location\": \"westus2\",\r\n      \"properties\": {\r\n        \"provisioningState\": \"Succeeded\"\r\n      }\r\n    },\r\n    {\r\n      \"id\": \"/subscriptions/996a2f3f-ee01-4ffd-9765-d2c3fc98f30a/resourceGroups/stuartko_rg2\",\r\n      \"name\": \"stuartko_rg2\",\r\n      \"type\": \"Microsoft.Resources/resourceGroups\",\r\n      \"location\": \"eastus2\",\r\n      \"properties\": {\r\n        \"provisioningState\": \"Succeeded\"\r\n      }\r\n    },\r\n    {\r\n      \"id\": \"/subscriptions/996a2f3f-ee01-4ffd-9765-d2c3fc98f30a/resourceGroups/stuartko_rg4\",\r\n      \"name\": \"stuartko_rg4\",\r\n      \"type\": \"Microsoft.Resources/resourceGroups\",\r\n      \"location\": \"westus2\",\r\n      \"properties\": {\r\n        \"provisioningState\": \"Succeeded\"\r\n      }\r\n    },\r\n    {\r\n      \"id\": \"/subscriptions/996a2f3f-ee01-4ffd-9765-d2c3fc98f30a/resourceGroups/stuartko_rg_012919_t\",\r\n      \"name\": \"stuartko_rg_012919_t\",\r\n      \"type\": \"Microsoft.Resources/resourceGroups\",\r\n      \"location\": \"westus2\",\r\n      \"tags\": {\r\n        \"owner\": \"lewang\"\r\n      },\r\n      \"properties\": {\r\n        \"provisioningState\": \"Succeeded\"\r\n      }\r\n    },\r\n    {\r\n      \"id\": \"/subscriptions/996a2f3f-ee01-4ffd-9765-d2c3fc98f30a/resourceGroups/stuartko_rg_1212_18_2\",\r\n      \"name\": \"stuartko_rg_1212_18_2\",\r\n      \"type\": \"Microsoft.Resources/resourceGroups\",\r\n      \"location\": \"westus2\",\r\n      \"properties\": {\r\n        \"provisioningState\": \"Succeeded\"\r\n      }\r\n    },\r\n    {\r\n      \"id\": \"/subscriptions/996a2f3f-ee01-4ffd-9765-d2c3fc98f30a/resourceGroups/stuartko_rg_1212_18_3\",\r\n      \"name\": \"stuartko_rg_1212_18_3\",\r\n      \"type\": \"Microsoft.Resources/resourceGroups\",\r\n      \"location\": \"westus\",\r\n      \"properties\": {\r\n        \"provisioningState\": \"Succeeded\"\r\n      }\r\n    },\r\n    {\r\n      \"id\": \"/subscriptions/996a2f3f-ee01-4ffd-9765-d2c3fc98f30a/resourceGroups/stuartko_rg_1_9_18\",\r\n      \"name\": \"stuartko_rg_1_9_18\",\r\n      \"type\": \"Microsoft.Resources/resourceGroups\",\r\n      \"location\": \"westus2\",\r\n      \"tags\": {\r\n        \"owner\": \"lewang\"\r\n      },\r\n      \"properties\": {\r\n        \"provisioningState\": \"Succeeded\"\r\n      }\r\n    },\r\n    {\r\n      \"id\": \"/subscriptions/996a2f3f-ee01-4ffd-9765-d2c3fc98f30a/resourceGroups/stuartko_RG_2419\",\r\n      \"name\": \"stuartko_RG_2419\",\r\n      \"type\": \"Microsoft.Resources/resourceGroups\",\r\n      \"location\": \"westus2\",\r\n      \"tags\": {\r\n        \"owner\": \"lewang\"\r\n      },\r\n      \"properties\": {\r\n        \"provisioningState\": \"Succeeded\"\r\n      }\r\n    },\r\n    {\r\n      \"id\": \"/subscriptions/996a2f3f-ee01-4ffd-9765-d2c3fc98f30a/resourceGroups/taggingPolicyTest1\",\r\n      \"name\": \"taggingPolicyTest1\",\r\n      \"type\": \"Microsoft.Resources/resourceGroups\",\r\n      \"location\": \"southcentralus\",\r\n      \"properties\": {\r\n        \"provisioningState\": \"Succeeded\"\r\n      }\r\n    },\r\n    {\r\n      \"id\": \"/subscriptions/996a2f3f-ee01-4ffd-9765-d2c3fc98f30a/resourceGroups/stuartko_testRG1\",\r\n      \"name\": \"stuartko_testRG1\",\r\n      \"type\": \"Microsoft.Resources/resourceGroups\",\r\n      \"location\": \"westus2\",\r\n      \"properties\": {\r\n        \"provisioningState\": \"Succeeded\"\r\n      }\r\n    },\r\n    {\r\n      \"id\": \"/subscriptions/996a2f3f-ee01-4ffd-9765-d2c3fc98f30a/resourceGroups/taggingPolicyTest2\",\r\n      \"name\": \"taggingPolicyTest2\",\r\n      \"type\": \"Microsoft.Resources/resourceGroups\",\r\n      \"location\": \"southcentralus\",\r\n      \"properties\": {\r\n        \"provisioningState\": \"Succeeded\"\r\n      }\r\n    },\r\n    {\r\n      \"id\": \"/subscriptions/996a2f3f-ee01-4ffd-9765-d2c3fc98f30a/resourceGroups/testinggrouprgblueprint\",\r\n      \"name\": \"testinggrouprgblueprint\",\r\n      \"type\": \"Microsoft.Resources/resourceGroups\",\r\n      \"location\": \"southcentralus\",\r\n      \"properties\": {\r\n        \"provisioningState\": \"Succeeded\"\r\n      }\r\n    },\r\n    {\r\n      \"id\": \"/subscriptions/996a2f3f-ee01-4ffd-9765-d2c3fc98f30a/resourceGroups/user-assigned-test\",\r\n      \"name\": \"user-assigned-test\",\r\n      \"type\": \"Microsoft.Resources/resourceGroups\",\r\n      \"location\": \"westus\",\r\n      \"tags\": {\r\n        \"owner\": \"lewang\"\r\n      },\r\n      \"properties\": {\r\n        \"provisioningState\": \"Succeeded\"\r\n      }\r\n    },\r\n    {\r\n      \"id\": \"/subscriptions/996a2f3f-ee01-4ffd-9765-d2c3fc98f30a/resourceGroups/UserAssignedRG\",\r\n      \"name\": \"UserAssignedRG\",\r\n      \"type\": \"Microsoft.Resources/resourceGroups\",\r\n      \"location\": \"eastus\",\r\n      \"tags\": {\r\n        \"owner\": \"lewang\"\r\n      },\r\n      \"properties\": {\r\n        \"provisioningState\": \"Succeeded\"\r\n      }\r\n    },\r\n    {\r\n      \"id\": \"/subscriptions/996a2f3f-ee01-4ffd-9765-d2c3fc98f30a/resourceGroups/OuldTestStorage\",\r\n      \"name\": \"OuldTestStorage\",\r\n      \"type\": \"Microsoft.Resources/resourceGroups\",\r\n      \"location\": \"westus\",\r\n      \"tags\": {\r\n        \"owner\": \"lewang\"\r\n      },\r\n      \"properties\": {\r\n        \"provisioningState\": \"Succeeded\"\r\n      }\r\n    },\r\n    {\r\n      \"id\": \"/subscriptions/996a2f3f-ee01-4ffd-9765-d2c3fc98f30a/resourceGroups/lewang-script-debug\",\r\n      \"name\": \"lewang-script-debug\",\r\n      \"type\": \"Microsoft.Resources/resourceGroups\",\r\n      \"location\": \"centraluseuap\",\r\n      \"tags\": {},\r\n      \"properties\": {\r\n        \"provisioningState\": \"Succeeded\"\r\n      }\r\n    },\r\n    {\r\n      \"id\": \"/subscriptions/996a2f3f-ee01-4ffd-9765-d2c3fc98f30a/resourceGroups/alex-test-002\",\r\n      \"name\": \"alex-test-002\",\r\n      \"type\": \"Microsoft.Resources/resourceGroups\",\r\n      \"location\": \"eastus\",\r\n      \"properties\": {\r\n        \"provisioningState\": \"Succeeded\"\r\n      }\r\n    },\r\n    {\r\n      \"id\": \"/subscriptions/996a2f3f-ee01-4ffd-9765-d2c3fc98f30a/resourceGroups/aarunnerdebug\",\r\n      \"name\": \"aarunnerdebug\",\r\n      \"type\": \"Microsoft.Resources/resourceGroups\",\r\n      \"location\": \"eastus\",\r\n      \"tags\": {\r\n        \"a\": \"b\"\r\n      },\r\n      \"properties\": {\r\n        \"provisioningState\": \"Succeeded\"\r\n      }\r\n    },\r\n    {\r\n      \"id\": \"/subscriptions/996a2f3f-ee01-4ffd-9765-d2c3fc98f30a/resourceGroups/majastrz-aci\",\r\n      \"name\": \"majastrz-aci\",\r\n      \"type\": \"Microsoft.Resources/resourceGroups\",\r\n      \"location\": \"westus\",\r\n      \"tags\": {},\r\n      \"properties\": {\r\n        \"provisioningState\": \"Succeeded\"\r\n      }\r\n    },\r\n    {\r\n      \"id\": \"/subscriptions/996a2f3f-ee01-4ffd-9765-d2c3fc98f30a/resourceGroups/gh24-weu\",\r\n      \"name\": \"gh24-weu\",\r\n      \"type\": \"Microsoft.Resources/resourceGroups\",\r\n      \"location\": \"westeurope\",\r\n      \"tags\": {\r\n        \"foo\": \"bar\",\r\n        \"ver\": \"1.04-weu\",\r\n        \"foo2\": \"bar2\"\r\n      },\r\n      \"properties\": {\r\n        \"provisioningState\": \"Succeeded\"\r\n      }\r\n    },\r\n    {\r\n      \"id\": \"/subscriptions/996a2f3f-ee01-4ffd-9765-d2c3fc98f30a/resourceGroups/DeploymentScriptsRunnersStaticResources-westeurope\",\r\n      \"name\": \"DeploymentScriptsRunnersStaticResources-westeurope\",\r\n      \"type\": \"Microsoft.Resources/resourceGroups\",\r\n      \"location\": \"westeurope\",\r\n      \"properties\": {\r\n        \"provisioningState\": \"Succeeded\"\r\n      }\r\n    },\r\n    {\r\n      \"id\": \"/subscriptions/996a2f3f-ee01-4ffd-9765-d2c3fc98f30a/resourceGroups/UnitTest-weu-1-210413T044310\",\r\n      \"name\": \"UnitTest-weu-1-210413T044310\",\r\n      \"type\": \"Microsoft.Resources/resourceGroups\",\r\n      \"location\": \"westeurope\",\r\n      \"tags\": {},\r\n      \"properties\": {\r\n        \"provisioningState\": \"Succeeded\"\r\n      }\r\n    },\r\n    {\r\n      \"id\": \"/subscriptions/996a2f3f-ee01-4ffd-9765-d2c3fc98f30a/resourceGroups/UnitTest-weu-2-210413T044443\",\r\n      \"name\": \"UnitTest-weu-2-210413T044443\",\r\n      \"type\": \"Microsoft.Resources/resourceGroups\",\r\n      \"location\": \"westeurope\",\r\n      \"tags\": {},\r\n      \"properties\": {\r\n        \"provisioningState\": \"Succeeded\"\r\n      }\r\n    },\r\n    {\r\n      \"id\": \"/subscriptions/996a2f3f-ee01-4ffd-9765-d2c3fc98f30a/resourceGroups/debugrg-francecentral\",\r\n      \"name\": \"debugrg-francecentral\",\r\n      \"type\": \"Microsoft.Resources/resourceGroups\",\r\n      \"location\": \"francecentral\",\r\n      \"properties\": {\r\n        \"provisioningState\": \"Succeeded\"\r\n      }\r\n    },\r\n    {\r\n      \"id\": \"/subscriptions/996a2f3f-ee01-4ffd-9765-d2c3fc98f30a/resourceGroups/debugrg-brazilsouth\",\r\n      \"name\": \"debugrg-brazilsouth\",\r\n      \"type\": \"Microsoft.Resources/resourceGroups\",\r\n      \"location\": \"brazilsouth\",\r\n      \"properties\": {\r\n        \"provisioningState\": \"Succeeded\"\r\n      }\r\n    },\r\n    {\r\n      \"id\": \"/subscriptions/996a2f3f-ee01-4ffd-9765-d2c3fc98f30a/resourceGroups/majastrz-newfunc\",\r\n      \"name\": \"majastrz-newfunc\",\r\n      \"type\": \"Microsoft.Resources/resourceGroups\",\r\n      \"location\": \"eastus2euap\",\r\n      \"properties\": {\r\n        \"provisioningState\": \"Succeeded\"\r\n      }\r\n    },\r\n    {\r\n      \"id\": \"/subscriptions/996a2f3f-ee01-4ffd-9765-d2c3fc98f30a/resourceGroups/debugrg-eastus2euap\",\r\n      \"name\": \"debugrg-eastus2euap\",\r\n      \"type\": \"Microsoft.Resources/resourceGroups\",\r\n      \"location\": \"eastus2euap\",\r\n      \"properties\": {\r\n        \"provisioningState\": \"Succeeded\"\r\n      }\r\n    },\r\n    {\r\n      \"id\": \"/subscriptions/996a2f3f-ee01-4ffd-9765-d2c3fc98f30a/resourceGroups/DeploymentScriptsRunnersStaticResources-eastus2euap\",\r\n      \"name\": \"DeploymentScriptsRunnersStaticResources-eastus2euap\",\r\n      \"type\": \"Microsoft.Resources/resourceGroups\",\r\n      \"location\": \"eastus2euap\",\r\n      \"properties\": {\r\n        \"provisioningState\": \"Succeeded\"\r\n      }\r\n    },\r\n    {\r\n      \"id\": \"/subscriptions/996a2f3f-ee01-4ffd-9765-d2c3fc98f30a/resourceGroups/majastrz-newfunc2\",\r\n      \"name\": \"majastrz-newfunc2\",\r\n      \"type\": \"Microsoft.Resources/resourceGroups\",\r\n      \"location\": \"centraluseuap\",\r\n      \"properties\": {\r\n        \"provisioningState\": \"Succeeded\"\r\n      }\r\n    },\r\n    {\r\n      \"id\": \"/subscriptions/996a2f3f-ee01-4ffd-9765-d2c3fc98f30a/resourceGroups/demoResourceGroup\",\r\n      \"name\": \"demoResourceGroup\",\r\n      \"type\": \"Microsoft.Resources/resourceGroups\",\r\n      \"location\": \"centralus\",\r\n      \"tags\": {},\r\n      \"properties\": {\r\n        \"provisioningState\": \"Succeeded\"\r\n      }\r\n    },\r\n    {\r\n      \"id\": \"/subscriptions/996a2f3f-ee01-4ffd-9765-d2c3fc98f30a/resourceGroups/rjwTemplateSpec\",\r\n      \"name\": \"rjwTemplateSpec\",\r\n      \"type\": \"Microsoft.Resources/resourceGroups\",\r\n      \"location\": \"eastus\",\r\n      \"tags\": {\r\n        \"owner\": \"[user1, user2, user3]\"\r\n      },\r\n      \"properties\": {\r\n        \"provisioningState\": \"Succeeded\"\r\n      }\r\n    },\r\n    {\r\n      \"id\": \"/subscriptions/996a2f3f-ee01-4ffd-9765-d2c3fc98f30a/resourceGroups/rjwTemplateSpecgh24\",\r\n      \"name\": \"rjwTemplateSpecgh24\",\r\n      \"type\": \"Microsoft.Resources/resourceGroups\",\r\n      \"location\": \"eastus\",\r\n      \"tags\": {},\r\n      \"properties\": {\r\n        \"provisioningState\": \"Succeeded\"\r\n      }\r\n    },\r\n    {\r\n      \"id\": \"/subscriptions/996a2f3f-ee01-4ffd-9765-d2c3fc98f30a/resourceGroups/donotdeleteuitest\",\r\n      \"name\": \"donotdeleteuitest\",\r\n      \"type\": \"Microsoft.Resources/resourceGroups\",\r\n      \"location\": \"eastus\",\r\n      \"tags\": {\r\n        \"templatespecuitest\": \"templatespecuitest\"\r\n      },\r\n      \"properties\": {\r\n        \"provisioningState\": \"Succeeded\"\r\n      }\r\n    },\r\n    {\r\n      \"id\": \"/subscriptions/996a2f3f-ee01-4ffd-9765-d2c3fc98f30a/resourceGroups/boston_azure_meetup\",\r\n      \"name\": \"boston_azure_meetup\",\r\n      \"type\": \"Microsoft.Resources/resourceGroups\",\r\n      \"location\": \"westus\",\r\n      \"tags\": {},\r\n      \"properties\": {\r\n        \"provisioningState\": \"Succeeded\"\r\n      }\r\n    },\r\n    {\r\n      \"id\": \"/subscriptions/996a2f3f-ee01-4ffd-9765-d2c3fc98f30a/resourceGroups/test4\",\r\n      \"name\": \"test4\",\r\n      \"type\": \"Microsoft.Resources/resourceGroups\",\r\n      \"location\": \"westus\",\r\n      \"properties\": {\r\n        \"provisioningState\": \"Succeeded\"\r\n      }\r\n    },\r\n    {\r\n      \"id\": \"/subscriptions/996a2f3f-ee01-4ffd-9765-d2c3fc98f30a/resourceGroups/gh24-wus\",\r\n      \"name\": \"gh24-wus\",\r\n      \"type\": \"Microsoft.Resources/resourceGroups\",\r\n      \"location\": \"westus\",\r\n      \"tags\": {\r\n        \"foo\": \"bar\",\r\n        \"ver\": \"1.04-wus\",\r\n        \"foo2\": \"bar2\"\r\n      },\r\n      \"properties\": {\r\n        \"provisioningState\": \"Succeeded\"\r\n      }\r\n    },\r\n    {\r\n      \"id\": \"/subscriptions/996a2f3f-ee01-4ffd-9765-d2c3fc98f30a/resourceGroups/OuldCopyTest\",\r\n      \"name\": \"OuldCopyTest\",\r\n      \"type\": \"Microsoft.Resources/resourceGroups\",\r\n      \"location\": \"westus\",\r\n      \"properties\": {\r\n        \"provisioningState\": \"Succeeded\"\r\n      }\r\n    },\r\n    {\r\n      \"id\": \"/subscriptions/996a2f3f-ee01-4ffd-9765-d2c3fc98f30a/resourceGroups/new_restricted\",\r\n      \"name\": \"new_restricted\",\r\n      \"type\": \"Microsoft.Resources/resourceGroups\",\r\n      \"location\": \"westus\",\r\n      \"properties\": {\r\n        \"provisioningState\": \"Succeeded\"\r\n      }\r\n    },\r\n    {\r\n      \"id\": \"/subscriptions/996a2f3f-ee01-4ffd-9765-d2c3fc98f30a/resourceGroups/majastrz-bicep1\",\r\n      \"name\": \"majastrz-bicep1\",\r\n      \"type\": \"Microsoft.Resources/resourceGroups\",\r\n      \"location\": \"westus\",\r\n      \"properties\": {\r\n        \"provisioningState\": \"Succeeded\"\r\n      }\r\n    },\r\n    {\r\n      \"id\": \"/subscriptions/996a2f3f-ee01-4ffd-9765-d2c3fc98f30a/resourceGroups/majastrz-bicep2\",\r\n      \"name\": \"majastrz-bicep2\",\r\n      \"type\": \"Microsoft.Resources/resourceGroups\",\r\n      \"location\": \"westus\",\r\n      \"properties\": {\r\n        \"provisioningState\": \"Succeeded\"\r\n      }\r\n    },\r\n    {\r\n      \"id\": \"/subscriptions/996a2f3f-ee01-4ffd-9765-d2c3fc98f30a/resourceGroups/bicep-demo\",\r\n      \"name\": \"bicep-demo\",\r\n      \"type\": \"Microsoft.Resources/resourceGroups\",\r\n      \"location\": \"westus\",\r\n      \"tags\": {},\r\n      \"properties\": {\r\n        \"provisioningState\": \"Succeeded\"\r\n      }\r\n    },\r\n    {\r\n      \"id\": \"/subscriptions/996a2f3f-ee01-4ffd-9765-d2c3fc98f30a/resourceGroups/bicep-rg\",\r\n      \"name\": \"bicep-rg\",\r\n      \"type\": \"Microsoft.Resources/resourceGroups\",\r\n      \"location\": \"westus\",\r\n      \"properties\": {\r\n        \"provisioningState\": \"Succeeded\"\r\n      }\r\n    },\r\n    {\r\n      \"id\": \"/subscriptions/996a2f3f-ee01-4ffd-9765-d2c3fc98f30a/resourceGroups/cloud-shell-storage-westus\",\r\n      \"name\": \"cloud-shell-storage-westus\",\r\n      \"type\": \"Microsoft.Resources/resourceGroups\",\r\n      \"location\": \"westus\",\r\n      \"properties\": {\r\n        \"provisioningState\": \"Succeeded\"\r\n      }\r\n    },\r\n    {\r\n      \"id\": \"/subscriptions/996a2f3f-ee01-4ffd-9765-d2c3fc98f30a/resourceGroups/giants-deep\",\r\n      \"name\": \"giants-deep\",\r\n      \"type\": \"Microsoft.Resources/resourceGroups\",\r\n      \"location\": \"westcentralus\",\r\n      \"properties\": {\r\n        \"provisioningState\": \"Succeeded\"\r\n      }\r\n    },\r\n    {\r\n      \"id\": \"/subscriptions/996a2f3f-ee01-4ffd-9765-d2c3fc98f30a/resourceGroups/tomfitzSpecRG\",\r\n      \"name\": \"tomfitzSpecRG\",\r\n      \"type\": \"Microsoft.Resources/resourceGroups\",\r\n      \"location\": \"westus2\",\r\n      \"properties\": {\r\n        \"provisioningState\": \"Succeeded\"\r\n      }\r\n    },\r\n    {\r\n      \"id\": \"/subscriptions/996a2f3f-ee01-4ffd-9765-d2c3fc98f30a/resourceGroups/what-if-usage-dashboard-data-source-rg\",\r\n      \"name\": \"what-if-usage-dashboard-data-source-rg\",\r\n      \"type\": \"Microsoft.Resources/resourceGroups\",\r\n      \"location\": \"westus2\",\r\n      \"tags\": {},\r\n      \"properties\": {\r\n        \"provisioningState\": \"Succeeded\"\r\n      }\r\n    },\r\n    {\r\n      \"id\": \"/subscriptions/996a2f3f-ee01-4ffd-9765-d2c3fc98f30a/resourceGroups/what-if-kpi-rg\",\r\n      \"name\": \"what-if-kpi-rg\",\r\n      \"type\": \"Microsoft.Resources/resourceGroups\",\r\n      \"location\": \"westus2\",\r\n      \"tags\": {},\r\n      \"properties\": {\r\n        \"provisioningState\": \"Succeeded\"\r\n      }\r\n    },\r\n    {\r\n      \"id\": \"/subscriptions/996a2f3f-ee01-4ffd-9765-d2c3fc98f30a/resourceGroups/webRG\",\r\n      \"name\": \"webRG\",\r\n      \"type\": \"Microsoft.Resources/resourceGroups\",\r\n      \"location\": \"westus2\",\r\n      \"properties\": {\r\n        \"provisioningState\": \"Succeeded\"\r\n      }\r\n    },\r\n    {\r\n      \"id\": \"/subscriptions/996a2f3f-ee01-4ffd-9765-d2c3fc98f30a/resourceGroups/debugrg-westcentralus\",\r\n      \"name\": \"debugrg-westcentralus\",\r\n      \"type\": \"Microsoft.Resources/resourceGroups\",\r\n      \"location\": \"westcentralus\",\r\n      \"properties\": {\r\n        \"provisioningState\": \"Succeeded\"\r\n      }\r\n    },\r\n    {\r\n      \"id\": \"/subscriptions/996a2f3f-ee01-4ffd-9765-d2c3fc98f30a/resourceGroups/stuartko_locktest\",\r\n      \"name\": \"stuartko_locktest\",\r\n      \"type\": \"Microsoft.Resources/resourceGroups\",\r\n      \"location\": \"westus2\",\r\n      \"tags\": {\r\n        \"MyTag\": \"WithValue\",\r\n        \"Updated\": \"Blah\"\r\n      },\r\n      \"properties\": {\r\n        \"provisioningState\": \"Succeeded\"\r\n      }\r\n    },\r\n    {\r\n      \"id\": \"/subscriptions/996a2f3f-ee01-4ffd-9765-d2c3fc98f30a/resourceGroups/net-sdk-scenario-test-rg\",\r\n      \"name\": \"net-sdk-scenario-test-rg\",\r\n      \"type\": \"Microsoft.Resources/resourceGroups\",\r\n      \"location\": \"westus2\",\r\n      \"tags\": {},\r\n      \"properties\": {\r\n        \"provisioningState\": \"Succeeded\"\r\n      }\r\n    },\r\n    {\r\n      \"id\": \"/subscriptions/996a2f3f-ee01-4ffd-9765-d2c3fc98f30a/resourceGroups/stuartko_cloudshell\",\r\n      \"name\": \"stuartko_cloudshell\",\r\n      \"type\": \"Microsoft.Resources/resourceGroups\",\r\n      \"location\": \"westus2\",\r\n      \"properties\": {\r\n        \"provisioningState\": \"Succeeded\"\r\n      }\r\n    },\r\n    {\r\n      \"id\": \"/subscriptions/996a2f3f-ee01-4ffd-9765-d2c3fc98f30a/resourceGroups/RGTest\",\r\n      \"name\": \"RGTest\",\r\n      \"type\": \"Microsoft.Resources/resourceGroups\",\r\n      \"location\": \"centralus\",\r\n      \"tags\": {},\r\n      \"properties\": {\r\n        \"provisioningState\": \"Succeeded\"\r\n      }\r\n    },\r\n    {\r\n      \"id\": \"/subscriptions/996a2f3f-ee01-4ffd-9765-d2c3fc98f30a/resourceGroups/alext-test-001\",\r\n      \"name\": \"alext-test-001\",\r\n      \"type\": \"Microsoft.Resources/resourceGroups\",\r\n      \"location\": \"centraluseuap\",\r\n      \"properties\": {\r\n        \"provisioningState\": \"Succeeded\"\r\n      }\r\n    },\r\n    {\r\n      \"id\": \"/subscriptions/996a2f3f-ee01-4ffd-9765-d2c3fc98f30a/resourceGroups/alex-test-canary\",\r\n      \"name\": \"alex-test-canary\",\r\n      \"type\": \"Microsoft.Resources/resourceGroups\",\r\n      \"location\": \"eastus2euap\",\r\n      \"properties\": {\r\n        \"provisioningState\": \"Succeeded\"\r\n      }\r\n    },\r\n    {\r\n      \"id\": \"/subscriptions/996a2f3f-ee01-4ffd-9765-d2c3fc98f30a/resourceGroups/alex-test-canary2\",\r\n      \"name\": \"alex-test-canary2\",\r\n      \"type\": \"Microsoft.Resources/resourceGroups\",\r\n      \"location\": \"eastus2euap\",\r\n      \"properties\": {\r\n        \"provisioningState\": \"Succeeded\"\r\n      }\r\n    },\r\n    {\r\n      \"id\": \"/subscriptions/996a2f3f-ee01-4ffd-9765-d2c3fc98f30a/resourceGroups/OuldWeu\",\r\n      \"name\": \"OuldWeu\",\r\n      \"type\": \"Microsoft.Resources/resourceGroups\",\r\n      \"location\": \"westeurope\",\r\n      \"properties\": {\r\n        \"provisioningState\": \"Succeeded\"\r\n      }\r\n    },\r\n    {\r\n      \"id\": \"/subscriptions/996a2f3f-ee01-4ffd-9765-d2c3fc98f30a/resourceGroups/towboat-blueprint-test-rg\",\r\n      \"name\": \"towboat-blueprint-test-rg\",\r\n      \"type\": \"Microsoft.Resources/resourceGroups\",\r\n      \"location\": \"westus\",\r\n      \"properties\": {\r\n        \"provisioningState\": \"Succeeded\"\r\n      }\r\n    },\r\n    {\r\n      \"id\": \"/subscriptions/996a2f3f-ee01-4ffd-9765-d2c3fc98f30a/resourceGroups/towboat-test-RG\",\r\n      \"name\": \"towboat-test-RG\",\r\n      \"type\": \"Microsoft.Resources/resourceGroups\",\r\n      \"location\": \"eastus\",\r\n      \"properties\": {\r\n        \"provisioningState\": \"Succeeded\"\r\n      }\r\n    },\r\n    {\r\n      \"id\": \"/subscriptions/996a2f3f-ee01-4ffd-9765-d2c3fc98f30a/resourceGroups/majastrz-whatif-wcus\",\r\n      \"name\": \"majastrz-whatif-wcus\",\r\n      \"type\": \"Microsoft.Resources/resourceGroups\",\r\n      \"location\": \"westcentralus\",\r\n      \"tags\": {},\r\n      \"properties\": {\r\n        \"provisioningState\": \"Succeeded\"\r\n      }\r\n    },\r\n    {\r\n      \"id\": \"/subscriptions/996a2f3f-ee01-4ffd-9765-d2c3fc98f30a/resourceGroups/ignite-2019\",\r\n      \"name\": \"ignite-2019\",\r\n      \"type\": \"Microsoft.Resources/resourceGroups\",\r\n      \"location\": \"westcentralus\",\r\n      \"properties\": {\r\n        \"provisioningState\": \"Succeeded\"\r\n      }\r\n    },\r\n    {\r\n      \"id\": \"/subscriptions/996a2f3f-ee01-4ffd-9765-d2c3fc98f30a/resourceGroups/Default-ActivityLogAlerts\",\r\n      \"name\": \"Default-ActivityLogAlerts\",\r\n      \"type\": \"Microsoft.Resources/resourceGroups\",\r\n      \"location\": \"eastasia\",\r\n      \"tags\": {},\r\n      \"properties\": {\r\n        \"provisioningState\": \"Succeeded\"\r\n      }\r\n    }\r\n  ]\r\n}",
      "StatusCode": 200
    }
  ],
  "Names": {
    "DeleteResourceGroupRemovesGroup": [
      "csmrg2846"
    ]
  },
  "Variables": {
    "SubscriptionId": "996a2f3f-ee01-4ffd-9765-d2c3fc98f30a"
  }
}