{
  "Entries": [
    {
      "RequestUri": "https://management.azure.com/subscriptions/45b60d85-fd72-427a-a708-f994d26e593e?api-version=2021-01-01",
      "RequestMethod": "GET",
      "RequestHeaders": {
        "Accept": "application/json",
        "Authorization": "Sanitized",
        "traceparent": "00-7a594ce1fa131440ae53405c02edcd4b-6266c5f23aa19046-00",
        "User-Agent": "azsdk-net-ResourceManager/1.3.1 (.NET Framework 4.8.4515.0; Microsoft Windows 10.0.19045 )",
        "x-ms-client-request-id": "f8a5d81d0dcb31ff943edbfeefe196d4",
        "x-ms-return-client-request-id": "true"
      },
      "RequestBody": null,
      "StatusCode": 200,
      "ResponseHeaders": {
        "Cache-Control": "no-cache",
        "Content-Length": "411",
        "Content-Type": "application/json; charset=utf-8",
        "Date": "Thu, 17 Nov 2022 08:49:30 GMT",
        "Expires": "-1",
        "Pragma": "no-cache",
        "Strict-Transport-Security": "max-age=31536000; includeSubDomains",
        "X-Content-Type-Options": "nosniff",
        "x-ms-correlation-request-id": "e251b25b-a7e0-4f98-a730-8be9591cc56c",
        "x-ms-ratelimit-remaining-subscription-reads": "11984",
        "x-ms-request-id": "e251b25b-a7e0-4f98-a730-8be9591cc56c",
        "x-ms-routing-request-id": "SOUTHEASTASIA:20221117T084930Z:e251b25b-a7e0-4f98-a730-8be9591cc56c"
      },
      "ResponseBody": {
        "id": "/subscriptions/45b60d85-fd72-427a-a708-f994d26e593e",
        "authorizationSource": "RoleBased",
        "managedByTenants": [],
        "subscriptionId": "45b60d85-fd72-427a-a708-f994d26e593e",
        "tenantId": "72f988bf-86f1-41af-91ab-2d7cd011db47",
        "displayName": "AzureStorage_DMStaging_10041369",
        "state": "Enabled",
        "subscriptionPolicies": {
          "locationPlacementId": "Internal_2014-09-01",
          "quotaId": "Internal_2014-09-01",
          "spendingLimit": "Off"
        }
      }
    },
    {
      "RequestUri": "https://management.azure.com/subscriptions/45b60d85-fd72-427a-a708-f994d26e593e/resourcegroups/teststorageRG-9120?api-version=**",
      "RequestMethod": "PUT",
      "RequestHeaders": {
        "Accept": "application/json",
        "Authorization": "Sanitized",
        "Content-Length": "44",
        "Content-Type": "application/json",
        "traceparent": "00-7ceb139909beaa459f9c19c328acea4b-92b1ee27cef69442-00",
        "User-Agent": "azsdk-net-ResourceManager/1.3.1 (.NET Framework 4.8.4515.0; Microsoft Windows 10.0.19045 )",
        "x-ms-client-request-id": "79618aef7ab090e2a684afbe603d00ab",
        "x-ms-return-client-request-id": "true"
      },
      "RequestBody": {
        "tags": {
          "test": "env"
        },
        "location": "eastus2"
      },
      "StatusCode": 201,
      "ResponseHeaders": {
        "Cache-Control": "no-cache",
        "Content-Length": "256",
        "Content-Type": "application/json; charset=utf-8",
        "Date": "Thu, 17 Nov 2022 08:49:31 GMT",
        "Expires": "-1",
        "Pragma": "no-cache",
        "Strict-Transport-Security": "max-age=31536000; includeSubDomains",
        "X-Content-Type-Options": "nosniff",
        "x-ms-correlation-request-id": "ec118d9d-8cc1-478d-af47-c2411cb897eb",
        "x-ms-ratelimit-remaining-subscription-writes": "1186",
        "x-ms-request-id": "ec118d9d-8cc1-478d-af47-c2411cb897eb",
        "x-ms-routing-request-id": "SOUTHEASTASIA:20221117T084931Z:ec118d9d-8cc1-478d-af47-c2411cb897eb"
      },
      "ResponseBody": {
        "id": "/subscriptions/45b60d85-fd72-427a-a708-f994d26e593e/resourceGroups/teststorageRG-9120",
        "name": "teststorageRG-9120",
        "type": "Microsoft.Resources/resourceGroups",
        "location": "eastus2",
        "tags": {
          "test": "env"
        },
        "properties": {
          "provisioningState": "Succeeded"
        }
      }
    },
    {
      "RequestUri": "https://management.azure.com/subscriptions/45b60d85-fd72-427a-a708-f994d26e593e/providers/Microsoft.Storage/checkNameAvailability?api-version=2022-09-01",
      "RequestMethod": "POST",
      "RequestHeaders": {
        "Accept": "application/json",
        "Authorization": "Sanitized",
        "Content-Length": "73",
        "Content-Type": "application/json",
        "traceparent": "00-f9f87bd8b0491f4e8c2cb3ef9447b0ff-f65053f2992f7747-00",
        "User-Agent": "azsdk-net-ResourceManager.Storage/1.1.0-alpha.20221117.1 (.NET Framework 4.8.4515.0; Microsoft Windows 10.0.19045 )",
        "x-ms-client-request-id": "3a8cb8cb774b8a4fa6ebacfc6eac4299",
        "x-ms-return-client-request-id": "true"
      },
      "RequestBody": {
        "name": "teststoragemgmt5656",
        "type": "Microsoft.Storage/storageAccounts"
      },
      "StatusCode": 200,
      "ResponseHeaders": {
        "Cache-Control": "no-cache",
        "Content-Length": "22",
        "Content-Type": "application/json",
        "Date": "Thu, 17 Nov 2022 08:49:32 GMT",
        "Expires": "-1",
        "Pragma": "no-cache",
        "Server": "Microsoft-Azure-Storage-Resource-Provider/1.0,Microsoft-HTTPAPI/2.0 Microsoft-HTTPAPI/2.0",
        "Strict-Transport-Security": "max-age=31536000; includeSubDomains",
        "X-Content-Type-Options": "nosniff",
        "x-ms-client-request-id": "3a8cb8cb774b8a4fa6ebacfc6eac4299",
        "x-ms-correlation-request-id": "624bc3f4-40e2-4ad6-b367-89e58c560151",
        "x-ms-ratelimit-remaining-subscription-reads": "11983",
        "x-ms-request-id": "5a38194a-53b6-4cc4-87e8-7c09493e6ece",
        "x-ms-routing-request-id": "SOUTHEASTASIA:20221117T084932Z:624bc3f4-40e2-4ad6-b367-89e58c560151"
      },
      "ResponseBody": {
        "nameAvailable": true
      }
    },
    {
      "RequestUri": "https://management.azure.com/subscriptions/45b60d85-fd72-427a-a708-f994d26e593e/resourceGroups/teststorageRG-9120/providers/Microsoft.Storage/storageAccounts/teststoragemgmt5656?api-version=2022-09-01",
      "RequestMethod": "PUT",
      "RequestHeaders": {
        "Accept": "application/json",
        "Authorization": "Sanitized",
        "Content-Length": "126",
        "Content-Type": "application/json",
        "traceparent": "00-6f33013d1a110943ad8edd8108352758-85b1911058e92c46-00",
        "User-Agent": "azsdk-net-ResourceManager.Storage/1.1.0-alpha.20221117.1 (.NET Framework 4.8.4515.0; Microsoft Windows 10.0.19045 )",
        "x-ms-client-request-id": "34312b7f6c2ac25e6724894f733300db",
        "x-ms-return-client-request-id": "true"
      },
      "RequestBody": {
        "sku": {
          "name": "Standard_GRS"
        },
        "kind": "Storage",
        "location": "eastus2",
        "tags": {
          "key1": "value1",
          "key2": "value2"
        },
        "properties": {}
      },
      "StatusCode": 202,
      "ResponseHeaders": {
        "Cache-Control": "no-cache",
        "Content-Length": "0",
        "Content-Type": "text/plain; charset=utf-8",
        "Date": "Thu, 17 Nov 2022 08:49:36 GMT",
        "Expires": "-1",
        "Location": "https://management.azure.com/subscriptions/45b60d85-fd72-427a-a708-f994d26e593e/providers/Microsoft.Storage/locations/eastus2/asyncoperations/0d994072-8a5d-4f4f-8376-6639782eabd9?monitor=true\u0026api-version=2022-09-01",
        "Pragma": "no-cache",
        "Retry-After": "17",
        "Server": "Microsoft-Azure-Storage-Resource-Provider/1.0,Microsoft-HTTPAPI/2.0 Microsoft-HTTPAPI/2.0",
        "Strict-Transport-Security": "max-age=31536000; includeSubDomains",
        "X-Content-Type-Options": "nosniff",
        "x-ms-client-request-id": "34312b7f6c2ac25e6724894f733300db",
        "x-ms-correlation-request-id": "8054464e-8d59-45f7-a375-6ffceb422b1f",
        "x-ms-ratelimit-remaining-subscription-writes": "1185",
        "x-ms-request-id": "0d994072-8a5d-4f4f-8376-6639782eabd9",
        "x-ms-routing-request-id": "SOUTHEASTASIA:20221117T084936Z:8054464e-8d59-45f7-a375-6ffceb422b1f"
      },
      "ResponseBody": null
    },
    {
      "RequestUri": "https://management.azure.com/subscriptions/45b60d85-fd72-427a-a708-f994d26e593e/providers/Microsoft.Storage/locations/eastus2/asyncoperations/0d994072-8a5d-4f4f-8376-6639782eabd9?monitor=true\u0026api-version=2022-09-01",
      "RequestMethod": "GET",
      "RequestHeaders": {
        "Authorization": "Sanitized",
        "traceparent": "00-6f33013d1a110943ad8edd8108352758-4b8e2bfca023ac41-00",
        "User-Agent": "azsdk-net-ResourceManager/1.3.1 (.NET Framework 4.8.4515.0; Microsoft Windows 10.0.19045 )",
        "x-ms-client-request-id": "12e1256d76ce5f7e59c9d226eeff1672",
        "x-ms-return-client-request-id": "true"
      },
      "RequestBody": null,
      "StatusCode": 202,
      "ResponseHeaders": {
        "Cache-Control": "no-cache",
        "Content-Length": "0",
        "Content-Type": "text/plain; charset=utf-8",
        "Date": "Thu, 17 Nov 2022 08:49:36 GMT",
        "Expires": "-1",
        "Location": "https://management.azure.com/subscriptions/45b60d85-fd72-427a-a708-f994d26e593e/providers/Microsoft.Storage/locations/eastus2/asyncoperations/0d994072-8a5d-4f4f-8376-6639782eabd9?monitor=true\u0026api-version=2022-09-01",
        "Pragma": "no-cache",
        "Retry-After": "17",
        "Server": "Microsoft-Azure-Storage-Resource-Provider/1.0,Microsoft-HTTPAPI/2.0 Microsoft-HTTPAPI/2.0",
        "Strict-Transport-Security": "max-age=31536000; includeSubDomains",
        "X-Content-Type-Options": "nosniff",
        "x-ms-client-request-id": "12e1256d76ce5f7e59c9d226eeff1672",
        "x-ms-correlation-request-id": "7daf6f3a-8c5f-4073-85d5-86f8b2d2b650",
        "x-ms-ratelimit-remaining-subscription-reads": "11982",
        "x-ms-request-id": "2628a369-7b5a-4a91-8cef-ee761428395b",
        "x-ms-routing-request-id": "SOUTHEASTASIA:20221117T084936Z:7daf6f3a-8c5f-4073-85d5-86f8b2d2b650"
      },
      "ResponseBody": null
    },
    {
      "RequestUri": "https://management.azure.com/subscriptions/45b60d85-fd72-427a-a708-f994d26e593e/providers/Microsoft.Storage/locations/eastus2/asyncoperations/0d994072-8a5d-4f4f-8376-6639782eabd9?monitor=true\u0026api-version=2022-09-01",
      "RequestMethod": "GET",
      "RequestHeaders": {
        "Authorization": "Sanitized",
        "traceparent": "00-6f33013d1a110943ad8edd8108352758-3734808ae006284b-00",
        "User-Agent": "azsdk-net-ResourceManager/1.3.1 (.NET Framework 4.8.4515.0; Microsoft Windows 10.0.19045 )",
        "x-ms-client-request-id": "28a9d1ea63966250871f213b62cf8cd3",
        "x-ms-return-client-request-id": "true"
      },
      "RequestBody": null,
      "StatusCode": 200,
      "ResponseHeaders": {
        "Cache-Control": "no-cache",
        "Content-Length": "1404",
        "Content-Type": "application/json",
        "Date": "Thu, 17 Nov 2022 08:49:53 GMT",
        "Expires": "-1",
        "Pragma": "no-cache",
        "Server": "Microsoft-Azure-Storage-Resource-Provider/1.0,Microsoft-HTTPAPI/2.0 Microsoft-HTTPAPI/2.0",
        "Strict-Transport-Security": "max-age=31536000; includeSubDomains",
        "X-Content-Type-Options": "nosniff",
        "x-ms-client-request-id": "28a9d1ea63966250871f213b62cf8cd3",
        "x-ms-correlation-request-id": "db85d45b-8cf5-4e76-a6da-310cb5e60245",
        "x-ms-ratelimit-remaining-subscription-reads": "11981",
        "x-ms-request-id": "27a0c2ba-5b08-4506-8f32-67cbebe800f5",
        "x-ms-routing-request-id": "SOUTHEASTASIA:20221117T084954Z:db85d45b-8cf5-4e76-a6da-310cb5e60245"
      },
      "ResponseBody": {
        "sku": {
          "name": "Standard_GRS",
          "tier": "Standard"
        },
        "kind": "Storage",
        "id": "/subscriptions/45b60d85-fd72-427a-a708-f994d26e593e/resourceGroups/teststorageRG-9120/providers/Microsoft.Storage/storageAccounts/teststoragemgmt5656",
        "name": "teststoragemgmt5656",
        "type": "Microsoft.Storage/storageAccounts",
        "location": "eastus2",
        "tags": {
          "key1": "value1",
          "key2": "value2"
        },
        "properties": {
          "keyCreationTime": {
            "key1": "2022-11-17T08:49:34.7666087Z",
            "key2": "2022-11-17T08:49:34.7666087Z"
          },
          "privateEndpointConnections": [],
          "minimumTlsVersion": "TLS1_0",
          "allowBlobPublicAccess": true,
          "networkAcls": {
            "bypass": "AzureServices",
            "virtualNetworkRules": [],
            "ipRules": [],
            "defaultAction": "Allow"
          },
          "supportsHttpsTrafficOnly": true,
          "encryption": {
            "services": {
              "file": {
                "keyType": "Account",
                "enabled": true,
                "lastEnabledTime": "2022-11-17T08:49:35.1416747Z"
              },
              "blob": {
                "keyType": "Account",
                "enabled": true,
                "lastEnabledTime": "2022-11-17T08:49:35.1416747Z"
              }
            },
            "keySource": "Microsoft.Storage"
          },
          "provisioningState": "Succeeded",
          "creationTime": "2022-11-17T08:49:34.6103738Z",
          "primaryEndpoints": {
            "blob": "https://teststoragemgmt5656.blob.core.windows.net/",
            "queue": "https://teststoragemgmt5656.queue.core.windows.net/",
            "table": "https://teststoragemgmt5656.table.core.windows.net/",
            "file": "https://teststoragemgmt5656.file.core.windows.net/"
          },
          "primaryLocation": "eastus2",
          "statusOfPrimary": "available",
          "secondaryLocation": "centralus",
          "statusOfSecondary": "available"
        }
      }
    },
    {
      "RequestUri": "https://management.azure.com/subscriptions/45b60d85-fd72-427a-a708-f994d26e593e/resourceGroups/teststorageRG-9120/providers/Microsoft.Storage/storageAccounts/teststoragemgmt5656/blobServices/default?api-version=2022-09-01",
      "RequestMethod": "GET",
      "RequestHeaders": {
        "Accept": "application/json",
        "Authorization": "Sanitized",
        "traceparent": "00-df878921e2cbf84d8a9da39d8bc17dd1-28155b92df168a46-00",
        "User-Agent": "azsdk-net-ResourceManager.Storage/1.1.0-alpha.20221117.1 (.NET Framework 4.8.4515.0; Microsoft Windows 10.0.19045 )",
        "x-ms-client-request-id": "4ee2b0ecee52dc0cc7b6847e4b7c2313",
        "x-ms-return-client-request-id": "true"
      },
      "RequestBody": null,
      "StatusCode": 200,
      "ResponseHeaders": {
        "Cache-Control": "no-cache",
        "Content-Length": "410",
        "Content-Type": "application/json",
        "Date": "Thu, 17 Nov 2022 08:49:53 GMT",
        "Expires": "-1",
        "Pragma": "no-cache",
        "Server": "Microsoft-Azure-Storage-Resource-Provider/1.0,Microsoft-HTTPAPI/2.0 Microsoft-HTTPAPI/2.0",
        "Strict-Transport-Security": "max-age=31536000; includeSubDomains",
        "X-Content-Type-Options": "nosniff",
        "x-ms-client-request-id": "4ee2b0ecee52dc0cc7b6847e4b7c2313",
        "x-ms-correlation-request-id": "764e3023-4204-4cc3-9956-0afa1ac9f010",
        "x-ms-ratelimit-remaining-subscription-reads": "11980",
        "x-ms-request-id": "a538c097-2d59-4215-a0d9-69423862ad62",
        "x-ms-routing-request-id": "SOUTHEASTASIA:20221117T084954Z:764e3023-4204-4cc3-9956-0afa1ac9f010"
      },
      "ResponseBody": {
        "sku": {
          "name": "Standard_GRS",
          "tier": "Standard"
        },
        "id": "/subscriptions/45b60d85-fd72-427a-a708-f994d26e593e/resourceGroups/teststorageRG-9120/providers/Microsoft.Storage/storageAccounts/teststoragemgmt5656/blobServices/default",
        "name": "default",
        "type": "Microsoft.Storage/storageAccounts/blobServices",
        "properties": {
          "cors": {
            "corsRules": []
          },
          "deleteRetentionPolicy": {
            "allowPermanentDelete": false,
            "enabled": false
          }
        }
      }
    },
    {
      "RequestUri": "https://management.azure.com/subscriptions/45b60d85-fd72-427a-a708-f994d26e593e/resourceGroups/teststorageRG-9120/providers/Microsoft.Storage/storageAccounts/teststoragemgmt5656/blobServices/default?api-version=2022-09-01",
      "RequestMethod": "PUT",
      "RequestHeaders": {
        "Accept": "application/json",
        "Authorization": "Sanitized",
        "Content-Length": "359",
        "Content-Type": "application/json",
        "traceparent": "00-7b246922599342418f2fdc373765948d-bdd51b7adc602b4b-00",
        "User-Agent": "azsdk-net-ResourceManager.Storage/1.1.0-alpha.20221117.1 (.NET Framework 4.8.4515.0; Microsoft Windows 10.0.19045 )",
        "x-ms-client-request-id": "64a497d70fea0941d47f8aaf5443fc8a",
        "x-ms-return-client-request-id": "true"
      },
      "RequestBody": {
        "properties": {
          "cors": {
            "corsRules": [
              {
                "allowedOrigins": [
                  "http://www.contoso.com",
                  "http://www.fabrikam.com"
                ],
                "allowedMethods": [
                  "GET",
                  "PUT"
                ],
                "maxAgeInSeconds": 100,
                "exposedHeaders": [
                  "x-ms-meta-*"
                ],
                "allowedHeaders": [
                  "x-ms-meta-abc",
                  "x-ms-meta-data*",
                  "x-ms-meta-target*"
                ]
              }
            ]
          },
          "defaultServiceVersion": "2017-04-17",
          "deleteRetentionPolicy": {
            "enabled": true,
            "days": 300
          }
        }
      },
      "StatusCode": 200,
      "ResponseHeaders": {
        "Cache-Control": "no-cache",
        "Content-Length": "610",
        "Content-Type": "application/json",
        "Date": "Thu, 17 Nov 2022 08:49:55 GMT",
        "Expires": "-1",
        "Pragma": "no-cache",
        "Server": "Microsoft-Azure-Storage-Resource-Provider/1.0,Microsoft-HTTPAPI/2.0 Microsoft-HTTPAPI/2.0",
        "Strict-Transport-Security": "max-age=31536000; includeSubDomains",
        "X-Content-Type-Options": "nosniff",
        "x-ms-client-request-id": "64a497d70fea0941d47f8aaf5443fc8a",
        "x-ms-correlation-request-id": "e9a19443-46f2-461e-b376-a0196c61f653",
        "x-ms-ratelimit-remaining-subscription-writes": "1184",
        "x-ms-request-id": "e9814123-563b-4612-aa90-783ade089af0",
        "x-ms-routing-request-id": "SOUTHEASTASIA:20221117T084956Z:e9a19443-46f2-461e-b376-a0196c61f653"
      },
      "ResponseBody": {
        "id": "/subscriptions/45b60d85-fd72-427a-a708-f994d26e593e/resourceGroups/teststorageRG-9120/providers/Microsoft.Storage/storageAccounts/teststoragemgmt5656/blobServices/default",
        "name": "default",
        "type": "Microsoft.Storage/storageAccounts/blobServices",
        "properties": {
          "cors": {
            "corsRules": [
              {
                "allowedOrigins": [
                  "http://www.contoso.com",
                  "http://www.fabrikam.com"
                ],
                "allowedMethods": [
                  "GET",
                  "PUT"
                ],
                "maxAgeInSeconds": 100,
                "exposedHeaders": [
                  "x-ms-meta-*"
                ],
                "allowedHeaders": [
                  "x-ms-meta-abc",
                  "x-ms-meta-data*",
                  "x-ms-meta-target*"
                ]
              }
            ]
          },
          "defaultServiceVersion": "2017-04-17",
          "deleteRetentionPolicy": {
            "enabled": true,
            "days": 300
          }
        }
      }
    },
    {
      "RequestUri": "https://management.azure.com/subscriptions/45b60d85-fd72-427a-a708-f994d26e593e/resourceGroups/teststorageRG-9120/providers/Microsoft.Storage/storageAccounts/teststoragemgmt5656/blobServices/default?api-version=2022-09-01",
      "RequestMethod": "GET",
      "RequestHeaders": {
        "Accept": "application/json",
        "Authorization": "Sanitized",
        "traceparent": "00-0dd9cde91853f34e845e9c1b1f3b6b77-a8f38e7ae7e5d743-00",
        "User-Agent": "azsdk-net-ResourceManager.Storage/1.1.0-alpha.20221117.1 (.NET Framework 4.8.4515.0; Microsoft Windows 10.0.19045 )",
        "x-ms-client-request-id": "3e39fe3dc81dfb20c5cd61dfdfd2160a",
        "x-ms-return-client-request-id": "true"
      },
      "RequestBody": null,
      "StatusCode": 200,
      "ResponseHeaders": {
        "Cache-Control": "no-cache",
        "Content-Length": "687",
        "Content-Type": "application/json",
        "Date": "Thu, 17 Nov 2022 08:49:56 GMT",
        "Expires": "-1",
        "Pragma": "no-cache",
        "Server": "Microsoft-Azure-Storage-Resource-Provider/1.0,Microsoft-HTTPAPI/2.0 Microsoft-HTTPAPI/2.0",
        "Strict-Transport-Security": "max-age=31536000; includeSubDomains",
        "X-Content-Type-Options": "nosniff",
        "x-ms-client-request-id": "3e39fe3dc81dfb20c5cd61dfdfd2160a",
        "x-ms-correlation-request-id": "7aa14cc0-2fd8-4beb-84e7-7d63db41bf5c",
        "x-ms-ratelimit-remaining-subscription-reads": "11979",
        "x-ms-request-id": "478f5a17-24d1-45b3-acb2-c7fb1e959c24",
        "x-ms-routing-request-id": "SOUTHEASTASIA:20221117T084957Z:7aa14cc0-2fd8-4beb-84e7-7d63db41bf5c"
      },
      "ResponseBody": {
        "sku": {
          "name": "Standard_GRS",
          "tier": "Standard"
        },
        "id": "/subscriptions/45b60d85-fd72-427a-a708-f994d26e593e/resourceGroups/teststorageRG-9120/providers/Microsoft.Storage/storageAccounts/teststoragemgmt5656/blobServices/default",
        "name": "default",
        "type": "Microsoft.Storage/storageAccounts/blobServices",
        "properties": {
          "cors": {
            "corsRules": [
              {
                "allowedOrigins": [
                  "http://www.contoso.com",
                  "http://www.fabrikam.com"
                ],
                "allowedMethods": [
                  "GET",
                  "PUT"
                ],
                "maxAgeInSeconds": 100,
                "exposedHeaders": [
                  "x-ms-meta-*"
                ],
                "allowedHeaders": [
                  "x-ms-meta-abc",
                  "x-ms-meta-data*",
                  "x-ms-meta-target*"
                ]
              }
            ]
          },
          "defaultServiceVersion": "2017-04-17",
          "deleteRetentionPolicy": {
            "allowPermanentDelete": false,
            "enabled": true,
            "days": 300
          }
        }
      }
    },
    {
      "RequestUri": "https://management.azure.com/subscriptions/45b60d85-fd72-427a-a708-f994d26e593e/resourceGroups/teststorageRG-9120/providers/Microsoft.Storage/storageAccounts?api-version=2022-09-01",
      "RequestMethod": "GET",
      "RequestHeaders": {
        "Accept": "application/json",
        "Authorization": "Sanitized",
        "traceparent": "00-5f6d4d2928245645ada492a594edafe9-6b00e753a4ab0046-00",
        "User-Agent": "azsdk-net-ResourceManager.Storage/1.1.0-alpha.20221117.1 (.NET Framework 4.8.4515.0; Microsoft Windows 10.0.19045 )",
        "x-ms-client-request-id": "cb630efb272adde96ed879d3635d8783",
        "x-ms-return-client-request-id": "true"
      },
      "RequestBody": null,
      "StatusCode": 200,
      "ResponseHeaders": {
        "Cache-Control": "no-cache",
        "Content-Length": "1416",
        "Content-Type": "application/json",
        "Date": "Thu, 17 Nov 2022 08:49:56 GMT",
        "Expires": "-1",
        "Pragma": "no-cache",
        "Server": "Microsoft-Azure-Storage-Resource-Provider/1.0,Microsoft-HTTPAPI/2.0 Microsoft-HTTPAPI/2.0",
        "Strict-Transport-Security": "max-age=31536000; includeSubDomains",
        "X-Content-Type-Options": "nosniff",
        "x-ms-client-request-id": "cb630efb272adde96ed879d3635d8783",
        "x-ms-correlation-request-id": "7c33c0b4-6c64-424d-8f3f-369f79b92a7d",
        "x-ms-ratelimit-remaining-subscription-reads": "11978",
        "x-ms-request-id": "a15fe2ee-1039-4172-9469-810e9c367efc",
        "x-ms-routing-request-id": "SOUTHEASTASIA:20221117T084957Z:7c33c0b4-6c64-424d-8f3f-369f79b92a7d"
      },
      "ResponseBody": {
        "value": [
          {
            "sku": {
              "name": "Standard_GRS",
              "tier": "Standard"
            },
            "kind": "Storage",
            "id": "/subscriptions/45b60d85-fd72-427a-a708-f994d26e593e/resourceGroups/teststorageRG-9120/providers/Microsoft.Storage/storageAccounts/teststoragemgmt5656",
            "name": "teststoragemgmt5656",
            "type": "Microsoft.Storage/storageAccounts",
            "location": "eastus2",
            "tags": {
              "key1": "value1",
              "key2": "value2"
            },
            "properties": {
              "keyCreationTime": {
                "key1": "2022-11-17T08:49:34.7666087Z",
                "key2": "2022-11-17T08:49:34.7666087Z"
              },
              "privateEndpointConnections": [],
              "minimumTlsVersion": "TLS1_0",
              "allowBlobPublicAccess": true,
              "networkAcls": {
                "bypass": "AzureServices",
                "virtualNetworkRules": [],
                "ipRules": [],
                "defaultAction": "Allow"
              },
              "supportsHttpsTrafficOnly": true,
              "encryption": {
                "services": {
                  "file": {
                    "keyType": "Account",
                    "enabled": true,
                    "lastEnabledTime": "2022-11-17T08:49:35.1416747Z"
                  },
                  "blob": {
                    "keyType": "Account",
                    "enabled": true,
                    "lastEnabledTime": "2022-11-17T08:49:35.1416747Z"
                  }
                },
                "keySource": "Microsoft.Storage"
              },
              "provisioningState": "Succeeded",
              "creationTime": "2022-11-17T08:49:34.6103738Z",
              "primaryEndpoints": {
                "blob": "https://teststoragemgmt5656.blob.core.windows.net/",
                "queue": "https://teststoragemgmt5656.queue.core.windows.net/",
                "table": "https://teststoragemgmt5656.table.core.windows.net/",
                "file": "https://teststoragemgmt5656.file.core.windows.net/"
              },
              "primaryLocation": "eastus2",
              "statusOfPrimary": "available",
              "secondaryLocation": "centralus",
              "statusOfSecondary": "available"
            }
          }
        ]
      }
    },
    {
      "RequestUri": "https://management.azure.com/subscriptions/45b60d85-fd72-427a-a708-f994d26e593e/resourceGroups/teststorageRG-9120/providers/Microsoft.Storage/storageAccounts/teststoragemgmt5656?api-version=2022-09-01",
      "RequestMethod": "DELETE",
      "RequestHeaders": {
        "Authorization": "Sanitized",
        "traceparent": "00-43acf47103e8b2489218ddda53d3bb24-48b777e82ea4e845-00",
        "User-Agent": "azsdk-net-ResourceManager.Storage/1.1.0-alpha.20221117.1 (.NET Framework 4.8.4515.0; Microsoft Windows 10.0.19045 )",
        "x-ms-client-request-id": "4d40fabae5430ff677a99f1dad622a02",
        "x-ms-return-client-request-id": "true"
      },
      "RequestBody": null,
      "StatusCode": 200,
      "ResponseHeaders": {
        "Cache-Control": "no-cache",
        "Content-Length": "0",
        "Content-Type": "text/plain; charset=utf-8",
        "Date": "Thu, 17 Nov 2022 08:50:00 GMT",
        "Expires": "-1",
        "Pragma": "no-cache",
        "Server": "Microsoft-Azure-Storage-Resource-Provider/1.0,Microsoft-HTTPAPI/2.0 Microsoft-HTTPAPI/2.0",
        "Strict-Transport-Security": "max-age=31536000; includeSubDomains",
        "X-Content-Type-Options": "nosniff",
        "x-ms-client-request-id": "4d40fabae5430ff677a99f1dad622a02",
        "x-ms-correlation-request-id": "299a0df0-7ec2-460e-abe4-e1377811b6b1",
        "x-ms-ratelimit-remaining-subscription-deletes": "14996",
        "x-ms-request-id": "b74dfe9b-a6c4-4e26-a3f5-b41a62218327",
        "x-ms-routing-request-id": "SOUTHEASTASIA:20221117T085001Z:299a0df0-7ec2-460e-abe4-e1377811b6b1"
      },
      "ResponseBody": null
    }
  ],
  "Variables": {
    "AZURE_AUTHORITY_HOST": "https://login.microsoftonline.com",
    "RandomSeed": "1720179419",
    "RESOURCE_MANAGER_URL": null,
    "SUBSCRIPTION_ID": "45b60d85-fd72-427a-a708-f994d26e593e"
  }
}
