{
  "Entries": [
    {
      "RequestUri": "https://management.azure.com/subscriptions/db1ab6f0-4769-4b27-930e-01e2ef9c123c?api-version=2019-11-01",
      "RequestMethod": "GET",
      "RequestHeaders": {
        "Accept": "application/json",
        "Authorization": "Sanitized",
        "traceparent": "00-be98fa6857837048beae8a2c2b3de016-5a33079ffb01514f-00",
        "User-Agent": "azsdk-net-ResourceManager/1.0.0-beta.5 (.NET Framework 4.8.4300.0; Microsoft Windows 10.0.19043 )",
        "x-ms-client-request-id": "16bc30fb2f4c66d8c1fd4eefb076e259",
        "x-ms-return-client-request-id": "true"
      },
      "RequestBody": null,
      "StatusCode": 200,
      "ResponseHeaders": {
        "Cache-Control": "no-cache",
        "Content-Length": "468",
        "Content-Type": "application/json; charset=utf-8",
        "Date": "Fri, 19 Nov 2021 03:05:15 GMT",
        "Expires": "-1",
        "Pragma": "no-cache",
        "Strict-Transport-Security": "max-age=31536000; includeSubDomains",
        "X-Content-Type-Options": "nosniff",
        "x-ms-correlation-request-id": "906c4467-5b8d-477f-b639-dee029a11078",
        "x-ms-ratelimit-remaining-subscription-reads": "11999",
        "x-ms-request-id": "906c4467-5b8d-477f-b639-dee029a11078",
        "x-ms-routing-request-id": "SOUTHEASTASIA:20211119T030515Z:906c4467-5b8d-477f-b639-dee029a11078"
      },
      "ResponseBody": {
        "id": "/subscriptions/db1ab6f0-4769-4b27-930e-01e2ef9c123c",
        "authorizationSource": "RoleBased",
        "managedByTenants": [],
        "tags": {
          "tagKey1": "tagValue1",
          "tagKey2": "tagValue2"
        },
        "subscriptionId": "db1ab6f0-4769-4b27-930e-01e2ef9c123c",
        "tenantId": "72f988bf-86f1-41af-91ab-2d7cd011db47",
        "displayName": ".NET Mgmt SDK Test with TTL = 1 Day",
        "state": "Enabled",
        "subscriptionPolicies": {
          "locationPlacementId": "Internal_2014-09-01",
          "quotaId": "Internal_2014-09-01",
          "spendingLimit": "Off"
        }
      }
    },
    {
      "RequestUri": "https://management.azure.com/subscriptions/db1ab6f0-4769-4b27-930e-01e2ef9c123c/resourcegroups/teststorageRG-8147?api-version=2019-10-01",
      "RequestMethod": "PUT",
      "RequestHeaders": {
        "Accept": "application/json",
        "Authorization": "Sanitized",
        "Content-Length": "44",
        "Content-Type": "application/json",
        "User-Agent": "azsdk-net-ResourceManager/1.0.0-beta.5 (.NET Framework 4.8.4300.0; Microsoft Windows 10.0.19043 )",
        "x-ms-client-request-id": "e75b1a19ddb608f46ad373a0c4a0394d",
        "x-ms-return-client-request-id": "true"
      },
      "RequestBody": {
        "location": "eastus2",
        "tags": {
          "test": "env"
        }
      },
      "StatusCode": 201,
      "ResponseHeaders": {
        "Cache-Control": "no-cache",
        "Content-Length": "256",
        "Content-Type": "application/json; charset=utf-8",
        "Date": "Fri, 19 Nov 2021 03:05:18 GMT",
        "Expires": "-1",
        "Pragma": "no-cache",
        "Strict-Transport-Security": "max-age=31536000; includeSubDomains",
        "X-Content-Type-Options": "nosniff",
        "x-ms-correlation-request-id": "b9b2edf1-4ce8-43fc-b930-6f8c4a45505b",
        "x-ms-ratelimit-remaining-subscription-writes": "1199",
        "x-ms-request-id": "b9b2edf1-4ce8-43fc-b930-6f8c4a45505b",
        "x-ms-routing-request-id": "SOUTHEASTASIA:20211119T030518Z:b9b2edf1-4ce8-43fc-b930-6f8c4a45505b"
      },
      "ResponseBody": {
        "id": "/subscriptions/db1ab6f0-4769-4b27-930e-01e2ef9c123c/resourceGroups/teststorageRG-8147",
        "name": "teststorageRG-8147",
        "type": "Microsoft.Resources/resourceGroups",
        "location": "eastus2",
        "tags": {
          "test": "env"
        },
        "properties": {
          "provisioningState": "Succeeded"
        }
      }
    },
    {
      "RequestUri": "https://management.azure.com/subscriptions/db1ab6f0-4769-4b27-930e-01e2ef9c123c/providers/Microsoft.Storage/checkNameAvailability?api-version=2021-04-01",
      "RequestMethod": "POST",
      "RequestHeaders": {
        "Accept": "application/json",
        "Authorization": "Sanitized",
        "Content-Length": "72",
        "Content-Type": "application/json",
        "User-Agent": "azsdk-net-ResourceManager.Storage/1.0.0-alpha.20211119.1 (.NET Framework 4.8.4300.0; Microsoft Windows 10.0.19043 )",
        "x-ms-client-request-id": "5e5cb353b303d3a9b4d20ddf224df5ff",
        "x-ms-return-client-request-id": "true"
      },
      "RequestBody": {
        "name": "teststoragemgmt797",
        "type": "Microsoft.Storage/storageAccounts"
      },
      "StatusCode": 200,
      "ResponseHeaders": {
        "Cache-Control": "no-cache",
        "Content-Length": "22",
        "Content-Type": "application/json",
        "Date": "Fri, 19 Nov 2021 03:05:19 GMT",
        "Expires": "-1",
        "Pragma": "no-cache",
        "Server": "Microsoft-Azure-Storage-Resource-Provider/1.0,Microsoft-HTTPAPI/2.0 Microsoft-HTTPAPI/2.0",
        "Strict-Transport-Security": "max-age=31536000; includeSubDomains",
        "X-Content-Type-Options": "nosniff",
        "x-ms-client-request-id": "5e5cb353b303d3a9b4d20ddf224df5ff",
        "x-ms-correlation-request-id": "50d0d456-0b6e-4a97-a188-93ffa5466e2a",
        "x-ms-ratelimit-remaining-subscription-reads": "11998",
        "x-ms-request-id": "50a195cd-6c84-409c-ad14-5c99305070e7",
        "x-ms-routing-request-id": "SOUTHEASTASIA:20211119T030519Z:50d0d456-0b6e-4a97-a188-93ffa5466e2a"
      },
      "ResponseBody": {
        "nameAvailable": true
      }
    },
    {
      "RequestUri": "https://management.azure.com/subscriptions/db1ab6f0-4769-4b27-930e-01e2ef9c123c/resourceGroups/teststorageRG-8147/providers/Microsoft.Storage/storageAccounts/teststoragemgmt797?api-version=2021-04-01",
      "RequestMethod": "PUT",
      "RequestHeaders": {
        "Accept": "application/json",
        "Authorization": "Sanitized",
        "Content-Length": "126",
        "Content-Type": "application/json",
        "User-Agent": "azsdk-net-ResourceManager.Storage/1.0.0-alpha.20211119.1 (.NET Framework 4.8.4300.0; Microsoft Windows 10.0.19043 )",
        "x-ms-client-request-id": "4629912d45e3c8520de25b64c5fc5d14",
        "x-ms-return-client-request-id": "true"
      },
      "RequestBody": {
        "sku": {
          "name": "Standard_GRS"
        },
        "kind": "Storage",
        "location": "eastus2",
        "tags": {
          "key1": "value1",
          "key2": "value2"
        },
        "properties": {}
      },
      "StatusCode": 202,
      "ResponseHeaders": {
        "Cache-Control": "no-cache",
        "Content-Length": "0",
        "Content-Type": "text/plain; charset=utf-8",
        "Date": "Fri, 19 Nov 2021 03:05:27 GMT",
        "Expires": "-1",
        "Location": "https://management.azure.com/subscriptions/db1ab6f0-4769-4b27-930e-01e2ef9c123c/providers/Microsoft.Storage/locations/eastus2/asyncoperations/04e88d03-6266-4653-b17c-7f55af7b43f0?monitor=true\u0026api-version=2021-04-01",
        "Pragma": "no-cache",
        "Retry-After": "17",
        "Server": "Microsoft-Azure-Storage-Resource-Provider/1.0,Microsoft-HTTPAPI/2.0 Microsoft-HTTPAPI/2.0",
        "Strict-Transport-Security": "max-age=31536000; includeSubDomains",
        "X-Content-Type-Options": "nosniff",
        "x-ms-client-request-id": "4629912d45e3c8520de25b64c5fc5d14",
        "x-ms-correlation-request-id": "d7183a8b-04a4-452c-9d06-29aa9d28bdf2",
        "x-ms-ratelimit-remaining-subscription-writes": "1198",
        "x-ms-request-id": "04e88d03-6266-4653-b17c-7f55af7b43f0",
        "x-ms-routing-request-id": "SOUTHEASTASIA:20211119T030528Z:d7183a8b-04a4-452c-9d06-29aa9d28bdf2"
      },
      "ResponseBody": []
    },
    {
      "RequestUri": "https://management.azure.com/subscriptions/db1ab6f0-4769-4b27-930e-01e2ef9c123c/providers/Microsoft.Storage/locations/eastus2/asyncoperations/04e88d03-6266-4653-b17c-7f55af7b43f0?monitor=true\u0026api-version=2021-04-01",
      "RequestMethod": "GET",
      "RequestHeaders": {
        "Authorization": "Sanitized",
        "User-Agent": "azsdk-net-ResourceManager/1.0.0-beta.5 (.NET Framework 4.8.4300.0; Microsoft Windows 10.0.19043 )",
        "x-ms-client-request-id": "0e96a07e070f0ee16094502057440db7",
        "x-ms-return-client-request-id": "true"
      },
      "RequestBody": null,
      "StatusCode": 202,
      "ResponseHeaders": {
        "Cache-Control": "no-cache",
        "Content-Length": "0",
        "Content-Type": "text/plain; charset=utf-8",
        "Date": "Fri, 19 Nov 2021 03:05:28 GMT",
        "Expires": "-1",
        "Location": "https://management.azure.com/subscriptions/db1ab6f0-4769-4b27-930e-01e2ef9c123c/providers/Microsoft.Storage/locations/eastus2/asyncoperations/04e88d03-6266-4653-b17c-7f55af7b43f0?monitor=true\u0026api-version=2021-04-01",
        "Pragma": "no-cache",
        "Retry-After": "17",
        "Server": "Microsoft-Azure-Storage-Resource-Provider/1.0,Microsoft-HTTPAPI/2.0 Microsoft-HTTPAPI/2.0",
        "Strict-Transport-Security": "max-age=31536000; includeSubDomains",
        "X-Content-Type-Options": "nosniff",
        "x-ms-client-request-id": "0e96a07e070f0ee16094502057440db7",
        "x-ms-correlation-request-id": "66e177a3-c967-47fc-a266-c8196c48d9f6",
        "x-ms-ratelimit-remaining-subscription-reads": "11997",
        "x-ms-request-id": "efc34f03-6fbb-41a1-a6a0-b033a3a36da5",
        "x-ms-routing-request-id": "SOUTHEASTASIA:20211119T030528Z:66e177a3-c967-47fc-a266-c8196c48d9f6"
      },
      "ResponseBody": []
    },
    {
      "RequestUri": "https://management.azure.com/subscriptions/db1ab6f0-4769-4b27-930e-01e2ef9c123c/providers/Microsoft.Storage/locations/eastus2/asyncoperations/04e88d03-6266-4653-b17c-7f55af7b43f0?monitor=true\u0026api-version=2021-04-01",
      "RequestMethod": "GET",
      "RequestHeaders": {
        "Authorization": "Sanitized",
        "User-Agent": "azsdk-net-ResourceManager/1.0.0-beta.5 (.NET Framework 4.8.4300.0; Microsoft Windows 10.0.19043 )",
        "x-ms-client-request-id": "363df874c62af4037bc294ce4247e0e4",
        "x-ms-return-client-request-id": "true"
      },
      "RequestBody": null,
      "StatusCode": 202,
      "ResponseHeaders": {
        "Cache-Control": "no-cache",
        "Content-Length": "0",
        "Content-Type": "text/plain; charset=utf-8",
        "Date": "Fri, 19 Nov 2021 03:05:28 GMT",
        "Expires": "-1",
        "Location": "https://management.azure.com/subscriptions/db1ab6f0-4769-4b27-930e-01e2ef9c123c/providers/Microsoft.Storage/locations/eastus2/asyncoperations/04e88d03-6266-4653-b17c-7f55af7b43f0?monitor=true\u0026api-version=2021-04-01",
        "Pragma": "no-cache",
        "Retry-After": "17",
        "Server": "Microsoft-Azure-Storage-Resource-Provider/1.0,Microsoft-HTTPAPI/2.0 Microsoft-HTTPAPI/2.0",
        "Strict-Transport-Security": "max-age=31536000; includeSubDomains",
        "X-Content-Type-Options": "nosniff",
        "x-ms-client-request-id": "363df874c62af4037bc294ce4247e0e4",
        "x-ms-correlation-request-id": "b96b7eb6-02b6-4a74-9bde-3fcba306863c",
        "x-ms-ratelimit-remaining-subscription-reads": "11996",
        "x-ms-request-id": "b9c239ac-3733-46b0-8598-70b8bdfa3baa",
        "x-ms-routing-request-id": "SOUTHEASTASIA:20211119T030529Z:b96b7eb6-02b6-4a74-9bde-3fcba306863c"
      },
      "ResponseBody": []
    },
    {
      "RequestUri": "https://management.azure.com/subscriptions/db1ab6f0-4769-4b27-930e-01e2ef9c123c/providers/Microsoft.Storage/locations/eastus2/asyncoperations/04e88d03-6266-4653-b17c-7f55af7b43f0?monitor=true\u0026api-version=2021-04-01",
      "RequestMethod": "GET",
      "RequestHeaders": {
        "Authorization": "Sanitized",
        "User-Agent": "azsdk-net-ResourceManager/1.0.0-beta.5 (.NET Framework 4.8.4300.0; Microsoft Windows 10.0.19043 )",
        "x-ms-client-request-id": "25e6d49a4e669a050915ce67e9f60f6d",
        "x-ms-return-client-request-id": "true"
      },
      "RequestBody": null,
      "StatusCode": 202,
      "ResponseHeaders": {
        "Cache-Control": "no-cache",
        "Content-Length": "0",
        "Content-Type": "text/plain; charset=utf-8",
        "Date": "Fri, 19 Nov 2021 03:05:28 GMT",
        "Expires": "-1",
        "Location": "https://management.azure.com/subscriptions/db1ab6f0-4769-4b27-930e-01e2ef9c123c/providers/Microsoft.Storage/locations/eastus2/asyncoperations/04e88d03-6266-4653-b17c-7f55af7b43f0?monitor=true\u0026api-version=2021-04-01",
        "Pragma": "no-cache",
        "Retry-After": "17",
        "Server": "Microsoft-Azure-Storage-Resource-Provider/1.0,Microsoft-HTTPAPI/2.0 Microsoft-HTTPAPI/2.0",
        "Strict-Transport-Security": "max-age=31536000; includeSubDomains",
        "X-Content-Type-Options": "nosniff",
        "x-ms-client-request-id": "25e6d49a4e669a050915ce67e9f60f6d",
        "x-ms-correlation-request-id": "7f5a80b0-689d-47fe-ab88-27bddb385d14",
        "x-ms-ratelimit-remaining-subscription-reads": "11995",
        "x-ms-request-id": "12dac76c-787d-4ee2-9b1a-ebd8a91c0108",
        "x-ms-routing-request-id": "SOUTHEASTASIA:20211119T030529Z:7f5a80b0-689d-47fe-ab88-27bddb385d14"
      },
      "ResponseBody": []
    },
    {
      "RequestUri": "https://management.azure.com/subscriptions/db1ab6f0-4769-4b27-930e-01e2ef9c123c/providers/Microsoft.Storage/locations/eastus2/asyncoperations/04e88d03-6266-4653-b17c-7f55af7b43f0?monitor=true\u0026api-version=2021-04-01",
      "RequestMethod": "GET",
      "RequestHeaders": {
        "Authorization": "Sanitized",
        "User-Agent": "azsdk-net-ResourceManager/1.0.0-beta.5 (.NET Framework 4.8.4300.0; Microsoft Windows 10.0.19043 )",
        "x-ms-client-request-id": "ef964b0611ecb85c9da2934d7213cb19",
        "x-ms-return-client-request-id": "true"
      },
      "RequestBody": null,
      "StatusCode": 202,
      "ResponseHeaders": {
        "Cache-Control": "no-cache",
        "Content-Length": "0",
        "Content-Type": "text/plain; charset=utf-8",
        "Date": "Fri, 19 Nov 2021 03:05:29 GMT",
        "Expires": "-1",
        "Location": "https://management.azure.com/subscriptions/db1ab6f0-4769-4b27-930e-01e2ef9c123c/providers/Microsoft.Storage/locations/eastus2/asyncoperations/04e88d03-6266-4653-b17c-7f55af7b43f0?monitor=true\u0026api-version=2021-04-01",
        "Pragma": "no-cache",
        "Retry-After": "17",
        "Server": "Microsoft-Azure-Storage-Resource-Provider/1.0,Microsoft-HTTPAPI/2.0 Microsoft-HTTPAPI/2.0",
        "Strict-Transport-Security": "max-age=31536000; includeSubDomains",
        "X-Content-Type-Options": "nosniff",
        "x-ms-client-request-id": "ef964b0611ecb85c9da2934d7213cb19",
        "x-ms-correlation-request-id": "d6921ffe-e654-4844-9216-23f8f976266a",
        "x-ms-ratelimit-remaining-subscription-reads": "11994",
        "x-ms-request-id": "8d90433e-9a31-44ff-9149-af639793e17d",
        "x-ms-routing-request-id": "SOUTHEASTASIA:20211119T030529Z:d6921ffe-e654-4844-9216-23f8f976266a"
      },
      "ResponseBody": []
    },
    {
      "RequestUri": "https://management.azure.com/subscriptions/db1ab6f0-4769-4b27-930e-01e2ef9c123c/providers/Microsoft.Storage/locations/eastus2/asyncoperations/04e88d03-6266-4653-b17c-7f55af7b43f0?monitor=true\u0026api-version=2021-04-01",
      "RequestMethod": "GET",
      "RequestHeaders": {
        "Authorization": "Sanitized",
        "User-Agent": "azsdk-net-ResourceManager/1.0.0-beta.5 (.NET Framework 4.8.4300.0; Microsoft Windows 10.0.19043 )",
        "x-ms-client-request-id": "83866bb4e85e2650f2a22d14f79b0a84",
        "x-ms-return-client-request-id": "true"
      },
      "RequestBody": null,
      "StatusCode": 202,
      "ResponseHeaders": {
        "Cache-Control": "no-cache",
        "Content-Length": "0",
        "Content-Type": "text/plain; charset=utf-8",
        "Date": "Fri, 19 Nov 2021 03:05:29 GMT",
        "Expires": "-1",
        "Location": "https://management.azure.com/subscriptions/db1ab6f0-4769-4b27-930e-01e2ef9c123c/providers/Microsoft.Storage/locations/eastus2/asyncoperations/04e88d03-6266-4653-b17c-7f55af7b43f0?monitor=true\u0026api-version=2021-04-01",
        "Pragma": "no-cache",
        "Retry-After": "17",
        "Server": "Microsoft-Azure-Storage-Resource-Provider/1.0,Microsoft-HTTPAPI/2.0 Microsoft-HTTPAPI/2.0",
        "Strict-Transport-Security": "max-age=31536000; includeSubDomains",
        "X-Content-Type-Options": "nosniff",
        "x-ms-client-request-id": "83866bb4e85e2650f2a22d14f79b0a84",
        "x-ms-correlation-request-id": "315f8a83-80c4-4375-a41c-68bc2d0a79a0",
        "x-ms-ratelimit-remaining-subscription-reads": "11993",
        "x-ms-request-id": "c4bec478-3f38-4418-a9d6-2c5c4ba36a68",
        "x-ms-routing-request-id": "SOUTHEASTASIA:20211119T030530Z:315f8a83-80c4-4375-a41c-68bc2d0a79a0"
      },
      "ResponseBody": []
    },
    {
      "RequestUri": "https://management.azure.com/subscriptions/db1ab6f0-4769-4b27-930e-01e2ef9c123c/providers/Microsoft.Storage/locations/eastus2/asyncoperations/04e88d03-6266-4653-b17c-7f55af7b43f0?monitor=true\u0026api-version=2021-04-01",
      "RequestMethod": "GET",
      "RequestHeaders": {
        "Authorization": "Sanitized",
        "User-Agent": "azsdk-net-ResourceManager/1.0.0-beta.5 (.NET Framework 4.8.4300.0; Microsoft Windows 10.0.19043 )",
        "x-ms-client-request-id": "f6c827b2f0b089f8782e87c4bab827f6",
        "x-ms-return-client-request-id": "true"
      },
      "RequestBody": null,
      "StatusCode": 202,
      "ResponseHeaders": {
        "Cache-Control": "no-cache",
        "Content-Length": "0",
        "Content-Type": "text/plain; charset=utf-8",
        "Date": "Fri, 19 Nov 2021 03:05:29 GMT",
        "Expires": "-1",
        "Location": "https://management.azure.com/subscriptions/db1ab6f0-4769-4b27-930e-01e2ef9c123c/providers/Microsoft.Storage/locations/eastus2/asyncoperations/04e88d03-6266-4653-b17c-7f55af7b43f0?monitor=true\u0026api-version=2021-04-01",
        "Pragma": "no-cache",
        "Retry-After": "17",
        "Server": "Microsoft-Azure-Storage-Resource-Provider/1.0,Microsoft-HTTPAPI/2.0 Microsoft-HTTPAPI/2.0",
        "Strict-Transport-Security": "max-age=31536000; includeSubDomains",
        "X-Content-Type-Options": "nosniff",
        "x-ms-client-request-id": "f6c827b2f0b089f8782e87c4bab827f6",
        "x-ms-correlation-request-id": "43dbdc5a-2edf-4f76-ac85-1424046aa551",
        "x-ms-ratelimit-remaining-subscription-reads": "11992",
        "x-ms-request-id": "e0ef492d-af04-4562-a787-9956c8ec8f0c",
        "x-ms-routing-request-id": "SOUTHEASTASIA:20211119T030530Z:43dbdc5a-2edf-4f76-ac85-1424046aa551"
      },
      "ResponseBody": []
    },
    {
      "RequestUri": "https://management.azure.com/subscriptions/db1ab6f0-4769-4b27-930e-01e2ef9c123c/providers/Microsoft.Storage/locations/eastus2/asyncoperations/04e88d03-6266-4653-b17c-7f55af7b43f0?monitor=true\u0026api-version=2021-04-01",
      "RequestMethod": "GET",
      "RequestHeaders": {
        "Authorization": "Sanitized",
        "User-Agent": "azsdk-net-ResourceManager/1.0.0-beta.5 (.NET Framework 4.8.4300.0; Microsoft Windows 10.0.19043 )",
        "x-ms-client-request-id": "7db3b4498c701e0efa70fc49e347c002",
        "x-ms-return-client-request-id": "true"
      },
      "RequestBody": null,
      "StatusCode": 202,
      "ResponseHeaders": {
        "Cache-Control": "no-cache",
        "Content-Length": "0",
        "Content-Type": "text/plain; charset=utf-8",
        "Date": "Fri, 19 Nov 2021 03:05:30 GMT",
        "Expires": "-1",
        "Location": "https://management.azure.com/subscriptions/db1ab6f0-4769-4b27-930e-01e2ef9c123c/providers/Microsoft.Storage/locations/eastus2/asyncoperations/04e88d03-6266-4653-b17c-7f55af7b43f0?monitor=true\u0026api-version=2021-04-01",
        "Pragma": "no-cache",
        "Retry-After": "17",
        "Server": "Microsoft-Azure-Storage-Resource-Provider/1.0,Microsoft-HTTPAPI/2.0 Microsoft-HTTPAPI/2.0",
        "Strict-Transport-Security": "max-age=31536000; includeSubDomains",
        "X-Content-Type-Options": "nosniff",
        "x-ms-client-request-id": "7db3b4498c701e0efa70fc49e347c002",
        "x-ms-correlation-request-id": "62ca2317-5ef5-45ee-9e3a-615dbd4bd605",
        "x-ms-ratelimit-remaining-subscription-reads": "11991",
        "x-ms-request-id": "9ae80917-33c7-4db2-a0b0-786dc0535db2",
        "x-ms-routing-request-id": "SOUTHEASTASIA:20211119T030530Z:62ca2317-5ef5-45ee-9e3a-615dbd4bd605"
      },
      "ResponseBody": []
    },
    {
      "RequestUri": "https://management.azure.com/subscriptions/db1ab6f0-4769-4b27-930e-01e2ef9c123c/providers/Microsoft.Storage/locations/eastus2/asyncoperations/04e88d03-6266-4653-b17c-7f55af7b43f0?monitor=true\u0026api-version=2021-04-01",
      "RequestMethod": "GET",
      "RequestHeaders": {
        "Authorization": "Sanitized",
        "User-Agent": "azsdk-net-ResourceManager/1.0.0-beta.5 (.NET Framework 4.8.4300.0; Microsoft Windows 10.0.19043 )",
        "x-ms-client-request-id": "4b9a0e97d44ac36873fc0a30608c6b39",
        "x-ms-return-client-request-id": "true"
      },
      "RequestBody": null,
      "StatusCode": 202,
      "ResponseHeaders": {
        "Cache-Control": "no-cache",
        "Content-Length": "0",
        "Content-Type": "text/plain; charset=utf-8",
        "Date": "Fri, 19 Nov 2021 03:05:30 GMT",
        "Expires": "-1",
        "Location": "https://management.azure.com/subscriptions/db1ab6f0-4769-4b27-930e-01e2ef9c123c/providers/Microsoft.Storage/locations/eastus2/asyncoperations/04e88d03-6266-4653-b17c-7f55af7b43f0?monitor=true\u0026api-version=2021-04-01",
        "Pragma": "no-cache",
        "Retry-After": "17",
        "Server": "Microsoft-Azure-Storage-Resource-Provider/1.0,Microsoft-HTTPAPI/2.0 Microsoft-HTTPAPI/2.0",
        "Strict-Transport-Security": "max-age=31536000; includeSubDomains",
        "X-Content-Type-Options": "nosniff",
        "x-ms-client-request-id": "4b9a0e97d44ac36873fc0a30608c6b39",
        "x-ms-correlation-request-id": "bfa258f1-fb7a-4f78-ad73-13cf62989ac4",
        "x-ms-ratelimit-remaining-subscription-reads": "11990",
        "x-ms-request-id": "803c4bd0-e4e0-4087-a796-d3248b2d7595",
        "x-ms-routing-request-id": "SOUTHEASTASIA:20211119T030530Z:bfa258f1-fb7a-4f78-ad73-13cf62989ac4"
      },
      "ResponseBody": []
    },
    {
      "RequestUri": "https://management.azure.com/subscriptions/db1ab6f0-4769-4b27-930e-01e2ef9c123c/providers/Microsoft.Storage/locations/eastus2/asyncoperations/04e88d03-6266-4653-b17c-7f55af7b43f0?monitor=true\u0026api-version=2021-04-01",
      "RequestMethod": "GET",
      "RequestHeaders": {
        "Authorization": "Sanitized",
        "User-Agent": "azsdk-net-ResourceManager/1.0.0-beta.5 (.NET Framework 4.8.4300.0; Microsoft Windows 10.0.19043 )",
        "x-ms-client-request-id": "42cb377b8de8251418a9fc40f4afa531",
        "x-ms-return-client-request-id": "true"
      },
      "RequestBody": null,
      "StatusCode": 202,
      "ResponseHeaders": {
        "Cache-Control": "no-cache",
        "Content-Length": "0",
        "Content-Type": "text/plain; charset=utf-8",
        "Date": "Fri, 19 Nov 2021 03:05:30 GMT",
        "Expires": "-1",
        "Location": "https://management.azure.com/subscriptions/db1ab6f0-4769-4b27-930e-01e2ef9c123c/providers/Microsoft.Storage/locations/eastus2/asyncoperations/04e88d03-6266-4653-b17c-7f55af7b43f0?monitor=true\u0026api-version=2021-04-01",
        "Pragma": "no-cache",
        "Retry-After": "17",
        "Server": "Microsoft-Azure-Storage-Resource-Provider/1.0,Microsoft-HTTPAPI/2.0 Microsoft-HTTPAPI/2.0",
        "Strict-Transport-Security": "max-age=31536000; includeSubDomains",
        "X-Content-Type-Options": "nosniff",
        "x-ms-client-request-id": "42cb377b8de8251418a9fc40f4afa531",
        "x-ms-correlation-request-id": "73dfd942-5ce1-4f14-a099-d525a6cc8108",
        "x-ms-ratelimit-remaining-subscription-reads": "11989",
        "x-ms-request-id": "7c383c96-4396-4946-b876-a270c6e0545c",
        "x-ms-routing-request-id": "SOUTHEASTASIA:20211119T030531Z:73dfd942-5ce1-4f14-a099-d525a6cc8108"
      },
      "ResponseBody": []
    },
    {
      "RequestUri": "https://management.azure.com/subscriptions/db1ab6f0-4769-4b27-930e-01e2ef9c123c/providers/Microsoft.Storage/locations/eastus2/asyncoperations/04e88d03-6266-4653-b17c-7f55af7b43f0?monitor=true\u0026api-version=2021-04-01",
      "RequestMethod": "GET",
      "RequestHeaders": {
        "Authorization": "Sanitized",
        "User-Agent": "azsdk-net-ResourceManager/1.0.0-beta.5 (.NET Framework 4.8.4300.0; Microsoft Windows 10.0.19043 )",
        "x-ms-client-request-id": "ab2c856ddb1d74ab4cef097382debd6e",
        "x-ms-return-client-request-id": "true"
      },
      "RequestBody": null,
      "StatusCode": 202,
      "ResponseHeaders": {
        "Cache-Control": "no-cache",
        "Content-Length": "0",
        "Content-Type": "text/plain; charset=utf-8",
        "Date": "Fri, 19 Nov 2021 03:05:30 GMT",
        "Expires": "-1",
        "Location": "https://management.azure.com/subscriptions/db1ab6f0-4769-4b27-930e-01e2ef9c123c/providers/Microsoft.Storage/locations/eastus2/asyncoperations/04e88d03-6266-4653-b17c-7f55af7b43f0?monitor=true\u0026api-version=2021-04-01",
        "Pragma": "no-cache",
        "Retry-After": "17",
        "Server": "Microsoft-Azure-Storage-Resource-Provider/1.0,Microsoft-HTTPAPI/2.0 Microsoft-HTTPAPI/2.0",
        "Strict-Transport-Security": "max-age=31536000; includeSubDomains",
        "X-Content-Type-Options": "nosniff",
        "x-ms-client-request-id": "ab2c856ddb1d74ab4cef097382debd6e",
        "x-ms-correlation-request-id": "90094b25-f7b2-443a-a219-cb6d37eb316e",
        "x-ms-ratelimit-remaining-subscription-reads": "11988",
        "x-ms-request-id": "c713a7ad-c85b-47cd-a03d-f17f74bd3649",
        "x-ms-routing-request-id": "SOUTHEASTASIA:20211119T030531Z:90094b25-f7b2-443a-a219-cb6d37eb316e"
      },
      "ResponseBody": []
    },
    {
      "RequestUri": "https://management.azure.com/subscriptions/db1ab6f0-4769-4b27-930e-01e2ef9c123c/providers/Microsoft.Storage/locations/eastus2/asyncoperations/04e88d03-6266-4653-b17c-7f55af7b43f0?monitor=true\u0026api-version=2021-04-01",
      "RequestMethod": "GET",
      "RequestHeaders": {
        "Authorization": "Sanitized",
        "User-Agent": "azsdk-net-ResourceManager/1.0.0-beta.5 (.NET Framework 4.8.4300.0; Microsoft Windows 10.0.19043 )",
        "x-ms-client-request-id": "abcdc2057e7b0919fa7533a0d828cfc4",
        "x-ms-return-client-request-id": "true"
      },
      "RequestBody": null,
      "StatusCode": 202,
      "ResponseHeaders": {
        "Cache-Control": "no-cache",
        "Content-Length": "0",
        "Content-Type": "text/plain; charset=utf-8",
        "Date": "Fri, 19 Nov 2021 03:05:31 GMT",
        "Expires": "-1",
        "Location": "https://management.azure.com/subscriptions/db1ab6f0-4769-4b27-930e-01e2ef9c123c/providers/Microsoft.Storage/locations/eastus2/asyncoperations/04e88d03-6266-4653-b17c-7f55af7b43f0?monitor=true\u0026api-version=2021-04-01",
        "Pragma": "no-cache",
        "Retry-After": "17",
        "Server": "Microsoft-Azure-Storage-Resource-Provider/1.0,Microsoft-HTTPAPI/2.0 Microsoft-HTTPAPI/2.0",
        "Strict-Transport-Security": "max-age=31536000; includeSubDomains",
        "X-Content-Type-Options": "nosniff",
        "x-ms-client-request-id": "abcdc2057e7b0919fa7533a0d828cfc4",
        "x-ms-correlation-request-id": "86875336-a1c9-4aab-bcbd-af3e59d71c2f",
        "x-ms-ratelimit-remaining-subscription-reads": "11987",
        "x-ms-request-id": "473ce7e0-2666-442b-a59e-55484cd47599",
        "x-ms-routing-request-id": "SOUTHEASTASIA:20211119T030531Z:86875336-a1c9-4aab-bcbd-af3e59d71c2f"
      },
      "ResponseBody": []
    },
    {
      "RequestUri": "https://management.azure.com/subscriptions/db1ab6f0-4769-4b27-930e-01e2ef9c123c/providers/Microsoft.Storage/locations/eastus2/asyncoperations/04e88d03-6266-4653-b17c-7f55af7b43f0?monitor=true\u0026api-version=2021-04-01",
      "RequestMethod": "GET",
      "RequestHeaders": {
        "Authorization": "Sanitized",
        "User-Agent": "azsdk-net-ResourceManager/1.0.0-beta.5 (.NET Framework 4.8.4300.0; Microsoft Windows 10.0.19043 )",
        "x-ms-client-request-id": "dbc3d957bf5f9f1b8c57f6f883a1a339",
        "x-ms-return-client-request-id": "true"
      },
      "RequestBody": null,
      "StatusCode": 202,
      "ResponseHeaders": {
        "Cache-Control": "no-cache",
        "Content-Length": "0",
        "Content-Type": "text/plain; charset=utf-8",
        "Date": "Fri, 19 Nov 2021 03:05:31 GMT",
        "Expires": "-1",
        "Location": "https://management.azure.com/subscriptions/db1ab6f0-4769-4b27-930e-01e2ef9c123c/providers/Microsoft.Storage/locations/eastus2/asyncoperations/04e88d03-6266-4653-b17c-7f55af7b43f0?monitor=true\u0026api-version=2021-04-01",
        "Pragma": "no-cache",
        "Retry-After": "17",
        "Server": "Microsoft-Azure-Storage-Resource-Provider/1.0,Microsoft-HTTPAPI/2.0 Microsoft-HTTPAPI/2.0",
        "Strict-Transport-Security": "max-age=31536000; includeSubDomains",
        "X-Content-Type-Options": "nosniff",
        "x-ms-client-request-id": "dbc3d957bf5f9f1b8c57f6f883a1a339",
        "x-ms-correlation-request-id": "39dec2a3-01ea-4cf2-98ae-d50025beb2f2",
        "x-ms-ratelimit-remaining-subscription-reads": "11986",
        "x-ms-request-id": "314338c4-9eb8-4d9e-a938-979eca90dba9",
        "x-ms-routing-request-id": "SOUTHEASTASIA:20211119T030532Z:39dec2a3-01ea-4cf2-98ae-d50025beb2f2"
      },
      "ResponseBody": []
    },
    {
      "RequestUri": "https://management.azure.com/subscriptions/db1ab6f0-4769-4b27-930e-01e2ef9c123c/providers/Microsoft.Storage/locations/eastus2/asyncoperations/04e88d03-6266-4653-b17c-7f55af7b43f0?monitor=true\u0026api-version=2021-04-01",
      "RequestMethod": "GET",
      "RequestHeaders": {
        "Authorization": "Sanitized",
        "User-Agent": "azsdk-net-ResourceManager/1.0.0-beta.5 (.NET Framework 4.8.4300.0; Microsoft Windows 10.0.19043 )",
        "x-ms-client-request-id": "313b8decf9e1efb56b23b1a8a80a9b23",
        "x-ms-return-client-request-id": "true"
      },
      "RequestBody": null,
      "StatusCode": 202,
      "ResponseHeaders": {
        "Cache-Control": "no-cache",
        "Content-Length": "0",
        "Content-Type": "text/plain; charset=utf-8",
        "Date": "Fri, 19 Nov 2021 03:05:31 GMT",
        "Expires": "-1",
        "Location": "https://management.azure.com/subscriptions/db1ab6f0-4769-4b27-930e-01e2ef9c123c/providers/Microsoft.Storage/locations/eastus2/asyncoperations/04e88d03-6266-4653-b17c-7f55af7b43f0?monitor=true\u0026api-version=2021-04-01",
        "Pragma": "no-cache",
        "Retry-After": "17",
        "Server": "Microsoft-Azure-Storage-Resource-Provider/1.0,Microsoft-HTTPAPI/2.0 Microsoft-HTTPAPI/2.0",
        "Strict-Transport-Security": "max-age=31536000; includeSubDomains",
        "X-Content-Type-Options": "nosniff",
        "x-ms-client-request-id": "313b8decf9e1efb56b23b1a8a80a9b23",
        "x-ms-correlation-request-id": "d325cae8-3080-4f64-ac0c-6b14eca1a9eb",
        "x-ms-ratelimit-remaining-subscription-reads": "11985",
        "x-ms-request-id": "5696fb14-b984-4393-ad09-50e37f16e826",
        "x-ms-routing-request-id": "SOUTHEASTASIA:20211119T030532Z:d325cae8-3080-4f64-ac0c-6b14eca1a9eb"
      },
      "ResponseBody": []
    },
    {
      "RequestUri": "https://management.azure.com/subscriptions/db1ab6f0-4769-4b27-930e-01e2ef9c123c/providers/Microsoft.Storage/locations/eastus2/asyncoperations/04e88d03-6266-4653-b17c-7f55af7b43f0?monitor=true\u0026api-version=2021-04-01",
      "RequestMethod": "GET",
      "RequestHeaders": {
        "Authorization": "Sanitized",
        "User-Agent": "azsdk-net-ResourceManager/1.0.0-beta.5 (.NET Framework 4.8.4300.0; Microsoft Windows 10.0.19043 )",
        "x-ms-client-request-id": "a81b4520e11b450ea62d1f2487218658",
        "x-ms-return-client-request-id": "true"
      },
      "RequestBody": null,
      "StatusCode": 202,
      "ResponseHeaders": {
        "Cache-Control": "no-cache",
        "Content-Length": "0",
        "Content-Type": "text/plain; charset=utf-8",
        "Date": "Fri, 19 Nov 2021 03:05:32 GMT",
        "Expires": "-1",
        "Location": "https://management.azure.com/subscriptions/db1ab6f0-4769-4b27-930e-01e2ef9c123c/providers/Microsoft.Storage/locations/eastus2/asyncoperations/04e88d03-6266-4653-b17c-7f55af7b43f0?monitor=true\u0026api-version=2021-04-01",
        "Pragma": "no-cache",
        "Retry-After": "17",
        "Server": "Microsoft-Azure-Storage-Resource-Provider/1.0,Microsoft-HTTPAPI/2.0 Microsoft-HTTPAPI/2.0",
        "Strict-Transport-Security": "max-age=31536000; includeSubDomains",
        "X-Content-Type-Options": "nosniff",
        "x-ms-client-request-id": "a81b4520e11b450ea62d1f2487218658",
        "x-ms-correlation-request-id": "7f4bef7a-f6f2-4ef8-a370-84e6b77a89f5",
        "x-ms-ratelimit-remaining-subscription-reads": "11984",
        "x-ms-request-id": "51ef3c33-bbce-4607-94b1-c9aada33d2b9",
        "x-ms-routing-request-id": "SOUTHEASTASIA:20211119T030532Z:7f4bef7a-f6f2-4ef8-a370-84e6b77a89f5"
      },
      "ResponseBody": []
    },
    {
      "RequestUri": "https://management.azure.com/subscriptions/db1ab6f0-4769-4b27-930e-01e2ef9c123c/providers/Microsoft.Storage/locations/eastus2/asyncoperations/04e88d03-6266-4653-b17c-7f55af7b43f0?monitor=true\u0026api-version=2021-04-01",
      "RequestMethod": "GET",
      "RequestHeaders": {
        "Authorization": "Sanitized",
        "User-Agent": "azsdk-net-ResourceManager/1.0.0-beta.5 (.NET Framework 4.8.4300.0; Microsoft Windows 10.0.19043 )",
        "x-ms-client-request-id": "4ab4f9d19eed5de224d36f3c0d73f782",
        "x-ms-return-client-request-id": "true"
      },
      "RequestBody": null,
      "StatusCode": 202,
      "ResponseHeaders": {
        "Cache-Control": "no-cache",
        "Content-Length": "0",
        "Content-Type": "text/plain; charset=utf-8",
        "Date": "Fri, 19 Nov 2021 03:05:32 GMT",
        "Expires": "-1",
        "Location": "https://management.azure.com/subscriptions/db1ab6f0-4769-4b27-930e-01e2ef9c123c/providers/Microsoft.Storage/locations/eastus2/asyncoperations/04e88d03-6266-4653-b17c-7f55af7b43f0?monitor=true\u0026api-version=2021-04-01",
        "Pragma": "no-cache",
        "Retry-After": "17",
        "Server": "Microsoft-Azure-Storage-Resource-Provider/1.0,Microsoft-HTTPAPI/2.0 Microsoft-HTTPAPI/2.0",
        "Strict-Transport-Security": "max-age=31536000; includeSubDomains",
        "X-Content-Type-Options": "nosniff",
        "x-ms-client-request-id": "4ab4f9d19eed5de224d36f3c0d73f782",
        "x-ms-correlation-request-id": "2406ee5f-1a84-4c13-ade6-be2c7a230783",
        "x-ms-ratelimit-remaining-subscription-reads": "11983",
        "x-ms-request-id": "852fe3ce-d00b-4990-b185-db6ad18963c9",
        "x-ms-routing-request-id": "SOUTHEASTASIA:20211119T030533Z:2406ee5f-1a84-4c13-ade6-be2c7a230783"
      },
      "ResponseBody": []
    },
    {
      "RequestUri": "https://management.azure.com/subscriptions/db1ab6f0-4769-4b27-930e-01e2ef9c123c/providers/Microsoft.Storage/locations/eastus2/asyncoperations/04e88d03-6266-4653-b17c-7f55af7b43f0?monitor=true\u0026api-version=2021-04-01",
      "RequestMethod": "GET",
      "RequestHeaders": {
        "Authorization": "Sanitized",
        "User-Agent": "azsdk-net-ResourceManager/1.0.0-beta.5 (.NET Framework 4.8.4300.0; Microsoft Windows 10.0.19043 )",
        "x-ms-client-request-id": "3ed7d2bbfa860a1e7ef58ab3da906749",
        "x-ms-return-client-request-id": "true"
      },
      "RequestBody": null,
      "StatusCode": 202,
      "ResponseHeaders": {
        "Cache-Control": "no-cache",
        "Content-Length": "0",
        "Content-Type": "text/plain; charset=utf-8",
        "Date": "Fri, 19 Nov 2021 03:05:32 GMT",
        "Expires": "-1",
        "Location": "https://management.azure.com/subscriptions/db1ab6f0-4769-4b27-930e-01e2ef9c123c/providers/Microsoft.Storage/locations/eastus2/asyncoperations/04e88d03-6266-4653-b17c-7f55af7b43f0?monitor=true\u0026api-version=2021-04-01",
        "Pragma": "no-cache",
        "Retry-After": "17",
        "Server": "Microsoft-Azure-Storage-Resource-Provider/1.0,Microsoft-HTTPAPI/2.0 Microsoft-HTTPAPI/2.0",
        "Strict-Transport-Security": "max-age=31536000; includeSubDomains",
        "X-Content-Type-Options": "nosniff",
        "x-ms-client-request-id": "3ed7d2bbfa860a1e7ef58ab3da906749",
        "x-ms-correlation-request-id": "670fe804-f477-4f5c-a9ad-4bf2bc122d6a",
        "x-ms-ratelimit-remaining-subscription-reads": "11982",
        "x-ms-request-id": "8d46269b-b508-49b5-9e0a-a87dce40d1cd",
        "x-ms-routing-request-id": "SOUTHEASTASIA:20211119T030533Z:670fe804-f477-4f5c-a9ad-4bf2bc122d6a"
      },
      "ResponseBody": []
    },
    {
      "RequestUri": "https://management.azure.com/subscriptions/db1ab6f0-4769-4b27-930e-01e2ef9c123c/providers/Microsoft.Storage/locations/eastus2/asyncoperations/04e88d03-6266-4653-b17c-7f55af7b43f0?monitor=true\u0026api-version=2021-04-01",
      "RequestMethod": "GET",
      "RequestHeaders": {
        "Authorization": "Sanitized",
        "User-Agent": "azsdk-net-ResourceManager/1.0.0-beta.5 (.NET Framework 4.8.4300.0; Microsoft Windows 10.0.19043 )",
        "x-ms-client-request-id": "afd7599c5155823662be844772d23733",
        "x-ms-return-client-request-id": "true"
      },
      "RequestBody": null,
      "StatusCode": 202,
      "ResponseHeaders": {
        "Cache-Control": "no-cache",
        "Content-Length": "0",
        "Content-Type": "text/plain; charset=utf-8",
        "Date": "Fri, 19 Nov 2021 03:05:33 GMT",
        "Expires": "-1",
        "Location": "https://management.azure.com/subscriptions/db1ab6f0-4769-4b27-930e-01e2ef9c123c/providers/Microsoft.Storage/locations/eastus2/asyncoperations/04e88d03-6266-4653-b17c-7f55af7b43f0?monitor=true\u0026api-version=2021-04-01",
        "Pragma": "no-cache",
        "Retry-After": "17",
        "Server": "Microsoft-Azure-Storage-Resource-Provider/1.0,Microsoft-HTTPAPI/2.0 Microsoft-HTTPAPI/2.0",
        "Strict-Transport-Security": "max-age=31536000; includeSubDomains",
        "X-Content-Type-Options": "nosniff",
        "x-ms-client-request-id": "afd7599c5155823662be844772d23733",
        "x-ms-correlation-request-id": "176e79ac-db99-4965-84a6-5ef9a17491dd",
        "x-ms-ratelimit-remaining-subscription-reads": "11981",
        "x-ms-request-id": "2a6c6f43-11ea-46ff-b997-ea197040f057",
        "x-ms-routing-request-id": "SOUTHEASTASIA:20211119T030533Z:176e79ac-db99-4965-84a6-5ef9a17491dd"
      },
      "ResponseBody": []
    },
    {
      "RequestUri": "https://management.azure.com/subscriptions/db1ab6f0-4769-4b27-930e-01e2ef9c123c/providers/Microsoft.Storage/locations/eastus2/asyncoperations/04e88d03-6266-4653-b17c-7f55af7b43f0?monitor=true\u0026api-version=2021-04-01",
      "RequestMethod": "GET",
      "RequestHeaders": {
        "Authorization": "Sanitized",
        "User-Agent": "azsdk-net-ResourceManager/1.0.0-beta.5 (.NET Framework 4.8.4300.0; Microsoft Windows 10.0.19043 )",
        "x-ms-client-request-id": "b5699d364749d6d2dba9cbf7132e8393",
        "x-ms-return-client-request-id": "true"
      },
      "RequestBody": null,
      "StatusCode": 202,
      "ResponseHeaders": {
        "Cache-Control": "no-cache",
        "Content-Length": "0",
        "Content-Type": "text/plain; charset=utf-8",
        "Date": "Fri, 19 Nov 2021 03:05:33 GMT",
        "Expires": "-1",
        "Location": "https://management.azure.com/subscriptions/db1ab6f0-4769-4b27-930e-01e2ef9c123c/providers/Microsoft.Storage/locations/eastus2/asyncoperations/04e88d03-6266-4653-b17c-7f55af7b43f0?monitor=true\u0026api-version=2021-04-01",
        "Pragma": "no-cache",
        "Retry-After": "17",
        "Server": "Microsoft-Azure-Storage-Resource-Provider/1.0,Microsoft-HTTPAPI/2.0 Microsoft-HTTPAPI/2.0",
        "Strict-Transport-Security": "max-age=31536000; includeSubDomains",
        "X-Content-Type-Options": "nosniff",
        "x-ms-client-request-id": "b5699d364749d6d2dba9cbf7132e8393",
        "x-ms-correlation-request-id": "31134fd5-eabb-4926-b24b-f30a91338e78",
        "x-ms-ratelimit-remaining-subscription-reads": "11980",
        "x-ms-request-id": "e7b883cc-83e0-4c7e-93b2-7038b42356bf",
        "x-ms-routing-request-id": "SOUTHEASTASIA:20211119T030533Z:31134fd5-eabb-4926-b24b-f30a91338e78"
      },
      "ResponseBody": []
    },
    {
      "RequestUri": "https://management.azure.com/subscriptions/db1ab6f0-4769-4b27-930e-01e2ef9c123c/providers/Microsoft.Storage/locations/eastus2/asyncoperations/04e88d03-6266-4653-b17c-7f55af7b43f0?monitor=true\u0026api-version=2021-04-01",
      "RequestMethod": "GET",
      "RequestHeaders": {
        "Authorization": "Sanitized",
        "User-Agent": "azsdk-net-ResourceManager/1.0.0-beta.5 (.NET Framework 4.8.4300.0; Microsoft Windows 10.0.19043 )",
        "x-ms-client-request-id": "b49f256c489b6a2c9b55dcc876d698ac",
        "x-ms-return-client-request-id": "true"
      },
      "RequestBody": null,
      "StatusCode": 202,
      "ResponseHeaders": {
        "Cache-Control": "no-cache",
        "Content-Length": "0",
        "Content-Type": "text/plain; charset=utf-8",
        "Date": "Fri, 19 Nov 2021 03:05:33 GMT",
        "Expires": "-1",
        "Location": "https://management.azure.com/subscriptions/db1ab6f0-4769-4b27-930e-01e2ef9c123c/providers/Microsoft.Storage/locations/eastus2/asyncoperations/04e88d03-6266-4653-b17c-7f55af7b43f0?monitor=true\u0026api-version=2021-04-01",
        "Pragma": "no-cache",
        "Retry-After": "17",
        "Server": "Microsoft-Azure-Storage-Resource-Provider/1.0,Microsoft-HTTPAPI/2.0 Microsoft-HTTPAPI/2.0",
        "Strict-Transport-Security": "max-age=31536000; includeSubDomains",
        "X-Content-Type-Options": "nosniff",
        "x-ms-client-request-id": "b49f256c489b6a2c9b55dcc876d698ac",
        "x-ms-correlation-request-id": "4b9270c1-7f69-40c0-8341-6d61a7a22dbe",
        "x-ms-ratelimit-remaining-subscription-reads": "11979",
        "x-ms-request-id": "c42fd480-dd66-4e7c-bb67-7b9eda249cb7",
        "x-ms-routing-request-id": "SOUTHEASTASIA:20211119T030534Z:4b9270c1-7f69-40c0-8341-6d61a7a22dbe"
      },
      "ResponseBody": []
    },
    {
      "RequestUri": "https://management.azure.com/subscriptions/db1ab6f0-4769-4b27-930e-01e2ef9c123c/providers/Microsoft.Storage/locations/eastus2/asyncoperations/04e88d03-6266-4653-b17c-7f55af7b43f0?monitor=true\u0026api-version=2021-04-01",
      "RequestMethod": "GET",
      "RequestHeaders": {
        "Authorization": "Sanitized",
        "User-Agent": "azsdk-net-ResourceManager/1.0.0-beta.5 (.NET Framework 4.8.4300.0; Microsoft Windows 10.0.19043 )",
        "x-ms-client-request-id": "3c7d56bdb22755008700d3ac853e6e33",
        "x-ms-return-client-request-id": "true"
      },
      "RequestBody": null,
      "StatusCode": 202,
      "ResponseHeaders": {
        "Cache-Control": "no-cache",
        "Content-Length": "0",
        "Content-Type": "text/plain; charset=utf-8",
        "Date": "Fri, 19 Nov 2021 03:05:34 GMT",
        "Expires": "-1",
        "Location": "https://management.azure.com/subscriptions/db1ab6f0-4769-4b27-930e-01e2ef9c123c/providers/Microsoft.Storage/locations/eastus2/asyncoperations/04e88d03-6266-4653-b17c-7f55af7b43f0?monitor=true\u0026api-version=2021-04-01",
        "Pragma": "no-cache",
        "Retry-After": "17",
        "Server": "Microsoft-Azure-Storage-Resource-Provider/1.0,Microsoft-HTTPAPI/2.0 Microsoft-HTTPAPI/2.0",
        "Strict-Transport-Security": "max-age=31536000; includeSubDomains",
        "X-Content-Type-Options": "nosniff",
        "x-ms-client-request-id": "3c7d56bdb22755008700d3ac853e6e33",
        "x-ms-correlation-request-id": "6cb40983-b81f-4083-bb9d-97a5964e2919",
        "x-ms-ratelimit-remaining-subscription-reads": "11978",
        "x-ms-request-id": "60c47e64-f42a-476d-b856-42473c308cb7",
        "x-ms-routing-request-id": "SOUTHEASTASIA:20211119T030534Z:6cb40983-b81f-4083-bb9d-97a5964e2919"
      },
      "ResponseBody": []
    },
    {
      "RequestUri": "https://management.azure.com/subscriptions/db1ab6f0-4769-4b27-930e-01e2ef9c123c/providers/Microsoft.Storage/locations/eastus2/asyncoperations/04e88d03-6266-4653-b17c-7f55af7b43f0?monitor=true\u0026api-version=2021-04-01",
      "RequestMethod": "GET",
      "RequestHeaders": {
        "Authorization": "Sanitized",
        "User-Agent": "azsdk-net-ResourceManager/1.0.0-beta.5 (.NET Framework 4.8.4300.0; Microsoft Windows 10.0.19043 )",
        "x-ms-client-request-id": "4cdbf13a8333ee9871ff19f46b0a6004",
        "x-ms-return-client-request-id": "true"
      },
      "RequestBody": null,
      "StatusCode": 202,
      "ResponseHeaders": {
        "Cache-Control": "no-cache",
        "Content-Length": "0",
        "Content-Type": "text/plain; charset=utf-8",
        "Date": "Fri, 19 Nov 2021 03:05:34 GMT",
        "Expires": "-1",
        "Location": "https://management.azure.com/subscriptions/db1ab6f0-4769-4b27-930e-01e2ef9c123c/providers/Microsoft.Storage/locations/eastus2/asyncoperations/04e88d03-6266-4653-b17c-7f55af7b43f0?monitor=true\u0026api-version=2021-04-01",
        "Pragma": "no-cache",
        "Retry-After": "17",
        "Server": "Microsoft-Azure-Storage-Resource-Provider/1.0,Microsoft-HTTPAPI/2.0 Microsoft-HTTPAPI/2.0",
        "Strict-Transport-Security": "max-age=31536000; includeSubDomains",
        "X-Content-Type-Options": "nosniff",
        "x-ms-client-request-id": "4cdbf13a8333ee9871ff19f46b0a6004",
        "x-ms-correlation-request-id": "ecc1263f-023b-4634-984c-ea061d0055c3",
        "x-ms-ratelimit-remaining-subscription-reads": "11977",
        "x-ms-request-id": "7103eece-422d-49fc-a908-ed7e5285d183",
        "x-ms-routing-request-id": "SOUTHEASTASIA:20211119T030534Z:ecc1263f-023b-4634-984c-ea061d0055c3"
      },
      "ResponseBody": []
    },
    {
      "RequestUri": "https://management.azure.com/subscriptions/db1ab6f0-4769-4b27-930e-01e2ef9c123c/providers/Microsoft.Storage/locations/eastus2/asyncoperations/04e88d03-6266-4653-b17c-7f55af7b43f0?monitor=true\u0026api-version=2021-04-01",
      "RequestMethod": "GET",
      "RequestHeaders": {
        "Authorization": "Sanitized",
        "User-Agent": "azsdk-net-ResourceManager/1.0.0-beta.5 (.NET Framework 4.8.4300.0; Microsoft Windows 10.0.19043 )",
        "x-ms-client-request-id": "bd3a1f1047b1b96c254a2d9a747fe55d",
        "x-ms-return-client-request-id": "true"
      },
      "RequestBody": null,
      "StatusCode": 202,
      "ResponseHeaders": {
        "Cache-Control": "no-cache",
        "Content-Length": "0",
        "Content-Type": "text/plain; charset=utf-8",
        "Date": "Fri, 19 Nov 2021 03:05:34 GMT",
        "Expires": "-1",
        "Location": "https://management.azure.com/subscriptions/db1ab6f0-4769-4b27-930e-01e2ef9c123c/providers/Microsoft.Storage/locations/eastus2/asyncoperations/04e88d03-6266-4653-b17c-7f55af7b43f0?monitor=true\u0026api-version=2021-04-01",
        "Pragma": "no-cache",
        "Retry-After": "17",
        "Server": "Microsoft-Azure-Storage-Resource-Provider/1.0,Microsoft-HTTPAPI/2.0 Microsoft-HTTPAPI/2.0",
        "Strict-Transport-Security": "max-age=31536000; includeSubDomains",
        "X-Content-Type-Options": "nosniff",
        "x-ms-client-request-id": "bd3a1f1047b1b96c254a2d9a747fe55d",
        "x-ms-correlation-request-id": "fd000317-04df-470a-b3e4-4c1f9d131093",
        "x-ms-ratelimit-remaining-subscription-reads": "11976",
        "x-ms-request-id": "38dcb0f2-3ebd-4792-a863-16e29f5137f6",
        "x-ms-routing-request-id": "SOUTHEASTASIA:20211119T030535Z:fd000317-04df-470a-b3e4-4c1f9d131093"
      },
      "ResponseBody": []
    },
    {
      "RequestUri": "https://management.azure.com/subscriptions/db1ab6f0-4769-4b27-930e-01e2ef9c123c/providers/Microsoft.Storage/locations/eastus2/asyncoperations/04e88d03-6266-4653-b17c-7f55af7b43f0?monitor=true\u0026api-version=2021-04-01",
      "RequestMethod": "GET",
      "RequestHeaders": {
        "Authorization": "Sanitized",
        "User-Agent": "azsdk-net-ResourceManager/1.0.0-beta.5 (.NET Framework 4.8.4300.0; Microsoft Windows 10.0.19043 )",
        "x-ms-client-request-id": "858da8e64cfb3a79bd8fcb27990be97d",
        "x-ms-return-client-request-id": "true"
      },
      "RequestBody": null,
      "StatusCode": 202,
      "ResponseHeaders": {
        "Cache-Control": "no-cache",
        "Content-Length": "0",
        "Content-Type": "text/plain; charset=utf-8",
        "Date": "Fri, 19 Nov 2021 03:05:34 GMT",
        "Expires": "-1",
        "Location": "https://management.azure.com/subscriptions/db1ab6f0-4769-4b27-930e-01e2ef9c123c/providers/Microsoft.Storage/locations/eastus2/asyncoperations/04e88d03-6266-4653-b17c-7f55af7b43f0?monitor=true\u0026api-version=2021-04-01",
        "Pragma": "no-cache",
        "Retry-After": "17",
        "Server": "Microsoft-Azure-Storage-Resource-Provider/1.0,Microsoft-HTTPAPI/2.0 Microsoft-HTTPAPI/2.0",
        "Strict-Transport-Security": "max-age=31536000; includeSubDomains",
        "X-Content-Type-Options": "nosniff",
        "x-ms-client-request-id": "858da8e64cfb3a79bd8fcb27990be97d",
        "x-ms-correlation-request-id": "31b525aa-7894-406e-914c-406e2759c5ee",
        "x-ms-ratelimit-remaining-subscription-reads": "11975",
        "x-ms-request-id": "cd5142bb-cd62-465c-b4fe-c750e1dfb76f",
        "x-ms-routing-request-id": "SOUTHEASTASIA:20211119T030535Z:31b525aa-7894-406e-914c-406e2759c5ee"
      },
      "ResponseBody": []
    },
    {
      "RequestUri": "https://management.azure.com/subscriptions/db1ab6f0-4769-4b27-930e-01e2ef9c123c/providers/Microsoft.Storage/locations/eastus2/asyncoperations/04e88d03-6266-4653-b17c-7f55af7b43f0?monitor=true\u0026api-version=2021-04-01",
      "RequestMethod": "GET",
      "RequestHeaders": {
        "Authorization": "Sanitized",
        "User-Agent": "azsdk-net-ResourceManager/1.0.0-beta.5 (.NET Framework 4.8.4300.0; Microsoft Windows 10.0.19043 )",
        "x-ms-client-request-id": "659bcfa0b004f381852126e956fd7af1",
        "x-ms-return-client-request-id": "true"
      },
      "RequestBody": null,
      "StatusCode": 202,
      "ResponseHeaders": {
        "Cache-Control": "no-cache",
        "Content-Length": "0",
        "Content-Type": "text/plain; charset=utf-8",
        "Date": "Fri, 19 Nov 2021 03:05:35 GMT",
        "Expires": "-1",
        "Location": "https://management.azure.com/subscriptions/db1ab6f0-4769-4b27-930e-01e2ef9c123c/providers/Microsoft.Storage/locations/eastus2/asyncoperations/04e88d03-6266-4653-b17c-7f55af7b43f0?monitor=true\u0026api-version=2021-04-01",
        "Pragma": "no-cache",
        "Retry-After": "17",
        "Server": "Microsoft-Azure-Storage-Resource-Provider/1.0,Microsoft-HTTPAPI/2.0 Microsoft-HTTPAPI/2.0",
        "Strict-Transport-Security": "max-age=31536000; includeSubDomains",
        "X-Content-Type-Options": "nosniff",
        "x-ms-client-request-id": "659bcfa0b004f381852126e956fd7af1",
        "x-ms-correlation-request-id": "a6eba971-c5a9-4d10-b4b0-4405f310df5c",
        "x-ms-ratelimit-remaining-subscription-reads": "11974",
        "x-ms-request-id": "17ecd38d-03a9-476b-9050-d60a53afb041",
        "x-ms-routing-request-id": "SOUTHEASTASIA:20211119T030535Z:a6eba971-c5a9-4d10-b4b0-4405f310df5c"
      },
      "ResponseBody": []
    },
    {
      "RequestUri": "https://management.azure.com/subscriptions/db1ab6f0-4769-4b27-930e-01e2ef9c123c/providers/Microsoft.Storage/locations/eastus2/asyncoperations/04e88d03-6266-4653-b17c-7f55af7b43f0?monitor=true\u0026api-version=2021-04-01",
      "RequestMethod": "GET",
      "RequestHeaders": {
        "Authorization": "Sanitized",
        "User-Agent": "azsdk-net-ResourceManager/1.0.0-beta.5 (.NET Framework 4.8.4300.0; Microsoft Windows 10.0.19043 )",
        "x-ms-client-request-id": "c20dbc1adb7cc309a6ffff227c44201a",
        "x-ms-return-client-request-id": "true"
      },
      "RequestBody": null,
      "StatusCode": 202,
      "ResponseHeaders": {
        "Cache-Control": "no-cache",
        "Content-Length": "0",
        "Content-Type": "text/plain; charset=utf-8",
        "Date": "Fri, 19 Nov 2021 03:05:35 GMT",
        "Expires": "-1",
        "Location": "https://management.azure.com/subscriptions/db1ab6f0-4769-4b27-930e-01e2ef9c123c/providers/Microsoft.Storage/locations/eastus2/asyncoperations/04e88d03-6266-4653-b17c-7f55af7b43f0?monitor=true\u0026api-version=2021-04-01",
        "Pragma": "no-cache",
        "Retry-After": "17",
        "Server": "Microsoft-Azure-Storage-Resource-Provider/1.0,Microsoft-HTTPAPI/2.0 Microsoft-HTTPAPI/2.0",
        "Strict-Transport-Security": "max-age=31536000; includeSubDomains",
        "X-Content-Type-Options": "nosniff",
        "x-ms-client-request-id": "c20dbc1adb7cc309a6ffff227c44201a",
        "x-ms-correlation-request-id": "1dd5e590-257f-4b1a-8a96-c6587840eb34",
        "x-ms-ratelimit-remaining-subscription-reads": "11973",
        "x-ms-request-id": "b10c5c6f-731b-4358-8147-a420b0c3e98d",
        "x-ms-routing-request-id": "SOUTHEASTASIA:20211119T030536Z:1dd5e590-257f-4b1a-8a96-c6587840eb34"
      },
      "ResponseBody": []
    },
    {
      "RequestUri": "https://management.azure.com/subscriptions/db1ab6f0-4769-4b27-930e-01e2ef9c123c/providers/Microsoft.Storage/locations/eastus2/asyncoperations/04e88d03-6266-4653-b17c-7f55af7b43f0?monitor=true\u0026api-version=2021-04-01",
      "RequestMethod": "GET",
      "RequestHeaders": {
        "Authorization": "Sanitized",
        "User-Agent": "azsdk-net-ResourceManager/1.0.0-beta.5 (.NET Framework 4.8.4300.0; Microsoft Windows 10.0.19043 )",
        "x-ms-client-request-id": "a4fab0607fe33658279a00d92690e3c0",
        "x-ms-return-client-request-id": "true"
      },
      "RequestBody": null,
      "StatusCode": 202,
      "ResponseHeaders": {
        "Cache-Control": "no-cache",
        "Content-Length": "0",
        "Content-Type": "text/plain; charset=utf-8",
        "Date": "Fri, 19 Nov 2021 03:05:35 GMT",
        "Expires": "-1",
        "Location": "https://management.azure.com/subscriptions/db1ab6f0-4769-4b27-930e-01e2ef9c123c/providers/Microsoft.Storage/locations/eastus2/asyncoperations/04e88d03-6266-4653-b17c-7f55af7b43f0?monitor=true\u0026api-version=2021-04-01",
        "Pragma": "no-cache",
        "Retry-After": "17",
        "Server": "Microsoft-Azure-Storage-Resource-Provider/1.0,Microsoft-HTTPAPI/2.0 Microsoft-HTTPAPI/2.0",
        "Strict-Transport-Security": "max-age=31536000; includeSubDomains",
        "X-Content-Type-Options": "nosniff",
        "x-ms-client-request-id": "a4fab0607fe33658279a00d92690e3c0",
        "x-ms-correlation-request-id": "9713fe9b-2df0-471d-b8fe-a068aea6c3f6",
        "x-ms-ratelimit-remaining-subscription-reads": "11972",
        "x-ms-request-id": "1c4d0ef0-1ad7-41d4-a1e4-4a0644334034",
        "x-ms-routing-request-id": "SOUTHEASTASIA:20211119T030536Z:9713fe9b-2df0-471d-b8fe-a068aea6c3f6"
      },
      "ResponseBody": []
    },
    {
      "RequestUri": "https://management.azure.com/subscriptions/db1ab6f0-4769-4b27-930e-01e2ef9c123c/providers/Microsoft.Storage/locations/eastus2/asyncoperations/04e88d03-6266-4653-b17c-7f55af7b43f0?monitor=true\u0026api-version=2021-04-01",
      "RequestMethod": "GET",
      "RequestHeaders": {
        "Authorization": "Sanitized",
        "User-Agent": "azsdk-net-ResourceManager/1.0.0-beta.5 (.NET Framework 4.8.4300.0; Microsoft Windows 10.0.19043 )",
        "x-ms-client-request-id": "dd0dd91427fdc500c6d7be04b15f7740",
        "x-ms-return-client-request-id": "true"
      },
      "RequestBody": null,
      "StatusCode": 202,
      "ResponseHeaders": {
        "Cache-Control": "no-cache",
        "Content-Length": "0",
        "Content-Type": "text/plain; charset=utf-8",
        "Date": "Fri, 19 Nov 2021 03:05:36 GMT",
        "Expires": "-1",
        "Location": "https://management.azure.com/subscriptions/db1ab6f0-4769-4b27-930e-01e2ef9c123c/providers/Microsoft.Storage/locations/eastus2/asyncoperations/04e88d03-6266-4653-b17c-7f55af7b43f0?monitor=true\u0026api-version=2021-04-01",
        "Pragma": "no-cache",
        "Retry-After": "17",
        "Server": "Microsoft-Azure-Storage-Resource-Provider/1.0,Microsoft-HTTPAPI/2.0 Microsoft-HTTPAPI/2.0",
        "Strict-Transport-Security": "max-age=31536000; includeSubDomains",
        "X-Content-Type-Options": "nosniff",
        "x-ms-client-request-id": "dd0dd91427fdc500c6d7be04b15f7740",
        "x-ms-correlation-request-id": "004cfbdd-e768-4854-9721-4c6422685665",
        "x-ms-ratelimit-remaining-subscription-reads": "11971",
        "x-ms-request-id": "cab47941-2e00-40c5-84d1-fd1742d83a7e",
        "x-ms-routing-request-id": "SOUTHEASTASIA:20211119T030536Z:004cfbdd-e768-4854-9721-4c6422685665"
      },
      "ResponseBody": []
    },
    {
      "RequestUri": "https://management.azure.com/subscriptions/db1ab6f0-4769-4b27-930e-01e2ef9c123c/providers/Microsoft.Storage/locations/eastus2/asyncoperations/04e88d03-6266-4653-b17c-7f55af7b43f0?monitor=true\u0026api-version=2021-04-01",
      "RequestMethod": "GET",
      "RequestHeaders": {
        "Authorization": "Sanitized",
        "User-Agent": "azsdk-net-ResourceManager/1.0.0-beta.5 (.NET Framework 4.8.4300.0; Microsoft Windows 10.0.19043 )",
        "x-ms-client-request-id": "a6880b01d5039a0e63d79be2db309d16",
        "x-ms-return-client-request-id": "true"
      },
      "RequestBody": null,
      "StatusCode": 202,
      "ResponseHeaders": {
        "Cache-Control": "no-cache",
        "Content-Length": "0",
        "Content-Type": "text/plain; charset=utf-8",
        "Date": "Fri, 19 Nov 2021 03:05:36 GMT",
        "Expires": "-1",
        "Location": "https://management.azure.com/subscriptions/db1ab6f0-4769-4b27-930e-01e2ef9c123c/providers/Microsoft.Storage/locations/eastus2/asyncoperations/04e88d03-6266-4653-b17c-7f55af7b43f0?monitor=true\u0026api-version=2021-04-01",
        "Pragma": "no-cache",
        "Retry-After": "17",
        "Server": "Microsoft-Azure-Storage-Resource-Provider/1.0,Microsoft-HTTPAPI/2.0 Microsoft-HTTPAPI/2.0",
        "Strict-Transport-Security": "max-age=31536000; includeSubDomains",
        "X-Content-Type-Options": "nosniff",
        "x-ms-client-request-id": "a6880b01d5039a0e63d79be2db309d16",
        "x-ms-correlation-request-id": "2af8151f-942a-4132-a669-e844569ce90a",
        "x-ms-ratelimit-remaining-subscription-reads": "11970",
        "x-ms-request-id": "ffd63ff2-8cb6-45b4-a673-1881e63ffd39",
        "x-ms-routing-request-id": "SOUTHEASTASIA:20211119T030537Z:2af8151f-942a-4132-a669-e844569ce90a"
      },
      "ResponseBody": []
    },
    {
      "RequestUri": "https://management.azure.com/subscriptions/db1ab6f0-4769-4b27-930e-01e2ef9c123c/providers/Microsoft.Storage/locations/eastus2/asyncoperations/04e88d03-6266-4653-b17c-7f55af7b43f0?monitor=true\u0026api-version=2021-04-01",
      "RequestMethod": "GET",
      "RequestHeaders": {
        "Authorization": "Sanitized",
        "User-Agent": "azsdk-net-ResourceManager/1.0.0-beta.5 (.NET Framework 4.8.4300.0; Microsoft Windows 10.0.19043 )",
        "x-ms-client-request-id": "a20d3f1c4236391caf34de0bc05384c7",
        "x-ms-return-client-request-id": "true"
      },
      "RequestBody": null,
      "StatusCode": 202,
      "ResponseHeaders": {
        "Cache-Control": "no-cache",
        "Content-Length": "0",
        "Content-Type": "text/plain; charset=utf-8",
        "Date": "Fri, 19 Nov 2021 03:05:36 GMT",
        "Expires": "-1",
        "Location": "https://management.azure.com/subscriptions/db1ab6f0-4769-4b27-930e-01e2ef9c123c/providers/Microsoft.Storage/locations/eastus2/asyncoperations/04e88d03-6266-4653-b17c-7f55af7b43f0?monitor=true\u0026api-version=2021-04-01",
        "Pragma": "no-cache",
        "Retry-After": "17",
        "Server": "Microsoft-Azure-Storage-Resource-Provider/1.0,Microsoft-HTTPAPI/2.0 Microsoft-HTTPAPI/2.0",
        "Strict-Transport-Security": "max-age=31536000; includeSubDomains",
        "X-Content-Type-Options": "nosniff",
        "x-ms-client-request-id": "a20d3f1c4236391caf34de0bc05384c7",
        "x-ms-correlation-request-id": "28dc7f04-2315-447d-b9c6-c99c86d27b4d",
        "x-ms-ratelimit-remaining-subscription-reads": "11969",
        "x-ms-request-id": "37ceb1ad-be83-4598-97c8-64a2a997476b",
        "x-ms-routing-request-id": "SOUTHEASTASIA:20211119T030537Z:28dc7f04-2315-447d-b9c6-c99c86d27b4d"
      },
      "ResponseBody": []
    },
    {
      "RequestUri": "https://management.azure.com/subscriptions/db1ab6f0-4769-4b27-930e-01e2ef9c123c/providers/Microsoft.Storage/locations/eastus2/asyncoperations/04e88d03-6266-4653-b17c-7f55af7b43f0?monitor=true\u0026api-version=2021-04-01",
      "RequestMethod": "GET",
      "RequestHeaders": {
        "Authorization": "Sanitized",
        "User-Agent": "azsdk-net-ResourceManager/1.0.0-beta.5 (.NET Framework 4.8.4300.0; Microsoft Windows 10.0.19043 )",
        "x-ms-client-request-id": "1ad7bf233d073fbccb7379268b1eea95",
        "x-ms-return-client-request-id": "true"
      },
      "RequestBody": null,
      "StatusCode": 202,
      "ResponseHeaders": {
        "Cache-Control": "no-cache",
        "Content-Length": "0",
        "Content-Type": "text/plain; charset=utf-8",
        "Date": "Fri, 19 Nov 2021 03:05:37 GMT",
        "Expires": "-1",
        "Location": "https://management.azure.com/subscriptions/db1ab6f0-4769-4b27-930e-01e2ef9c123c/providers/Microsoft.Storage/locations/eastus2/asyncoperations/04e88d03-6266-4653-b17c-7f55af7b43f0?monitor=true\u0026api-version=2021-04-01",
        "Pragma": "no-cache",
        "Retry-After": "17",
        "Server": "Microsoft-Azure-Storage-Resource-Provider/1.0,Microsoft-HTTPAPI/2.0 Microsoft-HTTPAPI/2.0",
        "Strict-Transport-Security": "max-age=31536000; includeSubDomains",
        "X-Content-Type-Options": "nosniff",
        "x-ms-client-request-id": "1ad7bf233d073fbccb7379268b1eea95",
        "x-ms-correlation-request-id": "3b0e5277-2e98-47e6-a72f-ff6bc63653b2",
        "x-ms-ratelimit-remaining-subscription-reads": "11968",
        "x-ms-request-id": "f8a8a5fb-b65b-4115-a8cd-eed0cd1b18f8",
        "x-ms-routing-request-id": "SOUTHEASTASIA:20211119T030537Z:3b0e5277-2e98-47e6-a72f-ff6bc63653b2"
      },
      "ResponseBody": []
    },
    {
      "RequestUri": "https://management.azure.com/subscriptions/db1ab6f0-4769-4b27-930e-01e2ef9c123c/providers/Microsoft.Storage/locations/eastus2/asyncoperations/04e88d03-6266-4653-b17c-7f55af7b43f0?monitor=true\u0026api-version=2021-04-01",
      "RequestMethod": "GET",
      "RequestHeaders": {
        "Authorization": "Sanitized",
        "User-Agent": "azsdk-net-ResourceManager/1.0.0-beta.5 (.NET Framework 4.8.4300.0; Microsoft Windows 10.0.19043 )",
        "x-ms-client-request-id": "71e8a83ad451be0aef4ff6cff602d910",
        "x-ms-return-client-request-id": "true"
      },
      "RequestBody": null,
      "StatusCode": 202,
      "ResponseHeaders": {
        "Cache-Control": "no-cache",
        "Content-Length": "0",
        "Content-Type": "text/plain; charset=utf-8",
        "Date": "Fri, 19 Nov 2021 03:05:37 GMT",
        "Expires": "-1",
        "Location": "https://management.azure.com/subscriptions/db1ab6f0-4769-4b27-930e-01e2ef9c123c/providers/Microsoft.Storage/locations/eastus2/asyncoperations/04e88d03-6266-4653-b17c-7f55af7b43f0?monitor=true\u0026api-version=2021-04-01",
        "Pragma": "no-cache",
        "Retry-After": "17",
        "Server": "Microsoft-Azure-Storage-Resource-Provider/1.0,Microsoft-HTTPAPI/2.0 Microsoft-HTTPAPI/2.0",
        "Strict-Transport-Security": "max-age=31536000; includeSubDomains",
        "X-Content-Type-Options": "nosniff",
        "x-ms-client-request-id": "71e8a83ad451be0aef4ff6cff602d910",
        "x-ms-correlation-request-id": "dbba4992-d438-464c-83ff-b4eed0b78557",
        "x-ms-ratelimit-remaining-subscription-reads": "11967",
        "x-ms-request-id": "e850d4f0-835f-4bf0-bef4-ffaa05b710d2",
        "x-ms-routing-request-id": "SOUTHEASTASIA:20211119T030538Z:dbba4992-d438-464c-83ff-b4eed0b78557"
      },
      "ResponseBody": []
    },
    {
      "RequestUri": "https://management.azure.com/subscriptions/db1ab6f0-4769-4b27-930e-01e2ef9c123c/providers/Microsoft.Storage/locations/eastus2/asyncoperations/04e88d03-6266-4653-b17c-7f55af7b43f0?monitor=true\u0026api-version=2021-04-01",
      "RequestMethod": "GET",
      "RequestHeaders": {
        "Authorization": "Sanitized",
        "User-Agent": "azsdk-net-ResourceManager/1.0.0-beta.5 (.NET Framework 4.8.4300.0; Microsoft Windows 10.0.19043 )",
        "x-ms-client-request-id": "1bbed3528358de0f82ced7c3c9f6ad90",
        "x-ms-return-client-request-id": "true"
      },
      "RequestBody": null,
      "StatusCode": 202,
      "ResponseHeaders": {
        "Cache-Control": "no-cache",
        "Content-Length": "0",
        "Content-Type": "text/plain; charset=utf-8",
        "Date": "Fri, 19 Nov 2021 03:05:37 GMT",
        "Expires": "-1",
        "Location": "https://management.azure.com/subscriptions/db1ab6f0-4769-4b27-930e-01e2ef9c123c/providers/Microsoft.Storage/locations/eastus2/asyncoperations/04e88d03-6266-4653-b17c-7f55af7b43f0?monitor=true\u0026api-version=2021-04-01",
        "Pragma": "no-cache",
        "Retry-After": "17",
        "Server": "Microsoft-Azure-Storage-Resource-Provider/1.0,Microsoft-HTTPAPI/2.0 Microsoft-HTTPAPI/2.0",
        "Strict-Transport-Security": "max-age=31536000; includeSubDomains",
        "X-Content-Type-Options": "nosniff",
        "x-ms-client-request-id": "1bbed3528358de0f82ced7c3c9f6ad90",
        "x-ms-correlation-request-id": "770c6a75-44a7-4686-886a-2733e8c0cddc",
        "x-ms-ratelimit-remaining-subscription-reads": "11966",
        "x-ms-request-id": "7b692e37-bcc4-4b5e-8eb6-f9418f0b95b2",
        "x-ms-routing-request-id": "SOUTHEASTASIA:20211119T030538Z:770c6a75-44a7-4686-886a-2733e8c0cddc"
      },
      "ResponseBody": []
    },
    {
      "RequestUri": "https://management.azure.com/subscriptions/db1ab6f0-4769-4b27-930e-01e2ef9c123c/providers/Microsoft.Storage/locations/eastus2/asyncoperations/04e88d03-6266-4653-b17c-7f55af7b43f0?monitor=true\u0026api-version=2021-04-01",
      "RequestMethod": "GET",
      "RequestHeaders": {
        "Authorization": "Sanitized",
        "User-Agent": "azsdk-net-ResourceManager/1.0.0-beta.5 (.NET Framework 4.8.4300.0; Microsoft Windows 10.0.19043 )",
        "x-ms-client-request-id": "18d1484a126a4e76b5182ab747ed48c8",
        "x-ms-return-client-request-id": "true"
      },
      "RequestBody": null,
      "StatusCode": 202,
      "ResponseHeaders": {
        "Cache-Control": "no-cache",
        "Content-Length": "0",
        "Content-Type": "text/plain; charset=utf-8",
        "Date": "Fri, 19 Nov 2021 03:05:38 GMT",
        "Expires": "-1",
        "Location": "https://management.azure.com/subscriptions/db1ab6f0-4769-4b27-930e-01e2ef9c123c/providers/Microsoft.Storage/locations/eastus2/asyncoperations/04e88d03-6266-4653-b17c-7f55af7b43f0?monitor=true\u0026api-version=2021-04-01",
        "Pragma": "no-cache",
        "Retry-After": "17",
        "Server": "Microsoft-Azure-Storage-Resource-Provider/1.0,Microsoft-HTTPAPI/2.0 Microsoft-HTTPAPI/2.0",
        "Strict-Transport-Security": "max-age=31536000; includeSubDomains",
        "X-Content-Type-Options": "nosniff",
        "x-ms-client-request-id": "18d1484a126a4e76b5182ab747ed48c8",
        "x-ms-correlation-request-id": "29e3a5e0-2a1b-4a0f-b807-7a109978025f",
        "x-ms-ratelimit-remaining-subscription-reads": "11965",
        "x-ms-request-id": "b4a0527b-ba40-4b58-933e-d2a67517a931",
        "x-ms-routing-request-id": "SOUTHEASTASIA:20211119T030538Z:29e3a5e0-2a1b-4a0f-b807-7a109978025f"
      },
      "ResponseBody": []
    },
    {
      "RequestUri": "https://management.azure.com/subscriptions/db1ab6f0-4769-4b27-930e-01e2ef9c123c/providers/Microsoft.Storage/locations/eastus2/asyncoperations/04e88d03-6266-4653-b17c-7f55af7b43f0?monitor=true\u0026api-version=2021-04-01",
      "RequestMethod": "GET",
      "RequestHeaders": {
        "Authorization": "Sanitized",
        "User-Agent": "azsdk-net-ResourceManager/1.0.0-beta.5 (.NET Framework 4.8.4300.0; Microsoft Windows 10.0.19043 )",
        "x-ms-client-request-id": "b7d36899ce5fb73d980aef82fc47f5f9",
        "x-ms-return-client-request-id": "true"
      },
      "RequestBody": null,
      "StatusCode": 202,
      "ResponseHeaders": {
        "Cache-Control": "no-cache",
        "Content-Length": "0",
        "Content-Type": "text/plain; charset=utf-8",
        "Date": "Fri, 19 Nov 2021 03:05:38 GMT",
        "Expires": "-1",
        "Location": "https://management.azure.com/subscriptions/db1ab6f0-4769-4b27-930e-01e2ef9c123c/providers/Microsoft.Storage/locations/eastus2/asyncoperations/04e88d03-6266-4653-b17c-7f55af7b43f0?monitor=true\u0026api-version=2021-04-01",
        "Pragma": "no-cache",
        "Retry-After": "17",
        "Server": "Microsoft-Azure-Storage-Resource-Provider/1.0,Microsoft-HTTPAPI/2.0 Microsoft-HTTPAPI/2.0",
        "Strict-Transport-Security": "max-age=31536000; includeSubDomains",
        "X-Content-Type-Options": "nosniff",
        "x-ms-client-request-id": "b7d36899ce5fb73d980aef82fc47f5f9",
        "x-ms-correlation-request-id": "a0643308-8437-4b03-881b-0c53c672d476",
        "x-ms-ratelimit-remaining-subscription-reads": "11964",
        "x-ms-request-id": "b03db0db-a99f-4854-8d39-6396e21ff21f",
        "x-ms-routing-request-id": "SOUTHEASTASIA:20211119T030538Z:a0643308-8437-4b03-881b-0c53c672d476"
      },
      "ResponseBody": []
    },
    {
      "RequestUri": "https://management.azure.com/subscriptions/db1ab6f0-4769-4b27-930e-01e2ef9c123c/providers/Microsoft.Storage/locations/eastus2/asyncoperations/04e88d03-6266-4653-b17c-7f55af7b43f0?monitor=true\u0026api-version=2021-04-01",
      "RequestMethod": "GET",
      "RequestHeaders": {
        "Authorization": "Sanitized",
        "User-Agent": "azsdk-net-ResourceManager/1.0.0-beta.5 (.NET Framework 4.8.4300.0; Microsoft Windows 10.0.19043 )",
        "x-ms-client-request-id": "ad8465a2c0303fa65d70663f58579795",
        "x-ms-return-client-request-id": "true"
      },
      "RequestBody": null,
      "StatusCode": 202,
      "ResponseHeaders": {
        "Cache-Control": "no-cache",
        "Content-Length": "0",
        "Content-Type": "text/plain; charset=utf-8",
        "Date": "Fri, 19 Nov 2021 03:05:38 GMT",
        "Expires": "-1",
        "Location": "https://management.azure.com/subscriptions/db1ab6f0-4769-4b27-930e-01e2ef9c123c/providers/Microsoft.Storage/locations/eastus2/asyncoperations/04e88d03-6266-4653-b17c-7f55af7b43f0?monitor=true\u0026api-version=2021-04-01",
        "Pragma": "no-cache",
        "Retry-After": "17",
        "Server": "Microsoft-Azure-Storage-Resource-Provider/1.0,Microsoft-HTTPAPI/2.0 Microsoft-HTTPAPI/2.0",
        "Strict-Transport-Security": "max-age=31536000; includeSubDomains",
        "X-Content-Type-Options": "nosniff",
        "x-ms-client-request-id": "ad8465a2c0303fa65d70663f58579795",
        "x-ms-correlation-request-id": "e19fc52e-aa10-4b0a-b9c5-b0120733ea16",
        "x-ms-ratelimit-remaining-subscription-reads": "11963",
        "x-ms-request-id": "4a41d3cb-9bc7-45ee-81da-687e9164b6a1",
        "x-ms-routing-request-id": "SOUTHEASTASIA:20211119T030539Z:e19fc52e-aa10-4b0a-b9c5-b0120733ea16"
      },
      "ResponseBody": []
    },
    {
      "RequestUri": "https://management.azure.com/subscriptions/db1ab6f0-4769-4b27-930e-01e2ef9c123c/providers/Microsoft.Storage/locations/eastus2/asyncoperations/04e88d03-6266-4653-b17c-7f55af7b43f0?monitor=true\u0026api-version=2021-04-01",
      "RequestMethod": "GET",
      "RequestHeaders": {
        "Authorization": "Sanitized",
        "User-Agent": "azsdk-net-ResourceManager/1.0.0-beta.5 (.NET Framework 4.8.4300.0; Microsoft Windows 10.0.19043 )",
        "x-ms-client-request-id": "60290e85f5227c310b1a805f23f3526d",
        "x-ms-return-client-request-id": "true"
      },
      "RequestBody": null,
      "StatusCode": 202,
      "ResponseHeaders": {
        "Cache-Control": "no-cache",
        "Content-Length": "0",
        "Content-Type": "text/plain; charset=utf-8",
        "Date": "Fri, 19 Nov 2021 03:05:38 GMT",
        "Expires": "-1",
        "Location": "https://management.azure.com/subscriptions/db1ab6f0-4769-4b27-930e-01e2ef9c123c/providers/Microsoft.Storage/locations/eastus2/asyncoperations/04e88d03-6266-4653-b17c-7f55af7b43f0?monitor=true\u0026api-version=2021-04-01",
        "Pragma": "no-cache",
        "Retry-After": "17",
        "Server": "Microsoft-Azure-Storage-Resource-Provider/1.0,Microsoft-HTTPAPI/2.0 Microsoft-HTTPAPI/2.0",
        "Strict-Transport-Security": "max-age=31536000; includeSubDomains",
        "X-Content-Type-Options": "nosniff",
        "x-ms-client-request-id": "60290e85f5227c310b1a805f23f3526d",
        "x-ms-correlation-request-id": "14cd8ebe-45cc-4c9e-b5a1-bd9de8e938a3",
        "x-ms-ratelimit-remaining-subscription-reads": "11962",
        "x-ms-request-id": "05b590c9-4f71-4caa-90e3-3ce88d140895",
        "x-ms-routing-request-id": "SOUTHEASTASIA:20211119T030539Z:14cd8ebe-45cc-4c9e-b5a1-bd9de8e938a3"
      },
      "ResponseBody": []
    },
    {
      "RequestUri": "https://management.azure.com/subscriptions/db1ab6f0-4769-4b27-930e-01e2ef9c123c/providers/Microsoft.Storage/locations/eastus2/asyncoperations/04e88d03-6266-4653-b17c-7f55af7b43f0?monitor=true\u0026api-version=2021-04-01",
      "RequestMethod": "GET",
      "RequestHeaders": {
        "Authorization": "Sanitized",
        "User-Agent": "azsdk-net-ResourceManager/1.0.0-beta.5 (.NET Framework 4.8.4300.0; Microsoft Windows 10.0.19043 )",
        "x-ms-client-request-id": "e11531239a68d998c2935aef67fd5e41",
        "x-ms-return-client-request-id": "true"
      },
      "RequestBody": null,
      "StatusCode": 202,
      "ResponseHeaders": {
        "Cache-Control": "no-cache",
        "Content-Length": "0",
        "Content-Type": "text/plain; charset=utf-8",
        "Date": "Fri, 19 Nov 2021 03:05:39 GMT",
        "Expires": "-1",
        "Location": "https://management.azure.com/subscriptions/db1ab6f0-4769-4b27-930e-01e2ef9c123c/providers/Microsoft.Storage/locations/eastus2/asyncoperations/04e88d03-6266-4653-b17c-7f55af7b43f0?monitor=true\u0026api-version=2021-04-01",
        "Pragma": "no-cache",
        "Retry-After": "17",
        "Server": "Microsoft-Azure-Storage-Resource-Provider/1.0,Microsoft-HTTPAPI/2.0 Microsoft-HTTPAPI/2.0",
        "Strict-Transport-Security": "max-age=31536000; includeSubDomains",
        "X-Content-Type-Options": "nosniff",
        "x-ms-client-request-id": "e11531239a68d998c2935aef67fd5e41",
        "x-ms-correlation-request-id": "40aed9d2-3f7a-429f-ba0f-29b1be2b46e4",
        "x-ms-ratelimit-remaining-subscription-reads": "11961",
        "x-ms-request-id": "3eac0d98-ccca-46b7-8ae9-ec1842de48f8",
        "x-ms-routing-request-id": "SOUTHEASTASIA:20211119T030539Z:40aed9d2-3f7a-429f-ba0f-29b1be2b46e4"
      },
      "ResponseBody": []
    },
    {
      "RequestUri": "https://management.azure.com/subscriptions/db1ab6f0-4769-4b27-930e-01e2ef9c123c/providers/Microsoft.Storage/locations/eastus2/asyncoperations/04e88d03-6266-4653-b17c-7f55af7b43f0?monitor=true\u0026api-version=2021-04-01",
      "RequestMethod": "GET",
      "RequestHeaders": {
        "Authorization": "Sanitized",
        "User-Agent": "azsdk-net-ResourceManager/1.0.0-beta.5 (.NET Framework 4.8.4300.0; Microsoft Windows 10.0.19043 )",
        "x-ms-client-request-id": "edfd5a73941dacd63408a11640461c69",
        "x-ms-return-client-request-id": "true"
      },
      "RequestBody": null,
      "StatusCode": 202,
      "ResponseHeaders": {
        "Cache-Control": "no-cache",
        "Content-Length": "0",
        "Content-Type": "text/plain; charset=utf-8",
        "Date": "Fri, 19 Nov 2021 03:05:39 GMT",
        "Expires": "-1",
        "Location": "https://management.azure.com/subscriptions/db1ab6f0-4769-4b27-930e-01e2ef9c123c/providers/Microsoft.Storage/locations/eastus2/asyncoperations/04e88d03-6266-4653-b17c-7f55af7b43f0?monitor=true\u0026api-version=2021-04-01",
        "Pragma": "no-cache",
        "Retry-After": "17",
        "Server": "Microsoft-Azure-Storage-Resource-Provider/1.0,Microsoft-HTTPAPI/2.0 Microsoft-HTTPAPI/2.0",
        "Strict-Transport-Security": "max-age=31536000; includeSubDomains",
        "X-Content-Type-Options": "nosniff",
        "x-ms-client-request-id": "edfd5a73941dacd63408a11640461c69",
        "x-ms-correlation-request-id": "9a3aa77f-5848-419b-ab79-c4a3fe7f768c",
        "x-ms-ratelimit-remaining-subscription-reads": "11960",
        "x-ms-request-id": "10b37083-c9db-461b-87e1-1d615eddb7ef",
        "x-ms-routing-request-id": "SOUTHEASTASIA:20211119T030540Z:9a3aa77f-5848-419b-ab79-c4a3fe7f768c"
      },
      "ResponseBody": []
    },
    {
      "RequestUri": "https://management.azure.com/subscriptions/db1ab6f0-4769-4b27-930e-01e2ef9c123c/providers/Microsoft.Storage/locations/eastus2/asyncoperations/04e88d03-6266-4653-b17c-7f55af7b43f0?monitor=true\u0026api-version=2021-04-01",
      "RequestMethod": "GET",
      "RequestHeaders": {
        "Authorization": "Sanitized",
        "User-Agent": "azsdk-net-ResourceManager/1.0.0-beta.5 (.NET Framework 4.8.4300.0; Microsoft Windows 10.0.19043 )",
        "x-ms-client-request-id": "261cf81db542ea2c76509e8e9b41140e",
        "x-ms-return-client-request-id": "true"
      },
      "RequestBody": null,
      "StatusCode": 202,
      "ResponseHeaders": {
        "Cache-Control": "no-cache",
        "Content-Length": "0",
        "Content-Type": "text/plain; charset=utf-8",
        "Date": "Fri, 19 Nov 2021 03:05:39 GMT",
        "Expires": "-1",
        "Location": "https://management.azure.com/subscriptions/db1ab6f0-4769-4b27-930e-01e2ef9c123c/providers/Microsoft.Storage/locations/eastus2/asyncoperations/04e88d03-6266-4653-b17c-7f55af7b43f0?monitor=true\u0026api-version=2021-04-01",
        "Pragma": "no-cache",
        "Retry-After": "17",
        "Server": "Microsoft-Azure-Storage-Resource-Provider/1.0,Microsoft-HTTPAPI/2.0 Microsoft-HTTPAPI/2.0",
        "Strict-Transport-Security": "max-age=31536000; includeSubDomains",
        "X-Content-Type-Options": "nosniff",
        "x-ms-client-request-id": "261cf81db542ea2c76509e8e9b41140e",
        "x-ms-correlation-request-id": "7a1b17fc-2ce6-43b9-9bac-db25bc6aa148",
        "x-ms-ratelimit-remaining-subscription-reads": "11959",
        "x-ms-request-id": "6d946f45-ab98-440d-a1da-70d716177027",
        "x-ms-routing-request-id": "SOUTHEASTASIA:20211119T030540Z:7a1b17fc-2ce6-43b9-9bac-db25bc6aa148"
      },
      "ResponseBody": []
    },
    {
      "RequestUri": "https://management.azure.com/subscriptions/db1ab6f0-4769-4b27-930e-01e2ef9c123c/providers/Microsoft.Storage/locations/eastus2/asyncoperations/04e88d03-6266-4653-b17c-7f55af7b43f0?monitor=true\u0026api-version=2021-04-01",
      "RequestMethod": "GET",
      "RequestHeaders": {
        "Authorization": "Sanitized",
        "User-Agent": "azsdk-net-ResourceManager/1.0.0-beta.5 (.NET Framework 4.8.4300.0; Microsoft Windows 10.0.19043 )",
        "x-ms-client-request-id": "c9ec3ebb64f68e505a69ad60f981987b",
        "x-ms-return-client-request-id": "true"
      },
      "RequestBody": null,
      "StatusCode": 202,
      "ResponseHeaders": {
        "Cache-Control": "no-cache",
        "Content-Length": "0",
        "Content-Type": "text/plain; charset=utf-8",
        "Date": "Fri, 19 Nov 2021 03:05:40 GMT",
        "Expires": "-1",
        "Location": "https://management.azure.com/subscriptions/db1ab6f0-4769-4b27-930e-01e2ef9c123c/providers/Microsoft.Storage/locations/eastus2/asyncoperations/04e88d03-6266-4653-b17c-7f55af7b43f0?monitor=true\u0026api-version=2021-04-01",
        "Pragma": "no-cache",
        "Retry-After": "17",
        "Server": "Microsoft-Azure-Storage-Resource-Provider/1.0,Microsoft-HTTPAPI/2.0 Microsoft-HTTPAPI/2.0",
        "Strict-Transport-Security": "max-age=31536000; includeSubDomains",
        "X-Content-Type-Options": "nosniff",
        "x-ms-client-request-id": "c9ec3ebb64f68e505a69ad60f981987b",
        "x-ms-correlation-request-id": "06df4ac6-c59f-4ee8-8287-c4ad7529ec66",
        "x-ms-ratelimit-remaining-subscription-reads": "11958",
        "x-ms-request-id": "99c8d10e-91af-4a88-965d-3eae966168bd",
        "x-ms-routing-request-id": "SOUTHEASTASIA:20211119T030540Z:06df4ac6-c59f-4ee8-8287-c4ad7529ec66"
      },
      "ResponseBody": []
    },
    {
      "RequestUri": "https://management.azure.com/subscriptions/db1ab6f0-4769-4b27-930e-01e2ef9c123c/providers/Microsoft.Storage/locations/eastus2/asyncoperations/04e88d03-6266-4653-b17c-7f55af7b43f0?monitor=true\u0026api-version=2021-04-01",
      "RequestMethod": "GET",
      "RequestHeaders": {
        "Authorization": "Sanitized",
        "User-Agent": "azsdk-net-ResourceManager/1.0.0-beta.5 (.NET Framework 4.8.4300.0; Microsoft Windows 10.0.19043 )",
        "x-ms-client-request-id": "6ed1f07738e0bdff2d1276cdf64710f2",
        "x-ms-return-client-request-id": "true"
      },
      "RequestBody": null,
      "StatusCode": 202,
      "ResponseHeaders": {
        "Cache-Control": "no-cache",
        "Content-Length": "0",
        "Content-Type": "text/plain; charset=utf-8",
        "Date": "Fri, 19 Nov 2021 03:05:40 GMT",
        "Expires": "-1",
        "Location": "https://management.azure.com/subscriptions/db1ab6f0-4769-4b27-930e-01e2ef9c123c/providers/Microsoft.Storage/locations/eastus2/asyncoperations/04e88d03-6266-4653-b17c-7f55af7b43f0?monitor=true\u0026api-version=2021-04-01",
        "Pragma": "no-cache",
        "Retry-After": "17",
        "Server": "Microsoft-Azure-Storage-Resource-Provider/1.0,Microsoft-HTTPAPI/2.0 Microsoft-HTTPAPI/2.0",
        "Strict-Transport-Security": "max-age=31536000; includeSubDomains",
        "X-Content-Type-Options": "nosniff",
        "x-ms-client-request-id": "6ed1f07738e0bdff2d1276cdf64710f2",
        "x-ms-correlation-request-id": "79ecb04c-a377-42b2-b64d-b253ff1d49bb",
        "x-ms-ratelimit-remaining-subscription-reads": "11957",
        "x-ms-request-id": "d0a14566-d462-4583-9122-3a2c5ada81a2",
        "x-ms-routing-request-id": "SOUTHEASTASIA:20211119T030541Z:79ecb04c-a377-42b2-b64d-b253ff1d49bb"
      },
      "ResponseBody": []
    },
    {
      "RequestUri": "https://management.azure.com/subscriptions/db1ab6f0-4769-4b27-930e-01e2ef9c123c/providers/Microsoft.Storage/locations/eastus2/asyncoperations/04e88d03-6266-4653-b17c-7f55af7b43f0?monitor=true\u0026api-version=2021-04-01",
      "RequestMethod": "GET",
      "RequestHeaders": {
        "Authorization": "Sanitized",
        "User-Agent": "azsdk-net-ResourceManager/1.0.0-beta.5 (.NET Framework 4.8.4300.0; Microsoft Windows 10.0.19043 )",
        "x-ms-client-request-id": "015a93f3525ab973a88dcbd808cbf1f4",
        "x-ms-return-client-request-id": "true"
      },
      "RequestBody": null,
      "StatusCode": 202,
      "ResponseHeaders": {
        "Cache-Control": "no-cache",
        "Content-Length": "0",
        "Content-Type": "text/plain; charset=utf-8",
        "Date": "Fri, 19 Nov 2021 03:05:40 GMT",
        "Expires": "-1",
        "Location": "https://management.azure.com/subscriptions/db1ab6f0-4769-4b27-930e-01e2ef9c123c/providers/Microsoft.Storage/locations/eastus2/asyncoperations/04e88d03-6266-4653-b17c-7f55af7b43f0?monitor=true\u0026api-version=2021-04-01",
        "Pragma": "no-cache",
        "Retry-After": "17",
        "Server": "Microsoft-Azure-Storage-Resource-Provider/1.0,Microsoft-HTTPAPI/2.0 Microsoft-HTTPAPI/2.0",
        "Strict-Transport-Security": "max-age=31536000; includeSubDomains",
        "X-Content-Type-Options": "nosniff",
        "x-ms-client-request-id": "015a93f3525ab973a88dcbd808cbf1f4",
        "x-ms-correlation-request-id": "3549b312-fa26-4597-9252-b5c36e552925",
        "x-ms-ratelimit-remaining-subscription-reads": "11956",
        "x-ms-request-id": "84dbc0f0-48eb-4e42-9ac0-5f4eb7621d3f",
        "x-ms-routing-request-id": "SOUTHEASTASIA:20211119T030541Z:3549b312-fa26-4597-9252-b5c36e552925"
      },
      "ResponseBody": []
    },
    {
      "RequestUri": "https://management.azure.com/subscriptions/db1ab6f0-4769-4b27-930e-01e2ef9c123c/providers/Microsoft.Storage/locations/eastus2/asyncoperations/04e88d03-6266-4653-b17c-7f55af7b43f0?monitor=true\u0026api-version=2021-04-01",
      "RequestMethod": "GET",
      "RequestHeaders": {
        "Authorization": "Sanitized",
        "User-Agent": "azsdk-net-ResourceManager/1.0.0-beta.5 (.NET Framework 4.8.4300.0; Microsoft Windows 10.0.19043 )",
        "x-ms-client-request-id": "aa1722b7a66f832e3f2f9be3ed829812",
        "x-ms-return-client-request-id": "true"
      },
      "RequestBody": null,
      "StatusCode": 202,
      "ResponseHeaders": {
        "Cache-Control": "no-cache",
        "Content-Length": "0",
        "Content-Type": "text/plain; charset=utf-8",
        "Date": "Fri, 19 Nov 2021 03:05:41 GMT",
        "Expires": "-1",
        "Location": "https://management.azure.com/subscriptions/db1ab6f0-4769-4b27-930e-01e2ef9c123c/providers/Microsoft.Storage/locations/eastus2/asyncoperations/04e88d03-6266-4653-b17c-7f55af7b43f0?monitor=true\u0026api-version=2021-04-01",
        "Pragma": "no-cache",
        "Retry-After": "17",
        "Server": "Microsoft-Azure-Storage-Resource-Provider/1.0,Microsoft-HTTPAPI/2.0 Microsoft-HTTPAPI/2.0",
        "Strict-Transport-Security": "max-age=31536000; includeSubDomains",
        "X-Content-Type-Options": "nosniff",
        "x-ms-client-request-id": "aa1722b7a66f832e3f2f9be3ed829812",
        "x-ms-correlation-request-id": "e9bec5e6-2777-4b3d-a340-d7292af4b2bf",
        "x-ms-ratelimit-remaining-subscription-reads": "11955",
        "x-ms-request-id": "95c3f65a-dda4-4d0b-b038-5e756dd51d00",
        "x-ms-routing-request-id": "SOUTHEASTASIA:20211119T030541Z:e9bec5e6-2777-4b3d-a340-d7292af4b2bf"
      },
      "ResponseBody": []
    },
    {
      "RequestUri": "https://management.azure.com/subscriptions/db1ab6f0-4769-4b27-930e-01e2ef9c123c/providers/Microsoft.Storage/locations/eastus2/asyncoperations/04e88d03-6266-4653-b17c-7f55af7b43f0?monitor=true\u0026api-version=2021-04-01",
      "RequestMethod": "GET",
      "RequestHeaders": {
        "Authorization": "Sanitized",
        "User-Agent": "azsdk-net-ResourceManager/1.0.0-beta.5 (.NET Framework 4.8.4300.0; Microsoft Windows 10.0.19043 )",
        "x-ms-client-request-id": "666cba58962724217c18c5526c26b462",
        "x-ms-return-client-request-id": "true"
      },
      "RequestBody": null,
      "StatusCode": 202,
      "ResponseHeaders": {
        "Cache-Control": "no-cache",
        "Content-Length": "0",
        "Content-Type": "text/plain; charset=utf-8",
        "Date": "Fri, 19 Nov 2021 03:05:41 GMT",
        "Expires": "-1",
        "Location": "https://management.azure.com/subscriptions/db1ab6f0-4769-4b27-930e-01e2ef9c123c/providers/Microsoft.Storage/locations/eastus2/asyncoperations/04e88d03-6266-4653-b17c-7f55af7b43f0?monitor=true\u0026api-version=2021-04-01",
        "Pragma": "no-cache",
        "Retry-After": "17",
        "Server": "Microsoft-Azure-Storage-Resource-Provider/1.0,Microsoft-HTTPAPI/2.0 Microsoft-HTTPAPI/2.0",
        "Strict-Transport-Security": "max-age=31536000; includeSubDomains",
        "X-Content-Type-Options": "nosniff",
        "x-ms-client-request-id": "666cba58962724217c18c5526c26b462",
        "x-ms-correlation-request-id": "3d38a705-8fe2-47db-8456-20104c5ce924",
        "x-ms-ratelimit-remaining-subscription-reads": "11954",
        "x-ms-request-id": "bf0cfb3c-140c-4f5a-89db-86eee31db480",
        "x-ms-routing-request-id": "SOUTHEASTASIA:20211119T030542Z:3d38a705-8fe2-47db-8456-20104c5ce924"
      },
      "ResponseBody": []
    },
    {
      "RequestUri": "https://management.azure.com/subscriptions/db1ab6f0-4769-4b27-930e-01e2ef9c123c/providers/Microsoft.Storage/locations/eastus2/asyncoperations/04e88d03-6266-4653-b17c-7f55af7b43f0?monitor=true\u0026api-version=2021-04-01",
      "RequestMethod": "GET",
      "RequestHeaders": {
        "Authorization": "Sanitized",
        "User-Agent": "azsdk-net-ResourceManager/1.0.0-beta.5 (.NET Framework 4.8.4300.0; Microsoft Windows 10.0.19043 )",
        "x-ms-client-request-id": "d316822066304d8264d6c12ab78fcc26",
        "x-ms-return-client-request-id": "true"
      },
      "RequestBody": null,
      "StatusCode": 202,
      "ResponseHeaders": {
        "Cache-Control": "no-cache",
        "Content-Length": "0",
        "Content-Type": "text/plain; charset=utf-8",
        "Date": "Fri, 19 Nov 2021 03:05:41 GMT",
        "Expires": "-1",
        "Location": "https://management.azure.com/subscriptions/db1ab6f0-4769-4b27-930e-01e2ef9c123c/providers/Microsoft.Storage/locations/eastus2/asyncoperations/04e88d03-6266-4653-b17c-7f55af7b43f0?monitor=true\u0026api-version=2021-04-01",
        "Pragma": "no-cache",
        "Retry-After": "17",
        "Server": "Microsoft-Azure-Storage-Resource-Provider/1.0,Microsoft-HTTPAPI/2.0 Microsoft-HTTPAPI/2.0",
        "Strict-Transport-Security": "max-age=31536000; includeSubDomains",
        "X-Content-Type-Options": "nosniff",
        "x-ms-client-request-id": "d316822066304d8264d6c12ab78fcc26",
        "x-ms-correlation-request-id": "05d2d584-6716-48f5-846b-1f9aa4bf4bd6",
        "x-ms-ratelimit-remaining-subscription-reads": "11953",
        "x-ms-request-id": "d220db16-4e7a-4b1d-9acd-b7ab41310598",
        "x-ms-routing-request-id": "SOUTHEASTASIA:20211119T030542Z:05d2d584-6716-48f5-846b-1f9aa4bf4bd6"
      },
      "ResponseBody": []
    },
    {
      "RequestUri": "https://management.azure.com/subscriptions/db1ab6f0-4769-4b27-930e-01e2ef9c123c/providers/Microsoft.Storage/locations/eastus2/asyncoperations/04e88d03-6266-4653-b17c-7f55af7b43f0?monitor=true\u0026api-version=2021-04-01",
      "RequestMethod": "GET",
      "RequestHeaders": {
        "Authorization": "Sanitized",
        "User-Agent": "azsdk-net-ResourceManager/1.0.0-beta.5 (.NET Framework 4.8.4300.0; Microsoft Windows 10.0.19043 )",
        "x-ms-client-request-id": "4e80b8f58b5f20cd01f22d57e0db1719",
        "x-ms-return-client-request-id": "true"
      },
      "RequestBody": null,
      "StatusCode": 202,
      "ResponseHeaders": {
        "Cache-Control": "no-cache",
        "Content-Length": "0",
        "Content-Type": "text/plain; charset=utf-8",
        "Date": "Fri, 19 Nov 2021 03:05:42 GMT",
        "Expires": "-1",
        "Location": "https://management.azure.com/subscriptions/db1ab6f0-4769-4b27-930e-01e2ef9c123c/providers/Microsoft.Storage/locations/eastus2/asyncoperations/04e88d03-6266-4653-b17c-7f55af7b43f0?monitor=true\u0026api-version=2021-04-01",
        "Pragma": "no-cache",
        "Retry-After": "17",
        "Server": "Microsoft-Azure-Storage-Resource-Provider/1.0,Microsoft-HTTPAPI/2.0 Microsoft-HTTPAPI/2.0",
        "Strict-Transport-Security": "max-age=31536000; includeSubDomains",
        "X-Content-Type-Options": "nosniff",
        "x-ms-client-request-id": "4e80b8f58b5f20cd01f22d57e0db1719",
        "x-ms-correlation-request-id": "97b5cc3c-434e-4220-a7a8-4a4f1b76cacc",
        "x-ms-ratelimit-remaining-subscription-reads": "11952",
        "x-ms-request-id": "5bd9bd97-0a06-44b9-9783-ea810ab604ca",
        "x-ms-routing-request-id": "SOUTHEASTASIA:20211119T030542Z:97b5cc3c-434e-4220-a7a8-4a4f1b76cacc"
      },
      "ResponseBody": []
    },
    {
      "RequestUri": "https://management.azure.com/subscriptions/db1ab6f0-4769-4b27-930e-01e2ef9c123c/providers/Microsoft.Storage/locations/eastus2/asyncoperations/04e88d03-6266-4653-b17c-7f55af7b43f0?monitor=true\u0026api-version=2021-04-01",
      "RequestMethod": "GET",
      "RequestHeaders": {
        "Authorization": "Sanitized",
        "User-Agent": "azsdk-net-ResourceManager/1.0.0-beta.5 (.NET Framework 4.8.4300.0; Microsoft Windows 10.0.19043 )",
        "x-ms-client-request-id": "6bc3397ac56cf2e2371e0150d5f66ded",
        "x-ms-return-client-request-id": "true"
      },
      "RequestBody": null,
      "StatusCode": 202,
      "ResponseHeaders": {
        "Cache-Control": "no-cache",
        "Content-Length": "0",
        "Content-Type": "text/plain; charset=utf-8",
        "Date": "Fri, 19 Nov 2021 03:05:42 GMT",
        "Expires": "-1",
        "Location": "https://management.azure.com/subscriptions/db1ab6f0-4769-4b27-930e-01e2ef9c123c/providers/Microsoft.Storage/locations/eastus2/asyncoperations/04e88d03-6266-4653-b17c-7f55af7b43f0?monitor=true\u0026api-version=2021-04-01",
        "Pragma": "no-cache",
        "Retry-After": "17",
        "Server": "Microsoft-Azure-Storage-Resource-Provider/1.0,Microsoft-HTTPAPI/2.0 Microsoft-HTTPAPI/2.0",
        "Strict-Transport-Security": "max-age=31536000; includeSubDomains",
        "X-Content-Type-Options": "nosniff",
        "x-ms-client-request-id": "6bc3397ac56cf2e2371e0150d5f66ded",
        "x-ms-correlation-request-id": "ee4bf8c9-d288-4ce8-9254-a6e0af1b6415",
        "x-ms-ratelimit-remaining-subscription-reads": "11951",
        "x-ms-request-id": "e756a27b-03c5-48ca-b915-3f574698157a",
        "x-ms-routing-request-id": "SOUTHEASTASIA:20211119T030542Z:ee4bf8c9-d288-4ce8-9254-a6e0af1b6415"
      },
      "ResponseBody": []
    },
    {
      "RequestUri": "https://management.azure.com/subscriptions/db1ab6f0-4769-4b27-930e-01e2ef9c123c/providers/Microsoft.Storage/locations/eastus2/asyncoperations/04e88d03-6266-4653-b17c-7f55af7b43f0?monitor=true\u0026api-version=2021-04-01",
      "RequestMethod": "GET",
      "RequestHeaders": {
        "Authorization": "Sanitized",
        "User-Agent": "azsdk-net-ResourceManager/1.0.0-beta.5 (.NET Framework 4.8.4300.0; Microsoft Windows 10.0.19043 )",
        "x-ms-client-request-id": "b35d9f4c66a59402b4f5d13d382b6d89",
        "x-ms-return-client-request-id": "true"
      },
      "RequestBody": null,
      "StatusCode": 202,
      "ResponseHeaders": {
        "Cache-Control": "no-cache",
        "Content-Length": "0",
        "Content-Type": "text/plain; charset=utf-8",
        "Date": "Fri, 19 Nov 2021 03:05:42 GMT",
        "Expires": "-1",
        "Location": "https://management.azure.com/subscriptions/db1ab6f0-4769-4b27-930e-01e2ef9c123c/providers/Microsoft.Storage/locations/eastus2/asyncoperations/04e88d03-6266-4653-b17c-7f55af7b43f0?monitor=true\u0026api-version=2021-04-01",
        "Pragma": "no-cache",
        "Retry-After": "3",
        "Server": "Microsoft-Azure-Storage-Resource-Provider/1.0,Microsoft-HTTPAPI/2.0 Microsoft-HTTPAPI/2.0",
        "Strict-Transport-Security": "max-age=31536000; includeSubDomains",
        "X-Content-Type-Options": "nosniff",
        "x-ms-client-request-id": "b35d9f4c66a59402b4f5d13d382b6d89",
        "x-ms-correlation-request-id": "2e9b6830-b4cd-40b3-afe4-ee91f465da33",
        "x-ms-ratelimit-remaining-subscription-reads": "11950",
        "x-ms-request-id": "47a193e7-e77f-4afa-a92e-9ee8bac490d2",
        "x-ms-routing-request-id": "SOUTHEASTASIA:20211119T030543Z:2e9b6830-b4cd-40b3-afe4-ee91f465da33"
      },
      "ResponseBody": []
    },
    {
      "RequestUri": "https://management.azure.com/subscriptions/db1ab6f0-4769-4b27-930e-01e2ef9c123c/providers/Microsoft.Storage/locations/eastus2/asyncoperations/04e88d03-6266-4653-b17c-7f55af7b43f0?monitor=true\u0026api-version=2021-04-01",
      "RequestMethod": "GET",
      "RequestHeaders": {
        "Authorization": "Sanitized",
        "User-Agent": "azsdk-net-ResourceManager/1.0.0-beta.5 (.NET Framework 4.8.4300.0; Microsoft Windows 10.0.19043 )",
        "x-ms-client-request-id": "7db0a8bf60cc30b9d68e16408a7c4b0b",
        "x-ms-return-client-request-id": "true"
      },
      "RequestBody": null,
      "StatusCode": 202,
      "ResponseHeaders": {
        "Cache-Control": "no-cache",
        "Content-Length": "0",
        "Content-Type": "text/plain; charset=utf-8",
        "Date": "Fri, 19 Nov 2021 03:05:42 GMT",
        "Expires": "-1",
        "Location": "https://management.azure.com/subscriptions/db1ab6f0-4769-4b27-930e-01e2ef9c123c/providers/Microsoft.Storage/locations/eastus2/asyncoperations/04e88d03-6266-4653-b17c-7f55af7b43f0?monitor=true\u0026api-version=2021-04-01",
        "Pragma": "no-cache",
        "Retry-After": "3",
        "Server": "Microsoft-Azure-Storage-Resource-Provider/1.0,Microsoft-HTTPAPI/2.0 Microsoft-HTTPAPI/2.0",
        "Strict-Transport-Security": "max-age=31536000; includeSubDomains",
        "X-Content-Type-Options": "nosniff",
        "x-ms-client-request-id": "7db0a8bf60cc30b9d68e16408a7c4b0b",
        "x-ms-correlation-request-id": "4d1bf9e2-2a71-4109-a940-3f807a50828e",
        "x-ms-ratelimit-remaining-subscription-reads": "11949",
        "x-ms-request-id": "c650098e-cd75-407b-98f5-5ba968714da3",
        "x-ms-routing-request-id": "SOUTHEASTASIA:20211119T030543Z:4d1bf9e2-2a71-4109-a940-3f807a50828e"
      },
      "ResponseBody": []
    },
    {
      "RequestUri": "https://management.azure.com/subscriptions/db1ab6f0-4769-4b27-930e-01e2ef9c123c/providers/Microsoft.Storage/locations/eastus2/asyncoperations/04e88d03-6266-4653-b17c-7f55af7b43f0?monitor=true\u0026api-version=2021-04-01",
      "RequestMethod": "GET",
      "RequestHeaders": {
        "Authorization": "Sanitized",
        "User-Agent": "azsdk-net-ResourceManager/1.0.0-beta.5 (.NET Framework 4.8.4300.0; Microsoft Windows 10.0.19043 )",
        "x-ms-client-request-id": "400b4084647e1473362eb676f3a4ba0c",
        "x-ms-return-client-request-id": "true"
      },
      "RequestBody": null,
      "StatusCode": 202,
      "ResponseHeaders": {
        "Cache-Control": "no-cache",
        "Content-Length": "0",
        "Content-Type": "text/plain; charset=utf-8",
        "Date": "Fri, 19 Nov 2021 03:05:43 GMT",
        "Expires": "-1",
        "Location": "https://management.azure.com/subscriptions/db1ab6f0-4769-4b27-930e-01e2ef9c123c/providers/Microsoft.Storage/locations/eastus2/asyncoperations/04e88d03-6266-4653-b17c-7f55af7b43f0?monitor=true\u0026api-version=2021-04-01",
        "Pragma": "no-cache",
        "Retry-After": "3",
        "Server": "Microsoft-Azure-Storage-Resource-Provider/1.0,Microsoft-HTTPAPI/2.0 Microsoft-HTTPAPI/2.0",
        "Strict-Transport-Security": "max-age=31536000; includeSubDomains",
        "X-Content-Type-Options": "nosniff",
        "x-ms-client-request-id": "400b4084647e1473362eb676f3a4ba0c",
        "x-ms-correlation-request-id": "a86a45c1-ccd7-4c9d-81c4-05e7fbe89a8e",
        "x-ms-ratelimit-remaining-subscription-reads": "11948",
        "x-ms-request-id": "cfa91f8e-fd5c-4325-bbb4-93106bb7c935",
        "x-ms-routing-request-id": "SOUTHEASTASIA:20211119T030543Z:a86a45c1-ccd7-4c9d-81c4-05e7fbe89a8e"
      },
      "ResponseBody": []
    },
    {
      "RequestUri": "https://management.azure.com/subscriptions/db1ab6f0-4769-4b27-930e-01e2ef9c123c/providers/Microsoft.Storage/locations/eastus2/asyncoperations/04e88d03-6266-4653-b17c-7f55af7b43f0?monitor=true\u0026api-version=2021-04-01",
      "RequestMethod": "GET",
      "RequestHeaders": {
        "Authorization": "Sanitized",
        "User-Agent": "azsdk-net-ResourceManager/1.0.0-beta.5 (.NET Framework 4.8.4300.0; Microsoft Windows 10.0.19043 )",
        "x-ms-client-request-id": "2c9178b1f046eb20e52ddc174fc20a38",
        "x-ms-return-client-request-id": "true"
      },
      "RequestBody": null,
      "StatusCode": 202,
      "ResponseHeaders": {
        "Cache-Control": "no-cache",
        "Content-Length": "0",
        "Content-Type": "text/plain; charset=utf-8",
        "Date": "Fri, 19 Nov 2021 03:05:43 GMT",
        "Expires": "-1",
        "Location": "https://management.azure.com/subscriptions/db1ab6f0-4769-4b27-930e-01e2ef9c123c/providers/Microsoft.Storage/locations/eastus2/asyncoperations/04e88d03-6266-4653-b17c-7f55af7b43f0?monitor=true\u0026api-version=2021-04-01",
        "Pragma": "no-cache",
        "Retry-After": "3",
        "Server": "Microsoft-Azure-Storage-Resource-Provider/1.0,Microsoft-HTTPAPI/2.0 Microsoft-HTTPAPI/2.0",
        "Strict-Transport-Security": "max-age=31536000; includeSubDomains",
        "X-Content-Type-Options": "nosniff",
        "x-ms-client-request-id": "2c9178b1f046eb20e52ddc174fc20a38",
        "x-ms-correlation-request-id": "902c4986-1677-42ab-9798-0a46492896cb",
        "x-ms-ratelimit-remaining-subscription-reads": "11947",
        "x-ms-request-id": "1f21d54f-76cc-4977-b93f-6f1d53e16fce",
        "x-ms-routing-request-id": "SOUTHEASTASIA:20211119T030544Z:902c4986-1677-42ab-9798-0a46492896cb"
      },
      "ResponseBody": []
    },
    {
      "RequestUri": "https://management.azure.com/subscriptions/db1ab6f0-4769-4b27-930e-01e2ef9c123c/providers/Microsoft.Storage/locations/eastus2/asyncoperations/04e88d03-6266-4653-b17c-7f55af7b43f0?monitor=true\u0026api-version=2021-04-01",
      "RequestMethod": "GET",
      "RequestHeaders": {
        "Authorization": "Sanitized",
        "User-Agent": "azsdk-net-ResourceManager/1.0.0-beta.5 (.NET Framework 4.8.4300.0; Microsoft Windows 10.0.19043 )",
        "x-ms-client-request-id": "f7b8c6aa2c1f5b0a349b469daa433c31",
        "x-ms-return-client-request-id": "true"
      },
      "RequestBody": null,
      "StatusCode": 200,
      "ResponseHeaders": {
        "Cache-Control": "no-cache",
        "Content-Length": "1340",
        "Content-Type": "application/json",
        "Date": "Fri, 19 Nov 2021 03:05:43 GMT",
        "Expires": "-1",
        "Pragma": "no-cache",
        "Server": "Microsoft-Azure-Storage-Resource-Provider/1.0,Microsoft-HTTPAPI/2.0 Microsoft-HTTPAPI/2.0",
        "Strict-Transport-Security": "max-age=31536000; includeSubDomains",
        "X-Content-Type-Options": "nosniff",
        "x-ms-client-request-id": "f7b8c6aa2c1f5b0a349b469daa433c31",
        "x-ms-correlation-request-id": "3b12caee-aa24-49e3-80d8-bd6d7a3c367b",
        "x-ms-ratelimit-remaining-subscription-reads": "11946",
        "x-ms-request-id": "a371c350-750e-45dc-925f-04e7e767ad15",
        "x-ms-routing-request-id": "SOUTHEASTASIA:20211119T030544Z:3b12caee-aa24-49e3-80d8-bd6d7a3c367b"
      },
      "ResponseBody": {
        "sku": {
          "name": "Standard_GRS",
          "tier": "Standard"
        },
        "kind": "Storage",
        "id": "/subscriptions/db1ab6f0-4769-4b27-930e-01e2ef9c123c/resourceGroups/teststorageRG-8147/providers/Microsoft.Storage/storageAccounts/teststoragemgmt797",
        "name": "teststoragemgmt797",
        "type": "Microsoft.Storage/storageAccounts",
        "location": "eastus2",
        "tags": {
          "key1": "value1",
          "key2": "value2"
        },
        "properties": {
          "keyCreationTime": {
            "key1": "2021-11-19T03:05:27.0016590Z",
            "key2": "2021-11-19T03:05:27.0016590Z"
          },
          "privateEndpointConnections": [],
          "networkAcls": {
            "bypass": "AzureServices",
            "virtualNetworkRules": [],
            "ipRules": [],
            "defaultAction": "Allow"
          },
          "supportsHttpsTrafficOnly": true,
          "encryption": {
            "services": {
              "file": {
                "keyType": "Account",
                "enabled": true,
                "lastEnabledTime": "2021-11-19T03:05:27.0016590Z"
              },
              "blob": {
                "keyType": "Account",
                "enabled": true,
                "lastEnabledTime": "2021-11-19T03:05:27.0016590Z"
              }
            },
            "keySource": "Microsoft.Storage"
          },
          "provisioningState": "Succeeded",
          "creationTime": "2021-11-19T03:05:26.8766808Z",
          "primaryEndpoints": {
            "blob": "https://teststoragemgmt797.blob.core.windows.net/",
            "queue": "https://teststoragemgmt797.queue.core.windows.net/",
            "table": "https://teststoragemgmt797.table.core.windows.net/",
            "file": "https://teststoragemgmt797.file.core.windows.net/"
          },
          "primaryLocation": "eastus2",
          "statusOfPrimary": "available",
          "secondaryLocation": "centralus",
          "statusOfSecondary": "available"
        }
      }
    },
    {
      "RequestUri": "https://management.azure.com/subscriptions/db1ab6f0-4769-4b27-930e-01e2ef9c123c/resourceGroups/teststorageRG-8147/providers/Microsoft.Storage/storageAccounts/teststoragemgmt797/blobServices/default?api-version=2021-04-01",
      "RequestMethod": "GET",
      "RequestHeaders": {
        "Accept": "application/json",
        "Authorization": "Sanitized",
        "User-Agent": "azsdk-net-ResourceManager.Storage/1.0.0-alpha.20211119.1 (.NET Framework 4.8.4300.0; Microsoft Windows 10.0.19043 )",
        "x-ms-client-request-id": "128f0ad31eeb94c520205b51875cc474",
        "x-ms-return-client-request-id": "true"
      },
      "RequestBody": null,
      "StatusCode": 200,
      "ResponseHeaders": {
        "Cache-Control": "no-cache",
        "Content-Length": "380",
        "Content-Type": "application/json",
        "Date": "Fri, 19 Nov 2021 03:05:44 GMT",
        "Expires": "-1",
        "Pragma": "no-cache",
        "Server": "Microsoft-Azure-Storage-Resource-Provider/1.0,Microsoft-HTTPAPI/2.0 Microsoft-HTTPAPI/2.0",
        "Strict-Transport-Security": "max-age=31536000; includeSubDomains",
        "X-Content-Type-Options": "nosniff",
        "x-ms-client-request-id": "128f0ad31eeb94c520205b51875cc474",
        "x-ms-correlation-request-id": "d545b321-a09b-4213-8c64-85a155ac1f35",
        "x-ms-ratelimit-remaining-subscription-reads": "11945",
        "x-ms-request-id": "3406ee85-37b7-4fe2-9bca-e0562dc658b2",
        "x-ms-routing-request-id": "SOUTHEASTASIA:20211119T030544Z:d545b321-a09b-4213-8c64-85a155ac1f35"
      },
      "ResponseBody": {
        "sku": {
          "name": "Standard_GRS",
          "tier": "Standard"
        },
        "id": "/subscriptions/db1ab6f0-4769-4b27-930e-01e2ef9c123c/resourceGroups/teststorageRG-8147/providers/Microsoft.Storage/storageAccounts/teststoragemgmt797/blobServices/default",
        "name": "default",
        "type": "Microsoft.Storage/storageAccounts/blobServices",
        "properties": {
          "cors": {
            "corsRules": []
          },
          "deleteRetentionPolicy": {
            "enabled": false
          }
        }
      }
    },
    {
      "RequestUri": "https://management.azure.com/subscriptions/db1ab6f0-4769-4b27-930e-01e2ef9c123c/resourceGroups/teststorageRG-8147/providers/Microsoft.Storage/storageAccounts/teststoragemgmt797?api-version=2021-04-01",
      "RequestMethod": "PATCH",
      "RequestHeaders": {
        "Accept": "application/json",
        "Authorization": "Sanitized",
        "Content-Length": "36",
        "Content-Type": "application/json",
        "User-Agent": "azsdk-net-ResourceManager.Storage/1.0.0-alpha.20211119.1 (.NET Framework 4.8.4300.0; Microsoft Windows 10.0.19043 )",
        "x-ms-client-request-id": "2dcb7d24c3eb85ed6d35f8aaa98240a2",
        "x-ms-return-client-request-id": "true"
      },
      "RequestBody": {
        "kind": "StorageV2",
        "properties": {}
      },
      "StatusCode": 200,
      "ResponseHeaders": {
        "Cache-Control": "no-cache",
        "Content-Length": "1479",
        "Content-Type": "application/json",
        "Date": "Fri, 19 Nov 2021 03:05:47 GMT",
        "Expires": "-1",
        "Pragma": "no-cache",
        "Server": "Microsoft-Azure-Storage-Resource-Provider/1.0,Microsoft-HTTPAPI/2.0 Microsoft-HTTPAPI/2.0",
        "Strict-Transport-Security": "max-age=31536000; includeSubDomains",
        "X-Content-Type-Options": "nosniff",
        "x-ms-client-request-id": "2dcb7d24c3eb85ed6d35f8aaa98240a2",
        "x-ms-correlation-request-id": "1a042b33-3a7b-4d5c-a0bf-865edf7ec06c",
        "x-ms-ratelimit-remaining-subscription-writes": "1197",
        "x-ms-request-id": "66a5f6a5-1d61-4656-a0d2-a5e274d19b4b",
        "x-ms-routing-request-id": "SOUTHEASTASIA:20211119T030548Z:1a042b33-3a7b-4d5c-a0bf-865edf7ec06c"
      },
      "ResponseBody": {
        "sku": {
          "name": "Standard_GRS",
          "tier": "Standard"
        },
        "kind": "StorageV2",
        "id": "/subscriptions/db1ab6f0-4769-4b27-930e-01e2ef9c123c/resourceGroups/teststorageRG-8147/providers/Microsoft.Storage/storageAccounts/teststoragemgmt797",
        "name": "teststoragemgmt797",
        "type": "Microsoft.Storage/storageAccounts",
        "location": "eastus2",
        "tags": {
          "key1": "value1",
          "key2": "value2"
        },
        "properties": {
          "keyCreationTime": {
            "key1": "2021-11-19T03:05:27.0016590Z",
            "key2": "2021-11-19T03:05:27.0016590Z"
          },
          "privateEndpointConnections": [],
          "networkAcls": {
            "bypass": "AzureServices",
            "virtualNetworkRules": [],
            "ipRules": [],
            "defaultAction": "Allow"
          },
          "supportsHttpsTrafficOnly": true,
          "encryption": {
            "services": {
              "file": {
                "keyType": "Account",
                "enabled": true,
                "lastEnabledTime": "2021-11-19T03:05:27.0016590Z"
              },
              "blob": {
                "keyType": "Account",
                "enabled": true,
                "lastEnabledTime": "2021-11-19T03:05:27.0016590Z"
              }
            },
            "keySource": "Microsoft.Storage"
          },
          "accessTier": "Hot",
          "provisioningState": "Succeeded",
          "creationTime": "2021-11-19T03:05:26.8766808Z",
          "primaryEndpoints": {
            "dfs": "https://teststoragemgmt797.dfs.core.windows.net/",
            "web": "https://teststoragemgmt797.z20.web.core.windows.net/",
            "blob": "https://teststoragemgmt797.blob.core.windows.net/",
            "queue": "https://teststoragemgmt797.queue.core.windows.net/",
            "table": "https://teststoragemgmt797.table.core.windows.net/",
            "file": "https://teststoragemgmt797.file.core.windows.net/"
          },
          "primaryLocation": "eastus2",
          "statusOfPrimary": "available",
          "secondaryLocation": "centralus",
          "statusOfSecondary": "available"
        }
      }
    },
    {
      "RequestUri": "https://management.azure.com/subscriptions/db1ab6f0-4769-4b27-930e-01e2ef9c123c/resourceGroups/teststorageRG-8147/providers/Microsoft.Storage/storageAccounts/teststoragemgmt797/blobServices/default?api-version=2021-04-01",
      "RequestMethod": "GET",
      "RequestHeaders": {
        "Accept": "application/json",
        "Authorization": "Sanitized",
        "User-Agent": "azsdk-net-ResourceManager.Storage/1.0.0-alpha.20211119.1 (.NET Framework 4.8.4300.0; Microsoft Windows 10.0.19043 )",
        "x-ms-client-request-id": "4543abf0f8338c4c0124d6ffd1b9d3d8",
        "x-ms-return-client-request-id": "true"
      },
      "RequestBody": null,
      "StatusCode": 200,
      "ResponseHeaders": {
        "Cache-Control": "no-cache",
        "Content-Length": "380",
        "Content-Type": "application/json",
        "Date": "Fri, 19 Nov 2021 03:05:47 GMT",
        "Expires": "-1",
        "Pragma": "no-cache",
        "Server": "Microsoft-Azure-Storage-Resource-Provider/1.0,Microsoft-HTTPAPI/2.0 Microsoft-HTTPAPI/2.0",
        "Strict-Transport-Security": "max-age=31536000; includeSubDomains",
        "X-Content-Type-Options": "nosniff",
        "x-ms-client-request-id": "4543abf0f8338c4c0124d6ffd1b9d3d8",
        "x-ms-correlation-request-id": "2a792b9d-98cb-4b8d-94b1-772550da39f2",
        "x-ms-ratelimit-remaining-subscription-reads": "11944",
        "x-ms-request-id": "48eab413-7a60-4c5d-99a1-2f22442ac7e9",
        "x-ms-routing-request-id": "SOUTHEASTASIA:20211119T030548Z:2a792b9d-98cb-4b8d-94b1-772550da39f2"
      },
      "ResponseBody": {
        "sku": {
          "name": "Standard_GRS",
          "tier": "Standard"
        },
        "id": "/subscriptions/db1ab6f0-4769-4b27-930e-01e2ef9c123c/resourceGroups/teststorageRG-8147/providers/Microsoft.Storage/storageAccounts/teststoragemgmt797/blobServices/default",
        "name": "default",
        "type": "Microsoft.Storage/storageAccounts/blobServices",
        "properties": {
          "cors": {
            "corsRules": []
          },
          "deleteRetentionPolicy": {
            "enabled": false
          }
        }
      }
    },
    {
      "RequestUri": "https://management.azure.com/subscriptions/db1ab6f0-4769-4b27-930e-01e2ef9c123c/resourceGroups/teststorageRG-8147/providers/Microsoft.Storage/storageAccounts/teststoragemgmt797/blobServices/default/containers/testblob9589?api-version=2021-04-01",
      "RequestMethod": "PUT",
      "RequestHeaders": {
        "Accept": "application/json",
        "Authorization": "Sanitized",
        "Content-Length": "17",
        "Content-Type": "application/json",
        "User-Agent": "azsdk-net-ResourceManager.Storage/1.0.0-alpha.20211119.1 (.NET Framework 4.8.4300.0; Microsoft Windows 10.0.19043 )",
        "x-ms-client-request-id": "772c79d2450e1c100aa4b5251beb9ddf",
        "x-ms-return-client-request-id": "true"
      },
      "RequestBody": {
        "properties": {}
      },
      "StatusCode": 201,
      "ResponseHeaders": {
        "Cache-Control": "no-cache",
        "Content-Length": "400",
        "Content-Type": "application/json",
        "Date": "Fri, 19 Nov 2021 03:05:48 GMT",
        "ETag": "\u00220x8D9AB097CF084BF\u0022",
        "Expires": "-1",
        "Pragma": "no-cache",
        "Server": "Microsoft-Azure-Storage-Resource-Provider/1.0,Microsoft-HTTPAPI/2.0 Microsoft-HTTPAPI/2.0",
        "Strict-Transport-Security": "max-age=31536000; includeSubDomains",
        "X-Content-Type-Options": "nosniff",
        "x-ms-client-request-id": "772c79d2450e1c100aa4b5251beb9ddf",
        "x-ms-correlation-request-id": "664474a6-c6d3-4a6f-9563-4bb0561387f2",
        "x-ms-ratelimit-remaining-subscription-writes": "1196",
        "x-ms-request-id": "38fecf3b-a10a-4e0c-b6a6-a2fbd890abe1",
        "x-ms-routing-request-id": "SOUTHEASTASIA:20211119T030549Z:664474a6-c6d3-4a6f-9563-4bb0561387f2"
      },
      "ResponseBody": {
        "id": "/subscriptions/db1ab6f0-4769-4b27-930e-01e2ef9c123c/resourceGroups/teststorageRG-8147/providers/Microsoft.Storage/storageAccounts/teststoragemgmt797/blobServices/default/containers/testblob9589",
        "name": "testblob9589",
        "type": "Microsoft.Storage/storageAccounts/blobServices/containers",
        "properties": {
          "deleted": false,
          "remainingRetentionDays": 0,
          "hasImmutabilityPolicy": false,
          "hasLegalHold": false
        }
      }
    },
    {
      "RequestUri": "https://management.azure.com/subscriptions/db1ab6f0-4769-4b27-930e-01e2ef9c123c/resourceGroups/teststorageRG-8147/providers/Microsoft.Storage/storageAccounts/teststoragemgmt797/blobServices/default/containers/testblob9589/immutabilityPolicies/default?api-version=2021-04-01",
      "RequestMethod": "PUT",
      "RequestHeaders": {
        "Accept": "application/json",
        "Authorization": "Sanitized",
        "Content-Length": "58",
        "Content-Type": "application/json",
        "User-Agent": "azsdk-net-ResourceManager.Storage/1.0.0-alpha.20211119.1 (.NET Framework 4.8.4300.0; Microsoft Windows 10.0.19043 )",
        "x-ms-client-request-id": "18dc60b8417f302c3f2cc7eceeb3b462",
        "x-ms-return-client-request-id": "true"
      },
      "RequestBody": {
        "properties": {
          "immutabilityPeriodSinceCreationInDays": 3
        }
      },
      "StatusCode": 200,
      "ResponseHeaders": {
        "Cache-Control": "no-cache",
        "Content-Length": "441",
        "Content-Type": "application/json",
        "Date": "Fri, 19 Nov 2021 03:05:49 GMT",
        "ETag": "\u00228d9ab097d648756\u0022",
        "Expires": "-1",
        "Pragma": "no-cache",
        "Server": "Microsoft-Azure-Storage-Resource-Provider/1.0,Microsoft-HTTPAPI/2.0 Microsoft-HTTPAPI/2.0",
        "Strict-Transport-Security": "max-age=31536000; includeSubDomains",
        "X-Content-Type-Options": "nosniff",
        "x-ms-client-request-id": "18dc60b8417f302c3f2cc7eceeb3b462",
        "x-ms-correlation-request-id": "2855543a-28c0-4508-a4a5-8d151503e2f8",
        "x-ms-ratelimit-remaining-subscription-writes": "1195",
        "x-ms-request-id": "8953e8dc-808b-4083-bb87-4af54a0628bb",
        "x-ms-routing-request-id": "SOUTHEASTASIA:20211119T030549Z:2855543a-28c0-4508-a4a5-8d151503e2f8"
      },
      "ResponseBody": {
        "id": "/subscriptions/db1ab6f0-4769-4b27-930e-01e2ef9c123c/resourceGroups/teststorageRG-8147/providers/Microsoft.Storage/storageAccounts/teststoragemgmt797/blobServices/default/containers/testblob9589/immutabilityPolicies/default",
        "name": "default",
        "type": "Microsoft.Storage/storageAccounts/blobServices/containers/immutabilityPolicies",
        "etag": "\u00228d9ab097d648756\u0022",
        "properties": {
          "immutabilityPeriodSinceCreationInDays": 3,
          "state": "Unlocked"
        }
      }
    },
    {
      "RequestUri": "https://management.azure.com/subscriptions/db1ab6f0-4769-4b27-930e-01e2ef9c123c/resourceGroups/teststorageRG-8147/providers/Microsoft.Storage/storageAccounts/teststoragemgmt797/blobServices/default/containers/testblob9589/immutabilityPolicies/default/lock?api-version=2021-04-01",
      "RequestMethod": "POST",
      "RequestHeaders": {
        "Accept": "application/json",
        "Authorization": "Sanitized",
        "If-Match": "\u00228d9ab097d648756\u0022",
        "User-Agent": "azsdk-net-ResourceManager.Storage/1.0.0-alpha.20211119.1 (.NET Framework 4.8.4300.0; Microsoft Windows 10.0.19043 )",
        "x-ms-client-request-id": "08d7d3202a1365e1322829539766e538",
        "x-ms-return-client-request-id": "true"
      },
      "RequestBody": null,
      "StatusCode": 200,
      "ResponseHeaders": {
        "Cache-Control": "no-cache",
        "Content-Length": "439",
        "Content-Type": "application/json",
        "Date": "Fri, 19 Nov 2021 03:05:49 GMT",
        "ETag": "\u00228d9ab097da9ac59\u0022",
        "Expires": "-1",
        "Pragma": "no-cache",
        "Server": "Microsoft-Azure-Storage-Resource-Provider/1.0,Microsoft-HTTPAPI/2.0 Microsoft-HTTPAPI/2.0",
        "Strict-Transport-Security": "max-age=31536000; includeSubDomains",
        "X-Content-Type-Options": "nosniff",
        "x-ms-client-request-id": "08d7d3202a1365e1322829539766e538",
        "x-ms-correlation-request-id": "cfc87af7-25d8-4c29-9e49-26ee26cf6b08",
        "x-ms-ratelimit-remaining-subscription-writes": "1199",
        "x-ms-request-id": "c90c26d0-443b-4c17-a563-20a58205de7d",
        "x-ms-routing-request-id": "SOUTHEASTASIA:20211119T030550Z:cfc87af7-25d8-4c29-9e49-26ee26cf6b08"
      },
      "ResponseBody": {
        "id": "/subscriptions/db1ab6f0-4769-4b27-930e-01e2ef9c123c/resourceGroups/teststorageRG-8147/providers/Microsoft.Storage/storageAccounts/teststoragemgmt797/blobServices/default/containers/testblob9589/immutabilityPolicies/default",
        "name": "default",
        "type": "Microsoft.Storage/storageAccounts/blobServices/containers/immutabilityPolicies",
        "etag": "\u00228d9ab097da9ac59\u0022",
        "properties": {
          "immutabilityPeriodSinceCreationInDays": 3,
          "state": "Locked"
        }
      }
    },
    {
      "RequestUri": "https://management.azure.com/subscriptions/db1ab6f0-4769-4b27-930e-01e2ef9c123c/resourceGroups/teststorageRG-8147/providers/Microsoft.Storage/storageAccounts/teststoragemgmt797/blobServices/default/containers/testblob9589?api-version=2021-04-01",
      "RequestMethod": "DELETE",
      "RequestHeaders": {
        "Authorization": "Sanitized",
        "User-Agent": "azsdk-net-ResourceManager.Storage/1.0.0-alpha.20211119.1 (.NET Framework 4.8.4300.0; Microsoft Windows 10.0.19043 )",
        "x-ms-client-request-id": "58181f39bff790574dfb38e27e242e56",
        "x-ms-return-client-request-id": "true"
      },
      "RequestBody": null,
      "StatusCode": 200,
      "ResponseHeaders": {
        "Cache-Control": "no-cache",
        "Content-Length": "0",
        "Content-Type": "text/plain; charset=utf-8",
        "Date": "Fri, 19 Nov 2021 03:05:50 GMT",
        "Expires": "-1",
        "Pragma": "no-cache",
        "Server": "Microsoft-Azure-Storage-Resource-Provider/1.0,Microsoft-HTTPAPI/2.0 Microsoft-HTTPAPI/2.0",
        "Strict-Transport-Security": "max-age=31536000; includeSubDomains",
        "X-Content-Type-Options": "nosniff",
        "x-ms-client-request-id": "58181f39bff790574dfb38e27e242e56",
        "x-ms-correlation-request-id": "603c1638-904a-4cdd-8a28-d4d0479565bb",
        "x-ms-ratelimit-remaining-subscription-deletes": "14999",
        "x-ms-request-id": "2476a826-e236-41f2-9e61-32735a495cc4",
        "x-ms-routing-request-id": "SOUTHEASTASIA:20211119T030550Z:603c1638-904a-4cdd-8a28-d4d0479565bb"
      },
      "ResponseBody": []
    },
    {
      "RequestUri": "https://management.azure.com/subscriptions/db1ab6f0-4769-4b27-930e-01e2ef9c123c/resourceGroups/teststorageRG-8147/providers/Microsoft.Storage/storageAccounts?api-version=2021-04-01",
      "RequestMethod": "GET",
      "RequestHeaders": {
        "Accept": "application/json",
        "Authorization": "Sanitized",
        "User-Agent": "azsdk-net-ResourceManager.Storage/1.0.0-alpha.20211119.1 (.NET Framework 4.8.4300.0; Microsoft Windows 10.0.19043 )",
        "x-ms-client-request-id": "470553f094148ecb7e76e55618d899d9",
        "x-ms-return-client-request-id": "true"
      },
      "RequestBody": null,
      "StatusCode": 200,
      "ResponseHeaders": {
        "Cache-Control": "no-cache",
        "Content-Length": "1491",
        "Content-Type": "application/json",
        "Date": "Fri, 19 Nov 2021 03:05:50 GMT",
        "Expires": "-1",
        "Pragma": "no-cache",
        "Server": "Microsoft-Azure-Storage-Resource-Provider/1.0,Microsoft-HTTPAPI/2.0 Microsoft-HTTPAPI/2.0",
        "Strict-Transport-Security": "max-age=31536000; includeSubDomains",
        "X-Content-Type-Options": "nosniff",
        "x-ms-client-request-id": "470553f094148ecb7e76e55618d899d9",
        "x-ms-correlation-request-id": "c511a6a4-4bc9-489c-9e59-13a52fc6a8b5",
        "x-ms-ratelimit-remaining-subscription-reads": "11943",
        "x-ms-request-id": "1cd78ac4-a662-4997-945a-40324e54885b",
        "x-ms-routing-request-id": "SOUTHEASTASIA:20211119T030551Z:c511a6a4-4bc9-489c-9e59-13a52fc6a8b5"
      },
      "ResponseBody": {
        "value": [
          {
            "sku": {
              "name": "Standard_GRS",
              "tier": "Standard"
            },
            "kind": "StorageV2",
            "id": "/subscriptions/db1ab6f0-4769-4b27-930e-01e2ef9c123c/resourceGroups/teststorageRG-8147/providers/Microsoft.Storage/storageAccounts/teststoragemgmt797",
            "name": "teststoragemgmt797",
            "type": "Microsoft.Storage/storageAccounts",
            "location": "eastus2",
            "tags": {
              "key1": "value1",
              "key2": "value2"
            },
            "properties": {
              "keyCreationTime": {
                "key1": "2021-11-19T03:05:27.0016590Z",
                "key2": "2021-11-19T03:05:27.0016590Z"
              },
              "privateEndpointConnections": [],
              "networkAcls": {
                "bypass": "AzureServices",
                "virtualNetworkRules": [],
                "ipRules": [],
                "defaultAction": "Allow"
              },
              "supportsHttpsTrafficOnly": true,
              "encryption": {
                "services": {
                  "file": {
                    "keyType": "Account",
                    "enabled": true,
                    "lastEnabledTime": "2021-11-19T03:05:27.0016590Z"
                  },
                  "blob": {
                    "keyType": "Account",
                    "enabled": true,
                    "lastEnabledTime": "2021-11-19T03:05:27.0016590Z"
                  }
                },
                "keySource": "Microsoft.Storage"
              },
              "accessTier": "Hot",
              "provisioningState": "Succeeded",
              "creationTime": "2021-11-19T03:05:26.8766808Z",
              "primaryEndpoints": {
                "dfs": "https://teststoragemgmt797.dfs.core.windows.net/",
                "web": "https://teststoragemgmt797.z20.web.core.windows.net/",
                "blob": "https://teststoragemgmt797.blob.core.windows.net/",
                "queue": "https://teststoragemgmt797.queue.core.windows.net/",
                "table": "https://teststoragemgmt797.table.core.windows.net/",
                "file": "https://teststoragemgmt797.file.core.windows.net/"
              },
              "primaryLocation": "eastus2",
              "statusOfPrimary": "available",
              "secondaryLocation": "centralus",
              "statusOfSecondary": "available"
            }
          }
        ]
      }
    },
    {
      "RequestUri": "https://management.azure.com/subscriptions/db1ab6f0-4769-4b27-930e-01e2ef9c123c/resourceGroups/teststorageRG-8147/providers/Microsoft.Storage/storageAccounts/teststoragemgmt797?api-version=2021-04-01",
      "RequestMethod": "DELETE",
      "RequestHeaders": {
        "Authorization": "Sanitized",
        "User-Agent": "azsdk-net-ResourceManager.Storage/1.0.0-alpha.20211119.1 (.NET Framework 4.8.4300.0; Microsoft Windows 10.0.19043 )",
        "x-ms-client-request-id": "ceb28f465b9b606a7b46bb18f2ffe70e",
        "x-ms-return-client-request-id": "true"
      },
      "RequestBody": null,
      "StatusCode": 200,
      "ResponseHeaders": {
        "Cache-Control": "no-cache",
        "Content-Length": "0",
        "Content-Type": "text/plain; charset=utf-8",
        "Date": "Fri, 19 Nov 2021 03:05:56 GMT",
        "Expires": "-1",
        "Pragma": "no-cache",
        "Server": "Microsoft-Azure-Storage-Resource-Provider/1.0,Microsoft-HTTPAPI/2.0 Microsoft-HTTPAPI/2.0",
        "Strict-Transport-Security": "max-age=31536000; includeSubDomains",
        "X-Content-Type-Options": "nosniff",
        "x-ms-client-request-id": "ceb28f465b9b606a7b46bb18f2ffe70e",
        "x-ms-correlation-request-id": "5efd9e4e-c1d6-4358-bb94-cd25c7ec2d28",
        "x-ms-ratelimit-remaining-subscription-deletes": "14998",
        "x-ms-request-id": "662d7dc1-f61d-488e-b4e5-c98a5da1fad2",
        "x-ms-routing-request-id": "SOUTHEASTASIA:20211119T030557Z:5efd9e4e-c1d6-4358-bb94-cd25c7ec2d28"
      },
      "ResponseBody": []
    }
  ],
  "Variables": {
    "RandomSeed": "1195379847",
    "RESOURCE_MANAGER_URL": null,
    "SUBSCRIPTION_ID": "db1ab6f0-4769-4b27-930e-01e2ef9c123c"
  }
}