{
  "Entries": [
    {
      "RequestUri": "https://management.azure.com/subscriptions/db1ab6f0-4769-4b27-930e-01e2ef9c123c/resourceGroups/datafactory-rg-6469/providers/Microsoft.DataFactory/factories/datafactory-1558?api-version=2018-06-01",
      "RequestMethod": "GET",
      "RequestHeaders": {
        "Accept": "application/json",
        "Authorization": "Sanitized",
        "traceparent": "00-90824093f448c540b8f3ec033c41cd47-412257ef56772240-00",
        "User-Agent": "azsdk-net-ResourceManager.DataFactory/1.0.0-alpha.20220720.1 (.NET Core 3.1.27; Microsoft Windows 10.0.22000)",
        "x-ms-client-request-id": "0a6d4bb5a081cb898bb6666fd91746b8",
        "x-ms-return-client-request-id": "true"
      },
      "RequestBody": null,
      "StatusCode": 200,
      "ResponseHeaders": {
        "Cache-Control": "no-cache",
        "Content-Length": "549",
        "Content-Type": "application/json; charset=utf-8",
        "Date": "Wed, 20 Jul 2022 08:22:18 GMT",
        "Expires": "-1",
        "Pragma": "no-cache",
        "Server": "Microsoft-IIS/10.0",
        "Strict-Transport-Security": "max-age=31536000; includeSubDomains",
        "X-Content-Type-Options": "nosniff",
        "x-ms-correlation-request-id": "4bc2dd73-29a4-4c3a-b8b9-2dcdc0ca1df0",
        "x-ms-ratelimit-remaining-subscription-reads": "11961",
        "x-ms-request-id": "4bc2dd73-29a4-4c3a-b8b9-2dcdc0ca1df0",
        "x-ms-routing-request-id": "SOUTHEASTASIA:20220720T082218Z:4bc2dd73-29a4-4c3a-b8b9-2dcdc0ca1df0",
        "X-Powered-By": "ASP.NET"
      },
      "ResponseBody": {
        "name": "DataFactory-1558",
        "id": "/subscriptions/db1ab6f0-4769-4b27-930e-01e2ef9c123c/resourceGroups/datafactory-rg-6469/providers/Microsoft.DataFactory/factories/datafactory-1558",
        "type": "Microsoft.DataFactory/factories",
        "properties": {
          "provisioningState": "Succeeded",
          "createTime": "2022-07-20T08:22:09.8215618Z",
          "version": "2018-06-01",
          "factoryStatistics": {
            "totalResourceCount": 0,
            "maxAllowedResourceCount": 0,
            "factorySizeInGbUnits": 0,
            "maxAllowedFactorySizeInGbUnits": 0
          }
        },
        "eTag": "\u002230002943-0000-0800-0000-62d7bb310000\u0022",
        "location": "westus2",
        "tags": {}
      }
    },
    {
      "RequestUri": "https://management.azure.com/subscriptions/db1ab6f0-4769-4b27-930e-01e2ef9c123c/resourceGroups/datafactory-rg-6469/providers/Microsoft.DataFactory/factories/datafactory-1558/pipelines/pipeline-5237?api-version=2018-06-01",
      "RequestMethod": "PUT",
      "RequestHeaders": {
        "Accept": "application/json",
        "Authorization": "Sanitized",
        "Content-Length": "17",
        "Content-Type": "application/json",
        "traceparent": "00-badf586eb4117e4780a861f73e1b9427-14ff8b5e3a099748-00",
        "User-Agent": "azsdk-net-ResourceManager.DataFactory/1.0.0-alpha.20220720.1 (.NET Core 3.1.27; Microsoft Windows 10.0.22000)",
        "x-ms-client-request-id": "33a3618b149f63bdb9df104b523a16b4",
        "x-ms-return-client-request-id": "true"
      },
      "RequestBody": {
        "properties": {}
      },
      "StatusCode": 200,
      "ResponseHeaders": {
        "Cache-Control": "no-cache",
        "Content-Length": "314",
        "Content-Type": "application/json; charset=utf-8",
        "Date": "Wed, 20 Jul 2022 08:22:19 GMT",
        "Expires": "-1",
        "Pragma": "no-cache",
        "Server": "Microsoft-IIS/10.0",
        "Strict-Transport-Security": "max-age=31536000; includeSubDomains",
        "X-Content-Type-Options": "nosniff",
        "x-ms-correlation-request-id": "7e3a0b5b-a5ca-4015-85ad-3d1050c2bd01",
        "x-ms-ratelimit-remaining-subscription-writes": "1174",
        "x-ms-request-id": "7e3a0b5b-a5ca-4015-85ad-3d1050c2bd01",
        "x-ms-routing-request-id": "SOUTHEASTASIA:20220720T082219Z:7e3a0b5b-a5ca-4015-85ad-3d1050c2bd01",
        "X-Powered-By": "ASP.NET"
      },
      "ResponseBody": {
        "id": "/subscriptions/db1ab6f0-4769-4b27-930e-01e2ef9c123c/resourceGroups/datafactory-rg-6469/providers/Microsoft.DataFactory/factories/datafactory-1558/pipelines/pipeline-5237",
        "name": "pipeline-5237",
        "type": "Microsoft.DataFactory/factories/pipelines",
        "properties": {},
        "etag": "12008c5e-0000-0800-0000-62d7bb3b0000"
      }
    },
    {
      "RequestUri": "https://management.azure.com/subscriptions/db1ab6f0-4769-4b27-930e-01e2ef9c123c/resourceGroups/datafactory-rg-6469/providers/Microsoft.DataFactory/factories/datafactory-1558/pipelines/pipeline-5237?api-version=2018-06-01",
      "RequestMethod": "GET",
      "RequestHeaders": {
        "Accept": "application/json",
        "Authorization": "Sanitized",
        "traceparent": "00-ed88fc8feb431a438874c77c8d8b661d-417f0ff306e0c943-00",
        "User-Agent": "azsdk-net-ResourceManager.DataFactory/1.0.0-alpha.20220720.1 (.NET Core 3.1.27; Microsoft Windows 10.0.22000)",
        "x-ms-client-request-id": "61027507d9f4c342442d30cd1d1fca03",
        "x-ms-return-client-request-id": "true"
      },
      "RequestBody": null,
      "StatusCode": 200,
      "ResponseHeaders": {
        "Cache-Control": "no-cache",
        "Content-Length": "354",
        "Content-Type": "application/json; charset=utf-8",
        "Date": "Wed, 20 Jul 2022 08:22:19 GMT",
        "Expires": "-1",
        "Pragma": "no-cache",
        "Server": "Microsoft-IIS/10.0",
        "Strict-Transport-Security": "max-age=31536000; includeSubDomains",
        "X-Content-Type-Options": "nosniff",
        "x-ms-correlation-request-id": "e9bcbeeb-3031-4c74-8e47-6bcfb913af74",
        "x-ms-ratelimit-remaining-subscription-reads": "11960",
        "x-ms-request-id": "e9bcbeeb-3031-4c74-8e47-6bcfb913af74",
        "x-ms-routing-request-id": "SOUTHEASTASIA:20220720T082220Z:e9bcbeeb-3031-4c74-8e47-6bcfb913af74",
        "X-Powered-By": "ASP.NET"
      },
      "ResponseBody": {
        "id": "/subscriptions/db1ab6f0-4769-4b27-930e-01e2ef9c123c/resourceGroups/datafactory-rg-6469/providers/Microsoft.DataFactory/factories/datafactory-1558/pipelines/pipeline-5237",
        "name": "pipeline-5237",
        "type": "Microsoft.DataFactory/factories/pipelines",
        "properties": {
          "lastPublishTime": "2022-07-20T08:22:19Z"
        },
        "etag": "12008c5e-0000-0800-0000-62d7bb3b0000"
      }
    }
  ],
  "Variables": {
    "AZURE_AUTHORITY_HOST": "https://login.microsoftonline.com",
    "RandomSeed": "731810056",
    "RESOURCE_MANAGER_URL": null,
    "SUBSCRIPTION_ID": "db1ab6f0-4769-4b27-930e-01e2ef9c123c"
  }
}
