{
  "Entries": [
    {
      "RequestUri": "https://management.azure.com/subscriptions/db1ab6f0-4769-4b27-930e-01e2ef9c123c?api-version=2021-01-01",
      "RequestMethod": "GET",
      "RequestHeaders": {
        "Accept": "application/json",
        "Authorization": "Sanitized",
        "traceparent": "00-358939c7f3da33033d5ad638ee38dab6-37d0be01adbdf176-00",
        "User-Agent": "azsdk-net-ResourceManager/1.3.1 (.NET 6.0.8; Microsoft Windows 10.0.22000)",
        "x-ms-client-request-id": "32d1be879e01efa9546d941074d596cd",
        "x-ms-return-client-request-id": "true"
      },
      "RequestBody": null,
      "StatusCode": 200,
      "ResponseHeaders": {
        "Cache-Control": "no-cache",
        "Content-Length": "747",
        "Content-Type": "application/json; charset=utf-8",
        "Date": "Mon, 29 Aug 2022 18:11:19 GMT",
        "Expires": "-1",
        "Pragma": "no-cache",
        "Strict-Transport-Security": "max-age=31536000; includeSubDomains",
        "X-Content-Type-Options": "nosniff",
        "x-ms-correlation-request-id": "f0857382-58c9-480a-82dd-5f08a58af8d9",
        "x-ms-ratelimit-remaining-subscription-reads": "11971",
        "x-ms-request-id": "f0857382-58c9-480a-82dd-5f08a58af8d9",
        "x-ms-routing-request-id": "WESTUS2:20220829T181120Z:f0857382-58c9-480a-82dd-5f08a58af8d9"
      },
      "ResponseBody": {
        "id": "/subscriptions/db1ab6f0-4769-4b27-930e-01e2ef9c123c",
        "authorizationSource": "RoleBased",
        "managedByTenants": [],
        "tags": {
          "TagKey-9823": "TagValue-566",
          "TagKey-3481": "TagValue-320",
          "TagKey-4926": "TagValue-1187",
          "TagKey-751": "TagValue-3921",
          "TagKey-1866": "TagValue-8559",
          "TagKey-3094": "TagValue-9190",
          "TagKey-2449": "TagValue-9",
          "TagKey-8379": "TagValue-164",
          "TagKey-7470": "TagValue-2205",
          "TagKey-4236": "TagValue-3698",
          "TagKey-5316": "TagValue-2725"
        },
        "subscriptionId": "db1ab6f0-4769-4b27-930e-01e2ef9c123c",
        "tenantId": "72f988bf-86f1-41af-91ab-2d7cd011db47",
        "displayName": ".NET Mgmt SDK Test with TTL = 1 Day",
        "state": "Enabled",
        "subscriptionPolicies": {
          "locationPlacementId": "Internal_2014-09-01",
          "quotaId": "Internal_2014-09-01",
          "spendingLimit": "Off"
        }
      }
    },
    {
      "RequestUri": "https://management.azure.com/subscriptions/db1ab6f0-4769-4b27-930e-01e2ef9c123c/providers/Microsoft.Storage/checkNameAvailability?api-version=2022-09-01",
      "RequestMethod": "POST",
      "RequestHeaders": {
        "Accept": "application/json",
        "Authorization": "Sanitized",
        "Content-Length": "73",
        "Content-Type": "application/json",
        "traceparent": "00-e5a7c0c79d85e3be74849a5d0d99b21f-7a3f3f226a29f5c1-00",
        "User-Agent": "azsdk-net-ResourceManager.Storage/1.0.0-alpha.20220829.1 (.NET 6.0.8; Microsoft Windows 10.0.22000)",
        "x-ms-client-request-id": "c4570b1f53c7c3d277fc75cfb82fea47",
        "x-ms-return-client-request-id": "true"
      },
      "RequestBody": {
        "name": "teststoragemgmt5171",
        "type": "Microsoft.Storage/storageAccounts"
      },
      "StatusCode": 200,
      "ResponseHeaders": {
        "Cache-Control": "no-cache",
        "Content-Length": "22",
        "Content-Type": "application/json",
        "Date": "Mon, 29 Aug 2022 18:11:20 GMT",
        "Expires": "-1",
        "Pragma": "no-cache",
        "Server": "Microsoft-Azure-Storage-Resource-Provider/1.0,Microsoft-HTTPAPI/2.0 Microsoft-HTTPAPI/2.0",
        "Strict-Transport-Security": "max-age=31536000; includeSubDomains",
        "X-Content-Type-Options": "nosniff",
        "x-ms-client-request-id": "c4570b1f53c7c3d277fc75cfb82fea47",
        "x-ms-correlation-request-id": "89c019c4-5c84-4721-b243-140e9a5455ba",
        "x-ms-ratelimit-remaining-subscription-reads": "11970",
        "x-ms-request-id": "f5b7d27f-f3b5-44d7-97b5-fc6ec241ec3b",
        "x-ms-routing-request-id": "WESTUS2:20220829T181121Z:89c019c4-5c84-4721-b243-140e9a5455ba"
      },
      "ResponseBody": {
        "nameAvailable": true
      }
    },
    {
      "RequestUri": "https://management.azure.com/subscriptions/db1ab6f0-4769-4b27-930e-01e2ef9c123c/resourcegroups/teststorageRG-8395?api-version=**",
      "RequestMethod": "PUT",
      "RequestHeaders": {
        "Accept": "application/json",
        "Authorization": "Sanitized",
        "Content-Length": "44",
        "Content-Type": "application/json",
        "traceparent": "00-866df7c6a1f95fb3bbc85bc2b0187fe2-e713c4d908f384e8-00",
        "User-Agent": "azsdk-net-ResourceManager/1.3.1 (.NET 6.0.8; Microsoft Windows 10.0.22000)",
        "x-ms-client-request-id": "1b1895ffde5d1475f65f03dacadb3a65",
        "x-ms-return-client-request-id": "true"
      },
      "RequestBody": {
        "tags": {
          "test": "env"
        },
        "location": "eastus2"
      },
      "StatusCode": 201,
      "ResponseHeaders": {
        "Cache-Control": "no-cache",
        "Content-Length": "256",
        "Content-Type": "application/json; charset=utf-8",
        "Date": "Mon, 29 Aug 2022 18:11:21 GMT",
        "Expires": "-1",
        "Pragma": "no-cache",
        "Strict-Transport-Security": "max-age=31536000; includeSubDomains",
        "X-Content-Type-Options": "nosniff",
        "x-ms-correlation-request-id": "212c21d0-69c4-4d1c-832e-0163999158aa",
        "x-ms-ratelimit-remaining-subscription-writes": "1187",
        "x-ms-request-id": "212c21d0-69c4-4d1c-832e-0163999158aa",
        "x-ms-routing-request-id": "WESTUS2:20220829T181122Z:212c21d0-69c4-4d1c-832e-0163999158aa"
      },
      "ResponseBody": {
        "id": "/subscriptions/db1ab6f0-4769-4b27-930e-01e2ef9c123c/resourceGroups/teststorageRG-8395",
        "name": "teststorageRG-8395",
        "type": "Microsoft.Resources/resourceGroups",
        "location": "eastus2",
        "tags": {
          "test": "env"
        },
        "properties": {
          "provisioningState": "Succeeded"
        }
      }
    },
    {
      "RequestUri": "https://management.azure.com/subscriptions/db1ab6f0-4769-4b27-930e-01e2ef9c123c/resourceGroups/teststorageRG-8395/providers/Microsoft.Storage/storageAccounts/teststoragemgmt5171?api-version=2022-09-01",
      "RequestMethod": "PUT",
      "RequestHeaders": {
        "Accept": "application/json",
        "Authorization": "Sanitized",
        "Content-Length": "126",
        "Content-Type": "application/json",
        "traceparent": "00-9c38b6c2526abbc390670001f2f2438f-f55b92d8c0f0d454-00",
        "User-Agent": "azsdk-net-ResourceManager.Storage/1.0.0-alpha.20220829.1 (.NET 6.0.8; Microsoft Windows 10.0.22000)",
        "x-ms-client-request-id": "1ea4fa9cc044ff6b6f89a2341f9c3eaa",
        "x-ms-return-client-request-id": "true"
      },
      "RequestBody": {
        "sku": {
          "name": "Standard_GRS"
        },
        "kind": "Storage",
        "location": "eastus2",
        "tags": {
          "key1": "value1",
          "key2": "value2"
        },
        "properties": {}
      },
      "StatusCode": 202,
      "ResponseHeaders": {
        "Cache-Control": "no-cache",
        "Content-Length": "0",
        "Content-Type": "text/plain; charset=utf-8",
        "Date": "Mon, 29 Aug 2022 18:11:24 GMT",
        "Expires": "-1",
        "Location": "https://management.azure.com/subscriptions/db1ab6f0-4769-4b27-930e-01e2ef9c123c/providers/Microsoft.Storage/locations/eastus2/asyncoperations/1c85e554-463d-4a0f-804e-139f3ec5fbd2?monitor=true\u0026api-version=2022-09-01",
        "Pragma": "no-cache",
        "Retry-After": "17",
        "Server": "Microsoft-Azure-Storage-Resource-Provider/1.0,Microsoft-HTTPAPI/2.0 Microsoft-HTTPAPI/2.0",
        "Strict-Transport-Security": "max-age=31536000; includeSubDomains",
        "X-Content-Type-Options": "nosniff",
        "x-ms-client-request-id": "1ea4fa9cc044ff6b6f89a2341f9c3eaa",
        "x-ms-correlation-request-id": "1b9bc33c-51b5-4aaf-a07f-683522e79c6f",
        "x-ms-ratelimit-remaining-subscription-writes": "1186",
        "x-ms-request-id": "1c85e554-463d-4a0f-804e-139f3ec5fbd2",
        "x-ms-routing-request-id": "WESTUS2:20220829T181125Z:1b9bc33c-51b5-4aaf-a07f-683522e79c6f"
      },
      "ResponseBody": null
    },
    {
      "RequestUri": "https://management.azure.com/subscriptions/db1ab6f0-4769-4b27-930e-01e2ef9c123c/providers/Microsoft.Storage/locations/eastus2/asyncoperations/1c85e554-463d-4a0f-804e-139f3ec5fbd2?monitor=true\u0026api-version=2022-09-01",
      "RequestMethod": "GET",
      "RequestHeaders": {
        "Authorization": "Sanitized",
        "traceparent": "00-9c38b6c2526abbc390670001f2f2438f-31cb70457ec516a8-00",
        "User-Agent": "azsdk-net-ResourceManager/1.3.1 (.NET 6.0.8; Microsoft Windows 10.0.22000)",
        "x-ms-client-request-id": "341b6a3b28463fb22a18acd33c41f459",
        "x-ms-return-client-request-id": "true"
      },
      "RequestBody": null,
      "StatusCode": 202,
      "ResponseHeaders": {
        "Cache-Control": "no-cache",
        "Content-Length": "0",
        "Content-Type": "text/plain; charset=utf-8",
        "Date": "Mon, 29 Aug 2022 18:11:24 GMT",
        "Expires": "-1",
        "Location": "https://management.azure.com/subscriptions/db1ab6f0-4769-4b27-930e-01e2ef9c123c/providers/Microsoft.Storage/locations/eastus2/asyncoperations/1c85e554-463d-4a0f-804e-139f3ec5fbd2?monitor=true\u0026api-version=2022-09-01",
        "Pragma": "no-cache",
        "Retry-After": "17",
        "Server": "Microsoft-Azure-Storage-Resource-Provider/1.0,Microsoft-HTTPAPI/2.0 Microsoft-HTTPAPI/2.0",
        "Strict-Transport-Security": "max-age=31536000; includeSubDomains",
        "X-Content-Type-Options": "nosniff",
        "x-ms-client-request-id": "341b6a3b28463fb22a18acd33c41f459",
        "x-ms-correlation-request-id": "89530839-e793-4c00-8c35-5efa9886e55f",
        "x-ms-ratelimit-remaining-subscription-reads": "11969",
        "x-ms-request-id": "62a973a0-aeef-4b6c-bb4b-e735407d7952",
        "x-ms-routing-request-id": "WESTUS2:20220829T181125Z:89530839-e793-4c00-8c35-5efa9886e55f"
      },
      "ResponseBody": null
    },
    {
      "RequestUri": "https://management.azure.com/subscriptions/db1ab6f0-4769-4b27-930e-01e2ef9c123c/providers/Microsoft.Storage/locations/eastus2/asyncoperations/1c85e554-463d-4a0f-804e-139f3ec5fbd2?monitor=true\u0026api-version=2022-09-01",
      "RequestMethod": "GET",
      "RequestHeaders": {
        "Authorization": "Sanitized",
        "traceparent": "00-9c38b6c2526abbc390670001f2f2438f-7fbdf059dfd30902-00",
        "User-Agent": "azsdk-net-ResourceManager/1.3.1 (.NET 6.0.8; Microsoft Windows 10.0.22000)",
        "x-ms-client-request-id": "4c115921390504af38773c94ef773086",
        "x-ms-return-client-request-id": "true"
      },
      "RequestBody": null,
      "StatusCode": 200,
      "ResponseHeaders": {
        "Cache-Control": "no-cache",
        "Content-Length": "1404",
        "Content-Type": "application/json",
        "Date": "Mon, 29 Aug 2022 18:11:41 GMT",
        "Expires": "-1",
        "Pragma": "no-cache",
        "Server": "Microsoft-Azure-Storage-Resource-Provider/1.0,Microsoft-HTTPAPI/2.0 Microsoft-HTTPAPI/2.0",
        "Strict-Transport-Security": "max-age=31536000; includeSubDomains",
        "X-Content-Type-Options": "nosniff",
        "x-ms-client-request-id": "4c115921390504af38773c94ef773086",
        "x-ms-correlation-request-id": "c18b0646-d2a3-459c-83b1-86723b593300",
        "x-ms-ratelimit-remaining-subscription-reads": "11968",
        "x-ms-request-id": "6e6c502b-a486-4c5d-b5aa-3f80f76862f9",
        "x-ms-routing-request-id": "WESTUS2:20220829T181142Z:c18b0646-d2a3-459c-83b1-86723b593300"
      },
      "ResponseBody": {
        "sku": {
          "name": "Standard_GRS",
          "tier": "Standard"
        },
        "kind": "Storage",
        "id": "/subscriptions/db1ab6f0-4769-4b27-930e-01e2ef9c123c/resourceGroups/teststorageRG-8395/providers/Microsoft.Storage/storageAccounts/teststoragemgmt5171",
        "name": "teststoragemgmt5171",
        "type": "Microsoft.Storage/storageAccounts",
        "location": "eastus2",
        "tags": {
          "key1": "value1",
          "key2": "value2"
        },
        "properties": {
          "keyCreationTime": {
            "key1": "2022-08-29T18:11:23.0423976Z",
            "key2": "2022-08-29T18:11:23.0423976Z"
          },
          "privateEndpointConnections": [],
          "minimumTlsVersion": "TLS1_0",
          "allowBlobPublicAccess": true,
          "networkAcls": {
            "bypass": "AzureServices",
            "virtualNetworkRules": [],
            "ipRules": [],
            "defaultAction": "Allow"
          },
          "supportsHttpsTrafficOnly": true,
          "encryption": {
            "services": {
              "file": {
                "keyType": "Account",
                "enabled": true,
                "lastEnabledTime": "2022-08-29T18:11:23.5892452Z"
              },
              "blob": {
                "keyType": "Account",
                "enabled": true,
                "lastEnabledTime": "2022-08-29T18:11:23.5892452Z"
              }
            },
            "keySource": "Microsoft.Storage"
          },
          "provisioningState": "Succeeded",
          "creationTime": "2022-08-29T18:11:22.9174034Z",
          "primaryEndpoints": {
            "blob": "https://teststoragemgmt5171.blob.core.windows.net/",
            "queue": "https://teststoragemgmt5171.queue.core.windows.net/",
            "table": "https://teststoragemgmt5171.table.core.windows.net/",
            "file": "https://teststoragemgmt5171.file.core.windows.net/"
          },
          "primaryLocation": "eastus2",
          "statusOfPrimary": "available",
          "secondaryLocation": "centralus",
          "statusOfSecondary": "available"
        }
      }
    },
    {
      "RequestUri": "https://management.azure.com/subscriptions/db1ab6f0-4769-4b27-930e-01e2ef9c123c/resourceGroups/teststorageRG-8395/providers/Microsoft.Storage/storageAccounts/teststoragemgmt5171?api-version=2022-09-01",
      "RequestMethod": "GET",
      "RequestHeaders": {
        "Accept": "application/json",
        "Authorization": "Sanitized",
        "traceparent": "00-286c1246d23109302599e106b951dd26-febeca445062c0d6-00",
        "User-Agent": "azsdk-net-ResourceManager.Storage/1.0.0-alpha.20220829.1 (.NET 6.0.8; Microsoft Windows 10.0.22000)",
        "x-ms-client-request-id": "b5f881dc0a81a063cb96d59cebeeef9f",
        "x-ms-return-client-request-id": "true"
      },
      "RequestBody": null,
      "StatusCode": 200,
      "ResponseHeaders": {
        "Cache-Control": "no-cache",
        "Content-Length": "1404",
        "Content-Type": "application/json",
        "Date": "Mon, 29 Aug 2022 18:11:41 GMT",
        "Expires": "-1",
        "Pragma": "no-cache",
        "Server": "Microsoft-Azure-Storage-Resource-Provider/1.0,Microsoft-HTTPAPI/2.0 Microsoft-HTTPAPI/2.0",
        "Strict-Transport-Security": "max-age=31536000; includeSubDomains",
        "X-Content-Type-Options": "nosniff",
        "x-ms-client-request-id": "b5f881dc0a81a063cb96d59cebeeef9f",
        "x-ms-correlation-request-id": "6c6c0583-08cc-4003-88c0-d6fbb4e4c9d7",
        "x-ms-ratelimit-remaining-subscription-reads": "11967",
        "x-ms-request-id": "6c2bf5ff-00db-4881-8696-f8c7632f31b5",
        "x-ms-routing-request-id": "WESTUS2:20220829T181142Z:6c6c0583-08cc-4003-88c0-d6fbb4e4c9d7"
      },
      "ResponseBody": {
        "sku": {
          "name": "Standard_GRS",
          "tier": "Standard"
        },
        "kind": "Storage",
        "id": "/subscriptions/db1ab6f0-4769-4b27-930e-01e2ef9c123c/resourceGroups/teststorageRG-8395/providers/Microsoft.Storage/storageAccounts/teststoragemgmt5171",
        "name": "teststoragemgmt5171",
        "type": "Microsoft.Storage/storageAccounts",
        "location": "eastus2",
        "tags": {
          "key1": "value1",
          "key2": "value2"
        },
        "properties": {
          "keyCreationTime": {
            "key1": "2022-08-29T18:11:23.0423976Z",
            "key2": "2022-08-29T18:11:23.0423976Z"
          },
          "privateEndpointConnections": [],
          "minimumTlsVersion": "TLS1_0",
          "allowBlobPublicAccess": true,
          "networkAcls": {
            "bypass": "AzureServices",
            "virtualNetworkRules": [],
            "ipRules": [],
            "defaultAction": "Allow"
          },
          "supportsHttpsTrafficOnly": true,
          "encryption": {
            "services": {
              "file": {
                "keyType": "Account",
                "enabled": true,
                "lastEnabledTime": "2022-08-29T18:11:23.5892452Z"
              },
              "blob": {
                "keyType": "Account",
                "enabled": true,
                "lastEnabledTime": "2022-08-29T18:11:23.5892452Z"
              }
            },
            "keySource": "Microsoft.Storage"
          },
          "provisioningState": "Succeeded",
          "creationTime": "2022-08-29T18:11:22.9174034Z",
          "primaryEndpoints": {
            "blob": "https://teststoragemgmt5171.blob.core.windows.net/",
            "queue": "https://teststoragemgmt5171.queue.core.windows.net/",
            "table": "https://teststoragemgmt5171.table.core.windows.net/",
            "file": "https://teststoragemgmt5171.file.core.windows.net/"
          },
          "primaryLocation": "eastus2",
          "statusOfPrimary": "available",
          "secondaryLocation": "centralus",
          "statusOfSecondary": "available"
        }
      }
    },
    {
      "RequestUri": "https://management.azure.com/subscriptions/db1ab6f0-4769-4b27-930e-01e2ef9c123c/resourceGroups/teststorageRG-8395/providers/Microsoft.Storage/storageAccounts/teststoragemgmt5171?api-version=2022-09-01",
      "RequestMethod": "PATCH",
      "RequestHeaders": {
        "Accept": "application/json",
        "Authorization": "Sanitized",
        "Content-Length": "72",
        "Content-Type": "application/json",
        "traceparent": "00-286c1246d23109302599e106b951dd26-cd3436ff1f7ed204-00",
        "User-Agent": "azsdk-net-ResourceManager.Storage/1.0.0-alpha.20220829.1 (.NET 6.0.8; Microsoft Windows 10.0.22000)",
        "x-ms-client-request-id": "75d277bb60d7011bba17fbceeb1d4fb3",
        "x-ms-return-client-request-id": "true"
      },
      "RequestBody": {
        "tags": {
          "key1": "value1",
          "key2": "value2",
          "key": "value"
        },
        "properties": {}
      },
      "StatusCode": 200,
      "ResponseHeaders": {
        "Cache-Control": "no-cache",
        "Content-Length": "1418",
        "Content-Type": "application/json",
        "Date": "Mon, 29 Aug 2022 18:11:44 GMT",
        "Expires": "-1",
        "Pragma": "no-cache",
        "Server": "Microsoft-Azure-Storage-Resource-Provider/1.0,Microsoft-HTTPAPI/2.0 Microsoft-HTTPAPI/2.0",
        "Strict-Transport-Security": "max-age=31536000; includeSubDomains",
        "X-Content-Type-Options": "nosniff",
        "x-ms-client-request-id": "75d277bb60d7011bba17fbceeb1d4fb3",
        "x-ms-correlation-request-id": "e15b6203-42de-4b32-ba85-61cff8ba09ce",
        "x-ms-ratelimit-remaining-subscription-writes": "1185",
        "x-ms-request-id": "63dc5dd4-a726-4c79-beca-3b83c932a4d7",
        "x-ms-routing-request-id": "WESTUS2:20220829T181144Z:e15b6203-42de-4b32-ba85-61cff8ba09ce"
      },
      "ResponseBody": {
        "sku": {
          "name": "Standard_GRS",
          "tier": "Standard"
        },
        "kind": "Storage",
        "id": "/subscriptions/db1ab6f0-4769-4b27-930e-01e2ef9c123c/resourceGroups/teststorageRG-8395/providers/Microsoft.Storage/storageAccounts/teststoragemgmt5171",
        "name": "teststoragemgmt5171",
        "type": "Microsoft.Storage/storageAccounts",
        "location": "eastus2",
        "tags": {
          "key1": "value1",
          "key2": "value2",
          "key": "value"
        },
        "properties": {
          "keyCreationTime": {
            "key1": "2022-08-29T18:11:23.0423976Z",
            "key2": "2022-08-29T18:11:23.0423976Z"
          },
          "privateEndpointConnections": [],
          "minimumTlsVersion": "TLS1_0",
          "allowBlobPublicAccess": true,
          "networkAcls": {
            "bypass": "AzureServices",
            "virtualNetworkRules": [],
            "ipRules": [],
            "defaultAction": "Allow"
          },
          "supportsHttpsTrafficOnly": true,
          "encryption": {
            "services": {
              "file": {
                "keyType": "Account",
                "enabled": true,
                "lastEnabledTime": "2022-08-29T18:11:23.5892452Z"
              },
              "blob": {
                "keyType": "Account",
                "enabled": true,
                "lastEnabledTime": "2022-08-29T18:11:23.5892452Z"
              }
            },
            "keySource": "Microsoft.Storage"
          },
          "provisioningState": "Succeeded",
          "creationTime": "2022-08-29T18:11:22.9174034Z",
          "primaryEndpoints": {
            "blob": "https://teststoragemgmt5171.blob.core.windows.net/",
            "queue": "https://teststoragemgmt5171.queue.core.windows.net/",
            "table": "https://teststoragemgmt5171.table.core.windows.net/",
            "file": "https://teststoragemgmt5171.file.core.windows.net/"
          },
          "primaryLocation": "eastus2",
          "statusOfPrimary": "available",
          "secondaryLocation": "centralus",
          "statusOfSecondary": "available"
        }
      }
    },
    {
      "RequestUri": "https://management.azure.com/subscriptions/db1ab6f0-4769-4b27-930e-01e2ef9c123c/resourceGroups/teststorageRG-8395/providers/Microsoft.Storage/storageAccounts/teststoragemgmt5171?api-version=2022-09-01",
      "RequestMethod": "GET",
      "RequestHeaders": {
        "Accept": "application/json",
        "Authorization": "Sanitized",
        "traceparent": "00-905985a2034b91a54126c2590872fd8b-b61b6b81a2d1cb10-00",
        "User-Agent": "azsdk-net-ResourceManager.Storage/1.0.0-alpha.20220829.1 (.NET 6.0.8; Microsoft Windows 10.0.22000)",
        "x-ms-client-request-id": "bbf725e83f4917d8f570806e63131949",
        "x-ms-return-client-request-id": "true"
      },
      "RequestBody": null,
      "StatusCode": 200,
      "ResponseHeaders": {
        "Cache-Control": "no-cache",
        "Content-Length": "1418",
        "Content-Type": "application/json",
        "Date": "Mon, 29 Aug 2022 18:11:44 GMT",
        "Expires": "-1",
        "Pragma": "no-cache",
        "Server": "Microsoft-Azure-Storage-Resource-Provider/1.0,Microsoft-HTTPAPI/2.0 Microsoft-HTTPAPI/2.0",
        "Strict-Transport-Security": "max-age=31536000; includeSubDomains",
        "X-Content-Type-Options": "nosniff",
        "x-ms-client-request-id": "bbf725e83f4917d8f570806e63131949",
        "x-ms-correlation-request-id": "4f07320b-9b89-4cc3-91d8-2f9bd9bbcc60",
        "x-ms-ratelimit-remaining-subscription-reads": "11966",
        "x-ms-request-id": "8a2dd871-7bb4-48e3-94a6-5b1184f6891a",
        "x-ms-routing-request-id": "WESTUS2:20220829T181144Z:4f07320b-9b89-4cc3-91d8-2f9bd9bbcc60"
      },
      "ResponseBody": {
        "sku": {
          "name": "Standard_GRS",
          "tier": "Standard"
        },
        "kind": "Storage",
        "id": "/subscriptions/db1ab6f0-4769-4b27-930e-01e2ef9c123c/resourceGroups/teststorageRG-8395/providers/Microsoft.Storage/storageAccounts/teststoragemgmt5171",
        "name": "teststoragemgmt5171",
        "type": "Microsoft.Storage/storageAccounts",
        "location": "eastus2",
        "tags": {
          "key1": "value1",
          "key2": "value2",
          "key": "value"
        },
        "properties": {
          "keyCreationTime": {
            "key1": "2022-08-29T18:11:23.0423976Z",
            "key2": "2022-08-29T18:11:23.0423976Z"
          },
          "privateEndpointConnections": [],
          "minimumTlsVersion": "TLS1_0",
          "allowBlobPublicAccess": true,
          "networkAcls": {
            "bypass": "AzureServices",
            "virtualNetworkRules": [],
            "ipRules": [],
            "defaultAction": "Allow"
          },
          "supportsHttpsTrafficOnly": true,
          "encryption": {
            "services": {
              "file": {
                "keyType": "Account",
                "enabled": true,
                "lastEnabledTime": "2022-08-29T18:11:23.5892452Z"
              },
              "blob": {
                "keyType": "Account",
                "enabled": true,
                "lastEnabledTime": "2022-08-29T18:11:23.5892452Z"
              }
            },
            "keySource": "Microsoft.Storage"
          },
          "provisioningState": "Succeeded",
          "creationTime": "2022-08-29T18:11:22.9174034Z",
          "primaryEndpoints": {
            "blob": "https://teststoragemgmt5171.blob.core.windows.net/",
            "queue": "https://teststoragemgmt5171.queue.core.windows.net/",
            "table": "https://teststoragemgmt5171.table.core.windows.net/",
            "file": "https://teststoragemgmt5171.file.core.windows.net/"
          },
          "primaryLocation": "eastus2",
          "statusOfPrimary": "available",
          "secondaryLocation": "centralus",
          "statusOfSecondary": "available"
        }
      }
    },
    {
      "RequestUri": "https://management.azure.com/subscriptions/db1ab6f0-4769-4b27-930e-01e2ef9c123c/resourceGroups/teststorageRG-8395/providers/Microsoft.Storage/storageAccounts/teststoragemgmt5171?api-version=2022-09-01",
      "RequestMethod": "PATCH",
      "RequestHeaders": {
        "Accept": "application/json",
        "Authorization": "Sanitized",
        "Content-Length": "58",
        "Content-Type": "application/json",
        "traceparent": "00-905985a2034b91a54126c2590872fd8b-ae3f19b3e7032364-00",
        "User-Agent": "azsdk-net-ResourceManager.Storage/1.0.0-alpha.20220829.1 (.NET 6.0.8; Microsoft Windows 10.0.22000)",
        "x-ms-client-request-id": "77d99c88baa47baf66f7fb690e94b4ad",
        "x-ms-return-client-request-id": "true"
      },
      "RequestBody": {
        "tags": {
          "key1": "value1",
          "key2": "value2"
        },
        "properties": {}
      },
      "StatusCode": 200,
      "ResponseHeaders": {
        "Cache-Control": "no-cache",
        "Content-Length": "1404",
        "Content-Type": "application/json",
        "Date": "Mon, 29 Aug 2022 18:11:45 GMT",
        "Expires": "-1",
        "Pragma": "no-cache",
        "Server": "Microsoft-Azure-Storage-Resource-Provider/1.0,Microsoft-HTTPAPI/2.0 Microsoft-HTTPAPI/2.0",
        "Strict-Transport-Security": "max-age=31536000; includeSubDomains",
        "X-Content-Type-Options": "nosniff",
        "x-ms-client-request-id": "77d99c88baa47baf66f7fb690e94b4ad",
        "x-ms-correlation-request-id": "ac258e40-fd75-4851-968b-9a9ee90d47b4",
        "x-ms-ratelimit-remaining-subscription-writes": "1184",
        "x-ms-request-id": "9ca7cbaa-3fb9-4889-b1c5-f56d63cb5566",
        "x-ms-routing-request-id": "WESTUS2:20220829T181145Z:ac258e40-fd75-4851-968b-9a9ee90d47b4"
      },
      "ResponseBody": {
        "sku": {
          "name": "Standard_GRS",
          "tier": "Standard"
        },
        "kind": "Storage",
        "id": "/subscriptions/db1ab6f0-4769-4b27-930e-01e2ef9c123c/resourceGroups/teststorageRG-8395/providers/Microsoft.Storage/storageAccounts/teststoragemgmt5171",
        "name": "teststoragemgmt5171",
        "type": "Microsoft.Storage/storageAccounts",
        "location": "eastus2",
        "tags": {
          "key1": "value1",
          "key2": "value2"
        },
        "properties": {
          "keyCreationTime": {
            "key1": "2022-08-29T18:11:23.0423976Z",
            "key2": "2022-08-29T18:11:23.0423976Z"
          },
          "privateEndpointConnections": [],
          "minimumTlsVersion": "TLS1_0",
          "allowBlobPublicAccess": true,
          "networkAcls": {
            "bypass": "AzureServices",
            "virtualNetworkRules": [],
            "ipRules": [],
            "defaultAction": "Allow"
          },
          "supportsHttpsTrafficOnly": true,
          "encryption": {
            "services": {
              "file": {
                "keyType": "Account",
                "enabled": true,
                "lastEnabledTime": "2022-08-29T18:11:23.5892452Z"
              },
              "blob": {
                "keyType": "Account",
                "enabled": true,
                "lastEnabledTime": "2022-08-29T18:11:23.5892452Z"
              }
            },
            "keySource": "Microsoft.Storage"
          },
          "provisioningState": "Succeeded",
          "creationTime": "2022-08-29T18:11:22.9174034Z",
          "primaryEndpoints": {
            "blob": "https://teststoragemgmt5171.blob.core.windows.net/",
            "queue": "https://teststoragemgmt5171.queue.core.windows.net/",
            "table": "https://teststoragemgmt5171.table.core.windows.net/",
            "file": "https://teststoragemgmt5171.file.core.windows.net/"
          },
          "primaryLocation": "eastus2",
          "statusOfPrimary": "available",
          "secondaryLocation": "centralus",
          "statusOfSecondary": "available"
        }
      }
    },
    {
      "RequestUri": "https://management.azure.com/subscriptions/db1ab6f0-4769-4b27-930e-01e2ef9c123c/resourceGroups/teststorageRG-8395/providers/Microsoft.Storage/storageAccounts?api-version=2022-09-01",
      "RequestMethod": "GET",
      "RequestHeaders": {
        "Accept": "application/json",
        "Authorization": "Sanitized",
        "traceparent": "00-26600cab438d928f863bfb7cbb433068-9ecbe79de56cb3f5-00",
        "User-Agent": "azsdk-net-ResourceManager.Storage/1.0.0-alpha.20220829.1 (.NET 6.0.8; Microsoft Windows 10.0.22000)",
        "x-ms-client-request-id": "c5b4224634f77c569fbb8067dfac9da7",
        "x-ms-return-client-request-id": "true"
      },
      "RequestBody": null,
      "StatusCode": 200,
      "ResponseHeaders": {
        "Cache-Control": "no-cache",
        "Content-Length": "1416",
        "Content-Type": "application/json",
        "Date": "Mon, 29 Aug 2022 18:11:45 GMT",
        "Expires": "-1",
        "Pragma": "no-cache",
        "Server": "Microsoft-Azure-Storage-Resource-Provider/1.0,Microsoft-HTTPAPI/2.0 Microsoft-HTTPAPI/2.0",
        "Strict-Transport-Security": "max-age=31536000; includeSubDomains",
        "X-Content-Type-Options": "nosniff",
        "x-ms-client-request-id": "c5b4224634f77c569fbb8067dfac9da7",
        "x-ms-correlation-request-id": "ca52bb2c-67d8-42e0-8586-2cb339848a06",
        "x-ms-ratelimit-remaining-subscription-reads": "11965",
        "x-ms-request-id": "a232217e-09b9-4a6f-8125-a50c5800cdbb",
        "x-ms-routing-request-id": "WESTUS2:20220829T181145Z:ca52bb2c-67d8-42e0-8586-2cb339848a06"
      },
      "ResponseBody": {
        "value": [
          {
            "sku": {
              "name": "Standard_GRS",
              "tier": "Standard"
            },
            "kind": "Storage",
            "id": "/subscriptions/db1ab6f0-4769-4b27-930e-01e2ef9c123c/resourceGroups/teststorageRG-8395/providers/Microsoft.Storage/storageAccounts/teststoragemgmt5171",
            "name": "teststoragemgmt5171",
            "type": "Microsoft.Storage/storageAccounts",
            "location": "eastus2",
            "tags": {
              "key1": "value1",
              "key2": "value2"
            },
            "properties": {
              "keyCreationTime": {
                "key1": "2022-08-29T18:11:23.0423976Z",
                "key2": "2022-08-29T18:11:23.0423976Z"
              },
              "privateEndpointConnections": [],
              "minimumTlsVersion": "TLS1_0",
              "allowBlobPublicAccess": true,
              "networkAcls": {
                "bypass": "AzureServices",
                "virtualNetworkRules": [],
                "ipRules": [],
                "defaultAction": "Allow"
              },
              "supportsHttpsTrafficOnly": true,
              "encryption": {
                "services": {
                  "file": {
                    "keyType": "Account",
                    "enabled": true,
                    "lastEnabledTime": "2022-08-29T18:11:23.5892452Z"
                  },
                  "blob": {
                    "keyType": "Account",
                    "enabled": true,
                    "lastEnabledTime": "2022-08-29T18:11:23.5892452Z"
                  }
                },
                "keySource": "Microsoft.Storage"
              },
              "provisioningState": "Succeeded",
              "creationTime": "2022-08-29T18:11:22.9174034Z",
              "primaryEndpoints": {
                "blob": "https://teststoragemgmt5171.blob.core.windows.net/",
                "queue": "https://teststoragemgmt5171.queue.core.windows.net/",
                "table": "https://teststoragemgmt5171.table.core.windows.net/",
                "file": "https://teststoragemgmt5171.file.core.windows.net/"
              },
              "primaryLocation": "eastus2",
              "statusOfPrimary": "available",
              "secondaryLocation": "centralus",
              "statusOfSecondary": "available"
            }
          }
        ]
      }
    },
    {
      "RequestUri": "https://management.azure.com/subscriptions/db1ab6f0-4769-4b27-930e-01e2ef9c123c/resourceGroups/teststorageRG-8395/providers/Microsoft.Storage/storageAccounts/teststoragemgmt5171?api-version=2022-09-01",
      "RequestMethod": "DELETE",
      "RequestHeaders": {
        "Authorization": "Sanitized",
        "traceparent": "00-de627dbc165ad65cae3128bb52273db7-d4f2fe86a42267b3-00",
        "User-Agent": "azsdk-net-ResourceManager.Storage/1.0.0-alpha.20220829.1 (.NET 6.0.8; Microsoft Windows 10.0.22000)",
        "x-ms-client-request-id": "4e46b1fdd8442d0e767b5551446e0861",
        "x-ms-return-client-request-id": "true"
      },
      "RequestBody": null,
      "StatusCode": 200,
      "ResponseHeaders": {
        "Cache-Control": "no-cache",
        "Content-Length": "0",
        "Content-Type": "text/plain; charset=utf-8",
        "Date": "Mon, 29 Aug 2022 18:11:48 GMT",
        "Expires": "-1",
        "Pragma": "no-cache",
        "Server": "Microsoft-Azure-Storage-Resource-Provider/1.0,Microsoft-HTTPAPI/2.0 Microsoft-HTTPAPI/2.0",
        "Strict-Transport-Security": "max-age=31536000; includeSubDomains",
        "X-Content-Type-Options": "nosniff",
        "x-ms-client-request-id": "4e46b1fdd8442d0e767b5551446e0861",
        "x-ms-correlation-request-id": "73156e89-236c-44d0-b38c-3147053f88f4",
        "x-ms-ratelimit-remaining-subscription-deletes": "14996",
        "x-ms-request-id": "764b7117-d8f7-45aa-bfdf-3abeb23307f3",
        "x-ms-routing-request-id": "WESTUS2:20220829T181148Z:73156e89-236c-44d0-b38c-3147053f88f4"
      },
      "ResponseBody": null
    }
  ],
  "Variables": {
    "AZURE_AUTHORITY_HOST": "https://login.microsoftonline.com",
    "RandomSeed": "1311678022",
    "RESOURCE_MANAGER_URL": null,
    "SUBSCRIPTION_ID": "db1ab6f0-4769-4b27-930e-01e2ef9c123c"
  }
}
