{
  "Entries": [
    {
      "RequestUri": "https://management.azure.com/subscriptions/db1ab6f0-4769-4b27-930e-01e2ef9c123c?api-version=2021-01-01",
      "RequestMethod": "GET",
      "RequestHeaders": {
        "Accept": "application/json",
        "Authorization": "Sanitized",
        "traceparent": "00-4b749c49b726a91b9762895a49d2746c-605e417ea1e64677-00",
        "User-Agent": "azsdk-net-ResourceManager/1.0.0 (.NET 6.0.5; Microsoft Windows 10.0.22621)",
        "x-ms-client-request-id": "c5b28e70f097dae100a2386b132c439e",
        "x-ms-return-client-request-id": "true"
      },
      "RequestBody": null,
      "StatusCode": 200,
      "ResponseHeaders": {
        "Cache-Control": "no-cache",
        "Content-Length": "747",
        "Content-Type": "application/json; charset=utf-8",
        "Date": "Fri, 10 Jun 2022 07:16:31 GMT",
        "Expires": "-1",
        "Pragma": "no-cache",
        "Strict-Transport-Security": "max-age=31536000; includeSubDomains",
        "X-Content-Type-Options": "nosniff",
        "x-ms-correlation-request-id": "6ab3d0ae-0fd7-4b8a-9b60-00d3b3e164ab",
        "x-ms-ratelimit-remaining-subscription-reads": "11511",
        "x-ms-request-id": "6ab3d0ae-0fd7-4b8a-9b60-00d3b3e164ab",
        "x-ms-routing-request-id": "SOUTHEASTASIA:20220610T071631Z:6ab3d0ae-0fd7-4b8a-9b60-00d3b3e164ab"
      },
      "ResponseBody": {
        "id": "/subscriptions/db1ab6f0-4769-4b27-930e-01e2ef9c123c",
        "authorizationSource": "RoleBased",
        "managedByTenants": [],
        "tags": {
          "TagKey-9823": "TagValue-566",
          "TagKey-3481": "TagValue-320",
          "TagKey-4926": "TagValue-1187",
          "TagKey-751": "TagValue-3921",
          "TagKey-1866": "TagValue-8559",
          "TagKey-3094": "TagValue-9190",
          "TagKey-2449": "TagValue-9",
          "TagKey-8379": "TagValue-164",
          "TagKey-7470": "TagValue-2205",
          "TagKey-4236": "TagValue-3698",
          "TagKey-5316": "TagValue-2725"
        },
        "subscriptionId": "db1ab6f0-4769-4b27-930e-01e2ef9c123c",
        "tenantId": "72f988bf-86f1-41af-91ab-2d7cd011db47",
        "displayName": ".NET Mgmt SDK Test with TTL = 1 Day",
        "state": "Enabled",
        "subscriptionPolicies": {
          "locationPlacementId": "Internal_2014-09-01",
          "quotaId": "Internal_2014-09-01",
          "spendingLimit": "Off"
        }
      }
    },
    {
      "RequestUri": "https://management.azure.com/subscriptions/db1ab6f0-4769-4b27-930e-01e2ef9c123c/resourcegroups/teststorageRG-7612?api-version=2021-04-01",
      "RequestMethod": "PUT",
      "RequestHeaders": {
        "Accept": "application/json",
        "Authorization": "Sanitized",
        "Content-Length": "44",
        "Content-Type": "application/json",
        "traceparent": "00-ad57c5270d4953a98c0dbf250cecf1d5-7fbcefae4afb53f1-00",
        "User-Agent": "azsdk-net-ResourceManager/1.0.0 (.NET 6.0.5; Microsoft Windows 10.0.22621)",
        "x-ms-client-request-id": "e6227b978f6df824bd3f15f51b7b6494",
        "x-ms-return-client-request-id": "true"
      },
      "RequestBody": {
        "tags": {
          "test": "env"
        },
        "location": "eastus2"
      },
      "StatusCode": 201,
      "ResponseHeaders": {
        "Cache-Control": "no-cache",
        "Content-Length": "256",
        "Content-Type": "application/json; charset=utf-8",
        "Date": "Fri, 10 Jun 2022 07:16:32 GMT",
        "Expires": "-1",
        "Pragma": "no-cache",
        "Strict-Transport-Security": "max-age=31536000; includeSubDomains",
        "X-Content-Type-Options": "nosniff",
        "x-ms-correlation-request-id": "173ca570-66da-4e32-ae84-27a738e6e72d",
        "x-ms-ratelimit-remaining-subscription-writes": "1025",
        "x-ms-request-id": "173ca570-66da-4e32-ae84-27a738e6e72d",
        "x-ms-routing-request-id": "SOUTHEASTASIA:20220610T071633Z:173ca570-66da-4e32-ae84-27a738e6e72d"
      },
      "ResponseBody": {
        "id": "/subscriptions/db1ab6f0-4769-4b27-930e-01e2ef9c123c/resourceGroups/teststorageRG-7612",
        "name": "teststorageRG-7612",
        "type": "Microsoft.Resources/resourceGroups",
        "location": "eastus2",
        "tags": {
          "test": "env"
        },
        "properties": {
          "provisioningState": "Succeeded"
        }
      }
    },
    {
      "RequestUri": "https://management.azure.com/subscriptions/db1ab6f0-4769-4b27-930e-01e2ef9c123c/providers/Microsoft.Storage/checkNameAvailability?api-version=2021-09-01",
      "RequestMethod": "POST",
      "RequestHeaders": {
        "Accept": "application/json",
        "Authorization": "Sanitized",
        "Content-Length": "73",
        "Content-Type": "application/json",
        "traceparent": "00-bfb4d3668a62295b785e6ffdad327e52-8e2c7bb020ef6972-00",
        "User-Agent": "azsdk-net-ResourceManager.Storage/1.0.0-alpha.20220610.1 (.NET 6.0.5; Microsoft Windows 10.0.22621)",
        "x-ms-client-request-id": "1f8dff5e587e854f363936fd814d6dd5",
        "x-ms-return-client-request-id": "true"
      },
      "RequestBody": {
        "name": "teststoragemgmt1355",
        "type": "Microsoft.Storage/storageAccounts"
      },
      "StatusCode": 200,
      "ResponseHeaders": {
        "Cache-Control": "no-cache",
        "Content-Length": "22",
        "Content-Type": "application/json",
        "Date": "Fri, 10 Jun 2022 07:16:33 GMT",
        "Expires": "-1",
        "Pragma": "no-cache",
        "Server": "Microsoft-Azure-Storage-Resource-Provider/1.0,Microsoft-HTTPAPI/2.0 Microsoft-HTTPAPI/2.0",
        "Strict-Transport-Security": "max-age=31536000; includeSubDomains",
        "X-Content-Type-Options": "nosniff",
        "x-ms-client-request-id": "1f8dff5e587e854f363936fd814d6dd5",
        "x-ms-correlation-request-id": "d7a2c97e-1ad9-4415-889a-4226ff8c150d",
        "x-ms-ratelimit-remaining-subscription-reads": "11510",
        "x-ms-request-id": "9951710d-8a3d-4917-83d2-d5793857a953",
        "x-ms-routing-request-id": "SOUTHEASTASIA:20220610T071634Z:d7a2c97e-1ad9-4415-889a-4226ff8c150d"
      },
      "ResponseBody": {
        "nameAvailable": true
      }
    },
    {
      "RequestUri": "https://management.azure.com/subscriptions/db1ab6f0-4769-4b27-930e-01e2ef9c123c/resourceGroups/teststorageRG-7612/providers/Microsoft.Storage/storageAccounts/teststoragemgmt1355?api-version=2021-09-01",
      "RequestMethod": "PUT",
      "RequestHeaders": {
        "Accept": "application/json",
        "Authorization": "Sanitized",
        "Content-Length": "125",
        "Content-Type": "application/json",
        "traceparent": "00-1a01ded1d77face4ded2e7418bd8af22-d0de8a4ec8c10055-00",
        "User-Agent": "azsdk-net-ResourceManager.Storage/1.0.0-alpha.20220610.1 (.NET 6.0.5; Microsoft Windows 10.0.22621)",
        "x-ms-client-request-id": "2edf0beb03078dffccdab1cce4e526d3",
        "x-ms-return-client-request-id": "true"
      },
      "RequestBody": {
        "sku": {
          "name": "Premium_LRS"
        },
        "kind": "Storage",
        "location": "eastus2",
        "tags": {
          "key1": "value1",
          "key2": "value2"
        },
        "properties": {}
      },
      "StatusCode": 202,
      "ResponseHeaders": {
        "Cache-Control": "no-cache",
        "Content-Length": "0",
        "Content-Type": "text/plain; charset=utf-8",
        "Date": "Fri, 10 Jun 2022 07:16:38 GMT",
        "Expires": "-1",
        "Location": "https://management.azure.com/subscriptions/db1ab6f0-4769-4b27-930e-01e2ef9c123c/providers/Microsoft.Storage/locations/eastus2/asyncoperations/036e675f-343b-4980-9d65-bae329b15aa3?monitor=true\u0026api-version=2021-09-01",
        "Pragma": "no-cache",
        "Retry-After": "17",
        "Server": "Microsoft-Azure-Storage-Resource-Provider/1.0,Microsoft-HTTPAPI/2.0 Microsoft-HTTPAPI/2.0",
        "Strict-Transport-Security": "max-age=31536000; includeSubDomains",
        "X-Content-Type-Options": "nosniff",
        "x-ms-client-request-id": "2edf0beb03078dffccdab1cce4e526d3",
        "x-ms-correlation-request-id": "bc07a5ef-4d2a-4d82-83c2-45184703461a",
        "x-ms-ratelimit-remaining-subscription-writes": "1024",
        "x-ms-request-id": "036e675f-343b-4980-9d65-bae329b15aa3",
        "x-ms-routing-request-id": "SOUTHEASTASIA:20220610T071639Z:bc07a5ef-4d2a-4d82-83c2-45184703461a"
      },
      "ResponseBody": null
    },
    {
      "RequestUri": "https://management.azure.com/subscriptions/db1ab6f0-4769-4b27-930e-01e2ef9c123c/providers/Microsoft.Storage/locations/eastus2/asyncoperations/036e675f-343b-4980-9d65-bae329b15aa3?monitor=true\u0026api-version=2021-09-01",
      "RequestMethod": "GET",
      "RequestHeaders": {
        "Authorization": "Sanitized",
        "traceparent": "00-1a01ded1d77face4ded2e7418bd8af22-90de7ced049fb377-00",
        "User-Agent": "azsdk-net-ResourceManager/1.0.0 (.NET 6.0.5; Microsoft Windows 10.0.22621)",
        "x-ms-client-request-id": "702f1fa766855a7600ff52a4a783a050",
        "x-ms-return-client-request-id": "true"
      },
      "RequestBody": null,
      "StatusCode": 202,
      "ResponseHeaders": {
        "Cache-Control": "no-cache",
        "Content-Length": "0",
        "Content-Type": "text/plain; charset=utf-8",
        "Date": "Fri, 10 Jun 2022 07:16:39 GMT",
        "Expires": "-1",
        "Location": "https://management.azure.com/subscriptions/db1ab6f0-4769-4b27-930e-01e2ef9c123c/providers/Microsoft.Storage/locations/eastus2/asyncoperations/036e675f-343b-4980-9d65-bae329b15aa3?monitor=true\u0026api-version=2021-09-01",
        "Pragma": "no-cache",
        "Retry-After": "17",
        "Server": "Microsoft-Azure-Storage-Resource-Provider/1.0,Microsoft-HTTPAPI/2.0 Microsoft-HTTPAPI/2.0",
        "Strict-Transport-Security": "max-age=31536000; includeSubDomains",
        "X-Content-Type-Options": "nosniff",
        "x-ms-client-request-id": "702f1fa766855a7600ff52a4a783a050",
        "x-ms-correlation-request-id": "4789df63-11eb-4115-bd57-9e7b4802ba90",
        "x-ms-ratelimit-remaining-subscription-reads": "11509",
        "x-ms-request-id": "992fd8c1-3192-448a-9597-0229b0e16e09",
        "x-ms-routing-request-id": "SOUTHEASTASIA:20220610T071639Z:4789df63-11eb-4115-bd57-9e7b4802ba90"
      },
      "ResponseBody": null
    },
    {
      "RequestUri": "https://management.azure.com/subscriptions/db1ab6f0-4769-4b27-930e-01e2ef9c123c/providers/Microsoft.Storage/locations/eastus2/asyncoperations/036e675f-343b-4980-9d65-bae329b15aa3?monitor=true\u0026api-version=2021-09-01",
      "RequestMethod": "GET",
      "RequestHeaders": {
        "Authorization": "Sanitized",
        "traceparent": "00-1a01ded1d77face4ded2e7418bd8af22-d0771e76c0496838-00",
        "User-Agent": "azsdk-net-ResourceManager/1.0.0 (.NET 6.0.5; Microsoft Windows 10.0.22621)",
        "x-ms-client-request-id": "eb266212297f70c4f1bc5ca6cca99fd1",
        "x-ms-return-client-request-id": "true"
      },
      "RequestBody": null,
      "StatusCode": 200,
      "ResponseHeaders": {
        "Cache-Control": "no-cache",
        "Content-Length": "1154",
        "Content-Type": "application/json",
        "Date": "Fri, 10 Jun 2022 07:16:56 GMT",
        "Expires": "-1",
        "Pragma": "no-cache",
        "Server": "Microsoft-Azure-Storage-Resource-Provider/1.0,Microsoft-HTTPAPI/2.0 Microsoft-HTTPAPI/2.0",
        "Strict-Transport-Security": "max-age=31536000; includeSubDomains",
        "X-Content-Type-Options": "nosniff",
        "x-ms-client-request-id": "eb266212297f70c4f1bc5ca6cca99fd1",
        "x-ms-correlation-request-id": "08d56409-be0d-4246-974f-8f5e24b23658",
        "x-ms-ratelimit-remaining-subscription-reads": "11508",
        "x-ms-request-id": "e97f4caa-6f93-4b3a-8cc5-19faa1834b98",
        "x-ms-routing-request-id": "SOUTHEASTASIA:20220610T071656Z:08d56409-be0d-4246-974f-8f5e24b23658"
      },
      "ResponseBody": {
        "sku": {
          "name": "Premium_LRS",
          "tier": "Premium"
        },
        "kind": "Storage",
        "id": "/subscriptions/db1ab6f0-4769-4b27-930e-01e2ef9c123c/resourceGroups/teststorageRG-7612/providers/Microsoft.Storage/storageAccounts/teststoragemgmt1355",
        "name": "teststoragemgmt1355",
        "type": "Microsoft.Storage/storageAccounts",
        "location": "eastus2",
        "tags": {
          "key1": "value1",
          "key2": "value2"
        },
        "properties": {
          "keyCreationTime": {
            "key1": "2022-06-10T07:16:37.1370127Z",
            "key2": "2022-06-10T07:16:37.1370127Z"
          },
          "privateEndpointConnections": [],
          "minimumTlsVersion": "TLS1_0",
          "allowBlobPublicAccess": true,
          "networkAcls": {
            "bypass": "AzureServices",
            "virtualNetworkRules": [],
            "ipRules": [],
            "defaultAction": "Allow"
          },
          "supportsHttpsTrafficOnly": true,
          "encryption": {
            "services": {
              "file": {
                "keyType": "Account",
                "enabled": true,
                "lastEnabledTime": "2022-06-10T07:16:37.1370127Z"
              },
              "blob": {
                "keyType": "Account",
                "enabled": true,
                "lastEnabledTime": "2022-06-10T07:16:37.1370127Z"
              }
            },
            "keySource": "Microsoft.Storage"
          },
          "provisioningState": "Succeeded",
          "creationTime": "2022-06-10T07:16:36.9014628Z",
          "primaryEndpoints": {
            "blob": "https://teststoragemgmt1355.blob.core.windows.net/"
          },
          "primaryLocation": "eastus2",
          "statusOfPrimary": "available"
        }
      }
    },
    {
      "RequestUri": "https://management.azure.com/subscriptions/db1ab6f0-4769-4b27-930e-01e2ef9c123c/resourceGroups/teststorageRG-7612/providers/Microsoft.Storage/storageAccounts?api-version=2021-09-01",
      "RequestMethod": "GET",
      "RequestHeaders": {
        "Accept": "application/json",
        "Authorization": "Sanitized",
        "traceparent": "00-9823687b9bbe9e26261952e2b46b1809-d86b9aaf7a12d8c3-00",
        "User-Agent": "azsdk-net-ResourceManager.Storage/1.0.0-alpha.20220610.1 (.NET 6.0.5; Microsoft Windows 10.0.22621)",
        "x-ms-client-request-id": "c425bf9db6b6714e1e73431127757a4f",
        "x-ms-return-client-request-id": "true"
      },
      "RequestBody": null,
      "StatusCode": 200,
      "ResponseHeaders": {
        "Cache-Control": "no-cache",
        "Content-Length": "1166",
        "Content-Type": "application/json",
        "Date": "Fri, 10 Jun 2022 07:16:56 GMT",
        "Expires": "-1",
        "Pragma": "no-cache",
        "Server": "Microsoft-Azure-Storage-Resource-Provider/1.0,Microsoft-HTTPAPI/2.0 Microsoft-HTTPAPI/2.0",
        "Strict-Transport-Security": "max-age=31536000; includeSubDomains",
        "X-Content-Type-Options": "nosniff",
        "x-ms-client-request-id": "c425bf9db6b6714e1e73431127757a4f",
        "x-ms-correlation-request-id": "82447efd-f6fb-49d6-a463-a354b33abe08",
        "x-ms-ratelimit-remaining-subscription-reads": "11507",
        "x-ms-request-id": "dc228b95-17cc-4f21-9b40-27a06201820d",
        "x-ms-routing-request-id": "SOUTHEASTASIA:20220610T071657Z:82447efd-f6fb-49d6-a463-a354b33abe08"
      },
      "ResponseBody": {
        "value": [
          {
            "sku": {
              "name": "Premium_LRS",
              "tier": "Premium"
            },
            "kind": "Storage",
            "id": "/subscriptions/db1ab6f0-4769-4b27-930e-01e2ef9c123c/resourceGroups/teststorageRG-7612/providers/Microsoft.Storage/storageAccounts/teststoragemgmt1355",
            "name": "teststoragemgmt1355",
            "type": "Microsoft.Storage/storageAccounts",
            "location": "eastus2",
            "tags": {
              "key1": "value1",
              "key2": "value2"
            },
            "properties": {
              "keyCreationTime": {
                "key1": "2022-06-10T07:16:37.1370127Z",
                "key2": "2022-06-10T07:16:37.1370127Z"
              },
              "privateEndpointConnections": [],
              "minimumTlsVersion": "TLS1_0",
              "allowBlobPublicAccess": true,
              "networkAcls": {
                "bypass": "AzureServices",
                "virtualNetworkRules": [],
                "ipRules": [],
                "defaultAction": "Allow"
              },
              "supportsHttpsTrafficOnly": true,
              "encryption": {
                "services": {
                  "file": {
                    "keyType": "Account",
                    "enabled": true,
                    "lastEnabledTime": "2022-06-10T07:16:37.1370127Z"
                  },
                  "blob": {
                    "keyType": "Account",
                    "enabled": true,
                    "lastEnabledTime": "2022-06-10T07:16:37.1370127Z"
                  }
                },
                "keySource": "Microsoft.Storage"
              },
              "provisioningState": "Succeeded",
              "creationTime": "2022-06-10T07:16:36.9014628Z",
              "primaryEndpoints": {
                "blob": "https://teststoragemgmt1355.blob.core.windows.net/"
              },
              "primaryLocation": "eastus2",
              "statusOfPrimary": "available"
            }
          }
        ]
      }
    },
    {
      "RequestUri": "https://management.azure.com/subscriptions/db1ab6f0-4769-4b27-930e-01e2ef9c123c/resourceGroups/teststorageRG-7612/providers/Microsoft.Storage/storageAccounts/teststoragemgmt1355?api-version=2021-09-01",
      "RequestMethod": "DELETE",
      "RequestHeaders": {
        "Authorization": "Sanitized",
        "traceparent": "00-f06155ae253f05a2a1c1037c7de55d72-fdcb6ae75bf02049-00",
        "User-Agent": "azsdk-net-ResourceManager.Storage/1.0.0-alpha.20220610.1 (.NET 6.0.5; Microsoft Windows 10.0.22621)",
        "x-ms-client-request-id": "8b43e6c050d47d715abe7ec809d08e57",
        "x-ms-return-client-request-id": "true"
      },
      "RequestBody": null,
      "StatusCode": 200,
      "ResponseHeaders": {
        "Cache-Control": "no-cache",
        "Content-Length": "0",
        "Content-Type": "text/plain; charset=utf-8",
        "Date": "Fri, 10 Jun 2022 07:17:02 GMT",
        "Expires": "-1",
        "Pragma": "no-cache",
        "Server": "Microsoft-Azure-Storage-Resource-Provider/1.0,Microsoft-HTTPAPI/2.0 Microsoft-HTTPAPI/2.0",
        "Strict-Transport-Security": "max-age=31536000; includeSubDomains",
        "X-Content-Type-Options": "nosniff",
        "x-ms-client-request-id": "8b43e6c050d47d715abe7ec809d08e57",
        "x-ms-correlation-request-id": "9790c944-b28c-40c8-8d16-09e9dbe57550",
        "x-ms-ratelimit-remaining-subscription-deletes": "14934",
        "x-ms-request-id": "95932ed8-b8c1-43e8-bd56-00c701780b28",
        "x-ms-routing-request-id": "SOUTHEASTASIA:20220610T071702Z:9790c944-b28c-40c8-8d16-09e9dbe57550"
      },
      "ResponseBody": null
    }
  ],
  "Variables": {
    "RandomSeed": "1323966719",
    "RESOURCE_MANAGER_URL": null,
    "SUBSCRIPTION_ID": "db1ab6f0-4769-4b27-930e-01e2ef9c123c"
  }
}
