{
  "Entries": [
    {
      "RequestUri": "https://management.azure.com/subscriptions/db1ab6f0-4769-4b27-930e-01e2ef9c123c?api-version=2019-11-01",
      "RequestMethod": "GET",
      "RequestHeaders": {
        "Accept": "application/json",
        "Authorization": "Sanitized",
        "User-Agent": [
          "azsdk-net-ResourceManager/1.0.0-beta.3",
          "(.NET Core 3.1.18; Microsoft Windows 10.0.19043)"
        ],
        "x-ms-client-request-id": "9ee2806bb9e5fd8bafb4a3eaa8fef9dd",
        "x-ms-return-client-request-id": "true"
      },
      "RequestBody": null,
      "StatusCode": 200,
      "ResponseHeaders": {
        "Cache-Control": "no-cache",
        "Content-Length": "468",
        "Content-Type": "application/json; charset=utf-8",
        "Date": "Mon, 13 Sep 2021 09:21:27 GMT",
        "Expires": "-1",
        "Pragma": "no-cache",
        "Strict-Transport-Security": "max-age=31536000; includeSubDomains",
        "X-Content-Type-Options": "nosniff",
        "x-ms-correlation-request-id": "3fce6ff7-9c6e-4a8a-b549-50dbd0b30b02",
        "x-ms-ratelimit-remaining-subscription-reads": "11997",
        "x-ms-request-id": "3fce6ff7-9c6e-4a8a-b549-50dbd0b30b02",
        "x-ms-routing-request-id": "SOUTHEASTASIA:20210913T092127Z:3fce6ff7-9c6e-4a8a-b549-50dbd0b30b02"
      },
      "ResponseBody": {
        "id": "/subscriptions/db1ab6f0-4769-4b27-930e-01e2ef9c123c",
        "authorizationSource": "RoleBased",
        "managedByTenants": [],
        "tags": {
          "tagKey1": "tagValue1",
          "tagKey2": "tagValue2"
        },
        "subscriptionId": "db1ab6f0-4769-4b27-930e-01e2ef9c123c",
        "tenantId": "72f988bf-86f1-41af-91ab-2d7cd011db47",
        "displayName": ".NET Mgmt SDK Test with TTL = 1 Day",
        "state": "Enabled",
        "subscriptionPolicies": {
          "locationPlacementId": "Internal_2014-09-01",
          "quotaId": "Internal_2014-09-01",
          "spendingLimit": "Off"
        }
      }
    },
    {
      "RequestUri": "https://management.azure.com/subscriptions/db1ab6f0-4769-4b27-930e-01e2ef9c123c/providers/Microsoft.Storage/checkNameAvailability?api-version=2021-04-01",
      "RequestMethod": "POST",
      "RequestHeaders": {
        "Accept": "application/json",
        "Authorization": "Sanitized",
        "Content-Length": "65",
        "Content-Type": "application/json",
        "User-Agent": [
          "azsdk-net-ResourceManager.Storage/1.0.0-alpha.20210913.1",
          "(.NET Core 3.1.18; Microsoft Windows 10.0.19043)"
        ],
        "x-ms-client-request-id": "4c82421ab7ba5d60d793f0718cfe2feb",
        "x-ms-return-client-request-id": "true"
      },
      "RequestBody": {
        "name": "storage9278",
        "type": "Microsoft.Storage/storageAccounts"
      },
      "StatusCode": 200,
      "ResponseHeaders": {
        "Cache-Control": "no-cache",
        "Content-Length": "22",
        "Content-Type": "application/json",
        "Date": "Mon, 13 Sep 2021 09:21:28 GMT",
        "Expires": "-1",
        "Pragma": "no-cache",
        "Server": "Microsoft-Azure-Storage-Resource-Provider/1.0,Microsoft-HTTPAPI/2.0 Microsoft-HTTPAPI/2.0",
        "Strict-Transport-Security": "max-age=31536000; includeSubDomains",
        "X-Content-Type-Options": "nosniff",
        "x-ms-client-request-id": "4c82421ab7ba5d60d793f0718cfe2feb",
        "x-ms-correlation-request-id": "4a7adcb8-3a62-49fa-907f-01a859c833a9",
        "x-ms-ratelimit-remaining-subscription-reads": "11996",
        "x-ms-request-id": "22218a55-3364-486c-a0b2-0c09adb13363",
        "x-ms-routing-request-id": "SOUTHEASTASIA:20210913T092128Z:4a7adcb8-3a62-49fa-907f-01a859c833a9"
      },
      "ResponseBody": {
        "nameAvailable": true
      }
    },
    {
      "RequestUri": "https://management.azure.com/subscriptions/db1ab6f0-4769-4b27-930e-01e2ef9c123c/resourcegroups/teststorageRG-7681?api-version=2019-10-01",
      "RequestMethod": "PUT",
      "RequestHeaders": {
        "Accept": "application/json",
        "Authorization": "Sanitized",
        "Content-Length": "44",
        "Content-Type": "application/json",
        "traceparent": "00-a944c553c676ec4a9164d438af64bfb0-883ee75ebc9d724e-00",
        "User-Agent": [
          "azsdk-net-ResourceManager/1.0.0-beta.3",
          "(.NET Core 3.1.18; Microsoft Windows 10.0.19043)"
        ],
        "x-ms-client-request-id": "21f79e0c54615545ebfbf43efdaffd68",
        "x-ms-return-client-request-id": "true"
      },
      "RequestBody": {
        "location": "eastus2",
        "tags": {
          "test": "env"
        }
      },
      "StatusCode": 201,
      "ResponseHeaders": {
        "Cache-Control": "no-cache",
        "Content-Length": "256",
        "Content-Type": "application/json; charset=utf-8",
        "Date": "Mon, 13 Sep 2021 09:21:28 GMT",
        "Expires": "-1",
        "Pragma": "no-cache",
        "Strict-Transport-Security": "max-age=31536000; includeSubDomains",
        "X-Content-Type-Options": "nosniff",
        "x-ms-correlation-request-id": "ece49056-056f-46a1-b0b2-e752d682945f",
        "x-ms-ratelimit-remaining-subscription-writes": "1199",
        "x-ms-request-id": "ece49056-056f-46a1-b0b2-e752d682945f",
        "x-ms-routing-request-id": "SOUTHEASTASIA:20210913T092129Z:ece49056-056f-46a1-b0b2-e752d682945f"
      },
      "ResponseBody": {
        "id": "/subscriptions/db1ab6f0-4769-4b27-930e-01e2ef9c123c/resourceGroups/teststorageRG-7681",
        "name": "teststorageRG-7681",
        "type": "Microsoft.Resources/resourceGroups",
        "location": "eastus2",
        "tags": {
          "test": "env"
        },
        "properties": {
          "provisioningState": "Succeeded"
        }
      }
    },
    {
      "RequestUri": "https://management.azure.com/subscriptions/db1ab6f0-4769-4b27-930e-01e2ef9c123c/resourceGroups/teststorageRG-7681/providers/Microsoft.Storage/storageAccounts/storage9278?api-version=2021-04-01",
      "RequestMethod": "PUT",
      "RequestHeaders": {
        "Accept": "application/json",
        "Authorization": "Sanitized",
        "Content-Length": "148",
        "Content-Type": "application/json",
        "User-Agent": [
          "azsdk-net-ResourceManager.Storage/1.0.0-alpha.20210913.1",
          "(.NET Core 3.1.18; Microsoft Windows 10.0.19043)"
        ],
        "x-ms-client-request-id": "49b2af8fb1d882c9410e269a8c23b673",
        "x-ms-return-client-request-id": "true"
      },
      "RequestBody": {
        "sku": {
          "name": "Standard_GRS"
        },
        "kind": "BlobStorage",
        "location": "eastus2",
        "tags": {
          "key1": "value1",
          "key2": "value2"
        },
        "properties": {
          "accessTier": "Hot"
        }
      },
      "StatusCode": 202,
      "ResponseHeaders": {
        "Cache-Control": "no-cache",
        "Content-Length": "0",
        "Content-Type": "text/plain; charset=utf-8",
        "Date": "Mon, 13 Sep 2021 09:21:34 GMT",
        "Expires": "-1",
        "Location": "https://management.azure.com/subscriptions/db1ab6f0-4769-4b27-930e-01e2ef9c123c/providers/Microsoft.Storage/locations/eastus2/asyncoperations/4b01c1d5-2e9d-4c25-a5d1-082984138a62?monitor=true\u0026api-version=2021-04-01",
        "Pragma": "no-cache",
        "Retry-After": "17",
        "Server": "Microsoft-Azure-Storage-Resource-Provider/1.0,Microsoft-HTTPAPI/2.0 Microsoft-HTTPAPI/2.0",
        "Strict-Transport-Security": "max-age=31536000; includeSubDomains",
        "X-Content-Type-Options": "nosniff",
        "x-ms-client-request-id": "49b2af8fb1d882c9410e269a8c23b673",
        "x-ms-correlation-request-id": "2efc7e0a-72d0-444a-a934-ac1fe66ee918",
        "x-ms-ratelimit-remaining-subscription-writes": "1198",
        "x-ms-request-id": "4b01c1d5-2e9d-4c25-a5d1-082984138a62",
        "x-ms-routing-request-id": "SOUTHEASTASIA:20210913T092135Z:2efc7e0a-72d0-444a-a934-ac1fe66ee918"
      },
      "ResponseBody": []
    },
    {
      "RequestUri": "https://management.azure.com/subscriptions/db1ab6f0-4769-4b27-930e-01e2ef9c123c/providers/Microsoft.Storage/locations/eastus2/asyncoperations/4b01c1d5-2e9d-4c25-a5d1-082984138a62?monitor=true\u0026api-version=2021-04-01",
      "RequestMethod": "GET",
      "RequestHeaders": {
        "Authorization": "Sanitized",
        "User-Agent": [
          "azsdk-net-ResourceManager/1.0.0-beta.3",
          "(.NET Core 3.1.18; Microsoft Windows 10.0.19043)"
        ],
        "x-ms-client-request-id": "4efd09f3a27d5b74d575e0532daac8c8",
        "x-ms-return-client-request-id": "true"
      },
      "RequestBody": null,
      "StatusCode": 202,
      "ResponseHeaders": {
        "Cache-Control": "no-cache",
        "Content-Length": "0",
        "Content-Type": "text/plain; charset=utf-8",
        "Date": "Mon, 13 Sep 2021 09:21:35 GMT",
        "Expires": "-1",
        "Location": "https://management.azure.com/subscriptions/db1ab6f0-4769-4b27-930e-01e2ef9c123c/providers/Microsoft.Storage/locations/eastus2/asyncoperations/4b01c1d5-2e9d-4c25-a5d1-082984138a62?monitor=true\u0026api-version=2021-04-01",
        "Pragma": "no-cache",
        "Retry-After": "17",
        "Server": "Microsoft-Azure-Storage-Resource-Provider/1.0,Microsoft-HTTPAPI/2.0 Microsoft-HTTPAPI/2.0",
        "Strict-Transport-Security": "max-age=31536000; includeSubDomains",
        "X-Content-Type-Options": "nosniff",
        "x-ms-client-request-id": "4efd09f3a27d5b74d575e0532daac8c8",
        "x-ms-correlation-request-id": "5dc98de2-906e-459d-8287-ea68db92c554",
        "x-ms-ratelimit-remaining-subscription-reads": "11995",
        "x-ms-request-id": "2e7ec7a0-9804-477e-8521-4c4c9c9f881d",
        "x-ms-routing-request-id": "SOUTHEASTASIA:20210913T092135Z:5dc98de2-906e-459d-8287-ea68db92c554"
      },
      "ResponseBody": []
    },
    {
      "RequestUri": "https://management.azure.com/subscriptions/db1ab6f0-4769-4b27-930e-01e2ef9c123c/providers/Microsoft.Storage/locations/eastus2/asyncoperations/4b01c1d5-2e9d-4c25-a5d1-082984138a62?monitor=true\u0026api-version=2021-04-01",
      "RequestMethod": "GET",
      "RequestHeaders": {
        "Authorization": "Sanitized",
        "User-Agent": [
          "azsdk-net-ResourceManager/1.0.0-beta.3",
          "(.NET Core 3.1.18; Microsoft Windows 10.0.19043)"
        ],
        "x-ms-client-request-id": "a23e8145a2be0a82f6c40be0e20d1621",
        "x-ms-return-client-request-id": "true"
      },
      "RequestBody": null,
      "StatusCode": 202,
      "ResponseHeaders": {
        "Cache-Control": "no-cache",
        "Content-Length": "0",
        "Content-Type": "text/plain; charset=utf-8",
        "Date": "Mon, 13 Sep 2021 09:21:36 GMT",
        "Expires": "-1",
        "Location": "https://management.azure.com/subscriptions/db1ab6f0-4769-4b27-930e-01e2ef9c123c/providers/Microsoft.Storage/locations/eastus2/asyncoperations/4b01c1d5-2e9d-4c25-a5d1-082984138a62?monitor=true\u0026api-version=2021-04-01",
        "Pragma": "no-cache",
        "Retry-After": "17",
        "Server": "Microsoft-Azure-Storage-Resource-Provider/1.0,Microsoft-HTTPAPI/2.0 Microsoft-HTTPAPI/2.0",
        "Strict-Transport-Security": "max-age=31536000; includeSubDomains",
        "X-Content-Type-Options": "nosniff",
        "x-ms-client-request-id": "a23e8145a2be0a82f6c40be0e20d1621",
        "x-ms-correlation-request-id": "319be91a-1b24-4830-8310-c9acdc0263cf",
        "x-ms-ratelimit-remaining-subscription-reads": "11994",
        "x-ms-request-id": "876cb088-29ba-494e-b238-ef8270380c07",
        "x-ms-routing-request-id": "SOUTHEASTASIA:20210913T092137Z:319be91a-1b24-4830-8310-c9acdc0263cf"
      },
      "ResponseBody": []
    },
    {
      "RequestUri": "https://management.azure.com/subscriptions/db1ab6f0-4769-4b27-930e-01e2ef9c123c/providers/Microsoft.Storage/locations/eastus2/asyncoperations/4b01c1d5-2e9d-4c25-a5d1-082984138a62?monitor=true\u0026api-version=2021-04-01",
      "RequestMethod": "GET",
      "RequestHeaders": {
        "Authorization": "Sanitized",
        "User-Agent": [
          "azsdk-net-ResourceManager/1.0.0-beta.3",
          "(.NET Core 3.1.18; Microsoft Windows 10.0.19043)"
        ],
        "x-ms-client-request-id": "83a7423467255df5e6958570a365c093",
        "x-ms-return-client-request-id": "true"
      },
      "RequestBody": null,
      "StatusCode": 202,
      "ResponseHeaders": {
        "Cache-Control": "no-cache",
        "Content-Length": "0",
        "Content-Type": "text/plain; charset=utf-8",
        "Date": "Mon, 13 Sep 2021 09:21:37 GMT",
        "Expires": "-1",
        "Location": "https://management.azure.com/subscriptions/db1ab6f0-4769-4b27-930e-01e2ef9c123c/providers/Microsoft.Storage/locations/eastus2/asyncoperations/4b01c1d5-2e9d-4c25-a5d1-082984138a62?monitor=true\u0026api-version=2021-04-01",
        "Pragma": "no-cache",
        "Retry-After": "17",
        "Server": "Microsoft-Azure-Storage-Resource-Provider/1.0,Microsoft-HTTPAPI/2.0 Microsoft-HTTPAPI/2.0",
        "Strict-Transport-Security": "max-age=31536000; includeSubDomains",
        "X-Content-Type-Options": "nosniff",
        "x-ms-client-request-id": "83a7423467255df5e6958570a365c093",
        "x-ms-correlation-request-id": "988c6069-e697-48ba-a1d1-4aeeb71298f0",
        "x-ms-ratelimit-remaining-subscription-reads": "11993",
        "x-ms-request-id": "7069c9ca-9ffd-48f6-9813-49a3488814f8",
        "x-ms-routing-request-id": "SOUTHEASTASIA:20210913T092138Z:988c6069-e697-48ba-a1d1-4aeeb71298f0"
      },
      "ResponseBody": []
    },
    {
      "RequestUri": "https://management.azure.com/subscriptions/db1ab6f0-4769-4b27-930e-01e2ef9c123c/providers/Microsoft.Storage/locations/eastus2/asyncoperations/4b01c1d5-2e9d-4c25-a5d1-082984138a62?monitor=true\u0026api-version=2021-04-01",
      "RequestMethod": "GET",
      "RequestHeaders": {
        "Authorization": "Sanitized",
        "User-Agent": [
          "azsdk-net-ResourceManager/1.0.0-beta.3",
          "(.NET Core 3.1.18; Microsoft Windows 10.0.19043)"
        ],
        "x-ms-client-request-id": "eb76062f37e0512587f258b9969379c7",
        "x-ms-return-client-request-id": "true"
      },
      "RequestBody": null,
      "StatusCode": 202,
      "ResponseHeaders": {
        "Cache-Control": "no-cache",
        "Content-Length": "0",
        "Content-Type": "text/plain; charset=utf-8",
        "Date": "Mon, 13 Sep 2021 09:21:39 GMT",
        "Expires": "-1",
        "Location": "https://management.azure.com/subscriptions/db1ab6f0-4769-4b27-930e-01e2ef9c123c/providers/Microsoft.Storage/locations/eastus2/asyncoperations/4b01c1d5-2e9d-4c25-a5d1-082984138a62?monitor=true\u0026api-version=2021-04-01",
        "Pragma": "no-cache",
        "Retry-After": "17",
        "Server": "Microsoft-Azure-Storage-Resource-Provider/1.0,Microsoft-HTTPAPI/2.0 Microsoft-HTTPAPI/2.0",
        "Strict-Transport-Security": "max-age=31536000; includeSubDomains",
        "X-Content-Type-Options": "nosniff",
        "x-ms-client-request-id": "eb76062f37e0512587f258b9969379c7",
        "x-ms-correlation-request-id": "e2b32a7d-fbef-4181-bc52-be6f0a14cd68",
        "x-ms-ratelimit-remaining-subscription-reads": "11992",
        "x-ms-request-id": "4dd4220f-1354-4f9e-9531-79b4ed311343",
        "x-ms-routing-request-id": "SOUTHEASTASIA:20210913T092139Z:e2b32a7d-fbef-4181-bc52-be6f0a14cd68"
      },
      "ResponseBody": []
    },
    {
      "RequestUri": "https://management.azure.com/subscriptions/db1ab6f0-4769-4b27-930e-01e2ef9c123c/providers/Microsoft.Storage/locations/eastus2/asyncoperations/4b01c1d5-2e9d-4c25-a5d1-082984138a62?monitor=true\u0026api-version=2021-04-01",
      "RequestMethod": "GET",
      "RequestHeaders": {
        "Authorization": "Sanitized",
        "User-Agent": [
          "azsdk-net-ResourceManager/1.0.0-beta.3",
          "(.NET Core 3.1.18; Microsoft Windows 10.0.19043)"
        ],
        "x-ms-client-request-id": "ea1fbe5f4503dea28be1bb281c116791",
        "x-ms-return-client-request-id": "true"
      },
      "RequestBody": null,
      "StatusCode": 202,
      "ResponseHeaders": {
        "Cache-Control": "no-cache",
        "Content-Length": "0",
        "Content-Type": "text/plain; charset=utf-8",
        "Date": "Mon, 13 Sep 2021 09:21:40 GMT",
        "Expires": "-1",
        "Location": "https://management.azure.com/subscriptions/db1ab6f0-4769-4b27-930e-01e2ef9c123c/providers/Microsoft.Storage/locations/eastus2/asyncoperations/4b01c1d5-2e9d-4c25-a5d1-082984138a62?monitor=true\u0026api-version=2021-04-01",
        "Pragma": "no-cache",
        "Retry-After": "17",
        "Server": "Microsoft-Azure-Storage-Resource-Provider/1.0,Microsoft-HTTPAPI/2.0 Microsoft-HTTPAPI/2.0",
        "Strict-Transport-Security": "max-age=31536000; includeSubDomains",
        "X-Content-Type-Options": "nosniff",
        "x-ms-client-request-id": "ea1fbe5f4503dea28be1bb281c116791",
        "x-ms-correlation-request-id": "626c126e-fe93-4a6f-991c-3e1f79b3ca54",
        "x-ms-ratelimit-remaining-subscription-reads": "11991",
        "x-ms-request-id": "33201961-a673-445b-b201-74902a255c56",
        "x-ms-routing-request-id": "SOUTHEASTASIA:20210913T092141Z:626c126e-fe93-4a6f-991c-3e1f79b3ca54"
      },
      "ResponseBody": []
    },
    {
      "RequestUri": "https://management.azure.com/subscriptions/db1ab6f0-4769-4b27-930e-01e2ef9c123c/providers/Microsoft.Storage/locations/eastus2/asyncoperations/4b01c1d5-2e9d-4c25-a5d1-082984138a62?monitor=true\u0026api-version=2021-04-01",
      "RequestMethod": "GET",
      "RequestHeaders": {
        "Authorization": "Sanitized",
        "User-Agent": [
          "azsdk-net-ResourceManager/1.0.0-beta.3",
          "(.NET Core 3.1.18; Microsoft Windows 10.0.19043)"
        ],
        "x-ms-client-request-id": "dbb178032b97fc401d55fb320f3cc752",
        "x-ms-return-client-request-id": "true"
      },
      "RequestBody": null,
      "StatusCode": 202,
      "ResponseHeaders": {
        "Cache-Control": "no-cache",
        "Content-Length": "0",
        "Content-Type": "text/plain; charset=utf-8",
        "Date": "Mon, 13 Sep 2021 09:21:41 GMT",
        "Expires": "-1",
        "Location": "https://management.azure.com/subscriptions/db1ab6f0-4769-4b27-930e-01e2ef9c123c/providers/Microsoft.Storage/locations/eastus2/asyncoperations/4b01c1d5-2e9d-4c25-a5d1-082984138a62?monitor=true\u0026api-version=2021-04-01",
        "Pragma": "no-cache",
        "Retry-After": "17",
        "Server": "Microsoft-Azure-Storage-Resource-Provider/1.0,Microsoft-HTTPAPI/2.0 Microsoft-HTTPAPI/2.0",
        "Strict-Transport-Security": "max-age=31536000; includeSubDomains",
        "X-Content-Type-Options": "nosniff",
        "x-ms-client-request-id": "dbb178032b97fc401d55fb320f3cc752",
        "x-ms-correlation-request-id": "9624a753-a631-410f-9b90-bb6b4e844905",
        "x-ms-ratelimit-remaining-subscription-reads": "11990",
        "x-ms-request-id": "4057b25f-cf49-4292-89d7-b04ccce97044",
        "x-ms-routing-request-id": "SOUTHEASTASIA:20210913T092142Z:9624a753-a631-410f-9b90-bb6b4e844905"
      },
      "ResponseBody": []
    },
    {
      "RequestUri": "https://management.azure.com/subscriptions/db1ab6f0-4769-4b27-930e-01e2ef9c123c/providers/Microsoft.Storage/locations/eastus2/asyncoperations/4b01c1d5-2e9d-4c25-a5d1-082984138a62?monitor=true\u0026api-version=2021-04-01",
      "RequestMethod": "GET",
      "RequestHeaders": {
        "Authorization": "Sanitized",
        "User-Agent": [
          "azsdk-net-ResourceManager/1.0.0-beta.3",
          "(.NET Core 3.1.18; Microsoft Windows 10.0.19043)"
        ],
        "x-ms-client-request-id": "e411be1cd646e98f639860ff7bfd3575",
        "x-ms-return-client-request-id": "true"
      },
      "RequestBody": null,
      "StatusCode": 202,
      "ResponseHeaders": {
        "Cache-Control": "no-cache",
        "Content-Length": "0",
        "Content-Type": "text/plain; charset=utf-8",
        "Date": "Mon, 13 Sep 2021 09:21:42 GMT",
        "Expires": "-1",
        "Location": "https://management.azure.com/subscriptions/db1ab6f0-4769-4b27-930e-01e2ef9c123c/providers/Microsoft.Storage/locations/eastus2/asyncoperations/4b01c1d5-2e9d-4c25-a5d1-082984138a62?monitor=true\u0026api-version=2021-04-01",
        "Pragma": "no-cache",
        "Retry-After": "17",
        "Server": "Microsoft-Azure-Storage-Resource-Provider/1.0,Microsoft-HTTPAPI/2.0 Microsoft-HTTPAPI/2.0",
        "Strict-Transport-Security": "max-age=31536000; includeSubDomains",
        "X-Content-Type-Options": "nosniff",
        "x-ms-client-request-id": "e411be1cd646e98f639860ff7bfd3575",
        "x-ms-correlation-request-id": "b6298347-914f-45d8-beb5-9d1ee43ffa86",
        "x-ms-ratelimit-remaining-subscription-reads": "11989",
        "x-ms-request-id": "aebf0f5e-2862-4720-8d2a-0fd603c16abf",
        "x-ms-routing-request-id": "SOUTHEASTASIA:20210913T092143Z:b6298347-914f-45d8-beb5-9d1ee43ffa86"
      },
      "ResponseBody": []
    },
    {
      "RequestUri": "https://management.azure.com/subscriptions/db1ab6f0-4769-4b27-930e-01e2ef9c123c/providers/Microsoft.Storage/locations/eastus2/asyncoperations/4b01c1d5-2e9d-4c25-a5d1-082984138a62?monitor=true\u0026api-version=2021-04-01",
      "RequestMethod": "GET",
      "RequestHeaders": {
        "Authorization": "Sanitized",
        "User-Agent": [
          "azsdk-net-ResourceManager/1.0.0-beta.3",
          "(.NET Core 3.1.18; Microsoft Windows 10.0.19043)"
        ],
        "x-ms-client-request-id": "1db5c68b9de2342f7d22cdad4970ce4e",
        "x-ms-return-client-request-id": "true"
      },
      "RequestBody": null,
      "StatusCode": 202,
      "ResponseHeaders": {
        "Cache-Control": "no-cache",
        "Content-Length": "0",
        "Content-Type": "text/plain; charset=utf-8",
        "Date": "Mon, 13 Sep 2021 09:21:44 GMT",
        "Expires": "-1",
        "Location": "https://management.azure.com/subscriptions/db1ab6f0-4769-4b27-930e-01e2ef9c123c/providers/Microsoft.Storage/locations/eastus2/asyncoperations/4b01c1d5-2e9d-4c25-a5d1-082984138a62?monitor=true\u0026api-version=2021-04-01",
        "Pragma": "no-cache",
        "Retry-After": "17",
        "Server": "Microsoft-Azure-Storage-Resource-Provider/1.0,Microsoft-HTTPAPI/2.0 Microsoft-HTTPAPI/2.0",
        "Strict-Transport-Security": "max-age=31536000; includeSubDomains",
        "X-Content-Type-Options": "nosniff",
        "x-ms-client-request-id": "1db5c68b9de2342f7d22cdad4970ce4e",
        "x-ms-correlation-request-id": "e5f148db-eb8e-4b63-aca6-e228d04adea0",
        "x-ms-ratelimit-remaining-subscription-reads": "11988",
        "x-ms-request-id": "2d43d7f4-4185-4d2a-b433-932e2c42c634",
        "x-ms-routing-request-id": "SOUTHEASTASIA:20210913T092145Z:e5f148db-eb8e-4b63-aca6-e228d04adea0"
      },
      "ResponseBody": []
    },
    {
      "RequestUri": "https://management.azure.com/subscriptions/db1ab6f0-4769-4b27-930e-01e2ef9c123c/providers/Microsoft.Storage/locations/eastus2/asyncoperations/4b01c1d5-2e9d-4c25-a5d1-082984138a62?monitor=true\u0026api-version=2021-04-01",
      "RequestMethod": "GET",
      "RequestHeaders": {
        "Authorization": "Sanitized",
        "User-Agent": [
          "azsdk-net-ResourceManager/1.0.0-beta.3",
          "(.NET Core 3.1.18; Microsoft Windows 10.0.19043)"
        ],
        "x-ms-client-request-id": "5d0b681a82002d4be8c778ffcb41801f",
        "x-ms-return-client-request-id": "true"
      },
      "RequestBody": null,
      "StatusCode": 202,
      "ResponseHeaders": {
        "Cache-Control": "no-cache",
        "Content-Length": "0",
        "Content-Type": "text/plain; charset=utf-8",
        "Date": "Mon, 13 Sep 2021 09:21:45 GMT",
        "Expires": "-1",
        "Location": "https://management.azure.com/subscriptions/db1ab6f0-4769-4b27-930e-01e2ef9c123c/providers/Microsoft.Storage/locations/eastus2/asyncoperations/4b01c1d5-2e9d-4c25-a5d1-082984138a62?monitor=true\u0026api-version=2021-04-01",
        "Pragma": "no-cache",
        "Retry-After": "17",
        "Server": "Microsoft-Azure-Storage-Resource-Provider/1.0,Microsoft-HTTPAPI/2.0 Microsoft-HTTPAPI/2.0",
        "Strict-Transport-Security": "max-age=31536000; includeSubDomains",
        "X-Content-Type-Options": "nosniff",
        "x-ms-client-request-id": "5d0b681a82002d4be8c778ffcb41801f",
        "x-ms-correlation-request-id": "40b8a367-069c-4b9d-9e12-9cc2954474ba",
        "x-ms-ratelimit-remaining-subscription-reads": "11987",
        "x-ms-request-id": "307d7776-4834-4bbb-b52f-23e2eafac742",
        "x-ms-routing-request-id": "SOUTHEASTASIA:20210913T092146Z:40b8a367-069c-4b9d-9e12-9cc2954474ba"
      },
      "ResponseBody": []
    },
    {
      "RequestUri": "https://management.azure.com/subscriptions/db1ab6f0-4769-4b27-930e-01e2ef9c123c/providers/Microsoft.Storage/locations/eastus2/asyncoperations/4b01c1d5-2e9d-4c25-a5d1-082984138a62?monitor=true\u0026api-version=2021-04-01",
      "RequestMethod": "GET",
      "RequestHeaders": {
        "Authorization": "Sanitized",
        "User-Agent": [
          "azsdk-net-ResourceManager/1.0.0-beta.3",
          "(.NET Core 3.1.18; Microsoft Windows 10.0.19043)"
        ],
        "x-ms-client-request-id": "48a78620a9867f708edd672309e2a0f2",
        "x-ms-return-client-request-id": "true"
      },
      "RequestBody": null,
      "StatusCode": 202,
      "ResponseHeaders": {
        "Cache-Control": "no-cache",
        "Content-Length": "0",
        "Content-Type": "text/plain; charset=utf-8",
        "Date": "Mon, 13 Sep 2021 09:21:46 GMT",
        "Expires": "-1",
        "Location": "https://management.azure.com/subscriptions/db1ab6f0-4769-4b27-930e-01e2ef9c123c/providers/Microsoft.Storage/locations/eastus2/asyncoperations/4b01c1d5-2e9d-4c25-a5d1-082984138a62?monitor=true\u0026api-version=2021-04-01",
        "Pragma": "no-cache",
        "Retry-After": "17",
        "Server": "Microsoft-Azure-Storage-Resource-Provider/1.0,Microsoft-HTTPAPI/2.0 Microsoft-HTTPAPI/2.0",
        "Strict-Transport-Security": "max-age=31536000; includeSubDomains",
        "X-Content-Type-Options": "nosniff",
        "x-ms-client-request-id": "48a78620a9867f708edd672309e2a0f2",
        "x-ms-correlation-request-id": "62dc4615-9aac-4569-b161-9e6bf48fe7b6",
        "x-ms-ratelimit-remaining-subscription-reads": "11986",
        "x-ms-request-id": "58eb9733-0f02-44cc-891b-8cf3bdf7ff48",
        "x-ms-routing-request-id": "SOUTHEASTASIA:20210913T092147Z:62dc4615-9aac-4569-b161-9e6bf48fe7b6"
      },
      "ResponseBody": []
    },
    {
      "RequestUri": "https://management.azure.com/subscriptions/db1ab6f0-4769-4b27-930e-01e2ef9c123c/providers/Microsoft.Storage/locations/eastus2/asyncoperations/4b01c1d5-2e9d-4c25-a5d1-082984138a62?monitor=true\u0026api-version=2021-04-01",
      "RequestMethod": "GET",
      "RequestHeaders": {
        "Authorization": "Sanitized",
        "User-Agent": [
          "azsdk-net-ResourceManager/1.0.0-beta.3",
          "(.NET Core 3.1.18; Microsoft Windows 10.0.19043)"
        ],
        "x-ms-client-request-id": "13e411c9d7f209757b88341a2430693c",
        "x-ms-return-client-request-id": "true"
      },
      "RequestBody": null,
      "StatusCode": 202,
      "ResponseHeaders": {
        "Cache-Control": "no-cache",
        "Content-Length": "0",
        "Content-Type": "text/plain; charset=utf-8",
        "Date": "Mon, 13 Sep 2021 09:21:48 GMT",
        "Expires": "-1",
        "Location": "https://management.azure.com/subscriptions/db1ab6f0-4769-4b27-930e-01e2ef9c123c/providers/Microsoft.Storage/locations/eastus2/asyncoperations/4b01c1d5-2e9d-4c25-a5d1-082984138a62?monitor=true\u0026api-version=2021-04-01",
        "Pragma": "no-cache",
        "Retry-After": "17",
        "Server": "Microsoft-Azure-Storage-Resource-Provider/1.0,Microsoft-HTTPAPI/2.0 Microsoft-HTTPAPI/2.0",
        "Strict-Transport-Security": "max-age=31536000; includeSubDomains",
        "X-Content-Type-Options": "nosniff",
        "x-ms-client-request-id": "13e411c9d7f209757b88341a2430693c",
        "x-ms-correlation-request-id": "f8b2afd3-e948-47a9-ba6a-4d9787c36e55",
        "x-ms-ratelimit-remaining-subscription-reads": "11985",
        "x-ms-request-id": "e0ade948-a4ba-4088-a9b5-cfc45334e240",
        "x-ms-routing-request-id": "SOUTHEASTASIA:20210913T092149Z:f8b2afd3-e948-47a9-ba6a-4d9787c36e55"
      },
      "ResponseBody": []
    },
    {
      "RequestUri": "https://management.azure.com/subscriptions/db1ab6f0-4769-4b27-930e-01e2ef9c123c/providers/Microsoft.Storage/locations/eastus2/asyncoperations/4b01c1d5-2e9d-4c25-a5d1-082984138a62?monitor=true\u0026api-version=2021-04-01",
      "RequestMethod": "GET",
      "RequestHeaders": {
        "Authorization": "Sanitized",
        "User-Agent": [
          "azsdk-net-ResourceManager/1.0.0-beta.3",
          "(.NET Core 3.1.18; Microsoft Windows 10.0.19043)"
        ],
        "x-ms-client-request-id": "c38dada186c970c7f78ccf231b272406",
        "x-ms-return-client-request-id": "true"
      },
      "RequestBody": null,
      "StatusCode": 202,
      "ResponseHeaders": {
        "Cache-Control": "no-cache",
        "Content-Length": "0",
        "Content-Type": "text/plain; charset=utf-8",
        "Date": "Mon, 13 Sep 2021 09:21:49 GMT",
        "Expires": "-1",
        "Location": "https://management.azure.com/subscriptions/db1ab6f0-4769-4b27-930e-01e2ef9c123c/providers/Microsoft.Storage/locations/eastus2/asyncoperations/4b01c1d5-2e9d-4c25-a5d1-082984138a62?monitor=true\u0026api-version=2021-04-01",
        "Pragma": "no-cache",
        "Retry-After": "3",
        "Server": "Microsoft-Azure-Storage-Resource-Provider/1.0,Microsoft-HTTPAPI/2.0 Microsoft-HTTPAPI/2.0",
        "Strict-Transport-Security": "max-age=31536000; includeSubDomains",
        "X-Content-Type-Options": "nosniff",
        "x-ms-client-request-id": "c38dada186c970c7f78ccf231b272406",
        "x-ms-correlation-request-id": "28227f4f-7adc-4600-85bd-f2e4a4068b2a",
        "x-ms-ratelimit-remaining-subscription-reads": "11984",
        "x-ms-request-id": "849cb2e0-8791-4ee9-be85-485b71c0bf39",
        "x-ms-routing-request-id": "SOUTHEASTASIA:20210913T092150Z:28227f4f-7adc-4600-85bd-f2e4a4068b2a"
      },
      "ResponseBody": []
    },
    {
      "RequestUri": "https://management.azure.com/subscriptions/db1ab6f0-4769-4b27-930e-01e2ef9c123c/providers/Microsoft.Storage/locations/eastus2/asyncoperations/4b01c1d5-2e9d-4c25-a5d1-082984138a62?monitor=true\u0026api-version=2021-04-01",
      "RequestMethod": "GET",
      "RequestHeaders": {
        "Authorization": "Sanitized",
        "User-Agent": [
          "azsdk-net-ResourceManager/1.0.0-beta.3",
          "(.NET Core 3.1.18; Microsoft Windows 10.0.19043)"
        ],
        "x-ms-client-request-id": "b93585276d5c482d109ecdfe75565a5d",
        "x-ms-return-client-request-id": "true"
      },
      "RequestBody": null,
      "StatusCode": 200,
      "ResponseHeaders": {
        "Cache-Control": "no-cache",
        "Content-Length": "1265",
        "Content-Type": "application/json",
        "Date": "Mon, 13 Sep 2021 09:21:50 GMT",
        "Expires": "-1",
        "Pragma": "no-cache",
        "Server": "Microsoft-Azure-Storage-Resource-Provider/1.0,Microsoft-HTTPAPI/2.0 Microsoft-HTTPAPI/2.0",
        "Strict-Transport-Security": "max-age=31536000; includeSubDomains",
        "X-Content-Type-Options": "nosniff",
        "x-ms-client-request-id": "b93585276d5c482d109ecdfe75565a5d",
        "x-ms-correlation-request-id": "377302d6-5f7a-4714-8d00-06c7ac93f0d6",
        "x-ms-ratelimit-remaining-subscription-reads": "11983",
        "x-ms-request-id": "25763217-e649-4bce-8c64-bb05d4ed7d43",
        "x-ms-routing-request-id": "SOUTHEASTASIA:20210913T092151Z:377302d6-5f7a-4714-8d00-06c7ac93f0d6"
      },
      "ResponseBody": {
        "sku": {
          "name": "Standard_GRS",
          "tier": "Standard"
        },
        "kind": "BlobStorage",
        "id": "/subscriptions/db1ab6f0-4769-4b27-930e-01e2ef9c123c/resourceGroups/teststorageRG-7681/providers/Microsoft.Storage/storageAccounts/storage9278",
        "name": "storage9278",
        "type": "Microsoft.Storage/storageAccounts",
        "location": "eastus2",
        "tags": {
          "key1": "value1",
          "key2": "value2"
        },
        "properties": {
          "keyCreationTime": {
            "key1": "2021-09-13T09:21:34.0269975Z",
            "key2": "2021-09-13T09:21:34.0269975Z"
          },
          "privateEndpointConnections": [],
          "networkAcls": {
            "bypass": "AzureServices",
            "virtualNetworkRules": [],
            "ipRules": [],
            "defaultAction": "Allow"
          },
          "supportsHttpsTrafficOnly": true,
          "encryption": {
            "services": {
              "file": {
                "keyType": "Account",
                "enabled": true,
                "lastEnabledTime": "2021-09-13T09:21:34.0269975Z"
              },
              "blob": {
                "keyType": "Account",
                "enabled": true,
                "lastEnabledTime": "2021-09-13T09:21:34.0269975Z"
              }
            },
            "keySource": "Microsoft.Storage"
          },
          "accessTier": "Hot",
          "provisioningState": "Succeeded",
          "creationTime": "2021-09-13T09:21:33.9176058Z",
          "primaryEndpoints": {
            "dfs": "https://storage9278.dfs.core.windows.net/",
            "blob": "https://storage9278.blob.core.windows.net/",
            "table": "https://storage9278.table.core.windows.net/"
          },
          "primaryLocation": "eastus2",
          "statusOfPrimary": "available",
          "secondaryLocation": "centralus",
          "statusOfSecondary": "available"
        }
      }
    },
    {
      "RequestUri": "https://management.azure.com/subscriptions/db1ab6f0-4769-4b27-930e-01e2ef9c123c/resourcegroups/teststorageRG-291?api-version=2019-10-01",
      "RequestMethod": "PUT",
      "RequestHeaders": {
        "Accept": "application/json",
        "Authorization": "Sanitized",
        "Content-Length": "44",
        "Content-Type": "application/json",
        "traceparent": "00-cbd76bd2686bc74f8693fe09345f0ecb-8061e48897d86e40-00",
        "User-Agent": [
          "azsdk-net-ResourceManager/1.0.0-beta.3",
          "(.NET Core 3.1.18; Microsoft Windows 10.0.19043)"
        ],
        "x-ms-client-request-id": "dc545b824329744a1b660752ed53642d",
        "x-ms-return-client-request-id": "true"
      },
      "RequestBody": {
        "location": "eastus2",
        "tags": {
          "test": "env"
        }
      },
      "StatusCode": 201,
      "ResponseHeaders": {
        "Cache-Control": "no-cache",
        "Content-Length": "254",
        "Content-Type": "application/json; charset=utf-8",
        "Date": "Mon, 13 Sep 2021 09:21:51 GMT",
        "Expires": "-1",
        "Pragma": "no-cache",
        "Strict-Transport-Security": "max-age=31536000; includeSubDomains",
        "X-Content-Type-Options": "nosniff",
        "x-ms-correlation-request-id": "b60cadc7-879b-4cf0-9db0-459593884a7e",
        "x-ms-ratelimit-remaining-subscription-writes": "1197",
        "x-ms-request-id": "b60cadc7-879b-4cf0-9db0-459593884a7e",
        "x-ms-routing-request-id": "SOUTHEASTASIA:20210913T092152Z:b60cadc7-879b-4cf0-9db0-459593884a7e"
      },
      "ResponseBody": {
        "id": "/subscriptions/db1ab6f0-4769-4b27-930e-01e2ef9c123c/resourceGroups/teststorageRG-291",
        "name": "teststorageRG-291",
        "type": "Microsoft.Resources/resourceGroups",
        "location": "eastus2",
        "tags": {
          "test": "env"
        },
        "properties": {
          "provisioningState": "Succeeded"
        }
      }
    },
    {
      "RequestUri": "https://management.azure.com/subscriptions/db1ab6f0-4769-4b27-930e-01e2ef9c123c/resourceGroups/teststorageRG-7681/providers/Microsoft.Storage/storageAccounts/storage9124?api-version=2021-04-01",
      "RequestMethod": "PUT",
      "RequestHeaders": {
        "Accept": "application/json",
        "Authorization": "Sanitized",
        "Content-Length": "149",
        "Content-Type": "application/json",
        "User-Agent": [
          "azsdk-net-ResourceManager.Storage/1.0.0-alpha.20210913.1",
          "(.NET Core 3.1.18; Microsoft Windows 10.0.19043)"
        ],
        "x-ms-client-request-id": "affa9ff233df447fb22bb8c8fba13171",
        "x-ms-return-client-request-id": "true"
      },
      "RequestBody": {
        "sku": {
          "name": "Standard_GRS"
        },
        "kind": "BlobStorage",
        "location": "eastus2",
        "tags": {
          "key1": "value1",
          "key2": "value2"
        },
        "properties": {
          "accessTier": "Cool"
        }
      },
      "StatusCode": 202,
      "ResponseHeaders": {
        "Cache-Control": "no-cache",
        "Content-Length": "0",
        "Content-Type": "text/plain; charset=utf-8",
        "Date": "Mon, 13 Sep 2021 09:21:55 GMT",
        "Expires": "-1",
        "Location": "https://management.azure.com/subscriptions/db1ab6f0-4769-4b27-930e-01e2ef9c123c/providers/Microsoft.Storage/locations/eastus2/asyncoperations/ff417e8b-7fe0-41f1-8dc6-e1f1594a09d3?monitor=true\u0026api-version=2021-04-01",
        "Pragma": "no-cache",
        "Retry-After": "17",
        "Server": "Microsoft-Azure-Storage-Resource-Provider/1.0,Microsoft-HTTPAPI/2.0 Microsoft-HTTPAPI/2.0",
        "Strict-Transport-Security": "max-age=31536000; includeSubDomains",
        "X-Content-Type-Options": "nosniff",
        "x-ms-client-request-id": "affa9ff233df447fb22bb8c8fba13171",
        "x-ms-correlation-request-id": "1aabbbc1-85a4-41af-994a-4d4f33899824",
        "x-ms-ratelimit-remaining-subscription-writes": "1196",
        "x-ms-request-id": "ff417e8b-7fe0-41f1-8dc6-e1f1594a09d3",
        "x-ms-routing-request-id": "SOUTHEASTASIA:20210913T092156Z:1aabbbc1-85a4-41af-994a-4d4f33899824"
      },
      "ResponseBody": []
    },
    {
      "RequestUri": "https://management.azure.com/subscriptions/db1ab6f0-4769-4b27-930e-01e2ef9c123c/providers/Microsoft.Storage/locations/eastus2/asyncoperations/ff417e8b-7fe0-41f1-8dc6-e1f1594a09d3?monitor=true\u0026api-version=2021-04-01",
      "RequestMethod": "GET",
      "RequestHeaders": {
        "Authorization": "Sanitized",
        "User-Agent": [
          "azsdk-net-ResourceManager/1.0.0-beta.3",
          "(.NET Core 3.1.18; Microsoft Windows 10.0.19043)"
        ],
        "x-ms-client-request-id": "bb63479ac4624e4bdb102afe8a817879",
        "x-ms-return-client-request-id": "true"
      },
      "RequestBody": null,
      "StatusCode": 202,
      "ResponseHeaders": {
        "Cache-Control": "no-cache",
        "Content-Length": "0",
        "Content-Type": "text/plain; charset=utf-8",
        "Date": "Mon, 13 Sep 2021 09:21:55 GMT",
        "Expires": "-1",
        "Location": "https://management.azure.com/subscriptions/db1ab6f0-4769-4b27-930e-01e2ef9c123c/providers/Microsoft.Storage/locations/eastus2/asyncoperations/ff417e8b-7fe0-41f1-8dc6-e1f1594a09d3?monitor=true\u0026api-version=2021-04-01",
        "Pragma": "no-cache",
        "Retry-After": "17",
        "Server": "Microsoft-Azure-Storage-Resource-Provider/1.0,Microsoft-HTTPAPI/2.0 Microsoft-HTTPAPI/2.0",
        "Strict-Transport-Security": "max-age=31536000; includeSubDomains",
        "X-Content-Type-Options": "nosniff",
        "x-ms-client-request-id": "bb63479ac4624e4bdb102afe8a817879",
        "x-ms-correlation-request-id": "f96b47b3-fa82-40cf-b819-cec57d699585",
        "x-ms-ratelimit-remaining-subscription-reads": "11982",
        "x-ms-request-id": "a96d66a0-96aa-4ea0-96c2-b225bbdcfa20",
        "x-ms-routing-request-id": "SOUTHEASTASIA:20210913T092156Z:f96b47b3-fa82-40cf-b819-cec57d699585"
      },
      "ResponseBody": []
    },
    {
      "RequestUri": "https://management.azure.com/subscriptions/db1ab6f0-4769-4b27-930e-01e2ef9c123c/providers/Microsoft.Storage/locations/eastus2/asyncoperations/ff417e8b-7fe0-41f1-8dc6-e1f1594a09d3?monitor=true\u0026api-version=2021-04-01",
      "RequestMethod": "GET",
      "RequestHeaders": {
        "Authorization": "Sanitized",
        "User-Agent": [
          "azsdk-net-ResourceManager/1.0.0-beta.3",
          "(.NET Core 3.1.18; Microsoft Windows 10.0.19043)"
        ],
        "x-ms-client-request-id": "fda295349baea77c430740f6e1b803f3",
        "x-ms-return-client-request-id": "true"
      },
      "RequestBody": null,
      "StatusCode": 202,
      "ResponseHeaders": {
        "Cache-Control": "no-cache",
        "Content-Length": "0",
        "Content-Type": "text/plain; charset=utf-8",
        "Date": "Mon, 13 Sep 2021 09:21:56 GMT",
        "Expires": "-1",
        "Location": "https://management.azure.com/subscriptions/db1ab6f0-4769-4b27-930e-01e2ef9c123c/providers/Microsoft.Storage/locations/eastus2/asyncoperations/ff417e8b-7fe0-41f1-8dc6-e1f1594a09d3?monitor=true\u0026api-version=2021-04-01",
        "Pragma": "no-cache",
        "Retry-After": "17",
        "Server": "Microsoft-Azure-Storage-Resource-Provider/1.0,Microsoft-HTTPAPI/2.0 Microsoft-HTTPAPI/2.0",
        "Strict-Transport-Security": "max-age=31536000; includeSubDomains",
        "X-Content-Type-Options": "nosniff",
        "x-ms-client-request-id": "fda295349baea77c430740f6e1b803f3",
        "x-ms-correlation-request-id": "7772b022-74da-4b72-9781-6b3c3fedf08c",
        "x-ms-ratelimit-remaining-subscription-reads": "11981",
        "x-ms-request-id": "6b00b7c2-162a-4694-a7a6-045b659bf21b",
        "x-ms-routing-request-id": "SOUTHEASTASIA:20210913T092157Z:7772b022-74da-4b72-9781-6b3c3fedf08c"
      },
      "ResponseBody": []
    },
    {
      "RequestUri": "https://management.azure.com/subscriptions/db1ab6f0-4769-4b27-930e-01e2ef9c123c/providers/Microsoft.Storage/locations/eastus2/asyncoperations/ff417e8b-7fe0-41f1-8dc6-e1f1594a09d3?monitor=true\u0026api-version=2021-04-01",
      "RequestMethod": "GET",
      "RequestHeaders": {
        "Authorization": "Sanitized",
        "User-Agent": [
          "azsdk-net-ResourceManager/1.0.0-beta.3",
          "(.NET Core 3.1.18; Microsoft Windows 10.0.19043)"
        ],
        "x-ms-client-request-id": "b32e3e7b753deb0ea456eca1215d68ee",
        "x-ms-return-client-request-id": "true"
      },
      "RequestBody": null,
      "StatusCode": 202,
      "ResponseHeaders": {
        "Cache-Control": "no-cache",
        "Content-Length": "0",
        "Content-Type": "text/plain; charset=utf-8",
        "Date": "Mon, 13 Sep 2021 09:21:58 GMT",
        "Expires": "-1",
        "Location": "https://management.azure.com/subscriptions/db1ab6f0-4769-4b27-930e-01e2ef9c123c/providers/Microsoft.Storage/locations/eastus2/asyncoperations/ff417e8b-7fe0-41f1-8dc6-e1f1594a09d3?monitor=true\u0026api-version=2021-04-01",
        "Pragma": "no-cache",
        "Retry-After": "17",
        "Server": "Microsoft-Azure-Storage-Resource-Provider/1.0,Microsoft-HTTPAPI/2.0 Microsoft-HTTPAPI/2.0",
        "Strict-Transport-Security": "max-age=31536000; includeSubDomains",
        "X-Content-Type-Options": "nosniff",
        "x-ms-client-request-id": "b32e3e7b753deb0ea456eca1215d68ee",
        "x-ms-correlation-request-id": "54d79ec3-c01f-4074-b262-601726a53b8d",
        "x-ms-ratelimit-remaining-subscription-reads": "11980",
        "x-ms-request-id": "79e671f4-0546-4954-852c-de363fcb8d64",
        "x-ms-routing-request-id": "SOUTHEASTASIA:20210913T092159Z:54d79ec3-c01f-4074-b262-601726a53b8d"
      },
      "ResponseBody": []
    },
    {
      "RequestUri": "https://management.azure.com/subscriptions/db1ab6f0-4769-4b27-930e-01e2ef9c123c/providers/Microsoft.Storage/locations/eastus2/asyncoperations/ff417e8b-7fe0-41f1-8dc6-e1f1594a09d3?monitor=true\u0026api-version=2021-04-01",
      "RequestMethod": "GET",
      "RequestHeaders": {
        "Authorization": "Sanitized",
        "User-Agent": [
          "azsdk-net-ResourceManager/1.0.0-beta.3",
          "(.NET Core 3.1.18; Microsoft Windows 10.0.19043)"
        ],
        "x-ms-client-request-id": "ab92d86fb21cffcbcbbc785a83546d23",
        "x-ms-return-client-request-id": "true"
      },
      "RequestBody": null,
      "StatusCode": 202,
      "ResponseHeaders": {
        "Cache-Control": "no-cache",
        "Content-Length": "0",
        "Content-Type": "text/plain; charset=utf-8",
        "Date": "Mon, 13 Sep 2021 09:21:59 GMT",
        "Expires": "-1",
        "Location": "https://management.azure.com/subscriptions/db1ab6f0-4769-4b27-930e-01e2ef9c123c/providers/Microsoft.Storage/locations/eastus2/asyncoperations/ff417e8b-7fe0-41f1-8dc6-e1f1594a09d3?monitor=true\u0026api-version=2021-04-01",
        "Pragma": "no-cache",
        "Retry-After": "17",
        "Server": "Microsoft-Azure-Storage-Resource-Provider/1.0,Microsoft-HTTPAPI/2.0 Microsoft-HTTPAPI/2.0",
        "Strict-Transport-Security": "max-age=31536000; includeSubDomains",
        "X-Content-Type-Options": "nosniff",
        "x-ms-client-request-id": "ab92d86fb21cffcbcbbc785a83546d23",
        "x-ms-correlation-request-id": "01d5a19c-0a16-4373-a082-a8f5efe703f8",
        "x-ms-ratelimit-remaining-subscription-reads": "11979",
        "x-ms-request-id": "3183484d-9b0e-4b75-9cdc-6493321dc20e",
        "x-ms-routing-request-id": "SOUTHEASTASIA:20210913T092200Z:01d5a19c-0a16-4373-a082-a8f5efe703f8"
      },
      "ResponseBody": []
    },
    {
      "RequestUri": "https://management.azure.com/subscriptions/db1ab6f0-4769-4b27-930e-01e2ef9c123c/providers/Microsoft.Storage/locations/eastus2/asyncoperations/ff417e8b-7fe0-41f1-8dc6-e1f1594a09d3?monitor=true\u0026api-version=2021-04-01",
      "RequestMethod": "GET",
      "RequestHeaders": {
        "Authorization": "Sanitized",
        "User-Agent": [
          "azsdk-net-ResourceManager/1.0.0-beta.3",
          "(.NET Core 3.1.18; Microsoft Windows 10.0.19043)"
        ],
        "x-ms-client-request-id": "4b83360dc452bf3c87b75957aeda85e5",
        "x-ms-return-client-request-id": "true"
      },
      "RequestBody": null,
      "StatusCode": 202,
      "ResponseHeaders": {
        "Cache-Control": "no-cache",
        "Content-Length": "0",
        "Content-Type": "text/plain; charset=utf-8",
        "Date": "Mon, 13 Sep 2021 09:22:00 GMT",
        "Expires": "-1",
        "Location": "https://management.azure.com/subscriptions/db1ab6f0-4769-4b27-930e-01e2ef9c123c/providers/Microsoft.Storage/locations/eastus2/asyncoperations/ff417e8b-7fe0-41f1-8dc6-e1f1594a09d3?monitor=true\u0026api-version=2021-04-01",
        "Pragma": "no-cache",
        "Retry-After": "17",
        "Server": "Microsoft-Azure-Storage-Resource-Provider/1.0,Microsoft-HTTPAPI/2.0 Microsoft-HTTPAPI/2.0",
        "Strict-Transport-Security": "max-age=31536000; includeSubDomains",
        "X-Content-Type-Options": "nosniff",
        "x-ms-client-request-id": "4b83360dc452bf3c87b75957aeda85e5",
        "x-ms-correlation-request-id": "5da9ca58-5719-4020-ab0a-d297dc0ccc82",
        "x-ms-ratelimit-remaining-subscription-reads": "11978",
        "x-ms-request-id": "d4f305ca-dd44-47ae-9300-3d9aa5e0febe",
        "x-ms-routing-request-id": "SOUTHEASTASIA:20210913T092201Z:5da9ca58-5719-4020-ab0a-d297dc0ccc82"
      },
      "ResponseBody": []
    },
    {
      "RequestUri": "https://management.azure.com/subscriptions/db1ab6f0-4769-4b27-930e-01e2ef9c123c/providers/Microsoft.Storage/locations/eastus2/asyncoperations/ff417e8b-7fe0-41f1-8dc6-e1f1594a09d3?monitor=true\u0026api-version=2021-04-01",
      "RequestMethod": "GET",
      "RequestHeaders": {
        "Authorization": "Sanitized",
        "User-Agent": [
          "azsdk-net-ResourceManager/1.0.0-beta.3",
          "(.NET Core 3.1.18; Microsoft Windows 10.0.19043)"
        ],
        "x-ms-client-request-id": "0987529f5725c8d7732fe881fcb36750",
        "x-ms-return-client-request-id": "true"
      },
      "RequestBody": null,
      "StatusCode": 202,
      "ResponseHeaders": {
        "Cache-Control": "no-cache",
        "Content-Length": "0",
        "Content-Type": "text/plain; charset=utf-8",
        "Date": "Mon, 13 Sep 2021 09:22:02 GMT",
        "Expires": "-1",
        "Location": "https://management.azure.com/subscriptions/db1ab6f0-4769-4b27-930e-01e2ef9c123c/providers/Microsoft.Storage/locations/eastus2/asyncoperations/ff417e8b-7fe0-41f1-8dc6-e1f1594a09d3?monitor=true\u0026api-version=2021-04-01",
        "Pragma": "no-cache",
        "Retry-After": "17",
        "Server": "Microsoft-Azure-Storage-Resource-Provider/1.0,Microsoft-HTTPAPI/2.0 Microsoft-HTTPAPI/2.0",
        "Strict-Transport-Security": "max-age=31536000; includeSubDomains",
        "X-Content-Type-Options": "nosniff",
        "x-ms-client-request-id": "0987529f5725c8d7732fe881fcb36750",
        "x-ms-correlation-request-id": "fd72244d-de8d-4b93-8700-e2e8cdefab33",
        "x-ms-ratelimit-remaining-subscription-reads": "11977",
        "x-ms-request-id": "1f2522ae-7ab7-4e74-bbb1-95ef9a874c44",
        "x-ms-routing-request-id": "SOUTHEASTASIA:20210913T092203Z:fd72244d-de8d-4b93-8700-e2e8cdefab33"
      },
      "ResponseBody": []
    },
    {
      "RequestUri": "https://management.azure.com/subscriptions/db1ab6f0-4769-4b27-930e-01e2ef9c123c/providers/Microsoft.Storage/locations/eastus2/asyncoperations/ff417e8b-7fe0-41f1-8dc6-e1f1594a09d3?monitor=true\u0026api-version=2021-04-01",
      "RequestMethod": "GET",
      "RequestHeaders": {
        "Authorization": "Sanitized",
        "User-Agent": [
          "azsdk-net-ResourceManager/1.0.0-beta.3",
          "(.NET Core 3.1.18; Microsoft Windows 10.0.19043)"
        ],
        "x-ms-client-request-id": "ea94c9e91cd9aa9b9cd32464597450f0",
        "x-ms-return-client-request-id": "true"
      },
      "RequestBody": null,
      "StatusCode": 202,
      "ResponseHeaders": {
        "Cache-Control": "no-cache",
        "Content-Length": "0",
        "Content-Type": "text/plain; charset=utf-8",
        "Date": "Mon, 13 Sep 2021 09:22:05 GMT",
        "Expires": "-1",
        "Location": "https://management.azure.com/subscriptions/db1ab6f0-4769-4b27-930e-01e2ef9c123c/providers/Microsoft.Storage/locations/eastus2/asyncoperations/ff417e8b-7fe0-41f1-8dc6-e1f1594a09d3?monitor=true\u0026api-version=2021-04-01",
        "Pragma": "no-cache",
        "Retry-After": "17",
        "Server": "Microsoft-Azure-Storage-Resource-Provider/1.0,Microsoft-HTTPAPI/2.0 Microsoft-HTTPAPI/2.0",
        "Strict-Transport-Security": "max-age=31536000; includeSubDomains",
        "X-Content-Type-Options": "nosniff",
        "x-ms-client-request-id": "ea94c9e91cd9aa9b9cd32464597450f0",
        "x-ms-correlation-request-id": "6c67de52-d7d0-4e75-a283-8da8ca9abbeb",
        "x-ms-ratelimit-remaining-subscription-reads": "11976",
        "x-ms-request-id": "0344bc0e-cdf0-40a6-aac3-467dd58d28f8",
        "x-ms-routing-request-id": "SOUTHEASTASIA:20210913T092205Z:6c67de52-d7d0-4e75-a283-8da8ca9abbeb"
      },
      "ResponseBody": []
    },
    {
      "RequestUri": "https://management.azure.com/subscriptions/db1ab6f0-4769-4b27-930e-01e2ef9c123c/providers/Microsoft.Storage/locations/eastus2/asyncoperations/ff417e8b-7fe0-41f1-8dc6-e1f1594a09d3?monitor=true\u0026api-version=2021-04-01",
      "RequestMethod": "GET",
      "RequestHeaders": {
        "Authorization": "Sanitized",
        "User-Agent": [
          "azsdk-net-ResourceManager/1.0.0-beta.3",
          "(.NET Core 3.1.18; Microsoft Windows 10.0.19043)"
        ],
        "x-ms-client-request-id": "31bb923664cdb5fe5fbad823dcbac2d3",
        "x-ms-return-client-request-id": "true"
      },
      "RequestBody": null,
      "StatusCode": 202,
      "ResponseHeaders": {
        "Cache-Control": "no-cache",
        "Content-Length": "0",
        "Content-Type": "text/plain; charset=utf-8",
        "Date": "Mon, 13 Sep 2021 09:22:06 GMT",
        "Expires": "-1",
        "Location": "https://management.azure.com/subscriptions/db1ab6f0-4769-4b27-930e-01e2ef9c123c/providers/Microsoft.Storage/locations/eastus2/asyncoperations/ff417e8b-7fe0-41f1-8dc6-e1f1594a09d3?monitor=true\u0026api-version=2021-04-01",
        "Pragma": "no-cache",
        "Retry-After": "17",
        "Server": "Microsoft-Azure-Storage-Resource-Provider/1.0,Microsoft-HTTPAPI/2.0 Microsoft-HTTPAPI/2.0",
        "Strict-Transport-Security": "max-age=31536000; includeSubDomains",
        "X-Content-Type-Options": "nosniff",
        "x-ms-client-request-id": "31bb923664cdb5fe5fbad823dcbac2d3",
        "x-ms-correlation-request-id": "526160f5-60b5-44e2-a74a-f0b281c17cb6",
        "x-ms-ratelimit-remaining-subscription-reads": "11975",
        "x-ms-request-id": "7e538a95-0f97-40d6-bf5e-7ac781e40ae6",
        "x-ms-routing-request-id": "SOUTHEASTASIA:20210913T092206Z:526160f5-60b5-44e2-a74a-f0b281c17cb6"
      },
      "ResponseBody": []
    },
    {
      "RequestUri": "https://management.azure.com/subscriptions/db1ab6f0-4769-4b27-930e-01e2ef9c123c/providers/Microsoft.Storage/locations/eastus2/asyncoperations/ff417e8b-7fe0-41f1-8dc6-e1f1594a09d3?monitor=true\u0026api-version=2021-04-01",
      "RequestMethod": "GET",
      "RequestHeaders": {
        "Authorization": "Sanitized",
        "User-Agent": [
          "azsdk-net-ResourceManager/1.0.0-beta.3",
          "(.NET Core 3.1.18; Microsoft Windows 10.0.19043)"
        ],
        "x-ms-client-request-id": "e56d09509b46830bb6dc6c5133726fff",
        "x-ms-return-client-request-id": "true"
      },
      "RequestBody": null,
      "StatusCode": 202,
      "ResponseHeaders": {
        "Cache-Control": "no-cache",
        "Content-Length": "0",
        "Content-Type": "text/plain; charset=utf-8",
        "Date": "Mon, 13 Sep 2021 09:22:07 GMT",
        "Expires": "-1",
        "Location": "https://management.azure.com/subscriptions/db1ab6f0-4769-4b27-930e-01e2ef9c123c/providers/Microsoft.Storage/locations/eastus2/asyncoperations/ff417e8b-7fe0-41f1-8dc6-e1f1594a09d3?monitor=true\u0026api-version=2021-04-01",
        "Pragma": "no-cache",
        "Retry-After": "17",
        "Server": "Microsoft-Azure-Storage-Resource-Provider/1.0,Microsoft-HTTPAPI/2.0 Microsoft-HTTPAPI/2.0",
        "Strict-Transport-Security": "max-age=31536000; includeSubDomains",
        "X-Content-Type-Options": "nosniff",
        "x-ms-client-request-id": "e56d09509b46830bb6dc6c5133726fff",
        "x-ms-correlation-request-id": "a536034b-9fa5-41f4-b831-c2b979542a13",
        "x-ms-ratelimit-remaining-subscription-reads": "11974",
        "x-ms-request-id": "ff111268-00e4-455a-b3a1-9fc0eda34dab",
        "x-ms-routing-request-id": "SOUTHEASTASIA:20210913T092207Z:a536034b-9fa5-41f4-b831-c2b979542a13"
      },
      "ResponseBody": []
    },
    {
      "RequestUri": "https://management.azure.com/subscriptions/db1ab6f0-4769-4b27-930e-01e2ef9c123c/providers/Microsoft.Storage/locations/eastus2/asyncoperations/ff417e8b-7fe0-41f1-8dc6-e1f1594a09d3?monitor=true\u0026api-version=2021-04-01",
      "RequestMethod": "GET",
      "RequestHeaders": {
        "Authorization": "Sanitized",
        "User-Agent": [
          "azsdk-net-ResourceManager/1.0.0-beta.3",
          "(.NET Core 3.1.18; Microsoft Windows 10.0.19043)"
        ],
        "x-ms-client-request-id": "6a4af7de35f88582cade8b1e4477cee1",
        "x-ms-return-client-request-id": "true"
      },
      "RequestBody": null,
      "StatusCode": 202,
      "ResponseHeaders": {
        "Cache-Control": "no-cache",
        "Content-Length": "0",
        "Content-Type": "text/plain; charset=utf-8",
        "Date": "Mon, 13 Sep 2021 09:22:09 GMT",
        "Expires": "-1",
        "Location": "https://management.azure.com/subscriptions/db1ab6f0-4769-4b27-930e-01e2ef9c123c/providers/Microsoft.Storage/locations/eastus2/asyncoperations/ff417e8b-7fe0-41f1-8dc6-e1f1594a09d3?monitor=true\u0026api-version=2021-04-01",
        "Pragma": "no-cache",
        "Retry-After": "17",
        "Server": "Microsoft-Azure-Storage-Resource-Provider/1.0,Microsoft-HTTPAPI/2.0 Microsoft-HTTPAPI/2.0",
        "Strict-Transport-Security": "max-age=31536000; includeSubDomains",
        "X-Content-Type-Options": "nosniff",
        "x-ms-client-request-id": "6a4af7de35f88582cade8b1e4477cee1",
        "x-ms-correlation-request-id": "ed9a91bc-ef35-46bd-9739-b5f64c12e3a4",
        "x-ms-ratelimit-remaining-subscription-reads": "11973",
        "x-ms-request-id": "8d1c6635-9bec-4d06-951e-18e793bcfcee",
        "x-ms-routing-request-id": "SOUTHEASTASIA:20210913T092209Z:ed9a91bc-ef35-46bd-9739-b5f64c12e3a4"
      },
      "ResponseBody": []
    },
    {
      "RequestUri": "https://management.azure.com/subscriptions/db1ab6f0-4769-4b27-930e-01e2ef9c123c/providers/Microsoft.Storage/locations/eastus2/asyncoperations/ff417e8b-7fe0-41f1-8dc6-e1f1594a09d3?monitor=true\u0026api-version=2021-04-01",
      "RequestMethod": "GET",
      "RequestHeaders": {
        "Authorization": "Sanitized",
        "User-Agent": [
          "azsdk-net-ResourceManager/1.0.0-beta.3",
          "(.NET Core 3.1.18; Microsoft Windows 10.0.19043)"
        ],
        "x-ms-client-request-id": "501451116b069ba986387af0f7ac81ec",
        "x-ms-return-client-request-id": "true"
      },
      "RequestBody": null,
      "StatusCode": 202,
      "ResponseHeaders": {
        "Cache-Control": "no-cache",
        "Content-Length": "0",
        "Content-Type": "text/plain; charset=utf-8",
        "Date": "Mon, 13 Sep 2021 09:22:10 GMT",
        "Expires": "-1",
        "Location": "https://management.azure.com/subscriptions/db1ab6f0-4769-4b27-930e-01e2ef9c123c/providers/Microsoft.Storage/locations/eastus2/asyncoperations/ff417e8b-7fe0-41f1-8dc6-e1f1594a09d3?monitor=true\u0026api-version=2021-04-01",
        "Pragma": "no-cache",
        "Retry-After": "17",
        "Server": "Microsoft-Azure-Storage-Resource-Provider/1.0,Microsoft-HTTPAPI/2.0 Microsoft-HTTPAPI/2.0",
        "Strict-Transport-Security": "max-age=31536000; includeSubDomains",
        "X-Content-Type-Options": "nosniff",
        "x-ms-client-request-id": "501451116b069ba986387af0f7ac81ec",
        "x-ms-correlation-request-id": "c24bc966-8347-49c1-b5d0-f0a79c9ac69b",
        "x-ms-ratelimit-remaining-subscription-reads": "11972",
        "x-ms-request-id": "3c73df53-c1ec-4036-9085-a25f8567db8e",
        "x-ms-routing-request-id": "SOUTHEASTASIA:20210913T092210Z:c24bc966-8347-49c1-b5d0-f0a79c9ac69b"
      },
      "ResponseBody": []
    },
    {
      "RequestUri": "https://management.azure.com/subscriptions/db1ab6f0-4769-4b27-930e-01e2ef9c123c/providers/Microsoft.Storage/locations/eastus2/asyncoperations/ff417e8b-7fe0-41f1-8dc6-e1f1594a09d3?monitor=true\u0026api-version=2021-04-01",
      "RequestMethod": "GET",
      "RequestHeaders": {
        "Authorization": "Sanitized",
        "User-Agent": [
          "azsdk-net-ResourceManager/1.0.0-beta.3",
          "(.NET Core 3.1.18; Microsoft Windows 10.0.19043)"
        ],
        "x-ms-client-request-id": "e445d94b58701ada86e81a680fec3e3f",
        "x-ms-return-client-request-id": "true"
      },
      "RequestBody": null,
      "StatusCode": 202,
      "ResponseHeaders": {
        "Cache-Control": "no-cache",
        "Content-Length": "0",
        "Content-Type": "text/plain; charset=utf-8",
        "Date": "Mon, 13 Sep 2021 09:22:11 GMT",
        "Expires": "-1",
        "Location": "https://management.azure.com/subscriptions/db1ab6f0-4769-4b27-930e-01e2ef9c123c/providers/Microsoft.Storage/locations/eastus2/asyncoperations/ff417e8b-7fe0-41f1-8dc6-e1f1594a09d3?monitor=true\u0026api-version=2021-04-01",
        "Pragma": "no-cache",
        "Retry-After": "3",
        "Server": "Microsoft-Azure-Storage-Resource-Provider/1.0,Microsoft-HTTPAPI/2.0 Microsoft-HTTPAPI/2.0",
        "Strict-Transport-Security": "max-age=31536000; includeSubDomains",
        "X-Content-Type-Options": "nosniff",
        "x-ms-client-request-id": "e445d94b58701ada86e81a680fec3e3f",
        "x-ms-correlation-request-id": "737a3feb-4ac2-44fc-a164-38b03b271c6c",
        "x-ms-ratelimit-remaining-subscription-reads": "11971",
        "x-ms-request-id": "9df6ce0c-1440-4371-9f30-92fb9fd835d5",
        "x-ms-routing-request-id": "SOUTHEASTASIA:20210913T092211Z:737a3feb-4ac2-44fc-a164-38b03b271c6c"
      },
      "ResponseBody": []
    },
    {
      "RequestUri": "https://management.azure.com/subscriptions/db1ab6f0-4769-4b27-930e-01e2ef9c123c/providers/Microsoft.Storage/locations/eastus2/asyncoperations/ff417e8b-7fe0-41f1-8dc6-e1f1594a09d3?monitor=true\u0026api-version=2021-04-01",
      "RequestMethod": "GET",
      "RequestHeaders": {
        "Authorization": "Sanitized",
        "User-Agent": [
          "azsdk-net-ResourceManager/1.0.0-beta.3",
          "(.NET Core 3.1.18; Microsoft Windows 10.0.19043)"
        ],
        "x-ms-client-request-id": "e2408b0d1e5e73f84dafe3c0ba918e1d",
        "x-ms-return-client-request-id": "true"
      },
      "RequestBody": null,
      "StatusCode": 200,
      "ResponseHeaders": {
        "Cache-Control": "no-cache",
        "Content-Length": "1266",
        "Content-Type": "application/json",
        "Date": "Mon, 13 Sep 2021 09:22:13 GMT",
        "Expires": "-1",
        "Pragma": "no-cache",
        "Server": "Microsoft-Azure-Storage-Resource-Provider/1.0,Microsoft-HTTPAPI/2.0 Microsoft-HTTPAPI/2.0",
        "Strict-Transport-Security": "max-age=31536000; includeSubDomains",
        "X-Content-Type-Options": "nosniff",
        "x-ms-client-request-id": "e2408b0d1e5e73f84dafe3c0ba918e1d",
        "x-ms-correlation-request-id": "664f44d4-1b34-435d-b42d-39231b9928b1",
        "x-ms-ratelimit-remaining-subscription-reads": "11970",
        "x-ms-request-id": "1cf416c0-41d6-46cd-aaa8-82515f3374c0",
        "x-ms-routing-request-id": "SOUTHEASTASIA:20210913T092213Z:664f44d4-1b34-435d-b42d-39231b9928b1"
      },
      "ResponseBody": {
        "sku": {
          "name": "Standard_GRS",
          "tier": "Standard"
        },
        "kind": "BlobStorage",
        "id": "/subscriptions/db1ab6f0-4769-4b27-930e-01e2ef9c123c/resourceGroups/teststorageRG-7681/providers/Microsoft.Storage/storageAccounts/storage9124",
        "name": "storage9124",
        "type": "Microsoft.Storage/storageAccounts",
        "location": "eastus2",
        "tags": {
          "key1": "value1",
          "key2": "value2"
        },
        "properties": {
          "keyCreationTime": {
            "key1": "2021-09-13T09:21:54.7933890Z",
            "key2": "2021-09-13T09:21:54.7933890Z"
          },
          "privateEndpointConnections": [],
          "networkAcls": {
            "bypass": "AzureServices",
            "virtualNetworkRules": [],
            "ipRules": [],
            "defaultAction": "Allow"
          },
          "supportsHttpsTrafficOnly": true,
          "encryption": {
            "services": {
              "file": {
                "keyType": "Account",
                "enabled": true,
                "lastEnabledTime": "2021-09-13T09:21:54.7933890Z"
              },
              "blob": {
                "keyType": "Account",
                "enabled": true,
                "lastEnabledTime": "2021-09-13T09:21:54.7933890Z"
              }
            },
            "keySource": "Microsoft.Storage"
          },
          "accessTier": "Cool",
          "provisioningState": "Succeeded",
          "creationTime": "2021-09-13T09:21:54.6683569Z",
          "primaryEndpoints": {
            "dfs": "https://storage9124.dfs.core.windows.net/",
            "blob": "https://storage9124.blob.core.windows.net/",
            "table": "https://storage9124.table.core.windows.net/"
          },
          "primaryLocation": "eastus2",
          "statusOfPrimary": "available",
          "secondaryLocation": "centralus",
          "statusOfSecondary": "available"
        }
      }
    },
    {
      "RequestUri": "https://management.azure.com/subscriptions/db1ab6f0-4769-4b27-930e-01e2ef9c123c/resourceGroups/teststorageRG-291/providers/Microsoft.Storage/storageAccounts?api-version=2021-04-01",
      "RequestMethod": "GET",
      "RequestHeaders": {
        "Accept": "application/json",
        "Authorization": "Sanitized",
        "User-Agent": [
          "azsdk-net-ResourceManager.Storage/1.0.0-alpha.20210913.1",
          "(.NET Core 3.1.18; Microsoft Windows 10.0.19043)"
        ],
        "x-ms-client-request-id": "6ad39e5ce932b87076f9ca1e50418b9a",
        "x-ms-return-client-request-id": "true"
      },
      "RequestBody": null,
      "StatusCode": 200,
      "ResponseHeaders": {
        "Cache-Control": "no-cache",
        "Content-Length": "12",
        "Content-Type": "application/json; charset=utf-8",
        "Date": "Mon, 13 Sep 2021 09:22:13 GMT",
        "Expires": "-1",
        "Pragma": "no-cache",
        "Strict-Transport-Security": "max-age=31536000; includeSubDomains",
        "X-Content-Type-Options": "nosniff",
        "x-ms-correlation-request-id": "8e8873ab-6d95-4ab7-8c9c-bb8f9f04bd37",
        "x-ms-ratelimit-remaining-subscription-reads": "11969",
        "x-ms-request-id": "8e8873ab-6d95-4ab7-8c9c-bb8f9f04bd37",
        "x-ms-routing-request-id": "SOUTHEASTASIA:20210913T092213Z:8e8873ab-6d95-4ab7-8c9c-bb8f9f04bd37"
      },
      "ResponseBody": {
        "value": []
      }
    }
  ],
  "Variables": {
    "RandomSeed": "1521828357",
    "RESOURCE_MANAGER_URL": null,
    "SUBSCRIPTION_ID": "db1ab6f0-4769-4b27-930e-01e2ef9c123c"
  }
}