{
  "Entries": [
    {
      "RequestUri": "https://management.azure.com/subscriptions/c9cbd920-c00c-427c-852b-8aaf38badaeb/resourcegroups/res7236?api-version=2017-05-10",
      "RequestMethod": "PUT",
      "RequestHeaders": {
        "Accept": "application/json",
        "Authorization": "Sanitized",
        "Content-Length": "22",
        "Content-Type": "application/json",
        "traceparent": "00-bc0d9d4cdd1ebd4abfd4591771c49ad3-fa066c3ab2fb564b-00",
        "User-Agent": [
          "azsdk-net-ResourceManager.Storage.Tests/1.0.0-alpha.20200914.1",
          "(.NET Core 4.6.29130.01; Microsoft Windows 10.0.19041 )"
        ],
        "x-ms-client-request-id": "d6a15274d2b47f3ee908c28c8c452126",
        "x-ms-return-client-request-id": "true"
      },
      "RequestBody": {
        "location": "eastus2"
      },
      "StatusCode": 201,
      "ResponseHeaders": {
        "Cache-Control": "no-cache",
        "Content-Length": "168",
        "Content-Type": "application/json; charset=utf-8",
        "Date": "Mon, 14 Sep 2020 03:10:19 GMT",
        "Expires": "-1",
        "Pragma": "no-cache",
        "Strict-Transport-Security": "max-age=31536000; includeSubDomains",
        "X-Content-Type-Options": "nosniff",
        "x-ms-correlation-request-id": "e92f749d-40be-46d9-a092-b433ee925028",
        "x-ms-ratelimit-remaining-subscription-writes": "1043",
        "x-ms-request-id": "e92f749d-40be-46d9-a092-b433ee925028",
        "x-ms-routing-request-id": "SOUTHEASTASIA:20200914T031019Z:e92f749d-40be-46d9-a092-b433ee925028"
      },
      "ResponseBody": {
        "id": "/subscriptions/c9cbd920-c00c-427c-852b-8aaf38badaeb/resourceGroups/res7236",
        "name": "res7236",
        "location": "eastus2",
        "properties": {
          "provisioningState": "Succeeded"
        }
      }
    },
    {
      "RequestUri": "https://management.azure.com/subscriptions/c9cbd920-c00c-427c-852b-8aaf38badaeb/resourceGroups/res7236/providers/Microsoft.Storage/storageAccounts/sto6261?api-version=2019-06-01",
      "RequestMethod": "PUT",
      "RequestHeaders": {
        "Accept": "application/json",
        "Authorization": "Sanitized",
        "Content-Length": "94",
        "Content-Type": "application/json",
        "traceparent": "00-7b646c05cd108248afa82e374834abcc-7356de8a09bf1e4b-00",
        "User-Agent": [
          "azsdk-net-ResourceManager.Storage/1.0.0-alpha.20200914.1",
          "(.NET Core 4.6.29130.01; Microsoft Windows 10.0.19041 )"
        ],
        "x-ms-client-request-id": "05435a498bbdc6ecb8dde74623503b57",
        "x-ms-return-client-request-id": "true"
      },
      "RequestBody": {
        "sku": {
          "name": "Standard_LRS"
        },
        "kind": "StorageV2",
        "location": "East US 2 EUAP",
        "properties": {}
      },
      "StatusCode": 202,
      "ResponseHeaders": {
        "Cache-Control": "no-cache",
        "Content-Length": "0",
        "Content-Type": "text/plain; charset=utf-8",
        "Date": "Mon, 14 Sep 2020 03:10:22 GMT",
        "Expires": "-1",
        "Location": "https://management.azure.com/subscriptions/c9cbd920-c00c-427c-852b-8aaf38badaeb/providers/Microsoft.Storage/locations/eastus2euap/asyncoperations/6863e194-37f5-40b8-a0a3-0494c7c9af73?monitor=true\u0026api-version=2019-06-01",
        "Pragma": "no-cache",
        "Retry-After": "17",
        "Server": "Microsoft-Azure-Storage-Resource-Provider/1.0,Microsoft-HTTPAPI/2.0 Microsoft-HTTPAPI/2.0",
        "Strict-Transport-Security": "max-age=31536000; includeSubDomains",
        "X-Content-Type-Options": "nosniff",
        "x-ms-client-request-id": "05435a498bbdc6ecb8dde74623503b57",
        "x-ms-correlation-request-id": "8064f597-75bb-45f5-99ac-f467d2e342d8",
        "x-ms-ratelimit-remaining-subscription-writes": "1042",
        "x-ms-request-id": "6863e194-37f5-40b8-a0a3-0494c7c9af73",
        "x-ms-routing-request-id": "SOUTHEASTASIA:20200914T031022Z:8064f597-75bb-45f5-99ac-f467d2e342d8"
      },
      "ResponseBody": []
    },
    {
      "RequestUri": "https://management.azure.com/subscriptions/c9cbd920-c00c-427c-852b-8aaf38badaeb/providers/Microsoft.Storage/locations/eastus2euap/asyncoperations/6863e194-37f5-40b8-a0a3-0494c7c9af73?monitor=true\u0026api-version=2019-06-01",
      "RequestMethod": "GET",
      "RequestHeaders": {
        "Authorization": "Sanitized",
        "User-Agent": [
          "azsdk-net-ResourceManager.Storage/1.0.0-alpha.20200914.1",
          "(.NET Core 4.6.29130.01; Microsoft Windows 10.0.19041 )"
        ],
        "x-ms-client-request-id": "b8d5c0c0896bc6b6b50ffcf45639c5b7",
        "x-ms-return-client-request-id": "true"
      },
      "RequestBody": null,
      "StatusCode": 202,
      "ResponseHeaders": {
        "Cache-Control": "no-cache",
        "Content-Length": "0",
        "Content-Type": "text/plain; charset=utf-8",
        "Date": "Mon, 14 Sep 2020 03:10:22 GMT",
        "Expires": "-1",
        "Location": "https://management.azure.com/subscriptions/c9cbd920-c00c-427c-852b-8aaf38badaeb/providers/Microsoft.Storage/locations/eastus2euap/asyncoperations/6863e194-37f5-40b8-a0a3-0494c7c9af73?monitor=true\u0026api-version=2019-06-01",
        "Pragma": "no-cache",
        "Retry-After": "17",
        "Server": "Microsoft-Azure-Storage-Resource-Provider/1.0,Microsoft-HTTPAPI/2.0 Microsoft-HTTPAPI/2.0",
        "Strict-Transport-Security": "max-age=31536000; includeSubDomains",
        "X-Content-Type-Options": "nosniff",
        "x-ms-client-request-id": "b8d5c0c0896bc6b6b50ffcf45639c5b7",
        "x-ms-correlation-request-id": "3765805b-d133-4089-805c-bbcb0cc40246",
        "x-ms-ratelimit-remaining-subscription-reads": "11445",
        "x-ms-request-id": "300e313f-283c-41b1-bd06-19c13c89aff5",
        "x-ms-routing-request-id": "SOUTHEASTASIA:20200914T031022Z:3765805b-d133-4089-805c-bbcb0cc40246"
      },
      "ResponseBody": []
    },
    {
      "RequestUri": "https://management.azure.com/subscriptions/c9cbd920-c00c-427c-852b-8aaf38badaeb/providers/Microsoft.Storage/locations/eastus2euap/asyncoperations/6863e194-37f5-40b8-a0a3-0494c7c9af73?monitor=true\u0026api-version=2019-06-01",
      "RequestMethod": "GET",
      "RequestHeaders": {
        "Authorization": "Sanitized",
        "User-Agent": [
          "azsdk-net-ResourceManager.Storage/1.0.0-alpha.20200914.1",
          "(.NET Core 4.6.29130.01; Microsoft Windows 10.0.19041 )"
        ],
        "x-ms-client-request-id": "f49e348694af8411aabeb771cca68112",
        "x-ms-return-client-request-id": "true"
      },
      "RequestBody": null,
      "StatusCode": 202,
      "ResponseHeaders": {
        "Cache-Control": "no-cache",
        "Content-Length": "0",
        "Content-Type": "text/plain; charset=utf-8",
        "Date": "Mon, 14 Sep 2020 03:10:24 GMT",
        "Expires": "-1",
        "Location": "https://management.azure.com/subscriptions/c9cbd920-c00c-427c-852b-8aaf38badaeb/providers/Microsoft.Storage/locations/eastus2euap/asyncoperations/6863e194-37f5-40b8-a0a3-0494c7c9af73?monitor=true\u0026api-version=2019-06-01",
        "Pragma": "no-cache",
        "Retry-After": "17",
        "Server": "Microsoft-Azure-Storage-Resource-Provider/1.0,Microsoft-HTTPAPI/2.0 Microsoft-HTTPAPI/2.0",
        "Strict-Transport-Security": "max-age=31536000; includeSubDomains",
        "X-Content-Type-Options": "nosniff",
        "x-ms-client-request-id": "f49e348694af8411aabeb771cca68112",
        "x-ms-correlation-request-id": "f152bbe0-78ce-4f9f-af02-996ac0188e08",
        "x-ms-ratelimit-remaining-subscription-reads": "11444",
        "x-ms-request-id": "dfb61f98-afd0-4f11-b287-62eebc52e91a",
        "x-ms-routing-request-id": "SOUTHEASTASIA:20200914T031024Z:f152bbe0-78ce-4f9f-af02-996ac0188e08"
      },
      "ResponseBody": []
    },
    {
      "RequestUri": "https://management.azure.com/subscriptions/c9cbd920-c00c-427c-852b-8aaf38badaeb/providers/Microsoft.Storage/locations/eastus2euap/asyncoperations/6863e194-37f5-40b8-a0a3-0494c7c9af73?monitor=true\u0026api-version=2019-06-01",
      "RequestMethod": "GET",
      "RequestHeaders": {
        "Authorization": "Sanitized",
        "User-Agent": [
          "azsdk-net-ResourceManager.Storage/1.0.0-alpha.20200914.1",
          "(.NET Core 4.6.29130.01; Microsoft Windows 10.0.19041 )"
        ],
        "x-ms-client-request-id": "63861d50827a64ec9aabdd76c8ba2d15",
        "x-ms-return-client-request-id": "true"
      },
      "RequestBody": null,
      "StatusCode": 202,
      "ResponseHeaders": {
        "Cache-Control": "no-cache",
        "Content-Length": "0",
        "Content-Type": "text/plain; charset=utf-8",
        "Date": "Mon, 14 Sep 2020 03:10:25 GMT",
        "Expires": "-1",
        "Location": "https://management.azure.com/subscriptions/c9cbd920-c00c-427c-852b-8aaf38badaeb/providers/Microsoft.Storage/locations/eastus2euap/asyncoperations/6863e194-37f5-40b8-a0a3-0494c7c9af73?monitor=true\u0026api-version=2019-06-01",
        "Pragma": "no-cache",
        "Retry-After": "17",
        "Server": "Microsoft-Azure-Storage-Resource-Provider/1.0,Microsoft-HTTPAPI/2.0 Microsoft-HTTPAPI/2.0",
        "Strict-Transport-Security": "max-age=31536000; includeSubDomains",
        "X-Content-Type-Options": "nosniff",
        "x-ms-client-request-id": "63861d50827a64ec9aabdd76c8ba2d15",
        "x-ms-correlation-request-id": "362d6800-c03b-45b8-804a-02823fef5b8b",
        "x-ms-ratelimit-remaining-subscription-reads": "11443",
        "x-ms-request-id": "9d8c51fc-5bb3-4ac4-af8d-62d59647a005",
        "x-ms-routing-request-id": "SOUTHEASTASIA:20200914T031025Z:362d6800-c03b-45b8-804a-02823fef5b8b"
      },
      "ResponseBody": []
    },
    {
      "RequestUri": "https://management.azure.com/subscriptions/c9cbd920-c00c-427c-852b-8aaf38badaeb/providers/Microsoft.Storage/locations/eastus2euap/asyncoperations/6863e194-37f5-40b8-a0a3-0494c7c9af73?monitor=true\u0026api-version=2019-06-01",
      "RequestMethod": "GET",
      "RequestHeaders": {
        "Authorization": "Sanitized",
        "User-Agent": [
          "azsdk-net-ResourceManager.Storage/1.0.0-alpha.20200914.1",
          "(.NET Core 4.6.29130.01; Microsoft Windows 10.0.19041 )"
        ],
        "x-ms-client-request-id": "10be078797062b19af500dacd145fa0e",
        "x-ms-return-client-request-id": "true"
      },
      "RequestBody": null,
      "StatusCode": 202,
      "ResponseHeaders": {
        "Cache-Control": "no-cache",
        "Content-Length": "0",
        "Content-Type": "text/plain; charset=utf-8",
        "Date": "Mon, 14 Sep 2020 03:10:26 GMT",
        "Expires": "-1",
        "Location": "https://management.azure.com/subscriptions/c9cbd920-c00c-427c-852b-8aaf38badaeb/providers/Microsoft.Storage/locations/eastus2euap/asyncoperations/6863e194-37f5-40b8-a0a3-0494c7c9af73?monitor=true\u0026api-version=2019-06-01",
        "Pragma": "no-cache",
        "Retry-After": "17",
        "Server": "Microsoft-Azure-Storage-Resource-Provider/1.0,Microsoft-HTTPAPI/2.0 Microsoft-HTTPAPI/2.0",
        "Strict-Transport-Security": "max-age=31536000; includeSubDomains",
        "X-Content-Type-Options": "nosniff",
        "x-ms-client-request-id": "10be078797062b19af500dacd145fa0e",
        "x-ms-correlation-request-id": "61ca88f8-79bd-4d2e-b7fc-45215a98ccb5",
        "x-ms-ratelimit-remaining-subscription-reads": "11442",
        "x-ms-request-id": "6f399841-d990-4c69-8eb6-cb2384547a0e",
        "x-ms-routing-request-id": "SOUTHEASTASIA:20200914T031026Z:61ca88f8-79bd-4d2e-b7fc-45215a98ccb5"
      },
      "ResponseBody": []
    },
    {
      "RequestUri": "https://management.azure.com/subscriptions/c9cbd920-c00c-427c-852b-8aaf38badaeb/providers/Microsoft.Storage/locations/eastus2euap/asyncoperations/6863e194-37f5-40b8-a0a3-0494c7c9af73?monitor=true\u0026api-version=2019-06-01",
      "RequestMethod": "GET",
      "RequestHeaders": {
        "Authorization": "Sanitized",
        "User-Agent": [
          "azsdk-net-ResourceManager.Storage/1.0.0-alpha.20200914.1",
          "(.NET Core 4.6.29130.01; Microsoft Windows 10.0.19041 )"
        ],
        "x-ms-client-request-id": "38a4e98e61b2033d483a5a04b69bbcf0",
        "x-ms-return-client-request-id": "true"
      },
      "RequestBody": null,
      "StatusCode": 202,
      "ResponseHeaders": {
        "Cache-Control": "no-cache",
        "Content-Length": "0",
        "Content-Type": "text/plain; charset=utf-8",
        "Date": "Mon, 14 Sep 2020 03:10:28 GMT",
        "Expires": "-1",
        "Location": "https://management.azure.com/subscriptions/c9cbd920-c00c-427c-852b-8aaf38badaeb/providers/Microsoft.Storage/locations/eastus2euap/asyncoperations/6863e194-37f5-40b8-a0a3-0494c7c9af73?monitor=true\u0026api-version=2019-06-01",
        "Pragma": "no-cache",
        "Retry-After": "17",
        "Server": "Microsoft-Azure-Storage-Resource-Provider/1.0,Microsoft-HTTPAPI/2.0 Microsoft-HTTPAPI/2.0",
        "Strict-Transport-Security": "max-age=31536000; includeSubDomains",
        "X-Content-Type-Options": "nosniff",
        "x-ms-client-request-id": "38a4e98e61b2033d483a5a04b69bbcf0",
        "x-ms-correlation-request-id": "c4d4baca-4d19-4915-8d39-09904a13ab47",
        "x-ms-ratelimit-remaining-subscription-reads": "11441",
        "x-ms-request-id": "4614334a-df56-4217-8e10-ad4b77f66e87",
        "x-ms-routing-request-id": "SOUTHEASTASIA:20200914T031028Z:c4d4baca-4d19-4915-8d39-09904a13ab47"
      },
      "ResponseBody": []
    },
    {
      "RequestUri": "https://management.azure.com/subscriptions/c9cbd920-c00c-427c-852b-8aaf38badaeb/providers/Microsoft.Storage/locations/eastus2euap/asyncoperations/6863e194-37f5-40b8-a0a3-0494c7c9af73?monitor=true\u0026api-version=2019-06-01",
      "RequestMethod": "GET",
      "RequestHeaders": {
        "Authorization": "Sanitized",
        "User-Agent": [
          "azsdk-net-ResourceManager.Storage/1.0.0-alpha.20200914.1",
          "(.NET Core 4.6.29130.01; Microsoft Windows 10.0.19041 )"
        ],
        "x-ms-client-request-id": "c4e9a29070e7b80c045ab429753f9254",
        "x-ms-return-client-request-id": "true"
      },
      "RequestBody": null,
      "StatusCode": 202,
      "ResponseHeaders": {
        "Cache-Control": "no-cache",
        "Content-Length": "0",
        "Content-Type": "text/plain; charset=utf-8",
        "Date": "Mon, 14 Sep 2020 03:10:29 GMT",
        "Expires": "-1",
        "Location": "https://management.azure.com/subscriptions/c9cbd920-c00c-427c-852b-8aaf38badaeb/providers/Microsoft.Storage/locations/eastus2euap/asyncoperations/6863e194-37f5-40b8-a0a3-0494c7c9af73?monitor=true\u0026api-version=2019-06-01",
        "Pragma": "no-cache",
        "Retry-After": "17",
        "Server": "Microsoft-Azure-Storage-Resource-Provider/1.0,Microsoft-HTTPAPI/2.0 Microsoft-HTTPAPI/2.0",
        "Strict-Transport-Security": "max-age=31536000; includeSubDomains",
        "X-Content-Type-Options": "nosniff",
        "x-ms-client-request-id": "c4e9a29070e7b80c045ab429753f9254",
        "x-ms-correlation-request-id": "fda4228e-6171-4cf5-9169-ebccb2c8f033",
        "x-ms-ratelimit-remaining-subscription-reads": "11440",
        "x-ms-request-id": "e5bc30b4-7cf1-4107-8811-14a4d6fc4402",
        "x-ms-routing-request-id": "SOUTHEASTASIA:20200914T031029Z:fda4228e-6171-4cf5-9169-ebccb2c8f033"
      },
      "ResponseBody": []
    },
    {
      "RequestUri": "https://management.azure.com/subscriptions/c9cbd920-c00c-427c-852b-8aaf38badaeb/providers/Microsoft.Storage/locations/eastus2euap/asyncoperations/6863e194-37f5-40b8-a0a3-0494c7c9af73?monitor=true\u0026api-version=2019-06-01",
      "RequestMethod": "GET",
      "RequestHeaders": {
        "Authorization": "Sanitized",
        "User-Agent": [
          "azsdk-net-ResourceManager.Storage/1.0.0-alpha.20200914.1",
          "(.NET Core 4.6.29130.01; Microsoft Windows 10.0.19041 )"
        ],
        "x-ms-client-request-id": "dee7ceb0f4162562cabac7cc3d157514",
        "x-ms-return-client-request-id": "true"
      },
      "RequestBody": null,
      "StatusCode": 202,
      "ResponseHeaders": {
        "Cache-Control": "no-cache",
        "Content-Length": "0",
        "Content-Type": "text/plain; charset=utf-8",
        "Date": "Mon, 14 Sep 2020 03:10:30 GMT",
        "Expires": "-1",
        "Location": "https://management.azure.com/subscriptions/c9cbd920-c00c-427c-852b-8aaf38badaeb/providers/Microsoft.Storage/locations/eastus2euap/asyncoperations/6863e194-37f5-40b8-a0a3-0494c7c9af73?monitor=true\u0026api-version=2019-06-01",
        "Pragma": "no-cache",
        "Retry-After": "17",
        "Server": "Microsoft-Azure-Storage-Resource-Provider/1.0,Microsoft-HTTPAPI/2.0 Microsoft-HTTPAPI/2.0",
        "Strict-Transport-Security": "max-age=31536000; includeSubDomains",
        "X-Content-Type-Options": "nosniff",
        "x-ms-client-request-id": "dee7ceb0f4162562cabac7cc3d157514",
        "x-ms-correlation-request-id": "1a43f55f-960b-44ed-be3b-659a83969eab",
        "x-ms-ratelimit-remaining-subscription-reads": "11439",
        "x-ms-request-id": "4736ee08-4014-4d63-8dc2-dd374391e35d",
        "x-ms-routing-request-id": "SOUTHEASTASIA:20200914T031031Z:1a43f55f-960b-44ed-be3b-659a83969eab"
      },
      "ResponseBody": []
    },
    {
      "RequestUri": "https://management.azure.com/subscriptions/c9cbd920-c00c-427c-852b-8aaf38badaeb/providers/Microsoft.Storage/locations/eastus2euap/asyncoperations/6863e194-37f5-40b8-a0a3-0494c7c9af73?monitor=true\u0026api-version=2019-06-01",
      "RequestMethod": "GET",
      "RequestHeaders": {
        "Authorization": "Sanitized",
        "User-Agent": [
          "azsdk-net-ResourceManager.Storage/1.0.0-alpha.20200914.1",
          "(.NET Core 4.6.29130.01; Microsoft Windows 10.0.19041 )"
        ],
        "x-ms-client-request-id": "2f1b1d94355c1d27dceb3458ad138e08",
        "x-ms-return-client-request-id": "true"
      },
      "RequestBody": null,
      "StatusCode": 202,
      "ResponseHeaders": {
        "Cache-Control": "no-cache",
        "Content-Length": "0",
        "Content-Type": "text/plain; charset=utf-8",
        "Date": "Mon, 14 Sep 2020 03:10:32 GMT",
        "Expires": "-1",
        "Location": "https://management.azure.com/subscriptions/c9cbd920-c00c-427c-852b-8aaf38badaeb/providers/Microsoft.Storage/locations/eastus2euap/asyncoperations/6863e194-37f5-40b8-a0a3-0494c7c9af73?monitor=true\u0026api-version=2019-06-01",
        "Pragma": "no-cache",
        "Retry-After": "17",
        "Server": "Microsoft-Azure-Storage-Resource-Provider/1.0,Microsoft-HTTPAPI/2.0 Microsoft-HTTPAPI/2.0",
        "Strict-Transport-Security": "max-age=31536000; includeSubDomains",
        "X-Content-Type-Options": "nosniff",
        "x-ms-client-request-id": "2f1b1d94355c1d27dceb3458ad138e08",
        "x-ms-correlation-request-id": "f75c1d64-3e63-4738-8952-70169a8178e5",
        "x-ms-ratelimit-remaining-subscription-reads": "11438",
        "x-ms-request-id": "a8752021-3628-4742-8fa1-df4474860e40",
        "x-ms-routing-request-id": "SOUTHEASTASIA:20200914T031032Z:f75c1d64-3e63-4738-8952-70169a8178e5"
      },
      "ResponseBody": []
    },
    {
      "RequestUri": "https://management.azure.com/subscriptions/c9cbd920-c00c-427c-852b-8aaf38badaeb/providers/Microsoft.Storage/locations/eastus2euap/asyncoperations/6863e194-37f5-40b8-a0a3-0494c7c9af73?monitor=true\u0026api-version=2019-06-01",
      "RequestMethod": "GET",
      "RequestHeaders": {
        "Authorization": "Sanitized",
        "User-Agent": [
          "azsdk-net-ResourceManager.Storage/1.0.0-alpha.20200914.1",
          "(.NET Core 4.6.29130.01; Microsoft Windows 10.0.19041 )"
        ],
        "x-ms-client-request-id": "e85306a7ddb39cda3fc4fa2ca8407bee",
        "x-ms-return-client-request-id": "true"
      },
      "RequestBody": null,
      "StatusCode": 202,
      "ResponseHeaders": {
        "Cache-Control": "no-cache",
        "Content-Length": "0",
        "Content-Type": "text/plain; charset=utf-8",
        "Date": "Mon, 14 Sep 2020 03:10:33 GMT",
        "Expires": "-1",
        "Location": "https://management.azure.com/subscriptions/c9cbd920-c00c-427c-852b-8aaf38badaeb/providers/Microsoft.Storage/locations/eastus2euap/asyncoperations/6863e194-37f5-40b8-a0a3-0494c7c9af73?monitor=true\u0026api-version=2019-06-01",
        "Pragma": "no-cache",
        "Retry-After": "17",
        "Server": "Microsoft-Azure-Storage-Resource-Provider/1.0,Microsoft-HTTPAPI/2.0 Microsoft-HTTPAPI/2.0",
        "Strict-Transport-Security": "max-age=31536000; includeSubDomains",
        "X-Content-Type-Options": "nosniff",
        "x-ms-client-request-id": "e85306a7ddb39cda3fc4fa2ca8407bee",
        "x-ms-correlation-request-id": "9944ca8f-b87a-4c00-bca0-b2b72aae9a5b",
        "x-ms-ratelimit-remaining-subscription-reads": "11437",
        "x-ms-request-id": "d216ae04-0f2d-4a08-8adb-0d868dba79ee",
        "x-ms-routing-request-id": "SOUTHEASTASIA:20200914T031033Z:9944ca8f-b87a-4c00-bca0-b2b72aae9a5b"
      },
      "ResponseBody": []
    },
    {
      "RequestUri": "https://management.azure.com/subscriptions/c9cbd920-c00c-427c-852b-8aaf38badaeb/providers/Microsoft.Storage/locations/eastus2euap/asyncoperations/6863e194-37f5-40b8-a0a3-0494c7c9af73?monitor=true\u0026api-version=2019-06-01",
      "RequestMethod": "GET",
      "RequestHeaders": {
        "Authorization": "Sanitized",
        "User-Agent": [
          "azsdk-net-ResourceManager.Storage/1.0.0-alpha.20200914.1",
          "(.NET Core 4.6.29130.01; Microsoft Windows 10.0.19041 )"
        ],
        "x-ms-client-request-id": "5895a0e562247af8a7ca012bc00978b6",
        "x-ms-return-client-request-id": "true"
      },
      "RequestBody": null,
      "StatusCode": 202,
      "ResponseHeaders": {
        "Cache-Control": "no-cache",
        "Content-Length": "0",
        "Content-Type": "text/plain; charset=utf-8",
        "Date": "Mon, 14 Sep 2020 03:10:34 GMT",
        "Expires": "-1",
        "Location": "https://management.azure.com/subscriptions/c9cbd920-c00c-427c-852b-8aaf38badaeb/providers/Microsoft.Storage/locations/eastus2euap/asyncoperations/6863e194-37f5-40b8-a0a3-0494c7c9af73?monitor=true\u0026api-version=2019-06-01",
        "Pragma": "no-cache",
        "Retry-After": "17",
        "Server": "Microsoft-Azure-Storage-Resource-Provider/1.0,Microsoft-HTTPAPI/2.0 Microsoft-HTTPAPI/2.0",
        "Strict-Transport-Security": "max-age=31536000; includeSubDomains",
        "X-Content-Type-Options": "nosniff",
        "x-ms-client-request-id": "5895a0e562247af8a7ca012bc00978b6",
        "x-ms-correlation-request-id": "191730b5-7964-4416-8561-ccfbac611e52",
        "x-ms-ratelimit-remaining-subscription-reads": "11436",
        "x-ms-request-id": "acc2e0d0-7d30-410b-8eca-b3094c7bd9ed",
        "x-ms-routing-request-id": "SOUTHEASTASIA:20200914T031035Z:191730b5-7964-4416-8561-ccfbac611e52"
      },
      "ResponseBody": []
    },
    {
      "RequestUri": "https://management.azure.com/subscriptions/c9cbd920-c00c-427c-852b-8aaf38badaeb/providers/Microsoft.Storage/locations/eastus2euap/asyncoperations/6863e194-37f5-40b8-a0a3-0494c7c9af73?monitor=true\u0026api-version=2019-06-01",
      "RequestMethod": "GET",
      "RequestHeaders": {
        "Authorization": "Sanitized",
        "User-Agent": [
          "azsdk-net-ResourceManager.Storage/1.0.0-alpha.20200914.1",
          "(.NET Core 4.6.29130.01; Microsoft Windows 10.0.19041 )"
        ],
        "x-ms-client-request-id": "3624bf2c8dc1b660437ff0973bfa749c",
        "x-ms-return-client-request-id": "true"
      },
      "RequestBody": null,
      "StatusCode": 202,
      "ResponseHeaders": {
        "Cache-Control": "no-cache",
        "Content-Length": "0",
        "Content-Type": "text/plain; charset=utf-8",
        "Date": "Mon, 14 Sep 2020 03:10:36 GMT",
        "Expires": "-1",
        "Location": "https://management.azure.com/subscriptions/c9cbd920-c00c-427c-852b-8aaf38badaeb/providers/Microsoft.Storage/locations/eastus2euap/asyncoperations/6863e194-37f5-40b8-a0a3-0494c7c9af73?monitor=true\u0026api-version=2019-06-01",
        "Pragma": "no-cache",
        "Retry-After": "17",
        "Server": "Microsoft-Azure-Storage-Resource-Provider/1.0,Microsoft-HTTPAPI/2.0 Microsoft-HTTPAPI/2.0",
        "Strict-Transport-Security": "max-age=31536000; includeSubDomains",
        "X-Content-Type-Options": "nosniff",
        "x-ms-client-request-id": "3624bf2c8dc1b660437ff0973bfa749c",
        "x-ms-correlation-request-id": "233a9ac2-69c4-449e-a5cf-b8ee34a7270d",
        "x-ms-ratelimit-remaining-subscription-reads": "11435",
        "x-ms-request-id": "a37409b2-466c-4bc2-b0f6-ac9017bde6a0",
        "x-ms-routing-request-id": "SOUTHEASTASIA:20200914T031036Z:233a9ac2-69c4-449e-a5cf-b8ee34a7270d"
      },
      "ResponseBody": []
    },
    {
      "RequestUri": "https://management.azure.com/subscriptions/c9cbd920-c00c-427c-852b-8aaf38badaeb/providers/Microsoft.Storage/locations/eastus2euap/asyncoperations/6863e194-37f5-40b8-a0a3-0494c7c9af73?monitor=true\u0026api-version=2019-06-01",
      "RequestMethod": "GET",
      "RequestHeaders": {
        "Authorization": "Sanitized",
        "User-Agent": [
          "azsdk-net-ResourceManager.Storage/1.0.0-alpha.20200914.1",
          "(.NET Core 4.6.29130.01; Microsoft Windows 10.0.19041 )"
        ],
        "x-ms-client-request-id": "0c72466f367d45e40dd940e8dcaedb35",
        "x-ms-return-client-request-id": "true"
      },
      "RequestBody": null,
      "StatusCode": 202,
      "ResponseHeaders": {
        "Cache-Control": "no-cache",
        "Content-Length": "0",
        "Content-Type": "text/plain; charset=utf-8",
        "Date": "Mon, 14 Sep 2020 03:10:37 GMT",
        "Expires": "-1",
        "Location": "https://management.azure.com/subscriptions/c9cbd920-c00c-427c-852b-8aaf38badaeb/providers/Microsoft.Storage/locations/eastus2euap/asyncoperations/6863e194-37f5-40b8-a0a3-0494c7c9af73?monitor=true\u0026api-version=2019-06-01",
        "Pragma": "no-cache",
        "Retry-After": "17",
        "Server": "Microsoft-Azure-Storage-Resource-Provider/1.0,Microsoft-HTTPAPI/2.0 Microsoft-HTTPAPI/2.0",
        "Strict-Transport-Security": "max-age=31536000; includeSubDomains",
        "X-Content-Type-Options": "nosniff",
        "x-ms-client-request-id": "0c72466f367d45e40dd940e8dcaedb35",
        "x-ms-correlation-request-id": "680a0c0c-caf8-4949-bb22-644b6abf19ea",
        "x-ms-ratelimit-remaining-subscription-reads": "11434",
        "x-ms-request-id": "38f3ddeb-9026-445b-bbc2-471e513befc5",
        "x-ms-routing-request-id": "SOUTHEASTASIA:20200914T031037Z:680a0c0c-caf8-4949-bb22-644b6abf19ea"
      },
      "ResponseBody": []
    },
    {
      "RequestUri": "https://management.azure.com/subscriptions/c9cbd920-c00c-427c-852b-8aaf38badaeb/providers/Microsoft.Storage/locations/eastus2euap/asyncoperations/6863e194-37f5-40b8-a0a3-0494c7c9af73?monitor=true\u0026api-version=2019-06-01",
      "RequestMethod": "GET",
      "RequestHeaders": {
        "Authorization": "Sanitized",
        "User-Agent": [
          "azsdk-net-ResourceManager.Storage/1.0.0-alpha.20200914.1",
          "(.NET Core 4.6.29130.01; Microsoft Windows 10.0.19041 )"
        ],
        "x-ms-client-request-id": "e9ff434b451b582d3fdf15a572603fac",
        "x-ms-return-client-request-id": "true"
      },
      "RequestBody": null,
      "StatusCode": 200,
      "ResponseHeaders": {
        "Cache-Control": "no-cache",
        "Content-Length": "1196",
        "Content-Type": "application/json",
        "Date": "Mon, 14 Sep 2020 03:10:38 GMT",
        "Expires": "-1",
        "Pragma": "no-cache",
        "Server": "Microsoft-Azure-Storage-Resource-Provider/1.0,Microsoft-HTTPAPI/2.0 Microsoft-HTTPAPI/2.0",
        "Strict-Transport-Security": "max-age=31536000; includeSubDomains",
        "X-Content-Type-Options": "nosniff",
        "x-ms-client-request-id": "e9ff434b451b582d3fdf15a572603fac",
        "x-ms-correlation-request-id": "b699bd0c-6732-464e-8d84-0bd5590ae48d",
        "x-ms-ratelimit-remaining-subscription-reads": "11433",
        "x-ms-request-id": "668209ee-1287-42ae-b404-c50617cb5c29",
        "x-ms-routing-request-id": "SOUTHEASTASIA:20200914T031039Z:b699bd0c-6732-464e-8d84-0bd5590ae48d"
      },
      "ResponseBody": {
        "sku": {
          "name": "Standard_LRS",
          "tier": "Standard"
        },
        "kind": "StorageV2",
        "id": "/subscriptions/c9cbd920-c00c-427c-852b-8aaf38badaeb/resourceGroups/res7236/providers/Microsoft.Storage/storageAccounts/sto6261",
        "name": "sto6261",
        "type": "Microsoft.Storage/storageAccounts",
        "location": "eastus2euap",
        "tags": {},
        "properties": {
          "privateEndpointConnections": [],
          "networkAcls": {
            "bypass": "AzureServices",
            "virtualNetworkRules": [],
            "ipRules": [],
            "defaultAction": "Allow"
          },
          "supportsHttpsTrafficOnly": true,
          "encryption": {
            "services": {
              "file": {
                "keyType": "Account",
                "enabled": true,
                "lastEnabledTime": "2020-09-14T03:10:22.1826001Z"
              },
              "blob": {
                "keyType": "Account",
                "enabled": true,
                "lastEnabledTime": "2020-09-14T03:10:22.1826001Z"
              }
            },
            "keySource": "Microsoft.Storage"
          },
          "accessTier": "Hot",
          "provisioningState": "Succeeded",
          "creationTime": "2020-09-14T03:10:22.1125966Z",
          "primaryEndpoints": {
            "dfs": "https://sto6261.dfs.core.windows.net/",
            "web": "https://sto6261.z3.web.core.windows.net/",
            "blob": "https://sto6261.blob.core.windows.net/",
            "queue": "https://sto6261.queue.core.windows.net/",
            "table": "https://sto6261.table.core.windows.net/",
            "file": "https://sto6261.file.core.windows.net/"
          },
          "primaryLocation": "eastus2euap",
          "statusOfPrimary": "available"
        }
      }
    },
    {
      "RequestUri": "https://management.azure.com/subscriptions/c9cbd920-c00c-427c-852b-8aaf38badaeb/resourceGroups/res7236/providers/Microsoft.Storage/storageAccounts/sto6261/encryptionScopes/testscope?api-version=2019-06-01",
      "RequestMethod": "PUT",
      "RequestHeaders": {
        "Accept": "application/json",
        "Authorization": "Sanitized",
        "Content-Length": "64",
        "Content-Type": "application/json",
        "traceparent": "00-e184b017c62d0348921b33ab58fc3904-34d0d2bce90a8140-00",
        "User-Agent": [
          "azsdk-net-ResourceManager.Storage/1.0.0-alpha.20200914.1",
          "(.NET Core 4.6.29130.01; Microsoft Windows 10.0.19041 )"
        ],
        "x-ms-client-request-id": "79bb65556b96f638dadf29e84c78da94",
        "x-ms-return-client-request-id": "true"
      },
      "RequestBody": {
        "properties": {
          "source": "Microsoft.Storage",
          "state": "Disabled"
        }
      },
      "StatusCode": 201,
      "ResponseHeaders": {
        "Cache-Control": "no-cache",
        "Content-Length": "424",
        "Content-Type": "application/json",
        "Date": "Mon, 14 Sep 2020 03:10:39 GMT",
        "Expires": "-1",
        "Pragma": "no-cache",
        "Server": "Microsoft-Azure-Storage-Resource-Provider/1.0,Microsoft-HTTPAPI/2.0 Microsoft-HTTPAPI/2.0",
        "Strict-Transport-Security": "max-age=31536000; includeSubDomains",
        "X-Content-Type-Options": "nosniff",
        "x-ms-client-request-id": "79bb65556b96f638dadf29e84c78da94",
        "x-ms-correlation-request-id": "d6bc98d9-91d1-41df-9931-6001c245554a",
        "x-ms-ratelimit-remaining-subscription-writes": "1041",
        "x-ms-request-id": "3ac483b4-1a35-4862-b01f-06aa8a2e031d",
        "x-ms-routing-request-id": "SOUTHEASTASIA:20200914T031039Z:d6bc98d9-91d1-41df-9931-6001c245554a"
      },
      "ResponseBody": {
        "id": "/subscriptions/c9cbd920-c00c-427c-852b-8aaf38badaeb/resourceGroups/res7236/providers/Microsoft.Storage/storageAccounts/sto6261/encryptionScopes/testscope",
        "type": "Microsoft.Storage/storageAccounts/encryptionScopes",
        "name": "testscope",
        "properties": {
          "source": "Microsoft.Storage",
          "keyVaultProperties": {},
          "creationTime": "2020-09-14T03:10:39.4066234Z",
          "lastModifiedTime": "2020-09-14T03:10:39.4066234Z",
          "state": "Disabled"
        }
      }
    },
    {
      "RequestUri": "https://management.azure.com/subscriptions/c9cbd920-c00c-427c-852b-8aaf38badaeb/resourceGroups/res7236/providers/Microsoft.Storage/storageAccounts/sto6261/encryptionScopes/testscope?api-version=2019-06-01",
      "RequestMethod": "GET",
      "RequestHeaders": {
        "Accept": "application/json",
        "Authorization": "Sanitized",
        "traceparent": "00-fb27f73f1a64bb4f99dca805562059a1-cee3aebe36994648-00",
        "User-Agent": [
          "azsdk-net-ResourceManager.Storage/1.0.0-alpha.20200914.1",
          "(.NET Core 4.6.29130.01; Microsoft Windows 10.0.19041 )"
        ],
        "x-ms-client-request-id": "f74cbaa38bfa2a81191acd9e203fd2ac",
        "x-ms-return-client-request-id": "true"
      },
      "RequestBody": null,
      "StatusCode": 200,
      "ResponseHeaders": {
        "Cache-Control": "no-cache",
        "Content-Length": "400",
        "Content-Type": "application/json",
        "Date": "Mon, 14 Sep 2020 03:10:39 GMT",
        "Expires": "-1",
        "Pragma": "no-cache",
        "Server": "Microsoft-Azure-Storage-Resource-Provider/1.0,Microsoft-HTTPAPI/2.0 Microsoft-HTTPAPI/2.0",
        "Strict-Transport-Security": "max-age=31536000; includeSubDomains",
        "X-Content-Type-Options": "nosniff",
        "x-ms-client-request-id": "f74cbaa38bfa2a81191acd9e203fd2ac",
        "x-ms-correlation-request-id": "4f9e58d9-e202-4802-867a-daae1c9d7429",
        "x-ms-ratelimit-remaining-subscription-reads": "11432",
        "x-ms-request-id": "f8f6fe2a-e237-4ab4-87da-86839bcde87e",
        "x-ms-routing-request-id": "SOUTHEASTASIA:20200914T031039Z:4f9e58d9-e202-4802-867a-daae1c9d7429"
      },
      "ResponseBody": {
        "id": "/subscriptions/c9cbd920-c00c-427c-852b-8aaf38badaeb/resourceGroups/res7236/providers/Microsoft.Storage/storageAccounts/sto6261/encryptionScopes/testscope",
        "type": "Microsoft.Storage/storageAccounts/encryptionScopes",
        "name": "testscope",
        "properties": {
          "source": "Microsoft.Storage",
          "creationTime": "2020-09-14T03:10:39.4066234Z",
          "lastModifiedTime": "2020-09-14T03:10:39.4066234Z",
          "state": "Disabled"
        }
      }
    },
    {
      "RequestUri": "https://management.azure.com/subscriptions/c9cbd920-c00c-427c-852b-8aaf38badaeb/resourceGroups/res7236/providers/Microsoft.Storage/storageAccounts/sto6261/encryptionScopes/testscope?api-version=2019-06-01",
      "RequestMethod": "PATCH",
      "RequestHeaders": {
        "Accept": "application/json",
        "Authorization": "Sanitized",
        "Content-Length": "63",
        "Content-Type": "application/json",
        "traceparent": "00-040f247570900943959834f35394bcdf-61807dd27bec914f-00",
        "User-Agent": [
          "azsdk-net-ResourceManager.Storage/1.0.0-alpha.20200914.1",
          "(.NET Core 4.6.29130.01; Microsoft Windows 10.0.19041 )"
        ],
        "x-ms-client-request-id": "7693949962f3e09e0a090f3c1b440cc7",
        "x-ms-return-client-request-id": "true"
      },
      "RequestBody": {
        "properties": {
          "source": "Microsoft.Storage",
          "state": "Enabled"
        }
      },
      "StatusCode": 200,
      "ResponseHeaders": {
        "Cache-Control": "no-cache",
        "Content-Length": "399",
        "Content-Type": "application/json",
        "Date": "Mon, 14 Sep 2020 03:10:40 GMT",
        "Expires": "-1",
        "Pragma": "no-cache",
        "Server": "Microsoft-Azure-Storage-Resource-Provider/1.0,Microsoft-HTTPAPI/2.0 Microsoft-HTTPAPI/2.0",
        "Strict-Transport-Security": "max-age=31536000; includeSubDomains",
        "X-Content-Type-Options": "nosniff",
        "x-ms-client-request-id": "7693949962f3e09e0a090f3c1b440cc7",
        "x-ms-correlation-request-id": "84676924-ab41-4da4-b88b-70f92e554c29",
        "x-ms-ratelimit-remaining-subscription-writes": "1040",
        "x-ms-request-id": "76b25c3f-92c5-4c58-8e00-2deeb29b3f85",
        "x-ms-routing-request-id": "SOUTHEASTASIA:20200914T031040Z:84676924-ab41-4da4-b88b-70f92e554c29"
      },
      "ResponseBody": {
        "id": "/subscriptions/c9cbd920-c00c-427c-852b-8aaf38badaeb/resourceGroups/res7236/providers/Microsoft.Storage/storageAccounts/sto6261/encryptionScopes/testscope",
        "type": "Microsoft.Storage/storageAccounts/encryptionScopes",
        "name": "testscope",
        "properties": {
          "source": "Microsoft.Storage",
          "creationTime": "2020-09-14T03:10:39.4066234Z",
          "lastModifiedTime": "2020-09-14T03:10:40.3571102Z",
          "state": "Enabled"
        }
      }
    },
    {
      "RequestUri": "https://management.azure.com/subscriptions/c9cbd920-c00c-427c-852b-8aaf38badaeb/resourceGroups/res7236/providers/Microsoft.Storage/storageAccounts/sto6261/encryptionScopes?api-version=2019-06-01",
      "RequestMethod": "GET",
      "RequestHeaders": {
        "Accept": "application/json",
        "Authorization": "Sanitized",
        "User-Agent": [
          "azsdk-net-ResourceManager.Storage/1.0.0-alpha.20200914.1",
          "(.NET Core 4.6.29130.01; Microsoft Windows 10.0.19041 )"
        ],
        "x-ms-client-request-id": "b80181044714cab1e391607c9d9ad59a",
        "x-ms-return-client-request-id": "true"
      },
      "RequestBody": null,
      "StatusCode": 200,
      "ResponseHeaders": {
        "Cache-Control": "no-cache",
        "Content-Length": "411",
        "Content-Type": "application/json",
        "Date": "Mon, 14 Sep 2020 03:10:40 GMT",
        "Expires": "-1",
        "Pragma": "no-cache",
        "Server": "Microsoft-Azure-Storage-Resource-Provider/1.0,Microsoft-HTTPAPI/2.0 Microsoft-HTTPAPI/2.0",
        "Strict-Transport-Security": "max-age=31536000; includeSubDomains",
        "X-Content-Type-Options": "nosniff",
        "x-ms-client-request-id": "b80181044714cab1e391607c9d9ad59a",
        "x-ms-correlation-request-id": "951d23d3-8a5d-49ec-b986-897c85c57016",
        "x-ms-ratelimit-remaining-subscription-reads": "11431",
        "x-ms-request-id": "4ab331af-f4ab-4063-a350-ec1dd08f8a5a",
        "x-ms-routing-request-id": "SOUTHEASTASIA:20200914T031040Z:951d23d3-8a5d-49ec-b986-897c85c57016"
      },
      "ResponseBody": {
        "value": [
          {
            "id": "/subscriptions/c9cbd920-c00c-427c-852b-8aaf38badaeb/resourceGroups/res7236/providers/Microsoft.Storage/storageAccounts/sto6261/encryptionScopes/testscope",
            "type": "Microsoft.Storage/storageAccounts/encryptionScopes",
            "name": "testscope",
            "properties": {
              "source": "Microsoft.Storage",
              "creationTime": "2020-09-14T03:10:39.4066234Z",
              "lastModifiedTime": "2020-09-14T03:10:40.3571102Z",
              "state": "Enabled"
            }
          }
        ]
      }
    }
  ],
  "Variables": {
    "RandomSeed": "315046422",
    "SUBSCRIPTION_ID": "c9cbd920-c00c-427c-852b-8aaf38badaeb"
  }
}