{
  "Entries": [
    {
      "RequestUri": "https://management.azure.com/subscriptions/45b60d85-fd72-427a-a708-f994d26e593e?api-version=2021-01-01",
      "RequestMethod": "GET",
      "RequestHeaders": {
        "Accept": "application/json",
        "Authorization": "Sanitized",
        "traceparent": "00-7d6b7172cfb4064f96662d80f1619e9f-d849811a73d5de4b-00",
        "User-Agent": "azsdk-net-ResourceManager/1.3.1 (.NET Framework 4.8.4515.0; Microsoft Windows 10.0.19045 )",
        "x-ms-client-request-id": "3075d579636079b33b4f2738d308867c",
        "x-ms-return-client-request-id": "true"
      },
      "RequestBody": null,
      "StatusCode": 200,
      "ResponseHeaders": {
        "Cache-Control": "no-cache",
        "Content-Length": "411",
        "Content-Type": "application/json; charset=utf-8",
        "Date": "Fri, 18 Nov 2022 03:26:35 GMT",
        "Expires": "-1",
        "Pragma": "no-cache",
        "Strict-Transport-Security": "max-age=31536000; includeSubDomains",
        "X-Content-Type-Options": "nosniff",
        "x-ms-correlation-request-id": "b973f42a-5506-4b7c-9299-bae35f5c48bb",
        "x-ms-ratelimit-remaining-subscription-reads": "11984",
        "x-ms-request-id": "b973f42a-5506-4b7c-9299-bae35f5c48bb",
        "x-ms-routing-request-id": "SOUTHEASTASIA:20221118T032636Z:b973f42a-5506-4b7c-9299-bae35f5c48bb"
      },
      "ResponseBody": {
        "id": "/subscriptions/45b60d85-fd72-427a-a708-f994d26e593e",
        "authorizationSource": "RoleBased",
        "managedByTenants": [],
        "subscriptionId": "45b60d85-fd72-427a-a708-f994d26e593e",
        "tenantId": "72f988bf-86f1-41af-91ab-2d7cd011db47",
        "displayName": "AzureStorage_DMStaging_10041369",
        "state": "Enabled",
        "subscriptionPolicies": {
          "locationPlacementId": "Internal_2014-09-01",
          "quotaId": "Internal_2014-09-01",
          "spendingLimit": "Off"
        }
      }
    },
    {
      "RequestUri": "https://management.azure.com/subscriptions/45b60d85-fd72-427a-a708-f994d26e593e/providers/Microsoft.Storage/checkNameAvailability?api-version=2022-09-01",
      "RequestMethod": "POST",
      "RequestHeaders": {
        "Accept": "application/json",
        "Authorization": "Sanitized",
        "Content-Length": "73",
        "Content-Type": "application/json",
        "traceparent": "00-574d4aaa7d622248bdebb681ffb884b6-30a4368e99cfff46-00",
        "User-Agent": "azsdk-net-ResourceManager.Storage/1.1.0-alpha.20221117.1 (.NET Framework 4.8.4515.0; Microsoft Windows 10.0.19045 )",
        "x-ms-client-request-id": "3d6254ff6eb2bf2fb1caf40320e8c1c1",
        "x-ms-return-client-request-id": "true"
      },
      "RequestBody": {
        "name": "teststoragemgmt1075",
        "type": "Microsoft.Storage/storageAccounts"
      },
      "StatusCode": 200,
      "ResponseHeaders": {
        "Cache-Control": "no-cache",
        "Content-Length": "22",
        "Content-Type": "application/json",
        "Date": "Fri, 18 Nov 2022 03:26:37 GMT",
        "Expires": "-1",
        "Pragma": "no-cache",
        "Server": "Microsoft-Azure-Storage-Resource-Provider/1.0,Microsoft-HTTPAPI/2.0 Microsoft-HTTPAPI/2.0",
        "Strict-Transport-Security": "max-age=31536000; includeSubDomains",
        "X-Content-Type-Options": "nosniff",
        "x-ms-client-request-id": "3d6254ff6eb2bf2fb1caf40320e8c1c1",
        "x-ms-correlation-request-id": "ec56cdc9-714a-4e7e-b5d2-eb6b74aae9c8",
        "x-ms-ratelimit-remaining-subscription-reads": "11983",
        "x-ms-request-id": "6b46e885-0aba-483f-8404-5f4ab33971f6",
        "x-ms-routing-request-id": "SOUTHEASTASIA:20221118T032637Z:ec56cdc9-714a-4e7e-b5d2-eb6b74aae9c8"
      },
      "ResponseBody": {
        "nameAvailable": true
      }
    },
    {
      "RequestUri": "https://management.azure.com/subscriptions/45b60d85-fd72-427a-a708-f994d26e593e/resourcegroups/teststorageRG-406?api-version=**",
      "RequestMethod": "PUT",
      "RequestHeaders": {
        "Accept": "application/json",
        "Authorization": "Sanitized",
        "Content-Length": "44",
        "Content-Type": "application/json",
        "traceparent": "00-457205de2a7ef6439774f55841c45ee6-29b8fde3c1889244-00",
        "User-Agent": "azsdk-net-ResourceManager/1.3.1 (.NET Framework 4.8.4515.0; Microsoft Windows 10.0.19045 )",
        "x-ms-client-request-id": "f37eb90564f2996eca86bf5abe447541",
        "x-ms-return-client-request-id": "true"
      },
      "RequestBody": {
        "tags": {
          "test": "env"
        },
        "location": "eastus2"
      },
      "StatusCode": 201,
      "ResponseHeaders": {
        "Cache-Control": "no-cache",
        "Content-Length": "254",
        "Content-Type": "application/json; charset=utf-8",
        "Date": "Fri, 18 Nov 2022 03:26:39 GMT",
        "Expires": "-1",
        "Pragma": "no-cache",
        "Strict-Transport-Security": "max-age=31536000; includeSubDomains",
        "X-Content-Type-Options": "nosniff",
        "x-ms-correlation-request-id": "3063180c-41d7-45a0-b190-61ec6ef65576",
        "x-ms-ratelimit-remaining-subscription-writes": "1194",
        "x-ms-request-id": "3063180c-41d7-45a0-b190-61ec6ef65576",
        "x-ms-routing-request-id": "SOUTHEASTASIA:20221118T032639Z:3063180c-41d7-45a0-b190-61ec6ef65576"
      },
      "ResponseBody": {
        "id": "/subscriptions/45b60d85-fd72-427a-a708-f994d26e593e/resourceGroups/teststorageRG-406",
        "name": "teststorageRG-406",
        "type": "Microsoft.Resources/resourceGroups",
        "location": "eastus2",
        "tags": {
          "test": "env"
        },
        "properties": {
          "provisioningState": "Succeeded"
        }
      }
    },
    {
      "RequestUri": "https://management.azure.com/subscriptions/45b60d85-fd72-427a-a708-f994d26e593e/resourceGroups/teststorageRG-406/providers/Microsoft.Storage/storageAccounts/teststoragemgmt1075?api-version=2022-09-01",
      "RequestMethod": "PUT",
      "RequestHeaders": {
        "Accept": "application/json",
        "Authorization": "Sanitized",
        "Content-Length": "128",
        "Content-Type": "application/json",
        "traceparent": "00-6a1a20d2233fc948a8ed331b3b7ccdf6-8dd07137eccafb4a-00",
        "User-Agent": "azsdk-net-ResourceManager.Storage/1.1.0-alpha.20221117.1 (.NET Framework 4.8.4515.0; Microsoft Windows 10.0.19045 )",
        "x-ms-client-request-id": "2ca580a9c740466670ae99bf751a6765",
        "x-ms-return-client-request-id": "true"
      },
      "RequestBody": {
        "sku": {
          "name": "Standard_LRS"
        },
        "kind": "StorageV2",
        "location": "eastus2",
        "tags": {
          "key1": "value1",
          "key2": "value2"
        },
        "properties": {}
      },
      "StatusCode": 202,
      "ResponseHeaders": {
        "Cache-Control": "no-cache",
        "Content-Length": "0",
        "Content-Type": "text/plain; charset=utf-8",
        "Date": "Fri, 18 Nov 2022 03:26:44 GMT",
        "Expires": "-1",
        "Location": "https://management.azure.com/subscriptions/45b60d85-fd72-427a-a708-f994d26e593e/providers/Microsoft.Storage/locations/eastus2/asyncoperations/0765d55e-ce4a-405a-8c03-53e764e1fff9?monitor=true\u0026api-version=2022-09-01",
        "Pragma": "no-cache",
        "Retry-After": "17",
        "Server": "Microsoft-Azure-Storage-Resource-Provider/1.0,Microsoft-HTTPAPI/2.0 Microsoft-HTTPAPI/2.0",
        "Strict-Transport-Security": "max-age=31536000; includeSubDomains",
        "X-Content-Type-Options": "nosniff",
        "x-ms-client-request-id": "2ca580a9c740466670ae99bf751a6765",
        "x-ms-correlation-request-id": "aa60e91d-e1d5-473b-b2ed-43f82b9c309f",
        "x-ms-ratelimit-remaining-subscription-writes": "1193",
        "x-ms-request-id": "0765d55e-ce4a-405a-8c03-53e764e1fff9",
        "x-ms-routing-request-id": "SOUTHEASTASIA:20221118T032644Z:aa60e91d-e1d5-473b-b2ed-43f82b9c309f"
      },
      "ResponseBody": null
    },
    {
      "RequestUri": "https://management.azure.com/subscriptions/45b60d85-fd72-427a-a708-f994d26e593e/providers/Microsoft.Storage/locations/eastus2/asyncoperations/0765d55e-ce4a-405a-8c03-53e764e1fff9?monitor=true\u0026api-version=2022-09-01",
      "RequestMethod": "GET",
      "RequestHeaders": {
        "Authorization": "Sanitized",
        "traceparent": "00-6a1a20d2233fc948a8ed331b3b7ccdf6-d5574fa76735154f-00",
        "User-Agent": "azsdk-net-ResourceManager/1.3.1 (.NET Framework 4.8.4515.0; Microsoft Windows 10.0.19045 )",
        "x-ms-client-request-id": "6876c27e951c3d4b53388244cbae24af",
        "x-ms-return-client-request-id": "true"
      },
      "RequestBody": null,
      "StatusCode": 202,
      "ResponseHeaders": {
        "Cache-Control": "no-cache",
        "Content-Length": "0",
        "Content-Type": "text/plain; charset=utf-8",
        "Date": "Fri, 18 Nov 2022 03:26:44 GMT",
        "Expires": "-1",
        "Location": "https://management.azure.com/subscriptions/45b60d85-fd72-427a-a708-f994d26e593e/providers/Microsoft.Storage/locations/eastus2/asyncoperations/0765d55e-ce4a-405a-8c03-53e764e1fff9?monitor=true\u0026api-version=2022-09-01",
        "Pragma": "no-cache",
        "Retry-After": "17",
        "Server": "Microsoft-Azure-Storage-Resource-Provider/1.0,Microsoft-HTTPAPI/2.0 Microsoft-HTTPAPI/2.0",
        "Strict-Transport-Security": "max-age=31536000; includeSubDomains",
        "X-Content-Type-Options": "nosniff",
        "x-ms-client-request-id": "6876c27e951c3d4b53388244cbae24af",
        "x-ms-correlation-request-id": "114c0ced-fa1e-4840-8ac7-93dc209113fd",
        "x-ms-ratelimit-remaining-subscription-reads": "11982",
        "x-ms-request-id": "dcc23f27-5f6f-41cc-8573-3944c23aadfc",
        "x-ms-routing-request-id": "SOUTHEASTASIA:20221118T032645Z:114c0ced-fa1e-4840-8ac7-93dc209113fd"
      },
      "ResponseBody": null
    },
    {
      "RequestUri": "https://management.azure.com/subscriptions/45b60d85-fd72-427a-a708-f994d26e593e/providers/Microsoft.Storage/locations/eastus2/asyncoperations/0765d55e-ce4a-405a-8c03-53e764e1fff9?monitor=true\u0026api-version=2022-09-01",
      "RequestMethod": "GET",
      "RequestHeaders": {
        "Authorization": "Sanitized",
        "traceparent": "00-6a1a20d2233fc948a8ed331b3b7ccdf6-c2cea0f0af0b754b-00",
        "User-Agent": "azsdk-net-ResourceManager/1.3.1 (.NET Framework 4.8.4515.0; Microsoft Windows 10.0.19045 )",
        "x-ms-client-request-id": "76e4591fa841a54374b5399cdf7dd60b",
        "x-ms-return-client-request-id": "true"
      },
      "RequestBody": null,
      "StatusCode": 200,
      "ResponseHeaders": {
        "Cache-Control": "no-cache",
        "Content-Length": "1480",
        "Content-Type": "application/json",
        "Date": "Fri, 18 Nov 2022 03:27:01 GMT",
        "Expires": "-1",
        "Pragma": "no-cache",
        "Server": "Microsoft-Azure-Storage-Resource-Provider/1.0,Microsoft-HTTPAPI/2.0 Microsoft-HTTPAPI/2.0",
        "Strict-Transport-Security": "max-age=31536000; includeSubDomains",
        "X-Content-Type-Options": "nosniff",
        "x-ms-client-request-id": "76e4591fa841a54374b5399cdf7dd60b",
        "x-ms-correlation-request-id": "ab1470e6-bf1d-4ad4-9eb6-83cc800ad38f",
        "x-ms-ratelimit-remaining-subscription-reads": "11981",
        "x-ms-request-id": "e7d32339-b2d9-431d-bc40-db00ba3d0080",
        "x-ms-routing-request-id": "SOUTHEASTASIA:20221118T032702Z:ab1470e6-bf1d-4ad4-9eb6-83cc800ad38f"
      },
      "ResponseBody": {
        "sku": {
          "name": "Standard_LRS",
          "tier": "Standard"
        },
        "kind": "StorageV2",
        "id": "/subscriptions/45b60d85-fd72-427a-a708-f994d26e593e/resourceGroups/teststorageRG-406/providers/Microsoft.Storage/storageAccounts/teststoragemgmt1075",
        "name": "teststoragemgmt1075",
        "type": "Microsoft.Storage/storageAccounts",
        "location": "eastus2",
        "tags": {
          "key1": "value1",
          "key2": "value2"
        },
        "properties": {
          "keyCreationTime": {
            "key1": "2022-11-18T03:26:42.5812991Z",
            "key2": "2022-11-18T03:26:42.5812991Z"
          },
          "privateEndpointConnections": [],
          "minimumTlsVersion": "TLS1_0",
          "allowBlobPublicAccess": true,
          "networkAcls": {
            "bypass": "AzureServices",
            "virtualNetworkRules": [],
            "ipRules": [],
            "defaultAction": "Allow"
          },
          "supportsHttpsTrafficOnly": true,
          "encryption": {
            "services": {
              "file": {
                "keyType": "Account",
                "enabled": true,
                "lastEnabledTime": "2022-11-18T03:26:43.3157144Z"
              },
              "blob": {
                "keyType": "Account",
                "enabled": true,
                "lastEnabledTime": "2022-11-18T03:26:43.3157144Z"
              }
            },
            "keySource": "Microsoft.Storage"
          },
          "accessTier": "Hot",
          "provisioningState": "Succeeded",
          "creationTime": "2022-11-18T03:26:42.4719443Z",
          "primaryEndpoints": {
            "dfs": "https://teststoragemgmt1075.dfs.core.windows.net/",
            "web": "https://teststoragemgmt1075.z20.web.core.windows.net/",
            "blob": "https://teststoragemgmt1075.blob.core.windows.net/",
            "queue": "https://teststoragemgmt1075.queue.core.windows.net/",
            "table": "https://teststoragemgmt1075.table.core.windows.net/",
            "file": "https://teststoragemgmt1075.file.core.windows.net/"
          },
          "primaryLocation": "eastus2",
          "statusOfPrimary": "available"
        }
      }
    },
    {
      "RequestUri": "https://management.azure.com/subscriptions/45b60d85-fd72-427a-a708-f994d26e593e/resourceGroups/teststorageRG-406/providers/Microsoft.Storage/storageAccounts/teststoragemgmt1075/privateEndpointConnections?api-version=2022-09-01",
      "RequestMethod": "GET",
      "RequestHeaders": {
        "Accept": "application/json",
        "Authorization": "Sanitized",
        "traceparent": "00-f0ce2b686285f247b3742b4d7743291f-50f93f2058434940-00",
        "User-Agent": "azsdk-net-ResourceManager.Storage/1.1.0-alpha.20221117.1 (.NET Framework 4.8.4515.0; Microsoft Windows 10.0.19045 )",
        "x-ms-client-request-id": "b34113baffa4e049fcc579c580c72444",
        "x-ms-return-client-request-id": "true"
      },
      "RequestBody": null,
      "StatusCode": 200,
      "ResponseHeaders": {
        "Cache-Control": "no-cache",
        "Content-Length": "12",
        "Content-Type": "application/json",
        "Date": "Fri, 18 Nov 2022 03:27:02 GMT",
        "Expires": "-1",
        "Pragma": "no-cache",
        "Server": "Microsoft-Azure-Storage-Resource-Provider/1.0,Microsoft-HTTPAPI/2.0 Microsoft-HTTPAPI/2.0",
        "Strict-Transport-Security": "max-age=31536000; includeSubDomains",
        "X-Content-Type-Options": "nosniff",
        "x-ms-client-request-id": "b34113baffa4e049fcc579c580c72444",
        "x-ms-correlation-request-id": "c4297229-0f4d-443d-b37a-62d73bd3fb09",
        "x-ms-ratelimit-remaining-subscription-reads": "11980",
        "x-ms-request-id": "f008c51d-c767-46cd-ad0e-4546b713f685",
        "x-ms-routing-request-id": "SOUTHEASTASIA:20221118T032703Z:c4297229-0f4d-443d-b37a-62d73bd3fb09"
      },
      "ResponseBody": {
        "value": []
      }
    },
    {
      "RequestUri": "https://management.azure.com/subscriptions/45b60d85-fd72-427a-a708-f994d26e593e/resourceGroups/teststorageRG-406/providers/Microsoft.Storage/storageAccounts?api-version=2022-09-01",
      "RequestMethod": "GET",
      "RequestHeaders": {
        "Accept": "application/json",
        "Authorization": "Sanitized",
        "traceparent": "00-96d9b0017578094d9c829bbcb21a98ee-8559b77319b04542-00",
        "User-Agent": "azsdk-net-ResourceManager.Storage/1.1.0-alpha.20221117.1 (.NET Framework 4.8.4515.0; Microsoft Windows 10.0.19045 )",
        "x-ms-client-request-id": "15c9387f7d81d5447ed0f3665cae5dd5",
        "x-ms-return-client-request-id": "true"
      },
      "RequestBody": null,
      "StatusCode": 200,
      "ResponseHeaders": {
        "Cache-Control": "no-cache",
        "Content-Length": "1492",
        "Content-Type": "application/json",
        "Date": "Fri, 18 Nov 2022 03:27:02 GMT",
        "Expires": "-1",
        "Pragma": "no-cache",
        "Server": "Microsoft-Azure-Storage-Resource-Provider/1.0,Microsoft-HTTPAPI/2.0 Microsoft-HTTPAPI/2.0",
        "Strict-Transport-Security": "max-age=31536000; includeSubDomains",
        "X-Content-Type-Options": "nosniff",
        "x-ms-client-request-id": "15c9387f7d81d5447ed0f3665cae5dd5",
        "x-ms-correlation-request-id": "6461452c-7048-4261-a428-94ea06833cfa",
        "x-ms-ratelimit-remaining-subscription-reads": "11979",
        "x-ms-request-id": "76752e5d-278c-4757-8be9-b1db86d40c47",
        "x-ms-routing-request-id": "SOUTHEASTASIA:20221118T032703Z:6461452c-7048-4261-a428-94ea06833cfa"
      },
      "ResponseBody": {
        "value": [
          {
            "sku": {
              "name": "Standard_LRS",
              "tier": "Standard"
            },
            "kind": "StorageV2",
            "id": "/subscriptions/45b60d85-fd72-427a-a708-f994d26e593e/resourceGroups/teststorageRG-406/providers/Microsoft.Storage/storageAccounts/teststoragemgmt1075",
            "name": "teststoragemgmt1075",
            "type": "Microsoft.Storage/storageAccounts",
            "location": "eastus2",
            "tags": {
              "key1": "value1",
              "key2": "value2"
            },
            "properties": {
              "keyCreationTime": {
                "key1": "2022-11-18T03:26:42.5812991Z",
                "key2": "2022-11-18T03:26:42.5812991Z"
              },
              "privateEndpointConnections": [],
              "minimumTlsVersion": "TLS1_0",
              "allowBlobPublicAccess": true,
              "networkAcls": {
                "bypass": "AzureServices",
                "virtualNetworkRules": [],
                "ipRules": [],
                "defaultAction": "Allow"
              },
              "supportsHttpsTrafficOnly": true,
              "encryption": {
                "services": {
                  "file": {
                    "keyType": "Account",
                    "enabled": true,
                    "lastEnabledTime": "2022-11-18T03:26:43.3157144Z"
                  },
                  "blob": {
                    "keyType": "Account",
                    "enabled": true,
                    "lastEnabledTime": "2022-11-18T03:26:43.3157144Z"
                  }
                },
                "keySource": "Microsoft.Storage"
              },
              "accessTier": "Hot",
              "provisioningState": "Succeeded",
              "creationTime": "2022-11-18T03:26:42.4719443Z",
              "primaryEndpoints": {
                "dfs": "https://teststoragemgmt1075.dfs.core.windows.net/",
                "web": "https://teststoragemgmt1075.z20.web.core.windows.net/",
                "blob": "https://teststoragemgmt1075.blob.core.windows.net/",
                "queue": "https://teststoragemgmt1075.queue.core.windows.net/",
                "table": "https://teststoragemgmt1075.table.core.windows.net/",
                "file": "https://teststoragemgmt1075.file.core.windows.net/"
              },
              "primaryLocation": "eastus2",
              "statusOfPrimary": "available"
            }
          }
        ]
      }
    },
    {
      "RequestUri": "https://management.azure.com/subscriptions/45b60d85-fd72-427a-a708-f994d26e593e/resourceGroups/teststorageRG-406/providers/Microsoft.Storage/storageAccounts/teststoragemgmt1075?api-version=2022-09-01",
      "RequestMethod": "DELETE",
      "RequestHeaders": {
        "Authorization": "Sanitized",
        "traceparent": "00-735ff36e9efda042884897876d8e25b5-1f7e1195e9901646-00",
        "User-Agent": "azsdk-net-ResourceManager.Storage/1.1.0-alpha.20221117.1 (.NET Framework 4.8.4515.0; Microsoft Windows 10.0.19045 )",
        "x-ms-client-request-id": "b78a7761706d200b10037a7b2e7d24ac",
        "x-ms-return-client-request-id": "true"
      },
      "RequestBody": null,
      "StatusCode": 200,
      "ResponseHeaders": {
        "Cache-Control": "no-cache",
        "Content-Length": "0",
        "Content-Type": "text/plain; charset=utf-8",
        "Date": "Fri, 18 Nov 2022 03:27:09 GMT",
        "Expires": "-1",
        "Pragma": "no-cache",
        "Server": "Microsoft-Azure-Storage-Resource-Provider/1.0,Microsoft-HTTPAPI/2.0 Microsoft-HTTPAPI/2.0",
        "Strict-Transport-Security": "max-age=31536000; includeSubDomains",
        "X-Content-Type-Options": "nosniff",
        "x-ms-client-request-id": "b78a7761706d200b10037a7b2e7d24ac",
        "x-ms-correlation-request-id": "1f82c437-9343-417f-a405-d7e102131320",
        "x-ms-ratelimit-remaining-subscription-deletes": "14997",
        "x-ms-request-id": "e7bd72d7-1414-493b-a2b0-1eadacbeaef1",
        "x-ms-routing-request-id": "SOUTHEASTASIA:20221118T032710Z:1f82c437-9343-417f-a405-d7e102131320"
      },
      "ResponseBody": null
    }
  ],
  "Variables": {
    "AZURE_AUTHORITY_HOST": "https://login.microsoftonline.com",
    "RandomSeed": "1916391710",
    "RESOURCE_MANAGER_URL": null,
    "SUBSCRIPTION_ID": "45b60d85-fd72-427a-a708-f994d26e593e"
  }
}
