{
  "Entries": [
    {
      "RequestUri": "https://management.azure.com/subscriptions/db1ab6f0-4769-4b27-930e-01e2ef9c123c?api-version=2021-01-01",
      "RequestMethod": "GET",
      "RequestHeaders": {
        "Accept": "application/json",
        "Authorization": "Sanitized",
        "traceparent": "00-a8afadabd06bd6408398182f28db1431-132cc02f3f4a6542-00",
        "User-Agent": "azsdk-net-ResourceManager/1.0.0-alpha.20220118.1 (.NET Framework 4.8.4420.0; Microsoft Windows 10.0.19043 )",
        "x-ms-client-request-id": "099ea4fbd441c36097ae25dd91211899",
        "x-ms-return-client-request-id": "true"
      },
      "RequestBody": null,
      "StatusCode": 200,
      "ResponseHeaders": {
        "Cache-Control": "no-cache",
        "Content-Length": "468",
        "Content-Type": "application/json; charset=utf-8",
        "Date": "Tue, 18 Jan 2022 04:34:57 GMT",
        "Expires": "-1",
        "Pragma": "no-cache",
        "Strict-Transport-Security": "max-age=31536000; includeSubDomains",
        "X-Content-Type-Options": "nosniff",
        "x-ms-correlation-request-id": "dc80f281-7bad-4394-802e-3991a7ffe89b",
        "x-ms-ratelimit-remaining-subscription-reads": "11870",
        "x-ms-request-id": "dc80f281-7bad-4394-802e-3991a7ffe89b",
        "x-ms-routing-request-id": "SOUTHEASTASIA:20220118T043458Z:dc80f281-7bad-4394-802e-3991a7ffe89b"
      },
      "ResponseBody": {
        "id": "/subscriptions/db1ab6f0-4769-4b27-930e-01e2ef9c123c",
        "authorizationSource": "RoleBased",
        "managedByTenants": [],
        "tags": {
          "tagKey1": "tagValue1",
          "tagKey2": "tagValue2"
        },
        "subscriptionId": "db1ab6f0-4769-4b27-930e-01e2ef9c123c",
        "tenantId": "72f988bf-86f1-41af-91ab-2d7cd011db47",
        "displayName": ".NET Mgmt SDK Test with TTL = 1 Day",
        "state": "Enabled",
        "subscriptionPolicies": {
          "locationPlacementId": "Internal_2014-09-01",
          "quotaId": "Internal_2014-09-01",
          "spendingLimit": "Off"
        }
      }
    },
    {
      "RequestUri": "https://management.azure.com/subscriptions/db1ab6f0-4769-4b27-930e-01e2ef9c123c/providers/Microsoft.Storage/checkNameAvailability?api-version=2021-08-01",
      "RequestMethod": "POST",
      "RequestHeaders": {
        "Accept": "application/json",
        "Authorization": "Sanitized",
        "Content-Length": "73",
        "Content-Type": "application/json",
        "User-Agent": "azsdk-net-ResourceManager.Storage/1.0.0-alpha.20220118.1 (.NET Framework 4.8.4420.0; Microsoft Windows 10.0.19043 )",
        "x-ms-client-request-id": "4e59ab3fb8a9abf281f55fe5f7f3b873",
        "x-ms-return-client-request-id": "true"
      },
      "RequestBody": {
        "name": "teststoragemgmt1207",
        "type": "Microsoft.Storage/storageAccounts"
      },
      "StatusCode": 200,
      "ResponseHeaders": {
        "Cache-Control": "no-cache",
        "Content-Length": "22",
        "Content-Type": "application/json",
        "Date": "Tue, 18 Jan 2022 04:34:58 GMT",
        "Expires": "-1",
        "Pragma": "no-cache",
        "Server": "Microsoft-Azure-Storage-Resource-Provider/1.0,Microsoft-HTTPAPI/2.0 Microsoft-HTTPAPI/2.0",
        "Strict-Transport-Security": "max-age=31536000; includeSubDomains",
        "X-Content-Type-Options": "nosniff",
        "x-ms-client-request-id": "4e59ab3fb8a9abf281f55fe5f7f3b873",
        "x-ms-correlation-request-id": "50e8c253-0117-4c5d-9c6f-85290477871d",
        "x-ms-ratelimit-remaining-subscription-reads": "11869",
        "x-ms-request-id": "4d377bec-8ae0-40fe-b5bf-03cd98215001",
        "x-ms-routing-request-id": "SOUTHEASTASIA:20220118T043459Z:50e8c253-0117-4c5d-9c6f-85290477871d"
      },
      "ResponseBody": {
        "nameAvailable": true
      }
    },
    {
      "RequestUri": "https://management.azure.com/subscriptions/db1ab6f0-4769-4b27-930e-01e2ef9c123c/resourcegroups/teststorageRG-3784?api-version=2021-04-01",
      "RequestMethod": "PUT",
      "RequestHeaders": {
        "Accept": "application/json",
        "Authorization": "Sanitized",
        "Content-Length": "44",
        "Content-Type": "application/json",
        "User-Agent": "azsdk-net-ResourceManager/1.0.0-alpha.20220118.1 (.NET Framework 4.8.4420.0; Microsoft Windows 10.0.19043 )",
        "x-ms-client-request-id": "99994157a5b8fb5ed34cd98192940051",
        "x-ms-return-client-request-id": "true"
      },
      "RequestBody": {
        "tags": {
          "test": "env"
        },
        "location": "eastus2"
      },
      "StatusCode": 201,
      "ResponseHeaders": {
        "Cache-Control": "no-cache",
        "Content-Length": "256",
        "Content-Type": "application/json; charset=utf-8",
        "Date": "Tue, 18 Jan 2022 04:34:59 GMT",
        "Expires": "-1",
        "Pragma": "no-cache",
        "Strict-Transport-Security": "max-age=31536000; includeSubDomains",
        "X-Content-Type-Options": "nosniff",
        "x-ms-correlation-request-id": "68c764ff-99c6-48c9-8050-a835bafcd1cd",
        "x-ms-ratelimit-remaining-subscription-writes": "1197",
        "x-ms-request-id": "68c764ff-99c6-48c9-8050-a835bafcd1cd",
        "x-ms-routing-request-id": "SOUTHEASTASIA:20220118T043500Z:68c764ff-99c6-48c9-8050-a835bafcd1cd"
      },
      "ResponseBody": {
        "id": "/subscriptions/db1ab6f0-4769-4b27-930e-01e2ef9c123c/resourceGroups/teststorageRG-3784",
        "name": "teststorageRG-3784",
        "type": "Microsoft.Resources/resourceGroups",
        "location": "eastus2",
        "tags": {
          "test": "env"
        },
        "properties": {
          "provisioningState": "Succeeded"
        }
      }
    },
    {
      "RequestUri": "https://management.azure.com/subscriptions/db1ab6f0-4769-4b27-930e-01e2ef9c123c/resourceGroups/teststorageRG-3784/providers/Microsoft.Storage/storageAccounts/teststoragemgmt1207?api-version=2021-08-01",
      "RequestMethod": "PUT",
      "RequestHeaders": {
        "Accept": "application/json",
        "Authorization": "Sanitized",
        "Content-Length": "126",
        "Content-Type": "application/json",
        "User-Agent": "azsdk-net-ResourceManager.Storage/1.0.0-alpha.20220118.1 (.NET Framework 4.8.4420.0; Microsoft Windows 10.0.19043 )",
        "x-ms-client-request-id": "cd9885aa525cabeb5ec0de01de9fbb6d",
        "x-ms-return-client-request-id": "true"
      },
      "RequestBody": {
        "sku": {
          "name": "Standard_GRS"
        },
        "kind": "Storage",
        "location": "eastus2",
        "tags": {
          "key1": "value1",
          "key2": "value2"
        },
        "properties": {}
      },
      "StatusCode": 202,
      "ResponseHeaders": {
        "Cache-Control": "no-cache",
        "Content-Length": "0",
        "Content-Type": "text/plain; charset=utf-8",
        "Date": "Tue, 18 Jan 2022 04:35:03 GMT",
        "Expires": "-1",
        "Location": "https://management.azure.com/subscriptions/db1ab6f0-4769-4b27-930e-01e2ef9c123c/providers/Microsoft.Storage/locations/eastus2/asyncoperations/cf75cf9a-8016-48ae-b169-dd77b390e710?monitor=true\u0026api-version=2021-08-01",
        "Pragma": "no-cache",
        "Retry-After": "17",
        "Server": "Microsoft-Azure-Storage-Resource-Provider/1.0,Microsoft-HTTPAPI/2.0 Microsoft-HTTPAPI/2.0",
        "Strict-Transport-Security": "max-age=31536000; includeSubDomains",
        "X-Content-Type-Options": "nosniff",
        "x-ms-client-request-id": "cd9885aa525cabeb5ec0de01de9fbb6d",
        "x-ms-correlation-request-id": "842a36eb-3abb-4426-befa-18c12dd374a2",
        "x-ms-ratelimit-remaining-subscription-writes": "1196",
        "x-ms-request-id": "cf75cf9a-8016-48ae-b169-dd77b390e710",
        "x-ms-routing-request-id": "SOUTHEASTASIA:20220118T043504Z:842a36eb-3abb-4426-befa-18c12dd374a2"
      },
      "ResponseBody": []
    },
    {
      "RequestUri": "https://management.azure.com/subscriptions/db1ab6f0-4769-4b27-930e-01e2ef9c123c/providers/Microsoft.Storage/locations/eastus2/asyncoperations/cf75cf9a-8016-48ae-b169-dd77b390e710?monitor=true\u0026api-version=2021-08-01",
      "RequestMethod": "GET",
      "RequestHeaders": {
        "Authorization": "Sanitized",
        "User-Agent": "azsdk-net-ResourceManager/1.0.0-alpha.20220118.1 (.NET Framework 4.8.4420.0; Microsoft Windows 10.0.19043 )",
        "x-ms-client-request-id": "6d4d935fa520051b55ed3bf8c65d1d34",
        "x-ms-return-client-request-id": "true"
      },
      "RequestBody": null,
      "StatusCode": 202,
      "ResponseHeaders": {
        "Cache-Control": "no-cache",
        "Content-Length": "0",
        "Content-Type": "text/plain; charset=utf-8",
        "Date": "Tue, 18 Jan 2022 04:35:04 GMT",
        "Expires": "-1",
        "Location": "https://management.azure.com/subscriptions/db1ab6f0-4769-4b27-930e-01e2ef9c123c/providers/Microsoft.Storage/locations/eastus2/asyncoperations/cf75cf9a-8016-48ae-b169-dd77b390e710?monitor=true\u0026api-version=2021-08-01",
        "Pragma": "no-cache",
        "Retry-After": "17",
        "Server": "Microsoft-Azure-Storage-Resource-Provider/1.0,Microsoft-HTTPAPI/2.0 Microsoft-HTTPAPI/2.0",
        "Strict-Transport-Security": "max-age=31536000; includeSubDomains",
        "X-Content-Type-Options": "nosniff",
        "x-ms-client-request-id": "6d4d935fa520051b55ed3bf8c65d1d34",
        "x-ms-correlation-request-id": "880e4078-9cd0-4ddf-99e4-b03823afffae",
        "x-ms-ratelimit-remaining-subscription-reads": "11868",
        "x-ms-request-id": "57231506-fd33-4847-81d5-a120b4917374",
        "x-ms-routing-request-id": "SOUTHEASTASIA:20220118T043504Z:880e4078-9cd0-4ddf-99e4-b03823afffae"
      },
      "ResponseBody": []
    },
    {
      "RequestUri": "https://management.azure.com/subscriptions/db1ab6f0-4769-4b27-930e-01e2ef9c123c/providers/Microsoft.Storage/locations/eastus2/asyncoperations/cf75cf9a-8016-48ae-b169-dd77b390e710?monitor=true\u0026api-version=2021-08-01",
      "RequestMethod": "GET",
      "RequestHeaders": {
        "Authorization": "Sanitized",
        "User-Agent": "azsdk-net-ResourceManager/1.0.0-alpha.20220118.1 (.NET Framework 4.8.4420.0; Microsoft Windows 10.0.19043 )",
        "x-ms-client-request-id": "78176b9129caa751fe91d30a7d7f9234",
        "x-ms-return-client-request-id": "true"
      },
      "RequestBody": null,
      "StatusCode": 200,
      "ResponseHeaders": {
        "Cache-Control": "no-cache",
        "Content-Length": "1346",
        "Content-Type": "application/json",
        "Date": "Tue, 18 Jan 2022 04:35:21 GMT",
        "Expires": "-1",
        "Pragma": "no-cache",
        "Server": "Microsoft-Azure-Storage-Resource-Provider/1.0,Microsoft-HTTPAPI/2.0 Microsoft-HTTPAPI/2.0",
        "Strict-Transport-Security": "max-age=31536000; includeSubDomains",
        "X-Content-Type-Options": "nosniff",
        "x-ms-client-request-id": "78176b9129caa751fe91d30a7d7f9234",
        "x-ms-correlation-request-id": "292b1a21-b7a3-47a7-8b3f-7c2dee485353",
        "x-ms-ratelimit-remaining-subscription-reads": "11867",
        "x-ms-request-id": "d353c6c2-a828-4f70-805f-bebf86654efe",
        "x-ms-routing-request-id": "SOUTHEASTASIA:20220118T043521Z:292b1a21-b7a3-47a7-8b3f-7c2dee485353"
      },
      "ResponseBody": {
        "sku": {
          "name": "Standard_GRS",
          "tier": "Standard"
        },
        "kind": "Storage",
        "id": "/subscriptions/db1ab6f0-4769-4b27-930e-01e2ef9c123c/resourceGroups/teststorageRG-3784/providers/Microsoft.Storage/storageAccounts/teststoragemgmt1207",
        "name": "teststoragemgmt1207",
        "type": "Microsoft.Storage/storageAccounts",
        "location": "eastus2",
        "tags": {
          "key1": "value1",
          "key2": "value2"
        },
        "properties": {
          "keyCreationTime": {
            "key1": "2022-01-18T04:35:02.8609066Z",
            "key2": "2022-01-18T04:35:02.8609066Z"
          },
          "privateEndpointConnections": [],
          "networkAcls": {
            "bypass": "AzureServices",
            "virtualNetworkRules": [],
            "ipRules": [],
            "defaultAction": "Allow"
          },
          "supportsHttpsTrafficOnly": true,
          "encryption": {
            "services": {
              "file": {
                "keyType": "Account",
                "enabled": true,
                "lastEnabledTime": "2022-01-18T04:35:02.8609066Z"
              },
              "blob": {
                "keyType": "Account",
                "enabled": true,
                "lastEnabledTime": "2022-01-18T04:35:02.8609066Z"
              }
            },
            "keySource": "Microsoft.Storage"
          },
          "provisioningState": "Succeeded",
          "creationTime": "2022-01-18T04:35:02.7515279Z",
          "primaryEndpoints": {
            "blob": "https://teststoragemgmt1207.blob.core.windows.net/",
            "queue": "https://teststoragemgmt1207.queue.core.windows.net/",
            "table": "https://teststoragemgmt1207.table.core.windows.net/",
            "file": "https://teststoragemgmt1207.file.core.windows.net/"
          },
          "primaryLocation": "eastus2",
          "statusOfPrimary": "available",
          "secondaryLocation": "centralus",
          "statusOfSecondary": "available"
        }
      }
    },
    {
      "RequestUri": "https://management.azure.com/subscriptions/db1ab6f0-4769-4b27-930e-01e2ef9c123c/resourceGroups/teststorageRG-3784/providers/Microsoft.Storage/storageAccounts/teststoragemgmt1207/ListServiceSas?api-version=2021-08-01",
      "RequestMethod": "POST",
      "RequestHeaders": {
        "Accept": "application/json",
        "Authorization": "Sanitized",
        "Content-Length": "150",
        "Content-Type": "application/json",
        "User-Agent": "azsdk-net-ResourceManager.Storage/1.0.0-alpha.20220118.1 (.NET Framework 4.8.4420.0; Microsoft Windows 10.0.19043 )",
        "x-ms-client-request-id": "4aa27dd14d52c44dfdc48112c78d3f9c",
        "x-ms-return-client-request-id": "true"
      },
      "RequestBody": {
        "canonicalizedResource": "/blob/teststoragemgmt1207/music",
        "signedResource": "c",
        "signedPermission": "rl",
        "signedExpiry": "2022-01-18T05:35:21.9961644Z"
      },
      "StatusCode": 200,
      "ResponseHeaders": {
        "Cache-Control": "no-cache",
        "Content-Length": "133",
        "Content-Type": "application/json",
        "Date": "Tue, 18 Jan 2022 04:35:21 GMT",
        "Expires": "-1",
        "Pragma": "no-cache",
        "Server": "Microsoft-Azure-Storage-Resource-Provider/1.0,Microsoft-HTTPAPI/2.0 Microsoft-HTTPAPI/2.0",
        "Strict-Transport-Security": "max-age=31536000; includeSubDomains",
        "X-Content-Type-Options": "nosniff",
        "x-ms-client-request-id": "4aa27dd14d52c44dfdc48112c78d3f9c",
        "x-ms-correlation-request-id": "f7718c9b-62e4-43da-9ee1-6f91fb121963",
        "x-ms-ratelimit-remaining-subscription-writes": "1198",
        "x-ms-request-id": "439edc34-9410-43da-8eb8-fdf5ecd1192f",
        "x-ms-routing-request-id": "SOUTHEASTASIA:20220118T043522Z:f7718c9b-62e4-43da-9ee1-6f91fb121963"
      },
      "ResponseBody": {
        "serviceSasToken": "sv=2015-04-05\u0026sr=c\u0026se=2022-01-18T05%3A35%3A21.9961644Z\u0026sp=rl\u0026sig=pGWcvZ7X7CRknjQSwTTl4uUGodRarmih8eEj388KJY4%3D"
      }
    },
    {
      "RequestUri": "https://management.azure.com/subscriptions/db1ab6f0-4769-4b27-930e-01e2ef9c123c/resourceGroups/teststorageRG-3784/providers/Microsoft.Storage/storageAccounts?api-version=2021-08-01",
      "RequestMethod": "GET",
      "RequestHeaders": {
        "Accept": "application/json",
        "Authorization": "Sanitized",
        "User-Agent": "azsdk-net-ResourceManager.Storage/1.0.0-alpha.20220118.1 (.NET Framework 4.8.4420.0; Microsoft Windows 10.0.19043 )",
        "x-ms-client-request-id": "aedaa1347612359642a66f8ed21188d6",
        "x-ms-return-client-request-id": "true"
      },
      "RequestBody": null,
      "StatusCode": 200,
      "ResponseHeaders": {
        "Cache-Control": "no-cache",
        "Content-Length": "1358",
        "Content-Type": "application/json",
        "Date": "Tue, 18 Jan 2022 04:35:22 GMT",
        "Expires": "-1",
        "Pragma": "no-cache",
        "Server": "Microsoft-Azure-Storage-Resource-Provider/1.0,Microsoft-HTTPAPI/2.0 Microsoft-HTTPAPI/2.0",
        "Strict-Transport-Security": "max-age=31536000; includeSubDomains",
        "X-Content-Type-Options": "nosniff",
        "x-ms-client-request-id": "aedaa1347612359642a66f8ed21188d6",
        "x-ms-correlation-request-id": "f360f2df-2504-4f33-9a2c-b38779560402",
        "x-ms-ratelimit-remaining-subscription-reads": "11866",
        "x-ms-request-id": "2ef1f7af-c193-40e2-a0da-096d38a6e6b3",
        "x-ms-routing-request-id": "SOUTHEASTASIA:20220118T043522Z:f360f2df-2504-4f33-9a2c-b38779560402"
      },
      "ResponseBody": {
        "value": [
          {
            "sku": {
              "name": "Standard_GRS",
              "tier": "Standard"
            },
            "kind": "Storage",
            "id": "/subscriptions/db1ab6f0-4769-4b27-930e-01e2ef9c123c/resourceGroups/teststorageRG-3784/providers/Microsoft.Storage/storageAccounts/teststoragemgmt1207",
            "name": "teststoragemgmt1207",
            "type": "Microsoft.Storage/storageAccounts",
            "location": "eastus2",
            "tags": {
              "key1": "value1",
              "key2": "value2"
            },
            "properties": {
              "keyCreationTime": {
                "key1": "2022-01-18T04:35:02.8609066Z",
                "key2": "2022-01-18T04:35:02.8609066Z"
              },
              "privateEndpointConnections": [],
              "networkAcls": {
                "bypass": "AzureServices",
                "virtualNetworkRules": [],
                "ipRules": [],
                "defaultAction": "Allow"
              },
              "supportsHttpsTrafficOnly": true,
              "encryption": {
                "services": {
                  "file": {
                    "keyType": "Account",
                    "enabled": true,
                    "lastEnabledTime": "2022-01-18T04:35:02.8609066Z"
                  },
                  "blob": {
                    "keyType": "Account",
                    "enabled": true,
                    "lastEnabledTime": "2022-01-18T04:35:02.8609066Z"
                  }
                },
                "keySource": "Microsoft.Storage"
              },
              "provisioningState": "Succeeded",
              "creationTime": "2022-01-18T04:35:02.7515279Z",
              "primaryEndpoints": {
                "blob": "https://teststoragemgmt1207.blob.core.windows.net/",
                "queue": "https://teststoragemgmt1207.queue.core.windows.net/",
                "table": "https://teststoragemgmt1207.table.core.windows.net/",
                "file": "https://teststoragemgmt1207.file.core.windows.net/"
              },
              "primaryLocation": "eastus2",
              "statusOfPrimary": "available",
              "secondaryLocation": "centralus",
              "statusOfSecondary": "available"
            }
          }
        ]
      }
    },
    {
      "RequestUri": "https://management.azure.com/subscriptions/db1ab6f0-4769-4b27-930e-01e2ef9c123c/resourceGroups/teststorageRG-3784/providers/Microsoft.Storage/storageAccounts/teststoragemgmt1207?api-version=2021-08-01",
      "RequestMethod": "DELETE",
      "RequestHeaders": {
        "Authorization": "Sanitized",
        "User-Agent": "azsdk-net-ResourceManager.Storage/1.0.0-alpha.20220118.1 (.NET Framework 4.8.4420.0; Microsoft Windows 10.0.19043 )",
        "x-ms-client-request-id": "4827075bd3bb44e11e527b06a83fdf70",
        "x-ms-return-client-request-id": "true"
      },
      "RequestBody": null,
      "StatusCode": 200,
      "ResponseHeaders": {
        "Cache-Control": "no-cache",
        "Content-Length": "0",
        "Content-Type": "text/plain; charset=utf-8",
        "Date": "Tue, 18 Jan 2022 04:35:25 GMT",
        "Expires": "-1",
        "Pragma": "no-cache",
        "Server": "Microsoft-Azure-Storage-Resource-Provider/1.0,Microsoft-HTTPAPI/2.0 Microsoft-HTTPAPI/2.0",
        "Strict-Transport-Security": "max-age=31536000; includeSubDomains",
        "X-Content-Type-Options": "nosniff",
        "x-ms-client-request-id": "4827075bd3bb44e11e527b06a83fdf70",
        "x-ms-correlation-request-id": "3d5dbb78-67af-4c47-afbb-f599165cc5de",
        "x-ms-ratelimit-remaining-subscription-deletes": "14986",
        "x-ms-request-id": "79a2e2fb-13e0-456c-9bf4-b8962aba2026",
        "x-ms-routing-request-id": "SOUTHEASTASIA:20220118T043526Z:3d5dbb78-67af-4c47-afbb-f599165cc5de"
      },
      "ResponseBody": []
    }
  ],
  "Variables": {
    "DateTimeOffsetNow": "2022-01-18T12:35:21.9961644\u002B08:00",
    "RandomSeed": "1390887681",
    "RESOURCE_MANAGER_URL": null,
    "SUBSCRIPTION_ID": "db1ab6f0-4769-4b27-930e-01e2ef9c123c"
  }
}