{
  "Entries": [
    {
      "RequestUri": "https://management.azure.com/subscriptions/db1ab6f0-4769-4b27-930e-01e2ef9c123c?api-version=2021-01-01",
      "RequestMethod": "GET",
      "RequestHeaders": {
        "Accept": "application/json",
        "Authorization": "Sanitized",
        "traceparent": "00-a3e37feaa9a9abfd68e63392eefbd4f1-a7136a942d53ce79-00",
        "User-Agent": "azsdk-net-ResourceManager/1.3.0 (.NET 6.0.8; Microsoft Windows 10.0.19044)",
        "x-ms-client-request-id": "a71dd65a976eb19fadf9c7c1e76856ab",
        "x-ms-return-client-request-id": "true"
      },
      "RequestBody": null,
      "StatusCode": 200,
      "ResponseHeaders": {
        "Cache-Control": "no-cache",
        "Content-Length": "747",
        "Content-Type": "application/json; charset=utf-8",
        "Date": "Thu, 18 Aug 2022 09:29:48 GMT",
        "Expires": "-1",
        "Pragma": "no-cache",
        "Strict-Transport-Security": "max-age=31536000; includeSubDomains",
        "X-Content-Type-Options": "nosniff",
        "x-ms-correlation-request-id": "ca258c26-2307-4bc3-ba19-456b942b0066",
        "x-ms-ratelimit-remaining-subscription-reads": "11813",
        "x-ms-request-id": "ca258c26-2307-4bc3-ba19-456b942b0066",
        "x-ms-routing-request-id": "SOUTHEASTASIA:20220818T092949Z:ca258c26-2307-4bc3-ba19-456b942b0066"
      },
      "ResponseBody": {
        "id": "/subscriptions/db1ab6f0-4769-4b27-930e-01e2ef9c123c",
        "authorizationSource": "RoleBased",
        "managedByTenants": [],
        "tags": {
          "TagKey-9823": "TagValue-566",
          "TagKey-3481": "TagValue-320",
          "TagKey-4926": "TagValue-1187",
          "TagKey-751": "TagValue-3921",
          "TagKey-1866": "TagValue-8559",
          "TagKey-3094": "TagValue-9190",
          "TagKey-2449": "TagValue-9",
          "TagKey-8379": "TagValue-164",
          "TagKey-7470": "TagValue-2205",
          "TagKey-4236": "TagValue-3698",
          "TagKey-5316": "TagValue-2725"
        },
        "subscriptionId": "db1ab6f0-4769-4b27-930e-01e2ef9c123c",
        "tenantId": "72f988bf-86f1-41af-91ab-2d7cd011db47",
        "displayName": ".NET Mgmt SDK Test with TTL = 1 Day",
        "state": "Enabled",
        "subscriptionPolicies": {
          "locationPlacementId": "Internal_2014-09-01",
          "quotaId": "Internal_2014-09-01",
          "spendingLimit": "Off"
        }
      }
    },
    {
      "RequestUri": "https://management.azure.com/subscriptions/db1ab6f0-4769-4b27-930e-01e2ef9c123c/providers/Microsoft.Storage/checkNameAvailability?api-version=2022-05-01",
      "RequestMethod": "POST",
      "RequestHeaders": {
        "Accept": "application/json",
        "Authorization": "Sanitized",
        "Content-Length": "73",
        "Content-Type": "application/json",
        "traceparent": "00-96e787ba0c01b30fa7d3e9863d996ed7-b4ed9c6a9ac2434b-00",
        "User-Agent": "azsdk-net-ResourceManager.Storage/1.0.0-alpha.20220818.1 (.NET 6.0.8; Microsoft Windows 10.0.19044)",
        "x-ms-client-request-id": "179557094530e3fa452727512e9b38b6",
        "x-ms-return-client-request-id": "true"
      },
      "RequestBody": {
        "name": "teststoragemgmt5535",
        "type": "Microsoft.Storage/storageAccounts"
      },
      "StatusCode": 200,
      "ResponseHeaders": {
        "Cache-Control": "no-cache",
        "Content-Length": "22",
        "Content-Type": "application/json",
        "Date": "Thu, 18 Aug 2022 09:29:49 GMT",
        "Expires": "-1",
        "Pragma": "no-cache",
        "Server": "Microsoft-Azure-Storage-Resource-Provider/1.0,Microsoft-HTTPAPI/2.0 Microsoft-HTTPAPI/2.0",
        "Strict-Transport-Security": "max-age=31536000; includeSubDomains",
        "X-Content-Type-Options": "nosniff",
        "x-ms-client-request-id": "179557094530e3fa452727512e9b38b6",
        "x-ms-correlation-request-id": "d31b7299-b1d9-405f-867f-e2b0dd627c63",
        "x-ms-ratelimit-remaining-subscription-reads": "11812",
        "x-ms-request-id": "56a9c4a6-f9df-4d0e-a709-273580e50664",
        "x-ms-routing-request-id": "SOUTHEASTASIA:20220818T092950Z:d31b7299-b1d9-405f-867f-e2b0dd627c63"
      },
      "ResponseBody": {
        "nameAvailable": true
      }
    },
    {
      "RequestUri": "https://management.azure.com/subscriptions/db1ab6f0-4769-4b27-930e-01e2ef9c123c/resourcegroups/teststorageRG-2386?api-version=2021-04-01",
      "RequestMethod": "PUT",
      "RequestHeaders": {
        "Accept": "application/json",
        "Authorization": "Sanitized",
        "Content-Length": "44",
        "Content-Type": "application/json",
        "traceparent": "00-59c25d8939eea6099dfc87cef90ae00f-02e6f495726c9090-00",
        "User-Agent": "azsdk-net-ResourceManager/1.3.0 (.NET 6.0.8; Microsoft Windows 10.0.19044)",
        "x-ms-client-request-id": "769ca3aa2d6448d78b5116ee4b428597",
        "x-ms-return-client-request-id": "true"
      },
      "RequestBody": {
        "tags": {
          "test": "env"
        },
        "location": "eastus2"
      },
      "StatusCode": 201,
      "ResponseHeaders": {
        "Cache-Control": "no-cache",
        "Content-Length": "256",
        "Content-Type": "application/json; charset=utf-8",
        "Date": "Thu, 18 Aug 2022 09:29:50 GMT",
        "Expires": "-1",
        "Pragma": "no-cache",
        "Strict-Transport-Security": "max-age=31536000; includeSubDomains",
        "X-Content-Type-Options": "nosniff",
        "x-ms-correlation-request-id": "b5908030-2a6c-4bd8-88d4-c7a939c4c6de",
        "x-ms-ratelimit-remaining-subscription-writes": "1128",
        "x-ms-request-id": "b5908030-2a6c-4bd8-88d4-c7a939c4c6de",
        "x-ms-routing-request-id": "SOUTHEASTASIA:20220818T092951Z:b5908030-2a6c-4bd8-88d4-c7a939c4c6de"
      },
      "ResponseBody": {
        "id": "/subscriptions/db1ab6f0-4769-4b27-930e-01e2ef9c123c/resourceGroups/teststorageRG-2386",
        "name": "teststorageRG-2386",
        "type": "Microsoft.Resources/resourceGroups",
        "location": "eastus2",
        "tags": {
          "test": "env"
        },
        "properties": {
          "provisioningState": "Succeeded"
        }
      }
    },
    {
      "RequestUri": "https://management.azure.com/subscriptions/db1ab6f0-4769-4b27-930e-01e2ef9c123c/resourceGroups/teststorageRG-2386/providers/Microsoft.Storage/storageAccounts/teststoragemgmt5535?api-version=2022-05-01",
      "RequestMethod": "PUT",
      "RequestHeaders": {
        "Accept": "application/json",
        "Authorization": "Sanitized",
        "Content-Length": "126",
        "Content-Type": "application/json",
        "traceparent": "00-50c55a1099463d844ad96079a04e2274-78aa878e517eb1f1-00",
        "User-Agent": "azsdk-net-ResourceManager.Storage/1.0.0-alpha.20220818.1 (.NET 6.0.8; Microsoft Windows 10.0.19044)",
        "x-ms-client-request-id": "62706c792aca2390c32870785f7f5d8e",
        "x-ms-return-client-request-id": "true"
      },
      "RequestBody": {
        "sku": {
          "name": "Standard_GRS"
        },
        "kind": "Storage",
        "location": "eastus2",
        "tags": {
          "key1": "value1",
          "key2": "value2"
        },
        "properties": {}
      },
      "StatusCode": 202,
      "ResponseHeaders": {
        "Cache-Control": "no-cache",
        "Content-Length": "0",
        "Content-Type": "text/plain; charset=utf-8",
        "Date": "Thu, 18 Aug 2022 09:29:54 GMT",
        "Expires": "-1",
        "Location": "https://management.azure.com/subscriptions/db1ab6f0-4769-4b27-930e-01e2ef9c123c/providers/Microsoft.Storage/locations/eastus2/asyncoperations/eb0bacc6-0fcb-46f4-9481-49ac55c15756?monitor=true\u0026api-version=2022-05-01",
        "Pragma": "no-cache",
        "Retry-After": "17",
        "Server": "Microsoft-Azure-Storage-Resource-Provider/1.0,Microsoft-HTTPAPI/2.0 Microsoft-HTTPAPI/2.0",
        "Strict-Transport-Security": "max-age=31536000; includeSubDomains",
        "X-Content-Type-Options": "nosniff",
        "x-ms-client-request-id": "62706c792aca2390c32870785f7f5d8e",
        "x-ms-correlation-request-id": "7b6e054b-14e3-49b2-a91e-acca4df6464a",
        "x-ms-ratelimit-remaining-subscription-writes": "1127",
        "x-ms-request-id": "eb0bacc6-0fcb-46f4-9481-49ac55c15756",
        "x-ms-routing-request-id": "SOUTHEASTASIA:20220818T092955Z:7b6e054b-14e3-49b2-a91e-acca4df6464a"
      },
      "ResponseBody": null
    },
    {
      "RequestUri": "https://management.azure.com/subscriptions/db1ab6f0-4769-4b27-930e-01e2ef9c123c/providers/Microsoft.Storage/locations/eastus2/asyncoperations/eb0bacc6-0fcb-46f4-9481-49ac55c15756?monitor=true\u0026api-version=2022-05-01",
      "RequestMethod": "GET",
      "RequestHeaders": {
        "Authorization": "Sanitized",
        "traceparent": "00-50c55a1099463d844ad96079a04e2274-7394e99a8305a657-00",
        "User-Agent": "azsdk-net-ResourceManager/1.3.0 (.NET 6.0.8; Microsoft Windows 10.0.19044)",
        "x-ms-client-request-id": "2fb4baa154c880461379b23cbd5fe80c",
        "x-ms-return-client-request-id": "true"
      },
      "RequestBody": null,
      "StatusCode": 202,
      "ResponseHeaders": {
        "Cache-Control": "no-cache",
        "Content-Length": "0",
        "Content-Type": "text/plain; charset=utf-8",
        "Date": "Thu, 18 Aug 2022 09:29:54 GMT",
        "Expires": "-1",
        "Location": "https://management.azure.com/subscriptions/db1ab6f0-4769-4b27-930e-01e2ef9c123c/providers/Microsoft.Storage/locations/eastus2/asyncoperations/eb0bacc6-0fcb-46f4-9481-49ac55c15756?monitor=true\u0026api-version=2022-05-01",
        "Pragma": "no-cache",
        "Retry-After": "17",
        "Server": "Microsoft-Azure-Storage-Resource-Provider/1.0,Microsoft-HTTPAPI/2.0 Microsoft-HTTPAPI/2.0",
        "Strict-Transport-Security": "max-age=31536000; includeSubDomains",
        "X-Content-Type-Options": "nosniff",
        "x-ms-client-request-id": "2fb4baa154c880461379b23cbd5fe80c",
        "x-ms-correlation-request-id": "1b7b4d99-3887-430d-9520-9c73ce4c7817",
        "x-ms-ratelimit-remaining-subscription-reads": "11811",
        "x-ms-request-id": "88d735b7-b101-4b0a-bfd0-2755a26c7dc0",
        "x-ms-routing-request-id": "SOUTHEASTASIA:20220818T092955Z:1b7b4d99-3887-430d-9520-9c73ce4c7817"
      },
      "ResponseBody": null
    },
    {
      "RequestUri": "https://management.azure.com/subscriptions/db1ab6f0-4769-4b27-930e-01e2ef9c123c/providers/Microsoft.Storage/locations/eastus2/asyncoperations/eb0bacc6-0fcb-46f4-9481-49ac55c15756?monitor=true\u0026api-version=2022-05-01",
      "RequestMethod": "GET",
      "RequestHeaders": {
        "Authorization": "Sanitized",
        "traceparent": "00-50c55a1099463d844ad96079a04e2274-5fd2eff6b886c67d-00",
        "User-Agent": "azsdk-net-ResourceManager/1.3.0 (.NET 6.0.8; Microsoft Windows 10.0.19044)",
        "x-ms-client-request-id": "76e388f4d2834487c747a4fb849c3fce",
        "x-ms-return-client-request-id": "true"
      },
      "RequestBody": null,
      "StatusCode": 200,
      "ResponseHeaders": {
        "Cache-Control": "no-cache",
        "Content-Length": "1404",
        "Content-Type": "application/json",
        "Date": "Thu, 18 Aug 2022 09:30:12 GMT",
        "Expires": "-1",
        "Pragma": "no-cache",
        "Server": "Microsoft-Azure-Storage-Resource-Provider/1.0,Microsoft-HTTPAPI/2.0 Microsoft-HTTPAPI/2.0",
        "Strict-Transport-Security": "max-age=31536000; includeSubDomains",
        "X-Content-Type-Options": "nosniff",
        "x-ms-client-request-id": "76e388f4d2834487c747a4fb849c3fce",
        "x-ms-correlation-request-id": "a959186a-91a8-480e-8891-7f6b12c2f3cd",
        "x-ms-ratelimit-remaining-subscription-reads": "11813",
        "x-ms-request-id": "81654fa0-c791-4590-9274-bd114ff361ba",
        "x-ms-routing-request-id": "SOUTHEASTASIA:20220818T093012Z:a959186a-91a8-480e-8891-7f6b12c2f3cd"
      },
      "ResponseBody": {
        "sku": {
          "name": "Standard_GRS",
          "tier": "Standard"
        },
        "kind": "Storage",
        "id": "/subscriptions/db1ab6f0-4769-4b27-930e-01e2ef9c123c/resourceGroups/teststorageRG-2386/providers/Microsoft.Storage/storageAccounts/teststoragemgmt5535",
        "name": "teststoragemgmt5535",
        "type": "Microsoft.Storage/storageAccounts",
        "location": "eastus2",
        "tags": {
          "key1": "value1",
          "key2": "value2"
        },
        "properties": {
          "keyCreationTime": {
            "key1": "2022-08-18T09:29:53.6403509Z",
            "key2": "2022-08-18T09:29:53.6403509Z"
          },
          "privateEndpointConnections": [],
          "minimumTlsVersion": "TLS1_0",
          "allowBlobPublicAccess": true,
          "networkAcls": {
            "bypass": "AzureServices",
            "virtualNetworkRules": [],
            "ipRules": [],
            "defaultAction": "Allow"
          },
          "supportsHttpsTrafficOnly": true,
          "encryption": {
            "services": {
              "file": {
                "keyType": "Account",
                "enabled": true,
                "lastEnabledTime": "2022-08-18T09:29:53.6403509Z"
              },
              "blob": {
                "keyType": "Account",
                "enabled": true,
                "lastEnabledTime": "2022-08-18T09:29:53.6403509Z"
              }
            },
            "keySource": "Microsoft.Storage"
          },
          "provisioningState": "Succeeded",
          "creationTime": "2022-08-18T09:29:53.4997523Z",
          "primaryEndpoints": {
            "blob": "https://teststoragemgmt5535.blob.core.windows.net/",
            "queue": "https://teststoragemgmt5535.queue.core.windows.net/",
            "table": "https://teststoragemgmt5535.table.core.windows.net/",
            "file": "https://teststoragemgmt5535.file.core.windows.net/"
          },
          "primaryLocation": "eastus2",
          "statusOfPrimary": "available",
          "secondaryLocation": "centralus",
          "statusOfSecondary": "available"
        }
      }
    },
    {
      "RequestUri": "https://management.azure.com/subscriptions/db1ab6f0-4769-4b27-930e-01e2ef9c123c/resourceGroups/teststorageRG-2386/providers/Microsoft.Storage/storageAccounts/teststoragemgmt5535/ListServiceSas?api-version=2022-05-01",
      "RequestMethod": "POST",
      "RequestHeaders": {
        "Accept": "application/json",
        "Authorization": "Sanitized",
        "Content-Length": "150",
        "Content-Type": "application/json",
        "traceparent": "00-333e77d891133b52d9282336be37de31-a5db4ceab212006f-00",
        "User-Agent": "azsdk-net-ResourceManager.Storage/1.0.0-alpha.20220818.1 (.NET 6.0.8; Microsoft Windows 10.0.19044)",
        "x-ms-client-request-id": "a5d68b2e2ecab7c68f3e9f9682686b5e",
        "x-ms-return-client-request-id": "true"
      },
      "RequestBody": {
        "canonicalizedResource": "/blob/teststoragemgmt5535/music",
        "signedResource": "c",
        "signedPermission": "rl",
        "signedExpiry": "2022-08-18T10:30:12.9648146Z"
      },
      "StatusCode": 200,
      "ResponseHeaders": {
        "Cache-Control": "no-cache",
        "Content-Length": "135",
        "Content-Type": "application/json",
        "Date": "Thu, 18 Aug 2022 09:30:14 GMT",
        "Expires": "-1",
        "Pragma": "no-cache",
        "Server": "Microsoft-Azure-Storage-Resource-Provider/1.0,Microsoft-HTTPAPI/2.0 Microsoft-HTTPAPI/2.0",
        "Strict-Transport-Security": "max-age=31536000; includeSubDomains",
        "X-Content-Type-Options": "nosniff",
        "x-ms-client-request-id": "a5d68b2e2ecab7c68f3e9f9682686b5e",
        "x-ms-correlation-request-id": "689d071b-4d53-43c2-af68-3d4cb8f4600f",
        "x-ms-ratelimit-remaining-subscription-writes": "1198",
        "x-ms-request-id": "859d568d-4a2b-4873-8520-f8c91995a5c2",
        "x-ms-routing-request-id": "SOUTHEASTASIA:20220818T093014Z:689d071b-4d53-43c2-af68-3d4cb8f4600f"
      },
      "ResponseBody": {
        "serviceSasToken": "sv=2015-04-05\u0026sr=c\u0026se=2022-08-18T10%3A30%3A12.9648146Z\u0026sp=rl\u0026sig=kMPG4BDZmTT4mgbyeJ1tjlvFgGF2i1OQ%2BgH1Mkf5uig%3D"
      }
    },
    {
      "RequestUri": "https://management.azure.com/subscriptions/db1ab6f0-4769-4b27-930e-01e2ef9c123c/resourceGroups/teststorageRG-2386/providers/Microsoft.Storage/storageAccounts?api-version=2022-05-01",
      "RequestMethod": "GET",
      "RequestHeaders": {
        "Accept": "application/json",
        "Authorization": "Sanitized",
        "traceparent": "00-cc47beaf42a28e854f26fe7013415041-94a4c1eedf5e2b94-00",
        "User-Agent": "azsdk-net-ResourceManager.Storage/1.0.0-alpha.20220818.1 (.NET 6.0.8; Microsoft Windows 10.0.19044)",
        "x-ms-client-request-id": "5b0098e68312ce6032706780af4bfb76",
        "x-ms-return-client-request-id": "true"
      },
      "RequestBody": null,
      "StatusCode": 200,
      "ResponseHeaders": {
        "Cache-Control": "no-cache",
        "Content-Length": "1416",
        "Content-Type": "application/json",
        "Date": "Thu, 18 Aug 2022 09:30:15 GMT",
        "Expires": "-1",
        "Pragma": "no-cache",
        "Server": "Microsoft-Azure-Storage-Resource-Provider/1.0,Microsoft-HTTPAPI/2.0 Microsoft-HTTPAPI/2.0",
        "Strict-Transport-Security": "max-age=31536000; includeSubDomains",
        "X-Content-Type-Options": "nosniff",
        "x-ms-client-request-id": "5b0098e68312ce6032706780af4bfb76",
        "x-ms-correlation-request-id": "815a0b8f-3ab2-4119-a1a8-2d30b3dc1588",
        "x-ms-ratelimit-remaining-subscription-reads": "11812",
        "x-ms-request-id": "c38a24fc-afd5-4bcd-9d88-af5e44980f21",
        "x-ms-routing-request-id": "SOUTHEASTASIA:20220818T093015Z:815a0b8f-3ab2-4119-a1a8-2d30b3dc1588"
      },
      "ResponseBody": {
        "value": [
          {
            "sku": {
              "name": "Standard_GRS",
              "tier": "Standard"
            },
            "kind": "Storage",
            "id": "/subscriptions/db1ab6f0-4769-4b27-930e-01e2ef9c123c/resourceGroups/teststorageRG-2386/providers/Microsoft.Storage/storageAccounts/teststoragemgmt5535",
            "name": "teststoragemgmt5535",
            "type": "Microsoft.Storage/storageAccounts",
            "location": "eastus2",
            "tags": {
              "key1": "value1",
              "key2": "value2"
            },
            "properties": {
              "keyCreationTime": {
                "key1": "2022-08-18T09:29:53.6403509Z",
                "key2": "2022-08-18T09:29:53.6403509Z"
              },
              "privateEndpointConnections": [],
              "minimumTlsVersion": "TLS1_0",
              "allowBlobPublicAccess": true,
              "networkAcls": {
                "bypass": "AzureServices",
                "virtualNetworkRules": [],
                "ipRules": [],
                "defaultAction": "Allow"
              },
              "supportsHttpsTrafficOnly": true,
              "encryption": {
                "services": {
                  "file": {
                    "keyType": "Account",
                    "enabled": true,
                    "lastEnabledTime": "2022-08-18T09:29:53.6403509Z"
                  },
                  "blob": {
                    "keyType": "Account",
                    "enabled": true,
                    "lastEnabledTime": "2022-08-18T09:29:53.6403509Z"
                  }
                },
                "keySource": "Microsoft.Storage"
              },
              "provisioningState": "Succeeded",
              "creationTime": "2022-08-18T09:29:53.4997523Z",
              "primaryEndpoints": {
                "blob": "https://teststoragemgmt5535.blob.core.windows.net/",
                "queue": "https://teststoragemgmt5535.queue.core.windows.net/",
                "table": "https://teststoragemgmt5535.table.core.windows.net/",
                "file": "https://teststoragemgmt5535.file.core.windows.net/"
              },
              "primaryLocation": "eastus2",
              "statusOfPrimary": "available",
              "secondaryLocation": "centralus",
              "statusOfSecondary": "available"
            }
          }
        ]
      }
    },
    {
      "RequestUri": "https://management.azure.com/subscriptions/db1ab6f0-4769-4b27-930e-01e2ef9c123c/resourceGroups/teststorageRG-2386/providers/Microsoft.Storage/storageAccounts/teststoragemgmt5535?api-version=2022-05-01",
      "RequestMethod": "DELETE",
      "RequestHeaders": {
        "Authorization": "Sanitized",
        "traceparent": "00-2a9a655ee601ba6d483556eb3474b00f-b034db18314d60a1-00",
        "User-Agent": "azsdk-net-ResourceManager.Storage/1.0.0-alpha.20220818.1 (.NET 6.0.8; Microsoft Windows 10.0.19044)",
        "x-ms-client-request-id": "320de4394288c541c22ce74533f1c25f",
        "x-ms-return-client-request-id": "true"
      },
      "RequestBody": null,
      "StatusCode": 200,
      "ResponseHeaders": {
        "Cache-Control": "no-cache",
        "Content-Length": "0",
        "Content-Type": "text/plain; charset=utf-8",
        "Date": "Thu, 18 Aug 2022 09:30:24 GMT",
        "Expires": "-1",
        "Pragma": "no-cache",
        "Server": "Microsoft-Azure-Storage-Resource-Provider/1.0,Microsoft-HTTPAPI/2.0 Microsoft-HTTPAPI/2.0",
        "Strict-Transport-Security": "max-age=31536000; includeSubDomains",
        "X-Content-Type-Options": "nosniff",
        "x-ms-client-request-id": "320de4394288c541c22ce74533f1c25f",
        "x-ms-correlation-request-id": "ef04c896-fe19-4aba-abef-8438bbf54450",
        "x-ms-ratelimit-remaining-subscription-deletes": "14967",
        "x-ms-request-id": "d8be705a-6ed0-49bb-bf8d-2473cb3e39a3",
        "x-ms-routing-request-id": "SOUTHEASTASIA:20220818T093024Z:ef04c896-fe19-4aba-abef-8438bbf54450"
      },
      "ResponseBody": null
    }
  ],
  "Variables": {
    "AZURE_AUTHORITY_HOST": "https://login.microsoftonline.com",
    "DateTimeOffsetNow": "2022-08-18T17:30:12.9648146\u002B08:00",
    "RandomSeed": "894367236",
    "RESOURCE_MANAGER_URL": null,
    "SUBSCRIPTION_ID": "db1ab6f0-4769-4b27-930e-01e2ef9c123c"
  }
}
