{
  "Entries": [
    {
      "RequestUri": "https://management.azure.com/subscriptions/db1ab6f0-4769-4b27-930e-01e2ef9c123c?api-version=2021-01-01",
      "RequestMethod": "GET",
      "RequestHeaders": {
        "Accept": "application/json",
        "Authorization": "Sanitized",
        "traceparent": "00-5cc7e47ddc532cedaec6983d4fb9267a-285a4e25c9697407-00",
        "User-Agent": "azsdk-net-ResourceManager/1.0.0 (.NET 6.0.5; Microsoft Windows 10.0.22621)",
        "x-ms-client-request-id": "729b9623c3e5e1745229f628824da862",
        "x-ms-return-client-request-id": "true"
      },
      "RequestBody": null,
      "StatusCode": 200,
      "ResponseHeaders": {
        "Cache-Control": "no-cache",
        "Content-Length": "747",
        "Content-Type": "application/json; charset=utf-8",
        "Date": "Fri, 10 Jun 2022 06:47:19 GMT",
        "Expires": "-1",
        "Pragma": "no-cache",
        "Strict-Transport-Security": "max-age=31536000; includeSubDomains",
        "X-Content-Type-Options": "nosniff",
        "x-ms-correlation-request-id": "166a25ab-898d-4374-ba31-cf715180f997",
        "x-ms-ratelimit-remaining-subscription-reads": "11458",
        "x-ms-request-id": "166a25ab-898d-4374-ba31-cf715180f997",
        "x-ms-routing-request-id": "SOUTHEASTASIA:20220610T064720Z:166a25ab-898d-4374-ba31-cf715180f997"
      },
      "ResponseBody": {
        "id": "/subscriptions/db1ab6f0-4769-4b27-930e-01e2ef9c123c",
        "authorizationSource": "RoleBased",
        "managedByTenants": [],
        "tags": {
          "TagKey-9823": "TagValue-566",
          "TagKey-3481": "TagValue-320",
          "TagKey-4926": "TagValue-1187",
          "TagKey-751": "TagValue-3921",
          "TagKey-1866": "TagValue-8559",
          "TagKey-3094": "TagValue-9190",
          "TagKey-2449": "TagValue-9",
          "TagKey-8379": "TagValue-164",
          "TagKey-7470": "TagValue-2205",
          "TagKey-4236": "TagValue-3698",
          "TagKey-5316": "TagValue-2725"
        },
        "subscriptionId": "db1ab6f0-4769-4b27-930e-01e2ef9c123c",
        "tenantId": "72f988bf-86f1-41af-91ab-2d7cd011db47",
        "displayName": ".NET Mgmt SDK Test with TTL = 1 Day",
        "state": "Enabled",
        "subscriptionPolicies": {
          "locationPlacementId": "Internal_2014-09-01",
          "quotaId": "Internal_2014-09-01",
          "spendingLimit": "Off"
        }
      }
    },
    {
      "RequestUri": "https://management.azure.com/subscriptions/db1ab6f0-4769-4b27-930e-01e2ef9c123c/providers/Microsoft.Storage/checkNameAvailability?api-version=2021-09-01",
      "RequestMethod": "POST",
      "RequestHeaders": {
        "Accept": "application/json",
        "Authorization": "Sanitized",
        "Content-Length": "73",
        "Content-Type": "application/json",
        "traceparent": "00-82b688e45fe51b9adb8014261dfa7162-f3a39691a56aa10f-00",
        "User-Agent": "azsdk-net-ResourceManager.Storage/1.0.0-alpha.20220610.1 (.NET 6.0.5; Microsoft Windows 10.0.22621)",
        "x-ms-client-request-id": "8938bfb453d5f6eee927a606842067b1",
        "x-ms-return-client-request-id": "true"
      },
      "RequestBody": {
        "name": "teststoragemgmt5589",
        "type": "Microsoft.Storage/storageAccounts"
      },
      "StatusCode": 200,
      "ResponseHeaders": {
        "Cache-Control": "no-cache",
        "Content-Length": "22",
        "Content-Type": "application/json",
        "Date": "Fri, 10 Jun 2022 06:47:21 GMT",
        "Expires": "-1",
        "Pragma": "no-cache",
        "Server": "Microsoft-Azure-Storage-Resource-Provider/1.0,Microsoft-HTTPAPI/2.0 Microsoft-HTTPAPI/2.0",
        "Strict-Transport-Security": "max-age=31536000; includeSubDomains",
        "X-Content-Type-Options": "nosniff",
        "x-ms-client-request-id": "8938bfb453d5f6eee927a606842067b1",
        "x-ms-correlation-request-id": "99cf5ee2-aba0-4eb6-8daa-ee1864090d0b",
        "x-ms-ratelimit-remaining-subscription-reads": "11457",
        "x-ms-request-id": "824b1eb3-d893-4ce4-bf97-811e5e58e294",
        "x-ms-routing-request-id": "SOUTHEASTASIA:20220610T064721Z:99cf5ee2-aba0-4eb6-8daa-ee1864090d0b"
      },
      "ResponseBody": {
        "nameAvailable": true
      }
    },
    {
      "RequestUri": "https://management.azure.com/subscriptions/db1ab6f0-4769-4b27-930e-01e2ef9c123c/resourcegroups/teststorageRG-9209?api-version=2021-04-01",
      "RequestMethod": "PUT",
      "RequestHeaders": {
        "Accept": "application/json",
        "Authorization": "Sanitized",
        "Content-Length": "44",
        "Content-Type": "application/json",
        "traceparent": "00-a2f2099e7248ed1cb74dfb14ee1c9e23-374e2a34881ff701-00",
        "User-Agent": "azsdk-net-ResourceManager/1.0.0 (.NET 6.0.5; Microsoft Windows 10.0.22621)",
        "x-ms-client-request-id": "48d2711285e30bed7882532b2e28fa68",
        "x-ms-return-client-request-id": "true"
      },
      "RequestBody": {
        "tags": {
          "test": "env"
        },
        "location": "eastus2"
      },
      "StatusCode": 201,
      "ResponseHeaders": {
        "Cache-Control": "no-cache",
        "Content-Length": "256",
        "Content-Type": "application/json; charset=utf-8",
        "Date": "Fri, 10 Jun 2022 06:47:22 GMT",
        "Expires": "-1",
        "Pragma": "no-cache",
        "Strict-Transport-Security": "max-age=31536000; includeSubDomains",
        "X-Content-Type-Options": "nosniff",
        "x-ms-correlation-request-id": "694fc5b8-d229-4b59-a0d7-a202c77bd821",
        "x-ms-ratelimit-remaining-subscription-writes": "958",
        "x-ms-request-id": "694fc5b8-d229-4b59-a0d7-a202c77bd821",
        "x-ms-routing-request-id": "SOUTHEASTASIA:20220610T064723Z:694fc5b8-d229-4b59-a0d7-a202c77bd821"
      },
      "ResponseBody": {
        "id": "/subscriptions/db1ab6f0-4769-4b27-930e-01e2ef9c123c/resourceGroups/teststorageRG-9209",
        "name": "teststorageRG-9209",
        "type": "Microsoft.Resources/resourceGroups",
        "location": "eastus2",
        "tags": {
          "test": "env"
        },
        "properties": {
          "provisioningState": "Succeeded"
        }
      }
    },
    {
      "RequestUri": "https://management.azure.com/subscriptions/db1ab6f0-4769-4b27-930e-01e2ef9c123c/resourceGroups/teststorageRG-9209/providers/Microsoft.Storage/storageAccounts/teststoragemgmt5589?api-version=2021-09-01",
      "RequestMethod": "PUT",
      "RequestHeaders": {
        "Accept": "application/json",
        "Authorization": "Sanitized",
        "Content-Length": "126",
        "Content-Type": "application/json",
        "traceparent": "00-42a4bcb43e48c151a7aa66af9c047e5c-d27f6cd6b45fc732-00",
        "User-Agent": "azsdk-net-ResourceManager.Storage/1.0.0-alpha.20220610.1 (.NET 6.0.5; Microsoft Windows 10.0.22621)",
        "x-ms-client-request-id": "2e3bf64d4e1aad427bfc9ccddbcd098e",
        "x-ms-return-client-request-id": "true"
      },
      "RequestBody": {
        "sku": {
          "name": "Standard_GRS"
        },
        "kind": "Storage",
        "location": "eastus2",
        "tags": {
          "key1": "value1",
          "key2": "value2"
        },
        "properties": {}
      },
      "StatusCode": 202,
      "ResponseHeaders": {
        "Cache-Control": "no-cache",
        "Content-Length": "0",
        "Content-Type": "text/plain; charset=utf-8",
        "Date": "Fri, 10 Jun 2022 06:47:26 GMT",
        "Expires": "-1",
        "Location": "https://management.azure.com/subscriptions/db1ab6f0-4769-4b27-930e-01e2ef9c123c/providers/Microsoft.Storage/locations/eastus2/asyncoperations/1aa6f02d-3744-4f7a-b6b8-7fb3555bc210?monitor=true\u0026api-version=2021-09-01",
        "Pragma": "no-cache",
        "Retry-After": "17",
        "Server": "Microsoft-Azure-Storage-Resource-Provider/1.0,Microsoft-HTTPAPI/2.0 Microsoft-HTTPAPI/2.0",
        "Strict-Transport-Security": "max-age=31536000; includeSubDomains",
        "X-Content-Type-Options": "nosniff",
        "x-ms-client-request-id": "2e3bf64d4e1aad427bfc9ccddbcd098e",
        "x-ms-correlation-request-id": "956114ee-fbea-4de6-86d4-0eb21cf7039c",
        "x-ms-ratelimit-remaining-subscription-writes": "957",
        "x-ms-request-id": "1aa6f02d-3744-4f7a-b6b8-7fb3555bc210",
        "x-ms-routing-request-id": "SOUTHEASTASIA:20220610T064727Z:956114ee-fbea-4de6-86d4-0eb21cf7039c"
      },
      "ResponseBody": null
    },
    {
      "RequestUri": "https://management.azure.com/subscriptions/db1ab6f0-4769-4b27-930e-01e2ef9c123c/providers/Microsoft.Storage/locations/eastus2/asyncoperations/1aa6f02d-3744-4f7a-b6b8-7fb3555bc210?monitor=true\u0026api-version=2021-09-01",
      "RequestMethod": "GET",
      "RequestHeaders": {
        "Authorization": "Sanitized",
        "traceparent": "00-42a4bcb43e48c151a7aa66af9c047e5c-531774ec1af4a761-00",
        "User-Agent": "azsdk-net-ResourceManager/1.0.0 (.NET 6.0.5; Microsoft Windows 10.0.22621)",
        "x-ms-client-request-id": "29379dac832cc46b2e25cde6e91f2faa",
        "x-ms-return-client-request-id": "true"
      },
      "RequestBody": null,
      "StatusCode": 202,
      "ResponseHeaders": {
        "Cache-Control": "no-cache",
        "Content-Length": "0",
        "Content-Type": "text/plain; charset=utf-8",
        "Date": "Fri, 10 Jun 2022 06:47:26 GMT",
        "Expires": "-1",
        "Location": "https://management.azure.com/subscriptions/db1ab6f0-4769-4b27-930e-01e2ef9c123c/providers/Microsoft.Storage/locations/eastus2/asyncoperations/1aa6f02d-3744-4f7a-b6b8-7fb3555bc210?monitor=true\u0026api-version=2021-09-01",
        "Pragma": "no-cache",
        "Retry-After": "17",
        "Server": "Microsoft-Azure-Storage-Resource-Provider/1.0,Microsoft-HTTPAPI/2.0 Microsoft-HTTPAPI/2.0",
        "Strict-Transport-Security": "max-age=31536000; includeSubDomains",
        "X-Content-Type-Options": "nosniff",
        "x-ms-client-request-id": "29379dac832cc46b2e25cde6e91f2faa",
        "x-ms-correlation-request-id": "c40ac951-4119-4634-b539-bf614a07cfc5",
        "x-ms-ratelimit-remaining-subscription-reads": "11456",
        "x-ms-request-id": "36a31a34-1a5c-4ee7-8e05-fbf5b66b3536",
        "x-ms-routing-request-id": "SOUTHEASTASIA:20220610T064727Z:c40ac951-4119-4634-b539-bf614a07cfc5"
      },
      "ResponseBody": null
    },
    {
      "RequestUri": "https://management.azure.com/subscriptions/db1ab6f0-4769-4b27-930e-01e2ef9c123c/providers/Microsoft.Storage/locations/eastus2/asyncoperations/1aa6f02d-3744-4f7a-b6b8-7fb3555bc210?monitor=true\u0026api-version=2021-09-01",
      "RequestMethod": "GET",
      "RequestHeaders": {
        "Authorization": "Sanitized",
        "traceparent": "00-42a4bcb43e48c151a7aa66af9c047e5c-a970145081816a34-00",
        "User-Agent": "azsdk-net-ResourceManager/1.0.0 (.NET 6.0.5; Microsoft Windows 10.0.22621)",
        "x-ms-client-request-id": "31b5c478c3ee17d82401e39cf07212b0",
        "x-ms-return-client-request-id": "true"
      },
      "RequestBody": null,
      "StatusCode": 200,
      "ResponseHeaders": {
        "Cache-Control": "no-cache",
        "Content-Length": "1404",
        "Content-Type": "application/json",
        "Date": "Fri, 10 Jun 2022 06:47:44 GMT",
        "Expires": "-1",
        "Pragma": "no-cache",
        "Server": "Microsoft-Azure-Storage-Resource-Provider/1.0,Microsoft-HTTPAPI/2.0 Microsoft-HTTPAPI/2.0",
        "Strict-Transport-Security": "max-age=31536000; includeSubDomains",
        "X-Content-Type-Options": "nosniff",
        "x-ms-client-request-id": "31b5c478c3ee17d82401e39cf07212b0",
        "x-ms-correlation-request-id": "e6297037-39e4-4214-a52f-739fafb38a14",
        "x-ms-ratelimit-remaining-subscription-reads": "11455",
        "x-ms-request-id": "71b673ac-279f-4844-a082-6646c549adee",
        "x-ms-routing-request-id": "SOUTHEASTASIA:20220610T064744Z:e6297037-39e4-4214-a52f-739fafb38a14"
      },
      "ResponseBody": {
        "sku": {
          "name": "Standard_GRS",
          "tier": "Standard"
        },
        "kind": "Storage",
        "id": "/subscriptions/db1ab6f0-4769-4b27-930e-01e2ef9c123c/resourceGroups/teststorageRG-9209/providers/Microsoft.Storage/storageAccounts/teststoragemgmt5589",
        "name": "teststoragemgmt5589",
        "type": "Microsoft.Storage/storageAccounts",
        "location": "eastus2",
        "tags": {
          "key1": "value1",
          "key2": "value2"
        },
        "properties": {
          "keyCreationTime": {
            "key1": "2022-06-10T06:47:25.3614879Z",
            "key2": "2022-06-10T06:47:25.3614879Z"
          },
          "privateEndpointConnections": [],
          "minimumTlsVersion": "TLS1_0",
          "allowBlobPublicAccess": true,
          "networkAcls": {
            "bypass": "AzureServices",
            "virtualNetworkRules": [],
            "ipRules": [],
            "defaultAction": "Allow"
          },
          "supportsHttpsTrafficOnly": true,
          "encryption": {
            "services": {
              "file": {
                "keyType": "Account",
                "enabled": true,
                "lastEnabledTime": "2022-06-10T06:47:25.3757275Z"
              },
              "blob": {
                "keyType": "Account",
                "enabled": true,
                "lastEnabledTime": "2022-06-10T06:47:25.3757275Z"
              }
            },
            "keySource": "Microsoft.Storage"
          },
          "provisioningState": "Succeeded",
          "creationTime": "2022-06-10T06:47:25.2194759Z",
          "primaryEndpoints": {
            "blob": "https://teststoragemgmt5589.blob.core.windows.net/",
            "queue": "https://teststoragemgmt5589.queue.core.windows.net/",
            "table": "https://teststoragemgmt5589.table.core.windows.net/",
            "file": "https://teststoragemgmt5589.file.core.windows.net/"
          },
          "primaryLocation": "eastus2",
          "statusOfPrimary": "available",
          "secondaryLocation": "centralus",
          "statusOfSecondary": "available"
        }
      }
    },
    {
      "RequestUri": "https://management.azure.com/subscriptions/db1ab6f0-4769-4b27-930e-01e2ef9c123c/providers/Microsoft.Storage/checkNameAvailability?api-version=2021-09-01",
      "RequestMethod": "POST",
      "RequestHeaders": {
        "Accept": "application/json",
        "Authorization": "Sanitized",
        "Content-Length": "73",
        "Content-Type": "application/json",
        "traceparent": "00-83ad22e4ee1682dd9ef912658b481de3-08f318df7cac7ca3-00",
        "User-Agent": "azsdk-net-ResourceManager.Storage/1.0.0-alpha.20220610.1 (.NET 6.0.5; Microsoft Windows 10.0.22621)",
        "x-ms-client-request-id": "963d219d62e091f275096a68eb502b4e",
        "x-ms-return-client-request-id": "true"
      },
      "RequestBody": {
        "name": "teststoragemgmt4412",
        "type": "Microsoft.Storage/storageAccounts"
      },
      "StatusCode": 200,
      "ResponseHeaders": {
        "Cache-Control": "no-cache",
        "Content-Length": "22",
        "Content-Type": "application/json",
        "Date": "Fri, 10 Jun 2022 06:47:45 GMT",
        "Expires": "-1",
        "Pragma": "no-cache",
        "Server": "Microsoft-Azure-Storage-Resource-Provider/1.0,Microsoft-HTTPAPI/2.0 Microsoft-HTTPAPI/2.0",
        "Strict-Transport-Security": "max-age=31536000; includeSubDomains",
        "X-Content-Type-Options": "nosniff",
        "x-ms-client-request-id": "963d219d62e091f275096a68eb502b4e",
        "x-ms-correlation-request-id": "d8e669f9-4da3-46da-9910-f30d442a4ee8",
        "x-ms-ratelimit-remaining-subscription-reads": "11454",
        "x-ms-request-id": "16f95516-9c8e-4d73-8f42-d31299922583",
        "x-ms-routing-request-id": "SOUTHEASTASIA:20220610T064745Z:d8e669f9-4da3-46da-9910-f30d442a4ee8"
      },
      "ResponseBody": {
        "nameAvailable": true
      }
    },
    {
      "RequestUri": "https://management.azure.com/subscriptions/db1ab6f0-4769-4b27-930e-01e2ef9c123c/resourcegroups/teststorageRG-1748?api-version=2021-04-01",
      "RequestMethod": "PUT",
      "RequestHeaders": {
        "Accept": "application/json",
        "Authorization": "Sanitized",
        "Content-Length": "44",
        "Content-Type": "application/json",
        "traceparent": "00-56c10c3e10f4df81b331e2f083ffe0bf-8d6e4918b61ebb5c-00",
        "User-Agent": "azsdk-net-ResourceManager/1.0.0 (.NET 6.0.5; Microsoft Windows 10.0.22621)",
        "x-ms-client-request-id": "8916d657e9101fc5042a9fced4bb121c",
        "x-ms-return-client-request-id": "true"
      },
      "RequestBody": {
        "tags": {
          "test": "env"
        },
        "location": "eastus2"
      },
      "StatusCode": 201,
      "ResponseHeaders": {
        "Cache-Control": "no-cache",
        "Content-Length": "256",
        "Content-Type": "application/json; charset=utf-8",
        "Date": "Fri, 10 Jun 2022 06:47:45 GMT",
        "Expires": "-1",
        "Pragma": "no-cache",
        "Strict-Transport-Security": "max-age=31536000; includeSubDomains",
        "X-Content-Type-Options": "nosniff",
        "x-ms-correlation-request-id": "282b3dcb-9fb3-44e0-ab46-bdc8f44b82bf",
        "x-ms-ratelimit-remaining-subscription-writes": "956",
        "x-ms-request-id": "282b3dcb-9fb3-44e0-ab46-bdc8f44b82bf",
        "x-ms-routing-request-id": "SOUTHEASTASIA:20220610T064746Z:282b3dcb-9fb3-44e0-ab46-bdc8f44b82bf"
      },
      "ResponseBody": {
        "id": "/subscriptions/db1ab6f0-4769-4b27-930e-01e2ef9c123c/resourceGroups/teststorageRG-1748",
        "name": "teststorageRG-1748",
        "type": "Microsoft.Resources/resourceGroups",
        "location": "eastus2",
        "tags": {
          "test": "env"
        },
        "properties": {
          "provisioningState": "Succeeded"
        }
      }
    },
    {
      "RequestUri": "https://management.azure.com/subscriptions/db1ab6f0-4769-4b27-930e-01e2ef9c123c/resourceGroups/teststorageRG-1748/providers/Microsoft.Storage/storageAccounts/teststoragemgmt4412?api-version=2021-09-01",
      "RequestMethod": "PUT",
      "RequestHeaders": {
        "Accept": "application/json",
        "Authorization": "Sanitized",
        "Content-Length": "126",
        "Content-Type": "application/json",
        "traceparent": "00-5709261dd7fa10801a96e344997fa992-3b853e170e729d68-00",
        "User-Agent": "azsdk-net-ResourceManager.Storage/1.0.0-alpha.20220610.1 (.NET 6.0.5; Microsoft Windows 10.0.22621)",
        "x-ms-client-request-id": "f2fd4ca59813c262a078b96dae39b1b8",
        "x-ms-return-client-request-id": "true"
      },
      "RequestBody": {
        "sku": {
          "name": "Standard_GRS"
        },
        "kind": "Storage",
        "location": "eastus2",
        "tags": {
          "key1": "value1",
          "key2": "value2"
        },
        "properties": {}
      },
      "StatusCode": 202,
      "ResponseHeaders": {
        "Cache-Control": "no-cache",
        "Content-Length": "0",
        "Content-Type": "text/plain; charset=utf-8",
        "Date": "Fri, 10 Jun 2022 06:47:50 GMT",
        "Expires": "-1",
        "Location": "https://management.azure.com/subscriptions/db1ab6f0-4769-4b27-930e-01e2ef9c123c/providers/Microsoft.Storage/locations/eastus2/asyncoperations/dd3a4590-5613-4158-90a5-8d65db977b05?monitor=true\u0026api-version=2021-09-01",
        "Pragma": "no-cache",
        "Retry-After": "17",
        "Server": "Microsoft-Azure-Storage-Resource-Provider/1.0,Microsoft-HTTPAPI/2.0 Microsoft-HTTPAPI/2.0",
        "Strict-Transport-Security": "max-age=31536000; includeSubDomains",
        "X-Content-Type-Options": "nosniff",
        "x-ms-client-request-id": "f2fd4ca59813c262a078b96dae39b1b8",
        "x-ms-correlation-request-id": "e02a04a2-117e-4ebb-874e-fbf02af94dfc",
        "x-ms-ratelimit-remaining-subscription-writes": "955",
        "x-ms-request-id": "dd3a4590-5613-4158-90a5-8d65db977b05",
        "x-ms-routing-request-id": "SOUTHEASTASIA:20220610T064750Z:e02a04a2-117e-4ebb-874e-fbf02af94dfc"
      },
      "ResponseBody": null
    },
    {
      "RequestUri": "https://management.azure.com/subscriptions/db1ab6f0-4769-4b27-930e-01e2ef9c123c/providers/Microsoft.Storage/locations/eastus2/asyncoperations/dd3a4590-5613-4158-90a5-8d65db977b05?monitor=true\u0026api-version=2021-09-01",
      "RequestMethod": "GET",
      "RequestHeaders": {
        "Authorization": "Sanitized",
        "traceparent": "00-5709261dd7fa10801a96e344997fa992-3d317abb54631609-00",
        "User-Agent": "azsdk-net-ResourceManager/1.0.0 (.NET 6.0.5; Microsoft Windows 10.0.22621)",
        "x-ms-client-request-id": "03454b575c2dbe9f7354e8982f5770cb",
        "x-ms-return-client-request-id": "true"
      },
      "RequestBody": null,
      "StatusCode": 202,
      "ResponseHeaders": {
        "Cache-Control": "no-cache",
        "Content-Length": "0",
        "Content-Type": "text/plain; charset=utf-8",
        "Date": "Fri, 10 Jun 2022 06:47:50 GMT",
        "Expires": "-1",
        "Location": "https://management.azure.com/subscriptions/db1ab6f0-4769-4b27-930e-01e2ef9c123c/providers/Microsoft.Storage/locations/eastus2/asyncoperations/dd3a4590-5613-4158-90a5-8d65db977b05?monitor=true\u0026api-version=2021-09-01",
        "Pragma": "no-cache",
        "Retry-After": "17",
        "Server": "Microsoft-Azure-Storage-Resource-Provider/1.0,Microsoft-HTTPAPI/2.0 Microsoft-HTTPAPI/2.0",
        "Strict-Transport-Security": "max-age=31536000; includeSubDomains",
        "X-Content-Type-Options": "nosniff",
        "x-ms-client-request-id": "03454b575c2dbe9f7354e8982f5770cb",
        "x-ms-correlation-request-id": "dbd5614f-e430-4e8f-a85a-2f903b8b04a5",
        "x-ms-ratelimit-remaining-subscription-reads": "11453",
        "x-ms-request-id": "76f822a5-7036-40e6-9ee0-da1877f7c238",
        "x-ms-routing-request-id": "SOUTHEASTASIA:20220610T064751Z:dbd5614f-e430-4e8f-a85a-2f903b8b04a5"
      },
      "ResponseBody": null
    },
    {
      "RequestUri": "https://management.azure.com/subscriptions/db1ab6f0-4769-4b27-930e-01e2ef9c123c/providers/Microsoft.Storage/locations/eastus2/asyncoperations/dd3a4590-5613-4158-90a5-8d65db977b05?monitor=true\u0026api-version=2021-09-01",
      "RequestMethod": "GET",
      "RequestHeaders": {
        "Authorization": "Sanitized",
        "traceparent": "00-5709261dd7fa10801a96e344997fa992-7b713b3292d6810b-00",
        "User-Agent": "azsdk-net-ResourceManager/1.0.0 (.NET 6.0.5; Microsoft Windows 10.0.22621)",
        "x-ms-client-request-id": "9780e678d6a0ec83c0c4799cbd2a6edd",
        "x-ms-return-client-request-id": "true"
      },
      "RequestBody": null,
      "StatusCode": 200,
      "ResponseHeaders": {
        "Cache-Control": "no-cache",
        "Content-Length": "1404",
        "Content-Type": "application/json",
        "Date": "Fri, 10 Jun 2022 06:48:08 GMT",
        "Expires": "-1",
        "Pragma": "no-cache",
        "Server": "Microsoft-Azure-Storage-Resource-Provider/1.0,Microsoft-HTTPAPI/2.0 Microsoft-HTTPAPI/2.0",
        "Strict-Transport-Security": "max-age=31536000; includeSubDomains",
        "X-Content-Type-Options": "nosniff",
        "x-ms-client-request-id": "9780e678d6a0ec83c0c4799cbd2a6edd",
        "x-ms-correlation-request-id": "9c6c6116-1cb8-4888-ab0b-d423bae24264",
        "x-ms-ratelimit-remaining-subscription-reads": "11452",
        "x-ms-request-id": "0d654ee8-c6e9-40ae-acd7-6ddd0c55a514",
        "x-ms-routing-request-id": "SOUTHEASTASIA:20220610T064808Z:9c6c6116-1cb8-4888-ab0b-d423bae24264"
      },
      "ResponseBody": {
        "sku": {
          "name": "Standard_GRS",
          "tier": "Standard"
        },
        "kind": "Storage",
        "id": "/subscriptions/db1ab6f0-4769-4b27-930e-01e2ef9c123c/resourceGroups/teststorageRG-1748/providers/Microsoft.Storage/storageAccounts/teststoragemgmt4412",
        "name": "teststoragemgmt4412",
        "type": "Microsoft.Storage/storageAccounts",
        "location": "eastus2",
        "tags": {
          "key1": "value1",
          "key2": "value2"
        },
        "properties": {
          "keyCreationTime": {
            "key1": "2022-06-10T06:47:49.3923894Z",
            "key2": "2022-06-10T06:47:49.3923894Z"
          },
          "privateEndpointConnections": [],
          "minimumTlsVersion": "TLS1_0",
          "allowBlobPublicAccess": true,
          "networkAcls": {
            "bypass": "AzureServices",
            "virtualNetworkRules": [],
            "ipRules": [],
            "defaultAction": "Allow"
          },
          "supportsHttpsTrafficOnly": true,
          "encryption": {
            "services": {
              "file": {
                "keyType": "Account",
                "enabled": true,
                "lastEnabledTime": "2022-06-10T06:47:49.3923894Z"
              },
              "blob": {
                "keyType": "Account",
                "enabled": true,
                "lastEnabledTime": "2022-06-10T06:47:49.3923894Z"
              }
            },
            "keySource": "Microsoft.Storage"
          },
          "provisioningState": "Succeeded",
          "creationTime": "2022-06-10T06:47:49.2674114Z",
          "primaryEndpoints": {
            "blob": "https://teststoragemgmt4412.blob.core.windows.net/",
            "queue": "https://teststoragemgmt4412.queue.core.windows.net/",
            "table": "https://teststoragemgmt4412.table.core.windows.net/",
            "file": "https://teststoragemgmt4412.file.core.windows.net/"
          },
          "primaryLocation": "eastus2",
          "statusOfPrimary": "available",
          "secondaryLocation": "centralus",
          "statusOfSecondary": "available"
        }
      }
    },
    {
      "RequestUri": "https://management.azure.com/subscriptions/db1ab6f0-4769-4b27-930e-01e2ef9c123c/providers/Microsoft.Storage/storageAccounts?api-version=2021-09-01",
      "RequestMethod": "GET",
      "RequestHeaders": {
        "Accept": "application/json",
        "Authorization": "Sanitized",
        "traceparent": "00-31eb7d6395ef5ae9d461e4230c434ce0-4cb4847c02a433f6-00",
        "User-Agent": "azsdk-net-ResourceManager.Storage/1.0.0-alpha.20220610.1 (.NET 6.0.5; Microsoft Windows 10.0.22621)",
        "x-ms-client-request-id": "62166bd7aef4f18b9d5bc845cff30921",
        "x-ms-return-client-request-id": "true"
      },
      "RequestBody": null,
      "StatusCode": 200,
      "ResponseHeaders": {
        "Cache-Control": "no-cache",
        "Content-Length": "27418",
        "Content-Type": "application/json; charset=utf-8",
        "Date": "Fri, 10 Jun 2022 06:48:09 GMT",
        "Expires": "-1",
        "Pragma": "no-cache",
        "Strict-Transport-Security": "max-age=31536000; includeSubDomains",
        "X-Content-Type-Options": "nosniff",
        "x-ms-correlation-request-id": "00a067e6-162c-4d58-a87f-321595c4e3c6",
        "x-ms-original-request-ids": [
          "03b0770d-e069-4608-bab0-06157200d9c3",
          "741e0e81-4b6e-489d-898c-1fb2df145735",
          "b31bbac0-d88f-461d-a27a-733a57aa26bb"
        ],
        "x-ms-ratelimit-remaining-subscription-reads": "11451",
        "x-ms-request-id": "00a067e6-162c-4d58-a87f-321595c4e3c6",
        "x-ms-routing-request-id": "SOUTHEASTASIA:20220610T064809Z:00a067e6-162c-4d58-a87f-321595c4e3c6"
      },
      "ResponseBody": {
        "value": [
          {
            "sku": {
              "name": "Standard_LRS",
              "tier": "Standard"
            },
            "kind": "StorageV2",
            "id": "/subscriptions/db1ab6f0-4769-4b27-930e-01e2ef9c123c/resourceGroups/managed-rg-ImportGlossaryTest/providers/Microsoft.Storage/storageAccounts/scaneastussruwarf",
            "name": "scaneastussruwarf",
            "type": "Microsoft.Storage/storageAccounts",
            "location": "eastus",
            "tags": {},
            "properties": {
              "keyCreationTime": {
                "key1": "2022-02-09T03:14:20.6983549Z",
                "key2": "2022-02-09T03:14:20.6983549Z"
              },
              "allowCrossTenantReplication": false,
              "privateEndpointConnections": [],
              "minimumTlsVersion": "TLS1_2",
              "allowBlobPublicAccess": false,
              "networkAcls": {
                "bypass": "AzureServices",
                "virtualNetworkRules": [],
                "ipRules": [],
                "defaultAction": "Allow"
              },
              "supportsHttpsTrafficOnly": true,
              "encryption": {
                "services": {
                  "file": {
                    "keyType": "Account",
                    "enabled": true,
                    "lastEnabledTime": "2022-02-09T03:14:20.7139831Z"
                  },
                  "blob": {
                    "keyType": "Account",
                    "enabled": true,
                    "lastEnabledTime": "2022-02-09T03:14:20.7139831Z"
                  }
                },
                "keySource": "Microsoft.Storage"
              },
              "accessTier": "Hot",
              "provisioningState": "Succeeded",
              "creationTime": "2022-02-09T03:14:20.6046587Z",
              "primaryEndpoints": {
                "dfs": "https://scaneastussruwarf.dfs.core.windows.net/",
                "web": "https://scaneastussruwarf.z13.web.core.windows.net/",
                "blob": "https://scaneastussruwarf.blob.core.windows.net/",
                "queue": "https://scaneastussruwarf.queue.core.windows.net/",
                "table": "https://scaneastussruwarf.table.core.windows.net/",
                "file": "https://scaneastussruwarf.file.core.windows.net/"
              },
              "primaryLocation": "eastus",
              "statusOfPrimary": "available"
            }
          },
          {
            "sku": {
              "name": "Standard_RAGRS",
              "tier": "Standard"
            },
            "kind": "StorageV2",
            "id": "/subscriptions/db1ab6f0-4769-4b27-930e-01e2ef9c123c/resourceGroups/Yao_KustoQuery/providers/Microsoft.Storage/storageAccounts/yaotest",
            "name": "yaotest",
            "type": "Microsoft.Storage/storageAccounts",
            "location": "eastus",
            "tags": {},
            "properties": {
              "defaultToOAuthAuthentication": false,
              "publicNetworkAccess": "Enabled",
              "keyCreationTime": {
                "key1": "2022-04-28T03:16:50.4161237Z",
                "key2": "2022-04-28T03:16:50.4161237Z"
              },
              "allowCrossTenantReplication": true,
              "privateEndpointConnections": [],
              "minimumTlsVersion": "TLS1_2",
              "allowBlobPublicAccess": true,
              "allowSharedKeyAccess": true,
              "networkAcls": {
                "bypass": "AzureServices",
                "virtualNetworkRules": [],
                "ipRules": [],
                "defaultAction": "Allow"
              },
              "supportsHttpsTrafficOnly": true,
              "encryption": {
                "requireInfrastructureEncryption": false,
                "services": {
                  "file": {
                    "keyType": "Account",
                    "enabled": true,
                    "lastEnabledTime": "2022-04-28T03:16:50.4161237Z"
                  },
                  "blob": {
                    "keyType": "Account",
                    "enabled": true,
                    "lastEnabledTime": "2022-04-28T03:16:50.4161237Z"
                  }
                },
                "keySource": "Microsoft.Storage"
              },
              "accessTier": "Hot",
              "provisioningState": "Succeeded",
              "creationTime": "2022-04-28T03:16:50.2755080Z",
              "primaryEndpoints": {
                "dfs": "https://yaotest.dfs.core.windows.net/",
                "web": "https://yaotest.z13.web.core.windows.net/",
                "blob": "https://yaotest.blob.core.windows.net/",
                "queue": "https://yaotest.queue.core.windows.net/",
                "table": "https://yaotest.table.core.windows.net/",
                "file": "https://yaotest.file.core.windows.net/"
              },
              "primaryLocation": "eastus",
              "statusOfPrimary": "available",
              "secondaryLocation": "westus",
              "statusOfSecondary": "available",
              "secondaryEndpoints": {
                "dfs": "https://yaotest-secondary.dfs.core.windows.net/",
                "web": "https://yaotest-secondary.z13.web.core.windows.net/",
                "blob": "https://yaotest-secondary.blob.core.windows.net/",
                "queue": "https://yaotest-secondary.queue.core.windows.net/",
                "table": "https://yaotest-secondary.table.core.windows.net/"
              }
            }
          },
          {
            "identity": {
              "userAssignedIdentities": {
                "/subscriptions/db1ab6f0-4769-4b27-930e-01e2ef9c123c/resourcegroups/feng_test/providers/Microsoft.ManagedIdentity/userAssignedIdentities/fengid1": {
                  "principalId": "e0cd13a3-6986-43b4-aa99-ad368d3caeb7",
                  "tenantId": "72f988bf-86f1-41af-91ab-2d7cd011db47",
                  "clientId": "c692a07f-9d08-44ad-b74c-0ca962616588",
                  "identityUrl": "https://control-eastus2.identity.azure.net/subscriptions/db1ab6f0-4769-4b27-930e-01e2ef9c123c/resourcegroups/feng_test/providers/Microsoft.Storage/storageAccounts/fengsa2/credentials/v2/userassigned?arpid=fef17d4a-3a5c-47ec-b960-ff8a7b1a1297\u0026uaid=c692a07f-9d08-44ad-b74c-0ca962616588\u0026tid=72f988bf-86f1-41af-91ab-2d7cd011db47",
                  "certRenewAfter": "2022-06-20T03:40:00Z"
                }
              },
              "principalId": "f4e24934-c02e-4aa4-9dd0-3ed8012f1554",
              "tenantId": "72f988bf-86f1-41af-91ab-2d7cd011db47",
              "type": "SystemAssigned,UserAssigned"
            },
            "sku": {
              "name": "Standard_RAGRS",
              "tier": "Standard"
            },
            "kind": "StorageV2",
            "id": "/subscriptions/db1ab6f0-4769-4b27-930e-01e2ef9c123c/resourceGroups/feng_test/providers/Microsoft.Storage/storageAccounts/fengsa2",
            "name": "fengsa2",
            "type": "Microsoft.Storage/storageAccounts",
            "location": "eastus2",
            "tags": {},
            "properties": {
              "keyCreationTime": {
                "key1": "2022-01-29T13:35:22.8112083Z",
                "key2": "2022-01-29T13:35:22.8112083Z"
              },
              "privateEndpointConnections": [],
              "minimumTlsVersion": "TLS1_0",
              "allowBlobPublicAccess": true,
              "networkAcls": {
                "bypass": "AzureServices",
                "virtualNetworkRules": [],
                "ipRules": [],
                "defaultAction": "Allow"
              },
              "supportsHttpsTrafficOnly": true,
              "encryption": {
                "services": {
                  "file": {
                    "keyType": "Account",
                    "enabled": true,
                    "lastEnabledTime": "2022-01-29T13:35:22.8112083Z"
                  },
                  "blob": {
                    "keyType": "Account",
                    "enabled": true,
                    "lastEnabledTime": "2022-01-29T13:35:22.8112083Z"
                  }
                },
                "keySource": "Microsoft.Storage"
              },
              "accessTier": "Hot",
              "provisioningState": "Succeeded",
              "creationTime": "2022-01-29T13:35:22.6862313Z",
              "primaryEndpoints": {
                "dfs": "https://fengsa2.dfs.core.windows.net/",
                "web": "https://fengsa2.z20.web.core.windows.net/",
                "blob": "https://fengsa2.blob.core.windows.net/",
                "queue": "https://fengsa2.queue.core.windows.net/",
                "table": "https://fengsa2.table.core.windows.net/",
                "file": "https://fengsa2.file.core.windows.net/"
              },
              "primaryLocation": "eastus2",
              "statusOfPrimary": "available",
              "secondaryLocation": "centralus",
              "statusOfSecondary": "available",
              "secondaryEndpoints": {
                "dfs": "https://fengsa2-secondary.dfs.core.windows.net/",
                "web": "https://fengsa2-secondary.z20.web.core.windows.net/",
                "blob": "https://fengsa2-secondary.blob.core.windows.net/",
                "queue": "https://fengsa2-secondary.queue.core.windows.net/",
                "table": "https://fengsa2-secondary.table.core.windows.net/"
              }
            }
          },
          {
            "sku": {
              "name": "Standard_GRS",
              "tier": "Standard"
            },
            "kind": "StorageV2",
            "id": "/subscriptions/db1ab6f0-4769-4b27-930e-01e2ef9c123c/resourceGroups/teststorageRG-6327/providers/Microsoft.Storage/storageAccounts/teststoragemgmt2325",
            "name": "teststoragemgmt2325",
            "type": "Microsoft.Storage/storageAccounts",
            "location": "eastus2",
            "tags": {
              "key1": "value1",
              "key2": "value2"
            },
            "properties": {
              "keyCreationTime": {
                "key1": "2021-11-18T03:03:12.8262878Z",
                "key2": "2021-11-18T03:03:12.8262878Z"
              },
              "privateEndpointConnections": [],
              "minimumTlsVersion": "TLS1_0",
              "allowBlobPublicAccess": true,
              "networkAcls": {
                "bypass": "AzureServices",
                "virtualNetworkRules": [],
                "ipRules": [],
                "defaultAction": "Allow"
              },
              "supportsHttpsTrafficOnly": true,
              "encryption": {
                "services": {
                  "file": {
                    "keyType": "Account",
                    "enabled": true,
                    "lastEnabledTime": "2021-11-18T03:03:12.8262878Z"
                  },
                  "blob": {
                    "keyType": "Account",
                    "enabled": true,
                    "lastEnabledTime": "2021-11-18T03:03:12.8262878Z"
                  }
                },
                "keySource": "Microsoft.Storage"
              },
              "accessTier": "Hot",
              "provisioningState": "Succeeded",
              "creationTime": "2021-11-18T03:03:12.6700571Z",
              "primaryEndpoints": {
                "dfs": "https://teststoragemgmt2325.dfs.core.windows.net/",
                "web": "https://teststoragemgmt2325.z20.web.core.windows.net/",
                "blob": "https://teststoragemgmt2325.blob.core.windows.net/",
                "queue": "https://teststoragemgmt2325.queue.core.windows.net/",
                "table": "https://teststoragemgmt2325.table.core.windows.net/",
                "file": "https://teststoragemgmt2325.file.core.windows.net/"
              },
              "primaryLocation": "eastus2",
              "statusOfPrimary": "available",
              "secondaryLocation": "centralus",
              "statusOfSecondary": "available"
            }
          },
          {
            "sku": {
              "name": "Standard_GRS",
              "tier": "Standard"
            },
            "kind": "Storage",
            "id": "/subscriptions/db1ab6f0-4769-4b27-930e-01e2ef9c123c/resourceGroups/teststorageRG-197/providers/Microsoft.Storage/storageAccounts/teststoragemgmt3083",
            "name": "teststoragemgmt3083",
            "type": "Microsoft.Storage/storageAccounts",
            "location": "eastus2",
            "tags": {
              "key1": "value1",
              "key2": "value2"
            },
            "properties": {
              "keyCreationTime": {
                "key1": "2021-11-26T02:05:53.7507169Z",
                "key2": "2021-11-26T02:05:53.7507169Z"
              },
              "privateEndpointConnections": [],
              "minimumTlsVersion": "TLS1_0",
              "allowBlobPublicAccess": true,
              "networkAcls": {
                "bypass": "AzureServices",
                "virtualNetworkRules": [],
                "ipRules": [],
                "defaultAction": "Allow"
              },
              "supportsHttpsTrafficOnly": true,
              "encryption": {
                "services": {
                  "file": {
                    "keyType": "Account",
                    "enabled": true,
                    "lastEnabledTime": "2021-11-26T02:05:53.7507169Z"
                  },
                  "blob": {
                    "keyType": "Account",
                    "enabled": true,
                    "lastEnabledTime": "2021-11-26T02:05:53.7507169Z"
                  }
                },
                "keySource": "Microsoft.Storage"
              },
              "provisioningState": "Succeeded",
              "creationTime": "2021-11-26T02:05:53.6257485Z",
              "primaryEndpoints": {
                "blob": "https://teststoragemgmt3083.blob.core.windows.net/",
                "queue": "https://teststoragemgmt3083.queue.core.windows.net/",
                "table": "https://teststoragemgmt3083.table.core.windows.net/",
                "file": "https://teststoragemgmt3083.file.core.windows.net/"
              },
              "primaryLocation": "eastus2",
              "statusOfPrimary": "available",
              "secondaryLocation": "centralus",
              "statusOfSecondary": "available"
            }
          },
          {
            "identity": {
              "type": "SystemAssigned, UserAssigned"
            },
            "sku": {
              "name": "Standard_GRS",
              "tier": "Standard"
            },
            "kind": "Storage",
            "id": "/subscriptions/db1ab6f0-4769-4b27-930e-01e2ef9c123c/resourceGroups/teststorageRG-5295/providers/Microsoft.Storage/storageAccounts/teststoragemgmt3661",
            "name": "teststoragemgmt3661",
            "type": "Microsoft.Storage/storageAccounts",
            "location": "eastus2",
            "tags": {
              "key1": "value1",
              "key2": "value2"
            },
            "properties": {
              "keyCreationTime": {
                "key1": "2022-01-29T13:43:04.9692653Z",
                "key2": "2022-01-29T13:43:04.9692653Z"
              },
              "privateEndpointConnections": [],
              "minimumTlsVersion": "TLS1_0",
              "allowBlobPublicAccess": true,
              "networkAcls": {
                "bypass": "AzureServices",
                "virtualNetworkRules": [],
                "ipRules": [],
                "defaultAction": "Allow"
              },
              "supportsHttpsTrafficOnly": true,
              "encryption": {
                "services": {
                  "file": {
                    "keyType": "Account",
                    "enabled": true,
                    "lastEnabledTime": "2022-01-29T13:43:04.9848523Z"
                  },
                  "blob": {
                    "keyType": "Account",
                    "enabled": true,
                    "lastEnabledTime": "2022-01-29T13:43:04.9848523Z"
                  }
                },
                "keySource": "Microsoft.Storage"
              },
              "provisioningState": "Succeeded",
              "creationTime": "2022-01-29T13:43:04.8598500Z",
              "primaryEndpoints": {
                "blob": "https://teststoragemgmt3661.blob.core.windows.net/",
                "queue": "https://teststoragemgmt3661.queue.core.windows.net/",
                "table": "https://teststoragemgmt3661.table.core.windows.net/",
                "file": "https://teststoragemgmt3661.file.core.windows.net/"
              },
              "primaryLocation": "eastus2",
              "statusOfPrimary": "available",
              "secondaryLocation": "centralus",
              "statusOfSecondary": "available"
            }
          },
          {
            "sku": {
              "name": "Standard_GRS",
              "tier": "Standard"
            },
            "kind": "StorageV2",
            "id": "/subscriptions/db1ab6f0-4769-4b27-930e-01e2ef9c123c/resourceGroups/teststorageRG-6853/providers/Microsoft.Storage/storageAccounts/teststoragemgmt3669",
            "name": "teststoragemgmt3669",
            "type": "Microsoft.Storage/storageAccounts",
            "location": "eastus2",
            "tags": {
              "key1": "value1",
              "key2": "value2"
            },
            "properties": {
              "keyCreationTime": {
                "key1": "2021-12-09T07:23:38.4788919Z",
                "key2": "2021-12-09T07:23:38.4788919Z"
              },
              "privateEndpointConnections": [],
              "minimumTlsVersion": "TLS1_0",
              "allowBlobPublicAccess": true,
              "networkAcls": {
                "bypass": "AzureServices",
                "virtualNetworkRules": [],
                "ipRules": [],
                "defaultAction": "Allow"
              },
              "supportsHttpsTrafficOnly": true,
              "encryption": {
                "services": {
                  "file": {
                    "keyType": "Account",
                    "enabled": true,
                    "lastEnabledTime": "2021-12-09T07:23:38.4788919Z"
                  },
                  "blob": {
                    "keyType": "Account",
                    "enabled": true,
                    "lastEnabledTime": "2021-12-09T07:23:38.4788919Z"
                  }
                },
                "keySource": "Microsoft.Storage"
              },
              "accessTier": "Hot",
              "provisioningState": "Succeeded",
              "creationTime": "2021-12-09T07:23:38.3538641Z",
              "primaryEndpoints": {
                "dfs": "https://teststoragemgmt3669.dfs.core.windows.net/",
                "web": "https://teststoragemgmt3669.z20.web.core.windows.net/",
                "blob": "https://teststoragemgmt3669.blob.core.windows.net/",
                "queue": "https://teststoragemgmt3669.queue.core.windows.net/",
                "table": "https://teststoragemgmt3669.table.core.windows.net/",
                "file": "https://teststoragemgmt3669.file.core.windows.net/"
              },
              "primaryLocation": "eastus2",
              "statusOfPrimary": "available",
              "secondaryLocation": "centralus",
              "statusOfSecondary": "available"
            }
          },
          {
            "identity": {
              "userAssignedIdentities": {
                "/subscriptions/db1ab6f0-4769-4b27-930e-01e2ef9c123c/resourcegroups/teststorageRG-9963/providers/Microsoft.ManagedIdentity/userAssignedIdentities/testMsi-6828": {
                  "principalId": "bce62580-0fe6-402f-b4fd-b481761220f5",
                  "tenantId": "72f988bf-86f1-41af-91ab-2d7cd011db47",
                  "clientId": "7c295f5a-96d2-47c5-a04e-188426b04680",
                  "identityUrl": "https://control-eastus2.identity.azure.net/subscriptions/db1ab6f0-4769-4b27-930e-01e2ef9c123c/resourcegroups/teststorageRG-9963/providers/Microsoft.Storage/storageAccounts/teststoragemgmt4408/credentials/v2/userassigned?arpid=61717068-dc42-45e4-8364-08e936d5021e\u0026uaid=7c295f5a-96d2-47c5-a04e-188426b04680\u0026tid=72f988bf-86f1-41af-91ab-2d7cd011db47",
                  "certRenewAfter": "2022-06-20T03:40:00Z"
                }
              },
              "type": "UserAssigned"
            },
            "sku": {
              "name": "Standard_LRS",
              "tier": "Standard"
            },
            "kind": "Storage",
            "id": "/subscriptions/db1ab6f0-4769-4b27-930e-01e2ef9c123c/resourceGroups/teststorageRG-9963/providers/Microsoft.Storage/storageAccounts/teststoragemgmt4408",
            "name": "teststoragemgmt4408",
            "type": "Microsoft.Storage/storageAccounts",
            "location": "eastus2",
            "tags": {
              "key1": "value1",
              "key2": "value2"
            },
            "properties": {
              "keyCreationTime": {
                "key1": "2022-02-17T16:42:35.3151442Z",
                "key2": "2022-02-17T16:42:35.3151442Z"
              },
              "privateEndpointConnections": [],
              "minimumTlsVersion": "TLS1_0",
              "allowBlobPublicAccess": true,
              "networkAcls": {
                "bypass": "AzureServices",
                "virtualNetworkRules": [],
                "ipRules": [],
                "defaultAction": "Allow"
              },
              "supportsHttpsTrafficOnly": true,
              "encryption": {
                "services": {
                  "file": {
                    "keyType": "Account",
                    "enabled": true,
                    "lastEnabledTime": "2022-02-17T16:42:35.3151442Z"
                  },
                  "blob": {
                    "keyType": "Account",
                    "enabled": true,
                    "lastEnabledTime": "2022-02-17T16:42:35.3151442Z"
                  }
                },
                "keySource": "Microsoft.Storage"
              },
              "provisioningState": "Succeeded",
              "creationTime": "2022-02-17T16:42:35.1744853Z",
              "primaryEndpoints": {
                "blob": "https://teststoragemgmt4408.blob.core.windows.net/",
                "queue": "https://teststoragemgmt4408.queue.core.windows.net/",
                "table": "https://teststoragemgmt4408.table.core.windows.net/",
                "file": "https://teststoragemgmt4408.file.core.windows.net/"
              },
              "primaryLocation": "eastus2",
              "statusOfPrimary": "available"
            }
          },
          {
            "sku": {
              "name": "Standard_GRS",
              "tier": "Standard"
            },
            "kind": "Storage",
            "id": "/subscriptions/db1ab6f0-4769-4b27-930e-01e2ef9c123c/resourceGroups/teststorageRG-1748/providers/Microsoft.Storage/storageAccounts/teststoragemgmt4412",
            "name": "teststoragemgmt4412",
            "type": "Microsoft.Storage/storageAccounts",
            "location": "eastus2",
            "tags": {
              "key1": "value1",
              "key2": "value2"
            },
            "properties": {
              "keyCreationTime": {
                "key1": "2022-06-10T06:47:49.3923894Z",
                "key2": "2022-06-10T06:47:49.3923894Z"
              },
              "privateEndpointConnections": [],
              "minimumTlsVersion": "TLS1_0",
              "allowBlobPublicAccess": true,
              "networkAcls": {
                "bypass": "AzureServices",
                "virtualNetworkRules": [],
                "ipRules": [],
                "defaultAction": "Allow"
              },
              "supportsHttpsTrafficOnly": true,
              "encryption": {
                "services": {
                  "file": {
                    "keyType": "Account",
                    "enabled": true,
                    "lastEnabledTime": "2022-06-10T06:47:49.3923894Z"
                  },
                  "blob": {
                    "keyType": "Account",
                    "enabled": true,
                    "lastEnabledTime": "2022-06-10T06:47:49.3923894Z"
                  }
                },
                "keySource": "Microsoft.Storage"
              },
              "provisioningState": "Succeeded",
              "creationTime": "2022-06-10T06:47:49.2674114Z",
              "primaryEndpoints": {
                "blob": "https://teststoragemgmt4412.blob.core.windows.net/",
                "queue": "https://teststoragemgmt4412.queue.core.windows.net/",
                "table": "https://teststoragemgmt4412.table.core.windows.net/",
                "file": "https://teststoragemgmt4412.file.core.windows.net/"
              },
              "primaryLocation": "eastus2",
              "statusOfPrimary": "available",
              "secondaryLocation": "centralus",
              "statusOfSecondary": "available"
            }
          },
          {
            "identity": {
              "type": "SystemAssigned, UserAssigned"
            },
            "sku": {
              "name": "Standard_GRS",
              "tier": "Standard"
            },
            "kind": "Storage",
            "id": "/subscriptions/db1ab6f0-4769-4b27-930e-01e2ef9c123c/resourceGroups/teststorageRG-8751/providers/Microsoft.Storage/storageAccounts/teststoragemgmt4454",
            "name": "teststoragemgmt4454",
            "type": "Microsoft.Storage/storageAccounts",
            "location": "eastus2",
            "tags": {
              "key1": "value1",
              "key2": "value2"
            },
            "properties": {
              "keyCreationTime": {
                "key1": "2022-01-29T13:47:21.0405053Z",
                "key2": "2022-01-29T13:47:21.0405053Z"
              },
              "privateEndpointConnections": [],
              "minimumTlsVersion": "TLS1_0",
              "allowBlobPublicAccess": true,
              "networkAcls": {
                "bypass": "AzureServices",
                "virtualNetworkRules": [],
                "ipRules": [],
                "defaultAction": "Allow"
              },
              "supportsHttpsTrafficOnly": true,
              "encryption": {
                "services": {
                  "file": {
                    "keyType": "Account",
                    "enabled": true,
                    "lastEnabledTime": "2022-01-29T13:47:21.0405053Z"
                  },
                  "blob": {
                    "keyType": "Account",
                    "enabled": true,
                    "lastEnabledTime": "2022-01-29T13:47:21.0405053Z"
                  }
                },
                "keySource": "Microsoft.Storage"
              },
              "provisioningState": "Succeeded",
              "creationTime": "2022-01-29T13:47:20.9155294Z",
              "primaryEndpoints": {
                "blob": "https://teststoragemgmt4454.blob.core.windows.net/",
                "queue": "https://teststoragemgmt4454.queue.core.windows.net/",
                "table": "https://teststoragemgmt4454.table.core.windows.net/",
                "file": "https://teststoragemgmt4454.file.core.windows.net/"
              },
              "primaryLocation": "eastus2",
              "statusOfPrimary": "available",
              "secondaryLocation": "centralus",
              "statusOfSecondary": "available"
            }
          },
          {
            "sku": {
              "name": "Standard_GRS",
              "tier": "Standard"
            },
            "kind": "Storage",
            "id": "/subscriptions/db1ab6f0-4769-4b27-930e-01e2ef9c123c/resourceGroups/teststorageRG-9209/providers/Microsoft.Storage/storageAccounts/teststoragemgmt5589",
            "name": "teststoragemgmt5589",
            "type": "Microsoft.Storage/storageAccounts",
            "location": "eastus2",
            "tags": {
              "key1": "value1",
              "key2": "value2"
            },
            "properties": {
              "keyCreationTime": {
                "key1": "2022-06-10T06:47:25.3614879Z",
                "key2": "2022-06-10T06:47:25.3614879Z"
              },
              "privateEndpointConnections": [],
              "minimumTlsVersion": "TLS1_0",
              "allowBlobPublicAccess": true,
              "networkAcls": {
                "bypass": "AzureServices",
                "virtualNetworkRules": [],
                "ipRules": [],
                "defaultAction": "Allow"
              },
              "supportsHttpsTrafficOnly": true,
              "encryption": {
                "services": {
                  "file": {
                    "keyType": "Account",
                    "enabled": true,
                    "lastEnabledTime": "2022-06-10T06:47:25.3757275Z"
                  },
                  "blob": {
                    "keyType": "Account",
                    "enabled": true,
                    "lastEnabledTime": "2022-06-10T06:47:25.3757275Z"
                  }
                },
                "keySource": "Microsoft.Storage"
              },
              "provisioningState": "Succeeded",
              "creationTime": "2022-06-10T06:47:25.2194759Z",
              "primaryEndpoints": {
                "blob": "https://teststoragemgmt5589.blob.core.windows.net/",
                "queue": "https://teststoragemgmt5589.queue.core.windows.net/",
                "table": "https://teststoragemgmt5589.table.core.windows.net/",
                "file": "https://teststoragemgmt5589.file.core.windows.net/"
              },
              "primaryLocation": "eastus2",
              "statusOfPrimary": "available",
              "secondaryLocation": "centralus",
              "statusOfSecondary": "available"
            }
          },
          {
            "sku": {
              "name": "Standard_GRS",
              "tier": "Standard"
            },
            "kind": "Storage",
            "id": "/subscriptions/db1ab6f0-4769-4b27-930e-01e2ef9c123c/resourceGroups/teststorageRG-4742/providers/Microsoft.Storage/storageAccounts/teststoragemgmt6019",
            "name": "teststoragemgmt6019",
            "type": "Microsoft.Storage/storageAccounts",
            "location": "eastus2",
            "tags": {
              "key1": "value1",
              "key2": "value2"
            },
            "properties": {
              "keyCreationTime": {
                "key1": "2021-12-09T06:47:33.8641076Z",
                "key2": "2021-12-09T06:47:33.8641076Z"
              },
              "privateEndpointConnections": [],
              "minimumTlsVersion": "TLS1_0",
              "allowBlobPublicAccess": true,
              "networkAcls": {
                "bypass": "AzureServices",
                "virtualNetworkRules": [],
                "ipRules": [],
                "defaultAction": "Allow"
              },
              "supportsHttpsTrafficOnly": true,
              "encryption": {
                "services": {
                  "file": {
                    "keyType": "Account",
                    "enabled": true,
                    "lastEnabledTime": "2021-12-09T06:47:33.8641076Z"
                  },
                  "blob": {
                    "keyType": "Account",
                    "enabled": true,
                    "lastEnabledTime": "2021-12-09T06:47:33.8641076Z"
                  }
                },
                "keySource": "Microsoft.Storage"
              },
              "provisioningState": "Succeeded",
              "creationTime": "2021-12-09T06:47:33.7547487Z",
              "primaryEndpoints": {
                "blob": "https://teststoragemgmt6019.blob.core.windows.net/",
                "queue": "https://teststoragemgmt6019.queue.core.windows.net/",
                "table": "https://teststoragemgmt6019.table.core.windows.net/",
                "file": "https://teststoragemgmt6019.file.core.windows.net/"
              },
              "primaryLocation": "eastus2",
              "statusOfPrimary": "available",
              "secondaryLocation": "centralus",
              "statusOfSecondary": "available"
            }
          },
          {
            "identity": {
              "userAssignedIdentities": {
                "/subscriptions/db1ab6f0-4769-4b27-930e-01e2ef9c123c/resourcegroups/feng_test/providers/Microsoft.ManagedIdentity/userAssignedIdentities/fengid1": {
                  "principalId": "e0cd13a3-6986-43b4-aa99-ad368d3caeb7",
                  "tenantId": "72f988bf-86f1-41af-91ab-2d7cd011db47",
                  "clientId": "c692a07f-9d08-44ad-b74c-0ca962616588",
                  "identityUrl": "https://control-eastus2.identity.azure.net/subscriptions/db1ab6f0-4769-4b27-930e-01e2ef9c123c/resourcegroups/teststorageRG-725/providers/Microsoft.Storage/storageAccounts/teststoragemgmt6044/credentials/v2/userassigned?arpid=0187a09f-5565-4106-9fb2-c7db624e14e3\u0026uaid=c692a07f-9d08-44ad-b74c-0ca962616588\u0026tid=72f988bf-86f1-41af-91ab-2d7cd011db47",
                  "certRenewAfter": "2022-06-20T03:40:00Z"
                }
              },
              "principalId": "43866844-9ab7-44ff-9770-f6dda4788d2d",
              "tenantId": "72f988bf-86f1-41af-91ab-2d7cd011db47",
              "type": "SystemAssigned,UserAssigned"
            },
            "sku": {
              "name": "Standard_GRS",
              "tier": "Standard"
            },
            "kind": "Storage",
            "id": "/subscriptions/db1ab6f0-4769-4b27-930e-01e2ef9c123c/resourceGroups/teststorageRG-725/providers/Microsoft.Storage/storageAccounts/teststoragemgmt6044",
            "name": "teststoragemgmt6044",
            "type": "Microsoft.Storage/storageAccounts",
            "location": "eastus2",
            "tags": {
              "key1": "value1",
              "key2": "value2"
            },
            "properties": {
              "keyCreationTime": {
                "key1": "2022-01-29T13:59:32.3804369Z",
                "key2": "2022-01-29T13:59:32.3804369Z"
              },
              "privateEndpointConnections": [],
              "minimumTlsVersion": "TLS1_0",
              "allowBlobPublicAccess": true,
              "networkAcls": {
                "bypass": "AzureServices",
                "virtualNetworkRules": [],
                "ipRules": [],
                "defaultAction": "Allow"
              },
              "supportsHttpsTrafficOnly": true,
              "encryption": {
                "services": {
                  "file": {
                    "keyType": "Account",
                    "enabled": true,
                    "lastEnabledTime": "2022-01-29T13:59:32.3804369Z"
                  },
                  "blob": {
                    "keyType": "Account",
                    "enabled": true,
                    "lastEnabledTime": "2022-01-29T13:59:32.3804369Z"
                  }
                },
                "keySource": "Microsoft.Storage"
              },
              "provisioningState": "Succeeded",
              "creationTime": "2022-01-29T13:59:32.2709927Z",
              "primaryEndpoints": {
                "blob": "https://teststoragemgmt6044.blob.core.windows.net/",
                "queue": "https://teststoragemgmt6044.queue.core.windows.net/",
                "table": "https://teststoragemgmt6044.table.core.windows.net/",
                "file": "https://teststoragemgmt6044.file.core.windows.net/"
              },
              "primaryLocation": "eastus2",
              "statusOfPrimary": "available",
              "secondaryLocation": "centralus",
              "statusOfSecondary": "available"
            }
          },
          {
            "sku": {
              "name": "Standard_GRS",
              "tier": "Standard"
            },
            "kind": "StorageV2",
            "id": "/subscriptions/db1ab6f0-4769-4b27-930e-01e2ef9c123c/resourceGroups/teststorageRG-5335/providers/Microsoft.Storage/storageAccounts/teststoragemgmt8010",
            "name": "teststoragemgmt8010",
            "type": "Microsoft.Storage/storageAccounts",
            "location": "eastus2",
            "tags": {
              "key1": "value1",
              "key2": "value2"
            },
            "properties": {
              "keyCreationTime": {
                "key1": "2021-11-18T02:49:12.3583063Z",
                "key2": "2021-11-18T02:49:12.3583063Z"
              },
              "privateEndpointConnections": [],
              "minimumTlsVersion": "TLS1_0",
              "allowBlobPublicAccess": true,
              "networkAcls": {
                "bypass": "AzureServices",
                "virtualNetworkRules": [],
                "ipRules": [],
                "defaultAction": "Allow"
              },
              "supportsHttpsTrafficOnly": true,
              "encryption": {
                "services": {
                  "file": {
                    "keyType": "Account",
                    "enabled": true,
                    "lastEnabledTime": "2021-11-18T02:49:12.3583063Z"
                  },
                  "blob": {
                    "keyType": "Account",
                    "enabled": true,
                    "lastEnabledTime": "2021-11-18T02:49:12.3583063Z"
                  }
                },
                "keySource": "Microsoft.Storage"
              },
              "accessTier": "Hot",
              "provisioningState": "Succeeded",
              "creationTime": "2021-11-18T02:49:12.2489072Z",
              "primaryEndpoints": {
                "dfs": "https://teststoragemgmt8010.dfs.core.windows.net/",
                "web": "https://teststoragemgmt8010.z20.web.core.windows.net/",
                "blob": "https://teststoragemgmt8010.blob.core.windows.net/",
                "queue": "https://teststoragemgmt8010.queue.core.windows.net/",
                "table": "https://teststoragemgmt8010.table.core.windows.net/",
                "file": "https://teststoragemgmt8010.file.core.windows.net/"
              },
              "primaryLocation": "eastus2",
              "statusOfPrimary": "available",
              "secondaryLocation": "centralus",
              "statusOfSecondary": "available"
            }
          },
          {
            "identity": {
              "userAssignedIdentities": {
                "/subscriptions/db1ab6f0-4769-4b27-930e-01e2ef9c123c/resourcegroups/teststorageRG-8601/providers/Microsoft.ManagedIdentity/userAssignedIdentities/testMsi-1749": {
                  "principalId": "df32c68a-290f-45e6-9fcd-f7523d72b857",
                  "tenantId": "72f988bf-86f1-41af-91ab-2d7cd011db47",
                  "clientId": "4c8bbedb-1785-4a0f-bfd0-9670f07d7267",
                  "identityUrl": "https://control-eastus2.identity.azure.net/subscriptions/db1ab6f0-4769-4b27-930e-01e2ef9c123c/resourcegroups/teststorageRG-8601/providers/Microsoft.Storage/storageAccounts/teststoragemgmt9209/credentials/v2/userassigned?arpid=78163e34-b171-4fae-ab6b-57cc7dc8cbfe\u0026uaid=4c8bbedb-1785-4a0f-bfd0-9670f07d7267\u0026tid=72f988bf-86f1-41af-91ab-2d7cd011db47",
                  "certRenewAfter": "2022-06-20T03:40:00Z"
                }
              },
              "type": "UserAssigned"
            },
            "sku": {
              "name": "Standard_LRS",
              "tier": "Standard"
            },
            "kind": "Storage",
            "id": "/subscriptions/db1ab6f0-4769-4b27-930e-01e2ef9c123c/resourceGroups/teststorageRG-8601/providers/Microsoft.Storage/storageAccounts/teststoragemgmt9209",
            "name": "teststoragemgmt9209",
            "type": "Microsoft.Storage/storageAccounts",
            "location": "eastus2",
            "tags": {
              "key1": "value1",
              "key2": "value2"
            },
            "properties": {
              "keyCreationTime": {
                "key1": "2022-02-18T00:54:12.1050399Z",
                "key2": "2022-02-18T00:54:12.1050399Z"
              },
              "privateEndpointConnections": [],
              "minimumTlsVersion": "TLS1_0",
              "allowBlobPublicAccess": true,
              "networkAcls": {
                "bypass": "AzureServices",
                "virtualNetworkRules": [],
                "ipRules": [],
                "defaultAction": "Allow"
              },
              "supportsHttpsTrafficOnly": true,
              "encryption": {
                "services": {
                  "file": {
                    "keyType": "Account",
                    "enabled": true,
                    "lastEnabledTime": "2022-02-18T00:54:12.1206714Z"
                  },
                  "blob": {
                    "keyType": "Account",
                    "enabled": true,
                    "lastEnabledTime": "2022-02-18T00:54:12.1206714Z"
                  }
                },
                "keySource": "Microsoft.Storage"
              },
              "provisioningState": "Succeeded",
              "creationTime": "2022-02-18T00:54:11.9800129Z",
              "primaryEndpoints": {
                "blob": "https://teststoragemgmt9209.blob.core.windows.net/",
                "queue": "https://teststoragemgmt9209.queue.core.windows.net/",
                "table": "https://teststoragemgmt9209.table.core.windows.net/",
                "file": "https://teststoragemgmt9209.file.core.windows.net/"
              },
              "primaryLocation": "eastus2",
              "statusOfPrimary": "available"
            }
          },
          {
            "sku": {
              "name": "Standard_RAGRS",
              "tier": "Standard"
            },
            "kind": "StorageV2",
            "id": "/subscriptions/db1ab6f0-4769-4b27-930e-01e2ef9c123c/resourceGroups/pashaoTest/providers/Microsoft.Storage/storageAccounts/pashao",
            "name": "pashao",
            "type": "Microsoft.Storage/storageAccounts",
            "location": "westus2",
            "tags": {},
            "properties": {
              "keyCreationTime": {
                "key1": "2022-03-21T06:20:18.2456940Z",
                "key2": "2022-03-21T06:20:18.2456940Z"
              },
              "privateEndpointConnections": [],
              "minimumTlsVersion": "TLS1_2",
              "allowBlobPublicAccess": true,
              "isHnsEnabled": true,
              "networkAcls": {
                "bypass": "AzureServices",
                "virtualNetworkRules": [],
                "ipRules": [],
                "defaultAction": "Allow"
              },
              "supportsHttpsTrafficOnly": true,
              "encryption": {
                "services": {
                  "file": {
                    "keyType": "Account",
                    "enabled": true,
                    "lastEnabledTime": "2022-03-21T06:20:18.2612856Z"
                  },
                  "blob": {
                    "keyType": "Account",
                    "enabled": true,
                    "lastEnabledTime": "2022-03-21T06:20:18.2612856Z"
                  }
                },
                "keySource": "Microsoft.Storage"
              },
              "accessTier": "Hot",
              "provisioningState": "Succeeded",
              "creationTime": "2022-03-21T06:20:18.1832012Z",
              "primaryEndpoints": {
                "dfs": "https://pashao.dfs.core.windows.net/",
                "web": "https://pashao.z5.web.core.windows.net/",
                "blob": "https://pashao.blob.core.windows.net/",
                "queue": "https://pashao.queue.core.windows.net/",
                "table": "https://pashao.table.core.windows.net/",
                "file": "https://pashao.file.core.windows.net/"
              },
              "primaryLocation": "westus2",
              "statusOfPrimary": "available",
              "secondaryLocation": "westcentralus",
              "statusOfSecondary": "available",
              "secondaryEndpoints": {
                "dfs": "https://pashao-secondary.dfs.core.windows.net/",
                "web": "https://pashao-secondary.z5.web.core.windows.net/",
                "blob": "https://pashao-secondary.blob.core.windows.net/",
                "queue": "https://pashao-secondary.queue.core.windows.net/",
                "table": "https://pashao-secondary.table.core.windows.net/"
              }
            }
          }
        ]
      }
    },
    {
      "RequestUri": "https://management.azure.com/subscriptions/db1ab6f0-4769-4b27-930e-01e2ef9c123c/resourceGroups/teststorageRG-9209/providers/Microsoft.Storage/storageAccounts/teststoragemgmt5589?api-version=2021-09-01",
      "RequestMethod": "DELETE",
      "RequestHeaders": {
        "Authorization": "Sanitized",
        "traceparent": "00-6ae506dd707dc15137b874537259502c-386cc7459aed5cf2-00",
        "User-Agent": "azsdk-net-ResourceManager.Storage/1.0.0-alpha.20220610.1 (.NET 6.0.5; Microsoft Windows 10.0.22621)",
        "x-ms-client-request-id": "6dbf1006094180acc8584268e2020149",
        "x-ms-return-client-request-id": "true"
      },
      "RequestBody": null,
      "StatusCode": 200,
      "ResponseHeaders": {
        "Cache-Control": "no-cache",
        "Content-Length": "0",
        "Content-Type": "text/plain; charset=utf-8",
        "Date": "Fri, 10 Jun 2022 06:48:15 GMT",
        "Expires": "-1",
        "Pragma": "no-cache",
        "Server": "Microsoft-Azure-Storage-Resource-Provider/1.0,Microsoft-HTTPAPI/2.0 Microsoft-HTTPAPI/2.0",
        "Strict-Transport-Security": "max-age=31536000; includeSubDomains",
        "X-Content-Type-Options": "nosniff",
        "x-ms-client-request-id": "6dbf1006094180acc8584268e2020149",
        "x-ms-correlation-request-id": "62685dfd-7d8c-4b38-a0b3-58f273817e9f",
        "x-ms-ratelimit-remaining-subscription-deletes": "14912",
        "x-ms-request-id": "0c006f66-e53e-40a9-b0f7-95eb62277fec",
        "x-ms-routing-request-id": "SOUTHEASTASIA:20220610T064815Z:62685dfd-7d8c-4b38-a0b3-58f273817e9f"
      },
      "ResponseBody": null
    },
    {
      "RequestUri": "https://management.azure.com/subscriptions/db1ab6f0-4769-4b27-930e-01e2ef9c123c/resourceGroups/teststorageRG-1748/providers/Microsoft.Storage/storageAccounts/teststoragemgmt4412?api-version=2021-09-01",
      "RequestMethod": "DELETE",
      "RequestHeaders": {
        "Authorization": "Sanitized",
        "traceparent": "00-622c6ac463d804d89f109beebc4d39db-31efdd9021920064-00",
        "User-Agent": "azsdk-net-ResourceManager.Storage/1.0.0-alpha.20220610.1 (.NET 6.0.5; Microsoft Windows 10.0.22621)",
        "x-ms-client-request-id": "c4c00be50d41cad75b8ef9450e3d1dcc",
        "x-ms-return-client-request-id": "true"
      },
      "RequestBody": null,
      "StatusCode": 200,
      "ResponseHeaders": {
        "Cache-Control": "no-cache",
        "Content-Length": "0",
        "Content-Type": "text/plain; charset=utf-8",
        "Date": "Fri, 10 Jun 2022 06:48:22 GMT",
        "Expires": "-1",
        "Pragma": "no-cache",
        "Server": "Microsoft-Azure-Storage-Resource-Provider/1.0,Microsoft-HTTPAPI/2.0 Microsoft-HTTPAPI/2.0",
        "Strict-Transport-Security": "max-age=31536000; includeSubDomains",
        "X-Content-Type-Options": "nosniff",
        "x-ms-client-request-id": "c4c00be50d41cad75b8ef9450e3d1dcc",
        "x-ms-correlation-request-id": "19751483-693d-48c2-a77c-fe2bb4d31846",
        "x-ms-ratelimit-remaining-subscription-deletes": "14911",
        "x-ms-request-id": "5c806529-9d6a-4cd3-8c42-ae63a5c8bcb6",
        "x-ms-routing-request-id": "SOUTHEASTASIA:20220610T064822Z:19751483-693d-48c2-a77c-fe2bb4d31846"
      },
      "ResponseBody": null
    }
  ],
  "Variables": {
    "RandomSeed": "1252459514",
    "RESOURCE_MANAGER_URL": null,
    "SUBSCRIPTION_ID": "db1ab6f0-4769-4b27-930e-01e2ef9c123c"
  }
}
