{
  "Entries": [
    {
      "RequestUri": "https://management.azure.com/subscriptions/db1ab6f0-4769-4b27-930e-01e2ef9c123c?api-version=2021-01-01",
      "RequestMethod": "GET",
      "RequestHeaders": {
        "Accept": "application/json",
        "Authorization": "Sanitized",
        "traceparent": "00-768d162dfee57166203fadddfd143fb1-297a8259c29eee7b-00",
        "User-Agent": "azsdk-net-ResourceManager/1.3.0 (.NET 6.0.8; Microsoft Windows 10.0.19044)",
        "x-ms-client-request-id": "021d58f9489a2f94de53e701f4e551b7",
        "x-ms-return-client-request-id": "true"
      },
      "RequestBody": null,
      "StatusCode": 200,
      "ResponseHeaders": {
        "Cache-Control": "no-cache",
        "Content-Length": "747",
        "Content-Type": "application/json; charset=utf-8",
        "Date": "Thu, 18 Aug 2022 09:36:03 GMT",
        "Expires": "-1",
        "Pragma": "no-cache",
        "Strict-Transport-Security": "max-age=31536000; includeSubDomains",
        "X-Content-Type-Options": "nosniff",
        "x-ms-correlation-request-id": "33af3c19-c4ba-4650-97ab-6e8a5ea72ce6",
        "x-ms-ratelimit-remaining-subscription-reads": "11777",
        "x-ms-request-id": "33af3c19-c4ba-4650-97ab-6e8a5ea72ce6",
        "x-ms-routing-request-id": "SOUTHEASTASIA:20220818T093603Z:33af3c19-c4ba-4650-97ab-6e8a5ea72ce6"
      },
      "ResponseBody": {
        "id": "/subscriptions/db1ab6f0-4769-4b27-930e-01e2ef9c123c",
        "authorizationSource": "RoleBased",
        "managedByTenants": [],
        "tags": {
          "TagKey-9823": "TagValue-566",
          "TagKey-3481": "TagValue-320",
          "TagKey-4926": "TagValue-1187",
          "TagKey-751": "TagValue-3921",
          "TagKey-1866": "TagValue-8559",
          "TagKey-3094": "TagValue-9190",
          "TagKey-2449": "TagValue-9",
          "TagKey-8379": "TagValue-164",
          "TagKey-7470": "TagValue-2205",
          "TagKey-4236": "TagValue-3698",
          "TagKey-5316": "TagValue-2725"
        },
        "subscriptionId": "db1ab6f0-4769-4b27-930e-01e2ef9c123c",
        "tenantId": "72f988bf-86f1-41af-91ab-2d7cd011db47",
        "displayName": ".NET Mgmt SDK Test with TTL = 1 Day",
        "state": "Enabled",
        "subscriptionPolicies": {
          "locationPlacementId": "Internal_2014-09-01",
          "quotaId": "Internal_2014-09-01",
          "spendingLimit": "Off"
        }
      }
    },
    {
      "RequestUri": "https://management.azure.com/subscriptions/db1ab6f0-4769-4b27-930e-01e2ef9c123c/providers/Microsoft.Storage/checkNameAvailability?api-version=2022-05-01",
      "RequestMethod": "POST",
      "RequestHeaders": {
        "Accept": "application/json",
        "Authorization": "Sanitized",
        "Content-Length": "73",
        "Content-Type": "application/json",
        "traceparent": "00-5c9cc978c32194ee4b264d784fe44c75-dafc01ab62ee75ae-00",
        "User-Agent": "azsdk-net-ResourceManager.Storage/1.0.0-alpha.20220818.1 (.NET 6.0.8; Microsoft Windows 10.0.19044)",
        "x-ms-client-request-id": "ff8caf46c9ef4a09d2bad1c2e0b37ca6",
        "x-ms-return-client-request-id": "true"
      },
      "RequestBody": {
        "name": "teststoragemgmt1794",
        "type": "Microsoft.Storage/storageAccounts"
      },
      "StatusCode": 200,
      "ResponseHeaders": {
        "Cache-Control": "no-cache",
        "Content-Length": "22",
        "Content-Type": "application/json",
        "Date": "Thu, 18 Aug 2022 09:36:04 GMT",
        "Expires": "-1",
        "Pragma": "no-cache",
        "Server": "Microsoft-Azure-Storage-Resource-Provider/1.0,Microsoft-HTTPAPI/2.0 Microsoft-HTTPAPI/2.0",
        "Strict-Transport-Security": "max-age=31536000; includeSubDomains",
        "X-Content-Type-Options": "nosniff",
        "x-ms-client-request-id": "ff8caf46c9ef4a09d2bad1c2e0b37ca6",
        "x-ms-correlation-request-id": "71ead8a7-6c45-4489-aa14-b796a520e403",
        "x-ms-ratelimit-remaining-subscription-reads": "11776",
        "x-ms-request-id": "cd25675f-ca74-439a-b047-bbb205419f73",
        "x-ms-routing-request-id": "SOUTHEASTASIA:20220818T093605Z:71ead8a7-6c45-4489-aa14-b796a520e403"
      },
      "ResponseBody": {
        "nameAvailable": true
      }
    },
    {
      "RequestUri": "https://management.azure.com/subscriptions/db1ab6f0-4769-4b27-930e-01e2ef9c123c/resourcegroups/teststorageRG-9464?api-version=2021-04-01",
      "RequestMethod": "PUT",
      "RequestHeaders": {
        "Accept": "application/json",
        "Authorization": "Sanitized",
        "Content-Length": "44",
        "Content-Type": "application/json",
        "traceparent": "00-9e243a650b595e5a5c8b80be17587921-1bd977656bdd15b8-00",
        "User-Agent": "azsdk-net-ResourceManager/1.3.0 (.NET 6.0.8; Microsoft Windows 10.0.19044)",
        "x-ms-client-request-id": "894682d78402d43412ead5dc9ba4edb2",
        "x-ms-return-client-request-id": "true"
      },
      "RequestBody": {
        "tags": {
          "test": "env"
        },
        "location": "eastus2"
      },
      "StatusCode": 201,
      "ResponseHeaders": {
        "Cache-Control": "no-cache",
        "Content-Length": "256",
        "Content-Type": "application/json; charset=utf-8",
        "Date": "Thu, 18 Aug 2022 09:36:06 GMT",
        "Expires": "-1",
        "Pragma": "no-cache",
        "Strict-Transport-Security": "max-age=31536000; includeSubDomains",
        "X-Content-Type-Options": "nosniff",
        "x-ms-correlation-request-id": "26aaa5b5-9d7b-4cb2-adad-f5931855d2c1",
        "x-ms-ratelimit-remaining-subscription-writes": "1112",
        "x-ms-request-id": "26aaa5b5-9d7b-4cb2-adad-f5931855d2c1",
        "x-ms-routing-request-id": "SOUTHEASTASIA:20220818T093606Z:26aaa5b5-9d7b-4cb2-adad-f5931855d2c1"
      },
      "ResponseBody": {
        "id": "/subscriptions/db1ab6f0-4769-4b27-930e-01e2ef9c123c/resourceGroups/teststorageRG-9464",
        "name": "teststorageRG-9464",
        "type": "Microsoft.Resources/resourceGroups",
        "location": "eastus2",
        "tags": {
          "test": "env"
        },
        "properties": {
          "provisioningState": "Succeeded"
        }
      }
    },
    {
      "RequestUri": "https://management.azure.com/subscriptions/db1ab6f0-4769-4b27-930e-01e2ef9c123c/resourceGroups/teststorageRG-9464/providers/Microsoft.Storage/storageAccounts/teststoragemgmt1794?api-version=2022-05-01",
      "RequestMethod": "PUT",
      "RequestHeaders": {
        "Accept": "application/json",
        "Authorization": "Sanitized",
        "Content-Length": "233",
        "Content-Type": "application/json",
        "traceparent": "00-36cb72ba2ffcf80c409a80fc8c15af16-84ce86d1a0bf1401-00",
        "User-Agent": "azsdk-net-ResourceManager.Storage/1.0.0-alpha.20220818.1 (.NET 6.0.8; Microsoft Windows 10.0.19044)",
        "x-ms-client-request-id": "882217f80ae2148eb8c88dc26dfd9f6a",
        "x-ms-return-client-request-id": "true"
      },
      "RequestBody": {
        "sku": {
          "name": "Standard_GRS"
        },
        "kind": "Storage",
        "location": "eastus2",
        "tags": {
          "key1": "value1",
          "key2": "value2"
        },
        "properties": {
          "encryption": {
            "services": {
              "blob": {
                "enabled": true
              },
              "file": {
                "enabled": true
              }
            },
            "keySource": "Microsoft.Storage"
          }
        }
      },
      "StatusCode": 202,
      "ResponseHeaders": {
        "Cache-Control": "no-cache",
        "Content-Length": "0",
        "Content-Type": "text/plain; charset=utf-8",
        "Date": "Thu, 18 Aug 2022 09:36:11 GMT",
        "Expires": "-1",
        "Location": "https://management.azure.com/subscriptions/db1ab6f0-4769-4b27-930e-01e2ef9c123c/providers/Microsoft.Storage/locations/eastus2/asyncoperations/9d6f7eeb-53a5-4d4b-9d30-93220d7e1364?monitor=true\u0026api-version=2022-05-01",
        "Pragma": "no-cache",
        "Retry-After": "17",
        "Server": "Microsoft-Azure-Storage-Resource-Provider/1.0,Microsoft-HTTPAPI/2.0 Microsoft-HTTPAPI/2.0",
        "Strict-Transport-Security": "max-age=31536000; includeSubDomains",
        "X-Content-Type-Options": "nosniff",
        "x-ms-client-request-id": "882217f80ae2148eb8c88dc26dfd9f6a",
        "x-ms-correlation-request-id": "575e0f65-a07a-408e-b5f4-e0b6972001b0",
        "x-ms-ratelimit-remaining-subscription-writes": "1111",
        "x-ms-request-id": "9d6f7eeb-53a5-4d4b-9d30-93220d7e1364",
        "x-ms-routing-request-id": "SOUTHEASTASIA:20220818T093612Z:575e0f65-a07a-408e-b5f4-e0b6972001b0"
      },
      "ResponseBody": null
    },
    {
      "RequestUri": "https://management.azure.com/subscriptions/db1ab6f0-4769-4b27-930e-01e2ef9c123c/providers/Microsoft.Storage/locations/eastus2/asyncoperations/9d6f7eeb-53a5-4d4b-9d30-93220d7e1364?monitor=true\u0026api-version=2022-05-01",
      "RequestMethod": "GET",
      "RequestHeaders": {
        "Authorization": "Sanitized",
        "traceparent": "00-36cb72ba2ffcf80c409a80fc8c15af16-aa9b7824a7a14860-00",
        "User-Agent": "azsdk-net-ResourceManager/1.3.0 (.NET 6.0.8; Microsoft Windows 10.0.19044)",
        "x-ms-client-request-id": "9ce70fe41d5acc68f432d13af6716614",
        "x-ms-return-client-request-id": "true"
      },
      "RequestBody": null,
      "StatusCode": 202,
      "ResponseHeaders": {
        "Cache-Control": "no-cache",
        "Content-Length": "0",
        "Content-Type": "text/plain; charset=utf-8",
        "Date": "Thu, 18 Aug 2022 09:36:11 GMT",
        "Expires": "-1",
        "Location": "https://management.azure.com/subscriptions/db1ab6f0-4769-4b27-930e-01e2ef9c123c/providers/Microsoft.Storage/locations/eastus2/asyncoperations/9d6f7eeb-53a5-4d4b-9d30-93220d7e1364?monitor=true\u0026api-version=2022-05-01",
        "Pragma": "no-cache",
        "Retry-After": "17",
        "Server": "Microsoft-Azure-Storage-Resource-Provider/1.0,Microsoft-HTTPAPI/2.0 Microsoft-HTTPAPI/2.0",
        "Strict-Transport-Security": "max-age=31536000; includeSubDomains",
        "X-Content-Type-Options": "nosniff",
        "x-ms-client-request-id": "9ce70fe41d5acc68f432d13af6716614",
        "x-ms-correlation-request-id": "8745542a-8de0-4ec0-9351-1368d53d51df",
        "x-ms-ratelimit-remaining-subscription-reads": "11775",
        "x-ms-request-id": "f56864ae-e2be-4d61-aa6d-03bd01e67e23",
        "x-ms-routing-request-id": "SOUTHEASTASIA:20220818T093612Z:8745542a-8de0-4ec0-9351-1368d53d51df"
      },
      "ResponseBody": null
    },
    {
      "RequestUri": "https://management.azure.com/subscriptions/db1ab6f0-4769-4b27-930e-01e2ef9c123c/providers/Microsoft.Storage/locations/eastus2/asyncoperations/9d6f7eeb-53a5-4d4b-9d30-93220d7e1364?monitor=true\u0026api-version=2022-05-01",
      "RequestMethod": "GET",
      "RequestHeaders": {
        "Authorization": "Sanitized",
        "traceparent": "00-36cb72ba2ffcf80c409a80fc8c15af16-2cadc2b0b00184a6-00",
        "User-Agent": "azsdk-net-ResourceManager/1.3.0 (.NET 6.0.8; Microsoft Windows 10.0.19044)",
        "x-ms-client-request-id": "f1816a4a1e962441d4f630b72eaee04a",
        "x-ms-return-client-request-id": "true"
      },
      "RequestBody": null,
      "StatusCode": 200,
      "ResponseHeaders": {
        "Cache-Control": "no-cache",
        "Content-Length": "1404",
        "Content-Type": "application/json",
        "Date": "Thu, 18 Aug 2022 09:36:30 GMT",
        "Expires": "-1",
        "Pragma": "no-cache",
        "Server": "Microsoft-Azure-Storage-Resource-Provider/1.0,Microsoft-HTTPAPI/2.0 Microsoft-HTTPAPI/2.0",
        "Strict-Transport-Security": "max-age=31536000; includeSubDomains",
        "X-Content-Type-Options": "nosniff",
        "x-ms-client-request-id": "f1816a4a1e962441d4f630b72eaee04a",
        "x-ms-correlation-request-id": "af7258b2-308b-4d4b-b6f8-820acb6bb320",
        "x-ms-ratelimit-remaining-subscription-reads": "11774",
        "x-ms-request-id": "ac9f724c-4ad1-44cf-9856-ffff9205b938",
        "x-ms-routing-request-id": "SOUTHEASTASIA:20220818T093630Z:af7258b2-308b-4d4b-b6f8-820acb6bb320"
      },
      "ResponseBody": {
        "sku": {
          "name": "Standard_GRS",
          "tier": "Standard"
        },
        "kind": "Storage",
        "id": "/subscriptions/db1ab6f0-4769-4b27-930e-01e2ef9c123c/resourceGroups/teststorageRG-9464/providers/Microsoft.Storage/storageAccounts/teststoragemgmt1794",
        "name": "teststoragemgmt1794",
        "type": "Microsoft.Storage/storageAccounts",
        "location": "eastus2",
        "tags": {
          "key1": "value1",
          "key2": "value2"
        },
        "properties": {
          "keyCreationTime": {
            "key1": "2022-08-18T09:36:09.9519643Z",
            "key2": "2022-08-18T09:36:09.9519643Z"
          },
          "privateEndpointConnections": [],
          "minimumTlsVersion": "TLS1_0",
          "allowBlobPublicAccess": true,
          "networkAcls": {
            "bypass": "AzureServices",
            "virtualNetworkRules": [],
            "ipRules": [],
            "defaultAction": "Allow"
          },
          "supportsHttpsTrafficOnly": true,
          "encryption": {
            "services": {
              "file": {
                "keyType": "Account",
                "enabled": true,
                "lastEnabledTime": "2022-08-18T09:36:09.9675704Z"
              },
              "blob": {
                "keyType": "Account",
                "enabled": true,
                "lastEnabledTime": "2022-08-18T09:36:09.9675704Z"
              }
            },
            "keySource": "Microsoft.Storage"
          },
          "provisioningState": "Succeeded",
          "creationTime": "2022-08-18T09:36:09.8113286Z",
          "primaryEndpoints": {
            "blob": "https://teststoragemgmt1794.blob.core.windows.net/",
            "queue": "https://teststoragemgmt1794.queue.core.windows.net/",
            "table": "https://teststoragemgmt1794.table.core.windows.net/",
            "file": "https://teststoragemgmt1794.file.core.windows.net/"
          },
          "primaryLocation": "eastus2",
          "statusOfPrimary": "available",
          "secondaryLocation": "centralus",
          "statusOfSecondary": "available"
        }
      }
    },
    {
      "RequestUri": "https://management.azure.com/subscriptions/db1ab6f0-4769-4b27-930e-01e2ef9c123c/resourceGroups/teststorageRG-9464/providers/Microsoft.Storage/storageAccounts?api-version=2022-05-01",
      "RequestMethod": "GET",
      "RequestHeaders": {
        "Accept": "application/json",
        "Authorization": "Sanitized",
        "traceparent": "00-068573823de3d9be58f8ba6a780e060d-ed4bc2d3c89cc94d-00",
        "User-Agent": "azsdk-net-ResourceManager.Storage/1.0.0-alpha.20220818.1 (.NET 6.0.8; Microsoft Windows 10.0.19044)",
        "x-ms-client-request-id": "5dde769103153d104041da3e020834e6",
        "x-ms-return-client-request-id": "true"
      },
      "RequestBody": null,
      "StatusCode": 200,
      "ResponseHeaders": {
        "Cache-Control": "no-cache",
        "Content-Length": "1416",
        "Content-Type": "application/json",
        "Date": "Thu, 18 Aug 2022 09:36:31 GMT",
        "Expires": "-1",
        "Pragma": "no-cache",
        "Server": "Microsoft-Azure-Storage-Resource-Provider/1.0,Microsoft-HTTPAPI/2.0 Microsoft-HTTPAPI/2.0",
        "Strict-Transport-Security": "max-age=31536000; includeSubDomains",
        "X-Content-Type-Options": "nosniff",
        "x-ms-client-request-id": "5dde769103153d104041da3e020834e6",
        "x-ms-correlation-request-id": "7255b3ff-b6b2-4e54-b675-1355e86f6ee8",
        "x-ms-ratelimit-remaining-subscription-reads": "11773",
        "x-ms-request-id": "d7d0992d-96e8-47d6-be92-f607cdb654f7",
        "x-ms-routing-request-id": "SOUTHEASTASIA:20220818T093631Z:7255b3ff-b6b2-4e54-b675-1355e86f6ee8"
      },
      "ResponseBody": {
        "value": [
          {
            "sku": {
              "name": "Standard_GRS",
              "tier": "Standard"
            },
            "kind": "Storage",
            "id": "/subscriptions/db1ab6f0-4769-4b27-930e-01e2ef9c123c/resourceGroups/teststorageRG-9464/providers/Microsoft.Storage/storageAccounts/teststoragemgmt1794",
            "name": "teststoragemgmt1794",
            "type": "Microsoft.Storage/storageAccounts",
            "location": "eastus2",
            "tags": {
              "key1": "value1",
              "key2": "value2"
            },
            "properties": {
              "keyCreationTime": {
                "key1": "2022-08-18T09:36:09.9519643Z",
                "key2": "2022-08-18T09:36:09.9519643Z"
              },
              "privateEndpointConnections": [],
              "minimumTlsVersion": "TLS1_0",
              "allowBlobPublicAccess": true,
              "networkAcls": {
                "bypass": "AzureServices",
                "virtualNetworkRules": [],
                "ipRules": [],
                "defaultAction": "Allow"
              },
              "supportsHttpsTrafficOnly": true,
              "encryption": {
                "services": {
                  "file": {
                    "keyType": "Account",
                    "enabled": true,
                    "lastEnabledTime": "2022-08-18T09:36:09.9675704Z"
                  },
                  "blob": {
                    "keyType": "Account",
                    "enabled": true,
                    "lastEnabledTime": "2022-08-18T09:36:09.9675704Z"
                  }
                },
                "keySource": "Microsoft.Storage"
              },
              "provisioningState": "Succeeded",
              "creationTime": "2022-08-18T09:36:09.8113286Z",
              "primaryEndpoints": {
                "blob": "https://teststoragemgmt1794.blob.core.windows.net/",
                "queue": "https://teststoragemgmt1794.queue.core.windows.net/",
                "table": "https://teststoragemgmt1794.table.core.windows.net/",
                "file": "https://teststoragemgmt1794.file.core.windows.net/"
              },
              "primaryLocation": "eastus2",
              "statusOfPrimary": "available",
              "secondaryLocation": "centralus",
              "statusOfSecondary": "available"
            }
          }
        ]
      }
    },
    {
      "RequestUri": "https://management.azure.com/subscriptions/db1ab6f0-4769-4b27-930e-01e2ef9c123c/resourceGroups/teststorageRG-9464/providers/Microsoft.Storage/storageAccounts?api-version=2022-05-01",
      "RequestMethod": "GET",
      "RequestHeaders": {
        "Accept": "application/json",
        "Authorization": "Sanitized",
        "traceparent": "00-20be6989ab4409dce64727a54a9de3bc-cd4db639ae13eb7e-00",
        "User-Agent": "azsdk-net-ResourceManager.Storage/1.0.0-alpha.20220818.1 (.NET 6.0.8; Microsoft Windows 10.0.19044)",
        "x-ms-client-request-id": "c994c7c445ecc680cec3c763ecb19e45",
        "x-ms-return-client-request-id": "true"
      },
      "RequestBody": null,
      "StatusCode": 200,
      "ResponseHeaders": {
        "Cache-Control": "no-cache",
        "Content-Length": "1416",
        "Content-Type": "application/json",
        "Date": "Thu, 18 Aug 2022 09:36:31 GMT",
        "Expires": "-1",
        "Pragma": "no-cache",
        "Server": "Microsoft-Azure-Storage-Resource-Provider/1.0,Microsoft-HTTPAPI/2.0 Microsoft-HTTPAPI/2.0",
        "Strict-Transport-Security": "max-age=31536000; includeSubDomains",
        "X-Content-Type-Options": "nosniff",
        "x-ms-client-request-id": "c994c7c445ecc680cec3c763ecb19e45",
        "x-ms-correlation-request-id": "8a2d4c73-b60b-4164-b94c-c20040ca0716",
        "x-ms-ratelimit-remaining-subscription-reads": "11772",
        "x-ms-request-id": "c8b72ecc-7de2-47c8-be28-6ec776b003f7",
        "x-ms-routing-request-id": "SOUTHEASTASIA:20220818T093631Z:8a2d4c73-b60b-4164-b94c-c20040ca0716"
      },
      "ResponseBody": {
        "value": [
          {
            "sku": {
              "name": "Standard_GRS",
              "tier": "Standard"
            },
            "kind": "Storage",
            "id": "/subscriptions/db1ab6f0-4769-4b27-930e-01e2ef9c123c/resourceGroups/teststorageRG-9464/providers/Microsoft.Storage/storageAccounts/teststoragemgmt1794",
            "name": "teststoragemgmt1794",
            "type": "Microsoft.Storage/storageAccounts",
            "location": "eastus2",
            "tags": {
              "key1": "value1",
              "key2": "value2"
            },
            "properties": {
              "keyCreationTime": {
                "key1": "2022-08-18T09:36:09.9519643Z",
                "key2": "2022-08-18T09:36:09.9519643Z"
              },
              "privateEndpointConnections": [],
              "minimumTlsVersion": "TLS1_0",
              "allowBlobPublicAccess": true,
              "networkAcls": {
                "bypass": "AzureServices",
                "virtualNetworkRules": [],
                "ipRules": [],
                "defaultAction": "Allow"
              },
              "supportsHttpsTrafficOnly": true,
              "encryption": {
                "services": {
                  "file": {
                    "keyType": "Account",
                    "enabled": true,
                    "lastEnabledTime": "2022-08-18T09:36:09.9675704Z"
                  },
                  "blob": {
                    "keyType": "Account",
                    "enabled": true,
                    "lastEnabledTime": "2022-08-18T09:36:09.9675704Z"
                  }
                },
                "keySource": "Microsoft.Storage"
              },
              "provisioningState": "Succeeded",
              "creationTime": "2022-08-18T09:36:09.8113286Z",
              "primaryEndpoints": {
                "blob": "https://teststoragemgmt1794.blob.core.windows.net/",
                "queue": "https://teststoragemgmt1794.queue.core.windows.net/",
                "table": "https://teststoragemgmt1794.table.core.windows.net/",
                "file": "https://teststoragemgmt1794.file.core.windows.net/"
              },
              "primaryLocation": "eastus2",
              "statusOfPrimary": "available",
              "secondaryLocation": "centralus",
              "statusOfSecondary": "available"
            }
          }
        ]
      }
    },
    {
      "RequestUri": "https://management.azure.com/subscriptions/db1ab6f0-4769-4b27-930e-01e2ef9c123c/resourceGroups/teststorageRG-9464/providers/Microsoft.Storage/storageAccounts/teststoragemgmt1794?api-version=2022-05-01",
      "RequestMethod": "DELETE",
      "RequestHeaders": {
        "Authorization": "Sanitized",
        "traceparent": "00-6bd358db1a94e7523c0a98ea7ac34151-cad7cf729f65db38-00",
        "User-Agent": "azsdk-net-ResourceManager.Storage/1.0.0-alpha.20220818.1 (.NET 6.0.8; Microsoft Windows 10.0.19044)",
        "x-ms-client-request-id": "7fa98752099247fe5a43b054430321cb",
        "x-ms-return-client-request-id": "true"
      },
      "RequestBody": null,
      "StatusCode": 200,
      "ResponseHeaders": {
        "Cache-Control": "no-cache",
        "Content-Length": "0",
        "Content-Type": "text/plain; charset=utf-8",
        "Date": "Thu, 18 Aug 2022 09:36:38 GMT",
        "Expires": "-1",
        "Pragma": "no-cache",
        "Server": "Microsoft-Azure-Storage-Resource-Provider/1.0,Microsoft-HTTPAPI/2.0 Microsoft-HTTPAPI/2.0",
        "Strict-Transport-Security": "max-age=31536000; includeSubDomains",
        "X-Content-Type-Options": "nosniff",
        "x-ms-client-request-id": "7fa98752099247fe5a43b054430321cb",
        "x-ms-correlation-request-id": "fa842b48-86c2-4830-b754-186649752140",
        "x-ms-ratelimit-remaining-subscription-deletes": "14960",
        "x-ms-request-id": "f97704b6-849a-466f-acc5-34d3a2689f54",
        "x-ms-routing-request-id": "SOUTHEASTASIA:20220818T093638Z:fa842b48-86c2-4830-b754-186649752140"
      },
      "ResponseBody": null
    }
  ],
  "Variables": {
    "AZURE_AUTHORITY_HOST": "https://login.microsoftonline.com",
    "RandomSeed": "1792915200",
    "RESOURCE_MANAGER_URL": null,
    "SUBSCRIPTION_ID": "db1ab6f0-4769-4b27-930e-01e2ef9c123c"
  }
}
