{
  "Entries": [
    {
      "RequestUri": "https://management.azure.com/subscriptions/45b60d85-fd72-427a-a708-f994d26e593e/resourcegroups/res5428?api-version=2017-05-10",
      "RequestMethod": "PUT",
      "RequestHeaders": {
        "Authorization": "Sanitized",
        "Content-Length": "22",
        "Content-Type": "application/json",
        "traceparent": "00-59b93bd028c9a94c815313b826aebca7-ddb7f602aff3744b-00",
        "User-Agent": [
          "azsdk-net-ResourceManager.Storage.Tests/1.0.0-dev.20200611.1",
          "(.NET Core 4.6.28801.04; Microsoft Windows 10.0.19041 )"
        ],
        "x-ms-client-request-id": "7aca1aec56b90e7902a4291e34b15b2a",
        "x-ms-return-client-request-id": "true"
      },
      "RequestBody": {
        "location": "eastus2"
      },
      "StatusCode": 201,
      "ResponseHeaders": {
        "Cache-Control": "no-cache",
        "Content-Length": "168",
        "Content-Type": "application/json; charset=utf-8",
        "Date": "Thu, 11 Jun 2020 04:39:15 GMT",
        "Expires": "-1",
        "Pragma": "no-cache",
        "Strict-Transport-Security": "max-age=31536000; includeSubDomains",
        "X-Content-Type-Options": "nosniff",
        "x-ms-correlation-request-id": "20add15b-1764-4740-bccb-a6f8b978b4ef",
        "x-ms-ratelimit-remaining-subscription-writes": "1101",
        "x-ms-request-id": "20add15b-1764-4740-bccb-a6f8b978b4ef",
        "x-ms-routing-request-id": "KOREASOUTH:20200611T043915Z:20add15b-1764-4740-bccb-a6f8b978b4ef"
      },
      "ResponseBody": {
        "id": "/subscriptions/45b60d85-fd72-427a-a708-f994d26e593e/resourceGroups/res5428",
        "name": "res5428",
        "location": "eastus2",
        "properties": {
          "provisioningState": "Succeeded"
        }
      }
    },
    {
      "RequestUri": "https://management.azure.com/subscriptions/45b60d85-fd72-427a-a708-f994d26e593e/resourceGroups/res5428/providers/Microsoft.Storage/storageAccounts/sto8062?api-version=2019-06-01",
      "RequestMethod": "PUT",
      "RequestHeaders": {
        "Authorization": "Sanitized",
        "Content-Length": "164",
        "Content-Type": "application/json",
        "traceparent": "00-83027dc832e5fd43bc43e2813bb90207-51ac601c160cdc47-00",
        "User-Agent": [
          "azsdk-net-ResourceManager.Storage/1.0.0-dev.20200611.1",
          "(.NET Core 4.6.28801.04; Microsoft Windows 10.0.19041 )"
        ],
        "x-ms-client-request-id": "a7499b3b16c3786e552f671295af2077",
        "x-ms-return-client-request-id": "true"
      },
      "RequestBody": {
        "sku": {
          "name": "Standard_GRS"
        },
        "kind": "Storage",
        "location": "eastus2(stage)",
        "tags": {
          "key1": "value1",
          "key2": "value2"
        },
        "properties": {
          "supportsHttpsTrafficOnly": true
        }
      },
      "StatusCode": 202,
      "ResponseHeaders": {
        "Cache-Control": "no-cache",
        "Content-Length": "0",
        "Content-Type": "text/plain; charset=utf-8",
        "Date": "Thu, 11 Jun 2020 04:39:17 GMT",
        "Expires": "-1",
        "Location": "https://management.azure.com/subscriptions/45b60d85-fd72-427a-a708-f994d26e593e/providers/Microsoft.Storage/locations/eastus2(stage)/asyncoperations/35aca468-3ba3-472a-9a91-227ea1f9a512?monitor=true\u0026api-version=2019-06-01",
        "Pragma": "no-cache",
        "Retry-After": "17",
        "Server": "Microsoft-Azure-Storage-Resource-Provider/1.0,Microsoft-HTTPAPI/2.0 Microsoft-HTTPAPI/2.0",
        "Strict-Transport-Security": "max-age=31536000; includeSubDomains",
        "X-Content-Type-Options": "nosniff",
        "x-ms-client-request-id": "a7499b3b16c3786e552f671295af2077",
        "x-ms-correlation-request-id": "d82a03ce-c582-41fd-9f1c-fda9ab5cf8a5",
        "x-ms-ratelimit-remaining-subscription-writes": "1100",
        "x-ms-request-id": "35aca468-3ba3-472a-9a91-227ea1f9a512",
        "x-ms-routing-request-id": "KOREASOUTH:20200611T043917Z:d82a03ce-c582-41fd-9f1c-fda9ab5cf8a5"
      },
      "ResponseBody": []
    },
    {
      "RequestUri": "https://management.azure.com/subscriptions/45b60d85-fd72-427a-a708-f994d26e593e/providers/Microsoft.Storage/locations/eastus2(stage)/asyncoperations/35aca468-3ba3-472a-9a91-227ea1f9a512?monitor=true\u0026api-version=2019-06-01",
      "RequestMethod": "GET",
      "RequestHeaders": {
        "Authorization": "Sanitized",
        "User-Agent": [
          "azsdk-net-ResourceManager.Storage/1.0.0-dev.20200611.1",
          "(.NET Core 4.6.28801.04; Microsoft Windows 10.0.19041 )"
        ],
        "x-ms-client-request-id": "8eb0896e4533b3560b410049a6f00e7a",
        "x-ms-return-client-request-id": "true"
      },
      "RequestBody": null,
      "StatusCode": 202,
      "ResponseHeaders": {
        "Cache-Control": "no-cache",
        "Content-Length": "0",
        "Content-Type": "text/plain; charset=utf-8",
        "Date": "Thu, 11 Jun 2020 04:39:17 GMT",
        "Expires": "-1",
        "Location": "https://management.azure.com/subscriptions/45b60d85-fd72-427a-a708-f994d26e593e/providers/Microsoft.Storage/locations/eastus2(stage)/asyncoperations/35aca468-3ba3-472a-9a91-227ea1f9a512?monitor=true\u0026api-version=2019-06-01",
        "Pragma": "no-cache",
        "Retry-After": "17",
        "Server": "Microsoft-Azure-Storage-Resource-Provider/1.0,Microsoft-HTTPAPI/2.0 Microsoft-HTTPAPI/2.0",
        "Strict-Transport-Security": "max-age=31536000; includeSubDomains",
        "X-Content-Type-Options": "nosniff",
        "x-ms-client-request-id": "8eb0896e4533b3560b410049a6f00e7a",
        "x-ms-correlation-request-id": "c01e53cc-ad3c-42c9-ac8d-f5a1c8839c72",
        "x-ms-ratelimit-remaining-subscription-reads": "11130",
        "x-ms-request-id": "1623bcb0-cb1f-4357-9814-98fb71fbc6da",
        "x-ms-routing-request-id": "KOREASOUTH:20200611T043918Z:c01e53cc-ad3c-42c9-ac8d-f5a1c8839c72"
      },
      "ResponseBody": []
    },
    {
      "RequestUri": "https://management.azure.com/subscriptions/45b60d85-fd72-427a-a708-f994d26e593e/providers/Microsoft.Storage/locations/eastus2(stage)/asyncoperations/35aca468-3ba3-472a-9a91-227ea1f9a512?monitor=true\u0026api-version=2019-06-01",
      "RequestMethod": "GET",
      "RequestHeaders": {
        "Authorization": "Sanitized",
        "User-Agent": [
          "azsdk-net-ResourceManager.Storage/1.0.0-dev.20200611.1",
          "(.NET Core 4.6.28801.04; Microsoft Windows 10.0.19041 )"
        ],
        "x-ms-client-request-id": "f1afbcfe560b106011552a23c5214692",
        "x-ms-return-client-request-id": "true"
      },
      "RequestBody": null,
      "StatusCode": 202,
      "ResponseHeaders": {
        "Cache-Control": "no-cache",
        "Content-Length": "0",
        "Content-Type": "text/plain; charset=utf-8",
        "Date": "Thu, 11 Jun 2020 04:39:19 GMT",
        "Expires": "-1",
        "Location": "https://management.azure.com/subscriptions/45b60d85-fd72-427a-a708-f994d26e593e/providers/Microsoft.Storage/locations/eastus2(stage)/asyncoperations/35aca468-3ba3-472a-9a91-227ea1f9a512?monitor=true\u0026api-version=2019-06-01",
        "Pragma": "no-cache",
        "Retry-After": "17",
        "Server": "Microsoft-Azure-Storage-Resource-Provider/1.0,Microsoft-HTTPAPI/2.0 Microsoft-HTTPAPI/2.0",
        "Strict-Transport-Security": "max-age=31536000; includeSubDomains",
        "X-Content-Type-Options": "nosniff",
        "x-ms-client-request-id": "f1afbcfe560b106011552a23c5214692",
        "x-ms-correlation-request-id": "1d924302-772c-4b97-87bb-f4c137e1ae49",
        "x-ms-ratelimit-remaining-subscription-reads": "11129",
        "x-ms-request-id": "846e7df5-2315-4762-8d31-d7016d609cd1",
        "x-ms-routing-request-id": "KOREASOUTH:20200611T043919Z:1d924302-772c-4b97-87bb-f4c137e1ae49"
      },
      "ResponseBody": []
    },
    {
      "RequestUri": "https://management.azure.com/subscriptions/45b60d85-fd72-427a-a708-f994d26e593e/providers/Microsoft.Storage/locations/eastus2(stage)/asyncoperations/35aca468-3ba3-472a-9a91-227ea1f9a512?monitor=true\u0026api-version=2019-06-01",
      "RequestMethod": "GET",
      "RequestHeaders": {
        "Authorization": "Sanitized",
        "User-Agent": [
          "azsdk-net-ResourceManager.Storage/1.0.0-dev.20200611.1",
          "(.NET Core 4.6.28801.04; Microsoft Windows 10.0.19041 )"
        ],
        "x-ms-client-request-id": "0ca3f3f392febc43136b74f92a404d8b",
        "x-ms-return-client-request-id": "true"
      },
      "RequestBody": null,
      "StatusCode": 202,
      "ResponseHeaders": {
        "Cache-Control": "no-cache",
        "Content-Length": "0",
        "Content-Type": "text/plain; charset=utf-8",
        "Date": "Thu, 11 Jun 2020 04:39:20 GMT",
        "Expires": "-1",
        "Location": "https://management.azure.com/subscriptions/45b60d85-fd72-427a-a708-f994d26e593e/providers/Microsoft.Storage/locations/eastus2(stage)/asyncoperations/35aca468-3ba3-472a-9a91-227ea1f9a512?monitor=true\u0026api-version=2019-06-01",
        "Pragma": "no-cache",
        "Retry-After": "17",
        "Server": "Microsoft-Azure-Storage-Resource-Provider/1.0,Microsoft-HTTPAPI/2.0 Microsoft-HTTPAPI/2.0",
        "Strict-Transport-Security": "max-age=31536000; includeSubDomains",
        "X-Content-Type-Options": "nosniff",
        "x-ms-client-request-id": "0ca3f3f392febc43136b74f92a404d8b",
        "x-ms-correlation-request-id": "2fb32493-8f0e-40b6-b1b9-55bad8d60076",
        "x-ms-ratelimit-remaining-subscription-reads": "11128",
        "x-ms-request-id": "5aa8888d-7fa2-46f8-8c69-a89353d7518a",
        "x-ms-routing-request-id": "KOREASOUTH:20200611T043920Z:2fb32493-8f0e-40b6-b1b9-55bad8d60076"
      },
      "ResponseBody": []
    },
    {
      "RequestUri": "https://management.azure.com/subscriptions/45b60d85-fd72-427a-a708-f994d26e593e/providers/Microsoft.Storage/locations/eastus2(stage)/asyncoperations/35aca468-3ba3-472a-9a91-227ea1f9a512?monitor=true\u0026api-version=2019-06-01",
      "RequestMethod": "GET",
      "RequestHeaders": {
        "Authorization": "Sanitized",
        "User-Agent": [
          "azsdk-net-ResourceManager.Storage/1.0.0-dev.20200611.1",
          "(.NET Core 4.6.28801.04; Microsoft Windows 10.0.19041 )"
        ],
        "x-ms-client-request-id": "754fd6914a13186728a07cde1a33edea",
        "x-ms-return-client-request-id": "true"
      },
      "RequestBody": null,
      "StatusCode": 202,
      "ResponseHeaders": {
        "Cache-Control": "no-cache",
        "Content-Length": "0",
        "Content-Type": "text/plain; charset=utf-8",
        "Date": "Thu, 11 Jun 2020 04:39:21 GMT",
        "Expires": "-1",
        "Location": "https://management.azure.com/subscriptions/45b60d85-fd72-427a-a708-f994d26e593e/providers/Microsoft.Storage/locations/eastus2(stage)/asyncoperations/35aca468-3ba3-472a-9a91-227ea1f9a512?monitor=true\u0026api-version=2019-06-01",
        "Pragma": "no-cache",
        "Retry-After": "17",
        "Server": "Microsoft-Azure-Storage-Resource-Provider/1.0,Microsoft-HTTPAPI/2.0 Microsoft-HTTPAPI/2.0",
        "Strict-Transport-Security": "max-age=31536000; includeSubDomains",
        "X-Content-Type-Options": "nosniff",
        "x-ms-client-request-id": "754fd6914a13186728a07cde1a33edea",
        "x-ms-correlation-request-id": "b10217d2-19e4-489c-b064-f40303a30fb2",
        "x-ms-ratelimit-remaining-subscription-reads": "11127",
        "x-ms-request-id": "a5c9a2c6-8bc2-4931-a684-8fdd6d84922d",
        "x-ms-routing-request-id": "KOREASOUTH:20200611T043921Z:b10217d2-19e4-489c-b064-f40303a30fb2"
      },
      "ResponseBody": []
    },
    {
      "RequestUri": "https://management.azure.com/subscriptions/45b60d85-fd72-427a-a708-f994d26e593e/providers/Microsoft.Storage/locations/eastus2(stage)/asyncoperations/35aca468-3ba3-472a-9a91-227ea1f9a512?monitor=true\u0026api-version=2019-06-01",
      "RequestMethod": "GET",
      "RequestHeaders": {
        "Authorization": "Sanitized",
        "User-Agent": [
          "azsdk-net-ResourceManager.Storage/1.0.0-dev.20200611.1",
          "(.NET Core 4.6.28801.04; Microsoft Windows 10.0.19041 )"
        ],
        "x-ms-client-request-id": "b2566dfa024d6c7b79f3dea0e167e5d1",
        "x-ms-return-client-request-id": "true"
      },
      "RequestBody": null,
      "StatusCode": 202,
      "ResponseHeaders": {
        "Cache-Control": "no-cache",
        "Content-Length": "0",
        "Content-Type": "text/plain; charset=utf-8",
        "Date": "Thu, 11 Jun 2020 04:39:22 GMT",
        "Expires": "-1",
        "Location": "https://management.azure.com/subscriptions/45b60d85-fd72-427a-a708-f994d26e593e/providers/Microsoft.Storage/locations/eastus2(stage)/asyncoperations/35aca468-3ba3-472a-9a91-227ea1f9a512?monitor=true\u0026api-version=2019-06-01",
        "Pragma": "no-cache",
        "Retry-After": "17",
        "Server": "Microsoft-Azure-Storage-Resource-Provider/1.0,Microsoft-HTTPAPI/2.0 Microsoft-HTTPAPI/2.0",
        "Strict-Transport-Security": "max-age=31536000; includeSubDomains",
        "X-Content-Type-Options": "nosniff",
        "x-ms-client-request-id": "b2566dfa024d6c7b79f3dea0e167e5d1",
        "x-ms-correlation-request-id": "2adb16c7-75a2-469b-aad1-6301e3e53e9f",
        "x-ms-ratelimit-remaining-subscription-reads": "11126",
        "x-ms-request-id": "cd04201e-0779-455e-b4c5-3b6682e0e1c2",
        "x-ms-routing-request-id": "KOREASOUTH:20200611T043923Z:2adb16c7-75a2-469b-aad1-6301e3e53e9f"
      },
      "ResponseBody": []
    },
    {
      "RequestUri": "https://management.azure.com/subscriptions/45b60d85-fd72-427a-a708-f994d26e593e/providers/Microsoft.Storage/locations/eastus2(stage)/asyncoperations/35aca468-3ba3-472a-9a91-227ea1f9a512?monitor=true\u0026api-version=2019-06-01",
      "RequestMethod": "GET",
      "RequestHeaders": {
        "Authorization": "Sanitized",
        "User-Agent": [
          "azsdk-net-ResourceManager.Storage/1.0.0-dev.20200611.1",
          "(.NET Core 4.6.28801.04; Microsoft Windows 10.0.19041 )"
        ],
        "x-ms-client-request-id": "ef919f07d0d1a87f8b8ae35e1565a1e0",
        "x-ms-return-client-request-id": "true"
      },
      "RequestBody": null,
      "StatusCode": 202,
      "ResponseHeaders": {
        "Cache-Control": "no-cache",
        "Content-Length": "0",
        "Content-Type": "text/plain; charset=utf-8",
        "Date": "Thu, 11 Jun 2020 04:39:23 GMT",
        "Expires": "-1",
        "Location": "https://management.azure.com/subscriptions/45b60d85-fd72-427a-a708-f994d26e593e/providers/Microsoft.Storage/locations/eastus2(stage)/asyncoperations/35aca468-3ba3-472a-9a91-227ea1f9a512?monitor=true\u0026api-version=2019-06-01",
        "Pragma": "no-cache",
        "Retry-After": "17",
        "Server": "Microsoft-Azure-Storage-Resource-Provider/1.0,Microsoft-HTTPAPI/2.0 Microsoft-HTTPAPI/2.0",
        "Strict-Transport-Security": "max-age=31536000; includeSubDomains",
        "X-Content-Type-Options": "nosniff",
        "x-ms-client-request-id": "ef919f07d0d1a87f8b8ae35e1565a1e0",
        "x-ms-correlation-request-id": "5ff3c012-3000-4d92-b843-35cb3d87bf4f",
        "x-ms-ratelimit-remaining-subscription-reads": "11125",
        "x-ms-request-id": "0c846f35-7361-4060-896c-e4cf82654f94",
        "x-ms-routing-request-id": "KOREASOUTH:20200611T043924Z:5ff3c012-3000-4d92-b843-35cb3d87bf4f"
      },
      "ResponseBody": []
    },
    {
      "RequestUri": "https://management.azure.com/subscriptions/45b60d85-fd72-427a-a708-f994d26e593e/providers/Microsoft.Storage/locations/eastus2(stage)/asyncoperations/35aca468-3ba3-472a-9a91-227ea1f9a512?monitor=true\u0026api-version=2019-06-01",
      "RequestMethod": "GET",
      "RequestHeaders": {
        "Authorization": "Sanitized",
        "User-Agent": [
          "azsdk-net-ResourceManager.Storage/1.0.0-dev.20200611.1",
          "(.NET Core 4.6.28801.04; Microsoft Windows 10.0.19041 )"
        ],
        "x-ms-client-request-id": "bcfe8a7d9be98f3e5ae3fc1f6cc736c1",
        "x-ms-return-client-request-id": "true"
      },
      "RequestBody": null,
      "StatusCode": 202,
      "ResponseHeaders": {
        "Cache-Control": "no-cache",
        "Content-Length": "0",
        "Content-Type": "text/plain; charset=utf-8",
        "Date": "Thu, 11 Jun 2020 04:39:25 GMT",
        "Expires": "-1",
        "Location": "https://management.azure.com/subscriptions/45b60d85-fd72-427a-a708-f994d26e593e/providers/Microsoft.Storage/locations/eastus2(stage)/asyncoperations/35aca468-3ba3-472a-9a91-227ea1f9a512?monitor=true\u0026api-version=2019-06-01",
        "Pragma": "no-cache",
        "Retry-After": "17",
        "Server": "Microsoft-Azure-Storage-Resource-Provider/1.0,Microsoft-HTTPAPI/2.0 Microsoft-HTTPAPI/2.0",
        "Strict-Transport-Security": "max-age=31536000; includeSubDomains",
        "X-Content-Type-Options": "nosniff",
        "x-ms-client-request-id": "bcfe8a7d9be98f3e5ae3fc1f6cc736c1",
        "x-ms-correlation-request-id": "a6c8aeca-3872-4798-887c-9e7af68d9bb2",
        "x-ms-ratelimit-remaining-subscription-reads": "11124",
        "x-ms-request-id": "8c80c649-b4db-470b-9652-3a7dcf7787a1",
        "x-ms-routing-request-id": "KOREASOUTH:20200611T043925Z:a6c8aeca-3872-4798-887c-9e7af68d9bb2"
      },
      "ResponseBody": []
    },
    {
      "RequestUri": "https://management.azure.com/subscriptions/45b60d85-fd72-427a-a708-f994d26e593e/providers/Microsoft.Storage/locations/eastus2(stage)/asyncoperations/35aca468-3ba3-472a-9a91-227ea1f9a512?monitor=true\u0026api-version=2019-06-01",
      "RequestMethod": "GET",
      "RequestHeaders": {
        "Authorization": "Sanitized",
        "User-Agent": [
          "azsdk-net-ResourceManager.Storage/1.0.0-dev.20200611.1",
          "(.NET Core 4.6.28801.04; Microsoft Windows 10.0.19041 )"
        ],
        "x-ms-client-request-id": "7bd7abbafda12a18eead27c21e1d5613",
        "x-ms-return-client-request-id": "true"
      },
      "RequestBody": null,
      "StatusCode": 202,
      "ResponseHeaders": {
        "Cache-Control": "no-cache",
        "Content-Length": "0",
        "Content-Type": "text/plain; charset=utf-8",
        "Date": "Thu, 11 Jun 2020 04:39:26 GMT",
        "Expires": "-1",
        "Location": "https://management.azure.com/subscriptions/45b60d85-fd72-427a-a708-f994d26e593e/providers/Microsoft.Storage/locations/eastus2(stage)/asyncoperations/35aca468-3ba3-472a-9a91-227ea1f9a512?monitor=true\u0026api-version=2019-06-01",
        "Pragma": "no-cache",
        "Retry-After": "17",
        "Server": "Microsoft-Azure-Storage-Resource-Provider/1.0,Microsoft-HTTPAPI/2.0 Microsoft-HTTPAPI/2.0",
        "Strict-Transport-Security": "max-age=31536000; includeSubDomains",
        "X-Content-Type-Options": "nosniff",
        "x-ms-client-request-id": "7bd7abbafda12a18eead27c21e1d5613",
        "x-ms-correlation-request-id": "c47d96d7-adbb-41a7-b504-396fe7511699",
        "x-ms-ratelimit-remaining-subscription-reads": "11123",
        "x-ms-request-id": "d2e118b5-2185-42bf-a56e-1e72750ce756",
        "x-ms-routing-request-id": "KOREASOUTH:20200611T043926Z:c47d96d7-adbb-41a7-b504-396fe7511699"
      },
      "ResponseBody": []
    },
    {
      "RequestUri": "https://management.azure.com/subscriptions/45b60d85-fd72-427a-a708-f994d26e593e/providers/Microsoft.Storage/locations/eastus2(stage)/asyncoperations/35aca468-3ba3-472a-9a91-227ea1f9a512?monitor=true\u0026api-version=2019-06-01",
      "RequestMethod": "GET",
      "RequestHeaders": {
        "Authorization": "Sanitized",
        "User-Agent": [
          "azsdk-net-ResourceManager.Storage/1.0.0-dev.20200611.1",
          "(.NET Core 4.6.28801.04; Microsoft Windows 10.0.19041 )"
        ],
        "x-ms-client-request-id": "5722fd5128686ce7600295eed45f3cc4",
        "x-ms-return-client-request-id": "true"
      },
      "RequestBody": null,
      "StatusCode": 202,
      "ResponseHeaders": {
        "Cache-Control": "no-cache",
        "Content-Length": "0",
        "Content-Type": "text/plain; charset=utf-8",
        "Date": "Thu, 11 Jun 2020 04:39:27 GMT",
        "Expires": "-1",
        "Location": "https://management.azure.com/subscriptions/45b60d85-fd72-427a-a708-f994d26e593e/providers/Microsoft.Storage/locations/eastus2(stage)/asyncoperations/35aca468-3ba3-472a-9a91-227ea1f9a512?monitor=true\u0026api-version=2019-06-01",
        "Pragma": "no-cache",
        "Retry-After": "17",
        "Server": "Microsoft-Azure-Storage-Resource-Provider/1.0,Microsoft-HTTPAPI/2.0 Microsoft-HTTPAPI/2.0",
        "Strict-Transport-Security": "max-age=31536000; includeSubDomains",
        "X-Content-Type-Options": "nosniff",
        "x-ms-client-request-id": "5722fd5128686ce7600295eed45f3cc4",
        "x-ms-correlation-request-id": "0eeb9c7d-c17f-4ceb-b165-d6aa261a4425",
        "x-ms-ratelimit-remaining-subscription-reads": "11122",
        "x-ms-request-id": "b1982e42-4741-42d1-80be-6a225cb0d3c6",
        "x-ms-routing-request-id": "KOREASOUTH:20200611T043928Z:0eeb9c7d-c17f-4ceb-b165-d6aa261a4425"
      },
      "ResponseBody": []
    },
    {
      "RequestUri": "https://management.azure.com/subscriptions/45b60d85-fd72-427a-a708-f994d26e593e/providers/Microsoft.Storage/locations/eastus2(stage)/asyncoperations/35aca468-3ba3-472a-9a91-227ea1f9a512?monitor=true\u0026api-version=2019-06-01",
      "RequestMethod": "GET",
      "RequestHeaders": {
        "Authorization": "Sanitized",
        "User-Agent": [
          "azsdk-net-ResourceManager.Storage/1.0.0-dev.20200611.1",
          "(.NET Core 4.6.28801.04; Microsoft Windows 10.0.19041 )"
        ],
        "x-ms-client-request-id": "6aa32253268e7f3f71d4ce3c737b703d",
        "x-ms-return-client-request-id": "true"
      },
      "RequestBody": null,
      "StatusCode": 202,
      "ResponseHeaders": {
        "Cache-Control": "no-cache",
        "Content-Length": "0",
        "Content-Type": "text/plain; charset=utf-8",
        "Date": "Thu, 11 Jun 2020 04:39:28 GMT",
        "Expires": "-1",
        "Location": "https://management.azure.com/subscriptions/45b60d85-fd72-427a-a708-f994d26e593e/providers/Microsoft.Storage/locations/eastus2(stage)/asyncoperations/35aca468-3ba3-472a-9a91-227ea1f9a512?monitor=true\u0026api-version=2019-06-01",
        "Pragma": "no-cache",
        "Retry-After": "17",
        "Server": "Microsoft-Azure-Storage-Resource-Provider/1.0,Microsoft-HTTPAPI/2.0 Microsoft-HTTPAPI/2.0",
        "Strict-Transport-Security": "max-age=31536000; includeSubDomains",
        "X-Content-Type-Options": "nosniff",
        "x-ms-client-request-id": "6aa32253268e7f3f71d4ce3c737b703d",
        "x-ms-correlation-request-id": "89d13ae4-94ed-4d9b-b72b-27f7169d43e0",
        "x-ms-ratelimit-remaining-subscription-reads": "11121",
        "x-ms-request-id": "ad017ebe-d9b5-49e8-921a-28dbbf4ab17e",
        "x-ms-routing-request-id": "KOREASOUTH:20200611T043929Z:89d13ae4-94ed-4d9b-b72b-27f7169d43e0"
      },
      "ResponseBody": []
    },
    {
      "RequestUri": "https://management.azure.com/subscriptions/45b60d85-fd72-427a-a708-f994d26e593e/providers/Microsoft.Storage/locations/eastus2(stage)/asyncoperations/35aca468-3ba3-472a-9a91-227ea1f9a512?monitor=true\u0026api-version=2019-06-01",
      "RequestMethod": "GET",
      "RequestHeaders": {
        "Authorization": "Sanitized",
        "User-Agent": [
          "azsdk-net-ResourceManager.Storage/1.0.0-dev.20200611.1",
          "(.NET Core 4.6.28801.04; Microsoft Windows 10.0.19041 )"
        ],
        "x-ms-client-request-id": "6ecee88cdfa49258c46b1a9e682a558e",
        "x-ms-return-client-request-id": "true"
      },
      "RequestBody": null,
      "StatusCode": 202,
      "ResponseHeaders": {
        "Cache-Control": "no-cache",
        "Content-Length": "0",
        "Content-Type": "text/plain; charset=utf-8",
        "Date": "Thu, 11 Jun 2020 04:39:30 GMT",
        "Expires": "-1",
        "Location": "https://management.azure.com/subscriptions/45b60d85-fd72-427a-a708-f994d26e593e/providers/Microsoft.Storage/locations/eastus2(stage)/asyncoperations/35aca468-3ba3-472a-9a91-227ea1f9a512?monitor=true\u0026api-version=2019-06-01",
        "Pragma": "no-cache",
        "Retry-After": "17",
        "Server": "Microsoft-Azure-Storage-Resource-Provider/1.0,Microsoft-HTTPAPI/2.0 Microsoft-HTTPAPI/2.0",
        "Strict-Transport-Security": "max-age=31536000; includeSubDomains",
        "X-Content-Type-Options": "nosniff",
        "x-ms-client-request-id": "6ecee88cdfa49258c46b1a9e682a558e",
        "x-ms-correlation-request-id": "f29be391-9896-4c94-9ee6-32b4053066c2",
        "x-ms-ratelimit-remaining-subscription-reads": "11120",
        "x-ms-request-id": "f602621e-2498-416c-ac32-21d3c205ce96",
        "x-ms-routing-request-id": "KOREASOUTH:20200611T043930Z:f29be391-9896-4c94-9ee6-32b4053066c2"
      },
      "ResponseBody": []
    },
    {
      "RequestUri": "https://management.azure.com/subscriptions/45b60d85-fd72-427a-a708-f994d26e593e/providers/Microsoft.Storage/locations/eastus2(stage)/asyncoperations/35aca468-3ba3-472a-9a91-227ea1f9a512?monitor=true\u0026api-version=2019-06-01",
      "RequestMethod": "GET",
      "RequestHeaders": {
        "Authorization": "Sanitized",
        "User-Agent": [
          "azsdk-net-ResourceManager.Storage/1.0.0-dev.20200611.1",
          "(.NET Core 4.6.28801.04; Microsoft Windows 10.0.19041 )"
        ],
        "x-ms-client-request-id": "fb6e6271ec792b85bea2e6945aabf8e5",
        "x-ms-return-client-request-id": "true"
      },
      "RequestBody": null,
      "StatusCode": 202,
      "ResponseHeaders": {
        "Cache-Control": "no-cache",
        "Content-Length": "0",
        "Content-Type": "text/plain; charset=utf-8",
        "Date": "Thu, 11 Jun 2020 04:39:31 GMT",
        "Expires": "-1",
        "Location": "https://management.azure.com/subscriptions/45b60d85-fd72-427a-a708-f994d26e593e/providers/Microsoft.Storage/locations/eastus2(stage)/asyncoperations/35aca468-3ba3-472a-9a91-227ea1f9a512?monitor=true\u0026api-version=2019-06-01",
        "Pragma": "no-cache",
        "Retry-After": "17",
        "Server": "Microsoft-Azure-Storage-Resource-Provider/1.0,Microsoft-HTTPAPI/2.0 Microsoft-HTTPAPI/2.0",
        "Strict-Transport-Security": "max-age=31536000; includeSubDomains",
        "X-Content-Type-Options": "nosniff",
        "x-ms-client-request-id": "fb6e6271ec792b85bea2e6945aabf8e5",
        "x-ms-correlation-request-id": "0c416800-7e75-4a5c-a4f7-3669b811ba68",
        "x-ms-ratelimit-remaining-subscription-reads": "11119",
        "x-ms-request-id": "4336b00a-1cc3-4a92-940b-4e54be6a527f",
        "x-ms-routing-request-id": "KOREASOUTH:20200611T043931Z:0c416800-7e75-4a5c-a4f7-3669b811ba68"
      },
      "ResponseBody": []
    },
    {
      "RequestUri": "https://management.azure.com/subscriptions/45b60d85-fd72-427a-a708-f994d26e593e/providers/Microsoft.Storage/locations/eastus2(stage)/asyncoperations/35aca468-3ba3-472a-9a91-227ea1f9a512?monitor=true\u0026api-version=2019-06-01",
      "RequestMethod": "GET",
      "RequestHeaders": {
        "Authorization": "Sanitized",
        "User-Agent": [
          "azsdk-net-ResourceManager.Storage/1.0.0-dev.20200611.1",
          "(.NET Core 4.6.28801.04; Microsoft Windows 10.0.19041 )"
        ],
        "x-ms-client-request-id": "eb615892cd91741fca11a5230ba01746",
        "x-ms-return-client-request-id": "true"
      },
      "RequestBody": null,
      "StatusCode": 202,
      "ResponseHeaders": {
        "Cache-Control": "no-cache",
        "Content-Length": "0",
        "Content-Type": "text/plain; charset=utf-8",
        "Date": "Thu, 11 Jun 2020 04:39:32 GMT",
        "Expires": "-1",
        "Location": "https://management.azure.com/subscriptions/45b60d85-fd72-427a-a708-f994d26e593e/providers/Microsoft.Storage/locations/eastus2(stage)/asyncoperations/35aca468-3ba3-472a-9a91-227ea1f9a512?monitor=true\u0026api-version=2019-06-01",
        "Pragma": "no-cache",
        "Retry-After": "17",
        "Server": "Microsoft-Azure-Storage-Resource-Provider/1.0,Microsoft-HTTPAPI/2.0 Microsoft-HTTPAPI/2.0",
        "Strict-Transport-Security": "max-age=31536000; includeSubDomains",
        "X-Content-Type-Options": "nosniff",
        "x-ms-client-request-id": "eb615892cd91741fca11a5230ba01746",
        "x-ms-correlation-request-id": "5afb6548-07d5-40d0-8cd6-442d60e73a58",
        "x-ms-ratelimit-remaining-subscription-reads": "11118",
        "x-ms-request-id": "75157750-5bd3-4617-9bb9-358f74bf77be",
        "x-ms-routing-request-id": "KOREASOUTH:20200611T043933Z:5afb6548-07d5-40d0-8cd6-442d60e73a58"
      },
      "ResponseBody": []
    },
    {
      "RequestUri": "https://management.azure.com/subscriptions/45b60d85-fd72-427a-a708-f994d26e593e/providers/Microsoft.Storage/locations/eastus2(stage)/asyncoperations/35aca468-3ba3-472a-9a91-227ea1f9a512?monitor=true\u0026api-version=2019-06-01",
      "RequestMethod": "GET",
      "RequestHeaders": {
        "Authorization": "Sanitized",
        "User-Agent": [
          "azsdk-net-ResourceManager.Storage/1.0.0-dev.20200611.1",
          "(.NET Core 4.6.28801.04; Microsoft Windows 10.0.19041 )"
        ],
        "x-ms-client-request-id": "11ca3f7e740ca0c363a3af01f8c33819",
        "x-ms-return-client-request-id": "true"
      },
      "RequestBody": null,
      "StatusCode": 202,
      "ResponseHeaders": {
        "Cache-Control": "no-cache",
        "Content-Length": "0",
        "Content-Type": "text/plain; charset=utf-8",
        "Date": "Thu, 11 Jun 2020 04:39:33 GMT",
        "Expires": "-1",
        "Location": "https://management.azure.com/subscriptions/45b60d85-fd72-427a-a708-f994d26e593e/providers/Microsoft.Storage/locations/eastus2(stage)/asyncoperations/35aca468-3ba3-472a-9a91-227ea1f9a512?monitor=true\u0026api-version=2019-06-01",
        "Pragma": "no-cache",
        "Retry-After": "3",
        "Server": "Microsoft-Azure-Storage-Resource-Provider/1.0,Microsoft-HTTPAPI/2.0 Microsoft-HTTPAPI/2.0",
        "Strict-Transport-Security": "max-age=31536000; includeSubDomains",
        "X-Content-Type-Options": "nosniff",
        "x-ms-client-request-id": "11ca3f7e740ca0c363a3af01f8c33819",
        "x-ms-correlation-request-id": "49b9683d-4d63-4680-a4e2-3e2e68690c2b",
        "x-ms-ratelimit-remaining-subscription-reads": "11117",
        "x-ms-request-id": "f9c2b288-c385-4b89-b7d5-1a6119364119",
        "x-ms-routing-request-id": "KOREASOUTH:20200611T043934Z:49b9683d-4d63-4680-a4e2-3e2e68690c2b"
      },
      "ResponseBody": []
    },
    {
      "RequestUri": "https://management.azure.com/subscriptions/45b60d85-fd72-427a-a708-f994d26e593e/providers/Microsoft.Storage/locations/eastus2(stage)/asyncoperations/35aca468-3ba3-472a-9a91-227ea1f9a512?monitor=true\u0026api-version=2019-06-01",
      "RequestMethod": "GET",
      "RequestHeaders": {
        "Authorization": "Sanitized",
        "User-Agent": [
          "azsdk-net-ResourceManager.Storage/1.0.0-dev.20200611.1",
          "(.NET Core 4.6.28801.04; Microsoft Windows 10.0.19041 )"
        ],
        "x-ms-client-request-id": "0f0c357269c9a3fd42f9316746621f1e",
        "x-ms-return-client-request-id": "true"
      },
      "RequestBody": null,
      "StatusCode": 202,
      "ResponseHeaders": {
        "Cache-Control": "no-cache",
        "Content-Length": "0",
        "Content-Type": "text/plain; charset=utf-8",
        "Date": "Thu, 11 Jun 2020 04:39:35 GMT",
        "Expires": "-1",
        "Location": "https://management.azure.com/subscriptions/45b60d85-fd72-427a-a708-f994d26e593e/providers/Microsoft.Storage/locations/eastus2(stage)/asyncoperations/35aca468-3ba3-472a-9a91-227ea1f9a512?monitor=true\u0026api-version=2019-06-01",
        "Pragma": "no-cache",
        "Retry-After": "3",
        "Server": "Microsoft-Azure-Storage-Resource-Provider/1.0,Microsoft-HTTPAPI/2.0 Microsoft-HTTPAPI/2.0",
        "Strict-Transport-Security": "max-age=31536000; includeSubDomains",
        "X-Content-Type-Options": "nosniff",
        "x-ms-client-request-id": "0f0c357269c9a3fd42f9316746621f1e",
        "x-ms-correlation-request-id": "aaf887a1-b291-41df-8f5e-5d7cd67930c9",
        "x-ms-ratelimit-remaining-subscription-reads": "11116",
        "x-ms-request-id": "78a9ec92-5ffd-4c6a-b71b-3fc69bcb9688",
        "x-ms-routing-request-id": "KOREASOUTH:20200611T043935Z:aaf887a1-b291-41df-8f5e-5d7cd67930c9"
      },
      "ResponseBody": []
    },
    {
      "RequestUri": "https://management.azure.com/subscriptions/45b60d85-fd72-427a-a708-f994d26e593e/providers/Microsoft.Storage/locations/eastus2(stage)/asyncoperations/35aca468-3ba3-472a-9a91-227ea1f9a512?monitor=true\u0026api-version=2019-06-01",
      "RequestMethod": "GET",
      "RequestHeaders": {
        "Authorization": "Sanitized",
        "User-Agent": [
          "azsdk-net-ResourceManager.Storage/1.0.0-dev.20200611.1",
          "(.NET Core 4.6.28801.04; Microsoft Windows 10.0.19041 )"
        ],
        "x-ms-client-request-id": "1a159f8ae6e01dd894c088ed1e1e7c07",
        "x-ms-return-client-request-id": "true"
      },
      "RequestBody": null,
      "StatusCode": 202,
      "ResponseHeaders": {
        "Cache-Control": "no-cache",
        "Content-Length": "0",
        "Content-Type": "text/plain; charset=utf-8",
        "Date": "Thu, 11 Jun 2020 04:39:36 GMT",
        "Expires": "-1",
        "Location": "https://management.azure.com/subscriptions/45b60d85-fd72-427a-a708-f994d26e593e/providers/Microsoft.Storage/locations/eastus2(stage)/asyncoperations/35aca468-3ba3-472a-9a91-227ea1f9a512?monitor=true\u0026api-version=2019-06-01",
        "Pragma": "no-cache",
        "Retry-After": "3",
        "Server": "Microsoft-Azure-Storage-Resource-Provider/1.0,Microsoft-HTTPAPI/2.0 Microsoft-HTTPAPI/2.0",
        "Strict-Transport-Security": "max-age=31536000; includeSubDomains",
        "X-Content-Type-Options": "nosniff",
        "x-ms-client-request-id": "1a159f8ae6e01dd894c088ed1e1e7c07",
        "x-ms-correlation-request-id": "ad8b8a92-916a-44e1-aa78-e5223a75490d",
        "x-ms-ratelimit-remaining-subscription-reads": "11115",
        "x-ms-request-id": "af4351bb-8978-49c1-8a40-2ec7bd15ac5b",
        "x-ms-routing-request-id": "KOREASOUTH:20200611T043936Z:ad8b8a92-916a-44e1-aa78-e5223a75490d"
      },
      "ResponseBody": []
    },
    {
      "RequestUri": "https://management.azure.com/subscriptions/45b60d85-fd72-427a-a708-f994d26e593e/providers/Microsoft.Storage/locations/eastus2(stage)/asyncoperations/35aca468-3ba3-472a-9a91-227ea1f9a512?monitor=true\u0026api-version=2019-06-01",
      "RequestMethod": "GET",
      "RequestHeaders": {
        "Authorization": "Sanitized",
        "User-Agent": [
          "azsdk-net-ResourceManager.Storage/1.0.0-dev.20200611.1",
          "(.NET Core 4.6.28801.04; Microsoft Windows 10.0.19041 )"
        ],
        "x-ms-client-request-id": "d6b08cd80893157d4127ce13435b5a01",
        "x-ms-return-client-request-id": "true"
      },
      "RequestBody": null,
      "StatusCode": 202,
      "ResponseHeaders": {
        "Cache-Control": "no-cache",
        "Content-Length": "0",
        "Content-Type": "text/plain; charset=utf-8",
        "Date": "Thu, 11 Jun 2020 04:39:37 GMT",
        "Expires": "-1",
        "Location": "https://management.azure.com/subscriptions/45b60d85-fd72-427a-a708-f994d26e593e/providers/Microsoft.Storage/locations/eastus2(stage)/asyncoperations/35aca468-3ba3-472a-9a91-227ea1f9a512?monitor=true\u0026api-version=2019-06-01",
        "Pragma": "no-cache",
        "Retry-After": "3",
        "Server": "Microsoft-Azure-Storage-Resource-Provider/1.0,Microsoft-HTTPAPI/2.0 Microsoft-HTTPAPI/2.0",
        "Strict-Transport-Security": "max-age=31536000; includeSubDomains",
        "X-Content-Type-Options": "nosniff",
        "x-ms-client-request-id": "d6b08cd80893157d4127ce13435b5a01",
        "x-ms-correlation-request-id": "89b4e19b-7452-41d5-8afe-a885d071b6cc",
        "x-ms-ratelimit-remaining-subscription-reads": "11114",
        "x-ms-request-id": "82af5e35-5985-4daf-bc32-3c569b15a945",
        "x-ms-routing-request-id": "KOREASOUTH:20200611T043938Z:89b4e19b-7452-41d5-8afe-a885d071b6cc"
      },
      "ResponseBody": []
    },
    {
      "RequestUri": "https://management.azure.com/subscriptions/45b60d85-fd72-427a-a708-f994d26e593e/providers/Microsoft.Storage/locations/eastus2(stage)/asyncoperations/35aca468-3ba3-472a-9a91-227ea1f9a512?monitor=true\u0026api-version=2019-06-01",
      "RequestMethod": "GET",
      "RequestHeaders": {
        "Authorization": "Sanitized",
        "User-Agent": [
          "azsdk-net-ResourceManager.Storage/1.0.0-dev.20200611.1",
          "(.NET Core 4.6.28801.04; Microsoft Windows 10.0.19041 )"
        ],
        "x-ms-client-request-id": "587691831dad8b395def7a08e10f8524",
        "x-ms-return-client-request-id": "true"
      },
      "RequestBody": null,
      "StatusCode": 202,
      "ResponseHeaders": {
        "Cache-Control": "no-cache",
        "Content-Length": "0",
        "Content-Type": "text/plain; charset=utf-8",
        "Date": "Thu, 11 Jun 2020 04:39:38 GMT",
        "Expires": "-1",
        "Location": "https://management.azure.com/subscriptions/45b60d85-fd72-427a-a708-f994d26e593e/providers/Microsoft.Storage/locations/eastus2(stage)/asyncoperations/35aca468-3ba3-472a-9a91-227ea1f9a512?monitor=true\u0026api-version=2019-06-01",
        "Pragma": "no-cache",
        "Retry-After": "3",
        "Server": "Microsoft-Azure-Storage-Resource-Provider/1.0,Microsoft-HTTPAPI/2.0 Microsoft-HTTPAPI/2.0",
        "Strict-Transport-Security": "max-age=31536000; includeSubDomains",
        "X-Content-Type-Options": "nosniff",
        "x-ms-client-request-id": "587691831dad8b395def7a08e10f8524",
        "x-ms-correlation-request-id": "b498a789-a607-4eaf-a416-774d87e814d7",
        "x-ms-ratelimit-remaining-subscription-reads": "11113",
        "x-ms-request-id": "da1026af-eb5a-4de2-91ba-69e44c4fb0c1",
        "x-ms-routing-request-id": "KOREASOUTH:20200611T043939Z:b498a789-a607-4eaf-a416-774d87e814d7"
      },
      "ResponseBody": []
    },
    {
      "RequestUri": "https://management.azure.com/subscriptions/45b60d85-fd72-427a-a708-f994d26e593e/providers/Microsoft.Storage/locations/eastus2(stage)/asyncoperations/35aca468-3ba3-472a-9a91-227ea1f9a512?monitor=true\u0026api-version=2019-06-01",
      "RequestMethod": "GET",
      "RequestHeaders": {
        "Authorization": "Sanitized",
        "User-Agent": [
          "azsdk-net-ResourceManager.Storage/1.0.0-dev.20200611.1",
          "(.NET Core 4.6.28801.04; Microsoft Windows 10.0.19041 )"
        ],
        "x-ms-client-request-id": "b98f2a7d49b1828a2200d8b818c5da38",
        "x-ms-return-client-request-id": "true"
      },
      "RequestBody": null,
      "StatusCode": 202,
      "ResponseHeaders": {
        "Cache-Control": "no-cache",
        "Content-Length": "0",
        "Content-Type": "text/plain; charset=utf-8",
        "Date": "Thu, 11 Jun 2020 04:39:39 GMT",
        "Expires": "-1",
        "Location": "https://management.azure.com/subscriptions/45b60d85-fd72-427a-a708-f994d26e593e/providers/Microsoft.Storage/locations/eastus2(stage)/asyncoperations/35aca468-3ba3-472a-9a91-227ea1f9a512?monitor=true\u0026api-version=2019-06-01",
        "Pragma": "no-cache",
        "Retry-After": "3",
        "Server": "Microsoft-Azure-Storage-Resource-Provider/1.0,Microsoft-HTTPAPI/2.0 Microsoft-HTTPAPI/2.0",
        "Strict-Transport-Security": "max-age=31536000; includeSubDomains",
        "X-Content-Type-Options": "nosniff",
        "x-ms-client-request-id": "b98f2a7d49b1828a2200d8b818c5da38",
        "x-ms-correlation-request-id": "b45350d3-1296-4892-973f-4b71ce1a3ba4",
        "x-ms-ratelimit-remaining-subscription-reads": "11112",
        "x-ms-request-id": "f2a34362-3689-4938-9d08-7022a77a4b20",
        "x-ms-routing-request-id": "KOREASOUTH:20200611T043940Z:b45350d3-1296-4892-973f-4b71ce1a3ba4"
      },
      "ResponseBody": []
    },
    {
      "RequestUri": "https://management.azure.com/subscriptions/45b60d85-fd72-427a-a708-f994d26e593e/providers/Microsoft.Storage/locations/eastus2(stage)/asyncoperations/35aca468-3ba3-472a-9a91-227ea1f9a512?monitor=true\u0026api-version=2019-06-01",
      "RequestMethod": "GET",
      "RequestHeaders": {
        "Authorization": "Sanitized",
        "User-Agent": [
          "azsdk-net-ResourceManager.Storage/1.0.0-dev.20200611.1",
          "(.NET Core 4.6.28801.04; Microsoft Windows 10.0.19041 )"
        ],
        "x-ms-client-request-id": "8c69876623a7ba59532478a48d743432",
        "x-ms-return-client-request-id": "true"
      },
      "RequestBody": null,
      "StatusCode": 202,
      "ResponseHeaders": {
        "Cache-Control": "no-cache",
        "Content-Length": "0",
        "Content-Type": "text/plain; charset=utf-8",
        "Date": "Thu, 11 Jun 2020 04:39:41 GMT",
        "Expires": "-1",
        "Location": "https://management.azure.com/subscriptions/45b60d85-fd72-427a-a708-f994d26e593e/providers/Microsoft.Storage/locations/eastus2(stage)/asyncoperations/35aca468-3ba3-472a-9a91-227ea1f9a512?monitor=true\u0026api-version=2019-06-01",
        "Pragma": "no-cache",
        "Retry-After": "3",
        "Server": "Microsoft-Azure-Storage-Resource-Provider/1.0,Microsoft-HTTPAPI/2.0 Microsoft-HTTPAPI/2.0",
        "Strict-Transport-Security": "max-age=31536000; includeSubDomains",
        "X-Content-Type-Options": "nosniff",
        "x-ms-client-request-id": "8c69876623a7ba59532478a48d743432",
        "x-ms-correlation-request-id": "8cf2a452-9163-4dce-b138-2ba8980cffa6",
        "x-ms-ratelimit-remaining-subscription-reads": "11111",
        "x-ms-request-id": "508df3ce-269f-41d1-8ef2-4603eb071ea4",
        "x-ms-routing-request-id": "KOREASOUTH:20200611T043941Z:8cf2a452-9163-4dce-b138-2ba8980cffa6"
      },
      "ResponseBody": []
    },
    {
      "RequestUri": "https://management.azure.com/subscriptions/45b60d85-fd72-427a-a708-f994d26e593e/providers/Microsoft.Storage/locations/eastus2(stage)/asyncoperations/35aca468-3ba3-472a-9a91-227ea1f9a512?monitor=true\u0026api-version=2019-06-01",
      "RequestMethod": "GET",
      "RequestHeaders": {
        "Authorization": "Sanitized",
        "User-Agent": [
          "azsdk-net-ResourceManager.Storage/1.0.0-dev.20200611.1",
          "(.NET Core 4.6.28801.04; Microsoft Windows 10.0.19041 )"
        ],
        "x-ms-client-request-id": "1895aaa2a0cc3a4f07f436ad45807398",
        "x-ms-return-client-request-id": "true"
      },
      "RequestBody": null,
      "StatusCode": 202,
      "ResponseHeaders": {
        "Cache-Control": "no-cache",
        "Content-Length": "0",
        "Content-Type": "text/plain; charset=utf-8",
        "Date": "Thu, 11 Jun 2020 04:39:42 GMT",
        "Expires": "-1",
        "Location": "https://management.azure.com/subscriptions/45b60d85-fd72-427a-a708-f994d26e593e/providers/Microsoft.Storage/locations/eastus2(stage)/asyncoperations/35aca468-3ba3-472a-9a91-227ea1f9a512?monitor=true\u0026api-version=2019-06-01",
        "Pragma": "no-cache",
        "Retry-After": "3",
        "Server": "Microsoft-Azure-Storage-Resource-Provider/1.0,Microsoft-HTTPAPI/2.0 Microsoft-HTTPAPI/2.0",
        "Strict-Transport-Security": "max-age=31536000; includeSubDomains",
        "X-Content-Type-Options": "nosniff",
        "x-ms-client-request-id": "1895aaa2a0cc3a4f07f436ad45807398",
        "x-ms-correlation-request-id": "d8c90d6e-a1ae-4849-aeb4-abafd60f227d",
        "x-ms-ratelimit-remaining-subscription-reads": "11110",
        "x-ms-request-id": "265e91dc-06fb-4d85-87ff-a0d10c4adb98",
        "x-ms-routing-request-id": "KOREASOUTH:20200611T043943Z:d8c90d6e-a1ae-4849-aeb4-abafd60f227d"
      },
      "ResponseBody": []
    },
    {
      "RequestUri": "https://management.azure.com/subscriptions/45b60d85-fd72-427a-a708-f994d26e593e/providers/Microsoft.Storage/locations/eastus2(stage)/asyncoperations/35aca468-3ba3-472a-9a91-227ea1f9a512?monitor=true\u0026api-version=2019-06-01",
      "RequestMethod": "GET",
      "RequestHeaders": {
        "Authorization": "Sanitized",
        "User-Agent": [
          "azsdk-net-ResourceManager.Storage/1.0.0-dev.20200611.1",
          "(.NET Core 4.6.28801.04; Microsoft Windows 10.0.19041 )"
        ],
        "x-ms-client-request-id": "59a14215f8a55a7cd1d4668cd0e5f5ad",
        "x-ms-return-client-request-id": "true"
      },
      "RequestBody": null,
      "StatusCode": 202,
      "ResponseHeaders": {
        "Cache-Control": "no-cache",
        "Content-Length": "0",
        "Content-Type": "text/plain; charset=utf-8",
        "Date": "Thu, 11 Jun 2020 04:39:43 GMT",
        "Expires": "-1",
        "Location": "https://management.azure.com/subscriptions/45b60d85-fd72-427a-a708-f994d26e593e/providers/Microsoft.Storage/locations/eastus2(stage)/asyncoperations/35aca468-3ba3-472a-9a91-227ea1f9a512?monitor=true\u0026api-version=2019-06-01",
        "Pragma": "no-cache",
        "Retry-After": "3",
        "Server": "Microsoft-Azure-Storage-Resource-Provider/1.0,Microsoft-HTTPAPI/2.0 Microsoft-HTTPAPI/2.0",
        "Strict-Transport-Security": "max-age=31536000; includeSubDomains",
        "X-Content-Type-Options": "nosniff",
        "x-ms-client-request-id": "59a14215f8a55a7cd1d4668cd0e5f5ad",
        "x-ms-correlation-request-id": "6ea23be7-cf9b-4371-88d0-a8e40fba1c3e",
        "x-ms-ratelimit-remaining-subscription-reads": "11109",
        "x-ms-request-id": "ace2b7a5-531c-45ee-b898-ff50915e0554",
        "x-ms-routing-request-id": "KOREASOUTH:20200611T043944Z:6ea23be7-cf9b-4371-88d0-a8e40fba1c3e"
      },
      "ResponseBody": []
    },
    {
      "RequestUri": "https://management.azure.com/subscriptions/45b60d85-fd72-427a-a708-f994d26e593e/providers/Microsoft.Storage/locations/eastus2(stage)/asyncoperations/35aca468-3ba3-472a-9a91-227ea1f9a512?monitor=true\u0026api-version=2019-06-01",
      "RequestMethod": "GET",
      "RequestHeaders": {
        "Authorization": "Sanitized",
        "User-Agent": [
          "azsdk-net-ResourceManager.Storage/1.0.0-dev.20200611.1",
          "(.NET Core 4.6.28801.04; Microsoft Windows 10.0.19041 )"
        ],
        "x-ms-client-request-id": "6d16a6ccc12fc66c372f85b3edac75d2",
        "x-ms-return-client-request-id": "true"
      },
      "RequestBody": null,
      "StatusCode": 202,
      "ResponseHeaders": {
        "Cache-Control": "no-cache",
        "Content-Length": "0",
        "Content-Type": "text/plain; charset=utf-8",
        "Date": "Thu, 11 Jun 2020 04:39:44 GMT",
        "Expires": "-1",
        "Location": "https://management.azure.com/subscriptions/45b60d85-fd72-427a-a708-f994d26e593e/providers/Microsoft.Storage/locations/eastus2(stage)/asyncoperations/35aca468-3ba3-472a-9a91-227ea1f9a512?monitor=true\u0026api-version=2019-06-01",
        "Pragma": "no-cache",
        "Retry-After": "3",
        "Server": "Microsoft-Azure-Storage-Resource-Provider/1.0,Microsoft-HTTPAPI/2.0 Microsoft-HTTPAPI/2.0",
        "Strict-Transport-Security": "max-age=31536000; includeSubDomains",
        "X-Content-Type-Options": "nosniff",
        "x-ms-client-request-id": "6d16a6ccc12fc66c372f85b3edac75d2",
        "x-ms-correlation-request-id": "162e6eda-25e7-4e9a-9ca0-6b0e3ded5a91",
        "x-ms-ratelimit-remaining-subscription-reads": "11108",
        "x-ms-request-id": "01a0e2a1-16ef-4b9f-b190-d316c9bb6735",
        "x-ms-routing-request-id": "KOREASOUTH:20200611T043945Z:162e6eda-25e7-4e9a-9ca0-6b0e3ded5a91"
      },
      "ResponseBody": []
    },
    {
      "RequestUri": "https://management.azure.com/subscriptions/45b60d85-fd72-427a-a708-f994d26e593e/providers/Microsoft.Storage/locations/eastus2(stage)/asyncoperations/35aca468-3ba3-472a-9a91-227ea1f9a512?monitor=true\u0026api-version=2019-06-01",
      "RequestMethod": "GET",
      "RequestHeaders": {
        "Authorization": "Sanitized",
        "User-Agent": [
          "azsdk-net-ResourceManager.Storage/1.0.0-dev.20200611.1",
          "(.NET Core 4.6.28801.04; Microsoft Windows 10.0.19041 )"
        ],
        "x-ms-client-request-id": "4b8fe0b0dad2a98c2e3b47f83ac26921",
        "x-ms-return-client-request-id": "true"
      },
      "RequestBody": null,
      "StatusCode": 200,
      "ResponseHeaders": {
        "Cache-Control": "no-cache",
        "Content-Length": "1193",
        "Content-Type": "application/json",
        "Date": "Thu, 11 Jun 2020 04:39:46 GMT",
        "Expires": "-1",
        "Pragma": "no-cache",
        "Server": "Microsoft-Azure-Storage-Resource-Provider/1.0,Microsoft-HTTPAPI/2.0 Microsoft-HTTPAPI/2.0",
        "Strict-Transport-Security": "max-age=31536000; includeSubDomains",
        "X-Content-Type-Options": "nosniff",
        "x-ms-client-request-id": "4b8fe0b0dad2a98c2e3b47f83ac26921",
        "x-ms-correlation-request-id": "f1a41a4e-abb4-4a78-834d-e0ea6111bf40",
        "x-ms-ratelimit-remaining-subscription-reads": "11107",
        "x-ms-request-id": "da15ab89-9cf1-4555-82d4-411c3eae8f48",
        "x-ms-routing-request-id": "KOREASOUTH:20200611T043947Z:f1a41a4e-abb4-4a78-834d-e0ea6111bf40"
      },
      "ResponseBody": {
        "sku": {
          "name": "Standard_GRS",
          "tier": "Standard"
        },
        "kind": "Storage",
        "id": "/subscriptions/45b60d85-fd72-427a-a708-f994d26e593e/resourceGroups/res5428/providers/Microsoft.Storage/storageAccounts/sto8062",
        "name": "sto8062",
        "type": "Microsoft.Storage/storageAccounts",
        "location": "eastus2(stage)",
        "tags": {
          "key1": "value1",
          "key2": "value2"
        },
        "properties": {
          "privateEndpointConnections": [],
          "networkAcls": {
            "bypass": "AzureServices",
            "virtualNetworkRules": [],
            "ipRules": [],
            "defaultAction": "Allow"
          },
          "supportsHttpsTrafficOnly": true,
          "encryption": {
            "services": {
              "file": {
                "keyType": "Account",
                "enabled": true,
                "lastEnabledTime": "2020-06-11T04:39:17.3534241Z"
              },
              "blob": {
                "keyType": "Account",
                "enabled": true,
                "lastEnabledTime": "2020-06-11T04:39:17.3534241Z"
              }
            },
            "keySource": "Microsoft.Storage"
          },
          "provisioningState": "Succeeded",
          "creationTime": "2020-06-11T04:39:17.2596739Z",
          "primaryEndpoints": {
            "blob": "https://sto8062.blob.core.windows.net/",
            "queue": "https://sto8062.queue.core.windows.net/",
            "table": "https://sto8062.table.core.windows.net/",
            "file": "https://sto8062.file.core.windows.net/"
          },
          "primaryLocation": "eastus2(stage)",
          "statusOfPrimary": "available",
          "secondaryLocation": "northcentralus(stage)",
          "statusOfSecondary": "available"
        }
      }
    },
    {
      "RequestUri": "https://management.azure.com/subscriptions/45b60d85-fd72-427a-a708-f994d26e593e/resourceGroups/res5428/providers/Microsoft.Storage/storageAccounts/sto2597?api-version=2019-06-01",
      "RequestMethod": "PUT",
      "RequestHeaders": {
        "Authorization": "Sanitized",
        "Content-Length": "165",
        "Content-Type": "application/json",
        "traceparent": "00-4a7845bb17729c45876880aafee810b4-870fc98bc6559746-00",
        "User-Agent": [
          "azsdk-net-ResourceManager.Storage/1.0.0-dev.20200611.1",
          "(.NET Core 4.6.28801.04; Microsoft Windows 10.0.19041 )"
        ],
        "x-ms-client-request-id": "9fe188ff066a5368d5db227673c86d24",
        "x-ms-return-client-request-id": "true"
      },
      "RequestBody": {
        "sku": {
          "name": "Standard_GRS"
        },
        "kind": "Storage",
        "location": "eastus2(stage)",
        "tags": {
          "key1": "value1",
          "key2": "value2"
        },
        "properties": {
          "supportsHttpsTrafficOnly": false
        }
      },
      "StatusCode": 202,
      "ResponseHeaders": {
        "Cache-Control": "no-cache",
        "Content-Length": "0",
        "Content-Type": "text/plain; charset=utf-8",
        "Date": "Thu, 11 Jun 2020 04:39:48 GMT",
        "Expires": "-1",
        "Location": "https://management.azure.com/subscriptions/45b60d85-fd72-427a-a708-f994d26e593e/providers/Microsoft.Storage/locations/eastus2(stage)/asyncoperations/3ef8c3a8-b4c8-4ab0-a5ba-9b7edb655de7?monitor=true\u0026api-version=2019-06-01",
        "Pragma": "no-cache",
        "Retry-After": "17",
        "Server": "Microsoft-Azure-Storage-Resource-Provider/1.0,Microsoft-HTTPAPI/2.0 Microsoft-HTTPAPI/2.0",
        "Strict-Transport-Security": "max-age=31536000; includeSubDomains",
        "X-Content-Type-Options": "nosniff",
        "x-ms-client-request-id": "9fe188ff066a5368d5db227673c86d24",
        "x-ms-correlation-request-id": "3a3c41cc-c06c-49d3-b981-ad585dd62529",
        "x-ms-ratelimit-remaining-subscription-writes": "1099",
        "x-ms-request-id": "3ef8c3a8-b4c8-4ab0-a5ba-9b7edb655de7",
        "x-ms-routing-request-id": "KOREASOUTH:20200611T043949Z:3a3c41cc-c06c-49d3-b981-ad585dd62529"
      },
      "ResponseBody": []
    },
    {
      "RequestUri": "https://management.azure.com/subscriptions/45b60d85-fd72-427a-a708-f994d26e593e/providers/Microsoft.Storage/locations/eastus2(stage)/asyncoperations/3ef8c3a8-b4c8-4ab0-a5ba-9b7edb655de7?monitor=true\u0026api-version=2019-06-01",
      "RequestMethod": "GET",
      "RequestHeaders": {
        "Authorization": "Sanitized",
        "User-Agent": [
          "azsdk-net-ResourceManager.Storage/1.0.0-dev.20200611.1",
          "(.NET Core 4.6.28801.04; Microsoft Windows 10.0.19041 )"
        ],
        "x-ms-client-request-id": "64b463c5d6caaa68773b75f7b7153565",
        "x-ms-return-client-request-id": "true"
      },
      "RequestBody": null,
      "StatusCode": 202,
      "ResponseHeaders": {
        "Cache-Control": "no-cache",
        "Content-Length": "0",
        "Content-Type": "text/plain; charset=utf-8",
        "Date": "Thu, 11 Jun 2020 04:39:48 GMT",
        "Expires": "-1",
        "Location": "https://management.azure.com/subscriptions/45b60d85-fd72-427a-a708-f994d26e593e/providers/Microsoft.Storage/locations/eastus2(stage)/asyncoperations/3ef8c3a8-b4c8-4ab0-a5ba-9b7edb655de7?monitor=true\u0026api-version=2019-06-01",
        "Pragma": "no-cache",
        "Retry-After": "17",
        "Server": "Microsoft-Azure-Storage-Resource-Provider/1.0,Microsoft-HTTPAPI/2.0 Microsoft-HTTPAPI/2.0",
        "Strict-Transport-Security": "max-age=31536000; includeSubDomains",
        "X-Content-Type-Options": "nosniff",
        "x-ms-client-request-id": "64b463c5d6caaa68773b75f7b7153565",
        "x-ms-correlation-request-id": "b9aff3cd-a8c2-48d2-963e-dc44e348fd84",
        "x-ms-ratelimit-remaining-subscription-reads": "11106",
        "x-ms-request-id": "c954aa8b-cd26-45f2-9f3a-c7a3de4bca05",
        "x-ms-routing-request-id": "KOREASOUTH:20200611T043949Z:b9aff3cd-a8c2-48d2-963e-dc44e348fd84"
      },
      "ResponseBody": []
    },
    {
      "RequestUri": "https://management.azure.com/subscriptions/45b60d85-fd72-427a-a708-f994d26e593e/providers/Microsoft.Storage/locations/eastus2(stage)/asyncoperations/3ef8c3a8-b4c8-4ab0-a5ba-9b7edb655de7?monitor=true\u0026api-version=2019-06-01",
      "RequestMethod": "GET",
      "RequestHeaders": {
        "Authorization": "Sanitized",
        "User-Agent": [
          "azsdk-net-ResourceManager.Storage/1.0.0-dev.20200611.1",
          "(.NET Core 4.6.28801.04; Microsoft Windows 10.0.19041 )"
        ],
        "x-ms-client-request-id": "a69922cd79e655cbadef84fcc674d962",
        "x-ms-return-client-request-id": "true"
      },
      "RequestBody": null,
      "StatusCode": 202,
      "ResponseHeaders": {
        "Cache-Control": "no-cache",
        "Content-Length": "0",
        "Content-Type": "text/plain; charset=utf-8",
        "Date": "Thu, 11 Jun 2020 04:39:49 GMT",
        "Expires": "-1",
        "Location": "https://management.azure.com/subscriptions/45b60d85-fd72-427a-a708-f994d26e593e/providers/Microsoft.Storage/locations/eastus2(stage)/asyncoperations/3ef8c3a8-b4c8-4ab0-a5ba-9b7edb655de7?monitor=true\u0026api-version=2019-06-01",
        "Pragma": "no-cache",
        "Retry-After": "17",
        "Server": "Microsoft-Azure-Storage-Resource-Provider/1.0,Microsoft-HTTPAPI/2.0 Microsoft-HTTPAPI/2.0",
        "Strict-Transport-Security": "max-age=31536000; includeSubDomains",
        "X-Content-Type-Options": "nosniff",
        "x-ms-client-request-id": "a69922cd79e655cbadef84fcc674d962",
        "x-ms-correlation-request-id": "8d37a46d-830d-4f4b-9698-bd744d5afe76",
        "x-ms-ratelimit-remaining-subscription-reads": "11105",
        "x-ms-request-id": "e1152e34-62aa-4db5-b20c-56c88e5173df",
        "x-ms-routing-request-id": "KOREASOUTH:20200611T043950Z:8d37a46d-830d-4f4b-9698-bd744d5afe76"
      },
      "ResponseBody": []
    },
    {
      "RequestUri": "https://management.azure.com/subscriptions/45b60d85-fd72-427a-a708-f994d26e593e/providers/Microsoft.Storage/locations/eastus2(stage)/asyncoperations/3ef8c3a8-b4c8-4ab0-a5ba-9b7edb655de7?monitor=true\u0026api-version=2019-06-01",
      "RequestMethod": "GET",
      "RequestHeaders": {
        "Authorization": "Sanitized",
        "User-Agent": [
          "azsdk-net-ResourceManager.Storage/1.0.0-dev.20200611.1",
          "(.NET Core 4.6.28801.04; Microsoft Windows 10.0.19041 )"
        ],
        "x-ms-client-request-id": "10b0ae4f0814885a2a31781a33e33904",
        "x-ms-return-client-request-id": "true"
      },
      "RequestBody": null,
      "StatusCode": 202,
      "ResponseHeaders": {
        "Cache-Control": "no-cache",
        "Content-Length": "0",
        "Content-Type": "text/plain; charset=utf-8",
        "Date": "Thu, 11 Jun 2020 04:39:50 GMT",
        "Expires": "-1",
        "Location": "https://management.azure.com/subscriptions/45b60d85-fd72-427a-a708-f994d26e593e/providers/Microsoft.Storage/locations/eastus2(stage)/asyncoperations/3ef8c3a8-b4c8-4ab0-a5ba-9b7edb655de7?monitor=true\u0026api-version=2019-06-01",
        "Pragma": "no-cache",
        "Retry-After": "17",
        "Server": "Microsoft-Azure-Storage-Resource-Provider/1.0,Microsoft-HTTPAPI/2.0 Microsoft-HTTPAPI/2.0",
        "Strict-Transport-Security": "max-age=31536000; includeSubDomains",
        "X-Content-Type-Options": "nosniff",
        "x-ms-client-request-id": "10b0ae4f0814885a2a31781a33e33904",
        "x-ms-correlation-request-id": "daab3486-32e8-4a68-b4e0-faff45cd551c",
        "x-ms-ratelimit-remaining-subscription-reads": "11104",
        "x-ms-request-id": "f52ca3c9-2656-4f3e-a231-79903ca433b5",
        "x-ms-routing-request-id": "KOREASOUTH:20200611T043951Z:daab3486-32e8-4a68-b4e0-faff45cd551c"
      },
      "ResponseBody": []
    },
    {
      "RequestUri": "https://management.azure.com/subscriptions/45b60d85-fd72-427a-a708-f994d26e593e/providers/Microsoft.Storage/locations/eastus2(stage)/asyncoperations/3ef8c3a8-b4c8-4ab0-a5ba-9b7edb655de7?monitor=true\u0026api-version=2019-06-01",
      "RequestMethod": "GET",
      "RequestHeaders": {
        "Authorization": "Sanitized",
        "User-Agent": [
          "azsdk-net-ResourceManager.Storage/1.0.0-dev.20200611.1",
          "(.NET Core 4.6.28801.04; Microsoft Windows 10.0.19041 )"
        ],
        "x-ms-client-request-id": "5726da38e5d94b8d975eb7db516ce303",
        "x-ms-return-client-request-id": "true"
      },
      "RequestBody": null,
      "StatusCode": 202,
      "ResponseHeaders": {
        "Cache-Control": "no-cache",
        "Content-Length": "0",
        "Content-Type": "text/plain; charset=utf-8",
        "Date": "Thu, 11 Jun 2020 04:39:52 GMT",
        "Expires": "-1",
        "Location": "https://management.azure.com/subscriptions/45b60d85-fd72-427a-a708-f994d26e593e/providers/Microsoft.Storage/locations/eastus2(stage)/asyncoperations/3ef8c3a8-b4c8-4ab0-a5ba-9b7edb655de7?monitor=true\u0026api-version=2019-06-01",
        "Pragma": "no-cache",
        "Retry-After": "17",
        "Server": "Microsoft-Azure-Storage-Resource-Provider/1.0,Microsoft-HTTPAPI/2.0 Microsoft-HTTPAPI/2.0",
        "Strict-Transport-Security": "max-age=31536000; includeSubDomains",
        "X-Content-Type-Options": "nosniff",
        "x-ms-client-request-id": "5726da38e5d94b8d975eb7db516ce303",
        "x-ms-correlation-request-id": "bce475bc-dc49-4bc8-aef2-97ac6d8d995b",
        "x-ms-ratelimit-remaining-subscription-reads": "11103",
        "x-ms-request-id": "54244dad-5eb8-45a9-abfa-773faab24c0a",
        "x-ms-routing-request-id": "KOREASOUTH:20200611T043953Z:bce475bc-dc49-4bc8-aef2-97ac6d8d995b"
      },
      "ResponseBody": []
    },
    {
      "RequestUri": "https://management.azure.com/subscriptions/45b60d85-fd72-427a-a708-f994d26e593e/providers/Microsoft.Storage/locations/eastus2(stage)/asyncoperations/3ef8c3a8-b4c8-4ab0-a5ba-9b7edb655de7?monitor=true\u0026api-version=2019-06-01",
      "RequestMethod": "GET",
      "RequestHeaders": {
        "Authorization": "Sanitized",
        "User-Agent": [
          "azsdk-net-ResourceManager.Storage/1.0.0-dev.20200611.1",
          "(.NET Core 4.6.28801.04; Microsoft Windows 10.0.19041 )"
        ],
        "x-ms-client-request-id": "09a813622464c550c8117cb500b121c9",
        "x-ms-return-client-request-id": "true"
      },
      "RequestBody": null,
      "StatusCode": 202,
      "ResponseHeaders": {
        "Cache-Control": "no-cache",
        "Content-Length": "0",
        "Content-Type": "text/plain; charset=utf-8",
        "Date": "Thu, 11 Jun 2020 04:39:53 GMT",
        "Expires": "-1",
        "Location": "https://management.azure.com/subscriptions/45b60d85-fd72-427a-a708-f994d26e593e/providers/Microsoft.Storage/locations/eastus2(stage)/asyncoperations/3ef8c3a8-b4c8-4ab0-a5ba-9b7edb655de7?monitor=true\u0026api-version=2019-06-01",
        "Pragma": "no-cache",
        "Retry-After": "17",
        "Server": "Microsoft-Azure-Storage-Resource-Provider/1.0,Microsoft-HTTPAPI/2.0 Microsoft-HTTPAPI/2.0",
        "Strict-Transport-Security": "max-age=31536000; includeSubDomains",
        "X-Content-Type-Options": "nosniff",
        "x-ms-client-request-id": "09a813622464c550c8117cb500b121c9",
        "x-ms-correlation-request-id": "5d3c50e5-079b-4ccc-a411-36f3c992fd45",
        "x-ms-ratelimit-remaining-subscription-reads": "11102",
        "x-ms-request-id": "0d996691-025f-43f9-bc98-83a6dc8dfa73",
        "x-ms-routing-request-id": "KOREASOUTH:20200611T043954Z:5d3c50e5-079b-4ccc-a411-36f3c992fd45"
      },
      "ResponseBody": []
    },
    {
      "RequestUri": "https://management.azure.com/subscriptions/45b60d85-fd72-427a-a708-f994d26e593e/providers/Microsoft.Storage/locations/eastus2(stage)/asyncoperations/3ef8c3a8-b4c8-4ab0-a5ba-9b7edb655de7?monitor=true\u0026api-version=2019-06-01",
      "RequestMethod": "GET",
      "RequestHeaders": {
        "Authorization": "Sanitized",
        "User-Agent": [
          "azsdk-net-ResourceManager.Storage/1.0.0-dev.20200611.1",
          "(.NET Core 4.6.28801.04; Microsoft Windows 10.0.19041 )"
        ],
        "x-ms-client-request-id": "ecc480b5824d6988206578b5517e36be",
        "x-ms-return-client-request-id": "true"
      },
      "RequestBody": null,
      "StatusCode": 202,
      "ResponseHeaders": {
        "Cache-Control": "no-cache",
        "Content-Length": "0",
        "Content-Type": "text/plain; charset=utf-8",
        "Date": "Thu, 11 Jun 2020 04:39:54 GMT",
        "Expires": "-1",
        "Location": "https://management.azure.com/subscriptions/45b60d85-fd72-427a-a708-f994d26e593e/providers/Microsoft.Storage/locations/eastus2(stage)/asyncoperations/3ef8c3a8-b4c8-4ab0-a5ba-9b7edb655de7?monitor=true\u0026api-version=2019-06-01",
        "Pragma": "no-cache",
        "Retry-After": "17",
        "Server": "Microsoft-Azure-Storage-Resource-Provider/1.0,Microsoft-HTTPAPI/2.0 Microsoft-HTTPAPI/2.0",
        "Strict-Transport-Security": "max-age=31536000; includeSubDomains",
        "X-Content-Type-Options": "nosniff",
        "x-ms-client-request-id": "ecc480b5824d6988206578b5517e36be",
        "x-ms-correlation-request-id": "272e42ae-0315-4897-bed5-5b90b965f818",
        "x-ms-ratelimit-remaining-subscription-reads": "11101",
        "x-ms-request-id": "a62e6d9c-24cd-4a84-9fb9-d51fce0c5acb",
        "x-ms-routing-request-id": "KOREASOUTH:20200611T043955Z:272e42ae-0315-4897-bed5-5b90b965f818"
      },
      "ResponseBody": []
    },
    {
      "RequestUri": "https://management.azure.com/subscriptions/45b60d85-fd72-427a-a708-f994d26e593e/providers/Microsoft.Storage/locations/eastus2(stage)/asyncoperations/3ef8c3a8-b4c8-4ab0-a5ba-9b7edb655de7?monitor=true\u0026api-version=2019-06-01",
      "RequestMethod": "GET",
      "RequestHeaders": {
        "Authorization": "Sanitized",
        "User-Agent": [
          "azsdk-net-ResourceManager.Storage/1.0.0-dev.20200611.1",
          "(.NET Core 4.6.28801.04; Microsoft Windows 10.0.19041 )"
        ],
        "x-ms-client-request-id": "20b8754d303b139f89618ec869d84ae6",
        "x-ms-return-client-request-id": "true"
      },
      "RequestBody": null,
      "StatusCode": 202,
      "ResponseHeaders": {
        "Cache-Control": "no-cache",
        "Content-Length": "0",
        "Content-Type": "text/plain; charset=utf-8",
        "Date": "Thu, 11 Jun 2020 04:39:55 GMT",
        "Expires": "-1",
        "Location": "https://management.azure.com/subscriptions/45b60d85-fd72-427a-a708-f994d26e593e/providers/Microsoft.Storage/locations/eastus2(stage)/asyncoperations/3ef8c3a8-b4c8-4ab0-a5ba-9b7edb655de7?monitor=true\u0026api-version=2019-06-01",
        "Pragma": "no-cache",
        "Retry-After": "17",
        "Server": "Microsoft-Azure-Storage-Resource-Provider/1.0,Microsoft-HTTPAPI/2.0 Microsoft-HTTPAPI/2.0",
        "Strict-Transport-Security": "max-age=31536000; includeSubDomains",
        "X-Content-Type-Options": "nosniff",
        "x-ms-client-request-id": "20b8754d303b139f89618ec869d84ae6",
        "x-ms-correlation-request-id": "ae9dcc04-855a-459c-bc9c-c51505e8fece",
        "x-ms-ratelimit-remaining-subscription-reads": "11100",
        "x-ms-request-id": "ca318cbc-f1ff-442b-9239-3b17bdb5d976",
        "x-ms-routing-request-id": "KOREASOUTH:20200611T043956Z:ae9dcc04-855a-459c-bc9c-c51505e8fece"
      },
      "ResponseBody": []
    },
    {
      "RequestUri": "https://management.azure.com/subscriptions/45b60d85-fd72-427a-a708-f994d26e593e/providers/Microsoft.Storage/locations/eastus2(stage)/asyncoperations/3ef8c3a8-b4c8-4ab0-a5ba-9b7edb655de7?monitor=true\u0026api-version=2019-06-01",
      "RequestMethod": "GET",
      "RequestHeaders": {
        "Authorization": "Sanitized",
        "User-Agent": [
          "azsdk-net-ResourceManager.Storage/1.0.0-dev.20200611.1",
          "(.NET Core 4.6.28801.04; Microsoft Windows 10.0.19041 )"
        ],
        "x-ms-client-request-id": "d026ed3df7a7dfb58a3ee9ffac9b734a",
        "x-ms-return-client-request-id": "true"
      },
      "RequestBody": null,
      "StatusCode": 202,
      "ResponseHeaders": {
        "Cache-Control": "no-cache",
        "Content-Length": "0",
        "Content-Type": "text/plain; charset=utf-8",
        "Date": "Thu, 11 Jun 2020 04:39:57 GMT",
        "Expires": "-1",
        "Location": "https://management.azure.com/subscriptions/45b60d85-fd72-427a-a708-f994d26e593e/providers/Microsoft.Storage/locations/eastus2(stage)/asyncoperations/3ef8c3a8-b4c8-4ab0-a5ba-9b7edb655de7?monitor=true\u0026api-version=2019-06-01",
        "Pragma": "no-cache",
        "Retry-After": "17",
        "Server": "Microsoft-Azure-Storage-Resource-Provider/1.0,Microsoft-HTTPAPI/2.0 Microsoft-HTTPAPI/2.0",
        "Strict-Transport-Security": "max-age=31536000; includeSubDomains",
        "X-Content-Type-Options": "nosniff",
        "x-ms-client-request-id": "d026ed3df7a7dfb58a3ee9ffac9b734a",
        "x-ms-correlation-request-id": "1f5c470f-6c15-47a2-8935-0ddbd3a9182d",
        "x-ms-ratelimit-remaining-subscription-reads": "11099",
        "x-ms-request-id": "76ffecbe-602d-4050-b00a-612d2c492eec",
        "x-ms-routing-request-id": "KOREASOUTH:20200611T043958Z:1f5c470f-6c15-47a2-8935-0ddbd3a9182d"
      },
      "ResponseBody": []
    },
    {
      "RequestUri": "https://management.azure.com/subscriptions/45b60d85-fd72-427a-a708-f994d26e593e/providers/Microsoft.Storage/locations/eastus2(stage)/asyncoperations/3ef8c3a8-b4c8-4ab0-a5ba-9b7edb655de7?monitor=true\u0026api-version=2019-06-01",
      "RequestMethod": "GET",
      "RequestHeaders": {
        "Authorization": "Sanitized",
        "User-Agent": [
          "azsdk-net-ResourceManager.Storage/1.0.0-dev.20200611.1",
          "(.NET Core 4.6.28801.04; Microsoft Windows 10.0.19041 )"
        ],
        "x-ms-client-request-id": "8b67beda00f9858de1b163ecf3c00047",
        "x-ms-return-client-request-id": "true"
      },
      "RequestBody": null,
      "StatusCode": 202,
      "ResponseHeaders": {
        "Cache-Control": "no-cache",
        "Content-Length": "0",
        "Content-Type": "text/plain; charset=utf-8",
        "Date": "Thu, 11 Jun 2020 04:39:59 GMT",
        "Expires": "-1",
        "Location": "https://management.azure.com/subscriptions/45b60d85-fd72-427a-a708-f994d26e593e/providers/Microsoft.Storage/locations/eastus2(stage)/asyncoperations/3ef8c3a8-b4c8-4ab0-a5ba-9b7edb655de7?monitor=true\u0026api-version=2019-06-01",
        "Pragma": "no-cache",
        "Retry-After": "17",
        "Server": "Microsoft-Azure-Storage-Resource-Provider/1.0,Microsoft-HTTPAPI/2.0 Microsoft-HTTPAPI/2.0",
        "Strict-Transport-Security": "max-age=31536000; includeSubDomains",
        "X-Content-Type-Options": "nosniff",
        "x-ms-client-request-id": "8b67beda00f9858de1b163ecf3c00047",
        "x-ms-correlation-request-id": "208585e8-8228-45ff-9130-8e0b1d60b01a",
        "x-ms-ratelimit-remaining-subscription-reads": "11098",
        "x-ms-request-id": "96d62ab2-f9bb-4434-8eb0-6ea24fa52aee",
        "x-ms-routing-request-id": "KOREASOUTH:20200611T043959Z:208585e8-8228-45ff-9130-8e0b1d60b01a"
      },
      "ResponseBody": []
    },
    {
      "RequestUri": "https://management.azure.com/subscriptions/45b60d85-fd72-427a-a708-f994d26e593e/providers/Microsoft.Storage/locations/eastus2(stage)/asyncoperations/3ef8c3a8-b4c8-4ab0-a5ba-9b7edb655de7?monitor=true\u0026api-version=2019-06-01",
      "RequestMethod": "GET",
      "RequestHeaders": {
        "Authorization": "Sanitized",
        "User-Agent": [
          "azsdk-net-ResourceManager.Storage/1.0.0-dev.20200611.1",
          "(.NET Core 4.6.28801.04; Microsoft Windows 10.0.19041 )"
        ],
        "x-ms-client-request-id": "6378911a65585616c0d896fd469f66ee",
        "x-ms-return-client-request-id": "true"
      },
      "RequestBody": null,
      "StatusCode": 202,
      "ResponseHeaders": {
        "Cache-Control": "no-cache",
        "Content-Length": "0",
        "Content-Type": "text/plain; charset=utf-8",
        "Date": "Thu, 11 Jun 2020 04:40:00 GMT",
        "Expires": "-1",
        "Location": "https://management.azure.com/subscriptions/45b60d85-fd72-427a-a708-f994d26e593e/providers/Microsoft.Storage/locations/eastus2(stage)/asyncoperations/3ef8c3a8-b4c8-4ab0-a5ba-9b7edb655de7?monitor=true\u0026api-version=2019-06-01",
        "Pragma": "no-cache",
        "Retry-After": "17",
        "Server": "Microsoft-Azure-Storage-Resource-Provider/1.0,Microsoft-HTTPAPI/2.0 Microsoft-HTTPAPI/2.0",
        "Strict-Transport-Security": "max-age=31536000; includeSubDomains",
        "X-Content-Type-Options": "nosniff",
        "x-ms-client-request-id": "6378911a65585616c0d896fd469f66ee",
        "x-ms-correlation-request-id": "3f3e8fc2-8b82-4945-b39a-d26d52cb97c7",
        "x-ms-ratelimit-remaining-subscription-reads": "11097",
        "x-ms-request-id": "7c500385-b5e2-4cde-ad64-ee229b6cad26",
        "x-ms-routing-request-id": "KOREASOUTH:20200611T044000Z:3f3e8fc2-8b82-4945-b39a-d26d52cb97c7"
      },
      "ResponseBody": []
    },
    {
      "RequestUri": "https://management.azure.com/subscriptions/45b60d85-fd72-427a-a708-f994d26e593e/providers/Microsoft.Storage/locations/eastus2(stage)/asyncoperations/3ef8c3a8-b4c8-4ab0-a5ba-9b7edb655de7?monitor=true\u0026api-version=2019-06-01",
      "RequestMethod": "GET",
      "RequestHeaders": {
        "Authorization": "Sanitized",
        "User-Agent": [
          "azsdk-net-ResourceManager.Storage/1.0.0-dev.20200611.1",
          "(.NET Core 4.6.28801.04; Microsoft Windows 10.0.19041 )"
        ],
        "x-ms-client-request-id": "abed44edbf713ced5fa0eff694c8ebc9",
        "x-ms-return-client-request-id": "true"
      },
      "RequestBody": null,
      "StatusCode": 202,
      "ResponseHeaders": {
        "Cache-Control": "no-cache",
        "Content-Length": "0",
        "Content-Type": "text/plain; charset=utf-8",
        "Date": "Thu, 11 Jun 2020 04:40:01 GMT",
        "Expires": "-1",
        "Location": "https://management.azure.com/subscriptions/45b60d85-fd72-427a-a708-f994d26e593e/providers/Microsoft.Storage/locations/eastus2(stage)/asyncoperations/3ef8c3a8-b4c8-4ab0-a5ba-9b7edb655de7?monitor=true\u0026api-version=2019-06-01",
        "Pragma": "no-cache",
        "Retry-After": "17",
        "Server": "Microsoft-Azure-Storage-Resource-Provider/1.0,Microsoft-HTTPAPI/2.0 Microsoft-HTTPAPI/2.0",
        "Strict-Transport-Security": "max-age=31536000; includeSubDomains",
        "X-Content-Type-Options": "nosniff",
        "x-ms-client-request-id": "abed44edbf713ced5fa0eff694c8ebc9",
        "x-ms-correlation-request-id": "3c50a711-9cbc-46de-b5f0-fc006368a173",
        "x-ms-ratelimit-remaining-subscription-reads": "11096",
        "x-ms-request-id": "bfd60fde-7af0-4648-86b8-9b0a9bd4c970",
        "x-ms-routing-request-id": "KOREASOUTH:20200611T044001Z:3c50a711-9cbc-46de-b5f0-fc006368a173"
      },
      "ResponseBody": []
    },
    {
      "RequestUri": "https://management.azure.com/subscriptions/45b60d85-fd72-427a-a708-f994d26e593e/providers/Microsoft.Storage/locations/eastus2(stage)/asyncoperations/3ef8c3a8-b4c8-4ab0-a5ba-9b7edb655de7?monitor=true\u0026api-version=2019-06-01",
      "RequestMethod": "GET",
      "RequestHeaders": {
        "Authorization": "Sanitized",
        "User-Agent": [
          "azsdk-net-ResourceManager.Storage/1.0.0-dev.20200611.1",
          "(.NET Core 4.6.28801.04; Microsoft Windows 10.0.19041 )"
        ],
        "x-ms-client-request-id": "1ae5a23e102374f1a710cb206a903e41",
        "x-ms-return-client-request-id": "true"
      },
      "RequestBody": null,
      "StatusCode": 202,
      "ResponseHeaders": {
        "Cache-Control": "no-cache",
        "Content-Length": "0",
        "Content-Type": "text/plain; charset=utf-8",
        "Date": "Thu, 11 Jun 2020 04:40:03 GMT",
        "Expires": "-1",
        "Location": "https://management.azure.com/subscriptions/45b60d85-fd72-427a-a708-f994d26e593e/providers/Microsoft.Storage/locations/eastus2(stage)/asyncoperations/3ef8c3a8-b4c8-4ab0-a5ba-9b7edb655de7?monitor=true\u0026api-version=2019-06-01",
        "Pragma": "no-cache",
        "Retry-After": "17",
        "Server": "Microsoft-Azure-Storage-Resource-Provider/1.0,Microsoft-HTTPAPI/2.0 Microsoft-HTTPAPI/2.0",
        "Strict-Transport-Security": "max-age=31536000; includeSubDomains",
        "X-Content-Type-Options": "nosniff",
        "x-ms-client-request-id": "1ae5a23e102374f1a710cb206a903e41",
        "x-ms-correlation-request-id": "2ee5a30e-8143-4ca9-bce7-2c4ce2d25dee",
        "x-ms-ratelimit-remaining-subscription-reads": "11095",
        "x-ms-request-id": "2ff0fa99-c413-4283-a52f-4b1e756b2904",
        "x-ms-routing-request-id": "KOREASOUTH:20200611T044003Z:2ee5a30e-8143-4ca9-bce7-2c4ce2d25dee"
      },
      "ResponseBody": []
    },
    {
      "RequestUri": "https://management.azure.com/subscriptions/45b60d85-fd72-427a-a708-f994d26e593e/providers/Microsoft.Storage/locations/eastus2(stage)/asyncoperations/3ef8c3a8-b4c8-4ab0-a5ba-9b7edb655de7?monitor=true\u0026api-version=2019-06-01",
      "RequestMethod": "GET",
      "RequestHeaders": {
        "Authorization": "Sanitized",
        "User-Agent": [
          "azsdk-net-ResourceManager.Storage/1.0.0-dev.20200611.1",
          "(.NET Core 4.6.28801.04; Microsoft Windows 10.0.19041 )"
        ],
        "x-ms-client-request-id": "afff754a55d35ad5a43b03b7761fc2f7",
        "x-ms-return-client-request-id": "true"
      },
      "RequestBody": null,
      "StatusCode": 202,
      "ResponseHeaders": {
        "Cache-Control": "no-cache",
        "Content-Length": "0",
        "Content-Type": "text/plain; charset=utf-8",
        "Date": "Thu, 11 Jun 2020 04:40:04 GMT",
        "Expires": "-1",
        "Location": "https://management.azure.com/subscriptions/45b60d85-fd72-427a-a708-f994d26e593e/providers/Microsoft.Storage/locations/eastus2(stage)/asyncoperations/3ef8c3a8-b4c8-4ab0-a5ba-9b7edb655de7?monitor=true\u0026api-version=2019-06-01",
        "Pragma": "no-cache",
        "Retry-After": "17",
        "Server": "Microsoft-Azure-Storage-Resource-Provider/1.0,Microsoft-HTTPAPI/2.0 Microsoft-HTTPAPI/2.0",
        "Strict-Transport-Security": "max-age=31536000; includeSubDomains",
        "X-Content-Type-Options": "nosniff",
        "x-ms-client-request-id": "afff754a55d35ad5a43b03b7761fc2f7",
        "x-ms-correlation-request-id": "b48db032-9389-4c53-a64d-f20109d7a737",
        "x-ms-ratelimit-remaining-subscription-reads": "11094",
        "x-ms-request-id": "11d7ddd6-a2a4-40e7-85b8-2aabd9269b95",
        "x-ms-routing-request-id": "KOREASOUTH:20200611T044004Z:b48db032-9389-4c53-a64d-f20109d7a737"
      },
      "ResponseBody": []
    },
    {
      "RequestUri": "https://management.azure.com/subscriptions/45b60d85-fd72-427a-a708-f994d26e593e/providers/Microsoft.Storage/locations/eastus2(stage)/asyncoperations/3ef8c3a8-b4c8-4ab0-a5ba-9b7edb655de7?monitor=true\u0026api-version=2019-06-01",
      "RequestMethod": "GET",
      "RequestHeaders": {
        "Authorization": "Sanitized",
        "User-Agent": [
          "azsdk-net-ResourceManager.Storage/1.0.0-dev.20200611.1",
          "(.NET Core 4.6.28801.04; Microsoft Windows 10.0.19041 )"
        ],
        "x-ms-client-request-id": "a4becdec4bb9dcca52780360f3ccd2cf",
        "x-ms-return-client-request-id": "true"
      },
      "RequestBody": null,
      "StatusCode": 202,
      "ResponseHeaders": {
        "Cache-Control": "no-cache",
        "Content-Length": "0",
        "Content-Type": "text/plain; charset=utf-8",
        "Date": "Thu, 11 Jun 2020 04:40:05 GMT",
        "Expires": "-1",
        "Location": "https://management.azure.com/subscriptions/45b60d85-fd72-427a-a708-f994d26e593e/providers/Microsoft.Storage/locations/eastus2(stage)/asyncoperations/3ef8c3a8-b4c8-4ab0-a5ba-9b7edb655de7?monitor=true\u0026api-version=2019-06-01",
        "Pragma": "no-cache",
        "Retry-After": "3",
        "Server": "Microsoft-Azure-Storage-Resource-Provider/1.0,Microsoft-HTTPAPI/2.0 Microsoft-HTTPAPI/2.0",
        "Strict-Transport-Security": "max-age=31536000; includeSubDomains",
        "X-Content-Type-Options": "nosniff",
        "x-ms-client-request-id": "a4becdec4bb9dcca52780360f3ccd2cf",
        "x-ms-correlation-request-id": "1f4beeb9-78f5-41b2-8204-43deec43cebb",
        "x-ms-ratelimit-remaining-subscription-reads": "11093",
        "x-ms-request-id": "e8f0c08c-9e20-4c93-a194-475e8d493b3b",
        "x-ms-routing-request-id": "KOREASOUTH:20200611T044005Z:1f4beeb9-78f5-41b2-8204-43deec43cebb"
      },
      "ResponseBody": []
    },
    {
      "RequestUri": "https://management.azure.com/subscriptions/45b60d85-fd72-427a-a708-f994d26e593e/providers/Microsoft.Storage/locations/eastus2(stage)/asyncoperations/3ef8c3a8-b4c8-4ab0-a5ba-9b7edb655de7?monitor=true\u0026api-version=2019-06-01",
      "RequestMethod": "GET",
      "RequestHeaders": {
        "Authorization": "Sanitized",
        "User-Agent": [
          "azsdk-net-ResourceManager.Storage/1.0.0-dev.20200611.1",
          "(.NET Core 4.6.28801.04; Microsoft Windows 10.0.19041 )"
        ],
        "x-ms-client-request-id": "1fabad613cc9e9f5cc8a76e70c3afe88",
        "x-ms-return-client-request-id": "true"
      },
      "RequestBody": null,
      "StatusCode": 202,
      "ResponseHeaders": {
        "Cache-Control": "no-cache",
        "Content-Length": "0",
        "Content-Type": "text/plain; charset=utf-8",
        "Date": "Thu, 11 Jun 2020 04:40:06 GMT",
        "Expires": "-1",
        "Location": "https://management.azure.com/subscriptions/45b60d85-fd72-427a-a708-f994d26e593e/providers/Microsoft.Storage/locations/eastus2(stage)/asyncoperations/3ef8c3a8-b4c8-4ab0-a5ba-9b7edb655de7?monitor=true\u0026api-version=2019-06-01",
        "Pragma": "no-cache",
        "Retry-After": "3",
        "Server": "Microsoft-Azure-Storage-Resource-Provider/1.0,Microsoft-HTTPAPI/2.0 Microsoft-HTTPAPI/2.0",
        "Strict-Transport-Security": "max-age=31536000; includeSubDomains",
        "X-Content-Type-Options": "nosniff",
        "x-ms-client-request-id": "1fabad613cc9e9f5cc8a76e70c3afe88",
        "x-ms-correlation-request-id": "31ec5888-f166-47e7-93b6-9a916d456de9",
        "x-ms-ratelimit-remaining-subscription-reads": "11092",
        "x-ms-request-id": "1387e4f4-dd5d-4b04-84e4-2178f8d64295",
        "x-ms-routing-request-id": "KOREASOUTH:20200611T044007Z:31ec5888-f166-47e7-93b6-9a916d456de9"
      },
      "ResponseBody": []
    },
    {
      "RequestUri": "https://management.azure.com/subscriptions/45b60d85-fd72-427a-a708-f994d26e593e/providers/Microsoft.Storage/locations/eastus2(stage)/asyncoperations/3ef8c3a8-b4c8-4ab0-a5ba-9b7edb655de7?monitor=true\u0026api-version=2019-06-01",
      "RequestMethod": "GET",
      "RequestHeaders": {
        "Authorization": "Sanitized",
        "User-Agent": [
          "azsdk-net-ResourceManager.Storage/1.0.0-dev.20200611.1",
          "(.NET Core 4.6.28801.04; Microsoft Windows 10.0.19041 )"
        ],
        "x-ms-client-request-id": "9c33d44e9ad1fe87aa225c5b527567d7",
        "x-ms-return-client-request-id": "true"
      },
      "RequestBody": null,
      "StatusCode": 202,
      "ResponseHeaders": {
        "Cache-Control": "no-cache",
        "Content-Length": "0",
        "Content-Type": "text/plain; charset=utf-8",
        "Date": "Thu, 11 Jun 2020 04:40:08 GMT",
        "Expires": "-1",
        "Location": "https://management.azure.com/subscriptions/45b60d85-fd72-427a-a708-f994d26e593e/providers/Microsoft.Storage/locations/eastus2(stage)/asyncoperations/3ef8c3a8-b4c8-4ab0-a5ba-9b7edb655de7?monitor=true\u0026api-version=2019-06-01",
        "Pragma": "no-cache",
        "Retry-After": "3",
        "Server": "Microsoft-Azure-Storage-Resource-Provider/1.0,Microsoft-HTTPAPI/2.0 Microsoft-HTTPAPI/2.0",
        "Strict-Transport-Security": "max-age=31536000; includeSubDomains",
        "X-Content-Type-Options": "nosniff",
        "x-ms-client-request-id": "9c33d44e9ad1fe87aa225c5b527567d7",
        "x-ms-correlation-request-id": "41763782-a6d7-489e-b12c-c86aaa7ea90a",
        "x-ms-ratelimit-remaining-subscription-reads": "11091",
        "x-ms-request-id": "c4d64bec-5ff0-4fa9-a592-25ed30f350e7",
        "x-ms-routing-request-id": "KOREASOUTH:20200611T044008Z:41763782-a6d7-489e-b12c-c86aaa7ea90a"
      },
      "ResponseBody": []
    },
    {
      "RequestUri": "https://management.azure.com/subscriptions/45b60d85-fd72-427a-a708-f994d26e593e/providers/Microsoft.Storage/locations/eastus2(stage)/asyncoperations/3ef8c3a8-b4c8-4ab0-a5ba-9b7edb655de7?monitor=true\u0026api-version=2019-06-01",
      "RequestMethod": "GET",
      "RequestHeaders": {
        "Authorization": "Sanitized",
        "User-Agent": [
          "azsdk-net-ResourceManager.Storage/1.0.0-dev.20200611.1",
          "(.NET Core 4.6.28801.04; Microsoft Windows 10.0.19041 )"
        ],
        "x-ms-client-request-id": "c8553469a374b02dd7d5d82fd5e3d018",
        "x-ms-return-client-request-id": "true"
      },
      "RequestBody": null,
      "StatusCode": 202,
      "ResponseHeaders": {
        "Cache-Control": "no-cache",
        "Content-Length": "0",
        "Content-Type": "text/plain; charset=utf-8",
        "Date": "Thu, 11 Jun 2020 04:40:09 GMT",
        "Expires": "-1",
        "Location": "https://management.azure.com/subscriptions/45b60d85-fd72-427a-a708-f994d26e593e/providers/Microsoft.Storage/locations/eastus2(stage)/asyncoperations/3ef8c3a8-b4c8-4ab0-a5ba-9b7edb655de7?monitor=true\u0026api-version=2019-06-01",
        "Pragma": "no-cache",
        "Retry-After": "3",
        "Server": "Microsoft-Azure-Storage-Resource-Provider/1.0,Microsoft-HTTPAPI/2.0 Microsoft-HTTPAPI/2.0",
        "Strict-Transport-Security": "max-age=31536000; includeSubDomains",
        "X-Content-Type-Options": "nosniff",
        "x-ms-client-request-id": "c8553469a374b02dd7d5d82fd5e3d018",
        "x-ms-correlation-request-id": "35ea058d-deaf-404e-92a1-fbf95b881f61",
        "x-ms-ratelimit-remaining-subscription-reads": "11090",
        "x-ms-request-id": "f939d1bf-0fa6-47b6-bf73-c9869638063f",
        "x-ms-routing-request-id": "KOREASOUTH:20200611T044009Z:35ea058d-deaf-404e-92a1-fbf95b881f61"
      },
      "ResponseBody": []
    },
    {
      "RequestUri": "https://management.azure.com/subscriptions/45b60d85-fd72-427a-a708-f994d26e593e/providers/Microsoft.Storage/locations/eastus2(stage)/asyncoperations/3ef8c3a8-b4c8-4ab0-a5ba-9b7edb655de7?monitor=true\u0026api-version=2019-06-01",
      "RequestMethod": "GET",
      "RequestHeaders": {
        "Authorization": "Sanitized",
        "User-Agent": [
          "azsdk-net-ResourceManager.Storage/1.0.0-dev.20200611.1",
          "(.NET Core 4.6.28801.04; Microsoft Windows 10.0.19041 )"
        ],
        "x-ms-client-request-id": "1f127a793599c7fd25ac74a7df9a9757",
        "x-ms-return-client-request-id": "true"
      },
      "RequestBody": null,
      "StatusCode": 202,
      "ResponseHeaders": {
        "Cache-Control": "no-cache",
        "Content-Length": "0",
        "Content-Type": "text/plain; charset=utf-8",
        "Date": "Thu, 11 Jun 2020 04:40:10 GMT",
        "Expires": "-1",
        "Location": "https://management.azure.com/subscriptions/45b60d85-fd72-427a-a708-f994d26e593e/providers/Microsoft.Storage/locations/eastus2(stage)/asyncoperations/3ef8c3a8-b4c8-4ab0-a5ba-9b7edb655de7?monitor=true\u0026api-version=2019-06-01",
        "Pragma": "no-cache",
        "Retry-After": "3",
        "Server": "Microsoft-Azure-Storage-Resource-Provider/1.0,Microsoft-HTTPAPI/2.0 Microsoft-HTTPAPI/2.0",
        "Strict-Transport-Security": "max-age=31536000; includeSubDomains",
        "X-Content-Type-Options": "nosniff",
        "x-ms-client-request-id": "1f127a793599c7fd25ac74a7df9a9757",
        "x-ms-correlation-request-id": "54cfdfe6-5e86-4035-ba8c-6f7c47bf3225",
        "x-ms-ratelimit-remaining-subscription-reads": "11089",
        "x-ms-request-id": "b0e7d84a-c45c-4e1a-9c3d-13e4b793ef12",
        "x-ms-routing-request-id": "KOREASOUTH:20200611T044010Z:54cfdfe6-5e86-4035-ba8c-6f7c47bf3225"
      },
      "ResponseBody": []
    },
    {
      "RequestUri": "https://management.azure.com/subscriptions/45b60d85-fd72-427a-a708-f994d26e593e/providers/Microsoft.Storage/locations/eastus2(stage)/asyncoperations/3ef8c3a8-b4c8-4ab0-a5ba-9b7edb655de7?monitor=true\u0026api-version=2019-06-01",
      "RequestMethod": "GET",
      "RequestHeaders": {
        "Authorization": "Sanitized",
        "User-Agent": [
          "azsdk-net-ResourceManager.Storage/1.0.0-dev.20200611.1",
          "(.NET Core 4.6.28801.04; Microsoft Windows 10.0.19041 )"
        ],
        "x-ms-client-request-id": "d77d9f2336e4aa13a682c4fcc25829c6",
        "x-ms-return-client-request-id": "true"
      },
      "RequestBody": null,
      "StatusCode": 202,
      "ResponseHeaders": {
        "Cache-Control": "no-cache",
        "Content-Length": "0",
        "Content-Type": "text/plain; charset=utf-8",
        "Date": "Thu, 11 Jun 2020 04:40:11 GMT",
        "Expires": "-1",
        "Location": "https://management.azure.com/subscriptions/45b60d85-fd72-427a-a708-f994d26e593e/providers/Microsoft.Storage/locations/eastus2(stage)/asyncoperations/3ef8c3a8-b4c8-4ab0-a5ba-9b7edb655de7?monitor=true\u0026api-version=2019-06-01",
        "Pragma": "no-cache",
        "Retry-After": "3",
        "Server": "Microsoft-Azure-Storage-Resource-Provider/1.0,Microsoft-HTTPAPI/2.0 Microsoft-HTTPAPI/2.0",
        "Strict-Transport-Security": "max-age=31536000; includeSubDomains",
        "X-Content-Type-Options": "nosniff",
        "x-ms-client-request-id": "d77d9f2336e4aa13a682c4fcc25829c6",
        "x-ms-correlation-request-id": "3df4d7f3-a6da-47d8-9431-f02110db9370",
        "x-ms-ratelimit-remaining-subscription-reads": "11088",
        "x-ms-request-id": "e4cd6359-62e0-4114-b900-b6354527577c",
        "x-ms-routing-request-id": "KOREASOUTH:20200611T044012Z:3df4d7f3-a6da-47d8-9431-f02110db9370"
      },
      "ResponseBody": []
    },
    {
      "RequestUri": "https://management.azure.com/subscriptions/45b60d85-fd72-427a-a708-f994d26e593e/providers/Microsoft.Storage/locations/eastus2(stage)/asyncoperations/3ef8c3a8-b4c8-4ab0-a5ba-9b7edb655de7?monitor=true\u0026api-version=2019-06-01",
      "RequestMethod": "GET",
      "RequestHeaders": {
        "Authorization": "Sanitized",
        "User-Agent": [
          "azsdk-net-ResourceManager.Storage/1.0.0-dev.20200611.1",
          "(.NET Core 4.6.28801.04; Microsoft Windows 10.0.19041 )"
        ],
        "x-ms-client-request-id": "d7e144524762333e378ea2c72e86d13d",
        "x-ms-return-client-request-id": "true"
      },
      "RequestBody": null,
      "StatusCode": 202,
      "ResponseHeaders": {
        "Cache-Control": "no-cache",
        "Content-Length": "0",
        "Content-Type": "text/plain; charset=utf-8",
        "Date": "Thu, 11 Jun 2020 04:40:13 GMT",
        "Expires": "-1",
        "Location": "https://management.azure.com/subscriptions/45b60d85-fd72-427a-a708-f994d26e593e/providers/Microsoft.Storage/locations/eastus2(stage)/asyncoperations/3ef8c3a8-b4c8-4ab0-a5ba-9b7edb655de7?monitor=true\u0026api-version=2019-06-01",
        "Pragma": "no-cache",
        "Retry-After": "3",
        "Server": "Microsoft-Azure-Storage-Resource-Provider/1.0,Microsoft-HTTPAPI/2.0 Microsoft-HTTPAPI/2.0",
        "Strict-Transport-Security": "max-age=31536000; includeSubDomains",
        "X-Content-Type-Options": "nosniff",
        "x-ms-client-request-id": "d7e144524762333e378ea2c72e86d13d",
        "x-ms-correlation-request-id": "d9f7a4dc-b3d5-4ed7-9f02-cb28ad9179df",
        "x-ms-ratelimit-remaining-subscription-reads": "11087",
        "x-ms-request-id": "1f4091ec-d932-4ab7-86f2-108bc7dbb1c0",
        "x-ms-routing-request-id": "KOREASOUTH:20200611T044013Z:d9f7a4dc-b3d5-4ed7-9f02-cb28ad9179df"
      },
      "ResponseBody": []
    },
    {
      "RequestUri": "https://management.azure.com/subscriptions/45b60d85-fd72-427a-a708-f994d26e593e/providers/Microsoft.Storage/locations/eastus2(stage)/asyncoperations/3ef8c3a8-b4c8-4ab0-a5ba-9b7edb655de7?monitor=true\u0026api-version=2019-06-01",
      "RequestMethod": "GET",
      "RequestHeaders": {
        "Authorization": "Sanitized",
        "User-Agent": [
          "azsdk-net-ResourceManager.Storage/1.0.0-dev.20200611.1",
          "(.NET Core 4.6.28801.04; Microsoft Windows 10.0.19041 )"
        ],
        "x-ms-client-request-id": "350b813ef865433367687916700005cd",
        "x-ms-return-client-request-id": "true"
      },
      "RequestBody": null,
      "StatusCode": 202,
      "ResponseHeaders": {
        "Cache-Control": "no-cache",
        "Content-Length": "0",
        "Content-Type": "text/plain; charset=utf-8",
        "Date": "Thu, 11 Jun 2020 04:40:14 GMT",
        "Expires": "-1",
        "Location": "https://management.azure.com/subscriptions/45b60d85-fd72-427a-a708-f994d26e593e/providers/Microsoft.Storage/locations/eastus2(stage)/asyncoperations/3ef8c3a8-b4c8-4ab0-a5ba-9b7edb655de7?monitor=true\u0026api-version=2019-06-01",
        "Pragma": "no-cache",
        "Retry-After": "3",
        "Server": "Microsoft-Azure-Storage-Resource-Provider/1.0,Microsoft-HTTPAPI/2.0 Microsoft-HTTPAPI/2.0",
        "Strict-Transport-Security": "max-age=31536000; includeSubDomains",
        "X-Content-Type-Options": "nosniff",
        "x-ms-client-request-id": "350b813ef865433367687916700005cd",
        "x-ms-correlation-request-id": "fc8b67ff-5249-4768-b670-202129e5914f",
        "x-ms-ratelimit-remaining-subscription-reads": "11086",
        "x-ms-request-id": "df97e740-bd56-4f80-a952-b801b8519269",
        "x-ms-routing-request-id": "KOREASOUTH:20200611T044014Z:fc8b67ff-5249-4768-b670-202129e5914f"
      },
      "ResponseBody": []
    },
    {
      "RequestUri": "https://management.azure.com/subscriptions/45b60d85-fd72-427a-a708-f994d26e593e/providers/Microsoft.Storage/locations/eastus2(stage)/asyncoperations/3ef8c3a8-b4c8-4ab0-a5ba-9b7edb655de7?monitor=true\u0026api-version=2019-06-01",
      "RequestMethod": "GET",
      "RequestHeaders": {
        "Authorization": "Sanitized",
        "User-Agent": [
          "azsdk-net-ResourceManager.Storage/1.0.0-dev.20200611.1",
          "(.NET Core 4.6.28801.04; Microsoft Windows 10.0.19041 )"
        ],
        "x-ms-client-request-id": "9a55ae82bfb9dbf5614aa056934c7b1f",
        "x-ms-return-client-request-id": "true"
      },
      "RequestBody": null,
      "StatusCode": 202,
      "ResponseHeaders": {
        "Cache-Control": "no-cache",
        "Content-Length": "0",
        "Content-Type": "text/plain; charset=utf-8",
        "Date": "Thu, 11 Jun 2020 04:40:15 GMT",
        "Expires": "-1",
        "Location": "https://management.azure.com/subscriptions/45b60d85-fd72-427a-a708-f994d26e593e/providers/Microsoft.Storage/locations/eastus2(stage)/asyncoperations/3ef8c3a8-b4c8-4ab0-a5ba-9b7edb655de7?monitor=true\u0026api-version=2019-06-01",
        "Pragma": "no-cache",
        "Retry-After": "3",
        "Server": "Microsoft-Azure-Storage-Resource-Provider/1.0,Microsoft-HTTPAPI/2.0 Microsoft-HTTPAPI/2.0",
        "Strict-Transport-Security": "max-age=31536000; includeSubDomains",
        "X-Content-Type-Options": "nosniff",
        "x-ms-client-request-id": "9a55ae82bfb9dbf5614aa056934c7b1f",
        "x-ms-correlation-request-id": "738a0b3c-04e8-47b7-9d32-af87e0525554",
        "x-ms-ratelimit-remaining-subscription-reads": "11085",
        "x-ms-request-id": "51cae7be-5915-40d2-be40-99593fd0b6a8",
        "x-ms-routing-request-id": "KOREASOUTH:20200611T044015Z:738a0b3c-04e8-47b7-9d32-af87e0525554"
      },
      "ResponseBody": []
    },
    {
      "RequestUri": "https://management.azure.com/subscriptions/45b60d85-fd72-427a-a708-f994d26e593e/providers/Microsoft.Storage/locations/eastus2(stage)/asyncoperations/3ef8c3a8-b4c8-4ab0-a5ba-9b7edb655de7?monitor=true\u0026api-version=2019-06-01",
      "RequestMethod": "GET",
      "RequestHeaders": {
        "Authorization": "Sanitized",
        "User-Agent": [
          "azsdk-net-ResourceManager.Storage/1.0.0-dev.20200611.1",
          "(.NET Core 4.6.28801.04; Microsoft Windows 10.0.19041 )"
        ],
        "x-ms-client-request-id": "41bd87b1f44d5961119d70f9ce27c236",
        "x-ms-return-client-request-id": "true"
      },
      "RequestBody": null,
      "StatusCode": 202,
      "ResponseHeaders": {
        "Cache-Control": "no-cache",
        "Content-Length": "0",
        "Content-Type": "text/plain; charset=utf-8",
        "Date": "Thu, 11 Jun 2020 04:40:16 GMT",
        "Expires": "-1",
        "Location": "https://management.azure.com/subscriptions/45b60d85-fd72-427a-a708-f994d26e593e/providers/Microsoft.Storage/locations/eastus2(stage)/asyncoperations/3ef8c3a8-b4c8-4ab0-a5ba-9b7edb655de7?monitor=true\u0026api-version=2019-06-01",
        "Pragma": "no-cache",
        "Retry-After": "3",
        "Server": "Microsoft-Azure-Storage-Resource-Provider/1.0,Microsoft-HTTPAPI/2.0 Microsoft-HTTPAPI/2.0",
        "Strict-Transport-Security": "max-age=31536000; includeSubDomains",
        "X-Content-Type-Options": "nosniff",
        "x-ms-client-request-id": "41bd87b1f44d5961119d70f9ce27c236",
        "x-ms-correlation-request-id": "c05921f3-f5a1-4e50-8faa-ce174df8177c",
        "x-ms-ratelimit-remaining-subscription-reads": "11084",
        "x-ms-request-id": "767dffb5-0d69-4ada-99f5-c4aab3141c83",
        "x-ms-routing-request-id": "KOREASOUTH:20200611T044017Z:c05921f3-f5a1-4e50-8faa-ce174df8177c"
      },
      "ResponseBody": []
    },
    {
      "RequestUri": "https://management.azure.com/subscriptions/45b60d85-fd72-427a-a708-f994d26e593e/providers/Microsoft.Storage/locations/eastus2(stage)/asyncoperations/3ef8c3a8-b4c8-4ab0-a5ba-9b7edb655de7?monitor=true\u0026api-version=2019-06-01",
      "RequestMethod": "GET",
      "RequestHeaders": {
        "Authorization": "Sanitized",
        "User-Agent": [
          "azsdk-net-ResourceManager.Storage/1.0.0-dev.20200611.1",
          "(.NET Core 4.6.28801.04; Microsoft Windows 10.0.19041 )"
        ],
        "x-ms-client-request-id": "8044d58837317e838b30d41b57dcb01a",
        "x-ms-return-client-request-id": "true"
      },
      "RequestBody": null,
      "StatusCode": 200,
      "ResponseHeaders": {
        "Cache-Control": "no-cache",
        "Content-Length": "1194",
        "Content-Type": "application/json",
        "Date": "Thu, 11 Jun 2020 04:40:18 GMT",
        "Expires": "-1",
        "Pragma": "no-cache",
        "Server": "Microsoft-Azure-Storage-Resource-Provider/1.0,Microsoft-HTTPAPI/2.0 Microsoft-HTTPAPI/2.0",
        "Strict-Transport-Security": "max-age=31536000; includeSubDomains",
        "X-Content-Type-Options": "nosniff",
        "x-ms-client-request-id": "8044d58837317e838b30d41b57dcb01a",
        "x-ms-correlation-request-id": "0f2e2133-921a-4eb0-894f-1ed01bf539ec",
        "x-ms-ratelimit-remaining-subscription-reads": "11083",
        "x-ms-request-id": "06fddd03-de4f-4938-bfb4-94b32b15fac0",
        "x-ms-routing-request-id": "KOREASOUTH:20200611T044018Z:0f2e2133-921a-4eb0-894f-1ed01bf539ec"
      },
      "ResponseBody": {
        "sku": {
          "name": "Standard_GRS",
          "tier": "Standard"
        },
        "kind": "Storage",
        "id": "/subscriptions/45b60d85-fd72-427a-a708-f994d26e593e/resourceGroups/res5428/providers/Microsoft.Storage/storageAccounts/sto2597",
        "name": "sto2597",
        "type": "Microsoft.Storage/storageAccounts",
        "location": "eastus2(stage)",
        "tags": {
          "key1": "value1",
          "key2": "value2"
        },
        "properties": {
          "privateEndpointConnections": [],
          "networkAcls": {
            "bypass": "AzureServices",
            "virtualNetworkRules": [],
            "ipRules": [],
            "defaultAction": "Allow"
          },
          "supportsHttpsTrafficOnly": false,
          "encryption": {
            "services": {
              "file": {
                "keyType": "Account",
                "enabled": true,
                "lastEnabledTime": "2020-06-11T04:39:48.5804685Z"
              },
              "blob": {
                "keyType": "Account",
                "enabled": true,
                "lastEnabledTime": "2020-06-11T04:39:48.5804685Z"
              }
            },
            "keySource": "Microsoft.Storage"
          },
          "provisioningState": "Succeeded",
          "creationTime": "2020-06-11T04:39:48.4866900Z",
          "primaryEndpoints": {
            "blob": "https://sto2597.blob.core.windows.net/",
            "queue": "https://sto2597.queue.core.windows.net/",
            "table": "https://sto2597.table.core.windows.net/",
            "file": "https://sto2597.file.core.windows.net/"
          },
          "primaryLocation": "eastus2(stage)",
          "statusOfPrimary": "available",
          "secondaryLocation": "northcentralus(stage)",
          "statusOfSecondary": "available"
        }
      }
    }
  ],
  "Variables": {
    "RandomSeed": "888821987",
    "SUBSCRIPTION_ID": "45b60d85-fd72-427a-a708-f994d26e593e"
  }
}