{
  "Entries": [
    {
      "RequestUri": "https://management.azure.com/subscriptions/c9cbd920-c00c-427c-852b-8aaf38badaeb/resourcegroups/res1396?api-version=2019-10-01",
      "RequestMethod": "PUT",
      "RequestHeaders": {
        "Accept": "application/json",
        "Authorization": "Sanitized",
        "Content-Length": "22",
        "Content-Type": "application/json",
        "traceparent": "00-f910e04086d87941b750e1d6c159fc29-c4d4a7ebe5ff5a4c-00",
        "User-Agent": [
          "azsdk-net-ResourceManager.Storage.Tests/1.0.0-alpha.20200914.1",
          "(.NET Core 4.6.29130.01; Microsoft Windows 10.0.19041 )"
        ],
        "x-ms-client-request-id": "70abdde29c6c954daf988f6c1b04448e",
        "x-ms-return-client-request-id": "true"
      },
      "RequestBody": {
        "location": "eastus2"
      },
      "StatusCode": 201,
      "ResponseHeaders": {
        "Cache-Control": "no-cache",
        "Content-Length": "168",
        "Content-Type": "application/json; charset=utf-8",
        "Date": "Mon, 14 Sep 2020 03:19:31 GMT",
        "Expires": "-1",
        "Pragma": "no-cache",
        "Strict-Transport-Security": "max-age=31536000; includeSubDomains",
        "X-Content-Type-Options": "nosniff",
        "x-ms-correlation-request-id": "da6f75db-a903-40cd-8a8b-1933b699c105",
        "x-ms-ratelimit-remaining-subscription-writes": "996",
        "x-ms-request-id": "da6f75db-a903-40cd-8a8b-1933b699c105",
        "x-ms-routing-request-id": "SOUTHEASTASIA:20200914T031932Z:da6f75db-a903-40cd-8a8b-1933b699c105"
      },
      "ResponseBody": {
        "id": "/subscriptions/c9cbd920-c00c-427c-852b-8aaf38badaeb/resourceGroups/res1396",
        "name": "res1396",
        "location": "eastus2",
        "properties": {
          "provisioningState": "Succeeded"
        }
      }
    },
    {
      "RequestUri": "https://management.azure.com/subscriptions/c9cbd920-c00c-427c-852b-8aaf38badaeb/resourceGroups/res1396/providers/Microsoft.Storage/storageAccounts/sto8658?api-version=2019-06-01",
      "RequestMethod": "PUT",
      "RequestHeaders": {
        "Accept": "application/json",
        "Authorization": "Sanitized",
        "Content-Length": "126",
        "Content-Type": "application/json",
        "traceparent": "00-e023e829a83e94488931115ccc3f1e16-67e79eee79846f4d-00",
        "User-Agent": [
          "azsdk-net-ResourceManager.Storage/1.0.0-alpha.20200914.1",
          "(.NET Core 4.6.29130.01; Microsoft Windows 10.0.19041 )"
        ],
        "x-ms-client-request-id": "ef4fe7d5b65e5e1e159612f823f3d8e4",
        "x-ms-return-client-request-id": "true"
      },
      "RequestBody": {
        "sku": {
          "name": "Standard_GRS"
        },
        "kind": "Storage",
        "location": "eastus2",
        "tags": {
          "key1": "value1",
          "key2": "value2"
        },
        "properties": {}
      },
      "StatusCode": 202,
      "ResponseHeaders": {
        "Cache-Control": "no-cache",
        "Content-Length": "0",
        "Content-Type": "text/plain; charset=utf-8",
        "Date": "Mon, 14 Sep 2020 03:19:34 GMT",
        "Expires": "-1",
        "Location": "https://management.azure.com/subscriptions/c9cbd920-c00c-427c-852b-8aaf38badaeb/providers/Microsoft.Storage/locations/eastus2/asyncoperations/e9e76790-f78d-44a5-8de9-49bd4e72cc59?monitor=true\u0026api-version=2019-06-01",
        "Pragma": "no-cache",
        "Retry-After": "17",
        "Server": "Microsoft-Azure-Storage-Resource-Provider/1.0,Microsoft-HTTPAPI/2.0 Microsoft-HTTPAPI/2.0",
        "Strict-Transport-Security": "max-age=31536000; includeSubDomains",
        "X-Content-Type-Options": "nosniff",
        "x-ms-client-request-id": "ef4fe7d5b65e5e1e159612f823f3d8e4",
        "x-ms-correlation-request-id": "b19d2df6-86db-439f-a7ad-cab1ab2f8924",
        "x-ms-ratelimit-remaining-subscription-writes": "995",
        "x-ms-request-id": "e9e76790-f78d-44a5-8de9-49bd4e72cc59",
        "x-ms-routing-request-id": "SOUTHEASTASIA:20200914T031934Z:b19d2df6-86db-439f-a7ad-cab1ab2f8924"
      },
      "ResponseBody": []
    },
    {
      "RequestUri": "https://management.azure.com/subscriptions/c9cbd920-c00c-427c-852b-8aaf38badaeb/providers/Microsoft.Storage/locations/eastus2/asyncoperations/e9e76790-f78d-44a5-8de9-49bd4e72cc59?monitor=true\u0026api-version=2019-06-01",
      "RequestMethod": "GET",
      "RequestHeaders": {
        "Authorization": "Sanitized",
        "User-Agent": [
          "azsdk-net-ResourceManager.Storage/1.0.0-alpha.20200914.1",
          "(.NET Core 4.6.29130.01; Microsoft Windows 10.0.19041 )"
        ],
        "x-ms-client-request-id": "e586d7c56cf327838d1256053b9c8ba4",
        "x-ms-return-client-request-id": "true"
      },
      "RequestBody": null,
      "StatusCode": 202,
      "ResponseHeaders": {
        "Cache-Control": "no-cache",
        "Content-Length": "0",
        "Content-Type": "text/plain; charset=utf-8",
        "Date": "Mon, 14 Sep 2020 03:19:34 GMT",
        "Expires": "-1",
        "Location": "https://management.azure.com/subscriptions/c9cbd920-c00c-427c-852b-8aaf38badaeb/providers/Microsoft.Storage/locations/eastus2/asyncoperations/e9e76790-f78d-44a5-8de9-49bd4e72cc59?monitor=true\u0026api-version=2019-06-01",
        "Pragma": "no-cache",
        "Retry-After": "17",
        "Server": "Microsoft-Azure-Storage-Resource-Provider/1.0,Microsoft-HTTPAPI/2.0 Microsoft-HTTPAPI/2.0",
        "Strict-Transport-Security": "max-age=31536000; includeSubDomains",
        "X-Content-Type-Options": "nosniff",
        "x-ms-client-request-id": "e586d7c56cf327838d1256053b9c8ba4",
        "x-ms-correlation-request-id": "9b3b8bde-62d0-4a14-911e-05b385aeaea1",
        "x-ms-ratelimit-remaining-subscription-reads": "11109",
        "x-ms-request-id": "3058dd0f-a89a-4721-a8a5-8e2939069cbd",
        "x-ms-routing-request-id": "SOUTHEASTASIA:20200914T031934Z:9b3b8bde-62d0-4a14-911e-05b385aeaea1"
      },
      "ResponseBody": []
    },
    {
      "RequestUri": "https://management.azure.com/subscriptions/c9cbd920-c00c-427c-852b-8aaf38badaeb/providers/Microsoft.Storage/locations/eastus2/asyncoperations/e9e76790-f78d-44a5-8de9-49bd4e72cc59?monitor=true\u0026api-version=2019-06-01",
      "RequestMethod": "GET",
      "RequestHeaders": {
        "Authorization": "Sanitized",
        "User-Agent": [
          "azsdk-net-ResourceManager.Storage/1.0.0-alpha.20200914.1",
          "(.NET Core 4.6.29130.01; Microsoft Windows 10.0.19041 )"
        ],
        "x-ms-client-request-id": "24af88b7250368cfeaa3f2667734fa9f",
        "x-ms-return-client-request-id": "true"
      },
      "RequestBody": null,
      "StatusCode": 202,
      "ResponseHeaders": {
        "Cache-Control": "no-cache",
        "Content-Length": "0",
        "Content-Type": "text/plain; charset=utf-8",
        "Date": "Mon, 14 Sep 2020 03:19:35 GMT",
        "Expires": "-1",
        "Location": "https://management.azure.com/subscriptions/c9cbd920-c00c-427c-852b-8aaf38badaeb/providers/Microsoft.Storage/locations/eastus2/asyncoperations/e9e76790-f78d-44a5-8de9-49bd4e72cc59?monitor=true\u0026api-version=2019-06-01",
        "Pragma": "no-cache",
        "Retry-After": "17",
        "Server": "Microsoft-Azure-Storage-Resource-Provider/1.0,Microsoft-HTTPAPI/2.0 Microsoft-HTTPAPI/2.0",
        "Strict-Transport-Security": "max-age=31536000; includeSubDomains",
        "X-Content-Type-Options": "nosniff",
        "x-ms-client-request-id": "24af88b7250368cfeaa3f2667734fa9f",
        "x-ms-correlation-request-id": "eeb3d8d0-c0ca-4b26-b621-78c5f80cce20",
        "x-ms-ratelimit-remaining-subscription-reads": "11108",
        "x-ms-request-id": "085a5c21-28dd-4d37-9024-b2b813ad5503",
        "x-ms-routing-request-id": "SOUTHEASTASIA:20200914T031936Z:eeb3d8d0-c0ca-4b26-b621-78c5f80cce20"
      },
      "ResponseBody": []
    },
    {
      "RequestUri": "https://management.azure.com/subscriptions/c9cbd920-c00c-427c-852b-8aaf38badaeb/providers/Microsoft.Storage/locations/eastus2/asyncoperations/e9e76790-f78d-44a5-8de9-49bd4e72cc59?monitor=true\u0026api-version=2019-06-01",
      "RequestMethod": "GET",
      "RequestHeaders": {
        "Authorization": "Sanitized",
        "User-Agent": [
          "azsdk-net-ResourceManager.Storage/1.0.0-alpha.20200914.1",
          "(.NET Core 4.6.29130.01; Microsoft Windows 10.0.19041 )"
        ],
        "x-ms-client-request-id": "4b32af4df26dfff05c19db6a16f77060",
        "x-ms-return-client-request-id": "true"
      },
      "RequestBody": null,
      "StatusCode": 202,
      "ResponseHeaders": {
        "Cache-Control": "no-cache",
        "Content-Length": "0",
        "Content-Type": "text/plain; charset=utf-8",
        "Date": "Mon, 14 Sep 2020 03:19:36 GMT",
        "Expires": "-1",
        "Location": "https://management.azure.com/subscriptions/c9cbd920-c00c-427c-852b-8aaf38badaeb/providers/Microsoft.Storage/locations/eastus2/asyncoperations/e9e76790-f78d-44a5-8de9-49bd4e72cc59?monitor=true\u0026api-version=2019-06-01",
        "Pragma": "no-cache",
        "Retry-After": "17",
        "Server": "Microsoft-Azure-Storage-Resource-Provider/1.0,Microsoft-HTTPAPI/2.0 Microsoft-HTTPAPI/2.0",
        "Strict-Transport-Security": "max-age=31536000; includeSubDomains",
        "X-Content-Type-Options": "nosniff",
        "x-ms-client-request-id": "4b32af4df26dfff05c19db6a16f77060",
        "x-ms-correlation-request-id": "e8b824a5-0ae1-46d6-8939-560cef9514ce",
        "x-ms-ratelimit-remaining-subscription-reads": "11107",
        "x-ms-request-id": "528122ce-e3af-4227-ab96-c88eb8a6c44e",
        "x-ms-routing-request-id": "SOUTHEASTASIA:20200914T031937Z:e8b824a5-0ae1-46d6-8939-560cef9514ce"
      },
      "ResponseBody": []
    },
    {
      "RequestUri": "https://management.azure.com/subscriptions/c9cbd920-c00c-427c-852b-8aaf38badaeb/providers/Microsoft.Storage/locations/eastus2/asyncoperations/e9e76790-f78d-44a5-8de9-49bd4e72cc59?monitor=true\u0026api-version=2019-06-01",
      "RequestMethod": "GET",
      "RequestHeaders": {
        "Authorization": "Sanitized",
        "User-Agent": [
          "azsdk-net-ResourceManager.Storage/1.0.0-alpha.20200914.1",
          "(.NET Core 4.6.29130.01; Microsoft Windows 10.0.19041 )"
        ],
        "x-ms-client-request-id": "db329a6c24c79f5f081dfb4f7a1cb059",
        "x-ms-return-client-request-id": "true"
      },
      "RequestBody": null,
      "StatusCode": 202,
      "ResponseHeaders": {
        "Cache-Control": "no-cache",
        "Content-Length": "0",
        "Content-Type": "text/plain; charset=utf-8",
        "Date": "Mon, 14 Sep 2020 03:19:38 GMT",
        "Expires": "-1",
        "Location": "https://management.azure.com/subscriptions/c9cbd920-c00c-427c-852b-8aaf38badaeb/providers/Microsoft.Storage/locations/eastus2/asyncoperations/e9e76790-f78d-44a5-8de9-49bd4e72cc59?monitor=true\u0026api-version=2019-06-01",
        "Pragma": "no-cache",
        "Retry-After": "17",
        "Server": "Microsoft-Azure-Storage-Resource-Provider/1.0,Microsoft-HTTPAPI/2.0 Microsoft-HTTPAPI/2.0",
        "Strict-Transport-Security": "max-age=31536000; includeSubDomains",
        "X-Content-Type-Options": "nosniff",
        "x-ms-client-request-id": "db329a6c24c79f5f081dfb4f7a1cb059",
        "x-ms-correlation-request-id": "3e38c9b6-7ef5-47f9-a89a-c30621474c73",
        "x-ms-ratelimit-remaining-subscription-reads": "11106",
        "x-ms-request-id": "62de4e69-daed-42cb-aefc-cb0b185b7dc8",
        "x-ms-routing-request-id": "SOUTHEASTASIA:20200914T031938Z:3e38c9b6-7ef5-47f9-a89a-c30621474c73"
      },
      "ResponseBody": []
    },
    {
      "RequestUri": "https://management.azure.com/subscriptions/c9cbd920-c00c-427c-852b-8aaf38badaeb/providers/Microsoft.Storage/locations/eastus2/asyncoperations/e9e76790-f78d-44a5-8de9-49bd4e72cc59?monitor=true\u0026api-version=2019-06-01",
      "RequestMethod": "GET",
      "RequestHeaders": {
        "Authorization": "Sanitized",
        "User-Agent": [
          "azsdk-net-ResourceManager.Storage/1.0.0-alpha.20200914.1",
          "(.NET Core 4.6.29130.01; Microsoft Windows 10.0.19041 )"
        ],
        "x-ms-client-request-id": "8bb8b7173f6ac43797afc8e94a6451f2",
        "x-ms-return-client-request-id": "true"
      },
      "RequestBody": null,
      "StatusCode": 202,
      "ResponseHeaders": {
        "Cache-Control": "no-cache",
        "Content-Length": "0",
        "Content-Type": "text/plain; charset=utf-8",
        "Date": "Mon, 14 Sep 2020 03:19:39 GMT",
        "Expires": "-1",
        "Location": "https://management.azure.com/subscriptions/c9cbd920-c00c-427c-852b-8aaf38badaeb/providers/Microsoft.Storage/locations/eastus2/asyncoperations/e9e76790-f78d-44a5-8de9-49bd4e72cc59?monitor=true\u0026api-version=2019-06-01",
        "Pragma": "no-cache",
        "Retry-After": "17",
        "Server": "Microsoft-Azure-Storage-Resource-Provider/1.0,Microsoft-HTTPAPI/2.0 Microsoft-HTTPAPI/2.0",
        "Strict-Transport-Security": "max-age=31536000; includeSubDomains",
        "X-Content-Type-Options": "nosniff",
        "x-ms-client-request-id": "8bb8b7173f6ac43797afc8e94a6451f2",
        "x-ms-correlation-request-id": "25106668-22ef-46f5-aca8-64e48abc4ca3",
        "x-ms-ratelimit-remaining-subscription-reads": "11105",
        "x-ms-request-id": "834a579c-f56b-4814-a274-0087cd5cc3d3",
        "x-ms-routing-request-id": "SOUTHEASTASIA:20200914T031940Z:25106668-22ef-46f5-aca8-64e48abc4ca3"
      },
      "ResponseBody": []
    },
    {
      "RequestUri": "https://management.azure.com/subscriptions/c9cbd920-c00c-427c-852b-8aaf38badaeb/providers/Microsoft.Storage/locations/eastus2/asyncoperations/e9e76790-f78d-44a5-8de9-49bd4e72cc59?monitor=true\u0026api-version=2019-06-01",
      "RequestMethod": "GET",
      "RequestHeaders": {
        "Authorization": "Sanitized",
        "User-Agent": [
          "azsdk-net-ResourceManager.Storage/1.0.0-alpha.20200914.1",
          "(.NET Core 4.6.29130.01; Microsoft Windows 10.0.19041 )"
        ],
        "x-ms-client-request-id": "ddfa91331f0128d74f92424ff7a1843f",
        "x-ms-return-client-request-id": "true"
      },
      "RequestBody": null,
      "StatusCode": 202,
      "ResponseHeaders": {
        "Cache-Control": "no-cache",
        "Content-Length": "0",
        "Content-Type": "text/plain; charset=utf-8",
        "Date": "Mon, 14 Sep 2020 03:19:40 GMT",
        "Expires": "-1",
        "Location": "https://management.azure.com/subscriptions/c9cbd920-c00c-427c-852b-8aaf38badaeb/providers/Microsoft.Storage/locations/eastus2/asyncoperations/e9e76790-f78d-44a5-8de9-49bd4e72cc59?monitor=true\u0026api-version=2019-06-01",
        "Pragma": "no-cache",
        "Retry-After": "17",
        "Server": "Microsoft-Azure-Storage-Resource-Provider/1.0,Microsoft-HTTPAPI/2.0 Microsoft-HTTPAPI/2.0",
        "Strict-Transport-Security": "max-age=31536000; includeSubDomains",
        "X-Content-Type-Options": "nosniff",
        "x-ms-client-request-id": "ddfa91331f0128d74f92424ff7a1843f",
        "x-ms-correlation-request-id": "1fe8a696-ca00-4401-91a7-395faed141c0",
        "x-ms-ratelimit-remaining-subscription-reads": "11104",
        "x-ms-request-id": "6a2125aa-3555-4524-94ea-ffbf92e8d1d8",
        "x-ms-routing-request-id": "SOUTHEASTASIA:20200914T031941Z:1fe8a696-ca00-4401-91a7-395faed141c0"
      },
      "ResponseBody": []
    },
    {
      "RequestUri": "https://management.azure.com/subscriptions/c9cbd920-c00c-427c-852b-8aaf38badaeb/providers/Microsoft.Storage/locations/eastus2/asyncoperations/e9e76790-f78d-44a5-8de9-49bd4e72cc59?monitor=true\u0026api-version=2019-06-01",
      "RequestMethod": "GET",
      "RequestHeaders": {
        "Authorization": "Sanitized",
        "User-Agent": [
          "azsdk-net-ResourceManager.Storage/1.0.0-alpha.20200914.1",
          "(.NET Core 4.6.29130.01; Microsoft Windows 10.0.19041 )"
        ],
        "x-ms-client-request-id": "5f528269e43f2cf6626d43175c7655a4",
        "x-ms-return-client-request-id": "true"
      },
      "RequestBody": null,
      "StatusCode": 202,
      "ResponseHeaders": {
        "Cache-Control": "no-cache",
        "Content-Length": "0",
        "Content-Type": "text/plain; charset=utf-8",
        "Date": "Mon, 14 Sep 2020 03:19:42 GMT",
        "Expires": "-1",
        "Location": "https://management.azure.com/subscriptions/c9cbd920-c00c-427c-852b-8aaf38badaeb/providers/Microsoft.Storage/locations/eastus2/asyncoperations/e9e76790-f78d-44a5-8de9-49bd4e72cc59?monitor=true\u0026api-version=2019-06-01",
        "Pragma": "no-cache",
        "Retry-After": "17",
        "Server": "Microsoft-Azure-Storage-Resource-Provider/1.0,Microsoft-HTTPAPI/2.0 Microsoft-HTTPAPI/2.0",
        "Strict-Transport-Security": "max-age=31536000; includeSubDomains",
        "X-Content-Type-Options": "nosniff",
        "x-ms-client-request-id": "5f528269e43f2cf6626d43175c7655a4",
        "x-ms-correlation-request-id": "597b5063-c671-440f-be1f-94464e67726c",
        "x-ms-ratelimit-remaining-subscription-reads": "11103",
        "x-ms-request-id": "9637e1b5-fe08-4a6c-9242-34c12199a52e",
        "x-ms-routing-request-id": "SOUTHEASTASIA:20200914T031942Z:597b5063-c671-440f-be1f-94464e67726c"
      },
      "ResponseBody": []
    },
    {
      "RequestUri": "https://management.azure.com/subscriptions/c9cbd920-c00c-427c-852b-8aaf38badaeb/providers/Microsoft.Storage/locations/eastus2/asyncoperations/e9e76790-f78d-44a5-8de9-49bd4e72cc59?monitor=true\u0026api-version=2019-06-01",
      "RequestMethod": "GET",
      "RequestHeaders": {
        "Authorization": "Sanitized",
        "User-Agent": [
          "azsdk-net-ResourceManager.Storage/1.0.0-alpha.20200914.1",
          "(.NET Core 4.6.29130.01; Microsoft Windows 10.0.19041 )"
        ],
        "x-ms-client-request-id": "e91c09cbd222f857df8f3bd7fde7cdf6",
        "x-ms-return-client-request-id": "true"
      },
      "RequestBody": null,
      "StatusCode": 202,
      "ResponseHeaders": {
        "Cache-Control": "no-cache",
        "Content-Length": "0",
        "Content-Type": "text/plain; charset=utf-8",
        "Date": "Mon, 14 Sep 2020 03:19:43 GMT",
        "Expires": "-1",
        "Location": "https://management.azure.com/subscriptions/c9cbd920-c00c-427c-852b-8aaf38badaeb/providers/Microsoft.Storage/locations/eastus2/asyncoperations/e9e76790-f78d-44a5-8de9-49bd4e72cc59?monitor=true\u0026api-version=2019-06-01",
        "Pragma": "no-cache",
        "Retry-After": "17",
        "Server": "Microsoft-Azure-Storage-Resource-Provider/1.0,Microsoft-HTTPAPI/2.0 Microsoft-HTTPAPI/2.0",
        "Strict-Transport-Security": "max-age=31536000; includeSubDomains",
        "X-Content-Type-Options": "nosniff",
        "x-ms-client-request-id": "e91c09cbd222f857df8f3bd7fde7cdf6",
        "x-ms-correlation-request-id": "b1789f6e-38c3-4ed1-82e7-aba586977da4",
        "x-ms-ratelimit-remaining-subscription-reads": "11102",
        "x-ms-request-id": "32c0cffa-96cf-4101-8a32-c754564fa968",
        "x-ms-routing-request-id": "SOUTHEASTASIA:20200914T031944Z:b1789f6e-38c3-4ed1-82e7-aba586977da4"
      },
      "ResponseBody": []
    },
    {
      "RequestUri": "https://management.azure.com/subscriptions/c9cbd920-c00c-427c-852b-8aaf38badaeb/providers/Microsoft.Storage/locations/eastus2/asyncoperations/e9e76790-f78d-44a5-8de9-49bd4e72cc59?monitor=true\u0026api-version=2019-06-01",
      "RequestMethod": "GET",
      "RequestHeaders": {
        "Authorization": "Sanitized",
        "User-Agent": [
          "azsdk-net-ResourceManager.Storage/1.0.0-alpha.20200914.1",
          "(.NET Core 4.6.29130.01; Microsoft Windows 10.0.19041 )"
        ],
        "x-ms-client-request-id": "c87f892bf2124fb29bce7a93dbbfccd9",
        "x-ms-return-client-request-id": "true"
      },
      "RequestBody": null,
      "StatusCode": 202,
      "ResponseHeaders": {
        "Cache-Control": "no-cache",
        "Content-Length": "0",
        "Content-Type": "text/plain; charset=utf-8",
        "Date": "Mon, 14 Sep 2020 03:19:44 GMT",
        "Expires": "-1",
        "Location": "https://management.azure.com/subscriptions/c9cbd920-c00c-427c-852b-8aaf38badaeb/providers/Microsoft.Storage/locations/eastus2/asyncoperations/e9e76790-f78d-44a5-8de9-49bd4e72cc59?monitor=true\u0026api-version=2019-06-01",
        "Pragma": "no-cache",
        "Retry-After": "17",
        "Server": "Microsoft-Azure-Storage-Resource-Provider/1.0,Microsoft-HTTPAPI/2.0 Microsoft-HTTPAPI/2.0",
        "Strict-Transport-Security": "max-age=31536000; includeSubDomains",
        "X-Content-Type-Options": "nosniff",
        "x-ms-client-request-id": "c87f892bf2124fb29bce7a93dbbfccd9",
        "x-ms-correlation-request-id": "1c73522f-7c47-41f8-9884-fd49e1809124",
        "x-ms-ratelimit-remaining-subscription-reads": "11101",
        "x-ms-request-id": "fd3415ec-06b9-4ffb-8004-ab120b0df1a7",
        "x-ms-routing-request-id": "SOUTHEASTASIA:20200914T031945Z:1c73522f-7c47-41f8-9884-fd49e1809124"
      },
      "ResponseBody": []
    },
    {
      "RequestUri": "https://management.azure.com/subscriptions/c9cbd920-c00c-427c-852b-8aaf38badaeb/providers/Microsoft.Storage/locations/eastus2/asyncoperations/e9e76790-f78d-44a5-8de9-49bd4e72cc59?monitor=true\u0026api-version=2019-06-01",
      "RequestMethod": "GET",
      "RequestHeaders": {
        "Authorization": "Sanitized",
        "User-Agent": [
          "azsdk-net-ResourceManager.Storage/1.0.0-alpha.20200914.1",
          "(.NET Core 4.6.29130.01; Microsoft Windows 10.0.19041 )"
        ],
        "x-ms-client-request-id": "ed839e3d9b84961d2a5a7fb0a81f2f7b",
        "x-ms-return-client-request-id": "true"
      },
      "RequestBody": null,
      "StatusCode": 202,
      "ResponseHeaders": {
        "Cache-Control": "no-cache",
        "Content-Length": "0",
        "Content-Type": "text/plain; charset=utf-8",
        "Date": "Mon, 14 Sep 2020 03:19:46 GMT",
        "Expires": "-1",
        "Location": "https://management.azure.com/subscriptions/c9cbd920-c00c-427c-852b-8aaf38badaeb/providers/Microsoft.Storage/locations/eastus2/asyncoperations/e9e76790-f78d-44a5-8de9-49bd4e72cc59?monitor=true\u0026api-version=2019-06-01",
        "Pragma": "no-cache",
        "Retry-After": "17",
        "Server": "Microsoft-Azure-Storage-Resource-Provider/1.0,Microsoft-HTTPAPI/2.0 Microsoft-HTTPAPI/2.0",
        "Strict-Transport-Security": "max-age=31536000; includeSubDomains",
        "X-Content-Type-Options": "nosniff",
        "x-ms-client-request-id": "ed839e3d9b84961d2a5a7fb0a81f2f7b",
        "x-ms-correlation-request-id": "2bf9d157-a84a-4dfd-a2d8-e857f4a7bb2d",
        "x-ms-ratelimit-remaining-subscription-reads": "11100",
        "x-ms-request-id": "14071892-89e1-478a-ad97-43f0479de930",
        "x-ms-routing-request-id": "SOUTHEASTASIA:20200914T031946Z:2bf9d157-a84a-4dfd-a2d8-e857f4a7bb2d"
      },
      "ResponseBody": []
    },
    {
      "RequestUri": "https://management.azure.com/subscriptions/c9cbd920-c00c-427c-852b-8aaf38badaeb/providers/Microsoft.Storage/locations/eastus2/asyncoperations/e9e76790-f78d-44a5-8de9-49bd4e72cc59?monitor=true\u0026api-version=2019-06-01",
      "RequestMethod": "GET",
      "RequestHeaders": {
        "Authorization": "Sanitized",
        "User-Agent": [
          "azsdk-net-ResourceManager.Storage/1.0.0-alpha.20200914.1",
          "(.NET Core 4.6.29130.01; Microsoft Windows 10.0.19041 )"
        ],
        "x-ms-client-request-id": "d2ec4da08df6d99256cd4d5358c41c1f",
        "x-ms-return-client-request-id": "true"
      },
      "RequestBody": null,
      "StatusCode": 202,
      "ResponseHeaders": {
        "Cache-Control": "no-cache",
        "Content-Length": "0",
        "Content-Type": "text/plain; charset=utf-8",
        "Date": "Mon, 14 Sep 2020 03:19:47 GMT",
        "Expires": "-1",
        "Location": "https://management.azure.com/subscriptions/c9cbd920-c00c-427c-852b-8aaf38badaeb/providers/Microsoft.Storage/locations/eastus2/asyncoperations/e9e76790-f78d-44a5-8de9-49bd4e72cc59?monitor=true\u0026api-version=2019-06-01",
        "Pragma": "no-cache",
        "Retry-After": "17",
        "Server": "Microsoft-Azure-Storage-Resource-Provider/1.0,Microsoft-HTTPAPI/2.0 Microsoft-HTTPAPI/2.0",
        "Strict-Transport-Security": "max-age=31536000; includeSubDomains",
        "X-Content-Type-Options": "nosniff",
        "x-ms-client-request-id": "d2ec4da08df6d99256cd4d5358c41c1f",
        "x-ms-correlation-request-id": "82a0c4d1-25be-4e1d-81d5-1439586a4eee",
        "x-ms-ratelimit-remaining-subscription-reads": "11099",
        "x-ms-request-id": "1131a676-c5a6-471b-ae9f-3895b100672d",
        "x-ms-routing-request-id": "SOUTHEASTASIA:20200914T031948Z:82a0c4d1-25be-4e1d-81d5-1439586a4eee"
      },
      "ResponseBody": []
    },
    {
      "RequestUri": "https://management.azure.com/subscriptions/c9cbd920-c00c-427c-852b-8aaf38badaeb/providers/Microsoft.Storage/locations/eastus2/asyncoperations/e9e76790-f78d-44a5-8de9-49bd4e72cc59?monitor=true\u0026api-version=2019-06-01",
      "RequestMethod": "GET",
      "RequestHeaders": {
        "Authorization": "Sanitized",
        "User-Agent": [
          "azsdk-net-ResourceManager.Storage/1.0.0-alpha.20200914.1",
          "(.NET Core 4.6.29130.01; Microsoft Windows 10.0.19041 )"
        ],
        "x-ms-client-request-id": "5e9962c2df638f716be89db77202a67c",
        "x-ms-return-client-request-id": "true"
      },
      "RequestBody": null,
      "StatusCode": 202,
      "ResponseHeaders": {
        "Cache-Control": "no-cache",
        "Content-Length": "0",
        "Content-Type": "text/plain; charset=utf-8",
        "Date": "Mon, 14 Sep 2020 03:19:48 GMT",
        "Expires": "-1",
        "Location": "https://management.azure.com/subscriptions/c9cbd920-c00c-427c-852b-8aaf38badaeb/providers/Microsoft.Storage/locations/eastus2/asyncoperations/e9e76790-f78d-44a5-8de9-49bd4e72cc59?monitor=true\u0026api-version=2019-06-01",
        "Pragma": "no-cache",
        "Retry-After": "17",
        "Server": "Microsoft-Azure-Storage-Resource-Provider/1.0,Microsoft-HTTPAPI/2.0 Microsoft-HTTPAPI/2.0",
        "Strict-Transport-Security": "max-age=31536000; includeSubDomains",
        "X-Content-Type-Options": "nosniff",
        "x-ms-client-request-id": "5e9962c2df638f716be89db77202a67c",
        "x-ms-correlation-request-id": "3d2d8c59-dfb4-445b-b1bb-29cba9e5f199",
        "x-ms-ratelimit-remaining-subscription-reads": "11098",
        "x-ms-request-id": "568ae898-98d4-4d4d-99c3-d7241a32e88c",
        "x-ms-routing-request-id": "SOUTHEASTASIA:20200914T031949Z:3d2d8c59-dfb4-445b-b1bb-29cba9e5f199"
      },
      "ResponseBody": []
    },
    {
      "RequestUri": "https://management.azure.com/subscriptions/c9cbd920-c00c-427c-852b-8aaf38badaeb/providers/Microsoft.Storage/locations/eastus2/asyncoperations/e9e76790-f78d-44a5-8de9-49bd4e72cc59?monitor=true\u0026api-version=2019-06-01",
      "RequestMethod": "GET",
      "RequestHeaders": {
        "Authorization": "Sanitized",
        "User-Agent": [
          "azsdk-net-ResourceManager.Storage/1.0.0-alpha.20200914.1",
          "(.NET Core 4.6.29130.01; Microsoft Windows 10.0.19041 )"
        ],
        "x-ms-client-request-id": "8df3ff9ff9d3afe30caa97b74dc93e65",
        "x-ms-return-client-request-id": "true"
      },
      "RequestBody": null,
      "StatusCode": 200,
      "ResponseHeaders": {
        "Cache-Control": "no-cache",
        "Content-Length": "1167",
        "Content-Type": "application/json",
        "Date": "Mon, 14 Sep 2020 03:19:50 GMT",
        "Expires": "-1",
        "Pragma": "no-cache",
        "Server": "Microsoft-Azure-Storage-Resource-Provider/1.0,Microsoft-HTTPAPI/2.0 Microsoft-HTTPAPI/2.0",
        "Strict-Transport-Security": "max-age=31536000; includeSubDomains",
        "X-Content-Type-Options": "nosniff",
        "x-ms-client-request-id": "8df3ff9ff9d3afe30caa97b74dc93e65",
        "x-ms-correlation-request-id": "d5ff508b-ef8c-4720-81ef-ac9ffcad1a43",
        "x-ms-ratelimit-remaining-subscription-reads": "11097",
        "x-ms-request-id": "3c394a20-efd4-4cb4-8c62-3930d14448f5",
        "x-ms-routing-request-id": "SOUTHEASTASIA:20200914T031950Z:d5ff508b-ef8c-4720-81ef-ac9ffcad1a43"
      },
      "ResponseBody": {
        "sku": {
          "name": "Standard_GRS",
          "tier": "Standard"
        },
        "kind": "Storage",
        "id": "/subscriptions/c9cbd920-c00c-427c-852b-8aaf38badaeb/resourceGroups/res1396/providers/Microsoft.Storage/storageAccounts/sto8658",
        "name": "sto8658",
        "type": "Microsoft.Storage/storageAccounts",
        "location": "eastus2",
        "tags": {
          "key1": "value1",
          "key2": "value2"
        },
        "properties": {
          "privateEndpointConnections": [],
          "networkAcls": {
            "bypass": "AzureServices",
            "virtualNetworkRules": [],
            "ipRules": [],
            "defaultAction": "Allow"
          },
          "supportsHttpsTrafficOnly": true,
          "encryption": {
            "services": {
              "file": {
                "keyType": "Account",
                "enabled": true,
                "lastEnabledTime": "2020-09-14T03:19:34.1831645Z"
              },
              "blob": {
                "keyType": "Account",
                "enabled": true,
                "lastEnabledTime": "2020-09-14T03:19:34.1831645Z"
              }
            },
            "keySource": "Microsoft.Storage"
          },
          "provisioningState": "Succeeded",
          "creationTime": "2020-09-14T03:19:34.0893883Z",
          "primaryEndpoints": {
            "blob": "https://sto8658.blob.core.windows.net/",
            "queue": "https://sto8658.queue.core.windows.net/",
            "table": "https://sto8658.table.core.windows.net/",
            "file": "https://sto8658.file.core.windows.net/"
          },
          "primaryLocation": "eastus2",
          "statusOfPrimary": "available",
          "secondaryLocation": "centralus",
          "statusOfSecondary": "available"
        }
      }
    },
    {
      "RequestUri": "https://management.azure.com/subscriptions/c9cbd920-c00c-427c-852b-8aaf38badaeb/resourceGroups/res1396/providers/Microsoft.Storage/storageAccounts/sto8658/ListAccountSas?api-version=2019-06-01",
      "RequestMethod": "POST",
      "RequestHeaders": {
        "Accept": "application/json",
        "Authorization": "Sanitized",
        "Content-Length": "223",
        "Content-Type": "application/json",
        "traceparent": "00-814975d643e35b4c9ae22a4cec5453e9-c0792131878d0241-00",
        "User-Agent": [
          "azsdk-net-ResourceManager.Storage/1.0.0-alpha.20200914.1",
          "(.NET Core 4.6.29130.01; Microsoft Windows 10.0.19041 )"
        ],
        "x-ms-client-request-id": "46ed603dd085c017dc5c670defda6753",
        "x-ms-return-client-request-id": "true"
      },
      "RequestBody": {
        "signedServices": "bftq",
        "signedResourceTypes": "sco",
        "signedPermission": "rdwlacup",
        "signedProtocol": "https,http",
        "signedStart": "2020-09-14T03:19:49.9129550Z",
        "signedExpiry": "2020-09-14T04:19:49.9129550Z",
        "keyToSign": "key1"
      },
      "StatusCode": 200,
      "ResponseHeaders": {
        "Cache-Control": "no-cache",
        "Content-Length": "203",
        "Content-Type": "application/json",
        "Date": "Mon, 14 Sep 2020 03:19:50 GMT",
        "Expires": "-1",
        "Pragma": "no-cache",
        "Server": "Microsoft-Azure-Storage-Resource-Provider/1.0,Microsoft-HTTPAPI/2.0 Microsoft-HTTPAPI/2.0",
        "Strict-Transport-Security": "max-age=31536000; includeSubDomains",
        "X-Content-Type-Options": "nosniff",
        "x-ms-client-request-id": "46ed603dd085c017dc5c670defda6753",
        "x-ms-correlation-request-id": "6584500a-0cd3-4b72-a446-ca5372ed7a14",
        "x-ms-ratelimit-remaining-subscription-writes": "1181",
        "x-ms-request-id": "b62c3e33-b75b-42f0-a1a4-85cd3cb09cbc",
        "x-ms-routing-request-id": "SOUTHEASTASIA:20200914T031951Z:6584500a-0cd3-4b72-a446-ca5372ed7a14"
      },
      "ResponseBody": {
        "accountSasToken": "sv=2015-04-05\u0026ss=bftq\u0026srt=sco\u0026sp=rdwlacup\u0026st=2020-09-14T03%3A19%3A49.9129550Z\u0026se=2020-09-14T04%3A19%3A49.9129550Z\u0026spr=https,http\u0026sig=E1MLdlo86JGjY6nsYpXIZ%2B6zaHs4XP3uBApkvLdZ2sg%3D"
      }
    }
  ],
  "Variables": {
    "DateTimeOffsetNow": "2020-09-14T11:19:49.9129550\u002B08:00",
    "RandomSeed": "514676531",
    "SUBSCRIPTION_ID": "c9cbd920-c00c-427c-852b-8aaf38badaeb"
  }
}