{
  "Entries": [
    {
      "RequestUri": "https://management.azure.com/subscriptions/db1ab6f0-4769-4b27-930e-01e2ef9c123c?api-version=2021-01-01",
      "RequestMethod": "GET",
      "RequestHeaders": {
        "Accept": "application/json",
        "Authorization": "Sanitized",
        "traceparent": "00-cf4aa124cfa5b1dfc413dfbad4926110-39a3dfcdcb30ef17-00",
        "User-Agent": "azsdk-net-ResourceManager/1.0.0 (.NET 6.0.5; Microsoft Windows 10.0.22621)",
        "x-ms-client-request-id": "3bb30d40e29762e6467d6b82b509a88b",
        "x-ms-return-client-request-id": "true"
      },
      "RequestBody": null,
      "StatusCode": 200,
      "ResponseHeaders": {
        "Cache-Control": "no-cache",
        "Content-Length": "747",
        "Content-Type": "application/json; charset=utf-8",
        "Date": "Fri, 10 Jun 2022 07:03:55 GMT",
        "Expires": "-1",
        "Pragma": "no-cache",
        "Strict-Transport-Security": "max-age=31536000; includeSubDomains",
        "X-Content-Type-Options": "nosniff",
        "x-ms-correlation-request-id": "b8ae4289-9f2d-4693-8e6e-bdd5ef7696f5",
        "x-ms-ratelimit-remaining-subscription-reads": "11505",
        "x-ms-request-id": "b8ae4289-9f2d-4693-8e6e-bdd5ef7696f5",
        "x-ms-routing-request-id": "SOUTHEASTASIA:20220610T070355Z:b8ae4289-9f2d-4693-8e6e-bdd5ef7696f5"
      },
      "ResponseBody": {
        "id": "/subscriptions/db1ab6f0-4769-4b27-930e-01e2ef9c123c",
        "authorizationSource": "RoleBased",
        "managedByTenants": [],
        "tags": {
          "TagKey-9823": "TagValue-566",
          "TagKey-3481": "TagValue-320",
          "TagKey-4926": "TagValue-1187",
          "TagKey-751": "TagValue-3921",
          "TagKey-1866": "TagValue-8559",
          "TagKey-3094": "TagValue-9190",
          "TagKey-2449": "TagValue-9",
          "TagKey-8379": "TagValue-164",
          "TagKey-7470": "TagValue-2205",
          "TagKey-4236": "TagValue-3698",
          "TagKey-5316": "TagValue-2725"
        },
        "subscriptionId": "db1ab6f0-4769-4b27-930e-01e2ef9c123c",
        "tenantId": "72f988bf-86f1-41af-91ab-2d7cd011db47",
        "displayName": ".NET Mgmt SDK Test with TTL = 1 Day",
        "state": "Enabled",
        "subscriptionPolicies": {
          "locationPlacementId": "Internal_2014-09-01",
          "quotaId": "Internal_2014-09-01",
          "spendingLimit": "Off"
        }
      }
    },
    {
      "RequestUri": "https://management.azure.com/subscriptions/db1ab6f0-4769-4b27-930e-01e2ef9c123c/providers/Microsoft.Storage/checkNameAvailability?api-version=2021-09-01",
      "RequestMethod": "POST",
      "RequestHeaders": {
        "Accept": "application/json",
        "Authorization": "Sanitized",
        "Content-Length": "73",
        "Content-Type": "application/json",
        "traceparent": "00-394d395ea0ca8f37cd3ae7635b8ae7e9-806d0cf1f8b39b48-00",
        "User-Agent": "azsdk-net-ResourceManager.Storage/1.0.0-alpha.20220610.1 (.NET 6.0.5; Microsoft Windows 10.0.22621)",
        "x-ms-client-request-id": "1fe21ca7da4254ec3d4a26162e5f20da",
        "x-ms-return-client-request-id": "true"
      },
      "RequestBody": {
        "name": "teststoragemgmt8370",
        "type": "Microsoft.Storage/storageAccounts"
      },
      "StatusCode": 200,
      "ResponseHeaders": {
        "Cache-Control": "no-cache",
        "Content-Length": "22",
        "Content-Type": "application/json",
        "Date": "Fri, 10 Jun 2022 07:03:56 GMT",
        "Expires": "-1",
        "Pragma": "no-cache",
        "Server": "Microsoft-Azure-Storage-Resource-Provider/1.0,Microsoft-HTTPAPI/2.0 Microsoft-HTTPAPI/2.0",
        "Strict-Transport-Security": "max-age=31536000; includeSubDomains",
        "X-Content-Type-Options": "nosniff",
        "x-ms-client-request-id": "1fe21ca7da4254ec3d4a26162e5f20da",
        "x-ms-correlation-request-id": "a5ff24a1-5b73-44f3-bd16-146678f3874e",
        "x-ms-ratelimit-remaining-subscription-reads": "11504",
        "x-ms-request-id": "90b4d50e-3979-4369-af0b-0a364fe3b215",
        "x-ms-routing-request-id": "SOUTHEASTASIA:20220610T070356Z:a5ff24a1-5b73-44f3-bd16-146678f3874e"
      },
      "ResponseBody": {
        "nameAvailable": true
      }
    },
    {
      "RequestUri": "https://management.azure.com/subscriptions/db1ab6f0-4769-4b27-930e-01e2ef9c123c/resourcegroups/teststorageRG-3004?api-version=2021-04-01",
      "RequestMethod": "PUT",
      "RequestHeaders": {
        "Accept": "application/json",
        "Authorization": "Sanitized",
        "Content-Length": "44",
        "Content-Type": "application/json",
        "traceparent": "00-4b8fb7260431d2ad8f73409a9f463855-ad2e638f8b34d5ae-00",
        "User-Agent": "azsdk-net-ResourceManager/1.0.0 (.NET 6.0.5; Microsoft Windows 10.0.22621)",
        "x-ms-client-request-id": "86036a71306be528fe6b5140233071aa",
        "x-ms-return-client-request-id": "true"
      },
      "RequestBody": {
        "tags": {
          "test": "env"
        },
        "location": "eastus2"
      },
      "StatusCode": 201,
      "ResponseHeaders": {
        "Cache-Control": "no-cache",
        "Content-Length": "256",
        "Content-Type": "application/json; charset=utf-8",
        "Date": "Fri, 10 Jun 2022 07:03:57 GMT",
        "Expires": "-1",
        "Pragma": "no-cache",
        "Strict-Transport-Security": "max-age=31536000; includeSubDomains",
        "X-Content-Type-Options": "nosniff",
        "x-ms-correlation-request-id": "7514973c-ae88-4289-81b6-c76fc4202194",
        "x-ms-ratelimit-remaining-subscription-writes": "1013",
        "x-ms-request-id": "7514973c-ae88-4289-81b6-c76fc4202194",
        "x-ms-routing-request-id": "SOUTHEASTASIA:20220610T070358Z:7514973c-ae88-4289-81b6-c76fc4202194"
      },
      "ResponseBody": {
        "id": "/subscriptions/db1ab6f0-4769-4b27-930e-01e2ef9c123c/resourceGroups/teststorageRG-3004",
        "name": "teststorageRG-3004",
        "type": "Microsoft.Resources/resourceGroups",
        "location": "eastus2",
        "tags": {
          "test": "env"
        },
        "properties": {
          "provisioningState": "Succeeded"
        }
      }
    },
    {
      "RequestUri": "https://management.azure.com/subscriptions/db1ab6f0-4769-4b27-930e-01e2ef9c123c/resourceGroups/teststorageRG-3004/providers/Microsoft.Storage/storageAccounts/teststoragemgmt8370?api-version=2021-09-01",
      "RequestMethod": "PUT",
      "RequestHeaders": {
        "Accept": "application/json",
        "Authorization": "Sanitized",
        "Content-Length": "126",
        "Content-Type": "application/json",
        "traceparent": "00-0db403aeda3a820015e8a8abd6056ac1-eba3484dd50e3700-00",
        "User-Agent": "azsdk-net-ResourceManager.Storage/1.0.0-alpha.20220610.1 (.NET 6.0.5; Microsoft Windows 10.0.22621)",
        "x-ms-client-request-id": "4386aab9fe3dc733e65a97bf4b171d4a",
        "x-ms-return-client-request-id": "true"
      },
      "RequestBody": {
        "sku": {
          "name": "Standard_GRS"
        },
        "kind": "Storage",
        "location": "eastus2",
        "tags": {
          "key1": "value1",
          "key2": "value2"
        },
        "properties": {}
      },
      "StatusCode": 202,
      "ResponseHeaders": {
        "Cache-Control": "no-cache",
        "Content-Length": "0",
        "Content-Type": "text/plain; charset=utf-8",
        "Date": "Fri, 10 Jun 2022 07:04:02 GMT",
        "Expires": "-1",
        "Location": "https://management.azure.com/subscriptions/db1ab6f0-4769-4b27-930e-01e2ef9c123c/providers/Microsoft.Storage/locations/eastus2/asyncoperations/e15a63bb-4225-4bba-a8f1-fd10c2bc983a?monitor=true\u0026api-version=2021-09-01",
        "Pragma": "no-cache",
        "Retry-After": "17",
        "Server": "Microsoft-Azure-Storage-Resource-Provider/1.0,Microsoft-HTTPAPI/2.0 Microsoft-HTTPAPI/2.0",
        "Strict-Transport-Security": "max-age=31536000; includeSubDomains",
        "X-Content-Type-Options": "nosniff",
        "x-ms-client-request-id": "4386aab9fe3dc733e65a97bf4b171d4a",
        "x-ms-correlation-request-id": "ee7ebcb7-1806-4525-a519-1c8a17e66840",
        "x-ms-ratelimit-remaining-subscription-writes": "1012",
        "x-ms-request-id": "e15a63bb-4225-4bba-a8f1-fd10c2bc983a",
        "x-ms-routing-request-id": "SOUTHEASTASIA:20220610T070403Z:ee7ebcb7-1806-4525-a519-1c8a17e66840"
      },
      "ResponseBody": null
    },
    {
      "RequestUri": "https://management.azure.com/subscriptions/db1ab6f0-4769-4b27-930e-01e2ef9c123c/providers/Microsoft.Storage/locations/eastus2/asyncoperations/e15a63bb-4225-4bba-a8f1-fd10c2bc983a?monitor=true\u0026api-version=2021-09-01",
      "RequestMethod": "GET",
      "RequestHeaders": {
        "Authorization": "Sanitized",
        "traceparent": "00-0db403aeda3a820015e8a8abd6056ac1-69fb1fe05d439458-00",
        "User-Agent": "azsdk-net-ResourceManager/1.0.0 (.NET 6.0.5; Microsoft Windows 10.0.22621)",
        "x-ms-client-request-id": "b5756cb59699725d373c9f11986899e6",
        "x-ms-return-client-request-id": "true"
      },
      "RequestBody": null,
      "StatusCode": 202,
      "ResponseHeaders": {
        "Cache-Control": "no-cache",
        "Content-Length": "0",
        "Content-Type": "text/plain; charset=utf-8",
        "Date": "Fri, 10 Jun 2022 07:04:02 GMT",
        "Expires": "-1",
        "Location": "https://management.azure.com/subscriptions/db1ab6f0-4769-4b27-930e-01e2ef9c123c/providers/Microsoft.Storage/locations/eastus2/asyncoperations/e15a63bb-4225-4bba-a8f1-fd10c2bc983a?monitor=true\u0026api-version=2021-09-01",
        "Pragma": "no-cache",
        "Retry-After": "17",
        "Server": "Microsoft-Azure-Storage-Resource-Provider/1.0,Microsoft-HTTPAPI/2.0 Microsoft-HTTPAPI/2.0",
        "Strict-Transport-Security": "max-age=31536000; includeSubDomains",
        "X-Content-Type-Options": "nosniff",
        "x-ms-client-request-id": "b5756cb59699725d373c9f11986899e6",
        "x-ms-correlation-request-id": "594e397f-7405-45c0-b0a5-3cc488fa34dc",
        "x-ms-ratelimit-remaining-subscription-reads": "11503",
        "x-ms-request-id": "15df07b1-72f1-4e51-9da1-72e88250da23",
        "x-ms-routing-request-id": "SOUTHEASTASIA:20220610T070403Z:594e397f-7405-45c0-b0a5-3cc488fa34dc"
      },
      "ResponseBody": null
    },
    {
      "RequestUri": "https://management.azure.com/subscriptions/db1ab6f0-4769-4b27-930e-01e2ef9c123c/providers/Microsoft.Storage/locations/eastus2/asyncoperations/e15a63bb-4225-4bba-a8f1-fd10c2bc983a?monitor=true\u0026api-version=2021-09-01",
      "RequestMethod": "GET",
      "RequestHeaders": {
        "Authorization": "Sanitized",
        "traceparent": "00-0db403aeda3a820015e8a8abd6056ac1-50cf112a8d6af5f6-00",
        "User-Agent": "azsdk-net-ResourceManager/1.0.0 (.NET 6.0.5; Microsoft Windows 10.0.22621)",
        "x-ms-client-request-id": "0998064e339880226d9b8903bbc42cd2",
        "x-ms-return-client-request-id": "true"
      },
      "RequestBody": null,
      "StatusCode": 200,
      "ResponseHeaders": {
        "Cache-Control": "no-cache",
        "Content-Length": "1404",
        "Content-Type": "application/json",
        "Date": "Fri, 10 Jun 2022 07:04:20 GMT",
        "Expires": "-1",
        "Pragma": "no-cache",
        "Server": "Microsoft-Azure-Storage-Resource-Provider/1.0,Microsoft-HTTPAPI/2.0 Microsoft-HTTPAPI/2.0",
        "Strict-Transport-Security": "max-age=31536000; includeSubDomains",
        "X-Content-Type-Options": "nosniff",
        "x-ms-client-request-id": "0998064e339880226d9b8903bbc42cd2",
        "x-ms-correlation-request-id": "63820ac5-463b-4ac7-ad79-6867a2ff93c9",
        "x-ms-ratelimit-remaining-subscription-reads": "11502",
        "x-ms-request-id": "29290711-7cf0-4bf4-b078-4448bd4573cc",
        "x-ms-routing-request-id": "SOUTHEASTASIA:20220610T070420Z:63820ac5-463b-4ac7-ad79-6867a2ff93c9"
      },
      "ResponseBody": {
        "sku": {
          "name": "Standard_GRS",
          "tier": "Standard"
        },
        "kind": "Storage",
        "id": "/subscriptions/db1ab6f0-4769-4b27-930e-01e2ef9c123c/resourceGroups/teststorageRG-3004/providers/Microsoft.Storage/storageAccounts/teststoragemgmt8370",
        "name": "teststoragemgmt8370",
        "type": "Microsoft.Storage/storageAccounts",
        "location": "eastus2",
        "tags": {
          "key1": "value1",
          "key2": "value2"
        },
        "properties": {
          "keyCreationTime": {
            "key1": "2022-06-10T07:04:01.3077146Z",
            "key2": "2022-06-10T07:04:01.3077146Z"
          },
          "privateEndpointConnections": [],
          "minimumTlsVersion": "TLS1_0",
          "allowBlobPublicAccess": true,
          "networkAcls": {
            "bypass": "AzureServices",
            "virtualNetworkRules": [],
            "ipRules": [],
            "defaultAction": "Allow"
          },
          "supportsHttpsTrafficOnly": true,
          "encryption": {
            "services": {
              "file": {
                "keyType": "Account",
                "enabled": true,
                "lastEnabledTime": "2022-06-10T07:04:01.3077146Z"
              },
              "blob": {
                "keyType": "Account",
                "enabled": true,
                "lastEnabledTime": "2022-06-10T07:04:01.3077146Z"
              }
            },
            "keySource": "Microsoft.Storage"
          },
          "provisioningState": "Succeeded",
          "creationTime": "2022-06-10T07:04:01.1670850Z",
          "primaryEndpoints": {
            "blob": "https://teststoragemgmt8370.blob.core.windows.net/",
            "queue": "https://teststoragemgmt8370.queue.core.windows.net/",
            "table": "https://teststoragemgmt8370.table.core.windows.net/",
            "file": "https://teststoragemgmt8370.file.core.windows.net/"
          },
          "primaryLocation": "eastus2",
          "statusOfPrimary": "available",
          "secondaryLocation": "centralus",
          "statusOfSecondary": "available"
        }
      }
    },
    {
      "RequestUri": "https://management.azure.com/subscriptions/db1ab6f0-4769-4b27-930e-01e2ef9c123c/resourceGroups/teststorageRG-3004/providers/Microsoft.Storage/storageAccounts/teststoragemgmt8370/listKeys?api-version=2021-09-01\u0026$expand=kerb",
      "RequestMethod": "POST",
      "RequestHeaders": {
        "Accept": "application/json",
        "Authorization": "Sanitized",
        "Content-Length": "0",
        "traceparent": "00-bf7f6205fe9b39eef73ad84ac7e15338-59fb3c115bf9079a-00",
        "User-Agent": "azsdk-net-ResourceManager.Storage/1.0.0-alpha.20220610.1 (.NET 6.0.5; Microsoft Windows 10.0.22621)",
        "x-ms-client-request-id": "df097d4067a211b1bc25064b982b5251",
        "x-ms-return-client-request-id": "true"
      },
      "RequestBody": null,
      "StatusCode": 200,
      "ResponseHeaders": {
        "Cache-Control": "no-cache",
        "Content-Length": "222",
        "Content-Type": "application/json",
        "Date": "Fri, 10 Jun 2022 07:04:21 GMT",
        "Expires": "-1",
        "Pragma": "no-cache",
        "Server": "Microsoft-Azure-Storage-Resource-Provider/1.0,Microsoft-HTTPAPI/2.0 Microsoft-HTTPAPI/2.0",
        "Strict-Transport-Security": "max-age=31536000; includeSubDomains",
        "X-Content-Type-Options": "nosniff",
        "x-ms-client-request-id": "df097d4067a211b1bc25064b982b5251",
        "x-ms-correlation-request-id": "a705c159-8737-4fb3-8dc4-7f22e1f4184d",
        "x-ms-ratelimit-remaining-subscription-resource-requests": "11999",
        "x-ms-request-id": "1af62a45-2a18-4430-a344-e0d25ab68567",
        "x-ms-routing-request-id": "SOUTHEASTASIA:20220610T070421Z:a705c159-8737-4fb3-8dc4-7f22e1f4184d"
      },
      "ResponseBody": {
        "keys": [
          {
            "creationTime": "2022-06-10T07:04:01.3077146Z",
            "keyName": "key1",
            "value": "Sanitized",
            "permissions": "FULL"
          },
          {
            "creationTime": "2022-06-10T07:04:01.3077146Z",
            "keyName": "key2",
            "value": "Sanitized",
            "permissions": "FULL"
          }
        ]
      }
    },
    {
      "RequestUri": "https://management.azure.com/subscriptions/db1ab6f0-4769-4b27-930e-01e2ef9c123c/resourceGroups/teststorageRG-3004/providers/Microsoft.Storage/storageAccounts/teststoragemgmt8370/regenerateKey?api-version=2021-09-01",
      "RequestMethod": "POST",
      "RequestHeaders": {
        "Accept": "application/json",
        "Authorization": "Sanitized",
        "Content-Length": "18",
        "Content-Type": "application/json",
        "traceparent": "00-19bfa60297a23edd842dd0506281bdf8-e3286362a859ea4b-00",
        "User-Agent": "azsdk-net-ResourceManager.Storage/1.0.0-alpha.20220610.1 (.NET 6.0.5; Microsoft Windows 10.0.22621)",
        "x-ms-client-request-id": "95205c9f107b82814af448fe0c59b773",
        "x-ms-return-client-request-id": "true"
      },
      "RequestBody": {
        "keyName": "key2"
      },
      "StatusCode": 200,
      "ResponseHeaders": {
        "Cache-Control": "no-cache",
        "Content-Length": "222",
        "Content-Type": "application/json",
        "Date": "Fri, 10 Jun 2022 07:04:22 GMT",
        "Expires": "-1",
        "Pragma": "no-cache",
        "Server": "Microsoft-Azure-Storage-Resource-Provider/1.0,Microsoft-HTTPAPI/2.0 Microsoft-HTTPAPI/2.0",
        "Strict-Transport-Security": "max-age=31536000; includeSubDomains",
        "X-Content-Type-Options": "nosniff",
        "x-ms-client-request-id": "95205c9f107b82814af448fe0c59b773",
        "x-ms-correlation-request-id": "3810cfb7-0e85-49ca-8307-4106d892cb7b",
        "x-ms-ratelimit-remaining-subscription-writes": "1192",
        "x-ms-request-id": "b211ace2-0f2f-4dde-ad2d-fd40c6404942",
        "x-ms-routing-request-id": "SOUTHEASTASIA:20220610T070422Z:3810cfb7-0e85-49ca-8307-4106d892cb7b"
      },
      "ResponseBody": {
        "keys": [
          {
            "creationTime": "2022-06-10T07:04:01.3077146Z",
            "keyName": "key1",
            "value": "Sanitized",
            "permissions": "FULL"
          },
          {
            "creationTime": "2022-06-10T07:04:22.4022963Z",
            "keyName": "key2",
            "value": "Sanitized",
            "permissions": "FULL"
          }
        ]
      }
    },
    {
      "RequestUri": "https://management.azure.com/subscriptions/db1ab6f0-4769-4b27-930e-01e2ef9c123c/resourceGroups/teststorageRG-3004/providers/Microsoft.Storage/storageAccounts?api-version=2021-09-01",
      "RequestMethod": "GET",
      "RequestHeaders": {
        "Accept": "application/json",
        "Authorization": "Sanitized",
        "traceparent": "00-05fed9b180895fb803da3e5d2194bccc-38cf76a6112b88fd-00",
        "User-Agent": "azsdk-net-ResourceManager.Storage/1.0.0-alpha.20220610.1 (.NET 6.0.5; Microsoft Windows 10.0.22621)",
        "x-ms-client-request-id": "1bd0cd10ba5fe64354864d722cd6e742",
        "x-ms-return-client-request-id": "true"
      },
      "RequestBody": null,
      "StatusCode": 200,
      "ResponseHeaders": {
        "Cache-Control": "no-cache",
        "Content-Length": "1416",
        "Content-Type": "application/json",
        "Date": "Fri, 10 Jun 2022 07:04:22 GMT",
        "Expires": "-1",
        "Pragma": "no-cache",
        "Server": "Microsoft-Azure-Storage-Resource-Provider/1.0,Microsoft-HTTPAPI/2.0 Microsoft-HTTPAPI/2.0",
        "Strict-Transport-Security": "max-age=31536000; includeSubDomains",
        "X-Content-Type-Options": "nosniff",
        "x-ms-client-request-id": "1bd0cd10ba5fe64354864d722cd6e742",
        "x-ms-correlation-request-id": "e3fde7a8-91d9-4f88-af1a-0273a17042b6",
        "x-ms-ratelimit-remaining-subscription-reads": "11501",
        "x-ms-request-id": "b93e7301-04e2-4c37-b1ec-bd42e1d0b690",
        "x-ms-routing-request-id": "SOUTHEASTASIA:20220610T070423Z:e3fde7a8-91d9-4f88-af1a-0273a17042b6"
      },
      "ResponseBody": {
        "value": [
          {
            "sku": {
              "name": "Standard_GRS",
              "tier": "Standard"
            },
            "kind": "Storage",
            "id": "/subscriptions/db1ab6f0-4769-4b27-930e-01e2ef9c123c/resourceGroups/teststorageRG-3004/providers/Microsoft.Storage/storageAccounts/teststoragemgmt8370",
            "name": "teststoragemgmt8370",
            "type": "Microsoft.Storage/storageAccounts",
            "location": "eastus2",
            "tags": {
              "key1": "value1",
              "key2": "value2"
            },
            "properties": {
              "keyCreationTime": {
                "key1": "2022-06-10T07:04:01.3077146Z",
                "key2": "2022-06-10T07:04:22.4022963Z"
              },
              "privateEndpointConnections": [],
              "minimumTlsVersion": "TLS1_0",
              "allowBlobPublicAccess": true,
              "networkAcls": {
                "bypass": "AzureServices",
                "virtualNetworkRules": [],
                "ipRules": [],
                "defaultAction": "Allow"
              },
              "supportsHttpsTrafficOnly": true,
              "encryption": {
                "services": {
                  "file": {
                    "keyType": "Account",
                    "enabled": true,
                    "lastEnabledTime": "2022-06-10T07:04:01.3077146Z"
                  },
                  "blob": {
                    "keyType": "Account",
                    "enabled": true,
                    "lastEnabledTime": "2022-06-10T07:04:01.3077146Z"
                  }
                },
                "keySource": "Microsoft.Storage"
              },
              "provisioningState": "Succeeded",
              "creationTime": "2022-06-10T07:04:01.1670850Z",
              "primaryEndpoints": {
                "blob": "https://teststoragemgmt8370.blob.core.windows.net/",
                "queue": "https://teststoragemgmt8370.queue.core.windows.net/",
                "table": "https://teststoragemgmt8370.table.core.windows.net/",
                "file": "https://teststoragemgmt8370.file.core.windows.net/"
              },
              "primaryLocation": "eastus2",
              "statusOfPrimary": "available",
              "secondaryLocation": "centralus",
              "statusOfSecondary": "available"
            }
          }
        ]
      }
    },
    {
      "RequestUri": "https://management.azure.com/subscriptions/db1ab6f0-4769-4b27-930e-01e2ef9c123c/resourceGroups/teststorageRG-3004/providers/Microsoft.Storage/storageAccounts/teststoragemgmt8370?api-version=2021-09-01",
      "RequestMethod": "DELETE",
      "RequestHeaders": {
        "Authorization": "Sanitized",
        "traceparent": "00-bbafe000eab46dae275234cc24365169-a4859e771899781a-00",
        "User-Agent": "azsdk-net-ResourceManager.Storage/1.0.0-alpha.20220610.1 (.NET 6.0.5; Microsoft Windows 10.0.22621)",
        "x-ms-client-request-id": "5e63384897a32f56fb8694ad1fb20462",
        "x-ms-return-client-request-id": "true"
      },
      "RequestBody": null,
      "StatusCode": 200,
      "ResponseHeaders": {
        "Cache-Control": "no-cache",
        "Content-Length": "0",
        "Content-Type": "text/plain; charset=utf-8",
        "Date": "Fri, 10 Jun 2022 07:04:28 GMT",
        "Expires": "-1",
        "Pragma": "no-cache",
        "Server": "Microsoft-Azure-Storage-Resource-Provider/1.0,Microsoft-HTTPAPI/2.0 Microsoft-HTTPAPI/2.0",
        "Strict-Transport-Security": "max-age=31536000; includeSubDomains",
        "X-Content-Type-Options": "nosniff",
        "x-ms-client-request-id": "5e63384897a32f56fb8694ad1fb20462",
        "x-ms-correlation-request-id": "98489600-61b8-4667-884f-29977fd05e86",
        "x-ms-ratelimit-remaining-subscription-deletes": "14931",
        "x-ms-request-id": "2aebd4c7-1578-47e4-823a-36df6a7eeaad",
        "x-ms-routing-request-id": "SOUTHEASTASIA:20220610T070429Z:98489600-61b8-4667-884f-29977fd05e86"
      },
      "ResponseBody": null
    }
  ],
  "Variables": {
    "RandomSeed": "1470096039",
    "RESOURCE_MANAGER_URL": null,
    "SUBSCRIPTION_ID": "db1ab6f0-4769-4b27-930e-01e2ef9c123c"
  }
}
