{
  "Entries": [
    {
      "RequestUri": "https://management.azure.com/subscriptions/c9cbd920-c00c-427c-852b-8aaf38badaeb/resourcegroups/res528?api-version=2017-05-10",
      "RequestMethod": "PUT",
      "RequestHeaders": {
        "Accept": "application/json",
        "Authorization": "Sanitized",
        "Content-Length": "22",
        "Content-Type": "application/json",
        "traceparent": "00-9f56093317b67246945891f89ae941c7-6d3fb8f83a25474f-00",
        "User-Agent": [
          "azsdk-net-ResourceManager.Storage.Tests/1.0.0-alpha.20200914.1",
          "(.NET Core 4.6.29130.01; Microsoft Windows 10.0.19041 )"
        ],
        "x-ms-client-request-id": "ac27f3c50b5cf3744c3bed407ad7e85d",
        "x-ms-return-client-request-id": "true"
      },
      "RequestBody": {
        "location": "eastus2"
      },
      "StatusCode": 201,
      "ResponseHeaders": {
        "Cache-Control": "no-cache",
        "Content-Length": "166",
        "Content-Type": "application/json; charset=utf-8",
        "Date": "Mon, 14 Sep 2020 03:26:11 GMT",
        "Expires": "-1",
        "Pragma": "no-cache",
        "Strict-Transport-Security": "max-age=31536000; includeSubDomains",
        "X-Content-Type-Options": "nosniff",
        "x-ms-correlation-request-id": "cff77b8d-c5d7-452e-ac67-124862671289",
        "x-ms-ratelimit-remaining-subscription-writes": "1185",
        "x-ms-request-id": "cff77b8d-c5d7-452e-ac67-124862671289",
        "x-ms-routing-request-id": "SOUTHEASTASIA:20200914T032612Z:cff77b8d-c5d7-452e-ac67-124862671289"
      },
      "ResponseBody": {
        "id": "/subscriptions/c9cbd920-c00c-427c-852b-8aaf38badaeb/resourceGroups/res528",
        "name": "res528",
        "location": "eastus2",
        "properties": {
          "provisioningState": "Succeeded"
        }
      }
    },
    {
      "RequestUri": "https://management.azure.com/subscriptions/c9cbd920-c00c-427c-852b-8aaf38badaeb/resourceGroups/res528/providers/Microsoft.Storage/storageAccounts/sto2508?api-version=2019-06-01",
      "RequestMethod": "PUT",
      "RequestHeaders": {
        "Accept": "application/json",
        "Authorization": "Sanitized",
        "Content-Length": "126",
        "Content-Type": "application/json",
        "traceparent": "00-96802b8048545240a3de361b2ac9937f-718e09cf0f5e6d4d-00",
        "User-Agent": [
          "azsdk-net-ResourceManager.Storage/1.0.0-alpha.20200914.1",
          "(.NET Core 4.6.29130.01; Microsoft Windows 10.0.19041 )"
        ],
        "x-ms-client-request-id": "d96c88215d66b16c09d6881d70bce824",
        "x-ms-return-client-request-id": "true"
      },
      "RequestBody": {
        "sku": {
          "name": "Standard_GRS"
        },
        "kind": "Storage",
        "location": "eastus2",
        "tags": {
          "key1": "value1",
          "key2": "value2"
        },
        "properties": {}
      },
      "StatusCode": 202,
      "ResponseHeaders": {
        "Cache-Control": "no-cache",
        "Content-Length": "0",
        "Content-Type": "text/plain; charset=utf-8",
        "Date": "Mon, 14 Sep 2020 03:26:14 GMT",
        "Expires": "-1",
        "Location": "https://management.azure.com/subscriptions/c9cbd920-c00c-427c-852b-8aaf38badaeb/providers/Microsoft.Storage/locations/eastus2/asyncoperations/d3eaa4f1-a54d-46db-a717-b6b0f0260264?monitor=true\u0026api-version=2019-06-01",
        "Pragma": "no-cache",
        "Retry-After": "17",
        "Server": "Microsoft-Azure-Storage-Resource-Provider/1.0,Microsoft-HTTPAPI/2.0 Microsoft-HTTPAPI/2.0",
        "Strict-Transport-Security": "max-age=31536000; includeSubDomains",
        "X-Content-Type-Options": "nosniff",
        "x-ms-client-request-id": "d96c88215d66b16c09d6881d70bce824",
        "x-ms-correlation-request-id": "86d417a7-3015-4e16-b973-0fe24ff6e5e7",
        "x-ms-ratelimit-remaining-subscription-writes": "1184",
        "x-ms-request-id": "d3eaa4f1-a54d-46db-a717-b6b0f0260264",
        "x-ms-routing-request-id": "SOUTHEASTASIA:20200914T032615Z:86d417a7-3015-4e16-b973-0fe24ff6e5e7"
      },
      "ResponseBody": []
    },
    {
      "RequestUri": "https://management.azure.com/subscriptions/c9cbd920-c00c-427c-852b-8aaf38badaeb/providers/Microsoft.Storage/locations/eastus2/asyncoperations/d3eaa4f1-a54d-46db-a717-b6b0f0260264?monitor=true\u0026api-version=2019-06-01",
      "RequestMethod": "GET",
      "RequestHeaders": {
        "Authorization": "Sanitized",
        "User-Agent": [
          "azsdk-net-ResourceManager.Storage/1.0.0-alpha.20200914.1",
          "(.NET Core 4.6.29130.01; Microsoft Windows 10.0.19041 )"
        ],
        "x-ms-client-request-id": "d95b2d72040a955fbbfb5335ecd6dc7f",
        "x-ms-return-client-request-id": "true"
      },
      "RequestBody": null,
      "StatusCode": 202,
      "ResponseHeaders": {
        "Cache-Control": "no-cache",
        "Content-Length": "0",
        "Content-Type": "text/plain; charset=utf-8",
        "Date": "Mon, 14 Sep 2020 03:26:14 GMT",
        "Expires": "-1",
        "Location": "https://management.azure.com/subscriptions/c9cbd920-c00c-427c-852b-8aaf38badaeb/providers/Microsoft.Storage/locations/eastus2/asyncoperations/d3eaa4f1-a54d-46db-a717-b6b0f0260264?monitor=true\u0026api-version=2019-06-01",
        "Pragma": "no-cache",
        "Retry-After": "17",
        "Server": "Microsoft-Azure-Storage-Resource-Provider/1.0,Microsoft-HTTPAPI/2.0 Microsoft-HTTPAPI/2.0",
        "Strict-Transport-Security": "max-age=31536000; includeSubDomains",
        "X-Content-Type-Options": "nosniff",
        "x-ms-client-request-id": "d95b2d72040a955fbbfb5335ecd6dc7f",
        "x-ms-correlation-request-id": "1b148873-f3d7-4aaf-9b92-aa60b72d1d27",
        "x-ms-ratelimit-remaining-subscription-reads": "11903",
        "x-ms-request-id": "00ef18bd-cb1b-4fe7-87e7-60223ea22c57",
        "x-ms-routing-request-id": "SOUTHEASTASIA:20200914T032615Z:1b148873-f3d7-4aaf-9b92-aa60b72d1d27"
      },
      "ResponseBody": []
    },
    {
      "RequestUri": "https://management.azure.com/subscriptions/c9cbd920-c00c-427c-852b-8aaf38badaeb/providers/Microsoft.Storage/locations/eastus2/asyncoperations/d3eaa4f1-a54d-46db-a717-b6b0f0260264?monitor=true\u0026api-version=2019-06-01",
      "RequestMethod": "GET",
      "RequestHeaders": {
        "Authorization": "Sanitized",
        "User-Agent": [
          "azsdk-net-ResourceManager.Storage/1.0.0-alpha.20200914.1",
          "(.NET Core 4.6.29130.01; Microsoft Windows 10.0.19041 )"
        ],
        "x-ms-client-request-id": "28e71c05eb5e976849e1e6ec6ba0b4c8",
        "x-ms-return-client-request-id": "true"
      },
      "RequestBody": null,
      "StatusCode": 202,
      "ResponseHeaders": {
        "Cache-Control": "no-cache",
        "Content-Length": "0",
        "Content-Type": "text/plain; charset=utf-8",
        "Date": "Mon, 14 Sep 2020 03:26:16 GMT",
        "Expires": "-1",
        "Location": "https://management.azure.com/subscriptions/c9cbd920-c00c-427c-852b-8aaf38badaeb/providers/Microsoft.Storage/locations/eastus2/asyncoperations/d3eaa4f1-a54d-46db-a717-b6b0f0260264?monitor=true\u0026api-version=2019-06-01",
        "Pragma": "no-cache",
        "Retry-After": "17",
        "Server": "Microsoft-Azure-Storage-Resource-Provider/1.0,Microsoft-HTTPAPI/2.0 Microsoft-HTTPAPI/2.0",
        "Strict-Transport-Security": "max-age=31536000; includeSubDomains",
        "X-Content-Type-Options": "nosniff",
        "x-ms-client-request-id": "28e71c05eb5e976849e1e6ec6ba0b4c8",
        "x-ms-correlation-request-id": "6e1ee953-03c1-46f3-b620-dc97e28e5337",
        "x-ms-ratelimit-remaining-subscription-reads": "11902",
        "x-ms-request-id": "da169ce3-d992-49de-ae97-39c8f2e30160",
        "x-ms-routing-request-id": "SOUTHEASTASIA:20200914T032617Z:6e1ee953-03c1-46f3-b620-dc97e28e5337"
      },
      "ResponseBody": []
    },
    {
      "RequestUri": "https://management.azure.com/subscriptions/c9cbd920-c00c-427c-852b-8aaf38badaeb/providers/Microsoft.Storage/locations/eastus2/asyncoperations/d3eaa4f1-a54d-46db-a717-b6b0f0260264?monitor=true\u0026api-version=2019-06-01",
      "RequestMethod": "GET",
      "RequestHeaders": {
        "Authorization": "Sanitized",
        "User-Agent": [
          "azsdk-net-ResourceManager.Storage/1.0.0-alpha.20200914.1",
          "(.NET Core 4.6.29130.01; Microsoft Windows 10.0.19041 )"
        ],
        "x-ms-client-request-id": "43abaf300e608e194ff3b72936099f1c",
        "x-ms-return-client-request-id": "true"
      },
      "RequestBody": null,
      "StatusCode": 202,
      "ResponseHeaders": {
        "Cache-Control": "no-cache",
        "Content-Length": "0",
        "Content-Type": "text/plain; charset=utf-8",
        "Date": "Mon, 14 Sep 2020 03:26:17 GMT",
        "Expires": "-1",
        "Location": "https://management.azure.com/subscriptions/c9cbd920-c00c-427c-852b-8aaf38badaeb/providers/Microsoft.Storage/locations/eastus2/asyncoperations/d3eaa4f1-a54d-46db-a717-b6b0f0260264?monitor=true\u0026api-version=2019-06-01",
        "Pragma": "no-cache",
        "Retry-After": "17",
        "Server": "Microsoft-Azure-Storage-Resource-Provider/1.0,Microsoft-HTTPAPI/2.0 Microsoft-HTTPAPI/2.0",
        "Strict-Transport-Security": "max-age=31536000; includeSubDomains",
        "X-Content-Type-Options": "nosniff",
        "x-ms-client-request-id": "43abaf300e608e194ff3b72936099f1c",
        "x-ms-correlation-request-id": "7666ab2f-ceb0-4d39-bd1f-f068056f1e81",
        "x-ms-ratelimit-remaining-subscription-reads": "11901",
        "x-ms-request-id": "0d4e621e-6fea-4830-a782-d0c8fa2051a9",
        "x-ms-routing-request-id": "SOUTHEASTASIA:20200914T032618Z:7666ab2f-ceb0-4d39-bd1f-f068056f1e81"
      },
      "ResponseBody": []
    },
    {
      "RequestUri": "https://management.azure.com/subscriptions/c9cbd920-c00c-427c-852b-8aaf38badaeb/providers/Microsoft.Storage/locations/eastus2/asyncoperations/d3eaa4f1-a54d-46db-a717-b6b0f0260264?monitor=true\u0026api-version=2019-06-01",
      "RequestMethod": "GET",
      "RequestHeaders": {
        "Authorization": "Sanitized",
        "User-Agent": [
          "azsdk-net-ResourceManager.Storage/1.0.0-alpha.20200914.1",
          "(.NET Core 4.6.29130.01; Microsoft Windows 10.0.19041 )"
        ],
        "x-ms-client-request-id": "e0c6729d7d598779c4c490291d722a1a",
        "x-ms-return-client-request-id": "true"
      },
      "RequestBody": null,
      "StatusCode": 202,
      "ResponseHeaders": {
        "Cache-Control": "no-cache",
        "Content-Length": "0",
        "Content-Type": "text/plain; charset=utf-8",
        "Date": "Mon, 14 Sep 2020 03:26:18 GMT",
        "Expires": "-1",
        "Location": "https://management.azure.com/subscriptions/c9cbd920-c00c-427c-852b-8aaf38badaeb/providers/Microsoft.Storage/locations/eastus2/asyncoperations/d3eaa4f1-a54d-46db-a717-b6b0f0260264?monitor=true\u0026api-version=2019-06-01",
        "Pragma": "no-cache",
        "Retry-After": "17",
        "Server": "Microsoft-Azure-Storage-Resource-Provider/1.0,Microsoft-HTTPAPI/2.0 Microsoft-HTTPAPI/2.0",
        "Strict-Transport-Security": "max-age=31536000; includeSubDomains",
        "X-Content-Type-Options": "nosniff",
        "x-ms-client-request-id": "e0c6729d7d598779c4c490291d722a1a",
        "x-ms-correlation-request-id": "9c11d453-4428-4136-92c6-6755bb3778d8",
        "x-ms-ratelimit-remaining-subscription-reads": "11900",
        "x-ms-request-id": "13bddaba-6cea-43c4-b517-802ef3678952",
        "x-ms-routing-request-id": "SOUTHEASTASIA:20200914T032619Z:9c11d453-4428-4136-92c6-6755bb3778d8"
      },
      "ResponseBody": []
    },
    {
      "RequestUri": "https://management.azure.com/subscriptions/c9cbd920-c00c-427c-852b-8aaf38badaeb/providers/Microsoft.Storage/locations/eastus2/asyncoperations/d3eaa4f1-a54d-46db-a717-b6b0f0260264?monitor=true\u0026api-version=2019-06-01",
      "RequestMethod": "GET",
      "RequestHeaders": {
        "Authorization": "Sanitized",
        "User-Agent": [
          "azsdk-net-ResourceManager.Storage/1.0.0-alpha.20200914.1",
          "(.NET Core 4.6.29130.01; Microsoft Windows 10.0.19041 )"
        ],
        "x-ms-client-request-id": "3c048a47982bf61f0259d86b333e603f",
        "x-ms-return-client-request-id": "true"
      },
      "RequestBody": null,
      "StatusCode": 202,
      "ResponseHeaders": {
        "Cache-Control": "no-cache",
        "Content-Length": "0",
        "Content-Type": "text/plain; charset=utf-8",
        "Date": "Mon, 14 Sep 2020 03:26:20 GMT",
        "Expires": "-1",
        "Location": "https://management.azure.com/subscriptions/c9cbd920-c00c-427c-852b-8aaf38badaeb/providers/Microsoft.Storage/locations/eastus2/asyncoperations/d3eaa4f1-a54d-46db-a717-b6b0f0260264?monitor=true\u0026api-version=2019-06-01",
        "Pragma": "no-cache",
        "Retry-After": "17",
        "Server": "Microsoft-Azure-Storage-Resource-Provider/1.0,Microsoft-HTTPAPI/2.0 Microsoft-HTTPAPI/2.0",
        "Strict-Transport-Security": "max-age=31536000; includeSubDomains",
        "X-Content-Type-Options": "nosniff",
        "x-ms-client-request-id": "3c048a47982bf61f0259d86b333e603f",
        "x-ms-correlation-request-id": "433abd44-29df-409e-8bbe-d902127ebae9",
        "x-ms-ratelimit-remaining-subscription-reads": "11899",
        "x-ms-request-id": "488c55a3-54d0-490b-b601-085c6e9d79b2",
        "x-ms-routing-request-id": "SOUTHEASTASIA:20200914T032621Z:433abd44-29df-409e-8bbe-d902127ebae9"
      },
      "ResponseBody": []
    },
    {
      "RequestUri": "https://management.azure.com/subscriptions/c9cbd920-c00c-427c-852b-8aaf38badaeb/providers/Microsoft.Storage/locations/eastus2/asyncoperations/d3eaa4f1-a54d-46db-a717-b6b0f0260264?monitor=true\u0026api-version=2019-06-01",
      "RequestMethod": "GET",
      "RequestHeaders": {
        "Authorization": "Sanitized",
        "User-Agent": [
          "azsdk-net-ResourceManager.Storage/1.0.0-alpha.20200914.1",
          "(.NET Core 4.6.29130.01; Microsoft Windows 10.0.19041 )"
        ],
        "x-ms-client-request-id": "f84fca42d3d9b26e36247e9c7ef071dd",
        "x-ms-return-client-request-id": "true"
      },
      "RequestBody": null,
      "StatusCode": 202,
      "ResponseHeaders": {
        "Cache-Control": "no-cache",
        "Content-Length": "0",
        "Content-Type": "text/plain; charset=utf-8",
        "Date": "Mon, 14 Sep 2020 03:26:21 GMT",
        "Expires": "-1",
        "Location": "https://management.azure.com/subscriptions/c9cbd920-c00c-427c-852b-8aaf38badaeb/providers/Microsoft.Storage/locations/eastus2/asyncoperations/d3eaa4f1-a54d-46db-a717-b6b0f0260264?monitor=true\u0026api-version=2019-06-01",
        "Pragma": "no-cache",
        "Retry-After": "17",
        "Server": "Microsoft-Azure-Storage-Resource-Provider/1.0,Microsoft-HTTPAPI/2.0 Microsoft-HTTPAPI/2.0",
        "Strict-Transport-Security": "max-age=31536000; includeSubDomains",
        "X-Content-Type-Options": "nosniff",
        "x-ms-client-request-id": "f84fca42d3d9b26e36247e9c7ef071dd",
        "x-ms-correlation-request-id": "d137b5d3-afb4-4b89-8c6f-e2499712b750",
        "x-ms-ratelimit-remaining-subscription-reads": "11898",
        "x-ms-request-id": "73c94e50-cdc5-44f4-b9d8-59b8916460fe",
        "x-ms-routing-request-id": "SOUTHEASTASIA:20200914T032622Z:d137b5d3-afb4-4b89-8c6f-e2499712b750"
      },
      "ResponseBody": []
    },
    {
      "RequestUri": "https://management.azure.com/subscriptions/c9cbd920-c00c-427c-852b-8aaf38badaeb/providers/Microsoft.Storage/locations/eastus2/asyncoperations/d3eaa4f1-a54d-46db-a717-b6b0f0260264?monitor=true\u0026api-version=2019-06-01",
      "RequestMethod": "GET",
      "RequestHeaders": {
        "Authorization": "Sanitized",
        "User-Agent": [
          "azsdk-net-ResourceManager.Storage/1.0.0-alpha.20200914.1",
          "(.NET Core 4.6.29130.01; Microsoft Windows 10.0.19041 )"
        ],
        "x-ms-client-request-id": "abe29cc9620404f153d0de00a40e5385",
        "x-ms-return-client-request-id": "true"
      },
      "RequestBody": null,
      "StatusCode": 202,
      "ResponseHeaders": {
        "Cache-Control": "no-cache",
        "Content-Length": "0",
        "Content-Type": "text/plain; charset=utf-8",
        "Date": "Mon, 14 Sep 2020 03:26:22 GMT",
        "Expires": "-1",
        "Location": "https://management.azure.com/subscriptions/c9cbd920-c00c-427c-852b-8aaf38badaeb/providers/Microsoft.Storage/locations/eastus2/asyncoperations/d3eaa4f1-a54d-46db-a717-b6b0f0260264?monitor=true\u0026api-version=2019-06-01",
        "Pragma": "no-cache",
        "Retry-After": "17",
        "Server": "Microsoft-Azure-Storage-Resource-Provider/1.0,Microsoft-HTTPAPI/2.0 Microsoft-HTTPAPI/2.0",
        "Strict-Transport-Security": "max-age=31536000; includeSubDomains",
        "X-Content-Type-Options": "nosniff",
        "x-ms-client-request-id": "abe29cc9620404f153d0de00a40e5385",
        "x-ms-correlation-request-id": "53e15008-3b18-4a9a-90b0-cbd5023a48cd",
        "x-ms-ratelimit-remaining-subscription-reads": "11897",
        "x-ms-request-id": "3af45c1a-dadb-494a-b36d-d213028779c2",
        "x-ms-routing-request-id": "SOUTHEASTASIA:20200914T032623Z:53e15008-3b18-4a9a-90b0-cbd5023a48cd"
      },
      "ResponseBody": []
    },
    {
      "RequestUri": "https://management.azure.com/subscriptions/c9cbd920-c00c-427c-852b-8aaf38badaeb/providers/Microsoft.Storage/locations/eastus2/asyncoperations/d3eaa4f1-a54d-46db-a717-b6b0f0260264?monitor=true\u0026api-version=2019-06-01",
      "RequestMethod": "GET",
      "RequestHeaders": {
        "Authorization": "Sanitized",
        "User-Agent": [
          "azsdk-net-ResourceManager.Storage/1.0.0-alpha.20200914.1",
          "(.NET Core 4.6.29130.01; Microsoft Windows 10.0.19041 )"
        ],
        "x-ms-client-request-id": "52e65163312274411c5206071a827811",
        "x-ms-return-client-request-id": "true"
      },
      "RequestBody": null,
      "StatusCode": 202,
      "ResponseHeaders": {
        "Cache-Control": "no-cache",
        "Content-Length": "0",
        "Content-Type": "text/plain; charset=utf-8",
        "Date": "Mon, 14 Sep 2020 03:26:24 GMT",
        "Expires": "-1",
        "Location": "https://management.azure.com/subscriptions/c9cbd920-c00c-427c-852b-8aaf38badaeb/providers/Microsoft.Storage/locations/eastus2/asyncoperations/d3eaa4f1-a54d-46db-a717-b6b0f0260264?monitor=true\u0026api-version=2019-06-01",
        "Pragma": "no-cache",
        "Retry-After": "17",
        "Server": "Microsoft-Azure-Storage-Resource-Provider/1.0,Microsoft-HTTPAPI/2.0 Microsoft-HTTPAPI/2.0",
        "Strict-Transport-Security": "max-age=31536000; includeSubDomains",
        "X-Content-Type-Options": "nosniff",
        "x-ms-client-request-id": "52e65163312274411c5206071a827811",
        "x-ms-correlation-request-id": "4883d8c1-4998-4e04-88f8-28fe1d575111",
        "x-ms-ratelimit-remaining-subscription-reads": "11896",
        "x-ms-request-id": "a3995bb4-07c8-41f9-b884-fcfba60acc60",
        "x-ms-routing-request-id": "SOUTHEASTASIA:20200914T032625Z:4883d8c1-4998-4e04-88f8-28fe1d575111"
      },
      "ResponseBody": []
    },
    {
      "RequestUri": "https://management.azure.com/subscriptions/c9cbd920-c00c-427c-852b-8aaf38badaeb/providers/Microsoft.Storage/locations/eastus2/asyncoperations/d3eaa4f1-a54d-46db-a717-b6b0f0260264?monitor=true\u0026api-version=2019-06-01",
      "RequestMethod": "GET",
      "RequestHeaders": {
        "Authorization": "Sanitized",
        "User-Agent": [
          "azsdk-net-ResourceManager.Storage/1.0.0-alpha.20200914.1",
          "(.NET Core 4.6.29130.01; Microsoft Windows 10.0.19041 )"
        ],
        "x-ms-client-request-id": "97a1fbe8b45cdf3ad94ba408f46d0d28",
        "x-ms-return-client-request-id": "true"
      },
      "RequestBody": null,
      "StatusCode": 202,
      "ResponseHeaders": {
        "Cache-Control": "no-cache",
        "Content-Length": "0",
        "Content-Type": "text/plain; charset=utf-8",
        "Date": "Mon, 14 Sep 2020 03:26:25 GMT",
        "Expires": "-1",
        "Location": "https://management.azure.com/subscriptions/c9cbd920-c00c-427c-852b-8aaf38badaeb/providers/Microsoft.Storage/locations/eastus2/asyncoperations/d3eaa4f1-a54d-46db-a717-b6b0f0260264?monitor=true\u0026api-version=2019-06-01",
        "Pragma": "no-cache",
        "Retry-After": "17",
        "Server": "Microsoft-Azure-Storage-Resource-Provider/1.0,Microsoft-HTTPAPI/2.0 Microsoft-HTTPAPI/2.0",
        "Strict-Transport-Security": "max-age=31536000; includeSubDomains",
        "X-Content-Type-Options": "nosniff",
        "x-ms-client-request-id": "97a1fbe8b45cdf3ad94ba408f46d0d28",
        "x-ms-correlation-request-id": "2cc4ede4-469e-4c54-8b8c-0d4995662b23",
        "x-ms-ratelimit-remaining-subscription-reads": "11895",
        "x-ms-request-id": "3926946f-5185-4d9d-b4c5-b87f9ac03d24",
        "x-ms-routing-request-id": "SOUTHEASTASIA:20200914T032626Z:2cc4ede4-469e-4c54-8b8c-0d4995662b23"
      },
      "ResponseBody": []
    },
    {
      "RequestUri": "https://management.azure.com/subscriptions/c9cbd920-c00c-427c-852b-8aaf38badaeb/providers/Microsoft.Storage/locations/eastus2/asyncoperations/d3eaa4f1-a54d-46db-a717-b6b0f0260264?monitor=true\u0026api-version=2019-06-01",
      "RequestMethod": "GET",
      "RequestHeaders": {
        "Authorization": "Sanitized",
        "User-Agent": [
          "azsdk-net-ResourceManager.Storage/1.0.0-alpha.20200914.1",
          "(.NET Core 4.6.29130.01; Microsoft Windows 10.0.19041 )"
        ],
        "x-ms-client-request-id": "2c38f8d01e0997ba5b6e8fb25ceae9d1",
        "x-ms-return-client-request-id": "true"
      },
      "RequestBody": null,
      "StatusCode": 202,
      "ResponseHeaders": {
        "Cache-Control": "no-cache",
        "Content-Length": "0",
        "Content-Type": "text/plain; charset=utf-8",
        "Date": "Mon, 14 Sep 2020 03:26:27 GMT",
        "Expires": "-1",
        "Location": "https://management.azure.com/subscriptions/c9cbd920-c00c-427c-852b-8aaf38badaeb/providers/Microsoft.Storage/locations/eastus2/asyncoperations/d3eaa4f1-a54d-46db-a717-b6b0f0260264?monitor=true\u0026api-version=2019-06-01",
        "Pragma": "no-cache",
        "Retry-After": "17",
        "Server": "Microsoft-Azure-Storage-Resource-Provider/1.0,Microsoft-HTTPAPI/2.0 Microsoft-HTTPAPI/2.0",
        "Strict-Transport-Security": "max-age=31536000; includeSubDomains",
        "X-Content-Type-Options": "nosniff",
        "x-ms-client-request-id": "2c38f8d01e0997ba5b6e8fb25ceae9d1",
        "x-ms-correlation-request-id": "9b9b483e-34c1-43ab-a1d1-50f4bb12163a",
        "x-ms-ratelimit-remaining-subscription-reads": "11894",
        "x-ms-request-id": "8e150e5d-567b-44ff-92cc-65d891cc006f",
        "x-ms-routing-request-id": "SOUTHEASTASIA:20200914T032627Z:9b9b483e-34c1-43ab-a1d1-50f4bb12163a"
      },
      "ResponseBody": []
    },
    {
      "RequestUri": "https://management.azure.com/subscriptions/c9cbd920-c00c-427c-852b-8aaf38badaeb/providers/Microsoft.Storage/locations/eastus2/asyncoperations/d3eaa4f1-a54d-46db-a717-b6b0f0260264?monitor=true\u0026api-version=2019-06-01",
      "RequestMethod": "GET",
      "RequestHeaders": {
        "Authorization": "Sanitized",
        "User-Agent": [
          "azsdk-net-ResourceManager.Storage/1.0.0-alpha.20200914.1",
          "(.NET Core 4.6.29130.01; Microsoft Windows 10.0.19041 )"
        ],
        "x-ms-client-request-id": "a918cd57bb6cae29160779d78c387fae",
        "x-ms-return-client-request-id": "true"
      },
      "RequestBody": null,
      "StatusCode": 202,
      "ResponseHeaders": {
        "Cache-Control": "no-cache",
        "Content-Length": "0",
        "Content-Type": "text/plain; charset=utf-8",
        "Date": "Mon, 14 Sep 2020 03:26:29 GMT",
        "Expires": "-1",
        "Location": "https://management.azure.com/subscriptions/c9cbd920-c00c-427c-852b-8aaf38badaeb/providers/Microsoft.Storage/locations/eastus2/asyncoperations/d3eaa4f1-a54d-46db-a717-b6b0f0260264?monitor=true\u0026api-version=2019-06-01",
        "Pragma": "no-cache",
        "Retry-After": "17",
        "Server": "Microsoft-Azure-Storage-Resource-Provider/1.0,Microsoft-HTTPAPI/2.0 Microsoft-HTTPAPI/2.0",
        "Strict-Transport-Security": "max-age=31536000; includeSubDomains",
        "X-Content-Type-Options": "nosniff",
        "x-ms-client-request-id": "a918cd57bb6cae29160779d78c387fae",
        "x-ms-correlation-request-id": "a45f7e91-45c9-4f80-acc8-535e38407afa",
        "x-ms-ratelimit-remaining-subscription-reads": "11893",
        "x-ms-request-id": "32eec79d-0ec0-46b2-895b-81e07cbd22b3",
        "x-ms-routing-request-id": "SOUTHEASTASIA:20200914T032629Z:a45f7e91-45c9-4f80-acc8-535e38407afa"
      },
      "ResponseBody": []
    },
    {
      "RequestUri": "https://management.azure.com/subscriptions/c9cbd920-c00c-427c-852b-8aaf38badaeb/providers/Microsoft.Storage/locations/eastus2/asyncoperations/d3eaa4f1-a54d-46db-a717-b6b0f0260264?monitor=true\u0026api-version=2019-06-01",
      "RequestMethod": "GET",
      "RequestHeaders": {
        "Authorization": "Sanitized",
        "User-Agent": [
          "azsdk-net-ResourceManager.Storage/1.0.0-alpha.20200914.1",
          "(.NET Core 4.6.29130.01; Microsoft Windows 10.0.19041 )"
        ],
        "x-ms-client-request-id": "2236de444b49c90740093ced258783ef",
        "x-ms-return-client-request-id": "true"
      },
      "RequestBody": null,
      "StatusCode": 202,
      "ResponseHeaders": {
        "Cache-Control": "no-cache",
        "Content-Length": "0",
        "Content-Type": "text/plain; charset=utf-8",
        "Date": "Mon, 14 Sep 2020 03:26:30 GMT",
        "Expires": "-1",
        "Location": "https://management.azure.com/subscriptions/c9cbd920-c00c-427c-852b-8aaf38badaeb/providers/Microsoft.Storage/locations/eastus2/asyncoperations/d3eaa4f1-a54d-46db-a717-b6b0f0260264?monitor=true\u0026api-version=2019-06-01",
        "Pragma": "no-cache",
        "Retry-After": "17",
        "Server": "Microsoft-Azure-Storage-Resource-Provider/1.0,Microsoft-HTTPAPI/2.0 Microsoft-HTTPAPI/2.0",
        "Strict-Transport-Security": "max-age=31536000; includeSubDomains",
        "X-Content-Type-Options": "nosniff",
        "x-ms-client-request-id": "2236de444b49c90740093ced258783ef",
        "x-ms-correlation-request-id": "3250fdd9-23ac-4a9f-90dc-1f88f0362ad4",
        "x-ms-ratelimit-remaining-subscription-reads": "11892",
        "x-ms-request-id": "fa094ebe-0a34-4d20-b938-6cce709c75c8",
        "x-ms-routing-request-id": "SOUTHEASTASIA:20200914T032630Z:3250fdd9-23ac-4a9f-90dc-1f88f0362ad4"
      },
      "ResponseBody": []
    },
    {
      "RequestUri": "https://management.azure.com/subscriptions/c9cbd920-c00c-427c-852b-8aaf38badaeb/providers/Microsoft.Storage/locations/eastus2/asyncoperations/d3eaa4f1-a54d-46db-a717-b6b0f0260264?monitor=true\u0026api-version=2019-06-01",
      "RequestMethod": "GET",
      "RequestHeaders": {
        "Authorization": "Sanitized",
        "User-Agent": [
          "azsdk-net-ResourceManager.Storage/1.0.0-alpha.20200914.1",
          "(.NET Core 4.6.29130.01; Microsoft Windows 10.0.19041 )"
        ],
        "x-ms-client-request-id": "27b1d361645514bbcf8a1502a5e30b22",
        "x-ms-return-client-request-id": "true"
      },
      "RequestBody": null,
      "StatusCode": 200,
      "ResponseHeaders": {
        "Cache-Control": "no-cache",
        "Content-Length": "1166",
        "Content-Type": "application/json",
        "Date": "Mon, 14 Sep 2020 03:26:31 GMT",
        "Expires": "-1",
        "Pragma": "no-cache",
        "Server": "Microsoft-Azure-Storage-Resource-Provider/1.0,Microsoft-HTTPAPI/2.0 Microsoft-HTTPAPI/2.0",
        "Strict-Transport-Security": "max-age=31536000; includeSubDomains",
        "X-Content-Type-Options": "nosniff",
        "x-ms-client-request-id": "27b1d361645514bbcf8a1502a5e30b22",
        "x-ms-correlation-request-id": "cbfcae2a-768f-4a88-9607-08a758208444",
        "x-ms-ratelimit-remaining-subscription-reads": "11891",
        "x-ms-request-id": "67d71d6c-0e7b-4bb9-bac9-e05893d1dce4",
        "x-ms-routing-request-id": "SOUTHEASTASIA:20200914T032631Z:cbfcae2a-768f-4a88-9607-08a758208444"
      },
      "ResponseBody": {
        "sku": {
          "name": "Standard_GRS",
          "tier": "Standard"
        },
        "kind": "Storage",
        "id": "/subscriptions/c9cbd920-c00c-427c-852b-8aaf38badaeb/resourceGroups/res528/providers/Microsoft.Storage/storageAccounts/sto2508",
        "name": "sto2508",
        "type": "Microsoft.Storage/storageAccounts",
        "location": "eastus2",
        "tags": {
          "key1": "value1",
          "key2": "value2"
        },
        "properties": {
          "privateEndpointConnections": [],
          "networkAcls": {
            "bypass": "AzureServices",
            "virtualNetworkRules": [],
            "ipRules": [],
            "defaultAction": "Allow"
          },
          "supportsHttpsTrafficOnly": true,
          "encryption": {
            "services": {
              "file": {
                "keyType": "Account",
                "enabled": true,
                "lastEnabledTime": "2020-09-14T03:26:15.1217204Z"
              },
              "blob": {
                "keyType": "Account",
                "enabled": true,
                "lastEnabledTime": "2020-09-14T03:26:15.1217204Z"
              }
            },
            "keySource": "Microsoft.Storage"
          },
          "provisioningState": "Succeeded",
          "creationTime": "2020-09-14T03:26:15.0279446Z",
          "primaryEndpoints": {
            "blob": "https://sto2508.blob.core.windows.net/",
            "queue": "https://sto2508.queue.core.windows.net/",
            "table": "https://sto2508.table.core.windows.net/",
            "file": "https://sto2508.file.core.windows.net/"
          },
          "primaryLocation": "eastus2",
          "statusOfPrimary": "available",
          "secondaryLocation": "centralus",
          "statusOfSecondary": "available"
        }
      }
    },
    {
      "RequestUri": "https://management.azure.com/subscriptions/c9cbd920-c00c-427c-852b-8aaf38badaeb/resourceGroups/res528/providers/Microsoft.Storage/storageAccounts/sto2508/revokeUserDelegationKeys?api-version=2019-06-01",
      "RequestMethod": "POST",
      "RequestHeaders": {
        "Authorization": "Sanitized",
        "traceparent": "00-290592cfafa86948a8bb457661e5a302-929dd204fbe59d4f-00",
        "User-Agent": [
          "azsdk-net-ResourceManager.Storage/1.0.0-alpha.20200914.1",
          "(.NET Core 4.6.29130.01; Microsoft Windows 10.0.19041 )"
        ],
        "x-ms-client-request-id": "7e6ee0eec7b30b87c54e69637f3b898e",
        "x-ms-return-client-request-id": "true"
      },
      "RequestBody": null,
      "StatusCode": 200,
      "ResponseHeaders": {
        "Cache-Control": "no-cache",
        "Content-Length": "0",
        "Content-Type": "text/plain; charset=utf-8",
        "Date": "Mon, 14 Sep 2020 03:26:32 GMT",
        "Expires": "-1",
        "Pragma": "no-cache",
        "Server": "Microsoft-Azure-Storage-Resource-Provider/1.0,Microsoft-HTTPAPI/2.0 Microsoft-HTTPAPI/2.0",
        "Strict-Transport-Security": "max-age=31536000; includeSubDomains",
        "X-Content-Type-Options": "nosniff",
        "x-ms-client-request-id": "7e6ee0eec7b30b87c54e69637f3b898e",
        "x-ms-correlation-request-id": "6d555ac4-f8da-46ec-864f-30f62a0463d5",
        "x-ms-ratelimit-remaining-subscription-writes": "1195",
        "x-ms-request-id": "5b45a539-c2c8-436a-b5a2-46946b0b3df5",
        "x-ms-routing-request-id": "SOUTHEASTASIA:20200914T032632Z:6d555ac4-f8da-46ec-864f-30f62a0463d5"
      },
      "ResponseBody": []
    }
  ],
  "Variables": {
    "RandomSeed": "1377977988",
    "SUBSCRIPTION_ID": "c9cbd920-c00c-427c-852b-8aaf38badaeb"
  }
}