{
  "Entries": [
    {
      "RequestUri": "https://management.azure.com/subscriptions/c9cbd920-c00c-427c-852b-8aaf38badaeb/resourcegroups/res5170?api-version=2019-10-01",
      "RequestMethod": "PUT",
      "RequestHeaders": {
        "Accept": "application/json",
        "Authorization": "Sanitized",
        "Content-Length": "22",
        "Content-Type": "application/json",
        "traceparent": "00-9b96722895b0d746a4b2bb08c49e74da-a116a0a34f9f154e-00",
        "User-Agent": [
          "azsdk-net-ResourceManager.Storage.Tests/1.0.0-alpha.20200914.1",
          "(.NET Core 4.6.29130.01; Microsoft Windows 10.0.19041 )"
        ],
        "x-ms-client-request-id": "2fc6e94d3e5e3bf8dfa96747133d007d",
        "x-ms-return-client-request-id": "true"
      },
      "RequestBody": {
        "location": "eastus2"
      },
      "StatusCode": 201,
      "ResponseHeaders": {
        "Cache-Control": "no-cache",
        "Content-Length": "168",
        "Content-Type": "application/json; charset=utf-8",
        "Date": "Mon, 14 Sep 2020 03:38:22 GMT",
        "Expires": "-1",
        "Pragma": "no-cache",
        "Strict-Transport-Security": "max-age=31536000; includeSubDomains",
        "X-Content-Type-Options": "nosniff",
        "x-ms-correlation-request-id": "b8620607-9230-4760-9c99-bad13f1ac859",
        "x-ms-ratelimit-remaining-subscription-writes": "1102",
        "x-ms-request-id": "b8620607-9230-4760-9c99-bad13f1ac859",
        "x-ms-routing-request-id": "SOUTHEASTASIA:20200914T033823Z:b8620607-9230-4760-9c99-bad13f1ac859"
      },
      "ResponseBody": {
        "id": "/subscriptions/c9cbd920-c00c-427c-852b-8aaf38badaeb/resourceGroups/res5170",
        "name": "res5170",
        "location": "eastus2",
        "properties": {
          "provisioningState": "Succeeded"
        }
      }
    },
    {
      "RequestUri": "https://management.azure.com/subscriptions/c9cbd920-c00c-427c-852b-8aaf38badaeb/resourceGroups/res5170/providers/Microsoft.Storage/storageAccounts/sto1746?api-version=2019-06-01",
      "RequestMethod": "PUT",
      "RequestHeaders": {
        "Accept": "application/json",
        "Authorization": "Sanitized",
        "Content-Length": "126",
        "Content-Type": "application/json",
        "traceparent": "00-e61fa2cf7c183b47ac3750a8deaf7731-fbc95871246bb64d-00",
        "User-Agent": [
          "azsdk-net-ResourceManager.Storage/1.0.0-alpha.20200914.1",
          "(.NET Core 4.6.29130.01; Microsoft Windows 10.0.19041 )"
        ],
        "x-ms-client-request-id": "355ef2d2f061ca5a78f4087de079ab8e",
        "x-ms-return-client-request-id": "true"
      },
      "RequestBody": {
        "sku": {
          "name": "Standard_GRS"
        },
        "kind": "Storage",
        "location": "eastus2",
        "tags": {
          "key1": "value1",
          "key2": "value2"
        },
        "properties": {}
      },
      "StatusCode": 202,
      "ResponseHeaders": {
        "Cache-Control": "no-cache",
        "Content-Length": "0",
        "Content-Type": "text/plain; charset=utf-8",
        "Date": "Mon, 14 Sep 2020 03:38:25 GMT",
        "Expires": "-1",
        "Location": "https://management.azure.com/subscriptions/c9cbd920-c00c-427c-852b-8aaf38badaeb/providers/Microsoft.Storage/locations/eastus2/asyncoperations/31acc20b-7149-4803-8312-9853dc66652f?monitor=true\u0026api-version=2019-06-01",
        "Pragma": "no-cache",
        "Retry-After": "17",
        "Server": "Microsoft-Azure-Storage-Resource-Provider/1.0,Microsoft-HTTPAPI/2.0 Microsoft-HTTPAPI/2.0",
        "Strict-Transport-Security": "max-age=31536000; includeSubDomains",
        "X-Content-Type-Options": "nosniff",
        "x-ms-client-request-id": "355ef2d2f061ca5a78f4087de079ab8e",
        "x-ms-correlation-request-id": "142dd610-218c-42d1-839c-9d513b96cb3f",
        "x-ms-ratelimit-remaining-subscription-writes": "1101",
        "x-ms-request-id": "31acc20b-7149-4803-8312-9853dc66652f",
        "x-ms-routing-request-id": "SOUTHEASTASIA:20200914T033826Z:142dd610-218c-42d1-839c-9d513b96cb3f"
      },
      "ResponseBody": []
    },
    {
      "RequestUri": "https://management.azure.com/subscriptions/c9cbd920-c00c-427c-852b-8aaf38badaeb/providers/Microsoft.Storage/locations/eastus2/asyncoperations/31acc20b-7149-4803-8312-9853dc66652f?monitor=true\u0026api-version=2019-06-01",
      "RequestMethod": "GET",
      "RequestHeaders": {
        "Authorization": "Sanitized",
        "User-Agent": [
          "azsdk-net-ResourceManager.Storage/1.0.0-alpha.20200914.1",
          "(.NET Core 4.6.29130.01; Microsoft Windows 10.0.19041 )"
        ],
        "x-ms-client-request-id": "c1d64b3767caf9eb6c64e64af0befe30",
        "x-ms-return-client-request-id": "true"
      },
      "RequestBody": null,
      "StatusCode": 202,
      "ResponseHeaders": {
        "Cache-Control": "no-cache",
        "Content-Length": "0",
        "Content-Type": "text/plain; charset=utf-8",
        "Date": "Mon, 14 Sep 2020 03:38:25 GMT",
        "Expires": "-1",
        "Location": "https://management.azure.com/subscriptions/c9cbd920-c00c-427c-852b-8aaf38badaeb/providers/Microsoft.Storage/locations/eastus2/asyncoperations/31acc20b-7149-4803-8312-9853dc66652f?monitor=true\u0026api-version=2019-06-01",
        "Pragma": "no-cache",
        "Retry-After": "17",
        "Server": "Microsoft-Azure-Storage-Resource-Provider/1.0,Microsoft-HTTPAPI/2.0 Microsoft-HTTPAPI/2.0",
        "Strict-Transport-Security": "max-age=31536000; includeSubDomains",
        "X-Content-Type-Options": "nosniff",
        "x-ms-client-request-id": "c1d64b3767caf9eb6c64e64af0befe30",
        "x-ms-correlation-request-id": "b29d7a6f-239f-4795-9fb1-9e214f754d16",
        "x-ms-ratelimit-remaining-subscription-reads": "11481",
        "x-ms-request-id": "08ef8e09-b7e9-4b7e-8d29-a22908c32045",
        "x-ms-routing-request-id": "SOUTHEASTASIA:20200914T033826Z:b29d7a6f-239f-4795-9fb1-9e214f754d16"
      },
      "ResponseBody": []
    },
    {
      "RequestUri": "https://management.azure.com/subscriptions/c9cbd920-c00c-427c-852b-8aaf38badaeb/providers/Microsoft.Storage/locations/eastus2/asyncoperations/31acc20b-7149-4803-8312-9853dc66652f?monitor=true\u0026api-version=2019-06-01",
      "RequestMethod": "GET",
      "RequestHeaders": {
        "Authorization": "Sanitized",
        "User-Agent": [
          "azsdk-net-ResourceManager.Storage/1.0.0-alpha.20200914.1",
          "(.NET Core 4.6.29130.01; Microsoft Windows 10.0.19041 )"
        ],
        "x-ms-client-request-id": "60feb8bc39e78f6fcee50295a1ecb2d2",
        "x-ms-return-client-request-id": "true"
      },
      "RequestBody": null,
      "StatusCode": 202,
      "ResponseHeaders": {
        "Cache-Control": "no-cache",
        "Content-Length": "0",
        "Content-Type": "text/plain; charset=utf-8",
        "Date": "Mon, 14 Sep 2020 03:38:27 GMT",
        "Expires": "-1",
        "Location": "https://management.azure.com/subscriptions/c9cbd920-c00c-427c-852b-8aaf38badaeb/providers/Microsoft.Storage/locations/eastus2/asyncoperations/31acc20b-7149-4803-8312-9853dc66652f?monitor=true\u0026api-version=2019-06-01",
        "Pragma": "no-cache",
        "Retry-After": "17",
        "Server": "Microsoft-Azure-Storage-Resource-Provider/1.0,Microsoft-HTTPAPI/2.0 Microsoft-HTTPAPI/2.0",
        "Strict-Transport-Security": "max-age=31536000; includeSubDomains",
        "X-Content-Type-Options": "nosniff",
        "x-ms-client-request-id": "60feb8bc39e78f6fcee50295a1ecb2d2",
        "x-ms-correlation-request-id": "6062cf9e-9626-410e-b897-47b83eab4c14",
        "x-ms-ratelimit-remaining-subscription-reads": "11480",
        "x-ms-request-id": "885a8717-6dc9-4eb1-9a7d-2e8ce9ec20d4",
        "x-ms-routing-request-id": "SOUTHEASTASIA:20200914T033827Z:6062cf9e-9626-410e-b897-47b83eab4c14"
      },
      "ResponseBody": []
    },
    {
      "RequestUri": "https://management.azure.com/subscriptions/c9cbd920-c00c-427c-852b-8aaf38badaeb/providers/Microsoft.Storage/locations/eastus2/asyncoperations/31acc20b-7149-4803-8312-9853dc66652f?monitor=true\u0026api-version=2019-06-01",
      "RequestMethod": "GET",
      "RequestHeaders": {
        "Authorization": "Sanitized",
        "User-Agent": [
          "azsdk-net-ResourceManager.Storage/1.0.0-alpha.20200914.1",
          "(.NET Core 4.6.29130.01; Microsoft Windows 10.0.19041 )"
        ],
        "x-ms-client-request-id": "9445e275e9a2aec4f21ed8ac5cd98874",
        "x-ms-return-client-request-id": "true"
      },
      "RequestBody": null,
      "StatusCode": 202,
      "ResponseHeaders": {
        "Cache-Control": "no-cache",
        "Content-Length": "0",
        "Content-Type": "text/plain; charset=utf-8",
        "Date": "Mon, 14 Sep 2020 03:38:28 GMT",
        "Expires": "-1",
        "Location": "https://management.azure.com/subscriptions/c9cbd920-c00c-427c-852b-8aaf38badaeb/providers/Microsoft.Storage/locations/eastus2/asyncoperations/31acc20b-7149-4803-8312-9853dc66652f?monitor=true\u0026api-version=2019-06-01",
        "Pragma": "no-cache",
        "Retry-After": "17",
        "Server": "Microsoft-Azure-Storage-Resource-Provider/1.0,Microsoft-HTTPAPI/2.0 Microsoft-HTTPAPI/2.0",
        "Strict-Transport-Security": "max-age=31536000; includeSubDomains",
        "X-Content-Type-Options": "nosniff",
        "x-ms-client-request-id": "9445e275e9a2aec4f21ed8ac5cd98874",
        "x-ms-correlation-request-id": "f0205eb0-6ddd-4f6e-a0ae-107ae0f80318",
        "x-ms-ratelimit-remaining-subscription-reads": "11479",
        "x-ms-request-id": "3f299cb3-57ba-4658-9fc8-69392666df00",
        "x-ms-routing-request-id": "SOUTHEASTASIA:20200914T033829Z:f0205eb0-6ddd-4f6e-a0ae-107ae0f80318"
      },
      "ResponseBody": []
    },
    {
      "RequestUri": "https://management.azure.com/subscriptions/c9cbd920-c00c-427c-852b-8aaf38badaeb/providers/Microsoft.Storage/locations/eastus2/asyncoperations/31acc20b-7149-4803-8312-9853dc66652f?monitor=true\u0026api-version=2019-06-01",
      "RequestMethod": "GET",
      "RequestHeaders": {
        "Authorization": "Sanitized",
        "User-Agent": [
          "azsdk-net-ResourceManager.Storage/1.0.0-alpha.20200914.1",
          "(.NET Core 4.6.29130.01; Microsoft Windows 10.0.19041 )"
        ],
        "x-ms-client-request-id": "5fb11ecd1ea7fe3ddc47f3e46455577f",
        "x-ms-return-client-request-id": "true"
      },
      "RequestBody": null,
      "StatusCode": 202,
      "ResponseHeaders": {
        "Cache-Control": "no-cache",
        "Content-Length": "0",
        "Content-Type": "text/plain; charset=utf-8",
        "Date": "Mon, 14 Sep 2020 03:38:29 GMT",
        "Expires": "-1",
        "Location": "https://management.azure.com/subscriptions/c9cbd920-c00c-427c-852b-8aaf38badaeb/providers/Microsoft.Storage/locations/eastus2/asyncoperations/31acc20b-7149-4803-8312-9853dc66652f?monitor=true\u0026api-version=2019-06-01",
        "Pragma": "no-cache",
        "Retry-After": "17",
        "Server": "Microsoft-Azure-Storage-Resource-Provider/1.0,Microsoft-HTTPAPI/2.0 Microsoft-HTTPAPI/2.0",
        "Strict-Transport-Security": "max-age=31536000; includeSubDomains",
        "X-Content-Type-Options": "nosniff",
        "x-ms-client-request-id": "5fb11ecd1ea7fe3ddc47f3e46455577f",
        "x-ms-correlation-request-id": "68b67476-a016-4c3f-9f8d-a39a814b0d2a",
        "x-ms-ratelimit-remaining-subscription-reads": "11478",
        "x-ms-request-id": "f26dc8e4-dab1-4efd-9d8c-b028f88141ce",
        "x-ms-routing-request-id": "SOUTHEASTASIA:20200914T033830Z:68b67476-a016-4c3f-9f8d-a39a814b0d2a"
      },
      "ResponseBody": []
    },
    {
      "RequestUri": "https://management.azure.com/subscriptions/c9cbd920-c00c-427c-852b-8aaf38badaeb/providers/Microsoft.Storage/locations/eastus2/asyncoperations/31acc20b-7149-4803-8312-9853dc66652f?monitor=true\u0026api-version=2019-06-01",
      "RequestMethod": "GET",
      "RequestHeaders": {
        "Authorization": "Sanitized",
        "User-Agent": [
          "azsdk-net-ResourceManager.Storage/1.0.0-alpha.20200914.1",
          "(.NET Core 4.6.29130.01; Microsoft Windows 10.0.19041 )"
        ],
        "x-ms-client-request-id": "0dd413b16a78d28df44f6dc860c333f5",
        "x-ms-return-client-request-id": "true"
      },
      "RequestBody": null,
      "StatusCode": 202,
      "ResponseHeaders": {
        "Cache-Control": "no-cache",
        "Content-Length": "0",
        "Content-Type": "text/plain; charset=utf-8",
        "Date": "Mon, 14 Sep 2020 03:38:31 GMT",
        "Expires": "-1",
        "Location": "https://management.azure.com/subscriptions/c9cbd920-c00c-427c-852b-8aaf38badaeb/providers/Microsoft.Storage/locations/eastus2/asyncoperations/31acc20b-7149-4803-8312-9853dc66652f?monitor=true\u0026api-version=2019-06-01",
        "Pragma": "no-cache",
        "Retry-After": "17",
        "Server": "Microsoft-Azure-Storage-Resource-Provider/1.0,Microsoft-HTTPAPI/2.0 Microsoft-HTTPAPI/2.0",
        "Strict-Transport-Security": "max-age=31536000; includeSubDomains",
        "X-Content-Type-Options": "nosniff",
        "x-ms-client-request-id": "0dd413b16a78d28df44f6dc860c333f5",
        "x-ms-correlation-request-id": "b6994871-39fb-4d70-8fd9-598c1622cf79",
        "x-ms-ratelimit-remaining-subscription-reads": "11477",
        "x-ms-request-id": "693f72d6-5b11-4fd3-b68a-49fc66f3ec0f",
        "x-ms-routing-request-id": "SOUTHEASTASIA:20200914T033831Z:b6994871-39fb-4d70-8fd9-598c1622cf79"
      },
      "ResponseBody": []
    },
    {
      "RequestUri": "https://management.azure.com/subscriptions/c9cbd920-c00c-427c-852b-8aaf38badaeb/providers/Microsoft.Storage/locations/eastus2/asyncoperations/31acc20b-7149-4803-8312-9853dc66652f?monitor=true\u0026api-version=2019-06-01",
      "RequestMethod": "GET",
      "RequestHeaders": {
        "Authorization": "Sanitized",
        "User-Agent": [
          "azsdk-net-ResourceManager.Storage/1.0.0-alpha.20200914.1",
          "(.NET Core 4.6.29130.01; Microsoft Windows 10.0.19041 )"
        ],
        "x-ms-client-request-id": "82c88e5c533b572aa546b85bf6df4a9c",
        "x-ms-return-client-request-id": "true"
      },
      "RequestBody": null,
      "StatusCode": 202,
      "ResponseHeaders": {
        "Cache-Control": "no-cache",
        "Content-Length": "0",
        "Content-Type": "text/plain; charset=utf-8",
        "Date": "Mon, 14 Sep 2020 03:38:32 GMT",
        "Expires": "-1",
        "Location": "https://management.azure.com/subscriptions/c9cbd920-c00c-427c-852b-8aaf38badaeb/providers/Microsoft.Storage/locations/eastus2/asyncoperations/31acc20b-7149-4803-8312-9853dc66652f?monitor=true\u0026api-version=2019-06-01",
        "Pragma": "no-cache",
        "Retry-After": "17",
        "Server": "Microsoft-Azure-Storage-Resource-Provider/1.0,Microsoft-HTTPAPI/2.0 Microsoft-HTTPAPI/2.0",
        "Strict-Transport-Security": "max-age=31536000; includeSubDomains",
        "X-Content-Type-Options": "nosniff",
        "x-ms-client-request-id": "82c88e5c533b572aa546b85bf6df4a9c",
        "x-ms-correlation-request-id": "5d9f07ac-a1a4-4adc-a0c3-3ecfe9d2392a",
        "x-ms-ratelimit-remaining-subscription-reads": "11476",
        "x-ms-request-id": "877892fb-fb1f-4a13-8232-2a48f0051e7b",
        "x-ms-routing-request-id": "SOUTHEASTASIA:20200914T033833Z:5d9f07ac-a1a4-4adc-a0c3-3ecfe9d2392a"
      },
      "ResponseBody": []
    },
    {
      "RequestUri": "https://management.azure.com/subscriptions/c9cbd920-c00c-427c-852b-8aaf38badaeb/providers/Microsoft.Storage/locations/eastus2/asyncoperations/31acc20b-7149-4803-8312-9853dc66652f?monitor=true\u0026api-version=2019-06-01",
      "RequestMethod": "GET",
      "RequestHeaders": {
        "Authorization": "Sanitized",
        "User-Agent": [
          "azsdk-net-ResourceManager.Storage/1.0.0-alpha.20200914.1",
          "(.NET Core 4.6.29130.01; Microsoft Windows 10.0.19041 )"
        ],
        "x-ms-client-request-id": "48fa58c77b0562fb91de6b58b0749d18",
        "x-ms-return-client-request-id": "true"
      },
      "RequestBody": null,
      "StatusCode": 202,
      "ResponseHeaders": {
        "Cache-Control": "no-cache",
        "Content-Length": "0",
        "Content-Type": "text/plain; charset=utf-8",
        "Date": "Mon, 14 Sep 2020 03:38:33 GMT",
        "Expires": "-1",
        "Location": "https://management.azure.com/subscriptions/c9cbd920-c00c-427c-852b-8aaf38badaeb/providers/Microsoft.Storage/locations/eastus2/asyncoperations/31acc20b-7149-4803-8312-9853dc66652f?monitor=true\u0026api-version=2019-06-01",
        "Pragma": "no-cache",
        "Retry-After": "17",
        "Server": "Microsoft-Azure-Storage-Resource-Provider/1.0,Microsoft-HTTPAPI/2.0 Microsoft-HTTPAPI/2.0",
        "Strict-Transport-Security": "max-age=31536000; includeSubDomains",
        "X-Content-Type-Options": "nosniff",
        "x-ms-client-request-id": "48fa58c77b0562fb91de6b58b0749d18",
        "x-ms-correlation-request-id": "9b79f693-8f56-482d-a149-d17d2b09b0a5",
        "x-ms-ratelimit-remaining-subscription-reads": "11475",
        "x-ms-request-id": "18c2fc79-b20c-4060-902a-72816ad33f7d",
        "x-ms-routing-request-id": "SOUTHEASTASIA:20200914T033834Z:9b79f693-8f56-482d-a149-d17d2b09b0a5"
      },
      "ResponseBody": []
    },
    {
      "RequestUri": "https://management.azure.com/subscriptions/c9cbd920-c00c-427c-852b-8aaf38badaeb/providers/Microsoft.Storage/locations/eastus2/asyncoperations/31acc20b-7149-4803-8312-9853dc66652f?monitor=true\u0026api-version=2019-06-01",
      "RequestMethod": "GET",
      "RequestHeaders": {
        "Authorization": "Sanitized",
        "User-Agent": [
          "azsdk-net-ResourceManager.Storage/1.0.0-alpha.20200914.1",
          "(.NET Core 4.6.29130.01; Microsoft Windows 10.0.19041 )"
        ],
        "x-ms-client-request-id": "d587fe13d58d5e44e97d6832b131db14",
        "x-ms-return-client-request-id": "true"
      },
      "RequestBody": null,
      "StatusCode": 202,
      "ResponseHeaders": {
        "Cache-Control": "no-cache",
        "Content-Length": "0",
        "Content-Type": "text/plain; charset=utf-8",
        "Date": "Mon, 14 Sep 2020 03:38:35 GMT",
        "Expires": "-1",
        "Location": "https://management.azure.com/subscriptions/c9cbd920-c00c-427c-852b-8aaf38badaeb/providers/Microsoft.Storage/locations/eastus2/asyncoperations/31acc20b-7149-4803-8312-9853dc66652f?monitor=true\u0026api-version=2019-06-01",
        "Pragma": "no-cache",
        "Retry-After": "17",
        "Server": "Microsoft-Azure-Storage-Resource-Provider/1.0,Microsoft-HTTPAPI/2.0 Microsoft-HTTPAPI/2.0",
        "Strict-Transport-Security": "max-age=31536000; includeSubDomains",
        "X-Content-Type-Options": "nosniff",
        "x-ms-client-request-id": "d587fe13d58d5e44e97d6832b131db14",
        "x-ms-correlation-request-id": "ff06d57b-9e27-4572-b20a-e99e2998580a",
        "x-ms-ratelimit-remaining-subscription-reads": "11474",
        "x-ms-request-id": "34c30f60-b582-4253-a445-c90ed8795dc9",
        "x-ms-routing-request-id": "SOUTHEASTASIA:20200914T033836Z:ff06d57b-9e27-4572-b20a-e99e2998580a"
      },
      "ResponseBody": []
    },
    {
      "RequestUri": "https://management.azure.com/subscriptions/c9cbd920-c00c-427c-852b-8aaf38badaeb/providers/Microsoft.Storage/locations/eastus2/asyncoperations/31acc20b-7149-4803-8312-9853dc66652f?monitor=true\u0026api-version=2019-06-01",
      "RequestMethod": "GET",
      "RequestHeaders": {
        "Authorization": "Sanitized",
        "User-Agent": [
          "azsdk-net-ResourceManager.Storage/1.0.0-alpha.20200914.1",
          "(.NET Core 4.6.29130.01; Microsoft Windows 10.0.19041 )"
        ],
        "x-ms-client-request-id": "0801d105eac8e1ef9365f15ce8d2a630",
        "x-ms-return-client-request-id": "true"
      },
      "RequestBody": null,
      "StatusCode": 202,
      "ResponseHeaders": {
        "Cache-Control": "no-cache",
        "Content-Length": "0",
        "Content-Type": "text/plain; charset=utf-8",
        "Date": "Mon, 14 Sep 2020 03:38:37 GMT",
        "Expires": "-1",
        "Location": "https://management.azure.com/subscriptions/c9cbd920-c00c-427c-852b-8aaf38badaeb/providers/Microsoft.Storage/locations/eastus2/asyncoperations/31acc20b-7149-4803-8312-9853dc66652f?monitor=true\u0026api-version=2019-06-01",
        "Pragma": "no-cache",
        "Retry-After": "17",
        "Server": "Microsoft-Azure-Storage-Resource-Provider/1.0,Microsoft-HTTPAPI/2.0 Microsoft-HTTPAPI/2.0",
        "Strict-Transport-Security": "max-age=31536000; includeSubDomains",
        "X-Content-Type-Options": "nosniff",
        "x-ms-client-request-id": "0801d105eac8e1ef9365f15ce8d2a630",
        "x-ms-correlation-request-id": "eb08ca84-3d92-423e-99ca-379d80ffcb4e",
        "x-ms-ratelimit-remaining-subscription-reads": "11473",
        "x-ms-request-id": "7e588877-67fd-4920-b4a7-1484b175490a",
        "x-ms-routing-request-id": "SOUTHEASTASIA:20200914T033837Z:eb08ca84-3d92-423e-99ca-379d80ffcb4e"
      },
      "ResponseBody": []
    },
    {
      "RequestUri": "https://management.azure.com/subscriptions/c9cbd920-c00c-427c-852b-8aaf38badaeb/providers/Microsoft.Storage/locations/eastus2/asyncoperations/31acc20b-7149-4803-8312-9853dc66652f?monitor=true\u0026api-version=2019-06-01",
      "RequestMethod": "GET",
      "RequestHeaders": {
        "Authorization": "Sanitized",
        "User-Agent": [
          "azsdk-net-ResourceManager.Storage/1.0.0-alpha.20200914.1",
          "(.NET Core 4.6.29130.01; Microsoft Windows 10.0.19041 )"
        ],
        "x-ms-client-request-id": "f8479fa97457f20f149c5f8712c9b15f",
        "x-ms-return-client-request-id": "true"
      },
      "RequestBody": null,
      "StatusCode": 202,
      "ResponseHeaders": {
        "Cache-Control": "no-cache",
        "Content-Length": "0",
        "Content-Type": "text/plain; charset=utf-8",
        "Date": "Mon, 14 Sep 2020 03:38:39 GMT",
        "Expires": "-1",
        "Location": "https://management.azure.com/subscriptions/c9cbd920-c00c-427c-852b-8aaf38badaeb/providers/Microsoft.Storage/locations/eastus2/asyncoperations/31acc20b-7149-4803-8312-9853dc66652f?monitor=true\u0026api-version=2019-06-01",
        "Pragma": "no-cache",
        "Retry-After": "17",
        "Server": "Microsoft-Azure-Storage-Resource-Provider/1.0,Microsoft-HTTPAPI/2.0 Microsoft-HTTPAPI/2.0",
        "Strict-Transport-Security": "max-age=31536000; includeSubDomains",
        "X-Content-Type-Options": "nosniff",
        "x-ms-client-request-id": "f8479fa97457f20f149c5f8712c9b15f",
        "x-ms-correlation-request-id": "8ef5783f-a87b-49c8-bd34-56e289ebae15",
        "x-ms-ratelimit-remaining-subscription-reads": "11472",
        "x-ms-request-id": "40407ea5-73c9-4a12-a247-750b59d35187",
        "x-ms-routing-request-id": "SOUTHEASTASIA:20200914T033839Z:8ef5783f-a87b-49c8-bd34-56e289ebae15"
      },
      "ResponseBody": []
    },
    {
      "RequestUri": "https://management.azure.com/subscriptions/c9cbd920-c00c-427c-852b-8aaf38badaeb/providers/Microsoft.Storage/locations/eastus2/asyncoperations/31acc20b-7149-4803-8312-9853dc66652f?monitor=true\u0026api-version=2019-06-01",
      "RequestMethod": "GET",
      "RequestHeaders": {
        "Authorization": "Sanitized",
        "User-Agent": [
          "azsdk-net-ResourceManager.Storage/1.0.0-alpha.20200914.1",
          "(.NET Core 4.6.29130.01; Microsoft Windows 10.0.19041 )"
        ],
        "x-ms-client-request-id": "df525602957229500ea64127e3e77517",
        "x-ms-return-client-request-id": "true"
      },
      "RequestBody": null,
      "StatusCode": 202,
      "ResponseHeaders": {
        "Cache-Control": "no-cache",
        "Content-Length": "0",
        "Content-Type": "text/plain; charset=utf-8",
        "Date": "Mon, 14 Sep 2020 03:38:40 GMT",
        "Expires": "-1",
        "Location": "https://management.azure.com/subscriptions/c9cbd920-c00c-427c-852b-8aaf38badaeb/providers/Microsoft.Storage/locations/eastus2/asyncoperations/31acc20b-7149-4803-8312-9853dc66652f?monitor=true\u0026api-version=2019-06-01",
        "Pragma": "no-cache",
        "Retry-After": "17",
        "Server": "Microsoft-Azure-Storage-Resource-Provider/1.0,Microsoft-HTTPAPI/2.0 Microsoft-HTTPAPI/2.0",
        "Strict-Transport-Security": "max-age=31536000; includeSubDomains",
        "X-Content-Type-Options": "nosniff",
        "x-ms-client-request-id": "df525602957229500ea64127e3e77517",
        "x-ms-correlation-request-id": "f138930c-c143-4afc-8e97-bb11610950b9",
        "x-ms-ratelimit-remaining-subscription-reads": "11471",
        "x-ms-request-id": "bfa0f225-ca61-482d-946f-5fe319e64fd1",
        "x-ms-routing-request-id": "SOUTHEASTASIA:20200914T033841Z:f138930c-c143-4afc-8e97-bb11610950b9"
      },
      "ResponseBody": []
    },
    {
      "RequestUri": "https://management.azure.com/subscriptions/c9cbd920-c00c-427c-852b-8aaf38badaeb/providers/Microsoft.Storage/locations/eastus2/asyncoperations/31acc20b-7149-4803-8312-9853dc66652f?monitor=true\u0026api-version=2019-06-01",
      "RequestMethod": "GET",
      "RequestHeaders": {
        "Authorization": "Sanitized",
        "User-Agent": [
          "azsdk-net-ResourceManager.Storage/1.0.0-alpha.20200914.1",
          "(.NET Core 4.6.29130.01; Microsoft Windows 10.0.19041 )"
        ],
        "x-ms-client-request-id": "128838d7e3e990bdc10ff32c8b67cfca",
        "x-ms-return-client-request-id": "true"
      },
      "RequestBody": null,
      "StatusCode": 200,
      "ResponseHeaders": {
        "Cache-Control": "no-cache",
        "Content-Length": "1167",
        "Content-Type": "application/json",
        "Date": "Mon, 14 Sep 2020 03:38:41 GMT",
        "Expires": "-1",
        "Pragma": "no-cache",
        "Server": "Microsoft-Azure-Storage-Resource-Provider/1.0,Microsoft-HTTPAPI/2.0 Microsoft-HTTPAPI/2.0",
        "Strict-Transport-Security": "max-age=31536000; includeSubDomains",
        "X-Content-Type-Options": "nosniff",
        "x-ms-client-request-id": "128838d7e3e990bdc10ff32c8b67cfca",
        "x-ms-correlation-request-id": "4600388e-de67-424b-95c0-8ffd1c437afc",
        "x-ms-ratelimit-remaining-subscription-reads": "11470",
        "x-ms-request-id": "4fa0b864-5f73-4d6c-88ae-788d9102fbe6",
        "x-ms-routing-request-id": "SOUTHEASTASIA:20200914T033842Z:4600388e-de67-424b-95c0-8ffd1c437afc"
      },
      "ResponseBody": {
        "sku": {
          "name": "Standard_GRS",
          "tier": "Standard"
        },
        "kind": "Storage",
        "id": "/subscriptions/c9cbd920-c00c-427c-852b-8aaf38badaeb/resourceGroups/res5170/providers/Microsoft.Storage/storageAccounts/sto1746",
        "name": "sto1746",
        "type": "Microsoft.Storage/storageAccounts",
        "location": "eastus2",
        "tags": {
          "key1": "value1",
          "key2": "value2"
        },
        "properties": {
          "privateEndpointConnections": [],
          "networkAcls": {
            "bypass": "AzureServices",
            "virtualNetworkRules": [],
            "ipRules": [],
            "defaultAction": "Allow"
          },
          "supportsHttpsTrafficOnly": true,
          "encryption": {
            "services": {
              "file": {
                "keyType": "Account",
                "enabled": true,
                "lastEnabledTime": "2020-09-14T03:38:25.7949585Z"
              },
              "blob": {
                "keyType": "Account",
                "enabled": true,
                "lastEnabledTime": "2020-09-14T03:38:25.7949585Z"
              }
            },
            "keySource": "Microsoft.Storage"
          },
          "provisioningState": "Succeeded",
          "creationTime": "2020-09-14T03:38:25.6855928Z",
          "primaryEndpoints": {
            "blob": "https://sto1746.blob.core.windows.net/",
            "queue": "https://sto1746.queue.core.windows.net/",
            "table": "https://sto1746.table.core.windows.net/",
            "file": "https://sto1746.file.core.windows.net/"
          },
          "primaryLocation": "eastus2",
          "statusOfPrimary": "available",
          "secondaryLocation": "centralus",
          "statusOfSecondary": "available"
        }
      }
    },
    {
      "RequestUri": "https://management.azure.com/subscriptions/c9cbd920-c00c-427c-852b-8aaf38badaeb/resourceGroups/res5170/providers/Microsoft.Storage/storageAccounts/sto1746/ListAccountSas?api-version=2019-06-01",
      "RequestMethod": "POST",
      "RequestHeaders": {
        "Accept": "application/json",
        "Authorization": "Sanitized",
        "Content-Length": "223",
        "Content-Type": "application/json",
        "traceparent": "00-ab400ecc363b354f9c681f31c7af3ef4-7efc978682df614e-00",
        "User-Agent": [
          "azsdk-net-ResourceManager.Storage/1.0.0-alpha.20200914.1",
          "(.NET Core 4.6.29130.01; Microsoft Windows 10.0.19041 )"
        ],
        "x-ms-client-request-id": "925991b4c67f14bd4f1eeab132e80e2c",
        "x-ms-return-client-request-id": "true"
      },
      "RequestBody": {
        "signedServices": "bftq",
        "signedResourceTypes": "sco",
        "signedPermission": "rdwlacup",
        "signedProtocol": "https,http",
        "signedStart": "2020-09-14T03:38:41.7057665Z",
        "signedExpiry": "2020-09-14T04:38:41.7057665Z",
        "keyToSign": "key1"
      },
      "StatusCode": 200,
      "ResponseHeaders": {
        "Cache-Control": "no-cache",
        "Content-Length": "209",
        "Content-Type": "application/json",
        "Date": "Mon, 14 Sep 2020 03:38:42 GMT",
        "Expires": "-1",
        "Pragma": "no-cache",
        "Server": "Microsoft-Azure-Storage-Resource-Provider/1.0,Microsoft-HTTPAPI/2.0 Microsoft-HTTPAPI/2.0",
        "Strict-Transport-Security": "max-age=31536000; includeSubDomains",
        "X-Content-Type-Options": "nosniff",
        "x-ms-client-request-id": "925991b4c67f14bd4f1eeab132e80e2c",
        "x-ms-correlation-request-id": "52e89347-4fc7-4e82-a2ed-11234390338d",
        "x-ms-ratelimit-remaining-subscription-writes": "1194",
        "x-ms-request-id": "1025eab4-1597-4d49-a882-4569852140be",
        "x-ms-routing-request-id": "SOUTHEASTASIA:20200914T033842Z:52e89347-4fc7-4e82-a2ed-11234390338d"
      },
      "ResponseBody": {
        "accountSasToken": "sv=2015-04-05\u0026ss=bftq\u0026srt=sco\u0026sp=rdwlacup\u0026st=2020-09-14T03%3A38%3A41.7057665Z\u0026se=2020-09-14T04%3A38%3A41.7057665Z\u0026spr=https,http\u0026sig=ze4%2B2VeBXV9r8lK%2FBkD72%2FOBDXE%2BSHhSvtKwemn4eAI%3D"
      }
    }
  ],
  "Variables": {
    "DateTimeOffsetNow": "2020-09-14T11:38:41.7057665\u002B08:00",
    "RandomSeed": "2042394430",
    "SUBSCRIPTION_ID": "c9cbd920-c00c-427c-852b-8aaf38badaeb"
  }
}