{
  "Entries": [
    {
      "RequestUri": "https://management.azure.com/subscriptions/45b60d85-fd72-427a-a708-f994d26e593e/resourcegroups/res10?api-version=2017-05-10",
      "RequestMethod": "PUT",
      "RequestHeaders": {
        "Authorization": "Sanitized",
        "Content-Length": "22",
        "Content-Type": "application/json",
        "traceparent": "00-2c571b4f207b0547a0b99852c44c5c8d-74b7825cc9af4146-00",
        "User-Agent": [
          "azsdk-net-ResourceManager.Storage.Tests/1.0.0-dev.20200611.1",
          "(.NET Core 4.6.28801.04; Microsoft Windows 10.0.19041 )"
        ],
        "x-ms-client-request-id": "9598d2cf114eddd66e953da22d17a7da",
        "x-ms-return-client-request-id": "true"
      },
      "RequestBody": {
        "location": "eastus2"
      },
      "StatusCode": 201,
      "ResponseHeaders": {
        "Cache-Control": "no-cache",
        "Content-Length": "164",
        "Content-Type": "application/json; charset=utf-8",
        "Date": "Thu, 11 Jun 2020 04:52:17 GMT",
        "Expires": "-1",
        "Pragma": "no-cache",
        "Strict-Transport-Security": "max-age=31536000; includeSubDomains",
        "X-Content-Type-Options": "nosniff",
        "x-ms-correlation-request-id": "800f5225-ca8f-4cba-af32-35fb6b3c44c2",
        "x-ms-ratelimit-remaining-subscription-writes": "1064",
        "x-ms-request-id": "800f5225-ca8f-4cba-af32-35fb6b3c44c2",
        "x-ms-routing-request-id": "KOREASOUTH:20200611T045218Z:800f5225-ca8f-4cba-af32-35fb6b3c44c2"
      },
      "ResponseBody": {
        "id": "/subscriptions/45b60d85-fd72-427a-a708-f994d26e593e/resourceGroups/res10",
        "name": "res10",
        "location": "eastus2",
        "properties": {
          "provisioningState": "Succeeded"
        }
      }
    },
    {
      "RequestUri": "https://management.azure.com/subscriptions/45b60d85-fd72-427a-a708-f994d26e593e/resourceGroups/res10/providers/Microsoft.Storage/storageAccounts/sto9779?api-version=2019-06-01",
      "RequestMethod": "PUT",
      "RequestHeaders": {
        "Authorization": "Sanitized",
        "Content-Length": "133",
        "Content-Type": "application/json",
        "traceparent": "00-cc017f806dc44e4582be7f830bd766c3-50fbc08293de0b4b-00",
        "User-Agent": [
          "azsdk-net-ResourceManager.Storage/1.0.0-dev.20200611.1",
          "(.NET Core 4.6.28801.04; Microsoft Windows 10.0.19041 )"
        ],
        "x-ms-client-request-id": "35e8d2d08be2a405cbc60d56eb64a904",
        "x-ms-return-client-request-id": "true"
      },
      "RequestBody": {
        "sku": {
          "name": "Standard_GRS"
        },
        "kind": "Storage",
        "location": "eastus2(stage)",
        "tags": {
          "key1": "value1",
          "key2": "value2"
        },
        "properties": {}
      },
      "StatusCode": 202,
      "ResponseHeaders": {
        "Cache-Control": "no-cache",
        "Content-Length": "0",
        "Content-Type": "text/plain; charset=utf-8",
        "Date": "Thu, 11 Jun 2020 04:52:20 GMT",
        "Expires": "-1",
        "Location": "https://management.azure.com/subscriptions/45b60d85-fd72-427a-a708-f994d26e593e/providers/Microsoft.Storage/locations/eastus2(stage)/asyncoperations/02520558-fe29-4890-ae38-78bac3386511?monitor=true\u0026api-version=2019-06-01",
        "Pragma": "no-cache",
        "Retry-After": "17",
        "Server": "Microsoft-Azure-Storage-Resource-Provider/1.0,Microsoft-HTTPAPI/2.0 Microsoft-HTTPAPI/2.0",
        "Strict-Transport-Security": "max-age=31536000; includeSubDomains",
        "X-Content-Type-Options": "nosniff",
        "x-ms-client-request-id": "35e8d2d08be2a405cbc60d56eb64a904",
        "x-ms-correlation-request-id": "b266fb0b-f3e1-4060-936a-042330007038",
        "x-ms-ratelimit-remaining-subscription-writes": "1063",
        "x-ms-request-id": "02520558-fe29-4890-ae38-78bac3386511",
        "x-ms-routing-request-id": "KOREASOUTH:20200611T045220Z:b266fb0b-f3e1-4060-936a-042330007038"
      },
      "ResponseBody": []
    },
    {
      "RequestUri": "https://management.azure.com/subscriptions/45b60d85-fd72-427a-a708-f994d26e593e/providers/Microsoft.Storage/locations/eastus2(stage)/asyncoperations/02520558-fe29-4890-ae38-78bac3386511?monitor=true\u0026api-version=2019-06-01",
      "RequestMethod": "GET",
      "RequestHeaders": {
        "Authorization": "Sanitized",
        "User-Agent": [
          "azsdk-net-ResourceManager.Storage/1.0.0-dev.20200611.1",
          "(.NET Core 4.6.28801.04; Microsoft Windows 10.0.19041 )"
        ],
        "x-ms-client-request-id": "d7ced4ea3e1347ec93f0824ac8868331",
        "x-ms-return-client-request-id": "true"
      },
      "RequestBody": null,
      "StatusCode": 202,
      "ResponseHeaders": {
        "Cache-Control": "no-cache",
        "Content-Length": "0",
        "Content-Type": "text/plain; charset=utf-8",
        "Date": "Thu, 11 Jun 2020 04:52:20 GMT",
        "Expires": "-1",
        "Location": "https://management.azure.com/subscriptions/45b60d85-fd72-427a-a708-f994d26e593e/providers/Microsoft.Storage/locations/eastus2(stage)/asyncoperations/02520558-fe29-4890-ae38-78bac3386511?monitor=true\u0026api-version=2019-06-01",
        "Pragma": "no-cache",
        "Retry-After": "17",
        "Server": "Microsoft-Azure-Storage-Resource-Provider/1.0,Microsoft-HTTPAPI/2.0 Microsoft-HTTPAPI/2.0",
        "Strict-Transport-Security": "max-age=31536000; includeSubDomains",
        "X-Content-Type-Options": "nosniff",
        "x-ms-client-request-id": "d7ced4ea3e1347ec93f0824ac8868331",
        "x-ms-correlation-request-id": "1646ecef-9c0d-428f-b44f-2a5298c9d97a",
        "x-ms-ratelimit-remaining-subscription-reads": "10596",
        "x-ms-request-id": "da477a27-46ba-494d-a0f1-7684d85c0a3c",
        "x-ms-routing-request-id": "KOREASOUTH:20200611T045221Z:1646ecef-9c0d-428f-b44f-2a5298c9d97a"
      },
      "ResponseBody": []
    },
    {
      "RequestUri": "https://management.azure.com/subscriptions/45b60d85-fd72-427a-a708-f994d26e593e/providers/Microsoft.Storage/locations/eastus2(stage)/asyncoperations/02520558-fe29-4890-ae38-78bac3386511?monitor=true\u0026api-version=2019-06-01",
      "RequestMethod": "GET",
      "RequestHeaders": {
        "Authorization": "Sanitized",
        "User-Agent": [
          "azsdk-net-ResourceManager.Storage/1.0.0-dev.20200611.1",
          "(.NET Core 4.6.28801.04; Microsoft Windows 10.0.19041 )"
        ],
        "x-ms-client-request-id": "56229e94024bb0ce25d657b5b04db4a0",
        "x-ms-return-client-request-id": "true"
      },
      "RequestBody": null,
      "StatusCode": 202,
      "ResponseHeaders": {
        "Cache-Control": "no-cache",
        "Content-Length": "0",
        "Content-Type": "text/plain; charset=utf-8",
        "Date": "Thu, 11 Jun 2020 04:52:21 GMT",
        "Expires": "-1",
        "Location": "https://management.azure.com/subscriptions/45b60d85-fd72-427a-a708-f994d26e593e/providers/Microsoft.Storage/locations/eastus2(stage)/asyncoperations/02520558-fe29-4890-ae38-78bac3386511?monitor=true\u0026api-version=2019-06-01",
        "Pragma": "no-cache",
        "Retry-After": "17",
        "Server": "Microsoft-Azure-Storage-Resource-Provider/1.0,Microsoft-HTTPAPI/2.0 Microsoft-HTTPAPI/2.0",
        "Strict-Transport-Security": "max-age=31536000; includeSubDomains",
        "X-Content-Type-Options": "nosniff",
        "x-ms-client-request-id": "56229e94024bb0ce25d657b5b04db4a0",
        "x-ms-correlation-request-id": "c688718a-8205-4211-9984-58d41fce51a6",
        "x-ms-ratelimit-remaining-subscription-reads": "10595",
        "x-ms-request-id": "6578d3ce-72eb-4564-a65f-ddba5429e4de",
        "x-ms-routing-request-id": "KOREASOUTH:20200611T045222Z:c688718a-8205-4211-9984-58d41fce51a6"
      },
      "ResponseBody": []
    },
    {
      "RequestUri": "https://management.azure.com/subscriptions/45b60d85-fd72-427a-a708-f994d26e593e/providers/Microsoft.Storage/locations/eastus2(stage)/asyncoperations/02520558-fe29-4890-ae38-78bac3386511?monitor=true\u0026api-version=2019-06-01",
      "RequestMethod": "GET",
      "RequestHeaders": {
        "Authorization": "Sanitized",
        "User-Agent": [
          "azsdk-net-ResourceManager.Storage/1.0.0-dev.20200611.1",
          "(.NET Core 4.6.28801.04; Microsoft Windows 10.0.19041 )"
        ],
        "x-ms-client-request-id": "176c7a93d295ccf0d314445b9d624957",
        "x-ms-return-client-request-id": "true"
      },
      "RequestBody": null,
      "StatusCode": 202,
      "ResponseHeaders": {
        "Cache-Control": "no-cache",
        "Content-Length": "0",
        "Content-Type": "text/plain; charset=utf-8",
        "Date": "Thu, 11 Jun 2020 04:52:23 GMT",
        "Expires": "-1",
        "Location": "https://management.azure.com/subscriptions/45b60d85-fd72-427a-a708-f994d26e593e/providers/Microsoft.Storage/locations/eastus2(stage)/asyncoperations/02520558-fe29-4890-ae38-78bac3386511?monitor=true\u0026api-version=2019-06-01",
        "Pragma": "no-cache",
        "Retry-After": "17",
        "Server": "Microsoft-Azure-Storage-Resource-Provider/1.0,Microsoft-HTTPAPI/2.0 Microsoft-HTTPAPI/2.0",
        "Strict-Transport-Security": "max-age=31536000; includeSubDomains",
        "X-Content-Type-Options": "nosniff",
        "x-ms-client-request-id": "176c7a93d295ccf0d314445b9d624957",
        "x-ms-correlation-request-id": "e122a598-d191-4d2b-bd75-04fbe1c44235",
        "x-ms-ratelimit-remaining-subscription-reads": "10594",
        "x-ms-request-id": "de4073d0-84f0-4e20-9126-88d51f6f73fd",
        "x-ms-routing-request-id": "KOREASOUTH:20200611T045223Z:e122a598-d191-4d2b-bd75-04fbe1c44235"
      },
      "ResponseBody": []
    },
    {
      "RequestUri": "https://management.azure.com/subscriptions/45b60d85-fd72-427a-a708-f994d26e593e/providers/Microsoft.Storage/locations/eastus2(stage)/asyncoperations/02520558-fe29-4890-ae38-78bac3386511?monitor=true\u0026api-version=2019-06-01",
      "RequestMethod": "GET",
      "RequestHeaders": {
        "Authorization": "Sanitized",
        "User-Agent": [
          "azsdk-net-ResourceManager.Storage/1.0.0-dev.20200611.1",
          "(.NET Core 4.6.28801.04; Microsoft Windows 10.0.19041 )"
        ],
        "x-ms-client-request-id": "5123a9a9dd09e747051eb13de6379645",
        "x-ms-return-client-request-id": "true"
      },
      "RequestBody": null,
      "StatusCode": 202,
      "ResponseHeaders": {
        "Cache-Control": "no-cache",
        "Content-Length": "0",
        "Content-Type": "text/plain; charset=utf-8",
        "Date": "Thu, 11 Jun 2020 04:52:24 GMT",
        "Expires": "-1",
        "Location": "https://management.azure.com/subscriptions/45b60d85-fd72-427a-a708-f994d26e593e/providers/Microsoft.Storage/locations/eastus2(stage)/asyncoperations/02520558-fe29-4890-ae38-78bac3386511?monitor=true\u0026api-version=2019-06-01",
        "Pragma": "no-cache",
        "Retry-After": "17",
        "Server": "Microsoft-Azure-Storage-Resource-Provider/1.0,Microsoft-HTTPAPI/2.0 Microsoft-HTTPAPI/2.0",
        "Strict-Transport-Security": "max-age=31536000; includeSubDomains",
        "X-Content-Type-Options": "nosniff",
        "x-ms-client-request-id": "5123a9a9dd09e747051eb13de6379645",
        "x-ms-correlation-request-id": "02ed2aac-5479-4041-aada-716ad42a8602",
        "x-ms-ratelimit-remaining-subscription-reads": "10593",
        "x-ms-request-id": "ec234b9b-1a04-43e2-9947-3e339d2c6d29",
        "x-ms-routing-request-id": "KOREASOUTH:20200611T045224Z:02ed2aac-5479-4041-aada-716ad42a8602"
      },
      "ResponseBody": []
    },
    {
      "RequestUri": "https://management.azure.com/subscriptions/45b60d85-fd72-427a-a708-f994d26e593e/providers/Microsoft.Storage/locations/eastus2(stage)/asyncoperations/02520558-fe29-4890-ae38-78bac3386511?monitor=true\u0026api-version=2019-06-01",
      "RequestMethod": "GET",
      "RequestHeaders": {
        "Authorization": "Sanitized",
        "User-Agent": [
          "azsdk-net-ResourceManager.Storage/1.0.0-dev.20200611.1",
          "(.NET Core 4.6.28801.04; Microsoft Windows 10.0.19041 )"
        ],
        "x-ms-client-request-id": "4db7e23b6c1ac29cad558236be7212c2",
        "x-ms-return-client-request-id": "true"
      },
      "RequestBody": null,
      "StatusCode": 202,
      "ResponseHeaders": {
        "Cache-Control": "no-cache",
        "Content-Length": "0",
        "Content-Type": "text/plain; charset=utf-8",
        "Date": "Thu, 11 Jun 2020 04:52:25 GMT",
        "Expires": "-1",
        "Location": "https://management.azure.com/subscriptions/45b60d85-fd72-427a-a708-f994d26e593e/providers/Microsoft.Storage/locations/eastus2(stage)/asyncoperations/02520558-fe29-4890-ae38-78bac3386511?monitor=true\u0026api-version=2019-06-01",
        "Pragma": "no-cache",
        "Retry-After": "17",
        "Server": "Microsoft-Azure-Storage-Resource-Provider/1.0,Microsoft-HTTPAPI/2.0 Microsoft-HTTPAPI/2.0",
        "Strict-Transport-Security": "max-age=31536000; includeSubDomains",
        "X-Content-Type-Options": "nosniff",
        "x-ms-client-request-id": "4db7e23b6c1ac29cad558236be7212c2",
        "x-ms-correlation-request-id": "e30cc175-94f1-4a2d-b77e-91ecc8d4d47f",
        "x-ms-ratelimit-remaining-subscription-reads": "10592",
        "x-ms-request-id": "a8ea9b29-f984-4bd1-862c-a9451b0c5784",
        "x-ms-routing-request-id": "KOREASOUTH:20200611T045226Z:e30cc175-94f1-4a2d-b77e-91ecc8d4d47f"
      },
      "ResponseBody": []
    },
    {
      "RequestUri": "https://management.azure.com/subscriptions/45b60d85-fd72-427a-a708-f994d26e593e/providers/Microsoft.Storage/locations/eastus2(stage)/asyncoperations/02520558-fe29-4890-ae38-78bac3386511?monitor=true\u0026api-version=2019-06-01",
      "RequestMethod": "GET",
      "RequestHeaders": {
        "Authorization": "Sanitized",
        "User-Agent": [
          "azsdk-net-ResourceManager.Storage/1.0.0-dev.20200611.1",
          "(.NET Core 4.6.28801.04; Microsoft Windows 10.0.19041 )"
        ],
        "x-ms-client-request-id": "070bff8c6329b6963384117620b3e59c",
        "x-ms-return-client-request-id": "true"
      },
      "RequestBody": null,
      "StatusCode": 202,
      "ResponseHeaders": {
        "Cache-Control": "no-cache",
        "Content-Length": "0",
        "Content-Type": "text/plain; charset=utf-8",
        "Date": "Thu, 11 Jun 2020 04:52:26 GMT",
        "Expires": "-1",
        "Location": "https://management.azure.com/subscriptions/45b60d85-fd72-427a-a708-f994d26e593e/providers/Microsoft.Storage/locations/eastus2(stage)/asyncoperations/02520558-fe29-4890-ae38-78bac3386511?monitor=true\u0026api-version=2019-06-01",
        "Pragma": "no-cache",
        "Retry-After": "17",
        "Server": "Microsoft-Azure-Storage-Resource-Provider/1.0,Microsoft-HTTPAPI/2.0 Microsoft-HTTPAPI/2.0",
        "Strict-Transport-Security": "max-age=31536000; includeSubDomains",
        "X-Content-Type-Options": "nosniff",
        "x-ms-client-request-id": "070bff8c6329b6963384117620b3e59c",
        "x-ms-correlation-request-id": "f7760dea-963b-46e5-ae6c-176886626cfe",
        "x-ms-ratelimit-remaining-subscription-reads": "10591",
        "x-ms-request-id": "882468ee-3e17-4818-8ad7-3ba38f742897",
        "x-ms-routing-request-id": "KOREASOUTH:20200611T045227Z:f7760dea-963b-46e5-ae6c-176886626cfe"
      },
      "ResponseBody": []
    },
    {
      "RequestUri": "https://management.azure.com/subscriptions/45b60d85-fd72-427a-a708-f994d26e593e/providers/Microsoft.Storage/locations/eastus2(stage)/asyncoperations/02520558-fe29-4890-ae38-78bac3386511?monitor=true\u0026api-version=2019-06-01",
      "RequestMethod": "GET",
      "RequestHeaders": {
        "Authorization": "Sanitized",
        "User-Agent": [
          "azsdk-net-ResourceManager.Storage/1.0.0-dev.20200611.1",
          "(.NET Core 4.6.28801.04; Microsoft Windows 10.0.19041 )"
        ],
        "x-ms-client-request-id": "ba1ffe7efcaa3d3d0d61a3b35a102993",
        "x-ms-return-client-request-id": "true"
      },
      "RequestBody": null,
      "StatusCode": 202,
      "ResponseHeaders": {
        "Cache-Control": "no-cache",
        "Content-Length": "0",
        "Content-Type": "text/plain; charset=utf-8",
        "Date": "Thu, 11 Jun 2020 04:52:27 GMT",
        "Expires": "-1",
        "Location": "https://management.azure.com/subscriptions/45b60d85-fd72-427a-a708-f994d26e593e/providers/Microsoft.Storage/locations/eastus2(stage)/asyncoperations/02520558-fe29-4890-ae38-78bac3386511?monitor=true\u0026api-version=2019-06-01",
        "Pragma": "no-cache",
        "Retry-After": "17",
        "Server": "Microsoft-Azure-Storage-Resource-Provider/1.0,Microsoft-HTTPAPI/2.0 Microsoft-HTTPAPI/2.0",
        "Strict-Transport-Security": "max-age=31536000; includeSubDomains",
        "X-Content-Type-Options": "nosniff",
        "x-ms-client-request-id": "ba1ffe7efcaa3d3d0d61a3b35a102993",
        "x-ms-correlation-request-id": "2075dced-f153-493f-897f-cc5a46269728",
        "x-ms-ratelimit-remaining-subscription-reads": "10590",
        "x-ms-request-id": "0aa98617-d0ea-4f95-b1bd-61e6f8692c48",
        "x-ms-routing-request-id": "KOREASOUTH:20200611T045228Z:2075dced-f153-493f-897f-cc5a46269728"
      },
      "ResponseBody": []
    },
    {
      "RequestUri": "https://management.azure.com/subscriptions/45b60d85-fd72-427a-a708-f994d26e593e/providers/Microsoft.Storage/locations/eastus2(stage)/asyncoperations/02520558-fe29-4890-ae38-78bac3386511?monitor=true\u0026api-version=2019-06-01",
      "RequestMethod": "GET",
      "RequestHeaders": {
        "Authorization": "Sanitized",
        "User-Agent": [
          "azsdk-net-ResourceManager.Storage/1.0.0-dev.20200611.1",
          "(.NET Core 4.6.28801.04; Microsoft Windows 10.0.19041 )"
        ],
        "x-ms-client-request-id": "e7b0ee0c8e2bd81b4b011a955b25a2fa",
        "x-ms-return-client-request-id": "true"
      },
      "RequestBody": null,
      "StatusCode": 202,
      "ResponseHeaders": {
        "Cache-Control": "no-cache",
        "Content-Length": "0",
        "Content-Type": "text/plain; charset=utf-8",
        "Date": "Thu, 11 Jun 2020 04:52:29 GMT",
        "Expires": "-1",
        "Location": "https://management.azure.com/subscriptions/45b60d85-fd72-427a-a708-f994d26e593e/providers/Microsoft.Storage/locations/eastus2(stage)/asyncoperations/02520558-fe29-4890-ae38-78bac3386511?monitor=true\u0026api-version=2019-06-01",
        "Pragma": "no-cache",
        "Retry-After": "17",
        "Server": "Microsoft-Azure-Storage-Resource-Provider/1.0,Microsoft-HTTPAPI/2.0 Microsoft-HTTPAPI/2.0",
        "Strict-Transport-Security": "max-age=31536000; includeSubDomains",
        "X-Content-Type-Options": "nosniff",
        "x-ms-client-request-id": "e7b0ee0c8e2bd81b4b011a955b25a2fa",
        "x-ms-correlation-request-id": "cbd8cc68-2b14-475e-96c8-06e721f8cce6",
        "x-ms-ratelimit-remaining-subscription-reads": "10589",
        "x-ms-request-id": "f524a05a-b115-4730-aa5e-cd141983f54c",
        "x-ms-routing-request-id": "KOREASOUTH:20200611T045229Z:cbd8cc68-2b14-475e-96c8-06e721f8cce6"
      },
      "ResponseBody": []
    },
    {
      "RequestUri": "https://management.azure.com/subscriptions/45b60d85-fd72-427a-a708-f994d26e593e/providers/Microsoft.Storage/locations/eastus2(stage)/asyncoperations/02520558-fe29-4890-ae38-78bac3386511?monitor=true\u0026api-version=2019-06-01",
      "RequestMethod": "GET",
      "RequestHeaders": {
        "Authorization": "Sanitized",
        "User-Agent": [
          "azsdk-net-ResourceManager.Storage/1.0.0-dev.20200611.1",
          "(.NET Core 4.6.28801.04; Microsoft Windows 10.0.19041 )"
        ],
        "x-ms-client-request-id": "bfb8e67057529017c1cefac8bfe35b22",
        "x-ms-return-client-request-id": "true"
      },
      "RequestBody": null,
      "StatusCode": 202,
      "ResponseHeaders": {
        "Cache-Control": "no-cache",
        "Content-Length": "0",
        "Content-Type": "text/plain; charset=utf-8",
        "Date": "Thu, 11 Jun 2020 04:52:30 GMT",
        "Expires": "-1",
        "Location": "https://management.azure.com/subscriptions/45b60d85-fd72-427a-a708-f994d26e593e/providers/Microsoft.Storage/locations/eastus2(stage)/asyncoperations/02520558-fe29-4890-ae38-78bac3386511?monitor=true\u0026api-version=2019-06-01",
        "Pragma": "no-cache",
        "Retry-After": "17",
        "Server": "Microsoft-Azure-Storage-Resource-Provider/1.0,Microsoft-HTTPAPI/2.0 Microsoft-HTTPAPI/2.0",
        "Strict-Transport-Security": "max-age=31536000; includeSubDomains",
        "X-Content-Type-Options": "nosniff",
        "x-ms-client-request-id": "bfb8e67057529017c1cefac8bfe35b22",
        "x-ms-correlation-request-id": "1586c5de-3c06-411c-a32d-8dfe4c5cd16b",
        "x-ms-ratelimit-remaining-subscription-reads": "10588",
        "x-ms-request-id": "9921f173-544d-4fbd-b0a4-8cd9e2e8405e",
        "x-ms-routing-request-id": "KOREASOUTH:20200611T045231Z:1586c5de-3c06-411c-a32d-8dfe4c5cd16b"
      },
      "ResponseBody": []
    },
    {
      "RequestUri": "https://management.azure.com/subscriptions/45b60d85-fd72-427a-a708-f994d26e593e/providers/Microsoft.Storage/locations/eastus2(stage)/asyncoperations/02520558-fe29-4890-ae38-78bac3386511?monitor=true\u0026api-version=2019-06-01",
      "RequestMethod": "GET",
      "RequestHeaders": {
        "Authorization": "Sanitized",
        "User-Agent": [
          "azsdk-net-ResourceManager.Storage/1.0.0-dev.20200611.1",
          "(.NET Core 4.6.28801.04; Microsoft Windows 10.0.19041 )"
        ],
        "x-ms-client-request-id": "31697e5bfe02ef70e2476fa9e2a8e1e7",
        "x-ms-return-client-request-id": "true"
      },
      "RequestBody": null,
      "StatusCode": 202,
      "ResponseHeaders": {
        "Cache-Control": "no-cache",
        "Content-Length": "0",
        "Content-Type": "text/plain; charset=utf-8",
        "Date": "Thu, 11 Jun 2020 04:52:31 GMT",
        "Expires": "-1",
        "Location": "https://management.azure.com/subscriptions/45b60d85-fd72-427a-a708-f994d26e593e/providers/Microsoft.Storage/locations/eastus2(stage)/asyncoperations/02520558-fe29-4890-ae38-78bac3386511?monitor=true\u0026api-version=2019-06-01",
        "Pragma": "no-cache",
        "Retry-After": "17",
        "Server": "Microsoft-Azure-Storage-Resource-Provider/1.0,Microsoft-HTTPAPI/2.0 Microsoft-HTTPAPI/2.0",
        "Strict-Transport-Security": "max-age=31536000; includeSubDomains",
        "X-Content-Type-Options": "nosniff",
        "x-ms-client-request-id": "31697e5bfe02ef70e2476fa9e2a8e1e7",
        "x-ms-correlation-request-id": "03372b1c-90a7-4a2e-9e24-c212ecfe6d4f",
        "x-ms-ratelimit-remaining-subscription-reads": "10587",
        "x-ms-request-id": "4b008e4c-10a1-4be9-84eb-09c79f024d69",
        "x-ms-routing-request-id": "KOREASOUTH:20200611T045232Z:03372b1c-90a7-4a2e-9e24-c212ecfe6d4f"
      },
      "ResponseBody": []
    },
    {
      "RequestUri": "https://management.azure.com/subscriptions/45b60d85-fd72-427a-a708-f994d26e593e/providers/Microsoft.Storage/locations/eastus2(stage)/asyncoperations/02520558-fe29-4890-ae38-78bac3386511?monitor=true\u0026api-version=2019-06-01",
      "RequestMethod": "GET",
      "RequestHeaders": {
        "Authorization": "Sanitized",
        "User-Agent": [
          "azsdk-net-ResourceManager.Storage/1.0.0-dev.20200611.1",
          "(.NET Core 4.6.28801.04; Microsoft Windows 10.0.19041 )"
        ],
        "x-ms-client-request-id": "7443a9be6958b540d620255c93521968",
        "x-ms-return-client-request-id": "true"
      },
      "RequestBody": null,
      "StatusCode": 202,
      "ResponseHeaders": {
        "Cache-Control": "no-cache",
        "Content-Length": "0",
        "Content-Type": "text/plain; charset=utf-8",
        "Date": "Thu, 11 Jun 2020 04:52:32 GMT",
        "Expires": "-1",
        "Location": "https://management.azure.com/subscriptions/45b60d85-fd72-427a-a708-f994d26e593e/providers/Microsoft.Storage/locations/eastus2(stage)/asyncoperations/02520558-fe29-4890-ae38-78bac3386511?monitor=true\u0026api-version=2019-06-01",
        "Pragma": "no-cache",
        "Retry-After": "17",
        "Server": "Microsoft-Azure-Storage-Resource-Provider/1.0,Microsoft-HTTPAPI/2.0 Microsoft-HTTPAPI/2.0",
        "Strict-Transport-Security": "max-age=31536000; includeSubDomains",
        "X-Content-Type-Options": "nosniff",
        "x-ms-client-request-id": "7443a9be6958b540d620255c93521968",
        "x-ms-correlation-request-id": "cf912374-d7ef-416c-b1d9-4e40c9dbe6c1",
        "x-ms-ratelimit-remaining-subscription-reads": "10586",
        "x-ms-request-id": "dce36f5a-e125-4cb9-bcae-5c6d31e2507b",
        "x-ms-routing-request-id": "KOREASOUTH:20200611T045233Z:cf912374-d7ef-416c-b1d9-4e40c9dbe6c1"
      },
      "ResponseBody": []
    },
    {
      "RequestUri": "https://management.azure.com/subscriptions/45b60d85-fd72-427a-a708-f994d26e593e/providers/Microsoft.Storage/locations/eastus2(stage)/asyncoperations/02520558-fe29-4890-ae38-78bac3386511?monitor=true\u0026api-version=2019-06-01",
      "RequestMethod": "GET",
      "RequestHeaders": {
        "Authorization": "Sanitized",
        "User-Agent": [
          "azsdk-net-ResourceManager.Storage/1.0.0-dev.20200611.1",
          "(.NET Core 4.6.28801.04; Microsoft Windows 10.0.19041 )"
        ],
        "x-ms-client-request-id": "dc39f7a570bb71f775c8dc0be86ead19",
        "x-ms-return-client-request-id": "true"
      },
      "RequestBody": null,
      "StatusCode": 202,
      "ResponseHeaders": {
        "Cache-Control": "no-cache",
        "Content-Length": "0",
        "Content-Type": "text/plain; charset=utf-8",
        "Date": "Thu, 11 Jun 2020 04:52:34 GMT",
        "Expires": "-1",
        "Location": "https://management.azure.com/subscriptions/45b60d85-fd72-427a-a708-f994d26e593e/providers/Microsoft.Storage/locations/eastus2(stage)/asyncoperations/02520558-fe29-4890-ae38-78bac3386511?monitor=true\u0026api-version=2019-06-01",
        "Pragma": "no-cache",
        "Retry-After": "17",
        "Server": "Microsoft-Azure-Storage-Resource-Provider/1.0,Microsoft-HTTPAPI/2.0 Microsoft-HTTPAPI/2.0",
        "Strict-Transport-Security": "max-age=31536000; includeSubDomains",
        "X-Content-Type-Options": "nosniff",
        "x-ms-client-request-id": "dc39f7a570bb71f775c8dc0be86ead19",
        "x-ms-correlation-request-id": "a4890c33-bcd3-4b79-84f1-60087791a733",
        "x-ms-ratelimit-remaining-subscription-reads": "10585",
        "x-ms-request-id": "9788b0f3-c262-4197-b6ce-7f6b61eb9537",
        "x-ms-routing-request-id": "KOREASOUTH:20200611T045234Z:a4890c33-bcd3-4b79-84f1-60087791a733"
      },
      "ResponseBody": []
    },
    {
      "RequestUri": "https://management.azure.com/subscriptions/45b60d85-fd72-427a-a708-f994d26e593e/providers/Microsoft.Storage/locations/eastus2(stage)/asyncoperations/02520558-fe29-4890-ae38-78bac3386511?monitor=true\u0026api-version=2019-06-01",
      "RequestMethod": "GET",
      "RequestHeaders": {
        "Authorization": "Sanitized",
        "User-Agent": [
          "azsdk-net-ResourceManager.Storage/1.0.0-dev.20200611.1",
          "(.NET Core 4.6.28801.04; Microsoft Windows 10.0.19041 )"
        ],
        "x-ms-client-request-id": "150a13ece79ff2c93eb45ae1d9145c8f",
        "x-ms-return-client-request-id": "true"
      },
      "RequestBody": null,
      "StatusCode": 202,
      "ResponseHeaders": {
        "Cache-Control": "no-cache",
        "Content-Length": "0",
        "Content-Type": "text/plain; charset=utf-8",
        "Date": "Thu, 11 Jun 2020 04:52:35 GMT",
        "Expires": "-1",
        "Location": "https://management.azure.com/subscriptions/45b60d85-fd72-427a-a708-f994d26e593e/providers/Microsoft.Storage/locations/eastus2(stage)/asyncoperations/02520558-fe29-4890-ae38-78bac3386511?monitor=true\u0026api-version=2019-06-01",
        "Pragma": "no-cache",
        "Retry-After": "3",
        "Server": "Microsoft-Azure-Storage-Resource-Provider/1.0,Microsoft-HTTPAPI/2.0 Microsoft-HTTPAPI/2.0",
        "Strict-Transport-Security": "max-age=31536000; includeSubDomains",
        "X-Content-Type-Options": "nosniff",
        "x-ms-client-request-id": "150a13ece79ff2c93eb45ae1d9145c8f",
        "x-ms-correlation-request-id": "b4384f26-2e53-4565-9422-e225c0148395",
        "x-ms-ratelimit-remaining-subscription-reads": "10584",
        "x-ms-request-id": "a32cf7fc-5385-4f97-a5e2-e0b03abe4d13",
        "x-ms-routing-request-id": "KOREASOUTH:20200611T045236Z:b4384f26-2e53-4565-9422-e225c0148395"
      },
      "ResponseBody": []
    },
    {
      "RequestUri": "https://management.azure.com/subscriptions/45b60d85-fd72-427a-a708-f994d26e593e/providers/Microsoft.Storage/locations/eastus2(stage)/asyncoperations/02520558-fe29-4890-ae38-78bac3386511?monitor=true\u0026api-version=2019-06-01",
      "RequestMethod": "GET",
      "RequestHeaders": {
        "Authorization": "Sanitized",
        "User-Agent": [
          "azsdk-net-ResourceManager.Storage/1.0.0-dev.20200611.1",
          "(.NET Core 4.6.28801.04; Microsoft Windows 10.0.19041 )"
        ],
        "x-ms-client-request-id": "ea03062d056e4d2bb1d1fe908c34cc68",
        "x-ms-return-client-request-id": "true"
      },
      "RequestBody": null,
      "StatusCode": 202,
      "ResponseHeaders": {
        "Cache-Control": "no-cache",
        "Content-Length": "0",
        "Content-Type": "text/plain; charset=utf-8",
        "Date": "Thu, 11 Jun 2020 04:52:36 GMT",
        "Expires": "-1",
        "Location": "https://management.azure.com/subscriptions/45b60d85-fd72-427a-a708-f994d26e593e/providers/Microsoft.Storage/locations/eastus2(stage)/asyncoperations/02520558-fe29-4890-ae38-78bac3386511?monitor=true\u0026api-version=2019-06-01",
        "Pragma": "no-cache",
        "Retry-After": "3",
        "Server": "Microsoft-Azure-Storage-Resource-Provider/1.0,Microsoft-HTTPAPI/2.0 Microsoft-HTTPAPI/2.0",
        "Strict-Transport-Security": "max-age=31536000; includeSubDomains",
        "X-Content-Type-Options": "nosniff",
        "x-ms-client-request-id": "ea03062d056e4d2bb1d1fe908c34cc68",
        "x-ms-correlation-request-id": "3456e10a-1251-4e20-b981-63f9ad71035b",
        "x-ms-ratelimit-remaining-subscription-reads": "10583",
        "x-ms-request-id": "ffd1ae0e-7189-4588-84fb-4fbeba7de681",
        "x-ms-routing-request-id": "KOREASOUTH:20200611T045237Z:3456e10a-1251-4e20-b981-63f9ad71035b"
      },
      "ResponseBody": []
    },
    {
      "RequestUri": "https://management.azure.com/subscriptions/45b60d85-fd72-427a-a708-f994d26e593e/providers/Microsoft.Storage/locations/eastus2(stage)/asyncoperations/02520558-fe29-4890-ae38-78bac3386511?monitor=true\u0026api-version=2019-06-01",
      "RequestMethod": "GET",
      "RequestHeaders": {
        "Authorization": "Sanitized",
        "User-Agent": [
          "azsdk-net-ResourceManager.Storage/1.0.0-dev.20200611.1",
          "(.NET Core 4.6.28801.04; Microsoft Windows 10.0.19041 )"
        ],
        "x-ms-client-request-id": "806f0b720448bec82d469e0616169861",
        "x-ms-return-client-request-id": "true"
      },
      "RequestBody": null,
      "StatusCode": 202,
      "ResponseHeaders": {
        "Cache-Control": "no-cache",
        "Content-Length": "0",
        "Content-Type": "text/plain; charset=utf-8",
        "Date": "Thu, 11 Jun 2020 04:52:37 GMT",
        "Expires": "-1",
        "Location": "https://management.azure.com/subscriptions/45b60d85-fd72-427a-a708-f994d26e593e/providers/Microsoft.Storage/locations/eastus2(stage)/asyncoperations/02520558-fe29-4890-ae38-78bac3386511?monitor=true\u0026api-version=2019-06-01",
        "Pragma": "no-cache",
        "Retry-After": "3",
        "Server": "Microsoft-Azure-Storage-Resource-Provider/1.0,Microsoft-HTTPAPI/2.0 Microsoft-HTTPAPI/2.0",
        "Strict-Transport-Security": "max-age=31536000; includeSubDomains",
        "X-Content-Type-Options": "nosniff",
        "x-ms-client-request-id": "806f0b720448bec82d469e0616169861",
        "x-ms-correlation-request-id": "899382b8-b3c6-4e19-b5e8-d1f08f2eab76",
        "x-ms-ratelimit-remaining-subscription-reads": "10582",
        "x-ms-request-id": "d1a0b0fb-0f10-4487-af35-7cf313a66856",
        "x-ms-routing-request-id": "KOREASOUTH:20200611T045238Z:899382b8-b3c6-4e19-b5e8-d1f08f2eab76"
      },
      "ResponseBody": []
    },
    {
      "RequestUri": "https://management.azure.com/subscriptions/45b60d85-fd72-427a-a708-f994d26e593e/providers/Microsoft.Storage/locations/eastus2(stage)/asyncoperations/02520558-fe29-4890-ae38-78bac3386511?monitor=true\u0026api-version=2019-06-01",
      "RequestMethod": "GET",
      "RequestHeaders": {
        "Authorization": "Sanitized",
        "User-Agent": [
          "azsdk-net-ResourceManager.Storage/1.0.0-dev.20200611.1",
          "(.NET Core 4.6.28801.04; Microsoft Windows 10.0.19041 )"
        ],
        "x-ms-client-request-id": "e1de4c6cc36ae7aae7bc63cee9396509",
        "x-ms-return-client-request-id": "true"
      },
      "RequestBody": null,
      "StatusCode": 202,
      "ResponseHeaders": {
        "Cache-Control": "no-cache",
        "Content-Length": "0",
        "Content-Type": "text/plain; charset=utf-8",
        "Date": "Thu, 11 Jun 2020 04:52:39 GMT",
        "Expires": "-1",
        "Location": "https://management.azure.com/subscriptions/45b60d85-fd72-427a-a708-f994d26e593e/providers/Microsoft.Storage/locations/eastus2(stage)/asyncoperations/02520558-fe29-4890-ae38-78bac3386511?monitor=true\u0026api-version=2019-06-01",
        "Pragma": "no-cache",
        "Retry-After": "3",
        "Server": "Microsoft-Azure-Storage-Resource-Provider/1.0,Microsoft-HTTPAPI/2.0 Microsoft-HTTPAPI/2.0",
        "Strict-Transport-Security": "max-age=31536000; includeSubDomains",
        "X-Content-Type-Options": "nosniff",
        "x-ms-client-request-id": "e1de4c6cc36ae7aae7bc63cee9396509",
        "x-ms-correlation-request-id": "08f52e0a-5a96-41a5-a242-97de206aba24",
        "x-ms-ratelimit-remaining-subscription-reads": "10581",
        "x-ms-request-id": "7ca5dfd4-0b9e-4011-af84-08d4da47d4b6",
        "x-ms-routing-request-id": "KOREASOUTH:20200611T045239Z:08f52e0a-5a96-41a5-a242-97de206aba24"
      },
      "ResponseBody": []
    },
    {
      "RequestUri": "https://management.azure.com/subscriptions/45b60d85-fd72-427a-a708-f994d26e593e/providers/Microsoft.Storage/locations/eastus2(stage)/asyncoperations/02520558-fe29-4890-ae38-78bac3386511?monitor=true\u0026api-version=2019-06-01",
      "RequestMethod": "GET",
      "RequestHeaders": {
        "Authorization": "Sanitized",
        "User-Agent": [
          "azsdk-net-ResourceManager.Storage/1.0.0-dev.20200611.1",
          "(.NET Core 4.6.28801.04; Microsoft Windows 10.0.19041 )"
        ],
        "x-ms-client-request-id": "cd6ef2e7dba429473e45bc286624379b",
        "x-ms-return-client-request-id": "true"
      },
      "RequestBody": null,
      "StatusCode": 202,
      "ResponseHeaders": {
        "Cache-Control": "no-cache",
        "Content-Length": "0",
        "Content-Type": "text/plain; charset=utf-8",
        "Date": "Thu, 11 Jun 2020 04:52:40 GMT",
        "Expires": "-1",
        "Location": "https://management.azure.com/subscriptions/45b60d85-fd72-427a-a708-f994d26e593e/providers/Microsoft.Storage/locations/eastus2(stage)/asyncoperations/02520558-fe29-4890-ae38-78bac3386511?monitor=true\u0026api-version=2019-06-01",
        "Pragma": "no-cache",
        "Retry-After": "3",
        "Server": "Microsoft-Azure-Storage-Resource-Provider/1.0,Microsoft-HTTPAPI/2.0 Microsoft-HTTPAPI/2.0",
        "Strict-Transport-Security": "max-age=31536000; includeSubDomains",
        "X-Content-Type-Options": "nosniff",
        "x-ms-client-request-id": "cd6ef2e7dba429473e45bc286624379b",
        "x-ms-correlation-request-id": "680e43bf-3555-4731-ad27-0ed4c8255e64",
        "x-ms-ratelimit-remaining-subscription-reads": "10580",
        "x-ms-request-id": "bd6e4bee-8292-4e0e-87d7-f5daef20ea7e",
        "x-ms-routing-request-id": "KOREASOUTH:20200611T045241Z:680e43bf-3555-4731-ad27-0ed4c8255e64"
      },
      "ResponseBody": []
    },
    {
      "RequestUri": "https://management.azure.com/subscriptions/45b60d85-fd72-427a-a708-f994d26e593e/providers/Microsoft.Storage/locations/eastus2(stage)/asyncoperations/02520558-fe29-4890-ae38-78bac3386511?monitor=true\u0026api-version=2019-06-01",
      "RequestMethod": "GET",
      "RequestHeaders": {
        "Authorization": "Sanitized",
        "User-Agent": [
          "azsdk-net-ResourceManager.Storage/1.0.0-dev.20200611.1",
          "(.NET Core 4.6.28801.04; Microsoft Windows 10.0.19041 )"
        ],
        "x-ms-client-request-id": "3f249c39eb56affd6187998ca0fad5f4",
        "x-ms-return-client-request-id": "true"
      },
      "RequestBody": null,
      "StatusCode": 202,
      "ResponseHeaders": {
        "Cache-Control": "no-cache",
        "Content-Length": "0",
        "Content-Type": "text/plain; charset=utf-8",
        "Date": "Thu, 11 Jun 2020 04:52:41 GMT",
        "Expires": "-1",
        "Location": "https://management.azure.com/subscriptions/45b60d85-fd72-427a-a708-f994d26e593e/providers/Microsoft.Storage/locations/eastus2(stage)/asyncoperations/02520558-fe29-4890-ae38-78bac3386511?monitor=true\u0026api-version=2019-06-01",
        "Pragma": "no-cache",
        "Retry-After": "3",
        "Server": "Microsoft-Azure-Storage-Resource-Provider/1.0,Microsoft-HTTPAPI/2.0 Microsoft-HTTPAPI/2.0",
        "Strict-Transport-Security": "max-age=31536000; includeSubDomains",
        "X-Content-Type-Options": "nosniff",
        "x-ms-client-request-id": "3f249c39eb56affd6187998ca0fad5f4",
        "x-ms-correlation-request-id": "9c847d13-4967-4edb-8f92-f1232f5813dd",
        "x-ms-ratelimit-remaining-subscription-reads": "10579",
        "x-ms-request-id": "7b5c2e5b-f480-46f6-94fa-ac8ea7f7d492",
        "x-ms-routing-request-id": "KOREASOUTH:20200611T045242Z:9c847d13-4967-4edb-8f92-f1232f5813dd"
      },
      "ResponseBody": []
    },
    {
      "RequestUri": "https://management.azure.com/subscriptions/45b60d85-fd72-427a-a708-f994d26e593e/providers/Microsoft.Storage/locations/eastus2(stage)/asyncoperations/02520558-fe29-4890-ae38-78bac3386511?monitor=true\u0026api-version=2019-06-01",
      "RequestMethod": "GET",
      "RequestHeaders": {
        "Authorization": "Sanitized",
        "User-Agent": [
          "azsdk-net-ResourceManager.Storage/1.0.0-dev.20200611.1",
          "(.NET Core 4.6.28801.04; Microsoft Windows 10.0.19041 )"
        ],
        "x-ms-client-request-id": "241f94e0cba791bd05b4a325068281c2",
        "x-ms-return-client-request-id": "true"
      },
      "RequestBody": null,
      "StatusCode": 202,
      "ResponseHeaders": {
        "Cache-Control": "no-cache",
        "Content-Length": "0",
        "Content-Type": "text/plain; charset=utf-8",
        "Date": "Thu, 11 Jun 2020 04:52:42 GMT",
        "Expires": "-1",
        "Location": "https://management.azure.com/subscriptions/45b60d85-fd72-427a-a708-f994d26e593e/providers/Microsoft.Storage/locations/eastus2(stage)/asyncoperations/02520558-fe29-4890-ae38-78bac3386511?monitor=true\u0026api-version=2019-06-01",
        "Pragma": "no-cache",
        "Retry-After": "3",
        "Server": "Microsoft-Azure-Storage-Resource-Provider/1.0,Microsoft-HTTPAPI/2.0 Microsoft-HTTPAPI/2.0",
        "Strict-Transport-Security": "max-age=31536000; includeSubDomains",
        "X-Content-Type-Options": "nosniff",
        "x-ms-client-request-id": "241f94e0cba791bd05b4a325068281c2",
        "x-ms-correlation-request-id": "77f8a6ae-517a-4404-8a32-2f125dbddc43",
        "x-ms-ratelimit-remaining-subscription-reads": "10578",
        "x-ms-request-id": "10327328-681c-4440-8b28-83e87d0f85e1",
        "x-ms-routing-request-id": "KOREASOUTH:20200611T045243Z:77f8a6ae-517a-4404-8a32-2f125dbddc43"
      },
      "ResponseBody": []
    },
    {
      "RequestUri": "https://management.azure.com/subscriptions/45b60d85-fd72-427a-a708-f994d26e593e/providers/Microsoft.Storage/locations/eastus2(stage)/asyncoperations/02520558-fe29-4890-ae38-78bac3386511?monitor=true\u0026api-version=2019-06-01",
      "RequestMethod": "GET",
      "RequestHeaders": {
        "Authorization": "Sanitized",
        "User-Agent": [
          "azsdk-net-ResourceManager.Storage/1.0.0-dev.20200611.1",
          "(.NET Core 4.6.28801.04; Microsoft Windows 10.0.19041 )"
        ],
        "x-ms-client-request-id": "4c95c8842614fcb3f4be6b1c41ba8944",
        "x-ms-return-client-request-id": "true"
      },
      "RequestBody": null,
      "StatusCode": 202,
      "ResponseHeaders": {
        "Cache-Control": "no-cache",
        "Content-Length": "0",
        "Content-Type": "text/plain; charset=utf-8",
        "Date": "Thu, 11 Jun 2020 04:52:44 GMT",
        "Expires": "-1",
        "Location": "https://management.azure.com/subscriptions/45b60d85-fd72-427a-a708-f994d26e593e/providers/Microsoft.Storage/locations/eastus2(stage)/asyncoperations/02520558-fe29-4890-ae38-78bac3386511?monitor=true\u0026api-version=2019-06-01",
        "Pragma": "no-cache",
        "Retry-After": "3",
        "Server": "Microsoft-Azure-Storage-Resource-Provider/1.0,Microsoft-HTTPAPI/2.0 Microsoft-HTTPAPI/2.0",
        "Strict-Transport-Security": "max-age=31536000; includeSubDomains",
        "X-Content-Type-Options": "nosniff",
        "x-ms-client-request-id": "4c95c8842614fcb3f4be6b1c41ba8944",
        "x-ms-correlation-request-id": "9022ceba-b34a-441a-88e0-4413522cc0b9",
        "x-ms-ratelimit-remaining-subscription-reads": "10577",
        "x-ms-request-id": "b15aee77-c882-4542-9afa-dc5d235f5c2d",
        "x-ms-routing-request-id": "KOREASOUTH:20200611T045244Z:9022ceba-b34a-441a-88e0-4413522cc0b9"
      },
      "ResponseBody": []
    },
    {
      "RequestUri": "https://management.azure.com/subscriptions/45b60d85-fd72-427a-a708-f994d26e593e/providers/Microsoft.Storage/locations/eastus2(stage)/asyncoperations/02520558-fe29-4890-ae38-78bac3386511?monitor=true\u0026api-version=2019-06-01",
      "RequestMethod": "GET",
      "RequestHeaders": {
        "Authorization": "Sanitized",
        "User-Agent": [
          "azsdk-net-ResourceManager.Storage/1.0.0-dev.20200611.1",
          "(.NET Core 4.6.28801.04; Microsoft Windows 10.0.19041 )"
        ],
        "x-ms-client-request-id": "d147c76f13056df4df933aa148d8a9de",
        "x-ms-return-client-request-id": "true"
      },
      "RequestBody": null,
      "StatusCode": 202,
      "ResponseHeaders": {
        "Cache-Control": "no-cache",
        "Content-Length": "0",
        "Content-Type": "text/plain; charset=utf-8",
        "Date": "Thu, 11 Jun 2020 04:52:46 GMT",
        "Expires": "-1",
        "Location": "https://management.azure.com/subscriptions/45b60d85-fd72-427a-a708-f994d26e593e/providers/Microsoft.Storage/locations/eastus2(stage)/asyncoperations/02520558-fe29-4890-ae38-78bac3386511?monitor=true\u0026api-version=2019-06-01",
        "Pragma": "no-cache",
        "Retry-After": "3",
        "Server": "Microsoft-Azure-Storage-Resource-Provider/1.0,Microsoft-HTTPAPI/2.0 Microsoft-HTTPAPI/2.0",
        "Strict-Transport-Security": "max-age=31536000; includeSubDomains",
        "X-Content-Type-Options": "nosniff",
        "x-ms-client-request-id": "d147c76f13056df4df933aa148d8a9de",
        "x-ms-correlation-request-id": "e37643da-aa10-41fa-899b-16bf27d31d4e",
        "x-ms-ratelimit-remaining-subscription-reads": "10576",
        "x-ms-request-id": "4e8e2c2d-a486-422e-91c8-ba74ccd1c55b",
        "x-ms-routing-request-id": "KOREASOUTH:20200611T045246Z:e37643da-aa10-41fa-899b-16bf27d31d4e"
      },
      "ResponseBody": []
    },
    {
      "RequestUri": "https://management.azure.com/subscriptions/45b60d85-fd72-427a-a708-f994d26e593e/providers/Microsoft.Storage/locations/eastus2(stage)/asyncoperations/02520558-fe29-4890-ae38-78bac3386511?monitor=true\u0026api-version=2019-06-01",
      "RequestMethod": "GET",
      "RequestHeaders": {
        "Authorization": "Sanitized",
        "User-Agent": [
          "azsdk-net-ResourceManager.Storage/1.0.0-dev.20200611.1",
          "(.NET Core 4.6.28801.04; Microsoft Windows 10.0.19041 )"
        ],
        "x-ms-client-request-id": "d708d7068965bae0e1222fe85fa04f4b",
        "x-ms-return-client-request-id": "true"
      },
      "RequestBody": null,
      "StatusCode": 202,
      "ResponseHeaders": {
        "Cache-Control": "no-cache",
        "Content-Length": "0",
        "Content-Type": "text/plain; charset=utf-8",
        "Date": "Thu, 11 Jun 2020 04:52:47 GMT",
        "Expires": "-1",
        "Location": "https://management.azure.com/subscriptions/45b60d85-fd72-427a-a708-f994d26e593e/providers/Microsoft.Storage/locations/eastus2(stage)/asyncoperations/02520558-fe29-4890-ae38-78bac3386511?monitor=true\u0026api-version=2019-06-01",
        "Pragma": "no-cache",
        "Retry-After": "3",
        "Server": "Microsoft-Azure-Storage-Resource-Provider/1.0,Microsoft-HTTPAPI/2.0 Microsoft-HTTPAPI/2.0",
        "Strict-Transport-Security": "max-age=31536000; includeSubDomains",
        "X-Content-Type-Options": "nosniff",
        "x-ms-client-request-id": "d708d7068965bae0e1222fe85fa04f4b",
        "x-ms-correlation-request-id": "2e1aedf0-9459-4d46-a27b-ead668c1eaaf",
        "x-ms-ratelimit-remaining-subscription-reads": "10575",
        "x-ms-request-id": "aaa2fc91-065f-441c-ac32-fb105049198f",
        "x-ms-routing-request-id": "KOREASOUTH:20200611T045247Z:2e1aedf0-9459-4d46-a27b-ead668c1eaaf"
      },
      "ResponseBody": []
    },
    {
      "RequestUri": "https://management.azure.com/subscriptions/45b60d85-fd72-427a-a708-f994d26e593e/providers/Microsoft.Storage/locations/eastus2(stage)/asyncoperations/02520558-fe29-4890-ae38-78bac3386511?monitor=true\u0026api-version=2019-06-01",
      "RequestMethod": "GET",
      "RequestHeaders": {
        "Authorization": "Sanitized",
        "User-Agent": [
          "azsdk-net-ResourceManager.Storage/1.0.0-dev.20200611.1",
          "(.NET Core 4.6.28801.04; Microsoft Windows 10.0.19041 )"
        ],
        "x-ms-client-request-id": "3eb55f2baf3b70bcd3276c80ec12b41c",
        "x-ms-return-client-request-id": "true"
      },
      "RequestBody": null,
      "StatusCode": 202,
      "ResponseHeaders": {
        "Cache-Control": "no-cache",
        "Content-Length": "0",
        "Content-Type": "text/plain; charset=utf-8",
        "Date": "Thu, 11 Jun 2020 04:52:48 GMT",
        "Expires": "-1",
        "Location": "https://management.azure.com/subscriptions/45b60d85-fd72-427a-a708-f994d26e593e/providers/Microsoft.Storage/locations/eastus2(stage)/asyncoperations/02520558-fe29-4890-ae38-78bac3386511?monitor=true\u0026api-version=2019-06-01",
        "Pragma": "no-cache",
        "Retry-After": "3",
        "Server": "Microsoft-Azure-Storage-Resource-Provider/1.0,Microsoft-HTTPAPI/2.0 Microsoft-HTTPAPI/2.0",
        "Strict-Transport-Security": "max-age=31536000; includeSubDomains",
        "X-Content-Type-Options": "nosniff",
        "x-ms-client-request-id": "3eb55f2baf3b70bcd3276c80ec12b41c",
        "x-ms-correlation-request-id": "9fb4dc35-6921-45b7-8250-2e68950bad78",
        "x-ms-ratelimit-remaining-subscription-reads": "10574",
        "x-ms-request-id": "f6a489c6-c28e-4e4b-8156-8914670be99e",
        "x-ms-routing-request-id": "KOREASOUTH:20200611T045248Z:9fb4dc35-6921-45b7-8250-2e68950bad78"
      },
      "ResponseBody": []
    },
    {
      "RequestUri": "https://management.azure.com/subscriptions/45b60d85-fd72-427a-a708-f994d26e593e/providers/Microsoft.Storage/locations/eastus2(stage)/asyncoperations/02520558-fe29-4890-ae38-78bac3386511?monitor=true\u0026api-version=2019-06-01",
      "RequestMethod": "GET",
      "RequestHeaders": {
        "Authorization": "Sanitized",
        "User-Agent": [
          "azsdk-net-ResourceManager.Storage/1.0.0-dev.20200611.1",
          "(.NET Core 4.6.28801.04; Microsoft Windows 10.0.19041 )"
        ],
        "x-ms-client-request-id": "69168d15b1b2e6dee78cf0e3e40c0e3e",
        "x-ms-return-client-request-id": "true"
      },
      "RequestBody": null,
      "StatusCode": 200,
      "ResponseHeaders": {
        "Cache-Control": "no-cache",
        "Content-Length": "1191",
        "Content-Type": "application/json",
        "Date": "Thu, 11 Jun 2020 04:52:49 GMT",
        "Expires": "-1",
        "Pragma": "no-cache",
        "Server": "Microsoft-Azure-Storage-Resource-Provider/1.0,Microsoft-HTTPAPI/2.0 Microsoft-HTTPAPI/2.0",
        "Strict-Transport-Security": "max-age=31536000; includeSubDomains",
        "X-Content-Type-Options": "nosniff",
        "x-ms-client-request-id": "69168d15b1b2e6dee78cf0e3e40c0e3e",
        "x-ms-correlation-request-id": "08d215f4-0d35-413d-8706-c648904d3cc9",
        "x-ms-ratelimit-remaining-subscription-reads": "10573",
        "x-ms-request-id": "a26c22a9-7053-411a-b82f-75724a9436f7",
        "x-ms-routing-request-id": "KOREASOUTH:20200611T045249Z:08d215f4-0d35-413d-8706-c648904d3cc9"
      },
      "ResponseBody": {
        "sku": {
          "name": "Standard_GRS",
          "tier": "Standard"
        },
        "kind": "Storage",
        "id": "/subscriptions/45b60d85-fd72-427a-a708-f994d26e593e/resourceGroups/res10/providers/Microsoft.Storage/storageAccounts/sto9779",
        "name": "sto9779",
        "type": "Microsoft.Storage/storageAccounts",
        "location": "eastus2(stage)",
        "tags": {
          "key1": "value1",
          "key2": "value2"
        },
        "properties": {
          "privateEndpointConnections": [],
          "networkAcls": {
            "bypass": "AzureServices",
            "virtualNetworkRules": [],
            "ipRules": [],
            "defaultAction": "Allow"
          },
          "supportsHttpsTrafficOnly": true,
          "encryption": {
            "services": {
              "file": {
                "keyType": "Account",
                "enabled": true,
                "lastEnabledTime": "2020-06-11T04:52:20.1193200Z"
              },
              "blob": {
                "keyType": "Account",
                "enabled": true,
                "lastEnabledTime": "2020-06-11T04:52:20.1193200Z"
              }
            },
            "keySource": "Microsoft.Storage"
          },
          "provisioningState": "Succeeded",
          "creationTime": "2020-06-11T04:52:20.0255933Z",
          "primaryEndpoints": {
            "blob": "https://sto9779.blob.core.windows.net/",
            "queue": "https://sto9779.queue.core.windows.net/",
            "table": "https://sto9779.table.core.windows.net/",
            "file": "https://sto9779.file.core.windows.net/"
          },
          "primaryLocation": "eastus2(stage)",
          "statusOfPrimary": "available",
          "secondaryLocation": "northcentralus(stage)",
          "statusOfSecondary": "available"
        }
      }
    },
    {
      "RequestUri": "https://management.azure.com/subscriptions/45b60d85-fd72-427a-a708-f994d26e593e/resourceGroups/res10/providers/Microsoft.Storage/storageAccounts/sto9779/ListServiceSas?api-version=2019-06-01",
      "RequestMethod": "POST",
      "RequestHeaders": {
        "Authorization": "Sanitized",
        "Content-Length": "138",
        "Content-Type": "application/json",
        "traceparent": "00-82d12536e0f3604caa0c803d180668c1-1236092c6e3b0441-00",
        "User-Agent": [
          "azsdk-net-ResourceManager.Storage/1.0.0-dev.20200611.1",
          "(.NET Core 4.6.28801.04; Microsoft Windows 10.0.19041 )"
        ],
        "x-ms-client-request-id": "e975ee436b2256a31b97043d1c5fcecf",
        "x-ms-return-client-request-id": "true"
      },
      "RequestBody": {
        "canonicalizedResource": "/blob/sto9779/music",
        "signedResource": "c",
        "signedPermission": "rl",
        "signedExpiry": "2020-06-11T05:52:49.9424253Z"
      },
      "StatusCode": 200,
      "ResponseHeaders": {
        "Cache-Control": "no-cache",
        "Content-Length": "135",
        "Content-Type": "application/json",
        "Date": "Thu, 11 Jun 2020 04:52:50 GMT",
        "Expires": "-1",
        "Pragma": "no-cache",
        "Server": "Microsoft-Azure-Storage-Resource-Provider/1.0,Microsoft-HTTPAPI/2.0 Microsoft-HTTPAPI/2.0",
        "Strict-Transport-Security": "max-age=31536000; includeSubDomains",
        "X-Content-Type-Options": "nosniff",
        "x-ms-client-request-id": "e975ee436b2256a31b97043d1c5fcecf",
        "x-ms-correlation-request-id": "8f9bba8e-b7b9-4533-83f8-2098e4db36cd",
        "x-ms-ratelimit-remaining-subscription-writes": "1187",
        "x-ms-request-id": "237fb5b2-6ce7-4b21-a202-fde8b3fea0ab",
        "x-ms-routing-request-id": "KOREASOUTH:20200611T045250Z:8f9bba8e-b7b9-4533-83f8-2098e4db36cd"
      },
      "ResponseBody": {
        "serviceSasToken": "sv=2015-04-05\u0026sr=c\u0026se=2020-06-11T05%3A52%3A49.9424253Z\u0026sp=rl\u0026sig=Y9mJz8vQ0AwRLramBkD5A8vSqYu16EL7Vb%2FQ2wBnuWs%3D"
      }
    }
  ],
  "Variables": {
    "DateTimeOffsetNow": "2020-06-11T12:52:49.9424253\u002B08:00",
    "RandomSeed": "1178813173",
    "SUBSCRIPTION_ID": "45b60d85-fd72-427a-a708-f994d26e593e"
  }
}