{
  "Entries": [
    {
      "RequestUri": "https://management.azure.com/subscriptions/45b60d85-fd72-427a-a708-f994d26e593e/resourcegroups/res211?api-version=2017-05-10",
      "RequestMethod": "PUT",
      "RequestHeaders": {
        "Authorization": "Sanitized",
        "Content-Length": "22",
        "Content-Type": "application/json",
        "traceparent": "00-b3baefbd0b01784db313f854678232dc-05516bd13880cb4f-00",
        "User-Agent": [
          "azsdk-net-ResourceManager.Storage.Tests/1.0.0-dev.20200611.1",
          "(.NET Core 4.6.28801.04; Microsoft Windows 10.0.19041 )"
        ],
        "x-ms-client-request-id": "b75f8d2924cb0a4ac87f328e16cc2fd2",
        "x-ms-return-client-request-id": "true"
      },
      "RequestBody": {
        "location": "eastus2"
      },
      "StatusCode": 201,
      "ResponseHeaders": {
        "Cache-Control": "no-cache",
        "Content-Length": "166",
        "Content-Type": "application/json; charset=utf-8",
        "Date": "Thu, 11 Jun 2020 04:35:05 GMT",
        "Expires": "-1",
        "Pragma": "no-cache",
        "Strict-Transport-Security": "max-age=31536000; includeSubDomains",
        "X-Content-Type-Options": "nosniff",
        "x-ms-correlation-request-id": "dcf90e46-f00f-4f9f-8aea-5e293b1cf48a",
        "x-ms-ratelimit-remaining-subscription-writes": "1116",
        "x-ms-request-id": "dcf90e46-f00f-4f9f-8aea-5e293b1cf48a",
        "x-ms-routing-request-id": "KOREASOUTH:20200611T043505Z:dcf90e46-f00f-4f9f-8aea-5e293b1cf48a"
      },
      "ResponseBody": {
        "id": "/subscriptions/45b60d85-fd72-427a-a708-f994d26e593e/resourceGroups/res211",
        "name": "res211",
        "location": "eastus2",
        "properties": {
          "provisioningState": "Succeeded"
        }
      }
    },
    {
      "RequestUri": "https://management.azure.com/subscriptions/45b60d85-fd72-427a-a708-f994d26e593e/resourceGroups/res211/providers/Microsoft.Storage/storageAccounts/sto8288?api-version=2019-06-01",
      "RequestMethod": "PUT",
      "RequestHeaders": {
        "Authorization": "Sanitized",
        "Content-Length": "106",
        "Content-Type": "application/json",
        "traceparent": "00-443166b6ccd0864c93da6111e3a3cd16-e5f9070336012c43-00",
        "User-Agent": [
          "azsdk-net-ResourceManager.Storage/1.0.0-dev.20200611.1",
          "(.NET Core 4.6.28801.04; Microsoft Windows 10.0.19041 )"
        ],
        "x-ms-client-request-id": "8230866cb9efbf33d1a6cead4a983cb8",
        "x-ms-return-client-request-id": "true"
      },
      "RequestBody": {
        "sku": {
          "name": "Standard_GRS"
        },
        "kind": "StorageV2",
        "location": "eastus2",
        "properties": {
          "isHnsEnabled": true
        }
      },
      "StatusCode": 202,
      "ResponseHeaders": {
        "Cache-Control": "no-cache",
        "Content-Length": "0",
        "Content-Type": "text/plain; charset=utf-8",
        "Date": "Thu, 11 Jun 2020 04:35:07 GMT",
        "Expires": "-1",
        "Location": "https://management.azure.com/subscriptions/45b60d85-fd72-427a-a708-f994d26e593e/providers/Microsoft.Storage/locations/eastus2/asyncoperations/8ae1181d-7ae2-4703-a8d5-17211c372fb9?monitor=true\u0026api-version=2019-06-01",
        "Pragma": "no-cache",
        "Retry-After": "17",
        "Server": "Microsoft-Azure-Storage-Resource-Provider/1.0,Microsoft-HTTPAPI/2.0 Microsoft-HTTPAPI/2.0",
        "Strict-Transport-Security": "max-age=31536000; includeSubDomains",
        "X-Content-Type-Options": "nosniff",
        "x-ms-client-request-id": "8230866cb9efbf33d1a6cead4a983cb8",
        "x-ms-correlation-request-id": "e5aab19b-db42-4d41-ab7f-b8522c9d15fe",
        "x-ms-ratelimit-remaining-subscription-writes": "1115",
        "x-ms-request-id": "8ae1181d-7ae2-4703-a8d5-17211c372fb9",
        "x-ms-routing-request-id": "KOREASOUTH:20200611T043507Z:e5aab19b-db42-4d41-ab7f-b8522c9d15fe"
      },
      "ResponseBody": []
    },
    {
      "RequestUri": "https://management.azure.com/subscriptions/45b60d85-fd72-427a-a708-f994d26e593e/providers/Microsoft.Storage/locations/eastus2/asyncoperations/8ae1181d-7ae2-4703-a8d5-17211c372fb9?monitor=true\u0026api-version=2019-06-01",
      "RequestMethod": "GET",
      "RequestHeaders": {
        "Authorization": "Sanitized",
        "User-Agent": [
          "azsdk-net-ResourceManager.Storage/1.0.0-dev.20200611.1",
          "(.NET Core 4.6.28801.04; Microsoft Windows 10.0.19041 )"
        ],
        "x-ms-client-request-id": "489d543beb7bd3392bf7fa7e7b5c7ee6",
        "x-ms-return-client-request-id": "true"
      },
      "RequestBody": null,
      "StatusCode": 202,
      "ResponseHeaders": {
        "Cache-Control": "no-cache",
        "Content-Length": "0",
        "Content-Type": "text/plain; charset=utf-8",
        "Date": "Thu, 11 Jun 2020 04:35:08 GMT",
        "Expires": "-1",
        "Location": "https://management.azure.com/subscriptions/45b60d85-fd72-427a-a708-f994d26e593e/providers/Microsoft.Storage/locations/eastus2/asyncoperations/8ae1181d-7ae2-4703-a8d5-17211c372fb9?monitor=true\u0026api-version=2019-06-01",
        "Pragma": "no-cache",
        "Retry-After": "17",
        "Server": "Microsoft-Azure-Storage-Resource-Provider/1.0,Microsoft-HTTPAPI/2.0 Microsoft-HTTPAPI/2.0",
        "Strict-Transport-Security": "max-age=31536000; includeSubDomains",
        "X-Content-Type-Options": "nosniff",
        "x-ms-client-request-id": "489d543beb7bd3392bf7fa7e7b5c7ee6",
        "x-ms-correlation-request-id": "9b944270-a73b-40b7-8d22-69c78b184fd1",
        "x-ms-ratelimit-remaining-subscription-reads": "11300",
        "x-ms-request-id": "c793720b-a0eb-4769-b2b4-e074815aa593",
        "x-ms-routing-request-id": "KOREASOUTH:20200611T043508Z:9b944270-a73b-40b7-8d22-69c78b184fd1"
      },
      "ResponseBody": []
    },
    {
      "RequestUri": "https://management.azure.com/subscriptions/45b60d85-fd72-427a-a708-f994d26e593e/providers/Microsoft.Storage/locations/eastus2/asyncoperations/8ae1181d-7ae2-4703-a8d5-17211c372fb9?monitor=true\u0026api-version=2019-06-01",
      "RequestMethod": "GET",
      "RequestHeaders": {
        "Authorization": "Sanitized",
        "User-Agent": [
          "azsdk-net-ResourceManager.Storage/1.0.0-dev.20200611.1",
          "(.NET Core 4.6.28801.04; Microsoft Windows 10.0.19041 )"
        ],
        "x-ms-client-request-id": "0a1ed5f552af79c159b70ed2a332783e",
        "x-ms-return-client-request-id": "true"
      },
      "RequestBody": null,
      "StatusCode": 202,
      "ResponseHeaders": {
        "Cache-Control": "no-cache",
        "Content-Length": "0",
        "Content-Type": "text/plain; charset=utf-8",
        "Date": "Thu, 11 Jun 2020 04:35:09 GMT",
        "Expires": "-1",
        "Location": "https://management.azure.com/subscriptions/45b60d85-fd72-427a-a708-f994d26e593e/providers/Microsoft.Storage/locations/eastus2/asyncoperations/8ae1181d-7ae2-4703-a8d5-17211c372fb9?monitor=true\u0026api-version=2019-06-01",
        "Pragma": "no-cache",
        "Retry-After": "17",
        "Server": "Microsoft-Azure-Storage-Resource-Provider/1.0,Microsoft-HTTPAPI/2.0 Microsoft-HTTPAPI/2.0",
        "Strict-Transport-Security": "max-age=31536000; includeSubDomains",
        "X-Content-Type-Options": "nosniff",
        "x-ms-client-request-id": "0a1ed5f552af79c159b70ed2a332783e",
        "x-ms-correlation-request-id": "6d043e23-00ca-40f1-99bc-e5c51c5fd8c4",
        "x-ms-ratelimit-remaining-subscription-reads": "11299",
        "x-ms-request-id": "b336dbbd-7491-423c-bb42-34392a62e219",
        "x-ms-routing-request-id": "KOREASOUTH:20200611T043509Z:6d043e23-00ca-40f1-99bc-e5c51c5fd8c4"
      },
      "ResponseBody": []
    },
    {
      "RequestUri": "https://management.azure.com/subscriptions/45b60d85-fd72-427a-a708-f994d26e593e/providers/Microsoft.Storage/locations/eastus2/asyncoperations/8ae1181d-7ae2-4703-a8d5-17211c372fb9?monitor=true\u0026api-version=2019-06-01",
      "RequestMethod": "GET",
      "RequestHeaders": {
        "Authorization": "Sanitized",
        "User-Agent": [
          "azsdk-net-ResourceManager.Storage/1.0.0-dev.20200611.1",
          "(.NET Core 4.6.28801.04; Microsoft Windows 10.0.19041 )"
        ],
        "x-ms-client-request-id": "f572f4b9f4fb0c3d88ac543af8aefd16",
        "x-ms-return-client-request-id": "true"
      },
      "RequestBody": null,
      "StatusCode": 202,
      "ResponseHeaders": {
        "Cache-Control": "no-cache",
        "Content-Length": "0",
        "Content-Type": "text/plain; charset=utf-8",
        "Date": "Thu, 11 Jun 2020 04:35:10 GMT",
        "Expires": "-1",
        "Location": "https://management.azure.com/subscriptions/45b60d85-fd72-427a-a708-f994d26e593e/providers/Microsoft.Storage/locations/eastus2/asyncoperations/8ae1181d-7ae2-4703-a8d5-17211c372fb9?monitor=true\u0026api-version=2019-06-01",
        "Pragma": "no-cache",
        "Retry-After": "17",
        "Server": "Microsoft-Azure-Storage-Resource-Provider/1.0,Microsoft-HTTPAPI/2.0 Microsoft-HTTPAPI/2.0",
        "Strict-Transport-Security": "max-age=31536000; includeSubDomains",
        "X-Content-Type-Options": "nosniff",
        "x-ms-client-request-id": "f572f4b9f4fb0c3d88ac543af8aefd16",
        "x-ms-correlation-request-id": "26afc562-5edf-42d8-999d-e5b20dbfb209",
        "x-ms-ratelimit-remaining-subscription-reads": "11298",
        "x-ms-request-id": "2194147f-9862-419f-8345-ca82390e7e2f",
        "x-ms-routing-request-id": "KOREASOUTH:20200611T043510Z:26afc562-5edf-42d8-999d-e5b20dbfb209"
      },
      "ResponseBody": []
    },
    {
      "RequestUri": "https://management.azure.com/subscriptions/45b60d85-fd72-427a-a708-f994d26e593e/providers/Microsoft.Storage/locations/eastus2/asyncoperations/8ae1181d-7ae2-4703-a8d5-17211c372fb9?monitor=true\u0026api-version=2019-06-01",
      "RequestMethod": "GET",
      "RequestHeaders": {
        "Authorization": "Sanitized",
        "User-Agent": [
          "azsdk-net-ResourceManager.Storage/1.0.0-dev.20200611.1",
          "(.NET Core 4.6.28801.04; Microsoft Windows 10.0.19041 )"
        ],
        "x-ms-client-request-id": "710b2f9ee174e92a9224efc3dd6630f8",
        "x-ms-return-client-request-id": "true"
      },
      "RequestBody": null,
      "StatusCode": 202,
      "ResponseHeaders": {
        "Cache-Control": "no-cache",
        "Content-Length": "0",
        "Content-Type": "text/plain; charset=utf-8",
        "Date": "Thu, 11 Jun 2020 04:35:11 GMT",
        "Expires": "-1",
        "Location": "https://management.azure.com/subscriptions/45b60d85-fd72-427a-a708-f994d26e593e/providers/Microsoft.Storage/locations/eastus2/asyncoperations/8ae1181d-7ae2-4703-a8d5-17211c372fb9?monitor=true\u0026api-version=2019-06-01",
        "Pragma": "no-cache",
        "Retry-After": "17",
        "Server": "Microsoft-Azure-Storage-Resource-Provider/1.0,Microsoft-HTTPAPI/2.0 Microsoft-HTTPAPI/2.0",
        "Strict-Transport-Security": "max-age=31536000; includeSubDomains",
        "X-Content-Type-Options": "nosniff",
        "x-ms-client-request-id": "710b2f9ee174e92a9224efc3dd6630f8",
        "x-ms-correlation-request-id": "37ad3194-a125-4958-afc1-c7db1c370823",
        "x-ms-ratelimit-remaining-subscription-reads": "11297",
        "x-ms-request-id": "71b8475e-1f15-4cf3-809c-3ce57a03744c",
        "x-ms-routing-request-id": "KOREASOUTH:20200611T043512Z:37ad3194-a125-4958-afc1-c7db1c370823"
      },
      "ResponseBody": []
    },
    {
      "RequestUri": "https://management.azure.com/subscriptions/45b60d85-fd72-427a-a708-f994d26e593e/providers/Microsoft.Storage/locations/eastus2/asyncoperations/8ae1181d-7ae2-4703-a8d5-17211c372fb9?monitor=true\u0026api-version=2019-06-01",
      "RequestMethod": "GET",
      "RequestHeaders": {
        "Authorization": "Sanitized",
        "User-Agent": [
          "azsdk-net-ResourceManager.Storage/1.0.0-dev.20200611.1",
          "(.NET Core 4.6.28801.04; Microsoft Windows 10.0.19041 )"
        ],
        "x-ms-client-request-id": "86c5bb7f89ea01eb97118203fd8780aa",
        "x-ms-return-client-request-id": "true"
      },
      "RequestBody": null,
      "StatusCode": 202,
      "ResponseHeaders": {
        "Cache-Control": "no-cache",
        "Content-Length": "0",
        "Content-Type": "text/plain; charset=utf-8",
        "Date": "Thu, 11 Jun 2020 04:35:13 GMT",
        "Expires": "-1",
        "Location": "https://management.azure.com/subscriptions/45b60d85-fd72-427a-a708-f994d26e593e/providers/Microsoft.Storage/locations/eastus2/asyncoperations/8ae1181d-7ae2-4703-a8d5-17211c372fb9?monitor=true\u0026api-version=2019-06-01",
        "Pragma": "no-cache",
        "Retry-After": "17",
        "Server": "Microsoft-Azure-Storage-Resource-Provider/1.0,Microsoft-HTTPAPI/2.0 Microsoft-HTTPAPI/2.0",
        "Strict-Transport-Security": "max-age=31536000; includeSubDomains",
        "X-Content-Type-Options": "nosniff",
        "x-ms-client-request-id": "86c5bb7f89ea01eb97118203fd8780aa",
        "x-ms-correlation-request-id": "c6c62846-7ebc-4990-b4b8-6dd60398c301",
        "x-ms-ratelimit-remaining-subscription-reads": "11296",
        "x-ms-request-id": "75553be5-868f-4cb0-ae37-074f5d0333a6",
        "x-ms-routing-request-id": "KOREASOUTH:20200611T043513Z:c6c62846-7ebc-4990-b4b8-6dd60398c301"
      },
      "ResponseBody": []
    },
    {
      "RequestUri": "https://management.azure.com/subscriptions/45b60d85-fd72-427a-a708-f994d26e593e/providers/Microsoft.Storage/locations/eastus2/asyncoperations/8ae1181d-7ae2-4703-a8d5-17211c372fb9?monitor=true\u0026api-version=2019-06-01",
      "RequestMethod": "GET",
      "RequestHeaders": {
        "Authorization": "Sanitized",
        "User-Agent": [
          "azsdk-net-ResourceManager.Storage/1.0.0-dev.20200611.1",
          "(.NET Core 4.6.28801.04; Microsoft Windows 10.0.19041 )"
        ],
        "x-ms-client-request-id": "7333f7ba0627d7caca8862d7047a2f22",
        "x-ms-return-client-request-id": "true"
      },
      "RequestBody": null,
      "StatusCode": 202,
      "ResponseHeaders": {
        "Cache-Control": "no-cache",
        "Content-Length": "0",
        "Content-Type": "text/plain; charset=utf-8",
        "Date": "Thu, 11 Jun 2020 04:35:14 GMT",
        "Expires": "-1",
        "Location": "https://management.azure.com/subscriptions/45b60d85-fd72-427a-a708-f994d26e593e/providers/Microsoft.Storage/locations/eastus2/asyncoperations/8ae1181d-7ae2-4703-a8d5-17211c372fb9?monitor=true\u0026api-version=2019-06-01",
        "Pragma": "no-cache",
        "Retry-After": "17",
        "Server": "Microsoft-Azure-Storage-Resource-Provider/1.0,Microsoft-HTTPAPI/2.0 Microsoft-HTTPAPI/2.0",
        "Strict-Transport-Security": "max-age=31536000; includeSubDomains",
        "X-Content-Type-Options": "nosniff",
        "x-ms-client-request-id": "7333f7ba0627d7caca8862d7047a2f22",
        "x-ms-correlation-request-id": "d30e801e-ad6f-4c10-af76-c84bbfd03c65",
        "x-ms-ratelimit-remaining-subscription-reads": "11295",
        "x-ms-request-id": "17124488-ef03-48de-84de-6f30a57dd572",
        "x-ms-routing-request-id": "KOREASOUTH:20200611T043514Z:d30e801e-ad6f-4c10-af76-c84bbfd03c65"
      },
      "ResponseBody": []
    },
    {
      "RequestUri": "https://management.azure.com/subscriptions/45b60d85-fd72-427a-a708-f994d26e593e/providers/Microsoft.Storage/locations/eastus2/asyncoperations/8ae1181d-7ae2-4703-a8d5-17211c372fb9?monitor=true\u0026api-version=2019-06-01",
      "RequestMethod": "GET",
      "RequestHeaders": {
        "Authorization": "Sanitized",
        "User-Agent": [
          "azsdk-net-ResourceManager.Storage/1.0.0-dev.20200611.1",
          "(.NET Core 4.6.28801.04; Microsoft Windows 10.0.19041 )"
        ],
        "x-ms-client-request-id": "3cbb5c7c76e8152c4409d9625f27eb0b",
        "x-ms-return-client-request-id": "true"
      },
      "RequestBody": null,
      "StatusCode": 202,
      "ResponseHeaders": {
        "Cache-Control": "no-cache",
        "Content-Length": "0",
        "Content-Type": "text/plain; charset=utf-8",
        "Date": "Thu, 11 Jun 2020 04:35:15 GMT",
        "Expires": "-1",
        "Location": "https://management.azure.com/subscriptions/45b60d85-fd72-427a-a708-f994d26e593e/providers/Microsoft.Storage/locations/eastus2/asyncoperations/8ae1181d-7ae2-4703-a8d5-17211c372fb9?monitor=true\u0026api-version=2019-06-01",
        "Pragma": "no-cache",
        "Retry-After": "17",
        "Server": "Microsoft-Azure-Storage-Resource-Provider/1.0,Microsoft-HTTPAPI/2.0 Microsoft-HTTPAPI/2.0",
        "Strict-Transport-Security": "max-age=31536000; includeSubDomains",
        "X-Content-Type-Options": "nosniff",
        "x-ms-client-request-id": "3cbb5c7c76e8152c4409d9625f27eb0b",
        "x-ms-correlation-request-id": "7a3b60b2-820b-4c59-afb4-4783e2a36925",
        "x-ms-ratelimit-remaining-subscription-reads": "11294",
        "x-ms-request-id": "d79e0b3e-d356-4e8c-b313-5f44daa365c2",
        "x-ms-routing-request-id": "KOREASOUTH:20200611T043516Z:7a3b60b2-820b-4c59-afb4-4783e2a36925"
      },
      "ResponseBody": []
    },
    {
      "RequestUri": "https://management.azure.com/subscriptions/45b60d85-fd72-427a-a708-f994d26e593e/providers/Microsoft.Storage/locations/eastus2/asyncoperations/8ae1181d-7ae2-4703-a8d5-17211c372fb9?monitor=true\u0026api-version=2019-06-01",
      "RequestMethod": "GET",
      "RequestHeaders": {
        "Authorization": "Sanitized",
        "User-Agent": [
          "azsdk-net-ResourceManager.Storage/1.0.0-dev.20200611.1",
          "(.NET Core 4.6.28801.04; Microsoft Windows 10.0.19041 )"
        ],
        "x-ms-client-request-id": "e50844a3bc3278d0f1eebc622614fd1d",
        "x-ms-return-client-request-id": "true"
      },
      "RequestBody": null,
      "StatusCode": 202,
      "ResponseHeaders": {
        "Cache-Control": "no-cache",
        "Content-Length": "0",
        "Content-Type": "text/plain; charset=utf-8",
        "Date": "Thu, 11 Jun 2020 04:35:17 GMT",
        "Expires": "-1",
        "Location": "https://management.azure.com/subscriptions/45b60d85-fd72-427a-a708-f994d26e593e/providers/Microsoft.Storage/locations/eastus2/asyncoperations/8ae1181d-7ae2-4703-a8d5-17211c372fb9?monitor=true\u0026api-version=2019-06-01",
        "Pragma": "no-cache",
        "Retry-After": "17",
        "Server": "Microsoft-Azure-Storage-Resource-Provider/1.0,Microsoft-HTTPAPI/2.0 Microsoft-HTTPAPI/2.0",
        "Strict-Transport-Security": "max-age=31536000; includeSubDomains",
        "X-Content-Type-Options": "nosniff",
        "x-ms-client-request-id": "e50844a3bc3278d0f1eebc622614fd1d",
        "x-ms-correlation-request-id": "b67464c2-d4a7-421f-bc77-35a1432b347d",
        "x-ms-ratelimit-remaining-subscription-reads": "11293",
        "x-ms-request-id": "6c27aa99-2fc0-4861-8de7-a6560b9a0989",
        "x-ms-routing-request-id": "KOREASOUTH:20200611T043517Z:b67464c2-d4a7-421f-bc77-35a1432b347d"
      },
      "ResponseBody": []
    },
    {
      "RequestUri": "https://management.azure.com/subscriptions/45b60d85-fd72-427a-a708-f994d26e593e/providers/Microsoft.Storage/locations/eastus2/asyncoperations/8ae1181d-7ae2-4703-a8d5-17211c372fb9?monitor=true\u0026api-version=2019-06-01",
      "RequestMethod": "GET",
      "RequestHeaders": {
        "Authorization": "Sanitized",
        "User-Agent": [
          "azsdk-net-ResourceManager.Storage/1.0.0-dev.20200611.1",
          "(.NET Core 4.6.28801.04; Microsoft Windows 10.0.19041 )"
        ],
        "x-ms-client-request-id": "a1875fe143cb44c2cb1e2f1e2d6777a2",
        "x-ms-return-client-request-id": "true"
      },
      "RequestBody": null,
      "StatusCode": 202,
      "ResponseHeaders": {
        "Cache-Control": "no-cache",
        "Content-Length": "0",
        "Content-Type": "text/plain; charset=utf-8",
        "Date": "Thu, 11 Jun 2020 04:35:18 GMT",
        "Expires": "-1",
        "Location": "https://management.azure.com/subscriptions/45b60d85-fd72-427a-a708-f994d26e593e/providers/Microsoft.Storage/locations/eastus2/asyncoperations/8ae1181d-7ae2-4703-a8d5-17211c372fb9?monitor=true\u0026api-version=2019-06-01",
        "Pragma": "no-cache",
        "Retry-After": "17",
        "Server": "Microsoft-Azure-Storage-Resource-Provider/1.0,Microsoft-HTTPAPI/2.0 Microsoft-HTTPAPI/2.0",
        "Strict-Transport-Security": "max-age=31536000; includeSubDomains",
        "X-Content-Type-Options": "nosniff",
        "x-ms-client-request-id": "a1875fe143cb44c2cb1e2f1e2d6777a2",
        "x-ms-correlation-request-id": "7dc36e8f-3ac7-4585-aaf3-c41ddd738aa4",
        "x-ms-ratelimit-remaining-subscription-reads": "11292",
        "x-ms-request-id": "76c3e1c6-ce63-4fea-8ee3-aa3f2fc2f951",
        "x-ms-routing-request-id": "KOREASOUTH:20200611T043519Z:7dc36e8f-3ac7-4585-aaf3-c41ddd738aa4"
      },
      "ResponseBody": []
    },
    {
      "RequestUri": "https://management.azure.com/subscriptions/45b60d85-fd72-427a-a708-f994d26e593e/providers/Microsoft.Storage/locations/eastus2/asyncoperations/8ae1181d-7ae2-4703-a8d5-17211c372fb9?monitor=true\u0026api-version=2019-06-01",
      "RequestMethod": "GET",
      "RequestHeaders": {
        "Authorization": "Sanitized",
        "User-Agent": [
          "azsdk-net-ResourceManager.Storage/1.0.0-dev.20200611.1",
          "(.NET Core 4.6.28801.04; Microsoft Windows 10.0.19041 )"
        ],
        "x-ms-client-request-id": "bf33569c4a71bfef8b424bfabac9ee30",
        "x-ms-return-client-request-id": "true"
      },
      "RequestBody": null,
      "StatusCode": 202,
      "ResponseHeaders": {
        "Cache-Control": "no-cache",
        "Content-Length": "0",
        "Content-Type": "text/plain; charset=utf-8",
        "Date": "Thu, 11 Jun 2020 04:35:20 GMT",
        "Expires": "-1",
        "Location": "https://management.azure.com/subscriptions/45b60d85-fd72-427a-a708-f994d26e593e/providers/Microsoft.Storage/locations/eastus2/asyncoperations/8ae1181d-7ae2-4703-a8d5-17211c372fb9?monitor=true\u0026api-version=2019-06-01",
        "Pragma": "no-cache",
        "Retry-After": "17",
        "Server": "Microsoft-Azure-Storage-Resource-Provider/1.0,Microsoft-HTTPAPI/2.0 Microsoft-HTTPAPI/2.0",
        "Strict-Transport-Security": "max-age=31536000; includeSubDomains",
        "X-Content-Type-Options": "nosniff",
        "x-ms-client-request-id": "bf33569c4a71bfef8b424bfabac9ee30",
        "x-ms-correlation-request-id": "c08d1906-5c89-4e0a-ab42-154d93fe2ed8",
        "x-ms-ratelimit-remaining-subscription-reads": "11291",
        "x-ms-request-id": "5fef2bfe-3e77-444e-b564-3ec98930326b",
        "x-ms-routing-request-id": "KOREASOUTH:20200611T043520Z:c08d1906-5c89-4e0a-ab42-154d93fe2ed8"
      },
      "ResponseBody": []
    },
    {
      "RequestUri": "https://management.azure.com/subscriptions/45b60d85-fd72-427a-a708-f994d26e593e/providers/Microsoft.Storage/locations/eastus2/asyncoperations/8ae1181d-7ae2-4703-a8d5-17211c372fb9?monitor=true\u0026api-version=2019-06-01",
      "RequestMethod": "GET",
      "RequestHeaders": {
        "Authorization": "Sanitized",
        "User-Agent": [
          "azsdk-net-ResourceManager.Storage/1.0.0-dev.20200611.1",
          "(.NET Core 4.6.28801.04; Microsoft Windows 10.0.19041 )"
        ],
        "x-ms-client-request-id": "ff81bb0c49a05f3f82c419148db24b8a",
        "x-ms-return-client-request-id": "true"
      },
      "RequestBody": null,
      "StatusCode": 202,
      "ResponseHeaders": {
        "Cache-Control": "no-cache",
        "Content-Length": "0",
        "Content-Type": "text/plain; charset=utf-8",
        "Date": "Thu, 11 Jun 2020 04:35:21 GMT",
        "Expires": "-1",
        "Location": "https://management.azure.com/subscriptions/45b60d85-fd72-427a-a708-f994d26e593e/providers/Microsoft.Storage/locations/eastus2/asyncoperations/8ae1181d-7ae2-4703-a8d5-17211c372fb9?monitor=true\u0026api-version=2019-06-01",
        "Pragma": "no-cache",
        "Retry-After": "17",
        "Server": "Microsoft-Azure-Storage-Resource-Provider/1.0,Microsoft-HTTPAPI/2.0 Microsoft-HTTPAPI/2.0",
        "Strict-Transport-Security": "max-age=31536000; includeSubDomains",
        "X-Content-Type-Options": "nosniff",
        "x-ms-client-request-id": "ff81bb0c49a05f3f82c419148db24b8a",
        "x-ms-correlation-request-id": "d7a870a6-bc91-4b20-b42f-568d9daedf11",
        "x-ms-ratelimit-remaining-subscription-reads": "11290",
        "x-ms-request-id": "67d97efe-2145-4035-93b6-8c4df554f6d0",
        "x-ms-routing-request-id": "KOREASOUTH:20200611T043521Z:d7a870a6-bc91-4b20-b42f-568d9daedf11"
      },
      "ResponseBody": []
    },
    {
      "RequestUri": "https://management.azure.com/subscriptions/45b60d85-fd72-427a-a708-f994d26e593e/providers/Microsoft.Storage/locations/eastus2/asyncoperations/8ae1181d-7ae2-4703-a8d5-17211c372fb9?monitor=true\u0026api-version=2019-06-01",
      "RequestMethod": "GET",
      "RequestHeaders": {
        "Authorization": "Sanitized",
        "User-Agent": [
          "azsdk-net-ResourceManager.Storage/1.0.0-dev.20200611.1",
          "(.NET Core 4.6.28801.04; Microsoft Windows 10.0.19041 )"
        ],
        "x-ms-client-request-id": "cfc519763de097ac70c71688f8c78a01",
        "x-ms-return-client-request-id": "true"
      },
      "RequestBody": null,
      "StatusCode": 202,
      "ResponseHeaders": {
        "Cache-Control": "no-cache",
        "Content-Length": "0",
        "Content-Type": "text/plain; charset=utf-8",
        "Date": "Thu, 11 Jun 2020 04:35:22 GMT",
        "Expires": "-1",
        "Location": "https://management.azure.com/subscriptions/45b60d85-fd72-427a-a708-f994d26e593e/providers/Microsoft.Storage/locations/eastus2/asyncoperations/8ae1181d-7ae2-4703-a8d5-17211c372fb9?monitor=true\u0026api-version=2019-06-01",
        "Pragma": "no-cache",
        "Retry-After": "17",
        "Server": "Microsoft-Azure-Storage-Resource-Provider/1.0,Microsoft-HTTPAPI/2.0 Microsoft-HTTPAPI/2.0",
        "Strict-Transport-Security": "max-age=31536000; includeSubDomains",
        "X-Content-Type-Options": "nosniff",
        "x-ms-client-request-id": "cfc519763de097ac70c71688f8c78a01",
        "x-ms-correlation-request-id": "f3ca7fff-a0bb-43a6-903e-3d66513d9627",
        "x-ms-ratelimit-remaining-subscription-reads": "11289",
        "x-ms-request-id": "a03586a4-412f-4a60-98d7-a0ca5e589305",
        "x-ms-routing-request-id": "KOREASOUTH:20200611T043523Z:f3ca7fff-a0bb-43a6-903e-3d66513d9627"
      },
      "ResponseBody": []
    },
    {
      "RequestUri": "https://management.azure.com/subscriptions/45b60d85-fd72-427a-a708-f994d26e593e/providers/Microsoft.Storage/locations/eastus2/asyncoperations/8ae1181d-7ae2-4703-a8d5-17211c372fb9?monitor=true\u0026api-version=2019-06-01",
      "RequestMethod": "GET",
      "RequestHeaders": {
        "Authorization": "Sanitized",
        "User-Agent": [
          "azsdk-net-ResourceManager.Storage/1.0.0-dev.20200611.1",
          "(.NET Core 4.6.28801.04; Microsoft Windows 10.0.19041 )"
        ],
        "x-ms-client-request-id": "7111fe2f77e6520216d33dac30da31d8",
        "x-ms-return-client-request-id": "true"
      },
      "RequestBody": null,
      "StatusCode": 200,
      "ResponseHeaders": {
        "Cache-Control": "no-cache",
        "Content-Length": "1272",
        "Content-Type": "application/json",
        "Date": "Thu, 11 Jun 2020 04:35:23 GMT",
        "Expires": "-1",
        "Pragma": "no-cache",
        "Server": "Microsoft-Azure-Storage-Resource-Provider/1.0,Microsoft-HTTPAPI/2.0 Microsoft-HTTPAPI/2.0",
        "Strict-Transport-Security": "max-age=31536000; includeSubDomains",
        "X-Content-Type-Options": "nosniff",
        "x-ms-client-request-id": "7111fe2f77e6520216d33dac30da31d8",
        "x-ms-correlation-request-id": "e57a2c52-d62b-4304-af77-cddae34ac48e",
        "x-ms-ratelimit-remaining-subscription-reads": "11288",
        "x-ms-request-id": "9e95c133-9606-4948-8703-8085a133d7ba",
        "x-ms-routing-request-id": "KOREASOUTH:20200611T043524Z:e57a2c52-d62b-4304-af77-cddae34ac48e"
      },
      "ResponseBody": {
        "sku": {
          "name": "Standard_GRS",
          "tier": "Standard"
        },
        "kind": "StorageV2",
        "id": "/subscriptions/45b60d85-fd72-427a-a708-f994d26e593e/resourceGroups/res211/providers/Microsoft.Storage/storageAccounts/sto8288",
        "name": "sto8288",
        "type": "Microsoft.Storage/storageAccounts",
        "location": "eastus2",
        "tags": {},
        "properties": {
          "privateEndpointConnections": [],
          "isHnsEnabled": true,
          "networkAcls": {
            "bypass": "AzureServices",
            "virtualNetworkRules": [],
            "ipRules": [],
            "defaultAction": "Allow"
          },
          "supportsHttpsTrafficOnly": true,
          "encryption": {
            "services": {
              "file": {
                "keyType": "Account",
                "enabled": true,
                "lastEnabledTime": "2020-06-11T04:35:07.5031675Z"
              },
              "blob": {
                "keyType": "Account",
                "enabled": true,
                "lastEnabledTime": "2020-06-11T04:35:07.5031675Z"
              }
            },
            "keySource": "Microsoft.Storage"
          },
          "accessTier": "Hot",
          "provisioningState": "Succeeded",
          "creationTime": "2020-06-11T04:35:07.4406918Z",
          "primaryEndpoints": {
            "dfs": "https://sto8288.dfs.core.windows.net/",
            "web": "https://sto8288.z20.web.core.windows.net/",
            "blob": "https://sto8288.blob.core.windows.net/",
            "queue": "https://sto8288.queue.core.windows.net/",
            "table": "https://sto8288.table.core.windows.net/",
            "file": "https://sto8288.file.core.windows.net/"
          },
          "primaryLocation": "eastus2",
          "statusOfPrimary": "available",
          "secondaryLocation": "centralus",
          "statusOfSecondary": "available"
        }
      }
    },
    {
      "RequestUri": "https://management.azure.com/subscriptions/45b60d85-fd72-427a-a708-f994d26e593e/resourceGroups/res211/providers/Microsoft.Storage/storageAccounts/sto8288?api-version=2019-06-01",
      "RequestMethod": "GET",
      "RequestHeaders": {
        "Authorization": "Sanitized",
        "traceparent": "00-3b4c9006c22a2940a3ccc7b58700694d-b1425432a6a49b4b-00",
        "User-Agent": [
          "azsdk-net-ResourceManager.Storage/1.0.0-dev.20200611.1",
          "(.NET Core 4.6.28801.04; Microsoft Windows 10.0.19041 )"
        ],
        "x-ms-client-request-id": "a083c1f71f03cf4f0eea8fd833b667ba",
        "x-ms-return-client-request-id": "true"
      },
      "RequestBody": null,
      "StatusCode": 200,
      "ResponseHeaders": {
        "Cache-Control": "no-cache",
        "Content-Length": "1272",
        "Content-Type": "application/json",
        "Date": "Thu, 11 Jun 2020 04:35:24 GMT",
        "Expires": "-1",
        "Pragma": "no-cache",
        "Server": "Microsoft-Azure-Storage-Resource-Provider/1.0,Microsoft-HTTPAPI/2.0 Microsoft-HTTPAPI/2.0",
        "Strict-Transport-Security": "max-age=31536000; includeSubDomains",
        "X-Content-Type-Options": "nosniff",
        "x-ms-client-request-id": "a083c1f71f03cf4f0eea8fd833b667ba",
        "x-ms-correlation-request-id": "f49b96c1-e65d-4227-b0bd-21d26f8e6d36",
        "x-ms-ratelimit-remaining-subscription-reads": "11287",
        "x-ms-request-id": "89bae446-8125-457c-b79b-c2ed130d21ef",
        "x-ms-routing-request-id": "KOREASOUTH:20200611T043524Z:f49b96c1-e65d-4227-b0bd-21d26f8e6d36"
      },
      "ResponseBody": {
        "sku": {
          "name": "Standard_GRS",
          "tier": "Standard"
        },
        "kind": "StorageV2",
        "id": "/subscriptions/45b60d85-fd72-427a-a708-f994d26e593e/resourceGroups/res211/providers/Microsoft.Storage/storageAccounts/sto8288",
        "name": "sto8288",
        "type": "Microsoft.Storage/storageAccounts",
        "location": "eastus2",
        "tags": {},
        "properties": {
          "privateEndpointConnections": [],
          "isHnsEnabled": true,
          "networkAcls": {
            "bypass": "AzureServices",
            "virtualNetworkRules": [],
            "ipRules": [],
            "defaultAction": "Allow"
          },
          "supportsHttpsTrafficOnly": true,
          "encryption": {
            "services": {
              "file": {
                "keyType": "Account",
                "enabled": true,
                "lastEnabledTime": "2020-06-11T04:35:07.5031675Z"
              },
              "blob": {
                "keyType": "Account",
                "enabled": true,
                "lastEnabledTime": "2020-06-11T04:35:07.5031675Z"
              }
            },
            "keySource": "Microsoft.Storage"
          },
          "accessTier": "Hot",
          "provisioningState": "Succeeded",
          "creationTime": "2020-06-11T04:35:07.4406918Z",
          "primaryEndpoints": {
            "dfs": "https://sto8288.dfs.core.windows.net/",
            "web": "https://sto8288.z20.web.core.windows.net/",
            "blob": "https://sto8288.blob.core.windows.net/",
            "queue": "https://sto8288.queue.core.windows.net/",
            "table": "https://sto8288.table.core.windows.net/",
            "file": "https://sto8288.file.core.windows.net/"
          },
          "primaryLocation": "eastus2",
          "statusOfPrimary": "available",
          "secondaryLocation": "centralus",
          "statusOfSecondary": "available"
        }
      }
    }
  ],
  "Variables": {
    "RandomSeed": "304788987",
    "SUBSCRIPTION_ID": "45b60d85-fd72-427a-a708-f994d26e593e"
  }
}