{
  "Entries": [
    {
      "RequestUri": "https://management.azure.com/subscriptions/db1ab6f0-4769-4b27-930e-01e2ef9c123c?api-version=2021-01-01",
      "RequestMethod": "GET",
      "RequestHeaders": {
        "Accept": "application/json",
        "Authorization": "Sanitized",
        "Connection": "keep-alive",
        "traceparent": "00-bf723ef64f85db4ba681e16fba4ea4ad-f3503a7525435547-00",
        "User-Agent": "azsdk-net-ResourceManager/1.3.0 (.NET Framework 4.8.4510.0; Microsoft Windows 10.0.22000 )",
        "x-ms-client-request-id": "79c7890300d08327210eec244bff1e52",
        "x-ms-return-client-request-id": "true"
      },
      "RequestBody": null,
      "StatusCode": 200,
      "ResponseHeaders": {
        "Cache-Control": "no-cache",
        "Content-Length": "747",
        "Content-Type": "application/json; charset=utf-8",
        "Date": "Wed, 31 Aug 2022 09:08:47 GMT",
        "Expires": "-1",
        "Pragma": "no-cache",
        "Strict-Transport-Security": "max-age=31536000; includeSubDomains",
        "X-Content-Type-Options": "nosniff",
        "x-ms-correlation-request-id": "3f30e63b-ba3b-4fe8-8b5b-5558b0f9e60d",
        "x-ms-ratelimit-remaining-subscription-reads": "11996",
        "x-ms-request-id": "3f30e63b-ba3b-4fe8-8b5b-5558b0f9e60d",
        "x-ms-routing-request-id": "KOREASOUTH:20220831T090847Z:3f30e63b-ba3b-4fe8-8b5b-5558b0f9e60d"
      },
      "ResponseBody": {
        "id": "/subscriptions/db1ab6f0-4769-4b27-930e-01e2ef9c123c",
        "authorizationSource": "RoleBased",
        "managedByTenants": [],
        "tags": {
          "TagKey-9823": "TagValue-566",
          "TagKey-3481": "TagValue-320",
          "TagKey-4926": "TagValue-1187",
          "TagKey-751": "TagValue-3921",
          "TagKey-1866": "TagValue-8559",
          "TagKey-3094": "TagValue-9190",
          "TagKey-2449": "TagValue-9",
          "TagKey-8379": "TagValue-164",
          "TagKey-7470": "TagValue-2205",
          "TagKey-4236": "TagValue-3698",
          "TagKey-5316": "TagValue-2725"
        },
        "subscriptionId": "db1ab6f0-4769-4b27-930e-01e2ef9c123c",
        "tenantId": "72f988bf-86f1-41af-91ab-2d7cd011db47",
        "displayName": ".NET Mgmt SDK Test with TTL = 1 Day",
        "state": "Enabled",
        "subscriptionPolicies": {
          "locationPlacementId": "Internal_2014-09-01",
          "quotaId": "Internal_2014-09-01",
          "spendingLimit": "Off"
        }
      }
    },
    {
      "RequestUri": "https://management.azure.com/subscriptions/db1ab6f0-4769-4b27-930e-01e2ef9c123c/resourcegroups/teststorageRG-1034?api-version=2021-04-01",
      "RequestMethod": "PUT",
      "RequestHeaders": {
        "Accept": "application/json",
        "Authorization": "Sanitized",
        "Content-Length": "44",
        "Content-Type": "application/json",
        "traceparent": "00-2d89c9e49334d34680de37bb825b669e-4cca9347ee640443-00",
        "User-Agent": "azsdk-net-ResourceManager/1.3.0 (.NET Framework 4.8.4510.0; Microsoft Windows 10.0.22000 )",
        "x-ms-client-request-id": "1ad2a487023384f2ea5164cdbb5bb25b",
        "x-ms-return-client-request-id": "true"
      },
      "RequestBody": {
        "tags": {
          "test": "env"
        },
        "location": "eastus2"
      },
      "StatusCode": 201,
      "ResponseHeaders": {
        "Cache-Control": "no-cache",
        "Content-Length": "256",
        "Content-Type": "application/json; charset=utf-8",
        "Date": "Wed, 31 Aug 2022 09:08:50 GMT",
        "Expires": "-1",
        "Pragma": "no-cache",
        "Strict-Transport-Security": "max-age=31536000; includeSubDomains",
        "X-Content-Type-Options": "nosniff",
        "x-ms-correlation-request-id": "b73d8529-f8c6-417e-b6db-17b0cd6bf81e",
        "x-ms-ratelimit-remaining-subscription-writes": "1199",
        "x-ms-request-id": "b73d8529-f8c6-417e-b6db-17b0cd6bf81e",
        "x-ms-routing-request-id": "KOREASOUTH:20220831T090850Z:b73d8529-f8c6-417e-b6db-17b0cd6bf81e"
      },
      "ResponseBody": {
        "id": "/subscriptions/db1ab6f0-4769-4b27-930e-01e2ef9c123c/resourceGroups/teststorageRG-1034",
        "name": "teststorageRG-1034",
        "type": "Microsoft.Resources/resourceGroups",
        "location": "eastus2",
        "tags": {
          "test": "env"
        },
        "properties": {
          "provisioningState": "Succeeded"
        }
      }
    },
    {
      "RequestUri": "https://management.azure.com/subscriptions/db1ab6f0-4769-4b27-930e-01e2ef9c123c/providers/Microsoft.Storage/checkNameAvailability?api-version=2022-05-01",
      "RequestMethod": "POST",
      "RequestHeaders": {
        "Accept": "application/json",
        "Authorization": "Sanitized",
        "Content-Length": "72",
        "Content-Type": "application/json",
        "traceparent": "00-a0a5ee5860007c4c848046c27ebb6a06-6b439d2effba824c-00",
        "User-Agent": "azsdk-net-ResourceManager.Storage/1.0.0-alpha.20220831.1 (.NET Framework 4.8.4510.0; Microsoft Windows 10.0.22000 )",
        "x-ms-client-request-id": "ecc06f08b4a184e5edfaf2c6a2041bbd",
        "x-ms-return-client-request-id": "true"
      },
      "RequestBody": {
        "name": "teststoragemgmt422",
        "type": "Microsoft.Storage/storageAccounts"
      },
      "StatusCode": 200,
      "ResponseHeaders": {
        "Cache-Control": "no-cache",
        "Content-Length": "22",
        "Content-Type": "application/json",
        "Date": "Wed, 31 Aug 2022 09:08:52 GMT",
        "Expires": "-1",
        "Pragma": "no-cache",
        "Server": "Microsoft-Azure-Storage-Resource-Provider/1.0,Microsoft-HTTPAPI/2.0 Microsoft-HTTPAPI/2.0",
        "Strict-Transport-Security": "max-age=31536000; includeSubDomains",
        "X-Content-Type-Options": "nosniff",
        "x-ms-client-request-id": "ecc06f08b4a184e5edfaf2c6a2041bbd",
        "x-ms-correlation-request-id": "33e8e1e1-6b75-447d-8b78-ad63a6ac0493",
        "x-ms-ratelimit-remaining-subscription-reads": "11995",
        "x-ms-request-id": "a08a2812-3be0-43fb-ac90-7b1eb08c8a15",
        "x-ms-routing-request-id": "KOREASOUTH:20220831T090852Z:33e8e1e1-6b75-447d-8b78-ad63a6ac0493"
      },
      "ResponseBody": {
        "nameAvailable": true
      }
    },
    {
      "RequestUri": "https://management.azure.com/subscriptions/db1ab6f0-4769-4b27-930e-01e2ef9c123c/resourceGroups/teststorageRG-1034/providers/Microsoft.Storage/storageAccounts/teststoragemgmt422?api-version=2022-05-01",
      "RequestMethod": "PUT",
      "RequestHeaders": {
        "Accept": "application/json",
        "Authorization": "Sanitized",
        "Content-Length": "105",
        "Content-Type": "application/json",
        "traceparent": "00-d25d78ff99461a4e9b2f414faba35e53-e59a0389acf3624d-00",
        "User-Agent": "azsdk-net-ResourceManager.Storage/1.0.0-alpha.20220831.1 (.NET Framework 4.8.4510.0; Microsoft Windows 10.0.22000 )",
        "x-ms-client-request-id": "9b3991f5cf90d487f5e6afc2b666b23a",
        "x-ms-return-client-request-id": "true"
      },
      "RequestBody": {
        "sku": {
          "name": "Standard_LRS"
        },
        "kind": "StorageV2",
        "location": "eastus2",
        "properties": {
          "accessTier": "Hot"
        }
      },
      "StatusCode": 202,
      "ResponseHeaders": {
        "Cache-Control": "no-cache",
        "Content-Length": "0",
        "Content-Type": "text/plain; charset=utf-8",
        "Date": "Wed, 31 Aug 2022 09:09:01 GMT",
        "Expires": "-1",
        "Location": "https://management.azure.com/subscriptions/db1ab6f0-4769-4b27-930e-01e2ef9c123c/providers/Microsoft.Storage/locations/eastus2/asyncoperations/4659684c-d625-4599-86a4-47d969dd8d2f?monitor=true\u0026api-version=2022-05-01",
        "Pragma": "no-cache",
        "Retry-After": "17",
        "Server": "Microsoft-Azure-Storage-Resource-Provider/1.0,Microsoft-HTTPAPI/2.0 Microsoft-HTTPAPI/2.0",
        "Strict-Transport-Security": "max-age=31536000; includeSubDomains",
        "X-Content-Type-Options": "nosniff",
        "x-ms-client-request-id": "9b3991f5cf90d487f5e6afc2b666b23a",
        "x-ms-correlation-request-id": "4b4950d6-aae4-4e87-aa45-f7665ba18a72",
        "x-ms-ratelimit-remaining-subscription-writes": "1198",
        "x-ms-request-id": "4659684c-d625-4599-86a4-47d969dd8d2f",
        "x-ms-routing-request-id": "KOREASOUTH:20220831T090902Z:4b4950d6-aae4-4e87-aa45-f7665ba18a72"
      },
      "ResponseBody": null
    },
    {
      "RequestUri": "https://management.azure.com/subscriptions/db1ab6f0-4769-4b27-930e-01e2ef9c123c/providers/Microsoft.Storage/locations/eastus2/asyncoperations/4659684c-d625-4599-86a4-47d969dd8d2f?monitor=true\u0026api-version=2022-05-01",
      "RequestMethod": "GET",
      "RequestHeaders": {
        "Authorization": "Sanitized",
        "traceparent": "00-d25d78ff99461a4e9b2f414faba35e53-24f0010c1833ff47-00",
        "User-Agent": "azsdk-net-ResourceManager/1.3.0 (.NET Framework 4.8.4510.0; Microsoft Windows 10.0.22000 )",
        "x-ms-client-request-id": "cac60f49bf7938c3e7ecf6bb0522cd86",
        "x-ms-return-client-request-id": "true"
      },
      "RequestBody": null,
      "StatusCode": 202,
      "ResponseHeaders": {
        "Cache-Control": "no-cache",
        "Content-Length": "0",
        "Content-Type": "text/plain; charset=utf-8",
        "Date": "Wed, 31 Aug 2022 09:09:02 GMT",
        "Expires": "-1",
        "Location": "https://management.azure.com/subscriptions/db1ab6f0-4769-4b27-930e-01e2ef9c123c/providers/Microsoft.Storage/locations/eastus2/asyncoperations/4659684c-d625-4599-86a4-47d969dd8d2f?monitor=true\u0026api-version=2022-05-01",
        "Pragma": "no-cache",
        "Retry-After": "17",
        "Server": "Microsoft-Azure-Storage-Resource-Provider/1.0,Microsoft-HTTPAPI/2.0 Microsoft-HTTPAPI/2.0",
        "Strict-Transport-Security": "max-age=31536000; includeSubDomains",
        "X-Content-Type-Options": "nosniff",
        "x-ms-client-request-id": "cac60f49bf7938c3e7ecf6bb0522cd86",
        "x-ms-correlation-request-id": "ef7b7779-0770-4bdb-8bbb-032f7d46f17f",
        "x-ms-ratelimit-remaining-subscription-reads": "11994",
        "x-ms-request-id": "053c8e38-6a1e-40ae-8489-a99fe4a4dc7b",
        "x-ms-routing-request-id": "KOREASOUTH:20220831T090902Z:ef7b7779-0770-4bdb-8bbb-032f7d46f17f"
      },
      "ResponseBody": null
    },
    {
      "RequestUri": "https://management.azure.com/subscriptions/db1ab6f0-4769-4b27-930e-01e2ef9c123c/providers/Microsoft.Storage/locations/eastus2/asyncoperations/4659684c-d625-4599-86a4-47d969dd8d2f?monitor=true\u0026api-version=2022-05-01",
      "RequestMethod": "GET",
      "RequestHeaders": {
        "Authorization": "Sanitized",
        "traceparent": "00-d25d78ff99461a4e9b2f414faba35e53-df360893d2bba844-00",
        "User-Agent": "azsdk-net-ResourceManager/1.3.0 (.NET Framework 4.8.4510.0; Microsoft Windows 10.0.22000 )",
        "x-ms-client-request-id": "a9fcb8476b0d312bab49aef9897fd337",
        "x-ms-return-client-request-id": "true"
      },
      "RequestBody": null,
      "StatusCode": 200,
      "ResponseHeaders": {
        "Cache-Control": "no-cache",
        "Content-Length": "1442",
        "Content-Type": "application/json",
        "Date": "Wed, 31 Aug 2022 09:09:19 GMT",
        "Expires": "-1",
        "Pragma": "no-cache",
        "Server": "Microsoft-Azure-Storage-Resource-Provider/1.0,Microsoft-HTTPAPI/2.0 Microsoft-HTTPAPI/2.0",
        "Strict-Transport-Security": "max-age=31536000; includeSubDomains",
        "X-Content-Type-Options": "nosniff",
        "x-ms-client-request-id": "a9fcb8476b0d312bab49aef9897fd337",
        "x-ms-correlation-request-id": "b96871c1-3a7f-49b3-bebc-659f435ae792",
        "x-ms-ratelimit-remaining-subscription-reads": "11993",
        "x-ms-request-id": "7fd2b964-1033-4cc1-ab57-3fa09844e888",
        "x-ms-routing-request-id": "KOREASOUTH:20220831T090919Z:b96871c1-3a7f-49b3-bebc-659f435ae792"
      },
      "ResponseBody": {
        "sku": {
          "name": "Standard_LRS",
          "tier": "Standard"
        },
        "kind": "StorageV2",
        "id": "/subscriptions/db1ab6f0-4769-4b27-930e-01e2ef9c123c/resourceGroups/teststorageRG-1034/providers/Microsoft.Storage/storageAccounts/teststoragemgmt422",
        "name": "teststoragemgmt422",
        "type": "Microsoft.Storage/storageAccounts",
        "location": "eastus2",
        "tags": {},
        "properties": {
          "keyCreationTime": {
            "key1": "2022-08-31T09:09:00.2201629Z",
            "key2": "2022-08-31T09:09:00.2201629Z"
          },
          "privateEndpointConnections": [],
          "minimumTlsVersion": "TLS1_0",
          "allowBlobPublicAccess": true,
          "networkAcls": {
            "bypass": "AzureServices",
            "virtualNetworkRules": [],
            "ipRules": [],
            "defaultAction": "Allow"
          },
          "supportsHttpsTrafficOnly": true,
          "encryption": {
            "services": {
              "file": {
                "keyType": "Account",
                "enabled": true,
                "lastEnabledTime": "2022-08-31T09:09:00.7045129Z"
              },
              "blob": {
                "keyType": "Account",
                "enabled": true,
                "lastEnabledTime": "2022-08-31T09:09:00.7045129Z"
              }
            },
            "keySource": "Microsoft.Storage"
          },
          "accessTier": "Hot",
          "provisioningState": "Succeeded",
          "creationTime": "2022-08-31T09:09:00.1107857Z",
          "primaryEndpoints": {
            "dfs": "https://teststoragemgmt422.dfs.core.windows.net/",
            "web": "https://teststoragemgmt422.z20.web.core.windows.net/",
            "blob": "https://teststoragemgmt422.blob.core.windows.net/",
            "queue": "https://teststoragemgmt422.queue.core.windows.net/",
            "table": "https://teststoragemgmt422.table.core.windows.net/",
            "file": "https://teststoragemgmt422.file.core.windows.net/"
          },
          "primaryLocation": "eastus2",
          "statusOfPrimary": "available"
        }
      }
    },
    {
      "RequestUri": "https://management.azure.com/subscriptions/db1ab6f0-4769-4b27-930e-01e2ef9c123c/resourceGroups/teststorageRG-1034/providers/Microsoft.Storage/storageAccounts/teststoragemgmt422?api-version=2022-05-01",
      "RequestMethod": "PATCH",
      "RequestHeaders": {
        "Accept": "application/json",
        "Authorization": "Sanitized",
        "Content-Length": "39",
        "Content-Type": "application/json",
        "traceparent": "00-2d38c988ca2ae34494b1ab4bd2f1d0be-e3e47c8b4b5a2a4b-00",
        "User-Agent": "azsdk-net-ResourceManager.Storage/1.0.0-alpha.20220831.1 (.NET Framework 4.8.4510.0; Microsoft Windows 10.0.22000 )",
        "x-ms-client-request-id": "a779619ee8a009c135bec7a5cd29eac9",
        "x-ms-return-client-request-id": "true"
      },
      "RequestBody": {
        "properties": {
          "accessTier": "Premium"
        }
      },
      "StatusCode": 200,
      "ResponseHeaders": {
        "Cache-Control": "no-cache",
        "Content-Length": "1446",
        "Content-Type": "application/json",
        "Date": "Wed, 31 Aug 2022 09:09:20 GMT",
        "Expires": "-1",
        "Pragma": "no-cache",
        "Server": "Microsoft-Azure-Storage-Resource-Provider/1.0,Microsoft-HTTPAPI/2.0 Microsoft-HTTPAPI/2.0",
        "Strict-Transport-Security": "max-age=31536000; includeSubDomains",
        "X-Content-Type-Options": "nosniff",
        "x-ms-client-request-id": "a779619ee8a009c135bec7a5cd29eac9",
        "x-ms-correlation-request-id": "69716851-5ec4-489e-b158-d3d25634e30f",
        "x-ms-ratelimit-remaining-subscription-writes": "1197",
        "x-ms-request-id": "c279e218-e039-40a0-8c4c-26180a4b33e1",
        "x-ms-routing-request-id": "KOREASOUTH:20220831T090921Z:69716851-5ec4-489e-b158-d3d25634e30f"
      },
      "ResponseBody": {
        "sku": {
          "name": "Standard_LRS",
          "tier": "Standard"
        },
        "kind": "StorageV2",
        "id": "/subscriptions/db1ab6f0-4769-4b27-930e-01e2ef9c123c/resourceGroups/teststorageRG-1034/providers/Microsoft.Storage/storageAccounts/teststoragemgmt422",
        "name": "teststoragemgmt422",
        "type": "Microsoft.Storage/storageAccounts",
        "location": "eastus2",
        "tags": {},
        "properties": {
          "keyCreationTime": {
            "key1": "2022-08-31T09:09:00.2201629Z",
            "key2": "2022-08-31T09:09:00.2201629Z"
          },
          "privateEndpointConnections": [],
          "minimumTlsVersion": "TLS1_0",
          "allowBlobPublicAccess": true,
          "networkAcls": {
            "bypass": "AzureServices",
            "virtualNetworkRules": [],
            "ipRules": [],
            "defaultAction": "Allow"
          },
          "supportsHttpsTrafficOnly": true,
          "encryption": {
            "services": {
              "file": {
                "keyType": "Account",
                "enabled": true,
                "lastEnabledTime": "2022-08-31T09:09:00.7045129Z"
              },
              "blob": {
                "keyType": "Account",
                "enabled": true,
                "lastEnabledTime": "2022-08-31T09:09:00.7045129Z"
              }
            },
            "keySource": "Microsoft.Storage"
          },
          "accessTier": "Premium",
          "provisioningState": "Succeeded",
          "creationTime": "2022-08-31T09:09:00.1107857Z",
          "primaryEndpoints": {
            "dfs": "https://teststoragemgmt422.dfs.core.windows.net/",
            "web": "https://teststoragemgmt422.z20.web.core.windows.net/",
            "blob": "https://teststoragemgmt422.blob.core.windows.net/",
            "queue": "https://teststoragemgmt422.queue.core.windows.net/",
            "table": "https://teststoragemgmt422.table.core.windows.net/",
            "file": "https://teststoragemgmt422.file.core.windows.net/"
          },
          "primaryLocation": "eastus2",
          "statusOfPrimary": "available"
        }
      }
    },
    {
      "RequestUri": "https://management.azure.com/subscriptions/db1ab6f0-4769-4b27-930e-01e2ef9c123c/resourceGroups/teststorageRG-1034/providers/Microsoft.Storage/storageAccounts?api-version=2022-05-01",
      "RequestMethod": "GET",
      "RequestHeaders": {
        "Accept": "application/json",
        "Authorization": "Sanitized",
        "traceparent": "00-2b4a39ccda2f194c9d9c6ebc23ecab60-9ea7f5c27e31bd48-00",
        "User-Agent": "azsdk-net-ResourceManager.Storage/1.0.0-alpha.20220831.1 (.NET Framework 4.8.4510.0; Microsoft Windows 10.0.22000 )",
        "x-ms-client-request-id": "48bfbfc89ec1dd3fe4941e2f10c9af68",
        "x-ms-return-client-request-id": "true"
      },
      "RequestBody": null,
      "StatusCode": 200,
      "ResponseHeaders": {
        "Cache-Control": "no-cache",
        "Content-Length": "1458",
        "Content-Type": "application/json",
        "Date": "Wed, 31 Aug 2022 09:09:21 GMT",
        "Expires": "-1",
        "Pragma": "no-cache",
        "Server": "Microsoft-Azure-Storage-Resource-Provider/1.0,Microsoft-HTTPAPI/2.0 Microsoft-HTTPAPI/2.0",
        "Strict-Transport-Security": "max-age=31536000; includeSubDomains",
        "X-Content-Type-Options": "nosniff",
        "x-ms-client-request-id": "48bfbfc89ec1dd3fe4941e2f10c9af68",
        "x-ms-correlation-request-id": "a8898157-8ca6-4806-9881-ef5600842052",
        "x-ms-ratelimit-remaining-subscription-reads": "11992",
        "x-ms-request-id": "a6684ae4-a535-4171-9d90-2c4fa9e1a764",
        "x-ms-routing-request-id": "KOREASOUTH:20220831T090921Z:a8898157-8ca6-4806-9881-ef5600842052"
      },
      "ResponseBody": {
        "value": [
          {
            "sku": {
              "name": "Standard_LRS",
              "tier": "Standard"
            },
            "kind": "StorageV2",
            "id": "/subscriptions/db1ab6f0-4769-4b27-930e-01e2ef9c123c/resourceGroups/teststorageRG-1034/providers/Microsoft.Storage/storageAccounts/teststoragemgmt422",
            "name": "teststoragemgmt422",
            "type": "Microsoft.Storage/storageAccounts",
            "location": "eastus2",
            "tags": {},
            "properties": {
              "keyCreationTime": {
                "key1": "2022-08-31T09:09:00.2201629Z",
                "key2": "2022-08-31T09:09:00.2201629Z"
              },
              "privateEndpointConnections": [],
              "minimumTlsVersion": "TLS1_0",
              "allowBlobPublicAccess": true,
              "networkAcls": {
                "bypass": "AzureServices",
                "virtualNetworkRules": [],
                "ipRules": [],
                "defaultAction": "Allow"
              },
              "supportsHttpsTrafficOnly": true,
              "encryption": {
                "services": {
                  "file": {
                    "keyType": "Account",
                    "enabled": true,
                    "lastEnabledTime": "2022-08-31T09:09:00.7045129Z"
                  },
                  "blob": {
                    "keyType": "Account",
                    "enabled": true,
                    "lastEnabledTime": "2022-08-31T09:09:00.7045129Z"
                  }
                },
                "keySource": "Microsoft.Storage"
              },
              "accessTier": "Premium",
              "provisioningState": "Succeeded",
              "creationTime": "2022-08-31T09:09:00.1107857Z",
              "primaryEndpoints": {
                "dfs": "https://teststoragemgmt422.dfs.core.windows.net/",
                "web": "https://teststoragemgmt422.z20.web.core.windows.net/",
                "blob": "https://teststoragemgmt422.blob.core.windows.net/",
                "queue": "https://teststoragemgmt422.queue.core.windows.net/",
                "table": "https://teststoragemgmt422.table.core.windows.net/",
                "file": "https://teststoragemgmt422.file.core.windows.net/"
              },
              "primaryLocation": "eastus2",
              "statusOfPrimary": "available"
            }
          }
        ]
      }
    },
    {
      "RequestUri": "https://management.azure.com/subscriptions/db1ab6f0-4769-4b27-930e-01e2ef9c123c/resourceGroups/teststorageRG-1034/providers/Microsoft.Storage/storageAccounts/teststoragemgmt422?api-version=2022-05-01",
      "RequestMethod": "DELETE",
      "RequestHeaders": {
        "Authorization": "Sanitized",
        "traceparent": "00-15737a0096c65c4dbb0d18642aee344e-ecaf5f8767642c46-00",
        "User-Agent": "azsdk-net-ResourceManager.Storage/1.0.0-alpha.20220831.1 (.NET Framework 4.8.4510.0; Microsoft Windows 10.0.22000 )",
        "x-ms-client-request-id": "a31cbf1826a95fe6f7f2744ea3856382",
        "x-ms-return-client-request-id": "true"
      },
      "RequestBody": null,
      "StatusCode": 200,
      "ResponseHeaders": {
        "Cache-Control": "no-cache",
        "Content-Length": "0",
        "Content-Type": "text/plain; charset=utf-8",
        "Date": "Wed, 31 Aug 2022 09:09:27 GMT",
        "Expires": "-1",
        "Pragma": "no-cache",
        "Server": "Microsoft-Azure-Storage-Resource-Provider/1.0,Microsoft-HTTPAPI/2.0 Microsoft-HTTPAPI/2.0",
        "Strict-Transport-Security": "max-age=31536000; includeSubDomains",
        "X-Content-Type-Options": "nosniff",
        "x-ms-client-request-id": "a31cbf1826a95fe6f7f2744ea3856382",
        "x-ms-correlation-request-id": "b6f3d5ea-4027-4c97-a726-06a7401714bf",
        "x-ms-ratelimit-remaining-subscription-deletes": "14998",
        "x-ms-request-id": "4e074dd1-4ba6-4c38-b6c1-52de4131c468",
        "x-ms-routing-request-id": "KOREASOUTH:20220831T090928Z:b6f3d5ea-4027-4c97-a726-06a7401714bf"
      },
      "ResponseBody": null
    }
  ],
  "Variables": {
    "AZURE_AUTHORITY_HOST": "https://login.microsoftonline.com",
    "RandomSeed": "549250961",
    "RESOURCE_MANAGER_URL": null,
    "SUBSCRIPTION_ID": "db1ab6f0-4769-4b27-930e-01e2ef9c123c"
  }
}
