{
  "Entries": [
    {
      "RequestUri": "https://management.azure.com/subscriptions/db1ab6f0-4769-4b27-930e-01e2ef9c123c?api-version=2021-01-01",
      "RequestMethod": "GET",
      "RequestHeaders": {
        "Accept": "application/json",
        "Authorization": "Sanitized",
        "traceparent": "00-4d1f214341dcd4c6143be75b914016c9-43e2e6266620e163-00",
        "User-Agent": "azsdk-net-ResourceManager/1.3.0 (.NET 6.0.8; Microsoft Windows 10.0.19044)",
        "x-ms-client-request-id": "234531d865662b46ce4276e21f78e096",
        "x-ms-return-client-request-id": "true"
      },
      "RequestBody": null,
      "StatusCode": 200,
      "ResponseHeaders": {
        "Cache-Control": "no-cache",
        "Content-Length": "747",
        "Content-Type": "application/json; charset=utf-8",
        "Date": "Thu, 18 Aug 2022 10:53:33 GMT",
        "Expires": "-1",
        "Pragma": "no-cache",
        "Strict-Transport-Security": "max-age=31536000; includeSubDomains",
        "X-Content-Type-Options": "nosniff",
        "x-ms-correlation-request-id": "cb127171-3f9b-4ea0-a528-e3c38f95b2eb",
        "x-ms-ratelimit-remaining-subscription-reads": "11340",
        "x-ms-request-id": "cb127171-3f9b-4ea0-a528-e3c38f95b2eb",
        "x-ms-routing-request-id": "SOUTHEASTASIA:20220818T105334Z:cb127171-3f9b-4ea0-a528-e3c38f95b2eb"
      },
      "ResponseBody": {
        "id": "/subscriptions/db1ab6f0-4769-4b27-930e-01e2ef9c123c",
        "authorizationSource": "RoleBased",
        "managedByTenants": [],
        "tags": {
          "TagKey-9823": "TagValue-566",
          "TagKey-3481": "TagValue-320",
          "TagKey-4926": "TagValue-1187",
          "TagKey-751": "TagValue-3921",
          "TagKey-1866": "TagValue-8559",
          "TagKey-3094": "TagValue-9190",
          "TagKey-2449": "TagValue-9",
          "TagKey-8379": "TagValue-164",
          "TagKey-7470": "TagValue-2205",
          "TagKey-4236": "TagValue-3698",
          "TagKey-5316": "TagValue-2725"
        },
        "subscriptionId": "db1ab6f0-4769-4b27-930e-01e2ef9c123c",
        "tenantId": "72f988bf-86f1-41af-91ab-2d7cd011db47",
        "displayName": ".NET Mgmt SDK Test with TTL = 1 Day",
        "state": "Enabled",
        "subscriptionPolicies": {
          "locationPlacementId": "Internal_2014-09-01",
          "quotaId": "Internal_2014-09-01",
          "spendingLimit": "Off"
        }
      }
    },
    {
      "RequestUri": "https://management.azure.com/subscriptions/db1ab6f0-4769-4b27-930e-01e2ef9c123c/providers/Microsoft.Storage/checkNameAvailability?api-version=2022-05-01",
      "RequestMethod": "POST",
      "RequestHeaders": {
        "Accept": "application/json",
        "Authorization": "Sanitized",
        "Content-Length": "72",
        "Content-Type": "application/json",
        "traceparent": "00-73fe7ebaa832f6bfe91a64baed50043a-b5212e8c5e5b6d6b-00",
        "User-Agent": "azsdk-net-ResourceManager.Storage/1.0.0-alpha.20220818.1 (.NET 6.0.8; Microsoft Windows 10.0.19044)",
        "x-ms-client-request-id": "ef64a0f4c527d230239ab2180331409f",
        "x-ms-return-client-request-id": "true"
      },
      "RequestBody": {
        "name": "teststoragemgmt364",
        "type": "Microsoft.Storage/storageAccounts"
      },
      "StatusCode": 200,
      "ResponseHeaders": {
        "Cache-Control": "no-cache",
        "Content-Length": "22",
        "Content-Type": "application/json",
        "Date": "Thu, 18 Aug 2022 10:53:35 GMT",
        "Expires": "-1",
        "Pragma": "no-cache",
        "Server": "Microsoft-Azure-Storage-Resource-Provider/1.0,Microsoft-HTTPAPI/2.0 Microsoft-HTTPAPI/2.0",
        "Strict-Transport-Security": "max-age=31536000; includeSubDomains",
        "X-Content-Type-Options": "nosniff",
        "x-ms-client-request-id": "ef64a0f4c527d230239ab2180331409f",
        "x-ms-correlation-request-id": "15bc0f72-cfcb-4d6e-a06a-e541db2a774f",
        "x-ms-ratelimit-remaining-subscription-reads": "11339",
        "x-ms-request-id": "8fa26cdc-1ccf-4f2b-9ece-e0733161a212",
        "x-ms-routing-request-id": "SOUTHEASTASIA:20220818T105335Z:15bc0f72-cfcb-4d6e-a06a-e541db2a774f"
      },
      "ResponseBody": {
        "nameAvailable": true
      }
    },
    {
      "RequestUri": "https://management.azure.com/subscriptions/db1ab6f0-4769-4b27-930e-01e2ef9c123c/resourcegroups/teststorageRG-9582?api-version=2021-04-01",
      "RequestMethod": "PUT",
      "RequestHeaders": {
        "Accept": "application/json",
        "Authorization": "Sanitized",
        "Content-Length": "44",
        "Content-Type": "application/json",
        "traceparent": "00-4a9df601c67984eb5543ae69892ea22d-642ac32e414527df-00",
        "User-Agent": "azsdk-net-ResourceManager/1.3.0 (.NET 6.0.8; Microsoft Windows 10.0.19044)",
        "x-ms-client-request-id": "60d77f16d128227bcea68972f46eff2d",
        "x-ms-return-client-request-id": "true"
      },
      "RequestBody": {
        "tags": {
          "test": "env"
        },
        "location": "eastus2"
      },
      "StatusCode": 201,
      "ResponseHeaders": {
        "Cache-Control": "no-cache",
        "Content-Length": "256",
        "Content-Type": "application/json; charset=utf-8",
        "Date": "Thu, 18 Aug 2022 10:53:36 GMT",
        "Expires": "-1",
        "Pragma": "no-cache",
        "Strict-Transport-Security": "max-age=31536000; includeSubDomains",
        "X-Content-Type-Options": "nosniff",
        "x-ms-correlation-request-id": "faae37a9-6e6c-464c-a694-dd812aa52897",
        "x-ms-ratelimit-remaining-subscription-writes": "1038",
        "x-ms-request-id": "faae37a9-6e6c-464c-a694-dd812aa52897",
        "x-ms-routing-request-id": "SOUTHEASTASIA:20220818T105336Z:faae37a9-6e6c-464c-a694-dd812aa52897"
      },
      "ResponseBody": {
        "id": "/subscriptions/db1ab6f0-4769-4b27-930e-01e2ef9c123c/resourceGroups/teststorageRG-9582",
        "name": "teststorageRG-9582",
        "type": "Microsoft.Resources/resourceGroups",
        "location": "eastus2",
        "tags": {
          "test": "env"
        },
        "properties": {
          "provisioningState": "Succeeded"
        }
      }
    },
    {
      "RequestUri": "https://management.azure.com/subscriptions/db1ab6f0-4769-4b27-930e-01e2ef9c123c/resourceGroups/teststorageRG-9582/providers/Microsoft.Storage/storageAccounts/teststoragemgmt364?api-version=2022-05-01",
      "RequestMethod": "PUT",
      "RequestHeaders": {
        "Accept": "application/json",
        "Authorization": "Sanitized",
        "Content-Length": "126",
        "Content-Type": "application/json",
        "traceparent": "00-e8b884ef8cff7714e74765415096ddcf-bb1c73b8d892153e-00",
        "User-Agent": "azsdk-net-ResourceManager.Storage/1.0.0-alpha.20220818.1 (.NET 6.0.8; Microsoft Windows 10.0.19044)",
        "x-ms-client-request-id": "fb1a0d5bb01b156b5143ca9412cb1135",
        "x-ms-return-client-request-id": "true"
      },
      "RequestBody": {
        "sku": {
          "name": "Standard_GRS"
        },
        "kind": "Storage",
        "location": "eastus2",
        "tags": {
          "key1": "value1",
          "key2": "value2"
        },
        "properties": {}
      },
      "StatusCode": 202,
      "ResponseHeaders": {
        "Cache-Control": "no-cache",
        "Content-Length": "0",
        "Content-Type": "text/plain; charset=utf-8",
        "Date": "Thu, 18 Aug 2022 10:53:40 GMT",
        "Expires": "-1",
        "Location": "https://management.azure.com/subscriptions/db1ab6f0-4769-4b27-930e-01e2ef9c123c/providers/Microsoft.Storage/locations/eastus2/asyncoperations/de53b6e8-faf4-453f-a758-0c3f96c1e575?monitor=true\u0026api-version=2022-05-01",
        "Pragma": "no-cache",
        "Retry-After": "17",
        "Server": "Microsoft-Azure-Storage-Resource-Provider/1.0,Microsoft-HTTPAPI/2.0 Microsoft-HTTPAPI/2.0",
        "Strict-Transport-Security": "max-age=31536000; includeSubDomains",
        "X-Content-Type-Options": "nosniff",
        "x-ms-client-request-id": "fb1a0d5bb01b156b5143ca9412cb1135",
        "x-ms-correlation-request-id": "3012f2dc-8f45-4122-8047-5657854ccf91",
        "x-ms-ratelimit-remaining-subscription-writes": "1037",
        "x-ms-request-id": "de53b6e8-faf4-453f-a758-0c3f96c1e575",
        "x-ms-routing-request-id": "SOUTHEASTASIA:20220818T105341Z:3012f2dc-8f45-4122-8047-5657854ccf91"
      },
      "ResponseBody": null
    },
    {
      "RequestUri": "https://management.azure.com/subscriptions/db1ab6f0-4769-4b27-930e-01e2ef9c123c/providers/Microsoft.Storage/locations/eastus2/asyncoperations/de53b6e8-faf4-453f-a758-0c3f96c1e575?monitor=true\u0026api-version=2022-05-01",
      "RequestMethod": "GET",
      "RequestHeaders": {
        "Authorization": "Sanitized",
        "traceparent": "00-e8b884ef8cff7714e74765415096ddcf-70a952ea86c631d8-00",
        "User-Agent": "azsdk-net-ResourceManager/1.3.0 (.NET 6.0.8; Microsoft Windows 10.0.19044)",
        "x-ms-client-request-id": "24a8eab3a42665d413c10ee506e70f03",
        "x-ms-return-client-request-id": "true"
      },
      "RequestBody": null,
      "StatusCode": 202,
      "ResponseHeaders": {
        "Cache-Control": "no-cache",
        "Content-Length": "0",
        "Content-Type": "text/plain; charset=utf-8",
        "Date": "Thu, 18 Aug 2022 10:53:41 GMT",
        "Expires": "-1",
        "Location": "https://management.azure.com/subscriptions/db1ab6f0-4769-4b27-930e-01e2ef9c123c/providers/Microsoft.Storage/locations/eastus2/asyncoperations/de53b6e8-faf4-453f-a758-0c3f96c1e575?monitor=true\u0026api-version=2022-05-01",
        "Pragma": "no-cache",
        "Retry-After": "17",
        "Server": "Microsoft-Azure-Storage-Resource-Provider/1.0,Microsoft-HTTPAPI/2.0 Microsoft-HTTPAPI/2.0",
        "Strict-Transport-Security": "max-age=31536000; includeSubDomains",
        "X-Content-Type-Options": "nosniff",
        "x-ms-client-request-id": "24a8eab3a42665d413c10ee506e70f03",
        "x-ms-correlation-request-id": "6f11d4d2-b371-4c66-8a18-ca9e12cafbff",
        "x-ms-ratelimit-remaining-subscription-reads": "11338",
        "x-ms-request-id": "439b458e-f147-493c-be17-4472ce40ad2a",
        "x-ms-routing-request-id": "SOUTHEASTASIA:20220818T105341Z:6f11d4d2-b371-4c66-8a18-ca9e12cafbff"
      },
      "ResponseBody": null
    },
    {
      "RequestUri": "https://management.azure.com/subscriptions/db1ab6f0-4769-4b27-930e-01e2ef9c123c/providers/Microsoft.Storage/locations/eastus2/asyncoperations/de53b6e8-faf4-453f-a758-0c3f96c1e575?monitor=true\u0026api-version=2022-05-01",
      "RequestMethod": "GET",
      "RequestHeaders": {
        "Authorization": "Sanitized",
        "traceparent": "00-e8b884ef8cff7714e74765415096ddcf-5149766b75d9fd9d-00",
        "User-Agent": "azsdk-net-ResourceManager/1.3.0 (.NET 6.0.8; Microsoft Windows 10.0.19044)",
        "x-ms-client-request-id": "c52f53959e0cc96e424b124e564c6ef2",
        "x-ms-return-client-request-id": "true"
      },
      "RequestBody": null,
      "StatusCode": 200,
      "ResponseHeaders": {
        "Cache-Control": "no-cache",
        "Content-Length": "1398",
        "Content-Type": "application/json",
        "Date": "Thu, 18 Aug 2022 10:53:58 GMT",
        "Expires": "-1",
        "Pragma": "no-cache",
        "Server": "Microsoft-Azure-Storage-Resource-Provider/1.0,Microsoft-HTTPAPI/2.0 Microsoft-HTTPAPI/2.0",
        "Strict-Transport-Security": "max-age=31536000; includeSubDomains",
        "X-Content-Type-Options": "nosniff",
        "x-ms-client-request-id": "c52f53959e0cc96e424b124e564c6ef2",
        "x-ms-correlation-request-id": "e5422a31-c2d1-4763-9284-522c1d4ef9d7",
        "x-ms-ratelimit-remaining-subscription-reads": "11337",
        "x-ms-request-id": "76511ea7-2ef1-470f-8865-f7a1432139df",
        "x-ms-routing-request-id": "SOUTHEASTASIA:20220818T105358Z:e5422a31-c2d1-4763-9284-522c1d4ef9d7"
      },
      "ResponseBody": {
        "sku": {
          "name": "Standard_GRS",
          "tier": "Standard"
        },
        "kind": "Storage",
        "id": "/subscriptions/db1ab6f0-4769-4b27-930e-01e2ef9c123c/resourceGroups/teststorageRG-9582/providers/Microsoft.Storage/storageAccounts/teststoragemgmt364",
        "name": "teststoragemgmt364",
        "type": "Microsoft.Storage/storageAccounts",
        "location": "eastus2",
        "tags": {
          "key1": "value1",
          "key2": "value2"
        },
        "properties": {
          "keyCreationTime": {
            "key1": "2022-08-18T10:53:38.9070338Z",
            "key2": "2022-08-18T10:53:38.9070338Z"
          },
          "privateEndpointConnections": [],
          "minimumTlsVersion": "TLS1_0",
          "allowBlobPublicAccess": true,
          "networkAcls": {
            "bypass": "AzureServices",
            "virtualNetworkRules": [],
            "ipRules": [],
            "defaultAction": "Allow"
          },
          "supportsHttpsTrafficOnly": true,
          "encryption": {
            "services": {
              "file": {
                "keyType": "Account",
                "enabled": true,
                "lastEnabledTime": "2022-08-18T10:53:39.5633547Z"
              },
              "blob": {
                "keyType": "Account",
                "enabled": true,
                "lastEnabledTime": "2022-08-18T10:53:39.5633547Z"
              }
            },
            "keySource": "Microsoft.Storage"
          },
          "provisioningState": "Succeeded",
          "creationTime": "2022-08-18T10:53:38.7978803Z",
          "primaryEndpoints": {
            "blob": "https://teststoragemgmt364.blob.core.windows.net/",
            "queue": "https://teststoragemgmt364.queue.core.windows.net/",
            "table": "https://teststoragemgmt364.table.core.windows.net/",
            "file": "https://teststoragemgmt364.file.core.windows.net/"
          },
          "primaryLocation": "eastus2",
          "statusOfPrimary": "available",
          "secondaryLocation": "centralus",
          "statusOfSecondary": "available"
        }
      }
    },
    {
      "RequestUri": "https://management.azure.com/subscriptions/db1ab6f0-4769-4b27-930e-01e2ef9c123c/resourceGroups/teststorageRG-9582/providers/Microsoft.Storage/storageAccounts/teststoragemgmt364?api-version=2022-05-01",
      "RequestMethod": "PATCH",
      "RequestHeaders": {
        "Accept": "application/json",
        "Authorization": "Sanitized",
        "Content-Length": "82",
        "Content-Type": "application/json",
        "traceparent": "00-aa15c00577829721024722c4b16fed64-65e04d08705d6329-00",
        "User-Agent": "azsdk-net-ResourceManager.Storage/1.0.0-alpha.20220818.1 (.NET 6.0.8; Microsoft Windows 10.0.19044)",
        "x-ms-client-request-id": "28e19f14ed229e0f5afc4cfc82e5c700",
        "x-ms-return-client-request-id": "true"
      },
      "RequestBody": {
        "properties": {
          "customDomain": {
            "name": "foo.example.com",
            "useSubDomainName": true
          }
        }
      },
      "StatusCode": 409,
      "ResponseHeaders": {
        "Cache-Control": "no-cache",
        "Content-Length": "256",
        "Content-Type": "application/json",
        "Date": "Thu, 18 Aug 2022 10:53:59 GMT",
        "Expires": "-1",
        "Pragma": "no-cache",
        "Server": "Microsoft-Azure-Storage-Resource-Provider/1.0,Microsoft-HTTPAPI/2.0 Microsoft-HTTPAPI/2.0",
        "Strict-Transport-Security": "max-age=31536000; includeSubDomains",
        "X-Content-Type-Options": "nosniff",
        "x-ms-client-request-id": "28e19f14ed229e0f5afc4cfc82e5c700",
        "x-ms-correlation-request-id": "e532d08e-df9c-4301-a9fa-6550dec20d1e",
        "x-ms-ratelimit-remaining-subscription-writes": "1036",
        "x-ms-request-id": "eacd6367-5801-406c-8ba9-a9e60588d35c",
        "x-ms-routing-request-id": "SOUTHEASTASIA:20220818T105359Z:e532d08e-df9c-4301-a9fa-6550dec20d1e"
      },
      "ResponseBody": {
        "error": {
          "code": "StorageDomainNameCouldNotVerify",
          "message": "The custom domain name could not be verified. CNAME mapping from foo.example.com to any of teststoragemgmt364.blob.core.windows.net,teststoragemgmt364.z20.web.core.windows.net does not exist."
        }
      }
    },
    {
      "RequestUri": "https://management.azure.com/subscriptions/db1ab6f0-4769-4b27-930e-01e2ef9c123c/resourceGroups/teststorageRG-9582/providers/Microsoft.Storage/storageAccounts?api-version=2022-05-01",
      "RequestMethod": "GET",
      "RequestHeaders": {
        "Accept": "application/json",
        "Authorization": "Sanitized",
        "traceparent": "00-5d3073820f8efd0bfe77297d0cd37072-fb03b06237893b0d-00",
        "User-Agent": "azsdk-net-ResourceManager.Storage/1.0.0-alpha.20220818.1 (.NET 6.0.8; Microsoft Windows 10.0.19044)",
        "x-ms-client-request-id": "528a56bd692f141e7cdee1da91860ec7",
        "x-ms-return-client-request-id": "true"
      },
      "RequestBody": null,
      "StatusCode": 200,
      "ResponseHeaders": {
        "Cache-Control": "no-cache",
        "Content-Length": "1410",
        "Content-Type": "application/json",
        "Date": "Thu, 18 Aug 2022 10:53:59 GMT",
        "Expires": "-1",
        "Pragma": "no-cache",
        "Server": "Microsoft-Azure-Storage-Resource-Provider/1.0,Microsoft-HTTPAPI/2.0 Microsoft-HTTPAPI/2.0",
        "Strict-Transport-Security": "max-age=31536000; includeSubDomains",
        "X-Content-Type-Options": "nosniff",
        "x-ms-client-request-id": "528a56bd692f141e7cdee1da91860ec7",
        "x-ms-correlation-request-id": "f06b65e2-6f7e-4dcb-ad56-55458418c988",
        "x-ms-ratelimit-remaining-subscription-reads": "11336",
        "x-ms-request-id": "06abb7fe-acbc-4b19-98f6-754a3a249129",
        "x-ms-routing-request-id": "SOUTHEASTASIA:20220818T105400Z:f06b65e2-6f7e-4dcb-ad56-55458418c988"
      },
      "ResponseBody": {
        "value": [
          {
            "sku": {
              "name": "Standard_GRS",
              "tier": "Standard"
            },
            "kind": "Storage",
            "id": "/subscriptions/db1ab6f0-4769-4b27-930e-01e2ef9c123c/resourceGroups/teststorageRG-9582/providers/Microsoft.Storage/storageAccounts/teststoragemgmt364",
            "name": "teststoragemgmt364",
            "type": "Microsoft.Storage/storageAccounts",
            "location": "eastus2",
            "tags": {
              "key1": "value1",
              "key2": "value2"
            },
            "properties": {
              "keyCreationTime": {
                "key1": "2022-08-18T10:53:38.9070338Z",
                "key2": "2022-08-18T10:53:38.9070338Z"
              },
              "privateEndpointConnections": [],
              "minimumTlsVersion": "TLS1_0",
              "allowBlobPublicAccess": true,
              "networkAcls": {
                "bypass": "AzureServices",
                "virtualNetworkRules": [],
                "ipRules": [],
                "defaultAction": "Allow"
              },
              "supportsHttpsTrafficOnly": true,
              "encryption": {
                "services": {
                  "file": {
                    "keyType": "Account",
                    "enabled": true,
                    "lastEnabledTime": "2022-08-18T10:53:39.5633547Z"
                  },
                  "blob": {
                    "keyType": "Account",
                    "enabled": true,
                    "lastEnabledTime": "2022-08-18T10:53:39.5633547Z"
                  }
                },
                "keySource": "Microsoft.Storage"
              },
              "provisioningState": "Succeeded",
              "creationTime": "2022-08-18T10:53:38.7978803Z",
              "primaryEndpoints": {
                "blob": "https://teststoragemgmt364.blob.core.windows.net/",
                "queue": "https://teststoragemgmt364.queue.core.windows.net/",
                "table": "https://teststoragemgmt364.table.core.windows.net/",
                "file": "https://teststoragemgmt364.file.core.windows.net/"
              },
              "primaryLocation": "eastus2",
              "statusOfPrimary": "available",
              "secondaryLocation": "centralus",
              "statusOfSecondary": "available"
            }
          }
        ]
      }
    },
    {
      "RequestUri": "https://management.azure.com/subscriptions/db1ab6f0-4769-4b27-930e-01e2ef9c123c/resourceGroups/teststorageRG-9582/providers/Microsoft.Storage/storageAccounts/teststoragemgmt364?api-version=2022-05-01",
      "RequestMethod": "DELETE",
      "RequestHeaders": {
        "Authorization": "Sanitized",
        "traceparent": "00-a043e134893c1126a920773c3fc67c55-663be95037f62251-00",
        "User-Agent": "azsdk-net-ResourceManager.Storage/1.0.0-alpha.20220818.1 (.NET 6.0.8; Microsoft Windows 10.0.19044)",
        "x-ms-client-request-id": "67d11c53e706a7e044916b105171475d",
        "x-ms-return-client-request-id": "true"
      },
      "RequestBody": null,
      "StatusCode": 200,
      "ResponseHeaders": {
        "Cache-Control": "no-cache",
        "Content-Length": "0",
        "Content-Type": "text/plain; charset=utf-8",
        "Date": "Thu, 18 Aug 2022 10:54:05 GMT",
        "Expires": "-1",
        "Pragma": "no-cache",
        "Server": "Microsoft-Azure-Storage-Resource-Provider/1.0,Microsoft-HTTPAPI/2.0 Microsoft-HTTPAPI/2.0",
        "Strict-Transport-Security": "max-age=31536000; includeSubDomains",
        "X-Content-Type-Options": "nosniff",
        "x-ms-client-request-id": "67d11c53e706a7e044916b105171475d",
        "x-ms-correlation-request-id": "e364a77d-3343-4c63-a93b-efd63fcd2cb3",
        "x-ms-ratelimit-remaining-subscription-deletes": "14936",
        "x-ms-request-id": "fb8e48ca-b9ad-4b55-83a8-a1cb1accd8f0",
        "x-ms-routing-request-id": "SOUTHEASTASIA:20220818T105405Z:e364a77d-3343-4c63-a93b-efd63fcd2cb3"
      },
      "ResponseBody": null
    }
  ],
  "Variables": {
    "AZURE_AUTHORITY_HOST": "https://login.microsoftonline.com",
    "RandomSeed": "1207174483",
    "RESOURCE_MANAGER_URL": null,
    "SUBSCRIPTION_ID": "db1ab6f0-4769-4b27-930e-01e2ef9c123c"
  }
}
