{
  "Entries": [
    {
      "RequestUri": "https://management.azure.com/subscriptions/45b60d85-fd72-427a-a708-f994d26e593e?api-version=2021-01-01",
      "RequestMethod": "GET",
      "RequestHeaders": {
        "Accept": "application/json",
        "Authorization": "Sanitized",
        "traceparent": "00-990d797670b1144ebabc80b53a8c6fa7-61396395e6d8214f-00",
        "User-Agent": "azsdk-net-ResourceManager/1.3.1 (.NET Framework 4.8.4515.0; Microsoft Windows 10.0.19045 )",
        "x-ms-client-request-id": "2249ac3c4c8d13f2ed0733dd4cdf6cc5",
        "x-ms-return-client-request-id": "true"
      },
      "RequestBody": null,
      "StatusCode": 200,
      "ResponseHeaders": {
        "Cache-Control": "no-cache",
        "Content-Length": "411",
        "Content-Type": "application/json; charset=utf-8",
        "Date": "Fri, 18 Nov 2022 06:41:56 GMT",
        "Expires": "-1",
        "Pragma": "no-cache",
        "Strict-Transport-Security": "max-age=31536000; includeSubDomains",
        "X-Content-Type-Options": "nosniff",
        "x-ms-correlation-request-id": "f0743958-a530-4d5f-b31a-0ff19c7664af",
        "x-ms-ratelimit-remaining-subscription-reads": "11977",
        "x-ms-request-id": "f0743958-a530-4d5f-b31a-0ff19c7664af",
        "x-ms-routing-request-id": "SOUTHEASTASIA:20221118T064156Z:f0743958-a530-4d5f-b31a-0ff19c7664af"
      },
      "ResponseBody": {
        "id": "/subscriptions/45b60d85-fd72-427a-a708-f994d26e593e",
        "authorizationSource": "RoleBased",
        "managedByTenants": [],
        "subscriptionId": "45b60d85-fd72-427a-a708-f994d26e593e",
        "tenantId": "72f988bf-86f1-41af-91ab-2d7cd011db47",
        "displayName": "AzureStorage_DMStaging_10041369",
        "state": "Enabled",
        "subscriptionPolicies": {
          "locationPlacementId": "Internal_2014-09-01",
          "quotaId": "Internal_2014-09-01",
          "spendingLimit": "Off"
        }
      }
    },
    {
      "RequestUri": "https://management.azure.com/subscriptions/45b60d85-fd72-427a-a708-f994d26e593e/providers/Microsoft.Storage/checkNameAvailability?api-version=2022-09-01",
      "RequestMethod": "POST",
      "RequestHeaders": {
        "Accept": "application/json",
        "Authorization": "Sanitized",
        "Content-Length": "73",
        "Content-Type": "application/json",
        "traceparent": "00-cdcb3c35f60a7e43ba434f879f17d35f-ee70d55609b53140-00",
        "User-Agent": "azsdk-net-ResourceManager.Storage/1.1.0-alpha.20221117.1 (.NET Framework 4.8.4515.0; Microsoft Windows 10.0.19045 )",
        "x-ms-client-request-id": "dcf17e2922dab2bb320d2020504adbf5",
        "x-ms-return-client-request-id": "true"
      },
      "RequestBody": {
        "name": "teststoragemgmt1214",
        "type": "Microsoft.Storage/storageAccounts"
      },
      "StatusCode": 200,
      "ResponseHeaders": {
        "Cache-Control": "no-cache",
        "Content-Length": "22",
        "Content-Type": "application/json",
        "Date": "Fri, 18 Nov 2022 06:41:57 GMT",
        "Expires": "-1",
        "Pragma": "no-cache",
        "Server": "Microsoft-Azure-Storage-Resource-Provider/1.0,Microsoft-HTTPAPI/2.0 Microsoft-HTTPAPI/2.0",
        "Strict-Transport-Security": "max-age=31536000; includeSubDomains",
        "X-Content-Type-Options": "nosniff",
        "x-ms-client-request-id": "dcf17e2922dab2bb320d2020504adbf5",
        "x-ms-correlation-request-id": "c9d1c53d-1a37-40e8-a311-2092b8e113b0",
        "x-ms-ratelimit-remaining-subscription-reads": "11976",
        "x-ms-request-id": "97c492e0-310c-4d36-9538-d0bcafd9fe48",
        "x-ms-routing-request-id": "SOUTHEASTASIA:20221118T064157Z:c9d1c53d-1a37-40e8-a311-2092b8e113b0"
      },
      "ResponseBody": {
        "nameAvailable": true
      }
    },
    {
      "RequestUri": "https://management.azure.com/subscriptions/45b60d85-fd72-427a-a708-f994d26e593e/resourcegroups/teststorageRG-7386?api-version=**",
      "RequestMethod": "PUT",
      "RequestHeaders": {
        "Accept": "application/json",
        "Authorization": "Sanitized",
        "Content-Length": "44",
        "Content-Type": "application/json",
        "traceparent": "00-2f1e003c03f5e9418b2b344313586032-f8703f46a9b68f4f-00",
        "User-Agent": "azsdk-net-ResourceManager/1.3.1 (.NET Framework 4.8.4515.0; Microsoft Windows 10.0.19045 )",
        "x-ms-client-request-id": "53aef23c683cbae340fb3f279b0984b9",
        "x-ms-return-client-request-id": "true"
      },
      "RequestBody": {
        "tags": {
          "test": "env"
        },
        "location": "eastus2"
      },
      "StatusCode": 201,
      "ResponseHeaders": {
        "Cache-Control": "no-cache",
        "Content-Length": "256",
        "Content-Type": "application/json; charset=utf-8",
        "Date": "Fri, 18 Nov 2022 06:41:58 GMT",
        "Expires": "-1",
        "Pragma": "no-cache",
        "Strict-Transport-Security": "max-age=31536000; includeSubDomains",
        "X-Content-Type-Options": "nosniff",
        "x-ms-correlation-request-id": "1107b54a-6bda-427b-b42a-3c9750b55aba",
        "x-ms-ratelimit-remaining-subscription-writes": "1187",
        "x-ms-request-id": "1107b54a-6bda-427b-b42a-3c9750b55aba",
        "x-ms-routing-request-id": "SOUTHEASTASIA:20221118T064158Z:1107b54a-6bda-427b-b42a-3c9750b55aba"
      },
      "ResponseBody": {
        "id": "/subscriptions/45b60d85-fd72-427a-a708-f994d26e593e/resourceGroups/teststorageRG-7386",
        "name": "teststorageRG-7386",
        "type": "Microsoft.Resources/resourceGroups",
        "location": "eastus2",
        "tags": {
          "test": "env"
        },
        "properties": {
          "provisioningState": "Succeeded"
        }
      }
    },
    {
      "RequestUri": "https://management.azure.com/subscriptions/45b60d85-fd72-427a-a708-f994d26e593e/resourceGroups/teststorageRG-7386/providers/Microsoft.Storage/storageAccounts/teststoragemgmt1214?api-version=2022-09-01",
      "RequestMethod": "PUT",
      "RequestHeaders": {
        "Accept": "application/json",
        "Authorization": "Sanitized",
        "Content-Length": "126",
        "Content-Type": "application/json",
        "traceparent": "00-9ff4bad61fda7c4f90296b6fe926ee49-a21d2c1277a56f43-00",
        "User-Agent": "azsdk-net-ResourceManager.Storage/1.1.0-alpha.20221117.1 (.NET Framework 4.8.4515.0; Microsoft Windows 10.0.19045 )",
        "x-ms-client-request-id": "b2504a7c62898d89705b3ed2f29dbc58",
        "x-ms-return-client-request-id": "true"
      },
      "RequestBody": {
        "sku": {
          "name": "Standard_GRS"
        },
        "kind": "Storage",
        "location": "eastus2",
        "tags": {
          "key1": "value1",
          "key2": "value2"
        },
        "properties": {}
      },
      "StatusCode": 202,
      "ResponseHeaders": {
        "Cache-Control": "no-cache",
        "Content-Length": "0",
        "Content-Type": "text/plain; charset=utf-8",
        "Date": "Fri, 18 Nov 2022 06:42:02 GMT",
        "Expires": "-1",
        "Location": "https://management.azure.com/subscriptions/45b60d85-fd72-427a-a708-f994d26e593e/providers/Microsoft.Storage/locations/eastus2/asyncoperations/8dc5bedd-b4c4-4747-aab0-4bfa5d2c0d4d?monitor=true\u0026api-version=2022-09-01",
        "Pragma": "no-cache",
        "Retry-After": "17",
        "Server": "Microsoft-Azure-Storage-Resource-Provider/1.0,Microsoft-HTTPAPI/2.0 Microsoft-HTTPAPI/2.0",
        "Strict-Transport-Security": "max-age=31536000; includeSubDomains",
        "X-Content-Type-Options": "nosniff",
        "x-ms-client-request-id": "b2504a7c62898d89705b3ed2f29dbc58",
        "x-ms-correlation-request-id": "ce3cb857-4eb5-4355-8234-b36005c3ea97",
        "x-ms-ratelimit-remaining-subscription-writes": "1186",
        "x-ms-request-id": "8dc5bedd-b4c4-4747-aab0-4bfa5d2c0d4d",
        "x-ms-routing-request-id": "SOUTHEASTASIA:20221118T064202Z:ce3cb857-4eb5-4355-8234-b36005c3ea97"
      },
      "ResponseBody": null
    },
    {
      "RequestUri": "https://management.azure.com/subscriptions/45b60d85-fd72-427a-a708-f994d26e593e/providers/Microsoft.Storage/locations/eastus2/asyncoperations/8dc5bedd-b4c4-4747-aab0-4bfa5d2c0d4d?monitor=true\u0026api-version=2022-09-01",
      "RequestMethod": "GET",
      "RequestHeaders": {
        "Authorization": "Sanitized",
        "traceparent": "00-9ff4bad61fda7c4f90296b6fe926ee49-35bb6e30b45de043-00",
        "User-Agent": "azsdk-net-ResourceManager/1.3.1 (.NET Framework 4.8.4515.0; Microsoft Windows 10.0.19045 )",
        "x-ms-client-request-id": "ffd3669b438ada096820e3e02910c7a3",
        "x-ms-return-client-request-id": "true"
      },
      "RequestBody": null,
      "StatusCode": 202,
      "ResponseHeaders": {
        "Cache-Control": "no-cache",
        "Content-Length": "0",
        "Content-Type": "text/plain; charset=utf-8",
        "Date": "Fri, 18 Nov 2022 06:42:02 GMT",
        "Expires": "-1",
        "Location": "https://management.azure.com/subscriptions/45b60d85-fd72-427a-a708-f994d26e593e/providers/Microsoft.Storage/locations/eastus2/asyncoperations/8dc5bedd-b4c4-4747-aab0-4bfa5d2c0d4d?monitor=true\u0026api-version=2022-09-01",
        "Pragma": "no-cache",
        "Retry-After": "17",
        "Server": "Microsoft-Azure-Storage-Resource-Provider/1.0,Microsoft-HTTPAPI/2.0 Microsoft-HTTPAPI/2.0",
        "Strict-Transport-Security": "max-age=31536000; includeSubDomains",
        "X-Content-Type-Options": "nosniff",
        "x-ms-client-request-id": "ffd3669b438ada096820e3e02910c7a3",
        "x-ms-correlation-request-id": "b2014264-343c-4759-ac0b-4f5cf19eb5e5",
        "x-ms-ratelimit-remaining-subscription-reads": "11975",
        "x-ms-request-id": "63ee8fd3-8c92-4a1f-a704-b1e77a1e22ec",
        "x-ms-routing-request-id": "SOUTHEASTASIA:20221118T064202Z:b2014264-343c-4759-ac0b-4f5cf19eb5e5"
      },
      "ResponseBody": null
    },
    {
      "RequestUri": "https://management.azure.com/subscriptions/45b60d85-fd72-427a-a708-f994d26e593e/providers/Microsoft.Storage/locations/eastus2/asyncoperations/8dc5bedd-b4c4-4747-aab0-4bfa5d2c0d4d?monitor=true\u0026api-version=2022-09-01",
      "RequestMethod": "GET",
      "RequestHeaders": {
        "Authorization": "Sanitized",
        "traceparent": "00-9ff4bad61fda7c4f90296b6fe926ee49-ccd851834aa9614a-00",
        "User-Agent": "azsdk-net-ResourceManager/1.3.1 (.NET Framework 4.8.4515.0; Microsoft Windows 10.0.19045 )",
        "x-ms-client-request-id": "e140e73e0a675da25d39a467c86211e5",
        "x-ms-return-client-request-id": "true"
      },
      "RequestBody": null,
      "StatusCode": 200,
      "ResponseHeaders": {
        "Cache-Control": "no-cache",
        "Content-Length": "1404",
        "Content-Type": "application/json",
        "Date": "Fri, 18 Nov 2022 06:42:19 GMT",
        "Expires": "-1",
        "Pragma": "no-cache",
        "Server": "Microsoft-Azure-Storage-Resource-Provider/1.0,Microsoft-HTTPAPI/2.0 Microsoft-HTTPAPI/2.0",
        "Strict-Transport-Security": "max-age=31536000; includeSubDomains",
        "X-Content-Type-Options": "nosniff",
        "x-ms-client-request-id": "e140e73e0a675da25d39a467c86211e5",
        "x-ms-correlation-request-id": "f7c36d6d-46f4-4b41-88a8-336dcc90739d",
        "x-ms-ratelimit-remaining-subscription-reads": "11974",
        "x-ms-request-id": "7da30185-8b6a-4dbb-90da-d0f5c6a9302b",
        "x-ms-routing-request-id": "SOUTHEASTASIA:20221118T064219Z:f7c36d6d-46f4-4b41-88a8-336dcc90739d"
      },
      "ResponseBody": {
        "sku": {
          "name": "Standard_GRS",
          "tier": "Standard"
        },
        "kind": "Storage",
        "id": "/subscriptions/45b60d85-fd72-427a-a708-f994d26e593e/resourceGroups/teststorageRG-7386/providers/Microsoft.Storage/storageAccounts/teststoragemgmt1214",
        "name": "teststoragemgmt1214",
        "type": "Microsoft.Storage/storageAccounts",
        "location": "eastus2",
        "tags": {
          "key1": "value1",
          "key2": "value2"
        },
        "properties": {
          "keyCreationTime": {
            "key1": "2022-11-18T06:42:00.2419854Z",
            "key2": "2022-11-18T06:42:00.2419854Z"
          },
          "privateEndpointConnections": [],
          "minimumTlsVersion": "TLS1_0",
          "allowBlobPublicAccess": true,
          "networkAcls": {
            "bypass": "AzureServices",
            "virtualNetworkRules": [],
            "ipRules": [],
            "defaultAction": "Allow"
          },
          "supportsHttpsTrafficOnly": true,
          "encryption": {
            "services": {
              "file": {
                "keyType": "Account",
                "enabled": true,
                "lastEnabledTime": "2022-11-18T06:42:00.6951054Z"
              },
              "blob": {
                "keyType": "Account",
                "enabled": true,
                "lastEnabledTime": "2022-11-18T06:42:00.6951054Z"
              }
            },
            "keySource": "Microsoft.Storage"
          },
          "provisioningState": "Succeeded",
          "creationTime": "2022-11-18T06:42:00.1013509Z",
          "primaryEndpoints": {
            "blob": "https://teststoragemgmt1214.blob.core.windows.net/",
            "queue": "https://teststoragemgmt1214.queue.core.windows.net/",
            "table": "https://teststoragemgmt1214.table.core.windows.net/",
            "file": "https://teststoragemgmt1214.file.core.windows.net/"
          },
          "primaryLocation": "eastus2",
          "statusOfPrimary": "available",
          "secondaryLocation": "centralus",
          "statusOfSecondary": "available"
        }
      }
    },
    {
      "RequestUri": "https://management.azure.com/subscriptions/45b60d85-fd72-427a-a708-f994d26e593e/resourceGroups/teststorageRG-7386/providers/Microsoft.Storage/storageAccounts/teststoragemgmt1214?api-version=2022-09-01",
      "RequestMethod": "PATCH",
      "RequestHeaders": {
        "Accept": "application/json",
        "Authorization": "Sanitized",
        "Content-Length": "82",
        "Content-Type": "application/json",
        "traceparent": "00-80f299c30e762d478c6f9594c7285331-b041aed049446246-00",
        "User-Agent": "azsdk-net-ResourceManager.Storage/1.1.0-alpha.20221117.1 (.NET Framework 4.8.4515.0; Microsoft Windows 10.0.19045 )",
        "x-ms-client-request-id": "8c363ac3bdcaa3cdb0c711f63b0cedfd",
        "x-ms-return-client-request-id": "true"
      },
      "RequestBody": {
        "properties": {
          "customDomain": {
            "name": "foo.example.com",
            "useSubDomainName": true
          }
        }
      },
      "StatusCode": 409,
      "ResponseHeaders": {
        "Cache-Control": "no-cache",
        "Content-Length": "258",
        "Content-Type": "application/json",
        "Date": "Fri, 18 Nov 2022 06:42:20 GMT",
        "Expires": "-1",
        "Pragma": "no-cache",
        "Server": "Microsoft-Azure-Storage-Resource-Provider/1.0,Microsoft-HTTPAPI/2.0 Microsoft-HTTPAPI/2.0",
        "Strict-Transport-Security": "max-age=31536000; includeSubDomains",
        "X-Content-Type-Options": "nosniff",
        "x-ms-client-request-id": "8c363ac3bdcaa3cdb0c711f63b0cedfd",
        "x-ms-correlation-request-id": "565fa92e-8a0e-4f8b-a613-c76c6c103f1e",
        "x-ms-ratelimit-remaining-subscription-writes": "1185",
        "x-ms-request-id": "04f87600-ac60-4b16-9b5b-9a89d28c28e3",
        "x-ms-routing-request-id": "SOUTHEASTASIA:20221118T064221Z:565fa92e-8a0e-4f8b-a613-c76c6c103f1e"
      },
      "ResponseBody": {
        "error": {
          "code": "StorageDomainNameCouldNotVerify",
          "message": "The custom domain name could not be verified. CNAME mapping from foo.example.com to any of teststoragemgmt1214.blob.core.windows.net,teststoragemgmt1214.z20.web.core.windows.net does not exist."
        }
      }
    },
    {
      "RequestUri": "https://management.azure.com/subscriptions/45b60d85-fd72-427a-a708-f994d26e593e/resourceGroups/teststorageRG-7386/providers/Microsoft.Storage/storageAccounts?api-version=2022-09-01",
      "RequestMethod": "GET",
      "RequestHeaders": {
        "Accept": "application/json",
        "Authorization": "Sanitized",
        "traceparent": "00-fda05a68e88925469b14350f75d057b9-e7ccbc719ac6d441-00",
        "User-Agent": "azsdk-net-ResourceManager.Storage/1.1.0-alpha.20221117.1 (.NET Framework 4.8.4515.0; Microsoft Windows 10.0.19045 )",
        "x-ms-client-request-id": "95e8f65ab64a919cc475a2519fa11206",
        "x-ms-return-client-request-id": "true"
      },
      "RequestBody": null,
      "StatusCode": 200,
      "ResponseHeaders": {
        "Cache-Control": "no-cache",
        "Content-Length": "1416",
        "Content-Type": "application/json",
        "Date": "Fri, 18 Nov 2022 06:42:20 GMT",
        "Expires": "-1",
        "Pragma": "no-cache",
        "Server": "Microsoft-Azure-Storage-Resource-Provider/1.0,Microsoft-HTTPAPI/2.0 Microsoft-HTTPAPI/2.0",
        "Strict-Transport-Security": "max-age=31536000; includeSubDomains",
        "X-Content-Type-Options": "nosniff",
        "x-ms-client-request-id": "95e8f65ab64a919cc475a2519fa11206",
        "x-ms-correlation-request-id": "6aafc144-ae82-4a24-837e-88b88f9734bb",
        "x-ms-ratelimit-remaining-subscription-reads": "11973",
        "x-ms-request-id": "be541394-fb54-4e92-be02-222237579fbb",
        "x-ms-routing-request-id": "SOUTHEASTASIA:20221118T064221Z:6aafc144-ae82-4a24-837e-88b88f9734bb"
      },
      "ResponseBody": {
        "value": [
          {
            "sku": {
              "name": "Standard_GRS",
              "tier": "Standard"
            },
            "kind": "Storage",
            "id": "/subscriptions/45b60d85-fd72-427a-a708-f994d26e593e/resourceGroups/teststorageRG-7386/providers/Microsoft.Storage/storageAccounts/teststoragemgmt1214",
            "name": "teststoragemgmt1214",
            "type": "Microsoft.Storage/storageAccounts",
            "location": "eastus2",
            "tags": {
              "key1": "value1",
              "key2": "value2"
            },
            "properties": {
              "keyCreationTime": {
                "key1": "2022-11-18T06:42:00.2419854Z",
                "key2": "2022-11-18T06:42:00.2419854Z"
              },
              "privateEndpointConnections": [],
              "minimumTlsVersion": "TLS1_0",
              "allowBlobPublicAccess": true,
              "networkAcls": {
                "bypass": "AzureServices",
                "virtualNetworkRules": [],
                "ipRules": [],
                "defaultAction": "Allow"
              },
              "supportsHttpsTrafficOnly": true,
              "encryption": {
                "services": {
                  "file": {
                    "keyType": "Account",
                    "enabled": true,
                    "lastEnabledTime": "2022-11-18T06:42:00.6951054Z"
                  },
                  "blob": {
                    "keyType": "Account",
                    "enabled": true,
                    "lastEnabledTime": "2022-11-18T06:42:00.6951054Z"
                  }
                },
                "keySource": "Microsoft.Storage"
              },
              "provisioningState": "Succeeded",
              "creationTime": "2022-11-18T06:42:00.1013509Z",
              "primaryEndpoints": {
                "blob": "https://teststoragemgmt1214.blob.core.windows.net/",
                "queue": "https://teststoragemgmt1214.queue.core.windows.net/",
                "table": "https://teststoragemgmt1214.table.core.windows.net/",
                "file": "https://teststoragemgmt1214.file.core.windows.net/"
              },
              "primaryLocation": "eastus2",
              "statusOfPrimary": "available",
              "secondaryLocation": "centralus",
              "statusOfSecondary": "available"
            }
          }
        ]
      }
    },
    {
      "RequestUri": "https://management.azure.com/subscriptions/45b60d85-fd72-427a-a708-f994d26e593e/resourceGroups/teststorageRG-7386/providers/Microsoft.Storage/storageAccounts/teststoragemgmt1214?api-version=2022-09-01",
      "RequestMethod": "DELETE",
      "RequestHeaders": {
        "Authorization": "Sanitized",
        "traceparent": "00-e96f5188a867e04e8221ec7b54796a1e-a7f785379af1374e-00",
        "User-Agent": "azsdk-net-ResourceManager.Storage/1.1.0-alpha.20221117.1 (.NET Framework 4.8.4515.0; Microsoft Windows 10.0.19045 )",
        "x-ms-client-request-id": "ee1cfe0f3bda81d91a9c309ff9ac2151",
        "x-ms-return-client-request-id": "true"
      },
      "RequestBody": null,
      "StatusCode": 200,
      "ResponseHeaders": {
        "Cache-Control": "no-cache",
        "Content-Length": "0",
        "Content-Type": "text/plain; charset=utf-8",
        "Date": "Fri, 18 Nov 2022 06:42:26 GMT",
        "Expires": "-1",
        "Pragma": "no-cache",
        "Server": "Microsoft-Azure-Storage-Resource-Provider/1.0,Microsoft-HTTPAPI/2.0 Microsoft-HTTPAPI/2.0",
        "Strict-Transport-Security": "max-age=31536000; includeSubDomains",
        "X-Content-Type-Options": "nosniff",
        "x-ms-client-request-id": "ee1cfe0f3bda81d91a9c309ff9ac2151",
        "x-ms-correlation-request-id": "7ddef499-f14b-41e3-a5ad-751ab7e21c13",
        "x-ms-ratelimit-remaining-subscription-deletes": "14995",
        "x-ms-request-id": "d6f9fedf-19e8-4c2c-82c2-0e71fd1eb2b3",
        "x-ms-routing-request-id": "SOUTHEASTASIA:20221118T064227Z:7ddef499-f14b-41e3-a5ad-751ab7e21c13"
      },
      "ResponseBody": null
    }
  ],
  "Variables": {
    "AZURE_AUTHORITY_HOST": "https://login.microsoftonline.com",
    "RandomSeed": "201454174",
    "RESOURCE_MANAGER_URL": null,
    "SUBSCRIPTION_ID": "45b60d85-fd72-427a-a708-f994d26e593e"
  }
}
