{
  "Entries": [
    {
      "RequestUri": "https://management.azure.com/subscriptions/db1ab6f0-4769-4b27-930e-01e2ef9c123c?api-version=2019-11-01",
      "RequestMethod": "GET",
      "RequestHeaders": {
        "Accept": "application/json",
        "Authorization": "Sanitized",
        "traceparent": "00-de37e4a977bd284da4229cc7dd57f008-5e5c10fd90dd654f-00",
        "User-Agent": "azsdk-net-ResourceManager/1.0.0-beta.5 (.NET Framework 4.8.4300.0; Microsoft Windows 10.0.19043 )",
        "x-ms-client-request-id": "79f34af6f1dd19a2b058631731062693",
        "x-ms-return-client-request-id": "true"
      },
      "RequestBody": null,
      "StatusCode": 200,
      "ResponseHeaders": {
        "Cache-Control": "no-cache",
        "Content-Length": "468",
        "Content-Type": "application/json; charset=utf-8",
        "Date": "Wed, 17 Nov 2021 02:18:33 GMT",
        "Expires": "-1",
        "Pragma": "no-cache",
        "Strict-Transport-Security": "max-age=31536000; includeSubDomains",
        "X-Content-Type-Options": "nosniff",
        "x-ms-correlation-request-id": "cebc3da8-2e20-4b39-89b4-884ae6885a0c",
        "x-ms-ratelimit-remaining-subscription-reads": "11964",
        "x-ms-request-id": "cebc3da8-2e20-4b39-89b4-884ae6885a0c",
        "x-ms-routing-request-id": "SOUTHEASTASIA:20211117T021833Z:cebc3da8-2e20-4b39-89b4-884ae6885a0c"
      },
      "ResponseBody": {
        "id": "/subscriptions/db1ab6f0-4769-4b27-930e-01e2ef9c123c",
        "authorizationSource": "RoleBased",
        "managedByTenants": [],
        "tags": {
          "tagKey1": "tagValue1",
          "tagKey2": "tagValue2"
        },
        "subscriptionId": "db1ab6f0-4769-4b27-930e-01e2ef9c123c",
        "tenantId": "72f988bf-86f1-41af-91ab-2d7cd011db47",
        "displayName": ".NET Mgmt SDK Test with TTL = 1 Day",
        "state": "Enabled",
        "subscriptionPolicies": {
          "locationPlacementId": "Internal_2014-09-01",
          "quotaId": "Internal_2014-09-01",
          "spendingLimit": "Off"
        }
      }
    },
    {
      "RequestUri": "https://management.azure.com/subscriptions/db1ab6f0-4769-4b27-930e-01e2ef9c123c/providers/Microsoft.Storage/checkNameAvailability?api-version=2021-04-01",
      "RequestMethod": "POST",
      "RequestHeaders": {
        "Accept": "application/json",
        "Authorization": "Sanitized",
        "Content-Length": "73",
        "Content-Type": "application/json",
        "User-Agent": "azsdk-net-ResourceManager.Storage/1.0.0-alpha.20211117.1 (.NET Framework 4.8.4300.0; Microsoft Windows 10.0.19043 )",
        "x-ms-client-request-id": "432609b72d96fe9600af76570d0c6f85",
        "x-ms-return-client-request-id": "true"
      },
      "RequestBody": {
        "name": "teststoragemgmt7986",
        "type": "Microsoft.Storage/storageAccounts"
      },
      "StatusCode": 200,
      "ResponseHeaders": {
        "Cache-Control": "no-cache",
        "Content-Length": "22",
        "Content-Type": "application/json",
        "Date": "Wed, 17 Nov 2021 02:18:34 GMT",
        "Expires": "-1",
        "Pragma": "no-cache",
        "Server": "Microsoft-Azure-Storage-Resource-Provider/1.0,Microsoft-HTTPAPI/2.0 Microsoft-HTTPAPI/2.0",
        "Strict-Transport-Security": "max-age=31536000; includeSubDomains",
        "X-Content-Type-Options": "nosniff",
        "x-ms-client-request-id": "432609b72d96fe9600af76570d0c6f85",
        "x-ms-correlation-request-id": "74b4c825-615a-49b7-9b02-79a7fae7852f",
        "x-ms-ratelimit-remaining-subscription-reads": "11963",
        "x-ms-request-id": "5d252157-b403-4f73-8b3f-91edcda5b329",
        "x-ms-routing-request-id": "SOUTHEASTASIA:20211117T021834Z:74b4c825-615a-49b7-9b02-79a7fae7852f"
      },
      "ResponseBody": {
        "nameAvailable": true
      }
    },
    {
      "RequestUri": "https://management.azure.com/subscriptions/db1ab6f0-4769-4b27-930e-01e2ef9c123c/resourcegroups/teststorageRG-4802?api-version=2019-10-01",
      "RequestMethod": "PUT",
      "RequestHeaders": {
        "Accept": "application/json",
        "Authorization": "Sanitized",
        "Content-Length": "44",
        "Content-Type": "application/json",
        "User-Agent": "azsdk-net-ResourceManager/1.0.0-beta.5 (.NET Framework 4.8.4300.0; Microsoft Windows 10.0.19043 )",
        "x-ms-client-request-id": "e940187d5c7652e9715705ffb51fb5d2",
        "x-ms-return-client-request-id": "true"
      },
      "RequestBody": {
        "location": "eastus2",
        "tags": {
          "test": "env"
        }
      },
      "StatusCode": 201,
      "ResponseHeaders": {
        "Cache-Control": "no-cache",
        "Content-Length": "256",
        "Content-Type": "application/json; charset=utf-8",
        "Date": "Wed, 17 Nov 2021 02:18:38 GMT",
        "Expires": "-1",
        "Pragma": "no-cache",
        "Strict-Transport-Security": "max-age=31536000; includeSubDomains",
        "X-Content-Type-Options": "nosniff",
        "x-ms-correlation-request-id": "128af173-5ae1-4924-b963-067c00145cf8",
        "x-ms-ratelimit-remaining-subscription-writes": "1199",
        "x-ms-request-id": "128af173-5ae1-4924-b963-067c00145cf8",
        "x-ms-routing-request-id": "SOUTHEASTASIA:20211117T021838Z:128af173-5ae1-4924-b963-067c00145cf8"
      },
      "ResponseBody": {
        "id": "/subscriptions/db1ab6f0-4769-4b27-930e-01e2ef9c123c/resourceGroups/teststorageRG-4802",
        "name": "teststorageRG-4802",
        "type": "Microsoft.Resources/resourceGroups",
        "location": "eastus2",
        "tags": {
          "test": "env"
        },
        "properties": {
          "provisioningState": "Succeeded"
        }
      }
    },
    {
      "RequestUri": "https://management.azure.com/subscriptions/db1ab6f0-4769-4b27-930e-01e2ef9c123c/resourceGroups/teststorageRG-4802/providers/Microsoft.Storage/storageAccounts/teststoragemgmt7986?api-version=2021-04-01",
      "RequestMethod": "PUT",
      "RequestHeaders": {
        "Accept": "application/json",
        "Authorization": "Sanitized",
        "Content-Length": "126",
        "Content-Type": "application/json",
        "User-Agent": "azsdk-net-ResourceManager.Storage/1.0.0-alpha.20211117.1 (.NET Framework 4.8.4300.0; Microsoft Windows 10.0.19043 )",
        "x-ms-client-request-id": "5852b18b60c65d1c7bdc412bc2a34bf3",
        "x-ms-return-client-request-id": "true"
      },
      "RequestBody": {
        "sku": {
          "name": "Standard_GRS"
        },
        "kind": "Storage",
        "location": "eastus2",
        "tags": {
          "key1": "value1",
          "key2": "value2"
        },
        "properties": {}
      },
      "StatusCode": 202,
      "ResponseHeaders": {
        "Cache-Control": "no-cache",
        "Content-Length": "0",
        "Content-Type": "text/plain; charset=utf-8",
        "Date": "Wed, 17 Nov 2021 02:18:44 GMT",
        "Expires": "-1",
        "Location": "https://management.azure.com/subscriptions/db1ab6f0-4769-4b27-930e-01e2ef9c123c/providers/Microsoft.Storage/locations/eastus2/asyncoperations/d2c6bed0-0dc8-44bc-a277-a8032b5d26d1?monitor=true\u0026api-version=2021-04-01",
        "Pragma": "no-cache",
        "Retry-After": "17",
        "Server": "Microsoft-Azure-Storage-Resource-Provider/1.0,Microsoft-HTTPAPI/2.0 Microsoft-HTTPAPI/2.0",
        "Strict-Transport-Security": "max-age=31536000; includeSubDomains",
        "X-Content-Type-Options": "nosniff",
        "x-ms-client-request-id": "5852b18b60c65d1c7bdc412bc2a34bf3",
        "x-ms-correlation-request-id": "271d9c60-79e7-4f70-b3eb-032734c6c974",
        "x-ms-ratelimit-remaining-subscription-writes": "1198",
        "x-ms-request-id": "d2c6bed0-0dc8-44bc-a277-a8032b5d26d1",
        "x-ms-routing-request-id": "SOUTHEASTASIA:20211117T021845Z:271d9c60-79e7-4f70-b3eb-032734c6c974"
      },
      "ResponseBody": []
    },
    {
      "RequestUri": "https://management.azure.com/subscriptions/db1ab6f0-4769-4b27-930e-01e2ef9c123c/providers/Microsoft.Storage/locations/eastus2/asyncoperations/d2c6bed0-0dc8-44bc-a277-a8032b5d26d1?monitor=true\u0026api-version=2021-04-01",
      "RequestMethod": "GET",
      "RequestHeaders": {
        "Authorization": "Sanitized",
        "User-Agent": "azsdk-net-ResourceManager/1.0.0-beta.5 (.NET Framework 4.8.4300.0; Microsoft Windows 10.0.19043 )",
        "x-ms-client-request-id": "5a8185c02d1d1d14fbe26e991bbe90cd",
        "x-ms-return-client-request-id": "true"
      },
      "RequestBody": null,
      "StatusCode": 202,
      "ResponseHeaders": {
        "Cache-Control": "no-cache",
        "Content-Length": "0",
        "Content-Type": "text/plain; charset=utf-8",
        "Date": "Wed, 17 Nov 2021 02:18:45 GMT",
        "Expires": "-1",
        "Location": "https://management.azure.com/subscriptions/db1ab6f0-4769-4b27-930e-01e2ef9c123c/providers/Microsoft.Storage/locations/eastus2/asyncoperations/d2c6bed0-0dc8-44bc-a277-a8032b5d26d1?monitor=true\u0026api-version=2021-04-01",
        "Pragma": "no-cache",
        "Retry-After": "17",
        "Server": "Microsoft-Azure-Storage-Resource-Provider/1.0,Microsoft-HTTPAPI/2.0 Microsoft-HTTPAPI/2.0",
        "Strict-Transport-Security": "max-age=31536000; includeSubDomains",
        "X-Content-Type-Options": "nosniff",
        "x-ms-client-request-id": "5a8185c02d1d1d14fbe26e991bbe90cd",
        "x-ms-correlation-request-id": "0e67ffb0-1236-4e93-9786-a964aa491b38",
        "x-ms-ratelimit-remaining-subscription-reads": "11962",
        "x-ms-request-id": "7a90e2b6-99b7-4208-9fc9-edb9118ffb24",
        "x-ms-routing-request-id": "SOUTHEASTASIA:20211117T021845Z:0e67ffb0-1236-4e93-9786-a964aa491b38"
      },
      "ResponseBody": []
    },
    {
      "RequestUri": "https://management.azure.com/subscriptions/db1ab6f0-4769-4b27-930e-01e2ef9c123c/providers/Microsoft.Storage/locations/eastus2/asyncoperations/d2c6bed0-0dc8-44bc-a277-a8032b5d26d1?monitor=true\u0026api-version=2021-04-01",
      "RequestMethod": "GET",
      "RequestHeaders": {
        "Authorization": "Sanitized",
        "User-Agent": "azsdk-net-ResourceManager/1.0.0-beta.5 (.NET Framework 4.8.4300.0; Microsoft Windows 10.0.19043 )",
        "x-ms-client-request-id": "5e6d110ba796917f6fa61cd53a46cc7d",
        "x-ms-return-client-request-id": "true"
      },
      "RequestBody": null,
      "StatusCode": 202,
      "ResponseHeaders": {
        "Cache-Control": "no-cache",
        "Content-Length": "0",
        "Content-Type": "text/plain; charset=utf-8",
        "Date": "Wed, 17 Nov 2021 02:18:46 GMT",
        "Expires": "-1",
        "Location": "https://management.azure.com/subscriptions/db1ab6f0-4769-4b27-930e-01e2ef9c123c/providers/Microsoft.Storage/locations/eastus2/asyncoperations/d2c6bed0-0dc8-44bc-a277-a8032b5d26d1?monitor=true\u0026api-version=2021-04-01",
        "Pragma": "no-cache",
        "Retry-After": "17",
        "Server": "Microsoft-Azure-Storage-Resource-Provider/1.0,Microsoft-HTTPAPI/2.0 Microsoft-HTTPAPI/2.0",
        "Strict-Transport-Security": "max-age=31536000; includeSubDomains",
        "X-Content-Type-Options": "nosniff",
        "x-ms-client-request-id": "5e6d110ba796917f6fa61cd53a46cc7d",
        "x-ms-correlation-request-id": "b96f69cd-064a-45c1-9997-90d90f48e122",
        "x-ms-ratelimit-remaining-subscription-reads": "11961",
        "x-ms-request-id": "818f9ef3-1013-495f-9152-1d5be5161c9b",
        "x-ms-routing-request-id": "SOUTHEASTASIA:20211117T021847Z:b96f69cd-064a-45c1-9997-90d90f48e122"
      },
      "ResponseBody": []
    },
    {
      "RequestUri": "https://management.azure.com/subscriptions/db1ab6f0-4769-4b27-930e-01e2ef9c123c/providers/Microsoft.Storage/locations/eastus2/asyncoperations/d2c6bed0-0dc8-44bc-a277-a8032b5d26d1?monitor=true\u0026api-version=2021-04-01",
      "RequestMethod": "GET",
      "RequestHeaders": {
        "Authorization": "Sanitized",
        "User-Agent": "azsdk-net-ResourceManager/1.0.0-beta.5 (.NET Framework 4.8.4300.0; Microsoft Windows 10.0.19043 )",
        "x-ms-client-request-id": "3d6ab090f12164d6426b12708ba7907e",
        "x-ms-return-client-request-id": "true"
      },
      "RequestBody": null,
      "StatusCode": 202,
      "ResponseHeaders": {
        "Cache-Control": "no-cache",
        "Content-Length": "0",
        "Content-Type": "text/plain; charset=utf-8",
        "Date": "Wed, 17 Nov 2021 02:18:47 GMT",
        "Expires": "-1",
        "Location": "https://management.azure.com/subscriptions/db1ab6f0-4769-4b27-930e-01e2ef9c123c/providers/Microsoft.Storage/locations/eastus2/asyncoperations/d2c6bed0-0dc8-44bc-a277-a8032b5d26d1?monitor=true\u0026api-version=2021-04-01",
        "Pragma": "no-cache",
        "Retry-After": "17",
        "Server": "Microsoft-Azure-Storage-Resource-Provider/1.0,Microsoft-HTTPAPI/2.0 Microsoft-HTTPAPI/2.0",
        "Strict-Transport-Security": "max-age=31536000; includeSubDomains",
        "X-Content-Type-Options": "nosniff",
        "x-ms-client-request-id": "3d6ab090f12164d6426b12708ba7907e",
        "x-ms-correlation-request-id": "e500ae69-a0e6-4e87-bfaa-f00bcc5ea186",
        "x-ms-ratelimit-remaining-subscription-reads": "11960",
        "x-ms-request-id": "bc2d4ff3-43b8-4f21-b044-ee9068d673d5",
        "x-ms-routing-request-id": "SOUTHEASTASIA:20211117T021848Z:e500ae69-a0e6-4e87-bfaa-f00bcc5ea186"
      },
      "ResponseBody": []
    },
    {
      "RequestUri": "https://management.azure.com/subscriptions/db1ab6f0-4769-4b27-930e-01e2ef9c123c/providers/Microsoft.Storage/locations/eastus2/asyncoperations/d2c6bed0-0dc8-44bc-a277-a8032b5d26d1?monitor=true\u0026api-version=2021-04-01",
      "RequestMethod": "GET",
      "RequestHeaders": {
        "Authorization": "Sanitized",
        "User-Agent": "azsdk-net-ResourceManager/1.0.0-beta.5 (.NET Framework 4.8.4300.0; Microsoft Windows 10.0.19043 )",
        "x-ms-client-request-id": "7fca5760ed9018fa05f0ea77113fe2b4",
        "x-ms-return-client-request-id": "true"
      },
      "RequestBody": null,
      "StatusCode": 202,
      "ResponseHeaders": {
        "Cache-Control": "no-cache",
        "Content-Length": "0",
        "Content-Type": "text/plain; charset=utf-8",
        "Date": "Wed, 17 Nov 2021 02:18:49 GMT",
        "Expires": "-1",
        "Location": "https://management.azure.com/subscriptions/db1ab6f0-4769-4b27-930e-01e2ef9c123c/providers/Microsoft.Storage/locations/eastus2/asyncoperations/d2c6bed0-0dc8-44bc-a277-a8032b5d26d1?monitor=true\u0026api-version=2021-04-01",
        "Pragma": "no-cache",
        "Retry-After": "17",
        "Server": "Microsoft-Azure-Storage-Resource-Provider/1.0,Microsoft-HTTPAPI/2.0 Microsoft-HTTPAPI/2.0",
        "Strict-Transport-Security": "max-age=31536000; includeSubDomains",
        "X-Content-Type-Options": "nosniff",
        "x-ms-client-request-id": "7fca5760ed9018fa05f0ea77113fe2b4",
        "x-ms-correlation-request-id": "48bb80a2-31a4-411c-bfe9-753eb7671a56",
        "x-ms-ratelimit-remaining-subscription-reads": "11959",
        "x-ms-request-id": "cd3bdbba-ce28-439d-9526-92c910e79808",
        "x-ms-routing-request-id": "SOUTHEASTASIA:20211117T021849Z:48bb80a2-31a4-411c-bfe9-753eb7671a56"
      },
      "ResponseBody": []
    },
    {
      "RequestUri": "https://management.azure.com/subscriptions/db1ab6f0-4769-4b27-930e-01e2ef9c123c/providers/Microsoft.Storage/locations/eastus2/asyncoperations/d2c6bed0-0dc8-44bc-a277-a8032b5d26d1?monitor=true\u0026api-version=2021-04-01",
      "RequestMethod": "GET",
      "RequestHeaders": {
        "Authorization": "Sanitized",
        "User-Agent": "azsdk-net-ResourceManager/1.0.0-beta.5 (.NET Framework 4.8.4300.0; Microsoft Windows 10.0.19043 )",
        "x-ms-client-request-id": "6a09f11552531aac3a081b2b950e05c8",
        "x-ms-return-client-request-id": "true"
      },
      "RequestBody": null,
      "StatusCode": 202,
      "ResponseHeaders": {
        "Cache-Control": "no-cache",
        "Content-Length": "0",
        "Content-Type": "text/plain; charset=utf-8",
        "Date": "Wed, 17 Nov 2021 02:18:50 GMT",
        "Expires": "-1",
        "Location": "https://management.azure.com/subscriptions/db1ab6f0-4769-4b27-930e-01e2ef9c123c/providers/Microsoft.Storage/locations/eastus2/asyncoperations/d2c6bed0-0dc8-44bc-a277-a8032b5d26d1?monitor=true\u0026api-version=2021-04-01",
        "Pragma": "no-cache",
        "Retry-After": "17",
        "Server": "Microsoft-Azure-Storage-Resource-Provider/1.0,Microsoft-HTTPAPI/2.0 Microsoft-HTTPAPI/2.0",
        "Strict-Transport-Security": "max-age=31536000; includeSubDomains",
        "X-Content-Type-Options": "nosniff",
        "x-ms-client-request-id": "6a09f11552531aac3a081b2b950e05c8",
        "x-ms-correlation-request-id": "c2e9493e-703d-4459-bf5d-23f1931c47e5",
        "x-ms-ratelimit-remaining-subscription-reads": "11958",
        "x-ms-request-id": "92186761-0f14-4803-a1b9-f8f5ef08eba0",
        "x-ms-routing-request-id": "SOUTHEASTASIA:20211117T021851Z:c2e9493e-703d-4459-bf5d-23f1931c47e5"
      },
      "ResponseBody": []
    },
    {
      "RequestUri": "https://management.azure.com/subscriptions/db1ab6f0-4769-4b27-930e-01e2ef9c123c/providers/Microsoft.Storage/locations/eastus2/asyncoperations/d2c6bed0-0dc8-44bc-a277-a8032b5d26d1?monitor=true\u0026api-version=2021-04-01",
      "RequestMethod": "GET",
      "RequestHeaders": {
        "Authorization": "Sanitized",
        "User-Agent": "azsdk-net-ResourceManager/1.0.0-beta.5 (.NET Framework 4.8.4300.0; Microsoft Windows 10.0.19043 )",
        "x-ms-client-request-id": "e3749d154d7ca3ecb6523730065f5303",
        "x-ms-return-client-request-id": "true"
      },
      "RequestBody": null,
      "StatusCode": 202,
      "ResponseHeaders": {
        "Cache-Control": "no-cache",
        "Content-Length": "0",
        "Content-Type": "text/plain; charset=utf-8",
        "Date": "Wed, 17 Nov 2021 02:18:51 GMT",
        "Expires": "-1",
        "Location": "https://management.azure.com/subscriptions/db1ab6f0-4769-4b27-930e-01e2ef9c123c/providers/Microsoft.Storage/locations/eastus2/asyncoperations/d2c6bed0-0dc8-44bc-a277-a8032b5d26d1?monitor=true\u0026api-version=2021-04-01",
        "Pragma": "no-cache",
        "Retry-After": "17",
        "Server": "Microsoft-Azure-Storage-Resource-Provider/1.0,Microsoft-HTTPAPI/2.0 Microsoft-HTTPAPI/2.0",
        "Strict-Transport-Security": "max-age=31536000; includeSubDomains",
        "X-Content-Type-Options": "nosniff",
        "x-ms-client-request-id": "e3749d154d7ca3ecb6523730065f5303",
        "x-ms-correlation-request-id": "4f6a8975-b488-4e85-a20a-423256177a47",
        "x-ms-ratelimit-remaining-subscription-reads": "11957",
        "x-ms-request-id": "07afb208-9627-4882-9d0f-c44f0404f60d",
        "x-ms-routing-request-id": "SOUTHEASTASIA:20211117T021852Z:4f6a8975-b488-4e85-a20a-423256177a47"
      },
      "ResponseBody": []
    },
    {
      "RequestUri": "https://management.azure.com/subscriptions/db1ab6f0-4769-4b27-930e-01e2ef9c123c/providers/Microsoft.Storage/locations/eastus2/asyncoperations/d2c6bed0-0dc8-44bc-a277-a8032b5d26d1?monitor=true\u0026api-version=2021-04-01",
      "RequestMethod": "GET",
      "RequestHeaders": {
        "Authorization": "Sanitized",
        "User-Agent": "azsdk-net-ResourceManager/1.0.0-beta.5 (.NET Framework 4.8.4300.0; Microsoft Windows 10.0.19043 )",
        "x-ms-client-request-id": "9a5b5d88269e0d2baaaf4588d2cf83f7",
        "x-ms-return-client-request-id": "true"
      },
      "RequestBody": null,
      "StatusCode": 202,
      "ResponseHeaders": {
        "Cache-Control": "no-cache",
        "Content-Length": "0",
        "Content-Type": "text/plain; charset=utf-8",
        "Date": "Wed, 17 Nov 2021 02:18:53 GMT",
        "Expires": "-1",
        "Location": "https://management.azure.com/subscriptions/db1ab6f0-4769-4b27-930e-01e2ef9c123c/providers/Microsoft.Storage/locations/eastus2/asyncoperations/d2c6bed0-0dc8-44bc-a277-a8032b5d26d1?monitor=true\u0026api-version=2021-04-01",
        "Pragma": "no-cache",
        "Retry-After": "17",
        "Server": "Microsoft-Azure-Storage-Resource-Provider/1.0,Microsoft-HTTPAPI/2.0 Microsoft-HTTPAPI/2.0",
        "Strict-Transport-Security": "max-age=31536000; includeSubDomains",
        "X-Content-Type-Options": "nosniff",
        "x-ms-client-request-id": "9a5b5d88269e0d2baaaf4588d2cf83f7",
        "x-ms-correlation-request-id": "c06e4a16-af69-4eab-a82c-cfa8bd67f7a7",
        "x-ms-ratelimit-remaining-subscription-reads": "11956",
        "x-ms-request-id": "aee87574-c5c1-451a-a495-95297551d52c",
        "x-ms-routing-request-id": "SOUTHEASTASIA:20211117T021853Z:c06e4a16-af69-4eab-a82c-cfa8bd67f7a7"
      },
      "ResponseBody": []
    },
    {
      "RequestUri": "https://management.azure.com/subscriptions/db1ab6f0-4769-4b27-930e-01e2ef9c123c/providers/Microsoft.Storage/locations/eastus2/asyncoperations/d2c6bed0-0dc8-44bc-a277-a8032b5d26d1?monitor=true\u0026api-version=2021-04-01",
      "RequestMethod": "GET",
      "RequestHeaders": {
        "Authorization": "Sanitized",
        "User-Agent": "azsdk-net-ResourceManager/1.0.0-beta.5 (.NET Framework 4.8.4300.0; Microsoft Windows 10.0.19043 )",
        "x-ms-client-request-id": "736222eafecac8380566b4011b7b13db",
        "x-ms-return-client-request-id": "true"
      },
      "RequestBody": null,
      "StatusCode": 202,
      "ResponseHeaders": {
        "Cache-Control": "no-cache",
        "Content-Length": "0",
        "Content-Type": "text/plain; charset=utf-8",
        "Date": "Wed, 17 Nov 2021 02:18:54 GMT",
        "Expires": "-1",
        "Location": "https://management.azure.com/subscriptions/db1ab6f0-4769-4b27-930e-01e2ef9c123c/providers/Microsoft.Storage/locations/eastus2/asyncoperations/d2c6bed0-0dc8-44bc-a277-a8032b5d26d1?monitor=true\u0026api-version=2021-04-01",
        "Pragma": "no-cache",
        "Retry-After": "17",
        "Server": "Microsoft-Azure-Storage-Resource-Provider/1.0,Microsoft-HTTPAPI/2.0 Microsoft-HTTPAPI/2.0",
        "Strict-Transport-Security": "max-age=31536000; includeSubDomains",
        "X-Content-Type-Options": "nosniff",
        "x-ms-client-request-id": "736222eafecac8380566b4011b7b13db",
        "x-ms-correlation-request-id": "2ce7ee8f-1d83-4530-bd14-883c8a661167",
        "x-ms-ratelimit-remaining-subscription-reads": "11955",
        "x-ms-request-id": "e483bc21-e021-46c9-aad8-fbc6577de3ee",
        "x-ms-routing-request-id": "SOUTHEASTASIA:20211117T021854Z:2ce7ee8f-1d83-4530-bd14-883c8a661167"
      },
      "ResponseBody": []
    },
    {
      "RequestUri": "https://management.azure.com/subscriptions/db1ab6f0-4769-4b27-930e-01e2ef9c123c/providers/Microsoft.Storage/locations/eastus2/asyncoperations/d2c6bed0-0dc8-44bc-a277-a8032b5d26d1?monitor=true\u0026api-version=2021-04-01",
      "RequestMethod": "GET",
      "RequestHeaders": {
        "Authorization": "Sanitized",
        "User-Agent": "azsdk-net-ResourceManager/1.0.0-beta.5 (.NET Framework 4.8.4300.0; Microsoft Windows 10.0.19043 )",
        "x-ms-client-request-id": "37a217b46bb3ee29716638cd0863d0e7",
        "x-ms-return-client-request-id": "true"
      },
      "RequestBody": null,
      "StatusCode": 202,
      "ResponseHeaders": {
        "Cache-Control": "no-cache",
        "Content-Length": "0",
        "Content-Type": "text/plain; charset=utf-8",
        "Date": "Wed, 17 Nov 2021 02:18:55 GMT",
        "Expires": "-1",
        "Location": "https://management.azure.com/subscriptions/db1ab6f0-4769-4b27-930e-01e2ef9c123c/providers/Microsoft.Storage/locations/eastus2/asyncoperations/d2c6bed0-0dc8-44bc-a277-a8032b5d26d1?monitor=true\u0026api-version=2021-04-01",
        "Pragma": "no-cache",
        "Retry-After": "17",
        "Server": "Microsoft-Azure-Storage-Resource-Provider/1.0,Microsoft-HTTPAPI/2.0 Microsoft-HTTPAPI/2.0",
        "Strict-Transport-Security": "max-age=31536000; includeSubDomains",
        "X-Content-Type-Options": "nosniff",
        "x-ms-client-request-id": "37a217b46bb3ee29716638cd0863d0e7",
        "x-ms-correlation-request-id": "b9514724-8eca-4834-8baf-579d0b312fc0",
        "x-ms-ratelimit-remaining-subscription-reads": "11954",
        "x-ms-request-id": "3d5d893a-1b41-4691-9532-9bfb323584d8",
        "x-ms-routing-request-id": "SOUTHEASTASIA:20211117T021856Z:b9514724-8eca-4834-8baf-579d0b312fc0"
      },
      "ResponseBody": []
    },
    {
      "RequestUri": "https://management.azure.com/subscriptions/db1ab6f0-4769-4b27-930e-01e2ef9c123c/providers/Microsoft.Storage/locations/eastus2/asyncoperations/d2c6bed0-0dc8-44bc-a277-a8032b5d26d1?monitor=true\u0026api-version=2021-04-01",
      "RequestMethod": "GET",
      "RequestHeaders": {
        "Authorization": "Sanitized",
        "User-Agent": "azsdk-net-ResourceManager/1.0.0-beta.5 (.NET Framework 4.8.4300.0; Microsoft Windows 10.0.19043 )",
        "x-ms-client-request-id": "e44640cee0fd893925939538722af22f",
        "x-ms-return-client-request-id": "true"
      },
      "RequestBody": null,
      "StatusCode": 202,
      "ResponseHeaders": {
        "Cache-Control": "no-cache",
        "Content-Length": "0",
        "Content-Type": "text/plain; charset=utf-8",
        "Date": "Wed, 17 Nov 2021 02:18:56 GMT",
        "Expires": "-1",
        "Location": "https://management.azure.com/subscriptions/db1ab6f0-4769-4b27-930e-01e2ef9c123c/providers/Microsoft.Storage/locations/eastus2/asyncoperations/d2c6bed0-0dc8-44bc-a277-a8032b5d26d1?monitor=true\u0026api-version=2021-04-01",
        "Pragma": "no-cache",
        "Retry-After": "17",
        "Server": "Microsoft-Azure-Storage-Resource-Provider/1.0,Microsoft-HTTPAPI/2.0 Microsoft-HTTPAPI/2.0",
        "Strict-Transport-Security": "max-age=31536000; includeSubDomains",
        "X-Content-Type-Options": "nosniff",
        "x-ms-client-request-id": "e44640cee0fd893925939538722af22f",
        "x-ms-correlation-request-id": "478fd392-da6a-4200-92bc-c5991805b898",
        "x-ms-ratelimit-remaining-subscription-reads": "11953",
        "x-ms-request-id": "21e1d8f3-8b33-4d55-b764-71b310d4b40a",
        "x-ms-routing-request-id": "SOUTHEASTASIA:20211117T021857Z:478fd392-da6a-4200-92bc-c5991805b898"
      },
      "ResponseBody": []
    },
    {
      "RequestUri": "https://management.azure.com/subscriptions/db1ab6f0-4769-4b27-930e-01e2ef9c123c/providers/Microsoft.Storage/locations/eastus2/asyncoperations/d2c6bed0-0dc8-44bc-a277-a8032b5d26d1?monitor=true\u0026api-version=2021-04-01",
      "RequestMethod": "GET",
      "RequestHeaders": {
        "Authorization": "Sanitized",
        "User-Agent": "azsdk-net-ResourceManager/1.0.0-beta.5 (.NET Framework 4.8.4300.0; Microsoft Windows 10.0.19043 )",
        "x-ms-client-request-id": "bbd3699b4b2c7f44f9730163c66ac0a1",
        "x-ms-return-client-request-id": "true"
      },
      "RequestBody": null,
      "StatusCode": 202,
      "ResponseHeaders": {
        "Cache-Control": "no-cache",
        "Content-Length": "0",
        "Content-Type": "text/plain; charset=utf-8",
        "Date": "Wed, 17 Nov 2021 02:18:58 GMT",
        "Expires": "-1",
        "Location": "https://management.azure.com/subscriptions/db1ab6f0-4769-4b27-930e-01e2ef9c123c/providers/Microsoft.Storage/locations/eastus2/asyncoperations/d2c6bed0-0dc8-44bc-a277-a8032b5d26d1?monitor=true\u0026api-version=2021-04-01",
        "Pragma": "no-cache",
        "Retry-After": "17",
        "Server": "Microsoft-Azure-Storage-Resource-Provider/1.0,Microsoft-HTTPAPI/2.0 Microsoft-HTTPAPI/2.0",
        "Strict-Transport-Security": "max-age=31536000; includeSubDomains",
        "X-Content-Type-Options": "nosniff",
        "x-ms-client-request-id": "bbd3699b4b2c7f44f9730163c66ac0a1",
        "x-ms-correlation-request-id": "67816164-d34f-4223-bac0-880e4bc3d6e7",
        "x-ms-ratelimit-remaining-subscription-reads": "11952",
        "x-ms-request-id": "86f9e053-ccd5-44e0-9305-5206ebcd66a8",
        "x-ms-routing-request-id": "SOUTHEASTASIA:20211117T021858Z:67816164-d34f-4223-bac0-880e4bc3d6e7"
      },
      "ResponseBody": []
    },
    {
      "RequestUri": "https://management.azure.com/subscriptions/db1ab6f0-4769-4b27-930e-01e2ef9c123c/providers/Microsoft.Storage/locations/eastus2/asyncoperations/d2c6bed0-0dc8-44bc-a277-a8032b5d26d1?monitor=true\u0026api-version=2021-04-01",
      "RequestMethod": "GET",
      "RequestHeaders": {
        "Authorization": "Sanitized",
        "User-Agent": "azsdk-net-ResourceManager/1.0.0-beta.5 (.NET Framework 4.8.4300.0; Microsoft Windows 10.0.19043 )",
        "x-ms-client-request-id": "da32cc952f35d4dedd181220d5f17c47",
        "x-ms-return-client-request-id": "true"
      },
      "RequestBody": null,
      "StatusCode": 202,
      "ResponseHeaders": {
        "Cache-Control": "no-cache",
        "Content-Length": "0",
        "Content-Type": "text/plain; charset=utf-8",
        "Date": "Wed, 17 Nov 2021 02:18:59 GMT",
        "Expires": "-1",
        "Location": "https://management.azure.com/subscriptions/db1ab6f0-4769-4b27-930e-01e2ef9c123c/providers/Microsoft.Storage/locations/eastus2/asyncoperations/d2c6bed0-0dc8-44bc-a277-a8032b5d26d1?monitor=true\u0026api-version=2021-04-01",
        "Pragma": "no-cache",
        "Retry-After": "3",
        "Server": "Microsoft-Azure-Storage-Resource-Provider/1.0,Microsoft-HTTPAPI/2.0 Microsoft-HTTPAPI/2.0",
        "Strict-Transport-Security": "max-age=31536000; includeSubDomains",
        "X-Content-Type-Options": "nosniff",
        "x-ms-client-request-id": "da32cc952f35d4dedd181220d5f17c47",
        "x-ms-correlation-request-id": "09723524-3e84-461a-b370-a44d27e19c34",
        "x-ms-ratelimit-remaining-subscription-reads": "11951",
        "x-ms-request-id": "9d5d62e1-f95a-4eab-88e4-0e1388b417e9",
        "x-ms-routing-request-id": "SOUTHEASTASIA:20211117T021900Z:09723524-3e84-461a-b370-a44d27e19c34"
      },
      "ResponseBody": []
    },
    {
      "RequestUri": "https://management.azure.com/subscriptions/db1ab6f0-4769-4b27-930e-01e2ef9c123c/providers/Microsoft.Storage/locations/eastus2/asyncoperations/d2c6bed0-0dc8-44bc-a277-a8032b5d26d1?monitor=true\u0026api-version=2021-04-01",
      "RequestMethod": "GET",
      "RequestHeaders": {
        "Authorization": "Sanitized",
        "User-Agent": "azsdk-net-ResourceManager/1.0.0-beta.5 (.NET Framework 4.8.4300.0; Microsoft Windows 10.0.19043 )",
        "x-ms-client-request-id": "9e310973159083bafcc7eb89ded6c3ba",
        "x-ms-return-client-request-id": "true"
      },
      "RequestBody": null,
      "StatusCode": 200,
      "ResponseHeaders": {
        "Cache-Control": "no-cache",
        "Content-Length": "1346",
        "Content-Type": "application/json",
        "Date": "Wed, 17 Nov 2021 02:19:00 GMT",
        "Expires": "-1",
        "Pragma": "no-cache",
        "Server": "Microsoft-Azure-Storage-Resource-Provider/1.0,Microsoft-HTTPAPI/2.0 Microsoft-HTTPAPI/2.0",
        "Strict-Transport-Security": "max-age=31536000; includeSubDomains",
        "X-Content-Type-Options": "nosniff",
        "x-ms-client-request-id": "9e310973159083bafcc7eb89ded6c3ba",
        "x-ms-correlation-request-id": "1410a0d3-3ab4-43b1-8b9a-82a696cb379e",
        "x-ms-ratelimit-remaining-subscription-reads": "11950",
        "x-ms-request-id": "cf1e4f14-c89e-4e4b-8b2f-efd7b5843365",
        "x-ms-routing-request-id": "SOUTHEASTASIA:20211117T021901Z:1410a0d3-3ab4-43b1-8b9a-82a696cb379e"
      },
      "ResponseBody": {
        "sku": {
          "name": "Standard_GRS",
          "tier": "Standard"
        },
        "kind": "Storage",
        "id": "/subscriptions/db1ab6f0-4769-4b27-930e-01e2ef9c123c/resourceGroups/teststorageRG-4802/providers/Microsoft.Storage/storageAccounts/teststoragemgmt7986",
        "name": "teststoragemgmt7986",
        "type": "Microsoft.Storage/storageAccounts",
        "location": "eastus2",
        "tags": {
          "key1": "value1",
          "key2": "value2"
        },
        "properties": {
          "keyCreationTime": {
            "key1": "2021-11-17T02:18:43.9017382Z",
            "key2": "2021-11-17T02:18:43.9017382Z"
          },
          "privateEndpointConnections": [],
          "networkAcls": {
            "bypass": "AzureServices",
            "virtualNetworkRules": [],
            "ipRules": [],
            "defaultAction": "Allow"
          },
          "supportsHttpsTrafficOnly": true,
          "encryption": {
            "services": {
              "file": {
                "keyType": "Account",
                "enabled": true,
                "lastEnabledTime": "2021-11-17T02:18:43.9017382Z"
              },
              "blob": {
                "keyType": "Account",
                "enabled": true,
                "lastEnabledTime": "2021-11-17T02:18:43.9017382Z"
              }
            },
            "keySource": "Microsoft.Storage"
          },
          "provisioningState": "Succeeded",
          "creationTime": "2021-11-17T02:18:43.7923589Z",
          "primaryEndpoints": {
            "blob": "https://teststoragemgmt7986.blob.core.windows.net/",
            "queue": "https://teststoragemgmt7986.queue.core.windows.net/",
            "table": "https://teststoragemgmt7986.table.core.windows.net/",
            "file": "https://teststoragemgmt7986.file.core.windows.net/"
          },
          "primaryLocation": "eastus2",
          "statusOfPrimary": "available",
          "secondaryLocation": "centralus",
          "statusOfSecondary": "available"
        }
      }
    },
    {
      "RequestUri": "https://management.azure.com/subscriptions/db1ab6f0-4769-4b27-930e-01e2ef9c123c/resourceGroups/teststorageRG-4802/providers/Microsoft.Storage/storageAccounts/teststoragemgmt7986?api-version=2021-04-01",
      "RequestMethod": "PATCH",
      "RequestHeaders": {
        "Accept": "application/json",
        "Authorization": "Sanitized",
        "Content-Length": "82",
        "Content-Type": "application/json",
        "User-Agent": "azsdk-net-ResourceManager.Storage/1.0.0-alpha.20211117.1 (.NET Framework 4.8.4300.0; Microsoft Windows 10.0.19043 )",
        "x-ms-client-request-id": "a5a2f4d217f86cfa8bfede133823a907",
        "x-ms-return-client-request-id": "true"
      },
      "RequestBody": {
        "properties": {
          "customDomain": {
            "name": "foo.example.com",
            "useSubDomainName": true
          }
        }
      },
      "StatusCode": 409,
      "ResponseHeaders": {
        "Cache-Control": "no-cache",
        "Content-Length": "258",
        "Content-Type": "application/json",
        "Date": "Wed, 17 Nov 2021 02:19:01 GMT",
        "Expires": "-1",
        "Pragma": "no-cache",
        "Server": "Microsoft-Azure-Storage-Resource-Provider/1.0,Microsoft-HTTPAPI/2.0 Microsoft-HTTPAPI/2.0",
        "Strict-Transport-Security": "max-age=31536000; includeSubDomains",
        "X-Content-Type-Options": "nosniff",
        "x-ms-client-request-id": "a5a2f4d217f86cfa8bfede133823a907",
        "x-ms-correlation-request-id": "6c085799-9dd3-44fc-a65a-16b169a89bf7",
        "x-ms-ratelimit-remaining-subscription-writes": "1197",
        "x-ms-request-id": "d145ebf1-ff12-4fed-b874-94d83765c88b",
        "x-ms-routing-request-id": "SOUTHEASTASIA:20211117T021902Z:6c085799-9dd3-44fc-a65a-16b169a89bf7"
      },
      "ResponseBody": {
        "error": {
          "code": "StorageDomainNameCouldNotVerify",
          "message": "The custom domain name could not be verified. CNAME mapping from foo.example.com to any of teststoragemgmt7986.blob.core.windows.net,teststoragemgmt7986.z20.web.core.windows.net does not exist."
        }
      }
    },
    {
      "RequestUri": "https://management.azure.com/subscriptions/db1ab6f0-4769-4b27-930e-01e2ef9c123c/resourceGroups/teststorageRG-4802/providers/Microsoft.Storage/storageAccounts?api-version=2021-04-01",
      "RequestMethod": "GET",
      "RequestHeaders": {
        "Accept": "application/json",
        "Authorization": "Sanitized",
        "User-Agent": "azsdk-net-ResourceManager.Storage/1.0.0-alpha.20211117.1 (.NET Framework 4.8.4300.0; Microsoft Windows 10.0.19043 )",
        "x-ms-client-request-id": "bcefbaf62139801011afde6d4354f607",
        "x-ms-return-client-request-id": "true"
      },
      "RequestBody": null,
      "StatusCode": 200,
      "ResponseHeaders": {
        "Cache-Control": "no-cache",
        "Content-Length": "1358",
        "Content-Type": "application/json",
        "Date": "Wed, 17 Nov 2021 02:19:02 GMT",
        "Expires": "-1",
        "Pragma": "no-cache",
        "Server": "Microsoft-Azure-Storage-Resource-Provider/1.0,Microsoft-HTTPAPI/2.0 Microsoft-HTTPAPI/2.0",
        "Strict-Transport-Security": "max-age=31536000; includeSubDomains",
        "X-Content-Type-Options": "nosniff",
        "x-ms-client-request-id": "bcefbaf62139801011afde6d4354f607",
        "x-ms-correlation-request-id": "46160dd8-5cc3-476d-aa39-6cb6537acc9d",
        "x-ms-ratelimit-remaining-subscription-reads": "11949",
        "x-ms-request-id": "9e816b1d-96fd-4a74-8b6a-41156d69305c",
        "x-ms-routing-request-id": "SOUTHEASTASIA:20211117T021902Z:46160dd8-5cc3-476d-aa39-6cb6537acc9d"
      },
      "ResponseBody": {
        "value": [
          {
            "sku": {
              "name": "Standard_GRS",
              "tier": "Standard"
            },
            "kind": "Storage",
            "id": "/subscriptions/db1ab6f0-4769-4b27-930e-01e2ef9c123c/resourceGroups/teststorageRG-4802/providers/Microsoft.Storage/storageAccounts/teststoragemgmt7986",
            "name": "teststoragemgmt7986",
            "type": "Microsoft.Storage/storageAccounts",
            "location": "eastus2",
            "tags": {
              "key1": "value1",
              "key2": "value2"
            },
            "properties": {
              "keyCreationTime": {
                "key1": "2021-11-17T02:18:43.9017382Z",
                "key2": "2021-11-17T02:18:43.9017382Z"
              },
              "privateEndpointConnections": [],
              "networkAcls": {
                "bypass": "AzureServices",
                "virtualNetworkRules": [],
                "ipRules": [],
                "defaultAction": "Allow"
              },
              "supportsHttpsTrafficOnly": true,
              "encryption": {
                "services": {
                  "file": {
                    "keyType": "Account",
                    "enabled": true,
                    "lastEnabledTime": "2021-11-17T02:18:43.9017382Z"
                  },
                  "blob": {
                    "keyType": "Account",
                    "enabled": true,
                    "lastEnabledTime": "2021-11-17T02:18:43.9017382Z"
                  }
                },
                "keySource": "Microsoft.Storage"
              },
              "provisioningState": "Succeeded",
              "creationTime": "2021-11-17T02:18:43.7923589Z",
              "primaryEndpoints": {
                "blob": "https://teststoragemgmt7986.blob.core.windows.net/",
                "queue": "https://teststoragemgmt7986.queue.core.windows.net/",
                "table": "https://teststoragemgmt7986.table.core.windows.net/",
                "file": "https://teststoragemgmt7986.file.core.windows.net/"
              },
              "primaryLocation": "eastus2",
              "statusOfPrimary": "available",
              "secondaryLocation": "centralus",
              "statusOfSecondary": "available"
            }
          }
        ]
      }
    },
    {
      "RequestUri": "https://management.azure.com/subscriptions/db1ab6f0-4769-4b27-930e-01e2ef9c123c/resourceGroups/teststorageRG-4802/providers/Microsoft.Storage/storageAccounts/teststoragemgmt7986?api-version=2021-04-01",
      "RequestMethod": "DELETE",
      "RequestHeaders": {
        "Authorization": "Sanitized",
        "User-Agent": "azsdk-net-ResourceManager.Storage/1.0.0-alpha.20211117.1 (.NET Framework 4.8.4300.0; Microsoft Windows 10.0.19043 )",
        "x-ms-client-request-id": "e14d5855d74e5b4f0fc4139237a74ad8",
        "x-ms-return-client-request-id": "true"
      },
      "RequestBody": null,
      "StatusCode": 200,
      "ResponseHeaders": {
        "Cache-Control": "no-cache",
        "Content-Length": "0",
        "Content-Type": "text/plain; charset=utf-8",
        "Date": "Wed, 17 Nov 2021 02:19:09 GMT",
        "Expires": "-1",
        "Pragma": "no-cache",
        "Server": "Microsoft-Azure-Storage-Resource-Provider/1.0,Microsoft-HTTPAPI/2.0 Microsoft-HTTPAPI/2.0",
        "Strict-Transport-Security": "max-age=31536000; includeSubDomains",
        "X-Content-Type-Options": "nosniff",
        "x-ms-client-request-id": "e14d5855d74e5b4f0fc4139237a74ad8",
        "x-ms-correlation-request-id": "5f2ef95b-b22e-4e81-abc9-ec59e11398b6",
        "x-ms-ratelimit-remaining-subscription-deletes": "14999",
        "x-ms-request-id": "ef4ce9cc-13a6-4125-98cb-2871f9e0eee8",
        "x-ms-routing-request-id": "SOUTHEASTASIA:20211117T021909Z:5f2ef95b-b22e-4e81-abc9-ec59e11398b6"
      },
      "ResponseBody": []
    }
  ],
  "Variables": {
    "RandomSeed": "1130807516",
    "RESOURCE_MANAGER_URL": null,
    "SUBSCRIPTION_ID": "db1ab6f0-4769-4b27-930e-01e2ef9c123c"
  }
}