{
  "Entries": [
    {
      "RequestUri": "https://management.azure.com/subscriptions/db1ab6f0-4769-4b27-930e-01e2ef9c123c?api-version=2021-01-01",
      "RequestMethod": "GET",
      "RequestHeaders": {
        "Accept": "application/json",
        "Authorization": "Sanitized",
        "traceparent": "00-25fa2d6f561037e47e0ffe44f7ac0a59-6514b9201f870d6a-00",
        "User-Agent": "azsdk-net-ResourceManager/1.0.0 (.NET 6.0.5; Microsoft Windows 10.0.22621)",
        "x-ms-client-request-id": "531b53ddb6d0b6cb141875af2357ca15",
        "x-ms-return-client-request-id": "true"
      },
      "RequestBody": null,
      "StatusCode": 200,
      "ResponseHeaders": {
        "Cache-Control": "no-cache",
        "Content-Length": "747",
        "Content-Type": "application/json; charset=utf-8",
        "Date": "Fri, 10 Jun 2022 08:02:03 GMT",
        "Expires": "-1",
        "Pragma": "no-cache",
        "Strict-Transport-Security": "max-age=31536000; includeSubDomains",
        "X-Content-Type-Options": "nosniff",
        "x-ms-correlation-request-id": "edaaf446-f3c3-4fef-a297-919cafd7f462",
        "x-ms-ratelimit-remaining-subscription-reads": "11946",
        "x-ms-request-id": "edaaf446-f3c3-4fef-a297-919cafd7f462",
        "x-ms-routing-request-id": "SOUTHEASTASIA:20220610T080204Z:edaaf446-f3c3-4fef-a297-919cafd7f462"
      },
      "ResponseBody": {
        "id": "/subscriptions/db1ab6f0-4769-4b27-930e-01e2ef9c123c",
        "authorizationSource": "RoleBased",
        "managedByTenants": [],
        "tags": {
          "TagKey-9823": "TagValue-566",
          "TagKey-3481": "TagValue-320",
          "TagKey-4926": "TagValue-1187",
          "TagKey-751": "TagValue-3921",
          "TagKey-1866": "TagValue-8559",
          "TagKey-3094": "TagValue-9190",
          "TagKey-2449": "TagValue-9",
          "TagKey-8379": "TagValue-164",
          "TagKey-7470": "TagValue-2205",
          "TagKey-4236": "TagValue-3698",
          "TagKey-5316": "TagValue-2725"
        },
        "subscriptionId": "db1ab6f0-4769-4b27-930e-01e2ef9c123c",
        "tenantId": "72f988bf-86f1-41af-91ab-2d7cd011db47",
        "displayName": ".NET Mgmt SDK Test with TTL = 1 Day",
        "state": "Enabled",
        "subscriptionPolicies": {
          "locationPlacementId": "Internal_2014-09-01",
          "quotaId": "Internal_2014-09-01",
          "spendingLimit": "Off"
        }
      }
    },
    {
      "RequestUri": "https://management.azure.com/subscriptions/db1ab6f0-4769-4b27-930e-01e2ef9c123c/providers/Microsoft.Storage/checkNameAvailability?api-version=2021-09-01",
      "RequestMethod": "POST",
      "RequestHeaders": {
        "Accept": "application/json",
        "Authorization": "Sanitized",
        "Content-Length": "73",
        "Content-Type": "application/json",
        "traceparent": "00-800c4b5f2c8bc2ffc7262c6a39d8fddb-b0e13e0fc42db204-00",
        "User-Agent": "azsdk-net-ResourceManager.Storage/1.0.0-alpha.20220610.1 (.NET 6.0.5; Microsoft Windows 10.0.22621)",
        "x-ms-client-request-id": "2578a512eec41d4aef34ec804fbe70c1",
        "x-ms-return-client-request-id": "true"
      },
      "RequestBody": {
        "name": "teststoragemgmt5572",
        "type": "Microsoft.Storage/storageAccounts"
      },
      "StatusCode": 200,
      "ResponseHeaders": {
        "Cache-Control": "no-cache",
        "Content-Length": "22",
        "Content-Type": "application/json",
        "Date": "Fri, 10 Jun 2022 08:02:04 GMT",
        "Expires": "-1",
        "Pragma": "no-cache",
        "Server": "Microsoft-Azure-Storage-Resource-Provider/1.0,Microsoft-HTTPAPI/2.0 Microsoft-HTTPAPI/2.0",
        "Strict-Transport-Security": "max-age=31536000; includeSubDomains",
        "X-Content-Type-Options": "nosniff",
        "x-ms-client-request-id": "2578a512eec41d4aef34ec804fbe70c1",
        "x-ms-correlation-request-id": "742c6104-7e00-4bc5-9b55-bb2426fca483",
        "x-ms-ratelimit-remaining-subscription-reads": "11945",
        "x-ms-request-id": "dc7d3ebd-6cdf-45ed-a9c1-fa97a0eac830",
        "x-ms-routing-request-id": "SOUTHEASTASIA:20220610T080205Z:742c6104-7e00-4bc5-9b55-bb2426fca483"
      },
      "ResponseBody": {
        "nameAvailable": true
      }
    },
    {
      "RequestUri": "https://management.azure.com/subscriptions/db1ab6f0-4769-4b27-930e-01e2ef9c123c/resourcegroups/teststorageRG-6022?api-version=2021-04-01",
      "RequestMethod": "PUT",
      "RequestHeaders": {
        "Accept": "application/json",
        "Authorization": "Sanitized",
        "Content-Length": "44",
        "Content-Type": "application/json",
        "traceparent": "00-f30e60589d5653bfba3b2c9bb4063250-2ff4786ae318dee8-00",
        "User-Agent": "azsdk-net-ResourceManager/1.0.0 (.NET 6.0.5; Microsoft Windows 10.0.22621)",
        "x-ms-client-request-id": "3e22f8ab67cc1b5720f3f173048cd20d",
        "x-ms-return-client-request-id": "true"
      },
      "RequestBody": {
        "tags": {
          "test": "env"
        },
        "location": "eastus2"
      },
      "StatusCode": 201,
      "ResponseHeaders": {
        "Cache-Control": "no-cache",
        "Content-Length": "256",
        "Content-Type": "application/json; charset=utf-8",
        "Date": "Fri, 10 Jun 2022 08:02:06 GMT",
        "Expires": "-1",
        "Pragma": "no-cache",
        "Strict-Transport-Security": "max-age=31536000; includeSubDomains",
        "X-Content-Type-Options": "nosniff",
        "x-ms-correlation-request-id": "986af22a-3a0c-4c65-b2d5-59fddad0b12d",
        "x-ms-ratelimit-remaining-subscription-writes": "1181",
        "x-ms-request-id": "986af22a-3a0c-4c65-b2d5-59fddad0b12d",
        "x-ms-routing-request-id": "SOUTHEASTASIA:20220610T080207Z:986af22a-3a0c-4c65-b2d5-59fddad0b12d"
      },
      "ResponseBody": {
        "id": "/subscriptions/db1ab6f0-4769-4b27-930e-01e2ef9c123c/resourceGroups/teststorageRG-6022",
        "name": "teststorageRG-6022",
        "type": "Microsoft.Resources/resourceGroups",
        "location": "eastus2",
        "tags": {
          "test": "env"
        },
        "properties": {
          "provisioningState": "Succeeded"
        }
      }
    },
    {
      "RequestUri": "https://management.azure.com/subscriptions/db1ab6f0-4769-4b27-930e-01e2ef9c123c/resourceGroups/teststorageRG-6022/providers/Microsoft.Storage/storageAccounts/teststoragemgmt5572?api-version=2021-09-01",
      "RequestMethod": "PUT",
      "RequestHeaders": {
        "Accept": "application/json",
        "Authorization": "Sanitized",
        "Content-Length": "126",
        "Content-Type": "application/json",
        "traceparent": "00-e68072663e129e43c7157800641521c4-7a75f044cd396f53-00",
        "User-Agent": "azsdk-net-ResourceManager.Storage/1.0.0-alpha.20220610.1 (.NET 6.0.5; Microsoft Windows 10.0.22621)",
        "x-ms-client-request-id": "203beef91876d06536e182de36c55905",
        "x-ms-return-client-request-id": "true"
      },
      "RequestBody": {
        "sku": {
          "name": "Standard_GRS"
        },
        "kind": "Storage",
        "location": "eastus2",
        "tags": {
          "key1": "value1",
          "key2": "value2"
        },
        "properties": {}
      },
      "StatusCode": 202,
      "ResponseHeaders": {
        "Cache-Control": "no-cache",
        "Content-Length": "0",
        "Content-Type": "text/plain; charset=utf-8",
        "Date": "Fri, 10 Jun 2022 08:02:10 GMT",
        "Expires": "-1",
        "Location": "https://management.azure.com/subscriptions/db1ab6f0-4769-4b27-930e-01e2ef9c123c/providers/Microsoft.Storage/locations/eastus2/asyncoperations/7ea4d60c-fc82-41c8-832d-82b1de2d882b?monitor=true\u0026api-version=2021-09-01",
        "Pragma": "no-cache",
        "Retry-After": "17",
        "Server": "Microsoft-Azure-Storage-Resource-Provider/1.0,Microsoft-HTTPAPI/2.0 Microsoft-HTTPAPI/2.0",
        "Strict-Transport-Security": "max-age=31536000; includeSubDomains",
        "X-Content-Type-Options": "nosniff",
        "x-ms-client-request-id": "203beef91876d06536e182de36c55905",
        "x-ms-correlation-request-id": "e6caa4da-5a6f-45bd-a700-7ff92e94acb7",
        "x-ms-ratelimit-remaining-subscription-writes": "1180",
        "x-ms-request-id": "7ea4d60c-fc82-41c8-832d-82b1de2d882b",
        "x-ms-routing-request-id": "SOUTHEASTASIA:20220610T080211Z:e6caa4da-5a6f-45bd-a700-7ff92e94acb7"
      },
      "ResponseBody": null
    },
    {
      "RequestUri": "https://management.azure.com/subscriptions/db1ab6f0-4769-4b27-930e-01e2ef9c123c/providers/Microsoft.Storage/locations/eastus2/asyncoperations/7ea4d60c-fc82-41c8-832d-82b1de2d882b?monitor=true\u0026api-version=2021-09-01",
      "RequestMethod": "GET",
      "RequestHeaders": {
        "Authorization": "Sanitized",
        "traceparent": "00-e68072663e129e43c7157800641521c4-84dc5dce6b46f036-00",
        "User-Agent": "azsdk-net-ResourceManager/1.0.0 (.NET 6.0.5; Microsoft Windows 10.0.22621)",
        "x-ms-client-request-id": "d0567319a03492c8935207eae578e55a",
        "x-ms-return-client-request-id": "true"
      },
      "RequestBody": null,
      "StatusCode": 202,
      "ResponseHeaders": {
        "Cache-Control": "no-cache",
        "Content-Length": "0",
        "Content-Type": "text/plain; charset=utf-8",
        "Date": "Fri, 10 Jun 2022 08:02:10 GMT",
        "Expires": "-1",
        "Location": "https://management.azure.com/subscriptions/db1ab6f0-4769-4b27-930e-01e2ef9c123c/providers/Microsoft.Storage/locations/eastus2/asyncoperations/7ea4d60c-fc82-41c8-832d-82b1de2d882b?monitor=true\u0026api-version=2021-09-01",
        "Pragma": "no-cache",
        "Retry-After": "17",
        "Server": "Microsoft-Azure-Storage-Resource-Provider/1.0,Microsoft-HTTPAPI/2.0 Microsoft-HTTPAPI/2.0",
        "Strict-Transport-Security": "max-age=31536000; includeSubDomains",
        "X-Content-Type-Options": "nosniff",
        "x-ms-client-request-id": "d0567319a03492c8935207eae578e55a",
        "x-ms-correlation-request-id": "6513404e-e9a3-40db-9cdb-6eef1506ed58",
        "x-ms-ratelimit-remaining-subscription-reads": "11944",
        "x-ms-request-id": "9694182a-314d-4539-adf4-2ff009ed6044",
        "x-ms-routing-request-id": "SOUTHEASTASIA:20220610T080211Z:6513404e-e9a3-40db-9cdb-6eef1506ed58"
      },
      "ResponseBody": null
    },
    {
      "RequestUri": "https://management.azure.com/subscriptions/db1ab6f0-4769-4b27-930e-01e2ef9c123c/providers/Microsoft.Storage/locations/eastus2/asyncoperations/7ea4d60c-fc82-41c8-832d-82b1de2d882b?monitor=true\u0026api-version=2021-09-01",
      "RequestMethod": "GET",
      "RequestHeaders": {
        "Authorization": "Sanitized",
        "traceparent": "00-e68072663e129e43c7157800641521c4-83122317dde905dc-00",
        "User-Agent": "azsdk-net-ResourceManager/1.0.0 (.NET 6.0.5; Microsoft Windows 10.0.22621)",
        "x-ms-client-request-id": "1f86eb9901e0cc1aa7feff6c7469778d",
        "x-ms-return-client-request-id": "true"
      },
      "RequestBody": null,
      "StatusCode": 200,
      "ResponseHeaders": {
        "Cache-Control": "no-cache",
        "Content-Length": "1404",
        "Content-Type": "application/json",
        "Date": "Fri, 10 Jun 2022 08:02:28 GMT",
        "Expires": "-1",
        "Pragma": "no-cache",
        "Server": "Microsoft-Azure-Storage-Resource-Provider/1.0,Microsoft-HTTPAPI/2.0 Microsoft-HTTPAPI/2.0",
        "Strict-Transport-Security": "max-age=31536000; includeSubDomains",
        "X-Content-Type-Options": "nosniff",
        "x-ms-client-request-id": "1f86eb9901e0cc1aa7feff6c7469778d",
        "x-ms-correlation-request-id": "6fe6e40b-ee4d-4d60-b9c0-bca4975b348e",
        "x-ms-ratelimit-remaining-subscription-reads": "11943",
        "x-ms-request-id": "0d6272f0-2ded-452f-b51b-dfec72f56346",
        "x-ms-routing-request-id": "SOUTHEASTASIA:20220610T080228Z:6fe6e40b-ee4d-4d60-b9c0-bca4975b348e"
      },
      "ResponseBody": {
        "sku": {
          "name": "Standard_GRS",
          "tier": "Standard"
        },
        "kind": "Storage",
        "id": "/subscriptions/db1ab6f0-4769-4b27-930e-01e2ef9c123c/resourceGroups/teststorageRG-6022/providers/Microsoft.Storage/storageAccounts/teststoragemgmt5572",
        "name": "teststoragemgmt5572",
        "type": "Microsoft.Storage/storageAccounts",
        "location": "eastus2",
        "tags": {
          "key1": "value1",
          "key2": "value2"
        },
        "properties": {
          "keyCreationTime": {
            "key1": "2022-06-10T08:02:09.7490435Z",
            "key2": "2022-06-10T08:02:09.7490435Z"
          },
          "privateEndpointConnections": [],
          "minimumTlsVersion": "TLS1_0",
          "allowBlobPublicAccess": true,
          "networkAcls": {
            "bypass": "AzureServices",
            "virtualNetworkRules": [],
            "ipRules": [],
            "defaultAction": "Allow"
          },
          "supportsHttpsTrafficOnly": true,
          "encryption": {
            "services": {
              "file": {
                "keyType": "Account",
                "enabled": true,
                "lastEnabledTime": "2022-06-10T08:02:09.7490435Z"
              },
              "blob": {
                "keyType": "Account",
                "enabled": true,
                "lastEnabledTime": "2022-06-10T08:02:09.7490435Z"
              }
            },
            "keySource": "Microsoft.Storage"
          },
          "provisioningState": "Succeeded",
          "creationTime": "2022-06-10T08:02:09.5927807Z",
          "primaryEndpoints": {
            "blob": "https://teststoragemgmt5572.blob.core.windows.net/",
            "queue": "https://teststoragemgmt5572.queue.core.windows.net/",
            "table": "https://teststoragemgmt5572.table.core.windows.net/",
            "file": "https://teststoragemgmt5572.file.core.windows.net/"
          },
          "primaryLocation": "eastus2",
          "statusOfPrimary": "available",
          "secondaryLocation": "centralus",
          "statusOfSecondary": "available"
        }
      }
    },
    {
      "RequestUri": "https://management.azure.com/subscriptions/db1ab6f0-4769-4b27-930e-01e2ef9c123c/resourceGroups/teststorageRG-6022/providers/Microsoft.Storage/storageAccounts/teststoragemgmt5572?api-version=2021-09-01",
      "RequestMethod": "PATCH",
      "RequestHeaders": {
        "Accept": "application/json",
        "Authorization": "Sanitized",
        "Content-Length": "124",
        "Content-Type": "application/json",
        "traceparent": "00-f1d227e79288c1356780dd2fcdf6ad29-b2901f7f99eed542-00",
        "User-Agent": "azsdk-net-ResourceManager.Storage/1.0.0-alpha.20220610.1 (.NET 6.0.5; Microsoft Windows 10.0.22621)",
        "x-ms-client-request-id": "c3c4daf6896f4cd11c183da0245c57a8",
        "x-ms-return-client-request-id": "true"
      },
      "RequestBody": {
        "properties": {
          "encryption": {
            "services": {
              "blob": {
                "enabled": true
              },
              "file": {
                "enabled": true
              }
            },
            "keySource": "Microsoft.Storage"
          }
        }
      },
      "StatusCode": 200,
      "ResponseHeaders": {
        "Cache-Control": "no-cache",
        "Content-Length": "1404",
        "Content-Type": "application/json",
        "Date": "Fri, 10 Jun 2022 08:02:30 GMT",
        "Expires": "-1",
        "Pragma": "no-cache",
        "Server": "Microsoft-Azure-Storage-Resource-Provider/1.0,Microsoft-HTTPAPI/2.0 Microsoft-HTTPAPI/2.0",
        "Strict-Transport-Security": "max-age=31536000; includeSubDomains",
        "X-Content-Type-Options": "nosniff",
        "x-ms-client-request-id": "c3c4daf6896f4cd11c183da0245c57a8",
        "x-ms-correlation-request-id": "3e7487c2-b84e-4eb6-8ce3-c6313502b8a1",
        "x-ms-ratelimit-remaining-subscription-writes": "1179",
        "x-ms-request-id": "ca9f281c-6fa5-41f4-8259-be03e5946d87",
        "x-ms-routing-request-id": "SOUTHEASTASIA:20220610T080230Z:3e7487c2-b84e-4eb6-8ce3-c6313502b8a1"
      },
      "ResponseBody": {
        "sku": {
          "name": "Standard_GRS",
          "tier": "Standard"
        },
        "kind": "Storage",
        "id": "/subscriptions/db1ab6f0-4769-4b27-930e-01e2ef9c123c/resourceGroups/teststorageRG-6022/providers/Microsoft.Storage/storageAccounts/teststoragemgmt5572",
        "name": "teststoragemgmt5572",
        "type": "Microsoft.Storage/storageAccounts",
        "location": "eastus2",
        "tags": {
          "key1": "value1",
          "key2": "value2"
        },
        "properties": {
          "keyCreationTime": {
            "key1": "2022-06-10T08:02:09.7490435Z",
            "key2": "2022-06-10T08:02:09.7490435Z"
          },
          "privateEndpointConnections": [],
          "minimumTlsVersion": "TLS1_0",
          "allowBlobPublicAccess": true,
          "networkAcls": {
            "bypass": "AzureServices",
            "virtualNetworkRules": [],
            "ipRules": [],
            "defaultAction": "Allow"
          },
          "supportsHttpsTrafficOnly": true,
          "encryption": {
            "services": {
              "file": {
                "keyType": "Account",
                "enabled": true,
                "lastEnabledTime": "2022-06-10T08:02:09.7490435Z"
              },
              "blob": {
                "keyType": "Account",
                "enabled": true,
                "lastEnabledTime": "2022-06-10T08:02:09.7490435Z"
              }
            },
            "keySource": "Microsoft.Storage"
          },
          "provisioningState": "Succeeded",
          "creationTime": "2022-06-10T08:02:09.5927807Z",
          "primaryEndpoints": {
            "blob": "https://teststoragemgmt5572.blob.core.windows.net/",
            "queue": "https://teststoragemgmt5572.queue.core.windows.net/",
            "table": "https://teststoragemgmt5572.table.core.windows.net/",
            "file": "https://teststoragemgmt5572.file.core.windows.net/"
          },
          "primaryLocation": "eastus2",
          "statusOfPrimary": "available",
          "secondaryLocation": "centralus",
          "statusOfSecondary": "available"
        }
      }
    },
    {
      "RequestUri": "https://management.azure.com/subscriptions/db1ab6f0-4769-4b27-930e-01e2ef9c123c/resourceGroups/teststorageRG-6022/providers/Microsoft.Storage/storageAccounts/teststoragemgmt5572?api-version=2021-09-01",
      "RequestMethod": "GET",
      "RequestHeaders": {
        "Accept": "application/json",
        "Authorization": "Sanitized",
        "traceparent": "00-58862e85141a503d5f7db8bca47e5da3-f6f72355fd5c5936-00",
        "User-Agent": "azsdk-net-ResourceManager.Storage/1.0.0-alpha.20220610.1 (.NET 6.0.5; Microsoft Windows 10.0.22621)",
        "x-ms-client-request-id": "6d614925cb2218c658892835a15b1e2a",
        "x-ms-return-client-request-id": "true"
      },
      "RequestBody": null,
      "StatusCode": 200,
      "ResponseHeaders": {
        "Cache-Control": "no-cache",
        "Content-Length": "1404",
        "Content-Type": "application/json",
        "Date": "Fri, 10 Jun 2022 08:02:30 GMT",
        "Expires": "-1",
        "Pragma": "no-cache",
        "Server": "Microsoft-Azure-Storage-Resource-Provider/1.0,Microsoft-HTTPAPI/2.0 Microsoft-HTTPAPI/2.0",
        "Strict-Transport-Security": "max-age=31536000; includeSubDomains",
        "X-Content-Type-Options": "nosniff",
        "x-ms-client-request-id": "6d614925cb2218c658892835a15b1e2a",
        "x-ms-correlation-request-id": "f6bb1d1a-83cc-4600-89d5-afe7bca5d996",
        "x-ms-ratelimit-remaining-subscription-reads": "11942",
        "x-ms-request-id": "867292af-ae6e-465e-bf5d-89c2abc55c65",
        "x-ms-routing-request-id": "SOUTHEASTASIA:20220610T080231Z:f6bb1d1a-83cc-4600-89d5-afe7bca5d996"
      },
      "ResponseBody": {
        "sku": {
          "name": "Standard_GRS",
          "tier": "Standard"
        },
        "kind": "Storage",
        "id": "/subscriptions/db1ab6f0-4769-4b27-930e-01e2ef9c123c/resourceGroups/teststorageRG-6022/providers/Microsoft.Storage/storageAccounts/teststoragemgmt5572",
        "name": "teststoragemgmt5572",
        "type": "Microsoft.Storage/storageAccounts",
        "location": "eastus2",
        "tags": {
          "key1": "value1",
          "key2": "value2"
        },
        "properties": {
          "keyCreationTime": {
            "key1": "2022-06-10T08:02:09.7490435Z",
            "key2": "2022-06-10T08:02:09.7490435Z"
          },
          "privateEndpointConnections": [],
          "minimumTlsVersion": "TLS1_0",
          "allowBlobPublicAccess": true,
          "networkAcls": {
            "bypass": "AzureServices",
            "virtualNetworkRules": [],
            "ipRules": [],
            "defaultAction": "Allow"
          },
          "supportsHttpsTrafficOnly": true,
          "encryption": {
            "services": {
              "file": {
                "keyType": "Account",
                "enabled": true,
                "lastEnabledTime": "2022-06-10T08:02:09.7490435Z"
              },
              "blob": {
                "keyType": "Account",
                "enabled": true,
                "lastEnabledTime": "2022-06-10T08:02:09.7490435Z"
              }
            },
            "keySource": "Microsoft.Storage"
          },
          "provisioningState": "Succeeded",
          "creationTime": "2022-06-10T08:02:09.5927807Z",
          "primaryEndpoints": {
            "blob": "https://teststoragemgmt5572.blob.core.windows.net/",
            "queue": "https://teststoragemgmt5572.queue.core.windows.net/",
            "table": "https://teststoragemgmt5572.table.core.windows.net/",
            "file": "https://teststoragemgmt5572.file.core.windows.net/"
          },
          "primaryLocation": "eastus2",
          "statusOfPrimary": "available",
          "secondaryLocation": "centralus",
          "statusOfSecondary": "available"
        }
      }
    },
    {
      "RequestUri": "https://management.azure.com/subscriptions/db1ab6f0-4769-4b27-930e-01e2ef9c123c/resourceGroups/teststorageRG-6022/providers/Microsoft.Storage/storageAccounts/teststoragemgmt5572?api-version=2021-09-01",
      "RequestMethod": "PATCH",
      "RequestHeaders": {
        "Accept": "application/json",
        "Authorization": "Sanitized",
        "Content-Length": "124",
        "Content-Type": "application/json",
        "traceparent": "00-0909dc7d44d6e9b8e10b2f93a971e747-4f75cd79007f59cb-00",
        "User-Agent": "azsdk-net-ResourceManager.Storage/1.0.0-alpha.20220610.1 (.NET 6.0.5; Microsoft Windows 10.0.22621)",
        "x-ms-client-request-id": "0af47ada21b310ea1a3902c7c479a74b",
        "x-ms-return-client-request-id": "true"
      },
      "RequestBody": {
        "properties": {
          "encryption": {
            "services": {
              "blob": {
                "enabled": true
              },
              "file": {
                "enabled": true
              }
            },
            "keySource": "Microsoft.Storage"
          }
        }
      },
      "StatusCode": 200,
      "ResponseHeaders": {
        "Cache-Control": "no-cache",
        "Content-Length": "1404",
        "Content-Type": "application/json",
        "Date": "Fri, 10 Jun 2022 08:02:31 GMT",
        "Expires": "-1",
        "Pragma": "no-cache",
        "Server": "Microsoft-Azure-Storage-Resource-Provider/1.0,Microsoft-HTTPAPI/2.0 Microsoft-HTTPAPI/2.0",
        "Strict-Transport-Security": "max-age=31536000; includeSubDomains",
        "X-Content-Type-Options": "nosniff",
        "x-ms-client-request-id": "0af47ada21b310ea1a3902c7c479a74b",
        "x-ms-correlation-request-id": "397a4a6f-c6c4-4459-a58c-33051dcc5654",
        "x-ms-ratelimit-remaining-subscription-writes": "1178",
        "x-ms-request-id": "f2cc4526-e846-48cd-aa7e-7469f6374248",
        "x-ms-routing-request-id": "SOUTHEASTASIA:20220610T080232Z:397a4a6f-c6c4-4459-a58c-33051dcc5654"
      },
      "ResponseBody": {
        "sku": {
          "name": "Standard_GRS",
          "tier": "Standard"
        },
        "kind": "Storage",
        "id": "/subscriptions/db1ab6f0-4769-4b27-930e-01e2ef9c123c/resourceGroups/teststorageRG-6022/providers/Microsoft.Storage/storageAccounts/teststoragemgmt5572",
        "name": "teststoragemgmt5572",
        "type": "Microsoft.Storage/storageAccounts",
        "location": "eastus2",
        "tags": {
          "key1": "value1",
          "key2": "value2"
        },
        "properties": {
          "keyCreationTime": {
            "key1": "2022-06-10T08:02:09.7490435Z",
            "key2": "2022-06-10T08:02:09.7490435Z"
          },
          "privateEndpointConnections": [],
          "minimumTlsVersion": "TLS1_0",
          "allowBlobPublicAccess": true,
          "networkAcls": {
            "bypass": "AzureServices",
            "virtualNetworkRules": [],
            "ipRules": [],
            "defaultAction": "Allow"
          },
          "supportsHttpsTrafficOnly": true,
          "encryption": {
            "services": {
              "file": {
                "keyType": "Account",
                "enabled": true,
                "lastEnabledTime": "2022-06-10T08:02:09.7490435Z"
              },
              "blob": {
                "keyType": "Account",
                "enabled": true,
                "lastEnabledTime": "2022-06-10T08:02:09.7490435Z"
              }
            },
            "keySource": "Microsoft.Storage"
          },
          "provisioningState": "Succeeded",
          "creationTime": "2022-06-10T08:02:09.5927807Z",
          "primaryEndpoints": {
            "blob": "https://teststoragemgmt5572.blob.core.windows.net/",
            "queue": "https://teststoragemgmt5572.queue.core.windows.net/",
            "table": "https://teststoragemgmt5572.table.core.windows.net/",
            "file": "https://teststoragemgmt5572.file.core.windows.net/"
          },
          "primaryLocation": "eastus2",
          "statusOfPrimary": "available",
          "secondaryLocation": "centralus",
          "statusOfSecondary": "available"
        }
      }
    },
    {
      "RequestUri": "https://management.azure.com/subscriptions/db1ab6f0-4769-4b27-930e-01e2ef9c123c/resourceGroups/teststorageRG-6022/providers/Microsoft.Storage/storageAccounts/teststoragemgmt5572?api-version=2021-09-01",
      "RequestMethod": "GET",
      "RequestHeaders": {
        "Accept": "application/json",
        "Authorization": "Sanitized",
        "traceparent": "00-5623cc052ade9f091c8cf7fa66a4950d-5fa14c43120df377-00",
        "User-Agent": "azsdk-net-ResourceManager.Storage/1.0.0-alpha.20220610.1 (.NET 6.0.5; Microsoft Windows 10.0.22621)",
        "x-ms-client-request-id": "2b4756a609082a6a14ac6ae6619cabc0",
        "x-ms-return-client-request-id": "true"
      },
      "RequestBody": null,
      "StatusCode": 200,
      "ResponseHeaders": {
        "Cache-Control": "no-cache",
        "Content-Length": "1404",
        "Content-Type": "application/json",
        "Date": "Fri, 10 Jun 2022 08:02:32 GMT",
        "Expires": "-1",
        "Pragma": "no-cache",
        "Server": "Microsoft-Azure-Storage-Resource-Provider/1.0,Microsoft-HTTPAPI/2.0 Microsoft-HTTPAPI/2.0",
        "Strict-Transport-Security": "max-age=31536000; includeSubDomains",
        "X-Content-Type-Options": "nosniff",
        "x-ms-client-request-id": "2b4756a609082a6a14ac6ae6619cabc0",
        "x-ms-correlation-request-id": "e4b01064-1d08-4cb7-a34e-99ff763e3954",
        "x-ms-ratelimit-remaining-subscription-reads": "11941",
        "x-ms-request-id": "060bca7c-a036-4e4f-a17c-47010d7c35b4",
        "x-ms-routing-request-id": "SOUTHEASTASIA:20220610T080232Z:e4b01064-1d08-4cb7-a34e-99ff763e3954"
      },
      "ResponseBody": {
        "sku": {
          "name": "Standard_GRS",
          "tier": "Standard"
        },
        "kind": "Storage",
        "id": "/subscriptions/db1ab6f0-4769-4b27-930e-01e2ef9c123c/resourceGroups/teststorageRG-6022/providers/Microsoft.Storage/storageAccounts/teststoragemgmt5572",
        "name": "teststoragemgmt5572",
        "type": "Microsoft.Storage/storageAccounts",
        "location": "eastus2",
        "tags": {
          "key1": "value1",
          "key2": "value2"
        },
        "properties": {
          "keyCreationTime": {
            "key1": "2022-06-10T08:02:09.7490435Z",
            "key2": "2022-06-10T08:02:09.7490435Z"
          },
          "privateEndpointConnections": [],
          "minimumTlsVersion": "TLS1_0",
          "allowBlobPublicAccess": true,
          "networkAcls": {
            "bypass": "AzureServices",
            "virtualNetworkRules": [],
            "ipRules": [],
            "defaultAction": "Allow"
          },
          "supportsHttpsTrafficOnly": true,
          "encryption": {
            "services": {
              "file": {
                "keyType": "Account",
                "enabled": true,
                "lastEnabledTime": "2022-06-10T08:02:09.7490435Z"
              },
              "blob": {
                "keyType": "Account",
                "enabled": true,
                "lastEnabledTime": "2022-06-10T08:02:09.7490435Z"
              }
            },
            "keySource": "Microsoft.Storage"
          },
          "provisioningState": "Succeeded",
          "creationTime": "2022-06-10T08:02:09.5927807Z",
          "primaryEndpoints": {
            "blob": "https://teststoragemgmt5572.blob.core.windows.net/",
            "queue": "https://teststoragemgmt5572.queue.core.windows.net/",
            "table": "https://teststoragemgmt5572.table.core.windows.net/",
            "file": "https://teststoragemgmt5572.file.core.windows.net/"
          },
          "primaryLocation": "eastus2",
          "statusOfPrimary": "available",
          "secondaryLocation": "centralus",
          "statusOfSecondary": "available"
        }
      }
    },
    {
      "RequestUri": "https://management.azure.com/subscriptions/db1ab6f0-4769-4b27-930e-01e2ef9c123c/resourceGroups/teststorageRG-6022/providers/Microsoft.Storage/storageAccounts/teststoragemgmt5572?api-version=2021-09-01",
      "RequestMethod": "PATCH",
      "RequestHeaders": {
        "Accept": "application/json",
        "Authorization": "Sanitized",
        "Content-Length": "100",
        "Content-Type": "application/json",
        "traceparent": "00-48a046351ff775b7e8a4ab76fa41f61a-1c70f8501743819c-00",
        "User-Agent": "azsdk-net-ResourceManager.Storage/1.0.0-alpha.20220610.1 (.NET 6.0.5; Microsoft Windows 10.0.22621)",
        "x-ms-client-request-id": "aac513fa4d6703f55e5153e9c8fe54df",
        "x-ms-return-client-request-id": "true"
      },
      "RequestBody": {
        "properties": {
          "encryption": {
            "services": {
              "blob": {
                "enabled": true
              }
            },
            "keySource": "Microsoft.Storage"
          }
        }
      },
      "StatusCode": 200,
      "ResponseHeaders": {
        "Cache-Control": "no-cache",
        "Content-Length": "1404",
        "Content-Type": "application/json",
        "Date": "Fri, 10 Jun 2022 08:02:33 GMT",
        "Expires": "-1",
        "Pragma": "no-cache",
        "Server": "Microsoft-Azure-Storage-Resource-Provider/1.0,Microsoft-HTTPAPI/2.0 Microsoft-HTTPAPI/2.0",
        "Strict-Transport-Security": "max-age=31536000; includeSubDomains",
        "X-Content-Type-Options": "nosniff",
        "x-ms-client-request-id": "aac513fa4d6703f55e5153e9c8fe54df",
        "x-ms-correlation-request-id": "8dd4e950-c92b-44a4-adfb-5e8e14bce850",
        "x-ms-ratelimit-remaining-subscription-writes": "1177",
        "x-ms-request-id": "c764a061-210f-4b1c-a177-2090bb9d7c99",
        "x-ms-routing-request-id": "SOUTHEASTASIA:20220610T080233Z:8dd4e950-c92b-44a4-adfb-5e8e14bce850"
      },
      "ResponseBody": {
        "sku": {
          "name": "Standard_GRS",
          "tier": "Standard"
        },
        "kind": "Storage",
        "id": "/subscriptions/db1ab6f0-4769-4b27-930e-01e2ef9c123c/resourceGroups/teststorageRG-6022/providers/Microsoft.Storage/storageAccounts/teststoragemgmt5572",
        "name": "teststoragemgmt5572",
        "type": "Microsoft.Storage/storageAccounts",
        "location": "eastus2",
        "tags": {
          "key1": "value1",
          "key2": "value2"
        },
        "properties": {
          "keyCreationTime": {
            "key1": "2022-06-10T08:02:09.7490435Z",
            "key2": "2022-06-10T08:02:09.7490435Z"
          },
          "privateEndpointConnections": [],
          "minimumTlsVersion": "TLS1_0",
          "allowBlobPublicAccess": true,
          "networkAcls": {
            "bypass": "AzureServices",
            "virtualNetworkRules": [],
            "ipRules": [],
            "defaultAction": "Allow"
          },
          "supportsHttpsTrafficOnly": true,
          "encryption": {
            "services": {
              "file": {
                "keyType": "Account",
                "enabled": true,
                "lastEnabledTime": "2022-06-10T08:02:09.7490435Z"
              },
              "blob": {
                "keyType": "Account",
                "enabled": true,
                "lastEnabledTime": "2022-06-10T08:02:09.7490435Z"
              }
            },
            "keySource": "Microsoft.Storage"
          },
          "provisioningState": "Succeeded",
          "creationTime": "2022-06-10T08:02:09.5927807Z",
          "primaryEndpoints": {
            "blob": "https://teststoragemgmt5572.blob.core.windows.net/",
            "queue": "https://teststoragemgmt5572.queue.core.windows.net/",
            "table": "https://teststoragemgmt5572.table.core.windows.net/",
            "file": "https://teststoragemgmt5572.file.core.windows.net/"
          },
          "primaryLocation": "eastus2",
          "statusOfPrimary": "available",
          "secondaryLocation": "centralus",
          "statusOfSecondary": "available"
        }
      }
    },
    {
      "RequestUri": "https://management.azure.com/subscriptions/db1ab6f0-4769-4b27-930e-01e2ef9c123c/resourceGroups/teststorageRG-6022/providers/Microsoft.Storage/storageAccounts/teststoragemgmt5572?api-version=2021-09-01",
      "RequestMethod": "GET",
      "RequestHeaders": {
        "Accept": "application/json",
        "Authorization": "Sanitized",
        "traceparent": "00-c9304cb268078d35e6dda04b0617a513-38b1d20d935c702c-00",
        "User-Agent": "azsdk-net-ResourceManager.Storage/1.0.0-alpha.20220610.1 (.NET 6.0.5; Microsoft Windows 10.0.22621)",
        "x-ms-client-request-id": "4a8edce1f214d12110c9f606b704ae7e",
        "x-ms-return-client-request-id": "true"
      },
      "RequestBody": null,
      "StatusCode": 200,
      "ResponseHeaders": {
        "Cache-Control": "no-cache",
        "Content-Length": "1404",
        "Content-Type": "application/json",
        "Date": "Fri, 10 Jun 2022 08:02:34 GMT",
        "Expires": "-1",
        "Pragma": "no-cache",
        "Server": "Microsoft-Azure-Storage-Resource-Provider/1.0,Microsoft-HTTPAPI/2.0 Microsoft-HTTPAPI/2.0",
        "Strict-Transport-Security": "max-age=31536000; includeSubDomains",
        "X-Content-Type-Options": "nosniff",
        "x-ms-client-request-id": "4a8edce1f214d12110c9f606b704ae7e",
        "x-ms-correlation-request-id": "f97d6ee3-8aa9-4cac-980b-9e717706e4a8",
        "x-ms-ratelimit-remaining-subscription-reads": "11940",
        "x-ms-request-id": "e6a34484-ffe7-4992-a5b6-9f0c8ca91471",
        "x-ms-routing-request-id": "SOUTHEASTASIA:20220610T080234Z:f97d6ee3-8aa9-4cac-980b-9e717706e4a8"
      },
      "ResponseBody": {
        "sku": {
          "name": "Standard_GRS",
          "tier": "Standard"
        },
        "kind": "Storage",
        "id": "/subscriptions/db1ab6f0-4769-4b27-930e-01e2ef9c123c/resourceGroups/teststorageRG-6022/providers/Microsoft.Storage/storageAccounts/teststoragemgmt5572",
        "name": "teststoragemgmt5572",
        "type": "Microsoft.Storage/storageAccounts",
        "location": "eastus2",
        "tags": {
          "key1": "value1",
          "key2": "value2"
        },
        "properties": {
          "keyCreationTime": {
            "key1": "2022-06-10T08:02:09.7490435Z",
            "key2": "2022-06-10T08:02:09.7490435Z"
          },
          "privateEndpointConnections": [],
          "minimumTlsVersion": "TLS1_0",
          "allowBlobPublicAccess": true,
          "networkAcls": {
            "bypass": "AzureServices",
            "virtualNetworkRules": [],
            "ipRules": [],
            "defaultAction": "Allow"
          },
          "supportsHttpsTrafficOnly": true,
          "encryption": {
            "services": {
              "file": {
                "keyType": "Account",
                "enabled": true,
                "lastEnabledTime": "2022-06-10T08:02:09.7490435Z"
              },
              "blob": {
                "keyType": "Account",
                "enabled": true,
                "lastEnabledTime": "2022-06-10T08:02:09.7490435Z"
              }
            },
            "keySource": "Microsoft.Storage"
          },
          "provisioningState": "Succeeded",
          "creationTime": "2022-06-10T08:02:09.5927807Z",
          "primaryEndpoints": {
            "blob": "https://teststoragemgmt5572.blob.core.windows.net/",
            "queue": "https://teststoragemgmt5572.queue.core.windows.net/",
            "table": "https://teststoragemgmt5572.table.core.windows.net/",
            "file": "https://teststoragemgmt5572.file.core.windows.net/"
          },
          "primaryLocation": "eastus2",
          "statusOfPrimary": "available",
          "secondaryLocation": "centralus",
          "statusOfSecondary": "available"
        }
      }
    },
    {
      "RequestUri": "https://management.azure.com/subscriptions/db1ab6f0-4769-4b27-930e-01e2ef9c123c/resourceGroups/teststorageRG-6022/providers/Microsoft.Storage/storageAccounts?api-version=2021-09-01",
      "RequestMethod": "GET",
      "RequestHeaders": {
        "Accept": "application/json",
        "Authorization": "Sanitized",
        "traceparent": "00-d76aff2d2e24da20b290a52b2b708474-c835ce23a34dff8f-00",
        "User-Agent": "azsdk-net-ResourceManager.Storage/1.0.0-alpha.20220610.1 (.NET 6.0.5; Microsoft Windows 10.0.22621)",
        "x-ms-client-request-id": "b0cd418efcb359e36143ccb6b5806215",
        "x-ms-return-client-request-id": "true"
      },
      "RequestBody": null,
      "StatusCode": 200,
      "ResponseHeaders": {
        "Cache-Control": "no-cache",
        "Content-Length": "1416",
        "Content-Type": "application/json",
        "Date": "Fri, 10 Jun 2022 08:02:34 GMT",
        "Expires": "-1",
        "Pragma": "no-cache",
        "Server": "Microsoft-Azure-Storage-Resource-Provider/1.0,Microsoft-HTTPAPI/2.0 Microsoft-HTTPAPI/2.0",
        "Strict-Transport-Security": "max-age=31536000; includeSubDomains",
        "X-Content-Type-Options": "nosniff",
        "x-ms-client-request-id": "b0cd418efcb359e36143ccb6b5806215",
        "x-ms-correlation-request-id": "8719a6b9-4295-4c05-8de0-5f7d99ef439b",
        "x-ms-ratelimit-remaining-subscription-reads": "11939",
        "x-ms-request-id": "d4d28fff-decc-4fd6-acc1-b35069b30670",
        "x-ms-routing-request-id": "SOUTHEASTASIA:20220610T080234Z:8719a6b9-4295-4c05-8de0-5f7d99ef439b"
      },
      "ResponseBody": {
        "value": [
          {
            "sku": {
              "name": "Standard_GRS",
              "tier": "Standard"
            },
            "kind": "Storage",
            "id": "/subscriptions/db1ab6f0-4769-4b27-930e-01e2ef9c123c/resourceGroups/teststorageRG-6022/providers/Microsoft.Storage/storageAccounts/teststoragemgmt5572",
            "name": "teststoragemgmt5572",
            "type": "Microsoft.Storage/storageAccounts",
            "location": "eastus2",
            "tags": {
              "key1": "value1",
              "key2": "value2"
            },
            "properties": {
              "keyCreationTime": {
                "key1": "2022-06-10T08:02:09.7490435Z",
                "key2": "2022-06-10T08:02:09.7490435Z"
              },
              "privateEndpointConnections": [],
              "minimumTlsVersion": "TLS1_0",
              "allowBlobPublicAccess": true,
              "networkAcls": {
                "bypass": "AzureServices",
                "virtualNetworkRules": [],
                "ipRules": [],
                "defaultAction": "Allow"
              },
              "supportsHttpsTrafficOnly": true,
              "encryption": {
                "services": {
                  "file": {
                    "keyType": "Account",
                    "enabled": true,
                    "lastEnabledTime": "2022-06-10T08:02:09.7490435Z"
                  },
                  "blob": {
                    "keyType": "Account",
                    "enabled": true,
                    "lastEnabledTime": "2022-06-10T08:02:09.7490435Z"
                  }
                },
                "keySource": "Microsoft.Storage"
              },
              "provisioningState": "Succeeded",
              "creationTime": "2022-06-10T08:02:09.5927807Z",
              "primaryEndpoints": {
                "blob": "https://teststoragemgmt5572.blob.core.windows.net/",
                "queue": "https://teststoragemgmt5572.queue.core.windows.net/",
                "table": "https://teststoragemgmt5572.table.core.windows.net/",
                "file": "https://teststoragemgmt5572.file.core.windows.net/"
              },
              "primaryLocation": "eastus2",
              "statusOfPrimary": "available",
              "secondaryLocation": "centralus",
              "statusOfSecondary": "available"
            }
          }
        ]
      }
    },
    {
      "RequestUri": "https://management.azure.com/subscriptions/db1ab6f0-4769-4b27-930e-01e2ef9c123c/resourceGroups/teststorageRG-6022/providers/Microsoft.Storage/storageAccounts/teststoragemgmt5572?api-version=2021-09-01",
      "RequestMethod": "DELETE",
      "RequestHeaders": {
        "Authorization": "Sanitized",
        "traceparent": "00-16805a42e16483dcc1da768d154025d3-94ae9b86283f75dd-00",
        "User-Agent": "azsdk-net-ResourceManager.Storage/1.0.0-alpha.20220610.1 (.NET 6.0.5; Microsoft Windows 10.0.22621)",
        "x-ms-client-request-id": "84048a58600d07acf1f49a9e57ee4b59",
        "x-ms-return-client-request-id": "true"
      },
      "RequestBody": null,
      "StatusCode": 200,
      "ResponseHeaders": {
        "Cache-Control": "no-cache",
        "Content-Length": "0",
        "Content-Type": "text/plain; charset=utf-8",
        "Date": "Fri, 10 Jun 2022 08:02:39 GMT",
        "Expires": "-1",
        "Pragma": "no-cache",
        "Server": "Microsoft-Azure-Storage-Resource-Provider/1.0,Microsoft-HTTPAPI/2.0 Microsoft-HTTPAPI/2.0",
        "Strict-Transport-Security": "max-age=31536000; includeSubDomains",
        "X-Content-Type-Options": "nosniff",
        "x-ms-client-request-id": "84048a58600d07acf1f49a9e57ee4b59",
        "x-ms-correlation-request-id": "273dbaa2-0c20-45ec-9fa8-87c35e13e3c0",
        "x-ms-ratelimit-remaining-subscription-deletes": "14996",
        "x-ms-request-id": "b014de90-d939-493f-8556-8c7342481361",
        "x-ms-routing-request-id": "SOUTHEASTASIA:20220610T080239Z:273dbaa2-0c20-45ec-9fa8-87c35e13e3c0"
      },
      "ResponseBody": null
    }
  ],
  "Variables": {
    "RandomSeed": "1103865311",
    "RESOURCE_MANAGER_URL": null,
    "SUBSCRIPTION_ID": "db1ab6f0-4769-4b27-930e-01e2ef9c123c"
  }
}
