{
  "Entries": [
    {
      "RequestUri": "/subscriptions/0296790d-427c-48ca-b204-8b729bbd8670/resourcegroups/galleryPsTestRg9565?api-version=2017-05-10",
      "EncodedRequestUri": "L3N1YnNjcmlwdGlvbnMvMDI5Njc5MGQtNDI3Yy00OGNhLWIyMDQtOGI3MjliYmQ4NjcwL3Jlc291cmNlZ3JvdXBzL2dhbGxlcnlQc1Rlc3RSZzk1NjU/YXBpLXZlcnNpb249MjAxNy0wNS0xMA==",
      "RequestMethod": "PUT",
      "RequestBody": "{\r\n  \"location\": \"SoutheastAsia\",\r\n  \"tags\": {\r\n    \"galleryPsTestRg9565\": \"2020-12-01 20:27:14Z\"\r\n  }\r\n}",
      "RequestHeaders": {
        "x-ms-client-request-id": [
          "c912a119-7cfc-4f10-be5c-4d36bcd1adbe"
        ],
        "Accept-Language": [
          "en-US"
        ],
        "User-Agent": [
          "FxVersion/4.6.29321.03",
          "OSName/Windows",
          "OSVersion/Microsoft.Windows.10.0.19042.",
          "Microsoft.Azure.Management.ResourceManager.ResourceManagementClient/1.6.0.0"
        ],
        "Content-Type": [
          "application/json; charset=utf-8"
        ],
        "Content-Length": [
          "105"
        ]
      },
      "ResponseHeaders": {
        "Cache-Control": [
          "no-cache"
        ],
        "Pragma": [
          "no-cache"
        ],
        "x-ms-ratelimit-remaining-subscription-writes": [
          "1199"
        ],
        "x-ms-request-id": [
          "32c35cca-4d0f-4ca3-ae6d-d02cfb0a9c7f"
        ],
        "x-ms-correlation-request-id": [
          "32c35cca-4d0f-4ca3-ae6d-d02cfb0a9c7f"
        ],
        "x-ms-routing-request-id": [
          "WESTINDIA:20201201T202716Z:32c35cca-4d0f-4ca3-ae6d-d02cfb0a9c7f"
        ],
        "Strict-Transport-Security": [
          "max-age=31536000; includeSubDomains"
        ],
        "X-Content-Type-Options": [
          "nosniff"
        ],
        "Date": [
          "Tue, 01 Dec 2020 20:27:15 GMT"
        ],
        "Content-Length": [
          "252"
        ],
        "Content-Type": [
          "application/json; charset=utf-8"
        ],
        "Expires": [
          "-1"
        ]
      },
      "ResponseBody": "{\r\n  \"id\": \"/subscriptions/0296790d-427c-48ca-b204-8b729bbd8670/resourceGroups/galleryPsTestRg9565\",\r\n  \"name\": \"galleryPsTestRg9565\",\r\n  \"location\": \"southeastasia\",\r\n  \"tags\": {\r\n    \"galleryPsTestRg9565\": \"2020-12-01 20:27:14Z\"\r\n  },\r\n  \"properties\": {\r\n    \"provisioningState\": \"Succeeded\"\r\n  }\r\n}",
      "StatusCode": 201
    },
    {
      "RequestUri": "/subscriptions/0296790d-427c-48ca-b204-8b729bbd8670/resourceGroups/galleryPsTestRg9565/providers/Microsoft.Storage/storageAccounts/saforgallery6107?api-version=2015-06-15",
      "EncodedRequestUri": "L3N1YnNjcmlwdGlvbnMvMDI5Njc5MGQtNDI3Yy00OGNhLWIyMDQtOGI3MjliYmQ4NjcwL3Jlc291cmNlR3JvdXBzL2dhbGxlcnlQc1Rlc3RSZzk1NjUvcHJvdmlkZXJzL01pY3Jvc29mdC5TdG9yYWdlL3N0b3JhZ2VBY2NvdW50cy9zYWZvcmdhbGxlcnk2MTA3P2FwaS12ZXJzaW9uPTIwMTUtMDYtMTU=",
      "RequestMethod": "PUT",
      "RequestBody": "{\r\n  \"location\": \"SoutheastAsia\",\r\n  \"properties\": {\r\n    \"accountType\": \"Standard_GRS\"\r\n  }\r\n}",
      "RequestHeaders": {
        "x-ms-client-request-id": [
          "ff769bbb-ec53-4263-bede-818fd6f90f8a"
        ],
        "Accept-Language": [
          "en-US"
        ],
        "User-Agent": [
          "FxVersion/4.6.29321.03",
          "OSName/Windows",
          "OSVersion/Microsoft.Windows.10.0.19042.",
          "Microsoft.Azure.Management.Storage.StorageManagementClient/4.0.0.0"
        ],
        "Content-Type": [
          "application/json; charset=utf-8"
        ],
        "Content-Length": [
          "95"
        ]
      },
      "ResponseHeaders": {
        "Cache-Control": [
          "no-cache"
        ],
        "Pragma": [
          "no-cache"
        ],
        "Location": [
          "https://management.azure.com/subscriptions/0296790d-427c-48ca-b204-8b729bbd8670/providers/Microsoft.Storage/locations/southeastasia/asyncoperations/ba80e198-05e1-4635-b146-1a0e0f37f959?monitor=true&api-version=2015-06-15"
        ],
        "Retry-After": [
          "17"
        ],
        "x-ms-request-id": [
          "ba80e198-05e1-4635-b146-1a0e0f37f959"
        ],
        "Strict-Transport-Security": [
          "max-age=31536000; includeSubDomains"
        ],
        "Server": [
          "Microsoft-Azure-Storage-Resource-Provider/1.0,Microsoft-HTTPAPI/2.0 Microsoft-HTTPAPI/2.0"
        ],
        "x-ms-ratelimit-remaining-subscription-writes": [
          "1199"
        ],
        "x-ms-correlation-request-id": [
          "270590cc-9d2e-40ee-9538-22f59edd66ef"
        ],
        "x-ms-routing-request-id": [
          "WESTINDIA:20201201T202719Z:270590cc-9d2e-40ee-9538-22f59edd66ef"
        ],
        "X-Content-Type-Options": [
          "nosniff"
        ],
        "Date": [
          "Tue, 01 Dec 2020 20:27:19 GMT"
        ],
        "Content-Type": [
          "text/plain; charset=utf-8"
        ],
        "Expires": [
          "-1"
        ],
        "Content-Length": [
          "0"
        ]
      },
      "ResponseBody": "",
      "StatusCode": 202
    },
    {
      "RequestUri": "/subscriptions/0296790d-427c-48ca-b204-8b729bbd8670/providers/Microsoft.Storage/locations/southeastasia/asyncoperations/ba80e198-05e1-4635-b146-1a0e0f37f959?monitor=true&api-version=2015-06-15",
      "EncodedRequestUri": "L3N1YnNjcmlwdGlvbnMvMDI5Njc5MGQtNDI3Yy00OGNhLWIyMDQtOGI3MjliYmQ4NjcwL3Byb3ZpZGVycy9NaWNyb3NvZnQuU3RvcmFnZS9sb2NhdGlvbnMvc291dGhlYXN0YXNpYS9hc3luY29wZXJhdGlvbnMvYmE4MGUxOTgtMDVlMS00NjM1LWIxNDYtMWEwZTBmMzdmOTU5P21vbml0b3I9dHJ1ZSZhcGktdmVyc2lvbj0yMDE1LTA2LTE1",
      "RequestMethod": "GET",
      "RequestBody": "",
      "RequestHeaders": {
        "User-Agent": [
          "FxVersion/4.6.29321.03",
          "OSName/Windows",
          "OSVersion/Microsoft.Windows.10.0.19042.",
          "Microsoft.Azure.Management.Storage.StorageManagementClient/4.0.0.0"
        ]
      },
      "ResponseHeaders": {
        "Cache-Control": [
          "no-cache"
        ],
        "Pragma": [
          "no-cache"
        ],
        "x-ms-request-id": [
          "6ef29687-420e-4abf-a542-1933b4d7330d"
        ],
        "Strict-Transport-Security": [
          "max-age=31536000; includeSubDomains"
        ],
        "Server": [
          "Microsoft-Azure-Storage-Resource-Provider/1.0,Microsoft-HTTPAPI/2.0 Microsoft-HTTPAPI/2.0"
        ],
        "x-ms-ratelimit-remaining-subscription-reads": [
          "11999"
        ],
        "x-ms-correlation-request-id": [
          "5391ce7b-be64-470c-b172-78f7e8bfa74a"
        ],
        "x-ms-routing-request-id": [
          "WESTINDIA:20201201T202737Z:5391ce7b-be64-470c-b172-78f7e8bfa74a"
        ],
        "X-Content-Type-Options": [
          "nosniff"
        ],
        "Date": [
          "Tue, 01 Dec 2020 20:27:37 GMT"
        ],
        "Content-Length": [
          "95"
        ],
        "Content-Type": [
          "application/json"
        ],
        "Expires": [
          "-1"
        ]
      },
      "ResponseBody": "{\r\n  \"location\": \"SoutheastAsia\",\r\n  \"properties\": {\r\n    \"accountType\": \"Standard_GRS\"\r\n  }\r\n}",
      "StatusCode": 200
    },
    {
      "RequestUri": "/subscriptions/0296790d-427c-48ca-b204-8b729bbd8670/resourceGroups/galleryPsTestRg9565/providers/Microsoft.Storage/storageAccounts?api-version=2015-06-15",
      "EncodedRequestUri": "L3N1YnNjcmlwdGlvbnMvMDI5Njc5MGQtNDI3Yy00OGNhLWIyMDQtOGI3MjliYmQ4NjcwL3Jlc291cmNlR3JvdXBzL2dhbGxlcnlQc1Rlc3RSZzk1NjUvcHJvdmlkZXJzL01pY3Jvc29mdC5TdG9yYWdlL3N0b3JhZ2VBY2NvdW50cz9hcGktdmVyc2lvbj0yMDE1LTA2LTE1",
      "RequestMethod": "GET",
      "RequestBody": "",
      "RequestHeaders": {
        "x-ms-client-request-id": [
          "16832ede-2d37-4d84-98c3-41f12442c4dd"
        ],
        "Accept-Language": [
          "en-US"
        ],
        "User-Agent": [
          "FxVersion/4.6.29321.03",
          "OSName/Windows",
          "OSVersion/Microsoft.Windows.10.0.19042.",
          "Microsoft.Azure.Management.Storage.StorageManagementClient/4.0.0.0"
        ]
      },
      "ResponseHeaders": {
        "Cache-Control": [
          "no-cache"
        ],
        "Pragma": [
          "no-cache"
        ],
        "x-ms-request-id": [
          "e706d876-2cbe-45f6-b1ba-eadd42a9f586"
        ],
        "Strict-Transport-Security": [
          "max-age=31536000; includeSubDomains"
        ],
        "Server": [
          "Microsoft-Azure-Storage-Resource-Provider/1.0,Microsoft-HTTPAPI/2.0 Microsoft-HTTPAPI/2.0"
        ],
        "x-ms-ratelimit-remaining-subscription-reads": [
          "11998"
        ],
        "x-ms-correlation-request-id": [
          "2818f52e-8dba-48b4-8360-cba3f9a65dc0"
        ],
        "x-ms-routing-request-id": [
          "WESTINDIA:20201201T202747Z:2818f52e-8dba-48b4-8360-cba3f9a65dc0"
        ],
        "X-Content-Type-Options": [
          "nosniff"
        ],
        "Date": [
          "Tue, 01 Dec 2020 20:27:47 GMT"
        ],
        "Content-Length": [
          "776"
        ],
        "Content-Type": [
          "application/json"
        ],
        "Expires": [
          "-1"
        ]
      },
      "ResponseBody": "{\r\n  \"value\": [\r\n    {\r\n      \"id\": \"/subscriptions/0296790d-427c-48ca-b204-8b729bbd8670/resourceGroups/galleryPsTestRg9565/providers/Microsoft.Storage/storageAccounts/saforgallery6107\",\r\n      \"name\": \"saforgallery6107\",\r\n      \"type\": \"Microsoft.Storage/storageAccounts\",\r\n      \"location\": \"southeastasia\",\r\n      \"tags\": {},\r\n      \"properties\": {\r\n        \"accountType\": \"Standard_GRS\",\r\n        \"provisioningState\": \"Succeeded\",\r\n        \"creationTime\": \"2020-12-01T20:27:18.5293589Z\",\r\n        \"primaryEndpoints\": {\r\n          \"blob\": \"https://saforgallery6107.blob.core.windows.net/\",\r\n          \"queue\": \"https://saforgallery6107.queue.core.windows.net/\",\r\n          \"table\": \"https://saforgallery6107.table.core.windows.net/\",\r\n          \"file\": \"https://saforgallery6107.file.core.windows.net/\"\r\n        },\r\n        \"primaryLocation\": \"southeastasia\",\r\n        \"statusOfPrimary\": \"available\",\r\n        \"secondaryLocation\": \"eastasia\",\r\n        \"statusOfSecondary\": \"available\"\r\n      }\r\n    }\r\n  ]\r\n}",
      "StatusCode": 200
    },
    {
      "RequestUri": "/subscriptions/0296790d-427c-48ca-b204-8b729bbd8670/resourceGroups/galleryPsTestRg9565/providers/Microsoft.Storage/storageAccounts/saforgallery6107?api-version=2015-06-15",
      "EncodedRequestUri": "L3N1YnNjcmlwdGlvbnMvMDI5Njc5MGQtNDI3Yy00OGNhLWIyMDQtOGI3MjliYmQ4NjcwL3Jlc291cmNlR3JvdXBzL2dhbGxlcnlQc1Rlc3RSZzk1NjUvcHJvdmlkZXJzL01pY3Jvc29mdC5TdG9yYWdlL3N0b3JhZ2VBY2NvdW50cy9zYWZvcmdhbGxlcnk2MTA3P2FwaS12ZXJzaW9uPTIwMTUtMDYtMTU=",
      "RequestMethod": "GET",
      "RequestBody": "",
      "RequestHeaders": {
        "x-ms-client-request-id": [
          "2e93de37-e6ba-4fce-bb95-5d6c51b3a86e"
        ],
        "Accept-Language": [
          "en-US"
        ],
        "User-Agent": [
          "FxVersion/4.6.29321.03",
          "OSName/Windows",
          "OSVersion/Microsoft.Windows.10.0.19042.",
          "Microsoft.Azure.Management.Storage.StorageManagementClient/4.0.0.0"
        ]
      },
      "ResponseHeaders": {
        "Cache-Control": [
          "no-cache"
        ],
        "Pragma": [
          "no-cache"
        ],
        "x-ms-request-id": [
          "8a8da68d-e484-4ecc-ba44-b7d90c754908"
        ],
        "Strict-Transport-Security": [
          "max-age=31536000; includeSubDomains"
        ],
        "Server": [
          "Microsoft-Azure-Storage-Resource-Provider/1.0,Microsoft-HTTPAPI/2.0 Microsoft-HTTPAPI/2.0"
        ],
        "x-ms-ratelimit-remaining-subscription-reads": [
          "11997"
        ],
        "x-ms-correlation-request-id": [
          "8e81b6a3-57ab-4ac8-8f5f-9d5265b4cd97"
        ],
        "x-ms-routing-request-id": [
          "WESTINDIA:20201201T202747Z:8e81b6a3-57ab-4ac8-8f5f-9d5265b4cd97"
        ],
        "X-Content-Type-Options": [
          "nosniff"
        ],
        "Date": [
          "Tue, 01 Dec 2020 20:27:47 GMT"
        ],
        "Content-Length": [
          "764"
        ],
        "Content-Type": [
          "application/json"
        ],
        "Expires": [
          "-1"
        ]
      },
      "ResponseBody": "{\r\n  \"id\": \"/subscriptions/0296790d-427c-48ca-b204-8b729bbd8670/resourceGroups/galleryPsTestRg9565/providers/Microsoft.Storage/storageAccounts/saforgallery6107\",\r\n  \"name\": \"saforgallery6107\",\r\n  \"type\": \"Microsoft.Storage/storageAccounts\",\r\n  \"location\": \"southeastasia\",\r\n  \"tags\": {},\r\n  \"properties\": {\r\n    \"accountType\": \"Standard_GRS\",\r\n    \"provisioningState\": \"Succeeded\",\r\n    \"creationTime\": \"2020-12-01T20:27:18.5293589Z\",\r\n    \"primaryEndpoints\": {\r\n      \"blob\": \"https://saforgallery6107.blob.core.windows.net/\",\r\n      \"queue\": \"https://saforgallery6107.queue.core.windows.net/\",\r\n      \"table\": \"https://saforgallery6107.table.core.windows.net/\",\r\n      \"file\": \"https://saforgallery6107.file.core.windows.net/\"\r\n    },\r\n    \"primaryLocation\": \"southeastasia\",\r\n    \"statusOfPrimary\": \"available\",\r\n    \"secondaryLocation\": \"eastasia\",\r\n    \"statusOfSecondary\": \"available\"\r\n  }\r\n}",
      "StatusCode": 200
    },
    {
      "RequestUri": "/subscriptions/0296790d-427c-48ca-b204-8b729bbd8670/resourceGroups/galleryPsTestRg9565/providers/Microsoft.Storage/storageAccounts/saforgallery6107/listKeys?api-version=2015-06-15",
      "EncodedRequestUri": "L3N1YnNjcmlwdGlvbnMvMDI5Njc5MGQtNDI3Yy00OGNhLWIyMDQtOGI3MjliYmQ4NjcwL3Jlc291cmNlR3JvdXBzL2dhbGxlcnlQc1Rlc3RSZzk1NjUvcHJvdmlkZXJzL01pY3Jvc29mdC5TdG9yYWdlL3N0b3JhZ2VBY2NvdW50cy9zYWZvcmdhbGxlcnk2MTA3L2xpc3RLZXlzP2FwaS12ZXJzaW9uPTIwMTUtMDYtMTU=",
      "RequestMethod": "POST",
      "RequestBody": "",
      "RequestHeaders": {
        "x-ms-client-request-id": [
          "4e28632e-a6a6-4ee0-9f31-315adc5ce922"
        ],
        "Accept-Language": [
          "en-US"
        ],
        "User-Agent": [
          "FxVersion/4.6.29321.03",
          "OSName/Windows",
          "OSVersion/Microsoft.Windows.10.0.19042.",
          "Microsoft.Azure.Management.Storage.StorageManagementClient/4.0.0.0"
        ]
      },
      "ResponseHeaders": {
        "Cache-Control": [
          "no-cache"
        ],
        "Pragma": [
          "no-cache"
        ],
        "x-ms-request-id": [
          "ecc75a8f-b0fc-4897-bce2-c8bc983d138f"
        ],
        "Strict-Transport-Security": [
          "max-age=31536000; includeSubDomains"
        ],
        "Server": [
          "Microsoft-Azure-Storage-Resource-Provider/1.0,Microsoft-HTTPAPI/2.0 Microsoft-HTTPAPI/2.0"
        ],
        "x-ms-ratelimit-remaining-subscription-resource-requests": [
          "11999"
        ],
        "x-ms-correlation-request-id": [
          "6ed78861-0166-4d8b-a74d-8d35c6269d2d"
        ],
        "x-ms-routing-request-id": [
          "WESTINDIA:20201201T202747Z:6ed78861-0166-4d8b-a74d-8d35c6269d2d"
        ],
        "X-Content-Type-Options": [
          "nosniff"
        ],
        "Date": [
          "Tue, 01 Dec 2020 20:27:47 GMT"
        ],
        "Content-Length": [
          "197"
        ],
        "Content-Type": [
          "application/json"
        ],
        "Expires": [
          "-1"
        ]
      },
      "ResponseBody": "{\r\n  \"key1\": \"dIN81RTI0D5mBlRxs/DrYawtvZDIsU+Cu2Zf1xpQPrCtG7ckwgfv9K+4WAZ6C085tVVwqWAfsIX24YIRRnCs0A==\",\r\n  \"key2\": \"mpAzCgYsw1Yw7QogRjJ15aNEhlf099DzQI0ala+JnPM6n5n1OdRxolJHDrt1AAw3XT+II0fespalOrqqxEg3GA==\"\r\n}",
      "StatusCode": 200
    },
    {
      "RequestUri": "/subscriptions/0296790d-427c-48ca-b204-8b729bbd8670/resourceGroups/galleryPsTestRg9565/providers/Microsoft.Compute/galleries/galleryPsTestGallery9686?api-version=2020-09-30",
      "EncodedRequestUri": "L3N1YnNjcmlwdGlvbnMvMDI5Njc5MGQtNDI3Yy00OGNhLWIyMDQtOGI3MjliYmQ4NjcwL3Jlc291cmNlR3JvdXBzL2dhbGxlcnlQc1Rlc3RSZzk1NjUvcHJvdmlkZXJzL01pY3Jvc29mdC5Db21wdXRlL2dhbGxlcmllcy9nYWxsZXJ5UHNUZXN0R2FsbGVyeTk2ODY/YXBpLXZlcnNpb249MjAyMC0wOS0zMA==",
      "RequestMethod": "PUT",
      "RequestBody": "{\r\n  \"properties\": {\r\n    \"description\": \"This is a sample gallery description\"\r\n  },\r\n  \"location\": \"SoutheastAsia\"\r\n}",
      "RequestHeaders": {
        "x-ms-client-request-id": [
          "ccf375f4-21f9-4f01-9943-117115dca103"
        ],
        "Accept-Language": [
          "en-US"
        ],
        "User-Agent": [
          "FxVersion/4.6.29321.03",
          "OSName/Windows",
          "OSVersion/Microsoft.Windows.10.0.19042.",
          "Microsoft.Azure.Management.Compute.ComputeManagementClient/42.0.0.0"
        ],
        "Content-Type": [
          "application/json; charset=utf-8"
        ],
        "Content-Length": [
          "119"
        ]
      },
      "ResponseHeaders": {
        "Cache-Control": [
          "no-cache"
        ],
        "Pragma": [
          "no-cache"
        ],
        "Azure-AsyncOperation": [
          "https://management.azure.com/subscriptions/0296790d-427c-48ca-b204-8b729bbd8670/providers/Microsoft.Compute/locations/southeastasia/capsOperations/850f04bb-753a-4373-95cf-43be4034c1eb?api-version=2020-09-30"
        ],
        "x-ms-ratelimit-remaining-resource": [
          "Microsoft.Compute/CreateUpdateGallery3Min;49,Microsoft.Compute/CreateUpdateGallery30Min;299"
        ],
        "Strict-Transport-Security": [
          "max-age=31536000; includeSubDomains"
        ],
        "x-ms-served-by": [
          "e49ba983-e5f9-41f1-955c-c34884d47cef_132490453051054599,e49ba983-e5f9-41f1-955c-c34884d47cef_132490453051054599"
        ],
        "x-ms-request-id": [
          "850f04bb-753a-4373-95cf-43be4034c1eb"
        ],
        "Server": [
          "Microsoft-HTTPAPI/2.0",
          "Microsoft-HTTPAPI/2.0"
        ],
        "x-ms-ratelimit-remaining-subscription-writes": [
          "1199"
        ],
        "x-ms-correlation-request-id": [
          "a8df1e4e-7029-4a4b-a65c-1147bce8a137"
        ],
        "x-ms-routing-request-id": [
          "WESTINDIA:20201201T202754Z:a8df1e4e-7029-4a4b-a65c-1147bce8a137"
        ],
        "X-Content-Type-Options": [
          "nosniff"
        ],
        "Date": [
          "Tue, 01 Dec 2020 20:27:53 GMT"
        ],
        "Content-Length": [
          "579"
        ],
        "Content-Type": [
          "application/json; charset=utf-8"
        ],
        "Expires": [
          "-1"
        ]
      },
      "ResponseBody": "{\r\n  \"name\": \"galleryPsTestGallery9686\",\r\n  \"id\": \"/subscriptions/0296790d-427c-48ca-b204-8b729bbd8670/resourceGroups/galleryPsTestRg9565/providers/Microsoft.Compute/galleries/galleryPsTestGallery9686\",\r\n  \"type\": \"Microsoft.Compute/galleries\",\r\n  \"location\": \"southeastasia\",\r\n  \"properties\": {\r\n    \"description\": \"This is a sample gallery description\",\r\n    \"identifier\": {\r\n      \"uniqueName\": \"0296790d-427c-48ca-b204-8b729bbd8670-GALLERYPSTESTGALLERY9686\"\r\n    },\r\n    \"sharingProfile\": {\r\n      \"permissions\": \"Private\"\r\n    },\r\n    \"provisioningState\": \"Creating\"\r\n  }\r\n}",
      "StatusCode": 201
    },
    {
      "RequestUri": "/subscriptions/0296790d-427c-48ca-b204-8b729bbd8670/providers/Microsoft.Compute/locations/southeastasia/capsOperations/850f04bb-753a-4373-95cf-43be4034c1eb?api-version=2020-09-30",
      "EncodedRequestUri": "L3N1YnNjcmlwdGlvbnMvMDI5Njc5MGQtNDI3Yy00OGNhLWIyMDQtOGI3MjliYmQ4NjcwL3Byb3ZpZGVycy9NaWNyb3NvZnQuQ29tcHV0ZS9sb2NhdGlvbnMvc291dGhlYXN0YXNpYS9jYXBzT3BlcmF0aW9ucy84NTBmMDRiYi03NTNhLTQzNzMtOTVjZi00M2JlNDAzNGMxZWI/YXBpLXZlcnNpb249MjAyMC0wOS0zMA==",
      "RequestMethod": "GET",
      "RequestBody": "",
      "RequestHeaders": {
        "User-Agent": [
          "FxVersion/4.6.29321.03",
          "OSName/Windows",
          "OSVersion/Microsoft.Windows.10.0.19042.",
          "Microsoft.Azure.Management.Compute.ComputeManagementClient/42.0.0.0"
        ]
      },
      "ResponseHeaders": {
        "Cache-Control": [
          "no-cache"
        ],
        "Pragma": [
          "no-cache"
        ],
        "x-ms-ratelimit-remaining-resource": [
          "Microsoft.Compute/GetOperationStatus3Min;1198,Microsoft.Compute/GetOperationStatus30Min;4198"
        ],
        "Strict-Transport-Security": [
          "max-age=31536000; includeSubDomains"
        ],
        "x-ms-served-by": [
          "e49ba983-e5f9-41f1-955c-c34884d47cef_132490453051054599,e49ba983-e5f9-41f1-955c-c34884d47cef_132490453051054599"
        ],
        "x-ms-request-id": [
          "ab329293-d293-419e-90af-4d4d82ae671d"
        ],
        "Server": [
          "Microsoft-HTTPAPI/2.0",
          "Microsoft-HTTPAPI/2.0"
        ],
        "x-ms-ratelimit-remaining-subscription-reads": [
          "11999"
        ],
        "x-ms-correlation-request-id": [
          "fd3903bd-ea77-4174-b331-4784197d050e"
        ],
        "x-ms-routing-request-id": [
          "WESTINDIA:20201201T202824Z:fd3903bd-ea77-4174-b331-4784197d050e"
        ],
        "X-Content-Type-Options": [
          "nosniff"
        ],
        "Date": [
          "Tue, 01 Dec 2020 20:28:23 GMT"
        ],
        "Content-Length": [
          "183"
        ],
        "Content-Type": [
          "application/json; charset=utf-8"
        ],
        "Expires": [
          "-1"
        ]
      },
      "ResponseBody": "{\r\n  \"startTime\": \"2020-12-02T01:57:53.434483+05:30\",\r\n  \"endTime\": \"2020-12-02T01:57:54.2157409+05:30\",\r\n  \"status\": \"Succeeded\",\r\n  \"name\": \"850f04bb-753a-4373-95cf-43be4034c1eb\"\r\n}",
      "StatusCode": 200
    },
    {
      "RequestUri": "/subscriptions/0296790d-427c-48ca-b204-8b729bbd8670/resourceGroups/galleryPsTestRg9565/providers/Microsoft.Compute/galleries/galleryPsTestGallery9686?api-version=2020-09-30",
      "EncodedRequestUri": "L3N1YnNjcmlwdGlvbnMvMDI5Njc5MGQtNDI3Yy00OGNhLWIyMDQtOGI3MjliYmQ4NjcwL3Jlc291cmNlR3JvdXBzL2dhbGxlcnlQc1Rlc3RSZzk1NjUvcHJvdmlkZXJzL01pY3Jvc29mdC5Db21wdXRlL2dhbGxlcmllcy9nYWxsZXJ5UHNUZXN0R2FsbGVyeTk2ODY/YXBpLXZlcnNpb249MjAyMC0wOS0zMA==",
      "RequestMethod": "GET",
      "RequestBody": "",
      "RequestHeaders": {
        "User-Agent": [
          "FxVersion/4.6.29321.03",
          "OSName/Windows",
          "OSVersion/Microsoft.Windows.10.0.19042.",
          "Microsoft.Azure.Management.Compute.ComputeManagementClient/42.0.0.0"
        ]
      },
      "ResponseHeaders": {
        "Cache-Control": [
          "no-cache"
        ],
        "Pragma": [
          "no-cache"
        ],
        "x-ms-ratelimit-remaining-resource": [
          "Microsoft.Compute/GetGallery3Min;346,Microsoft.Compute/GetGallery30Min;2496"
        ],
        "Strict-Transport-Security": [
          "max-age=31536000; includeSubDomains"
        ],
        "x-ms-served-by": [
          "e49ba983-e5f9-41f1-955c-c34884d47cef_132490453051054599,e49ba983-e5f9-41f1-955c-c34884d47cef_132490453051054599"
        ],
        "x-ms-request-id": [
          "e9860712-6e0a-49c3-99f7-312d9233e092"
        ],
        "Server": [
          "Microsoft-HTTPAPI/2.0",
          "Microsoft-HTTPAPI/2.0"
        ],
        "x-ms-ratelimit-remaining-subscription-reads": [
          "11998"
        ],
        "x-ms-correlation-request-id": [
          "dce6af64-6a5f-44ce-bfec-7569e18f0086"
        ],
        "x-ms-routing-request-id": [
          "WESTINDIA:20201201T202824Z:dce6af64-6a5f-44ce-bfec-7569e18f0086"
        ],
        "X-Content-Type-Options": [
          "nosniff"
        ],
        "Date": [
          "Tue, 01 Dec 2020 20:28:23 GMT"
        ],
        "Content-Length": [
          "515"
        ],
        "Content-Type": [
          "application/json; charset=utf-8"
        ],
        "Expires": [
          "-1"
        ]
      },
      "ResponseBody": "{\r\n  \"name\": \"galleryPsTestGallery9686\",\r\n  \"id\": \"/subscriptions/0296790d-427c-48ca-b204-8b729bbd8670/resourceGroups/galleryPsTestRg9565/providers/Microsoft.Compute/galleries/galleryPsTestGallery9686\",\r\n  \"type\": \"Microsoft.Compute/galleries\",\r\n  \"location\": \"southeastasia\",\r\n  \"properties\": {\r\n    \"description\": \"This is a sample gallery description\",\r\n    \"identifier\": {\r\n      \"uniqueName\": \"0296790d-427c-48ca-b204-8b729bbd8670-GALLERYPSTESTGALLERY9686\"\r\n    },\r\n    \"provisioningState\": \"Succeeded\"\r\n  }\r\n}",
      "StatusCode": 200
    },
    {
      "RequestUri": "/subscriptions/0296790d-427c-48ca-b204-8b729bbd8670/resourceGroups/galleryPsTestRg9565/providers/Microsoft.Compute/galleries/galleryPsTestGallery9686/applications/galleryPsTestGalleryApplication2323?api-version=2020-09-30",
      "EncodedRequestUri": "L3N1YnNjcmlwdGlvbnMvMDI5Njc5MGQtNDI3Yy00OGNhLWIyMDQtOGI3MjliYmQ4NjcwL3Jlc291cmNlR3JvdXBzL2dhbGxlcnlQc1Rlc3RSZzk1NjUvcHJvdmlkZXJzL01pY3Jvc29mdC5Db21wdXRlL2dhbGxlcmllcy9nYWxsZXJ5UHNUZXN0R2FsbGVyeTk2ODYvYXBwbGljYXRpb25zL2dhbGxlcnlQc1Rlc3RHYWxsZXJ5QXBwbGljYXRpb24yMzIzP2FwaS12ZXJzaW9uPTIwMjAtMDktMzA=",
      "RequestMethod": "PUT",
      "RequestBody": "{\r\n  \"properties\": {\r\n    \"description\": \"This is the gallery application description.\",\r\n    \"eula\": \"This is the gallery application EULA.\",\r\n    \"privacyStatementUri\": \"www.privacystatement.com\",\r\n    \"releaseNoteUri\": \"www.releasenote.com\",\r\n    \"supportedOSType\": \"Windows\"\r\n  },\r\n  \"location\": \"SoutheastAsia\"\r\n}",
      "RequestHeaders": {
        "x-ms-client-request-id": [
          "8fe327fb-c095-417e-a34d-aa0561f3c42e"
        ],
        "Accept-Language": [
          "en-US"
        ],
        "User-Agent": [
          "FxVersion/4.6.29321.03",
          "OSName/Windows",
          "OSVersion/Microsoft.Windows.10.0.19042.",
          "Microsoft.Azure.Management.Compute.ComputeManagementClient/42.0.0.0"
        ],
        "Content-Type": [
          "application/json; charset=utf-8"
        ],
        "Content-Length": [
          "318"
        ]
      },
      "ResponseHeaders": {
        "Cache-Control": [
          "no-cache"
        ],
        "Pragma": [
          "no-cache"
        ],
        "x-ms-ratelimit-remaining-resource": [
          "Microsoft.Compute/CreateUpdateGalleryApplication3Min;149,Microsoft.Compute/CreateUpdateGalleryApplication30Min;749"
        ],
        "Strict-Transport-Security": [
          "max-age=31536000; includeSubDomains"
        ],
        "x-ms-served-by": [
          "e49ba983-e5f9-41f1-955c-c34884d47cef_132490453051054599,e49ba983-e5f9-41f1-955c-c34884d47cef_132490453051054599"
        ],
        "x-ms-request-id": [
          "5260eb45-bae3-451c-8fd0-52dd439a0473"
        ],
        "Server": [
          "Microsoft-HTTPAPI/2.0",
          "Microsoft-HTTPAPI/2.0"
        ],
        "x-ms-ratelimit-remaining-subscription-writes": [
          "1198"
        ],
        "x-ms-correlation-request-id": [
          "52fa3e95-c2c4-4967-9e82-1b734e0c6b55"
        ],
        "x-ms-routing-request-id": [
          "WESTINDIA:20201201T202824Z:52fa3e95-c2c4-4967-9e82-1b734e0c6b55"
        ],
        "X-Content-Type-Options": [
          "nosniff"
        ],
        "Date": [
          "Tue, 01 Dec 2020 20:28:24 GMT"
        ],
        "Content-Length": [
          "634"
        ],
        "Content-Type": [
          "application/json; charset=utf-8"
        ],
        "Expires": [
          "-1"
        ]
      },
      "ResponseBody": "{\r\n  \"name\": \"galleryPsTestGalleryApplication2323\",\r\n  \"id\": \"/subscriptions/0296790d-427c-48ca-b204-8b729bbd8670/resourceGroups/galleryPsTestRg9565/providers/Microsoft.Compute/galleries/galleryPsTestGallery9686/applications/galleryPsTestGalleryApplication2323\",\r\n  \"type\": \"Microsoft.Compute/galleries/applications\",\r\n  \"location\": \"southeastasia\",\r\n  \"properties\": {\r\n    \"supportedOSType\": \"Windows\",\r\n    \"description\": \"This is the gallery application description.\",\r\n    \"eula\": \"This is the gallery application EULA.\",\r\n    \"privacyStatementUri\": \"www.privacystatement.com\",\r\n    \"releaseNoteUri\": \"www.releasenote.com\"\r\n  }\r\n}",
      "StatusCode": 201
    },
    {
      "RequestUri": "/subscriptions/0296790d-427c-48ca-b204-8b729bbd8670/resourceGroups/galleryPsTestRg9565/providers/Microsoft.Compute/galleries/galleryPsTestGallery9686/applications/galleryPsTestGalleryApplication2323?api-version=2020-09-30",
      "EncodedRequestUri": "L3N1YnNjcmlwdGlvbnMvMDI5Njc5MGQtNDI3Yy00OGNhLWIyMDQtOGI3MjliYmQ4NjcwL3Jlc291cmNlR3JvdXBzL2dhbGxlcnlQc1Rlc3RSZzk1NjUvcHJvdmlkZXJzL01pY3Jvc29mdC5Db21wdXRlL2dhbGxlcmllcy9nYWxsZXJ5UHNUZXN0R2FsbGVyeTk2ODYvYXBwbGljYXRpb25zL2dhbGxlcnlQc1Rlc3RHYWxsZXJ5QXBwbGljYXRpb24yMzIzP2FwaS12ZXJzaW9uPTIwMjAtMDktMzA=",
      "RequestMethod": "GET",
      "RequestBody": "",
      "RequestHeaders": {
        "User-Agent": [
          "FxVersion/4.6.29321.03",
          "OSName/Windows",
          "OSVersion/Microsoft.Windows.10.0.19042.",
          "Microsoft.Azure.Management.Compute.ComputeManagementClient/42.0.0.0"
        ]
      },
      "ResponseHeaders": {
        "Cache-Control": [
          "no-cache"
        ],
        "Pragma": [
          "no-cache"
        ],
        "x-ms-ratelimit-remaining-resource": [
          "Microsoft.Compute/GetGalleryApplication3Min;298,Microsoft.Compute/GetGalleryApplication30Min;1998"
        ],
        "Strict-Transport-Security": [
          "max-age=31536000; includeSubDomains"
        ],
        "x-ms-served-by": [
          "e49ba983-e5f9-41f1-955c-c34884d47cef_132490453051054599,e49ba983-e5f9-41f1-955c-c34884d47cef_132490453051054599"
        ],
        "x-ms-request-id": [
          "19ab6b9f-99c9-495b-9bfa-5cabe2ae0b55"
        ],
        "Server": [
          "Microsoft-HTTPAPI/2.0",
          "Microsoft-HTTPAPI/2.0"
        ],
        "x-ms-ratelimit-remaining-subscription-reads": [
          "11997"
        ],
        "x-ms-correlation-request-id": [
          "39c437ea-7d78-49ad-8a50-770c55fbdb62"
        ],
        "x-ms-routing-request-id": [
          "WESTINDIA:20201201T202854Z:39c437ea-7d78-49ad-8a50-770c55fbdb62"
        ],
        "X-Content-Type-Options": [
          "nosniff"
        ],
        "Date": [
          "Tue, 01 Dec 2020 20:28:54 GMT"
        ],
        "Content-Length": [
          "634"
        ],
        "Content-Type": [
          "application/json; charset=utf-8"
        ],
        "Expires": [
          "-1"
        ]
      },
      "ResponseBody": "{\r\n  \"name\": \"galleryPsTestGalleryApplication2323\",\r\n  \"id\": \"/subscriptions/0296790d-427c-48ca-b204-8b729bbd8670/resourceGroups/galleryPsTestRg9565/providers/Microsoft.Compute/galleries/galleryPsTestGallery9686/applications/galleryPsTestGalleryApplication2323\",\r\n  \"type\": \"Microsoft.Compute/galleries/applications\",\r\n  \"location\": \"southeastasia\",\r\n  \"properties\": {\r\n    \"supportedOSType\": \"Windows\",\r\n    \"description\": \"This is the gallery application description.\",\r\n    \"eula\": \"This is the gallery application EULA.\",\r\n    \"privacyStatementUri\": \"www.privacystatement.com\",\r\n    \"releaseNoteUri\": \"www.releasenote.com\"\r\n  }\r\n}",
      "StatusCode": 200
    },
    {
      "RequestUri": "/subscriptions/0296790d-427c-48ca-b204-8b729bbd8670/resourceGroups/galleryPsTestRg9565/providers/Microsoft.Compute/galleries/galleryPsTestGallery9686/applications/galleryPsTestGalleryApplication2323/versions/1.0.0?api-version=2020-09-30",
      "EncodedRequestUri": "L3N1YnNjcmlwdGlvbnMvMDI5Njc5MGQtNDI3Yy00OGNhLWIyMDQtOGI3MjliYmQ4NjcwL3Jlc291cmNlR3JvdXBzL2dhbGxlcnlQc1Rlc3RSZzk1NjUvcHJvdmlkZXJzL01pY3Jvc29mdC5Db21wdXRlL2dhbGxlcmllcy9nYWxsZXJ5UHNUZXN0R2FsbGVyeTk2ODYvYXBwbGljYXRpb25zL2dhbGxlcnlQc1Rlc3RHYWxsZXJ5QXBwbGljYXRpb24yMzIzL3ZlcnNpb25zLzEuMC4wP2FwaS12ZXJzaW9uPTIwMjAtMDktMzA=",
      "RequestMethod": "PUT",
      "RequestBody": "{\r\n  \"properties\": {\r\n    \"publishingProfile\": {\r\n      \"source\": {\r\n        \"mediaLink\": \"https://saforgallery6107.blob.core.windows.net/sascontainer/test.txt?sv=2017-04-17&sr=b&sig=nFc0uSoMNMrEpj2zm5iyODBO9A%2BUBNMd1O1ey1DXpF0%3D&st=2020-11-30T20%3A27%3A49Z&se=2020-12-03T20%3A27%3A49Z&sp=rw\"\r\n      },\r\n      \"manageActions\": {\r\n        \"install\": \"install.cmd\",\r\n        \"remove\": \"remove.cmd\",\r\n        \"update\": \"update.cmd\"\r\n      },\r\n      \"targetRegions\": [\r\n        {\r\n          \"name\": \"SoutheastAsia\",\r\n          \"regionalReplicaCount\": 1,\r\n          \"storageAccountType\": \"Standard_LRS\"\r\n        }\r\n      ],\r\n      \"replicaCount\": 1,\r\n      \"endOfLifeDate\": \"2020-12-11T18:30:00Z\",\r\n      \"storageAccountType\": \"Standard_LRS\"\r\n    }\r\n  },\r\n  \"location\": \"SoutheastAsia\"\r\n}",
      "RequestHeaders": {
        "x-ms-client-request-id": [
          "514194be-1edb-42a4-ac35-a876a9a75b4e"
        ],
        "Accept-Language": [
          "en-US"
        ],
        "User-Agent": [
          "FxVersion/4.6.29321.03",
          "OSName/Windows",
          "OSVersion/Microsoft.Windows.10.0.19042.",
          "Microsoft.Azure.Management.Compute.ComputeManagementClient/42.0.0.0"
        ],
        "Content-Type": [
          "application/json; charset=utf-8"
        ],
        "Content-Length": [
          "785"
        ]
      },
      "ResponseHeaders": {
        "Cache-Control": [
          "no-cache"
        ],
        "Pragma": [
          "no-cache"
        ],
        "Azure-AsyncOperation": [
          "https://management.azure.com/subscriptions/0296790d-427c-48ca-b204-8b729bbd8670/providers/Microsoft.Compute/locations/southeastasia/capsOperations/fddb4379-e688-4fb8-a419-cd4ab108ce39?api-version=2020-09-30"
        ],
        "x-ms-ratelimit-remaining-resource": [
          "Microsoft.Compute/CreateUpdateGalleryApplicationVersion3Min;149,Microsoft.Compute/CreateUpdateGalleryApplicationVersion30Min;749"
        ],
        "Strict-Transport-Security": [
          "max-age=31536000; includeSubDomains"
        ],
        "x-ms-served-by": [
          "e49ba983-e5f9-41f1-955c-c34884d47cef_132490453051054599,e49ba983-e5f9-41f1-955c-c34884d47cef_132490453051054599"
        ],
        "x-ms-request-id": [
          "fddb4379-e688-4fb8-a419-cd4ab108ce39"
        ],
        "Server": [
          "Microsoft-HTTPAPI/2.0",
          "Microsoft-HTTPAPI/2.0"
        ],
        "x-ms-ratelimit-remaining-subscription-writes": [
          "1197"
        ],
        "x-ms-correlation-request-id": [
          "3c5d32f7-fe72-43c5-aa1b-b0b2b7554226"
        ],
        "x-ms-routing-request-id": [
          "WESTINDIA:20201201T202855Z:3c5d32f7-fe72-43c5-aa1b-b0b2b7554226"
        ],
        "X-Content-Type-Options": [
          "nosniff"
        ],
        "Date": [
          "Tue, 01 Dec 2020 20:28:54 GMT"
        ],
        "Content-Length": [
          "1270"
        ],
        "Content-Type": [
          "application/json; charset=utf-8"
        ],
        "Expires": [
          "-1"
        ]
      },
      "ResponseBody": "{\r\n  \"name\": \"1.0.0\",\r\n  \"id\": \"/subscriptions/0296790d-427c-48ca-b204-8b729bbd8670/resourceGroups/galleryPsTestRg9565/providers/Microsoft.Compute/galleries/galleryPsTestGallery9686/applications/galleryPsTestGalleryApplication2323/versions/1.0.0\",\r\n  \"type\": \"Microsoft.Compute/galleries/applications/versions\",\r\n  \"location\": \"southeastasia\",\r\n  \"properties\": {\r\n    \"publishingProfile\": {\r\n      \"source\": {\r\n        \"mediaLink\": \"https://saforgallery6107.blob.core.windows.net/sascontainer/test.txt?sv=2017-04-17&sr=b&sig=nFc0uSoMNMrEpj2zm5iyODBO9A%2BUBNMd1O1ey1DXpF0%3D&st=2020-11-30T20%3A27%3A49Z&se=2020-12-03T20%3A27%3A49Z&sp=rw\"\r\n      },\r\n      \"manageActions\": {\r\n        \"install\": \"install.cmd\",\r\n        \"remove\": \"remove.cmd\",\r\n        \"update\": \"update.cmd\"\r\n      },\r\n      \"enableHealthCheck\": false,\r\n      \"targetRegions\": [\r\n        {\r\n          \"name\": \"Southeast Asia\",\r\n          \"regionalReplicaCount\": 1,\r\n          \"storageAccountType\": \"Standard_LRS\"\r\n        }\r\n      ],\r\n      \"replicaCount\": 1,\r\n      \"excludeFromLatest\": false,\r\n      \"publishedDate\": \"2020-12-02T01:58:55.2008313+05:30\",\r\n      \"endOfLifeDate\": \"2020-12-12T00:00:00+05:30\",\r\n      \"storageAccountType\": \"Standard_LRS\"\r\n    },\r\n    \"provisioningState\": \"Creating\"\r\n  }\r\n}",
      "StatusCode": 201
    },
    {
      "RequestUri": "/subscriptions/0296790d-427c-48ca-b204-8b729bbd8670/resourceGroups/galleryPsTestRg9565/providers/Microsoft.Compute/galleries/galleryPsTestGallery9686/applications/galleryPsTestGalleryApplication2323/versions/1.0.0?api-version=2020-09-30",
      "EncodedRequestUri": "L3N1YnNjcmlwdGlvbnMvMDI5Njc5MGQtNDI3Yy00OGNhLWIyMDQtOGI3MjliYmQ4NjcwL3Jlc291cmNlR3JvdXBzL2dhbGxlcnlQc1Rlc3RSZzk1NjUvcHJvdmlkZXJzL01pY3Jvc29mdC5Db21wdXRlL2dhbGxlcmllcy9nYWxsZXJ5UHNUZXN0R2FsbGVyeTk2ODYvYXBwbGljYXRpb25zL2dhbGxlcnlQc1Rlc3RHYWxsZXJ5QXBwbGljYXRpb24yMzIzL3ZlcnNpb25zLzEuMC4wP2FwaS12ZXJzaW9uPTIwMjAtMDktMzA=",
      "RequestMethod": "PUT",
      "RequestBody": "{\r\n  \"properties\": {\r\n    \"publishingProfile\": {\r\n      \"source\": {\r\n        \"mediaLink\": \"https://saforgallery6107.blob.core.windows.net/sascontainer/test.txt?sv=2017-04-17&sr=b&sig=nFc0uSoMNMrEpj2zm5iyODBO9A%2BUBNMd1O1ey1DXpF0%3D&st=2020-11-30T20%3A27%3A49Z&se=2020-12-03T20%3A27%3A49Z&sp=rw\"\r\n      },\r\n      \"manageActions\": {\r\n        \"install\": \"install.cmd\",\r\n        \"remove\": \"remove.cmd\",\r\n        \"update\": \"update.cmd\"\r\n      },\r\n      \"targetRegions\": [\r\n        {\r\n          \"name\": \"SoutheastAsia\",\r\n          \"regionalReplicaCount\": 1,\r\n          \"storageAccountType\": \"Standard_LRS\"\r\n        }\r\n      ],\r\n      \"replicaCount\": 1,\r\n      \"endOfLifeDate\": \"2021-03-11T18:30:00Z\",\r\n      \"storageAccountType\": \"Standard_LRS\"\r\n    }\r\n  },\r\n  \"location\": \"SoutheastAsia\"\r\n}",
      "RequestHeaders": {
        "x-ms-client-request-id": [
          "5bdbc8f2-0776-489e-91d7-e5e33c01849d"
        ],
        "Accept-Language": [
          "en-US"
        ],
        "User-Agent": [
          "FxVersion/4.6.29321.03",
          "OSName/Windows",
          "OSVersion/Microsoft.Windows.10.0.19042.",
          "Microsoft.Azure.Management.Compute.ComputeManagementClient/42.0.0.0"
        ],
        "Content-Type": [
          "application/json; charset=utf-8"
        ],
        "Content-Length": [
          "785"
        ]
      },
      "ResponseHeaders": {
        "Cache-Control": [
          "no-cache"
        ],
        "Pragma": [
          "no-cache"
        ],
        "Azure-AsyncOperation": [
          "https://management.azure.com/subscriptions/0296790d-427c-48ca-b204-8b729bbd8670/providers/Microsoft.Compute/locations/southeastasia/capsOperations/7db4564d-b73e-4b2a-a8a3-8fdc1a393f6b?api-version=2020-09-30"
        ],
        "x-ms-ratelimit-remaining-resource": [
          "Microsoft.Compute/CreateUpdateGalleryApplicationVersion3Min;149,Microsoft.Compute/CreateUpdateGalleryApplicationVersion30Min;748"
        ],
        "Strict-Transport-Security": [
          "max-age=31536000; includeSubDomains"
        ],
        "x-ms-served-by": [
          "e49ba983-e5f9-41f1-955c-c34884d47cef_132490453051054599,e49ba983-e5f9-41f1-955c-c34884d47cef_132490453051054599"
        ],
        "x-ms-request-id": [
          "7db4564d-b73e-4b2a-a8a3-8fdc1a393f6b"
        ],
        "Server": [
          "Microsoft-HTTPAPI/2.0",
          "Microsoft-HTTPAPI/2.0"
        ],
        "x-ms-ratelimit-remaining-subscription-writes": [
          "1196"
        ],
        "x-ms-correlation-request-id": [
          "a54c7328-509f-4727-a847-9ac437c459a2"
        ],
        "x-ms-routing-request-id": [
          "WESTINDIA:20201201T203327Z:a54c7328-509f-4727-a847-9ac437c459a2"
        ],
        "X-Content-Type-Options": [
          "nosniff"
        ],
        "Date": [
          "Tue, 01 Dec 2020 20:33:27 GMT"
        ],
        "Content-Length": [
          "1270"
        ],
        "Content-Type": [
          "application/json; charset=utf-8"
        ],
        "Expires": [
          "-1"
        ]
      },
      "ResponseBody": "{\r\n  \"name\": \"1.0.0\",\r\n  \"id\": \"/subscriptions/0296790d-427c-48ca-b204-8b729bbd8670/resourceGroups/galleryPsTestRg9565/providers/Microsoft.Compute/galleries/galleryPsTestGallery9686/applications/galleryPsTestGalleryApplication2323/versions/1.0.0\",\r\n  \"type\": \"Microsoft.Compute/galleries/applications/versions\",\r\n  \"location\": \"southeastasia\",\r\n  \"properties\": {\r\n    \"publishingProfile\": {\r\n      \"source\": {\r\n        \"mediaLink\": \"https://saforgallery6107.blob.core.windows.net/sascontainer/test.txt?sv=2017-04-17&sr=b&sig=nFc0uSoMNMrEpj2zm5iyODBO9A%2BUBNMd1O1ey1DXpF0%3D&st=2020-11-30T20%3A27%3A49Z&se=2020-12-03T20%3A27%3A49Z&sp=rw\"\r\n      },\r\n      \"manageActions\": {\r\n        \"install\": \"install.cmd\",\r\n        \"remove\": \"remove.cmd\",\r\n        \"update\": \"update.cmd\"\r\n      },\r\n      \"enableHealthCheck\": false,\r\n      \"targetRegions\": [\r\n        {\r\n          \"name\": \"Southeast Asia\",\r\n          \"regionalReplicaCount\": 1,\r\n          \"storageAccountType\": \"Standard_LRS\"\r\n        }\r\n      ],\r\n      \"replicaCount\": 1,\r\n      \"excludeFromLatest\": false,\r\n      \"publishedDate\": \"2020-12-02T01:58:55.2008313+05:30\",\r\n      \"endOfLifeDate\": \"2021-03-12T00:00:00+05:30\",\r\n      \"storageAccountType\": \"Standard_LRS\"\r\n    },\r\n    \"provisioningState\": \"Updating\"\r\n  }\r\n}",
      "StatusCode": 200
    },
    {
      "RequestUri": "/subscriptions/0296790d-427c-48ca-b204-8b729bbd8670/providers/Microsoft.Compute/locations/southeastasia/capsOperations/fddb4379-e688-4fb8-a419-cd4ab108ce39?api-version=2020-09-30",
      "EncodedRequestUri": "L3N1YnNjcmlwdGlvbnMvMDI5Njc5MGQtNDI3Yy00OGNhLWIyMDQtOGI3MjliYmQ4NjcwL3Byb3ZpZGVycy9NaWNyb3NvZnQuQ29tcHV0ZS9sb2NhdGlvbnMvc291dGhlYXN0YXNpYS9jYXBzT3BlcmF0aW9ucy9mZGRiNDM3OS1lNjg4LTRmYjgtYTQxOS1jZDRhYjEwOGNlMzk/YXBpLXZlcnNpb249MjAyMC0wOS0zMA==",
      "RequestMethod": "GET",
      "RequestBody": "",
      "RequestHeaders": {
        "User-Agent": [
          "FxVersion/4.6.29321.03",
          "OSName/Windows",
          "OSVersion/Microsoft.Windows.10.0.19042.",
          "Microsoft.Azure.Management.Compute.ComputeManagementClient/42.0.0.0"
        ]
      },
      "ResponseHeaders": {
        "Cache-Control": [
          "no-cache"
        ],
        "Pragma": [
          "no-cache"
        ],
        "x-ms-ratelimit-remaining-resource": [
          "Microsoft.Compute/GetOperationStatus3Min;1196,Microsoft.Compute/GetOperationStatus30Min;4196"
        ],
        "Strict-Transport-Security": [
          "max-age=31536000; includeSubDomains"
        ],
        "x-ms-served-by": [
          "e49ba983-e5f9-41f1-955c-c34884d47cef_132490453051054599,e49ba983-e5f9-41f1-955c-c34884d47cef_132490453051054599"
        ],
        "x-ms-request-id": [
          "f8d95d67-537e-405e-b1be-1347304c9247"
        ],
        "Server": [
          "Microsoft-HTTPAPI/2.0",
          "Microsoft-HTTPAPI/2.0"
        ],
        "x-ms-ratelimit-remaining-subscription-reads": [
          "11996"
        ],
        "x-ms-correlation-request-id": [
          "e79ccfa7-6c64-4575-944e-c60617d70e20"
        ],
        "x-ms-routing-request-id": [
          "WESTINDIA:20201201T202925Z:e79ccfa7-6c64-4575-944e-c60617d70e20"
        ],
        "X-Content-Type-Options": [
          "nosniff"
        ],
        "Date": [
          "Tue, 01 Dec 2020 20:29:25 GMT"
        ],
        "Content-Length": [
          "134"
        ],
        "Content-Type": [
          "application/json; charset=utf-8"
        ],
        "Expires": [
          "-1"
        ]
      },
      "ResponseBody": "{\r\n  \"startTime\": \"2020-12-02T01:58:55.2008313+05:30\",\r\n  \"status\": \"InProgress\",\r\n  \"name\": \"fddb4379-e688-4fb8-a419-cd4ab108ce39\"\r\n}",
      "StatusCode": 200
    },
    {
      "RequestUri": "/subscriptions/0296790d-427c-48ca-b204-8b729bbd8670/providers/Microsoft.Compute/locations/southeastasia/capsOperations/fddb4379-e688-4fb8-a419-cd4ab108ce39?api-version=2020-09-30",
      "EncodedRequestUri": "L3N1YnNjcmlwdGlvbnMvMDI5Njc5MGQtNDI3Yy00OGNhLWIyMDQtOGI3MjliYmQ4NjcwL3Byb3ZpZGVycy9NaWNyb3NvZnQuQ29tcHV0ZS9sb2NhdGlvbnMvc291dGhlYXN0YXNpYS9jYXBzT3BlcmF0aW9ucy9mZGRiNDM3OS1lNjg4LTRmYjgtYTQxOS1jZDRhYjEwOGNlMzk/YXBpLXZlcnNpb249MjAyMC0wOS0zMA==",
      "RequestMethod": "GET",
      "RequestBody": "",
      "RequestHeaders": {
        "User-Agent": [
          "FxVersion/4.6.29321.03",
          "OSName/Windows",
          "OSVersion/Microsoft.Windows.10.0.19042.",
          "Microsoft.Azure.Management.Compute.ComputeManagementClient/42.0.0.0"
        ]
      },
      "ResponseHeaders": {
        "Cache-Control": [
          "no-cache"
        ],
        "Pragma": [
          "no-cache"
        ],
        "x-ms-ratelimit-remaining-resource": [
          "Microsoft.Compute/GetOperationStatus3Min;1193,Microsoft.Compute/GetOperationStatus30Min;4193"
        ],
        "Strict-Transport-Security": [
          "max-age=31536000; includeSubDomains"
        ],
        "x-ms-served-by": [
          "e49ba983-e5f9-41f1-955c-c34884d47cef_132490453051054599,e49ba983-e5f9-41f1-955c-c34884d47cef_132490453051054599"
        ],
        "x-ms-request-id": [
          "710b3f9c-0bdb-4439-a7d6-7678f7d998f7"
        ],
        "Server": [
          "Microsoft-HTTPAPI/2.0",
          "Microsoft-HTTPAPI/2.0"
        ],
        "x-ms-ratelimit-remaining-subscription-reads": [
          "11995"
        ],
        "x-ms-correlation-request-id": [
          "bd5477fc-13dc-495f-bb03-d97e42ab48f9"
        ],
        "x-ms-routing-request-id": [
          "WESTINDIA:20201201T202955Z:bd5477fc-13dc-495f-bb03-d97e42ab48f9"
        ],
        "X-Content-Type-Options": [
          "nosniff"
        ],
        "Date": [
          "Tue, 01 Dec 2020 20:29:54 GMT"
        ],
        "Content-Length": [
          "134"
        ],
        "Content-Type": [
          "application/json; charset=utf-8"
        ],
        "Expires": [
          "-1"
        ]
      },
      "ResponseBody": "{\r\n  \"startTime\": \"2020-12-02T01:58:55.2008313+05:30\",\r\n  \"status\": \"InProgress\",\r\n  \"name\": \"fddb4379-e688-4fb8-a419-cd4ab108ce39\"\r\n}",
      "StatusCode": 200
    },
    {
      "RequestUri": "/subscriptions/0296790d-427c-48ca-b204-8b729bbd8670/providers/Microsoft.Compute/locations/southeastasia/capsOperations/fddb4379-e688-4fb8-a419-cd4ab108ce39?api-version=2020-09-30",
      "EncodedRequestUri": "L3N1YnNjcmlwdGlvbnMvMDI5Njc5MGQtNDI3Yy00OGNhLWIyMDQtOGI3MjliYmQ4NjcwL3Byb3ZpZGVycy9NaWNyb3NvZnQuQ29tcHV0ZS9sb2NhdGlvbnMvc291dGhlYXN0YXNpYS9jYXBzT3BlcmF0aW9ucy9mZGRiNDM3OS1lNjg4LTRmYjgtYTQxOS1jZDRhYjEwOGNlMzk/YXBpLXZlcnNpb249MjAyMC0wOS0zMA==",
      "RequestMethod": "GET",
      "RequestBody": "",
      "RequestHeaders": {
        "User-Agent": [
          "FxVersion/4.6.29321.03",
          "OSName/Windows",
          "OSVersion/Microsoft.Windows.10.0.19042.",
          "Microsoft.Azure.Management.Compute.ComputeManagementClient/42.0.0.0"
        ]
      },
      "ResponseHeaders": {
        "Cache-Control": [
          "no-cache"
        ],
        "Pragma": [
          "no-cache"
        ],
        "x-ms-ratelimit-remaining-resource": [
          "Microsoft.Compute/GetOperationStatus3Min;1190,Microsoft.Compute/GetOperationStatus30Min;4190"
        ],
        "Strict-Transport-Security": [
          "max-age=31536000; includeSubDomains"
        ],
        "x-ms-served-by": [
          "e49ba983-e5f9-41f1-955c-c34884d47cef_132490453051054599,e49ba983-e5f9-41f1-955c-c34884d47cef_132490453051054599"
        ],
        "x-ms-request-id": [
          "6de8738e-f965-4456-9ebf-a75cc29fcc91"
        ],
        "Server": [
          "Microsoft-HTTPAPI/2.0",
          "Microsoft-HTTPAPI/2.0"
        ],
        "x-ms-ratelimit-remaining-subscription-reads": [
          "11994"
        ],
        "x-ms-correlation-request-id": [
          "04b5e215-09fd-41bb-aa1e-f62533c6a8e5"
        ],
        "x-ms-routing-request-id": [
          "WESTINDIA:20201201T203025Z:04b5e215-09fd-41bb-aa1e-f62533c6a8e5"
        ],
        "X-Content-Type-Options": [
          "nosniff"
        ],
        "Date": [
          "Tue, 01 Dec 2020 20:30:25 GMT"
        ],
        "Content-Length": [
          "134"
        ],
        "Content-Type": [
          "application/json; charset=utf-8"
        ],
        "Expires": [
          "-1"
        ]
      },
      "ResponseBody": "{\r\n  \"startTime\": \"2020-12-02T01:58:55.2008313+05:30\",\r\n  \"status\": \"InProgress\",\r\n  \"name\": \"fddb4379-e688-4fb8-a419-cd4ab108ce39\"\r\n}",
      "StatusCode": 200
    },
    {
      "RequestUri": "/subscriptions/0296790d-427c-48ca-b204-8b729bbd8670/providers/Microsoft.Compute/locations/southeastasia/capsOperations/fddb4379-e688-4fb8-a419-cd4ab108ce39?api-version=2020-09-30",
      "EncodedRequestUri": "L3N1YnNjcmlwdGlvbnMvMDI5Njc5MGQtNDI3Yy00OGNhLWIyMDQtOGI3MjliYmQ4NjcwL3Byb3ZpZGVycy9NaWNyb3NvZnQuQ29tcHV0ZS9sb2NhdGlvbnMvc291dGhlYXN0YXNpYS9jYXBzT3BlcmF0aW9ucy9mZGRiNDM3OS1lNjg4LTRmYjgtYTQxOS1jZDRhYjEwOGNlMzk/YXBpLXZlcnNpb249MjAyMC0wOS0zMA==",
      "RequestMethod": "GET",
      "RequestBody": "",
      "RequestHeaders": {
        "User-Agent": [
          "FxVersion/4.6.29321.03",
          "OSName/Windows",
          "OSVersion/Microsoft.Windows.10.0.19042.",
          "Microsoft.Azure.Management.Compute.ComputeManagementClient/42.0.0.0"
        ]
      },
      "ResponseHeaders": {
        "Cache-Control": [
          "no-cache"
        ],
        "Pragma": [
          "no-cache"
        ],
        "x-ms-ratelimit-remaining-resource": [
          "Microsoft.Compute/GetOperationStatus3Min;1187,Microsoft.Compute/GetOperationStatus30Min;4187"
        ],
        "Strict-Transport-Security": [
          "max-age=31536000; includeSubDomains"
        ],
        "x-ms-served-by": [
          "e49ba983-e5f9-41f1-955c-c34884d47cef_132490453051054599,e49ba983-e5f9-41f1-955c-c34884d47cef_132490453051054599"
        ],
        "x-ms-request-id": [
          "19822a57-46f3-413e-a551-89cc390ce1b4"
        ],
        "Server": [
          "Microsoft-HTTPAPI/2.0",
          "Microsoft-HTTPAPI/2.0"
        ],
        "x-ms-ratelimit-remaining-subscription-reads": [
          "11993"
        ],
        "x-ms-correlation-request-id": [
          "7b5a4aa9-bb7e-4b31-8abb-5cf8bcb51894"
        ],
        "x-ms-routing-request-id": [
          "WESTINDIA:20201201T203055Z:7b5a4aa9-bb7e-4b31-8abb-5cf8bcb51894"
        ],
        "X-Content-Type-Options": [
          "nosniff"
        ],
        "Date": [
          "Tue, 01 Dec 2020 20:30:55 GMT"
        ],
        "Content-Length": [
          "134"
        ],
        "Content-Type": [
          "application/json; charset=utf-8"
        ],
        "Expires": [
          "-1"
        ]
      },
      "ResponseBody": "{\r\n  \"startTime\": \"2020-12-02T01:58:55.2008313+05:30\",\r\n  \"status\": \"InProgress\",\r\n  \"name\": \"fddb4379-e688-4fb8-a419-cd4ab108ce39\"\r\n}",
      "StatusCode": 200
    },
    {
      "RequestUri": "/subscriptions/0296790d-427c-48ca-b204-8b729bbd8670/providers/Microsoft.Compute/locations/southeastasia/capsOperations/fddb4379-e688-4fb8-a419-cd4ab108ce39?api-version=2020-09-30",
      "EncodedRequestUri": "L3N1YnNjcmlwdGlvbnMvMDI5Njc5MGQtNDI3Yy00OGNhLWIyMDQtOGI3MjliYmQ4NjcwL3Byb3ZpZGVycy9NaWNyb3NvZnQuQ29tcHV0ZS9sb2NhdGlvbnMvc291dGhlYXN0YXNpYS9jYXBzT3BlcmF0aW9ucy9mZGRiNDM3OS1lNjg4LTRmYjgtYTQxOS1jZDRhYjEwOGNlMzk/YXBpLXZlcnNpb249MjAyMC0wOS0zMA==",
      "RequestMethod": "GET",
      "RequestBody": "",
      "RequestHeaders": {
        "User-Agent": [
          "FxVersion/4.6.29321.03",
          "OSName/Windows",
          "OSVersion/Microsoft.Windows.10.0.19042.",
          "Microsoft.Azure.Management.Compute.ComputeManagementClient/42.0.0.0"
        ]
      },
      "ResponseHeaders": {
        "Cache-Control": [
          "no-cache"
        ],
        "Pragma": [
          "no-cache"
        ],
        "x-ms-ratelimit-remaining-resource": [
          "Microsoft.Compute/GetOperationStatus3Min;1186,Microsoft.Compute/GetOperationStatus30Min;4184"
        ],
        "Strict-Transport-Security": [
          "max-age=31536000; includeSubDomains"
        ],
        "x-ms-served-by": [
          "e49ba983-e5f9-41f1-955c-c34884d47cef_132490453051054599,e49ba983-e5f9-41f1-955c-c34884d47cef_132490453051054599"
        ],
        "x-ms-request-id": [
          "ad18b5b1-ad45-433f-9707-59e05232e9c1"
        ],
        "Server": [
          "Microsoft-HTTPAPI/2.0",
          "Microsoft-HTTPAPI/2.0"
        ],
        "x-ms-ratelimit-remaining-subscription-reads": [
          "11992"
        ],
        "x-ms-correlation-request-id": [
          "bbb76cee-ed8f-441c-b407-3a8232232703"
        ],
        "x-ms-routing-request-id": [
          "WESTINDIA:20201201T203126Z:bbb76cee-ed8f-441c-b407-3a8232232703"
        ],
        "X-Content-Type-Options": [
          "nosniff"
        ],
        "Date": [
          "Tue, 01 Dec 2020 20:31:25 GMT"
        ],
        "Content-Length": [
          "134"
        ],
        "Content-Type": [
          "application/json; charset=utf-8"
        ],
        "Expires": [
          "-1"
        ]
      },
      "ResponseBody": "{\r\n  \"startTime\": \"2020-12-02T01:58:55.2008313+05:30\",\r\n  \"status\": \"InProgress\",\r\n  \"name\": \"fddb4379-e688-4fb8-a419-cd4ab108ce39\"\r\n}",
      "StatusCode": 200
    },
    {
      "RequestUri": "/subscriptions/0296790d-427c-48ca-b204-8b729bbd8670/providers/Microsoft.Compute/locations/southeastasia/capsOperations/fddb4379-e688-4fb8-a419-cd4ab108ce39?api-version=2020-09-30",
      "EncodedRequestUri": "L3N1YnNjcmlwdGlvbnMvMDI5Njc5MGQtNDI3Yy00OGNhLWIyMDQtOGI3MjliYmQ4NjcwL3Byb3ZpZGVycy9NaWNyb3NvZnQuQ29tcHV0ZS9sb2NhdGlvbnMvc291dGhlYXN0YXNpYS9jYXBzT3BlcmF0aW9ucy9mZGRiNDM3OS1lNjg4LTRmYjgtYTQxOS1jZDRhYjEwOGNlMzk/YXBpLXZlcnNpb249MjAyMC0wOS0zMA==",
      "RequestMethod": "GET",
      "RequestBody": "",
      "RequestHeaders": {
        "User-Agent": [
          "FxVersion/4.6.29321.03",
          "OSName/Windows",
          "OSVersion/Microsoft.Windows.10.0.19042.",
          "Microsoft.Azure.Management.Compute.ComputeManagementClient/42.0.0.0"
        ]
      },
      "ResponseHeaders": {
        "Cache-Control": [
          "no-cache"
        ],
        "Pragma": [
          "no-cache"
        ],
        "x-ms-ratelimit-remaining-resource": [
          "Microsoft.Compute/GetOperationStatus3Min;1183,Microsoft.Compute/GetOperationStatus30Min;4181"
        ],
        "Strict-Transport-Security": [
          "max-age=31536000; includeSubDomains"
        ],
        "x-ms-served-by": [
          "e49ba983-e5f9-41f1-955c-c34884d47cef_132490453051054599,e49ba983-e5f9-41f1-955c-c34884d47cef_132490453051054599"
        ],
        "x-ms-request-id": [
          "e689fad1-613f-40fa-90e7-7b9764cf86da"
        ],
        "Server": [
          "Microsoft-HTTPAPI/2.0",
          "Microsoft-HTTPAPI/2.0"
        ],
        "x-ms-ratelimit-remaining-subscription-reads": [
          "11991"
        ],
        "x-ms-correlation-request-id": [
          "4d85c69a-936a-41b7-9d16-3daa596cc5f9"
        ],
        "x-ms-routing-request-id": [
          "WESTINDIA:20201201T203156Z:4d85c69a-936a-41b7-9d16-3daa596cc5f9"
        ],
        "X-Content-Type-Options": [
          "nosniff"
        ],
        "Date": [
          "Tue, 01 Dec 2020 20:31:56 GMT"
        ],
        "Content-Length": [
          "134"
        ],
        "Content-Type": [
          "application/json; charset=utf-8"
        ],
        "Expires": [
          "-1"
        ]
      },
      "ResponseBody": "{\r\n  \"startTime\": \"2020-12-02T01:58:55.2008313+05:30\",\r\n  \"status\": \"InProgress\",\r\n  \"name\": \"fddb4379-e688-4fb8-a419-cd4ab108ce39\"\r\n}",
      "StatusCode": 200
    },
    {
      "RequestUri": "/subscriptions/0296790d-427c-48ca-b204-8b729bbd8670/providers/Microsoft.Compute/locations/southeastasia/capsOperations/fddb4379-e688-4fb8-a419-cd4ab108ce39?api-version=2020-09-30",
      "EncodedRequestUri": "L3N1YnNjcmlwdGlvbnMvMDI5Njc5MGQtNDI3Yy00OGNhLWIyMDQtOGI3MjliYmQ4NjcwL3Byb3ZpZGVycy9NaWNyb3NvZnQuQ29tcHV0ZS9sb2NhdGlvbnMvc291dGhlYXN0YXNpYS9jYXBzT3BlcmF0aW9ucy9mZGRiNDM3OS1lNjg4LTRmYjgtYTQxOS1jZDRhYjEwOGNlMzk/YXBpLXZlcnNpb249MjAyMC0wOS0zMA==",
      "RequestMethod": "GET",
      "RequestBody": "",
      "RequestHeaders": {
        "User-Agent": [
          "FxVersion/4.6.29321.03",
          "OSName/Windows",
          "OSVersion/Microsoft.Windows.10.0.19042.",
          "Microsoft.Azure.Management.Compute.ComputeManagementClient/42.0.0.0"
        ]
      },
      "ResponseHeaders": {
        "Cache-Control": [
          "no-cache"
        ],
        "Pragma": [
          "no-cache"
        ],
        "x-ms-ratelimit-remaining-resource": [
          "Microsoft.Compute/GetOperationStatus3Min;1184,Microsoft.Compute/GetOperationStatus30Min;4179"
        ],
        "Strict-Transport-Security": [
          "max-age=31536000; includeSubDomains"
        ],
        "x-ms-served-by": [
          "e49ba983-e5f9-41f1-955c-c34884d47cef_132490453051054599,e49ba983-e5f9-41f1-955c-c34884d47cef_132490453051054599"
        ],
        "x-ms-request-id": [
          "3904ef57-829f-4b73-a45b-e2156736b8c8"
        ],
        "x-ms-ratelimit-remaining-subscription-reads": [
          "11990"
        ],
        "Server": [
          "Microsoft-HTTPAPI/2.0",
          "Microsoft-HTTPAPI/2.0"
        ],
        "x-ms-correlation-request-id": [
          "b33c3ad6-93bf-494b-b1eb-50ef042253a8"
        ],
        "x-ms-routing-request-id": [
          "WESTINDIA:20201201T203226Z:b33c3ad6-93bf-494b-b1eb-50ef042253a8"
        ],
        "X-Content-Type-Options": [
          "nosniff"
        ],
        "Date": [
          "Tue, 01 Dec 2020 20:32:25 GMT"
        ],
        "Content-Length": [
          "134"
        ],
        "Content-Type": [
          "application/json; charset=utf-8"
        ],
        "Expires": [
          "-1"
        ]
      },
      "ResponseBody": "{\r\n  \"startTime\": \"2020-12-02T01:58:55.2008313+05:30\",\r\n  \"status\": \"InProgress\",\r\n  \"name\": \"fddb4379-e688-4fb8-a419-cd4ab108ce39\"\r\n}",
      "StatusCode": 200
    },
    {
      "RequestUri": "/subscriptions/0296790d-427c-48ca-b204-8b729bbd8670/providers/Microsoft.Compute/locations/southeastasia/capsOperations/fddb4379-e688-4fb8-a419-cd4ab108ce39?api-version=2020-09-30",
      "EncodedRequestUri": "L3N1YnNjcmlwdGlvbnMvMDI5Njc5MGQtNDI3Yy00OGNhLWIyMDQtOGI3MjliYmQ4NjcwL3Byb3ZpZGVycy9NaWNyb3NvZnQuQ29tcHV0ZS9sb2NhdGlvbnMvc291dGhlYXN0YXNpYS9jYXBzT3BlcmF0aW9ucy9mZGRiNDM3OS1lNjg4LTRmYjgtYTQxOS1jZDRhYjEwOGNlMzk/YXBpLXZlcnNpb249MjAyMC0wOS0zMA==",
      "RequestMethod": "GET",
      "RequestBody": "",
      "RequestHeaders": {
        "User-Agent": [
          "FxVersion/4.6.29321.03",
          "OSName/Windows",
          "OSVersion/Microsoft.Windows.10.0.19042.",
          "Microsoft.Azure.Management.Compute.ComputeManagementClient/42.0.0.0"
        ]
      },
      "ResponseHeaders": {
        "Cache-Control": [
          "no-cache"
        ],
        "Pragma": [
          "no-cache"
        ],
        "x-ms-ratelimit-remaining-resource": [
          "Microsoft.Compute/GetOperationStatus3Min;1184,Microsoft.Compute/GetOperationStatus30Min;4176"
        ],
        "Strict-Transport-Security": [
          "max-age=31536000; includeSubDomains"
        ],
        "x-ms-served-by": [
          "e49ba983-e5f9-41f1-955c-c34884d47cef_132490453051054599,e49ba983-e5f9-41f1-955c-c34884d47cef_132490453051054599"
        ],
        "x-ms-request-id": [
          "85e8a161-a0e5-4f6a-9158-262e19d7ba8a"
        ],
        "Server": [
          "Microsoft-HTTPAPI/2.0",
          "Microsoft-HTTPAPI/2.0"
        ],
        "x-ms-ratelimit-remaining-subscription-reads": [
          "11989"
        ],
        "x-ms-correlation-request-id": [
          "9cc334df-caa3-42f7-bd23-1fa92ee2a525"
        ],
        "x-ms-routing-request-id": [
          "WESTINDIA:20201201T203256Z:9cc334df-caa3-42f7-bd23-1fa92ee2a525"
        ],
        "X-Content-Type-Options": [
          "nosniff"
        ],
        "Date": [
          "Tue, 01 Dec 2020 20:32:55 GMT"
        ],
        "Content-Length": [
          "134"
        ],
        "Content-Type": [
          "application/json; charset=utf-8"
        ],
        "Expires": [
          "-1"
        ]
      },
      "ResponseBody": "{\r\n  \"startTime\": \"2020-12-02T01:58:55.2008313+05:30\",\r\n  \"status\": \"InProgress\",\r\n  \"name\": \"fddb4379-e688-4fb8-a419-cd4ab108ce39\"\r\n}",
      "StatusCode": 200
    },
    {
      "RequestUri": "/subscriptions/0296790d-427c-48ca-b204-8b729bbd8670/providers/Microsoft.Compute/locations/southeastasia/capsOperations/fddb4379-e688-4fb8-a419-cd4ab108ce39?api-version=2020-09-30",
      "EncodedRequestUri": "L3N1YnNjcmlwdGlvbnMvMDI5Njc5MGQtNDI3Yy00OGNhLWIyMDQtOGI3MjliYmQ4NjcwL3Byb3ZpZGVycy9NaWNyb3NvZnQuQ29tcHV0ZS9sb2NhdGlvbnMvc291dGhlYXN0YXNpYS9jYXBzT3BlcmF0aW9ucy9mZGRiNDM3OS1lNjg4LTRmYjgtYTQxOS1jZDRhYjEwOGNlMzk/YXBpLXZlcnNpb249MjAyMC0wOS0zMA==",
      "RequestMethod": "GET",
      "RequestBody": "",
      "RequestHeaders": {
        "User-Agent": [
          "FxVersion/4.6.29321.03",
          "OSName/Windows",
          "OSVersion/Microsoft.Windows.10.0.19042.",
          "Microsoft.Azure.Management.Compute.ComputeManagementClient/42.0.0.0"
        ]
      },
      "ResponseHeaders": {
        "Cache-Control": [
          "no-cache"
        ],
        "Pragma": [
          "no-cache"
        ],
        "x-ms-ratelimit-remaining-resource": [
          "Microsoft.Compute/GetOperationStatus3Min;1183,Microsoft.Compute/GetOperationStatus30Min;4173"
        ],
        "Strict-Transport-Security": [
          "max-age=31536000; includeSubDomains"
        ],
        "x-ms-served-by": [
          "e49ba983-e5f9-41f1-955c-c34884d47cef_132490453051054599,e49ba983-e5f9-41f1-955c-c34884d47cef_132490453051054599"
        ],
        "x-ms-request-id": [
          "eb35886b-9ed2-487e-8ff3-998a22b9b129"
        ],
        "Server": [
          "Microsoft-HTTPAPI/2.0",
          "Microsoft-HTTPAPI/2.0"
        ],
        "x-ms-ratelimit-remaining-subscription-reads": [
          "11988"
        ],
        "x-ms-correlation-request-id": [
          "74ae2ee1-56eb-4c7f-ba7d-ea564d06666e"
        ],
        "x-ms-routing-request-id": [
          "WESTINDIA:20201201T203326Z:74ae2ee1-56eb-4c7f-ba7d-ea564d06666e"
        ],
        "X-Content-Type-Options": [
          "nosniff"
        ],
        "Date": [
          "Tue, 01 Dec 2020 20:33:26 GMT"
        ],
        "Content-Length": [
          "184"
        ],
        "Content-Type": [
          "application/json; charset=utf-8"
        ],
        "Expires": [
          "-1"
        ]
      },
      "ResponseBody": "{\r\n  \"startTime\": \"2020-12-02T01:58:55.2008313+05:30\",\r\n  \"endTime\": \"2020-12-02T02:03:25.4384708+05:30\",\r\n  \"status\": \"Succeeded\",\r\n  \"name\": \"fddb4379-e688-4fb8-a419-cd4ab108ce39\"\r\n}",
      "StatusCode": 200
    },
    {
      "RequestUri": "/subscriptions/0296790d-427c-48ca-b204-8b729bbd8670/resourceGroups/galleryPsTestRg9565/providers/Microsoft.Compute/galleries/galleryPsTestGallery9686/applications/galleryPsTestGalleryApplication2323/versions/1.0.0?api-version=2020-09-30",
      "EncodedRequestUri": "L3N1YnNjcmlwdGlvbnMvMDI5Njc5MGQtNDI3Yy00OGNhLWIyMDQtOGI3MjliYmQ4NjcwL3Jlc291cmNlR3JvdXBzL2dhbGxlcnlQc1Rlc3RSZzk1NjUvcHJvdmlkZXJzL01pY3Jvc29mdC5Db21wdXRlL2dhbGxlcmllcy9nYWxsZXJ5UHNUZXN0R2FsbGVyeTk2ODYvYXBwbGljYXRpb25zL2dhbGxlcnlQc1Rlc3RHYWxsZXJ5QXBwbGljYXRpb24yMzIzL3ZlcnNpb25zLzEuMC4wP2FwaS12ZXJzaW9uPTIwMjAtMDktMzA=",
      "RequestMethod": "GET",
      "RequestBody": "",
      "RequestHeaders": {
        "User-Agent": [
          "FxVersion/4.6.29321.03",
          "OSName/Windows",
          "OSVersion/Microsoft.Windows.10.0.19042.",
          "Microsoft.Azure.Management.Compute.ComputeManagementClient/42.0.0.0"
        ]
      },
      "ResponseHeaders": {
        "Cache-Control": [
          "no-cache"
        ],
        "Pragma": [
          "no-cache"
        ],
        "x-ms-ratelimit-remaining-resource": [
          "Microsoft.Compute/GetGalleryApplicationVersion3Min;1999,Microsoft.Compute/GetGalleryApplicationVersion30Min;9999"
        ],
        "Strict-Transport-Security": [
          "max-age=31536000; includeSubDomains"
        ],
        "x-ms-served-by": [
          "e49ba983-e5f9-41f1-955c-c34884d47cef_132490453051054599,e49ba983-e5f9-41f1-955c-c34884d47cef_132490453051054599"
        ],
        "x-ms-request-id": [
          "d83851bd-f47b-4947-88f6-f90f36508848"
        ],
        "Server": [
          "Microsoft-HTTPAPI/2.0",
          "Microsoft-HTTPAPI/2.0"
        ],
        "x-ms-ratelimit-remaining-subscription-reads": [
          "11987"
        ],
        "x-ms-correlation-request-id": [
          "7c2d4a1d-c8c1-4375-9922-c061ae0e0fba"
        ],
        "x-ms-routing-request-id": [
          "WESTINDIA:20201201T203327Z:7c2d4a1d-c8c1-4375-9922-c061ae0e0fba"
        ],
        "X-Content-Type-Options": [
          "nosniff"
        ],
        "Date": [
          "Tue, 01 Dec 2020 20:33:26 GMT"
        ],
        "Content-Length": [
          "1271"
        ],
        "Content-Type": [
          "application/json; charset=utf-8"
        ],
        "Expires": [
          "-1"
        ]
      },
      "ResponseBody": "{\r\n  \"name\": \"1.0.0\",\r\n  \"id\": \"/subscriptions/0296790d-427c-48ca-b204-8b729bbd8670/resourceGroups/galleryPsTestRg9565/providers/Microsoft.Compute/galleries/galleryPsTestGallery9686/applications/galleryPsTestGalleryApplication2323/versions/1.0.0\",\r\n  \"type\": \"Microsoft.Compute/galleries/applications/versions\",\r\n  \"location\": \"southeastasia\",\r\n  \"properties\": {\r\n    \"publishingProfile\": {\r\n      \"source\": {\r\n        \"mediaLink\": \"https://saforgallery6107.blob.core.windows.net/sascontainer/test.txt?sv=2017-04-17&sr=b&sig=nFc0uSoMNMrEpj2zm5iyODBO9A%2BUBNMd1O1ey1DXpF0%3D&st=2020-11-30T20%3A27%3A49Z&se=2020-12-03T20%3A27%3A49Z&sp=rw\"\r\n      },\r\n      \"manageActions\": {\r\n        \"install\": \"install.cmd\",\r\n        \"remove\": \"remove.cmd\",\r\n        \"update\": \"update.cmd\"\r\n      },\r\n      \"enableHealthCheck\": false,\r\n      \"targetRegions\": [\r\n        {\r\n          \"name\": \"Southeast Asia\",\r\n          \"regionalReplicaCount\": 1,\r\n          \"storageAccountType\": \"Standard_LRS\"\r\n        }\r\n      ],\r\n      \"replicaCount\": 1,\r\n      \"excludeFromLatest\": false,\r\n      \"publishedDate\": \"2020-12-02T01:58:55.2008313+05:30\",\r\n      \"endOfLifeDate\": \"2020-12-12T00:00:00+05:30\",\r\n      \"storageAccountType\": \"Standard_LRS\"\r\n    },\r\n    \"provisioningState\": \"Succeeded\"\r\n  }\r\n}",
      "StatusCode": 200
    },
    {
      "RequestUri": "/subscriptions/0296790d-427c-48ca-b204-8b729bbd8670/resourceGroups/galleryPsTestRg9565/providers/Microsoft.Compute/galleries/galleryPsTestGallery9686/applications/galleryPsTestGalleryApplication2323/versions/1.0.0?api-version=2020-09-30",
      "EncodedRequestUri": "L3N1YnNjcmlwdGlvbnMvMDI5Njc5MGQtNDI3Yy00OGNhLWIyMDQtOGI3MjliYmQ4NjcwL3Jlc291cmNlR3JvdXBzL2dhbGxlcnlQc1Rlc3RSZzk1NjUvcHJvdmlkZXJzL01pY3Jvc29mdC5Db21wdXRlL2dhbGxlcmllcy9nYWxsZXJ5UHNUZXN0R2FsbGVyeTk2ODYvYXBwbGljYXRpb25zL2dhbGxlcnlQc1Rlc3RHYWxsZXJ5QXBwbGljYXRpb24yMzIzL3ZlcnNpb25zLzEuMC4wP2FwaS12ZXJzaW9uPTIwMjAtMDktMzA=",
      "RequestMethod": "GET",
      "RequestBody": "",
      "RequestHeaders": {
        "x-ms-client-request-id": [
          "3dded0c3-a3ef-4400-b16f-d28faf672983"
        ],
        "Accept-Language": [
          "en-US"
        ],
        "User-Agent": [
          "FxVersion/4.6.29321.03",
          "OSName/Windows",
          "OSVersion/Microsoft.Windows.10.0.19042.",
          "Microsoft.Azure.Management.Compute.ComputeManagementClient/42.0.0.0"
        ]
      },
      "ResponseHeaders": {
        "Cache-Control": [
          "no-cache"
        ],
        "Pragma": [
          "no-cache"
        ],
        "x-ms-ratelimit-remaining-resource": [
          "Microsoft.Compute/GetGalleryApplicationVersion3Min;1998,Microsoft.Compute/GetGalleryApplicationVersion30Min;9998"
        ],
        "Strict-Transport-Security": [
          "max-age=31536000; includeSubDomains"
        ],
        "x-ms-served-by": [
          "e49ba983-e5f9-41f1-955c-c34884d47cef_132490453051054599,e49ba983-e5f9-41f1-955c-c34884d47cef_132490453051054599"
        ],
        "x-ms-request-id": [
          "9b942ef4-2932-499c-b975-bc123b9386cb"
        ],
        "Server": [
          "Microsoft-HTTPAPI/2.0",
          "Microsoft-HTTPAPI/2.0"
        ],
        "x-ms-ratelimit-remaining-subscription-reads": [
          "11986"
        ],
        "x-ms-correlation-request-id": [
          "3467addb-849b-4dba-b80c-132e971ba1af"
        ],
        "x-ms-routing-request-id": [
          "WESTINDIA:20201201T203327Z:3467addb-849b-4dba-b80c-132e971ba1af"
        ],
        "X-Content-Type-Options": [
          "nosniff"
        ],
        "Date": [
          "Tue, 01 Dec 2020 20:33:26 GMT"
        ],
        "Content-Length": [
          "1271"
        ],
        "Content-Type": [
          "application/json; charset=utf-8"
        ],
        "Expires": [
          "-1"
        ]
      },
      "ResponseBody": "{\r\n  \"name\": \"1.0.0\",\r\n  \"id\": \"/subscriptions/0296790d-427c-48ca-b204-8b729bbd8670/resourceGroups/galleryPsTestRg9565/providers/Microsoft.Compute/galleries/galleryPsTestGallery9686/applications/galleryPsTestGalleryApplication2323/versions/1.0.0\",\r\n  \"type\": \"Microsoft.Compute/galleries/applications/versions\",\r\n  \"location\": \"southeastasia\",\r\n  \"properties\": {\r\n    \"publishingProfile\": {\r\n      \"source\": {\r\n        \"mediaLink\": \"https://saforgallery6107.blob.core.windows.net/sascontainer/test.txt?sv=2017-04-17&sr=b&sig=nFc0uSoMNMrEpj2zm5iyODBO9A%2BUBNMd1O1ey1DXpF0%3D&st=2020-11-30T20%3A27%3A49Z&se=2020-12-03T20%3A27%3A49Z&sp=rw\"\r\n      },\r\n      \"manageActions\": {\r\n        \"install\": \"install.cmd\",\r\n        \"remove\": \"remove.cmd\",\r\n        \"update\": \"update.cmd\"\r\n      },\r\n      \"enableHealthCheck\": false,\r\n      \"targetRegions\": [\r\n        {\r\n          \"name\": \"Southeast Asia\",\r\n          \"regionalReplicaCount\": 1,\r\n          \"storageAccountType\": \"Standard_LRS\"\r\n        }\r\n      ],\r\n      \"replicaCount\": 1,\r\n      \"excludeFromLatest\": false,\r\n      \"publishedDate\": \"2020-12-02T01:58:55.2008313+05:30\",\r\n      \"endOfLifeDate\": \"2020-12-12T00:00:00+05:30\",\r\n      \"storageAccountType\": \"Standard_LRS\"\r\n    },\r\n    \"provisioningState\": \"Succeeded\"\r\n  }\r\n}",
      "StatusCode": 200
    },
    {
      "RequestUri": "/subscriptions/0296790d-427c-48ca-b204-8b729bbd8670/resourceGroups/galleryPsTestRg9565/providers/Microsoft.Compute/galleries/galleryPsTestGallery9686/applications/galleryPsTestGalleryApplication2323/versions/1.0.0?api-version=2020-09-30",
      "EncodedRequestUri": "L3N1YnNjcmlwdGlvbnMvMDI5Njc5MGQtNDI3Yy00OGNhLWIyMDQtOGI3MjliYmQ4NjcwL3Jlc291cmNlR3JvdXBzL2dhbGxlcnlQc1Rlc3RSZzk1NjUvcHJvdmlkZXJzL01pY3Jvc29mdC5Db21wdXRlL2dhbGxlcmllcy9nYWxsZXJ5UHNUZXN0R2FsbGVyeTk2ODYvYXBwbGljYXRpb25zL2dhbGxlcnlQc1Rlc3RHYWxsZXJ5QXBwbGljYXRpb24yMzIzL3ZlcnNpb25zLzEuMC4wP2FwaS12ZXJzaW9uPTIwMjAtMDktMzA=",
      "RequestMethod": "GET",
      "RequestBody": "",
      "RequestHeaders": {
        "User-Agent": [
          "FxVersion/4.6.29321.03",
          "OSName/Windows",
          "OSVersion/Microsoft.Windows.10.0.19042.",
          "Microsoft.Azure.Management.Compute.ComputeManagementClient/42.0.0.0"
        ]
      },
      "ResponseHeaders": {
        "Cache-Control": [
          "no-cache"
        ],
        "Pragma": [
          "no-cache"
        ],
        "x-ms-ratelimit-remaining-resource": [
          "Microsoft.Compute/GetGalleryApplicationVersion3Min;1998,Microsoft.Compute/GetGalleryApplicationVersion30Min;9995"
        ],
        "Strict-Transport-Security": [
          "max-age=31536000; includeSubDomains"
        ],
        "x-ms-served-by": [
          "e49ba983-e5f9-41f1-955c-c34884d47cef_132490453051054599,e49ba983-e5f9-41f1-955c-c34884d47cef_132490453051054599"
        ],
        "x-ms-request-id": [
          "a75f7733-a38b-4767-9a9b-16f5e1ae7d87"
        ],
        "Server": [
          "Microsoft-HTTPAPI/2.0",
          "Microsoft-HTTPAPI/2.0"
        ],
        "x-ms-ratelimit-remaining-subscription-reads": [
          "11978"
        ],
        "x-ms-correlation-request-id": [
          "ac230d55-f5c4-4cc9-8aa5-d71d0fac69b8"
        ],
        "x-ms-routing-request-id": [
          "WESTINDIA:20201201T203628Z:ac230d55-f5c4-4cc9-8aa5-d71d0fac69b8"
        ],
        "X-Content-Type-Options": [
          "nosniff"
        ],
        "Date": [
          "Tue, 01 Dec 2020 20:36:28 GMT"
        ],
        "Content-Length": [
          "1271"
        ],
        "Content-Type": [
          "application/json; charset=utf-8"
        ],
        "Expires": [
          "-1"
        ]
      },
      "ResponseBody": "{\r\n  \"name\": \"1.0.0\",\r\n  \"id\": \"/subscriptions/0296790d-427c-48ca-b204-8b729bbd8670/resourceGroups/galleryPsTestRg9565/providers/Microsoft.Compute/galleries/galleryPsTestGallery9686/applications/galleryPsTestGalleryApplication2323/versions/1.0.0\",\r\n  \"type\": \"Microsoft.Compute/galleries/applications/versions\",\r\n  \"location\": \"southeastasia\",\r\n  \"properties\": {\r\n    \"publishingProfile\": {\r\n      \"source\": {\r\n        \"mediaLink\": \"https://saforgallery6107.blob.core.windows.net/sascontainer/test.txt?sv=2017-04-17&sr=b&sig=nFc0uSoMNMrEpj2zm5iyODBO9A%2BUBNMd1O1ey1DXpF0%3D&st=2020-11-30T20%3A27%3A49Z&se=2020-12-03T20%3A27%3A49Z&sp=rw\"\r\n      },\r\n      \"manageActions\": {\r\n        \"install\": \"install.cmd\",\r\n        \"remove\": \"remove.cmd\",\r\n        \"update\": \"update.cmd\"\r\n      },\r\n      \"enableHealthCheck\": false,\r\n      \"targetRegions\": [\r\n        {\r\n          \"name\": \"Southeast Asia\",\r\n          \"regionalReplicaCount\": 1,\r\n          \"storageAccountType\": \"Standard_LRS\"\r\n        }\r\n      ],\r\n      \"replicaCount\": 1,\r\n      \"excludeFromLatest\": false,\r\n      \"publishedDate\": \"2020-12-02T01:58:55.2008313+05:30\",\r\n      \"endOfLifeDate\": \"2021-03-12T00:00:00+05:30\",\r\n      \"storageAccountType\": \"Standard_LRS\"\r\n    },\r\n    \"provisioningState\": \"Succeeded\"\r\n  }\r\n}",
      "StatusCode": 200
    },
    {
      "RequestUri": "/subscriptions/0296790d-427c-48ca-b204-8b729bbd8670/resourceGroups/galleryPsTestRg9565/providers/Microsoft.Compute/galleries/galleryPsTestGallery9686/applications/galleryPsTestGalleryApplication2323/versions/1.0.0?api-version=2020-09-30",
      "EncodedRequestUri": "L3N1YnNjcmlwdGlvbnMvMDI5Njc5MGQtNDI3Yy00OGNhLWIyMDQtOGI3MjliYmQ4NjcwL3Jlc291cmNlR3JvdXBzL2dhbGxlcnlQc1Rlc3RSZzk1NjUvcHJvdmlkZXJzL01pY3Jvc29mdC5Db21wdXRlL2dhbGxlcmllcy9nYWxsZXJ5UHNUZXN0R2FsbGVyeTk2ODYvYXBwbGljYXRpb25zL2dhbGxlcnlQc1Rlc3RHYWxsZXJ5QXBwbGljYXRpb24yMzIzL3ZlcnNpb25zLzEuMC4wP2FwaS12ZXJzaW9uPTIwMjAtMDktMzA=",
      "RequestMethod": "GET",
      "RequestBody": "",
      "RequestHeaders": {
        "x-ms-client-request-id": [
          "8415784d-b5cb-466c-8c27-eff4f1053e55"
        ],
        "Accept-Language": [
          "en-US"
        ],
        "User-Agent": [
          "FxVersion/4.6.29321.03",
          "OSName/Windows",
          "OSVersion/Microsoft.Windows.10.0.19042.",
          "Microsoft.Azure.Management.Compute.ComputeManagementClient/42.0.0.0"
        ]
      },
      "ResponseHeaders": {
        "Cache-Control": [
          "no-cache"
        ],
        "Pragma": [
          "no-cache"
        ],
        "x-ms-ratelimit-remaining-resource": [
          "Microsoft.Compute/GetGalleryApplicationVersion3Min;1997,Microsoft.Compute/GetGalleryApplicationVersion30Min;9994"
        ],
        "Strict-Transport-Security": [
          "max-age=31536000; includeSubDomains"
        ],
        "x-ms-served-by": [
          "e49ba983-e5f9-41f1-955c-c34884d47cef_132490453051054599,e49ba983-e5f9-41f1-955c-c34884d47cef_132490453051054599"
        ],
        "x-ms-request-id": [
          "e59dc8ee-e8d5-40ad-8899-5c9404671128"
        ],
        "Server": [
          "Microsoft-HTTPAPI/2.0",
          "Microsoft-HTTPAPI/2.0"
        ],
        "x-ms-ratelimit-remaining-subscription-reads": [
          "11977"
        ],
        "x-ms-correlation-request-id": [
          "b8f652ba-3468-4eb2-a68e-86100a6a5a31"
        ],
        "x-ms-routing-request-id": [
          "WESTINDIA:20201201T203628Z:b8f652ba-3468-4eb2-a68e-86100a6a5a31"
        ],
        "X-Content-Type-Options": [
          "nosniff"
        ],
        "Date": [
          "Tue, 01 Dec 2020 20:36:28 GMT"
        ],
        "Content-Length": [
          "1271"
        ],
        "Content-Type": [
          "application/json; charset=utf-8"
        ],
        "Expires": [
          "-1"
        ]
      },
      "ResponseBody": "{\r\n  \"name\": \"1.0.0\",\r\n  \"id\": \"/subscriptions/0296790d-427c-48ca-b204-8b729bbd8670/resourceGroups/galleryPsTestRg9565/providers/Microsoft.Compute/galleries/galleryPsTestGallery9686/applications/galleryPsTestGalleryApplication2323/versions/1.0.0\",\r\n  \"type\": \"Microsoft.Compute/galleries/applications/versions\",\r\n  \"location\": \"southeastasia\",\r\n  \"properties\": {\r\n    \"publishingProfile\": {\r\n      \"source\": {\r\n        \"mediaLink\": \"https://saforgallery6107.blob.core.windows.net/sascontainer/test.txt?sv=2017-04-17&sr=b&sig=nFc0uSoMNMrEpj2zm5iyODBO9A%2BUBNMd1O1ey1DXpF0%3D&st=2020-11-30T20%3A27%3A49Z&se=2020-12-03T20%3A27%3A49Z&sp=rw\"\r\n      },\r\n      \"manageActions\": {\r\n        \"install\": \"install.cmd\",\r\n        \"remove\": \"remove.cmd\",\r\n        \"update\": \"update.cmd\"\r\n      },\r\n      \"enableHealthCheck\": false,\r\n      \"targetRegions\": [\r\n        {\r\n          \"name\": \"Southeast Asia\",\r\n          \"regionalReplicaCount\": 1,\r\n          \"storageAccountType\": \"Standard_LRS\"\r\n        }\r\n      ],\r\n      \"replicaCount\": 1,\r\n      \"excludeFromLatest\": false,\r\n      \"publishedDate\": \"2020-12-02T01:58:55.2008313+05:30\",\r\n      \"endOfLifeDate\": \"2021-03-12T00:00:00+05:30\",\r\n      \"storageAccountType\": \"Standard_LRS\"\r\n    },\r\n    \"provisioningState\": \"Succeeded\"\r\n  }\r\n}",
      "StatusCode": 200
    },
    {
      "RequestUri": "/subscriptions/0296790d-427c-48ca-b204-8b729bbd8670/resourceGroups/galleryPsTestRg9565/providers/Microsoft.Compute/galleries/galleryPsTestGallery9686/applications/galleryPsTestGalleryApplication2323/versions/1.0.0?$expand=ReplicationStatus&api-version=2020-09-30",
      "EncodedRequestUri": "L3N1YnNjcmlwdGlvbnMvMDI5Njc5MGQtNDI3Yy00OGNhLWIyMDQtOGI3MjliYmQ4NjcwL3Jlc291cmNlR3JvdXBzL2dhbGxlcnlQc1Rlc3RSZzk1NjUvcHJvdmlkZXJzL01pY3Jvc29mdC5Db21wdXRlL2dhbGxlcmllcy9nYWxsZXJ5UHNUZXN0R2FsbGVyeTk2ODYvYXBwbGljYXRpb25zL2dhbGxlcnlQc1Rlc3RHYWxsZXJ5QXBwbGljYXRpb24yMzIzL3ZlcnNpb25zLzEuMC4wPyRleHBhbmQ9UmVwbGljYXRpb25TdGF0dXMmYXBpLXZlcnNpb249MjAyMC0wOS0zMA==",
      "RequestMethod": "GET",
      "RequestBody": "",
      "RequestHeaders": {
        "x-ms-client-request-id": [
          "8c1c5b0d-eb46-42e4-b5fc-a59922d990bd"
        ],
        "Accept-Language": [
          "en-US"
        ],
        "User-Agent": [
          "FxVersion/4.6.29321.03",
          "OSName/Windows",
          "OSVersion/Microsoft.Windows.10.0.19042.",
          "Microsoft.Azure.Management.Compute.ComputeManagementClient/42.0.0.0"
        ]
      },
      "ResponseHeaders": {
        "Cache-Control": [
          "no-cache"
        ],
        "Pragma": [
          "no-cache"
        ],
        "x-ms-ratelimit-remaining-resource": [
          "Microsoft.Compute/GetGalleryApplicationVersion3Min;1997,Microsoft.Compute/GetGalleryApplicationVersion30Min;9997"
        ],
        "Strict-Transport-Security": [
          "max-age=31536000; includeSubDomains"
        ],
        "x-ms-served-by": [
          "e49ba983-e5f9-41f1-955c-c34884d47cef_132490453051054599,e49ba983-e5f9-41f1-955c-c34884d47cef_132490453051054599"
        ],
        "x-ms-request-id": [
          "a95afd1c-4e0c-466e-bbb7-08c5f1ea1b76"
        ],
        "Server": [
          "Microsoft-HTTPAPI/2.0",
          "Microsoft-HTTPAPI/2.0"
        ],
        "x-ms-ratelimit-remaining-subscription-reads": [
          "11985"
        ],
        "x-ms-correlation-request-id": [
          "b15953f0-e9fa-4b66-a19e-c8133e972811"
        ],
        "x-ms-routing-request-id": [
          "WESTINDIA:20201201T203327Z:b15953f0-e9fa-4b66-a19e-c8133e972811"
        ],
        "X-Content-Type-Options": [
          "nosniff"
        ],
        "Date": [
          "Tue, 01 Dec 2020 20:33:27 GMT"
        ],
        "Content-Length": [
          "1495"
        ],
        "Content-Type": [
          "application/json; charset=utf-8"
        ],
        "Expires": [
          "-1"
        ]
      },
      "ResponseBody": "{\r\n  \"name\": \"1.0.0\",\r\n  \"id\": \"/subscriptions/0296790d-427c-48ca-b204-8b729bbd8670/resourceGroups/galleryPsTestRg9565/providers/Microsoft.Compute/galleries/galleryPsTestGallery9686/applications/galleryPsTestGalleryApplication2323/versions/1.0.0\",\r\n  \"type\": \"Microsoft.Compute/galleries/applications/versions\",\r\n  \"location\": \"southeastasia\",\r\n  \"properties\": {\r\n    \"publishingProfile\": {\r\n      \"source\": {\r\n        \"mediaLink\": \"https://saforgallery6107.blob.core.windows.net/sascontainer/test.txt?sv=2017-04-17&sr=b&sig=nFc0uSoMNMrEpj2zm5iyODBO9A%2BUBNMd1O1ey1DXpF0%3D&st=2020-11-30T20%3A27%3A49Z&se=2020-12-03T20%3A27%3A49Z&sp=rw\"\r\n      },\r\n      \"manageActions\": {\r\n        \"install\": \"install.cmd\",\r\n        \"remove\": \"remove.cmd\",\r\n        \"update\": \"update.cmd\"\r\n      },\r\n      \"enableHealthCheck\": false,\r\n      \"targetRegions\": [\r\n        {\r\n          \"name\": \"Southeast Asia\",\r\n          \"regionalReplicaCount\": 1,\r\n          \"storageAccountType\": \"Standard_LRS\"\r\n        }\r\n      ],\r\n      \"replicaCount\": 1,\r\n      \"excludeFromLatest\": false,\r\n      \"publishedDate\": \"2020-12-02T01:58:55.2008313+05:30\",\r\n      \"endOfLifeDate\": \"2020-12-12T00:00:00+05:30\",\r\n      \"storageAccountType\": \"Standard_LRS\"\r\n    },\r\n    \"provisioningState\": \"Succeeded\",\r\n    \"replicationStatus\": {\r\n      \"aggregatedState\": \"Completed\",\r\n      \"summary\": [\r\n        {\r\n          \"region\": \"southeastasia\",\r\n          \"state\": \"Completed\",\r\n          \"progress\": 100\r\n        }\r\n      ]\r\n    }\r\n  }\r\n}",
      "StatusCode": 200
    },
    {
      "RequestUri": "/subscriptions/0296790d-427c-48ca-b204-8b729bbd8670/providers/Microsoft.Compute/locations/southeastasia/capsOperations/7db4564d-b73e-4b2a-a8a3-8fdc1a393f6b?api-version=2020-09-30",
      "EncodedRequestUri": "L3N1YnNjcmlwdGlvbnMvMDI5Njc5MGQtNDI3Yy00OGNhLWIyMDQtOGI3MjliYmQ4NjcwL3Byb3ZpZGVycy9NaWNyb3NvZnQuQ29tcHV0ZS9sb2NhdGlvbnMvc291dGhlYXN0YXNpYS9jYXBzT3BlcmF0aW9ucy83ZGI0NTY0ZC1iNzNlLTRiMmEtYThhMy04ZmRjMWEzOTNmNmI/YXBpLXZlcnNpb249MjAyMC0wOS0zMA==",
      "RequestMethod": "GET",
      "RequestBody": "",
      "RequestHeaders": {
        "User-Agent": [
          "FxVersion/4.6.29321.03",
          "OSName/Windows",
          "OSVersion/Microsoft.Windows.10.0.19042.",
          "Microsoft.Azure.Management.Compute.ComputeManagementClient/42.0.0.0"
        ]
      },
      "ResponseHeaders": {
        "Cache-Control": [
          "no-cache"
        ],
        "Pragma": [
          "no-cache"
        ],
        "x-ms-ratelimit-remaining-resource": [
          "Microsoft.Compute/GetOperationStatus3Min;1183,Microsoft.Compute/GetOperationStatus30Min;4170"
        ],
        "Strict-Transport-Security": [
          "max-age=31536000; includeSubDomains"
        ],
        "x-ms-served-by": [
          "e49ba983-e5f9-41f1-955c-c34884d47cef_132490453051054599,e49ba983-e5f9-41f1-955c-c34884d47cef_132490453051054599"
        ],
        "x-ms-request-id": [
          "d4c118bd-d8fb-47d1-a08c-7ddd29a909dc"
        ],
        "Server": [
          "Microsoft-HTTPAPI/2.0",
          "Microsoft-HTTPAPI/2.0"
        ],
        "x-ms-ratelimit-remaining-subscription-reads": [
          "11984"
        ],
        "x-ms-correlation-request-id": [
          "9dbddcc3-aac3-4701-93c0-fec70738320b"
        ],
        "x-ms-routing-request-id": [
          "WESTINDIA:20201201T203357Z:9dbddcc3-aac3-4701-93c0-fec70738320b"
        ],
        "X-Content-Type-Options": [
          "nosniff"
        ],
        "Date": [
          "Tue, 01 Dec 2020 20:33:57 GMT"
        ],
        "Content-Length": [
          "134"
        ],
        "Content-Type": [
          "application/json; charset=utf-8"
        ],
        "Expires": [
          "-1"
        ]
      },
      "ResponseBody": "{\r\n  \"startTime\": \"2020-12-02T02:03:27.5322677+05:30\",\r\n  \"status\": \"InProgress\",\r\n  \"name\": \"7db4564d-b73e-4b2a-a8a3-8fdc1a393f6b\"\r\n}",
      "StatusCode": 200
    },
    {
      "RequestUri": "/subscriptions/0296790d-427c-48ca-b204-8b729bbd8670/providers/Microsoft.Compute/locations/southeastasia/capsOperations/7db4564d-b73e-4b2a-a8a3-8fdc1a393f6b?api-version=2020-09-30",
      "EncodedRequestUri": "L3N1YnNjcmlwdGlvbnMvMDI5Njc5MGQtNDI3Yy00OGNhLWIyMDQtOGI3MjliYmQ4NjcwL3Byb3ZpZGVycy9NaWNyb3NvZnQuQ29tcHV0ZS9sb2NhdGlvbnMvc291dGhlYXN0YXNpYS9jYXBzT3BlcmF0aW9ucy83ZGI0NTY0ZC1iNzNlLTRiMmEtYThhMy04ZmRjMWEzOTNmNmI/YXBpLXZlcnNpb249MjAyMC0wOS0zMA==",
      "RequestMethod": "GET",
      "RequestBody": "",
      "RequestHeaders": {
        "User-Agent": [
          "FxVersion/4.6.29321.03",
          "OSName/Windows",
          "OSVersion/Microsoft.Windows.10.0.19042.",
          "Microsoft.Azure.Management.Compute.ComputeManagementClient/42.0.0.0"
        ]
      },
      "ResponseHeaders": {
        "Cache-Control": [
          "no-cache"
        ],
        "Pragma": [
          "no-cache"
        ],
        "x-ms-ratelimit-remaining-resource": [
          "Microsoft.Compute/GetOperationStatus3Min;1183,Microsoft.Compute/GetOperationStatus30Min;4167"
        ],
        "Strict-Transport-Security": [
          "max-age=31536000; includeSubDomains"
        ],
        "x-ms-served-by": [
          "e49ba983-e5f9-41f1-955c-c34884d47cef_132490453051054599,e49ba983-e5f9-41f1-955c-c34884d47cef_132490453051054599"
        ],
        "x-ms-request-id": [
          "cab166ed-bce4-4759-83be-9a8b00da88c5"
        ],
        "Server": [
          "Microsoft-HTTPAPI/2.0",
          "Microsoft-HTTPAPI/2.0"
        ],
        "x-ms-ratelimit-remaining-subscription-reads": [
          "11983"
        ],
        "x-ms-correlation-request-id": [
          "c951a018-627f-44b9-ae3a-56f2d1f340f3"
        ],
        "x-ms-routing-request-id": [
          "WESTINDIA:20201201T203427Z:c951a018-627f-44b9-ae3a-56f2d1f340f3"
        ],
        "X-Content-Type-Options": [
          "nosniff"
        ],
        "Date": [
          "Tue, 01 Dec 2020 20:34:27 GMT"
        ],
        "Content-Length": [
          "134"
        ],
        "Content-Type": [
          "application/json; charset=utf-8"
        ],
        "Expires": [
          "-1"
        ]
      },
      "ResponseBody": "{\r\n  \"startTime\": \"2020-12-02T02:03:27.5322677+05:30\",\r\n  \"status\": \"InProgress\",\r\n  \"name\": \"7db4564d-b73e-4b2a-a8a3-8fdc1a393f6b\"\r\n}",
      "StatusCode": 200
    },
    {
      "RequestUri": "/subscriptions/0296790d-427c-48ca-b204-8b729bbd8670/providers/Microsoft.Compute/locations/southeastasia/capsOperations/7db4564d-b73e-4b2a-a8a3-8fdc1a393f6b?api-version=2020-09-30",
      "EncodedRequestUri": "L3N1YnNjcmlwdGlvbnMvMDI5Njc5MGQtNDI3Yy00OGNhLWIyMDQtOGI3MjliYmQ4NjcwL3Byb3ZpZGVycy9NaWNyb3NvZnQuQ29tcHV0ZS9sb2NhdGlvbnMvc291dGhlYXN0YXNpYS9jYXBzT3BlcmF0aW9ucy83ZGI0NTY0ZC1iNzNlLTRiMmEtYThhMy04ZmRjMWEzOTNmNmI/YXBpLXZlcnNpb249MjAyMC0wOS0zMA==",
      "RequestMethod": "GET",
      "RequestBody": "",
      "RequestHeaders": {
        "User-Agent": [
          "FxVersion/4.6.29321.03",
          "OSName/Windows",
          "OSVersion/Microsoft.Windows.10.0.19042.",
          "Microsoft.Azure.Management.Compute.ComputeManagementClient/42.0.0.0"
        ]
      },
      "ResponseHeaders": {
        "Cache-Control": [
          "no-cache"
        ],
        "Pragma": [
          "no-cache"
        ],
        "x-ms-ratelimit-remaining-resource": [
          "Microsoft.Compute/GetOperationStatus3Min;1183,Microsoft.Compute/GetOperationStatus30Min;4164"
        ],
        "Strict-Transport-Security": [
          "max-age=31536000; includeSubDomains"
        ],
        "x-ms-served-by": [
          "e49ba983-e5f9-41f1-955c-c34884d47cef_132490453051054599,e49ba983-e5f9-41f1-955c-c34884d47cef_132490453051054599"
        ],
        "x-ms-request-id": [
          "13b3f2ea-c0ec-4672-a20b-bfe55cbb8b96"
        ],
        "Server": [
          "Microsoft-HTTPAPI/2.0",
          "Microsoft-HTTPAPI/2.0"
        ],
        "x-ms-ratelimit-remaining-subscription-reads": [
          "11982"
        ],
        "x-ms-correlation-request-id": [
          "0a673d83-7d9b-4d2a-984b-1e6a248c78db"
        ],
        "x-ms-routing-request-id": [
          "WESTINDIA:20201201T203458Z:0a673d83-7d9b-4d2a-984b-1e6a248c78db"
        ],
        "X-Content-Type-Options": [
          "nosniff"
        ],
        "Date": [
          "Tue, 01 Dec 2020 20:34:57 GMT"
        ],
        "Content-Length": [
          "134"
        ],
        "Content-Type": [
          "application/json; charset=utf-8"
        ],
        "Expires": [
          "-1"
        ]
      },
      "ResponseBody": "{\r\n  \"startTime\": \"2020-12-02T02:03:27.5322677+05:30\",\r\n  \"status\": \"InProgress\",\r\n  \"name\": \"7db4564d-b73e-4b2a-a8a3-8fdc1a393f6b\"\r\n}",
      "StatusCode": 200
    },
    {
      "RequestUri": "/subscriptions/0296790d-427c-48ca-b204-8b729bbd8670/providers/Microsoft.Compute/locations/southeastasia/capsOperations/7db4564d-b73e-4b2a-a8a3-8fdc1a393f6b?api-version=2020-09-30",
      "EncodedRequestUri": "L3N1YnNjcmlwdGlvbnMvMDI5Njc5MGQtNDI3Yy00OGNhLWIyMDQtOGI3MjliYmQ4NjcwL3Byb3ZpZGVycy9NaWNyb3NvZnQuQ29tcHV0ZS9sb2NhdGlvbnMvc291dGhlYXN0YXNpYS9jYXBzT3BlcmF0aW9ucy83ZGI0NTY0ZC1iNzNlLTRiMmEtYThhMy04ZmRjMWEzOTNmNmI/YXBpLXZlcnNpb249MjAyMC0wOS0zMA==",
      "RequestMethod": "GET",
      "RequestBody": "",
      "RequestHeaders": {
        "User-Agent": [
          "FxVersion/4.6.29321.03",
          "OSName/Windows",
          "OSVersion/Microsoft.Windows.10.0.19042.",
          "Microsoft.Azure.Management.Compute.ComputeManagementClient/42.0.0.0"
        ]
      },
      "ResponseHeaders": {
        "Cache-Control": [
          "no-cache"
        ],
        "Pragma": [
          "no-cache"
        ],
        "x-ms-ratelimit-remaining-resource": [
          "Microsoft.Compute/GetOperationStatus3Min;1183,Microsoft.Compute/GetOperationStatus30Min;4161"
        ],
        "Strict-Transport-Security": [
          "max-age=31536000; includeSubDomains"
        ],
        "x-ms-served-by": [
          "e49ba983-e5f9-41f1-955c-c34884d47cef_132490453051054599,e49ba983-e5f9-41f1-955c-c34884d47cef_132490453051054599"
        ],
        "x-ms-request-id": [
          "2b537171-eda8-434d-bfdf-fe04ad58e3d0"
        ],
        "Server": [
          "Microsoft-HTTPAPI/2.0",
          "Microsoft-HTTPAPI/2.0"
        ],
        "x-ms-ratelimit-remaining-subscription-reads": [
          "11981"
        ],
        "x-ms-correlation-request-id": [
          "319e2c2e-fd16-4e9f-8b6f-34724ace3563"
        ],
        "x-ms-routing-request-id": [
          "WESTINDIA:20201201T203528Z:319e2c2e-fd16-4e9f-8b6f-34724ace3563"
        ],
        "X-Content-Type-Options": [
          "nosniff"
        ],
        "Date": [
          "Tue, 01 Dec 2020 20:35:27 GMT"
        ],
        "Content-Length": [
          "134"
        ],
        "Content-Type": [
          "application/json; charset=utf-8"
        ],
        "Expires": [
          "-1"
        ]
      },
      "ResponseBody": "{\r\n  \"startTime\": \"2020-12-02T02:03:27.5322677+05:30\",\r\n  \"status\": \"InProgress\",\r\n  \"name\": \"7db4564d-b73e-4b2a-a8a3-8fdc1a393f6b\"\r\n}",
      "StatusCode": 200
    },
    {
      "RequestUri": "/subscriptions/0296790d-427c-48ca-b204-8b729bbd8670/providers/Microsoft.Compute/locations/southeastasia/capsOperations/7db4564d-b73e-4b2a-a8a3-8fdc1a393f6b?api-version=2020-09-30",
      "EncodedRequestUri": "L3N1YnNjcmlwdGlvbnMvMDI5Njc5MGQtNDI3Yy00OGNhLWIyMDQtOGI3MjliYmQ4NjcwL3Byb3ZpZGVycy9NaWNyb3NvZnQuQ29tcHV0ZS9sb2NhdGlvbnMvc291dGhlYXN0YXNpYS9jYXBzT3BlcmF0aW9ucy83ZGI0NTY0ZC1iNzNlLTRiMmEtYThhMy04ZmRjMWEzOTNmNmI/YXBpLXZlcnNpb249MjAyMC0wOS0zMA==",
      "RequestMethod": "GET",
      "RequestBody": "",
      "RequestHeaders": {
        "User-Agent": [
          "FxVersion/4.6.29321.03",
          "OSName/Windows",
          "OSVersion/Microsoft.Windows.10.0.19042.",
          "Microsoft.Azure.Management.Compute.ComputeManagementClient/42.0.0.0"
        ]
      },
      "ResponseHeaders": {
        "Cache-Control": [
          "no-cache"
        ],
        "Pragma": [
          "no-cache"
        ],
        "x-ms-ratelimit-remaining-resource": [
          "Microsoft.Compute/GetOperationStatus3Min;1184,Microsoft.Compute/GetOperationStatus30Min;4159"
        ],
        "Strict-Transport-Security": [
          "max-age=31536000; includeSubDomains"
        ],
        "x-ms-served-by": [
          "e49ba983-e5f9-41f1-955c-c34884d47cef_132490453051054599,e49ba983-e5f9-41f1-955c-c34884d47cef_132490453051054599"
        ],
        "x-ms-request-id": [
          "4a3d36ba-ebf0-41af-8029-1644f35cc8ff"
        ],
        "Server": [
          "Microsoft-HTTPAPI/2.0",
          "Microsoft-HTTPAPI/2.0"
        ],
        "x-ms-ratelimit-remaining-subscription-reads": [
          "11980"
        ],
        "x-ms-correlation-request-id": [
          "a2acc682-58c7-4495-a3f2-9c0a2fe70c0c"
        ],
        "x-ms-routing-request-id": [
          "WESTINDIA:20201201T203558Z:a2acc682-58c7-4495-a3f2-9c0a2fe70c0c"
        ],
        "X-Content-Type-Options": [
          "nosniff"
        ],
        "Date": [
          "Tue, 01 Dec 2020 20:35:57 GMT"
        ],
        "Content-Length": [
          "134"
        ],
        "Content-Type": [
          "application/json; charset=utf-8"
        ],
        "Expires": [
          "-1"
        ]
      },
      "ResponseBody": "{\r\n  \"startTime\": \"2020-12-02T02:03:27.5322677+05:30\",\r\n  \"status\": \"InProgress\",\r\n  \"name\": \"7db4564d-b73e-4b2a-a8a3-8fdc1a393f6b\"\r\n}",
      "StatusCode": 200
    },
    {
      "RequestUri": "/subscriptions/0296790d-427c-48ca-b204-8b729bbd8670/providers/Microsoft.Compute/locations/southeastasia/capsOperations/7db4564d-b73e-4b2a-a8a3-8fdc1a393f6b?api-version=2020-09-30",
      "EncodedRequestUri": "L3N1YnNjcmlwdGlvbnMvMDI5Njc5MGQtNDI3Yy00OGNhLWIyMDQtOGI3MjliYmQ4NjcwL3Byb3ZpZGVycy9NaWNyb3NvZnQuQ29tcHV0ZS9sb2NhdGlvbnMvc291dGhlYXN0YXNpYS9jYXBzT3BlcmF0aW9ucy83ZGI0NTY0ZC1iNzNlLTRiMmEtYThhMy04ZmRjMWEzOTNmNmI/YXBpLXZlcnNpb249MjAyMC0wOS0zMA==",
      "RequestMethod": "GET",
      "RequestBody": "",
      "RequestHeaders": {
        "User-Agent": [
          "FxVersion/4.6.29321.03",
          "OSName/Windows",
          "OSVersion/Microsoft.Windows.10.0.19042.",
          "Microsoft.Azure.Management.Compute.ComputeManagementClient/42.0.0.0"
        ]
      },
      "ResponseHeaders": {
        "Cache-Control": [
          "no-cache"
        ],
        "Pragma": [
          "no-cache"
        ],
        "x-ms-ratelimit-remaining-resource": [
          "Microsoft.Compute/GetOperationStatus3Min;1183,Microsoft.Compute/GetOperationStatus30Min;4156"
        ],
        "Strict-Transport-Security": [
          "max-age=31536000; includeSubDomains"
        ],
        "x-ms-served-by": [
          "e49ba983-e5f9-41f1-955c-c34884d47cef_132490453051054599,e49ba983-e5f9-41f1-955c-c34884d47cef_132490453051054599"
        ],
        "x-ms-request-id": [
          "4e6ceda6-e90b-452a-8e15-a431d5fc6651"
        ],
        "Server": [
          "Microsoft-HTTPAPI/2.0",
          "Microsoft-HTTPAPI/2.0"
        ],
        "x-ms-ratelimit-remaining-subscription-reads": [
          "11979"
        ],
        "x-ms-correlation-request-id": [
          "64b4329d-c7b3-4ca9-b1f5-13147d26aa99"
        ],
        "x-ms-routing-request-id": [
          "WESTINDIA:20201201T203628Z:64b4329d-c7b3-4ca9-b1f5-13147d26aa99"
        ],
        "X-Content-Type-Options": [
          "nosniff"
        ],
        "Date": [
          "Tue, 01 Dec 2020 20:36:28 GMT"
        ],
        "Content-Length": [
          "184"
        ],
        "Content-Type": [
          "application/json; charset=utf-8"
        ],
        "Expires": [
          "-1"
        ]
      },
      "ResponseBody": "{\r\n  \"startTime\": \"2020-12-02T02:03:27.5322677+05:30\",\r\n  \"endTime\": \"2020-12-02T02:06:27.6905607+05:30\",\r\n  \"status\": \"Succeeded\",\r\n  \"name\": \"7db4564d-b73e-4b2a-a8a3-8fdc1a393f6b\"\r\n}",
      "StatusCode": 200
    },
    {
      "RequestUri": "/subscriptions/0296790d-427c-48ca-b204-8b729bbd8670/resourceGroups/galleryPsTestRg9565/providers/Microsoft.Compute/galleries/galleryPsTestGallery9686/applications/galleryPsTestGalleryApplication2323/versions/1.0.0?api-version=2020-09-30",
      "EncodedRequestUri": "L3N1YnNjcmlwdGlvbnMvMDI5Njc5MGQtNDI3Yy00OGNhLWIyMDQtOGI3MjliYmQ4NjcwL3Jlc291cmNlR3JvdXBzL2dhbGxlcnlQc1Rlc3RSZzk1NjUvcHJvdmlkZXJzL01pY3Jvc29mdC5Db21wdXRlL2dhbGxlcmllcy9nYWxsZXJ5UHNUZXN0R2FsbGVyeTk2ODYvYXBwbGljYXRpb25zL2dhbGxlcnlQc1Rlc3RHYWxsZXJ5QXBwbGljYXRpb24yMzIzL3ZlcnNpb25zLzEuMC4wP2FwaS12ZXJzaW9uPTIwMjAtMDktMzA=",
      "RequestMethod": "DELETE",
      "RequestBody": "",
      "RequestHeaders": {
        "x-ms-client-request-id": [
          "a92b2e2a-2c1b-416b-9981-591ce04aefe7"
        ],
        "Accept-Language": [
          "en-US"
        ],
        "User-Agent": [
          "FxVersion/4.6.29321.03",
          "OSName/Windows",
          "OSVersion/Microsoft.Windows.10.0.19042.",
          "Microsoft.Azure.Management.Compute.ComputeManagementClient/42.0.0.0"
        ]
      },
      "ResponseHeaders": {
        "Cache-Control": [
          "no-cache"
        ],
        "Pragma": [
          "no-cache"
        ],
        "Location": [
          "https://management.azure.com/subscriptions/0296790d-427c-48ca-b204-8b729bbd8670/providers/Microsoft.Compute/locations/southeastasia/capsOperations/335d2f1a-bfb8-4281-a9ca-fa0b4d07f945?monitor=true&api-version=2020-09-30"
        ],
        "Azure-AsyncOperation": [
          "https://management.azure.com/subscriptions/0296790d-427c-48ca-b204-8b729bbd8670/providers/Microsoft.Compute/locations/southeastasia/capsOperations/335d2f1a-bfb8-4281-a9ca-fa0b4d07f945?api-version=2020-09-30"
        ],
        "x-ms-ratelimit-remaining-resource": [
          "Microsoft.Compute/DeleteGalleryApplicationVersion3Min;149,Microsoft.Compute/DeleteGalleryApplicationVersion30Min;999"
        ],
        "Strict-Transport-Security": [
          "max-age=31536000; includeSubDomains"
        ],
        "x-ms-served-by": [
          "e49ba983-e5f9-41f1-955c-c34884d47cef_132490453051054599,e49ba983-e5f9-41f1-955c-c34884d47cef_132490453051054599"
        ],
        "x-ms-request-id": [
          "335d2f1a-bfb8-4281-a9ca-fa0b4d07f945"
        ],
        "Server": [
          "Microsoft-HTTPAPI/2.0",
          "Microsoft-HTTPAPI/2.0"
        ],
        "x-ms-ratelimit-remaining-subscription-deletes": [
          "14999"
        ],
        "x-ms-correlation-request-id": [
          "a6d60e92-68ab-4cc3-9679-a4313b6344f2"
        ],
        "x-ms-routing-request-id": [
          "WESTINDIA:20201201T203629Z:a6d60e92-68ab-4cc3-9679-a4313b6344f2"
        ],
        "X-Content-Type-Options": [
          "nosniff"
        ],
        "Date": [
          "Tue, 01 Dec 2020 20:36:28 GMT"
        ],
        "Expires": [
          "-1"
        ],
        "Content-Length": [
          "0"
        ]
      },
      "ResponseBody": "",
      "StatusCode": 202
    },
    {
      "RequestUri": "/subscriptions/0296790d-427c-48ca-b204-8b729bbd8670/providers/Microsoft.Compute/locations/southeastasia/capsOperations/335d2f1a-bfb8-4281-a9ca-fa0b4d07f945?api-version=2020-09-30",
      "EncodedRequestUri": "L3N1YnNjcmlwdGlvbnMvMDI5Njc5MGQtNDI3Yy00OGNhLWIyMDQtOGI3MjliYmQ4NjcwL3Byb3ZpZGVycy9NaWNyb3NvZnQuQ29tcHV0ZS9sb2NhdGlvbnMvc291dGhlYXN0YXNpYS9jYXBzT3BlcmF0aW9ucy8zMzVkMmYxYS1iZmI4LTQyODEtYTljYS1mYTBiNGQwN2Y5NDU/YXBpLXZlcnNpb249MjAyMC0wOS0zMA==",
      "RequestMethod": "GET",
      "RequestBody": "",
      "RequestHeaders": {
        "User-Agent": [
          "FxVersion/4.6.29321.03",
          "OSName/Windows",
          "OSVersion/Microsoft.Windows.10.0.19042.",
          "Microsoft.Azure.Management.Compute.ComputeManagementClient/42.0.0.0"
        ]
      },
      "ResponseHeaders": {
        "Cache-Control": [
          "no-cache"
        ],
        "Pragma": [
          "no-cache"
        ],
        "x-ms-ratelimit-remaining-resource": [
          "Microsoft.Compute/GetOperationStatus3Min;1183,Microsoft.Compute/GetOperationStatus30Min;4153"
        ],
        "Strict-Transport-Security": [
          "max-age=31536000; includeSubDomains"
        ],
        "x-ms-served-by": [
          "e49ba983-e5f9-41f1-955c-c34884d47cef_132490453051054599,e49ba983-e5f9-41f1-955c-c34884d47cef_132490453051054599"
        ],
        "x-ms-request-id": [
          "05e85bb8-8559-43cf-94ef-3ddc76159e9d"
        ],
        "Server": [
          "Microsoft-HTTPAPI/2.0",
          "Microsoft-HTTPAPI/2.0"
        ],
        "x-ms-ratelimit-remaining-subscription-reads": [
          "11976"
        ],
        "x-ms-correlation-request-id": [
          "0fcdea17-f64e-4c44-b43c-e6cc98499933"
        ],
        "x-ms-routing-request-id": [
          "WESTINDIA:20201201T203659Z:0fcdea17-f64e-4c44-b43c-e6cc98499933"
        ],
        "X-Content-Type-Options": [
          "nosniff"
        ],
        "Date": [
          "Tue, 01 Dec 2020 20:36:58 GMT"
        ],
        "Content-Length": [
          "134"
        ],
        "Content-Type": [
          "application/json; charset=utf-8"
        ],
        "Expires": [
          "-1"
        ]
      },
      "ResponseBody": "{\r\n  \"startTime\": \"2020-12-02T02:06:28.8780708+05:30\",\r\n  \"status\": \"InProgress\",\r\n  \"name\": \"335d2f1a-bfb8-4281-a9ca-fa0b4d07f945\"\r\n}",
      "StatusCode": 200
    },
    {
      "RequestUri": "/subscriptions/0296790d-427c-48ca-b204-8b729bbd8670/providers/Microsoft.Compute/locations/southeastasia/capsOperations/335d2f1a-bfb8-4281-a9ca-fa0b4d07f945?api-version=2020-09-30",
      "EncodedRequestUri": "L3N1YnNjcmlwdGlvbnMvMDI5Njc5MGQtNDI3Yy00OGNhLWIyMDQtOGI3MjliYmQ4NjcwL3Byb3ZpZGVycy9NaWNyb3NvZnQuQ29tcHV0ZS9sb2NhdGlvbnMvc291dGhlYXN0YXNpYS9jYXBzT3BlcmF0aW9ucy8zMzVkMmYxYS1iZmI4LTQyODEtYTljYS1mYTBiNGQwN2Y5NDU/YXBpLXZlcnNpb249MjAyMC0wOS0zMA==",
      "RequestMethod": "GET",
      "RequestBody": "",
      "RequestHeaders": {
        "User-Agent": [
          "FxVersion/4.6.29321.03",
          "OSName/Windows",
          "OSVersion/Microsoft.Windows.10.0.19042.",
          "Microsoft.Azure.Management.Compute.ComputeManagementClient/42.0.0.0"
        ]
      },
      "ResponseHeaders": {
        "Cache-Control": [
          "no-cache"
        ],
        "Pragma": [
          "no-cache"
        ],
        "x-ms-ratelimit-remaining-resource": [
          "Microsoft.Compute/GetOperationStatus3Min;1183,Microsoft.Compute/GetOperationStatus30Min;4150"
        ],
        "Strict-Transport-Security": [
          "max-age=31536000; includeSubDomains"
        ],
        "x-ms-served-by": [
          "e49ba983-e5f9-41f1-955c-c34884d47cef_132490453051054599,e49ba983-e5f9-41f1-955c-c34884d47cef_132490453051054599"
        ],
        "x-ms-request-id": [
          "52a19760-4713-4ae9-8392-3c0cb1ca9d78"
        ],
        "x-ms-ratelimit-remaining-subscription-reads": [
          "11975"
        ],
        "Server": [
          "Microsoft-HTTPAPI/2.0",
          "Microsoft-HTTPAPI/2.0"
        ],
        "x-ms-correlation-request-id": [
          "232bf370-7ef6-4111-9f76-0c31681e461a"
        ],
        "x-ms-routing-request-id": [
          "WESTINDIA:20201201T203729Z:232bf370-7ef6-4111-9f76-0c31681e461a"
        ],
        "X-Content-Type-Options": [
          "nosniff"
        ],
        "Date": [
          "Tue, 01 Dec 2020 20:37:28 GMT"
        ],
        "Content-Length": [
          "134"
        ],
        "Content-Type": [
          "application/json; charset=utf-8"
        ],
        "Expires": [
          "-1"
        ]
      },
      "ResponseBody": "{\r\n  \"startTime\": \"2020-12-02T02:06:28.8780708+05:30\",\r\n  \"status\": \"InProgress\",\r\n  \"name\": \"335d2f1a-bfb8-4281-a9ca-fa0b4d07f945\"\r\n}",
      "StatusCode": 200
    },
    {
      "RequestUri": "/subscriptions/0296790d-427c-48ca-b204-8b729bbd8670/providers/Microsoft.Compute/locations/southeastasia/capsOperations/335d2f1a-bfb8-4281-a9ca-fa0b4d07f945?api-version=2020-09-30",
      "EncodedRequestUri": "L3N1YnNjcmlwdGlvbnMvMDI5Njc5MGQtNDI3Yy00OGNhLWIyMDQtOGI3MjliYmQ4NjcwL3Byb3ZpZGVycy9NaWNyb3NvZnQuQ29tcHV0ZS9sb2NhdGlvbnMvc291dGhlYXN0YXNpYS9jYXBzT3BlcmF0aW9ucy8zMzVkMmYxYS1iZmI4LTQyODEtYTljYS1mYTBiNGQwN2Y5NDU/YXBpLXZlcnNpb249MjAyMC0wOS0zMA==",
      "RequestMethod": "GET",
      "RequestBody": "",
      "RequestHeaders": {
        "User-Agent": [
          "FxVersion/4.6.29321.03",
          "OSName/Windows",
          "OSVersion/Microsoft.Windows.10.0.19042.",
          "Microsoft.Azure.Management.Compute.ComputeManagementClient/42.0.0.0"
        ]
      },
      "ResponseHeaders": {
        "Cache-Control": [
          "no-cache"
        ],
        "Pragma": [
          "no-cache"
        ],
        "x-ms-ratelimit-remaining-resource": [
          "Microsoft.Compute/GetOperationStatus3Min;1183,Microsoft.Compute/GetOperationStatus30Min;4147"
        ],
        "Strict-Transport-Security": [
          "max-age=31536000; includeSubDomains"
        ],
        "x-ms-served-by": [
          "e49ba983-e5f9-41f1-955c-c34884d47cef_132490453051054599,e49ba983-e5f9-41f1-955c-c34884d47cef_132490453051054599"
        ],
        "x-ms-request-id": [
          "bc7a9c78-d5eb-4abc-b7f9-cdf3e602987d"
        ],
        "Server": [
          "Microsoft-HTTPAPI/2.0",
          "Microsoft-HTTPAPI/2.0"
        ],
        "x-ms-ratelimit-remaining-subscription-reads": [
          "11974"
        ],
        "x-ms-correlation-request-id": [
          "4832ad03-25f1-4fb7-a3ca-46c3dd0ffd31"
        ],
        "x-ms-routing-request-id": [
          "WESTINDIA:20201201T203759Z:4832ad03-25f1-4fb7-a3ca-46c3dd0ffd31"
        ],
        "X-Content-Type-Options": [
          "nosniff"
        ],
        "Date": [
          "Tue, 01 Dec 2020 20:37:59 GMT"
        ],
        "Content-Length": [
          "184"
        ],
        "Content-Type": [
          "application/json; charset=utf-8"
        ],
        "Expires": [
          "-1"
        ]
      },
      "ResponseBody": "{\r\n  \"startTime\": \"2020-12-02T02:06:28.8780708+05:30\",\r\n  \"endTime\": \"2020-12-02T02:07:59.1135083+05:30\",\r\n  \"status\": \"Succeeded\",\r\n  \"name\": \"335d2f1a-bfb8-4281-a9ca-fa0b4d07f945\"\r\n}",
      "StatusCode": 200
    },
    {
      "RequestUri": "/subscriptions/0296790d-427c-48ca-b204-8b729bbd8670/providers/Microsoft.Compute/locations/southeastasia/capsOperations/335d2f1a-bfb8-4281-a9ca-fa0b4d07f945?monitor=true&api-version=2020-09-30",
      "EncodedRequestUri": "L3N1YnNjcmlwdGlvbnMvMDI5Njc5MGQtNDI3Yy00OGNhLWIyMDQtOGI3MjliYmQ4NjcwL3Byb3ZpZGVycy9NaWNyb3NvZnQuQ29tcHV0ZS9sb2NhdGlvbnMvc291dGhlYXN0YXNpYS9jYXBzT3BlcmF0aW9ucy8zMzVkMmYxYS1iZmI4LTQyODEtYTljYS1mYTBiNGQwN2Y5NDU/bW9uaXRvcj10cnVlJmFwaS12ZXJzaW9uPTIwMjAtMDktMzA=",
      "RequestMethod": "GET",
      "RequestBody": "",
      "RequestHeaders": {
        "User-Agent": [
          "FxVersion/4.6.29321.03",
          "OSName/Windows",
          "OSVersion/Microsoft.Windows.10.0.19042.",
          "Microsoft.Azure.Management.Compute.ComputeManagementClient/42.0.0.0"
        ]
      },
      "ResponseHeaders": {
        "Cache-Control": [
          "no-cache"
        ],
        "Pragma": [
          "no-cache"
        ],
        "x-ms-ratelimit-remaining-resource": [
          "Microsoft.Compute/GetOperationStatus3Min;1182,Microsoft.Compute/GetOperationStatus30Min;4146"
        ],
        "Strict-Transport-Security": [
          "max-age=31536000; includeSubDomains"
        ],
        "x-ms-served-by": [
          "e49ba983-e5f9-41f1-955c-c34884d47cef_132490453051054599,e49ba983-e5f9-41f1-955c-c34884d47cef_132490453051054599"
        ],
        "x-ms-request-id": [
          "87280fa4-c693-426f-96da-ac7e8c55d808"
        ],
        "Server": [
          "Microsoft-HTTPAPI/2.0",
          "Microsoft-HTTPAPI/2.0"
        ],
        "x-ms-ratelimit-remaining-subscription-reads": [
          "11973"
        ],
        "x-ms-correlation-request-id": [
          "0b946b83-2e47-4ae3-a084-62e3a999b9b4"
        ],
        "x-ms-routing-request-id": [
          "WESTINDIA:20201201T203759Z:0b946b83-2e47-4ae3-a084-62e3a999b9b4"
        ],
        "X-Content-Type-Options": [
          "nosniff"
        ],
        "Date": [
          "Tue, 01 Dec 2020 20:37:59 GMT"
        ],
        "Expires": [
          "-1"
        ],
        "Content-Length": [
          "0"
        ]
      },
      "ResponseBody": "",
      "StatusCode": 200
    },
    {
      "RequestUri": "/subscriptions/0296790d-427c-48ca-b204-8b729bbd8670/resourceGroups/galleryPsTestRg9565/providers/Microsoft.Compute/galleries/galleryPsTestGallery9686/applications/galleryPsTestGalleryApplication2323?api-version=2020-09-30",
      "EncodedRequestUri": "L3N1YnNjcmlwdGlvbnMvMDI5Njc5MGQtNDI3Yy00OGNhLWIyMDQtOGI3MjliYmQ4NjcwL3Jlc291cmNlR3JvdXBzL2dhbGxlcnlQc1Rlc3RSZzk1NjUvcHJvdmlkZXJzL01pY3Jvc29mdC5Db21wdXRlL2dhbGxlcmllcy9nYWxsZXJ5UHNUZXN0R2FsbGVyeTk2ODYvYXBwbGljYXRpb25zL2dhbGxlcnlQc1Rlc3RHYWxsZXJ5QXBwbGljYXRpb24yMzIzP2FwaS12ZXJzaW9uPTIwMjAtMDktMzA=",
      "RequestMethod": "DELETE",
      "RequestBody": "",
      "RequestHeaders": {
        "x-ms-client-request-id": [
          "bbe2320e-9406-4a08-8666-c2387826cc0e"
        ],
        "Accept-Language": [
          "en-US"
        ],
        "User-Agent": [
          "FxVersion/4.6.29321.03",
          "OSName/Windows",
          "OSVersion/Microsoft.Windows.10.0.19042.",
          "Microsoft.Azure.Management.Compute.ComputeManagementClient/42.0.0.0"
        ]
      },
      "ResponseHeaders": {
        "Cache-Control": [
          "no-cache"
        ],
        "Pragma": [
          "no-cache"
        ],
        "x-ms-ratelimit-remaining-resource": [
          "Microsoft.Compute/DeleteGalleryApplication3Min;49,Microsoft.Compute/DeleteGalleryApplication30Min;299"
        ],
        "Strict-Transport-Security": [
          "max-age=31536000; includeSubDomains"
        ],
        "x-ms-served-by": [
          "e49ba983-e5f9-41f1-955c-c34884d47cef_132490453051054599,e49ba983-e5f9-41f1-955c-c34884d47cef_132490453051054599"
        ],
        "x-ms-request-id": [
          "01ec026d-0155-4fbf-99f1-9973905818f1"
        ],
        "Server": [
          "Microsoft-HTTPAPI/2.0",
          "Microsoft-HTTPAPI/2.0"
        ],
        "x-ms-ratelimit-remaining-subscription-deletes": [
          "14998"
        ],
        "x-ms-correlation-request-id": [
          "ca7346c7-db1b-44a6-8003-ef8385bffc1a"
        ],
        "x-ms-routing-request-id": [
          "WESTINDIA:20201201T203759Z:ca7346c7-db1b-44a6-8003-ef8385bffc1a"
        ],
        "X-Content-Type-Options": [
          "nosniff"
        ],
        "Date": [
          "Tue, 01 Dec 2020 20:37:59 GMT"
        ],
        "Expires": [
          "-1"
        ],
        "Content-Length": [
          "0"
        ]
      },
      "ResponseBody": "",
      "StatusCode": 200
    },
    {
      "RequestUri": "/subscriptions/0296790d-427c-48ca-b204-8b729bbd8670/resourceGroups/galleryPsTestRg9565/providers/Microsoft.Compute/galleries/galleryPsTestGallery9686?api-version=2020-09-30",
      "EncodedRequestUri": "L3N1YnNjcmlwdGlvbnMvMDI5Njc5MGQtNDI3Yy00OGNhLWIyMDQtOGI3MjliYmQ4NjcwL3Jlc291cmNlR3JvdXBzL2dhbGxlcnlQc1Rlc3RSZzk1NjUvcHJvdmlkZXJzL01pY3Jvc29mdC5Db21wdXRlL2dhbGxlcmllcy9nYWxsZXJ5UHNUZXN0R2FsbGVyeTk2ODY/YXBpLXZlcnNpb249MjAyMC0wOS0zMA==",
      "RequestMethod": "DELETE",
      "RequestBody": "",
      "RequestHeaders": {
        "x-ms-client-request-id": [
          "49449787-80f5-4162-8330-448b430deda2"
        ],
        "Accept-Language": [
          "en-US"
        ],
        "User-Agent": [
          "FxVersion/4.6.29321.03",
          "OSName/Windows",
          "OSVersion/Microsoft.Windows.10.0.19042.",
          "Microsoft.Azure.Management.Compute.ComputeManagementClient/42.0.0.0"
        ]
      },
      "ResponseHeaders": {
        "Cache-Control": [
          "no-cache"
        ],
        "Pragma": [
          "no-cache"
        ],
        "Location": [
          "https://management.azure.com/subscriptions/0296790d-427c-48ca-b204-8b729bbd8670/providers/Microsoft.Compute/locations/southeastasia/capsOperations/c1016293-ccb9-4bcf-90e2-68d8d59b624f?monitor=true&api-version=2020-09-30"
        ],
        "Azure-AsyncOperation": [
          "https://management.azure.com/subscriptions/0296790d-427c-48ca-b204-8b729bbd8670/providers/Microsoft.Compute/locations/southeastasia/capsOperations/c1016293-ccb9-4bcf-90e2-68d8d59b624f?api-version=2020-09-30"
        ],
        "x-ms-ratelimit-remaining-resource": [
          "Microsoft.Compute/DeleteGallery3Min;49,Microsoft.Compute/DeleteGallery30Min;299"
        ],
        "Strict-Transport-Security": [
          "max-age=31536000; includeSubDomains"
        ],
        "x-ms-served-by": [
          "e49ba983-e5f9-41f1-955c-c34884d47cef_132490453051054599,e49ba983-e5f9-41f1-955c-c34884d47cef_132490453051054599"
        ],
        "x-ms-request-id": [
          "c1016293-ccb9-4bcf-90e2-68d8d59b624f"
        ],
        "Server": [
          "Microsoft-HTTPAPI/2.0",
          "Microsoft-HTTPAPI/2.0"
        ],
        "x-ms-ratelimit-remaining-subscription-deletes": [
          "14997"
        ],
        "x-ms-correlation-request-id": [
          "3f9b52ea-d271-48b1-820d-d9d78e0cf924"
        ],
        "x-ms-routing-request-id": [
          "WESTINDIA:20201201T203800Z:3f9b52ea-d271-48b1-820d-d9d78e0cf924"
        ],
        "X-Content-Type-Options": [
          "nosniff"
        ],
        "Date": [
          "Tue, 01 Dec 2020 20:38:00 GMT"
        ],
        "Expires": [
          "-1"
        ],
        "Content-Length": [
          "0"
        ]
      },
      "ResponseBody": "",
      "StatusCode": 202
    },
    {
      "RequestUri": "/subscriptions/0296790d-427c-48ca-b204-8b729bbd8670/providers/Microsoft.Compute/locations/southeastasia/capsOperations/c1016293-ccb9-4bcf-90e2-68d8d59b624f?api-version=2020-09-30",
      "EncodedRequestUri": "L3N1YnNjcmlwdGlvbnMvMDI5Njc5MGQtNDI3Yy00OGNhLWIyMDQtOGI3MjliYmQ4NjcwL3Byb3ZpZGVycy9NaWNyb3NvZnQuQ29tcHV0ZS9sb2NhdGlvbnMvc291dGhlYXN0YXNpYS9jYXBzT3BlcmF0aW9ucy9jMTAxNjI5My1jY2I5LTRiY2YtOTBlMi02OGQ4ZDU5YjYyNGY/YXBpLXZlcnNpb249MjAyMC0wOS0zMA==",
      "RequestMethod": "GET",
      "RequestBody": "",
      "RequestHeaders": {
        "User-Agent": [
          "FxVersion/4.6.29321.03",
          "OSName/Windows",
          "OSVersion/Microsoft.Windows.10.0.19042.",
          "Microsoft.Azure.Management.Compute.ComputeManagementClient/42.0.0.0"
        ]
      },
      "ResponseHeaders": {
        "Cache-Control": [
          "no-cache"
        ],
        "Pragma": [
          "no-cache"
        ],
        "x-ms-ratelimit-remaining-resource": [
          "Microsoft.Compute/GetOperationStatus3Min;1185,Microsoft.Compute/GetOperationStatus30Min;4143"
        ],
        "Strict-Transport-Security": [
          "max-age=31536000; includeSubDomains"
        ],
        "x-ms-served-by": [
          "e49ba983-e5f9-41f1-955c-c34884d47cef_132490453051054599,e49ba983-e5f9-41f1-955c-c34884d47cef_132490453051054599"
        ],
        "x-ms-request-id": [
          "16d3d04c-811f-4cb9-adb0-71476b6fb557"
        ],
        "Server": [
          "Microsoft-HTTPAPI/2.0",
          "Microsoft-HTTPAPI/2.0"
        ],
        "x-ms-ratelimit-remaining-subscription-reads": [
          "11972"
        ],
        "x-ms-correlation-request-id": [
          "8a4d29e4-60e6-4e15-9f6e-8bd505484382"
        ],
        "x-ms-routing-request-id": [
          "WESTINDIA:20201201T203830Z:8a4d29e4-60e6-4e15-9f6e-8bd505484382"
        ],
        "X-Content-Type-Options": [
          "nosniff"
        ],
        "Date": [
          "Tue, 01 Dec 2020 20:38:30 GMT"
        ],
        "Content-Length": [
          "184"
        ],
        "Content-Type": [
          "application/json; charset=utf-8"
        ],
        "Expires": [
          "-1"
        ]
      },
      "ResponseBody": "{\r\n  \"startTime\": \"2020-12-02T02:08:00.2541921+05:30\",\r\n  \"endTime\": \"2020-12-02T02:08:01.0354383+05:30\",\r\n  \"status\": \"Succeeded\",\r\n  \"name\": \"c1016293-ccb9-4bcf-90e2-68d8d59b624f\"\r\n}",
      "StatusCode": 200
    },
    {
      "RequestUri": "/subscriptions/0296790d-427c-48ca-b204-8b729bbd8670/providers/Microsoft.Compute/locations/southeastasia/capsOperations/c1016293-ccb9-4bcf-90e2-68d8d59b624f?monitor=true&api-version=2020-09-30",
      "EncodedRequestUri": "L3N1YnNjcmlwdGlvbnMvMDI5Njc5MGQtNDI3Yy00OGNhLWIyMDQtOGI3MjliYmQ4NjcwL3Byb3ZpZGVycy9NaWNyb3NvZnQuQ29tcHV0ZS9sb2NhdGlvbnMvc291dGhlYXN0YXNpYS9jYXBzT3BlcmF0aW9ucy9jMTAxNjI5My1jY2I5LTRiY2YtOTBlMi02OGQ4ZDU5YjYyNGY/bW9uaXRvcj10cnVlJmFwaS12ZXJzaW9uPTIwMjAtMDktMzA=",
      "RequestMethod": "GET",
      "RequestBody": "",
      "RequestHeaders": {
        "User-Agent": [
          "FxVersion/4.6.29321.03",
          "OSName/Windows",
          "OSVersion/Microsoft.Windows.10.0.19042.",
          "Microsoft.Azure.Management.Compute.ComputeManagementClient/42.0.0.0"
        ]
      },
      "ResponseHeaders": {
        "Cache-Control": [
          "no-cache"
        ],
        "Pragma": [
          "no-cache"
        ],
        "x-ms-ratelimit-remaining-resource": [
          "Microsoft.Compute/GetOperationStatus3Min;1184,Microsoft.Compute/GetOperationStatus30Min;4142"
        ],
        "Strict-Transport-Security": [
          "max-age=31536000; includeSubDomains"
        ],
        "x-ms-served-by": [
          "e49ba983-e5f9-41f1-955c-c34884d47cef_132490453051054599,e49ba983-e5f9-41f1-955c-c34884d47cef_132490453051054599"
        ],
        "x-ms-request-id": [
          "e8ce7633-c499-4886-83b5-650562f84ea5"
        ],
        "Server": [
          "Microsoft-HTTPAPI/2.0",
          "Microsoft-HTTPAPI/2.0"
        ],
        "x-ms-ratelimit-remaining-subscription-reads": [
          "11971"
        ],
        "x-ms-correlation-request-id": [
          "d47d74e0-ca50-4b4a-9548-5babf5c9274b"
        ],
        "x-ms-routing-request-id": [
          "WESTINDIA:20201201T203830Z:d47d74e0-ca50-4b4a-9548-5babf5c9274b"
        ],
        "X-Content-Type-Options": [
          "nosniff"
        ],
        "Date": [
          "Tue, 01 Dec 2020 20:38:30 GMT"
        ],
        "Expires": [
          "-1"
        ],
        "Content-Length": [
          "0"
        ]
      },
      "ResponseBody": "",
      "StatusCode": 200
    }
  ],
  "Names": {
    "GalleryApplicationVersion_CRUD_Tests": [
      "galleryPsTestRg9565",
      "psTestSourceApplication227",
      "galleryPsTestGallery9686",
      "galleryPsTestGalleryApplication2323"
    ],
    "CreateApplicationMediaLink": [
      "saforgallery6107",
      "asforgallery6753"
    ]
  },
  "Variables": {
    "SubscriptionId": "0296790d-427c-48ca-b204-8b729bbd8670"
  }
}