{
  "Entries": [
    {
      "RequestUri": "https://chat-sdktester-e2e.dev.communication.azure.net/identities?api-version=2020-07-20-preview2",
      "RequestMethod": "POST",
      "RequestHeaders": {
        "Accept": "application/json",
        "Authorization": "Sanitized",
        "Date": "Tue, 22 Dec 2020 20:33:34 GMT",
        "traceparent": "00-a64faf9197feac47906057d0615c0229-3070937fef432a42-00",
        "User-Agent": [
          "azsdk-net-Communication.Administration/1.0.0-alpha.20201222.1",
          "(.NET Core 4.6.29321.03; Microsoft Windows 10.0.19042 )"
        ],
        "x-ms-client-request-id": "65bb3d6c17e5a192e278c94fe5756d97",
        "x-ms-content-sha256": "47DEQpj8HBSa\u002B/TImW\u002B5JCeuQeRkm5NMpJWZG3hSuFU=",
        "x-ms-return-client-request-id": "true"
      },
      "RequestBody": null,
      "StatusCode": 200,
      "ResponseHeaders": {
        "api-supported-versions": "2020-07-20-preview2, 2021-03-07",
        "Content-Type": "application/json; charset=utf-8",
        "Date": "Tue, 22 Dec 2020 20:33:33 GMT",
        "MS-CV": "fNkljedS2EmYd\u002BmGZEJqSw.0",
        "Transfer-Encoding": "chunked",
        "X-Azure-Ref": "0HljiXwAAAABRWdin0BM5SoIdqH/BmuoTRVdSMzBFREdFMDUwNwA3MDU0Mzk1ZS1jZTFkLTQ1NWUtYWU1ZC0yMzNjYTgzOTA1NTQ=",
        "x-ms-client-request-id": "65bb3d6c17e5a192e278c94fe5756d97",
        "X-Processing-Time": "141ms"
      },
      "ResponseBody": {
        "id": "8:acs:1b5cc06b-f352-4571-b1e6-d9b259b7c776_00000007-2c09-db99-8a72-5a3a0d0010d3"
      }
    },
    {
      "RequestUri": "https://chat-sdktester-e2e.dev.communication.azure.net/identities/8%3Aacs%3A1b5cc06b-f352-4571-b1e6-d9b259b7c776_00000007-2c09-db99-8a72-5a3a0d0010d3/token?api-version=2020-07-20-preview2",
      "RequestMethod": "POST",
      "RequestHeaders": {
        "Accept": "application/json",
        "Authorization": "Sanitized",
        "Content-Length": "19",
        "Content-Type": "application/json",
        "Date": "Tue, 22 Dec 2020 20:33:34 GMT",
        "traceparent": "00-47a1be1c746c5b45b04921d448eab87c-6b02b10c879e0a4c-00",
        "User-Agent": [
          "azsdk-net-Communication.Administration/1.0.0-alpha.20201222.1",
          "(.NET Core 4.6.29321.03; Microsoft Windows 10.0.19042 )"
        ],
        "x-ms-client-request-id": "a5fc19465fcb00558a4af9e8e852a825",
        "x-ms-content-sha256": "J\u002BdoRQjtFVYLx3qOvzptwBLjQWqy6OEWEEk1TY1\u002BrT4=",
        "x-ms-return-client-request-id": "true"
      },
      "RequestBody": {
        "scopes": [
          "chat"
        ]
      },
      "StatusCode": 200,
      "ResponseHeaders": {
        "api-supported-versions": "2020-07-20-preview2, 2021-03-07",
        "Content-Type": "application/json; charset=utf-8",
        "Date": "Tue, 22 Dec 2020 20:33:34 GMT",
        "MS-CV": "5hM5x2nmw0i93mBjSUBiKQ.0",
        "Transfer-Encoding": "chunked",
        "X-Azure-Ref": "0HljiXwAAAAAzrwjlbte8TqOCP1CNyHlIRVdSMzBFREdFMDUwNwA3MDU0Mzk1ZS1jZTFkLTQ1NWUtYWU1ZC0yMzNjYTgzOTA1NTQ=",
        "x-ms-client-request-id": "a5fc19465fcb00558a4af9e8e852a825",
        "X-Processing-Time": "209ms"
      },
      "ResponseBody": {
        "id": "8:acs:1b5cc06b-f352-4571-b1e6-d9b259b7c776_00000007-2c09-db99-8a72-5a3a0d0010d3",
        "token": "Sanitized",
        "expiresOn": "2020-12-23T20:33:34.0140588\u002B00:00"
      }
    },
    {
      "RequestUri": "https://chat-sdktester-e2e.dev.communication.azure.net/identities?api-version=2020-07-20-preview2",
      "RequestMethod": "POST",
      "RequestHeaders": {
        "Accept": "application/json",
        "Authorization": "Sanitized",
        "Date": "Tue, 22 Dec 2020 20:33:35 GMT",
        "traceparent": "00-3962f30619fb9848936ee4f67e485801-6b31fba6bf922d4d-00",
        "User-Agent": [
          "azsdk-net-Communication.Administration/1.0.0-alpha.20201222.1",
          "(.NET Core 4.6.29321.03; Microsoft Windows 10.0.19042 )"
        ],
        "x-ms-client-request-id": "e8927d407df8f1b260c20ca2a47c60a0",
        "x-ms-content-sha256": "47DEQpj8HBSa\u002B/TImW\u002B5JCeuQeRkm5NMpJWZG3hSuFU=",
        "x-ms-return-client-request-id": "true"
      },
      "RequestBody": null,
      "StatusCode": 200,
      "ResponseHeaders": {
        "api-supported-versions": "2020-07-20-preview2, 2021-03-07",
        "Content-Type": "application/json; charset=utf-8",
        "Date": "Tue, 22 Dec 2020 20:33:34 GMT",
        "MS-CV": "qKlDHUhNHUi/PkRmlH2AAA.0",
        "Transfer-Encoding": "chunked",
        "X-Azure-Ref": "0H1jiXwAAAABPZb3fRt8bR6AAxqxJR6IgRVdSMzBFREdFMDUwNwA3MDU0Mzk1ZS1jZTFkLTQ1NWUtYWU1ZC0yMzNjYTgzOTA1NTQ=",
        "x-ms-client-request-id": "e8927d407df8f1b260c20ca2a47c60a0",
        "X-Processing-Time": "141ms"
      },
      "ResponseBody": {
        "id": "8:acs:1b5cc06b-f352-4571-b1e6-d9b259b7c776_00000007-2c09-de49-8a72-5a3a0d0010d4"
      }
    },
    {
      "RequestUri": "https://chat-sdktester-e2e.dev.communication.azure.net/identities/8%3Aacs%3A1b5cc06b-f352-4571-b1e6-d9b259b7c776_00000007-2c09-de49-8a72-5a3a0d0010d4/token?api-version=2020-07-20-preview2",
      "RequestMethod": "POST",
      "RequestHeaders": {
        "Accept": "application/json",
        "Authorization": "Sanitized",
        "Content-Length": "19",
        "Content-Type": "application/json",
        "Date": "Tue, 22 Dec 2020 20:33:35 GMT",
        "traceparent": "00-2255d7926d55e04fb87c5351e4cfc3e7-ba9439dbebf65c49-00",
        "User-Agent": [
          "azsdk-net-Communication.Administration/1.0.0-alpha.20201222.1",
          "(.NET Core 4.6.29321.03; Microsoft Windows 10.0.19042 )"
        ],
        "x-ms-client-request-id": "bc512a3c73790c03e8badb9b1da9b890",
        "x-ms-content-sha256": "J\u002BdoRQjtFVYLx3qOvzptwBLjQWqy6OEWEEk1TY1\u002BrT4=",
        "x-ms-return-client-request-id": "true"
      },
      "RequestBody": {
        "scopes": [
          "chat"
        ]
      },
      "StatusCode": 200,
      "ResponseHeaders": {
        "api-supported-versions": "2020-07-20-preview2, 2021-03-07",
        "Content-Type": "application/json; charset=utf-8",
        "Date": "Tue, 22 Dec 2020 20:33:35 GMT",
        "MS-CV": "3D6Ww1PZSkOSa64lx4GsTQ.0",
        "Transfer-Encoding": "chunked",
        "X-Azure-Ref": "0H1jiXwAAAABaJQFtyCGwSI13Jee/3zpdRVdSMzBFREdFMDUwNwA3MDU0Mzk1ZS1jZTFkLTQ1NWUtYWU1ZC0yMzNjYTgzOTA1NTQ=",
        "x-ms-client-request-id": "bc512a3c73790c03e8badb9b1da9b890",
        "X-Processing-Time": "212ms"
      },
      "ResponseBody": {
        "id": "8:acs:1b5cc06b-f352-4571-b1e6-d9b259b7c776_00000007-2c09-de49-8a72-5a3a0d0010d4",
        "token": "Sanitized",
        "expiresOn": "2020-12-23T20:33:34.6884959\u002B00:00"
      }
    },
    {
      "RequestUri": "https://chat-sdktester-e2e.dev.communication.azure.net/chat/threads?api-version=2020-11-01-preview3",
      "RequestMethod": "POST",
      "RequestHeaders": {
        "Accept": "application/json",
        "Authorization": "eyJhbGciOiJIUzI1NiIsInR5cCI6IkpXVCJ9.eyJzdWIiOiIxMjM0NTY3ODkwIiwibmFtZSI6IkpvaG4gRG9lIiwiaWF0IjoxNTE2MjM5MDIyfQ.SflKxwRJSMeKKF2QT4fwpMeJf36POk6yJV_adQssw5c",
        "Content-Length": "245",
        "Content-Type": "application/json",
        "traceparent": "00-195a9ff2193ec2488e5aaf21a8d1919a-39e82ac01697214b-00",
        "User-Agent": [
          "azsdk-net-Communication.Chat/1.0.0-alpha.20201222.1",
          "(.NET Core 4.6.29321.03; Microsoft Windows 10.0.19042 )"
        ],
        "x-ms-client-request-id": "680ea3d084e2c99f670a440853b25c0e",
        "x-ms-return-client-request-id": "true"
      },
      "RequestBody": {
        "topic": "Thread topic - ReadReceipts Async Test",
        "participants": [
          {
            "id": "8:acs:1b5cc06b-f352-4571-b1e6-d9b259b7c776_00000007-2c09-db99-8a72-5a3a0d0010d3"
          },
          {
            "id": "8:acs:1b5cc06b-f352-4571-b1e6-d9b259b7c776_00000007-2c09-de49-8a72-5a3a0d0010d4"
          }
        ]
      },
      "StatusCode": 201,
      "ResponseHeaders": {
        "api-supported-versions": "2020-09-21-preview2, 2020-11-01-preview3",
        "Content-Type": "application/json; charset=utf-8",
        "Date": "Tue, 22 Dec 2020 20:33:36 GMT",
        "Location": "https://168.61.22.92/chat/threads/19%3A18377d7def59483a863053670315751c@thread.v2",
        "MS-CV": "zvWE033ekUih9iD19KYfqg.0",
        "Strict-Transport-Security": "max-age=2592000",
        "Transfer-Encoding": "chunked",
        "X-Azure-Ref": "0H1jiXwAAAAAMBQ5i\u002B80ORJUIYK9FLb\u002BrRVdSMzBFREdFMDUwNwA3MDU0Mzk1ZS1jZTFkLTQ1NWUtYWU1ZC0yMzNjYTgzOTA1NTQ=",
        "X-Processing-Time": "855ms"
      },
      "ResponseBody": {
        "chatThread": {
          "id": "19:18377d7def59483a863053670315751c@thread.v2",
          "topic": "Thread topic - ReadReceipts Async Test",
          "createdOn": "2020-12-22T20:33:36Z",
          "createdBy": "8:acs:1b5cc06b-f352-4571-b1e6-d9b259b7c776_00000007-2c09-db99-8a72-5a3a0d0010d3"
        }
      }
    },
    {
      "RequestUri": "https://chat-sdktester-e2e.dev.communication.azure.net/chat/threads/19%3A18377d7def59483a863053670315751c%40thread.v2/messages?api-version=2020-11-01-preview3",
      "RequestMethod": "POST",
      "RequestHeaders": {
        "Accept": "application/json",
        "Authorization": "eyJhbGciOiJIUzI1NiIsInR5cCI6IkpXVCJ9.eyJzdWIiOiIxMjM0NTY3ODkwIiwibmFtZSI6IkpvaG4gRG9lIiwiaWF0IjoxNTE2MjM5MDIyfQ.SflKxwRJSMeKKF2QT4fwpMeJf36POk6yJV_adQssw5c",
        "Content-Length": "39",
        "Content-Type": "application/json",
        "traceparent": "00-beeae6b2ea84fc459c36b2646d23a563-29f6fec86f684a4d-00",
        "User-Agent": [
          "azsdk-net-Communication.Chat/1.0.0-alpha.20201222.1",
          "(.NET Core 4.6.29321.03; Microsoft Windows 10.0.19042 )"
        ],
        "x-ms-client-request-id": "bdac58e9ec01ccac7a86ff3da116d4b6",
        "x-ms-return-client-request-id": "true"
      },
      "RequestBody": {
        "content": "This is message 1 content"
      },
      "StatusCode": 201,
      "ResponseHeaders": {
        "api-supported-versions": "2020-09-21-preview2, 2020-11-01-preview3",
        "Content-Type": "application/json; charset=utf-8",
        "Date": "Tue, 22 Dec 2020 20:33:36 GMT",
        "Location": "https://168.61.22.92/chat/threads/19%3A18377d7def59483a863053670315751c@thread.v2/messages/1608669217087",
        "MS-CV": "D0iCEJ4ZQkeLn4X4mSVB5w.0",
        "Strict-Transport-Security": "max-age=2592000",
        "Transfer-Encoding": "chunked",
        "X-Azure-Ref": "0IFjiXwAAAABZKpJaYAjeTLn5Vat04FHgRVdSMzBFREdFMDUwNwA3MDU0Mzk1ZS1jZTFkLTQ1NWUtYWU1ZC0yMzNjYTgzOTA1NTQ=",
        "X-Processing-Time": "434ms"
      },
      "ResponseBody": {
        "id": "1608669217087"
      }
    },
    {
      "RequestUri": "https://chat-sdktester-e2e.dev.communication.azure.net/chat/threads/19%3A18377d7def59483a863053670315751c%40thread.v2/messages?api-version=2020-11-01-preview3",
      "RequestMethod": "POST",
      "RequestHeaders": {
        "Accept": "application/json",
        "Authorization": "eyJhbGciOiJIUzI1NiIsInR5cCI6IkpXVCJ9.eyJzdWIiOiIxMjM0NTY3ODkwIiwibmFtZSI6IkpvaG4gRG9lIiwiaWF0IjoxNTE2MjM5MDIyfQ.SflKxwRJSMeKKF2QT4fwpMeJf36POk6yJV_adQssw5c",
        "Content-Length": "39",
        "Content-Type": "application/json",
        "traceparent": "00-2078f09bc659d941a1e2e8f47f074c64-59f6f3d222ce1246-00",
        "User-Agent": [
          "azsdk-net-Communication.Chat/1.0.0-alpha.20201222.1",
          "(.NET Core 4.6.29321.03; Microsoft Windows 10.0.19042 )"
        ],
        "x-ms-client-request-id": "00d27c09f76db7bd8b87556f2efab836",
        "x-ms-return-client-request-id": "true"
      },
      "RequestBody": {
        "content": "This is message 2 content"
      },
      "StatusCode": 201,
      "ResponseHeaders": {
        "api-supported-versions": "2020-09-21-preview2, 2020-11-01-preview3",
        "Content-Type": "application/json; charset=utf-8",
        "Date": "Tue, 22 Dec 2020 20:33:37 GMT",
        "Location": "https://168.61.22.92/chat/threads/19%3A18377d7def59483a863053670315751c@thread.v2/messages/1608669217712",
        "MS-CV": "FsCWXxB/yUW4s/4m4sLueA.0",
        "Strict-Transport-Security": "max-age=2592000",
        "Transfer-Encoding": "chunked",
        "X-Azure-Ref": "0IVjiXwAAAADpIdDKoxt3RZiiwoZGnPrERVdSMzBFREdFMDUwNwA3MDU0Mzk1ZS1jZTFkLTQ1NWUtYWU1ZC0yMzNjYTgzOTA1NTQ=",
        "X-Processing-Time": "458ms"
      },
      "ResponseBody": {
        "id": "1608669217712"
      }
    },
    {
      "RequestUri": "https://chat-sdktester-e2e.dev.communication.azure.net/chat/threads/19%3A18377d7def59483a863053670315751c%40thread.v2/readReceipts?api-version=2020-11-01-preview3",
      "RequestMethod": "POST",
      "RequestHeaders": {
        "Accept": "application/json",
        "Authorization": "eyJhbGciOiJIUzI1NiIsInR5cCI6IkpXVCJ9.eyJzdWIiOiIxMjM0NTY3ODkwIiwibmFtZSI6IkpvaG4gRG9lIiwiaWF0IjoxNTE2MjM5MDIyfQ.SflKxwRJSMeKKF2QT4fwpMeJf36POk6yJV_adQssw5c",
        "Content-Length": "33",
        "Content-Type": "application/json",
        "traceparent": "00-a9d5196b6c6cd147bcbd59c79118f50a-0bb20e81a18b0e47-00",
        "User-Agent": [
          "azsdk-net-Communication.Chat/1.0.0-alpha.20201222.1",
          "(.NET Core 4.6.29321.03; Microsoft Windows 10.0.19042 )"
        ],
        "x-ms-client-request-id": "c4b1cc5efbfde38ef741ee5c84622750",
        "x-ms-return-client-request-id": "true"
      },
      "RequestBody": {
        "chatMessageId": "1608669217712"
      },
      "StatusCode": 200,
      "ResponseHeaders": {
        "api-supported-versions": "2020-09-21-preview2, 2020-11-01-preview3",
        "Content-Length": "0",
        "Date": "Tue, 22 Dec 2020 20:33:37 GMT",
        "MS-CV": "t61\u002BBXUzpEC/km/KaI1VOg.0",
        "Strict-Transport-Security": "max-age=2592000",
        "X-Azure-Ref": "0IljiXwAAAAB6M1w2IAW2R7I\u002BUMjVNcvNRVdSMzBFREdFMDUwNwA3MDU0Mzk1ZS1jZTFkLTQ1NWUtYWU1ZC0yMzNjYTgzOTA1NTQ=",
        "X-Processing-Time": "503ms"
      },
      "ResponseBody": []
    },
    {
      "RequestUri": "https://chat-sdktester-e2e.dev.communication.azure.net/chat/threads/19%3A18377d7def59483a863053670315751c%40thread.v2/readReceipts?api-version=2020-11-01-preview3",
      "RequestMethod": "POST",
      "RequestHeaders": {
        "Accept": "application/json",
        "Authorization": "eyJhbGciOiJIUzI1NiIsInR5cCI6IkpXVCJ9.eyJzdWIiOiIxMjM0NTY3ODkwIiwibmFtZSI6IkpvaG4gRG9lIiwiaWF0IjoxNTE2MjM5MDIyfQ.SflKxwRJSMeKKF2QT4fwpMeJf36POk6yJV_adQssw5c",
        "Content-Length": "33",
        "Content-Type": "application/json",
        "traceparent": "00-57491a370b5fa744be6983fcb126c032-0e03f9dd63059d48-00",
        "User-Agent": [
          "azsdk-net-Communication.Chat/1.0.0-alpha.20201222.1",
          "(.NET Core 4.6.29321.03; Microsoft Windows 10.0.19042 )"
        ],
        "x-ms-client-request-id": "d7fe8e365be0f2a09bf5327a973c9d7f",
        "x-ms-return-client-request-id": "true"
      },
      "RequestBody": {
        "chatMessageId": "1608669217087"
      },
      "StatusCode": 200,
      "ResponseHeaders": {
        "api-supported-versions": "2020-09-21-preview2, 2020-11-01-preview3",
        "Content-Length": "0",
        "Date": "Tue, 22 Dec 2020 20:33:38 GMT",
        "MS-CV": "h4IPsIeCb0O8BV\u002BetlgSpA.0",
        "Strict-Transport-Security": "max-age=2592000",
        "X-Azure-Ref": "0IljiXwAAAAC\u002BMjy0RT0oQZTCh58/EehXRVdSMzBFREdFMDUwNwA3MDU0Mzk1ZS1jZTFkLTQ1NWUtYWU1ZC0yMzNjYTgzOTA1NTQ=",
        "X-Processing-Time": "496ms"
      },
      "ResponseBody": []
    },
    {
      "RequestUri": "https://chat-sdktester-e2e.dev.communication.azure.net/chat/threads/19%3A18377d7def59483a863053670315751c%40thread.v2/readReceipts?api-version=2020-11-01-preview3",
      "RequestMethod": "GET",
      "RequestHeaders": {
        "Accept": "application/json",
        "Authorization": "eyJhbGciOiJIUzI1NiIsInR5cCI6IkpXVCJ9.eyJzdWIiOiIxMjM0NTY3ODkwIiwibmFtZSI6IkpvaG4gRG9lIiwiaWF0IjoxNTE2MjM5MDIyfQ.SflKxwRJSMeKKF2QT4fwpMeJf36POk6yJV_adQssw5c",
        "User-Agent": [
          "azsdk-net-Communication.Chat/1.0.0-alpha.20201222.1",
          "(.NET Core 4.6.29321.03; Microsoft Windows 10.0.19042 )"
        ],
        "x-ms-client-request-id": "d5dec9ce0f640eb9edee082b09613229",
        "x-ms-return-client-request-id": "true"
      },
      "RequestBody": null,
      "StatusCode": 200,
      "ResponseHeaders": {
        "api-supported-versions": "2020-09-21-preview2, 2020-11-01-preview3",
        "Content-Type": "application/json; charset=utf-8",
        "Date": "Tue, 22 Dec 2020 20:33:39 GMT",
        "MS-CV": "0\u002BfyKlYFSkC81FiIBvTF4g.0",
        "Strict-Transport-Security": "max-age=2592000",
        "Transfer-Encoding": "chunked",
        "X-Azure-Ref": "0I1jiXwAAAADsi\u002BWymWHQQquBD0GNtNDHRVdSMzBFREdFMDUwNwA3MDU0Mzk1ZS1jZTFkLTQ1NWUtYWU1ZC0yMzNjYTgzOTA1NTQ=",
        "X-Processing-Time": "251ms"
      },
      "ResponseBody": {
        "value": [
          {
            "senderId": "8:acs:1b5cc06b-f352-4571-b1e6-d9b259b7c776_00000007-2c09-db99-8a72-5a3a0d0010d3",
            "chatMessageId": "1608669217712",
            "readOn": "2020-12-22T20:33:38Z"
          },
          {
            "senderId": "8:acs:1b5cc06b-f352-4571-b1e6-d9b259b7c776_00000007-2c09-de49-8a72-5a3a0d0010d4",
            "chatMessageId": "1608669217087",
            "readOn": "2020-12-22T20:33:38Z"
          }
        ]
      }
    },
    {
      "RequestUri": "https://chat-sdktester-e2e.dev.communication.azure.net/chat/threads/19%3A18377d7def59483a863053670315751c%40thread.v2/readReceipts?api-version=2020-11-01-preview3",
      "RequestMethod": "GET",
      "RequestHeaders": {
        "Accept": "application/json",
        "Authorization": "eyJhbGciOiJIUzI1NiIsInR5cCI6IkpXVCJ9.eyJzdWIiOiIxMjM0NTY3ODkwIiwibmFtZSI6IkpvaG4gRG9lIiwiaWF0IjoxNTE2MjM5MDIyfQ.SflKxwRJSMeKKF2QT4fwpMeJf36POk6yJV_adQssw5c",
        "User-Agent": [
          "azsdk-net-Communication.Chat/1.0.0-alpha.20201222.1",
          "(.NET Core 4.6.29321.03; Microsoft Windows 10.0.19042 )"
        ],
        "x-ms-client-request-id": "a038045fe0fb02552cbf2908c8144cbb",
        "x-ms-return-client-request-id": "true"
      },
      "RequestBody": null,
      "StatusCode": 200,
      "ResponseHeaders": {
        "api-supported-versions": "2020-09-21-preview2, 2020-11-01-preview3",
        "Content-Type": "application/json; charset=utf-8",
        "Date": "Tue, 22 Dec 2020 20:33:39 GMT",
        "MS-CV": "Nry\u002BSRjxnEKc9yMsE4j3ow.0",
        "Strict-Transport-Security": "max-age=2592000",
        "Transfer-Encoding": "chunked",
        "X-Azure-Ref": "0I1jiXwAAAACFIO8SuB49S7btYoMyucD\u002BRVdSMzBFREdFMDUwNwA3MDU0Mzk1ZS1jZTFkLTQ1NWUtYWU1ZC0yMzNjYTgzOTA1NTQ=",
        "X-Processing-Time": "255ms"
      },
      "ResponseBody": {
        "value": [
          {
            "senderId": "8:acs:1b5cc06b-f352-4571-b1e6-d9b259b7c776_00000007-2c09-db99-8a72-5a3a0d0010d3",
            "chatMessageId": "1608669217712",
            "readOn": "2020-12-22T20:33:38Z"
          },
          {
            "senderId": "8:acs:1b5cc06b-f352-4571-b1e6-d9b259b7c776_00000007-2c09-de49-8a72-5a3a0d0010d4",
            "chatMessageId": "1608669217087",
            "readOn": "2020-12-22T20:33:38Z"
          }
        ]
      }
    },
    {
      "RequestUri": "https://chat-sdktester-e2e.dev.communication.azure.net/chat/threads/19%3A18377d7def59483a863053670315751c%40thread.v2?api-version=2020-11-01-preview3",
      "RequestMethod": "DELETE",
      "RequestHeaders": {
        "Accept": "application/json",
        "Authorization": "eyJhbGciOiJIUzI1NiIsInR5cCI6IkpXVCJ9.eyJzdWIiOiIxMjM0NTY3ODkwIiwibmFtZSI6IkpvaG4gRG9lIiwiaWF0IjoxNTE2MjM5MDIyfQ.SflKxwRJSMeKKF2QT4fwpMeJf36POk6yJV_adQssw5c",
        "traceparent": "00-4cfbe04d49a29f4793271b2ca1b0db03-a3cca481642e194b-00",
        "User-Agent": [
          "azsdk-net-Communication.Chat/1.0.0-alpha.20201222.1",
          "(.NET Core 4.6.29321.03; Microsoft Windows 10.0.19042 )"
        ],
        "x-ms-client-request-id": "ba8d6ea3528327ecd5f0eaf25374e839",
        "x-ms-return-client-request-id": "true"
      },
      "RequestBody": null,
      "StatusCode": 204,
      "ResponseHeaders": {
        "api-supported-versions": "2020-09-21-preview2, 2020-11-01-preview3",
        "Date": "Tue, 22 Dec 2020 20:33:39 GMT",
        "MS-CV": "J0DHs4ME/0yKPMeuaequjQ.0",
        "Strict-Transport-Security": "max-age=2592000",
        "X-Azure-Ref": "0JFjiXwAAAADls/A\u002BOgcPQLKWqScynJRdRVdSMzBFREdFMDUwNwA3MDU0Mzk1ZS1jZTFkLTQ1NWUtYWU1ZC0yMzNjYTgzOTA1NTQ=",
        "X-Processing-Time": "329ms"
      },
      "ResponseBody": []
    }
  ],
  "Variables": {
    "COMMUNICATION_CONNECTION_STRING": "endpoint=https://chat-sdktester-e2e.dev.communication.azure.net/;accesskey=Kg==;",
    "RandomSeed": "1649358197"
  }
}