{
  "Entries": [
    {
      "RequestUri": "/luis/api/v2.0/apps/3327b33c-35df-40d0-a661-c9ade29da239/versions/0.1/regexentities",
      "EncodedRequestUri": "L2x1aXMvYXBpL3YyLjAvYXBwcy8zMzI3YjMzYy0zNWRmLTQwZDAtYTY2MS1jOWFkZTI5ZGEyMzkvdmVyc2lvbnMvMC4xL3JlZ2V4ZW50aXRpZXM=",
      "RequestMethod": "POST",
      "RequestBody": "{\r\n  \"regexPattern\": \"a+\",\r\n  \"name\": \"regex model\"\r\n}",
      "RequestHeaders": {
        "Ocp-Apim-Subscription-Key": [
          "62b834e0069943d9b035f32abd230359"
        ],
        "User-Agent": [
          "FxVersion/4.6.27617.04",
          "OSName/Windows",
          "OSVersion/Microsoft.Windows.10.0.18362.",
          "Microsoft.Azure.CognitiveServices.Language.LUIS.Authoring.LUISAuthoringClient/3.1.0.0"
        ],
        "Content-Type": [
          "application/json; charset=utf-8"
        ],
        "Content-Length": [
          "54"
        ]
      },
      "ResponseHeaders": {
        "Cache-Control": [
          "no-store, proxy-revalidate, no-cache, max-age=0, private"
        ],
        "Pragma": [
          "no-cache"
        ],
        "Location": [
          "https://westus.api.cognitive.microsoft.com/luis/api/v2.0/apps/3327b33c-35df-40d0-a661-c9ade29da239/versions/0.1/regexentities/af4f7c7d-8012-403c-83e0-a5260308220e"
        ],
        "Apim-Request-Id": [
          "0f188485-9763-45ff-9908-7391b6ee6cf3"
        ],
        "Request-Id": [
          "0f188485-9763-45ff-9908-7391b6ee6cf3"
        ],
        "Operation-Location": [
          "https://westus.api.cognitive.microsoft.com/luis/api/v2.0/apps/3327b33c-35df-40d0-a661-c9ade29da239/versions/0.1/regexentities/af4f7c7d-8012-403c-83e0-a5260308220e"
        ],
        "Strict-Transport-Security": [
          "max-age=31536000; includeSubDomains; preload"
        ],
        "Request-Context": [
          "appId=cid-v1:26a3540d-a02a-4998-a060-715488fd769b"
        ],
        "X-Content-Type-Options": [
          "nosniff"
        ],
        "X-Frame-Options": [
          "SAMEORIGIN"
        ],
        "Date": [
          "Sun, 25 Aug 2019 19:14:37 GMT"
        ],
        "Content-Length": [
          "38"
        ],
        "Content-Type": [
          "application/json; charset=utf-8"
        ]
      },
      "ResponseBody": "\"af4f7c7d-8012-403c-83e0-a5260308220e\"",
      "StatusCode": 201
    },
    {
      "RequestUri": "/luis/api/v2.0/apps/3327b33c-35df-40d0-a661-c9ade29da239/versions/0.1/regexentities/af4f7c7d-8012-403c-83e0-a5260308220e/roles",
      "EncodedRequestUri": "L2x1aXMvYXBpL3YyLjAvYXBwcy8zMzI3YjMzYy0zNWRmLTQwZDAtYTY2MS1jOWFkZTI5ZGEyMzkvdmVyc2lvbnMvMC4xL3JlZ2V4ZW50aXRpZXMvYWY0ZjdjN2QtODAxMi00MDNjLTgzZTAtYTUyNjAzMDgyMjBlL3JvbGVz",
      "RequestMethod": "POST",
      "RequestBody": "{\r\n  \"name\": \"simple role\"\r\n}",
      "RequestHeaders": {
        "Ocp-Apim-Subscription-Key": [
          "62b834e0069943d9b035f32abd230359"
        ],
        "User-Agent": [
          "FxVersion/4.6.27617.04",
          "OSName/Windows",
          "OSVersion/Microsoft.Windows.10.0.18362.",
          "Microsoft.Azure.CognitiveServices.Language.LUIS.Authoring.LUISAuthoringClient/3.1.0.0"
        ],
        "Content-Type": [
          "application/json; charset=utf-8"
        ],
        "Content-Length": [
          "29"
        ]
      },
      "ResponseHeaders": {
        "Cache-Control": [
          "no-store, proxy-revalidate, no-cache, max-age=0, private"
        ],
        "Pragma": [
          "no-cache"
        ],
        "Location": [
          "https://westus.api.cognitive.microsoft.com/luis/api/v2.0/apps/3327b33c-35df-40d0-a661-c9ade29da239/versions/0.1/regexentities/af4f7c7d-8012-403c-83e0-a5260308220e/roles/cb02c802-e78b-4664-9f35-7bbebdd9a540"
        ],
        "Apim-Request-Id": [
          "fe6ea008-4919-468d-b47a-3355bd926d9f"
        ],
        "Request-Id": [
          "fe6ea008-4919-468d-b47a-3355bd926d9f"
        ],
        "Operation-Location": [
          "https://westus.api.cognitive.microsoft.com/luis/api/v2.0/apps/3327b33c-35df-40d0-a661-c9ade29da239/versions/0.1/regexentities/af4f7c7d-8012-403c-83e0-a5260308220e/roles/cb02c802-e78b-4664-9f35-7bbebdd9a540"
        ],
        "Strict-Transport-Security": [
          "max-age=31536000; includeSubDomains; preload"
        ],
        "Request-Context": [
          "appId=cid-v1:26a3540d-a02a-4998-a060-715488fd769b"
        ],
        "X-Content-Type-Options": [
          "nosniff"
        ],
        "X-Frame-Options": [
          "SAMEORIGIN"
        ],
        "Date": [
          "Sun, 25 Aug 2019 19:14:37 GMT"
        ],
        "Content-Length": [
          "38"
        ],
        "Content-Type": [
          "application/json; charset=utf-8"
        ]
      },
      "ResponseBody": "\"cb02c802-e78b-4664-9f35-7bbebdd9a540\"",
      "StatusCode": 201
    },
    {
      "RequestUri": "/luis/api/v2.0/apps/3327b33c-35df-40d0-a661-c9ade29da239/versions/0.1/regexentities/af4f7c7d-8012-403c-83e0-a5260308220e/roles/cb02c802-e78b-4664-9f35-7bbebdd9a540",
      "EncodedRequestUri": "L2x1aXMvYXBpL3YyLjAvYXBwcy8zMzI3YjMzYy0zNWRmLTQwZDAtYTY2MS1jOWFkZTI5ZGEyMzkvdmVyc2lvbnMvMC4xL3JlZ2V4ZW50aXRpZXMvYWY0ZjdjN2QtODAxMi00MDNjLTgzZTAtYTUyNjAzMDgyMjBlL3JvbGVzL2NiMDJjODAyLWU3OGItNDY2NC05ZjM1LTdiYmViZGQ5YTU0MA==",
      "RequestMethod": "DELETE",
      "RequestBody": "",
      "RequestHeaders": {
        "Ocp-Apim-Subscription-Key": [
          "62b834e0069943d9b035f32abd230359"
        ],
        "User-Agent": [
          "FxVersion/4.6.27617.04",
          "OSName/Windows",
          "OSVersion/Microsoft.Windows.10.0.18362.",
          "Microsoft.Azure.CognitiveServices.Language.LUIS.Authoring.LUISAuthoringClient/3.1.0.0"
        ]
      },
      "ResponseHeaders": {
        "Cache-Control": [
          "no-store, proxy-revalidate, no-cache, max-age=0, private"
        ],
        "Pragma": [
          "no-cache"
        ],
        "Apim-Request-Id": [
          "51e03680-63b0-42c7-a545-0f8eb8928e82"
        ],
        "Request-Id": [
          "51e03680-63b0-42c7-a545-0f8eb8928e82"
        ],
        "Strict-Transport-Security": [
          "max-age=31536000; includeSubDomains; preload"
        ],
        "Request-Context": [
          "appId=cid-v1:26a3540d-a02a-4998-a060-715488fd769b"
        ],
        "X-Content-Type-Options": [
          "nosniff"
        ],
        "X-Frame-Options": [
          "SAMEORIGIN"
        ],
        "Date": [
          "Sun, 25 Aug 2019 19:14:37 GMT"
        ],
        "Content-Length": [
          "51"
        ],
        "Content-Type": [
          "application/json; charset=utf-8"
        ]
      },
      "ResponseBody": "{\r\n  \"code\": \"Success\",\r\n  \"message\": \"Operation Successful\"\r\n}",
      "StatusCode": 200
    },
    {
      "RequestUri": "/luis/api/v2.0/apps/3327b33c-35df-40d0-a661-c9ade29da239/versions/0.1/regexentities/af4f7c7d-8012-403c-83e0-a5260308220e/roles",
      "EncodedRequestUri": "L2x1aXMvYXBpL3YyLjAvYXBwcy8zMzI3YjMzYy0zNWRmLTQwZDAtYTY2MS1jOWFkZTI5ZGEyMzkvdmVyc2lvbnMvMC4xL3JlZ2V4ZW50aXRpZXMvYWY0ZjdjN2QtODAxMi00MDNjLTgzZTAtYTUyNjAzMDgyMjBlL3JvbGVz",
      "RequestMethod": "GET",
      "RequestBody": "",
      "RequestHeaders": {
        "Ocp-Apim-Subscription-Key": [
          "62b834e0069943d9b035f32abd230359"
        ],
        "User-Agent": [
          "FxVersion/4.6.27617.04",
          "OSName/Windows",
          "OSVersion/Microsoft.Windows.10.0.18362.",
          "Microsoft.Azure.CognitiveServices.Language.LUIS.Authoring.LUISAuthoringClient/3.1.0.0"
        ]
      },
      "ResponseHeaders": {
        "Cache-Control": [
          "no-store, proxy-revalidate, no-cache, max-age=0, private"
        ],
        "Pragma": [
          "no-cache"
        ],
        "Apim-Request-Id": [
          "c42d0935-8895-41c3-aada-12fc30abb48a"
        ],
        "Request-Id": [
          "c42d0935-8895-41c3-aada-12fc30abb48a"
        ],
        "Strict-Transport-Security": [
          "max-age=31536000; includeSubDomains; preload"
        ],
        "Request-Context": [
          "appId=cid-v1:26a3540d-a02a-4998-a060-715488fd769b"
        ],
        "X-Content-Type-Options": [
          "nosniff"
        ],
        "X-Frame-Options": [
          "SAMEORIGIN"
        ],
        "Date": [
          "Sun, 25 Aug 2019 19:14:38 GMT"
        ],
        "Content-Length": [
          "2"
        ],
        "Content-Type": [
          "application/json; charset=utf-8"
        ]
      },
      "ResponseBody": "[]",
      "StatusCode": 200
    },
    {
      "RequestUri": "/luis/api/v2.0/apps/3327b33c-35df-40d0-a661-c9ade29da239/versions/0.1/regexentities/af4f7c7d-8012-403c-83e0-a5260308220e",
      "EncodedRequestUri": "L2x1aXMvYXBpL3YyLjAvYXBwcy8zMzI3YjMzYy0zNWRmLTQwZDAtYTY2MS1jOWFkZTI5ZGEyMzkvdmVyc2lvbnMvMC4xL3JlZ2V4ZW50aXRpZXMvYWY0ZjdjN2QtODAxMi00MDNjLTgzZTAtYTUyNjAzMDgyMjBl",
      "RequestMethod": "DELETE",
      "RequestBody": "",
      "RequestHeaders": {
        "Ocp-Apim-Subscription-Key": [
          "62b834e0069943d9b035f32abd230359"
        ],
        "User-Agent": [
          "FxVersion/4.6.27617.04",
          "OSName/Windows",
          "OSVersion/Microsoft.Windows.10.0.18362.",
          "Microsoft.Azure.CognitiveServices.Language.LUIS.Authoring.LUISAuthoringClient/3.1.0.0"
        ]
      },
      "ResponseHeaders": {
        "Cache-Control": [
          "no-store, proxy-revalidate, no-cache, max-age=0, private"
        ],
        "Pragma": [
          "no-cache"
        ],
        "Apim-Request-Id": [
          "f7d594f0-36a8-45af-a9d7-b07d4988e7b5"
        ],
        "Request-Id": [
          "f7d594f0-36a8-45af-a9d7-b07d4988e7b5"
        ],
        "Strict-Transport-Security": [
          "max-age=31536000; includeSubDomains; preload"
        ],
        "Request-Context": [
          "appId=cid-v1:26a3540d-a02a-4998-a060-715488fd769b"
        ],
        "X-Content-Type-Options": [
          "nosniff"
        ],
        "X-Frame-Options": [
          "SAMEORIGIN"
        ],
        "Date": [
          "Sun, 25 Aug 2019 19:14:38 GMT"
        ],
        "Content-Length": [
          "51"
        ],
        "Content-Type": [
          "application/json; charset=utf-8"
        ]
      },
      "ResponseBody": "{\r\n  \"code\": \"Success\",\r\n  \"message\": \"Operation Successful\"\r\n}",
      "StatusCode": 200
    }
  ],
  "Names": {},
  "Variables": {}
}