{
  "Entries": [
    {
      "RequestUri": "/luis/authoring/v3.0-preview/apps/57145764-300b-4640-a4ed-0289ad085e05/versions/0.1/prebuilts",
      "EncodedRequestUri": "L2x1aXMvYXV0aG9yaW5nL3YzLjAtcHJldmlldy9hcHBzLzU3MTQ1NzY0LTMwMGItNDY0MC1hNGVkLTAyODlhZDA4NWUwNS92ZXJzaW9ucy8wLjEvcHJlYnVpbHRz",
      "RequestMethod": "POST",
      "RequestBody": "[\r\n  \"money\"\r\n]",
      "RequestHeaders": {
        "Ocp-Apim-Subscription-Key": [
          "507dfc3e5c29448e98fad6046cdee451"
        ],
        "User-Agent": [
          "FxVersion/4.6.28619.01",
          "OSName/Windows",
          "OSVersion/Microsoft.Windows.10.0.18363.",
          "Microsoft.Azure.CognitiveServices.Language.LUIS.Authoring.LUISAuthoringClient/3.2.0.0"
        ],
        "Content-Type": [
          "application/json; charset=utf-8"
        ],
        "Content-Length": [
          "15"
        ]
      },
      "ResponseHeaders": {
        "Cache-Control": [
          "no-store, proxy-revalidate, no-cache, max-age=0, private"
        ],
        "Pragma": [
          "no-cache"
        ],
        "Apim-Request-Id": [
          "da368aab-35d2-46cc-91c9-92f339ee436b"
        ],
        "Request-Id": [
          "da368aab-35d2-46cc-91c9-92f339ee436b"
        ],
        "Strict-Transport-Security": [
          "max-age=31536000; includeSubDomains; preload"
        ],
        "Request-Context": [
          "appId=cid-v1:26a3540d-a02a-4998-a060-715488fd769b"
        ],
        "X-Content-Type-Options": [
          "nosniff"
        ],
        "X-Frame-Options": [
          "SAMEORIGIN"
        ],
        "Date": [
          "Wed, 13 May 2020 15:42:34 GMT"
        ],
        "Content-Length": [
          "127"
        ],
        "Content-Type": [
          "application/json; charset=utf-8"
        ]
      },
      "ResponseBody": "[\r\n  {\r\n    \"id\": \"f4ebfd1d-0ed5-4d7e-8876-2f796174c0b3\",\r\n    \"name\": \"money\",\r\n    \"typeId\": 2,\r\n    \"readableType\": \"Prebuilt Entity Extractor\",\r\n    \"roles\": []\r\n  }\r\n]",
      "StatusCode": 201
    },
    {
      "RequestUri": "/luis/authoring/v3.0-preview/apps/57145764-300b-4640-a4ed-0289ad085e05/versions/0.1/prebuilts/f4ebfd1d-0ed5-4d7e-8876-2f796174c0b3/roles",
      "EncodedRequestUri": "L2x1aXMvYXV0aG9yaW5nL3YzLjAtcHJldmlldy9hcHBzLzU3MTQ1NzY0LTMwMGItNDY0MC1hNGVkLTAyODlhZDA4NWUwNS92ZXJzaW9ucy8wLjEvcHJlYnVpbHRzL2Y0ZWJmZDFkLTBlZDUtNGQ3ZS04ODc2LTJmNzk2MTc0YzBiMy9yb2xlcw==",
      "RequestMethod": "POST",
      "RequestBody": "{\r\n  \"name\": \"simple role\"\r\n}",
      "RequestHeaders": {
        "Ocp-Apim-Subscription-Key": [
          "507dfc3e5c29448e98fad6046cdee451"
        ],
        "User-Agent": [
          "FxVersion/4.6.28619.01",
          "OSName/Windows",
          "OSVersion/Microsoft.Windows.10.0.18363.",
          "Microsoft.Azure.CognitiveServices.Language.LUIS.Authoring.LUISAuthoringClient/3.2.0.0"
        ],
        "Content-Type": [
          "application/json; charset=utf-8"
        ],
        "Content-Length": [
          "29"
        ]
      },
      "ResponseHeaders": {
        "Cache-Control": [
          "no-store, proxy-revalidate, no-cache, max-age=0, private"
        ],
        "Pragma": [
          "no-cache"
        ],
        "Location": [
          "https://westus.api.cognitive.microsoft.com/luis/authoring/v3.0-preview/apps/57145764-300b-4640-a4ed-0289ad085e05/versions/0.1/prebuilts/f4ebfd1d-0ed5-4d7e-8876-2f796174c0b3/roles/947a425a-54af-4aad-96be-f32f3f0cc32c"
        ],
        "Apim-Request-Id": [
          "f94a8d76-6958-4155-b2fe-b4879261ad86"
        ],
        "Request-Id": [
          "f94a8d76-6958-4155-b2fe-b4879261ad86"
        ],
        "Operation-Location": [
          "https://westus.api.cognitive.microsoft.com/luis/authoring/v3.0-preview/apps/57145764-300b-4640-a4ed-0289ad085e05/versions/0.1/prebuilts/f4ebfd1d-0ed5-4d7e-8876-2f796174c0b3/roles/947a425a-54af-4aad-96be-f32f3f0cc32c"
        ],
        "Strict-Transport-Security": [
          "max-age=31536000; includeSubDomains; preload"
        ],
        "Request-Context": [
          "appId=cid-v1:26a3540d-a02a-4998-a060-715488fd769b"
        ],
        "X-Content-Type-Options": [
          "nosniff"
        ],
        "X-Frame-Options": [
          "SAMEORIGIN"
        ],
        "Date": [
          "Wed, 13 May 2020 15:42:34 GMT"
        ],
        "Content-Length": [
          "38"
        ],
        "Content-Type": [
          "application/json; charset=utf-8"
        ]
      },
      "ResponseBody": "\"947a425a-54af-4aad-96be-f32f3f0cc32c\"",
      "StatusCode": 201
    },
    {
      "RequestUri": "/luis/authoring/v3.0-preview/apps/57145764-300b-4640-a4ed-0289ad085e05/versions/0.1/prebuilts/f4ebfd1d-0ed5-4d7e-8876-2f796174c0b3/roles/947a425a-54af-4aad-96be-f32f3f0cc32c",
      "EncodedRequestUri": "L2x1aXMvYXV0aG9yaW5nL3YzLjAtcHJldmlldy9hcHBzLzU3MTQ1NzY0LTMwMGItNDY0MC1hNGVkLTAyODlhZDA4NWUwNS92ZXJzaW9ucy8wLjEvcHJlYnVpbHRzL2Y0ZWJmZDFkLTBlZDUtNGQ3ZS04ODc2LTJmNzk2MTc0YzBiMy9yb2xlcy85NDdhNDI1YS01NGFmLTRhYWQtOTZiZS1mMzJmM2YwY2MzMmM=",
      "RequestMethod": "GET",
      "RequestBody": "",
      "RequestHeaders": {
        "Ocp-Apim-Subscription-Key": [
          "507dfc3e5c29448e98fad6046cdee451"
        ],
        "User-Agent": [
          "FxVersion/4.6.28619.01",
          "OSName/Windows",
          "OSVersion/Microsoft.Windows.10.0.18363.",
          "Microsoft.Azure.CognitiveServices.Language.LUIS.Authoring.LUISAuthoringClient/3.2.0.0"
        ]
      },
      "ResponseHeaders": {
        "Cache-Control": [
          "no-store, proxy-revalidate, no-cache, max-age=0, private"
        ],
        "Pragma": [
          "no-cache"
        ],
        "Apim-Request-Id": [
          "8e16f241-0bc2-4660-92ac-d9ac10412db0"
        ],
        "Request-Id": [
          "8e16f241-0bc2-4660-92ac-d9ac10412db0"
        ],
        "Strict-Transport-Security": [
          "max-age=31536000; includeSubDomains; preload"
        ],
        "Request-Context": [
          "appId=cid-v1:26a3540d-a02a-4998-a060-715488fd769b"
        ],
        "X-Content-Type-Options": [
          "nosniff"
        ],
        "X-Frame-Options": [
          "SAMEORIGIN"
        ],
        "Date": [
          "Wed, 13 May 2020 15:42:35 GMT"
        ],
        "Content-Length": [
          "66"
        ],
        "Content-Type": [
          "application/json; charset=utf-8"
        ]
      },
      "ResponseBody": "{\r\n  \"id\": \"947a425a-54af-4aad-96be-f32f3f0cc32c\",\r\n  \"name\": \"simple role\"\r\n}",
      "StatusCode": 200
    },
    {
      "RequestUri": "/luis/authoring/v3.0-preview/apps/57145764-300b-4640-a4ed-0289ad085e05/versions/0.1/prebuilts/f4ebfd1d-0ed5-4d7e-8876-2f796174c0b3",
      "EncodedRequestUri": "L2x1aXMvYXV0aG9yaW5nL3YzLjAtcHJldmlldy9hcHBzLzU3MTQ1NzY0LTMwMGItNDY0MC1hNGVkLTAyODlhZDA4NWUwNS92ZXJzaW9ucy8wLjEvcHJlYnVpbHRzL2Y0ZWJmZDFkLTBlZDUtNGQ3ZS04ODc2LTJmNzk2MTc0YzBiMw==",
      "RequestMethod": "DELETE",
      "RequestBody": "",
      "RequestHeaders": {
        "Ocp-Apim-Subscription-Key": [
          "507dfc3e5c29448e98fad6046cdee451"
        ],
        "User-Agent": [
          "FxVersion/4.6.28619.01",
          "OSName/Windows",
          "OSVersion/Microsoft.Windows.10.0.18363.",
          "Microsoft.Azure.CognitiveServices.Language.LUIS.Authoring.LUISAuthoringClient/3.2.0.0"
        ]
      },
      "ResponseHeaders": {
        "Cache-Control": [
          "no-store, proxy-revalidate, no-cache, max-age=0, private"
        ],
        "Pragma": [
          "no-cache"
        ],
        "Apim-Request-Id": [
          "bd6aaf35-38bc-4566-9f69-94040f0ad17f"
        ],
        "Request-Id": [
          "bd6aaf35-38bc-4566-9f69-94040f0ad17f"
        ],
        "Strict-Transport-Security": [
          "max-age=31536000; includeSubDomains; preload"
        ],
        "Request-Context": [
          "appId=cid-v1:26a3540d-a02a-4998-a060-715488fd769b"
        ],
        "X-Content-Type-Options": [
          "nosniff"
        ],
        "X-Frame-Options": [
          "SAMEORIGIN"
        ],
        "Date": [
          "Wed, 13 May 2020 15:42:35 GMT"
        ],
        "Content-Length": [
          "51"
        ],
        "Content-Type": [
          "application/json; charset=utf-8"
        ]
      },
      "ResponseBody": "{\r\n  \"code\": \"Success\",\r\n  \"message\": \"Operation Successful\"\r\n}",
      "StatusCode": 200
    }
  ],
  "Names": {},
  "Variables": {}
}