{
  "Entries": [
    {
      "RequestUri": "/luis/authoring/v3.0-preview/apps/6c859d36-47a0-4dd9-a2ab-7817e211646b/versions/0.1/regexentities",
      "EncodedRequestUri": "L2x1aXMvYXV0aG9yaW5nL3YzLjAtcHJldmlldy9hcHBzLzZjODU5ZDM2LTQ3YTAtNGRkOS1hMmFiLTc4MTdlMjExNjQ2Yi92ZXJzaW9ucy8wLjEvcmVnZXhlbnRpdGllcw==",
      "RequestMethod": "POST",
      "RequestBody": "{\r\n  \"regexPattern\": \"a+\",\r\n  \"name\": \"regex model\"\r\n}",
      "RequestHeaders": {
        "Ocp-Apim-Subscription-Key": [
          "120f721e60454544a884022b1bc988a5"
        ],
        "User-Agent": [
          "FxVersion/4.6.27817.01",
          "OSName/Windows",
          "OSVersion/Microsoft.Windows.10.0.18363.",
          "Microsoft.Azure.CognitiveServices.Language.LUIS.Authoring.LUISAuthoringClient/3.8.0.0"
        ],
        "Content-Type": [
          "application/json; charset=utf-8"
        ],
        "Content-Length": [
          "54"
        ]
      },
      "ResponseHeaders": {
        "Cache-Control": [
          "no-store, proxy-revalidate, no-cache, max-age=0, private"
        ],
        "Pragma": [
          "no-cache"
        ],
        "Location": [
          "https://westus.api.cognitive.microsoft.com/luis/api/v3.0-preview/apps/6c859d36-47a0-4dd9-a2ab-7817e211646b/versions/0.1/regexentities/e8bf6cdd-af7f-40eb-aedc-383428a800b7"
        ],
        "Apim-Request-Id": [
          "de5d62a4-160d-4ee3-bd62-0325af455026"
        ],
        "Request-Id": [
          "de5d62a4-160d-4ee3-bd62-0325af455026"
        ],
        "Operation-Location": [
          "https://westus.api.cognitive.microsoft.com/luis/api/v3.0-preview/apps/6c859d36-47a0-4dd9-a2ab-7817e211646b/versions/0.1/regexentities/e8bf6cdd-af7f-40eb-aedc-383428a800b7"
        ],
        "Strict-Transport-Security": [
          "max-age=31536000; includeSubDomains; preload"
        ],
        "Request-Context": [
          "appId=cid-v1:26a3540d-a02a-4998-a060-715488fd769b"
        ],
        "X-Content-Type-Options": [
          "nosniff"
        ],
        "X-Frame-Options": [
          "SAMEORIGIN"
        ],
        "Date": [
          "Tue, 29 Oct 2019 13:18:02 GMT"
        ],
        "Content-Length": [
          "38"
        ],
        "Content-Type": [
          "application/json; charset=utf-8"
        ]
      },
      "ResponseBody": "\"e8bf6cdd-af7f-40eb-aedc-383428a800b7\"",
      "StatusCode": 201
    },
    {
      "RequestUri": "/luis/authoring/v3.0-preview/apps/6c859d36-47a0-4dd9-a2ab-7817e211646b/versions/0.1/regexentities/e8bf6cdd-af7f-40eb-aedc-383428a800b7/roles",
      "EncodedRequestUri": "L2x1aXMvYXV0aG9yaW5nL3YzLjAtcHJldmlldy9hcHBzLzZjODU5ZDM2LTQ3YTAtNGRkOS1hMmFiLTc4MTdlMjExNjQ2Yi92ZXJzaW9ucy8wLjEvcmVnZXhlbnRpdGllcy9lOGJmNmNkZC1hZjdmLTQwZWItYWVkYy0zODM0MjhhODAwYjcvcm9sZXM=",
      "RequestMethod": "POST",
      "RequestBody": "{\r\n  \"name\": \"simple role\"\r\n}",
      "RequestHeaders": {
        "Ocp-Apim-Subscription-Key": [
          "120f721e60454544a884022b1bc988a5"
        ],
        "User-Agent": [
          "FxVersion/4.6.27817.01",
          "OSName/Windows",
          "OSVersion/Microsoft.Windows.10.0.18363.",
          "Microsoft.Azure.CognitiveServices.Language.LUIS.Authoring.LUISAuthoringClient/3.8.0.0"
        ],
        "Content-Type": [
          "application/json; charset=utf-8"
        ],
        "Content-Length": [
          "29"
        ]
      },
      "ResponseHeaders": {
        "Cache-Control": [
          "no-store, proxy-revalidate, no-cache, max-age=0, private"
        ],
        "Pragma": [
          "no-cache"
        ],
        "Location": [
          "https://westus.api.cognitive.microsoft.com/luis/api/v3.0-preview/apps/6c859d36-47a0-4dd9-a2ab-7817e211646b/versions/0.1/regexentities/e8bf6cdd-af7f-40eb-aedc-383428a800b7/roles/2612ca9a-e9d2-4811-92b2-7edd3ad3589b"
        ],
        "Apim-Request-Id": [
          "e5dbb91f-00d9-4d7d-8f2d-832ae99e942e"
        ],
        "Request-Id": [
          "e5dbb91f-00d9-4d7d-8f2d-832ae99e942e"
        ],
        "Operation-Location": [
          "https://westus.api.cognitive.microsoft.com/luis/api/v3.0-preview/apps/6c859d36-47a0-4dd9-a2ab-7817e211646b/versions/0.1/regexentities/e8bf6cdd-af7f-40eb-aedc-383428a800b7/roles/2612ca9a-e9d2-4811-92b2-7edd3ad3589b"
        ],
        "Strict-Transport-Security": [
          "max-age=31536000; includeSubDomains; preload"
        ],
        "Request-Context": [
          "appId=cid-v1:26a3540d-a02a-4998-a060-715488fd769b"
        ],
        "X-Content-Type-Options": [
          "nosniff"
        ],
        "X-Frame-Options": [
          "SAMEORIGIN"
        ],
        "Date": [
          "Tue, 29 Oct 2019 13:18:03 GMT"
        ],
        "Content-Length": [
          "38"
        ],
        "Content-Type": [
          "application/json; charset=utf-8"
        ]
      },
      "ResponseBody": "\"2612ca9a-e9d2-4811-92b2-7edd3ad3589b\"",
      "StatusCode": 201
    },
    {
      "RequestUri": "/luis/authoring/v3.0-preview/apps/6c859d36-47a0-4dd9-a2ab-7817e211646b/versions/0.1/regexentities/e8bf6cdd-af7f-40eb-aedc-383428a800b7/roles/2612ca9a-e9d2-4811-92b2-7edd3ad3589b",
      "EncodedRequestUri": "L2x1aXMvYXV0aG9yaW5nL3YzLjAtcHJldmlldy9hcHBzLzZjODU5ZDM2LTQ3YTAtNGRkOS1hMmFiLTc4MTdlMjExNjQ2Yi92ZXJzaW9ucy8wLjEvcmVnZXhlbnRpdGllcy9lOGJmNmNkZC1hZjdmLTQwZWItYWVkYy0zODM0MjhhODAwYjcvcm9sZXMvMjYxMmNhOWEtZTlkMi00ODExLTkyYjItN2VkZDNhZDM1ODli",
      "RequestMethod": "PUT",
      "RequestBody": "{\r\n  \"name\": \"simple role 2\"\r\n}",
      "RequestHeaders": {
        "Ocp-Apim-Subscription-Key": [
          "120f721e60454544a884022b1bc988a5"
        ],
        "User-Agent": [
          "FxVersion/4.6.27817.01",
          "OSName/Windows",
          "OSVersion/Microsoft.Windows.10.0.18363.",
          "Microsoft.Azure.CognitiveServices.Language.LUIS.Authoring.LUISAuthoringClient/3.8.0.0"
        ],
        "Content-Type": [
          "application/json; charset=utf-8"
        ],
        "Content-Length": [
          "31"
        ]
      },
      "ResponseHeaders": {
        "Cache-Control": [
          "no-store, proxy-revalidate, no-cache, max-age=0, private"
        ],
        "Pragma": [
          "no-cache"
        ],
        "Apim-Request-Id": [
          "024e4ebc-b587-42e4-b064-5cc461363802"
        ],
        "Request-Id": [
          "024e4ebc-b587-42e4-b064-5cc461363802"
        ],
        "Strict-Transport-Security": [
          "max-age=31536000; includeSubDomains; preload"
        ],
        "Request-Context": [
          "appId=cid-v1:26a3540d-a02a-4998-a060-715488fd769b"
        ],
        "X-Content-Type-Options": [
          "nosniff"
        ],
        "X-Frame-Options": [
          "SAMEORIGIN"
        ],
        "Date": [
          "Tue, 29 Oct 2019 13:18:03 GMT"
        ],
        "Content-Length": [
          "51"
        ],
        "Content-Type": [
          "application/json; charset=utf-8"
        ]
      },
      "ResponseBody": "{\r\n  \"code\": \"Success\",\r\n  \"message\": \"Operation Successful\"\r\n}",
      "StatusCode": 200
    },
    {
      "RequestUri": "/luis/authoring/v3.0-preview/apps/6c859d36-47a0-4dd9-a2ab-7817e211646b/versions/0.1/regexentities/e8bf6cdd-af7f-40eb-aedc-383428a800b7/roles/2612ca9a-e9d2-4811-92b2-7edd3ad3589b",
      "EncodedRequestUri": "L2x1aXMvYXV0aG9yaW5nL3YzLjAtcHJldmlldy9hcHBzLzZjODU5ZDM2LTQ3YTAtNGRkOS1hMmFiLTc4MTdlMjExNjQ2Yi92ZXJzaW9ucy8wLjEvcmVnZXhlbnRpdGllcy9lOGJmNmNkZC1hZjdmLTQwZWItYWVkYy0zODM0MjhhODAwYjcvcm9sZXMvMjYxMmNhOWEtZTlkMi00ODExLTkyYjItN2VkZDNhZDM1ODli",
      "RequestMethod": "GET",
      "RequestBody": "",
      "RequestHeaders": {
        "Ocp-Apim-Subscription-Key": [
          "120f721e60454544a884022b1bc988a5"
        ],
        "User-Agent": [
          "FxVersion/4.6.27817.01",
          "OSName/Windows",
          "OSVersion/Microsoft.Windows.10.0.18363.",
          "Microsoft.Azure.CognitiveServices.Language.LUIS.Authoring.LUISAuthoringClient/3.8.0.0"
        ]
      },
      "ResponseHeaders": {
        "Cache-Control": [
          "no-store, proxy-revalidate, no-cache, max-age=0, private"
        ],
        "Pragma": [
          "no-cache"
        ],
        "Apim-Request-Id": [
          "3a93b0ae-2b14-4fc3-8108-614587bbd794"
        ],
        "Request-Id": [
          "3a93b0ae-2b14-4fc3-8108-614587bbd794"
        ],
        "Strict-Transport-Security": [
          "max-age=31536000; includeSubDomains; preload"
        ],
        "Request-Context": [
          "appId=cid-v1:26a3540d-a02a-4998-a060-715488fd769b"
        ],
        "X-Content-Type-Options": [
          "nosniff"
        ],
        "X-Frame-Options": [
          "SAMEORIGIN"
        ],
        "Date": [
          "Tue, 29 Oct 2019 13:18:03 GMT"
        ],
        "Content-Length": [
          "68"
        ],
        "Content-Type": [
          "application/json; charset=utf-8"
        ]
      },
      "ResponseBody": "{\r\n  \"id\": \"2612ca9a-e9d2-4811-92b2-7edd3ad3589b\",\r\n  \"name\": \"simple role 2\"\r\n}",
      "StatusCode": 200
    },
    {
      "RequestUri": "/luis/authoring/v3.0-preview/apps/6c859d36-47a0-4dd9-a2ab-7817e211646b/versions/0.1/regexentities/e8bf6cdd-af7f-40eb-aedc-383428a800b7",
      "EncodedRequestUri": "L2x1aXMvYXV0aG9yaW5nL3YzLjAtcHJldmlldy9hcHBzLzZjODU5ZDM2LTQ3YTAtNGRkOS1hMmFiLTc4MTdlMjExNjQ2Yi92ZXJzaW9ucy8wLjEvcmVnZXhlbnRpdGllcy9lOGJmNmNkZC1hZjdmLTQwZWItYWVkYy0zODM0MjhhODAwYjc=",
      "RequestMethod": "DELETE",
      "RequestBody": "",
      "RequestHeaders": {
        "Ocp-Apim-Subscription-Key": [
          "120f721e60454544a884022b1bc988a5"
        ],
        "User-Agent": [
          "FxVersion/4.6.27817.01",
          "OSName/Windows",
          "OSVersion/Microsoft.Windows.10.0.18363.",
          "Microsoft.Azure.CognitiveServices.Language.LUIS.Authoring.LUISAuthoringClient/3.8.0.0"
        ]
      },
      "ResponseHeaders": {
        "Cache-Control": [
          "no-store, proxy-revalidate, no-cache, max-age=0, private"
        ],
        "Pragma": [
          "no-cache"
        ],
        "Apim-Request-Id": [
          "711d3dda-5397-48e6-89d7-1e20a2ee9d3b"
        ],
        "Request-Id": [
          "711d3dda-5397-48e6-89d7-1e20a2ee9d3b"
        ],
        "Strict-Transport-Security": [
          "max-age=31536000; includeSubDomains; preload"
        ],
        "Request-Context": [
          "appId=cid-v1:26a3540d-a02a-4998-a060-715488fd769b"
        ],
        "X-Content-Type-Options": [
          "nosniff"
        ],
        "X-Frame-Options": [
          "SAMEORIGIN"
        ],
        "Date": [
          "Tue, 29 Oct 2019 13:18:04 GMT"
        ],
        "Content-Length": [
          "51"
        ],
        "Content-Type": [
          "application/json; charset=utf-8"
        ]
      },
      "ResponseBody": "{\r\n  \"code\": \"Success\",\r\n  \"message\": \"Operation Successful\"\r\n}",
      "StatusCode": 200
    }
  ],
  "Names": {},
  "Variables": {}
}