{
  "Entries": [
    {
      "RequestUri": "/subscriptions/18ba8369-92e4-4d70-8b1e-937660bde798/resourcegroups/MNC-Portal?api-version=2015-11-01",
      "EncodedRequestUri": "L3N1YnNjcmlwdGlvbnMvMThiYTgzNjktOTJlNC00ZDcwLThiMWUtOTM3NjYwYmRlNzk4L3Jlc291cmNlZ3JvdXBzL01OQy1Qb3J0YWw/YXBpLXZlcnNpb249MjAxNS0xMS0wMQ==",
      "RequestMethod": "GET",
      "RequestBody": "",
      "RequestHeaders": {
        "x-ms-client-request-id": [
          "c059989c-8c39-4bd3-92a0-e0a4e84b19b9"
        ],
        "Accept-Language": [
          "en-US"
        ],
        "User-Agent": [
          "FxVersion/4.6.27817.01",
          "OSName/Windows",
          "OSVersion/Microsoft.Windows.10.0.18362.",
          "Microsoft.Azure.Management.Resources.ResourceManagementClient/1.0.0.0"
        ]
      },
      "ResponseHeaders": {
        "Cache-Control": [
          "no-cache"
        ],
        "Pragma": [
          "no-cache"
        ],
        "x-ms-ratelimit-remaining-subscription-reads": [
          "11999"
        ],
        "x-ms-request-id": [
          "3ab546ed-0bf0-44b8-8ca0-bd58e4684c00"
        ],
        "x-ms-correlation-request-id": [
          "3ab546ed-0bf0-44b8-8ca0-bd58e4684c00"
        ],
        "x-ms-routing-request-id": [
          "WESTUS:20190917T221115Z:3ab546ed-0bf0-44b8-8ca0-bd58e4684c00"
        ],
        "Strict-Transport-Security": [
          "max-age=31536000; includeSubDomains"
        ],
        "X-Content-Type-Options": [
          "nosniff"
        ],
        "Date": [
          "Tue, 17 Sep 2019 22:11:15 GMT"
        ],
        "Content-Type": [
          "application/json; charset=utf-8"
        ],
        "Expires": [
          "-1"
        ],
        "Content-Length": [
          "186"
        ]
      },
      "ResponseBody": "{\r\n  \"id\": \"/subscriptions/18ba8369-92e4-4d70-8b1e-937660bde798/resourceGroups/MNC-Portal\",\r\n  \"name\": \"MNC-Portal\",\r\n  \"location\": \"centralus\",\r\n  \"tags\": {},\r\n  \"properties\": {\r\n    \"provisioningState\": \"Succeeded\"\r\n  }\r\n}",
      "StatusCode": 200
    },
    {
      "RequestUri": "/subscriptions/18ba8369-92e4-4d70-8b1e-937660bde798/resourceGroups/MNC-Portal/providers/Microsoft.ManagedNetwork/managedNetworks/SDK_ManagedNetwork_Mesh2?api-version=2019-06-01-preview",
      "EncodedRequestUri": "L3N1YnNjcmlwdGlvbnMvMThiYTgzNjktOTJlNC00ZDcwLThiMWUtOTM3NjYwYmRlNzk4L3Jlc291cmNlR3JvdXBzL01OQy1Qb3J0YWwvcHJvdmlkZXJzL01pY3Jvc29mdC5NYW5hZ2VkTmV0d29yay9tYW5hZ2VkTmV0d29ya3MvU0RLX01hbmFnZWROZXR3b3JrX01lc2gyP2FwaS12ZXJzaW9uPTIwMTktMDYtMDEtcHJldmlldw==",
      "RequestMethod": "PUT",
      "RequestBody": "{\r\n  \"properties\": {\r\n    \"scope\": {\r\n      \"virtualNetworks\": [\r\n        {\r\n          \"id\": \"subscriptions/18ba8369-92e4-4d70-8b1e-937660bde798/resourceGroups/MNC-PowerShell/providers/Microsoft.Network/virtualnetworks/Mesh1\"\r\n        },\r\n        {\r\n          \"id\": \"subscriptions/18ba8369-92e4-4d70-8b1e-937660bde798/resourceGroups/MNC-PowerShell/providers/Microsoft.Network/virtualnetworks/Mesh2\"\r\n        },\r\n        {\r\n          \"id\": \"subscriptions/18ba8369-92e4-4d70-8b1e-937660bde798/resourceGroups/MNC-PowerShell/providers/Microsoft.Network/virtualnetworks/Mesh3\"\r\n        }\r\n      ]\r\n    }\r\n  },\r\n  \"location\": \"Central US\"\r\n}",
      "RequestHeaders": {
        "x-ms-client-request-id": [
          "87d8a46b-d32b-4fec-9cb4-6625cf367e75"
        ],
        "Accept-Language": [
          "en-US"
        ],
        "User-Agent": [
          "FxVersion/4.6.27817.01",
          "OSName/Windows",
          "OSVersion/Microsoft.Windows.10.0.18362.",
          "Microsoft.Azure.Management.ManagedNetwork.ManagedNetworkManagementClient/1.0.0.1"
        ],
        "Content-Type": [
          "application/json; charset=utf-8"
        ],
        "Content-Length": [
          "635"
        ]
      },
      "ResponseHeaders": {
        "Cache-Control": [
          "no-cache"
        ],
        "Pragma": [
          "no-cache"
        ],
        "x-ms-ratelimit-remaining-subscription-writes": [
          "1199"
        ],
        "Strict-Transport-Security": [
          "max-age=31536000; includeSubDomains"
        ],
        "Server": [
          "Kestrel"
        ],
        "x-ms-request-id": [
          "af90e48e-4e04-4920-9f7f-c8313a8fd69b"
        ],
        "x-ms-correlation-request-id": [
          "af90e48e-4e04-4920-9f7f-c8313a8fd69b"
        ],
        "x-ms-routing-request-id": [
          "WESTUS:20190917T221116Z:af90e48e-4e04-4920-9f7f-c8313a8fd69b"
        ],
        "X-Content-Type-Options": [
          "nosniff"
        ],
        "Date": [
          "Tue, 17 Sep 2019 22:11:16 GMT"
        ],
        "Content-Length": [
          "897"
        ],
        "Content-Type": [
          "application/json; charset=utf-8"
        ],
        "Expires": [
          "-1"
        ]
      },
      "ResponseBody": "{\r\n  \"id\": \"subscriptions/18ba8369-92e4-4d70-8b1e-937660bde798/resourceGroups/MNC-Portal/providers/Microsoft.ManagedNetwork/managedNetworks/SDK_ManagedNetwork_Mesh2\",\r\n  \"name\": \"SDK_ManagedNetwork_Mesh2\",\r\n  \"type\": \"Microsoft.ManagedNetwork/managedNetworks\",\r\n  \"location\": \"Central US\",\r\n  \"apiVersion\": \"\",\r\n  \"tags\": {},\r\n  \"resourceGuid\": \"\",\r\n  \"provisioningState\": 0,\r\n  \"properties\": {\r\n    \"scope\": {\r\n      \"virtualNetworks\": [\r\n        {\r\n          \"id\": \"subscriptions/18ba8369-92e4-4d70-8b1e-937660bde798/resourceGroups/MNC-PowerShell/providers/Microsoft.Network/virtualnetworks/Mesh1\"\r\n        },\r\n        {\r\n          \"id\": \"subscriptions/18ba8369-92e4-4d70-8b1e-937660bde798/resourceGroups/MNC-PowerShell/providers/Microsoft.Network/virtualnetworks/Mesh2\"\r\n        },\r\n        {\r\n          \"id\": \"subscriptions/18ba8369-92e4-4d70-8b1e-937660bde798/resourceGroups/MNC-PowerShell/providers/Microsoft.Network/virtualnetworks/Mesh3\"\r\n        }\r\n      ],\r\n      \"managementGroups\": [],\r\n      \"subscriptions\": [],\r\n      \"subNets\": []\r\n    },\r\n    \"connectivity\": {\r\n      \"peerings\": [],\r\n      \"groups\": []\r\n    }\r\n  }\r\n}",
      "StatusCode": 200
    },
    {
      "RequestUri": "/subscriptions/18ba8369-92e4-4d70-8b1e-937660bde798/resourceGroups/MNC-Portal/providers/Microsoft.ManagedNetwork/managedNetworks/SDK_ManagedNetwork_Mesh2/managedNetworkGroups/SDK_MeshGroup?api-version=2019-06-01-preview",
      "EncodedRequestUri": "L3N1YnNjcmlwdGlvbnMvMThiYTgzNjktOTJlNC00ZDcwLThiMWUtOTM3NjYwYmRlNzk4L3Jlc291cmNlR3JvdXBzL01OQy1Qb3J0YWwvcHJvdmlkZXJzL01pY3Jvc29mdC5NYW5hZ2VkTmV0d29yay9tYW5hZ2VkTmV0d29ya3MvU0RLX01hbmFnZWROZXR3b3JrX01lc2gyL21hbmFnZWROZXR3b3JrR3JvdXBzL1NES19NZXNoR3JvdXA/YXBpLXZlcnNpb249MjAxOS0wNi0wMS1wcmV2aWV3",
      "RequestMethod": "PUT",
      "RequestBody": "{\r\n  \"properties\": {\r\n    \"virtualNetworks\": [\r\n      {\r\n        \"id\": \"subscriptions/18ba8369-92e4-4d70-8b1e-937660bde798/resourceGroups/MNC-PowerShell/providers/Microsoft.Network/virtualnetworks/Mesh1\"\r\n      },\r\n      {\r\n        \"id\": \"subscriptions/18ba8369-92e4-4d70-8b1e-937660bde798/resourceGroups/MNC-PowerShell/providers/Microsoft.Network/virtualnetworks/Mesh2\"\r\n      },\r\n      {\r\n        \"id\": \"subscriptions/18ba8369-92e4-4d70-8b1e-937660bde798/resourceGroups/MNC-PowerShell/providers/Microsoft.Network/virtualnetworks/Mesh3\"\r\n      }\r\n    ]\r\n  },\r\n  \"location\": \"Central US\"\r\n}",
      "RequestHeaders": {
        "x-ms-client-request-id": [
          "9c656093-1513-47cf-b17f-0de473890591"
        ],
        "Accept-Language": [
          "en-US"
        ],
        "User-Agent": [
          "FxVersion/4.6.27817.01",
          "OSName/Windows",
          "OSVersion/Microsoft.Windows.10.0.18362.",
          "Microsoft.Azure.Management.ManagedNetwork.ManagedNetworkManagementClient/1.0.0.1"
        ],
        "Content-Type": [
          "application/json; charset=utf-8"
        ],
        "Content-Length": [
          "590"
        ]
      },
      "ResponseHeaders": {
        "Cache-Control": [
          "no-cache"
        ],
        "Pragma": [
          "no-cache"
        ],
        "x-ms-ratelimit-remaining-subscription-writes": [
          "1198"
        ],
        "Strict-Transport-Security": [
          "max-age=31536000; includeSubDomains"
        ],
        "Server": [
          "Kestrel"
        ],
        "x-ms-request-id": [
          "cd344f83-cad1-4f9c-b183-d11d8d415a91"
        ],
        "x-ms-correlation-request-id": [
          "cd344f83-cad1-4f9c-b183-d11d8d415a91"
        ],
        "x-ms-routing-request-id": [
          "WESTUS:20190917T221117Z:cd344f83-cad1-4f9c-b183-d11d8d415a91"
        ],
        "X-Content-Type-Options": [
          "nosniff"
        ],
        "Date": [
          "Tue, 17 Sep 2019 22:11:17 GMT"
        ],
        "Content-Length": [
          "873"
        ],
        "Content-Type": [
          "application/json; charset=utf-8"
        ],
        "Expires": [
          "-1"
        ]
      },
      "ResponseBody": "{\r\n  \"id\": \"subscriptions/18ba8369-92e4-4d70-8b1e-937660bde798/resourceGroups/MNC-Portal/providers/Microsoft.ManagedNetwork/managedNetworks/SDK_ManagedNetwork_Mesh2/managedNetworkGroups/SDK_MeshGroup\",\r\n  \"name\": \"SDK_MeshGroup\",\r\n  \"type\": \"Microsoft.ManagedNetwork/managedNetworkGroups\",\r\n  \"location\": \"Central US\",\r\n  \"apiVersion\": \"\",\r\n  \"tags\": {},\r\n  \"resourceGuid\": \"\",\r\n  \"provisioningState\": 0,\r\n  \"properties\": {\r\n    \"virtualNetworks\": [\r\n      {\r\n        \"id\": \"subscriptions/18ba8369-92e4-4d70-8b1e-937660bde798/resourceGroups/MNC-PowerShell/providers/Microsoft.Network/virtualnetworks/Mesh1\"\r\n      },\r\n      {\r\n        \"id\": \"subscriptions/18ba8369-92e4-4d70-8b1e-937660bde798/resourceGroups/MNC-PowerShell/providers/Microsoft.Network/virtualnetworks/Mesh2\"\r\n      },\r\n      {\r\n        \"id\": \"subscriptions/18ba8369-92e4-4d70-8b1e-937660bde798/resourceGroups/MNC-PowerShell/providers/Microsoft.Network/virtualnetworks/Mesh3\"\r\n      }\r\n    ],\r\n    \"managementGroups\": [],\r\n    \"subscriptions\": [],\r\n    \"subNets\": []\r\n  }\r\n}",
      "StatusCode": 200
    },
    {
      "RequestUri": "/subscriptions/18ba8369-92e4-4d70-8b1e-937660bde798/resourceGroups/MNC-Portal/providers/Microsoft.ManagedNetwork/managedNetworks/SDK_ManagedNetwork_Mesh2/managedNetworkPeeringPolicies/SDK_MeshPolicy?api-version=2019-06-01-preview",
      "EncodedRequestUri": "L3N1YnNjcmlwdGlvbnMvMThiYTgzNjktOTJlNC00ZDcwLThiMWUtOTM3NjYwYmRlNzk4L3Jlc291cmNlR3JvdXBzL01OQy1Qb3J0YWwvcHJvdmlkZXJzL01pY3Jvc29mdC5NYW5hZ2VkTmV0d29yay9tYW5hZ2VkTmV0d29ya3MvU0RLX01hbmFnZWROZXR3b3JrX01lc2gyL21hbmFnZWROZXR3b3JrUGVlcmluZ1BvbGljaWVzL1NES19NZXNoUG9saWN5P2FwaS12ZXJzaW9uPTIwMTktMDYtMDEtcHJldmlldw==",
      "RequestMethod": "PUT",
      "RequestBody": "{\r\n  \"properties\": {\r\n    \"type\": \"MeshTopology\",\r\n    \"mesh\": [\r\n      {\r\n        \"id\": \"subscriptions/18ba8369-92e4-4d70-8b1e-937660bde798/resourceGroups/MNC-Portal/providers/Microsoft.ManagedNetwork/managedNetworks/SDK_ManagedNetwork_Mesh2/managedNetworkGroups/SDK_MeshGroup\"\r\n      }\r\n    ]\r\n  },\r\n  \"location\": \"Central US\"\r\n}",
      "RequestHeaders": {
        "x-ms-client-request-id": [
          "e6091c21-294b-43a1-8ded-4b0afcd6ad93"
        ],
        "Accept-Language": [
          "en-US"
        ],
        "User-Agent": [
          "FxVersion/4.6.27817.01",
          "OSName/Windows",
          "OSVersion/Microsoft.Windows.10.0.18362.",
          "Microsoft.Azure.Management.ManagedNetwork.ManagedNetworkManagementClient/1.0.0.1"
        ],
        "Content-Type": [
          "application/json; charset=utf-8"
        ],
        "Content-Length": [
          "331"
        ]
      },
      "ResponseHeaders": {
        "Cache-Control": [
          "no-cache"
        ],
        "Pragma": [
          "no-cache"
        ],
        "x-ms-ratelimit-remaining-subscription-writes": [
          "1197"
        ],
        "Strict-Transport-Security": [
          "max-age=31536000; includeSubDomains"
        ],
        "Server": [
          "Kestrel"
        ],
        "x-ms-request-id": [
          "6708904a-e9ca-4bea-b631-dc3fab544e7c"
        ],
        "x-ms-correlation-request-id": [
          "6708904a-e9ca-4bea-b631-dc3fab544e7c"
        ],
        "x-ms-routing-request-id": [
          "WESTUS:20190917T221117Z:6708904a-e9ca-4bea-b631-dc3fab544e7c"
        ],
        "X-Content-Type-Options": [
          "nosniff"
        ],
        "Date": [
          "Tue, 17 Sep 2019 22:11:17 GMT"
        ],
        "Content-Length": [
          "637"
        ],
        "Content-Type": [
          "application/json; charset=utf-8"
        ],
        "Expires": [
          "-1"
        ]
      },
      "ResponseBody": "{\r\n  \"id\": \"subscriptions/18ba8369-92e4-4d70-8b1e-937660bde798/resourceGroups/MNC-Portal/providers/Microsoft.ManagedNetwork/managedNetworks/SDK_ManagedNetwork_Mesh2/managedNetworkPeeringPolicies/SDK_MeshPolicy\",\r\n  \"name\": \"SDK_MeshPolicy\",\r\n  \"type\": \"Microsoft.ManagedNetwork/managedNetworkPeeringPolicies\",\r\n  \"location\": \"Central US\",\r\n  \"apiVersion\": \"\",\r\n  \"tags\": {},\r\n  \"resourceGuid\": \"\",\r\n  \"provisioningState\": 0,\r\n  \"properties\": {\r\n    \"type\": 2,\r\n    \"hub\": null,\r\n    \"spokes\": [],\r\n    \"mesh\": [\r\n      {\r\n        \"id\": \"subscriptions/18ba8369-92e4-4d70-8b1e-937660bde798/resourceGroups/MNC-Portal/providers/Microsoft.ManagedNetwork/managedNetworks/SDK_ManagedNetwork_Mesh2/managedNetworkGroups/SDK_MeshGroup\"\r\n      }\r\n    ]\r\n  }\r\n}",
      "StatusCode": 200
    }
  ],
  "Names": {},
  "Variables": {
    "SubscriptionId": "18ba8369-92e4-4d70-8b1e-937660bde798"
  }
}