{
  "Entries": [
    {
      "RequestUri": "https://management.azure.com/subscriptions/db1ab6f0-4769-4b27-930e-01e2ef9c123c?api-version=2019-11-01",
      "RequestMethod": "GET",
      "RequestHeaders": {
        "Accept": "application/json",
        "Authorization": "Sanitized",
        "User-Agent": "azsdk-net-ResourceManager/1.0.0-beta.3 (.NET Framework 4.8.4300.0; Microsoft Windows 10.0.19043 )",
        "x-ms-client-request-id": "a684cc307c15ae903201f04805b30b83",
        "x-ms-return-client-request-id": "true"
      },
      "RequestBody": null,
      "StatusCode": 200,
      "ResponseHeaders": {
        "Cache-Control": "no-cache",
        "Content-Length": "468",
        "Content-Type": "application/json; charset=utf-8",
        "Date": "Fri, 08 Oct 2021 03:13:59 GMT",
        "Expires": "-1",
        "Pragma": "no-cache",
        "Strict-Transport-Security": "max-age=31536000; includeSubDomains",
        "X-Content-Type-Options": "nosniff",
        "x-ms-correlation-request-id": "e1fb076b-b265-4943-acfc-535094a387e2",
        "x-ms-ratelimit-remaining-subscription-reads": "11981",
        "x-ms-request-id": "e1fb076b-b265-4943-acfc-535094a387e2",
        "x-ms-routing-request-id": "SOUTHEASTASIA:20211008T031359Z:e1fb076b-b265-4943-acfc-535094a387e2"
      },
      "ResponseBody": {
        "id": "/subscriptions/db1ab6f0-4769-4b27-930e-01e2ef9c123c",
        "authorizationSource": "RoleBased",
        "managedByTenants": [],
        "tags": {
          "tagKey1": "tagValue1",
          "tagKey2": "tagValue2"
        },
        "subscriptionId": "db1ab6f0-4769-4b27-930e-01e2ef9c123c",
        "tenantId": "72f988bf-86f1-41af-91ab-2d7cd011db47",
        "displayName": ".NET Mgmt SDK Test with TTL = 1 Day",
        "state": "Enabled",
        "subscriptionPolicies": {
          "locationPlacementId": "Internal_2014-09-01",
          "quotaId": "Internal_2014-09-01",
          "spendingLimit": "Off"
        }
      }
    },
    {
      "RequestUri": "https://management.azure.com/subscriptions/db1ab6f0-4769-4b27-930e-01e2ef9c123c/resourcegroups/testservicebusRG-377?api-version=2019-10-01",
      "RequestMethod": "PUT",
      "RequestHeaders": {
        "Accept": "application/json",
        "Authorization": "Sanitized",
        "Content-Length": "44",
        "Content-Type": "application/json",
        "traceparent": "00-a3f57814fe39e544a6c291561407bf9d-c91d3e69933f9941-00",
        "User-Agent": "azsdk-net-ResourceManager/1.0.0-beta.3 (.NET Framework 4.8.4300.0; Microsoft Windows 10.0.19043 )",
        "x-ms-client-request-id": "b8e04e0a5c4fcb66beadb8b239b96cc2",
        "x-ms-return-client-request-id": "true"
      },
      "RequestBody": {
        "location": "eastus2",
        "tags": {
          "test": "env"
        }
      },
      "StatusCode": 201,
      "ResponseHeaders": {
        "Cache-Control": "no-cache",
        "Content-Length": "260",
        "Content-Type": "application/json; charset=utf-8",
        "Date": "Fri, 08 Oct 2021 03:14:00 GMT",
        "Expires": "-1",
        "Pragma": "no-cache",
        "Strict-Transport-Security": "max-age=31536000; includeSubDomains",
        "X-Content-Type-Options": "nosniff",
        "x-ms-correlation-request-id": "4858206d-384f-44e8-8f19-f8555472f94d",
        "x-ms-ratelimit-remaining-subscription-writes": "1199",
        "x-ms-request-id": "4858206d-384f-44e8-8f19-f8555472f94d",
        "x-ms-routing-request-id": "SOUTHEASTASIA:20211008T031400Z:4858206d-384f-44e8-8f19-f8555472f94d"
      },
      "ResponseBody": {
        "id": "/subscriptions/db1ab6f0-4769-4b27-930e-01e2ef9c123c/resourceGroups/testservicebusRG-377",
        "name": "testservicebusRG-377",
        "type": "Microsoft.Resources/resourceGroups",
        "location": "eastus2",
        "tags": {
          "test": "env"
        },
        "properties": {
          "provisioningState": "Succeeded"
        }
      }
    },
    {
      "RequestUri": "https://management.azure.com/subscriptions/db1ab6f0-4769-4b27-930e-01e2ef9c123c/providers/Microsoft.ServiceBus/CheckNameAvailability?api-version=2021-06-01-preview",
      "RequestMethod": "POST",
      "RequestHeaders": {
        "Accept": "application/json",
        "Authorization": "Sanitized",
        "Content-Length": "32",
        "Content-Type": "application/json",
        "User-Agent": "azsdk-net-ResourceManager.ServiceBus/1.0.0-alpha.20211008.1 (.NET Framework 4.8.4300.0; Microsoft Windows 10.0.19043 )",
        "x-ms-client-request-id": "8aa01286a640b799838499a30493f8bc",
        "x-ms-return-client-request-id": "true"
      },
      "RequestBody": {
        "name": "testnamespacemgmt7209"
      },
      "StatusCode": 200,
      "ResponseHeaders": {
        "Cache-Control": "no-cache",
        "Content-Length": "53",
        "Content-Type": "application/json; charset=utf-8",
        "Date": "Fri, 08 Oct 2021 03:14:01 GMT",
        "Expires": "-1",
        "Pragma": "no-cache",
        "Server": [
          "Service-Bus-Resource-Provider/CH3",
          "Microsoft-HTTPAPI/2.0"
        ],
        "Server-SB": "Service-Bus-Resource-Provider/CH3",
        "Strict-Transport-Security": "max-age=31536000; includeSubDomains",
        "X-Content-Type-Options": "nosniff",
        "x-ms-client-request-id": "8aa01286a640b799838499a30493f8bc",
        "x-ms-correlation-request-id": "68497f31-e53d-46b0-b7db-824d932f97fe",
        "x-ms-ratelimit-remaining-subscription-writes": "1199",
        "x-ms-request-id": "16fbdefd-a36e-4163-9c5a-cd01222ff669_M2CH3_M2CH3",
        "x-ms-routing-request-id": "SOUTHEASTASIA:20211008T031402Z:68497f31-e53d-46b0-b7db-824d932f97fe"
      },
      "ResponseBody": {
        "nameAvailable": true,
        "reason": "None",
        "message": null
      }
    },
    {
      "RequestUri": "https://management.azure.com/subscriptions/db1ab6f0-4769-4b27-930e-01e2ef9c123c/resourceGroups/testservicebusRG-377/providers/Microsoft.ServiceBus/namespaces/testnamespacemgmt7209?api-version=2021-06-01-preview",
      "RequestMethod": "PUT",
      "RequestHeaders": {
        "Accept": "application/json",
        "Authorization": "Sanitized",
        "Content-Length": "48",
        "Content-Type": "application/json",
        "User-Agent": "azsdk-net-ResourceManager.ServiceBus/1.0.0-alpha.20211008.1 (.NET Framework 4.8.4300.0; Microsoft Windows 10.0.19043 )",
        "x-ms-client-request-id": "8dc8eaabe19f1e6fdb57cfd8fcf94884",
        "x-ms-return-client-request-id": "true"
      },
      "RequestBody": {
        "tags": {},
        "location": "eastus2",
        "properties": {}
      },
      "StatusCode": 200,
      "ResponseHeaders": {
        "Cache-Control": "no-cache",
        "Content-Length": "654",
        "Content-Type": "application/json; charset=utf-8",
        "Date": "Fri, 08 Oct 2021 03:14:08 GMT",
        "Expires": "-1",
        "Pragma": "no-cache",
        "Server": [
          "Service-Bus-Resource-Provider/CH3",
          "Microsoft-HTTPAPI/2.0"
        ],
        "Server-SB": "Service-Bus-Resource-Provider/CH3",
        "Strict-Transport-Security": "max-age=31536000; includeSubDomains",
        "X-Content-Type-Options": "nosniff",
        "x-ms-client-request-id": "8dc8eaabe19f1e6fdb57cfd8fcf94884",
        "x-ms-correlation-request-id": "2bc6f586-5903-49d2-9d5c-0a2ec526e92b",
        "x-ms-ratelimit-remaining-subscription-writes": "1198",
        "x-ms-request-id": "7b367984-1fa8-47fb-8849-6b835720c60e_M7CH3_M7CH3",
        "x-ms-routing-request-id": "SOUTHEASTASIA:20211008T031408Z:2bc6f586-5903-49d2-9d5c-0a2ec526e92b"
      },
      "ResponseBody": {
        "sku": {
          "name": "Standard",
          "tier": "Standard"
        },
        "id": "/subscriptions/db1ab6f0-4769-4b27-930e-01e2ef9c123c/resourceGroups/testservicebusRG-377/providers/Microsoft.ServiceBus/namespaces/testnamespacemgmt7209",
        "name": "testnamespacemgmt7209",
        "type": "Microsoft.ServiceBus/Namespaces",
        "location": "East US 2",
        "tags": {},
        "properties": {
          "disableLocalAuth": false,
          "zoneRedundant": false,
          "provisioningState": "Created",
          "metricId": "db1ab6f0-4769-4b27-930e-01e2ef9c123c:testnamespacemgmt7209",
          "createdAt": "2021-10-08T03:14:07.263Z",
          "updatedAt": "2021-10-08T03:14:07.263Z",
          "serviceBusEndpoint": "https://testnamespacemgmt7209.servicebus.windows.net:443/",
          "status": "Activating"
        }
      }
    },
    {
      "RequestUri": "https://management.azure.com/subscriptions/db1ab6f0-4769-4b27-930e-01e2ef9c123c/resourceGroups/testservicebusRG-377/providers/Microsoft.ServiceBus/namespaces/testnamespacemgmt7209?api-version=2021-06-01-preview",
      "RequestMethod": "GET",
      "RequestHeaders": {
        "Authorization": "Sanitized",
        "User-Agent": "azsdk-net-ResourceManager/1.0.0-beta.3 (.NET Framework 4.8.4300.0; Microsoft Windows 10.0.19043 )",
        "x-ms-client-request-id": "cf8df5c035a4a4eea282afe9d7c1ba89",
        "x-ms-return-client-request-id": "true"
      },
      "RequestBody": null,
      "StatusCode": 200,
      "ResponseHeaders": {
        "Cache-Control": "no-cache",
        "Content-Length": "654",
        "Content-Type": "application/json; charset=utf-8",
        "Date": "Fri, 08 Oct 2021 03:14:10 GMT",
        "Expires": "-1",
        "Pragma": "no-cache",
        "Server": [
          "Service-Bus-Resource-Provider/CH3",
          "Microsoft-HTTPAPI/2.0"
        ],
        "Server-SB": "Service-Bus-Resource-Provider/CH3",
        "Strict-Transport-Security": "max-age=31536000; includeSubDomains",
        "X-Content-Type-Options": "nosniff",
        "x-ms-client-request-id": "cf8df5c035a4a4eea282afe9d7c1ba89",
        "x-ms-correlation-request-id": "11a0766f-4acb-4f7d-b087-7d44e9e4f984",
        "x-ms-ratelimit-remaining-subscription-reads": "11980",
        "x-ms-request-id": "6c7fa4bf-1ef0-4ac5-bb6a-08e59f8b2ded_M11CH3_M11CH3",
        "x-ms-routing-request-id": "SOUTHEASTASIA:20211008T031411Z:11a0766f-4acb-4f7d-b087-7d44e9e4f984"
      },
      "ResponseBody": {
        "sku": {
          "name": "Standard",
          "tier": "Standard"
        },
        "id": "/subscriptions/db1ab6f0-4769-4b27-930e-01e2ef9c123c/resourceGroups/testservicebusRG-377/providers/Microsoft.ServiceBus/namespaces/testnamespacemgmt7209",
        "name": "testnamespacemgmt7209",
        "type": "Microsoft.ServiceBus/Namespaces",
        "location": "East US 2",
        "tags": {},
        "properties": {
          "disableLocalAuth": false,
          "zoneRedundant": false,
          "provisioningState": "Created",
          "metricId": "db1ab6f0-4769-4b27-930e-01e2ef9c123c:testnamespacemgmt7209",
          "createdAt": "2021-10-08T03:14:07.263Z",
          "updatedAt": "2021-10-08T03:14:07.263Z",
          "serviceBusEndpoint": "https://testnamespacemgmt7209.servicebus.windows.net:443/",
          "status": "Activating"
        }
      }
    },
    {
      "RequestUri": "https://management.azure.com/subscriptions/db1ab6f0-4769-4b27-930e-01e2ef9c123c/resourceGroups/testservicebusRG-377/providers/Microsoft.ServiceBus/namespaces/testnamespacemgmt7209?api-version=2021-06-01-preview",
      "RequestMethod": "GET",
      "RequestHeaders": {
        "Authorization": "Sanitized",
        "User-Agent": "azsdk-net-ResourceManager/1.0.0-beta.3 (.NET Framework 4.8.4300.0; Microsoft Windows 10.0.19043 )",
        "x-ms-client-request-id": "8c1d153bff664fd9201f469e149651b4",
        "x-ms-return-client-request-id": "true"
      },
      "RequestBody": null,
      "StatusCode": 200,
      "ResponseHeaders": {
        "Cache-Control": "no-cache",
        "Content-Length": "654",
        "Content-Type": "application/json; charset=utf-8",
        "Date": "Fri, 08 Oct 2021 03:14:13 GMT",
        "Expires": "-1",
        "Pragma": "no-cache",
        "Server": [
          "Service-Bus-Resource-Provider/CH3",
          "Microsoft-HTTPAPI/2.0"
        ],
        "Server-SB": "Service-Bus-Resource-Provider/CH3",
        "Strict-Transport-Security": "max-age=31536000; includeSubDomains",
        "X-Content-Type-Options": "nosniff",
        "x-ms-client-request-id": "8c1d153bff664fd9201f469e149651b4",
        "x-ms-correlation-request-id": "1bb7ac7f-1664-4f71-b02a-b59849f04fdb",
        "x-ms-ratelimit-remaining-subscription-reads": "11979",
        "x-ms-request-id": "669caeb4-2e14-4fb5-a444-b9d6fe6246be_M8CH3_M8CH3",
        "x-ms-routing-request-id": "SOUTHEASTASIA:20211008T031413Z:1bb7ac7f-1664-4f71-b02a-b59849f04fdb"
      },
      "ResponseBody": {
        "sku": {
          "name": "Standard",
          "tier": "Standard"
        },
        "id": "/subscriptions/db1ab6f0-4769-4b27-930e-01e2ef9c123c/resourceGroups/testservicebusRG-377/providers/Microsoft.ServiceBus/namespaces/testnamespacemgmt7209",
        "name": "testnamespacemgmt7209",
        "type": "Microsoft.ServiceBus/Namespaces",
        "location": "East US 2",
        "tags": {},
        "properties": {
          "disableLocalAuth": false,
          "zoneRedundant": false,
          "provisioningState": "Created",
          "metricId": "db1ab6f0-4769-4b27-930e-01e2ef9c123c:testnamespacemgmt7209",
          "createdAt": "2021-10-08T03:14:07.263Z",
          "updatedAt": "2021-10-08T03:14:07.263Z",
          "serviceBusEndpoint": "https://testnamespacemgmt7209.servicebus.windows.net:443/",
          "status": "Activating"
        }
      }
    },
    {
      "RequestUri": "https://management.azure.com/subscriptions/db1ab6f0-4769-4b27-930e-01e2ef9c123c/resourceGroups/testservicebusRG-377/providers/Microsoft.ServiceBus/namespaces/testnamespacemgmt7209?api-version=2021-06-01-preview",
      "RequestMethod": "GET",
      "RequestHeaders": {
        "Authorization": "Sanitized",
        "User-Agent": "azsdk-net-ResourceManager/1.0.0-beta.3 (.NET Framework 4.8.4300.0; Microsoft Windows 10.0.19043 )",
        "x-ms-client-request-id": "0617b49d796b50df89875560acdfd186",
        "x-ms-return-client-request-id": "true"
      },
      "RequestBody": null,
      "StatusCode": 200,
      "ResponseHeaders": {
        "Cache-Control": "no-cache",
        "Content-Length": "654",
        "Content-Type": "application/json; charset=utf-8",
        "Date": "Fri, 08 Oct 2021 03:14:15 GMT",
        "Expires": "-1",
        "Pragma": "no-cache",
        "Server": [
          "Service-Bus-Resource-Provider/CH3",
          "Microsoft-HTTPAPI/2.0"
        ],
        "Server-SB": "Service-Bus-Resource-Provider/CH3",
        "Strict-Transport-Security": "max-age=31536000; includeSubDomains",
        "X-Content-Type-Options": "nosniff",
        "x-ms-client-request-id": "0617b49d796b50df89875560acdfd186",
        "x-ms-correlation-request-id": "c6e7519f-0b9e-440c-a195-f79bc66ae66b",
        "x-ms-ratelimit-remaining-subscription-reads": "11978",
        "x-ms-request-id": "e9b2846b-a42b-410d-9d6f-98acf1324c4e_M0CH3_M0CH3",
        "x-ms-routing-request-id": "SOUTHEASTASIA:20211008T031416Z:c6e7519f-0b9e-440c-a195-f79bc66ae66b"
      },
      "ResponseBody": {
        "sku": {
          "name": "Standard",
          "tier": "Standard"
        },
        "id": "/subscriptions/db1ab6f0-4769-4b27-930e-01e2ef9c123c/resourceGroups/testservicebusRG-377/providers/Microsoft.ServiceBus/namespaces/testnamespacemgmt7209",
        "name": "testnamespacemgmt7209",
        "type": "Microsoft.ServiceBus/Namespaces",
        "location": "East US 2",
        "tags": {},
        "properties": {
          "disableLocalAuth": false,
          "zoneRedundant": false,
          "provisioningState": "Created",
          "metricId": "db1ab6f0-4769-4b27-930e-01e2ef9c123c:testnamespacemgmt7209",
          "createdAt": "2021-10-08T03:14:07.263Z",
          "updatedAt": "2021-10-08T03:14:07.263Z",
          "serviceBusEndpoint": "https://testnamespacemgmt7209.servicebus.windows.net:443/",
          "status": "Activating"
        }
      }
    },
    {
      "RequestUri": "https://management.azure.com/subscriptions/db1ab6f0-4769-4b27-930e-01e2ef9c123c/resourceGroups/testservicebusRG-377/providers/Microsoft.ServiceBus/namespaces/testnamespacemgmt7209?api-version=2021-06-01-preview",
      "RequestMethod": "GET",
      "RequestHeaders": {
        "Authorization": "Sanitized",
        "User-Agent": "azsdk-net-ResourceManager/1.0.0-beta.3 (.NET Framework 4.8.4300.0; Microsoft Windows 10.0.19043 )",
        "x-ms-client-request-id": "b89d42462d09c0b31c3eae84ef4f900b",
        "x-ms-return-client-request-id": "true"
      },
      "RequestBody": null,
      "StatusCode": 200,
      "ResponseHeaders": {
        "Cache-Control": "no-cache",
        "Content-Length": "654",
        "Content-Type": "application/json; charset=utf-8",
        "Date": "Fri, 08 Oct 2021 03:14:18 GMT",
        "Expires": "-1",
        "Pragma": "no-cache",
        "Server": [
          "Service-Bus-Resource-Provider/CH3",
          "Microsoft-HTTPAPI/2.0"
        ],
        "Server-SB": "Service-Bus-Resource-Provider/CH3",
        "Strict-Transport-Security": "max-age=31536000; includeSubDomains",
        "X-Content-Type-Options": "nosniff",
        "x-ms-client-request-id": "b89d42462d09c0b31c3eae84ef4f900b",
        "x-ms-correlation-request-id": "de9dd019-f193-496f-84c6-44660904d46d",
        "x-ms-ratelimit-remaining-subscription-reads": "11977",
        "x-ms-request-id": "d3ef8ccf-c9b7-4122-81fc-6b735b576a92_M8CH3_M8CH3",
        "x-ms-routing-request-id": "SOUTHEASTASIA:20211008T031418Z:de9dd019-f193-496f-84c6-44660904d46d"
      },
      "ResponseBody": {
        "sku": {
          "name": "Standard",
          "tier": "Standard"
        },
        "id": "/subscriptions/db1ab6f0-4769-4b27-930e-01e2ef9c123c/resourceGroups/testservicebusRG-377/providers/Microsoft.ServiceBus/namespaces/testnamespacemgmt7209",
        "name": "testnamespacemgmt7209",
        "type": "Microsoft.ServiceBus/Namespaces",
        "location": "East US 2",
        "tags": {},
        "properties": {
          "disableLocalAuth": false,
          "zoneRedundant": false,
          "provisioningState": "Created",
          "metricId": "db1ab6f0-4769-4b27-930e-01e2ef9c123c:testnamespacemgmt7209",
          "createdAt": "2021-10-08T03:14:07.263Z",
          "updatedAt": "2021-10-08T03:14:07.263Z",
          "serviceBusEndpoint": "https://testnamespacemgmt7209.servicebus.windows.net:443/",
          "status": "Activating"
        }
      }
    },
    {
      "RequestUri": "https://management.azure.com/subscriptions/db1ab6f0-4769-4b27-930e-01e2ef9c123c/resourceGroups/testservicebusRG-377/providers/Microsoft.ServiceBus/namespaces/testnamespacemgmt7209?api-version=2021-06-01-preview",
      "RequestMethod": "GET",
      "RequestHeaders": {
        "Authorization": "Sanitized",
        "User-Agent": "azsdk-net-ResourceManager/1.0.0-beta.3 (.NET Framework 4.8.4300.0; Microsoft Windows 10.0.19043 )",
        "x-ms-client-request-id": "224cfb31b3a9c11e35cd02deaa78a241",
        "x-ms-return-client-request-id": "true"
      },
      "RequestBody": null,
      "StatusCode": 200,
      "ResponseHeaders": {
        "Cache-Control": "no-cache",
        "Content-Length": "654",
        "Content-Type": "application/json; charset=utf-8",
        "Date": "Fri, 08 Oct 2021 03:14:20 GMT",
        "Expires": "-1",
        "Pragma": "no-cache",
        "Server": [
          "Service-Bus-Resource-Provider/CH3",
          "Microsoft-HTTPAPI/2.0"
        ],
        "Server-SB": "Service-Bus-Resource-Provider/CH3",
        "Strict-Transport-Security": "max-age=31536000; includeSubDomains",
        "X-Content-Type-Options": "nosniff",
        "x-ms-client-request-id": "224cfb31b3a9c11e35cd02deaa78a241",
        "x-ms-correlation-request-id": "d2a1078d-2aba-420c-8562-6154af2fd553",
        "x-ms-ratelimit-remaining-subscription-reads": "11976",
        "x-ms-request-id": "256cfe70-d7ee-4dc5-8e5a-036941d43ac1_M0CH3_M0CH3",
        "x-ms-routing-request-id": "SOUTHEASTASIA:20211008T031420Z:d2a1078d-2aba-420c-8562-6154af2fd553"
      },
      "ResponseBody": {
        "sku": {
          "name": "Standard",
          "tier": "Standard"
        },
        "id": "/subscriptions/db1ab6f0-4769-4b27-930e-01e2ef9c123c/resourceGroups/testservicebusRG-377/providers/Microsoft.ServiceBus/namespaces/testnamespacemgmt7209",
        "name": "testnamespacemgmt7209",
        "type": "Microsoft.ServiceBus/Namespaces",
        "location": "East US 2",
        "tags": {},
        "properties": {
          "disableLocalAuth": false,
          "zoneRedundant": false,
          "provisioningState": "Created",
          "metricId": "db1ab6f0-4769-4b27-930e-01e2ef9c123c:testnamespacemgmt7209",
          "createdAt": "2021-10-08T03:14:07.263Z",
          "updatedAt": "2021-10-08T03:14:07.263Z",
          "serviceBusEndpoint": "https://testnamespacemgmt7209.servicebus.windows.net:443/",
          "status": "Activating"
        }
      }
    },
    {
      "RequestUri": "https://management.azure.com/subscriptions/db1ab6f0-4769-4b27-930e-01e2ef9c123c/resourceGroups/testservicebusRG-377/providers/Microsoft.ServiceBus/namespaces/testnamespacemgmt7209?api-version=2021-06-01-preview",
      "RequestMethod": "GET",
      "RequestHeaders": {
        "Authorization": "Sanitized",
        "User-Agent": "azsdk-net-ResourceManager/1.0.0-beta.3 (.NET Framework 4.8.4300.0; Microsoft Windows 10.0.19043 )",
        "x-ms-client-request-id": "d158bf4e99f970aa0057ea2ccb5a603a",
        "x-ms-return-client-request-id": "true"
      },
      "RequestBody": null,
      "StatusCode": 200,
      "ResponseHeaders": {
        "Cache-Control": "no-cache",
        "Content-Length": "654",
        "Content-Type": "application/json; charset=utf-8",
        "Date": "Fri, 08 Oct 2021 03:14:21 GMT",
        "Expires": "-1",
        "Pragma": "no-cache",
        "Server": [
          "Service-Bus-Resource-Provider/CH3",
          "Microsoft-HTTPAPI/2.0"
        ],
        "Server-SB": "Service-Bus-Resource-Provider/CH3",
        "Strict-Transport-Security": "max-age=31536000; includeSubDomains",
        "X-Content-Type-Options": "nosniff",
        "x-ms-client-request-id": "d158bf4e99f970aa0057ea2ccb5a603a",
        "x-ms-correlation-request-id": "e41ac69a-a156-40b5-9e52-56adbeb37fb6",
        "x-ms-ratelimit-remaining-subscription-reads": "11975",
        "x-ms-request-id": "fb9092dc-4287-425b-a937-bc5a572f0f10_M5CH3_M5CH3",
        "x-ms-routing-request-id": "SOUTHEASTASIA:20211008T031422Z:e41ac69a-a156-40b5-9e52-56adbeb37fb6"
      },
      "ResponseBody": {
        "sku": {
          "name": "Standard",
          "tier": "Standard"
        },
        "id": "/subscriptions/db1ab6f0-4769-4b27-930e-01e2ef9c123c/resourceGroups/testservicebusRG-377/providers/Microsoft.ServiceBus/namespaces/testnamespacemgmt7209",
        "name": "testnamespacemgmt7209",
        "type": "Microsoft.ServiceBus/Namespaces",
        "location": "East US 2",
        "tags": {},
        "properties": {
          "disableLocalAuth": false,
          "zoneRedundant": false,
          "provisioningState": "Created",
          "metricId": "db1ab6f0-4769-4b27-930e-01e2ef9c123c:testnamespacemgmt7209",
          "createdAt": "2021-10-08T03:14:07.263Z",
          "updatedAt": "2021-10-08T03:14:07.263Z",
          "serviceBusEndpoint": "https://testnamespacemgmt7209.servicebus.windows.net:443/",
          "status": "Activating"
        }
      }
    },
    {
      "RequestUri": "https://management.azure.com/subscriptions/db1ab6f0-4769-4b27-930e-01e2ef9c123c/resourceGroups/testservicebusRG-377/providers/Microsoft.ServiceBus/namespaces/testnamespacemgmt7209?api-version=2021-06-01-preview",
      "RequestMethod": "GET",
      "RequestHeaders": {
        "Authorization": "Sanitized",
        "User-Agent": "azsdk-net-ResourceManager/1.0.0-beta.3 (.NET Framework 4.8.4300.0; Microsoft Windows 10.0.19043 )",
        "x-ms-client-request-id": "b12f49f7ae9392dd23db823b2ad516a4",
        "x-ms-return-client-request-id": "true"
      },
      "RequestBody": null,
      "StatusCode": 200,
      "ResponseHeaders": {
        "Cache-Control": "no-cache",
        "Content-Length": "654",
        "Content-Type": "application/json; charset=utf-8",
        "Date": "Fri, 08 Oct 2021 03:14:24 GMT",
        "Expires": "-1",
        "Pragma": "no-cache",
        "Server": [
          "Service-Bus-Resource-Provider/CH3",
          "Microsoft-HTTPAPI/2.0"
        ],
        "Server-SB": "Service-Bus-Resource-Provider/CH3",
        "Strict-Transport-Security": "max-age=31536000; includeSubDomains",
        "X-Content-Type-Options": "nosniff",
        "x-ms-client-request-id": "b12f49f7ae9392dd23db823b2ad516a4",
        "x-ms-correlation-request-id": "0af33779-0f67-4de3-b7ea-22d1b5f7185e",
        "x-ms-ratelimit-remaining-subscription-reads": "11974",
        "x-ms-request-id": "591ed260-4d71-488f-bbc3-5ea118388cc3_M7CH3_M7CH3",
        "x-ms-routing-request-id": "SOUTHEASTASIA:20211008T031424Z:0af33779-0f67-4de3-b7ea-22d1b5f7185e"
      },
      "ResponseBody": {
        "sku": {
          "name": "Standard",
          "tier": "Standard"
        },
        "id": "/subscriptions/db1ab6f0-4769-4b27-930e-01e2ef9c123c/resourceGroups/testservicebusRG-377/providers/Microsoft.ServiceBus/namespaces/testnamespacemgmt7209",
        "name": "testnamespacemgmt7209",
        "type": "Microsoft.ServiceBus/Namespaces",
        "location": "East US 2",
        "tags": {},
        "properties": {
          "disableLocalAuth": false,
          "zoneRedundant": false,
          "provisioningState": "Created",
          "metricId": "db1ab6f0-4769-4b27-930e-01e2ef9c123c:testnamespacemgmt7209",
          "createdAt": "2021-10-08T03:14:07.263Z",
          "updatedAt": "2021-10-08T03:14:07.263Z",
          "serviceBusEndpoint": "https://testnamespacemgmt7209.servicebus.windows.net:443/",
          "status": "Activating"
        }
      }
    },
    {
      "RequestUri": "https://management.azure.com/subscriptions/db1ab6f0-4769-4b27-930e-01e2ef9c123c/resourceGroups/testservicebusRG-377/providers/Microsoft.ServiceBus/namespaces/testnamespacemgmt7209?api-version=2021-06-01-preview",
      "RequestMethod": "GET",
      "RequestHeaders": {
        "Authorization": "Sanitized",
        "User-Agent": "azsdk-net-ResourceManager/1.0.0-beta.3 (.NET Framework 4.8.4300.0; Microsoft Windows 10.0.19043 )",
        "x-ms-client-request-id": "2f366c9cbef7981250dc2151c9f2f6da",
        "x-ms-return-client-request-id": "true"
      },
      "RequestBody": null,
      "StatusCode": 200,
      "ResponseHeaders": {
        "Cache-Control": "no-cache",
        "Content-Length": "654",
        "Content-Type": "application/json; charset=utf-8",
        "Date": "Fri, 08 Oct 2021 03:14:25 GMT",
        "Expires": "-1",
        "Pragma": "no-cache",
        "Server": [
          "Service-Bus-Resource-Provider/CH3",
          "Microsoft-HTTPAPI/2.0"
        ],
        "Server-SB": "Service-Bus-Resource-Provider/CH3",
        "Strict-Transport-Security": "max-age=31536000; includeSubDomains",
        "X-Content-Type-Options": "nosniff",
        "x-ms-client-request-id": "2f366c9cbef7981250dc2151c9f2f6da",
        "x-ms-correlation-request-id": "916337f1-81d0-4be6-8f40-0d67fe7c9159",
        "x-ms-ratelimit-remaining-subscription-reads": "11973",
        "x-ms-request-id": "7ffb93ba-5236-425f-8688-dbb8f740b42d_M0CH3_M0CH3",
        "x-ms-routing-request-id": "SOUTHEASTASIA:20211008T031425Z:916337f1-81d0-4be6-8f40-0d67fe7c9159"
      },
      "ResponseBody": {
        "sku": {
          "name": "Standard",
          "tier": "Standard"
        },
        "id": "/subscriptions/db1ab6f0-4769-4b27-930e-01e2ef9c123c/resourceGroups/testservicebusRG-377/providers/Microsoft.ServiceBus/namespaces/testnamespacemgmt7209",
        "name": "testnamespacemgmt7209",
        "type": "Microsoft.ServiceBus/Namespaces",
        "location": "East US 2",
        "tags": {},
        "properties": {
          "disableLocalAuth": false,
          "zoneRedundant": false,
          "provisioningState": "Created",
          "metricId": "db1ab6f0-4769-4b27-930e-01e2ef9c123c:testnamespacemgmt7209",
          "createdAt": "2021-10-08T03:14:07.263Z",
          "updatedAt": "2021-10-08T03:14:07.263Z",
          "serviceBusEndpoint": "https://testnamespacemgmt7209.servicebus.windows.net:443/",
          "status": "Activating"
        }
      }
    },
    {
      "RequestUri": "https://management.azure.com/subscriptions/db1ab6f0-4769-4b27-930e-01e2ef9c123c/resourceGroups/testservicebusRG-377/providers/Microsoft.ServiceBus/namespaces/testnamespacemgmt7209?api-version=2021-06-01-preview",
      "RequestMethod": "GET",
      "RequestHeaders": {
        "Authorization": "Sanitized",
        "User-Agent": "azsdk-net-ResourceManager/1.0.0-beta.3 (.NET Framework 4.8.4300.0; Microsoft Windows 10.0.19043 )",
        "x-ms-client-request-id": "60e6c86df0499faee2c5ae1d166e462b",
        "x-ms-return-client-request-id": "true"
      },
      "RequestBody": null,
      "StatusCode": 200,
      "ResponseHeaders": {
        "Cache-Control": "no-cache",
        "Content-Length": "654",
        "Content-Type": "application/json; charset=utf-8",
        "Date": "Fri, 08 Oct 2021 03:14:26 GMT",
        "Expires": "-1",
        "Pragma": "no-cache",
        "Server": [
          "Service-Bus-Resource-Provider/CH3",
          "Microsoft-HTTPAPI/2.0"
        ],
        "Server-SB": "Service-Bus-Resource-Provider/CH3",
        "Strict-Transport-Security": "max-age=31536000; includeSubDomains",
        "X-Content-Type-Options": "nosniff",
        "x-ms-client-request-id": "60e6c86df0499faee2c5ae1d166e462b",
        "x-ms-correlation-request-id": "35d16b45-1d86-4827-b40b-73be8c6aee92",
        "x-ms-ratelimit-remaining-subscription-reads": "11972",
        "x-ms-request-id": "3c48b494-e04e-4bfe-92f0-808cc5642520_M4CH3_M4CH3",
        "x-ms-routing-request-id": "SOUTHEASTASIA:20211008T031427Z:35d16b45-1d86-4827-b40b-73be8c6aee92"
      },
      "ResponseBody": {
        "sku": {
          "name": "Standard",
          "tier": "Standard"
        },
        "id": "/subscriptions/db1ab6f0-4769-4b27-930e-01e2ef9c123c/resourceGroups/testservicebusRG-377/providers/Microsoft.ServiceBus/namespaces/testnamespacemgmt7209",
        "name": "testnamespacemgmt7209",
        "type": "Microsoft.ServiceBus/Namespaces",
        "location": "East US 2",
        "tags": {},
        "properties": {
          "disableLocalAuth": false,
          "zoneRedundant": false,
          "provisioningState": "Created",
          "metricId": "db1ab6f0-4769-4b27-930e-01e2ef9c123c:testnamespacemgmt7209",
          "createdAt": "2021-10-08T03:14:07.263Z",
          "updatedAt": "2021-10-08T03:14:07.263Z",
          "serviceBusEndpoint": "https://testnamespacemgmt7209.servicebus.windows.net:443/",
          "status": "Activating"
        }
      }
    },
    {
      "RequestUri": "https://management.azure.com/subscriptions/db1ab6f0-4769-4b27-930e-01e2ef9c123c/resourceGroups/testservicebusRG-377/providers/Microsoft.ServiceBus/namespaces/testnamespacemgmt7209?api-version=2021-06-01-preview",
      "RequestMethod": "GET",
      "RequestHeaders": {
        "Authorization": "Sanitized",
        "User-Agent": "azsdk-net-ResourceManager/1.0.0-beta.3 (.NET Framework 4.8.4300.0; Microsoft Windows 10.0.19043 )",
        "x-ms-client-request-id": "5e90454130243842379661b68c8bc931",
        "x-ms-return-client-request-id": "true"
      },
      "RequestBody": null,
      "StatusCode": 200,
      "ResponseHeaders": {
        "Cache-Control": "no-cache",
        "Content-Length": "654",
        "Content-Type": "application/json; charset=utf-8",
        "Date": "Fri, 08 Oct 2021 03:14:28 GMT",
        "Expires": "-1",
        "Pragma": "no-cache",
        "Server": [
          "Service-Bus-Resource-Provider/CH3",
          "Microsoft-HTTPAPI/2.0"
        ],
        "Server-SB": "Service-Bus-Resource-Provider/CH3",
        "Strict-Transport-Security": "max-age=31536000; includeSubDomains",
        "X-Content-Type-Options": "nosniff",
        "x-ms-client-request-id": "5e90454130243842379661b68c8bc931",
        "x-ms-correlation-request-id": "e614687c-40c6-423a-b9bf-fef3b947a1fe",
        "x-ms-ratelimit-remaining-subscription-reads": "11971",
        "x-ms-request-id": "97e00101-abd6-42ad-a3a8-6c70733d9f9d_M6CH3_M6CH3",
        "x-ms-routing-request-id": "SOUTHEASTASIA:20211008T031428Z:e614687c-40c6-423a-b9bf-fef3b947a1fe"
      },
      "ResponseBody": {
        "sku": {
          "name": "Standard",
          "tier": "Standard"
        },
        "id": "/subscriptions/db1ab6f0-4769-4b27-930e-01e2ef9c123c/resourceGroups/testservicebusRG-377/providers/Microsoft.ServiceBus/namespaces/testnamespacemgmt7209",
        "name": "testnamespacemgmt7209",
        "type": "Microsoft.ServiceBus/Namespaces",
        "location": "East US 2",
        "tags": {},
        "properties": {
          "disableLocalAuth": false,
          "zoneRedundant": false,
          "provisioningState": "Created",
          "metricId": "db1ab6f0-4769-4b27-930e-01e2ef9c123c:testnamespacemgmt7209",
          "createdAt": "2021-10-08T03:14:07.263Z",
          "updatedAt": "2021-10-08T03:14:07.263Z",
          "serviceBusEndpoint": "https://testnamespacemgmt7209.servicebus.windows.net:443/",
          "status": "Activating"
        }
      }
    },
    {
      "RequestUri": "https://management.azure.com/subscriptions/db1ab6f0-4769-4b27-930e-01e2ef9c123c/resourceGroups/testservicebusRG-377/providers/Microsoft.ServiceBus/namespaces/testnamespacemgmt7209?api-version=2021-06-01-preview",
      "RequestMethod": "GET",
      "RequestHeaders": {
        "Authorization": "Sanitized",
        "User-Agent": "azsdk-net-ResourceManager/1.0.0-beta.3 (.NET Framework 4.8.4300.0; Microsoft Windows 10.0.19043 )",
        "x-ms-client-request-id": "61cea7e5b5eeac5abe974c3210f481e2",
        "x-ms-return-client-request-id": "true"
      },
      "RequestBody": null,
      "StatusCode": 200,
      "ResponseHeaders": {
        "Cache-Control": "no-cache",
        "Content-Length": "654",
        "Content-Type": "application/json; charset=utf-8",
        "Date": "Fri, 08 Oct 2021 03:14:30 GMT",
        "Expires": "-1",
        "Pragma": "no-cache",
        "Server": [
          "Service-Bus-Resource-Provider/CH3",
          "Microsoft-HTTPAPI/2.0"
        ],
        "Server-SB": "Service-Bus-Resource-Provider/CH3",
        "Strict-Transport-Security": "max-age=31536000; includeSubDomains",
        "X-Content-Type-Options": "nosniff",
        "x-ms-client-request-id": "61cea7e5b5eeac5abe974c3210f481e2",
        "x-ms-correlation-request-id": "2fdb0395-b089-42b7-8074-1c3f746dd875",
        "x-ms-ratelimit-remaining-subscription-reads": "11970",
        "x-ms-request-id": "abf2c85e-66a0-46ff-a59a-f7f242b79c43_M1CH3_M1CH3",
        "x-ms-routing-request-id": "SOUTHEASTASIA:20211008T031431Z:2fdb0395-b089-42b7-8074-1c3f746dd875"
      },
      "ResponseBody": {
        "sku": {
          "name": "Standard",
          "tier": "Standard"
        },
        "id": "/subscriptions/db1ab6f0-4769-4b27-930e-01e2ef9c123c/resourceGroups/testservicebusRG-377/providers/Microsoft.ServiceBus/namespaces/testnamespacemgmt7209",
        "name": "testnamespacemgmt7209",
        "type": "Microsoft.ServiceBus/Namespaces",
        "location": "East US 2",
        "tags": {},
        "properties": {
          "disableLocalAuth": false,
          "zoneRedundant": false,
          "provisioningState": "Created",
          "metricId": "db1ab6f0-4769-4b27-930e-01e2ef9c123c:testnamespacemgmt7209",
          "createdAt": "2021-10-08T03:14:07.263Z",
          "updatedAt": "2021-10-08T03:14:07.263Z",
          "serviceBusEndpoint": "https://testnamespacemgmt7209.servicebus.windows.net:443/",
          "status": "Activating"
        }
      }
    },
    {
      "RequestUri": "https://management.azure.com/subscriptions/db1ab6f0-4769-4b27-930e-01e2ef9c123c/resourceGroups/testservicebusRG-377/providers/Microsoft.ServiceBus/namespaces/testnamespacemgmt7209?api-version=2021-06-01-preview",
      "RequestMethod": "GET",
      "RequestHeaders": {
        "Authorization": "Sanitized",
        "User-Agent": "azsdk-net-ResourceManager/1.0.0-beta.3 (.NET Framework 4.8.4300.0; Microsoft Windows 10.0.19043 )",
        "x-ms-client-request-id": "8310f69697613cb686ae29b28ff71257",
        "x-ms-return-client-request-id": "true"
      },
      "RequestBody": null,
      "StatusCode": 200,
      "ResponseHeaders": {
        "Cache-Control": "no-cache",
        "Content-Length": "654",
        "Content-Type": "application/json; charset=utf-8",
        "Date": "Fri, 08 Oct 2021 03:14:32 GMT",
        "Expires": "-1",
        "Pragma": "no-cache",
        "Server": [
          "Service-Bus-Resource-Provider/CH3",
          "Microsoft-HTTPAPI/2.0"
        ],
        "Server-SB": "Service-Bus-Resource-Provider/CH3",
        "Strict-Transport-Security": "max-age=31536000; includeSubDomains",
        "X-Content-Type-Options": "nosniff",
        "x-ms-client-request-id": "8310f69697613cb686ae29b28ff71257",
        "x-ms-correlation-request-id": "33c5c31c-ede1-4fc2-a6be-7582848d1941",
        "x-ms-ratelimit-remaining-subscription-reads": "11969",
        "x-ms-request-id": "8c588719-b83a-41ed-b9ae-39f69feb02a0_M8CH3_M8CH3",
        "x-ms-routing-request-id": "SOUTHEASTASIA:20211008T031433Z:33c5c31c-ede1-4fc2-a6be-7582848d1941"
      },
      "ResponseBody": {
        "sku": {
          "name": "Standard",
          "tier": "Standard"
        },
        "id": "/subscriptions/db1ab6f0-4769-4b27-930e-01e2ef9c123c/resourceGroups/testservicebusRG-377/providers/Microsoft.ServiceBus/namespaces/testnamespacemgmt7209",
        "name": "testnamespacemgmt7209",
        "type": "Microsoft.ServiceBus/Namespaces",
        "location": "East US 2",
        "tags": {},
        "properties": {
          "disableLocalAuth": false,
          "zoneRedundant": false,
          "provisioningState": "Created",
          "metricId": "db1ab6f0-4769-4b27-930e-01e2ef9c123c:testnamespacemgmt7209",
          "createdAt": "2021-10-08T03:14:07.263Z",
          "updatedAt": "2021-10-08T03:14:07.263Z",
          "serviceBusEndpoint": "https://testnamespacemgmt7209.servicebus.windows.net:443/",
          "status": "Activating"
        }
      }
    },
    {
      "RequestUri": "https://management.azure.com/subscriptions/db1ab6f0-4769-4b27-930e-01e2ef9c123c/resourceGroups/testservicebusRG-377/providers/Microsoft.ServiceBus/namespaces/testnamespacemgmt7209?api-version=2021-06-01-preview",
      "RequestMethod": "GET",
      "RequestHeaders": {
        "Authorization": "Sanitized",
        "User-Agent": "azsdk-net-ResourceManager/1.0.0-beta.3 (.NET Framework 4.8.4300.0; Microsoft Windows 10.0.19043 )",
        "x-ms-client-request-id": "6e387cfce49f8b3ceae4a08de30f2842",
        "x-ms-return-client-request-id": "true"
      },
      "RequestBody": null,
      "StatusCode": 200,
      "ResponseHeaders": {
        "Cache-Control": "no-cache",
        "Content-Length": "654",
        "Content-Type": "application/json; charset=utf-8",
        "Date": "Fri, 08 Oct 2021 03:14:34 GMT",
        "Expires": "-1",
        "Pragma": "no-cache",
        "Server": [
          "Service-Bus-Resource-Provider/CH3",
          "Microsoft-HTTPAPI/2.0"
        ],
        "Server-SB": "Service-Bus-Resource-Provider/CH3",
        "Strict-Transport-Security": "max-age=31536000; includeSubDomains",
        "X-Content-Type-Options": "nosniff",
        "x-ms-client-request-id": "6e387cfce49f8b3ceae4a08de30f2842",
        "x-ms-correlation-request-id": "906f7560-bed9-4287-a7ff-d53b585f03a9",
        "x-ms-ratelimit-remaining-subscription-reads": "11968",
        "x-ms-request-id": "82f56916-8941-4e6e-97c3-6ea43a7d272e_M1CH3_M1CH3",
        "x-ms-routing-request-id": "SOUTHEASTASIA:20211008T031434Z:906f7560-bed9-4287-a7ff-d53b585f03a9"
      },
      "ResponseBody": {
        "sku": {
          "name": "Standard",
          "tier": "Standard"
        },
        "id": "/subscriptions/db1ab6f0-4769-4b27-930e-01e2ef9c123c/resourceGroups/testservicebusRG-377/providers/Microsoft.ServiceBus/namespaces/testnamespacemgmt7209",
        "name": "testnamespacemgmt7209",
        "type": "Microsoft.ServiceBus/Namespaces",
        "location": "East US 2",
        "tags": {},
        "properties": {
          "disableLocalAuth": false,
          "zoneRedundant": false,
          "provisioningState": "Created",
          "metricId": "db1ab6f0-4769-4b27-930e-01e2ef9c123c:testnamespacemgmt7209",
          "createdAt": "2021-10-08T03:14:07.263Z",
          "updatedAt": "2021-10-08T03:14:07.263Z",
          "serviceBusEndpoint": "https://testnamespacemgmt7209.servicebus.windows.net:443/",
          "status": "Activating"
        }
      }
    },
    {
      "RequestUri": "https://management.azure.com/subscriptions/db1ab6f0-4769-4b27-930e-01e2ef9c123c/resourceGroups/testservicebusRG-377/providers/Microsoft.ServiceBus/namespaces/testnamespacemgmt7209?api-version=2021-06-01-preview",
      "RequestMethod": "GET",
      "RequestHeaders": {
        "Authorization": "Sanitized",
        "User-Agent": "azsdk-net-ResourceManager/1.0.0-beta.3 (.NET Framework 4.8.4300.0; Microsoft Windows 10.0.19043 )",
        "x-ms-client-request-id": "96207e15457a4ecff192da408ba81cc7",
        "x-ms-return-client-request-id": "true"
      },
      "RequestBody": null,
      "StatusCode": 200,
      "ResponseHeaders": {
        "Cache-Control": "no-cache",
        "Content-Length": "654",
        "Content-Type": "application/json; charset=utf-8",
        "Date": "Fri, 08 Oct 2021 03:14:36 GMT",
        "Expires": "-1",
        "Pragma": "no-cache",
        "Server": [
          "Service-Bus-Resource-Provider/CH3",
          "Microsoft-HTTPAPI/2.0"
        ],
        "Server-SB": "Service-Bus-Resource-Provider/CH3",
        "Strict-Transport-Security": "max-age=31536000; includeSubDomains",
        "X-Content-Type-Options": "nosniff",
        "x-ms-client-request-id": "96207e15457a4ecff192da408ba81cc7",
        "x-ms-correlation-request-id": "5ac44483-e3d4-4099-935f-cc0c2b81e3aa",
        "x-ms-ratelimit-remaining-subscription-reads": "11967",
        "x-ms-request-id": "fc250b79-043b-4161-8b77-ccd767701a6d_M8CH3_M8CH3",
        "x-ms-routing-request-id": "SOUTHEASTASIA:20211008T031437Z:5ac44483-e3d4-4099-935f-cc0c2b81e3aa"
      },
      "ResponseBody": {
        "sku": {
          "name": "Standard",
          "tier": "Standard"
        },
        "id": "/subscriptions/db1ab6f0-4769-4b27-930e-01e2ef9c123c/resourceGroups/testservicebusRG-377/providers/Microsoft.ServiceBus/namespaces/testnamespacemgmt7209",
        "name": "testnamespacemgmt7209",
        "type": "Microsoft.ServiceBus/Namespaces",
        "location": "East US 2",
        "tags": {},
        "properties": {
          "disableLocalAuth": false,
          "zoneRedundant": false,
          "provisioningState": "Created",
          "metricId": "db1ab6f0-4769-4b27-930e-01e2ef9c123c:testnamespacemgmt7209",
          "createdAt": "2021-10-08T03:14:07.263Z",
          "updatedAt": "2021-10-08T03:14:07.263Z",
          "serviceBusEndpoint": "https://testnamespacemgmt7209.servicebus.windows.net:443/",
          "status": "Activating"
        }
      }
    },
    {
      "RequestUri": "https://management.azure.com/subscriptions/db1ab6f0-4769-4b27-930e-01e2ef9c123c/resourceGroups/testservicebusRG-377/providers/Microsoft.ServiceBus/namespaces/testnamespacemgmt7209?api-version=2021-06-01-preview",
      "RequestMethod": "GET",
      "RequestHeaders": {
        "Authorization": "Sanitized",
        "User-Agent": "azsdk-net-ResourceManager/1.0.0-beta.3 (.NET Framework 4.8.4300.0; Microsoft Windows 10.0.19043 )",
        "x-ms-client-request-id": "9436f58412bcb142b984987df7295876",
        "x-ms-return-client-request-id": "true"
      },
      "RequestBody": null,
      "StatusCode": 200,
      "ResponseHeaders": {
        "Cache-Control": "no-cache",
        "Content-Length": "654",
        "Content-Type": "application/json; charset=utf-8",
        "Date": "Fri, 08 Oct 2021 03:14:38 GMT",
        "Expires": "-1",
        "Pragma": "no-cache",
        "Server": [
          "Service-Bus-Resource-Provider/CH3",
          "Microsoft-HTTPAPI/2.0"
        ],
        "Server-SB": "Service-Bus-Resource-Provider/CH3",
        "Strict-Transport-Security": "max-age=31536000; includeSubDomains",
        "X-Content-Type-Options": "nosniff",
        "x-ms-client-request-id": "9436f58412bcb142b984987df7295876",
        "x-ms-correlation-request-id": "c51b6b9e-de6f-497c-870e-96452b9536ac",
        "x-ms-ratelimit-remaining-subscription-reads": "11966",
        "x-ms-request-id": "0fd7b3d5-1284-429e-9740-c79084ba03ca_M6CH3_M6CH3",
        "x-ms-routing-request-id": "SOUTHEASTASIA:20211008T031438Z:c51b6b9e-de6f-497c-870e-96452b9536ac"
      },
      "ResponseBody": {
        "sku": {
          "name": "Standard",
          "tier": "Standard"
        },
        "id": "/subscriptions/db1ab6f0-4769-4b27-930e-01e2ef9c123c/resourceGroups/testservicebusRG-377/providers/Microsoft.ServiceBus/namespaces/testnamespacemgmt7209",
        "name": "testnamespacemgmt7209",
        "type": "Microsoft.ServiceBus/Namespaces",
        "location": "East US 2",
        "tags": {},
        "properties": {
          "disableLocalAuth": false,
          "zoneRedundant": false,
          "provisioningState": "Created",
          "metricId": "db1ab6f0-4769-4b27-930e-01e2ef9c123c:testnamespacemgmt7209",
          "createdAt": "2021-10-08T03:14:07.263Z",
          "updatedAt": "2021-10-08T03:14:07.263Z",
          "serviceBusEndpoint": "https://testnamespacemgmt7209.servicebus.windows.net:443/",
          "status": "Activating"
        }
      }
    },
    {
      "RequestUri": "https://management.azure.com/subscriptions/db1ab6f0-4769-4b27-930e-01e2ef9c123c/resourceGroups/testservicebusRG-377/providers/Microsoft.ServiceBus/namespaces/testnamespacemgmt7209?api-version=2021-06-01-preview",
      "RequestMethod": "GET",
      "RequestHeaders": {
        "Authorization": "Sanitized",
        "User-Agent": "azsdk-net-ResourceManager/1.0.0-beta.3 (.NET Framework 4.8.4300.0; Microsoft Windows 10.0.19043 )",
        "x-ms-client-request-id": "109de6857cd6b6dcacea7d0d0afcff42",
        "x-ms-return-client-request-id": "true"
      },
      "RequestBody": null,
      "StatusCode": 200,
      "ResponseHeaders": {
        "Cache-Control": "no-cache",
        "Content-Length": "654",
        "Content-Type": "application/json; charset=utf-8",
        "Date": "Fri, 08 Oct 2021 03:14:40 GMT",
        "Expires": "-1",
        "Pragma": "no-cache",
        "Server": [
          "Service-Bus-Resource-Provider/CH3",
          "Microsoft-HTTPAPI/2.0"
        ],
        "Server-SB": "Service-Bus-Resource-Provider/CH3",
        "Strict-Transport-Security": "max-age=31536000; includeSubDomains",
        "X-Content-Type-Options": "nosniff",
        "x-ms-client-request-id": "109de6857cd6b6dcacea7d0d0afcff42",
        "x-ms-correlation-request-id": "86e9ccea-2961-4c3e-be46-acbf02622cc6",
        "x-ms-ratelimit-remaining-subscription-reads": "11965",
        "x-ms-request-id": "b8cf94f6-34fc-4a61-817d-01ef602462bc_M2CH3_M2CH3",
        "x-ms-routing-request-id": "SOUTHEASTASIA:20211008T031441Z:86e9ccea-2961-4c3e-be46-acbf02622cc6"
      },
      "ResponseBody": {
        "sku": {
          "name": "Standard",
          "tier": "Standard"
        },
        "id": "/subscriptions/db1ab6f0-4769-4b27-930e-01e2ef9c123c/resourceGroups/testservicebusRG-377/providers/Microsoft.ServiceBus/namespaces/testnamespacemgmt7209",
        "name": "testnamespacemgmt7209",
        "type": "Microsoft.ServiceBus/Namespaces",
        "location": "East US 2",
        "tags": {},
        "properties": {
          "disableLocalAuth": false,
          "zoneRedundant": false,
          "provisioningState": "Created",
          "metricId": "db1ab6f0-4769-4b27-930e-01e2ef9c123c:testnamespacemgmt7209",
          "createdAt": "2021-10-08T03:14:07.263Z",
          "updatedAt": "2021-10-08T03:14:07.263Z",
          "serviceBusEndpoint": "https://testnamespacemgmt7209.servicebus.windows.net:443/",
          "status": "Activating"
        }
      }
    },
    {
      "RequestUri": "https://management.azure.com/subscriptions/db1ab6f0-4769-4b27-930e-01e2ef9c123c/resourceGroups/testservicebusRG-377/providers/Microsoft.ServiceBus/namespaces/testnamespacemgmt7209?api-version=2021-06-01-preview",
      "RequestMethod": "GET",
      "RequestHeaders": {
        "Authorization": "Sanitized",
        "User-Agent": "azsdk-net-ResourceManager/1.0.0-beta.3 (.NET Framework 4.8.4300.0; Microsoft Windows 10.0.19043 )",
        "x-ms-client-request-id": "ee08d8c794d902863b6fdcf6ac5256c7",
        "x-ms-return-client-request-id": "true"
      },
      "RequestBody": null,
      "StatusCode": 200,
      "ResponseHeaders": {
        "Cache-Control": "no-cache",
        "Content-Length": "654",
        "Content-Type": "application/json; charset=utf-8",
        "Date": "Fri, 08 Oct 2021 03:14:42 GMT",
        "Expires": "-1",
        "Pragma": "no-cache",
        "Server": [
          "Service-Bus-Resource-Provider/CH3",
          "Microsoft-HTTPAPI/2.0"
        ],
        "Server-SB": "Service-Bus-Resource-Provider/CH3",
        "Strict-Transport-Security": "max-age=31536000; includeSubDomains",
        "X-Content-Type-Options": "nosniff",
        "x-ms-client-request-id": "ee08d8c794d902863b6fdcf6ac5256c7",
        "x-ms-correlation-request-id": "8b1d8560-dc43-445f-ade3-b1f148e9c967",
        "x-ms-ratelimit-remaining-subscription-reads": "11964",
        "x-ms-request-id": "67e2109f-8afc-4e1a-bb6a-b47081d0cc38_M10CH3_M10CH3",
        "x-ms-routing-request-id": "SOUTHEASTASIA:20211008T031443Z:8b1d8560-dc43-445f-ade3-b1f148e9c967"
      },
      "ResponseBody": {
        "sku": {
          "name": "Standard",
          "tier": "Standard"
        },
        "id": "/subscriptions/db1ab6f0-4769-4b27-930e-01e2ef9c123c/resourceGroups/testservicebusRG-377/providers/Microsoft.ServiceBus/namespaces/testnamespacemgmt7209",
        "name": "testnamespacemgmt7209",
        "type": "Microsoft.ServiceBus/Namespaces",
        "location": "East US 2",
        "tags": {},
        "properties": {
          "disableLocalAuth": false,
          "zoneRedundant": false,
          "provisioningState": "Created",
          "metricId": "db1ab6f0-4769-4b27-930e-01e2ef9c123c:testnamespacemgmt7209",
          "createdAt": "2021-10-08T03:14:07.263Z",
          "updatedAt": "2021-10-08T03:14:07.263Z",
          "serviceBusEndpoint": "https://testnamespacemgmt7209.servicebus.windows.net:443/",
          "status": "Activating"
        }
      }
    },
    {
      "RequestUri": "https://management.azure.com/subscriptions/db1ab6f0-4769-4b27-930e-01e2ef9c123c/resourceGroups/testservicebusRG-377/providers/Microsoft.ServiceBus/namespaces/testnamespacemgmt7209?api-version=2021-06-01-preview",
      "RequestMethod": "GET",
      "RequestHeaders": {
        "Authorization": "Sanitized",
        "User-Agent": "azsdk-net-ResourceManager/1.0.0-beta.3 (.NET Framework 4.8.4300.0; Microsoft Windows 10.0.19043 )",
        "x-ms-client-request-id": "a4ba633a0c0a08f0197fe7d19535a6bd",
        "x-ms-return-client-request-id": "true"
      },
      "RequestBody": null,
      "StatusCode": 200,
      "ResponseHeaders": {
        "Cache-Control": "no-cache",
        "Content-Length": "654",
        "Content-Type": "application/json; charset=utf-8",
        "Date": "Fri, 08 Oct 2021 03:14:45 GMT",
        "Expires": "-1",
        "Pragma": "no-cache",
        "Server": [
          "Service-Bus-Resource-Provider/CH3",
          "Microsoft-HTTPAPI/2.0"
        ],
        "Server-SB": "Service-Bus-Resource-Provider/CH3",
        "Strict-Transport-Security": "max-age=31536000; includeSubDomains",
        "X-Content-Type-Options": "nosniff",
        "x-ms-client-request-id": "a4ba633a0c0a08f0197fe7d19535a6bd",
        "x-ms-correlation-request-id": "c8cc9f18-73f7-4d45-8b70-0de9d1831925",
        "x-ms-ratelimit-remaining-subscription-reads": "11963",
        "x-ms-request-id": "3abda9a5-dd03-4c52-8f0c-3f1f8ac6c4c9_M1CH3_M1CH3",
        "x-ms-routing-request-id": "SOUTHEASTASIA:20211008T031446Z:c8cc9f18-73f7-4d45-8b70-0de9d1831925"
      },
      "ResponseBody": {
        "sku": {
          "name": "Standard",
          "tier": "Standard"
        },
        "id": "/subscriptions/db1ab6f0-4769-4b27-930e-01e2ef9c123c/resourceGroups/testservicebusRG-377/providers/Microsoft.ServiceBus/namespaces/testnamespacemgmt7209",
        "name": "testnamespacemgmt7209",
        "type": "Microsoft.ServiceBus/Namespaces",
        "location": "East US 2",
        "tags": {},
        "properties": {
          "disableLocalAuth": false,
          "zoneRedundant": false,
          "provisioningState": "Created",
          "metricId": "db1ab6f0-4769-4b27-930e-01e2ef9c123c:testnamespacemgmt7209",
          "createdAt": "2021-10-08T03:14:07.263Z",
          "updatedAt": "2021-10-08T03:14:07.263Z",
          "serviceBusEndpoint": "https://testnamespacemgmt7209.servicebus.windows.net:443/",
          "status": "Activating"
        }
      }
    },
    {
      "RequestUri": "https://management.azure.com/subscriptions/db1ab6f0-4769-4b27-930e-01e2ef9c123c/resourceGroups/testservicebusRG-377/providers/Microsoft.ServiceBus/namespaces/testnamespacemgmt7209?api-version=2021-06-01-preview",
      "RequestMethod": "GET",
      "RequestHeaders": {
        "Authorization": "Sanitized",
        "User-Agent": "azsdk-net-ResourceManager/1.0.0-beta.3 (.NET Framework 4.8.4300.0; Microsoft Windows 10.0.19043 )",
        "x-ms-client-request-id": "1eb656856a20f19c609bd466a0e60a5a",
        "x-ms-return-client-request-id": "true"
      },
      "RequestBody": null,
      "StatusCode": 200,
      "ResponseHeaders": {
        "Cache-Control": "no-cache",
        "Content-Length": "654",
        "Content-Type": "application/json; charset=utf-8",
        "Date": "Fri, 08 Oct 2021 03:14:47 GMT",
        "Expires": "-1",
        "Pragma": "no-cache",
        "Server": [
          "Service-Bus-Resource-Provider/CH3",
          "Microsoft-HTTPAPI/2.0"
        ],
        "Server-SB": "Service-Bus-Resource-Provider/CH3",
        "Strict-Transport-Security": "max-age=31536000; includeSubDomains",
        "X-Content-Type-Options": "nosniff",
        "x-ms-client-request-id": "1eb656856a20f19c609bd466a0e60a5a",
        "x-ms-correlation-request-id": "b1ff1d3b-6df8-4e44-abf4-8833766ed393",
        "x-ms-ratelimit-remaining-subscription-reads": "11962",
        "x-ms-request-id": "b23ba49c-fc7a-4c5f-8ae5-244c5ee117ce_M5CH3_M5CH3",
        "x-ms-routing-request-id": "SOUTHEASTASIA:20211008T031448Z:b1ff1d3b-6df8-4e44-abf4-8833766ed393"
      },
      "ResponseBody": {
        "sku": {
          "name": "Standard",
          "tier": "Standard"
        },
        "id": "/subscriptions/db1ab6f0-4769-4b27-930e-01e2ef9c123c/resourceGroups/testservicebusRG-377/providers/Microsoft.ServiceBus/namespaces/testnamespacemgmt7209",
        "name": "testnamespacemgmt7209",
        "type": "Microsoft.ServiceBus/Namespaces",
        "location": "East US 2",
        "tags": {},
        "properties": {
          "disableLocalAuth": false,
          "zoneRedundant": false,
          "provisioningState": "Created",
          "metricId": "db1ab6f0-4769-4b27-930e-01e2ef9c123c:testnamespacemgmt7209",
          "createdAt": "2021-10-08T03:14:07.263Z",
          "updatedAt": "2021-10-08T03:14:07.263Z",
          "serviceBusEndpoint": "https://testnamespacemgmt7209.servicebus.windows.net:443/",
          "status": "Activating"
        }
      }
    },
    {
      "RequestUri": "https://management.azure.com/subscriptions/db1ab6f0-4769-4b27-930e-01e2ef9c123c/resourceGroups/testservicebusRG-377/providers/Microsoft.ServiceBus/namespaces/testnamespacemgmt7209?api-version=2021-06-01-preview",
      "RequestMethod": "GET",
      "RequestHeaders": {
        "Authorization": "Sanitized",
        "User-Agent": "azsdk-net-ResourceManager/1.0.0-beta.3 (.NET Framework 4.8.4300.0; Microsoft Windows 10.0.19043 )",
        "x-ms-client-request-id": "a6d3b5935a41ba37e700d45aacb46d06",
        "x-ms-return-client-request-id": "true"
      },
      "RequestBody": null,
      "StatusCode": 200,
      "ResponseHeaders": {
        "Cache-Control": "no-cache",
        "Content-Length": "654",
        "Content-Type": "application/json; charset=utf-8",
        "Date": "Fri, 08 Oct 2021 03:14:50 GMT",
        "Expires": "-1",
        "Pragma": "no-cache",
        "Server": [
          "Service-Bus-Resource-Provider/CH3",
          "Microsoft-HTTPAPI/2.0"
        ],
        "Server-SB": "Service-Bus-Resource-Provider/CH3",
        "Strict-Transport-Security": "max-age=31536000; includeSubDomains",
        "X-Content-Type-Options": "nosniff",
        "x-ms-client-request-id": "a6d3b5935a41ba37e700d45aacb46d06",
        "x-ms-correlation-request-id": "48e2682e-7db1-4bce-bc74-082315e5d24e",
        "x-ms-ratelimit-remaining-subscription-reads": "11961",
        "x-ms-request-id": "13082bff-929f-430c-9214-539332400ac5_M9CH3_M9CH3",
        "x-ms-routing-request-id": "SOUTHEASTASIA:20211008T031450Z:48e2682e-7db1-4bce-bc74-082315e5d24e"
      },
      "ResponseBody": {
        "sku": {
          "name": "Standard",
          "tier": "Standard"
        },
        "id": "/subscriptions/db1ab6f0-4769-4b27-930e-01e2ef9c123c/resourceGroups/testservicebusRG-377/providers/Microsoft.ServiceBus/namespaces/testnamespacemgmt7209",
        "name": "testnamespacemgmt7209",
        "type": "Microsoft.ServiceBus/Namespaces",
        "location": "East US 2",
        "tags": {},
        "properties": {
          "disableLocalAuth": false,
          "zoneRedundant": false,
          "provisioningState": "Created",
          "metricId": "db1ab6f0-4769-4b27-930e-01e2ef9c123c:testnamespacemgmt7209",
          "createdAt": "2021-10-08T03:14:07.263Z",
          "updatedAt": "2021-10-08T03:14:07.263Z",
          "serviceBusEndpoint": "https://testnamespacemgmt7209.servicebus.windows.net:443/",
          "status": "Activating"
        }
      }
    },
    {
      "RequestUri": "https://management.azure.com/subscriptions/db1ab6f0-4769-4b27-930e-01e2ef9c123c/resourceGroups/testservicebusRG-377/providers/Microsoft.ServiceBus/namespaces/testnamespacemgmt7209?api-version=2021-06-01-preview",
      "RequestMethod": "GET",
      "RequestHeaders": {
        "Authorization": "Sanitized",
        "User-Agent": "azsdk-net-ResourceManager/1.0.0-beta.3 (.NET Framework 4.8.4300.0; Microsoft Windows 10.0.19043 )",
        "x-ms-client-request-id": "56701ec8389bcfa6c6c9446f388a6832",
        "x-ms-return-client-request-id": "true"
      },
      "RequestBody": null,
      "StatusCode": 200,
      "ResponseHeaders": {
        "Cache-Control": "no-cache",
        "Content-Length": "652",
        "Content-Type": "application/json; charset=utf-8",
        "Date": "Fri, 08 Oct 2021 03:14:52 GMT",
        "Expires": "-1",
        "Pragma": "no-cache",
        "Server": [
          "Service-Bus-Resource-Provider/CH3",
          "Microsoft-HTTPAPI/2.0"
        ],
        "Server-SB": "Service-Bus-Resource-Provider/CH3",
        "Strict-Transport-Security": "max-age=31536000; includeSubDomains",
        "X-Content-Type-Options": "nosniff",
        "x-ms-client-request-id": "56701ec8389bcfa6c6c9446f388a6832",
        "x-ms-correlation-request-id": "11abaa44-cf7b-4525-b68d-70e60bd601f6",
        "x-ms-ratelimit-remaining-subscription-reads": "11960",
        "x-ms-request-id": "1e42282c-33cd-4e04-ada1-9682942f607d_M9CH3_M9CH3",
        "x-ms-routing-request-id": "SOUTHEASTASIA:20211008T031453Z:11abaa44-cf7b-4525-b68d-70e60bd601f6"
      },
      "ResponseBody": {
        "sku": {
          "name": "Standard",
          "tier": "Standard"
        },
        "id": "/subscriptions/db1ab6f0-4769-4b27-930e-01e2ef9c123c/resourceGroups/testservicebusRG-377/providers/Microsoft.ServiceBus/namespaces/testnamespacemgmt7209",
        "name": "testnamespacemgmt7209",
        "type": "Microsoft.ServiceBus/Namespaces",
        "location": "East US 2",
        "tags": {},
        "properties": {
          "disableLocalAuth": false,
          "zoneRedundant": false,
          "provisioningState": "Succeeded",
          "metricId": "db1ab6f0-4769-4b27-930e-01e2ef9c123c:testnamespacemgmt7209",
          "createdAt": "2021-10-08T03:14:07.263Z",
          "updatedAt": "2021-10-08T03:14:51.817Z",
          "serviceBusEndpoint": "https://testnamespacemgmt7209.servicebus.windows.net:443/",
          "status": "Active"
        }
      }
    },
    {
      "RequestUri": "https://management.azure.com/subscriptions/db1ab6f0-4769-4b27-930e-01e2ef9c123c/resourceGroups/testservicebusRG-377/providers/Microsoft.ServiceBus/namespaces/testnamespacemgmt7209/privateLinkResources?api-version=2021-06-01-preview",
      "RequestMethod": "GET",
      "RequestHeaders": {
        "Accept": "application/json",
        "Authorization": "Sanitized",
        "User-Agent": "azsdk-net-ResourceManager.ServiceBus/1.0.0-alpha.20211008.1 (.NET Framework 4.8.4300.0; Microsoft Windows 10.0.19043 )",
        "x-ms-client-request-id": "df3e8d7400622a7b1efc3620954245ab",
        "x-ms-return-client-request-id": "true"
      },
      "RequestBody": null,
      "StatusCode": 200,
      "ResponseHeaders": {
        "Cache-Control": "no-cache",
        "Content-Length": "12",
        "Content-Type": "application/json; charset=utf-8",
        "Date": "Fri, 08 Oct 2021 03:14:53 GMT",
        "Expires": "-1",
        "Pragma": "no-cache",
        "Server": [
          "Service-Bus-Resource-Provider/CH3",
          "Microsoft-HTTPAPI/2.0"
        ],
        "Server-SB": "Service-Bus-Resource-Provider/CH3",
        "Strict-Transport-Security": "max-age=31536000; includeSubDomains",
        "X-Content-Type-Options": "nosniff",
        "x-ms-client-request-id": "df3e8d7400622a7b1efc3620954245ab",
        "x-ms-correlation-request-id": "f6db2362-3f79-4370-a23f-9ecf37209df7",
        "x-ms-ratelimit-remaining-subscription-reads": "11959",
        "x-ms-request-id": "fc49579b-6b1f-4ea9-b825-dd453b952a5f_M8CH3_M8CH3",
        "x-ms-routing-request-id": "SOUTHEASTASIA:20211008T031454Z:f6db2362-3f79-4370-a23f-9ecf37209df7"
      },
      "ResponseBody": {
        "value": []
      }
    },
    {
      "RequestUri": "https://management.azure.com/subscriptions/db1ab6f0-4769-4b27-930e-01e2ef9c123c/resourceGroups/testservicebusRG-377/providers/Microsoft.ServiceBus/namespaces?api-version=2021-06-01-preview",
      "RequestMethod": "GET",
      "RequestHeaders": {
        "Accept": "application/json",
        "Authorization": "Sanitized",
        "User-Agent": "azsdk-net-ResourceManager.ServiceBus/1.0.0-alpha.20211008.1 (.NET Framework 4.8.4300.0; Microsoft Windows 10.0.19043 )",
        "x-ms-client-request-id": "819dce2eb4755bbf0e03df7816c7825d",
        "x-ms-return-client-request-id": "true"
      },
      "RequestBody": null,
      "StatusCode": 200,
      "ResponseHeaders": {
        "Cache-Control": "no-cache",
        "Content-Length": "664",
        "Content-Type": "application/json; charset=utf-8",
        "Date": "Fri, 08 Oct 2021 03:14:55 GMT",
        "Expires": "-1",
        "Pragma": "no-cache",
        "Server": [
          "Service-Bus-Resource-Provider/CH3",
          "Microsoft-HTTPAPI/2.0"
        ],
        "Server-SB": "Service-Bus-Resource-Provider/CH3",
        "Strict-Transport-Security": "max-age=31536000; includeSubDomains",
        "X-Content-Type-Options": "nosniff",
        "x-ms-client-request-id": "819dce2eb4755bbf0e03df7816c7825d",
        "x-ms-correlation-request-id": "e31aa2a3-1468-455b-a875-f5abf9064d62",
        "x-ms-ratelimit-remaining-subscription-reads": "11958",
        "x-ms-request-id": "07da6574-095a-43a2-b58b-3d877da5b0cc_M3CH3_M3CH3",
        "x-ms-routing-request-id": "SOUTHEASTASIA:20211008T031455Z:e31aa2a3-1468-455b-a875-f5abf9064d62"
      },
      "ResponseBody": {
        "value": [
          {
            "sku": {
              "name": "Standard",
              "tier": "Standard"
            },
            "id": "/subscriptions/db1ab6f0-4769-4b27-930e-01e2ef9c123c/resourceGroups/testservicebusRG-377/providers/Microsoft.ServiceBus/namespaces/testnamespacemgmt7209",
            "name": "testnamespacemgmt7209",
            "type": "Microsoft.ServiceBus/Namespaces",
            "location": "East US 2",
            "tags": {},
            "properties": {
              "disableLocalAuth": false,
              "zoneRedundant": false,
              "provisioningState": "Succeeded",
              "metricId": "db1ab6f0-4769-4b27-930e-01e2ef9c123c:testnamespacemgmt7209",
              "createdAt": "2021-10-08T03:14:07.263Z",
              "updatedAt": "2021-10-08T03:14:51.817Z",
              "serviceBusEndpoint": "https://testnamespacemgmt7209.servicebus.windows.net:443/",
              "status": "Active"
            }
          }
        ]
      }
    },
    {
      "RequestUri": "https://management.azure.com/subscriptions/db1ab6f0-4769-4b27-930e-01e2ef9c123c/resourceGroups/testservicebusRG-377/providers/Microsoft.ServiceBus/namespaces/testnamespacemgmt7209?api-version=2021-06-01-preview",
      "RequestMethod": "DELETE",
      "RequestHeaders": {
        "Accept": "application/json",
        "Authorization": "Sanitized",
        "User-Agent": "azsdk-net-ResourceManager.ServiceBus/1.0.0-alpha.20211008.1 (.NET Framework 4.8.4300.0; Microsoft Windows 10.0.19043 )",
        "x-ms-client-request-id": "1ee6a2988d76c8a4a246379e01863a84",
        "x-ms-return-client-request-id": "true"
      },
      "RequestBody": null,
      "StatusCode": 202,
      "ResponseHeaders": {
        "Cache-Control": "no-cache",
        "Content-Length": "0",
        "Date": "Fri, 08 Oct 2021 03:14:57 GMT",
        "Expires": "-1",
        "Location": "https://management.azure.com/subscriptions/db1ab6f0-4769-4b27-930e-01e2ef9c123c/resourceGroups/testservicebusRG-377/providers/Microsoft.ServiceBus/namespaces/testnamespacemgmt7209/operationresults/testnamespacemgmt7209?api-version=2021-06-01-preview",
        "Pragma": "no-cache",
        "Server": [
          "Service-Bus-Resource-Provider/CH3",
          "Microsoft-HTTPAPI/2.0"
        ],
        "Server-SB": "Service-Bus-Resource-Provider/CH3",
        "Strict-Transport-Security": "max-age=31536000; includeSubDomains",
        "X-Content-Type-Options": "nosniff",
        "x-ms-client-request-id": "1ee6a2988d76c8a4a246379e01863a84",
        "x-ms-correlation-request-id": "3a77fef4-18b5-4ac5-b765-d428592fcbc9",
        "x-ms-ratelimit-remaining-subscription-deletes": "14997",
        "x-ms-request-id": "3e6fd980-df43-466c-8968-5e104be3c8db_M3CH3_M3CH3",
        "x-ms-routing-request-id": "SOUTHEASTASIA:20211008T031458Z:3a77fef4-18b5-4ac5-b765-d428592fcbc9"
      },
      "ResponseBody": []
    },
    {
      "RequestUri": "https://management.azure.com/subscriptions/db1ab6f0-4769-4b27-930e-01e2ef9c123c/resourceGroups/testservicebusRG-377/providers/Microsoft.ServiceBus/namespaces/testnamespacemgmt7209/operationresults/testnamespacemgmt7209?api-version=2021-06-01-preview",
      "RequestMethod": "GET",
      "RequestHeaders": {
        "Authorization": "Sanitized",
        "User-Agent": "azsdk-net-ResourceManager/1.0.0-beta.3 (.NET Framework 4.8.4300.0; Microsoft Windows 10.0.19043 )",
        "x-ms-client-request-id": "f388d979265ca0342ad4de2e7c205a88",
        "x-ms-return-client-request-id": "true"
      },
      "RequestBody": null,
      "StatusCode": 202,
      "ResponseHeaders": {
        "Cache-Control": "no-cache",
        "Content-Length": "652",
        "Content-Type": "application/json; charset=utf-8",
        "Date": "Fri, 08 Oct 2021 03:14:58 GMT",
        "Expires": "-1",
        "Location": "https://management.azure.com/subscriptions/db1ab6f0-4769-4b27-930e-01e2ef9c123c/resourceGroups/testservicebusRG-377/providers/Microsoft.ServiceBus/namespaces/testnamespacemgmt7209/operationresults/testnamespacemgmt7209?api-version=2021-06-01-preview",
        "Pragma": "no-cache",
        "Retry-After": "41",
        "Server": [
          "Service-Bus-Resource-Provider/CH3",
          "Microsoft-HTTPAPI/2.0"
        ],
        "Server-SB": "Service-Bus-Resource-Provider/CH3",
        "Strict-Transport-Security": "max-age=31536000; includeSubDomains",
        "X-Content-Type-Options": "nosniff",
        "x-ms-client-request-id": "f388d979265ca0342ad4de2e7c205a88",
        "x-ms-correlation-request-id": "36579445-a27d-41c3-86ec-e0c76dec7b3c",
        "x-ms-ratelimit-remaining-subscription-reads": "11957",
        "x-ms-request-id": "4ddf594b-7e62-44d8-8bed-d2b184cf2616_M9CH3_M9CH3",
        "x-ms-routing-request-id": "SOUTHEASTASIA:20211008T031459Z:36579445-a27d-41c3-86ec-e0c76dec7b3c"
      },
      "ResponseBody": {
        "sku": {
          "name": "Standard",
          "tier": "Standard"
        },
        "id": "/subscriptions/db1ab6f0-4769-4b27-930e-01e2ef9c123c/resourceGroups/testservicebusRG-377/providers/Microsoft.ServiceBus/namespaces/testnamespacemgmt7209",
        "name": "testnamespacemgmt7209",
        "type": "Microsoft.ServiceBus/Namespaces",
        "location": "East US 2",
        "tags": {},
        "properties": {
          "disableLocalAuth": false,
          "zoneRedundant": false,
          "provisioningState": "Succeeded",
          "metricId": "db1ab6f0-4769-4b27-930e-01e2ef9c123c:testnamespacemgmt7209",
          "createdAt": "2021-10-08T03:14:07.263Z",
          "updatedAt": "2021-10-08T03:14:58.1Z",
          "serviceBusEndpoint": "https://testnamespacemgmt7209.servicebus.windows.net:443/",
          "status": "Removing"
        }
      }
    },
    {
      "RequestUri": "https://management.azure.com/subscriptions/db1ab6f0-4769-4b27-930e-01e2ef9c123c/resourceGroups/testservicebusRG-377/providers/Microsoft.ServiceBus/namespaces/testnamespacemgmt7209/operationresults/testnamespacemgmt7209?api-version=2021-06-01-preview",
      "RequestMethod": "GET",
      "RequestHeaders": {
        "Authorization": "Sanitized",
        "User-Agent": "azsdk-net-ResourceManager/1.0.0-beta.3 (.NET Framework 4.8.4300.0; Microsoft Windows 10.0.19043 )",
        "x-ms-client-request-id": "7df45bc81886b170e4254f93bd44a89f",
        "x-ms-return-client-request-id": "true"
      },
      "RequestBody": null,
      "StatusCode": 202,
      "ResponseHeaders": {
        "Cache-Control": "no-cache",
        "Content-Length": "652",
        "Content-Type": "application/json; charset=utf-8",
        "Date": "Fri, 08 Oct 2021 03:15:01 GMT",
        "Expires": "-1",
        "Location": "https://management.azure.com/subscriptions/db1ab6f0-4769-4b27-930e-01e2ef9c123c/resourceGroups/testservicebusRG-377/providers/Microsoft.ServiceBus/namespaces/testnamespacemgmt7209/operationresults/testnamespacemgmt7209?api-version=2021-06-01-preview",
        "Pragma": "no-cache",
        "Retry-After": "39",
        "Server": [
          "Service-Bus-Resource-Provider/CH3",
          "Microsoft-HTTPAPI/2.0"
        ],
        "Server-SB": "Service-Bus-Resource-Provider/CH3",
        "Strict-Transport-Security": "max-age=31536000; includeSubDomains",
        "X-Content-Type-Options": "nosniff",
        "x-ms-client-request-id": "7df45bc81886b170e4254f93bd44a89f",
        "x-ms-correlation-request-id": "fbcb8055-fcd4-4537-b135-a7bfe31dc4c6",
        "x-ms-ratelimit-remaining-subscription-reads": "11956",
        "x-ms-request-id": "9b082ce8-2dec-4404-9a40-ad803ca944fe_M10CH3_M10CH3",
        "x-ms-routing-request-id": "SOUTHEASTASIA:20211008T031502Z:fbcb8055-fcd4-4537-b135-a7bfe31dc4c6"
      },
      "ResponseBody": {
        "sku": {
          "name": "Standard",
          "tier": "Standard"
        },
        "id": "/subscriptions/db1ab6f0-4769-4b27-930e-01e2ef9c123c/resourceGroups/testservicebusRG-377/providers/Microsoft.ServiceBus/namespaces/testnamespacemgmt7209",
        "name": "testnamespacemgmt7209",
        "type": "Microsoft.ServiceBus/Namespaces",
        "location": "East US 2",
        "tags": {},
        "properties": {
          "disableLocalAuth": false,
          "zoneRedundant": false,
          "provisioningState": "Succeeded",
          "metricId": "db1ab6f0-4769-4b27-930e-01e2ef9c123c:testnamespacemgmt7209",
          "createdAt": "2021-10-08T03:14:07.263Z",
          "updatedAt": "2021-10-08T03:14:58.1Z",
          "serviceBusEndpoint": "https://testnamespacemgmt7209.servicebus.windows.net:443/",
          "status": "Removing"
        }
      }
    },
    {
      "RequestUri": "https://management.azure.com/subscriptions/db1ab6f0-4769-4b27-930e-01e2ef9c123c/resourceGroups/testservicebusRG-377/providers/Microsoft.ServiceBus/namespaces/testnamespacemgmt7209/operationresults/testnamespacemgmt7209?api-version=2021-06-01-preview",
      "RequestMethod": "GET",
      "RequestHeaders": {
        "Authorization": "Sanitized",
        "User-Agent": "azsdk-net-ResourceManager/1.0.0-beta.3 (.NET Framework 4.8.4300.0; Microsoft Windows 10.0.19043 )",
        "x-ms-client-request-id": "2724e13247fd5d2864a14017088e44ae",
        "x-ms-return-client-request-id": "true"
      },
      "RequestBody": null,
      "StatusCode": 202,
      "ResponseHeaders": {
        "Cache-Control": "no-cache",
        "Content-Length": "652",
        "Content-Type": "application/json; charset=utf-8",
        "Date": "Fri, 08 Oct 2021 03:15:03 GMT",
        "Expires": "-1",
        "Location": "https://management.azure.com/subscriptions/db1ab6f0-4769-4b27-930e-01e2ef9c123c/resourceGroups/testservicebusRG-377/providers/Microsoft.ServiceBus/namespaces/testnamespacemgmt7209/operationresults/testnamespacemgmt7209?api-version=2021-06-01-preview",
        "Pragma": "no-cache",
        "Retry-After": "57",
        "Server": [
          "Service-Bus-Resource-Provider/CH3",
          "Microsoft-HTTPAPI/2.0"
        ],
        "Server-SB": "Service-Bus-Resource-Provider/CH3",
        "Strict-Transport-Security": "max-age=31536000; includeSubDomains",
        "X-Content-Type-Options": "nosniff",
        "x-ms-client-request-id": "2724e13247fd5d2864a14017088e44ae",
        "x-ms-correlation-request-id": "f34e3da2-a295-4abf-8b14-607c30c69a82",
        "x-ms-ratelimit-remaining-subscription-reads": "11955",
        "x-ms-request-id": "2bd479a7-7ab9-4989-93b1-a86054bea168_M11CH3_M11CH3",
        "x-ms-routing-request-id": "SOUTHEASTASIA:20211008T031504Z:f34e3da2-a295-4abf-8b14-607c30c69a82"
      },
      "ResponseBody": {
        "sku": {
          "name": "Standard",
          "tier": "Standard"
        },
        "id": "/subscriptions/db1ab6f0-4769-4b27-930e-01e2ef9c123c/resourceGroups/testservicebusRG-377/providers/Microsoft.ServiceBus/namespaces/testnamespacemgmt7209",
        "name": "testnamespacemgmt7209",
        "type": "Microsoft.ServiceBus/Namespaces",
        "location": "East US 2",
        "tags": {},
        "properties": {
          "disableLocalAuth": false,
          "zoneRedundant": false,
          "provisioningState": "Succeeded",
          "metricId": "db1ab6f0-4769-4b27-930e-01e2ef9c123c:testnamespacemgmt7209",
          "createdAt": "2021-10-08T03:14:07.263Z",
          "updatedAt": "2021-10-08T03:14:58.1Z",
          "serviceBusEndpoint": "https://testnamespacemgmt7209.servicebus.windows.net:443/",
          "status": "Removing"
        }
      }
    },
    {
      "RequestUri": "https://management.azure.com/subscriptions/db1ab6f0-4769-4b27-930e-01e2ef9c123c/resourceGroups/testservicebusRG-377/providers/Microsoft.ServiceBus/namespaces/testnamespacemgmt7209/operationresults/testnamespacemgmt7209?api-version=2021-06-01-preview",
      "RequestMethod": "GET",
      "RequestHeaders": {
        "Authorization": "Sanitized",
        "User-Agent": "azsdk-net-ResourceManager/1.0.0-beta.3 (.NET Framework 4.8.4300.0; Microsoft Windows 10.0.19043 )",
        "x-ms-client-request-id": "c4964788960f61d068d70e36d6a1e3e5",
        "x-ms-return-client-request-id": "true"
      },
      "RequestBody": null,
      "StatusCode": 202,
      "ResponseHeaders": {
        "Cache-Control": "no-cache",
        "Content-Length": "652",
        "Content-Type": "application/json; charset=utf-8",
        "Date": "Fri, 08 Oct 2021 03:15:06 GMT",
        "Expires": "-1",
        "Location": "https://management.azure.com/subscriptions/db1ab6f0-4769-4b27-930e-01e2ef9c123c/resourceGroups/testservicebusRG-377/providers/Microsoft.ServiceBus/namespaces/testnamespacemgmt7209/operationresults/testnamespacemgmt7209?api-version=2021-06-01-preview",
        "Pragma": "no-cache",
        "Retry-After": "34",
        "Server": [
          "Service-Bus-Resource-Provider/CH3",
          "Microsoft-HTTPAPI/2.0"
        ],
        "Server-SB": "Service-Bus-Resource-Provider/CH3",
        "Strict-Transport-Security": "max-age=31536000; includeSubDomains",
        "X-Content-Type-Options": "nosniff",
        "x-ms-client-request-id": "c4964788960f61d068d70e36d6a1e3e5",
        "x-ms-correlation-request-id": "efbd6e24-64f3-4a71-9209-343b802f0a48",
        "x-ms-ratelimit-remaining-subscription-reads": "11954",
        "x-ms-request-id": "597b25fe-73ef-4cd8-8811-84178a4e33e8_M3CH3_M3CH3",
        "x-ms-routing-request-id": "SOUTHEASTASIA:20211008T031507Z:efbd6e24-64f3-4a71-9209-343b802f0a48"
      },
      "ResponseBody": {
        "sku": {
          "name": "Standard",
          "tier": "Standard"
        },
        "id": "/subscriptions/db1ab6f0-4769-4b27-930e-01e2ef9c123c/resourceGroups/testservicebusRG-377/providers/Microsoft.ServiceBus/namespaces/testnamespacemgmt7209",
        "name": "testnamespacemgmt7209",
        "type": "Microsoft.ServiceBus/Namespaces",
        "location": "East US 2",
        "tags": {},
        "properties": {
          "disableLocalAuth": false,
          "zoneRedundant": false,
          "provisioningState": "Succeeded",
          "metricId": "db1ab6f0-4769-4b27-930e-01e2ef9c123c:testnamespacemgmt7209",
          "createdAt": "2021-10-08T03:14:07.263Z",
          "updatedAt": "2021-10-08T03:14:58.1Z",
          "serviceBusEndpoint": "https://testnamespacemgmt7209.servicebus.windows.net:443/",
          "status": "Removing"
        }
      }
    },
    {
      "RequestUri": "https://management.azure.com/subscriptions/db1ab6f0-4769-4b27-930e-01e2ef9c123c/resourceGroups/testservicebusRG-377/providers/Microsoft.ServiceBus/namespaces/testnamespacemgmt7209/operationresults/testnamespacemgmt7209?api-version=2021-06-01-preview",
      "RequestMethod": "GET",
      "RequestHeaders": {
        "Authorization": "Sanitized",
        "User-Agent": "azsdk-net-ResourceManager/1.0.0-beta.3 (.NET Framework 4.8.4300.0; Microsoft Windows 10.0.19043 )",
        "x-ms-client-request-id": "9bfb3f2c32fb808b329618e5d858a855",
        "x-ms-return-client-request-id": "true"
      },
      "RequestBody": null,
      "StatusCode": 202,
      "ResponseHeaders": {
        "Cache-Control": "no-cache",
        "Content-Length": "652",
        "Content-Type": "application/json; charset=utf-8",
        "Date": "Fri, 08 Oct 2021 03:15:08 GMT",
        "Expires": "-1",
        "Location": "https://management.azure.com/subscriptions/db1ab6f0-4769-4b27-930e-01e2ef9c123c/resourceGroups/testservicebusRG-377/providers/Microsoft.ServiceBus/namespaces/testnamespacemgmt7209/operationresults/testnamespacemgmt7209?api-version=2021-06-01-preview",
        "Pragma": "no-cache",
        "Retry-After": "51",
        "Server": [
          "Service-Bus-Resource-Provider/CH3",
          "Microsoft-HTTPAPI/2.0"
        ],
        "Server-SB": "Service-Bus-Resource-Provider/CH3",
        "Strict-Transport-Security": "max-age=31536000; includeSubDomains",
        "X-Content-Type-Options": "nosniff",
        "x-ms-client-request-id": "9bfb3f2c32fb808b329618e5d858a855",
        "x-ms-correlation-request-id": "7bcd7f69-5a38-45b7-a347-7351b2eebccd",
        "x-ms-ratelimit-remaining-subscription-reads": "11953",
        "x-ms-request-id": "66a8efcc-2b3c-41fc-8bec-7f8bec3b78b2_M7CH3_M7CH3",
        "x-ms-routing-request-id": "SOUTHEASTASIA:20211008T031509Z:7bcd7f69-5a38-45b7-a347-7351b2eebccd"
      },
      "ResponseBody": {
        "sku": {
          "name": "Standard",
          "tier": "Standard"
        },
        "id": "/subscriptions/db1ab6f0-4769-4b27-930e-01e2ef9c123c/resourceGroups/testservicebusRG-377/providers/Microsoft.ServiceBus/namespaces/testnamespacemgmt7209",
        "name": "testnamespacemgmt7209",
        "type": "Microsoft.ServiceBus/Namespaces",
        "location": "East US 2",
        "tags": {},
        "properties": {
          "disableLocalAuth": false,
          "zoneRedundant": false,
          "provisioningState": "Succeeded",
          "metricId": "db1ab6f0-4769-4b27-930e-01e2ef9c123c:testnamespacemgmt7209",
          "createdAt": "2021-10-08T03:14:07.263Z",
          "updatedAt": "2021-10-08T03:14:58.1Z",
          "serviceBusEndpoint": "https://testnamespacemgmt7209.servicebus.windows.net:443/",
          "status": "Removing"
        }
      }
    },
    {
      "RequestUri": "https://management.azure.com/subscriptions/db1ab6f0-4769-4b27-930e-01e2ef9c123c/resourceGroups/testservicebusRG-377/providers/Microsoft.ServiceBus/namespaces/testnamespacemgmt7209/operationresults/testnamespacemgmt7209?api-version=2021-06-01-preview",
      "RequestMethod": "GET",
      "RequestHeaders": {
        "Authorization": "Sanitized",
        "User-Agent": "azsdk-net-ResourceManager/1.0.0-beta.3 (.NET Framework 4.8.4300.0; Microsoft Windows 10.0.19043 )",
        "x-ms-client-request-id": "750aa1e1e3ad9c8f10c3be2639f286c3",
        "x-ms-return-client-request-id": "true"
      },
      "RequestBody": null,
      "StatusCode": 202,
      "ResponseHeaders": {
        "Cache-Control": "no-cache",
        "Content-Length": "652",
        "Content-Type": "application/json; charset=utf-8",
        "Date": "Fri, 08 Oct 2021 03:15:10 GMT",
        "Expires": "-1",
        "Location": "https://management.azure.com/subscriptions/db1ab6f0-4769-4b27-930e-01e2ef9c123c/resourceGroups/testservicebusRG-377/providers/Microsoft.ServiceBus/namespaces/testnamespacemgmt7209/operationresults/testnamespacemgmt7209?api-version=2021-06-01-preview",
        "Pragma": "no-cache",
        "Retry-After": "46",
        "Server": [
          "Service-Bus-Resource-Provider/CH3",
          "Microsoft-HTTPAPI/2.0"
        ],
        "Server-SB": "Service-Bus-Resource-Provider/CH3",
        "Strict-Transport-Security": "max-age=31536000; includeSubDomains",
        "X-Content-Type-Options": "nosniff",
        "x-ms-client-request-id": "750aa1e1e3ad9c8f10c3be2639f286c3",
        "x-ms-correlation-request-id": "48fd99d7-f418-41b9-98a6-5e8ad0e6e5a6",
        "x-ms-ratelimit-remaining-subscription-reads": "11952",
        "x-ms-request-id": "13112d9b-f7da-4b16-a95c-0ed0ae7a2655_M8CH3_M8CH3",
        "x-ms-routing-request-id": "SOUTHEASTASIA:20211008T031511Z:48fd99d7-f418-41b9-98a6-5e8ad0e6e5a6"
      },
      "ResponseBody": {
        "sku": {
          "name": "Standard",
          "tier": "Standard"
        },
        "id": "/subscriptions/db1ab6f0-4769-4b27-930e-01e2ef9c123c/resourceGroups/testservicebusRG-377/providers/Microsoft.ServiceBus/namespaces/testnamespacemgmt7209",
        "name": "testnamespacemgmt7209",
        "type": "Microsoft.ServiceBus/Namespaces",
        "location": "East US 2",
        "tags": {},
        "properties": {
          "disableLocalAuth": false,
          "zoneRedundant": false,
          "provisioningState": "Succeeded",
          "metricId": "db1ab6f0-4769-4b27-930e-01e2ef9c123c:testnamespacemgmt7209",
          "createdAt": "2021-10-08T03:14:07.263Z",
          "updatedAt": "2021-10-08T03:14:58.1Z",
          "serviceBusEndpoint": "https://testnamespacemgmt7209.servicebus.windows.net:443/",
          "status": "Removing"
        }
      }
    },
    {
      "RequestUri": "https://management.azure.com/subscriptions/db1ab6f0-4769-4b27-930e-01e2ef9c123c/resourceGroups/testservicebusRG-377/providers/Microsoft.ServiceBus/namespaces/testnamespacemgmt7209/operationresults/testnamespacemgmt7209?api-version=2021-06-01-preview",
      "RequestMethod": "GET",
      "RequestHeaders": {
        "Authorization": "Sanitized",
        "User-Agent": "azsdk-net-ResourceManager/1.0.0-beta.3 (.NET Framework 4.8.4300.0; Microsoft Windows 10.0.19043 )",
        "x-ms-client-request-id": "c9eb5abea89356b3bc1692797dea890f",
        "x-ms-return-client-request-id": "true"
      },
      "RequestBody": null,
      "StatusCode": 202,
      "ResponseHeaders": {
        "Cache-Control": "no-cache",
        "Content-Length": "652",
        "Content-Type": "application/json; charset=utf-8",
        "Date": "Fri, 08 Oct 2021 03:15:11 GMT",
        "Expires": "-1",
        "Location": "https://management.azure.com/subscriptions/db1ab6f0-4769-4b27-930e-01e2ef9c123c/resourceGroups/testservicebusRG-377/providers/Microsoft.ServiceBus/namespaces/testnamespacemgmt7209/operationresults/testnamespacemgmt7209?api-version=2021-06-01-preview",
        "Pragma": "no-cache",
        "Retry-After": "50",
        "Server": [
          "Service-Bus-Resource-Provider/CH3",
          "Microsoft-HTTPAPI/2.0"
        ],
        "Server-SB": "Service-Bus-Resource-Provider/CH3",
        "Strict-Transport-Security": "max-age=31536000; includeSubDomains",
        "X-Content-Type-Options": "nosniff",
        "x-ms-client-request-id": "c9eb5abea89356b3bc1692797dea890f",
        "x-ms-correlation-request-id": "6a5cd93f-7693-44b4-92f2-751793e6c845",
        "x-ms-ratelimit-remaining-subscription-reads": "11951",
        "x-ms-request-id": "0ef27ee9-99e0-42dc-aa1f-d2fd7591a8d3_M4CH3_M4CH3",
        "x-ms-routing-request-id": "SOUTHEASTASIA:20211008T031512Z:6a5cd93f-7693-44b4-92f2-751793e6c845"
      },
      "ResponseBody": {
        "sku": {
          "name": "Standard",
          "tier": "Standard"
        },
        "id": "/subscriptions/db1ab6f0-4769-4b27-930e-01e2ef9c123c/resourceGroups/testservicebusRG-377/providers/Microsoft.ServiceBus/namespaces/testnamespacemgmt7209",
        "name": "testnamespacemgmt7209",
        "type": "Microsoft.ServiceBus/Namespaces",
        "location": "East US 2",
        "tags": {},
        "properties": {
          "disableLocalAuth": false,
          "zoneRedundant": false,
          "provisioningState": "Succeeded",
          "metricId": "db1ab6f0-4769-4b27-930e-01e2ef9c123c:testnamespacemgmt7209",
          "createdAt": "2021-10-08T03:14:07.263Z",
          "updatedAt": "2021-10-08T03:14:58.1Z",
          "serviceBusEndpoint": "https://testnamespacemgmt7209.servicebus.windows.net:443/",
          "status": "Removing"
        }
      }
    },
    {
      "RequestUri": "https://management.azure.com/subscriptions/db1ab6f0-4769-4b27-930e-01e2ef9c123c/resourceGroups/testservicebusRG-377/providers/Microsoft.ServiceBus/namespaces/testnamespacemgmt7209/operationresults/testnamespacemgmt7209?api-version=2021-06-01-preview",
      "RequestMethod": "GET",
      "RequestHeaders": {
        "Authorization": "Sanitized",
        "User-Agent": "azsdk-net-ResourceManager/1.0.0-beta.3 (.NET Framework 4.8.4300.0; Microsoft Windows 10.0.19043 )",
        "x-ms-client-request-id": "3554b82e6d964837af5f8a3773644740",
        "x-ms-return-client-request-id": "true"
      },
      "RequestBody": null,
      "StatusCode": 202,
      "ResponseHeaders": {
        "Cache-Control": "no-cache",
        "Content-Length": "652",
        "Content-Type": "application/json; charset=utf-8",
        "Date": "Fri, 08 Oct 2021 03:15:12 GMT",
        "Expires": "-1",
        "Location": "https://management.azure.com/subscriptions/db1ab6f0-4769-4b27-930e-01e2ef9c123c/resourceGroups/testservicebusRG-377/providers/Microsoft.ServiceBus/namespaces/testnamespacemgmt7209/operationresults/testnamespacemgmt7209?api-version=2021-06-01-preview",
        "Pragma": "no-cache",
        "Retry-After": "34",
        "Server": [
          "Service-Bus-Resource-Provider/CH3",
          "Microsoft-HTTPAPI/2.0"
        ],
        "Server-SB": "Service-Bus-Resource-Provider/CH3",
        "Strict-Transport-Security": "max-age=31536000; includeSubDomains",
        "X-Content-Type-Options": "nosniff",
        "x-ms-client-request-id": "3554b82e6d964837af5f8a3773644740",
        "x-ms-correlation-request-id": "b8f299d4-aab2-4ca0-92eb-336726fa7796",
        "x-ms-ratelimit-remaining-subscription-reads": "11950",
        "x-ms-request-id": "25cccd88-256c-4944-a5c6-17bfc0440b52_M4CH3_M4CH3",
        "x-ms-routing-request-id": "SOUTHEASTASIA:20211008T031513Z:b8f299d4-aab2-4ca0-92eb-336726fa7796"
      },
      "ResponseBody": {
        "sku": {
          "name": "Standard",
          "tier": "Standard"
        },
        "id": "/subscriptions/db1ab6f0-4769-4b27-930e-01e2ef9c123c/resourceGroups/testservicebusRG-377/providers/Microsoft.ServiceBus/namespaces/testnamespacemgmt7209",
        "name": "testnamespacemgmt7209",
        "type": "Microsoft.ServiceBus/Namespaces",
        "location": "East US 2",
        "tags": {},
        "properties": {
          "disableLocalAuth": false,
          "zoneRedundant": false,
          "provisioningState": "Succeeded",
          "metricId": "db1ab6f0-4769-4b27-930e-01e2ef9c123c:testnamespacemgmt7209",
          "createdAt": "2021-10-08T03:14:07.263Z",
          "updatedAt": "2021-10-08T03:14:58.1Z",
          "serviceBusEndpoint": "https://testnamespacemgmt7209.servicebus.windows.net:443/",
          "status": "Removing"
        }
      }
    },
    {
      "RequestUri": "https://management.azure.com/subscriptions/db1ab6f0-4769-4b27-930e-01e2ef9c123c/resourceGroups/testservicebusRG-377/providers/Microsoft.ServiceBus/namespaces/testnamespacemgmt7209/operationresults/testnamespacemgmt7209?api-version=2021-06-01-preview",
      "RequestMethod": "GET",
      "RequestHeaders": {
        "Authorization": "Sanitized",
        "User-Agent": "azsdk-net-ResourceManager/1.0.0-beta.3 (.NET Framework 4.8.4300.0; Microsoft Windows 10.0.19043 )",
        "x-ms-client-request-id": "7d27550fdf6d38c2eeb4b99751161e26",
        "x-ms-return-client-request-id": "true"
      },
      "RequestBody": null,
      "StatusCode": 202,
      "ResponseHeaders": {
        "Cache-Control": "no-cache",
        "Content-Length": "652",
        "Content-Type": "application/json; charset=utf-8",
        "Date": "Fri, 08 Oct 2021 03:15:14 GMT",
        "Expires": "-1",
        "Location": "https://management.azure.com/subscriptions/db1ab6f0-4769-4b27-930e-01e2ef9c123c/resourceGroups/testservicebusRG-377/providers/Microsoft.ServiceBus/namespaces/testnamespacemgmt7209/operationresults/testnamespacemgmt7209?api-version=2021-06-01-preview",
        "Pragma": "no-cache",
        "Retry-After": "57",
        "Server": [
          "Service-Bus-Resource-Provider/CH3",
          "Microsoft-HTTPAPI/2.0"
        ],
        "Server-SB": "Service-Bus-Resource-Provider/CH3",
        "Strict-Transport-Security": "max-age=31536000; includeSubDomains",
        "X-Content-Type-Options": "nosniff",
        "x-ms-client-request-id": "7d27550fdf6d38c2eeb4b99751161e26",
        "x-ms-correlation-request-id": "2bcc5c43-83a8-4760-867b-686c421bdb16",
        "x-ms-ratelimit-remaining-subscription-reads": "11949",
        "x-ms-request-id": "053ed70e-5604-437f-b7d3-cbe4f2cb12aa_M4CH3_M4CH3",
        "x-ms-routing-request-id": "SOUTHEASTASIA:20211008T031514Z:2bcc5c43-83a8-4760-867b-686c421bdb16"
      },
      "ResponseBody": {
        "sku": {
          "name": "Standard",
          "tier": "Standard"
        },
        "id": "/subscriptions/db1ab6f0-4769-4b27-930e-01e2ef9c123c/resourceGroups/testservicebusRG-377/providers/Microsoft.ServiceBus/namespaces/testnamespacemgmt7209",
        "name": "testnamespacemgmt7209",
        "type": "Microsoft.ServiceBus/Namespaces",
        "location": "East US 2",
        "tags": {},
        "properties": {
          "disableLocalAuth": false,
          "zoneRedundant": false,
          "provisioningState": "Succeeded",
          "metricId": "db1ab6f0-4769-4b27-930e-01e2ef9c123c:testnamespacemgmt7209",
          "createdAt": "2021-10-08T03:14:07.263Z",
          "updatedAt": "2021-10-08T03:14:58.1Z",
          "serviceBusEndpoint": "https://testnamespacemgmt7209.servicebus.windows.net:443/",
          "status": "Removing"
        }
      }
    },
    {
      "RequestUri": "https://management.azure.com/subscriptions/db1ab6f0-4769-4b27-930e-01e2ef9c123c/resourceGroups/testservicebusRG-377/providers/Microsoft.ServiceBus/namespaces/testnamespacemgmt7209/operationresults/testnamespacemgmt7209?api-version=2021-06-01-preview",
      "RequestMethod": "GET",
      "RequestHeaders": {
        "Authorization": "Sanitized",
        "User-Agent": "azsdk-net-ResourceManager/1.0.0-beta.3 (.NET Framework 4.8.4300.0; Microsoft Windows 10.0.19043 )",
        "x-ms-client-request-id": "80f7ae39519d502c23a319331e7be257",
        "x-ms-return-client-request-id": "true"
      },
      "RequestBody": null,
      "StatusCode": 202,
      "ResponseHeaders": {
        "Cache-Control": "no-cache",
        "Content-Length": "652",
        "Content-Type": "application/json; charset=utf-8",
        "Date": "Fri, 08 Oct 2021 03:15:15 GMT",
        "Expires": "-1",
        "Location": "https://management.azure.com/subscriptions/db1ab6f0-4769-4b27-930e-01e2ef9c123c/resourceGroups/testservicebusRG-377/providers/Microsoft.ServiceBus/namespaces/testnamespacemgmt7209/operationresults/testnamespacemgmt7209?api-version=2021-06-01-preview",
        "Pragma": "no-cache",
        "Retry-After": "56",
        "Server": [
          "Service-Bus-Resource-Provider/CH3",
          "Microsoft-HTTPAPI/2.0"
        ],
        "Server-SB": "Service-Bus-Resource-Provider/CH3",
        "Strict-Transport-Security": "max-age=31536000; includeSubDomains",
        "X-Content-Type-Options": "nosniff",
        "x-ms-client-request-id": "80f7ae39519d502c23a319331e7be257",
        "x-ms-correlation-request-id": "d89ca4de-38df-4e51-8412-891a2acf2a95",
        "x-ms-ratelimit-remaining-subscription-reads": "11948",
        "x-ms-request-id": "f35647f5-cae6-480b-a3f2-319a0457b823_M0CH3_M0CH3",
        "x-ms-routing-request-id": "SOUTHEASTASIA:20211008T031516Z:d89ca4de-38df-4e51-8412-891a2acf2a95"
      },
      "ResponseBody": {
        "sku": {
          "name": "Standard",
          "tier": "Standard"
        },
        "id": "/subscriptions/db1ab6f0-4769-4b27-930e-01e2ef9c123c/resourceGroups/testservicebusRG-377/providers/Microsoft.ServiceBus/namespaces/testnamespacemgmt7209",
        "name": "testnamespacemgmt7209",
        "type": "Microsoft.ServiceBus/Namespaces",
        "location": "East US 2",
        "tags": {},
        "properties": {
          "disableLocalAuth": false,
          "zoneRedundant": false,
          "provisioningState": "Succeeded",
          "metricId": "db1ab6f0-4769-4b27-930e-01e2ef9c123c:testnamespacemgmt7209",
          "createdAt": "2021-10-08T03:14:07.263Z",
          "updatedAt": "2021-10-08T03:14:58.1Z",
          "serviceBusEndpoint": "https://testnamespacemgmt7209.servicebus.windows.net:443/",
          "status": "Removing"
        }
      }
    },
    {
      "RequestUri": "https://management.azure.com/subscriptions/db1ab6f0-4769-4b27-930e-01e2ef9c123c/resourceGroups/testservicebusRG-377/providers/Microsoft.ServiceBus/namespaces/testnamespacemgmt7209/operationresults/testnamespacemgmt7209?api-version=2021-06-01-preview",
      "RequestMethod": "GET",
      "RequestHeaders": {
        "Authorization": "Sanitized",
        "User-Agent": "azsdk-net-ResourceManager/1.0.0-beta.3 (.NET Framework 4.8.4300.0; Microsoft Windows 10.0.19043 )",
        "x-ms-client-request-id": "286951ce0cc34fa2f51b46e1b39ff799",
        "x-ms-return-client-request-id": "true"
      },
      "RequestBody": null,
      "StatusCode": 202,
      "ResponseHeaders": {
        "Cache-Control": "no-cache",
        "Content-Length": "652",
        "Content-Type": "application/json; charset=utf-8",
        "Date": "Fri, 08 Oct 2021 03:15:17 GMT",
        "Expires": "-1",
        "Location": "https://management.azure.com/subscriptions/db1ab6f0-4769-4b27-930e-01e2ef9c123c/resourceGroups/testservicebusRG-377/providers/Microsoft.ServiceBus/namespaces/testnamespacemgmt7209/operationresults/testnamespacemgmt7209?api-version=2021-06-01-preview",
        "Pragma": "no-cache",
        "Retry-After": "44",
        "Server": [
          "Service-Bus-Resource-Provider/CH3",
          "Microsoft-HTTPAPI/2.0"
        ],
        "Server-SB": "Service-Bus-Resource-Provider/CH3",
        "Strict-Transport-Security": "max-age=31536000; includeSubDomains",
        "X-Content-Type-Options": "nosniff",
        "x-ms-client-request-id": "286951ce0cc34fa2f51b46e1b39ff799",
        "x-ms-correlation-request-id": "7eb06dfc-6996-4d35-a76d-397a00b070c3",
        "x-ms-ratelimit-remaining-subscription-reads": "11947",
        "x-ms-request-id": "a11b1261-d8f3-4648-8e1e-f541b4a14502_M9CH3_M9CH3",
        "x-ms-routing-request-id": "SOUTHEASTASIA:20211008T031518Z:7eb06dfc-6996-4d35-a76d-397a00b070c3"
      },
      "ResponseBody": {
        "sku": {
          "name": "Standard",
          "tier": "Standard"
        },
        "id": "/subscriptions/db1ab6f0-4769-4b27-930e-01e2ef9c123c/resourceGroups/testservicebusRG-377/providers/Microsoft.ServiceBus/namespaces/testnamespacemgmt7209",
        "name": "testnamespacemgmt7209",
        "type": "Microsoft.ServiceBus/Namespaces",
        "location": "East US 2",
        "tags": {},
        "properties": {
          "disableLocalAuth": false,
          "zoneRedundant": false,
          "provisioningState": "Succeeded",
          "metricId": "db1ab6f0-4769-4b27-930e-01e2ef9c123c:testnamespacemgmt7209",
          "createdAt": "2021-10-08T03:14:07.263Z",
          "updatedAt": "2021-10-08T03:14:58.1Z",
          "serviceBusEndpoint": "https://testnamespacemgmt7209.servicebus.windows.net:443/",
          "status": "Removing"
        }
      }
    },
    {
      "RequestUri": "https://management.azure.com/subscriptions/db1ab6f0-4769-4b27-930e-01e2ef9c123c/resourceGroups/testservicebusRG-377/providers/Microsoft.ServiceBus/namespaces/testnamespacemgmt7209/operationresults/testnamespacemgmt7209?api-version=2021-06-01-preview",
      "RequestMethod": "GET",
      "RequestHeaders": {
        "Authorization": "Sanitized",
        "User-Agent": "azsdk-net-ResourceManager/1.0.0-beta.3 (.NET Framework 4.8.4300.0; Microsoft Windows 10.0.19043 )",
        "x-ms-client-request-id": "c5fd6441c66dbea329d659cac58f1a73",
        "x-ms-return-client-request-id": "true"
      },
      "RequestBody": null,
      "StatusCode": 202,
      "ResponseHeaders": {
        "Cache-Control": "no-cache",
        "Content-Length": "652",
        "Content-Type": "application/json; charset=utf-8",
        "Date": "Fri, 08 Oct 2021 03:15:19 GMT",
        "Expires": "-1",
        "Location": "https://management.azure.com/subscriptions/db1ab6f0-4769-4b27-930e-01e2ef9c123c/resourceGroups/testservicebusRG-377/providers/Microsoft.ServiceBus/namespaces/testnamespacemgmt7209/operationresults/testnamespacemgmt7209?api-version=2021-06-01-preview",
        "Pragma": "no-cache",
        "Retry-After": "35",
        "Server": [
          "Service-Bus-Resource-Provider/CH3",
          "Microsoft-HTTPAPI/2.0"
        ],
        "Server-SB": "Service-Bus-Resource-Provider/CH3",
        "Strict-Transport-Security": "max-age=31536000; includeSubDomains",
        "X-Content-Type-Options": "nosniff",
        "x-ms-client-request-id": "c5fd6441c66dbea329d659cac58f1a73",
        "x-ms-correlation-request-id": "48a1fcf4-32bb-460a-9521-bdb39864c09a",
        "x-ms-ratelimit-remaining-subscription-reads": "11946",
        "x-ms-request-id": "d8e1d0c8-85e6-49f9-8837-112bb9e9d0d9_M1CH3_M1CH3",
        "x-ms-routing-request-id": "SOUTHEASTASIA:20211008T031520Z:48a1fcf4-32bb-460a-9521-bdb39864c09a"
      },
      "ResponseBody": {
        "sku": {
          "name": "Standard",
          "tier": "Standard"
        },
        "id": "/subscriptions/db1ab6f0-4769-4b27-930e-01e2ef9c123c/resourceGroups/testservicebusRG-377/providers/Microsoft.ServiceBus/namespaces/testnamespacemgmt7209",
        "name": "testnamespacemgmt7209",
        "type": "Microsoft.ServiceBus/Namespaces",
        "location": "East US 2",
        "tags": {},
        "properties": {
          "disableLocalAuth": false,
          "zoneRedundant": false,
          "provisioningState": "Succeeded",
          "metricId": "db1ab6f0-4769-4b27-930e-01e2ef9c123c:testnamespacemgmt7209",
          "createdAt": "2021-10-08T03:14:07.263Z",
          "updatedAt": "2021-10-08T03:14:58.1Z",
          "serviceBusEndpoint": "https://testnamespacemgmt7209.servicebus.windows.net:443/",
          "status": "Removing"
        }
      }
    },
    {
      "RequestUri": "https://management.azure.com/subscriptions/db1ab6f0-4769-4b27-930e-01e2ef9c123c/resourceGroups/testservicebusRG-377/providers/Microsoft.ServiceBus/namespaces/testnamespacemgmt7209/operationresults/testnamespacemgmt7209?api-version=2021-06-01-preview",
      "RequestMethod": "GET",
      "RequestHeaders": {
        "Authorization": "Sanitized",
        "User-Agent": "azsdk-net-ResourceManager/1.0.0-beta.3 (.NET Framework 4.8.4300.0; Microsoft Windows 10.0.19043 )",
        "x-ms-client-request-id": "ffc861d2f6ad2d620ca88a810b4a9c83",
        "x-ms-return-client-request-id": "true"
      },
      "RequestBody": null,
      "StatusCode": 202,
      "ResponseHeaders": {
        "Cache-Control": "no-cache",
        "Content-Length": "652",
        "Content-Type": "application/json; charset=utf-8",
        "Date": "Fri, 08 Oct 2021 03:15:21 GMT",
        "Expires": "-1",
        "Location": "https://management.azure.com/subscriptions/db1ab6f0-4769-4b27-930e-01e2ef9c123c/resourceGroups/testservicebusRG-377/providers/Microsoft.ServiceBus/namespaces/testnamespacemgmt7209/operationresults/testnamespacemgmt7209?api-version=2021-06-01-preview",
        "Pragma": "no-cache",
        "Retry-After": "54",
        "Server": [
          "Service-Bus-Resource-Provider/CH3",
          "Microsoft-HTTPAPI/2.0"
        ],
        "Server-SB": "Service-Bus-Resource-Provider/CH3",
        "Strict-Transport-Security": "max-age=31536000; includeSubDomains",
        "X-Content-Type-Options": "nosniff",
        "x-ms-client-request-id": "ffc861d2f6ad2d620ca88a810b4a9c83",
        "x-ms-correlation-request-id": "d72dd13e-e619-4a59-a669-b789c42c143a",
        "x-ms-ratelimit-remaining-subscription-reads": "11945",
        "x-ms-request-id": "122e81d5-9466-4503-b9fb-c53c3790796f_M10CH3_M10CH3",
        "x-ms-routing-request-id": "SOUTHEASTASIA:20211008T031522Z:d72dd13e-e619-4a59-a669-b789c42c143a"
      },
      "ResponseBody": {
        "sku": {
          "name": "Standard",
          "tier": "Standard"
        },
        "id": "/subscriptions/db1ab6f0-4769-4b27-930e-01e2ef9c123c/resourceGroups/testservicebusRG-377/providers/Microsoft.ServiceBus/namespaces/testnamespacemgmt7209",
        "name": "testnamespacemgmt7209",
        "type": "Microsoft.ServiceBus/Namespaces",
        "location": "East US 2",
        "tags": {},
        "properties": {
          "disableLocalAuth": false,
          "zoneRedundant": false,
          "provisioningState": "Succeeded",
          "metricId": "db1ab6f0-4769-4b27-930e-01e2ef9c123c:testnamespacemgmt7209",
          "createdAt": "2021-10-08T03:14:07.263Z",
          "updatedAt": "2021-10-08T03:14:58.1Z",
          "serviceBusEndpoint": "https://testnamespacemgmt7209.servicebus.windows.net:443/",
          "status": "Removing"
        }
      }
    },
    {
      "RequestUri": "https://management.azure.com/subscriptions/db1ab6f0-4769-4b27-930e-01e2ef9c123c/resourceGroups/testservicebusRG-377/providers/Microsoft.ServiceBus/namespaces/testnamespacemgmt7209/operationresults/testnamespacemgmt7209?api-version=2021-06-01-preview",
      "RequestMethod": "GET",
      "RequestHeaders": {
        "Authorization": "Sanitized",
        "User-Agent": "azsdk-net-ResourceManager/1.0.0-beta.3 (.NET Framework 4.8.4300.0; Microsoft Windows 10.0.19043 )",
        "x-ms-client-request-id": "b9f280ab1d7d08eaaeabffedb2d88966",
        "x-ms-return-client-request-id": "true"
      },
      "RequestBody": null,
      "StatusCode": 200,
      "ResponseHeaders": {
        "Cache-Control": "no-cache",
        "Content-Length": "0",
        "Date": "Fri, 08 Oct 2021 03:15:24 GMT",
        "Expires": "-1",
        "Pragma": "no-cache",
        "Server": [
          "Service-Bus-Resource-Provider/CH3",
          "Microsoft-HTTPAPI/2.0"
        ],
        "Server-SB": "Service-Bus-Resource-Provider/CH3",
        "Strict-Transport-Security": "max-age=31536000; includeSubDomains",
        "X-Content-Type-Options": "nosniff",
        "x-ms-client-request-id": "b9f280ab1d7d08eaaeabffedb2d88966",
        "x-ms-correlation-request-id": "94636036-e1a7-47d1-98ae-b1af863444e1",
        "x-ms-ratelimit-remaining-subscription-reads": "11944",
        "x-ms-request-id": "af329fec-1a5c-4894-9da2-f47d71840fe0_M0CH3_M0CH3",
        "x-ms-routing-request-id": "SOUTHEASTASIA:20211008T031524Z:94636036-e1a7-47d1-98ae-b1af863444e1"
      },
      "ResponseBody": []
    }
  ],
  "Variables": {
    "RandomSeed": "227956785",
    "RESOURCE_MANAGER_URL": null,
    "SUBSCRIPTION_ID": "db1ab6f0-4769-4b27-930e-01e2ef9c123c"
  }
}