{
  "Entries": [
    {
      "RequestUri": "https://chrissscratch.table.core.windows.net/Tables?$format=application%2Fjson%3Bodata%3Dfullmetadata",
      "RequestMethod": "POST",
      "RequestHeaders": {
        "Authorization": "Sanitized",
        "Content-Length": "33",
        "Content-Type": "application/json; odata=nometadata",
        "DataServiceVersion": "3.0",
        "traceparent": "00-94f10899512cb948a7184726fa79ea80-bb8f0ad166024740-00",
        "User-Agent": [
          "azsdk-net-Data.Tables/1.0.0-dev.20200713.1",
          "(.NET Core 4.6.28928.01; Microsoft Windows 10.0.18363 )"
        ],
        "x-ms-client-request-id": "920682454c6585bd56c73a03e3481303",
        "x-ms-date": "Tue, 14 Jul 2020 18:18:04 GMT",
        "x-ms-return-client-request-id": "true",
        "x-ms-version": "2019-02-02"
      },
      "RequestBody": {
        "TableName": "testtablen2cwy3yq"
      },
      "StatusCode": 201,
      "ResponseHeaders": {
        "Cache-Control": "no-cache",
        "Content-Type": "application/json; odata=fullmetadata; streaming=true; charset=utf-8",
        "Date": "Tue, 14 Jul 2020 18:18:04 GMT",
        "Location": "https://chrissscratch.table.core.windows.net/Tables(\u0027testtablen2cwy3yq\u0027)",
        "Server": [
          "Windows-Azure-Table/1.0",
          "Microsoft-HTTPAPI/2.0"
        ],
        "Transfer-Encoding": "chunked",
        "X-Content-Type-Options": "nosniff",
        "x-ms-client-request-id": "920682454c6585bd56c73a03e3481303",
        "x-ms-request-id": "3cf61864-e002-0080-5b0b-5a6742000000",
        "x-ms-version": "2019-02-02"
      },
      "ResponseBody": {
        "odata.metadata": "https://chrissscratch.table.core.windows.net/$metadata#Tables/@Element",
        "odata.type": "chrissscratch.Tables",
        "odata.id": "https://chrissscratch.table.core.windows.net/Tables(\u0027testtablen2cwy3yq\u0027)",
        "odata.editLink": "Tables(\u0027testtablen2cwy3yq\u0027)",
        "TableName": "testtablen2cwy3yq"
      }
    },
    {
      "RequestUri": "https://chrissscratch.table.core.windows.net/testtablen2cwy3yq?$format=application%2Fjson%3Bodata%3Dfullmetadata",
      "RequestMethod": "POST",
      "RequestHeaders": {
        "Authorization": "Sanitized",
        "Content-Length": "614",
        "Content-Type": "application/json; odata=nometadata",
        "DataServiceVersion": "3.0",
        "traceparent": "00-9dd43aa003909e4fb7189413835fdf4d-4a75fbf420c3094a-00",
        "User-Agent": [
          "azsdk-net-Data.Tables/1.0.0-dev.20200713.1",
          "(.NET Core 4.6.28928.01; Microsoft Windows 10.0.18363 )"
        ],
        "x-ms-client-request-id": "b5062e588e1b03a35f4ed273c2b14e07",
        "x-ms-date": "Tue, 14 Jul 2020 18:18:05 GMT",
        "x-ms-return-client-request-id": "true",
        "x-ms-version": "2019-02-02"
      },
      "RequestBody": {
        "PartitionKey": "somPartition",
        "RowKey": "01",
        "SomeStringProperty": "This is table entity number 01",
        "SomeDateProperty": "2020-01-01T01:02:00.0000000Z",
        "SomeDateProperty@odata.type": "Edm.DateTime",
        "SomeGuidProperty": "0d391d16-97f1-4b9a-be68-4cc871f90001",
        "SomeGuidProperty@odata.type": "Edm.Guid",
        "SomeBinaryProperty": "AQIDBAU=",
        "SomeBinaryProperty@odata.type": "Edm.Binary",
        "SomeInt64Property": "1",
        "SomeInt64Property@odata.type": "Edm.Int64",
        "SomeDoubleProperty0": 1,
        "SomeDoubleProperty0@odata.type": "Edm.Double",
        "SomeDoubleProperty1": 1.1000000000000001,
        "SomeDoubleProperty1@odata.type": "Edm.Double",
        "SomeIntProperty": 1
      },
      "StatusCode": 201,
      "ResponseHeaders": {
        "Cache-Control": "no-cache",
        "Content-Type": "application/json; odata=fullmetadata; streaming=true; charset=utf-8",
        "Date": "Tue, 14 Jul 2020 18:18:04 GMT",
        "ETag": "W/\u0022datetime\u00272020-07-14T18%3A18%3A04.8245863Z\u0027\u0022",
        "Location": "https://chrissscratch.table.core.windows.net/testtablen2cwy3yq(PartitionKey=\u0027somPartition\u0027,RowKey=\u002701\u0027)",
        "Server": [
          "Windows-Azure-Table/1.0",
          "Microsoft-HTTPAPI/2.0"
        ],
        "Transfer-Encoding": "chunked",
        "X-Content-Type-Options": "nosniff",
        "x-ms-client-request-id": "b5062e588e1b03a35f4ed273c2b14e07",
        "x-ms-request-id": "3cf6186d-e002-0080-610b-5a6742000000",
        "x-ms-version": "2019-02-02"
      },
      "ResponseBody": {
        "odata.metadata": "https://chrissscratch.table.core.windows.net/$metadata#testtablen2cwy3yq/@Element",
        "odata.type": "chrissscratch.testtablen2cwy3yq",
        "odata.id": "https://chrissscratch.table.core.windows.net/testtablen2cwy3yq(PartitionKey=\u0027somPartition\u0027,RowKey=\u002701\u0027)",
        "odata.etag": "W/\u0022datetime\u00272020-07-14T18%3A18%3A04.8245863Z\u0027\u0022",
        "odata.editLink": "testtablen2cwy3yq(PartitionKey=\u0027somPartition\u0027,RowKey=\u002701\u0027)",
        "PartitionKey": "somPartition",
        "RowKey": "01",
        "Timestamp@odata.type": "Edm.DateTime",
        "Timestamp": "2020-07-14T18:18:04.8245863Z",
        "SomeStringProperty": "This is table entity number 01",
        "SomeDateProperty@odata.type": "Edm.DateTime",
        "SomeDateProperty": "2020-01-01T01:02:00Z",
        "SomeGuidProperty@odata.type": "Edm.Guid",
        "SomeGuidProperty": "0d391d16-97f1-4b9a-be68-4cc871f90001",
        "SomeBinaryProperty@odata.type": "Edm.Binary",
        "SomeBinaryProperty": "AQIDBAU=",
        "SomeInt64Property@odata.type": "Edm.Int64",
        "SomeInt64Property": "1",
        "SomeDoubleProperty0": 1.0,
        "SomeDoubleProperty1": 1.1,
        "SomeIntProperty": 1
      }
    },
    {
      "RequestUri": "https://chrissscratch.table.core.windows.net/testtablen2cwy3yq?$format=application%2Fjson%3Bodata%3Dfullmetadata",
      "RequestMethod": "POST",
      "RequestHeaders": {
        "Authorization": "Sanitized",
        "Content-Length": "614",
        "Content-Type": "application/json; odata=nometadata",
        "DataServiceVersion": "3.0",
        "traceparent": "00-d45793701b1cbc4b8a46529e5a24ce5d-dfa0ca4a6ee72942-00",
        "User-Agent": [
          "azsdk-net-Data.Tables/1.0.0-dev.20200713.1",
          "(.NET Core 4.6.28928.01; Microsoft Windows 10.0.18363 )"
        ],
        "x-ms-client-request-id": "f5b698e19ce660902b518ffec25a15b2",
        "x-ms-date": "Tue, 14 Jul 2020 18:18:05 GMT",
        "x-ms-return-client-request-id": "true",
        "x-ms-version": "2019-02-02"
      },
      "RequestBody": {
        "PartitionKey": "somPartition",
        "RowKey": "02",
        "SomeStringProperty": "This is table entity number 02",
        "SomeDateProperty": "2020-01-01T01:03:00.0000000Z",
        "SomeDateProperty@odata.type": "Edm.DateTime",
        "SomeGuidProperty": "0d391d16-97f1-4b9a-be68-4cc871f90002",
        "SomeGuidProperty@odata.type": "Edm.Guid",
        "SomeBinaryProperty": "AQIDBAU=",
        "SomeBinaryProperty@odata.type": "Edm.Binary",
        "SomeInt64Property": "2",
        "SomeInt64Property@odata.type": "Edm.Int64",
        "SomeDoubleProperty0": 2,
        "SomeDoubleProperty0@odata.type": "Edm.Double",
        "SomeDoubleProperty1": 2.1000000000000001,
        "SomeDoubleProperty1@odata.type": "Edm.Double",
        "SomeIntProperty": 2
      },
      "StatusCode": 201,
      "ResponseHeaders": {
        "Cache-Control": "no-cache",
        "Content-Type": "application/json; odata=fullmetadata; streaming=true; charset=utf-8",
        "Date": "Tue, 14 Jul 2020 18:18:04 GMT",
        "ETag": "W/\u0022datetime\u00272020-07-14T18%3A18%3A04.8686233Z\u0027\u0022",
        "Location": "https://chrissscratch.table.core.windows.net/testtablen2cwy3yq(PartitionKey=\u0027somPartition\u0027,RowKey=\u002702\u0027)",
        "Server": [
          "Windows-Azure-Table/1.0",
          "Microsoft-HTTPAPI/2.0"
        ],
        "Transfer-Encoding": "chunked",
        "X-Content-Type-Options": "nosniff",
        "x-ms-client-request-id": "f5b698e19ce660902b518ffec25a15b2",
        "x-ms-request-id": "3cf61877-e002-0080-670b-5a6742000000",
        "x-ms-version": "2019-02-02"
      },
      "ResponseBody": {
        "odata.metadata": "https://chrissscratch.table.core.windows.net/$metadata#testtablen2cwy3yq/@Element",
        "odata.type": "chrissscratch.testtablen2cwy3yq",
        "odata.id": "https://chrissscratch.table.core.windows.net/testtablen2cwy3yq(PartitionKey=\u0027somPartition\u0027,RowKey=\u002702\u0027)",
        "odata.etag": "W/\u0022datetime\u00272020-07-14T18%3A18%3A04.8686233Z\u0027\u0022",
        "odata.editLink": "testtablen2cwy3yq(PartitionKey=\u0027somPartition\u0027,RowKey=\u002702\u0027)",
        "PartitionKey": "somPartition",
        "RowKey": "02",
        "Timestamp@odata.type": "Edm.DateTime",
        "Timestamp": "2020-07-14T18:18:04.8686233Z",
        "SomeStringProperty": "This is table entity number 02",
        "SomeDateProperty@odata.type": "Edm.DateTime",
        "SomeDateProperty": "2020-01-01T01:03:00Z",
        "SomeGuidProperty@odata.type": "Edm.Guid",
        "SomeGuidProperty": "0d391d16-97f1-4b9a-be68-4cc871f90002",
        "SomeBinaryProperty@odata.type": "Edm.Binary",
        "SomeBinaryProperty": "AQIDBAU=",
        "SomeInt64Property@odata.type": "Edm.Int64",
        "SomeInt64Property": "2",
        "SomeDoubleProperty0": 2.0,
        "SomeDoubleProperty1": 2.1,
        "SomeIntProperty": 2
      }
    },
    {
      "RequestUri": "https://chrissscratch.table.core.windows.net/testtablen2cwy3yq?$format=application%2Fjson%3Bodata%3Dfullmetadata",
      "RequestMethod": "POST",
      "RequestHeaders": {
        "Authorization": "Sanitized",
        "Content-Length": "614",
        "Content-Type": "application/json; odata=nometadata",
        "DataServiceVersion": "3.0",
        "traceparent": "00-c4d401ba30a3b44b9f77c4ce108db6cc-871aa6f8a729714f-00",
        "User-Agent": [
          "azsdk-net-Data.Tables/1.0.0-dev.20200713.1",
          "(.NET Core 4.6.28928.01; Microsoft Windows 10.0.18363 )"
        ],
        "x-ms-client-request-id": "10f6237ce0ffb6c8df0332177a4ac2a5",
        "x-ms-date": "Tue, 14 Jul 2020 18:18:05 GMT",
        "x-ms-return-client-request-id": "true",
        "x-ms-version": "2019-02-02"
      },
      "RequestBody": {
        "PartitionKey": "somPartition",
        "RowKey": "03",
        "SomeStringProperty": "This is table entity number 03",
        "SomeDateProperty": "2020-01-01T01:04:00.0000000Z",
        "SomeDateProperty@odata.type": "Edm.DateTime",
        "SomeGuidProperty": "0d391d16-97f1-4b9a-be68-4cc871f90003",
        "SomeGuidProperty@odata.type": "Edm.Guid",
        "SomeBinaryProperty": "AQIDBAU=",
        "SomeBinaryProperty@odata.type": "Edm.Binary",
        "SomeInt64Property": "3",
        "SomeInt64Property@odata.type": "Edm.Int64",
        "SomeDoubleProperty0": 3,
        "SomeDoubleProperty0@odata.type": "Edm.Double",
        "SomeDoubleProperty1": 3.1000000000000001,
        "SomeDoubleProperty1@odata.type": "Edm.Double",
        "SomeIntProperty": 3
      },
      "StatusCode": 201,
      "ResponseHeaders": {
        "Cache-Control": "no-cache",
        "Content-Type": "application/json; odata=fullmetadata; streaming=true; charset=utf-8",
        "Date": "Tue, 14 Jul 2020 18:18:04 GMT",
        "ETag": "W/\u0022datetime\u00272020-07-14T18%3A18%3A04.9206664Z\u0027\u0022",
        "Location": "https://chrissscratch.table.core.windows.net/testtablen2cwy3yq(PartitionKey=\u0027somPartition\u0027,RowKey=\u002703\u0027)",
        "Server": [
          "Windows-Azure-Table/1.0",
          "Microsoft-HTTPAPI/2.0"
        ],
        "Transfer-Encoding": "chunked",
        "X-Content-Type-Options": "nosniff",
        "x-ms-client-request-id": "10f6237ce0ffb6c8df0332177a4ac2a5",
        "x-ms-request-id": "3cf6187f-e002-0080-6f0b-5a6742000000",
        "x-ms-version": "2019-02-02"
      },
      "ResponseBody": {
        "odata.metadata": "https://chrissscratch.table.core.windows.net/$metadata#testtablen2cwy3yq/@Element",
        "odata.type": "chrissscratch.testtablen2cwy3yq",
        "odata.id": "https://chrissscratch.table.core.windows.net/testtablen2cwy3yq(PartitionKey=\u0027somPartition\u0027,RowKey=\u002703\u0027)",
        "odata.etag": "W/\u0022datetime\u00272020-07-14T18%3A18%3A04.9206664Z\u0027\u0022",
        "odata.editLink": "testtablen2cwy3yq(PartitionKey=\u0027somPartition\u0027,RowKey=\u002703\u0027)",
        "PartitionKey": "somPartition",
        "RowKey": "03",
        "Timestamp@odata.type": "Edm.DateTime",
        "Timestamp": "2020-07-14T18:18:04.9206664Z",
        "SomeStringProperty": "This is table entity number 03",
        "SomeDateProperty@odata.type": "Edm.DateTime",
        "SomeDateProperty": "2020-01-01T01:04:00Z",
        "SomeGuidProperty@odata.type": "Edm.Guid",
        "SomeGuidProperty": "0d391d16-97f1-4b9a-be68-4cc871f90003",
        "SomeBinaryProperty@odata.type": "Edm.Binary",
        "SomeBinaryProperty": "AQIDBAU=",
        "SomeInt64Property@odata.type": "Edm.Int64",
        "SomeInt64Property": "3",
        "SomeDoubleProperty0": 3.0,
        "SomeDoubleProperty1": 3.1,
        "SomeIntProperty": 3
      }
    },
    {
      "RequestUri": "https://chrissscratch.table.core.windows.net/testtablen2cwy3yq?$format=application%2Fjson%3Bodata%3Dfullmetadata",
      "RequestMethod": "POST",
      "RequestHeaders": {
        "Authorization": "Sanitized",
        "Content-Length": "614",
        "Content-Type": "application/json; odata=nometadata",
        "DataServiceVersion": "3.0",
        "traceparent": "00-798ee9c8e2d2a34098e8a911394607d0-47191100a68c8f4b-00",
        "User-Agent": [
          "azsdk-net-Data.Tables/1.0.0-dev.20200713.1",
          "(.NET Core 4.6.28928.01; Microsoft Windows 10.0.18363 )"
        ],
        "x-ms-client-request-id": "4b2133791d92bb1d9da68acaffa44105",
        "x-ms-date": "Tue, 14 Jul 2020 18:18:05 GMT",
        "x-ms-return-client-request-id": "true",
        "x-ms-version": "2019-02-02"
      },
      "RequestBody": {
        "PartitionKey": "somPartition",
        "RowKey": "04",
        "SomeStringProperty": "This is table entity number 04",
        "SomeDateProperty": "2020-01-01T01:05:00.0000000Z",
        "SomeDateProperty@odata.type": "Edm.DateTime",
        "SomeGuidProperty": "0d391d16-97f1-4b9a-be68-4cc871f90004",
        "SomeGuidProperty@odata.type": "Edm.Guid",
        "SomeBinaryProperty": "AQIDBAU=",
        "SomeBinaryProperty@odata.type": "Edm.Binary",
        "SomeInt64Property": "4",
        "SomeInt64Property@odata.type": "Edm.Int64",
        "SomeDoubleProperty0": 4,
        "SomeDoubleProperty0@odata.type": "Edm.Double",
        "SomeDoubleProperty1": 4.0999999999999996,
        "SomeDoubleProperty1@odata.type": "Edm.Double",
        "SomeIntProperty": 4
      },
      "StatusCode": 201,
      "ResponseHeaders": {
        "Cache-Control": "no-cache",
        "Content-Type": "application/json; odata=fullmetadata; streaming=true; charset=utf-8",
        "Date": "Tue, 14 Jul 2020 18:18:04 GMT",
        "ETag": "W/\u0022datetime\u00272020-07-14T18%3A18%3A04.9637021Z\u0027\u0022",
        "Location": "https://chrissscratch.table.core.windows.net/testtablen2cwy3yq(PartitionKey=\u0027somPartition\u0027,RowKey=\u002704\u0027)",
        "Server": [
          "Windows-Azure-Table/1.0",
          "Microsoft-HTTPAPI/2.0"
        ],
        "Transfer-Encoding": "chunked",
        "X-Content-Type-Options": "nosniff",
        "x-ms-client-request-id": "4b2133791d92bb1d9da68acaffa44105",
        "x-ms-request-id": "3cf61884-e002-0080-740b-5a6742000000",
        "x-ms-version": "2019-02-02"
      },
      "ResponseBody": {
        "odata.metadata": "https://chrissscratch.table.core.windows.net/$metadata#testtablen2cwy3yq/@Element",
        "odata.type": "chrissscratch.testtablen2cwy3yq",
        "odata.id": "https://chrissscratch.table.core.windows.net/testtablen2cwy3yq(PartitionKey=\u0027somPartition\u0027,RowKey=\u002704\u0027)",
        "odata.etag": "W/\u0022datetime\u00272020-07-14T18%3A18%3A04.9637021Z\u0027\u0022",
        "odata.editLink": "testtablen2cwy3yq(PartitionKey=\u0027somPartition\u0027,RowKey=\u002704\u0027)",
        "PartitionKey": "somPartition",
        "RowKey": "04",
        "Timestamp@odata.type": "Edm.DateTime",
        "Timestamp": "2020-07-14T18:18:04.9637021Z",
        "SomeStringProperty": "This is table entity number 04",
        "SomeDateProperty@odata.type": "Edm.DateTime",
        "SomeDateProperty": "2020-01-01T01:05:00Z",
        "SomeGuidProperty@odata.type": "Edm.Guid",
        "SomeGuidProperty": "0d391d16-97f1-4b9a-be68-4cc871f90004",
        "SomeBinaryProperty@odata.type": "Edm.Binary",
        "SomeBinaryProperty": "AQIDBAU=",
        "SomeInt64Property@odata.type": "Edm.Int64",
        "SomeInt64Property": "4",
        "SomeDoubleProperty0": 4.0,
        "SomeDoubleProperty1": 4.1,
        "SomeIntProperty": 4
      }
    },
    {
      "RequestUri": "https://chrissscratch.table.core.windows.net/testtablen2cwy3yq?$format=application%2Fjson%3Bodata%3Dfullmetadata",
      "RequestMethod": "POST",
      "RequestHeaders": {
        "Authorization": "Sanitized",
        "Content-Length": "614",
        "Content-Type": "application/json; odata=nometadata",
        "DataServiceVersion": "3.0",
        "traceparent": "00-d0294451c960ff46a8bc4c5aea43d340-9f179fc0d1d4d44f-00",
        "User-Agent": [
          "azsdk-net-Data.Tables/1.0.0-dev.20200713.1",
          "(.NET Core 4.6.28928.01; Microsoft Windows 10.0.18363 )"
        ],
        "x-ms-client-request-id": "9ff61f393dba0107d0ff16e36a79e6e0",
        "x-ms-date": "Tue, 14 Jul 2020 18:18:05 GMT",
        "x-ms-return-client-request-id": "true",
        "x-ms-version": "2019-02-02"
      },
      "RequestBody": {
        "PartitionKey": "somPartition",
        "RowKey": "05",
        "SomeStringProperty": "This is table entity number 05",
        "SomeDateProperty": "2020-01-01T01:06:00.0000000Z",
        "SomeDateProperty@odata.type": "Edm.DateTime",
        "SomeGuidProperty": "0d391d16-97f1-4b9a-be68-4cc871f90005",
        "SomeGuidProperty@odata.type": "Edm.Guid",
        "SomeBinaryProperty": "AQIDBAU=",
        "SomeBinaryProperty@odata.type": "Edm.Binary",
        "SomeInt64Property": "5",
        "SomeInt64Property@odata.type": "Edm.Int64",
        "SomeDoubleProperty0": 5,
        "SomeDoubleProperty0@odata.type": "Edm.Double",
        "SomeDoubleProperty1": 5.0999999999999996,
        "SomeDoubleProperty1@odata.type": "Edm.Double",
        "SomeIntProperty": 5
      },
      "StatusCode": 201,
      "ResponseHeaders": {
        "Cache-Control": "no-cache",
        "Content-Type": "application/json; odata=fullmetadata; streaming=true; charset=utf-8",
        "Date": "Tue, 14 Jul 2020 18:18:04 GMT",
        "ETag": "W/\u0022datetime\u00272020-07-14T18%3A18%3A05.0067382Z\u0027\u0022",
        "Location": "https://chrissscratch.table.core.windows.net/testtablen2cwy3yq(PartitionKey=\u0027somPartition\u0027,RowKey=\u002705\u0027)",
        "Server": [
          "Windows-Azure-Table/1.0",
          "Microsoft-HTTPAPI/2.0"
        ],
        "Transfer-Encoding": "chunked",
        "X-Content-Type-Options": "nosniff",
        "x-ms-client-request-id": "9ff61f393dba0107d0ff16e36a79e6e0",
        "x-ms-request-id": "3cf61891-e002-0080-7d0b-5a6742000000",
        "x-ms-version": "2019-02-02"
      },
      "ResponseBody": {
        "odata.metadata": "https://chrissscratch.table.core.windows.net/$metadata#testtablen2cwy3yq/@Element",
        "odata.type": "chrissscratch.testtablen2cwy3yq",
        "odata.id": "https://chrissscratch.table.core.windows.net/testtablen2cwy3yq(PartitionKey=\u0027somPartition\u0027,RowKey=\u002705\u0027)",
        "odata.etag": "W/\u0022datetime\u00272020-07-14T18%3A18%3A05.0067382Z\u0027\u0022",
        "odata.editLink": "testtablen2cwy3yq(PartitionKey=\u0027somPartition\u0027,RowKey=\u002705\u0027)",
        "PartitionKey": "somPartition",
        "RowKey": "05",
        "Timestamp@odata.type": "Edm.DateTime",
        "Timestamp": "2020-07-14T18:18:05.0067382Z",
        "SomeStringProperty": "This is table entity number 05",
        "SomeDateProperty@odata.type": "Edm.DateTime",
        "SomeDateProperty": "2020-01-01T01:06:00Z",
        "SomeGuidProperty@odata.type": "Edm.Guid",
        "SomeGuidProperty": "0d391d16-97f1-4b9a-be68-4cc871f90005",
        "SomeBinaryProperty@odata.type": "Edm.Binary",
        "SomeBinaryProperty": "AQIDBAU=",
        "SomeInt64Property@odata.type": "Edm.Int64",
        "SomeInt64Property": "5",
        "SomeDoubleProperty0": 5.0,
        "SomeDoubleProperty1": 5.1,
        "SomeIntProperty": 5
      }
    },
    {
      "RequestUri": "https://chrissscratch.table.core.windows.net/testtablen2cwy3yq?$format=application%2Fjson%3Bodata%3Dfullmetadata",
      "RequestMethod": "POST",
      "RequestHeaders": {
        "Authorization": "Sanitized",
        "Content-Length": "614",
        "Content-Type": "application/json; odata=nometadata",
        "DataServiceVersion": "3.0",
        "traceparent": "00-b118536ad039a644a72e698b54f262ed-e3e836f8be59c444-00",
        "User-Agent": [
          "azsdk-net-Data.Tables/1.0.0-dev.20200713.1",
          "(.NET Core 4.6.28928.01; Microsoft Windows 10.0.18363 )"
        ],
        "x-ms-client-request-id": "8e84e98ec9385f20063b725955feb73a",
        "x-ms-date": "Tue, 14 Jul 2020 18:18:05 GMT",
        "x-ms-return-client-request-id": "true",
        "x-ms-version": "2019-02-02"
      },
      "RequestBody": {
        "PartitionKey": "somPartition",
        "RowKey": "06",
        "SomeStringProperty": "This is table entity number 06",
        "SomeDateProperty": "2020-01-01T01:07:00.0000000Z",
        "SomeDateProperty@odata.type": "Edm.DateTime",
        "SomeGuidProperty": "0d391d16-97f1-4b9a-be68-4cc871f90006",
        "SomeGuidProperty@odata.type": "Edm.Guid",
        "SomeBinaryProperty": "AQIDBAU=",
        "SomeBinaryProperty@odata.type": "Edm.Binary",
        "SomeInt64Property": "6",
        "SomeInt64Property@odata.type": "Edm.Int64",
        "SomeDoubleProperty0": 6,
        "SomeDoubleProperty0@odata.type": "Edm.Double",
        "SomeDoubleProperty1": 6.0999999999999996,
        "SomeDoubleProperty1@odata.type": "Edm.Double",
        "SomeIntProperty": 6
      },
      "StatusCode": 201,
      "ResponseHeaders": {
        "Cache-Control": "no-cache",
        "Content-Type": "application/json; odata=fullmetadata; streaming=true; charset=utf-8",
        "Date": "Tue, 14 Jul 2020 18:18:04 GMT",
        "ETag": "W/\u0022datetime\u00272020-07-14T18%3A18%3A05.0517756Z\u0027\u0022",
        "Location": "https://chrissscratch.table.core.windows.net/testtablen2cwy3yq(PartitionKey=\u0027somPartition\u0027,RowKey=\u002706\u0027)",
        "Server": [
          "Windows-Azure-Table/1.0",
          "Microsoft-HTTPAPI/2.0"
        ],
        "Transfer-Encoding": "chunked",
        "X-Content-Type-Options": "nosniff",
        "x-ms-client-request-id": "8e84e98ec9385f20063b725955feb73a",
        "x-ms-request-id": "3cf618a7-e002-0080-0c0b-5a6742000000",
        "x-ms-version": "2019-02-02"
      },
      "ResponseBody": {
        "odata.metadata": "https://chrissscratch.table.core.windows.net/$metadata#testtablen2cwy3yq/@Element",
        "odata.type": "chrissscratch.testtablen2cwy3yq",
        "odata.id": "https://chrissscratch.table.core.windows.net/testtablen2cwy3yq(PartitionKey=\u0027somPartition\u0027,RowKey=\u002706\u0027)",
        "odata.etag": "W/\u0022datetime\u00272020-07-14T18%3A18%3A05.0517756Z\u0027\u0022",
        "odata.editLink": "testtablen2cwy3yq(PartitionKey=\u0027somPartition\u0027,RowKey=\u002706\u0027)",
        "PartitionKey": "somPartition",
        "RowKey": "06",
        "Timestamp@odata.type": "Edm.DateTime",
        "Timestamp": "2020-07-14T18:18:05.0517756Z",
        "SomeStringProperty": "This is table entity number 06",
        "SomeDateProperty@odata.type": "Edm.DateTime",
        "SomeDateProperty": "2020-01-01T01:07:00Z",
        "SomeGuidProperty@odata.type": "Edm.Guid",
        "SomeGuidProperty": "0d391d16-97f1-4b9a-be68-4cc871f90006",
        "SomeBinaryProperty@odata.type": "Edm.Binary",
        "SomeBinaryProperty": "AQIDBAU=",
        "SomeInt64Property@odata.type": "Edm.Int64",
        "SomeInt64Property": "6",
        "SomeDoubleProperty0": 6.0,
        "SomeDoubleProperty1": 6.1,
        "SomeIntProperty": 6
      }
    },
    {
      "RequestUri": "https://chrissscratch.table.core.windows.net/testtablen2cwy3yq?$format=application%2Fjson%3Bodata%3Dfullmetadata",
      "RequestMethod": "POST",
      "RequestHeaders": {
        "Authorization": "Sanitized",
        "Content-Length": "614",
        "Content-Type": "application/json; odata=nometadata",
        "DataServiceVersion": "3.0",
        "traceparent": "00-2b1572d99fc34f4bbfa62d99d8cb9ed2-4e8da2f16b283d41-00",
        "User-Agent": [
          "azsdk-net-Data.Tables/1.0.0-dev.20200713.1",
          "(.NET Core 4.6.28928.01; Microsoft Windows 10.0.18363 )"
        ],
        "x-ms-client-request-id": "5ade2dc123533bea2c207b9206395124",
        "x-ms-date": "Tue, 14 Jul 2020 18:18:05 GMT",
        "x-ms-return-client-request-id": "true",
        "x-ms-version": "2019-02-02"
      },
      "RequestBody": {
        "PartitionKey": "somPartition",
        "RowKey": "07",
        "SomeStringProperty": "This is table entity number 07",
        "SomeDateProperty": "2020-01-01T01:08:00.0000000Z",
        "SomeDateProperty@odata.type": "Edm.DateTime",
        "SomeGuidProperty": "0d391d16-97f1-4b9a-be68-4cc871f90007",
        "SomeGuidProperty@odata.type": "Edm.Guid",
        "SomeBinaryProperty": "AQIDBAU=",
        "SomeBinaryProperty@odata.type": "Edm.Binary",
        "SomeInt64Property": "7",
        "SomeInt64Property@odata.type": "Edm.Int64",
        "SomeDoubleProperty0": 7,
        "SomeDoubleProperty0@odata.type": "Edm.Double",
        "SomeDoubleProperty1": 7.0999999999999996,
        "SomeDoubleProperty1@odata.type": "Edm.Double",
        "SomeIntProperty": 7
      },
      "StatusCode": 201,
      "ResponseHeaders": {
        "Cache-Control": "no-cache",
        "Content-Type": "application/json; odata=fullmetadata; streaming=true; charset=utf-8",
        "Date": "Tue, 14 Jul 2020 18:18:04 GMT",
        "ETag": "W/\u0022datetime\u00272020-07-14T18%3A18%3A05.0968121Z\u0027\u0022",
        "Location": "https://chrissscratch.table.core.windows.net/testtablen2cwy3yq(PartitionKey=\u0027somPartition\u0027,RowKey=\u002707\u0027)",
        "Server": [
          "Windows-Azure-Table/1.0",
          "Microsoft-HTTPAPI/2.0"
        ],
        "Transfer-Encoding": "chunked",
        "X-Content-Type-Options": "nosniff",
        "x-ms-client-request-id": "5ade2dc123533bea2c207b9206395124",
        "x-ms-request-id": "3cf618b2-e002-0080-150b-5a6742000000",
        "x-ms-version": "2019-02-02"
      },
      "ResponseBody": {
        "odata.metadata": "https://chrissscratch.table.core.windows.net/$metadata#testtablen2cwy3yq/@Element",
        "odata.type": "chrissscratch.testtablen2cwy3yq",
        "odata.id": "https://chrissscratch.table.core.windows.net/testtablen2cwy3yq(PartitionKey=\u0027somPartition\u0027,RowKey=\u002707\u0027)",
        "odata.etag": "W/\u0022datetime\u00272020-07-14T18%3A18%3A05.0968121Z\u0027\u0022",
        "odata.editLink": "testtablen2cwy3yq(PartitionKey=\u0027somPartition\u0027,RowKey=\u002707\u0027)",
        "PartitionKey": "somPartition",
        "RowKey": "07",
        "Timestamp@odata.type": "Edm.DateTime",
        "Timestamp": "2020-07-14T18:18:05.0968121Z",
        "SomeStringProperty": "This is table entity number 07",
        "SomeDateProperty@odata.type": "Edm.DateTime",
        "SomeDateProperty": "2020-01-01T01:08:00Z",
        "SomeGuidProperty@odata.type": "Edm.Guid",
        "SomeGuidProperty": "0d391d16-97f1-4b9a-be68-4cc871f90007",
        "SomeBinaryProperty@odata.type": "Edm.Binary",
        "SomeBinaryProperty": "AQIDBAU=",
        "SomeInt64Property@odata.type": "Edm.Int64",
        "SomeInt64Property": "7",
        "SomeDoubleProperty0": 7.0,
        "SomeDoubleProperty1": 7.1,
        "SomeIntProperty": 7
      }
    },
    {
      "RequestUri": "https://chrissscratch.table.core.windows.net/testtablen2cwy3yq?$format=application%2Fjson%3Bodata%3Dfullmetadata",
      "RequestMethod": "POST",
      "RequestHeaders": {
        "Authorization": "Sanitized",
        "Content-Length": "614",
        "Content-Type": "application/json; odata=nometadata",
        "DataServiceVersion": "3.0",
        "traceparent": "00-376eb628deb5984b874853c3a8e69f36-885bd3bf00b8a848-00",
        "User-Agent": [
          "azsdk-net-Data.Tables/1.0.0-dev.20200713.1",
          "(.NET Core 4.6.28928.01; Microsoft Windows 10.0.18363 )"
        ],
        "x-ms-client-request-id": "153ba9c0b31f6fccff97997fcbaeabd2",
        "x-ms-date": "Tue, 14 Jul 2020 18:18:05 GMT",
        "x-ms-return-client-request-id": "true",
        "x-ms-version": "2019-02-02"
      },
      "RequestBody": {
        "PartitionKey": "somPartition",
        "RowKey": "08",
        "SomeStringProperty": "This is table entity number 08",
        "SomeDateProperty": "2020-01-01T01:09:00.0000000Z",
        "SomeDateProperty@odata.type": "Edm.DateTime",
        "SomeGuidProperty": "0d391d16-97f1-4b9a-be68-4cc871f90008",
        "SomeGuidProperty@odata.type": "Edm.Guid",
        "SomeBinaryProperty": "AQIDBAU=",
        "SomeBinaryProperty@odata.type": "Edm.Binary",
        "SomeInt64Property": "8",
        "SomeInt64Property@odata.type": "Edm.Int64",
        "SomeDoubleProperty0": 8,
        "SomeDoubleProperty0@odata.type": "Edm.Double",
        "SomeDoubleProperty1": 8.0999999999999996,
        "SomeDoubleProperty1@odata.type": "Edm.Double",
        "SomeIntProperty": 8
      },
      "StatusCode": 201,
      "ResponseHeaders": {
        "Cache-Control": "no-cache",
        "Content-Type": "application/json; odata=fullmetadata; streaming=true; charset=utf-8",
        "Date": "Tue, 14 Jul 2020 18:18:04 GMT",
        "ETag": "W/\u0022datetime\u00272020-07-14T18%3A18%3A05.1428507Z\u0027\u0022",
        "Location": "https://chrissscratch.table.core.windows.net/testtablen2cwy3yq(PartitionKey=\u0027somPartition\u0027,RowKey=\u002708\u0027)",
        "Server": [
          "Windows-Azure-Table/1.0",
          "Microsoft-HTTPAPI/2.0"
        ],
        "Transfer-Encoding": "chunked",
        "X-Content-Type-Options": "nosniff",
        "x-ms-client-request-id": "153ba9c0b31f6fccff97997fcbaeabd2",
        "x-ms-request-id": "3cf618b5-e002-0080-180b-5a6742000000",
        "x-ms-version": "2019-02-02"
      },
      "ResponseBody": {
        "odata.metadata": "https://chrissscratch.table.core.windows.net/$metadata#testtablen2cwy3yq/@Element",
        "odata.type": "chrissscratch.testtablen2cwy3yq",
        "odata.id": "https://chrissscratch.table.core.windows.net/testtablen2cwy3yq(PartitionKey=\u0027somPartition\u0027,RowKey=\u002708\u0027)",
        "odata.etag": "W/\u0022datetime\u00272020-07-14T18%3A18%3A05.1428507Z\u0027\u0022",
        "odata.editLink": "testtablen2cwy3yq(PartitionKey=\u0027somPartition\u0027,RowKey=\u002708\u0027)",
        "PartitionKey": "somPartition",
        "RowKey": "08",
        "Timestamp@odata.type": "Edm.DateTime",
        "Timestamp": "2020-07-14T18:18:05.1428507Z",
        "SomeStringProperty": "This is table entity number 08",
        "SomeDateProperty@odata.type": "Edm.DateTime",
        "SomeDateProperty": "2020-01-01T01:09:00Z",
        "SomeGuidProperty@odata.type": "Edm.Guid",
        "SomeGuidProperty": "0d391d16-97f1-4b9a-be68-4cc871f90008",
        "SomeBinaryProperty@odata.type": "Edm.Binary",
        "SomeBinaryProperty": "AQIDBAU=",
        "SomeInt64Property@odata.type": "Edm.Int64",
        "SomeInt64Property": "8",
        "SomeDoubleProperty0": 8.0,
        "SomeDoubleProperty1": 8.1,
        "SomeIntProperty": 8
      }
    },
    {
      "RequestUri": "https://chrissscratch.table.core.windows.net/testtablen2cwy3yq?$format=application%2Fjson%3Bodata%3Dfullmetadata",
      "RequestMethod": "POST",
      "RequestHeaders": {
        "Authorization": "Sanitized",
        "Content-Length": "614",
        "Content-Type": "application/json; odata=nometadata",
        "DataServiceVersion": "3.0",
        "traceparent": "00-f5d9df20a26a4742a2bf7389bc188408-8b2f6273864de34e-00",
        "User-Agent": [
          "azsdk-net-Data.Tables/1.0.0-dev.20200713.1",
          "(.NET Core 4.6.28928.01; Microsoft Windows 10.0.18363 )"
        ],
        "x-ms-client-request-id": "3d22dc488b9a6b8dfe4962184e8d59cc",
        "x-ms-date": "Tue, 14 Jul 2020 18:18:05 GMT",
        "x-ms-return-client-request-id": "true",
        "x-ms-version": "2019-02-02"
      },
      "RequestBody": {
        "PartitionKey": "somPartition",
        "RowKey": "09",
        "SomeStringProperty": "This is table entity number 09",
        "SomeDateProperty": "2020-01-01T01:10:00.0000000Z",
        "SomeDateProperty@odata.type": "Edm.DateTime",
        "SomeGuidProperty": "0d391d16-97f1-4b9a-be68-4cc871f90009",
        "SomeGuidProperty@odata.type": "Edm.Guid",
        "SomeBinaryProperty": "AQIDBAU=",
        "SomeBinaryProperty@odata.type": "Edm.Binary",
        "SomeInt64Property": "9",
        "SomeInt64Property@odata.type": "Edm.Int64",
        "SomeDoubleProperty0": 9,
        "SomeDoubleProperty0@odata.type": "Edm.Double",
        "SomeDoubleProperty1": 9.0999999999999996,
        "SomeDoubleProperty1@odata.type": "Edm.Double",
        "SomeIntProperty": 9
      },
      "StatusCode": 201,
      "ResponseHeaders": {
        "Cache-Control": "no-cache",
        "Content-Type": "application/json; odata=fullmetadata; streaming=true; charset=utf-8",
        "Date": "Tue, 14 Jul 2020 18:18:04 GMT",
        "ETag": "W/\u0022datetime\u00272020-07-14T18%3A18%3A05.1868868Z\u0027\u0022",
        "Location": "https://chrissscratch.table.core.windows.net/testtablen2cwy3yq(PartitionKey=\u0027somPartition\u0027,RowKey=\u002709\u0027)",
        "Server": [
          "Windows-Azure-Table/1.0",
          "Microsoft-HTTPAPI/2.0"
        ],
        "Transfer-Encoding": "chunked",
        "X-Content-Type-Options": "nosniff",
        "x-ms-client-request-id": "3d22dc488b9a6b8dfe4962184e8d59cc",
        "x-ms-request-id": "3cf618c2-e002-0080-230b-5a6742000000",
        "x-ms-version": "2019-02-02"
      },
      "ResponseBody": {
        "odata.metadata": "https://chrissscratch.table.core.windows.net/$metadata#testtablen2cwy3yq/@Element",
        "odata.type": "chrissscratch.testtablen2cwy3yq",
        "odata.id": "https://chrissscratch.table.core.windows.net/testtablen2cwy3yq(PartitionKey=\u0027somPartition\u0027,RowKey=\u002709\u0027)",
        "odata.etag": "W/\u0022datetime\u00272020-07-14T18%3A18%3A05.1868868Z\u0027\u0022",
        "odata.editLink": "testtablen2cwy3yq(PartitionKey=\u0027somPartition\u0027,RowKey=\u002709\u0027)",
        "PartitionKey": "somPartition",
        "RowKey": "09",
        "Timestamp@odata.type": "Edm.DateTime",
        "Timestamp": "2020-07-14T18:18:05.1868868Z",
        "SomeStringProperty": "This is table entity number 09",
        "SomeDateProperty@odata.type": "Edm.DateTime",
        "SomeDateProperty": "2020-01-01T01:10:00Z",
        "SomeGuidProperty@odata.type": "Edm.Guid",
        "SomeGuidProperty": "0d391d16-97f1-4b9a-be68-4cc871f90009",
        "SomeBinaryProperty@odata.type": "Edm.Binary",
        "SomeBinaryProperty": "AQIDBAU=",
        "SomeInt64Property@odata.type": "Edm.Int64",
        "SomeInt64Property": "9",
        "SomeDoubleProperty0": 9.0,
        "SomeDoubleProperty1": 9.1,
        "SomeIntProperty": 9
      }
    },
    {
      "RequestUri": "https://chrissscratch.table.core.windows.net/testtablen2cwy3yq?$format=application%2Fjson%3Bodata%3Dfullmetadata",
      "RequestMethod": "POST",
      "RequestHeaders": {
        "Authorization": "Sanitized",
        "Content-Length": "603",
        "Content-Type": "application/json; odata=nometadata",
        "DataServiceVersion": "3.0",
        "traceparent": "00-cc01bf2f4fdf70448570174b35792e9c-ffec144d71bd7945-00",
        "User-Agent": [
          "azsdk-net-Data.Tables/1.0.0-dev.20200713.1",
          "(.NET Core 4.6.28928.01; Microsoft Windows 10.0.18363 )"
        ],
        "x-ms-client-request-id": "ab994de9a1c20d1a606f5bbc8a6b6f7d",
        "x-ms-date": "Tue, 14 Jul 2020 18:18:05 GMT",
        "x-ms-return-client-request-id": "true",
        "x-ms-version": "2019-02-02"
      },
      "RequestBody": {
        "PartitionKey": "somPartition",
        "RowKey": "10",
        "SomeStringProperty": "This is table entity number 10",
        "SomeDateProperty": "2020-01-01T01:11:00.0000000Z",
        "SomeDateProperty@odata.type": "Edm.DateTime",
        "SomeGuidProperty": "0d391d16-97f1-4b9a-be68-4cc871f90010",
        "SomeGuidProperty@odata.type": "Edm.Guid",
        "SomeBinaryProperty": "AQIDBAU=",
        "SomeBinaryProperty@odata.type": "Edm.Binary",
        "SomeInt64Property": "10",
        "SomeInt64Property@odata.type": "Edm.Int64",
        "SomeDoubleProperty0": 10,
        "SomeDoubleProperty0@odata.type": "Edm.Double",
        "SomeDoubleProperty1": 10.1,
        "SomeDoubleProperty1@odata.type": "Edm.Double",
        "SomeIntProperty": 10
      },
      "StatusCode": 201,
      "ResponseHeaders": {
        "Cache-Control": "no-cache",
        "Content-Type": "application/json; odata=fullmetadata; streaming=true; charset=utf-8",
        "Date": "Tue, 14 Jul 2020 18:18:04 GMT",
        "ETag": "W/\u0022datetime\u00272020-07-14T18%3A18%3A05.234927Z\u0027\u0022",
        "Location": "https://chrissscratch.table.core.windows.net/testtablen2cwy3yq(PartitionKey=\u0027somPartition\u0027,RowKey=\u002710\u0027)",
        "Server": [
          "Windows-Azure-Table/1.0",
          "Microsoft-HTTPAPI/2.0"
        ],
        "Transfer-Encoding": "chunked",
        "X-Content-Type-Options": "nosniff",
        "x-ms-client-request-id": "ab994de9a1c20d1a606f5bbc8a6b6f7d",
        "x-ms-request-id": "3cf618cc-e002-0080-2d0b-5a6742000000",
        "x-ms-version": "2019-02-02"
      },
      "ResponseBody": {
        "odata.metadata": "https://chrissscratch.table.core.windows.net/$metadata#testtablen2cwy3yq/@Element",
        "odata.type": "chrissscratch.testtablen2cwy3yq",
        "odata.id": "https://chrissscratch.table.core.windows.net/testtablen2cwy3yq(PartitionKey=\u0027somPartition\u0027,RowKey=\u002710\u0027)",
        "odata.etag": "W/\u0022datetime\u00272020-07-14T18%3A18%3A05.234927Z\u0027\u0022",
        "odata.editLink": "testtablen2cwy3yq(PartitionKey=\u0027somPartition\u0027,RowKey=\u002710\u0027)",
        "PartitionKey": "somPartition",
        "RowKey": "10",
        "Timestamp@odata.type": "Edm.DateTime",
        "Timestamp": "2020-07-14T18:18:05.234927Z",
        "SomeStringProperty": "This is table entity number 10",
        "SomeDateProperty@odata.type": "Edm.DateTime",
        "SomeDateProperty": "2020-01-01T01:11:00Z",
        "SomeGuidProperty@odata.type": "Edm.Guid",
        "SomeGuidProperty": "0d391d16-97f1-4b9a-be68-4cc871f90010",
        "SomeBinaryProperty@odata.type": "Edm.Binary",
        "SomeBinaryProperty": "AQIDBAU=",
        "SomeInt64Property@odata.type": "Edm.Int64",
        "SomeInt64Property": "10",
        "SomeDoubleProperty0": 10.0,
        "SomeDoubleProperty1": 10.1,
        "SomeIntProperty": 10
      }
    },
    {
      "RequestUri": "https://chrissscratch.table.core.windows.net/testtablen2cwy3yq?$format=application%2Fjson%3Bodata%3Dfullmetadata",
      "RequestMethod": "POST",
      "RequestHeaders": {
        "Authorization": "Sanitized",
        "Content-Length": "603",
        "Content-Type": "application/json; odata=nometadata",
        "DataServiceVersion": "3.0",
        "traceparent": "00-01f64e7ed8eca141a6d999d49bc7bfd3-74a5bb9d07cc3c48-00",
        "User-Agent": [
          "azsdk-net-Data.Tables/1.0.0-dev.20200713.1",
          "(.NET Core 4.6.28928.01; Microsoft Windows 10.0.18363 )"
        ],
        "x-ms-client-request-id": "2a4aa8741417348a1cd017d651b42071",
        "x-ms-date": "Tue, 14 Jul 2020 18:18:05 GMT",
        "x-ms-return-client-request-id": "true",
        "x-ms-version": "2019-02-02"
      },
      "RequestBody": {
        "PartitionKey": "somPartition",
        "RowKey": "11",
        "SomeStringProperty": "This is table entity number 11",
        "SomeDateProperty": "2020-01-01T01:12:00.0000000Z",
        "SomeDateProperty@odata.type": "Edm.DateTime",
        "SomeGuidProperty": "0d391d16-97f1-4b9a-be68-4cc871f90011",
        "SomeGuidProperty@odata.type": "Edm.Guid",
        "SomeBinaryProperty": "AQIDBAU=",
        "SomeBinaryProperty@odata.type": "Edm.Binary",
        "SomeInt64Property": "11",
        "SomeInt64Property@odata.type": "Edm.Int64",
        "SomeDoubleProperty0": 11,
        "SomeDoubleProperty0@odata.type": "Edm.Double",
        "SomeDoubleProperty1": 11.1,
        "SomeDoubleProperty1@odata.type": "Edm.Double",
        "SomeIntProperty": 11
      },
      "StatusCode": 201,
      "ResponseHeaders": {
        "Cache-Control": "no-cache",
        "Content-Type": "application/json; odata=fullmetadata; streaming=true; charset=utf-8",
        "Date": "Tue, 14 Jul 2020 18:18:04 GMT",
        "ETag": "W/\u0022datetime\u00272020-07-14T18%3A18%3A05.2789635Z\u0027\u0022",
        "Location": "https://chrissscratch.table.core.windows.net/testtablen2cwy3yq(PartitionKey=\u0027somPartition\u0027,RowKey=\u002711\u0027)",
        "Server": [
          "Windows-Azure-Table/1.0",
          "Microsoft-HTTPAPI/2.0"
        ],
        "Transfer-Encoding": "chunked",
        "X-Content-Type-Options": "nosniff",
        "x-ms-client-request-id": "2a4aa8741417348a1cd017d651b42071",
        "x-ms-request-id": "3cf618dd-e002-0080-3e0b-5a6742000000",
        "x-ms-version": "2019-02-02"
      },
      "ResponseBody": {
        "odata.metadata": "https://chrissscratch.table.core.windows.net/$metadata#testtablen2cwy3yq/@Element",
        "odata.type": "chrissscratch.testtablen2cwy3yq",
        "odata.id": "https://chrissscratch.table.core.windows.net/testtablen2cwy3yq(PartitionKey=\u0027somPartition\u0027,RowKey=\u002711\u0027)",
        "odata.etag": "W/\u0022datetime\u00272020-07-14T18%3A18%3A05.2789635Z\u0027\u0022",
        "odata.editLink": "testtablen2cwy3yq(PartitionKey=\u0027somPartition\u0027,RowKey=\u002711\u0027)",
        "PartitionKey": "somPartition",
        "RowKey": "11",
        "Timestamp@odata.type": "Edm.DateTime",
        "Timestamp": "2020-07-14T18:18:05.2789635Z",
        "SomeStringProperty": "This is table entity number 11",
        "SomeDateProperty@odata.type": "Edm.DateTime",
        "SomeDateProperty": "2020-01-01T01:12:00Z",
        "SomeGuidProperty@odata.type": "Edm.Guid",
        "SomeGuidProperty": "0d391d16-97f1-4b9a-be68-4cc871f90011",
        "SomeBinaryProperty@odata.type": "Edm.Binary",
        "SomeBinaryProperty": "AQIDBAU=",
        "SomeInt64Property@odata.type": "Edm.Int64",
        "SomeInt64Property": "11",
        "SomeDoubleProperty0": 11.0,
        "SomeDoubleProperty1": 11.1,
        "SomeIntProperty": 11
      }
    },
    {
      "RequestUri": "https://chrissscratch.table.core.windows.net/testtablen2cwy3yq?$format=application%2Fjson%3Bodata%3Dfullmetadata",
      "RequestMethod": "POST",
      "RequestHeaders": {
        "Authorization": "Sanitized",
        "Content-Length": "603",
        "Content-Type": "application/json; odata=nometadata",
        "DataServiceVersion": "3.0",
        "traceparent": "00-09d9ea48188b02449889b62863df220e-32d4f66f8b58e946-00",
        "User-Agent": [
          "azsdk-net-Data.Tables/1.0.0-dev.20200713.1",
          "(.NET Core 4.6.28928.01; Microsoft Windows 10.0.18363 )"
        ],
        "x-ms-client-request-id": "7d95cc3eff15a60fc114dc2b2fd1e193",
        "x-ms-date": "Tue, 14 Jul 2020 18:18:05 GMT",
        "x-ms-return-client-request-id": "true",
        "x-ms-version": "2019-02-02"
      },
      "RequestBody": {
        "PartitionKey": "somPartition",
        "RowKey": "12",
        "SomeStringProperty": "This is table entity number 12",
        "SomeDateProperty": "2020-01-01T01:13:00.0000000Z",
        "SomeDateProperty@odata.type": "Edm.DateTime",
        "SomeGuidProperty": "0d391d16-97f1-4b9a-be68-4cc871f90012",
        "SomeGuidProperty@odata.type": "Edm.Guid",
        "SomeBinaryProperty": "AQIDBAU=",
        "SomeBinaryProperty@odata.type": "Edm.Binary",
        "SomeInt64Property": "12",
        "SomeInt64Property@odata.type": "Edm.Int64",
        "SomeDoubleProperty0": 12,
        "SomeDoubleProperty0@odata.type": "Edm.Double",
        "SomeDoubleProperty1": 12.1,
        "SomeDoubleProperty1@odata.type": "Edm.Double",
        "SomeIntProperty": 12
      },
      "StatusCode": 201,
      "ResponseHeaders": {
        "Cache-Control": "no-cache",
        "Content-Type": "application/json; odata=fullmetadata; streaming=true; charset=utf-8",
        "Date": "Tue, 14 Jul 2020 18:18:04 GMT",
        "ETag": "W/\u0022datetime\u00272020-07-14T18%3A18%3A05.3240005Z\u0027\u0022",
        "Location": "https://chrissscratch.table.core.windows.net/testtablen2cwy3yq(PartitionKey=\u0027somPartition\u0027,RowKey=\u002712\u0027)",
        "Server": [
          "Windows-Azure-Table/1.0",
          "Microsoft-HTTPAPI/2.0"
        ],
        "Transfer-Encoding": "chunked",
        "X-Content-Type-Options": "nosniff",
        "x-ms-client-request-id": "7d95cc3eff15a60fc114dc2b2fd1e193",
        "x-ms-request-id": "3cf618e4-e002-0080-450b-5a6742000000",
        "x-ms-version": "2019-02-02"
      },
      "ResponseBody": {
        "odata.metadata": "https://chrissscratch.table.core.windows.net/$metadata#testtablen2cwy3yq/@Element",
        "odata.type": "chrissscratch.testtablen2cwy3yq",
        "odata.id": "https://chrissscratch.table.core.windows.net/testtablen2cwy3yq(PartitionKey=\u0027somPartition\u0027,RowKey=\u002712\u0027)",
        "odata.etag": "W/\u0022datetime\u00272020-07-14T18%3A18%3A05.3240005Z\u0027\u0022",
        "odata.editLink": "testtablen2cwy3yq(PartitionKey=\u0027somPartition\u0027,RowKey=\u002712\u0027)",
        "PartitionKey": "somPartition",
        "RowKey": "12",
        "Timestamp@odata.type": "Edm.DateTime",
        "Timestamp": "2020-07-14T18:18:05.3240005Z",
        "SomeStringProperty": "This is table entity number 12",
        "SomeDateProperty@odata.type": "Edm.DateTime",
        "SomeDateProperty": "2020-01-01T01:13:00Z",
        "SomeGuidProperty@odata.type": "Edm.Guid",
        "SomeGuidProperty": "0d391d16-97f1-4b9a-be68-4cc871f90012",
        "SomeBinaryProperty@odata.type": "Edm.Binary",
        "SomeBinaryProperty": "AQIDBAU=",
        "SomeInt64Property@odata.type": "Edm.Int64",
        "SomeInt64Property": "12",
        "SomeDoubleProperty0": 12.0,
        "SomeDoubleProperty1": 12.1,
        "SomeIntProperty": 12
      }
    },
    {
      "RequestUri": "https://chrissscratch.table.core.windows.net/testtablen2cwy3yq?$format=application%2Fjson%3Bodata%3Dfullmetadata",
      "RequestMethod": "POST",
      "RequestHeaders": {
        "Authorization": "Sanitized",
        "Content-Length": "603",
        "Content-Type": "application/json; odata=nometadata",
        "DataServiceVersion": "3.0",
        "traceparent": "00-1949ffd5b456cc45958b859213ca4dba-4ceee2c923d07643-00",
        "User-Agent": [
          "azsdk-net-Data.Tables/1.0.0-dev.20200713.1",
          "(.NET Core 4.6.28928.01; Microsoft Windows 10.0.18363 )"
        ],
        "x-ms-client-request-id": "a6a3e4d92e43d5b4c3648ff28a43bcab",
        "x-ms-date": "Tue, 14 Jul 2020 18:18:05 GMT",
        "x-ms-return-client-request-id": "true",
        "x-ms-version": "2019-02-02"
      },
      "RequestBody": {
        "PartitionKey": "somPartition",
        "RowKey": "13",
        "SomeStringProperty": "This is table entity number 13",
        "SomeDateProperty": "2020-01-01T01:14:00.0000000Z",
        "SomeDateProperty@odata.type": "Edm.DateTime",
        "SomeGuidProperty": "0d391d16-97f1-4b9a-be68-4cc871f90013",
        "SomeGuidProperty@odata.type": "Edm.Guid",
        "SomeBinaryProperty": "AQIDBAU=",
        "SomeBinaryProperty@odata.type": "Edm.Binary",
        "SomeInt64Property": "13",
        "SomeInt64Property@odata.type": "Edm.Int64",
        "SomeDoubleProperty0": 13,
        "SomeDoubleProperty0@odata.type": "Edm.Double",
        "SomeDoubleProperty1": 13.1,
        "SomeDoubleProperty1@odata.type": "Edm.Double",
        "SomeIntProperty": 13
      },
      "StatusCode": 201,
      "ResponseHeaders": {
        "Cache-Control": "no-cache",
        "Content-Type": "application/json; odata=fullmetadata; streaming=true; charset=utf-8",
        "Date": "Tue, 14 Jul 2020 18:18:04 GMT",
        "ETag": "W/\u0022datetime\u00272020-07-14T18%3A18%3A05.3700391Z\u0027\u0022",
        "Location": "https://chrissscratch.table.core.windows.net/testtablen2cwy3yq(PartitionKey=\u0027somPartition\u0027,RowKey=\u002713\u0027)",
        "Server": [
          "Windows-Azure-Table/1.0",
          "Microsoft-HTTPAPI/2.0"
        ],
        "Transfer-Encoding": "chunked",
        "X-Content-Type-Options": "nosniff",
        "x-ms-client-request-id": "a6a3e4d92e43d5b4c3648ff28a43bcab",
        "x-ms-request-id": "3cf618f3-e002-0080-520b-5a6742000000",
        "x-ms-version": "2019-02-02"
      },
      "ResponseBody": {
        "odata.metadata": "https://chrissscratch.table.core.windows.net/$metadata#testtablen2cwy3yq/@Element",
        "odata.type": "chrissscratch.testtablen2cwy3yq",
        "odata.id": "https://chrissscratch.table.core.windows.net/testtablen2cwy3yq(PartitionKey=\u0027somPartition\u0027,RowKey=\u002713\u0027)",
        "odata.etag": "W/\u0022datetime\u00272020-07-14T18%3A18%3A05.3700391Z\u0027\u0022",
        "odata.editLink": "testtablen2cwy3yq(PartitionKey=\u0027somPartition\u0027,RowKey=\u002713\u0027)",
        "PartitionKey": "somPartition",
        "RowKey": "13",
        "Timestamp@odata.type": "Edm.DateTime",
        "Timestamp": "2020-07-14T18:18:05.3700391Z",
        "SomeStringProperty": "This is table entity number 13",
        "SomeDateProperty@odata.type": "Edm.DateTime",
        "SomeDateProperty": "2020-01-01T01:14:00Z",
        "SomeGuidProperty@odata.type": "Edm.Guid",
        "SomeGuidProperty": "0d391d16-97f1-4b9a-be68-4cc871f90013",
        "SomeBinaryProperty@odata.type": "Edm.Binary",
        "SomeBinaryProperty": "AQIDBAU=",
        "SomeInt64Property@odata.type": "Edm.Int64",
        "SomeInt64Property": "13",
        "SomeDoubleProperty0": 13.0,
        "SomeDoubleProperty1": 13.1,
        "SomeIntProperty": 13
      }
    },
    {
      "RequestUri": "https://chrissscratch.table.core.windows.net/testtablen2cwy3yq?$format=application%2Fjson%3Bodata%3Dfullmetadata",
      "RequestMethod": "POST",
      "RequestHeaders": {
        "Authorization": "Sanitized",
        "Content-Length": "603",
        "Content-Type": "application/json; odata=nometadata",
        "DataServiceVersion": "3.0",
        "traceparent": "00-53bf1cca067c9244b6a5189f7e3a228b-c967f8af95d34a4d-00",
        "User-Agent": [
          "azsdk-net-Data.Tables/1.0.0-dev.20200713.1",
          "(.NET Core 4.6.28928.01; Microsoft Windows 10.0.18363 )"
        ],
        "x-ms-client-request-id": "bd7de94ef2d5746899a36803375e044b",
        "x-ms-date": "Tue, 14 Jul 2020 18:18:05 GMT",
        "x-ms-return-client-request-id": "true",
        "x-ms-version": "2019-02-02"
      },
      "RequestBody": {
        "PartitionKey": "somPartition",
        "RowKey": "14",
        "SomeStringProperty": "This is table entity number 14",
        "SomeDateProperty": "2020-01-01T01:15:00.0000000Z",
        "SomeDateProperty@odata.type": "Edm.DateTime",
        "SomeGuidProperty": "0d391d16-97f1-4b9a-be68-4cc871f90014",
        "SomeGuidProperty@odata.type": "Edm.Guid",
        "SomeBinaryProperty": "AQIDBAU=",
        "SomeBinaryProperty@odata.type": "Edm.Binary",
        "SomeInt64Property": "14",
        "SomeInt64Property@odata.type": "Edm.Int64",
        "SomeDoubleProperty0": 14,
        "SomeDoubleProperty0@odata.type": "Edm.Double",
        "SomeDoubleProperty1": 14.1,
        "SomeDoubleProperty1@odata.type": "Edm.Double",
        "SomeIntProperty": 14
      },
      "StatusCode": 201,
      "ResponseHeaders": {
        "Cache-Control": "no-cache",
        "Content-Type": "application/json; odata=fullmetadata; streaming=true; charset=utf-8",
        "Date": "Tue, 14 Jul 2020 18:18:04 GMT",
        "ETag": "W/\u0022datetime\u00272020-07-14T18%3A18%3A05.4140752Z\u0027\u0022",
        "Location": "https://chrissscratch.table.core.windows.net/testtablen2cwy3yq(PartitionKey=\u0027somPartition\u0027,RowKey=\u002714\u0027)",
        "Server": [
          "Windows-Azure-Table/1.0",
          "Microsoft-HTTPAPI/2.0"
        ],
        "Transfer-Encoding": "chunked",
        "X-Content-Type-Options": "nosniff",
        "x-ms-client-request-id": "bd7de94ef2d5746899a36803375e044b",
        "x-ms-request-id": "3cf618fe-e002-0080-5b0b-5a6742000000",
        "x-ms-version": "2019-02-02"
      },
      "ResponseBody": {
        "odata.metadata": "https://chrissscratch.table.core.windows.net/$metadata#testtablen2cwy3yq/@Element",
        "odata.type": "chrissscratch.testtablen2cwy3yq",
        "odata.id": "https://chrissscratch.table.core.windows.net/testtablen2cwy3yq(PartitionKey=\u0027somPartition\u0027,RowKey=\u002714\u0027)",
        "odata.etag": "W/\u0022datetime\u00272020-07-14T18%3A18%3A05.4140752Z\u0027\u0022",
        "odata.editLink": "testtablen2cwy3yq(PartitionKey=\u0027somPartition\u0027,RowKey=\u002714\u0027)",
        "PartitionKey": "somPartition",
        "RowKey": "14",
        "Timestamp@odata.type": "Edm.DateTime",
        "Timestamp": "2020-07-14T18:18:05.4140752Z",
        "SomeStringProperty": "This is table entity number 14",
        "SomeDateProperty@odata.type": "Edm.DateTime",
        "SomeDateProperty": "2020-01-01T01:15:00Z",
        "SomeGuidProperty@odata.type": "Edm.Guid",
        "SomeGuidProperty": "0d391d16-97f1-4b9a-be68-4cc871f90014",
        "SomeBinaryProperty@odata.type": "Edm.Binary",
        "SomeBinaryProperty": "AQIDBAU=",
        "SomeInt64Property@odata.type": "Edm.Int64",
        "SomeInt64Property": "14",
        "SomeDoubleProperty0": 14.0,
        "SomeDoubleProperty1": 14.1,
        "SomeIntProperty": 14
      }
    },
    {
      "RequestUri": "https://chrissscratch.table.core.windows.net/testtablen2cwy3yq?$format=application%2Fjson%3Bodata%3Dfullmetadata",
      "RequestMethod": "POST",
      "RequestHeaders": {
        "Authorization": "Sanitized",
        "Content-Length": "603",
        "Content-Type": "application/json; odata=nometadata",
        "DataServiceVersion": "3.0",
        "traceparent": "00-07dbdecac3683e4890c62530e792c298-0dcc84527afba542-00",
        "User-Agent": [
          "azsdk-net-Data.Tables/1.0.0-dev.20200713.1",
          "(.NET Core 4.6.28928.01; Microsoft Windows 10.0.18363 )"
        ],
        "x-ms-client-request-id": "6cfd83ee7a110f2e17bfbab1701d1c7e",
        "x-ms-date": "Tue, 14 Jul 2020 18:18:05 GMT",
        "x-ms-return-client-request-id": "true",
        "x-ms-version": "2019-02-02"
      },
      "RequestBody": {
        "PartitionKey": "somPartition",
        "RowKey": "15",
        "SomeStringProperty": "This is table entity number 15",
        "SomeDateProperty": "2020-01-01T01:16:00.0000000Z",
        "SomeDateProperty@odata.type": "Edm.DateTime",
        "SomeGuidProperty": "0d391d16-97f1-4b9a-be68-4cc871f90015",
        "SomeGuidProperty@odata.type": "Edm.Guid",
        "SomeBinaryProperty": "AQIDBAU=",
        "SomeBinaryProperty@odata.type": "Edm.Binary",
        "SomeInt64Property": "15",
        "SomeInt64Property@odata.type": "Edm.Int64",
        "SomeDoubleProperty0": 15,
        "SomeDoubleProperty0@odata.type": "Edm.Double",
        "SomeDoubleProperty1": 15.1,
        "SomeDoubleProperty1@odata.type": "Edm.Double",
        "SomeIntProperty": 15
      },
      "StatusCode": 201,
      "ResponseHeaders": {
        "Cache-Control": "no-cache",
        "Content-Type": "application/json; odata=fullmetadata; streaming=true; charset=utf-8",
        "Date": "Tue, 14 Jul 2020 18:18:04 GMT",
        "ETag": "W/\u0022datetime\u00272020-07-14T18%3A18%3A05.4571113Z\u0027\u0022",
        "Location": "https://chrissscratch.table.core.windows.net/testtablen2cwy3yq(PartitionKey=\u0027somPartition\u0027,RowKey=\u002715\u0027)",
        "Server": [
          "Windows-Azure-Table/1.0",
          "Microsoft-HTTPAPI/2.0"
        ],
        "Transfer-Encoding": "chunked",
        "X-Content-Type-Options": "nosniff",
        "x-ms-client-request-id": "6cfd83ee7a110f2e17bfbab1701d1c7e",
        "x-ms-request-id": "3cf61903-e002-0080-600b-5a6742000000",
        "x-ms-version": "2019-02-02"
      },
      "ResponseBody": {
        "odata.metadata": "https://chrissscratch.table.core.windows.net/$metadata#testtablen2cwy3yq/@Element",
        "odata.type": "chrissscratch.testtablen2cwy3yq",
        "odata.id": "https://chrissscratch.table.core.windows.net/testtablen2cwy3yq(PartitionKey=\u0027somPartition\u0027,RowKey=\u002715\u0027)",
        "odata.etag": "W/\u0022datetime\u00272020-07-14T18%3A18%3A05.4571113Z\u0027\u0022",
        "odata.editLink": "testtablen2cwy3yq(PartitionKey=\u0027somPartition\u0027,RowKey=\u002715\u0027)",
        "PartitionKey": "somPartition",
        "RowKey": "15",
        "Timestamp@odata.type": "Edm.DateTime",
        "Timestamp": "2020-07-14T18:18:05.4571113Z",
        "SomeStringProperty": "This is table entity number 15",
        "SomeDateProperty@odata.type": "Edm.DateTime",
        "SomeDateProperty": "2020-01-01T01:16:00Z",
        "SomeGuidProperty@odata.type": "Edm.Guid",
        "SomeGuidProperty": "0d391d16-97f1-4b9a-be68-4cc871f90015",
        "SomeBinaryProperty@odata.type": "Edm.Binary",
        "SomeBinaryProperty": "AQIDBAU=",
        "SomeInt64Property@odata.type": "Edm.Int64",
        "SomeInt64Property": "15",
        "SomeDoubleProperty0": 15.0,
        "SomeDoubleProperty1": 15.1,
        "SomeIntProperty": 15
      }
    },
    {
      "RequestUri": "https://chrissscratch.table.core.windows.net/testtablen2cwy3yq?$format=application%2Fjson%3Bodata%3Dfullmetadata",
      "RequestMethod": "POST",
      "RequestHeaders": {
        "Authorization": "Sanitized",
        "Content-Length": "617",
        "Content-Type": "application/json; odata=nometadata",
        "DataServiceVersion": "3.0",
        "traceparent": "00-35b9e6b8b687c542b405aafa7b6acf92-d292bc24d55d9e4a-00",
        "User-Agent": [
          "azsdk-net-Data.Tables/1.0.0-dev.20200713.1",
          "(.NET Core 4.6.28928.01; Microsoft Windows 10.0.18363 )"
        ],
        "x-ms-client-request-id": "46dc31572353e7bd7b2e0c9fc6b19e64",
        "x-ms-date": "Tue, 14 Jul 2020 18:18:05 GMT",
        "x-ms-return-client-request-id": "true",
        "x-ms-version": "2019-02-02"
      },
      "RequestBody": {
        "PartitionKey": "somPartition",
        "RowKey": "16",
        "SomeStringProperty": "This is table entity number 16",
        "SomeDateProperty": "2020-01-01T01:17:00.0000000Z",
        "SomeDateProperty@odata.type": "Edm.DateTime",
        "SomeGuidProperty": "0d391d16-97f1-4b9a-be68-4cc871f90016",
        "SomeGuidProperty@odata.type": "Edm.Guid",
        "SomeBinaryProperty": "AQIDBAU=",
        "SomeBinaryProperty@odata.type": "Edm.Binary",
        "SomeInt64Property": "16",
        "SomeInt64Property@odata.type": "Edm.Int64",
        "SomeDoubleProperty0": 16,
        "SomeDoubleProperty0@odata.type": "Edm.Double",
        "SomeDoubleProperty1": 16.100000000000001,
        "SomeDoubleProperty1@odata.type": "Edm.Double",
        "SomeIntProperty": 16
      },
      "StatusCode": 201,
      "ResponseHeaders": {
        "Cache-Control": "no-cache",
        "Content-Type": "application/json; odata=fullmetadata; streaming=true; charset=utf-8",
        "Date": "Tue, 14 Jul 2020 18:18:04 GMT",
        "ETag": "W/\u0022datetime\u00272020-07-14T18%3A18%3A05.5031495Z\u0027\u0022",
        "Location": "https://chrissscratch.table.core.windows.net/testtablen2cwy3yq(PartitionKey=\u0027somPartition\u0027,RowKey=\u002716\u0027)",
        "Server": [
          "Windows-Azure-Table/1.0",
          "Microsoft-HTTPAPI/2.0"
        ],
        "Transfer-Encoding": "chunked",
        "X-Content-Type-Options": "nosniff",
        "x-ms-client-request-id": "46dc31572353e7bd7b2e0c9fc6b19e64",
        "x-ms-request-id": "3cf6190c-e002-0080-680b-5a6742000000",
        "x-ms-version": "2019-02-02"
      },
      "ResponseBody": {
        "odata.metadata": "https://chrissscratch.table.core.windows.net/$metadata#testtablen2cwy3yq/@Element",
        "odata.type": "chrissscratch.testtablen2cwy3yq",
        "odata.id": "https://chrissscratch.table.core.windows.net/testtablen2cwy3yq(PartitionKey=\u0027somPartition\u0027,RowKey=\u002716\u0027)",
        "odata.etag": "W/\u0022datetime\u00272020-07-14T18%3A18%3A05.5031495Z\u0027\u0022",
        "odata.editLink": "testtablen2cwy3yq(PartitionKey=\u0027somPartition\u0027,RowKey=\u002716\u0027)",
        "PartitionKey": "somPartition",
        "RowKey": "16",
        "Timestamp@odata.type": "Edm.DateTime",
        "Timestamp": "2020-07-14T18:18:05.5031495Z",
        "SomeStringProperty": "This is table entity number 16",
        "SomeDateProperty@odata.type": "Edm.DateTime",
        "SomeDateProperty": "2020-01-01T01:17:00Z",
        "SomeGuidProperty@odata.type": "Edm.Guid",
        "SomeGuidProperty": "0d391d16-97f1-4b9a-be68-4cc871f90016",
        "SomeBinaryProperty@odata.type": "Edm.Binary",
        "SomeBinaryProperty": "AQIDBAU=",
        "SomeInt64Property@odata.type": "Edm.Int64",
        "SomeInt64Property": "16",
        "SomeDoubleProperty0": 16.0,
        "SomeDoubleProperty1": 16.1,
        "SomeIntProperty": 16
      }
    },
    {
      "RequestUri": "https://chrissscratch.table.core.windows.net/testtablen2cwy3yq?$format=application%2Fjson%3Bodata%3Dfullmetadata",
      "RequestMethod": "POST",
      "RequestHeaders": {
        "Authorization": "Sanitized",
        "Content-Length": "617",
        "Content-Type": "application/json; odata=nometadata",
        "DataServiceVersion": "3.0",
        "traceparent": "00-8fbfa211694ad54192587a2789a25cc5-cfc8bcbc53c15042-00",
        "User-Agent": [
          "azsdk-net-Data.Tables/1.0.0-dev.20200713.1",
          "(.NET Core 4.6.28928.01; Microsoft Windows 10.0.18363 )"
        ],
        "x-ms-client-request-id": "0603445f4f46d49abb6ea51538b7047c",
        "x-ms-date": "Tue, 14 Jul 2020 18:18:05 GMT",
        "x-ms-return-client-request-id": "true",
        "x-ms-version": "2019-02-02"
      },
      "RequestBody": {
        "PartitionKey": "somPartition",
        "RowKey": "17",
        "SomeStringProperty": "This is table entity number 17",
        "SomeDateProperty": "2020-01-01T01:18:00.0000000Z",
        "SomeDateProperty@odata.type": "Edm.DateTime",
        "SomeGuidProperty": "0d391d16-97f1-4b9a-be68-4cc871f90017",
        "SomeGuidProperty@odata.type": "Edm.Guid",
        "SomeBinaryProperty": "AQIDBAU=",
        "SomeBinaryProperty@odata.type": "Edm.Binary",
        "SomeInt64Property": "17",
        "SomeInt64Property@odata.type": "Edm.Int64",
        "SomeDoubleProperty0": 17,
        "SomeDoubleProperty0@odata.type": "Edm.Double",
        "SomeDoubleProperty1": 17.100000000000001,
        "SomeDoubleProperty1@odata.type": "Edm.Double",
        "SomeIntProperty": 17
      },
      "StatusCode": 201,
      "ResponseHeaders": {
        "Cache-Control": "no-cache",
        "Content-Type": "application/json; odata=fullmetadata; streaming=true; charset=utf-8",
        "Date": "Tue, 14 Jul 2020 18:18:04 GMT",
        "ETag": "W/\u0022datetime\u00272020-07-14T18%3A18%3A05.5461851Z\u0027\u0022",
        "Location": "https://chrissscratch.table.core.windows.net/testtablen2cwy3yq(PartitionKey=\u0027somPartition\u0027,RowKey=\u002717\u0027)",
        "Server": [
          "Windows-Azure-Table/1.0",
          "Microsoft-HTTPAPI/2.0"
        ],
        "Transfer-Encoding": "chunked",
        "X-Content-Type-Options": "nosniff",
        "x-ms-client-request-id": "0603445f4f46d49abb6ea51538b7047c",
        "x-ms-request-id": "3cf6191c-e002-0080-780b-5a6742000000",
        "x-ms-version": "2019-02-02"
      },
      "ResponseBody": {
        "odata.metadata": "https://chrissscratch.table.core.windows.net/$metadata#testtablen2cwy3yq/@Element",
        "odata.type": "chrissscratch.testtablen2cwy3yq",
        "odata.id": "https://chrissscratch.table.core.windows.net/testtablen2cwy3yq(PartitionKey=\u0027somPartition\u0027,RowKey=\u002717\u0027)",
        "odata.etag": "W/\u0022datetime\u00272020-07-14T18%3A18%3A05.5461851Z\u0027\u0022",
        "odata.editLink": "testtablen2cwy3yq(PartitionKey=\u0027somPartition\u0027,RowKey=\u002717\u0027)",
        "PartitionKey": "somPartition",
        "RowKey": "17",
        "Timestamp@odata.type": "Edm.DateTime",
        "Timestamp": "2020-07-14T18:18:05.5461851Z",
        "SomeStringProperty": "This is table entity number 17",
        "SomeDateProperty@odata.type": "Edm.DateTime",
        "SomeDateProperty": "2020-01-01T01:18:00Z",
        "SomeGuidProperty@odata.type": "Edm.Guid",
        "SomeGuidProperty": "0d391d16-97f1-4b9a-be68-4cc871f90017",
        "SomeBinaryProperty@odata.type": "Edm.Binary",
        "SomeBinaryProperty": "AQIDBAU=",
        "SomeInt64Property@odata.type": "Edm.Int64",
        "SomeInt64Property": "17",
        "SomeDoubleProperty0": 17.0,
        "SomeDoubleProperty1": 17.1,
        "SomeIntProperty": 17
      }
    },
    {
      "RequestUri": "https://chrissscratch.table.core.windows.net/testtablen2cwy3yq?$format=application%2Fjson%3Bodata%3Dfullmetadata",
      "RequestMethod": "POST",
      "RequestHeaders": {
        "Authorization": "Sanitized",
        "Content-Length": "617",
        "Content-Type": "application/json; odata=nometadata",
        "DataServiceVersion": "3.0",
        "traceparent": "00-c5342641b2c5db4f8c491630ca90be31-e2b30cfe3937e549-00",
        "User-Agent": [
          "azsdk-net-Data.Tables/1.0.0-dev.20200713.1",
          "(.NET Core 4.6.28928.01; Microsoft Windows 10.0.18363 )"
        ],
        "x-ms-client-request-id": "06acea87be82cbf7c516f1e26d8f4966",
        "x-ms-date": "Tue, 14 Jul 2020 18:18:05 GMT",
        "x-ms-return-client-request-id": "true",
        "x-ms-version": "2019-02-02"
      },
      "RequestBody": {
        "PartitionKey": "somPartition",
        "RowKey": "18",
        "SomeStringProperty": "This is table entity number 18",
        "SomeDateProperty": "2020-01-01T01:19:00.0000000Z",
        "SomeDateProperty@odata.type": "Edm.DateTime",
        "SomeGuidProperty": "0d391d16-97f1-4b9a-be68-4cc871f90018",
        "SomeGuidProperty@odata.type": "Edm.Guid",
        "SomeBinaryProperty": "AQIDBAU=",
        "SomeBinaryProperty@odata.type": "Edm.Binary",
        "SomeInt64Property": "18",
        "SomeInt64Property@odata.type": "Edm.Int64",
        "SomeDoubleProperty0": 18,
        "SomeDoubleProperty0@odata.type": "Edm.Double",
        "SomeDoubleProperty1": 18.100000000000001,
        "SomeDoubleProperty1@odata.type": "Edm.Double",
        "SomeIntProperty": 18
      },
      "StatusCode": 201,
      "ResponseHeaders": {
        "Cache-Control": "no-cache",
        "Content-Type": "application/json; odata=fullmetadata; streaming=true; charset=utf-8",
        "Date": "Tue, 14 Jul 2020 18:18:04 GMT",
        "ETag": "W/\u0022datetime\u00272020-07-14T18%3A18%3A05.5892208Z\u0027\u0022",
        "Location": "https://chrissscratch.table.core.windows.net/testtablen2cwy3yq(PartitionKey=\u0027somPartition\u0027,RowKey=\u002718\u0027)",
        "Server": [
          "Windows-Azure-Table/1.0",
          "Microsoft-HTTPAPI/2.0"
        ],
        "Transfer-Encoding": "chunked",
        "X-Content-Type-Options": "nosniff",
        "x-ms-client-request-id": "06acea87be82cbf7c516f1e26d8f4966",
        "x-ms-request-id": "3cf61926-e002-0080-020b-5a6742000000",
        "x-ms-version": "2019-02-02"
      },
      "ResponseBody": {
        "odata.metadata": "https://chrissscratch.table.core.windows.net/$metadata#testtablen2cwy3yq/@Element",
        "odata.type": "chrissscratch.testtablen2cwy3yq",
        "odata.id": "https://chrissscratch.table.core.windows.net/testtablen2cwy3yq(PartitionKey=\u0027somPartition\u0027,RowKey=\u002718\u0027)",
        "odata.etag": "W/\u0022datetime\u00272020-07-14T18%3A18%3A05.5892208Z\u0027\u0022",
        "odata.editLink": "testtablen2cwy3yq(PartitionKey=\u0027somPartition\u0027,RowKey=\u002718\u0027)",
        "PartitionKey": "somPartition",
        "RowKey": "18",
        "Timestamp@odata.type": "Edm.DateTime",
        "Timestamp": "2020-07-14T18:18:05.5892208Z",
        "SomeStringProperty": "This is table entity number 18",
        "SomeDateProperty@odata.type": "Edm.DateTime",
        "SomeDateProperty": "2020-01-01T01:19:00Z",
        "SomeGuidProperty@odata.type": "Edm.Guid",
        "SomeGuidProperty": "0d391d16-97f1-4b9a-be68-4cc871f90018",
        "SomeBinaryProperty@odata.type": "Edm.Binary",
        "SomeBinaryProperty": "AQIDBAU=",
        "SomeInt64Property@odata.type": "Edm.Int64",
        "SomeInt64Property": "18",
        "SomeDoubleProperty0": 18.0,
        "SomeDoubleProperty1": 18.1,
        "SomeIntProperty": 18
      }
    },
    {
      "RequestUri": "https://chrissscratch.table.core.windows.net/testtablen2cwy3yq?$format=application%2Fjson%3Bodata%3Dfullmetadata",
      "RequestMethod": "POST",
      "RequestHeaders": {
        "Authorization": "Sanitized",
        "Content-Length": "617",
        "Content-Type": "application/json; odata=nometadata",
        "DataServiceVersion": "3.0",
        "traceparent": "00-689239f2a1bf8e4eb26cc9f8962d78d2-3fbbc683235cb24d-00",
        "User-Agent": [
          "azsdk-net-Data.Tables/1.0.0-dev.20200713.1",
          "(.NET Core 4.6.28928.01; Microsoft Windows 10.0.18363 )"
        ],
        "x-ms-client-request-id": "2b5155211519073797078be57ea8aec4",
        "x-ms-date": "Tue, 14 Jul 2020 18:18:05 GMT",
        "x-ms-return-client-request-id": "true",
        "x-ms-version": "2019-02-02"
      },
      "RequestBody": {
        "PartitionKey": "somPartition",
        "RowKey": "19",
        "SomeStringProperty": "This is table entity number 19",
        "SomeDateProperty": "2020-01-01T01:20:00.0000000Z",
        "SomeDateProperty@odata.type": "Edm.DateTime",
        "SomeGuidProperty": "0d391d16-97f1-4b9a-be68-4cc871f90019",
        "SomeGuidProperty@odata.type": "Edm.Guid",
        "SomeBinaryProperty": "AQIDBAU=",
        "SomeBinaryProperty@odata.type": "Edm.Binary",
        "SomeInt64Property": "19",
        "SomeInt64Property@odata.type": "Edm.Int64",
        "SomeDoubleProperty0": 19,
        "SomeDoubleProperty0@odata.type": "Edm.Double",
        "SomeDoubleProperty1": 19.100000000000001,
        "SomeDoubleProperty1@odata.type": "Edm.Double",
        "SomeIntProperty": 19
      },
      "StatusCode": 201,
      "ResponseHeaders": {
        "Cache-Control": "no-cache",
        "Content-Type": "application/json; odata=fullmetadata; streaming=true; charset=utf-8",
        "Date": "Tue, 14 Jul 2020 18:18:04 GMT",
        "ETag": "W/\u0022datetime\u00272020-07-14T18%3A18%3A05.6322565Z\u0027\u0022",
        "Location": "https://chrissscratch.table.core.windows.net/testtablen2cwy3yq(PartitionKey=\u0027somPartition\u0027,RowKey=\u002719\u0027)",
        "Server": [
          "Windows-Azure-Table/1.0",
          "Microsoft-HTTPAPI/2.0"
        ],
        "Transfer-Encoding": "chunked",
        "X-Content-Type-Options": "nosniff",
        "x-ms-client-request-id": "2b5155211519073797078be57ea8aec4",
        "x-ms-request-id": "3cf61939-e002-0080-140b-5a6742000000",
        "x-ms-version": "2019-02-02"
      },
      "ResponseBody": {
        "odata.metadata": "https://chrissscratch.table.core.windows.net/$metadata#testtablen2cwy3yq/@Element",
        "odata.type": "chrissscratch.testtablen2cwy3yq",
        "odata.id": "https://chrissscratch.table.core.windows.net/testtablen2cwy3yq(PartitionKey=\u0027somPartition\u0027,RowKey=\u002719\u0027)",
        "odata.etag": "W/\u0022datetime\u00272020-07-14T18%3A18%3A05.6322565Z\u0027\u0022",
        "odata.editLink": "testtablen2cwy3yq(PartitionKey=\u0027somPartition\u0027,RowKey=\u002719\u0027)",
        "PartitionKey": "somPartition",
        "RowKey": "19",
        "Timestamp@odata.type": "Edm.DateTime",
        "Timestamp": "2020-07-14T18:18:05.6322565Z",
        "SomeStringProperty": "This is table entity number 19",
        "SomeDateProperty@odata.type": "Edm.DateTime",
        "SomeDateProperty": "2020-01-01T01:20:00Z",
        "SomeGuidProperty@odata.type": "Edm.Guid",
        "SomeGuidProperty": "0d391d16-97f1-4b9a-be68-4cc871f90019",
        "SomeBinaryProperty@odata.type": "Edm.Binary",
        "SomeBinaryProperty": "AQIDBAU=",
        "SomeInt64Property@odata.type": "Edm.Int64",
        "SomeInt64Property": "19",
        "SomeDoubleProperty0": 19.0,
        "SomeDoubleProperty1": 19.1,
        "SomeIntProperty": 19
      }
    },
    {
      "RequestUri": "https://chrissscratch.table.core.windows.net/testtablen2cwy3yq?$format=application%2Fjson%3Bodata%3Dfullmetadata",
      "RequestMethod": "POST",
      "RequestHeaders": {
        "Authorization": "Sanitized",
        "Content-Length": "617",
        "Content-Type": "application/json; odata=nometadata",
        "DataServiceVersion": "3.0",
        "traceparent": "00-cb534caa25f16e458a635a7feffb7fa9-0c278b741a512346-00",
        "User-Agent": [
          "azsdk-net-Data.Tables/1.0.0-dev.20200713.1",
          "(.NET Core 4.6.28928.01; Microsoft Windows 10.0.18363 )"
        ],
        "x-ms-client-request-id": "dc18902a9805a0e24c3840305eb7662b",
        "x-ms-date": "Tue, 14 Jul 2020 18:18:05 GMT",
        "x-ms-return-client-request-id": "true",
        "x-ms-version": "2019-02-02"
      },
      "RequestBody": {
        "PartitionKey": "somPartition",
        "RowKey": "20",
        "SomeStringProperty": "This is table entity number 20",
        "SomeDateProperty": "2020-01-01T01:21:00.0000000Z",
        "SomeDateProperty@odata.type": "Edm.DateTime",
        "SomeGuidProperty": "0d391d16-97f1-4b9a-be68-4cc871f90020",
        "SomeGuidProperty@odata.type": "Edm.Guid",
        "SomeBinaryProperty": "AQIDBAU=",
        "SomeBinaryProperty@odata.type": "Edm.Binary",
        "SomeInt64Property": "20",
        "SomeInt64Property@odata.type": "Edm.Int64",
        "SomeDoubleProperty0": 20,
        "SomeDoubleProperty0@odata.type": "Edm.Double",
        "SomeDoubleProperty1": 20.100000000000001,
        "SomeDoubleProperty1@odata.type": "Edm.Double",
        "SomeIntProperty": 20
      },
      "StatusCode": 201,
      "ResponseHeaders": {
        "Cache-Control": "no-cache",
        "Content-Type": "application/json; odata=fullmetadata; streaming=true; charset=utf-8",
        "Date": "Tue, 14 Jul 2020 18:18:04 GMT",
        "ETag": "W/\u0022datetime\u00272020-07-14T18%3A18%3A05.674291Z\u0027\u0022",
        "Location": "https://chrissscratch.table.core.windows.net/testtablen2cwy3yq(PartitionKey=\u0027somPartition\u0027,RowKey=\u002720\u0027)",
        "Server": [
          "Windows-Azure-Table/1.0",
          "Microsoft-HTTPAPI/2.0"
        ],
        "Transfer-Encoding": "chunked",
        "X-Content-Type-Options": "nosniff",
        "x-ms-client-request-id": "dc18902a9805a0e24c3840305eb7662b",
        "x-ms-request-id": "3cf6194c-e002-0080-270b-5a6742000000",
        "x-ms-version": "2019-02-02"
      },
      "ResponseBody": {
        "odata.metadata": "https://chrissscratch.table.core.windows.net/$metadata#testtablen2cwy3yq/@Element",
        "odata.type": "chrissscratch.testtablen2cwy3yq",
        "odata.id": "https://chrissscratch.table.core.windows.net/testtablen2cwy3yq(PartitionKey=\u0027somPartition\u0027,RowKey=\u002720\u0027)",
        "odata.etag": "W/\u0022datetime\u00272020-07-14T18%3A18%3A05.674291Z\u0027\u0022",
        "odata.editLink": "testtablen2cwy3yq(PartitionKey=\u0027somPartition\u0027,RowKey=\u002720\u0027)",
        "PartitionKey": "somPartition",
        "RowKey": "20",
        "Timestamp@odata.type": "Edm.DateTime",
        "Timestamp": "2020-07-14T18:18:05.674291Z",
        "SomeStringProperty": "This is table entity number 20",
        "SomeDateProperty@odata.type": "Edm.DateTime",
        "SomeDateProperty": "2020-01-01T01:21:00Z",
        "SomeGuidProperty@odata.type": "Edm.Guid",
        "SomeGuidProperty": "0d391d16-97f1-4b9a-be68-4cc871f90020",
        "SomeBinaryProperty@odata.type": "Edm.Binary",
        "SomeBinaryProperty": "AQIDBAU=",
        "SomeInt64Property@odata.type": "Edm.Int64",
        "SomeInt64Property": "20",
        "SomeDoubleProperty0": 20.0,
        "SomeDoubleProperty1": 20.1,
        "SomeIntProperty": 20
      }
    },
    {
      "RequestUri": "https://chrissscratch.table.core.windows.net/testtablen2cwy3yq()?$format=application%2Fjson%3Bodata%3Dfullmetadata\u0026$filter=PartitionKey%20eq%20%27somPartition%27%20and%20RowKey%20gt%20%2710%27",
      "RequestMethod": "GET",
      "RequestHeaders": {
        "Authorization": "Sanitized",
        "DataServiceVersion": "3.0",
        "User-Agent": [
          "azsdk-net-Data.Tables/1.0.0-dev.20200713.1",
          "(.NET Core 4.6.28928.01; Microsoft Windows 10.0.18363 )"
        ],
        "x-ms-client-request-id": "e3f43f25d8657162b2a46f7a33124d1d",
        "x-ms-date": "Tue, 14 Jul 2020 18:18:05 GMT",
        "x-ms-return-client-request-id": "true",
        "x-ms-version": "2019-02-02"
      },
      "RequestBody": null,
      "StatusCode": 200,
      "ResponseHeaders": {
        "Cache-Control": "no-cache",
        "Content-Type": "application/json; odata=fullmetadata; streaming=true; charset=utf-8",
        "Date": "Tue, 14 Jul 2020 18:18:05 GMT",
        "Server": [
          "Windows-Azure-Table/1.0",
          "Microsoft-HTTPAPI/2.0"
        ],
        "Transfer-Encoding": "chunked",
        "X-Content-Type-Options": "nosniff",
        "x-ms-client-request-id": "e3f43f25d8657162b2a46f7a33124d1d",
        "x-ms-request-id": "3cf61959-e002-0080-320b-5a6742000000",
        "x-ms-version": "2019-02-02"
      },
      "ResponseBody": {
        "odata.metadata": "https://chrissscratch.table.core.windows.net/$metadata#testtablen2cwy3yq",
        "value": [
          {
            "odata.type": "chrissscratch.testtablen2cwy3yq",
            "odata.id": "https://chrissscratch.table.core.windows.net/testtablen2cwy3yq(PartitionKey=\u0027somPartition\u0027,RowKey=\u002711\u0027)",
            "odata.etag": "W/\u0022datetime\u00272020-07-14T18%3A18%3A05.2789635Z\u0027\u0022",
            "odata.editLink": "testtablen2cwy3yq(PartitionKey=\u0027somPartition\u0027,RowKey=\u002711\u0027)",
            "PartitionKey": "somPartition",
            "RowKey": "11",
            "Timestamp@odata.type": "Edm.DateTime",
            "Timestamp": "2020-07-14T18:18:05.2789635Z",
            "SomeStringProperty": "This is table entity number 11",
            "SomeDateProperty@odata.type": "Edm.DateTime",
            "SomeDateProperty": "2020-01-01T01:12:00Z",
            "SomeGuidProperty@odata.type": "Edm.Guid",
            "SomeGuidProperty": "0d391d16-97f1-4b9a-be68-4cc871f90011",
            "SomeBinaryProperty@odata.type": "Edm.Binary",
            "SomeBinaryProperty": "AQIDBAU=",
            "SomeInt64Property@odata.type": "Edm.Int64",
            "SomeInt64Property": "11",
            "SomeDoubleProperty0": 11.0,
            "SomeDoubleProperty1": 11.1,
            "SomeIntProperty": 11
          },
          {
            "odata.type": "chrissscratch.testtablen2cwy3yq",
            "odata.id": "https://chrissscratch.table.core.windows.net/testtablen2cwy3yq(PartitionKey=\u0027somPartition\u0027,RowKey=\u002712\u0027)",
            "odata.etag": "W/\u0022datetime\u00272020-07-14T18%3A18%3A05.3240005Z\u0027\u0022",
            "odata.editLink": "testtablen2cwy3yq(PartitionKey=\u0027somPartition\u0027,RowKey=\u002712\u0027)",
            "PartitionKey": "somPartition",
            "RowKey": "12",
            "Timestamp@odata.type": "Edm.DateTime",
            "Timestamp": "2020-07-14T18:18:05.3240005Z",
            "SomeStringProperty": "This is table entity number 12",
            "SomeDateProperty@odata.type": "Edm.DateTime",
            "SomeDateProperty": "2020-01-01T01:13:00Z",
            "SomeGuidProperty@odata.type": "Edm.Guid",
            "SomeGuidProperty": "0d391d16-97f1-4b9a-be68-4cc871f90012",
            "SomeBinaryProperty@odata.type": "Edm.Binary",
            "SomeBinaryProperty": "AQIDBAU=",
            "SomeInt64Property@odata.type": "Edm.Int64",
            "SomeInt64Property": "12",
            "SomeDoubleProperty0": 12.0,
            "SomeDoubleProperty1": 12.1,
            "SomeIntProperty": 12
          },
          {
            "odata.type": "chrissscratch.testtablen2cwy3yq",
            "odata.id": "https://chrissscratch.table.core.windows.net/testtablen2cwy3yq(PartitionKey=\u0027somPartition\u0027,RowKey=\u002713\u0027)",
            "odata.etag": "W/\u0022datetime\u00272020-07-14T18%3A18%3A05.3700391Z\u0027\u0022",
            "odata.editLink": "testtablen2cwy3yq(PartitionKey=\u0027somPartition\u0027,RowKey=\u002713\u0027)",
            "PartitionKey": "somPartition",
            "RowKey": "13",
            "Timestamp@odata.type": "Edm.DateTime",
            "Timestamp": "2020-07-14T18:18:05.3700391Z",
            "SomeStringProperty": "This is table entity number 13",
            "SomeDateProperty@odata.type": "Edm.DateTime",
            "SomeDateProperty": "2020-01-01T01:14:00Z",
            "SomeGuidProperty@odata.type": "Edm.Guid",
            "SomeGuidProperty": "0d391d16-97f1-4b9a-be68-4cc871f90013",
            "SomeBinaryProperty@odata.type": "Edm.Binary",
            "SomeBinaryProperty": "AQIDBAU=",
            "SomeInt64Property@odata.type": "Edm.Int64",
            "SomeInt64Property": "13",
            "SomeDoubleProperty0": 13.0,
            "SomeDoubleProperty1": 13.1,
            "SomeIntProperty": 13
          },
          {
            "odata.type": "chrissscratch.testtablen2cwy3yq",
            "odata.id": "https://chrissscratch.table.core.windows.net/testtablen2cwy3yq(PartitionKey=\u0027somPartition\u0027,RowKey=\u002714\u0027)",
            "odata.etag": "W/\u0022datetime\u00272020-07-14T18%3A18%3A05.4140752Z\u0027\u0022",
            "odata.editLink": "testtablen2cwy3yq(PartitionKey=\u0027somPartition\u0027,RowKey=\u002714\u0027)",
            "PartitionKey": "somPartition",
            "RowKey": "14",
            "Timestamp@odata.type": "Edm.DateTime",
            "Timestamp": "2020-07-14T18:18:05.4140752Z",
            "SomeStringProperty": "This is table entity number 14",
            "SomeDateProperty@odata.type": "Edm.DateTime",
            "SomeDateProperty": "2020-01-01T01:15:00Z",
            "SomeGuidProperty@odata.type": "Edm.Guid",
            "SomeGuidProperty": "0d391d16-97f1-4b9a-be68-4cc871f90014",
            "SomeBinaryProperty@odata.type": "Edm.Binary",
            "SomeBinaryProperty": "AQIDBAU=",
            "SomeInt64Property@odata.type": "Edm.Int64",
            "SomeInt64Property": "14",
            "SomeDoubleProperty0": 14.0,
            "SomeDoubleProperty1": 14.1,
            "SomeIntProperty": 14
          },
          {
            "odata.type": "chrissscratch.testtablen2cwy3yq",
            "odata.id": "https://chrissscratch.table.core.windows.net/testtablen2cwy3yq(PartitionKey=\u0027somPartition\u0027,RowKey=\u002715\u0027)",
            "odata.etag": "W/\u0022datetime\u00272020-07-14T18%3A18%3A05.4571113Z\u0027\u0022",
            "odata.editLink": "testtablen2cwy3yq(PartitionKey=\u0027somPartition\u0027,RowKey=\u002715\u0027)",
            "PartitionKey": "somPartition",
            "RowKey": "15",
            "Timestamp@odata.type": "Edm.DateTime",
            "Timestamp": "2020-07-14T18:18:05.4571113Z",
            "SomeStringProperty": "This is table entity number 15",
            "SomeDateProperty@odata.type": "Edm.DateTime",
            "SomeDateProperty": "2020-01-01T01:16:00Z",
            "SomeGuidProperty@odata.type": "Edm.Guid",
            "SomeGuidProperty": "0d391d16-97f1-4b9a-be68-4cc871f90015",
            "SomeBinaryProperty@odata.type": "Edm.Binary",
            "SomeBinaryProperty": "AQIDBAU=",
            "SomeInt64Property@odata.type": "Edm.Int64",
            "SomeInt64Property": "15",
            "SomeDoubleProperty0": 15.0,
            "SomeDoubleProperty1": 15.1,
            "SomeIntProperty": 15
          },
          {
            "odata.type": "chrissscratch.testtablen2cwy3yq",
            "odata.id": "https://chrissscratch.table.core.windows.net/testtablen2cwy3yq(PartitionKey=\u0027somPartition\u0027,RowKey=\u002716\u0027)",
            "odata.etag": "W/\u0022datetime\u00272020-07-14T18%3A18%3A05.5031495Z\u0027\u0022",
            "odata.editLink": "testtablen2cwy3yq(PartitionKey=\u0027somPartition\u0027,RowKey=\u002716\u0027)",
            "PartitionKey": "somPartition",
            "RowKey": "16",
            "Timestamp@odata.type": "Edm.DateTime",
            "Timestamp": "2020-07-14T18:18:05.5031495Z",
            "SomeStringProperty": "This is table entity number 16",
            "SomeDateProperty@odata.type": "Edm.DateTime",
            "SomeDateProperty": "2020-01-01T01:17:00Z",
            "SomeGuidProperty@odata.type": "Edm.Guid",
            "SomeGuidProperty": "0d391d16-97f1-4b9a-be68-4cc871f90016",
            "SomeBinaryProperty@odata.type": "Edm.Binary",
            "SomeBinaryProperty": "AQIDBAU=",
            "SomeInt64Property@odata.type": "Edm.Int64",
            "SomeInt64Property": "16",
            "SomeDoubleProperty0": 16.0,
            "SomeDoubleProperty1": 16.1,
            "SomeIntProperty": 16
          },
          {
            "odata.type": "chrissscratch.testtablen2cwy3yq",
            "odata.id": "https://chrissscratch.table.core.windows.net/testtablen2cwy3yq(PartitionKey=\u0027somPartition\u0027,RowKey=\u002717\u0027)",
            "odata.etag": "W/\u0022datetime\u00272020-07-14T18%3A18%3A05.5461851Z\u0027\u0022",
            "odata.editLink": "testtablen2cwy3yq(PartitionKey=\u0027somPartition\u0027,RowKey=\u002717\u0027)",
            "PartitionKey": "somPartition",
            "RowKey": "17",
            "Timestamp@odata.type": "Edm.DateTime",
            "Timestamp": "2020-07-14T18:18:05.5461851Z",
            "SomeStringProperty": "This is table entity number 17",
            "SomeDateProperty@odata.type": "Edm.DateTime",
            "SomeDateProperty": "2020-01-01T01:18:00Z",
            "SomeGuidProperty@odata.type": "Edm.Guid",
            "SomeGuidProperty": "0d391d16-97f1-4b9a-be68-4cc871f90017",
            "SomeBinaryProperty@odata.type": "Edm.Binary",
            "SomeBinaryProperty": "AQIDBAU=",
            "SomeInt64Property@odata.type": "Edm.Int64",
            "SomeInt64Property": "17",
            "SomeDoubleProperty0": 17.0,
            "SomeDoubleProperty1": 17.1,
            "SomeIntProperty": 17
          },
          {
            "odata.type": "chrissscratch.testtablen2cwy3yq",
            "odata.id": "https://chrissscratch.table.core.windows.net/testtablen2cwy3yq(PartitionKey=\u0027somPartition\u0027,RowKey=\u002718\u0027)",
            "odata.etag": "W/\u0022datetime\u00272020-07-14T18%3A18%3A05.5892208Z\u0027\u0022",
            "odata.editLink": "testtablen2cwy3yq(PartitionKey=\u0027somPartition\u0027,RowKey=\u002718\u0027)",
            "PartitionKey": "somPartition",
            "RowKey": "18",
            "Timestamp@odata.type": "Edm.DateTime",
            "Timestamp": "2020-07-14T18:18:05.5892208Z",
            "SomeStringProperty": "This is table entity number 18",
            "SomeDateProperty@odata.type": "Edm.DateTime",
            "SomeDateProperty": "2020-01-01T01:19:00Z",
            "SomeGuidProperty@odata.type": "Edm.Guid",
            "SomeGuidProperty": "0d391d16-97f1-4b9a-be68-4cc871f90018",
            "SomeBinaryProperty@odata.type": "Edm.Binary",
            "SomeBinaryProperty": "AQIDBAU=",
            "SomeInt64Property@odata.type": "Edm.Int64",
            "SomeInt64Property": "18",
            "SomeDoubleProperty0": 18.0,
            "SomeDoubleProperty1": 18.1,
            "SomeIntProperty": 18
          },
          {
            "odata.type": "chrissscratch.testtablen2cwy3yq",
            "odata.id": "https://chrissscratch.table.core.windows.net/testtablen2cwy3yq(PartitionKey=\u0027somPartition\u0027,RowKey=\u002719\u0027)",
            "odata.etag": "W/\u0022datetime\u00272020-07-14T18%3A18%3A05.6322565Z\u0027\u0022",
            "odata.editLink": "testtablen2cwy3yq(PartitionKey=\u0027somPartition\u0027,RowKey=\u002719\u0027)",
            "PartitionKey": "somPartition",
            "RowKey": "19",
            "Timestamp@odata.type": "Edm.DateTime",
            "Timestamp": "2020-07-14T18:18:05.6322565Z",
            "SomeStringProperty": "This is table entity number 19",
            "SomeDateProperty@odata.type": "Edm.DateTime",
            "SomeDateProperty": "2020-01-01T01:20:00Z",
            "SomeGuidProperty@odata.type": "Edm.Guid",
            "SomeGuidProperty": "0d391d16-97f1-4b9a-be68-4cc871f90019",
            "SomeBinaryProperty@odata.type": "Edm.Binary",
            "SomeBinaryProperty": "AQIDBAU=",
            "SomeInt64Property@odata.type": "Edm.Int64",
            "SomeInt64Property": "19",
            "SomeDoubleProperty0": 19.0,
            "SomeDoubleProperty1": 19.1,
            "SomeIntProperty": 19
          },
          {
            "odata.type": "chrissscratch.testtablen2cwy3yq",
            "odata.id": "https://chrissscratch.table.core.windows.net/testtablen2cwy3yq(PartitionKey=\u0027somPartition\u0027,RowKey=\u002720\u0027)",
            "odata.etag": "W/\u0022datetime\u00272020-07-14T18%3A18%3A05.674291Z\u0027\u0022",
            "odata.editLink": "testtablen2cwy3yq(PartitionKey=\u0027somPartition\u0027,RowKey=\u002720\u0027)",
            "PartitionKey": "somPartition",
            "RowKey": "20",
            "Timestamp@odata.type": "Edm.DateTime",
            "Timestamp": "2020-07-14T18:18:05.674291Z",
            "SomeStringProperty": "This is table entity number 20",
            "SomeDateProperty@odata.type": "Edm.DateTime",
            "SomeDateProperty": "2020-01-01T01:21:00Z",
            "SomeGuidProperty@odata.type": "Edm.Guid",
            "SomeGuidProperty": "0d391d16-97f1-4b9a-be68-4cc871f90020",
            "SomeBinaryProperty@odata.type": "Edm.Binary",
            "SomeBinaryProperty": "AQIDBAU=",
            "SomeInt64Property@odata.type": "Edm.Int64",
            "SomeInt64Property": "20",
            "SomeDoubleProperty0": 20.0,
            "SomeDoubleProperty1": 20.1,
            "SomeIntProperty": 20
          }
        ]
      }
    },
    {
      "RequestUri": "https://chrissscratch.table.core.windows.net/Tables(\u0027testtablen2cwy3yq\u0027)",
      "RequestMethod": "DELETE",
      "RequestHeaders": {
        "Accept": "application/json",
        "Authorization": "Sanitized",
        "traceparent": "00-f07c2c6f887f5f4aae6f6439ff542430-1d23c8e326bf7640-00",
        "User-Agent": [
          "azsdk-net-Data.Tables/1.0.0-dev.20200713.1",
          "(.NET Core 4.6.28928.01; Microsoft Windows 10.0.18363 )"
        ],
        "x-ms-client-request-id": "ddb82d676c76896072b0dfe1d407a9df",
        "x-ms-date": "Tue, 14 Jul 2020 18:18:06 GMT",
        "x-ms-return-client-request-id": "true",
        "x-ms-version": "2019-02-02"
      },
      "RequestBody": null,
      "StatusCode": 204,
      "ResponseHeaders": {
        "Cache-Control": "no-cache",
        "Content-Length": "0",
        "Date": "Tue, 14 Jul 2020 18:18:05 GMT",
        "Server": [
          "Windows-Azure-Table/1.0",
          "Microsoft-HTTPAPI/2.0"
        ],
        "X-Content-Type-Options": "nosniff",
        "x-ms-client-request-id": "ddb82d676c76896072b0dfe1d407a9df",
        "x-ms-request-id": "3cf61974-e002-0080-4c0b-5a6742000000",
        "x-ms-version": "2019-02-02"
      },
      "ResponseBody": []
    }
  ],
  "Variables": {
    "RandomSeed": "856467940",
    "TABLES_PRIMARY_STORAGE_ACCOUNT_KEY": "",
    "TABLES_STORAGE_ACCOUNT_NAME": "chrissscratch"
  }
}