{
  "Entries": [
    {
      "RequestUri": "https://chrissscratch.table.core.windows.net/Tables?$format=application%2Fjson%3Bodata%3Dfullmetadata",
      "RequestMethod": "POST",
      "RequestHeaders": {
        "Authorization": "Sanitized",
        "Content-Length": "33",
        "Content-Type": "application/json; odata=nometadata",
        "DataServiceVersion": "3.0",
        "traceparent": "00-cdd72c33f4e2a541a3658f9a9eac7665-d11ea22eecc5d04b-00",
        "User-Agent": [
          "azsdk-net-Data.Tables/1.0.0-dev.20200713.1",
          "(.NET Core 4.6.28928.01; Microsoft Windows 10.0.18363 )"
        ],
        "x-ms-client-request-id": "f06b43734a5e78e77c97bed01fb7ce35",
        "x-ms-date": "Tue, 14 Jul 2020 18:18:07 GMT",
        "x-ms-return-client-request-id": "true",
        "x-ms-version": "2019-02-02"
      },
      "RequestBody": {
        "TableName": "testtablenuzsq5sj"
      },
      "StatusCode": 201,
      "ResponseHeaders": {
        "Cache-Control": "no-cache",
        "Content-Type": "application/json; odata=fullmetadata; streaming=true; charset=utf-8",
        "Date": "Tue, 14 Jul 2020 18:18:06 GMT",
        "Location": "https://chrissscratch.table.core.windows.net/Tables(\u0027testtablenuzsq5sj\u0027)",
        "Server": [
          "Windows-Azure-Table/1.0",
          "Microsoft-HTTPAPI/2.0"
        ],
        "Transfer-Encoding": "chunked",
        "X-Content-Type-Options": "nosniff",
        "x-ms-client-request-id": "f06b43734a5e78e77c97bed01fb7ce35",
        "x-ms-request-id": "3cf61a9e-e002-0080-660b-5a6742000000",
        "x-ms-version": "2019-02-02"
      },
      "ResponseBody": {
        "odata.metadata": "https://chrissscratch.table.core.windows.net/$metadata#Tables/@Element",
        "odata.type": "chrissscratch.Tables",
        "odata.id": "https://chrissscratch.table.core.windows.net/Tables(\u0027testtablenuzsq5sj\u0027)",
        "odata.editLink": "Tables(\u0027testtablenuzsq5sj\u0027)",
        "TableName": "testtablenuzsq5sj"
      }
    },
    {
      "RequestUri": "https://chrissscratch.table.core.windows.net/testtablenuzsq5sj(PartitionKey=\u0027somPartition\u0027,RowKey=\u00271\u0027)?$format=application%2Fjson%3Bodata%3Dfullmetadata",
      "RequestMethod": "PUT",
      "RequestHeaders": {
        "Authorization": "Sanitized",
        "Content-Length": "181",
        "Content-Type": "application/json",
        "DataServiceVersion": "3.0",
        "traceparent": "00-42c04fa9b2bff84999da4defcf7d7e98-a85f1661870d974b-00",
        "User-Agent": [
          "azsdk-net-Data.Tables/1.0.0-dev.20200713.1",
          "(.NET Core 4.6.28928.01; Microsoft Windows 10.0.18363 )"
        ],
        "x-ms-client-request-id": "d329fee855e3fd218e97de5f65147a27",
        "x-ms-date": "Tue, 14 Jul 2020 18:18:07 GMT",
        "x-ms-return-client-request-id": "true",
        "x-ms-version": "2019-02-02"
      },
      "RequestBody": {
        "StringTypeProperty": "This is the original",
        "PartitionKey": "somPartition",
        "RowKey": "1",
        "Timestamp": "0001-01-01T00:00:00.0000000Z",
        "Timestamp@odata.type": "Edm.DateTime",
        "ETag": null
      },
      "StatusCode": 204,
      "ResponseHeaders": {
        "Cache-Control": "no-cache",
        "Content-Length": "0",
        "Date": "Tue, 14 Jul 2020 18:18:06 GMT",
        "ETag": "W/\u0022datetime\u00272020-07-14T18%3A18%3A07.2449538Z\u0027\u0022",
        "Server": [
          "Windows-Azure-Table/1.0",
          "Microsoft-HTTPAPI/2.0"
        ],
        "X-Content-Type-Options": "nosniff",
        "x-ms-client-request-id": "d329fee855e3fd218e97de5f65147a27",
        "x-ms-request-id": "3cf61aa5-e002-0080-6b0b-5a6742000000",
        "x-ms-version": "2019-02-02"
      },
      "ResponseBody": []
    },
    {
      "RequestUri": "https://chrissscratch.table.core.windows.net/testtablenuzsq5sj()?$format=application%2Fjson%3Bodata%3Dfullmetadata\u0026$filter=PartitionKey%20eq%20%27somPartition%27%20and%20RowKey%20eq%20%271%27",
      "RequestMethod": "GET",
      "RequestHeaders": {
        "Authorization": "Sanitized",
        "DataServiceVersion": "3.0",
        "User-Agent": [
          "azsdk-net-Data.Tables/1.0.0-dev.20200713.1",
          "(.NET Core 4.6.28928.01; Microsoft Windows 10.0.18363 )"
        ],
        "x-ms-client-request-id": "fd7942a9f9b0a410301c66ee3fba384e",
        "x-ms-date": "Tue, 14 Jul 2020 18:18:07 GMT",
        "x-ms-return-client-request-id": "true",
        "x-ms-version": "2019-02-02"
      },
      "RequestBody": null,
      "StatusCode": 200,
      "ResponseHeaders": {
        "Cache-Control": "no-cache",
        "Content-Type": "application/json; odata=fullmetadata; streaming=true; charset=utf-8",
        "Date": "Tue, 14 Jul 2020 18:18:06 GMT",
        "Server": [
          "Windows-Azure-Table/1.0",
          "Microsoft-HTTPAPI/2.0"
        ],
        "Transfer-Encoding": "chunked",
        "X-Content-Type-Options": "nosniff",
        "x-ms-client-request-id": "fd7942a9f9b0a410301c66ee3fba384e",
        "x-ms-request-id": "3cf61ab0-e002-0080-760b-5a6742000000",
        "x-ms-version": "2019-02-02"
      },
      "ResponseBody": {
        "odata.metadata": "https://chrissscratch.table.core.windows.net/$metadata#testtablenuzsq5sj",
        "value": [
          {
            "odata.type": "chrissscratch.testtablenuzsq5sj",
            "odata.id": "https://chrissscratch.table.core.windows.net/testtablenuzsq5sj(PartitionKey=\u0027somPartition\u0027,RowKey=\u00271\u0027)",
            "odata.etag": "W/\u0022datetime\u00272020-07-14T18%3A18%3A07.2449538Z\u0027\u0022",
            "odata.editLink": "testtablenuzsq5sj(PartitionKey=\u0027somPartition\u0027,RowKey=\u00271\u0027)",
            "PartitionKey": "somPartition",
            "RowKey": "1",
            "Timestamp@odata.type": "Edm.DateTime",
            "Timestamp": "2020-07-14T18:18:07.2449538Z",
            "StringTypeProperty": "This is the original"
          }
        ]
      }
    },
    {
      "RequestUri": "https://chrissscratch.table.core.windows.net/testtablenuzsq5sj(PartitionKey=\u0027somPartition\u0027,RowKey=\u00271\u0027)?$format=application%2Fjson%3Bodata%3Dfullmetadata",
      "RequestMethod": "PUT",
      "RequestHeaders": {
        "Authorization": "Sanitized",
        "Content-Length": "580",
        "Content-Type": "application/json",
        "DataServiceVersion": "3.0",
        "If-Match": "*",
        "traceparent": "00-33dbe760be90974b8be7a2a038a65af6-890f8a068da7f24f-00",
        "User-Agent": [
          "azsdk-net-Data.Tables/1.0.0-dev.20200713.1",
          "(.NET Core 4.6.28928.01; Microsoft Windows 10.0.18363 )"
        ],
        "x-ms-client-request-id": "17a731f9579aed8f4af2cfb208191783",
        "x-ms-date": "Tue, 14 Jul 2020 18:18:07 GMT",
        "x-ms-return-client-request-id": "true",
        "x-ms-version": "2019-02-02"
      },
      "RequestBody": {
        "odata.type": "chrissscratch.testtablenuzsq5sj",
        "odata.id": "https://chrissscratch.table.core.windows.net/testtablenuzsq5sj(PartitionKey=\u0027somPartition\u0027,RowKey=\u00271\u0027)",
        "odata.etag": "W/\u0022datetime\u00272020-07-14T18%3A18%3A07.2449538Z\u0027\u0022",
        "odata.editLink": "testtablenuzsq5sj(PartitionKey=\u0027somPartition\u0027,RowKey=\u00271\u0027)",
        "PartitionKey": "somPartition",
        "RowKey": "1",
        "SomeStringProperty": "This is new and improved!",
        "Timestamp": "2020-07-14T18:18:07.2449538Z",
        "Timestamp@odata.type": "Edm.DateTime",
        "StringTypeProperty": "This is the original"
      },
      "StatusCode": 204,
      "ResponseHeaders": {
        "Cache-Control": "no-cache",
        "Content-Length": "0",
        "Date": "Tue, 14 Jul 2020 18:18:06 GMT",
        "ETag": "W/\u0022datetime\u00272020-07-14T18%3A18%3A07.3290238Z\u0027\u0022",
        "Server": [
          "Windows-Azure-Table/1.0",
          "Microsoft-HTTPAPI/2.0"
        ],
        "X-Content-Type-Options": "nosniff",
        "x-ms-client-request-id": "17a731f9579aed8f4af2cfb208191783",
        "x-ms-request-id": "3cf61ab7-e002-0080-7c0b-5a6742000000",
        "x-ms-version": "2019-02-02"
      },
      "ResponseBody": []
    },
    {
      "RequestUri": "https://chrissscratch.table.core.windows.net/testtablenuzsq5sj()?$format=application%2Fjson%3Bodata%3Dfullmetadata\u0026$filter=PartitionKey%20eq%20%27somPartition%27%20and%20RowKey%20eq%20%271%27",
      "RequestMethod": "GET",
      "RequestHeaders": {
        "Authorization": "Sanitized",
        "DataServiceVersion": "3.0",
        "User-Agent": [
          "azsdk-net-Data.Tables/1.0.0-dev.20200713.1",
          "(.NET Core 4.6.28928.01; Microsoft Windows 10.0.18363 )"
        ],
        "x-ms-client-request-id": "7475a9433855efd8ee85a2c7ef32bed4",
        "x-ms-date": "Tue, 14 Jul 2020 18:18:07 GMT",
        "x-ms-return-client-request-id": "true",
        "x-ms-version": "2019-02-02"
      },
      "RequestBody": null,
      "StatusCode": 200,
      "ResponseHeaders": {
        "Cache-Control": "no-cache",
        "Content-Type": "application/json; odata=fullmetadata; streaming=true; charset=utf-8",
        "Date": "Tue, 14 Jul 2020 18:18:06 GMT",
        "Server": [
          "Windows-Azure-Table/1.0",
          "Microsoft-HTTPAPI/2.0"
        ],
        "Transfer-Encoding": "chunked",
        "X-Content-Type-Options": "nosniff",
        "x-ms-client-request-id": "7475a9433855efd8ee85a2c7ef32bed4",
        "x-ms-request-id": "3cf61abb-e002-0080-800b-5a6742000000",
        "x-ms-version": "2019-02-02"
      },
      "ResponseBody": {
        "odata.metadata": "https://chrissscratch.table.core.windows.net/$metadata#testtablenuzsq5sj",
        "value": [
          {
            "odata.type": "chrissscratch.testtablenuzsq5sj",
            "odata.id": "https://chrissscratch.table.core.windows.net/testtablenuzsq5sj(PartitionKey=\u0027somPartition\u0027,RowKey=\u00271\u0027)",
            "odata.etag": "W/\u0022datetime\u00272020-07-14T18%3A18%3A07.3290238Z\u0027\u0022",
            "odata.editLink": "testtablenuzsq5sj(PartitionKey=\u0027somPartition\u0027,RowKey=\u00271\u0027)",
            "PartitionKey": "somPartition",
            "RowKey": "1",
            "Timestamp@odata.type": "Edm.DateTime",
            "Timestamp": "2020-07-14T18:18:07.3290238Z",
            "SomeStringProperty": "This is new and improved!",
            "StringTypeProperty": "This is the original"
          }
        ]
      }
    },
    {
      "RequestUri": "https://chrissscratch.table.core.windows.net/testtablenuzsq5sj(PartitionKey=\u0027somPartition\u0027,RowKey=\u00271\u0027)?$format=application%2Fjson%3Bodata%3Dfullmetadata",
      "RequestMethod": "PUT",
      "RequestHeaders": {
        "Authorization": "Sanitized",
        "Content-Length": "590",
        "Content-Type": "application/json",
        "DataServiceVersion": "3.0",
        "If-Match": "W/\u0022datetime\u00272020-07-14T18%3A18%3A07.2449538Z\u0027\u0022",
        "traceparent": "00-9a33c8532f499448b10aa71fcf01c599-b1181458021cca43-00",
        "User-Agent": [
          "azsdk-net-Data.Tables/1.0.0-dev.20200713.1",
          "(.NET Core 4.6.28928.01; Microsoft Windows 10.0.18363 )"
        ],
        "x-ms-client-request-id": "34658f5f626c528cb38bb2bd295d9b17",
        "x-ms-date": "Tue, 14 Jul 2020 18:18:07 GMT",
        "x-ms-return-client-request-id": "true",
        "x-ms-version": "2019-02-02"
      },
      "RequestBody": {
        "odata.type": "chrissscratch.testtablenuzsq5sj",
        "odata.id": "https://chrissscratch.table.core.windows.net/testtablenuzsq5sj(PartitionKey=\u0027somPartition\u0027,RowKey=\u00271\u0027)",
        "odata.etag": "W/\u0022datetime\u00272020-07-14T18%3A18%3A07.3290238Z\u0027\u0022",
        "odata.editLink": "testtablenuzsq5sj(PartitionKey=\u0027somPartition\u0027,RowKey=\u00271\u0027)",
        "PartitionKey": "somPartition",
        "RowKey": "1",
        "Timestamp": "2020-07-14T18:18:07.3290238Z",
        "Timestamp@odata.type": "Edm.DateTime",
        "SomeStringProperty": "This changed due to a matching Etag",
        "StringTypeProperty": "This is the original"
      },
      "StatusCode": 412,
      "ResponseHeaders": {
        "Cache-Control": "no-cache",
        "Content-Type": "application/json; odata=fullmetadata; streaming=true; charset=utf-8",
        "Date": "Tue, 14 Jul 2020 18:18:06 GMT",
        "Server": [
          "Windows-Azure-Table/1.0",
          "Microsoft-HTTPAPI/2.0"
        ],
        "Transfer-Encoding": "chunked",
        "X-Content-Type-Options": "nosniff",
        "x-ms-client-request-id": "34658f5f626c528cb38bb2bd295d9b17",
        "x-ms-request-id": "3cf61ac4-e002-0080-080b-5a6742000000",
        "x-ms-version": "2019-02-02"
      },
      "ResponseBody": {
        "odata.error": {
          "code": "UpdateConditionNotSatisfied",
          "message": {
            "lang": "en-US",
            "value": "The update condition specified in the request was not satisfied.\nRequestId:3cf61ac4-e002-0080-080b-5a6742000000\nTime:2020-07-14T18:18:07.4177376Z"
          }
        }
      }
    },
    {
      "RequestUri": "https://chrissscratch.table.core.windows.net/testtablenuzsq5sj(PartitionKey=\u0027somPartition\u0027,RowKey=\u00271\u0027)?$format=application%2Fjson%3Bodata%3Dfullmetadata",
      "RequestMethod": "PUT",
      "RequestHeaders": {
        "Authorization": "Sanitized",
        "Content-Length": "590",
        "Content-Type": "application/json",
        "DataServiceVersion": "3.0",
        "If-Match": "W/\u0022datetime\u00272020-07-14T18%3A18%3A07.3290238Z\u0027\u0022",
        "traceparent": "00-df8b59d151696047ba7098aa7c4c0b59-d87d57bef4806647-00",
        "User-Agent": [
          "azsdk-net-Data.Tables/1.0.0-dev.20200713.1",
          "(.NET Core 4.6.28928.01; Microsoft Windows 10.0.18363 )"
        ],
        "x-ms-client-request-id": "95abe205c344c1f959b82915b4c7fe18",
        "x-ms-date": "Tue, 14 Jul 2020 18:18:07 GMT",
        "x-ms-return-client-request-id": "true",
        "x-ms-version": "2019-02-02"
      },
      "RequestBody": {
        "odata.type": "chrissscratch.testtablenuzsq5sj",
        "odata.id": "https://chrissscratch.table.core.windows.net/testtablenuzsq5sj(PartitionKey=\u0027somPartition\u0027,RowKey=\u00271\u0027)",
        "odata.etag": "W/\u0022datetime\u00272020-07-14T18%3A18%3A07.3290238Z\u0027\u0022",
        "odata.editLink": "testtablenuzsq5sj(PartitionKey=\u0027somPartition\u0027,RowKey=\u00271\u0027)",
        "PartitionKey": "somPartition",
        "RowKey": "1",
        "Timestamp": "2020-07-14T18:18:07.3290238Z",
        "Timestamp@odata.type": "Edm.DateTime",
        "SomeStringProperty": "This changed due to a matching Etag",
        "StringTypeProperty": "This is the original"
      },
      "StatusCode": 204,
      "ResponseHeaders": {
        "Cache-Control": "no-cache",
        "Content-Length": "0",
        "Date": "Tue, 14 Jul 2020 18:18:06 GMT",
        "ETag": "W/\u0022datetime\u00272020-07-14T18%3A18%3A07.4601328Z\u0027\u0022",
        "Server": [
          "Windows-Azure-Table/1.0",
          "Microsoft-HTTPAPI/2.0"
        ],
        "X-Content-Type-Options": "nosniff",
        "x-ms-client-request-id": "95abe205c344c1f959b82915b4c7fe18",
        "x-ms-request-id": "3cf61ac8-e002-0080-0c0b-5a6742000000",
        "x-ms-version": "2019-02-02"
      },
      "ResponseBody": []
    },
    {
      "RequestUri": "https://chrissscratch.table.core.windows.net/testtablenuzsq5sj()?$format=application%2Fjson%3Bodata%3Dfullmetadata\u0026$filter=PartitionKey%20eq%20%27somPartition%27%20and%20RowKey%20eq%20%271%27",
      "RequestMethod": "GET",
      "RequestHeaders": {
        "Authorization": "Sanitized",
        "DataServiceVersion": "3.0",
        "User-Agent": [
          "azsdk-net-Data.Tables/1.0.0-dev.20200713.1",
          "(.NET Core 4.6.28928.01; Microsoft Windows 10.0.18363 )"
        ],
        "x-ms-client-request-id": "7953fb34e2b3e0171c23c1c9851ac591",
        "x-ms-date": "Tue, 14 Jul 2020 18:18:07 GMT",
        "x-ms-return-client-request-id": "true",
        "x-ms-version": "2019-02-02"
      },
      "RequestBody": null,
      "StatusCode": 200,
      "ResponseHeaders": {
        "Cache-Control": "no-cache",
        "Content-Type": "application/json; odata=fullmetadata; streaming=true; charset=utf-8",
        "Date": "Tue, 14 Jul 2020 18:18:06 GMT",
        "Server": [
          "Windows-Azure-Table/1.0",
          "Microsoft-HTTPAPI/2.0"
        ],
        "Transfer-Encoding": "chunked",
        "X-Content-Type-Options": "nosniff",
        "x-ms-client-request-id": "7953fb34e2b3e0171c23c1c9851ac591",
        "x-ms-request-id": "3cf61acc-e002-0080-100b-5a6742000000",
        "x-ms-version": "2019-02-02"
      },
      "ResponseBody": {
        "odata.metadata": "https://chrissscratch.table.core.windows.net/$metadata#testtablenuzsq5sj",
        "value": [
          {
            "odata.type": "chrissscratch.testtablenuzsq5sj",
            "odata.id": "https://chrissscratch.table.core.windows.net/testtablenuzsq5sj(PartitionKey=\u0027somPartition\u0027,RowKey=\u00271\u0027)",
            "odata.etag": "W/\u0022datetime\u00272020-07-14T18%3A18%3A07.4601328Z\u0027\u0022",
            "odata.editLink": "testtablenuzsq5sj(PartitionKey=\u0027somPartition\u0027,RowKey=\u00271\u0027)",
            "PartitionKey": "somPartition",
            "RowKey": "1",
            "Timestamp@odata.type": "Edm.DateTime",
            "Timestamp": "2020-07-14T18:18:07.4601328Z",
            "SomeStringProperty": "This changed due to a matching Etag",
            "StringTypeProperty": "This is the original"
          }
        ]
      }
    },
    {
      "RequestUri": "https://chrissscratch.table.core.windows.net/Tables(\u0027testtablenuzsq5sj\u0027)",
      "RequestMethod": "DELETE",
      "RequestHeaders": {
        "Accept": "application/json",
        "Authorization": "Sanitized",
        "traceparent": "00-9675a708449b7345a8272ec597e523e1-f580bacff71fc14b-00",
        "User-Agent": [
          "azsdk-net-Data.Tables/1.0.0-dev.20200713.1",
          "(.NET Core 4.6.28928.01; Microsoft Windows 10.0.18363 )"
        ],
        "x-ms-client-request-id": "0cc28bea28869c8f96a4dbb339779deb",
        "x-ms-date": "Tue, 14 Jul 2020 18:18:07 GMT",
        "x-ms-return-client-request-id": "true",
        "x-ms-version": "2019-02-02"
      },
      "RequestBody": null,
      "StatusCode": 204,
      "ResponseHeaders": {
        "Cache-Control": "no-cache",
        "Content-Length": "0",
        "Date": "Tue, 14 Jul 2020 18:18:06 GMT",
        "Server": [
          "Windows-Azure-Table/1.0",
          "Microsoft-HTTPAPI/2.0"
        ],
        "X-Content-Type-Options": "nosniff",
        "x-ms-client-request-id": "0cc28bea28869c8f96a4dbb339779deb",
        "x-ms-request-id": "3cf61ad3-e002-0080-170b-5a6742000000",
        "x-ms-version": "2019-02-02"
      },
      "ResponseBody": []
    }
  ],
  "Variables": {
    "RandomSeed": "1966298255",
    "TABLES_PRIMARY_STORAGE_ACCOUNT_KEY": "",
    "TABLES_STORAGE_ACCOUNT_NAME": "chrissscratch"
  }
}