{
  "Entries": [
    {
      "RequestUri": "https://management.azure.com/subscriptions/db1ab6f0-4769-4b27-930e-01e2ef9c123c?api-version=2021-01-01",
      "RequestMethod": "GET",
      "RequestHeaders": {
        "Accept": "application/json",
        "Authorization": "Sanitized",
        "traceparent": "00-5c6cedbd4aed254f0b7912ec6c2f106b-dc5c719e475cb889-00",
        "User-Agent": "azsdk-net-ResourceManager/1.3.1 (.NET 6.0.10; Microsoft Windows 10.0.19044)",
        "x-ms-client-request-id": "fe82b1c4f0d410e8a6f9ae787655e0b1",
        "x-ms-return-client-request-id": "true"
      },
      "RequestBody": null,
      "StatusCode": 200,
      "ResponseHeaders": {
        "Cache-Control": "no-cache",
        "Content-Length": "747",
        "Content-Type": "application/json; charset=utf-8",
        "Date": "Wed, 19 Oct 2022 09:18:46 GMT",
        "Expires": "-1",
        "Pragma": "no-cache",
        "Strict-Transport-Security": "max-age=31536000; includeSubDomains",
        "X-Content-Type-Options": "nosniff",
        "x-ms-correlation-request-id": "00201023-cd50-45b6-9a1d-b8ee67a158f4",
        "x-ms-ratelimit-remaining-subscription-reads": "11985",
        "x-ms-request-id": "00201023-cd50-45b6-9a1d-b8ee67a158f4",
        "x-ms-routing-request-id": "SOUTHEASTASIA:20221019T091847Z:00201023-cd50-45b6-9a1d-b8ee67a158f4"
      },
      "ResponseBody": {
        "id": "/subscriptions/db1ab6f0-4769-4b27-930e-01e2ef9c123c",
        "authorizationSource": "RoleBased",
        "managedByTenants": [],
        "tags": {
          "TagKey-9823": "TagValue-566",
          "TagKey-3481": "TagValue-320",
          "TagKey-4926": "TagValue-1187",
          "TagKey-751": "TagValue-3921",
          "TagKey-1866": "TagValue-8559",
          "TagKey-3094": "TagValue-9190",
          "TagKey-2449": "TagValue-9",
          "TagKey-8379": "TagValue-164",
          "TagKey-7470": "TagValue-2205",
          "TagKey-4236": "TagValue-3698",
          "TagKey-5316": "TagValue-2725"
        },
        "subscriptionId": "db1ab6f0-4769-4b27-930e-01e2ef9c123c",
        "tenantId": "72f988bf-86f1-41af-91ab-2d7cd011db47",
        "displayName": ".NET Mgmt SDK Test with TTL = 1 Day",
        "state": "Enabled",
        "subscriptionPolicies": {
          "locationPlacementId": "Internal_2014-09-01",
          "quotaId": "Internal_2014-09-01",
          "spendingLimit": "Off"
        }
      }
    },
    {
      "RequestUri": "https://management.azure.com/subscriptions/db1ab6f0-4769-4b27-930e-01e2ef9c123c/resourcegroups/uai-rg7876?api-version=**",
      "RequestMethod": "PUT",
      "RequestHeaders": {
        "Accept": "application/json",
        "Authorization": "Sanitized",
        "Content-Length": "21",
        "Content-Type": "application/json",
        "traceparent": "00-6b00b424d3d97aa91e9f9fd8757758b7-31207d68224bb5a6-00",
        "User-Agent": "azsdk-net-ResourceManager/1.3.1 (.NET 6.0.10; Microsoft Windows 10.0.19044)",
        "x-ms-client-request-id": "896010eb18e59f66488e02e61d007f34",
        "x-ms-return-client-request-id": "true"
      },
      "RequestBody": {
        "location": "eastus"
      },
      "StatusCode": 201,
      "ResponseHeaders": {
        "Cache-Control": "no-cache",
        "Content-Length": "217",
        "Content-Type": "application/json; charset=utf-8",
        "Date": "Wed, 19 Oct 2022 09:18:50 GMT",
        "Expires": "-1",
        "Pragma": "no-cache",
        "Strict-Transport-Security": "max-age=31536000; includeSubDomains",
        "X-Content-Type-Options": "nosniff",
        "x-ms-correlation-request-id": "3911c867-e194-420a-b75d-a330131b34cb",
        "x-ms-ratelimit-remaining-subscription-writes": "1187",
        "x-ms-request-id": "3911c867-e194-420a-b75d-a330131b34cb",
        "x-ms-routing-request-id": "SOUTHEASTASIA:20221019T091850Z:3911c867-e194-420a-b75d-a330131b34cb"
      },
      "ResponseBody": {
        "id": "/subscriptions/db1ab6f0-4769-4b27-930e-01e2ef9c123c/resourceGroups/uai-rg7876",
        "name": "uai-rg7876",
        "type": "Microsoft.Resources/resourceGroups",
        "location": "eastus",
        "properties": {
          "provisioningState": "Succeeded"
        }
      }
    },
    {
      "RequestUri": "https://management.azure.com/subscriptions/db1ab6f0-4769-4b27-930e-01e2ef9c123c/resourceGroups/uai-rg7876/providers/Microsoft.ManagedIdentity/userAssignedIdentities/uai3325?api-version=2022-01-31-preview",
      "RequestMethod": "PUT",
      "RequestHeaders": {
        "Accept": "application/json",
        "Authorization": "Sanitized",
        "Content-Length": "47",
        "Content-Type": "application/json",
        "traceparent": "00-73f4cf698c58bcaea2609bd8e0e3f177-9ca5fc2e5ad46272-00",
        "User-Agent": "azsdk-net-ResourceManager.ManagedServiceIdentities/1.1.0-alpha.20221019.1 (.NET 6.0.10; Microsoft Windows 10.0.19044)",
        "x-ms-client-request-id": "54c069278da38e98aa3f657118e00d8c",
        "x-ms-return-client-request-id": "true"
      },
      "RequestBody": {
        "tags": {},
        "location": "eastus",
        "properties": {}
      },
      "StatusCode": 201,
      "ResponseHeaders": {
        "Cache-Control": "no-cache",
        "Content-Length": "426",
        "Content-Type": "application/json; charset=utf-8",
        "Date": "Wed, 19 Oct 2022 09:18:53 GMT",
        "Expires": "-1",
        "Location": "/subscriptions/db1ab6f0-4769-4b27-930e-01e2ef9c123c/resourcegroups/uai-rg7876/providers/Microsoft.ManagedIdentity/userAssignedIdentities/uai3325",
        "Pragma": "no-cache",
        "Strict-Transport-Security": "max-age=31536000; includeSubDomains",
        "X-Content-Type-Options": "nosniff",
        "x-ms-correlation-request-id": "f4f56a8c-bbe4-4f45-8a50-696cd9f86253",
        "x-ms-ratelimit-remaining-subscription-writes": "1186",
        "x-ms-request-id": "f4f56a8c-bbe4-4f45-8a50-696cd9f86253",
        "x-ms-routing-request-id": "SOUTHEASTASIA:20221019T091854Z:f4f56a8c-bbe4-4f45-8a50-696cd9f86253"
      },
      "ResponseBody": {
        "id": "/subscriptions/db1ab6f0-4769-4b27-930e-01e2ef9c123c/resourcegroups/uai-rg7876/providers/Microsoft.ManagedIdentity/userAssignedIdentities/uai3325",
        "name": "uai3325",
        "type": "Microsoft.ManagedIdentity/userAssignedIdentities",
        "location": "eastus",
        "tags": {},
        "properties": {
          "tenantId": "72f988bf-86f1-41af-91ab-2d7cd011db47",
          "principalId": "8241e665-1ac8-4184-9c8f-5eed77066265",
          "clientId": "2c45f3ed-cf4a-4e43-a88d-8ad42b0b243a"
        }
      }
    },
    {
      "RequestUri": "https://management.azure.com/subscriptions/db1ab6f0-4769-4b27-930e-01e2ef9c123c/providers/Microsoft.Resources?api-version=**",
      "RequestMethod": "GET",
      "RequestHeaders": {
        "Accept": "application/json",
        "Authorization": "Sanitized",
        "traceparent": "00-1bef9934c72dbf29d747e89214077bb1-11befb2a48e489f5-00",
        "User-Agent": "azsdk-net-ResourceManager/1.3.1 (.NET 6.0.10; Microsoft Windows 10.0.19044)",
        "x-ms-client-request-id": "366bb56483fb98df1b5e8c62e52a88f9",
        "x-ms-return-client-request-id": "true"
      },
      "RequestBody": null,
      "StatusCode": 200,
      "ResponseHeaders": {
        "Cache-Control": "no-cache",
        "Content-Length": "17728",
        "Content-Type": "application/json; charset=utf-8",
        "Date": "Wed, 19 Oct 2022 09:18:53 GMT",
        "Expires": "-1",
        "Pragma": "no-cache",
        "Strict-Transport-Security": "max-age=31536000; includeSubDomains",
        "X-Content-Type-Options": "nosniff",
        "x-ms-correlation-request-id": "a409518c-7903-4c60-9d88-2230d54d2c57",
        "x-ms-ratelimit-remaining-subscription-reads": "11984",
        "x-ms-request-id": "a409518c-7903-4c60-9d88-2230d54d2c57",
        "x-ms-routing-request-id": "SOUTHEASTASIA:20221019T091854Z:a409518c-7903-4c60-9d88-2230d54d2c57"
      },
      "ResponseBody": {
        "id": "/subscriptions/db1ab6f0-4769-4b27-930e-01e2ef9c123c/providers/Microsoft.Resources",
        "namespace": "Microsoft.Resources",
        "authorizations": [
          {
            "applicationId": "3b990c8b-9607-4c2a-8b04-1d41985facca"
          },
          {
            "applicationId": "94946920-7f9c-4956-93c0-2fcf94608102"
          }
        ],
        "resourceTypes": [
          {
            "resourceType": "tenants",
            "locations": [],
            "apiVersions": [
              "2020-01-01",
              "2019-09-01",
              "2019-05-01",
              "2019-04-01",
              "2019-03-01",
              "2018-11-01",
              "2018-09-01",
              "2018-08-01",
              "2018-07-01",
              "2018-05-01",
              "2018-02-01",
              "2018-01-01",
              "2017-08-01",
              "2017-06-01",
              "2017-05-10",
              "2017-05-01",
              "2017-03-01",
              "2016-09-01",
              "2016-07-01",
              "2016-06-01",
              "2016-02-01",
              "2015-11-01",
              "2015-01-01",
              "2014-04-01-preview"
            ],
            "apiProfiles": [
              {
                "profileVersion": "2018-06-01-profile",
                "apiVersion": "2016-06-01"
              },
              {
                "profileVersion": "2019-03-01-hybrid",
                "apiVersion": "2016-06-01"
              }
            ],
            "capabilities": "None"
          },
          {
            "resourceType": "locations",
            "locations": [],
            "apiVersions": [
              "2019-09-01",
              "2019-05-01",
              "2019-04-01",
              "2019-03-01",
              "2018-11-01",
              "2018-09-01",
              "2018-08-01",
              "2018-07-01",
              "2018-05-01",
              "2018-02-01",
              "2018-01-01",
              "2017-08-01",
              "2017-06-01",
              "2017-05-10",
              "2017-05-01",
              "2017-03-01",
              "2016-09-01",
              "2016-07-01",
              "2016-06-01",
              "2016-02-01",
              "2015-11-01",
              "2015-01-01",
              "2014-04-01-preview"
            ],
            "apiProfiles": [
              {
                "profileVersion": "2018-06-01-profile",
                "apiVersion": "2016-06-01"
              },
              {
                "profileVersion": "2019-03-01-hybrid",
                "apiVersion": "2018-05-01"
              }
            ],
            "capabilities": "None"
          },
          {
            "resourceType": "operationresults",
            "locations": [],
            "apiVersions": [
              "2019-09-01",
              "2019-05-01",
              "2019-04-01",
              "2019-03-01",
              "2018-11-01",
              "2018-09-01",
              "2018-08-01",
              "2018-07-01",
              "2018-05-01",
              "2018-02-01",
              "2018-01-01",
              "2017-08-01",
              "2017-06-01",
              "2017-05-10",
              "2017-05-01",
              "2017-03-01",
              "2016-09-01",
              "2016-07-01",
              "2016-06-01",
              "2016-02-01",
              "2015-11-01",
              "2015-01-01",
              "2014-04-01-preview"
            ],
            "apiProfiles": [
              {
                "profileVersion": "2018-06-01-profile",
                "apiVersion": "2016-06-01"
              }
            ],
            "capabilities": "None"
          },
          {
            "resourceType": "notifyResourceJobs",
            "locations": [],
            "apiVersions": [
              "2019-09-01",
              "2019-05-01",
              "2019-04-01",
              "2019-03-01",
              "2018-11-01",
              "2018-09-01",
              "2018-08-01",
              "2018-07-01",
              "2018-05-01",
              "2018-02-01"
            ],
            "capabilities": "None"
          },
          {
            "resourceType": "tags",
            "locations": [],
            "apiVersions": [
              "2019-10-01",
              "2019-05-01",
              "2019-04-01",
              "2019-03-01",
              "2018-11-01"
            ],
            "capabilities": "SupportsExtension"
          },
          {
            "resourceType": "checkPolicyCompliance",
            "locations": [],
            "apiVersions": [
              "2019-05-01",
              "2019-04-01",
              "2019-03-01",
              "2018-11-01",
              "2018-09-01",
              "2018-08-01",
              "2018-07-01",
              "2018-05-01",
              "2018-02-01",
              "2018-01-01",
              "2017-08-01",
              "2017-06-01",
              "2017-05-10",
              "2017-05-01",
              "2017-03-01",
              "2016-09-01",
              "2016-07-01",
              "2016-06-01",
              "2016-02-01",
              "2015-11-01",
              "2015-01-01",
              "2014-04-01-preview"
            ],
            "capabilities": "None"
          },
          {
            "resourceType": "providers",
            "locations": [],
            "apiVersions": [
              "2019-05-01",
              "2019-04-01",
              "2019-03-01",
              "2018-11-01",
              "2018-09-01",
              "2018-08-01",
              "2018-07-01",
              "2018-05-01",
              "2018-02-01",
              "2018-01-01",
              "2017-08-01",
              "2017-06-01",
              "2017-05-10",
              "2017-05-01",
              "2017-03-01",
              "2016-09-01",
              "2016-07-01",
              "2016-06-01",
              "2016-02-01",
              "2015-11-01",
              "2015-01-01",
              "2014-04-01-preview"
            ],
            "apiProfiles": [
              {
                "profileVersion": "2018-06-01-profile",
                "apiVersion": "2016-06-01"
              },
              {
                "profileVersion": "2019-03-01-hybrid",
                "apiVersion": "2018-05-01"
              }
            ],
            "capabilities": "None"
          },
          {
            "resourceType": "checkresourcename",
            "locations": [],
            "apiVersions": [
              "2019-05-01",
              "2019-04-01",
              "2019-03-01",
              "2018-11-01",
              "2018-09-01",
              "2018-08-01",
              "2018-07-01",
              "2018-05-01",
              "2018-02-01",
              "2018-01-01",
              "2017-08-01",
              "2017-06-01",
              "2017-05-10",
              "2017-05-01",
              "2017-03-01",
              "2016-09-01",
              "2016-07-01",
              "2016-06-01",
              "2016-02-01",
              "2015-11-01",
              "2015-01-01",
              "2014-04-01-preview"
            ],
            "apiProfiles": [
              {
                "profileVersion": "2018-06-01-profile",
                "apiVersion": "2016-06-01"
              }
            ],
            "capabilities": "None"
          },
          {
            "resourceType": "calculateTemplateHash",
            "locations": [],
            "apiVersions": [
              "2019-09-01",
              "2019-05-01",
              "2019-04-01",
              "2019-03-01",
              "2018-11-01",
              "2018-09-01",
              "2018-08-01",
              "2018-07-01",
              "2018-05-01",
              "2018-02-01",
              "2018-01-01",
              "2017-08-01",
              "2017-06-01",
              "2017-05-10",
              "2017-05-01",
              "2017-03-01",
              "2016-09-01",
              "2016-07-01",
              "2016-06-01",
              "2016-02-01",
              "2015-11-01",
              "2015-01-01",
              "2014-04-01-preview"
            ],
            "apiProfiles": [
              {
                "profileVersion": "2018-06-01-profile",
                "apiVersion": "2016-06-01"
              }
            ],
            "capabilities": "None"
          },
          {
            "resourceType": "resources",
            "locations": [],
            "apiVersions": [
              "2019-09-01",
              "2019-05-01",
              "2019-04-01",
              "2019-03-01",
              "2018-11-01",
              "2018-09-01",
              "2018-08-01",
              "2018-07-01",
              "2018-05-01",
              "2018-02-01",
              "2018-01-01",
              "2017-08-01",
              "2017-06-01",
              "2017-05-10",
              "2017-05-01",
              "2017-03-01",
              "2016-09-01",
              "2016-07-01",
              "2016-06-01",
              "2016-02-01",
              "2015-11-01",
              "2015-01-01",
              "2014-04-01-preview"
            ],
            "apiProfiles": [
              {
                "profileVersion": "2018-06-01-profile",
                "apiVersion": "2016-06-01"
              },
              {
                "profileVersion": "2019-03-01-hybrid",
                "apiVersion": "2018-05-01"
              }
            ],
            "capabilities": "None"
          },
          {
            "resourceType": "subscriptions",
            "locations": [],
            "apiVersions": [
              "2019-10-01",
              "2019-09-01",
              "2019-05-01",
              "2019-04-01",
              "2019-03-01",
              "2018-11-01",
              "2018-09-01",
              "2018-08-01",
              "2018-07-01",
              "2018-05-01",
              "2018-02-01",
              "2018-01-01",
              "2017-08-01",
              "2017-06-01",
              "2017-05-10",
              "2017-05-01",
              "2017-03-01",
              "2016-09-01",
              "2016-07-01",
              "2016-06-01",
              "2016-02-01",
              "2015-11-01",
              "2015-01-01",
              "2014-04-01-preview"
            ],
            "apiProfiles": [
              {
                "profileVersion": "2018-06-01-profile",
                "apiVersion": "2016-06-01"
              },
              {
                "profileVersion": "2019-03-01-hybrid",
                "apiVersion": "2016-06-01"
              }
            ],
            "capabilities": "None"
          },
          {
            "resourceType": "subscriptions/resources",
            "locations": [],
            "apiVersions": [
              "2019-09-01",
              "2019-05-01",
              "2019-04-01",
              "2019-03-01",
              "2018-11-01",
              "2018-09-01",
              "2018-08-01",
              "2018-07-01",
              "2018-05-01",
              "2018-02-01",
              "2018-01-01",
              "2017-08-01",
              "2017-06-01",
              "2017-05-10",
              "2017-05-01",
              "2017-03-01",
              "2016-09-01",
              "2016-07-01",
              "2016-06-01",
              "2016-02-01",
              "2015-11-01",
              "2015-01-01",
              "2014-04-01-preview"
            ],
            "apiProfiles": [
              {
                "profileVersion": "2018-06-01-profile",
                "apiVersion": "2016-06-01"
              },
              {
                "profileVersion": "2019-03-01-hybrid",
                "apiVersion": "2018-05-01"
              }
            ],
            "capabilities": "None"
          },
          {
            "resourceType": "subscriptions/providers",
            "locations": [],
            "apiVersions": [
              "2019-05-01",
              "2019-04-01",
              "2019-03-01",
              "2018-11-01",
              "2018-09-01",
              "2018-08-01",
              "2018-07-01",
              "2018-05-01",
              "2018-02-01",
              "2018-01-01",
              "2017-08-01",
              "2017-06-01",
              "2017-05-10",
              "2017-05-01",
              "2017-03-01",
              "2016-09-01",
              "2016-07-01",
              "2016-06-01",
              "2016-02-01",
              "2015-11-01",
              "2015-01-01",
              "2014-04-01-preview"
            ],
            "apiProfiles": [
              {
                "profileVersion": "2018-06-01-profile",
                "apiVersion": "2016-06-01"
              },
              {
                "profileVersion": "2019-03-01-hybrid",
                "apiVersion": "2018-05-01"
              }
            ],
            "capabilities": "None"
          },
          {
            "resourceType": "subscriptions/operationresults",
            "locations": [],
            "apiVersions": [
              "2019-05-01",
              "2019-04-01",
              "2019-03-01",
              "2018-11-01",
              "2018-09-01",
              "2018-08-01",
              "2018-07-01",
              "2018-05-01",
              "2018-02-01",
              "2018-01-01",
              "2017-08-01",
              "2017-06-01",
              "2017-05-10",
              "2017-05-01",
              "2017-03-01",
              "2016-09-01",
              "2016-07-01",
              "2016-06-01",
              "2016-02-01",
              "2015-11-01",
              "2015-01-01",
              "2014-04-01-preview"
            ],
            "apiProfiles": [
              {
                "profileVersion": "2018-06-01-profile",
                "apiVersion": "2016-06-01"
              },
              {
                "profileVersion": "2019-03-01-hybrid",
                "apiVersion": "2018-05-01"
              }
            ],
            "capabilities": "None"
          },
          {
            "resourceType": "resourceGroups",
            "locations": [
              "Central US",
              "East Asia",
              "Southeast Asia",
              "East US",
              "East US 2",
              "West US",
              "West US 2",
              "North Central US",
              "South Central US",
              "West Central US",
              "North Europe",
              "West Europe",
              "Japan East",
              "Japan West",
              "Brazil South",
              "Australia Southeast",
              "Australia East",
              "West India",
              "South India",
              "Central India",
              "Canada Central",
              "Canada East",
              "UK South",
              "UK West",
              "Korea Central",
              "Korea South",
              "France Central",
              "South Africa North",
              "UAE North",
              "Australia Central",
              "Switzerland North",
              "Germany West Central",
              "Norway East",
              "Jio India West",
              "West US 3",
              "Qatar Central",
              "Sweden Central"
            ],
            "apiVersions": [
              "2019-05-01",
              "2019-04-01",
              "2019-03-01",
              "2018-11-01",
              "2018-09-01",
              "2018-08-01",
              "2018-07-01",
              "2018-05-01",
              "2018-02-01",
              "2018-01-01",
              "2017-08-01",
              "2017-06-01",
              "2017-05-10",
              "2017-05-01",
              "2017-03-01",
              "2016-09-01",
              "2016-07-01",
              "2016-06-01",
              "2016-02-01",
              "2015-11-01",
              "2015-01-01",
              "2014-04-01-preview"
            ],
            "apiProfiles": [
              {
                "profileVersion": "2018-06-01-profile",
                "apiVersion": "2016-06-01"
              },
              {
                "profileVersion": "2019-03-01-hybrid",
                "apiVersion": "2018-05-01"
              }
            ],
            "capabilities": "SupportsLocation"
          },
          {
            "resourceType": "subscriptions/resourceGroups",
            "locations": [
              "Central US",
              "East Asia",
              "Southeast Asia",
              "East US",
              "East US 2",
              "West US",
              "West US 2",
              "North Central US",
              "South Central US",
              "West Central US",
              "North Europe",
              "West Europe",
              "Japan East",
              "Japan West",
              "Brazil South",
              "Australia Southeast",
              "Australia East",
              "West India",
              "South India",
              "Central India",
              "Canada Central",
              "Canada East",
              "UK South",
              "UK West",
              "Korea Central",
              "Korea South",
              "France Central",
              "South Africa North",
              "UAE North",
              "Australia Central",
              "Switzerland North",
              "Germany West Central",
              "Norway East",
              "Jio India West",
              "West US 3",
              "Qatar Central",
              "Sweden Central"
            ],
            "apiVersions": [
              "2019-05-01",
              "2019-04-01",
              "2019-03-01",
              "2018-11-01",
              "2018-09-01",
              "2018-08-01",
              "2018-07-01",
              "2018-05-01",
              "2018-02-01",
              "2018-01-01",
              "2017-08-01",
              "2017-06-01",
              "2017-05-10",
              "2017-05-01",
              "2017-03-01",
              "2016-09-01",
              "2016-07-01",
              "2016-06-01",
              "2016-02-01",
              "2015-11-01",
              "2015-01-01",
              "2014-04-01-preview"
            ],
            "apiProfiles": [
              {
                "profileVersion": "2018-06-01-profile",
                "apiVersion": "2016-06-01"
              },
              {
                "profileVersion": "2019-03-01-hybrid",
                "apiVersion": "2018-05-01"
              }
            ],
            "capabilities": "SupportsTags, SupportsLocation"
          },
          {
            "resourceType": "subscriptions/resourcegroups/resources",
            "locations": [],
            "apiVersions": [
              "2019-05-01",
              "2019-04-01",
              "2019-03-01",
              "2018-11-01",
              "2018-09-01",
              "2018-08-01",
              "2018-07-01",
              "2018-05-01",
              "2018-02-01",
              "2018-01-01",
              "2017-08-01",
              "2017-06-01",
              "2017-05-10",
              "2017-05-01",
              "2017-03-01",
              "2016-09-01",
              "2016-07-01",
              "2016-06-01",
              "2016-02-01",
              "2015-11-01",
              "2015-01-01",
              "2014-04-01-preview"
            ],
            "apiProfiles": [
              {
                "profileVersion": "2018-06-01-profile",
                "apiVersion": "2016-06-01"
              },
              {
                "profileVersion": "2019-03-01-hybrid",
                "apiVersion": "2018-05-01"
              }
            ],
            "capabilities": "None"
          },
          {
            "resourceType": "subscriptions/locations",
            "locations": [],
            "apiVersions": [
              "2019-05-01",
              "2019-04-01",
              "2019-03-01",
              "2018-11-01",
              "2018-09-01",
              "2018-08-01",
              "2018-07-01",
              "2018-05-01",
              "2018-02-01",
              "2018-01-01",
              "2017-08-01",
              "2017-06-01",
              "2017-05-10",
              "2017-05-01",
              "2017-03-01",
              "2016-09-01",
              "2016-07-01",
              "2016-06-01",
              "2016-02-01",
              "2015-11-01",
              "2015-01-01",
              "2014-04-01-preview"
            ],
            "apiProfiles": [
              {
                "profileVersion": "2018-06-01-profile",
                "apiVersion": "2016-06-01"
              },
              {
                "profileVersion": "2019-03-01-hybrid",
                "apiVersion": "2016-06-01"
              }
            ],
            "capabilities": "None"
          },
          {
            "resourceType": "subscriptions/tagnames",
            "locations": [],
            "apiVersions": [
              "2019-05-01",
              "2019-04-01",
              "2019-03-01",
              "2018-11-01",
              "2018-09-01",
              "2018-08-01",
              "2018-07-01",
              "2018-05-01",
              "2018-02-01",
              "2018-01-01",
              "2017-08-01",
              "2017-06-01",
              "2017-05-10",
              "2017-05-01",
              "2017-03-01",
              "2016-09-01",
              "2016-07-01",
              "2016-06-01",
              "2016-02-01",
              "2015-11-01",
              "2015-01-01",
              "2014-04-01-preview"
            ],
            "apiProfiles": [
              {
                "profileVersion": "2018-06-01-profile",
                "apiVersion": "2016-06-01"
              },
              {
                "profileVersion": "2019-03-01-hybrid",
                "apiVersion": "2018-05-01"
              }
            ],
            "capabilities": "None"
          },
          {
            "resourceType": "subscriptions/tagNames/tagValues",
            "locations": [],
            "apiVersions": [
              "2019-05-01",
              "2019-04-01",
              "2019-03-01",
              "2018-11-01",
              "2018-09-01",
              "2018-08-01",
              "2018-07-01",
              "2018-05-01",
              "2018-02-01",
              "2018-01-01",
              "2017-08-01",
              "2017-06-01",
              "2017-05-10",
              "2017-05-01",
              "2017-03-01",
              "2016-09-01",
              "2016-07-01",
              "2016-06-01",
              "2016-02-01",
              "2015-11-01",
              "2015-01-01",
              "2014-04-01-preview"
            ],
            "apiProfiles": [
              {
                "profileVersion": "2018-06-01-profile",
                "apiVersion": "2016-06-01"
              },
              {
                "profileVersion": "2019-03-01-hybrid",
                "apiVersion": "2018-05-01"
              }
            ],
            "capabilities": "None"
          },
          {
            "resourceType": "deployments",
            "locations": [],
            "apiVersions": [
              "2021-04-01",
              "2021-01-01",
              "2020-10-01",
              "2020-06-01",
              "2019-09-01",
              "2019-08-01",
              "2019-05-01",
              "2019-04-01",
              "2019-03-01",
              "2018-11-01",
              "2018-09-01",
              "2018-08-01",
              "2018-07-01",
              "2018-05-01",
              "2018-02-01",
              "2018-01-01",
              "2017-08-01",
              "2017-06-01",
              "2017-05-10",
              "2017-05-01",
              "2017-03-01",
              "2016-09-01",
              "2016-07-01",
              "2016-06-01",
              "2016-02-01",
              "2015-11-01",
              "2015-01-01",
              "2014-04-01-preview"
            ],
            "apiProfiles": [
              {
                "profileVersion": "2018-06-01-profile",
                "apiVersion": "2016-06-01"
              },
              {
                "profileVersion": "2019-03-01-hybrid",
                "apiVersion": "2018-05-01"
              }
            ],
            "capabilities": "None"
          },
          {
            "resourceType": "deployments/operations",
            "locations": [],
            "apiVersions": [
              "2021-04-01",
              "2021-01-01",
              "2020-10-01",
              "2020-06-01",
              "2019-09-01",
              "2019-05-01",
              "2019-04-01",
              "2019-03-01",
              "2018-11-01",
              "2018-09-01",
              "2018-08-01",
              "2018-07-01",
              "2018-05-01",
              "2018-02-01",
              "2018-01-01",
              "2017-08-01",
              "2017-06-01",
              "2017-05-10",
              "2017-05-01",
              "2017-03-01",
              "2016-09-01",
              "2016-07-01",
              "2016-06-01",
              "2016-02-01",
              "2015-11-01",
              "2015-01-01",
              "2014-04-01-preview"
            ],
            "apiProfiles": [
              {
                "profileVersion": "2018-06-01-profile",
                "apiVersion": "2016-06-01"
              },
              {
                "profileVersion": "2019-03-01-hybrid",
                "apiVersion": "2018-05-01"
              }
            ],
            "capabilities": "None"
          },
          {
            "resourceType": "validateResources",
            "locations": [],
            "apiVersions": [
              "2022-06-01"
            ],
            "capabilities": "None"
          },
          {
            "resourceType": "links",
            "locations": [],
            "apiVersions": [
              "2019-05-01",
              "2019-04-01",
              "2019-03-01",
              "2018-11-01",
              "2018-09-01",
              "2018-08-01",
              "2018-07-01",
              "2018-05-01",
              "2018-02-01",
              "2018-01-01",
              "2017-08-01",
              "2017-06-01",
              "2017-05-10",
              "2017-05-01",
              "2017-03-01",
              "2016-09-01",
              "2016-07-01",
              "2016-06-01",
              "2016-02-01",
              "2015-11-01",
              "2015-01-01",
              "2014-04-01-preview"
            ],
            "apiProfiles": [
              {
                "profileVersion": "2018-06-01-profile",
                "apiVersion": "2016-06-01"
              },
              {
                "profileVersion": "2019-03-01-hybrid",
                "apiVersion": "2018-05-01"
              }
            ],
            "capabilities": "SupportsExtension"
          },
          {
            "resourceType": "operations",
            "locations": [],
            "apiVersions": [
              "2015-01-01"
            ],
            "apiProfiles": [
              {
                "profileVersion": "2018-06-01-profile",
                "apiVersion": "2015-01-01"
              }
            ],
            "capabilities": "None"
          },
          {
            "resourceType": "bulkDelete",
            "locations": [],
            "apiVersions": [
              "2019-05-01",
              "2019-04-01",
              "2019-03-01",
              "2018-11-01",
              "2018-09-01",
              "2018-08-01",
              "2018-07-01",
              "2018-05-01",
              "2018-02-01",
              "2018-01-01",
              "2017-08-01",
              "2017-06-01",
              "2017-05-10",
              "2017-05-01",
              "2017-03-01",
              "2016-09-01",
              "2016-07-01",
              "2016-06-01",
              "2016-02-01",
              "2015-11-01",
              "2015-01-01",
              "2014-04-01-preview"
            ],
            "capabilities": "None"
          },
          {
            "resourceType": "deploymentScripts",
            "locations": [
              "East Asia",
              "Southeast Asia",
              "Australia East",
              "Australia Southeast",
              "Brazil South",
              "Canada Central",
              "Canada East",
              "Switzerland North",
              "Germany West Central",
              "East US 2",
              "East US",
              "Central US",
              "North Central US",
              "France Central",
              "UK South",
              "UK West",
              "Central India",
              "South India",
              "Jio India West",
              "Japan East",
              "Japan West",
              "Korea Central",
              "North Europe",
              "Norway East",
              "Sweden Central",
              "UAE North",
              "West Central US",
              "West Europe",
              "West US 2",
              "West US",
              "South Central US",
              "West US 3",
              "South Africa North"
            ],
            "apiVersions": [
              "2020-10-01",
              "2019-10-01-preview"
            ],
            "capabilities": "SupportsTags, SupportsLocation"
          },
          {
            "resourceType": "deploymentScripts/logs",
            "locations": [
              "East Asia",
              "Southeast Asia",
              "Australia East",
              "Australia Southeast",
              "Brazil South",
              "Canada Central",
              "Canada East",
              "Switzerland North",
              "Germany West Central",
              "East US 2",
              "East US",
              "Central US",
              "North Central US",
              "France Central",
              "UK South",
              "UK West",
              "Central India",
              "South India",
              "Jio India West",
              "Japan East",
              "Japan West",
              "Korea Central",
              "North Europe",
              "Norway East",
              "Sweden Central",
              "UAE North",
              "West Central US",
              "West Europe",
              "West US 2",
              "West US",
              "South Central US",
              "West US 3",
              "South Africa North"
            ],
            "apiVersions": [
              "2020-10-01",
              "2019-10-01-preview"
            ],
            "capabilities": "None"
          },
          {
            "resourceType": "locations/deploymentScriptOperationResults",
            "locations": [
              "East Asia",
              "Southeast Asia",
              "Australia East",
              "Australia Southeast",
              "Brazil South",
              "Canada Central",
              "Canada East",
              "Switzerland North",
              "Germany West Central",
              "East US 2",
              "East US",
              "Central US",
              "North Central US",
              "France Central",
              "UK South",
              "UK West",
              "Central India",
              "South India",
              "Jio India West",
              "Japan East",
              "Japan West",
              "Korea Central",
              "North Europe",
              "Norway East",
              "Sweden Central",
              "UAE North",
              "West Central US",
              "West Europe",
              "West US 2",
              "West US",
              "South Central US",
              "West US 3",
              "South Africa North"
            ],
            "apiVersions": [
              "2020-10-01",
              "2019-10-01-preview"
            ],
            "capabilities": "None"
          },
          {
            "resourceType": "templateSpecs",
            "locations": [
              "East Asia",
              "Southeast Asia",
              "Australia East",
              "Australia Central",
              "Australia Central 2",
              "Australia Southeast",
              "Brazil South",
              "Canada Central",
              "Canada East",
              "Switzerland North",
              "Germany West Central",
              "East US 2",
              "East US",
              "Central US",
              "North Central US",
              "France Central",
              "UK South",
              "UK West",
              "Central India",
              "West India",
              "Jio India West",
              "South India",
              "Japan East",
              "Japan West",
              "Korea Central",
              "Korea South",
              "North Europe",
              "Norway East",
              "Qatar Central",
              "Sweden Central",
              "UAE North",
              "West Central US",
              "West Europe",
              "West US 2",
              "West US",
              "West US 3",
              "South Central US",
              "South Africa North"
            ],
            "apiVersions": [
              "2022-02-01",
              "2021-05-01",
              "2021-03-01-preview",
              "2019-06-01-preview"
            ],
            "capabilities": "CrossResourceGroupResourceMove, CrossSubscriptionResourceMove, SupportsTags, SupportsLocation"
          },
          {
            "resourceType": "templateSpecs/versions",
            "locations": [
              "East Asia",
              "Southeast Asia",
              "Australia East",
              "Australia Central",
              "Australia Central 2",
              "Australia Southeast",
              "Brazil South",
              "Canada Central",
              "Canada East",
              "Switzerland North",
              "Germany West Central",
              "East US 2",
              "East US",
              "Central US",
              "North Central US",
              "France Central",
              "UK South",
              "UK West",
              "Central India",
              "West India",
              "Jio India West",
              "South India",
              "Japan East",
              "Japan West",
              "Korea Central",
              "Korea South",
              "North Europe",
              "Norway East",
              "Qatar Central",
              "Sweden Central",
              "UAE North",
              "West Central US",
              "West Europe",
              "West US 2",
              "West US",
              "West US 3",
              "South Central US",
              "South Africa North"
            ],
            "apiVersions": [
              "2022-02-01",
              "2021-05-01",
              "2021-03-01-preview",
              "2019-06-01-preview"
            ],
            "capabilities": "CrossResourceGroupResourceMove, CrossSubscriptionResourceMove, SupportsTags, SupportsLocation"
          },
          {
            "resourceType": "builtInTemplateSpecs",
            "locations": [],
            "apiVersions": [
              "2022-02-01"
            ],
            "capabilities": "None"
          },
          {
            "resourceType": "builtInTemplateSpecs/versions",
            "locations": [],
            "apiVersions": [
              "2022-02-01"
            ],
            "capabilities": "None"
          },
          {
            "resourceType": "changes",
            "locations": [],
            "apiVersions": [
              "2022-05-01",
              "2022-03-01-preview"
            ],
            "capabilities": "SupportsExtension"
          },
          {
            "resourceType": "snapshots",
            "locations": [],
            "apiVersions": [
              "2022-11-01-preview"
            ],
            "capabilities": "SupportsExtension"
          }
        ],
        "registrationState": "Registered",
        "registrationPolicy": "RegistrationFree"
      }
    },
    {
      "RequestUri": "https://management.azure.com/subscriptions/db1ab6f0-4769-4b27-930e-01e2ef9c123c/resourceGroups/uai-rg7876/providers/Microsoft.ManagedIdentity/userAssignedIdentities/uai3325/providers/Microsoft.Resources/tags/default?api-version=**",
      "RequestMethod": "DELETE",
      "RequestHeaders": {
        "Accept": "application/json",
        "Authorization": "Sanitized",
        "traceparent": "00-1bef9934c72dbf29d747e89214077bb1-f031b282e8cba0c4-00",
        "User-Agent": "azsdk-net-ResourceManager/1.3.1 (.NET 6.0.10; Microsoft Windows 10.0.19044)",
        "x-ms-client-request-id": "ec4f432f5d205d4377d2dea5b3f58768",
        "x-ms-return-client-request-id": "true"
      },
      "RequestBody": null,
      "StatusCode": 200,
      "ResponseHeaders": {
        "Cache-Control": "no-cache",
        "Content-Length": "0",
        "Date": "Wed, 19 Oct 2022 09:18:55 GMT",
        "Expires": "-1",
        "Pragma": "no-cache",
        "Strict-Transport-Security": "max-age=31536000; includeSubDomains",
        "X-Content-Type-Options": "nosniff",
        "x-ms-correlation-request-id": "2dce8d8f-69fb-4f7d-9221-b17b577cf7bb",
        "x-ms-ratelimit-remaining-subscription-deletes": "14997",
        "x-ms-request-id": "2dce8d8f-69fb-4f7d-9221-b17b577cf7bb",
        "x-ms-routing-request-id": "SOUTHEASTASIA:20221019T091856Z:2dce8d8f-69fb-4f7d-9221-b17b577cf7bb"
      },
      "ResponseBody": null
    },
    {
      "RequestUri": "https://management.azure.com/subscriptions/db1ab6f0-4769-4b27-930e-01e2ef9c123c/resourceGroups/uai-rg7876/providers/Microsoft.ManagedIdentity/userAssignedIdentities/uai3325/providers/Microsoft.Resources/tags/default?api-version=**",
      "RequestMethod": "GET",
      "RequestHeaders": {
        "Accept": "application/json",
        "Authorization": "Sanitized",
        "traceparent": "00-1bef9934c72dbf29d747e89214077bb1-247eaf0ea171124d-00",
        "User-Agent": "azsdk-net-ResourceManager/1.3.1 (.NET 6.0.10; Microsoft Windows 10.0.19044)",
        "x-ms-client-request-id": "688176804894a4398a2838440136a87f",
        "x-ms-return-client-request-id": "true"
      },
      "RequestBody": null,
      "StatusCode": 200,
      "ResponseHeaders": {
        "Cache-Control": "no-cache",
        "Content-Length": "272",
        "Content-Type": "application/json; charset=utf-8",
        "Date": "Wed, 19 Oct 2022 09:18:55 GMT",
        "Expires": "-1",
        "Pragma": "no-cache",
        "Strict-Transport-Security": "max-age=31536000; includeSubDomains",
        "X-Content-Type-Options": "nosniff",
        "x-ms-correlation-request-id": "1b6f6367-3e50-405b-b1cb-72a8f74a1e7b",
        "x-ms-ratelimit-remaining-subscription-reads": "11983",
        "x-ms-request-id": "1b6f6367-3e50-405b-b1cb-72a8f74a1e7b",
        "x-ms-routing-request-id": "SOUTHEASTASIA:20221019T091856Z:1b6f6367-3e50-405b-b1cb-72a8f74a1e7b"
      },
      "ResponseBody": {
        "id": "/subscriptions/db1ab6f0-4769-4b27-930e-01e2ef9c123c/resourceGroups/uai-rg7876/providers/Microsoft.ManagedIdentity/userAssignedIdentities/uai3325/providers/Microsoft.Resources/tags/default",
        "name": "default",
        "type": "Microsoft.Resources/tags",
        "properties": {
          "tags": {}
        }
      }
    },
    {
      "RequestUri": "https://management.azure.com/subscriptions/db1ab6f0-4769-4b27-930e-01e2ef9c123c/resourceGroups/uai-rg7876/providers/Microsoft.ManagedIdentity/userAssignedIdentities/uai3325/providers/Microsoft.Resources/tags/default?api-version=**",
      "RequestMethod": "PUT",
      "RequestHeaders": {
        "Accept": "application/json",
        "Authorization": "Sanitized",
        "Content-Length": "57",
        "Content-Type": "application/json",
        "traceparent": "00-1bef9934c72dbf29d747e89214077bb1-93be61528d9d1e01-00",
        "User-Agent": "azsdk-net-ResourceManager/1.3.1 (.NET 6.0.10; Microsoft Windows 10.0.19044)",
        "x-ms-client-request-id": "d4416cb62190066c710ebe29a439e525",
        "x-ms-return-client-request-id": "true"
      },
      "RequestBody": {
        "properties": {
          "tags": {
            "key1": "value1",
            "key2": "value2"
          }
        }
      },
      "StatusCode": 200,
      "ResponseHeaders": {
        "Cache-Control": "no-cache",
        "Content-Length": "303",
        "Content-Type": "application/json; charset=utf-8",
        "Date": "Wed, 19 Oct 2022 09:18:58 GMT",
        "Expires": "-1",
        "Pragma": "no-cache",
        "Strict-Transport-Security": "max-age=31536000; includeSubDomains",
        "X-Content-Type-Options": "nosniff",
        "x-ms-correlation-request-id": "7b134895-7876-449f-a95b-3aa1eb5b54a3",
        "x-ms-ratelimit-remaining-subscription-writes": "1185",
        "x-ms-request-id": "7b134895-7876-449f-a95b-3aa1eb5b54a3",
        "x-ms-routing-request-id": "SOUTHEASTASIA:20221019T091859Z:7b134895-7876-449f-a95b-3aa1eb5b54a3"
      },
      "ResponseBody": {
        "id": "/subscriptions/db1ab6f0-4769-4b27-930e-01e2ef9c123c/resourceGroups/uai-rg7876/providers/Microsoft.ManagedIdentity/userAssignedIdentities/uai3325/providers/Microsoft.Resources/tags/default",
        "name": "default",
        "type": "Microsoft.Resources/tags",
        "properties": {
          "tags": {
            "key1": "value1",
            "key2": "value2"
          }
        }
      }
    },
    {
      "RequestUri": "https://management.azure.com/subscriptions/db1ab6f0-4769-4b27-930e-01e2ef9c123c/resourceGroups/uai-rg7876/providers/Microsoft.ManagedIdentity/userAssignedIdentities/uai3325?api-version=2022-01-31-preview",
      "RequestMethod": "GET",
      "RequestHeaders": {
        "Accept": "application/json",
        "Authorization": "Sanitized",
        "traceparent": "00-1bef9934c72dbf29d747e89214077bb1-31c1582c67d194d2-00",
        "User-Agent": "azsdk-net-ResourceManager.ManagedServiceIdentities/1.1.0-alpha.20221019.1 (.NET 6.0.10; Microsoft Windows 10.0.19044)",
        "x-ms-client-request-id": "6fe224d720a9e6640aab62f724fe5c41",
        "x-ms-return-client-request-id": "true"
      },
      "RequestBody": null,
      "StatusCode": 200,
      "ResponseHeaders": {
        "Cache-Control": "no-cache",
        "Content-Length": "457",
        "Content-Type": "application/json; charset=utf-8",
        "Date": "Wed, 19 Oct 2022 09:18:59 GMT",
        "Expires": "-1",
        "Pragma": "no-cache",
        "Strict-Transport-Security": "max-age=31536000; includeSubDomains",
        "X-Content-Type-Options": "nosniff",
        "x-ms-correlation-request-id": "896a85bc-a606-40af-9362-18e71e643e3f",
        "x-ms-ratelimit-remaining-subscription-reads": "11982",
        "x-ms-request-id": "896a85bc-a606-40af-9362-18e71e643e3f",
        "x-ms-routing-request-id": "SOUTHEASTASIA:20221019T091859Z:896a85bc-a606-40af-9362-18e71e643e3f"
      },
      "ResponseBody": {
        "id": "/subscriptions/db1ab6f0-4769-4b27-930e-01e2ef9c123c/resourcegroups/uai-rg7876/providers/Microsoft.ManagedIdentity/userAssignedIdentities/uai3325",
        "name": "uai3325",
        "type": "Microsoft.ManagedIdentity/userAssignedIdentities",
        "location": "eastus",
        "tags": {
          "key1": "value1",
          "key2": "value2"
        },
        "properties": {
          "tenantId": "72f988bf-86f1-41af-91ab-2d7cd011db47",
          "principalId": "8241e665-1ac8-4184-9c8f-5eed77066265",
          "clientId": "2c45f3ed-cf4a-4e43-a88d-8ad42b0b243a"
        }
      }
    }
  ],
  "Variables": {
    "AZURE_AUTHORITY_HOST": "https://login.microsoftonline.com",
    "RandomSeed": "1092016143",
    "RESOURCE_MANAGER_URL": null,
    "SUBSCRIPTION_ID": "db1ab6f0-4769-4b27-930e-01e2ef9c123c"
  }
}
