{
  "Entries": [
    {
      "RequestUri": "https://management.azure.com/subscriptions/db1ab6f0-4769-4b27-930e-01e2ef9c123c?api-version=2021-01-01",
      "RequestMethod": "GET",
      "RequestHeaders": {
        "Accept": "application/json",
        "Authorization": "Sanitized",
        "traceparent": "00-3b66938f43f7099b2eeeba6cbd81bc04-bc7cc97d13c9496e-00",
        "User-Agent": "azsdk-net-ResourceManager/1.3.1 (.NET 6.0.10; Microsoft Windows 10.0.19044)",
        "x-ms-client-request-id": "9df7919534ae561f391d2256be3f355f",
        "x-ms-return-client-request-id": "true"
      },
      "RequestBody": null,
      "StatusCode": 200,
      "ResponseHeaders": {
        "Cache-Control": "no-cache",
        "Content-Length": "747",
        "Content-Type": "application/json; charset=utf-8",
        "Date": "Wed, 19 Oct 2022 09:19:17 GMT",
        "Expires": "-1",
        "Pragma": "no-cache",
        "Strict-Transport-Security": "max-age=31536000; includeSubDomains",
        "X-Content-Type-Options": "nosniff",
        "x-ms-correlation-request-id": "29076409-480c-4ee2-b603-d547c2bbb874",
        "x-ms-ratelimit-remaining-subscription-reads": "11979",
        "x-ms-request-id": "29076409-480c-4ee2-b603-d547c2bbb874",
        "x-ms-routing-request-id": "SOUTHEASTASIA:20221019T091918Z:29076409-480c-4ee2-b603-d547c2bbb874"
      },
      "ResponseBody": {
        "id": "/subscriptions/db1ab6f0-4769-4b27-930e-01e2ef9c123c",
        "authorizationSource": "RoleBased",
        "managedByTenants": [],
        "tags": {
          "TagKey-9823": "TagValue-566",
          "TagKey-3481": "TagValue-320",
          "TagKey-4926": "TagValue-1187",
          "TagKey-751": "TagValue-3921",
          "TagKey-1866": "TagValue-8559",
          "TagKey-3094": "TagValue-9190",
          "TagKey-2449": "TagValue-9",
          "TagKey-8379": "TagValue-164",
          "TagKey-7470": "TagValue-2205",
          "TagKey-4236": "TagValue-3698",
          "TagKey-5316": "TagValue-2725"
        },
        "subscriptionId": "db1ab6f0-4769-4b27-930e-01e2ef9c123c",
        "tenantId": "72f988bf-86f1-41af-91ab-2d7cd011db47",
        "displayName": ".NET Mgmt SDK Test with TTL = 1 Day",
        "state": "Enabled",
        "subscriptionPolicies": {
          "locationPlacementId": "Internal_2014-09-01",
          "quotaId": "Internal_2014-09-01",
          "spendingLimit": "Off"
        }
      }
    },
    {
      "RequestUri": "https://management.azure.com/subscriptions/db1ab6f0-4769-4b27-930e-01e2ef9c123c/resourcegroups/uai-rg8856?api-version=2021-04-01",
      "RequestMethod": "PUT",
      "RequestHeaders": {
        "Accept": "application/json",
        "Authorization": "Sanitized",
        "Content-Length": "21",
        "Content-Type": "application/json",
        "traceparent": "00-70c163c868e2691a13e412bb271f897f-871ddc608f51d72e-00",
        "User-Agent": "azsdk-net-ResourceManager/1.3.1 (.NET 6.0.10; Microsoft Windows 10.0.19044)",
        "x-ms-client-request-id": "78d11bfd2128a09142f3eb11d1593bd5",
        "x-ms-return-client-request-id": "true"
      },
      "RequestBody": {
        "location": "eastus"
      },
      "StatusCode": 201,
      "ResponseHeaders": {
        "Cache-Control": "no-cache",
        "Content-Length": "217",
        "Content-Type": "application/json; charset=utf-8",
        "Date": "Wed, 19 Oct 2022 09:19:19 GMT",
        "Expires": "-1",
        "Pragma": "no-cache",
        "Strict-Transport-Security": "max-age=31536000; includeSubDomains",
        "X-Content-Type-Options": "nosniff",
        "x-ms-correlation-request-id": "afe54e0e-98c7-4d4f-80b9-df5170193297",
        "x-ms-ratelimit-remaining-subscription-writes": "1181",
        "x-ms-request-id": "afe54e0e-98c7-4d4f-80b9-df5170193297",
        "x-ms-routing-request-id": "SOUTHEASTASIA:20221019T091919Z:afe54e0e-98c7-4d4f-80b9-df5170193297"
      },
      "ResponseBody": {
        "id": "/subscriptions/db1ab6f0-4769-4b27-930e-01e2ef9c123c/resourceGroups/uai-rg8856",
        "name": "uai-rg8856",
        "type": "Microsoft.Resources/resourceGroups",
        "location": "eastus",
        "properties": {
          "provisioningState": "Succeeded"
        }
      }
    },
    {
      "RequestUri": "https://management.azure.com/subscriptions/db1ab6f0-4769-4b27-930e-01e2ef9c123c/resourceGroups/uai-rg8856/providers/Microsoft.ManagedIdentity/userAssignedIdentities/uai8063?api-version=2022-01-31-preview",
      "RequestMethod": "PUT",
      "RequestHeaders": {
        "Accept": "application/json",
        "Authorization": "Sanitized",
        "Content-Length": "47",
        "Content-Type": "application/json",
        "traceparent": "00-783873963c9bed3a61eec832672712bc-443edbd340efb058-00",
        "User-Agent": "azsdk-net-ResourceManager.ManagedServiceIdentities/1.1.0-alpha.20221019.1 (.NET 6.0.10; Microsoft Windows 10.0.19044)",
        "x-ms-client-request-id": "32ca7732c7fcd4cecb57b72415f49738",
        "x-ms-return-client-request-id": "true"
      },
      "RequestBody": {
        "tags": {},
        "location": "eastus",
        "properties": {}
      },
      "StatusCode": 201,
      "ResponseHeaders": {
        "Cache-Control": "no-cache",
        "Content-Length": "426",
        "Content-Type": "application/json; charset=utf-8",
        "Date": "Wed, 19 Oct 2022 09:19:22 GMT",
        "Expires": "-1",
        "Location": "/subscriptions/db1ab6f0-4769-4b27-930e-01e2ef9c123c/resourcegroups/uai-rg8856/providers/Microsoft.ManagedIdentity/userAssignedIdentities/uai8063",
        "Pragma": "no-cache",
        "Strict-Transport-Security": "max-age=31536000; includeSubDomains",
        "X-Content-Type-Options": "nosniff",
        "x-ms-correlation-request-id": "a21baf73-ddc6-42e4-9475-5bbda70037dd",
        "x-ms-ratelimit-remaining-subscription-writes": "1180",
        "x-ms-request-id": "a21baf73-ddc6-42e4-9475-5bbda70037dd",
        "x-ms-routing-request-id": "SOUTHEASTASIA:20221019T091923Z:a21baf73-ddc6-42e4-9475-5bbda70037dd"
      },
      "ResponseBody": {
        "id": "/subscriptions/db1ab6f0-4769-4b27-930e-01e2ef9c123c/resourcegroups/uai-rg8856/providers/Microsoft.ManagedIdentity/userAssignedIdentities/uai8063",
        "name": "uai8063",
        "type": "Microsoft.ManagedIdentity/userAssignedIdentities",
        "location": "eastus",
        "tags": {},
        "properties": {
          "tenantId": "72f988bf-86f1-41af-91ab-2d7cd011db47",
          "principalId": "f4c96164-ff6d-43d5-9e70-3d812ebf7467",
          "clientId": "1de7d40f-ae2e-4382-8876-a6424c215c3e"
        }
      }
    },
    {
      "RequestUri": "https://management.azure.com/subscriptions/db1ab6f0-4769-4b27-930e-01e2ef9c123c/resourceGroups/uai-rg8856/providers/Microsoft.ManagedIdentity/userAssignedIdentities/uai8063/providers/Microsoft.Resources/tags/default?api-version=2021-04-01",
      "RequestMethod": "DELETE",
      "RequestHeaders": {
        "Accept": "application/json",
        "Authorization": "Sanitized",
        "traceparent": "00-add3d19da1cc5b3e66264bd0bcd629f9-188d79c0ad7cfaad-00",
        "User-Agent": "azsdk-net-ResourceManager/1.3.1 (.NET 6.0.10; Microsoft Windows 10.0.19044)",
        "x-ms-client-request-id": "5c7d2c649a766f6d66fd6c40334468c4",
        "x-ms-return-client-request-id": "true"
      },
      "RequestBody": null,
      "StatusCode": 200,
      "ResponseHeaders": {
        "Cache-Control": "no-cache",
        "Content-Length": "0",
        "Date": "Wed, 19 Oct 2022 09:19:24 GMT",
        "Expires": "-1",
        "Pragma": "no-cache",
        "Strict-Transport-Security": "max-age=31536000; includeSubDomains",
        "X-Content-Type-Options": "nosniff",
        "x-ms-correlation-request-id": "eac7df3b-2e5b-4abe-8094-9355cf1b5892",
        "x-ms-ratelimit-remaining-subscription-deletes": "14996",
        "x-ms-request-id": "eac7df3b-2e5b-4abe-8094-9355cf1b5892",
        "x-ms-routing-request-id": "SOUTHEASTASIA:20221019T091925Z:eac7df3b-2e5b-4abe-8094-9355cf1b5892"
      },
      "ResponseBody": null
    },
    {
      "RequestUri": "https://management.azure.com/subscriptions/db1ab6f0-4769-4b27-930e-01e2ef9c123c/resourceGroups/uai-rg8856/providers/Microsoft.ManagedIdentity/userAssignedIdentities/uai8063/providers/Microsoft.Resources/tags/default?api-version=2021-04-01",
      "RequestMethod": "GET",
      "RequestHeaders": {
        "Accept": "application/json",
        "Authorization": "Sanitized",
        "traceparent": "00-add3d19da1cc5b3e66264bd0bcd629f9-df0a9accb0711d97-00",
        "User-Agent": "azsdk-net-ResourceManager/1.3.1 (.NET 6.0.10; Microsoft Windows 10.0.19044)",
        "x-ms-client-request-id": "c78b81e62c6b35324cfcacd16a6c8a4d",
        "x-ms-return-client-request-id": "true"
      },
      "RequestBody": null,
      "StatusCode": 200,
      "ResponseHeaders": {
        "Cache-Control": "no-cache",
        "Content-Length": "272",
        "Content-Type": "application/json; charset=utf-8",
        "Date": "Wed, 19 Oct 2022 09:19:24 GMT",
        "Expires": "-1",
        "Pragma": "no-cache",
        "Strict-Transport-Security": "max-age=31536000; includeSubDomains",
        "X-Content-Type-Options": "nosniff",
        "x-ms-correlation-request-id": "753924d0-3e02-4f27-ab78-31fa15a1b26e",
        "x-ms-ratelimit-remaining-subscription-reads": "11978",
        "x-ms-request-id": "753924d0-3e02-4f27-ab78-31fa15a1b26e",
        "x-ms-routing-request-id": "SOUTHEASTASIA:20221019T091925Z:753924d0-3e02-4f27-ab78-31fa15a1b26e"
      },
      "ResponseBody": {
        "id": "/subscriptions/db1ab6f0-4769-4b27-930e-01e2ef9c123c/resourceGroups/uai-rg8856/providers/Microsoft.ManagedIdentity/userAssignedIdentities/uai8063/providers/Microsoft.Resources/tags/default",
        "name": "default",
        "type": "Microsoft.Resources/tags",
        "properties": {
          "tags": {}
        }
      }
    },
    {
      "RequestUri": "https://management.azure.com/subscriptions/db1ab6f0-4769-4b27-930e-01e2ef9c123c/resourceGroups/uai-rg8856/providers/Microsoft.ManagedIdentity/userAssignedIdentities/uai8063/providers/Microsoft.Resources/tags/default?api-version=2021-04-01",
      "RequestMethod": "PUT",
      "RequestHeaders": {
        "Accept": "application/json",
        "Authorization": "Sanitized",
        "Content-Length": "57",
        "Content-Type": "application/json",
        "traceparent": "00-add3d19da1cc5b3e66264bd0bcd629f9-bc351c778f05287f-00",
        "User-Agent": "azsdk-net-ResourceManager/1.3.1 (.NET 6.0.10; Microsoft Windows 10.0.19044)",
        "x-ms-client-request-id": "a4adb35cdedb975f0a5bccfe5b8da086",
        "x-ms-return-client-request-id": "true"
      },
      "RequestBody": {
        "properties": {
          "tags": {
            "key1": "value1",
            "key2": "value2"
          }
        }
      },
      "StatusCode": 200,
      "ResponseHeaders": {
        "Cache-Control": "no-cache",
        "Content-Length": "303",
        "Content-Type": "application/json; charset=utf-8",
        "Date": "Wed, 19 Oct 2022 09:19:27 GMT",
        "Expires": "-1",
        "Pragma": "no-cache",
        "Strict-Transport-Security": "max-age=31536000; includeSubDomains",
        "X-Content-Type-Options": "nosniff",
        "x-ms-correlation-request-id": "878ebc23-c2a4-4200-8d88-1a26cb892f81",
        "x-ms-ratelimit-remaining-subscription-writes": "1179",
        "x-ms-request-id": "878ebc23-c2a4-4200-8d88-1a26cb892f81",
        "x-ms-routing-request-id": "SOUTHEASTASIA:20221019T091928Z:878ebc23-c2a4-4200-8d88-1a26cb892f81"
      },
      "ResponseBody": {
        "id": "/subscriptions/db1ab6f0-4769-4b27-930e-01e2ef9c123c/resourceGroups/uai-rg8856/providers/Microsoft.ManagedIdentity/userAssignedIdentities/uai8063/providers/Microsoft.Resources/tags/default",
        "name": "default",
        "type": "Microsoft.Resources/tags",
        "properties": {
          "tags": {
            "key1": "value1",
            "key2": "value2"
          }
        }
      }
    },
    {
      "RequestUri": "https://management.azure.com/subscriptions/db1ab6f0-4769-4b27-930e-01e2ef9c123c/resourceGroups/uai-rg8856/providers/Microsoft.ManagedIdentity/userAssignedIdentities/uai8063?api-version=2022-01-31-preview",
      "RequestMethod": "GET",
      "RequestHeaders": {
        "Accept": "application/json",
        "Authorization": "Sanitized",
        "traceparent": "00-add3d19da1cc5b3e66264bd0bcd629f9-022678a3ecd57af8-00",
        "User-Agent": "azsdk-net-ResourceManager.ManagedServiceIdentities/1.1.0-alpha.20221019.1 (.NET 6.0.10; Microsoft Windows 10.0.19044)",
        "x-ms-client-request-id": "943df2efcf6837cdfa480f79ed9b04f9",
        "x-ms-return-client-request-id": "true"
      },
      "RequestBody": null,
      "StatusCode": 200,
      "ResponseHeaders": {
        "Cache-Control": "no-cache",
        "Content-Length": "457",
        "Content-Type": "application/json; charset=utf-8",
        "Date": "Wed, 19 Oct 2022 09:19:27 GMT",
        "Expires": "-1",
        "Pragma": "no-cache",
        "Strict-Transport-Security": "max-age=31536000; includeSubDomains",
        "X-Content-Type-Options": "nosniff",
        "x-ms-correlation-request-id": "33c020ff-f15c-43ed-985b-5f4544ab4d7d",
        "x-ms-ratelimit-remaining-subscription-reads": "11977",
        "x-ms-request-id": "33c020ff-f15c-43ed-985b-5f4544ab4d7d",
        "x-ms-routing-request-id": "SOUTHEASTASIA:20221019T091928Z:33c020ff-f15c-43ed-985b-5f4544ab4d7d"
      },
      "ResponseBody": {
        "id": "/subscriptions/db1ab6f0-4769-4b27-930e-01e2ef9c123c/resourcegroups/uai-rg8856/providers/Microsoft.ManagedIdentity/userAssignedIdentities/uai8063",
        "name": "uai8063",
        "type": "Microsoft.ManagedIdentity/userAssignedIdentities",
        "location": "eastus",
        "tags": {
          "key1": "value1",
          "key2": "value2"
        },
        "properties": {
          "tenantId": "72f988bf-86f1-41af-91ab-2d7cd011db47",
          "principalId": "f4c96164-ff6d-43d5-9e70-3d812ebf7467",
          "clientId": "1de7d40f-ae2e-4382-8876-a6424c215c3e"
        }
      }
    }
  ],
  "Variables": {
    "AZURE_AUTHORITY_HOST": "https://login.microsoftonline.com",
    "RandomSeed": "1860342590",
    "RESOURCE_MANAGER_URL": null,
    "SUBSCRIPTION_ID": "db1ab6f0-4769-4b27-930e-01e2ef9c123c"
  }
}
