{
  "Entries": [
    {
      "RequestUri": "https://management.azure.com/subscriptions/db1ab6f0-4769-4b27-930e-01e2ef9c123c?api-version=2021-01-01",
      "RequestMethod": "GET",
      "RequestHeaders": {
        "Accept": "application/json",
        "Authorization": "Sanitized",
        "traceparent": "00-27e0c2ce590391d3f5297c8e8031e288-e27085735245b068-00",
        "User-Agent": "azsdk-net-ResourceManager/1.6.0 (.NET 7.0.7; Microsoft Windows 10.0.22621)",
        "x-ms-client-request-id": "51dba393015cbcd730438a92822dc566",
        "x-ms-return-client-request-id": "true"
      },
      "RequestBody": null,
      "StatusCode": 200,
      "ResponseHeaders": {
        "Cache-Control": "no-cache",
        "Content-Length": "748",
        "Content-Type": "application/json; charset=utf-8",
        "Date": "Wed, 28 Jun 2023 16:04:25 GMT",
        "Expires": "-1",
        "Pragma": "no-cache",
        "Strict-Transport-Security": "max-age=31536000; includeSubDomains",
        "X-Content-Type-Options": "nosniff",
        "x-ms-correlation-request-id": "9e2da574-e935-4aa8-8efc-44f87932733e",
        "x-ms-ratelimit-remaining-subscription-reads": "11273",
        "x-ms-request-id": "9e2da574-e935-4aa8-8efc-44f87932733e",
        "x-ms-routing-request-id": "SOUTHEASTASIA:20230628T160425Z:9e2da574-e935-4aa8-8efc-44f87932733e"
      },
      "ResponseBody": {
        "id": "/subscriptions/db1ab6f0-4769-4b27-930e-01e2ef9c123c",
        "authorizationSource": "RoleBased",
        "managedByTenants": [],
        "tags": {
          "TagKey-9823": "TagValue-1254",
          "TagKey-3481": "TagValue-320",
          "TagKey-4926": "TagValue-1187",
          "TagKey-751": "TagValue-3921",
          "TagKey-1866": "TagValue-8559",
          "TagKey-3094": "TagValue-9190",
          "TagKey-2449": "TagValue-9",
          "TagKey-8379": "TagValue-164",
          "TagKey-7470": "TagValue-2205",
          "TagKey-4236": "TagValue-3698",
          "TagKey-5316": "TagValue-2725"
        },
        "subscriptionId": "db1ab6f0-4769-4b27-930e-01e2ef9c123c",
        "tenantId": "72f988bf-86f1-41af-91ab-2d7cd011db47",
        "displayName": ".NET Mgmt SDK Test with TTL = 1 Day",
        "state": "Enabled",
        "subscriptionPolicies": {
          "locationPlacementId": "Internal_2014-09-01",
          "quotaId": "Internal_2014-09-01",
          "spendingLimit": "Off"
        }
      }
    },
    {
      "RequestUri": "https://management.azure.com/subscriptions/db1ab6f0-4769-4b27-930e-01e2ef9c123c/resourcegroups/csmrg3215?api-version=**",
      "RequestMethod": "PUT",
      "RequestHeaders": {
        "Accept": "application/json",
        "Authorization": "Sanitized",
        "Content-Length": "21",
        "Content-Type": "application/json",
        "traceparent": "00-2167bfaabbe702fe07cdcd66b7b9a374-3b5733a5cc92edbf-00",
        "User-Agent": "azsdk-net-ResourceManager/1.6.0 (.NET 7.0.7; Microsoft Windows 10.0.22621)",
        "x-ms-client-request-id": "bfa8948f43f6b3f6dc9db71e954ec3fe",
        "x-ms-return-client-request-id": "true"
      },
      "RequestBody": {
        "location": "westus"
      },
      "StatusCode": 201,
      "ResponseHeaders": {
        "Cache-Control": "no-cache",
        "Content-Length": "215",
        "Content-Type": "application/json; charset=utf-8",
        "Date": "Wed, 28 Jun 2023 16:04:26 GMT",
        "Expires": "-1",
        "Pragma": "no-cache",
        "Strict-Transport-Security": "max-age=31536000; includeSubDomains",
        "X-Content-Type-Options": "nosniff",
        "x-ms-correlation-request-id": "56654762-930b-4fc5-805c-70801c19e592",
        "x-ms-ratelimit-remaining-subscription-writes": "1013",
        "x-ms-request-id": "56654762-930b-4fc5-805c-70801c19e592",
        "x-ms-routing-request-id": "SOUTHEASTASIA:20230628T160426Z:56654762-930b-4fc5-805c-70801c19e592"
      },
      "ResponseBody": {
        "id": "/subscriptions/db1ab6f0-4769-4b27-930e-01e2ef9c123c/resourceGroups/csmrg3215",
        "name": "csmrg3215",
        "type": "Microsoft.Resources/resourceGroups",
        "location": "westus",
        "properties": {
          "provisioningState": "Succeeded"
        }
      }
    },
    {
      "RequestUri": "https://management.azure.com/subscriptions/db1ab6f0-4769-4b27-930e-01e2ef9c123c/resourceGroups/csmrg3215/providers/Microsoft.Network/virtualNetworks/azsmnet6432?api-version=2023-02-01",
      "RequestMethod": "PUT",
      "RequestHeaders": {
        "Accept": "application/json",
        "Authorization": "Sanitized",
        "Content-Length": "220",
        "Content-Type": "application/json",
        "traceparent": "00-0169cb0bd49a59688b8d99b7b4510165-57495370bc69fd83-00",
        "User-Agent": "azsdk-net-ResourceManager.Network/1.3.0-alpha.20230627.1 (.NET 7.0.7; Microsoft Windows 10.0.22621)",
        "x-ms-client-request-id": "e5ec52822837928acc32efc5e571549e",
        "x-ms-return-client-request-id": "true"
      },
      "RequestBody": {
        "location": "westus",
        "properties": {
          "addressSpace": {
            "addressPrefixes": [
              "10.0.0.0/16"
            ]
          },
          "dhcpOptions": {
            "dnsServers": [
              "10.1.1.1",
              "10.1.2.4"
            ]
          },
          "subnets": [
            {
              "name": "azsmnet1695",
              "properties": {
                "addressPrefix": "10.0.1.0/24"
              }
            }
          ]
        }
      },
      "StatusCode": 201,
      "ResponseHeaders": {
        "Azure-AsyncNotification": "Enabled",
        "Azure-AsyncOperation": "https://management.azure.com/subscriptions/db1ab6f0-4769-4b27-930e-01e2ef9c123c/providers/Microsoft.Network/locations/westus/operations/0013bfee-587a-4f82-a925-72966d907109?api-version=2023-02-01",
        "Cache-Control": "no-cache",
        "Content-Length": "1019",
        "Content-Type": "application/json; charset=utf-8",
        "Date": "Wed, 28 Jun 2023 16:04:34 GMT",
        "Expires": "-1",
        "Pragma": "no-cache",
        "Retry-After": "3",
        "Server": [
          "Microsoft-HTTPAPI/2.0",
          "Microsoft-HTTPAPI/2.0"
        ],
        "Strict-Transport-Security": "max-age=31536000; includeSubDomains",
        "X-Content-Type-Options": "nosniff",
        "x-ms-arm-service-request-id": "f8620579-dbdf-4970-b969-665056f454f9",
        "x-ms-client-request-id": "e5ec52822837928acc32efc5e571549e",
        "x-ms-correlation-request-id": "2512d124-c4fc-4ab9-87e6-740aa113940e",
        "x-ms-ratelimit-remaining-subscription-writes": "1012",
        "x-ms-request-id": "0013bfee-587a-4f82-a925-72966d907109",
        "x-ms-routing-request-id": "SOUTHEASTASIA:20230628T160435Z:2512d124-c4fc-4ab9-87e6-740aa113940e"
      },
      "ResponseBody": {
        "name": "azsmnet6432",
        "id": "/subscriptions/db1ab6f0-4769-4b27-930e-01e2ef9c123c/resourceGroups/csmrg3215/providers/Microsoft.Network/virtualNetworks/azsmnet6432",
        "etag": "W/\u00224e26a4ae-3a24-4078-a65c-33495fd571be\u0022",
        "type": "Microsoft.Network/virtualNetworks",
        "location": "westus",
        "properties": {
          "provisioningState": "Updating",
          "resourceGuid": "f875c5da-d197-4dd1-9cf2-586554dc7bfc",
          "addressSpace": {
            "addressPrefixes": [
              "10.0.0.0/16"
            ]
          },
          "dhcpOptions": {
            "dnsServers": [
              "10.1.1.1",
              "10.1.2.4"
            ]
          },
          "subnets": [
            {
              "name": "azsmnet1695",
              "id": "/subscriptions/db1ab6f0-4769-4b27-930e-01e2ef9c123c/resourceGroups/csmrg3215/providers/Microsoft.Network/virtualNetworks/azsmnet6432/subnets/azsmnet1695",
              "etag": "W/\u00224e26a4ae-3a24-4078-a65c-33495fd571be\u0022",
              "properties": {
                "provisioningState": "Updating",
                "addressPrefix": "10.0.1.0/24",
                "delegations": [],
                "privateEndpointNetworkPolicies": "Disabled",
                "privateLinkServiceNetworkPolicies": "Enabled"
              },
              "type": "Microsoft.Network/virtualNetworks/subnets"
            }
          ],
          "virtualNetworkPeerings": [],
          "enableDdosProtection": false
        }
      }
    },
    {
      "RequestUri": "https://management.azure.com/subscriptions/db1ab6f0-4769-4b27-930e-01e2ef9c123c/providers/Microsoft.Network/locations/westus/operations/0013bfee-587a-4f82-a925-72966d907109?api-version=2023-02-01",
      "RequestMethod": "GET",
      "RequestHeaders": {
        "Authorization": "Sanitized",
        "traceparent": "00-0169cb0bd49a59688b8d99b7b4510165-37365ec57ca30de9-00",
        "User-Agent": "azsdk-net-ResourceManager/1.6.0 (.NET 7.0.7; Microsoft Windows 10.0.22621)",
        "x-ms-client-request-id": "1442ed47a998805c346476c4c416b746",
        "x-ms-return-client-request-id": "true"
      },
      "RequestBody": null,
      "StatusCode": 200,
      "ResponseHeaders": {
        "Cache-Control": "no-cache",
        "Content-Length": "23",
        "Content-Type": "application/json; charset=utf-8",
        "Date": "Wed, 28 Jun 2023 16:04:35 GMT",
        "Expires": "-1",
        "Pragma": "no-cache",
        "Retry-After": "10",
        "Server": [
          "Microsoft-HTTPAPI/2.0",
          "Microsoft-HTTPAPI/2.0"
        ],
        "Strict-Transport-Security": "max-age=31536000; includeSubDomains",
        "X-Content-Type-Options": "nosniff",
        "x-ms-arm-service-request-id": "659e2e9f-e593-427b-b017-1c06e323b63e",
        "x-ms-client-request-id": "1442ed47a998805c346476c4c416b746",
        "x-ms-correlation-request-id": "8c38d888-e3ee-47e8-9c13-babf4108d776",
        "x-ms-ratelimit-remaining-subscription-reads": "11272",
        "x-ms-request-id": "dd6eab8d-e564-4915-8c75-58ce0c3a870b",
        "x-ms-routing-request-id": "SOUTHEASTASIA:20230628T160435Z:8c38d888-e3ee-47e8-9c13-babf4108d776"
      },
      "ResponseBody": {
        "status": "InProgress"
      }
    },
    {
      "RequestUri": "https://management.azure.com/subscriptions/db1ab6f0-4769-4b27-930e-01e2ef9c123c/providers/Microsoft.Network/locations/westus/operations/0013bfee-587a-4f82-a925-72966d907109?api-version=2023-02-01",
      "RequestMethod": "GET",
      "RequestHeaders": {
        "Authorization": "Sanitized",
        "traceparent": "00-0169cb0bd49a59688b8d99b7b4510165-c0841f56a948c034-00",
        "User-Agent": "azsdk-net-ResourceManager/1.6.0 (.NET 7.0.7; Microsoft Windows 10.0.22621)",
        "x-ms-client-request-id": "c0a2f7c92efb23a26d4e64d408ebf7d7",
        "x-ms-return-client-request-id": "true"
      },
      "RequestBody": null,
      "StatusCode": 200,
      "ResponseHeaders": {
        "Cache-Control": "no-cache",
        "Content-Length": "22",
        "Content-Type": "application/json; charset=utf-8",
        "Date": "Wed, 28 Jun 2023 16:04:45 GMT",
        "Expires": "-1",
        "Pragma": "no-cache",
        "Server": [
          "Microsoft-HTTPAPI/2.0",
          "Microsoft-HTTPAPI/2.0"
        ],
        "Strict-Transport-Security": "max-age=31536000; includeSubDomains",
        "X-Content-Type-Options": "nosniff",
        "x-ms-arm-service-request-id": "7a474d85-50a7-46f7-afd3-e3156357c2b2",
        "x-ms-client-request-id": "c0a2f7c92efb23a26d4e64d408ebf7d7",
        "x-ms-correlation-request-id": "642277cf-d63a-4499-bbe2-9f26743040c9",
        "x-ms-ratelimit-remaining-subscription-reads": "11271",
        "x-ms-request-id": "de147cb6-3dd6-41f3-97b1-707ce6478ba5",
        "x-ms-routing-request-id": "SOUTHEASTASIA:20230628T160445Z:642277cf-d63a-4499-bbe2-9f26743040c9"
      },
      "ResponseBody": {
        "status": "Succeeded"
      }
    },
    {
      "RequestUri": "https://management.azure.com/subscriptions/db1ab6f0-4769-4b27-930e-01e2ef9c123c/resourceGroups/csmrg3215/providers/Microsoft.Network/virtualNetworks/azsmnet6432?api-version=2023-02-01",
      "RequestMethod": "GET",
      "RequestHeaders": {
        "Authorization": "Sanitized",
        "traceparent": "00-0169cb0bd49a59688b8d99b7b4510165-621ac0a58066df35-00",
        "User-Agent": "azsdk-net-ResourceManager/1.6.0 (.NET 7.0.7; Microsoft Windows 10.0.22621)",
        "x-ms-client-request-id": "f87e5b6b402e0105a582d738e920da69",
        "x-ms-return-client-request-id": "true"
      },
      "RequestBody": null,
      "StatusCode": 200,
      "ResponseHeaders": {
        "Cache-Control": "no-cache",
        "Content-Length": "1021",
        "Content-Type": "application/json; charset=utf-8",
        "Date": "Wed, 28 Jun 2023 16:04:45 GMT",
        "ETag": "W/\u0022994f44aa-cf92-4dcd-86b1-996ed005317a\u0022",
        "Expires": "-1",
        "Pragma": "no-cache",
        "Server": [
          "Microsoft-HTTPAPI/2.0",
          "Microsoft-HTTPAPI/2.0"
        ],
        "Strict-Transport-Security": "max-age=31536000; includeSubDomains",
        "X-Content-Type-Options": "nosniff",
        "x-ms-arm-service-request-id": "63344562-076d-436d-ac69-db390e9cb8ec",
        "x-ms-client-request-id": "f87e5b6b402e0105a582d738e920da69",
        "x-ms-correlation-request-id": "4a8cd142-06ea-4466-8bd7-b5b6bb1d4d86",
        "x-ms-ratelimit-remaining-subscription-reads": "11270",
        "x-ms-request-id": "dbc4db06-e49d-40ab-881f-124db35ecf1d",
        "x-ms-routing-request-id": "SOUTHEASTASIA:20230628T160446Z:4a8cd142-06ea-4466-8bd7-b5b6bb1d4d86"
      },
      "ResponseBody": {
        "name": "azsmnet6432",
        "id": "/subscriptions/db1ab6f0-4769-4b27-930e-01e2ef9c123c/resourceGroups/csmrg3215/providers/Microsoft.Network/virtualNetworks/azsmnet6432",
        "etag": "W/\u0022994f44aa-cf92-4dcd-86b1-996ed005317a\u0022",
        "type": "Microsoft.Network/virtualNetworks",
        "location": "westus",
        "properties": {
          "provisioningState": "Succeeded",
          "resourceGuid": "f875c5da-d197-4dd1-9cf2-586554dc7bfc",
          "addressSpace": {
            "addressPrefixes": [
              "10.0.0.0/16"
            ]
          },
          "dhcpOptions": {
            "dnsServers": [
              "10.1.1.1",
              "10.1.2.4"
            ]
          },
          "subnets": [
            {
              "name": "azsmnet1695",
              "id": "/subscriptions/db1ab6f0-4769-4b27-930e-01e2ef9c123c/resourceGroups/csmrg3215/providers/Microsoft.Network/virtualNetworks/azsmnet6432/subnets/azsmnet1695",
              "etag": "W/\u0022994f44aa-cf92-4dcd-86b1-996ed005317a\u0022",
              "properties": {
                "provisioningState": "Succeeded",
                "addressPrefix": "10.0.1.0/24",
                "delegations": [],
                "privateEndpointNetworkPolicies": "Disabled",
                "privateLinkServiceNetworkPolicies": "Enabled"
              },
              "type": "Microsoft.Network/virtualNetworks/subnets"
            }
          ],
          "virtualNetworkPeerings": [],
          "enableDdosProtection": false
        }
      }
    },
    {
      "RequestUri": "https://management.azure.com/subscriptions/db1ab6f0-4769-4b27-930e-01e2ef9c123c/resourceGroups/csmrg3215/providers/Microsoft.Network/virtualNetworks/azsmnet6432/subnets/azsmnet1695?api-version=2023-02-01",
      "RequestMethod": "GET",
      "RequestHeaders": {
        "Accept": "application/json",
        "Authorization": "Sanitized",
        "traceparent": "00-b332e6424f120455017bbcaf8b205b63-b6f108b458b84726-00",
        "User-Agent": "azsdk-net-ResourceManager.Network/1.3.0-alpha.20230627.1 (.NET 7.0.7; Microsoft Windows 10.0.22621)",
        "x-ms-client-request-id": "a3d5d9ab065219984b1fa64944887849",
        "x-ms-return-client-request-id": "true"
      },
      "RequestBody": null,
      "StatusCode": 200,
      "ResponseHeaders": {
        "Cache-Control": "no-cache",
        "Content-Length": "469",
        "Content-Type": "application/json; charset=utf-8",
        "Date": "Wed, 28 Jun 2023 16:04:46 GMT",
        "ETag": "W/\u0022994f44aa-cf92-4dcd-86b1-996ed005317a\u0022",
        "Expires": "-1",
        "Pragma": "no-cache",
        "Server": [
          "Microsoft-HTTPAPI/2.0",
          "Microsoft-HTTPAPI/2.0"
        ],
        "Strict-Transport-Security": "max-age=31536000; includeSubDomains",
        "X-Content-Type-Options": "nosniff",
        "x-ms-arm-service-request-id": "a2db86fc-9d1c-40c5-b163-d004e96e0087",
        "x-ms-client-request-id": "a3d5d9ab065219984b1fa64944887849",
        "x-ms-correlation-request-id": "c6665010-201d-4dfd-bda3-ff8a8c202763",
        "x-ms-ratelimit-remaining-subscription-reads": "11269",
        "x-ms-request-id": "b253c6a4-d110-4d98-8dd1-c13e46cd1ed0",
        "x-ms-routing-request-id": "SOUTHEASTASIA:20230628T160446Z:c6665010-201d-4dfd-bda3-ff8a8c202763"
      },
      "ResponseBody": {
        "name": "azsmnet1695",
        "id": "/subscriptions/db1ab6f0-4769-4b27-930e-01e2ef9c123c/resourceGroups/csmrg3215/providers/Microsoft.Network/virtualNetworks/azsmnet6432/subnets/azsmnet1695",
        "etag": "W/\u0022994f44aa-cf92-4dcd-86b1-996ed005317a\u0022",
        "properties": {
          "provisioningState": "Succeeded",
          "addressPrefix": "10.0.1.0/24",
          "delegations": [],
          "privateEndpointNetworkPolicies": "Disabled",
          "privateLinkServiceNetworkPolicies": "Enabled"
        },
        "type": "Microsoft.Network/virtualNetworks/subnets"
      }
    },
    {
      "RequestUri": "https://management.azure.com/subscriptions/db1ab6f0-4769-4b27-930e-01e2ef9c123c/resourceGroups/csmrg3215/providers/Microsoft.Network/networkInterfaces/azsmnet1331?api-version=2023-02-01",
      "RequestMethod": "PUT",
      "RequestHeaders": {
        "Accept": "application/json",
        "Authorization": "Sanitized",
        "Content-Length": "372",
        "Content-Type": "application/json",
        "traceparent": "00-00c4c25402c81508a3a4986e62a08954-15622d01a321ab09-00",
        "User-Agent": "azsdk-net-ResourceManager.Network/1.3.0-alpha.20230627.1 (.NET 7.0.7; Microsoft Windows 10.0.22621)",
        "x-ms-client-request-id": "bf9868588818a1f11a795669394c74fb",
        "x-ms-return-client-request-id": "true"
      },
      "RequestBody": {
        "location": "westus",
        "tags": {
          "key": "value"
        },
        "properties": {
          "ipConfigurations": [
            {
              "name": "azsmnet9292",
              "properties": {
                "privateIPAddress": "10.0.1.9",
                "privateIPAllocationMethod": "Static",
                "subnet": {
                  "id": "/subscriptions/db1ab6f0-4769-4b27-930e-01e2ef9c123c/resourceGroups/csmrg3215/providers/Microsoft.Network/virtualNetworks/azsmnet6432/subnets/azsmnet1695",
                  "properties": {}
                }
              }
            }
          ]
        }
      },
      "StatusCode": 201,
      "ResponseHeaders": {
        "Azure-AsyncNotification": "Enabled",
        "Azure-AsyncOperation": "https://management.azure.com/subscriptions/db1ab6f0-4769-4b27-930e-01e2ef9c123c/providers/Microsoft.Network/locations/westus/operations/f747f0f7-5459-4e27-ae0a-24c455a5b9e0?api-version=2023-02-01",
        "Cache-Control": "no-cache",
        "Content-Length": "1398",
        "Content-Type": "application/json; charset=utf-8",
        "Date": "Wed, 28 Jun 2023 16:04:49 GMT",
        "Expires": "-1",
        "Pragma": "no-cache",
        "Server": [
          "Microsoft-HTTPAPI/2.0",
          "Microsoft-HTTPAPI/2.0"
        ],
        "Strict-Transport-Security": "max-age=31536000; includeSubDomains",
        "X-Content-Type-Options": "nosniff",
        "x-ms-arm-service-request-id": "782faf17-583a-4e0b-a6db-84043e2e139b",
        "x-ms-client-request-id": "bf9868588818a1f11a795669394c74fb",
        "x-ms-correlation-request-id": "23839970-db14-4e57-8fa2-55863f68ec63",
        "x-ms-ratelimit-remaining-subscription-writes": "1011",
        "x-ms-request-id": "f747f0f7-5459-4e27-ae0a-24c455a5b9e0",
        "x-ms-routing-request-id": "SOUTHEASTASIA:20230628T160449Z:23839970-db14-4e57-8fa2-55863f68ec63"
      },
      "ResponseBody": {
        "name": "azsmnet1331",
        "id": "/subscriptions/db1ab6f0-4769-4b27-930e-01e2ef9c123c/resourceGroups/csmrg3215/providers/Microsoft.Network/networkInterfaces/azsmnet1331",
        "etag": "W/\u0022c2eeeb1b-ef0a-44f7-bb43-975cd18b9792\u0022",
        "tags": {
          "key": "value"
        },
        "properties": {
          "provisioningState": "Succeeded",
          "resourceGuid": "76ddb368-d157-4fd4-a970-85e1b2a1b1d3",
          "ipConfigurations": [
            {
              "name": "azsmnet9292",
              "id": "/subscriptions/db1ab6f0-4769-4b27-930e-01e2ef9c123c/resourceGroups/csmrg3215/providers/Microsoft.Network/networkInterfaces/azsmnet1331/ipConfigurations/azsmnet9292",
              "etag": "W/\u0022c2eeeb1b-ef0a-44f7-bb43-975cd18b9792\u0022",
              "type": "Microsoft.Network/networkInterfaces/ipConfigurations",
              "properties": {
                "provisioningState": "Succeeded",
                "privateIPAddress": "10.0.1.9",
                "privateIPAllocationMethod": "Static",
                "subnet": {
                  "id": "/subscriptions/db1ab6f0-4769-4b27-930e-01e2ef9c123c/resourceGroups/csmrg3215/providers/Microsoft.Network/virtualNetworks/azsmnet6432/subnets/azsmnet1695"
                },
                "primary": true,
                "privateIPAddressVersion": "IPv4"
              }
            }
          ],
          "dnsSettings": {
            "dnsServers": [],
            "appliedDnsServers": [],
            "internalDomainNameSuffix": "1lcxl4ex0hiu1hhslbsvjxd15e.dx.internal.cloudapp.net"
          },
          "vnetEncryptionSupported": false,
          "enableIPForwarding": false,
          "disableTcpStateTracking": false,
          "hostedWorkloads": [],
          "tapConfigurations": [],
          "nicType": "Standard",
          "allowPort25Out": true
        },
        "type": "Microsoft.Network/networkInterfaces",
        "location": "westus",
        "kind": "Regular"
      }
    },
    {
      "RequestUri": "https://management.azure.com/subscriptions/db1ab6f0-4769-4b27-930e-01e2ef9c123c/providers/Microsoft.Network/locations/westus/operations/f747f0f7-5459-4e27-ae0a-24c455a5b9e0?api-version=2023-02-01",
      "RequestMethod": "GET",
      "RequestHeaders": {
        "Authorization": "Sanitized",
        "traceparent": "00-00c4c25402c81508a3a4986e62a08954-0c8e39b8b6749581-00",
        "User-Agent": "azsdk-net-ResourceManager/1.6.0 (.NET 7.0.7; Microsoft Windows 10.0.22621)",
        "x-ms-client-request-id": "71c74acbebd14cc1b1b0ec1fc3e1e559",
        "x-ms-return-client-request-id": "true"
      },
      "RequestBody": null,
      "StatusCode": 200,
      "ResponseHeaders": {
        "Cache-Control": "no-cache",
        "Content-Length": "22",
        "Content-Type": "application/json; charset=utf-8",
        "Date": "Wed, 28 Jun 2023 16:04:49 GMT",
        "Expires": "-1",
        "Pragma": "no-cache",
        "Server": [
          "Microsoft-HTTPAPI/2.0",
          "Microsoft-HTTPAPI/2.0"
        ],
        "Strict-Transport-Security": "max-age=31536000; includeSubDomains",
        "X-Content-Type-Options": "nosniff",
        "x-ms-arm-service-request-id": "fee8162f-4e24-4fdd-825c-8bb2a45a1b9d",
        "x-ms-client-request-id": "71c74acbebd14cc1b1b0ec1fc3e1e559",
        "x-ms-correlation-request-id": "b97a8991-258a-4a65-aa7d-4b4147f0736e",
        "x-ms-ratelimit-remaining-subscription-reads": "11268",
        "x-ms-request-id": "4b69b5da-7bcd-43b6-9067-fc8c10c5afd0",
        "x-ms-routing-request-id": "SOUTHEASTASIA:20230628T160449Z:b97a8991-258a-4a65-aa7d-4b4147f0736e"
      },
      "ResponseBody": {
        "status": "Succeeded"
      }
    },
    {
      "RequestUri": "https://management.azure.com/subscriptions/db1ab6f0-4769-4b27-930e-01e2ef9c123c/resourceGroups/csmrg3215/providers/Microsoft.Network/networkInterfaces/azsmnet1331?api-version=2023-02-01",
      "RequestMethod": "GET",
      "RequestHeaders": {
        "Authorization": "Sanitized",
        "traceparent": "00-00c4c25402c81508a3a4986e62a08954-68d9f8e8ae8d65fa-00",
        "User-Agent": "azsdk-net-ResourceManager/1.6.0 (.NET 7.0.7; Microsoft Windows 10.0.22621)",
        "x-ms-client-request-id": "496049d41933f419a6341309ef35e5fe",
        "x-ms-return-client-request-id": "true"
      },
      "RequestBody": null,
      "StatusCode": 200,
      "ResponseHeaders": {
        "Cache-Control": "no-cache",
        "Content-Length": "1398",
        "Content-Type": "application/json; charset=utf-8",
        "Date": "Wed, 28 Jun 2023 16:04:49 GMT",
        "ETag": "W/\u0022c2eeeb1b-ef0a-44f7-bb43-975cd18b9792\u0022",
        "Expires": "-1",
        "Pragma": "no-cache",
        "Server": [
          "Microsoft-HTTPAPI/2.0",
          "Microsoft-HTTPAPI/2.0"
        ],
        "Strict-Transport-Security": "max-age=31536000; includeSubDomains",
        "X-Content-Type-Options": "nosniff",
        "x-ms-arm-service-request-id": "6ca1d563-3a32-4fee-822e-169669d3df4a",
        "x-ms-client-request-id": "496049d41933f419a6341309ef35e5fe",
        "x-ms-correlation-request-id": "edf23701-c03e-400c-a19b-c9fc8e38c838",
        "x-ms-ratelimit-remaining-subscription-reads": "11267",
        "x-ms-request-id": "fa2aa42c-fb28-40f8-acb6-57fd40397702",
        "x-ms-routing-request-id": "SOUTHEASTASIA:20230628T160450Z:edf23701-c03e-400c-a19b-c9fc8e38c838"
      },
      "ResponseBody": {
        "name": "azsmnet1331",
        "id": "/subscriptions/db1ab6f0-4769-4b27-930e-01e2ef9c123c/resourceGroups/csmrg3215/providers/Microsoft.Network/networkInterfaces/azsmnet1331",
        "etag": "W/\u0022c2eeeb1b-ef0a-44f7-bb43-975cd18b9792\u0022",
        "tags": {
          "key": "value"
        },
        "properties": {
          "provisioningState": "Succeeded",
          "resourceGuid": "76ddb368-d157-4fd4-a970-85e1b2a1b1d3",
          "ipConfigurations": [
            {
              "name": "azsmnet9292",
              "id": "/subscriptions/db1ab6f0-4769-4b27-930e-01e2ef9c123c/resourceGroups/csmrg3215/providers/Microsoft.Network/networkInterfaces/azsmnet1331/ipConfigurations/azsmnet9292",
              "etag": "W/\u0022c2eeeb1b-ef0a-44f7-bb43-975cd18b9792\u0022",
              "type": "Microsoft.Network/networkInterfaces/ipConfigurations",
              "properties": {
                "provisioningState": "Succeeded",
                "privateIPAddress": "10.0.1.9",
                "privateIPAllocationMethod": "Static",
                "subnet": {
                  "id": "/subscriptions/db1ab6f0-4769-4b27-930e-01e2ef9c123c/resourceGroups/csmrg3215/providers/Microsoft.Network/virtualNetworks/azsmnet6432/subnets/azsmnet1695"
                },
                "primary": true,
                "privateIPAddressVersion": "IPv4"
              }
            }
          ],
          "dnsSettings": {
            "dnsServers": [],
            "appliedDnsServers": [],
            "internalDomainNameSuffix": "1lcxl4ex0hiu1hhslbsvjxd15e.dx.internal.cloudapp.net"
          },
          "vnetEncryptionSupported": false,
          "enableIPForwarding": false,
          "disableTcpStateTracking": false,
          "hostedWorkloads": [],
          "tapConfigurations": [],
          "nicType": "Standard",
          "allowPort25Out": true
        },
        "type": "Microsoft.Network/networkInterfaces",
        "location": "westus",
        "kind": "Regular"
      }
    },
    {
      "RequestUri": "https://management.azure.com/subscriptions/db1ab6f0-4769-4b27-930e-01e2ef9c123c/resourceGroups/csmrg3215/providers/Microsoft.Network/virtualNetworks/azsmnet6432/CheckIPAddressAvailability?ipAddress=10.0.1.10\u0026api-version=2023-02-01",
      "RequestMethod": "GET",
      "RequestHeaders": {
        "Accept": "application/json",
        "Authorization": "Sanitized",
        "traceparent": "00-47c7a8478254b573ba3d2f530c6de6d5-55ba4195e9b4d2d9-00",
        "User-Agent": "azsdk-net-ResourceManager.Network/1.3.0-alpha.20230627.1 (.NET 7.0.7; Microsoft Windows 10.0.22621)",
        "x-ms-client-request-id": "ef9ec76f03843c296dc9a2d478a3a1ca",
        "x-ms-return-client-request-id": "true"
      },
      "RequestBody": null,
      "StatusCode": 200,
      "ResponseHeaders": {
        "Cache-Control": "no-cache",
        "Content-Length": "45",
        "Content-Type": "application/json; charset=utf-8",
        "Date": "Wed, 28 Jun 2023 16:04:50 GMT",
        "Expires": "-1",
        "Pragma": "no-cache",
        "Server": [
          "Microsoft-HTTPAPI/2.0",
          "Microsoft-HTTPAPI/2.0"
        ],
        "Strict-Transport-Security": "max-age=31536000; includeSubDomains",
        "X-Content-Type-Options": "nosniff",
        "x-ms-arm-service-request-id": "03494f80-0827-4d13-a68f-6b6fa76bf39f",
        "x-ms-client-request-id": "ef9ec76f03843c296dc9a2d478a3a1ca",
        "x-ms-correlation-request-id": "b1c85b99-8be3-4e13-9912-d96b21e2ad8d",
        "x-ms-ratelimit-remaining-subscription-reads": "11266",
        "x-ms-request-id": "f883fc38-636c-4501-b396-338db6ed4080",
        "x-ms-routing-request-id": "SOUTHEASTASIA:20230628T160450Z:b1c85b99-8be3-4e13-9912-d96b21e2ad8d"
      },
      "ResponseBody": {
        "available": true,
        "isPlatformReserved": false
      }
    },
    {
      "RequestUri": "https://management.azure.com/subscriptions/db1ab6f0-4769-4b27-930e-01e2ef9c123c/resourceGroups/csmrg3215/providers/Microsoft.Network/virtualNetworks/azsmnet6432/CheckIPAddressAvailability?ipAddress=10.0.1.9\u0026api-version=2023-02-01",
      "RequestMethod": "GET",
      "RequestHeaders": {
        "Accept": "application/json",
        "Authorization": "Sanitized",
        "traceparent": "00-dbe6219df897554f7330d3fe1b92e203-d24839fd7fa6147c-00",
        "User-Agent": "azsdk-net-ResourceManager.Network/1.3.0-alpha.20230627.1 (.NET 7.0.7; Microsoft Windows 10.0.22621)",
        "x-ms-client-request-id": "72e73f29bfbcb25b30d3cb9dd8b75d7b",
        "x-ms-return-client-request-id": "true"
      },
      "RequestBody": null,
      "StatusCode": 200,
      "ResponseHeaders": {
        "Cache-Control": "no-cache",
        "Content-Length": "283",
        "Content-Type": "application/json; charset=utf-8",
        "Date": "Wed, 28 Jun 2023 16:04:50 GMT",
        "Expires": "-1",
        "Pragma": "no-cache",
        "Server": [
          "Microsoft-HTTPAPI/2.0",
          "Microsoft-HTTPAPI/2.0"
        ],
        "Strict-Transport-Security": "max-age=31536000; includeSubDomains",
        "X-Content-Type-Options": "nosniff",
        "x-ms-arm-service-request-id": "cff1b4b1-08e3-418e-9406-cd390a8b3b25",
        "x-ms-client-request-id": "72e73f29bfbcb25b30d3cb9dd8b75d7b",
        "x-ms-correlation-request-id": "77ac24e9-2992-43d3-9b95-53fe55f2edbf",
        "x-ms-ratelimit-remaining-subscription-reads": "11265",
        "x-ms-request-id": "0eb55402-029c-4311-816d-19c56eb36da0",
        "x-ms-routing-request-id": "SOUTHEASTASIA:20230628T160451Z:77ac24e9-2992-43d3-9b95-53fe55f2edbf"
      },
      "ResponseBody": {
        "available": false,
        "availableIPAddresses": [
          "10.0.1.4",
          "10.0.1.5",
          "10.0.1.6",
          "10.0.1.7",
          "10.0.1.8"
        ],
        "isPlatformReserved": false,
        "inUseWithResource": "/subscriptions/db1ab6f0-4769-4b27-930e-01e2ef9c123c/resourceGroups/CSMRG3215/providers/Microsoft.Network/networkInterfaces/AZSMNET1331"
      }
    },
    {
      "RequestUri": "https://management.azure.com/subscriptions/db1ab6f0-4769-4b27-930e-01e2ef9c123c/resourceGroups/csmrg3215/providers/Microsoft.Network/networkInterfaces/azsmnet1331?api-version=2023-02-01",
      "RequestMethod": "DELETE",
      "RequestHeaders": {
        "Accept": "application/json",
        "Authorization": "Sanitized",
        "traceparent": "00-733ceaaa1ceb2bcf726ee4272975b5af-12e26d6b89fdfe5c-00",
        "User-Agent": "azsdk-net-ResourceManager.Network/1.3.0-alpha.20230627.1 (.NET 7.0.7; Microsoft Windows 10.0.22621)",
        "x-ms-client-request-id": "fbafedcbf543d1d42023db6976447c02",
        "x-ms-return-client-request-id": "true"
      },
      "RequestBody": null,
      "StatusCode": 200,
      "ResponseHeaders": {
        "Azure-AsyncNotification": "Enabled",
        "Azure-AsyncOperation": "https://management.azure.com/subscriptions/db1ab6f0-4769-4b27-930e-01e2ef9c123c/providers/Microsoft.Network/locations/westus/operations/8c5f8c9b-8202-4e2f-a04b-ac90dbeb93ca?api-version=2023-02-01",
        "Cache-Control": "no-cache",
        "Content-Length": "0",
        "Date": "Wed, 28 Jun 2023 16:04:55 GMT",
        "Expires": "-1",
        "Location": "https://management.azure.com/subscriptions/db1ab6f0-4769-4b27-930e-01e2ef9c123c/providers/Microsoft.Network/locations/westus/operationResults/8c5f8c9b-8202-4e2f-a04b-ac90dbeb93ca?api-version=2023-02-01",
        "Pragma": "no-cache",
        "Retry-After": "4",
        "Server": [
          "Microsoft-HTTPAPI/2.0",
          "Microsoft-HTTPAPI/2.0"
        ],
        "Strict-Transport-Security": "max-age=31536000; includeSubDomains",
        "X-Content-Type-Options": "nosniff",
        "x-ms-arm-service-request-id": "9b47b52f-925b-4ea7-8fbe-234820372964",
        "x-ms-client-request-id": "fbafedcbf543d1d42023db6976447c02",
        "x-ms-correlation-request-id": "57b7aaf0-a918-411b-a411-fe89fb2d7c22",
        "x-ms-ratelimit-remaining-subscription-deletes": "14918",
        "x-ms-request-id": "8c5f8c9b-8202-4e2f-a04b-ac90dbeb93ca",
        "x-ms-routing-request-id": "SOUTHEASTASIA:20230628T160455Z:57b7aaf0-a918-411b-a411-fe89fb2d7c22"
      },
      "ResponseBody": null
    },
    {
      "RequestUri": "https://management.azure.com/subscriptions/db1ab6f0-4769-4b27-930e-01e2ef9c123c/providers/Microsoft.Network/locations/westus/operations/8c5f8c9b-8202-4e2f-a04b-ac90dbeb93ca?api-version=2023-02-01",
      "RequestMethod": "GET",
      "RequestHeaders": {
        "Authorization": "Sanitized",
        "traceparent": "00-733ceaaa1ceb2bcf726ee4272975b5af-f92d7d168f931db8-00",
        "User-Agent": "azsdk-net-ResourceManager/1.6.0 (.NET 7.0.7; Microsoft Windows 10.0.22621)",
        "x-ms-client-request-id": "8a09266ca5f333866b165298e4f13beb",
        "x-ms-return-client-request-id": "true"
      },
      "RequestBody": null,
      "StatusCode": 200,
      "ResponseHeaders": {
        "Cache-Control": "no-cache",
        "Content-Length": "22",
        "Content-Type": "application/json; charset=utf-8",
        "Date": "Wed, 28 Jun 2023 16:04:55 GMT",
        "Expires": "-1",
        "Pragma": "no-cache",
        "Server": [
          "Microsoft-HTTPAPI/2.0",
          "Microsoft-HTTPAPI/2.0"
        ],
        "Strict-Transport-Security": "max-age=31536000; includeSubDomains",
        "X-Content-Type-Options": "nosniff",
        "x-ms-arm-service-request-id": "62613615-2d69-4330-86fc-635689736c02",
        "x-ms-client-request-id": "8a09266ca5f333866b165298e4f13beb",
        "x-ms-correlation-request-id": "5a056c47-16fa-41fa-8abc-a43138c863e3",
        "x-ms-ratelimit-remaining-subscription-reads": "11264",
        "x-ms-request-id": "061f3d22-b304-4b26-a6b8-33988baa353c",
        "x-ms-routing-request-id": "SOUTHEASTASIA:20230628T160456Z:5a056c47-16fa-41fa-8abc-a43138c863e3"
      },
      "ResponseBody": {
        "status": "Succeeded"
      }
    },
    {
      "RequestUri": "https://management.azure.com/subscriptions/db1ab6f0-4769-4b27-930e-01e2ef9c123c/resourceGroups/csmrg3215/providers/Microsoft.Network/virtualNetworks/azsmnet6432?api-version=2023-02-01",
      "RequestMethod": "DELETE",
      "RequestHeaders": {
        "Accept": "application/json",
        "Authorization": "Sanitized",
        "traceparent": "00-39c325899c64519143e41a0b395e366b-0eda70a7c007243d-00",
        "User-Agent": "azsdk-net-ResourceManager.Network/1.3.0-alpha.20230627.1 (.NET 7.0.7; Microsoft Windows 10.0.22621)",
        "x-ms-client-request-id": "900ac856aed8582dacff8e5736239993",
        "x-ms-return-client-request-id": "true"
      },
      "RequestBody": null,
      "StatusCode": 202,
      "ResponseHeaders": {
        "Azure-AsyncNotification": "Enabled",
        "Azure-AsyncOperation": "https://management.azure.com/subscriptions/db1ab6f0-4769-4b27-930e-01e2ef9c123c/providers/Microsoft.Network/locations/westus/operations/7c6bd3d3-ad27-4df4-9563-4742dd337820?api-version=2023-02-01",
        "Cache-Control": "no-cache",
        "Content-Length": "0",
        "Date": "Wed, 28 Jun 2023 16:04:56 GMT",
        "Expires": "-1",
        "Location": "https://management.azure.com/subscriptions/db1ab6f0-4769-4b27-930e-01e2ef9c123c/providers/Microsoft.Network/locations/westus/operationResults/7c6bd3d3-ad27-4df4-9563-4742dd337820?api-version=2023-02-01",
        "Pragma": "no-cache",
        "Retry-After": "10",
        "Server": [
          "Microsoft-HTTPAPI/2.0",
          "Microsoft-HTTPAPI/2.0"
        ],
        "Strict-Transport-Security": "max-age=31536000; includeSubDomains",
        "X-Content-Type-Options": "nosniff",
        "x-ms-arm-service-request-id": "44703181-b768-4182-9641-c965627d8b6b",
        "x-ms-client-request-id": "900ac856aed8582dacff8e5736239993",
        "x-ms-correlation-request-id": "7d5082e1-3d1f-4c9c-918a-f622bbfba492",
        "x-ms-ratelimit-remaining-subscription-deletes": "14917",
        "x-ms-request-id": "7c6bd3d3-ad27-4df4-9563-4742dd337820",
        "x-ms-routing-request-id": "SOUTHEASTASIA:20230628T160456Z:7d5082e1-3d1f-4c9c-918a-f622bbfba492"
      },
      "ResponseBody": null
    },
    {
      "RequestUri": "https://management.azure.com/subscriptions/db1ab6f0-4769-4b27-930e-01e2ef9c123c/providers/Microsoft.Network/locations/westus/operations/7c6bd3d3-ad27-4df4-9563-4742dd337820?api-version=2023-02-01",
      "RequestMethod": "GET",
      "RequestHeaders": {
        "Authorization": "Sanitized",
        "traceparent": "00-39c325899c64519143e41a0b395e366b-0e92541e022401d4-00",
        "User-Agent": "azsdk-net-ResourceManager/1.6.0 (.NET 7.0.7; Microsoft Windows 10.0.22621)",
        "x-ms-client-request-id": "705ad3b0d481beddf9b0ddf3172ffd48",
        "x-ms-return-client-request-id": "true"
      },
      "RequestBody": null,
      "StatusCode": 200,
      "ResponseHeaders": {
        "Cache-Control": "no-cache",
        "Content-Length": "22",
        "Content-Type": "application/json; charset=utf-8",
        "Date": "Wed, 28 Jun 2023 16:04:56 GMT",
        "Expires": "-1",
        "Pragma": "no-cache",
        "Server": [
          "Microsoft-HTTPAPI/2.0",
          "Microsoft-HTTPAPI/2.0"
        ],
        "Strict-Transport-Security": "max-age=31536000; includeSubDomains",
        "X-Content-Type-Options": "nosniff",
        "x-ms-arm-service-request-id": "b5bd9865-8e92-4eeb-8583-43cb889a7ba7",
        "x-ms-client-request-id": "705ad3b0d481beddf9b0ddf3172ffd48",
        "x-ms-correlation-request-id": "3b62ab2f-df57-494f-bcdb-61917e666e1b",
        "x-ms-ratelimit-remaining-subscription-reads": "11263",
        "x-ms-request-id": "aea5947d-dbe6-4fc9-9a21-90b7ff3fbc6f",
        "x-ms-routing-request-id": "SOUTHEASTASIA:20230628T160457Z:3b62ab2f-df57-494f-bcdb-61917e666e1b"
      },
      "ResponseBody": {
        "status": "Succeeded"
      }
    }
  ],
  "Variables": {
    "AZURE_AUTHORITY_HOST": "https://login.microsoftonline.com",
    "LOCATION": "westus",
    "RandomSeed": "819458106",
    "RESOURCE_MANAGER_URL": null,
    "SUBSCRIPTION_ID": "db1ab6f0-4769-4b27-930e-01e2ef9c123c"
  }
}
