{
  "Entries": [
    {
      "RequestUri": "https://management.azure.com/subscriptions/db1ab6f0-4769-4b27-930e-01e2ef9c123c?api-version=2019-11-01",
      "RequestMethod": "GET",
      "RequestHeaders": {
        "Accept": "application/json",
        "Authorization": "Sanitized",
        "User-Agent": "azsdk-net-ResourceManager/1.0.0-beta.4 (.NET Framework 4.8.4420.0; Microsoft Windows 10.0.22000 )",
        "x-ms-client-request-id": "9c047d505aeb4b64bb7ceafaa6e8921c",
        "x-ms-return-client-request-id": "true"
      },
      "RequestBody": null,
      "StatusCode": 200,
      "ResponseHeaders": {
        "Cache-Control": "no-cache",
        "Content-Length": "468",
        "Content-Type": "application/json; charset=utf-8",
        "Date": "Fri, 15 Oct 2021 08:40:55 GMT",
        "Expires": "-1",
        "Pragma": "no-cache",
        "Strict-Transport-Security": "max-age=31536000; includeSubDomains",
        "X-Content-Type-Options": "nosniff",
        "x-ms-correlation-request-id": "f9269d3f-c96a-4a3e-a6b3-763c184fcba7",
        "x-ms-ratelimit-remaining-subscription-reads": "11800",
        "x-ms-request-id": "f9269d3f-c96a-4a3e-a6b3-763c184fcba7",
        "x-ms-routing-request-id": "SOUTHEASTASIA:20211015T084055Z:f9269d3f-c96a-4a3e-a6b3-763c184fcba7"
      },
      "ResponseBody": {
        "id": "/subscriptions/db1ab6f0-4769-4b27-930e-01e2ef9c123c",
        "authorizationSource": "RoleBased",
        "managedByTenants": [],
        "tags": {
          "tagKey1": "tagValue1",
          "tagKey2": "tagValue2"
        },
        "subscriptionId": "db1ab6f0-4769-4b27-930e-01e2ef9c123c",
        "tenantId": "72f988bf-86f1-41af-91ab-2d7cd011db47",
        "displayName": ".NET Mgmt SDK Test with TTL = 1 Day",
        "state": "Enabled",
        "subscriptionPolicies": {
          "locationPlacementId": "Internal_2014-09-01",
          "quotaId": "Internal_2014-09-01",
          "spendingLimit": "Off"
        }
      }
    },
    {
      "RequestUri": "https://management.azure.com/subscriptions/db1ab6f0-4769-4b27-930e-01e2ef9c123c/resourcegroups/csmrg4216?api-version=2019-10-01",
      "RequestMethod": "PUT",
      "RequestHeaders": {
        "Accept": "application/json",
        "Authorization": "Sanitized",
        "Content-Length": "21",
        "Content-Type": "application/json",
        "traceparent": "00-8449d53d40d3244488c25f42ce846f29-7c153d5e26a4ac43-00",
        "User-Agent": "azsdk-net-ResourceManager/1.0.0-beta.4 (.NET Framework 4.8.4420.0; Microsoft Windows 10.0.22000 )",
        "x-ms-client-request-id": "17d697a8703859ecd4d8855e2cd8b4e7",
        "x-ms-return-client-request-id": "true"
      },
      "RequestBody": {
        "location": "eastus"
      },
      "StatusCode": 201,
      "ResponseHeaders": {
        "Cache-Control": "no-cache",
        "Content-Length": "215",
        "Content-Type": "application/json; charset=utf-8",
        "Date": "Fri, 15 Oct 2021 08:40:57 GMT",
        "Expires": "-1",
        "Pragma": "no-cache",
        "Strict-Transport-Security": "max-age=31536000; includeSubDomains",
        "X-Content-Type-Options": "nosniff",
        "x-ms-correlation-request-id": "f8e8242b-a9d3-46ac-9d8b-9269f25618d0",
        "x-ms-ratelimit-remaining-subscription-writes": "1199",
        "x-ms-request-id": "f8e8242b-a9d3-46ac-9d8b-9269f25618d0",
        "x-ms-routing-request-id": "SOUTHEASTASIA:20211015T084058Z:f8e8242b-a9d3-46ac-9d8b-9269f25618d0"
      },
      "ResponseBody": {
        "id": "/subscriptions/db1ab6f0-4769-4b27-930e-01e2ef9c123c/resourceGroups/csmrg4216",
        "name": "csmrg4216",
        "type": "Microsoft.Resources/resourceGroups",
        "location": "eastus",
        "properties": {
          "provisioningState": "Succeeded"
        }
      }
    },
    {
      "RequestUri": "https://management.azure.com/subscriptions/db1ab6f0-4769-4b27-930e-01e2ef9c123c/resourceGroups/csmrg4216/providers/Microsoft.Network/virtualNetworks/azsmnet729?api-version=2021-02-01",
      "RequestMethod": "PUT",
      "RequestHeaders": {
        "Accept": "application/json",
        "Authorization": "Sanitized",
        "Content-Length": "288",
        "Content-Type": "application/json",
        "User-Agent": "azsdk-net-ResourceManager.Network/1.0.0-alpha.20211015.1 (.NET Framework 4.8.4420.0; Microsoft Windows 10.0.22000 )",
        "x-ms-client-request-id": "04ea223ecb6bb9516ee545e7a3339194",
        "x-ms-return-client-request-id": "true"
      },
      "RequestBody": {
        "location": "eastus",
        "properties": {
          "addressSpace": {
            "addressPrefixes": [
              "10.0.0.0/16"
            ]
          },
          "dhcpOptions": {
            "dnsServers": [
              "10.1.1.1",
              "10.1.2.4"
            ]
          },
          "subnets": [
            {
              "name": "azsmnet2289",
              "properties": {
                "addressPrefix": "10.0.1.0/24"
              }
            },
            {
              "name": "azsmnet1110",
              "properties": {
                "addressPrefix": "10.0.2.0/24"
              }
            }
          ]
        }
      },
      "StatusCode": 201,
      "ResponseHeaders": {
        "Azure-AsyncNotification": "Enabled",
        "Azure-AsyncOperation": "https://management.azure.com/subscriptions/db1ab6f0-4769-4b27-930e-01e2ef9c123c/providers/Microsoft.Network/locations/eastus/operations/16245199-3117-419f-a109-4738e915f6d4?api-version=2021-02-01",
        "Cache-Control": "no-cache",
        "Content-Length": "1941",
        "Content-Type": "application/json; charset=utf-8",
        "Date": "Fri, 15 Oct 2021 08:41:05 GMT",
        "Expires": "-1",
        "Pragma": "no-cache",
        "Retry-After": "3",
        "Server": [
          "Microsoft-HTTPAPI/2.0",
          "Microsoft-HTTPAPI/2.0"
        ],
        "Strict-Transport-Security": "max-age=31536000; includeSubDomains",
        "X-Content-Type-Options": "nosniff",
        "x-ms-arm-service-request-id": "fb7fda1e-5e26-428f-a429-330b24ad7de6",
        "x-ms-client-request-id": "04ea223ecb6bb9516ee545e7a3339194",
        "x-ms-correlation-request-id": "35e1c6d9-77d1-4989-a0fe-1f7c26db7090",
        "x-ms-ratelimit-remaining-subscription-writes": "1198",
        "x-ms-request-id": "16245199-3117-419f-a109-4738e915f6d4",
        "x-ms-routing-request-id": "SOUTHEASTASIA:20211015T084105Z:35e1c6d9-77d1-4989-a0fe-1f7c26db7090"
      },
      "ResponseBody": [
        "{\r\n",
        "  \u0022name\u0022: \u0022azsmnet729\u0022,\r\n",
        "  \u0022id\u0022: \u0022/subscriptions/db1ab6f0-4769-4b27-930e-01e2ef9c123c/resourceGroups/csmrg4216/providers/Microsoft.Network/virtualNetworks/azsmnet729\u0022,\r\n",
        "  \u0022etag\u0022: \u0022W/\\\u0022ff08e47c-08e9-40af-976c-06e5dbd66165\\\u0022\u0022,\r\n",
        "  \u0022type\u0022: \u0022Microsoft.Network/virtualNetworks\u0022,\r\n",
        "  \u0022location\u0022: \u0022eastus\u0022,\r\n",
        "  \u0022properties\u0022: {\r\n",
        "    \u0022provisioningState\u0022: \u0022Updating\u0022,\r\n",
        "    \u0022resourceGuid\u0022: \u0022e69d0f7e-de01-447a-bd0e-0a1d15940a5b\u0022,\r\n",
        "    \u0022addressSpace\u0022: {\r\n",
        "      \u0022addressPrefixes\u0022: [\r\n",
        "        \u002210.0.0.0/16\u0022\r\n",
        "      ]\r\n",
        "    },\r\n",
        "    \u0022dhcpOptions\u0022: {\r\n",
        "      \u0022dnsServers\u0022: [\r\n",
        "        \u002210.1.1.1\u0022,\r\n",
        "        \u002210.1.2.4\u0022\r\n",
        "      ]\r\n",
        "    },\r\n",
        "    \u0022subnets\u0022: [\r\n",
        "      {\r\n",
        "        \u0022name\u0022: \u0022azsmnet2289\u0022,\r\n",
        "        \u0022id\u0022: \u0022/subscriptions/db1ab6f0-4769-4b27-930e-01e2ef9c123c/resourceGroups/csmrg4216/providers/Microsoft.Network/virtualNetworks/azsmnet729/subnets/azsmnet2289\u0022,\r\n",
        "        \u0022etag\u0022: \u0022W/\\\u0022ff08e47c-08e9-40af-976c-06e5dbd66165\\\u0022\u0022,\r\n",
        "        \u0022properties\u0022: {\r\n",
        "          \u0022provisioningState\u0022: \u0022Updating\u0022,\r\n",
        "          \u0022addressPrefix\u0022: \u002210.0.1.0/24\u0022,\r\n",
        "          \u0022delegations\u0022: [],\r\n",
        "          \u0022privateEndpointNetworkPolicies\u0022: \u0022Enabled\u0022,\r\n",
        "          \u0022privateLinkServiceNetworkPolicies\u0022: \u0022Enabled\u0022\r\n",
        "        },\r\n",
        "        \u0022type\u0022: \u0022Microsoft.Network/virtualNetworks/subnets\u0022\r\n",
        "      },\r\n",
        "      {\r\n",
        "        \u0022name\u0022: \u0022azsmnet1110\u0022,\r\n",
        "        \u0022id\u0022: \u0022/subscriptions/db1ab6f0-4769-4b27-930e-01e2ef9c123c/resourceGroups/csmrg4216/providers/Microsoft.Network/virtualNetworks/azsmnet729/subnets/azsmnet1110\u0022,\r\n",
        "        \u0022etag\u0022: \u0022W/\\\u0022ff08e47c-08e9-40af-976c-06e5dbd66165\\\u0022\u0022,\r\n",
        "        \u0022properties\u0022: {\r\n",
        "          \u0022provisioningState\u0022: \u0022Updating\u0022,\r\n",
        "          \u0022addressPrefix\u0022: \u002210.0.2.0/24\u0022,\r\n",
        "          \u0022delegations\u0022: [],\r\n",
        "          \u0022privateEndpointNetworkPolicies\u0022: \u0022Enabled\u0022,\r\n",
        "          \u0022privateLinkServiceNetworkPolicies\u0022: \u0022Enabled\u0022\r\n",
        "        },\r\n",
        "        \u0022type\u0022: \u0022Microsoft.Network/virtualNetworks/subnets\u0022\r\n",
        "      }\r\n",
        "    ],\r\n",
        "    \u0022virtualNetworkPeerings\u0022: [],\r\n",
        "    \u0022enableDdosProtection\u0022: false\r\n",
        "  }\r\n",
        "}"
      ]
    },
    {
      "RequestUri": "https://management.azure.com/subscriptions/db1ab6f0-4769-4b27-930e-01e2ef9c123c/providers/Microsoft.Network/locations/eastus/operations/16245199-3117-419f-a109-4738e915f6d4?api-version=2021-02-01",
      "RequestMethod": "GET",
      "RequestHeaders": {
        "Authorization": "Sanitized",
        "User-Agent": "azsdk-net-ResourceManager/1.0.0-beta.4 (.NET Framework 4.8.4420.0; Microsoft Windows 10.0.22000 )",
        "x-ms-client-request-id": "a2dd63a093be4b6be7b77e748ff0e22b",
        "x-ms-return-client-request-id": "true"
      },
      "RequestBody": null,
      "StatusCode": 200,
      "ResponseHeaders": {
        "Cache-Control": "no-cache",
        "Content-Length": "30",
        "Content-Type": "application/json; charset=utf-8",
        "Date": "Fri, 15 Oct 2021 08:41:05 GMT",
        "Expires": "-1",
        "Pragma": "no-cache",
        "Retry-After": "10",
        "Server": [
          "Microsoft-HTTPAPI/2.0",
          "Microsoft-HTTPAPI/2.0"
        ],
        "Strict-Transport-Security": "max-age=31536000; includeSubDomains",
        "X-Content-Type-Options": "nosniff",
        "x-ms-arm-service-request-id": "1e240c17-c117-411e-8c0d-1d0a714ca783",
        "x-ms-client-request-id": "a2dd63a093be4b6be7b77e748ff0e22b",
        "x-ms-correlation-request-id": "b3354ff3-1397-4512-9803-e444433a65f9",
        "x-ms-ratelimit-remaining-subscription-reads": "11799",
        "x-ms-request-id": "9b5dd989-4404-465c-9fb9-f114961c7b99",
        "x-ms-routing-request-id": "SOUTHEASTASIA:20211015T084106Z:b3354ff3-1397-4512-9803-e444433a65f9"
      },
      "ResponseBody": [
        "{\r\n",
        "  \u0022status\u0022: \u0022InProgress\u0022\r\n",
        "}"
      ]
    },
    {
      "RequestUri": "https://management.azure.com/subscriptions/db1ab6f0-4769-4b27-930e-01e2ef9c123c/providers/Microsoft.Network/locations/eastus/operations/16245199-3117-419f-a109-4738e915f6d4?api-version=2021-02-01",
      "RequestMethod": "GET",
      "RequestHeaders": {
        "Authorization": "Sanitized",
        "User-Agent": "azsdk-net-ResourceManager/1.0.0-beta.4 (.NET Framework 4.8.4420.0; Microsoft Windows 10.0.22000 )",
        "x-ms-client-request-id": "8b52439b30972622dfd3828cdec21438",
        "x-ms-return-client-request-id": "true"
      },
      "RequestBody": null,
      "StatusCode": 200,
      "ResponseHeaders": {
        "Cache-Control": "no-cache",
        "Content-Length": "30",
        "Content-Type": "application/json; charset=utf-8",
        "Date": "Fri, 15 Oct 2021 08:41:05 GMT",
        "Expires": "-1",
        "Pragma": "no-cache",
        "Retry-After": "20",
        "Server": [
          "Microsoft-HTTPAPI/2.0",
          "Microsoft-HTTPAPI/2.0"
        ],
        "Strict-Transport-Security": "max-age=31536000; includeSubDomains",
        "X-Content-Type-Options": "nosniff",
        "x-ms-arm-service-request-id": "dcfd28d5-51b4-4776-a98f-294af7263664",
        "x-ms-client-request-id": "8b52439b30972622dfd3828cdec21438",
        "x-ms-correlation-request-id": "59521d87-1f65-4412-9b81-658027a5a358",
        "x-ms-ratelimit-remaining-subscription-reads": "11798",
        "x-ms-request-id": "fddd4c09-e72f-4f55-b995-a4dbfcabfccb",
        "x-ms-routing-request-id": "SOUTHEASTASIA:20211015T084106Z:59521d87-1f65-4412-9b81-658027a5a358"
      },
      "ResponseBody": [
        "{\r\n",
        "  \u0022status\u0022: \u0022InProgress\u0022\r\n",
        "}"
      ]
    },
    {
      "RequestUri": "https://management.azure.com/subscriptions/db1ab6f0-4769-4b27-930e-01e2ef9c123c/providers/Microsoft.Network/locations/eastus/operations/16245199-3117-419f-a109-4738e915f6d4?api-version=2021-02-01",
      "RequestMethod": "GET",
      "RequestHeaders": {
        "Authorization": "Sanitized",
        "User-Agent": "azsdk-net-ResourceManager/1.0.0-beta.4 (.NET Framework 4.8.4420.0; Microsoft Windows 10.0.22000 )",
        "x-ms-client-request-id": "404725d2ee55ced6efa3305599ce8791",
        "x-ms-return-client-request-id": "true"
      },
      "RequestBody": null,
      "StatusCode": 200,
      "ResponseHeaders": {
        "Cache-Control": "no-cache",
        "Content-Length": "30",
        "Content-Type": "application/json; charset=utf-8",
        "Date": "Fri, 15 Oct 2021 08:41:05 GMT",
        "Expires": "-1",
        "Pragma": "no-cache",
        "Retry-After": "20",
        "Server": [
          "Microsoft-HTTPAPI/2.0",
          "Microsoft-HTTPAPI/2.0"
        ],
        "Strict-Transport-Security": "max-age=31536000; includeSubDomains",
        "X-Content-Type-Options": "nosniff",
        "x-ms-arm-service-request-id": "307f2cda-f84f-4b41-84cb-02ddc624c880",
        "x-ms-client-request-id": "404725d2ee55ced6efa3305599ce8791",
        "x-ms-correlation-request-id": "715a9ad0-49a3-4b46-a291-d1408b593f22",
        "x-ms-ratelimit-remaining-subscription-reads": "11797",
        "x-ms-request-id": "b0a546b6-8394-44a8-93d1-2652a51bdf14",
        "x-ms-routing-request-id": "SOUTHEASTASIA:20211015T084106Z:715a9ad0-49a3-4b46-a291-d1408b593f22"
      },
      "ResponseBody": [
        "{\r\n",
        "  \u0022status\u0022: \u0022InProgress\u0022\r\n",
        "}"
      ]
    },
    {
      "RequestUri": "https://management.azure.com/subscriptions/db1ab6f0-4769-4b27-930e-01e2ef9c123c/providers/Microsoft.Network/locations/eastus/operations/16245199-3117-419f-a109-4738e915f6d4?api-version=2021-02-01",
      "RequestMethod": "GET",
      "RequestHeaders": {
        "Authorization": "Sanitized",
        "User-Agent": "azsdk-net-ResourceManager/1.0.0-beta.4 (.NET Framework 4.8.4420.0; Microsoft Windows 10.0.22000 )",
        "x-ms-client-request-id": "61f2c1fb87e3708740b7c3ea11df6c24",
        "x-ms-return-client-request-id": "true"
      },
      "RequestBody": null,
      "StatusCode": 200,
      "ResponseHeaders": {
        "Cache-Control": "no-cache",
        "Content-Length": "30",
        "Content-Type": "application/json; charset=utf-8",
        "Date": "Fri, 15 Oct 2021 08:41:06 GMT",
        "Expires": "-1",
        "Pragma": "no-cache",
        "Retry-After": "40",
        "Server": [
          "Microsoft-HTTPAPI/2.0",
          "Microsoft-HTTPAPI/2.0"
        ],
        "Strict-Transport-Security": "max-age=31536000; includeSubDomains",
        "X-Content-Type-Options": "nosniff",
        "x-ms-arm-service-request-id": "7f779e73-6aaa-436e-a3d6-168f1b960a86",
        "x-ms-client-request-id": "61f2c1fb87e3708740b7c3ea11df6c24",
        "x-ms-correlation-request-id": "f0b2ee39-e200-4d71-8fa1-b523d6f3ca1e",
        "x-ms-ratelimit-remaining-subscription-reads": "11796",
        "x-ms-request-id": "6ac8c7b7-6468-46de-805a-696c6ded5f61",
        "x-ms-routing-request-id": "SOUTHEASTASIA:20211015T084107Z:f0b2ee39-e200-4d71-8fa1-b523d6f3ca1e"
      },
      "ResponseBody": [
        "{\r\n",
        "  \u0022status\u0022: \u0022InProgress\u0022\r\n",
        "}"
      ]
    },
    {
      "RequestUri": "https://management.azure.com/subscriptions/db1ab6f0-4769-4b27-930e-01e2ef9c123c/providers/Microsoft.Network/locations/eastus/operations/16245199-3117-419f-a109-4738e915f6d4?api-version=2021-02-01",
      "RequestMethod": "GET",
      "RequestHeaders": {
        "Authorization": "Sanitized",
        "User-Agent": "azsdk-net-ResourceManager/1.0.0-beta.4 (.NET Framework 4.8.4420.0; Microsoft Windows 10.0.22000 )",
        "x-ms-client-request-id": "69a246a2a2a9acd66d849bf3ffcc8c11",
        "x-ms-return-client-request-id": "true"
      },
      "RequestBody": null,
      "StatusCode": 200,
      "ResponseHeaders": {
        "Cache-Control": "no-cache",
        "Content-Length": "29",
        "Content-Type": "application/json; charset=utf-8",
        "Date": "Fri, 15 Oct 2021 08:41:06 GMT",
        "Expires": "-1",
        "Pragma": "no-cache",
        "Server": [
          "Microsoft-HTTPAPI/2.0",
          "Microsoft-HTTPAPI/2.0"
        ],
        "Strict-Transport-Security": "max-age=31536000; includeSubDomains",
        "X-Content-Type-Options": "nosniff",
        "x-ms-arm-service-request-id": "d40c6215-0806-4fcc-b661-67ccce5a19df",
        "x-ms-client-request-id": "69a246a2a2a9acd66d849bf3ffcc8c11",
        "x-ms-correlation-request-id": "dcd77d8b-0e49-4dd1-86cf-062bc23637e4",
        "x-ms-ratelimit-remaining-subscription-reads": "11795",
        "x-ms-request-id": "f5f4d5a9-5956-44fb-888a-6be88ec4be29",
        "x-ms-routing-request-id": "SOUTHEASTASIA:20211015T084107Z:dcd77d8b-0e49-4dd1-86cf-062bc23637e4"
      },
      "ResponseBody": [
        "{\r\n",
        "  \u0022status\u0022: \u0022Succeeded\u0022\r\n",
        "}"
      ]
    },
    {
      "RequestUri": "https://management.azure.com/subscriptions/db1ab6f0-4769-4b27-930e-01e2ef9c123c/resourceGroups/csmrg4216/providers/Microsoft.Network/virtualNetworks/azsmnet729?api-version=2021-02-01",
      "RequestMethod": "GET",
      "RequestHeaders": {
        "Authorization": "Sanitized",
        "User-Agent": "azsdk-net-ResourceManager/1.0.0-beta.4 (.NET Framework 4.8.4420.0; Microsoft Windows 10.0.22000 )",
        "x-ms-client-request-id": "1d91f04cb3cf4a549dd7ff9d2bebbd10",
        "x-ms-return-client-request-id": "true"
      },
      "RequestBody": null,
      "StatusCode": 200,
      "ResponseHeaders": {
        "Cache-Control": "no-cache",
        "Content-Length": "1944",
        "Content-Type": "application/json; charset=utf-8",
        "Date": "Fri, 15 Oct 2021 08:41:07 GMT",
        "ETag": "W/\u0022e9437499-29f2-4144-8af5-499424fe1fdc\u0022",
        "Expires": "-1",
        "Pragma": "no-cache",
        "Server": [
          "Microsoft-HTTPAPI/2.0",
          "Microsoft-HTTPAPI/2.0"
        ],
        "Strict-Transport-Security": "max-age=31536000; includeSubDomains",
        "X-Content-Type-Options": "nosniff",
        "x-ms-arm-service-request-id": "8cc9f4e5-eda7-4fc6-8ecb-2a42ece0b29b",
        "x-ms-client-request-id": "1d91f04cb3cf4a549dd7ff9d2bebbd10",
        "x-ms-correlation-request-id": "98252d5a-cc63-4a27-a46f-917cd60a1cc9",
        "x-ms-ratelimit-remaining-subscription-reads": "11794",
        "x-ms-request-id": "29311f85-164a-42e3-9588-72835afc3381",
        "x-ms-routing-request-id": "SOUTHEASTASIA:20211015T084107Z:98252d5a-cc63-4a27-a46f-917cd60a1cc9"
      },
      "ResponseBody": [
        "{\r\n",
        "  \u0022name\u0022: \u0022azsmnet729\u0022,\r\n",
        "  \u0022id\u0022: \u0022/subscriptions/db1ab6f0-4769-4b27-930e-01e2ef9c123c/resourceGroups/csmrg4216/providers/Microsoft.Network/virtualNetworks/azsmnet729\u0022,\r\n",
        "  \u0022etag\u0022: \u0022W/\\\u0022e9437499-29f2-4144-8af5-499424fe1fdc\\\u0022\u0022,\r\n",
        "  \u0022type\u0022: \u0022Microsoft.Network/virtualNetworks\u0022,\r\n",
        "  \u0022location\u0022: \u0022eastus\u0022,\r\n",
        "  \u0022properties\u0022: {\r\n",
        "    \u0022provisioningState\u0022: \u0022Succeeded\u0022,\r\n",
        "    \u0022resourceGuid\u0022: \u0022e69d0f7e-de01-447a-bd0e-0a1d15940a5b\u0022,\r\n",
        "    \u0022addressSpace\u0022: {\r\n",
        "      \u0022addressPrefixes\u0022: [\r\n",
        "        \u002210.0.0.0/16\u0022\r\n",
        "      ]\r\n",
        "    },\r\n",
        "    \u0022dhcpOptions\u0022: {\r\n",
        "      \u0022dnsServers\u0022: [\r\n",
        "        \u002210.1.1.1\u0022,\r\n",
        "        \u002210.1.2.4\u0022\r\n",
        "      ]\r\n",
        "    },\r\n",
        "    \u0022subnets\u0022: [\r\n",
        "      {\r\n",
        "        \u0022name\u0022: \u0022azsmnet2289\u0022,\r\n",
        "        \u0022id\u0022: \u0022/subscriptions/db1ab6f0-4769-4b27-930e-01e2ef9c123c/resourceGroups/csmrg4216/providers/Microsoft.Network/virtualNetworks/azsmnet729/subnets/azsmnet2289\u0022,\r\n",
        "        \u0022etag\u0022: \u0022W/\\\u0022e9437499-29f2-4144-8af5-499424fe1fdc\\\u0022\u0022,\r\n",
        "        \u0022properties\u0022: {\r\n",
        "          \u0022provisioningState\u0022: \u0022Succeeded\u0022,\r\n",
        "          \u0022addressPrefix\u0022: \u002210.0.1.0/24\u0022,\r\n",
        "          \u0022delegations\u0022: [],\r\n",
        "          \u0022privateEndpointNetworkPolicies\u0022: \u0022Enabled\u0022,\r\n",
        "          \u0022privateLinkServiceNetworkPolicies\u0022: \u0022Enabled\u0022\r\n",
        "        },\r\n",
        "        \u0022type\u0022: \u0022Microsoft.Network/virtualNetworks/subnets\u0022\r\n",
        "      },\r\n",
        "      {\r\n",
        "        \u0022name\u0022: \u0022azsmnet1110\u0022,\r\n",
        "        \u0022id\u0022: \u0022/subscriptions/db1ab6f0-4769-4b27-930e-01e2ef9c123c/resourceGroups/csmrg4216/providers/Microsoft.Network/virtualNetworks/azsmnet729/subnets/azsmnet1110\u0022,\r\n",
        "        \u0022etag\u0022: \u0022W/\\\u0022e9437499-29f2-4144-8af5-499424fe1fdc\\\u0022\u0022,\r\n",
        "        \u0022properties\u0022: {\r\n",
        "          \u0022provisioningState\u0022: \u0022Succeeded\u0022,\r\n",
        "          \u0022addressPrefix\u0022: \u002210.0.2.0/24\u0022,\r\n",
        "          \u0022delegations\u0022: [],\r\n",
        "          \u0022privateEndpointNetworkPolicies\u0022: \u0022Enabled\u0022,\r\n",
        "          \u0022privateLinkServiceNetworkPolicies\u0022: \u0022Enabled\u0022\r\n",
        "        },\r\n",
        "        \u0022type\u0022: \u0022Microsoft.Network/virtualNetworks/subnets\u0022\r\n",
        "      }\r\n",
        "    ],\r\n",
        "    \u0022virtualNetworkPeerings\u0022: [],\r\n",
        "    \u0022enableDdosProtection\u0022: false\r\n",
        "  }\r\n",
        "}"
      ]
    },
    {
      "RequestUri": "https://management.azure.com/subscriptions/db1ab6f0-4769-4b27-930e-01e2ef9c123c/resourceGroups/csmrg4216/providers/Microsoft.Network/virtualNetworks/azsmnet729?api-version=2021-02-01",
      "RequestMethod": "GET",
      "RequestHeaders": {
        "Accept": "application/json",
        "Authorization": "Sanitized",
        "User-Agent": "azsdk-net-ResourceManager.Network/1.0.0-alpha.20211015.1 (.NET Framework 4.8.4420.0; Microsoft Windows 10.0.22000 )",
        "x-ms-client-request-id": "53b30c371d2b59e8ea46f45feb947074",
        "x-ms-return-client-request-id": "true"
      },
      "RequestBody": null,
      "StatusCode": 200,
      "ResponseHeaders": {
        "Cache-Control": "no-cache",
        "Content-Length": "1944",
        "Content-Type": "application/json; charset=utf-8",
        "Date": "Fri, 15 Oct 2021 08:41:07 GMT",
        "ETag": "W/\u0022e9437499-29f2-4144-8af5-499424fe1fdc\u0022",
        "Expires": "-1",
        "Pragma": "no-cache",
        "Server": [
          "Microsoft-HTTPAPI/2.0",
          "Microsoft-HTTPAPI/2.0"
        ],
        "Strict-Transport-Security": "max-age=31536000; includeSubDomains",
        "X-Content-Type-Options": "nosniff",
        "x-ms-arm-service-request-id": "c1e2ada2-f830-4f2d-9606-6a75d0356639",
        "x-ms-client-request-id": "53b30c371d2b59e8ea46f45feb947074",
        "x-ms-correlation-request-id": "5fff0790-1509-450b-81db-997e6d1b9be0",
        "x-ms-ratelimit-remaining-subscription-reads": "11793",
        "x-ms-request-id": "159ac0be-3822-432f-ad39-03fb1bdb6805",
        "x-ms-routing-request-id": "SOUTHEASTASIA:20211015T084108Z:5fff0790-1509-450b-81db-997e6d1b9be0"
      },
      "ResponseBody": [
        "{\r\n",
        "  \u0022name\u0022: \u0022azsmnet729\u0022,\r\n",
        "  \u0022id\u0022: \u0022/subscriptions/db1ab6f0-4769-4b27-930e-01e2ef9c123c/resourceGroups/csmrg4216/providers/Microsoft.Network/virtualNetworks/azsmnet729\u0022,\r\n",
        "  \u0022etag\u0022: \u0022W/\\\u0022e9437499-29f2-4144-8af5-499424fe1fdc\\\u0022\u0022,\r\n",
        "  \u0022type\u0022: \u0022Microsoft.Network/virtualNetworks\u0022,\r\n",
        "  \u0022location\u0022: \u0022eastus\u0022,\r\n",
        "  \u0022properties\u0022: {\r\n",
        "    \u0022provisioningState\u0022: \u0022Succeeded\u0022,\r\n",
        "    \u0022resourceGuid\u0022: \u0022e69d0f7e-de01-447a-bd0e-0a1d15940a5b\u0022,\r\n",
        "    \u0022addressSpace\u0022: {\r\n",
        "      \u0022addressPrefixes\u0022: [\r\n",
        "        \u002210.0.0.0/16\u0022\r\n",
        "      ]\r\n",
        "    },\r\n",
        "    \u0022dhcpOptions\u0022: {\r\n",
        "      \u0022dnsServers\u0022: [\r\n",
        "        \u002210.1.1.1\u0022,\r\n",
        "        \u002210.1.2.4\u0022\r\n",
        "      ]\r\n",
        "    },\r\n",
        "    \u0022subnets\u0022: [\r\n",
        "      {\r\n",
        "        \u0022name\u0022: \u0022azsmnet2289\u0022,\r\n",
        "        \u0022id\u0022: \u0022/subscriptions/db1ab6f0-4769-4b27-930e-01e2ef9c123c/resourceGroups/csmrg4216/providers/Microsoft.Network/virtualNetworks/azsmnet729/subnets/azsmnet2289\u0022,\r\n",
        "        \u0022etag\u0022: \u0022W/\\\u0022e9437499-29f2-4144-8af5-499424fe1fdc\\\u0022\u0022,\r\n",
        "        \u0022properties\u0022: {\r\n",
        "          \u0022provisioningState\u0022: \u0022Succeeded\u0022,\r\n",
        "          \u0022addressPrefix\u0022: \u002210.0.1.0/24\u0022,\r\n",
        "          \u0022delegations\u0022: [],\r\n",
        "          \u0022privateEndpointNetworkPolicies\u0022: \u0022Enabled\u0022,\r\n",
        "          \u0022privateLinkServiceNetworkPolicies\u0022: \u0022Enabled\u0022\r\n",
        "        },\r\n",
        "        \u0022type\u0022: \u0022Microsoft.Network/virtualNetworks/subnets\u0022\r\n",
        "      },\r\n",
        "      {\r\n",
        "        \u0022name\u0022: \u0022azsmnet1110\u0022,\r\n",
        "        \u0022id\u0022: \u0022/subscriptions/db1ab6f0-4769-4b27-930e-01e2ef9c123c/resourceGroups/csmrg4216/providers/Microsoft.Network/virtualNetworks/azsmnet729/subnets/azsmnet1110\u0022,\r\n",
        "        \u0022etag\u0022: \u0022W/\\\u0022e9437499-29f2-4144-8af5-499424fe1fdc\\\u0022\u0022,\r\n",
        "        \u0022properties\u0022: {\r\n",
        "          \u0022provisioningState\u0022: \u0022Succeeded\u0022,\r\n",
        "          \u0022addressPrefix\u0022: \u002210.0.2.0/24\u0022,\r\n",
        "          \u0022delegations\u0022: [],\r\n",
        "          \u0022privateEndpointNetworkPolicies\u0022: \u0022Enabled\u0022,\r\n",
        "          \u0022privateLinkServiceNetworkPolicies\u0022: \u0022Enabled\u0022\r\n",
        "        },\r\n",
        "        \u0022type\u0022: \u0022Microsoft.Network/virtualNetworks/subnets\u0022\r\n",
        "      }\r\n",
        "    ],\r\n",
        "    \u0022virtualNetworkPeerings\u0022: [],\r\n",
        "    \u0022enableDdosProtection\u0022: false\r\n",
        "  }\r\n",
        "}"
      ]
    },
    {
      "RequestUri": "https://management.azure.com/subscriptions/db1ab6f0-4769-4b27-930e-01e2ef9c123c/resourceGroups/csmrg4216/providers/Microsoft.Network/virtualNetworks?api-version=2021-02-01",
      "RequestMethod": "GET",
      "RequestHeaders": {
        "Accept": "application/json",
        "Authorization": "Sanitized",
        "User-Agent": "azsdk-net-ResourceManager.Network/1.0.0-alpha.20211015.1 (.NET Framework 4.8.4420.0; Microsoft Windows 10.0.22000 )",
        "x-ms-client-request-id": "209eb12a4f4dee54f157cbd1a3398181",
        "x-ms-return-client-request-id": "true"
      },
      "RequestBody": null,
      "StatusCode": 200,
      "ResponseHeaders": {
        "Cache-Control": "no-cache",
        "Content-Length": "2177",
        "Content-Type": "application/json; charset=utf-8",
        "Date": "Fri, 15 Oct 2021 08:41:07 GMT",
        "Expires": "-1",
        "Pragma": "no-cache",
        "Server": [
          "Microsoft-HTTPAPI/2.0",
          "Microsoft-HTTPAPI/2.0"
        ],
        "Strict-Transport-Security": "max-age=31536000; includeSubDomains",
        "X-Content-Type-Options": "nosniff",
        "x-ms-arm-service-request-id": "938cbaea-e5e4-4bf7-835b-612bcb3dcd5f",
        "x-ms-client-request-id": "209eb12a4f4dee54f157cbd1a3398181",
        "x-ms-correlation-request-id": "b39dc747-fc49-4daf-bae4-15465c0d6f69",
        "x-ms-ratelimit-remaining-subscription-reads": "11792",
        "x-ms-request-id": "744a2bd7-9e66-4b4e-b220-68cde8679c9e",
        "x-ms-routing-request-id": "SOUTHEASTASIA:20211015T084108Z:b39dc747-fc49-4daf-bae4-15465c0d6f69"
      },
      "ResponseBody": [
        "{\r\n",
        "  \u0022value\u0022: [\r\n",
        "    {\r\n",
        "      \u0022name\u0022: \u0022azsmnet729\u0022,\r\n",
        "      \u0022id\u0022: \u0022/subscriptions/db1ab6f0-4769-4b27-930e-01e2ef9c123c/resourceGroups/csmrg4216/providers/Microsoft.Network/virtualNetworks/azsmnet729\u0022,\r\n",
        "      \u0022etag\u0022: \u0022W/\\\u0022e9437499-29f2-4144-8af5-499424fe1fdc\\\u0022\u0022,\r\n",
        "      \u0022type\u0022: \u0022Microsoft.Network/virtualNetworks\u0022,\r\n",
        "      \u0022location\u0022: \u0022eastus\u0022,\r\n",
        "      \u0022properties\u0022: {\r\n",
        "        \u0022provisioningState\u0022: \u0022Succeeded\u0022,\r\n",
        "        \u0022resourceGuid\u0022: \u0022e69d0f7e-de01-447a-bd0e-0a1d15940a5b\u0022,\r\n",
        "        \u0022addressSpace\u0022: {\r\n",
        "          \u0022addressPrefixes\u0022: [\r\n",
        "            \u002210.0.0.0/16\u0022\r\n",
        "          ]\r\n",
        "        },\r\n",
        "        \u0022dhcpOptions\u0022: {\r\n",
        "          \u0022dnsServers\u0022: [\r\n",
        "            \u002210.1.1.1\u0022,\r\n",
        "            \u002210.1.2.4\u0022\r\n",
        "          ]\r\n",
        "        },\r\n",
        "        \u0022subnets\u0022: [\r\n",
        "          {\r\n",
        "            \u0022name\u0022: \u0022azsmnet2289\u0022,\r\n",
        "            \u0022id\u0022: \u0022/subscriptions/db1ab6f0-4769-4b27-930e-01e2ef9c123c/resourceGroups/csmrg4216/providers/Microsoft.Network/virtualNetworks/azsmnet729/subnets/azsmnet2289\u0022,\r\n",
        "            \u0022etag\u0022: \u0022W/\\\u0022e9437499-29f2-4144-8af5-499424fe1fdc\\\u0022\u0022,\r\n",
        "            \u0022properties\u0022: {\r\n",
        "              \u0022provisioningState\u0022: \u0022Succeeded\u0022,\r\n",
        "              \u0022addressPrefix\u0022: \u002210.0.1.0/24\u0022,\r\n",
        "              \u0022delegations\u0022: [],\r\n",
        "              \u0022privateEndpointNetworkPolicies\u0022: \u0022Enabled\u0022,\r\n",
        "              \u0022privateLinkServiceNetworkPolicies\u0022: \u0022Enabled\u0022\r\n",
        "            },\r\n",
        "            \u0022type\u0022: \u0022Microsoft.Network/virtualNetworks/subnets\u0022\r\n",
        "          },\r\n",
        "          {\r\n",
        "            \u0022name\u0022: \u0022azsmnet1110\u0022,\r\n",
        "            \u0022id\u0022: \u0022/subscriptions/db1ab6f0-4769-4b27-930e-01e2ef9c123c/resourceGroups/csmrg4216/providers/Microsoft.Network/virtualNetworks/azsmnet729/subnets/azsmnet1110\u0022,\r\n",
        "            \u0022etag\u0022: \u0022W/\\\u0022e9437499-29f2-4144-8af5-499424fe1fdc\\\u0022\u0022,\r\n",
        "            \u0022properties\u0022: {\r\n",
        "              \u0022provisioningState\u0022: \u0022Succeeded\u0022,\r\n",
        "              \u0022addressPrefix\u0022: \u002210.0.2.0/24\u0022,\r\n",
        "              \u0022delegations\u0022: [],\r\n",
        "              \u0022privateEndpointNetworkPolicies\u0022: \u0022Enabled\u0022,\r\n",
        "              \u0022privateLinkServiceNetworkPolicies\u0022: \u0022Enabled\u0022\r\n",
        "            },\r\n",
        "            \u0022type\u0022: \u0022Microsoft.Network/virtualNetworks/subnets\u0022\r\n",
        "          }\r\n",
        "        ],\r\n",
        "        \u0022virtualNetworkPeerings\u0022: [],\r\n",
        "        \u0022enableDdosProtection\u0022: false\r\n",
        "      }\r\n",
        "    }\r\n",
        "  ]\r\n",
        "}"
      ]
    },
    {
      "RequestUri": "https://management.azure.com/subscriptions/db1ab6f0-4769-4b27-930e-01e2ef9c123c/providers/Microsoft.Network/virtualNetworks?api-version=2021-02-01",
      "RequestMethod": "GET",
      "RequestHeaders": {
        "Accept": "application/json",
        "Authorization": "Sanitized",
        "traceparent": "00-44aa64248ea33844aef5beb61af5b389-3896c2bc106b4c47-00",
        "User-Agent": "azsdk-net-ResourceManager.Network/1.0.0-alpha.20211015.1 (.NET Framework 4.8.4420.0; Microsoft Windows 10.0.22000 )",
        "x-ms-client-request-id": "f2bc8ac739192ee508373289bff55f09",
        "x-ms-return-client-request-id": "true"
      },
      "RequestBody": null,
      "StatusCode": 200,
      "ResponseHeaders": {
        "Cache-Control": "no-cache",
        "Content-Length": "5273",
        "Content-Type": "application/json; charset=utf-8",
        "Date": "Fri, 15 Oct 2021 08:41:08 GMT",
        "Expires": "-1",
        "Pragma": "no-cache",
        "Strict-Transport-Security": "max-age=31536000; includeSubDomains",
        "X-Content-Type-Options": "nosniff",
        "x-ms-correlation-request-id": "71b35cf0-0281-49a9-8ee2-84850adef6fc",
        "x-ms-original-request-ids": [
          "e8ed8759-adf5-4aef-8b74-3cdb0b1ffece",
          "416370cf-6c2a-478e-9037-680e8546f8c6"
        ],
        "x-ms-ratelimit-remaining-subscription-reads": "11791",
        "x-ms-request-id": "71b35cf0-0281-49a9-8ee2-84850adef6fc",
        "x-ms-routing-request-id": "SOUTHEASTASIA:20211015T084109Z:71b35cf0-0281-49a9-8ee2-84850adef6fc"
      },
      "ResponseBody": {
        "value": [
          {
            "name": "azsmnet729",
            "id": "/subscriptions/db1ab6f0-4769-4b27-930e-01e2ef9c123c/resourceGroups/csmrg4216/providers/Microsoft.Network/virtualNetworks/azsmnet729",
            "etag": "W/\u0022e9437499-29f2-4144-8af5-499424fe1fdc\u0022",
            "type": "Microsoft.Network/virtualNetworks",
            "location": "eastus",
            "properties": {
              "provisioningState": "Succeeded",
              "resourceGuid": "e69d0f7e-de01-447a-bd0e-0a1d15940a5b",
              "addressSpace": {
                "addressPrefixes": [
                  "10.0.0.0/16"
                ]
              },
              "dhcpOptions": {
                "dnsServers": [
                  "10.1.1.1",
                  "10.1.2.4"
                ]
              },
              "subnets": [
                {
                  "name": "azsmnet2289",
                  "id": "/subscriptions/db1ab6f0-4769-4b27-930e-01e2ef9c123c/resourceGroups/csmrg4216/providers/Microsoft.Network/virtualNetworks/azsmnet729/subnets/azsmnet2289",
                  "etag": "W/\u0022e9437499-29f2-4144-8af5-499424fe1fdc\u0022",
                  "properties": {
                    "provisioningState": "Succeeded",
                    "addressPrefix": "10.0.1.0/24",
                    "delegations": [],
                    "privateEndpointNetworkPolicies": "Enabled",
                    "privateLinkServiceNetworkPolicies": "Enabled"
                  },
                  "type": "Microsoft.Network/virtualNetworks/subnets"
                },
                {
                  "name": "azsmnet1110",
                  "id": "/subscriptions/db1ab6f0-4769-4b27-930e-01e2ef9c123c/resourceGroups/csmrg4216/providers/Microsoft.Network/virtualNetworks/azsmnet729/subnets/azsmnet1110",
                  "etag": "W/\u0022e9437499-29f2-4144-8af5-499424fe1fdc\u0022",
                  "properties": {
                    "provisioningState": "Succeeded",
                    "addressPrefix": "10.0.2.0/24",
                    "delegations": [],
                    "privateEndpointNetworkPolicies": "Enabled",
                    "privateLinkServiceNetworkPolicies": "Enabled"
                  },
                  "type": "Microsoft.Network/virtualNetworks/subnets"
                }
              ],
              "virtualNetworkPeerings": [],
              "enableDdosProtection": false
            }
          },
          {
            "name": "vnet-8054",
            "id": "/subscriptions/db1ab6f0-4769-4b27-930e-01e2ef9c123c/resourceGroups/FirewallPolicyRG-2140/providers/Microsoft.Network/virtualNetworks/vnet-8054",
            "etag": "W/\u00223f6e9d9c-2cf4-426f-b620-177a0278ee6a\u0022",
            "type": "Microsoft.Network/virtualNetworks",
            "location": "westus2",
            "properties": {
              "provisioningState": "Succeeded",
              "resourceGuid": "2c1deea0-6f06-4152-9534-d3d4c0c8b974",
              "addressSpace": {
                "addressPrefixes": [
                  "10.26.0.0/16"
                ]
              },
              "subnets": [
                {
                  "name": "AzureFirewallSubnet",
                  "id": "/subscriptions/db1ab6f0-4769-4b27-930e-01e2ef9c123c/resourceGroups/FirewallPolicyRG-2140/providers/Microsoft.Network/virtualNetworks/vnet-8054/subnets/AzureFirewallSubnet",
                  "etag": "W/\u00223f6e9d9c-2cf4-426f-b620-177a0278ee6a\u0022",
                  "properties": {
                    "provisioningState": "Succeeded",
                    "addressPrefix": "10.26.2.0/26",
                    "ipConfigurations": [
                      {
                        "id": "/subscriptions/db1ab6f0-4769-4b27-930e-01e2ef9c123c/resourceGroups/FirewallPolicyRG-2140/providers/Microsoft.Network/azureFirewalls/firewall-5067/azureFirewallIpConfigurations/fwpip"
                      }
                    ],
                    "delegations": [],
                    "privateEndpointNetworkPolicies": "Enabled",
                    "privateLinkServiceNetworkPolicies": "Enabled"
                  },
                  "type": "Microsoft.Network/virtualNetworks/subnets"
                },
                {
                  "name": "Default",
                  "id": "/subscriptions/db1ab6f0-4769-4b27-930e-01e2ef9c123c/resourceGroups/FirewallPolicyRG-2140/providers/Microsoft.Network/virtualNetworks/vnet-8054/subnets/Default",
                  "etag": "W/\u00223f6e9d9c-2cf4-426f-b620-177a0278ee6a\u0022",
                  "properties": {
                    "provisioningState": "Succeeded",
                    "addressPrefix": "10.26.1.0/26",
                    "networkSecurityGroup": {
                      "id": "/subscriptions/db1ab6f0-4769-4b27-930e-01e2ef9c123c/resourceGroups/FirewallPolicyRG-2140/providers/Microsoft.Network/networkSecurityGroups/NRMS-eqjgjsrw25qjyvnet-8054"
                    },
                    "delegations": [],
                    "privateEndpointNetworkPolicies": "Enabled",
                    "privateLinkServiceNetworkPolicies": "Enabled"
                  },
                  "type": "Microsoft.Network/virtualNetworks/subnets"
                }
              ],
              "virtualNetworkPeerings": [],
              "enableDdosProtection": false
            }
          },
          {
            "name": "vnet-3146",
            "id": "/subscriptions/db1ab6f0-4769-4b27-930e-01e2ef9c123c/resourceGroups/FirewallPolicyRG-7240/providers/Microsoft.Network/virtualNetworks/vnet-3146",
            "etag": "W/\u0022f86aa27e-9266-430f-b530-0aae1c2564e9\u0022",
            "type": "Microsoft.Network/virtualNetworks",
            "location": "westus2",
            "properties": {
              "provisioningState": "Succeeded",
              "resourceGuid": "b9a03d94-158e-40da-b74a-e819bd1c39c9",
              "addressSpace": {
                "addressPrefixes": [
                  "10.26.0.0/16"
                ]
              },
              "subnets": [
                {
                  "name": "AzureFirewallSubnet",
                  "id": "/subscriptions/db1ab6f0-4769-4b27-930e-01e2ef9c123c/resourceGroups/FirewallPolicyRG-7240/providers/Microsoft.Network/virtualNetworks/vnet-3146/subnets/AzureFirewallSubnet",
                  "etag": "W/\u0022f86aa27e-9266-430f-b530-0aae1c2564e9\u0022",
                  "properties": {
                    "provisioningState": "Succeeded",
                    "addressPrefix": "10.26.2.0/26",
                    "ipConfigurations": [
                      {
                        "id": "/subscriptions/db1ab6f0-4769-4b27-930e-01e2ef9c123c/resourceGroups/FirewallPolicyRG-7240/providers/Microsoft.Network/azureFirewalls/firewall-5783/azureFirewallIpConfigurations/fwpip"
                      }
                    ],
                    "delegations": [],
                    "privateEndpointNetworkPolicies": "Enabled",
                    "privateLinkServiceNetworkPolicies": "Enabled"
                  },
                  "type": "Microsoft.Network/virtualNetworks/subnets"
                },
                {
                  "name": "Default",
                  "id": "/subscriptions/db1ab6f0-4769-4b27-930e-01e2ef9c123c/resourceGroups/FirewallPolicyRG-7240/providers/Microsoft.Network/virtualNetworks/vnet-3146/subnets/Default",
                  "etag": "W/\u0022f86aa27e-9266-430f-b530-0aae1c2564e9\u0022",
                  "properties": {
                    "provisioningState": "Succeeded",
                    "addressPrefix": "10.26.1.0/26",
                    "networkSecurityGroup": {
                      "id": "/subscriptions/db1ab6f0-4769-4b27-930e-01e2ef9c123c/resourceGroups/FirewallPolicyRG-7240/providers/Microsoft.Network/networkSecurityGroups/NRMS-imdszkub3v6cwvnet-3146"
                    },
                    "delegations": [],
                    "privateEndpointNetworkPolicies": "Enabled",
                    "privateLinkServiceNetworkPolicies": "Enabled"
                  },
                  "type": "Microsoft.Network/virtualNetworks/subnets"
                }
              ],
              "virtualNetworkPeerings": [],
              "enableDdosProtection": false
            }
          }
        ]
      }
    },
    {
      "RequestUri": "https://management.azure.com/subscriptions/db1ab6f0-4769-4b27-930e-01e2ef9c123c/resourceGroups/csmrg4216/providers/Microsoft.Network/virtualNetworks/azsmnet729?api-version=2021-02-01",
      "RequestMethod": "DELETE",
      "RequestHeaders": {
        "Accept": "application/json",
        "Authorization": "Sanitized",
        "User-Agent": "azsdk-net-ResourceManager.Network/1.0.0-alpha.20211015.1 (.NET Framework 4.8.4420.0; Microsoft Windows 10.0.22000 )",
        "x-ms-client-request-id": "79728b669c4ce7c2b8c462d45216b6b1",
        "x-ms-return-client-request-id": "true"
      },
      "RequestBody": null,
      "StatusCode": 202,
      "ResponseHeaders": {
        "Azure-AsyncNotification": "Enabled",
        "Azure-AsyncOperation": "https://management.azure.com/subscriptions/db1ab6f0-4769-4b27-930e-01e2ef9c123c/providers/Microsoft.Network/locations/eastus/operations/c0e30a28-8cf3-4a79-bcb4-b2ab9a4cf04d?api-version=2021-02-01",
        "Cache-Control": "no-cache",
        "Content-Length": "0",
        "Date": "Fri, 15 Oct 2021 08:41:09 GMT",
        "Expires": "-1",
        "Location": "https://management.azure.com/subscriptions/db1ab6f0-4769-4b27-930e-01e2ef9c123c/providers/Microsoft.Network/locations/eastus/operationResults/c0e30a28-8cf3-4a79-bcb4-b2ab9a4cf04d?api-version=2021-02-01",
        "Pragma": "no-cache",
        "Retry-After": "10",
        "Server": [
          "Microsoft-HTTPAPI/2.0",
          "Microsoft-HTTPAPI/2.0"
        ],
        "Strict-Transport-Security": "max-age=31536000; includeSubDomains",
        "X-Content-Type-Options": "nosniff",
        "x-ms-arm-service-request-id": "ac342891-5357-4ad9-810d-92889b40b751",
        "x-ms-client-request-id": "79728b669c4ce7c2b8c462d45216b6b1",
        "x-ms-correlation-request-id": "9a4ae760-4956-4db4-ab5c-e6fbbc5ca40f",
        "x-ms-ratelimit-remaining-subscription-deletes": "14999",
        "x-ms-request-id": "c0e30a28-8cf3-4a79-bcb4-b2ab9a4cf04d",
        "x-ms-routing-request-id": "SOUTHEASTASIA:20211015T084110Z:9a4ae760-4956-4db4-ab5c-e6fbbc5ca40f"
      },
      "ResponseBody": []
    },
    {
      "RequestUri": "https://management.azure.com/subscriptions/db1ab6f0-4769-4b27-930e-01e2ef9c123c/providers/Microsoft.Network/locations/eastus/operations/c0e30a28-8cf3-4a79-bcb4-b2ab9a4cf04d?api-version=2021-02-01",
      "RequestMethod": "GET",
      "RequestHeaders": {
        "Authorization": "Sanitized",
        "User-Agent": "azsdk-net-ResourceManager/1.0.0-beta.4 (.NET Framework 4.8.4420.0; Microsoft Windows 10.0.22000 )",
        "x-ms-client-request-id": "186bc1f807c62a35c7d53a55d611dcf2",
        "x-ms-return-client-request-id": "true"
      },
      "RequestBody": null,
      "StatusCode": 200,
      "ResponseHeaders": {
        "Cache-Control": "no-cache",
        "Content-Length": "29",
        "Content-Type": "application/json; charset=utf-8",
        "Date": "Fri, 15 Oct 2021 08:41:09 GMT",
        "Expires": "-1",
        "Pragma": "no-cache",
        "Server": [
          "Microsoft-HTTPAPI/2.0",
          "Microsoft-HTTPAPI/2.0"
        ],
        "Strict-Transport-Security": "max-age=31536000; includeSubDomains",
        "X-Content-Type-Options": "nosniff",
        "x-ms-arm-service-request-id": "6579edf8-c029-4030-bab0-b54747f7ec74",
        "x-ms-client-request-id": "186bc1f807c62a35c7d53a55d611dcf2",
        "x-ms-correlation-request-id": "ddc9a250-4c70-41c3-a8d5-7c535c09dbfc",
        "x-ms-ratelimit-remaining-subscription-reads": "11790",
        "x-ms-request-id": "f79692e6-0080-44db-a737-50c5a029534a",
        "x-ms-routing-request-id": "SOUTHEASTASIA:20211015T084110Z:ddc9a250-4c70-41c3-a8d5-7c535c09dbfc"
      },
      "ResponseBody": [
        "{\r\n",
        "  \u0022status\u0022: \u0022Succeeded\u0022\r\n",
        "}"
      ]
    },
    {
      "RequestUri": "https://management.azure.com/subscriptions/db1ab6f0-4769-4b27-930e-01e2ef9c123c/resourceGroups/csmrg4216/providers/Microsoft.Network/virtualNetworks?api-version=2021-02-01",
      "RequestMethod": "GET",
      "RequestHeaders": {
        "Accept": "application/json",
        "Authorization": "Sanitized",
        "User-Agent": "azsdk-net-ResourceManager.Network/1.0.0-alpha.20211015.1 (.NET Framework 4.8.4420.0; Microsoft Windows 10.0.22000 )",
        "x-ms-client-request-id": "4dc58181fe5de8323080addc85accaee",
        "x-ms-return-client-request-id": "true"
      },
      "RequestBody": null,
      "StatusCode": 200,
      "ResponseHeaders": {
        "Cache-Control": "no-cache",
        "Content-Length": "19",
        "Content-Type": "application/json; charset=utf-8",
        "Date": "Fri, 15 Oct 2021 08:41:09 GMT",
        "Expires": "-1",
        "Pragma": "no-cache",
        "Server": [
          "Microsoft-HTTPAPI/2.0",
          "Microsoft-HTTPAPI/2.0"
        ],
        "Strict-Transport-Security": "max-age=31536000; includeSubDomains",
        "X-Content-Type-Options": "nosniff",
        "x-ms-arm-service-request-id": "3fb998df-5ab5-4f78-bf46-bdf6b5e460a9",
        "x-ms-client-request-id": "4dc58181fe5de8323080addc85accaee",
        "x-ms-correlation-request-id": "f6cdea24-4dae-452e-900d-fb623de106b1",
        "x-ms-ratelimit-remaining-subscription-reads": "11789",
        "x-ms-request-id": "967aba6e-47c1-4723-8562-f26929049b8d",
        "x-ms-routing-request-id": "SOUTHEASTASIA:20211015T084110Z:f6cdea24-4dae-452e-900d-fb623de106b1"
      },
      "ResponseBody": [
        "{\r\n",
        "  \u0022value\u0022: []\r\n",
        "}"
      ]
    }
  ],
  "Variables": {
    "LOCATION": "eastus",
    "RandomSeed": "128276829",
    "RESOURCE_MANAGER_URL": null,
    "SUBSCRIPTION_ID": "db1ab6f0-4769-4b27-930e-01e2ef9c123c"
  }
}