{
  "Entries": [
    {
      "RequestUri": "https://management.azure.com/subscriptions/db1ab6f0-4769-4b27-930e-01e2ef9c123c?api-version=2019-11-01",
      "RequestMethod": "GET",
      "RequestHeaders": {
        "Accept": "application/json",
        "Authorization": "Sanitized",
        "User-Agent": "azsdk-net-ResourceManager/1.0.0-alpha.20210823.1 (.NET Framework 4.8.4341.0; Microsoft Windows 10.0.19043 )",
        "x-ms-client-request-id": "41e48334b54d856d94da3d2e22eda764",
        "x-ms-return-client-request-id": "true"
      },
      "RequestBody": null,
      "StatusCode": 200,
      "ResponseHeaders": {
        "Cache-Control": "no-cache",
        "Content-Length": "468",
        "Content-Type": "application/json; charset=utf-8",
        "Date": "Tue, 24 Aug 2021 03:28:43 GMT",
        "Expires": "-1",
        "Pragma": "no-cache",
        "Strict-Transport-Security": "max-age=31536000; includeSubDomains",
        "X-Content-Type-Options": "nosniff",
        "x-ms-correlation-request-id": "4ab0e053-e504-4841-a9aa-f63906487cd5",
        "x-ms-ratelimit-remaining-subscription-reads": "11955",
        "x-ms-request-id": "4ab0e053-e504-4841-a9aa-f63906487cd5",
        "x-ms-routing-request-id": "SOUTHEASTASIA:20210824T032843Z:4ab0e053-e504-4841-a9aa-f63906487cd5"
      },
      "ResponseBody": {
        "id": "/subscriptions/db1ab6f0-4769-4b27-930e-01e2ef9c123c",
        "authorizationSource": "RoleBased",
        "managedByTenants": [],
        "tags": {
          "tagKey1": "tagValue1",
          "tagKey2": "tagValue2"
        },
        "subscriptionId": "db1ab6f0-4769-4b27-930e-01e2ef9c123c",
        "tenantId": "72f988bf-86f1-41af-91ab-2d7cd011db47",
        "displayName": ".NET Mgmt SDK Test with TTL = 1 Day",
        "state": "Enabled",
        "subscriptionPolicies": {
          "locationPlacementId": "Internal_2014-09-01",
          "quotaId": "Internal_2014-09-01",
          "spendingLimit": "Off"
        }
      }
    },
    {
      "RequestUri": "https://management.azure.com/subscriptions/db1ab6f0-4769-4b27-930e-01e2ef9c123c/resourcegroups/csmrg906?api-version=2019-10-01",
      "RequestMethod": "PUT",
      "RequestHeaders": {
        "Accept": "application/json",
        "Authorization": "Sanitized",
        "Content-Length": "21",
        "Content-Type": "application/json",
        "traceparent": "00-22820155a03b1641b20882bb97f1eeec-4437b65e29f07548-00",
        "User-Agent": "azsdk-net-ResourceManager/1.0.0-alpha.20210823.1 (.NET Framework 4.8.4341.0; Microsoft Windows 10.0.19043 )",
        "x-ms-client-request-id": "652c379f70a0b50b7d2a824e1618ce47",
        "x-ms-return-client-request-id": "true"
      },
      "RequestBody": {
        "location": "eastus"
      },
      "StatusCode": 201,
      "ResponseHeaders": {
        "Cache-Control": "no-cache",
        "Content-Length": "213",
        "Content-Type": "application/json; charset=utf-8",
        "Date": "Tue, 24 Aug 2021 03:28:44 GMT",
        "Expires": "-1",
        "Pragma": "no-cache",
        "Strict-Transport-Security": "max-age=31536000; includeSubDomains",
        "X-Content-Type-Options": "nosniff",
        "x-ms-correlation-request-id": "136c3809-c6b8-401f-b6d0-231ab2f6a139",
        "x-ms-ratelimit-remaining-subscription-writes": "1190",
        "x-ms-request-id": "136c3809-c6b8-401f-b6d0-231ab2f6a139",
        "x-ms-routing-request-id": "SOUTHEASTASIA:20210824T032844Z:136c3809-c6b8-401f-b6d0-231ab2f6a139"
      },
      "ResponseBody": {
        "id": "/subscriptions/db1ab6f0-4769-4b27-930e-01e2ef9c123c/resourceGroups/csmrg906",
        "name": "csmrg906",
        "type": "Microsoft.Resources/resourceGroups",
        "location": "eastus",
        "properties": {
          "provisioningState": "Succeeded"
        }
      }
    },
    {
      "RequestUri": "https://management.azure.com/subscriptions/db1ab6f0-4769-4b27-930e-01e2ef9c123c/resourceGroups/csmrg906/providers/Microsoft.Network/virtualNetworks/azsmnet7796?api-version=2021-02-01",
      "RequestMethod": "PUT",
      "RequestHeaders": {
        "Accept": "application/json",
        "Authorization": "Sanitized",
        "Content-Length": "240",
        "Content-Type": "application/json",
        "User-Agent": "azsdk-net-ResourceManager/1.0.0-alpha.20210823.1 (.NET Framework 4.8.4341.0; Microsoft Windows 10.0.19043 )",
        "x-ms-client-request-id": "6879f616a072f062f274f13fd04fc5c8",
        "x-ms-return-client-request-id": "true"
      },
      "RequestBody": {
        "location": "eastus",
        "id": null,
        "properties": {
          "addressSpace": {
            "addressPrefixes": [
              "10.0.0.0/16"
            ]
          },
          "dhcpOptions": {
            "dnsServers": [
              "10.1.1.1",
              "10.1.2.4"
            ]
          },
          "subnets": [
            {
              "name": "azsmnet3414",
              "id": null,
              "properties": {
                "addressPrefix": "10.0.1.0/24"
              }
            }
          ]
        }
      },
      "StatusCode": 201,
      "ResponseHeaders": {
        "Azure-AsyncNotification": "Enabled",
        "Azure-AsyncOperation": "https://management.azure.com/subscriptions/db1ab6f0-4769-4b27-930e-01e2ef9c123c/providers/Microsoft.Network/locations/eastus/operations/abbebca8-056f-4c23-86a8-7193e4e75610?api-version=2021-02-01",
        "Cache-Control": "no-cache",
        "Content-Length": "1329",
        "Content-Type": "application/json; charset=utf-8",
        "Date": "Tue, 24 Aug 2021 03:28:47 GMT",
        "Expires": "-1",
        "Pragma": "no-cache",
        "Retry-After": "3",
        "Server": [
          "Microsoft-HTTPAPI/2.0",
          "Microsoft-HTTPAPI/2.0"
        ],
        "Strict-Transport-Security": "max-age=31536000; includeSubDomains",
        "X-Content-Type-Options": "nosniff",
        "x-ms-arm-service-request-id": "9347157c-23da-4e59-a8e2-efdef599d529",
        "x-ms-client-request-id": "6879f616a072f062f274f13fd04fc5c8",
        "x-ms-correlation-request-id": "3b2a7abd-427e-48de-81f0-4aefea6237ea",
        "x-ms-ratelimit-remaining-subscription-writes": "1189",
        "x-ms-request-id": "abbebca8-056f-4c23-86a8-7193e4e75610",
        "x-ms-routing-request-id": "SOUTHEASTASIA:20210824T032847Z:3b2a7abd-427e-48de-81f0-4aefea6237ea"
      },
      "ResponseBody": [
        "{\r\n",
        "  \u0022name\u0022: \u0022azsmnet7796\u0022,\r\n",
        "  \u0022id\u0022: \u0022/subscriptions/db1ab6f0-4769-4b27-930e-01e2ef9c123c/resourceGroups/csmrg906/providers/Microsoft.Network/virtualNetworks/azsmnet7796\u0022,\r\n",
        "  \u0022etag\u0022: \u0022W/\\\u0022e5038fdd-da75-4fe0-8771-0e8c9ec26af7\\\u0022\u0022,\r\n",
        "  \u0022type\u0022: \u0022Microsoft.Network/virtualNetworks\u0022,\r\n",
        "  \u0022location\u0022: \u0022eastus\u0022,\r\n",
        "  \u0022properties\u0022: {\r\n",
        "    \u0022provisioningState\u0022: \u0022Updating\u0022,\r\n",
        "    \u0022resourceGuid\u0022: \u0022b9e94231-a6a8-4bad-8651-30958c22e44c\u0022,\r\n",
        "    \u0022addressSpace\u0022: {\r\n",
        "      \u0022addressPrefixes\u0022: [\r\n",
        "        \u002210.0.0.0/16\u0022\r\n",
        "      ]\r\n",
        "    },\r\n",
        "    \u0022dhcpOptions\u0022: {\r\n",
        "      \u0022dnsServers\u0022: [\r\n",
        "        \u002210.1.1.1\u0022,\r\n",
        "        \u002210.1.2.4\u0022\r\n",
        "      ]\r\n",
        "    },\r\n",
        "    \u0022subnets\u0022: [\r\n",
        "      {\r\n",
        "        \u0022name\u0022: \u0022azsmnet3414\u0022,\r\n",
        "        \u0022id\u0022: \u0022/subscriptions/db1ab6f0-4769-4b27-930e-01e2ef9c123c/resourceGroups/csmrg906/providers/Microsoft.Network/virtualNetworks/azsmnet7796/subnets/azsmnet3414\u0022,\r\n",
        "        \u0022etag\u0022: \u0022W/\\\u0022e5038fdd-da75-4fe0-8771-0e8c9ec26af7\\\u0022\u0022,\r\n",
        "        \u0022properties\u0022: {\r\n",
        "          \u0022provisioningState\u0022: \u0022Updating\u0022,\r\n",
        "          \u0022addressPrefix\u0022: \u002210.0.1.0/24\u0022,\r\n",
        "          \u0022delegations\u0022: [],\r\n",
        "          \u0022privateEndpointNetworkPolicies\u0022: \u0022Enabled\u0022,\r\n",
        "          \u0022privateLinkServiceNetworkPolicies\u0022: \u0022Enabled\u0022\r\n",
        "        },\r\n",
        "        \u0022type\u0022: \u0022Microsoft.Network/virtualNetworks/subnets\u0022\r\n",
        "      }\r\n",
        "    ],\r\n",
        "    \u0022virtualNetworkPeerings\u0022: [],\r\n",
        "    \u0022enableDdosProtection\u0022: false\r\n",
        "  }\r\n",
        "}"
      ]
    },
    {
      "RequestUri": "https://management.azure.com/subscriptions/db1ab6f0-4769-4b27-930e-01e2ef9c123c/providers/Microsoft.Network/locations/eastus/operations/abbebca8-056f-4c23-86a8-7193e4e75610?api-version=2021-02-01",
      "RequestMethod": "GET",
      "RequestHeaders": {
        "Authorization": "Sanitized",
        "User-Agent": "azsdk-net-ResourceManager/1.0.0-alpha.20210823.1 (.NET Framework 4.8.4341.0; Microsoft Windows 10.0.19043 )",
        "x-ms-client-request-id": "6e90382537d78bc503b07d96c43e5932",
        "x-ms-return-client-request-id": "true"
      },
      "RequestBody": null,
      "StatusCode": 200,
      "ResponseHeaders": {
        "Cache-Control": "no-cache",
        "Content-Length": "29",
        "Content-Type": "application/json; charset=utf-8",
        "Date": "Tue, 24 Aug 2021 03:28:48 GMT",
        "Expires": "-1",
        "Pragma": "no-cache",
        "Server": [
          "Microsoft-HTTPAPI/2.0",
          "Microsoft-HTTPAPI/2.0"
        ],
        "Strict-Transport-Security": "max-age=31536000; includeSubDomains",
        "X-Content-Type-Options": "nosniff",
        "x-ms-arm-service-request-id": "87cb90f0-7e09-40ef-8ed8-2a220a57e12f",
        "x-ms-client-request-id": "6e90382537d78bc503b07d96c43e5932",
        "x-ms-correlation-request-id": "7f7692c0-2ee6-48d0-b766-3418c3b4648b",
        "x-ms-ratelimit-remaining-subscription-reads": "11954",
        "x-ms-request-id": "341b6b38-10d2-4bd6-ac8a-391787b91866",
        "x-ms-routing-request-id": "SOUTHEASTASIA:20210824T032848Z:7f7692c0-2ee6-48d0-b766-3418c3b4648b"
      },
      "ResponseBody": [
        "{\r\n",
        "  \u0022status\u0022: \u0022Succeeded\u0022\r\n",
        "}"
      ]
    },
    {
      "RequestUri": "https://management.azure.com/subscriptions/db1ab6f0-4769-4b27-930e-01e2ef9c123c/resourceGroups/csmrg906/providers/Microsoft.Network/virtualNetworks/azsmnet7796?api-version=2021-02-01",
      "RequestMethod": "GET",
      "RequestHeaders": {
        "Authorization": "Sanitized",
        "User-Agent": "azsdk-net-ResourceManager/1.0.0-alpha.20210823.1 (.NET Framework 4.8.4341.0; Microsoft Windows 10.0.19043 )",
        "x-ms-client-request-id": "33384d899aa104211dec97e6b52c7231",
        "x-ms-return-client-request-id": "true"
      },
      "RequestBody": null,
      "StatusCode": 200,
      "ResponseHeaders": {
        "Cache-Control": "no-cache",
        "Content-Length": "1331",
        "Content-Type": "application/json; charset=utf-8",
        "Date": "Tue, 24 Aug 2021 03:28:48 GMT",
        "ETag": "W/\u0022063cc08f-9235-4f19-9929-f43a6fd37ce3\u0022",
        "Expires": "-1",
        "Pragma": "no-cache",
        "Server": [
          "Microsoft-HTTPAPI/2.0",
          "Microsoft-HTTPAPI/2.0"
        ],
        "Strict-Transport-Security": "max-age=31536000; includeSubDomains",
        "X-Content-Type-Options": "nosniff",
        "x-ms-arm-service-request-id": "2cda43cc-cde6-46b6-85d6-f75287f21714",
        "x-ms-client-request-id": "33384d899aa104211dec97e6b52c7231",
        "x-ms-correlation-request-id": "2e862ee9-4ef2-4dc6-b3c3-9c02c2b3de77",
        "x-ms-ratelimit-remaining-subscription-reads": "11953",
        "x-ms-request-id": "42f2f201-3f80-47bc-8869-9d3e6564cfdc",
        "x-ms-routing-request-id": "SOUTHEASTASIA:20210824T032848Z:2e862ee9-4ef2-4dc6-b3c3-9c02c2b3de77"
      },
      "ResponseBody": [
        "{\r\n",
        "  \u0022name\u0022: \u0022azsmnet7796\u0022,\r\n",
        "  \u0022id\u0022: \u0022/subscriptions/db1ab6f0-4769-4b27-930e-01e2ef9c123c/resourceGroups/csmrg906/providers/Microsoft.Network/virtualNetworks/azsmnet7796\u0022,\r\n",
        "  \u0022etag\u0022: \u0022W/\\\u0022063cc08f-9235-4f19-9929-f43a6fd37ce3\\\u0022\u0022,\r\n",
        "  \u0022type\u0022: \u0022Microsoft.Network/virtualNetworks\u0022,\r\n",
        "  \u0022location\u0022: \u0022eastus\u0022,\r\n",
        "  \u0022properties\u0022: {\r\n",
        "    \u0022provisioningState\u0022: \u0022Succeeded\u0022,\r\n",
        "    \u0022resourceGuid\u0022: \u0022b9e94231-a6a8-4bad-8651-30958c22e44c\u0022,\r\n",
        "    \u0022addressSpace\u0022: {\r\n",
        "      \u0022addressPrefixes\u0022: [\r\n",
        "        \u002210.0.0.0/16\u0022\r\n",
        "      ]\r\n",
        "    },\r\n",
        "    \u0022dhcpOptions\u0022: {\r\n",
        "      \u0022dnsServers\u0022: [\r\n",
        "        \u002210.1.1.1\u0022,\r\n",
        "        \u002210.1.2.4\u0022\r\n",
        "      ]\r\n",
        "    },\r\n",
        "    \u0022subnets\u0022: [\r\n",
        "      {\r\n",
        "        \u0022name\u0022: \u0022azsmnet3414\u0022,\r\n",
        "        \u0022id\u0022: \u0022/subscriptions/db1ab6f0-4769-4b27-930e-01e2ef9c123c/resourceGroups/csmrg906/providers/Microsoft.Network/virtualNetworks/azsmnet7796/subnets/azsmnet3414\u0022,\r\n",
        "        \u0022etag\u0022: \u0022W/\\\u0022063cc08f-9235-4f19-9929-f43a6fd37ce3\\\u0022\u0022,\r\n",
        "        \u0022properties\u0022: {\r\n",
        "          \u0022provisioningState\u0022: \u0022Succeeded\u0022,\r\n",
        "          \u0022addressPrefix\u0022: \u002210.0.1.0/24\u0022,\r\n",
        "          \u0022delegations\u0022: [],\r\n",
        "          \u0022privateEndpointNetworkPolicies\u0022: \u0022Enabled\u0022,\r\n",
        "          \u0022privateLinkServiceNetworkPolicies\u0022: \u0022Enabled\u0022\r\n",
        "        },\r\n",
        "        \u0022type\u0022: \u0022Microsoft.Network/virtualNetworks/subnets\u0022\r\n",
        "      }\r\n",
        "    ],\r\n",
        "    \u0022virtualNetworkPeerings\u0022: [],\r\n",
        "    \u0022enableDdosProtection\u0022: false\r\n",
        "  }\r\n",
        "}"
      ]
    },
    {
      "RequestUri": "https://management.azure.com/subscriptions/db1ab6f0-4769-4b27-930e-01e2ef9c123c/resourceGroups/csmrg906/providers/Microsoft.Network/virtualNetworks/azsmnet7796/subnets/azsmnet3414?api-version=2021-02-01",
      "RequestMethod": "GET",
      "RequestHeaders": {
        "Accept": "application/json",
        "Authorization": "Sanitized",
        "User-Agent": "azsdk-net-ResourceManager/1.0.0-alpha.20210823.1 (.NET Framework 4.8.4341.0; Microsoft Windows 10.0.19043 )",
        "x-ms-client-request-id": "98190a0557bfa9f0d51a5ee39443c892",
        "x-ms-return-client-request-id": "true"
      },
      "RequestBody": null,
      "StatusCode": 200,
      "ResponseHeaders": {
        "Cache-Control": "no-cache",
        "Content-Length": "533",
        "Content-Type": "application/json; charset=utf-8",
        "Date": "Tue, 24 Aug 2021 03:28:48 GMT",
        "ETag": "W/\u0022063cc08f-9235-4f19-9929-f43a6fd37ce3\u0022",
        "Expires": "-1",
        "Pragma": "no-cache",
        "Server": [
          "Microsoft-HTTPAPI/2.0",
          "Microsoft-HTTPAPI/2.0"
        ],
        "Strict-Transport-Security": "max-age=31536000; includeSubDomains",
        "X-Content-Type-Options": "nosniff",
        "x-ms-arm-service-request-id": "8eecc727-1fb7-4365-ab78-6b2a18362c69",
        "x-ms-client-request-id": "98190a0557bfa9f0d51a5ee39443c892",
        "x-ms-correlation-request-id": "cdb6b4df-f594-4f97-afe0-b4df978dc873",
        "x-ms-ratelimit-remaining-subscription-reads": "11952",
        "x-ms-request-id": "28552ea5-6d06-4dd3-a2d0-08dad9c33c07",
        "x-ms-routing-request-id": "SOUTHEASTASIA:20210824T032848Z:cdb6b4df-f594-4f97-afe0-b4df978dc873"
      },
      "ResponseBody": [
        "{\r\n",
        "  \u0022name\u0022: \u0022azsmnet3414\u0022,\r\n",
        "  \u0022id\u0022: \u0022/subscriptions/db1ab6f0-4769-4b27-930e-01e2ef9c123c/resourceGroups/csmrg906/providers/Microsoft.Network/virtualNetworks/azsmnet7796/subnets/azsmnet3414\u0022,\r\n",
        "  \u0022etag\u0022: \u0022W/\\\u0022063cc08f-9235-4f19-9929-f43a6fd37ce3\\\u0022\u0022,\r\n",
        "  \u0022properties\u0022: {\r\n",
        "    \u0022provisioningState\u0022: \u0022Succeeded\u0022,\r\n",
        "    \u0022addressPrefix\u0022: \u002210.0.1.0/24\u0022,\r\n",
        "    \u0022delegations\u0022: [],\r\n",
        "    \u0022privateEndpointNetworkPolicies\u0022: \u0022Enabled\u0022,\r\n",
        "    \u0022privateLinkServiceNetworkPolicies\u0022: \u0022Enabled\u0022\r\n",
        "  },\r\n",
        "  \u0022type\u0022: \u0022Microsoft.Network/virtualNetworks/subnets\u0022\r\n",
        "}"
      ]
    },
    {
      "RequestUri": "https://management.azure.com/subscriptions/db1ab6f0-4769-4b27-930e-01e2ef9c123c/resourceGroups/csmrg906/providers/Microsoft.Network/networkInterfaces/azsmnet5266?api-version=2021-02-01",
      "RequestMethod": "PUT",
      "RequestHeaders": {
        "Accept": "application/json",
        "Authorization": "Sanitized",
        "Content-Length": "391",
        "Content-Type": "application/json",
        "User-Agent": "azsdk-net-ResourceManager/1.0.0-alpha.20210823.1 (.NET Framework 4.8.4341.0; Microsoft Windows 10.0.19043 )",
        "x-ms-client-request-id": "3b8930ad8a458c1651ea9fdfd5d63d4c",
        "x-ms-return-client-request-id": "true"
      },
      "RequestBody": {
        "location": "eastus",
        "tags": {
          "key": "value"
        },
        "id": null,
        "properties": {
          "ipConfigurations": [
            {
              "name": "azsmnet9911",
              "id": null,
              "properties": {
                "privateIPAddress": "10.0.1.9",
                "privateIPAllocationMethod": "Static",
                "subnet": {
                  "id": "/subscriptions/db1ab6f0-4769-4b27-930e-01e2ef9c123c/resourceGroups/csmrg906/providers/Microsoft.Network/virtualNetworks/azsmnet7796/subnets/azsmnet3414",
                  "properties": {}
                }
              }
            }
          ]
        }
      },
      "StatusCode": 201,
      "ResponseHeaders": {
        "Azure-AsyncNotification": "Enabled",
        "Azure-AsyncOperation": "https://management.azure.com/subscriptions/db1ab6f0-4769-4b27-930e-01e2ef9c123c/providers/Microsoft.Network/locations/eastus/operations/92022207-f4d7-4955-9324-ce983a5f6c35?api-version=2021-02-01",
        "Cache-Control": "no-cache",
        "Content-Length": "1707",
        "Content-Type": "application/json; charset=utf-8",
        "Date": "Tue, 24 Aug 2021 03:28:52 GMT",
        "Expires": "-1",
        "Pragma": "no-cache",
        "Server": [
          "Microsoft-HTTPAPI/2.0",
          "Microsoft-HTTPAPI/2.0"
        ],
        "Strict-Transport-Security": "max-age=31536000; includeSubDomains",
        "X-Content-Type-Options": "nosniff",
        "x-ms-arm-service-request-id": "f0ddacb2-89c9-4707-b8c2-0e0a6ceca1ee",
        "x-ms-client-request-id": "3b8930ad8a458c1651ea9fdfd5d63d4c",
        "x-ms-correlation-request-id": "680e9fa6-f70e-473b-a17b-a2b9d1eb31f4",
        "x-ms-ratelimit-remaining-subscription-writes": "1188",
        "x-ms-request-id": "92022207-f4d7-4955-9324-ce983a5f6c35",
        "x-ms-routing-request-id": "SOUTHEASTASIA:20210824T032852Z:680e9fa6-f70e-473b-a17b-a2b9d1eb31f4"
      },
      "ResponseBody": [
        "{\r\n",
        "  \u0022name\u0022: \u0022azsmnet5266\u0022,\r\n",
        "  \u0022id\u0022: \u0022/subscriptions/db1ab6f0-4769-4b27-930e-01e2ef9c123c/resourceGroups/csmrg906/providers/Microsoft.Network/networkInterfaces/azsmnet5266\u0022,\r\n",
        "  \u0022etag\u0022: \u0022W/\\\u0022c052c619-e7c7-404c-a93c-2b3cc32fb2d1\\\u0022\u0022,\r\n",
        "  \u0022location\u0022: \u0022eastus\u0022,\r\n",
        "  \u0022tags\u0022: {\r\n",
        "    \u0022key\u0022: \u0022value\u0022\r\n",
        "  },\r\n",
        "  \u0022properties\u0022: {\r\n",
        "    \u0022provisioningState\u0022: \u0022Succeeded\u0022,\r\n",
        "    \u0022resourceGuid\u0022: \u00226c491370-3bb6-43ce-98b8-adf4311c5f72\u0022,\r\n",
        "    \u0022ipConfigurations\u0022: [\r\n",
        "      {\r\n",
        "        \u0022name\u0022: \u0022azsmnet9911\u0022,\r\n",
        "        \u0022id\u0022: \u0022/subscriptions/db1ab6f0-4769-4b27-930e-01e2ef9c123c/resourceGroups/csmrg906/providers/Microsoft.Network/networkInterfaces/azsmnet5266/ipConfigurations/azsmnet9911\u0022,\r\n",
        "        \u0022etag\u0022: \u0022W/\\\u0022c052c619-e7c7-404c-a93c-2b3cc32fb2d1\\\u0022\u0022,\r\n",
        "        \u0022type\u0022: \u0022Microsoft.Network/networkInterfaces/ipConfigurations\u0022,\r\n",
        "        \u0022properties\u0022: {\r\n",
        "          \u0022provisioningState\u0022: \u0022Succeeded\u0022,\r\n",
        "          \u0022privateIPAddress\u0022: \u002210.0.1.9\u0022,\r\n",
        "          \u0022privateIPAllocationMethod\u0022: \u0022Static\u0022,\r\n",
        "          \u0022subnet\u0022: {\r\n",
        "            \u0022id\u0022: \u0022/subscriptions/db1ab6f0-4769-4b27-930e-01e2ef9c123c/resourceGroups/csmrg906/providers/Microsoft.Network/virtualNetworks/azsmnet7796/subnets/azsmnet3414\u0022\r\n",
        "          },\r\n",
        "          \u0022primary\u0022: true,\r\n",
        "          \u0022privateIPAddressVersion\u0022: \u0022IPv4\u0022\r\n",
        "        }\r\n",
        "      }\r\n",
        "    ],\r\n",
        "    \u0022dnsSettings\u0022: {\r\n",
        "      \u0022dnsServers\u0022: [],\r\n",
        "      \u0022appliedDnsServers\u0022: [],\r\n",
        "      \u0022internalDomainNameSuffix\u0022: \u0022gfbotoniu0wuxbsrgckyyixeje.bx.internal.cloudapp.net\u0022\r\n",
        "    },\r\n",
        "    \u0022enableAcceleratedNetworking\u0022: false,\r\n",
        "    \u0022vnetEncryptionSupported\u0022: false,\r\n",
        "    \u0022enableIPForwarding\u0022: false,\r\n",
        "    \u0022hostedWorkloads\u0022: [],\r\n",
        "    \u0022tapConfigurations\u0022: [],\r\n",
        "    \u0022nicType\u0022: \u0022Standard\u0022\r\n",
        "  },\r\n",
        "  \u0022type\u0022: \u0022Microsoft.Network/networkInterfaces\u0022\r\n",
        "}"
      ]
    },
    {
      "RequestUri": "https://management.azure.com/subscriptions/db1ab6f0-4769-4b27-930e-01e2ef9c123c/providers/Microsoft.Network/locations/eastus/operations/92022207-f4d7-4955-9324-ce983a5f6c35?api-version=2021-02-01",
      "RequestMethod": "GET",
      "RequestHeaders": {
        "Authorization": "Sanitized",
        "User-Agent": "azsdk-net-ResourceManager/1.0.0-alpha.20210823.1 (.NET Framework 4.8.4341.0; Microsoft Windows 10.0.19043 )",
        "x-ms-client-request-id": "427ffdb3c9a78fc5813206050af64588",
        "x-ms-return-client-request-id": "true"
      },
      "RequestBody": null,
      "StatusCode": 200,
      "ResponseHeaders": {
        "Cache-Control": "no-cache",
        "Content-Length": "29",
        "Content-Type": "application/json; charset=utf-8",
        "Date": "Tue, 24 Aug 2021 03:28:52 GMT",
        "Expires": "-1",
        "Pragma": "no-cache",
        "Server": [
          "Microsoft-HTTPAPI/2.0",
          "Microsoft-HTTPAPI/2.0"
        ],
        "Strict-Transport-Security": "max-age=31536000; includeSubDomains",
        "X-Content-Type-Options": "nosniff",
        "x-ms-arm-service-request-id": "50fb0eb0-5398-4337-bc8f-aa109ad41098",
        "x-ms-client-request-id": "427ffdb3c9a78fc5813206050af64588",
        "x-ms-correlation-request-id": "d4b17a68-4b11-4e23-be71-c979261f2b4c",
        "x-ms-ratelimit-remaining-subscription-reads": "11951",
        "x-ms-request-id": "a5280fc9-ba7b-4f83-b74b-4f822b6b9e46",
        "x-ms-routing-request-id": "SOUTHEASTASIA:20210824T032852Z:d4b17a68-4b11-4e23-be71-c979261f2b4c"
      },
      "ResponseBody": [
        "{\r\n",
        "  \u0022status\u0022: \u0022Succeeded\u0022\r\n",
        "}"
      ]
    },
    {
      "RequestUri": "https://management.azure.com/subscriptions/db1ab6f0-4769-4b27-930e-01e2ef9c123c/resourceGroups/csmrg906/providers/Microsoft.Network/networkInterfaces/azsmnet5266?api-version=2021-02-01",
      "RequestMethod": "GET",
      "RequestHeaders": {
        "Authorization": "Sanitized",
        "User-Agent": "azsdk-net-ResourceManager/1.0.0-alpha.20210823.1 (.NET Framework 4.8.4341.0; Microsoft Windows 10.0.19043 )",
        "x-ms-client-request-id": "0eb247a5716e7b44d3fbddbe4ed71c77",
        "x-ms-return-client-request-id": "true"
      },
      "RequestBody": null,
      "StatusCode": 200,
      "ResponseHeaders": {
        "Cache-Control": "no-cache",
        "Content-Length": "1707",
        "Content-Type": "application/json; charset=utf-8",
        "Date": "Tue, 24 Aug 2021 03:28:52 GMT",
        "ETag": "W/\u0022c052c619-e7c7-404c-a93c-2b3cc32fb2d1\u0022",
        "Expires": "-1",
        "Pragma": "no-cache",
        "Server": [
          "Microsoft-HTTPAPI/2.0",
          "Microsoft-HTTPAPI/2.0"
        ],
        "Strict-Transport-Security": "max-age=31536000; includeSubDomains",
        "X-Content-Type-Options": "nosniff",
        "x-ms-arm-service-request-id": "d7dc6fb1-285b-4867-a00e-5cc571369965",
        "x-ms-client-request-id": "0eb247a5716e7b44d3fbddbe4ed71c77",
        "x-ms-correlation-request-id": "f0e8c1bb-c5b3-4a8d-9f9c-f2056f2d465f",
        "x-ms-ratelimit-remaining-subscription-reads": "11950",
        "x-ms-request-id": "64baac19-6950-4e29-9a48-3a480da42fad",
        "x-ms-routing-request-id": "SOUTHEASTASIA:20210824T032853Z:f0e8c1bb-c5b3-4a8d-9f9c-f2056f2d465f"
      },
      "ResponseBody": [
        "{\r\n",
        "  \u0022name\u0022: \u0022azsmnet5266\u0022,\r\n",
        "  \u0022id\u0022: \u0022/subscriptions/db1ab6f0-4769-4b27-930e-01e2ef9c123c/resourceGroups/csmrg906/providers/Microsoft.Network/networkInterfaces/azsmnet5266\u0022,\r\n",
        "  \u0022etag\u0022: \u0022W/\\\u0022c052c619-e7c7-404c-a93c-2b3cc32fb2d1\\\u0022\u0022,\r\n",
        "  \u0022location\u0022: \u0022eastus\u0022,\r\n",
        "  \u0022tags\u0022: {\r\n",
        "    \u0022key\u0022: \u0022value\u0022\r\n",
        "  },\r\n",
        "  \u0022properties\u0022: {\r\n",
        "    \u0022provisioningState\u0022: \u0022Succeeded\u0022,\r\n",
        "    \u0022resourceGuid\u0022: \u00226c491370-3bb6-43ce-98b8-adf4311c5f72\u0022,\r\n",
        "    \u0022ipConfigurations\u0022: [\r\n",
        "      {\r\n",
        "        \u0022name\u0022: \u0022azsmnet9911\u0022,\r\n",
        "        \u0022id\u0022: \u0022/subscriptions/db1ab6f0-4769-4b27-930e-01e2ef9c123c/resourceGroups/csmrg906/providers/Microsoft.Network/networkInterfaces/azsmnet5266/ipConfigurations/azsmnet9911\u0022,\r\n",
        "        \u0022etag\u0022: \u0022W/\\\u0022c052c619-e7c7-404c-a93c-2b3cc32fb2d1\\\u0022\u0022,\r\n",
        "        \u0022type\u0022: \u0022Microsoft.Network/networkInterfaces/ipConfigurations\u0022,\r\n",
        "        \u0022properties\u0022: {\r\n",
        "          \u0022provisioningState\u0022: \u0022Succeeded\u0022,\r\n",
        "          \u0022privateIPAddress\u0022: \u002210.0.1.9\u0022,\r\n",
        "          \u0022privateIPAllocationMethod\u0022: \u0022Static\u0022,\r\n",
        "          \u0022subnet\u0022: {\r\n",
        "            \u0022id\u0022: \u0022/subscriptions/db1ab6f0-4769-4b27-930e-01e2ef9c123c/resourceGroups/csmrg906/providers/Microsoft.Network/virtualNetworks/azsmnet7796/subnets/azsmnet3414\u0022\r\n",
        "          },\r\n",
        "          \u0022primary\u0022: true,\r\n",
        "          \u0022privateIPAddressVersion\u0022: \u0022IPv4\u0022\r\n",
        "        }\r\n",
        "      }\r\n",
        "    ],\r\n",
        "    \u0022dnsSettings\u0022: {\r\n",
        "      \u0022dnsServers\u0022: [],\r\n",
        "      \u0022appliedDnsServers\u0022: [],\r\n",
        "      \u0022internalDomainNameSuffix\u0022: \u0022gfbotoniu0wuxbsrgckyyixeje.bx.internal.cloudapp.net\u0022\r\n",
        "    },\r\n",
        "    \u0022enableAcceleratedNetworking\u0022: false,\r\n",
        "    \u0022vnetEncryptionSupported\u0022: false,\r\n",
        "    \u0022enableIPForwarding\u0022: false,\r\n",
        "    \u0022hostedWorkloads\u0022: [],\r\n",
        "    \u0022tapConfigurations\u0022: [],\r\n",
        "    \u0022nicType\u0022: \u0022Standard\u0022\r\n",
        "  },\r\n",
        "  \u0022type\u0022: \u0022Microsoft.Network/networkInterfaces\u0022\r\n",
        "}"
      ]
    },
    {
      "RequestUri": "https://management.azure.com/subscriptions/db1ab6f0-4769-4b27-930e-01e2ef9c123c/resourceGroups/csmrg906/providers/Microsoft.Network/networkInterfaces/azsmnet5266?api-version=2021-02-01",
      "RequestMethod": "DELETE",
      "RequestHeaders": {
        "Accept": "application/json",
        "Authorization": "Sanitized",
        "User-Agent": "azsdk-net-ResourceManager/1.0.0-alpha.20210823.1 (.NET Framework 4.8.4341.0; Microsoft Windows 10.0.19043 )",
        "x-ms-client-request-id": "d72b99c6fb57c7a5f4943f412a578367",
        "x-ms-return-client-request-id": "true"
      },
      "RequestBody": null,
      "StatusCode": 202,
      "ResponseHeaders": {
        "Azure-AsyncNotification": "Enabled",
        "Azure-AsyncOperation": "https://management.azure.com/subscriptions/db1ab6f0-4769-4b27-930e-01e2ef9c123c/providers/Microsoft.Network/locations/eastus/operations/77f38506-2436-4476-b58a-927b0688906e?api-version=2021-02-01",
        "Cache-Control": "no-cache",
        "Content-Length": "0",
        "Date": "Tue, 24 Aug 2021 03:28:53 GMT",
        "Expires": "-1",
        "Location": "https://management.azure.com/subscriptions/db1ab6f0-4769-4b27-930e-01e2ef9c123c/providers/Microsoft.Network/locations/eastus/operationResults/77f38506-2436-4476-b58a-927b0688906e?api-version=2021-02-01",
        "Pragma": "no-cache",
        "Retry-After": "10",
        "Server": [
          "Microsoft-HTTPAPI/2.0",
          "Microsoft-HTTPAPI/2.0"
        ],
        "Strict-Transport-Security": "max-age=31536000; includeSubDomains",
        "X-Content-Type-Options": "nosniff",
        "x-ms-arm-service-request-id": "075bf08c-5e51-4b7d-ad40-08337892074a",
        "x-ms-client-request-id": "d72b99c6fb57c7a5f4943f412a578367",
        "x-ms-correlation-request-id": "4c7c33bd-6fc2-4347-a50b-46ba08e85ffc",
        "x-ms-ratelimit-remaining-subscription-deletes": "14990",
        "x-ms-request-id": "77f38506-2436-4476-b58a-927b0688906e",
        "x-ms-routing-request-id": "SOUTHEASTASIA:20210824T032853Z:4c7c33bd-6fc2-4347-a50b-46ba08e85ffc"
      },
      "ResponseBody": []
    },
    {
      "RequestUri": "https://management.azure.com/subscriptions/db1ab6f0-4769-4b27-930e-01e2ef9c123c/providers/Microsoft.Network/locations/eastus/operations/77f38506-2436-4476-b58a-927b0688906e?api-version=2021-02-01",
      "RequestMethod": "GET",
      "RequestHeaders": {
        "Authorization": "Sanitized",
        "User-Agent": "azsdk-net-ResourceManager/1.0.0-alpha.20210823.1 (.NET Framework 4.8.4341.0; Microsoft Windows 10.0.19043 )",
        "x-ms-client-request-id": "703f8f156dcba930a2eb1ad93202517b",
        "x-ms-return-client-request-id": "true"
      },
      "RequestBody": null,
      "StatusCode": 200,
      "ResponseHeaders": {
        "Cache-Control": "no-cache",
        "Content-Length": "29",
        "Content-Type": "application/json; charset=utf-8",
        "Date": "Tue, 24 Aug 2021 03:28:54 GMT",
        "Expires": "-1",
        "Pragma": "no-cache",
        "Server": [
          "Microsoft-HTTPAPI/2.0",
          "Microsoft-HTTPAPI/2.0"
        ],
        "Strict-Transport-Security": "max-age=31536000; includeSubDomains",
        "X-Content-Type-Options": "nosniff",
        "x-ms-arm-service-request-id": "9d9001d5-1ff0-4641-9008-3e6fc9718ecb",
        "x-ms-client-request-id": "703f8f156dcba930a2eb1ad93202517b",
        "x-ms-correlation-request-id": "b644be0e-e089-487c-a9f9-ce5f105a7dab",
        "x-ms-ratelimit-remaining-subscription-reads": "11949",
        "x-ms-request-id": "a6b06c53-cee4-4025-adc8-a13fe565b28f",
        "x-ms-routing-request-id": "SOUTHEASTASIA:20210824T032854Z:b644be0e-e089-487c-a9f9-ce5f105a7dab"
      },
      "ResponseBody": [
        "{\r\n",
        "  \u0022status\u0022: \u0022Succeeded\u0022\r\n",
        "}"
      ]
    },
    {
      "RequestUri": "https://management.azure.com/subscriptions/db1ab6f0-4769-4b27-930e-01e2ef9c123c/resourceGroups/csmrg906/providers/Microsoft.Network/virtualNetworks/azsmnet7796?api-version=2021-02-01",
      "RequestMethod": "DELETE",
      "RequestHeaders": {
        "Accept": "application/json",
        "Authorization": "Sanitized",
        "User-Agent": "azsdk-net-ResourceManager/1.0.0-alpha.20210823.1 (.NET Framework 4.8.4341.0; Microsoft Windows 10.0.19043 )",
        "x-ms-client-request-id": "9a7c7677f43db04f02e81d548cf9dbec",
        "x-ms-return-client-request-id": "true"
      },
      "RequestBody": null,
      "StatusCode": 202,
      "ResponseHeaders": {
        "Azure-AsyncNotification": "Enabled",
        "Azure-AsyncOperation": "https://management.azure.com/subscriptions/db1ab6f0-4769-4b27-930e-01e2ef9c123c/providers/Microsoft.Network/locations/eastus/operations/07589866-7377-4913-aae7-ae919022341e?api-version=2021-02-01",
        "Cache-Control": "no-cache",
        "Content-Length": "0",
        "Date": "Tue, 24 Aug 2021 03:28:54 GMT",
        "Expires": "-1",
        "Location": "https://management.azure.com/subscriptions/db1ab6f0-4769-4b27-930e-01e2ef9c123c/providers/Microsoft.Network/locations/eastus/operationResults/07589866-7377-4913-aae7-ae919022341e?api-version=2021-02-01",
        "Pragma": "no-cache",
        "Retry-After": "10",
        "Server": [
          "Microsoft-HTTPAPI/2.0",
          "Microsoft-HTTPAPI/2.0"
        ],
        "Strict-Transport-Security": "max-age=31536000; includeSubDomains",
        "X-Content-Type-Options": "nosniff",
        "x-ms-arm-service-request-id": "9f5a33fe-ce5b-4788-8d80-cf0d01705877",
        "x-ms-client-request-id": "9a7c7677f43db04f02e81d548cf9dbec",
        "x-ms-correlation-request-id": "4c93e12b-bfa5-45fe-96e3-b0cf2f8931d9",
        "x-ms-ratelimit-remaining-subscription-deletes": "14989",
        "x-ms-request-id": "07589866-7377-4913-aae7-ae919022341e",
        "x-ms-routing-request-id": "SOUTHEASTASIA:20210824T032855Z:4c93e12b-bfa5-45fe-96e3-b0cf2f8931d9"
      },
      "ResponseBody": []
    },
    {
      "RequestUri": "https://management.azure.com/subscriptions/db1ab6f0-4769-4b27-930e-01e2ef9c123c/providers/Microsoft.Network/locations/eastus/operations/07589866-7377-4913-aae7-ae919022341e?api-version=2021-02-01",
      "RequestMethod": "GET",
      "RequestHeaders": {
        "Authorization": "Sanitized",
        "User-Agent": "azsdk-net-ResourceManager/1.0.0-alpha.20210823.1 (.NET Framework 4.8.4341.0; Microsoft Windows 10.0.19043 )",
        "x-ms-client-request-id": "7534f3b2a78a216c3f8f6ee250dc1ca8",
        "x-ms-return-client-request-id": "true"
      },
      "RequestBody": null,
      "StatusCode": 200,
      "ResponseHeaders": {
        "Cache-Control": "no-cache",
        "Content-Length": "29",
        "Content-Type": "application/json; charset=utf-8",
        "Date": "Tue, 24 Aug 2021 03:28:55 GMT",
        "Expires": "-1",
        "Pragma": "no-cache",
        "Server": [
          "Microsoft-HTTPAPI/2.0",
          "Microsoft-HTTPAPI/2.0"
        ],
        "Strict-Transport-Security": "max-age=31536000; includeSubDomains",
        "X-Content-Type-Options": "nosniff",
        "x-ms-arm-service-request-id": "1861847a-3505-48da-8078-95b03ac0241b",
        "x-ms-client-request-id": "7534f3b2a78a216c3f8f6ee250dc1ca8",
        "x-ms-correlation-request-id": "bf1f95d9-04db-40f2-8e70-49b322e5a3b7",
        "x-ms-ratelimit-remaining-subscription-reads": "11948",
        "x-ms-request-id": "57585731-7779-452e-a2bc-7941fd8bddca",
        "x-ms-routing-request-id": "SOUTHEASTASIA:20210824T032855Z:bf1f95d9-04db-40f2-8e70-49b322e5a3b7"
      },
      "ResponseBody": [
        "{\r\n",
        "  \u0022status\u0022: \u0022Succeeded\u0022\r\n",
        "}"
      ]
    }
  ],
  "Variables": {
    "LOCATION": "eastus",
    "RandomSeed": "1784533192",
    "RESOURCE_MANAGER_URL": null,
    "SUBSCRIPTION_ID": "db1ab6f0-4769-4b27-930e-01e2ef9c123c"
  }
}