{
  "Entries": [
    {
      "RequestUri": "https://management.azure.com/subscriptions/ff0aa6da-20f8-44fe-9aee-381c8e8a4aeb?api-version=2021-01-01",
      "RequestMethod": "GET",
      "RequestHeaders": {
        "Accept": "application/json",
        "Authorization": "Sanitized",
        "traceparent": "00-d752ae8bed742b41b1649e1ad25bbc9d-07721b358dab544e-00",
        "User-Agent": "azsdk-net-ResourceManager/1.4.0 (.NET Framework 4.8.9139.0; Microsoft Windows 10.0.22621 )",
        "x-ms-client-request-id": "c9b811e4caa2c53f15750feaa8227363",
        "x-ms-return-client-request-id": "true"
      },
      "RequestBody": null,
      "StatusCode": 200,
      "ResponseHeaders": {
        "Cache-Control": "no-cache",
        "Content-Length": "443",
        "Content-Type": "application/json; charset=utf-8",
        "Date": "Tue, 04 Apr 2023 09:00:00 GMT",
        "Expires": "-1",
        "Pragma": "no-cache",
        "Strict-Transport-Security": "max-age=31536000; includeSubDomains",
        "X-Content-Type-Options": "nosniff",
        "x-ms-correlation-request-id": "e391ffe3-3d44-48d1-8432-e7bcabd2694d",
        "x-ms-ratelimit-remaining-subscription-reads": "11969",
        "x-ms-request-id": "e391ffe3-3d44-48d1-8432-e7bcabd2694d",
        "x-ms-routing-request-id": "SOUTHINDIA:20230404T090000Z:e391ffe3-3d44-48d1-8432-e7bcabd2694d"
      },
      "ResponseBody": {
        "id": "/subscriptions/ff0aa6da-20f8-44fe-9aee-381c8e8a4aeb",
        "authorizationSource": "RoleBased",
        "managedByTenants": [
          {
            "tenantId": "ad44cbb7-4f0b-47b4-97bd-be70a5b1e681"
          }
        ],
        "subscriptionId": "ff0aa6da-20f8-44fe-9aee-381c8e8a4aeb",
        "tenantId": "72f988bf-86f1-41af-91ab-2d7cd011db47",
        "displayName": "HCI IDC Test",
        "state": "Enabled",
        "subscriptionPolicies": {
          "locationPlacementId": "Internal_2014-09-01",
          "quotaId": "Internal_2014-09-01",
          "spendingLimit": "Off"
        }
      }
    },
    {
      "RequestUri": "https://management.azure.com/subscriptions/ff0aa6da-20f8-44fe-9aee-381c8e8a4aeb/resourcegroups/hci-cluster-rg4118?api-version=**",
      "RequestMethod": "PUT",
      "RequestHeaders": {
        "Accept": "application/json",
        "Authorization": "Sanitized",
        "Content-Length": "21",
        "Content-Type": "application/json",
        "traceparent": "00-f5193a3ee1516c4bae5d1b36b0158143-e8d51d306ce4ca43-00",
        "User-Agent": "azsdk-net-ResourceManager/1.4.0 (.NET Framework 4.8.9139.0; Microsoft Windows 10.0.22621 )",
        "x-ms-client-request-id": "673eddee25e43d8918e8a527a1f02177",
        "x-ms-return-client-request-id": "true"
      },
      "RequestBody": {
        "location": "eastus"
      },
      "StatusCode": 201,
      "ResponseHeaders": {
        "Cache-Control": "no-cache",
        "Content-Length": "233",
        "Content-Type": "application/json; charset=utf-8",
        "Date": "Tue, 04 Apr 2023 09:00:01 GMT",
        "Expires": "-1",
        "Pragma": "no-cache",
        "Strict-Transport-Security": "max-age=31536000; includeSubDomains",
        "X-Content-Type-Options": "nosniff",
        "x-ms-correlation-request-id": "3fc37493-e0c5-43e7-941e-24228bc51f10",
        "x-ms-ratelimit-remaining-subscription-writes": "1164",
        "x-ms-request-id": "3fc37493-e0c5-43e7-941e-24228bc51f10",
        "x-ms-routing-request-id": "SOUTHINDIA:20230404T090002Z:3fc37493-e0c5-43e7-941e-24228bc51f10"
      },
      "ResponseBody": {
        "id": "/subscriptions/ff0aa6da-20f8-44fe-9aee-381c8e8a4aeb/resourceGroups/hci-cluster-rg4118",
        "name": "hci-cluster-rg4118",
        "type": "Microsoft.Resources/resourceGroups",
        "location": "eastus",
        "properties": {
          "provisioningState": "Succeeded"
        }
      }
    },
    {
      "RequestUri": "https://management.azure.com/subscriptions/ff0aa6da-20f8-44fe-9aee-381c8e8a4aeb/resourceGroups/hci-cluster-rg4118/providers/Microsoft.AzureStackHCI/clusters/hci-cluster1921?api-version=2023-02-01",
      "RequestMethod": "PUT",
      "RequestHeaders": {
        "Accept": "application/json",
        "Authorization": "Sanitized",
        "Content-Length": "179",
        "Content-Type": "application/json",
        "traceparent": "00-b66ae6c33cb7ea4e946f25211558ccf2-62b9e1975fae2d44-00",
        "User-Agent": "azsdk-net-ResourceManager.Hci/1.1.0-alpha.20230404.1 (.NET Framework 4.8.9139.0; Microsoft Windows 10.0.22621 )",
        "x-ms-client-request-id": "b45986ec300120b93eaa1434a9cf4eda",
        "x-ms-return-client-request-id": "true"
      },
      "RequestBody": {
        "tags": {},
        "location": "eastus",
        "properties": {
          "aadClientId": "2565ed7c-4b2b-4fd5-a9ac-49b4611844e9",
          "aadTenantId": "72f988bf-86f1-41af-91ab-2d7cd011db47"
        },
        "identity": {
          "type": "None"
        }
      },
      "StatusCode": 200,
      "ResponseHeaders": {
        "Cache-Control": "no-cache",
        "Content-Length": "1148",
        "Content-Type": "application/json; charset=utf-8",
        "Date": "Tue, 04 Apr 2023 09:00:05 GMT",
        "ETag": "\u0022e5010bf9-0000-0100-0000-642be7140000\u0022",
        "Expires": "-1",
        "mise-correlation-id": "ccfe0726-f352-40bb-9210-34c30075b553",
        "Pragma": "no-cache",
        "Strict-Transport-Security": "max-age=31536000; includeSubDomains",
        "X-Content-Type-Options": "nosniff",
        "x-ms-client-request-id": "b45986ec300120b93eaa1434a9cf4eda",
        "x-ms-correlation-request-id": "dd5935d0-098b-47d9-94bc-e0ce3b29c7f9",
        "x-ms-providerhub-traffic": "True",
        "x-ms-ratelimit-remaining-subscription-writes": "1163",
        "x-ms-request-id": "c81cbfe3-f07d-4a25-abb1-3adcff98af25",
        "x-ms-routing-request-id": "SOUTHINDIA:20230404T090006Z:dd5935d0-098b-47d9-94bc-e0ce3b29c7f9"
      },
      "ResponseBody": {
        "id": "/subscriptions/ff0aa6da-20f8-44fe-9aee-381c8e8a4aeb/resourceGroups/hci-cluster-rg4118/providers/Microsoft.AzureStackHCI/clusters/hci-cluster1921",
        "name": "hci-cluster1921",
        "type": "microsoft.azurestackhci/clusters",
        "location": "eastus",
        "tags": {},
        "systemData": {
          "createdBy": "2565ed7c-4b2b-4fd5-a9ac-49b4611844e9",
          "createdByType": "Application",
          "createdAt": "2023-04-04T09:00:03.9656089Z",
          "lastModifiedBy": "2565ed7c-4b2b-4fd5-a9ac-49b4611844e9",
          "lastModifiedByType": "Application",
          "lastModifiedAt": "2023-04-04T09:00:03.9656089Z"
        },
        "identity": {
          "type": "None"
        },
        "properties": {
          "provisioningState": "Succeeded",
          "status": "NotYetRegistered",
          "cloudId": "96982999-cac1-427c-9960-5eefb9458e05",
          "aadClientId": "2565ed7c-4b2b-4fd5-a9ac-49b4611844e9",
          "aadTenantId": "72f988bf-86f1-41af-91ab-2d7cd011db47",
          "softwareAssuranceProperties": {
            "softwareAssuranceStatus": "Disabled",
            "softwareAssuranceIntent": "Disable"
          },
          "desiredProperties": {
            "windowsServerSubscription": "Disabled",
            "diagnosticLevel": "Basic"
          },
          "trialDaysRemaining": 60,
          "billingModel": "Trial",
          "serviceEndpoint": "https://dp.stackhci.azure.com/eastus/",
          "resourceProviderObjectId": "f57be460-ae5d-444a-9317-bbfa416ab4b9"
        }
      }
    },
    {
      "RequestUri": "https://management.azure.com/subscriptions/ff0aa6da-20f8-44fe-9aee-381c8e8a4aeb/resourceGroups/hci-cluster-rg4118/providers/Microsoft.AzureStackHCI/clusters/hci-cluster1921?api-version=2023-02-01",
      "RequestMethod": "PATCH",
      "RequestHeaders": {
        "Accept": "application/json",
        "Authorization": "Sanitized",
        "Content-Length": "94",
        "Content-Type": "application/json",
        "traceparent": "00-e0b60f1b27a29a4e9fcabfed6b0f5a61-df953b3e499f7c43-00",
        "User-Agent": "azsdk-net-ResourceManager.Hci/1.1.0-alpha.20230404.1 (.NET Framework 4.8.9139.0; Microsoft Windows 10.0.22621 )",
        "x-ms-client-request-id": "1afdf9967d15922d4064b15620edd31f",
        "x-ms-return-client-request-id": "true"
      },
      "RequestBody": {
        "properties": {
          "desiredProperties": {
            "diagnosticLevel": "Enhanced"
          }
        },
        "identity": {
          "type": "None"
        }
      },
      "StatusCode": 200,
      "ResponseHeaders": {
        "Cache-Control": "no-cache",
        "Content-Length": "1151",
        "Content-Type": "application/json; charset=utf-8",
        "Date": "Tue, 04 Apr 2023 09:00:07 GMT",
        "ETag": "\u0022e50111f9-0000-0100-0000-642be7160000\u0022",
        "Expires": "-1",
        "mise-correlation-id": "96035da3-f1a2-4f4a-bbb6-d8fb27fad720",
        "Pragma": "no-cache",
        "Strict-Transport-Security": "max-age=31536000; includeSubDomains",
        "X-Content-Type-Options": "nosniff",
        "x-ms-client-request-id": "1afdf9967d15922d4064b15620edd31f",
        "x-ms-correlation-request-id": "87ea79bb-f051-4612-bd8c-7f91cd04b5be",
        "x-ms-providerhub-traffic": "True",
        "x-ms-ratelimit-remaining-subscription-writes": "1162",
        "x-ms-request-id": "77d4e6d5-916f-4198-a387-4f8a6d9772b6",
        "x-ms-routing-request-id": "SOUTHINDIA:20230404T090008Z:87ea79bb-f051-4612-bd8c-7f91cd04b5be"
      },
      "ResponseBody": {
        "id": "/subscriptions/ff0aa6da-20f8-44fe-9aee-381c8e8a4aeb/resourceGroups/hci-cluster-rg4118/providers/Microsoft.AzureStackHCI/clusters/hci-cluster1921",
        "name": "hci-cluster1921",
        "type": "microsoft.azurestackhci/clusters",
        "location": "eastus",
        "tags": {},
        "systemData": {
          "createdBy": "2565ed7c-4b2b-4fd5-a9ac-49b4611844e9",
          "createdByType": "Application",
          "createdAt": "2023-04-04T09:00:03.9656089Z",
          "lastModifiedBy": "2565ed7c-4b2b-4fd5-a9ac-49b4611844e9",
          "lastModifiedByType": "Application",
          "lastModifiedAt": "2023-04-04T09:00:06.3875371Z"
        },
        "identity": {
          "type": "None"
        },
        "properties": {
          "status": "NotYetRegistered",
          "cloudId": "96982999-cac1-427c-9960-5eefb9458e05",
          "aadClientId": "2565ed7c-4b2b-4fd5-a9ac-49b4611844e9",
          "aadTenantId": "72f988bf-86f1-41af-91ab-2d7cd011db47",
          "softwareAssuranceProperties": {
            "softwareAssuranceStatus": "Disabled",
            "softwareAssuranceIntent": "Disable"
          },
          "desiredProperties": {
            "windowsServerSubscription": "Disabled",
            "diagnosticLevel": "Enhanced"
          },
          "trialDaysRemaining": 60,
          "billingModel": "Trial",
          "provisioningState": "Succeeded",
          "serviceEndpoint": "https://dp.stackhci.azure.com/eastus/",
          "resourceProviderObjectId": "f57be460-ae5d-444a-9317-bbfa416ab4b9"
        }
      }
    },
    {
      "RequestUri": "https://management.azure.com/subscriptions/ff0aa6da-20f8-44fe-9aee-381c8e8a4aeb/resourceGroups/hci-cluster-rg4118/providers/Microsoft.AzureStackHCI/clusters/hci-cluster1921?api-version=2023-02-01",
      "RequestMethod": "GET",
      "RequestHeaders": {
        "Accept": "application/json",
        "Authorization": "Sanitized",
        "traceparent": "00-cf5b7e36f969734f996564f9aff8b884-05f03dc824373144-00",
        "User-Agent": "azsdk-net-ResourceManager.Hci/1.1.0-alpha.20230404.1 (.NET Framework 4.8.9139.0; Microsoft Windows 10.0.22621 )",
        "x-ms-client-request-id": "ec3531c8cc0abdb8241d283911549449",
        "x-ms-return-client-request-id": "true"
      },
      "RequestBody": null,
      "StatusCode": 200,
      "ResponseHeaders": {
        "Cache-Control": "no-cache",
        "Content-Length": "873",
        "Content-Type": "application/json; charset=utf-8",
        "Date": "Tue, 04 Apr 2023 09:00:08 GMT",
        "ETag": "\u0022e50111f9-0000-0100-0000-642be7160000\u0022",
        "Expires": "-1",
        "mise-correlation-id": "fd31856b-da8c-4c11-b913-e3ba47904182",
        "Pragma": "no-cache",
        "Strict-Transport-Security": "max-age=31536000; includeSubDomains",
        "X-Content-Type-Options": "nosniff",
        "x-ms-client-request-id": "ec3531c8cc0abdb8241d283911549449",
        "x-ms-correlation-request-id": "7634f4f8-f671-4c95-959f-a6511694707f",
        "x-ms-providerhub-traffic": "True",
        "x-ms-ratelimit-remaining-subscription-reads": "11968",
        "x-ms-request-id": "8ca80708-f1cf-44f2-a301-8803620bfbb0",
        "x-ms-routing-request-id": "SOUTHINDIA:20230404T090008Z:7634f4f8-f671-4c95-959f-a6511694707f"
      },
      "ResponseBody": {
        "id": "/subscriptions/ff0aa6da-20f8-44fe-9aee-381c8e8a4aeb/resourceGroups/hci-cluster-rg4118/providers/Microsoft.AzureStackHCI/clusters/hci-cluster1921",
        "name": "hci-cluster1921",
        "type": "microsoft.azurestackhci/clusters",
        "location": "eastus",
        "tags": {},
        "identity": {
          "type": "None"
        },
        "properties": {
          "provisioningState": "Succeeded",
          "status": "NotYetRegistered",
          "cloudId": "96982999-cac1-427c-9960-5eefb9458e05",
          "aadClientId": "2565ed7c-4b2b-4fd5-a9ac-49b4611844e9",
          "aadTenantId": "72f988bf-86f1-41af-91ab-2d7cd011db47",
          "softwareAssuranceProperties": {
            "softwareAssuranceStatus": "Disabled",
            "softwareAssuranceIntent": "Disable"
          },
          "desiredProperties": {
            "windowsServerSubscription": "Disabled",
            "diagnosticLevel": "Enhanced"
          },
          "trialDaysRemaining": 60,
          "billingModel": "Trial",
          "serviceEndpoint": "https://dp.stackhci.azure.com/eastus/",
          "resourceProviderObjectId": "f57be460-ae5d-444a-9317-bbfa416ab4b9"
        }
      }
    },
    {
      "RequestUri": "https://management.azure.com/subscriptions/ff0aa6da-20f8-44fe-9aee-381c8e8a4aeb/resourceGroups/hci-cluster-rg4118/providers/Microsoft.AzureStackHCI/clusters/hci-cluster1921?api-version=2023-02-01",
      "RequestMethod": "DELETE",
      "RequestHeaders": {
        "Accept": "application/json",
        "Authorization": "Sanitized",
        "traceparent": "00-57e03d08034b7d4ca41508345509658a-6b2748154eb1a541-00",
        "User-Agent": "azsdk-net-ResourceManager.Hci/1.1.0-alpha.20230404.1 (.NET Framework 4.8.9139.0; Microsoft Windows 10.0.22621 )",
        "x-ms-client-request-id": "a891ca9907f26f6259c6749d7f620050",
        "x-ms-return-client-request-id": "true"
      },
      "RequestBody": null,
      "StatusCode": 202,
      "ResponseHeaders": {
        "Azure-AsyncOperation": "https://management.azure.com/providers/Microsoft.AzureStackHCI/locations/EASTUS/operationStatuses/f7083876-4933-42fc-bddf-d01fb94edcad*ED32FA4FA33CCF0CAA9F75FA626A0DF55A0BD4568440363C8BCED775C4F80EA9?api-version=2023-02-01",
        "Cache-Control": "no-cache",
        "Content-Length": "4",
        "Content-Type": "application/json; charset=utf-8",
        "Date": "Tue, 04 Apr 2023 09:00:08 GMT",
        "ETag": "\u0022e50116f9-0000-0100-0000-642be7190000\u0022",
        "Expires": "-1",
        "Location": "https://management.azure.com/providers/Microsoft.AzureStackHCI/locations/EASTUS/operationStatuses/f7083876-4933-42fc-bddf-d01fb94edcad*ED32FA4FA33CCF0CAA9F75FA626A0DF55A0BD4568440363C8BCED775C4F80EA9?api-version=2023-02-01",
        "Pragma": "no-cache",
        "Strict-Transport-Security": "max-age=31536000; includeSubDomains",
        "X-Content-Type-Options": "nosniff",
        "x-ms-client-request-id": "a891ca9907f26f6259c6749d7f620050",
        "x-ms-correlation-request-id": "30e01858-457a-43b8-8489-f275324c4ef9",
        "x-ms-providerhub-traffic": "True",
        "x-ms-ratelimit-remaining-subscription-deletes": "14995",
        "x-ms-request-id": "f7083876-4933-42fc-bddf-d01fb94edcad",
        "x-ms-routing-request-id": "SOUTHINDIA:20230404T090009Z:30e01858-457a-43b8-8489-f275324c4ef9"
      },
      "ResponseBody": "null"
    },
    {
      "RequestUri": "https://management.azure.com/providers/Microsoft.AzureStackHCI/locations/EASTUS/operationStatuses/f7083876-4933-42fc-bddf-d01fb94edcad*ED32FA4FA33CCF0CAA9F75FA626A0DF55A0BD4568440363C8BCED775C4F80EA9?api-version=2023-02-01",
      "RequestMethod": "GET",
      "RequestHeaders": {
        "Authorization": "Sanitized",
        "traceparent": "00-57e03d08034b7d4ca41508345509658a-d6c45a916d9fea43-00",
        "User-Agent": "azsdk-net-ResourceManager/1.4.0 (.NET Framework 4.8.9139.0; Microsoft Windows 10.0.22621 )",
        "x-ms-client-request-id": "56bc68cf2b5cc12ccfc59343581a3ec1",
        "x-ms-return-client-request-id": "true"
      },
      "RequestBody": null,
      "StatusCode": 202,
      "ResponseHeaders": {
        "Cache-Control": "no-cache",
        "Content-Length": "514",
        "Content-Type": "application/json; charset=utf-8",
        "Date": "Tue, 04 Apr 2023 09:00:09 GMT",
        "ETag": "\u00221b0391e9-0000-0100-0000-642be7190000\u0022",
        "Expires": "-1",
        "Pragma": "no-cache",
        "Strict-Transport-Security": "max-age=31536000; includeSubDomains",
        "X-Content-Type-Options": "nosniff",
        "x-ms-client-request-id": "56bc68cf2b5cc12ccfc59343581a3ec1",
        "x-ms-correlation-request-id": "7bfdcfbe-3169-46c5-9805-7b374b2a0e48",
        "x-ms-ratelimit-remaining-tenant-reads": "11991",
        "x-ms-request-id": "44d8b30a-f4fb-4e51-820c-fbcad154218c",
        "x-ms-routing-request-id": "SOUTHINDIA:20230404T090009Z:7bfdcfbe-3169-46c5-9805-7b374b2a0e48"
      },
      "ResponseBody": {
        "id": "/providers/Microsoft.AzureStackHCI/locations/EASTUS/operationStatuses/f7083876-4933-42fc-bddf-d01fb94edcad*ED32FA4FA33CCF0CAA9F75FA626A0DF55A0BD4568440363C8BCED775C4F80EA9",
        "name": "f7083876-4933-42fc-bddf-d01fb94edcad*ED32FA4FA33CCF0CAA9F75FA626A0DF55A0BD4568440363C8BCED775C4F80EA9",
        "resourceId": "/subscriptions/ff0aa6da-20f8-44fe-9aee-381c8e8a4aeb/resourceGroups/hci-cluster-rg4118/providers/Microsoft.AzureStackHCI/clusters/hci-cluster1921",
        "status": "Deleting",
        "startTime": "2023-04-04T09:00:09.2349489Z"
      }
    },
    {
      "RequestUri": "https://management.azure.com/providers/Microsoft.AzureStackHCI/locations/EASTUS/operationStatuses/f7083876-4933-42fc-bddf-d01fb94edcad*ED32FA4FA33CCF0CAA9F75FA626A0DF55A0BD4568440363C8BCED775C4F80EA9?api-version=2023-02-01",
      "RequestMethod": "GET",
      "RequestHeaders": {
        "Authorization": "Sanitized",
        "traceparent": "00-57e03d08034b7d4ca41508345509658a-032ac8d068d1d64c-00",
        "User-Agent": "azsdk-net-ResourceManager/1.4.0 (.NET Framework 4.8.9139.0; Microsoft Windows 10.0.22621 )",
        "x-ms-client-request-id": "1c61d71c1ce837affac667b2106a1b64",
        "x-ms-return-client-request-id": "true"
      },
      "RequestBody": null,
      "StatusCode": 202,
      "ResponseHeaders": {
        "Cache-Control": "no-cache",
        "Content-Length": "514",
        "Content-Type": "application/json; charset=utf-8",
        "Date": "Tue, 04 Apr 2023 09:00:10 GMT",
        "ETag": "\u00221b0391e9-0000-0100-0000-642be7190000\u0022",
        "Expires": "-1",
        "Pragma": "no-cache",
        "Strict-Transport-Security": "max-age=31536000; includeSubDomains",
        "X-Content-Type-Options": "nosniff",
        "x-ms-client-request-id": "1c61d71c1ce837affac667b2106a1b64",
        "x-ms-correlation-request-id": "4ec1d849-2654-4396-9678-72772344063d",
        "x-ms-ratelimit-remaining-tenant-reads": "11990",
        "x-ms-request-id": "8b0afee2-94b6-4f5a-90c7-50f8601ad118",
        "x-ms-routing-request-id": "SOUTHINDIA:20230404T090011Z:4ec1d849-2654-4396-9678-72772344063d"
      },
      "ResponseBody": {
        "id": "/providers/Microsoft.AzureStackHCI/locations/EASTUS/operationStatuses/f7083876-4933-42fc-bddf-d01fb94edcad*ED32FA4FA33CCF0CAA9F75FA626A0DF55A0BD4568440363C8BCED775C4F80EA9",
        "name": "f7083876-4933-42fc-bddf-d01fb94edcad*ED32FA4FA33CCF0CAA9F75FA626A0DF55A0BD4568440363C8BCED775C4F80EA9",
        "resourceId": "/subscriptions/ff0aa6da-20f8-44fe-9aee-381c8e8a4aeb/resourceGroups/hci-cluster-rg4118/providers/Microsoft.AzureStackHCI/clusters/hci-cluster1921",
        "status": "Deleting",
        "startTime": "2023-04-04T09:00:09.2349489Z"
      }
    },
    {
      "RequestUri": "https://management.azure.com/providers/Microsoft.AzureStackHCI/locations/EASTUS/operationStatuses/f7083876-4933-42fc-bddf-d01fb94edcad*ED32FA4FA33CCF0CAA9F75FA626A0DF55A0BD4568440363C8BCED775C4F80EA9?api-version=2023-02-01",
      "RequestMethod": "GET",
      "RequestHeaders": {
        "Authorization": "Sanitized",
        "traceparent": "00-57e03d08034b7d4ca41508345509658a-0d1fe5454103744a-00",
        "User-Agent": "azsdk-net-ResourceManager/1.4.0 (.NET Framework 4.8.9139.0; Microsoft Windows 10.0.22621 )",
        "x-ms-client-request-id": "16ce8744aaa5abf4c9aaa8d4ce8c7226",
        "x-ms-return-client-request-id": "true"
      },
      "RequestBody": null,
      "StatusCode": 202,
      "ResponseHeaders": {
        "Cache-Control": "no-cache",
        "Content-Length": "514",
        "Content-Type": "application/json; charset=utf-8",
        "Date": "Tue, 04 Apr 2023 09:00:11 GMT",
        "ETag": "\u00221b0391e9-0000-0100-0000-642be7190000\u0022",
        "Expires": "-1",
        "Pragma": "no-cache",
        "Strict-Transport-Security": "max-age=31536000; includeSubDomains",
        "X-Content-Type-Options": "nosniff",
        "x-ms-client-request-id": "16ce8744aaa5abf4c9aaa8d4ce8c7226",
        "x-ms-correlation-request-id": "8104eb86-40c7-4a1a-8395-8ef727233aa6",
        "x-ms-ratelimit-remaining-tenant-reads": "11989",
        "x-ms-request-id": "c2be6f87-4197-453e-9999-747495d3fedc",
        "x-ms-routing-request-id": "SOUTHINDIA:20230404T090012Z:8104eb86-40c7-4a1a-8395-8ef727233aa6"
      },
      "ResponseBody": {
        "id": "/providers/Microsoft.AzureStackHCI/locations/EASTUS/operationStatuses/f7083876-4933-42fc-bddf-d01fb94edcad*ED32FA4FA33CCF0CAA9F75FA626A0DF55A0BD4568440363C8BCED775C4F80EA9",
        "name": "f7083876-4933-42fc-bddf-d01fb94edcad*ED32FA4FA33CCF0CAA9F75FA626A0DF55A0BD4568440363C8BCED775C4F80EA9",
        "resourceId": "/subscriptions/ff0aa6da-20f8-44fe-9aee-381c8e8a4aeb/resourceGroups/hci-cluster-rg4118/providers/Microsoft.AzureStackHCI/clusters/hci-cluster1921",
        "status": "Deleting",
        "startTime": "2023-04-04T09:00:09.2349489Z"
      }
    },
    {
      "RequestUri": "https://management.azure.com/providers/Microsoft.AzureStackHCI/locations/EASTUS/operationStatuses/f7083876-4933-42fc-bddf-d01fb94edcad*ED32FA4FA33CCF0CAA9F75FA626A0DF55A0BD4568440363C8BCED775C4F80EA9?api-version=2023-02-01",
      "RequestMethod": "GET",
      "RequestHeaders": {
        "Authorization": "Sanitized",
        "traceparent": "00-57e03d08034b7d4ca41508345509658a-1945b5c72599e846-00",
        "User-Agent": "azsdk-net-ResourceManager/1.4.0 (.NET Framework 4.8.9139.0; Microsoft Windows 10.0.22621 )",
        "x-ms-client-request-id": "7cda35016592b204b8855b95c479b164",
        "x-ms-return-client-request-id": "true"
      },
      "RequestBody": null,
      "StatusCode": 202,
      "ResponseHeaders": {
        "Cache-Control": "no-cache",
        "Content-Length": "514",
        "Content-Type": "application/json; charset=utf-8",
        "Date": "Tue, 04 Apr 2023 09:00:12 GMT",
        "ETag": "\u00221b0391e9-0000-0100-0000-642be7190000\u0022",
        "Expires": "-1",
        "Pragma": "no-cache",
        "Strict-Transport-Security": "max-age=31536000; includeSubDomains",
        "X-Content-Type-Options": "nosniff",
        "x-ms-client-request-id": "7cda35016592b204b8855b95c479b164",
        "x-ms-correlation-request-id": "9c66ef43-c3a0-4110-b19b-7f87878cab53",
        "x-ms-ratelimit-remaining-tenant-reads": "11988",
        "x-ms-request-id": "c6c22b1b-a01b-4eaf-8b0f-827a1b62e571",
        "x-ms-routing-request-id": "SOUTHINDIA:20230404T090013Z:9c66ef43-c3a0-4110-b19b-7f87878cab53"
      },
      "ResponseBody": {
        "id": "/providers/Microsoft.AzureStackHCI/locations/EASTUS/operationStatuses/f7083876-4933-42fc-bddf-d01fb94edcad*ED32FA4FA33CCF0CAA9F75FA626A0DF55A0BD4568440363C8BCED775C4F80EA9",
        "name": "f7083876-4933-42fc-bddf-d01fb94edcad*ED32FA4FA33CCF0CAA9F75FA626A0DF55A0BD4568440363C8BCED775C4F80EA9",
        "resourceId": "/subscriptions/ff0aa6da-20f8-44fe-9aee-381c8e8a4aeb/resourceGroups/hci-cluster-rg4118/providers/Microsoft.AzureStackHCI/clusters/hci-cluster1921",
        "status": "Deleting",
        "startTime": "2023-04-04T09:00:09.2349489Z"
      }
    },
    {
      "RequestUri": "https://management.azure.com/providers/Microsoft.AzureStackHCI/locations/EASTUS/operationStatuses/f7083876-4933-42fc-bddf-d01fb94edcad*ED32FA4FA33CCF0CAA9F75FA626A0DF55A0BD4568440363C8BCED775C4F80EA9?api-version=2023-02-01",
      "RequestMethod": "GET",
      "RequestHeaders": {
        "Authorization": "Sanitized",
        "traceparent": "00-57e03d08034b7d4ca41508345509658a-6130c59ca630ab41-00",
        "User-Agent": "azsdk-net-ResourceManager/1.4.0 (.NET Framework 4.8.9139.0; Microsoft Windows 10.0.22621 )",
        "x-ms-client-request-id": "d0fe2ea9274c721be3b5533d73da686d",
        "x-ms-return-client-request-id": "true"
      },
      "RequestBody": null,
      "StatusCode": 202,
      "ResponseHeaders": {
        "Cache-Control": "no-cache",
        "Content-Length": "514",
        "Content-Type": "application/json; charset=utf-8",
        "Date": "Tue, 04 Apr 2023 09:00:15 GMT",
        "ETag": "\u00221b0391e9-0000-0100-0000-642be7190000\u0022",
        "Expires": "-1",
        "Pragma": "no-cache",
        "Strict-Transport-Security": "max-age=31536000; includeSubDomains",
        "X-Content-Type-Options": "nosniff",
        "x-ms-client-request-id": "d0fe2ea9274c721be3b5533d73da686d",
        "x-ms-correlation-request-id": "29f0674e-1ba8-43c6-911d-e3b1c8784ff4",
        "x-ms-ratelimit-remaining-tenant-reads": "11987",
        "x-ms-request-id": "b675242a-816f-4d91-8960-17dbe943a02a",
        "x-ms-routing-request-id": "SOUTHINDIA:20230404T090016Z:29f0674e-1ba8-43c6-911d-e3b1c8784ff4"
      },
      "ResponseBody": {
        "id": "/providers/Microsoft.AzureStackHCI/locations/EASTUS/operationStatuses/f7083876-4933-42fc-bddf-d01fb94edcad*ED32FA4FA33CCF0CAA9F75FA626A0DF55A0BD4568440363C8BCED775C4F80EA9",
        "name": "f7083876-4933-42fc-bddf-d01fb94edcad*ED32FA4FA33CCF0CAA9F75FA626A0DF55A0BD4568440363C8BCED775C4F80EA9",
        "resourceId": "/subscriptions/ff0aa6da-20f8-44fe-9aee-381c8e8a4aeb/resourceGroups/hci-cluster-rg4118/providers/Microsoft.AzureStackHCI/clusters/hci-cluster1921",
        "status": "Deleting",
        "startTime": "2023-04-04T09:00:09.2349489Z"
      }
    },
    {
      "RequestUri": "https://management.azure.com/providers/Microsoft.AzureStackHCI/locations/EASTUS/operationStatuses/f7083876-4933-42fc-bddf-d01fb94edcad*ED32FA4FA33CCF0CAA9F75FA626A0DF55A0BD4568440363C8BCED775C4F80EA9?api-version=2023-02-01",
      "RequestMethod": "GET",
      "RequestHeaders": {
        "Authorization": "Sanitized",
        "traceparent": "00-57e03d08034b7d4ca41508345509658a-c8e4c3d1a5791d4f-00",
        "User-Agent": "azsdk-net-ResourceManager/1.4.0 (.NET Framework 4.8.9139.0; Microsoft Windows 10.0.22621 )",
        "x-ms-client-request-id": "dbb040549e8fdfd1831b5d204e5ee74f",
        "x-ms-return-client-request-id": "true"
      },
      "RequestBody": null,
      "StatusCode": 202,
      "ResponseHeaders": {
        "Cache-Control": "no-cache",
        "Content-Length": "514",
        "Content-Type": "application/json; charset=utf-8",
        "Date": "Tue, 04 Apr 2023 09:00:19 GMT",
        "ETag": "\u00221b0391e9-0000-0100-0000-642be7190000\u0022",
        "Expires": "-1",
        "Pragma": "no-cache",
        "Strict-Transport-Security": "max-age=31536000; includeSubDomains",
        "X-Content-Type-Options": "nosniff",
        "x-ms-client-request-id": "dbb040549e8fdfd1831b5d204e5ee74f",
        "x-ms-correlation-request-id": "a5c3337a-b4db-4fd1-a7bf-930106bacf2f",
        "x-ms-ratelimit-remaining-tenant-reads": "11986",
        "x-ms-request-id": "4abcf0af-c29d-4e56-9b4b-b8cb991cbd31",
        "x-ms-routing-request-id": "SOUTHINDIA:20230404T090020Z:a5c3337a-b4db-4fd1-a7bf-930106bacf2f"
      },
      "ResponseBody": {
        "id": "/providers/Microsoft.AzureStackHCI/locations/EASTUS/operationStatuses/f7083876-4933-42fc-bddf-d01fb94edcad*ED32FA4FA33CCF0CAA9F75FA626A0DF55A0BD4568440363C8BCED775C4F80EA9",
        "name": "f7083876-4933-42fc-bddf-d01fb94edcad*ED32FA4FA33CCF0CAA9F75FA626A0DF55A0BD4568440363C8BCED775C4F80EA9",
        "resourceId": "/subscriptions/ff0aa6da-20f8-44fe-9aee-381c8e8a4aeb/resourceGroups/hci-cluster-rg4118/providers/Microsoft.AzureStackHCI/clusters/hci-cluster1921",
        "status": "Deleting",
        "startTime": "2023-04-04T09:00:09.2349489Z"
      }
    },
    {
      "RequestUri": "https://management.azure.com/providers/Microsoft.AzureStackHCI/locations/EASTUS/operationStatuses/f7083876-4933-42fc-bddf-d01fb94edcad*ED32FA4FA33CCF0CAA9F75FA626A0DF55A0BD4568440363C8BCED775C4F80EA9?api-version=2023-02-01",
      "RequestMethod": "GET",
      "RequestHeaders": {
        "Authorization": "Sanitized",
        "traceparent": "00-57e03d08034b7d4ca41508345509658a-03756ef32d7b5e40-00",
        "User-Agent": "azsdk-net-ResourceManager/1.4.0 (.NET Framework 4.8.9139.0; Microsoft Windows 10.0.22621 )",
        "x-ms-client-request-id": "9f2a43f9a18ddada196899dc11c63fde",
        "x-ms-return-client-request-id": "true"
      },
      "RequestBody": null,
      "StatusCode": 202,
      "ResponseHeaders": {
        "Cache-Control": "no-cache",
        "Content-Length": "514",
        "Content-Type": "application/json; charset=utf-8",
        "Date": "Tue, 04 Apr 2023 09:00:28 GMT",
        "ETag": "\u00221b0391e9-0000-0100-0000-642be7190000\u0022",
        "Expires": "-1",
        "Pragma": "no-cache",
        "Strict-Transport-Security": "max-age=31536000; includeSubDomains",
        "X-Content-Type-Options": "nosniff",
        "x-ms-client-request-id": "9f2a43f9a18ddada196899dc11c63fde",
        "x-ms-correlation-request-id": "660ad4e7-f222-445c-aa7b-ae0212927142",
        "x-ms-ratelimit-remaining-tenant-reads": "11985",
        "x-ms-request-id": "96a896e2-ef56-4e72-b663-71f0c08e80bc",
        "x-ms-routing-request-id": "SOUTHINDIA:20230404T090028Z:660ad4e7-f222-445c-aa7b-ae0212927142"
      },
      "ResponseBody": {
        "id": "/providers/Microsoft.AzureStackHCI/locations/EASTUS/operationStatuses/f7083876-4933-42fc-bddf-d01fb94edcad*ED32FA4FA33CCF0CAA9F75FA626A0DF55A0BD4568440363C8BCED775C4F80EA9",
        "name": "f7083876-4933-42fc-bddf-d01fb94edcad*ED32FA4FA33CCF0CAA9F75FA626A0DF55A0BD4568440363C8BCED775C4F80EA9",
        "resourceId": "/subscriptions/ff0aa6da-20f8-44fe-9aee-381c8e8a4aeb/resourceGroups/hci-cluster-rg4118/providers/Microsoft.AzureStackHCI/clusters/hci-cluster1921",
        "status": "Deleting",
        "startTime": "2023-04-04T09:00:09.2349489Z"
      }
    },
    {
      "RequestUri": "https://management.azure.com/providers/Microsoft.AzureStackHCI/locations/EASTUS/operationStatuses/f7083876-4933-42fc-bddf-d01fb94edcad*ED32FA4FA33CCF0CAA9F75FA626A0DF55A0BD4568440363C8BCED775C4F80EA9?api-version=2023-02-01",
      "RequestMethod": "GET",
      "RequestHeaders": {
        "Authorization": "Sanitized",
        "traceparent": "00-57e03d08034b7d4ca41508345509658a-add4976d6c25c144-00",
        "User-Agent": "azsdk-net-ResourceManager/1.4.0 (.NET Framework 4.8.9139.0; Microsoft Windows 10.0.22621 )",
        "x-ms-client-request-id": "8341ee1cd5c90bd55d1f4d30c9fb2484",
        "x-ms-return-client-request-id": "true"
      },
      "RequestBody": null,
      "StatusCode": 200,
      "ResponseHeaders": {
        "Cache-Control": "no-cache",
        "Content-Length": "533",
        "Content-Type": "application/json; charset=utf-8",
        "Date": "Tue, 04 Apr 2023 09:00:44 GMT",
        "ETag": "\u0022ef01d492-0000-0300-0000-642be72f0000\u0022",
        "Expires": "-1",
        "Pragma": "no-cache",
        "Strict-Transport-Security": "max-age=31536000; includeSubDomains",
        "X-Content-Type-Options": "nosniff",
        "x-ms-client-request-id": "8341ee1cd5c90bd55d1f4d30c9fb2484",
        "x-ms-correlation-request-id": "d0682472-0396-4918-a136-cd837a84235d",
        "x-ms-ratelimit-remaining-tenant-reads": "11984",
        "x-ms-request-id": "065870c3-0664-4837-913c-167e89270062",
        "x-ms-routing-request-id": "SOUTHINDIA:20230404T090044Z:d0682472-0396-4918-a136-cd837a84235d"
      },
      "ResponseBody": {
        "id": "/providers/Microsoft.AzureStackHCI/locations/EASTUS/operationStatuses/f7083876-4933-42fc-bddf-d01fb94edcad*ED32FA4FA33CCF0CAA9F75FA626A0DF55A0BD4568440363C8BCED775C4F80EA9",
        "name": "f7083876-4933-42fc-bddf-d01fb94edcad*ED32FA4FA33CCF0CAA9F75FA626A0DF55A0BD4568440363C8BCED775C4F80EA9",
        "resourceId": "/subscriptions/ff0aa6da-20f8-44fe-9aee-381c8e8a4aeb/resourceGroups/hci-cluster-rg4118/providers/Microsoft.AzureStackHCI/clusters/hci-cluster1921",
        "status": "Succeeded",
        "startTime": "2023-04-04T09:00:09.2349489Z",
        "properties": null
      }
    }
  ],
  "Variables": {
    "AZURE_AUTHORITY_HOST": "https://login.microsoftonline.com",
    "CLIENT_ID": "2565ed7c-4b2b-4fd5-a9ac-49b4611844e9",
    "RandomSeed": "845689946",
    "RESOURCE_MANAGER_URL": null,
    "SUBSCRIPTION_ID": "ff0aa6da-20f8-44fe-9aee-381c8e8a4aeb",
    "TENANT_ID": "72f988bf-86f1-41af-91ab-2d7cd011db47"
  }
}
