{
  "Entries": [
    {
      "RequestUri": "/subscriptions/24fb23e3-6ba3-41f0-9b6e-e41131d5d61e/providers/Microsoft.Compute/locations/EastUS2/publishers/MicrosoftWindowsServer/artifacttypes/vmimage/offers/WindowsServer/skus/2012-R2-Datacenter/versions?$top=1&api-version=2020-06-01",
      "EncodedRequestUri": "L3N1YnNjcmlwdGlvbnMvMjRmYjIzZTMtNmJhMy00MWYwLTliNmUtZTQxMTMxZDVkNjFlL3Byb3ZpZGVycy9NaWNyb3NvZnQuQ29tcHV0ZS9sb2NhdGlvbnMvRWFzdFVTMi9wdWJsaXNoZXJzL01pY3Jvc29mdFdpbmRvd3NTZXJ2ZXIvYXJ0aWZhY3R0eXBlcy92bWltYWdlL29mZmVycy9XaW5kb3dzU2VydmVyL3NrdXMvMjAxMi1SMi1EYXRhY2VudGVyL3ZlcnNpb25zPyR0b3A9MSZhcGktdmVyc2lvbj0yMDIwLTA2LTAx",
      "RequestMethod": "GET",
      "RequestBody": "",
      "RequestHeaders": {
        "x-ms-client-request-id": [
          "a8bd53cc-25ff-4613-9ad4-00021a9ee6a9"
        ],
        "accept-language": [
          "en-US"
        ],
        "User-Agent": [
          "FxVersion/4.6.26614.01",
          "OSName/Windows",
          "OSVersion/Microsoft.Windows.10.0.19041.",
          "Microsoft.Azure.Management.Compute.ComputeManagementClient/37.0.0.0"
        ]
      },
      "ResponseHeaders": {
        "Cache-Control": [
          "no-cache"
        ],
        "Date": [
          "Sat, 13 Jun 2020 01:20:06 GMT"
        ],
        "Pragma": [
          "no-cache"
        ],
        "Server": [
          "Microsoft-HTTPAPI/2.0",
          "Microsoft-HTTPAPI/2.0"
        ],
        "Strict-Transport-Security": [
          "max-age=31536000; includeSubDomains"
        ],
        "x-ms-served-by": [
          "19a6b8e7-2f9b-4b25-aea4-718323f85895_132307901257351999"
        ],
        "x-ms-request-id": [
          "80cdd2c9-913b-4e9b-8c1d-f54e624d32a7"
        ],
        "x-ms-ratelimit-remaining-subscription-reads": [
          "11999"
        ],
        "x-ms-correlation-request-id": [
          "ff234430-2045-44e3-b63d-185f8da90810"
        ],
        "x-ms-routing-request-id": [
          "WESTUS:20200613T012006Z:ff234430-2045-44e3-b63d-185f8da90810"
        ],
        "X-Content-Type-Options": [
          "nosniff"
        ],
        "Content-Length": [
          "309"
        ],
        "Content-Type": [
          "application/json; charset=utf-8"
        ],
        "Expires": [
          "-1"
        ]
      },
      "ResponseBody": "[\r\n  {\r\n    \"location\": \"eastus2\",\r\n    \"name\": \"4.127.20180315\",\r\n    \"id\": \"/Subscriptions/24fb23e3-6ba3-41f0-9b6e-e41131d5d61e/Providers/Microsoft.Compute/Locations/eastus2/Publishers/MicrosoftWindowsServer/ArtifactTypes/VMImage/Offers/WindowsServer/Skus/2012-R2-Datacenter/Versions/4.127.20180315\"\r\n  }\r\n]",
      "StatusCode": 200
    },
    {
      "RequestUri": "/subscriptions/24fb23e3-6ba3-41f0-9b6e-e41131d5d61e/resourcegroups/crptestar16651?api-version=2017-05-10",
      "EncodedRequestUri": "L3N1YnNjcmlwdGlvbnMvMjRmYjIzZTMtNmJhMy00MWYwLTliNmUtZTQxMTMxZDVkNjFlL3Jlc291cmNlZ3JvdXBzL2NycHRlc3RhcjE2NjUxP2FwaS12ZXJzaW9uPTIwMTctMDUtMTA=",
      "RequestMethod": "PUT",
      "RequestBody": "{\r\n  \"location\": \"EastUS2\",\r\n  \"tags\": {\r\n    \"crptestar16651\": \"2020-06-13 01:20:06Z\"\r\n  }\r\n}",
      "RequestHeaders": {
        "x-ms-client-request-id": [
          "8e51e276-bdd7-4f21-84e2-b46d6016188e"
        ],
        "accept-language": [
          "en-US"
        ],
        "User-Agent": [
          "FxVersion/4.6.26614.01",
          "OSName/Windows",
          "OSVersion/Microsoft.Windows.10.0.19041.",
          "Microsoft.Azure.Management.ResourceManager.ResourceManagementClient/1.6.0.0"
        ],
        "Content-Type": [
          "application/json; charset=utf-8"
        ],
        "Content-Length": [
          "94"
        ]
      },
      "ResponseHeaders": {
        "Cache-Control": [
          "no-cache"
        ],
        "Date": [
          "Sat, 13 Jun 2020 01:20:07 GMT"
        ],
        "Pragma": [
          "no-cache"
        ],
        "x-ms-ratelimit-remaining-subscription-writes": [
          "1199"
        ],
        "x-ms-request-id": [
          "fe25f60b-3e01-45ec-a03d-dc5ab43debe4"
        ],
        "x-ms-correlation-request-id": [
          "fe25f60b-3e01-45ec-a03d-dc5ab43debe4"
        ],
        "x-ms-routing-request-id": [
          "WESTUS:20200613T012007Z:fe25f60b-3e01-45ec-a03d-dc5ab43debe4"
        ],
        "Strict-Transport-Security": [
          "max-age=31536000; includeSubDomains"
        ],
        "X-Content-Type-Options": [
          "nosniff"
        ],
        "Content-Length": [
          "231"
        ],
        "Content-Type": [
          "application/json; charset=utf-8"
        ],
        "Expires": [
          "-1"
        ]
      },
      "ResponseBody": "{\r\n  \"id\": \"/subscriptions/24fb23e3-6ba3-41f0-9b6e-e41131d5d61e/resourceGroups/crptestar16651\",\r\n  \"name\": \"crptestar16651\",\r\n  \"location\": \"eastus2\",\r\n  \"tags\": {\r\n    \"crptestar16651\": \"2020-06-13 01:20:06Z\"\r\n  },\r\n  \"properties\": {\r\n    \"provisioningState\": \"Succeeded\"\r\n  }\r\n}",
      "StatusCode": 201
    },
    {
      "RequestUri": "/subscriptions/24fb23e3-6ba3-41f0-9b6e-e41131d5d61e/resourcegroups/crptestar16651?api-version=2017-05-10",
      "EncodedRequestUri": "L3N1YnNjcmlwdGlvbnMvMjRmYjIzZTMtNmJhMy00MWYwLTliNmUtZTQxMTMxZDVkNjFlL3Jlc291cmNlZ3JvdXBzL2NycHRlc3RhcjE2NjUxP2FwaS12ZXJzaW9uPTIwMTctMDUtMTA=",
      "RequestMethod": "PUT",
      "RequestBody": "{\r\n  \"location\": \"EastUS2\"\r\n}",
      "RequestHeaders": {
        "x-ms-client-request-id": [
          "f478a7d8-a940-4d8a-9fea-c51f216f855b"
        ],
        "accept-language": [
          "en-US"
        ],
        "User-Agent": [
          "FxVersion/4.6.26614.01",
          "OSName/Windows",
          "OSVersion/Microsoft.Windows.10.0.19041.",
          "Microsoft.Azure.Management.ResourceManager.ResourceManagementClient/1.6.0.0"
        ],
        "Content-Type": [
          "application/json; charset=utf-8"
        ],
        "Content-Length": [
          "29"
        ]
      },
      "ResponseHeaders": {
        "Cache-Control": [
          "no-cache"
        ],
        "Date": [
          "Sat, 13 Jun 2020 01:20:37 GMT"
        ],
        "Pragma": [
          "no-cache"
        ],
        "x-ms-ratelimit-remaining-subscription-writes": [
          "1198"
        ],
        "x-ms-request-id": [
          "671cda34-7e98-402e-9a78-65a205bf590d"
        ],
        "x-ms-correlation-request-id": [
          "671cda34-7e98-402e-9a78-65a205bf590d"
        ],
        "x-ms-routing-request-id": [
          "WESTUS:20200613T012038Z:671cda34-7e98-402e-9a78-65a205bf590d"
        ],
        "Strict-Transport-Security": [
          "max-age=31536000; includeSubDomains"
        ],
        "X-Content-Type-Options": [
          "nosniff"
        ],
        "Content-Length": [
          "182"
        ],
        "Content-Type": [
          "application/json; charset=utf-8"
        ],
        "Expires": [
          "-1"
        ]
      },
      "ResponseBody": "{\r\n  \"id\": \"/subscriptions/24fb23e3-6ba3-41f0-9b6e-e41131d5d61e/resourceGroups/crptestar16651\",\r\n  \"name\": \"crptestar16651\",\r\n  \"location\": \"eastus2\",\r\n  \"properties\": {\r\n    \"provisioningState\": \"Succeeded\"\r\n  }\r\n}",
      "StatusCode": 200
    },
    {
      "RequestUri": "/subscriptions/24fb23e3-6ba3-41f0-9b6e-e41131d5d61e/resourceGroups/crptestar16651/providers/Microsoft.Storage/storageAccounts/crptestar6421?api-version=2015-06-15",
      "EncodedRequestUri": "L3N1YnNjcmlwdGlvbnMvMjRmYjIzZTMtNmJhMy00MWYwLTliNmUtZTQxMTMxZDVkNjFlL3Jlc291cmNlR3JvdXBzL2NycHRlc3RhcjE2NjUxL3Byb3ZpZGVycy9NaWNyb3NvZnQuU3RvcmFnZS9zdG9yYWdlQWNjb3VudHMvY3JwdGVzdGFyNjQyMT9hcGktdmVyc2lvbj0yMDE1LTA2LTE1",
      "RequestMethod": "PUT",
      "RequestBody": "{\r\n  \"location\": \"EastUS2\",\r\n  \"properties\": {\r\n    \"accountType\": \"Standard_GRS\"\r\n  }\r\n}",
      "RequestHeaders": {
        "x-ms-client-request-id": [
          "6901d940-e052-48e1-bcb5-34e206538e9b"
        ],
        "accept-language": [
          "en-US"
        ],
        "User-Agent": [
          "FxVersion/4.6.26614.01",
          "OSName/Windows",
          "OSVersion/Microsoft.Windows.10.0.19041.",
          "Microsoft.Azure.Management.Storage.StorageManagementClient/4.0.0.0"
        ],
        "Content-Type": [
          "application/json; charset=utf-8"
        ],
        "Content-Length": [
          "89"
        ]
      },
      "ResponseHeaders": {
        "Cache-Control": [
          "no-cache"
        ],
        "Date": [
          "Sat, 13 Jun 2020 01:20:09 GMT"
        ],
        "Pragma": [
          "no-cache"
        ],
        "Location": [
          "https://management.azure.com/subscriptions/24fb23e3-6ba3-41f0-9b6e-e41131d5d61e/providers/Microsoft.Storage/locations/eastus2/asyncoperations/6a7b0010-d1d9-409f-bcd1-22dd09f91b8e?monitor=true&api-version=2015-06-15"
        ],
        "Retry-After": [
          "17"
        ],
        "Server": [
          "Microsoft-Azure-Storage-Resource-Provider/1.0,Microsoft-HTTPAPI/2.0 Microsoft-HTTPAPI/2.0"
        ],
        "x-ms-request-id": [
          "6a7b0010-d1d9-409f-bcd1-22dd09f91b8e"
        ],
        "Strict-Transport-Security": [
          "max-age=31536000; includeSubDomains"
        ],
        "x-ms-ratelimit-remaining-subscription-writes": [
          "1199"
        ],
        "x-ms-correlation-request-id": [
          "9388f333-8cd6-4f71-8c7e-bd8cd52dff8a"
        ],
        "x-ms-routing-request-id": [
          "WESTUS:20200613T012010Z:9388f333-8cd6-4f71-8c7e-bd8cd52dff8a"
        ],
        "X-Content-Type-Options": [
          "nosniff"
        ],
        "Content-Length": [
          "0"
        ],
        "Content-Type": [
          "text/plain; charset=utf-8"
        ],
        "Expires": [
          "-1"
        ]
      },
      "ResponseBody": "",
      "StatusCode": 202
    },
    {
      "RequestUri": "/subscriptions/24fb23e3-6ba3-41f0-9b6e-e41131d5d61e/providers/Microsoft.Storage/locations/eastus2/asyncoperations/6a7b0010-d1d9-409f-bcd1-22dd09f91b8e?monitor=true&api-version=2015-06-15",
      "EncodedRequestUri": "L3N1YnNjcmlwdGlvbnMvMjRmYjIzZTMtNmJhMy00MWYwLTliNmUtZTQxMTMxZDVkNjFlL3Byb3ZpZGVycy9NaWNyb3NvZnQuU3RvcmFnZS9sb2NhdGlvbnMvZWFzdHVzMi9hc3luY29wZXJhdGlvbnMvNmE3YjAwMTAtZDFkOS00MDlmLWJjZDEtMjJkZDA5ZjkxYjhlP21vbml0b3I9dHJ1ZSZhcGktdmVyc2lvbj0yMDE1LTA2LTE1",
      "RequestMethod": "GET",
      "RequestBody": "",
      "RequestHeaders": {
        "User-Agent": [
          "FxVersion/4.6.26614.01",
          "OSName/Windows",
          "OSVersion/Microsoft.Windows.10.0.19041.",
          "Microsoft.Azure.Management.Storage.StorageManagementClient/4.0.0.0"
        ]
      },
      "ResponseHeaders": {
        "Cache-Control": [
          "no-cache"
        ],
        "Date": [
          "Sat, 13 Jun 2020 01:20:26 GMT"
        ],
        "Pragma": [
          "no-cache"
        ],
        "Server": [
          "Microsoft-Azure-Storage-Resource-Provider/1.0,Microsoft-HTTPAPI/2.0 Microsoft-HTTPAPI/2.0"
        ],
        "x-ms-request-id": [
          "a86a760c-1886-4711-8a41-7a3ae739bea7"
        ],
        "Strict-Transport-Security": [
          "max-age=31536000; includeSubDomains"
        ],
        "x-ms-ratelimit-remaining-subscription-reads": [
          "11999"
        ],
        "x-ms-correlation-request-id": [
          "4246c76c-b9e3-4ba4-bf06-25eb70041468"
        ],
        "x-ms-routing-request-id": [
          "WESTUS:20200613T012027Z:4246c76c-b9e3-4ba4-bf06-25eb70041468"
        ],
        "X-Content-Type-Options": [
          "nosniff"
        ],
        "Content-Length": [
          "89"
        ],
        "Content-Type": [
          "application/json"
        ],
        "Expires": [
          "-1"
        ]
      },
      "ResponseBody": "{\r\n  \"location\": \"EastUS2\",\r\n  \"properties\": {\r\n    \"accountType\": \"Standard_GRS\"\r\n  }\r\n}",
      "StatusCode": 200
    },
    {
      "RequestUri": "/subscriptions/24fb23e3-6ba3-41f0-9b6e-e41131d5d61e/resourceGroups/crptestar16651/providers/Microsoft.Storage/storageAccounts?api-version=2015-06-15",
      "EncodedRequestUri": "L3N1YnNjcmlwdGlvbnMvMjRmYjIzZTMtNmJhMy00MWYwLTliNmUtZTQxMTMxZDVkNjFlL3Jlc291cmNlR3JvdXBzL2NycHRlc3RhcjE2NjUxL3Byb3ZpZGVycy9NaWNyb3NvZnQuU3RvcmFnZS9zdG9yYWdlQWNjb3VudHM/YXBpLXZlcnNpb249MjAxNS0wNi0xNQ==",
      "RequestMethod": "GET",
      "RequestBody": "",
      "RequestHeaders": {
        "x-ms-client-request-id": [
          "8daa9019-1e83-45dd-ac53-9d8e3f7b777a"
        ],
        "accept-language": [
          "en-US"
        ],
        "User-Agent": [
          "FxVersion/4.6.26614.01",
          "OSName/Windows",
          "OSVersion/Microsoft.Windows.10.0.19041.",
          "Microsoft.Azure.Management.Storage.StorageManagementClient/4.0.0.0"
        ]
      },
      "ResponseHeaders": {
        "Cache-Control": [
          "no-cache"
        ],
        "Date": [
          "Sat, 13 Jun 2020 01:20:36 GMT"
        ],
        "Pragma": [
          "no-cache"
        ],
        "Server": [
          "Microsoft-Azure-Storage-Resource-Provider/1.0,Microsoft-HTTPAPI/2.0 Microsoft-HTTPAPI/2.0"
        ],
        "x-ms-request-id": [
          "0d931311-327d-4920-ad10-07a5fce5263d"
        ],
        "Strict-Transport-Security": [
          "max-age=31536000; includeSubDomains"
        ],
        "x-ms-ratelimit-remaining-subscription-reads": [
          "11998"
        ],
        "x-ms-correlation-request-id": [
          "677a0089-2631-49b4-a201-39f4bc9fd9e4"
        ],
        "x-ms-routing-request-id": [
          "WESTUS:20200613T012037Z:677a0089-2631-49b4-a201-39f4bc9fd9e4"
        ],
        "X-Content-Type-Options": [
          "nosniff"
        ],
        "Content-Length": [
          "742"
        ],
        "Content-Type": [
          "application/json"
        ],
        "Expires": [
          "-1"
        ]
      },
      "ResponseBody": "{\r\n  \"value\": [\r\n    {\r\n      \"id\": \"/subscriptions/24fb23e3-6ba3-41f0-9b6e-e41131d5d61e/resourceGroups/crptestar16651/providers/Microsoft.Storage/storageAccounts/crptestar6421\",\r\n      \"name\": \"crptestar6421\",\r\n      \"type\": \"Microsoft.Storage/storageAccounts\",\r\n      \"location\": \"eastus2\",\r\n      \"tags\": {},\r\n      \"properties\": {\r\n        \"accountType\": \"Standard_GRS\",\r\n        \"provisioningState\": \"Succeeded\",\r\n        \"creationTime\": \"2020-06-13T01:20:09.7295575Z\",\r\n        \"primaryEndpoints\": {\r\n          \"blob\": \"https://crptestar6421.blob.core.windows.net/\",\r\n          \"queue\": \"https://crptestar6421.queue.core.windows.net/\",\r\n          \"table\": \"https://crptestar6421.table.core.windows.net/\",\r\n          \"file\": \"https://crptestar6421.file.core.windows.net/\"\r\n        },\r\n        \"primaryLocation\": \"eastus2\",\r\n        \"statusOfPrimary\": \"available\",\r\n        \"secondaryLocation\": \"centralus\",\r\n        \"statusOfSecondary\": \"available\"\r\n      }\r\n    }\r\n  ]\r\n}",
      "StatusCode": 200
    },
    {
      "RequestUri": "/subscriptions/24fb23e3-6ba3-41f0-9b6e-e41131d5d61e/resourceGroups/crptestar16651/providers/Microsoft.Storage/storageAccounts/crptestar6421?api-version=2015-06-15",
      "EncodedRequestUri": "L3N1YnNjcmlwdGlvbnMvMjRmYjIzZTMtNmJhMy00MWYwLTliNmUtZTQxMTMxZDVkNjFlL3Jlc291cmNlR3JvdXBzL2NycHRlc3RhcjE2NjUxL3Byb3ZpZGVycy9NaWNyb3NvZnQuU3RvcmFnZS9zdG9yYWdlQWNjb3VudHMvY3JwdGVzdGFyNjQyMT9hcGktdmVyc2lvbj0yMDE1LTA2LTE1",
      "RequestMethod": "GET",
      "RequestBody": "",
      "RequestHeaders": {
        "x-ms-client-request-id": [
          "6f56183e-5b2b-485f-8f12-6a53b20d2521"
        ],
        "accept-language": [
          "en-US"
        ],
        "User-Agent": [
          "FxVersion/4.6.26614.01",
          "OSName/Windows",
          "OSVersion/Microsoft.Windows.10.0.19041.",
          "Microsoft.Azure.Management.Storage.StorageManagementClient/4.0.0.0"
        ]
      },
      "ResponseHeaders": {
        "Cache-Control": [
          "no-cache"
        ],
        "Date": [
          "Sat, 13 Jun 2020 01:20:36 GMT"
        ],
        "Pragma": [
          "no-cache"
        ],
        "Server": [
          "Microsoft-Azure-Storage-Resource-Provider/1.0,Microsoft-HTTPAPI/2.0 Microsoft-HTTPAPI/2.0"
        ],
        "x-ms-request-id": [
          "cfdd853c-9109-4618-9570-db59e14a8d0e"
        ],
        "Strict-Transport-Security": [
          "max-age=31536000; includeSubDomains"
        ],
        "x-ms-ratelimit-remaining-subscription-reads": [
          "11997"
        ],
        "x-ms-correlation-request-id": [
          "5cc103cc-f7b0-42ae-b8ae-42631e6e315c"
        ],
        "x-ms-routing-request-id": [
          "WESTUS:20200613T012037Z:5cc103cc-f7b0-42ae-b8ae-42631e6e315c"
        ],
        "X-Content-Type-Options": [
          "nosniff"
        ],
        "Content-Length": [
          "730"
        ],
        "Content-Type": [
          "application/json"
        ],
        "Expires": [
          "-1"
        ]
      },
      "ResponseBody": "{\r\n  \"id\": \"/subscriptions/24fb23e3-6ba3-41f0-9b6e-e41131d5d61e/resourceGroups/crptestar16651/providers/Microsoft.Storage/storageAccounts/crptestar6421\",\r\n  \"name\": \"crptestar6421\",\r\n  \"type\": \"Microsoft.Storage/storageAccounts\",\r\n  \"location\": \"eastus2\",\r\n  \"tags\": {},\r\n  \"properties\": {\r\n    \"accountType\": \"Standard_GRS\",\r\n    \"provisioningState\": \"Succeeded\",\r\n    \"creationTime\": \"2020-06-13T01:20:09.7295575Z\",\r\n    \"primaryEndpoints\": {\r\n      \"blob\": \"https://crptestar6421.blob.core.windows.net/\",\r\n      \"queue\": \"https://crptestar6421.queue.core.windows.net/\",\r\n      \"table\": \"https://crptestar6421.table.core.windows.net/\",\r\n      \"file\": \"https://crptestar6421.file.core.windows.net/\"\r\n    },\r\n    \"primaryLocation\": \"eastus2\",\r\n    \"statusOfPrimary\": \"available\",\r\n    \"secondaryLocation\": \"centralus\",\r\n    \"statusOfSecondary\": \"available\"\r\n  }\r\n}",
      "StatusCode": 200
    },
    {
      "RequestUri": "/subscriptions/24fb23e3-6ba3-41f0-9b6e-e41131d5d61e/resourceGroups/crptestar16651/providers/Microsoft.Network/publicIPAddresses/pip5418?api-version=2019-09-01",
      "EncodedRequestUri": "L3N1YnNjcmlwdGlvbnMvMjRmYjIzZTMtNmJhMy00MWYwLTliNmUtZTQxMTMxZDVkNjFlL3Jlc291cmNlR3JvdXBzL2NycHRlc3RhcjE2NjUxL3Byb3ZpZGVycy9NaWNyb3NvZnQuTmV0d29yay9wdWJsaWNJUEFkZHJlc3Nlcy9waXA1NDE4P2FwaS12ZXJzaW9uPTIwMTktMDktMDE=",
      "RequestMethod": "PUT",
      "RequestBody": "{\r\n  \"properties\": {\r\n    \"publicIPAllocationMethod\": \"Dynamic\",\r\n    \"dnsSettings\": {\r\n      \"domainNameLabel\": \"dn2973\"\r\n    }\r\n  },\r\n  \"location\": \"EastUS2\",\r\n  \"tags\": {\r\n    \"key\": \"value\"\r\n  }\r\n}",
      "RequestHeaders": {
        "x-ms-client-request-id": [
          "fc035e04-917e-4c6f-bc0f-891030c72aa0"
        ],
        "accept-language": [
          "en-US"
        ],
        "User-Agent": [
          "FxVersion/4.6.26614.01",
          "OSName/Windows",
          "OSVersion/Microsoft.Windows.10.0.19041.",
          "Microsoft.Azure.Management.Network.NetworkManagementClient/19.17.1.0"
        ],
        "Content-Type": [
          "application/json; charset=utf-8"
        ],
        "Content-Length": [
          "201"
        ]
      },
      "ResponseHeaders": {
        "Cache-Control": [
          "no-cache"
        ],
        "Date": [
          "Sat, 13 Jun 2020 01:20:41 GMT"
        ],
        "Pragma": [
          "no-cache"
        ],
        "Retry-After": [
          "1"
        ],
        "Server": [
          "Microsoft-HTTPAPI/2.0",
          "Microsoft-HTTPAPI/2.0"
        ],
        "x-ms-request-id": [
          "33889bbd-14f0-48ad-88ae-7357e5a19470"
        ],
        "Azure-AsyncOperation": [
          "https://management.azure.com/subscriptions/24fb23e3-6ba3-41f0-9b6e-e41131d5d61e/providers/Microsoft.Network/locations/eastus2/operations/33889bbd-14f0-48ad-88ae-7357e5a19470?api-version=2019-09-01"
        ],
        "x-ms-correlation-request-id": [
          "0d19dc5b-8423-43df-ab93-2efee016c218"
        ],
        "Azure-AsyncNotification": [
          "Enabled"
        ],
        "x-ms-arm-service-request-id": [
          "a334749c-a27d-49bf-9ba4-86c0ccb8fa7a"
        ],
        "Strict-Transport-Security": [
          "max-age=31536000; includeSubDomains"
        ],
        "x-ms-ratelimit-remaining-subscription-writes": [
          "1199"
        ],
        "x-ms-routing-request-id": [
          "WESTUS:20200613T012041Z:0d19dc5b-8423-43df-ab93-2efee016c218"
        ],
        "X-Content-Type-Options": [
          "nosniff"
        ],
        "Content-Length": [
          "758"
        ],
        "Content-Type": [
          "application/json; charset=utf-8"
        ],
        "Expires": [
          "-1"
        ]
      },
      "ResponseBody": "{\r\n  \"name\": \"pip5418\",\r\n  \"id\": \"/subscriptions/24fb23e3-6ba3-41f0-9b6e-e41131d5d61e/resourceGroups/crptestar16651/providers/Microsoft.Network/publicIPAddresses/pip5418\",\r\n  \"etag\": \"W/\\\"3b30beeb-e784-4a3e-b1b8-bcdb2a79b072\\\"\",\r\n  \"location\": \"eastus2\",\r\n  \"tags\": {\r\n    \"key\": \"value\"\r\n  },\r\n  \"properties\": {\r\n    \"provisioningState\": \"Updating\",\r\n    \"resourceGuid\": \"26ce74c7-ce2f-4e5d-88d7-66ec598c8b30\",\r\n    \"publicIPAddressVersion\": \"IPv4\",\r\n    \"publicIPAllocationMethod\": \"Dynamic\",\r\n    \"idleTimeoutInMinutes\": 4,\r\n    \"dnsSettings\": {\r\n      \"domainNameLabel\": \"dn2973\",\r\n      \"fqdn\": \"dn2973.eastus2.cloudapp.azure.com\"\r\n    },\r\n    \"ipTags\": []\r\n  },\r\n  \"type\": \"Microsoft.Network/publicIPAddresses\",\r\n  \"sku\": {\r\n    \"name\": \"Basic\"\r\n  }\r\n}",
      "StatusCode": 201
    },
    {
      "RequestUri": "/subscriptions/24fb23e3-6ba3-41f0-9b6e-e41131d5d61e/providers/Microsoft.Network/locations/eastus2/operations/33889bbd-14f0-48ad-88ae-7357e5a19470?api-version=2019-09-01",
      "EncodedRequestUri": "L3N1YnNjcmlwdGlvbnMvMjRmYjIzZTMtNmJhMy00MWYwLTliNmUtZTQxMTMxZDVkNjFlL3Byb3ZpZGVycy9NaWNyb3NvZnQuTmV0d29yay9sb2NhdGlvbnMvZWFzdHVzMi9vcGVyYXRpb25zLzMzODg5YmJkLTE0ZjAtNDhhZC04OGFlLTczNTdlNWExOTQ3MD9hcGktdmVyc2lvbj0yMDE5LTA5LTAx",
      "RequestMethod": "GET",
      "RequestBody": "",
      "RequestHeaders": {
        "User-Agent": [
          "FxVersion/4.6.26614.01",
          "OSName/Windows",
          "OSVersion/Microsoft.Windows.10.0.19041.",
          "Microsoft.Azure.Management.Network.NetworkManagementClient/19.17.1.0"
        ]
      },
      "ResponseHeaders": {
        "Cache-Control": [
          "no-cache"
        ],
        "Date": [
          "Sat, 13 Jun 2020 01:20:42 GMT"
        ],
        "Pragma": [
          "no-cache"
        ],
        "Server": [
          "Microsoft-HTTPAPI/2.0",
          "Microsoft-HTTPAPI/2.0"
        ],
        "x-ms-request-id": [
          "edd12645-56a5-4ca0-b1d0-1fd4b115190c"
        ],
        "x-ms-correlation-request-id": [
          "6466dd7c-188a-4986-8782-feb61adcc827"
        ],
        "x-ms-arm-service-request-id": [
          "81ca4cd9-d6dd-4231-a38e-2fab2a01b44f"
        ],
        "Strict-Transport-Security": [
          "max-age=31536000; includeSubDomains"
        ],
        "x-ms-ratelimit-remaining-subscription-reads": [
          "11999"
        ],
        "x-ms-routing-request-id": [
          "WESTUS:20200613T012043Z:6466dd7c-188a-4986-8782-feb61adcc827"
        ],
        "X-Content-Type-Options": [
          "nosniff"
        ],
        "Content-Length": [
          "29"
        ],
        "Content-Type": [
          "application/json; charset=utf-8"
        ],
        "Expires": [
          "-1"
        ]
      },
      "ResponseBody": "{\r\n  \"status\": \"Succeeded\"\r\n}",
      "StatusCode": 200
    },
    {
      "RequestUri": "/subscriptions/24fb23e3-6ba3-41f0-9b6e-e41131d5d61e/resourceGroups/crptestar16651/providers/Microsoft.Network/publicIPAddresses/pip5418?api-version=2019-09-01",
      "EncodedRequestUri": "L3N1YnNjcmlwdGlvbnMvMjRmYjIzZTMtNmJhMy00MWYwLTliNmUtZTQxMTMxZDVkNjFlL3Jlc291cmNlR3JvdXBzL2NycHRlc3RhcjE2NjUxL3Byb3ZpZGVycy9NaWNyb3NvZnQuTmV0d29yay9wdWJsaWNJUEFkZHJlc3Nlcy9waXA1NDE4P2FwaS12ZXJzaW9uPTIwMTktMDktMDE=",
      "RequestMethod": "GET",
      "RequestBody": "",
      "RequestHeaders": {
        "User-Agent": [
          "FxVersion/4.6.26614.01",
          "OSName/Windows",
          "OSVersion/Microsoft.Windows.10.0.19041.",
          "Microsoft.Azure.Management.Network.NetworkManagementClient/19.17.1.0"
        ]
      },
      "ResponseHeaders": {
        "Cache-Control": [
          "no-cache"
        ],
        "Date": [
          "Sat, 13 Jun 2020 01:20:43 GMT"
        ],
        "Pragma": [
          "no-cache"
        ],
        "ETag": [
          "W/\"d50fc1a4-9fad-45a5-b7dd-32c0f43371fe\""
        ],
        "Server": [
          "Microsoft-HTTPAPI/2.0",
          "Microsoft-HTTPAPI/2.0"
        ],
        "x-ms-request-id": [
          "9ea83a63-6d0b-482d-b464-04897d32f0b4"
        ],
        "x-ms-correlation-request-id": [
          "afbf8911-dec6-423b-b4c3-69bb521f409b"
        ],
        "x-ms-arm-service-request-id": [
          "061edc36-6255-4050-9b89-85074a5e4496"
        ],
        "Strict-Transport-Security": [
          "max-age=31536000; includeSubDomains"
        ],
        "x-ms-ratelimit-remaining-subscription-reads": [
          "11998"
        ],
        "x-ms-routing-request-id": [
          "WESTUS:20200613T012043Z:afbf8911-dec6-423b-b4c3-69bb521f409b"
        ],
        "X-Content-Type-Options": [
          "nosniff"
        ],
        "Content-Length": [
          "759"
        ],
        "Content-Type": [
          "application/json; charset=utf-8"
        ],
        "Expires": [
          "-1"
        ]
      },
      "ResponseBody": "{\r\n  \"name\": \"pip5418\",\r\n  \"id\": \"/subscriptions/24fb23e3-6ba3-41f0-9b6e-e41131d5d61e/resourceGroups/crptestar16651/providers/Microsoft.Network/publicIPAddresses/pip5418\",\r\n  \"etag\": \"W/\\\"d50fc1a4-9fad-45a5-b7dd-32c0f43371fe\\\"\",\r\n  \"location\": \"eastus2\",\r\n  \"tags\": {\r\n    \"key\": \"value\"\r\n  },\r\n  \"properties\": {\r\n    \"provisioningState\": \"Succeeded\",\r\n    \"resourceGuid\": \"26ce74c7-ce2f-4e5d-88d7-66ec598c8b30\",\r\n    \"publicIPAddressVersion\": \"IPv4\",\r\n    \"publicIPAllocationMethod\": \"Dynamic\",\r\n    \"idleTimeoutInMinutes\": 4,\r\n    \"dnsSettings\": {\r\n      \"domainNameLabel\": \"dn2973\",\r\n      \"fqdn\": \"dn2973.eastus2.cloudapp.azure.com\"\r\n    },\r\n    \"ipTags\": []\r\n  },\r\n  \"type\": \"Microsoft.Network/publicIPAddresses\",\r\n  \"sku\": {\r\n    \"name\": \"Basic\"\r\n  }\r\n}",
      "StatusCode": 200
    },
    {
      "RequestUri": "/subscriptions/24fb23e3-6ba3-41f0-9b6e-e41131d5d61e/resourceGroups/crptestar16651/providers/Microsoft.Network/publicIPAddresses/pip5418?api-version=2019-09-01",
      "EncodedRequestUri": "L3N1YnNjcmlwdGlvbnMvMjRmYjIzZTMtNmJhMy00MWYwLTliNmUtZTQxMTMxZDVkNjFlL3Jlc291cmNlR3JvdXBzL2NycHRlc3RhcjE2NjUxL3Byb3ZpZGVycy9NaWNyb3NvZnQuTmV0d29yay9wdWJsaWNJUEFkZHJlc3Nlcy9waXA1NDE4P2FwaS12ZXJzaW9uPTIwMTktMDktMDE=",
      "RequestMethod": "GET",
      "RequestBody": "",
      "RequestHeaders": {
        "x-ms-client-request-id": [
          "cbec316f-cace-4d3a-813d-bf4c5611c997"
        ],
        "accept-language": [
          "en-US"
        ],
        "User-Agent": [
          "FxVersion/4.6.26614.01",
          "OSName/Windows",
          "OSVersion/Microsoft.Windows.10.0.19041.",
          "Microsoft.Azure.Management.Network.NetworkManagementClient/19.17.1.0"
        ]
      },
      "ResponseHeaders": {
        "Cache-Control": [
          "no-cache"
        ],
        "Date": [
          "Sat, 13 Jun 2020 01:20:43 GMT"
        ],
        "Pragma": [
          "no-cache"
        ],
        "ETag": [
          "W/\"d50fc1a4-9fad-45a5-b7dd-32c0f43371fe\""
        ],
        "Server": [
          "Microsoft-HTTPAPI/2.0",
          "Microsoft-HTTPAPI/2.0"
        ],
        "x-ms-request-id": [
          "5154ac67-00b6-40bc-9460-3a4f01f5892d"
        ],
        "x-ms-correlation-request-id": [
          "d7c48615-b062-4880-adf5-6f30ea9cebc0"
        ],
        "x-ms-arm-service-request-id": [
          "d50b9bdb-2a38-4057-b059-0dd0a2721fe5"
        ],
        "Strict-Transport-Security": [
          "max-age=31536000; includeSubDomains"
        ],
        "x-ms-ratelimit-remaining-subscription-reads": [
          "11997"
        ],
        "x-ms-routing-request-id": [
          "WESTUS:20200613T012043Z:d7c48615-b062-4880-adf5-6f30ea9cebc0"
        ],
        "X-Content-Type-Options": [
          "nosniff"
        ],
        "Content-Length": [
          "759"
        ],
        "Content-Type": [
          "application/json; charset=utf-8"
        ],
        "Expires": [
          "-1"
        ]
      },
      "ResponseBody": "{\r\n  \"name\": \"pip5418\",\r\n  \"id\": \"/subscriptions/24fb23e3-6ba3-41f0-9b6e-e41131d5d61e/resourceGroups/crptestar16651/providers/Microsoft.Network/publicIPAddresses/pip5418\",\r\n  \"etag\": \"W/\\\"d50fc1a4-9fad-45a5-b7dd-32c0f43371fe\\\"\",\r\n  \"location\": \"eastus2\",\r\n  \"tags\": {\r\n    \"key\": \"value\"\r\n  },\r\n  \"properties\": {\r\n    \"provisioningState\": \"Succeeded\",\r\n    \"resourceGuid\": \"26ce74c7-ce2f-4e5d-88d7-66ec598c8b30\",\r\n    \"publicIPAddressVersion\": \"IPv4\",\r\n    \"publicIPAllocationMethod\": \"Dynamic\",\r\n    \"idleTimeoutInMinutes\": 4,\r\n    \"dnsSettings\": {\r\n      \"domainNameLabel\": \"dn2973\",\r\n      \"fqdn\": \"dn2973.eastus2.cloudapp.azure.com\"\r\n    },\r\n    \"ipTags\": []\r\n  },\r\n  \"type\": \"Microsoft.Network/publicIPAddresses\",\r\n  \"sku\": {\r\n    \"name\": \"Basic\"\r\n  }\r\n}",
      "StatusCode": 200
    },
    {
      "RequestUri": "/subscriptions/24fb23e3-6ba3-41f0-9b6e-e41131d5d61e/resourceGroups/crptestar16651/providers/Microsoft.Network/virtualNetworks/vn1272?api-version=2019-09-01",
      "EncodedRequestUri": "L3N1YnNjcmlwdGlvbnMvMjRmYjIzZTMtNmJhMy00MWYwLTliNmUtZTQxMTMxZDVkNjFlL3Jlc291cmNlR3JvdXBzL2NycHRlc3RhcjE2NjUxL3Byb3ZpZGVycy9NaWNyb3NvZnQuTmV0d29yay92aXJ0dWFsTmV0d29ya3Mvdm4xMjcyP2FwaS12ZXJzaW9uPTIwMTktMDktMDE=",
      "RequestMethod": "PUT",
      "RequestBody": "{\r\n  \"properties\": {\r\n    \"addressSpace\": {\r\n      \"addressPrefixes\": [\r\n        \"10.0.0.0/16\"\r\n      ]\r\n    },\r\n    \"dhcpOptions\": {\r\n      \"dnsServers\": [\r\n        \"10.1.1.1\",\r\n        \"10.1.2.4\"\r\n      ]\r\n    },\r\n    \"subnets\": [\r\n      {\r\n        \"properties\": {\r\n          \"addressPrefix\": \"10.0.0.0/24\"\r\n        },\r\n        \"name\": \"sn8579\"\r\n      }\r\n    ]\r\n  },\r\n  \"location\": \"EastUS2\"\r\n}",
      "RequestHeaders": {
        "x-ms-client-request-id": [
          "2fcfb06a-7188-437b-9a6b-6de9a2845e94"
        ],
        "accept-language": [
          "en-US"
        ],
        "User-Agent": [
          "FxVersion/4.6.26614.01",
          "OSName/Windows",
          "OSVersion/Microsoft.Windows.10.0.19041.",
          "Microsoft.Azure.Management.Network.NetworkManagementClient/19.17.1.0"
        ],
        "Content-Type": [
          "application/json; charset=utf-8"
        ],
        "Content-Length": [
          "396"
        ]
      },
      "ResponseHeaders": {
        "Cache-Control": [
          "no-cache"
        ],
        "Date": [
          "Sat, 13 Jun 2020 01:20:45 GMT"
        ],
        "Pragma": [
          "no-cache"
        ],
        "Retry-After": [
          "3"
        ],
        "Server": [
          "Microsoft-HTTPAPI/2.0",
          "Microsoft-HTTPAPI/2.0"
        ],
        "x-ms-request-id": [
          "c1e68142-fd07-404c-8323-0bedbd728c41"
        ],
        "Azure-AsyncOperation": [
          "https://management.azure.com/subscriptions/24fb23e3-6ba3-41f0-9b6e-e41131d5d61e/providers/Microsoft.Network/locations/eastus2/operations/c1e68142-fd07-404c-8323-0bedbd728c41?api-version=2019-09-01"
        ],
        "x-ms-correlation-request-id": [
          "68e5c9ff-867a-483a-956e-9bb27f6cd373"
        ],
        "Azure-AsyncNotification": [
          "Enabled"
        ],
        "x-ms-arm-service-request-id": [
          "1dc166a9-7abc-4a56-a5c9-0464769ee520"
        ],
        "Strict-Transport-Security": [
          "max-age=31536000; includeSubDomains"
        ],
        "x-ms-ratelimit-remaining-subscription-writes": [
          "1198"
        ],
        "x-ms-routing-request-id": [
          "WESTUS:20200613T012045Z:68e5c9ff-867a-483a-956e-9bb27f6cd373"
        ],
        "X-Content-Type-Options": [
          "nosniff"
        ],
        "Content-Length": [
          "1351"
        ],
        "Content-Type": [
          "application/json; charset=utf-8"
        ],
        "Expires": [
          "-1"
        ]
      },
      "ResponseBody": "{\r\n  \"name\": \"vn1272\",\r\n  \"id\": \"/subscriptions/24fb23e3-6ba3-41f0-9b6e-e41131d5d61e/resourceGroups/crptestar16651/providers/Microsoft.Network/virtualNetworks/vn1272\",\r\n  \"etag\": \"W/\\\"b981ccc4-d640-42c5-8774-5fa3c3ee3ca7\\\"\",\r\n  \"type\": \"Microsoft.Network/virtualNetworks\",\r\n  \"location\": \"eastus2\",\r\n  \"properties\": {\r\n    \"provisioningState\": \"Updating\",\r\n    \"resourceGuid\": \"16e1b418-74c4-4278-aaea-e4c1bd9014f5\",\r\n    \"addressSpace\": {\r\n      \"addressPrefixes\": [\r\n        \"10.0.0.0/16\"\r\n      ]\r\n    },\r\n    \"dhcpOptions\": {\r\n      \"dnsServers\": [\r\n        \"10.1.1.1\",\r\n        \"10.1.2.4\"\r\n      ]\r\n    },\r\n    \"subnets\": [\r\n      {\r\n        \"name\": \"sn8579\",\r\n        \"id\": \"/subscriptions/24fb23e3-6ba3-41f0-9b6e-e41131d5d61e/resourceGroups/crptestar16651/providers/Microsoft.Network/virtualNetworks/vn1272/subnets/sn8579\",\r\n        \"etag\": \"W/\\\"b981ccc4-d640-42c5-8774-5fa3c3ee3ca7\\\"\",\r\n        \"properties\": {\r\n          \"provisioningState\": \"Updating\",\r\n          \"addressPrefix\": \"10.0.0.0/24\",\r\n          \"delegations\": [],\r\n          \"privateEndpointNetworkPolicies\": \"Enabled\",\r\n          \"privateLinkServiceNetworkPolicies\": \"Enabled\"\r\n        },\r\n        \"type\": \"Microsoft.Network/virtualNetworks/subnets\"\r\n      }\r\n    ],\r\n    \"virtualNetworkPeerings\": [],\r\n    \"enableDdosProtection\": false,\r\n    \"enableVmProtection\": false\r\n  }\r\n}",
      "StatusCode": 201
    },
    {
      "RequestUri": "/subscriptions/24fb23e3-6ba3-41f0-9b6e-e41131d5d61e/providers/Microsoft.Network/locations/eastus2/operations/c1e68142-fd07-404c-8323-0bedbd728c41?api-version=2019-09-01",
      "EncodedRequestUri": "L3N1YnNjcmlwdGlvbnMvMjRmYjIzZTMtNmJhMy00MWYwLTliNmUtZTQxMTMxZDVkNjFlL3Byb3ZpZGVycy9NaWNyb3NvZnQuTmV0d29yay9sb2NhdGlvbnMvZWFzdHVzMi9vcGVyYXRpb25zL2MxZTY4MTQyLWZkMDctNDA0Yy04MzIzLTBiZWRiZDcyOGM0MT9hcGktdmVyc2lvbj0yMDE5LTA5LTAx",
      "RequestMethod": "GET",
      "RequestBody": "",
      "RequestHeaders": {
        "User-Agent": [
          "FxVersion/4.6.26614.01",
          "OSName/Windows",
          "OSVersion/Microsoft.Windows.10.0.19041.",
          "Microsoft.Azure.Management.Network.NetworkManagementClient/19.17.1.0"
        ]
      },
      "ResponseHeaders": {
        "Cache-Control": [
          "no-cache"
        ],
        "Date": [
          "Sat, 13 Jun 2020 01:20:48 GMT"
        ],
        "Pragma": [
          "no-cache"
        ],
        "Retry-After": [
          "10"
        ],
        "Server": [
          "Microsoft-HTTPAPI/2.0",
          "Microsoft-HTTPAPI/2.0"
        ],
        "x-ms-request-id": [
          "b4c7eae0-97e8-4e00-8fb2-5b3b2bc5e1c9"
        ],
        "x-ms-correlation-request-id": [
          "0804d3f0-6c3f-42a4-a868-439363a0d5ee"
        ],
        "x-ms-arm-service-request-id": [
          "1dee9459-de78-4e12-8304-a555d9252718"
        ],
        "Strict-Transport-Security": [
          "max-age=31536000; includeSubDomains"
        ],
        "x-ms-ratelimit-remaining-subscription-reads": [
          "11996"
        ],
        "x-ms-routing-request-id": [
          "WESTUS:20200613T012048Z:0804d3f0-6c3f-42a4-a868-439363a0d5ee"
        ],
        "X-Content-Type-Options": [
          "nosniff"
        ],
        "Content-Length": [
          "30"
        ],
        "Content-Type": [
          "application/json; charset=utf-8"
        ],
        "Expires": [
          "-1"
        ]
      },
      "ResponseBody": "{\r\n  \"status\": \"InProgress\"\r\n}",
      "StatusCode": 200
    },
    {
      "RequestUri": "/subscriptions/24fb23e3-6ba3-41f0-9b6e-e41131d5d61e/providers/Microsoft.Network/locations/eastus2/operations/c1e68142-fd07-404c-8323-0bedbd728c41?api-version=2019-09-01",
      "EncodedRequestUri": "L3N1YnNjcmlwdGlvbnMvMjRmYjIzZTMtNmJhMy00MWYwLTliNmUtZTQxMTMxZDVkNjFlL3Byb3ZpZGVycy9NaWNyb3NvZnQuTmV0d29yay9sb2NhdGlvbnMvZWFzdHVzMi9vcGVyYXRpb25zL2MxZTY4MTQyLWZkMDctNDA0Yy04MzIzLTBiZWRiZDcyOGM0MT9hcGktdmVyc2lvbj0yMDE5LTA5LTAx",
      "RequestMethod": "GET",
      "RequestBody": "",
      "RequestHeaders": {
        "User-Agent": [
          "FxVersion/4.6.26614.01",
          "OSName/Windows",
          "OSVersion/Microsoft.Windows.10.0.19041.",
          "Microsoft.Azure.Management.Network.NetworkManagementClient/19.17.1.0"
        ]
      },
      "ResponseHeaders": {
        "Cache-Control": [
          "no-cache"
        ],
        "Date": [
          "Sat, 13 Jun 2020 01:20:58 GMT"
        ],
        "Pragma": [
          "no-cache"
        ],
        "Retry-After": [
          "10"
        ],
        "Server": [
          "Microsoft-HTTPAPI/2.0",
          "Microsoft-HTTPAPI/2.0"
        ],
        "x-ms-request-id": [
          "6e44920d-bf02-47e6-9247-6595bdc5e46d"
        ],
        "x-ms-correlation-request-id": [
          "b5bfbc8e-ea3e-49c1-8a64-55cff31e9126"
        ],
        "x-ms-arm-service-request-id": [
          "efef8987-e8fa-474d-b012-d2ef1b820316"
        ],
        "Strict-Transport-Security": [
          "max-age=31536000; includeSubDomains"
        ],
        "x-ms-ratelimit-remaining-subscription-reads": [
          "11995"
        ],
        "x-ms-routing-request-id": [
          "WESTUS:20200613T012058Z:b5bfbc8e-ea3e-49c1-8a64-55cff31e9126"
        ],
        "X-Content-Type-Options": [
          "nosniff"
        ],
        "Content-Length": [
          "30"
        ],
        "Content-Type": [
          "application/json; charset=utf-8"
        ],
        "Expires": [
          "-1"
        ]
      },
      "ResponseBody": "{\r\n  \"status\": \"InProgress\"\r\n}",
      "StatusCode": 200
    },
    {
      "RequestUri": "/subscriptions/24fb23e3-6ba3-41f0-9b6e-e41131d5d61e/providers/Microsoft.Network/locations/eastus2/operations/c1e68142-fd07-404c-8323-0bedbd728c41?api-version=2019-09-01",
      "EncodedRequestUri": "L3N1YnNjcmlwdGlvbnMvMjRmYjIzZTMtNmJhMy00MWYwLTliNmUtZTQxMTMxZDVkNjFlL3Byb3ZpZGVycy9NaWNyb3NvZnQuTmV0d29yay9sb2NhdGlvbnMvZWFzdHVzMi9vcGVyYXRpb25zL2MxZTY4MTQyLWZkMDctNDA0Yy04MzIzLTBiZWRiZDcyOGM0MT9hcGktdmVyc2lvbj0yMDE5LTA5LTAx",
      "RequestMethod": "GET",
      "RequestBody": "",
      "RequestHeaders": {
        "User-Agent": [
          "FxVersion/4.6.26614.01",
          "OSName/Windows",
          "OSVersion/Microsoft.Windows.10.0.19041.",
          "Microsoft.Azure.Management.Network.NetworkManagementClient/19.17.1.0"
        ]
      },
      "ResponseHeaders": {
        "Cache-Control": [
          "no-cache"
        ],
        "Date": [
          "Sat, 13 Jun 2020 01:21:08 GMT"
        ],
        "Pragma": [
          "no-cache"
        ],
        "Server": [
          "Microsoft-HTTPAPI/2.0",
          "Microsoft-HTTPAPI/2.0"
        ],
        "x-ms-request-id": [
          "b33afecd-36f6-4d5d-a3c5-63c264d344a9"
        ],
        "x-ms-correlation-request-id": [
          "c3c9c7ef-cdb5-41af-998f-8ed79858e1f4"
        ],
        "x-ms-arm-service-request-id": [
          "693217f3-8f3c-43c3-af90-b807b83e5ff8"
        ],
        "Strict-Transport-Security": [
          "max-age=31536000; includeSubDomains"
        ],
        "x-ms-ratelimit-remaining-subscription-reads": [
          "11994"
        ],
        "x-ms-routing-request-id": [
          "WESTUS:20200613T012108Z:c3c9c7ef-cdb5-41af-998f-8ed79858e1f4"
        ],
        "X-Content-Type-Options": [
          "nosniff"
        ],
        "Content-Length": [
          "29"
        ],
        "Content-Type": [
          "application/json; charset=utf-8"
        ],
        "Expires": [
          "-1"
        ]
      },
      "ResponseBody": "{\r\n  \"status\": \"Succeeded\"\r\n}",
      "StatusCode": 200
    },
    {
      "RequestUri": "/subscriptions/24fb23e3-6ba3-41f0-9b6e-e41131d5d61e/resourceGroups/crptestar16651/providers/Microsoft.Network/virtualNetworks/vn1272?api-version=2019-09-01",
      "EncodedRequestUri": "L3N1YnNjcmlwdGlvbnMvMjRmYjIzZTMtNmJhMy00MWYwLTliNmUtZTQxMTMxZDVkNjFlL3Jlc291cmNlR3JvdXBzL2NycHRlc3RhcjE2NjUxL3Byb3ZpZGVycy9NaWNyb3NvZnQuTmV0d29yay92aXJ0dWFsTmV0d29ya3Mvdm4xMjcyP2FwaS12ZXJzaW9uPTIwMTktMDktMDE=",
      "RequestMethod": "GET",
      "RequestBody": "",
      "RequestHeaders": {
        "User-Agent": [
          "FxVersion/4.6.26614.01",
          "OSName/Windows",
          "OSVersion/Microsoft.Windows.10.0.19041.",
          "Microsoft.Azure.Management.Network.NetworkManagementClient/19.17.1.0"
        ]
      },
      "ResponseHeaders": {
        "Cache-Control": [
          "no-cache"
        ],
        "Date": [
          "Sat, 13 Jun 2020 01:21:08 GMT"
        ],
        "Pragma": [
          "no-cache"
        ],
        "ETag": [
          "W/\"012d6696-e365-4efa-a87b-d2b61044db46\""
        ],
        "Server": [
          "Microsoft-HTTPAPI/2.0",
          "Microsoft-HTTPAPI/2.0"
        ],
        "x-ms-request-id": [
          "16b91e59-3218-4f7a-81ac-816c528f2586"
        ],
        "x-ms-correlation-request-id": [
          "b296893e-1e7b-4311-bd88-18224f35d003"
        ],
        "x-ms-arm-service-request-id": [
          "792847b7-2477-414b-a2df-2abd3dfe7278"
        ],
        "Strict-Transport-Security": [
          "max-age=31536000; includeSubDomains"
        ],
        "x-ms-ratelimit-remaining-subscription-reads": [
          "11993"
        ],
        "x-ms-routing-request-id": [
          "WESTUS:20200613T012108Z:b296893e-1e7b-4311-bd88-18224f35d003"
        ],
        "X-Content-Type-Options": [
          "nosniff"
        ],
        "Content-Length": [
          "1353"
        ],
        "Content-Type": [
          "application/json; charset=utf-8"
        ],
        "Expires": [
          "-1"
        ]
      },
      "ResponseBody": "{\r\n  \"name\": \"vn1272\",\r\n  \"id\": \"/subscriptions/24fb23e3-6ba3-41f0-9b6e-e41131d5d61e/resourceGroups/crptestar16651/providers/Microsoft.Network/virtualNetworks/vn1272\",\r\n  \"etag\": \"W/\\\"012d6696-e365-4efa-a87b-d2b61044db46\\\"\",\r\n  \"type\": \"Microsoft.Network/virtualNetworks\",\r\n  \"location\": \"eastus2\",\r\n  \"properties\": {\r\n    \"provisioningState\": \"Succeeded\",\r\n    \"resourceGuid\": \"16e1b418-74c4-4278-aaea-e4c1bd9014f5\",\r\n    \"addressSpace\": {\r\n      \"addressPrefixes\": [\r\n        \"10.0.0.0/16\"\r\n      ]\r\n    },\r\n    \"dhcpOptions\": {\r\n      \"dnsServers\": [\r\n        \"10.1.1.1\",\r\n        \"10.1.2.4\"\r\n      ]\r\n    },\r\n    \"subnets\": [\r\n      {\r\n        \"name\": \"sn8579\",\r\n        \"id\": \"/subscriptions/24fb23e3-6ba3-41f0-9b6e-e41131d5d61e/resourceGroups/crptestar16651/providers/Microsoft.Network/virtualNetworks/vn1272/subnets/sn8579\",\r\n        \"etag\": \"W/\\\"012d6696-e365-4efa-a87b-d2b61044db46\\\"\",\r\n        \"properties\": {\r\n          \"provisioningState\": \"Succeeded\",\r\n          \"addressPrefix\": \"10.0.0.0/24\",\r\n          \"delegations\": [],\r\n          \"privateEndpointNetworkPolicies\": \"Enabled\",\r\n          \"privateLinkServiceNetworkPolicies\": \"Enabled\"\r\n        },\r\n        \"type\": \"Microsoft.Network/virtualNetworks/subnets\"\r\n      }\r\n    ],\r\n    \"virtualNetworkPeerings\": [],\r\n    \"enableDdosProtection\": false,\r\n    \"enableVmProtection\": false\r\n  }\r\n}",
      "StatusCode": 200
    },
    {
      "RequestUri": "/subscriptions/24fb23e3-6ba3-41f0-9b6e-e41131d5d61e/resourceGroups/crptestar16651/providers/Microsoft.Network/virtualNetworks/vn1272/subnets/sn8579?api-version=2019-09-01",
      "EncodedRequestUri": "L3N1YnNjcmlwdGlvbnMvMjRmYjIzZTMtNmJhMy00MWYwLTliNmUtZTQxMTMxZDVkNjFlL3Jlc291cmNlR3JvdXBzL2NycHRlc3RhcjE2NjUxL3Byb3ZpZGVycy9NaWNyb3NvZnQuTmV0d29yay92aXJ0dWFsTmV0d29ya3Mvdm4xMjcyL3N1Ym5ldHMvc244NTc5P2FwaS12ZXJzaW9uPTIwMTktMDktMDE=",
      "RequestMethod": "GET",
      "RequestBody": "",
      "RequestHeaders": {
        "x-ms-client-request-id": [
          "62bc1e3e-10b3-4972-8500-e012053b0f77"
        ],
        "accept-language": [
          "en-US"
        ],
        "User-Agent": [
          "FxVersion/4.6.26614.01",
          "OSName/Windows",
          "OSVersion/Microsoft.Windows.10.0.19041.",
          "Microsoft.Azure.Management.Network.NetworkManagementClient/19.17.1.0"
        ]
      },
      "ResponseHeaders": {
        "Cache-Control": [
          "no-cache"
        ],
        "Date": [
          "Sat, 13 Jun 2020 01:21:08 GMT"
        ],
        "Pragma": [
          "no-cache"
        ],
        "ETag": [
          "W/\"012d6696-e365-4efa-a87b-d2b61044db46\""
        ],
        "Server": [
          "Microsoft-HTTPAPI/2.0",
          "Microsoft-HTTPAPI/2.0"
        ],
        "x-ms-request-id": [
          "47d36274-f158-4262-bb02-8758be3470f9"
        ],
        "x-ms-correlation-request-id": [
          "5ac8c9d2-cd36-44eb-98f6-25a23931bd6e"
        ],
        "x-ms-arm-service-request-id": [
          "7fe0d0a8-84a6-4b17-9049-7aff0e565d14"
        ],
        "Strict-Transport-Security": [
          "max-age=31536000; includeSubDomains"
        ],
        "x-ms-ratelimit-remaining-subscription-reads": [
          "11992"
        ],
        "x-ms-routing-request-id": [
          "WESTUS:20200613T012109Z:5ac8c9d2-cd36-44eb-98f6-25a23931bd6e"
        ],
        "X-Content-Type-Options": [
          "nosniff"
        ],
        "Content-Length": [
          "524"
        ],
        "Content-Type": [
          "application/json; charset=utf-8"
        ],
        "Expires": [
          "-1"
        ]
      },
      "ResponseBody": "{\r\n  \"name\": \"sn8579\",\r\n  \"id\": \"/subscriptions/24fb23e3-6ba3-41f0-9b6e-e41131d5d61e/resourceGroups/crptestar16651/providers/Microsoft.Network/virtualNetworks/vn1272/subnets/sn8579\",\r\n  \"etag\": \"W/\\\"012d6696-e365-4efa-a87b-d2b61044db46\\\"\",\r\n  \"properties\": {\r\n    \"provisioningState\": \"Succeeded\",\r\n    \"addressPrefix\": \"10.0.0.0/24\",\r\n    \"delegations\": [],\r\n    \"privateEndpointNetworkPolicies\": \"Enabled\",\r\n    \"privateLinkServiceNetworkPolicies\": \"Enabled\"\r\n  },\r\n  \"type\": \"Microsoft.Network/virtualNetworks/subnets\"\r\n}",
      "StatusCode": 200
    },
    {
      "RequestUri": "/subscriptions/24fb23e3-6ba3-41f0-9b6e-e41131d5d61e/resourceGroups/crptestar16651/providers/Microsoft.Network/networkInterfaces/nic708?api-version=2019-09-01",
      "EncodedRequestUri": "L3N1YnNjcmlwdGlvbnMvMjRmYjIzZTMtNmJhMy00MWYwLTliNmUtZTQxMTMxZDVkNjFlL3Jlc291cmNlR3JvdXBzL2NycHRlc3RhcjE2NjUxL3Byb3ZpZGVycy9NaWNyb3NvZnQuTmV0d29yay9uZXR3b3JrSW50ZXJmYWNlcy9uaWM3MDg/YXBpLXZlcnNpb249MjAxOS0wOS0wMQ==",
      "RequestMethod": "PUT",
      "RequestBody": "{\r\n  \"properties\": {\r\n    \"ipConfigurations\": [\r\n      {\r\n        \"properties\": {\r\n          \"privateIPAllocationMethod\": \"Dynamic\",\r\n          \"subnet\": {\r\n            \"properties\": {\r\n              \"addressPrefix\": \"10.0.0.0/24\",\r\n              \"delegations\": [],\r\n              \"privateEndpointNetworkPolicies\": \"Enabled\",\r\n              \"privateLinkServiceNetworkPolicies\": \"Enabled\"\r\n            },\r\n            \"name\": \"sn8579\",\r\n            \"id\": \"/subscriptions/24fb23e3-6ba3-41f0-9b6e-e41131d5d61e/resourceGroups/crptestar16651/providers/Microsoft.Network/virtualNetworks/vn1272/subnets/sn8579\"\r\n          }\r\n        },\r\n        \"name\": \"ip1473\"\r\n      }\r\n    ]\r\n  },\r\n  \"location\": \"EastUS2\",\r\n  \"tags\": {\r\n    \"key\": \"value\"\r\n  }\r\n}",
      "RequestHeaders": {
        "x-ms-client-request-id": [
          "75b6dc2c-b1ce-4097-94cc-05226102897a"
        ],
        "accept-language": [
          "en-US"
        ],
        "User-Agent": [
          "FxVersion/4.6.26614.01",
          "OSName/Windows",
          "OSVersion/Microsoft.Windows.10.0.19041.",
          "Microsoft.Azure.Management.Network.NetworkManagementClient/19.17.1.0"
        ],
        "Content-Type": [
          "application/json; charset=utf-8"
        ],
        "Content-Length": [
          "743"
        ]
      },
      "ResponseHeaders": {
        "Cache-Control": [
          "no-cache"
        ],
        "Date": [
          "Sat, 13 Jun 2020 01:21:10 GMT"
        ],
        "Pragma": [
          "no-cache"
        ],
        "Server": [
          "Microsoft-HTTPAPI/2.0",
          "Microsoft-HTTPAPI/2.0"
        ],
        "x-ms-request-id": [
          "9f1954ec-e908-4ccb-9da4-c98951758619"
        ],
        "Azure-AsyncOperation": [
          "https://management.azure.com/subscriptions/24fb23e3-6ba3-41f0-9b6e-e41131d5d61e/providers/Microsoft.Network/locations/eastus2/operations/9f1954ec-e908-4ccb-9da4-c98951758619?api-version=2019-09-01"
        ],
        "x-ms-correlation-request-id": [
          "85fa6768-0529-4746-b772-ff556d6b727d"
        ],
        "Azure-AsyncNotification": [
          "Enabled"
        ],
        "x-ms-arm-service-request-id": [
          "624e62b2-b729-4c0b-b540-956e546fa695"
        ],
        "Strict-Transport-Security": [
          "max-age=31536000; includeSubDomains"
        ],
        "x-ms-ratelimit-remaining-subscription-writes": [
          "1197"
        ],
        "x-ms-routing-request-id": [
          "WESTUS:20200613T012110Z:85fa6768-0529-4746-b772-ff556d6b727d"
        ],
        "X-Content-Type-Options": [
          "nosniff"
        ],
        "Content-Length": [
          "1625"
        ],
        "Content-Type": [
          "application/json; charset=utf-8"
        ],
        "Expires": [
          "-1"
        ]
      },
      "ResponseBody": "{\r\n  \"name\": \"nic708\",\r\n  \"id\": \"/subscriptions/24fb23e3-6ba3-41f0-9b6e-e41131d5d61e/resourceGroups/crptestar16651/providers/Microsoft.Network/networkInterfaces/nic708\",\r\n  \"etag\": \"W/\\\"05059012-3891-4304-974f-f27f91366a12\\\"\",\r\n  \"location\": \"eastus2\",\r\n  \"tags\": {\r\n    \"key\": \"value\"\r\n  },\r\n  \"properties\": {\r\n    \"provisioningState\": \"Succeeded\",\r\n    \"resourceGuid\": \"1b547280-6014-4c89-925a-e79b1dcb671a\",\r\n    \"ipConfigurations\": [\r\n      {\r\n        \"name\": \"ip1473\",\r\n        \"id\": \"/subscriptions/24fb23e3-6ba3-41f0-9b6e-e41131d5d61e/resourceGroups/crptestar16651/providers/Microsoft.Network/networkInterfaces/nic708/ipConfigurations/ip1473\",\r\n        \"etag\": \"W/\\\"05059012-3891-4304-974f-f27f91366a12\\\"\",\r\n        \"type\": \"Microsoft.Network/networkInterfaces/ipConfigurations\",\r\n        \"properties\": {\r\n          \"provisioningState\": \"Succeeded\",\r\n          \"privateIPAddress\": \"10.0.0.4\",\r\n          \"privateIPAllocationMethod\": \"Dynamic\",\r\n          \"subnet\": {\r\n            \"id\": \"/subscriptions/24fb23e3-6ba3-41f0-9b6e-e41131d5d61e/resourceGroups/crptestar16651/providers/Microsoft.Network/virtualNetworks/vn1272/subnets/sn8579\"\r\n          },\r\n          \"primary\": true,\r\n          \"privateIPAddressVersion\": \"IPv4\"\r\n        }\r\n      }\r\n    ],\r\n    \"dnsSettings\": {\r\n      \"dnsServers\": [],\r\n      \"appliedDnsServers\": [],\r\n      \"internalDomainNameSuffix\": \"dc0ocfweor2efkxk2ta11eau4f.cx.internal.cloudapp.net\"\r\n    },\r\n    \"enableAcceleratedNetworking\": false,\r\n    \"enableIPForwarding\": false,\r\n    \"hostedWorkloads\": [],\r\n    \"tapConfigurations\": []\r\n  },\r\n  \"type\": \"Microsoft.Network/networkInterfaces\"\r\n}",
      "StatusCode": 201
    },
    {
      "RequestUri": "/subscriptions/24fb23e3-6ba3-41f0-9b6e-e41131d5d61e/resourceGroups/crptestar16651/providers/Microsoft.Network/networkInterfaces/nic708?api-version=2019-09-01",
      "EncodedRequestUri": "L3N1YnNjcmlwdGlvbnMvMjRmYjIzZTMtNmJhMy00MWYwLTliNmUtZTQxMTMxZDVkNjFlL3Jlc291cmNlR3JvdXBzL2NycHRlc3RhcjE2NjUxL3Byb3ZpZGVycy9NaWNyb3NvZnQuTmV0d29yay9uZXR3b3JrSW50ZXJmYWNlcy9uaWM3MDg/YXBpLXZlcnNpb249MjAxOS0wOS0wMQ==",
      "RequestMethod": "GET",
      "RequestBody": "",
      "RequestHeaders": {
        "User-Agent": [
          "FxVersion/4.6.26614.01",
          "OSName/Windows",
          "OSVersion/Microsoft.Windows.10.0.19041.",
          "Microsoft.Azure.Management.Network.NetworkManagementClient/19.17.1.0"
        ]
      },
      "ResponseHeaders": {
        "Cache-Control": [
          "no-cache"
        ],
        "Date": [
          "Sat, 13 Jun 2020 01:21:10 GMT"
        ],
        "Pragma": [
          "no-cache"
        ],
        "ETag": [
          "W/\"05059012-3891-4304-974f-f27f91366a12\""
        ],
        "Server": [
          "Microsoft-HTTPAPI/2.0",
          "Microsoft-HTTPAPI/2.0"
        ],
        "x-ms-request-id": [
          "de771f8a-9021-429e-8c90-8ab17f32ac82"
        ],
        "x-ms-correlation-request-id": [
          "30b5876b-5d9a-4cad-a38e-33eac804498e"
        ],
        "x-ms-arm-service-request-id": [
          "ec9616f1-c68d-4130-b12c-a14506158465"
        ],
        "Strict-Transport-Security": [
          "max-age=31536000; includeSubDomains"
        ],
        "x-ms-ratelimit-remaining-subscription-reads": [
          "11991"
        ],
        "x-ms-routing-request-id": [
          "WESTUS:20200613T012110Z:30b5876b-5d9a-4cad-a38e-33eac804498e"
        ],
        "X-Content-Type-Options": [
          "nosniff"
        ],
        "Content-Length": [
          "1625"
        ],
        "Content-Type": [
          "application/json; charset=utf-8"
        ],
        "Expires": [
          "-1"
        ]
      },
      "ResponseBody": "{\r\n  \"name\": \"nic708\",\r\n  \"id\": \"/subscriptions/24fb23e3-6ba3-41f0-9b6e-e41131d5d61e/resourceGroups/crptestar16651/providers/Microsoft.Network/networkInterfaces/nic708\",\r\n  \"etag\": \"W/\\\"05059012-3891-4304-974f-f27f91366a12\\\"\",\r\n  \"location\": \"eastus2\",\r\n  \"tags\": {\r\n    \"key\": \"value\"\r\n  },\r\n  \"properties\": {\r\n    \"provisioningState\": \"Succeeded\",\r\n    \"resourceGuid\": \"1b547280-6014-4c89-925a-e79b1dcb671a\",\r\n    \"ipConfigurations\": [\r\n      {\r\n        \"name\": \"ip1473\",\r\n        \"id\": \"/subscriptions/24fb23e3-6ba3-41f0-9b6e-e41131d5d61e/resourceGroups/crptestar16651/providers/Microsoft.Network/networkInterfaces/nic708/ipConfigurations/ip1473\",\r\n        \"etag\": \"W/\\\"05059012-3891-4304-974f-f27f91366a12\\\"\",\r\n        \"type\": \"Microsoft.Network/networkInterfaces/ipConfigurations\",\r\n        \"properties\": {\r\n          \"provisioningState\": \"Succeeded\",\r\n          \"privateIPAddress\": \"10.0.0.4\",\r\n          \"privateIPAllocationMethod\": \"Dynamic\",\r\n          \"subnet\": {\r\n            \"id\": \"/subscriptions/24fb23e3-6ba3-41f0-9b6e-e41131d5d61e/resourceGroups/crptestar16651/providers/Microsoft.Network/virtualNetworks/vn1272/subnets/sn8579\"\r\n          },\r\n          \"primary\": true,\r\n          \"privateIPAddressVersion\": \"IPv4\"\r\n        }\r\n      }\r\n    ],\r\n    \"dnsSettings\": {\r\n      \"dnsServers\": [],\r\n      \"appliedDnsServers\": [],\r\n      \"internalDomainNameSuffix\": \"dc0ocfweor2efkxk2ta11eau4f.cx.internal.cloudapp.net\"\r\n    },\r\n    \"enableAcceleratedNetworking\": false,\r\n    \"enableIPForwarding\": false,\r\n    \"hostedWorkloads\": [],\r\n    \"tapConfigurations\": []\r\n  },\r\n  \"type\": \"Microsoft.Network/networkInterfaces\"\r\n}",
      "StatusCode": 200
    },
    {
      "RequestUri": "/subscriptions/24fb23e3-6ba3-41f0-9b6e-e41131d5d61e/resourceGroups/crptestar16651/providers/Microsoft.Network/networkInterfaces/nic708?api-version=2019-09-01",
      "EncodedRequestUri": "L3N1YnNjcmlwdGlvbnMvMjRmYjIzZTMtNmJhMy00MWYwLTliNmUtZTQxMTMxZDVkNjFlL3Jlc291cmNlR3JvdXBzL2NycHRlc3RhcjE2NjUxL3Byb3ZpZGVycy9NaWNyb3NvZnQuTmV0d29yay9uZXR3b3JrSW50ZXJmYWNlcy9uaWM3MDg/YXBpLXZlcnNpb249MjAxOS0wOS0wMQ==",
      "RequestMethod": "GET",
      "RequestBody": "",
      "RequestHeaders": {
        "x-ms-client-request-id": [
          "401fd4f1-d623-4c1a-8cc7-a8604b950229"
        ],
        "accept-language": [
          "en-US"
        ],
        "User-Agent": [
          "FxVersion/4.6.26614.01",
          "OSName/Windows",
          "OSVersion/Microsoft.Windows.10.0.19041.",
          "Microsoft.Azure.Management.Network.NetworkManagementClient/19.17.1.0"
        ]
      },
      "ResponseHeaders": {
        "Cache-Control": [
          "no-cache"
        ],
        "Date": [
          "Sat, 13 Jun 2020 01:21:10 GMT"
        ],
        "Pragma": [
          "no-cache"
        ],
        "ETag": [
          "W/\"05059012-3891-4304-974f-f27f91366a12\""
        ],
        "Server": [
          "Microsoft-HTTPAPI/2.0",
          "Microsoft-HTTPAPI/2.0"
        ],
        "x-ms-request-id": [
          "7002003f-e22e-469b-84dd-13de9c98ab5b"
        ],
        "x-ms-correlation-request-id": [
          "be4cd05c-5a88-48ee-af67-dbec8769a80d"
        ],
        "x-ms-arm-service-request-id": [
          "38c26b11-c410-4dec-a623-aeb88f418fea"
        ],
        "Strict-Transport-Security": [
          "max-age=31536000; includeSubDomains"
        ],
        "x-ms-ratelimit-remaining-subscription-reads": [
          "11990"
        ],
        "x-ms-routing-request-id": [
          "WESTUS:20200613T012110Z:be4cd05c-5a88-48ee-af67-dbec8769a80d"
        ],
        "X-Content-Type-Options": [
          "nosniff"
        ],
        "Content-Length": [
          "1625"
        ],
        "Content-Type": [
          "application/json; charset=utf-8"
        ],
        "Expires": [
          "-1"
        ]
      },
      "ResponseBody": "{\r\n  \"name\": \"nic708\",\r\n  \"id\": \"/subscriptions/24fb23e3-6ba3-41f0-9b6e-e41131d5d61e/resourceGroups/crptestar16651/providers/Microsoft.Network/networkInterfaces/nic708\",\r\n  \"etag\": \"W/\\\"05059012-3891-4304-974f-f27f91366a12\\\"\",\r\n  \"location\": \"eastus2\",\r\n  \"tags\": {\r\n    \"key\": \"value\"\r\n  },\r\n  \"properties\": {\r\n    \"provisioningState\": \"Succeeded\",\r\n    \"resourceGuid\": \"1b547280-6014-4c89-925a-e79b1dcb671a\",\r\n    \"ipConfigurations\": [\r\n      {\r\n        \"name\": \"ip1473\",\r\n        \"id\": \"/subscriptions/24fb23e3-6ba3-41f0-9b6e-e41131d5d61e/resourceGroups/crptestar16651/providers/Microsoft.Network/networkInterfaces/nic708/ipConfigurations/ip1473\",\r\n        \"etag\": \"W/\\\"05059012-3891-4304-974f-f27f91366a12\\\"\",\r\n        \"type\": \"Microsoft.Network/networkInterfaces/ipConfigurations\",\r\n        \"properties\": {\r\n          \"provisioningState\": \"Succeeded\",\r\n          \"privateIPAddress\": \"10.0.0.4\",\r\n          \"privateIPAllocationMethod\": \"Dynamic\",\r\n          \"subnet\": {\r\n            \"id\": \"/subscriptions/24fb23e3-6ba3-41f0-9b6e-e41131d5d61e/resourceGroups/crptestar16651/providers/Microsoft.Network/virtualNetworks/vn1272/subnets/sn8579\"\r\n          },\r\n          \"primary\": true,\r\n          \"privateIPAddressVersion\": \"IPv4\"\r\n        }\r\n      }\r\n    ],\r\n    \"dnsSettings\": {\r\n      \"dnsServers\": [],\r\n      \"appliedDnsServers\": [],\r\n      \"internalDomainNameSuffix\": \"dc0ocfweor2efkxk2ta11eau4f.cx.internal.cloudapp.net\"\r\n    },\r\n    \"enableAcceleratedNetworking\": false,\r\n    \"enableIPForwarding\": false,\r\n    \"hostedWorkloads\": [],\r\n    \"tapConfigurations\": []\r\n  },\r\n  \"type\": \"Microsoft.Network/networkInterfaces\"\r\n}",
      "StatusCode": 200
    },
    {
      "RequestUri": "/subscriptions/24fb23e3-6ba3-41f0-9b6e-e41131d5d61e/resourceGroups/crptestar16651/providers/Microsoft.Compute/virtualMachineScaleSets/vmss9212?api-version=2020-06-01",
      "EncodedRequestUri": "L3N1YnNjcmlwdGlvbnMvMjRmYjIzZTMtNmJhMy00MWYwLTliNmUtZTQxMTMxZDVkNjFlL3Jlc291cmNlR3JvdXBzL2NycHRlc3RhcjE2NjUxL3Byb3ZpZGVycy9NaWNyb3NvZnQuQ29tcHV0ZS92aXJ0dWFsTWFjaGluZVNjYWxlU2V0cy92bXNzOTIxMj9hcGktdmVyc2lvbj0yMDIwLTA2LTAx",
      "RequestMethod": "PUT",
      "RequestBody": "{\r\n  \"sku\": {\r\n    \"name\": \"Standard_A0\",\r\n    \"capacity\": 2\r\n  },\r\n  \"properties\": {\r\n    \"upgradePolicy\": {\r\n      \"mode\": \"Manual\"\r\n    },\r\n    \"virtualMachineProfile\": {\r\n      \"osProfile\": {\r\n        \"computerNamePrefix\": \"test\",\r\n        \"adminUsername\": \"Foo12\",\r\n        \"adminPassword\": \"[PLACEHOLDEr1]\",\r\n        \"customData\": \"Q3VzdG9tIGRhdGE=\"\r\n      },\r\n      \"storageProfile\": {\r\n        \"imageReference\": {\r\n          \"publisher\": \"MicrosoftWindowsServer\",\r\n          \"offer\": \"WindowsServer\",\r\n          \"sku\": \"2012-R2-Datacenter\",\r\n          \"version\": \"4.127.20180315\"\r\n        },\r\n        \"dataDisks\": [\r\n          {\r\n            \"lun\": 1,\r\n            \"createOption\": \"Empty\",\r\n            \"diskSizeGB\": 128\r\n          }\r\n        ]\r\n      },\r\n      \"networkProfile\": {\r\n        \"networkInterfaceConfigurations\": [\r\n          {\r\n            \"name\": \"vmsstestnetconfig2876\",\r\n            \"properties\": {\r\n              \"primary\": true,\r\n              \"ipConfigurations\": [\r\n                {\r\n                  \"name\": \"vmsstestnetconfig9479\",\r\n                  \"properties\": {\r\n                    \"subnet\": {\r\n                      \"id\": \"/subscriptions/24fb23e3-6ba3-41f0-9b6e-e41131d5d61e/resourceGroups/crptestar16651/providers/Microsoft.Network/virtualNetworks/vn1272/subnets/sn8579\"\r\n                    },\r\n                    \"applicationGatewayBackendAddressPools\": []\r\n                  }\r\n                }\r\n              ]\r\n            }\r\n          }\r\n        ]\r\n      }\r\n    },\r\n    \"overprovision\": false\r\n  },\r\n  \"location\": \"EastUS2\",\r\n  \"tags\": {\r\n    \"RG\": \"rg\",\r\n    \"testTag\": \"1\"\r\n  }\r\n}",
      "RequestHeaders": {
        "x-ms-client-request-id": [
          "ad6e9008-959b-4e4b-9f73-816d2187b8c3"
        ],
        "accept-language": [
          "en-US"
        ],
        "User-Agent": [
          "FxVersion/4.6.26614.01",
          "OSName/Windows",
          "OSVersion/Microsoft.Windows.10.0.19041.",
          "Microsoft.Azure.Management.Compute.ComputeManagementClient/37.0.0.0"
        ],
        "Content-Type": [
          "application/json; charset=utf-8"
        ],
        "Content-Length": [
          "1629"
        ]
      },
      "ResponseHeaders": {
        "Cache-Control": [
          "no-cache"
        ],
        "Date": [
          "Sat, 13 Jun 2020 01:21:19 GMT"
        ],
        "Pragma": [
          "no-cache"
        ],
        "Retry-After": [
          "10"
        ],
        "Server": [
          "Microsoft-HTTPAPI/2.0",
          "Microsoft-HTTPAPI/2.0"
        ],
        "Azure-AsyncOperation": [
          "https://management.azure.com/subscriptions/24fb23e3-6ba3-41f0-9b6e-e41131d5d61e/providers/Microsoft.Compute/locations/eastus2/operations/9f2eb154-cc82-4d91-86df-48ca5391e2af?api-version=2020-06-01"
        ],
        "Azure-AsyncNotification": [
          "Enabled"
        ],
        "x-ms-ratelimit-remaining-resource": [
          "Microsoft.Compute/CreateVMScaleSet3Min;59,Microsoft.Compute/CreateVMScaleSet30Min;298,Microsoft.Compute/VMScaleSetBatchedVMRequests5Min;1198,Microsoft.Compute/VmssQueuedVMOperations;4798"
        ],
        "x-ms-request-charge": [
          "2"
        ],
        "Strict-Transport-Security": [
          "max-age=31536000; includeSubDomains"
        ],
        "x-ms-request-id": [
          "9f2eb154-cc82-4d91-86df-48ca5391e2af"
        ],
        "x-ms-ratelimit-remaining-subscription-writes": [
          "1199"
        ],
        "x-ms-correlation-request-id": [
          "1ca9693a-7017-4b53-aef6-606be9097b14"
        ],
        "x-ms-routing-request-id": [
          "WESTUS:20200613T012120Z:1ca9693a-7017-4b53-aef6-606be9097b14"
        ],
        "X-Content-Type-Options": [
          "nosniff"
        ],
        "Content-Length": [
          "2753"
        ],
        "Content-Type": [
          "application/json; charset=utf-8"
        ],
        "Expires": [
          "-1"
        ]
      },
      "ResponseBody": "{\r\n  \"name\": \"vmss9212\",\r\n  \"id\": \"/subscriptions/24fb23e3-6ba3-41f0-9b6e-e41131d5d61e/resourceGroups/crptestar16651/providers/Microsoft.Compute/virtualMachineScaleSets/vmss9212\",\r\n  \"type\": \"Microsoft.Compute/virtualMachineScaleSets\",\r\n  \"location\": \"eastus2\",\r\n  \"tags\": {\r\n    \"RG\": \"rg\",\r\n    \"testTag\": \"1\"\r\n  },\r\n  \"sku\": {\r\n    \"name\": \"Standard_A0\",\r\n    \"tier\": \"Standard\",\r\n    \"capacity\": 2\r\n  },\r\n  \"properties\": {\r\n    \"singlePlacementGroup\": true,\r\n    \"upgradePolicy\": {\r\n      \"mode\": \"Manual\"\r\n    },\r\n    \"virtualMachineProfile\": {\r\n      \"osProfile\": {\r\n        \"computerNamePrefix\": \"test\",\r\n        \"adminUsername\": \"Foo12\",\r\n        \"windowsConfiguration\": {\r\n          \"provisionVMAgent\": true,\r\n          \"enableAutomaticUpdates\": true\r\n        },\r\n        \"secrets\": [],\r\n        \"allowExtensionOperations\": true,\r\n        \"requireGuestProvisionSignal\": true\r\n      },\r\n      \"storageProfile\": {\r\n        \"osDisk\": {\r\n          \"createOption\": \"FromImage\",\r\n          \"caching\": \"None\",\r\n          \"managedDisk\": {\r\n            \"storageAccountType\": \"Standard_LRS\"\r\n          },\r\n          \"diskSizeGB\": 127\r\n        },\r\n        \"imageReference\": {\r\n          \"publisher\": \"MicrosoftWindowsServer\",\r\n          \"offer\": \"WindowsServer\",\r\n          \"sku\": \"2012-R2-Datacenter\",\r\n          \"version\": \"4.127.20180315\"\r\n        },\r\n        \"dataDisks\": [\r\n          {\r\n            \"lun\": 1,\r\n            \"createOption\": \"Empty\",\r\n            \"caching\": \"None\",\r\n            \"managedDisk\": {\r\n              \"storageAccountType\": \"Standard_LRS\"\r\n            },\r\n            \"diskSizeGB\": 128\r\n          }\r\n        ]\r\n      },\r\n      \"networkProfile\": {\r\n        \"networkInterfaceConfigurations\": [\r\n          {\r\n            \"name\": \"vmsstestnetconfig2876\",\r\n            \"properties\": {\r\n              \"primary\": true,\r\n              \"enableAcceleratedNetworking\": false,\r\n              \"dnsSettings\": {\r\n                \"dnsServers\": []\r\n              },\r\n              \"enableIPForwarding\": false,\r\n              \"ipConfigurations\": [\r\n                {\r\n                  \"name\": \"vmsstestnetconfig9479\",\r\n                  \"properties\": {\r\n                    \"subnet\": {\r\n                      \"id\": \"/subscriptions/24fb23e3-6ba3-41f0-9b6e-e41131d5d61e/resourceGroups/crptestar16651/providers/Microsoft.Network/virtualNetworks/vn1272/subnets/sn8579\"\r\n                    },\r\n                    \"privateIPAddressVersion\": \"IPv4\"\r\n                  }\r\n                }\r\n              ]\r\n            }\r\n          }\r\n        ]\r\n      },\r\n      \"extensionProfile\": {\r\n        \"extensions\": [\r\n          {\r\n            \"name\": \"Microsoft.Azure.Geneva.GenevaMonitoring\",\r\n            \"properties\": {\r\n              \"autoUpgradeMinorVersion\": true,\r\n              \"publisher\": \"Microsoft.Azure.Geneva\",\r\n              \"type\": \"GenevaMonitoring\",\r\n              \"typeHandlerVersion\": \"2.0\",\r\n              \"settings\": {}\r\n            }\r\n          }\r\n        ]\r\n      }\r\n    },\r\n    \"provisioningState\": \"Creating\",\r\n    \"overprovision\": false,\r\n    \"doNotRunExtensionsOnOverprovisionedVMs\": false,\r\n    \"uniqueId\": \"c8ff8935-7218-4869-9605-0d41c3166d2e\"\r\n  }\r\n}",
      "StatusCode": 201
    },
    {
      "RequestUri": "/subscriptions/24fb23e3-6ba3-41f0-9b6e-e41131d5d61e/providers/Microsoft.Compute/locations/eastus2/operations/9f2eb154-cc82-4d91-86df-48ca5391e2af?api-version=2020-06-01",
      "EncodedRequestUri": "L3N1YnNjcmlwdGlvbnMvMjRmYjIzZTMtNmJhMy00MWYwLTliNmUtZTQxMTMxZDVkNjFlL3Byb3ZpZGVycy9NaWNyb3NvZnQuQ29tcHV0ZS9sb2NhdGlvbnMvZWFzdHVzMi9vcGVyYXRpb25zLzlmMmViMTU0LWNjODItNGQ5MS04NmRmLTQ4Y2E1MzkxZTJhZj9hcGktdmVyc2lvbj0yMDIwLTA2LTAx",
      "RequestMethod": "GET",
      "RequestBody": "",
      "RequestHeaders": {
        "User-Agent": [
          "FxVersion/4.6.26614.01",
          "OSName/Windows",
          "OSVersion/Microsoft.Windows.10.0.19041.",
          "Microsoft.Azure.Management.Compute.ComputeManagementClient/37.0.0.0"
        ]
      },
      "ResponseHeaders": {
        "Cache-Control": [
          "no-cache"
        ],
        "Date": [
          "Sat, 13 Jun 2020 01:21:29 GMT"
        ],
        "Pragma": [
          "no-cache"
        ],
        "Retry-After": [
          "97"
        ],
        "Server": [
          "Microsoft-HTTPAPI/2.0",
          "Microsoft-HTTPAPI/2.0"
        ],
        "x-ms-ratelimit-remaining-resource": [
          "Microsoft.Compute/GetOperation3Min;14999,Microsoft.Compute/GetOperation30Min;29962"
        ],
        "Strict-Transport-Security": [
          "max-age=31536000; includeSubDomains"
        ],
        "x-ms-request-id": [
          "91196f0e-10c4-4070-84de-276740ff6840"
        ],
        "x-ms-ratelimit-remaining-subscription-reads": [
          "11998"
        ],
        "x-ms-correlation-request-id": [
          "53bc3c65-da6a-4564-ba77-50b41d24aafc"
        ],
        "x-ms-routing-request-id": [
          "WESTUS:20200613T012130Z:53bc3c65-da6a-4564-ba77-50b41d24aafc"
        ],
        "X-Content-Type-Options": [
          "nosniff"
        ],
        "Content-Length": [
          "134"
        ],
        "Content-Type": [
          "application/json; charset=utf-8"
        ],
        "Expires": [
          "-1"
        ]
      },
      "ResponseBody": "{\r\n  \"startTime\": \"2020-06-12T18:21:19.2881324-07:00\",\r\n  \"status\": \"InProgress\",\r\n  \"name\": \"9f2eb154-cc82-4d91-86df-48ca5391e2af\"\r\n}",
      "StatusCode": 200
    },
    {
      "RequestUri": "/subscriptions/24fb23e3-6ba3-41f0-9b6e-e41131d5d61e/providers/Microsoft.Compute/locations/eastus2/operations/9f2eb154-cc82-4d91-86df-48ca5391e2af?api-version=2020-06-01",
      "EncodedRequestUri": "L3N1YnNjcmlwdGlvbnMvMjRmYjIzZTMtNmJhMy00MWYwLTliNmUtZTQxMTMxZDVkNjFlL3Byb3ZpZGVycy9NaWNyb3NvZnQuQ29tcHV0ZS9sb2NhdGlvbnMvZWFzdHVzMi9vcGVyYXRpb25zLzlmMmViMTU0LWNjODItNGQ5MS04NmRmLTQ4Y2E1MzkxZTJhZj9hcGktdmVyc2lvbj0yMDIwLTA2LTAx",
      "RequestMethod": "GET",
      "RequestBody": "",
      "RequestHeaders": {
        "User-Agent": [
          "FxVersion/4.6.26614.01",
          "OSName/Windows",
          "OSVersion/Microsoft.Windows.10.0.19041.",
          "Microsoft.Azure.Management.Compute.ComputeManagementClient/37.0.0.0"
        ]
      },
      "ResponseHeaders": {
        "Cache-Control": [
          "no-cache"
        ],
        "Date": [
          "Sat, 13 Jun 2020 01:23:06 GMT"
        ],
        "Pragma": [
          "no-cache"
        ],
        "Server": [
          "Microsoft-HTTPAPI/2.0",
          "Microsoft-HTTPAPI/2.0"
        ],
        "x-ms-ratelimit-remaining-resource": [
          "Microsoft.Compute/GetOperation3Min;14998,Microsoft.Compute/GetOperation30Min;29961"
        ],
        "Strict-Transport-Security": [
          "max-age=31536000; includeSubDomains"
        ],
        "x-ms-request-id": [
          "f0fee1f8-030a-410f-bd61-1228632e5d10"
        ],
        "x-ms-ratelimit-remaining-subscription-reads": [
          "11999"
        ],
        "x-ms-correlation-request-id": [
          "83a0324a-fb98-465b-ab21-dc8047797d1d"
        ],
        "x-ms-routing-request-id": [
          "WESTUS:20200613T012307Z:83a0324a-fb98-465b-ab21-dc8047797d1d"
        ],
        "X-Content-Type-Options": [
          "nosniff"
        ],
        "Content-Length": [
          "134"
        ],
        "Content-Type": [
          "application/json; charset=utf-8"
        ],
        "Expires": [
          "-1"
        ]
      },
      "ResponseBody": "{\r\n  \"startTime\": \"2020-06-12T18:21:19.2881324-07:00\",\r\n  \"status\": \"InProgress\",\r\n  \"name\": \"9f2eb154-cc82-4d91-86df-48ca5391e2af\"\r\n}",
      "StatusCode": 200
    },
    {
      "RequestUri": "/subscriptions/24fb23e3-6ba3-41f0-9b6e-e41131d5d61e/providers/Microsoft.Compute/locations/eastus2/operations/9f2eb154-cc82-4d91-86df-48ca5391e2af?api-version=2020-06-01",
      "EncodedRequestUri": "L3N1YnNjcmlwdGlvbnMvMjRmYjIzZTMtNmJhMy00MWYwLTliNmUtZTQxMTMxZDVkNjFlL3Byb3ZpZGVycy9NaWNyb3NvZnQuQ29tcHV0ZS9sb2NhdGlvbnMvZWFzdHVzMi9vcGVyYXRpb25zLzlmMmViMTU0LWNjODItNGQ5MS04NmRmLTQ4Y2E1MzkxZTJhZj9hcGktdmVyc2lvbj0yMDIwLTA2LTAx",
      "RequestMethod": "GET",
      "RequestBody": "",
      "RequestHeaders": {
        "User-Agent": [
          "FxVersion/4.6.26614.01",
          "OSName/Windows",
          "OSVersion/Microsoft.Windows.10.0.19041.",
          "Microsoft.Azure.Management.Compute.ComputeManagementClient/37.0.0.0"
        ]
      },
      "ResponseHeaders": {
        "Cache-Control": [
          "no-cache"
        ],
        "Date": [
          "Sat, 13 Jun 2020 01:24:44 GMT"
        ],
        "Pragma": [
          "no-cache"
        ],
        "Server": [
          "Microsoft-HTTPAPI/2.0",
          "Microsoft-HTTPAPI/2.0"
        ],
        "x-ms-ratelimit-remaining-resource": [
          "Microsoft.Compute/GetOperation3Min;14997,Microsoft.Compute/GetOperation30Min;29959"
        ],
        "Strict-Transport-Security": [
          "max-age=31536000; includeSubDomains"
        ],
        "x-ms-request-id": [
          "05f057ac-d88e-475a-8831-5bbe341d9a63"
        ],
        "x-ms-ratelimit-remaining-subscription-reads": [
          "11998"
        ],
        "x-ms-correlation-request-id": [
          "901809b8-07fe-4d1e-ba00-60ab99e3847c"
        ],
        "x-ms-routing-request-id": [
          "WESTUS:20200613T012445Z:901809b8-07fe-4d1e-ba00-60ab99e3847c"
        ],
        "X-Content-Type-Options": [
          "nosniff"
        ],
        "Content-Length": [
          "134"
        ],
        "Content-Type": [
          "application/json; charset=utf-8"
        ],
        "Expires": [
          "-1"
        ]
      },
      "ResponseBody": "{\r\n  \"startTime\": \"2020-06-12T18:21:19.2881324-07:00\",\r\n  \"status\": \"InProgress\",\r\n  \"name\": \"9f2eb154-cc82-4d91-86df-48ca5391e2af\"\r\n}",
      "StatusCode": 200
    },
    {
      "RequestUri": "/subscriptions/24fb23e3-6ba3-41f0-9b6e-e41131d5d61e/providers/Microsoft.Compute/locations/eastus2/operations/9f2eb154-cc82-4d91-86df-48ca5391e2af?api-version=2020-06-01",
      "EncodedRequestUri": "L3N1YnNjcmlwdGlvbnMvMjRmYjIzZTMtNmJhMy00MWYwLTliNmUtZTQxMTMxZDVkNjFlL3Byb3ZpZGVycy9NaWNyb3NvZnQuQ29tcHV0ZS9sb2NhdGlvbnMvZWFzdHVzMi9vcGVyYXRpb25zLzlmMmViMTU0LWNjODItNGQ5MS04NmRmLTQ4Y2E1MzkxZTJhZj9hcGktdmVyc2lvbj0yMDIwLTA2LTAx",
      "RequestMethod": "GET",
      "RequestBody": "",
      "RequestHeaders": {
        "User-Agent": [
          "FxVersion/4.6.26614.01",
          "OSName/Windows",
          "OSVersion/Microsoft.Windows.10.0.19041.",
          "Microsoft.Azure.Management.Compute.ComputeManagementClient/37.0.0.0"
        ]
      },
      "ResponseHeaders": {
        "Cache-Control": [
          "no-cache"
        ],
        "Date": [
          "Sat, 13 Jun 2020 01:26:22 GMT"
        ],
        "Pragma": [
          "no-cache"
        ],
        "Server": [
          "Microsoft-HTTPAPI/2.0",
          "Microsoft-HTTPAPI/2.0"
        ],
        "x-ms-ratelimit-remaining-resource": [
          "Microsoft.Compute/GetOperation3Min;14997,Microsoft.Compute/GetOperation30Min;29962"
        ],
        "Strict-Transport-Security": [
          "max-age=31536000; includeSubDomains"
        ],
        "x-ms-request-id": [
          "44105e8b-8d34-41c1-baed-f8ba6b406cb0"
        ],
        "x-ms-ratelimit-remaining-subscription-reads": [
          "11999"
        ],
        "x-ms-correlation-request-id": [
          "a6e60f48-04ab-455a-991d-e6cc94f2748c"
        ],
        "x-ms-routing-request-id": [
          "WESTUS:20200613T012622Z:a6e60f48-04ab-455a-991d-e6cc94f2748c"
        ],
        "X-Content-Type-Options": [
          "nosniff"
        ],
        "Content-Length": [
          "134"
        ],
        "Content-Type": [
          "application/json; charset=utf-8"
        ],
        "Expires": [
          "-1"
        ]
      },
      "ResponseBody": "{\r\n  \"startTime\": \"2020-06-12T18:21:19.2881324-07:00\",\r\n  \"status\": \"InProgress\",\r\n  \"name\": \"9f2eb154-cc82-4d91-86df-48ca5391e2af\"\r\n}",
      "StatusCode": 200
    },
    {
      "RequestUri": "/subscriptions/24fb23e3-6ba3-41f0-9b6e-e41131d5d61e/providers/Microsoft.Compute/locations/eastus2/operations/9f2eb154-cc82-4d91-86df-48ca5391e2af?api-version=2020-06-01",
      "EncodedRequestUri": "L3N1YnNjcmlwdGlvbnMvMjRmYjIzZTMtNmJhMy00MWYwLTliNmUtZTQxMTMxZDVkNjFlL3Byb3ZpZGVycy9NaWNyb3NvZnQuQ29tcHV0ZS9sb2NhdGlvbnMvZWFzdHVzMi9vcGVyYXRpb25zLzlmMmViMTU0LWNjODItNGQ5MS04NmRmLTQ4Y2E1MzkxZTJhZj9hcGktdmVyc2lvbj0yMDIwLTA2LTAx",
      "RequestMethod": "GET",
      "RequestBody": "",
      "RequestHeaders": {
        "User-Agent": [
          "FxVersion/4.6.26614.01",
          "OSName/Windows",
          "OSVersion/Microsoft.Windows.10.0.19041.",
          "Microsoft.Azure.Management.Compute.ComputeManagementClient/37.0.0.0"
        ]
      },
      "ResponseHeaders": {
        "Cache-Control": [
          "no-cache"
        ],
        "Date": [
          "Sat, 13 Jun 2020 01:27:58 GMT"
        ],
        "Pragma": [
          "no-cache"
        ],
        "Server": [
          "Microsoft-HTTPAPI/2.0",
          "Microsoft-HTTPAPI/2.0"
        ],
        "x-ms-ratelimit-remaining-resource": [
          "Microsoft.Compute/GetOperation3Min;14996,Microsoft.Compute/GetOperation30Min;29960"
        ],
        "Strict-Transport-Security": [
          "max-age=31536000; includeSubDomains"
        ],
        "x-ms-request-id": [
          "ec44f419-a246-422d-ae0d-0b82a163c0fa"
        ],
        "x-ms-ratelimit-remaining-subscription-reads": [
          "11998"
        ],
        "x-ms-correlation-request-id": [
          "d290c683-9222-4412-a2b8-cb423a29e263"
        ],
        "x-ms-routing-request-id": [
          "WESTUS:20200613T012759Z:d290c683-9222-4412-a2b8-cb423a29e263"
        ],
        "X-Content-Type-Options": [
          "nosniff"
        ],
        "Content-Length": [
          "134"
        ],
        "Content-Type": [
          "application/json; charset=utf-8"
        ],
        "Expires": [
          "-1"
        ]
      },
      "ResponseBody": "{\r\n  \"startTime\": \"2020-06-12T18:21:19.2881324-07:00\",\r\n  \"status\": \"InProgress\",\r\n  \"name\": \"9f2eb154-cc82-4d91-86df-48ca5391e2af\"\r\n}",
      "StatusCode": 200
    },
    {
      "RequestUri": "/subscriptions/24fb23e3-6ba3-41f0-9b6e-e41131d5d61e/providers/Microsoft.Compute/locations/eastus2/operations/9f2eb154-cc82-4d91-86df-48ca5391e2af?api-version=2020-06-01",
      "EncodedRequestUri": "L3N1YnNjcmlwdGlvbnMvMjRmYjIzZTMtNmJhMy00MWYwLTliNmUtZTQxMTMxZDVkNjFlL3Byb3ZpZGVycy9NaWNyb3NvZnQuQ29tcHV0ZS9sb2NhdGlvbnMvZWFzdHVzMi9vcGVyYXRpb25zLzlmMmViMTU0LWNjODItNGQ5MS04NmRmLTQ4Y2E1MzkxZTJhZj9hcGktdmVyc2lvbj0yMDIwLTA2LTAx",
      "RequestMethod": "GET",
      "RequestBody": "",
      "RequestHeaders": {
        "User-Agent": [
          "FxVersion/4.6.26614.01",
          "OSName/Windows",
          "OSVersion/Microsoft.Windows.10.0.19041.",
          "Microsoft.Azure.Management.Compute.ComputeManagementClient/37.0.0.0"
        ]
      },
      "ResponseHeaders": {
        "Cache-Control": [
          "no-cache"
        ],
        "Date": [
          "Sat, 13 Jun 2020 01:29:36 GMT"
        ],
        "Pragma": [
          "no-cache"
        ],
        "Server": [
          "Microsoft-HTTPAPI/2.0",
          "Microsoft-HTTPAPI/2.0"
        ],
        "x-ms-ratelimit-remaining-resource": [
          "Microsoft.Compute/GetOperation3Min;14996,Microsoft.Compute/GetOperation30Min;29958"
        ],
        "Strict-Transport-Security": [
          "max-age=31536000; includeSubDomains"
        ],
        "x-ms-request-id": [
          "38cbe8c8-b582-42d2-be6c-e7421d341b27"
        ],
        "x-ms-ratelimit-remaining-subscription-reads": [
          "11999"
        ],
        "x-ms-correlation-request-id": [
          "aa0e34e3-9f99-46ee-85ae-a2a94ca4361a"
        ],
        "x-ms-routing-request-id": [
          "WESTUS:20200613T012936Z:aa0e34e3-9f99-46ee-85ae-a2a94ca4361a"
        ],
        "X-Content-Type-Options": [
          "nosniff"
        ],
        "Content-Length": [
          "134"
        ],
        "Content-Type": [
          "application/json; charset=utf-8"
        ],
        "Expires": [
          "-1"
        ]
      },
      "ResponseBody": "{\r\n  \"startTime\": \"2020-06-12T18:21:19.2881324-07:00\",\r\n  \"status\": \"InProgress\",\r\n  \"name\": \"9f2eb154-cc82-4d91-86df-48ca5391e2af\"\r\n}",
      "StatusCode": 200
    },
    {
      "RequestUri": "/subscriptions/24fb23e3-6ba3-41f0-9b6e-e41131d5d61e/providers/Microsoft.Compute/locations/eastus2/operations/9f2eb154-cc82-4d91-86df-48ca5391e2af?api-version=2020-06-01",
      "EncodedRequestUri": "L3N1YnNjcmlwdGlvbnMvMjRmYjIzZTMtNmJhMy00MWYwLTliNmUtZTQxMTMxZDVkNjFlL3Byb3ZpZGVycy9NaWNyb3NvZnQuQ29tcHV0ZS9sb2NhdGlvbnMvZWFzdHVzMi9vcGVyYXRpb25zLzlmMmViMTU0LWNjODItNGQ5MS04NmRmLTQ4Y2E1MzkxZTJhZj9hcGktdmVyc2lvbj0yMDIwLTA2LTAx",
      "RequestMethod": "GET",
      "RequestBody": "",
      "RequestHeaders": {
        "User-Agent": [
          "FxVersion/4.6.26614.01",
          "OSName/Windows",
          "OSVersion/Microsoft.Windows.10.0.19041.",
          "Microsoft.Azure.Management.Compute.ComputeManagementClient/37.0.0.0"
        ]
      },
      "ResponseHeaders": {
        "Cache-Control": [
          "no-cache"
        ],
        "Date": [
          "Sat, 13 Jun 2020 01:31:13 GMT"
        ],
        "Pragma": [
          "no-cache"
        ],
        "Server": [
          "Microsoft-HTTPAPI/2.0",
          "Microsoft-HTTPAPI/2.0"
        ],
        "x-ms-ratelimit-remaining-resource": [
          "Microsoft.Compute/GetOperation3Min;14997,Microsoft.Compute/GetOperation30Min;29962"
        ],
        "Strict-Transport-Security": [
          "max-age=31536000; includeSubDomains"
        ],
        "x-ms-request-id": [
          "b06b565d-c46d-47dd-b447-1180bd781d1b"
        ],
        "x-ms-ratelimit-remaining-subscription-reads": [
          "11999"
        ],
        "x-ms-correlation-request-id": [
          "51a69b30-2269-4800-918b-e803e309f6ba"
        ],
        "x-ms-routing-request-id": [
          "WESTUS:20200613T013114Z:51a69b30-2269-4800-918b-e803e309f6ba"
        ],
        "X-Content-Type-Options": [
          "nosniff"
        ],
        "Content-Length": [
          "134"
        ],
        "Content-Type": [
          "application/json; charset=utf-8"
        ],
        "Expires": [
          "-1"
        ]
      },
      "ResponseBody": "{\r\n  \"startTime\": \"2020-06-12T18:21:19.2881324-07:00\",\r\n  \"status\": \"InProgress\",\r\n  \"name\": \"9f2eb154-cc82-4d91-86df-48ca5391e2af\"\r\n}",
      "StatusCode": 200
    },
    {
      "RequestUri": "/subscriptions/24fb23e3-6ba3-41f0-9b6e-e41131d5d61e/providers/Microsoft.Compute/locations/eastus2/operations/9f2eb154-cc82-4d91-86df-48ca5391e2af?api-version=2020-06-01",
      "EncodedRequestUri": "L3N1YnNjcmlwdGlvbnMvMjRmYjIzZTMtNmJhMy00MWYwLTliNmUtZTQxMTMxZDVkNjFlL3Byb3ZpZGVycy9NaWNyb3NvZnQuQ29tcHV0ZS9sb2NhdGlvbnMvZWFzdHVzMi9vcGVyYXRpb25zLzlmMmViMTU0LWNjODItNGQ5MS04NmRmLTQ4Y2E1MzkxZTJhZj9hcGktdmVyc2lvbj0yMDIwLTA2LTAx",
      "RequestMethod": "GET",
      "RequestBody": "",
      "RequestHeaders": {
        "User-Agent": [
          "FxVersion/4.6.26614.01",
          "OSName/Windows",
          "OSVersion/Microsoft.Windows.10.0.19041.",
          "Microsoft.Azure.Management.Compute.ComputeManagementClient/37.0.0.0"
        ]
      },
      "ResponseHeaders": {
        "Cache-Control": [
          "no-cache"
        ],
        "Date": [
          "Sat, 13 Jun 2020 01:32:50 GMT"
        ],
        "Pragma": [
          "no-cache"
        ],
        "Server": [
          "Microsoft-HTTPAPI/2.0",
          "Microsoft-HTTPAPI/2.0"
        ],
        "x-ms-ratelimit-remaining-resource": [
          "Microsoft.Compute/GetOperation3Min;14997,Microsoft.Compute/GetOperation30Min;29960"
        ],
        "Strict-Transport-Security": [
          "max-age=31536000; includeSubDomains"
        ],
        "x-ms-request-id": [
          "1a09924e-a869-4394-9822-2543c276b32b"
        ],
        "x-ms-ratelimit-remaining-subscription-reads": [
          "11999"
        ],
        "x-ms-correlation-request-id": [
          "d581a8cc-a25a-47be-9395-fa52dc016ade"
        ],
        "x-ms-routing-request-id": [
          "WESTUS:20200613T013251Z:d581a8cc-a25a-47be-9395-fa52dc016ade"
        ],
        "X-Content-Type-Options": [
          "nosniff"
        ],
        "Content-Length": [
          "134"
        ],
        "Content-Type": [
          "application/json; charset=utf-8"
        ],
        "Expires": [
          "-1"
        ]
      },
      "ResponseBody": "{\r\n  \"startTime\": \"2020-06-12T18:21:19.2881324-07:00\",\r\n  \"status\": \"InProgress\",\r\n  \"name\": \"9f2eb154-cc82-4d91-86df-48ca5391e2af\"\r\n}",
      "StatusCode": 200
    },
    {
      "RequestUri": "/subscriptions/24fb23e3-6ba3-41f0-9b6e-e41131d5d61e/providers/Microsoft.Compute/locations/eastus2/operations/9f2eb154-cc82-4d91-86df-48ca5391e2af?api-version=2020-06-01",
      "EncodedRequestUri": "L3N1YnNjcmlwdGlvbnMvMjRmYjIzZTMtNmJhMy00MWYwLTliNmUtZTQxMTMxZDVkNjFlL3Byb3ZpZGVycy9NaWNyb3NvZnQuQ29tcHV0ZS9sb2NhdGlvbnMvZWFzdHVzMi9vcGVyYXRpb25zLzlmMmViMTU0LWNjODItNGQ5MS04NmRmLTQ4Y2E1MzkxZTJhZj9hcGktdmVyc2lvbj0yMDIwLTA2LTAx",
      "RequestMethod": "GET",
      "RequestBody": "",
      "RequestHeaders": {
        "User-Agent": [
          "FxVersion/4.6.26614.01",
          "OSName/Windows",
          "OSVersion/Microsoft.Windows.10.0.19041.",
          "Microsoft.Azure.Management.Compute.ComputeManagementClient/37.0.0.0"
        ]
      },
      "ResponseHeaders": {
        "Cache-Control": [
          "no-cache"
        ],
        "Date": [
          "Sat, 13 Jun 2020 01:34:27 GMT"
        ],
        "Pragma": [
          "no-cache"
        ],
        "Server": [
          "Microsoft-HTTPAPI/2.0",
          "Microsoft-HTTPAPI/2.0"
        ],
        "x-ms-ratelimit-remaining-resource": [
          "Microsoft.Compute/GetOperation3Min;14997,Microsoft.Compute/GetOperation30Min;29958"
        ],
        "Strict-Transport-Security": [
          "max-age=31536000; includeSubDomains"
        ],
        "x-ms-request-id": [
          "e073d833-983a-4a77-961f-a65800bf517f"
        ],
        "x-ms-ratelimit-remaining-subscription-reads": [
          "11999"
        ],
        "x-ms-correlation-request-id": [
          "d143bac8-a50c-4b0b-93a2-12980bab0e70"
        ],
        "x-ms-routing-request-id": [
          "WESTUS:20200613T013428Z:d143bac8-a50c-4b0b-93a2-12980bab0e70"
        ],
        "X-Content-Type-Options": [
          "nosniff"
        ],
        "Content-Length": [
          "134"
        ],
        "Content-Type": [
          "application/json; charset=utf-8"
        ],
        "Expires": [
          "-1"
        ]
      },
      "ResponseBody": "{\r\n  \"startTime\": \"2020-06-12T18:21:19.2881324-07:00\",\r\n  \"status\": \"InProgress\",\r\n  \"name\": \"9f2eb154-cc82-4d91-86df-48ca5391e2af\"\r\n}",
      "StatusCode": 200
    },
    {
      "RequestUri": "/subscriptions/24fb23e3-6ba3-41f0-9b6e-e41131d5d61e/providers/Microsoft.Compute/locations/eastus2/operations/9f2eb154-cc82-4d91-86df-48ca5391e2af?api-version=2020-06-01",
      "EncodedRequestUri": "L3N1YnNjcmlwdGlvbnMvMjRmYjIzZTMtNmJhMy00MWYwLTliNmUtZTQxMTMxZDVkNjFlL3Byb3ZpZGVycy9NaWNyb3NvZnQuQ29tcHV0ZS9sb2NhdGlvbnMvZWFzdHVzMi9vcGVyYXRpb25zLzlmMmViMTU0LWNjODItNGQ5MS04NmRmLTQ4Y2E1MzkxZTJhZj9hcGktdmVyc2lvbj0yMDIwLTA2LTAx",
      "RequestMethod": "GET",
      "RequestBody": "",
      "RequestHeaders": {
        "User-Agent": [
          "FxVersion/4.6.26614.01",
          "OSName/Windows",
          "OSVersion/Microsoft.Windows.10.0.19041.",
          "Microsoft.Azure.Management.Compute.ComputeManagementClient/37.0.0.0"
        ]
      },
      "ResponseHeaders": {
        "Cache-Control": [
          "no-cache"
        ],
        "Date": [
          "Sat, 13 Jun 2020 01:36:04 GMT"
        ],
        "Pragma": [
          "no-cache"
        ],
        "Server": [
          "Microsoft-HTTPAPI/2.0",
          "Microsoft-HTTPAPI/2.0"
        ],
        "x-ms-ratelimit-remaining-resource": [
          "Microsoft.Compute/GetOperation3Min;14997,Microsoft.Compute/GetOperation30Min;29963"
        ],
        "Strict-Transport-Security": [
          "max-age=31536000; includeSubDomains"
        ],
        "x-ms-request-id": [
          "631edc73-9e20-410f-a0f7-7e9edf7cd706"
        ],
        "x-ms-ratelimit-remaining-subscription-reads": [
          "11999"
        ],
        "x-ms-correlation-request-id": [
          "26f6eff3-7c4f-4bbd-9a2c-4d1840f6866d"
        ],
        "x-ms-routing-request-id": [
          "WESTUS:20200613T013605Z:26f6eff3-7c4f-4bbd-9a2c-4d1840f6866d"
        ],
        "X-Content-Type-Options": [
          "nosniff"
        ],
        "Content-Length": [
          "134"
        ],
        "Content-Type": [
          "application/json; charset=utf-8"
        ],
        "Expires": [
          "-1"
        ]
      },
      "ResponseBody": "{\r\n  \"startTime\": \"2020-06-12T18:21:19.2881324-07:00\",\r\n  \"status\": \"InProgress\",\r\n  \"name\": \"9f2eb154-cc82-4d91-86df-48ca5391e2af\"\r\n}",
      "StatusCode": 200
    },
    {
      "RequestUri": "/subscriptions/24fb23e3-6ba3-41f0-9b6e-e41131d5d61e/providers/Microsoft.Compute/locations/eastus2/operations/9f2eb154-cc82-4d91-86df-48ca5391e2af?api-version=2020-06-01",
      "EncodedRequestUri": "L3N1YnNjcmlwdGlvbnMvMjRmYjIzZTMtNmJhMy00MWYwLTliNmUtZTQxMTMxZDVkNjFlL3Byb3ZpZGVycy9NaWNyb3NvZnQuQ29tcHV0ZS9sb2NhdGlvbnMvZWFzdHVzMi9vcGVyYXRpb25zLzlmMmViMTU0LWNjODItNGQ5MS04NmRmLTQ4Y2E1MzkxZTJhZj9hcGktdmVyc2lvbj0yMDIwLTA2LTAx",
      "RequestMethod": "GET",
      "RequestBody": "",
      "RequestHeaders": {
        "User-Agent": [
          "FxVersion/4.6.26614.01",
          "OSName/Windows",
          "OSVersion/Microsoft.Windows.10.0.19041.",
          "Microsoft.Azure.Management.Compute.ComputeManagementClient/37.0.0.0"
        ]
      },
      "ResponseHeaders": {
        "Cache-Control": [
          "no-cache"
        ],
        "Date": [
          "Sat, 13 Jun 2020 01:37:42 GMT"
        ],
        "Pragma": [
          "no-cache"
        ],
        "Server": [
          "Microsoft-HTTPAPI/2.0",
          "Microsoft-HTTPAPI/2.0"
        ],
        "x-ms-ratelimit-remaining-resource": [
          "Microsoft.Compute/GetOperation3Min;14996,Microsoft.Compute/GetOperation30Min;29961"
        ],
        "Strict-Transport-Security": [
          "max-age=31536000; includeSubDomains"
        ],
        "x-ms-request-id": [
          "837b0c8d-8b60-45c5-8a3d-adf8518e1e37"
        ],
        "x-ms-ratelimit-remaining-subscription-reads": [
          "11998"
        ],
        "x-ms-correlation-request-id": [
          "8bbe1686-6419-4046-9277-0cb5b1a0109b"
        ],
        "x-ms-routing-request-id": [
          "WESTUS:20200613T013742Z:8bbe1686-6419-4046-9277-0cb5b1a0109b"
        ],
        "X-Content-Type-Options": [
          "nosniff"
        ],
        "Content-Length": [
          "134"
        ],
        "Content-Type": [
          "application/json; charset=utf-8"
        ],
        "Expires": [
          "-1"
        ]
      },
      "ResponseBody": "{\r\n  \"startTime\": \"2020-06-12T18:21:19.2881324-07:00\",\r\n  \"status\": \"InProgress\",\r\n  \"name\": \"9f2eb154-cc82-4d91-86df-48ca5391e2af\"\r\n}",
      "StatusCode": 200
    },
    {
      "RequestUri": "/subscriptions/24fb23e3-6ba3-41f0-9b6e-e41131d5d61e/providers/Microsoft.Compute/locations/eastus2/operations/9f2eb154-cc82-4d91-86df-48ca5391e2af?api-version=2020-06-01",
      "EncodedRequestUri": "L3N1YnNjcmlwdGlvbnMvMjRmYjIzZTMtNmJhMy00MWYwLTliNmUtZTQxMTMxZDVkNjFlL3Byb3ZpZGVycy9NaWNyb3NvZnQuQ29tcHV0ZS9sb2NhdGlvbnMvZWFzdHVzMi9vcGVyYXRpb25zLzlmMmViMTU0LWNjODItNGQ5MS04NmRmLTQ4Y2E1MzkxZTJhZj9hcGktdmVyc2lvbj0yMDIwLTA2LTAx",
      "RequestMethod": "GET",
      "RequestBody": "",
      "RequestHeaders": {
        "User-Agent": [
          "FxVersion/4.6.26614.01",
          "OSName/Windows",
          "OSVersion/Microsoft.Windows.10.0.19041.",
          "Microsoft.Azure.Management.Compute.ComputeManagementClient/37.0.0.0"
        ]
      },
      "ResponseHeaders": {
        "Cache-Control": [
          "no-cache"
        ],
        "Date": [
          "Sat, 13 Jun 2020 01:39:19 GMT"
        ],
        "Pragma": [
          "no-cache"
        ],
        "Server": [
          "Microsoft-HTTPAPI/2.0",
          "Microsoft-HTTPAPI/2.0"
        ],
        "x-ms-ratelimit-remaining-resource": [
          "Microsoft.Compute/GetOperation3Min;14996,Microsoft.Compute/GetOperation30Min;29959"
        ],
        "Strict-Transport-Security": [
          "max-age=31536000; includeSubDomains"
        ],
        "x-ms-request-id": [
          "3faa0373-0df0-4e59-aa01-8d20352659f3"
        ],
        "x-ms-ratelimit-remaining-subscription-reads": [
          "11999"
        ],
        "x-ms-correlation-request-id": [
          "b3902080-591e-430a-b1b9-3771693339e0"
        ],
        "x-ms-routing-request-id": [
          "WESTUS:20200613T013920Z:b3902080-591e-430a-b1b9-3771693339e0"
        ],
        "X-Content-Type-Options": [
          "nosniff"
        ],
        "Content-Length": [
          "184"
        ],
        "Content-Type": [
          "application/json; charset=utf-8"
        ],
        "Expires": [
          "-1"
        ]
      },
      "ResponseBody": "{\r\n  \"startTime\": \"2020-06-12T18:21:19.2881324-07:00\",\r\n  \"endTime\": \"2020-06-12T18:37:44.4309573-07:00\",\r\n  \"status\": \"Succeeded\",\r\n  \"name\": \"9f2eb154-cc82-4d91-86df-48ca5391e2af\"\r\n}",
      "StatusCode": 200
    },
    {
      "RequestUri": "/subscriptions/24fb23e3-6ba3-41f0-9b6e-e41131d5d61e/resourceGroups/crptestar16651/providers/Microsoft.Compute/virtualMachineScaleSets/vmss9212?api-version=2020-06-01",
      "EncodedRequestUri": "L3N1YnNjcmlwdGlvbnMvMjRmYjIzZTMtNmJhMy00MWYwLTliNmUtZTQxMTMxZDVkNjFlL3Jlc291cmNlR3JvdXBzL2NycHRlc3RhcjE2NjUxL3Byb3ZpZGVycy9NaWNyb3NvZnQuQ29tcHV0ZS92aXJ0dWFsTWFjaGluZVNjYWxlU2V0cy92bXNzOTIxMj9hcGktdmVyc2lvbj0yMDIwLTA2LTAx",
      "RequestMethod": "GET",
      "RequestBody": "",
      "RequestHeaders": {
        "User-Agent": [
          "FxVersion/4.6.26614.01",
          "OSName/Windows",
          "OSVersion/Microsoft.Windows.10.0.19041.",
          "Microsoft.Azure.Management.Compute.ComputeManagementClient/37.0.0.0"
        ]
      },
      "ResponseHeaders": {
        "Cache-Control": [
          "no-cache"
        ],
        "Date": [
          "Sat, 13 Jun 2020 01:39:20 GMT"
        ],
        "Pragma": [
          "no-cache"
        ],
        "Server": [
          "Microsoft-HTTPAPI/2.0",
          "Microsoft-HTTPAPI/2.0"
        ],
        "x-ms-ratelimit-remaining-resource": [
          "Microsoft.Compute/GetVMScaleSet3Min;196,Microsoft.Compute/GetVMScaleSet30Min;1289"
        ],
        "Strict-Transport-Security": [
          "max-age=31536000; includeSubDomains"
        ],
        "x-ms-request-id": [
          "eaf7a499-7e2e-443b-a7da-f5a3c8e6562c"
        ],
        "x-ms-ratelimit-remaining-subscription-reads": [
          "11998"
        ],
        "x-ms-correlation-request-id": [
          "5e0f59bd-b09f-4f59-8675-d0202c308d29"
        ],
        "x-ms-routing-request-id": [
          "WESTUS:20200613T013920Z:5e0f59bd-b09f-4f59-8675-d0202c308d29"
        ],
        "X-Content-Type-Options": [
          "nosniff"
        ],
        "Content-Length": [
          "2801"
        ],
        "Content-Type": [
          "application/json; charset=utf-8"
        ],
        "Expires": [
          "-1"
        ]
      },
      "ResponseBody": "{\r\n  \"name\": \"vmss9212\",\r\n  \"id\": \"/subscriptions/24fb23e3-6ba3-41f0-9b6e-e41131d5d61e/resourceGroups/crptestar16651/providers/Microsoft.Compute/virtualMachineScaleSets/vmss9212\",\r\n  \"type\": \"Microsoft.Compute/virtualMachineScaleSets\",\r\n  \"location\": \"eastus2\",\r\n  \"tags\": {\r\n    \"RG\": \"rg\",\r\n    \"testTag\": \"1\"\r\n  },\r\n  \"sku\": {\r\n    \"name\": \"Standard_A0\",\r\n    \"tier\": \"Standard\",\r\n    \"capacity\": 2\r\n  },\r\n  \"properties\": {\r\n    \"singlePlacementGroup\": true,\r\n    \"upgradePolicy\": {\r\n      \"mode\": \"Manual\"\r\n    },\r\n    \"virtualMachineProfile\": {\r\n      \"osProfile\": {\r\n        \"computerNamePrefix\": \"test\",\r\n        \"adminUsername\": \"Foo12\",\r\n        \"windowsConfiguration\": {\r\n          \"provisionVMAgent\": true,\r\n          \"enableAutomaticUpdates\": true\r\n        },\r\n        \"secrets\": [],\r\n        \"allowExtensionOperations\": true,\r\n        \"requireGuestProvisionSignal\": true\r\n      },\r\n      \"storageProfile\": {\r\n        \"osDisk\": {\r\n          \"createOption\": \"FromImage\",\r\n          \"caching\": \"None\",\r\n          \"managedDisk\": {\r\n            \"storageAccountType\": \"Standard_LRS\"\r\n          },\r\n          \"diskSizeGB\": 127\r\n        },\r\n        \"imageReference\": {\r\n          \"publisher\": \"MicrosoftWindowsServer\",\r\n          \"offer\": \"WindowsServer\",\r\n          \"sku\": \"2012-R2-Datacenter\",\r\n          \"version\": \"4.127.20180315\"\r\n        },\r\n        \"dataDisks\": [\r\n          {\r\n            \"lun\": 1,\r\n            \"createOption\": \"Empty\",\r\n            \"caching\": \"None\",\r\n            \"managedDisk\": {\r\n              \"storageAccountType\": \"Standard_LRS\"\r\n            },\r\n            \"diskSizeGB\": 128\r\n          }\r\n        ]\r\n      },\r\n      \"networkProfile\": {\r\n        \"networkInterfaceConfigurations\": [\r\n          {\r\n            \"name\": \"vmsstestnetconfig2876\",\r\n            \"properties\": {\r\n              \"primary\": true,\r\n              \"enableAcceleratedNetworking\": false,\r\n              \"dnsSettings\": {\r\n                \"dnsServers\": []\r\n              },\r\n              \"enableIPForwarding\": false,\r\n              \"ipConfigurations\": [\r\n                {\r\n                  \"name\": \"vmsstestnetconfig9479\",\r\n                  \"properties\": {\r\n                    \"subnet\": {\r\n                      \"id\": \"/subscriptions/24fb23e3-6ba3-41f0-9b6e-e41131d5d61e/resourceGroups/crptestar16651/providers/Microsoft.Network/virtualNetworks/vn1272/subnets/sn8579\"\r\n                    },\r\n                    \"privateIPAddressVersion\": \"IPv4\"\r\n                  }\r\n                }\r\n              ]\r\n            }\r\n          }\r\n        ]\r\n      },\r\n      \"extensionProfile\": {\r\n        \"extensions\": [\r\n          {\r\n            \"name\": \"Microsoft.Azure.Geneva.GenevaMonitoring\",\r\n            \"properties\": {\r\n              \"autoUpgradeMinorVersion\": true,\r\n              \"enableAutomaticUpgrade\": true,\r\n              \"publisher\": \"Microsoft.Azure.Geneva\",\r\n              \"type\": \"GenevaMonitoring\",\r\n              \"typeHandlerVersion\": \"2.0\",\r\n              \"settings\": {}\r\n            }\r\n          }\r\n        ]\r\n      }\r\n    },\r\n    \"provisioningState\": \"Succeeded\",\r\n    \"overprovision\": false,\r\n    \"doNotRunExtensionsOnOverprovisionedVMs\": false,\r\n    \"uniqueId\": \"c8ff8935-7218-4869-9605-0d41c3166d2e\"\r\n  }\r\n}",
      "StatusCode": 200
    },
    {
      "RequestUri": "/subscriptions/24fb23e3-6ba3-41f0-9b6e-e41131d5d61e/resourceGroups/crptestar16651/providers/Microsoft.Compute/virtualMachineScaleSets/vmss9212?api-version=2020-06-01",
      "EncodedRequestUri": "L3N1YnNjcmlwdGlvbnMvMjRmYjIzZTMtNmJhMy00MWYwLTliNmUtZTQxMTMxZDVkNjFlL3Jlc291cmNlR3JvdXBzL2NycHRlc3RhcjE2NjUxL3Byb3ZpZGVycy9NaWNyb3NvZnQuQ29tcHV0ZS92aXJ0dWFsTWFjaGluZVNjYWxlU2V0cy92bXNzOTIxMj9hcGktdmVyc2lvbj0yMDIwLTA2LTAx",
      "RequestMethod": "GET",
      "RequestBody": "",
      "RequestHeaders": {
        "x-ms-client-request-id": [
          "bb82a368-6703-497f-be6c-91e390c50b1e"
        ],
        "accept-language": [
          "en-US"
        ],
        "User-Agent": [
          "FxVersion/4.6.26614.01",
          "OSName/Windows",
          "OSVersion/Microsoft.Windows.10.0.19041.",
          "Microsoft.Azure.Management.Compute.ComputeManagementClient/37.0.0.0"
        ]
      },
      "ResponseHeaders": {
        "Cache-Control": [
          "no-cache"
        ],
        "Date": [
          "Sat, 13 Jun 2020 01:39:20 GMT"
        ],
        "Pragma": [
          "no-cache"
        ],
        "Server": [
          "Microsoft-HTTPAPI/2.0",
          "Microsoft-HTTPAPI/2.0"
        ],
        "x-ms-ratelimit-remaining-resource": [
          "Microsoft.Compute/GetVMScaleSet3Min;195,Microsoft.Compute/GetVMScaleSet30Min;1288"
        ],
        "Strict-Transport-Security": [
          "max-age=31536000; includeSubDomains"
        ],
        "x-ms-request-id": [
          "5c1a09f8-a125-4442-ab49-1f7028e6a57e"
        ],
        "x-ms-ratelimit-remaining-subscription-reads": [
          "11997"
        ],
        "x-ms-correlation-request-id": [
          "0395abc5-8921-4fbc-b1fd-0f7b82bc085c"
        ],
        "x-ms-routing-request-id": [
          "WESTUS:20200613T013920Z:0395abc5-8921-4fbc-b1fd-0f7b82bc085c"
        ],
        "X-Content-Type-Options": [
          "nosniff"
        ],
        "Content-Length": [
          "2801"
        ],
        "Content-Type": [
          "application/json; charset=utf-8"
        ],
        "Expires": [
          "-1"
        ]
      },
      "ResponseBody": "{\r\n  \"name\": \"vmss9212\",\r\n  \"id\": \"/subscriptions/24fb23e3-6ba3-41f0-9b6e-e41131d5d61e/resourceGroups/crptestar16651/providers/Microsoft.Compute/virtualMachineScaleSets/vmss9212\",\r\n  \"type\": \"Microsoft.Compute/virtualMachineScaleSets\",\r\n  \"location\": \"eastus2\",\r\n  \"tags\": {\r\n    \"RG\": \"rg\",\r\n    \"testTag\": \"1\"\r\n  },\r\n  \"sku\": {\r\n    \"name\": \"Standard_A0\",\r\n    \"tier\": \"Standard\",\r\n    \"capacity\": 2\r\n  },\r\n  \"properties\": {\r\n    \"singlePlacementGroup\": true,\r\n    \"upgradePolicy\": {\r\n      \"mode\": \"Manual\"\r\n    },\r\n    \"virtualMachineProfile\": {\r\n      \"osProfile\": {\r\n        \"computerNamePrefix\": \"test\",\r\n        \"adminUsername\": \"Foo12\",\r\n        \"windowsConfiguration\": {\r\n          \"provisionVMAgent\": true,\r\n          \"enableAutomaticUpdates\": true\r\n        },\r\n        \"secrets\": [],\r\n        \"allowExtensionOperations\": true,\r\n        \"requireGuestProvisionSignal\": true\r\n      },\r\n      \"storageProfile\": {\r\n        \"osDisk\": {\r\n          \"createOption\": \"FromImage\",\r\n          \"caching\": \"None\",\r\n          \"managedDisk\": {\r\n            \"storageAccountType\": \"Standard_LRS\"\r\n          },\r\n          \"diskSizeGB\": 127\r\n        },\r\n        \"imageReference\": {\r\n          \"publisher\": \"MicrosoftWindowsServer\",\r\n          \"offer\": \"WindowsServer\",\r\n          \"sku\": \"2012-R2-Datacenter\",\r\n          \"version\": \"4.127.20180315\"\r\n        },\r\n        \"dataDisks\": [\r\n          {\r\n            \"lun\": 1,\r\n            \"createOption\": \"Empty\",\r\n            \"caching\": \"None\",\r\n            \"managedDisk\": {\r\n              \"storageAccountType\": \"Standard_LRS\"\r\n            },\r\n            \"diskSizeGB\": 128\r\n          }\r\n        ]\r\n      },\r\n      \"networkProfile\": {\r\n        \"networkInterfaceConfigurations\": [\r\n          {\r\n            \"name\": \"vmsstestnetconfig2876\",\r\n            \"properties\": {\r\n              \"primary\": true,\r\n              \"enableAcceleratedNetworking\": false,\r\n              \"dnsSettings\": {\r\n                \"dnsServers\": []\r\n              },\r\n              \"enableIPForwarding\": false,\r\n              \"ipConfigurations\": [\r\n                {\r\n                  \"name\": \"vmsstestnetconfig9479\",\r\n                  \"properties\": {\r\n                    \"subnet\": {\r\n                      \"id\": \"/subscriptions/24fb23e3-6ba3-41f0-9b6e-e41131d5d61e/resourceGroups/crptestar16651/providers/Microsoft.Network/virtualNetworks/vn1272/subnets/sn8579\"\r\n                    },\r\n                    \"privateIPAddressVersion\": \"IPv4\"\r\n                  }\r\n                }\r\n              ]\r\n            }\r\n          }\r\n        ]\r\n      },\r\n      \"extensionProfile\": {\r\n        \"extensions\": [\r\n          {\r\n            \"name\": \"Microsoft.Azure.Geneva.GenevaMonitoring\",\r\n            \"properties\": {\r\n              \"autoUpgradeMinorVersion\": true,\r\n              \"enableAutomaticUpgrade\": true,\r\n              \"publisher\": \"Microsoft.Azure.Geneva\",\r\n              \"type\": \"GenevaMonitoring\",\r\n              \"typeHandlerVersion\": \"2.0\",\r\n              \"settings\": {}\r\n            }\r\n          }\r\n        ]\r\n      }\r\n    },\r\n    \"provisioningState\": \"Succeeded\",\r\n    \"overprovision\": false,\r\n    \"doNotRunExtensionsOnOverprovisionedVMs\": false,\r\n    \"uniqueId\": \"c8ff8935-7218-4869-9605-0d41c3166d2e\"\r\n  }\r\n}",
      "StatusCode": 200
    },
    {
      "RequestUri": "/subscriptions/24fb23e3-6ba3-41f0-9b6e-e41131d5d61e/resourceGroups/crptestar16651/providers/Microsoft.Compute/virtualMachineScaleSets/vmss9212/performMaintenance?api-version=2020-06-01",
      "EncodedRequestUri": "L3N1YnNjcmlwdGlvbnMvMjRmYjIzZTMtNmJhMy00MWYwLTliNmUtZTQxMTMxZDVkNjFlL3Jlc291cmNlR3JvdXBzL2NycHRlc3RhcjE2NjUxL3Byb3ZpZGVycy9NaWNyb3NvZnQuQ29tcHV0ZS92aXJ0dWFsTWFjaGluZVNjYWxlU2V0cy92bXNzOTIxMi9wZXJmb3JtTWFpbnRlbmFuY2U/YXBpLXZlcnNpb249MjAyMC0wNi0wMQ==",
      "RequestMethod": "POST",
      "RequestBody": "{\r\n  \"instanceIds\": [\r\n    \"0\",\r\n    \"1\"\r\n  ]\r\n}",
      "RequestHeaders": {
        "x-ms-client-request-id": [
          "62759b6c-30c8-4b1a-a06a-6db1efe64848"
        ],
        "accept-language": [
          "en-US"
        ],
        "User-Agent": [
          "FxVersion/4.6.26614.01",
          "OSName/Windows",
          "OSVersion/Microsoft.Windows.10.0.19041.",
          "Microsoft.Azure.Management.Compute.ComputeManagementClient/37.0.0.0"
        ],
        "Content-Type": [
          "application/json; charset=utf-8"
        ],
        "Content-Length": [
          "48"
        ]
      },
      "ResponseHeaders": {
        "Cache-Control": [
          "no-cache"
        ],
        "Date": [
          "Sat, 13 Jun 2020 01:39:20 GMT"
        ],
        "Pragma": [
          "no-cache"
        ],
        "Server": [
          "Microsoft-HTTPAPI/2.0",
          "Microsoft-HTTPAPI/2.0"
        ],
        "x-ms-ratelimit-remaining-resource": [
          "Microsoft.Compute/VMScaleSetActions3Min;239,Microsoft.Compute/VMScaleSetActions30Min;1197"
        ],
        "Strict-Transport-Security": [
          "max-age=31536000; includeSubDomains"
        ],
        "x-ms-request-id": [
          "b4c44367-2705-4cc2-8882-f13b25b4dc36"
        ],
        "x-ms-ratelimit-remaining-subscription-writes": [
          "1199"
        ],
        "x-ms-correlation-request-id": [
          "b6ca682d-7aa1-4d54-8ab7-e9005715d39e"
        ],
        "x-ms-routing-request-id": [
          "WESTUS:20200613T013920Z:b6ca682d-7aa1-4d54-8ab7-e9005715d39e"
        ],
        "X-Content-Type-Options": [
          "nosniff"
        ],
        "Content-Length": [
          "193"
        ],
        "Content-Type": [
          "application/json; charset=utf-8"
        ],
        "Expires": [
          "-1"
        ]
      },
      "ResponseBody": "{\r\n  \"error\": {\r\n    \"code\": \"OperationNotAllowed\",\r\n    \"message\": \"Operation 'performMaintenance' is not allowed on VM 'vmss9212_0' since the Subscription of this VM is not eligible.\"\r\n  }\r\n}",
      "StatusCode": 409
    },
    {
      "RequestUri": "/subscriptions/24fb23e3-6ba3-41f0-9b6e-e41131d5d61e/resourcegroups/crptestar16651?api-version=2017-05-10",
      "EncodedRequestUri": "L3N1YnNjcmlwdGlvbnMvMjRmYjIzZTMtNmJhMy00MWYwLTliNmUtZTQxMTMxZDVkNjFlL3Jlc291cmNlZ3JvdXBzL2NycHRlc3RhcjE2NjUxP2FwaS12ZXJzaW9uPTIwMTctMDUtMTA=",
      "RequestMethod": "DELETE",
      "RequestBody": "",
      "RequestHeaders": {
        "x-ms-client-request-id": [
          "f32bbd08-7a99-416f-baa2-15dce9ae31b0"
        ],
        "accept-language": [
          "en-US"
        ],
        "User-Agent": [
          "FxVersion/4.6.26614.01",
          "OSName/Windows",
          "OSVersion/Microsoft.Windows.10.0.19041.",
          "Microsoft.Azure.Management.ResourceManager.ResourceManagementClient/1.6.0.0"
        ]
      },
      "ResponseHeaders": {
        "Cache-Control": [
          "no-cache"
        ],
        "Date": [
          "Sat, 13 Jun 2020 01:39:22 GMT"
        ],
        "Pragma": [
          "no-cache"
        ],
        "Location": [
          "https://management.azure.com/subscriptions/24fb23e3-6ba3-41f0-9b6e-e41131d5d61e/operationresults/eyJqb2JJZCI6IlJFU09VUkNFR1JPVVBERUxFVElPTkpPQi1DUlBURVNUQVIxNjY1MS1FQVNUVVMyIiwiam9iTG9jYXRpb24iOiJlYXN0dXMyIn0?api-version=2017-05-10"
        ],
        "Retry-After": [
          "15"
        ],
        "x-ms-ratelimit-remaining-subscription-deletes": [
          "14999"
        ],
        "x-ms-request-id": [
          "fdd59174-4778-4203-afb7-c029eaf3c676"
        ],
        "x-ms-correlation-request-id": [
          "fdd59174-4778-4203-afb7-c029eaf3c676"
        ],
        "x-ms-routing-request-id": [
          "WESTUS:20200613T013922Z:fdd59174-4778-4203-afb7-c029eaf3c676"
        ],
        "Strict-Transport-Security": [
          "max-age=31536000; includeSubDomains"
        ],
        "X-Content-Type-Options": [
          "nosniff"
        ],
        "Content-Length": [
          "0"
        ],
        "Expires": [
          "-1"
        ]
      },
      "ResponseBody": "",
      "StatusCode": 202
    },
    {
      "RequestUri": "/subscriptions/24fb23e3-6ba3-41f0-9b6e-e41131d5d61e/operationresults/eyJqb2JJZCI6IlJFU09VUkNFR1JPVVBERUxFVElPTkpPQi1DUlBURVNUQVIxNjY1MS1FQVNUVVMyIiwiam9iTG9jYXRpb24iOiJlYXN0dXMyIn0?api-version=2017-05-10",
      "EncodedRequestUri": "L3N1YnNjcmlwdGlvbnMvMjRmYjIzZTMtNmJhMy00MWYwLTliNmUtZTQxMTMxZDVkNjFlL29wZXJhdGlvbnJlc3VsdHMvZXlKcWIySkpaQ0k2SWxKRlUwOVZVa05GUjFKUFZWQkVSVXhGVkVsUFRrcFBRaTFEVWxCVVJWTlVRVkl4TmpZMU1TMUZRVk5VVlZNeUlpd2lhbTlpVEc5allYUnBiMjRpT2lKbFlYTjBkWE15SW4wP2FwaS12ZXJzaW9uPTIwMTctMDUtMTA=",
      "RequestMethod": "GET",
      "RequestBody": "",
      "RequestHeaders": {
        "User-Agent": [
          "FxVersion/4.6.26614.01",
          "OSName/Windows",
          "OSVersion/Microsoft.Windows.10.0.19041.",
          "Microsoft.Azure.Management.ResourceManager.ResourceManagementClient/1.6.0.0"
        ]
      },
      "ResponseHeaders": {
        "Cache-Control": [
          "no-cache"
        ],
        "Date": [
          "Sat, 13 Jun 2020 01:39:37 GMT"
        ],
        "Pragma": [
          "no-cache"
        ],
        "Location": [
          "https://management.azure.com/subscriptions/24fb23e3-6ba3-41f0-9b6e-e41131d5d61e/operationresults/eyJqb2JJZCI6IlJFU09VUkNFR1JPVVBERUxFVElPTkpPQi1DUlBURVNUQVIxNjY1MS1FQVNUVVMyIiwiam9iTG9jYXRpb24iOiJlYXN0dXMyIn0?api-version=2017-05-10"
        ],
        "Retry-After": [
          "15"
        ],
        "x-ms-ratelimit-remaining-subscription-reads": [
          "11999"
        ],
        "x-ms-request-id": [
          "60185322-a094-4e45-baf2-9bc66b3fc6af"
        ],
        "x-ms-correlation-request-id": [
          "60185322-a094-4e45-baf2-9bc66b3fc6af"
        ],
        "x-ms-routing-request-id": [
          "WESTUS:20200613T013937Z:60185322-a094-4e45-baf2-9bc66b3fc6af"
        ],
        "Strict-Transport-Security": [
          "max-age=31536000; includeSubDomains"
        ],
        "X-Content-Type-Options": [
          "nosniff"
        ],
        "Content-Length": [
          "0"
        ],
        "Expires": [
          "-1"
        ]
      },
      "ResponseBody": "",
      "StatusCode": 202
    },
    {
      "RequestUri": "/subscriptions/24fb23e3-6ba3-41f0-9b6e-e41131d5d61e/operationresults/eyJqb2JJZCI6IlJFU09VUkNFR1JPVVBERUxFVElPTkpPQi1DUlBURVNUQVIxNjY1MS1FQVNUVVMyIiwiam9iTG9jYXRpb24iOiJlYXN0dXMyIn0?api-version=2017-05-10",
      "EncodedRequestUri": "L3N1YnNjcmlwdGlvbnMvMjRmYjIzZTMtNmJhMy00MWYwLTliNmUtZTQxMTMxZDVkNjFlL29wZXJhdGlvbnJlc3VsdHMvZXlKcWIySkpaQ0k2SWxKRlUwOVZVa05GUjFKUFZWQkVSVXhGVkVsUFRrcFBRaTFEVWxCVVJWTlVRVkl4TmpZMU1TMUZRVk5VVlZNeUlpd2lhbTlpVEc5allYUnBiMjRpT2lKbFlYTjBkWE15SW4wP2FwaS12ZXJzaW9uPTIwMTctMDUtMTA=",
      "RequestMethod": "GET",
      "RequestBody": "",
      "RequestHeaders": {
        "User-Agent": [
          "FxVersion/4.6.26614.01",
          "OSName/Windows",
          "OSVersion/Microsoft.Windows.10.0.19041.",
          "Microsoft.Azure.Management.ResourceManager.ResourceManagementClient/1.6.0.0"
        ]
      },
      "ResponseHeaders": {
        "Cache-Control": [
          "no-cache"
        ],
        "Date": [
          "Sat, 13 Jun 2020 01:39:52 GMT"
        ],
        "Pragma": [
          "no-cache"
        ],
        "Location": [
          "https://management.azure.com/subscriptions/24fb23e3-6ba3-41f0-9b6e-e41131d5d61e/operationresults/eyJqb2JJZCI6IlJFU09VUkNFR1JPVVBERUxFVElPTkpPQi1DUlBURVNUQVIxNjY1MS1FQVNUVVMyIiwiam9iTG9jYXRpb24iOiJlYXN0dXMyIn0?api-version=2017-05-10"
        ],
        "Retry-After": [
          "15"
        ],
        "x-ms-ratelimit-remaining-subscription-reads": [
          "11998"
        ],
        "x-ms-request-id": [
          "dabc8ebf-dc8c-463a-8ec7-5880b857d8d0"
        ],
        "x-ms-correlation-request-id": [
          "dabc8ebf-dc8c-463a-8ec7-5880b857d8d0"
        ],
        "x-ms-routing-request-id": [
          "WESTUS:20200613T013952Z:dabc8ebf-dc8c-463a-8ec7-5880b857d8d0"
        ],
        "Strict-Transport-Security": [
          "max-age=31536000; includeSubDomains"
        ],
        "X-Content-Type-Options": [
          "nosniff"
        ],
        "Content-Length": [
          "0"
        ],
        "Expires": [
          "-1"
        ]
      },
      "ResponseBody": "",
      "StatusCode": 202
    },
    {
      "RequestUri": "/subscriptions/24fb23e3-6ba3-41f0-9b6e-e41131d5d61e/operationresults/eyJqb2JJZCI6IlJFU09VUkNFR1JPVVBERUxFVElPTkpPQi1DUlBURVNUQVIxNjY1MS1FQVNUVVMyIiwiam9iTG9jYXRpb24iOiJlYXN0dXMyIn0?api-version=2017-05-10",
      "EncodedRequestUri": "L3N1YnNjcmlwdGlvbnMvMjRmYjIzZTMtNmJhMy00MWYwLTliNmUtZTQxMTMxZDVkNjFlL29wZXJhdGlvbnJlc3VsdHMvZXlKcWIySkpaQ0k2SWxKRlUwOVZVa05GUjFKUFZWQkVSVXhGVkVsUFRrcFBRaTFEVWxCVVJWTlVRVkl4TmpZMU1TMUZRVk5VVlZNeUlpd2lhbTlpVEc5allYUnBiMjRpT2lKbFlYTjBkWE15SW4wP2FwaS12ZXJzaW9uPTIwMTctMDUtMTA=",
      "RequestMethod": "GET",
      "RequestBody": "",
      "RequestHeaders": {
        "User-Agent": [
          "FxVersion/4.6.26614.01",
          "OSName/Windows",
          "OSVersion/Microsoft.Windows.10.0.19041.",
          "Microsoft.Azure.Management.ResourceManager.ResourceManagementClient/1.6.0.0"
        ]
      },
      "ResponseHeaders": {
        "Cache-Control": [
          "no-cache"
        ],
        "Date": [
          "Sat, 13 Jun 2020 01:40:07 GMT"
        ],
        "Pragma": [
          "no-cache"
        ],
        "Location": [
          "https://management.azure.com/subscriptions/24fb23e3-6ba3-41f0-9b6e-e41131d5d61e/operationresults/eyJqb2JJZCI6IlJFU09VUkNFR1JPVVBERUxFVElPTkpPQi1DUlBURVNUQVIxNjY1MS1FQVNUVVMyIiwiam9iTG9jYXRpb24iOiJlYXN0dXMyIn0?api-version=2017-05-10"
        ],
        "Retry-After": [
          "15"
        ],
        "x-ms-ratelimit-remaining-subscription-reads": [
          "11997"
        ],
        "x-ms-request-id": [
          "a0eb6475-b5b1-4348-a445-d864b460b28e"
        ],
        "x-ms-correlation-request-id": [
          "a0eb6475-b5b1-4348-a445-d864b460b28e"
        ],
        "x-ms-routing-request-id": [
          "WESTUS:20200613T014007Z:a0eb6475-b5b1-4348-a445-d864b460b28e"
        ],
        "Strict-Transport-Security": [
          "max-age=31536000; includeSubDomains"
        ],
        "X-Content-Type-Options": [
          "nosniff"
        ],
        "Content-Length": [
          "0"
        ],
        "Expires": [
          "-1"
        ]
      },
      "ResponseBody": "",
      "StatusCode": 202
    },
    {
      "RequestUri": "/subscriptions/24fb23e3-6ba3-41f0-9b6e-e41131d5d61e/operationresults/eyJqb2JJZCI6IlJFU09VUkNFR1JPVVBERUxFVElPTkpPQi1DUlBURVNUQVIxNjY1MS1FQVNUVVMyIiwiam9iTG9jYXRpb24iOiJlYXN0dXMyIn0?api-version=2017-05-10",
      "EncodedRequestUri": "L3N1YnNjcmlwdGlvbnMvMjRmYjIzZTMtNmJhMy00MWYwLTliNmUtZTQxMTMxZDVkNjFlL29wZXJhdGlvbnJlc3VsdHMvZXlKcWIySkpaQ0k2SWxKRlUwOVZVa05GUjFKUFZWQkVSVXhGVkVsUFRrcFBRaTFEVWxCVVJWTlVRVkl4TmpZMU1TMUZRVk5VVlZNeUlpd2lhbTlpVEc5allYUnBiMjRpT2lKbFlYTjBkWE15SW4wP2FwaS12ZXJzaW9uPTIwMTctMDUtMTA=",
      "RequestMethod": "GET",
      "RequestBody": "",
      "RequestHeaders": {
        "User-Agent": [
          "FxVersion/4.6.26614.01",
          "OSName/Windows",
          "OSVersion/Microsoft.Windows.10.0.19041.",
          "Microsoft.Azure.Management.ResourceManager.ResourceManagementClient/1.6.0.0"
        ]
      },
      "ResponseHeaders": {
        "Cache-Control": [
          "no-cache"
        ],
        "Date": [
          "Sat, 13 Jun 2020 01:40:22 GMT"
        ],
        "Pragma": [
          "no-cache"
        ],
        "Location": [
          "https://management.azure.com/subscriptions/24fb23e3-6ba3-41f0-9b6e-e41131d5d61e/operationresults/eyJqb2JJZCI6IlJFU09VUkNFR1JPVVBERUxFVElPTkpPQi1DUlBURVNUQVIxNjY1MS1FQVNUVVMyIiwiam9iTG9jYXRpb24iOiJlYXN0dXMyIn0?api-version=2017-05-10"
        ],
        "Retry-After": [
          "15"
        ],
        "x-ms-ratelimit-remaining-subscription-reads": [
          "11996"
        ],
        "x-ms-request-id": [
          "de6a8f00-5c43-4cb3-b173-dacf84f5d964"
        ],
        "x-ms-correlation-request-id": [
          "de6a8f00-5c43-4cb3-b173-dacf84f5d964"
        ],
        "x-ms-routing-request-id": [
          "WESTUS:20200613T014022Z:de6a8f00-5c43-4cb3-b173-dacf84f5d964"
        ],
        "Strict-Transport-Security": [
          "max-age=31536000; includeSubDomains"
        ],
        "X-Content-Type-Options": [
          "nosniff"
        ],
        "Content-Length": [
          "0"
        ],
        "Expires": [
          "-1"
        ]
      },
      "ResponseBody": "",
      "StatusCode": 202
    },
    {
      "RequestUri": "/subscriptions/24fb23e3-6ba3-41f0-9b6e-e41131d5d61e/operationresults/eyJqb2JJZCI6IlJFU09VUkNFR1JPVVBERUxFVElPTkpPQi1DUlBURVNUQVIxNjY1MS1FQVNUVVMyIiwiam9iTG9jYXRpb24iOiJlYXN0dXMyIn0?api-version=2017-05-10",
      "EncodedRequestUri": "L3N1YnNjcmlwdGlvbnMvMjRmYjIzZTMtNmJhMy00MWYwLTliNmUtZTQxMTMxZDVkNjFlL29wZXJhdGlvbnJlc3VsdHMvZXlKcWIySkpaQ0k2SWxKRlUwOVZVa05GUjFKUFZWQkVSVXhGVkVsUFRrcFBRaTFEVWxCVVJWTlVRVkl4TmpZMU1TMUZRVk5VVlZNeUlpd2lhbTlpVEc5allYUnBiMjRpT2lKbFlYTjBkWE15SW4wP2FwaS12ZXJzaW9uPTIwMTctMDUtMTA=",
      "RequestMethod": "GET",
      "RequestBody": "",
      "RequestHeaders": {
        "User-Agent": [
          "FxVersion/4.6.26614.01",
          "OSName/Windows",
          "OSVersion/Microsoft.Windows.10.0.19041.",
          "Microsoft.Azure.Management.ResourceManager.ResourceManagementClient/1.6.0.0"
        ]
      },
      "ResponseHeaders": {
        "Cache-Control": [
          "no-cache"
        ],
        "Date": [
          "Sat, 13 Jun 2020 01:40:37 GMT"
        ],
        "Pragma": [
          "no-cache"
        ],
        "Location": [
          "https://management.azure.com/subscriptions/24fb23e3-6ba3-41f0-9b6e-e41131d5d61e/operationresults/eyJqb2JJZCI6IlJFU09VUkNFR1JPVVBERUxFVElPTkpPQi1DUlBURVNUQVIxNjY1MS1FQVNUVVMyIiwiam9iTG9jYXRpb24iOiJlYXN0dXMyIn0?api-version=2017-05-10"
        ],
        "Retry-After": [
          "15"
        ],
        "x-ms-ratelimit-remaining-subscription-reads": [
          "11995"
        ],
        "x-ms-request-id": [
          "ed78c4eb-536b-4c74-b24f-2b6ab48622e2"
        ],
        "x-ms-correlation-request-id": [
          "ed78c4eb-536b-4c74-b24f-2b6ab48622e2"
        ],
        "x-ms-routing-request-id": [
          "WESTUS:20200613T014038Z:ed78c4eb-536b-4c74-b24f-2b6ab48622e2"
        ],
        "Strict-Transport-Security": [
          "max-age=31536000; includeSubDomains"
        ],
        "X-Content-Type-Options": [
          "nosniff"
        ],
        "Content-Length": [
          "0"
        ],
        "Expires": [
          "-1"
        ]
      },
      "ResponseBody": "",
      "StatusCode": 202
    },
    {
      "RequestUri": "/subscriptions/24fb23e3-6ba3-41f0-9b6e-e41131d5d61e/operationresults/eyJqb2JJZCI6IlJFU09VUkNFR1JPVVBERUxFVElPTkpPQi1DUlBURVNUQVIxNjY1MS1FQVNUVVMyIiwiam9iTG9jYXRpb24iOiJlYXN0dXMyIn0?api-version=2017-05-10",
      "EncodedRequestUri": "L3N1YnNjcmlwdGlvbnMvMjRmYjIzZTMtNmJhMy00MWYwLTliNmUtZTQxMTMxZDVkNjFlL29wZXJhdGlvbnJlc3VsdHMvZXlKcWIySkpaQ0k2SWxKRlUwOVZVa05GUjFKUFZWQkVSVXhGVkVsUFRrcFBRaTFEVWxCVVJWTlVRVkl4TmpZMU1TMUZRVk5VVlZNeUlpd2lhbTlpVEc5allYUnBiMjRpT2lKbFlYTjBkWE15SW4wP2FwaS12ZXJzaW9uPTIwMTctMDUtMTA=",
      "RequestMethod": "GET",
      "RequestBody": "",
      "RequestHeaders": {
        "User-Agent": [
          "FxVersion/4.6.26614.01",
          "OSName/Windows",
          "OSVersion/Microsoft.Windows.10.0.19041.",
          "Microsoft.Azure.Management.ResourceManager.ResourceManagementClient/1.6.0.0"
        ]
      },
      "ResponseHeaders": {
        "Cache-Control": [
          "no-cache"
        ],
        "Date": [
          "Sat, 13 Jun 2020 01:40:53 GMT"
        ],
        "Pragma": [
          "no-cache"
        ],
        "Location": [
          "https://management.azure.com/subscriptions/24fb23e3-6ba3-41f0-9b6e-e41131d5d61e/operationresults/eyJqb2JJZCI6IlJFU09VUkNFR1JPVVBERUxFVElPTkpPQi1DUlBURVNUQVIxNjY1MS1FQVNUVVMyIiwiam9iTG9jYXRpb24iOiJlYXN0dXMyIn0?api-version=2017-05-10"
        ],
        "Retry-After": [
          "15"
        ],
        "x-ms-ratelimit-remaining-subscription-reads": [
          "11994"
        ],
        "x-ms-request-id": [
          "54860490-52ae-4df0-8b4e-2ac8429f7dcc"
        ],
        "x-ms-correlation-request-id": [
          "54860490-52ae-4df0-8b4e-2ac8429f7dcc"
        ],
        "x-ms-routing-request-id": [
          "WESTUS:20200613T014053Z:54860490-52ae-4df0-8b4e-2ac8429f7dcc"
        ],
        "Strict-Transport-Security": [
          "max-age=31536000; includeSubDomains"
        ],
        "X-Content-Type-Options": [
          "nosniff"
        ],
        "Content-Length": [
          "0"
        ],
        "Expires": [
          "-1"
        ]
      },
      "ResponseBody": "",
      "StatusCode": 202
    },
    {
      "RequestUri": "/subscriptions/24fb23e3-6ba3-41f0-9b6e-e41131d5d61e/operationresults/eyJqb2JJZCI6IlJFU09VUkNFR1JPVVBERUxFVElPTkpPQi1DUlBURVNUQVIxNjY1MS1FQVNUVVMyIiwiam9iTG9jYXRpb24iOiJlYXN0dXMyIn0?api-version=2017-05-10",
      "EncodedRequestUri": "L3N1YnNjcmlwdGlvbnMvMjRmYjIzZTMtNmJhMy00MWYwLTliNmUtZTQxMTMxZDVkNjFlL29wZXJhdGlvbnJlc3VsdHMvZXlKcWIySkpaQ0k2SWxKRlUwOVZVa05GUjFKUFZWQkVSVXhGVkVsUFRrcFBRaTFEVWxCVVJWTlVRVkl4TmpZMU1TMUZRVk5VVlZNeUlpd2lhbTlpVEc5allYUnBiMjRpT2lKbFlYTjBkWE15SW4wP2FwaS12ZXJzaW9uPTIwMTctMDUtMTA=",
      "RequestMethod": "GET",
      "RequestBody": "",
      "RequestHeaders": {
        "User-Agent": [
          "FxVersion/4.6.26614.01",
          "OSName/Windows",
          "OSVersion/Microsoft.Windows.10.0.19041.",
          "Microsoft.Azure.Management.ResourceManager.ResourceManagementClient/1.6.0.0"
        ]
      },
      "ResponseHeaders": {
        "Cache-Control": [
          "no-cache"
        ],
        "Date": [
          "Sat, 13 Jun 2020 01:41:08 GMT"
        ],
        "Pragma": [
          "no-cache"
        ],
        "Location": [
          "https://management.azure.com/subscriptions/24fb23e3-6ba3-41f0-9b6e-e41131d5d61e/operationresults/eyJqb2JJZCI6IlJFU09VUkNFR1JPVVBERUxFVElPTkpPQi1DUlBURVNUQVIxNjY1MS1FQVNUVVMyIiwiam9iTG9jYXRpb24iOiJlYXN0dXMyIn0?api-version=2017-05-10"
        ],
        "Retry-After": [
          "15"
        ],
        "x-ms-ratelimit-remaining-subscription-reads": [
          "11993"
        ],
        "x-ms-request-id": [
          "832495b2-e334-4536-9ac3-d789ea32372a"
        ],
        "x-ms-correlation-request-id": [
          "832495b2-e334-4536-9ac3-d789ea32372a"
        ],
        "x-ms-routing-request-id": [
          "WESTUS:20200613T014108Z:832495b2-e334-4536-9ac3-d789ea32372a"
        ],
        "Strict-Transport-Security": [
          "max-age=31536000; includeSubDomains"
        ],
        "X-Content-Type-Options": [
          "nosniff"
        ],
        "Content-Length": [
          "0"
        ],
        "Expires": [
          "-1"
        ]
      },
      "ResponseBody": "",
      "StatusCode": 202
    },
    {
      "RequestUri": "/subscriptions/24fb23e3-6ba3-41f0-9b6e-e41131d5d61e/operationresults/eyJqb2JJZCI6IlJFU09VUkNFR1JPVVBERUxFVElPTkpPQi1DUlBURVNUQVIxNjY1MS1FQVNUVVMyIiwiam9iTG9jYXRpb24iOiJlYXN0dXMyIn0?api-version=2017-05-10",
      "EncodedRequestUri": "L3N1YnNjcmlwdGlvbnMvMjRmYjIzZTMtNmJhMy00MWYwLTliNmUtZTQxMTMxZDVkNjFlL29wZXJhdGlvbnJlc3VsdHMvZXlKcWIySkpaQ0k2SWxKRlUwOVZVa05GUjFKUFZWQkVSVXhGVkVsUFRrcFBRaTFEVWxCVVJWTlVRVkl4TmpZMU1TMUZRVk5VVlZNeUlpd2lhbTlpVEc5allYUnBiMjRpT2lKbFlYTjBkWE15SW4wP2FwaS12ZXJzaW9uPTIwMTctMDUtMTA=",
      "RequestMethod": "GET",
      "RequestBody": "",
      "RequestHeaders": {
        "User-Agent": [
          "FxVersion/4.6.26614.01",
          "OSName/Windows",
          "OSVersion/Microsoft.Windows.10.0.19041.",
          "Microsoft.Azure.Management.ResourceManager.ResourceManagementClient/1.6.0.0"
        ]
      },
      "ResponseHeaders": {
        "Cache-Control": [
          "no-cache"
        ],
        "Date": [
          "Sat, 13 Jun 2020 01:41:23 GMT"
        ],
        "Pragma": [
          "no-cache"
        ],
        "Location": [
          "https://management.azure.com/subscriptions/24fb23e3-6ba3-41f0-9b6e-e41131d5d61e/operationresults/eyJqb2JJZCI6IlJFU09VUkNFR1JPVVBERUxFVElPTkpPQi1DUlBURVNUQVIxNjY1MS1FQVNUVVMyIiwiam9iTG9jYXRpb24iOiJlYXN0dXMyIn0?api-version=2017-05-10"
        ],
        "Retry-After": [
          "15"
        ],
        "x-ms-ratelimit-remaining-subscription-reads": [
          "11992"
        ],
        "x-ms-request-id": [
          "a6b1f5c5-6092-4187-a318-345a1633b282"
        ],
        "x-ms-correlation-request-id": [
          "a6b1f5c5-6092-4187-a318-345a1633b282"
        ],
        "x-ms-routing-request-id": [
          "WESTUS:20200613T014123Z:a6b1f5c5-6092-4187-a318-345a1633b282"
        ],
        "Strict-Transport-Security": [
          "max-age=31536000; includeSubDomains"
        ],
        "X-Content-Type-Options": [
          "nosniff"
        ],
        "Content-Length": [
          "0"
        ],
        "Expires": [
          "-1"
        ]
      },
      "ResponseBody": "",
      "StatusCode": 202
    },
    {
      "RequestUri": "/subscriptions/24fb23e3-6ba3-41f0-9b6e-e41131d5d61e/operationresults/eyJqb2JJZCI6IlJFU09VUkNFR1JPVVBERUxFVElPTkpPQi1DUlBURVNUQVIxNjY1MS1FQVNUVVMyIiwiam9iTG9jYXRpb24iOiJlYXN0dXMyIn0?api-version=2017-05-10",
      "EncodedRequestUri": "L3N1YnNjcmlwdGlvbnMvMjRmYjIzZTMtNmJhMy00MWYwLTliNmUtZTQxMTMxZDVkNjFlL29wZXJhdGlvbnJlc3VsdHMvZXlKcWIySkpaQ0k2SWxKRlUwOVZVa05GUjFKUFZWQkVSVXhGVkVsUFRrcFBRaTFEVWxCVVJWTlVRVkl4TmpZMU1TMUZRVk5VVlZNeUlpd2lhbTlpVEc5allYUnBiMjRpT2lKbFlYTjBkWE15SW4wP2FwaS12ZXJzaW9uPTIwMTctMDUtMTA=",
      "RequestMethod": "GET",
      "RequestBody": "",
      "RequestHeaders": {
        "User-Agent": [
          "FxVersion/4.6.26614.01",
          "OSName/Windows",
          "OSVersion/Microsoft.Windows.10.0.19041.",
          "Microsoft.Azure.Management.ResourceManager.ResourceManagementClient/1.6.0.0"
        ]
      },
      "ResponseHeaders": {
        "Cache-Control": [
          "no-cache"
        ],
        "Date": [
          "Sat, 13 Jun 2020 01:41:38 GMT"
        ],
        "Pragma": [
          "no-cache"
        ],
        "Location": [
          "https://management.azure.com/subscriptions/24fb23e3-6ba3-41f0-9b6e-e41131d5d61e/operationresults/eyJqb2JJZCI6IlJFU09VUkNFR1JPVVBERUxFVElPTkpPQi1DUlBURVNUQVIxNjY1MS1FQVNUVVMyIiwiam9iTG9jYXRpb24iOiJlYXN0dXMyIn0?api-version=2017-05-10"
        ],
        "Retry-After": [
          "15"
        ],
        "x-ms-ratelimit-remaining-subscription-reads": [
          "11991"
        ],
        "x-ms-request-id": [
          "6118a020-e6bf-4e33-939e-f66ba049d5fd"
        ],
        "x-ms-correlation-request-id": [
          "6118a020-e6bf-4e33-939e-f66ba049d5fd"
        ],
        "x-ms-routing-request-id": [
          "WESTUS:20200613T014138Z:6118a020-e6bf-4e33-939e-f66ba049d5fd"
        ],
        "Strict-Transport-Security": [
          "max-age=31536000; includeSubDomains"
        ],
        "X-Content-Type-Options": [
          "nosniff"
        ],
        "Content-Length": [
          "0"
        ],
        "Expires": [
          "-1"
        ]
      },
      "ResponseBody": "",
      "StatusCode": 202
    },
    {
      "RequestUri": "/subscriptions/24fb23e3-6ba3-41f0-9b6e-e41131d5d61e/operationresults/eyJqb2JJZCI6IlJFU09VUkNFR1JPVVBERUxFVElPTkpPQi1DUlBURVNUQVIxNjY1MS1FQVNUVVMyIiwiam9iTG9jYXRpb24iOiJlYXN0dXMyIn0?api-version=2017-05-10",
      "EncodedRequestUri": "L3N1YnNjcmlwdGlvbnMvMjRmYjIzZTMtNmJhMy00MWYwLTliNmUtZTQxMTMxZDVkNjFlL29wZXJhdGlvbnJlc3VsdHMvZXlKcWIySkpaQ0k2SWxKRlUwOVZVa05GUjFKUFZWQkVSVXhGVkVsUFRrcFBRaTFEVWxCVVJWTlVRVkl4TmpZMU1TMUZRVk5VVlZNeUlpd2lhbTlpVEc5allYUnBiMjRpT2lKbFlYTjBkWE15SW4wP2FwaS12ZXJzaW9uPTIwMTctMDUtMTA=",
      "RequestMethod": "GET",
      "RequestBody": "",
      "RequestHeaders": {
        "User-Agent": [
          "FxVersion/4.6.26614.01",
          "OSName/Windows",
          "OSVersion/Microsoft.Windows.10.0.19041.",
          "Microsoft.Azure.Management.ResourceManager.ResourceManagementClient/1.6.0.0"
        ]
      },
      "ResponseHeaders": {
        "Cache-Control": [
          "no-cache"
        ],
        "Date": [
          "Sat, 13 Jun 2020 01:41:53 GMT"
        ],
        "Pragma": [
          "no-cache"
        ],
        "Location": [
          "https://management.azure.com/subscriptions/24fb23e3-6ba3-41f0-9b6e-e41131d5d61e/operationresults/eyJqb2JJZCI6IlJFU09VUkNFR1JPVVBERUxFVElPTkpPQi1DUlBURVNUQVIxNjY1MS1FQVNUVVMyIiwiam9iTG9jYXRpb24iOiJlYXN0dXMyIn0?api-version=2017-05-10"
        ],
        "Retry-After": [
          "15"
        ],
        "x-ms-ratelimit-remaining-subscription-reads": [
          "11990"
        ],
        "x-ms-request-id": [
          "d225ac79-5e55-4b37-8fe5-493a08298100"
        ],
        "x-ms-correlation-request-id": [
          "d225ac79-5e55-4b37-8fe5-493a08298100"
        ],
        "x-ms-routing-request-id": [
          "WESTUS:20200613T014154Z:d225ac79-5e55-4b37-8fe5-493a08298100"
        ],
        "Strict-Transport-Security": [
          "max-age=31536000; includeSubDomains"
        ],
        "X-Content-Type-Options": [
          "nosniff"
        ],
        "Content-Length": [
          "0"
        ],
        "Expires": [
          "-1"
        ]
      },
      "ResponseBody": "",
      "StatusCode": 202
    },
    {
      "RequestUri": "/subscriptions/24fb23e3-6ba3-41f0-9b6e-e41131d5d61e/operationresults/eyJqb2JJZCI6IlJFU09VUkNFR1JPVVBERUxFVElPTkpPQi1DUlBURVNUQVIxNjY1MS1FQVNUVVMyIiwiam9iTG9jYXRpb24iOiJlYXN0dXMyIn0?api-version=2017-05-10",
      "EncodedRequestUri": "L3N1YnNjcmlwdGlvbnMvMjRmYjIzZTMtNmJhMy00MWYwLTliNmUtZTQxMTMxZDVkNjFlL29wZXJhdGlvbnJlc3VsdHMvZXlKcWIySkpaQ0k2SWxKRlUwOVZVa05GUjFKUFZWQkVSVXhGVkVsUFRrcFBRaTFEVWxCVVJWTlVRVkl4TmpZMU1TMUZRVk5VVlZNeUlpd2lhbTlpVEc5allYUnBiMjRpT2lKbFlYTjBkWE15SW4wP2FwaS12ZXJzaW9uPTIwMTctMDUtMTA=",
      "RequestMethod": "GET",
      "RequestBody": "",
      "RequestHeaders": {
        "User-Agent": [
          "FxVersion/4.6.26614.01",
          "OSName/Windows",
          "OSVersion/Microsoft.Windows.10.0.19041.",
          "Microsoft.Azure.Management.ResourceManager.ResourceManagementClient/1.6.0.0"
        ]
      },
      "ResponseHeaders": {
        "Cache-Control": [
          "no-cache"
        ],
        "Date": [
          "Sat, 13 Jun 2020 01:42:08 GMT"
        ],
        "Pragma": [
          "no-cache"
        ],
        "Location": [
          "https://management.azure.com/subscriptions/24fb23e3-6ba3-41f0-9b6e-e41131d5d61e/operationresults/eyJqb2JJZCI6IlJFU09VUkNFR1JPVVBERUxFVElPTkpPQi1DUlBURVNUQVIxNjY1MS1FQVNUVVMyIiwiam9iTG9jYXRpb24iOiJlYXN0dXMyIn0?api-version=2017-05-10"
        ],
        "Retry-After": [
          "15"
        ],
        "x-ms-ratelimit-remaining-subscription-reads": [
          "11989"
        ],
        "x-ms-request-id": [
          "bfef0d96-cc9e-4197-bada-05dbd0e2dd1c"
        ],
        "x-ms-correlation-request-id": [
          "bfef0d96-cc9e-4197-bada-05dbd0e2dd1c"
        ],
        "x-ms-routing-request-id": [
          "WESTUS:20200613T014209Z:bfef0d96-cc9e-4197-bada-05dbd0e2dd1c"
        ],
        "Strict-Transport-Security": [
          "max-age=31536000; includeSubDomains"
        ],
        "X-Content-Type-Options": [
          "nosniff"
        ],
        "Content-Length": [
          "0"
        ],
        "Expires": [
          "-1"
        ]
      },
      "ResponseBody": "",
      "StatusCode": 202
    },
    {
      "RequestUri": "/subscriptions/24fb23e3-6ba3-41f0-9b6e-e41131d5d61e/operationresults/eyJqb2JJZCI6IlJFU09VUkNFR1JPVVBERUxFVElPTkpPQi1DUlBURVNUQVIxNjY1MS1FQVNUVVMyIiwiam9iTG9jYXRpb24iOiJlYXN0dXMyIn0?api-version=2017-05-10",
      "EncodedRequestUri": "L3N1YnNjcmlwdGlvbnMvMjRmYjIzZTMtNmJhMy00MWYwLTliNmUtZTQxMTMxZDVkNjFlL29wZXJhdGlvbnJlc3VsdHMvZXlKcWIySkpaQ0k2SWxKRlUwOVZVa05GUjFKUFZWQkVSVXhGVkVsUFRrcFBRaTFEVWxCVVJWTlVRVkl4TmpZMU1TMUZRVk5VVlZNeUlpd2lhbTlpVEc5allYUnBiMjRpT2lKbFlYTjBkWE15SW4wP2FwaS12ZXJzaW9uPTIwMTctMDUtMTA=",
      "RequestMethod": "GET",
      "RequestBody": "",
      "RequestHeaders": {
        "User-Agent": [
          "FxVersion/4.6.26614.01",
          "OSName/Windows",
          "OSVersion/Microsoft.Windows.10.0.19041.",
          "Microsoft.Azure.Management.ResourceManager.ResourceManagementClient/1.6.0.0"
        ]
      },
      "ResponseHeaders": {
        "Cache-Control": [
          "no-cache"
        ],
        "Date": [
          "Sat, 13 Jun 2020 01:42:23 GMT"
        ],
        "Pragma": [
          "no-cache"
        ],
        "Location": [
          "https://management.azure.com/subscriptions/24fb23e3-6ba3-41f0-9b6e-e41131d5d61e/operationresults/eyJqb2JJZCI6IlJFU09VUkNFR1JPVVBERUxFVElPTkpPQi1DUlBURVNUQVIxNjY1MS1FQVNUVVMyIiwiam9iTG9jYXRpb24iOiJlYXN0dXMyIn0?api-version=2017-05-10"
        ],
        "Retry-After": [
          "15"
        ],
        "x-ms-ratelimit-remaining-subscription-reads": [
          "11988"
        ],
        "x-ms-request-id": [
          "0135722f-6932-4968-a470-099651018fb0"
        ],
        "x-ms-correlation-request-id": [
          "0135722f-6932-4968-a470-099651018fb0"
        ],
        "x-ms-routing-request-id": [
          "WESTUS:20200613T014224Z:0135722f-6932-4968-a470-099651018fb0"
        ],
        "Strict-Transport-Security": [
          "max-age=31536000; includeSubDomains"
        ],
        "X-Content-Type-Options": [
          "nosniff"
        ],
        "Content-Length": [
          "0"
        ],
        "Expires": [
          "-1"
        ]
      },
      "ResponseBody": "",
      "StatusCode": 202
    },
    {
      "RequestUri": "/subscriptions/24fb23e3-6ba3-41f0-9b6e-e41131d5d61e/operationresults/eyJqb2JJZCI6IlJFU09VUkNFR1JPVVBERUxFVElPTkpPQi1DUlBURVNUQVIxNjY1MS1FQVNUVVMyIiwiam9iTG9jYXRpb24iOiJlYXN0dXMyIn0?api-version=2017-05-10",
      "EncodedRequestUri": "L3N1YnNjcmlwdGlvbnMvMjRmYjIzZTMtNmJhMy00MWYwLTliNmUtZTQxMTMxZDVkNjFlL29wZXJhdGlvbnJlc3VsdHMvZXlKcWIySkpaQ0k2SWxKRlUwOVZVa05GUjFKUFZWQkVSVXhGVkVsUFRrcFBRaTFEVWxCVVJWTlVRVkl4TmpZMU1TMUZRVk5VVlZNeUlpd2lhbTlpVEc5allYUnBiMjRpT2lKbFlYTjBkWE15SW4wP2FwaS12ZXJzaW9uPTIwMTctMDUtMTA=",
      "RequestMethod": "GET",
      "RequestBody": "",
      "RequestHeaders": {
        "User-Agent": [
          "FxVersion/4.6.26614.01",
          "OSName/Windows",
          "OSVersion/Microsoft.Windows.10.0.19041.",
          "Microsoft.Azure.Management.ResourceManager.ResourceManagementClient/1.6.0.0"
        ]
      },
      "ResponseHeaders": {
        "Cache-Control": [
          "no-cache"
        ],
        "Date": [
          "Sat, 13 Jun 2020 01:42:39 GMT"
        ],
        "Pragma": [
          "no-cache"
        ],
        "Location": [
          "https://management.azure.com/subscriptions/24fb23e3-6ba3-41f0-9b6e-e41131d5d61e/operationresults/eyJqb2JJZCI6IlJFU09VUkNFR1JPVVBERUxFVElPTkpPQi1DUlBURVNUQVIxNjY1MS1FQVNUVVMyIiwiam9iTG9jYXRpb24iOiJlYXN0dXMyIn0?api-version=2017-05-10"
        ],
        "Retry-After": [
          "15"
        ],
        "x-ms-ratelimit-remaining-subscription-reads": [
          "11987"
        ],
        "x-ms-request-id": [
          "42c2be0e-af52-40ac-b6b4-188171857881"
        ],
        "x-ms-correlation-request-id": [
          "42c2be0e-af52-40ac-b6b4-188171857881"
        ],
        "x-ms-routing-request-id": [
          "WESTUS:20200613T014239Z:42c2be0e-af52-40ac-b6b4-188171857881"
        ],
        "Strict-Transport-Security": [
          "max-age=31536000; includeSubDomains"
        ],
        "X-Content-Type-Options": [
          "nosniff"
        ],
        "Content-Length": [
          "0"
        ],
        "Expires": [
          "-1"
        ]
      },
      "ResponseBody": "",
      "StatusCode": 202
    },
    {
      "RequestUri": "/subscriptions/24fb23e3-6ba3-41f0-9b6e-e41131d5d61e/operationresults/eyJqb2JJZCI6IlJFU09VUkNFR1JPVVBERUxFVElPTkpPQi1DUlBURVNUQVIxNjY1MS1FQVNUVVMyIiwiam9iTG9jYXRpb24iOiJlYXN0dXMyIn0?api-version=2017-05-10",
      "EncodedRequestUri": "L3N1YnNjcmlwdGlvbnMvMjRmYjIzZTMtNmJhMy00MWYwLTliNmUtZTQxMTMxZDVkNjFlL29wZXJhdGlvbnJlc3VsdHMvZXlKcWIySkpaQ0k2SWxKRlUwOVZVa05GUjFKUFZWQkVSVXhGVkVsUFRrcFBRaTFEVWxCVVJWTlVRVkl4TmpZMU1TMUZRVk5VVlZNeUlpd2lhbTlpVEc5allYUnBiMjRpT2lKbFlYTjBkWE15SW4wP2FwaS12ZXJzaW9uPTIwMTctMDUtMTA=",
      "RequestMethod": "GET",
      "RequestBody": "",
      "RequestHeaders": {
        "User-Agent": [
          "FxVersion/4.6.26614.01",
          "OSName/Windows",
          "OSVersion/Microsoft.Windows.10.0.19041.",
          "Microsoft.Azure.Management.ResourceManager.ResourceManagementClient/1.6.0.0"
        ]
      },
      "ResponseHeaders": {
        "Cache-Control": [
          "no-cache"
        ],
        "Date": [
          "Sat, 13 Jun 2020 01:42:54 GMT"
        ],
        "Pragma": [
          "no-cache"
        ],
        "Location": [
          "https://management.azure.com/subscriptions/24fb23e3-6ba3-41f0-9b6e-e41131d5d61e/operationresults/eyJqb2JJZCI6IlJFU09VUkNFR1JPVVBERUxFVElPTkpPQi1DUlBURVNUQVIxNjY1MS1FQVNUVVMyIiwiam9iTG9jYXRpb24iOiJlYXN0dXMyIn0?api-version=2017-05-10"
        ],
        "Retry-After": [
          "15"
        ],
        "x-ms-ratelimit-remaining-subscription-reads": [
          "11986"
        ],
        "x-ms-request-id": [
          "cf296ac7-f99a-4d04-84e2-1a3577f566a9"
        ],
        "x-ms-correlation-request-id": [
          "cf296ac7-f99a-4d04-84e2-1a3577f566a9"
        ],
        "x-ms-routing-request-id": [
          "WESTUS:20200613T014254Z:cf296ac7-f99a-4d04-84e2-1a3577f566a9"
        ],
        "Strict-Transport-Security": [
          "max-age=31536000; includeSubDomains"
        ],
        "X-Content-Type-Options": [
          "nosniff"
        ],
        "Content-Length": [
          "0"
        ],
        "Expires": [
          "-1"
        ]
      },
      "ResponseBody": "",
      "StatusCode": 202
    },
    {
      "RequestUri": "/subscriptions/24fb23e3-6ba3-41f0-9b6e-e41131d5d61e/operationresults/eyJqb2JJZCI6IlJFU09VUkNFR1JPVVBERUxFVElPTkpPQi1DUlBURVNUQVIxNjY1MS1FQVNUVVMyIiwiam9iTG9jYXRpb24iOiJlYXN0dXMyIn0?api-version=2017-05-10",
      "EncodedRequestUri": "L3N1YnNjcmlwdGlvbnMvMjRmYjIzZTMtNmJhMy00MWYwLTliNmUtZTQxMTMxZDVkNjFlL29wZXJhdGlvbnJlc3VsdHMvZXlKcWIySkpaQ0k2SWxKRlUwOVZVa05GUjFKUFZWQkVSVXhGVkVsUFRrcFBRaTFEVWxCVVJWTlVRVkl4TmpZMU1TMUZRVk5VVlZNeUlpd2lhbTlpVEc5allYUnBiMjRpT2lKbFlYTjBkWE15SW4wP2FwaS12ZXJzaW9uPTIwMTctMDUtMTA=",
      "RequestMethod": "GET",
      "RequestBody": "",
      "RequestHeaders": {
        "User-Agent": [
          "FxVersion/4.6.26614.01",
          "OSName/Windows",
          "OSVersion/Microsoft.Windows.10.0.19041.",
          "Microsoft.Azure.Management.ResourceManager.ResourceManagementClient/1.6.0.0"
        ]
      },
      "ResponseHeaders": {
        "Cache-Control": [
          "no-cache"
        ],
        "Date": [
          "Sat, 13 Jun 2020 01:43:09 GMT"
        ],
        "Pragma": [
          "no-cache"
        ],
        "Location": [
          "https://management.azure.com/subscriptions/24fb23e3-6ba3-41f0-9b6e-e41131d5d61e/operationresults/eyJqb2JJZCI6IlJFU09VUkNFR1JPVVBERUxFVElPTkpPQi1DUlBURVNUQVIxNjY1MS1FQVNUVVMyIiwiam9iTG9jYXRpb24iOiJlYXN0dXMyIn0?api-version=2017-05-10"
        ],
        "Retry-After": [
          "15"
        ],
        "x-ms-ratelimit-remaining-subscription-reads": [
          "11985"
        ],
        "x-ms-request-id": [
          "5ef23453-36eb-4e07-abd3-da7d744e840e"
        ],
        "x-ms-correlation-request-id": [
          "5ef23453-36eb-4e07-abd3-da7d744e840e"
        ],
        "x-ms-routing-request-id": [
          "WESTUS:20200613T014309Z:5ef23453-36eb-4e07-abd3-da7d744e840e"
        ],
        "Strict-Transport-Security": [
          "max-age=31536000; includeSubDomains"
        ],
        "X-Content-Type-Options": [
          "nosniff"
        ],
        "Content-Length": [
          "0"
        ],
        "Expires": [
          "-1"
        ]
      },
      "ResponseBody": "",
      "StatusCode": 202
    },
    {
      "RequestUri": "/subscriptions/24fb23e3-6ba3-41f0-9b6e-e41131d5d61e/operationresults/eyJqb2JJZCI6IlJFU09VUkNFR1JPVVBERUxFVElPTkpPQi1DUlBURVNUQVIxNjY1MS1FQVNUVVMyIiwiam9iTG9jYXRpb24iOiJlYXN0dXMyIn0?api-version=2017-05-10",
      "EncodedRequestUri": "L3N1YnNjcmlwdGlvbnMvMjRmYjIzZTMtNmJhMy00MWYwLTliNmUtZTQxMTMxZDVkNjFlL29wZXJhdGlvbnJlc3VsdHMvZXlKcWIySkpaQ0k2SWxKRlUwOVZVa05GUjFKUFZWQkVSVXhGVkVsUFRrcFBRaTFEVWxCVVJWTlVRVkl4TmpZMU1TMUZRVk5VVlZNeUlpd2lhbTlpVEc5allYUnBiMjRpT2lKbFlYTjBkWE15SW4wP2FwaS12ZXJzaW9uPTIwMTctMDUtMTA=",
      "RequestMethod": "GET",
      "RequestBody": "",
      "RequestHeaders": {
        "User-Agent": [
          "FxVersion/4.6.26614.01",
          "OSName/Windows",
          "OSVersion/Microsoft.Windows.10.0.19041.",
          "Microsoft.Azure.Management.ResourceManager.ResourceManagementClient/1.6.0.0"
        ]
      },
      "ResponseHeaders": {
        "Cache-Control": [
          "no-cache"
        ],
        "Date": [
          "Sat, 13 Jun 2020 01:43:24 GMT"
        ],
        "Pragma": [
          "no-cache"
        ],
        "Location": [
          "https://management.azure.com/subscriptions/24fb23e3-6ba3-41f0-9b6e-e41131d5d61e/operationresults/eyJqb2JJZCI6IlJFU09VUkNFR1JPVVBERUxFVElPTkpPQi1DUlBURVNUQVIxNjY1MS1FQVNUVVMyIiwiam9iTG9jYXRpb24iOiJlYXN0dXMyIn0?api-version=2017-05-10"
        ],
        "Retry-After": [
          "15"
        ],
        "x-ms-ratelimit-remaining-subscription-reads": [
          "11984"
        ],
        "x-ms-request-id": [
          "49cbe394-2063-420d-a11d-d769caac004d"
        ],
        "x-ms-correlation-request-id": [
          "49cbe394-2063-420d-a11d-d769caac004d"
        ],
        "x-ms-routing-request-id": [
          "WESTUS:20200613T014325Z:49cbe394-2063-420d-a11d-d769caac004d"
        ],
        "Strict-Transport-Security": [
          "max-age=31536000; includeSubDomains"
        ],
        "X-Content-Type-Options": [
          "nosniff"
        ],
        "Content-Length": [
          "0"
        ],
        "Expires": [
          "-1"
        ]
      },
      "ResponseBody": "",
      "StatusCode": 202
    },
    {
      "RequestUri": "/subscriptions/24fb23e3-6ba3-41f0-9b6e-e41131d5d61e/operationresults/eyJqb2JJZCI6IlJFU09VUkNFR1JPVVBERUxFVElPTkpPQi1DUlBURVNUQVIxNjY1MS1FQVNUVVMyIiwiam9iTG9jYXRpb24iOiJlYXN0dXMyIn0?api-version=2017-05-10",
      "EncodedRequestUri": "L3N1YnNjcmlwdGlvbnMvMjRmYjIzZTMtNmJhMy00MWYwLTliNmUtZTQxMTMxZDVkNjFlL29wZXJhdGlvbnJlc3VsdHMvZXlKcWIySkpaQ0k2SWxKRlUwOVZVa05GUjFKUFZWQkVSVXhGVkVsUFRrcFBRaTFEVWxCVVJWTlVRVkl4TmpZMU1TMUZRVk5VVlZNeUlpd2lhbTlpVEc5allYUnBiMjRpT2lKbFlYTjBkWE15SW4wP2FwaS12ZXJzaW9uPTIwMTctMDUtMTA=",
      "RequestMethod": "GET",
      "RequestBody": "",
      "RequestHeaders": {
        "User-Agent": [
          "FxVersion/4.6.26614.01",
          "OSName/Windows",
          "OSVersion/Microsoft.Windows.10.0.19041.",
          "Microsoft.Azure.Management.ResourceManager.ResourceManagementClient/1.6.0.0"
        ]
      },
      "ResponseHeaders": {
        "Cache-Control": [
          "no-cache"
        ],
        "Date": [
          "Sat, 13 Jun 2020 01:43:39 GMT"
        ],
        "Pragma": [
          "no-cache"
        ],
        "Location": [
          "https://management.azure.com/subscriptions/24fb23e3-6ba3-41f0-9b6e-e41131d5d61e/operationresults/eyJqb2JJZCI6IlJFU09VUkNFR1JPVVBERUxFVElPTkpPQi1DUlBURVNUQVIxNjY1MS1FQVNUVVMyIiwiam9iTG9jYXRpb24iOiJlYXN0dXMyIn0?api-version=2017-05-10"
        ],
        "Retry-After": [
          "15"
        ],
        "x-ms-ratelimit-remaining-subscription-reads": [
          "11983"
        ],
        "x-ms-request-id": [
          "810c908f-70df-4539-8716-6e72290c9bc7"
        ],
        "x-ms-correlation-request-id": [
          "810c908f-70df-4539-8716-6e72290c9bc7"
        ],
        "x-ms-routing-request-id": [
          "WESTUS:20200613T014340Z:810c908f-70df-4539-8716-6e72290c9bc7"
        ],
        "Strict-Transport-Security": [
          "max-age=31536000; includeSubDomains"
        ],
        "X-Content-Type-Options": [
          "nosniff"
        ],
        "Content-Length": [
          "0"
        ],
        "Expires": [
          "-1"
        ]
      },
      "ResponseBody": "",
      "StatusCode": 202
    },
    {
      "RequestUri": "/subscriptions/24fb23e3-6ba3-41f0-9b6e-e41131d5d61e/operationresults/eyJqb2JJZCI6IlJFU09VUkNFR1JPVVBERUxFVElPTkpPQi1DUlBURVNUQVIxNjY1MS1FQVNUVVMyIiwiam9iTG9jYXRpb24iOiJlYXN0dXMyIn0?api-version=2017-05-10",
      "EncodedRequestUri": "L3N1YnNjcmlwdGlvbnMvMjRmYjIzZTMtNmJhMy00MWYwLTliNmUtZTQxMTMxZDVkNjFlL29wZXJhdGlvbnJlc3VsdHMvZXlKcWIySkpaQ0k2SWxKRlUwOVZVa05GUjFKUFZWQkVSVXhGVkVsUFRrcFBRaTFEVWxCVVJWTlVRVkl4TmpZMU1TMUZRVk5VVlZNeUlpd2lhbTlpVEc5allYUnBiMjRpT2lKbFlYTjBkWE15SW4wP2FwaS12ZXJzaW9uPTIwMTctMDUtMTA=",
      "RequestMethod": "GET",
      "RequestBody": "",
      "RequestHeaders": {
        "User-Agent": [
          "FxVersion/4.6.26614.01",
          "OSName/Windows",
          "OSVersion/Microsoft.Windows.10.0.19041.",
          "Microsoft.Azure.Management.ResourceManager.ResourceManagementClient/1.6.0.0"
        ]
      },
      "ResponseHeaders": {
        "Cache-Control": [
          "no-cache"
        ],
        "Date": [
          "Sat, 13 Jun 2020 01:43:54 GMT"
        ],
        "Pragma": [
          "no-cache"
        ],
        "x-ms-ratelimit-remaining-subscription-reads": [
          "11982"
        ],
        "x-ms-request-id": [
          "c364553d-8c42-4407-8331-17f4f7ff87b3"
        ],
        "x-ms-correlation-request-id": [
          "c364553d-8c42-4407-8331-17f4f7ff87b3"
        ],
        "x-ms-routing-request-id": [
          "WESTUS:20200613T014355Z:c364553d-8c42-4407-8331-17f4f7ff87b3"
        ],
        "Strict-Transport-Security": [
          "max-age=31536000; includeSubDomains"
        ],
        "X-Content-Type-Options": [
          "nosniff"
        ],
        "Content-Length": [
          "0"
        ],
        "Expires": [
          "-1"
        ]
      },
      "ResponseBody": "",
      "StatusCode": 200
    },
    {
      "RequestUri": "/subscriptions/24fb23e3-6ba3-41f0-9b6e-e41131d5d61e/operationresults/eyJqb2JJZCI6IlJFU09VUkNFR1JPVVBERUxFVElPTkpPQi1DUlBURVNUQVIxNjY1MS1FQVNUVVMyIiwiam9iTG9jYXRpb24iOiJlYXN0dXMyIn0?api-version=2017-05-10",
      "EncodedRequestUri": "L3N1YnNjcmlwdGlvbnMvMjRmYjIzZTMtNmJhMy00MWYwLTliNmUtZTQxMTMxZDVkNjFlL29wZXJhdGlvbnJlc3VsdHMvZXlKcWIySkpaQ0k2SWxKRlUwOVZVa05GUjFKUFZWQkVSVXhGVkVsUFRrcFBRaTFEVWxCVVJWTlVRVkl4TmpZMU1TMUZRVk5VVlZNeUlpd2lhbTlpVEc5allYUnBiMjRpT2lKbFlYTjBkWE15SW4wP2FwaS12ZXJzaW9uPTIwMTctMDUtMTA=",
      "RequestMethod": "GET",
      "RequestBody": "",
      "RequestHeaders": {
        "User-Agent": [
          "FxVersion/4.6.26614.01",
          "OSName/Windows",
          "OSVersion/Microsoft.Windows.10.0.19041.",
          "Microsoft.Azure.Management.ResourceManager.ResourceManagementClient/1.6.0.0"
        ]
      },
      "ResponseHeaders": {
        "Cache-Control": [
          "no-cache"
        ],
        "Date": [
          "Sat, 13 Jun 2020 01:43:55 GMT"
        ],
        "Pragma": [
          "no-cache"
        ],
        "x-ms-ratelimit-remaining-subscription-reads": [
          "11981"
        ],
        "x-ms-request-id": [
          "a2a2179a-b174-43ea-9d3d-b7c288a15e6e"
        ],
        "x-ms-correlation-request-id": [
          "a2a2179a-b174-43ea-9d3d-b7c288a15e6e"
        ],
        "x-ms-routing-request-id": [
          "WESTUS:20200613T014355Z:a2a2179a-b174-43ea-9d3d-b7c288a15e6e"
        ],
        "Strict-Transport-Security": [
          "max-age=31536000; includeSubDomains"
        ],
        "X-Content-Type-Options": [
          "nosniff"
        ],
        "Content-Length": [
          "0"
        ],
        "Expires": [
          "-1"
        ]
      },
      "ResponseBody": "",
      "StatusCode": 200
    }
  ],
  "Names": {
    "TestVMScaleSetBatchOperations_PerformMaintenance": [
      "crptestar1665",
      "vmss9212",
      "crptestar6421"
    ],
    "CreatePublicIP": [
      "pip5418",
      "dn2973"
    ],
    "CreateVNET": [
      "vn1272",
      "sn8579"
    ],
    "CreateNIC": [
      "nic708",
      "ip1473"
    ],
    "CreateDefaultVMScaleSetInput": [
      "crptestar7728",
      "vmss2865",
      "vmsstestnetconfig2876",
      "vmsstestnetconfig9479"
    ]
  },
  "Variables": {
    "SubscriptionId": "24fb23e3-6ba3-41f0-9b6e-e41131d5d61e"
  }
}