{
  "Entries": [
    {
      "RequestUri": "https://myaccountname.purview.azure.com/share/sentShares/7911b09b-9cb3-416a-a3f0-e242c0bfd574?api-version=2023-02-15-preview",
      "RequestMethod": "PUT",
      "RequestHeaders": {
        "Accept": "application/json",
        "Authorization": "Sanitized",
        "Content-Length": "484",
        "Content-Type": "application/json",
        "traceparent": "00-422bbef61575b619055237fd4bd92114-9a880bfd6c133729-00",
        "User-Agent": "azsdk-net-Analytics.Purview.Sharing/1.0.3-alpha.20230222.1 (.NET 7.0.3; Microsoft Windows 10.0.22621)",
        "x-ms-client-request-id": "efb94e864e1b82bfef2fbbee89c4198a",
        "x-ms-return-client-request-id": "true"
      },
      "RequestBody": {
        "shareKind": "InPlace",
        "properties": {
          "artifact": {
            "storeKind": "AdlsGen2Account",
            "storeReference": {
              "referenceName": "/subscriptions/00000000-0000-0000-0000-000000000000/resourceGroups/testResourceGroup/providers/Microsoft.Storage/storageAccounts/providerTestStorageAccount",
              "type": "ArmResourceReference"
            },
            "properties": {
              "paths": [
                {
                  "containerName": "container1",
                  "senderPath": "testfolder1",
                  "receiverPath": "testfolder1"
                }
              ]
            }
          },
          "displayName": "testDisplayName1",
          "description": "updatedDescription"
        }
      },
      "StatusCode": 200,
      "ResponseHeaders": {
        "Content-Length": "706",
        "Content-Type": "application/json; charset=utf-8",
        "Date": "Thu, 23 Feb 2023 04:33:08 GMT",
        "Operation-Id": "Sanitized",
        "Operation-Location": "Sanitized",
        "Server": "Kestrel",
        "Strict-Transport-Security": "max-age=31536000; includeSubDomains",
        "x-ms-correlation-request-id": "406cae59-6d64-4112-990c-04372474aebe"
      },
      "ResponseBody": {
        "properties": {
          "displayName": "testDisplayName1",
          "description": "updatedDescription",
          "artifact": {
            "properties": {
              "paths": [
                {
                  "containerName": "container1",
                  "senderPath": "testfolder1",
                  "receiverPath": "testfolder1"
                }
              ],
              "location": "southafricanorth"
            },
            "storeKind": "AdlsGen2Account",
            "storeReference": {
              "referenceName": "/subscriptions/00000000-0000-0000-0000-000000000000/resourceGroups/testResourceGroup/providers/Microsoft.Storage/storageAccounts/providerTestStorageAccount",
              "type": "ArmResourceReference"
            }
          },
          "state": "Succeeded",
          "createdAt": "2023-02-23T04:33:06.6542174Z",
          "dependsOn": [],
          "senderName": "SyMS",
          "senderTenantName": "Microsoft"
        },
        "shareKind": "InPlace",
        "id": "7911b09b-9cb3-416a-a3f0-e242c0bfd574",
        "type": "SentShare"
      }
    },
    {
      "RequestUri": "https://myaccountname.purview.azure.com/share/operationResults/00000000-0000-0000-0000-000000000000?api-version=2023-02-15-preview",
      "RequestMethod": "GET",
      "RequestHeaders": {
        "Authorization": "Sanitized",
        "traceparent": "00-422bbef61575b619055237fd4bd92114-195a5a65b6e6ff80-00",
        "User-Agent": "azsdk-net-Analytics.Purview.Sharing/1.0.3-alpha.20230222.1 (.NET 7.0.3; Microsoft Windows 10.0.22621)",
        "x-ms-client-request-id": "fb3d0dc79595bd370eb33644454bc781",
        "x-ms-return-client-request-id": "true"
      },
      "RequestBody": null,
      "StatusCode": 200,
      "ResponseHeaders": {
        "Content-Length": "163",
        "Content-Type": "application/json; charset=utf-8",
        "Date": "Thu, 23 Feb 2023 04:33:08 GMT",
        "Server": "Kestrel",
        "Strict-Transport-Security": "max-age=31536000; includeSubDomains",
        "x-ms-correlation-request-id": "9ec7488a-c2bf-4f45-9035-a66438202ecb"
      },
      "ResponseBody": {
        "id": "00000000-0000-0000-0000-000000000000",
        "startTime": "2023-02-23T04:33:08.8340923Z",
        "endTime": "2023-02-23T04:33:08.8340923Z",
        "status": "Succeeded",
        "error": null
      }
    },
    {
      "RequestUri": "https://myaccountname.purview.azure.com/share/sentShares/7911b09b-9cb3-416a-a3f0-e242c0bfd574?api-version=2023-02-15-preview",
      "RequestMethod": "GET",
      "RequestHeaders": {
        "Authorization": "Sanitized",
        "traceparent": "00-422bbef61575b619055237fd4bd92114-1ef4a951c3bc00a1-00",
        "User-Agent": "azsdk-net-Analytics.Purview.Sharing/1.0.3-alpha.20230222.1 (.NET 7.0.3; Microsoft Windows 10.0.22621)",
        "x-ms-client-request-id": "5c6b4795737391b260451d4f0ebde6a4",
        "x-ms-return-client-request-id": "true"
      },
      "RequestBody": null,
      "StatusCode": 200,
      "ResponseHeaders": {
        "Content-Length": "706",
        "Content-Type": "application/json; charset=utf-8",
        "Date": "Thu, 23 Feb 2023 04:33:08 GMT",
        "Server": "Kestrel",
        "Strict-Transport-Security": "max-age=31536000; includeSubDomains",
        "x-ms-correlation-request-id": "eb9843eb-7654-4174-ab57-844aa3f7cd87"
      },
      "ResponseBody": {
        "properties": {
          "displayName": "testDisplayName1",
          "description": "updatedDescription",
          "artifact": {
            "properties": {
              "paths": [
                {
                  "containerName": "container1",
                  "senderPath": "testfolder1",
                  "receiverPath": "testfolder1"
                }
              ],
              "location": "southafricanorth"
            },
            "storeKind": "AdlsGen2Account",
            "storeReference": {
              "referenceName": "/subscriptions/00000000-0000-0000-0000-000000000000/resourceGroups/testResourceGroup/providers/Microsoft.Storage/storageAccounts/providerTestStorageAccount",
              "type": "ArmResourceReference"
            }
          },
          "state": "Succeeded",
          "createdAt": "2023-02-23T04:33:06.6542174Z",
          "dependsOn": [],
          "senderName": "SyMS",
          "senderTenantName": "Microsoft"
        },
        "shareKind": "InPlace",
        "id": "7911b09b-9cb3-416a-a3f0-e242c0bfd574",
        "type": "SentShare"
      }
    }
  ],
  "Variables": {
    "AZURE_AUTHORITY_HOST": null,
    "PURVIEW_SHARE_URL": "https://ads-dev-eastus-pv.purview.azure.com/share",
    "RandomSeed": "1739898199"
  }
}
