{
  "Entries": [
    {
      "RequestUri": "/subscriptions/74f34d9c-50ed-4d7a-a1a8-88d2aed13ac3/resourceGroups/ApiM-SDK-EastUS/providers/Microsoft.ApiManagement/service/sdktestservicemapi?api-version=2019-12-01",
      "EncodedRequestUri": "L3N1YnNjcmlwdGlvbnMvNzRmMzRkOWMtNTBlZC00ZDdhLWExYTgtODhkMmFlZDEzYWMzL3Jlc291cmNlR3JvdXBzL0FwaU0tU0RLLUVhc3RVUy9wcm92aWRlcnMvTWljcm9zb2Z0LkFwaU1hbmFnZW1lbnQvc2VydmljZS9zZGt0ZXN0c2VydmljZW1hcGk/YXBpLXZlcnNpb249MjAxOS0xMi0wMQ==",
      "RequestMethod": "PUT",
      "RequestBody": "{\r\n  \"properties\": {\r\n    \"publisherEmail\": \"apim@autorestsdk.com\",\r\n    \"publisherName\": \"autorestsdk\"\r\n  },\r\n  \"sku\": {\r\n    \"name\": \"Developer\",\r\n    \"capacity\": 1\r\n  },\r\n  \"location\": \"eastus\",\r\n  \"tags\": {\r\n    \"tag1\": \"value1\",\r\n    \"tag2\": \"value2\",\r\n    \"tag3\": \"value3\"\r\n  }\r\n}",
      "RequestHeaders": {
        "x-ms-client-request-id": [
          "23a872ed-7be6-4bbf-be3f-fda39530e363"
        ],
        "Accept-Language": [
          "en-US"
        ],
        "User-Agent": [
          "FxVersion/4.6.27817.03",
          "OSName/Windows",
          "OSVersion/Microsoft.Windows.10.0.18363.",
          "Microsoft.Azure.Management.ApiManagement.ApiManagementClient/5.0.0.0"
        ],
        "Content-Type": [
          "application/json; charset=utf-8"
        ],
        "Content-Length": [
          "286"
        ]
      },
      "ResponseHeaders": {
        "Cache-Control": [
          "no-cache"
        ],
        "Pragma": [
          "no-cache"
        ],
        "ETag": [
          "\"AAAAAAAHRdg=\""
        ],
        "Strict-Transport-Security": [
          "max-age=31536000; includeSubDomains"
        ],
        "x-ms-request-id": [
          "9afdb3bf-3f1d-4229-9e65-a7990a752d67",
          "f5df9923-74d1-4075-8c56-5da7b9d3d046"
        ],
        "Server": [
          "Microsoft-HTTPAPI/2.0"
        ],
        "x-ms-ratelimit-remaining-subscription-writes": [
          "1193"
        ],
        "x-ms-correlation-request-id": [
          "417bcfa9-7fda-4b6a-a670-f54b7d8a0767"
        ],
        "x-ms-routing-request-id": [
          "NORTHEUROPE:20200325T190518Z:417bcfa9-7fda-4b6a-a670-f54b7d8a0767"
        ],
        "X-Content-Type-Options": [
          "nosniff"
        ],
        "Date": [
          "Wed, 25 Mar 2020 19:05:18 GMT"
        ],
        "Content-Length": [
          "2293"
        ],
        "Content-Type": [
          "application/json; charset=utf-8"
        ],
        "Expires": [
          "-1"
        ]
      },
      "ResponseBody": "{\r\n  \"id\": \"/subscriptions/74f34d9c-50ed-4d7a-a1a8-88d2aed13ac3/resourceGroups/ApiM-SDK-EastUS/providers/Microsoft.ApiManagement/service/sdktestservicemapi\",\r\n  \"name\": \"sdktestservicemapi\",\r\n  \"type\": \"Microsoft.ApiManagement/service\",\r\n  \"tags\": {\r\n    \"tag1\": \"value1\",\r\n    \"tag2\": \"value2\",\r\n    \"tag3\": \"value3\"\r\n  },\r\n  \"location\": \"East US\",\r\n  \"etag\": \"AAAAAAAHRdg=\",\r\n  \"properties\": {\r\n    \"publisherEmail\": \"apim@autorestsdk.com\",\r\n    \"publisherName\": \"autorestsdk\",\r\n    \"notificationSenderEmail\": \"apimgmt-noreply@mail.windowsazure.com\",\r\n    \"provisioningState\": \"Succeeded\",\r\n    \"targetProvisioningState\": \"\",\r\n    \"createdAtUtc\": \"2020-01-15T02:10:29.8101523Z\",\r\n    \"gatewayUrl\": \"https://sdktestservicemapi.preview.int-azure-api.net\",\r\n    \"gatewayRegionalUrl\": \"https://sdktestservicemapi-eastus-01.regional.preview.int-azure-api.net\",\r\n    \"portalUrl\": \"https://sdktestservicemapi.portal.preview.int-azure-api.net\",\r\n    \"developerPortalUrl\": \"https://sdktestservicemapi.developer.preview.int-azure-api.net\",\r\n    \"managementApiUrl\": \"https://sdktestservicemapi.management.preview.int-azure-api.net\",\r\n    \"scmUrl\": \"https://sdktestservicemapi.scm.preview.int-azure-api.net\",\r\n    \"hostnameConfigurations\": [\r\n      {\r\n        \"type\": \"Proxy\",\r\n        \"hostName\": \"sdktestservicemapi.preview.int-azure-api.net\",\r\n        \"encodedCertificate\": null,\r\n        \"keyVaultId\": null,\r\n        \"certificatePassword\": null,\r\n        \"negotiateClientCertificate\": false,\r\n        \"certificate\": null,\r\n        \"defaultSslBinding\": true\r\n      }\r\n    ],\r\n    \"publicIPAddresses\": [\r\n      \"52.170.235.245\"\r\n    ],\r\n    \"privateIPAddresses\": null,\r\n    \"additionalLocations\": null,\r\n    \"virtualNetworkConfiguration\": null,\r\n    \"customProperties\": {\r\n      \"Microsoft.WindowsAzure.ApiManagement.Gateway.Security.Protocols.Tls10\": \"False\",\r\n      \"Microsoft.WindowsAzure.ApiManagement.Gateway.Security.Protocols.Tls11\": \"False\",\r\n      \"Microsoft.WindowsAzure.ApiManagement.Gateway.Security.Protocols.Ssl30\": \"False\",\r\n      \"Microsoft.WindowsAzure.ApiManagement.Gateway.Security.Ciphers.TripleDes168\": \"False\",\r\n      \"Microsoft.WindowsAzure.ApiManagement.Gateway.Security.Backend.Protocols.Tls10\": \"False\",\r\n      \"Microsoft.WindowsAzure.ApiManagement.Gateway.Security.Backend.Protocols.Tls11\": \"False\",\r\n      \"Microsoft.WindowsAzure.ApiManagement.Gateway.Security.Backend.Protocols.Ssl30\": \"False\",\r\n      \"Microsoft.WindowsAzure.ApiManagement.Gateway.Protocols.Server.Http2\": \"False\"\r\n    },\r\n    \"virtualNetworkType\": \"None\",\r\n    \"certificates\": [],\r\n    \"disableGateway\": false,\r\n    \"apiVersionConstraint\": {\r\n      \"minApiVersion\": null\r\n    }\r\n  },\r\n  \"sku\": {\r\n    \"name\": \"Developer\",\r\n    \"capacity\": 1\r\n  },\r\n  \"identity\": null\r\n}",
      "StatusCode": 200
    },
    {
      "RequestUri": "/subscriptions/74f34d9c-50ed-4d7a-a1a8-88d2aed13ac3/resourceGroups/ApiM-SDK-EastUS/providers/Microsoft.ApiManagement/service/sdktestservicemapi?api-version=2019-12-01",
      "EncodedRequestUri": "L3N1YnNjcmlwdGlvbnMvNzRmMzRkOWMtNTBlZC00ZDdhLWExYTgtODhkMmFlZDEzYWMzL3Jlc291cmNlR3JvdXBzL0FwaU0tU0RLLUVhc3RVUy9wcm92aWRlcnMvTWljcm9zb2Z0LkFwaU1hbmFnZW1lbnQvc2VydmljZS9zZGt0ZXN0c2VydmljZW1hcGk/YXBpLXZlcnNpb249MjAxOS0xMi0wMQ==",
      "RequestMethod": "GET",
      "RequestBody": "",
      "RequestHeaders": {
        "x-ms-client-request-id": [
          "284e0a91-e3dc-4a67-9a47-6baba8f5e1a9"
        ],
        "Accept-Language": [
          "en-US"
        ],
        "User-Agent": [
          "FxVersion/4.6.27817.03",
          "OSName/Windows",
          "OSVersion/Microsoft.Windows.10.0.18363.",
          "Microsoft.Azure.Management.ApiManagement.ApiManagementClient/5.0.0.0"
        ]
      },
      "ResponseHeaders": {
        "Cache-Control": [
          "no-cache"
        ],
        "Pragma": [
          "no-cache"
        ],
        "ETag": [
          "\"AAAAAAAHRdg=\""
        ],
        "Strict-Transport-Security": [
          "max-age=31536000; includeSubDomains"
        ],
        "x-ms-request-id": [
          "0307727f-bb8a-40c3-a2b5-5e66c458f82c"
        ],
        "Server": [
          "Microsoft-HTTPAPI/2.0"
        ],
        "x-ms-ratelimit-remaining-subscription-reads": [
          "14989"
        ],
        "x-ms-correlation-request-id": [
          "0842ee07-24da-4e36-beb0-d395b6af5d69"
        ],
        "x-ms-routing-request-id": [
          "NORTHEUROPE:20200325T190519Z:0842ee07-24da-4e36-beb0-d395b6af5d69"
        ],
        "X-Content-Type-Options": [
          "nosniff"
        ],
        "Date": [
          "Wed, 25 Mar 2020 19:05:18 GMT"
        ],
        "Content-Length": [
          "2293"
        ],
        "Content-Type": [
          "application/json; charset=utf-8"
        ],
        "Expires": [
          "-1"
        ]
      },
      "ResponseBody": "{\r\n  \"id\": \"/subscriptions/74f34d9c-50ed-4d7a-a1a8-88d2aed13ac3/resourceGroups/ApiM-SDK-EastUS/providers/Microsoft.ApiManagement/service/sdktestservicemapi\",\r\n  \"name\": \"sdktestservicemapi\",\r\n  \"type\": \"Microsoft.ApiManagement/service\",\r\n  \"tags\": {\r\n    \"tag1\": \"value1\",\r\n    \"tag2\": \"value2\",\r\n    \"tag3\": \"value3\"\r\n  },\r\n  \"location\": \"East US\",\r\n  \"etag\": \"AAAAAAAHRdg=\",\r\n  \"properties\": {\r\n    \"publisherEmail\": \"apim@autorestsdk.com\",\r\n    \"publisherName\": \"autorestsdk\",\r\n    \"notificationSenderEmail\": \"apimgmt-noreply@mail.windowsazure.com\",\r\n    \"provisioningState\": \"Succeeded\",\r\n    \"targetProvisioningState\": \"\",\r\n    \"createdAtUtc\": \"2020-01-15T02:10:29.8101523Z\",\r\n    \"gatewayUrl\": \"https://sdktestservicemapi.preview.int-azure-api.net\",\r\n    \"gatewayRegionalUrl\": \"https://sdktestservicemapi-eastus-01.regional.preview.int-azure-api.net\",\r\n    \"portalUrl\": \"https://sdktestservicemapi.portal.preview.int-azure-api.net\",\r\n    \"developerPortalUrl\": \"https://sdktestservicemapi.developer.preview.int-azure-api.net\",\r\n    \"managementApiUrl\": \"https://sdktestservicemapi.management.preview.int-azure-api.net\",\r\n    \"scmUrl\": \"https://sdktestservicemapi.scm.preview.int-azure-api.net\",\r\n    \"hostnameConfigurations\": [\r\n      {\r\n        \"type\": \"Proxy\",\r\n        \"hostName\": \"sdktestservicemapi.preview.int-azure-api.net\",\r\n        \"encodedCertificate\": null,\r\n        \"keyVaultId\": null,\r\n        \"certificatePassword\": null,\r\n        \"negotiateClientCertificate\": false,\r\n        \"certificate\": null,\r\n        \"defaultSslBinding\": true\r\n      }\r\n    ],\r\n    \"publicIPAddresses\": [\r\n      \"52.170.235.245\"\r\n    ],\r\n    \"privateIPAddresses\": null,\r\n    \"additionalLocations\": null,\r\n    \"virtualNetworkConfiguration\": null,\r\n    \"customProperties\": {\r\n      \"Microsoft.WindowsAzure.ApiManagement.Gateway.Security.Protocols.Tls10\": \"False\",\r\n      \"Microsoft.WindowsAzure.ApiManagement.Gateway.Security.Protocols.Tls11\": \"False\",\r\n      \"Microsoft.WindowsAzure.ApiManagement.Gateway.Security.Protocols.Ssl30\": \"False\",\r\n      \"Microsoft.WindowsAzure.ApiManagement.Gateway.Security.Ciphers.TripleDes168\": \"False\",\r\n      \"Microsoft.WindowsAzure.ApiManagement.Gateway.Security.Backend.Protocols.Tls10\": \"False\",\r\n      \"Microsoft.WindowsAzure.ApiManagement.Gateway.Security.Backend.Protocols.Tls11\": \"False\",\r\n      \"Microsoft.WindowsAzure.ApiManagement.Gateway.Security.Backend.Protocols.Ssl30\": \"False\",\r\n      \"Microsoft.WindowsAzure.ApiManagement.Gateway.Protocols.Server.Http2\": \"False\"\r\n    },\r\n    \"virtualNetworkType\": \"None\",\r\n    \"certificates\": [],\r\n    \"disableGateway\": false,\r\n    \"apiVersionConstraint\": {\r\n      \"minApiVersion\": null\r\n    }\r\n  },\r\n  \"sku\": {\r\n    \"name\": \"Developer\",\r\n    \"capacity\": 1\r\n  },\r\n  \"identity\": null\r\n}",
      "StatusCode": 200
    },
    {
      "RequestUri": "/subscriptions/74f34d9c-50ed-4d7a-a1a8-88d2aed13ac3/resourceGroups/ApiM-SDK-EastUS/providers/Microsoft.ApiManagement/service/sdktestservicemapi/apis/apiid5572?api-version=2019-12-01",
      "EncodedRequestUri": "L3N1YnNjcmlwdGlvbnMvNzRmMzRkOWMtNTBlZC00ZDdhLWExYTgtODhkMmFlZDEzYWMzL3Jlc291cmNlR3JvdXBzL0FwaU0tU0RLLUVhc3RVUy9wcm92aWRlcnMvTWljcm9zb2Z0LkFwaU1hbmFnZW1lbnQvc2VydmljZS9zZGt0ZXN0c2VydmljZW1hcGkvYXBpcy9hcGlpZDU1NzI/YXBpLXZlcnNpb249MjAxOS0xMi0wMQ==",
      "RequestMethod": "PUT",
      "RequestBody": "{\r\n  \"properties\": {\r\n    \"description\": \"apidescription530\",\r\n    \"subscriptionKeyParameterNames\": {\r\n      \"header\": \"header2396\",\r\n      \"query\": \"query2248\"\r\n    },\r\n    \"displayName\": \"apiname4857\",\r\n    \"serviceUrl\": \"http://newechoapi.cloudapp.net/api\",\r\n    \"path\": \"newapiPath\",\r\n    \"protocols\": [\r\n      \"https\",\r\n      \"http\"\r\n    ]\r\n  }\r\n}",
      "RequestHeaders": {
        "x-ms-client-request-id": [
          "cbbb01b5-7e98-4781-8290-3688b507b8c2"
        ],
        "Accept-Language": [
          "en-US"
        ],
        "User-Agent": [
          "FxVersion/4.6.27817.03",
          "OSName/Windows",
          "OSVersion/Microsoft.Windows.10.0.18363.",
          "Microsoft.Azure.Management.ApiManagement.ApiManagementClient/5.0.0.0"
        ],
        "Content-Type": [
          "application/json; charset=utf-8"
        ],
        "Content-Length": [
          "352"
        ]
      },
      "ResponseHeaders": {
        "Cache-Control": [
          "no-cache"
        ],
        "Pragma": [
          "no-cache"
        ],
        "ETag": [
          "\"AAAAAAAANGg=\""
        ],
        "Strict-Transport-Security": [
          "max-age=31536000; includeSubDomains"
        ],
        "x-ms-request-id": [
          "9c5d4c11-3fc2-42c4-b9c7-c912e29e1201"
        ],
        "Server": [
          "Microsoft-HTTPAPI/2.0"
        ],
        "x-ms-ratelimit-remaining-subscription-writes": [
          "1192"
        ],
        "x-ms-correlation-request-id": [
          "8215c575-bff4-4930-be6d-eebd097dd6fa"
        ],
        "x-ms-routing-request-id": [
          "NORTHEUROPE:20200325T190519Z:8215c575-bff4-4930-be6d-eebd097dd6fa"
        ],
        "X-Content-Type-Options": [
          "nosniff"
        ],
        "Date": [
          "Wed, 25 Mar 2020 19:05:19 GMT"
        ],
        "Content-Length": [
          "768"
        ],
        "Content-Type": [
          "application/json; charset=utf-8"
        ],
        "Expires": [
          "-1"
        ]
      },
      "ResponseBody": "{\r\n  \"id\": \"/subscriptions/74f34d9c-50ed-4d7a-a1a8-88d2aed13ac3/resourceGroups/ApiM-SDK-EastUS/providers/Microsoft.ApiManagement/service/sdktestservicemapi/apis/apiid5572\",\r\n  \"type\": \"Microsoft.ApiManagement/service/apis\",\r\n  \"name\": \"apiid5572\",\r\n  \"properties\": {\r\n    \"displayName\": \"apiname4857\",\r\n    \"apiRevision\": \"1\",\r\n    \"description\": \"apidescription530\",\r\n    \"subscriptionRequired\": true,\r\n    \"serviceUrl\": \"http://newechoapi.cloudapp.net/api\",\r\n    \"path\": \"newapiPath\",\r\n    \"protocols\": [\r\n      \"http\",\r\n      \"https\"\r\n    ],\r\n    \"authenticationSettings\": {\r\n      \"oAuth2\": null,\r\n      \"openid\": null\r\n    },\r\n    \"subscriptionKeyParameterNames\": {\r\n      \"header\": \"header2396\",\r\n      \"query\": \"query2248\"\r\n    },\r\n    \"isCurrent\": true\r\n  }\r\n}",
      "StatusCode": 201
    },
    {
      "RequestUri": "/subscriptions/74f34d9c-50ed-4d7a-a1a8-88d2aed13ac3/resourceGroups/ApiM-SDK-EastUS/providers/Microsoft.ApiManagement/service/sdktestservicemapi/apis/apiid5572?api-version=2019-12-01",
      "EncodedRequestUri": "L3N1YnNjcmlwdGlvbnMvNzRmMzRkOWMtNTBlZC00ZDdhLWExYTgtODhkMmFlZDEzYWMzL3Jlc291cmNlR3JvdXBzL0FwaU0tU0RLLUVhc3RVUy9wcm92aWRlcnMvTWljcm9zb2Z0LkFwaU1hbmFnZW1lbnQvc2VydmljZS9zZGt0ZXN0c2VydmljZW1hcGkvYXBpcy9hcGlpZDU1NzI/YXBpLXZlcnNpb249MjAxOS0xMi0wMQ==",
      "RequestMethod": "GET",
      "RequestBody": "",
      "RequestHeaders": {
        "User-Agent": [
          "FxVersion/4.6.27817.03",
          "OSName/Windows",
          "OSVersion/Microsoft.Windows.10.0.18363.",
          "Microsoft.Azure.Management.ApiManagement.ApiManagementClient/5.0.0.0"
        ]
      },
      "ResponseHeaders": {
        "Cache-Control": [
          "no-cache"
        ],
        "Pragma": [
          "no-cache"
        ],
        "ETag": [
          "\"AAAAAAAANGg=\""
        ],
        "Strict-Transport-Security": [
          "max-age=31536000; includeSubDomains"
        ],
        "x-ms-request-id": [
          "02ab87b2-3e53-4071-b5a7-8bf769f52414"
        ],
        "Server": [
          "Microsoft-HTTPAPI/2.0"
        ],
        "x-ms-ratelimit-remaining-subscription-reads": [
          "14988"
        ],
        "x-ms-correlation-request-id": [
          "9fbf00f0-85a3-4d0b-b681-0edb80146f0f"
        ],
        "x-ms-routing-request-id": [
          "NORTHEUROPE:20200325T190549Z:9fbf00f0-85a3-4d0b-b681-0edb80146f0f"
        ],
        "X-Content-Type-Options": [
          "nosniff"
        ],
        "Date": [
          "Wed, 25 Mar 2020 19:05:48 GMT"
        ],
        "Content-Length": [
          "768"
        ],
        "Content-Type": [
          "application/json; charset=utf-8"
        ],
        "Expires": [
          "-1"
        ]
      },
      "ResponseBody": "{\r\n  \"id\": \"/subscriptions/74f34d9c-50ed-4d7a-a1a8-88d2aed13ac3/resourceGroups/ApiM-SDK-EastUS/providers/Microsoft.ApiManagement/service/sdktestservicemapi/apis/apiid5572\",\r\n  \"type\": \"Microsoft.ApiManagement/service/apis\",\r\n  \"name\": \"apiid5572\",\r\n  \"properties\": {\r\n    \"displayName\": \"apiname4857\",\r\n    \"apiRevision\": \"1\",\r\n    \"description\": \"apidescription530\",\r\n    \"subscriptionRequired\": true,\r\n    \"serviceUrl\": \"http://newechoapi.cloudapp.net/api\",\r\n    \"path\": \"newapiPath\",\r\n    \"protocols\": [\r\n      \"http\",\r\n      \"https\"\r\n    ],\r\n    \"authenticationSettings\": {\r\n      \"oAuth2\": null,\r\n      \"openid\": null\r\n    },\r\n    \"subscriptionKeyParameterNames\": {\r\n      \"header\": \"header2396\",\r\n      \"query\": \"query2248\"\r\n    },\r\n    \"isCurrent\": true\r\n  }\r\n}",
      "StatusCode": 200
    },
    {
      "RequestUri": "/subscriptions/74f34d9c-50ed-4d7a-a1a8-88d2aed13ac3/resourceGroups/ApiM-SDK-EastUS/providers/Microsoft.ApiManagement/service/sdktestservicemapi/apis/apiid5572?api-version=2019-12-01",
      "EncodedRequestUri": "L3N1YnNjcmlwdGlvbnMvNzRmMzRkOWMtNTBlZC00ZDdhLWExYTgtODhkMmFlZDEzYWMzL3Jlc291cmNlR3JvdXBzL0FwaU0tU0RLLUVhc3RVUy9wcm92aWRlcnMvTWljcm9zb2Z0LkFwaU1hbmFnZW1lbnQvc2VydmljZS9zZGt0ZXN0c2VydmljZW1hcGkvYXBpcy9hcGlpZDU1NzI/YXBpLXZlcnNpb249MjAxOS0xMi0wMQ==",
      "RequestMethod": "GET",
      "RequestBody": "",
      "RequestHeaders": {
        "x-ms-client-request-id": [
          "197fcbca-6274-4c6d-ad97-d3d40f5a67b3"
        ],
        "Accept-Language": [
          "en-US"
        ],
        "User-Agent": [
          "FxVersion/4.6.27817.03",
          "OSName/Windows",
          "OSVersion/Microsoft.Windows.10.0.18363.",
          "Microsoft.Azure.Management.ApiManagement.ApiManagementClient/5.0.0.0"
        ]
      },
      "ResponseHeaders": {
        "Cache-Control": [
          "no-cache"
        ],
        "Pragma": [
          "no-cache"
        ],
        "ETag": [
          "\"AAAAAAAANGg=\""
        ],
        "Strict-Transport-Security": [
          "max-age=31536000; includeSubDomains"
        ],
        "x-ms-request-id": [
          "eb62c6a4-21b7-4532-a778-83a8ca231f64"
        ],
        "Server": [
          "Microsoft-HTTPAPI/2.0"
        ],
        "x-ms-ratelimit-remaining-subscription-reads": [
          "14987"
        ],
        "x-ms-correlation-request-id": [
          "4b99409a-828c-4daa-8e62-13311d4b9efe"
        ],
        "x-ms-routing-request-id": [
          "NORTHEUROPE:20200325T190550Z:4b99409a-828c-4daa-8e62-13311d4b9efe"
        ],
        "X-Content-Type-Options": [
          "nosniff"
        ],
        "Date": [
          "Wed, 25 Mar 2020 19:05:50 GMT"
        ],
        "Content-Length": [
          "768"
        ],
        "Content-Type": [
          "application/json; charset=utf-8"
        ],
        "Expires": [
          "-1"
        ]
      },
      "ResponseBody": "{\r\n  \"id\": \"/subscriptions/74f34d9c-50ed-4d7a-a1a8-88d2aed13ac3/resourceGroups/ApiM-SDK-EastUS/providers/Microsoft.ApiManagement/service/sdktestservicemapi/apis/apiid5572\",\r\n  \"type\": \"Microsoft.ApiManagement/service/apis\",\r\n  \"name\": \"apiid5572\",\r\n  \"properties\": {\r\n    \"displayName\": \"apiname4857\",\r\n    \"apiRevision\": \"1\",\r\n    \"description\": \"apidescription530\",\r\n    \"subscriptionRequired\": true,\r\n    \"serviceUrl\": \"http://newechoapi.cloudapp.net/api\",\r\n    \"path\": \"newapiPath\",\r\n    \"protocols\": [\r\n      \"http\",\r\n      \"https\"\r\n    ],\r\n    \"authenticationSettings\": {\r\n      \"oAuth2\": null,\r\n      \"openid\": null\r\n    },\r\n    \"subscriptionKeyParameterNames\": {\r\n      \"header\": \"header2396\",\r\n      \"query\": \"query2248\"\r\n    },\r\n    \"isCurrent\": true\r\n  }\r\n}",
      "StatusCode": 200
    },
    {
      "RequestUri": "/subscriptions/74f34d9c-50ed-4d7a-a1a8-88d2aed13ac3/resourceGroups/ApiM-SDK-EastUS/providers/Microsoft.ApiManagement/service/sdktestservicemapi/apis/apiid5572?api-version=2019-12-01",
      "EncodedRequestUri": "L3N1YnNjcmlwdGlvbnMvNzRmMzRkOWMtNTBlZC00ZDdhLWExYTgtODhkMmFlZDEzYWMzL3Jlc291cmNlR3JvdXBzL0FwaU0tU0RLLUVhc3RVUy9wcm92aWRlcnMvTWljcm9zb2Z0LkFwaU1hbmFnZW1lbnQvc2VydmljZS9zZGt0ZXN0c2VydmljZW1hcGkvYXBpcy9hcGlpZDU1NzI/YXBpLXZlcnNpb249MjAxOS0xMi0wMQ==",
      "RequestMethod": "GET",
      "RequestBody": "",
      "RequestHeaders": {
        "x-ms-client-request-id": [
          "36be1694-b31e-4b20-a402-5ef8bbbf7097"
        ],
        "Accept-Language": [
          "en-US"
        ],
        "User-Agent": [
          "FxVersion/4.6.27817.03",
          "OSName/Windows",
          "OSVersion/Microsoft.Windows.10.0.18363.",
          "Microsoft.Azure.Management.ApiManagement.ApiManagementClient/5.0.0.0"
        ]
      },
      "ResponseHeaders": {
        "Cache-Control": [
          "no-cache"
        ],
        "Pragma": [
          "no-cache"
        ],
        "Strict-Transport-Security": [
          "max-age=31536000; includeSubDomains"
        ],
        "x-ms-request-id": [
          "b0a78566-3db9-424b-8125-7a30a11e7a78"
        ],
        "Server": [
          "Microsoft-HTTPAPI/2.0"
        ],
        "x-ms-ratelimit-remaining-subscription-reads": [
          "14981"
        ],
        "x-ms-correlation-request-id": [
          "b1a60f34-d8be-4f2c-9cbc-51723c98044f"
        ],
        "x-ms-routing-request-id": [
          "NORTHEUROPE:20200325T190654Z:b1a60f34-d8be-4f2c-9cbc-51723c98044f"
        ],
        "X-Content-Type-Options": [
          "nosniff"
        ],
        "Date": [
          "Wed, 25 Mar 2020 19:06:54 GMT"
        ],
        "Content-Length": [
          "79"
        ],
        "Content-Type": [
          "application/json; charset=utf-8"
        ],
        "Expires": [
          "-1"
        ]
      },
      "ResponseBody": "{\r\n  \"error\": {\r\n    \"code\": \"ResourceNotFound\",\r\n    \"message\": \"Api not found.\",\r\n    \"details\": null\r\n  }\r\n}",
      "StatusCode": 404
    },
    {
      "RequestUri": "/subscriptions/74f34d9c-50ed-4d7a-a1a8-88d2aed13ac3/resourceGroups/ApiM-SDK-EastUS/providers/Microsoft.ApiManagement/service/sdktestservicemapi/apis/apiid5572/schemas/schemaid4194?api-version=2019-12-01",
      "EncodedRequestUri": "L3N1YnNjcmlwdGlvbnMvNzRmMzRkOWMtNTBlZC00ZDdhLWExYTgtODhkMmFlZDEzYWMzL3Jlc291cmNlR3JvdXBzL0FwaU0tU0RLLUVhc3RVUy9wcm92aWRlcnMvTWljcm9zb2Z0LkFwaU1hbmFnZW1lbnQvc2VydmljZS9zZGt0ZXN0c2VydmljZW1hcGkvYXBpcy9hcGlpZDU1NzIvc2NoZW1hcy9zY2hlbWFpZDQxOTQ/YXBpLXZlcnNpb249MjAxOS0xMi0wMQ==",
      "RequestMethod": "PUT",
      "RequestBody": "{\r\n  \"properties\": {\r\n    \"contentType\": \"application/vnd.ms-azure-apim.swagger.definitions+json\",\r\n    \"document\": {\r\n      \"value\": \"{\\\"definitions\\\":{\\r\\n            \\\"pet\\\": {\\r\\n                \\\"required\\\": [\\\"id\\\",\\r\\n                \\\"name\\\"],\\r\\n                \\\"externalDocs\\\": {\\r\\n                    \\\"description\\\": \\\"findmoreinfohere\\\",\\r\\n                    \\\"url\\\": \\\"https: //helloreverb.com/about\\\"\\r\\n                },\\r\\n                \\\"properties\\\": {\\r\\n                    \\\"id\\\": {\\r\\n                        \\\"type\\\": \\\"integer\\\",\\r\\n                        \\\"format\\\": \\\"int64\\\"\\r\\n                    },\\r\\n                    \\\"name\\\": {\\r\\n                        \\\"type\\\": \\\"string\\\"\\r\\n                    },\\r\\n                    \\\"tag\\\": {\\r\\n                        \\\"type\\\": \\\"string\\\"\\r\\n                    }\\r\\n                }\\r\\n            },\\r\\n            \\\"newPet\\\": {\\r\\n                \\\"allOf\\\": [{\\r\\n                    \\\"$ref\\\": \\\"pet\\\"\\r\\n                },\\r\\n                {\\r\\n                    \\\"required\\\": [\\\"name\\\"],\\r\\n                    \\\"id\\\": {\\r\\n                        \\\"properties\\\": {\\r\\n                            \\\"type\\\": \\\"integer\\\",\\r\\n                            \\\"format\\\": \\\"int64\\\"\\r\\n                        }\\r\\n                    }\\r\\n                }]\\r\\n            },\\r\\n            \\\"errorModel\\\": {\\r\\n                \\\"required\\\": [\\\"code\\\",\\r\\n                \\\"message\\\"],\\r\\n                \\\"properties\\\": {\\r\\n                    \\\"code\\\": {\\r\\n                        \\\"type\\\": \\\"integer\\\",\\r\\n                        \\\"format\\\": \\\"int32\\\"\\r\\n                    },\\r\\n                    \\\"message\\\": {\\r\\n                        \\\"type\\\": \\\"string\\\"\\r\\n                    }\\r\\n                }\\r\\n            }\\r\\n        }}\"\r\n    }\r\n  }\r\n}",
      "RequestHeaders": {
        "x-ms-client-request-id": [
          "f8855024-3e51-4aff-a20c-e38416c46333"
        ],
        "Accept-Language": [
          "en-US"
        ],
        "User-Agent": [
          "FxVersion/4.6.27817.03",
          "OSName/Windows",
          "OSVersion/Microsoft.Windows.10.0.18363.",
          "Microsoft.Azure.Management.ApiManagement.ApiManagementClient/5.0.0.0"
        ],
        "Content-Type": [
          "application/json; charset=utf-8"
        ],
        "Content-Length": [
          "1851"
        ]
      },
      "ResponseHeaders": {
        "Cache-Control": [
          "no-cache"
        ],
        "Pragma": [
          "no-cache"
        ],
        "Location": [
          "https://api-dogfood.resources.windows-int.net/subscriptions/74f34d9c-50ed-4d7a-a1a8-88d2aed13ac3/resourceGroups/ApiM-SDK-EastUS/providers/Microsoft.ApiManagement/service/sdktestservicemapi/apis/apiid5572/schemas/schemaid4194?api-version=2019-12-01&asyncId=5e7bab8e07b43d0e387945fb&asyncCode=201"
        ],
        "Strict-Transport-Security": [
          "max-age=31536000; includeSubDomains"
        ],
        "x-ms-request-id": [
          "997fd7f7-4c07-4800-b194-97491ee82d6a"
        ],
        "Server": [
          "Microsoft-HTTPAPI/2.0"
        ],
        "x-ms-ratelimit-remaining-subscription-writes": [
          "1191"
        ],
        "x-ms-correlation-request-id": [
          "3bfa28b3-c92b-49a6-9b12-64b53885c849"
        ],
        "x-ms-routing-request-id": [
          "NORTHEUROPE:20200325T190551Z:3bfa28b3-c92b-49a6-9b12-64b53885c849"
        ],
        "X-Content-Type-Options": [
          "nosniff"
        ],
        "Date": [
          "Wed, 25 Mar 2020 19:05:51 GMT"
        ],
        "Expires": [
          "-1"
        ],
        "Content-Length": [
          "0"
        ]
      },
      "ResponseBody": "",
      "StatusCode": 202
    },
    {
      "RequestUri": "/subscriptions/74f34d9c-50ed-4d7a-a1a8-88d2aed13ac3/resourceGroups/ApiM-SDK-EastUS/providers/Microsoft.ApiManagement/service/sdktestservicemapi/apis/apiid5572/schemas/schemaid4194?api-version=2019-12-01",
      "EncodedRequestUri": "L3N1YnNjcmlwdGlvbnMvNzRmMzRkOWMtNTBlZC00ZDdhLWExYTgtODhkMmFlZDEzYWMzL3Jlc291cmNlR3JvdXBzL0FwaU0tU0RLLUVhc3RVUy9wcm92aWRlcnMvTWljcm9zb2Z0LkFwaU1hbmFnZW1lbnQvc2VydmljZS9zZGt0ZXN0c2VydmljZW1hcGkvYXBpcy9hcGlpZDU1NzIvc2NoZW1hcy9zY2hlbWFpZDQxOTQ/YXBpLXZlcnNpb249MjAxOS0xMi0wMQ==",
      "RequestMethod": "PUT",
      "RequestBody": "{\r\n  \"properties\": {\r\n    \"contentType\": \"application/vnd.oai.openapi.components+json\",\r\n    \"document\": {\r\n      \"value\": \"{\\r\\n            \\\"pet\\\": {\\r\\n                \\\"required\\\": [\\\"id\\\",\\r\\n                \\\"name\\\"],\\r\\n                \\\"externalDocs\\\": {\\r\\n                    \\\"description\\\": \\\"findmoreinfohere\\\",\\r\\n                    \\\"url\\\": \\\"https: //helloreverb.com/about\\\"\\r\\n                },\\r\\n                \\\"properties\\\": {\\r\\n                    \\\"id\\\": {\\r\\n                        \\\"type\\\": \\\"integer\\\",\\r\\n                        \\\"format\\\": \\\"int64\\\"\\r\\n                    },\\r\\n                    \\\"name\\\": {\\r\\n                        \\\"type\\\": \\\"string\\\"\\r\\n                    },\\r\\n                    \\\"tag\\\": {\\r\\n                        \\\"type\\\": \\\"string\\\"\\r\\n                    }\\r\\n                }\\r\\n            },\\r\\n            \\\"newPet\\\": {\\r\\n                \\\"allOf\\\": [{\\r\\n                    \\\"$ref\\\": \\\"pet\\\"\\r\\n                },\\r\\n                {\\r\\n                    \\\"required\\\": [\\\"name\\\"],\\r\\n                    \\\"id\\\": {\\r\\n                        \\\"properties\\\": {\\r\\n                            \\\"type\\\": \\\"integer\\\",\\r\\n                            \\\"format\\\": \\\"int64\\\"\\r\\n                        }\\r\\n                    }\\r\\n                }]\\r\\n            },\\r\\n            \\\"errorModel\\\": {\\r\\n                \\\"required\\\": [\\\"code\\\",\\r\\n                \\\"message\\\"],\\r\\n                \\\"properties\\\": {\\r\\n                    \\\"code\\\": {\\r\\n                        \\\"type\\\": \\\"integer\\\",\\r\\n                        \\\"format\\\": \\\"int32\\\"\\r\\n                    },\\r\\n                    \\\"message\\\": {\\r\\n                        \\\"type\\\": \\\"string\\\"\\r\\n                    }\\r\\n                }\\r\\n            }\\r\\n        }\"\r\n    }\r\n  }\r\n}",
      "RequestHeaders": {
        "x-ms-client-request-id": [
          "121bfd47-a947-4b20-8bb6-36291796a4cb"
        ],
        "Accept-Language": [
          "en-US"
        ],
        "User-Agent": [
          "FxVersion/4.6.27817.03",
          "OSName/Windows",
          "OSVersion/Microsoft.Windows.10.0.18363.",
          "Microsoft.Azure.Management.ApiManagement.ApiManagementClient/5.0.0.0"
        ],
        "Content-Type": [
          "application/json; charset=utf-8"
        ],
        "Content-Length": [
          "1822"
        ]
      },
      "ResponseHeaders": {
        "Cache-Control": [
          "no-cache"
        ],
        "Pragma": [
          "no-cache"
        ],
        "Location": [
          "https://api-dogfood.resources.windows-int.net/subscriptions/74f34d9c-50ed-4d7a-a1a8-88d2aed13ac3/resourceGroups/ApiM-SDK-EastUS/providers/Microsoft.ApiManagement/service/sdktestservicemapi/apis/apiid5572/schemas/schemaid4194?api-version=2019-12-01&asyncId=5e7babae07b43d0e387945ff&asyncCode=200"
        ],
        "Strict-Transport-Security": [
          "max-age=31536000; includeSubDomains"
        ],
        "x-ms-request-id": [
          "310396e9-b49d-47db-9851-f5ea6b9783c1"
        ],
        "Server": [
          "Microsoft-HTTPAPI/2.0"
        ],
        "x-ms-ratelimit-remaining-subscription-writes": [
          "1190"
        ],
        "x-ms-correlation-request-id": [
          "c74cd595-4e53-4bd6-8c7c-b0e335803e74"
        ],
        "x-ms-routing-request-id": [
          "NORTHEUROPE:20200325T190622Z:c74cd595-4e53-4bd6-8c7c-b0e335803e74"
        ],
        "X-Content-Type-Options": [
          "nosniff"
        ],
        "Date": [
          "Wed, 25 Mar 2020 19:06:22 GMT"
        ],
        "Expires": [
          "-1"
        ],
        "Content-Length": [
          "0"
        ]
      },
      "ResponseBody": "",
      "StatusCode": 202
    },
    {
      "RequestUri": "/subscriptions/74f34d9c-50ed-4d7a-a1a8-88d2aed13ac3/resourceGroups/ApiM-SDK-EastUS/providers/Microsoft.ApiManagement/service/sdktestservicemapi/apis/apiid5572/schemas/schemaid4194?api-version=2019-12-01&asyncId=5e7bab8e07b43d0e387945fb&asyncCode=201",
      "EncodedRequestUri": "L3N1YnNjcmlwdGlvbnMvNzRmMzRkOWMtNTBlZC00ZDdhLWExYTgtODhkMmFlZDEzYWMzL3Jlc291cmNlR3JvdXBzL0FwaU0tU0RLLUVhc3RVUy9wcm92aWRlcnMvTWljcm9zb2Z0LkFwaU1hbmFnZW1lbnQvc2VydmljZS9zZGt0ZXN0c2VydmljZW1hcGkvYXBpcy9hcGlpZDU1NzIvc2NoZW1hcy9zY2hlbWFpZDQxOTQ/YXBpLXZlcnNpb249MjAxOS0xMi0wMSZhc3luY0lkPTVlN2JhYjhlMDdiNDNkMGUzODc5NDVmYiZhc3luY0NvZGU9MjAx",
      "RequestMethod": "GET",
      "RequestBody": "",
      "RequestHeaders": {
        "User-Agent": [
          "FxVersion/4.6.27817.03",
          "OSName/Windows",
          "OSVersion/Microsoft.Windows.10.0.18363.",
          "Microsoft.Azure.Management.ApiManagement.ApiManagementClient/5.0.0.0"
        ]
      },
      "ResponseHeaders": {
        "Cache-Control": [
          "no-cache"
        ],
        "Pragma": [
          "no-cache"
        ],
        "ETag": [
          "\"AAAAAAAANGw=\""
        ],
        "Strict-Transport-Security": [
          "max-age=31536000; includeSubDomains"
        ],
        "x-ms-request-id": [
          "58019690-23e1-47f4-a4d8-95dc9f793fca"
        ],
        "x-ms-ratelimit-remaining-subscription-reads": [
          "14986"
        ],
        "Server": [
          "Microsoft-HTTPAPI/2.0"
        ],
        "x-ms-correlation-request-id": [
          "a0d7249c-eacf-413b-aef2-bd1ccacf4ecc"
        ],
        "x-ms-routing-request-id": [
          "NORTHEUROPE:20200325T190621Z:a0d7249c-eacf-413b-aef2-bd1ccacf4ecc"
        ],
        "X-Content-Type-Options": [
          "nosniff"
        ],
        "Date": [
          "Wed, 25 Mar 2020 19:06:21 GMT"
        ],
        "Content-Length": [
          "1860"
        ],
        "Content-Type": [
          "application/json; charset=utf-8"
        ],
        "Expires": [
          "-1"
        ]
      },
      "ResponseBody": "{\r\n  \"id\": \"/subscriptions/74f34d9c-50ed-4d7a-a1a8-88d2aed13ac3/resourceGroups/ApiM-SDK-EastUS/providers/Microsoft.ApiManagement/service/sdktestservicemapi/apis/apiid5572/schemas/schemaid4194\",\r\n  \"type\": \"Microsoft.ApiManagement/service/apis/schemas\",\r\n  \"name\": \"schemaid4194\",\r\n  \"properties\": {\r\n    \"contentType\": \"application/vnd.ms-azure-apim.swagger.definitions+json\",\r\n    \"document\": {\r\n      \"definitions\": {\r\n        \"definitions\": {\r\n          \"pet\": {\r\n            \"required\": [\r\n              \"id\",\r\n              \"name\"\r\n            ],\r\n            \"externalDocs\": {\r\n              \"description\": \"findmoreinfohere\",\r\n              \"url\": \"https: //helloreverb.com/about\"\r\n            },\r\n            \"properties\": {\r\n              \"id\": {\r\n                \"type\": \"integer\",\r\n                \"format\": \"int64\"\r\n              },\r\n              \"name\": {\r\n                \"type\": \"string\"\r\n              },\r\n              \"tag\": {\r\n                \"type\": \"string\"\r\n              }\r\n            }\r\n          },\r\n          \"newPet\": {\r\n            \"allOf\": [\r\n              {\r\n                \"$ref\": \"pet\"\r\n              },\r\n              {\r\n                \"required\": [\r\n                  \"name\"\r\n                ],\r\n                \"id\": {\r\n                  \"properties\": {\r\n                    \"type\": \"integer\",\r\n                    \"format\": \"int64\"\r\n                  }\r\n                }\r\n              }\r\n            ]\r\n          },\r\n          \"errorModel\": {\r\n            \"required\": [\r\n              \"code\",\r\n              \"message\"\r\n            ],\r\n            \"properties\": {\r\n              \"code\": {\r\n                \"type\": \"integer\",\r\n                \"format\": \"int32\"\r\n              },\r\n              \"message\": {\r\n                \"type\": \"string\"\r\n              }\r\n            }\r\n          }\r\n        }\r\n      }\r\n    }\r\n  }\r\n}",
      "StatusCode": 201
    },
    {
      "RequestUri": "/subscriptions/74f34d9c-50ed-4d7a-a1a8-88d2aed13ac3/resourceGroups/ApiM-SDK-EastUS/providers/Microsoft.ApiManagement/service/sdktestservicemapi/apis/apiid5572/schemas/schemaid4194?api-version=2019-12-01&asyncId=5e7babae07b43d0e387945ff&asyncCode=200",
      "EncodedRequestUri": "L3N1YnNjcmlwdGlvbnMvNzRmMzRkOWMtNTBlZC00ZDdhLWExYTgtODhkMmFlZDEzYWMzL3Jlc291cmNlR3JvdXBzL0FwaU0tU0RLLUVhc3RVUy9wcm92aWRlcnMvTWljcm9zb2Z0LkFwaU1hbmFnZW1lbnQvc2VydmljZS9zZGt0ZXN0c2VydmljZW1hcGkvYXBpcy9hcGlpZDU1NzIvc2NoZW1hcy9zY2hlbWFpZDQxOTQ/YXBpLXZlcnNpb249MjAxOS0xMi0wMSZhc3luY0lkPTVlN2JhYmFlMDdiNDNkMGUzODc5NDVmZiZhc3luY0NvZGU9MjAw",
      "RequestMethod": "GET",
      "RequestBody": "",
      "RequestHeaders": {
        "User-Agent": [
          "FxVersion/4.6.27817.03",
          "OSName/Windows",
          "OSVersion/Microsoft.Windows.10.0.18363.",
          "Microsoft.Azure.Management.ApiManagement.ApiManagementClient/5.0.0.0"
        ]
      },
      "ResponseHeaders": {
        "Cache-Control": [
          "no-cache"
        ],
        "Pragma": [
          "no-cache"
        ],
        "ETag": [
          "\"AAAAAAAANG0=\""
        ],
        "Strict-Transport-Security": [
          "max-age=31536000; includeSubDomains"
        ],
        "x-ms-request-id": [
          "8a2ab1a4-3a0a-40fe-b25b-e31236e810a6"
        ],
        "Server": [
          "Microsoft-HTTPAPI/2.0"
        ],
        "x-ms-ratelimit-remaining-subscription-reads": [
          "14985"
        ],
        "x-ms-correlation-request-id": [
          "0f83c3a0-46c5-4818-ac1a-154e0fd7e463"
        ],
        "x-ms-routing-request-id": [
          "NORTHEUROPE:20200325T190652Z:0f83c3a0-46c5-4818-ac1a-154e0fd7e463"
        ],
        "X-Content-Type-Options": [
          "nosniff"
        ],
        "Date": [
          "Wed, 25 Mar 2020 19:06:52 GMT"
        ],
        "Content-Length": [
          "2100"
        ],
        "Content-Type": [
          "application/json; charset=utf-8"
        ],
        "Expires": [
          "-1"
        ]
      },
      "ResponseBody": "{\r\n  \"id\": \"/subscriptions/74f34d9c-50ed-4d7a-a1a8-88d2aed13ac3/resourceGroups/ApiM-SDK-EastUS/providers/Microsoft.ApiManagement/service/sdktestservicemapi/apis/apiid5572/schemas/schemaid4194\",\r\n  \"type\": \"Microsoft.ApiManagement/service/apis/schemas\",\r\n  \"name\": \"schemaid4194\",\r\n  \"properties\": {\r\n    \"contentType\": \"application/vnd.oai.openapi.components+json\",\r\n    \"document\": {\r\n      \"value\": \"{\\r\\n            \\\"pet\\\": {\\r\\n                \\\"required\\\": [\\\"id\\\",\\r\\n                \\\"name\\\"],\\r\\n                \\\"externalDocs\\\": {\\r\\n                    \\\"description\\\": \\\"findmoreinfohere\\\",\\r\\n                    \\\"url\\\": \\\"https: //helloreverb.com/about\\\"\\r\\n                },\\r\\n                \\\"properties\\\": {\\r\\n                    \\\"id\\\": {\\r\\n                        \\\"type\\\": \\\"integer\\\",\\r\\n                        \\\"format\\\": \\\"int64\\\"\\r\\n                    },\\r\\n                    \\\"name\\\": {\\r\\n                        \\\"type\\\": \\\"string\\\"\\r\\n                    },\\r\\n                    \\\"tag\\\": {\\r\\n                        \\\"type\\\": \\\"string\\\"\\r\\n                    }\\r\\n                }\\r\\n            },\\r\\n            \\\"newPet\\\": {\\r\\n                \\\"allOf\\\": [{\\r\\n                    \\\"$ref\\\": \\\"pet\\\"\\r\\n                },\\r\\n                {\\r\\n                    \\\"required\\\": [\\\"name\\\"],\\r\\n                    \\\"id\\\": {\\r\\n                        \\\"properties\\\": {\\r\\n                            \\\"type\\\": \\\"integer\\\",\\r\\n                            \\\"format\\\": \\\"int64\\\"\\r\\n                        }\\r\\n                    }\\r\\n                }]\\r\\n            },\\r\\n            \\\"errorModel\\\": {\\r\\n                \\\"required\\\": [\\\"code\\\",\\r\\n                \\\"message\\\"],\\r\\n                \\\"properties\\\": {\\r\\n                    \\\"code\\\": {\\r\\n                        \\\"type\\\": \\\"integer\\\",\\r\\n                        \\\"format\\\": \\\"int32\\\"\\r\\n                    },\\r\\n                    \\\"message\\\": {\\r\\n                        \\\"type\\\": \\\"string\\\"\\r\\n                    }\\r\\n                }\\r\\n            }\\r\\n        }\"\r\n    }\r\n  }\r\n}",
      "StatusCode": 200
    },
    {
      "RequestUri": "/subscriptions/74f34d9c-50ed-4d7a-a1a8-88d2aed13ac3/resourceGroups/ApiM-SDK-EastUS/providers/Microsoft.ApiManagement/service/sdktestservicemapi/apis/apiid5572/schemas?api-version=2019-12-01",
      "EncodedRequestUri": "L3N1YnNjcmlwdGlvbnMvNzRmMzRkOWMtNTBlZC00ZDdhLWExYTgtODhkMmFlZDEzYWMzL3Jlc291cmNlR3JvdXBzL0FwaU0tU0RLLUVhc3RVUy9wcm92aWRlcnMvTWljcm9zb2Z0LkFwaU1hbmFnZW1lbnQvc2VydmljZS9zZGt0ZXN0c2VydmljZW1hcGkvYXBpcy9hcGlpZDU1NzIvc2NoZW1hcz9hcGktdmVyc2lvbj0yMDE5LTEyLTAx",
      "RequestMethod": "GET",
      "RequestBody": "",
      "RequestHeaders": {
        "x-ms-client-request-id": [
          "1a08df7e-51f4-4444-9adc-065bf3939bad"
        ],
        "Accept-Language": [
          "en-US"
        ],
        "User-Agent": [
          "FxVersion/4.6.27817.03",
          "OSName/Windows",
          "OSVersion/Microsoft.Windows.10.0.18363.",
          "Microsoft.Azure.Management.ApiManagement.ApiManagementClient/5.0.0.0"
        ]
      },
      "ResponseHeaders": {
        "Cache-Control": [
          "no-cache"
        ],
        "Pragma": [
          "no-cache"
        ],
        "Strict-Transport-Security": [
          "max-age=31536000; includeSubDomains"
        ],
        "x-ms-request-id": [
          "99e27a13-4ae8-42f4-8e20-a7ad9e6c8735"
        ],
        "Server": [
          "Microsoft-HTTPAPI/2.0"
        ],
        "x-ms-ratelimit-remaining-subscription-reads": [
          "14984"
        ],
        "x-ms-correlation-request-id": [
          "bade200c-4477-4049-b2f7-f3a26cf215e8"
        ],
        "x-ms-routing-request-id": [
          "NORTHEUROPE:20200325T190652Z:bade200c-4477-4049-b2f7-f3a26cf215e8"
        ],
        "X-Content-Type-Options": [
          "nosniff"
        ],
        "Date": [
          "Wed, 25 Mar 2020 19:06:52 GMT"
        ],
        "Content-Length": [
          "2184"
        ],
        "Content-Type": [
          "application/json; charset=utf-8"
        ],
        "Expires": [
          "-1"
        ]
      },
      "ResponseBody": "{\r\n  \"value\": [\r\n    {\r\n      \"id\": \"/subscriptions/74f34d9c-50ed-4d7a-a1a8-88d2aed13ac3/resourceGroups/ApiM-SDK-EastUS/providers/Microsoft.ApiManagement/service/sdktestservicemapi/apis/apiid5572/schemas/schemaid4194\",\r\n      \"type\": \"Microsoft.ApiManagement/service/apis/schemas\",\r\n      \"name\": \"schemaid4194\",\r\n      \"properties\": {\r\n        \"contentType\": \"application/vnd.oai.openapi.components+json\",\r\n        \"document\": {\r\n          \"value\": \"{\\r\\n            \\\"pet\\\": {\\r\\n                \\\"required\\\": [\\\"id\\\",\\r\\n                \\\"name\\\"],\\r\\n                \\\"externalDocs\\\": {\\r\\n                    \\\"description\\\": \\\"findmoreinfohere\\\",\\r\\n                    \\\"url\\\": \\\"https: //helloreverb.com/about\\\"\\r\\n                },\\r\\n                \\\"properties\\\": {\\r\\n                    \\\"id\\\": {\\r\\n                        \\\"type\\\": \\\"integer\\\",\\r\\n                        \\\"format\\\": \\\"int64\\\"\\r\\n                    },\\r\\n                    \\\"name\\\": {\\r\\n                        \\\"type\\\": \\\"string\\\"\\r\\n                    },\\r\\n                    \\\"tag\\\": {\\r\\n                        \\\"type\\\": \\\"string\\\"\\r\\n                    }\\r\\n                }\\r\\n            },\\r\\n            \\\"newPet\\\": {\\r\\n                \\\"allOf\\\": [{\\r\\n                    \\\"$ref\\\": \\\"pet\\\"\\r\\n                },\\r\\n                {\\r\\n                    \\\"required\\\": [\\\"name\\\"],\\r\\n                    \\\"id\\\": {\\r\\n                        \\\"properties\\\": {\\r\\n                            \\\"type\\\": \\\"integer\\\",\\r\\n                            \\\"format\\\": \\\"int64\\\"\\r\\n                        }\\r\\n                    }\\r\\n                }]\\r\\n            },\\r\\n            \\\"errorModel\\\": {\\r\\n                \\\"required\\\": [\\\"code\\\",\\r\\n                \\\"message\\\"],\\r\\n                \\\"properties\\\": {\\r\\n                    \\\"code\\\": {\\r\\n                        \\\"type\\\": \\\"integer\\\",\\r\\n                        \\\"format\\\": \\\"int32\\\"\\r\\n                    },\\r\\n                    \\\"message\\\": {\\r\\n                        \\\"type\\\": \\\"string\\\"\\r\\n                    }\\r\\n                }\\r\\n            }\\r\\n        }\"\r\n        }\r\n      }\r\n    }\r\n  ],\r\n  \"count\": 1\r\n}",
      "StatusCode": 200
    },
    {
      "RequestUri": "/subscriptions/74f34d9c-50ed-4d7a-a1a8-88d2aed13ac3/resourceGroups/ApiM-SDK-EastUS/providers/Microsoft.ApiManagement/service/sdktestservicemapi/apis/apiid5572/schemas/schemaid4194?api-version=2019-12-01",
      "EncodedRequestUri": "L3N1YnNjcmlwdGlvbnMvNzRmMzRkOWMtNTBlZC00ZDdhLWExYTgtODhkMmFlZDEzYWMzL3Jlc291cmNlR3JvdXBzL0FwaU0tU0RLLUVhc3RVUy9wcm92aWRlcnMvTWljcm9zb2Z0LkFwaU1hbmFnZW1lbnQvc2VydmljZS9zZGt0ZXN0c2VydmljZW1hcGkvYXBpcy9hcGlpZDU1NzIvc2NoZW1hcy9zY2hlbWFpZDQxOTQ/YXBpLXZlcnNpb249MjAxOS0xMi0wMQ==",
      "RequestMethod": "HEAD",
      "RequestBody": "",
      "RequestHeaders": {
        "x-ms-client-request-id": [
          "fe69d0a3-95b3-4dd0-8ad3-2c8ddc203ae1"
        ],
        "Accept-Language": [
          "en-US"
        ],
        "User-Agent": [
          "FxVersion/4.6.27817.03",
          "OSName/Windows",
          "OSVersion/Microsoft.Windows.10.0.18363.",
          "Microsoft.Azure.Management.ApiManagement.ApiManagementClient/5.0.0.0"
        ]
      },
      "ResponseHeaders": {
        "Cache-Control": [
          "no-cache"
        ],
        "Pragma": [
          "no-cache"
        ],
        "ETag": [
          "\"AAAAAAAANG0=\""
        ],
        "Strict-Transport-Security": [
          "max-age=31536000; includeSubDomains"
        ],
        "x-ms-request-id": [
          "709e1983-de91-4a6e-a319-633302105972"
        ],
        "Server": [
          "Microsoft-HTTPAPI/2.0"
        ],
        "x-ms-ratelimit-remaining-subscription-reads": [
          "14983"
        ],
        "x-ms-correlation-request-id": [
          "f0e0212d-49cf-46b9-8146-63014e361579"
        ],
        "x-ms-routing-request-id": [
          "NORTHEUROPE:20200325T190652Z:f0e0212d-49cf-46b9-8146-63014e361579"
        ],
        "X-Content-Type-Options": [
          "nosniff"
        ],
        "Date": [
          "Wed, 25 Mar 2020 19:06:52 GMT"
        ],
        "Content-Length": [
          "0"
        ],
        "Expires": [
          "-1"
        ]
      },
      "ResponseBody": "",
      "StatusCode": 200
    },
    {
      "RequestUri": "/subscriptions/74f34d9c-50ed-4d7a-a1a8-88d2aed13ac3/resourceGroups/ApiM-SDK-EastUS/providers/Microsoft.ApiManagement/service/sdktestservicemapi/apis/apiid5572/schemas/schemaid4194?api-version=2019-12-01",
      "EncodedRequestUri": "L3N1YnNjcmlwdGlvbnMvNzRmMzRkOWMtNTBlZC00ZDdhLWExYTgtODhkMmFlZDEzYWMzL3Jlc291cmNlR3JvdXBzL0FwaU0tU0RLLUVhc3RVUy9wcm92aWRlcnMvTWljcm9zb2Z0LkFwaU1hbmFnZW1lbnQvc2VydmljZS9zZGt0ZXN0c2VydmljZW1hcGkvYXBpcy9hcGlpZDU1NzIvc2NoZW1hcy9zY2hlbWFpZDQxOTQ/YXBpLXZlcnNpb249MjAxOS0xMi0wMQ==",
      "RequestMethod": "DELETE",
      "RequestBody": "",
      "RequestHeaders": {
        "x-ms-client-request-id": [
          "b22c4856-8039-4504-a326-f1af4d61dacc"
        ],
        "If-Match": [
          "\"AAAAAAAANG0=\""
        ],
        "Accept-Language": [
          "en-US"
        ],
        "User-Agent": [
          "FxVersion/4.6.27817.03",
          "OSName/Windows",
          "OSVersion/Microsoft.Windows.10.0.18363.",
          "Microsoft.Azure.Management.ApiManagement.ApiManagementClient/5.0.0.0"
        ]
      },
      "ResponseHeaders": {
        "Cache-Control": [
          "no-cache"
        ],
        "Pragma": [
          "no-cache"
        ],
        "Strict-Transport-Security": [
          "max-age=31536000; includeSubDomains"
        ],
        "x-ms-request-id": [
          "740e2e99-0e1b-43ef-a055-951ad67d5f40"
        ],
        "Server": [
          "Microsoft-HTTPAPI/2.0"
        ],
        "x-ms-ratelimit-remaining-subscription-deletes": [
          "14992"
        ],
        "x-ms-correlation-request-id": [
          "ef5334fe-06b4-4691-a5e9-186fc524bf31"
        ],
        "x-ms-routing-request-id": [
          "NORTHEUROPE:20200325T190653Z:ef5334fe-06b4-4691-a5e9-186fc524bf31"
        ],
        "X-Content-Type-Options": [
          "nosniff"
        ],
        "Date": [
          "Wed, 25 Mar 2020 19:06:53 GMT"
        ],
        "Expires": [
          "-1"
        ],
        "Content-Length": [
          "0"
        ]
      },
      "ResponseBody": "",
      "StatusCode": 200
    },
    {
      "RequestUri": "/subscriptions/74f34d9c-50ed-4d7a-a1a8-88d2aed13ac3/resourceGroups/ApiM-SDK-EastUS/providers/Microsoft.ApiManagement/service/sdktestservicemapi/apis/apiid5572/schemas/schemaid4194?api-version=2019-12-01",
      "EncodedRequestUri": "L3N1YnNjcmlwdGlvbnMvNzRmMzRkOWMtNTBlZC00ZDdhLWExYTgtODhkMmFlZDEzYWMzL3Jlc291cmNlR3JvdXBzL0FwaU0tU0RLLUVhc3RVUy9wcm92aWRlcnMvTWljcm9zb2Z0LkFwaU1hbmFnZW1lbnQvc2VydmljZS9zZGt0ZXN0c2VydmljZW1hcGkvYXBpcy9hcGlpZDU1NzIvc2NoZW1hcy9zY2hlbWFpZDQxOTQ/YXBpLXZlcnNpb249MjAxOS0xMi0wMQ==",
      "RequestMethod": "DELETE",
      "RequestBody": "",
      "RequestHeaders": {
        "x-ms-client-request-id": [
          "b729ea8d-be9e-4bd5-9b0f-d4cffc028a58"
        ],
        "If-Match": [
          "*"
        ],
        "Accept-Language": [
          "en-US"
        ],
        "User-Agent": [
          "FxVersion/4.6.27817.03",
          "OSName/Windows",
          "OSVersion/Microsoft.Windows.10.0.18363.",
          "Microsoft.Azure.Management.ApiManagement.ApiManagementClient/5.0.0.0"
        ]
      },
      "ResponseHeaders": {
        "Cache-Control": [
          "no-cache"
        ],
        "Pragma": [
          "no-cache"
        ],
        "Strict-Transport-Security": [
          "max-age=31536000; includeSubDomains"
        ],
        "x-ms-request-id": [
          "b99cc6c8-1d71-4474-ab63-d0064a0f68ea"
        ],
        "Server": [
          "Microsoft-HTTPAPI/2.0"
        ],
        "x-ms-ratelimit-remaining-subscription-deletes": [
          "14990"
        ],
        "x-ms-correlation-request-id": [
          "64c0fc5e-1ecb-4914-9bfe-0fabe2fd78fd"
        ],
        "x-ms-routing-request-id": [
          "NORTHEUROPE:20200325T190654Z:64c0fc5e-1ecb-4914-9bfe-0fabe2fd78fd"
        ],
        "X-Content-Type-Options": [
          "nosniff"
        ],
        "Date": [
          "Wed, 25 Mar 2020 19:06:54 GMT"
        ],
        "Expires": [
          "-1"
        ]
      },
      "ResponseBody": "",
      "StatusCode": 204
    },
    {
      "RequestUri": "/subscriptions/74f34d9c-50ed-4d7a-a1a8-88d2aed13ac3/resourceGroups/ApiM-SDK-EastUS/providers/Microsoft.ApiManagement/service/sdktestservicemapi/apis/apiid5572/schemas/schemaid4194?api-version=2019-12-01",
      "EncodedRequestUri": "L3N1YnNjcmlwdGlvbnMvNzRmMzRkOWMtNTBlZC00ZDdhLWExYTgtODhkMmFlZDEzYWMzL3Jlc291cmNlR3JvdXBzL0FwaU0tU0RLLUVhc3RVUy9wcm92aWRlcnMvTWljcm9zb2Z0LkFwaU1hbmFnZW1lbnQvc2VydmljZS9zZGt0ZXN0c2VydmljZW1hcGkvYXBpcy9hcGlpZDU1NzIvc2NoZW1hcy9zY2hlbWFpZDQxOTQ/YXBpLXZlcnNpb249MjAxOS0xMi0wMQ==",
      "RequestMethod": "GET",
      "RequestBody": "",
      "RequestHeaders": {
        "x-ms-client-request-id": [
          "1f1c8a4e-1e6e-4e3c-a2ba-0afd5ef26332"
        ],
        "Accept-Language": [
          "en-US"
        ],
        "User-Agent": [
          "FxVersion/4.6.27817.03",
          "OSName/Windows",
          "OSVersion/Microsoft.Windows.10.0.18363.",
          "Microsoft.Azure.Management.ApiManagement.ApiManagementClient/5.0.0.0"
        ]
      },
      "ResponseHeaders": {
        "Cache-Control": [
          "no-cache"
        ],
        "Pragma": [
          "no-cache"
        ],
        "Strict-Transport-Security": [
          "max-age=31536000; includeSubDomains"
        ],
        "x-ms-request-id": [
          "df1c4438-ee26-47d8-92dd-2b87608d2665"
        ],
        "Server": [
          "Microsoft-HTTPAPI/2.0"
        ],
        "x-ms-ratelimit-remaining-subscription-reads": [
          "14982"
        ],
        "x-ms-correlation-request-id": [
          "a38009fe-69be-47b3-b27a-df97959603aa"
        ],
        "x-ms-routing-request-id": [
          "NORTHEUROPE:20200325T190653Z:a38009fe-69be-47b3-b27a-df97959603aa"
        ],
        "X-Content-Type-Options": [
          "nosniff"
        ],
        "Date": [
          "Wed, 25 Mar 2020 19:06:53 GMT"
        ],
        "Content-Length": [
          "82"
        ],
        "Content-Type": [
          "application/json; charset=utf-8"
        ],
        "Expires": [
          "-1"
        ]
      },
      "ResponseBody": "{\r\n  \"error\": {\r\n    \"code\": \"ResourceNotFound\",\r\n    \"message\": \"Schema not found.\",\r\n    \"details\": null\r\n  }\r\n}",
      "StatusCode": 404
    },
    {
      "RequestUri": "/subscriptions/74f34d9c-50ed-4d7a-a1a8-88d2aed13ac3/resourceGroups/ApiM-SDK-EastUS/providers/Microsoft.ApiManagement/service/sdktestservicemapi/apis/apiid5572?api-version=2019-12-01",
      "EncodedRequestUri": "L3N1YnNjcmlwdGlvbnMvNzRmMzRkOWMtNTBlZC00ZDdhLWExYTgtODhkMmFlZDEzYWMzL3Jlc291cmNlR3JvdXBzL0FwaU0tU0RLLUVhc3RVUy9wcm92aWRlcnMvTWljcm9zb2Z0LkFwaU1hbmFnZW1lbnQvc2VydmljZS9zZGt0ZXN0c2VydmljZW1hcGkvYXBpcy9hcGlpZDU1NzI/YXBpLXZlcnNpb249MjAxOS0xMi0wMQ==",
      "RequestMethod": "DELETE",
      "RequestBody": "",
      "RequestHeaders": {
        "x-ms-client-request-id": [
          "f4ad2782-7554-4fa0-84e6-ec55d5700f25"
        ],
        "If-Match": [
          "*"
        ],
        "Accept-Language": [
          "en-US"
        ],
        "User-Agent": [
          "FxVersion/4.6.27817.03",
          "OSName/Windows",
          "OSVersion/Microsoft.Windows.10.0.18363.",
          "Microsoft.Azure.Management.ApiManagement.ApiManagementClient/5.0.0.0"
        ]
      },
      "ResponseHeaders": {
        "Cache-Control": [
          "no-cache"
        ],
        "Pragma": [
          "no-cache"
        ],
        "Strict-Transport-Security": [
          "max-age=31536000; includeSubDomains"
        ],
        "x-ms-request-id": [
          "6ce85d3d-76a4-44ba-af77-c5f8418a4ad3"
        ],
        "Server": [
          "Microsoft-HTTPAPI/2.0"
        ],
        "x-ms-ratelimit-remaining-subscription-deletes": [
          "14991"
        ],
        "x-ms-correlation-request-id": [
          "115996e7-5600-4e3c-95d8-5bd03c97cd5f"
        ],
        "x-ms-routing-request-id": [
          "NORTHEUROPE:20200325T190654Z:115996e7-5600-4e3c-95d8-5bd03c97cd5f"
        ],
        "X-Content-Type-Options": [
          "nosniff"
        ],
        "Date": [
          "Wed, 25 Mar 2020 19:06:54 GMT"
        ],
        "Expires": [
          "-1"
        ],
        "Content-Length": [
          "0"
        ]
      },
      "ResponseBody": "",
      "StatusCode": 200
    },
    {
      "RequestUri": "/subscriptions/74f34d9c-50ed-4d7a-a1a8-88d2aed13ac3/resourceGroups/ApiM-SDK-EastUS/providers/Microsoft.ApiManagement/service/sdktestservicemapi/apis/apiid5572?api-version=2019-12-01",
      "EncodedRequestUri": "L3N1YnNjcmlwdGlvbnMvNzRmMzRkOWMtNTBlZC00ZDdhLWExYTgtODhkMmFlZDEzYWMzL3Jlc291cmNlR3JvdXBzL0FwaU0tU0RLLUVhc3RVUy9wcm92aWRlcnMvTWljcm9zb2Z0LkFwaU1hbmFnZW1lbnQvc2VydmljZS9zZGt0ZXN0c2VydmljZW1hcGkvYXBpcy9hcGlpZDU1NzI/YXBpLXZlcnNpb249MjAxOS0xMi0wMQ==",
      "RequestMethod": "DELETE",
      "RequestBody": "",
      "RequestHeaders": {
        "x-ms-client-request-id": [
          "5ef45cf5-cbb5-4d85-a430-ce37ce5a9ca7"
        ],
        "If-Match": [
          "*"
        ],
        "Accept-Language": [
          "en-US"
        ],
        "User-Agent": [
          "FxVersion/4.6.27817.03",
          "OSName/Windows",
          "OSVersion/Microsoft.Windows.10.0.18363.",
          "Microsoft.Azure.Management.ApiManagement.ApiManagementClient/5.0.0.0"
        ]
      },
      "ResponseHeaders": {
        "Cache-Control": [
          "no-cache"
        ],
        "Pragma": [
          "no-cache"
        ],
        "Strict-Transport-Security": [
          "max-age=31536000; includeSubDomains"
        ],
        "x-ms-request-id": [
          "98598e97-f517-44cf-99e0-a3d19880b18f"
        ],
        "Server": [
          "Microsoft-HTTPAPI/2.0"
        ],
        "x-ms-ratelimit-remaining-subscription-deletes": [
          "14989"
        ],
        "x-ms-correlation-request-id": [
          "208fce96-d03d-49ae-b396-278bf6dcf0dd"
        ],
        "x-ms-routing-request-id": [
          "NORTHEUROPE:20200325T190655Z:208fce96-d03d-49ae-b396-278bf6dcf0dd"
        ],
        "X-Content-Type-Options": [
          "nosniff"
        ],
        "Date": [
          "Wed, 25 Mar 2020 19:06:54 GMT"
        ],
        "Expires": [
          "-1"
        ]
      },
      "ResponseBody": "",
      "StatusCode": 204
    }
  ],
  "Names": {
    "CreateListUpdateDeleteOpenApiSchema": [
      "apiid5572",
      "schemaid4194",
      "apiname4857",
      "apidescription530",
      "header2396",
      "query2248"
    ]
  },
  "Variables": {
    "SubscriptionId": "74f34d9c-50ed-4d7a-a1a8-88d2aed13ac3",
    "TestCertificate": "MIIHEwIBAzCCBs8GCSqGSIb3DQEHAaCCBsAEgga8MIIGuDCCA9EGCSqGSIb3DQEHAaCCA8IEggO+MIIDujCCA7YGCyqGSIb3DQEMCgECoIICtjCCArIwHAYKKoZIhvcNAQwBAzAOBAidzys9WFRXCgICB9AEggKQRcdJYUKe+Yaf12UyefArSDv4PBBGqR0mh2wdLtPW3TCs6RIGjP4Nr3/KA4o8V8MF3EVQ8LWd/zJRdo7YP2Rkt/TPdxFMDH9zVBvt2/4fuVvslqV8tpphzdzfHAMQvO34ULdB6lJVtpRUx3WNUSbC3h5D1t5noLb0u0GFXzTUAsIw5CYnFCEyCTatuZdAx2V/7xfc0yF2kw/XfPQh0YVRy7dAT/rMHyaGfz1MN2iNIS048A1ExKgEAjBdXBxZLbjIL6rPxB9pHgH5AofJ50k1dShfSSzSzza/xUon+RlvD+oGi5yUPu6oMEfNB21CLiTJnIEoeZ0Te1EDi5D9SrOjXGmcZjCjcmtITnEXDAkI0IhY1zSjABIKyt1rY8qyh8mGT/RhibxxlSeSOIPsxTmXvcnFP3J+oRoHyWzrp6DDw2ZjRGBenUdExg1tjMqThaE7luNB6Yko8NIObwz3s7tpj6u8n11kB5RzV8zJUZkrHnYzrRFIQF8ZFjI9grDFPlccuYFPYUzSsEQU3l4mAoc0cAkaxCtZg9oi2bcVNTLQuj9XbPK2FwPXaF+owBEgJ0TnZ7kvUFAvN1dECVpBPO5ZVT/yaxJj3n380QTcXoHsav//Op3Kg+cmmVoAPOuBOnC6vKrcKsgDgf+gdASvQ+oBjDhTGOVk22jCDQpyNC/gCAiZfRdlpV98Abgi93VYFZpi9UlcGxxzgfNzbNGc06jWkw8g6RJvQWNpCyJasGzHKQOSCBVhfEUidfB2KEkMy0yCWkhbL78GadPIZG++FfM4X5Ov6wUmtzypr60/yJLduqZDhqTskGQlaDEOLbUtjdlhprYhHagYQ2tPD+zmLN7sOaYA6Y+ZZDg7BYq5KuOQZ2QxgewwDQYJKwYBBAGCNxECMQAwEwYJKoZIhvcNAQkVMQYEBAEAAAAwWwYJKoZIhvcNAQkUMU4eTAB7ADYANwBCADcAQQA1AEMAOQAtAEMAQQAzADIALQA0ADAAQwA0AC0AQQAxADUAMwAtAEEAQgAyADIANwA5ADUARQBGADcAOABBAH0waQYJKwYBBAGCNxEBMVweWgBNAGkAYwByAG8AcwBvAGYAdAAgAFIAUwBBACAAUwBDAGgAYQBuAG4AZQBsACAAQwByAHkAcAB0AG8AZwByAGEAcABoAGkAYwAgAFAAcgBvAHYAaQBkAGUAcjCCAt8GCSqGSIb3DQEHBqCCAtAwggLMAgEAMIICxQYJKoZIhvcNAQcBMBwGCiqGSIb3DQEMAQMwDgQIGa3JOIHoBmsCAgfQgIICmF5H0WCdmEFOmpqKhkX6ipBiTk0Rb+vmnDU6nl2L09t4WBjpT1gIddDHMpzObv3ktWts/wA6652h2wNKrgXEFU12zqhaGZWkTFLBrdplMnx/hr804NxiQa4A+BBIsLccczN21776JjU7PBCIvvmuudsKi8V+PmF2K6Lf/WakcZEq4Iq6gmNxTvjSiXMWZe7Wj4+Izt2aoooDYwfQs4KBlI03HzMSU3omA0rXLtARDXwHAJXW2uFwqihlPdC4gwDd/YFwUvnKn92UmyAvENKUV/uKyH3AF1ZqlUgBzYNXyd8YX9H8rtfho2f6qaJZQC93YU3fs9L1xmWIH5saow8r3K85dGCJsisddNsgwtH/o4imOSs8WJw1EjjdpYhyCjs9gE/7ovZzcvrdXBZditLFN8nRIX5HFGz93PksHAQwZbVnbCwVgTGf0Sy5WstPb340ODE5CrakMPUIiVPQgkujpIkW7r4cIwwyyGKza9ZVEXcnoSWZiFSB7yaEf0SYZEoECZwN52wiMxeosJjaAPpWXFe8x5mHbDZ7/DE+pv+Qlyo7rQIzu4SZ9GCvs33dMC/7+RPy6u32ca87kKBQHR1JeCHeBdklMw+pSFRdHxIxq1l5ktycan943OluTdqND5Vf2RwXdSFv2P53334XNKG82wsfm68w7+EgEClDFLz7FymmIfoFO2z0H0adQvkq/7GcIFBSr1K0KEfT2l6csrMc3NSwzDOFiYJDDf++OYUN4nVKlkVE5j+c9Zo8ZkAlz8I4m756wL7e++xXWgwovlsxkBE5TdwWDZDOE8id6yJf54/o4JwS5SEnnNlvt3gRNdo6yCSUrTHfIr9YhvAdJUXbdSrNm5GZu+2fhgg/UJ7EY8pf5BczhNSDkcAwOzAfMAcGBSsOAwIaBBRzf6NV4Bxf3KRT41VV4sQZ348BtgQU7+VeN+vrmbRv0zCvk7r1ORhJ7YkCAgfQ",
    "TestCertificatePassword": "Password",
    "SubId": "74f34d9c-50ed-4d7a-a1a8-88d2aed13ac3",
    "ServiceName": "sdktestservicemapi",
    "Location": "eastus",
    "ResourceGroup": "ApiM-SDK-EastUS"
  }
}