{
  "Entries": [
    {
      "RequestUri": "https://tcac7e9c41ef52cec.vault.azure.net/certificates/issuers/1226180893?api-version=7.4",
      "RequestMethod": "PUT",
      "RequestHeaders": {
        "Accept": "application/json",
        "Content-Length": "0",
        "traceparent": "00-7fc623fffb3203393302adb4371cf01e-b080ae029b1f1a00-00",
        "User-Agent": "azsdk-net-Security.KeyVault.Certificates/4.5.0-alpha.20230301.1 (.NET 7.0.3; Microsoft Windows 10.0.22621)",
        "x-ms-client-request-id": "46b158176048f6386c4965f5c9d4e264",
        "x-ms-return-client-request-id": "true"
      },
      "RequestBody": null,
      "StatusCode": 401,
      "ResponseHeaders": {
        "Cache-Control": "no-cache",
        "Content-Length": "97",
        "Content-Type": "application/json; charset=utf-8",
        "Date": "Wed, 01 Mar 2023 21:27:59 GMT",
        "Expires": "-1",
        "Pragma": "no-cache",
        "Strict-Transport-Security": "max-age=31536000;includeSubDomains",
        "WWW-Authenticate": "Bearer authorization=\u0022https://login.windows.net/72f988bf-86f1-41af-91ab-2d7cd011db47\u0022, resource=\u0022https://vault.azure.net\u0022",
        "X-Content-Type-Options": "nosniff",
        "x-ms-client-request-id": "46b158176048f6386c4965f5c9d4e264",
        "x-ms-keyvault-network-info": "conn_type=Ipv4;addr=131.107.174.211;act_addr_fam=InterNetwork;",
        "x-ms-keyvault-region": "westus",
        "x-ms-keyvault-service-version": "1.9.713.1",
        "x-ms-request-id": "58f5f498-5249-456e-a8f7-fd8aafc35705"
      },
      "ResponseBody": {
        "error": {
          "code": "Unauthorized",
          "message": "AKV10000: Request is missing a Bearer or PoP token."
        }
      }
    },
    {
      "RequestUri": "https://tcac7e9c41ef52cec.vault.azure.net/certificates/issuers/1226180893?api-version=7.4",
      "RequestMethod": "PUT",
      "RequestHeaders": {
        "Accept": "application/json",
        "Authorization": "Sanitized",
        "Content-Length": "142",
        "Content-Type": "application/json",
        "traceparent": "00-7fc623fffb3203393302adb4371cf01e-b080ae029b1f1a00-00",
        "User-Agent": "azsdk-net-Security.KeyVault.Certificates/4.5.0-alpha.20230301.1 (.NET 7.0.3; Microsoft Windows 10.0.22621)",
        "x-ms-client-request-id": "46b158176048f6386c4965f5c9d4e264",
        "x-ms-return-client-request-id": "true"
      },
      "RequestBody": {
        "provider": "ssladmin",
        "org_details": {
          "admin_details": [
            {
              "first_name": "fName",
              "last_name": "lName",
              "email": "email@domain.tld",
              "phone": "1234"
            }
          ]
        }
      },
      "StatusCode": 200,
      "ResponseHeaders": {
        "Cache-Control": "no-cache",
        "Content-Length": "303",
        "Content-Type": "application/json; charset=utf-8",
        "Date": "Wed, 01 Mar 2023 21:27:59 GMT",
        "Expires": "-1",
        "Pragma": "no-cache",
        "Strict-Transport-Security": "max-age=31536000;includeSubDomains",
        "X-Content-Type-Options": "nosniff",
        "x-ms-client-request-id": "46b158176048f6386c4965f5c9d4e264",
        "x-ms-keyvault-network-info": "conn_type=Ipv4;addr=131.107.174.211;act_addr_fam=InterNetwork;",
        "x-ms-keyvault-rbac-assignment-id": "466efa33-812c-52bf-a654-fa0cf1fa2619",
        "x-ms-keyvault-rbac-cache": "ra_age=760;da_age=759;rd_age=759;brd_age=21071;ra_notif_age=4623;dec_lev=0;",
        "x-ms-keyvault-region": "westus",
        "x-ms-keyvault-service-version": "1.9.713.1",
        "x-ms-request-id": "d4b58664-cf02-4dae-bf3d-7114d26de5e7"
      },
      "ResponseBody": {
        "id": "https://tcac7e9c41ef52cec.vault.azure.net/certificates/issuers/1226180893",
        "provider": "ssladmin",
        "org_details": {
          "zip": 0,
          "admin_details": [
            {
              "first_name": "fName",
              "last_name": "lName",
              "email": "email@domain.tld",
              "phone": "1234"
            }
          ]
        },
        "attributes": {
          "enabled": true,
          "created": 1677706079,
          "updated": 1677706079
        }
      }
    },
    {
      "RequestUri": "https://tcac7e9c41ef52cec.vault.azure.net/certificates/issuers/1226180893?api-version=7.4",
      "RequestMethod": "GET",
      "RequestHeaders": {
        "Accept": "application/json",
        "Authorization": "Sanitized",
        "traceparent": "00-b2d29963dfb1e71c0a682b2707eec9ae-91cd4a5f439ea8eb-00",
        "User-Agent": "azsdk-net-Security.KeyVault.Certificates/4.5.0-alpha.20230301.1 (.NET 7.0.3; Microsoft Windows 10.0.22621)",
        "x-ms-client-request-id": "2aff095fef64072ad9fdea68058258d7",
        "x-ms-return-client-request-id": "true"
      },
      "RequestBody": null,
      "StatusCode": 200,
      "ResponseHeaders": {
        "Cache-Control": "no-cache",
        "Content-Length": "303",
        "Content-Type": "application/json; charset=utf-8",
        "Date": "Wed, 01 Mar 2023 21:27:59 GMT",
        "Expires": "-1",
        "Pragma": "no-cache",
        "Strict-Transport-Security": "max-age=31536000;includeSubDomains",
        "X-Content-Type-Options": "nosniff",
        "x-ms-client-request-id": "2aff095fef64072ad9fdea68058258d7",
        "x-ms-keyvault-network-info": "conn_type=Ipv4;addr=131.107.174.211;act_addr_fam=InterNetwork;",
        "x-ms-keyvault-rbac-assignment-id": "466efa33-812c-52bf-a654-fa0cf1fa2619",
        "x-ms-keyvault-rbac-cache": "ra_age=760;da_age=760;rd_age=760;brd_age=21071;ra_notif_age=4623;dec_lev=0;",
        "x-ms-keyvault-region": "westus",
        "x-ms-keyvault-service-version": "1.9.713.1",
        "x-ms-request-id": "d17f4c7e-da43-4497-a8bc-a4afbce5c513"
      },
      "ResponseBody": {
        "id": "https://tcac7e9c41ef52cec.vault.azure.net/certificates/issuers/1226180893",
        "provider": "ssladmin",
        "org_details": {
          "zip": 0,
          "admin_details": [
            {
              "first_name": "fName",
              "last_name": "lName",
              "email": "email@domain.tld",
              "phone": "1234"
            }
          ]
        },
        "attributes": {
          "enabled": true,
          "created": 1677706079,
          "updated": 1677706079
        }
      }
    }
  ],
  "Variables": {
    "AZURE_AUTHORITY_HOST": "https://login.microsoftonline.com/",
    "AZURE_KEYVAULT_URL": "https://tcac7e9c41ef52cec.vault.azure.net/",
    "RandomSeed": "1696854413"
  }
}
