{
  "Entries": [
    {
      "RequestUri": "https://management.azure.com/subscriptions/db1ab6f0-4769-4b27-930e-01e2ef9c123c/resourceGroups/MediaServiceRG7982/providers/Microsoft.Media/mediaservices/mediaservice9599?api-version=2021-11-01",
      "RequestMethod": "GET",
      "RequestHeaders": {
        "Accept": "application/json",
        "Authorization": "Sanitized",
        "traceparent": "00-00b7549e70738647b637c5aad0f51466-3913af8daf174a4c-00",
        "User-Agent": "azsdk-net-ResourceManager.Media/1.0.0-alpha.20220817.1 (.NET Core 3.1.28; Microsoft Windows 10.0.19044)",
        "x-ms-client-request-id": "73e670fb119539b28ee142a7d3aa7a79",
        "x-ms-return-client-request-id": "true"
      },
      "RequestBody": null,
      "StatusCode": 200,
      "ResponseHeaders": {
        "Cache-Control": "no-cache",
        "Content-Length": "876",
        "Content-Type": "application/json; odata.metadata=minimal",
        "Date": "Wed, 17 Aug 2022 02:14:50 GMT",
        "Expires": "-1",
        "OData-Version": "4.0",
        "Pragma": "no-cache",
        "Server": "Microsoft-HTTPAPI/2.0",
        "Strict-Transport-Security": "max-age=31536000; includeSubDomains",
        "X-Content-Type-Options": "nosniff",
        "x-ms-client-request-id": "73e670fb119539b28ee142a7d3aa7a79",
        "x-ms-correlation-request-id": "1a5371eb-1f3b-4c9d-b7d0-28c64fdb8f2b",
        "x-ms-ratelimit-remaining-subscription-reads": "11990",
        "x-ms-request-id": "32738f5c-4ec7-4df2-94ad-932006bb3593",
        "x-ms-routing-request-id": "SOUTHEASTASIA:20220817T021450Z:1a5371eb-1f3b-4c9d-b7d0-28c64fdb8f2b"
      },
      "ResponseBody": {
        "name": "mediaservice9599",
        "id": "/subscriptions/db1ab6f0-4769-4b27-930e-01e2ef9c123c/resourceGroups/MediaServiceRG7982/providers/Microsoft.Media/mediaservices/mediaservice9599",
        "type": "Microsoft.Media/mediaservices",
        "location": "West US 2",
        "properties": {
          "mediaServiceId": "e8dd07b3-4610-4475-b0f3-9e233c6a4011",
          "storageAccounts": [
            {
              "id": "/subscriptions/db1ab6f0-4769-4b27-930e-01e2ef9c123c/resourceGroups/MediaServiceRG7982/providers/Microsoft.Storage/storageAccounts/azstorageformedia5083",
              "type": "Primary"
            }
          ],
          "storageAuthentication": "System",
          "encryption": {
            "type": "SystemKey"
          },
          "keyDelivery": {
            "accessControl": {
              "defaultAction": "Allow",
              "ipAllowList": []
            }
          },
          "publicNetworkAccess": "Enabled",
          "provisioningState": "Succeeded",
          "privateEndpointConnections": []
        }
      }
    },
    {
      "RequestUri": "https://management.azure.com/subscriptions/db1ab6f0-4769-4b27-930e-01e2ef9c123c/resourceGroups/MediaServiceRG7982/providers/Microsoft.Media/mediaServices/mediaservice9599/accountFilters/accountFilter1762?api-version=2021-11-01",
      "RequestMethod": "PUT",
      "RequestHeaders": {
        "Accept": "application/json",
        "Authorization": "Sanitized",
        "Content-Length": "17",
        "Content-Type": "application/json",
        "traceparent": "00-cb807bc1a96d3d4b901d5142fc5c6251-fbdad53cb0885148-00",
        "User-Agent": "azsdk-net-ResourceManager.Media/1.0.0-alpha.20220817.1 (.NET Core 3.1.28; Microsoft Windows 10.0.19044)",
        "x-ms-client-request-id": "11393c508ab133e246e93923a6ef96b1",
        "x-ms-return-client-request-id": "true"
      },
      "RequestBody": {
        "properties": {}
      },
      "StatusCode": 201,
      "ResponseHeaders": {
        "Cache-Control": "no-cache",
        "Content-Length": "610",
        "Content-Type": "application/json; odata.metadata=minimal",
        "Date": "Wed, 17 Aug 2022 02:14:51 GMT",
        "Expires": "-1",
        "OData-Version": "4.0",
        "Pragma": "no-cache",
        "Server": "Microsoft-HTTPAPI/2.0",
        "Strict-Transport-Security": "max-age=31536000; includeSubDomains",
        "X-Content-Type-Options": "nosniff",
        "x-ms-client-request-id": "11393c508ab133e246e93923a6ef96b1",
        "x-ms-correlation-request-id": "95f988fd-8376-4f84-a764-d715c0c88104",
        "x-ms-ratelimit-remaining-subscription-writes": "1195",
        "x-ms-request-id": "7f493f9e-3c10-4c10-8f47-bb610571aa9a",
        "x-ms-routing-request-id": "SOUTHEASTASIA:20220817T021452Z:95f988fd-8376-4f84-a764-d715c0c88104"
      },
      "ResponseBody": {
        "name": "accountFilter1762",
        "id": "/subscriptions/db1ab6f0-4769-4b27-930e-01e2ef9c123c/resourceGroups/MediaServiceRG7982/providers/Microsoft.Media/mediaservices/mediaservice9599/accountFilters/accountFilter1762",
        "type": "Microsoft.Media/mediaservices/accountFilters",
        "properties": {
          "tracks": []
        },
        "systemData": {
          "createdBy": "8e6d47e0-7969-4fde-a62c-4fea4f165e98",
          "createdByType": "Application",
          "createdAt": "2022-08-17T02:14:51.5272676Z",
          "lastModifiedBy": "8e6d47e0-7969-4fde-a62c-4fea4f165e98",
          "lastModifiedByType": "Application",
          "lastModifiedAt": "2022-08-17T02:14:51.5272676Z"
        }
      }
    },
    {
      "RequestUri": "https://management.azure.com/subscriptions/db1ab6f0-4769-4b27-930e-01e2ef9c123c/resourceGroups/MediaServiceRG7982/providers/Microsoft.Media/mediaServices/mediaservice9599/accountFilters/accountFilter1762?api-version=2021-11-01",
      "RequestMethod": "GET",
      "RequestHeaders": {
        "Accept": "application/json",
        "Authorization": "Sanitized",
        "traceparent": "00-f00a355b4c75c046bab831c46582517c-8008d03e3540c541-00",
        "User-Agent": "azsdk-net-ResourceManager.Media/1.0.0-alpha.20220817.1 (.NET Core 3.1.28; Microsoft Windows 10.0.19044)",
        "x-ms-client-request-id": "eae41e1763d0d591cd70e9dd24bae49b",
        "x-ms-return-client-request-id": "true"
      },
      "RequestBody": null,
      "StatusCode": 200,
      "ResponseHeaders": {
        "Cache-Control": "no-cache",
        "Content-Length": "610",
        "Content-Type": "application/json; odata.metadata=minimal",
        "Date": "Wed, 17 Aug 2022 02:14:51 GMT",
        "Expires": "-1",
        "OData-Version": "4.0",
        "Pragma": "no-cache",
        "Server": "Microsoft-HTTPAPI/2.0",
        "Strict-Transport-Security": "max-age=31536000; includeSubDomains",
        "X-Content-Type-Options": "nosniff",
        "x-ms-client-request-id": "eae41e1763d0d591cd70e9dd24bae49b",
        "x-ms-correlation-request-id": "a2c1379f-8b41-49f1-8339-b0e2846d626b",
        "x-ms-ratelimit-remaining-subscription-reads": "11989",
        "x-ms-request-id": "73c903dc-1ce4-4b7e-a32f-2e5153e44b8b",
        "x-ms-routing-request-id": "SOUTHEASTASIA:20220817T021452Z:a2c1379f-8b41-49f1-8339-b0e2846d626b"
      },
      "ResponseBody": {
        "name": "accountFilter1762",
        "id": "/subscriptions/db1ab6f0-4769-4b27-930e-01e2ef9c123c/resourceGroups/MediaServiceRG7982/providers/Microsoft.Media/mediaservices/mediaservice9599/accountFilters/accountFilter1762",
        "type": "Microsoft.Media/mediaservices/accountFilters",
        "properties": {
          "tracks": []
        },
        "systemData": {
          "createdBy": "8e6d47e0-7969-4fde-a62c-4fea4f165e98",
          "createdByType": "Application",
          "createdAt": "2022-08-17T02:14:51.5272676Z",
          "lastModifiedBy": "8e6d47e0-7969-4fde-a62c-4fea4f165e98",
          "lastModifiedByType": "Application",
          "lastModifiedAt": "2022-08-17T02:14:51.5272676Z"
        }
      }
    }
  ],
  "Variables": {
    "AZURE_AUTHORITY_HOST": "https://login.microsoftonline.com",
    "RandomSeed": "1459361118",
    "RESOURCE_MANAGER_URL": null,
    "SUBSCRIPTION_ID": "db1ab6f0-4769-4b27-930e-01e2ef9c123c"
  }
}
