{
  "Entries": [
    {
      "RequestUri": "https://management.azure.com/subscriptions/c526bbbc-c5ff-46b0-9ca8-3e8cb92a2cf5/resourceGroups/MediaServiceRG4865/providers/Microsoft.Media/mediaservices/mediadotnetsdktests6946?api-version=2023-01-01",
      "RequestMethod": "PUT",
      "RequestHeaders": {
        "Accept": "application/json",
        "Authorization": "Sanitized",
        "Content-Length": "245",
        "Content-Type": "application/json",
        "traceparent": "00-360060bbf6af9ec75a53bac8e944b78a-2c9324c70fb60986-00",
        "User-Agent": "azsdk-net-ResourceManager.Media/1.2.0-alpha.20230321.1 (.NET 6.0.15; Microsoft Windows 10.0.22621)",
        "x-ms-client-request-id": "416079c09e01cf9c94a693028357657d",
        "x-ms-return-client-request-id": "true"
      },
      "RequestBody": {
        "tags": {},
        "location": "westus2",
        "properties": {
          "storageAccounts": [
            {
              "id": "/subscriptions/c526bbbc-c5ff-46b0-9ca8-3e8cb92a2cf5/resourceGroups/MediaServiceRG4865/providers/Microsoft.Storage/storageAccounts/azstorageformedia9030",
              "type": "Primary"
            }
          ]
        }
      },
      "StatusCode": 201,
      "ResponseHeaders": {
        "Azure-AsyncOperation": "https://management.azure.com/subscriptions/c526bbbc-c5ff-46b0-9ca8-3e8cb92a2cf5/providers/Microsoft.Media/locations/westus2/mediaServicesOperationStatuses/0141116c-9a63-4e37-ade3-babcb40493d8?api-version=2023-01-01",
        "Cache-Control": "no-cache",
        "Content-Length": "830",
        "Content-Type": "application/json; odata.metadata=minimal",
        "Date": "Tue, 21 Mar 2023 17:39:40 GMT",
        "Expires": "-1",
        "Location": "https://management.azure.com/subscriptions/c526bbbc-c5ff-46b0-9ca8-3e8cb92a2cf5/providers/Microsoft.Media/locations/westus2/mediaServicesOperationResults/0141116c-9a63-4e37-ade3-babcb40493d8?api-version=2023-01-01",
        "OData-Version": "4.0",
        "Pragma": "no-cache",
        "Retry-After": "30",
        "Server": "Microsoft-HTTPAPI/2.0",
        "Strict-Transport-Security": "max-age=31536000; includeSubDomains",
        "X-Content-Type-Options": "nosniff",
        "x-ms-client-request-id": "416079c09e01cf9c94a693028357657d",
        "x-ms-correlation-request-id": "0b9bb396-b9c3-4c82-aa29-165b7509b58c",
        "x-ms-ratelimit-remaining-subscription-writes": "1191",
        "x-ms-request-id": "130d657f-b305-46b8-9392-b7b0b4fa4c14",
        "x-ms-routing-request-id": "WESTCENTRALUS:20230321T173940Z:0b9bb396-b9c3-4c82-aa29-165b7509b58c"
      },
      "ResponseBody": {
        "name": "mediadotnetsdktests6946",
        "id": "/subscriptions/c526bbbc-c5ff-46b0-9ca8-3e8cb92a2cf5/resourceGroups/MediaServiceRG4865/providers/Microsoft.Media/mediaservices/mediadotnetsdktests6946",
        "type": "Microsoft.Media/mediaservices",
        "location": "West US 2",
        "tags": {},
        "properties": {
          "mediaServiceId": "f393e1b9-f792-4166-86ab-d17d36f6d3e9",
          "storageAccounts": [
            {
              "id": "/subscriptions/c526bbbc-c5ff-46b0-9ca8-3e8cb92a2cf5/resourceGroups/MediaServiceRG4865/providers/Microsoft.Storage/storageAccounts/azstorageformedia9030",
              "type": "Primary"
            }
          ],
          "keyDelivery": {
            "accessControl": {
              "defaultAction": "Allow",
              "ipAllowList": []
            }
          },
          "publicNetworkAccess": "Enabled",
          "provisioningState": "InProgress",
          "privateEndpointConnections": []
        }
      }
    },
    {
      "RequestUri": "https://management.azure.com/subscriptions/c526bbbc-c5ff-46b0-9ca8-3e8cb92a2cf5/providers/Microsoft.Media/locations/westus2/mediaServicesOperationStatuses/0141116c-9a63-4e37-ade3-babcb40493d8?api-version=2023-01-01",
      "RequestMethod": "GET",
      "RequestHeaders": {
        "Authorization": "Sanitized",
        "traceparent": "00-360060bbf6af9ec75a53bac8e944b78a-08cddb7061bf669c-00",
        "User-Agent": "azsdk-net-ResourceManager/1.4.0 (.NET 6.0.15; Microsoft Windows 10.0.22621)",
        "x-ms-client-request-id": "25b5bf679eb4a5d0b8e85bb5e759fcee",
        "x-ms-return-client-request-id": "true"
      },
      "RequestBody": null,
      "StatusCode": 200,
      "ResponseHeaders": {
        "Cache-Control": "no-cache",
        "Content-Length": "289",
        "Content-Type": "application/json; odata.metadata=minimal; odata.streaming=true",
        "Date": "Tue, 21 Mar 2023 17:39:40 GMT",
        "Expires": "-1",
        "OData-Version": "4.0",
        "Pragma": "no-cache",
        "Server": "Microsoft-HTTPAPI/2.0",
        "Strict-Transport-Security": "max-age=31536000; includeSubDomains",
        "X-Content-Type-Options": "nosniff",
        "x-ms-client-request-id": "25b5bf679eb4a5d0b8e85bb5e759fcee",
        "x-ms-correlation-request-id": "87f421c7-f6bc-43c1-aaa7-5386e6b13f5a",
        "x-ms-ratelimit-remaining-subscription-reads": "11982",
        "x-ms-request-id": "e7858253-c1d1-4ff2-8f1b-c2594fe87648",
        "x-ms-routing-request-id": "WESTCENTRALUS:20230321T173940Z:87f421c7-f6bc-43c1-aaa7-5386e6b13f5a"
      },
      "ResponseBody": {
        "name": "0141116c-9a63-4e37-ade3-babcb40493d8",
        "id": "/subscriptions/c526bbbc-c5ff-46b0-9ca8-3e8cb92a2cf5/providers/Microsoft.Media/locations/westus2/mediaServicesOperationStatuses/0141116c-9a63-4e37-ade3-babcb40493d8",
        "startTime": "2023-03-21T17:39:40.3793767Z",
        "status": "InProgress"
      }
    },
    {
      "RequestUri": "https://management.azure.com/subscriptions/c526bbbc-c5ff-46b0-9ca8-3e8cb92a2cf5/providers/Microsoft.Media/locations/westus2/mediaServicesOperationStatuses/0141116c-9a63-4e37-ade3-babcb40493d8?api-version=2023-01-01",
      "RequestMethod": "GET",
      "RequestHeaders": {
        "Authorization": "Sanitized",
        "traceparent": "00-360060bbf6af9ec75a53bac8e944b78a-6e3279c4b6904811-00",
        "User-Agent": "azsdk-net-ResourceManager/1.4.0 (.NET 6.0.15; Microsoft Windows 10.0.22621)",
        "x-ms-client-request-id": "1e4a1c1609391cca9ff50a8fdcad698f",
        "x-ms-return-client-request-id": "true"
      },
      "RequestBody": null,
      "StatusCode": 200,
      "ResponseHeaders": {
        "Cache-Control": "no-cache",
        "Content-Length": "329",
        "Content-Type": "application/json; odata.metadata=minimal; odata.streaming=true",
        "Date": "Tue, 21 Mar 2023 17:39:41 GMT",
        "Expires": "-1",
        "OData-Version": "4.0",
        "Pragma": "no-cache",
        "Server": "Microsoft-HTTPAPI/2.0",
        "Strict-Transport-Security": "max-age=31536000; includeSubDomains",
        "X-Content-Type-Options": "nosniff",
        "x-ms-client-request-id": "1e4a1c1609391cca9ff50a8fdcad698f",
        "x-ms-correlation-request-id": "074f9ccf-1fa9-476f-97f5-fe9835dc62a3",
        "x-ms-ratelimit-remaining-subscription-reads": "11981",
        "x-ms-request-id": "cf0b4d72-ecc0-42ab-a3a7-cf15b5faccd8",
        "x-ms-routing-request-id": "WESTCENTRALUS:20230321T173941Z:074f9ccf-1fa9-476f-97f5-fe9835dc62a3"
      },
      "ResponseBody": {
        "name": "0141116c-9a63-4e37-ade3-babcb40493d8",
        "id": "/subscriptions/c526bbbc-c5ff-46b0-9ca8-3e8cb92a2cf5/providers/Microsoft.Media/locations/westus2/mediaServicesOperationStatuses/0141116c-9a63-4e37-ade3-babcb40493d8",
        "startTime": "2023-03-21T17:39:40.3793767Z",
        "endTime": "2023-03-21T17:39:40.8012659Z",
        "status": "Succeeded"
      }
    },
    {
      "RequestUri": "https://management.azure.com/subscriptions/c526bbbc-c5ff-46b0-9ca8-3e8cb92a2cf5/resourceGroups/MediaServiceRG4865/providers/Microsoft.Media/mediaservices/mediadotnetsdktests6946?api-version=2023-01-01",
      "RequestMethod": "GET",
      "RequestHeaders": {
        "Authorization": "Sanitized",
        "traceparent": "00-360060bbf6af9ec75a53bac8e944b78a-846418532aa099d4-00",
        "User-Agent": "azsdk-net-ResourceManager/1.4.0 (.NET 6.0.15; Microsoft Windows 10.0.22621)",
        "x-ms-client-request-id": "c39a269a40a1f5c8c0ced0a5482383dd",
        "x-ms-return-client-request-id": "true"
      },
      "RequestBody": null,
      "StatusCode": 200,
      "ResponseHeaders": {
        "Cache-Control": "no-cache",
        "Content-Length": "918",
        "Content-Type": "application/json; odata.metadata=minimal; odata.streaming=true",
        "Date": "Tue, 21 Mar 2023 17:39:41 GMT",
        "Expires": "-1",
        "OData-Version": "4.0",
        "Pragma": "no-cache",
        "Server": "Microsoft-HTTPAPI/2.0",
        "Strict-Transport-Security": "max-age=31536000; includeSubDomains",
        "X-Content-Type-Options": "nosniff",
        "x-ms-client-request-id": "c39a269a40a1f5c8c0ced0a5482383dd",
        "x-ms-correlation-request-id": "934ef301-0ec7-4570-bc5d-fb2184c2f152",
        "x-ms-ratelimit-remaining-subscription-reads": "11980",
        "x-ms-request-id": "bfedde18-46b8-47aa-bee6-7d8f01a1bdfd",
        "x-ms-routing-request-id": "WESTCENTRALUS:20230321T173941Z:934ef301-0ec7-4570-bc5d-fb2184c2f152"
      },
      "ResponseBody": {
        "name": "mediadotnetsdktests6946",
        "id": "/subscriptions/c526bbbc-c5ff-46b0-9ca8-3e8cb92a2cf5/resourceGroups/MediaServiceRG4865/providers/Microsoft.Media/mediaservices/mediadotnetsdktests6946",
        "type": "Microsoft.Media/mediaservices",
        "location": "West US 2",
        "properties": {
          "mediaServiceId": "f393e1b9-f792-4166-86ab-d17d36f6d3e9",
          "storageAccounts": [
            {
              "id": "/subscriptions/c526bbbc-c5ff-46b0-9ca8-3e8cb92a2cf5/resourceGroups/MediaServiceRG4865/providers/Microsoft.Storage/storageAccounts/azstorageformedia9030",
              "type": "Primary"
            }
          ],
          "storageAuthentication": "System",
          "encryption": {
            "type": "SystemKey"
          },
          "keyDelivery": {
            "accessControl": {
              "defaultAction": "Allow",
              "ipAllowList": []
            }
          },
          "publicNetworkAccess": "Enabled",
          "provisioningState": "Succeeded",
          "privateEndpointConnections": [],
          "minimumTlsVersion": "Tls12"
        }
      }
    },
    {
      "RequestUri": "https://management.azure.com/subscriptions/c526bbbc-c5ff-46b0-9ca8-3e8cb92a2cf5/resourceGroups/MediaServiceRG4865/providers/Microsoft.Media/mediaServices/mediadotnetsdktests6946/accountFilters/accountFilter905?api-version=2023-01-01",
      "RequestMethod": "PUT",
      "RequestHeaders": {
        "Accept": "application/json",
        "Authorization": "Sanitized",
        "Content-Length": "17",
        "Content-Type": "application/json",
        "traceparent": "00-b634fd7dac17e899f1b92d0e1ecf38f0-d237453d743b5b2f-00",
        "User-Agent": "azsdk-net-ResourceManager.Media/1.2.0-alpha.20230321.1 (.NET 6.0.15; Microsoft Windows 10.0.22621)",
        "x-ms-client-request-id": "ba49d8d432ecf55d9985bf9440c90b7e",
        "x-ms-return-client-request-id": "true"
      },
      "RequestBody": {
        "properties": {}
      },
      "StatusCode": 201,
      "ResponseHeaders": {
        "Cache-Control": "no-cache",
        "Content-Length": "615",
        "Content-Type": "application/json; odata.metadata=minimal",
        "Date": "Tue, 21 Mar 2023 17:39:47 GMT",
        "Expires": "-1",
        "OData-Version": "4.0",
        "Pragma": "no-cache",
        "Server": "Microsoft-HTTPAPI/2.0",
        "Strict-Transport-Security": "max-age=31536000; includeSubDomains",
        "X-Content-Type-Options": "nosniff",
        "x-ms-client-request-id": "ba49d8d432ecf55d9985bf9440c90b7e",
        "x-ms-correlation-request-id": "cdcb317e-f1a0-46d6-aa81-17ddc5f1f6ba",
        "x-ms-ratelimit-remaining-subscription-writes": "1190",
        "x-ms-request-id": "852980bc-faab-48c1-af89-fca9a385579b",
        "x-ms-routing-request-id": "WESTCENTRALUS:20230321T173948Z:cdcb317e-f1a0-46d6-aa81-17ddc5f1f6ba"
      },
      "ResponseBody": {
        "name": "accountFilter905",
        "id": "/subscriptions/c526bbbc-c5ff-46b0-9ca8-3e8cb92a2cf5/resourceGroups/MediaServiceRG4865/providers/Microsoft.Media/mediaservices/mediadotnetsdktests6946/accountFilters/accountFilter905",
        "type": "Microsoft.Media/mediaservices/accountFilters",
        "properties": {
          "tracks": []
        },
        "systemData": {
          "createdBy": "d2631ee4-9bcf-4b98-bd42-dced0fadaa92",
          "createdByType": "Application",
          "createdAt": "2023-03-21T17:39:48.0125684Z",
          "lastModifiedBy": "d2631ee4-9bcf-4b98-bd42-dced0fadaa92",
          "lastModifiedByType": "Application",
          "lastModifiedAt": "2023-03-21T17:39:48.0125684Z"
        }
      }
    },
    {
      "RequestUri": "https://management.azure.com/subscriptions/c526bbbc-c5ff-46b0-9ca8-3e8cb92a2cf5/resourceGroups/MediaServiceRG4865/providers/Microsoft.Media/mediaServices/mediadotnetsdktests6946/accountFilters/accountFilter905?api-version=2023-01-01",
      "RequestMethod": "GET",
      "RequestHeaders": {
        "Accept": "application/json",
        "Authorization": "Sanitized",
        "traceparent": "00-494279eb04d189e1ed553437ef03bd25-d198d0115cd49b29-00",
        "User-Agent": "azsdk-net-ResourceManager.Media/1.2.0-alpha.20230321.1 (.NET 6.0.15; Microsoft Windows 10.0.22621)",
        "x-ms-client-request-id": "bfc01acc4c3953d5545d6b3924d47c71",
        "x-ms-return-client-request-id": "true"
      },
      "RequestBody": null,
      "StatusCode": 200,
      "ResponseHeaders": {
        "Cache-Control": "no-cache",
        "Content-Length": "615",
        "Content-Type": "application/json; odata.metadata=minimal",
        "Date": "Tue, 21 Mar 2023 17:39:47 GMT",
        "Expires": "-1",
        "OData-Version": "4.0",
        "Pragma": "no-cache",
        "Server": "Microsoft-HTTPAPI/2.0",
        "Strict-Transport-Security": "max-age=31536000; includeSubDomains",
        "X-Content-Type-Options": "nosniff",
        "x-ms-client-request-id": "bfc01acc4c3953d5545d6b3924d47c71",
        "x-ms-correlation-request-id": "deb32106-4ddb-484c-b5e4-fe4d3e9fcec3",
        "x-ms-ratelimit-remaining-subscription-reads": "11979",
        "x-ms-request-id": "ce4f5224-7d5f-45a3-93fa-a613b71c61ba",
        "x-ms-routing-request-id": "WESTCENTRALUS:20230321T173948Z:deb32106-4ddb-484c-b5e4-fe4d3e9fcec3"
      },
      "ResponseBody": {
        "name": "accountFilter905",
        "id": "/subscriptions/c526bbbc-c5ff-46b0-9ca8-3e8cb92a2cf5/resourceGroups/MediaServiceRG4865/providers/Microsoft.Media/mediaservices/mediadotnetsdktests6946/accountFilters/accountFilter905",
        "type": "Microsoft.Media/mediaservices/accountFilters",
        "properties": {
          "tracks": []
        },
        "systemData": {
          "createdBy": "d2631ee4-9bcf-4b98-bd42-dced0fadaa92",
          "createdByType": "Application",
          "createdAt": "2023-03-21T17:39:48.0125684Z",
          "lastModifiedBy": "d2631ee4-9bcf-4b98-bd42-dced0fadaa92",
          "lastModifiedByType": "Application",
          "lastModifiedAt": "2023-03-21T17:39:48.0125684Z"
        }
      }
    }
  ],
  "Variables": {
    "AZURE_AUTHORITY_HOST": "https://login.microsoftonline.com",
    "DateTimeOffsetNow": "2023-03-21T10:39:38.6433778-07:00",
    "RandomSeed": "1799684572",
    "RESOURCE_MANAGER_URL": null,
    "SUBSCRIPTION_ID": "c526bbbc-c5ff-46b0-9ca8-3e8cb92a2cf5"
  }
}
