{
  "Entries": [
    {
      "RequestUri": "https://management.azure.com/subscriptions/c526bbbc-c5ff-46b0-9ca8-3e8cb92a2cf5/resourceGroups/MediaServiceRG5422/providers/Microsoft.Media/mediaservices/dotnetsdkmediatests857?api-version=2021-11-01",
      "RequestMethod": "PUT",
      "RequestHeaders": {
        "Accept": "application/json",
        "Authorization": "Sanitized",
        "Content-Length": "245",
        "Content-Type": "application/json",
        "traceparent": "00-19f367057392e94290ddeecaacc8d8f6-9e6ae74fce41c643-00",
        "User-Agent": "azsdk-net-ResourceManager.Media/1.1.0-alpha.20230118.1 (.NET Framework 4.8.9105.0; Microsoft Windows 10.0.22621 )",
        "x-ms-client-request-id": "276fca5b3637e2065f9b2f3ebe3a488d",
        "x-ms-return-client-request-id": "true"
      },
      "RequestBody": {
        "tags": {},
        "location": "westus2",
        "properties": {
          "storageAccounts": [
            {
              "id": "/subscriptions/c526bbbc-c5ff-46b0-9ca8-3e8cb92a2cf5/resourceGroups/MediaServiceRG5422/providers/Microsoft.Storage/storageAccounts/azstorageformedia6174",
              "type": "Primary"
            }
          ]
        }
      },
      "StatusCode": 201,
      "ResponseHeaders": {
        "Azure-AsyncOperation": "https://management.azure.com/subscriptions/c526bbbc-c5ff-46b0-9ca8-3e8cb92a2cf5/providers/Microsoft.Media/locations/westus2/mediaServicesOperationStatuses/1f887db2-dbdf-4729-881f-0ec14c907abc?api-version=2021-11-01",
        "Cache-Control": "no-cache",
        "Content-Length": "861",
        "Content-Type": "application/json; odata.metadata=minimal",
        "Date": "Thu, 19 Jan 2023 00:20:07 GMT",
        "Expires": "-1",
        "Location": "https://management.azure.com/subscriptions/c526bbbc-c5ff-46b0-9ca8-3e8cb92a2cf5/providers/Microsoft.Media/locations/westus2/mediaServicesOperationResults/1f887db2-dbdf-4729-881f-0ec14c907abc?api-version=2021-11-01",
        "OData-Version": "4.0",
        "Pragma": "no-cache",
        "Retry-After": "30",
        "Server": "Microsoft-HTTPAPI/2.0",
        "Strict-Transport-Security": "max-age=31536000; includeSubDomains",
        "X-Content-Type-Options": "nosniff",
        "x-ms-client-request-id": "276fca5b3637e2065f9b2f3ebe3a488d",
        "x-ms-correlation-request-id": "6c5fd16a-d3f5-436e-a487-1dddcef0827a",
        "x-ms-ratelimit-remaining-subscription-writes": "1191",
        "x-ms-request-id": "f828c799-4e04-49d8-a1ff-e5a3f32da3a4",
        "x-ms-routing-request-id": "WESTCENTRALUS:20230119T002007Z:6c5fd16a-d3f5-436e-a487-1dddcef0827a"
      },
      "ResponseBody": {
        "name": "dotnetsdkmediatests857",
        "id": "/subscriptions/c526bbbc-c5ff-46b0-9ca8-3e8cb92a2cf5/resourceGroups/MediaServiceRG5422/providers/Microsoft.Media/mediaservices/dotnetsdkmediatests857",
        "type": "Microsoft.Media/mediaservices",
        "location": "West US 2",
        "tags": {},
        "properties": {
          "mediaServiceId": "bc7995d7-c57d-45b3-b8f7-1f69c8b04c97",
          "storageAccounts": [
            {
              "id": "/subscriptions/c526bbbc-c5ff-46b0-9ca8-3e8cb92a2cf5/resourceGroups/MediaServiceRG5422/providers/Microsoft.Storage/storageAccounts/azstorageformedia6174",
              "type": "Primary"
            }
          ],
          "storageAuthentication": "System",
          "keyDelivery": {
            "accessControl": {
              "defaultAction": "Allow",
              "ipAllowList": []
            }
          },
          "publicNetworkAccess": "Enabled",
          "provisioningState": "InProgress",
          "privateEndpointConnections": []
        }
      }
    },
    {
      "RequestUri": "https://management.azure.com/subscriptions/c526bbbc-c5ff-46b0-9ca8-3e8cb92a2cf5/providers/Microsoft.Media/locations/westus2/mediaServicesOperationStatuses/1f887db2-dbdf-4729-881f-0ec14c907abc?api-version=2021-11-01",
      "RequestMethod": "GET",
      "RequestHeaders": {
        "Authorization": "Sanitized",
        "traceparent": "00-19f367057392e94290ddeecaacc8d8f6-6502fc6ab5ebf444-00",
        "User-Agent": "azsdk-net-ResourceManager/1.3.2 (.NET Framework 4.8.9105.0; Microsoft Windows 10.0.22621 )",
        "x-ms-client-request-id": "e1093550df9c1283c3912c6ed551c033",
        "x-ms-return-client-request-id": "true"
      },
      "RequestBody": null,
      "StatusCode": 200,
      "ResponseHeaders": {
        "Cache-Control": "no-cache",
        "Content-Length": "289",
        "Content-Type": "application/json; odata.metadata=minimal; odata.streaming=true",
        "Date": "Thu, 19 Jan 2023 00:20:07 GMT",
        "Expires": "-1",
        "OData-Version": "4.0",
        "Pragma": "no-cache",
        "Server": "Microsoft-HTTPAPI/2.0",
        "Strict-Transport-Security": "max-age=31536000; includeSubDomains",
        "X-Content-Type-Options": "nosniff",
        "x-ms-client-request-id": "e1093550df9c1283c3912c6ed551c033",
        "x-ms-correlation-request-id": "92e29e4c-4e1f-466e-8920-7efaae0d7bc9",
        "x-ms-ratelimit-remaining-subscription-reads": "11984",
        "x-ms-request-id": "0df88d21-cd14-465c-8318-7697549f7310",
        "x-ms-routing-request-id": "WESTCENTRALUS:20230119T002007Z:92e29e4c-4e1f-466e-8920-7efaae0d7bc9"
      },
      "ResponseBody": {
        "name": "1f887db2-dbdf-4729-881f-0ec14c907abc",
        "id": "/subscriptions/c526bbbc-c5ff-46b0-9ca8-3e8cb92a2cf5/providers/Microsoft.Media/locations/westus2/mediaServicesOperationStatuses/1f887db2-dbdf-4729-881f-0ec14c907abc",
        "startTime": "2023-01-19T00:20:07.2252043Z",
        "status": "InProgress"
      }
    },
    {
      "RequestUri": "https://management.azure.com/subscriptions/c526bbbc-c5ff-46b0-9ca8-3e8cb92a2cf5/providers/Microsoft.Media/locations/westus2/mediaServicesOperationStatuses/1f887db2-dbdf-4729-881f-0ec14c907abc?api-version=2021-11-01",
      "RequestMethod": "GET",
      "RequestHeaders": {
        "Authorization": "Sanitized",
        "traceparent": "00-19f367057392e94290ddeecaacc8d8f6-bc1ff910dc94594e-00",
        "User-Agent": "azsdk-net-ResourceManager/1.3.2 (.NET Framework 4.8.9105.0; Microsoft Windows 10.0.22621 )",
        "x-ms-client-request-id": "818dfa98635544a8b4b3558624e5c0cb",
        "x-ms-return-client-request-id": "true"
      },
      "RequestBody": null,
      "StatusCode": 200,
      "ResponseHeaders": {
        "Cache-Control": "no-cache",
        "Content-Length": "329",
        "Content-Type": "application/json; odata.metadata=minimal; odata.streaming=true",
        "Date": "Thu, 19 Jan 2023 00:20:08 GMT",
        "Expires": "-1",
        "OData-Version": "4.0",
        "Pragma": "no-cache",
        "Server": "Microsoft-HTTPAPI/2.0",
        "Strict-Transport-Security": "max-age=31536000; includeSubDomains",
        "X-Content-Type-Options": "nosniff",
        "x-ms-client-request-id": "818dfa98635544a8b4b3558624e5c0cb",
        "x-ms-correlation-request-id": "25a5cf5c-60c8-41b0-82c4-402a414f3ec2",
        "x-ms-ratelimit-remaining-subscription-reads": "11983",
        "x-ms-request-id": "bb3bc967-575f-4a16-8fe4-11a47ce7d00d",
        "x-ms-routing-request-id": "WESTCENTRALUS:20230119T002008Z:25a5cf5c-60c8-41b0-82c4-402a414f3ec2"
      },
      "ResponseBody": {
        "name": "1f887db2-dbdf-4729-881f-0ec14c907abc",
        "id": "/subscriptions/c526bbbc-c5ff-46b0-9ca8-3e8cb92a2cf5/providers/Microsoft.Media/locations/westus2/mediaServicesOperationStatuses/1f887db2-dbdf-4729-881f-0ec14c907abc",
        "startTime": "2023-01-19T00:20:07.2252043Z",
        "endTime": "2023-01-19T00:20:07.5533541Z",
        "status": "Succeeded"
      }
    },
    {
      "RequestUri": "https://management.azure.com/subscriptions/c526bbbc-c5ff-46b0-9ca8-3e8cb92a2cf5/resourceGroups/MediaServiceRG5422/providers/Microsoft.Media/mediaservices/dotnetsdkmediatests857?api-version=2021-11-01",
      "RequestMethod": "GET",
      "RequestHeaders": {
        "Authorization": "Sanitized",
        "traceparent": "00-19f367057392e94290ddeecaacc8d8f6-70d3f4846bbb1d4e-00",
        "User-Agent": "azsdk-net-ResourceManager/1.3.2 (.NET Framework 4.8.9105.0; Microsoft Windows 10.0.22621 )",
        "x-ms-client-request-id": "88ee5d7f673079f047833276eaa7e681",
        "x-ms-return-client-request-id": "true"
      },
      "RequestBody": null,
      "StatusCode": 200,
      "ResponseHeaders": {
        "Cache-Control": "no-cache",
        "Content-Length": "888",
        "Content-Type": "application/json; odata.metadata=minimal; odata.streaming=true",
        "Date": "Thu, 19 Jan 2023 00:20:08 GMT",
        "Expires": "-1",
        "OData-Version": "4.0",
        "Pragma": "no-cache",
        "Server": "Microsoft-HTTPAPI/2.0",
        "Strict-Transport-Security": "max-age=31536000; includeSubDomains",
        "X-Content-Type-Options": "nosniff",
        "x-ms-client-request-id": "88ee5d7f673079f047833276eaa7e681",
        "x-ms-correlation-request-id": "bc6e69ae-abfe-4445-b96a-8eb8dec0b3bd",
        "x-ms-ratelimit-remaining-subscription-reads": "11982",
        "x-ms-request-id": "0ae12391-b6ba-44b1-8c77-075d498c961a",
        "x-ms-routing-request-id": "WESTCENTRALUS:20230119T002008Z:bc6e69ae-abfe-4445-b96a-8eb8dec0b3bd"
      },
      "ResponseBody": {
        "name": "dotnetsdkmediatests857",
        "id": "/subscriptions/c526bbbc-c5ff-46b0-9ca8-3e8cb92a2cf5/resourceGroups/MediaServiceRG5422/providers/Microsoft.Media/mediaservices/dotnetsdkmediatests857",
        "type": "Microsoft.Media/mediaservices",
        "location": "West US 2",
        "properties": {
          "mediaServiceId": "bc7995d7-c57d-45b3-b8f7-1f69c8b04c97",
          "storageAccounts": [
            {
              "id": "/subscriptions/c526bbbc-c5ff-46b0-9ca8-3e8cb92a2cf5/resourceGroups/MediaServiceRG5422/providers/Microsoft.Storage/storageAccounts/azstorageformedia6174",
              "type": "Primary"
            }
          ],
          "storageAuthentication": "System",
          "encryption": {
            "type": "SystemKey"
          },
          "keyDelivery": {
            "accessControl": {
              "defaultAction": "Allow",
              "ipAllowList": []
            }
          },
          "publicNetworkAccess": "Enabled",
          "provisioningState": "Succeeded",
          "privateEndpointConnections": []
        }
      }
    },
    {
      "RequestUri": "https://management.azure.com/subscriptions/c526bbbc-c5ff-46b0-9ca8-3e8cb92a2cf5/resourceGroups/MediaServiceRG5422/providers/Microsoft.Media/mediaServices/dotnetsdkmediatests857/accountFilters/accountFilter3764?api-version=2022-08-01",
      "RequestMethod": "PUT",
      "RequestHeaders": {
        "Accept": "application/json",
        "Authorization": "Sanitized",
        "Content-Length": "17",
        "Content-Type": "application/json",
        "traceparent": "00-d50626e3d063ee40b11f2fbf67c2cfe4-fc779fb8e23cfe4e-00",
        "User-Agent": "azsdk-net-ResourceManager.Media/1.1.0-alpha.20230118.1 (.NET Framework 4.8.9105.0; Microsoft Windows 10.0.22621 )",
        "x-ms-client-request-id": "062788de7c998dedc52de989fceeded0",
        "x-ms-return-client-request-id": "true"
      },
      "RequestBody": {
        "properties": {}
      },
      "StatusCode": 201,
      "ResponseHeaders": {
        "Cache-Control": "no-cache",
        "Content-Length": "616",
        "Content-Type": "application/json; odata.metadata=minimal",
        "Date": "Thu, 19 Jan 2023 00:20:09 GMT",
        "Expires": "-1",
        "OData-Version": "4.0",
        "Pragma": "no-cache",
        "Server": "Microsoft-HTTPAPI/2.0",
        "Strict-Transport-Security": "max-age=31536000; includeSubDomains",
        "X-Content-Type-Options": "nosniff",
        "x-ms-client-request-id": "062788de7c998dedc52de989fceeded0",
        "x-ms-correlation-request-id": "95f6a828-fc62-4f5c-af59-4c04fd47442a",
        "x-ms-ratelimit-remaining-subscription-writes": "1190",
        "x-ms-request-id": "602b65ab-e079-4aa1-9db2-cd70f7be6af6",
        "x-ms-routing-request-id": "WESTCENTRALUS:20230119T002009Z:95f6a828-fc62-4f5c-af59-4c04fd47442a"
      },
      "ResponseBody": {
        "name": "accountFilter3764",
        "id": "/subscriptions/c526bbbc-c5ff-46b0-9ca8-3e8cb92a2cf5/resourceGroups/MediaServiceRG5422/providers/Microsoft.Media/mediaservices/dotnetsdkmediatests857/accountFilters/accountFilter3764",
        "type": "Microsoft.Media/mediaservices/accountFilters",
        "properties": {
          "tracks": []
        },
        "systemData": {
          "createdBy": "d2631ee4-9bcf-4b98-bd42-dced0fadaa92",
          "createdByType": "Application",
          "createdAt": "2023-01-19T00:20:08.9427146Z",
          "lastModifiedBy": "d2631ee4-9bcf-4b98-bd42-dced0fadaa92",
          "lastModifiedByType": "Application",
          "lastModifiedAt": "2023-01-19T00:20:08.9427146Z"
        }
      }
    },
    {
      "RequestUri": "https://management.azure.com/subscriptions/c526bbbc-c5ff-46b0-9ca8-3e8cb92a2cf5/resourceGroups/MediaServiceRG5422/providers/Microsoft.Media/mediaServices/dotnetsdkmediatests857/accountFilters/accountFilter3764?api-version=2022-08-01",
      "RequestMethod": "GET",
      "RequestHeaders": {
        "Accept": "application/json",
        "Authorization": "Sanitized",
        "traceparent": "00-c077d821a214b44698dc5b4043087dc4-51609f44f6fc1b47-00",
        "User-Agent": "azsdk-net-ResourceManager.Media/1.1.0-alpha.20230118.1 (.NET Framework 4.8.9105.0; Microsoft Windows 10.0.22621 )",
        "x-ms-client-request-id": "6378ef6103380931143ad13132590ccc",
        "x-ms-return-client-request-id": "true"
      },
      "RequestBody": null,
      "StatusCode": 200,
      "ResponseHeaders": {
        "Cache-Control": "no-cache",
        "Content-Length": "616",
        "Content-Type": "application/json; odata.metadata=minimal",
        "Date": "Thu, 19 Jan 2023 00:20:09 GMT",
        "Expires": "-1",
        "OData-Version": "4.0",
        "Pragma": "no-cache",
        "Server": "Microsoft-HTTPAPI/2.0",
        "Strict-Transport-Security": "max-age=31536000; includeSubDomains",
        "X-Content-Type-Options": "nosniff",
        "x-ms-client-request-id": "6378ef6103380931143ad13132590ccc",
        "x-ms-correlation-request-id": "a53272c8-9711-4ee9-97d3-34cb571a82f6",
        "x-ms-ratelimit-remaining-subscription-reads": "11981",
        "x-ms-request-id": "365a4e74-bee7-49bf-a953-5b138642dd72",
        "x-ms-routing-request-id": "WESTCENTRALUS:20230119T002009Z:a53272c8-9711-4ee9-97d3-34cb571a82f6"
      },
      "ResponseBody": {
        "name": "accountFilter3764",
        "id": "/subscriptions/c526bbbc-c5ff-46b0-9ca8-3e8cb92a2cf5/resourceGroups/MediaServiceRG5422/providers/Microsoft.Media/mediaservices/dotnetsdkmediatests857/accountFilters/accountFilter3764",
        "type": "Microsoft.Media/mediaservices/accountFilters",
        "properties": {
          "tracks": []
        },
        "systemData": {
          "createdBy": "d2631ee4-9bcf-4b98-bd42-dced0fadaa92",
          "createdByType": "Application",
          "createdAt": "2023-01-19T00:20:08.9427146Z",
          "lastModifiedBy": "d2631ee4-9bcf-4b98-bd42-dced0fadaa92",
          "lastModifiedByType": "Application",
          "lastModifiedAt": "2023-01-19T00:20:08.9427146Z"
        }
      }
    }
  ],
  "Variables": {
    "AZURE_AUTHORITY_HOST": "https://login.microsoftonline.com",
    "DateTimeOffsetNow": "2023-01-18T16:20:05.5058838-08:00",
    "RandomSeed": "1788619973",
    "RESOURCE_MANAGER_URL": null,
    "SUBSCRIPTION_ID": "c526bbbc-c5ff-46b0-9ca8-3e8cb92a2cf5"
  }
}
