{
  "Entries": [
    {
      "RequestUri": "/subscriptions/b80cf239-2c72-47ab-b309-b26aec4656b1/providers/Microsoft.Search/register?api-version=2014-04-01-preview",
      "EncodedRequestUri": "L3N1YnNjcmlwdGlvbnMvYjgwY2YyMzktMmM3Mi00N2FiLWIzMDktYjI2YWVjNDY1NmIxL3Byb3ZpZGVycy9NaWNyb3NvZnQuU2VhcmNoL3JlZ2lzdGVyP2FwaS12ZXJzaW9uPTIwMTQtMDQtMDEtcHJldmlldw==",
      "RequestMethod": "POST",
      "RequestBody": "",
      "RequestHeaders": {
        "x-ms-client-request-id": [
          "17262ad4-a1e9-4d93-b80f-f35a585b6a1e"
        ],
        "accept-language": [
          "en-US"
        ],
        "User-Agent": [
          "Microsoft.Azure.Management.Resources.ResourceManagementClient/3.0.0.0"
        ]
      },
      "ResponseBody": "{\r\n  \"id\": \"/subscriptions/b80cf239-2c72-47ab-b309-b26aec4656b1/providers/Microsoft.Search\",\r\n  \"namespace\": \"Microsoft.Search\",\r\n  \"resourceTypes\": [\r\n    {\r\n      \"resourceType\": \"searchServices\",\r\n      \"locations\": [\r\n        \"West US\"\r\n      ],\r\n      \"apiVersions\": [\r\n        \"2015-08-19\",\r\n        \"2015-02-28\",\r\n        \"2014-07-31-Preview\"\r\n      ]\r\n    },\r\n    {\r\n      \"resourceType\": \"searchServicesCit\",\r\n      \"locations\": [\r\n        \"West US\"\r\n      ],\r\n      \"apiVersions\": [\r\n        \"2015-08-19\",\r\n        \"2015-02-28\",\r\n        \"2014-07-31-Preview\"\r\n      ]\r\n    },\r\n    {\r\n      \"resourceType\": \"searchServicesInt\",\r\n      \"locations\": [\r\n        \"West US\"\r\n      ],\r\n      \"apiVersions\": [\r\n        \"2015-08-19\",\r\n        \"2015-02-28\",\r\n        \"2014-07-31-Preview\"\r\n      ]\r\n    },\r\n    {\r\n      \"resourceType\": \"searchServicesPpe\",\r\n      \"locations\": [\r\n        \"West US\"\r\n      ],\r\n      \"apiVersions\": [\r\n        \"2015-08-19\",\r\n        \"2015-02-28\",\r\n        \"2014-07-31-Preview\"\r\n      ]\r\n    },\r\n    {\r\n      \"resourceType\": \"checkServiceNameAvailability\",\r\n      \"locations\": [],\r\n      \"apiVersions\": [\r\n        \"2015-02-28\",\r\n        \"2014-07-31-Preview\"\r\n      ]\r\n    },\r\n    {\r\n      \"resourceType\": \"checkServiceNameAvailabilityCit\",\r\n      \"locations\": [],\r\n      \"apiVersions\": [\r\n        \"2015-02-28\",\r\n        \"2014-07-31-Preview\"\r\n      ]\r\n    },\r\n    {\r\n      \"resourceType\": \"checkServiceNameAvailabilityInt\",\r\n      \"locations\": [],\r\n      \"apiVersions\": [\r\n        \"2015-02-28\",\r\n        \"2014-07-31-Preview\"\r\n      ]\r\n    },\r\n    {\r\n      \"resourceType\": \"checkServiceNameAvailabilityPpe\",\r\n      \"locations\": [],\r\n      \"apiVersions\": [\r\n        \"2015-02-28\",\r\n        \"2014-07-31-Preview\"\r\n      ]\r\n    },\r\n    {\r\n      \"resourceType\": \"checkNameAvailability\",\r\n      \"locations\": [],\r\n      \"apiVersions\": [\r\n        \"2015-08-19\"\r\n      ]\r\n    },\r\n    {\r\n      \"resourceType\": \"checkNameAvailabilityCit\",\r\n      \"locations\": [],\r\n      \"apiVersions\": [\r\n        \"2015-08-19\"\r\n      ]\r\n    },\r\n    {\r\n      \"resourceType\": \"checkNameAvailabilityInt\",\r\n      \"locations\": [],\r\n      \"apiVersions\": [\r\n        \"2015-08-19\"\r\n      ]\r\n    },\r\n    {\r\n      \"resourceType\": \"checkNameAvailabilityPpe\",\r\n      \"locations\": [],\r\n      \"apiVersions\": [\r\n        \"2015-08-19\"\r\n      ]\r\n    },\r\n    {\r\n      \"resourceType\": \"operations\",\r\n      \"locations\": [],\r\n      \"apiVersions\": [\r\n        \"2015-08-19\",\r\n        \"2015-02-28\"\r\n      ]\r\n    }\r\n  ],\r\n  \"registrationState\": \"Registered\"\r\n}",
      "ResponseHeaders": {
        "Content-Length": [
          "1559"
        ],
        "Content-Type": [
          "application/json; charset=utf-8"
        ],
        "Expires": [
          "-1"
        ],
        "Pragma": [
          "no-cache"
        ],
        "x-ms-ratelimit-remaining-subscription-writes": [
          "1014"
        ],
        "x-ms-request-id": [
          "d565eff2-3901-4eef-8a0f-1139bc68d3d7"
        ],
        "x-ms-correlation-request-id": [
          "d565eff2-3901-4eef-8a0f-1139bc68d3d7"
        ],
        "x-ms-routing-request-id": [
          "CENTRALUS:20160421T010757Z:d565eff2-3901-4eef-8a0f-1139bc68d3d7"
        ],
        "Strict-Transport-Security": [
          "max-age=31536000; includeSubDomains"
        ],
        "Cache-Control": [
          "no-cache"
        ],
        "Date": [
          "Thu, 21 Apr 2016 01:07:57 GMT"
        ]
      },
      "StatusCode": 200
    },
    {
      "RequestUri": "/subscriptions/b80cf239-2c72-47ab-b309-b26aec4656b1/resourcegroups/azsmnet639?api-version=2014-04-01-preview",
      "EncodedRequestUri": "L3N1YnNjcmlwdGlvbnMvYjgwY2YyMzktMmM3Mi00N2FiLWIzMDktYjI2YWVjNDY1NmIxL3Jlc291cmNlZ3JvdXBzL2F6c21uZXQ2Mzk/YXBpLXZlcnNpb249MjAxNC0wNC0wMS1wcmV2aWV3",
      "RequestMethod": "PUT",
      "RequestBody": "{\r\n  \"location\": \"West US\"\r\n}",
      "RequestHeaders": {
        "Content-Type": [
          "application/json; charset=utf-8"
        ],
        "Content-Length": [
          "29"
        ],
        "x-ms-client-request-id": [
          "2fd9c814-12bd-4741-929c-3a55769eee84"
        ],
        "accept-language": [
          "en-US"
        ],
        "User-Agent": [
          "Microsoft.Azure.Management.Resources.ResourceManagementClient/3.0.0.0"
        ]
      },
      "ResponseBody": "{\r\n  \"id\": \"/subscriptions/b80cf239-2c72-47ab-b309-b26aec4656b1/resourceGroups/azsmnet639\",\r\n  \"name\": \"azsmnet639\",\r\n  \"location\": \"westus\",\r\n  \"properties\": {\r\n    \"provisioningState\": \"Succeeded\"\r\n  }\r\n}",
      "ResponseHeaders": {
        "Content-Length": [
          "173"
        ],
        "Content-Type": [
          "application/json; charset=utf-8"
        ],
        "Expires": [
          "-1"
        ],
        "Pragma": [
          "no-cache"
        ],
        "x-ms-ratelimit-remaining-subscription-writes": [
          "1013"
        ],
        "x-ms-request-id": [
          "53f44ad4-c50c-4e46-9487-aa0215ea796e"
        ],
        "x-ms-correlation-request-id": [
          "53f44ad4-c50c-4e46-9487-aa0215ea796e"
        ],
        "x-ms-routing-request-id": [
          "CENTRALUS:20160421T010757Z:53f44ad4-c50c-4e46-9487-aa0215ea796e"
        ],
        "Strict-Transport-Security": [
          "max-age=31536000; includeSubDomains"
        ],
        "Cache-Control": [
          "no-cache"
        ],
        "Date": [
          "Thu, 21 Apr 2016 01:07:57 GMT"
        ]
      },
      "StatusCode": 201
    },
    {
      "RequestUri": "/subscriptions/b80cf239-2c72-47ab-b309-b26aec4656b1/resourceGroups/azsmnet639/providers/Microsoft.Search/searchServices/azs-6982?api-version=2015-02-28",
      "EncodedRequestUri": "L3N1YnNjcmlwdGlvbnMvYjgwY2YyMzktMmM3Mi00N2FiLWIzMDktYjI2YWVjNDY1NmIxL3Jlc291cmNlR3JvdXBzL2F6c21uZXQ2MzkvcHJvdmlkZXJzL01pY3Jvc29mdC5TZWFyY2gvc2VhcmNoU2VydmljZXMvYXpzLTY5ODI/YXBpLXZlcnNpb249MjAxNS0wMi0yOA==",
      "RequestMethod": "PUT",
      "RequestBody": "{\r\n  \"location\": \"West US\",\r\n  \"properties\": {\r\n    \"sku\": {\r\n      \"name\": \"free\"\r\n    }\r\n  }\r\n}",
      "RequestHeaders": {
        "Content-Type": [
          "application/json; charset=utf-8"
        ],
        "Content-Length": [
          "97"
        ],
        "x-ms-client-request-id": [
          "315f7698-8a28-4fac-97cc-a25fc6c8caa6"
        ],
        "accept-language": [
          "en-US"
        ],
        "User-Agent": [
          "Microsoft.Azure.Management.Search.SearchManagementClient/1.0.0.0"
        ]
      },
      "ResponseBody": "{\r\n  \"id\": \"/subscriptions/b80cf239-2c72-47ab-b309-b26aec4656b1/resourceGroups/azsmnet639/providers/Microsoft.Search/searchServices/azs-6982\",\r\n  \"name\": \"azs-6982\",\r\n  \"type\": \"Microsoft.Search/searchServices\",\r\n  \"location\": \"West US\",\r\n  \"properties\": {\r\n    \"sku\": {\r\n      \"name\": \"free\"\r\n    },\r\n    \"replicaCount\": 1,\r\n    \"partitionCount\": 1,\r\n    \"status\": \"running\",\r\n    \"statusDetails\": null,\r\n    \"provisioningState\": \"succeeded\"\r\n  }\r\n}",
      "ResponseHeaders": {
        "Content-Length": [
          "362"
        ],
        "Content-Type": [
          "application/json; charset=utf-8"
        ],
        "Expires": [
          "-1"
        ],
        "Pragma": [
          "no-cache"
        ],
        "request-id": [
          "315f7698-8a28-4fac-97cc-a25fc6c8caa6"
        ],
        "elapsed-time": [
          "4751"
        ],
        "Strict-Transport-Security": [
          "max-age=31536000; includeSubDomains"
        ],
        "x-ms-ratelimit-remaining-subscription-writes": [
          "1012"
        ],
        "x-ms-request-id": [
          "41714d15-f0c9-4ad0-9811-f8c495dd41b9"
        ],
        "x-ms-correlation-request-id": [
          "41714d15-f0c9-4ad0-9811-f8c495dd41b9"
        ],
        "x-ms-routing-request-id": [
          "CENTRALUS:20160421T010803Z:41714d15-f0c9-4ad0-9811-f8c495dd41b9"
        ],
        "Cache-Control": [
          "no-cache"
        ],
        "Date": [
          "Thu, 21 Apr 2016 01:08:03 GMT"
        ],
        "ETag": [
          "W/\"datetime'2016-04-21T01%3A08%3A03.5414941Z'\""
        ],
        "X-AspNet-Version": [
          "4.0.30319"
        ]
      },
      "StatusCode": 201
    },
    {
      "RequestUri": "/subscriptions/b80cf239-2c72-47ab-b309-b26aec4656b1/resourceGroups/azsmnet639/providers/Microsoft.Search/searchServices/azs-6982/listAdminKeys?api-version=2015-02-28",
      "EncodedRequestUri": "L3N1YnNjcmlwdGlvbnMvYjgwY2YyMzktMmM3Mi00N2FiLWIzMDktYjI2YWVjNDY1NmIxL3Jlc291cmNlR3JvdXBzL2F6c21uZXQ2MzkvcHJvdmlkZXJzL01pY3Jvc29mdC5TZWFyY2gvc2VhcmNoU2VydmljZXMvYXpzLTY5ODIvbGlzdEFkbWluS2V5cz9hcGktdmVyc2lvbj0yMDE1LTAyLTI4",
      "RequestMethod": "POST",
      "RequestBody": "",
      "RequestHeaders": {
        "x-ms-client-request-id": [
          "9d005234-262a-4914-ae59-6bfad503fd18"
        ],
        "accept-language": [
          "en-US"
        ],
        "User-Agent": [
          "Microsoft.Azure.Management.Search.SearchManagementClient/1.0.0.0"
        ]
      },
      "ResponseBody": "{\r\n  \"primaryKey\": \"C097D5F229284171A3B9A7D38A542BBD\",\r\n  \"secondaryKey\": \"60E0A56DF3D630C690F0323B876881D3\"\r\n}",
      "ResponseHeaders": {
        "Content-Length": [
          "99"
        ],
        "Content-Type": [
          "application/json; charset=utf-8"
        ],
        "Expires": [
          "-1"
        ],
        "Pragma": [
          "no-cache"
        ],
        "request-id": [
          "9d005234-262a-4914-ae59-6bfad503fd18"
        ],
        "elapsed-time": [
          "245"
        ],
        "Strict-Transport-Security": [
          "max-age=31536000; includeSubDomains"
        ],
        "x-ms-ratelimit-remaining-subscription-writes": [
          "1011"
        ],
        "x-ms-request-id": [
          "a977f386-1d14-4cee-9ecc-b51ee280b01c"
        ],
        "x-ms-correlation-request-id": [
          "a977f386-1d14-4cee-9ecc-b51ee280b01c"
        ],
        "x-ms-routing-request-id": [
          "CENTRALUS:20160421T010804Z:a977f386-1d14-4cee-9ecc-b51ee280b01c"
        ],
        "Cache-Control": [
          "no-cache"
        ],
        "Date": [
          "Thu, 21 Apr 2016 01:08:03 GMT"
        ],
        "X-AspNet-Version": [
          "4.0.30319"
        ]
      },
      "StatusCode": 200
    },
    {
      "RequestUri": "/subscriptions/b80cf239-2c72-47ab-b309-b26aec4656b1/resourceGroups/azsmnet639/providers/Microsoft.Search/searchServices/azs-6982/listQueryKeys?api-version=2015-02-28",
      "EncodedRequestUri": "L3N1YnNjcmlwdGlvbnMvYjgwY2YyMzktMmM3Mi00N2FiLWIzMDktYjI2YWVjNDY1NmIxL3Jlc291cmNlR3JvdXBzL2F6c21uZXQ2MzkvcHJvdmlkZXJzL01pY3Jvc29mdC5TZWFyY2gvc2VhcmNoU2VydmljZXMvYXpzLTY5ODIvbGlzdFF1ZXJ5S2V5cz9hcGktdmVyc2lvbj0yMDE1LTAyLTI4",
      "RequestMethod": "GET",
      "RequestBody": "",
      "RequestHeaders": {
        "x-ms-client-request-id": [
          "b650a047-df6b-4b34-90b3-737f275311e7"
        ],
        "accept-language": [
          "en-US"
        ],
        "User-Agent": [
          "Microsoft.Azure.Management.Search.SearchManagementClient/1.0.0.0"
        ]
      },
      "ResponseBody": "{\r\n  \"value\": [\r\n    {\r\n      \"name\": null,\r\n      \"key\": \"E4240FE81E99BFC4D44C02411AAB1461\"\r\n    }\r\n  ],\r\n  \"nextLink\": null\r\n}",
      "ResponseHeaders": {
        "Content-Length": [
          "82"
        ],
        "Content-Type": [
          "application/json; charset=utf-8"
        ],
        "Expires": [
          "-1"
        ],
        "Pragma": [
          "no-cache"
        ],
        "request-id": [
          "b650a047-df6b-4b34-90b3-737f275311e7"
        ],
        "elapsed-time": [
          "1000"
        ],
        "Strict-Transport-Security": [
          "max-age=31536000; includeSubDomains"
        ],
        "x-ms-ratelimit-remaining-subscription-reads": [
          "14977"
        ],
        "x-ms-request-id": [
          "6fce1691-289f-4836-aaa6-7d6c9876d6a9"
        ],
        "x-ms-correlation-request-id": [
          "6fce1691-289f-4836-aaa6-7d6c9876d6a9"
        ],
        "x-ms-routing-request-id": [
          "CENTRALUS:20160421T010806Z:6fce1691-289f-4836-aaa6-7d6c9876d6a9"
        ],
        "Cache-Control": [
          "no-cache"
        ],
        "Date": [
          "Thu, 21 Apr 2016 01:08:06 GMT"
        ],
        "X-AspNet-Version": [
          "4.0.30319"
        ]
      },
      "StatusCode": 200
    },
    {
      "RequestUri": "/indexes?api-version=2015-02-28-Preview",
      "EncodedRequestUri": "L2luZGV4ZXM/YXBpLXZlcnNpb249MjAxNS0wMi0yOC1QcmV2aWV3",
      "RequestMethod": "POST",
      "RequestBody": "{\r\n  \"name\": \"azsmnet6174\",\r\n  \"fields\": [\r\n    {\r\n      \"type\": \"Edm.String\",\r\n      \"name\": \"hotelId\",\r\n      \"key\": true,\r\n      \"searchable\": false,\r\n      \"filterable\": true,\r\n      \"sortable\": true,\r\n      \"facetable\": true,\r\n      \"retrievable\": true\r\n    },\r\n    {\r\n      \"type\": \"Edm.Double\",\r\n      \"name\": \"baseRate\",\r\n      \"key\": false,\r\n      \"searchable\": false,\r\n      \"filterable\": true,\r\n      \"sortable\": true,\r\n      \"facetable\": true,\r\n      \"retrievable\": true\r\n    },\r\n    {\r\n      \"type\": \"Edm.String\",\r\n      \"name\": \"description\",\r\n      \"key\": false,\r\n      \"searchable\": true,\r\n      \"filterable\": false,\r\n      \"sortable\": false,\r\n      \"facetable\": false,\r\n      \"retrievable\": true\r\n    },\r\n    {\r\n      \"type\": \"Edm.String\",\r\n      \"analyzer\": \"fr.lucene\",\r\n      \"name\": \"descriptionFr\",\r\n      \"key\": false,\r\n      \"searchable\": true,\r\n      \"filterable\": false,\r\n      \"sortable\": false,\r\n      \"facetable\": false,\r\n      \"retrievable\": true\r\n    },\r\n    {\r\n      \"type\": \"Edm.String\",\r\n      \"name\": \"hotelName\",\r\n      \"key\": false,\r\n      \"searchable\": true,\r\n      \"filterable\": true,\r\n      \"sortable\": true,\r\n      \"facetable\": true,\r\n      \"retrievable\": true\r\n    },\r\n    {\r\n      \"type\": \"Edm.String\",\r\n      \"name\": \"category\",\r\n      \"key\": false,\r\n      \"searchable\": true,\r\n      \"filterable\": true,\r\n      \"sortable\": true,\r\n      \"facetable\": true,\r\n      \"retrievable\": true\r\n    },\r\n    {\r\n      \"type\": \"Collection(Edm.String)\",\r\n      \"name\": \"tags\",\r\n      \"key\": false,\r\n      \"searchable\": true,\r\n      \"filterable\": true,\r\n      \"sortable\": false,\r\n      \"facetable\": true,\r\n      \"retrievable\": true\r\n    },\r\n    {\r\n      \"type\": \"Edm.Boolean\",\r\n      \"name\": \"parkingIncluded\",\r\n      \"key\": false,\r\n      \"searchable\": false,\r\n      \"filterable\": true,\r\n      \"sortable\": true,\r\n      \"facetable\": true,\r\n      \"retrievable\": true\r\n    },\r\n    {\r\n      \"type\": \"Edm.Boolean\",\r\n      \"name\": \"smokingAllowed\",\r\n      \"key\": false,\r\n      \"searchable\": false,\r\n      \"filterable\": true,\r\n      \"sortable\": true,\r\n      \"facetable\": true,\r\n      \"retrievable\": true\r\n    },\r\n    {\r\n      \"type\": \"Edm.DateTimeOffset\",\r\n      \"name\": \"lastRenovationDate\",\r\n      \"key\": false,\r\n      \"searchable\": false,\r\n      \"filterable\": true,\r\n      \"sortable\": true,\r\n      \"facetable\": true,\r\n      \"retrievable\": true\r\n    },\r\n    {\r\n      \"type\": \"Edm.Int32\",\r\n      \"name\": \"rating\",\r\n      \"key\": false,\r\n      \"searchable\": false,\r\n      \"filterable\": true,\r\n      \"sortable\": true,\r\n      \"facetable\": true,\r\n      \"retrievable\": true\r\n    },\r\n    {\r\n      \"type\": \"Edm.GeographyPoint\",\r\n      \"name\": \"location\",\r\n      \"key\": false,\r\n      \"searchable\": false,\r\n      \"filterable\": true,\r\n      \"sortable\": true,\r\n      \"facetable\": false,\r\n      \"retrievable\": true\r\n    }\r\n  ],\r\n  \"scoringProfiles\": [\r\n    {\r\n      \"name\": \"nearest\",\r\n      \"functions\": [\r\n        {\r\n          \"type\": \"distance\",\r\n          \"distance\": {\r\n            \"referencePointParameter\": \"myloc\",\r\n            \"boostingDistance\": 100.0\r\n          },\r\n          \"fieldName\": \"location\",\r\n          \"boost\": 2.0\r\n        }\r\n      ],\r\n      \"functionAggregation\": \"sum\"\r\n    }\r\n  ],\r\n  \"suggesters\": [\r\n    {\r\n      \"name\": \"sg\",\r\n      \"searchMode\": \"analyzingInfixMatching\",\r\n      \"sourceFields\": [\r\n        \"description\",\r\n        \"hotelName\"\r\n      ]\r\n    }\r\n  ]\r\n}",
      "RequestHeaders": {
        "Content-Type": [
          "application/json; charset=utf-8"
        ],
        "Content-Length": [
          "3401"
        ],
        "x-ms-client-request-id": [
          "1fc03262-e96a-4d52-8179-6bf974cc90c7"
        ],
        "accept-language": [
          "en-US"
        ],
        "api-key": [
          "C097D5F229284171A3B9A7D38A542BBD"
        ],
        "Prefer": [
          "return=representation"
        ],
        "User-Agent": [
          "Microsoft.Azure.Search.SearchServiceClient/2.0.0.0"
        ]
      },
      "ResponseBody": "{\r\n  \"@odata.context\": \"https://azs-6982.search-dogfood.windows-int.net/$metadata#indexes/$entity\",\r\n  \"name\": \"azsmnet6174\",\r\n  \"fields\": [\r\n    {\r\n      \"name\": \"hotelId\",\r\n      \"type\": \"Edm.String\",\r\n      \"searchable\": false,\r\n      \"filterable\": true,\r\n      \"retrievable\": true,\r\n      \"sortable\": true,\r\n      \"facetable\": true,\r\n      \"key\": true,\r\n      \"indexAnalyzer\": null,\r\n      \"searchAnalyzer\": null,\r\n      \"analyzer\": null\r\n    },\r\n    {\r\n      \"name\": \"baseRate\",\r\n      \"type\": \"Edm.Double\",\r\n      \"searchable\": false,\r\n      \"filterable\": true,\r\n      \"retrievable\": true,\r\n      \"sortable\": true,\r\n      \"facetable\": true,\r\n      \"key\": false,\r\n      \"indexAnalyzer\": null,\r\n      \"searchAnalyzer\": null,\r\n      \"analyzer\": null\r\n    },\r\n    {\r\n      \"name\": \"description\",\r\n      \"type\": \"Edm.String\",\r\n      \"searchable\": true,\r\n      \"filterable\": false,\r\n      \"retrievable\": true,\r\n      \"sortable\": false,\r\n      \"facetable\": false,\r\n      \"key\": false,\r\n      \"indexAnalyzer\": null,\r\n      \"searchAnalyzer\": null,\r\n      \"analyzer\": null\r\n    },\r\n    {\r\n      \"name\": \"descriptionFr\",\r\n      \"type\": \"Edm.String\",\r\n      \"searchable\": true,\r\n      \"filterable\": false,\r\n      \"retrievable\": true,\r\n      \"sortable\": false,\r\n      \"facetable\": false,\r\n      \"key\": false,\r\n      \"indexAnalyzer\": null,\r\n      \"searchAnalyzer\": null,\r\n      \"analyzer\": \"fr.lucene\"\r\n    },\r\n    {\r\n      \"name\": \"hotelName\",\r\n      \"type\": \"Edm.String\",\r\n      \"searchable\": true,\r\n      \"filterable\": true,\r\n      \"retrievable\": true,\r\n      \"sortable\": true,\r\n      \"facetable\": true,\r\n      \"key\": false,\r\n      \"indexAnalyzer\": null,\r\n      \"searchAnalyzer\": null,\r\n      \"analyzer\": null\r\n    },\r\n    {\r\n      \"name\": \"category\",\r\n      \"type\": \"Edm.String\",\r\n      \"searchable\": true,\r\n      \"filterable\": true,\r\n      \"retrievable\": true,\r\n      \"sortable\": true,\r\n      \"facetable\": true,\r\n      \"key\": false,\r\n      \"indexAnalyzer\": null,\r\n      \"searchAnalyzer\": null,\r\n      \"analyzer\": null\r\n    },\r\n    {\r\n      \"name\": \"tags\",\r\n      \"type\": \"Collection(Edm.String)\",\r\n      \"searchable\": true,\r\n      \"filterable\": true,\r\n      \"retrievable\": true,\r\n      \"sortable\": false,\r\n      \"facetable\": true,\r\n      \"key\": false,\r\n      \"indexAnalyzer\": null,\r\n      \"searchAnalyzer\": null,\r\n      \"analyzer\": null\r\n    },\r\n    {\r\n      \"name\": \"parkingIncluded\",\r\n      \"type\": \"Edm.Boolean\",\r\n      \"searchable\": false,\r\n      \"filterable\": true,\r\n      \"retrievable\": true,\r\n      \"sortable\": true,\r\n      \"facetable\": true,\r\n      \"key\": false,\r\n      \"indexAnalyzer\": null,\r\n      \"searchAnalyzer\": null,\r\n      \"analyzer\": null\r\n    },\r\n    {\r\n      \"name\": \"smokingAllowed\",\r\n      \"type\": \"Edm.Boolean\",\r\n      \"searchable\": false,\r\n      \"filterable\": true,\r\n      \"retrievable\": true,\r\n      \"sortable\": true,\r\n      \"facetable\": true,\r\n      \"key\": false,\r\n      \"indexAnalyzer\": null,\r\n      \"searchAnalyzer\": null,\r\n      \"analyzer\": null\r\n    },\r\n    {\r\n      \"name\": \"lastRenovationDate\",\r\n      \"type\": \"Edm.DateTimeOffset\",\r\n      \"searchable\": false,\r\n      \"filterable\": true,\r\n      \"retrievable\": true,\r\n      \"sortable\": true,\r\n      \"facetable\": true,\r\n      \"key\": false,\r\n      \"indexAnalyzer\": null,\r\n      \"searchAnalyzer\": null,\r\n      \"analyzer\": null\r\n    },\r\n    {\r\n      \"name\": \"rating\",\r\n      \"type\": \"Edm.Int32\",\r\n      \"searchable\": false,\r\n      \"filterable\": true,\r\n      \"retrievable\": true,\r\n      \"sortable\": true,\r\n      \"facetable\": true,\r\n      \"key\": false,\r\n      \"indexAnalyzer\": null,\r\n      \"searchAnalyzer\": null,\r\n      \"analyzer\": null\r\n    },\r\n    {\r\n      \"name\": \"location\",\r\n      \"type\": \"Edm.GeographyPoint\",\r\n      \"searchable\": false,\r\n      \"filterable\": true,\r\n      \"retrievable\": true,\r\n      \"sortable\": true,\r\n      \"facetable\": false,\r\n      \"key\": false,\r\n      \"indexAnalyzer\": null,\r\n      \"searchAnalyzer\": null,\r\n      \"analyzer\": null\r\n    }\r\n  ],\r\n  \"scoringProfiles\": [\r\n    {\r\n      \"name\": \"nearest\",\r\n      \"text\": null,\r\n      \"functions\": [\r\n        {\r\n          \"fieldName\": \"location\",\r\n          \"freshness\": null,\r\n          \"interpolation\": \"linear\",\r\n          \"magnitude\": null,\r\n          \"distance\": {\r\n            \"referencePointParameter\": \"myloc\",\r\n            \"boostingDistance\": 100.0\r\n          },\r\n          \"tag\": null,\r\n          \"type\": \"distance\",\r\n          \"boost\": 2.0\r\n        }\r\n      ],\r\n      \"functionAggregation\": \"sum\"\r\n    }\r\n  ],\r\n  \"defaultScoringProfile\": null,\r\n  \"corsOptions\": null,\r\n  \"suggesters\": [\r\n    {\r\n      \"name\": \"sg\",\r\n      \"searchMode\": \"analyzingInfixMatching\",\r\n      \"sourceFields\": [\r\n        \"description\",\r\n        \"hotelName\"\r\n      ]\r\n    }\r\n  ],\r\n  \"analyzers\": [],\r\n  \"tokenizers\": [],\r\n  \"tokenFilters\": [],\r\n  \"charFilters\": []\r\n}",
      "ResponseHeaders": {
        "Content-Length": [
          "3103"
        ],
        "Content-Type": [
          "application/json; odata.metadata=minimal"
        ],
        "Expires": [
          "-1"
        ],
        "Pragma": [
          "no-cache"
        ],
        "request-id": [
          "1fc03262-e96a-4d52-8179-6bf974cc90c7"
        ],
        "elapsed-time": [
          "923"
        ],
        "OData-Version": [
          "4.0"
        ],
        "Preference-Applied": [
          "odata.include-annotations=\"*\""
        ],
        "Strict-Transport-Security": [
          "max-age=15724800; includeSubDomains"
        ],
        "Cache-Control": [
          "no-cache"
        ],
        "Date": [
          "Thu, 21 Apr 2016 01:08:08 GMT"
        ],
        "ETag": [
          "W/\"0x8D36981671E12E5\""
        ],
        "Location": [
          "https://azs-6982.search-dogfood.windows-int.net/indexes('azsmnet6174')?api-version=2015-02-28-Preview"
        ]
      },
      "StatusCode": 201
    },
    {
      "RequestUri": "/indexes('azsmnet6174')/docs/search.index?api-version=2015-02-28-Preview",
      "EncodedRequestUri": "L2luZGV4ZXMoJ2F6c21uZXQ2MTc0JykvZG9jcy9zZWFyY2guaW5kZXg/YXBpLXZlcnNpb249MjAxNS0wMi0yOC1QcmV2aWV3",
      "RequestMethod": "POST",
      "RequestBody": "{\r\n  \"value\": [\r\n    {\r\n      \"@search.action\": \"upload\",\r\n      \"hotelId\": \"2\",\r\n      \"baseRate\": 79.99,\r\n      \"description\": \"Cheapest hotel in town\",\r\n      \"descriptionFr\": \"HÃ´tel le moins cher en ville\",\r\n      \"hotelName\": \"Roach Motel\",\r\n      \"category\": \"Budget\",\r\n      \"tags\": [\r\n        \"motel\",\r\n        \"budget\"\r\n      ],\r\n      \"parkingIncluded\": true,\r\n      \"smokingAllowed\": true,\r\n      \"lastRenovationDate\": \"1982-04-28T00:00:00+00:00\",\r\n      \"rating\": 1,\r\n      \"location\": {\r\n        \"type\": \"Point\",\r\n        \"coordinates\": [\r\n          -122.131577,\r\n          49.678581\r\n        ]\r\n      }\r\n    }\r\n  ]\r\n}",
      "RequestHeaders": {
        "Content-Type": [
          "application/json; charset=utf-8"
        ],
        "Content-Length": [
          "632"
        ],
        "accept-language": [
          "en-US"
        ],
        "Accept": [
          "application/json; odata.metadata=none"
        ],
        "api-key": [
          "C097D5F229284171A3B9A7D38A542BBD"
        ],
        "Prefer": [
          "return=representation"
        ],
        "User-Agent": [
          "Microsoft.Azure.Search.SearchIndexClient/2.0.0.0"
        ]
      },
      "ResponseBody": "{\"value\":[{\"key\":\"2\",\"status\":true,\"errorMessage\":null,\"statusCode\":200}]}",
      "ResponseHeaders": {
        "Content-Length": [
          "74"
        ],
        "Content-Type": [
          "application/json; odata.metadata=none"
        ],
        "Expires": [
          "-1"
        ],
        "Pragma": [
          "no-cache"
        ],
        "request-id": [
          "5668bc7b-a2c1-4a74-8a44-1af8f071fc73"
        ],
        "elapsed-time": [
          "166"
        ],
        "OData-Version": [
          "4.0"
        ],
        "Preference-Applied": [
          "odata.include-annotations=\"*\""
        ],
        "Strict-Transport-Security": [
          "max-age=15724800; includeSubDomains"
        ],
        "Cache-Control": [
          "no-cache"
        ],
        "Date": [
          "Thu, 21 Apr 2016 01:08:27 GMT"
        ]
      },
      "StatusCode": 200
    },
    {
      "RequestUri": "/indexes('azsmnet6174')/docs('2')?api-version=2015-02-28-Preview&$select=description%2ChotelName",
      "EncodedRequestUri": "L2luZGV4ZXMoJ2F6c21uZXQ2MTc0JykvZG9jcygnMicpP2FwaS12ZXJzaW9uPTIwMTUtMDItMjgtUHJldmlldyYkc2VsZWN0PWRlc2NyaXB0aW9uJTJDaG90ZWxOYW1l",
      "RequestMethod": "GET",
      "RequestBody": "",
      "RequestHeaders": {
        "accept-language": [
          "en-US"
        ],
        "Accept": [
          "application/json; odata.metadata=none"
        ],
        "api-key": [
          "C097D5F229284171A3B9A7D38A542BBD"
        ],
        "Prefer": [
          "return=representation"
        ],
        "User-Agent": [
          "Microsoft.Azure.Search.SearchIndexClient/2.0.0.0"
        ]
      },
      "ResponseBody": "{\"description\":\"Cheapest hotel in town\",\"hotelName\":\"Roach Motel\"}",
      "ResponseHeaders": {
        "Content-Length": [
          "66"
        ],
        "Content-Type": [
          "application/json; odata.metadata=none"
        ],
        "Expires": [
          "-1"
        ],
        "Pragma": [
          "no-cache"
        ],
        "request-id": [
          "bbf663b2-a101-4f14-9502-b1f898538f01"
        ],
        "elapsed-time": [
          "3"
        ],
        "OData-Version": [
          "4.0"
        ],
        "Preference-Applied": [
          "odata.include-annotations=\"*\""
        ],
        "Strict-Transport-Security": [
          "max-age=15724800; includeSubDomains"
        ],
        "Cache-Control": [
          "no-cache"
        ],
        "Date": [
          "Thu, 21 Apr 2016 01:08:27 GMT"
        ]
      },
      "StatusCode": 200
    },
    {
      "RequestUri": "/subscriptions/b80cf239-2c72-47ab-b309-b26aec4656b1/resourceGroups/azsmnet639/providers/Microsoft.Search/searchServices/azs-6982?api-version=2015-02-28",
      "EncodedRequestUri": "L3N1YnNjcmlwdGlvbnMvYjgwY2YyMzktMmM3Mi00N2FiLWIzMDktYjI2YWVjNDY1NmIxL3Jlc291cmNlR3JvdXBzL2F6c21uZXQ2MzkvcHJvdmlkZXJzL01pY3Jvc29mdC5TZWFyY2gvc2VhcmNoU2VydmljZXMvYXpzLTY5ODI/YXBpLXZlcnNpb249MjAxNS0wMi0yOA==",
      "RequestMethod": "DELETE",
      "RequestBody": "",
      "RequestHeaders": {
        "x-ms-client-request-id": [
          "177a72c3-b5d1-4937-8406-cd0ea61228f8"
        ],
        "accept-language": [
          "en-US"
        ],
        "User-Agent": [
          "Microsoft.Azure.Management.Search.SearchManagementClient/1.0.0.0"
        ]
      },
      "ResponseBody": "",
      "ResponseHeaders": {
        "Content-Length": [
          "0"
        ],
        "Expires": [
          "-1"
        ],
        "Pragma": [
          "no-cache"
        ],
        "request-id": [
          "177a72c3-b5d1-4937-8406-cd0ea61228f8"
        ],
        "elapsed-time": [
          "399"
        ],
        "Strict-Transport-Security": [
          "max-age=31536000; includeSubDomains"
        ],
        "x-ms-ratelimit-remaining-subscription-writes": [
          "1007"
        ],
        "x-ms-request-id": [
          "6104d27c-ead7-48cf-b2f0-6f5b86b0ed68"
        ],
        "x-ms-correlation-request-id": [
          "6104d27c-ead7-48cf-b2f0-6f5b86b0ed68"
        ],
        "x-ms-routing-request-id": [
          "CENTRALUS:20160421T010832Z:6104d27c-ead7-48cf-b2f0-6f5b86b0ed68"
        ],
        "Cache-Control": [
          "no-cache"
        ],
        "Date": [
          "Thu, 21 Apr 2016 01:08:31 GMT"
        ],
        "X-AspNet-Version": [
          "4.0.30319"
        ]
      },
      "StatusCode": 200
    }
  ],
  "Names": {
    "GenerateName": [
      "azsmnet639",
      "azsmnet6174"
    ],
    "GenerateServiceName": [
      "azs-6982"
    ]
  },
  "Variables": {
    "SubscriptionId": "b80cf239-2c72-47ab-b309-b26aec4656b1"
  }
}