{
  "Entries": [
    {
      "RequestUri": "https://management.azure.com/subscriptions/db1ab6f0-4769-4b27-930e-01e2ef9c123c?api-version=2021-01-01",
      "RequestMethod": "GET",
      "RequestHeaders": {
        "Accept": "application/json",
        "Authorization": "Sanitized",
        "traceparent": "00-0fa0650f31193093cad6dded59f56961-c7b60ea132260dfc-00",
        "User-Agent": "azsdk-net-ResourceManager/1.3.1 (.NET 6.0.9; Microsoft Windows 10.0.22622)",
        "x-ms-client-request-id": "19ff37ce70d8a9890022a3f00c8883d8",
        "x-ms-return-client-request-id": "true"
      },
      "RequestBody": null,
      "StatusCode": 200,
      "ResponseHeaders": {
        "Cache-Control": "no-cache",
        "Content-Length": "747",
        "Content-Type": "application/json; charset=utf-8",
        "Date": "Fri, 30 Sep 2022 02:20:59 GMT",
        "Expires": "-1",
        "Pragma": "no-cache",
        "Strict-Transport-Security": "max-age=31536000; includeSubDomains",
        "X-Content-Type-Options": "nosniff",
        "x-ms-correlation-request-id": "87a4dbcc-7ace-4abf-b1e2-02664fb5c556",
        "x-ms-ratelimit-remaining-subscription-reads": "11908",
        "x-ms-request-id": "87a4dbcc-7ace-4abf-b1e2-02664fb5c556",
        "x-ms-routing-request-id": "SOUTHEASTASIA:20220930T022100Z:87a4dbcc-7ace-4abf-b1e2-02664fb5c556"
      },
      "ResponseBody": {
        "id": "/subscriptions/db1ab6f0-4769-4b27-930e-01e2ef9c123c",
        "authorizationSource": "RoleBased",
        "managedByTenants": [],
        "tags": {
          "TagKey-9823": "TagValue-566",
          "TagKey-3481": "TagValue-320",
          "TagKey-4926": "TagValue-1187",
          "TagKey-751": "TagValue-3921",
          "TagKey-1866": "TagValue-8559",
          "TagKey-3094": "TagValue-9190",
          "TagKey-2449": "TagValue-9",
          "TagKey-8379": "TagValue-164",
          "TagKey-7470": "TagValue-2205",
          "TagKey-4236": "TagValue-3698",
          "TagKey-5316": "TagValue-2725"
        },
        "subscriptionId": "db1ab6f0-4769-4b27-930e-01e2ef9c123c",
        "tenantId": "72f988bf-86f1-41af-91ab-2d7cd011db47",
        "displayName": ".NET Mgmt SDK Test with TTL = 1 Day",
        "state": "Enabled",
        "subscriptionPolicies": {
          "locationPlacementId": "Internal_2014-09-01",
          "quotaId": "Internal_2014-09-01",
          "spendingLimit": "Off"
        }
      }
    },
    {
      "RequestUri": "https://management.azure.com/subscriptions/db1ab6f0-4769-4b27-930e-01e2ef9c123c/resourcegroups/testRG-3584?api-version=**",
      "RequestMethod": "PUT",
      "RequestHeaders": {
        "Accept": "application/json",
        "Authorization": "Sanitized",
        "Content-Length": "43",
        "Content-Type": "application/json",
        "traceparent": "00-785e165d84351940b03c90479ddcb24c-2d1b364f1392475e-00",
        "User-Agent": "azsdk-net-ResourceManager/1.3.1 (.NET 6.0.9; Microsoft Windows 10.0.22622)",
        "x-ms-client-request-id": "0c2e120b7feed2aa8e978eacfaf40268",
        "x-ms-return-client-request-id": "true"
      },
      "RequestBody": {
        "tags": {
          "test": "env"
        },
        "location": "eastus"
      },
      "StatusCode": 201,
      "ResponseHeaders": {
        "Cache-Control": "no-cache",
        "Content-Length": "241",
        "Content-Type": "application/json; charset=utf-8",
        "Date": "Fri, 30 Sep 2022 02:21:01 GMT",
        "Expires": "-1",
        "Pragma": "no-cache",
        "Strict-Transport-Security": "max-age=31536000; includeSubDomains",
        "X-Content-Type-Options": "nosniff",
        "x-ms-correlation-request-id": "9b949c2f-615f-4519-9736-9573edf18e60",
        "x-ms-ratelimit-remaining-subscription-writes": "1095",
        "x-ms-request-id": "9b949c2f-615f-4519-9736-9573edf18e60",
        "x-ms-routing-request-id": "SOUTHEASTASIA:20220930T022101Z:9b949c2f-615f-4519-9736-9573edf18e60"
      },
      "ResponseBody": {
        "id": "/subscriptions/db1ab6f0-4769-4b27-930e-01e2ef9c123c/resourceGroups/testRG-3584",
        "name": "testRG-3584",
        "type": "Microsoft.Resources/resourceGroups",
        "location": "eastus",
        "tags": {
          "test": "env"
        },
        "properties": {
          "provisioningState": "Succeeded"
        }
      }
    },
    {
      "RequestUri": "https://management.azure.com/subscriptions/db1ab6f0-4769-4b27-930e-01e2ef9c123c/resourceGroups/testRG-3584/providers/Microsoft.Compute/hostGroups/testDHG-697?api-version=2022-08-01",
      "RequestMethod": "PUT",
      "RequestHeaders": {
        "Accept": "application/json",
        "Authorization": "Sanitized",
        "Content-Length": "75",
        "Content-Type": "application/json",
        "traceparent": "00-1b0e94c5cea76a424a31a0d80a77942b-f30e21d8fce08e76-00",
        "User-Agent": "azsdk-net-ResourceManager.Compute/1.1.0-alpha.20220930.1 (.NET 6.0.9; Microsoft Windows 10.0.22622)",
        "x-ms-client-request-id": "88b84e2a0c2e6d8931c5b82b1953d545",
        "x-ms-return-client-request-id": "true"
      },
      "RequestBody": {
        "tags": {},
        "location": "eastus",
        "properties": {
          "platformFaultDomainCount": 2
        }
      },
      "StatusCode": 201,
      "ResponseHeaders": {
        "Cache-Control": "no-cache",
        "Content-Length": "355",
        "Content-Type": "application/json; charset=utf-8",
        "Date": "Fri, 30 Sep 2022 02:21:04 GMT",
        "Expires": "-1",
        "Pragma": "no-cache",
        "Server": [
          "Microsoft-HTTPAPI/2.0",
          "Microsoft-HTTPAPI/2.0"
        ],
        "Strict-Transport-Security": "max-age=31536000; includeSubDomains",
        "X-Content-Type-Options": "nosniff",
        "x-ms-client-request-id": "88b84e2a0c2e6d8931c5b82b1953d545",
        "x-ms-correlation-request-id": "ba30621e-acf2-4a7b-9e0a-ba49ff2ea1c8",
        "x-ms-ratelimit-remaining-resource": "Microsoft.Compute/PutDeleteDedicatedHost3Min;93,Microsoft.Compute/PutDeleteDedicatedHost30Min;561",
        "x-ms-ratelimit-remaining-subscription-writes": "1094",
        "x-ms-request-id": "19258e82-dd84-4304-9f77-9ed93a43562c",
        "x-ms-routing-request-id": "SOUTHEASTASIA:20220930T022104Z:ba30621e-acf2-4a7b-9e0a-ba49ff2ea1c8"
      },
      "ResponseBody": {
        "name": "testDHG-697",
        "id": "/subscriptions/db1ab6f0-4769-4b27-930e-01e2ef9c123c/resourceGroups/TESTRG-3584/providers/Microsoft.Compute/hostGroups/testDHG-697",
        "type": "Microsoft.Compute/hostGroups",
        "location": "eastus",
        "tags": {},
        "properties": {
          "platformFaultDomainCount": 2,
          "supportAutomaticPlacement": false
        }
      }
    },
    {
      "RequestUri": "https://management.azure.com/subscriptions/db1ab6f0-4769-4b27-930e-01e2ef9c123c/resourceGroups/testRG-3584/providers/Microsoft.Compute/hostGroups/testDHG-697?api-version=2022-08-01",
      "RequestMethod": "GET",
      "RequestHeaders": {
        "Accept": "application/json",
        "Authorization": "Sanitized",
        "traceparent": "00-499bcde2e5a09ef547080d451d39c171-8e44d9c3d177cb03-00",
        "User-Agent": "azsdk-net-ResourceManager.Compute/1.1.0-alpha.20220930.1 (.NET 6.0.9; Microsoft Windows 10.0.22622)",
        "x-ms-client-request-id": "00ca8c79df5755b74649d8fafd062ea0",
        "x-ms-return-client-request-id": "true"
      },
      "RequestBody": null,
      "StatusCode": 200,
      "ResponseHeaders": {
        "Cache-Control": "no-cache",
        "Content-Length": "355",
        "Content-Type": "application/json; charset=utf-8",
        "Date": "Fri, 30 Sep 2022 02:21:05 GMT",
        "Expires": "-1",
        "Pragma": "no-cache",
        "Server": [
          "Microsoft-HTTPAPI/2.0",
          "Microsoft-HTTPAPI/2.0"
        ],
        "Strict-Transport-Security": "max-age=31536000; includeSubDomains",
        "X-Content-Type-Options": "nosniff",
        "x-ms-client-request-id": "00ca8c79df5755b74649d8fafd062ea0",
        "x-ms-correlation-request-id": "96bffd93-adfd-4c84-b8a7-57058802280a",
        "x-ms-ratelimit-remaining-resource": "Microsoft.Compute/GetDedicatedHost30Min;974",
        "x-ms-ratelimit-remaining-subscription-reads": "11907",
        "x-ms-request-id": "1c6d4997-6d75-434c-b1fc-9b00a0f4bcd8",
        "x-ms-routing-request-id": "SOUTHEASTASIA:20220930T022105Z:96bffd93-adfd-4c84-b8a7-57058802280a"
      },
      "ResponseBody": {
        "name": "testDHG-697",
        "id": "/subscriptions/db1ab6f0-4769-4b27-930e-01e2ef9c123c/resourceGroups/TESTRG-3584/providers/Microsoft.Compute/hostGroups/testDHG-697",
        "type": "Microsoft.Compute/hostGroups",
        "location": "eastus",
        "tags": {},
        "properties": {
          "platformFaultDomainCount": 2,
          "supportAutomaticPlacement": false
        }
      }
    }
  ],
  "Variables": {
    "AZURE_AUTHORITY_HOST": "https://login.microsoftonline.com",
    "RandomSeed": "1573149111",
    "RESOURCE_MANAGER_URL": null,
    "SUBSCRIPTION_ID": "db1ab6f0-4769-4b27-930e-01e2ef9c123c"
  }
}
