{
  "Entries": [
    {
      "RequestUri": "https://management.azure.com/subscriptions/e37510d7-33b6-4676-886f-ee75bcc01871?api-version=2021-01-01",
      "RequestMethod": "GET",
      "RequestHeaders": {
        "Accept": "application/json",
        "Authorization": "Sanitized",
        "traceparent": "00-82fcea70f097b161383c768bfd25f6fd-fe8f32c16010ee30-00",
        "User-Agent": "azsdk-net-ResourceManager/1.4.0 (.NET 7.0.5; Microsoft Windows 10.0.22621)",
        "x-ms-client-request-id": "14fc6bd2f077752685e3cc2604f4d3e5",
        "x-ms-return-client-request-id": "true"
      },
      "RequestBody": null,
      "StatusCode": 200,
      "ResponseHeaders": {
        "Cache-Control": "no-cache",
        "Content-Length": "456",
        "Content-Type": "application/json; charset=utf-8",
        "Date": "Fri, 28 Apr 2023 17:54:42 GMT",
        "Expires": "-1",
        "Pragma": "no-cache",
        "Strict-Transport-Security": "max-age=31536000; includeSubDomains",
        "X-Content-Type-Options": "nosniff",
        "x-ms-correlation-request-id": "3e59ddb6-2a7f-4467-ba19-50666cc1be5c",
        "x-ms-ratelimit-remaining-subscription-reads": "11996",
        "x-ms-request-id": "3e59ddb6-2a7f-4467-ba19-50666cc1be5c",
        "x-ms-routing-request-id": "CANADACENTRAL:20230428T175443Z:3e59ddb6-2a7f-4467-ba19-50666cc1be5c"
      },
      "ResponseBody": {
        "id": "/subscriptions/e37510d7-33b6-4676-886f-ee75bcc01871",
        "authorizationSource": "RoleBased",
        "managedByTenants": [],
        "tags": {
          "SkipGreenTeamLinuxSSHAuthForSub": "1020642667"
        },
        "subscriptionId": "e37510d7-33b6-4676-886f-ee75bcc01871",
        "tenantId": "72f988bf-86f1-41af-91ab-2d7cd011db47",
        "displayName": "CPlat SDK/PowerShell",
        "state": "Enabled",
        "subscriptionPolicies": {
          "locationPlacementId": "Internal_2014-09-01",
          "quotaId": "Internal_2014-09-01",
          "spendingLimit": "Off"
        }
      }
    },
    {
      "RequestUri": "https://management.azure.com/subscriptions/e37510d7-33b6-4676-886f-ee75bcc01871/resourcegroups/testRG-6784?api-version=**",
      "RequestMethod": "PUT",
      "RequestHeaders": {
        "Accept": "application/json",
        "Authorization": "Sanitized",
        "Content-Length": "43",
        "Content-Type": "application/json",
        "traceparent": "00-854a92dee75f6233f3b71026f9abf68d-d040d5c7e6f086fc-00",
        "User-Agent": "azsdk-net-ResourceManager/1.4.0 (.NET 7.0.5; Microsoft Windows 10.0.22621)",
        "x-ms-client-request-id": "45d2df0e4e5dab3165357b6e332c6028",
        "x-ms-return-client-request-id": "true"
      },
      "RequestBody": {
        "tags": {
          "test": "env"
        },
        "location": "eastus"
      },
      "StatusCode": 201,
      "ResponseHeaders": {
        "Cache-Control": "no-cache",
        "Content-Length": "241",
        "Content-Type": "application/json; charset=utf-8",
        "Date": "Fri, 28 Apr 2023 17:54:43 GMT",
        "Expires": "-1",
        "Pragma": "no-cache",
        "Strict-Transport-Security": "max-age=31536000; includeSubDomains",
        "X-Content-Type-Options": "nosniff",
        "x-ms-correlation-request-id": "7217b12d-bb7d-4f9a-b3df-85467543b517",
        "x-ms-ratelimit-remaining-subscription-writes": "1195",
        "x-ms-request-id": "7217b12d-bb7d-4f9a-b3df-85467543b517",
        "x-ms-routing-request-id": "CANADACENTRAL:20230428T175444Z:7217b12d-bb7d-4f9a-b3df-85467543b517"
      },
      "ResponseBody": {
        "id": "/subscriptions/e37510d7-33b6-4676-886f-ee75bcc01871/resourceGroups/testRG-6784",
        "name": "testRG-6784",
        "type": "Microsoft.Resources/resourceGroups",
        "location": "eastus",
        "tags": {
          "test": "env"
        },
        "properties": {
          "provisioningState": "Succeeded"
        }
      }
    },
    {
      "RequestUri": "https://management.azure.com/subscriptions/e37510d7-33b6-4676-886f-ee75bcc01871/resourceGroups/testRG-6784/providers/Microsoft.Compute/hostGroups/testDHG-7261?api-version=2023-03-01",
      "RequestMethod": "PUT",
      "RequestHeaders": {
        "Accept": "application/json",
        "Authorization": "Sanitized",
        "Content-Length": "75",
        "Content-Type": "application/json",
        "traceparent": "00-92b671b204695a6cef48ce9ec71e5c9b-4907dffc5ba8046e-00",
        "User-Agent": "azsdk-net-ResourceManager.Compute/1.2.0-alpha.20230428.1 (.NET 7.0.5; Microsoft Windows 10.0.22621)",
        "x-ms-client-request-id": "6ab1a94acd26a9b3862ae985fe2e4461",
        "x-ms-return-client-request-id": "true"
      },
      "RequestBody": {
        "tags": {},
        "location": "eastus",
        "properties": {
          "platformFaultDomainCount": 2
        }
      },
      "StatusCode": 201,
      "ResponseHeaders": {
        "Cache-Control": "no-cache",
        "Content-Length": "357",
        "Content-Type": "application/json; charset=utf-8",
        "Date": "Fri, 28 Apr 2023 17:54:43 GMT",
        "Expires": "-1",
        "Pragma": "no-cache",
        "Server": [
          "Microsoft-HTTPAPI/2.0",
          "Microsoft-HTTPAPI/2.0"
        ],
        "Strict-Transport-Security": "max-age=31536000; includeSubDomains",
        "X-Content-Type-Options": "nosniff",
        "x-ms-client-request-id": "6ab1a94acd26a9b3862ae985fe2e4461",
        "x-ms-correlation-request-id": "f27e9468-f321-408a-9a8f-3e7c3862d023",
        "x-ms-ratelimit-remaining-resource": "Microsoft.Compute/PutDeleteDedicatedHost3Min;89,Microsoft.Compute/PutDeleteDedicatedHost30Min;569",
        "x-ms-ratelimit-remaining-subscription-writes": "1194",
        "x-ms-request-id": "62d9c8fe-7f93-4fb6-8479-22060d753140",
        "x-ms-routing-request-id": "CANADACENTRAL:20230428T175444Z:f27e9468-f321-408a-9a8f-3e7c3862d023"
      },
      "ResponseBody": {
        "name": "testDHG-7261",
        "id": "/subscriptions/e37510d7-33b6-4676-886f-ee75bcc01871/resourceGroups/TESTRG-6784/providers/Microsoft.Compute/hostGroups/testDHG-7261",
        "type": "Microsoft.Compute/hostGroups",
        "location": "eastus",
        "tags": {},
        "properties": {
          "platformFaultDomainCount": 2,
          "supportAutomaticPlacement": false
        }
      }
    },
    {
      "RequestUri": "https://management.azure.com/subscriptions/e37510d7-33b6-4676-886f-ee75bcc01871/resourceGroups/testRG-6784/providers/Microsoft.Compute/hostGroups/testDHG-9450?api-version=2023-03-01",
      "RequestMethod": "PUT",
      "RequestHeaders": {
        "Accept": "application/json",
        "Authorization": "Sanitized",
        "Content-Length": "75",
        "Content-Type": "application/json",
        "traceparent": "00-d8f3489a972af268122ff39a9d5c5c4a-0678db38eeb7247c-00",
        "User-Agent": "azsdk-net-ResourceManager.Compute/1.2.0-alpha.20230428.1 (.NET 7.0.5; Microsoft Windows 10.0.22621)",
        "x-ms-client-request-id": "356c00451c7569cb12baaa0751b76bfd",
        "x-ms-return-client-request-id": "true"
      },
      "RequestBody": {
        "tags": {},
        "location": "eastus",
        "properties": {
          "platformFaultDomainCount": 2
        }
      },
      "StatusCode": 201,
      "ResponseHeaders": {
        "Cache-Control": "no-cache",
        "Content-Length": "357",
        "Content-Type": "application/json; charset=utf-8",
        "Date": "Fri, 28 Apr 2023 17:54:44 GMT",
        "Expires": "-1",
        "Pragma": "no-cache",
        "Server": [
          "Microsoft-HTTPAPI/2.0",
          "Microsoft-HTTPAPI/2.0"
        ],
        "Strict-Transport-Security": "max-age=31536000; includeSubDomains",
        "X-Content-Type-Options": "nosniff",
        "x-ms-client-request-id": "356c00451c7569cb12baaa0751b76bfd",
        "x-ms-correlation-request-id": "61365d9f-ff3f-4366-80ae-92053d4ad0d7",
        "x-ms-ratelimit-remaining-resource": "Microsoft.Compute/PutDeleteDedicatedHost3Min;87,Microsoft.Compute/PutDeleteDedicatedHost30Min;567",
        "x-ms-ratelimit-remaining-subscription-writes": "1193",
        "x-ms-request-id": "f51ac70c-126c-4461-9170-cd4ed01c6205",
        "x-ms-routing-request-id": "CANADACENTRAL:20230428T175445Z:61365d9f-ff3f-4366-80ae-92053d4ad0d7"
      },
      "ResponseBody": {
        "name": "testDHG-9450",
        "id": "/subscriptions/e37510d7-33b6-4676-886f-ee75bcc01871/resourceGroups/TESTRG-6784/providers/Microsoft.Compute/hostGroups/testDHG-9450",
        "type": "Microsoft.Compute/hostGroups",
        "location": "eastus",
        "tags": {},
        "properties": {
          "platformFaultDomainCount": 2,
          "supportAutomaticPlacement": false
        }
      }
    },
    {
      "RequestUri": "https://management.azure.com/subscriptions/e37510d7-33b6-4676-886f-ee75bcc01871/providers/Microsoft.Compute/hostGroups?api-version=2023-03-01",
      "RequestMethod": "GET",
      "RequestHeaders": {
        "Accept": "application/json",
        "Authorization": "Sanitized",
        "traceparent": "00-dfbc0dabce766f08f6a700122bf0bd80-4a17cff2e4d7080b-00",
        "User-Agent": "azsdk-net-ResourceManager.Compute/1.2.0-alpha.20230428.1 (.NET 7.0.5; Microsoft Windows 10.0.22621)",
        "x-ms-client-request-id": "3c889c9da32904b992b4c807c1df374d",
        "x-ms-return-client-request-id": "true"
      },
      "RequestBody": null,
      "StatusCode": 200,
      "ResponseHeaders": {
        "Cache-Control": "no-cache",
        "Content-Length": "3252",
        "Content-Type": "application/json; charset=utf-8",
        "Date": "Fri, 28 Apr 2023 17:54:44 GMT",
        "Expires": "-1",
        "Pragma": "no-cache",
        "Server": [
          "Microsoft-HTTPAPI/2.0",
          "Microsoft-HTTPAPI/2.0"
        ],
        "Strict-Transport-Security": "max-age=31536000; includeSubDomains",
        "X-Content-Type-Options": "nosniff",
        "x-ms-client-request-id": "3c889c9da32904b992b4c807c1df374d",
        "x-ms-correlation-request-id": "b58fe475-92fe-4d2c-8e68-d1331a6c3347",
        "x-ms-ratelimit-remaining-resource": "Microsoft.Compute/GetDedicatedHost3Min;239",
        "x-ms-ratelimit-remaining-subscription-reads": "11995",
        "x-ms-request-id": "c52f4c87-678d-47b1-b0a7-734acf2fb4d2",
        "x-ms-routing-request-id": "CANADACENTRAL:20230428T175445Z:b58fe475-92fe-4d2c-8e68-d1331a6c3347"
      },
      "ResponseBody": {
        "value": [
          {
            "name": "testDHG-4366",
            "id": "/subscriptions/e37510d7-33b6-4676-886f-ee75bcc01871/resourceGroups/TESTRG-5917/providers/Microsoft.Compute/hostGroups/testDHG-4366",
            "type": "Microsoft.Compute/hostGroups",
            "location": "eastus",
            "tags": {},
            "properties": {
              "platformFaultDomainCount": 2,
              "supportAutomaticPlacement": false
            }
          },
          {
            "name": "testDHG-7261",
            "id": "/subscriptions/e37510d7-33b6-4676-886f-ee75bcc01871/resourceGroups/TESTRG-6784/providers/Microsoft.Compute/hostGroups/testDHG-7261",
            "type": "Microsoft.Compute/hostGroups",
            "location": "eastus",
            "tags": {},
            "properties": {
              "platformFaultDomainCount": 2,
              "supportAutomaticPlacement": false
            }
          },
          {
            "name": "testDHG-9450",
            "id": "/subscriptions/e37510d7-33b6-4676-886f-ee75bcc01871/resourceGroups/TESTRG-6784/providers/Microsoft.Compute/hostGroups/testDHG-9450",
            "type": "Microsoft.Compute/hostGroups",
            "location": "eastus",
            "tags": {},
            "properties": {
              "platformFaultDomainCount": 2,
              "supportAutomaticPlacement": false
            }
          },
          {
            "name": "testDHG-4619",
            "id": "/subscriptions/e37510d7-33b6-4676-886f-ee75bcc01871/resourceGroups/TESTRG-6906/providers/Microsoft.Compute/hostGroups/testDHG-4619",
            "type": "Microsoft.Compute/hostGroups",
            "location": "eastus",
            "tags": {},
            "properties": {
              "platformFaultDomainCount": 2,
              "supportAutomaticPlacement": false
            }
          },
          {
            "name": "testDHG-6319",
            "id": "/subscriptions/e37510d7-33b6-4676-886f-ee75bcc01871/resourceGroups/TESTRG-6906/providers/Microsoft.Compute/hostGroups/testDHG-6319",
            "type": "Microsoft.Compute/hostGroups",
            "location": "eastus",
            "tags": {},
            "properties": {
              "platformFaultDomainCount": 2,
              "supportAutomaticPlacement": false
            }
          },
          {
            "name": "testDHG-4123",
            "id": "/subscriptions/e37510d7-33b6-4676-886f-ee75bcc01871/resourceGroups/TESTRG-7283/providers/Microsoft.Compute/hostGroups/testDHG-4123",
            "type": "Microsoft.Compute/hostGroups",
            "location": "eastus",
            "tags": {},
            "properties": {
              "platformFaultDomainCount": 2,
              "supportAutomaticPlacement": false
            }
          },
          {
            "name": "testDHG-9417",
            "id": "/subscriptions/e37510d7-33b6-4676-886f-ee75bcc01871/resourceGroups/TESTRG-7658/providers/Microsoft.Compute/hostGroups/testDHG-9417",
            "type": "Microsoft.Compute/hostGroups",
            "location": "eastus",
            "tags": {},
            "properties": {
              "platformFaultDomainCount": 2,
              "supportAutomaticPlacement": false
            }
          },
          {
            "name": "testDHG-308",
            "id": "/subscriptions/e37510d7-33b6-4676-886f-ee75bcc01871/resourceGroups/TESTRG-8638/providers/Microsoft.Compute/hostGroups/testDHG-308",
            "type": "Microsoft.Compute/hostGroups",
            "location": "eastus",
            "tags": {},
            "properties": {
              "platformFaultDomainCount": 2,
              "supportAutomaticPlacement": false
            }
          }
        ]
      }
    }
  ],
  "Variables": {
    "AZURE_AUTHORITY_HOST": "https://login.microsoftonline.com",
    "RandomSeed": "719084060",
    "RESOURCE_MANAGER_URL": null,
    "SUBSCRIPTION_ID": "e37510d7-33b6-4676-886f-ee75bcc01871"
  }
}
