{
  "Entries": [
    {
      "RequestUri": "https://management.azure.com/subscriptions/db1ab6f0-4769-4b27-930e-01e2ef9c123c?api-version=2021-01-01",
      "RequestMethod": "GET",
      "RequestHeaders": {
        "Accept": "application/json",
        "Authorization": "Sanitized",
        "traceparent": "00-d8aba5e4e60b671ea3dd0ca8b81bb028-7c873d7ae7854025-00",
        "User-Agent": "azsdk-net-ResourceManager/1.0.0 (.NET 6.0.5; Microsoft Windows 10.0.22621)",
        "x-ms-client-request-id": "2b494b9d22d85f9d5c694d569381fc6b",
        "x-ms-return-client-request-id": "true"
      },
      "RequestBody": null,
      "StatusCode": 200,
      "ResponseHeaders": {
        "Cache-Control": "no-cache",
        "Content-Length": "747",
        "Content-Type": "application/json; charset=utf-8",
        "Date": "Mon, 06 Jun 2022 11:47:21 GMT",
        "Expires": "-1",
        "Pragma": "no-cache",
        "Strict-Transport-Security": "max-age=31536000; includeSubDomains",
        "X-Content-Type-Options": "nosniff",
        "x-ms-correlation-request-id": "e30f3789-7921-4e22-813c-aedb7496a510",
        "x-ms-ratelimit-remaining-subscription-reads": "11935",
        "x-ms-request-id": "e30f3789-7921-4e22-813c-aedb7496a510",
        "x-ms-routing-request-id": "SOUTHEASTASIA:20220606T114722Z:e30f3789-7921-4e22-813c-aedb7496a510"
      },
      "ResponseBody": {
        "id": "/subscriptions/db1ab6f0-4769-4b27-930e-01e2ef9c123c",
        "authorizationSource": "RoleBased",
        "managedByTenants": [],
        "tags": {
          "TagKey-9823": "TagValue-566",
          "TagKey-3481": "TagValue-320",
          "TagKey-4926": "TagValue-1187",
          "TagKey-751": "TagValue-3921",
          "TagKey-1866": "TagValue-8559",
          "TagKey-3094": "TagValue-9190",
          "TagKey-2449": "TagValue-9",
          "TagKey-8379": "TagValue-164",
          "TagKey-7470": "TagValue-2205",
          "TagKey-4236": "TagValue-3698",
          "TagKey-5316": "TagValue-2725"
        },
        "subscriptionId": "db1ab6f0-4769-4b27-930e-01e2ef9c123c",
        "tenantId": "72f988bf-86f1-41af-91ab-2d7cd011db47",
        "displayName": ".NET Mgmt SDK Test with TTL = 1 Day",
        "state": "Enabled",
        "subscriptionPolicies": {
          "locationPlacementId": "Internal_2014-09-01",
          "quotaId": "Internal_2014-09-01",
          "spendingLimit": "Off"
        }
      }
    },
    {
      "RequestUri": "https://management.azure.com/subscriptions/db1ab6f0-4769-4b27-930e-01e2ef9c123c/resourcegroups/testRG-7887?api-version=2021-04-01",
      "RequestMethod": "PUT",
      "RequestHeaders": {
        "Accept": "application/json",
        "Authorization": "Sanitized",
        "Content-Length": "43",
        "Content-Type": "application/json",
        "traceparent": "00-40a3e86143618c5d1f605367b3b33858-eac7fee6da592707-00",
        "User-Agent": "azsdk-net-ResourceManager/1.0.0 (.NET 6.0.5; Microsoft Windows 10.0.22621)",
        "x-ms-client-request-id": "9269935d4bb2bee693b234acfe1961fd",
        "x-ms-return-client-request-id": "true"
      },
      "RequestBody": {
        "tags": {
          "test": "env"
        },
        "location": "eastus"
      },
      "StatusCode": 201,
      "ResponseHeaders": {
        "Cache-Control": "no-cache",
        "Content-Length": "241",
        "Content-Type": "application/json; charset=utf-8",
        "Date": "Mon, 06 Jun 2022 11:47:22 GMT",
        "Expires": "-1",
        "Pragma": "no-cache",
        "Strict-Transport-Security": "max-age=31536000; includeSubDomains",
        "X-Content-Type-Options": "nosniff",
        "x-ms-correlation-request-id": "16e0dc74-ea48-42c0-b0cc-52566c0e8bdc",
        "x-ms-ratelimit-remaining-subscription-writes": "1090",
        "x-ms-request-id": "16e0dc74-ea48-42c0-b0cc-52566c0e8bdc",
        "x-ms-routing-request-id": "SOUTHEASTASIA:20220606T114723Z:16e0dc74-ea48-42c0-b0cc-52566c0e8bdc"
      },
      "ResponseBody": {
        "id": "/subscriptions/db1ab6f0-4769-4b27-930e-01e2ef9c123c/resourceGroups/testRG-7887",
        "name": "testRG-7887",
        "type": "Microsoft.Resources/resourceGroups",
        "location": "eastus",
        "tags": {
          "test": "env"
        },
        "properties": {
          "provisioningState": "Succeeded"
        }
      }
    },
    {
      "RequestUri": "https://management.azure.com/subscriptions/db1ab6f0-4769-4b27-930e-01e2ef9c123c/resourceGroups/testRG-7887/providers/Microsoft.Compute/hostGroups/testDHG-9798?api-version=2022-03-01",
      "RequestMethod": "PUT",
      "RequestHeaders": {
        "Accept": "application/json",
        "Authorization": "Sanitized",
        "Content-Length": "75",
        "Content-Type": "application/json",
        "traceparent": "00-93c90bba6c1e2ed12a521683efdbb06e-bba39cc989841caf-00",
        "User-Agent": "azsdk-net-ResourceManager.Compute/1.0.0-alpha.20220606.1 (.NET 6.0.5; Microsoft Windows 10.0.22621)",
        "x-ms-client-request-id": "7615d2812b7c2ffe1863abd099d90433",
        "x-ms-return-client-request-id": "true"
      },
      "RequestBody": {
        "tags": {},
        "location": "eastus",
        "properties": {
          "platformFaultDomainCount": 2
        }
      },
      "StatusCode": 201,
      "ResponseHeaders": {
        "Cache-Control": "no-cache",
        "Content-Length": "357",
        "Content-Type": "application/json; charset=utf-8",
        "Date": "Mon, 06 Jun 2022 11:47:26 GMT",
        "Expires": "-1",
        "Pragma": "no-cache",
        "Server": [
          "Microsoft-HTTPAPI/2.0",
          "Microsoft-HTTPAPI/2.0"
        ],
        "Strict-Transport-Security": "max-age=31536000; includeSubDomains",
        "X-Content-Type-Options": "nosniff",
        "x-ms-client-request-id": "7615d2812b7c2ffe1863abd099d90433",
        "x-ms-correlation-request-id": "7f64b4a9-b259-41e6-b049-f2acc00de22d",
        "x-ms-ratelimit-remaining-resource": "Microsoft.Compute/PutDeleteDedicatedHost3Min;82,Microsoft.Compute/PutDeleteDedicatedHost30Min;558",
        "x-ms-ratelimit-remaining-subscription-writes": "1089",
        "x-ms-request-id": "a8b7830c-616c-4a0f-8fb8-6de802cdadc6",
        "x-ms-routing-request-id": "SOUTHEASTASIA:20220606T114727Z:7f64b4a9-b259-41e6-b049-f2acc00de22d"
      },
      "ResponseBody": {
        "name": "testDHG-9798",
        "id": "/subscriptions/db1ab6f0-4769-4b27-930e-01e2ef9c123c/resourceGroups/TESTRG-7887/providers/Microsoft.Compute/hostGroups/testDHG-9798",
        "type": "Microsoft.Compute/hostGroups",
        "location": "eastus",
        "tags": {},
        "properties": {
          "platformFaultDomainCount": 2,
          "supportAutomaticPlacement": false
        }
      }
    },
    {
      "RequestUri": "https://management.azure.com/subscriptions/db1ab6f0-4769-4b27-930e-01e2ef9c123c/resourceGroups/testRG-7887/providers/Microsoft.Compute/hostGroups/testDHG-8897?api-version=2022-03-01",
      "RequestMethod": "PUT",
      "RequestHeaders": {
        "Accept": "application/json",
        "Authorization": "Sanitized",
        "Content-Length": "75",
        "Content-Type": "application/json",
        "traceparent": "00-4240aae3f0f4e1362e181e47f7e1ba9f-f03395cd33127d85-00",
        "User-Agent": "azsdk-net-ResourceManager.Compute/1.0.0-alpha.20220606.1 (.NET 6.0.5; Microsoft Windows 10.0.22621)",
        "x-ms-client-request-id": "c7f0c23500eb6d62457069b25e50ec59",
        "x-ms-return-client-request-id": "true"
      },
      "RequestBody": {
        "tags": {},
        "location": "eastus",
        "properties": {
          "platformFaultDomainCount": 2
        }
      },
      "StatusCode": 201,
      "ResponseHeaders": {
        "Cache-Control": "no-cache",
        "Content-Length": "357",
        "Content-Type": "application/json; charset=utf-8",
        "Date": "Mon, 06 Jun 2022 11:47:29 GMT",
        "Expires": "-1",
        "Pragma": "no-cache",
        "Server": [
          "Microsoft-HTTPAPI/2.0",
          "Microsoft-HTTPAPI/2.0"
        ],
        "Strict-Transport-Security": "max-age=31536000; includeSubDomains",
        "X-Content-Type-Options": "nosniff",
        "x-ms-client-request-id": "c7f0c23500eb6d62457069b25e50ec59",
        "x-ms-correlation-request-id": "3a1f1260-6835-465b-9a2b-69ee7f066e25",
        "x-ms-ratelimit-remaining-resource": "Microsoft.Compute/PutDeleteDedicatedHost3Min;81,Microsoft.Compute/PutDeleteDedicatedHost30Min;557",
        "x-ms-ratelimit-remaining-subscription-writes": "1088",
        "x-ms-request-id": "2bd75959-2a2a-43b0-87fe-01fcc72f2188",
        "x-ms-routing-request-id": "SOUTHEASTASIA:20220606T114730Z:3a1f1260-6835-465b-9a2b-69ee7f066e25"
      },
      "ResponseBody": {
        "name": "testDHG-8897",
        "id": "/subscriptions/db1ab6f0-4769-4b27-930e-01e2ef9c123c/resourceGroups/TESTRG-7887/providers/Microsoft.Compute/hostGroups/testDHG-8897",
        "type": "Microsoft.Compute/hostGroups",
        "location": "eastus",
        "tags": {},
        "properties": {
          "platformFaultDomainCount": 2,
          "supportAutomaticPlacement": false
        }
      }
    },
    {
      "RequestUri": "https://management.azure.com/subscriptions/db1ab6f0-4769-4b27-930e-01e2ef9c123c/providers/Microsoft.Compute/hostGroups?api-version=2022-03-01",
      "RequestMethod": "GET",
      "RequestHeaders": {
        "Accept": "application/json",
        "Authorization": "Sanitized",
        "traceparent": "00-6fe53ccba77707bc866191f43721c940-c9b2bca8bb2815b8-00",
        "User-Agent": "azsdk-net-ResourceManager.Compute/1.0.0-alpha.20220606.1 (.NET 6.0.5; Microsoft Windows 10.0.22621)",
        "x-ms-client-request-id": "987a88cbe6053d169383328213c2195a",
        "x-ms-return-client-request-id": "true"
      },
      "RequestBody": null,
      "StatusCode": 200,
      "ResponseHeaders": {
        "Cache-Control": "no-cache",
        "Content-Length": "3706",
        "Content-Type": "application/json; charset=utf-8",
        "Date": "Mon, 06 Jun 2022 11:47:30 GMT",
        "Expires": "-1",
        "Pragma": "no-cache",
        "Strict-Transport-Security": "max-age=31536000; includeSubDomains",
        "X-Content-Type-Options": "nosniff",
        "x-ms-correlation-request-id": "c805d7c4-51ca-4de1-8a64-6fcd5cbe6418",
        "x-ms-original-request-ids": [
          "14ef1155-da33-426d-bab3-c04756a48ef1",
          "466dc68a-4baf-4cec-b20b-78aebfcdeee2"
        ],
        "x-ms-ratelimit-remaining-subscription-reads": "11934",
        "x-ms-request-id": "c805d7c4-51ca-4de1-8a64-6fcd5cbe6418",
        "x-ms-routing-request-id": "SOUTHEASTASIA:20220606T114731Z:c805d7c4-51ca-4de1-8a64-6fcd5cbe6418"
      },
      "ResponseBody": {
        "value": [
          {
            "name": "testDHG-8919",
            "id": "/subscriptions/db1ab6f0-4769-4b27-930e-01e2ef9c123c/resourceGroups/TESTRG-1810/providers/Microsoft.Compute/hostGroups/testDHG-8919",
            "type": "Microsoft.Compute/hostGroups",
            "location": "westus2",
            "tags": {},
            "properties": {
              "platformFaultDomainCount": 2,
              "supportAutomaticPlacement": false
            }
          },
          {
            "name": "testDHG-5083",
            "id": "/subscriptions/db1ab6f0-4769-4b27-930e-01e2ef9c123c/resourceGroups/TESTRG-2396/providers/Microsoft.Compute/hostGroups/testDHG-5083",
            "type": "Microsoft.Compute/hostGroups",
            "location": "eastus",
            "tags": {},
            "properties": {
              "platformFaultDomainCount": 2,
              "supportAutomaticPlacement": false
            }
          },
          {
            "name": "testDHG-4679",
            "id": "/subscriptions/db1ab6f0-4769-4b27-930e-01e2ef9c123c/resourceGroups/TESTRG-3647/providers/Microsoft.Compute/hostGroups/testDHG-4679",
            "type": "Microsoft.Compute/hostGroups",
            "location": "eastus",
            "tags": {},
            "properties": {
              "platformFaultDomainCount": 2,
              "supportAutomaticPlacement": false
            }
          },
          {
            "name": "testDHG-5532",
            "id": "/subscriptions/db1ab6f0-4769-4b27-930e-01e2ef9c123c/resourceGroups/TESTRG-3647/providers/Microsoft.Compute/hostGroups/testDHG-5532",
            "type": "Microsoft.Compute/hostGroups",
            "location": "eastus",
            "tags": {},
            "properties": {
              "platformFaultDomainCount": 2,
              "supportAutomaticPlacement": false
            }
          },
          {
            "name": "testDHG-1849",
            "id": "/subscriptions/db1ab6f0-4769-4b27-930e-01e2ef9c123c/resourceGroups/TESTRG-5928/providers/Microsoft.Compute/hostGroups/testDHG-1849",
            "type": "Microsoft.Compute/hostGroups",
            "location": "eastus",
            "tags": {},
            "properties": {
              "platformFaultDomainCount": 2,
              "supportAutomaticPlacement": false
            }
          },
          {
            "name": "testDHG-2440",
            "id": "/subscriptions/db1ab6f0-4769-4b27-930e-01e2ef9c123c/resourceGroups/TESTRG-5928/providers/Microsoft.Compute/hostGroups/testDHG-2440",
            "type": "Microsoft.Compute/hostGroups",
            "location": "eastus",
            "tags": {},
            "properties": {
              "platformFaultDomainCount": 2,
              "supportAutomaticPlacement": false
            }
          },
          {
            "name": "testDHG-4948",
            "id": "/subscriptions/db1ab6f0-4769-4b27-930e-01e2ef9c123c/resourceGroups/TESTRG-6735/providers/Microsoft.Compute/hostGroups/testDHG-4948",
            "type": "Microsoft.Compute/hostGroups",
            "location": "eastus",
            "tags": {},
            "properties": {
              "platformFaultDomainCount": 2,
              "supportAutomaticPlacement": false
            }
          },
          {
            "name": "testDHG-9976",
            "id": "/subscriptions/db1ab6f0-4769-4b27-930e-01e2ef9c123c/resourceGroups/TESTRG-6754/providers/Microsoft.Compute/hostGroups/testDHG-9976",
            "type": "Microsoft.Compute/hostGroups",
            "location": "eastus",
            "tags": {},
            "properties": {
              "platformFaultDomainCount": 2,
              "supportAutomaticPlacement": false
            }
          },
          {
            "name": "testDHG-8897",
            "id": "/subscriptions/db1ab6f0-4769-4b27-930e-01e2ef9c123c/resourceGroups/TESTRG-7887/providers/Microsoft.Compute/hostGroups/testDHG-8897",
            "type": "Microsoft.Compute/hostGroups",
            "location": "eastus",
            "tags": {},
            "properties": {
              "platformFaultDomainCount": 2,
              "supportAutomaticPlacement": false
            }
          },
          {
            "name": "testDHG-9798",
            "id": "/subscriptions/db1ab6f0-4769-4b27-930e-01e2ef9c123c/resourceGroups/TESTRG-7887/providers/Microsoft.Compute/hostGroups/testDHG-9798",
            "type": "Microsoft.Compute/hostGroups",
            "location": "eastus",
            "tags": {},
            "properties": {
              "platformFaultDomainCount": 2,
              "supportAutomaticPlacement": false
            }
          },
          {
            "name": "testDHG-4342",
            "id": "/subscriptions/db1ab6f0-4769-4b27-930e-01e2ef9c123c/resourceGroups/TESTRG-928/providers/Microsoft.Compute/hostGroups/testDHG-4342",
            "type": "Microsoft.Compute/hostGroups",
            "location": "eastus",
            "tags": {},
            "properties": {
              "platformFaultDomainCount": 2,
              "supportAutomaticPlacement": false
            }
          },
          {
            "name": "testDHG-4896",
            "id": "/subscriptions/db1ab6f0-4769-4b27-930e-01e2ef9c123c/resourceGroups/TESTRG-928/providers/Microsoft.Compute/hostGroups/testDHG-4896",
            "type": "Microsoft.Compute/hostGroups",
            "location": "eastus",
            "tags": {},
            "properties": {
              "platformFaultDomainCount": 2,
              "supportAutomaticPlacement": false
            }
          }
        ]
      }
    }
  ],
  "Variables": {
    "RandomSeed": "1479484265",
    "RESOURCE_MANAGER_URL": null,
    "SUBSCRIPTION_ID": "db1ab6f0-4769-4b27-930e-01e2ef9c123c"
  }
}
