{
  "Entries": [
    {
      "RequestUri": "/subscriptions/2cac2a14-ba6b-46a6-bce8-2d9781a41ba2/providers/Microsoft.NotificationHubs/checkNamespaceAvailability?api-version=2017-04-01",
      "EncodedRequestUri": "L3N1YnNjcmlwdGlvbnMvMmNhYzJhMTQtYmE2Yi00NmE2LWJjZTgtMmQ5NzgxYTQxYmEyL3Byb3ZpZGVycy9NaWNyb3NvZnQuTm90aWZpY2F0aW9uSHVicy9jaGVja05hbWVzcGFjZUF2YWlsYWJpbGl0eT9hcGktdmVyc2lvbj0yMDE3LTA0LTAx",
      "RequestMethod": "POST",
      "RequestBody": "{\r\n  \"name\": \"HydraNH-Namespace8748\",\r\n  \"location\": \"South Central US\"\r\n}",
      "RequestHeaders": {
        "Content-Type": [
          "application/json; charset=utf-8"
        ],
        "Content-Length": [
          "74"
        ],
        "x-ms-client-request-id": [
          "3907d27c-48ae-4f13-9720-2e8678ef2701"
        ],
        "accept-language": [
          "en-US"
        ],
        "User-Agent": [
          "FxVersion/4.6.25009.03",
          "Microsoft.Azure.Management.NotificationHubs.NotificationHubsManagementClient/2.2.0.0"
        ]
      },
      "ResponseBody": "{\r\n  \"isAvailiable\": true,\r\n  \"id\": \"/subscriptions/2cac2a14-ba6b-46a6-bce8-2d9781a41ba2/providers/Microsoft.NotificationHubs/checkNamespaceAvailability\",\r\n  \"name\": \"HydraNH-Namespace8748\",\r\n  \"type\": \"Microsoft.NotificationHubs/namespaces/checkNamespaceAvailability\",\r\n  \"location\": null,\r\n  \"tags\": null,\r\n  \"properties\": true\r\n}",
      "ResponseHeaders": {
        "Content-Type": [
          "application/json; charset=utf-8"
        ],
        "Expires": [
          "-1"
        ],
        "Cache-Control": [
          "no-cache"
        ],
        "Date": [
          "Fri, 05 May 2017 23:53:49 GMT"
        ],
        "Pragma": [
          "no-cache"
        ],
        "Transfer-Encoding": [
          "chunked"
        ],
        "Server": [
          "Service-Bus-Resource-Provider/SN1",
          "Microsoft-HTTPAPI/2.0"
        ],
        "Vary": [
          "Accept-Encoding"
        ],
        "x-ms-request-id": [
          "b1d9d1f9-c78b-4aa0-aa60-db75828b038b_M4_M4"
        ],
        "Server-SB": [
          "Service-Bus-Resource-Provider/SN1"
        ],
        "x-ms-ratelimit-remaining-subscription-writes": [
          "1199"
        ],
        "x-ms-correlation-request-id": [
          "b0aedd33-5956-46db-887d-a6b0572e7626"
        ],
        "x-ms-routing-request-id": [
          "WESTUS:20170505T235350Z:b0aedd33-5956-46db-887d-a6b0572e7626"
        ],
        "Strict-Transport-Security": [
          "max-age=31536000; includeSubDomains"
        ]
      },
      "StatusCode": 200
    },
    {
      "RequestUri": "/subscriptions/2cac2a14-ba6b-46a6-bce8-2d9781a41ba2/resourcegroups?api-version=2015-11-01",
      "EncodedRequestUri": "L3N1YnNjcmlwdGlvbnMvMmNhYzJhMTQtYmE2Yi00NmE2LWJjZTgtMmQ5NzgxYTQxYmEyL3Jlc291cmNlZ3JvdXBzP2FwaS12ZXJzaW9uPTIwMTUtMTEtMDE=",
      "RequestMethod": "GET",
      "RequestBody": "",
      "RequestHeaders": {
        "x-ms-client-request-id": [
          "808e9ab2-1c5d-49a6-840c-39b7f24114a6"
        ],
        "accept-language": [
          "en-US"
        ],
        "User-Agent": [
          "FxVersion/4.6.25009.03",
          "Microsoft.Azure.Management.Resources.ResourceManagementClient/1.0.0.0"
        ]
      },
      "ResponseBody": "{\r\n  \"value\": [\r\n    {\r\n      \"id\": \"/subscriptions/2cac2a14-ba6b-46a6-bce8-2d9781a41ba2/resourceGroups/abc\",\r\n      \"name\": \"abc\",\r\n      \"location\": \"southcentralus\",\r\n      \"properties\": {\r\n        \"provisioningState\": \"Succeeded\"\r\n      }\r\n    },\r\n    {\r\n      \"id\": \"/subscriptions/2cac2a14-ba6b-46a6-bce8-2d9781a41ba2/resourceGroups/aiman\",\r\n      \"name\": \"aiman\",\r\n      \"location\": \"eastus\",\r\n      \"properties\": {\r\n        \"provisioningState\": \"Succeeded\"\r\n      }\r\n    },\r\n    {\r\n      \"id\": \"/subscriptions/2cac2a14-ba6b-46a6-bce8-2d9781a41ba2/resourceGroups/alertingtemplaterg\",\r\n      \"name\": \"alertingtemplaterg\",\r\n      \"location\": \"eastus\",\r\n      \"properties\": {\r\n        \"provisioningState\": \"Succeeded\"\r\n      }\r\n    },\r\n    {\r\n      \"id\": \"/subscriptions/2cac2a14-ba6b-46a6-bce8-2d9781a41ba2/resourceGroups/AnkurTrialVMScaleSet-RG\",\r\n      \"name\": \"AnkurTrialVMScaleSet-RG\",\r\n      \"location\": \"eastus\",\r\n      \"properties\": {\r\n        \"provisioningState\": \"Succeeded\"\r\n      }\r\n    },\r\n    {\r\n      \"id\": \"/subscriptions/2cac2a14-ba6b-46a6-bce8-2d9781a41ba2/resourceGroups/ankurwestus\",\r\n      \"name\": \"ankurwestus\",\r\n      \"location\": \"westus\",\r\n      \"properties\": {\r\n        \"provisioningState\": \"Succeeded\"\r\n      }\r\n    },\r\n    {\r\n      \"id\": \"/subscriptions/2cac2a14-ba6b-46a6-bce8-2d9781a41ba2/resourceGroups/Default-Networking\",\r\n      \"name\": \"Default-Networking\",\r\n      \"location\": \"southcentralus\",\r\n      \"properties\": {\r\n        \"provisioningState\": \"Succeeded\"\r\n      }\r\n    },\r\n    {\r\n      \"id\": \"/subscriptions/2cac2a14-ba6b-46a6-bce8-2d9781a41ba2/resourceGroups/Default-NotificationHubs-BrazilSouth\",\r\n      \"name\": \"Default-NotificationHubs-BrazilSouth\",\r\n      \"location\": \"brazilsouth\",\r\n      \"properties\": {\r\n        \"provisioningState\": \"Succeeded\"\r\n      }\r\n    },\r\n    {\r\n      \"id\": \"/subscriptions/2cac2a14-ba6b-46a6-bce8-2d9781a41ba2/resourceGroups/Default-NotificationHubs-CentralUS\",\r\n      \"name\": \"Default-NotificationHubs-CentralUS\",\r\n      \"location\": \"centralus\",\r\n      \"properties\": {\r\n        \"provisioningState\": \"Succeeded\"\r\n      }\r\n    },\r\n    {\r\n      \"id\": \"/subscriptions/2cac2a14-ba6b-46a6-bce8-2d9781a41ba2/resourceGroups/Default-NotificationHubs-EastAsia\",\r\n      \"name\": \"Default-NotificationHubs-EastAsia\",\r\n      \"location\": \"eastasia\",\r\n      \"properties\": {\r\n        \"provisioningState\": \"Succeeded\"\r\n      }\r\n    },\r\n    {\r\n      \"id\": \"/subscriptions/2cac2a14-ba6b-46a6-bce8-2d9781a41ba2/resourceGroups/Default-NotificationHubs-EastUS\",\r\n      \"name\": \"Default-NotificationHubs-EastUS\",\r\n      \"location\": \"eastus\",\r\n      \"properties\": {\r\n        \"provisioningState\": \"Succeeded\"\r\n      }\r\n    },\r\n    {\r\n      \"id\": \"/subscriptions/2cac2a14-ba6b-46a6-bce8-2d9781a41ba2/resourceGroups/Default-NotificationHubs-JapanEast\",\r\n      \"name\": \"Default-NotificationHubs-JapanEast\",\r\n      \"location\": \"japaneast\",\r\n      \"properties\": {\r\n        \"provisioningState\": \"Succeeded\"\r\n      }\r\n    },\r\n    {\r\n      \"id\": \"/subscriptions/2cac2a14-ba6b-46a6-bce8-2d9781a41ba2/resourceGroups/Default-NotificationHubs-NorthEurope\",\r\n      \"name\": \"Default-NotificationHubs-NorthEurope\",\r\n      \"location\": \"northeurope\",\r\n      \"properties\": {\r\n        \"provisioningState\": \"Succeeded\"\r\n      }\r\n    },\r\n    {\r\n      \"id\": \"/subscriptions/2cac2a14-ba6b-46a6-bce8-2d9781a41ba2/resourceGroups/Default-NotificationHubs-SouthCentralUS\",\r\n      \"name\": \"Default-NotificationHubs-SouthCentralUS\",\r\n      \"location\": \"southcentralus\",\r\n      \"properties\": {\r\n        \"provisioningState\": \"Succeeded\"\r\n      }\r\n    },\r\n    {\r\n      \"id\": \"/subscriptions/2cac2a14-ba6b-46a6-bce8-2d9781a41ba2/resourceGroups/Default-NotificationHubs-SoutheastAsia\",\r\n      \"name\": \"Default-NotificationHubs-SoutheastAsia\",\r\n      \"location\": \"southeastasia\",\r\n      \"properties\": {\r\n        \"provisioningState\": \"Succeeded\"\r\n      }\r\n    },\r\n    {\r\n      \"id\": \"/subscriptions/2cac2a14-ba6b-46a6-bce8-2d9781a41ba2/resourceGroups/Default-NotificationHubs-WestUS\",\r\n      \"name\": \"Default-NotificationHubs-WestUS\",\r\n      \"location\": \"westus\",\r\n      \"properties\": {\r\n        \"provisioningState\": \"Succeeded\"\r\n      }\r\n    },\r\n    {\r\n      \"id\": \"/subscriptions/2cac2a14-ba6b-46a6-bce8-2d9781a41ba2/resourceGroups/Default-ServiceBus-CentralUS\",\r\n      \"name\": \"Default-ServiceBus-CentralUS\",\r\n      \"location\": \"centralus\",\r\n      \"properties\": {\r\n        \"provisioningState\": \"Succeeded\"\r\n      }\r\n    },\r\n    {\r\n      \"id\": \"/subscriptions/2cac2a14-ba6b-46a6-bce8-2d9781a41ba2/resourceGroups/Default-ServiceBus-JapanEast\",\r\n      \"name\": \"Default-ServiceBus-JapanEast\",\r\n      \"location\": \"japaneast\",\r\n      \"properties\": {\r\n        \"provisioningState\": \"Succeeded\"\r\n      }\r\n    },\r\n    {\r\n      \"id\": \"/subscriptions/2cac2a14-ba6b-46a6-bce8-2d9781a41ba2/resourceGroups/Default-ServiceBus-NorthEurope\",\r\n      \"name\": \"Default-ServiceBus-NorthEurope\",\r\n      \"location\": \"northeurope\",\r\n      \"properties\": {\r\n        \"provisioningState\": \"Succeeded\"\r\n      }\r\n    },\r\n    {\r\n      \"id\": \"/subscriptions/2cac2a14-ba6b-46a6-bce8-2d9781a41ba2/resourceGroups/Default-ServiceBus-SouthCentralUS\",\r\n      \"name\": \"Default-ServiceBus-SouthCentralUS\",\r\n      \"location\": \"southcentralus\",\r\n      \"properties\": {\r\n        \"provisioningState\": \"Succeeded\"\r\n      }\r\n    },\r\n    {\r\n      \"id\": \"/subscriptions/2cac2a14-ba6b-46a6-bce8-2d9781a41ba2/resourceGroups/Default-ServiceBus-WestUS\",\r\n      \"name\": \"Default-ServiceBus-WestUS\",\r\n      \"location\": \"westus\",\r\n      \"properties\": {\r\n        \"provisioningState\": \"Succeeded\"\r\n      }\r\n    },\r\n    {\r\n      \"id\": \"/subscriptions/2cac2a14-ba6b-46a6-bce8-2d9781a41ba2/resourceGroups/Default-SQL-EastUS\",\r\n      \"name\": \"Default-SQL-EastUS\",\r\n      \"location\": \"eastus\",\r\n      \"properties\": {\r\n        \"provisioningState\": \"Succeeded\"\r\n      }\r\n    },\r\n    {\r\n      \"id\": \"/subscriptions/2cac2a14-ba6b-46a6-bce8-2d9781a41ba2/resourceGroups/Default-SQL-EastUS2\",\r\n      \"name\": \"Default-SQL-EastUS2\",\r\n      \"location\": \"southcentralus\",\r\n      \"properties\": {\r\n        \"provisioningState\": \"Succeeded\"\r\n      }\r\n    },\r\n    {\r\n      \"id\": \"/subscriptions/2cac2a14-ba6b-46a6-bce8-2d9781a41ba2/resourceGroups/Default-SQL-NorthCentralUS\",\r\n      \"name\": \"Default-SQL-NorthCentralUS\",\r\n      \"location\": \"northcentralus\",\r\n      \"properties\": {\r\n        \"provisioningState\": \"Succeeded\"\r\n      }\r\n    },\r\n    {\r\n      \"id\": \"/subscriptions/2cac2a14-ba6b-46a6-bce8-2d9781a41ba2/resourceGroups/Default-SQL-NorthEurope\",\r\n      \"name\": \"Default-SQL-NorthEurope\",\r\n      \"location\": \"northeurope\",\r\n      \"properties\": {\r\n        \"provisioningState\": \"Succeeded\"\r\n      }\r\n    },\r\n    {\r\n      \"id\": \"/subscriptions/2cac2a14-ba6b-46a6-bce8-2d9781a41ba2/resourceGroups/Default-SQL-SouthCentralUS\",\r\n      \"name\": \"Default-SQL-SouthCentralUS\",\r\n      \"location\": \"southcentralus\",\r\n      \"properties\": {\r\n        \"provisioningState\": \"Succeeded\"\r\n      }\r\n    },\r\n    {\r\n      \"id\": \"/subscriptions/2cac2a14-ba6b-46a6-bce8-2d9781a41ba2/resourceGroups/Default-SQL-WestUS\",\r\n      \"name\": \"Default-SQL-WestUS\",\r\n      \"location\": \"westus\",\r\n      \"properties\": {\r\n        \"provisioningState\": \"Succeeded\"\r\n      }\r\n    },\r\n    {\r\n      \"id\": \"/subscriptions/2cac2a14-ba6b-46a6-bce8-2d9781a41ba2/resourceGroups/Default-Storage-CentralUS\",\r\n      \"name\": \"Default-Storage-CentralUS\",\r\n      \"location\": \"centralus\",\r\n      \"properties\": {\r\n        \"provisioningState\": \"Succeeded\"\r\n      }\r\n    },\r\n    {\r\n      \"id\": \"/subscriptions/2cac2a14-ba6b-46a6-bce8-2d9781a41ba2/resourceGroups/Default-Storage-EastUS\",\r\n      \"name\": \"Default-Storage-EastUS\",\r\n      \"location\": \"eastus\",\r\n      \"properties\": {\r\n        \"provisioningState\": \"Succeeded\"\r\n      }\r\n    },\r\n    {\r\n      \"id\": \"/subscriptions/2cac2a14-ba6b-46a6-bce8-2d9781a41ba2/resourceGroups/Default-Storage-EastUS2\",\r\n      \"name\": \"Default-Storage-EastUS2\",\r\n      \"location\": \"southcentralus\",\r\n      \"properties\": {\r\n        \"provisioningState\": \"Succeeded\"\r\n      }\r\n    },\r\n    {\r\n      \"id\": \"/subscriptions/2cac2a14-ba6b-46a6-bce8-2d9781a41ba2/resourceGroups/Default-Storage-NorthEurope\",\r\n      \"name\": \"Default-Storage-NorthEurope\",\r\n      \"location\": \"northeurope\",\r\n      \"properties\": {\r\n        \"provisioningState\": \"Succeeded\"\r\n      }\r\n    },\r\n    {\r\n      \"id\": \"/subscriptions/2cac2a14-ba6b-46a6-bce8-2d9781a41ba2/resourceGroups/Default-Storage-SouthCentralUS\",\r\n      \"name\": \"Default-Storage-SouthCentralUS\",\r\n      \"location\": \"southcentralus\",\r\n      \"properties\": {\r\n        \"provisioningState\": \"Succeeded\"\r\n      }\r\n    },\r\n    {\r\n      \"id\": \"/subscriptions/2cac2a14-ba6b-46a6-bce8-2d9781a41ba2/resourceGroups/Default-Storage-WestUS\",\r\n      \"name\": \"Default-Storage-WestUS\",\r\n      \"location\": \"westus\",\r\n      \"properties\": {\r\n        \"provisioningState\": \"Succeeded\"\r\n      }\r\n    },\r\n    {\r\n      \"id\": \"/subscriptions/2cac2a14-ba6b-46a6-bce8-2d9781a41ba2/resourceGroups/dl-nh-cit2\",\r\n      \"name\": \"dl-nh-cit2\",\r\n      \"location\": \"westus\",\r\n      \"properties\": {\r\n        \"provisioningState\": \"Succeeded\"\r\n      }\r\n    },\r\n    {\r\n      \"id\": \"/subscriptions/2cac2a14-ba6b-46a6-bce8-2d9781a41ba2/resourceGroups/dl-nh-cit3\",\r\n      \"name\": \"dl-nh-cit3\",\r\n      \"location\": \"westus\",\r\n      \"properties\": {\r\n        \"provisioningState\": \"Succeeded\"\r\n      }\r\n    },\r\n    {\r\n      \"id\": \"/subscriptions/2cac2a14-ba6b-46a6-bce8-2d9781a41ba2/resourceGroups/dmpypin-west-india\",\r\n      \"name\": \"dmpypin-west-india\",\r\n      \"location\": \"westindia\",\r\n      \"properties\": {\r\n        \"provisioningState\": \"Succeeded\"\r\n      }\r\n    },\r\n    {\r\n      \"id\": \"/subscriptions/2cac2a14-ba6b-46a6-bce8-2d9781a41ba2/resourceGroups/docdb\",\r\n      \"name\": \"docdb\",\r\n      \"location\": \"westus\",\r\n      \"properties\": {\r\n        \"provisioningState\": \"Succeeded\"\r\n      }\r\n    },\r\n    {\r\n      \"id\": \"/subscriptions/2cac2a14-ba6b-46a6-bce8-2d9781a41ba2/resourceGroups/INT7-BN3-001\",\r\n      \"name\": \"INT7-BN3-001\",\r\n      \"location\": \"eastus2\",\r\n      \"properties\": {\r\n        \"provisioningState\": \"Succeeded\"\r\n      }\r\n    },\r\n    {\r\n      \"id\": \"/subscriptions/2cac2a14-ba6b-46a6-bce8-2d9781a41ba2/resourceGroups/INT7-DB3-011\",\r\n      \"name\": \"INT7-DB3-011\",\r\n      \"location\": \"northeurope\",\r\n      \"properties\": {\r\n        \"provisioningState\": \"Succeeded\"\r\n      }\r\n    },\r\n    {\r\n      \"id\": \"/subscriptions/2cac2a14-ba6b-46a6-bce8-2d9781a41ba2/resourceGroups/INT7-SN1-001\",\r\n      \"name\": \"INT7-SN1-001\",\r\n      \"location\": \"southcentralus\",\r\n      \"properties\": {\r\n        \"provisioningState\": \"Succeeded\"\r\n      }\r\n    },\r\n    {\r\n      \"id\": \"/subscriptions/2cac2a14-ba6b-46a6-bce8-2d9781a41ba2/resourceGroups/INT7-SN1-003\",\r\n      \"name\": \"INT7-SN1-003\",\r\n      \"location\": \"southcentralus\",\r\n      \"properties\": {\r\n        \"provisioningState\": \"Succeeded\"\r\n      }\r\n    },\r\n    {\r\n      \"id\": \"/subscriptions/2cac2a14-ba6b-46a6-bce8-2d9781a41ba2/resourceGroups/INT7-SN1-008\",\r\n      \"name\": \"INT7-SN1-008\",\r\n      \"location\": \"southcentralus\",\r\n      \"properties\": {\r\n        \"provisioningState\": \"Succeeded\"\r\n      }\r\n    },\r\n    {\r\n      \"id\": \"/subscriptions/2cac2a14-ba6b-46a6-bce8-2d9781a41ba2/resourceGroups/INT7-SN1-012\",\r\n      \"name\": \"INT7-SN1-012\",\r\n      \"location\": \"southcentralus\",\r\n      \"properties\": {\r\n        \"provisioningState\": \"Succeeded\"\r\n      }\r\n    },\r\n    {\r\n      \"id\": \"/subscriptions/2cac2a14-ba6b-46a6-bce8-2d9781a41ba2/resourceGroups/INT7-SN1-0122\",\r\n      \"name\": \"INT7-SN1-0122\",\r\n      \"location\": \"southcentralus\",\r\n      \"properties\": {\r\n        \"provisioningState\": \"Succeeded\"\r\n      }\r\n    },\r\n    {\r\n      \"id\": \"/subscriptions/2cac2a14-ba6b-46a6-bce8-2d9781a41ba2/resourceGroups/INT7-SN1-013\",\r\n      \"name\": \"INT7-SN1-013\",\r\n      \"location\": \"southcentralus\",\r\n      \"properties\": {\r\n        \"provisioningState\": \"Succeeded\"\r\n      }\r\n    },\r\n    {\r\n      \"id\": \"/subscriptions/2cac2a14-ba6b-46a6-bce8-2d9781a41ba2/resourceGroups/INT7-SN1-014\",\r\n      \"name\": \"INT7-SN1-014\",\r\n      \"location\": \"southcentralus\",\r\n      \"properties\": {\r\n        \"provisioningState\": \"Succeeded\"\r\n      }\r\n    },\r\n    {\r\n      \"id\": \"/subscriptions/2cac2a14-ba6b-46a6-bce8-2d9781a41ba2/resourceGroups/INT7-SN1-015\",\r\n      \"name\": \"INT7-SN1-015\",\r\n      \"location\": \"southcentralus\",\r\n      \"properties\": {\r\n        \"provisioningState\": \"Succeeded\"\r\n      }\r\n    },\r\n    {\r\n      \"id\": \"/subscriptions/2cac2a14-ba6b-46a6-bce8-2d9781a41ba2/resourceGroups/New_Resource_Group\",\r\n      \"name\": \"New_Resource_Group\",\r\n      \"location\": \"westus\",\r\n      \"properties\": {\r\n        \"provisioningState\": \"Succeeded\"\r\n      }\r\n    },\r\n    {\r\n      \"id\": \"/subscriptions/2cac2a14-ba6b-46a6-bce8-2d9781a41ba2/resourceGroups/New_Resource_Group-1\",\r\n      \"name\": \"New_Resource_Group-1\",\r\n      \"location\": \"westus\",\r\n      \"properties\": {\r\n        \"provisioningState\": \"Succeeded\"\r\n      }\r\n    },\r\n    {\r\n      \"id\": \"/subscriptions/2cac2a14-ba6b-46a6-bce8-2d9781a41ba2/resourceGroups/New_Resource_Group-2\",\r\n      \"name\": \"New_Resource_Group-2\",\r\n      \"location\": \"westus\",\r\n      \"properties\": {\r\n        \"provisioningState\": \"Succeeded\"\r\n      }\r\n    },\r\n    {\r\n      \"id\": \"/subscriptions/2cac2a14-ba6b-46a6-bce8-2d9781a41ba2/resourceGroups/nh-int7-bn3-002\",\r\n      \"name\": \"nh-int7-bn3-002\",\r\n      \"location\": \"eastus\",\r\n      \"properties\": {\r\n        \"provisioningState\": \"Succeeded\"\r\n      }\r\n    },\r\n    {\r\n      \"id\": \"/subscriptions/2cac2a14-ba6b-46a6-bce8-2d9781a41ba2/resourceGroups/nh-int7-bn3-004\",\r\n      \"name\": \"nh-int7-bn3-004\",\r\n      \"location\": \"southcentralus\",\r\n      \"properties\": {\r\n        \"provisioningState\": \"Succeeded\"\r\n      }\r\n    },\r\n    {\r\n      \"id\": \"/subscriptions/2cac2a14-ba6b-46a6-bce8-2d9781a41ba2/resourceGroups/nh-int7-sn1-001\",\r\n      \"name\": \"nh-int7-sn1-001\",\r\n      \"location\": \"southcentralus\",\r\n      \"properties\": {\r\n        \"provisioningState\": \"Succeeded\"\r\n      }\r\n    },\r\n    {\r\n      \"id\": \"/subscriptions/2cac2a14-ba6b-46a6-bce8-2d9781a41ba2/resourceGroups/nh-int7-sn1-002\",\r\n      \"name\": \"nh-int7-sn1-002\",\r\n      \"location\": \"southcentralus\",\r\n      \"properties\": {\r\n        \"provisioningState\": \"Succeeded\"\r\n      }\r\n    },\r\n    {\r\n      \"id\": \"/subscriptions/2cac2a14-ba6b-46a6-bce8-2d9781a41ba2/resourceGroups/nh-int7-sn1-003\",\r\n      \"name\": \"nh-int7-sn1-003\",\r\n      \"location\": \"southcentralus\",\r\n      \"properties\": {\r\n        \"provisioningState\": \"Succeeded\"\r\n      }\r\n    },\r\n    {\r\n      \"id\": \"/subscriptions/2cac2a14-ba6b-46a6-bce8-2d9781a41ba2/resourceGroups/nh-int7-sn1-006\",\r\n      \"name\": \"nh-int7-sn1-006\",\r\n      \"location\": \"southcentralus\",\r\n      \"properties\": {\r\n        \"provisioningState\": \"Succeeded\"\r\n      }\r\n    },\r\n    {\r\n      \"id\": \"/subscriptions/2cac2a14-ba6b-46a6-bce8-2d9781a41ba2/resourceGroups/nh-int7-sn1-008\",\r\n      \"name\": \"nh-int7-sn1-008\",\r\n      \"location\": \"southcentralus\",\r\n      \"properties\": {\r\n        \"provisioningState\": \"Succeeded\"\r\n      }\r\n    },\r\n    {\r\n      \"id\": \"/subscriptions/2cac2a14-ba6b-46a6-bce8-2d9781a41ba2/resourceGroups/nh-int7-sn1-009\",\r\n      \"name\": \"nh-int7-sn1-009\",\r\n      \"location\": \"southcentralus\",\r\n      \"properties\": {\r\n        \"provisioningState\": \"Succeeded\"\r\n      }\r\n    },\r\n    {\r\n      \"id\": \"/subscriptions/2cac2a14-ba6b-46a6-bce8-2d9781a41ba2/resourceGroups/nh-int7-sn1-012\",\r\n      \"name\": \"nh-int7-sn1-012\",\r\n      \"location\": \"southcentralus\",\r\n      \"properties\": {\r\n        \"provisioningState\": \"Succeeded\"\r\n      }\r\n    },\r\n    {\r\n      \"id\": \"/subscriptions/2cac2a14-ba6b-46a6-bce8-2d9781a41ba2/resourceGroups/nh-int7-sn1-013\",\r\n      \"name\": \"nh-int7-sn1-013\",\r\n      \"location\": \"southcentralus\",\r\n      \"properties\": {\r\n        \"provisioningState\": \"Succeeded\"\r\n      }\r\n    },\r\n    {\r\n      \"id\": \"/subscriptions/2cac2a14-ba6b-46a6-bce8-2d9781a41ba2/resourceGroups/nh-int7-sn1-014\",\r\n      \"name\": \"nh-int7-sn1-014\",\r\n      \"location\": \"southcentralus\",\r\n      \"properties\": {\r\n        \"provisioningState\": \"Succeeded\"\r\n      }\r\n    },\r\n    {\r\n      \"id\": \"/subscriptions/2cac2a14-ba6b-46a6-bce8-2d9781a41ba2/resourceGroups/nh-int7-sn1-015\",\r\n      \"name\": \"nh-int7-sn1-015\",\r\n      \"location\": \"southcentralus\",\r\n      \"properties\": {\r\n        \"provisioningState\": \"Succeeded\"\r\n      }\r\n    },\r\n    {\r\n      \"id\": \"/subscriptions/2cac2a14-ba6b-46a6-bce8-2d9781a41ba2/resourceGroups/NH_DocumentDbResourceGroup\",\r\n      \"name\": \"NH_DocumentDbResourceGroup\",\r\n      \"location\": \"southcentralus\",\r\n      \"properties\": {\r\n        \"provisioningState\": \"Succeeded\"\r\n      }\r\n    },\r\n    {\r\n      \"id\": \"/subscriptions/2cac2a14-ba6b-46a6-bce8-2d9781a41ba2/resourceGroups/nhcogs0\",\r\n      \"name\": \"nhcogs0\",\r\n      \"location\": \"southcentralus\",\r\n      \"properties\": {\r\n        \"provisioningState\": \"Succeeded\"\r\n      }\r\n    },\r\n    {\r\n      \"id\": \"/subscriptions/2cac2a14-ba6b-46a6-bce8-2d9781a41ba2/resourceGroups/nhcogs1\",\r\n      \"name\": \"nhcogs1\",\r\n      \"location\": \"southcentralus\",\r\n      \"properties\": {\r\n        \"provisioningState\": \"Succeeded\"\r\n      }\r\n    },\r\n    {\r\n      \"id\": \"/subscriptions/2cac2a14-ba6b-46a6-bce8-2d9781a41ba2/resourceGroups/nhcogs2\",\r\n      \"name\": \"nhcogs2\",\r\n      \"location\": \"southcentralus\",\r\n      \"properties\": {\r\n        \"provisioningState\": \"Succeeded\"\r\n      }\r\n    },\r\n    {\r\n      \"id\": \"/subscriptions/2cac2a14-ba6b-46a6-bce8-2d9781a41ba2/resourceGroups/nhcogs3\",\r\n      \"name\": \"nhcogs3\",\r\n      \"location\": \"southcentralus\",\r\n      \"properties\": {\r\n        \"provisioningState\": \"Succeeded\"\r\n      }\r\n    },\r\n    {\r\n      \"id\": \"/subscriptions/2cac2a14-ba6b-46a6-bce8-2d9781a41ba2/resourceGroups/nhcogs4\",\r\n      \"name\": \"nhcogs4\",\r\n      \"location\": \"southcentralus\",\r\n      \"properties\": {\r\n        \"provisioningState\": \"Succeeded\"\r\n      }\r\n    },\r\n    {\r\n      \"id\": \"/subscriptions/2cac2a14-ba6b-46a6-bce8-2d9781a41ba2/resourceGroups/nhcogs5\",\r\n      \"name\": \"nhcogs5\",\r\n      \"location\": \"southcentralus\",\r\n      \"properties\": {\r\n        \"provisioningState\": \"Succeeded\"\r\n      }\r\n    },\r\n    {\r\n      \"id\": \"/subscriptions/2cac2a14-ba6b-46a6-bce8-2d9781a41ba2/resourceGroups/nhie-int7-sn1-001\",\r\n      \"name\": \"nhie-int7-sn1-001\",\r\n      \"location\": \"southcentralus\",\r\n      \"properties\": {\r\n        \"provisioningState\": \"Succeeded\"\r\n      }\r\n    },\r\n    {\r\n      \"id\": \"/subscriptions/2cac2a14-ba6b-46a6-bce8-2d9781a41ba2/resourceGroups/OaaSCSL7RP3OAMZ4BN5DCKEA25GOMJ7Y7S3OOT7KLTRNHPKYRN65GHNLNA-East-US\",\r\n      \"name\": \"OaaSCSL7RP3OAMZ4BN5DCKEA25GOMJ7Y7S3OOT7KLTRNHPKYRN65GHNLNA-East-US\",\r\n      \"location\": \"eastus2\",\r\n      \"properties\": {\r\n        \"provisioningState\": \"Succeeded\"\r\n      }\r\n    },\r\n    {\r\n      \"id\": \"/subscriptions/2cac2a14-ba6b-46a6-bce8-2d9781a41ba2/resourceGroups/RGName-onesdk157\",\r\n      \"name\": \"RGName-onesdk157\",\r\n      \"location\": \"southcentralus\",\r\n      \"properties\": {\r\n        \"provisioningState\": \"Succeeded\"\r\n      }\r\n    },\r\n    {\r\n      \"id\": \"/subscriptions/2cac2a14-ba6b-46a6-bce8-2d9781a41ba2/resourceGroups/RGName-onesdk2190\",\r\n      \"name\": \"RGName-onesdk2190\",\r\n      \"location\": \"southcentralus\",\r\n      \"properties\": {\r\n        \"provisioningState\": \"Succeeded\"\r\n      }\r\n    },\r\n    {\r\n      \"id\": \"/subscriptions/2cac2a14-ba6b-46a6-bce8-2d9781a41ba2/resourceGroups/RGName-onesdk4038\",\r\n      \"name\": \"RGName-onesdk4038\",\r\n      \"location\": \"southcentralus\",\r\n      \"properties\": {\r\n        \"provisioningState\": \"Succeeded\"\r\n      }\r\n    },\r\n    {\r\n      \"id\": \"/subscriptions/2cac2a14-ba6b-46a6-bce8-2d9781a41ba2/resourceGroups/RGName-onesdk4040\",\r\n      \"name\": \"RGName-onesdk4040\",\r\n      \"location\": \"southcentralus\",\r\n      \"properties\": {\r\n        \"provisioningState\": \"Succeeded\"\r\n      }\r\n    },\r\n    {\r\n      \"id\": \"/subscriptions/2cac2a14-ba6b-46a6-bce8-2d9781a41ba2/resourceGroups/RGName-onesdk4071\",\r\n      \"name\": \"RGName-onesdk4071\",\r\n      \"location\": \"southcentralus\",\r\n      \"properties\": {\r\n        \"provisioningState\": \"Succeeded\"\r\n      }\r\n    },\r\n    {\r\n      \"id\": \"/subscriptions/2cac2a14-ba6b-46a6-bce8-2d9781a41ba2/resourceGroups/RGName-onesdk425\",\r\n      \"name\": \"RGName-onesdk425\",\r\n      \"location\": \"southcentralus\",\r\n      \"properties\": {\r\n        \"provisioningState\": \"Succeeded\"\r\n      }\r\n    },\r\n    {\r\n      \"id\": \"/subscriptions/2cac2a14-ba6b-46a6-bce8-2d9781a41ba2/resourceGroups/RGName-onesdk4821\",\r\n      \"name\": \"RGName-onesdk4821\",\r\n      \"location\": \"southcentralus\",\r\n      \"properties\": {\r\n        \"provisioningState\": \"Succeeded\"\r\n      }\r\n    },\r\n    {\r\n      \"id\": \"/subscriptions/2cac2a14-ba6b-46a6-bce8-2d9781a41ba2/resourceGroups/RGName-onesdk4831\",\r\n      \"name\": \"RGName-onesdk4831\",\r\n      \"location\": \"southcentralus\",\r\n      \"properties\": {\r\n        \"provisioningState\": \"Succeeded\"\r\n      }\r\n    },\r\n    {\r\n      \"id\": \"/subscriptions/2cac2a14-ba6b-46a6-bce8-2d9781a41ba2/resourceGroups/RGName-onesdk4941\",\r\n      \"name\": \"RGName-onesdk4941\",\r\n      \"location\": \"southcentralus\",\r\n      \"properties\": {\r\n        \"provisioningState\": \"Succeeded\"\r\n      }\r\n    },\r\n    {\r\n      \"id\": \"/subscriptions/2cac2a14-ba6b-46a6-bce8-2d9781a41ba2/resourceGroups/RGName-onesdk5498\",\r\n      \"name\": \"RGName-onesdk5498\",\r\n      \"location\": \"southcentralus\",\r\n      \"properties\": {\r\n        \"provisioningState\": \"Succeeded\"\r\n      }\r\n    },\r\n    {\r\n      \"id\": \"/subscriptions/2cac2a14-ba6b-46a6-bce8-2d9781a41ba2/resourceGroups/RGName-onesdk6808\",\r\n      \"name\": \"RGName-onesdk6808\",\r\n      \"location\": \"southcentralus\",\r\n      \"properties\": {\r\n        \"provisioningState\": \"Succeeded\"\r\n      }\r\n    },\r\n    {\r\n      \"id\": \"/subscriptions/2cac2a14-ba6b-46a6-bce8-2d9781a41ba2/resourceGroups/RGName-onesdk6942\",\r\n      \"name\": \"RGName-onesdk6942\",\r\n      \"location\": \"southcentralus\",\r\n      \"properties\": {\r\n        \"provisioningState\": \"Succeeded\"\r\n      }\r\n    },\r\n    {\r\n      \"id\": \"/subscriptions/2cac2a14-ba6b-46a6-bce8-2d9781a41ba2/resourceGroups/RGName-onesdk7458\",\r\n      \"name\": \"RGName-onesdk7458\",\r\n      \"location\": \"southcentralus\",\r\n      \"properties\": {\r\n        \"provisioningState\": \"Succeeded\"\r\n      }\r\n    },\r\n    {\r\n      \"id\": \"/subscriptions/2cac2a14-ba6b-46a6-bce8-2d9781a41ba2/resourceGroups/RGName-onesdk9340\",\r\n      \"name\": \"RGName-onesdk9340\",\r\n      \"location\": \"southcentralus\",\r\n      \"properties\": {\r\n        \"provisioningState\": \"Succeeded\"\r\n      }\r\n    },\r\n    {\r\n      \"id\": \"/subscriptions/2cac2a14-ba6b-46a6-bce8-2d9781a41ba2/resourceGroups/RGName-onesdk9831\",\r\n      \"name\": \"RGName-onesdk9831\",\r\n      \"location\": \"southcentralus\",\r\n      \"properties\": {\r\n        \"provisioningState\": \"Succeeded\"\r\n      }\r\n    },\r\n    {\r\n      \"id\": \"/subscriptions/2cac2a14-ba6b-46a6-bce8-2d9781a41ba2/resourceGroups/StreamAnalytics-Default-Central-US\",\r\n      \"name\": \"StreamAnalytics-Default-Central-US\",\r\n      \"location\": \"centralus\",\r\n      \"properties\": {\r\n        \"provisioningState\": \"Succeeded\"\r\n      }\r\n    },\r\n    {\r\n      \"id\": \"/subscriptions/2cac2a14-ba6b-46a6-bce8-2d9781a41ba2/resourceGroups/TestRg-NH6587\",\r\n      \"name\": \"TestRg-NH6587\",\r\n      \"location\": \"southcentralus\",\r\n      \"properties\": {\r\n        \"provisioningState\": \"Deleting\"\r\n      }\r\n    },\r\n    {\r\n      \"id\": \"/subscriptions/2cac2a14-ba6b-46a6-bce8-2d9781a41ba2/resourceGroups/westus-mykeyvault\",\r\n      \"name\": \"westus-mykeyvault\",\r\n      \"location\": \"westus\",\r\n      \"properties\": {\r\n        \"provisioningState\": \"Succeeded\"\r\n      }\r\n    }\r\n  ]\r\n}",
      "ResponseHeaders": {
        "Content-Type": [
          "application/json; charset=utf-8"
        ],
        "Expires": [
          "-1"
        ],
        "Cache-Control": [
          "no-cache"
        ],
        "Date": [
          "Fri, 05 May 2017 23:53:49 GMT"
        ],
        "Pragma": [
          "no-cache"
        ],
        "Vary": [
          "Accept-Encoding"
        ],
        "x-ms-ratelimit-remaining-subscription-reads": [
          "14998"
        ],
        "x-ms-request-id": [
          "8277436b-3b82-4743-be55-8469f7ea66fa"
        ],
        "x-ms-correlation-request-id": [
          "8277436b-3b82-4743-be55-8469f7ea66fa"
        ],
        "x-ms-routing-request-id": [
          "WESTUS:20170505T235350Z:8277436b-3b82-4743-be55-8469f7ea66fa"
        ],
        "Strict-Transport-Security": [
          "max-age=31536000; includeSubDomains"
        ]
      },
      "StatusCode": 200
    },
    {
      "RequestUri": "/subscriptions/2cac2a14-ba6b-46a6-bce8-2d9781a41ba2/resourcegroups/TestRg-NH4804?api-version=2015-11-01",
      "EncodedRequestUri": "L3N1YnNjcmlwdGlvbnMvMmNhYzJhMTQtYmE2Yi00NmE2LWJjZTgtMmQ5NzgxYTQxYmEyL3Jlc291cmNlZ3JvdXBzL1Rlc3RSZy1OSDQ4MDQ/YXBpLXZlcnNpb249MjAxNS0xMS0wMQ==",
      "RequestMethod": "PUT",
      "RequestBody": "{\r\n  \"location\": \"South Central US\"\r\n}",
      "RequestHeaders": {
        "Content-Type": [
          "application/json; charset=utf-8"
        ],
        "Content-Length": [
          "38"
        ],
        "x-ms-client-request-id": [
          "114be034-da39-4d40-9cc7-012372a7da56"
        ],
        "accept-language": [
          "en-US"
        ],
        "User-Agent": [
          "FxVersion/4.6.25009.03",
          "Microsoft.Azure.Management.Resources.ResourceManagementClient/1.0.0.0"
        ]
      },
      "ResponseBody": "{\r\n  \"id\": \"/subscriptions/2cac2a14-ba6b-46a6-bce8-2d9781a41ba2/resourceGroups/TestRg-NH4804\",\r\n  \"name\": \"TestRg-NH4804\",\r\n  \"location\": \"southcentralus\",\r\n  \"properties\": {\r\n    \"provisioningState\": \"Succeeded\"\r\n  }\r\n}",
      "ResponseHeaders": {
        "Content-Length": [
          "187"
        ],
        "Content-Type": [
          "application/json; charset=utf-8"
        ],
        "Expires": [
          "-1"
        ],
        "Cache-Control": [
          "no-cache"
        ],
        "Date": [
          "Fri, 05 May 2017 23:53:50 GMT"
        ],
        "Pragma": [
          "no-cache"
        ],
        "x-ms-ratelimit-remaining-subscription-writes": [
          "1199"
        ],
        "x-ms-request-id": [
          "423baac3-6be5-4033-9988-6306ced679d8"
        ],
        "x-ms-correlation-request-id": [
          "423baac3-6be5-4033-9988-6306ced679d8"
        ],
        "x-ms-routing-request-id": [
          "WESTUS:20170505T235350Z:423baac3-6be5-4033-9988-6306ced679d8"
        ],
        "Strict-Transport-Security": [
          "max-age=31536000; includeSubDomains"
        ]
      },
      "StatusCode": 201
    },
    {
      "RequestUri": "/subscriptions/2cac2a14-ba6b-46a6-bce8-2d9781a41ba2/resourceGroups/TestRg-NH4804/providers/Microsoft.NotificationHubs/namespaces/HydraNH-Namespace8748?api-version=2017-04-01",
      "EncodedRequestUri": "L3N1YnNjcmlwdGlvbnMvMmNhYzJhMTQtYmE2Yi00NmE2LWJjZTgtMmQ5NzgxYTQxYmEyL3Jlc291cmNlR3JvdXBzL1Rlc3RSZy1OSDQ4MDQvcHJvdmlkZXJzL01pY3Jvc29mdC5Ob3RpZmljYXRpb25IdWJzL25hbWVzcGFjZXMvSHlkcmFOSC1OYW1lc3BhY2U4NzQ4P2FwaS12ZXJzaW9uPTIwMTctMDQtMDE=",
      "RequestMethod": "PUT",
      "RequestBody": "{\r\n  \"location\": \"South Central US\"\r\n}",
      "RequestHeaders": {
        "Content-Type": [
          "application/json; charset=utf-8"
        ],
        "Content-Length": [
          "38"
        ],
        "x-ms-client-request-id": [
          "c384b5ea-6121-41c0-85b1-7901072dcf12"
        ],
        "accept-language": [
          "en-US"
        ],
        "User-Agent": [
          "FxVersion/4.6.25009.03",
          "Microsoft.Azure.Management.NotificationHubs.NotificationHubsManagementClient/2.2.0.0"
        ]
      },
      "ResponseBody": "{\r\n  \"id\": \"/subscriptions/2cac2a14-ba6b-46a6-bce8-2d9781a41ba2/resourceGroups/TestRg-NH4804/providers/Microsoft.NotificationHubs/namespaces/HydraNH-Namespace8748\",\r\n  \"name\": \"HydraNH-Namespace8748\",\r\n  \"type\": \"Microsoft.NotificationHubs/namespaces\",\r\n  \"location\": \"South Central US\",\r\n  \"kind\": \"NotificationHub\",\r\n  \"tags\": {},\r\n  \"properties\": {\r\n    \"provisioningState\": \"Unknown\",\r\n    \"metricId\": null,\r\n    \"enabled\": false,\r\n    \"namespaceType\": \"NotificationHub\"\r\n  }\r\n}",
      "ResponseHeaders": {
        "Content-Type": [
          "application/json; charset=utf-8"
        ],
        "Expires": [
          "-1"
        ],
        "Cache-Control": [
          "no-cache"
        ],
        "Date": [
          "Fri, 05 May 2017 23:53:51 GMT"
        ],
        "Pragma": [
          "no-cache"
        ],
        "Transfer-Encoding": [
          "chunked"
        ],
        "Server": [
          "Service-Bus-Resource-Provider/SN1",
          "Microsoft-HTTPAPI/2.0"
        ],
        "Vary": [
          "Accept-Encoding"
        ],
        "x-ms-request-id": [
          "654d56da-c597-4a6b-a0a1-bd472e90d331_M7_M7"
        ],
        "Server-SB": [
          "Service-Bus-Resource-Provider/SN1"
        ],
        "x-ms-ratelimit-remaining-subscription-writes": [
          "1198"
        ],
        "x-ms-correlation-request-id": [
          "a38e8ded-5459-4b7d-9436-a8fefcfdd68a"
        ],
        "x-ms-routing-request-id": [
          "WESTUS:20170505T235352Z:a38e8ded-5459-4b7d-9436-a8fefcfdd68a"
        ],
        "Strict-Transport-Security": [
          "max-age=31536000; includeSubDomains"
        ]
      },
      "StatusCode": 200
    },
    {
      "RequestUri": "/subscriptions/2cac2a14-ba6b-46a6-bce8-2d9781a41ba2/resourceGroups/TestRg-NH4804/providers/Microsoft.NotificationHubs/namespaces/HydraNH-Namespace8748/checkNotificationHubAvailability?api-version=2017-04-01",
      "EncodedRequestUri": "L3N1YnNjcmlwdGlvbnMvMmNhYzJhMTQtYmE2Yi00NmE2LWJjZTgtMmQ5NzgxYTQxYmEyL3Jlc291cmNlR3JvdXBzL1Rlc3RSZy1OSDQ4MDQvcHJvdmlkZXJzL01pY3Jvc29mdC5Ob3RpZmljYXRpb25IdWJzL25hbWVzcGFjZXMvSHlkcmFOSC1OYW1lc3BhY2U4NzQ4L2NoZWNrTm90aWZpY2F0aW9uSHViQXZhaWxhYmlsaXR5P2FwaS12ZXJzaW9uPTIwMTctMDQtMDE=",
      "RequestMethod": "POST",
      "RequestBody": "{\r\n  \"name\": \"HydraNH-NotificationHub7090-validazsmnet5409\",\r\n  \"location\": \"South Central US\"\r\n}",
      "RequestHeaders": {
        "Content-Type": [
          "application/json; charset=utf-8"
        ],
        "Content-Length": [
          "97"
        ],
        "x-ms-client-request-id": [
          "228e5313-6710-4715-9d50-e954fc137d82"
        ],
        "accept-language": [
          "en-US"
        ],
        "User-Agent": [
          "FxVersion/4.6.25009.03",
          "Microsoft.Azure.Management.NotificationHubs.NotificationHubsManagementClient/2.2.0.0"
        ]
      },
      "ResponseBody": "{\r\n  \"isAvailiable\": true,\r\n  \"id\": \"/subscriptions/2cac2a14-ba6b-46a6-bce8-2d9781a41ba2/resourceGroups/TestRg-NH4804/providers/Microsoft.NotificationHubs/namespaces/HydraNH-Namespace8748/checkNotificationHubAvailability\",\r\n  \"name\": \"HydraNH-NotificationHub7090-validazsmnet5409\",\r\n  \"type\": \"Microsoft.NotificationHubs/namespaces/notificationHubs/checkNotificationHubAvailability\",\r\n  \"location\": null,\r\n  \"tags\": null,\r\n  \"properties\": true\r\n}",
      "ResponseHeaders": {
        "Content-Type": [
          "application/json; charset=utf-8"
        ],
        "Expires": [
          "-1"
        ],
        "Cache-Control": [
          "no-cache"
        ],
        "Date": [
          "Fri, 05 May 2017 23:54:23 GMT"
        ],
        "Pragma": [
          "no-cache"
        ],
        "Transfer-Encoding": [
          "chunked"
        ],
        "Server": [
          "Service-Bus-Resource-Provider/SN1",
          "Microsoft-HTTPAPI/2.0"
        ],
        "Vary": [
          "Accept-Encoding"
        ],
        "x-ms-request-id": [
          "3d94a6b4-b584-43fb-b4f5-a0bc312aa912_M7_M7"
        ],
        "Server-SB": [
          "Service-Bus-Resource-Provider/SN1"
        ],
        "x-ms-ratelimit-remaining-subscription-writes": [
          "1197"
        ],
        "x-ms-correlation-request-id": [
          "a0e8884c-e5cc-4541-9e33-178f73ac7246"
        ],
        "x-ms-routing-request-id": [
          "WESTUS:20170505T235423Z:a0e8884c-e5cc-4541-9e33-178f73ac7246"
        ],
        "Strict-Transport-Security": [
          "max-age=31536000; includeSubDomains"
        ]
      },
      "StatusCode": 200
    },
    {
      "RequestUri": "/subscriptions/2cac2a14-ba6b-46a6-bce8-2d9781a41ba2/resourceGroups/TestRg-NH4804/providers/Microsoft.NotificationHubs/namespaces/HydraNH-Namespace8748/checkNotificationHubAvailability?api-version=2017-04-01",
      "EncodedRequestUri": "L3N1YnNjcmlwdGlvbnMvMmNhYzJhMTQtYmE2Yi00NmE2LWJjZTgtMmQ5NzgxYTQxYmEyL3Jlc291cmNlR3JvdXBzL1Rlc3RSZy1OSDQ4MDQvcHJvdmlkZXJzL01pY3Jvc29mdC5Ob3RpZmljYXRpb25IdWJzL25hbWVzcGFjZXMvSHlkcmFOSC1OYW1lc3BhY2U4NzQ4L2NoZWNrTm90aWZpY2F0aW9uSHViQXZhaWxhYmlsaXR5P2FwaS12ZXJzaW9uPTIwMTctMDQtMDE=",
      "RequestMethod": "POST",
      "RequestBody": "{\r\n  \"name\": \"HydraNH-NotificationHub7090-validazsmnet5409\",\r\n  \"location\": \"South Central US\"\r\n}",
      "RequestHeaders": {
        "Content-Type": [
          "application/json; charset=utf-8"
        ],
        "Content-Length": [
          "97"
        ],
        "x-ms-client-request-id": [
          "2e2aedf3-b180-4cbd-92d9-9e87f08260b6"
        ],
        "accept-language": [
          "en-US"
        ],
        "User-Agent": [
          "FxVersion/4.6.25009.03",
          "Microsoft.Azure.Management.NotificationHubs.NotificationHubsManagementClient/2.2.0.0"
        ]
      },
      "ResponseBody": "{\r\n  \"isAvailiable\": false,\r\n  \"id\": \"/subscriptions/2cac2a14-ba6b-46a6-bce8-2d9781a41ba2/resourceGroups/TestRg-NH4804/providers/Microsoft.NotificationHubs/namespaces/HydraNH-Namespace8748/checkNotificationHubAvailability\",\r\n  \"name\": \"HydraNH-NotificationHub7090-validazsmnet5409\",\r\n  \"type\": \"Microsoft.NotificationHubs/namespaces/notificationHubs/checkNotificationHubAvailability\",\r\n  \"location\": null,\r\n  \"tags\": null,\r\n  \"properties\": false\r\n}",
      "ResponseHeaders": {
        "Content-Type": [
          "application/json; charset=utf-8"
        ],
        "Expires": [
          "-1"
        ],
        "Cache-Control": [
          "no-cache"
        ],
        "Date": [
          "Fri, 05 May 2017 23:54:26 GMT"
        ],
        "Pragma": [
          "no-cache"
        ],
        "Transfer-Encoding": [
          "chunked"
        ],
        "Server": [
          "Service-Bus-Resource-Provider/SN1",
          "Microsoft-HTTPAPI/2.0"
        ],
        "Vary": [
          "Accept-Encoding"
        ],
        "x-ms-request-id": [
          "82e45e1c-80d4-42c0-9f2c-efdd52e182ce_M7_M7"
        ],
        "Server-SB": [
          "Service-Bus-Resource-Provider/SN1"
        ],
        "x-ms-ratelimit-remaining-subscription-writes": [
          "1195"
        ],
        "x-ms-correlation-request-id": [
          "1fc9237c-4dcc-4b42-ae32-b2a9ee91bad4"
        ],
        "x-ms-routing-request-id": [
          "WESTUS:20170505T235426Z:1fc9237c-4dcc-4b42-ae32-b2a9ee91bad4"
        ],
        "Strict-Transport-Security": [
          "max-age=31536000; includeSubDomains"
        ]
      },
      "StatusCode": 200
    },
    {
      "RequestUri": "/subscriptions/2cac2a14-ba6b-46a6-bce8-2d9781a41ba2/resourceGroups/TestRg-NH4804/providers/Microsoft.NotificationHubs/namespaces/HydraNH-Namespace8748/notificationHubs/HydraNH-NotificationHub7090-validazsmnet5409?api-version=2017-04-01",
      "EncodedRequestUri": "L3N1YnNjcmlwdGlvbnMvMmNhYzJhMTQtYmE2Yi00NmE2LWJjZTgtMmQ5NzgxYTQxYmEyL3Jlc291cmNlR3JvdXBzL1Rlc3RSZy1OSDQ4MDQvcHJvdmlkZXJzL01pY3Jvc29mdC5Ob3RpZmljYXRpb25IdWJzL25hbWVzcGFjZXMvSHlkcmFOSC1OYW1lc3BhY2U4NzQ4L25vdGlmaWNhdGlvbkh1YnMvSHlkcmFOSC1Ob3RpZmljYXRpb25IdWI3MDkwLXZhbGlkYXpzbW5ldDU0MDk/YXBpLXZlcnNpb249MjAxNy0wNC0wMQ==",
      "RequestMethod": "PUT",
      "RequestBody": "{\r\n  \"location\": \"South Central US\"\r\n}",
      "RequestHeaders": {
        "Content-Type": [
          "application/json; charset=utf-8"
        ],
        "Content-Length": [
          "38"
        ],
        "x-ms-client-request-id": [
          "50c8279d-8c38-4502-a7a5-e16e88c2a8e7"
        ],
        "accept-language": [
          "en-US"
        ],
        "User-Agent": [
          "FxVersion/4.6.25009.03",
          "Microsoft.Azure.Management.NotificationHubs.NotificationHubsManagementClient/2.2.0.0"
        ]
      },
      "ResponseBody": "{\r\n  \"id\": \"/subscriptions/2cac2a14-ba6b-46a6-bce8-2d9781a41ba2/resourceGroups/TestRg-NH4804/providers/Microsoft.NotificationHubs/namespaces/HydraNH-Namespace8748/notificationHubs/HydraNH-NotificationHub7090-validazsmnet5409\",\r\n  \"name\": \"HydraNH-NotificationHub7090-validazsmnet5409\",\r\n  \"type\": \"Microsoft.NotificationHubs/namespaces/notificationHubs\",\r\n  \"location\": \"South Central US\",\r\n  \"tags\": null,\r\n  \"properties\": {\r\n    \"registrationTtl\": \"10675199.02:48:05.4775807\"\r\n  }\r\n}",
      "ResponseHeaders": {
        "Content-Length": [
          "442"
        ],
        "Content-Type": [
          "application/json; charset=utf-8"
        ],
        "Expires": [
          "-1"
        ],
        "Cache-Control": [
          "no-cache"
        ],
        "Date": [
          "Fri, 05 May 2017 23:54:26 GMT"
        ],
        "Pragma": [
          "no-cache"
        ],
        "Server": [
          "Service-Bus-Resource-Provider/SN1",
          "Microsoft-HTTPAPI/2.0"
        ],
        "x-ms-request-id": [
          "b9088b83-2348-4a5f-bdd3-deb0e076cee6_M6_M6"
        ],
        "Server-SB": [
          "Service-Bus-Resource-Provider/SN1"
        ],
        "x-ms-ratelimit-remaining-subscription-writes": [
          "1196"
        ],
        "x-ms-correlation-request-id": [
          "2272f74d-13dc-42ce-a769-0b326a56331a"
        ],
        "x-ms-routing-request-id": [
          "WESTUS:20170505T235426Z:2272f74d-13dc-42ce-a769-0b326a56331a"
        ],
        "Strict-Transport-Security": [
          "max-age=31536000; includeSubDomains"
        ]
      },
      "StatusCode": 201
    },
    {
      "RequestUri": "/subscriptions/2cac2a14-ba6b-46a6-bce8-2d9781a41ba2/resourceGroups/TestRg-NH4804/providers/Microsoft.NotificationHubs/namespaces/HydraNH-Namespace8748?api-version=2017-04-01",
      "EncodedRequestUri": "L3N1YnNjcmlwdGlvbnMvMmNhYzJhMTQtYmE2Yi00NmE2LWJjZTgtMmQ5NzgxYTQxYmEyL3Jlc291cmNlR3JvdXBzL1Rlc3RSZy1OSDQ4MDQvcHJvdmlkZXJzL01pY3Jvc29mdC5Ob3RpZmljYXRpb25IdWJzL25hbWVzcGFjZXMvSHlkcmFOSC1OYW1lc3BhY2U4NzQ4P2FwaS12ZXJzaW9uPTIwMTctMDQtMDE=",
      "RequestMethod": "DELETE",
      "RequestBody": "",
      "RequestHeaders": {
        "x-ms-client-request-id": [
          "145f6e34-8f3c-44d8-8a18-24d81970a92b"
        ],
        "accept-language": [
          "en-US"
        ],
        "User-Agent": [
          "FxVersion/4.6.25009.03",
          "Microsoft.Azure.Management.NotificationHubs.NotificationHubsManagementClient/2.2.0.0"
        ]
      },
      "ResponseBody": "",
      "ResponseHeaders": {
        "Content-Length": [
          "0"
        ],
        "Expires": [
          "-1"
        ],
        "Cache-Control": [
          "no-cache"
        ],
        "Date": [
          "Fri, 05 May 2017 23:54:26 GMT"
        ],
        "Pragma": [
          "no-cache"
        ],
        "Location": [
          "https://management.azure.com/subscriptions/2cac2a14-ba6b-46a6-bce8-2d9781a41ba2/providers/Microsoft.NotificationHubs/operationresults/HydraNH-Namespace8748?api-version=2017-04-01"
        ],
        "Server": [
          "Service-Bus-Resource-Provider/SN1",
          "Microsoft-HTTPAPI/2.0"
        ],
        "x-ms-request-id": [
          "70549926-b82b-4087-955b-b8db460ed065_M7_M7"
        ],
        "Server-SB": [
          "Service-Bus-Resource-Provider/SN1"
        ],
        "x-ms-ratelimit-remaining-subscription-writes": [
          "1194"
        ],
        "x-ms-correlation-request-id": [
          "ad60ff31-3da0-4f62-b53a-43eaf65e54b9"
        ],
        "x-ms-routing-request-id": [
          "WESTUS:20170505T235426Z:ad60ff31-3da0-4f62-b53a-43eaf65e54b9"
        ],
        "Strict-Transport-Security": [
          "max-age=31536000; includeSubDomains"
        ]
      },
      "StatusCode": 202
    },
    {
      "RequestUri": "/subscriptions/2cac2a14-ba6b-46a6-bce8-2d9781a41ba2/providers/Microsoft.NotificationHubs/operationresults/HydraNH-Namespace8748?api-version=2017-04-01",
      "EncodedRequestUri": "L3N1YnNjcmlwdGlvbnMvMmNhYzJhMTQtYmE2Yi00NmE2LWJjZTgtMmQ5NzgxYTQxYmEyL3Byb3ZpZGVycy9NaWNyb3NvZnQuTm90aWZpY2F0aW9uSHVicy9vcGVyYXRpb25yZXN1bHRzL0h5ZHJhTkgtTmFtZXNwYWNlODc0OD9hcGktdmVyc2lvbj0yMDE3LTA0LTAx",
      "RequestMethod": "GET",
      "RequestBody": "",
      "RequestHeaders": {
        "User-Agent": [
          "FxVersion/4.6.25009.03",
          "Microsoft.Azure.Management.NotificationHubs.NotificationHubsManagementClient/2.2.0.0"
        ]
      },
      "ResponseBody": "{\r\n  \"id\": \"subscriptions/2cac2a14ba6b46a6bce82d9781a41ba2/operationsStatus/HydraNH-Namespace8748\",\r\n  \"name\": \"HydraNH-Namespace8748\",\r\n  \"status\": \"InProgress\"\r\n}",
      "ResponseHeaders": {
        "Content-Length": [
          "147"
        ],
        "Content-Type": [
          "application/json; charset=utf-8"
        ],
        "Expires": [
          "-1"
        ],
        "Cache-Control": [
          "no-cache"
        ],
        "Date": [
          "Fri, 05 May 2017 23:54:57 GMT"
        ],
        "Pragma": [
          "no-cache"
        ],
        "Location": [
          "https://management.azure.com/subscriptions/2cac2a14-ba6b-46a6-bce8-2d9781a41ba2/providers/Microsoft.NotificationHubs/operationresults/HydraNH-Namespace8748?api-version=2017-04-01"
        ],
        "Server": [
          "Service-Bus-Resource-Provider/SN1",
          "Microsoft-HTTPAPI/2.0"
        ],
        "x-ms-request-id": [
          "0828e328-a5cf-47ee-9c81-a2223123b5f0_M0_M0"
        ],
        "Server-SB": [
          "Service-Bus-Resource-Provider/SN1"
        ],
        "x-ms-ratelimit-remaining-subscription-reads": [
          "14942"
        ],
        "x-ms-correlation-request-id": [
          "06ca076d-9b5d-4e3b-ae9e-ada55aa4c227"
        ],
        "x-ms-routing-request-id": [
          "WESTUS:20170505T235457Z:06ca076d-9b5d-4e3b-ae9e-ada55aa4c227"
        ],
        "Strict-Transport-Security": [
          "max-age=31536000; includeSubDomains"
        ]
      },
      "StatusCode": 202
    },
    {
      "RequestUri": "/subscriptions/2cac2a14-ba6b-46a6-bce8-2d9781a41ba2/providers/Microsoft.NotificationHubs/operationresults/HydraNH-Namespace8748?api-version=2017-04-01",
      "EncodedRequestUri": "L3N1YnNjcmlwdGlvbnMvMmNhYzJhMTQtYmE2Yi00NmE2LWJjZTgtMmQ5NzgxYTQxYmEyL3Byb3ZpZGVycy9NaWNyb3NvZnQuTm90aWZpY2F0aW9uSHVicy9vcGVyYXRpb25yZXN1bHRzL0h5ZHJhTkgtTmFtZXNwYWNlODc0OD9hcGktdmVyc2lvbj0yMDE3LTA0LTAx",
      "RequestMethod": "GET",
      "RequestBody": "",
      "RequestHeaders": {
        "User-Agent": [
          "FxVersion/4.6.25009.03",
          "Microsoft.Azure.Management.NotificationHubs.NotificationHubsManagementClient/2.2.0.0"
        ]
      },
      "ResponseBody": "{\r\n  \"id\": \"subscriptions/2cac2a14ba6b46a6bce82d9781a41ba2/operationsStatus/HydraNH-Namespace8748\",\r\n  \"name\": \"HydraNH-Namespace8748\",\r\n  \"status\": \"Completed\"\r\n}",
      "ResponseHeaders": {
        "Content-Type": [
          "application/json; charset=utf-8"
        ],
        "Expires": [
          "-1"
        ],
        "Cache-Control": [
          "no-cache"
        ],
        "Date": [
          "Fri, 05 May 2017 23:55:27 GMT"
        ],
        "Pragma": [
          "no-cache"
        ],
        "Transfer-Encoding": [
          "chunked"
        ],
        "Server": [
          "Service-Bus-Resource-Provider/SN1",
          "Microsoft-HTTPAPI/2.0"
        ],
        "Vary": [
          "Accept-Encoding"
        ],
        "x-ms-request-id": [
          "948aff20-e518-4826-9bb0-dd9280027aea_M0_M0"
        ],
        "Server-SB": [
          "Service-Bus-Resource-Provider/SN1"
        ],
        "x-ms-ratelimit-remaining-subscription-reads": [
          "14946"
        ],
        "x-ms-correlation-request-id": [
          "1dd415f2-4a3f-4a36-b1f0-c2c6d0b8c563"
        ],
        "x-ms-routing-request-id": [
          "WESTUS:20170505T235527Z:1dd415f2-4a3f-4a36-b1f0-c2c6d0b8c563"
        ],
        "Strict-Transport-Security": [
          "max-age=31536000; includeSubDomains"
        ]
      },
      "StatusCode": 200
    }
  ],
  "Names": {
    "CheckNotificationHubNameAvailability": [
      "HydraNH-Namespace8748",
      "TestRg-NH4804",
      "HydraNH-NotificationHub7090",
      "azsmnet5409"
    ]
  },
  "Variables": {
    "SubscriptionId": "2cac2a14-ba6b-46a6-bce8-2d9781a41ba2"
  }
}