{
  "Entries": [
    {
      "RequestUri": "https://acstelephonyportaltesting.communication.azure.com/calling:join?api-version=2021-11-15-preview",
      "RequestMethod": "POST",
      "RequestHeaders": {
        "Accept": "application/json",
        "Authorization": "Sanitized",
        "Content-Length": "279",
        "Content-Type": "application/json",
        "traceparent": "00-64a8258de8b2a84491027003df88821c-23f65b95ff052345-00",
        "User-Agent": "azsdk-net-Communication.CallingServer/1.0.0-alpha.20211208.1 (.NET Framework 4.8.4420.0; Microsoft Windows 10.0.22000 )",
        "x-ms-client-request-id": "840ff88933f217538e31585c6426b011",
        "x-ms-content-sha256": "Sanitized",
        "x-ms-date": "Wed, 08 Dec 2021 07:12:04 GMT",
        "x-ms-return-client-request-id": "true"
      },
      "RequestBody": {
        "callLocator": {
          "groupCallId": "Sanitized",
          "kind": "groupCallLocator"
        },
        "source": {
          "communicationUser": {
            "id": "Sanitized"
          }
        },
        "callbackUri": "https://dummy.ngrok.io/api/incident/callback?SecretKey=helloworld",
        "requestedMediaTypes": [
          "audio"
        ],
        "requestedCallEvents": [
          "participantsUpdated"
        ]
      },
      "StatusCode": 202,
      "ResponseHeaders": {
        "Content-Length": "32",
        "Content-Type": "application/json; charset=utf-8",
        "Date": "Wed, 08 Dec 2021 07:12:06 GMT",
        "X-Azure-Ref": "0xFqwYQAAAAAESikeFP3eQo/b8v71s2M2TUFBMDFFREdFMDEwNgA5ZmM3YjUxOS1hOGNjLTRmODktOTM1ZS1jOTE0OGFlMDllODE=",
        "X-Cache": "CONFIG_NOCACHE",
        "X-Microsoft-Skype-Chain-ID": "abab3eb1-6366-41e1-8759-492e59c72512",
        "x-ms-client-request-id": "840ff88933f217538e31585c6426b011"
      },
      "ResponseBody": {
        "callConnectionId": "Sanitized"
      }
    },
    {
      "RequestUri": "https://acstelephonyportaltesting.communication.azure.com/calling:join?api-version=2021-11-15-preview",
      "RequestMethod": "POST",
      "RequestHeaders": {
        "Accept": "application/json",
        "Authorization": "Sanitized",
        "Content-Length": "279",
        "Content-Type": "application/json",
        "traceparent": "00-e91cd87efe0b3b4fa8af79740694826d-9ffee911e871eb4f-00",
        "User-Agent": "azsdk-net-Communication.CallingServer/1.0.0-alpha.20211208.1 (.NET Framework 4.8.4420.0; Microsoft Windows 10.0.22000 )",
        "x-ms-client-request-id": "5d7f54922d727acf161c64bda73e5539",
        "x-ms-content-sha256": "Sanitized",
        "x-ms-date": "Wed, 08 Dec 2021 07:12:08 GMT",
        "x-ms-return-client-request-id": "true"
      },
      "RequestBody": {
        "callLocator": {
          "groupCallId": "Sanitized",
          "kind": "groupCallLocator"
        },
        "source": {
          "communicationUser": {
            "id": "Sanitized"
          }
        },
        "callbackUri": "https://dummy.ngrok.io/api/incident/callback?SecretKey=helloworld",
        "requestedMediaTypes": [
          "audio"
        ],
        "requestedCallEvents": [
          "participantsUpdated"
        ]
      },
      "StatusCode": 202,
      "ResponseHeaders": {
        "Content-Length": "32",
        "Content-Type": "application/json; charset=utf-8",
        "Date": "Wed, 08 Dec 2021 07:12:08 GMT",
        "X-Azure-Ref": "0x1qwYQAAAADqEOjCfvAoTJgcRng/trFvTUFBMDFFREdFMDEwNgA5ZmM3YjUxOS1hOGNjLTRmODktOTM1ZS1jOTE0OGFlMDllODE=",
        "X-Cache": "CONFIG_NOCACHE",
        "X-Microsoft-Skype-Chain-ID": "7d01cfa7-78c9-47a4-8ac4-6c391e3b3aeb",
        "x-ms-client-request-id": "5d7f54922d727acf161c64bda73e5539"
      },
      "ResponseBody": {
        "callConnectionId": "Sanitized"
      }
    },
    {
      "RequestUri": "https://acstelephonyportaltesting.communication.azure.com/calling/recordings?api-version=2021-11-15-preview",
      "RequestMethod": "POST",
      "RequestHeaders": {
        "Accept": "application/json",
        "Authorization": "Sanitized",
        "Content-Length": "165",
        "Content-Type": "application/json",
        "traceparent": "00-629566d9c57e1849a72438c390d706ef-bcf63969b2e91743-00",
        "User-Agent": "azsdk-net-Communication.CallingServer/1.0.0-alpha.20211208.1 (.NET Framework 4.8.4420.0; Microsoft Windows 10.0.22000 )",
        "x-ms-client-request-id": "1560b331fe734c248984ac91d80e4f9b",
        "x-ms-content-sha256": "Sanitized",
        "x-ms-date": "Wed, 08 Dec 2021 07:12:09 GMT",
        "x-ms-return-client-request-id": "true"
      },
      "RequestBody": {
        "callLocator": {
          "groupCallId": "Sanitized",
          "kind": "groupCallLocator"
        },
        "recordingStateCallbackUri": "https://dummy.ngrok.io/api/incident/callback?SecretKey=helloworld"
      },
      "StatusCode": 200,
      "ResponseHeaders": {
        "Content-Length": "27",
        "Content-Type": "application/json; charset=utf-8",
        "Date": "Wed, 08 Dec 2021 07:12:12 GMT",
        "X-Azure-Ref": "0yVqwYQAAAAAeHuMP03AlR5ZLw50QNInQTUFBMDFFREdFMDEwNgA5ZmM3YjUxOS1hOGNjLTRmODktOTM1ZS1jOTE0OGFlMDllODE=",
        "X-Cache": "CONFIG_NOCACHE",
        "X-Microsoft-Skype-Chain-ID": "231f0603-fd85-47ee-bb65-d3465efd5d59",
        "x-ms-client-request-id": "1560b331fe734c248984ac91d80e4f9b"
      },
      "ResponseBody": {
        "recordingId": "Sanitized"
      }
    },
    {
      "RequestUri": "https://acstelephonyportaltesting.communication.azure.com/calling/recordings/Sanitized?api-version=2021-11-15-preview",
      "RequestMethod": "GET",
      "RequestHeaders": {
        "Accept": "application/json",
        "Authorization": "Sanitized",
        "traceparent": "00-dab51ae738e2064882ffce533ca8dde6-235568c160ddff45-00",
        "User-Agent": "azsdk-net-Communication.CallingServer/1.0.0-alpha.20211208.1 (.NET Framework 4.8.4420.0; Microsoft Windows 10.0.22000 )",
        "x-ms-client-request-id": "302db3e61b8d5cfa29956ed5cf96704f",
        "x-ms-content-sha256": "Sanitized",
        "x-ms-date": "Wed, 08 Dec 2021 07:12:19 GMT",
        "x-ms-return-client-request-id": "true"
      },
      "RequestBody": null,
      "StatusCode": 200,
      "ResponseHeaders": {
        "Content-Length": "27",
        "Content-Type": "application/json; charset=utf-8",
        "Date": "Wed, 08 Dec 2021 07:12:19 GMT",
        "X-Azure-Ref": "001qwYQAAAACUMmWmbn2IR60TKvDfV6TFTUFBMDFFREdFMDEwNgA5ZmM3YjUxOS1hOGNjLTRmODktOTM1ZS1jOTE0OGFlMDllODE=",
        "X-Cache": "CONFIG_NOCACHE",
        "X-Microsoft-Skype-Chain-ID": "82769dd1-a961-4ef8-96bf-57b515d214aa",
        "x-ms-client-request-id": "302db3e61b8d5cfa29956ed5cf96704f"
      },
      "ResponseBody": {
        "recordingState": "active"
      }
    },
    {
      "RequestUri": "https://acstelephonyportaltesting.communication.azure.com/calling/recordings/Sanitized/:pause?api-version=2021-11-15-preview",
      "RequestMethod": "POST",
      "RequestHeaders": {
        "Accept": "application/json",
        "Authorization": "Sanitized",
        "traceparent": "00-a2dd57fb6bb8a742a30a5b3b0b2ff598-a4ed5be7f16a9a43-00",
        "User-Agent": "azsdk-net-Communication.CallingServer/1.0.0-alpha.20211208.1 (.NET Framework 4.8.4420.0; Microsoft Windows 10.0.22000 )",
        "x-ms-client-request-id": "b12b1fdc9bc6949d3033d3ed813ea208",
        "x-ms-content-sha256": "Sanitized",
        "x-ms-date": "Wed, 08 Dec 2021 07:12:19 GMT",
        "x-ms-return-client-request-id": "true"
      },
      "RequestBody": null,
      "StatusCode": 200,
      "ResponseHeaders": {
        "Content-Length": "0",
        "Date": "Wed, 08 Dec 2021 07:12:19 GMT",
        "X-Azure-Ref": "001qwYQAAAACQ0YTh1M42T49Iie5TLFfTTUFBMDFFREdFMDEwNgA5ZmM3YjUxOS1hOGNjLTRmODktOTM1ZS1jOTE0OGFlMDllODE=",
        "X-Cache": "CONFIG_NOCACHE",
        "X-Microsoft-Skype-Chain-ID": "aa916811-7c64-4e53-8642-c8e2c9d9212e",
        "x-ms-client-request-id": "b12b1fdc9bc6949d3033d3ed813ea208"
      },
      "ResponseBody": []
    },
    {
      "RequestUri": "https://acstelephonyportaltesting.communication.azure.com/calling/recordings/Sanitized?api-version=2021-11-15-preview",
      "RequestMethod": "GET",
      "RequestHeaders": {
        "Accept": "application/json",
        "Authorization": "Sanitized",
        "traceparent": "00-03a669df86165544ac8ce7b441eab4e1-a4d5707ac0947d41-00",
        "User-Agent": "azsdk-net-Communication.CallingServer/1.0.0-alpha.20211208.1 (.NET Framework 4.8.4420.0; Microsoft Windows 10.0.22000 )",
        "x-ms-client-request-id": "f4d6c8cd241115abb904ecde904e7df2",
        "x-ms-content-sha256": "Sanitized",
        "x-ms-date": "Wed, 08 Dec 2021 07:12:26 GMT",
        "x-ms-return-client-request-id": "true"
      },
      "RequestBody": null,
      "StatusCode": 200,
      "ResponseHeaders": {
        "Content-Length": "29",
        "Content-Type": "application/json; charset=utf-8",
        "Date": "Wed, 08 Dec 2021 07:12:26 GMT",
        "X-Azure-Ref": "02lqwYQAAAABJ8lB/HggKRIjKZATq8VCPTUFBMDFFREdFMDEwNgA5ZmM3YjUxOS1hOGNjLTRmODktOTM1ZS1jOTE0OGFlMDllODE=",
        "X-Cache": "CONFIG_NOCACHE",
        "X-Microsoft-Skype-Chain-ID": "6735bfd9-2bb3-4d71-981f-97401c09c843",
        "x-ms-client-request-id": "f4d6c8cd241115abb904ecde904e7df2"
      },
      "ResponseBody": {
        "recordingState": "inactive"
      }
    },
    {
      "RequestUri": "https://acstelephonyportaltesting.communication.azure.com/calling/recordings/Sanitized/:resume?api-version=2021-11-15-preview",
      "RequestMethod": "POST",
      "RequestHeaders": {
        "Accept": "application/json",
        "Authorization": "Sanitized",
        "traceparent": "00-db5e5401b2eb9440810ca8aaa67902ea-d5ba0e1a42ee364e-00",
        "User-Agent": "azsdk-net-Communication.CallingServer/1.0.0-alpha.20211208.1 (.NET Framework 4.8.4420.0; Microsoft Windows 10.0.22000 )",
        "x-ms-client-request-id": "b9b45d149ee24bd51599005a480cdbea",
        "x-ms-content-sha256": "Sanitized",
        "x-ms-date": "Wed, 08 Dec 2021 07:12:26 GMT",
        "x-ms-return-client-request-id": "true"
      },
      "RequestBody": null,
      "StatusCode": 200,
      "ResponseHeaders": {
        "Content-Length": "0",
        "Date": "Wed, 08 Dec 2021 07:12:26 GMT",
        "X-Azure-Ref": "02lqwYQAAAAAnf/l2rolcQ4SOLqjSTQzxTUFBMDFFREdFMDEwNgA5ZmM3YjUxOS1hOGNjLTRmODktOTM1ZS1jOTE0OGFlMDllODE=",
        "X-Cache": "CONFIG_NOCACHE",
        "X-Microsoft-Skype-Chain-ID": "7ab40e4c-1693-4191-a65b-a194a558745e",
        "x-ms-client-request-id": "b9b45d149ee24bd51599005a480cdbea"
      },
      "ResponseBody": []
    },
    {
      "RequestUri": "https://acstelephonyportaltesting.communication.azure.com/calling/recordings/Sanitized?api-version=2021-11-15-preview",
      "RequestMethod": "GET",
      "RequestHeaders": {
        "Accept": "application/json",
        "Authorization": "Sanitized",
        "traceparent": "00-6e32fd52f87b934e829fa1265ac4789e-4882dd743af3af43-00",
        "User-Agent": "azsdk-net-Communication.CallingServer/1.0.0-alpha.20211208.1 (.NET Framework 4.8.4420.0; Microsoft Windows 10.0.22000 )",
        "x-ms-client-request-id": "070765f27bc0b83d7316f7c1afbe03e1",
        "x-ms-content-sha256": "Sanitized",
        "x-ms-date": "Wed, 08 Dec 2021 07:12:32 GMT",
        "x-ms-return-client-request-id": "true"
      },
      "RequestBody": null,
      "StatusCode": 200,
      "ResponseHeaders": {
        "Content-Length": "27",
        "Content-Type": "application/json; charset=utf-8",
        "Date": "Wed, 08 Dec 2021 07:12:32 GMT",
        "X-Azure-Ref": "04FqwYQAAAAB1TEfImvycRK7hOuZ2MhG6TUFBMDFFREdFMDEwNgA5ZmM3YjUxOS1hOGNjLTRmODktOTM1ZS1jOTE0OGFlMDllODE=",
        "X-Cache": "CONFIG_NOCACHE",
        "X-Microsoft-Skype-Chain-ID": "23296f76-562f-4a0f-bb03-167de54e2b70",
        "x-ms-client-request-id": "070765f27bc0b83d7316f7c1afbe03e1"
      },
      "ResponseBody": {
        "recordingState": "active"
      }
    },
    {
      "RequestUri": "https://acstelephonyportaltesting.communication.azure.com/calling/recordings/Sanitized?api-version=2021-11-15-preview",
      "RequestMethod": "DELETE",
      "RequestHeaders": {
        "Accept": "application/json",
        "Authorization": "Sanitized",
        "traceparent": "00-43d14bce46c5bb4db18b40336facde7d-c225b49cf79dcf4f-00",
        "User-Agent": "azsdk-net-Communication.CallingServer/1.0.0-alpha.20211208.1 (.NET Framework 4.8.4420.0; Microsoft Windows 10.0.22000 )",
        "x-ms-client-request-id": "23d9e1b5e98a2f26f28ade772351cdac",
        "x-ms-content-sha256": "Sanitized",
        "x-ms-date": "Wed, 08 Dec 2021 07:12:33 GMT",
        "x-ms-return-client-request-id": "true"
      },
      "RequestBody": null,
      "StatusCode": 200,
      "ResponseHeaders": {
        "Content-Length": "0",
        "Date": "Wed, 08 Dec 2021 07:12:37 GMT",
        "X-Azure-Ref": "04FqwYQAAAACb3BAn/SMLS6GpdlTD8aIeTUFBMDFFREdFMDEwNgA5ZmM3YjUxOS1hOGNjLTRmODktOTM1ZS1jOTE0OGFlMDllODE=",
        "X-Cache": "CONFIG_NOCACHE",
        "X-Microsoft-Skype-Chain-ID": "eb586006-52aa-4037-8d59-3832c51f714a",
        "x-ms-client-request-id": "23d9e1b5e98a2f26f28ade772351cdac"
      },
      "ResponseBody": []
    },
    {
      "RequestUri": "https://acstelephonyportaltesting.communication.azure.com/calling/recordings/Sanitized?api-version=2021-11-15-preview",
      "RequestMethod": "GET",
      "RequestHeaders": {
        "Accept": "application/json",
        "Authorization": "Sanitized",
        "traceparent": "00-3a50440c084fbd41b10b6019aaca0a30-0e5666c09fccf04f-00",
        "User-Agent": "azsdk-net-Communication.CallingServer/1.0.0-alpha.20211208.1 (.NET Framework 4.8.4420.0; Microsoft Windows 10.0.22000 )",
        "x-ms-client-request-id": "2aeb0129764698321ffc45cba6139c57",
        "x-ms-content-sha256": "Sanitized",
        "x-ms-date": "Wed, 08 Dec 2021 07:12:37 GMT",
        "x-ms-return-client-request-id": "true"
      },
      "RequestBody": null,
      "StatusCode": 404,
      "ResponseHeaders": {
        "Content-Length": "58",
        "Content-Type": "application/json; charset=utf-8",
        "Date": "Wed, 08 Dec 2021 07:12:37 GMT",
        "X-Azure-Ref": "05VqwYQAAAABy/BvlsjwFSavrYQ0Bu74ETUFBMDFFREdFMDEwNgA5ZmM3YjUxOS1hOGNjLTRmODktOTM1ZS1jOTE0OGFlMDllODE=",
        "X-Cache": "CONFIG_NOCACHE",
        "X-Microsoft-Skype-Chain-ID": "b469d82b-f8a5-4755-be67-9f5b554de448",
        "x-ms-client-request-id": "2aeb0129764698321ffc45cba6139c57"
      },
      "ResponseBody": {
        "error": {
          "code": "8522",
          "message": "Recording not found."
        }
      }
    },
    {
      "RequestUri": "https://acstelephonyportaltesting.communication.azure.com/calling/callConnections/Sanitized/:hangup?api-version=2021-11-15-preview",
      "RequestMethod": "POST",
      "RequestHeaders": {
        "Accept": "application/json",
        "Authorization": "Sanitized",
        "User-Agent": "azsdk-net-Communication.CallingServer/1.0.0-alpha.20211208.1 (.NET Framework 4.8.4420.0; Microsoft Windows 10.0.22000 )",
        "x-ms-client-request-id": "67a41e95b73309603fd814359dc69421",
        "x-ms-content-sha256": "Sanitized",
        "x-ms-date": "Wed, 08 Dec 2021 07:12:47 GMT",
        "x-ms-return-client-request-id": "true"
      },
      "RequestBody": null,
      "StatusCode": 202,
      "ResponseHeaders": {
        "Content-Length": "0",
        "Date": "Wed, 08 Dec 2021 07:12:47 GMT",
        "X-Azure-Ref": "071qwYQAAAACKBYyleNBjQbD0WcQFSf95TUFBMDFFREdFMDEwNgA5ZmM3YjUxOS1hOGNjLTRmODktOTM1ZS1jOTE0OGFlMDllODE=",
        "X-Cache": "CONFIG_NOCACHE",
        "X-Microsoft-Skype-Chain-ID": "9c7d1916-3cf2-4e95-a62c-7f5889efc9f6",
        "x-ms-client-request-id": "67a41e95b73309603fd814359dc69421"
      },
      "ResponseBody": []
    },
    {
      "RequestUri": "https://acstelephonyportaltesting.communication.azure.com/calling/callConnections/Sanitized/:hangup?api-version=2021-11-15-preview",
      "RequestMethod": "POST",
      "RequestHeaders": {
        "Accept": "application/json",
        "Authorization": "Sanitized",
        "User-Agent": "azsdk-net-Communication.CallingServer/1.0.0-alpha.20211208.1 (.NET Framework 4.8.4420.0; Microsoft Windows 10.0.22000 )",
        "x-ms-client-request-id": "ad984a49d9d33f9bae41048da35a89de",
        "x-ms-content-sha256": "Sanitized",
        "x-ms-date": "Wed, 08 Dec 2021 07:12:48 GMT",
        "x-ms-return-client-request-id": "true"
      },
      "RequestBody": null,
      "StatusCode": 202,
      "ResponseHeaders": {
        "Content-Length": "0",
        "Date": "Wed, 08 Dec 2021 07:12:48 GMT",
        "X-Azure-Ref": "08FqwYQAAAAAc9vYgwYngRLrTRDJPy0AQTUFBMDFFREdFMDEwNgA5ZmM3YjUxOS1hOGNjLTRmODktOTM1ZS1jOTE0OGFlMDllODE=",
        "X-Cache": "CONFIG_NOCACHE",
        "X-Microsoft-Skype-Chain-ID": "13a6ce12-24c6-4838-9f4a-3e009f616e55",
        "x-ms-client-request-id": "ad984a49d9d33f9bae41048da35a89de"
      },
      "ResponseBody": []
    }
  ],
  "Variables": {
    "COMMUNICATION_LIVETEST_STATIC_CONNECTION_STRING": "endpoint=https://acstelephonyportaltesting.communication.azure.com/;accesskey=Kg==",
    "COMMUNICATION_LIVETEST_STATIC_RESOURCE_IDENTIFIER": "Sanitized",
    "RandomSeed": "1995896862"
  }
}