{
  "Entries": [
    {
      "RequestUri": "https://acs-app-validations.communication.azure.com/calling:join?api-version=2021-11-15-preview",
      "RequestMethod": "POST",
      "RequestHeaders": {
        "Accept": "application/json",
        "Authorization": "Sanitized",
        "Content-Length": "279",
        "Content-Type": "application/json",
        "traceparent": "00-cdd91d3687d36042bda912ff51820994-fe813d4864062645-00",
        "User-Agent": "azsdk-net-Communication.CallingServer/1.0.0-alpha.20211220.1 (.NET Framework 4.8.4420.0; Microsoft Windows 10.0.22000 )",
        "x-ms-client-request-id": "3cb9b5bc324bd07bbe36b0607e25da41",
        "x-ms-content-sha256": "Sanitized",
        "x-ms-date": "Mon, 20 Dec 2021 12:01:29 GMT",
        "x-ms-return-client-request-id": "true"
      },
      "RequestBody": {
        "callLocator": {
          "groupCallId": "Sanitized",
          "kind": "groupCallLocator"
        },
        "source": {
          "communicationUser": {
            "id": "Sanitized"
          }
        },
        "callbackUri": "https://dummy.ngrok.io/api/incident/callback?SecretKey=helloworld",
        "requestedMediaTypes": [
          "audio"
        ],
        "requestedCallEvents": [
          "participantsUpdated"
        ]
      },
      "StatusCode": 202,
      "ResponseHeaders": {
        "Content-Length": "32",
        "Content-Type": "application/json; charset=utf-8",
        "Date": "Mon, 20 Dec 2021 12:01:29 GMT",
        "X-Azure-Ref": "0mXDAYQAAAADSxif8bEaqRKCeZdBTaXmkTUFBMDFFREdFMDExNAA5ZmM3YjUxOS1hOGNjLTRmODktOTM1ZS1jOTE0OGFlMDllODE=",
        "X-Cache": "CONFIG_NOCACHE",
        "X-Microsoft-Skype-Chain-ID": "291b8f93-210b-4517-bd1f-e4fc263399c5",
        "x-ms-client-request-id": "3cb9b5bc324bd07bbe36b0607e25da41"
      },
      "ResponseBody": {
        "callConnectionId": "Sanitized"
      }
    },
    {
      "RequestUri": "https://acs-app-validations.communication.azure.com/calling:join?api-version=2021-11-15-preview",
      "RequestMethod": "POST",
      "RequestHeaders": {
        "Accept": "application/json",
        "Authorization": "Sanitized",
        "Content-Length": "279",
        "Content-Type": "application/json",
        "traceparent": "00-13649a39d8365947a0c3521372bb7f71-8ab086b7e14df144-00",
        "User-Agent": "azsdk-net-Communication.CallingServer/1.0.0-alpha.20211220.1 (.NET Framework 4.8.4420.0; Microsoft Windows 10.0.22000 )",
        "x-ms-client-request-id": "56ecdbad1f431a5e8681ff66d102c2cb",
        "x-ms-content-sha256": "Sanitized",
        "x-ms-date": "Mon, 20 Dec 2021 12:01:31 GMT",
        "x-ms-return-client-request-id": "true"
      },
      "RequestBody": {
        "callLocator": {
          "groupCallId": "Sanitized",
          "kind": "groupCallLocator"
        },
        "source": {
          "communicationUser": {
            "id": "Sanitized"
          }
        },
        "callbackUri": "https://dummy.ngrok.io/api/incident/callback?SecretKey=helloworld",
        "requestedMediaTypes": [
          "audio"
        ],
        "requestedCallEvents": [
          "participantsUpdated"
        ]
      },
      "StatusCode": 202,
      "ResponseHeaders": {
        "Content-Length": "32",
        "Content-Type": "application/json; charset=utf-8",
        "Date": "Mon, 20 Dec 2021 12:01:30 GMT",
        "X-Azure-Ref": "0mnDAYQAAAACjp6oQIhKUSLmrInJiJPbOTUFBMDFFREdFMDExNAA5ZmM3YjUxOS1hOGNjLTRmODktOTM1ZS1jOTE0OGFlMDllODE=",
        "X-Cache": "CONFIG_NOCACHE",
        "X-Microsoft-Skype-Chain-ID": "6274c3ac-cff4-4fe8-8841-7243381a3236",
        "x-ms-client-request-id": "56ecdbad1f431a5e8681ff66d102c2cb"
      },
      "ResponseBody": {
        "callConnectionId": "Sanitized"
      }
    },
    {
      "RequestUri": "https://acs-app-validations.communication.azure.com/calling:playAudio?api-version=2021-11-15-preview",
      "RequestMethod": "POST",
      "RequestHeaders": {
        "Accept": "application/json",
        "Authorization": "Sanitized",
        "Content-Length": "378",
        "Content-Type": "application/json",
        "traceparent": "00-76ed9fe66bdea447b88cb0feaa81d0da-18b2356a69643f4e-00",
        "User-Agent": "azsdk-net-Communication.CallingServer/1.0.0-alpha.20211220.1 (.NET Framework 4.8.4420.0; Microsoft Windows 10.0.22000 )",
        "x-ms-client-request-id": "dfef15c90bdbcef06ef2629e6b739816",
        "x-ms-content-sha256": "Sanitized",
        "x-ms-date": "Mon, 20 Dec 2021 12:02:01 GMT",
        "x-ms-return-client-request-id": "true"
      },
      "RequestBody": {
        "callLocator": {
          "groupCallId": "Sanitized",
          "kind": "groupCallLocator"
        },
        "callbackUri": "https://dummy.ngrok.io/api/incident/callback?SecretKey=helloworld",
        "audioFileUri": "https://acsfunctionappstorage.blob.core.windows.net/acs-audio-files/sample-message.wav",
        "loop": true,
        "operationContext": "de346f03-7f8d-41ab-a232-cc5e14990769",
        "audioFileId": "ebb1d98d-fd86-4204-800c-f7bdfc2e515c"
      },
      "StatusCode": 202,
      "ResponseHeaders": {
        "Content-Length": "131",
        "Content-Type": "application/json; charset=utf-8",
        "Date": "Mon, 20 Dec 2021 12:02:01 GMT",
        "X-Azure-Ref": "0uHDAYQAAAAB/sKl3zMGwT5ShKsFdVJPeTUFBMDFFREdFMDExNAA5ZmM3YjUxOS1hOGNjLTRmODktOTM1ZS1jOTE0OGFlMDllODE=",
        "X-Cache": "CONFIG_NOCACHE",
        "X-Microsoft-Skype-Chain-ID": "a8d55a14-5196-41f0-b7bc-7b28bd1c1832",
        "x-ms-client-request-id": "dfef15c90bdbcef06ef2629e6b739816"
      },
      "ResponseBody": {
        "operationId": "8f1f1300-91ad-4fc6-9fac-c8db016403e5",
        "status": "running",
        "operationContext": "de346f03-7f8d-41ab-a232-cc5e14990769"
      }
    },
    {
      "RequestUri": "https://acs-app-validations.communication.azure.com/calling/callConnections/Sanitized/:cancelAllMediaOperations?api-version=2021-11-15-preview",
      "RequestMethod": "POST",
      "RequestHeaders": {
        "Accept": "application/json",
        "Authorization": "Sanitized",
        "User-Agent": "azsdk-net-Communication.CallingServer/1.0.0-alpha.20211220.1 (.NET Framework 4.8.4420.0; Microsoft Windows 10.0.22000 )",
        "x-ms-client-request-id": "27988abdf9bf9c75579eb6c93215febc",
        "x-ms-content-sha256": "Sanitized",
        "x-ms-date": "Mon, 20 Dec 2021 12:02:15 GMT",
        "x-ms-return-client-request-id": "true"
      },
      "RequestBody": null,
      "StatusCode": 200,
      "ResponseHeaders": {
        "Content-Length": "75",
        "Content-Type": "application/json; charset=utf-8",
        "Date": "Mon, 20 Dec 2021 12:02:14 GMT",
        "X-Azure-Ref": "0xnDAYQAAAAAETDS9M6RHQa5s7sJUXe0nTUFBMDFFREdFMDExNAA5ZmM3YjUxOS1hOGNjLTRmODktOTM1ZS1jOTE0OGFlMDllODE=",
        "X-Cache": "CONFIG_NOCACHE",
        "X-Microsoft-Skype-Chain-ID": "9a2c82df-4208-42b2-86d9-cc7ac0e4b624",
        "x-ms-client-request-id": "27988abdf9bf9c75579eb6c93215febc"
      },
      "ResponseBody": {
        "operationId": "79245a9f-363c-46c3-beac-20c824d04a91",
        "status": "completed"
      }
    },
    {
      "RequestUri": "https://acs-app-validations.communication.azure.com/calling/callConnections/Sanitized/:cancelAllMediaOperations?api-version=2021-11-15-preview",
      "RequestMethod": "POST",
      "RequestHeaders": {
        "Accept": "application/json",
        "Authorization": "Sanitized",
        "User-Agent": "azsdk-net-Communication.CallingServer/1.0.0-alpha.20211220.1 (.NET Framework 4.8.4420.0; Microsoft Windows 10.0.22000 )",
        "x-ms-client-request-id": "6896e573fa36a266ea1ee751bdbfaf12",
        "x-ms-content-sha256": "Sanitized",
        "x-ms-date": "Mon, 20 Dec 2021 12:02:15 GMT",
        "x-ms-return-client-request-id": "true"
      },
      "RequestBody": null,
      "StatusCode": 200,
      "ResponseHeaders": {
        "Content-Length": "75",
        "Content-Type": "application/json; charset=utf-8",
        "Date": "Mon, 20 Dec 2021 12:02:14 GMT",
        "X-Azure-Ref": "0xnDAYQAAAAC2z\u002BSdAOtLSLc3Vj9ixCY4TUFBMDFFREdFMDExNAA5ZmM3YjUxOS1hOGNjLTRmODktOTM1ZS1jOTE0OGFlMDllODE=",
        "X-Cache": "CONFIG_NOCACHE",
        "X-Microsoft-Skype-Chain-ID": "9a2c82df-4208-42b2-86d9-cc7ac0e4b624",
        "x-ms-client-request-id": "6896e573fa36a266ea1ee751bdbfaf12"
      },
      "ResponseBody": {
        "operationId": "017b68c8-ff93-4ace-a171-90fd522f75be",
        "status": "completed"
      }
    },
    {
      "RequestUri": "https://acs-app-validations.communication.azure.com/calling/callConnections/Sanitized/:hangup?api-version=2021-11-15-preview",
      "RequestMethod": "POST",
      "RequestHeaders": {
        "Accept": "application/json",
        "Authorization": "Sanitized",
        "User-Agent": "azsdk-net-Communication.CallingServer/1.0.0-alpha.20211220.1 (.NET Framework 4.8.4420.0; Microsoft Windows 10.0.22000 )",
        "x-ms-client-request-id": "46a9e8e99b6acf0b9f52873c54269b59",
        "x-ms-content-sha256": "Sanitized",
        "x-ms-date": "Mon, 20 Dec 2021 12:02:16 GMT",
        "x-ms-return-client-request-id": "true"
      },
      "RequestBody": null,
      "StatusCode": 202,
      "ResponseHeaders": {
        "Content-Length": "0",
        "Date": "Mon, 20 Dec 2021 12:02:15 GMT",
        "X-Azure-Ref": "0x3DAYQAAAABReYOKsFpDRoG50reP1hMITUFBMDFFREdFMDExNAA5ZmM3YjUxOS1hOGNjLTRmODktOTM1ZS1jOTE0OGFlMDllODE=",
        "X-Cache": "CONFIG_NOCACHE",
        "X-Microsoft-Skype-Chain-ID": "9a2c82df-4208-42b2-86d9-cc7ac0e4b624",
        "x-ms-client-request-id": "46a9e8e99b6acf0b9f52873c54269b59"
      },
      "ResponseBody": []
    },
    {
      "RequestUri": "https://acs-app-validations.communication.azure.com/calling/callConnections/Sanitized/:hangup?api-version=2021-11-15-preview",
      "RequestMethod": "POST",
      "RequestHeaders": {
        "Accept": "application/json",
        "Authorization": "Sanitized",
        "User-Agent": "azsdk-net-Communication.CallingServer/1.0.0-alpha.20211220.1 (.NET Framework 4.8.4420.0; Microsoft Windows 10.0.22000 )",
        "x-ms-client-request-id": "862ba6f32fdcc2e024f63da11124df97",
        "x-ms-content-sha256": "Sanitized",
        "x-ms-date": "Mon, 20 Dec 2021 12:02:16 GMT",
        "x-ms-return-client-request-id": "true"
      },
      "RequestBody": null,
      "StatusCode": 202,
      "ResponseHeaders": {
        "Content-Length": "0",
        "Date": "Mon, 20 Dec 2021 12:02:15 GMT",
        "X-Azure-Ref": "0x3DAYQAAAAAIuLObqkKeQ60LzaL10Yb1TUFBMDFFREdFMDExNAA5ZmM3YjUxOS1hOGNjLTRmODktOTM1ZS1jOTE0OGFlMDllODE=",
        "X-Cache": "CONFIG_NOCACHE",
        "X-Microsoft-Skype-Chain-ID": "9a2c82df-4208-42b2-86d9-cc7ac0e4b624",
        "x-ms-client-request-id": "862ba6f32fdcc2e024f63da11124df97"
      },
      "ResponseBody": []
    }
  ],
  "Variables": {
    "COMMUNICATION_LIVETEST_STATIC_CONNECTION_STRING": "endpoint=https://acs-app-validations.communication.azure.com/;accesskey=Kg==",
    "COMMUNICATION_LIVETEST_STATIC_RESOURCE_IDENTIFIER": "Sanitized",
    "RandomSeed": "1796440708"
  }
}