{
  "Entries": [
    {
      "RequestUri": "https://management.azure.com/subscriptions/db1ab6f0-4769-4b27-930e-01e2ef9c123c?api-version=2021-01-01",
      "RequestMethod": "GET",
      "RequestHeaders": {
        "Accept": "application/json",
        "Authorization": "Sanitized",
        "traceparent": "00-6f7f33dd0b7c5c4154563fff05b0f570-1758f57559b64e11-00",
        "User-Agent": "azsdk-net-ResourceManager/1.0.0 (.NET 6.0.5; Microsoft Windows 10.0.22621)",
        "x-ms-client-request-id": "4d17d32a319221aeaf5cc0755ad09d23",
        "x-ms-return-client-request-id": "true"
      },
      "RequestBody": null,
      "StatusCode": 200,
      "ResponseHeaders": {
        "Cache-Control": "no-cache",
        "Content-Length": "747",
        "Content-Type": "application/json; charset=utf-8",
        "Date": "Mon, 06 Jun 2022 11:53:22 GMT",
        "Expires": "-1",
        "Pragma": "no-cache",
        "Strict-Transport-Security": "max-age=31536000; includeSubDomains",
        "X-Content-Type-Options": "nosniff",
        "x-ms-correlation-request-id": "4a9f4ef8-21c7-42a2-8024-c339b5032b1f",
        "x-ms-ratelimit-remaining-subscription-reads": "11834",
        "x-ms-request-id": "4a9f4ef8-21c7-42a2-8024-c339b5032b1f",
        "x-ms-routing-request-id": "SOUTHEASTASIA:20220606T115323Z:4a9f4ef8-21c7-42a2-8024-c339b5032b1f"
      },
      "ResponseBody": {
        "id": "/subscriptions/db1ab6f0-4769-4b27-930e-01e2ef9c123c",
        "authorizationSource": "RoleBased",
        "managedByTenants": [],
        "tags": {
          "TagKey-9823": "TagValue-566",
          "TagKey-3481": "TagValue-320",
          "TagKey-4926": "TagValue-1187",
          "TagKey-751": "TagValue-3921",
          "TagKey-1866": "TagValue-8559",
          "TagKey-3094": "TagValue-9190",
          "TagKey-2449": "TagValue-9",
          "TagKey-8379": "TagValue-164",
          "TagKey-7470": "TagValue-2205",
          "TagKey-4236": "TagValue-3698",
          "TagKey-5316": "TagValue-2725"
        },
        "subscriptionId": "db1ab6f0-4769-4b27-930e-01e2ef9c123c",
        "tenantId": "72f988bf-86f1-41af-91ab-2d7cd011db47",
        "displayName": ".NET Mgmt SDK Test with TTL = 1 Day",
        "state": "Enabled",
        "subscriptionPolicies": {
          "locationPlacementId": "Internal_2014-09-01",
          "quotaId": "Internal_2014-09-01",
          "spendingLimit": "Off"
        }
      }
    },
    {
      "RequestUri": "https://management.azure.com/subscriptions/db1ab6f0-4769-4b27-930e-01e2ef9c123c/resourcegroups/testRG-1449?api-version=2021-04-01",
      "RequestMethod": "PUT",
      "RequestHeaders": {
        "Accept": "application/json",
        "Authorization": "Sanitized",
        "Content-Length": "43",
        "Content-Type": "application/json",
        "traceparent": "00-73429886dcab51a6facbb7cee440edbc-90a7eade1f3b6e93-00",
        "User-Agent": "azsdk-net-ResourceManager/1.0.0 (.NET 6.0.5; Microsoft Windows 10.0.22621)",
        "x-ms-client-request-id": "29662cbe4727c97ab23e13181eefe156",
        "x-ms-return-client-request-id": "true"
      },
      "RequestBody": {
        "tags": {
          "test": "env"
        },
        "location": "eastus"
      },
      "StatusCode": 201,
      "ResponseHeaders": {
        "Cache-Control": "no-cache",
        "Content-Length": "241",
        "Content-Type": "application/json; charset=utf-8",
        "Date": "Mon, 06 Jun 2022 11:53:24 GMT",
        "Expires": "-1",
        "Pragma": "no-cache",
        "Strict-Transport-Security": "max-age=31536000; includeSubDomains",
        "X-Content-Type-Options": "nosniff",
        "x-ms-correlation-request-id": "370a3d87-fb09-438f-8ebb-b6a3e4911551",
        "x-ms-ratelimit-remaining-subscription-writes": "1033",
        "x-ms-request-id": "370a3d87-fb09-438f-8ebb-b6a3e4911551",
        "x-ms-routing-request-id": "SOUTHEASTASIA:20220606T115325Z:370a3d87-fb09-438f-8ebb-b6a3e4911551"
      },
      "ResponseBody": {
        "id": "/subscriptions/db1ab6f0-4769-4b27-930e-01e2ef9c123c/resourceGroups/testRG-1449",
        "name": "testRG-1449",
        "type": "Microsoft.Resources/resourceGroups",
        "location": "eastus",
        "tags": {
          "test": "env"
        },
        "properties": {
          "provisioningState": "Succeeded"
        }
      }
    },
    {
      "RequestUri": "https://management.azure.com/subscriptions/db1ab6f0-4769-4b27-930e-01e2ef9c123c/resourceGroups/testRG-1449/providers/Microsoft.Compute/galleries/testGallery_1375?api-version=2022-01-03",
      "RequestMethod": "PUT",
      "RequestHeaders": {
        "Accept": "application/json",
        "Authorization": "Sanitized",
        "Content-Length": "47",
        "Content-Type": "application/json",
        "traceparent": "00-bd7d8a6ca0fc3c7ffff8275f14534b05-6ed1cc14175f590b-00",
        "User-Agent": "azsdk-net-ResourceManager.Compute/1.0.0-alpha.20220606.1 (.NET 6.0.5; Microsoft Windows 10.0.22621)",
        "x-ms-client-request-id": "9059e3c78930a86b843c888edb1a5eaf",
        "x-ms-return-client-request-id": "true"
      },
      "RequestBody": {
        "tags": {},
        "location": "eastus",
        "properties": {}
      },
      "StatusCode": 201,
      "ResponseHeaders": {
        "Azure-AsyncOperation": "https://management.azure.com/subscriptions/db1ab6f0-4769-4b27-930e-01e2ef9c123c/providers/Microsoft.Compute/locations/eastus/capsOperations/a5edb98d-14fc-4803-86c8-621b31ec036b?api-version=2022-01-03",
        "Cache-Control": "no-cache",
        "Content-Length": "430",
        "Content-Type": "application/json; charset=utf-8",
        "Date": "Mon, 06 Jun 2022 11:53:28 GMT",
        "Expires": "-1",
        "Pragma": "no-cache",
        "Server": [
          "Microsoft-HTTPAPI/2.0",
          "Microsoft-HTTPAPI/2.0"
        ],
        "Strict-Transport-Security": "max-age=31536000; includeSubDomains",
        "X-Content-Type-Options": "nosniff",
        "x-ms-client-request-id": "9059e3c78930a86b843c888edb1a5eaf",
        "x-ms-correlation-request-id": "d31a710a-a28d-43f8-b71c-5bf17c32827d",
        "x-ms-ratelimit-remaining-resource": "Microsoft.Compute/CreateUpdateGallery3Min;49,Microsoft.Compute/CreateUpdateGallery30Min;299",
        "x-ms-ratelimit-remaining-subscription-writes": "1032",
        "x-ms-request-id": "a5edb98d-14fc-4803-86c8-621b31ec036b",
        "x-ms-routing-request-id": "SOUTHEASTASIA:20220606T115329Z:d31a710a-a28d-43f8-b71c-5bf17c32827d",
        "x-ms-served-by": "93349dd3-1a08-407f-a5f3-141bfca8f802_132961866580181377,93349dd3-1a08-407f-a5f3-141bfca8f802_132961866580181377"
      },
      "ResponseBody": {
        "name": "testGallery_1375",
        "id": "/subscriptions/db1ab6f0-4769-4b27-930e-01e2ef9c123c/resourceGroups/testRG-1449/providers/Microsoft.Compute/galleries/testGallery_1375",
        "type": "Microsoft.Compute/galleries",
        "location": "eastus",
        "tags": {},
        "properties": {
          "identifier": {
            "uniqueName": "db1ab6f0-4769-4b27-930e-01e2ef9c123c-TESTGALLERY_1375"
          },
          "provisioningState": "Creating"
        }
      }
    },
    {
      "RequestUri": "https://management.azure.com/subscriptions/db1ab6f0-4769-4b27-930e-01e2ef9c123c/providers/Microsoft.Compute/locations/eastus/capsOperations/a5edb98d-14fc-4803-86c8-621b31ec036b?api-version=2022-01-03",
      "RequestMethod": "GET",
      "RequestHeaders": {
        "Authorization": "Sanitized",
        "traceparent": "00-bd7d8a6ca0fc3c7ffff8275f14534b05-a942b99f4b4a027b-00",
        "User-Agent": "azsdk-net-ResourceManager/1.0.0 (.NET 6.0.5; Microsoft Windows 10.0.22621)",
        "x-ms-client-request-id": "b909b21ed3caa38efb81a30af13bd623",
        "x-ms-return-client-request-id": "true"
      },
      "RequestBody": null,
      "StatusCode": 200,
      "ResponseHeaders": {
        "Cache-Control": "no-cache",
        "Content-Length": "184",
        "Content-Type": "application/json; charset=utf-8",
        "Date": "Mon, 06 Jun 2022 11:53:28 GMT",
        "Expires": "-1",
        "Pragma": "no-cache",
        "Server": [
          "Microsoft-HTTPAPI/2.0",
          "Microsoft-HTTPAPI/2.0"
        ],
        "Strict-Transport-Security": "max-age=31536000; includeSubDomains",
        "X-Content-Type-Options": "nosniff",
        "x-ms-client-request-id": "b909b21ed3caa38efb81a30af13bd623",
        "x-ms-correlation-request-id": "8cbb105f-9c52-4330-b31d-7387a197bae6",
        "x-ms-ratelimit-remaining-resource": "Microsoft.Compute/GetOperationStatus3Min;1199,Microsoft.Compute/GetOperationStatus30Min;4199",
        "x-ms-ratelimit-remaining-subscription-reads": "11833",
        "x-ms-request-id": "e9b571f6-5c59-4834-9a8a-b98593ec0821",
        "x-ms-routing-request-id": "SOUTHEASTASIA:20220606T115329Z:8cbb105f-9c52-4330-b31d-7387a197bae6",
        "x-ms-served-by": "93349dd3-1a08-407f-a5f3-141bfca8f802_132961866580181377,93349dd3-1a08-407f-a5f3-141bfca8f802_132961866580181377"
      },
      "ResponseBody": {
        "startTime": "2022-06-06T11:53:28.0717647\u002B00:00",
        "endTime": "2022-06-06T11:53:28.3373882\u002B00:00",
        "status": "Succeeded",
        "name": "a5edb98d-14fc-4803-86c8-621b31ec036b"
      }
    },
    {
      "RequestUri": "https://management.azure.com/subscriptions/db1ab6f0-4769-4b27-930e-01e2ef9c123c/resourceGroups/testRG-1449/providers/Microsoft.Compute/galleries/testGallery_1375?api-version=2022-01-03",
      "RequestMethod": "GET",
      "RequestHeaders": {
        "Authorization": "Sanitized",
        "traceparent": "00-bd7d8a6ca0fc3c7ffff8275f14534b05-41256a6d0bc47bc0-00",
        "User-Agent": "azsdk-net-ResourceManager/1.0.0 (.NET 6.0.5; Microsoft Windows 10.0.22621)",
        "x-ms-client-request-id": "328c68b4f5c8c3dc57bb0c5096d09ef2",
        "x-ms-return-client-request-id": "true"
      },
      "RequestBody": null,
      "StatusCode": 200,
      "ResponseHeaders": {
        "Cache-Control": "no-cache",
        "Content-Length": "431",
        "Content-Type": "application/json; charset=utf-8",
        "Date": "Mon, 06 Jun 2022 11:53:29 GMT",
        "Expires": "-1",
        "Pragma": "no-cache",
        "Server": [
          "Microsoft-HTTPAPI/2.0",
          "Microsoft-HTTPAPI/2.0"
        ],
        "Strict-Transport-Security": "max-age=31536000; includeSubDomains",
        "X-Content-Type-Options": "nosniff",
        "x-ms-client-request-id": "328c68b4f5c8c3dc57bb0c5096d09ef2",
        "x-ms-correlation-request-id": "4c6e4324-b5ce-4f36-a4f9-edf17daf7d9f",
        "x-ms-ratelimit-remaining-resource": "Microsoft.Compute/GetGallery3Min;349,Microsoft.Compute/GetGallery30Min;2499",
        "x-ms-ratelimit-remaining-subscription-reads": "11832",
        "x-ms-request-id": "ccad7319-a90b-49b1-8174-37672375c3c5",
        "x-ms-routing-request-id": "SOUTHEASTASIA:20220606T115330Z:4c6e4324-b5ce-4f36-a4f9-edf17daf7d9f",
        "x-ms-served-by": "93349dd3-1a08-407f-a5f3-141bfca8f802_132961866580181377,93349dd3-1a08-407f-a5f3-141bfca8f802_132961866580181377"
      },
      "ResponseBody": {
        "name": "testGallery_1375",
        "id": "/subscriptions/db1ab6f0-4769-4b27-930e-01e2ef9c123c/resourceGroups/testRG-1449/providers/Microsoft.Compute/galleries/testGallery_1375",
        "type": "Microsoft.Compute/galleries",
        "location": "eastus",
        "tags": {},
        "properties": {
          "identifier": {
            "uniqueName": "db1ab6f0-4769-4b27-930e-01e2ef9c123c-TESTGALLERY_1375"
          },
          "provisioningState": "Succeeded"
        }
      }
    }
  ],
  "Variables": {
    "RandomSeed": "1619911413",
    "RESOURCE_MANAGER_URL": null,
    "SUBSCRIPTION_ID": "db1ab6f0-4769-4b27-930e-01e2ef9c123c"
  }
}
