{
  "Entries": [
    {
      "RequestUri": "https://management.azure.com/subscriptions/db1ab6f0-4769-4b27-930e-01e2ef9c123c?api-version=2021-01-01",
      "RequestMethod": "GET",
      "RequestHeaders": {
        "Accept": "application/json",
        "Authorization": "Sanitized",
        "traceparent": "00-a8b3d7e24f42d4d90c317ce4718acbec-aef223f4670200c3-00",
        "User-Agent": "azsdk-net-ResourceManager/1.0.0 (.NET 6.0.5; Microsoft Windows 10.0.22621)",
        "x-ms-client-request-id": "fbd7d8dfe4f6ae4a64a9d851625d2acd",
        "x-ms-return-client-request-id": "true"
      },
      "RequestBody": null,
      "StatusCode": 200,
      "ResponseHeaders": {
        "Cache-Control": "no-cache",
        "Content-Length": "747",
        "Content-Type": "application/json; charset=utf-8",
        "Date": "Mon, 06 Jun 2022 11:54:14 GMT",
        "Expires": "-1",
        "Pragma": "no-cache",
        "Strict-Transport-Security": "max-age=31536000; includeSubDomains",
        "X-Content-Type-Options": "nosniff",
        "x-ms-correlation-request-id": "89b26e7d-ddf6-40c6-9c3d-a50191ee3fa7",
        "x-ms-ratelimit-remaining-subscription-reads": "11816",
        "x-ms-request-id": "89b26e7d-ddf6-40c6-9c3d-a50191ee3fa7",
        "x-ms-routing-request-id": "SOUTHEASTASIA:20220606T115415Z:89b26e7d-ddf6-40c6-9c3d-a50191ee3fa7"
      },
      "ResponseBody": {
        "id": "/subscriptions/db1ab6f0-4769-4b27-930e-01e2ef9c123c",
        "authorizationSource": "RoleBased",
        "managedByTenants": [],
        "tags": {
          "TagKey-9823": "TagValue-566",
          "TagKey-3481": "TagValue-320",
          "TagKey-4926": "TagValue-1187",
          "TagKey-751": "TagValue-3921",
          "TagKey-1866": "TagValue-8559",
          "TagKey-3094": "TagValue-9190",
          "TagKey-2449": "TagValue-9",
          "TagKey-8379": "TagValue-164",
          "TagKey-7470": "TagValue-2205",
          "TagKey-4236": "TagValue-3698",
          "TagKey-5316": "TagValue-2725"
        },
        "subscriptionId": "db1ab6f0-4769-4b27-930e-01e2ef9c123c",
        "tenantId": "72f988bf-86f1-41af-91ab-2d7cd011db47",
        "displayName": ".NET Mgmt SDK Test with TTL = 1 Day",
        "state": "Enabled",
        "subscriptionPolicies": {
          "locationPlacementId": "Internal_2014-09-01",
          "quotaId": "Internal_2014-09-01",
          "spendingLimit": "Off"
        }
      }
    },
    {
      "RequestUri": "https://management.azure.com/subscriptions/db1ab6f0-4769-4b27-930e-01e2ef9c123c/resourcegroups/testRG-542?api-version=2021-04-01",
      "RequestMethod": "PUT",
      "RequestHeaders": {
        "Accept": "application/json",
        "Authorization": "Sanitized",
        "Content-Length": "43",
        "Content-Type": "application/json",
        "traceparent": "00-7d9c2a911ba34a97473932219f00eed2-9dc01cef35c4af6e-00",
        "User-Agent": "azsdk-net-ResourceManager/1.0.0 (.NET 6.0.5; Microsoft Windows 10.0.22621)",
        "x-ms-client-request-id": "f19c8f28677bc2d75bea4a99d6e57b76",
        "x-ms-return-client-request-id": "true"
      },
      "RequestBody": {
        "tags": {
          "test": "env"
        },
        "location": "eastus"
      },
      "StatusCode": 201,
      "ResponseHeaders": {
        "Cache-Control": "no-cache",
        "Content-Length": "239",
        "Content-Type": "application/json; charset=utf-8",
        "Date": "Mon, 06 Jun 2022 11:54:15 GMT",
        "Expires": "-1",
        "Pragma": "no-cache",
        "Strict-Transport-Security": "max-age=31536000; includeSubDomains",
        "X-Content-Type-Options": "nosniff",
        "x-ms-correlation-request-id": "9f1f1cde-5dd0-412a-add3-3ba7a121e237",
        "x-ms-ratelimit-remaining-subscription-writes": "1024",
        "x-ms-request-id": "9f1f1cde-5dd0-412a-add3-3ba7a121e237",
        "x-ms-routing-request-id": "SOUTHEASTASIA:20220606T115416Z:9f1f1cde-5dd0-412a-add3-3ba7a121e237"
      },
      "ResponseBody": {
        "id": "/subscriptions/db1ab6f0-4769-4b27-930e-01e2ef9c123c/resourceGroups/testRG-542",
        "name": "testRG-542",
        "type": "Microsoft.Resources/resourceGroups",
        "location": "eastus",
        "tags": {
          "test": "env"
        },
        "properties": {
          "provisioningState": "Succeeded"
        }
      }
    },
    {
      "RequestUri": "https://management.azure.com/subscriptions/db1ab6f0-4769-4b27-930e-01e2ef9c123c/resourceGroups/testRG-542/providers/Microsoft.Compute/galleries/testGallery_8780?api-version=2022-01-03",
      "RequestMethod": "PUT",
      "RequestHeaders": {
        "Accept": "application/json",
        "Authorization": "Sanitized",
        "Content-Length": "47",
        "Content-Type": "application/json",
        "traceparent": "00-f2aafc23eaec35b2e7803c6b9ebdf56b-5f90bfa25daeb194-00",
        "User-Agent": "azsdk-net-ResourceManager.Compute/1.0.0-alpha.20220606.1 (.NET 6.0.5; Microsoft Windows 10.0.22621)",
        "x-ms-client-request-id": "66760d55198716a7e9f5032f67cb0c0b",
        "x-ms-return-client-request-id": "true"
      },
      "RequestBody": {
        "tags": {},
        "location": "eastus",
        "properties": {}
      },
      "StatusCode": 201,
      "ResponseHeaders": {
        "Azure-AsyncOperation": "https://management.azure.com/subscriptions/db1ab6f0-4769-4b27-930e-01e2ef9c123c/providers/Microsoft.Compute/locations/eastus/capsOperations/e5a0fa81-2756-4bce-abb3-44f60ebb1c4b?api-version=2022-01-03",
        "Cache-Control": "no-cache",
        "Content-Length": "429",
        "Content-Type": "application/json; charset=utf-8",
        "Date": "Mon, 06 Jun 2022 11:54:19 GMT",
        "Expires": "-1",
        "Pragma": "no-cache",
        "Server": [
          "Microsoft-HTTPAPI/2.0",
          "Microsoft-HTTPAPI/2.0"
        ],
        "Strict-Transport-Security": "max-age=31536000; includeSubDomains",
        "X-Content-Type-Options": "nosniff",
        "x-ms-client-request-id": "66760d55198716a7e9f5032f67cb0c0b",
        "x-ms-correlation-request-id": "90e358ec-fc81-468f-81d1-ff1e19c27dfd",
        "x-ms-ratelimit-remaining-resource": "Microsoft.Compute/CreateUpdateGallery3Min;44,Microsoft.Compute/CreateUpdateGallery30Min;294",
        "x-ms-ratelimit-remaining-subscription-writes": "1023",
        "x-ms-request-id": "e5a0fa81-2756-4bce-abb3-44f60ebb1c4b",
        "x-ms-routing-request-id": "SOUTHEASTASIA:20220606T115419Z:90e358ec-fc81-468f-81d1-ff1e19c27dfd",
        "x-ms-served-by": "93349dd3-1a08-407f-a5f3-141bfca8f802_132961866580181377,93349dd3-1a08-407f-a5f3-141bfca8f802_132961866580181377"
      },
      "ResponseBody": {
        "name": "testGallery_8780",
        "id": "/subscriptions/db1ab6f0-4769-4b27-930e-01e2ef9c123c/resourceGroups/testRG-542/providers/Microsoft.Compute/galleries/testGallery_8780",
        "type": "Microsoft.Compute/galleries",
        "location": "eastus",
        "tags": {},
        "properties": {
          "identifier": {
            "uniqueName": "db1ab6f0-4769-4b27-930e-01e2ef9c123c-TESTGALLERY_8780"
          },
          "provisioningState": "Creating"
        }
      }
    },
    {
      "RequestUri": "https://management.azure.com/subscriptions/db1ab6f0-4769-4b27-930e-01e2ef9c123c/providers/Microsoft.Compute/locations/eastus/capsOperations/e5a0fa81-2756-4bce-abb3-44f60ebb1c4b?api-version=2022-01-03",
      "RequestMethod": "GET",
      "RequestHeaders": {
        "Authorization": "Sanitized",
        "traceparent": "00-f2aafc23eaec35b2e7803c6b9ebdf56b-6ec40e351583af66-00",
        "User-Agent": "azsdk-net-ResourceManager/1.0.0 (.NET 6.0.5; Microsoft Windows 10.0.22621)",
        "x-ms-client-request-id": "c0d47c04c215820849647de2bf2c827e",
        "x-ms-return-client-request-id": "true"
      },
      "RequestBody": null,
      "StatusCode": 200,
      "ResponseHeaders": {
        "Cache-Control": "no-cache",
        "Content-Length": "184",
        "Content-Type": "application/json; charset=utf-8",
        "Date": "Mon, 06 Jun 2022 11:54:19 GMT",
        "Expires": "-1",
        "Pragma": "no-cache",
        "Server": [
          "Microsoft-HTTPAPI/2.0",
          "Microsoft-HTTPAPI/2.0"
        ],
        "Strict-Transport-Security": "max-age=31536000; includeSubDomains",
        "X-Content-Type-Options": "nosniff",
        "x-ms-client-request-id": "c0d47c04c215820849647de2bf2c827e",
        "x-ms-correlation-request-id": "a88b6cd2-51b0-4e89-bd0c-73f986404479",
        "x-ms-ratelimit-remaining-resource": "Microsoft.Compute/GetOperationStatus3Min;1186,Microsoft.Compute/GetOperationStatus30Min;4186",
        "x-ms-ratelimit-remaining-subscription-reads": "11815",
        "x-ms-request-id": "91c47ee7-16d0-4189-bed3-bb8497600f14",
        "x-ms-routing-request-id": "SOUTHEASTASIA:20220606T115420Z:a88b6cd2-51b0-4e89-bd0c-73f986404479",
        "x-ms-served-by": "93349dd3-1a08-407f-a5f3-141bfca8f802_132961866580181377,93349dd3-1a08-407f-a5f3-141bfca8f802_132961866580181377"
      },
      "ResponseBody": {
        "startTime": "2022-06-06T11:54:18.4942801\u002B00:00",
        "endTime": "2022-06-06T11:54:18.6036767\u002B00:00",
        "status": "Succeeded",
        "name": "e5a0fa81-2756-4bce-abb3-44f60ebb1c4b"
      }
    },
    {
      "RequestUri": "https://management.azure.com/subscriptions/db1ab6f0-4769-4b27-930e-01e2ef9c123c/resourceGroups/testRG-542/providers/Microsoft.Compute/galleries/testGallery_8780?api-version=2022-01-03",
      "RequestMethod": "GET",
      "RequestHeaders": {
        "Authorization": "Sanitized",
        "traceparent": "00-f2aafc23eaec35b2e7803c6b9ebdf56b-e9ab0ea731faa87c-00",
        "User-Agent": "azsdk-net-ResourceManager/1.0.0 (.NET 6.0.5; Microsoft Windows 10.0.22621)",
        "x-ms-client-request-id": "df9cca8d448ee47c0d3dcb8e19928826",
        "x-ms-return-client-request-id": "true"
      },
      "RequestBody": null,
      "StatusCode": 200,
      "ResponseHeaders": {
        "Cache-Control": "no-cache",
        "Content-Length": "430",
        "Content-Type": "application/json; charset=utf-8",
        "Date": "Mon, 06 Jun 2022 11:54:20 GMT",
        "Expires": "-1",
        "Pragma": "no-cache",
        "Server": [
          "Microsoft-HTTPAPI/2.0",
          "Microsoft-HTTPAPI/2.0"
        ],
        "Strict-Transport-Security": "max-age=31536000; includeSubDomains",
        "X-Content-Type-Options": "nosniff",
        "x-ms-client-request-id": "df9cca8d448ee47c0d3dcb8e19928826",
        "x-ms-correlation-request-id": "199958f2-4af5-4f66-b6f7-e31ee9366221",
        "x-ms-ratelimit-remaining-resource": "Microsoft.Compute/GetGallery3Min;327,Microsoft.Compute/GetGallery30Min;2477",
        "x-ms-ratelimit-remaining-subscription-reads": "11814",
        "x-ms-request-id": "9bdcda91-5aac-4ee9-8512-28a443ea0af4",
        "x-ms-routing-request-id": "SOUTHEASTASIA:20220606T115420Z:199958f2-4af5-4f66-b6f7-e31ee9366221",
        "x-ms-served-by": "93349dd3-1a08-407f-a5f3-141bfca8f802_132961866580181377,93349dd3-1a08-407f-a5f3-141bfca8f802_132961866580181377"
      },
      "ResponseBody": {
        "name": "testGallery_8780",
        "id": "/subscriptions/db1ab6f0-4769-4b27-930e-01e2ef9c123c/resourceGroups/testRG-542/providers/Microsoft.Compute/galleries/testGallery_8780",
        "type": "Microsoft.Compute/galleries",
        "location": "eastus",
        "tags": {},
        "properties": {
          "identifier": {
            "uniqueName": "db1ab6f0-4769-4b27-930e-01e2ef9c123c-TESTGALLERY_8780"
          },
          "provisioningState": "Succeeded"
        }
      }
    },
    {
      "RequestUri": "https://management.azure.com/subscriptions/db1ab6f0-4769-4b27-930e-01e2ef9c123c/resourceGroups/testRG-542/providers/Microsoft.Compute/galleries/testGallery_1041?api-version=2022-01-03",
      "RequestMethod": "PUT",
      "RequestHeaders": {
        "Accept": "application/json",
        "Authorization": "Sanitized",
        "Content-Length": "47",
        "Content-Type": "application/json",
        "traceparent": "00-6a653bec3b5077e01285ed301779a2d0-ba9ef06fbb18de91-00",
        "User-Agent": "azsdk-net-ResourceManager.Compute/1.0.0-alpha.20220606.1 (.NET 6.0.5; Microsoft Windows 10.0.22621)",
        "x-ms-client-request-id": "eb2a29984cf787f59365cffff31c796d",
        "x-ms-return-client-request-id": "true"
      },
      "RequestBody": {
        "tags": {},
        "location": "eastus",
        "properties": {}
      },
      "StatusCode": 201,
      "ResponseHeaders": {
        "Azure-AsyncOperation": "https://management.azure.com/subscriptions/db1ab6f0-4769-4b27-930e-01e2ef9c123c/providers/Microsoft.Compute/locations/eastus/capsOperations/30a248aa-2c26-4a86-bd8b-3222ff7bd21a?api-version=2022-01-03",
        "Cache-Control": "no-cache",
        "Content-Length": "429",
        "Content-Type": "application/json; charset=utf-8",
        "Date": "Mon, 06 Jun 2022 11:54:23 GMT",
        "Expires": "-1",
        "Pragma": "no-cache",
        "Server": [
          "Microsoft-HTTPAPI/2.0",
          "Microsoft-HTTPAPI/2.0"
        ],
        "Strict-Transport-Security": "max-age=31536000; includeSubDomains",
        "X-Content-Type-Options": "nosniff",
        "x-ms-client-request-id": "eb2a29984cf787f59365cffff31c796d",
        "x-ms-correlation-request-id": "90649bd6-a55f-420d-9fd3-2996d03d9149",
        "x-ms-ratelimit-remaining-resource": "Microsoft.Compute/CreateUpdateGallery3Min;43,Microsoft.Compute/CreateUpdateGallery30Min;293",
        "x-ms-ratelimit-remaining-subscription-writes": "1022",
        "x-ms-request-id": "30a248aa-2c26-4a86-bd8b-3222ff7bd21a",
        "x-ms-routing-request-id": "SOUTHEASTASIA:20220606T115424Z:90649bd6-a55f-420d-9fd3-2996d03d9149",
        "x-ms-served-by": "93349dd3-1a08-407f-a5f3-141bfca8f802_132961866580181377,93349dd3-1a08-407f-a5f3-141bfca8f802_132961866580181377"
      },
      "ResponseBody": {
        "name": "testGallery_1041",
        "id": "/subscriptions/db1ab6f0-4769-4b27-930e-01e2ef9c123c/resourceGroups/testRG-542/providers/Microsoft.Compute/galleries/testGallery_1041",
        "type": "Microsoft.Compute/galleries",
        "location": "eastus",
        "tags": {},
        "properties": {
          "identifier": {
            "uniqueName": "db1ab6f0-4769-4b27-930e-01e2ef9c123c-TESTGALLERY_1041"
          },
          "provisioningState": "Creating"
        }
      }
    },
    {
      "RequestUri": "https://management.azure.com/subscriptions/db1ab6f0-4769-4b27-930e-01e2ef9c123c/providers/Microsoft.Compute/locations/eastus/capsOperations/30a248aa-2c26-4a86-bd8b-3222ff7bd21a?api-version=2022-01-03",
      "RequestMethod": "GET",
      "RequestHeaders": {
        "Authorization": "Sanitized",
        "traceparent": "00-6a653bec3b5077e01285ed301779a2d0-0bc2ba43984238ef-00",
        "User-Agent": "azsdk-net-ResourceManager/1.0.0 (.NET 6.0.5; Microsoft Windows 10.0.22621)",
        "x-ms-client-request-id": "954a57dc97024187d5144b28747cf1f0",
        "x-ms-return-client-request-id": "true"
      },
      "RequestBody": null,
      "StatusCode": 200,
      "ResponseHeaders": {
        "Cache-Control": "no-cache",
        "Content-Length": "184",
        "Content-Type": "application/json; charset=utf-8",
        "Date": "Mon, 06 Jun 2022 11:54:23 GMT",
        "Expires": "-1",
        "Pragma": "no-cache",
        "Server": [
          "Microsoft-HTTPAPI/2.0",
          "Microsoft-HTTPAPI/2.0"
        ],
        "Strict-Transport-Security": "max-age=31536000; includeSubDomains",
        "X-Content-Type-Options": "nosniff",
        "x-ms-client-request-id": "954a57dc97024187d5144b28747cf1f0",
        "x-ms-correlation-request-id": "f18e892e-a9c9-417f-a5ea-eebb1ed22c7f",
        "x-ms-ratelimit-remaining-resource": "Microsoft.Compute/GetOperationStatus3Min;1184,Microsoft.Compute/GetOperationStatus30Min;4184",
        "x-ms-ratelimit-remaining-subscription-reads": "11813",
        "x-ms-request-id": "2e21fc02-cb5c-4c09-8219-79af5f1d036a",
        "x-ms-routing-request-id": "SOUTHEASTASIA:20220606T115424Z:f18e892e-a9c9-417f-a5ea-eebb1ed22c7f",
        "x-ms-served-by": "93349dd3-1a08-407f-a5f3-141bfca8f802_132961866580181377,93349dd3-1a08-407f-a5f3-141bfca8f802_132961866580181377"
      },
      "ResponseBody": {
        "startTime": "2022-06-06T11:54:22.8380651\u002B00:00",
        "endTime": "2022-06-06T11:54:22.9318403\u002B00:00",
        "status": "Succeeded",
        "name": "30a248aa-2c26-4a86-bd8b-3222ff7bd21a"
      }
    },
    {
      "RequestUri": "https://management.azure.com/subscriptions/db1ab6f0-4769-4b27-930e-01e2ef9c123c/resourceGroups/testRG-542/providers/Microsoft.Compute/galleries/testGallery_1041?api-version=2022-01-03",
      "RequestMethod": "GET",
      "RequestHeaders": {
        "Authorization": "Sanitized",
        "traceparent": "00-6a653bec3b5077e01285ed301779a2d0-634a89217ba8953a-00",
        "User-Agent": "azsdk-net-ResourceManager/1.0.0 (.NET 6.0.5; Microsoft Windows 10.0.22621)",
        "x-ms-client-request-id": "98165ec4c40b1afedc6aeb07991d9119",
        "x-ms-return-client-request-id": "true"
      },
      "RequestBody": null,
      "StatusCode": 200,
      "ResponseHeaders": {
        "Cache-Control": "no-cache",
        "Content-Length": "430",
        "Content-Type": "application/json; charset=utf-8",
        "Date": "Mon, 06 Jun 2022 11:54:24 GMT",
        "Expires": "-1",
        "Pragma": "no-cache",
        "Server": [
          "Microsoft-HTTPAPI/2.0",
          "Microsoft-HTTPAPI/2.0"
        ],
        "Strict-Transport-Security": "max-age=31536000; includeSubDomains",
        "X-Content-Type-Options": "nosniff",
        "x-ms-client-request-id": "98165ec4c40b1afedc6aeb07991d9119",
        "x-ms-correlation-request-id": "19ed243f-41c8-4f69-9336-b1465947c996",
        "x-ms-ratelimit-remaining-resource": "Microsoft.Compute/GetGallery3Min;323,Microsoft.Compute/GetGallery30Min;2473",
        "x-ms-ratelimit-remaining-subscription-reads": "11812",
        "x-ms-request-id": "b2a1cc90-b494-4902-8fc7-f814649db9fb",
        "x-ms-routing-request-id": "SOUTHEASTASIA:20220606T115425Z:19ed243f-41c8-4f69-9336-b1465947c996",
        "x-ms-served-by": "93349dd3-1a08-407f-a5f3-141bfca8f802_132961866580181377,93349dd3-1a08-407f-a5f3-141bfca8f802_132961866580181377"
      },
      "ResponseBody": {
        "name": "testGallery_1041",
        "id": "/subscriptions/db1ab6f0-4769-4b27-930e-01e2ef9c123c/resourceGroups/testRG-542/providers/Microsoft.Compute/galleries/testGallery_1041",
        "type": "Microsoft.Compute/galleries",
        "location": "eastus",
        "tags": {},
        "properties": {
          "identifier": {
            "uniqueName": "db1ab6f0-4769-4b27-930e-01e2ef9c123c-TESTGALLERY_1041"
          },
          "provisioningState": "Succeeded"
        }
      }
    },
    {
      "RequestUri": "https://management.azure.com/subscriptions/db1ab6f0-4769-4b27-930e-01e2ef9c123c/providers/Microsoft.Compute/galleries?api-version=2022-01-03",
      "RequestMethod": "GET",
      "RequestHeaders": {
        "Accept": "application/json",
        "Authorization": "Sanitized",
        "traceparent": "00-721990fdb2604205f90d5cbe38caf7a6-8398e44f943af771-00",
        "User-Agent": "azsdk-net-ResourceManager.Compute/1.0.0-alpha.20220606.1 (.NET 6.0.5; Microsoft Windows 10.0.22621)",
        "x-ms-client-request-id": "9c2318fde3d2e06bf945ee1231244b83",
        "x-ms-return-client-request-id": "true"
      },
      "RequestBody": null,
      "StatusCode": 200,
      "ResponseHeaders": {
        "Cache-Control": "no-cache",
        "Content-Length": "3416",
        "Content-Type": "application/json; charset=utf-8",
        "Date": "Mon, 06 Jun 2022 11:54:24 GMT",
        "Expires": "-1",
        "Pragma": "no-cache",
        "Server": [
          "Microsoft-HTTPAPI/2.0",
          "Microsoft-HTTPAPI/2.0"
        ],
        "Strict-Transport-Security": "max-age=31536000; includeSubDomains",
        "X-Content-Type-Options": "nosniff",
        "x-ms-client-request-id": "9c2318fde3d2e06bf945ee1231244b83",
        "x-ms-correlation-request-id": "eb0e808e-42ab-4b56-900e-b6902704a0c2",
        "x-ms-ratelimit-remaining-resource": "Microsoft.Compute/ListGalleryInSubscription3Min;99,Microsoft.Compute/ListGalleryInSubscription30Min;999",
        "x-ms-ratelimit-remaining-subscription-reads": "11811",
        "x-ms-request-id": "eebc4180-298c-4b2d-8a7a-5c9ffce0725e",
        "x-ms-routing-request-id": "SOUTHEASTASIA:20220606T115425Z:eb0e808e-42ab-4b56-900e-b6902704a0c2",
        "x-ms-served-by": "93349dd3-1a08-407f-a5f3-141bfca8f802_132961866580181377,93349dd3-1a08-407f-a5f3-141bfca8f802_132961866580181377"
      },
      "ResponseBody": {
        "value": [
          {
            "name": "testGallery_1375",
            "id": "/subscriptions/db1ab6f0-4769-4b27-930e-01e2ef9c123c/resourceGroups/TESTRG-1449/providers/Microsoft.Compute/galleries/testGallery_1375",
            "type": "Microsoft.Compute/galleries",
            "location": "eastus",
            "tags": {},
            "properties": {
              "identifier": {
                "uniqueName": "db1ab6f0-4769-4b27-930e-01e2ef9c123c-TESTGALLERY_1375"
              },
              "provisioningState": "Succeeded"
            }
          },
          {
            "name": "testGallery_664",
            "id": "/subscriptions/db1ab6f0-4769-4b27-930e-01e2ef9c123c/resourceGroups/TESTRG-2529/providers/Microsoft.Compute/galleries/testGallery_664",
            "type": "Microsoft.Compute/galleries",
            "location": "eastus",
            "tags": {},
            "properties": {
              "identifier": {
                "uniqueName": "db1ab6f0-4769-4b27-930e-01e2ef9c123c-TESTGALLERY_664"
              },
              "provisioningState": "Succeeded"
            }
          },
          {
            "name": "testGallery_389",
            "id": "/subscriptions/db1ab6f0-4769-4b27-930e-01e2ef9c123c/resourceGroups/TESTRG-4633/providers/Microsoft.Compute/galleries/testGallery_389",
            "type": "Microsoft.Compute/galleries",
            "location": "eastus",
            "tags": {},
            "properties": {
              "identifier": {
                "uniqueName": "db1ab6f0-4769-4b27-930e-01e2ef9c123c-TESTGALLERY_389"
              },
              "provisioningState": "Succeeded"
            }
          },
          {
            "name": "testGallery_1041",
            "id": "/subscriptions/db1ab6f0-4769-4b27-930e-01e2ef9c123c/resourceGroups/TESTRG-542/providers/Microsoft.Compute/galleries/testGallery_1041",
            "type": "Microsoft.Compute/galleries",
            "location": "eastus",
            "tags": {},
            "properties": {
              "identifier": {
                "uniqueName": "db1ab6f0-4769-4b27-930e-01e2ef9c123c-TESTGALLERY_1041"
              },
              "provisioningState": "Succeeded"
            }
          },
          {
            "name": "testGallery_8780",
            "id": "/subscriptions/db1ab6f0-4769-4b27-930e-01e2ef9c123c/resourceGroups/TESTRG-542/providers/Microsoft.Compute/galleries/testGallery_8780",
            "type": "Microsoft.Compute/galleries",
            "location": "eastus",
            "tags": {},
            "properties": {
              "identifier": {
                "uniqueName": "db1ab6f0-4769-4b27-930e-01e2ef9c123c-TESTGALLERY_8780"
              },
              "provisioningState": "Succeeded"
            }
          },
          {
            "name": "testGallery_1513",
            "id": "/subscriptions/db1ab6f0-4769-4b27-930e-01e2ef9c123c/resourceGroups/TESTRG-7319/providers/Microsoft.Compute/galleries/testGallery_1513",
            "type": "Microsoft.Compute/galleries",
            "location": "eastus",
            "tags": {},
            "properties": {
              "identifier": {
                "uniqueName": "db1ab6f0-4769-4b27-930e-01e2ef9c123c-TESTGALLERY_1513"
              },
              "provisioningState": "Succeeded"
            }
          },
          {
            "name": "testGallery_9867",
            "id": "/subscriptions/db1ab6f0-4769-4b27-930e-01e2ef9c123c/resourceGroups/TESTRG-7319/providers/Microsoft.Compute/galleries/testGallery_9867",
            "type": "Microsoft.Compute/galleries",
            "location": "eastus",
            "tags": {},
            "properties": {
              "identifier": {
                "uniqueName": "db1ab6f0-4769-4b27-930e-01e2ef9c123c-TESTGALLERY_9867"
              },
              "provisioningState": "Succeeded"
            }
          }
        ]
      }
    }
  ],
  "Variables": {
    "RandomSeed": "77536360",
    "RESOURCE_MANAGER_URL": null,
    "SUBSCRIPTION_ID": "db1ab6f0-4769-4b27-930e-01e2ef9c123c"
  }
}
