{
  "Entries": [
    {
      "RequestUri": "https://management.azure.com/subscriptions/2bf4a339-294d-4c25-b0b2-ef649e9f5c27?api-version=2021-01-01",
      "RequestMethod": "GET",
      "RequestHeaders": {
        "Accept": "application/json",
        "Authorization": "Sanitized",
        "traceparent": "00-e967c58837f2bc295de5e08aa9a65066-4fbdd90ba7d834c9-00",
        "User-Agent": "azsdk-net-ResourceManager/1.6.0 (.NET 7.0.7; Microsoft Windows 10.0.22621)",
        "x-ms-client-request-id": "70ca78d99d31999080ddd77f79d3704f",
        "x-ms-return-client-request-id": "true"
      },
      "RequestBody": null,
      "StatusCode": 200,
      "ResponseHeaders": {
        "Cache-Control": "no-cache",
        "Content-Length": "440",
        "Content-Type": "application/json; charset=utf-8",
        "Date": "Wed, 28 Jun 2023 07:36:42 GMT",
        "Expires": "-1",
        "Pragma": "no-cache",
        "Strict-Transport-Security": "max-age=31536000; includeSubDomains",
        "X-Content-Type-Options": "nosniff",
        "x-ms-correlation-request-id": "3affed7e-ed6d-40b1-a54d-0928377f9810",
        "x-ms-ratelimit-remaining-subscription-reads": "11947",
        "x-ms-request-id": "3affed7e-ed6d-40b1-a54d-0928377f9810",
        "x-ms-routing-request-id": "SOUTHINDIA:20230628T073642Z:3affed7e-ed6d-40b1-a54d-0928377f9810"
      },
      "ResponseBody": {
        "id": "/subscriptions/2bf4a339-294d-4c25-b0b2-ef649e9f5c27",
        "authorizationSource": "RoleBased",
        "managedByTenants": [
          {
            "tenantId": "942b80cd-1b14-42a1-8dcf-4b21dece61ba"
          }
        ],
        "subscriptionId": "2bf4a339-294d-4c25-b0b2-ef649e9f5c27",
        "tenantId": "888d76fa-54b2-4ced-8ee5-aac1585adee7",
        "displayName": "Liftr-PAN",
        "state": "Enabled",
        "subscriptionPolicies": {
          "locationPlacementId": "Public_2014-09-01",
          "quotaId": "PayAsYouGo_2014-09-01",
          "spendingLimit": "Off"
        }
      }
    },
    {
      "RequestUri": "https://management.azure.com/subscriptions/2bf4a339-294d-4c25-b0b2-ef649e9f5c27/resourcegroups/dotnetSdkTest-infra-rg?api-version=**",
      "RequestMethod": "GET",
      "RequestHeaders": {
        "Accept": "application/json",
        "Authorization": "Sanitized",
        "traceparent": "00-1decc5c5d4235e7f60789c79cdf79d39-65152083f29e9e28-00",
        "User-Agent": "azsdk-net-ResourceManager/1.6.0 (.NET 7.0.7; Microsoft Windows 10.0.22621)",
        "x-ms-client-request-id": "9fb5febd7c78c167e9ec5dbd6bd61c68",
        "x-ms-return-client-request-id": "true"
      },
      "RequestBody": null,
      "StatusCode": 200,
      "ResponseHeaders": {
        "Cache-Control": "no-cache",
        "Content-Length": "259",
        "Content-Type": "application/json; charset=utf-8",
        "Date": "Wed, 28 Jun 2023 07:36:42 GMT",
        "Expires": "-1",
        "Pragma": "no-cache",
        "Strict-Transport-Security": "max-age=31536000; includeSubDomains",
        "X-Content-Type-Options": "nosniff",
        "x-ms-correlation-request-id": "66618a4c-c594-409e-9530-3ca5cb5139d7",
        "x-ms-ratelimit-remaining-subscription-reads": "11946",
        "x-ms-request-id": "66618a4c-c594-409e-9530-3ca5cb5139d7",
        "x-ms-routing-request-id": "SOUTHINDIA:20230628T073642Z:66618a4c-c594-409e-9530-3ca5cb5139d7"
      },
      "ResponseBody": {
        "id": "/subscriptions/2bf4a339-294d-4c25-b0b2-ef649e9f5c27/resourceGroups/dotnetSdkTest-infra-rg",
        "name": "dotnetSdkTest-infra-rg",
        "type": "Microsoft.Resources/resourceGroups",
        "location": "northcentralus",
        "tags": {},
        "properties": {
          "provisioningState": "Succeeded"
        }
      }
    },
    {
      "RequestUri": "https://management.azure.com/subscriptions/2bf4a339-294d-4c25-b0b2-ef649e9f5c27/resourceGroups/dotnetSdkTest-infra-rg/providers/PaloAltoNetworks.Cloudngfw/firewalls/dotnetSdkTest-default-1?api-version=2022-08-29",
      "RequestMethod": "GET",
      "RequestHeaders": {
        "Accept": "application/json",
        "Authorization": "Sanitized",
        "traceparent": "00-b57b029f2d1c904ab37a7a98a15d6eca-40dc998781d1a4f6-00",
        "User-Agent": "azsdk-net-ResourceManager.PaloAltoNetworks.Ngfw/1.0.0-alpha.20230623.1 (.NET 7.0.7; Microsoft Windows 10.0.22621)",
        "x-ms-client-request-id": "9e1b45e4a85c2ca82679b4eb365621a7",
        "x-ms-return-client-request-id": "true"
      },
      "RequestBody": null,
      "StatusCode": 200,
      "ResponseHeaders": {
        "Cache-Control": "no-cache",
        "Content-Length": "2426",
        "Content-Type": "application/json; charset=utf-8",
        "Date": "Wed, 28 Jun 2023 07:36:42 GMT",
        "ETag": "\u0022b000dc59-0000-0100-0000-649be3020000\u0022",
        "Expires": "-1",
        "Pragma": "no-cache",
        "Strict-Transport-Security": "max-age=31536000; includeSubDomains",
        "X-Content-Type-Options": "nosniff",
        "x-ms-client-request-id": "9e1b45e4a85c2ca82679b4eb365621a7",
        "x-ms-correlation-request-id": "ea67f948-f923-48b7-a880-c559263cb1a9",
        "x-ms-providerhub-traffic": "True",
        "x-ms-ratelimit-remaining-subscription-reads": "11945",
        "x-ms-request-id": "4fbcbbb4-d28e-4ba9-b594-2d47c9f9280b",
        "x-ms-routing-request-id": "SOUTHINDIA:20230628T073643Z:ea67f948-f923-48b7-a880-c559263cb1a9"
      },
      "ResponseBody": {
        "id": "/subscriptions/2bf4a339-294d-4c25-b0b2-ef649e9f5c27/resourceGroups/dotnetSdkTest-infra-rg/providers/PaloAltoNetworks.Cloudngfw/firewalls/dotnetSdkTest-default-1",
        "name": "dotnetSdkTest-default-1",
        "type": "paloaltonetworks.cloudngfw/firewalls",
        "location": "eastus2",
        "tags": {
          "Counter": "2"
        },
        "systemData": {
          "createdBy": "vibhuti.sharma@microsoft.com",
          "createdByType": "User",
          "createdAt": "2023-06-28T04:29:21.3902027Z",
          "lastModifiedBy": "864bdfa7-42e8-4658-83dd-9148a39ff519",
          "lastModifiedByType": "Application",
          "lastModifiedAt": "2023-06-28T07:36:34.1877519Z"
        },
        "properties": {
          "networkProfile": {
            "vnetConfiguration": {
              "vnet": {
                "resourceId": "/subscriptions/2bf4a339-294d-4c25-b0b2-ef649e9f5c27/resourceGroups/dotnetSdkTest-infra-rg/providers/Microsoft.Network/virtualNetworks/dotnetSdkTest-default-1-vnet"
              },
              "trustSubnet": {
                "resourceId": "/subscriptions/2bf4a339-294d-4c25-b0b2-ef649e9f5c27/resourceGroups/dotnetSdkTest-infra-rg/providers/Microsoft.Network/virtualNetworks/dotnetSdkTest-default-1-vnet/subnets/subnet1"
              },
              "unTrustSubnet": {
                "resourceId": "/subscriptions/2bf4a339-294d-4c25-b0b2-ef649e9f5c27/resourceGroups/dotnetSdkTest-infra-rg/providers/Microsoft.Network/virtualNetworks/dotnetSdkTest-default-1-vnet/subnets/subnet2"
              },
              "ipOfTrustSubnetForUdr": {
                "address": "10.224.0.4"
              }
            },
            "networkType": "VNET",
            "publicIps": [
              {
                "resourceId": "/subscriptions/2bf4a339-294d-4c25-b0b2-ef649e9f5c27/resourceGroups/dotnetSdkTest-infra-rg/providers/Microsoft.Network/publicIPAddresses/dotnetSdkTest-default-1-public-ip",
                "address": "20.122.25.79"
              }
            ],
            "enableEgressNat": "DISABLED",
            "egressNatIp": []
          },
          "associatedRulestack": {
            "resourceId": "/subscriptions/2bf4a339-294d-4c25-b0b2-ef649e9f5c27/resourceGroups/dotnetSdkTest-infra-rg/providers/PaloAltoNetworks.Cloudngfw/localRulestacks/dotnetSdkTest-default-1-lrs",
            "location": "eastus2",
            "rulestackId": "SUBSCRIPTION~2bf4a339-294d-4c25-b0b2-ef649e9f5c27~RG~dotnetSdkTest-infra-rg~STACK~dotnetSdkTest-default-1-lrs"
          },
          "dnsSettings": {
            "enableDnsProxy": "DISABLED",
            "enabledDnsType": "CUSTOM"
          },
          "isPanoramaManaged": "FALSE",
          "provisioningState": "Succeeded",
          "planData": {
            "usageType": "PAYG",
            "billingCycle": "MONTHLY",
            "planId": "cloud-ngfw-payg-test",
            "effectiveDate": "0001-01-01T00:00:00Z"
          },
          "marketplaceDetails": {
            "offerId": "pan_swfw_cloud_ngfw",
            "publisherId": "paloaltonetworks",
            "marketplaceSubscriptionStatus": "Subscribed",
            "marketplaceSubscriptionId": "4d407033-fc7d-470b-dc72-24bd505968d9"
          },
          "panEtag": "6c9061f8-156c-11ee-a1f7-cedd2f0787df"
        }
      }
    },
    {
      "RequestUri": "https://management.azure.com/subscriptions/2bf4a339-294d-4c25-b0b2-ef649e9f5c27/providers/Microsoft.Resources?api-version=**",
      "RequestMethod": "GET",
      "RequestHeaders": {
        "Accept": "application/json",
        "Authorization": "Sanitized",
        "traceparent": "00-b7ee3daed787b0c2af41694e89c4b400-756251b683083e85-00",
        "User-Agent": "azsdk-net-ResourceManager/1.6.0 (.NET 7.0.7; Microsoft Windows 10.0.22621)",
        "x-ms-client-request-id": "6a12264f52975d941008874540d22daa",
        "x-ms-return-client-request-id": "true"
      },
      "RequestBody": null,
      "StatusCode": 200,
      "ResponseHeaders": {
        "Cache-Control": "no-cache",
        "Content-Length": "19952",
        "Content-Type": "application/json; charset=utf-8",
        "Date": "Wed, 28 Jun 2023 07:36:42 GMT",
        "Expires": "-1",
        "Pragma": "no-cache",
        "Strict-Transport-Security": "max-age=31536000; includeSubDomains",
        "X-Content-Type-Options": "nosniff",
        "x-ms-correlation-request-id": "79d8a896-d2c5-4e0d-8b79-04e5e95505f8",
        "x-ms-ratelimit-remaining-subscription-reads": "11944",
        "x-ms-request-id": "79d8a896-d2c5-4e0d-8b79-04e5e95505f8",
        "x-ms-routing-request-id": "SOUTHINDIA:20230628T073643Z:79d8a896-d2c5-4e0d-8b79-04e5e95505f8"
      },
      "ResponseBody": {
        "id": "/subscriptions/2bf4a339-294d-4c25-b0b2-ef649e9f5c27/providers/Microsoft.Resources",
        "namespace": "Microsoft.Resources",
        "authorizations": [
          {
            "applicationId": "3b990c8b-9607-4c2a-8b04-1d41985facca"
          },
          {
            "applicationId": "94946920-7f9c-4956-93c0-2fcf94608102"
          }
        ],
        "resourceTypes": [
          {
            "resourceType": "deploymentScripts",
            "locations": [
              "East Asia",
              "Southeast Asia",
              "Australia East",
              "Australia Southeast",
              "Brazil South",
              "Canada Central",
              "Canada East",
              "Switzerland North",
              "Germany West Central",
              "East US 2",
              "East US",
              "Central US",
              "North Central US",
              "France Central",
              "UK South",
              "UK West",
              "Central India",
              "South India",
              "Japan East",
              "Japan West",
              "Korea Central",
              "North Europe",
              "Norway East",
              "Sweden Central",
              "UAE North",
              "West Central US",
              "West Europe",
              "West US 2",
              "West US",
              "South Central US",
              "West US 3",
              "South Africa North",
              "Central US EUAP",
              "East US 2 EUAP"
            ],
            "apiVersions": [
              "2020-10-01",
              "2019-10-01-preview"
            ],
            "capabilities": "SupportsTags, SupportsLocation"
          },
          {
            "resourceType": "deploymentScripts/logs",
            "locations": [
              "East Asia",
              "Southeast Asia",
              "Australia East",
              "Australia Southeast",
              "Brazil South",
              "Canada Central",
              "Canada East",
              "Switzerland North",
              "Germany West Central",
              "East US 2",
              "East US",
              "Central US",
              "North Central US",
              "France Central",
              "UK South",
              "UK West",
              "Central India",
              "South India",
              "Japan East",
              "Japan West",
              "Korea Central",
              "North Europe",
              "Norway East",
              "Sweden Central",
              "UAE North",
              "West Central US",
              "West Europe",
              "West US 2",
              "West US",
              "South Central US",
              "West US 3",
              "South Africa North",
              "Central US EUAP",
              "East US 2 EUAP"
            ],
            "apiVersions": [
              "2020-10-01",
              "2019-10-01-preview"
            ],
            "capabilities": "None"
          },
          {
            "resourceType": "locations/deploymentScriptOperationResults",
            "locations": [
              "East Asia",
              "Southeast Asia",
              "Australia East",
              "Australia Southeast",
              "Brazil South",
              "Canada Central",
              "Canada East",
              "Switzerland North",
              "Germany West Central",
              "East US 2",
              "East US",
              "Central US",
              "North Central US",
              "France Central",
              "UK South",
              "UK West",
              "Central India",
              "South India",
              "Japan East",
              "Japan West",
              "Korea Central",
              "North Europe",
              "Norway East",
              "Sweden Central",
              "UAE North",
              "West Central US",
              "West Europe",
              "West US 2",
              "West US",
              "South Central US",
              "West US 3",
              "South Africa North",
              "Central US EUAP",
              "East US 2 EUAP"
            ],
            "apiVersions": [
              "2020-10-01",
              "2019-10-01-preview"
            ],
            "capabilities": "None"
          },
          {
            "resourceType": "templateSpecs",
            "locations": [
              "East Asia",
              "Southeast Asia",
              "Australia East",
              "Australia Central",
              "Australia Central 2",
              "Australia Southeast",
              "Brazil South",
              "Canada Central",
              "Canada East",
              "Switzerland North",
              "Germany West Central",
              "East US 2",
              "East US",
              "Central US",
              "North Central US",
              "France Central",
              "UK South",
              "UK West",
              "Central India",
              "West India",
              "South India",
              "Japan East",
              "Japan West",
              "Korea Central",
              "Korea South",
              "North Europe",
              "Norway East",
              "Poland Central",
              "Qatar Central",
              "Sweden Central",
              "UAE North",
              "West Central US",
              "West Europe",
              "West US 2",
              "West US",
              "West US 3",
              "South Central US",
              "South Africa North",
              "Central US EUAP",
              "East US 2 EUAP"
            ],
            "apiVersions": [
              "2022-02-01",
              "2021-05-01",
              "2021-03-01-preview",
              "2019-06-01-preview"
            ],
            "capabilities": "CrossResourceGroupResourceMove, CrossSubscriptionResourceMove, SupportsTags, SupportsLocation"
          },
          {
            "resourceType": "templateSpecs/versions",
            "locations": [
              "East Asia",
              "Southeast Asia",
              "Australia East",
              "Australia Central",
              "Australia Central 2",
              "Australia Southeast",
              "Brazil South",
              "Canada Central",
              "Canada East",
              "Switzerland North",
              "Germany West Central",
              "East US 2",
              "East US",
              "Central US",
              "North Central US",
              "France Central",
              "UK South",
              "UK West",
              "Central India",
              "West India",
              "South India",
              "Japan East",
              "Japan West",
              "Korea Central",
              "Korea South",
              "North Europe",
              "Norway East",
              "Poland Central",
              "Qatar Central",
              "Sweden Central",
              "UAE North",
              "West Central US",
              "West Europe",
              "West US 2",
              "West US",
              "West US 3",
              "South Central US",
              "South Africa North",
              "Central US EUAP",
              "East US 2 EUAP"
            ],
            "apiVersions": [
              "2022-02-01",
              "2021-05-01",
              "2021-03-01-preview",
              "2019-06-01-preview"
            ],
            "capabilities": "CrossResourceGroupResourceMove, CrossSubscriptionResourceMove, SupportsTags, SupportsLocation"
          },
          {
            "resourceType": "builtInTemplateSpecs",
            "locations": [],
            "apiVersions": [
              "2022-02-01"
            ],
            "capabilities": "None"
          },
          {
            "resourceType": "builtInTemplateSpecs/versions",
            "locations": [],
            "apiVersions": [
              "2022-02-01"
            ],
            "capabilities": "None"
          },
          {
            "resourceType": "deploymentStacks",
            "locations": [
              "East Asia",
              "Southeast Asia",
              "Australia East",
              "Australia Central",
              "Australia Central 2",
              "Australia Southeast",
              "Brazil South",
              "Canada Central",
              "Canada East",
              "Switzerland North",
              "Germany West Central",
              "East US 2",
              "East US",
              "Central US",
              "North Central US",
              "France Central",
              "UK South",
              "UK West",
              "Central India",
              "West India",
              "South India",
              "Japan East",
              "Japan West",
              "Korea Central",
              "Korea South",
              "North Europe",
              "Norway East",
              "Poland Central",
              "Qatar Central",
              "Sweden Central",
              "UAE North",
              "West Central US",
              "West Europe",
              "West US 2",
              "West US",
              "West US 3",
              "South Central US",
              "South Africa North",
              "Central US EUAP",
              "East US 2 EUAP"
            ],
            "apiVersions": [
              "2022-08-01-preview"
            ],
            "capabilities": "SupportsExtension"
          },
          {
            "resourceType": "locations/deploymentStackOperationStatus",
            "locations": [
              "East Asia",
              "Southeast Asia",
              "Australia East",
              "Australia Central",
              "Australia Central 2",
              "Australia Southeast",
              "Brazil South",
              "Canada Central",
              "Canada East",
              "Switzerland North",
              "Germany West Central",
              "East US 2",
              "East US",
              "Central US",
              "North Central US",
              "France Central",
              "UK South",
              "UK West",
              "Central India",
              "West India",
              "South India",
              "Japan East",
              "Japan West",
              "Korea Central",
              "Korea South",
              "North Europe",
              "Norway East",
              "Poland Central",
              "Qatar Central",
              "Sweden Central",
              "UAE North",
              "West Central US",
              "West Europe",
              "West US 2",
              "West US",
              "West US 3",
              "South Central US",
              "South Africa North",
              "Central US EUAP",
              "East US 2 EUAP"
            ],
            "apiVersions": [
              "2022-08-01-preview"
            ],
            "capabilities": "None"
          },
          {
            "resourceType": "tagnamespaces",
            "locations": [
              "East US",
              "East US 2",
              "West Central US",
              "West US",
              "West US 2",
              "West US 3",
              "Central US EUAP",
              "East US 2 EUAP",
              "Canada Central",
              "Canada East",
              "Central US",
              "North Central US",
              "South Central US"
            ],
            "apiVersions": [
              "2023-03-01-preview"
            ],
            "capabilities": "SupportsExtension"
          },
          {
            "resourceType": "tagNamespaceOperationResults",
            "locations": [],
            "apiVersions": [
              "2023-03-01-preview"
            ],
            "capabilities": "None"
          },
          {
            "resourceType": "tenants",
            "locations": [],
            "apiVersions": [
              "2020-01-01",
              "2019-09-01",
              "2019-05-01",
              "2019-04-01",
              "2019-03-01",
              "2018-11-01",
              "2018-09-01",
              "2018-08-01",
              "2018-07-01",
              "2018-05-01",
              "2018-02-01",
              "2018-01-01",
              "2017-08-01",
              "2017-06-01",
              "2017-05-10",
              "2017-05-01",
              "2017-03-01",
              "2016-09-01",
              "2016-07-01",
              "2016-06-01",
              "2016-02-01",
              "2015-11-01",
              "2015-01-01",
              "2014-04-01-preview"
            ],
            "apiProfiles": [
              {
                "profileVersion": "2018-06-01-profile",
                "apiVersion": "2016-06-01"
              },
              {
                "profileVersion": "2019-03-01-hybrid",
                "apiVersion": "2016-06-01"
              }
            ],
            "capabilities": "None"
          },
          {
            "resourceType": "locations",
            "locations": [],
            "apiVersions": [
              "2019-09-01",
              "2019-05-01",
              "2019-04-01",
              "2019-03-01",
              "2018-11-01",
              "2018-09-01",
              "2018-08-01",
              "2018-07-01",
              "2018-05-01",
              "2018-02-01",
              "2018-01-01",
              "2017-08-01",
              "2017-06-01",
              "2017-05-10",
              "2017-05-01",
              "2017-03-01",
              "2016-09-01",
              "2016-07-01",
              "2016-06-01",
              "2016-02-01",
              "2015-11-01",
              "2015-01-01",
              "2014-04-01-preview"
            ],
            "apiProfiles": [
              {
                "profileVersion": "2018-06-01-profile",
                "apiVersion": "2016-06-01"
              },
              {
                "profileVersion": "2019-03-01-hybrid",
                "apiVersion": "2018-05-01"
              }
            ],
            "capabilities": "None"
          },
          {
            "resourceType": "operationresults",
            "locations": [],
            "apiVersions": [
              "2019-09-01",
              "2019-05-01",
              "2019-04-01",
              "2019-03-01",
              "2018-11-01",
              "2018-09-01",
              "2018-08-01",
              "2018-07-01",
              "2018-05-01",
              "2018-02-01",
              "2018-01-01",
              "2017-08-01",
              "2017-06-01",
              "2017-05-10",
              "2017-05-01",
              "2017-03-01",
              "2016-09-01",
              "2016-07-01",
              "2016-06-01",
              "2016-02-01",
              "2015-11-01",
              "2015-01-01",
              "2014-04-01-preview"
            ],
            "apiProfiles": [
              {
                "profileVersion": "2018-06-01-profile",
                "apiVersion": "2016-06-01"
              }
            ],
            "capabilities": "None"
          },
          {
            "resourceType": "notifyResourceJobs",
            "locations": [],
            "apiVersions": [
              "2019-09-01",
              "2019-05-01",
              "2019-04-01",
              "2019-03-01",
              "2018-11-01",
              "2018-09-01",
              "2018-08-01",
              "2018-07-01",
              "2018-05-01",
              "2018-02-01"
            ],
            "capabilities": "None"
          },
          {
            "resourceType": "tags",
            "locations": [],
            "apiVersions": [
              "2022-09-01",
              "2019-10-01",
              "2019-05-01",
              "2019-04-01",
              "2019-03-01",
              "2018-11-01"
            ],
            "capabilities": "SupportsExtension"
          },
          {
            "resourceType": "checkPolicyCompliance",
            "locations": [],
            "apiVersions": [
              "2019-05-01",
              "2019-04-01",
              "2019-03-01",
              "2018-11-01",
              "2018-09-01",
              "2018-08-01",
              "2018-07-01",
              "2018-05-01",
              "2018-02-01",
              "2018-01-01",
              "2017-08-01",
              "2017-06-01",
              "2017-05-10",
              "2017-05-01",
              "2017-03-01",
              "2016-09-01",
              "2016-07-01",
              "2016-06-01",
              "2016-02-01",
              "2015-11-01",
              "2015-01-01",
              "2014-04-01-preview"
            ],
            "capabilities": "None"
          },
          {
            "resourceType": "providers",
            "locations": [],
            "apiVersions": [
              "2019-05-01",
              "2019-04-01",
              "2019-03-01",
              "2018-11-01",
              "2018-09-01",
              "2018-08-01",
              "2018-07-01",
              "2018-05-01",
              "2018-02-01",
              "2018-01-01",
              "2017-08-01",
              "2017-06-01",
              "2017-05-10",
              "2017-05-01",
              "2017-03-01",
              "2016-09-01",
              "2016-07-01",
              "2016-06-01",
              "2016-02-01",
              "2015-11-01",
              "2015-01-01",
              "2014-04-01-preview"
            ],
            "apiProfiles": [
              {
                "profileVersion": "2018-06-01-profile",
                "apiVersion": "2016-06-01"
              },
              {
                "profileVersion": "2019-03-01-hybrid",
                "apiVersion": "2018-05-01"
              }
            ],
            "capabilities": "None"
          },
          {
            "resourceType": "checkresourcename",
            "locations": [],
            "apiVersions": [
              "2019-05-01",
              "2019-04-01",
              "2019-03-01",
              "2018-11-01",
              "2018-09-01",
              "2018-08-01",
              "2018-07-01",
              "2018-05-01",
              "2018-02-01",
              "2018-01-01",
              "2017-08-01",
              "2017-06-01",
              "2017-05-10",
              "2017-05-01",
              "2017-03-01",
              "2016-09-01",
              "2016-07-01",
              "2016-06-01",
              "2016-02-01",
              "2015-11-01",
              "2015-01-01",
              "2014-04-01-preview"
            ],
            "apiProfiles": [
              {
                "profileVersion": "2018-06-01-profile",
                "apiVersion": "2016-06-01"
              }
            ],
            "capabilities": "None"
          },
          {
            "resourceType": "calculateTemplateHash",
            "locations": [],
            "apiVersions": [
              "2022-09-01",
              "2019-09-01",
              "2019-05-01",
              "2019-04-01",
              "2019-03-01",
              "2018-11-01",
              "2018-09-01",
              "2018-08-01",
              "2018-07-01",
              "2018-05-01",
              "2018-02-01",
              "2018-01-01",
              "2017-08-01",
              "2017-06-01",
              "2017-05-10",
              "2017-05-01",
              "2017-03-01",
              "2016-09-01",
              "2016-07-01",
              "2016-06-01",
              "2016-02-01",
              "2015-11-01",
              "2015-01-01",
              "2014-04-01-preview"
            ],
            "apiProfiles": [
              {
                "profileVersion": "2018-06-01-profile",
                "apiVersion": "2016-06-01"
              }
            ],
            "capabilities": "None"
          },
          {
            "resourceType": "resources",
            "locations": [],
            "apiVersions": [
              "2019-09-01",
              "2019-05-01",
              "2019-04-01",
              "2019-03-01",
              "2018-11-01",
              "2018-09-01",
              "2018-08-01",
              "2018-07-01",
              "2018-05-01",
              "2018-02-01",
              "2018-01-01",
              "2017-08-01",
              "2017-06-01",
              "2017-05-10",
              "2017-05-01",
              "2017-03-01",
              "2016-09-01",
              "2016-07-01",
              "2016-06-01",
              "2016-02-01",
              "2015-11-01",
              "2015-01-01",
              "2014-04-01-preview"
            ],
            "apiProfiles": [
              {
                "profileVersion": "2018-06-01-profile",
                "apiVersion": "2016-06-01"
              },
              {
                "profileVersion": "2019-03-01-hybrid",
                "apiVersion": "2018-05-01"
              }
            ],
            "capabilities": "None"
          },
          {
            "resourceType": "subscriptions",
            "locations": [],
            "apiVersions": [
              "2019-10-01",
              "2019-09-01",
              "2019-05-01",
              "2019-04-01",
              "2019-03-01",
              "2018-11-01",
              "2018-09-01",
              "2018-08-01",
              "2018-07-01",
              "2018-05-01",
              "2018-02-01",
              "2018-01-01",
              "2017-08-01",
              "2017-06-01",
              "2017-05-10",
              "2017-05-01",
              "2017-03-01",
              "2016-09-01",
              "2016-07-01",
              "2016-06-01",
              "2016-02-01",
              "2015-11-01",
              "2015-01-01",
              "2014-04-01-preview"
            ],
            "apiProfiles": [
              {
                "profileVersion": "2018-06-01-profile",
                "apiVersion": "2016-06-01"
              },
              {
                "profileVersion": "2019-03-01-hybrid",
                "apiVersion": "2016-06-01"
              }
            ],
            "capabilities": "None"
          },
          {
            "resourceType": "subscriptions/resources",
            "locations": [],
            "apiVersions": [
              "2019-09-01",
              "2019-05-01",
              "2019-04-01",
              "2019-03-01",
              "2018-11-01",
              "2018-09-01",
              "2018-08-01",
              "2018-07-01",
              "2018-05-01",
              "2018-02-01",
              "2018-01-01",
              "2017-08-01",
              "2017-06-01",
              "2017-05-10",
              "2017-05-01",
              "2017-03-01",
              "2016-09-01",
              "2016-07-01",
              "2016-06-01",
              "2016-02-01",
              "2015-11-01",
              "2015-01-01",
              "2014-04-01-preview"
            ],
            "apiProfiles": [
              {
                "profileVersion": "2018-06-01-profile",
                "apiVersion": "2016-06-01"
              },
              {
                "profileVersion": "2019-03-01-hybrid",
                "apiVersion": "2018-05-01"
              }
            ],
            "capabilities": "None"
          },
          {
            "resourceType": "subscriptions/providers",
            "locations": [],
            "apiVersions": [
              "2019-05-01",
              "2019-04-01",
              "2019-03-01",
              "2018-11-01",
              "2018-09-01",
              "2018-08-01",
              "2018-07-01",
              "2018-05-01",
              "2018-02-01",
              "2018-01-01",
              "2017-08-01",
              "2017-06-01",
              "2017-05-10",
              "2017-05-01",
              "2017-03-01",
              "2016-09-01",
              "2016-07-01",
              "2016-06-01",
              "2016-02-01",
              "2015-11-01",
              "2015-01-01",
              "2014-04-01-preview"
            ],
            "apiProfiles": [
              {
                "profileVersion": "2018-06-01-profile",
                "apiVersion": "2016-06-01"
              },
              {
                "profileVersion": "2019-03-01-hybrid",
                "apiVersion": "2018-05-01"
              }
            ],
            "capabilities": "None"
          },
          {
            "resourceType": "subscriptions/operationresults",
            "locations": [],
            "apiVersions": [
              "2019-05-01",
              "2019-04-01",
              "2019-03-01",
              "2018-11-01",
              "2018-09-01",
              "2018-08-01",
              "2018-07-01",
              "2018-05-01",
              "2018-02-01",
              "2018-01-01",
              "2017-08-01",
              "2017-06-01",
              "2017-05-10",
              "2017-05-01",
              "2017-03-01",
              "2016-09-01",
              "2016-07-01",
              "2016-06-01",
              "2016-02-01",
              "2015-11-01",
              "2015-01-01",
              "2014-04-01-preview"
            ],
            "apiProfiles": [
              {
                "profileVersion": "2018-06-01-profile",
                "apiVersion": "2016-06-01"
              },
              {
                "profileVersion": "2019-03-01-hybrid",
                "apiVersion": "2018-05-01"
              }
            ],
            "capabilities": "None"
          },
          {
            "resourceType": "resourceGroups",
            "locations": [
              "Central US",
              "East Asia",
              "Southeast Asia",
              "East US",
              "East US 2",
              "West US",
              "West US 2",
              "North Central US",
              "South Central US",
              "West Central US",
              "North Europe",
              "West Europe",
              "Japan East",
              "Japan West",
              "Brazil South",
              "Australia Southeast",
              "Australia East",
              "West India",
              "South India",
              "Central India",
              "Canada Central",
              "Canada East",
              "UK South",
              "UK West",
              "Korea Central",
              "Korea South",
              "France Central",
              "South Africa North",
              "UAE North",
              "Australia Central",
              "Switzerland North",
              "Germany West Central",
              "Norway East",
              "West US 3",
              "Qatar Central",
              "Sweden Central",
              "Poland Central",
              "East US 2 EUAP",
              "Central US EUAP"
            ],
            "apiVersions": [
              "2019-05-01",
              "2019-04-01",
              "2019-03-01",
              "2018-11-01",
              "2018-09-01",
              "2018-08-01",
              "2018-07-01",
              "2018-05-01",
              "2018-02-01",
              "2018-01-01",
              "2017-08-01",
              "2017-06-01",
              "2017-05-10",
              "2017-05-01",
              "2017-03-01",
              "2016-09-01",
              "2016-07-01",
              "2016-06-01",
              "2016-02-01",
              "2015-11-01",
              "2015-01-01",
              "2014-04-01-preview"
            ],
            "apiProfiles": [
              {
                "profileVersion": "2018-06-01-profile",
                "apiVersion": "2016-06-01"
              },
              {
                "profileVersion": "2019-03-01-hybrid",
                "apiVersion": "2018-05-01"
              }
            ],
            "capabilities": "SupportsLocation"
          },
          {
            "resourceType": "subscriptions/resourceGroups",
            "locations": [
              "Central US",
              "East Asia",
              "Southeast Asia",
              "East US",
              "East US 2",
              "West US",
              "West US 2",
              "North Central US",
              "South Central US",
              "West Central US",
              "North Europe",
              "West Europe",
              "Japan East",
              "Japan West",
              "Brazil South",
              "Australia Southeast",
              "Australia East",
              "West India",
              "South India",
              "Central India",
              "Canada Central",
              "Canada East",
              "UK South",
              "UK West",
              "Korea Central",
              "Korea South",
              "France Central",
              "South Africa North",
              "UAE North",
              "Australia Central",
              "Switzerland North",
              "Germany West Central",
              "Norway East",
              "West US 3",
              "Qatar Central",
              "Sweden Central",
              "Poland Central",
              "East US 2 EUAP",
              "Central US EUAP"
            ],
            "apiVersions": [
              "2019-05-01",
              "2019-04-01",
              "2019-03-01",
              "2018-11-01",
              "2018-09-01",
              "2018-08-01",
              "2018-07-01",
              "2018-05-01",
              "2018-02-01",
              "2018-01-01",
              "2017-08-01",
              "2017-06-01",
              "2017-05-10",
              "2017-05-01",
              "2017-03-01",
              "2016-09-01",
              "2016-07-01",
              "2016-06-01",
              "2016-02-01",
              "2015-11-01",
              "2015-01-01",
              "2014-04-01-preview"
            ],
            "apiProfiles": [
              {
                "profileVersion": "2018-06-01-profile",
                "apiVersion": "2016-06-01"
              },
              {
                "profileVersion": "2019-03-01-hybrid",
                "apiVersion": "2018-05-01"
              }
            ],
            "capabilities": "SupportsTags, SupportsLocation"
          },
          {
            "resourceType": "subscriptions/resourcegroups/resources",
            "locations": [],
            "apiVersions": [
              "2019-05-01",
              "2019-04-01",
              "2019-03-01",
              "2018-11-01",
              "2018-09-01",
              "2018-08-01",
              "2018-07-01",
              "2018-05-01",
              "2018-02-01",
              "2018-01-01",
              "2017-08-01",
              "2017-06-01",
              "2017-05-10",
              "2017-05-01",
              "2017-03-01",
              "2016-09-01",
              "2016-07-01",
              "2016-06-01",
              "2016-02-01",
              "2015-11-01",
              "2015-01-01",
              "2014-04-01-preview"
            ],
            "apiProfiles": [
              {
                "profileVersion": "2018-06-01-profile",
                "apiVersion": "2016-06-01"
              },
              {
                "profileVersion": "2019-03-01-hybrid",
                "apiVersion": "2018-05-01"
              }
            ],
            "capabilities": "None"
          },
          {
            "resourceType": "subscriptions/locations",
            "locations": [],
            "apiVersions": [
              "2019-05-01",
              "2019-04-01",
              "2019-03-01",
              "2018-11-01",
              "2018-09-01",
              "2018-08-01",
              "2018-07-01",
              "2018-05-01",
              "2018-02-01",
              "2018-01-01",
              "2017-08-01",
              "2017-06-01",
              "2017-05-10",
              "2017-05-01",
              "2017-03-01",
              "2016-09-01",
              "2016-07-01",
              "2016-06-01",
              "2016-02-01",
              "2015-11-01",
              "2015-01-01",
              "2014-04-01-preview"
            ],
            "apiProfiles": [
              {
                "profileVersion": "2018-06-01-profile",
                "apiVersion": "2016-06-01"
              },
              {
                "profileVersion": "2019-03-01-hybrid",
                "apiVersion": "2016-06-01"
              }
            ],
            "capabilities": "None"
          },
          {
            "resourceType": "subscriptions/tagnames",
            "locations": [],
            "apiVersions": [
              "2022-09-01",
              "2019-05-01",
              "2019-04-01",
              "2019-03-01",
              "2018-11-01",
              "2018-09-01",
              "2018-08-01",
              "2018-07-01",
              "2018-05-01",
              "2018-02-01",
              "2018-01-01",
              "2017-08-01",
              "2017-06-01",
              "2017-05-10",
              "2017-05-01",
              "2017-03-01",
              "2016-09-01",
              "2016-07-01",
              "2016-06-01",
              "2016-02-01",
              "2015-11-01",
              "2015-01-01",
              "2014-04-01-preview"
            ],
            "apiProfiles": [
              {
                "profileVersion": "2018-06-01-profile",
                "apiVersion": "2016-06-01"
              },
              {
                "profileVersion": "2019-03-01-hybrid",
                "apiVersion": "2018-05-01"
              }
            ],
            "capabilities": "None"
          },
          {
            "resourceType": "subscriptions/tagNames/tagValues",
            "locations": [],
            "apiVersions": [
              "2022-09-01",
              "2019-05-01",
              "2019-04-01",
              "2019-03-01",
              "2018-11-01",
              "2018-09-01",
              "2018-08-01",
              "2018-07-01",
              "2018-05-01",
              "2018-02-01",
              "2018-01-01",
              "2017-08-01",
              "2017-06-01",
              "2017-05-10",
              "2017-05-01",
              "2017-03-01",
              "2016-09-01",
              "2016-07-01",
              "2016-06-01",
              "2016-02-01",
              "2015-11-01",
              "2015-01-01",
              "2014-04-01-preview"
            ],
            "apiProfiles": [
              {
                "profileVersion": "2018-06-01-profile",
                "apiVersion": "2016-06-01"
              },
              {
                "profileVersion": "2019-03-01-hybrid",
                "apiVersion": "2018-05-01"
              }
            ],
            "capabilities": "None"
          },
          {
            "resourceType": "deployments",
            "locations": [],
            "apiVersions": [
              "2022-09-01",
              "2021-04-01",
              "2021-01-01",
              "2020-10-01",
              "2020-06-01",
              "2019-09-01",
              "2019-08-01",
              "2019-05-01",
              "2019-04-01",
              "2019-03-01",
              "2018-11-01",
              "2018-09-01",
              "2018-08-01",
              "2018-07-01",
              "2018-05-01",
              "2018-02-01",
              "2018-01-01",
              "2017-08-01",
              "2017-06-01",
              "2017-05-10",
              "2017-05-01",
              "2017-03-01",
              "2016-09-01",
              "2016-07-01",
              "2016-06-01",
              "2016-02-01",
              "2015-11-01",
              "2015-01-01",
              "2014-04-01-preview"
            ],
            "apiProfiles": [
              {
                "profileVersion": "2018-06-01-profile",
                "apiVersion": "2016-06-01"
              },
              {
                "profileVersion": "2019-03-01-hybrid",
                "apiVersion": "2018-05-01"
              }
            ],
            "capabilities": "None"
          },
          {
            "resourceType": "deployments/operations",
            "locations": [],
            "apiVersions": [
              "2022-09-01",
              "2021-04-01",
              "2021-01-01",
              "2020-10-01",
              "2020-06-01",
              "2019-09-01",
              "2019-05-01",
              "2019-04-01",
              "2019-03-01",
              "2018-11-01",
              "2018-09-01",
              "2018-08-01",
              "2018-07-01",
              "2018-05-01",
              "2018-02-01",
              "2018-01-01",
              "2017-08-01",
              "2017-06-01",
              "2017-05-10",
              "2017-05-01",
              "2017-03-01",
              "2016-09-01",
              "2016-07-01",
              "2016-06-01",
              "2016-02-01",
              "2015-11-01",
              "2015-01-01",
              "2014-04-01-preview"
            ],
            "apiProfiles": [
              {
                "profileVersion": "2018-06-01-profile",
                "apiVersion": "2016-06-01"
              },
              {
                "profileVersion": "2019-03-01-hybrid",
                "apiVersion": "2018-05-01"
              }
            ],
            "capabilities": "None"
          },
          {
            "resourceType": "validateResources",
            "locations": [],
            "apiVersions": [
              "2022-06-01"
            ],
            "capabilities": "None"
          },
          {
            "resourceType": "links",
            "locations": [],
            "apiVersions": [
              "2019-05-01",
              "2019-04-01",
              "2019-03-01",
              "2018-11-01",
              "2018-09-01",
              "2018-08-01",
              "2018-07-01",
              "2018-05-01",
              "2018-02-01",
              "2018-01-01",
              "2017-08-01",
              "2017-06-01",
              "2017-05-10",
              "2017-05-01",
              "2017-03-01",
              "2016-09-01",
              "2016-07-01",
              "2016-06-01",
              "2016-02-01",
              "2015-11-01",
              "2015-01-01",
              "2014-04-01-preview"
            ],
            "apiProfiles": [
              {
                "profileVersion": "2018-06-01-profile",
                "apiVersion": "2016-06-01"
              },
              {
                "profileVersion": "2019-03-01-hybrid",
                "apiVersion": "2018-05-01"
              }
            ],
            "capabilities": "SupportsExtension"
          },
          {
            "resourceType": "operations",
            "locations": [],
            "apiVersions": [
              "2015-01-01"
            ],
            "apiProfiles": [
              {
                "profileVersion": "2018-06-01-profile",
                "apiVersion": "2015-01-01"
              }
            ],
            "capabilities": "None"
          },
          {
            "resourceType": "bulkDelete",
            "locations": [],
            "apiVersions": [
              "2019-05-01",
              "2019-04-01",
              "2019-03-01",
              "2018-11-01",
              "2018-09-01",
              "2018-08-01",
              "2018-07-01",
              "2018-05-01",
              "2018-02-01",
              "2018-01-01",
              "2017-08-01",
              "2017-06-01",
              "2017-05-10",
              "2017-05-01",
              "2017-03-01",
              "2016-09-01",
              "2016-07-01",
              "2016-06-01",
              "2016-02-01",
              "2015-11-01",
              "2015-01-01",
              "2014-04-01-preview"
            ],
            "capabilities": "None"
          },
          {
            "resourceType": "changes",
            "locations": [],
            "apiVersions": [
              "2023-03-01-preview",
              "2022-05-01",
              "2022-03-01-preview"
            ],
            "capabilities": "SupportsExtension"
          },
          {
            "resourceType": "snapshots",
            "locations": [],
            "apiVersions": [
              "2022-11-01-preview"
            ],
            "capabilities": "SupportsExtension"
          }
        ],
        "registrationState": "Registered",
        "registrationPolicy": "RegistrationFree"
      }
    },
    {
      "RequestUri": "https://management.azure.com/subscriptions/2bf4a339-294d-4c25-b0b2-ef649e9f5c27/resourceGroups/dotnetSdkTest-infra-rg/providers/PaloAltoNetworks.Cloudngfw/firewalls/dotnetSdkTest-default-1/providers/Microsoft.Resources/tags/default?api-version=**",
      "RequestMethod": "GET",
      "RequestHeaders": {
        "Accept": "application/json",
        "Authorization": "Sanitized",
        "traceparent": "00-b7ee3daed787b0c2af41694e89c4b400-570ebf1b25f2332c-00",
        "User-Agent": "azsdk-net-ResourceManager/1.6.0 (.NET 7.0.7; Microsoft Windows 10.0.22621)",
        "x-ms-client-request-id": "339b6ec1d1b715f3558879ffc77c8b93",
        "x-ms-return-client-request-id": "true"
      },
      "RequestBody": null,
      "StatusCode": 200,
      "ResponseHeaders": {
        "Cache-Control": "no-cache",
        "Content-Length": "301",
        "Content-Type": "application/json; charset=utf-8",
        "Date": "Wed, 28 Jun 2023 07:36:43 GMT",
        "Expires": "-1",
        "Pragma": "no-cache",
        "Strict-Transport-Security": "max-age=31536000; includeSubDomains",
        "X-Content-Type-Options": "nosniff",
        "x-ms-correlation-request-id": "9f5c2554-da1e-4472-ba12-c85b61333fa2",
        "x-ms-ratelimit-remaining-subscription-reads": "11943",
        "x-ms-request-id": "9f5c2554-da1e-4472-ba12-c85b61333fa2",
        "x-ms-routing-request-id": "SOUTHINDIA:20230628T073643Z:9f5c2554-da1e-4472-ba12-c85b61333fa2"
      },
      "ResponseBody": {
        "id": "/subscriptions/2bf4a339-294d-4c25-b0b2-ef649e9f5c27/resourceGroups/dotnetSdkTest-infra-rg/providers/PaloAltoNetworks.Cloudngfw/firewalls/dotnetSdkTest-default-1/providers/Microsoft.Resources/tags/default",
        "name": "default",
        "type": "Microsoft.Resources/tags",
        "properties": {
          "tags": {
            "Counter": "2"
          }
        }
      }
    },
    {
      "RequestUri": "https://management.azure.com/subscriptions/2bf4a339-294d-4c25-b0b2-ef649e9f5c27/resourceGroups/dotnetSdkTest-infra-rg/providers/PaloAltoNetworks.Cloudngfw/firewalls/dotnetSdkTest-default-1/providers/Microsoft.Resources/tags/default?api-version=**",
      "RequestMethod": "PUT",
      "RequestHeaders": {
        "Accept": "application/json",
        "Authorization": "Sanitized",
        "Content-Length": "54",
        "Content-Type": "application/json",
        "traceparent": "00-b7ee3daed787b0c2af41694e89c4b400-1d1db35c7db31c2a-00",
        "User-Agent": "azsdk-net-ResourceManager/1.6.0 (.NET 7.0.7; Microsoft Windows 10.0.22621)",
        "x-ms-client-request-id": "456db5cab1c491d0b1be8e532063ec53",
        "x-ms-return-client-request-id": "true"
      },
      "RequestBody": {
        "properties": {
          "tags": {
            "Counter": "2",
            "Counter1": "3"
          }
        }
      },
      "StatusCode": 200,
      "ResponseHeaders": {
        "Cache-Control": "no-cache",
        "Content-Length": "316",
        "Content-Type": "application/json; charset=utf-8",
        "Date": "Wed, 28 Jun 2023 07:36:45 GMT",
        "Expires": "-1",
        "Pragma": "no-cache",
        "Strict-Transport-Security": "max-age=31536000; includeSubDomains",
        "X-Content-Type-Options": "nosniff",
        "x-ms-correlation-request-id": "f4b30abc-7e33-4e40-87c6-e1353d762bfe",
        "x-ms-ratelimit-remaining-subscription-writes": "1196",
        "x-ms-request-id": "f4b30abc-7e33-4e40-87c6-e1353d762bfe",
        "x-ms-routing-request-id": "SOUTHINDIA:20230628T073646Z:f4b30abc-7e33-4e40-87c6-e1353d762bfe"
      },
      "ResponseBody": {
        "id": "/subscriptions/2bf4a339-294d-4c25-b0b2-ef649e9f5c27/resourceGroups/dotnetSdkTest-infra-rg/providers/PaloAltoNetworks.Cloudngfw/firewalls/dotnetSdkTest-default-1/providers/Microsoft.Resources/tags/default",
        "name": "default",
        "type": "Microsoft.Resources/tags",
        "properties": {
          "tags": {
            "Counter": "2",
            "Counter1": "3"
          }
        }
      }
    },
    {
      "RequestUri": "https://management.azure.com/subscriptions/2bf4a339-294d-4c25-b0b2-ef649e9f5c27/resourceGroups/dotnetSdkTest-infra-rg/providers/PaloAltoNetworks.Cloudngfw/firewalls/dotnetSdkTest-default-1?api-version=2022-08-29",
      "RequestMethod": "GET",
      "RequestHeaders": {
        "Accept": "application/json",
        "Authorization": "Sanitized",
        "traceparent": "00-b7ee3daed787b0c2af41694e89c4b400-0db99e1d5ea83798-00",
        "User-Agent": "azsdk-net-ResourceManager.PaloAltoNetworks.Ngfw/1.0.0-alpha.20230623.1 (.NET 7.0.7; Microsoft Windows 10.0.22621)",
        "x-ms-client-request-id": "8a7af47ce7650fe69d0982f8439ff5f2",
        "x-ms-return-client-request-id": "true"
      },
      "RequestBody": null,
      "StatusCode": 200,
      "ResponseHeaders": {
        "Cache-Control": "no-cache",
        "Content-Length": "2441",
        "Content-Type": "application/json; charset=utf-8",
        "Date": "Wed, 28 Jun 2023 07:36:46 GMT",
        "ETag": "\u0022b000746b-0000-0100-0000-649be30c0000\u0022",
        "Expires": "-1",
        "Pragma": "no-cache",
        "Strict-Transport-Security": "max-age=31536000; includeSubDomains",
        "X-Content-Type-Options": "nosniff",
        "x-ms-client-request-id": "8a7af47ce7650fe69d0982f8439ff5f2",
        "x-ms-correlation-request-id": "426cc7bc-9c81-4c09-a957-6ea3d9229ba0",
        "x-ms-providerhub-traffic": "True",
        "x-ms-ratelimit-remaining-subscription-reads": "11942",
        "x-ms-request-id": "6d3ade6e-d5ed-43f0-a1a5-cef4a8d3bc2c",
        "x-ms-routing-request-id": "SOUTHINDIA:20230628T073647Z:426cc7bc-9c81-4c09-a957-6ea3d9229ba0"
      },
      "ResponseBody": {
        "id": "/subscriptions/2bf4a339-294d-4c25-b0b2-ef649e9f5c27/resourceGroups/dotnetSdkTest-infra-rg/providers/PaloAltoNetworks.Cloudngfw/firewalls/dotnetSdkTest-default-1",
        "name": "dotnetSdkTest-default-1",
        "type": "paloaltonetworks.cloudngfw/firewalls",
        "location": "eastus2",
        "tags": {
          "Counter": "2",
          "Counter1": "3"
        },
        "systemData": {
          "createdBy": "vibhuti.sharma@microsoft.com",
          "createdByType": "User",
          "createdAt": "2023-06-28T04:29:21.3902027Z",
          "lastModifiedBy": "864bdfa7-42e8-4658-83dd-9148a39ff519",
          "lastModifiedByType": "Application",
          "lastModifiedAt": "2023-06-28T07:36:44.7039359Z"
        },
        "properties": {
          "networkProfile": {
            "vnetConfiguration": {
              "vnet": {
                "resourceId": "/subscriptions/2bf4a339-294d-4c25-b0b2-ef649e9f5c27/resourceGroups/dotnetSdkTest-infra-rg/providers/Microsoft.Network/virtualNetworks/dotnetSdkTest-default-1-vnet"
              },
              "trustSubnet": {
                "resourceId": "/subscriptions/2bf4a339-294d-4c25-b0b2-ef649e9f5c27/resourceGroups/dotnetSdkTest-infra-rg/providers/Microsoft.Network/virtualNetworks/dotnetSdkTest-default-1-vnet/subnets/subnet1"
              },
              "unTrustSubnet": {
                "resourceId": "/subscriptions/2bf4a339-294d-4c25-b0b2-ef649e9f5c27/resourceGroups/dotnetSdkTest-infra-rg/providers/Microsoft.Network/virtualNetworks/dotnetSdkTest-default-1-vnet/subnets/subnet2"
              },
              "ipOfTrustSubnetForUdr": {
                "address": "10.224.0.4"
              }
            },
            "networkType": "VNET",
            "publicIps": [
              {
                "resourceId": "/subscriptions/2bf4a339-294d-4c25-b0b2-ef649e9f5c27/resourceGroups/dotnetSdkTest-infra-rg/providers/Microsoft.Network/publicIPAddresses/dotnetSdkTest-default-1-public-ip",
                "address": "20.122.25.79"
              }
            ],
            "enableEgressNat": "DISABLED",
            "egressNatIp": []
          },
          "associatedRulestack": {
            "resourceId": "/subscriptions/2bf4a339-294d-4c25-b0b2-ef649e9f5c27/resourceGroups/dotnetSdkTest-infra-rg/providers/PaloAltoNetworks.Cloudngfw/localRulestacks/dotnetSdkTest-default-1-lrs",
            "location": "eastus2",
            "rulestackId": "SUBSCRIPTION~2bf4a339-294d-4c25-b0b2-ef649e9f5c27~RG~dotnetSdkTest-infra-rg~STACK~dotnetSdkTest-default-1-lrs"
          },
          "dnsSettings": {
            "enableDnsProxy": "DISABLED",
            "enabledDnsType": "CUSTOM"
          },
          "isPanoramaManaged": "FALSE",
          "provisioningState": "Succeeded",
          "planData": {
            "usageType": "PAYG",
            "billingCycle": "MONTHLY",
            "planId": "cloud-ngfw-payg-test",
            "effectiveDate": "0001-01-01T00:00:00Z"
          },
          "marketplaceDetails": {
            "offerId": "pan_swfw_cloud_ngfw",
            "publisherId": "paloaltonetworks",
            "marketplaceSubscriptionStatus": "Subscribed",
            "marketplaceSubscriptionId": "4d407033-fc7d-470b-dc72-24bd505968d9"
          },
          "panEtag": "6c9061f8-156c-11ee-a1f7-cedd2f0787df"
        }
      }
    },
    {
      "RequestUri": "https://management.azure.com/subscriptions/2bf4a339-294d-4c25-b0b2-ef649e9f5c27/resourceGroups/dotnetSdkTest-infra-rg/providers/PaloAltoNetworks.Cloudngfw/firewalls/dotnetSdkTest-default-1/providers/Microsoft.Resources/tags/default?api-version=**",
      "RequestMethod": "DELETE",
      "RequestHeaders": {
        "Accept": "application/json",
        "Authorization": "Sanitized",
        "traceparent": "00-4f13cd0dd0c2e98ca9dca04009177c2c-539df2d84180229a-00",
        "User-Agent": "azsdk-net-ResourceManager/1.6.0 (.NET 7.0.7; Microsoft Windows 10.0.22621)",
        "x-ms-client-request-id": "bdb4259cc452dcd7c5ef12c79cc1b81d",
        "x-ms-return-client-request-id": "true"
      },
      "RequestBody": null,
      "StatusCode": 200,
      "ResponseHeaders": {
        "Cache-Control": "no-cache",
        "Content-Length": "0",
        "Date": "Wed, 28 Jun 2023 07:36:48 GMT",
        "Expires": "-1",
        "Pragma": "no-cache",
        "Strict-Transport-Security": "max-age=31536000; includeSubDomains",
        "X-Content-Type-Options": "nosniff",
        "x-ms-correlation-request-id": "b5b7fc19-7550-46ab-a841-89f8e4a28fe7",
        "x-ms-ratelimit-remaining-subscription-deletes": "14995",
        "x-ms-request-id": "b5b7fc19-7550-46ab-a841-89f8e4a28fe7",
        "x-ms-routing-request-id": "SOUTHINDIA:20230628T073649Z:b5b7fc19-7550-46ab-a841-89f8e4a28fe7"
      },
      "ResponseBody": null
    },
    {
      "RequestUri": "https://management.azure.com/subscriptions/2bf4a339-294d-4c25-b0b2-ef649e9f5c27/resourceGroups/dotnetSdkTest-infra-rg/providers/PaloAltoNetworks.Cloudngfw/firewalls/dotnetSdkTest-default-1/providers/Microsoft.Resources/tags/default?api-version=**",
      "RequestMethod": "GET",
      "RequestHeaders": {
        "Accept": "application/json",
        "Authorization": "Sanitized",
        "traceparent": "00-4f13cd0dd0c2e98ca9dca04009177c2c-8dbc6354df9879c5-00",
        "User-Agent": "azsdk-net-ResourceManager/1.6.0 (.NET 7.0.7; Microsoft Windows 10.0.22621)",
        "x-ms-client-request-id": "b3722207d7e0b8411c9ec575d41e72db",
        "x-ms-return-client-request-id": "true"
      },
      "RequestBody": null,
      "StatusCode": 200,
      "ResponseHeaders": {
        "Cache-Control": "no-cache",
        "Content-Length": "288",
        "Content-Type": "application/json; charset=utf-8",
        "Date": "Wed, 28 Jun 2023 07:36:49 GMT",
        "Expires": "-1",
        "Pragma": "no-cache",
        "Strict-Transport-Security": "max-age=31536000; includeSubDomains",
        "X-Content-Type-Options": "nosniff",
        "x-ms-correlation-request-id": "4fad9b20-b546-4ad8-9b29-08863dfd3c48",
        "x-ms-ratelimit-remaining-subscription-reads": "11941",
        "x-ms-request-id": "4fad9b20-b546-4ad8-9b29-08863dfd3c48",
        "x-ms-routing-request-id": "SOUTHINDIA:20230628T073649Z:4fad9b20-b546-4ad8-9b29-08863dfd3c48"
      },
      "ResponseBody": {
        "id": "/subscriptions/2bf4a339-294d-4c25-b0b2-ef649e9f5c27/resourceGroups/dotnetSdkTest-infra-rg/providers/PaloAltoNetworks.Cloudngfw/firewalls/dotnetSdkTest-default-1/providers/Microsoft.Resources/tags/default",
        "name": "default",
        "type": "Microsoft.Resources/tags",
        "properties": {
          "tags": {}
        }
      }
    },
    {
      "RequestUri": "https://management.azure.com/subscriptions/2bf4a339-294d-4c25-b0b2-ef649e9f5c27/resourceGroups/dotnetSdkTest-infra-rg/providers/PaloAltoNetworks.Cloudngfw/firewalls/dotnetSdkTest-default-1/providers/Microsoft.Resources/tags/default?api-version=**",
      "RequestMethod": "PUT",
      "RequestHeaders": {
        "Accept": "application/json",
        "Authorization": "Sanitized",
        "Content-Length": "55",
        "Content-Type": "application/json",
        "traceparent": "00-4f13cd0dd0c2e98ca9dca04009177c2c-c39ed859ce49e820-00",
        "User-Agent": "azsdk-net-ResourceManager/1.6.0 (.NET 7.0.7; Microsoft Windows 10.0.22621)",
        "x-ms-client-request-id": "49cf6550c8c83b09375099379a2570cc",
        "x-ms-return-client-request-id": "true"
      },
      "RequestBody": {
        "properties": {
          "tags": {
            "Counter2": "4",
            "Counter3": "5"
          }
        }
      },
      "StatusCode": 200,
      "ResponseHeaders": {
        "Cache-Control": "no-cache",
        "Content-Length": "317",
        "Content-Type": "application/json; charset=utf-8",
        "Date": "Wed, 28 Jun 2023 07:36:51 GMT",
        "Expires": "-1",
        "Pragma": "no-cache",
        "Strict-Transport-Security": "max-age=31536000; includeSubDomains",
        "X-Content-Type-Options": "nosniff",
        "x-ms-correlation-request-id": "08ac7e58-1fc1-480e-9979-e4e2a1675975",
        "x-ms-ratelimit-remaining-subscription-writes": "1195",
        "x-ms-request-id": "08ac7e58-1fc1-480e-9979-e4e2a1675975",
        "x-ms-routing-request-id": "SOUTHINDIA:20230628T073651Z:08ac7e58-1fc1-480e-9979-e4e2a1675975"
      },
      "ResponseBody": {
        "id": "/subscriptions/2bf4a339-294d-4c25-b0b2-ef649e9f5c27/resourceGroups/dotnetSdkTest-infra-rg/providers/PaloAltoNetworks.Cloudngfw/firewalls/dotnetSdkTest-default-1/providers/Microsoft.Resources/tags/default",
        "name": "default",
        "type": "Microsoft.Resources/tags",
        "properties": {
          "tags": {
            "Counter2": "4",
            "Counter3": "5"
          }
        }
      }
    },
    {
      "RequestUri": "https://management.azure.com/subscriptions/2bf4a339-294d-4c25-b0b2-ef649e9f5c27/resourceGroups/dotnetSdkTest-infra-rg/providers/PaloAltoNetworks.Cloudngfw/firewalls/dotnetSdkTest-default-1?api-version=2022-08-29",
      "RequestMethod": "GET",
      "RequestHeaders": {
        "Accept": "application/json",
        "Authorization": "Sanitized",
        "traceparent": "00-4f13cd0dd0c2e98ca9dca04009177c2c-a148a54219068a7a-00",
        "User-Agent": "azsdk-net-ResourceManager.PaloAltoNetworks.Ngfw/1.0.0-alpha.20230623.1 (.NET 7.0.7; Microsoft Windows 10.0.22621)",
        "x-ms-client-request-id": "06614da8f1283eca19377c8f3d091df6",
        "x-ms-return-client-request-id": "true"
      },
      "RequestBody": null,
      "StatusCode": 200,
      "ResponseHeaders": {
        "Cache-Control": "no-cache",
        "Content-Length": "2442",
        "Content-Type": "application/json; charset=utf-8",
        "Date": "Wed, 28 Jun 2023 07:36:51 GMT",
        "ETag": "\u0022b0001273-0000-0100-0000-649be3120000\u0022",
        "Expires": "-1",
        "Pragma": "no-cache",
        "Strict-Transport-Security": "max-age=31536000; includeSubDomains",
        "X-Content-Type-Options": "nosniff",
        "x-ms-client-request-id": "06614da8f1283eca19377c8f3d091df6",
        "x-ms-correlation-request-id": "7c7f0fbc-df94-468a-9244-a67e5163702b",
        "x-ms-providerhub-traffic": "True",
        "x-ms-ratelimit-remaining-subscription-reads": "11940",
        "x-ms-request-id": "50134abf-c7d2-4d53-9156-7e7f1d6a90d6",
        "x-ms-routing-request-id": "SOUTHINDIA:20230628T073652Z:7c7f0fbc-df94-468a-9244-a67e5163702b"
      },
      "ResponseBody": {
        "id": "/subscriptions/2bf4a339-294d-4c25-b0b2-ef649e9f5c27/resourceGroups/dotnetSdkTest-infra-rg/providers/PaloAltoNetworks.Cloudngfw/firewalls/dotnetSdkTest-default-1",
        "name": "dotnetSdkTest-default-1",
        "type": "paloaltonetworks.cloudngfw/firewalls",
        "location": "eastus2",
        "tags": {
          "Counter2": "4",
          "Counter3": "5"
        },
        "systemData": {
          "createdBy": "vibhuti.sharma@microsoft.com",
          "createdByType": "User",
          "createdAt": "2023-06-28T04:29:21.3902027Z",
          "lastModifiedBy": "864bdfa7-42e8-4658-83dd-9148a39ff519",
          "lastModifiedByType": "Application",
          "lastModifiedAt": "2023-06-28T07:36:50.3449094Z"
        },
        "properties": {
          "networkProfile": {
            "vnetConfiguration": {
              "vnet": {
                "resourceId": "/subscriptions/2bf4a339-294d-4c25-b0b2-ef649e9f5c27/resourceGroups/dotnetSdkTest-infra-rg/providers/Microsoft.Network/virtualNetworks/dotnetSdkTest-default-1-vnet"
              },
              "trustSubnet": {
                "resourceId": "/subscriptions/2bf4a339-294d-4c25-b0b2-ef649e9f5c27/resourceGroups/dotnetSdkTest-infra-rg/providers/Microsoft.Network/virtualNetworks/dotnetSdkTest-default-1-vnet/subnets/subnet1"
              },
              "unTrustSubnet": {
                "resourceId": "/subscriptions/2bf4a339-294d-4c25-b0b2-ef649e9f5c27/resourceGroups/dotnetSdkTest-infra-rg/providers/Microsoft.Network/virtualNetworks/dotnetSdkTest-default-1-vnet/subnets/subnet2"
              },
              "ipOfTrustSubnetForUdr": {
                "address": "10.224.0.4"
              }
            },
            "networkType": "VNET",
            "publicIps": [
              {
                "resourceId": "/subscriptions/2bf4a339-294d-4c25-b0b2-ef649e9f5c27/resourceGroups/dotnetSdkTest-infra-rg/providers/Microsoft.Network/publicIPAddresses/dotnetSdkTest-default-1-public-ip",
                "address": "20.122.25.79"
              }
            ],
            "enableEgressNat": "DISABLED",
            "egressNatIp": []
          },
          "associatedRulestack": {
            "resourceId": "/subscriptions/2bf4a339-294d-4c25-b0b2-ef649e9f5c27/resourceGroups/dotnetSdkTest-infra-rg/providers/PaloAltoNetworks.Cloudngfw/localRulestacks/dotnetSdkTest-default-1-lrs",
            "location": "eastus2",
            "rulestackId": "SUBSCRIPTION~2bf4a339-294d-4c25-b0b2-ef649e9f5c27~RG~dotnetSdkTest-infra-rg~STACK~dotnetSdkTest-default-1-lrs"
          },
          "dnsSettings": {
            "enableDnsProxy": "DISABLED",
            "enabledDnsType": "CUSTOM"
          },
          "isPanoramaManaged": "FALSE",
          "provisioningState": "Succeeded",
          "planData": {
            "usageType": "PAYG",
            "billingCycle": "MONTHLY",
            "planId": "cloud-ngfw-payg-test",
            "effectiveDate": "0001-01-01T00:00:00Z"
          },
          "marketplaceDetails": {
            "offerId": "pan_swfw_cloud_ngfw",
            "publisherId": "paloaltonetworks",
            "marketplaceSubscriptionStatus": "Subscribed",
            "marketplaceSubscriptionId": "4d407033-fc7d-470b-dc72-24bd505968d9"
          },
          "panEtag": "6c9061f8-156c-11ee-a1f7-cedd2f0787df"
        }
      }
    }
  ],
  "Variables": {
    "AZURE_AUTHORITY_HOST": null,
    "RandomSeed": "1425089833",
    "RESOURCE_MANAGER_URL": null,
    "SUBSCRIPTION_ID": "2bf4a339-294d-4c25-b0b2-ef649e9f5c27"
  }
}
