{
  "Entries": [
    {
      "RequestUri": "/secrets/listsecrettest0?api-version=2015-06-01",
      "EncodedRequestUri": "L3NlY3JldHMvbGlzdHNlY3JldHRlc3QwP2FwaS12ZXJzaW9uPTIwMTUtMDYtMDE=",
      "RequestMethod": "PUT",
      "RequestBody": "{\r\n  \"value\": \"mysecretvalue\",\r\n  \"contentType\": \"plainText\"\r\n}",
      "RequestHeaders": {
        "Content-Type": [
          "application/json; charset=utf-8"
        ],
        "Content-Length": [
          "63"
        ],
        "x-ms-client-request-id": [
          "3ab9a703-f1d4-49b3-95db-6f86067c70f1"
        ],
        "accept-language": [
          "en-US"
        ],
        "User-Agent": [
          "Microsoft.Azure.KeyVault.KeyVaultClient/2.0.2-preview"
        ]
      },
      "ResponseBody": "{\r\n  \"value\": \"mysecretvalue\",\r\n  \"contentType\": \"plainText\",\r\n  \"id\": \"https://herveyw-premium.vault.azure.net/secrets/listsecrettest0/fce049f5d03644a6ad9979c653a47c37\",\r\n  \"attributes\": {\r\n    \"enabled\": true,\r\n    \"created\": 1476469576,\r\n    \"updated\": 1476469576\r\n  }\r\n}",
      "ResponseHeaders": {
        "Content-Length": [
          "227"
        ],
        "Content-Type": [
          "application/json; charset=utf-8"
        ],
        "Expires": [
          "-1"
        ],
        "Cache-Control": [
          "no-cache"
        ],
        "Date": [
          "Fri, 14 Oct 2016 18:26:16 GMT"
        ],
        "Pragma": [
          "no-cache"
        ],
        "Server": [
          "Microsoft-IIS/8.5"
        ],
        "x-ms-keyvault-region": [
          "eastus"
        ],
        "x-ms-request-id": [
          "e862b116-d01f-4d0f-9104-c7e22bcc0201"
        ],
        "x-ms-keyvault-service-version": [
          "1.0.0.778"
        ],
        "X-AspNet-Version": [
          "4.0.30319"
        ],
        "X-Powered-By": [
          "ASP.NET"
        ],
        "Strict-Transport-Security": [
          "max-age=31536000;includeSubDomains"
        ],
        "X-Content-Type-Options": [
          "nosniff"
        ]
      },
      "StatusCode": 200
    },
    {
      "RequestUri": "/secrets/listsecrettest1?api-version=2015-06-01",
      "EncodedRequestUri": "L3NlY3JldHMvbGlzdHNlY3JldHRlc3QxP2FwaS12ZXJzaW9uPTIwMTUtMDYtMDE=",
      "RequestMethod": "PUT",
      "RequestBody": "{\r\n  \"value\": \"mysecretvalue\",\r\n  \"contentType\": \"plainText\"\r\n}",
      "RequestHeaders": {
        "Content-Type": [
          "application/json; charset=utf-8"
        ],
        "Content-Length": [
          "63"
        ],
        "x-ms-client-request-id": [
          "80c2391c-16d2-4c2d-aa5c-b12fd4a4b309"
        ],
        "accept-language": [
          "en-US"
        ],
        "User-Agent": [
          "Microsoft.Azure.KeyVault.KeyVaultClient/2.0.2-preview"
        ]
      },
      "ResponseBody": "{\r\n  \"value\": \"mysecretvalue\",\r\n  \"contentType\": \"plainText\",\r\n  \"id\": \"https://herveyw-premium.vault.azure.net/secrets/listsecrettest1/76155724aa184ec6b8e3684bd045df8d\",\r\n  \"attributes\": {\r\n    \"enabled\": true,\r\n    \"created\": 1476469577,\r\n    \"updated\": 1476469577\r\n  }\r\n}",
      "ResponseHeaders": {
        "Content-Length": [
          "227"
        ],
        "Content-Type": [
          "application/json; charset=utf-8"
        ],
        "Expires": [
          "-1"
        ],
        "Cache-Control": [
          "no-cache"
        ],
        "Date": [
          "Fri, 14 Oct 2016 18:26:16 GMT"
        ],
        "Pragma": [
          "no-cache"
        ],
        "Server": [
          "Microsoft-IIS/8.5"
        ],
        "x-ms-keyvault-region": [
          "eastus"
        ],
        "x-ms-request-id": [
          "cec46075-7afa-434c-b7b5-7d3d4a19ef98"
        ],
        "x-ms-keyvault-service-version": [
          "1.0.0.778"
        ],
        "X-AspNet-Version": [
          "4.0.30319"
        ],
        "X-Powered-By": [
          "ASP.NET"
        ],
        "Strict-Transport-Security": [
          "max-age=31536000;includeSubDomains"
        ],
        "X-Content-Type-Options": [
          "nosniff"
        ]
      },
      "StatusCode": 200
    },
    {
      "RequestUri": "/secrets/listsecrettest2?api-version=2015-06-01",
      "EncodedRequestUri": "L3NlY3JldHMvbGlzdHNlY3JldHRlc3QyP2FwaS12ZXJzaW9uPTIwMTUtMDYtMDE=",
      "RequestMethod": "PUT",
      "RequestBody": "{\r\n  \"value\": \"mysecretvalue\",\r\n  \"contentType\": \"plainText\"\r\n}",
      "RequestHeaders": {
        "Content-Type": [
          "application/json; charset=utf-8"
        ],
        "Content-Length": [
          "63"
        ],
        "x-ms-client-request-id": [
          "82ea07a7-7b1d-4bc3-adba-1e2db7e1f001"
        ],
        "accept-language": [
          "en-US"
        ],
        "User-Agent": [
          "Microsoft.Azure.KeyVault.KeyVaultClient/2.0.2-preview"
        ]
      },
      "ResponseBody": "{\r\n  \"value\": \"mysecretvalue\",\r\n  \"contentType\": \"plainText\",\r\n  \"id\": \"https://herveyw-premium.vault.azure.net/secrets/listsecrettest2/37d4e8dd96b7489c810bd0d692e30f15\",\r\n  \"attributes\": {\r\n    \"enabled\": true,\r\n    \"created\": 1476469577,\r\n    \"updated\": 1476469577\r\n  }\r\n}",
      "ResponseHeaders": {
        "Content-Length": [
          "227"
        ],
        "Content-Type": [
          "application/json; charset=utf-8"
        ],
        "Expires": [
          "-1"
        ],
        "Cache-Control": [
          "no-cache"
        ],
        "Date": [
          "Fri, 14 Oct 2016 18:26:16 GMT"
        ],
        "Pragma": [
          "no-cache"
        ],
        "Server": [
          "Microsoft-IIS/8.5"
        ],
        "x-ms-keyvault-region": [
          "eastus"
        ],
        "x-ms-request-id": [
          "83128a35-b6cf-4ee6-899e-6e4ad735b201"
        ],
        "x-ms-keyvault-service-version": [
          "1.0.0.778"
        ],
        "X-AspNet-Version": [
          "4.0.30319"
        ],
        "X-Powered-By": [
          "ASP.NET"
        ],
        "Strict-Transport-Security": [
          "max-age=31536000;includeSubDomains"
        ],
        "X-Content-Type-Options": [
          "nosniff"
        ]
      },
      "StatusCode": 200
    },
    {
      "RequestUri": "/secrets?maxresults=1&api-version=2015-06-01",
      "EncodedRequestUri": "L3NlY3JldHM/bWF4cmVzdWx0cz0xJmFwaS12ZXJzaW9uPTIwMTUtMDYtMDE=",
      "RequestMethod": "GET",
      "RequestBody": "",
      "RequestHeaders": {
        "x-ms-client-request-id": [
          "8a6a2ede-9af4-425b-96f0-5102362f53d6"
        ],
        "accept-language": [
          "en-US"
        ],
        "User-Agent": [
          "Microsoft.Azure.KeyVault.KeyVaultClient/2.0.2-preview"
        ]
      },
      "ResponseBody": "{\r\n  \"value\": [\r\n    {\r\n      \"contentType\": \"plainText\",\r\n      \"id\": \"https://herveyw-premium.vault.azure.net/secrets/listsecrettest0\",\r\n      \"attributes\": {\r\n        \"enabled\": true,\r\n        \"created\": 1476469576,\r\n        \"updated\": 1476469576\r\n      }\r\n    }\r\n  ],\r\n  \"nextLink\": \"https://herveyw-premium.vault.azure.net:443/secrets?api-version=2015-06-01&$skiptoken=eyJOZXh0TWFya2VyIjoiMiE4OCFNREF3TURJeUlYTmxZM0psZEM5TVNWTlVVMFZEVWtWVVZFVlRWREVoTURBd01ESTRJVEl3TVRZdE1UQXRNVFJVTVRjNk16azZNamN1TVRVMk5UazVNMW9oIiwiVGFyZ2V0TG9jYXRpb24iOjB9&maxresults=1\"\r\n}",
      "ResponseHeaders": {
        "Content-Length": [
          "467"
        ],
        "Content-Type": [
          "application/json; charset=utf-8"
        ],
        "Expires": [
          "-1"
        ],
        "Cache-Control": [
          "no-cache"
        ],
        "Date": [
          "Fri, 14 Oct 2016 18:26:16 GMT"
        ],
        "Pragma": [
          "no-cache"
        ],
        "Server": [
          "Microsoft-IIS/8.5"
        ],
        "x-ms-keyvault-region": [
          "eastus"
        ],
        "x-ms-request-id": [
          "1b41a54e-0417-45eb-bc70-fa51521638df"
        ],
        "x-ms-keyvault-service-version": [
          "1.0.0.778"
        ],
        "X-AspNet-Version": [
          "4.0.30319"
        ],
        "X-Powered-By": [
          "ASP.NET"
        ],
        "Strict-Transport-Security": [
          "max-age=31536000;includeSubDomains"
        ],
        "X-Content-Type-Options": [
          "nosniff"
        ]
      },
      "StatusCode": 200
    },
    {
      "RequestUri": "/secrets?api-version=2015-06-01&$skiptoken=eyJOZXh0TWFya2VyIjoiMiE4OCFNREF3TURJeUlYTmxZM0psZEM5TVNWTlVVMFZEVWtWVVZFVlRWREVoTURBd01ESTRJVEl3TVRZdE1UQXRNVFJVTVRjNk16azZNamN1TVRVMk5UazVNMW9oIiwiVGFyZ2V0TG9jYXRpb24iOjB9&maxresults=1",
      "EncodedRequestUri": "L3NlY3JldHM/YXBpLXZlcnNpb249MjAxNS0wNi0wMSYkc2tpcHRva2VuPWV5Sk9aWGgwVFdGeWEyVnlJam9pTWlFNE9DRk5SRUYzVFVSSmVVbFlUbXhaTTBwc1pFTTVUVk5XVGxWVk1GWkVWV3RXVlZaRlZsUldSRVZvVFVSQmQwMUVTVFJKVkVsM1RWUlpkRTFVUVhSTlZGSlZUVlJqTmsxNmF6Wk5hbU4xVFZSVk1rNVVhelZOTVc5b0lpd2lWR0Z5WjJWMFRHOWpZWFJwYjI0aU9qQjkmbWF4cmVzdWx0cz0x",
      "RequestMethod": "GET",
      "RequestBody": "",
      "RequestHeaders": {
        "x-ms-client-request-id": [
          "1e4a198f-621c-4321-9131-0d642231fad0"
        ],
        "accept-language": [
          "en-US"
        ],
        "User-Agent": [
          "Microsoft.Azure.KeyVault.KeyVaultClient/2.0.2-preview"
        ]
      },
      "ResponseBody": "{\r\n  \"value\": [\r\n    {\r\n      \"contentType\": \"plainText\",\r\n      \"id\": \"https://herveyw-premium.vault.azure.net/secrets/listsecrettest1\",\r\n      \"attributes\": {\r\n        \"enabled\": true,\r\n        \"created\": 1476469577,\r\n        \"updated\": 1476469577\r\n      }\r\n    }\r\n  ],\r\n  \"nextLink\": \"https://herveyw-premium.vault.azure.net:443/secrets?api-version=2015-06-01&$skiptoken=eyJOZXh0TWFya2VyIjoiMiE4OCFNREF3TURJeUlYTmxZM0psZEM5TVNWTlVVMFZEVWtWVVZFVlRWREloTURBd01ESTRJVEl3TVRZdE1UQXRNVFJVTVRjNk16azZNamN1TXpNek5qQTVObG9oIiwiVGFyZ2V0TG9jYXRpb24iOjB9&maxresults=1\"\r\n}",
      "ResponseHeaders": {
        "Content-Length": [
          "467"
        ],
        "Content-Type": [
          "application/json; charset=utf-8"
        ],
        "Expires": [
          "-1"
        ],
        "Cache-Control": [
          "no-cache"
        ],
        "Date": [
          "Fri, 14 Oct 2016 18:26:17 GMT"
        ],
        "Pragma": [
          "no-cache"
        ],
        "Server": [
          "Microsoft-IIS/8.5"
        ],
        "x-ms-keyvault-region": [
          "eastus"
        ],
        "x-ms-request-id": [
          "1669c00b-a3c0-4b08-9c6b-005277b394ec"
        ],
        "x-ms-keyvault-service-version": [
          "1.0.0.778"
        ],
        "X-AspNet-Version": [
          "4.0.30319"
        ],
        "X-Powered-By": [
          "ASP.NET"
        ],
        "Strict-Transport-Security": [
          "max-age=31536000;includeSubDomains"
        ],
        "X-Content-Type-Options": [
          "nosniff"
        ]
      },
      "StatusCode": 200
    },
    {
      "RequestUri": "/secrets?api-version=2015-06-01&$skiptoken=eyJOZXh0TWFya2VyIjoiMiE4OCFNREF3TURJeUlYTmxZM0psZEM5TVNWTlVVMFZEVWtWVVZFVlRWREloTURBd01ESTRJVEl3TVRZdE1UQXRNVFJVTVRjNk16azZNamN1TXpNek5qQTVObG9oIiwiVGFyZ2V0TG9jYXRpb24iOjB9&maxresults=1",
      "EncodedRequestUri": "L3NlY3JldHM/YXBpLXZlcnNpb249MjAxNS0wNi0wMSYkc2tpcHRva2VuPWV5Sk9aWGgwVFdGeWEyVnlJam9pTWlFNE9DRk5SRUYzVFVSSmVVbFlUbXhaTTBwc1pFTTVUVk5XVGxWVk1GWkVWV3RXVlZaRlZsUldSRWxvVFVSQmQwMUVTVFJKVkVsM1RWUlpkRTFVUVhSTlZGSlZUVlJqTmsxNmF6Wk5hbU4xVFhwTmVrNXFRVFZPYkc5b0lpd2lWR0Z5WjJWMFRHOWpZWFJwYjI0aU9qQjkmbWF4cmVzdWx0cz0x",
      "RequestMethod": "GET",
      "RequestBody": "",
      "RequestHeaders": {
        "x-ms-client-request-id": [
          "de67c3bb-b9fa-4096-9cc3-8d09678a6721"
        ],
        "accept-language": [
          "en-US"
        ],
        "User-Agent": [
          "Microsoft.Azure.KeyVault.KeyVaultClient/2.0.2-preview"
        ]
      },
      "ResponseBody": "{\r\n  \"value\": [\r\n    {\r\n      \"contentType\": \"plainText\",\r\n      \"id\": \"https://herveyw-premium.vault.azure.net/secrets/listsecrettest2\",\r\n      \"attributes\": {\r\n        \"enabled\": true,\r\n        \"created\": 1476469577,\r\n        \"updated\": 1476469577\r\n      }\r\n    }\r\n  ],\r\n  \"nextLink\": \"https://herveyw-premium.vault.azure.net:443/secrets?api-version=2015-06-01&$skiptoken=eyJOZXh0TWFya2VyIjoiMiExMDAhTURBd01ESTVJWE5sWTNKbGRDOU1TVk5VVTBWRFVrVlVWa1ZTVTBsUFRsTlVSVk5VSVRBd01EQXlPQ0V5TURFMkxURXdMVEUwVkRBMU9qRTJPakk0TGprNE1UWTVNREJhSVEtLSIsIlRhcmdldExvY2F0aW9uIjowfQ&maxresults=1\"\r\n}",
      "ResponseHeaders": {
        "Content-Length": [
          "485"
        ],
        "Content-Type": [
          "application/json; charset=utf-8"
        ],
        "Expires": [
          "-1"
        ],
        "Cache-Control": [
          "no-cache"
        ],
        "Date": [
          "Fri, 14 Oct 2016 18:26:17 GMT"
        ],
        "Pragma": [
          "no-cache"
        ],
        "Server": [
          "Microsoft-IIS/8.5"
        ],
        "x-ms-keyvault-region": [
          "eastus"
        ],
        "x-ms-request-id": [
          "774276ba-630d-4b09-8964-91bd3cf50b46"
        ],
        "x-ms-keyvault-service-version": [
          "1.0.0.778"
        ],
        "X-AspNet-Version": [
          "4.0.30319"
        ],
        "X-Powered-By": [
          "ASP.NET"
        ],
        "Strict-Transport-Security": [
          "max-age=31536000;includeSubDomains"
        ],
        "X-Content-Type-Options": [
          "nosniff"
        ]
      },
      "StatusCode": 200
    },
    {
      "RequestUri": "/secrets?api-version=2015-06-01&$skiptoken=eyJOZXh0TWFya2VyIjoiMiExMDAhTURBd01ESTVJWE5sWTNKbGRDOU1TVk5VVTBWRFVrVlVWa1ZTVTBsUFRsTlVSVk5VSVRBd01EQXlPQ0V5TURFMkxURXdMVEUwVkRBMU9qRTJPakk0TGprNE1UWTVNREJhSVEtLSIsIlRhcmdldExvY2F0aW9uIjowfQ&maxresults=1",
      "EncodedRequestUri": "L3NlY3JldHM/YXBpLXZlcnNpb249MjAxNS0wNi0wMSYkc2tpcHRva2VuPWV5Sk9aWGgwVFdGeWEyVnlJam9pTWlFeE1EQWhUVVJCZDAxRVNUVkpXRTVzV1ROS2JHUkRPVTFUVms1VlZUQldSRlZyVmxWV2ExWlRWVEJzVUZSc1RsVlNWazVWU1ZSQmQwMUVRWGxQUTBWNVRVUkZNa3hVUlhkTVZFVXdWa1JCTVU5cVJUSlBha2swVEdwck5FMVVXVFZOUkVKaFNWRXRMU0lzSWxSaGNtZGxkRXh2WTJGMGFXOXVJam93ZlEmbWF4cmVzdWx0cz0x",
      "RequestMethod": "GET",
      "RequestBody": "",
      "RequestHeaders": {
        "x-ms-client-request-id": [
          "92fc6a42-e44b-4960-9b41-b98d033e04f8"
        ],
        "accept-language": [
          "en-US"
        ],
        "User-Agent": [
          "Microsoft.Azure.KeyVault.KeyVaultClient/2.0.2-preview"
        ]
      },
      "ResponseBody": "{\r\n  \"value\": [\r\n    {\r\n      \"id\": \"https://herveyw-premium.vault.azure.net/secrets/listsecretversionstest\",\r\n      \"attributes\": {\r\n        \"enabled\": true,\r\n        \"created\": 1476469477,\r\n        \"updated\": 1476469477\r\n      }\r\n    }\r\n  ],\r\n  \"nextLink\": \"https://herveyw-premium.vault.azure.net:443/secrets?api-version=2015-06-01&$skiptoken=eyJOZXh0TWFya2VyIjoiMiE5MiFNREF3TURJMUlYTmxZM0psZEM5TVNWTlVWa1ZTVTBsUFRsTkRSVkpVTURFaE1EQXdNREk0SVRrNU9Ua3RNVEl0TXpGVU1qTTZOVGs2TlRrdU9UazVPVGs1T1ZvaCIsIlRhcmdldExvY2F0aW9uIjowfQ&maxresults=1\"\r\n}",
      "ResponseHeaders": {
        "Content-Length": [
          "454"
        ],
        "Content-Type": [
          "application/json; charset=utf-8"
        ],
        "Expires": [
          "-1"
        ],
        "Cache-Control": [
          "no-cache"
        ],
        "Date": [
          "Fri, 14 Oct 2016 18:26:17 GMT"
        ],
        "Pragma": [
          "no-cache"
        ],
        "Server": [
          "Microsoft-IIS/8.5"
        ],
        "x-ms-keyvault-region": [
          "eastus"
        ],
        "x-ms-request-id": [
          "e35fe282-fba0-4126-b11f-03f6e4272e0c"
        ],
        "x-ms-keyvault-service-version": [
          "1.0.0.778"
        ],
        "X-AspNet-Version": [
          "4.0.30319"
        ],
        "X-Powered-By": [
          "ASP.NET"
        ],
        "Strict-Transport-Security": [
          "max-age=31536000;includeSubDomains"
        ],
        "X-Content-Type-Options": [
          "nosniff"
        ]
      },
      "StatusCode": 200
    },
    {
      "RequestUri": "/secrets?api-version=2015-06-01&$skiptoken=eyJOZXh0TWFya2VyIjoiMiE5MiFNREF3TURJMUlYTmxZM0psZEM5TVNWTlVWa1ZTVTBsUFRsTkRSVkpVTURFaE1EQXdNREk0SVRrNU9Ua3RNVEl0TXpGVU1qTTZOVGs2TlRrdU9UazVPVGs1T1ZvaCIsIlRhcmdldExvY2F0aW9uIjowfQ&maxresults=1",
      "EncodedRequestUri": "L3NlY3JldHM/YXBpLXZlcnNpb249MjAxNS0wNi0wMSYkc2tpcHRva2VuPWV5Sk9aWGgwVFdGeWEyVnlJam9pTWlFNU1pRk5SRUYzVFVSSk1VbFlUbXhaTTBwc1pFTTVUVk5XVGxWV2ExWlRWVEJzVUZSc1RrUlNWa3BWVFVSRmFFMUVRWGROUkVrMFNWUnJOVTlVYTNSTlZFbDBUWHBHVlUxcVRUWk9WR3MyVGxScmRVOVVhelZQVkdzMVQxWnZhQ0lzSWxSaGNtZGxkRXh2WTJGMGFXOXVJam93ZlEmbWF4cmVzdWx0cz0x",
      "RequestMethod": "GET",
      "RequestBody": "",
      "RequestHeaders": {
        "x-ms-client-request-id": [
          "b5c20a7c-6b13-49b6-8012-f306d936fb4d"
        ],
        "accept-language": [
          "en-US"
        ],
        "User-Agent": [
          "Microsoft.Azure.KeyVault.KeyVaultClient/2.0.2-preview"
        ]
      },
      "ResponseBody": "{\r\n  \"value\": [\r\n    {\r\n      \"contentType\": \"plaintext\",\r\n      \"id\": \"https://herveyw-premium.vault.azure.net/secrets/secretwithextendedattribs\",\r\n      \"attributes\": {\r\n        \"enabled\": false,\r\n        \"nbf\": 1476509981,\r\n        \"created\": 1476466782,\r\n        \"updated\": 1476466782\r\n      },\r\n      \"tags\": {\r\n        \"purpose\": \"unit test\"\r\n      }\r\n    }\r\n  ],\r\n  \"nextLink\": \"https://herveyw-premium.vault.azure.net:443/secrets?api-version=2015-06-01&$skiptoken=eyJOZXh0TWFya2VyIjoiMiE5MiFNREF3TURJeklYTmxZM0psZEM5VFJVeEdVMGxIVGtWRVEwVlNWREF4SVRBd01EQXlPQ0U1T1RrNUxURXlMVE14VkRJek9qVTVPalU1TGprNU9UazVPVGxhSVEtLSIsIlRhcmdldExvY2F0aW9uIjowfQ&maxresults=1\"\r\n}",
      "ResponseHeaders": {
        "Content-Length": [
          "532"
        ],
        "Content-Type": [
          "application/json; charset=utf-8"
        ],
        "Expires": [
          "-1"
        ],
        "Cache-Control": [
          "no-cache"
        ],
        "Date": [
          "Fri, 14 Oct 2016 18:26:17 GMT"
        ],
        "Pragma": [
          "no-cache"
        ],
        "Server": [
          "Microsoft-IIS/8.5"
        ],
        "x-ms-keyvault-region": [
          "eastus"
        ],
        "x-ms-request-id": [
          "dae22a9d-c416-45bd-8417-c906f4410fc6"
        ],
        "x-ms-keyvault-service-version": [
          "1.0.0.778"
        ],
        "X-AspNet-Version": [
          "4.0.30319"
        ],
        "X-Powered-By": [
          "ASP.NET"
        ],
        "Strict-Transport-Security": [
          "max-age=31536000;includeSubDomains"
        ],
        "X-Content-Type-Options": [
          "nosniff"
        ]
      },
      "StatusCode": 200
    },
    {
      "RequestUri": "/secrets?api-version=2015-06-01&$skiptoken=eyJOZXh0TWFya2VyIjoiMiE5MiFNREF3TURJeklYTmxZM0psZEM5VFJVeEdVMGxIVGtWRVEwVlNWREF4SVRBd01EQXlPQ0U1T1RrNUxURXlMVE14VkRJek9qVTVPalU1TGprNU9UazVPVGxhSVEtLSIsIlRhcmdldExvY2F0aW9uIjowfQ&maxresults=1",
      "EncodedRequestUri": "L3NlY3JldHM/YXBpLXZlcnNpb249MjAxNS0wNi0wMSYkc2tpcHRva2VuPWV5Sk9aWGgwVFdGeWEyVnlJam9pTWlFNU1pRk5SRUYzVFVSSmVrbFlUbXhaTTBwc1pFTTVWRkpWZUVkVk1HeElWR3RXUlZFd1ZsTldSRUY0U1ZSQmQwMUVRWGxQUTBVMVQxUnJOVXhVUlhsTVZFMTRWa1JKZWs5cVZUVlBhbFUxVEdwck5VOVVhelZQVkd4aFNWRXRMU0lzSWxSaGNtZGxkRXh2WTJGMGFXOXVJam93ZlEmbWF4cmVzdWx0cz0x",
      "RequestMethod": "GET",
      "RequestBody": "",
      "RequestHeaders": {
        "x-ms-client-request-id": [
          "20591175-1271-431d-a23f-ce4e2de53253"
        ],
        "accept-language": [
          "en-US"
        ],
        "User-Agent": [
          "Microsoft.Azure.KeyVault.KeyVaultClient/2.0.2-preview"
        ]
      },
      "ResponseBody": "{\r\n  \"value\": [],\r\n  \"nextLink\": null\r\n}",
      "ResponseHeaders": {
        "Content-Length": [
          "28"
        ],
        "Content-Type": [
          "application/json; charset=utf-8"
        ],
        "Expires": [
          "-1"
        ],
        "Cache-Control": [
          "no-cache"
        ],
        "Date": [
          "Fri, 14 Oct 2016 18:26:17 GMT"
        ],
        "Pragma": [
          "no-cache"
        ],
        "Server": [
          "Microsoft-IIS/8.5"
        ],
        "x-ms-keyvault-region": [
          "eastus"
        ],
        "x-ms-request-id": [
          "9d2f5913-fe2b-4961-8a9b-aee17f6b3559"
        ],
        "x-ms-keyvault-service-version": [
          "1.0.0.778"
        ],
        "X-AspNet-Version": [
          "4.0.30319"
        ],
        "X-Powered-By": [
          "ASP.NET"
        ],
        "Strict-Transport-Security": [
          "max-age=31536000;includeSubDomains"
        ],
        "X-Content-Type-Options": [
          "nosniff"
        ]
      },
      "StatusCode": 200
    }
  ],
  "Names": {},
  "Variables": {
    "VaultAddress": "https://herveyw-premium.vault.azure.net",
    "KeyName": "sdktestkey",
    "KeyVersion": "944192eed71a4ceaa2f6328926754938"
  }
}