{
  "Entries": [
    {
      "RequestUri": "https://ads-dev-eastus-pv.purview.azure.com/share/sentShares/sentShare1/assets/asset1?api-version=2021-09-01-preview",
      "RequestMethod": "DELETE",
      "RequestHeaders": {
        "Accept": "application/json",
        "Authorization": "Sanitized",
        "Connection": "keep-alive",
        "Content-Length": "0",
        "traceparent": "00-a3fe327d57d5b84989dfef333199fb0b-6cc8912c7f165a4f-00",
        "User-Agent": "azsdk-net-Analytics.Share/1.0.3-alpha.20220714.1 (.NET Framework 4.8.4510.0; Microsoft Windows 10.0.22000 )",
        "x-ms-client-request-id": "e64528e22ce5dec74f0581681a9933d3",
        "x-ms-return-client-request-id": "true"
      },
      "RequestBody": null,
      "StatusCode": 202,
      "ResponseHeaders": {
        "Azure-AsyncOperation": "https://ads-dev-eastus-pv.purview.azure.com/share/operationResults/Delete-ShareAsset-460fc833-b990-4320-8e39-8d62ff5e923f?api-version=2021-09-01-preview",
        "Content-Length": "0",
        "Date": "Thu, 14 Jul 2022 20:11:25 GMT",
        "Operation-Location": "https://ads-dev-eastus-pv.purview.azure.com/share/operationResults/Delete-ShareAsset-460fc833-b990-4320-8e39-8d62ff5e923f?api-version=2021-09-01-preview",
        "Server": "Kestrel",
        "Strict-Transport-Security": "max-age=31536000; includeSubDomains",
        "x-ms-correlation-request-id": "884bb9a3-bf3b-40d3-a4e3-826ae8401d85"
      },
      "ResponseBody": null
    },
    {
      "RequestUri": "https://ads-dev-eastus-pv.purview.azure.com/share/operationResults/Delete-ShareAsset-460fc833-b990-4320-8e39-8d62ff5e923f?api-version=2021-09-01-preview",
      "RequestMethod": "GET",
      "RequestHeaders": {
        "Authorization": "Sanitized",
        "traceparent": "00-a3fe327d57d5b84989dfef333199fb0b-d0fbb12b19fcfa44-00",
        "User-Agent": "azsdk-net-Analytics.Share/1.0.3-alpha.20220714.1 (.NET Framework 4.8.4510.0; Microsoft Windows 10.0.22000 )",
        "x-ms-client-request-id": "dae81e7f6491cbda632e082573a0e513",
        "x-ms-return-client-request-id": "true"
      },
      "RequestBody": null,
      "StatusCode": 200,
      "ResponseHeaders": {
        "Content-Length": "92",
        "Content-Type": "application/json; charset=utf-8",
        "Date": "Thu, 14 Jul 2022 20:11:26 GMT",
        "Server": "Kestrel",
        "Strict-Transport-Security": "max-age=31536000; includeSubDomains",
        "x-ms-correlation-request-id": "39126b8f-76ac-48ca-81a6-b9982a2ae204"
      },
      "ResponseBody": {
        "startTime": "2022-07-14T20:11:25.6262407Z",
        "endTime": null,
        "status": "Accepted",
        "error": null
      }
    },
    {
      "RequestUri": "https://ads-dev-eastus-pv.purview.azure.com/share/operationResults/Delete-ShareAsset-460fc833-b990-4320-8e39-8d62ff5e923f?api-version=2021-09-01-preview",
      "RequestMethod": "GET",
      "RequestHeaders": {
        "Authorization": "Sanitized",
        "traceparent": "00-a3fe327d57d5b84989dfef333199fb0b-441971b654a72f49-00",
        "User-Agent": "azsdk-net-Analytics.Share/1.0.3-alpha.20220714.1 (.NET Framework 4.8.4510.0; Microsoft Windows 10.0.22000 )",
        "x-ms-client-request-id": "3850eba362eb84c0bb20ea5d2872c837",
        "x-ms-return-client-request-id": "true"
      },
      "RequestBody": null,
      "StatusCode": 200,
      "ResponseHeaders": {
        "Content-Length": "92",
        "Content-Type": "application/json; charset=utf-8",
        "Date": "Thu, 14 Jul 2022 20:11:27 GMT",
        "Server": "Kestrel",
        "Strict-Transport-Security": "max-age=31536000; includeSubDomains",
        "x-ms-correlation-request-id": "44de290c-1164-4088-9156-182f9ec9f1eb"
      },
      "ResponseBody": {
        "startTime": "2022-07-14T20:11:25.6262407Z",
        "endTime": null,
        "status": "Accepted",
        "error": null
      }
    },
    {
      "RequestUri": "https://ads-dev-eastus-pv.purview.azure.com/share/operationResults/Delete-ShareAsset-460fc833-b990-4320-8e39-8d62ff5e923f?api-version=2021-09-01-preview",
      "RequestMethod": "GET",
      "RequestHeaders": {
        "Authorization": "Sanitized",
        "traceparent": "00-a3fe327d57d5b84989dfef333199fb0b-8977a7291c84bc44-00",
        "User-Agent": "azsdk-net-Analytics.Share/1.0.3-alpha.20220714.1 (.NET Framework 4.8.4510.0; Microsoft Windows 10.0.22000 )",
        "x-ms-client-request-id": "3ebb0303e93fcb42e1e11d8f18e5cbf3",
        "x-ms-return-client-request-id": "true"
      },
      "RequestBody": null,
      "StatusCode": 200,
      "ResponseHeaders": {
        "Content-Length": "92",
        "Content-Type": "application/json; charset=utf-8",
        "Date": "Thu, 14 Jul 2022 20:11:34 GMT",
        "Server": "Kestrel",
        "Strict-Transport-Security": "max-age=31536000; includeSubDomains",
        "x-ms-correlation-request-id": "59b81a36-89de-4b81-827c-2c9d12d5a03a"
      },
      "ResponseBody": {
        "startTime": "2022-07-14T20:11:25.6262407Z",
        "endTime": null,
        "status": "Accepted",
        "error": null
      }
    },
    {
      "RequestUri": "https://ads-dev-eastus-pv.purview.azure.com/share/operationResults/Delete-ShareAsset-460fc833-b990-4320-8e39-8d62ff5e923f?api-version=2021-09-01-preview",
      "RequestMethod": "GET",
      "RequestHeaders": {
        "Authorization": "Sanitized",
        "traceparent": "00-a3fe327d57d5b84989dfef333199fb0b-fc481bc0e098d94f-00",
        "User-Agent": "azsdk-net-Analytics.Share/1.0.3-alpha.20220714.1 (.NET Framework 4.8.4510.0; Microsoft Windows 10.0.22000 )",
        "x-ms-client-request-id": "9e4059b61ed34ae1c8ea546b1b3f1b9d",
        "x-ms-return-client-request-id": "true"
      },
      "RequestBody": null,
      "StatusCode": 200,
      "ResponseHeaders": {
        "Content-Length": "92",
        "Content-Type": "application/json; charset=utf-8",
        "Date": "Thu, 14 Jul 2022 20:11:40 GMT",
        "Server": "Kestrel",
        "Strict-Transport-Security": "max-age=31536000; includeSubDomains",
        "x-ms-correlation-request-id": "e79536cb-9c25-4be1-bc95-d35eb36e5128"
      },
      "ResponseBody": {
        "startTime": "2022-07-14T20:11:25.6262407Z",
        "endTime": null,
        "status": "Accepted",
        "error": null
      }
    },
    {
      "RequestUri": "https://ads-dev-eastus-pv.purview.azure.com/share/operationResults/Delete-ShareAsset-460fc833-b990-4320-8e39-8d62ff5e923f?api-version=2021-09-01-preview",
      "RequestMethod": "GET",
      "RequestHeaders": {
        "Authorization": "Sanitized",
        "traceparent": "00-a3fe327d57d5b84989dfef333199fb0b-64d1f2485278ae4b-00",
        "User-Agent": "azsdk-net-Analytics.Share/1.0.3-alpha.20220714.1 (.NET Framework 4.8.4510.0; Microsoft Windows 10.0.22000 )",
        "x-ms-client-request-id": "93a023a9cb956de96b67d98d835cfbce",
        "x-ms-return-client-request-id": "true"
      },
      "RequestBody": null,
      "StatusCode": 200,
      "ResponseHeaders": {
        "Content-Length": "92",
        "Content-Type": "application/json; charset=utf-8",
        "Date": "Thu, 14 Jul 2022 20:11:46 GMT",
        "Server": "Kestrel",
        "Strict-Transport-Security": "max-age=31536000; includeSubDomains",
        "x-ms-correlation-request-id": "ad0c2fb1-7bec-49c6-9b91-88e02a0a676d"
      },
      "ResponseBody": {
        "startTime": "2022-07-14T20:11:25.6262407Z",
        "endTime": null,
        "status": "Accepted",
        "error": null
      }
    },
    {
      "RequestUri": "https://ads-dev-eastus-pv.purview.azure.com/share/operationResults/Delete-ShareAsset-460fc833-b990-4320-8e39-8d62ff5e923f?api-version=2021-09-01-preview",
      "RequestMethod": "GET",
      "RequestHeaders": {
        "Authorization": "Sanitized",
        "traceparent": "00-a3fe327d57d5b84989dfef333199fb0b-18c8a4e27ab26941-00",
        "User-Agent": "azsdk-net-Analytics.Share/1.0.3-alpha.20220714.1 (.NET Framework 4.8.4510.0; Microsoft Windows 10.0.22000 )",
        "x-ms-client-request-id": "0a8a8cb1fd0beea532001d96ee029bff",
        "x-ms-return-client-request-id": "true"
      },
      "RequestBody": null,
      "StatusCode": 200,
      "ResponseHeaders": {
        "Content-Length": "92",
        "Content-Type": "application/json; charset=utf-8",
        "Date": "Thu, 14 Jul 2022 20:11:47 GMT",
        "Server": "Kestrel",
        "Strict-Transport-Security": "max-age=31536000; includeSubDomains",
        "x-ms-correlation-request-id": "3cbb2b8c-777b-4b68-9d1f-276a418c291b"
      },
      "ResponseBody": {
        "startTime": "2022-07-14T20:11:25.6262407Z",
        "endTime": null,
        "status": "Accepted",
        "error": null
      }
    },
    {
      "RequestUri": "https://ads-dev-eastus-pv.purview.azure.com/share/operationResults/Delete-ShareAsset-460fc833-b990-4320-8e39-8d62ff5e923f?api-version=2021-09-01-preview",
      "RequestMethod": "GET",
      "RequestHeaders": {
        "Authorization": "Sanitized",
        "traceparent": "00-a3fe327d57d5b84989dfef333199fb0b-3bd7ff9646defd48-00",
        "User-Agent": "azsdk-net-Analytics.Share/1.0.3-alpha.20220714.1 (.NET Framework 4.8.4510.0; Microsoft Windows 10.0.22000 )",
        "x-ms-client-request-id": "ee6f1e073834d74a8f1c474f53093614",
        "x-ms-return-client-request-id": "true"
      },
      "RequestBody": null,
      "StatusCode": 200,
      "ResponseHeaders": {
        "Content-Length": "92",
        "Content-Type": "application/json; charset=utf-8",
        "Date": "Thu, 14 Jul 2022 20:11:53 GMT",
        "Server": "Kestrel",
        "Strict-Transport-Security": "max-age=31536000; includeSubDomains",
        "x-ms-correlation-request-id": "b6a966b1-b27f-49ef-a9ca-fa139a4a9d51"
      },
      "ResponseBody": {
        "startTime": "2022-07-14T20:11:25.6262407Z",
        "endTime": null,
        "status": "Accepted",
        "error": null
      }
    },
    {
      "RequestUri": "https://ads-dev-eastus-pv.purview.azure.com/share/operationResults/Delete-ShareAsset-460fc833-b990-4320-8e39-8d62ff5e923f?api-version=2021-09-01-preview",
      "RequestMethod": "GET",
      "RequestHeaders": {
        "Authorization": "Sanitized",
        "traceparent": "00-a3fe327d57d5b84989dfef333199fb0b-c11c45cafa03ed4c-00",
        "User-Agent": "azsdk-net-Analytics.Share/1.0.3-alpha.20220714.1 (.NET Framework 4.8.4510.0; Microsoft Windows 10.0.22000 )",
        "x-ms-client-request-id": "613e65e3f68d423eb556a9c43a257a5b",
        "x-ms-return-client-request-id": "true"
      },
      "RequestBody": null,
      "StatusCode": 200,
      "ResponseHeaders": {
        "Content-Length": "92",
        "Content-Type": "application/json; charset=utf-8",
        "Date": "Thu, 14 Jul 2022 20:11:59 GMT",
        "Server": "Kestrel",
        "Strict-Transport-Security": "max-age=31536000; includeSubDomains",
        "x-ms-correlation-request-id": "929bfdfc-8b9c-42c8-beb1-1d94d5ec43df"
      },
      "ResponseBody": {
        "startTime": "2022-07-14T20:11:25.6262407Z",
        "endTime": null,
        "status": "Accepted",
        "error": null
      }
    },
    {
      "RequestUri": "https://ads-dev-eastus-pv.purview.azure.com/share/operationResults/Delete-ShareAsset-460fc833-b990-4320-8e39-8d62ff5e923f?api-version=2021-09-01-preview",
      "RequestMethod": "GET",
      "RequestHeaders": {
        "Authorization": "Sanitized",
        "traceparent": "00-a3fe327d57d5b84989dfef333199fb0b-554f203739d8214b-00",
        "User-Agent": "azsdk-net-Analytics.Share/1.0.3-alpha.20220714.1 (.NET Framework 4.8.4510.0; Microsoft Windows 10.0.22000 )",
        "x-ms-client-request-id": "9953a64118219aa0795c93353456194b",
        "x-ms-return-client-request-id": "true"
      },
      "RequestBody": null,
      "StatusCode": 200,
      "ResponseHeaders": {
        "Content-Length": "93",
        "Content-Type": "application/json; charset=utf-8",
        "Date": "Thu, 14 Jul 2022 20:12:01 GMT",
        "Server": "Kestrel",
        "Strict-Transport-Security": "max-age=31536000; includeSubDomains",
        "x-ms-correlation-request-id": "37bc1a3e-55a9-401c-a435-e3aaeecb4849"
      },
      "ResponseBody": {
        "startTime": "2022-07-14T20:11:25.6262407Z",
        "endTime": null,
        "status": "Succeeded",
        "error": null
      }
    },
    {
      "RequestUri": "https://ads-dev-eastus-pv.purview.azure.com/share/sentShares/sentShare1/assets?api-version=2021-09-01-preview",
      "RequestMethod": "GET",
      "RequestHeaders": {
        "Accept": "application/json",
        "Authorization": "Sanitized",
        "traceparent": "00-accaa48f97645647ab2f8f970b843468-592f85cd01276d4d-00",
        "User-Agent": "azsdk-net-Analytics.Share/1.0.3-alpha.20220714.1 (.NET Framework 4.8.4510.0; Microsoft Windows 10.0.22000 )",
        "x-ms-client-request-id": "ec858ff06047125b1b70810ed458bfe7",
        "x-ms-return-client-request-id": "true"
      },
      "RequestBody": null,
      "StatusCode": 200,
      "ResponseHeaders": {
        "Content-Length": "12",
        "Content-Type": "application/json; charset=utf-8",
        "Date": "Thu, 14 Jul 2022 20:12:02 GMT",
        "Server": "Kestrel",
        "Strict-Transport-Security": "max-age=31536000; includeSubDomains",
        "x-ms-correlation-request-id": "56103687-6189-43f2-b4dc-2c3bc03d8e32"
      },
      "ResponseBody": {
        "value": []
      }
    }
  ],
  "Variables": {
    "AZURE_AUTHORITY_HOST": null,
    "PURVIEW_SHARE_URL": "https://ads-dev-eastus-pv.purview.azure.com/share",
    "RandomSeed": "1236741112"
  }
}
