{
  "Entries": [
    {
      "RequestUri": "https://management.azure.com/subscriptions/fc9d0215-3964-4895-8df1-3801ccffb3e2?api-version=2021-01-01",
      "RequestMethod": "GET",
      "RequestHeaders": {
        "Accept": "application/json",
        "Authorization": "Sanitized",
        "traceparent": "00-fa0552d253d4e473d5bdb71a22fec628-78842263cf2d78b7-00",
        "User-Agent": "azsdk-net-ResourceManager/1.3.1 (.NET 6.0.8; Microsoft Windows 10.0.22000)",
        "x-ms-client-request-id": "c687b9bc64e84d525be3d97616b8275d",
        "x-ms-return-client-request-id": "true"
      },
      "RequestBody": null,
      "StatusCode": 200,
      "ResponseHeaders": {
        "Cache-Control": "no-cache",
        "Content-Length": "395",
        "Content-Type": "application/json; charset=utf-8",
        "Date": "Tue, 06 Sep 2022 20:18:56 GMT",
        "Expires": "-1",
        "Pragma": "no-cache",
        "Strict-Transport-Security": "max-age=31536000; includeSubDomains",
        "X-Content-Type-Options": "nosniff",
        "x-ms-correlation-request-id": "05fe5d8c-7c11-47dd-83a8-8ac317a2073e",
        "x-ms-ratelimit-remaining-subscription-reads": "11944",
        "x-ms-request-id": "05fe5d8c-7c11-47dd-83a8-8ac317a2073e",
        "x-ms-routing-request-id": "WESTUS2:20220906T201856Z:05fe5d8c-7c11-47dd-83a8-8ac317a2073e"
      },
      "ResponseBody": {
        "id": "/subscriptions/fc9d0215-3964-4895-8df1-3801ccffb3e2",
        "authorizationSource": "RoleBased",
        "managedByTenants": [],
        "subscriptionId": "fc9d0215-3964-4895-8df1-3801ccffb3e2",
        "tenantId": "72f988bf-86f1-41af-91ab-2d7cd011db47",
        "displayName": "AMVM-SubLib-006",
        "state": "Enabled",
        "subscriptionPolicies": {
          "locationPlacementId": "Internal_2014-09-01",
          "quotaId": "Internal_2014-09-01",
          "spendingLimit": "Off"
        }
      }
    },
    {
      "RequestUri": "https://management.azure.com/subscriptions/fc9d0215-3964-4895-8df1-3801ccffb3e2/resourcegroups/SDKAutomanage-4534?api-version=2021-04-01",
      "RequestMethod": "PUT",
      "RequestHeaders": {
        "Accept": "application/json",
        "Authorization": "Sanitized",
        "Content-Length": "21",
        "Content-Type": "application/json",
        "traceparent": "00-0066aa8435e60f586ae8d1b414189875-3ff31d685c664c8d-00",
        "User-Agent": "azsdk-net-ResourceManager/1.3.1 (.NET 6.0.8; Microsoft Windows 10.0.22000)",
        "x-ms-client-request-id": "a63cc92aaff74d9530c0e6c6e5c06fd8",
        "x-ms-return-client-request-id": "true"
      },
      "RequestBody": {
        "location": "eastus"
      },
      "StatusCode": 201,
      "ResponseHeaders": {
        "Cache-Control": "no-cache",
        "Content-Length": "233",
        "Content-Type": "application/json; charset=utf-8",
        "Date": "Tue, 06 Sep 2022 20:18:57 GMT",
        "Expires": "-1",
        "Pragma": "no-cache",
        "Strict-Transport-Security": "max-age=31536000; includeSubDomains",
        "X-Content-Type-Options": "nosniff",
        "x-ms-correlation-request-id": "47dc43ca-a995-4d03-9073-94effe539b1c",
        "x-ms-ratelimit-remaining-subscription-writes": "1189",
        "x-ms-request-id": "47dc43ca-a995-4d03-9073-94effe539b1c",
        "x-ms-routing-request-id": "WESTUS2:20220906T201857Z:47dc43ca-a995-4d03-9073-94effe539b1c"
      },
      "ResponseBody": {
        "id": "/subscriptions/fc9d0215-3964-4895-8df1-3801ccffb3e2/resourceGroups/SDKAutomanage-4534",
        "name": "SDKAutomanage-4534",
        "type": "Microsoft.Resources/resourceGroups",
        "location": "eastus",
        "properties": {
          "provisioningState": "Succeeded"
        }
      }
    },
    {
      "RequestUri": "https://management.azure.com/subscriptions/fc9d0215-3964-4895-8df1-3801ccffb3e2/resourceGroups/SDKAutomanage-4534/providers/Microsoft.Resources/deployments/deployVM?api-version=2021-04-01",
      "RequestMethod": "PUT",
      "RequestHeaders": {
        "Accept": "application/json",
        "Authorization": "Sanitized",
        "Content-Length": "2777",
        "Content-Type": "application/json",
        "traceparent": "00-bf73c2743ab398b1c8305894655cda94-24222c8dcd349530-00",
        "User-Agent": "azsdk-net-ResourceManager.Resources/1.3.0 (.NET 6.0.8; Microsoft Windows 10.0.22000)",
        "x-ms-client-request-id": "5a727751898065dbfd7f9d7689b3d404",
        "x-ms-return-client-request-id": "true"
      },
      "RequestBody": {
        "properties": {
          "template": {
            "$schema": "https://schema.management.azure.com/schemas/2019-04-01/deploymentTemplate.json#",
            "contentVersion": "1.0.0.0",
            "parameters": {
              "vmName": {
                "type": "string",
                "defaultValue": "test-vm"
              }
            },
            "resources": [
              {
                "name": "[concat(parameters(\u0027vmName\u0027), \u0027-VirtualNetwork\u0027)]",
                "type": "Microsoft.Network/virtualNetworks",
                "apiVersion": "2020-11-01",
                "location": "[resourceGroup().location]",
                "tags": {
                  "displayName": "[concat(parameters(\u0027vmName\u0027), \u0027-VirtualNetwork\u0027)]"
                },
                "properties": {
                  "addressSpace": {
                    "addressPrefixes": [
                      "10.0.0.0/16"
                    ]
                  },
                  "subnets": [
                    {
                      "name": "[concat(parameters(\u0027vmName\u0027), \u0027-VirtualNetwork-Subnet\u0027)]",
                      "properties": {
                        "addressPrefix": "10.0.0.0/24"
                      }
                    }
                  ]
                }
              },
              {
                "name": "[concat(parameters(\u0027vmName\u0027), \u0027-NetworkInterface\u0027)]",
                "type": "Microsoft.Network/networkInterfaces",
                "apiVersion": "2020-11-01",
                "location": "[resourceGroup().location]",
                "dependsOn": [
                  "[resourceId(\u0027Microsoft.Network/virtualNetworks\u0027, concat(parameters(\u0027vmName\u0027), \u0027-VirtualNetwork\u0027))]"
                ],
                "tags": {
                  "displayName": "[concat(parameters(\u0027vmName\u0027), \u0027-Network Interface\u0027)]"
                },
                "properties": {
                  "ipConfigurations": [
                    {
                      "name": "ipConfig1",
                      "properties": {
                        "privateIPAllocationMethod": "Dynamic",
                        "subnet": {
                          "id": "[resourceId(\u0027Microsoft.Network/virtualNetworks/subnets\u0027, concat(parameters(\u0027vmName\u0027), \u0027-VirtualNetwork\u0027), concat(parameters(\u0027vmName\u0027), \u0027-VirtualNetwork-Subnet\u0027))]"
                        }
                      }
                    }
                  ]
                }
              },
              {
                "name": "[parameters(\u0027vmName\u0027)]",
                "type": "Microsoft.Compute/virtualMachines",
                "apiVersion": "2021-03-01",
                "location": "[resourceGroup().location]",
                "dependsOn": [
                  "[resourceId(\u0027Microsoft.Network/networkInterfaces\u0027, concat(parameters(\u0027vmName\u0027), \u0027-NetworkInterface\u0027))]"
                ],
                "properties": {
                  "hardwareProfile": {
                    "vmSize": "Standard_B1s"
                  },
                  "osProfile": {
                    "computerName": "[parameters(\u0027vmName\u0027)]",
                    "adminUsername": "adminUser",
                    "adminPassword": "[concat(\u0027P\u0027, uniqueString(resourceGroup().id, \u002734f322c6-845c-4b54-b2d2-09ec6500be9a\u0027), \u0027!\u0027)]",
                    "windowsConfiguration": {
                      "enableAutomaticUpdates": true,
                      "patchSettings": {
                        "patchMode": "AutomaticByOS",
                        "assessmentMode": "ImageDefault",
                        "enableHotpatching": false
                      }
                    }
                  },
                  "storageProfile": {
                    "imageReference": {
                      "publisher": "MicrosoftWindowsDesktop",
                      "offer": "Windows-10",
                      "sku": "win10-21h2-pro",
                      "version": "latest"
                    },
                    "osDisk": {
                      "name": "[concat(parameters(\u0027vmName\u0027), \u0027OSDisk\u0027)]",
                      "caching": "ReadWrite",
                      "createOption": "FromImage"
                    }
                  },
                  "networkProfile": {
                    "networkInterfaces": [
                      {
                        "id": "[resourceId(\u0027Microsoft.Network/networkInterfaces\u0027, concat(parameters(\u0027vmName\u0027), \u0027-NetworkInterface\u0027))]"
                      }
                    ]
                  }
                }
              }
            ]
          },
          "parameters": {
            "vmName": {
              "value": "sdk-test-vm"
            }
          },
          "mode": "Incremental"
        }
      },
      "StatusCode": 201,
      "ResponseHeaders": {
        "Azure-AsyncOperation": "https://management.azure.com/subscriptions/fc9d0215-3964-4895-8df1-3801ccffb3e2/resourcegroups/SDKAutomanage-4534/providers/Microsoft.Resources/deployments/deployVM/operationStatuses/08585391113469828677?api-version=2021-04-01",
        "Cache-Control": "no-cache",
        "Content-Length": "1865",
        "Content-Type": "application/json; charset=utf-8",
        "Date": "Tue, 06 Sep 2022 20:18:59 GMT",
        "Expires": "-1",
        "Pragma": "no-cache",
        "Strict-Transport-Security": "max-age=31536000; includeSubDomains",
        "X-Content-Type-Options": "nosniff",
        "x-ms-correlation-request-id": "9c2af656-ae39-4a32-8c18-e5447f433000",
        "x-ms-ratelimit-remaining-subscription-writes": "1188",
        "x-ms-request-id": "9c2af656-ae39-4a32-8c18-e5447f433000",
        "x-ms-routing-request-id": "WESTUS2:20220906T201859Z:9c2af656-ae39-4a32-8c18-e5447f433000"
      },
      "ResponseBody": {
        "id": "/subscriptions/fc9d0215-3964-4895-8df1-3801ccffb3e2/resourceGroups/SDKAutomanage-4534/providers/Microsoft.Resources/deployments/deployVM",
        "name": "deployVM",
        "type": "Microsoft.Resources/deployments",
        "properties": {
          "templateHash": "9532324445332949103",
          "parameters": {
            "vmName": {
              "type": "String",
              "value": "sdk-test-vm"
            }
          },
          "mode": "Incremental",
          "provisioningState": "Accepted",
          "timestamp": "2022-09-06T20:18:59.1041836Z",
          "duration": "PT0.0003007S",
          "correlationId": "9c2af656-ae39-4a32-8c18-e5447f433000",
          "providers": [
            {
              "namespace": "Microsoft.Network",
              "resourceTypes": [
                {
                  "resourceType": "virtualNetworks",
                  "locations": [
                    "eastus"
                  ]
                },
                {
                  "resourceType": "networkInterfaces",
                  "locations": [
                    "eastus"
                  ]
                }
              ]
            },
            {
              "namespace": "Microsoft.Compute",
              "resourceTypes": [
                {
                  "resourceType": "virtualMachines",
                  "locations": [
                    "eastus"
                  ]
                }
              ]
            }
          ],
          "dependencies": [
            {
              "dependsOn": [
                {
                  "id": "/subscriptions/fc9d0215-3964-4895-8df1-3801ccffb3e2/resourceGroups/SDKAutomanage-4534/providers/Microsoft.Network/virtualNetworks/sdk-test-vm-VirtualNetwork",
                  "resourceType": "Microsoft.Network/virtualNetworks",
                  "resourceName": "sdk-test-vm-VirtualNetwork"
                }
              ],
              "id": "/subscriptions/fc9d0215-3964-4895-8df1-3801ccffb3e2/resourceGroups/SDKAutomanage-4534/providers/Microsoft.Network/networkInterfaces/sdk-test-vm-NetworkInterface",
              "resourceType": "Microsoft.Network/networkInterfaces",
              "resourceName": "sdk-test-vm-NetworkInterface"
            },
            {
              "dependsOn": [
                {
                  "id": "/subscriptions/fc9d0215-3964-4895-8df1-3801ccffb3e2/resourceGroups/SDKAutomanage-4534/providers/Microsoft.Network/networkInterfaces/sdk-test-vm-NetworkInterface",
                  "resourceType": "Microsoft.Network/networkInterfaces",
                  "resourceName": "sdk-test-vm-NetworkInterface"
                }
              ],
              "id": "/subscriptions/fc9d0215-3964-4895-8df1-3801ccffb3e2/resourceGroups/SDKAutomanage-4534/providers/Microsoft.Compute/virtualMachines/sdk-test-vm",
              "resourceType": "Microsoft.Compute/virtualMachines",
              "resourceName": "sdk-test-vm"
            }
          ]
        }
      }
    },
    {
      "RequestUri": "https://management.azure.com/subscriptions/fc9d0215-3964-4895-8df1-3801ccffb3e2/resourcegroups/SDKAutomanage-4534/providers/Microsoft.Resources/deployments/deployVM/operationStatuses/08585391113469828677?api-version=2021-04-01",
      "RequestMethod": "GET",
      "RequestHeaders": {
        "Authorization": "Sanitized",
        "traceparent": "00-bf73c2743ab398b1c8305894655cda94-bf9f46b69631d62b-00",
        "User-Agent": "azsdk-net-ResourceManager/1.3.1 (.NET 6.0.8; Microsoft Windows 10.0.22000)",
        "x-ms-client-request-id": "40c59e6903b4a15fedd7a977111fc47d",
        "x-ms-return-client-request-id": "true"
      },
      "RequestBody": null,
      "StatusCode": 200,
      "ResponseHeaders": {
        "Cache-Control": "no-cache",
        "Content-Length": "21",
        "Content-Type": "application/json; charset=utf-8",
        "Date": "Tue, 06 Sep 2022 20:18:59 GMT",
        "Expires": "-1",
        "Pragma": "no-cache",
        "Strict-Transport-Security": "max-age=31536000; includeSubDomains",
        "X-Content-Type-Options": "nosniff",
        "x-ms-correlation-request-id": "85149f51-49dc-4c2d-87f9-7bc2f6506cbc",
        "x-ms-ratelimit-remaining-subscription-reads": "11943",
        "x-ms-request-id": "85149f51-49dc-4c2d-87f9-7bc2f6506cbc",
        "x-ms-routing-request-id": "WESTUS2:20220906T201859Z:85149f51-49dc-4c2d-87f9-7bc2f6506cbc"
      },
      "ResponseBody": {
        "status": "Accepted"
      }
    },
    {
      "RequestUri": "https://management.azure.com/subscriptions/fc9d0215-3964-4895-8df1-3801ccffb3e2/resourcegroups/SDKAutomanage-4534/providers/Microsoft.Resources/deployments/deployVM/operationStatuses/08585391113469828677?api-version=2021-04-01",
      "RequestMethod": "GET",
      "RequestHeaders": {
        "Authorization": "Sanitized",
        "traceparent": "00-bf73c2743ab398b1c8305894655cda94-8802f49161367ca9-00",
        "User-Agent": "azsdk-net-ResourceManager/1.3.1 (.NET 6.0.8; Microsoft Windows 10.0.22000)",
        "x-ms-client-request-id": "ca9be2eb530757fab2686808d037f977",
        "x-ms-return-client-request-id": "true"
      },
      "RequestBody": null,
      "StatusCode": 200,
      "ResponseHeaders": {
        "Cache-Control": "no-cache",
        "Content-Length": "20",
        "Content-Type": "application/json; charset=utf-8",
        "Date": "Tue, 06 Sep 2022 20:19:00 GMT",
        "Expires": "-1",
        "Pragma": "no-cache",
        "Strict-Transport-Security": "max-age=31536000; includeSubDomains",
        "X-Content-Type-Options": "nosniff",
        "x-ms-correlation-request-id": "1e7e57fd-5f1a-4c7f-8059-1b0b1d0134bb",
        "x-ms-ratelimit-remaining-subscription-reads": "11942",
        "x-ms-request-id": "1e7e57fd-5f1a-4c7f-8059-1b0b1d0134bb",
        "x-ms-routing-request-id": "WESTUS2:20220906T201901Z:1e7e57fd-5f1a-4c7f-8059-1b0b1d0134bb"
      },
      "ResponseBody": {
        "status": "Running"
      }
    },
    {
      "RequestUri": "https://management.azure.com/subscriptions/fc9d0215-3964-4895-8df1-3801ccffb3e2/resourcegroups/SDKAutomanage-4534/providers/Microsoft.Resources/deployments/deployVM/operationStatuses/08585391113469828677?api-version=2021-04-01",
      "RequestMethod": "GET",
      "RequestHeaders": {
        "Authorization": "Sanitized",
        "traceparent": "00-bf73c2743ab398b1c8305894655cda94-801a6f8dee7e42d1-00",
        "User-Agent": "azsdk-net-ResourceManager/1.3.1 (.NET 6.0.8; Microsoft Windows 10.0.22000)",
        "x-ms-client-request-id": "ea0c7a0994ee284fbb172e05504df9d2",
        "x-ms-return-client-request-id": "true"
      },
      "RequestBody": null,
      "StatusCode": 200,
      "ResponseHeaders": {
        "Cache-Control": "no-cache",
        "Content-Length": "20",
        "Content-Type": "application/json; charset=utf-8",
        "Date": "Tue, 06 Sep 2022 20:19:01 GMT",
        "Expires": "-1",
        "Pragma": "no-cache",
        "Strict-Transport-Security": "max-age=31536000; includeSubDomains",
        "X-Content-Type-Options": "nosniff",
        "x-ms-correlation-request-id": "04d4f1e5-652a-4c66-8c9b-49ece2e9077a",
        "x-ms-ratelimit-remaining-subscription-reads": "11941",
        "x-ms-request-id": "04d4f1e5-652a-4c66-8c9b-49ece2e9077a",
        "x-ms-routing-request-id": "WESTUS2:20220906T201902Z:04d4f1e5-652a-4c66-8c9b-49ece2e9077a"
      },
      "ResponseBody": {
        "status": "Running"
      }
    },
    {
      "RequestUri": "https://management.azure.com/subscriptions/fc9d0215-3964-4895-8df1-3801ccffb3e2/resourcegroups/SDKAutomanage-4534/providers/Microsoft.Resources/deployments/deployVM/operationStatuses/08585391113469828677?api-version=2021-04-01",
      "RequestMethod": "GET",
      "RequestHeaders": {
        "Authorization": "Sanitized",
        "traceparent": "00-bf73c2743ab398b1c8305894655cda94-7121c717c4ee9c7c-00",
        "User-Agent": "azsdk-net-ResourceManager/1.3.1 (.NET 6.0.8; Microsoft Windows 10.0.22000)",
        "x-ms-client-request-id": "89b83bb3abeb161ba36d8e4c9a57d0b5",
        "x-ms-return-client-request-id": "true"
      },
      "RequestBody": null,
      "StatusCode": 200,
      "ResponseHeaders": {
        "Cache-Control": "no-cache",
        "Content-Length": "20",
        "Content-Type": "application/json; charset=utf-8",
        "Date": "Tue, 06 Sep 2022 20:19:02 GMT",
        "Expires": "-1",
        "Pragma": "no-cache",
        "Strict-Transport-Security": "max-age=31536000; includeSubDomains",
        "X-Content-Type-Options": "nosniff",
        "x-ms-correlation-request-id": "44e66cf4-c5aa-454b-b250-05a5f9caabb7",
        "x-ms-ratelimit-remaining-subscription-reads": "11940",
        "x-ms-request-id": "44e66cf4-c5aa-454b-b250-05a5f9caabb7",
        "x-ms-routing-request-id": "WESTUS2:20220906T201903Z:44e66cf4-c5aa-454b-b250-05a5f9caabb7"
      },
      "ResponseBody": {
        "status": "Running"
      }
    },
    {
      "RequestUri": "https://management.azure.com/subscriptions/fc9d0215-3964-4895-8df1-3801ccffb3e2/resourcegroups/SDKAutomanage-4534/providers/Microsoft.Resources/deployments/deployVM/operationStatuses/08585391113469828677?api-version=2021-04-01",
      "RequestMethod": "GET",
      "RequestHeaders": {
        "Authorization": "Sanitized",
        "traceparent": "00-bf73c2743ab398b1c8305894655cda94-d489321c169f55ba-00",
        "User-Agent": "azsdk-net-ResourceManager/1.3.1 (.NET 6.0.8; Microsoft Windows 10.0.22000)",
        "x-ms-client-request-id": "966d31ded912578e93720eef24f40664",
        "x-ms-return-client-request-id": "true"
      },
      "RequestBody": null,
      "StatusCode": 200,
      "ResponseHeaders": {
        "Cache-Control": "no-cache",
        "Content-Length": "20",
        "Content-Type": "application/json; charset=utf-8",
        "Date": "Tue, 06 Sep 2022 20:19:04 GMT",
        "Expires": "-1",
        "Pragma": "no-cache",
        "Strict-Transport-Security": "max-age=31536000; includeSubDomains",
        "X-Content-Type-Options": "nosniff",
        "x-ms-correlation-request-id": "378a3b0d-b93f-4c0b-a977-2ad61113beb9",
        "x-ms-ratelimit-remaining-subscription-reads": "11939",
        "x-ms-request-id": "378a3b0d-b93f-4c0b-a977-2ad61113beb9",
        "x-ms-routing-request-id": "WESTUS2:20220906T201905Z:378a3b0d-b93f-4c0b-a977-2ad61113beb9"
      },
      "ResponseBody": {
        "status": "Running"
      }
    },
    {
      "RequestUri": "https://management.azure.com/subscriptions/fc9d0215-3964-4895-8df1-3801ccffb3e2/resourcegroups/SDKAutomanage-4534/providers/Microsoft.Resources/deployments/deployVM/operationStatuses/08585391113469828677?api-version=2021-04-01",
      "RequestMethod": "GET",
      "RequestHeaders": {
        "Authorization": "Sanitized",
        "traceparent": "00-bf73c2743ab398b1c8305894655cda94-ede0c5ad535b73ac-00",
        "User-Agent": "azsdk-net-ResourceManager/1.3.1 (.NET 6.0.8; Microsoft Windows 10.0.22000)",
        "x-ms-client-request-id": "9554966e707f5d8b5ff6468006038e64",
        "x-ms-return-client-request-id": "true"
      },
      "RequestBody": null,
      "StatusCode": 200,
      "ResponseHeaders": {
        "Cache-Control": "no-cache",
        "Content-Length": "20",
        "Content-Type": "application/json; charset=utf-8",
        "Date": "Tue, 06 Sep 2022 20:19:09 GMT",
        "Expires": "-1",
        "Pragma": "no-cache",
        "Strict-Transport-Security": "max-age=31536000; includeSubDomains",
        "X-Content-Type-Options": "nosniff",
        "x-ms-correlation-request-id": "1de79fc5-8d1d-4a14-9331-6625eb95bbfd",
        "x-ms-ratelimit-remaining-subscription-reads": "11938",
        "x-ms-request-id": "1de79fc5-8d1d-4a14-9331-6625eb95bbfd",
        "x-ms-routing-request-id": "WESTUS2:20220906T201909Z:1de79fc5-8d1d-4a14-9331-6625eb95bbfd"
      },
      "ResponseBody": {
        "status": "Running"
      }
    },
    {
      "RequestUri": "https://management.azure.com/subscriptions/fc9d0215-3964-4895-8df1-3801ccffb3e2/resourcegroups/SDKAutomanage-4534/providers/Microsoft.Resources/deployments/deployVM/operationStatuses/08585391113469828677?api-version=2021-04-01",
      "RequestMethod": "GET",
      "RequestHeaders": {
        "Authorization": "Sanitized",
        "traceparent": "00-bf73c2743ab398b1c8305894655cda94-a1b4815a8e6a2917-00",
        "User-Agent": "azsdk-net-ResourceManager/1.3.1 (.NET 6.0.8; Microsoft Windows 10.0.22000)",
        "x-ms-client-request-id": "1f27784663e0dabfac61f6789d2cf1af",
        "x-ms-return-client-request-id": "true"
      },
      "RequestBody": null,
      "StatusCode": 200,
      "ResponseHeaders": {
        "Cache-Control": "no-cache",
        "Content-Length": "20",
        "Content-Type": "application/json; charset=utf-8",
        "Date": "Tue, 06 Sep 2022 20:19:17 GMT",
        "Expires": "-1",
        "Pragma": "no-cache",
        "Strict-Transport-Security": "max-age=31536000; includeSubDomains",
        "X-Content-Type-Options": "nosniff",
        "x-ms-correlation-request-id": "6bc0bac6-e650-478f-90ec-6bdb247249e0",
        "x-ms-ratelimit-remaining-subscription-reads": "11937",
        "x-ms-request-id": "6bc0bac6-e650-478f-90ec-6bdb247249e0",
        "x-ms-routing-request-id": "WESTUS2:20220906T201917Z:6bc0bac6-e650-478f-90ec-6bdb247249e0"
      },
      "ResponseBody": {
        "status": "Running"
      }
    },
    {
      "RequestUri": "https://management.azure.com/subscriptions/fc9d0215-3964-4895-8df1-3801ccffb3e2/resourcegroups/SDKAutomanage-4534/providers/Microsoft.Resources/deployments/deployVM/operationStatuses/08585391113469828677?api-version=2021-04-01",
      "RequestMethod": "GET",
      "RequestHeaders": {
        "Authorization": "Sanitized",
        "traceparent": "00-bf73c2743ab398b1c8305894655cda94-bfd0b35de0be4c78-00",
        "User-Agent": "azsdk-net-ResourceManager/1.3.1 (.NET 6.0.8; Microsoft Windows 10.0.22000)",
        "x-ms-client-request-id": "03dd29673b026e36a60f371c930e518f",
        "x-ms-return-client-request-id": "true"
      },
      "RequestBody": null,
      "StatusCode": 200,
      "ResponseHeaders": {
        "Cache-Control": "no-cache",
        "Content-Length": "20",
        "Content-Type": "application/json; charset=utf-8",
        "Date": "Tue, 06 Sep 2022 20:19:33 GMT",
        "Expires": "-1",
        "Pragma": "no-cache",
        "Strict-Transport-Security": "max-age=31536000; includeSubDomains",
        "X-Content-Type-Options": "nosniff",
        "x-ms-correlation-request-id": "e14843ab-b3bd-40d1-812d-6dd25d32c28a",
        "x-ms-ratelimit-remaining-subscription-reads": "11936",
        "x-ms-request-id": "e14843ab-b3bd-40d1-812d-6dd25d32c28a",
        "x-ms-routing-request-id": "WESTUS2:20220906T201934Z:e14843ab-b3bd-40d1-812d-6dd25d32c28a"
      },
      "ResponseBody": {
        "status": "Running"
      }
    },
    {
      "RequestUri": "https://management.azure.com/subscriptions/fc9d0215-3964-4895-8df1-3801ccffb3e2/resourcegroups/SDKAutomanage-4534/providers/Microsoft.Resources/deployments/deployVM/operationStatuses/08585391113469828677?api-version=2021-04-01",
      "RequestMethod": "GET",
      "RequestHeaders": {
        "Authorization": "Sanitized",
        "traceparent": "00-bf73c2743ab398b1c8305894655cda94-3970c544320decbf-00",
        "User-Agent": "azsdk-net-ResourceManager/1.3.1 (.NET 6.0.8; Microsoft Windows 10.0.22000)",
        "x-ms-client-request-id": "aba9aae4e7cd0b84d67ae91d7a12c032",
        "x-ms-return-client-request-id": "true"
      },
      "RequestBody": null,
      "StatusCode": 200,
      "ResponseHeaders": {
        "Cache-Control": "no-cache",
        "Content-Length": "22",
        "Content-Type": "application/json; charset=utf-8",
        "Date": "Tue, 06 Sep 2022 20:20:06 GMT",
        "Expires": "-1",
        "Pragma": "no-cache",
        "Strict-Transport-Security": "max-age=31536000; includeSubDomains",
        "X-Content-Type-Options": "nosniff",
        "x-ms-correlation-request-id": "2537d9a7-6839-4c46-ab6e-557782006696",
        "x-ms-ratelimit-remaining-subscription-reads": "11935",
        "x-ms-request-id": "2537d9a7-6839-4c46-ab6e-557782006696",
        "x-ms-routing-request-id": "WESTUS2:20220906T202006Z:2537d9a7-6839-4c46-ab6e-557782006696"
      },
      "ResponseBody": {
        "status": "Succeeded"
      }
    },
    {
      "RequestUri": "https://management.azure.com/subscriptions/fc9d0215-3964-4895-8df1-3801ccffb3e2/resourceGroups/SDKAutomanage-4534/providers/Microsoft.Resources/deployments/deployVM?api-version=2021-04-01",
      "RequestMethod": "GET",
      "RequestHeaders": {
        "Authorization": "Sanitized",
        "traceparent": "00-bf73c2743ab398b1c8305894655cda94-549b747db624f5ce-00",
        "User-Agent": "azsdk-net-ResourceManager/1.3.1 (.NET 6.0.8; Microsoft Windows 10.0.22000)",
        "x-ms-client-request-id": "dd1897058a250b6141b978d02ca3469d",
        "x-ms-return-client-request-id": "true"
      },
      "RequestBody": null,
      "StatusCode": 200,
      "ResponseHeaders": {
        "Cache-Control": "no-cache",
        "Content-Length": "2374",
        "Content-Type": "application/json; charset=utf-8",
        "Date": "Tue, 06 Sep 2022 20:20:06 GMT",
        "Expires": "-1",
        "Pragma": "no-cache",
        "Strict-Transport-Security": "max-age=31536000; includeSubDomains",
        "X-Content-Type-Options": "nosniff",
        "x-ms-correlation-request-id": "c982c96c-3882-4c21-b256-891f4f6a12f5",
        "x-ms-ratelimit-remaining-subscription-reads": "11934",
        "x-ms-request-id": "c982c96c-3882-4c21-b256-891f4f6a12f5",
        "x-ms-routing-request-id": "WESTUS2:20220906T202006Z:c982c96c-3882-4c21-b256-891f4f6a12f5"
      },
      "ResponseBody": {
        "id": "/subscriptions/fc9d0215-3964-4895-8df1-3801ccffb3e2/resourceGroups/SDKAutomanage-4534/providers/Microsoft.Resources/deployments/deployVM",
        "name": "deployVM",
        "type": "Microsoft.Resources/deployments",
        "properties": {
          "templateHash": "9532324445332949103",
          "parameters": {
            "vmName": {
              "type": "String",
              "value": "sdk-test-vm"
            }
          },
          "mode": "Incremental",
          "provisioningState": "Succeeded",
          "timestamp": "2022-09-06T20:19:45.3812697Z",
          "duration": "PT46.2773868S",
          "correlationId": "9c2af656-ae39-4a32-8c18-e5447f433000",
          "providers": [
            {
              "namespace": "Microsoft.Network",
              "resourceTypes": [
                {
                  "resourceType": "virtualNetworks",
                  "locations": [
                    "eastus"
                  ]
                },
                {
                  "resourceType": "networkInterfaces",
                  "locations": [
                    "eastus"
                  ]
                }
              ]
            },
            {
              "namespace": "Microsoft.Compute",
              "resourceTypes": [
                {
                  "resourceType": "virtualMachines",
                  "locations": [
                    "eastus"
                  ]
                }
              ]
            }
          ],
          "dependencies": [
            {
              "dependsOn": [
                {
                  "id": "/subscriptions/fc9d0215-3964-4895-8df1-3801ccffb3e2/resourceGroups/SDKAutomanage-4534/providers/Microsoft.Network/virtualNetworks/sdk-test-vm-VirtualNetwork",
                  "resourceType": "Microsoft.Network/virtualNetworks",
                  "resourceName": "sdk-test-vm-VirtualNetwork"
                }
              ],
              "id": "/subscriptions/fc9d0215-3964-4895-8df1-3801ccffb3e2/resourceGroups/SDKAutomanage-4534/providers/Microsoft.Network/networkInterfaces/sdk-test-vm-NetworkInterface",
              "resourceType": "Microsoft.Network/networkInterfaces",
              "resourceName": "sdk-test-vm-NetworkInterface"
            },
            {
              "dependsOn": [
                {
                  "id": "/subscriptions/fc9d0215-3964-4895-8df1-3801ccffb3e2/resourceGroups/SDKAutomanage-4534/providers/Microsoft.Network/networkInterfaces/sdk-test-vm-NetworkInterface",
                  "resourceType": "Microsoft.Network/networkInterfaces",
                  "resourceName": "sdk-test-vm-NetworkInterface"
                }
              ],
              "id": "/subscriptions/fc9d0215-3964-4895-8df1-3801ccffb3e2/resourceGroups/SDKAutomanage-4534/providers/Microsoft.Compute/virtualMachines/sdk-test-vm",
              "resourceType": "Microsoft.Compute/virtualMachines",
              "resourceName": "sdk-test-vm"
            }
          ],
          "outputResources": [
            {
              "id": "/subscriptions/fc9d0215-3964-4895-8df1-3801ccffb3e2/resourceGroups/SDKAutomanage-4534/providers/Microsoft.Compute/virtualMachines/sdk-test-vm"
            },
            {
              "id": "/subscriptions/fc9d0215-3964-4895-8df1-3801ccffb3e2/resourceGroups/SDKAutomanage-4534/providers/Microsoft.Network/networkInterfaces/sdk-test-vm-NetworkInterface"
            },
            {
              "id": "/subscriptions/fc9d0215-3964-4895-8df1-3801ccffb3e2/resourceGroups/SDKAutomanage-4534/providers/Microsoft.Network/virtualNetworks/sdk-test-vm-VirtualNetwork"
            }
          ]
        }
      }
    },
    {
      "RequestUri": "https://management.azure.com/subscriptions/fc9d0215-3964-4895-8df1-3801ccffb3e2/resourceGroups/SDKAutomanage-4534/providers/Microsoft.Compute/virtualMachines/sdk-test-vm?api-version=2022-03-01",
      "RequestMethod": "GET",
      "RequestHeaders": {
        "Accept": "application/json",
        "Authorization": "Sanitized",
        "traceparent": "00-52b88acd4408ff88041ece882aed5622-145e06ccd195b892-00",
        "User-Agent": "azsdk-net-ResourceManager.Compute/1.0.0 (.NET 6.0.8; Microsoft Windows 10.0.22000)",
        "x-ms-client-request-id": "f3946610458380e2a4d22d885119f393",
        "x-ms-return-client-request-id": "true"
      },
      "RequestBody": null,
      "StatusCode": 200,
      "ResponseHeaders": {
        "Cache-Control": "no-cache",
        "Content-Length": "2144",
        "Content-Type": "application/json; charset=utf-8",
        "Date": "Tue, 06 Sep 2022 20:20:06 GMT",
        "Expires": "-1",
        "Pragma": "no-cache",
        "Server": [
          "Microsoft-HTTPAPI/2.0",
          "Microsoft-HTTPAPI/2.0"
        ],
        "Strict-Transport-Security": "max-age=31536000; includeSubDomains",
        "X-Content-Type-Options": "nosniff",
        "x-ms-client-request-id": "f3946610458380e2a4d22d885119f393",
        "x-ms-correlation-request-id": "fcca47de-3a79-4fe1-9cc9-7a7bb61b7c5a",
        "x-ms-ratelimit-remaining-resource": "Microsoft.Compute/LowCostGet3Min;3968,Microsoft.Compute/LowCostGet30Min;31845",
        "x-ms-ratelimit-remaining-subscription-reads": "11933",
        "x-ms-request-id": "623a490e-ab4b-4728-8f08-1e7ad6c149ee",
        "x-ms-routing-request-id": "WESTUS2:20220906T202006Z:fcca47de-3a79-4fe1-9cc9-7a7bb61b7c5a"
      },
      "ResponseBody": {
        "name": "sdk-test-vm",
        "id": "/subscriptions/fc9d0215-3964-4895-8df1-3801ccffb3e2/resourceGroups/SDKAutomanage-4534/providers/Microsoft.Compute/virtualMachines/sdk-test-vm",
        "type": "Microsoft.Compute/virtualMachines",
        "location": "eastus",
        "tags": {
          "azsecpack": "nonprod",
          "platformsettings.host_environment.service.platform_optedin_for_rootcerts": "true"
        },
        "properties": {
          "vmId": "e4aeae58-8925-4f2d-a823-e6e705bf41da",
          "hardwareProfile": {
            "vmSize": "Standard_B1s"
          },
          "storageProfile": {
            "imageReference": {
              "publisher": "MicrosoftWindowsDesktop",
              "offer": "Windows-10",
              "sku": "win10-21h2-pro",
              "version": "latest",
              "exactVersion": "19044.1889.220805"
            },
            "osDisk": {
              "osType": "Windows",
              "name": "sdk-test-vmOSDisk",
              "createOption": "FromImage",
              "caching": "ReadWrite",
              "managedDisk": {
                "storageAccountType": "Premium_LRS",
                "id": "/subscriptions/fc9d0215-3964-4895-8df1-3801ccffb3e2/resourceGroups/SDKAutomanage-4534/providers/Microsoft.Compute/disks/sdk-test-vmOSDisk"
              },
              "deleteOption": "Detach",
              "diskSizeGB": 127
            },
            "dataDisks": []
          },
          "osProfile": {
            "computerName": "sdk-test-vm",
            "adminUsername": "adminUser",
            "windowsConfiguration": {
              "provisionVMAgent": true,
              "enableAutomaticUpdates": true,
              "patchSettings": {
                "patchMode": "AutomaticByOS",
                "assessmentMode": "ImageDefault",
                "enableHotpatching": false
              },
              "enableVMAgentPlatformUpdates": false
            },
            "secrets": [],
            "allowExtensionOperations": true,
            "requireGuestProvisionSignal": true
          },
          "networkProfile": {
            "networkInterfaces": [
              {
                "id": "/subscriptions/fc9d0215-3964-4895-8df1-3801ccffb3e2/resourceGroups/SDKAutomanage-4534/providers/Microsoft.Network/networkInterfaces/sdk-test-vm-NetworkInterface"
              }
            ]
          },
          "provisioningState": "Succeeded",
          "timeCreated": "2022-09-06T20:19:08.2237559\u002B00:00"
        }
      }
    },
    {
      "RequestUri": "https://management.azure.com/subscriptions/fc9d0215-3964-4895-8df1-3801ccffb3e2/resourceGroups/SDKAutomanage-4534/providers/Microsoft.Compute/virtualMachines/sdk-test-vm/providers/Microsoft.Automanage/configurationProfileAssignments/default?api-version=2022-05-04",
      "RequestMethod": "PUT",
      "RequestHeaders": {
        "Accept": "application/json",
        "Authorization": "Sanitized",
        "Content-Length": "116",
        "Content-Type": "application/json",
        "traceparent": "00-23826cd81a25563d0ddc4835a57d8773-dc2f1ec3ce962867-00",
        "User-Agent": "azsdk-net-ResourceManager.Automanage/1.0.0-alpha.20220906.1 (.NET 6.0.8; Microsoft Windows 10.0.22000)",
        "x-ms-client-request-id": "fb17044e73f5596a489d6a136eb4de32",
        "x-ms-return-client-request-id": "true"
      },
      "RequestBody": {
        "properties": {
          "configurationProfile": "/providers/Microsoft.Automanage/bestPractices/AzureBestPracticesProduction"
        }
      },
      "StatusCode": 201,
      "ResponseHeaders": {
        "Cache-Control": "no-cache",
        "Content-Length": "873",
        "Content-Type": "application/json; charset=utf-8",
        "Date": "Tue, 06 Sep 2022 20:20:07 GMT",
        "Expires": "-1",
        "Location": "/subscriptions/fc9d0215-3964-4895-8df1-3801ccffb3e2/resourceGroups/SDKAutomanage-4534/providers/Microsoft.Compute/virtualMachines/sdk-test-vm/providers/Microsoft.Automanage/configurationProfileAssignments/default",
        "Pragma": "no-cache",
        "Request-Context": "appId=cid-v1:a4d240dc-d543-4b4e-a019-0a571290b85d",
        "Server": "Kestrel",
        "Strict-Transport-Security": "max-age=31536000; includeSubDomains",
        "X-Content-Type-Options": "nosniff",
        "x-ms-client-request-id": "fb17044e73f5596a489d6a136eb4de32",
        "x-ms-correlation-request-id": "6520812f-04fc-42f2-b2e0-a6daab8b6d38",
        "x-ms-ratelimit-remaining-subscription-writes": "1187",
        "x-ms-request-id": "6520812f-04fc-42f2-b2e0-a6daab8b6d38",
        "x-ms-routing-request-id": "WESTUS2:20220906T202007Z:6520812f-04fc-42f2-b2e0-a6daab8b6d38"
      },
      "ResponseBody": {
        "id": "/subscriptions/fc9d0215-3964-4895-8df1-3801ccffb3e2/resourceGroups/SDKAutomanage-4534/providers/Microsoft.Compute/virtualMachines/sdk-test-vm/providers/Microsoft.Automanage/configurationProfileAssignments/default",
        "name": "default",
        "type": "Microsoft.Automanage/configurationProfileAssignments",
        "properties": {
          "targetId": "/subscriptions/fc9d0215-3964-4895-8df1-3801ccffb3e2/resourceGroups/SDKAutomanage-4534/providers/Microsoft.Compute/virtualMachines/sdk-test-vm",
          "configurationProfile": "/providers/Microsoft.Automanage/bestPractices/AzureBestPracticesProduction",
          "status": "New"
        },
        "systemData": {
          "createdAt": "2022-09-06T20:20:06.6530307\u002B00:00",
          "createdBy": "32e0f2f9-e6a2-46c8-8e7d-931c57910f45",
          "createdByType": "Application",
          "lastModifiedAt": "2022-09-06T20:20:06.6530307\u002B00:00",
          "lastModifiedBy": "32e0f2f9-e6a2-46c8-8e7d-931c57910f45",
          "lastModifiedByType": "Application"
        }
      }
    }
  ],
  "Variables": {
    "AZURE_AUTHORITY_HOST": "https://login.microsoftonline.com/",
    "RandomSeed": "1215913213",
    "RESOURCE_MANAGER_URL": "https://management.azure.com/",
    "SUBSCRIPTION_ID": "fc9d0215-3964-4895-8df1-3801ccffb3e2"
  }
}
