{
  "Entries": [
    {
      "RequestUri": "http://seanmcccanary3.blob.core.windows.net/test-filesystem-844233d1-776d-aae2-c922-e1766a7c691a?restype=container",
      "RequestMethod": "PUT",
      "RequestHeaders": {
        "Accept": "application/xml",
        "Authorization": "Sanitized",
        "traceparent": "00-f3c93161826f0247b78f8cdd8dcbf181-b4a51033b5a35948-00",
        "User-Agent": "azsdk-net-Storage.Files.DataLake/12.9.0-alpha.20211108.1 (.NET Framework 4.8.4300.0; Microsoft Windows 10.0.19043 )",
        "x-ms-blob-public-access": "container",
        "x-ms-client-request-id": "ecc38cf9-0bf9-7d8a-0a60-048535c7033e",
        "x-ms-date": "Tue, 09 Nov 2021 22:12:28 GMT",
        "x-ms-return-client-request-id": "true",
        "x-ms-version": "2021-04-10"
      },
      "RequestBody": null,
      "StatusCode": 201,
      "ResponseHeaders": {
        "Content-Length": "0",
        "Date": "Tue, 09 Nov 2021 22:12:28 GMT",
        "ETag": "\u00220x8D9A3CE04BD7528\u0022",
        "Last-Modified": "Tue, 09 Nov 2021 22:12:28 GMT",
        "Server": "Windows-Azure-Blob/1.0 Microsoft-HTTPAPI/2.0",
        "x-ms-client-request-id": "ecc38cf9-0bf9-7d8a-0a60-048535c7033e",
        "x-ms-request-id": "db63a526-a01e-0002-1db6-d5647a000000",
        "x-ms-version": "2021-04-10"
      },
      "ResponseBody": []
    },
    {
      "RequestUri": "http://seanmcccanary3.dfs.core.windows.net/test-filesystem-844233d1-776d-aae2-c922-e1766a7c691a/test-blob-a8ba470a-9769-1636-70ae-2ef9264a49c9?resource=file",
      "RequestMethod": "PUT",
      "RequestHeaders": {
        "Accept": "application/json",
        "Authorization": "Sanitized",
        "traceparent": "00-30980aca17785844976023a0639c376f-4921bc360aad204b-00",
        "User-Agent": "azsdk-net-Storage.Files.DataLake/12.9.0-alpha.20211108.1 (.NET Framework 4.8.4300.0; Microsoft Windows 10.0.19043 )",
        "x-ms-client-request-id": "a0c6e355-b27a-4934-80d4-7905ec79cc50",
        "x-ms-date": "Tue, 09 Nov 2021 22:12:28 GMT",
        "x-ms-return-client-request-id": "true",
        "x-ms-version": "2021-04-10"
      },
      "RequestBody": null,
      "StatusCode": 201,
      "ResponseHeaders": {
        "Content-Length": "0",
        "Date": "Tue, 09 Nov 2021 22:12:28 GMT",
        "ETag": "\u00220x8D9A3CE04C7B821\u0022",
        "Last-Modified": "Tue, 09 Nov 2021 22:12:28 GMT",
        "Server": "Windows-Azure-HDFS/1.0 Microsoft-HTTPAPI/2.0",
        "x-ms-client-request-id": "a0c6e355-b27a-4934-80d4-7905ec79cc50",
        "x-ms-request-id": "a80d6902-401f-0057-68b6-d574f1000000",
        "x-ms-request-server-encrypted": "true",
        "x-ms-version": "2021-04-10"
      },
      "ResponseBody": []
    },
    {
      "RequestUri": "http://seanmcccanary3.dfs.core.windows.net/test-filesystem-844233d1-776d-aae2-c922-e1766a7c691a/test-blob-a8ba470a-9769-1636-70ae-2ef9264a49c9?action=append\u0026position=0",
      "RequestMethod": "PATCH",
      "RequestHeaders": {
        "Accept": "application/json",
        "Authorization": "Sanitized",
        "Content-Length": "1024",
        "Content-Type": "application/octet-stream",
        "User-Agent": "azsdk-net-Storage.Files.DataLake/12.9.0-alpha.20211108.1 (.NET Framework 4.8.4300.0; Microsoft Windows 10.0.19043 )",
        "x-ms-client-request-id": "43a4bc2f-a883-914e-7834-b00343365f29",
        "x-ms-date": "Tue, 09 Nov 2021 22:12:28 GMT",
        "x-ms-return-client-request-id": "true",
        "x-ms-version": "2021-04-10"
      },
      "RequestBody": "TeJk\u002BLhQZgsjwzrTv168G/uMfd24fSCVhEnyb8GKSYKWeTYLSS6cqCa3yDbRtr6ro\u002BiKqEolhs/BznRuXvZJmHq4PUYosdLN8NS3ALTqxM2LR8vYAKA3cPNmSXq6Lkovbi\u002B7GXl3gvIWvbh1boUa1gqm4hcqcJjZgMxSwWdXE8KKiJKELqtUE8TZwkLowQFtTHJwE0szBP2X4pisJcGLv6r26\u002BbyladeUs9SUa5V8L7L5XX05/92V4OV7UwSp\u002B4CTQOY8tYberbKEcF84LJOQfLZ4UBLl9eqf5NiXahbTKrgTwSrvP7nr2q\u002BKdU\u002B\u002BnbRRqxaOMaut7Yr7nNCuB0Ob8UWm5Cuo4T08THVjG0Ca4QdkBf7ARPkMphNf86KpfdMsLoQKF/mI6InZUaU2CpJKYLuJScFEm2yMWj3YCS2aUw6iNyy8UMkNm111JvMUFpuBFZLnH/PR55NXvf37sN\u002Bcfz5WU9Nljc/ye66kD7R5eEOiVzNaszNa0E\u002BZZNLLUiq9mOe0vYKIG4eC9KQFLZge3gW6GRnsAYvLO4NDzCj85umD5naMhPqA2jtr176PVaK3uobNUXjQ0ZdbqYH/BE9exg36QQchUhkK\u002BT8eQGnNe6YgzFFh75WwsxTfcNt4wdXrzNGw1NRbVihtgpg58pFtTm3b3nf\u002BPNa4Cc4yQeE90jdpcnNYHKaRhXYo9C09tsCDsiKtXONd7dA7OIsGaRRHb/BgkEAd1TGHChkB1QipepLNbs/\u002BkLUUC4RjXSQbi1wh4YR8nOZAZZzxJhLKG9iHUb44OPoESN87DIT7urgNq7684DNELN2sjMlzDWqiSe\u002Br3Atl45KiHVjlQZBhROsk47qUDXvlQyTgS2vw0Xt0mIKVT96sp4gr2sKanutNCwgeDmnvznyzhljmhVgm8QwdsKjNjDTMuDvyqDJ5CqR5k0BjkoMRRIpGIYlFhiIvxSn2fS4Cf38TEZYt/WYKOrv0rPIXwx5JDCweh2qrhvIZwqLIgs22NxPBEIEs44dkPCcNkRkv2AILbXDCI/fUp4qkE/rDAbfuPnXeVrJdXGik\u002BktDXfXY6iqg/RVc89Nb7Kj2SI\u002BMYPqvX1KjUYFPrhEIHWlskQmUyynQIkRiUUqiQqnJptOZGFlQ1D6jNZipEQ7EVJZp71ufIX2lvH62DM3IAM7Xhgc9rwUQG7zLMdWRZxE1Xjz0OJNOakWWM1wamscwmzSJkYsHxqVRWZOelC\u002Bn1BUtQK7RE8h7iRuBp3upNUD1mpagx9WGLZdXYt7/r5ZV7h9G7VoYX0dsTchvRh8p6CRSqPmZBwx/p1LXebDpvBmFa7lcYkgm3XsPdHoNVqe4Lbr6bQac/ObSx0XHAOWWQ==",
      "StatusCode": 202,
      "ResponseHeaders": {
        "Content-Length": "0",
        "Date": "Tue, 09 Nov 2021 22:12:28 GMT",
        "Server": "Windows-Azure-HDFS/1.0 Microsoft-HTTPAPI/2.0",
        "x-ms-client-request-id": "43a4bc2f-a883-914e-7834-b00343365f29",
        "x-ms-request-id": "a80d6903-401f-0057-69b6-d574f1000000",
        "x-ms-request-server-encrypted": "true",
        "x-ms-version": "2021-04-10"
      },
      "ResponseBody": []
    },
    {
      "RequestUri": "http://seanmcccanary3.dfs.core.windows.net/test-filesystem-844233d1-776d-aae2-c922-e1766a7c691a/test-blob-a8ba470a-9769-1636-70ae-2ef9264a49c9?action=flush\u0026position=1024",
      "RequestMethod": "PATCH",
      "RequestHeaders": {
        "Accept": "application/json",
        "Authorization": "Sanitized",
        "If-Match": "\u00220x8D9A3CE04C7B821\u0022",
        "User-Agent": "azsdk-net-Storage.Files.DataLake/12.9.0-alpha.20211108.1 (.NET Framework 4.8.4300.0; Microsoft Windows 10.0.19043 )",
        "x-ms-client-request-id": "2fd51129-89d5-5acc-0543-f551b57d0ad5",
        "x-ms-date": "Tue, 09 Nov 2021 22:12:28 GMT",
        "x-ms-return-client-request-id": "true",
        "x-ms-version": "2021-04-10"
      },
      "RequestBody": null,
      "StatusCode": 200,
      "ResponseHeaders": {
        "Content-Length": "0",
        "Date": "Tue, 09 Nov 2021 22:12:29 GMT",
        "ETag": "\u00220x8D9A3CE04E463B1\u0022",
        "Last-Modified": "Tue, 09 Nov 2021 22:12:29 GMT",
        "Server": "Windows-Azure-HDFS/1.0 Microsoft-HTTPAPI/2.0",
        "x-ms-client-request-id": "2fd51129-89d5-5acc-0543-f551b57d0ad5",
        "x-ms-request-id": "a80d6904-401f-0057-6ab6-d574f1000000",
        "x-ms-request-server-encrypted": "false",
        "x-ms-version": "2021-04-10"
      },
      "ResponseBody": []
    },
    {
      "RequestUri": "http://seanmcccanary3.blob.core.windows.net/test-filesystem-844233d1-776d-aae2-c922-e1766a7c691a/test-blob-a8ba470a-9769-1636-70ae-2ef9264a49c9",
      "RequestMethod": "HEAD",
      "RequestHeaders": {
        "Accept": "application/xml",
        "Authorization": "Sanitized",
        "traceparent": "00-11240766ff07964eaa3a3cf9c0cf7def-875cb763b7cf3a48-00",
        "User-Agent": "azsdk-net-Storage.Files.DataLake/12.9.0-alpha.20211108.1 (.NET Framework 4.8.4300.0; Microsoft Windows 10.0.19043 )",
        "x-ms-client-request-id": "31da4038-2f60-6453-2dc8-12f11a9a39e4",
        "x-ms-date": "Tue, 09 Nov 2021 22:12:29 GMT",
        "x-ms-return-client-request-id": "true",
        "x-ms-version": "2021-04-10"
      },
      "RequestBody": null,
      "StatusCode": 200,
      "ResponseHeaders": {
        "Accept-Ranges": "bytes",
        "Content-Length": "1024",
        "Content-Type": "application/octet-stream",
        "Date": "Tue, 09 Nov 2021 22:12:28 GMT",
        "ETag": "\u00220x8D9A3CE04E463B1\u0022",
        "Last-Modified": "Tue, 09 Nov 2021 22:12:29 GMT",
        "Server": "Windows-Azure-Blob/1.0 Microsoft-HTTPAPI/2.0",
        "Vary": "Origin",
        "x-ms-access-tier": "Hot",
        "x-ms-access-tier-inferred": "true",
        "x-ms-blob-type": "BlockBlob",
        "x-ms-client-request-id": "31da4038-2f60-6453-2dc8-12f11a9a39e4",
        "x-ms-creation-time": "Tue, 09 Nov 2021 22:12:28 GMT",
        "x-ms-last-access-time": "Tue, 09 Nov 2021 22:12:29 GMT",
        "x-ms-lease-state": "available",
        "x-ms-lease-status": "unlocked",
        "x-ms-request-id": "db63a581-a01e-0002-61b6-d5647a000000",
        "x-ms-server-encrypted": "true",
        "x-ms-version": "2021-04-10"
      },
      "ResponseBody": []
    },
    {
      "RequestUri": "http://seanmcccanary3.blob.core.windows.net/test-filesystem-844233d1-776d-aae2-c922-e1766a7c691a/test-blob-a8ba470a-9769-1636-70ae-2ef9264a49c9",
      "RequestMethod": "GET",
      "RequestHeaders": {
        "Accept": "application/xml",
        "Authorization": "Sanitized",
        "If-Match": "\u00220x8D9A3CE04E463B1\u0022",
        "User-Agent": "azsdk-net-Storage.Files.DataLake/12.9.0-alpha.20211108.1 (.NET Framework 4.8.4300.0; Microsoft Windows 10.0.19043 )",
        "x-ms-client-request-id": "7419035e-d9a3-e074-895b-26247f400436",
        "x-ms-date": "Tue, 09 Nov 2021 22:12:29 GMT",
        "x-ms-range": "bytes=0-127",
        "x-ms-return-client-request-id": "true",
        "x-ms-version": "2021-04-10"
      },
      "RequestBody": null,
      "StatusCode": 206,
      "ResponseHeaders": {
        "Accept-Ranges": "bytes",
        "Content-Length": "128",
        "Content-Range": "bytes 0-127/1024",
        "Content-Type": "application/octet-stream",
        "Date": "Tue, 09 Nov 2021 22:12:28 GMT",
        "ETag": "\u00220x8D9A3CE04E463B1\u0022",
        "Last-Modified": "Tue, 09 Nov 2021 22:12:29 GMT",
        "Server": "Windows-Azure-Blob/1.0 Microsoft-HTTPAPI/2.0",
        "Vary": "Origin",
        "x-ms-blob-type": "BlockBlob",
        "x-ms-client-request-id": "7419035e-d9a3-e074-895b-26247f400436",
        "x-ms-creation-time": "Tue, 09 Nov 2021 22:12:28 GMT",
        "x-ms-last-access-time": "Tue, 09 Nov 2021 22:12:29 GMT",
        "x-ms-lease-state": "available",
        "x-ms-lease-status": "unlocked",
        "x-ms-request-id": "db63a5a6-a01e-0002-80b6-d5647a000000",
        "x-ms-server-encrypted": "true",
        "x-ms-version": "2021-04-10"
      },
      "ResponseBody": "TeJk\u002BLhQZgsjwzrTv168G/uMfd24fSCVhEnyb8GKSYKWeTYLSS6cqCa3yDbRtr6ro\u002BiKqEolhs/BznRuXvZJmHq4PUYosdLN8NS3ALTqxM2LR8vYAKA3cPNmSXq6Lkovbi\u002B7GXl3gvIWvbh1boUa1gqm4hcqcJjZgMxSwWdXE8I="
    },
    {
      "RequestUri": "http://seanmcccanary3.blob.core.windows.net/test-filesystem-844233d1-776d-aae2-c922-e1766a7c691a/test-blob-a8ba470a-9769-1636-70ae-2ef9264a49c9",
      "RequestMethod": "GET",
      "RequestHeaders": {
        "Accept": "application/xml",
        "Authorization": "Sanitized",
        "If-Match": "\u00220x8D9A3CE04E463B1\u0022",
        "User-Agent": "azsdk-net-Storage.Files.DataLake/12.9.0-alpha.20211108.1 (.NET Framework 4.8.4300.0; Microsoft Windows 10.0.19043 )",
        "x-ms-client-request-id": "17935081-c580-9541-4b1a-466b825d179e",
        "x-ms-date": "Tue, 09 Nov 2021 22:12:29 GMT",
        "x-ms-range": "bytes=128-255",
        "x-ms-return-client-request-id": "true",
        "x-ms-version": "2021-04-10"
      },
      "RequestBody": null,
      "StatusCode": 206,
      "ResponseHeaders": {
        "Accept-Ranges": "bytes",
        "Content-Length": "128",
        "Content-Range": "bytes 128-255/1024",
        "Content-Type": "application/octet-stream",
        "Date": "Tue, 09 Nov 2021 22:12:28 GMT",
        "ETag": "\u00220x8D9A3CE04E463B1\u0022",
        "Last-Modified": "Tue, 09 Nov 2021 22:12:29 GMT",
        "Server": "Windows-Azure-Blob/1.0 Microsoft-HTTPAPI/2.0",
        "Vary": "Origin",
        "x-ms-blob-type": "BlockBlob",
        "x-ms-client-request-id": "17935081-c580-9541-4b1a-466b825d179e",
        "x-ms-creation-time": "Tue, 09 Nov 2021 22:12:28 GMT",
        "x-ms-last-access-time": "Tue, 09 Nov 2021 22:12:29 GMT",
        "x-ms-lease-state": "available",
        "x-ms-lease-status": "unlocked",
        "x-ms-request-id": "db63a5b7-a01e-0002-0db6-d5647a000000",
        "x-ms-server-encrypted": "true",
        "x-ms-version": "2021-04-10"
      },
      "ResponseBody": "ioiShC6rVBPE2cJC6MEBbUxycBNLMwT9l\u002BKYrCXBi7\u002Bq9uvm8pWnXlLPUlGuVfC\u002By\u002BV19Of/dleDle1MEqfuAk0DmPLWG3q2yhHBfOCyTkHy2eFAS5fXqn\u002BTYl2oW0yq4E8Eq7z\u002B569qvinVPvp20UasWjjGrre2K\u002B5zQrgdDm8="
    },
    {
      "RequestUri": "http://seanmcccanary3.blob.core.windows.net/test-filesystem-844233d1-776d-aae2-c922-e1766a7c691a/test-blob-a8ba470a-9769-1636-70ae-2ef9264a49c9",
      "RequestMethod": "GET",
      "RequestHeaders": {
        "Accept": "application/xml",
        "Authorization": "Sanitized",
        "If-Match": "\u00220x8D9A3CE04E463B1\u0022",
        "User-Agent": "azsdk-net-Storage.Files.DataLake/12.9.0-alpha.20211108.1 (.NET Framework 4.8.4300.0; Microsoft Windows 10.0.19043 )",
        "x-ms-client-request-id": "2fa2ba9e-edad-b5b5-ba08-082dcfc00c60",
        "x-ms-date": "Tue, 09 Nov 2021 22:12:29 GMT",
        "x-ms-range": "bytes=256-383",
        "x-ms-return-client-request-id": "true",
        "x-ms-version": "2021-04-10"
      },
      "RequestBody": null,
      "StatusCode": 206,
      "ResponseHeaders": {
        "Accept-Ranges": "bytes",
        "Content-Length": "128",
        "Content-Range": "bytes 256-383/1024",
        "Content-Type": "application/octet-stream",
        "Date": "Tue, 09 Nov 2021 22:12:29 GMT",
        "ETag": "\u00220x8D9A3CE04E463B1\u0022",
        "Last-Modified": "Tue, 09 Nov 2021 22:12:29 GMT",
        "Server": "Windows-Azure-Blob/1.0 Microsoft-HTTPAPI/2.0",
        "Vary": "Origin",
        "x-ms-blob-type": "BlockBlob",
        "x-ms-client-request-id": "2fa2ba9e-edad-b5b5-ba08-082dcfc00c60",
        "x-ms-creation-time": "Tue, 09 Nov 2021 22:12:28 GMT",
        "x-ms-last-access-time": "Tue, 09 Nov 2021 22:12:29 GMT",
        "x-ms-lease-state": "available",
        "x-ms-lease-status": "unlocked",
        "x-ms-request-id": "db63a5c6-a01e-0002-1bb6-d5647a000000",
        "x-ms-server-encrypted": "true",
        "x-ms-version": "2021-04-10"
      },
      "ResponseBody": "xRabkK6jhPTxMdWMbQJrhB2QF/sBE\u002BQymE1/zoql90ywuhAoX\u002BYjoidlRpTYKkkpgu4lJwUSbbIxaPdgJLZpTDqI3LLxQyQ2bXXUm8xQWm4EVkucf89Hnk1e9/fuw35x/PlZT02WNz/J7rqQPtHl4Q6JXM1qzM1rQT5lk0stSKo="
    },
    {
      "RequestUri": "http://seanmcccanary3.blob.core.windows.net/test-filesystem-844233d1-776d-aae2-c922-e1766a7c691a/test-blob-a8ba470a-9769-1636-70ae-2ef9264a49c9",
      "RequestMethod": "GET",
      "RequestHeaders": {
        "Accept": "application/xml",
        "Authorization": "Sanitized",
        "If-Match": "\u00220x8D9A3CE04E463B1\u0022",
        "User-Agent": "azsdk-net-Storage.Files.DataLake/12.9.0-alpha.20211108.1 (.NET Framework 4.8.4300.0; Microsoft Windows 10.0.19043 )",
        "x-ms-client-request-id": "c8ccf009-e8bb-c4f0-74ef-f21ceb4c7816",
        "x-ms-date": "Tue, 09 Nov 2021 22:12:29 GMT",
        "x-ms-range": "bytes=384-511",
        "x-ms-return-client-request-id": "true",
        "x-ms-version": "2021-04-10"
      },
      "RequestBody": null,
      "StatusCode": 206,
      "ResponseHeaders": {
        "Accept-Ranges": "bytes",
        "Content-Length": "128",
        "Content-Range": "bytes 384-511/1024",
        "Content-Type": "application/octet-stream",
        "Date": "Tue, 09 Nov 2021 22:12:29 GMT",
        "ETag": "\u00220x8D9A3CE04E463B1\u0022",
        "Last-Modified": "Tue, 09 Nov 2021 22:12:29 GMT",
        "Server": "Windows-Azure-Blob/1.0 Microsoft-HTTPAPI/2.0",
        "Vary": "Origin",
        "x-ms-blob-type": "BlockBlob",
        "x-ms-client-request-id": "c8ccf009-e8bb-c4f0-74ef-f21ceb4c7816",
        "x-ms-creation-time": "Tue, 09 Nov 2021 22:12:28 GMT",
        "x-ms-last-access-time": "Tue, 09 Nov 2021 22:12:29 GMT",
        "x-ms-lease-state": "available",
        "x-ms-lease-status": "unlocked",
        "x-ms-request-id": "db63a5da-a01e-0002-2db6-d5647a000000",
        "x-ms-server-encrypted": "true",
        "x-ms-version": "2021-04-10"
      },
      "ResponseBody": "9mOe0vYKIG4eC9KQFLZge3gW6GRnsAYvLO4NDzCj85umD5naMhPqA2jtr176PVaK3uobNUXjQ0ZdbqYH/BE9exg36QQchUhkK\u002BT8eQGnNe6YgzFFh75WwsxTfcNt4wdXrzNGw1NRbVihtgpg58pFtTm3b3nf\u002BPNa4Cc4yQeE90g="
    },
    {
      "RequestUri": "http://seanmcccanary3.blob.core.windows.net/test-filesystem-844233d1-776d-aae2-c922-e1766a7c691a/test-blob-a8ba470a-9769-1636-70ae-2ef9264a49c9",
      "RequestMethod": "GET",
      "RequestHeaders": {
        "Accept": "application/xml",
        "Authorization": "Sanitized",
        "If-Match": "\u00220x8D9A3CE04E463B1\u0022",
        "User-Agent": "azsdk-net-Storage.Files.DataLake/12.9.0-alpha.20211108.1 (.NET Framework 4.8.4300.0; Microsoft Windows 10.0.19043 )",
        "x-ms-client-request-id": "de2387f9-44f4-43a5-c334-329e1d2ba389",
        "x-ms-date": "Tue, 09 Nov 2021 22:12:29 GMT",
        "x-ms-range": "bytes=512-639",
        "x-ms-return-client-request-id": "true",
        "x-ms-version": "2021-04-10"
      },
      "RequestBody": null,
      "StatusCode": 206,
      "ResponseHeaders": {
        "Accept-Ranges": "bytes",
        "Content-Length": "128",
        "Content-Range": "bytes 512-639/1024",
        "Content-Type": "application/octet-stream",
        "Date": "Tue, 09 Nov 2021 22:12:29 GMT",
        "ETag": "\u00220x8D9A3CE04E463B1\u0022",
        "Last-Modified": "Tue, 09 Nov 2021 22:12:29 GMT",
        "Server": "Windows-Azure-Blob/1.0 Microsoft-HTTPAPI/2.0",
        "Vary": "Origin",
        "x-ms-blob-type": "BlockBlob",
        "x-ms-client-request-id": "de2387f9-44f4-43a5-c334-329e1d2ba389",
        "x-ms-creation-time": "Tue, 09 Nov 2021 22:12:28 GMT",
        "x-ms-last-access-time": "Tue, 09 Nov 2021 22:12:29 GMT",
        "x-ms-lease-state": "available",
        "x-ms-lease-status": "unlocked",
        "x-ms-request-id": "db63a5e7-a01e-0002-37b6-d5647a000000",
        "x-ms-server-encrypted": "true",
        "x-ms-version": "2021-04-10"
      },
      "ResponseBody": "3aXJzWBymkYV2KPQtPbbAg7IirVzjXe3QOziLBmkUR2/wYJBAHdUxhwoZAdUIqXqSzW7P/pC1FAuEY10kG4tcIeGEfJzmQGWc8SYSyhvYh1G\u002BODj6BEjfOwyE\u002B7q4Dau\u002BvOAzRCzdrIzJcw1qoknvq9wLZeOSoh1Y5UGQYUTrJM="
    },
    {
      "RequestUri": "http://seanmcccanary3.blob.core.windows.net/test-filesystem-844233d1-776d-aae2-c922-e1766a7c691a/test-blob-a8ba470a-9769-1636-70ae-2ef9264a49c9",
      "RequestMethod": "GET",
      "RequestHeaders": {
        "Accept": "application/xml",
        "Authorization": "Sanitized",
        "If-Match": "\u00220x8D9A3CE04E463B1\u0022",
        "User-Agent": "azsdk-net-Storage.Files.DataLake/12.9.0-alpha.20211108.1 (.NET Framework 4.8.4300.0; Microsoft Windows 10.0.19043 )",
        "x-ms-client-request-id": "6322184a-9a28-3922-aff0-0d9b38287248",
        "x-ms-date": "Tue, 09 Nov 2021 22:12:29 GMT",
        "x-ms-range": "bytes=640-767",
        "x-ms-return-client-request-id": "true",
        "x-ms-version": "2021-04-10"
      },
      "RequestBody": null,
      "StatusCode": 206,
      "ResponseHeaders": {
        "Accept-Ranges": "bytes",
        "Content-Length": "128",
        "Content-Range": "bytes 640-767/1024",
        "Content-Type": "application/octet-stream",
        "Date": "Tue, 09 Nov 2021 22:12:29 GMT",
        "ETag": "\u00220x8D9A3CE04E463B1\u0022",
        "Last-Modified": "Tue, 09 Nov 2021 22:12:29 GMT",
        "Server": "Windows-Azure-Blob/1.0 Microsoft-HTTPAPI/2.0",
        "Vary": "Origin",
        "x-ms-blob-type": "BlockBlob",
        "x-ms-client-request-id": "6322184a-9a28-3922-aff0-0d9b38287248",
        "x-ms-creation-time": "Tue, 09 Nov 2021 22:12:28 GMT",
        "x-ms-last-access-time": "Tue, 09 Nov 2021 22:12:29 GMT",
        "x-ms-lease-state": "available",
        "x-ms-lease-status": "unlocked",
        "x-ms-request-id": "db63a5fe-a01e-0002-47b6-d5647a000000",
        "x-ms-server-encrypted": "true",
        "x-ms-version": "2021-04-10"
      },
      "ResponseBody": "jupQNe\u002BVDJOBLa/DRe3SYgpVP3qyniCvawpqe600LCB4Oae/OfLOGWOaFWCbxDB2wqM2MNMy4O/KoMnkKpHmTQGOSgxFEikYhiUWGIi/FKfZ9LgJ/fxMRli39Zgo6u/Ss8hfDHkkMLB6HaquG8hnCosiCzbY3E8EQgSzjh2Q8Jw="
    },
    {
      "RequestUri": "http://seanmcccanary3.blob.core.windows.net/test-filesystem-844233d1-776d-aae2-c922-e1766a7c691a/test-blob-a8ba470a-9769-1636-70ae-2ef9264a49c9",
      "RequestMethod": "GET",
      "RequestHeaders": {
        "Accept": "application/xml",
        "Authorization": "Sanitized",
        "If-Match": "\u00220x8D9A3CE04E463B1\u0022",
        "User-Agent": "azsdk-net-Storage.Files.DataLake/12.9.0-alpha.20211108.1 (.NET Framework 4.8.4300.0; Microsoft Windows 10.0.19043 )",
        "x-ms-client-request-id": "04547c1c-3f08-3760-073f-0bbb2f146601",
        "x-ms-date": "Tue, 09 Nov 2021 22:12:29 GMT",
        "x-ms-range": "bytes=768-895",
        "x-ms-return-client-request-id": "true",
        "x-ms-version": "2021-04-10"
      },
      "RequestBody": null,
      "StatusCode": 206,
      "ResponseHeaders": {
        "Accept-Ranges": "bytes",
        "Content-Length": "128",
        "Content-Range": "bytes 768-895/1024",
        "Content-Type": "application/octet-stream",
        "Date": "Tue, 09 Nov 2021 22:12:29 GMT",
        "ETag": "\u00220x8D9A3CE04E463B1\u0022",
        "Last-Modified": "Tue, 09 Nov 2021 22:12:29 GMT",
        "Server": "Windows-Azure-Blob/1.0 Microsoft-HTTPAPI/2.0",
        "Vary": "Origin",
        "x-ms-blob-type": "BlockBlob",
        "x-ms-client-request-id": "04547c1c-3f08-3760-073f-0bbb2f146601",
        "x-ms-creation-time": "Tue, 09 Nov 2021 22:12:28 GMT",
        "x-ms-last-access-time": "Tue, 09 Nov 2021 22:12:29 GMT",
        "x-ms-lease-state": "available",
        "x-ms-lease-status": "unlocked",
        "x-ms-request-id": "db63a612-a01e-0002-58b6-d5647a000000",
        "x-ms-server-encrypted": "true",
        "x-ms-version": "2021-04-10"
      },
      "ResponseBody": "NkRkv2AILbXDCI/fUp4qkE/rDAbfuPnXeVrJdXGik\u002BktDXfXY6iqg/RVc89Nb7Kj2SI\u002BMYPqvX1KjUYFPrhEIHWlskQmUyynQIkRiUUqiQqnJptOZGFlQ1D6jNZipEQ7EVJZp71ufIX2lvH62DM3IAM7Xhgc9rwUQG7zLMdWRZw="
    },
    {
      "RequestUri": "http://seanmcccanary3.blob.core.windows.net/test-filesystem-844233d1-776d-aae2-c922-e1766a7c691a/test-blob-a8ba470a-9769-1636-70ae-2ef9264a49c9",
      "RequestMethod": "GET",
      "RequestHeaders": {
        "Accept": "application/xml",
        "Authorization": "Sanitized",
        "If-Match": "\u00220x8D9A3CE04E463B1\u0022",
        "User-Agent": "azsdk-net-Storage.Files.DataLake/12.9.0-alpha.20211108.1 (.NET Framework 4.8.4300.0; Microsoft Windows 10.0.19043 )",
        "x-ms-client-request-id": "bc7fd73c-6dd3-3040-6d58-7a06df708dc3",
        "x-ms-date": "Tue, 09 Nov 2021 22:12:29 GMT",
        "x-ms-range": "bytes=896-1023",
        "x-ms-return-client-request-id": "true",
        "x-ms-version": "2021-04-10"
      },
      "RequestBody": null,
      "StatusCode": 206,
      "ResponseHeaders": {
        "Accept-Ranges": "bytes",
        "Content-Length": "128",
        "Content-Range": "bytes 896-1023/1024",
        "Content-Type": "application/octet-stream",
        "Date": "Tue, 09 Nov 2021 22:12:29 GMT",
        "ETag": "\u00220x8D9A3CE04E463B1\u0022",
        "Last-Modified": "Tue, 09 Nov 2021 22:12:29 GMT",
        "Server": "Windows-Azure-Blob/1.0 Microsoft-HTTPAPI/2.0",
        "Vary": "Origin",
        "x-ms-blob-type": "BlockBlob",
        "x-ms-client-request-id": "bc7fd73c-6dd3-3040-6d58-7a06df708dc3",
        "x-ms-creation-time": "Tue, 09 Nov 2021 22:12:28 GMT",
        "x-ms-last-access-time": "Tue, 09 Nov 2021 22:12:29 GMT",
        "x-ms-lease-state": "available",
        "x-ms-lease-status": "unlocked",
        "x-ms-request-id": "db63a621-a01e-0002-64b6-d5647a000000",
        "x-ms-server-encrypted": "true",
        "x-ms-version": "2021-04-10"
      },
      "ResponseBody": "RNV489DiTTmpFljNcGprHMJs0iZGLB8alUVmTnpQvp9QVLUCu0RPIe4kbgad7qTVA9ZqWoMfVhi2XV2Le/6\u002BWVe4fRu1aGF9HbE3Ib0YfKegkUqj5mQcMf6dS13mw6bwZhWu5XGJIJt17D3R6DVanuC26\u002Bm0GnPzm0sdFxwDllk="
    },
    {
      "RequestUri": "http://seanmcccanary3.blob.core.windows.net/test-filesystem-844233d1-776d-aae2-c922-e1766a7c691a?restype=container",
      "RequestMethod": "DELETE",
      "RequestHeaders": {
        "Accept": "application/xml",
        "Authorization": "Sanitized",
        "traceparent": "00-0f7dc8134eff3c46a0d61d17c58cff66-13be504877582445-00",
        "User-Agent": "azsdk-net-Storage.Files.DataLake/12.9.0-alpha.20211108.1 (.NET Framework 4.8.4300.0; Microsoft Windows 10.0.19043 )",
        "x-ms-client-request-id": "577f5af5-a995-5c2d-cc06-53a51a69807b",
        "x-ms-date": "Tue, 09 Nov 2021 22:12:29 GMT",
        "x-ms-return-client-request-id": "true",
        "x-ms-version": "2021-04-10"
      },
      "RequestBody": null,
      "StatusCode": 202,
      "ResponseHeaders": {
        "Content-Length": "0",
        "Date": "Tue, 09 Nov 2021 22:12:35 GMT",
        "Server": "Windows-Azure-Blob/1.0 Microsoft-HTTPAPI/2.0",
        "x-ms-client-request-id": "577f5af5-a995-5c2d-cc06-53a51a69807b",
        "x-ms-request-id": "db63a63b-a01e-0002-78b6-d5647a000000",
        "x-ms-version": "2021-04-10"
      },
      "ResponseBody": []
    }
  ],
  "Variables": {
    "RandomSeed": "1884246874",
    "Storage_TestConfigHierarchicalNamespace": "NamespaceTenant\nseanmcccanary3\nU2FuaXRpemVk\nhttp://seanmcccanary3.blob.core.windows.net\nhttp://seanmcccanary3.file.core.windows.net\nhttp://seanmcccanary3.queue.core.windows.net\nhttp://seanmcccanary3.table.core.windows.net\n\n\n\n\nhttp://seanmcccanary3-secondary.blob.core.windows.net\nhttp://seanmcccanary3-secondary.file.core.windows.net\nhttp://seanmcccanary3-secondary.queue.core.windows.net\nhttp://seanmcccanary3-secondary.table.core.windows.net\n\nSanitized\n\n\nCloud\nBlobEndpoint=http://seanmcccanary3.blob.core.windows.net/;QueueEndpoint=http://seanmcccanary3.queue.core.windows.net/;FileEndpoint=http://seanmcccanary3.file.core.windows.net/;BlobSecondaryEndpoint=http://seanmcccanary3-secondary.blob.core.windows.net/;QueueSecondaryEndpoint=http://seanmcccanary3-secondary.queue.core.windows.net/;FileSecondaryEndpoint=http://seanmcccanary3-secondary.file.core.windows.net/;AccountName=seanmcccanary3;AccountKey=Sanitized\n\n\n"
  }
}