{
  "Entries": [
    {
      "RequestUri": "/subscriptions/0296790d-427c-48ca-b204-8b729bbd8670/providers/Microsoft.Compute/locations/SoutheastAsia/publishers/MicrosoftWindowsServer/artifacttypes/vmimage/offers/WindowsServer/skus/2012-R2-Datacenter/versions?$top=1&api-version=2021-07-01",
      "EncodedRequestUri": "L3N1YnNjcmlwdGlvbnMvMDI5Njc5MGQtNDI3Yy00OGNhLWIyMDQtOGI3MjliYmQ4NjcwL3Byb3ZpZGVycy9NaWNyb3NvZnQuQ29tcHV0ZS9sb2NhdGlvbnMvU291dGhlYXN0QXNpYS9wdWJsaXNoZXJzL01pY3Jvc29mdFdpbmRvd3NTZXJ2ZXIvYXJ0aWZhY3R0eXBlcy92bWltYWdlL29mZmVycy9XaW5kb3dzU2VydmVyL3NrdXMvMjAxMi1SMi1EYXRhY2VudGVyL3ZlcnNpb25zPyR0b3A9MSZhcGktdmVyc2lvbj0yMDIxLTA3LTAx",
      "RequestMethod": "GET",
      "RequestBody": "",
      "RequestHeaders": {
        "x-ms-client-request-id": [
          "9f488fc3-58ba-4753-b233-77a7596e71e0"
        ],
        "Accept-Language": [
          "en-US"
        ],
        "User-Agent": [
          "FxVersion/4.6.30411.01",
          "OSName/Windows",
          "OSVersion/Microsoft.Windows.10.0.19043.",
          "Microsoft.Azure.Management.Compute.ComputeManagementClient/48.0.0"
        ]
      },
      "ResponseHeaders": {
        "Cache-Control": [
          "no-cache"
        ],
        "Pragma": [
          "no-cache"
        ],
        "x-ms-ratelimit-remaining-resource": [
          "Microsoft.Compute/ListVMImagesVersionsFromLocation3Min;15999,Microsoft.Compute/ListVMImagesVersionsFromLocation30Min;43999"
        ],
        "Strict-Transport-Security": [
          "max-age=31536000; includeSubDomains"
        ],
        "x-ms-served-by": [
          "9fc414ea-410e-4600-9f7c-71bc36416f3f_132663709349155569"
        ],
        "x-ms-request-id": [
          "f1bb0901-657d-413a-b44d-1b8679680549"
        ],
        "Server": [
          "Microsoft-HTTPAPI/2.0",
          "Microsoft-HTTPAPI/2.0"
        ],
        "x-ms-ratelimit-remaining-subscription-reads": [
          "11994"
        ],
        "x-ms-correlation-request-id": [
          "a04f0970-96b7-4d29-874c-6369fbd1e088"
        ],
        "x-ms-routing-request-id": [
          "WESTCENTRALUS:20210826T215621Z:a04f0970-96b7-4d29-874c-6369fbd1e088"
        ],
        "X-Content-Type-Options": [
          "nosniff"
        ],
        "Date": [
          "Thu, 26 Aug 2021 21:56:20 GMT"
        ],
        "Content-Length": [
          "321"
        ],
        "Content-Type": [
          "application/json; charset=utf-8"
        ],
        "Expires": [
          "-1"
        ]
      },
      "ResponseBody": "[\r\n  {\r\n    \"location\": \"southeastasia\",\r\n    \"name\": \"4.127.20180315\",\r\n    \"id\": \"/Subscriptions/0296790d-427c-48ca-b204-8b729bbd8670/Providers/Microsoft.Compute/Locations/southeastasia/Publishers/MicrosoftWindowsServer/ArtifactTypes/VMImage/Offers/WindowsServer/Skus/2012-R2-Datacenter/Versions/4.127.20180315\"\r\n  }\r\n]",
      "StatusCode": 200
    },
    {
      "RequestUri": "/subscriptions/0296790d-427c-48ca-b204-8b729bbd8670/resourcegroups/crptestar5561?api-version=2017-05-10",
      "EncodedRequestUri": "L3N1YnNjcmlwdGlvbnMvMDI5Njc5MGQtNDI3Yy00OGNhLWIyMDQtOGI3MjliYmQ4NjcwL3Jlc291cmNlZ3JvdXBzL2NycHRlc3RhcjU1NjE/YXBpLXZlcnNpb249MjAxNy0wNS0xMA==",
      "RequestMethod": "PUT",
      "RequestBody": "{\r\n  \"location\": \"eastus2\",\r\n  \"tags\": {\r\n    \"crptestar5561\": \"2021-08-26 21:56:21Z\"\r\n  }\r\n}",
      "RequestHeaders": {
        "x-ms-client-request-id": [
          "38703d68-6832-4f52-90fa-dc5621085fa2"
        ],
        "Accept-Language": [
          "en-US"
        ],
        "User-Agent": [
          "FxVersion/4.6.30411.01",
          "OSName/Windows",
          "OSVersion/Microsoft.Windows.10.0.19043.",
          "Microsoft.Azure.Management.ResourceManager.ResourceManagementClient/1.6.0.0"
        ],
        "Content-Type": [
          "application/json; charset=utf-8"
        ],
        "Content-Length": [
          "93"
        ]
      },
      "ResponseHeaders": {
        "Cache-Control": [
          "no-cache"
        ],
        "Pragma": [
          "no-cache"
        ],
        "x-ms-ratelimit-remaining-subscription-writes": [
          "1198"
        ],
        "x-ms-request-id": [
          "8fa44ff3-3226-41ea-bef5-3f78d345f159"
        ],
        "x-ms-correlation-request-id": [
          "8fa44ff3-3226-41ea-bef5-3f78d345f159"
        ],
        "x-ms-routing-request-id": [
          "WESTCENTRALUS:20210826T215622Z:8fa44ff3-3226-41ea-bef5-3f78d345f159"
        ],
        "Strict-Transport-Security": [
          "max-age=31536000; includeSubDomains"
        ],
        "X-Content-Type-Options": [
          "nosniff"
        ],
        "Date": [
          "Thu, 26 Aug 2021 21:56:21 GMT"
        ],
        "Content-Length": [
          "228"
        ],
        "Content-Type": [
          "application/json; charset=utf-8"
        ],
        "Expires": [
          "-1"
        ]
      },
      "ResponseBody": "{\r\n  \"id\": \"/subscriptions/0296790d-427c-48ca-b204-8b729bbd8670/resourceGroups/crptestar5561\",\r\n  \"name\": \"crptestar5561\",\r\n  \"location\": \"eastus2\",\r\n  \"tags\": {\r\n    \"crptestar5561\": \"2021-08-26 21:56:21Z\"\r\n  },\r\n  \"properties\": {\r\n    \"provisioningState\": \"Succeeded\"\r\n  }\r\n}",
      "StatusCode": 201
    },
    {
      "RequestUri": "/subscriptions/0296790d-427c-48ca-b204-8b729bbd8670/resourcegroups/crptestar5561?api-version=2017-05-10",
      "EncodedRequestUri": "L3N1YnNjcmlwdGlvbnMvMDI5Njc5MGQtNDI3Yy00OGNhLWIyMDQtOGI3MjliYmQ4NjcwL3Jlc291cmNlZ3JvdXBzL2NycHRlc3RhcjU1NjE/YXBpLXZlcnNpb249MjAxNy0wNS0xMA==",
      "RequestMethod": "PUT",
      "RequestBody": "{\r\n  \"location\": \"eastus2\",\r\n  \"tags\": {\r\n    \"crptestar5561\": \"2021-08-26 21:56:55Z\"\r\n  }\r\n}",
      "RequestHeaders": {
        "x-ms-client-request-id": [
          "7ca0ea53-fc33-499a-96f2-862553e7f5f7"
        ],
        "Accept-Language": [
          "en-US"
        ],
        "User-Agent": [
          "FxVersion/4.6.30411.01",
          "OSName/Windows",
          "OSVersion/Microsoft.Windows.10.0.19043.",
          "Microsoft.Azure.Management.ResourceManager.ResourceManagementClient/1.6.0.0"
        ],
        "Content-Type": [
          "application/json; charset=utf-8"
        ],
        "Content-Length": [
          "93"
        ]
      },
      "ResponseHeaders": {
        "Cache-Control": [
          "no-cache"
        ],
        "Pragma": [
          "no-cache"
        ],
        "x-ms-ratelimit-remaining-subscription-writes": [
          "1197"
        ],
        "x-ms-request-id": [
          "73e74c6a-8f51-4614-b63a-495a2d9da59d"
        ],
        "x-ms-correlation-request-id": [
          "73e74c6a-8f51-4614-b63a-495a2d9da59d"
        ],
        "x-ms-routing-request-id": [
          "WESTCENTRALUS:20210826T215656Z:73e74c6a-8f51-4614-b63a-495a2d9da59d"
        ],
        "Strict-Transport-Security": [
          "max-age=31536000; includeSubDomains"
        ],
        "X-Content-Type-Options": [
          "nosniff"
        ],
        "Date": [
          "Thu, 26 Aug 2021 21:56:55 GMT"
        ],
        "Content-Length": [
          "228"
        ],
        "Content-Type": [
          "application/json; charset=utf-8"
        ],
        "Expires": [
          "-1"
        ]
      },
      "ResponseBody": "{\r\n  \"id\": \"/subscriptions/0296790d-427c-48ca-b204-8b729bbd8670/resourceGroups/crptestar5561\",\r\n  \"name\": \"crptestar5561\",\r\n  \"location\": \"eastus2\",\r\n  \"tags\": {\r\n    \"crptestar5561\": \"2021-08-26 21:56:55Z\"\r\n  },\r\n  \"properties\": {\r\n    \"provisioningState\": \"Succeeded\"\r\n  }\r\n}",
      "StatusCode": 200
    },
    {
      "RequestUri": "/subscriptions/0296790d-427c-48ca-b204-8b729bbd8670/resourceGroups/crptestar5561/providers/Microsoft.Storage/storageAccounts/diskrp2849?api-version=2015-06-15",
      "EncodedRequestUri": "L3N1YnNjcmlwdGlvbnMvMDI5Njc5MGQtNDI3Yy00OGNhLWIyMDQtOGI3MjliYmQ4NjcwL3Jlc291cmNlR3JvdXBzL2NycHRlc3RhcjU1NjEvcHJvdmlkZXJzL01pY3Jvc29mdC5TdG9yYWdlL3N0b3JhZ2VBY2NvdW50cy9kaXNrcnAyODQ5P2FwaS12ZXJzaW9uPTIwMTUtMDYtMTU=",
      "RequestMethod": "PUT",
      "RequestBody": "{\r\n  \"location\": \"eastus2\",\r\n  \"properties\": {\r\n    \"accountType\": \"Standard_GRS\"\r\n  }\r\n}",
      "RequestHeaders": {
        "x-ms-client-request-id": [
          "1ad650ab-163e-4f20-9e00-f35b4f60fdfa"
        ],
        "Accept-Language": [
          "en-US"
        ],
        "User-Agent": [
          "FxVersion/4.6.30411.01",
          "OSName/Windows",
          "OSVersion/Microsoft.Windows.10.0.19043.",
          "Microsoft.Azure.Management.Storage.StorageManagementClient/4.0.0.0"
        ],
        "Content-Type": [
          "application/json; charset=utf-8"
        ],
        "Content-Length": [
          "89"
        ]
      },
      "ResponseHeaders": {
        "Cache-Control": [
          "no-cache"
        ],
        "Pragma": [
          "no-cache"
        ],
        "Location": [
          "https://management.azure.com/subscriptions/0296790d-427c-48ca-b204-8b729bbd8670/providers/Microsoft.Storage/locations/eastus2/asyncoperations/00a337d1-634d-451a-8799-19312b2dc665?monitor=true&api-version=2015-06-15"
        ],
        "Retry-After": [
          "17"
        ],
        "x-ms-request-id": [
          "00a337d1-634d-451a-8799-19312b2dc665"
        ],
        "Strict-Transport-Security": [
          "max-age=31536000; includeSubDomains"
        ],
        "Server": [
          "Microsoft-Azure-Storage-Resource-Provider/1.0,Microsoft-HTTPAPI/2.0 Microsoft-HTTPAPI/2.0"
        ],
        "x-ms-ratelimit-remaining-subscription-writes": [
          "1199"
        ],
        "x-ms-correlation-request-id": [
          "27e40053-bbfd-443a-80c4-05589d011649"
        ],
        "x-ms-routing-request-id": [
          "WESTCENTRALUS:20210826T215627Z:27e40053-bbfd-443a-80c4-05589d011649"
        ],
        "X-Content-Type-Options": [
          "nosniff"
        ],
        "Date": [
          "Thu, 26 Aug 2021 21:56:26 GMT"
        ],
        "Content-Type": [
          "text/plain; charset=utf-8"
        ],
        "Expires": [
          "-1"
        ],
        "Content-Length": [
          "0"
        ]
      },
      "ResponseBody": "",
      "StatusCode": 202
    },
    {
      "RequestUri": "/subscriptions/0296790d-427c-48ca-b204-8b729bbd8670/providers/Microsoft.Storage/locations/eastus2/asyncoperations/00a337d1-634d-451a-8799-19312b2dc665?monitor=true&api-version=2015-06-15",
      "EncodedRequestUri": "L3N1YnNjcmlwdGlvbnMvMDI5Njc5MGQtNDI3Yy00OGNhLWIyMDQtOGI3MjliYmQ4NjcwL3Byb3ZpZGVycy9NaWNyb3NvZnQuU3RvcmFnZS9sb2NhdGlvbnMvZWFzdHVzMi9hc3luY29wZXJhdGlvbnMvMDBhMzM3ZDEtNjM0ZC00NTFhLTg3OTktMTkzMTJiMmRjNjY1P21vbml0b3I9dHJ1ZSZhcGktdmVyc2lvbj0yMDE1LTA2LTE1",
      "RequestMethod": "GET",
      "RequestBody": "",
      "RequestHeaders": {
        "User-Agent": [
          "FxVersion/4.6.30411.01",
          "OSName/Windows",
          "OSVersion/Microsoft.Windows.10.0.19043.",
          "Microsoft.Azure.Management.Storage.StorageManagementClient/4.0.0.0"
        ]
      },
      "ResponseHeaders": {
        "Cache-Control": [
          "no-cache"
        ],
        "Pragma": [
          "no-cache"
        ],
        "x-ms-request-id": [
          "b7698d66-ebac-46ed-8321-d4b5830bafd7"
        ],
        "Strict-Transport-Security": [
          "max-age=31536000; includeSubDomains"
        ],
        "Server": [
          "Microsoft-Azure-Storage-Resource-Provider/1.0,Microsoft-HTTPAPI/2.0 Microsoft-HTTPAPI/2.0"
        ],
        "x-ms-ratelimit-remaining-subscription-reads": [
          "11999"
        ],
        "x-ms-correlation-request-id": [
          "835b1c4a-0dc9-4fee-bd56-03c265bb3ba7"
        ],
        "x-ms-routing-request-id": [
          "WESTCENTRALUS:20210826T215645Z:835b1c4a-0dc9-4fee-bd56-03c265bb3ba7"
        ],
        "X-Content-Type-Options": [
          "nosniff"
        ],
        "Date": [
          "Thu, 26 Aug 2021 21:56:44 GMT"
        ],
        "Content-Length": [
          "89"
        ],
        "Content-Type": [
          "application/json"
        ],
        "Expires": [
          "-1"
        ]
      },
      "ResponseBody": "{\r\n  \"location\": \"eastus2\",\r\n  \"properties\": {\r\n    \"accountType\": \"Standard_GRS\"\r\n  }\r\n}",
      "StatusCode": 200
    },
    {
      "RequestUri": "/subscriptions/0296790d-427c-48ca-b204-8b729bbd8670/resourceGroups/crptestar5561/providers/Microsoft.Storage/storageAccounts?api-version=2015-06-15",
      "EncodedRequestUri": "L3N1YnNjcmlwdGlvbnMvMDI5Njc5MGQtNDI3Yy00OGNhLWIyMDQtOGI3MjliYmQ4NjcwL3Jlc291cmNlR3JvdXBzL2NycHRlc3RhcjU1NjEvcHJvdmlkZXJzL01pY3Jvc29mdC5TdG9yYWdlL3N0b3JhZ2VBY2NvdW50cz9hcGktdmVyc2lvbj0yMDE1LTA2LTE1",
      "RequestMethod": "GET",
      "RequestBody": "",
      "RequestHeaders": {
        "x-ms-client-request-id": [
          "9344d288-f2c8-4b75-a3d3-5146c1102e76"
        ],
        "Accept-Language": [
          "en-US"
        ],
        "User-Agent": [
          "FxVersion/4.6.30411.01",
          "OSName/Windows",
          "OSVersion/Microsoft.Windows.10.0.19043.",
          "Microsoft.Azure.Management.Storage.StorageManagementClient/4.0.0.0"
        ]
      },
      "ResponseHeaders": {
        "Cache-Control": [
          "no-cache"
        ],
        "Pragma": [
          "no-cache"
        ],
        "x-ms-request-id": [
          "613b58b9-d2f2-4264-b4bd-66656fa9092d"
        ],
        "Strict-Transport-Security": [
          "max-age=31536000; includeSubDomains"
        ],
        "Server": [
          "Microsoft-Azure-Storage-Resource-Provider/1.0,Microsoft-HTTPAPI/2.0 Microsoft-HTTPAPI/2.0"
        ],
        "x-ms-ratelimit-remaining-subscription-reads": [
          "11998"
        ],
        "x-ms-correlation-request-id": [
          "8e10b514-9863-4661-9a11-15515c284132"
        ],
        "x-ms-routing-request-id": [
          "WESTCENTRALUS:20210826T215655Z:8e10b514-9863-4661-9a11-15515c284132"
        ],
        "X-Content-Type-Options": [
          "nosniff"
        ],
        "Date": [
          "Thu, 26 Aug 2021 21:56:54 GMT"
        ],
        "Content-Length": [
          "723"
        ],
        "Content-Type": [
          "application/json"
        ],
        "Expires": [
          "-1"
        ]
      },
      "ResponseBody": "{\r\n  \"value\": [\r\n    {\r\n      \"id\": \"/subscriptions/0296790d-427c-48ca-b204-8b729bbd8670/resourceGroups/crptestar5561/providers/Microsoft.Storage/storageAccounts/diskrp2849\",\r\n      \"name\": \"diskrp2849\",\r\n      \"type\": \"Microsoft.Storage/storageAccounts\",\r\n      \"location\": \"eastus2\",\r\n      \"tags\": {},\r\n      \"properties\": {\r\n        \"accountType\": \"Standard_GRS\",\r\n        \"provisioningState\": \"Succeeded\",\r\n        \"creationTime\": \"2021-08-26T21:56:24.5003568Z\",\r\n        \"primaryEndpoints\": {\r\n          \"blob\": \"https://diskrp2849.blob.core.windows.net/\",\r\n          \"queue\": \"https://diskrp2849.queue.core.windows.net/\",\r\n          \"table\": \"https://diskrp2849.table.core.windows.net/\",\r\n          \"file\": \"https://diskrp2849.file.core.windows.net/\"\r\n        },\r\n        \"primaryLocation\": \"eastus2\",\r\n        \"statusOfPrimary\": \"available\",\r\n        \"secondaryLocation\": \"centralus\",\r\n        \"statusOfSecondary\": \"available\"\r\n      }\r\n    }\r\n  ]\r\n}",
      "StatusCode": 200
    },
    {
      "RequestUri": "/subscriptions/0296790d-427c-48ca-b204-8b729bbd8670/resourceGroups/crptestar5561/providers/Microsoft.Storage/storageAccounts/diskrp2849?api-version=2015-06-15",
      "EncodedRequestUri": "L3N1YnNjcmlwdGlvbnMvMDI5Njc5MGQtNDI3Yy00OGNhLWIyMDQtOGI3MjliYmQ4NjcwL3Jlc291cmNlR3JvdXBzL2NycHRlc3RhcjU1NjEvcHJvdmlkZXJzL01pY3Jvc29mdC5TdG9yYWdlL3N0b3JhZ2VBY2NvdW50cy9kaXNrcnAyODQ5P2FwaS12ZXJzaW9uPTIwMTUtMDYtMTU=",
      "RequestMethod": "GET",
      "RequestBody": "",
      "RequestHeaders": {
        "x-ms-client-request-id": [
          "183035b7-bc08-4eb1-b704-cb79eaf715ea"
        ],
        "Accept-Language": [
          "en-US"
        ],
        "User-Agent": [
          "FxVersion/4.6.30411.01",
          "OSName/Windows",
          "OSVersion/Microsoft.Windows.10.0.19043.",
          "Microsoft.Azure.Management.Storage.StorageManagementClient/4.0.0.0"
        ]
      },
      "ResponseHeaders": {
        "Cache-Control": [
          "no-cache"
        ],
        "Pragma": [
          "no-cache"
        ],
        "x-ms-request-id": [
          "7d1113e6-9495-4b63-805b-bb9b304575ac"
        ],
        "Strict-Transport-Security": [
          "max-age=31536000; includeSubDomains"
        ],
        "Server": [
          "Microsoft-Azure-Storage-Resource-Provider/1.0,Microsoft-HTTPAPI/2.0 Microsoft-HTTPAPI/2.0"
        ],
        "x-ms-ratelimit-remaining-subscription-reads": [
          "11997"
        ],
        "x-ms-correlation-request-id": [
          "2bad085e-d107-4be1-8ed5-7b7d5c86e5cb"
        ],
        "x-ms-routing-request-id": [
          "WESTCENTRALUS:20210826T215655Z:2bad085e-d107-4be1-8ed5-7b7d5c86e5cb"
        ],
        "X-Content-Type-Options": [
          "nosniff"
        ],
        "Date": [
          "Thu, 26 Aug 2021 21:56:54 GMT"
        ],
        "Content-Length": [
          "711"
        ],
        "Content-Type": [
          "application/json"
        ],
        "Expires": [
          "-1"
        ]
      },
      "ResponseBody": "{\r\n  \"id\": \"/subscriptions/0296790d-427c-48ca-b204-8b729bbd8670/resourceGroups/crptestar5561/providers/Microsoft.Storage/storageAccounts/diskrp2849\",\r\n  \"name\": \"diskrp2849\",\r\n  \"type\": \"Microsoft.Storage/storageAccounts\",\r\n  \"location\": \"eastus2\",\r\n  \"tags\": {},\r\n  \"properties\": {\r\n    \"accountType\": \"Standard_GRS\",\r\n    \"provisioningState\": \"Succeeded\",\r\n    \"creationTime\": \"2021-08-26T21:56:24.5003568Z\",\r\n    \"primaryEndpoints\": {\r\n      \"blob\": \"https://diskrp2849.blob.core.windows.net/\",\r\n      \"queue\": \"https://diskrp2849.queue.core.windows.net/\",\r\n      \"table\": \"https://diskrp2849.table.core.windows.net/\",\r\n      \"file\": \"https://diskrp2849.file.core.windows.net/\"\r\n    },\r\n    \"primaryLocation\": \"eastus2\",\r\n    \"statusOfPrimary\": \"available\",\r\n    \"secondaryLocation\": \"centralus\",\r\n    \"statusOfSecondary\": \"available\"\r\n  }\r\n}",
      "StatusCode": 200
    },
    {
      "RequestUri": "/subscriptions/0296790d-427c-48ca-b204-8b729bbd8670/resourceGroups/crptestar5561/providers/Microsoft.Network/publicIPAddresses/pip6710?api-version=2019-09-01",
      "EncodedRequestUri": "L3N1YnNjcmlwdGlvbnMvMDI5Njc5MGQtNDI3Yy00OGNhLWIyMDQtOGI3MjliYmQ4NjcwL3Jlc291cmNlR3JvdXBzL2NycHRlc3RhcjU1NjEvcHJvdmlkZXJzL01pY3Jvc29mdC5OZXR3b3JrL3B1YmxpY0lQQWRkcmVzc2VzL3BpcDY3MTA/YXBpLXZlcnNpb249MjAxOS0wOS0wMQ==",
      "RequestMethod": "PUT",
      "RequestBody": "{\r\n  \"properties\": {\r\n    \"publicIPAllocationMethod\": \"Dynamic\",\r\n    \"dnsSettings\": {\r\n      \"domainNameLabel\": \"dn1275\"\r\n    }\r\n  },\r\n  \"location\": \"eastus2\",\r\n  \"tags\": {\r\n    \"key\": \"value\"\r\n  }\r\n}",
      "RequestHeaders": {
        "x-ms-client-request-id": [
          "f4a7444f-66b0-4782-bff0-63a7a2941ddb"
        ],
        "Accept-Language": [
          "en-US"
        ],
        "User-Agent": [
          "FxVersion/4.6.30411.01",
          "OSName/Windows",
          "OSVersion/Microsoft.Windows.10.0.19043.",
          "Microsoft.Azure.Management.Network.NetworkManagementClient/19.17.1.0"
        ],
        "Content-Type": [
          "application/json; charset=utf-8"
        ],
        "Content-Length": [
          "201"
        ]
      },
      "ResponseHeaders": {
        "Cache-Control": [
          "no-cache"
        ],
        "Pragma": [
          "no-cache"
        ],
        "Retry-After": [
          "1"
        ],
        "x-ms-request-id": [
          "67884d9a-42c4-4d17-8850-df2a482c20ab"
        ],
        "Azure-AsyncOperation": [
          "https://management.azure.com/subscriptions/0296790d-427c-48ca-b204-8b729bbd8670/providers/Microsoft.Network/locations/eastus2/operations/67884d9a-42c4-4d17-8850-df2a482c20ab?api-version=2019-09-01"
        ],
        "x-ms-correlation-request-id": [
          "54fea529-85f2-4a72-a343-f45c2f912a93"
        ],
        "Azure-AsyncNotification": [
          "Enabled"
        ],
        "x-ms-arm-service-request-id": [
          "b3a026e6-a7a2-41cf-839a-f453eca26d7e"
        ],
        "Strict-Transport-Security": [
          "max-age=31536000; includeSubDomains"
        ],
        "Server": [
          "Microsoft-HTTPAPI/2.0",
          "Microsoft-HTTPAPI/2.0"
        ],
        "x-ms-ratelimit-remaining-subscription-writes": [
          "1199"
        ],
        "x-ms-routing-request-id": [
          "WESTUS:20210826T215659Z:54fea529-85f2-4a72-a343-f45c2f912a93"
        ],
        "X-Content-Type-Options": [
          "nosniff"
        ],
        "Date": [
          "Thu, 26 Aug 2021 21:56:58 GMT"
        ],
        "Content-Length": [
          "757"
        ],
        "Content-Type": [
          "application/json; charset=utf-8"
        ],
        "Expires": [
          "-1"
        ]
      },
      "ResponseBody": "{\r\n  \"name\": \"pip6710\",\r\n  \"id\": \"/subscriptions/0296790d-427c-48ca-b204-8b729bbd8670/resourceGroups/crptestar5561/providers/Microsoft.Network/publicIPAddresses/pip6710\",\r\n  \"etag\": \"W/\\\"a12a64ec-82d0-44f6-9cb0-995bd8d9ad54\\\"\",\r\n  \"location\": \"eastus2\",\r\n  \"tags\": {\r\n    \"key\": \"value\"\r\n  },\r\n  \"properties\": {\r\n    \"provisioningState\": \"Updating\",\r\n    \"resourceGuid\": \"ed01702b-4c27-4ecc-a042-5c1ea29063a4\",\r\n    \"publicIPAddressVersion\": \"IPv4\",\r\n    \"publicIPAllocationMethod\": \"Dynamic\",\r\n    \"idleTimeoutInMinutes\": 4,\r\n    \"dnsSettings\": {\r\n      \"domainNameLabel\": \"dn1275\",\r\n      \"fqdn\": \"dn1275.eastus2.cloudapp.azure.com\"\r\n    },\r\n    \"ipTags\": []\r\n  },\r\n  \"type\": \"Microsoft.Network/publicIPAddresses\",\r\n  \"sku\": {\r\n    \"name\": \"Basic\"\r\n  }\r\n}",
      "StatusCode": 201
    },
    {
      "RequestUri": "/subscriptions/0296790d-427c-48ca-b204-8b729bbd8670/providers/Microsoft.Network/locations/eastus2/operations/67884d9a-42c4-4d17-8850-df2a482c20ab?api-version=2019-09-01",
      "EncodedRequestUri": "L3N1YnNjcmlwdGlvbnMvMDI5Njc5MGQtNDI3Yy00OGNhLWIyMDQtOGI3MjliYmQ4NjcwL3Byb3ZpZGVycy9NaWNyb3NvZnQuTmV0d29yay9sb2NhdGlvbnMvZWFzdHVzMi9vcGVyYXRpb25zLzY3ODg0ZDlhLTQyYzQtNGQxNy04ODUwLWRmMmE0ODJjMjBhYj9hcGktdmVyc2lvbj0yMDE5LTA5LTAx",
      "RequestMethod": "GET",
      "RequestBody": "",
      "RequestHeaders": {
        "User-Agent": [
          "FxVersion/4.6.30411.01",
          "OSName/Windows",
          "OSVersion/Microsoft.Windows.10.0.19043.",
          "Microsoft.Azure.Management.Network.NetworkManagementClient/19.17.1.0"
        ]
      },
      "ResponseHeaders": {
        "Cache-Control": [
          "no-cache"
        ],
        "Pragma": [
          "no-cache"
        ],
        "x-ms-request-id": [
          "3242b520-24f6-442b-aee6-3cd54171df0e"
        ],
        "x-ms-correlation-request-id": [
          "4e404a19-57aa-42d6-a8d0-690a67fc7d1a"
        ],
        "x-ms-arm-service-request-id": [
          "679a4a33-3622-460e-9bfc-8f8f31d14fde"
        ],
        "Strict-Transport-Security": [
          "max-age=31536000; includeSubDomains"
        ],
        "Server": [
          "Microsoft-HTTPAPI/2.0",
          "Microsoft-HTTPAPI/2.0"
        ],
        "x-ms-ratelimit-remaining-subscription-reads": [
          "11999"
        ],
        "x-ms-routing-request-id": [
          "WESTUS:20210826T215700Z:4e404a19-57aa-42d6-a8d0-690a67fc7d1a"
        ],
        "X-Content-Type-Options": [
          "nosniff"
        ],
        "Date": [
          "Thu, 26 Aug 2021 21:57:00 GMT"
        ],
        "Content-Length": [
          "29"
        ],
        "Content-Type": [
          "application/json; charset=utf-8"
        ],
        "Expires": [
          "-1"
        ]
      },
      "ResponseBody": "{\r\n  \"status\": \"Succeeded\"\r\n}",
      "StatusCode": 200
    },
    {
      "RequestUri": "/subscriptions/0296790d-427c-48ca-b204-8b729bbd8670/resourceGroups/crptestar5561/providers/Microsoft.Network/publicIPAddresses/pip6710?api-version=2019-09-01",
      "EncodedRequestUri": "L3N1YnNjcmlwdGlvbnMvMDI5Njc5MGQtNDI3Yy00OGNhLWIyMDQtOGI3MjliYmQ4NjcwL3Jlc291cmNlR3JvdXBzL2NycHRlc3RhcjU1NjEvcHJvdmlkZXJzL01pY3Jvc29mdC5OZXR3b3JrL3B1YmxpY0lQQWRkcmVzc2VzL3BpcDY3MTA/YXBpLXZlcnNpb249MjAxOS0wOS0wMQ==",
      "RequestMethod": "GET",
      "RequestBody": "",
      "RequestHeaders": {
        "User-Agent": [
          "FxVersion/4.6.30411.01",
          "OSName/Windows",
          "OSVersion/Microsoft.Windows.10.0.19043.",
          "Microsoft.Azure.Management.Network.NetworkManagementClient/19.17.1.0"
        ]
      },
      "ResponseHeaders": {
        "Cache-Control": [
          "no-cache"
        ],
        "Pragma": [
          "no-cache"
        ],
        "ETag": [
          "W/\"ee1a60eb-e789-4f65-99cf-05f2ba52fc73\""
        ],
        "x-ms-request-id": [
          "f5d6b904-3c94-4f60-aa93-0e2c051bcf4f"
        ],
        "x-ms-correlation-request-id": [
          "acffc2c8-ce80-4887-bfde-0a2c47510835"
        ],
        "x-ms-arm-service-request-id": [
          "1f985bd4-9c9c-488b-b1e8-46c5539f7744"
        ],
        "Strict-Transport-Security": [
          "max-age=31536000; includeSubDomains"
        ],
        "Server": [
          "Microsoft-HTTPAPI/2.0",
          "Microsoft-HTTPAPI/2.0"
        ],
        "x-ms-ratelimit-remaining-subscription-reads": [
          "11998"
        ],
        "x-ms-routing-request-id": [
          "WESTUS:20210826T215700Z:acffc2c8-ce80-4887-bfde-0a2c47510835"
        ],
        "X-Content-Type-Options": [
          "nosniff"
        ],
        "Date": [
          "Thu, 26 Aug 2021 21:57:00 GMT"
        ],
        "Content-Length": [
          "758"
        ],
        "Content-Type": [
          "application/json; charset=utf-8"
        ],
        "Expires": [
          "-1"
        ]
      },
      "ResponseBody": "{\r\n  \"name\": \"pip6710\",\r\n  \"id\": \"/subscriptions/0296790d-427c-48ca-b204-8b729bbd8670/resourceGroups/crptestar5561/providers/Microsoft.Network/publicIPAddresses/pip6710\",\r\n  \"etag\": \"W/\\\"ee1a60eb-e789-4f65-99cf-05f2ba52fc73\\\"\",\r\n  \"location\": \"eastus2\",\r\n  \"tags\": {\r\n    \"key\": \"value\"\r\n  },\r\n  \"properties\": {\r\n    \"provisioningState\": \"Succeeded\",\r\n    \"resourceGuid\": \"ed01702b-4c27-4ecc-a042-5c1ea29063a4\",\r\n    \"publicIPAddressVersion\": \"IPv4\",\r\n    \"publicIPAllocationMethod\": \"Dynamic\",\r\n    \"idleTimeoutInMinutes\": 4,\r\n    \"dnsSettings\": {\r\n      \"domainNameLabel\": \"dn1275\",\r\n      \"fqdn\": \"dn1275.eastus2.cloudapp.azure.com\"\r\n    },\r\n    \"ipTags\": []\r\n  },\r\n  \"type\": \"Microsoft.Network/publicIPAddresses\",\r\n  \"sku\": {\r\n    \"name\": \"Basic\"\r\n  }\r\n}",
      "StatusCode": 200
    },
    {
      "RequestUri": "/subscriptions/0296790d-427c-48ca-b204-8b729bbd8670/resourceGroups/crptestar5561/providers/Microsoft.Network/publicIPAddresses/pip6710?api-version=2019-09-01",
      "EncodedRequestUri": "L3N1YnNjcmlwdGlvbnMvMDI5Njc5MGQtNDI3Yy00OGNhLWIyMDQtOGI3MjliYmQ4NjcwL3Jlc291cmNlR3JvdXBzL2NycHRlc3RhcjU1NjEvcHJvdmlkZXJzL01pY3Jvc29mdC5OZXR3b3JrL3B1YmxpY0lQQWRkcmVzc2VzL3BpcDY3MTA/YXBpLXZlcnNpb249MjAxOS0wOS0wMQ==",
      "RequestMethod": "GET",
      "RequestBody": "",
      "RequestHeaders": {
        "x-ms-client-request-id": [
          "08269071-70cc-4546-afec-59905318dc6a"
        ],
        "Accept-Language": [
          "en-US"
        ],
        "User-Agent": [
          "FxVersion/4.6.30411.01",
          "OSName/Windows",
          "OSVersion/Microsoft.Windows.10.0.19043.",
          "Microsoft.Azure.Management.Network.NetworkManagementClient/19.17.1.0"
        ]
      },
      "ResponseHeaders": {
        "Cache-Control": [
          "no-cache"
        ],
        "Pragma": [
          "no-cache"
        ],
        "ETag": [
          "W/\"ee1a60eb-e789-4f65-99cf-05f2ba52fc73\""
        ],
        "x-ms-request-id": [
          "ca48ea1d-c16e-4422-bb98-234c974308f5"
        ],
        "x-ms-correlation-request-id": [
          "c1b2513b-6d71-46fd-8d76-81fb4dbbf42e"
        ],
        "x-ms-arm-service-request-id": [
          "0ef2161c-a8c6-4b88-b613-0e2a94efacab"
        ],
        "Strict-Transport-Security": [
          "max-age=31536000; includeSubDomains"
        ],
        "Server": [
          "Microsoft-HTTPAPI/2.0",
          "Microsoft-HTTPAPI/2.0"
        ],
        "x-ms-ratelimit-remaining-subscription-reads": [
          "11997"
        ],
        "x-ms-routing-request-id": [
          "WESTUS:20210826T215700Z:c1b2513b-6d71-46fd-8d76-81fb4dbbf42e"
        ],
        "X-Content-Type-Options": [
          "nosniff"
        ],
        "Date": [
          "Thu, 26 Aug 2021 21:57:00 GMT"
        ],
        "Content-Length": [
          "758"
        ],
        "Content-Type": [
          "application/json; charset=utf-8"
        ],
        "Expires": [
          "-1"
        ]
      },
      "ResponseBody": "{\r\n  \"name\": \"pip6710\",\r\n  \"id\": \"/subscriptions/0296790d-427c-48ca-b204-8b729bbd8670/resourceGroups/crptestar5561/providers/Microsoft.Network/publicIPAddresses/pip6710\",\r\n  \"etag\": \"W/\\\"ee1a60eb-e789-4f65-99cf-05f2ba52fc73\\\"\",\r\n  \"location\": \"eastus2\",\r\n  \"tags\": {\r\n    \"key\": \"value\"\r\n  },\r\n  \"properties\": {\r\n    \"provisioningState\": \"Succeeded\",\r\n    \"resourceGuid\": \"ed01702b-4c27-4ecc-a042-5c1ea29063a4\",\r\n    \"publicIPAddressVersion\": \"IPv4\",\r\n    \"publicIPAllocationMethod\": \"Dynamic\",\r\n    \"idleTimeoutInMinutes\": 4,\r\n    \"dnsSettings\": {\r\n      \"domainNameLabel\": \"dn1275\",\r\n      \"fqdn\": \"dn1275.eastus2.cloudapp.azure.com\"\r\n    },\r\n    \"ipTags\": []\r\n  },\r\n  \"type\": \"Microsoft.Network/publicIPAddresses\",\r\n  \"sku\": {\r\n    \"name\": \"Basic\"\r\n  }\r\n}",
      "StatusCode": 200
    },
    {
      "RequestUri": "/subscriptions/0296790d-427c-48ca-b204-8b729bbd8670/resourceGroups/crptestar5561/providers/Microsoft.Network/virtualNetworks/vn2575?api-version=2019-09-01",
      "EncodedRequestUri": "L3N1YnNjcmlwdGlvbnMvMDI5Njc5MGQtNDI3Yy00OGNhLWIyMDQtOGI3MjliYmQ4NjcwL3Jlc291cmNlR3JvdXBzL2NycHRlc3RhcjU1NjEvcHJvdmlkZXJzL01pY3Jvc29mdC5OZXR3b3JrL3ZpcnR1YWxOZXR3b3Jrcy92bjI1NzU/YXBpLXZlcnNpb249MjAxOS0wOS0wMQ==",
      "RequestMethod": "PUT",
      "RequestBody": "{\r\n  \"properties\": {\r\n    \"addressSpace\": {\r\n      \"addressPrefixes\": [\r\n        \"10.0.0.0/16\"\r\n      ]\r\n    },\r\n    \"dhcpOptions\": {\r\n      \"dnsServers\": [\r\n        \"10.1.1.1\",\r\n        \"10.1.2.4\"\r\n      ]\r\n    },\r\n    \"subnets\": [\r\n      {\r\n        \"properties\": {\r\n          \"addressPrefix\": \"10.0.0.0/24\"\r\n        },\r\n        \"name\": \"sn5933\"\r\n      }\r\n    ]\r\n  },\r\n  \"location\": \"eastus2\"\r\n}",
      "RequestHeaders": {
        "x-ms-client-request-id": [
          "58e1c5b7-31b4-4f9a-ab75-8e39a1365dd8"
        ],
        "Accept-Language": [
          "en-US"
        ],
        "User-Agent": [
          "FxVersion/4.6.30411.01",
          "OSName/Windows",
          "OSVersion/Microsoft.Windows.10.0.19043.",
          "Microsoft.Azure.Management.Network.NetworkManagementClient/19.17.1.0"
        ],
        "Content-Type": [
          "application/json; charset=utf-8"
        ],
        "Content-Length": [
          "396"
        ]
      },
      "ResponseHeaders": {
        "Cache-Control": [
          "no-cache"
        ],
        "Pragma": [
          "no-cache"
        ],
        "Retry-After": [
          "3"
        ],
        "x-ms-request-id": [
          "bd638f18-5e31-45ec-8cac-375ecdd0a5a8"
        ],
        "Azure-AsyncOperation": [
          "https://management.azure.com/subscriptions/0296790d-427c-48ca-b204-8b729bbd8670/providers/Microsoft.Network/locations/eastus2/operations/bd638f18-5e31-45ec-8cac-375ecdd0a5a8?api-version=2019-09-01"
        ],
        "x-ms-correlation-request-id": [
          "df29a6b5-8f95-4c6e-adfc-51bbbce3517e"
        ],
        "Azure-AsyncNotification": [
          "Enabled"
        ],
        "x-ms-arm-service-request-id": [
          "df759b14-61ff-4e9a-a388-b9e5d2b48ac5"
        ],
        "Strict-Transport-Security": [
          "max-age=31536000; includeSubDomains"
        ],
        "Server": [
          "Microsoft-HTTPAPI/2.0",
          "Microsoft-HTTPAPI/2.0"
        ],
        "x-ms-ratelimit-remaining-subscription-writes": [
          "1198"
        ],
        "x-ms-routing-request-id": [
          "WESTUS:20210826T215702Z:df29a6b5-8f95-4c6e-adfc-51bbbce3517e"
        ],
        "X-Content-Type-Options": [
          "nosniff"
        ],
        "Date": [
          "Thu, 26 Aug 2021 21:57:02 GMT"
        ],
        "Content-Length": [
          "1315"
        ],
        "Content-Type": [
          "application/json; charset=utf-8"
        ],
        "Expires": [
          "-1"
        ]
      },
      "ResponseBody": "{\r\n  \"name\": \"vn2575\",\r\n  \"id\": \"/subscriptions/0296790d-427c-48ca-b204-8b729bbd8670/resourceGroups/crptestar5561/providers/Microsoft.Network/virtualNetworks/vn2575\",\r\n  \"etag\": \"W/\\\"1afd758f-0253-4aba-8155-fd95acdb9e9c\\\"\",\r\n  \"type\": \"Microsoft.Network/virtualNetworks\",\r\n  \"location\": \"eastus2\",\r\n  \"properties\": {\r\n    \"provisioningState\": \"Updating\",\r\n    \"resourceGuid\": \"ea8025fb-6d12-4ad1-9c79-1a2d8cf6d13b\",\r\n    \"addressSpace\": {\r\n      \"addressPrefixes\": [\r\n        \"10.0.0.0/16\"\r\n      ]\r\n    },\r\n    \"dhcpOptions\": {\r\n      \"dnsServers\": [\r\n        \"10.1.1.1\",\r\n        \"10.1.2.4\"\r\n      ]\r\n    },\r\n    \"subnets\": [\r\n      {\r\n        \"name\": \"sn5933\",\r\n        \"id\": \"/subscriptions/0296790d-427c-48ca-b204-8b729bbd8670/resourceGroups/crptestar5561/providers/Microsoft.Network/virtualNetworks/vn2575/subnets/sn5933\",\r\n        \"etag\": \"W/\\\"1afd758f-0253-4aba-8155-fd95acdb9e9c\\\"\",\r\n        \"properties\": {\r\n          \"provisioningState\": \"Updating\",\r\n          \"addressPrefix\": \"10.0.0.0/24\",\r\n          \"delegations\": [],\r\n          \"privateEndpointNetworkPolicies\": \"Enabled\",\r\n          \"privateLinkServiceNetworkPolicies\": \"Enabled\"\r\n        },\r\n        \"type\": \"Microsoft.Network/virtualNetworks/subnets\"\r\n      }\r\n    ],\r\n    \"virtualNetworkPeerings\": [],\r\n    \"enableDdosProtection\": false\r\n  }\r\n}",
      "StatusCode": 201
    },
    {
      "RequestUri": "/subscriptions/0296790d-427c-48ca-b204-8b729bbd8670/providers/Microsoft.Network/locations/eastus2/operations/bd638f18-5e31-45ec-8cac-375ecdd0a5a8?api-version=2019-09-01",
      "EncodedRequestUri": "L3N1YnNjcmlwdGlvbnMvMDI5Njc5MGQtNDI3Yy00OGNhLWIyMDQtOGI3MjliYmQ4NjcwL3Byb3ZpZGVycy9NaWNyb3NvZnQuTmV0d29yay9sb2NhdGlvbnMvZWFzdHVzMi9vcGVyYXRpb25zL2JkNjM4ZjE4LTVlMzEtNDVlYy04Y2FjLTM3NWVjZGQwYTVhOD9hcGktdmVyc2lvbj0yMDE5LTA5LTAx",
      "RequestMethod": "GET",
      "RequestBody": "",
      "RequestHeaders": {
        "User-Agent": [
          "FxVersion/4.6.30411.01",
          "OSName/Windows",
          "OSVersion/Microsoft.Windows.10.0.19043.",
          "Microsoft.Azure.Management.Network.NetworkManagementClient/19.17.1.0"
        ]
      },
      "ResponseHeaders": {
        "Cache-Control": [
          "no-cache"
        ],
        "Pragma": [
          "no-cache"
        ],
        "x-ms-request-id": [
          "afbc7aa6-7e4c-43d1-a9ad-b42efe880489"
        ],
        "x-ms-correlation-request-id": [
          "c17fda23-2bf8-4032-aae2-d89a2e2ac0d2"
        ],
        "x-ms-arm-service-request-id": [
          "8877cf55-9fca-4317-a7c4-92d4d895866d"
        ],
        "Strict-Transport-Security": [
          "max-age=31536000; includeSubDomains"
        ],
        "Server": [
          "Microsoft-HTTPAPI/2.0",
          "Microsoft-HTTPAPI/2.0"
        ],
        "x-ms-ratelimit-remaining-subscription-reads": [
          "11996"
        ],
        "x-ms-routing-request-id": [
          "WESTUS:20210826T215705Z:c17fda23-2bf8-4032-aae2-d89a2e2ac0d2"
        ],
        "X-Content-Type-Options": [
          "nosniff"
        ],
        "Date": [
          "Thu, 26 Aug 2021 21:57:05 GMT"
        ],
        "Content-Length": [
          "29"
        ],
        "Content-Type": [
          "application/json; charset=utf-8"
        ],
        "Expires": [
          "-1"
        ]
      },
      "ResponseBody": "{\r\n  \"status\": \"Succeeded\"\r\n}",
      "StatusCode": 200
    },
    {
      "RequestUri": "/subscriptions/0296790d-427c-48ca-b204-8b729bbd8670/resourceGroups/crptestar5561/providers/Microsoft.Network/virtualNetworks/vn2575?api-version=2019-09-01",
      "EncodedRequestUri": "L3N1YnNjcmlwdGlvbnMvMDI5Njc5MGQtNDI3Yy00OGNhLWIyMDQtOGI3MjliYmQ4NjcwL3Jlc291cmNlR3JvdXBzL2NycHRlc3RhcjU1NjEvcHJvdmlkZXJzL01pY3Jvc29mdC5OZXR3b3JrL3ZpcnR1YWxOZXR3b3Jrcy92bjI1NzU/YXBpLXZlcnNpb249MjAxOS0wOS0wMQ==",
      "RequestMethod": "GET",
      "RequestBody": "",
      "RequestHeaders": {
        "User-Agent": [
          "FxVersion/4.6.30411.01",
          "OSName/Windows",
          "OSVersion/Microsoft.Windows.10.0.19043.",
          "Microsoft.Azure.Management.Network.NetworkManagementClient/19.17.1.0"
        ]
      },
      "ResponseHeaders": {
        "Cache-Control": [
          "no-cache"
        ],
        "Pragma": [
          "no-cache"
        ],
        "ETag": [
          "W/\"9b592dd3-c915-4be3-a380-5871e8150166\""
        ],
        "x-ms-request-id": [
          "e2bc8e58-a8c6-4345-af53-a4f02afea753"
        ],
        "x-ms-correlation-request-id": [
          "71a29e82-9bed-4a45-a8f0-10ae573f1dce"
        ],
        "x-ms-arm-service-request-id": [
          "aba8603a-e1b8-4ea8-bf5a-50522cbd9819"
        ],
        "Strict-Transport-Security": [
          "max-age=31536000; includeSubDomains"
        ],
        "Server": [
          "Microsoft-HTTPAPI/2.0",
          "Microsoft-HTTPAPI/2.0"
        ],
        "x-ms-ratelimit-remaining-subscription-reads": [
          "11995"
        ],
        "x-ms-routing-request-id": [
          "WESTUS:20210826T215705Z:71a29e82-9bed-4a45-a8f0-10ae573f1dce"
        ],
        "X-Content-Type-Options": [
          "nosniff"
        ],
        "Date": [
          "Thu, 26 Aug 2021 21:57:05 GMT"
        ],
        "Content-Length": [
          "1317"
        ],
        "Content-Type": [
          "application/json; charset=utf-8"
        ],
        "Expires": [
          "-1"
        ]
      },
      "ResponseBody": "{\r\n  \"name\": \"vn2575\",\r\n  \"id\": \"/subscriptions/0296790d-427c-48ca-b204-8b729bbd8670/resourceGroups/crptestar5561/providers/Microsoft.Network/virtualNetworks/vn2575\",\r\n  \"etag\": \"W/\\\"9b592dd3-c915-4be3-a380-5871e8150166\\\"\",\r\n  \"type\": \"Microsoft.Network/virtualNetworks\",\r\n  \"location\": \"eastus2\",\r\n  \"properties\": {\r\n    \"provisioningState\": \"Succeeded\",\r\n    \"resourceGuid\": \"ea8025fb-6d12-4ad1-9c79-1a2d8cf6d13b\",\r\n    \"addressSpace\": {\r\n      \"addressPrefixes\": [\r\n        \"10.0.0.0/16\"\r\n      ]\r\n    },\r\n    \"dhcpOptions\": {\r\n      \"dnsServers\": [\r\n        \"10.1.1.1\",\r\n        \"10.1.2.4\"\r\n      ]\r\n    },\r\n    \"subnets\": [\r\n      {\r\n        \"name\": \"sn5933\",\r\n        \"id\": \"/subscriptions/0296790d-427c-48ca-b204-8b729bbd8670/resourceGroups/crptestar5561/providers/Microsoft.Network/virtualNetworks/vn2575/subnets/sn5933\",\r\n        \"etag\": \"W/\\\"9b592dd3-c915-4be3-a380-5871e8150166\\\"\",\r\n        \"properties\": {\r\n          \"provisioningState\": \"Succeeded\",\r\n          \"addressPrefix\": \"10.0.0.0/24\",\r\n          \"delegations\": [],\r\n          \"privateEndpointNetworkPolicies\": \"Enabled\",\r\n          \"privateLinkServiceNetworkPolicies\": \"Enabled\"\r\n        },\r\n        \"type\": \"Microsoft.Network/virtualNetworks/subnets\"\r\n      }\r\n    ],\r\n    \"virtualNetworkPeerings\": [],\r\n    \"enableDdosProtection\": false\r\n  }\r\n}",
      "StatusCode": 200
    },
    {
      "RequestUri": "/subscriptions/0296790d-427c-48ca-b204-8b729bbd8670/resourceGroups/crptestar5561/providers/Microsoft.Network/virtualNetworks/vn2575/subnets/sn5933?api-version=2019-09-01",
      "EncodedRequestUri": "L3N1YnNjcmlwdGlvbnMvMDI5Njc5MGQtNDI3Yy00OGNhLWIyMDQtOGI3MjliYmQ4NjcwL3Jlc291cmNlR3JvdXBzL2NycHRlc3RhcjU1NjEvcHJvdmlkZXJzL01pY3Jvc29mdC5OZXR3b3JrL3ZpcnR1YWxOZXR3b3Jrcy92bjI1NzUvc3VibmV0cy9zbjU5MzM/YXBpLXZlcnNpb249MjAxOS0wOS0wMQ==",
      "RequestMethod": "GET",
      "RequestBody": "",
      "RequestHeaders": {
        "x-ms-client-request-id": [
          "8e7f2aef-608e-4ff5-970a-319ef945bcc5"
        ],
        "Accept-Language": [
          "en-US"
        ],
        "User-Agent": [
          "FxVersion/4.6.30411.01",
          "OSName/Windows",
          "OSVersion/Microsoft.Windows.10.0.19043.",
          "Microsoft.Azure.Management.Network.NetworkManagementClient/19.17.1.0"
        ]
      },
      "ResponseHeaders": {
        "Cache-Control": [
          "no-cache"
        ],
        "Pragma": [
          "no-cache"
        ],
        "ETag": [
          "W/\"9b592dd3-c915-4be3-a380-5871e8150166\""
        ],
        "x-ms-request-id": [
          "9aa34fae-e4f3-4222-854b-734b88d09517"
        ],
        "x-ms-correlation-request-id": [
          "8a4a8dcf-1b62-4c94-a655-c3223071c9c4"
        ],
        "x-ms-arm-service-request-id": [
          "09e0e16d-4068-4b6d-a98c-64f1436b41d4"
        ],
        "Strict-Transport-Security": [
          "max-age=31536000; includeSubDomains"
        ],
        "Server": [
          "Microsoft-HTTPAPI/2.0",
          "Microsoft-HTTPAPI/2.0"
        ],
        "x-ms-ratelimit-remaining-subscription-reads": [
          "11994"
        ],
        "x-ms-routing-request-id": [
          "WESTUS:20210826T215705Z:8a4a8dcf-1b62-4c94-a655-c3223071c9c4"
        ],
        "X-Content-Type-Options": [
          "nosniff"
        ],
        "Date": [
          "Thu, 26 Aug 2021 21:57:05 GMT"
        ],
        "Content-Length": [
          "523"
        ],
        "Content-Type": [
          "application/json; charset=utf-8"
        ],
        "Expires": [
          "-1"
        ]
      },
      "ResponseBody": "{\r\n  \"name\": \"sn5933\",\r\n  \"id\": \"/subscriptions/0296790d-427c-48ca-b204-8b729bbd8670/resourceGroups/crptestar5561/providers/Microsoft.Network/virtualNetworks/vn2575/subnets/sn5933\",\r\n  \"etag\": \"W/\\\"9b592dd3-c915-4be3-a380-5871e8150166\\\"\",\r\n  \"properties\": {\r\n    \"provisioningState\": \"Succeeded\",\r\n    \"addressPrefix\": \"10.0.0.0/24\",\r\n    \"delegations\": [],\r\n    \"privateEndpointNetworkPolicies\": \"Enabled\",\r\n    \"privateLinkServiceNetworkPolicies\": \"Enabled\"\r\n  },\r\n  \"type\": \"Microsoft.Network/virtualNetworks/subnets\"\r\n}",
      "StatusCode": 200
    },
    {
      "RequestUri": "/subscriptions/0296790d-427c-48ca-b204-8b729bbd8670/resourceGroups/crptestar5561/providers/Microsoft.Network/networkInterfaces/nic5895?api-version=2019-09-01",
      "EncodedRequestUri": "L3N1YnNjcmlwdGlvbnMvMDI5Njc5MGQtNDI3Yy00OGNhLWIyMDQtOGI3MjliYmQ4NjcwL3Jlc291cmNlR3JvdXBzL2NycHRlc3RhcjU1NjEvcHJvdmlkZXJzL01pY3Jvc29mdC5OZXR3b3JrL25ldHdvcmtJbnRlcmZhY2VzL25pYzU4OTU/YXBpLXZlcnNpb249MjAxOS0wOS0wMQ==",
      "RequestMethod": "PUT",
      "RequestBody": "{\r\n  \"properties\": {\r\n    \"ipConfigurations\": [\r\n      {\r\n        \"properties\": {\r\n          \"privateIPAllocationMethod\": \"Dynamic\",\r\n          \"subnet\": {\r\n            \"properties\": {\r\n              \"addressPrefix\": \"10.0.0.0/24\",\r\n              \"delegations\": [],\r\n              \"privateEndpointNetworkPolicies\": \"Enabled\",\r\n              \"privateLinkServiceNetworkPolicies\": \"Enabled\"\r\n            },\r\n            \"name\": \"sn5933\",\r\n            \"id\": \"/subscriptions/0296790d-427c-48ca-b204-8b729bbd8670/resourceGroups/crptestar5561/providers/Microsoft.Network/virtualNetworks/vn2575/subnets/sn5933\"\r\n          }\r\n        },\r\n        \"name\": \"ip8690\"\r\n      }\r\n    ]\r\n  },\r\n  \"location\": \"eastus2\",\r\n  \"tags\": {\r\n    \"key\": \"value\"\r\n  }\r\n}",
      "RequestHeaders": {
        "x-ms-client-request-id": [
          "1d7dc827-6b5d-461b-b032-d18ea81b7e1c"
        ],
        "Accept-Language": [
          "en-US"
        ],
        "User-Agent": [
          "FxVersion/4.6.30411.01",
          "OSName/Windows",
          "OSVersion/Microsoft.Windows.10.0.19043.",
          "Microsoft.Azure.Management.Network.NetworkManagementClient/19.17.1.0"
        ],
        "Content-Type": [
          "application/json; charset=utf-8"
        ],
        "Content-Length": [
          "742"
        ]
      },
      "ResponseHeaders": {
        "Cache-Control": [
          "no-cache"
        ],
        "Pragma": [
          "no-cache"
        ],
        "x-ms-request-id": [
          "7ac25585-5550-4b03-b403-aceccb46be9c"
        ],
        "Azure-AsyncOperation": [
          "https://management.azure.com/subscriptions/0296790d-427c-48ca-b204-8b729bbd8670/providers/Microsoft.Network/locations/eastus2/operations/7ac25585-5550-4b03-b403-aceccb46be9c?api-version=2019-09-01"
        ],
        "x-ms-correlation-request-id": [
          "287c80bc-1ef5-4d74-bf24-587fd4c1d07d"
        ],
        "Azure-AsyncNotification": [
          "Enabled"
        ],
        "x-ms-arm-service-request-id": [
          "225b54e7-cf24-4863-a5ff-5b67ebf04bac"
        ],
        "Strict-Transport-Security": [
          "max-age=31536000; includeSubDomains"
        ],
        "Server": [
          "Microsoft-HTTPAPI/2.0",
          "Microsoft-HTTPAPI/2.0"
        ],
        "x-ms-ratelimit-remaining-subscription-writes": [
          "1197"
        ],
        "x-ms-routing-request-id": [
          "WESTUS:20210826T215707Z:287c80bc-1ef5-4d74-bf24-587fd4c1d07d"
        ],
        "X-Content-Type-Options": [
          "nosniff"
        ],
        "Date": [
          "Thu, 26 Aug 2021 21:57:07 GMT"
        ],
        "Content-Length": [
          "1625"
        ],
        "Content-Type": [
          "application/json; charset=utf-8"
        ],
        "Expires": [
          "-1"
        ]
      },
      "ResponseBody": "{\r\n  \"name\": \"nic5895\",\r\n  \"id\": \"/subscriptions/0296790d-427c-48ca-b204-8b729bbd8670/resourceGroups/crptestar5561/providers/Microsoft.Network/networkInterfaces/nic5895\",\r\n  \"etag\": \"W/\\\"4758b8a4-cbc2-4c49-839e-e77ee7906a51\\\"\",\r\n  \"location\": \"eastus2\",\r\n  \"tags\": {\r\n    \"key\": \"value\"\r\n  },\r\n  \"properties\": {\r\n    \"provisioningState\": \"Succeeded\",\r\n    \"resourceGuid\": \"f4d513c6-6974-4592-9a41-825c07325097\",\r\n    \"ipConfigurations\": [\r\n      {\r\n        \"name\": \"ip8690\",\r\n        \"id\": \"/subscriptions/0296790d-427c-48ca-b204-8b729bbd8670/resourceGroups/crptestar5561/providers/Microsoft.Network/networkInterfaces/nic5895/ipConfigurations/ip8690\",\r\n        \"etag\": \"W/\\\"4758b8a4-cbc2-4c49-839e-e77ee7906a51\\\"\",\r\n        \"type\": \"Microsoft.Network/networkInterfaces/ipConfigurations\",\r\n        \"properties\": {\r\n          \"provisioningState\": \"Succeeded\",\r\n          \"privateIPAddress\": \"10.0.0.4\",\r\n          \"privateIPAllocationMethod\": \"Dynamic\",\r\n          \"subnet\": {\r\n            \"id\": \"/subscriptions/0296790d-427c-48ca-b204-8b729bbd8670/resourceGroups/crptestar5561/providers/Microsoft.Network/virtualNetworks/vn2575/subnets/sn5933\"\r\n          },\r\n          \"primary\": true,\r\n          \"privateIPAddressVersion\": \"IPv4\"\r\n        }\r\n      }\r\n    ],\r\n    \"dnsSettings\": {\r\n      \"dnsServers\": [],\r\n      \"appliedDnsServers\": [],\r\n      \"internalDomainNameSuffix\": \"5msyb0qsnxiuvhdzdiwyz3wrhd.cx.internal.cloudapp.net\"\r\n    },\r\n    \"enableAcceleratedNetworking\": false,\r\n    \"enableIPForwarding\": false,\r\n    \"hostedWorkloads\": [],\r\n    \"tapConfigurations\": []\r\n  },\r\n  \"type\": \"Microsoft.Network/networkInterfaces\"\r\n}",
      "StatusCode": 201
    },
    {
      "RequestUri": "/subscriptions/0296790d-427c-48ca-b204-8b729bbd8670/resourceGroups/crptestar5561/providers/Microsoft.Network/networkInterfaces/nic5895?api-version=2019-09-01",
      "EncodedRequestUri": "L3N1YnNjcmlwdGlvbnMvMDI5Njc5MGQtNDI3Yy00OGNhLWIyMDQtOGI3MjliYmQ4NjcwL3Jlc291cmNlR3JvdXBzL2NycHRlc3RhcjU1NjEvcHJvdmlkZXJzL01pY3Jvc29mdC5OZXR3b3JrL25ldHdvcmtJbnRlcmZhY2VzL25pYzU4OTU/YXBpLXZlcnNpb249MjAxOS0wOS0wMQ==",
      "RequestMethod": "GET",
      "RequestBody": "",
      "RequestHeaders": {
        "User-Agent": [
          "FxVersion/4.6.30411.01",
          "OSName/Windows",
          "OSVersion/Microsoft.Windows.10.0.19043.",
          "Microsoft.Azure.Management.Network.NetworkManagementClient/19.17.1.0"
        ]
      },
      "ResponseHeaders": {
        "Cache-Control": [
          "no-cache"
        ],
        "Pragma": [
          "no-cache"
        ],
        "ETag": [
          "W/\"4758b8a4-cbc2-4c49-839e-e77ee7906a51\""
        ],
        "x-ms-request-id": [
          "2e4eda7a-b60b-41ab-b3ab-3e1bd315a184"
        ],
        "x-ms-correlation-request-id": [
          "ba8e9514-3539-4e5b-b37a-5443dec02049"
        ],
        "x-ms-arm-service-request-id": [
          "92bd8c91-0c10-45b2-947b-129d4a0ae042"
        ],
        "Strict-Transport-Security": [
          "max-age=31536000; includeSubDomains"
        ],
        "Server": [
          "Microsoft-HTTPAPI/2.0",
          "Microsoft-HTTPAPI/2.0"
        ],
        "x-ms-ratelimit-remaining-subscription-reads": [
          "11993"
        ],
        "x-ms-routing-request-id": [
          "WESTUS:20210826T215707Z:ba8e9514-3539-4e5b-b37a-5443dec02049"
        ],
        "X-Content-Type-Options": [
          "nosniff"
        ],
        "Date": [
          "Thu, 26 Aug 2021 21:57:07 GMT"
        ],
        "Content-Length": [
          "1625"
        ],
        "Content-Type": [
          "application/json; charset=utf-8"
        ],
        "Expires": [
          "-1"
        ]
      },
      "ResponseBody": "{\r\n  \"name\": \"nic5895\",\r\n  \"id\": \"/subscriptions/0296790d-427c-48ca-b204-8b729bbd8670/resourceGroups/crptestar5561/providers/Microsoft.Network/networkInterfaces/nic5895\",\r\n  \"etag\": \"W/\\\"4758b8a4-cbc2-4c49-839e-e77ee7906a51\\\"\",\r\n  \"location\": \"eastus2\",\r\n  \"tags\": {\r\n    \"key\": \"value\"\r\n  },\r\n  \"properties\": {\r\n    \"provisioningState\": \"Succeeded\",\r\n    \"resourceGuid\": \"f4d513c6-6974-4592-9a41-825c07325097\",\r\n    \"ipConfigurations\": [\r\n      {\r\n        \"name\": \"ip8690\",\r\n        \"id\": \"/subscriptions/0296790d-427c-48ca-b204-8b729bbd8670/resourceGroups/crptestar5561/providers/Microsoft.Network/networkInterfaces/nic5895/ipConfigurations/ip8690\",\r\n        \"etag\": \"W/\\\"4758b8a4-cbc2-4c49-839e-e77ee7906a51\\\"\",\r\n        \"type\": \"Microsoft.Network/networkInterfaces/ipConfigurations\",\r\n        \"properties\": {\r\n          \"provisioningState\": \"Succeeded\",\r\n          \"privateIPAddress\": \"10.0.0.4\",\r\n          \"privateIPAllocationMethod\": \"Dynamic\",\r\n          \"subnet\": {\r\n            \"id\": \"/subscriptions/0296790d-427c-48ca-b204-8b729bbd8670/resourceGroups/crptestar5561/providers/Microsoft.Network/virtualNetworks/vn2575/subnets/sn5933\"\r\n          },\r\n          \"primary\": true,\r\n          \"privateIPAddressVersion\": \"IPv4\"\r\n        }\r\n      }\r\n    ],\r\n    \"dnsSettings\": {\r\n      \"dnsServers\": [],\r\n      \"appliedDnsServers\": [],\r\n      \"internalDomainNameSuffix\": \"5msyb0qsnxiuvhdzdiwyz3wrhd.cx.internal.cloudapp.net\"\r\n    },\r\n    \"enableAcceleratedNetworking\": false,\r\n    \"enableIPForwarding\": false,\r\n    \"hostedWorkloads\": [],\r\n    \"tapConfigurations\": []\r\n  },\r\n  \"type\": \"Microsoft.Network/networkInterfaces\"\r\n}",
      "StatusCode": 200
    },
    {
      "RequestUri": "/subscriptions/0296790d-427c-48ca-b204-8b729bbd8670/resourceGroups/crptestar5561/providers/Microsoft.Network/networkInterfaces/nic5895?api-version=2019-09-01",
      "EncodedRequestUri": "L3N1YnNjcmlwdGlvbnMvMDI5Njc5MGQtNDI3Yy00OGNhLWIyMDQtOGI3MjliYmQ4NjcwL3Jlc291cmNlR3JvdXBzL2NycHRlc3RhcjU1NjEvcHJvdmlkZXJzL01pY3Jvc29mdC5OZXR3b3JrL25ldHdvcmtJbnRlcmZhY2VzL25pYzU4OTU/YXBpLXZlcnNpb249MjAxOS0wOS0wMQ==",
      "RequestMethod": "GET",
      "RequestBody": "",
      "RequestHeaders": {
        "x-ms-client-request-id": [
          "fdc63a8c-83b6-4857-877d-e3dca04add85"
        ],
        "Accept-Language": [
          "en-US"
        ],
        "User-Agent": [
          "FxVersion/4.6.30411.01",
          "OSName/Windows",
          "OSVersion/Microsoft.Windows.10.0.19043.",
          "Microsoft.Azure.Management.Network.NetworkManagementClient/19.17.1.0"
        ]
      },
      "ResponseHeaders": {
        "Cache-Control": [
          "no-cache"
        ],
        "Pragma": [
          "no-cache"
        ],
        "ETag": [
          "W/\"4758b8a4-cbc2-4c49-839e-e77ee7906a51\""
        ],
        "x-ms-request-id": [
          "3e58f025-2aea-42ee-8533-6ade0c4a6ca3"
        ],
        "x-ms-correlation-request-id": [
          "5e7acf31-1878-4d63-b4b2-db0eb1f65a1d"
        ],
        "x-ms-arm-service-request-id": [
          "3cb73005-0742-4bdb-8b6f-3ad6e3ead897"
        ],
        "Strict-Transport-Security": [
          "max-age=31536000; includeSubDomains"
        ],
        "Server": [
          "Microsoft-HTTPAPI/2.0",
          "Microsoft-HTTPAPI/2.0"
        ],
        "x-ms-ratelimit-remaining-subscription-reads": [
          "11992"
        ],
        "x-ms-routing-request-id": [
          "WESTUS:20210826T215707Z:5e7acf31-1878-4d63-b4b2-db0eb1f65a1d"
        ],
        "X-Content-Type-Options": [
          "nosniff"
        ],
        "Date": [
          "Thu, 26 Aug 2021 21:57:07 GMT"
        ],
        "Content-Length": [
          "1625"
        ],
        "Content-Type": [
          "application/json; charset=utf-8"
        ],
        "Expires": [
          "-1"
        ]
      },
      "ResponseBody": "{\r\n  \"name\": \"nic5895\",\r\n  \"id\": \"/subscriptions/0296790d-427c-48ca-b204-8b729bbd8670/resourceGroups/crptestar5561/providers/Microsoft.Network/networkInterfaces/nic5895\",\r\n  \"etag\": \"W/\\\"4758b8a4-cbc2-4c49-839e-e77ee7906a51\\\"\",\r\n  \"location\": \"eastus2\",\r\n  \"tags\": {\r\n    \"key\": \"value\"\r\n  },\r\n  \"properties\": {\r\n    \"provisioningState\": \"Succeeded\",\r\n    \"resourceGuid\": \"f4d513c6-6974-4592-9a41-825c07325097\",\r\n    \"ipConfigurations\": [\r\n      {\r\n        \"name\": \"ip8690\",\r\n        \"id\": \"/subscriptions/0296790d-427c-48ca-b204-8b729bbd8670/resourceGroups/crptestar5561/providers/Microsoft.Network/networkInterfaces/nic5895/ipConfigurations/ip8690\",\r\n        \"etag\": \"W/\\\"4758b8a4-cbc2-4c49-839e-e77ee7906a51\\\"\",\r\n        \"type\": \"Microsoft.Network/networkInterfaces/ipConfigurations\",\r\n        \"properties\": {\r\n          \"provisioningState\": \"Succeeded\",\r\n          \"privateIPAddress\": \"10.0.0.4\",\r\n          \"privateIPAllocationMethod\": \"Dynamic\",\r\n          \"subnet\": {\r\n            \"id\": \"/subscriptions/0296790d-427c-48ca-b204-8b729bbd8670/resourceGroups/crptestar5561/providers/Microsoft.Network/virtualNetworks/vn2575/subnets/sn5933\"\r\n          },\r\n          \"primary\": true,\r\n          \"privateIPAddressVersion\": \"IPv4\"\r\n        }\r\n      }\r\n    ],\r\n    \"dnsSettings\": {\r\n      \"dnsServers\": [],\r\n      \"appliedDnsServers\": [],\r\n      \"internalDomainNameSuffix\": \"5msyb0qsnxiuvhdzdiwyz3wrhd.cx.internal.cloudapp.net\"\r\n    },\r\n    \"enableAcceleratedNetworking\": false,\r\n    \"enableIPForwarding\": false,\r\n    \"hostedWorkloads\": [],\r\n    \"tapConfigurations\": []\r\n  },\r\n  \"type\": \"Microsoft.Network/networkInterfaces\"\r\n}",
      "StatusCode": 200
    },
    {
      "RequestUri": "/subscriptions/0296790d-427c-48ca-b204-8b729bbd8670/resourceGroups/crptestar5561/providers/Microsoft.Compute/availabilitySets/as7695?api-version=2021-07-01",
      "EncodedRequestUri": "L3N1YnNjcmlwdGlvbnMvMDI5Njc5MGQtNDI3Yy00OGNhLWIyMDQtOGI3MjliYmQ4NjcwL3Jlc291cmNlR3JvdXBzL2NycHRlc3RhcjU1NjEvcHJvdmlkZXJzL01pY3Jvc29mdC5Db21wdXRlL2F2YWlsYWJpbGl0eVNldHMvYXM3Njk1P2FwaS12ZXJzaW9uPTIwMjEtMDctMDE=",
      "RequestMethod": "PUT",
      "RequestBody": "{\r\n  \"properties\": {\r\n    \"platformUpdateDomainCount\": 5,\r\n    \"platformFaultDomainCount\": 3\r\n  },\r\n  \"sku\": {\r\n    \"name\": \"Classic\"\r\n  },\r\n  \"location\": \"eastus2\",\r\n  \"tags\": {\r\n    \"RG\": \"rg\",\r\n    \"testTag\": \"1\"\r\n  }\r\n}",
      "RequestHeaders": {
        "x-ms-client-request-id": [
          "3bc82260-8abe-4a83-8107-a2f9cdcf68bb"
        ],
        "Accept-Language": [
          "en-US"
        ],
        "User-Agent": [
          "FxVersion/4.6.30411.01",
          "OSName/Windows",
          "OSVersion/Microsoft.Windows.10.0.19043.",
          "Microsoft.Azure.Management.Compute.ComputeManagementClient/48.0.0"
        ],
        "Content-Type": [
          "application/json; charset=utf-8"
        ],
        "Content-Length": [
          "223"
        ]
      },
      "ResponseHeaders": {
        "Cache-Control": [
          "no-cache"
        ],
        "Pragma": [
          "no-cache"
        ],
        "x-ms-ratelimit-remaining-resource": [
          "Microsoft.Compute/PutVM3Min;239,Microsoft.Compute/PutVM30Min;1199"
        ],
        "Strict-Transport-Security": [
          "max-age=31536000; includeSubDomains"
        ],
        "x-ms-request-id": [
          "06a3ab9a-93e9-4723-ae03-08281b2eea12"
        ],
        "Server": [
          "Microsoft-HTTPAPI/2.0",
          "Microsoft-HTTPAPI/2.0"
        ],
        "x-ms-ratelimit-remaining-subscription-writes": [
          "1198"
        ],
        "x-ms-correlation-request-id": [
          "99323fd4-13dd-483e-8b1f-6fd7742e18cf"
        ],
        "x-ms-routing-request-id": [
          "WESTCENTRALUS:20210826T215710Z:99323fd4-13dd-483e-8b1f-6fd7742e18cf"
        ],
        "X-Content-Type-Options": [
          "nosniff"
        ],
        "Date": [
          "Thu, 26 Aug 2021 21:57:10 GMT"
        ],
        "Content-Length": [
          "438"
        ],
        "Content-Type": [
          "application/json; charset=utf-8"
        ],
        "Expires": [
          "-1"
        ]
      },
      "ResponseBody": "{\r\n  \"name\": \"as7695\",\r\n  \"id\": \"/subscriptions/0296790d-427c-48ca-b204-8b729bbd8670/resourceGroups/crptestar5561/providers/Microsoft.Compute/availabilitySets/as7695\",\r\n  \"type\": \"Microsoft.Compute/availabilitySets\",\r\n  \"location\": \"eastus2\",\r\n  \"tags\": {\r\n    \"RG\": \"rg\",\r\n    \"testTag\": \"1\"\r\n  },\r\n  \"properties\": {\r\n    \"platformUpdateDomainCount\": 5,\r\n    \"platformFaultDomainCount\": 3\r\n  },\r\n  \"sku\": {\r\n    \"name\": \"Classic\"\r\n  }\r\n}",
      "StatusCode": 200
    },
    {
      "RequestUri": "/subscriptions/0296790d-427c-48ca-b204-8b729bbd8670/resourceGroups/crptestar5561/providers/Microsoft.Compute/virtualMachines/vm7777?api-version=2021-07-01",
      "EncodedRequestUri": "L3N1YnNjcmlwdGlvbnMvMDI5Njc5MGQtNDI3Yy00OGNhLWIyMDQtOGI3MjliYmQ4NjcwL3Jlc291cmNlR3JvdXBzL2NycHRlc3RhcjU1NjEvcHJvdmlkZXJzL01pY3Jvc29mdC5Db21wdXRlL3ZpcnR1YWxNYWNoaW5lcy92bTc3Nzc/YXBpLXZlcnNpb249MjAyMS0wNy0wMQ==",
      "RequestMethod": "PUT",
      "RequestBody": "{\r\n  \"properties\": {\r\n    \"hardwareProfile\": {\r\n      \"vmSize\": \"Standard_A1_v2\"\r\n    },\r\n    \"storageProfile\": {\r\n      \"imageReference\": {\r\n        \"publisher\": \"MicrosoftWindowsServer\",\r\n        \"offer\": \"WindowsServer\",\r\n        \"sku\": \"2012-R2-Datacenter\",\r\n        \"version\": \"4.127.20180315\"\r\n      },\r\n      \"osDisk\": {\r\n        \"name\": \"test\",\r\n        \"vhd\": {\r\n          \"uri\": \"https://diskrp2849.blob.core.windows.net/crptestar7187/oscrptestar5952.vhd\"\r\n        },\r\n        \"caching\": \"None\",\r\n        \"createOption\": \"FromImage\"\r\n      }\r\n    },\r\n    \"osProfile\": {\r\n      \"computerName\": \"Test\",\r\n      \"adminUsername\": \"Foo12\",\r\n      \"adminPassword\": \"[PLACEHOLDEr1]\"\r\n    },\r\n    \"networkProfile\": {\r\n      \"networkInterfaces\": [\r\n        {\r\n          \"id\": \"/subscriptions/0296790d-427c-48ca-b204-8b729bbd8670/resourceGroups/crptestar5561/providers/Microsoft.Network/networkInterfaces/nic5895\"\r\n        }\r\n      ]\r\n    },\r\n    \"availabilitySet\": {\r\n      \"id\": \"/subscriptions/0296790d-427c-48ca-b204-8b729bbd8670/resourceGroups/crptestar5561/providers/Microsoft.Compute/availabilitySets/as7695\"\r\n    }\r\n  },\r\n  \"location\": \"eastus2\",\r\n  \"tags\": {\r\n    \"RG\": \"rg\",\r\n    \"testTag\": \"1\"\r\n  }\r\n}",
      "RequestHeaders": {
        "x-ms-client-request-id": [
          "96b8fe2e-431a-445d-8259-4c2d9edbcefd"
        ],
        "Accept-Language": [
          "en-US"
        ],
        "User-Agent": [
          "FxVersion/4.6.30411.01",
          "OSName/Windows",
          "OSVersion/Microsoft.Windows.10.0.19043.",
          "Microsoft.Azure.Management.Compute.ComputeManagementClient/48.0.0"
        ],
        "Content-Type": [
          "application/json; charset=utf-8"
        ],
        "Content-Length": [
          "1211"
        ]
      },
      "ResponseHeaders": {
        "Cache-Control": [
          "no-cache"
        ],
        "Pragma": [
          "no-cache"
        ],
        "Retry-After": [
          "10"
        ],
        "Azure-AsyncOperation": [
          "https://management.azure.com/subscriptions/0296790d-427c-48ca-b204-8b729bbd8670/providers/Microsoft.Compute/locations/eastus2/operations/bc0d69a6-a164-4c36-8e74-11fa16ee3616?p=6e70c7a0-3487-45b4-b3f7-96c884ff76a9&api-version=2021-07-01"
        ],
        "Azure-AsyncNotification": [
          "Enabled"
        ],
        "x-ms-ratelimit-remaining-resource": [
          "Microsoft.Compute/PutVM3Min;238,Microsoft.Compute/PutVM30Min;1198"
        ],
        "Strict-Transport-Security": [
          "max-age=31536000; includeSubDomains"
        ],
        "x-ms-request-id": [
          "bc0d69a6-a164-4c36-8e74-11fa16ee3616"
        ],
        "Server": [
          "Microsoft-HTTPAPI/2.0",
          "Microsoft-HTTPAPI/2.0"
        ],
        "x-ms-ratelimit-remaining-subscription-writes": [
          "1197"
        ],
        "x-ms-correlation-request-id": [
          "25bba1cb-5523-488c-8808-a9edb3794afa"
        ],
        "x-ms-routing-request-id": [
          "WESTCENTRALUS:20210826T215713Z:25bba1cb-5523-488c-8808-a9edb3794afa"
        ],
        "X-Content-Type-Options": [
          "nosniff"
        ],
        "Date": [
          "Thu, 26 Aug 2021 21:57:13 GMT"
        ],
        "Content-Length": [
          "2017"
        ],
        "Content-Type": [
          "application/json; charset=utf-8"
        ],
        "Expires": [
          "-1"
        ]
      },
      "ResponseBody": "{\r\n  \"name\": \"vm7777\",\r\n  \"id\": \"/subscriptions/0296790d-427c-48ca-b204-8b729bbd8670/resourceGroups/crptestar5561/providers/Microsoft.Compute/virtualMachines/vm7777\",\r\n  \"type\": \"Microsoft.Compute/virtualMachines\",\r\n  \"location\": \"eastus2\",\r\n  \"tags\": {\r\n    \"RG\": \"rg\",\r\n    \"testTag\": \"1\",\r\n    \"azsecpack\": \"nonprod\",\r\n    \"platformsettings.host_environment.service.platform_optedin_for_rootcerts\": \"true\"\r\n  },\r\n  \"properties\": {\r\n    \"vmId\": \"1bee2e5f-535f-4820-ad72-ddd273ff5e4d\",\r\n    \"availabilitySet\": {\r\n      \"id\": \"/subscriptions/0296790d-427c-48ca-b204-8b729bbd8670/resourceGroups/crptestar5561/providers/Microsoft.Compute/availabilitySets/AS7695\"\r\n    },\r\n    \"hardwareProfile\": {\r\n      \"vmSize\": \"Standard_A1_v2\"\r\n    },\r\n    \"storageProfile\": {\r\n      \"imageReference\": {\r\n        \"publisher\": \"MicrosoftWindowsServer\",\r\n        \"offer\": \"WindowsServer\",\r\n        \"sku\": \"2012-R2-Datacenter\",\r\n        \"version\": \"4.127.20180315\",\r\n        \"exactVersion\": \"4.127.20180315\"\r\n      },\r\n      \"osDisk\": {\r\n        \"osType\": \"Windows\",\r\n        \"name\": \"test\",\r\n        \"createOption\": \"FromImage\",\r\n        \"vhd\": {\r\n          \"uri\": \"https://diskrp2849.blob.core.windows.net/crptestar7187/oscrptestar5952.vhd\"\r\n        },\r\n        \"caching\": \"None\",\r\n        \"deleteOption\": \"Detach\"\r\n      },\r\n      \"dataDisks\": []\r\n    },\r\n    \"osProfile\": {\r\n      \"computerName\": \"Test\",\r\n      \"adminUsername\": \"Foo12\",\r\n      \"windowsConfiguration\": {\r\n        \"provisionVMAgent\": true,\r\n        \"enableAutomaticUpdates\": true,\r\n        \"patchSettings\": {\r\n          \"patchMode\": \"AutomaticByOS\",\r\n          \"assessmentMode\": \"ImageDefault\"\r\n        }\r\n      },\r\n      \"secrets\": [],\r\n      \"allowExtensionOperations\": true,\r\n      \"requireGuestProvisionSignal\": true\r\n    },\r\n    \"networkProfile\": {\r\n      \"networkInterfaces\": [\r\n        {\r\n          \"id\": \"/subscriptions/0296790d-427c-48ca-b204-8b729bbd8670/resourceGroups/crptestar5561/providers/Microsoft.Network/networkInterfaces/nic5895\"\r\n        }\r\n      ]\r\n    },\r\n    \"provisioningState\": \"Creating\"\r\n  }\r\n}",
      "StatusCode": 201
    },
    {
      "RequestUri": "/subscriptions/0296790d-427c-48ca-b204-8b729bbd8670/providers/Microsoft.Compute/locations/eastus2/operations/bc0d69a6-a164-4c36-8e74-11fa16ee3616?p=6e70c7a0-3487-45b4-b3f7-96c884ff76a9&api-version=2021-07-01",
      "EncodedRequestUri": "L3N1YnNjcmlwdGlvbnMvMDI5Njc5MGQtNDI3Yy00OGNhLWIyMDQtOGI3MjliYmQ4NjcwL3Byb3ZpZGVycy9NaWNyb3NvZnQuQ29tcHV0ZS9sb2NhdGlvbnMvZWFzdHVzMi9vcGVyYXRpb25zL2JjMGQ2OWE2LWExNjQtNGMzNi04ZTc0LTExZmExNmVlMzYxNj9wPTZlNzBjN2EwLTM0ODctNDViNC1iM2Y3LTk2Yzg4NGZmNzZhOSZhcGktdmVyc2lvbj0yMDIxLTA3LTAx",
      "RequestMethod": "GET",
      "RequestBody": "",
      "RequestHeaders": {
        "User-Agent": [
          "FxVersion/4.6.30411.01",
          "OSName/Windows",
          "OSVersion/Microsoft.Windows.10.0.19043.",
          "Microsoft.Azure.Management.Compute.ComputeManagementClient/48.0.0"
        ]
      },
      "ResponseHeaders": {
        "Cache-Control": [
          "no-cache"
        ],
        "Pragma": [
          "no-cache"
        ],
        "Retry-After": [
          "50"
        ],
        "x-ms-ratelimit-remaining-resource": [
          "Microsoft.Compute/GetOperation3Min;14999,Microsoft.Compute/GetOperation30Min;29999"
        ],
        "Strict-Transport-Security": [
          "max-age=31536000; includeSubDomains"
        ],
        "x-ms-request-id": [
          "2e3ebd80-6470-48e0-9f14-2eff45a49e2f"
        ],
        "Server": [
          "Microsoft-HTTPAPI/2.0",
          "Microsoft-HTTPAPI/2.0"
        ],
        "x-ms-ratelimit-remaining-subscription-reads": [
          "11993"
        ],
        "x-ms-correlation-request-id": [
          "59fab6f8-86c8-4728-a171-a2f5f2a7aac4"
        ],
        "x-ms-routing-request-id": [
          "WESTCENTRALUS:20210826T215723Z:59fab6f8-86c8-4728-a171-a2f5f2a7aac4"
        ],
        "X-Content-Type-Options": [
          "nosniff"
        ],
        "Date": [
          "Thu, 26 Aug 2021 21:57:23 GMT"
        ],
        "Content-Length": [
          "134"
        ],
        "Content-Type": [
          "application/json; charset=utf-8"
        ],
        "Expires": [
          "-1"
        ]
      },
      "ResponseBody": "{\r\n  \"startTime\": \"2021-08-26T14:57:11.5049124-07:00\",\r\n  \"status\": \"InProgress\",\r\n  \"name\": \"bc0d69a6-a164-4c36-8e74-11fa16ee3616\"\r\n}",
      "StatusCode": 200
    },
    {
      "RequestUri": "/subscriptions/0296790d-427c-48ca-b204-8b729bbd8670/providers/Microsoft.Compute/locations/eastus2/operations/bc0d69a6-a164-4c36-8e74-11fa16ee3616?p=6e70c7a0-3487-45b4-b3f7-96c884ff76a9&api-version=2021-07-01",
      "EncodedRequestUri": "L3N1YnNjcmlwdGlvbnMvMDI5Njc5MGQtNDI3Yy00OGNhLWIyMDQtOGI3MjliYmQ4NjcwL3Byb3ZpZGVycy9NaWNyb3NvZnQuQ29tcHV0ZS9sb2NhdGlvbnMvZWFzdHVzMi9vcGVyYXRpb25zL2JjMGQ2OWE2LWExNjQtNGMzNi04ZTc0LTExZmExNmVlMzYxNj9wPTZlNzBjN2EwLTM0ODctNDViNC1iM2Y3LTk2Yzg4NGZmNzZhOSZhcGktdmVyc2lvbj0yMDIxLTA3LTAx",
      "RequestMethod": "GET",
      "RequestBody": "",
      "RequestHeaders": {
        "User-Agent": [
          "FxVersion/4.6.30411.01",
          "OSName/Windows",
          "OSVersion/Microsoft.Windows.10.0.19043.",
          "Microsoft.Azure.Management.Compute.ComputeManagementClient/48.0.0"
        ]
      },
      "ResponseHeaders": {
        "Cache-Control": [
          "no-cache"
        ],
        "Pragma": [
          "no-cache"
        ],
        "x-ms-ratelimit-remaining-resource": [
          "Microsoft.Compute/GetOperation3Min;14998,Microsoft.Compute/GetOperation30Min;29998"
        ],
        "Strict-Transport-Security": [
          "max-age=31536000; includeSubDomains"
        ],
        "x-ms-request-id": [
          "11b7f336-616b-4e8d-8ee7-24b7ec1a4c46"
        ],
        "Server": [
          "Microsoft-HTTPAPI/2.0",
          "Microsoft-HTTPAPI/2.0"
        ],
        "x-ms-ratelimit-remaining-subscription-reads": [
          "11992"
        ],
        "x-ms-correlation-request-id": [
          "372a8c91-2151-4608-a5b5-8ccfbaf9b9bc"
        ],
        "x-ms-routing-request-id": [
          "WESTCENTRALUS:20210826T215813Z:372a8c91-2151-4608-a5b5-8ccfbaf9b9bc"
        ],
        "X-Content-Type-Options": [
          "nosniff"
        ],
        "Date": [
          "Thu, 26 Aug 2021 21:58:13 GMT"
        ],
        "Content-Length": [
          "134"
        ],
        "Content-Type": [
          "application/json; charset=utf-8"
        ],
        "Expires": [
          "-1"
        ]
      },
      "ResponseBody": "{\r\n  \"startTime\": \"2021-08-26T14:57:11.5049124-07:00\",\r\n  \"status\": \"InProgress\",\r\n  \"name\": \"bc0d69a6-a164-4c36-8e74-11fa16ee3616\"\r\n}",
      "StatusCode": 200
    },
    {
      "RequestUri": "/subscriptions/0296790d-427c-48ca-b204-8b729bbd8670/providers/Microsoft.Compute/locations/eastus2/operations/bc0d69a6-a164-4c36-8e74-11fa16ee3616?p=6e70c7a0-3487-45b4-b3f7-96c884ff76a9&api-version=2021-07-01",
      "EncodedRequestUri": "L3N1YnNjcmlwdGlvbnMvMDI5Njc5MGQtNDI3Yy00OGNhLWIyMDQtOGI3MjliYmQ4NjcwL3Byb3ZpZGVycy9NaWNyb3NvZnQuQ29tcHV0ZS9sb2NhdGlvbnMvZWFzdHVzMi9vcGVyYXRpb25zL2JjMGQ2OWE2LWExNjQtNGMzNi04ZTc0LTExZmExNmVlMzYxNj9wPTZlNzBjN2EwLTM0ODctNDViNC1iM2Y3LTk2Yzg4NGZmNzZhOSZhcGktdmVyc2lvbj0yMDIxLTA3LTAx",
      "RequestMethod": "GET",
      "RequestBody": "",
      "RequestHeaders": {
        "User-Agent": [
          "FxVersion/4.6.30411.01",
          "OSName/Windows",
          "OSVersion/Microsoft.Windows.10.0.19043.",
          "Microsoft.Azure.Management.Compute.ComputeManagementClient/48.0.0"
        ]
      },
      "ResponseHeaders": {
        "Cache-Control": [
          "no-cache"
        ],
        "Pragma": [
          "no-cache"
        ],
        "x-ms-ratelimit-remaining-resource": [
          "Microsoft.Compute/GetOperation3Min;14997,Microsoft.Compute/GetOperation30Min;29997"
        ],
        "Strict-Transport-Security": [
          "max-age=31536000; includeSubDomains"
        ],
        "x-ms-request-id": [
          "0cd28f8c-e66f-4c89-97bb-5fa98cc9872f"
        ],
        "Server": [
          "Microsoft-HTTPAPI/2.0",
          "Microsoft-HTTPAPI/2.0"
        ],
        "x-ms-ratelimit-remaining-subscription-reads": [
          "11991"
        ],
        "x-ms-correlation-request-id": [
          "9e660a6f-c53b-4391-9297-507713c4e401"
        ],
        "x-ms-routing-request-id": [
          "WESTCENTRALUS:20210826T215903Z:9e660a6f-c53b-4391-9297-507713c4e401"
        ],
        "X-Content-Type-Options": [
          "nosniff"
        ],
        "Date": [
          "Thu, 26 Aug 2021 21:59:03 GMT"
        ],
        "Content-Length": [
          "134"
        ],
        "Content-Type": [
          "application/json; charset=utf-8"
        ],
        "Expires": [
          "-1"
        ]
      },
      "ResponseBody": "{\r\n  \"startTime\": \"2021-08-26T14:57:11.5049124-07:00\",\r\n  \"status\": \"InProgress\",\r\n  \"name\": \"bc0d69a6-a164-4c36-8e74-11fa16ee3616\"\r\n}",
      "StatusCode": 200
    },
    {
      "RequestUri": "/subscriptions/0296790d-427c-48ca-b204-8b729bbd8670/providers/Microsoft.Compute/locations/eastus2/operations/bc0d69a6-a164-4c36-8e74-11fa16ee3616?p=6e70c7a0-3487-45b4-b3f7-96c884ff76a9&api-version=2021-07-01",
      "EncodedRequestUri": "L3N1YnNjcmlwdGlvbnMvMDI5Njc5MGQtNDI3Yy00OGNhLWIyMDQtOGI3MjliYmQ4NjcwL3Byb3ZpZGVycy9NaWNyb3NvZnQuQ29tcHV0ZS9sb2NhdGlvbnMvZWFzdHVzMi9vcGVyYXRpb25zL2JjMGQ2OWE2LWExNjQtNGMzNi04ZTc0LTExZmExNmVlMzYxNj9wPTZlNzBjN2EwLTM0ODctNDViNC1iM2Y3LTk2Yzg4NGZmNzZhOSZhcGktdmVyc2lvbj0yMDIxLTA3LTAx",
      "RequestMethod": "GET",
      "RequestBody": "",
      "RequestHeaders": {
        "User-Agent": [
          "FxVersion/4.6.30411.01",
          "OSName/Windows",
          "OSVersion/Microsoft.Windows.10.0.19043.",
          "Microsoft.Azure.Management.Compute.ComputeManagementClient/48.0.0"
        ]
      },
      "ResponseHeaders": {
        "Cache-Control": [
          "no-cache"
        ],
        "Pragma": [
          "no-cache"
        ],
        "x-ms-ratelimit-remaining-resource": [
          "Microsoft.Compute/GetOperation3Min;14995,Microsoft.Compute/GetOperation30Min;29995"
        ],
        "Strict-Transport-Security": [
          "max-age=31536000; includeSubDomains"
        ],
        "x-ms-request-id": [
          "24079a53-2b18-4f1c-ae97-099272084609"
        ],
        "Server": [
          "Microsoft-HTTPAPI/2.0",
          "Microsoft-HTTPAPI/2.0"
        ],
        "x-ms-ratelimit-remaining-subscription-reads": [
          "11990"
        ],
        "x-ms-correlation-request-id": [
          "ffcb6056-ed97-47ed-8098-ff4512953c3c"
        ],
        "x-ms-routing-request-id": [
          "WESTCENTRALUS:20210826T215954Z:ffcb6056-ed97-47ed-8098-ff4512953c3c"
        ],
        "X-Content-Type-Options": [
          "nosniff"
        ],
        "Date": [
          "Thu, 26 Aug 2021 21:59:53 GMT"
        ],
        "Content-Length": [
          "134"
        ],
        "Content-Type": [
          "application/json; charset=utf-8"
        ],
        "Expires": [
          "-1"
        ]
      },
      "ResponseBody": "{\r\n  \"startTime\": \"2021-08-26T14:57:11.5049124-07:00\",\r\n  \"status\": \"InProgress\",\r\n  \"name\": \"bc0d69a6-a164-4c36-8e74-11fa16ee3616\"\r\n}",
      "StatusCode": 200
    },
    {
      "RequestUri": "/subscriptions/0296790d-427c-48ca-b204-8b729bbd8670/providers/Microsoft.Compute/locations/eastus2/operations/bc0d69a6-a164-4c36-8e74-11fa16ee3616?p=6e70c7a0-3487-45b4-b3f7-96c884ff76a9&api-version=2021-07-01",
      "EncodedRequestUri": "L3N1YnNjcmlwdGlvbnMvMDI5Njc5MGQtNDI3Yy00OGNhLWIyMDQtOGI3MjliYmQ4NjcwL3Byb3ZpZGVycy9NaWNyb3NvZnQuQ29tcHV0ZS9sb2NhdGlvbnMvZWFzdHVzMi9vcGVyYXRpb25zL2JjMGQ2OWE2LWExNjQtNGMzNi04ZTc0LTExZmExNmVlMzYxNj9wPTZlNzBjN2EwLTM0ODctNDViNC1iM2Y3LTk2Yzg4NGZmNzZhOSZhcGktdmVyc2lvbj0yMDIxLTA3LTAx",
      "RequestMethod": "GET",
      "RequestBody": "",
      "RequestHeaders": {
        "User-Agent": [
          "FxVersion/4.6.30411.01",
          "OSName/Windows",
          "OSVersion/Microsoft.Windows.10.0.19043.",
          "Microsoft.Azure.Management.Compute.ComputeManagementClient/48.0.0"
        ]
      },
      "ResponseHeaders": {
        "Cache-Control": [
          "no-cache"
        ],
        "Pragma": [
          "no-cache"
        ],
        "x-ms-ratelimit-remaining-resource": [
          "Microsoft.Compute/GetOperation3Min;14994,Microsoft.Compute/GetOperation30Min;29993"
        ],
        "Strict-Transport-Security": [
          "max-age=31536000; includeSubDomains"
        ],
        "x-ms-request-id": [
          "88cc560b-b612-4e71-9e2f-45aa79f94e6c"
        ],
        "Server": [
          "Microsoft-HTTPAPI/2.0",
          "Microsoft-HTTPAPI/2.0"
        ],
        "x-ms-ratelimit-remaining-subscription-reads": [
          "11989"
        ],
        "x-ms-correlation-request-id": [
          "2fae937c-5b1d-4c96-81dd-35916711c563"
        ],
        "x-ms-routing-request-id": [
          "WESTCENTRALUS:20210826T220044Z:2fae937c-5b1d-4c96-81dd-35916711c563"
        ],
        "X-Content-Type-Options": [
          "nosniff"
        ],
        "Date": [
          "Thu, 26 Aug 2021 22:00:43 GMT"
        ],
        "Content-Length": [
          "184"
        ],
        "Content-Type": [
          "application/json; charset=utf-8"
        ],
        "Expires": [
          "-1"
        ]
      },
      "ResponseBody": "{\r\n  \"startTime\": \"2021-08-26T14:57:11.5049124-07:00\",\r\n  \"endTime\": \"2021-08-26T14:59:55.6151138-07:00\",\r\n  \"status\": \"Succeeded\",\r\n  \"name\": \"bc0d69a6-a164-4c36-8e74-11fa16ee3616\"\r\n}",
      "StatusCode": 200
    },
    {
      "RequestUri": "/subscriptions/0296790d-427c-48ca-b204-8b729bbd8670/resourceGroups/crptestar5561/providers/Microsoft.Compute/virtualMachines/vm7777?api-version=2021-07-01",
      "EncodedRequestUri": "L3N1YnNjcmlwdGlvbnMvMDI5Njc5MGQtNDI3Yy00OGNhLWIyMDQtOGI3MjliYmQ4NjcwL3Jlc291cmNlR3JvdXBzL2NycHRlc3RhcjU1NjEvcHJvdmlkZXJzL01pY3Jvc29mdC5Db21wdXRlL3ZpcnR1YWxNYWNoaW5lcy92bTc3Nzc/YXBpLXZlcnNpb249MjAyMS0wNy0wMQ==",
      "RequestMethod": "GET",
      "RequestBody": "",
      "RequestHeaders": {
        "User-Agent": [
          "FxVersion/4.6.30411.01",
          "OSName/Windows",
          "OSVersion/Microsoft.Windows.10.0.19043.",
          "Microsoft.Azure.Management.Compute.ComputeManagementClient/48.0.0"
        ]
      },
      "ResponseHeaders": {
        "Cache-Control": [
          "no-cache"
        ],
        "Pragma": [
          "no-cache"
        ],
        "x-ms-ratelimit-remaining-resource": [
          "Microsoft.Compute/LowCostGet3Min;3998,Microsoft.Compute/LowCostGet30Min;31998"
        ],
        "Strict-Transport-Security": [
          "max-age=31536000; includeSubDomains"
        ],
        "x-ms-request-id": [
          "99723d32-590b-46c2-bd39-9518a3367671"
        ],
        "Server": [
          "Microsoft-HTTPAPI/2.0",
          "Microsoft-HTTPAPI/2.0"
        ],
        "x-ms-ratelimit-remaining-subscription-reads": [
          "11988"
        ],
        "x-ms-correlation-request-id": [
          "dfd0f1c1-0d7c-44ce-aae7-efb57e54a562"
        ],
        "x-ms-routing-request-id": [
          "WESTCENTRALUS:20210826T220044Z:dfd0f1c1-0d7c-44ce-aae7-efb57e54a562"
        ],
        "X-Content-Type-Options": [
          "nosniff"
        ],
        "Date": [
          "Thu, 26 Aug 2021 22:00:43 GMT"
        ],
        "Content-Length": [
          "2046"
        ],
        "Content-Type": [
          "application/json; charset=utf-8"
        ],
        "Expires": [
          "-1"
        ]
      },
      "ResponseBody": "{\r\n  \"name\": \"vm7777\",\r\n  \"id\": \"/subscriptions/0296790d-427c-48ca-b204-8b729bbd8670/resourceGroups/crptestar5561/providers/Microsoft.Compute/virtualMachines/vm7777\",\r\n  \"type\": \"Microsoft.Compute/virtualMachines\",\r\n  \"location\": \"eastus2\",\r\n  \"tags\": {\r\n    \"RG\": \"rg\",\r\n    \"testTag\": \"1\",\r\n    \"azsecpack\": \"nonprod\",\r\n    \"platformsettings.host_environment.service.platform_optedin_for_rootcerts\": \"true\"\r\n  },\r\n  \"properties\": {\r\n    \"vmId\": \"1bee2e5f-535f-4820-ad72-ddd273ff5e4d\",\r\n    \"availabilitySet\": {\r\n      \"id\": \"/subscriptions/0296790d-427c-48ca-b204-8b729bbd8670/resourceGroups/crptestar5561/providers/Microsoft.Compute/availabilitySets/AS7695\"\r\n    },\r\n    \"hardwareProfile\": {\r\n      \"vmSize\": \"Standard_A1_v2\"\r\n    },\r\n    \"storageProfile\": {\r\n      \"imageReference\": {\r\n        \"publisher\": \"MicrosoftWindowsServer\",\r\n        \"offer\": \"WindowsServer\",\r\n        \"sku\": \"2012-R2-Datacenter\",\r\n        \"version\": \"4.127.20180315\",\r\n        \"exactVersion\": \"4.127.20180315\"\r\n      },\r\n      \"osDisk\": {\r\n        \"osType\": \"Windows\",\r\n        \"name\": \"test\",\r\n        \"createOption\": \"FromImage\",\r\n        \"vhd\": {\r\n          \"uri\": \"https://diskrp2849.blob.core.windows.net/crptestar7187/oscrptestar5952.vhd\"\r\n        },\r\n        \"caching\": \"None\",\r\n        \"deleteOption\": \"Detach\",\r\n        \"diskSizeGB\": 127\r\n      },\r\n      \"dataDisks\": []\r\n    },\r\n    \"osProfile\": {\r\n      \"computerName\": \"Test\",\r\n      \"adminUsername\": \"Foo12\",\r\n      \"windowsConfiguration\": {\r\n        \"provisionVMAgent\": true,\r\n        \"enableAutomaticUpdates\": true,\r\n        \"patchSettings\": {\r\n          \"patchMode\": \"AutomaticByOS\",\r\n          \"assessmentMode\": \"ImageDefault\"\r\n        }\r\n      },\r\n      \"secrets\": [],\r\n      \"allowExtensionOperations\": true,\r\n      \"requireGuestProvisionSignal\": true\r\n    },\r\n    \"networkProfile\": {\r\n      \"networkInterfaces\": [\r\n        {\r\n          \"id\": \"/subscriptions/0296790d-427c-48ca-b204-8b729bbd8670/resourceGroups/crptestar5561/providers/Microsoft.Network/networkInterfaces/nic5895\"\r\n        }\r\n      ]\r\n    },\r\n    \"provisioningState\": \"Succeeded\"\r\n  }\r\n}",
      "StatusCode": 200
    },
    {
      "RequestUri": "/subscriptions/0296790d-427c-48ca-b204-8b729bbd8670/resourceGroups/crptestar5561/providers/Microsoft.Compute/virtualMachines/vm7777?api-version=2021-07-01",
      "EncodedRequestUri": "L3N1YnNjcmlwdGlvbnMvMDI5Njc5MGQtNDI3Yy00OGNhLWIyMDQtOGI3MjliYmQ4NjcwL3Jlc291cmNlR3JvdXBzL2NycHRlc3RhcjU1NjEvcHJvdmlkZXJzL01pY3Jvc29mdC5Db21wdXRlL3ZpcnR1YWxNYWNoaW5lcy92bTc3Nzc/YXBpLXZlcnNpb249MjAyMS0wNy0wMQ==",
      "RequestMethod": "GET",
      "RequestBody": "",
      "RequestHeaders": {
        "x-ms-client-request-id": [
          "1188adb1-fd25-4104-95e3-581bf7a00e9b"
        ],
        "Accept-Language": [
          "en-US"
        ],
        "User-Agent": [
          "FxVersion/4.6.30411.01",
          "OSName/Windows",
          "OSVersion/Microsoft.Windows.10.0.19043.",
          "Microsoft.Azure.Management.Compute.ComputeManagementClient/48.0.0"
        ]
      },
      "ResponseHeaders": {
        "Cache-Control": [
          "no-cache"
        ],
        "Pragma": [
          "no-cache"
        ],
        "x-ms-ratelimit-remaining-resource": [
          "Microsoft.Compute/LowCostGet3Min;3997,Microsoft.Compute/LowCostGet30Min;31997"
        ],
        "Strict-Transport-Security": [
          "max-age=31536000; includeSubDomains"
        ],
        "x-ms-request-id": [
          "7d207a06-198b-457a-a428-776b6a420d3b"
        ],
        "Server": [
          "Microsoft-HTTPAPI/2.0",
          "Microsoft-HTTPAPI/2.0"
        ],
        "x-ms-ratelimit-remaining-subscription-reads": [
          "11987"
        ],
        "x-ms-correlation-request-id": [
          "26e5f40e-6c0c-4a7d-acca-d40729e98051"
        ],
        "x-ms-routing-request-id": [
          "WESTCENTRALUS:20210826T220044Z:26e5f40e-6c0c-4a7d-acca-d40729e98051"
        ],
        "X-Content-Type-Options": [
          "nosniff"
        ],
        "Date": [
          "Thu, 26 Aug 2021 22:00:43 GMT"
        ],
        "Content-Length": [
          "2046"
        ],
        "Content-Type": [
          "application/json; charset=utf-8"
        ],
        "Expires": [
          "-1"
        ]
      },
      "ResponseBody": "{\r\n  \"name\": \"vm7777\",\r\n  \"id\": \"/subscriptions/0296790d-427c-48ca-b204-8b729bbd8670/resourceGroups/crptestar5561/providers/Microsoft.Compute/virtualMachines/vm7777\",\r\n  \"type\": \"Microsoft.Compute/virtualMachines\",\r\n  \"location\": \"eastus2\",\r\n  \"tags\": {\r\n    \"RG\": \"rg\",\r\n    \"testTag\": \"1\",\r\n    \"azsecpack\": \"nonprod\",\r\n    \"platformsettings.host_environment.service.platform_optedin_for_rootcerts\": \"true\"\r\n  },\r\n  \"properties\": {\r\n    \"vmId\": \"1bee2e5f-535f-4820-ad72-ddd273ff5e4d\",\r\n    \"availabilitySet\": {\r\n      \"id\": \"/subscriptions/0296790d-427c-48ca-b204-8b729bbd8670/resourceGroups/crptestar5561/providers/Microsoft.Compute/availabilitySets/AS7695\"\r\n    },\r\n    \"hardwareProfile\": {\r\n      \"vmSize\": \"Standard_A1_v2\"\r\n    },\r\n    \"storageProfile\": {\r\n      \"imageReference\": {\r\n        \"publisher\": \"MicrosoftWindowsServer\",\r\n        \"offer\": \"WindowsServer\",\r\n        \"sku\": \"2012-R2-Datacenter\",\r\n        \"version\": \"4.127.20180315\",\r\n        \"exactVersion\": \"4.127.20180315\"\r\n      },\r\n      \"osDisk\": {\r\n        \"osType\": \"Windows\",\r\n        \"name\": \"test\",\r\n        \"createOption\": \"FromImage\",\r\n        \"vhd\": {\r\n          \"uri\": \"https://diskrp2849.blob.core.windows.net/crptestar7187/oscrptestar5952.vhd\"\r\n        },\r\n        \"caching\": \"None\",\r\n        \"deleteOption\": \"Detach\",\r\n        \"diskSizeGB\": 127\r\n      },\r\n      \"dataDisks\": []\r\n    },\r\n    \"osProfile\": {\r\n      \"computerName\": \"Test\",\r\n      \"adminUsername\": \"Foo12\",\r\n      \"windowsConfiguration\": {\r\n        \"provisionVMAgent\": true,\r\n        \"enableAutomaticUpdates\": true,\r\n        \"patchSettings\": {\r\n          \"patchMode\": \"AutomaticByOS\",\r\n          \"assessmentMode\": \"ImageDefault\"\r\n        }\r\n      },\r\n      \"secrets\": [],\r\n      \"allowExtensionOperations\": true,\r\n      \"requireGuestProvisionSignal\": true\r\n    },\r\n    \"networkProfile\": {\r\n      \"networkInterfaces\": [\r\n        {\r\n          \"id\": \"/subscriptions/0296790d-427c-48ca-b204-8b729bbd8670/resourceGroups/crptestar5561/providers/Microsoft.Network/networkInterfaces/nic5895\"\r\n        }\r\n      ]\r\n    },\r\n    \"provisioningState\": \"Succeeded\"\r\n  }\r\n}",
      "StatusCode": 200
    },
    {
      "RequestUri": "/subscriptions/0296790d-427c-48ca-b204-8b729bbd8670/providers/Microsoft.Compute/virtualMachines?api-version=2021-07-01",
      "EncodedRequestUri": "L3N1YnNjcmlwdGlvbnMvMDI5Njc5MGQtNDI3Yy00OGNhLWIyMDQtOGI3MjliYmQ4NjcwL3Byb3ZpZGVycy9NaWNyb3NvZnQuQ29tcHV0ZS92aXJ0dWFsTWFjaGluZXM/YXBpLXZlcnNpb249MjAyMS0wNy0wMQ==",
      "RequestMethod": "GET",
      "RequestBody": "",
      "RequestHeaders": {
        "x-ms-client-request-id": [
          "a920018d-7c64-4e91-bde8-209f606799ab"
        ],
        "Accept-Language": [
          "en-US"
        ],
        "User-Agent": [
          "FxVersion/4.6.30411.01",
          "OSName/Windows",
          "OSVersion/Microsoft.Windows.10.0.19043.",
          "Microsoft.Azure.Management.Compute.ComputeManagementClient/48.0.0"
        ]
      },
      "ResponseHeaders": {
        "Cache-Control": [
          "no-cache"
        ],
        "Pragma": [
          "no-cache"
        ],
        "x-ms-ratelimit-remaining-resource": [
          "Microsoft.Compute/HighCostGet3Min;139,Microsoft.Compute/HighCostGet30Min;699"
        ],
        "Strict-Transport-Security": [
          "max-age=31536000; includeSubDomains"
        ],
        "x-ms-request-id": [
          "7949d405-8dbc-4998-9b53-dc152a2578a9"
        ],
        "Server": [
          "Microsoft-HTTPAPI/2.0",
          "Microsoft-HTTPAPI/2.0"
        ],
        "x-ms-ratelimit-remaining-subscription-reads": [
          "11986"
        ],
        "x-ms-correlation-request-id": [
          "aa1f4078-89c3-4adb-8db6-7094b6503ebf"
        ],
        "x-ms-routing-request-id": [
          "WESTCENTRALUS:20210826T220044Z:aa1f4078-89c3-4adb-8db6-7094b6503ebf"
        ],
        "X-Content-Type-Options": [
          "nosniff"
        ],
        "Date": [
          "Thu, 26 Aug 2021 22:00:43 GMT"
        ],
        "Content-Length": [
          "2307"
        ],
        "Content-Type": [
          "application/json; charset=utf-8"
        ],
        "Expires": [
          "-1"
        ]
      },
      "ResponseBody": "{\r\n  \"value\": [\r\n    {\r\n      \"name\": \"vm7777\",\r\n      \"id\": \"/subscriptions/0296790d-427c-48ca-b204-8b729bbd8670/resourceGroups/CRPTESTAR5561/providers/Microsoft.Compute/virtualMachines/vm7777\",\r\n      \"type\": \"Microsoft.Compute/virtualMachines\",\r\n      \"location\": \"eastus2\",\r\n      \"tags\": {\r\n        \"RG\": \"rg\",\r\n        \"testTag\": \"1\",\r\n        \"azsecpack\": \"nonprod\",\r\n        \"platformsettings.host_environment.service.platform_optedin_for_rootcerts\": \"true\"\r\n      },\r\n      \"properties\": {\r\n        \"vmId\": \"1bee2e5f-535f-4820-ad72-ddd273ff5e4d\",\r\n        \"availabilitySet\": {\r\n          \"id\": \"/subscriptions/0296790d-427c-48ca-b204-8b729bbd8670/resourceGroups/CRPTESTAR5561/providers/Microsoft.Compute/availabilitySets/AS7695\"\r\n        },\r\n        \"hardwareProfile\": {\r\n          \"vmSize\": \"Standard_A1_v2\"\r\n        },\r\n        \"storageProfile\": {\r\n          \"imageReference\": {\r\n            \"publisher\": \"MicrosoftWindowsServer\",\r\n            \"offer\": \"WindowsServer\",\r\n            \"sku\": \"2012-R2-Datacenter\",\r\n            \"version\": \"4.127.20180315\",\r\n            \"exactVersion\": \"4.127.20180315\"\r\n          },\r\n          \"osDisk\": {\r\n            \"osType\": \"Windows\",\r\n            \"name\": \"test\",\r\n            \"createOption\": \"FromImage\",\r\n            \"vhd\": {\r\n              \"uri\": \"https://diskrp2849.blob.core.windows.net/crptestar7187/oscrptestar5952.vhd\"\r\n            },\r\n            \"caching\": \"None\",\r\n            \"deleteOption\": \"Detach\",\r\n            \"diskSizeGB\": 127\r\n          },\r\n          \"dataDisks\": []\r\n        },\r\n        \"osProfile\": {\r\n          \"computerName\": \"Test\",\r\n          \"adminUsername\": \"Foo12\",\r\n          \"windowsConfiguration\": {\r\n            \"provisionVMAgent\": true,\r\n            \"enableAutomaticUpdates\": true,\r\n            \"patchSettings\": {\r\n              \"patchMode\": \"AutomaticByOS\",\r\n              \"assessmentMode\": \"ImageDefault\"\r\n            }\r\n          },\r\n          \"secrets\": [],\r\n          \"allowExtensionOperations\": true,\r\n          \"requireGuestProvisionSignal\": true\r\n        },\r\n        \"networkProfile\": {\r\n          \"networkInterfaces\": [\r\n            {\r\n              \"id\": \"/subscriptions/0296790d-427c-48ca-b204-8b729bbd8670/resourceGroups/crptestar5561/providers/Microsoft.Network/networkInterfaces/nic5895\"\r\n            }\r\n          ]\r\n        },\r\n        \"provisioningState\": \"Succeeded\"\r\n      }\r\n    }\r\n  ]\r\n}",
      "StatusCode": 200
    },
    {
      "RequestUri": "/subscriptions/0296790d-427c-48ca-b204-8b729bbd8670/resourceGroups/crptestar5561/providers/Microsoft.Compute/virtualMachines/vm7777?api-version=2021-07-01",
      "EncodedRequestUri": "L3N1YnNjcmlwdGlvbnMvMDI5Njc5MGQtNDI3Yy00OGNhLWIyMDQtOGI3MjliYmQ4NjcwL3Jlc291cmNlR3JvdXBzL2NycHRlc3RhcjU1NjEvcHJvdmlkZXJzL01pY3Jvc29mdC5Db21wdXRlL3ZpcnR1YWxNYWNoaW5lcy92bTc3Nzc/YXBpLXZlcnNpb249MjAyMS0wNy0wMQ==",
      "RequestMethod": "DELETE",
      "RequestBody": "",
      "RequestHeaders": {
        "x-ms-client-request-id": [
          "5a94442e-2ff7-4697-bc73-39b1e5f8630a"
        ],
        "Accept-Language": [
          "en-US"
        ],
        "User-Agent": [
          "FxVersion/4.6.30411.01",
          "OSName/Windows",
          "OSVersion/Microsoft.Windows.10.0.19043.",
          "Microsoft.Azure.Management.Compute.ComputeManagementClient/48.0.0"
        ]
      },
      "ResponseHeaders": {
        "Cache-Control": [
          "no-cache"
        ],
        "Pragma": [
          "no-cache"
        ],
        "Location": [
          "https://management.azure.com/subscriptions/0296790d-427c-48ca-b204-8b729bbd8670/providers/Microsoft.Compute/locations/eastus2/operations/cd9f184d-8958-4247-a84d-d91cbc6235f3?p=6e70c7a0-3487-45b4-b3f7-96c884ff76a9&monitor=true&api-version=2021-07-01"
        ],
        "Retry-After": [
          "10"
        ],
        "Azure-AsyncOperation": [
          "https://management.azure.com/subscriptions/0296790d-427c-48ca-b204-8b729bbd8670/providers/Microsoft.Compute/locations/eastus2/operations/cd9f184d-8958-4247-a84d-d91cbc6235f3?p=6e70c7a0-3487-45b4-b3f7-96c884ff76a9&api-version=2021-07-01"
        ],
        "Azure-AsyncNotification": [
          "Enabled"
        ],
        "x-ms-ratelimit-remaining-resource": [
          "Microsoft.Compute/DeleteVM3Min;239,Microsoft.Compute/DeleteVM30Min;1199"
        ],
        "Strict-Transport-Security": [
          "max-age=31536000; includeSubDomains"
        ],
        "x-ms-request-id": [
          "cd9f184d-8958-4247-a84d-d91cbc6235f3"
        ],
        "Server": [
          "Microsoft-HTTPAPI/2.0",
          "Microsoft-HTTPAPI/2.0"
        ],
        "x-ms-ratelimit-remaining-subscription-deletes": [
          "14998"
        ],
        "x-ms-correlation-request-id": [
          "7f04e07d-a1cf-46c5-a8be-63957a138291"
        ],
        "x-ms-routing-request-id": [
          "WESTCENTRALUS:20210826T220044Z:7f04e07d-a1cf-46c5-a8be-63957a138291"
        ],
        "X-Content-Type-Options": [
          "nosniff"
        ],
        "Date": [
          "Thu, 26 Aug 2021 22:00:44 GMT"
        ],
        "Expires": [
          "-1"
        ],
        "Content-Length": [
          "0"
        ]
      },
      "ResponseBody": "",
      "StatusCode": 202
    },
    {
      "RequestUri": "/subscriptions/0296790d-427c-48ca-b204-8b729bbd8670/resourceGroups/crptestar5561/providers/Microsoft.Compute/virtualMachines/vm7777?api-version=2021-07-01",
      "EncodedRequestUri": "L3N1YnNjcmlwdGlvbnMvMDI5Njc5MGQtNDI3Yy00OGNhLWIyMDQtOGI3MjliYmQ4NjcwL3Jlc291cmNlR3JvdXBzL2NycHRlc3RhcjU1NjEvcHJvdmlkZXJzL01pY3Jvc29mdC5Db21wdXRlL3ZpcnR1YWxNYWNoaW5lcy92bTc3Nzc/YXBpLXZlcnNpb249MjAyMS0wNy0wMQ==",
      "RequestMethod": "DELETE",
      "RequestBody": "",
      "RequestHeaders": {
        "x-ms-client-request-id": [
          "c4ae3ca6-6937-4ab2-8c38-8dd2c165fdde"
        ],
        "Accept-Language": [
          "en-US"
        ],
        "User-Agent": [
          "FxVersion/4.6.30411.01",
          "OSName/Windows",
          "OSVersion/Microsoft.Windows.10.0.19043.",
          "Microsoft.Azure.Management.Compute.ComputeManagementClient/48.0.0"
        ]
      },
      "ResponseHeaders": {
        "Cache-Control": [
          "no-cache"
        ],
        "Pragma": [
          "no-cache"
        ],
        "x-ms-ratelimit-remaining-subscription-deletes": [
          "14997"
        ],
        "x-ms-request-id": [
          "839a53ce-86cd-4ee8-9d8a-963fe9cdae07"
        ],
        "x-ms-correlation-request-id": [
          "839a53ce-86cd-4ee8-9d8a-963fe9cdae07"
        ],
        "x-ms-routing-request-id": [
          "WESTCENTRALUS:20210826T220125Z:839a53ce-86cd-4ee8-9d8a-963fe9cdae07"
        ],
        "Strict-Transport-Security": [
          "max-age=31536000; includeSubDomains"
        ],
        "X-Content-Type-Options": [
          "nosniff"
        ],
        "Date": [
          "Thu, 26 Aug 2021 22:01:25 GMT"
        ],
        "Expires": [
          "-1"
        ]
      },
      "ResponseBody": "",
      "StatusCode": 204
    },
    {
      "RequestUri": "/subscriptions/0296790d-427c-48ca-b204-8b729bbd8670/providers/Microsoft.Compute/locations/eastus2/operations/cd9f184d-8958-4247-a84d-d91cbc6235f3?p=6e70c7a0-3487-45b4-b3f7-96c884ff76a9&api-version=2021-07-01",
      "EncodedRequestUri": "L3N1YnNjcmlwdGlvbnMvMDI5Njc5MGQtNDI3Yy00OGNhLWIyMDQtOGI3MjliYmQ4NjcwL3Byb3ZpZGVycy9NaWNyb3NvZnQuQ29tcHV0ZS9sb2NhdGlvbnMvZWFzdHVzMi9vcGVyYXRpb25zL2NkOWYxODRkLTg5NTgtNDI0Ny1hODRkLWQ5MWNiYzYyMzVmMz9wPTZlNzBjN2EwLTM0ODctNDViNC1iM2Y3LTk2Yzg4NGZmNzZhOSZhcGktdmVyc2lvbj0yMDIxLTA3LTAx",
      "RequestMethod": "GET",
      "RequestBody": "",
      "RequestHeaders": {
        "User-Agent": [
          "FxVersion/4.6.30411.01",
          "OSName/Windows",
          "OSVersion/Microsoft.Windows.10.0.19043.",
          "Microsoft.Azure.Management.Compute.ComputeManagementClient/48.0.0"
        ]
      },
      "ResponseHeaders": {
        "Cache-Control": [
          "no-cache"
        ],
        "Pragma": [
          "no-cache"
        ],
        "Retry-After": [
          "30"
        ],
        "x-ms-ratelimit-remaining-resource": [
          "Microsoft.Compute/GetOperation3Min;14993,Microsoft.Compute/GetOperation30Min;29992"
        ],
        "Strict-Transport-Security": [
          "max-age=31536000; includeSubDomains"
        ],
        "x-ms-request-id": [
          "4413eec9-8861-4880-8580-dff88f0e16ca"
        ],
        "Server": [
          "Microsoft-HTTPAPI/2.0",
          "Microsoft-HTTPAPI/2.0"
        ],
        "x-ms-ratelimit-remaining-subscription-reads": [
          "11985"
        ],
        "x-ms-correlation-request-id": [
          "d1024791-3e99-4754-8c60-0543e05ded80"
        ],
        "x-ms-routing-request-id": [
          "WESTCENTRALUS:20210826T220055Z:d1024791-3e99-4754-8c60-0543e05ded80"
        ],
        "X-Content-Type-Options": [
          "nosniff"
        ],
        "Date": [
          "Thu, 26 Aug 2021 22:00:54 GMT"
        ],
        "Content-Length": [
          "134"
        ],
        "Content-Type": [
          "application/json; charset=utf-8"
        ],
        "Expires": [
          "-1"
        ]
      },
      "ResponseBody": "{\r\n  \"startTime\": \"2021-08-26T15:00:44.8971377-07:00\",\r\n  \"status\": \"InProgress\",\r\n  \"name\": \"cd9f184d-8958-4247-a84d-d91cbc6235f3\"\r\n}",
      "StatusCode": 200
    },
    {
      "RequestUri": "/subscriptions/0296790d-427c-48ca-b204-8b729bbd8670/providers/Microsoft.Compute/locations/eastus2/operations/cd9f184d-8958-4247-a84d-d91cbc6235f3?p=6e70c7a0-3487-45b4-b3f7-96c884ff76a9&api-version=2021-07-01",
      "EncodedRequestUri": "L3N1YnNjcmlwdGlvbnMvMDI5Njc5MGQtNDI3Yy00OGNhLWIyMDQtOGI3MjliYmQ4NjcwL3Byb3ZpZGVycy9NaWNyb3NvZnQuQ29tcHV0ZS9sb2NhdGlvbnMvZWFzdHVzMi9vcGVyYXRpb25zL2NkOWYxODRkLTg5NTgtNDI0Ny1hODRkLWQ5MWNiYzYyMzVmMz9wPTZlNzBjN2EwLTM0ODctNDViNC1iM2Y3LTk2Yzg4NGZmNzZhOSZhcGktdmVyc2lvbj0yMDIxLTA3LTAx",
      "RequestMethod": "GET",
      "RequestBody": "",
      "RequestHeaders": {
        "User-Agent": [
          "FxVersion/4.6.30411.01",
          "OSName/Windows",
          "OSVersion/Microsoft.Windows.10.0.19043.",
          "Microsoft.Azure.Management.Compute.ComputeManagementClient/48.0.0"
        ]
      },
      "ResponseHeaders": {
        "Cache-Control": [
          "no-cache"
        ],
        "Pragma": [
          "no-cache"
        ],
        "x-ms-ratelimit-remaining-resource": [
          "Microsoft.Compute/GetOperation3Min;14992,Microsoft.Compute/GetOperation30Min;29990"
        ],
        "Strict-Transport-Security": [
          "max-age=31536000; includeSubDomains"
        ],
        "x-ms-request-id": [
          "0afec25d-9923-481a-a21b-a1b4813b5b93"
        ],
        "Server": [
          "Microsoft-HTTPAPI/2.0",
          "Microsoft-HTTPAPI/2.0"
        ],
        "x-ms-ratelimit-remaining-subscription-reads": [
          "11984"
        ],
        "x-ms-correlation-request-id": [
          "34cffc55-8e8d-4e28-9e79-3cb2e6523a7e"
        ],
        "x-ms-routing-request-id": [
          "WESTCENTRALUS:20210826T220125Z:34cffc55-8e8d-4e28-9e79-3cb2e6523a7e"
        ],
        "X-Content-Type-Options": [
          "nosniff"
        ],
        "Date": [
          "Thu, 26 Aug 2021 22:01:25 GMT"
        ],
        "Content-Length": [
          "184"
        ],
        "Content-Type": [
          "application/json; charset=utf-8"
        ],
        "Expires": [
          "-1"
        ]
      },
      "ResponseBody": "{\r\n  \"startTime\": \"2021-08-26T15:00:44.8971377-07:00\",\r\n  \"endTime\": \"2021-08-26T15:01:21.9444107-07:00\",\r\n  \"status\": \"Succeeded\",\r\n  \"name\": \"cd9f184d-8958-4247-a84d-d91cbc6235f3\"\r\n}",
      "StatusCode": 200
    },
    {
      "RequestUri": "/subscriptions/0296790d-427c-48ca-b204-8b729bbd8670/providers/Microsoft.Compute/locations/eastus2/operations/cd9f184d-8958-4247-a84d-d91cbc6235f3?p=6e70c7a0-3487-45b4-b3f7-96c884ff76a9&monitor=true&api-version=2021-07-01",
      "EncodedRequestUri": "L3N1YnNjcmlwdGlvbnMvMDI5Njc5MGQtNDI3Yy00OGNhLWIyMDQtOGI3MjliYmQ4NjcwL3Byb3ZpZGVycy9NaWNyb3NvZnQuQ29tcHV0ZS9sb2NhdGlvbnMvZWFzdHVzMi9vcGVyYXRpb25zL2NkOWYxODRkLTg5NTgtNDI0Ny1hODRkLWQ5MWNiYzYyMzVmMz9wPTZlNzBjN2EwLTM0ODctNDViNC1iM2Y3LTk2Yzg4NGZmNzZhOSZtb25pdG9yPXRydWUmYXBpLXZlcnNpb249MjAyMS0wNy0wMQ==",
      "RequestMethod": "GET",
      "RequestBody": "",
      "RequestHeaders": {
        "User-Agent": [
          "FxVersion/4.6.30411.01",
          "OSName/Windows",
          "OSVersion/Microsoft.Windows.10.0.19043.",
          "Microsoft.Azure.Management.Compute.ComputeManagementClient/48.0.0"
        ]
      },
      "ResponseHeaders": {
        "Cache-Control": [
          "no-cache"
        ],
        "Pragma": [
          "no-cache"
        ],
        "x-ms-ratelimit-remaining-resource": [
          "Microsoft.Compute/GetOperation3Min;14991,Microsoft.Compute/GetOperation30Min;29989"
        ],
        "Strict-Transport-Security": [
          "max-age=31536000; includeSubDomains"
        ],
        "x-ms-request-id": [
          "cf10afa6-f109-4f3b-9742-2a8d0be860a1"
        ],
        "Server": [
          "Microsoft-HTTPAPI/2.0",
          "Microsoft-HTTPAPI/2.0"
        ],
        "x-ms-ratelimit-remaining-subscription-reads": [
          "11983"
        ],
        "x-ms-correlation-request-id": [
          "6e3e87bf-1344-4834-8974-d2170f4e72c0"
        ],
        "x-ms-routing-request-id": [
          "WESTCENTRALUS:20210826T220125Z:6e3e87bf-1344-4834-8974-d2170f4e72c0"
        ],
        "X-Content-Type-Options": [
          "nosniff"
        ],
        "Date": [
          "Thu, 26 Aug 2021 22:01:25 GMT"
        ],
        "Expires": [
          "-1"
        ],
        "Content-Length": [
          "0"
        ]
      },
      "ResponseBody": "",
      "StatusCode": 200
    },
    {
      "RequestUri": "/subscriptions/0296790d-427c-48ca-b204-8b729bbd8670/resourceGroups/crptestar5561/providers/Microsoft.Compute/disks/diskrp4914?api-version=2020-12-01",
      "EncodedRequestUri": "L3N1YnNjcmlwdGlvbnMvMDI5Njc5MGQtNDI3Yy00OGNhLWIyMDQtOGI3MjliYmQ4NjcwL3Jlc291cmNlR3JvdXBzL2NycHRlc3RhcjU1NjEvcHJvdmlkZXJzL01pY3Jvc29mdC5Db21wdXRlL2Rpc2tzL2Rpc2tycDQ5MTQ/YXBpLXZlcnNpb249MjAyMC0xMi0wMQ==",
      "RequestMethod": "PUT",
      "RequestBody": "{\r\n  \"sku\": {\r\n    \"name\": \"Standard_LRS\"\r\n  },\r\n  \"properties\": {\r\n    \"osType\": \"Linux\",\r\n    \"creationData\": {\r\n      \"createOption\": \"Import\",\r\n      \"storageAccountId\": \"/subscriptions/0296790d-427c-48ca-b204-8b729bbd8670/resourceGroups/crptestar5561/providers/Microsoft.Storage/storageAccounts/diskrp2849\",\r\n      \"sourceUri\": \"https://diskrp2849.blob.core.windows.net/crptestar7187/oscrptestar5952.vhd\"\r\n    },\r\n    \"diskSizeGB\": 150\r\n  },\r\n  \"location\": \"eastus2\"\r\n}",
      "RequestHeaders": {
        "x-ms-client-request-id": [
          "9f2b8603-6157-44d3-97af-09e9f996b544"
        ],
        "Accept-Language": [
          "en-US"
        ],
        "User-Agent": [
          "FxVersion/4.6.30411.01",
          "OSName/Windows",
          "OSVersion/Microsoft.Windows.10.0.19043.",
          "Microsoft.Azure.Management.Compute.ComputeManagementClient/48.0.0"
        ],
        "Content-Type": [
          "application/json; charset=utf-8"
        ],
        "Content-Length": [
          "474"
        ]
      },
      "ResponseHeaders": {
        "Cache-Control": [
          "no-cache"
        ],
        "Pragma": [
          "no-cache"
        ],
        "Location": [
          "https://management.azure.com/subscriptions/0296790d-427c-48ca-b204-8b729bbd8670/providers/Microsoft.Compute/locations/eastus2/DiskOperations/cbc14cb2-b344-443d-8bdf-3448fa7657eb?monitor=true&api-version=2020-12-01"
        ],
        "Retry-After": [
          "2"
        ],
        "Azure-AsyncOperation": [
          "https://management.azure.com/subscriptions/0296790d-427c-48ca-b204-8b729bbd8670/providers/Microsoft.Compute/locations/eastus2/DiskOperations/cbc14cb2-b344-443d-8bdf-3448fa7657eb?api-version=2020-12-01"
        ],
        "x-ms-ratelimit-remaining-resource": [
          "Microsoft.Compute/CreateUpdateDisks3Min;999,Microsoft.Compute/CreateUpdateDisks30Min;7997"
        ],
        "Strict-Transport-Security": [
          "max-age=31536000; includeSubDomains"
        ],
        "x-ms-served-by": [
          "03f446cd-58dc-43ce-82ff-a22164fae905_132715521494993714"
        ],
        "x-ms-request-id": [
          "cbc14cb2-b344-443d-8bdf-3448fa7657eb"
        ],
        "Server": [
          "Microsoft-HTTPAPI/2.0",
          "Microsoft-HTTPAPI/2.0"
        ],
        "x-ms-ratelimit-remaining-subscription-writes": [
          "1196"
        ],
        "x-ms-correlation-request-id": [
          "49c75891-7cdd-4e5c-a2cc-23cb302c1460"
        ],
        "x-ms-routing-request-id": [
          "WESTCENTRALUS:20210826T220127Z:49c75891-7cdd-4e5c-a2cc-23cb302c1460"
        ],
        "X-Content-Type-Options": [
          "nosniff"
        ],
        "Date": [
          "Thu, 26 Aug 2021 22:01:27 GMT"
        ],
        "Content-Length": [
          "565"
        ],
        "Content-Type": [
          "application/json; charset=utf-8"
        ],
        "Expires": [
          "-1"
        ]
      },
      "ResponseBody": "{\r\n  \"name\": \"diskrp4914\",\r\n  \"location\": \"eastus2\",\r\n  \"sku\": {\r\n    \"name\": \"Standard_LRS\"\r\n  },\r\n  \"properties\": {\r\n    \"osType\": \"Linux\",\r\n    \"creationData\": {\r\n      \"createOption\": \"Import\",\r\n      \"storageAccountId\": \"/subscriptions/0296790d-427c-48ca-b204-8b729bbd8670/resourceGroups/crptestar5561/providers/Microsoft.Storage/storageAccounts/diskrp2849\",\r\n      \"sourceUri\": \"https://diskrp2849.blob.core.windows.net/crptestar7187/oscrptestar5952.vhd\"\r\n    },\r\n    \"diskSizeGB\": 150,\r\n    \"provisioningState\": \"Updating\",\r\n    \"isArmResource\": true\r\n  }\r\n}",
      "StatusCode": 202
    },
    {
      "RequestUri": "/subscriptions/0296790d-427c-48ca-b204-8b729bbd8670/providers/Microsoft.Compute/locations/eastus2/DiskOperations/cbc14cb2-b344-443d-8bdf-3448fa7657eb?api-version=2020-12-01",
      "EncodedRequestUri": "L3N1YnNjcmlwdGlvbnMvMDI5Njc5MGQtNDI3Yy00OGNhLWIyMDQtOGI3MjliYmQ4NjcwL3Byb3ZpZGVycy9NaWNyb3NvZnQuQ29tcHV0ZS9sb2NhdGlvbnMvZWFzdHVzMi9EaXNrT3BlcmF0aW9ucy9jYmMxNGNiMi1iMzQ0LTQ0M2QtOGJkZi0zNDQ4ZmE3NjU3ZWI/YXBpLXZlcnNpb249MjAyMC0xMi0wMQ==",
      "RequestMethod": "GET",
      "RequestBody": "",
      "RequestHeaders": {
        "User-Agent": [
          "FxVersion/4.6.30411.01",
          "OSName/Windows",
          "OSVersion/Microsoft.Windows.10.0.19043.",
          "Microsoft.Azure.Management.Compute.ComputeManagementClient/48.0.0"
        ]
      },
      "ResponseHeaders": {
        "Cache-Control": [
          "no-cache"
        ],
        "Pragma": [
          "no-cache"
        ],
        "x-ms-ratelimit-remaining-resource": [
          "Microsoft.Compute/GetOperation3Min;49999,Microsoft.Compute/GetOperation30Min;399983"
        ],
        "Strict-Transport-Security": [
          "max-age=31536000; includeSubDomains"
        ],
        "x-ms-served-by": [
          "03f446cd-58dc-43ce-82ff-a22164fae905_132715521494993714"
        ],
        "x-ms-request-id": [
          "029cbdc8-81b4-412b-9457-ddc69f8a787e"
        ],
        "Server": [
          "Microsoft-HTTPAPI/2.0",
          "Microsoft-HTTPAPI/2.0"
        ],
        "x-ms-ratelimit-remaining-subscription-reads": [
          "11982"
        ],
        "x-ms-correlation-request-id": [
          "c59280de-5636-49d3-b45a-fb314bae8107"
        ],
        "x-ms-routing-request-id": [
          "WESTCENTRALUS:20210826T220129Z:c59280de-5636-49d3-b45a-fb314bae8107"
        ],
        "X-Content-Type-Options": [
          "nosniff"
        ],
        "Date": [
          "Thu, 26 Aug 2021 22:01:29 GMT"
        ],
        "Content-Length": [
          "1325"
        ],
        "Content-Type": [
          "application/json; charset=utf-8"
        ],
        "Expires": [
          "-1"
        ]
      },
      "ResponseBody": "{\r\n  \"startTime\": \"2021-08-26T15:01:27.0931121-07:00\",\r\n  \"endTime\": \"2021-08-26T15:01:28.6867715-07:00\",\r\n  \"status\": \"Succeeded\",\r\n  \"properties\": {\r\n    \"output\": {\r\n      \"name\": \"diskrp4914\",\r\n      \"id\": \"/subscriptions/0296790d-427c-48ca-b204-8b729bbd8670/resourceGroups/crptestar5561/providers/Microsoft.Compute/disks/diskrp4914\",\r\n      \"type\": \"Microsoft.Compute/disks\",\r\n      \"location\": \"eastus2\",\r\n      \"sku\": {\r\n        \"name\": \"Standard_LRS\",\r\n        \"tier\": \"Standard\"\r\n      },\r\n      \"properties\": {\r\n        \"osType\": \"Linux\",\r\n        \"creationData\": {\r\n          \"createOption\": \"Import\",\r\n          \"storageAccountId\": \"/subscriptions/0296790d-427c-48ca-b204-8b729bbd8670/resourceGroups/crptestar5561/providers/Microsoft.Storage/storageAccounts/diskrp2849\",\r\n          \"sourceUri\": \"https://diskrp2849.blob.core.windows.net/crptestar7187/oscrptestar5952.vhd\"\r\n        },\r\n        \"diskSizeGB\": 150,\r\n        \"diskIOPSReadWrite\": 500,\r\n        \"diskMBpsReadWrite\": 60,\r\n        \"encryption\": {\r\n          \"type\": \"EncryptionAtRestWithPlatformKey\"\r\n        },\r\n        \"timeCreated\": \"2021-08-26T15:01:27.1867127-07:00\",\r\n        \"provisioningState\": \"Succeeded\",\r\n        \"diskState\": \"Unattached\",\r\n        \"diskSizeBytes\": 161061273600,\r\n        \"uniqueId\": \"adb17cef-b497-4b89-99be-5e4c6d0a2b05\",\r\n        \"networkAccessPolicy\": \"AllowAll\"\r\n      }\r\n    }\r\n  },\r\n  \"name\": \"cbc14cb2-b344-443d-8bdf-3448fa7657eb\"\r\n}",
      "StatusCode": 200
    },
    {
      "RequestUri": "/subscriptions/0296790d-427c-48ca-b204-8b729bbd8670/resourceGroups/crptestar5561/providers/Microsoft.Compute/disks/diskrp4914?api-version=2020-12-01",
      "EncodedRequestUri": "L3N1YnNjcmlwdGlvbnMvMDI5Njc5MGQtNDI3Yy00OGNhLWIyMDQtOGI3MjliYmQ4NjcwL3Jlc291cmNlR3JvdXBzL2NycHRlc3RhcjU1NjEvcHJvdmlkZXJzL01pY3Jvc29mdC5Db21wdXRlL2Rpc2tzL2Rpc2tycDQ5MTQ/YXBpLXZlcnNpb249MjAyMC0xMi0wMQ==",
      "RequestMethod": "GET",
      "RequestBody": "",
      "RequestHeaders": {
        "User-Agent": [
          "FxVersion/4.6.30411.01",
          "OSName/Windows",
          "OSVersion/Microsoft.Windows.10.0.19043.",
          "Microsoft.Azure.Management.Compute.ComputeManagementClient/48.0.0"
        ]
      },
      "ResponseHeaders": {
        "Cache-Control": [
          "no-cache"
        ],
        "Pragma": [
          "no-cache"
        ],
        "x-ms-ratelimit-remaining-resource": [
          "Microsoft.Compute/LowCostGet3Min;14999,Microsoft.Compute/LowCostGet30Min;119979"
        ],
        "Strict-Transport-Security": [
          "max-age=31536000; includeSubDomains"
        ],
        "x-ms-served-by": [
          "03f446cd-58dc-43ce-82ff-a22164fae905_132715521494993714"
        ],
        "x-ms-request-id": [
          "dbcbc074-2f86-424d-8aaf-82e83c75a47e"
        ],
        "Server": [
          "Microsoft-HTTPAPI/2.0",
          "Microsoft-HTTPAPI/2.0"
        ],
        "x-ms-ratelimit-remaining-subscription-reads": [
          "11981"
        ],
        "x-ms-correlation-request-id": [
          "5c1954ce-456a-45a0-a15d-d731f2fd8c7a"
        ],
        "x-ms-routing-request-id": [
          "WESTCENTRALUS:20210826T220129Z:5c1954ce-456a-45a0-a15d-d731f2fd8c7a"
        ],
        "X-Content-Type-Options": [
          "nosniff"
        ],
        "Date": [
          "Thu, 26 Aug 2021 22:01:29 GMT"
        ],
        "Content-Length": [
          "1100"
        ],
        "Content-Type": [
          "application/json; charset=utf-8"
        ],
        "Expires": [
          "-1"
        ]
      },
      "ResponseBody": "{\r\n  \"name\": \"diskrp4914\",\r\n  \"id\": \"/subscriptions/0296790d-427c-48ca-b204-8b729bbd8670/resourceGroups/crptestar5561/providers/Microsoft.Compute/disks/diskrp4914\",\r\n  \"type\": \"Microsoft.Compute/disks\",\r\n  \"location\": \"eastus2\",\r\n  \"sku\": {\r\n    \"name\": \"Standard_LRS\",\r\n    \"tier\": \"Standard\"\r\n  },\r\n  \"properties\": {\r\n    \"osType\": \"Linux\",\r\n    \"creationData\": {\r\n      \"createOption\": \"Import\",\r\n      \"storageAccountId\": \"/subscriptions/0296790d-427c-48ca-b204-8b729bbd8670/resourceGroups/crptestar5561/providers/Microsoft.Storage/storageAccounts/diskrp2849\",\r\n      \"sourceUri\": \"https://diskrp2849.blob.core.windows.net/crptestar7187/oscrptestar5952.vhd\"\r\n    },\r\n    \"diskSizeGB\": 150,\r\n    \"diskIOPSReadWrite\": 500,\r\n    \"diskMBpsReadWrite\": 60,\r\n    \"encryption\": {\r\n      \"type\": \"EncryptionAtRestWithPlatformKey\"\r\n    },\r\n    \"timeCreated\": \"2021-08-26T15:01:27.1867127-07:00\",\r\n    \"provisioningState\": \"Succeeded\",\r\n    \"diskState\": \"Unattached\",\r\n    \"diskSizeBytes\": 161061273600,\r\n    \"uniqueId\": \"adb17cef-b497-4b89-99be-5e4c6d0a2b05\",\r\n    \"networkAccessPolicy\": \"AllowAll\"\r\n  }\r\n}",
      "StatusCode": 200
    },
    {
      "RequestUri": "/subscriptions/0296790d-427c-48ca-b204-8b729bbd8670/resourceGroups/crptestar5561/providers/Microsoft.Compute/disks/diskrp4914?api-version=2020-12-01",
      "EncodedRequestUri": "L3N1YnNjcmlwdGlvbnMvMDI5Njc5MGQtNDI3Yy00OGNhLWIyMDQtOGI3MjliYmQ4NjcwL3Jlc291cmNlR3JvdXBzL2NycHRlc3RhcjU1NjEvcHJvdmlkZXJzL01pY3Jvc29mdC5Db21wdXRlL2Rpc2tzL2Rpc2tycDQ5MTQ/YXBpLXZlcnNpb249MjAyMC0xMi0wMQ==",
      "RequestMethod": "GET",
      "RequestBody": "",
      "RequestHeaders": {
        "x-ms-client-request-id": [
          "7fdbfce5-1cfb-409a-8024-9b3632e2c214"
        ],
        "Accept-Language": [
          "en-US"
        ],
        "User-Agent": [
          "FxVersion/4.6.30411.01",
          "OSName/Windows",
          "OSVersion/Microsoft.Windows.10.0.19043.",
          "Microsoft.Azure.Management.Compute.ComputeManagementClient/48.0.0"
        ]
      },
      "ResponseHeaders": {
        "Cache-Control": [
          "no-cache"
        ],
        "Pragma": [
          "no-cache"
        ],
        "x-ms-ratelimit-remaining-resource": [
          "Microsoft.Compute/LowCostGet3Min;14998,Microsoft.Compute/LowCostGet30Min;119978"
        ],
        "Strict-Transport-Security": [
          "max-age=31536000; includeSubDomains"
        ],
        "x-ms-served-by": [
          "03f446cd-58dc-43ce-82ff-a22164fae905_132715521494993714"
        ],
        "x-ms-request-id": [
          "b0a95560-0169-4e5a-95b7-102a0cc45990"
        ],
        "Server": [
          "Microsoft-HTTPAPI/2.0",
          "Microsoft-HTTPAPI/2.0"
        ],
        "x-ms-ratelimit-remaining-subscription-reads": [
          "11980"
        ],
        "x-ms-correlation-request-id": [
          "494683e0-8f89-4381-b59e-fbab977184be"
        ],
        "x-ms-routing-request-id": [
          "WESTCENTRALUS:20210826T220129Z:494683e0-8f89-4381-b59e-fbab977184be"
        ],
        "X-Content-Type-Options": [
          "nosniff"
        ],
        "Date": [
          "Thu, 26 Aug 2021 22:01:29 GMT"
        ],
        "Content-Length": [
          "1100"
        ],
        "Content-Type": [
          "application/json; charset=utf-8"
        ],
        "Expires": [
          "-1"
        ]
      },
      "ResponseBody": "{\r\n  \"name\": \"diskrp4914\",\r\n  \"id\": \"/subscriptions/0296790d-427c-48ca-b204-8b729bbd8670/resourceGroups/crptestar5561/providers/Microsoft.Compute/disks/diskrp4914\",\r\n  \"type\": \"Microsoft.Compute/disks\",\r\n  \"location\": \"eastus2\",\r\n  \"sku\": {\r\n    \"name\": \"Standard_LRS\",\r\n    \"tier\": \"Standard\"\r\n  },\r\n  \"properties\": {\r\n    \"osType\": \"Linux\",\r\n    \"creationData\": {\r\n      \"createOption\": \"Import\",\r\n      \"storageAccountId\": \"/subscriptions/0296790d-427c-48ca-b204-8b729bbd8670/resourceGroups/crptestar5561/providers/Microsoft.Storage/storageAccounts/diskrp2849\",\r\n      \"sourceUri\": \"https://diskrp2849.blob.core.windows.net/crptestar7187/oscrptestar5952.vhd\"\r\n    },\r\n    \"diskSizeGB\": 150,\r\n    \"diskIOPSReadWrite\": 500,\r\n    \"diskMBpsReadWrite\": 60,\r\n    \"encryption\": {\r\n      \"type\": \"EncryptionAtRestWithPlatformKey\"\r\n    },\r\n    \"timeCreated\": \"2021-08-26T15:01:27.1867127-07:00\",\r\n    \"provisioningState\": \"Succeeded\",\r\n    \"diskState\": \"Unattached\",\r\n    \"diskSizeBytes\": 161061273600,\r\n    \"uniqueId\": \"adb17cef-b497-4b89-99be-5e4c6d0a2b05\",\r\n    \"networkAccessPolicy\": \"AllowAll\"\r\n  }\r\n}",
      "StatusCode": 200
    },
    {
      "RequestUri": "/subscriptions/0296790d-427c-48ca-b204-8b729bbd8670/resourceGroups/crptestar5561/providers/Microsoft.Compute/disks/diskrp4914?api-version=2020-12-01",
      "EncodedRequestUri": "L3N1YnNjcmlwdGlvbnMvMDI5Njc5MGQtNDI3Yy00OGNhLWIyMDQtOGI3MjliYmQ4NjcwL3Jlc291cmNlR3JvdXBzL2NycHRlc3RhcjU1NjEvcHJvdmlkZXJzL01pY3Jvc29mdC5Db21wdXRlL2Rpc2tzL2Rpc2tycDQ5MTQ/YXBpLXZlcnNpb249MjAyMC0xMi0wMQ==",
      "RequestMethod": "GET",
      "RequestBody": "",
      "RequestHeaders": {
        "x-ms-client-request-id": [
          "74f01332-be03-42d1-924c-328961e07ca9"
        ],
        "Accept-Language": [
          "en-US"
        ],
        "User-Agent": [
          "FxVersion/4.6.30411.01",
          "OSName/Windows",
          "OSVersion/Microsoft.Windows.10.0.19043.",
          "Microsoft.Azure.Management.Compute.ComputeManagementClient/48.0.0"
        ]
      },
      "ResponseHeaders": {
        "Cache-Control": [
          "no-cache"
        ],
        "Pragma": [
          "no-cache"
        ],
        "x-ms-ratelimit-remaining-resource": [
          "Microsoft.Compute/LowCostGet3Min;14995,Microsoft.Compute/LowCostGet30Min;119975"
        ],
        "Strict-Transport-Security": [
          "max-age=31536000; includeSubDomains"
        ],
        "x-ms-served-by": [
          "03f446cd-58dc-43ce-82ff-a22164fae905_132715521494993714"
        ],
        "x-ms-request-id": [
          "70b28c2a-d33a-4b2e-9928-27572ef85c78"
        ],
        "Server": [
          "Microsoft-HTTPAPI/2.0",
          "Microsoft-HTTPAPI/2.0"
        ],
        "x-ms-ratelimit-remaining-subscription-reads": [
          "11977"
        ],
        "x-ms-correlation-request-id": [
          "7e4ab26b-c078-41cd-8d04-eab2f3354a2e"
        ],
        "x-ms-routing-request-id": [
          "WESTCENTRALUS:20210826T220200Z:7e4ab26b-c078-41cd-8d04-eab2f3354a2e"
        ],
        "X-Content-Type-Options": [
          "nosniff"
        ],
        "Date": [
          "Thu, 26 Aug 2021 22:02:00 GMT"
        ],
        "Content-Length": [
          "1099"
        ],
        "Content-Type": [
          "application/json; charset=utf-8"
        ],
        "Expires": [
          "-1"
        ]
      },
      "ResponseBody": "{\r\n  \"name\": \"diskrp4914\",\r\n  \"id\": \"/subscriptions/0296790d-427c-48ca-b204-8b729bbd8670/resourceGroups/crptestar5561/providers/Microsoft.Compute/disks/diskrp4914\",\r\n  \"type\": \"Microsoft.Compute/disks\",\r\n  \"location\": \"eastus2\",\r\n  \"sku\": {\r\n    \"name\": \"Standard_LRS\",\r\n    \"tier\": \"Standard\"\r\n  },\r\n  \"properties\": {\r\n    \"osType\": \"Linux\",\r\n    \"creationData\": {\r\n      \"createOption\": \"Import\",\r\n      \"storageAccountId\": \"/subscriptions/0296790d-427c-48ca-b204-8b729bbd8670/resourceGroups/crptestar5561/providers/Microsoft.Storage/storageAccounts/diskrp2849\",\r\n      \"sourceUri\": \"https://diskrp2849.blob.core.windows.net/crptestar7187/oscrptestar5952.vhd\"\r\n    },\r\n    \"diskSizeGB\": 150,\r\n    \"diskIOPSReadWrite\": 500,\r\n    \"diskMBpsReadWrite\": 60,\r\n    \"encryption\": {\r\n      \"type\": \"EncryptionAtRestWithPlatformKey\"\r\n    },\r\n    \"timeCreated\": \"2021-08-26T15:01:27.1867127-07:00\",\r\n    \"provisioningState\": \"Succeeded\",\r\n    \"diskState\": \"ActiveSAS\",\r\n    \"diskSizeBytes\": 161061273600,\r\n    \"uniqueId\": \"adb17cef-b497-4b89-99be-5e4c6d0a2b05\",\r\n    \"networkAccessPolicy\": \"AllowAll\"\r\n  }\r\n}",
      "StatusCode": 200
    },
    {
      "RequestUri": "/subscriptions/0296790d-427c-48ca-b204-8b729bbd8670/resourceGroups/crptestar5561/providers/Microsoft.Compute/disks/diskrp4914?api-version=2020-12-01",
      "EncodedRequestUri": "L3N1YnNjcmlwdGlvbnMvMDI5Njc5MGQtNDI3Yy00OGNhLWIyMDQtOGI3MjliYmQ4NjcwL3Jlc291cmNlR3JvdXBzL2NycHRlc3RhcjU1NjEvcHJvdmlkZXJzL01pY3Jvc29mdC5Db21wdXRlL2Rpc2tzL2Rpc2tycDQ5MTQ/YXBpLXZlcnNpb249MjAyMC0xMi0wMQ==",
      "RequestMethod": "GET",
      "RequestBody": "",
      "RequestHeaders": {
        "User-Agent": [
          "FxVersion/4.6.30411.01",
          "OSName/Windows",
          "OSVersion/Microsoft.Windows.10.0.19043.",
          "Microsoft.Azure.Management.Compute.ComputeManagementClient/48.0.0"
        ]
      },
      "ResponseHeaders": {
        "Cache-Control": [
          "no-cache"
        ],
        "Pragma": [
          "no-cache"
        ],
        "x-ms-ratelimit-remaining-resource": [
          "Microsoft.Compute/LowCostGet3Min;14994,Microsoft.Compute/LowCostGet30Min;119974"
        ],
        "Strict-Transport-Security": [
          "max-age=31536000; includeSubDomains"
        ],
        "x-ms-served-by": [
          "03f446cd-58dc-43ce-82ff-a22164fae905_132715521494993714"
        ],
        "x-ms-request-id": [
          "59b7d825-8c8a-4f2c-b8fa-59579246d2f2"
        ],
        "Server": [
          "Microsoft-HTTPAPI/2.0",
          "Microsoft-HTTPAPI/2.0"
        ],
        "x-ms-ratelimit-remaining-subscription-reads": [
          "11975"
        ],
        "x-ms-correlation-request-id": [
          "bc7b10e7-605b-463d-8ee4-796fb8b45883"
        ],
        "x-ms-routing-request-id": [
          "WESTCENTRALUS:20210826T220202Z:bc7b10e7-605b-463d-8ee4-796fb8b45883"
        ],
        "X-Content-Type-Options": [
          "nosniff"
        ],
        "Date": [
          "Thu, 26 Aug 2021 22:02:02 GMT"
        ],
        "Content-Length": [
          "1145"
        ],
        "Content-Type": [
          "application/json; charset=utf-8"
        ],
        "Expires": [
          "-1"
        ]
      },
      "ResponseBody": "{\r\n  \"name\": \"diskrp4914\",\r\n  \"id\": \"/subscriptions/0296790d-427c-48ca-b204-8b729bbd8670/resourceGroups/crptestar5561/providers/Microsoft.Compute/disks/diskrp4914\",\r\n  \"type\": \"Microsoft.Compute/disks\",\r\n  \"location\": \"eastus2\",\r\n  \"tags\": {\r\n    \"tageKey\": \"tagvalue\"\r\n  },\r\n  \"sku\": {\r\n    \"name\": \"Standard_LRS\",\r\n    \"tier\": \"Standard\"\r\n  },\r\n  \"properties\": {\r\n    \"osType\": \"Linux\",\r\n    \"creationData\": {\r\n      \"createOption\": \"Import\",\r\n      \"storageAccountId\": \"/subscriptions/0296790d-427c-48ca-b204-8b729bbd8670/resourceGroups/crptestar5561/providers/Microsoft.Storage/storageAccounts/diskrp2849\",\r\n      \"sourceUri\": \"https://diskrp2849.blob.core.windows.net/crptestar7187/oscrptestar5952.vhd\"\r\n    },\r\n    \"diskSizeGB\": 150,\r\n    \"diskIOPSReadWrite\": 500,\r\n    \"diskMBpsReadWrite\": 60,\r\n    \"encryption\": {\r\n      \"type\": \"EncryptionAtRestWithPlatformKey\"\r\n    },\r\n    \"timeCreated\": \"2021-08-26T15:01:27.1867127-07:00\",\r\n    \"provisioningState\": \"Succeeded\",\r\n    \"diskState\": \"ActiveSAS\",\r\n    \"diskSizeBytes\": 161061273600,\r\n    \"uniqueId\": \"adb17cef-b497-4b89-99be-5e4c6d0a2b05\",\r\n    \"networkAccessPolicy\": \"AllowAll\"\r\n  }\r\n}",
      "StatusCode": 200
    },
    {
      "RequestUri": "/subscriptions/0296790d-427c-48ca-b204-8b729bbd8670/resourceGroups/crptestar5561/providers/Microsoft.Compute/disks/diskrp4914?api-version=2020-12-01",
      "EncodedRequestUri": "L3N1YnNjcmlwdGlvbnMvMDI5Njc5MGQtNDI3Yy00OGNhLWIyMDQtOGI3MjliYmQ4NjcwL3Jlc291cmNlR3JvdXBzL2NycHRlc3RhcjU1NjEvcHJvdmlkZXJzL01pY3Jvc29mdC5Db21wdXRlL2Rpc2tzL2Rpc2tycDQ5MTQ/YXBpLXZlcnNpb249MjAyMC0xMi0wMQ==",
      "RequestMethod": "GET",
      "RequestBody": "",
      "RequestHeaders": {
        "x-ms-client-request-id": [
          "f5e2e7a3-3a04-422f-af4b-12082d133358"
        ],
        "Accept-Language": [
          "en-US"
        ],
        "User-Agent": [
          "FxVersion/4.6.30411.01",
          "OSName/Windows",
          "OSVersion/Microsoft.Windows.10.0.19043.",
          "Microsoft.Azure.Management.Compute.ComputeManagementClient/48.0.0"
        ]
      },
      "ResponseHeaders": {
        "Cache-Control": [
          "no-cache"
        ],
        "Pragma": [
          "no-cache"
        ],
        "x-ms-ratelimit-remaining-resource": [
          "Microsoft.Compute/LowCostGet3Min;14993,Microsoft.Compute/LowCostGet30Min;119973"
        ],
        "Strict-Transport-Security": [
          "max-age=31536000; includeSubDomains"
        ],
        "x-ms-served-by": [
          "03f446cd-58dc-43ce-82ff-a22164fae905_132715521494993714"
        ],
        "x-ms-request-id": [
          "97e87870-4be9-4119-9d2c-5d2c76f6cda0"
        ],
        "Server": [
          "Microsoft-HTTPAPI/2.0",
          "Microsoft-HTTPAPI/2.0"
        ],
        "x-ms-ratelimit-remaining-subscription-reads": [
          "11974"
        ],
        "x-ms-correlation-request-id": [
          "c620ad86-eeb8-468f-81b1-068a708055b2"
        ],
        "x-ms-routing-request-id": [
          "WESTCENTRALUS:20210826T220202Z:c620ad86-eeb8-468f-81b1-068a708055b2"
        ],
        "X-Content-Type-Options": [
          "nosniff"
        ],
        "Date": [
          "Thu, 26 Aug 2021 22:02:02 GMT"
        ],
        "Content-Length": [
          "1145"
        ],
        "Content-Type": [
          "application/json; charset=utf-8"
        ],
        "Expires": [
          "-1"
        ]
      },
      "ResponseBody": "{\r\n  \"name\": \"diskrp4914\",\r\n  \"id\": \"/subscriptions/0296790d-427c-48ca-b204-8b729bbd8670/resourceGroups/crptestar5561/providers/Microsoft.Compute/disks/diskrp4914\",\r\n  \"type\": \"Microsoft.Compute/disks\",\r\n  \"location\": \"eastus2\",\r\n  \"tags\": {\r\n    \"tageKey\": \"tagvalue\"\r\n  },\r\n  \"sku\": {\r\n    \"name\": \"Standard_LRS\",\r\n    \"tier\": \"Standard\"\r\n  },\r\n  \"properties\": {\r\n    \"osType\": \"Linux\",\r\n    \"creationData\": {\r\n      \"createOption\": \"Import\",\r\n      \"storageAccountId\": \"/subscriptions/0296790d-427c-48ca-b204-8b729bbd8670/resourceGroups/crptestar5561/providers/Microsoft.Storage/storageAccounts/diskrp2849\",\r\n      \"sourceUri\": \"https://diskrp2849.blob.core.windows.net/crptestar7187/oscrptestar5952.vhd\"\r\n    },\r\n    \"diskSizeGB\": 150,\r\n    \"diskIOPSReadWrite\": 500,\r\n    \"diskMBpsReadWrite\": 60,\r\n    \"encryption\": {\r\n      \"type\": \"EncryptionAtRestWithPlatformKey\"\r\n    },\r\n    \"timeCreated\": \"2021-08-26T15:01:27.1867127-07:00\",\r\n    \"provisioningState\": \"Succeeded\",\r\n    \"diskState\": \"ActiveSAS\",\r\n    \"diskSizeBytes\": 161061273600,\r\n    \"uniqueId\": \"adb17cef-b497-4b89-99be-5e4c6d0a2b05\",\r\n    \"networkAccessPolicy\": \"AllowAll\"\r\n  }\r\n}",
      "StatusCode": 200
    },
    {
      "RequestUri": "/subscriptions/0296790d-427c-48ca-b204-8b729bbd8670/resourceGroups/crptestar5561/providers/Microsoft.Compute/disks/diskrp4914?api-version=2020-12-01",
      "EncodedRequestUri": "L3N1YnNjcmlwdGlvbnMvMDI5Njc5MGQtNDI3Yy00OGNhLWIyMDQtOGI3MjliYmQ4NjcwL3Jlc291cmNlR3JvdXBzL2NycHRlc3RhcjU1NjEvcHJvdmlkZXJzL01pY3Jvc29mdC5Db21wdXRlL2Rpc2tzL2Rpc2tycDQ5MTQ/YXBpLXZlcnNpb249MjAyMC0xMi0wMQ==",
      "RequestMethod": "GET",
      "RequestBody": "",
      "RequestHeaders": {
        "x-ms-client-request-id": [
          "2e74d26e-164a-415c-a83a-557c405d8d89"
        ],
        "Accept-Language": [
          "en-US"
        ],
        "User-Agent": [
          "FxVersion/4.6.30411.01",
          "OSName/Windows",
          "OSVersion/Microsoft.Windows.10.0.19043.",
          "Microsoft.Azure.Management.Compute.ComputeManagementClient/48.0.0"
        ]
      },
      "ResponseHeaders": {
        "Cache-Control": [
          "no-cache"
        ],
        "Pragma": [
          "no-cache"
        ],
        "x-ms-failure-cause": [
          "gateway"
        ],
        "x-ms-request-id": [
          "5ab4cbd3-be89-40a0-9912-7b924095eb58"
        ],
        "x-ms-correlation-request-id": [
          "5ab4cbd3-be89-40a0-9912-7b924095eb58"
        ],
        "x-ms-routing-request-id": [
          "WESTCENTRALUS:20210826T220304Z:5ab4cbd3-be89-40a0-9912-7b924095eb58"
        ],
        "Strict-Transport-Security": [
          "max-age=31536000; includeSubDomains"
        ],
        "X-Content-Type-Options": [
          "nosniff"
        ],
        "Date": [
          "Thu, 26 Aug 2021 22:03:03 GMT"
        ],
        "Content-Type": [
          "application/json; charset=utf-8"
        ],
        "Expires": [
          "-1"
        ],
        "Content-Length": [
          "219"
        ]
      },
      "ResponseBody": "{\r\n  \"error\": {\r\n    \"code\": \"ResourceNotFound\",\r\n    \"message\": \"The Resource 'Microsoft.Compute/disks/diskrp4914' under resource group 'crptestar5561' was not found. For more details please go to https://aka.ms/ARMResourceNotFoundFix\"\r\n  }\r\n}",
      "StatusCode": 404
    },
    {
      "RequestUri": "/subscriptions/0296790d-427c-48ca-b204-8b729bbd8670/resourceGroups/crptestar5561/providers/Microsoft.Compute/disks/diskrp4914/beginGetAccess?api-version=2020-12-01",
      "EncodedRequestUri": "L3N1YnNjcmlwdGlvbnMvMDI5Njc5MGQtNDI3Yy00OGNhLWIyMDQtOGI3MjliYmQ4NjcwL3Jlc291cmNlR3JvdXBzL2NycHRlc3RhcjU1NjEvcHJvdmlkZXJzL01pY3Jvc29mdC5Db21wdXRlL2Rpc2tzL2Rpc2tycDQ5MTQvYmVnaW5HZXRBY2Nlc3M/YXBpLXZlcnNpb249MjAyMC0xMi0wMQ==",
      "RequestMethod": "POST",
      "RequestBody": "{\r\n  \"access\": \"Read\",\r\n  \"durationInSeconds\": 1000\r\n}",
      "RequestHeaders": {
        "x-ms-client-request-id": [
          "309588b6-b4a1-4c54-a905-3ac6d4822de8"
        ],
        "Accept-Language": [
          "en-US"
        ],
        "User-Agent": [
          "FxVersion/4.6.30411.01",
          "OSName/Windows",
          "OSVersion/Microsoft.Windows.10.0.19043.",
          "Microsoft.Azure.Management.Compute.ComputeManagementClient/48.0.0"
        ],
        "Content-Type": [
          "application/json; charset=utf-8"
        ],
        "Content-Length": [
          "54"
        ]
      },
      "ResponseHeaders": {
        "Cache-Control": [
          "no-cache"
        ],
        "Pragma": [
          "no-cache"
        ],
        "Location": [
          "https://management.azure.com/subscriptions/0296790d-427c-48ca-b204-8b729bbd8670/providers/Microsoft.Compute/locations/eastus2/DiskOperations/7287c77a-dd0e-4578-b0d5-fbb50b4df831?monitor=true&api-version=2020-12-01"
        ],
        "Azure-AsyncOperation": [
          "https://management.azure.com/subscriptions/0296790d-427c-48ca-b204-8b729bbd8670/providers/Microsoft.Compute/locations/eastus2/DiskOperations/7287c77a-dd0e-4578-b0d5-fbb50b4df831?api-version=2020-12-01"
        ],
        "x-ms-ratelimit-remaining-resource": [
          "Microsoft.Compute/HighCostDiskHydrate3Min;999,Microsoft.Compute/HighCostDiskHydrate30Min;7999"
        ],
        "Strict-Transport-Security": [
          "max-age=31536000; includeSubDomains"
        ],
        "x-ms-served-by": [
          "03f446cd-58dc-43ce-82ff-a22164fae905_132715521494993714"
        ],
        "x-ms-request-id": [
          "7287c77a-dd0e-4578-b0d5-fbb50b4df831"
        ],
        "Server": [
          "Microsoft-HTTPAPI/2.0",
          "Microsoft-HTTPAPI/2.0"
        ],
        "x-ms-ratelimit-remaining-subscription-writes": [
          "1199"
        ],
        "x-ms-correlation-request-id": [
          "bd24eab8-67b0-4569-8a9f-07ac077fccea"
        ],
        "x-ms-routing-request-id": [
          "WESTCENTRALUS:20210826T220129Z:bd24eab8-67b0-4569-8a9f-07ac077fccea"
        ],
        "X-Content-Type-Options": [
          "nosniff"
        ],
        "Date": [
          "Thu, 26 Aug 2021 22:01:29 GMT"
        ],
        "Expires": [
          "-1"
        ],
        "Content-Length": [
          "0"
        ]
      },
      "ResponseBody": "",
      "StatusCode": 202
    },
    {
      "RequestUri": "/subscriptions/0296790d-427c-48ca-b204-8b729bbd8670/providers/Microsoft.Compute/locations/eastus2/DiskOperations/7287c77a-dd0e-4578-b0d5-fbb50b4df831?api-version=2020-12-01",
      "EncodedRequestUri": "L3N1YnNjcmlwdGlvbnMvMDI5Njc5MGQtNDI3Yy00OGNhLWIyMDQtOGI3MjliYmQ4NjcwL3Byb3ZpZGVycy9NaWNyb3NvZnQuQ29tcHV0ZS9sb2NhdGlvbnMvZWFzdHVzMi9EaXNrT3BlcmF0aW9ucy83Mjg3Yzc3YS1kZDBlLTQ1NzgtYjBkNS1mYmI1MGI0ZGY4MzE/YXBpLXZlcnNpb249MjAyMC0xMi0wMQ==",
      "RequestMethod": "GET",
      "RequestBody": "",
      "RequestHeaders": {
        "User-Agent": [
          "FxVersion/4.6.30411.01",
          "OSName/Windows",
          "OSVersion/Microsoft.Windows.10.0.19043.",
          "Microsoft.Azure.Management.Compute.ComputeManagementClient/48.0.0"
        ]
      },
      "ResponseHeaders": {
        "Cache-Control": [
          "no-cache"
        ],
        "Pragma": [
          "no-cache"
        ],
        "x-ms-ratelimit-remaining-resource": [
          "Microsoft.Compute/GetOperation3Min;49996,Microsoft.Compute/GetOperation30Min;399980"
        ],
        "Strict-Transport-Security": [
          "max-age=31536000; includeSubDomains"
        ],
        "x-ms-served-by": [
          "03f446cd-58dc-43ce-82ff-a22164fae905_132715521494993714"
        ],
        "x-ms-request-id": [
          "f43a5149-2cde-43a9-805d-2dfac49e30bc"
        ],
        "Server": [
          "Microsoft-HTTPAPI/2.0",
          "Microsoft-HTTPAPI/2.0"
        ],
        "x-ms-ratelimit-remaining-subscription-reads": [
          "11979"
        ],
        "x-ms-correlation-request-id": [
          "6ca0a0fc-a6e7-4416-a2fb-80dd5645fa69"
        ],
        "x-ms-routing-request-id": [
          "WESTCENTRALUS:20210826T220159Z:6ca0a0fc-a6e7-4416-a2fb-80dd5645fa69"
        ],
        "X-Content-Type-Options": [
          "nosniff"
        ],
        "Date": [
          "Thu, 26 Aug 2021 22:01:59 GMT"
        ],
        "Content-Length": [
          "436"
        ],
        "Content-Type": [
          "application/json; charset=utf-8"
        ],
        "Expires": [
          "-1"
        ]
      },
      "ResponseBody": "{\r\n  \"startTime\": \"2021-08-26T15:01:29.7492415-07:00\",\r\n  \"endTime\": \"2021-08-26T15:01:29.9211225-07:00\",\r\n  \"status\": \"Succeeded\",\r\n  \"properties\": {\r\n    \"output\": {\r\n      \"accessSAS\": \"https://md-hv1vc1z2bjtt.z44.blob.storage.azure.net/lwhz2rhwc5lt/abcd?sv=2018-03-28&sr=b&si=33472b7e-2e12-4364-a9ba-034f5ce11975&sig=%2BRLTQAmB%2BBlf%2BTUTEeqa1wQ4Ygw6Uhp6j%2BpEmr%2BHRwo%3D\"\r\n    }\r\n  },\r\n  \"name\": \"7287c77a-dd0e-4578-b0d5-fbb50b4df831\"\r\n}",
      "StatusCode": 200
    },
    {
      "RequestUri": "/subscriptions/0296790d-427c-48ca-b204-8b729bbd8670/providers/Microsoft.Compute/locations/eastus2/DiskOperations/7287c77a-dd0e-4578-b0d5-fbb50b4df831?monitor=true&api-version=2020-12-01",
      "EncodedRequestUri": "L3N1YnNjcmlwdGlvbnMvMDI5Njc5MGQtNDI3Yy00OGNhLWIyMDQtOGI3MjliYmQ4NjcwL3Byb3ZpZGVycy9NaWNyb3NvZnQuQ29tcHV0ZS9sb2NhdGlvbnMvZWFzdHVzMi9EaXNrT3BlcmF0aW9ucy83Mjg3Yzc3YS1kZDBlLTQ1NzgtYjBkNS1mYmI1MGI0ZGY4MzE/bW9uaXRvcj10cnVlJmFwaS12ZXJzaW9uPTIwMjAtMTItMDE=",
      "RequestMethod": "GET",
      "RequestBody": "",
      "RequestHeaders": {
        "User-Agent": [
          "FxVersion/4.6.30411.01",
          "OSName/Windows",
          "OSVersion/Microsoft.Windows.10.0.19043.",
          "Microsoft.Azure.Management.Compute.ComputeManagementClient/48.0.0"
        ]
      },
      "ResponseHeaders": {
        "Cache-Control": [
          "no-cache"
        ],
        "Pragma": [
          "no-cache"
        ],
        "x-ms-ratelimit-remaining-resource": [
          "Microsoft.Compute/GetOperation3Min;49995,Microsoft.Compute/GetOperation30Min;399979"
        ],
        "Strict-Transport-Security": [
          "max-age=31536000; includeSubDomains"
        ],
        "x-ms-served-by": [
          "03f446cd-58dc-43ce-82ff-a22164fae905_132715521494993714"
        ],
        "x-ms-request-id": [
          "0e9ac332-580a-40be-a343-98d17967f930"
        ],
        "Server": [
          "Microsoft-HTTPAPI/2.0",
          "Microsoft-HTTPAPI/2.0"
        ],
        "x-ms-ratelimit-remaining-subscription-reads": [
          "11978"
        ],
        "x-ms-correlation-request-id": [
          "b66d6a9f-06ed-4e42-8fef-e3b8a527a60c"
        ],
        "x-ms-routing-request-id": [
          "WESTCENTRALUS:20210826T220200Z:b66d6a9f-06ed-4e42-8fef-e3b8a527a60c"
        ],
        "X-Content-Type-Options": [
          "nosniff"
        ],
        "Date": [
          "Thu, 26 Aug 2021 22:01:59 GMT"
        ],
        "Content-Length": [
          "211"
        ],
        "Content-Type": [
          "application/json; charset=utf-8"
        ],
        "Expires": [
          "-1"
        ]
      },
      "ResponseBody": "{\r\n  \"accessSAS\": \"https://md-hv1vc1z2bjtt.z44.blob.storage.azure.net/lwhz2rhwc5lt/abcd?sv=2018-03-28&sr=b&si=33472b7e-2e12-4364-a9ba-034f5ce11975&sig=%2BRLTQAmB%2BBlf%2BTUTEeqa1wQ4Ygw6Uhp6j%2BpEmr%2BHRwo%3D\"\r\n}",
      "StatusCode": 200
    },
    {
      "RequestUri": "/subscriptions/0296790d-427c-48ca-b204-8b729bbd8670/resourceGroups/crptestar5561/providers/Microsoft.Compute/disks/diskrp4914?api-version=2020-12-01",
      "EncodedRequestUri": "L3N1YnNjcmlwdGlvbnMvMDI5Njc5MGQtNDI3Yy00OGNhLWIyMDQtOGI3MjliYmQ4NjcwL3Jlc291cmNlR3JvdXBzL2NycHRlc3RhcjU1NjEvcHJvdmlkZXJzL01pY3Jvc29mdC5Db21wdXRlL2Rpc2tzL2Rpc2tycDQ5MTQ/YXBpLXZlcnNpb249MjAyMC0xMi0wMQ==",
      "RequestMethod": "PATCH",
      "RequestBody": "{\r\n  \"tags\": {\r\n    \"tageKey\": \"tagvalue\"\r\n  }\r\n}",
      "RequestHeaders": {
        "x-ms-client-request-id": [
          "555765df-e5a9-4533-a9e8-5ddda1746b43"
        ],
        "Accept-Language": [
          "en-US"
        ],
        "User-Agent": [
          "FxVersion/4.6.30411.01",
          "OSName/Windows",
          "OSVersion/Microsoft.Windows.10.0.19043.",
          "Microsoft.Azure.Management.Compute.ComputeManagementClient/48.0.0"
        ],
        "Content-Type": [
          "application/json; charset=utf-8"
        ],
        "Content-Length": [
          "49"
        ]
      },
      "ResponseHeaders": {
        "Cache-Control": [
          "no-cache"
        ],
        "Pragma": [
          "no-cache"
        ],
        "Location": [
          "https://management.azure.com/subscriptions/0296790d-427c-48ca-b204-8b729bbd8670/providers/Microsoft.Compute/locations/eastus2/DiskOperations/0e321f81-db26-405d-9110-e9b4d07272e0?monitor=true&api-version=2020-12-01"
        ],
        "Retry-After": [
          "2"
        ],
        "Azure-AsyncOperation": [
          "https://management.azure.com/subscriptions/0296790d-427c-48ca-b204-8b729bbd8670/providers/Microsoft.Compute/locations/eastus2/DiskOperations/0e321f81-db26-405d-9110-e9b4d07272e0?api-version=2020-12-01"
        ],
        "x-ms-ratelimit-remaining-resource": [
          "Microsoft.Compute/CreateUpdateDisks3Min;998,Microsoft.Compute/CreateUpdateDisks30Min;7996"
        ],
        "Strict-Transport-Security": [
          "max-age=31536000; includeSubDomains"
        ],
        "x-ms-served-by": [
          "03f446cd-58dc-43ce-82ff-a22164fae905_132715521494993714"
        ],
        "x-ms-request-id": [
          "0e321f81-db26-405d-9110-e9b4d07272e0"
        ],
        "Server": [
          "Microsoft-HTTPAPI/2.0",
          "Microsoft-HTTPAPI/2.0"
        ],
        "x-ms-ratelimit-remaining-subscription-writes": [
          "1195"
        ],
        "x-ms-correlation-request-id": [
          "6ee2a359-c2dd-4f93-9555-c4fa3c6d8378"
        ],
        "x-ms-routing-request-id": [
          "WESTCENTRALUS:20210826T220200Z:6ee2a359-c2dd-4f93-9555-c4fa3c6d8378"
        ],
        "X-Content-Type-Options": [
          "nosniff"
        ],
        "Date": [
          "Thu, 26 Aug 2021 22:02:00 GMT"
        ],
        "Content-Length": [
          "659"
        ],
        "Content-Type": [
          "application/json; charset=utf-8"
        ],
        "Expires": [
          "-1"
        ]
      },
      "ResponseBody": "{\r\n  \"name\": \"diskrp4914\",\r\n  \"location\": \"eastus2\",\r\n  \"tags\": {\r\n    \"tageKey\": \"tagvalue\"\r\n  },\r\n  \"sku\": {\r\n    \"name\": \"Standard_LRS\",\r\n    \"tier\": \"Standard\"\r\n  },\r\n  \"properties\": {\r\n    \"osType\": \"Linux\",\r\n    \"creationData\": {\r\n      \"createOption\": \"Import\",\r\n      \"storageAccountId\": \"/subscriptions/0296790d-427c-48ca-b204-8b729bbd8670/resourceGroups/crptestar5561/providers/Microsoft.Storage/storageAccounts/diskrp2849\",\r\n      \"sourceUri\": \"https://diskrp2849.blob.core.windows.net/crptestar7187/oscrptestar5952.vhd\"\r\n    },\r\n    \"diskSizeGB\": 150,\r\n    \"provisioningState\": \"Updating\",\r\n    \"isArmResource\": true,\r\n    \"faultDomain\": 0\r\n  }\r\n}",
      "StatusCode": 202
    },
    {
      "RequestUri": "/subscriptions/0296790d-427c-48ca-b204-8b729bbd8670/providers/Microsoft.Compute/locations/eastus2/DiskOperations/0e321f81-db26-405d-9110-e9b4d07272e0?api-version=2020-12-01",
      "EncodedRequestUri": "L3N1YnNjcmlwdGlvbnMvMDI5Njc5MGQtNDI3Yy00OGNhLWIyMDQtOGI3MjliYmQ4NjcwL3Byb3ZpZGVycy9NaWNyb3NvZnQuQ29tcHV0ZS9sb2NhdGlvbnMvZWFzdHVzMi9EaXNrT3BlcmF0aW9ucy8wZTMyMWY4MS1kYjI2LTQwNWQtOTExMC1lOWI0ZDA3MjcyZTA/YXBpLXZlcnNpb249MjAyMC0xMi0wMQ==",
      "RequestMethod": "GET",
      "RequestBody": "",
      "RequestHeaders": {
        "User-Agent": [
          "FxVersion/4.6.30411.01",
          "OSName/Windows",
          "OSVersion/Microsoft.Windows.10.0.19043.",
          "Microsoft.Azure.Management.Compute.ComputeManagementClient/48.0.0"
        ]
      },
      "ResponseHeaders": {
        "Cache-Control": [
          "no-cache"
        ],
        "Pragma": [
          "no-cache"
        ],
        "x-ms-ratelimit-remaining-resource": [
          "Microsoft.Compute/GetOperation3Min;49994,Microsoft.Compute/GetOperation30Min;399978"
        ],
        "Strict-Transport-Security": [
          "max-age=31536000; includeSubDomains"
        ],
        "x-ms-served-by": [
          "03f446cd-58dc-43ce-82ff-a22164fae905_132715521494993714"
        ],
        "x-ms-request-id": [
          "ad3f282c-cced-497b-90a7-71977621bad7"
        ],
        "Server": [
          "Microsoft-HTTPAPI/2.0",
          "Microsoft-HTTPAPI/2.0"
        ],
        "x-ms-ratelimit-remaining-subscription-reads": [
          "11976"
        ],
        "x-ms-correlation-request-id": [
          "0c08c343-4c65-4324-bc3c-a9975625cb41"
        ],
        "x-ms-routing-request-id": [
          "WESTCENTRALUS:20210826T220202Z:0c08c343-4c65-4324-bc3c-a9975625cb41"
        ],
        "X-Content-Type-Options": [
          "nosniff"
        ],
        "Date": [
          "Thu, 26 Aug 2021 22:02:02 GMT"
        ],
        "Content-Length": [
          "1369"
        ],
        "Content-Type": [
          "application/json; charset=utf-8"
        ],
        "Expires": [
          "-1"
        ]
      },
      "ResponseBody": "{\r\n  \"startTime\": \"2021-08-26T15:02:00.5464076-07:00\",\r\n  \"endTime\": \"2021-08-26T15:02:00.640158-07:00\",\r\n  \"status\": \"Succeeded\",\r\n  \"properties\": {\r\n    \"output\": {\r\n      \"name\": \"diskrp4914\",\r\n      \"id\": \"/subscriptions/0296790d-427c-48ca-b204-8b729bbd8670/resourceGroups/crptestar5561/providers/Microsoft.Compute/disks/diskrp4914\",\r\n      \"type\": \"Microsoft.Compute/disks\",\r\n      \"location\": \"eastus2\",\r\n      \"tags\": {\r\n        \"tageKey\": \"tagvalue\"\r\n      },\r\n      \"sku\": {\r\n        \"name\": \"Standard_LRS\",\r\n        \"tier\": \"Standard\"\r\n      },\r\n      \"properties\": {\r\n        \"osType\": \"Linux\",\r\n        \"creationData\": {\r\n          \"createOption\": \"Import\",\r\n          \"storageAccountId\": \"/subscriptions/0296790d-427c-48ca-b204-8b729bbd8670/resourceGroups/crptestar5561/providers/Microsoft.Storage/storageAccounts/diskrp2849\",\r\n          \"sourceUri\": \"https://diskrp2849.blob.core.windows.net/crptestar7187/oscrptestar5952.vhd\"\r\n        },\r\n        \"diskSizeGB\": 150,\r\n        \"diskIOPSReadWrite\": 500,\r\n        \"diskMBpsReadWrite\": 60,\r\n        \"encryption\": {\r\n          \"type\": \"EncryptionAtRestWithPlatformKey\"\r\n        },\r\n        \"timeCreated\": \"2021-08-26T15:01:27.1867127-07:00\",\r\n        \"provisioningState\": \"Succeeded\",\r\n        \"diskState\": \"ActiveSAS\",\r\n        \"diskSizeBytes\": 161061273600,\r\n        \"uniqueId\": \"adb17cef-b497-4b89-99be-5e4c6d0a2b05\",\r\n        \"networkAccessPolicy\": \"AllowAll\"\r\n      }\r\n    }\r\n  },\r\n  \"name\": \"0e321f81-db26-405d-9110-e9b4d07272e0\"\r\n}",
      "StatusCode": 200
    },
    {
      "RequestUri": "/subscriptions/0296790d-427c-48ca-b204-8b729bbd8670/resourceGroups/crptestar5561/providers/Microsoft.Compute/disks/diskrp4914/endGetAccess?api-version=2020-12-01",
      "EncodedRequestUri": "L3N1YnNjcmlwdGlvbnMvMDI5Njc5MGQtNDI3Yy00OGNhLWIyMDQtOGI3MjliYmQ4NjcwL3Jlc291cmNlR3JvdXBzL2NycHRlc3RhcjU1NjEvcHJvdmlkZXJzL01pY3Jvc29mdC5Db21wdXRlL2Rpc2tzL2Rpc2tycDQ5MTQvZW5kR2V0QWNjZXNzP2FwaS12ZXJzaW9uPTIwMjAtMTItMDE=",
      "RequestMethod": "POST",
      "RequestBody": "",
      "RequestHeaders": {
        "x-ms-client-request-id": [
          "00251eec-7710-4dc0-bc76-6c678334adbc"
        ],
        "Accept-Language": [
          "en-US"
        ],
        "User-Agent": [
          "FxVersion/4.6.30411.01",
          "OSName/Windows",
          "OSVersion/Microsoft.Windows.10.0.19043.",
          "Microsoft.Azure.Management.Compute.ComputeManagementClient/48.0.0"
        ]
      },
      "ResponseHeaders": {
        "Cache-Control": [
          "no-cache"
        ],
        "Pragma": [
          "no-cache"
        ],
        "Location": [
          "https://management.azure.com/subscriptions/0296790d-427c-48ca-b204-8b729bbd8670/providers/Microsoft.Compute/locations/eastus2/DiskOperations/c8b33cc0-008a-4e95-a9a0-25d269278fda?monitor=true&api-version=2020-12-01"
        ],
        "Azure-AsyncOperation": [
          "https://management.azure.com/subscriptions/0296790d-427c-48ca-b204-8b729bbd8670/providers/Microsoft.Compute/locations/eastus2/DiskOperations/c8b33cc0-008a-4e95-a9a0-25d269278fda?api-version=2020-12-01"
        ],
        "x-ms-ratelimit-remaining-resource": [
          "Microsoft.Compute/HighCostDiskHydrate3Min;998,Microsoft.Compute/HighCostDiskHydrate30Min;7998"
        ],
        "Strict-Transport-Security": [
          "max-age=31536000; includeSubDomains"
        ],
        "x-ms-served-by": [
          "03f446cd-58dc-43ce-82ff-a22164fae905_132715521494993714"
        ],
        "x-ms-request-id": [
          "c8b33cc0-008a-4e95-a9a0-25d269278fda"
        ],
        "Server": [
          "Microsoft-HTTPAPI/2.0",
          "Microsoft-HTTPAPI/2.0"
        ],
        "x-ms-ratelimit-remaining-subscription-writes": [
          "1198"
        ],
        "x-ms-correlation-request-id": [
          "207be83b-7f77-493f-874d-87082bb40e3d"
        ],
        "x-ms-routing-request-id": [
          "WESTCENTRALUS:20210826T220203Z:207be83b-7f77-493f-874d-87082bb40e3d"
        ],
        "X-Content-Type-Options": [
          "nosniff"
        ],
        "Date": [
          "Thu, 26 Aug 2021 22:02:02 GMT"
        ],
        "Expires": [
          "-1"
        ],
        "Content-Length": [
          "0"
        ]
      },
      "ResponseBody": "",
      "StatusCode": 202
    },
    {
      "RequestUri": "/subscriptions/0296790d-427c-48ca-b204-8b729bbd8670/providers/Microsoft.Compute/locations/eastus2/DiskOperations/c8b33cc0-008a-4e95-a9a0-25d269278fda?api-version=2020-12-01",
      "EncodedRequestUri": "L3N1YnNjcmlwdGlvbnMvMDI5Njc5MGQtNDI3Yy00OGNhLWIyMDQtOGI3MjliYmQ4NjcwL3Byb3ZpZGVycy9NaWNyb3NvZnQuQ29tcHV0ZS9sb2NhdGlvbnMvZWFzdHVzMi9EaXNrT3BlcmF0aW9ucy9jOGIzM2NjMC0wMDhhLTRlOTUtYTlhMC0yNWQyNjkyNzhmZGE/YXBpLXZlcnNpb249MjAyMC0xMi0wMQ==",
      "RequestMethod": "GET",
      "RequestBody": "",
      "RequestHeaders": {
        "User-Agent": [
          "FxVersion/4.6.30411.01",
          "OSName/Windows",
          "OSVersion/Microsoft.Windows.10.0.19043.",
          "Microsoft.Azure.Management.Compute.ComputeManagementClient/48.0.0"
        ]
      },
      "ResponseHeaders": {
        "Cache-Control": [
          "no-cache"
        ],
        "Pragma": [
          "no-cache"
        ],
        "x-ms-ratelimit-remaining-resource": [
          "Microsoft.Compute/GetOperation3Min;49991,Microsoft.Compute/GetOperation30Min;399975"
        ],
        "Strict-Transport-Security": [
          "max-age=31536000; includeSubDomains"
        ],
        "x-ms-served-by": [
          "03f446cd-58dc-43ce-82ff-a22164fae905_132715521494993714"
        ],
        "x-ms-request-id": [
          "364d7790-2eff-4177-a744-903232c49f99"
        ],
        "Server": [
          "Microsoft-HTTPAPI/2.0",
          "Microsoft-HTTPAPI/2.0"
        ],
        "x-ms-ratelimit-remaining-subscription-reads": [
          "11973"
        ],
        "x-ms-correlation-request-id": [
          "f7d46c6e-009d-4d5f-b471-a3237242a9e8"
        ],
        "x-ms-routing-request-id": [
          "WESTCENTRALUS:20210826T220233Z:f7d46c6e-009d-4d5f-b471-a3237242a9e8"
        ],
        "X-Content-Type-Options": [
          "nosniff"
        ],
        "Date": [
          "Thu, 26 Aug 2021 22:02:32 GMT"
        ],
        "Content-Length": [
          "183"
        ],
        "Content-Type": [
          "application/json; charset=utf-8"
        ],
        "Expires": [
          "-1"
        ]
      },
      "ResponseBody": "{\r\n  \"startTime\": \"2021-08-26T15:02:03.1245487-07:00\",\r\n  \"endTime\": \"2021-08-26T15:02:03.249547-07:00\",\r\n  \"status\": \"Succeeded\",\r\n  \"name\": \"c8b33cc0-008a-4e95-a9a0-25d269278fda\"\r\n}",
      "StatusCode": 200
    },
    {
      "RequestUri": "/subscriptions/0296790d-427c-48ca-b204-8b729bbd8670/providers/Microsoft.Compute/locations/eastus2/DiskOperations/c8b33cc0-008a-4e95-a9a0-25d269278fda?monitor=true&api-version=2020-12-01",
      "EncodedRequestUri": "L3N1YnNjcmlwdGlvbnMvMDI5Njc5MGQtNDI3Yy00OGNhLWIyMDQtOGI3MjliYmQ4NjcwL3Byb3ZpZGVycy9NaWNyb3NvZnQuQ29tcHV0ZS9sb2NhdGlvbnMvZWFzdHVzMi9EaXNrT3BlcmF0aW9ucy9jOGIzM2NjMC0wMDhhLTRlOTUtYTlhMC0yNWQyNjkyNzhmZGE/bW9uaXRvcj10cnVlJmFwaS12ZXJzaW9uPTIwMjAtMTItMDE=",
      "RequestMethod": "GET",
      "RequestBody": "",
      "RequestHeaders": {
        "User-Agent": [
          "FxVersion/4.6.30411.01",
          "OSName/Windows",
          "OSVersion/Microsoft.Windows.10.0.19043.",
          "Microsoft.Azure.Management.Compute.ComputeManagementClient/48.0.0"
        ]
      },
      "ResponseHeaders": {
        "Cache-Control": [
          "no-cache"
        ],
        "Pragma": [
          "no-cache"
        ],
        "x-ms-ratelimit-remaining-resource": [
          "Microsoft.Compute/GetOperation3Min;49990,Microsoft.Compute/GetOperation30Min;399974"
        ],
        "Strict-Transport-Security": [
          "max-age=31536000; includeSubDomains"
        ],
        "x-ms-served-by": [
          "03f446cd-58dc-43ce-82ff-a22164fae905_132715521494993714"
        ],
        "x-ms-request-id": [
          "ee87511a-b5f3-4764-adb5-d277b2d22b5a"
        ],
        "Server": [
          "Microsoft-HTTPAPI/2.0",
          "Microsoft-HTTPAPI/2.0"
        ],
        "x-ms-ratelimit-remaining-subscription-reads": [
          "11972"
        ],
        "x-ms-correlation-request-id": [
          "bd441dcc-2050-4c32-8c7f-97dbcffa71ee"
        ],
        "x-ms-routing-request-id": [
          "WESTCENTRALUS:20210826T220233Z:bd441dcc-2050-4c32-8c7f-97dbcffa71ee"
        ],
        "X-Content-Type-Options": [
          "nosniff"
        ],
        "Date": [
          "Thu, 26 Aug 2021 22:02:32 GMT"
        ],
        "Expires": [
          "-1"
        ],
        "Content-Length": [
          "0"
        ]
      },
      "ResponseBody": "",
      "StatusCode": 200
    },
    {
      "RequestUri": "/subscriptions/0296790d-427c-48ca-b204-8b729bbd8670/resourceGroups/crptestar5561/providers/Microsoft.Compute/disks/diskrp4914?api-version=2020-12-01",
      "EncodedRequestUri": "L3N1YnNjcmlwdGlvbnMvMDI5Njc5MGQtNDI3Yy00OGNhLWIyMDQtOGI3MjliYmQ4NjcwL3Jlc291cmNlR3JvdXBzL2NycHRlc3RhcjU1NjEvcHJvdmlkZXJzL01pY3Jvc29mdC5Db21wdXRlL2Rpc2tzL2Rpc2tycDQ5MTQ/YXBpLXZlcnNpb249MjAyMC0xMi0wMQ==",
      "RequestMethod": "DELETE",
      "RequestBody": "",
      "RequestHeaders": {
        "x-ms-client-request-id": [
          "d063af7f-fd14-4f31-bbb0-ed9771254950"
        ],
        "Accept-Language": [
          "en-US"
        ],
        "User-Agent": [
          "FxVersion/4.6.30411.01",
          "OSName/Windows",
          "OSVersion/Microsoft.Windows.10.0.19043.",
          "Microsoft.Azure.Management.Compute.ComputeManagementClient/48.0.0"
        ]
      },
      "ResponseHeaders": {
        "Cache-Control": [
          "no-cache"
        ],
        "Pragma": [
          "no-cache"
        ],
        "Location": [
          "https://management.azure.com/subscriptions/0296790d-427c-48ca-b204-8b729bbd8670/providers/Microsoft.Compute/locations/eastus2/DiskOperations/86685840-324b-4db9-8d9e-ae41e534c0ea?monitor=true&api-version=2020-12-01"
        ],
        "Azure-AsyncOperation": [
          "https://management.azure.com/subscriptions/0296790d-427c-48ca-b204-8b729bbd8670/providers/Microsoft.Compute/locations/eastus2/DiskOperations/86685840-324b-4db9-8d9e-ae41e534c0ea?api-version=2020-12-01"
        ],
        "x-ms-ratelimit-remaining-resource": [
          "Microsoft.Compute/DeleteDisks3Min;2999,Microsoft.Compute/DeleteDisks30Min;23997"
        ],
        "Strict-Transport-Security": [
          "max-age=31536000; includeSubDomains"
        ],
        "x-ms-served-by": [
          "03f446cd-58dc-43ce-82ff-a22164fae905_132715521494993714"
        ],
        "x-ms-request-id": [
          "86685840-324b-4db9-8d9e-ae41e534c0ea"
        ],
        "Server": [
          "Microsoft-HTTPAPI/2.0",
          "Microsoft-HTTPAPI/2.0"
        ],
        "x-ms-ratelimit-remaining-subscription-deletes": [
          "14996"
        ],
        "x-ms-correlation-request-id": [
          "0376f118-2927-4dad-a811-da9048863193"
        ],
        "x-ms-routing-request-id": [
          "WESTCENTRALUS:20210826T220233Z:0376f118-2927-4dad-a811-da9048863193"
        ],
        "X-Content-Type-Options": [
          "nosniff"
        ],
        "Date": [
          "Thu, 26 Aug 2021 22:02:33 GMT"
        ],
        "Expires": [
          "-1"
        ],
        "Content-Length": [
          "0"
        ]
      },
      "ResponseBody": "",
      "StatusCode": 202
    },
    {
      "RequestUri": "/subscriptions/0296790d-427c-48ca-b204-8b729bbd8670/providers/Microsoft.Compute/locations/eastus2/DiskOperations/86685840-324b-4db9-8d9e-ae41e534c0ea?api-version=2020-12-01",
      "EncodedRequestUri": "L3N1YnNjcmlwdGlvbnMvMDI5Njc5MGQtNDI3Yy00OGNhLWIyMDQtOGI3MjliYmQ4NjcwL3Byb3ZpZGVycy9NaWNyb3NvZnQuQ29tcHV0ZS9sb2NhdGlvbnMvZWFzdHVzMi9EaXNrT3BlcmF0aW9ucy84NjY4NTg0MC0zMjRiLTRkYjktOGQ5ZS1hZTQxZTUzNGMwZWE/YXBpLXZlcnNpb249MjAyMC0xMi0wMQ==",
      "RequestMethod": "GET",
      "RequestBody": "",
      "RequestHeaders": {
        "User-Agent": [
          "FxVersion/4.6.30411.01",
          "OSName/Windows",
          "OSVersion/Microsoft.Windows.10.0.19043.",
          "Microsoft.Azure.Management.Compute.ComputeManagementClient/48.0.0"
        ]
      },
      "ResponseHeaders": {
        "Cache-Control": [
          "no-cache"
        ],
        "Pragma": [
          "no-cache"
        ],
        "x-ms-ratelimit-remaining-resource": [
          "Microsoft.Compute/GetOperation3Min;49988,Microsoft.Compute/GetOperation30Min;399972"
        ],
        "Strict-Transport-Security": [
          "max-age=31536000; includeSubDomains"
        ],
        "x-ms-served-by": [
          "03f446cd-58dc-43ce-82ff-a22164fae905_132715521494993714"
        ],
        "x-ms-request-id": [
          "7d80b3b5-2f42-49e4-a9a1-7ba60fdae0ea"
        ],
        "Server": [
          "Microsoft-HTTPAPI/2.0",
          "Microsoft-HTTPAPI/2.0"
        ],
        "x-ms-ratelimit-remaining-subscription-reads": [
          "11971"
        ],
        "x-ms-correlation-request-id": [
          "fdb992af-33b1-4c0a-a9d4-2c9c6d331d95"
        ],
        "x-ms-routing-request-id": [
          "WESTCENTRALUS:20210826T220303Z:fdb992af-33b1-4c0a-a9d4-2c9c6d331d95"
        ],
        "X-Content-Type-Options": [
          "nosniff"
        ],
        "Date": [
          "Thu, 26 Aug 2021 22:03:03 GMT"
        ],
        "Content-Length": [
          "184"
        ],
        "Content-Type": [
          "application/json; charset=utf-8"
        ],
        "Expires": [
          "-1"
        ]
      },
      "ResponseBody": "{\r\n  \"startTime\": \"2021-08-26T15:02:33.8279165-07:00\",\r\n  \"endTime\": \"2021-08-26T15:02:34.0935411-07:00\",\r\n  \"status\": \"Succeeded\",\r\n  \"name\": \"86685840-324b-4db9-8d9e-ae41e534c0ea\"\r\n}",
      "StatusCode": 200
    },
    {
      "RequestUri": "/subscriptions/0296790d-427c-48ca-b204-8b729bbd8670/providers/Microsoft.Compute/locations/eastus2/DiskOperations/86685840-324b-4db9-8d9e-ae41e534c0ea?monitor=true&api-version=2020-12-01",
      "EncodedRequestUri": "L3N1YnNjcmlwdGlvbnMvMDI5Njc5MGQtNDI3Yy00OGNhLWIyMDQtOGI3MjliYmQ4NjcwL3Byb3ZpZGVycy9NaWNyb3NvZnQuQ29tcHV0ZS9sb2NhdGlvbnMvZWFzdHVzMi9EaXNrT3BlcmF0aW9ucy84NjY4NTg0MC0zMjRiLTRkYjktOGQ5ZS1hZTQxZTUzNGMwZWE/bW9uaXRvcj10cnVlJmFwaS12ZXJzaW9uPTIwMjAtMTItMDE=",
      "RequestMethod": "GET",
      "RequestBody": "",
      "RequestHeaders": {
        "User-Agent": [
          "FxVersion/4.6.30411.01",
          "OSName/Windows",
          "OSVersion/Microsoft.Windows.10.0.19043.",
          "Microsoft.Azure.Management.Compute.ComputeManagementClient/48.0.0"
        ]
      },
      "ResponseHeaders": {
        "Cache-Control": [
          "no-cache"
        ],
        "Pragma": [
          "no-cache"
        ],
        "x-ms-ratelimit-remaining-resource": [
          "Microsoft.Compute/GetOperation3Min;49987,Microsoft.Compute/GetOperation30Min;399971"
        ],
        "Strict-Transport-Security": [
          "max-age=31536000; includeSubDomains"
        ],
        "x-ms-served-by": [
          "03f446cd-58dc-43ce-82ff-a22164fae905_132715521494993714"
        ],
        "x-ms-request-id": [
          "91015851-9084-488b-b473-5dee43464e5d"
        ],
        "Server": [
          "Microsoft-HTTPAPI/2.0",
          "Microsoft-HTTPAPI/2.0"
        ],
        "x-ms-ratelimit-remaining-subscription-reads": [
          "11970"
        ],
        "x-ms-correlation-request-id": [
          "1671229f-5c9b-48ab-ae6b-ce40c38dc0fd"
        ],
        "x-ms-routing-request-id": [
          "WESTCENTRALUS:20210826T220304Z:1671229f-5c9b-48ab-ae6b-ce40c38dc0fd"
        ],
        "X-Content-Type-Options": [
          "nosniff"
        ],
        "Date": [
          "Thu, 26 Aug 2021 22:03:03 GMT"
        ],
        "Expires": [
          "-1"
        ],
        "Content-Length": [
          "0"
        ]
      },
      "ResponseBody": "",
      "StatusCode": 200
    },
    {
      "RequestUri": "/subscriptions/0296790d-427c-48ca-b204-8b729bbd8670/resourcegroups/crptestar5561?api-version=2017-05-10",
      "EncodedRequestUri": "L3N1YnNjcmlwdGlvbnMvMDI5Njc5MGQtNDI3Yy00OGNhLWIyMDQtOGI3MjliYmQ4NjcwL3Jlc291cmNlZ3JvdXBzL2NycHRlc3RhcjU1NjE/YXBpLXZlcnNpb249MjAxNy0wNS0xMA==",
      "RequestMethod": "DELETE",
      "RequestBody": "",
      "RequestHeaders": {
        "x-ms-client-request-id": [
          "eef4082c-ae75-4123-a611-9724b9bbf7bb"
        ],
        "Accept-Language": [
          "en-US"
        ],
        "User-Agent": [
          "FxVersion/4.6.30411.01",
          "OSName/Windows",
          "OSVersion/Microsoft.Windows.10.0.19043.",
          "Microsoft.Azure.Management.ResourceManager.ResourceManagementClient/1.6.0.0"
        ]
      },
      "ResponseHeaders": {
        "Cache-Control": [
          "no-cache"
        ],
        "Pragma": [
          "no-cache"
        ],
        "Location": [
          "https://management.azure.com/subscriptions/0296790d-427c-48ca-b204-8b729bbd8670/operationresults/eyJqb2JJZCI6IlJFU09VUkNFR1JPVVBERUxFVElPTkpPQi1DUlBURVNUQVI1NTYxLUVBU1RVUzIiLCJqb2JMb2NhdGlvbiI6ImVhc3R1czIifQ?api-version=2017-05-10"
        ],
        "Retry-After": [
          "15"
        ],
        "x-ms-ratelimit-remaining-subscription-deletes": [
          "14998"
        ],
        "x-ms-request-id": [
          "7ce267b0-ab5e-4d4c-b0c3-8f231f6c75e6"
        ],
        "x-ms-correlation-request-id": [
          "7ce267b0-ab5e-4d4c-b0c3-8f231f6c75e6"
        ],
        "x-ms-routing-request-id": [
          "WESTCENTRALUS:20210826T220305Z:7ce267b0-ab5e-4d4c-b0c3-8f231f6c75e6"
        ],
        "Strict-Transport-Security": [
          "max-age=31536000; includeSubDomains"
        ],
        "X-Content-Type-Options": [
          "nosniff"
        ],
        "Date": [
          "Thu, 26 Aug 2021 22:03:05 GMT"
        ],
        "Expires": [
          "-1"
        ],
        "Content-Length": [
          "0"
        ]
      },
      "ResponseBody": "",
      "StatusCode": 202
    },
    {
      "RequestUri": "/subscriptions/0296790d-427c-48ca-b204-8b729bbd8670/operationresults/eyJqb2JJZCI6IlJFU09VUkNFR1JPVVBERUxFVElPTkpPQi1DUlBURVNUQVI1NTYxLUVBU1RVUzIiLCJqb2JMb2NhdGlvbiI6ImVhc3R1czIifQ?api-version=2017-05-10",
      "EncodedRequestUri": "L3N1YnNjcmlwdGlvbnMvMDI5Njc5MGQtNDI3Yy00OGNhLWIyMDQtOGI3MjliYmQ4NjcwL29wZXJhdGlvbnJlc3VsdHMvZXlKcWIySkpaQ0k2SWxKRlUwOVZVa05GUjFKUFZWQkVSVXhGVkVsUFRrcFBRaTFEVWxCVVJWTlVRVkkxTlRZeExVVkJVMVJWVXpJaUxDSnFiMkpNYjJOaGRHbHZiaUk2SW1WaGMzUjFjeklpZlE/YXBpLXZlcnNpb249MjAxNy0wNS0xMA==",
      "RequestMethod": "GET",
      "RequestBody": "",
      "RequestHeaders": {
        "User-Agent": [
          "FxVersion/4.6.30411.01",
          "OSName/Windows",
          "OSVersion/Microsoft.Windows.10.0.19043.",
          "Microsoft.Azure.Management.ResourceManager.ResourceManagementClient/1.6.0.0"
        ]
      },
      "ResponseHeaders": {
        "Cache-Control": [
          "no-cache"
        ],
        "Pragma": [
          "no-cache"
        ],
        "Location": [
          "https://management.azure.com/subscriptions/0296790d-427c-48ca-b204-8b729bbd8670/operationresults/eyJqb2JJZCI6IlJFU09VUkNFR1JPVVBERUxFVElPTkpPQi1DUlBURVNUQVI1NTYxLUVBU1RVUzIiLCJqb2JMb2NhdGlvbiI6ImVhc3R1czIifQ?api-version=2017-05-10"
        ],
        "Retry-After": [
          "15"
        ],
        "x-ms-ratelimit-remaining-subscription-reads": [
          "11999"
        ],
        "x-ms-request-id": [
          "049fac90-3a24-4428-8b8c-5f5381260a14"
        ],
        "x-ms-correlation-request-id": [
          "049fac90-3a24-4428-8b8c-5f5381260a14"
        ],
        "x-ms-routing-request-id": [
          "WESTCENTRALUS:20210826T220320Z:049fac90-3a24-4428-8b8c-5f5381260a14"
        ],
        "Strict-Transport-Security": [
          "max-age=31536000; includeSubDomains"
        ],
        "X-Content-Type-Options": [
          "nosniff"
        ],
        "Date": [
          "Thu, 26 Aug 2021 22:03:20 GMT"
        ],
        "Expires": [
          "-1"
        ],
        "Content-Length": [
          "0"
        ]
      },
      "ResponseBody": "",
      "StatusCode": 202
    },
    {
      "RequestUri": "/subscriptions/0296790d-427c-48ca-b204-8b729bbd8670/operationresults/eyJqb2JJZCI6IlJFU09VUkNFR1JPVVBERUxFVElPTkpPQi1DUlBURVNUQVI1NTYxLUVBU1RVUzIiLCJqb2JMb2NhdGlvbiI6ImVhc3R1czIifQ?api-version=2017-05-10",
      "EncodedRequestUri": "L3N1YnNjcmlwdGlvbnMvMDI5Njc5MGQtNDI3Yy00OGNhLWIyMDQtOGI3MjliYmQ4NjcwL29wZXJhdGlvbnJlc3VsdHMvZXlKcWIySkpaQ0k2SWxKRlUwOVZVa05GUjFKUFZWQkVSVXhGVkVsUFRrcFBRaTFEVWxCVVJWTlVRVkkxTlRZeExVVkJVMVJWVXpJaUxDSnFiMkpNYjJOaGRHbHZiaUk2SW1WaGMzUjFjeklpZlE/YXBpLXZlcnNpb249MjAxNy0wNS0xMA==",
      "RequestMethod": "GET",
      "RequestBody": "",
      "RequestHeaders": {
        "User-Agent": [
          "FxVersion/4.6.30411.01",
          "OSName/Windows",
          "OSVersion/Microsoft.Windows.10.0.19043.",
          "Microsoft.Azure.Management.ResourceManager.ResourceManagementClient/1.6.0.0"
        ]
      },
      "ResponseHeaders": {
        "Cache-Control": [
          "no-cache"
        ],
        "Pragma": [
          "no-cache"
        ],
        "Location": [
          "https://management.azure.com/subscriptions/0296790d-427c-48ca-b204-8b729bbd8670/operationresults/eyJqb2JJZCI6IlJFU09VUkNFR1JPVVBERUxFVElPTkpPQi1DUlBURVNUQVI1NTYxLUVBU1RVUzIiLCJqb2JMb2NhdGlvbiI6ImVhc3R1czIifQ?api-version=2017-05-10"
        ],
        "Retry-After": [
          "15"
        ],
        "x-ms-ratelimit-remaining-subscription-reads": [
          "11998"
        ],
        "x-ms-request-id": [
          "58ff0d85-aefa-4cd0-9833-97b3d7ad2717"
        ],
        "x-ms-correlation-request-id": [
          "58ff0d85-aefa-4cd0-9833-97b3d7ad2717"
        ],
        "x-ms-routing-request-id": [
          "WESTCENTRALUS:20210826T220336Z:58ff0d85-aefa-4cd0-9833-97b3d7ad2717"
        ],
        "Strict-Transport-Security": [
          "max-age=31536000; includeSubDomains"
        ],
        "X-Content-Type-Options": [
          "nosniff"
        ],
        "Date": [
          "Thu, 26 Aug 2021 22:03:35 GMT"
        ],
        "Expires": [
          "-1"
        ],
        "Content-Length": [
          "0"
        ]
      },
      "ResponseBody": "",
      "StatusCode": 202
    },
    {
      "RequestUri": "/subscriptions/0296790d-427c-48ca-b204-8b729bbd8670/operationresults/eyJqb2JJZCI6IlJFU09VUkNFR1JPVVBERUxFVElPTkpPQi1DUlBURVNUQVI1NTYxLUVBU1RVUzIiLCJqb2JMb2NhdGlvbiI6ImVhc3R1czIifQ?api-version=2017-05-10",
      "EncodedRequestUri": "L3N1YnNjcmlwdGlvbnMvMDI5Njc5MGQtNDI3Yy00OGNhLWIyMDQtOGI3MjliYmQ4NjcwL29wZXJhdGlvbnJlc3VsdHMvZXlKcWIySkpaQ0k2SWxKRlUwOVZVa05GUjFKUFZWQkVSVXhGVkVsUFRrcFBRaTFEVWxCVVJWTlVRVkkxTlRZeExVVkJVMVJWVXpJaUxDSnFiMkpNYjJOaGRHbHZiaUk2SW1WaGMzUjFjeklpZlE/YXBpLXZlcnNpb249MjAxNy0wNS0xMA==",
      "RequestMethod": "GET",
      "RequestBody": "",
      "RequestHeaders": {
        "User-Agent": [
          "FxVersion/4.6.30411.01",
          "OSName/Windows",
          "OSVersion/Microsoft.Windows.10.0.19043.",
          "Microsoft.Azure.Management.ResourceManager.ResourceManagementClient/1.6.0.0"
        ]
      },
      "ResponseHeaders": {
        "Cache-Control": [
          "no-cache"
        ],
        "Pragma": [
          "no-cache"
        ],
        "Location": [
          "https://management.azure.com/subscriptions/0296790d-427c-48ca-b204-8b729bbd8670/operationresults/eyJqb2JJZCI6IlJFU09VUkNFR1JPVVBERUxFVElPTkpPQi1DUlBURVNUQVI1NTYxLUVBU1RVUzIiLCJqb2JMb2NhdGlvbiI6ImVhc3R1czIifQ?api-version=2017-05-10"
        ],
        "Retry-After": [
          "15"
        ],
        "x-ms-ratelimit-remaining-subscription-reads": [
          "11997"
        ],
        "x-ms-request-id": [
          "2927afb3-e3e7-431e-819a-ad6f4cbaabb3"
        ],
        "x-ms-correlation-request-id": [
          "2927afb3-e3e7-431e-819a-ad6f4cbaabb3"
        ],
        "x-ms-routing-request-id": [
          "WESTCENTRALUS:20210826T220351Z:2927afb3-e3e7-431e-819a-ad6f4cbaabb3"
        ],
        "Strict-Transport-Security": [
          "max-age=31536000; includeSubDomains"
        ],
        "X-Content-Type-Options": [
          "nosniff"
        ],
        "Date": [
          "Thu, 26 Aug 2021 22:03:50 GMT"
        ],
        "Expires": [
          "-1"
        ],
        "Content-Length": [
          "0"
        ]
      },
      "ResponseBody": "",
      "StatusCode": 202
    },
    {
      "RequestUri": "/subscriptions/0296790d-427c-48ca-b204-8b729bbd8670/operationresults/eyJqb2JJZCI6IlJFU09VUkNFR1JPVVBERUxFVElPTkpPQi1DUlBURVNUQVI1NTYxLUVBU1RVUzIiLCJqb2JMb2NhdGlvbiI6ImVhc3R1czIifQ?api-version=2017-05-10",
      "EncodedRequestUri": "L3N1YnNjcmlwdGlvbnMvMDI5Njc5MGQtNDI3Yy00OGNhLWIyMDQtOGI3MjliYmQ4NjcwL29wZXJhdGlvbnJlc3VsdHMvZXlKcWIySkpaQ0k2SWxKRlUwOVZVa05GUjFKUFZWQkVSVXhGVkVsUFRrcFBRaTFEVWxCVVJWTlVRVkkxTlRZeExVVkJVMVJWVXpJaUxDSnFiMkpNYjJOaGRHbHZiaUk2SW1WaGMzUjFjeklpZlE/YXBpLXZlcnNpb249MjAxNy0wNS0xMA==",
      "RequestMethod": "GET",
      "RequestBody": "",
      "RequestHeaders": {
        "User-Agent": [
          "FxVersion/4.6.30411.01",
          "OSName/Windows",
          "OSVersion/Microsoft.Windows.10.0.19043.",
          "Microsoft.Azure.Management.ResourceManager.ResourceManagementClient/1.6.0.0"
        ]
      },
      "ResponseHeaders": {
        "Cache-Control": [
          "no-cache"
        ],
        "Pragma": [
          "no-cache"
        ],
        "Location": [
          "https://management.azure.com/subscriptions/0296790d-427c-48ca-b204-8b729bbd8670/operationresults/eyJqb2JJZCI6IlJFU09VUkNFR1JPVVBERUxFVElPTkpPQi1DUlBURVNUQVI1NTYxLUVBU1RVUzIiLCJqb2JMb2NhdGlvbiI6ImVhc3R1czIifQ?api-version=2017-05-10"
        ],
        "Retry-After": [
          "15"
        ],
        "x-ms-ratelimit-remaining-subscription-reads": [
          "11996"
        ],
        "x-ms-request-id": [
          "74ce2b1e-df24-449e-9b12-54169d063cae"
        ],
        "x-ms-correlation-request-id": [
          "74ce2b1e-df24-449e-9b12-54169d063cae"
        ],
        "x-ms-routing-request-id": [
          "WESTCENTRALUS:20210826T220406Z:74ce2b1e-df24-449e-9b12-54169d063cae"
        ],
        "Strict-Transport-Security": [
          "max-age=31536000; includeSubDomains"
        ],
        "X-Content-Type-Options": [
          "nosniff"
        ],
        "Date": [
          "Thu, 26 Aug 2021 22:04:05 GMT"
        ],
        "Expires": [
          "-1"
        ],
        "Content-Length": [
          "0"
        ]
      },
      "ResponseBody": "",
      "StatusCode": 202
    },
    {
      "RequestUri": "/subscriptions/0296790d-427c-48ca-b204-8b729bbd8670/operationresults/eyJqb2JJZCI6IlJFU09VUkNFR1JPVVBERUxFVElPTkpPQi1DUlBURVNUQVI1NTYxLUVBU1RVUzIiLCJqb2JMb2NhdGlvbiI6ImVhc3R1czIifQ?api-version=2017-05-10",
      "EncodedRequestUri": "L3N1YnNjcmlwdGlvbnMvMDI5Njc5MGQtNDI3Yy00OGNhLWIyMDQtOGI3MjliYmQ4NjcwL29wZXJhdGlvbnJlc3VsdHMvZXlKcWIySkpaQ0k2SWxKRlUwOVZVa05GUjFKUFZWQkVSVXhGVkVsUFRrcFBRaTFEVWxCVVJWTlVRVkkxTlRZeExVVkJVMVJWVXpJaUxDSnFiMkpNYjJOaGRHbHZiaUk2SW1WaGMzUjFjeklpZlE/YXBpLXZlcnNpb249MjAxNy0wNS0xMA==",
      "RequestMethod": "GET",
      "RequestBody": "",
      "RequestHeaders": {
        "User-Agent": [
          "FxVersion/4.6.30411.01",
          "OSName/Windows",
          "OSVersion/Microsoft.Windows.10.0.19043.",
          "Microsoft.Azure.Management.ResourceManager.ResourceManagementClient/1.6.0.0"
        ]
      },
      "ResponseHeaders": {
        "Cache-Control": [
          "no-cache"
        ],
        "Pragma": [
          "no-cache"
        ],
        "x-ms-ratelimit-remaining-subscription-reads": [
          "11995"
        ],
        "x-ms-request-id": [
          "0d6cabfe-74b6-4b3d-8774-e7a29b781265"
        ],
        "x-ms-correlation-request-id": [
          "0d6cabfe-74b6-4b3d-8774-e7a29b781265"
        ],
        "x-ms-routing-request-id": [
          "WESTCENTRALUS:20210826T220421Z:0d6cabfe-74b6-4b3d-8774-e7a29b781265"
        ],
        "Strict-Transport-Security": [
          "max-age=31536000; includeSubDomains"
        ],
        "X-Content-Type-Options": [
          "nosniff"
        ],
        "Date": [
          "Thu, 26 Aug 2021 22:04:20 GMT"
        ],
        "Expires": [
          "-1"
        ],
        "Content-Length": [
          "0"
        ]
      },
      "ResponseBody": "",
      "StatusCode": 200
    },
    {
      "RequestUri": "/subscriptions/0296790d-427c-48ca-b204-8b729bbd8670/operationresults/eyJqb2JJZCI6IlJFU09VUkNFR1JPVVBERUxFVElPTkpPQi1DUlBURVNUQVI1NTYxLUVBU1RVUzIiLCJqb2JMb2NhdGlvbiI6ImVhc3R1czIifQ?api-version=2017-05-10",
      "EncodedRequestUri": "L3N1YnNjcmlwdGlvbnMvMDI5Njc5MGQtNDI3Yy00OGNhLWIyMDQtOGI3MjliYmQ4NjcwL29wZXJhdGlvbnJlc3VsdHMvZXlKcWIySkpaQ0k2SWxKRlUwOVZVa05GUjFKUFZWQkVSVXhGVkVsUFRrcFBRaTFEVWxCVVJWTlVRVkkxTlRZeExVVkJVMVJWVXpJaUxDSnFiMkpNYjJOaGRHbHZiaUk2SW1WaGMzUjFjeklpZlE/YXBpLXZlcnNpb249MjAxNy0wNS0xMA==",
      "RequestMethod": "GET",
      "RequestBody": "",
      "RequestHeaders": {
        "User-Agent": [
          "FxVersion/4.6.30411.01",
          "OSName/Windows",
          "OSVersion/Microsoft.Windows.10.0.19043.",
          "Microsoft.Azure.Management.ResourceManager.ResourceManagementClient/1.6.0.0"
        ]
      },
      "ResponseHeaders": {
        "Cache-Control": [
          "no-cache"
        ],
        "Pragma": [
          "no-cache"
        ],
        "x-ms-ratelimit-remaining-subscription-reads": [
          "11994"
        ],
        "x-ms-request-id": [
          "e3ae972c-8bde-44cd-a2a4-765d5cf6b691"
        ],
        "x-ms-correlation-request-id": [
          "e3ae972c-8bde-44cd-a2a4-765d5cf6b691"
        ],
        "x-ms-routing-request-id": [
          "WESTCENTRALUS:20210826T220421Z:e3ae972c-8bde-44cd-a2a4-765d5cf6b691"
        ],
        "Strict-Transport-Security": [
          "max-age=31536000; includeSubDomains"
        ],
        "X-Content-Type-Options": [
          "nosniff"
        ],
        "Date": [
          "Thu, 26 Aug 2021 22:04:20 GMT"
        ],
        "Expires": [
          "-1"
        ],
        "Content-Length": [
          "0"
        ]
      },
      "ResponseBody": "",
      "StatusCode": 200
    }
  ],
  "Names": {
    "Disk_CRUD_Execute": [
      "crptestar5561",
      "diskrp4914"
    ],
    "GenerateImportDisk": [
      "diskrp2849",
      "as7695"
    ],
    "CreatePublicIP": [
      "pip6710",
      "dn1275"
    ],
    "CreateVNET": [
      "vn2575",
      "sn5933"
    ],
    "CreateNIC": [
      "nic5895",
      "ip8690"
    ],
    "CreateDefaultVMInput": [
      "crptestar7187",
      "crptestar8683",
      "crptestar5952",
      "vm7777",
      "Microsoft.Compute/virtualMachines5568"
    ]
  },
  "Variables": {
    "SubscriptionId": "0296790d-427c-48ca-b204-8b729bbd8670"
  }
}