{
  "Entries": [
    {
      "RequestUri": "https://management.azure.com/providers/Microsoft.DocumentDB/databaseAccountNames/amecassandratest9836?api-version=2020-04-01",
      "RequestMethod": "HEAD",
      "RequestHeaders": {
        "Authorization": "Sanitized",
        "traceparent": "00-f4531aa84800fa43a6d443e3b592d09c-2e6ebbd3d5972447-00",
        "User-Agent": [
          "azsdk-net-ResourceManager.CosmosDB/1.0.0-alpha.20200922.1",
          "(.NET Core 4.6.29220.03; Microsoft Windows 10.0.19041 )"
        ],
        "x-ms-client-request-id": "bb5bc6eaec800e5760a3e63d3dc51ded",
        "x-ms-return-client-request-id": "true"
      },
      "RequestBody": null,
      "StatusCode": 200,
      "ResponseHeaders": {
        "Cache-Control": "no-store, no-cache",
        "Content-Length": "0",
        "Date": "Wed, 23 Sep 2020 03:41:34 GMT",
        "Pragma": "no-cache",
        "Server": "Microsoft-HTTPAPI/2.0",
        "Strict-Transport-Security": "max-age=31536000; includeSubDomains",
        "X-Content-Type-Options": "nosniff",
        "x-ms-activity-id": "bb5bc6ea-ec80-0e57-60a3-e63d3dc51ded",
        "x-ms-correlation-request-id": "44c4ea9a-a965-4ae7-97ef-cbf7fe7ef0a1",
        "x-ms-ratelimit-remaining-tenant-reads": "11999",
        "x-ms-request-id": "44c4ea9a-a965-4ae7-97ef-cbf7fe7ef0a1",
        "x-ms-routing-request-id": "WESTUS2:20200923T034135Z:44c4ea9a-a965-4ae7-97ef-cbf7fe7ef0a1"
      },
      "ResponseBody": []
    },
    {
      "RequestUri": "https://management.azure.com/subscriptions/db1ab6f0-4769-4b27-930e-01e2ef9c123c/resourceGroups/Default-CosmosDB-4357/providers/Microsoft.DocumentDB/databaseAccounts/amecassandratest9836/cassandraKeyspaces/keyspaceName2510?api-version=2020-04-01",
      "RequestMethod": "PUT",
      "RequestHeaders": {
        "Accept": "application/json",
        "Authorization": "Sanitized",
        "Content-Length": "105",
        "Content-Type": "application/json",
        "traceparent": "00-895a9e336cb26c45841f9e8628f5c94f-1e11c8276becc742-00",
        "User-Agent": [
          "azsdk-net-ResourceManager.CosmosDB/1.0.0-alpha.20200922.1",
          "(.NET Core 4.6.29220.03; Microsoft Windows 10.0.19041 )"
        ],
        "x-ms-client-request-id": "d6cec0fc10a7a94e031c15bbceda4f85",
        "x-ms-return-client-request-id": "true"
      },
      "RequestBody": {
        "properties": {
          "resource": {
            "id": "keyspaceName2510"
          },
          "options": {
            "throughput": 700,
            "autoscaleSettings": {}
          }
        }
      },
      "StatusCode": 202,
      "ResponseHeaders": {
        "Azure-AsyncOperation": "https://management.azure.com/subscriptions/db1ab6f0-4769-4b27-930e-01e2ef9c123c/providers/Microsoft.DocumentDB/locations/westus/operationsStatus/a65c0898-d82d-4f94-b7fe-dc50ee00e653?api-version=2020-04-01",
        "Cache-Control": "no-store, no-cache",
        "Content-Length": "21",
        "Content-Location": "https://management.documents.azure.com:450/subscriptions/db1ab6f0-4769-4b27-930e-01e2ef9c123c/resourceGroups/Default-CosmosDB-4357/providers/Microsoft.DocumentDB/databaseAccounts/amecassandratest9836/cassandraKeyspaces/keyspaceName2510?api-version=2020-04-01",
        "Content-Type": "application/json",
        "Date": "Wed, 23 Sep 2020 03:41:35 GMT",
        "Location": "https://management.azure.com/subscriptions/db1ab6f0-4769-4b27-930e-01e2ef9c123c/resourceGroups/Default-CosmosDB-4357/providers/Microsoft.DocumentDB/databaseAccounts/amecassandratest9836/cassandraKeyspaces/keyspaceName2510/operationResults/a65c0898-d82d-4f94-b7fe-dc50ee00e653?api-version=2020-04-01",
        "Pragma": "no-cache",
        "Server": "Microsoft-HTTPAPI/2.0",
        "Strict-Transport-Security": "max-age=31536000; includeSubDomains",
        "X-Content-Type-Options": "nosniff",
        "x-ms-correlation-request-id": "5f39d1e0-072f-4e7f-8937-90c9994ed138",
        "x-ms-gatewayversion": "version=2.11.0",
        "x-ms-ratelimit-remaining-subscription-writes": "1197",
        "x-ms-request-id": "a65c0898-d82d-4f94-b7fe-dc50ee00e653",
        "x-ms-routing-request-id": "WESTUS2:20200923T034135Z:5f39d1e0-072f-4e7f-8937-90c9994ed138"
      },
      "ResponseBody": {
        "status": "Enqueued"
      }
    },
    {
      "RequestUri": "https://management.azure.com/subscriptions/db1ab6f0-4769-4b27-930e-01e2ef9c123c/providers/Microsoft.DocumentDB/locations/westus/operationsStatus/a65c0898-d82d-4f94-b7fe-dc50ee00e653?api-version=2020-04-01",
      "RequestMethod": "GET",
      "RequestHeaders": {
        "Authorization": "Sanitized",
        "User-Agent": [
          "azsdk-net-ResourceManager.CosmosDB/1.0.0-alpha.20200922.1",
          "(.NET Core 4.6.29220.03; Microsoft Windows 10.0.19041 )"
        ],
        "x-ms-client-request-id": "50226498f8f9d99b78b1b863d69c3f86",
        "x-ms-return-client-request-id": "true"
      },
      "RequestBody": null,
      "StatusCode": 200,
      "ResponseHeaders": {
        "Cache-Control": "no-store, no-cache",
        "Content-Length": "21",
        "Content-Location": "https://management.documents.azure.com:450/subscriptions/db1ab6f0-4769-4b27-930e-01e2ef9c123c/providers/Microsoft.DocumentDB/locations/westus/operationsStatus/a65c0898-d82d-4f94-b7fe-dc50ee00e653?api-version=2020-04-01",
        "Content-Type": "application/json",
        "Date": "Wed, 23 Sep 2020 03:41:35 GMT",
        "Pragma": "no-cache",
        "Server": "Microsoft-HTTPAPI/2.0",
        "Strict-Transport-Security": "max-age=31536000; includeSubDomains",
        "X-Content-Type-Options": "nosniff",
        "x-ms-correlation-request-id": "d6bac48e-feaa-4455-83b2-41af30a44ea1",
        "x-ms-gatewayversion": "version=2.11.0",
        "x-ms-ratelimit-remaining-subscription-reads": "11374",
        "x-ms-request-id": "d6bac48e-feaa-4455-83b2-41af30a44ea1",
        "x-ms-routing-request-id": "WESTUS2:20200923T034136Z:d6bac48e-feaa-4455-83b2-41af30a44ea1"
      },
      "ResponseBody": {
        "status": "Enqueued"
      }
    },
    {
      "RequestUri": "https://management.azure.com/subscriptions/db1ab6f0-4769-4b27-930e-01e2ef9c123c/providers/Microsoft.DocumentDB/locations/westus/operationsStatus/a65c0898-d82d-4f94-b7fe-dc50ee00e653?api-version=2020-04-01",
      "RequestMethod": "GET",
      "RequestHeaders": {
        "Authorization": "Sanitized",
        "User-Agent": [
          "azsdk-net-ResourceManager.CosmosDB/1.0.0-alpha.20200922.1",
          "(.NET Core 4.6.29220.03; Microsoft Windows 10.0.19041 )"
        ],
        "x-ms-client-request-id": "41886053d66dbb67712613f49070bd4a",
        "x-ms-return-client-request-id": "true"
      },
      "RequestBody": null,
      "StatusCode": 200,
      "ResponseHeaders": {
        "Cache-Control": "no-store, no-cache",
        "Content-Length": "21",
        "Content-Location": "https://management.documents.azure.com:450/subscriptions/db1ab6f0-4769-4b27-930e-01e2ef9c123c/providers/Microsoft.DocumentDB/locations/westus/operationsStatus/a65c0898-d82d-4f94-b7fe-dc50ee00e653?api-version=2020-04-01",
        "Content-Type": "application/json",
        "Date": "Wed, 23 Sep 2020 03:41:36 GMT",
        "Pragma": "no-cache",
        "Server": "Microsoft-HTTPAPI/2.0",
        "Strict-Transport-Security": "max-age=31536000; includeSubDomains",
        "X-Content-Type-Options": "nosniff",
        "x-ms-correlation-request-id": "cbc71a70-dec8-4124-80db-d95848738687",
        "x-ms-gatewayversion": "version=2.11.0",
        "x-ms-ratelimit-remaining-subscription-reads": "11373",
        "x-ms-request-id": "cbc71a70-dec8-4124-80db-d95848738687",
        "x-ms-routing-request-id": "WESTUS2:20200923T034137Z:cbc71a70-dec8-4124-80db-d95848738687"
      },
      "ResponseBody": {
        "status": "Enqueued"
      }
    },
    {
      "RequestUri": "https://management.azure.com/subscriptions/db1ab6f0-4769-4b27-930e-01e2ef9c123c/providers/Microsoft.DocumentDB/locations/westus/operationsStatus/a65c0898-d82d-4f94-b7fe-dc50ee00e653?api-version=2020-04-01",
      "RequestMethod": "GET",
      "RequestHeaders": {
        "Authorization": "Sanitized",
        "User-Agent": [
          "azsdk-net-ResourceManager.CosmosDB/1.0.0-alpha.20200922.1",
          "(.NET Core 4.6.29220.03; Microsoft Windows 10.0.19041 )"
        ],
        "x-ms-client-request-id": "69222d5affb8bc8b5f7fced589ebd126",
        "x-ms-return-client-request-id": "true"
      },
      "RequestBody": null,
      "StatusCode": 200,
      "ResponseHeaders": {
        "Cache-Control": "no-store, no-cache",
        "Content-Length": "21",
        "Content-Location": "https://management.documents.azure.com:450/subscriptions/db1ab6f0-4769-4b27-930e-01e2ef9c123c/providers/Microsoft.DocumentDB/locations/westus/operationsStatus/a65c0898-d82d-4f94-b7fe-dc50ee00e653?api-version=2020-04-01",
        "Content-Type": "application/json",
        "Date": "Wed, 23 Sep 2020 03:41:37 GMT",
        "Pragma": "no-cache",
        "Server": "Microsoft-HTTPAPI/2.0",
        "Strict-Transport-Security": "max-age=31536000; includeSubDomains",
        "X-Content-Type-Options": "nosniff",
        "x-ms-correlation-request-id": "245a711a-cd7f-4af3-9929-dcdc895f6e61",
        "x-ms-gatewayversion": "version=2.11.0",
        "x-ms-ratelimit-remaining-subscription-reads": "11372",
        "x-ms-request-id": "245a711a-cd7f-4af3-9929-dcdc895f6e61",
        "x-ms-routing-request-id": "WESTUS2:20200923T034138Z:245a711a-cd7f-4af3-9929-dcdc895f6e61"
      },
      "ResponseBody": {
        "status": "Enqueued"
      }
    },
    {
      "RequestUri": "https://management.azure.com/subscriptions/db1ab6f0-4769-4b27-930e-01e2ef9c123c/providers/Microsoft.DocumentDB/locations/westus/operationsStatus/a65c0898-d82d-4f94-b7fe-dc50ee00e653?api-version=2020-04-01",
      "RequestMethod": "GET",
      "RequestHeaders": {
        "Authorization": "Sanitized",
        "User-Agent": [
          "azsdk-net-ResourceManager.CosmosDB/1.0.0-alpha.20200922.1",
          "(.NET Core 4.6.29220.03; Microsoft Windows 10.0.19041 )"
        ],
        "x-ms-client-request-id": "8b89fa73802fc27bfd67ded2e5a74807",
        "x-ms-return-client-request-id": "true"
      },
      "RequestBody": null,
      "StatusCode": 200,
      "ResponseHeaders": {
        "Cache-Control": "no-store, no-cache",
        "Content-Length": "21",
        "Content-Location": "https://management.documents.azure.com:450/subscriptions/db1ab6f0-4769-4b27-930e-01e2ef9c123c/providers/Microsoft.DocumentDB/locations/westus/operationsStatus/a65c0898-d82d-4f94-b7fe-dc50ee00e653?api-version=2020-04-01",
        "Content-Type": "application/json",
        "Date": "Wed, 23 Sep 2020 03:41:38 GMT",
        "Pragma": "no-cache",
        "Server": "Microsoft-HTTPAPI/2.0",
        "Strict-Transport-Security": "max-age=31536000; includeSubDomains",
        "X-Content-Type-Options": "nosniff",
        "x-ms-correlation-request-id": "49da696a-9e61-47d9-90e7-83a33f84db1d",
        "x-ms-gatewayversion": "version=2.11.0",
        "x-ms-ratelimit-remaining-subscription-reads": "11371",
        "x-ms-request-id": "49da696a-9e61-47d9-90e7-83a33f84db1d",
        "x-ms-routing-request-id": "WESTUS2:20200923T034139Z:49da696a-9e61-47d9-90e7-83a33f84db1d"
      },
      "ResponseBody": {
        "status": "Dequeued"
      }
    },
    {
      "RequestUri": "https://management.azure.com/subscriptions/db1ab6f0-4769-4b27-930e-01e2ef9c123c/providers/Microsoft.DocumentDB/locations/westus/operationsStatus/a65c0898-d82d-4f94-b7fe-dc50ee00e653?api-version=2020-04-01",
      "RequestMethod": "GET",
      "RequestHeaders": {
        "Authorization": "Sanitized",
        "User-Agent": [
          "azsdk-net-ResourceManager.CosmosDB/1.0.0-alpha.20200922.1",
          "(.NET Core 4.6.29220.03; Microsoft Windows 10.0.19041 )"
        ],
        "x-ms-client-request-id": "a9096df4d57a54ced5cce1ed07913186",
        "x-ms-return-client-request-id": "true"
      },
      "RequestBody": null,
      "StatusCode": 200,
      "ResponseHeaders": {
        "Cache-Control": "no-store, no-cache",
        "Content-Length": "21",
        "Content-Location": "https://management.documents.azure.com:450/subscriptions/db1ab6f0-4769-4b27-930e-01e2ef9c123c/providers/Microsoft.DocumentDB/locations/westus/operationsStatus/a65c0898-d82d-4f94-b7fe-dc50ee00e653?api-version=2020-04-01",
        "Content-Type": "application/json",
        "Date": "Wed, 23 Sep 2020 03:41:39 GMT",
        "Pragma": "no-cache",
        "Server": "Microsoft-HTTPAPI/2.0",
        "Strict-Transport-Security": "max-age=31536000; includeSubDomains",
        "X-Content-Type-Options": "nosniff",
        "x-ms-correlation-request-id": "7aaf4dc1-2cd4-4288-b883-ac54a7fd468e",
        "x-ms-gatewayversion": "version=2.11.0",
        "x-ms-ratelimit-remaining-subscription-reads": "11370",
        "x-ms-request-id": "7aaf4dc1-2cd4-4288-b883-ac54a7fd468e",
        "x-ms-routing-request-id": "WESTUS2:20200923T034140Z:7aaf4dc1-2cd4-4288-b883-ac54a7fd468e"
      },
      "ResponseBody": {
        "status": "Dequeued"
      }
    },
    {
      "RequestUri": "https://management.azure.com/subscriptions/db1ab6f0-4769-4b27-930e-01e2ef9c123c/providers/Microsoft.DocumentDB/locations/westus/operationsStatus/a65c0898-d82d-4f94-b7fe-dc50ee00e653?api-version=2020-04-01",
      "RequestMethod": "GET",
      "RequestHeaders": {
        "Authorization": "Sanitized",
        "User-Agent": [
          "azsdk-net-ResourceManager.CosmosDB/1.0.0-alpha.20200922.1",
          "(.NET Core 4.6.29220.03; Microsoft Windows 10.0.19041 )"
        ],
        "x-ms-client-request-id": "9681ec5531e6d91ab15f6c5120b8d6b8",
        "x-ms-return-client-request-id": "true"
      },
      "RequestBody": null,
      "StatusCode": 200,
      "ResponseHeaders": {
        "Cache-Control": "no-store, no-cache",
        "Content-Length": "21",
        "Content-Location": "https://management.documents.azure.com:450/subscriptions/db1ab6f0-4769-4b27-930e-01e2ef9c123c/providers/Microsoft.DocumentDB/locations/westus/operationsStatus/a65c0898-d82d-4f94-b7fe-dc50ee00e653?api-version=2020-04-01",
        "Content-Type": "application/json",
        "Date": "Wed, 23 Sep 2020 03:41:40 GMT",
        "Pragma": "no-cache",
        "Server": "Microsoft-HTTPAPI/2.0",
        "Strict-Transport-Security": "max-age=31536000; includeSubDomains",
        "X-Content-Type-Options": "nosniff",
        "x-ms-correlation-request-id": "02cf0466-bcb9-4a45-8f8e-65995ad3eca6",
        "x-ms-gatewayversion": "version=2.11.0",
        "x-ms-ratelimit-remaining-subscription-reads": "11369",
        "x-ms-request-id": "02cf0466-bcb9-4a45-8f8e-65995ad3eca6",
        "x-ms-routing-request-id": "WESTUS2:20200923T034141Z:02cf0466-bcb9-4a45-8f8e-65995ad3eca6"
      },
      "ResponseBody": {
        "status": "Dequeued"
      }
    },
    {
      "RequestUri": "https://management.azure.com/subscriptions/db1ab6f0-4769-4b27-930e-01e2ef9c123c/providers/Microsoft.DocumentDB/locations/westus/operationsStatus/a65c0898-d82d-4f94-b7fe-dc50ee00e653?api-version=2020-04-01",
      "RequestMethod": "GET",
      "RequestHeaders": {
        "Authorization": "Sanitized",
        "User-Agent": [
          "azsdk-net-ResourceManager.CosmosDB/1.0.0-alpha.20200922.1",
          "(.NET Core 4.6.29220.03; Microsoft Windows 10.0.19041 )"
        ],
        "x-ms-client-request-id": "1ce0c73627e19dac2c35b6639e8ebb6b",
        "x-ms-return-client-request-id": "true"
      },
      "RequestBody": null,
      "StatusCode": 200,
      "ResponseHeaders": {
        "Cache-Control": "no-store, no-cache",
        "Content-Length": "22",
        "Content-Location": "https://management.documents.azure.com:450/subscriptions/db1ab6f0-4769-4b27-930e-01e2ef9c123c/providers/Microsoft.DocumentDB/locations/westus/operationsStatus/a65c0898-d82d-4f94-b7fe-dc50ee00e653?api-version=2020-04-01",
        "Content-Type": "application/json",
        "Date": "Wed, 23 Sep 2020 03:41:41 GMT",
        "Pragma": "no-cache",
        "Server": "Microsoft-HTTPAPI/2.0",
        "Strict-Transport-Security": "max-age=31536000; includeSubDomains",
        "X-Content-Type-Options": "nosniff",
        "x-ms-correlation-request-id": "fa03fcda-41f7-4bda-9b88-3828f099598a",
        "x-ms-gatewayversion": "version=2.11.0",
        "x-ms-ratelimit-remaining-subscription-reads": "11368",
        "x-ms-request-id": "fa03fcda-41f7-4bda-9b88-3828f099598a",
        "x-ms-routing-request-id": "WESTUS2:20200923T034142Z:fa03fcda-41f7-4bda-9b88-3828f099598a"
      },
      "ResponseBody": {
        "status": "Succeeded"
      }
    },
    {
      "RequestUri": "https://management.azure.com/subscriptions/db1ab6f0-4769-4b27-930e-01e2ef9c123c/resourceGroups/Default-CosmosDB-4357/providers/Microsoft.DocumentDB/databaseAccounts/amecassandratest9836/cassandraKeyspaces/keyspaceName2510?api-version=2020-04-01",
      "RequestMethod": "GET",
      "RequestHeaders": {
        "Authorization": "Sanitized",
        "User-Agent": [
          "azsdk-net-ResourceManager.CosmosDB/1.0.0-alpha.20200922.1",
          "(.NET Core 4.6.29220.03; Microsoft Windows 10.0.19041 )"
        ],
        "x-ms-client-request-id": "f87d5835b225c2205330f81a697c331c",
        "x-ms-return-client-request-id": "true"
      },
      "RequestBody": null,
      "StatusCode": 200,
      "ResponseHeaders": {
        "Cache-Control": "no-store, no-cache",
        "Content-Length": "432",
        "Content-Location": "https://management.documents.azure.com:450/subscriptions/db1ab6f0-4769-4b27-930e-01e2ef9c123c/resourceGroups/Default-CosmosDB-4357/providers/Microsoft.DocumentDB/databaseAccounts/amecassandratest9836/cassandraKeyspaces/keyspaceName2510?api-version=2020-04-01",
        "Content-Type": "application/json",
        "Date": "Wed, 23 Sep 2020 03:41:42 GMT",
        "Pragma": "no-cache",
        "Server": "Microsoft-HTTPAPI/2.0",
        "Strict-Transport-Security": "max-age=31536000; includeSubDomains",
        "X-Content-Type-Options": "nosniff",
        "x-ms-correlation-request-id": "ad0f84c2-54b5-4933-9da9-dc11a5062b57",
        "x-ms-gatewayversion": "version=2.11.0",
        "x-ms-ratelimit-remaining-subscription-reads": "11367",
        "x-ms-request-id": "ad0f84c2-54b5-4933-9da9-dc11a5062b57",
        "x-ms-routing-request-id": "WESTUS2:20200923T034143Z:ad0f84c2-54b5-4933-9da9-dc11a5062b57"
      },
      "ResponseBody": {
        "id": "/subscriptions/db1ab6f0-4769-4b27-930e-01e2ef9c123c/resourceGroups/Default-CosmosDB-4357/providers/Microsoft.DocumentDB/databaseAccounts/amecassandratest9836/cassandraKeyspaces/keyspaceName2510",
        "type": "Microsoft.DocumentDB/databaseAccounts/cassandraKeyspaces",
        "name": "keyspaceName2510",
        "properties": {
          "resource": {
            "id": "keyspaceName2510",
            "_rid": "bCwAAA==",
            "_etag": "\u00220000279a-0000-0700-0000-5f6ac3f40000\u0022",
            "_ts": 1600832500
          }
        }
      }
    },
    {
      "RequestUri": "https://management.azure.com/subscriptions/db1ab6f0-4769-4b27-930e-01e2ef9c123c/resourceGroups/Default-CosmosDB-4357/providers/Microsoft.DocumentDB/databaseAccounts/amecassandratest9836/cassandraKeyspaces/keyspaceName2510?api-version=2020-04-01",
      "RequestMethod": "PUT",
      "RequestHeaders": {
        "Accept": "application/json",
        "Authorization": "Sanitized",
        "Content-Length": "105",
        "Content-Type": "application/json",
        "traceparent": "00-848d78162bd7e4429436d9039e9ce2d0-6e23216b27f9044f-00",
        "User-Agent": [
          "azsdk-net-ResourceManager.CosmosDB/1.0.0-alpha.20200922.1",
          "(.NET Core 4.6.29220.03; Microsoft Windows 10.0.19041 )"
        ],
        "x-ms-client-request-id": "3fb628f515b12da440e369b17bb73a23",
        "x-ms-return-client-request-id": "true"
      },
      "RequestBody": {
        "properties": {
          "resource": {
            "id": "keyspaceName2510"
          },
          "options": {
            "throughput": 700,
            "autoscaleSettings": {}
          }
        }
      },
      "StatusCode": 202,
      "ResponseHeaders": {
        "Azure-AsyncOperation": "https://management.azure.com/subscriptions/db1ab6f0-4769-4b27-930e-01e2ef9c123c/providers/Microsoft.DocumentDB/locations/westus/operationsStatus/0af05671-a11e-4624-b6b0-a5dd0d97d232?api-version=2020-04-01",
        "Cache-Control": "no-store, no-cache",
        "Content-Length": "21",
        "Content-Location": "https://management.documents.azure.com:450/subscriptions/db1ab6f0-4769-4b27-930e-01e2ef9c123c/resourceGroups/Default-CosmosDB-4357/providers/Microsoft.DocumentDB/databaseAccounts/amecassandratest9836/cassandraKeyspaces/keyspaceName2510?api-version=2020-04-01",
        "Content-Type": "application/json",
        "Date": "Wed, 23 Sep 2020 03:41:43 GMT",
        "Location": "https://management.azure.com/subscriptions/db1ab6f0-4769-4b27-930e-01e2ef9c123c/resourceGroups/Default-CosmosDB-4357/providers/Microsoft.DocumentDB/databaseAccounts/amecassandratest9836/cassandraKeyspaces/keyspaceName2510/operationResults/0af05671-a11e-4624-b6b0-a5dd0d97d232?api-version=2020-04-01",
        "Pragma": "no-cache",
        "Server": "Microsoft-HTTPAPI/2.0",
        "Strict-Transport-Security": "max-age=31536000; includeSubDomains",
        "X-Content-Type-Options": "nosniff",
        "x-ms-correlation-request-id": "5a6c2b49-7948-4024-ac7d-cfaa9e5fbf2b",
        "x-ms-gatewayversion": "version=2.11.0",
        "x-ms-ratelimit-remaining-subscription-writes": "1196",
        "x-ms-request-id": "0af05671-a11e-4624-b6b0-a5dd0d97d232",
        "x-ms-routing-request-id": "WESTUS2:20200923T034143Z:5a6c2b49-7948-4024-ac7d-cfaa9e5fbf2b"
      },
      "ResponseBody": {
        "status": "Enqueued"
      }
    },
    {
      "RequestUri": "https://management.azure.com/subscriptions/db1ab6f0-4769-4b27-930e-01e2ef9c123c/providers/Microsoft.DocumentDB/locations/westus/operationsStatus/0af05671-a11e-4624-b6b0-a5dd0d97d232?api-version=2020-04-01",
      "RequestMethod": "GET",
      "RequestHeaders": {
        "Authorization": "Sanitized",
        "User-Agent": [
          "azsdk-net-ResourceManager.CosmosDB/1.0.0-alpha.20200922.1",
          "(.NET Core 4.6.29220.03; Microsoft Windows 10.0.19041 )"
        ],
        "x-ms-client-request-id": "756d99027bd720bab44fb842486f479b",
        "x-ms-return-client-request-id": "true"
      },
      "RequestBody": null,
      "StatusCode": 200,
      "ResponseHeaders": {
        "Cache-Control": "no-store, no-cache",
        "Content-Length": "21",
        "Content-Location": "https://management.documents.azure.com:450/subscriptions/db1ab6f0-4769-4b27-930e-01e2ef9c123c/providers/Microsoft.DocumentDB/locations/westus/operationsStatus/0af05671-a11e-4624-b6b0-a5dd0d97d232?api-version=2020-04-01",
        "Content-Type": "application/json",
        "Date": "Wed, 23 Sep 2020 03:41:43 GMT",
        "Pragma": "no-cache",
        "Server": "Microsoft-HTTPAPI/2.0",
        "Strict-Transport-Security": "max-age=31536000; includeSubDomains",
        "X-Content-Type-Options": "nosniff",
        "x-ms-correlation-request-id": "bf9a6145-fd22-47f1-a0ab-78cff3aa7373",
        "x-ms-gatewayversion": "version=2.11.0",
        "x-ms-ratelimit-remaining-subscription-reads": "11366",
        "x-ms-request-id": "bf9a6145-fd22-47f1-a0ab-78cff3aa7373",
        "x-ms-routing-request-id": "WESTUS2:20200923T034144Z:bf9a6145-fd22-47f1-a0ab-78cff3aa7373"
      },
      "ResponseBody": {
        "status": "Enqueued"
      }
    },
    {
      "RequestUri": "https://management.azure.com/subscriptions/db1ab6f0-4769-4b27-930e-01e2ef9c123c/providers/Microsoft.DocumentDB/locations/westus/operationsStatus/0af05671-a11e-4624-b6b0-a5dd0d97d232?api-version=2020-04-01",
      "RequestMethod": "GET",
      "RequestHeaders": {
        "Authorization": "Sanitized",
        "User-Agent": [
          "azsdk-net-ResourceManager.CosmosDB/1.0.0-alpha.20200922.1",
          "(.NET Core 4.6.29220.03; Microsoft Windows 10.0.19041 )"
        ],
        "x-ms-client-request-id": "6976d4f56a6117e1953399934bf3fead",
        "x-ms-return-client-request-id": "true"
      },
      "RequestBody": null,
      "StatusCode": 200,
      "ResponseHeaders": {
        "Cache-Control": "no-store, no-cache",
        "Content-Length": "21",
        "Content-Location": "https://management.documents.azure.com:450/subscriptions/db1ab6f0-4769-4b27-930e-01e2ef9c123c/providers/Microsoft.DocumentDB/locations/westus/operationsStatus/0af05671-a11e-4624-b6b0-a5dd0d97d232?api-version=2020-04-01",
        "Content-Type": "application/json",
        "Date": "Wed, 23 Sep 2020 03:41:44 GMT",
        "Pragma": "no-cache",
        "Server": "Microsoft-HTTPAPI/2.0",
        "Strict-Transport-Security": "max-age=31536000; includeSubDomains",
        "X-Content-Type-Options": "nosniff",
        "x-ms-correlation-request-id": "175a4ba7-ca26-48f5-ad30-9e99d1ff435b",
        "x-ms-gatewayversion": "version=2.11.0",
        "x-ms-ratelimit-remaining-subscription-reads": "11365",
        "x-ms-request-id": "175a4ba7-ca26-48f5-ad30-9e99d1ff435b",
        "x-ms-routing-request-id": "WESTUS2:20200923T034145Z:175a4ba7-ca26-48f5-ad30-9e99d1ff435b"
      },
      "ResponseBody": {
        "status": "Enqueued"
      }
    },
    {
      "RequestUri": "https://management.azure.com/subscriptions/db1ab6f0-4769-4b27-930e-01e2ef9c123c/providers/Microsoft.DocumentDB/locations/westus/operationsStatus/0af05671-a11e-4624-b6b0-a5dd0d97d232?api-version=2020-04-01",
      "RequestMethod": "GET",
      "RequestHeaders": {
        "Authorization": "Sanitized",
        "User-Agent": [
          "azsdk-net-ResourceManager.CosmosDB/1.0.0-alpha.20200922.1",
          "(.NET Core 4.6.29220.03; Microsoft Windows 10.0.19041 )"
        ],
        "x-ms-client-request-id": "e1aebaafc449284c45fa14eb26503a36",
        "x-ms-return-client-request-id": "true"
      },
      "RequestBody": null,
      "StatusCode": 200,
      "ResponseHeaders": {
        "Cache-Control": "no-store, no-cache",
        "Content-Length": "21",
        "Content-Location": "https://management.documents.azure.com:450/subscriptions/db1ab6f0-4769-4b27-930e-01e2ef9c123c/providers/Microsoft.DocumentDB/locations/westus/operationsStatus/0af05671-a11e-4624-b6b0-a5dd0d97d232?api-version=2020-04-01",
        "Content-Type": "application/json",
        "Date": "Wed, 23 Sep 2020 03:41:45 GMT",
        "Pragma": "no-cache",
        "Server": "Microsoft-HTTPAPI/2.0",
        "Strict-Transport-Security": "max-age=31536000; includeSubDomains",
        "X-Content-Type-Options": "nosniff",
        "x-ms-correlation-request-id": "3d2fecc4-4b94-45d5-951a-d88576ee0238",
        "x-ms-gatewayversion": "version=2.11.0",
        "x-ms-ratelimit-remaining-subscription-reads": "11364",
        "x-ms-request-id": "3d2fecc4-4b94-45d5-951a-d88576ee0238",
        "x-ms-routing-request-id": "WESTUS2:20200923T034146Z:3d2fecc4-4b94-45d5-951a-d88576ee0238"
      },
      "ResponseBody": {
        "status": "Enqueued"
      }
    },
    {
      "RequestUri": "https://management.azure.com/subscriptions/db1ab6f0-4769-4b27-930e-01e2ef9c123c/providers/Microsoft.DocumentDB/locations/westus/operationsStatus/0af05671-a11e-4624-b6b0-a5dd0d97d232?api-version=2020-04-01",
      "RequestMethod": "GET",
      "RequestHeaders": {
        "Authorization": "Sanitized",
        "User-Agent": [
          "azsdk-net-ResourceManager.CosmosDB/1.0.0-alpha.20200922.1",
          "(.NET Core 4.6.29220.03; Microsoft Windows 10.0.19041 )"
        ],
        "x-ms-client-request-id": "5abb2dd6ca1c974db855e0a4e227d4c0",
        "x-ms-return-client-request-id": "true"
      },
      "RequestBody": null,
      "StatusCode": 200,
      "ResponseHeaders": {
        "Cache-Control": "no-store, no-cache",
        "Content-Length": "21",
        "Content-Location": "https://management.documents.azure.com:450/subscriptions/db1ab6f0-4769-4b27-930e-01e2ef9c123c/providers/Microsoft.DocumentDB/locations/westus/operationsStatus/0af05671-a11e-4624-b6b0-a5dd0d97d232?api-version=2020-04-01",
        "Content-Type": "application/json",
        "Date": "Wed, 23 Sep 2020 03:41:46 GMT",
        "Pragma": "no-cache",
        "Server": "Microsoft-HTTPAPI/2.0",
        "Strict-Transport-Security": "max-age=31536000; includeSubDomains",
        "X-Content-Type-Options": "nosniff",
        "x-ms-correlation-request-id": "aacbdd43-63cc-4760-8b0d-cfaebbe01753",
        "x-ms-gatewayversion": "version=2.11.0",
        "x-ms-ratelimit-remaining-subscription-reads": "11363",
        "x-ms-request-id": "aacbdd43-63cc-4760-8b0d-cfaebbe01753",
        "x-ms-routing-request-id": "WESTUS2:20200923T034147Z:aacbdd43-63cc-4760-8b0d-cfaebbe01753"
      },
      "ResponseBody": {
        "status": "Dequeued"
      }
    },
    {
      "RequestUri": "https://management.azure.com/subscriptions/db1ab6f0-4769-4b27-930e-01e2ef9c123c/providers/Microsoft.DocumentDB/locations/westus/operationsStatus/0af05671-a11e-4624-b6b0-a5dd0d97d232?api-version=2020-04-01",
      "RequestMethod": "GET",
      "RequestHeaders": {
        "Authorization": "Sanitized",
        "User-Agent": [
          "azsdk-net-ResourceManager.CosmosDB/1.0.0-alpha.20200922.1",
          "(.NET Core 4.6.29220.03; Microsoft Windows 10.0.19041 )"
        ],
        "x-ms-client-request-id": "8d920a5166c13151884d236656f5f145",
        "x-ms-return-client-request-id": "true"
      },
      "RequestBody": null,
      "StatusCode": 200,
      "ResponseHeaders": {
        "Cache-Control": "no-store, no-cache",
        "Content-Length": "21",
        "Content-Location": "https://management.documents.azure.com:450/subscriptions/db1ab6f0-4769-4b27-930e-01e2ef9c123c/providers/Microsoft.DocumentDB/locations/westus/operationsStatus/0af05671-a11e-4624-b6b0-a5dd0d97d232?api-version=2020-04-01",
        "Content-Type": "application/json",
        "Date": "Wed, 23 Sep 2020 03:41:47 GMT",
        "Pragma": "no-cache",
        "Server": "Microsoft-HTTPAPI/2.0",
        "Strict-Transport-Security": "max-age=31536000; includeSubDomains",
        "X-Content-Type-Options": "nosniff",
        "x-ms-correlation-request-id": "066cd868-4eba-4b1d-83df-5789f7c2f4ef",
        "x-ms-gatewayversion": "version=2.11.0",
        "x-ms-ratelimit-remaining-subscription-reads": "11362",
        "x-ms-request-id": "066cd868-4eba-4b1d-83df-5789f7c2f4ef",
        "x-ms-routing-request-id": "WESTUS2:20200923T034148Z:066cd868-4eba-4b1d-83df-5789f7c2f4ef"
      },
      "ResponseBody": {
        "status": "Dequeued"
      }
    },
    {
      "RequestUri": "https://management.azure.com/subscriptions/db1ab6f0-4769-4b27-930e-01e2ef9c123c/providers/Microsoft.DocumentDB/locations/westus/operationsStatus/0af05671-a11e-4624-b6b0-a5dd0d97d232?api-version=2020-04-01",
      "RequestMethod": "GET",
      "RequestHeaders": {
        "Authorization": "Sanitized",
        "User-Agent": [
          "azsdk-net-ResourceManager.CosmosDB/1.0.0-alpha.20200922.1",
          "(.NET Core 4.6.29220.03; Microsoft Windows 10.0.19041 )"
        ],
        "x-ms-client-request-id": "1ebd62f8a437e4916d1728f4e4a7461e",
        "x-ms-return-client-request-id": "true"
      },
      "RequestBody": null,
      "StatusCode": 200,
      "ResponseHeaders": {
        "Cache-Control": "no-store, no-cache",
        "Content-Length": "22",
        "Content-Location": "https://management.documents.azure.com:450/subscriptions/db1ab6f0-4769-4b27-930e-01e2ef9c123c/providers/Microsoft.DocumentDB/locations/westus/operationsStatus/0af05671-a11e-4624-b6b0-a5dd0d97d232?api-version=2020-04-01",
        "Content-Type": "application/json",
        "Date": "Wed, 23 Sep 2020 03:41:48 GMT",
        "Pragma": "no-cache",
        "Server": "Microsoft-HTTPAPI/2.0",
        "Strict-Transport-Security": "max-age=31536000; includeSubDomains",
        "X-Content-Type-Options": "nosniff",
        "x-ms-correlation-request-id": "b6e3e424-c9eb-4746-9be7-a15c65594e60",
        "x-ms-gatewayversion": "version=2.11.0",
        "x-ms-ratelimit-remaining-subscription-reads": "11361",
        "x-ms-request-id": "b6e3e424-c9eb-4746-9be7-a15c65594e60",
        "x-ms-routing-request-id": "WESTUS2:20200923T034149Z:b6e3e424-c9eb-4746-9be7-a15c65594e60"
      },
      "ResponseBody": {
        "status": "Succeeded"
      }
    },
    {
      "RequestUri": "https://management.azure.com/subscriptions/db1ab6f0-4769-4b27-930e-01e2ef9c123c/resourceGroups/Default-CosmosDB-4357/providers/Microsoft.DocumentDB/databaseAccounts/amecassandratest9836/cassandraKeyspaces/keyspaceName2510?api-version=2020-04-01",
      "RequestMethod": "GET",
      "RequestHeaders": {
        "Authorization": "Sanitized",
        "User-Agent": [
          "azsdk-net-ResourceManager.CosmosDB/1.0.0-alpha.20200922.1",
          "(.NET Core 4.6.29220.03; Microsoft Windows 10.0.19041 )"
        ],
        "x-ms-client-request-id": "1b9a5326acbe6f75db8ad1cfa7e741c3",
        "x-ms-return-client-request-id": "true"
      },
      "RequestBody": null,
      "StatusCode": 200,
      "ResponseHeaders": {
        "Cache-Control": "no-store, no-cache",
        "Content-Length": "432",
        "Content-Location": "https://management.documents.azure.com:450/subscriptions/db1ab6f0-4769-4b27-930e-01e2ef9c123c/resourceGroups/Default-CosmosDB-4357/providers/Microsoft.DocumentDB/databaseAccounts/amecassandratest9836/cassandraKeyspaces/keyspaceName2510?api-version=2020-04-01",
        "Content-Type": "application/json",
        "Date": "Wed, 23 Sep 2020 03:41:49 GMT",
        "Pragma": "no-cache",
        "Server": "Microsoft-HTTPAPI/2.0",
        "Strict-Transport-Security": "max-age=31536000; includeSubDomains",
        "X-Content-Type-Options": "nosniff",
        "x-ms-correlation-request-id": "aa154eab-82df-4315-bbeb-cf3308ba1735",
        "x-ms-gatewayversion": "version=2.11.0",
        "x-ms-ratelimit-remaining-subscription-reads": "11360",
        "x-ms-request-id": "aa154eab-82df-4315-bbeb-cf3308ba1735",
        "x-ms-routing-request-id": "WESTUS2:20200923T034150Z:aa154eab-82df-4315-bbeb-cf3308ba1735"
      },
      "ResponseBody": {
        "id": "/subscriptions/db1ab6f0-4769-4b27-930e-01e2ef9c123c/resourceGroups/Default-CosmosDB-4357/providers/Microsoft.DocumentDB/databaseAccounts/amecassandratest9836/cassandraKeyspaces/keyspaceName2510",
        "type": "Microsoft.DocumentDB/databaseAccounts/cassandraKeyspaces",
        "name": "keyspaceName2510",
        "properties": {
          "resource": {
            "id": "keyspaceName2510",
            "_rid": "bCwAAA==",
            "_etag": "\u00220000279a-0000-0700-0000-5f6ac3f40000\u0022",
            "_ts": 1600832500
          }
        }
      }
    },
    {
      "RequestUri": "https://management.azure.com/subscriptions/db1ab6f0-4769-4b27-930e-01e2ef9c123c/resourceGroups/Default-CosmosDB-4357/providers/Microsoft.DocumentDB/databaseAccounts/amecassandratest9836/cassandraKeyspaces/keyspaceName2510/throughputSettings/default?api-version=2020-04-01",
      "RequestMethod": "GET",
      "RequestHeaders": {
        "Accept": "application/json",
        "Authorization": "Sanitized",
        "traceparent": "00-62a2197ad3e51043bcc29cbda0b6fa7f-02a2f2e1af852c4c-00",
        "User-Agent": [
          "azsdk-net-ResourceManager.CosmosDB/1.0.0-alpha.20200922.1",
          "(.NET Core 4.6.29220.03; Microsoft Windows 10.0.19041 )"
        ],
        "x-ms-client-request-id": "7fac9a64b569ad8978ad20a93e5d4ce0",
        "x-ms-return-client-request-id": "true"
      },
      "RequestBody": null,
      "StatusCode": 200,
      "ResponseHeaders": {
        "Cache-Control": "no-store, no-cache",
        "Content-Length": "399",
        "Content-Location": "https://management.documents.azure.com:450/subscriptions/db1ab6f0-4769-4b27-930e-01e2ef9c123c/resourceGroups/Default-CosmosDB-4357/providers/Microsoft.DocumentDB/databaseAccounts/amecassandratest9836/cassandraKeyspaces/keyspaceName2510/throughputSettings/default?api-version=2020-04-01",
        "Content-Type": "application/json",
        "Date": "Wed, 23 Sep 2020 03:41:50 GMT",
        "Pragma": "no-cache",
        "Server": "Microsoft-HTTPAPI/2.0",
        "Strict-Transport-Security": "max-age=31536000; includeSubDomains",
        "X-Content-Type-Options": "nosniff",
        "x-ms-correlation-request-id": "0c1e4404-4fda-4ed1-ba80-0a74afdc984f",
        "x-ms-gatewayversion": "version=2.11.0",
        "x-ms-ratelimit-remaining-subscription-reads": "11359",
        "x-ms-request-id": "0c1e4404-4fda-4ed1-ba80-0a74afdc984f",
        "x-ms-routing-request-id": "WESTUS2:20200923T034151Z:0c1e4404-4fda-4ed1-ba80-0a74afdc984f"
      },
      "ResponseBody": {
        "id": "/subscriptions/db1ab6f0-4769-4b27-930e-01e2ef9c123c/resourceGroups/Default-CosmosDB-4357/providers/Microsoft.DocumentDB/databaseAccounts/amecassandratest9836/cassandraKeyspaces/keyspaceName2510/throughputSettings/default",
        "type": "Microsoft.DocumentDB/databaseAccounts/cassandraKeyspaces/throughputSettings",
        "name": "Y0LE",
        "properties": {
          "resource": {
            "throughput": 700,
            "minimumThroughput": "400"
          }
        }
      }
    }
  ],
  "Variables": {
    "RandomSeed": "1273401775"
  }
}