{
  "Entries": [
    {
      "RequestUri": "https://management.azure.com/subscriptions/db1ab6f0-4769-4b27-930e-01e2ef9c123c/resourceGroups/Default-CosmosDB-349/providers/Microsoft.DocumentDB/databaseAccounts/amecassandratest9353/cassandraKeyspaces/keyspaceName2510/tables/tableName2510/throughputSettings/default/migrateToManualThroughput?api-version=2020-04-01",
      "RequestMethod": "POST",
      "RequestHeaders": {
        "Authorization": "Sanitized",
        "traceparent": "00-bc92f6857280d94ab6b2d62f67b82dfb-f0b1909013104145-00",
        "User-Agent": [
          "azsdk-net-ResourceManager.CosmosDB/1.0.0-alpha.20200921.1",
          "(.NET Core 4.6.29220.03; Microsoft Windows 10.0.19041 )"
        ],
        "x-ms-client-request-id": "4de241194446a9a51c6c822ff2d8c6be",
        "x-ms-return-client-request-id": "true"
      },
      "RequestBody": null,
      "StatusCode": 202,
      "ResponseHeaders": {
        "Azure-AsyncOperation": "https://management.azure.com/subscriptions/db1ab6f0-4769-4b27-930e-01e2ef9c123c/providers/Microsoft.DocumentDB/locations/westus/operationsStatus/ec0596f4-4414-4f6b-8991-4829003246c3?api-version=2020-04-01",
        "Cache-Control": "no-store, no-cache",
        "Content-Length": "21",
        "Content-Type": "application/json",
        "Date": "Mon, 21 Sep 2020 21:36:36 GMT",
        "Location": "https://management.azure.com/subscriptions/db1ab6f0-4769-4b27-930e-01e2ef9c123c/resourceGroups/Default-CosmosDB-349/providers/Microsoft.DocumentDB/databaseAccounts/amecassandratest9353/cassandraKeyspaces/keyspaceName2510/tables/tableName2510/throughputSettings/default/migrateToManualThroughput/operationResults/ec0596f4-4414-4f6b-8991-4829003246c3?api-version=2020-04-01",
        "Pragma": "no-cache",
        "Server": "Microsoft-HTTPAPI/2.0",
        "Strict-Transport-Security": "max-age=31536000; includeSubDomains",
        "X-Content-Type-Options": "nosniff",
        "x-ms-correlation-request-id": "20670e84-47a2-48f6-bee0-7c27402c7f95",
        "x-ms-gatewayversion": "version=2.11.0",
        "x-ms-ratelimit-remaining-subscription-writes": "1196",
        "x-ms-request-id": "ec0596f4-4414-4f6b-8991-4829003246c3",
        "x-ms-routing-request-id": "WESTUS:20200921T213637Z:20670e84-47a2-48f6-bee0-7c27402c7f95"
      },
      "ResponseBody": {
        "status": "Enqueued"
      }
    },
    {
      "RequestUri": "https://management.azure.com/subscriptions/db1ab6f0-4769-4b27-930e-01e2ef9c123c/providers/Microsoft.DocumentDB/locations/westus/operationsStatus/ec0596f4-4414-4f6b-8991-4829003246c3?api-version=2020-04-01",
      "RequestMethod": "GET",
      "RequestHeaders": {
        "Authorization": "Sanitized",
        "User-Agent": [
          "azsdk-net-ResourceManager.CosmosDB/1.0.0-alpha.20200921.1",
          "(.NET Core 4.6.29220.03; Microsoft Windows 10.0.19041 )"
        ],
        "x-ms-client-request-id": "f58abc040f24d6984ff408c35a17ccd2",
        "x-ms-return-client-request-id": "true"
      },
      "RequestBody": null,
      "StatusCode": 200,
      "ResponseHeaders": {
        "Cache-Control": "no-store, no-cache",
        "Content-Length": "21",
        "Content-Location": "https://management.documents.azure.com:450/subscriptions/db1ab6f0-4769-4b27-930e-01e2ef9c123c/providers/Microsoft.DocumentDB/locations/westus/operationsStatus/ec0596f4-4414-4f6b-8991-4829003246c3?api-version=2020-04-01",
        "Content-Type": "application/json",
        "Date": "Mon, 21 Sep 2020 21:36:36 GMT",
        "Pragma": "no-cache",
        "Server": "Microsoft-HTTPAPI/2.0",
        "Strict-Transport-Security": "max-age=31536000; includeSubDomains",
        "X-Content-Type-Options": "nosniff",
        "x-ms-correlation-request-id": "1d50dde3-59e4-4f20-9d57-589319ffbda1",
        "x-ms-gatewayversion": "version=2.11.0",
        "x-ms-ratelimit-remaining-subscription-reads": "11016",
        "x-ms-request-id": "1d50dde3-59e4-4f20-9d57-589319ffbda1",
        "x-ms-routing-request-id": "WESTUS:20200921T213637Z:1d50dde3-59e4-4f20-9d57-589319ffbda1"
      },
      "ResponseBody": {
        "status": "Enqueued"
      }
    },
    {
      "RequestUri": "https://management.azure.com/subscriptions/db1ab6f0-4769-4b27-930e-01e2ef9c123c/providers/Microsoft.DocumentDB/locations/westus/operationsStatus/ec0596f4-4414-4f6b-8991-4829003246c3?api-version=2020-04-01",
      "RequestMethod": "GET",
      "RequestHeaders": {
        "Authorization": "Sanitized",
        "User-Agent": [
          "azsdk-net-ResourceManager.CosmosDB/1.0.0-alpha.20200921.1",
          "(.NET Core 4.6.29220.03; Microsoft Windows 10.0.19041 )"
        ],
        "x-ms-client-request-id": "c09c5c98f2a1fba9c6d377a7955635c3",
        "x-ms-return-client-request-id": "true"
      },
      "RequestBody": null,
      "StatusCode": 200,
      "ResponseHeaders": {
        "Cache-Control": "no-store, no-cache",
        "Content-Length": "21",
        "Content-Location": "https://management.documents.azure.com:450/subscriptions/db1ab6f0-4769-4b27-930e-01e2ef9c123c/providers/Microsoft.DocumentDB/locations/westus/operationsStatus/ec0596f4-4414-4f6b-8991-4829003246c3?api-version=2020-04-01",
        "Content-Type": "application/json",
        "Date": "Mon, 21 Sep 2020 21:36:37 GMT",
        "Pragma": "no-cache",
        "Server": "Microsoft-HTTPAPI/2.0",
        "Strict-Transport-Security": "max-age=31536000; includeSubDomains",
        "X-Content-Type-Options": "nosniff",
        "x-ms-correlation-request-id": "9423a265-cc41-4a72-8c83-402424942791",
        "x-ms-gatewayversion": "version=2.11.0",
        "x-ms-ratelimit-remaining-subscription-reads": "11015",
        "x-ms-request-id": "9423a265-cc41-4a72-8c83-402424942791",
        "x-ms-routing-request-id": "WESTUS:20200921T213638Z:9423a265-cc41-4a72-8c83-402424942791"
      },
      "ResponseBody": {
        "status": "Enqueued"
      }
    },
    {
      "RequestUri": "https://management.azure.com/subscriptions/db1ab6f0-4769-4b27-930e-01e2ef9c123c/providers/Microsoft.DocumentDB/locations/westus/operationsStatus/ec0596f4-4414-4f6b-8991-4829003246c3?api-version=2020-04-01",
      "RequestMethod": "GET",
      "RequestHeaders": {
        "Authorization": "Sanitized",
        "User-Agent": [
          "azsdk-net-ResourceManager.CosmosDB/1.0.0-alpha.20200921.1",
          "(.NET Core 4.6.29220.03; Microsoft Windows 10.0.19041 )"
        ],
        "x-ms-client-request-id": "362a8ee7d14d38990bb36bcf14b8b4be",
        "x-ms-return-client-request-id": "true"
      },
      "RequestBody": null,
      "StatusCode": 200,
      "ResponseHeaders": {
        "Cache-Control": "no-store, no-cache",
        "Content-Length": "21",
        "Content-Location": "https://management.documents.azure.com:450/subscriptions/db1ab6f0-4769-4b27-930e-01e2ef9c123c/providers/Microsoft.DocumentDB/locations/westus/operationsStatus/ec0596f4-4414-4f6b-8991-4829003246c3?api-version=2020-04-01",
        "Content-Type": "application/json",
        "Date": "Mon, 21 Sep 2020 21:36:38 GMT",
        "Pragma": "no-cache",
        "Server": "Microsoft-HTTPAPI/2.0",
        "Strict-Transport-Security": "max-age=31536000; includeSubDomains",
        "X-Content-Type-Options": "nosniff",
        "x-ms-correlation-request-id": "3ab77172-b3a0-4daa-b598-132fc23f2a1a",
        "x-ms-gatewayversion": "version=2.11.0",
        "x-ms-ratelimit-remaining-subscription-reads": "11014",
        "x-ms-request-id": "3ab77172-b3a0-4daa-b598-132fc23f2a1a",
        "x-ms-routing-request-id": "WESTUS:20200921T213639Z:3ab77172-b3a0-4daa-b598-132fc23f2a1a"
      },
      "ResponseBody": {
        "status": "Enqueued"
      }
    },
    {
      "RequestUri": "https://management.azure.com/subscriptions/db1ab6f0-4769-4b27-930e-01e2ef9c123c/providers/Microsoft.DocumentDB/locations/westus/operationsStatus/ec0596f4-4414-4f6b-8991-4829003246c3?api-version=2020-04-01",
      "RequestMethod": "GET",
      "RequestHeaders": {
        "Authorization": "Sanitized",
        "User-Agent": [
          "azsdk-net-ResourceManager.CosmosDB/1.0.0-alpha.20200921.1",
          "(.NET Core 4.6.29220.03; Microsoft Windows 10.0.19041 )"
        ],
        "x-ms-client-request-id": "16b6dcd2c3bd1252128f2e5097f040f8",
        "x-ms-return-client-request-id": "true"
      },
      "RequestBody": null,
      "StatusCode": 200,
      "ResponseHeaders": {
        "Cache-Control": "no-store, no-cache",
        "Content-Length": "21",
        "Content-Location": "https://management.documents.azure.com:450/subscriptions/db1ab6f0-4769-4b27-930e-01e2ef9c123c/providers/Microsoft.DocumentDB/locations/westus/operationsStatus/ec0596f4-4414-4f6b-8991-4829003246c3?api-version=2020-04-01",
        "Content-Type": "application/json",
        "Date": "Mon, 21 Sep 2020 21:36:39 GMT",
        "Pragma": "no-cache",
        "Server": "Microsoft-HTTPAPI/2.0",
        "Strict-Transport-Security": "max-age=31536000; includeSubDomains",
        "X-Content-Type-Options": "nosniff",
        "x-ms-correlation-request-id": "5d7cd99a-24e6-48c2-87af-3578a1e002b7",
        "x-ms-gatewayversion": "version=2.11.0",
        "x-ms-ratelimit-remaining-subscription-reads": "11013",
        "x-ms-request-id": "5d7cd99a-24e6-48c2-87af-3578a1e002b7",
        "x-ms-routing-request-id": "WESTUS:20200921T213640Z:5d7cd99a-24e6-48c2-87af-3578a1e002b7"
      },
      "ResponseBody": {
        "status": "Dequeued"
      }
    },
    {
      "RequestUri": "https://management.azure.com/subscriptions/db1ab6f0-4769-4b27-930e-01e2ef9c123c/providers/Microsoft.DocumentDB/locations/westus/operationsStatus/ec0596f4-4414-4f6b-8991-4829003246c3?api-version=2020-04-01",
      "RequestMethod": "GET",
      "RequestHeaders": {
        "Authorization": "Sanitized",
        "User-Agent": [
          "azsdk-net-ResourceManager.CosmosDB/1.0.0-alpha.20200921.1",
          "(.NET Core 4.6.29220.03; Microsoft Windows 10.0.19041 )"
        ],
        "x-ms-client-request-id": "cbdb45be95ecc685c264b4ee86d9e60d",
        "x-ms-return-client-request-id": "true"
      },
      "RequestBody": null,
      "StatusCode": 200,
      "ResponseHeaders": {
        "Cache-Control": "no-store, no-cache",
        "Content-Length": "22",
        "Content-Location": "https://management.documents.azure.com:450/subscriptions/db1ab6f0-4769-4b27-930e-01e2ef9c123c/providers/Microsoft.DocumentDB/locations/westus/operationsStatus/ec0596f4-4414-4f6b-8991-4829003246c3?api-version=2020-04-01",
        "Content-Type": "application/json",
        "Date": "Mon, 21 Sep 2020 21:36:40 GMT",
        "Pragma": "no-cache",
        "Server": "Microsoft-HTTPAPI/2.0",
        "Strict-Transport-Security": "max-age=31536000; includeSubDomains",
        "X-Content-Type-Options": "nosniff",
        "x-ms-correlation-request-id": "79765be5-ce57-4a50-955e-b29bab6a3b62",
        "x-ms-gatewayversion": "version=2.11.0",
        "x-ms-ratelimit-remaining-subscription-reads": "11012",
        "x-ms-request-id": "79765be5-ce57-4a50-955e-b29bab6a3b62",
        "x-ms-routing-request-id": "WESTUS:20200921T213641Z:79765be5-ce57-4a50-955e-b29bab6a3b62"
      },
      "ResponseBody": {
        "status": "Succeeded"
      }
    },
    {
      "RequestUri": "https://management.azure.com/subscriptions/db1ab6f0-4769-4b27-930e-01e2ef9c123c/resourceGroups/Default-CosmosDB-349/providers/Microsoft.DocumentDB/databaseAccounts/amecassandratest9353/cassandraKeyspaces/keyspaceName2510/tables/tableName2510/throughputSettings/default/migrateToManualThroughput/operationResults/ec0596f4-4414-4f6b-8991-4829003246c3?api-version=2020-04-01",
      "RequestMethod": "GET",
      "RequestHeaders": {
        "Authorization": "Sanitized",
        "User-Agent": [
          "azsdk-net-ResourceManager.CosmosDB/1.0.0-alpha.20200921.1",
          "(.NET Core 4.6.29220.03; Microsoft Windows 10.0.19041 )"
        ],
        "x-ms-client-request-id": "b9d4b91f1fa024063c1824bea248a01b",
        "x-ms-return-client-request-id": "true"
      },
      "RequestBody": null,
      "StatusCode": 200,
      "ResponseHeaders": {
        "Cache-Control": "no-store, no-cache",
        "Content-Length": "479",
        "Content-Location": "https://management.documents.azure.com:450/subscriptions/db1ab6f0-4769-4b27-930e-01e2ef9c123c/resourceGroups/Default-CosmosDB-349/providers/Microsoft.DocumentDB/databaseAccounts/amecassandratest9353/cassandraKeyspaces/keyspaceName2510/tables/tableName2510/throughputSettings/default/migrateToManualThroughput/operationResults/ec0596f4-4414-4f6b-8991-4829003246c3?api-version=2020-04-01",
        "Content-Type": "application/json",
        "Date": "Mon, 21 Sep 2020 21:36:41 GMT",
        "Pragma": "no-cache",
        "Server": "Microsoft-HTTPAPI/2.0",
        "Strict-Transport-Security": "max-age=31536000; includeSubDomains",
        "X-Content-Type-Options": "nosniff",
        "x-ms-correlation-request-id": "5e1f99b2-f9d7-4ee9-bc40-4fb116d66c2e",
        "x-ms-gatewayversion": "version=2.11.0",
        "x-ms-ratelimit-remaining-subscription-reads": "11011",
        "x-ms-request-id": "5e1f99b2-f9d7-4ee9-bc40-4fb116d66c2e",
        "x-ms-routing-request-id": "WESTUS:20200921T213642Z:5e1f99b2-f9d7-4ee9-bc40-4fb116d66c2e"
      },
      "ResponseBody": {
        "id": "/subscriptions/db1ab6f0-4769-4b27-930e-01e2ef9c123c/resourceGroups/Default-CosmosDB-349/providers/Microsoft.DocumentDB/databaseAccounts/amecassandratest9353/cassandraKeyspaces/keyspaceName2510/tables/tableName2510/throughputSettings/default/migrateToManualThroughput",
        "type": "Microsoft.DocumentDB/databaseAccounts/cassandraKeyspaces/tables/throughputSettings/migrateToManualThroughput",
        "name": "dk48",
        "properties": {
          "resource": {
            "throughput": 7000,
            "minimumThroughput": "400"
          }
        }
      }
    }
  ],
  "Variables": {
    "RandomSeed": "1432025695"
  }
}