{
  "Entries": [
    {
      "RequestUri": "https://management.azure.com/subscriptions/db1ab6f0-4769-4b27-930e-01e2ef9c123c/resourceGroups/Default-CosmosDB-349/providers/Microsoft.DocumentDB/databaseAccounts/amecassandratest9353/cassandraKeyspaces?api-version=2020-04-01",
      "RequestMethod": "GET",
      "RequestHeaders": {
        "Authorization": "Sanitized",
        "User-Agent": [
          "azsdk-net-ResourceManager.CosmosDB/1.0.0-alpha.20200921.1",
          "(.NET Core 4.6.29220.03; Microsoft Windows 10.0.19041 )"
        ],
        "x-ms-client-request-id": "3c8543393912512f3b0ed1290d933996",
        "x-ms-return-client-request-id": "true"
      },
      "RequestBody": null,
      "StatusCode": 200,
      "ResponseHeaders": {
        "Cache-Control": "no-store, no-cache",
        "Content-Length": "443",
        "Content-Location": "https://management.documents.azure.com:450/subscriptions/db1ab6f0-4769-4b27-930e-01e2ef9c123c/resourceGroups/Default-CosmosDB-349/providers/Microsoft.DocumentDB/databaseAccounts/amecassandratest9353/cassandraKeyspaces?api-version=2020-04-01",
        "Content-Type": "application/json",
        "Date": "Mon, 21 Sep 2020 21:36:48 GMT",
        "Pragma": "no-cache",
        "Server": "Microsoft-HTTPAPI/2.0",
        "Strict-Transport-Security": "max-age=31536000; includeSubDomains",
        "X-Content-Type-Options": "nosniff",
        "x-ms-correlation-request-id": "36af95be-c970-4b55-924c-6b5c7e79ab24",
        "x-ms-gatewayversion": "version=2.11.0",
        "x-ms-ratelimit-remaining-subscription-reads": "11003",
        "x-ms-request-id": "36af95be-c970-4b55-924c-6b5c7e79ab24",
        "x-ms-routing-request-id": "WESTUS:20200921T213648Z:36af95be-c970-4b55-924c-6b5c7e79ab24"
      },
      "ResponseBody": {
        "value": [
          {
            "id": "/subscriptions/db1ab6f0-4769-4b27-930e-01e2ef9c123c/resourceGroups/Default-CosmosDB-349/providers/Microsoft.DocumentDB/databaseAccounts/amecassandratest9353/cassandraKeyspaces/keyspaceName2510",
            "type": "Microsoft.DocumentDB/databaseAccounts/cassandraKeyspaces",
            "name": "keyspaceName2510",
            "properties": {
              "resource": {
                "id": "keyspaceName2510",
                "_rid": "oUEcAA==",
                "_etag": "\u00220000d844-0000-0700-0000-5f691cae0000\u0022",
                "_ts": 1600724142
              }
            }
          }
        ]
      }
    },
    {
      "RequestUri": "https://management.azure.com/subscriptions/db1ab6f0-4769-4b27-930e-01e2ef9c123c/resourceGroups/Default-CosmosDB-349/providers/Microsoft.DocumentDB/databaseAccounts/amecassandratest9353/cassandraKeyspaces/keyspaceName2510?api-version=2020-04-01",
      "RequestMethod": "DELETE",
      "RequestHeaders": {
        "Authorization": "Sanitized",
        "traceparent": "00-27e878ad31913e469e7fa7a1fee08ee8-69b294b1f200c346-00",
        "User-Agent": [
          "azsdk-net-ResourceManager.CosmosDB/1.0.0-alpha.20200921.1",
          "(.NET Core 4.6.29220.03; Microsoft Windows 10.0.19041 )"
        ],
        "x-ms-client-request-id": "1129aba56eb46e13581578ce5a682f83",
        "x-ms-return-client-request-id": "true"
      },
      "RequestBody": null,
      "StatusCode": 202,
      "ResponseHeaders": {
        "Azure-AsyncOperation": "https://management.azure.com/subscriptions/db1ab6f0-4769-4b27-930e-01e2ef9c123c/providers/Microsoft.DocumentDB/locations/westus/operationsStatus/16b79bb2-fb12-48d6-a051-1a3e77eccddb?api-version=2020-04-01",
        "Cache-Control": "no-store, no-cache",
        "Content-Length": "21",
        "Content-Location": "https://management.documents.azure.com:450/subscriptions/db1ab6f0-4769-4b27-930e-01e2ef9c123c/resourceGroups/Default-CosmosDB-349/providers/Microsoft.DocumentDB/databaseAccounts/amecassandratest9353/cassandraKeyspaces/keyspaceName2510?api-version=2020-04-01",
        "Content-Type": "application/json",
        "Date": "Mon, 21 Sep 2020 21:36:48 GMT",
        "Location": "https://management.azure.com/subscriptions/db1ab6f0-4769-4b27-930e-01e2ef9c123c/resourceGroups/Default-CosmosDB-349/providers/Microsoft.DocumentDB/databaseAccounts/amecassandratest9353/cassandraKeyspaces/keyspaceName2510/operationResults/16b79bb2-fb12-48d6-a051-1a3e77eccddb?api-version=2020-04-01",
        "Pragma": "no-cache",
        "Server": "Microsoft-HTTPAPI/2.0",
        "Strict-Transport-Security": "max-age=31536000; includeSubDomains",
        "X-Content-Type-Options": "nosniff",
        "x-ms-correlation-request-id": "92c28e01-cfc6-41fb-b544-92ba9eacc242",
        "x-ms-gatewayversion": "version=2.11.0",
        "x-ms-ratelimit-remaining-subscription-deletes": "14998",
        "x-ms-request-id": "16b79bb2-fb12-48d6-a051-1a3e77eccddb",
        "x-ms-routing-request-id": "WESTUS:20200921T213648Z:92c28e01-cfc6-41fb-b544-92ba9eacc242"
      },
      "ResponseBody": {
        "status": "Enqueued"
      }
    },
    {
      "RequestUri": "https://management.azure.com/subscriptions/db1ab6f0-4769-4b27-930e-01e2ef9c123c/providers/Microsoft.DocumentDB/locations/westus/operationsStatus/16b79bb2-fb12-48d6-a051-1a3e77eccddb?api-version=2020-04-01",
      "RequestMethod": "GET",
      "RequestHeaders": {
        "Authorization": "Sanitized",
        "User-Agent": [
          "azsdk-net-ResourceManager.CosmosDB/1.0.0-alpha.20200921.1",
          "(.NET Core 4.6.29220.03; Microsoft Windows 10.0.19041 )"
        ],
        "x-ms-client-request-id": "98db8b4e0b67cabe2f17e3fdc160f6d3",
        "x-ms-return-client-request-id": "true"
      },
      "RequestBody": null,
      "StatusCode": 200,
      "ResponseHeaders": {
        "Cache-Control": "no-store, no-cache",
        "Content-Length": "21",
        "Content-Location": "https://management.documents.azure.com:450/subscriptions/db1ab6f0-4769-4b27-930e-01e2ef9c123c/providers/Microsoft.DocumentDB/locations/westus/operationsStatus/16b79bb2-fb12-48d6-a051-1a3e77eccddb?api-version=2020-04-01",
        "Content-Type": "application/json",
        "Date": "Mon, 21 Sep 2020 21:36:48 GMT",
        "Pragma": "no-cache",
        "Server": "Microsoft-HTTPAPI/2.0",
        "Strict-Transport-Security": "max-age=31536000; includeSubDomains",
        "X-Content-Type-Options": "nosniff",
        "x-ms-correlation-request-id": "6d8581d0-2109-4769-a662-5dd04d19e679",
        "x-ms-gatewayversion": "version=2.11.0",
        "x-ms-ratelimit-remaining-subscription-reads": "11002",
        "x-ms-request-id": "6d8581d0-2109-4769-a662-5dd04d19e679",
        "x-ms-routing-request-id": "WESTUS:20200921T213648Z:6d8581d0-2109-4769-a662-5dd04d19e679"
      },
      "ResponseBody": {
        "status": "Enqueued"
      }
    },
    {
      "RequestUri": "https://management.azure.com/subscriptions/db1ab6f0-4769-4b27-930e-01e2ef9c123c/providers/Microsoft.DocumentDB/locations/westus/operationsStatus/16b79bb2-fb12-48d6-a051-1a3e77eccddb?api-version=2020-04-01",
      "RequestMethod": "GET",
      "RequestHeaders": {
        "Authorization": "Sanitized",
        "User-Agent": [
          "azsdk-net-ResourceManager.CosmosDB/1.0.0-alpha.20200921.1",
          "(.NET Core 4.6.29220.03; Microsoft Windows 10.0.19041 )"
        ],
        "x-ms-client-request-id": "87254ede67570392e62e0aae48b80be4",
        "x-ms-return-client-request-id": "true"
      },
      "RequestBody": null,
      "StatusCode": 200,
      "ResponseHeaders": {
        "Cache-Control": "no-store, no-cache",
        "Content-Length": "21",
        "Content-Location": "https://management.documents.azure.com:450/subscriptions/db1ab6f0-4769-4b27-930e-01e2ef9c123c/providers/Microsoft.DocumentDB/locations/westus/operationsStatus/16b79bb2-fb12-48d6-a051-1a3e77eccddb?api-version=2020-04-01",
        "Content-Type": "application/json",
        "Date": "Mon, 21 Sep 2020 21:36:49 GMT",
        "Pragma": "no-cache",
        "Server": "Microsoft-HTTPAPI/2.0",
        "Strict-Transport-Security": "max-age=31536000; includeSubDomains",
        "X-Content-Type-Options": "nosniff",
        "x-ms-correlation-request-id": "931d63f0-4e28-436c-9252-e50064f3d332",
        "x-ms-gatewayversion": "version=2.11.0",
        "x-ms-ratelimit-remaining-subscription-reads": "11001",
        "x-ms-request-id": "931d63f0-4e28-436c-9252-e50064f3d332",
        "x-ms-routing-request-id": "WESTUS:20200921T213649Z:931d63f0-4e28-436c-9252-e50064f3d332"
      },
      "ResponseBody": {
        "status": "Enqueued"
      }
    },
    {
      "RequestUri": "https://management.azure.com/subscriptions/db1ab6f0-4769-4b27-930e-01e2ef9c123c/providers/Microsoft.DocumentDB/locations/westus/operationsStatus/16b79bb2-fb12-48d6-a051-1a3e77eccddb?api-version=2020-04-01",
      "RequestMethod": "GET",
      "RequestHeaders": {
        "Authorization": "Sanitized",
        "User-Agent": [
          "azsdk-net-ResourceManager.CosmosDB/1.0.0-alpha.20200921.1",
          "(.NET Core 4.6.29220.03; Microsoft Windows 10.0.19041 )"
        ],
        "x-ms-client-request-id": "cf80fffc978cf71cc671a1ecbfc839a6",
        "x-ms-return-client-request-id": "true"
      },
      "RequestBody": null,
      "StatusCode": 200,
      "ResponseHeaders": {
        "Cache-Control": "no-store, no-cache",
        "Content-Length": "21",
        "Content-Location": "https://management.documents.azure.com:450/subscriptions/db1ab6f0-4769-4b27-930e-01e2ef9c123c/providers/Microsoft.DocumentDB/locations/westus/operationsStatus/16b79bb2-fb12-48d6-a051-1a3e77eccddb?api-version=2020-04-01",
        "Content-Type": "application/json",
        "Date": "Mon, 21 Sep 2020 21:36:50 GMT",
        "Pragma": "no-cache",
        "Server": "Microsoft-HTTPAPI/2.0",
        "Strict-Transport-Security": "max-age=31536000; includeSubDomains",
        "X-Content-Type-Options": "nosniff",
        "x-ms-correlation-request-id": "6ca094d4-8846-434c-89fb-0d79fc54a1d7",
        "x-ms-gatewayversion": "version=2.11.0",
        "x-ms-ratelimit-remaining-subscription-reads": "11000",
        "x-ms-request-id": "6ca094d4-8846-434c-89fb-0d79fc54a1d7",
        "x-ms-routing-request-id": "WESTUS:20200921T213650Z:6ca094d4-8846-434c-89fb-0d79fc54a1d7"
      },
      "ResponseBody": {
        "status": "Enqueued"
      }
    },
    {
      "RequestUri": "https://management.azure.com/subscriptions/db1ab6f0-4769-4b27-930e-01e2ef9c123c/providers/Microsoft.DocumentDB/locations/westus/operationsStatus/16b79bb2-fb12-48d6-a051-1a3e77eccddb?api-version=2020-04-01",
      "RequestMethod": "GET",
      "RequestHeaders": {
        "Authorization": "Sanitized",
        "User-Agent": [
          "azsdk-net-ResourceManager.CosmosDB/1.0.0-alpha.20200921.1",
          "(.NET Core 4.6.29220.03; Microsoft Windows 10.0.19041 )"
        ],
        "x-ms-client-request-id": "157c520f904fe620f9d8b23901108277",
        "x-ms-return-client-request-id": "true"
      },
      "RequestBody": null,
      "StatusCode": 200,
      "ResponseHeaders": {
        "Cache-Control": "no-store, no-cache",
        "Content-Length": "21",
        "Content-Location": "https://management.documents.azure.com:450/subscriptions/db1ab6f0-4769-4b27-930e-01e2ef9c123c/providers/Microsoft.DocumentDB/locations/westus/operationsStatus/16b79bb2-fb12-48d6-a051-1a3e77eccddb?api-version=2020-04-01",
        "Content-Type": "application/json",
        "Date": "Mon, 21 Sep 2020 21:36:51 GMT",
        "Pragma": "no-cache",
        "Server": "Microsoft-HTTPAPI/2.0",
        "Strict-Transport-Security": "max-age=31536000; includeSubDomains",
        "X-Content-Type-Options": "nosniff",
        "x-ms-correlation-request-id": "e15ee609-5a1b-40aa-a57a-120608c6500a",
        "x-ms-gatewayversion": "version=2.11.0",
        "x-ms-ratelimit-remaining-subscription-reads": "10999",
        "x-ms-request-id": "e15ee609-5a1b-40aa-a57a-120608c6500a",
        "x-ms-routing-request-id": "WESTUS:20200921T213652Z:e15ee609-5a1b-40aa-a57a-120608c6500a"
      },
      "ResponseBody": {
        "status": "Dequeued"
      }
    },
    {
      "RequestUri": "https://management.azure.com/subscriptions/db1ab6f0-4769-4b27-930e-01e2ef9c123c/providers/Microsoft.DocumentDB/locations/westus/operationsStatus/16b79bb2-fb12-48d6-a051-1a3e77eccddb?api-version=2020-04-01",
      "RequestMethod": "GET",
      "RequestHeaders": {
        "Authorization": "Sanitized",
        "User-Agent": [
          "azsdk-net-ResourceManager.CosmosDB/1.0.0-alpha.20200921.1",
          "(.NET Core 4.6.29220.03; Microsoft Windows 10.0.19041 )"
        ],
        "x-ms-client-request-id": "c100fe0b27e04746312dc0e6c6a5431d",
        "x-ms-return-client-request-id": "true"
      },
      "RequestBody": null,
      "StatusCode": 200,
      "ResponseHeaders": {
        "Cache-Control": "no-store, no-cache",
        "Content-Length": "22",
        "Content-Location": "https://management.documents.azure.com:450/subscriptions/db1ab6f0-4769-4b27-930e-01e2ef9c123c/providers/Microsoft.DocumentDB/locations/westus/operationsStatus/16b79bb2-fb12-48d6-a051-1a3e77eccddb?api-version=2020-04-01",
        "Content-Type": "application/json",
        "Date": "Mon, 21 Sep 2020 21:36:53 GMT",
        "Pragma": "no-cache",
        "Server": "Microsoft-HTTPAPI/2.0",
        "Strict-Transport-Security": "max-age=31536000; includeSubDomains",
        "X-Content-Type-Options": "nosniff",
        "x-ms-correlation-request-id": "5bc5f45f-fcc6-4fc4-b83d-522e2671e19a",
        "x-ms-gatewayversion": "version=2.11.0",
        "x-ms-ratelimit-remaining-subscription-reads": "10998",
        "x-ms-request-id": "5bc5f45f-fcc6-4fc4-b83d-522e2671e19a",
        "x-ms-routing-request-id": "WESTUS:20200921T213653Z:5bc5f45f-fcc6-4fc4-b83d-522e2671e19a"
      },
      "ResponseBody": {
        "status": "Succeeded"
      }
    },
    {
      "RequestUri": "https://management.azure.com/subscriptions/db1ab6f0-4769-4b27-930e-01e2ef9c123c/resourceGroups/Default-CosmosDB-349/providers/Microsoft.DocumentDB/databaseAccounts/amecassandratest9353/cassandraKeyspaces?api-version=2020-04-01",
      "RequestMethod": "GET",
      "RequestHeaders": {
        "Authorization": "Sanitized",
        "User-Agent": [
          "azsdk-net-ResourceManager.CosmosDB/1.0.0-alpha.20200921.1",
          "(.NET Core 4.6.29220.03; Microsoft Windows 10.0.19041 )"
        ],
        "x-ms-client-request-id": "f59e64f4f63c6c95de9ad6b4e5e3f6b5",
        "x-ms-return-client-request-id": "true"
      },
      "RequestBody": null,
      "StatusCode": 200,
      "ResponseHeaders": {
        "Cache-Control": "no-store, no-cache",
        "Content-Length": "12",
        "Content-Location": "https://management.documents.azure.com:450/subscriptions/db1ab6f0-4769-4b27-930e-01e2ef9c123c/resourceGroups/Default-CosmosDB-349/providers/Microsoft.DocumentDB/databaseAccounts/amecassandratest9353/cassandraKeyspaces?api-version=2020-04-01",
        "Content-Type": "application/json",
        "Date": "Mon, 21 Sep 2020 21:36:53 GMT",
        "Pragma": "no-cache",
        "Server": "Microsoft-HTTPAPI/2.0",
        "Strict-Transport-Security": "max-age=31536000; includeSubDomains",
        "X-Content-Type-Options": "nosniff",
        "x-ms-correlation-request-id": "39383564-f872-416c-a16b-7b9335f04dab",
        "x-ms-gatewayversion": "version=2.11.0",
        "x-ms-ratelimit-remaining-subscription-reads": "10997",
        "x-ms-request-id": "39383564-f872-416c-a16b-7b9335f04dab",
        "x-ms-routing-request-id": "WESTUS:20200921T213653Z:39383564-f872-416c-a16b-7b9335f04dab"
      },
      "ResponseBody": {
        "value": []
      }
    }
  ],
  "Variables": {
    "RandomSeed": "653308475"
  }
}