{
  "Entries": [
    {
      "RequestUri": "https://management.azure.com/subscriptions/0accec26-d6de-4757-8e74-d080f38eaaab?api-version=2019-11-01",
      "RequestMethod": "GET",
      "RequestHeaders": {
        "Accept": "application/json",
        "Authorization": "Sanitized",
        "User-Agent": [
          "azsdk-net-ResourceManager.Core/1.0.0-alpha.20210630.1",
          "(.NET Core 4.6.29518.01; Microsoft Windows 10.0.19043 )"
        ],
        "x-ms-client-request-id": "9c9ff8b79cf8be0447b4a3b046d183c0",
        "x-ms-return-client-request-id": "true"
      },
      "RequestBody": null,
      "StatusCode": 200,
      "ResponseHeaders": {
        "Cache-Control": "no-cache",
        "Content-Length": "413",
        "Content-Type": "application/json; charset=utf-8",
        "Date": "Wed, 30 Jun 2021 14:30:00 GMT",
        "Expires": "-1",
        "Pragma": "no-cache",
        "Strict-Transport-Security": "max-age=31536000; includeSubDomains",
        "X-Content-Type-Options": "nosniff",
        "x-ms-correlation-request-id": "8cf72186-adaf-4b11-a040-c6e354e2f98a",
        "x-ms-ratelimit-remaining-subscription-reads": "11990",
        "x-ms-request-id": "8cf72186-adaf-4b11-a040-c6e354e2f98a",
        "x-ms-routing-request-id": "SOUTHEASTASIA:20210630T143001Z:8cf72186-adaf-4b11-a040-c6e354e2f98a"
      },
      "ResponseBody": {
        "id": "/subscriptions/0accec26-d6de-4757-8e74-d080f38eaaab",
        "authorizationSource": "RoleBased",
        "managedByTenants": [],
        "tags": {},
        "subscriptionId": "0accec26-d6de-4757-8e74-d080f38eaaab",
        "tenantId": "72f988bf-86f1-41af-91ab-2d7cd011db47",
        "displayName": "ACR - TEST - China Team",
        "state": "Enabled",
        "subscriptionPolicies": {
          "locationPlacementId": "Internal_2014-09-01",
          "quotaId": "Internal_2014-09-01",
          "spendingLimit": "Off"
        }
      }
    },
    {
      "RequestUri": "https://management.azure.com/subscriptions/0accec26-d6de-4757-8e74-d080f38eaaab/resourcegroups/rg9034?api-version=2019-10-01",
      "RequestMethod": "PUT",
      "RequestHeaders": {
        "Accept": "application/json",
        "Authorization": "Sanitized",
        "Content-Length": "34",
        "Content-Type": "application/json",
        "traceparent": "00-6e5d1ebe049f1945a67f9f792cf9dd42-8cf92569a93fce44-00",
        "User-Agent": [
          "azsdk-net-ResourceManager.Core/1.0.0-alpha.20210630.1",
          "(.NET Core 4.6.29518.01; Microsoft Windows 10.0.19043 )"
        ],
        "x-ms-client-request-id": "f817325a868775bdf97366385547e4a3",
        "x-ms-return-client-request-id": "true"
      },
      "RequestBody": {
        "location": "West US 2",
        "tags": {}
      },
      "StatusCode": 201,
      "ResponseHeaders": {
        "Cache-Control": "no-cache",
        "Content-Length": "220",
        "Content-Type": "application/json; charset=utf-8",
        "Date": "Wed, 30 Jun 2021 14:30:03 GMT",
        "Expires": "-1",
        "Pragma": "no-cache",
        "Strict-Transport-Security": "max-age=31536000; includeSubDomains",
        "X-Content-Type-Options": "nosniff",
        "x-ms-correlation-request-id": "85cbf3c4-0711-4d7a-a651-d7ee68e09884",
        "x-ms-ratelimit-remaining-subscription-writes": "1196",
        "x-ms-request-id": "85cbf3c4-0711-4d7a-a651-d7ee68e09884",
        "x-ms-routing-request-id": "SOUTHEASTASIA:20210630T143004Z:85cbf3c4-0711-4d7a-a651-d7ee68e09884"
      },
      "ResponseBody": {
        "id": "/subscriptions/0accec26-d6de-4757-8e74-d080f38eaaab/resourceGroups/rg9034",
        "name": "rg9034",
        "type": "Microsoft.Resources/resourceGroups",
        "location": "westus2",
        "tags": {},
        "properties": {
          "provisioningState": "Succeeded"
        }
      }
    },
    {
      "RequestUri": "https://management.azure.com/subscriptions/0accec26-d6de-4757-8e74-d080f38eaaab/resourceGroups/rg9034/providers/Microsoft.Resources/tags/default?api-version=2019-10-01",
      "RequestMethod": "GET",
      "RequestHeaders": {
        "Accept": "application/json",
        "Authorization": "Sanitized",
        "traceparent": "00-15bee048de4863409ac65a702f61829b-d8f6b8ca4560ea4c-00",
        "User-Agent": [
          "azsdk-net-ResourceManager.Core/1.0.0-alpha.20210630.1",
          "(.NET Core 4.6.29518.01; Microsoft Windows 10.0.19043 )"
        ],
        "x-ms-client-request-id": "1e32fd7469f25429d4b1a9b844422a9e",
        "x-ms-return-client-request-id": "true"
      },
      "RequestBody": null,
      "StatusCode": 200,
      "ResponseHeaders": {
        "Cache-Control": "no-cache",
        "Content-Length": "201",
        "Content-Type": "application/json; charset=utf-8",
        "Date": "Wed, 30 Jun 2021 14:30:03 GMT",
        "Expires": "-1",
        "Pragma": "no-cache",
        "Strict-Transport-Security": "max-age=31536000; includeSubDomains",
        "X-Content-Type-Options": "nosniff",
        "x-ms-correlation-request-id": "c3120f29-dabe-4ff7-8b49-3cda08622580",
        "x-ms-ratelimit-remaining-subscription-reads": "11989",
        "x-ms-request-id": "c3120f29-dabe-4ff7-8b49-3cda08622580",
        "x-ms-routing-request-id": "SOUTHEASTASIA:20210630T143004Z:c3120f29-dabe-4ff7-8b49-3cda08622580"
      },
      "ResponseBody": {
        "id": "/subscriptions/0accec26-d6de-4757-8e74-d080f38eaaab/resourceGroups/rg9034/providers/Microsoft.Resources/tags/default",
        "name": "default",
        "type": "Microsoft.Resources/tags",
        "properties": {
          "tags": {}
        }
      }
    },
    {
      "RequestUri": "https://management.azure.com/subscriptions/0accec26-d6de-4757-8e74-d080f38eaaab/resourceGroups/rg9034/providers/Microsoft.Resources/tags/default?api-version=2019-10-01",
      "RequestMethod": "PUT",
      "RequestHeaders": {
        "Accept": "application/json",
        "Authorization": "Sanitized",
        "Content-Length": "41",
        "Content-Type": "application/json",
        "traceparent": "00-15bee048de4863409ac65a702f61829b-934c4f095f945040-00",
        "User-Agent": [
          "azsdk-net-ResourceManager.Core/1.0.0-alpha.20210630.1",
          "(.NET Core 4.6.29518.01; Microsoft Windows 10.0.19043 )"
        ],
        "x-ms-client-request-id": "617c58085026712fe126fe299e85f26d",
        "x-ms-return-client-request-id": "true"
      },
      "RequestBody": {
        "properties": {
          "tags": {
            "key1": "value1"
          }
        }
      },
      "StatusCode": 200,
      "ResponseHeaders": {
        "Cache-Control": "no-cache",
        "Content-Length": "216",
        "Content-Type": "application/json; charset=utf-8",
        "Date": "Wed, 30 Jun 2021 14:30:04 GMT",
        "Expires": "-1",
        "Pragma": "no-cache",
        "Strict-Transport-Security": "max-age=31536000; includeSubDomains",
        "X-Content-Type-Options": "nosniff",
        "x-ms-correlation-request-id": "e1c135fd-9c2a-4a50-99cb-6bb765117346",
        "x-ms-ratelimit-remaining-subscription-writes": "1195",
        "x-ms-request-id": "e1c135fd-9c2a-4a50-99cb-6bb765117346",
        "x-ms-routing-request-id": "SOUTHEASTASIA:20210630T143005Z:e1c135fd-9c2a-4a50-99cb-6bb765117346"
      },
      "ResponseBody": {
        "id": "/subscriptions/0accec26-d6de-4757-8e74-d080f38eaaab/resourceGroups/rg9034/providers/Microsoft.Resources/tags/default",
        "name": "default",
        "type": "Microsoft.Resources/tags",
        "properties": {
          "tags": {
            "key1": "value1"
          }
        }
      }
    },
    {
      "RequestUri": "https://management.azure.com/subscriptions/0accec26-d6de-4757-8e74-d080f38eaaab/resourcegroups/rg9034?api-version=2019-10-01",
      "RequestMethod": "GET",
      "RequestHeaders": {
        "Accept": "application/json",
        "Authorization": "Sanitized",
        "traceparent": "00-15bee048de4863409ac65a702f61829b-f048553d8975304d-00",
        "User-Agent": [
          "azsdk-net-ResourceManager.Core/1.0.0-alpha.20210630.1",
          "(.NET Core 4.6.29518.01; Microsoft Windows 10.0.19043 )"
        ],
        "x-ms-client-request-id": "d4d20cbfa150f1d809c224d6dc0431b7",
        "x-ms-return-client-request-id": "true"
      },
      "RequestBody": null,
      "StatusCode": 200,
      "ResponseHeaders": {
        "Cache-Control": "no-cache",
        "Content-Length": "235",
        "Content-Type": "application/json; charset=utf-8",
        "Date": "Wed, 30 Jun 2021 14:30:04 GMT",
        "Expires": "-1",
        "Pragma": "no-cache",
        "Strict-Transport-Security": "max-age=31536000; includeSubDomains",
        "X-Content-Type-Options": "nosniff",
        "x-ms-correlation-request-id": "9cdfa0c6-ac26-4831-998d-66a70cb182c1",
        "x-ms-ratelimit-remaining-subscription-reads": "11988",
        "x-ms-request-id": "9cdfa0c6-ac26-4831-998d-66a70cb182c1",
        "x-ms-routing-request-id": "SOUTHEASTASIA:20210630T143005Z:9cdfa0c6-ac26-4831-998d-66a70cb182c1"
      },
      "ResponseBody": {
        "id": "/subscriptions/0accec26-d6de-4757-8e74-d080f38eaaab/resourceGroups/rg9034",
        "name": "rg9034",
        "type": "Microsoft.Resources/resourceGroups",
        "location": "westus2",
        "tags": {
          "key1": "value1"
        },
        "properties": {
          "provisioningState": "Succeeded"
        }
      }
    },
    {
      "RequestUri": "https://management.azure.com/subscriptions/0accec26-d6de-4757-8e74-d080f38eaaab/resourceGroups/rg9034/providers/Microsoft.Resources/tags/default?api-version=2019-10-01",
      "RequestMethod": "GET",
      "RequestHeaders": {
        "Accept": "application/json",
        "Authorization": "Sanitized",
        "traceparent": "00-ab3f95afc5ed724f944133b311020e54-38188ed41a63a545-00",
        "User-Agent": [
          "azsdk-net-ResourceManager.Core/1.0.0-alpha.20210630.1",
          "(.NET Core 4.6.29518.01; Microsoft Windows 10.0.19043 )"
        ],
        "x-ms-client-request-id": "fc30c84882cb237ccdc13dcc6affb64e",
        "x-ms-return-client-request-id": "true"
      },
      "RequestBody": null,
      "StatusCode": 200,
      "ResponseHeaders": {
        "Cache-Control": "no-cache",
        "Content-Length": "216",
        "Content-Type": "application/json; charset=utf-8",
        "Date": "Wed, 30 Jun 2021 14:30:04 GMT",
        "Expires": "-1",
        "Pragma": "no-cache",
        "Strict-Transport-Security": "max-age=31536000; includeSubDomains",
        "X-Content-Type-Options": "nosniff",
        "x-ms-correlation-request-id": "2e2ae062-880a-4e52-9cc5-c1945b0943ea",
        "x-ms-ratelimit-remaining-subscription-reads": "11987",
        "x-ms-request-id": "2e2ae062-880a-4e52-9cc5-c1945b0943ea",
        "x-ms-routing-request-id": "SOUTHEASTASIA:20210630T143005Z:2e2ae062-880a-4e52-9cc5-c1945b0943ea"
      },
      "ResponseBody": {
        "id": "/subscriptions/0accec26-d6de-4757-8e74-d080f38eaaab/resourceGroups/rg9034/providers/Microsoft.Resources/tags/default",
        "name": "default",
        "type": "Microsoft.Resources/tags",
        "properties": {
          "tags": {
            "key1": "value1"
          }
        }
      }
    },
    {
      "RequestUri": "https://management.azure.com/subscriptions/0accec26-d6de-4757-8e74-d080f38eaaab/resourceGroups/rg9034/providers/Microsoft.Resources/tags/default?api-version=2019-10-01",
      "RequestMethod": "PUT",
      "RequestHeaders": {
        "Accept": "application/json",
        "Authorization": "Sanitized",
        "Content-Length": "57",
        "Content-Type": "application/json",
        "traceparent": "00-ab3f95afc5ed724f944133b311020e54-4cae9d43cf335f4b-00",
        "User-Agent": [
          "azsdk-net-ResourceManager.Core/1.0.0-alpha.20210630.1",
          "(.NET Core 4.6.29518.01; Microsoft Windows 10.0.19043 )"
        ],
        "x-ms-client-request-id": "37f93bbf566f664d808a58642b5995dc",
        "x-ms-return-client-request-id": "true"
      },
      "RequestBody": {
        "properties": {
          "tags": {
            "key1": "value1",
            "key2": "value2"
          }
        }
      },
      "StatusCode": 200,
      "ResponseHeaders": {
        "Cache-Control": "no-cache",
        "Content-Length": "232",
        "Content-Type": "application/json; charset=utf-8",
        "Date": "Wed, 30 Jun 2021 14:30:04 GMT",
        "Expires": "-1",
        "Pragma": "no-cache",
        "Strict-Transport-Security": "max-age=31536000; includeSubDomains",
        "X-Content-Type-Options": "nosniff",
        "x-ms-correlation-request-id": "53ccf54c-e456-4f17-bcfc-7128994bbb93",
        "x-ms-ratelimit-remaining-subscription-writes": "1194",
        "x-ms-request-id": "53ccf54c-e456-4f17-bcfc-7128994bbb93",
        "x-ms-routing-request-id": "SOUTHEASTASIA:20210630T143005Z:53ccf54c-e456-4f17-bcfc-7128994bbb93"
      },
      "ResponseBody": {
        "id": "/subscriptions/0accec26-d6de-4757-8e74-d080f38eaaab/resourceGroups/rg9034/providers/Microsoft.Resources/tags/default",
        "name": "default",
        "type": "Microsoft.Resources/tags",
        "properties": {
          "tags": {
            "key1": "value1",
            "key2": "value2"
          }
        }
      }
    },
    {
      "RequestUri": "https://management.azure.com/subscriptions/0accec26-d6de-4757-8e74-d080f38eaaab/resourcegroups/rg9034?api-version=2019-10-01",
      "RequestMethod": "GET",
      "RequestHeaders": {
        "Accept": "application/json",
        "Authorization": "Sanitized",
        "traceparent": "00-ab3f95afc5ed724f944133b311020e54-b3d038ebc2a70a4a-00",
        "User-Agent": [
          "azsdk-net-ResourceManager.Core/1.0.0-alpha.20210630.1",
          "(.NET Core 4.6.29518.01; Microsoft Windows 10.0.19043 )"
        ],
        "x-ms-client-request-id": "d5e046f4f5553ca28fae068f640c8609",
        "x-ms-return-client-request-id": "true"
      },
      "RequestBody": null,
      "StatusCode": 200,
      "ResponseHeaders": {
        "Cache-Control": "no-cache",
        "Content-Length": "251",
        "Content-Type": "application/json; charset=utf-8",
        "Date": "Wed, 30 Jun 2021 14:30:04 GMT",
        "Expires": "-1",
        "Pragma": "no-cache",
        "Strict-Transport-Security": "max-age=31536000; includeSubDomains",
        "X-Content-Type-Options": "nosniff",
        "x-ms-correlation-request-id": "8ffc213d-568c-41fb-b705-5a4f9b56a5a4",
        "x-ms-ratelimit-remaining-subscription-reads": "11986",
        "x-ms-request-id": "8ffc213d-568c-41fb-b705-5a4f9b56a5a4",
        "x-ms-routing-request-id": "SOUTHEASTASIA:20210630T143005Z:8ffc213d-568c-41fb-b705-5a4f9b56a5a4"
      },
      "ResponseBody": {
        "id": "/subscriptions/0accec26-d6de-4757-8e74-d080f38eaaab/resourceGroups/rg9034",
        "name": "rg9034",
        "type": "Microsoft.Resources/resourceGroups",
        "location": "westus2",
        "tags": {
          "key1": "value1",
          "key2": "value2"
        },
        "properties": {
          "provisioningState": "Succeeded"
        }
      }
    },
    {
      "RequestUri": "https://management.azure.com/subscriptions/0accec26-d6de-4757-8e74-d080f38eaaab/resourceGroups/rg9034/providers/Microsoft.Resources/tags/default?api-version=2019-10-01",
      "RequestMethod": "GET",
      "RequestHeaders": {
        "Accept": "application/json",
        "Authorization": "Sanitized",
        "traceparent": "00-239fe38fd518734c9028c7689db71b51-f3f07f184a4c1b4a-00",
        "User-Agent": [
          "azsdk-net-ResourceManager.Core/1.0.0-alpha.20210630.1",
          "(.NET Core 4.6.29518.01; Microsoft Windows 10.0.19043 )"
        ],
        "x-ms-client-request-id": "a017d60cf90af2477ac97c402a18f874",
        "x-ms-return-client-request-id": "true"
      },
      "RequestBody": null,
      "StatusCode": 200,
      "ResponseHeaders": {
        "Cache-Control": "no-cache",
        "Content-Length": "232",
        "Content-Type": "application/json; charset=utf-8",
        "Date": "Wed, 30 Jun 2021 14:30:05 GMT",
        "Expires": "-1",
        "Pragma": "no-cache",
        "Strict-Transport-Security": "max-age=31536000; includeSubDomains",
        "X-Content-Type-Options": "nosniff",
        "x-ms-correlation-request-id": "10462e77-3c1c-4808-bea4-6ed34f0843f1",
        "x-ms-ratelimit-remaining-subscription-reads": "11985",
        "x-ms-request-id": "10462e77-3c1c-4808-bea4-6ed34f0843f1",
        "x-ms-routing-request-id": "SOUTHEASTASIA:20210630T143005Z:10462e77-3c1c-4808-bea4-6ed34f0843f1"
      },
      "ResponseBody": {
        "id": "/subscriptions/0accec26-d6de-4757-8e74-d080f38eaaab/resourceGroups/rg9034/providers/Microsoft.Resources/tags/default",
        "name": "default",
        "type": "Microsoft.Resources/tags",
        "properties": {
          "tags": {
            "key1": "value1",
            "key2": "value2"
          }
        }
      }
    },
    {
      "RequestUri": "https://management.azure.com/subscriptions/0accec26-d6de-4757-8e74-d080f38eaaab/resourceGroups/rg9034/providers/Microsoft.Resources/tags/default?api-version=2019-10-01",
      "RequestMethod": "PUT",
      "RequestHeaders": {
        "Accept": "application/json",
        "Authorization": "Sanitized",
        "Content-Length": "57",
        "Content-Type": "application/json",
        "traceparent": "00-239fe38fd518734c9028c7689db71b51-f300cdb51ea5794d-00",
        "User-Agent": [
          "azsdk-net-ResourceManager.Core/1.0.0-alpha.20210630.1",
          "(.NET Core 4.6.29518.01; Microsoft Windows 10.0.19043 )"
        ],
        "x-ms-client-request-id": "23d7602be01fc9f899bda7c14fbd0173",
        "x-ms-return-client-request-id": "true"
      },
      "RequestBody": {
        "properties": {
          "tags": {
            "key1": "value1",
            "key2": "value2"
          }
        }
      },
      "StatusCode": 200,
      "ResponseHeaders": {
        "Cache-Control": "no-cache",
        "Content-Length": "232",
        "Content-Type": "application/json; charset=utf-8",
        "Date": "Wed, 30 Jun 2021 14:30:05 GMT",
        "Expires": "-1",
        "Pragma": "no-cache",
        "Strict-Transport-Security": "max-age=31536000; includeSubDomains",
        "X-Content-Type-Options": "nosniff",
        "x-ms-correlation-request-id": "a84ca324-a28f-4d37-a9a1-6c2b687bbfcf",
        "x-ms-ratelimit-remaining-subscription-writes": "1193",
        "x-ms-request-id": "a84ca324-a28f-4d37-a9a1-6c2b687bbfcf",
        "x-ms-routing-request-id": "SOUTHEASTASIA:20210630T143006Z:a84ca324-a28f-4d37-a9a1-6c2b687bbfcf"
      },
      "ResponseBody": {
        "id": "/subscriptions/0accec26-d6de-4757-8e74-d080f38eaaab/resourceGroups/rg9034/providers/Microsoft.Resources/tags/default",
        "name": "default",
        "type": "Microsoft.Resources/tags",
        "properties": {
          "tags": {
            "key1": "value1",
            "key2": "value2"
          }
        }
      }
    },
    {
      "RequestUri": "https://management.azure.com/subscriptions/0accec26-d6de-4757-8e74-d080f38eaaab/resourcegroups/rg9034?api-version=2019-10-01",
      "RequestMethod": "GET",
      "RequestHeaders": {
        "Accept": "application/json",
        "Authorization": "Sanitized",
        "traceparent": "00-239fe38fd518734c9028c7689db71b51-5eeca8887d062f4b-00",
        "User-Agent": [
          "azsdk-net-ResourceManager.Core/1.0.0-alpha.20210630.1",
          "(.NET Core 4.6.29518.01; Microsoft Windows 10.0.19043 )"
        ],
        "x-ms-client-request-id": "55574f04f441fad1ffee5b8c79611176",
        "x-ms-return-client-request-id": "true"
      },
      "RequestBody": null,
      "StatusCode": 200,
      "ResponseHeaders": {
        "Cache-Control": "no-cache",
        "Content-Length": "251",
        "Content-Type": "application/json; charset=utf-8",
        "Date": "Wed, 30 Jun 2021 14:30:05 GMT",
        "Expires": "-1",
        "Pragma": "no-cache",
        "Strict-Transport-Security": "max-age=31536000; includeSubDomains",
        "X-Content-Type-Options": "nosniff",
        "x-ms-correlation-request-id": "17680ece-8d20-4a5c-8613-ce4bb12dbb3c",
        "x-ms-ratelimit-remaining-subscription-reads": "11984",
        "x-ms-request-id": "17680ece-8d20-4a5c-8613-ce4bb12dbb3c",
        "x-ms-routing-request-id": "SOUTHEASTASIA:20210630T143006Z:17680ece-8d20-4a5c-8613-ce4bb12dbb3c"
      },
      "ResponseBody": {
        "id": "/subscriptions/0accec26-d6de-4757-8e74-d080f38eaaab/resourceGroups/rg9034",
        "name": "rg9034",
        "type": "Microsoft.Resources/resourceGroups",
        "location": "westus2",
        "tags": {
          "key1": "value1",
          "key2": "value2"
        },
        "properties": {
          "provisioningState": "Succeeded"
        }
      }
    }
  ],
  "Variables": {
    "RandomSeed": "1296852914",
    "SUBSCRIPTION_ID": "0accec26-d6de-4757-8e74-d080f38eaaab"
  }
}