{
  "Entries": [
    {
      "RequestUri": "https://management.azure.com/subscriptions/db1ab6f0-4769-4b27-930e-01e2ef9c123c?api-version=2019-11-01",
      "RequestMethod": "GET",
      "RequestHeaders": {
        "Accept": "application/json",
        "Authorization": "Sanitized",
        "traceparent": "00-43659715b1ae6148a5409178455f3c22-6c5ff28cf68c4c4f-00",
        "User-Agent": "azsdk-net-ResourceManager.Core/1.0.0-alpha.20210712.1 (.NET Framework 4.8.4300.0; Microsoft Windows 10.0.19043 )",
        "x-ms-client-request-id": "8c8496158f4a5dc09014b3487d635dea",
        "x-ms-return-client-request-id": "true"
      },
      "RequestBody": null,
      "StatusCode": 200,
      "ResponseHeaders": {
        "Cache-Control": "no-cache",
        "Content-Length": "468",
        "Content-Type": "application/json; charset=utf-8",
        "Date": "Mon, 12 Jul 2021 22:35:34 GMT",
        "Expires": "-1",
        "Pragma": "no-cache",
        "Strict-Transport-Security": "max-age=31536000; includeSubDomains",
        "X-Content-Type-Options": "nosniff",
        "x-ms-correlation-request-id": "068461b7-5ed5-4667-9238-2294507636c3",
        "x-ms-ratelimit-remaining-subscription-reads": "11934",
        "x-ms-request-id": "068461b7-5ed5-4667-9238-2294507636c3",
        "x-ms-routing-request-id": "WESTUS:20210712T223535Z:068461b7-5ed5-4667-9238-2294507636c3"
      },
      "ResponseBody": {
        "id": "/subscriptions/db1ab6f0-4769-4b27-930e-01e2ef9c123c",
        "authorizationSource": "RoleBased",
        "managedByTenants": [],
        "tags": {
          "tagKey1": "tagValue1",
          "tagKey2": "tagValue2"
        },
        "subscriptionId": "db1ab6f0-4769-4b27-930e-01e2ef9c123c",
        "tenantId": "72f988bf-86f1-41af-91ab-2d7cd011db47",
        "displayName": ".NET Mgmt SDK Test with TTL = 1 Day",
        "state": "Enabled",
        "subscriptionPolicies": {
          "locationPlacementId": "Internal_2014-09-01",
          "quotaId": "Internal_2014-09-01",
          "spendingLimit": "Off"
        }
      }
    },
    {
      "RequestUri": "https://management.azure.com/subscriptions/db1ab6f0-4769-4b27-930e-01e2ef9c123c/resourcegroups/rg400?api-version=2019-10-01",
      "RequestMethod": "PUT",
      "RequestHeaders": {
        "Accept": "application/json",
        "Authorization": "Sanitized",
        "Content-Length": "32",
        "Content-Type": "application/json",
        "traceparent": "00-2c76e6e552438c4d996ea298b987dd23-55d2563faba7414f-00",
        "User-Agent": "azsdk-net-ResourceManager.Core/1.0.0-alpha.20210712.1 (.NET Framework 4.8.4300.0; Microsoft Windows 10.0.19043 )",
        "x-ms-client-request-id": "784d6708fa4185669bd4cd9c78a151e4",
        "x-ms-return-client-request-id": "true"
      },
      "RequestBody": {
        "location": "westus2",
        "tags": {}
      },
      "StatusCode": 201,
      "ResponseHeaders": {
        "Cache-Control": "no-cache",
        "Content-Length": "218",
        "Content-Type": "application/json; charset=utf-8",
        "Date": "Mon, 12 Jul 2021 22:35:35 GMT",
        "Expires": "-1",
        "Pragma": "no-cache",
        "Strict-Transport-Security": "max-age=31536000; includeSubDomains",
        "X-Content-Type-Options": "nosniff",
        "x-ms-correlation-request-id": "e02f1544-b53f-436a-95cd-8c1333d7b1c0",
        "x-ms-ratelimit-remaining-subscription-writes": "1175",
        "x-ms-request-id": "e02f1544-b53f-436a-95cd-8c1333d7b1c0",
        "x-ms-routing-request-id": "WESTUS:20210712T223536Z:e02f1544-b53f-436a-95cd-8c1333d7b1c0"
      },
      "ResponseBody": {
        "id": "/subscriptions/db1ab6f0-4769-4b27-930e-01e2ef9c123c/resourceGroups/rg400",
        "name": "rg400",
        "type": "Microsoft.Resources/resourceGroups",
        "location": "westus2",
        "tags": {},
        "properties": {
          "provisioningState": "Succeeded"
        }
      }
    },
    {
      "RequestUri": "https://management.azure.com/subscriptions/db1ab6f0-4769-4b27-930e-01e2ef9c123c/resourceGroups/rg400/providers/Microsoft.Resources/tags/default?api-version=2019-10-01",
      "RequestMethod": "GET",
      "RequestHeaders": {
        "Accept": "application/json",
        "Authorization": "Sanitized",
        "traceparent": "00-5b16d5ff020aed4cbe01bc75dd724999-f5fb0bce50da4640-00",
        "User-Agent": "azsdk-net-ResourceManager.Core/1.0.0-alpha.20210712.1 (.NET Framework 4.8.4300.0; Microsoft Windows 10.0.19043 )",
        "x-ms-client-request-id": "3226ffa20769522630fb06b5c9767f90",
        "x-ms-return-client-request-id": "true"
      },
      "RequestBody": null,
      "StatusCode": 200,
      "ResponseHeaders": {
        "Cache-Control": "no-cache",
        "Content-Length": "200",
        "Content-Type": "application/json; charset=utf-8",
        "Date": "Mon, 12 Jul 2021 22:35:35 GMT",
        "Expires": "-1",
        "Pragma": "no-cache",
        "Strict-Transport-Security": "max-age=31536000; includeSubDomains",
        "X-Content-Type-Options": "nosniff",
        "x-ms-correlation-request-id": "070ca19e-8f14-4741-ac6c-43f8487032a5",
        "x-ms-ratelimit-remaining-subscription-reads": "11891",
        "x-ms-request-id": "070ca19e-8f14-4741-ac6c-43f8487032a5",
        "x-ms-routing-request-id": "WESTUS:20210712T223536Z:070ca19e-8f14-4741-ac6c-43f8487032a5"
      },
      "ResponseBody": {
        "id": "/subscriptions/db1ab6f0-4769-4b27-930e-01e2ef9c123c/resourceGroups/rg400/providers/Microsoft.Resources/tags/default",
        "name": "default",
        "type": "Microsoft.Resources/tags",
        "properties": {
          "tags": {}
        }
      }
    },
    {
      "RequestUri": "https://management.azure.com/subscriptions/db1ab6f0-4769-4b27-930e-01e2ef9c123c/resourceGroups/rg400/providers/Microsoft.Resources/tags/default?api-version=2019-10-01",
      "RequestMethod": "PUT",
      "RequestHeaders": {
        "Accept": "application/json",
        "Authorization": "Sanitized",
        "Content-Length": "41",
        "Content-Type": "application/json",
        "traceparent": "00-5b16d5ff020aed4cbe01bc75dd724999-1fe7740680597b41-00",
        "User-Agent": "azsdk-net-ResourceManager.Core/1.0.0-alpha.20210712.1 (.NET Framework 4.8.4300.0; Microsoft Windows 10.0.19043 )",
        "x-ms-client-request-id": "933181d4886a9bd41e06aebbf2c01773",
        "x-ms-return-client-request-id": "true"
      },
      "RequestBody": {
        "properties": {
          "tags": {
            "key1": "value1"
          }
        }
      },
      "StatusCode": 200,
      "ResponseHeaders": {
        "Cache-Control": "no-cache",
        "Content-Length": "215",
        "Content-Type": "application/json; charset=utf-8",
        "Date": "Mon, 12 Jul 2021 22:35:36 GMT",
        "Expires": "-1",
        "Pragma": "no-cache",
        "Strict-Transport-Security": "max-age=31536000; includeSubDomains",
        "X-Content-Type-Options": "nosniff",
        "x-ms-correlation-request-id": "b218c755-6adf-42cd-87c8-0295d7f67ad4",
        "x-ms-ratelimit-remaining-subscription-writes": "1180",
        "x-ms-request-id": "b218c755-6adf-42cd-87c8-0295d7f67ad4",
        "x-ms-routing-request-id": "WESTUS:20210712T223537Z:b218c755-6adf-42cd-87c8-0295d7f67ad4"
      },
      "ResponseBody": {
        "id": "/subscriptions/db1ab6f0-4769-4b27-930e-01e2ef9c123c/resourceGroups/rg400/providers/Microsoft.Resources/tags/default",
        "name": "default",
        "type": "Microsoft.Resources/tags",
        "properties": {
          "tags": {
            "key1": "value1"
          }
        }
      }
    },
    {
      "RequestUri": "https://management.azure.com/subscriptions/db1ab6f0-4769-4b27-930e-01e2ef9c123c/resourcegroups/rg400?api-version=2019-10-01",
      "RequestMethod": "GET",
      "RequestHeaders": {
        "Accept": "application/json",
        "Authorization": "Sanitized",
        "traceparent": "00-5b16d5ff020aed4cbe01bc75dd724999-22844d0741e4374f-00",
        "User-Agent": "azsdk-net-ResourceManager.Core/1.0.0-alpha.20210712.1 (.NET Framework 4.8.4300.0; Microsoft Windows 10.0.19043 )",
        "x-ms-client-request-id": "64da6361b83700ed40fa4745f3b1bb24",
        "x-ms-return-client-request-id": "true"
      },
      "RequestBody": null,
      "StatusCode": 200,
      "ResponseHeaders": {
        "Cache-Control": "no-cache",
        "Content-Length": "233",
        "Content-Type": "application/json; charset=utf-8",
        "Date": "Mon, 12 Jul 2021 22:35:36 GMT",
        "Expires": "-1",
        "Pragma": "no-cache",
        "Strict-Transport-Security": "max-age=31536000; includeSubDomains",
        "X-Content-Type-Options": "nosniff",
        "x-ms-correlation-request-id": "616c1622-d73c-48be-ac5d-2838360cd5c7",
        "x-ms-ratelimit-remaining-subscription-reads": "11890",
        "x-ms-request-id": "616c1622-d73c-48be-ac5d-2838360cd5c7",
        "x-ms-routing-request-id": "WESTUS:20210712T223537Z:616c1622-d73c-48be-ac5d-2838360cd5c7"
      },
      "ResponseBody": {
        "id": "/subscriptions/db1ab6f0-4769-4b27-930e-01e2ef9c123c/resourceGroups/rg400",
        "name": "rg400",
        "type": "Microsoft.Resources/resourceGroups",
        "location": "westus2",
        "tags": {
          "key1": "value1"
        },
        "properties": {
          "provisioningState": "Succeeded"
        }
      }
    },
    {
      "RequestUri": "https://management.azure.com/subscriptions/db1ab6f0-4769-4b27-930e-01e2ef9c123c/resourceGroups/rg400/providers/Microsoft.Resources/tags/default?api-version=2019-10-01",
      "RequestMethod": "GET",
      "RequestHeaders": {
        "Accept": "application/json",
        "Authorization": "Sanitized",
        "traceparent": "00-9a5b81d526749f4e901fa7c6473f1129-dcfaa50b3e20454e-00",
        "User-Agent": "azsdk-net-ResourceManager.Core/1.0.0-alpha.20210712.1 (.NET Framework 4.8.4300.0; Microsoft Windows 10.0.19043 )",
        "x-ms-client-request-id": "f7c73d55bd701a7a2b8a1462586b5f6f",
        "x-ms-return-client-request-id": "true"
      },
      "RequestBody": null,
      "StatusCode": 200,
      "ResponseHeaders": {
        "Cache-Control": "no-cache",
        "Content-Length": "215",
        "Content-Type": "application/json; charset=utf-8",
        "Date": "Mon, 12 Jul 2021 22:35:36 GMT",
        "Expires": "-1",
        "Pragma": "no-cache",
        "Strict-Transport-Security": "max-age=31536000; includeSubDomains",
        "X-Content-Type-Options": "nosniff",
        "x-ms-correlation-request-id": "edac8875-7c0f-4788-8bda-a9c15ac9bdd0",
        "x-ms-ratelimit-remaining-subscription-reads": "11889",
        "x-ms-request-id": "edac8875-7c0f-4788-8bda-a9c15ac9bdd0",
        "x-ms-routing-request-id": "WESTUS:20210712T223537Z:edac8875-7c0f-4788-8bda-a9c15ac9bdd0"
      },
      "ResponseBody": {
        "id": "/subscriptions/db1ab6f0-4769-4b27-930e-01e2ef9c123c/resourceGroups/rg400/providers/Microsoft.Resources/tags/default",
        "name": "default",
        "type": "Microsoft.Resources/tags",
        "properties": {
          "tags": {
            "key1": "value1"
          }
        }
      }
    },
    {
      "RequestUri": "https://management.azure.com/subscriptions/db1ab6f0-4769-4b27-930e-01e2ef9c123c/resourceGroups/rg400/providers/Microsoft.Resources/tags/default?api-version=2019-10-01",
      "RequestMethod": "PUT",
      "RequestHeaders": {
        "Accept": "application/json",
        "Authorization": "Sanitized",
        "Content-Length": "57",
        "Content-Type": "application/json",
        "traceparent": "00-9a5b81d526749f4e901fa7c6473f1129-6e191a1faa2aae42-00",
        "User-Agent": "azsdk-net-ResourceManager.Core/1.0.0-alpha.20210712.1 (.NET Framework 4.8.4300.0; Microsoft Windows 10.0.19043 )",
        "x-ms-client-request-id": "655393e41b9b1c589430536f408ea86d",
        "x-ms-return-client-request-id": "true"
      },
      "RequestBody": {
        "properties": {
          "tags": {
            "key1": "value1",
            "key2": "value2"
          }
        }
      },
      "StatusCode": 200,
      "ResponseHeaders": {
        "Cache-Control": "no-cache",
        "Content-Length": "231",
        "Content-Type": "application/json; charset=utf-8",
        "Date": "Mon, 12 Jul 2021 22:35:37 GMT",
        "Expires": "-1",
        "Pragma": "no-cache",
        "Strict-Transport-Security": "max-age=31536000; includeSubDomains",
        "X-Content-Type-Options": "nosniff",
        "x-ms-correlation-request-id": "a01f53c1-6627-4936-8a13-1e6fdcc39de0",
        "x-ms-ratelimit-remaining-subscription-writes": "1194",
        "x-ms-request-id": "a01f53c1-6627-4936-8a13-1e6fdcc39de0",
        "x-ms-routing-request-id": "WESTUS:20210712T223538Z:a01f53c1-6627-4936-8a13-1e6fdcc39de0"
      },
      "ResponseBody": {
        "id": "/subscriptions/db1ab6f0-4769-4b27-930e-01e2ef9c123c/resourceGroups/rg400/providers/Microsoft.Resources/tags/default",
        "name": "default",
        "type": "Microsoft.Resources/tags",
        "properties": {
          "tags": {
            "key1": "value1",
            "key2": "value2"
          }
        }
      }
    },
    {
      "RequestUri": "https://management.azure.com/subscriptions/db1ab6f0-4769-4b27-930e-01e2ef9c123c/resourcegroups/rg400?api-version=2019-10-01",
      "RequestMethod": "GET",
      "RequestHeaders": {
        "Accept": "application/json",
        "Authorization": "Sanitized",
        "traceparent": "00-9a5b81d526749f4e901fa7c6473f1129-7ec290aa57cc644f-00",
        "User-Agent": "azsdk-net-ResourceManager.Core/1.0.0-alpha.20210712.1 (.NET Framework 4.8.4300.0; Microsoft Windows 10.0.19043 )",
        "x-ms-client-request-id": "b565894a20f9a403e9c039aca48aa7d4",
        "x-ms-return-client-request-id": "true"
      },
      "RequestBody": null,
      "StatusCode": 200,
      "ResponseHeaders": {
        "Cache-Control": "no-cache",
        "Content-Length": "249",
        "Content-Type": "application/json; charset=utf-8",
        "Date": "Mon, 12 Jul 2021 22:35:37 GMT",
        "Expires": "-1",
        "Pragma": "no-cache",
        "Strict-Transport-Security": "max-age=31536000; includeSubDomains",
        "X-Content-Type-Options": "nosniff",
        "x-ms-correlation-request-id": "bdaaf448-8c47-4aa9-b2ff-bcaef2dbb5a8",
        "x-ms-ratelimit-remaining-subscription-reads": "11925",
        "x-ms-request-id": "bdaaf448-8c47-4aa9-b2ff-bcaef2dbb5a8",
        "x-ms-routing-request-id": "WESTUS:20210712T223538Z:bdaaf448-8c47-4aa9-b2ff-bcaef2dbb5a8"
      },
      "ResponseBody": {
        "id": "/subscriptions/db1ab6f0-4769-4b27-930e-01e2ef9c123c/resourceGroups/rg400",
        "name": "rg400",
        "type": "Microsoft.Resources/resourceGroups",
        "location": "westus2",
        "tags": {
          "key1": "value1",
          "key2": "value2"
        },
        "properties": {
          "provisioningState": "Succeeded"
        }
      }
    },
    {
      "RequestUri": "https://management.azure.com/subscriptions/db1ab6f0-4769-4b27-930e-01e2ef9c123c/resourceGroups/rg400/providers/Microsoft.Resources/tags/default?api-version=2019-10-01",
      "RequestMethod": "GET",
      "RequestHeaders": {
        "Accept": "application/json",
        "Authorization": "Sanitized",
        "traceparent": "00-0697986778bb854ca3e8abe8102d06b7-fb3062263e330e48-00",
        "User-Agent": "azsdk-net-ResourceManager.Core/1.0.0-alpha.20210712.1 (.NET Framework 4.8.4300.0; Microsoft Windows 10.0.19043 )",
        "x-ms-client-request-id": "6061d89b565d3a89e4ab623f6a0ad99d",
        "x-ms-return-client-request-id": "true"
      },
      "RequestBody": null,
      "StatusCode": 200,
      "ResponseHeaders": {
        "Cache-Control": "no-cache",
        "Content-Length": "231",
        "Content-Type": "application/json; charset=utf-8",
        "Date": "Mon, 12 Jul 2021 22:35:37 GMT",
        "Expires": "-1",
        "Pragma": "no-cache",
        "Strict-Transport-Security": "max-age=31536000; includeSubDomains",
        "X-Content-Type-Options": "nosniff",
        "x-ms-correlation-request-id": "98b318e9-ddac-4e54-a4ab-9c0c02f22b7a",
        "x-ms-ratelimit-remaining-subscription-reads": "11924",
        "x-ms-request-id": "98b318e9-ddac-4e54-a4ab-9c0c02f22b7a",
        "x-ms-routing-request-id": "WESTUS:20210712T223538Z:98b318e9-ddac-4e54-a4ab-9c0c02f22b7a"
      },
      "ResponseBody": {
        "id": "/subscriptions/db1ab6f0-4769-4b27-930e-01e2ef9c123c/resourceGroups/rg400/providers/Microsoft.Resources/tags/default",
        "name": "default",
        "type": "Microsoft.Resources/tags",
        "properties": {
          "tags": {
            "key1": "value1",
            "key2": "value2"
          }
        }
      }
    },
    {
      "RequestUri": "https://management.azure.com/subscriptions/db1ab6f0-4769-4b27-930e-01e2ef9c123c/resourceGroups/rg400/providers/Microsoft.Resources/tags/default?api-version=2019-10-01",
      "RequestMethod": "PUT",
      "RequestHeaders": {
        "Accept": "application/json",
        "Authorization": "Sanitized",
        "Content-Length": "57",
        "Content-Type": "application/json",
        "traceparent": "00-0697986778bb854ca3e8abe8102d06b7-613f39a3fea6344b-00",
        "User-Agent": "azsdk-net-ResourceManager.Core/1.0.0-alpha.20210712.1 (.NET Framework 4.8.4300.0; Microsoft Windows 10.0.19043 )",
        "x-ms-client-request-id": "ce17a6e2aa06c47690af7cdbe1ac7809",
        "x-ms-return-client-request-id": "true"
      },
      "RequestBody": {
        "properties": {
          "tags": {
            "key1": "value1",
            "key2": "value2"
          }
        }
      },
      "StatusCode": 200,
      "ResponseHeaders": {
        "Cache-Control": "no-cache",
        "Content-Length": "231",
        "Content-Type": "application/json; charset=utf-8",
        "Date": "Mon, 12 Jul 2021 22:35:38 GMT",
        "Expires": "-1",
        "Pragma": "no-cache",
        "Strict-Transport-Security": "max-age=31536000; includeSubDomains",
        "X-Content-Type-Options": "nosniff",
        "x-ms-correlation-request-id": "fc3632da-0ac1-4082-b685-3c90b2c02c9d",
        "x-ms-ratelimit-remaining-subscription-writes": "1193",
        "x-ms-request-id": "fc3632da-0ac1-4082-b685-3c90b2c02c9d",
        "x-ms-routing-request-id": "WESTUS:20210712T223538Z:fc3632da-0ac1-4082-b685-3c90b2c02c9d"
      },
      "ResponseBody": {
        "id": "/subscriptions/db1ab6f0-4769-4b27-930e-01e2ef9c123c/resourceGroups/rg400/providers/Microsoft.Resources/tags/default",
        "name": "default",
        "type": "Microsoft.Resources/tags",
        "properties": {
          "tags": {
            "key1": "value1",
            "key2": "value2"
          }
        }
      }
    },
    {
      "RequestUri": "https://management.azure.com/subscriptions/db1ab6f0-4769-4b27-930e-01e2ef9c123c/resourcegroups/rg400?api-version=2019-10-01",
      "RequestMethod": "GET",
      "RequestHeaders": {
        "Accept": "application/json",
        "Authorization": "Sanitized",
        "traceparent": "00-0697986778bb854ca3e8abe8102d06b7-2fe8c67ef2817543-00",
        "User-Agent": "azsdk-net-ResourceManager.Core/1.0.0-alpha.20210712.1 (.NET Framework 4.8.4300.0; Microsoft Windows 10.0.19043 )",
        "x-ms-client-request-id": "68d47f88472cf40f002bd04ebdc339de",
        "x-ms-return-client-request-id": "true"
      },
      "RequestBody": null,
      "StatusCode": 200,
      "ResponseHeaders": {
        "Cache-Control": "no-cache",
        "Content-Length": "249",
        "Content-Type": "application/json; charset=utf-8",
        "Date": "Mon, 12 Jul 2021 22:35:38 GMT",
        "Expires": "-1",
        "Pragma": "no-cache",
        "Strict-Transport-Security": "max-age=31536000; includeSubDomains",
        "X-Content-Type-Options": "nosniff",
        "x-ms-correlation-request-id": "211cc789-1d9f-4a88-94a6-26bf801b196f",
        "x-ms-ratelimit-remaining-subscription-reads": "11913",
        "x-ms-request-id": "211cc789-1d9f-4a88-94a6-26bf801b196f",
        "x-ms-routing-request-id": "WESTUS:20210712T223538Z:211cc789-1d9f-4a88-94a6-26bf801b196f"
      },
      "ResponseBody": {
        "id": "/subscriptions/db1ab6f0-4769-4b27-930e-01e2ef9c123c/resourceGroups/rg400",
        "name": "rg400",
        "type": "Microsoft.Resources/resourceGroups",
        "location": "westus2",
        "tags": {
          "key1": "value1",
          "key2": "value2"
        },
        "properties": {
          "provisioningState": "Succeeded"
        }
      }
    }
  ],
  "Variables": {
    "RandomSeed": "1639689875",
    "SUBSCRIPTION_ID": "db1ab6f0-4769-4b27-930e-01e2ef9c123c"
  }
}