{
  "Entries": [
    {
      "RequestUri": "https://localhost:8443/subscriptions/00000000-0000-0000-0000-000000000000?api-version=2019-11-01",
      "RequestMethod": "GET",
      "RequestHeaders": {
        "Accept": "application/json",
        "Authorization": "Sanitized",
        "traceparent": "00-9ee98c4b848591489a59be710df7676f-96eac0ced2c5c94e-00",
        "User-Agent": "azsdk-net-ResourceManager/1.0.0-alpha.20211208.1 (.NET Framework 4.8.4300.0; Microsoft Windows 10.0.19044 )",
        "x-ms-client-request-id": "829d0ad629eb42f7bc29bb33391e5891",
        "x-ms-return-client-request-id": "true"
      },
      "RequestBody": null,
      "StatusCode": 200,
      "ResponseHeaders": {
        "Connection": "keep-alive",
        "Content-Length": "403",
        "Content-Type": "application/json; charset=utf-8",
        "Date": "Wed, 08 Dec 2021 07:22:12 GMT",
        "ETag": "W/\u0022193-XMviJqaGXohjOV1XjmYhUY8VLpk\u0022",
        "Keep-Alive": "timeout=5",
        "X-Powered-By": "Express"
      },
      "ResponseBody": {
        "id": "/subscriptions/00000000-0000-0000-0000-000000000000",
        "authorizationSource": "RoleBased",
        "managedByTenants": [],
        "subscriptionId": "00000000-0000-0000-0000-000000000000",
        "tenantId": "0000000-0000-0000-0000-000000000000",
        "displayName": "Name of the subscription",
        "state": "Enabled",
        "subscriptionPolicies": {
          "locationPlacementId": "Internal_2014-09-01",
          "quotaId": "Internal_2014-09-01",
          "spendingLimit": "Off"
        }
      }
    },
    {
      "RequestUri": "https://localhost:8443/subscriptions/00000000-0000-0000-0000-000000000000/resourcegroups/securityalert-4799?api-version=2019-10-01",
      "RequestMethod": "PUT",
      "RequestHeaders": {
        "Accept": "application/json",
        "Authorization": "Sanitized",
        "Content-Length": "81",
        "Content-Type": "application/json",
        "User-Agent": "azsdk-net-ResourceManager/1.0.0-alpha.20211208.1 (.NET Framework 4.8.4300.0; Microsoft Windows 10.0.19044 )",
        "x-ms-client-request-id": "36def6659da10f42ddedea5843777270",
        "x-ms-return-client-request-id": "true"
      },
      "RequestBody": {
        "location": "Azure.ResourceManager.Resources.Subscription",
        "tags": {
          "test": "env"
        }
      },
      "StatusCode": 200,
      "ResponseHeaders": {
        "Connection": "keep-alive",
        "Content-Length": "260",
        "Content-Type": "application/json; charset=utf-8",
        "Date": "Wed, 08 Dec 2021 07:22:12 GMT",
        "ETag": "W/\u0022104-yGsSEQXsoNsm0tojSyQ2zN9V7m4\u0022",
        "Keep-Alive": "timeout=5",
        "X-Powered-By": "Express"
      },
      "ResponseBody": {
        "id": "/subscriptions/00000000-0000-0000-0000-000000000000/resourcegroups/securityalert-4799",
        "location": "eastus",
        "managedBy": null,
        "name": "securityalert-4799",
        "properties": {
          "provisioningState": "Succeeded"
        },
        "tags": {},
        "type": "Microsoft.Resources/resourceGroups"
      }
    },
    {
      "RequestUri": "https://localhost:8443/subscriptions/00000000-0000-0000-0000-000000000000/resourceGroups/securityalert-4799/providers/Microsoft.Sql/managedInstances/securityalert-6440?api-version=2020-11-01-preview",
      "RequestMethod": "PUT",
      "RequestHeaders": {
        "Accept": "application/json",
        "Authorization": "Sanitized",
        "Content-Length": "1237",
        "Content-Type": "application/json",
        "User-Agent": "azsdk-net-ResourceManager.Sql/1.0.0-alpha.20211208.1 (.NET Framework 4.8.4300.0; Microsoft Windows 10.0.19044 )",
        "x-ms-client-request-id": "0b029721d8fed01f08436449894a2a99",
        "x-ms-return-client-request-id": "true"
      },
      "RequestBody": {
        "sku": {
          "name": "GP_Gen5",
          "tier": "GeneralPurpose"
        },
        "tags": {
          "tagKey1": "TagValue1"
        },
        "location": "japaneast",
        "properties": {
          "administratorLogin": "dummylogin",
          "administratorLoginPassword": "PLACEHOLDER",
          "subnetId": "/subscriptions/20D7082A-0FC7-4468-82BD-542694D5042B/resourceGroups/testrg/providers/Microsoft.Network/virtualNetworks/vnet1/subnets/subnet1",
          "licenseType": "LicenseIncluded",
          "vCores": 8,
          "storageSizeInGB": 1024,
          "collation": "SQL_Latin1_General_CP1_CI_AS",
          "dnsZonePartner": "/subscriptions/20D7082A-0FC7-4468-82BD-542694D5042B/resourceGroups/testrg/providers/Microsoft.Sql/managedInstances/testinstance",
          "publicDataEndpointEnabled": false,
          "proxyOverride": "Redirect",
          "timezoneId": "UTC",
          "instancePoolId": "/subscriptions/20D7082A-0FC7-4468-82BD-542694D5042B/resourceGroups/testrg/providers/Microsoft.Sql/instancePools/pool1",
          "maintenanceConfigurationId": "/subscriptions/20D7082A-0FC7-4468-82BD-542694D5042B/providers/Microsoft.Maintenance/publicMaintenanceConfigurations/SQL_JapanEast_MI_1",
          "minimalTlsVersion": "1.2",
          "storageAccountType": "GRS",
          "administrators": {
            "principalType": "User",
            "login": "bob@contoso.com",
            "sid": "00000011-1111-2222-2222-123456789111",
            "tenantId": "00000011-1111-2222-2222-123456789111",
            "azureADOnlyAuthentication": true
          }
        }
      },
      "StatusCode": 200,
      "ResponseHeaders": {
        "Connection": "keep-alive",
        "Content-Length": "2415",
        "Content-Type": "application/json; charset=utf-8",
        "Date": "Wed, 08 Dec 2021 07:22:12 GMT",
        "ETag": "W/\u002296f-L5VXAbyZZd5cQYbG2EOJAAfaRxY\u0022",
        "Keep-Alive": "timeout=5",
        "X-Powered-By": "Express"
      },
      "ResponseBody": {
        "id": "/subscriptions/00000000-0000-0000-0000-000000000000/resourceGroups/securityalert-4799/providers/Microsoft.Sql/managedInstances/securityalert-6440",
        "name": "securityalert-6440",
        "type": "aaaa",
        "location": "aaaaaaaaaaaaaaaaaaaaa",
        "tags": {
          "key7692": "aaaaaaaaaaaaaaaaaaaaaaaaa"
        },
        "identity": {
          "userAssignedIdentities": {
            "/subscriptions/00000000-0000-0000-0000-000000000000/resourceGroups/00000000-0000-0000-0000-000000000000/providers/Microsoft.ManagedIdentity/userAssignedIdentities/key4053": {
              "principalId": "00000000-0000-0000-0000-000000000000",
              "clientId": "00000000-0000-0000-0000-000000000000"
            }
          },
          "principalId": "00000000-0000-0000-0000-000000000000",
          "type": "None",
          "tenantId": "00000000-0000-0000-0000-000000000000"
        },
        "sku": {
          "name": "securityalert-6440",
          "tier": "aaaaaaaaaaaaaaaaaaaaaaaaaaaaaa",
          "size": "aaaaaaaaaaa",
          "family": "aaaaaaaaaaaaaaaaaaaaaaaaaaa",
          "capacity": 9
        },
        "properties": {
          "provisioningState": "Succeeded",
          "managedInstanceCreateMode": "Default",
          "fullyQualifiedDomainName": "aaaaaaaa",
          "administratorLogin": "aaaaaa",
          "administratorLoginPassword": "aaaaaaaaaaaaaaaaaaaaaaa",
          "subnetId": "aaaaaaaaaaaaaaaaa",
          "state": "aaaaaaaaaaaaaaaaaaaaaaaaaaaaaa",
          "licenseType": "LicenseIncluded",
          "vCores": 6,
          "storageSizeInGB": 29,
          "collation": "aaaaaaaaaaaaaaaaaaa",
          "dnsZone": "aaaaaaaaaa",
          "dnsZonePartner": "aaaa",
          "publicDataEndpointEnabled": true,
          "sourceManagedInstanceId": "aaa",
          "restorePointInTime": "2021-12-08T07:22:12.256Z",
          "proxyOverride": "Proxy",
          "timezoneId": "aaaaaaaaaaaaaaaaaaaaa",
          "instancePoolId": "aaaaaaaaaaaaaaaaaaa",
          "maintenanceConfigurationId": "aaaaaaaaa",
          "privateEndpointConnections": [
            {
              "id": "/subscriptions/a9cbceed-cd54-47f1-b7a2-bad149218603/resourceGroups/mockRg/providers/Microsoft.Resources/mockResource/mockName",
              "properties": {
                "privateEndpoint": {
                  "id": "/subscriptions/a9cbceed-cd54-47f1-b7a2-bad149218603/resourceGroups/mockRg/providers/Microsoft.Resources/mockResource/mockName"
                },
                "privateLinkServiceConnectionState": {
                  "status": "aa",
                  "description": "aaaaaaaaaaaaaaaaaaaa",
                  "actionsRequired": "aaaaaaaaaaaaaaaaaaaaaaaaaaaaaa"
                },
                "provisioningState": "Succeeded"
              }
            }
          ],
          "minimalTlsVersion": "aaaaaaaaaaaaaaaaaa",
          "storageAccountType": "GRS",
          "zoneRedundant": true,
          "primaryUserAssignedIdentityId": "aaaaaaaa",
          "keyId": "a",
          "administrators": {
            "administratorType": "ActiveDirectory",
            "principalType": "User",
            "login": "aaaaa",
            "sid": "00000000-0000-0000-0000-000000000000",
            "tenantId": "00000000-0000-0000-0000-000000000000",
            "azureADOnlyAuthentication": true
          }
        }
      }
    },
    {
      "RequestUri": "https://localhost:8443/subscriptions/00000000-0000-0000-0000-000000000000/resourceGroups/securityalert-4799/providers/Microsoft.Sql/managedInstances/securityalert-6440/securityAlertPolicies/Default?api-version=2020-11-01-preview",
      "RequestMethod": "PUT",
      "RequestHeaders": {
        "Accept": "application/json",
        "Authorization": "Sanitized",
        "Content-Length": "34",
        "Content-Type": "application/json",
        "User-Agent": "azsdk-net-ResourceManager.Sql/1.0.0-alpha.20211208.1 (.NET Framework 4.8.4300.0; Microsoft Windows 10.0.19044 )",
        "x-ms-client-request-id": "a2114ab74c1c8c93d60e2e5e38f88593",
        "x-ms-return-client-request-id": "true"
      },
      "RequestBody": {
        "properties": {
          "state": "Enabled"
        }
      },
      "StatusCode": 200,
      "ResponseHeaders": {
        "Connection": "keep-alive",
        "Content-Length": "720",
        "Content-Type": "application/json; charset=utf-8",
        "Date": "Wed, 08 Dec 2021 07:22:12 GMT",
        "ETag": "W/\u00222d0-RSv8DEeMG8ztn\u002BfHUD/qXATH9A8\u0022",
        "Keep-Alive": "timeout=5",
        "X-Powered-By": "Express"
      },
      "ResponseBody": {
        "id": "/subscriptions/00000000-0000-0000-0000-000000000000/resourceGroups/securityalert-4799/providers/Microsoft.Sql/managedInstances/securityalert-6440/securityAlertPolicies/Default",
        "name": "Default",
        "type": "aa",
        "systemData": {
          "createdBy": "aaaaaaaaaaaaaaaaaaaaaaaaaaaaa",
          "createdByType": "User",
          "createdAt": "2021-12-08T07:22:12.266Z",
          "lastModifiedBy": "aa",
          "lastModifiedByType": "User",
          "lastModifiedAt": "2021-12-08T07:22:12.266Z"
        },
        "properties": {
          "state": "Enabled",
          "disabledAlerts": [
            "aaaaaaaaaaaaaaaaaaaaaaaaaaaaaa"
          ],
          "emailAddresses": [
            "aaaaaaaaaaaaaaaaaaaaaaaaaaaa"
          ],
          "emailAccountAdmins": true,
          "storageEndpoint": "aaaaaaaaaaaaa",
          "storageAccountAccessKey": "aaaaaaaa",
          "retentionDays": 4,
          "creationTime": "2021-12-08T07:22:12.266Z"
        }
      }
    }
  ],
  "Variables": {
    "RandomSeed": "922715959",
    "RESOURCE_MANAGER_URL": "https://localhost:8443",
    "SUBSCRIPTION_ID": "00000000-0000-0000-0000-000000000000"
  }
}
