{
  "Entries": [
    {
      "RequestUri": "https://localhost:8443/subscriptions/00000000-0000-0000-0000-000000000000?api-version=2019-11-01",
      "RequestMethod": "GET",
      "RequestHeaders": {
        "Accept": "application/json",
        "Authorization": "Sanitized",
        "traceparent": "00-fd388f665f06854f86be03d7faccc5a6-0065920c8839184d-00",
        "User-Agent": "azsdk-net-ResourceManager/1.0.0-alpha.20211208.1 (.NET Framework 4.8.4300.0; Microsoft Windows 10.0.19044 )",
        "x-ms-client-request-id": "5c868be7af74d083b7e61f32734922e0",
        "x-ms-return-client-request-id": "true"
      },
      "RequestBody": null,
      "StatusCode": 200,
      "ResponseHeaders": {
        "Connection": "keep-alive",
        "Content-Length": "403",
        "Content-Type": "application/json; charset=utf-8",
        "Date": "Wed, 08 Dec 2021 07:22:14 GMT",
        "ETag": "W/\u0022193-XMviJqaGXohjOV1XjmYhUY8VLpk\u0022",
        "Keep-Alive": "timeout=5",
        "X-Powered-By": "Express"
      },
      "ResponseBody": {
        "id": "/subscriptions/00000000-0000-0000-0000-000000000000",
        "authorizationSource": "RoleBased",
        "managedByTenants": [],
        "subscriptionId": "00000000-0000-0000-0000-000000000000",
        "tenantId": "0000000-0000-0000-0000-000000000000",
        "displayName": "Name of the subscription",
        "state": "Enabled",
        "subscriptionPolicies": {
          "locationPlacementId": "Internal_2014-09-01",
          "quotaId": "Internal_2014-09-01",
          "spendingLimit": "Off"
        }
      }
    },
    {
      "RequestUri": "https://localhost:8443/subscriptions/00000000-0000-0000-0000-000000000000/resourcegroups/securityalert-4799?api-version=2019-10-01",
      "RequestMethod": "PUT",
      "RequestHeaders": {
        "Accept": "application/json",
        "Authorization": "Sanitized",
        "Content-Length": "81",
        "Content-Type": "application/json",
        "User-Agent": "azsdk-net-ResourceManager/1.0.0-alpha.20211208.1 (.NET Framework 4.8.4300.0; Microsoft Windows 10.0.19044 )",
        "x-ms-client-request-id": "1d3f52a6d9d0666bb39b938b6a420229",
        "x-ms-return-client-request-id": "true"
      },
      "RequestBody": {
        "location": "Azure.ResourceManager.Resources.Subscription",
        "tags": {
          "test": "env"
        }
      },
      "StatusCode": 200,
      "ResponseHeaders": {
        "Connection": "keep-alive",
        "Content-Length": "260",
        "Content-Type": "application/json; charset=utf-8",
        "Date": "Wed, 08 Dec 2021 07:22:14 GMT",
        "ETag": "W/\u0022104-yGsSEQXsoNsm0tojSyQ2zN9V7m4\u0022",
        "Keep-Alive": "timeout=5",
        "X-Powered-By": "Express"
      },
      "ResponseBody": {
        "id": "/subscriptions/00000000-0000-0000-0000-000000000000/resourcegroups/securityalert-4799",
        "location": "eastus",
        "managedBy": null,
        "name": "securityalert-4799",
        "properties": {
          "provisioningState": "Succeeded"
        },
        "tags": {},
        "type": "Microsoft.Resources/resourceGroups"
      }
    },
    {
      "RequestUri": "https://localhost:8443/subscriptions/00000000-0000-0000-0000-000000000000/resourceGroups/securityalert-4799/providers/Microsoft.Sql/managedInstances/securityalert-6440?api-version=2020-11-01-preview",
      "RequestMethod": "PUT",
      "RequestHeaders": {
        "Accept": "application/json",
        "Authorization": "Sanitized",
        "Content-Length": "1237",
        "Content-Type": "application/json",
        "User-Agent": "azsdk-net-ResourceManager.Sql/1.0.0-alpha.20211208.1 (.NET Framework 4.8.4300.0; Microsoft Windows 10.0.19044 )",
        "x-ms-client-request-id": "3dabe8a9e780703086fd582c85134dfa",
        "x-ms-return-client-request-id": "true"
      },
      "RequestBody": {
        "sku": {
          "name": "GP_Gen5",
          "tier": "GeneralPurpose"
        },
        "tags": {
          "tagKey1": "TagValue1"
        },
        "location": "japaneast",
        "properties": {
          "administratorLogin": "dummylogin",
          "administratorLoginPassword": "PLACEHOLDER",
          "subnetId": "/subscriptions/20D7082A-0FC7-4468-82BD-542694D5042B/resourceGroups/testrg/providers/Microsoft.Network/virtualNetworks/vnet1/subnets/subnet1",
          "licenseType": "LicenseIncluded",
          "vCores": 8,
          "storageSizeInGB": 1024,
          "collation": "SQL_Latin1_General_CP1_CI_AS",
          "dnsZonePartner": "/subscriptions/20D7082A-0FC7-4468-82BD-542694D5042B/resourceGroups/testrg/providers/Microsoft.Sql/managedInstances/testinstance",
          "publicDataEndpointEnabled": false,
          "proxyOverride": "Redirect",
          "timezoneId": "UTC",
          "instancePoolId": "/subscriptions/20D7082A-0FC7-4468-82BD-542694D5042B/resourceGroups/testrg/providers/Microsoft.Sql/instancePools/pool1",
          "maintenanceConfigurationId": "/subscriptions/20D7082A-0FC7-4468-82BD-542694D5042B/providers/Microsoft.Maintenance/publicMaintenanceConfigurations/SQL_JapanEast_MI_1",
          "minimalTlsVersion": "1.2",
          "storageAccountType": "GRS",
          "administrators": {
            "principalType": "User",
            "login": "bob@contoso.com",
            "sid": "00000011-1111-2222-2222-123456789111",
            "tenantId": "00000011-1111-2222-2222-123456789111",
            "azureADOnlyAuthentication": true
          }
        }
      },
      "StatusCode": 200,
      "ResponseHeaders": {
        "Connection": "keep-alive",
        "Content-Length": "2391",
        "Content-Type": "application/json; charset=utf-8",
        "Date": "Wed, 08 Dec 2021 07:22:14 GMT",
        "ETag": "W/\u0022957-aCiSJ8FpQxt8QmWSaONxssT2Npg\u0022",
        "Keep-Alive": "timeout=5",
        "X-Powered-By": "Express"
      },
      "ResponseBody": {
        "id": "/subscriptions/00000000-0000-0000-0000-000000000000/resourceGroups/securityalert-4799/providers/Microsoft.Sql/managedInstances/securityalert-6440",
        "name": "securityalert-6440",
        "type": "aaaaaa",
        "location": "aaaaaaa",
        "tags": {
          "key8349": "aaaaaaaaaaaaaaaaa"
        },
        "identity": {
          "userAssignedIdentities": {
            "/subscriptions/00000000-0000-0000-0000-000000000000/resourceGroups/00000000-0000-0000-0000-000000000000/providers/Microsoft.ManagedIdentity/userAssignedIdentities/key5720": {
              "principalId": "00000000-0000-0000-0000-000000000000",
              "clientId": "00000000-0000-0000-0000-000000000000"
            }
          },
          "principalId": "00000000-0000-0000-0000-000000000000",
          "type": "None",
          "tenantId": "00000000-0000-0000-0000-000000000000"
        },
        "sku": {
          "name": "securityalert-6440",
          "tier": "aaaaaaaaaa",
          "size": "aaa",
          "family": "aaaaaaaaaaa",
          "capacity": 12
        },
        "properties": {
          "provisioningState": "Succeeded",
          "managedInstanceCreateMode": "Default",
          "fullyQualifiedDomainName": "aaaaaaaaaaaaaaaaaaaaaaa",
          "administratorLogin": "aaaaaaaaaaaaa",
          "administratorLoginPassword": "aaaaaaaaaaaaaaaaaaaaaaaa",
          "subnetId": "aaaaaaaaaaaaaaaaaaaaaaaaaa",
          "state": "aaaaaaaaaaa",
          "licenseType": "LicenseIncluded",
          "vCores": 29,
          "storageSizeInGB": 23,
          "collation": "aaaaaaaaaaaa",
          "dnsZone": "aaaaaaaaaaaa",
          "dnsZonePartner": "aaaaaaaaaaaaaaaaaaaaaaaaaa",
          "publicDataEndpointEnabled": true,
          "sourceManagedInstanceId": "aaaaaaaaaaaaaa",
          "restorePointInTime": "2021-12-08T07:22:14.468Z",
          "proxyOverride": "Proxy",
          "timezoneId": "aaaaa",
          "instancePoolId": "aaaaaaaaaaaaaaaaaaaa",
          "maintenanceConfigurationId": "aaaa",
          "privateEndpointConnections": [
            {
              "id": "/subscriptions/a9cbceed-cd54-47f1-b7a2-bad149218603/resourceGroups/mockRg/providers/Microsoft.Resources/mockResource/mockName",
              "properties": {
                "privateEndpoint": {
                  "id": "/subscriptions/a9cbceed-cd54-47f1-b7a2-bad149218603/resourceGroups/mockRg/providers/Microsoft.Resources/mockResource/mockName"
                },
                "privateLinkServiceConnectionState": {
                  "status": "aaaaaaaaaaaaaaaaa",
                  "description": "aaa",
                  "actionsRequired": "aaaa"
                },
                "provisioningState": "Succeeded"
              }
            }
          ],
          "minimalTlsVersion": "aaaaaaaaaaaaa",
          "storageAccountType": "GRS",
          "zoneRedundant": true,
          "primaryUserAssignedIdentityId": "aaaaaaaaaaaaaaaaaaaa",
          "keyId": "aaaaaaaaaaaaaaaaaaa",
          "administrators": {
            "administratorType": "ActiveDirectory",
            "principalType": "User",
            "login": "aaaaaaaaaaaaaaaaaaaaaaaaa",
            "sid": "00000000-0000-0000-0000-000000000000",
            "tenantId": "00000000-0000-0000-0000-000000000000",
            "azureADOnlyAuthentication": true
          }
        }
      }
    },
    {
      "RequestUri": "https://localhost:8443/subscriptions/00000000-0000-0000-0000-000000000000/resourceGroups/securityalert-4799/providers/Microsoft.Sql/managedInstances/securityalert-6440/securityAlertPolicies/Default?api-version=2020-11-01-preview",
      "RequestMethod": "GET",
      "RequestHeaders": {
        "Accept": "application/json",
        "Authorization": "Sanitized",
        "User-Agent": "azsdk-net-ResourceManager.Sql/1.0.0-alpha.20211208.1 (.NET Framework 4.8.4300.0; Microsoft Windows 10.0.19044 )",
        "x-ms-client-request-id": "8b89f6e4e59dbf5f21cf97d2803fe0a0",
        "x-ms-return-client-request-id": "true"
      },
      "RequestBody": null,
      "StatusCode": 200,
      "ResponseHeaders": {
        "Connection": "keep-alive",
        "Content-Length": "730",
        "Content-Type": "application/json; charset=utf-8",
        "Date": "Wed, 08 Dec 2021 07:22:14 GMT",
        "ETag": "W/\u00222da-ccrx510ziVBesQ5ojRNB8SuLyco\u0022",
        "Keep-Alive": "timeout=5",
        "X-Powered-By": "Express"
      },
      "ResponseBody": {
        "id": "/subscriptions/00000000-0000-0000-0000-000000000000/resourceGroups/securityalert-4799/providers/Microsoft.Sql/managedInstances/securityalert-6440/securityAlertPolicies/Default",
        "name": "Default",
        "type": "aaaa",
        "systemData": {
          "createdBy": "aaaaaaaaaaaaaaaaaaaaa",
          "createdByType": "User",
          "createdAt": "2021-12-08T07:22:14.480Z",
          "lastModifiedBy": "aaaaaaaaaaaaaaaaaaaaaaaaa",
          "lastModifiedByType": "User",
          "lastModifiedAt": "2021-12-08T07:22:14.480Z"
        },
        "properties": {
          "state": "Enabled",
          "disabledAlerts": [
            "aaaaaaaaaaaaaaaaaaaa"
          ],
          "emailAddresses": [
            "aaaaaaaaaaaaaaaaaaa"
          ],
          "emailAccountAdmins": true,
          "storageEndpoint": "aaaaaaaaaaaaaaaaaaaaaaaaa",
          "storageAccountAccessKey": "aaaaaaa",
          "retentionDays": 25,
          "creationTime": "2021-12-08T07:22:14.480Z"
        }
      }
    }
  ],
  "Variables": {
    "RandomSeed": "714339519",
    "RESOURCE_MANAGER_URL": "https://localhost:8443",
    "SUBSCRIPTION_ID": "00000000-0000-0000-0000-000000000000"
  }
}
