{
  "Entries": [
    {
      "RequestUri": "https://seanmcccanada.file.core.windows.net/test-share-91f13556-bf5b-a08d-8396-ee0a6f4021d2?restype=share",
      "RequestMethod": "PUT",
      "RequestHeaders": {
        "Authorization": "Sanitized",
        "traceparent": "00-de30e66ba4be83419e24114fb5123f51-800a298257b3bc4c-00",
        "User-Agent": [
          "azsdk-net-Storage.Files.Shares/12.5.0-alpha.20201014.1",
          "(.NET Core 4.6.29220.03; Microsoft Windows 10.0.19042 )"
        ],
        "x-ms-client-request-id": "bcc7852e-dfe9-fb65-70bc-92ade1b799de",
        "x-ms-date": "Wed, 14 Oct 2020 22:58:56 GMT",
        "x-ms-return-client-request-id": "true",
        "x-ms-version": "2020-04-08"
      },
      "RequestBody": null,
      "StatusCode": 201,
      "ResponseHeaders": {
        "Content-Length": "0",
        "Date": "Wed, 14 Oct 2020 22:58:58 GMT",
        "ETag": "\u00220x8D87094BC1B6993\u0022",
        "Last-Modified": "Wed, 14 Oct 2020 22:58:58 GMT",
        "Server": [
          "Windows-Azure-File/1.0",
          "Microsoft-HTTPAPI/2.0"
        ],
        "x-ms-client-request-id": "bcc7852e-dfe9-fb65-70bc-92ade1b799de",
        "x-ms-request-id": "5d01cc3d-a01a-0008-017d-a28b8d000000",
        "x-ms-version": "2020-04-08"
      },
      "ResponseBody": []
    },
    {
      "RequestUri": "https://seanmcccanada.file.core.windows.net/test-share-91f13556-bf5b-a08d-8396-ee0a6f4021d2?comp=lease\u0026restype=share",
      "RequestMethod": "PUT",
      "RequestHeaders": {
        "Authorization": "Sanitized",
        "traceparent": "00-4c464ce69644b94097f926d828810b66-01e5f72f34334b48-00",
        "User-Agent": [
          "azsdk-net-Storage.Files.Shares/12.5.0-alpha.20201014.1",
          "(.NET Core 4.6.29220.03; Microsoft Windows 10.0.19042 )"
        ],
        "x-ms-client-request-id": "451aec6e-cbb2-bae4-d033-d23367110737",
        "x-ms-date": "Wed, 14 Oct 2020 22:58:57 GMT",
        "x-ms-lease-action": "acquire",
        "x-ms-lease-duration": "10",
        "x-ms-proposed-lease-id": "c8bbe639-7475-93b4-eab5-7854f4397514",
        "x-ms-return-client-request-id": "true",
        "x-ms-version": "2020-04-08"
      },
      "RequestBody": null,
      "StatusCode": 400,
      "ResponseHeaders": {
        "Content-Length": "327",
        "Content-Type": "application/xml",
        "Date": "Wed, 14 Oct 2020 22:58:58 GMT",
        "Server": [
          "Windows-Azure-File/1.0",
          "Microsoft-HTTPAPI/2.0"
        ],
        "x-ms-client-request-id": "451aec6e-cbb2-bae4-d033-d23367110737",
        "x-ms-error-code": "InvalidHeaderValue",
        "x-ms-request-id": "5d01cc41-a01a-0008-027d-a28b8d000000",
        "x-ms-version": "2020-04-08"
      },
      "ResponseBody": [
        "\uFEFF\u003C?xml version=\u00221.0\u0022 encoding=\u0022utf-8\u0022?\u003E\u003CError\u003E\u003CCode\u003EInvalidHeaderValue\u003C/Code\u003E\u003CMessage\u003EThe value for one of the HTTP headers is not in the correct format.\n",
        "RequestId:5d01cc41-a01a-0008-027d-a28b8d000000\n",
        "Time:2020-10-14T22:58:58.7409786Z\u003C/Message\u003E\u003CHeaderName\u003Ex-ms-lease-duration\u003C/HeaderName\u003E\u003CHeaderValue\u003E10\u003C/HeaderValue\u003E\u003C/Error\u003E"
      ]
    },
    {
      "RequestUri": "https://seanmcccanada.file.core.windows.net/test-share-91f13556-bf5b-a08d-8396-ee0a6f4021d2?restype=share",
      "RequestMethod": "DELETE",
      "RequestHeaders": {
        "Authorization": "Sanitized",
        "traceparent": "00-e2d6a89caaf6f147b1296760eb862320-6a699edf00035149-00",
        "User-Agent": [
          "azsdk-net-Storage.Files.Shares/12.5.0-alpha.20201014.1",
          "(.NET Core 4.6.29220.03; Microsoft Windows 10.0.19042 )"
        ],
        "x-ms-client-request-id": "07e6155a-2f1e-3562-af21-184491b51857",
        "x-ms-date": "Wed, 14 Oct 2020 22:58:57 GMT",
        "x-ms-return-client-request-id": "true",
        "x-ms-version": "2020-04-08"
      },
      "RequestBody": null,
      "StatusCode": 202,
      "ResponseHeaders": {
        "Content-Length": "0",
        "Date": "Wed, 14 Oct 2020 22:58:58 GMT",
        "Server": [
          "Windows-Azure-File/1.0",
          "Microsoft-HTTPAPI/2.0"
        ],
        "x-ms-client-request-id": "07e6155a-2f1e-3562-af21-184491b51857",
        "x-ms-request-id": "5d01cc42-a01a-0008-037d-a28b8d000000",
        "x-ms-version": "2020-04-08"
      },
      "ResponseBody": []
    }
  ],
  "Variables": {
    "RandomSeed": "2073434228",
    "Storage_TestConfigDefault": "ProductionTenant\nseanmcccanada\nU2FuaXRpemVk\nhttps://seanmcccanada.blob.core.windows.net\nhttps://seanmcccanada.file.core.windows.net\nhttps://seanmcccanada.queue.core.windows.net\nhttps://seanmcccanada.table.core.windows.net\n\n\n\n\nhttps://seanmcccanada-secondary.blob.core.windows.net\nhttps://seanmcccanada-secondary.file.core.windows.net\nhttps://seanmcccanada-secondary.queue.core.windows.net\nhttps://seanmcccanada-secondary.table.core.windows.net\n\nSanitized\n\n\nCloud\nBlobEndpoint=https://seanmcccanada.blob.core.windows.net/;QueueEndpoint=https://seanmcccanada.queue.core.windows.net/;FileEndpoint=https://seanmcccanada.file.core.windows.net/;BlobSecondaryEndpoint=https://seanmcccanada-secondary.blob.core.windows.net/;QueueSecondaryEndpoint=https://seanmcccanada-secondary.queue.core.windows.net/;FileSecondaryEndpoint=https://seanmcccanada-secondary.file.core.windows.net/;AccountName=seanmcccanada;AccountKey=Kg==;\nseanscope1"
  }
}