{
  "Entries": [
    {
      "RequestUri": "https://seanmcccanary3.file.core.windows.net/test-share-91f13556-bf5b-a08d-8396-ee0a6f4021d2?restype=share",
      "RequestMethod": "PUT",
      "RequestHeaders": {
        "Accept": "application/xml",
        "Authorization": "Sanitized",
        "traceparent": "00-fd49044d28086c48a5c0e892c35ec2ee-52bf5a6e91997644-00",
        "User-Agent": [
          "azsdk-net-Storage.Files.Shares/12.7.0-alpha.20210121.1",
          "(.NET 5.0.2; Microsoft Windows 10.0.19042)"
        ],
        "x-ms-client-request-id": "bcc7852e-dfe9-fb65-70bc-92ade1b799de",
        "x-ms-date": "Thu, 21 Jan 2021 20:44:32 GMT",
        "x-ms-return-client-request-id": "true",
        "x-ms-version": "2020-04-08"
      },
      "RequestBody": null,
      "StatusCode": 201,
      "ResponseHeaders": {
        "Content-Length": "0",
        "Date": "Thu, 21 Jan 2021 20:44:31 GMT",
        "ETag": "\u00220x8D8BE4D5AEDD66C\u0022",
        "Last-Modified": "Thu, 21 Jan 2021 20:44:32 GMT",
        "Server": [
          "Windows-Azure-File/1.0",
          "Microsoft-HTTPAPI/2.0"
        ],
        "x-ms-client-request-id": "bcc7852e-dfe9-fb65-70bc-92ade1b799de",
        "x-ms-request-id": "9eaa24b7-801a-0093-5036-f001c8000000",
        "x-ms-version": "2020-04-08"
      },
      "ResponseBody": []
    },
    {
      "RequestUri": "https://seanmcccanary3.file.core.windows.net/test-share-91f13556-bf5b-a08d-8396-ee0a6f4021d2?comp=lease\u0026restype=share",
      "RequestMethod": "PUT",
      "RequestHeaders": {
        "Accept": "application/xml",
        "Authorization": "Sanitized",
        "traceparent": "00-f661f7884f1ec74cb5f8030126189122-84012a665c8c4343-00",
        "User-Agent": [
          "azsdk-net-Storage.Files.Shares/12.7.0-alpha.20210121.1",
          "(.NET 5.0.2; Microsoft Windows 10.0.19042)"
        ],
        "x-ms-client-request-id": "451aec6e-cbb2-bae4-d033-d23367110737",
        "x-ms-date": "Thu, 21 Jan 2021 20:44:32 GMT",
        "x-ms-lease-action": "acquire",
        "x-ms-lease-duration": "10",
        "x-ms-proposed-lease-id": "c8bbe639-7475-93b4-eab5-7854f4397514",
        "x-ms-return-client-request-id": "true",
        "x-ms-version": "2020-04-08"
      },
      "RequestBody": null,
      "StatusCode": 400,
      "ResponseHeaders": {
        "Content-Length": "327",
        "Content-Type": "application/xml",
        "Date": "Thu, 21 Jan 2021 20:44:31 GMT",
        "Server": [
          "Windows-Azure-File/1.0",
          "Microsoft-HTTPAPI/2.0"
        ],
        "x-ms-client-request-id": "451aec6e-cbb2-bae4-d033-d23367110737",
        "x-ms-error-code": "InvalidHeaderValue",
        "x-ms-request-id": "9eaa24bb-801a-0093-5136-f001c8000000",
        "x-ms-version": "2020-04-08"
      },
      "ResponseBody": [
        "\uFEFF\u003C?xml version=\u00221.0\u0022 encoding=\u0022utf-8\u0022?\u003E\u003CError\u003E\u003CCode\u003EInvalidHeaderValue\u003C/Code\u003E\u003CMessage\u003EThe value for one of the HTTP headers is not in the correct format.\n",
        "RequestId:9eaa24bb-801a-0093-5136-f001c8000000\n",
        "Time:2021-01-21T20:44:32.0991331Z\u003C/Message\u003E\u003CHeaderName\u003Ex-ms-lease-duration\u003C/HeaderName\u003E\u003CHeaderValue\u003E10\u003C/HeaderValue\u003E\u003C/Error\u003E"
      ]
    },
    {
      "RequestUri": "https://seanmcccanary3.file.core.windows.net/test-share-91f13556-bf5b-a08d-8396-ee0a6f4021d2?restype=share",
      "RequestMethod": "DELETE",
      "RequestHeaders": {
        "Accept": "application/xml",
        "Authorization": "Sanitized",
        "traceparent": "00-85eb892558ecf349b1f18356ea54e9b1-1824ff3700ddc44e-00",
        "User-Agent": [
          "azsdk-net-Storage.Files.Shares/12.7.0-alpha.20210121.1",
          "(.NET 5.0.2; Microsoft Windows 10.0.19042)"
        ],
        "x-ms-client-request-id": "07e6155a-2f1e-3562-af21-184491b51857",
        "x-ms-date": "Thu, 21 Jan 2021 20:44:32 GMT",
        "x-ms-delete-snapshots": "include",
        "x-ms-return-client-request-id": "true",
        "x-ms-version": "2020-04-08"
      },
      "RequestBody": null,
      "StatusCode": 202,
      "ResponseHeaders": {
        "Content-Length": "0",
        "Date": "Thu, 21 Jan 2021 20:44:31 GMT",
        "Server": [
          "Windows-Azure-File/1.0",
          "Microsoft-HTTPAPI/2.0"
        ],
        "x-ms-client-request-id": "07e6155a-2f1e-3562-af21-184491b51857",
        "x-ms-request-id": "9eaa24bc-801a-0093-5236-f001c8000000",
        "x-ms-version": "2020-04-08"
      },
      "ResponseBody": []
    }
  ],
  "Variables": {
    "RandomSeed": "2073434228",
    "Storage_TestConfigDefault": "ProductionTenant\nseanmcccanary3\nU2FuaXRpemVk\nhttps://seanmcccanary3.blob.core.windows.net\nhttps://seanmcccanary3.file.core.windows.net\nhttps://seanmcccanary3.queue.core.windows.net\nhttps://seanmcccanary3.table.core.windows.net\n\n\n\n\nhttps://seanmcccanary3-secondary.blob.core.windows.net\nhttps://seanmcccanary3-secondary.file.core.windows.net\nhttps://seanmcccanary3-secondary.queue.core.windows.net\nhttps://seanmcccanary3-secondary.table.core.windows.net\n\nSanitized\n\n\nCloud\nBlobEndpoint=https://seanmcccanary3.blob.core.windows.net/;QueueEndpoint=https://seanmcccanary3.queue.core.windows.net/;FileEndpoint=https://seanmcccanary3.file.core.windows.net/;BlobSecondaryEndpoint=https://seanmcccanary3-secondary.blob.core.windows.net/;QueueSecondaryEndpoint=https://seanmcccanary3-secondary.queue.core.windows.net/;FileSecondaryEndpoint=https://seanmcccanary3-secondary.file.core.windows.net/;AccountName=seanmcccanary3;AccountKey=Kg==;\nseanscope1"
  }
}