{
  "Entries": [
    {
      "RequestUri": "https://seanmcccanary3.file.core.windows.net/test-share-4e2163d6-bd98-0138-adc5-5f6f27379154?restype=share",
      "RequestMethod": "PUT",
      "RequestHeaders": {
        "Authorization": "Sanitized",
        "traceparent": "00-d9736e298553334d88cd8400f33f4982-63e35be6aa463243-00",
        "User-Agent": [
          "azsdk-net-Storage.Files.Shares/12.3.0-dev.20200805.1",
          "(.NET Core 4.6.29017.01; Microsoft Windows 10.0.18362 )"
        ],
        "x-ms-client-request-id": "e925695a-952c-5a6f-00b8-5f932882f170",
        "x-ms-date": "Wed, 05 Aug 2020 22:26:46 GMT",
        "x-ms-return-client-request-id": "true",
        "x-ms-version": "2020-02-10"
      },
      "RequestBody": null,
      "StatusCode": 201,
      "ResponseHeaders": {
        "Content-Length": "0",
        "Date": "Wed, 05 Aug 2020 22:26:45 GMT",
        "ETag": "\u00220x8D8398EA355F472\u0022",
        "Last-Modified": "Wed, 05 Aug 2020 22:26:46 GMT",
        "Server": [
          "Windows-Azure-File/1.0",
          "Microsoft-HTTPAPI/2.0"
        ],
        "x-ms-client-request-id": "e925695a-952c-5a6f-00b8-5f932882f170",
        "x-ms-request-id": "e46c60f5-001a-0024-3677-6b2c62000000",
        "x-ms-version": "2020-02-10"
      },
      "ResponseBody": []
    },
    {
      "RequestUri": "https://seanmcccanary3.file.core.windows.net/test-share-4e2163d6-bd98-0138-adc5-5f6f27379154?comp=lease\u0026restype=share",
      "RequestMethod": "PUT",
      "RequestHeaders": {
        "Authorization": "Sanitized",
        "traceparent": "00-cd7a0b461294fa4a8d2dca1d81f74a8a-f601c8d65a939242-00",
        "User-Agent": [
          "azsdk-net-Storage.Files.Shares/12.3.0-dev.20200805.1",
          "(.NET Core 4.6.29017.01; Microsoft Windows 10.0.18362 )"
        ],
        "x-ms-client-request-id": "7a8049e9-336e-fc5e-0f4d-882dbc23deda",
        "x-ms-date": "Wed, 05 Aug 2020 22:26:47 GMT",
        "x-ms-lease-action": "acquire",
        "x-ms-lease-duration": "-1",
        "x-ms-proposed-lease-id": "d9a037a4-ab0f-2af9-5589-2114f5b1ce15",
        "x-ms-return-client-request-id": "true",
        "x-ms-version": "2020-02-10"
      },
      "RequestBody": null,
      "StatusCode": 201,
      "ResponseHeaders": {
        "Content-Length": "0",
        "Date": "Wed, 05 Aug 2020 22:26:46 GMT",
        "ETag": "\u00220x8D8398EA355F472\u0022",
        "Last-Modified": "Wed, 05 Aug 2020 22:26:46 GMT",
        "Server": [
          "Windows-Azure-File/1.0",
          "Microsoft-HTTPAPI/2.0"
        ],
        "x-ms-client-request-id": "7a8049e9-336e-fc5e-0f4d-882dbc23deda",
        "x-ms-lease-id": "d9a037a4-ab0f-2af9-5589-2114f5b1ce15",
        "x-ms-request-id": "e46c60f8-001a-0024-3777-6b2c62000000",
        "x-ms-version": "2020-02-10"
      },
      "ResponseBody": []
    },
    {
      "RequestUri": "https://seanmcccanary3.file.core.windows.net/test-share-4e2163d6-bd98-0138-adc5-5f6f27379154?comp=lease\u0026restype=share",
      "RequestMethod": "PUT",
      "RequestHeaders": {
        "Authorization": "Sanitized",
        "traceparent": "00-ecf5eee9275c6f4e9ab0b23adca1e560-c3e2eb9e27684848-00",
        "User-Agent": [
          "azsdk-net-Storage.Files.Shares/12.3.0-dev.20200805.1",
          "(.NET Core 4.6.29017.01; Microsoft Windows 10.0.18362 )"
        ],
        "x-ms-client-request-id": "02eca07d-f5fa-5f3b-f9e6-eca94f75f24c",
        "x-ms-date": "Wed, 05 Aug 2020 22:26:47 GMT",
        "x-ms-lease-action": "break",
        "x-ms-lease-id": "d9a037a4-ab0f-2af9-5589-2114f5b1ce15",
        "x-ms-return-client-request-id": "true",
        "x-ms-version": "2020-02-10"
      },
      "RequestBody": null,
      "StatusCode": 202,
      "ResponseHeaders": {
        "Content-Length": "0",
        "Date": "Wed, 05 Aug 2020 22:26:46 GMT",
        "ETag": "\u00220x8D8398EA355F472\u0022",
        "Last-Modified": "Wed, 05 Aug 2020 22:26:46 GMT",
        "Server": [
          "Windows-Azure-File/1.0",
          "Microsoft-HTTPAPI/2.0"
        ],
        "x-ms-client-request-id": "02eca07d-f5fa-5f3b-f9e6-eca94f75f24c",
        "x-ms-lease-time": "0",
        "x-ms-request-id": "e46c60fa-001a-0024-3977-6b2c62000000",
        "x-ms-version": "2020-02-10"
      },
      "ResponseBody": []
    },
    {
      "RequestUri": "https://seanmcccanary3.file.core.windows.net/test-share-4e2163d6-bd98-0138-adc5-5f6f27379154?restype=share",
      "RequestMethod": "GET",
      "RequestHeaders": {
        "Authorization": "Sanitized",
        "traceparent": "00-ccab5b8b5c856f498588ab013a6dc2d6-7e413dfcac7b3c49-00",
        "User-Agent": [
          "azsdk-net-Storage.Files.Shares/12.3.0-dev.20200805.1",
          "(.NET Core 4.6.29017.01; Microsoft Windows 10.0.18362 )"
        ],
        "x-ms-client-request-id": "1bb0936f-db37-23e0-3c22-a4e6e675ea96",
        "x-ms-date": "Wed, 05 Aug 2020 22:26:47 GMT",
        "x-ms-return-client-request-id": "true",
        "x-ms-version": "2020-02-10"
      },
      "RequestBody": null,
      "StatusCode": 200,
      "ResponseHeaders": {
        "Content-Length": "0",
        "Date": "Wed, 05 Aug 2020 22:26:46 GMT",
        "ETag": "\u00220x8D8398EA355F472\u0022",
        "Last-Modified": "Wed, 05 Aug 2020 22:26:46 GMT",
        "Server": [
          "Windows-Azure-File/1.0",
          "Microsoft-HTTPAPI/2.0"
        ],
        "x-ms-access-tier": "TransactionOptimized",
        "x-ms-access-tier-change-time": "8/5/2020 10:26:46 PM",
        "x-ms-client-request-id": "1bb0936f-db37-23e0-3c22-a4e6e675ea96",
        "x-ms-has-immutability-policy": "false",
        "x-ms-has-legal-hold": "false",
        "x-ms-lease-state": "broken",
        "x-ms-lease-status": "unlocked",
        "x-ms-request-id": "e46c60fb-001a-0024-3a77-6b2c62000000",
        "x-ms-share-quota": "5120",
        "x-ms-version": "2020-02-10"
      },
      "ResponseBody": []
    },
    {
      "RequestUri": "https://seanmcccanary3.file.core.windows.net/test-share-4e2163d6-bd98-0138-adc5-5f6f27379154?restype=share",
      "RequestMethod": "DELETE",
      "RequestHeaders": {
        "Authorization": "Sanitized",
        "traceparent": "00-18ed93e3210fb649b0e080904f89733b-2ef60ad0a5e7cb49-00",
        "User-Agent": [
          "azsdk-net-Storage.Files.Shares/12.3.0-dev.20200805.1",
          "(.NET Core 4.6.29017.01; Microsoft Windows 10.0.18362 )"
        ],
        "x-ms-client-request-id": "bb3a62fe-d7c4-4014-d965-beb7219a2fb5",
        "x-ms-date": "Wed, 05 Aug 2020 22:26:47 GMT",
        "x-ms-delete-snapshots": "include",
        "x-ms-return-client-request-id": "true",
        "x-ms-version": "2020-02-10"
      },
      "RequestBody": null,
      "StatusCode": 202,
      "ResponseHeaders": {
        "Content-Length": "0",
        "Date": "Wed, 05 Aug 2020 22:26:46 GMT",
        "Server": [
          "Windows-Azure-File/1.0",
          "Microsoft-HTTPAPI/2.0"
        ],
        "x-ms-client-request-id": "bb3a62fe-d7c4-4014-d965-beb7219a2fb5",
        "x-ms-request-id": "e46c60fc-001a-0024-3b77-6b2c62000000",
        "x-ms-version": "2020-02-10"
      },
      "ResponseBody": []
    }
  ],
  "Variables": {
    "RandomSeed": "242895521",
    "Storage_TestConfigDefault": "ProductionTenant\nseanmcccanary3\nU2FuaXRpemVk\nhttps://seanmcccanary3.blob.core.windows.net\nhttps://seanmcccanary3.file.core.windows.net\nhttps://seanmcccanary3.queue.core.windows.net\nhttps://seanmcccanary3.table.core.windows.net\n\n\n\n\nhttps://seanmcccanary3-secondary.blob.core.windows.net\nhttps://seanmcccanary3-secondary.file.core.windows.net\nhttps://seanmcccanary3-secondary.queue.core.windows.net\nhttps://seanmcccanary3-secondary.table.core.windows.net\n\nSanitized\n\n\nCloud\nBlobEndpoint=https://seanmcccanary3.blob.core.windows.net/;QueueEndpoint=https://seanmcccanary3.queue.core.windows.net/;FileEndpoint=https://seanmcccanary3.file.core.windows.net/;BlobSecondaryEndpoint=https://seanmcccanary3-secondary.blob.core.windows.net/;QueueSecondaryEndpoint=https://seanmcccanary3-secondary.queue.core.windows.net/;FileSecondaryEndpoint=https://seanmcccanary3-secondary.file.core.windows.net/;AccountName=seanmcccanary3;AccountKey=Kg==;\nseanscope1"
  }
}