{
  "Entries": [
    {
      "RequestUri": "http://seanstagetest.file.core.windows.net/test-share-f359bfc9-27e1-d3e5-67b0-7b4a7752c93b?restype=share",
      "RequestMethod": "PUT",
      "RequestHeaders": {
        "Authorization": "Sanitized",
        "traceparent": "00-2710d2b89e821741a70f2c4500fb034b-bb0ace42214c6e46-00",
        "User-Agent": [
          "azsdk-net-Storage.Files.Shares/12.0.0-dev.20191203.1\u002Bfb8a3e76e923ddd8093ad431ccf5d23b2c851a14",
          "(.NET Core 4.6.28008.01; Microsoft Windows 10.0.18363 )"
        ],
        "x-ms-client-request-id": "881811d2-94dd-df3e-acf6-f2f275af15d5",
        "x-ms-date": "Wed, 04 Dec 2019 05:17:11 GMT",
        "x-ms-return-client-request-id": "true",
        "x-ms-share-quota": "1",
        "x-ms-version": "2019-07-07"
      },
      "RequestBody": null,
      "StatusCode": 201,
      "ResponseHeaders": {
        "Content-Length": "0",
        "Date": "Wed, 04 Dec 2019 05:17:10 GMT",
        "ETag": "\u00220x8D7787937B85F36\u0022",
        "Last-Modified": "Wed, 04 Dec 2019 05:17:11 GMT",
        "Server": [
          "Windows-Azure-File/1.0",
          "Microsoft-HTTPAPI/2.0"
        ],
        "x-ms-client-request-id": "881811d2-94dd-df3e-acf6-f2f275af15d5",
        "x-ms-request-id": "b5592811-301a-000d-1d62-aa5aef000000",
        "x-ms-version": "2019-07-07"
      },
      "ResponseBody": []
    },
    {
      "RequestUri": "http://seanstagetest.file.core.windows.net/test-share-f359bfc9-27e1-d3e5-67b0-7b4a7752c93b/test-directory-cf4fa3c2-e5e8-93cd-52bf-09225a8c65d5?restype=directory",
      "RequestMethod": "PUT",
      "RequestHeaders": {
        "Authorization": "Sanitized",
        "traceparent": "00-ffe22c1844ef154eb20eafe64a3e46b0-2f5cab4f3cd7374e-00",
        "User-Agent": [
          "azsdk-net-Storage.Files.Shares/12.0.0-dev.20191203.1\u002Bfb8a3e76e923ddd8093ad431ccf5d23b2c851a14",
          "(.NET Core 4.6.28008.01; Microsoft Windows 10.0.18363 )"
        ],
        "x-ms-client-request-id": "ca96f6a8-0c42-ed5a-4385-351d8a1c841f",
        "x-ms-date": "Wed, 04 Dec 2019 05:17:11 GMT",
        "x-ms-file-attributes": "None",
        "x-ms-file-creation-time": "Now",
        "x-ms-file-last-write-time": "Now",
        "x-ms-file-permission": "Inherit",
        "x-ms-return-client-request-id": "true",
        "x-ms-version": "2019-07-07"
      },
      "RequestBody": null,
      "StatusCode": 201,
      "ResponseHeaders": {
        "Content-Length": "0",
        "Date": "Wed, 04 Dec 2019 05:17:10 GMT",
        "ETag": "\u00220x8D7787937C5D9F4\u0022",
        "Last-Modified": "Wed, 04 Dec 2019 05:17:11 GMT",
        "Server": [
          "Windows-Azure-File/1.0",
          "Microsoft-HTTPAPI/2.0"
        ],
        "x-ms-client-request-id": "ca96f6a8-0c42-ed5a-4385-351d8a1c841f",
        "x-ms-file-attributes": "Directory",
        "x-ms-file-change-time": "2019-12-04T05:17:11.8303732Z",
        "x-ms-file-creation-time": "2019-12-04T05:17:11.8303732Z",
        "x-ms-file-id": "13835128424026341376",
        "x-ms-file-last-write-time": "2019-12-04T05:17:11.8303732Z",
        "x-ms-file-parent-id": "0",
        "x-ms-file-permission-key": "7855875120676328179*422928105932735866",
        "x-ms-request-id": "b5592813-301a-000d-1e62-aa5aef000000",
        "x-ms-request-server-encrypted": "true",
        "x-ms-version": "2019-07-07"
      },
      "ResponseBody": []
    },
    {
      "RequestUri": "http://seanstagetest.file.core.windows.net/test-share-f359bfc9-27e1-d3e5-67b0-7b4a7752c93b/test-directory-cf4fa3c2-e5e8-93cd-52bf-09225a8c65d5?restype=directory",
      "RequestMethod": "GET",
      "RequestHeaders": {
        "Authorization": "Sanitized",
        "traceparent": "00-d28e2b3cd0f6174686cae36f436f84eb-7b1da3b191eb3b49-00",
        "User-Agent": [
          "azsdk-net-Storage.Files.Shares/12.0.0-dev.20191203.1\u002Bfb8a3e76e923ddd8093ad431ccf5d23b2c851a14",
          "(.NET Core 4.6.28008.01; Microsoft Windows 10.0.18363 )"
        ],
        "x-ms-client-request-id": "6379cf9b-9bf6-c893-df8b-22b50b4069be",
        "x-ms-date": "Wed, 04 Dec 2019 05:17:11 GMT",
        "x-ms-return-client-request-id": "true",
        "x-ms-version": "2019-07-07"
      },
      "RequestBody": null,
      "StatusCode": 200,
      "ResponseHeaders": {
        "Access-Control-Allow-Origin": "*",
        "Content-Length": "0",
        "Date": "Wed, 04 Dec 2019 05:17:11 GMT",
        "ETag": "\u00220x8D7787937C5D9F4\u0022",
        "Last-Modified": "Wed, 04 Dec 2019 05:17:11 GMT",
        "Server": [
          "Windows-Azure-File/1.0",
          "Microsoft-HTTPAPI/2.0"
        ],
        "x-ms-client-request-id": "6379cf9b-9bf6-c893-df8b-22b50b4069be",
        "x-ms-file-attributes": "Directory",
        "x-ms-file-change-time": "2019-12-04T05:17:11.8303732Z",
        "x-ms-file-creation-time": "2019-12-04T05:17:11.8303732Z",
        "x-ms-file-id": "13835128424026341376",
        "x-ms-file-last-write-time": "2019-12-04T05:17:11.8303732Z",
        "x-ms-file-parent-id": "0",
        "x-ms-file-permission-key": "7855875120676328179*422928105932735866",
        "x-ms-request-id": "b5592814-301a-000d-1f62-aa5aef000000",
        "x-ms-server-encrypted": "true",
        "x-ms-version": "2019-07-07"
      },
      "ResponseBody": []
    },
    {
      "RequestUri": "http://seanstagetest.file.core.windows.net/test-share-f359bfc9-27e1-d3e5-67b0-7b4a7752c93b?restype=share",
      "RequestMethod": "DELETE",
      "RequestHeaders": {
        "Authorization": "Sanitized",
        "traceparent": "00-88646acb8581904a904eabd322bd6dfe-f1802cb299b75c4e-00",
        "User-Agent": [
          "azsdk-net-Storage.Files.Shares/12.0.0-dev.20191203.1\u002Bfb8a3e76e923ddd8093ad431ccf5d23b2c851a14",
          "(.NET Core 4.6.28008.01; Microsoft Windows 10.0.18363 )"
        ],
        "x-ms-client-request-id": "bb825e36-20a2-f529-8955-5cab8ce57504",
        "x-ms-date": "Wed, 04 Dec 2019 05:17:11 GMT",
        "x-ms-delete-snapshots": "include",
        "x-ms-return-client-request-id": "true",
        "x-ms-version": "2019-07-07"
      },
      "RequestBody": null,
      "StatusCode": 202,
      "ResponseHeaders": {
        "Content-Length": "0",
        "Date": "Wed, 04 Dec 2019 05:17:11 GMT",
        "Server": [
          "Windows-Azure-File/1.0",
          "Microsoft-HTTPAPI/2.0"
        ],
        "x-ms-client-request-id": "bb825e36-20a2-f529-8955-5cab8ce57504",
        "x-ms-request-id": "b5592818-301a-000d-2362-aa5aef000000",
        "x-ms-version": "2019-07-07"
      },
      "ResponseBody": []
    }
  ],
  "Variables": {
    "RandomSeed": "898808144",
    "Storage_TestConfigDefault": "ProductionTenant\nseanstagetest\nU2FuaXRpemVk\nhttp://seanstagetest.blob.core.windows.net\nhttp://seanstagetest.file.core.windows.net\nhttp://seanstagetest.queue.core.windows.net\nhttp://seanstagetest.table.core.windows.net\n\n\n\n\nhttp://seanstagetest-secondary.blob.core.windows.net\nhttp://seanstagetest-secondary.file.core.windows.net\nhttp://seanstagetest-secondary.queue.core.windows.net\nhttp://seanstagetest-secondary.table.core.windows.net\n\nSanitized\n\n\nCloud\nBlobEndpoint=http://seanstagetest.blob.core.windows.net/;QueueEndpoint=http://seanstagetest.queue.core.windows.net/;FileEndpoint=http://seanstagetest.file.core.windows.net/;BlobSecondaryEndpoint=http://seanstagetest-secondary.blob.core.windows.net/;QueueSecondaryEndpoint=http://seanstagetest-secondary.queue.core.windows.net/;FileSecondaryEndpoint=http://seanstagetest-secondary.file.core.windows.net/;AccountName=seanstagetest;AccountKey=Sanitized"
  }
}