{
  "Entries": [
    {
      "RequestUri": "https://seanmcccanada.file.core.windows.net/test-share-85829b35-ef27-7dc5-282e-29842c595eb1?restype=share",
      "RequestMethod": "PUT",
      "RequestHeaders": {
        "Authorization": "Sanitized",
        "traceparent": "00-cc13e50380087c4bae7e580f4b010b1e-b072e9676c4ecc4c-00",
        "User-Agent": [
          "azsdk-net-Storage.Files.Shares/12.5.0-alpha.20201014.1",
          "(.NET Core 4.6.29220.03; Microsoft Windows 10.0.19042 )"
        ],
        "x-ms-client-request-id": "66984c07-2bb1-96c1-b3ec-c80702616116",
        "x-ms-date": "Wed, 14 Oct 2020 23:18:49 GMT",
        "x-ms-return-client-request-id": "true",
         "x-ms-version": "2020-08-04",
        "Accept": "application/xml"
      },
      "RequestBody": null,
      "StatusCode": 201,
      "ResponseHeaders": {
        "Content-Length": "0",
        "Date": "Wed, 14 Oct 2020 23:18:50 GMT",
        "ETag": "\"0x8D87097829E876C\"",
        "Last-Modified": "Wed, 14 Oct 2020 23:18:50 GMT",
        "Server": [
          "Windows-Azure-File/1.0",
          "Microsoft-HTTPAPI/2.0"
        ],
        "x-ms-client-request-id": "66984c07-2bb1-96c1-b3ec-c80702616116",
        "x-ms-request-id": "c8b25eff-d01a-0012-5380-a2ea52000000",
         "x-ms-version": "2020-08-04"
      },
      "ResponseBody": []
    },
    {
      "RequestUri": "https://seanmcccanada.file.core.windows.net/test-share-85829b35-ef27-7dc5-282e-29842c595eb1?restype=share",
      "RequestMethod": "DELETE",
      "RequestHeaders": {
        "Authorization": "Sanitized",
        "traceparent": "00-5d27d3e4e95b5a4f9c6bfd1f1556ef90-8e355ac8a61d6149-00",
        "User-Agent": [
          "azsdk-net-Storage.Files.Shares/12.5.0-alpha.20201014.1",
          "(.NET Core 4.6.29220.03; Microsoft Windows 10.0.19042 )"
        ],
        "x-ms-client-request-id": "39257799-d442-b75d-9809-4926b0953458",
        "x-ms-date": "Wed, 14 Oct 2020 23:18:49 GMT",
        "x-ms-lease-id": "13ddad45-4f07-8fb3-1c8b-7a2c625b9608",
        "x-ms-return-client-request-id": "true",
         "x-ms-version": "2020-08-04",
        "Accept": "application/xml"
      },
      "RequestBody": null,
      "StatusCode": 412,
      "ResponseHeaders": {
        "Content-Length": "252",
        "Content-Type": "application/xml",
        "Date": "Wed, 14 Oct 2020 23:18:50 GMT",
        "Server": [
          "Windows-Azure-File/1.0",
          "Microsoft-HTTPAPI/2.0"
        ],
        "x-ms-client-request-id": "39257799-d442-b75d-9809-4926b0953458",
        "x-ms-error-code": "LeaseNotPresentWithContainerOperation",
        "x-ms-request-id": "c8b25f02-d01a-0012-5480-a2ea52000000",
         "x-ms-version": "2020-08-04"
      },
      "ResponseBody": [
        "﻿<?xml version=\"1.0\" encoding=\"utf-8\"?><Error><Code>LeaseNotPresentWithContainerOperation</Code><Message>There is currently no lease on the file share.\n",
        "RequestId:c8b25f02-d01a-0012-5480-a2ea52000000\n",
        "Time:2020-10-14T23:18:50.7555821Z</Message></Error>"
      ]
    },
    {
      "RequestUri": "https://seanmcccanada.file.core.windows.net/test-share-85829b35-ef27-7dc5-282e-29842c595eb1?restype=share",
      "RequestMethod": "DELETE",
      "RequestHeaders": {
        "Authorization": "Sanitized",
        "traceparent": "00-3a8bc12bd695b447b5cd5b7f8b605b3f-41803bb966a6a94e-00",
        "User-Agent": [
          "azsdk-net-Storage.Files.Shares/12.5.0-alpha.20201014.1",
          "(.NET Core 4.6.29220.03; Microsoft Windows 10.0.19042 )"
        ],
        "x-ms-client-request-id": "eb92d196-5c35-72c5-67c5-47b8aedad415",
        "x-ms-date": "Wed, 14 Oct 2020 23:18:49 GMT",
        "x-ms-delete-snapshots": "include",
        "x-ms-return-client-request-id": "true",
         "x-ms-version": "2020-08-04",
        "Accept": "application/xml"
      },
      "RequestBody": null,
      "StatusCode": 202,
      "ResponseHeaders": {
        "Content-Length": "0",
        "Date": "Wed, 14 Oct 2020 23:18:50 GMT",
        "Server": [
          "Windows-Azure-File/1.0",
          "Microsoft-HTTPAPI/2.0"
        ],
        "x-ms-client-request-id": "eb92d196-5c35-72c5-67c5-47b8aedad415",
        "x-ms-request-id": "c8b25f03-d01a-0012-5580-a2ea52000000",
         "x-ms-version": "2020-08-04"
      },
      "ResponseBody": []
    }
  ],
  "Variables": {
    "RandomSeed": "1006262717",
    "Storage_TestConfigDefault": "ProductionTenant\nseanmcccanada\nU2FuaXRpemVk\nhttps://seanmcccanada.blob.core.windows.net\nhttps://seanmcccanada.file.core.windows.net\nhttps://seanmcccanada.queue.core.windows.net\nhttps://seanmcccanada.table.core.windows.net\n\n\n\n\nhttps://seanmcccanada-secondary.blob.core.windows.net\nhttps://seanmcccanada-secondary.file.core.windows.net\nhttps://seanmcccanada-secondary.queue.core.windows.net\nhttps://seanmcccanada-secondary.table.core.windows.net\n\nSanitized\n\n\nCloud\nBlobEndpoint=https://seanmcccanada.blob.core.windows.net/;QueueEndpoint=https://seanmcccanada.queue.core.windows.net/;FileEndpoint=https://seanmcccanada.file.core.windows.net/;BlobSecondaryEndpoint=https://seanmcccanada-secondary.blob.core.windows.net/;QueueSecondaryEndpoint=https://seanmcccanada-secondary.queue.core.windows.net/;FileSecondaryEndpoint=https://seanmcccanada-secondary.file.core.windows.net/;AccountName=seanmcccanada;AccountKey=Kg==;\nseanscope1"
  }
}