{
  "Entries": [
    {
      "RequestUri": "https://seanmcccanary3.file.core.windows.net/test-share-19ade85a-75d1-ae56-c205-1657cb97bf49?restype=share",
      "RequestMethod": "PUT",
      "RequestHeaders": {
        "Authorization": "Sanitized",
        "traceparent": "00-4adcd21e6d79eb40820b0870bb194277-6ab2800e26b8ce40-00",
        "User-Agent": [
          "azsdk-net-Storage.Files.Shares/12.3.0-dev.20200805.1",
          "(.NET Core 4.6.29017.01; Microsoft Windows 10.0.18362 )"
        ],
        "x-ms-client-request-id": "b0cdb300-5d10-54b4-3144-2a726f863a52",
        "x-ms-date": "Wed, 05 Aug 2020 22:26:53 GMT",
        "x-ms-return-client-request-id": "true",
        "x-ms-version": "2020-02-10"
      },
      "RequestBody": null,
      "StatusCode": 201,
      "ResponseHeaders": {
        "Content-Length": "0",
        "Date": "Wed, 05 Aug 2020 22:26:52 GMT",
        "ETag": "\u00220x8D8398EA71F6BD6\u0022",
        "Last-Modified": "Wed, 05 Aug 2020 22:26:52 GMT",
        "Server": [
          "Windows-Azure-File/1.0",
          "Microsoft-HTTPAPI/2.0"
        ],
        "x-ms-client-request-id": "b0cdb300-5d10-54b4-3144-2a726f863a52",
        "x-ms-request-id": "acf1c45b-801a-0083-2877-6bc4a0000000",
        "x-ms-version": "2020-02-10"
      },
      "ResponseBody": []
    },
    {
      "RequestUri": "https://seanmcccanary3.file.core.windows.net/test-share-19ade85a-75d1-ae56-c205-1657cb97bf49?comp=lease\u0026restype=share",
      "RequestMethod": "PUT",
      "RequestHeaders": {
        "Authorization": "Sanitized",
        "traceparent": "00-16865f24fa71d645847286dbfaa5647e-c3d5c3c718b97b48-00",
        "User-Agent": [
          "azsdk-net-Storage.Files.Shares/12.3.0-dev.20200805.1",
          "(.NET Core 4.6.29017.01; Microsoft Windows 10.0.18362 )"
        ],
        "x-ms-client-request-id": "5badc31e-ac76-a37d-5c1d-3420423bf411",
        "x-ms-date": "Wed, 05 Aug 2020 22:26:53 GMT",
        "x-ms-lease-action": "acquire",
        "x-ms-lease-duration": "-1",
        "x-ms-proposed-lease-id": "b2ec8c88-5d19-b056-7bf0-1b785f1fc760",
        "x-ms-return-client-request-id": "true",
        "x-ms-version": "2020-02-10"
      },
      "RequestBody": null,
      "StatusCode": 201,
      "ResponseHeaders": {
        "Content-Length": "0",
        "Date": "Wed, 05 Aug 2020 22:26:53 GMT",
        "ETag": "\u00220x8D8398EA71F6BD6\u0022",
        "Last-Modified": "Wed, 05 Aug 2020 22:26:52 GMT",
        "Server": [
          "Windows-Azure-File/1.0",
          "Microsoft-HTTPAPI/2.0"
        ],
        "x-ms-client-request-id": "5badc31e-ac76-a37d-5c1d-3420423bf411",
        "x-ms-lease-id": "b2ec8c88-5d19-b056-7bf0-1b785f1fc760",
        "x-ms-request-id": "acf1c45e-801a-0083-2977-6bc4a0000000",
        "x-ms-version": "2020-02-10"
      },
      "ResponseBody": []
    },
    {
      "RequestUri": "https://seanmcccanary3.file.core.windows.net/test-share-19ade85a-75d1-ae56-c205-1657cb97bf49?restype=share",
      "RequestMethod": "DELETE",
      "RequestHeaders": {
        "Authorization": "Sanitized",
        "traceparent": "00-696b7929dcbe7343ac083fa2c00eae34-b446347dba03304b-00",
        "User-Agent": [
          "azsdk-net-Storage.Files.Shares/12.3.0-dev.20200805.1",
          "(.NET Core 4.6.29017.01; Microsoft Windows 10.0.18362 )"
        ],
        "x-ms-client-request-id": "9c5aa3a3-6b71-fae9-01b3-bbacda189da4",
        "x-ms-date": "Wed, 05 Aug 2020 22:26:54 GMT",
        "x-ms-delete-snapshots": "include",
        "x-ms-lease-id": "b2ec8c88-5d19-b056-7bf0-1b785f1fc760",
        "x-ms-return-client-request-id": "true",
        "x-ms-version": "2020-02-10"
      },
      "RequestBody": null,
      "StatusCode": 202,
      "ResponseHeaders": {
        "Content-Length": "0",
        "Date": "Wed, 05 Aug 2020 22:26:53 GMT",
        "Server": [
          "Windows-Azure-File/1.0",
          "Microsoft-HTTPAPI/2.0"
        ],
        "x-ms-client-request-id": "9c5aa3a3-6b71-fae9-01b3-bbacda189da4",
        "x-ms-request-id": "acf1c460-801a-0083-2a77-6bc4a0000000",
        "x-ms-version": "2020-02-10"
      },
      "ResponseBody": []
    }
  ],
  "Variables": {
    "RandomSeed": "1798559023",
    "Storage_TestConfigDefault": "ProductionTenant\nseanmcccanary3\nU2FuaXRpemVk\nhttps://seanmcccanary3.blob.core.windows.net\nhttps://seanmcccanary3.file.core.windows.net\nhttps://seanmcccanary3.queue.core.windows.net\nhttps://seanmcccanary3.table.core.windows.net\n\n\n\n\nhttps://seanmcccanary3-secondary.blob.core.windows.net\nhttps://seanmcccanary3-secondary.file.core.windows.net\nhttps://seanmcccanary3-secondary.queue.core.windows.net\nhttps://seanmcccanary3-secondary.table.core.windows.net\n\nSanitized\n\n\nCloud\nBlobEndpoint=https://seanmcccanary3.blob.core.windows.net/;QueueEndpoint=https://seanmcccanary3.queue.core.windows.net/;FileEndpoint=https://seanmcccanary3.file.core.windows.net/;BlobSecondaryEndpoint=https://seanmcccanary3-secondary.blob.core.windows.net/;QueueSecondaryEndpoint=https://seanmcccanary3-secondary.queue.core.windows.net/;FileSecondaryEndpoint=https://seanmcccanary3-secondary.file.core.windows.net/;AccountName=seanmcccanary3;AccountKey=Kg==;\nseanscope1"
  }
}