{
  "Entries": [
    {
      "RequestUri": "https://seanmcccanary3.file.core.windows.net/test-share-451175bc-82ef-a698-f513-a666fd511050?restype=share",
      "RequestMethod": "PUT",
      "RequestHeaders": {
        "Authorization": "Sanitized",
        "traceparent": "00-a3876367662e9344a46edb5a1095a780-c0288427ccb14847-00",
        "User-Agent": [
          "azsdk-net-Storage.Files.Shares/12.5.0-alpha.20201013.1",
          "(.NET Core 4.6.29220.03; Microsoft Windows 10.0.19042 )"
        ],
        "x-ms-client-request-id": "641ff660-d192-0c28-fd0d-44882dd5e1f2",
        "x-ms-date": "Tue, 13 Oct 2020 15:22:49 GMT",
        "x-ms-return-client-request-id": "true",
        "x-ms-version": "2020-04-08"
      },
      "RequestBody": null,
      "StatusCode": 201,
      "ResponseHeaders": {
        "Content-Length": "0",
        "Date": "Tue, 13 Oct 2020 15:22:51 GMT",
        "ETag": "\u00220x8D86F8BD9E0B0FA\u0022",
        "Last-Modified": "Tue, 13 Oct 2020 15:22:51 GMT",
        "Server": [
          "Windows-Azure-File/1.0",
          "Microsoft-HTTPAPI/2.0"
        ],
        "x-ms-client-request-id": "641ff660-d192-0c28-fd0d-44882dd5e1f2",
        "x-ms-request-id": "c3b30332-201a-007e-7e74-a14a85000000",
        "x-ms-version": "2020-04-08"
      },
      "ResponseBody": []
    },
    {
      "RequestUri": "https://seanmcccanary3.file.core.windows.net/test-share-451175bc-82ef-a698-f513-a666fd511050?restype=share",
      "RequestMethod": "DELETE",
      "RequestHeaders": {
        "Authorization": "Sanitized",
        "traceparent": "00-b61d09440964b94f8db586005dcfb8b9-95e7d0ea974c734a-00",
        "User-Agent": [
          "azsdk-net-Storage.Files.Shares/12.5.0-alpha.20201013.1",
          "(.NET Core 4.6.29220.03; Microsoft Windows 10.0.19042 )"
        ],
        "x-ms-client-request-id": "295ac73e-7c00-86c2-279b-901dde5943b1",
        "x-ms-date": "Tue, 13 Oct 2020 15:22:51 GMT",
        "x-ms-delete-snapshots": "include",
        "x-ms-lease-id": "bb7195f2-dafc-84cf-d475-f2cfc84ce683",
        "x-ms-return-client-request-id": "true",
        "x-ms-version": "2020-04-08"
      },
      "RequestBody": null,
      "StatusCode": 412,
      "ResponseHeaders": {
        "Content-Length": "252",
        "Content-Type": "application/xml",
        "Date": "Tue, 13 Oct 2020 15:22:51 GMT",
        "Server": [
          "Windows-Azure-File/1.0",
          "Microsoft-HTTPAPI/2.0"
        ],
        "x-ms-client-request-id": "295ac73e-7c00-86c2-279b-901dde5943b1",
        "x-ms-error-code": "LeaseNotPresentWithContainerOperation",
        "x-ms-request-id": "c3b3033a-201a-007e-0374-a14a85000000",
        "x-ms-version": "2020-04-08"
      },
      "ResponseBody": [
        "\uFEFF\u003C?xml version=\u00221.0\u0022 encoding=\u0022utf-8\u0022?\u003E\u003CError\u003E\u003CCode\u003ELeaseNotPresentWithContainerOperation\u003C/Code\u003E\u003CMessage\u003EThere is currently no lease on the file share.\n",
        "RequestId:c3b3033a-201a-007e-0374-a14a85000000\n",
        "Time:2020-10-13T15:22:52.2906185Z\u003C/Message\u003E\u003C/Error\u003E"
      ]
    },
    {
      "RequestUri": "https://seanmcccanary3.file.core.windows.net/test-share-451175bc-82ef-a698-f513-a666fd511050?restype=share",
      "RequestMethod": "DELETE",
      "RequestHeaders": {
        "Authorization": "Sanitized",
        "traceparent": "00-2d68a725db0d894592a8fd0668bcffe9-7c3d7df847e78243-00",
        "User-Agent": [
          "azsdk-net-Storage.Files.Shares/12.5.0-alpha.20201013.1",
          "(.NET Core 4.6.29220.03; Microsoft Windows 10.0.19042 )"
        ],
        "x-ms-client-request-id": "01917405-bcf2-5f83-2380-df961ba19a94",
        "x-ms-date": "Tue, 13 Oct 2020 15:22:51 GMT",
        "x-ms-delete-snapshots": "include",
        "x-ms-return-client-request-id": "true",
        "x-ms-version": "2020-04-08"
      },
      "RequestBody": null,
      "StatusCode": 202,
      "ResponseHeaders": {
        "Content-Length": "0",
        "Date": "Tue, 13 Oct 2020 15:22:51 GMT",
        "Server": [
          "Windows-Azure-File/1.0",
          "Microsoft-HTTPAPI/2.0"
        ],
        "x-ms-client-request-id": "01917405-bcf2-5f83-2380-df961ba19a94",
        "x-ms-request-id": "c3b3033b-201a-007e-0474-a14a85000000",
        "x-ms-version": "2020-04-08"
      },
      "ResponseBody": []
    }
  ],
  "Variables": {
    "RandomSeed": "211026567",
    "Storage_TestConfigDefault": "ProductionTenant\nseanmcccanary3\nU2FuaXRpemVk\nhttps://seanmcccanary3.blob.core.windows.net\nhttps://seanmcccanary3.file.core.windows.net\nhttps://seanmcccanary3.queue.core.windows.net\nhttps://seanmcccanary3.table.core.windows.net\n\n\n\n\nhttps://seanmcccanary3-secondary.blob.core.windows.net\nhttps://seanmcccanary3-secondary.file.core.windows.net\nhttps://seanmcccanary3-secondary.queue.core.windows.net\nhttps://seanmcccanary3-secondary.table.core.windows.net\n\nSanitized\n\n\nCloud\nBlobEndpoint=https://seanmcccanary3.blob.core.windows.net/;QueueEndpoint=https://seanmcccanary3.queue.core.windows.net/;FileEndpoint=https://seanmcccanary3.file.core.windows.net/;BlobSecondaryEndpoint=https://seanmcccanary3-secondary.blob.core.windows.net/;QueueSecondaryEndpoint=https://seanmcccanary3-secondary.queue.core.windows.net/;FileSecondaryEndpoint=https://seanmcccanary3-secondary.file.core.windows.net/;AccountName=seanmcccanary3;AccountKey=Kg==;\nseanscope1"
  }
}