{
  "Entries": [
    {
      "RequestUri": "http://seanstagetest.file.core.windows.net/test-share-7b26b5bd-30d7-00e6-7790-01d0397f8da6?restype=share",
      "RequestMethod": "PUT",
      "RequestHeaders": {
        "Authorization": "Sanitized",
        "traceparent": "00-7e8df50c8e864246b18db12102f931f1-d7538929be72ee44-00",
        "User-Agent": [
          "azsdk-net-Storage.Files.Shares/12.0.0-dev.20191205.1\u002Bbcc7ff3f89054c1f852e74087cb37cd8a1dde912",
          "(.NET Core 4.6.28008.01; Microsoft Windows 10.0.18363 )"
        ],
        "x-ms-client-request-id": "bf671860-b8bf-a4b0-6b7c-946b70822886",
        "x-ms-date": "Fri, 06 Dec 2019 00:55:21 GMT",
        "x-ms-return-client-request-id": "true",
        "x-ms-share-quota": "1",
        "x-ms-version": "2019-07-07"
      },
      "RequestBody": null,
      "StatusCode": 201,
      "ResponseHeaders": {
        "Content-Length": "0",
        "Date": "Fri, 06 Dec 2019 00:55:20 GMT",
        "ETag": "\u00220x8D779E6F8781F45\u0022",
        "Last-Modified": "Fri, 06 Dec 2019 00:55:21 GMT",
        "Server": [
          "Windows-Azure-File/1.0",
          "Microsoft-HTTPAPI/2.0"
        ],
        "x-ms-client-request-id": "bf671860-b8bf-a4b0-6b7c-946b70822886",
        "x-ms-request-id": "6a22e475-f01a-003d-33cf-abe420000000",
        "x-ms-version": "2019-07-07"
      },
      "ResponseBody": []
    },
    {
      "RequestUri": "http://seanstagetest.file.core.windows.net/test-share-7b26b5bd-30d7-00e6-7790-01d0397f8da6?restype=share\u0026comp=acl",
      "RequestMethod": "PUT",
      "RequestHeaders": {
        "Authorization": "Sanitized",
        "Content-Length": "249",
        "Content-Type": "application/xml",
        "traceparent": "00-5d88ada2ccb43e479bc9e375f00e0a09-82eb0f3242b49341-00",
        "User-Agent": [
          "azsdk-net-Storage.Files.Shares/12.0.0-dev.20191205.1\u002Bbcc7ff3f89054c1f852e74087cb37cd8a1dde912",
          "(.NET Core 4.6.28008.01; Microsoft Windows 10.0.18363 )"
        ],
        "x-ms-client-request-id": "9aeaf2f6-85cc-0b81-84bf-6086f82b06b6",
        "x-ms-date": "Fri, 06 Dec 2019 00:55:21 GMT",
        "x-ms-return-client-request-id": "true",
        "x-ms-version": "2019-07-07"
      },
      "RequestBody": "\u003CSignedIdentifiers\u003E\u003CSignedIdentifier\u003E\u003CId\u003Erdcierrvuujshjjgjwbk\u003C/Id\u003E\u003CAccessPolicy\u003E\u003CStart\u003E2019-12-05T23:55:21.5026673Z\u003C/Start\u003E\u003CExpiry\u003E2019-12-06T01:55:21.5026673Z\u003C/Expiry\u003E\u003CPermission\u003Erw\u003C/Permission\u003E\u003C/AccessPolicy\u003E\u003C/SignedIdentifier\u003E\u003C/SignedIdentifiers\u003E",
      "StatusCode": 200,
      "ResponseHeaders": {
        "Content-Length": "0",
        "Date": "Fri, 06 Dec 2019 00:55:21 GMT",
        "ETag": "\u00220x8D779E6F890B645\u0022",
        "Last-Modified": "Fri, 06 Dec 2019 00:55:21 GMT",
        "Server": [
          "Windows-Azure-File/1.0",
          "Microsoft-HTTPAPI/2.0"
        ],
        "x-ms-client-request-id": "9aeaf2f6-85cc-0b81-84bf-6086f82b06b6",
        "x-ms-request-id": "6a22e477-f01a-003d-34cf-abe420000000",
        "x-ms-version": "2019-07-07"
      },
      "ResponseBody": []
    },
    {
      "RequestUri": "http://seanstagetest.file.core.windows.net/test-share-7b26b5bd-30d7-00e6-7790-01d0397f8da6?restype=share\u0026comp=acl",
      "RequestMethod": "GET",
      "RequestHeaders": {
        "Authorization": "Sanitized",
        "traceparent": "00-553abeb0bf2feb41ab7e675258e6506f-53979e3c0b845742-00",
        "User-Agent": [
          "azsdk-net-Storage.Files.Shares/12.0.0-dev.20191205.1\u002Bbcc7ff3f89054c1f852e74087cb37cd8a1dde912",
          "(.NET Core 4.6.28008.01; Microsoft Windows 10.0.18363 )"
        ],
        "x-ms-client-request-id": "7372a270-d5cf-9254-4ddb-363e05b40e1b",
        "x-ms-date": "Fri, 06 Dec 2019 00:55:21 GMT",
        "x-ms-return-client-request-id": "true",
        "x-ms-version": "2019-07-07"
      },
      "RequestBody": null,
      "StatusCode": 200,
      "ResponseHeaders": {
        "Access-Control-Allow-Origin": "*",
        "Content-Type": "application/xml",
        "Date": "Fri, 06 Dec 2019 00:55:21 GMT",
        "ETag": "\u00220x8D779E6F890B645\u0022",
        "Last-Modified": "Fri, 06 Dec 2019 00:55:21 GMT",
        "Server": [
          "Windows-Azure-File/1.0",
          "Microsoft-HTTPAPI/2.0"
        ],
        "Transfer-Encoding": "chunked",
        "x-ms-client-request-id": "7372a270-d5cf-9254-4ddb-363e05b40e1b",
        "x-ms-request-id": "6a22e478-f01a-003d-35cf-abe420000000",
        "x-ms-version": "2019-07-07"
      },
      "ResponseBody": "\uFEFF\u003C?xml version=\u00221.0\u0022 encoding=\u0022utf-8\u0022?\u003E\u003CSignedIdentifiers\u003E\u003CSignedIdentifier\u003E\u003CId\u003Erdcierrvuujshjjgjwbk\u003C/Id\u003E\u003CAccessPolicy\u003E\u003CStart\u003E2019-12-05T23:55:21.5026673Z\u003C/Start\u003E\u003CExpiry\u003E2019-12-06T01:55:21.5026673Z\u003C/Expiry\u003E\u003CPermission\u003Erw\u003C/Permission\u003E\u003C/AccessPolicy\u003E\u003C/SignedIdentifier\u003E\u003C/SignedIdentifiers\u003E"
    },
    {
      "RequestUri": "http://seanstagetest.file.core.windows.net/test-share-7b26b5bd-30d7-00e6-7790-01d0397f8da6?restype=share",
      "RequestMethod": "DELETE",
      "RequestHeaders": {
        "Authorization": "Sanitized",
        "traceparent": "00-a9ae5e7f69459e4dba7eb48baea70ddd-b5b204c406135d4c-00",
        "User-Agent": [
          "azsdk-net-Storage.Files.Shares/12.0.0-dev.20191205.1\u002Bbcc7ff3f89054c1f852e74087cb37cd8a1dde912",
          "(.NET Core 4.6.28008.01; Microsoft Windows 10.0.18363 )"
        ],
        "x-ms-client-request-id": "5515828a-93b9-3ce7-b2dc-6fd728fef2d6",
        "x-ms-date": "Fri, 06 Dec 2019 00:55:21 GMT",
        "x-ms-delete-snapshots": "include",
        "x-ms-return-client-request-id": "true",
        "x-ms-version": "2019-07-07"
      },
      "RequestBody": null,
      "StatusCode": 202,
      "ResponseHeaders": {
        "Content-Length": "0",
        "Date": "Fri, 06 Dec 2019 00:55:21 GMT",
        "Server": [
          "Windows-Azure-File/1.0",
          "Microsoft-HTTPAPI/2.0"
        ],
        "x-ms-client-request-id": "5515828a-93b9-3ce7-b2dc-6fd728fef2d6",
        "x-ms-request-id": "6a22e479-f01a-003d-36cf-abe420000000",
        "x-ms-version": "2019-07-07"
      },
      "ResponseBody": []
    }
  ],
  "Variables": {
    "DateTimeOffsetNow": "2019-12-05T16:55:21.5026673-08:00",
    "RandomSeed": "734257908",
    "Storage_TestConfigDefault": "ProductionTenant\nseanstagetest\nU2FuaXRpemVk\nhttp://seanstagetest.blob.core.windows.net\nhttp://seanstagetest.file.core.windows.net\nhttp://seanstagetest.queue.core.windows.net\nhttp://seanstagetest.table.core.windows.net\n\n\n\n\nhttp://seanstagetest-secondary.blob.core.windows.net\nhttp://seanstagetest-secondary.file.core.windows.net\nhttp://seanstagetest-secondary.queue.core.windows.net\nhttp://seanstagetest-secondary.table.core.windows.net\n\nSanitized\n\n\nCloud\nBlobEndpoint=http://seanstagetest.blob.core.windows.net/;QueueEndpoint=http://seanstagetest.queue.core.windows.net/;FileEndpoint=http://seanstagetest.file.core.windows.net/;BlobSecondaryEndpoint=http://seanstagetest-secondary.blob.core.windows.net/;QueueSecondaryEndpoint=http://seanstagetest-secondary.queue.core.windows.net/;FileSecondaryEndpoint=http://seanstagetest-secondary.file.core.windows.net/;AccountName=seanstagetest;AccountKey=Sanitized"
  }
}