{
  "Entries": [
    {
      "RequestUri": "http://e88xscnapdz5ptf01d.file.preprod.core.windows.net/test-share-56fa4936-abbe-19ec-46bf-0477aa6e0826?restype=share",
      "RequestMethod": "PUT",
      "RequestHeaders": {
        "Authorization": "Sanitized",
        "traceparent": "00-fd6bfd52e0e81544987bd7d1986ba178-9ec28cb37de09949-00",
        "User-Agent": [
          "azsdk-net-Storage.Files.Shares/12.0.0-dev.20191204.1\u002B5028d723e0cdeb10a227db4dee6ed6afa7cb4fa8",
          "(.NET Core 4.6.28008.01; Microsoft Windows 10.0.18363 )"
        ],
        "x-ms-client-request-id": "f3525dc2-55ed-cd98-7877-80538e01b39a",
        "x-ms-date": "Wed, 04 Dec 2019 23:03:01 GMT",
        "x-ms-return-client-request-id": "true",
        "x-ms-version": "2019-07-07"
      },
      "RequestBody": null,
      "StatusCode": 201,
      "ResponseHeaders": {
        "Date": "Wed, 04 Dec 2019 23:03:01 GMT",
        "ETag": "\u00220x8D7790E1CB9560F\u0022",
        "Last-Modified": "Wed, 04 Dec 2019 23:03:01 GMT",
        "Server": [
          "Windows-Azure-File/1.0",
          "Microsoft-HTTPAPI/2.0"
        ],
        "Transfer-Encoding": "chunked",
        "x-ms-client-request-id": "f3525dc2-55ed-cd98-7877-80538e01b39a",
        "x-ms-request-id": "d2cbbc22-101a-0037-3ff6-aa4163000000",
        "x-ms-version": "2019-07-07"
      },
      "ResponseBody": []
    },
    {
      "RequestUri": "http://e88xscnapdz5ptf01d.file.preprod.core.windows.net/test-share-56fa4936-abbe-19ec-46bf-0477aa6e0826?restype=share",
      "RequestMethod": "GET",
      "RequestHeaders": {
        "Authorization": "Sanitized",
        "traceparent": "00-33e59526440d9b45a8c019ddaac71075-a256b7373970ce4b-00",
        "User-Agent": [
          "azsdk-net-Storage.Files.Shares/12.0.0-dev.20191204.1\u002B5028d723e0cdeb10a227db4dee6ed6afa7cb4fa8",
          "(.NET Core 4.6.28008.01; Microsoft Windows 10.0.18363 )"
        ],
        "x-ms-client-request-id": "4cb47bec-141c-1e38-536d-b8125414ec60",
        "x-ms-date": "Wed, 04 Dec 2019 23:03:01 GMT",
        "x-ms-return-client-request-id": "true",
        "x-ms-version": "2019-07-07"
      },
      "RequestBody": null,
      "StatusCode": 200,
      "ResponseHeaders": {
        "Date": "Wed, 04 Dec 2019 23:03:01 GMT",
        "ETag": "\u00220x8D7790E1CB9560F\u0022",
        "Last-Modified": "Wed, 04 Dec 2019 23:03:01 GMT",
        "Server": [
          "Windows-Azure-File/1.0",
          "Microsoft-HTTPAPI/2.0"
        ],
        "Transfer-Encoding": "chunked",
        "x-ms-client-request-id": "4cb47bec-141c-1e38-536d-b8125414ec60",
        "x-ms-enabled-protocols": "SMB",
        "x-ms-has-immutability-policy": "false",
        "x-ms-has-legal-hold": "false",
        "x-ms-request-id": "d2cbbc24-101a-0037-40f6-aa4163000000",
        "x-ms-share-next-allowed-quota-downgrade-time": "Wed, 04 Dec 2019 23:03:01 GMT",
        "x-ms-share-provisioned-egress-mbps": "66",
        "x-ms-share-provisioned-ingress-mbps": "44",
        "x-ms-share-provisioned-iops": "100",
        "x-ms-share-quota": "100",
        "x-ms-version": "2019-07-07"
      },
      "ResponseBody": []
    },
    {
      "RequestUri": "http://e88xscnapdz5ptf01d.file.preprod.core.windows.net/test-share-56fa4936-abbe-19ec-46bf-0477aa6e0826?restype=share",
      "RequestMethod": "DELETE",
      "RequestHeaders": {
        "Authorization": "Sanitized",
        "traceparent": "00-14e0361dcc091a448dbd30e1a37f550f-4923eb50b966264e-00",
        "User-Agent": [
          "azsdk-net-Storage.Files.Shares/12.0.0-dev.20191204.1\u002B5028d723e0cdeb10a227db4dee6ed6afa7cb4fa8",
          "(.NET Core 4.6.28008.01; Microsoft Windows 10.0.18363 )"
        ],
        "x-ms-client-request-id": "1266acf3-664c-107e-d24d-5d6a510f0dcd",
        "x-ms-date": "Wed, 04 Dec 2019 23:03:01 GMT",
        "x-ms-delete-snapshots": "include",
        "x-ms-return-client-request-id": "true",
        "x-ms-version": "2019-07-07"
      },
      "RequestBody": null,
      "StatusCode": 202,
      "ResponseHeaders": {
        "Date": "Wed, 04 Dec 2019 23:03:01 GMT",
        "Server": [
          "Windows-Azure-File/1.0",
          "Microsoft-HTTPAPI/2.0"
        ],
        "Transfer-Encoding": "chunked",
        "x-ms-client-request-id": "1266acf3-664c-107e-d24d-5d6a510f0dcd",
        "x-ms-request-id": "d2cbbc25-101a-0037-41f6-aa4163000000",
        "x-ms-version": "2019-07-07"
      },
      "ResponseBody": []
    }
  ],
  "Variables": {
    "RandomSeed": "973155015",
    "Storage_TestConfigPremiumBlob": "PremiumBlobTenant\ne88xscnapdz5ptf01d\nU2FuaXRpemVk\nhttp://e88xscnapdz5ptf01d.blob.preprod.core.windows.net\nhttp://e88xscnapdz5ptf01d.file.preprod.core.windows.net\nhttp://e88xscnapdz5ptf01d.queue.preprod.core.windows.net\nhttp://e88xscnapdz5ptf01d.table.preprod.core.windows.net\n\n\n\n\nhttp://e88xscnapdz5ptf01d-secondary.blob.preprod.core.windows.net\nhttp://e88xscnapdz5ptf01d-secondary.file.preprod.core.windows.net\nhttp://e88xscnapdz5ptf01d-secondary.queue.preprod.core.windows.net\nhttp://e88xscnapdz5ptf01d-secondary.table.preprod.core.windows.net\n\nSanitized\n\n\nCloud\nBlobEndpoint=http://e88xscnapdz5ptf01d.blob.preprod.core.windows.net/;QueueEndpoint=http://e88xscnapdz5ptf01d.queue.preprod.core.windows.net/;FileEndpoint=http://e88xscnapdz5ptf01d.file.preprod.core.windows.net/;BlobSecondaryEndpoint=http://e88xscnapdz5ptf01d-secondary.blob.preprod.core.windows.net/;QueueSecondaryEndpoint=http://e88xscnapdz5ptf01d-secondary.queue.preprod.core.windows.net/;FileSecondaryEndpoint=http://e88xscnapdz5ptf01d-secondary.file.preprod.core.windows.net/;AccountName=e88xscnapdz5ptf01d;AccountKey=Sanitized"
  }
}