{
  "Entries": [
    {
      "RequestUri": "https://seanmcccanary3.file.core.windows.net/test-share-7fd1a7f0-963d-bbca-d6ad-e6147d752639?restype=share",
      "RequestMethod": "PUT",
      "RequestHeaders": {
        "Accept": "application/xml",
        "Authorization": "Sanitized",
        "traceparent": "00-8a61ce8e005d4d49ab3b3d515b505d5e-6ce02e30084a484b-00",
        "User-Agent": [
          "azsdk-net-Storage.Files.Shares/12.7.0-alpha.20210126.1",
          "(.NET 5.0.2; Microsoft Windows 10.0.19042)"
        ],
        "x-ms-client-request-id": "9504e189-f485-5190-87f1-04da4a262aa1",
        "x-ms-date": "Tue, 26 Jan 2021 19:24:42 GMT",
        "x-ms-return-client-request-id": "true",
        "x-ms-version": "2020-10-02"
      },
      "RequestBody": null,
      "StatusCode": 201,
      "ResponseHeaders": {
        "Content-Length": "0",
        "Date": "Tue, 26 Jan 2021 19:24:41 GMT",
        "ETag": "\"0x8D8C23007BFEB2A\"",
        "Last-Modified": "Tue, 26 Jan 2021 19:24:41 GMT",
        "Server": [
          "Windows-Azure-File/1.0",
          "Microsoft-HTTPAPI/2.0"
        ],
        "x-ms-client-request-id": "9504e189-f485-5190-87f1-04da4a262aa1",
        "x-ms-request-id": "48625a7f-301a-002f-6518-f4d709000000",
        "x-ms-version": "2020-10-02"
      },
      "ResponseBody": []
    },
    {
      "RequestUri": "https://seanmcccanary3.file.core.windows.net/test-share-7fd1a7f0-963d-bbca-d6ad-e6147d752639?restype=share&comp=filepermission",
      "RequestMethod": "GET",
      "RequestHeaders": {
        "Accept": "application/json",
        "Authorization": "Sanitized",
        "traceparent": "00-0c96a3be4f455043a1ed862af54c42a3-9b0ba4bd74b7db47-00",
        "User-Agent": [
          "azsdk-net-Storage.Files.Shares/12.7.0-alpha.20210126.1",
          "(.NET 5.0.2; Microsoft Windows 10.0.19042)"
        ],
        "x-ms-client-request-id": "9c8b7c2e-9070-51b4-4d9a-c3c011f47764",
        "x-ms-date": "Tue, 26 Jan 2021 19:24:42 GMT",
        "x-ms-file-permission-key": "invalidPermission",
        "x-ms-return-client-request-id": "true",
        "x-ms-version": "2020-10-02"
      },
      "RequestBody": null,
      "StatusCode": 400,
      "ResponseHeaders": {
        "Content-Length": "347",
        "Content-Type": "application/xml",
        "Date": "Tue, 26 Jan 2021 19:24:41 GMT",
        "Server": [
          "Windows-Azure-File/1.0",
          "Microsoft-HTTPAPI/2.0"
        ],
        "Vary": "Origin",
        "x-ms-client-request-id": "9c8b7c2e-9070-51b4-4d9a-c3c011f47764",
        "x-ms-error-code": "InvalidHeaderValue",
        "x-ms-request-id": "48625a82-301a-002f-6618-f4d709000000",
        "x-ms-version": "2020-10-02"
      },
      "ResponseBody": [
        "﻿<?xml version=\"1.0\" encoding=\"utf-8\"?><Error><Code>InvalidHeaderValue</Code><Message>The value for one of the HTTP headers is not in the correct format.\n",
        "RequestId:48625a82-301a-002f-6618-f4d709000000\n",
        "Time:2021-01-26T19:24:41.7832499Z</Message><HeaderName>x-ms-file-permission-key</HeaderName><HeaderValue>invalidPermission</HeaderValue></Error>"
      ]
    },
    {
      "RequestUri": "https://seanmcccanary3.file.core.windows.net/test-share-7fd1a7f0-963d-bbca-d6ad-e6147d752639?restype=share",
      "RequestMethod": "DELETE",
      "RequestHeaders": {
        "Accept": "application/xml",
        "Authorization": "Sanitized",
        "traceparent": "00-3259c638277df440a8a076701bbe1ba2-b9fb1f10caa5a441-00",
        "User-Agent": [
          "azsdk-net-Storage.Files.Shares/12.7.0-alpha.20210126.1",
          "(.NET 5.0.2; Microsoft Windows 10.0.19042)"
        ],
        "x-ms-client-request-id": "cdac4104-8e9b-c731-ac32-cb5f3714c9e4",
        "x-ms-date": "Tue, 26 Jan 2021 19:24:42 GMT",
        "x-ms-delete-snapshots": "include",
        "x-ms-return-client-request-id": "true",
        "x-ms-version": "2020-10-02"
      },
      "RequestBody": null,
      "StatusCode": 202,
      "ResponseHeaders": {
        "Content-Length": "0",
        "Date": "Tue, 26 Jan 2021 19:24:41 GMT",
        "Server": [
          "Windows-Azure-File/1.0",
          "Microsoft-HTTPAPI/2.0"
        ],
        "x-ms-client-request-id": "cdac4104-8e9b-c731-ac32-cb5f3714c9e4",
        "x-ms-request-id": "48625a83-301a-002f-6718-f4d709000000",
        "x-ms-version": "2020-10-02"
      },
      "ResponseBody": []
    }
  ],
  "Variables": {
    "RandomSeed": "1309352854",
    "Storage_TestConfigDefault": "ProductionTenant\nseanmcccanary3\nU2FuaXRpemVk\nhttps://seanmcccanary3.blob.core.windows.net\nhttps://seanmcccanary3.file.core.windows.net\nhttps://seanmcccanary3.queue.core.windows.net\nhttps://seanmcccanary3.table.core.windows.net\n\n\n\n\nhttps://seanmcccanary3-secondary.blob.core.windows.net\nhttps://seanmcccanary3-secondary.file.core.windows.net\nhttps://seanmcccanary3-secondary.queue.core.windows.net\nhttps://seanmcccanary3-secondary.table.core.windows.net\n\nSanitized\n\n\nCloud\nBlobEndpoint=https://seanmcccanary3.blob.core.windows.net/;QueueEndpoint=https://seanmcccanary3.queue.core.windows.net/;FileEndpoint=https://seanmcccanary3.file.core.windows.net/;BlobSecondaryEndpoint=https://seanmcccanary3-secondary.blob.core.windows.net/;QueueSecondaryEndpoint=https://seanmcccanary3-secondary.queue.core.windows.net/;FileSecondaryEndpoint=https://seanmcccanary3-secondary.file.core.windows.net/;AccountName=seanmcccanary3;AccountKey=Kg==;\nseanscope1\n\n"
  }
}