{
  "Entries": [
    {
      "RequestUri": "http://seanstagetest.file.core.windows.net/test-share-62ad1a10-062c-8a88-f697-17e077dab712?restype=share",
      "RequestMethod": "PUT",
      "RequestHeaders": {
        "Authorization": "Sanitized",
        "traceparent": "00-855d735cc25426488fc1159daf9c3f28-ccc6bcacfad0de4a-00",
        "User-Agent": [
          "azsdk-net-Storage.Files.Shares/12.0.0-dev.20191204.1\u002B5028d723e0cdeb10a227db4dee6ed6afa7cb4fa8",
          "(.NET Core 4.6.28008.01; Microsoft Windows 10.0.18363 )"
        ],
        "x-ms-client-request-id": "54f2804e-5da5-44c5-834c-be229a3eac2b",
        "x-ms-date": "Wed, 04 Dec 2019 19:47:58 GMT",
        "x-ms-return-client-request-id": "true",
        "x-ms-share-quota": "1",
        "x-ms-version": "2019-07-07"
      },
      "RequestBody": null,
      "StatusCode": 201,
      "ResponseHeaders": {
        "Content-Length": "0",
        "Date": "Wed, 04 Dec 2019 19:47:58 GMT",
        "ETag": "\u00220x8D778F2DD358BF1\u0022",
        "Last-Modified": "Wed, 04 Dec 2019 19:47:58 GMT",
        "Server": [
          "Windows-Azure-File/1.0",
          "Microsoft-HTTPAPI/2.0"
        ],
        "x-ms-client-request-id": "54f2804e-5da5-44c5-834c-be229a3eac2b",
        "x-ms-request-id": "0114e8da-f01a-0002-3bdb-aa2c83000000",
        "x-ms-version": "2019-07-07"
      },
      "ResponseBody": []
    },
    {
      "RequestUri": "http://seanstagetest.file.core.windows.net/test-share-62ad1a10-062c-8a88-f697-17e077dab712?restype=share\u0026comp=filepermission",
      "RequestMethod": "GET",
      "RequestHeaders": {
        "Authorization": "Sanitized",
        "traceparent": "00-13ec606821641547bb60100bdeb0a7e6-57e84566e5c67d43-00",
        "User-Agent": [
          "azsdk-net-Storage.Files.Shares/12.0.0-dev.20191204.1\u002B5028d723e0cdeb10a227db4dee6ed6afa7cb4fa8",
          "(.NET Core 4.6.28008.01; Microsoft Windows 10.0.18363 )"
        ],
        "x-ms-client-request-id": "f79256e8-63e7-eb6d-c503-f1715e5fc947",
        "x-ms-date": "Wed, 04 Dec 2019 19:47:58 GMT",
        "x-ms-file-permission-key": "invalidPermission",
        "x-ms-return-client-request-id": "true",
        "x-ms-version": "2019-07-07"
      },
      "RequestBody": null,
      "StatusCode": 400,
      "ResponseHeaders": {
        "Access-Control-Allow-Origin": "*",
        "Content-Length": "347",
        "Content-Type": "application/xml",
        "Date": "Wed, 04 Dec 2019 19:47:58 GMT",
        "Server": [
          "Windows-Azure-File/1.0",
          "Microsoft-HTTPAPI/2.0"
        ],
        "x-ms-client-request-id": "f79256e8-63e7-eb6d-c503-f1715e5fc947",
        "x-ms-error-code": "InvalidHeaderValue",
        "x-ms-request-id": "0114e8dc-f01a-0002-3cdb-aa2c83000000",
        "x-ms-version": "2019-07-07"
      },
      "ResponseBody": [
        "\uFEFF\u003C?xml version=\u00221.0\u0022 encoding=\u0022utf-8\u0022?\u003E\u003CError\u003E\u003CCode\u003EInvalidHeaderValue\u003C/Code\u003E\u003CMessage\u003EThe value for one of the HTTP headers is not in the correct format.\n",
        "RequestId:0114e8dc-f01a-0002-3cdb-aa2c83000000\n",
        "Time:2019-12-04T19:47:58.5727279Z\u003C/Message\u003E\u003CHeaderName\u003Ex-ms-file-permission-key\u003C/HeaderName\u003E\u003CHeaderValue\u003EinvalidPermission\u003C/HeaderValue\u003E\u003C/Error\u003E"
      ]
    },
    {
      "RequestUri": "http://seanstagetest.file.core.windows.net/test-share-62ad1a10-062c-8a88-f697-17e077dab712?restype=share",
      "RequestMethod": "DELETE",
      "RequestHeaders": {
        "Authorization": "Sanitized",
        "traceparent": "00-914d61e98a54f44d80af33cf97d0ae16-9dcec12e43d9a241-00",
        "User-Agent": [
          "azsdk-net-Storage.Files.Shares/12.0.0-dev.20191204.1\u002B5028d723e0cdeb10a227db4dee6ed6afa7cb4fa8",
          "(.NET Core 4.6.28008.01; Microsoft Windows 10.0.18363 )"
        ],
        "x-ms-client-request-id": "4439d39f-b4ac-4243-b570-43ff54a39438",
        "x-ms-date": "Wed, 04 Dec 2019 19:47:58 GMT",
        "x-ms-delete-snapshots": "include",
        "x-ms-return-client-request-id": "true",
        "x-ms-version": "2019-07-07"
      },
      "RequestBody": null,
      "StatusCode": 202,
      "ResponseHeaders": {
        "Content-Length": "0",
        "Date": "Wed, 04 Dec 2019 19:47:58 GMT",
        "Server": [
          "Windows-Azure-File/1.0",
          "Microsoft-HTTPAPI/2.0"
        ],
        "x-ms-client-request-id": "4439d39f-b4ac-4243-b570-43ff54a39438",
        "x-ms-request-id": "0114e8dd-f01a-0002-3ddb-aa2c83000000",
        "x-ms-version": "2019-07-07"
      },
      "ResponseBody": []
    }
  ],
  "Variables": {
    "RandomSeed": "1954926066",
    "Storage_TestConfigDefault": "ProductionTenant\nseanstagetest\nU2FuaXRpemVk\nhttp://seanstagetest.blob.core.windows.net\nhttp://seanstagetest.file.core.windows.net\nhttp://seanstagetest.queue.core.windows.net\nhttp://seanstagetest.table.core.windows.net\n\n\n\n\nhttp://seanstagetest-secondary.blob.core.windows.net\nhttp://seanstagetest-secondary.file.core.windows.net\nhttp://seanstagetest-secondary.queue.core.windows.net\nhttp://seanstagetest-secondary.table.core.windows.net\n\nSanitized\n\n\nCloud\nBlobEndpoint=http://seanstagetest.blob.core.windows.net/;QueueEndpoint=http://seanstagetest.queue.core.windows.net/;FileEndpoint=http://seanstagetest.file.core.windows.net/;BlobSecondaryEndpoint=http://seanstagetest-secondary.blob.core.windows.net/;QueueSecondaryEndpoint=http://seanstagetest-secondary.queue.core.windows.net/;FileSecondaryEndpoint=http://seanstagetest-secondary.file.core.windows.net/;AccountName=seanstagetest;AccountKey=Sanitized"
  }
}