{
  "Entries": [
    {
      "RequestUri": "http://seanstagetest.file.core.windows.net/test-share-ae1adfdb-0da0-3791-1b10-ec28fdcec4be?restype=share",
      "RequestMethod": "PUT",
      "RequestHeaders": {
        "Authorization": "Sanitized",
        "traceparent": "00-77481faca919bf42bd6b0873fb52e26b-358f1b61e6d9184f-00",
        "User-Agent": [
          "azsdk-net-Storage.Files.Shares/12.0.0-dev.20191205.1\u002Bbcc7ff3f89054c1f852e74087cb37cd8a1dde912",
          "(.NET Core 4.6.28008.01; Microsoft Windows 10.0.18363 )"
        ],
        "x-ms-client-request-id": "f8709fda-d2c5-2cd4-4046-84b07f1f1f27",
        "x-ms-date": "Fri, 06 Dec 2019 00:55:22 GMT",
        "x-ms-return-client-request-id": "true",
        "x-ms-share-quota": "1",
        "x-ms-version": "2019-07-07"
      },
      "RequestBody": null,
      "StatusCode": 201,
      "ResponseHeaders": {
        "Content-Length": "0",
        "Date": "Fri, 06 Dec 2019 00:55:22 GMT",
        "ETag": "\u00220x8D779E6F93491A9\u0022",
        "Last-Modified": "Fri, 06 Dec 2019 00:55:22 GMT",
        "Server": [
          "Windows-Azure-File/1.0",
          "Microsoft-HTTPAPI/2.0"
        ],
        "x-ms-client-request-id": "f8709fda-d2c5-2cd4-4046-84b07f1f1f27",
        "x-ms-request-id": "6a22e486-f01a-003d-40cf-abe420000000",
        "x-ms-version": "2019-07-07"
      },
      "ResponseBody": []
    },
    {
      "RequestUri": "http://seanstagetest.file.core.windows.net/test-share-ae1adfdb-0da0-3791-1b10-ec28fdcec4be?restype=share\u0026comp=stats",
      "RequestMethod": "GET",
      "RequestHeaders": {
        "Authorization": "Sanitized",
        "traceparent": "00-a694e89558dad44fb96bd2803e53c470-340848c476f5ba41-00",
        "User-Agent": [
          "azsdk-net-Storage.Files.Shares/12.0.0-dev.20191205.1\u002Bbcc7ff3f89054c1f852e74087cb37cd8a1dde912",
          "(.NET Core 4.6.28008.01; Microsoft Windows 10.0.18363 )"
        ],
        "x-ms-client-request-id": "5e4dce22-cb5e-03f9-e841-a23ae55cb304",
        "x-ms-date": "Fri, 06 Dec 2019 00:55:22 GMT",
        "x-ms-return-client-request-id": "true",
        "x-ms-version": "2019-07-07"
      },
      "RequestBody": null,
      "StatusCode": 200,
      "ResponseHeaders": {
        "Access-Control-Allow-Origin": "*",
        "Content-Type": "application/xml",
        "Date": "Fri, 06 Dec 2019 00:55:22 GMT",
        "Server": [
          "Windows-Azure-File/1.0",
          "Microsoft-HTTPAPI/2.0"
        ],
        "Transfer-Encoding": "chunked",
        "x-ms-client-request-id": "5e4dce22-cb5e-03f9-e841-a23ae55cb304",
        "x-ms-request-id": "6a22e488-f01a-003d-41cf-abe420000000",
        "x-ms-version": "2019-07-07"
      },
      "ResponseBody": "\uFEFF\u003C?xml version=\u00221.0\u0022 encoding=\u0022utf-8\u0022?\u003E\u003CShareStats\u003E\u003CShareUsageBytes\u003E0\u003C/ShareUsageBytes\u003E\u003C/ShareStats\u003E"
    },
    {
      "RequestUri": "http://seanstagetest.file.core.windows.net/test-share-ae1adfdb-0da0-3791-1b10-ec28fdcec4be?restype=share",
      "RequestMethod": "DELETE",
      "RequestHeaders": {
        "Authorization": "Sanitized",
        "traceparent": "00-65714cf6a7047b42860e096f84f0b61a-d5972be92dff864b-00",
        "User-Agent": [
          "azsdk-net-Storage.Files.Shares/12.0.0-dev.20191205.1\u002Bbcc7ff3f89054c1f852e74087cb37cd8a1dde912",
          "(.NET Core 4.6.28008.01; Microsoft Windows 10.0.18363 )"
        ],
        "x-ms-client-request-id": "b18e5880-c0d1-43c8-000c-496b0d4b8a75",
        "x-ms-date": "Fri, 06 Dec 2019 00:55:22 GMT",
        "x-ms-delete-snapshots": "include",
        "x-ms-return-client-request-id": "true",
        "x-ms-version": "2019-07-07"
      },
      "RequestBody": null,
      "StatusCode": 202,
      "ResponseHeaders": {
        "Content-Length": "0",
        "Date": "Fri, 06 Dec 2019 00:55:22 GMT",
        "Server": [
          "Windows-Azure-File/1.0",
          "Microsoft-HTTPAPI/2.0"
        ],
        "x-ms-client-request-id": "b18e5880-c0d1-43c8-000c-496b0d4b8a75",
        "x-ms-request-id": "6a22e489-f01a-003d-42cf-abe420000000",
        "x-ms-version": "2019-07-07"
      },
      "ResponseBody": []
    }
  ],
  "Variables": {
    "RandomSeed": "1786456571",
    "Storage_TestConfigDefault": "ProductionTenant\nseanstagetest\nU2FuaXRpemVk\nhttp://seanstagetest.blob.core.windows.net\nhttp://seanstagetest.file.core.windows.net\nhttp://seanstagetest.queue.core.windows.net\nhttp://seanstagetest.table.core.windows.net\n\n\n\n\nhttp://seanstagetest-secondary.blob.core.windows.net\nhttp://seanstagetest-secondary.file.core.windows.net\nhttp://seanstagetest-secondary.queue.core.windows.net\nhttp://seanstagetest-secondary.table.core.windows.net\n\nSanitized\n\n\nCloud\nBlobEndpoint=http://seanstagetest.blob.core.windows.net/;QueueEndpoint=http://seanstagetest.queue.core.windows.net/;FileEndpoint=http://seanstagetest.file.core.windows.net/;BlobSecondaryEndpoint=http://seanstagetest-secondary.blob.core.windows.net/;QueueSecondaryEndpoint=http://seanstagetest-secondary.queue.core.windows.net/;FileSecondaryEndpoint=http://seanstagetest-secondary.file.core.windows.net/;AccountName=seanstagetest;AccountKey=Sanitized"
  }
}