{
  "Entries": [
    {
      "RequestUri": "http://seanstagetest.file.core.windows.net/test-share-feb4fcd7-5893-eb43-35e4-b0f9f8387b67?restype=share",
      "RequestMethod": "PUT",
      "RequestHeaders": {
        "Authorization": "Sanitized",
        "traceparent": "00-6cf08a7867585f448410a738b9b1a6be-9c093b80b72e014c-00",
        "User-Agent": [
          "azsdk-net-Storage.Files.Shares/12.0.0-dev.20191205.1+4f14c4315f17fbbc59c93c6819467b6f15d7008f",
          "(.NET Core 4.6.28008.01; Microsoft Windows 10.0.18363 )"
        ],
        "x-ms-client-request-id": "cf42c8f5-4e6a-fbdb-ca94-df5a3bd9505a",
        "x-ms-date": "Fri, 06 Dec 2019 00:28:41 GMT",
        "x-ms-return-client-request-id": "true",
        "x-ms-version": "2019-07-07"
      },
      "RequestBody": null,
      "StatusCode": 201,
      "ResponseHeaders": {
        "Content-Length": "0",
        "Date": "Fri, 06 Dec 2019 00:28:41 GMT",
        "ETag": "\"0x8D779E33E957C90\"",
        "Last-Modified": "Fri, 06 Dec 2019 00:28:41 GMT",
        "Server": [
          "Windows-Azure-File/1.0",
          "Microsoft-HTTPAPI/2.0"
        ],
        "x-ms-client-request-id": "cf42c8f5-4e6a-fbdb-ca94-df5a3bd9505a",
        "x-ms-request-id": "207a5bed-c01a-0026-36cc-abda23000000",
        "x-ms-version": "2019-07-07"
      },
      "ResponseBody": []
    },
    {
      "RequestUri": "http://seanstagetest.file.core.windows.net/test-share-feb4fcd7-5893-eb43-35e4-b0f9f8387b67?restype=share&comp=stats",
      "RequestMethod": "GET",
      "RequestHeaders": {
        "Authorization": "Sanitized",
        "traceparent": "00-2b06c462ecc1b749a94ffefc257512a7-54601d9f3afdf443-00",
        "User-Agent": [
          "azsdk-net-Storage.Files.Shares/12.0.0-dev.20191205.1+4f14c4315f17fbbc59c93c6819467b6f15d7008f",
          "(.NET Core 4.6.28008.01; Microsoft Windows 10.0.18363 )"
        ],
        "x-ms-client-request-id": "2f03cbbc-acf5-7bfd-3587-c02643b6d34a",
        "x-ms-date": "Fri, 06 Dec 2019 00:28:41 GMT",
        "x-ms-return-client-request-id": "true",
        "x-ms-version": "2019-07-07"
      },
      "RequestBody": null,
      "StatusCode": 200,
      "ResponseHeaders": {
        "Access-Control-Allow-Origin": "*",
        "Content-Type": "application/xml",
        "Date": "Fri, 06 Dec 2019 00:28:41 GMT",
        "Server": [
          "Windows-Azure-File/1.0",
          "Microsoft-HTTPAPI/2.0"
        ],
        "Transfer-Encoding": "chunked",
        "x-ms-client-request-id": "2f03cbbc-acf5-7bfd-3587-c02643b6d34a",
        "x-ms-request-id": "207a5bf1-c01a-0026-39cc-abda23000000",
        "x-ms-version": "2019-07-07"
      },
      "ResponseBody": "ï»¿<?xml version=\"1.0\" encoding=\"utf-8\"?><ShareStats><ShareUsageBytes>0</ShareUsageBytes></ShareStats>"
    },
    {
      "RequestUri": "http://seanstagetest.file.core.windows.net/test-share-feb4fcd7-5893-eb43-35e4-b0f9f8387b67?restype=share",
      "RequestMethod": "DELETE",
      "RequestHeaders": {
        "Authorization": "Sanitized",
        "traceparent": "00-cbc4f8025b49404aaf8e0ae98cf843f8-b86ac90da9a89242-00",
        "User-Agent": [
          "azsdk-net-Storage.Files.Shares/12.0.0-dev.20191205.1+4f14c4315f17fbbc59c93c6819467b6f15d7008f",
          "(.NET Core 4.6.28008.01; Microsoft Windows 10.0.18363 )"
        ],
        "x-ms-client-request-id": "6f9d7081-20d5-fa64-a0d5-1c8a33677235",
        "x-ms-date": "Fri, 06 Dec 2019 00:28:41 GMT",
        "x-ms-delete-snapshots": "include",
        "x-ms-return-client-request-id": "true",
        "x-ms-version": "2019-07-07"
      },
      "RequestBody": null,
      "StatusCode": 202,
      "ResponseHeaders": {
        "Content-Length": "0",
        "Date": "Fri, 06 Dec 2019 00:28:41 GMT",
        "Server": [
          "Windows-Azure-File/1.0",
          "Microsoft-HTTPAPI/2.0"
        ],
        "x-ms-client-request-id": "6f9d7081-20d5-fa64-a0d5-1c8a33677235",
        "x-ms-request-id": "207a5bf2-c01a-0026-3acc-abda23000000",
        "x-ms-version": "2019-07-07"
      },
      "ResponseBody": []
    }
  ],
  "Variables": {
    "RandomSeed": "539678217",
    "Storage_TestConfigDefault": "ProductionTenant\nseanstagetest\nU2FuaXRpemVk\nhttp://seanstagetest.blob.core.windows.net\nhttp://seanstagetest.file.core.windows.net\nhttp://seanstagetest.queue.core.windows.net\nhttp://seanstagetest.table.core.windows.net\n\n\n\n\nhttp://seanstagetest-secondary.blob.core.windows.net\nhttp://seanstagetest-secondary.file.core.windows.net\nhttp://seanstagetest-secondary.queue.core.windows.net\nhttp://seanstagetest-secondary.table.core.windows.net\n\nSanitized\n\n\nCloud\nBlobEndpoint=http://seanstagetest.blob.core.windows.net/;QueueEndpoint=http://seanstagetest.queue.core.windows.net/;FileEndpoint=http://seanstagetest.file.core.windows.net/;BlobSecondaryEndpoint=http://seanstagetest-secondary.blob.core.windows.net/;QueueSecondaryEndpoint=http://seanstagetest-secondary.queue.core.windows.net/;FileSecondaryEndpoint=http://seanstagetest-secondary.file.core.windows.net/;AccountName=seanstagetest;AccountKey=Sanitized\nseanscope1"
  }
}