{
  "Entries": [
    {
      "RequestUri": "https://seanmcccanary3.file.core.windows.net/test-share-0ef5451d-f8f6-17bf-107a-99b81e310be7?restype=share",
      "RequestMethod": "PUT",
      "RequestHeaders": {
        "Accept": "application/xml",
        "Authorization": "Sanitized",
        "traceparent": "00-d770eda91eb4774cbf1efa29d9082858-1a582f448e276442-00",
        "User-Agent": [
          "azsdk-net-Storage.Files.Shares/12.7.0-alpha.20210121.1",
          "(.NET 5.0.2; Microsoft Windows 10.0.19042)"
        ],
        "x-ms-client-request-id": "56afc51d-5d98-74e5-b5ec-a6d8f320fc0a",
        "x-ms-date": "Thu, 21 Jan 2021 20:45:00 GMT",
        "x-ms-return-client-request-id": "true",
        "x-ms-version": "2020-04-08"
      },
      "RequestBody": null,
      "StatusCode": 201,
      "ResponseHeaders": {
        "Content-Length": "0",
        "Date": "Thu, 21 Jan 2021 20:44:59 GMT",
        "ETag": "\u00220x8D8BE4D6BA21501\u0022",
        "Last-Modified": "Thu, 21 Jan 2021 20:45:00 GMT",
        "Server": [
          "Windows-Azure-File/1.0",
          "Microsoft-HTTPAPI/2.0"
        ],
        "x-ms-client-request-id": "56afc51d-5d98-74e5-b5ec-a6d8f320fc0a",
        "x-ms-request-id": "01d104d4-201a-000c-6036-f04dca000000",
        "x-ms-version": "2020-04-08"
      },
      "ResponseBody": []
    },
    {
      "RequestUri": "https://seanmcccanary3.file.core.windows.net/test-share-0ef5451d-f8f6-17bf-107a-99b81e310be7?comp=lease\u0026restype=share",
      "RequestMethod": "PUT",
      "RequestHeaders": {
        "Accept": "application/xml",
        "Authorization": "Sanitized",
        "traceparent": "00-e271ef94af7dac47a8d39ac6679d2fe9-c0a6df812bf63f41-00",
        "User-Agent": [
          "azsdk-net-Storage.Files.Shares/12.7.0-alpha.20210121.1",
          "(.NET 5.0.2; Microsoft Windows 10.0.19042)"
        ],
        "x-ms-client-request-id": "93ad0a52-bf49-e511-f45f-f9f7803e9100",
        "x-ms-date": "Thu, 21 Jan 2021 20:45:00 GMT",
        "x-ms-lease-action": "acquire",
        "x-ms-lease-duration": "-1",
        "x-ms-proposed-lease-id": "1123ae5d-371f-50d1-5ca1-dda7e2b5d6a3",
        "x-ms-return-client-request-id": "true",
        "x-ms-version": "2020-04-08"
      },
      "RequestBody": null,
      "StatusCode": 201,
      "ResponseHeaders": {
        "Content-Length": "0",
        "Date": "Thu, 21 Jan 2021 20:44:59 GMT",
        "ETag": "\u00220x8D8BE4D6BA21501\u0022",
        "Last-Modified": "Thu, 21 Jan 2021 20:45:00 GMT",
        "Server": [
          "Windows-Azure-File/1.0",
          "Microsoft-HTTPAPI/2.0"
        ],
        "x-ms-client-request-id": "93ad0a52-bf49-e511-f45f-f9f7803e9100",
        "x-ms-lease-id": "1123ae5d-371f-50d1-5ca1-dda7e2b5d6a3",
        "x-ms-request-id": "01d104d7-201a-000c-6136-f04dca000000",
        "x-ms-version": "2020-04-08"
      },
      "ResponseBody": []
    },
    {
      "RequestUri": "https://seanmcccanary3.file.core.windows.net/test-share-0ef5451d-f8f6-17bf-107a-99b81e310be7?comp=lease\u0026restype=share",
      "RequestMethod": "PUT",
      "RequestHeaders": {
        "Accept": "application/xml",
        "Authorization": "Sanitized",
        "traceparent": "00-15367d9b7692e648806925879e75b8de-5f45f1ad8f816148-00",
        "User-Agent": [
          "azsdk-net-Storage.Files.Shares/12.7.0-alpha.20210121.1",
          "(.NET 5.0.2; Microsoft Windows 10.0.19042)"
        ],
        "x-ms-client-request-id": "d754cb40-4307-e95a-56b5-6421bb57bd22",
        "x-ms-date": "Thu, 21 Jan 2021 20:45:00 GMT",
        "x-ms-lease-action": "release",
        "x-ms-lease-id": "1123ae5d-371f-50d1-5ca1-dda7e2b5d6a3",
        "x-ms-return-client-request-id": "true",
        "x-ms-version": "2020-04-08"
      },
      "RequestBody": null,
      "StatusCode": 200,
      "ResponseHeaders": {
        "Content-Length": "0",
        "Date": "Thu, 21 Jan 2021 20:44:59 GMT",
        "ETag": "\u00220x8D8BE4D6BA21501\u0022",
        "Last-Modified": "Thu, 21 Jan 2021 20:45:00 GMT",
        "Server": [
          "Windows-Azure-File/1.0",
          "Microsoft-HTTPAPI/2.0"
        ],
        "x-ms-client-request-id": "d754cb40-4307-e95a-56b5-6421bb57bd22",
        "x-ms-lease-time": "0",
        "x-ms-request-id": "01d104d9-201a-000c-6236-f04dca000000",
        "x-ms-version": "2020-04-08"
      },
      "ResponseBody": []
    },
    {
      "RequestUri": "https://seanmcccanary3.file.core.windows.net/test-share-0ef5451d-f8f6-17bf-107a-99b81e310be7?restype=share",
      "RequestMethod": "GET",
      "RequestHeaders": {
        "Accept": "application/xml",
        "Authorization": "Sanitized",
        "traceparent": "00-236a1ca8f76b3c4d975af2fb8822f689-1b240e2865153d46-00",
        "User-Agent": [
          "azsdk-net-Storage.Files.Shares/12.7.0-alpha.20210121.1",
          "(.NET 5.0.2; Microsoft Windows 10.0.19042)"
        ],
        "x-ms-client-request-id": "b4b6ad35-b9e9-d3f9-a845-34cf3f67ec07",
        "x-ms-date": "Thu, 21 Jan 2021 20:45:00 GMT",
        "x-ms-return-client-request-id": "true",
        "x-ms-version": "2020-04-08"
      },
      "RequestBody": null,
      "StatusCode": 200,
      "ResponseHeaders": {
        "Content-Length": "0",
        "Date": "Thu, 21 Jan 2021 20:44:59 GMT",
        "ETag": "\u00220x8D8BE4D6BA21501\u0022",
        "Last-Modified": "Thu, 21 Jan 2021 20:45:00 GMT",
        "Server": [
          "Windows-Azure-File/1.0",
          "Microsoft-HTTPAPI/2.0"
        ],
        "Vary": "Origin",
        "x-ms-access-tier": "TransactionOptimized",
        "x-ms-access-tier-change-time": "Thu, 21 Jan 2021 20:45:00 GMT",
        "x-ms-client-request-id": "b4b6ad35-b9e9-d3f9-a845-34cf3f67ec07",
        "x-ms-has-immutability-policy": "false",
        "x-ms-has-legal-hold": "false",
        "x-ms-lease-state": "available",
        "x-ms-lease-status": "unlocked",
        "x-ms-request-id": "01d104da-201a-000c-6336-f04dca000000",
        "x-ms-share-quota": "5120",
        "x-ms-version": "2020-04-08"
      },
      "ResponseBody": []
    },
    {
      "RequestUri": "https://seanmcccanary3.file.core.windows.net/test-share-0ef5451d-f8f6-17bf-107a-99b81e310be7?restype=share",
      "RequestMethod": "DELETE",
      "RequestHeaders": {
        "Accept": "application/xml",
        "Authorization": "Sanitized",
        "traceparent": "00-fb940124d2930f47b087e7cb01e798b3-6db48c8a7286d047-00",
        "User-Agent": [
          "azsdk-net-Storage.Files.Shares/12.7.0-alpha.20210121.1",
          "(.NET 5.0.2; Microsoft Windows 10.0.19042)"
        ],
        "x-ms-client-request-id": "0eeca2e3-08a0-6738-2ab4-7b9ba1bc6f1a",
        "x-ms-date": "Thu, 21 Jan 2021 20:45:00 GMT",
        "x-ms-delete-snapshots": "include",
        "x-ms-return-client-request-id": "true",
        "x-ms-version": "2020-04-08"
      },
      "RequestBody": null,
      "StatusCode": 202,
      "ResponseHeaders": {
        "Content-Length": "0",
        "Date": "Thu, 21 Jan 2021 20:44:59 GMT",
        "Server": [
          "Windows-Azure-File/1.0",
          "Microsoft-HTTPAPI/2.0"
        ],
        "x-ms-client-request-id": "0eeca2e3-08a0-6738-2ab4-7b9ba1bc6f1a",
        "x-ms-request-id": "01d104db-201a-000c-6436-f04dca000000",
        "x-ms-version": "2020-04-08"
      },
      "ResponseBody": []
    }
  ],
  "Variables": {
    "RandomSeed": "832747398",
    "Storage_TestConfigDefault": "ProductionTenant\nseanmcccanary3\nU2FuaXRpemVk\nhttps://seanmcccanary3.blob.core.windows.net\nhttps://seanmcccanary3.file.core.windows.net\nhttps://seanmcccanary3.queue.core.windows.net\nhttps://seanmcccanary3.table.core.windows.net\n\n\n\n\nhttps://seanmcccanary3-secondary.blob.core.windows.net\nhttps://seanmcccanary3-secondary.file.core.windows.net\nhttps://seanmcccanary3-secondary.queue.core.windows.net\nhttps://seanmcccanary3-secondary.table.core.windows.net\n\nSanitized\n\n\nCloud\nBlobEndpoint=https://seanmcccanary3.blob.core.windows.net/;QueueEndpoint=https://seanmcccanary3.queue.core.windows.net/;FileEndpoint=https://seanmcccanary3.file.core.windows.net/;BlobSecondaryEndpoint=https://seanmcccanary3-secondary.blob.core.windows.net/;QueueSecondaryEndpoint=https://seanmcccanary3-secondary.queue.core.windows.net/;FileSecondaryEndpoint=https://seanmcccanary3-secondary.file.core.windows.net/;AccountName=seanmcccanary3;AccountKey=Kg==;\nseanscope1"
  }
}