{
  "Entries": [
    {
      "RequestUri": "https://seanmcccanary3.file.core.windows.net/test-share-0ef5451d-f8f6-17bf-107a-99b81e310be7?restype=share",
      "RequestMethod": "PUT",
      "RequestHeaders": {
        "Authorization": "Sanitized",
        "traceparent": "00-f34e000da8a6d440b524c171beee6bd6-7bcb418a16963943-00",
        "User-Agent": [
          "azsdk-net-Storage.Files.Shares/12.3.0-dev.20200805.1",
          "(.NET Core 4.6.29017.01; Microsoft Windows 10.0.18362 )"
        ],
        "x-ms-client-request-id": "56afc51d-5d98-74e5-b5ec-a6d8f320fc0a",
        "x-ms-date": "Wed, 05 Aug 2020 22:26:29 GMT",
        "x-ms-return-client-request-id": "true",
        "x-ms-version": "2020-10-02",
        "Accept": "application/xml"
      },
      "RequestBody": null,
      "StatusCode": 201,
      "ResponseHeaders": {
        "Content-Length": "0",
        "Date": "Wed, 05 Aug 2020 22:26:28 GMT",
        "ETag": "\"0x8D8398E990B2A3C\"",
        "Last-Modified": "Wed, 05 Aug 2020 22:26:28 GMT",
        "Server": [
          "Windows-Azure-File/1.0",
          "Microsoft-HTTPAPI/2.0"
        ],
        "x-ms-client-request-id": "56afc51d-5d98-74e5-b5ec-a6d8f320fc0a",
        "x-ms-request-id": "8294d9e8-e01a-0061-7377-6bf981000000",
        "x-ms-version": "2020-10-02"
      },
      "ResponseBody": []
    },
    {
      "RequestUri": "https://seanmcccanary3.file.core.windows.net/test-share-0ef5451d-f8f6-17bf-107a-99b81e310be7?comp=lease&restype=share",
      "RequestMethod": "PUT",
      "RequestHeaders": {
        "Authorization": "Sanitized",
        "traceparent": "00-2882fbe742a6914c991f46eacad6e25d-c55f3e5c3080de42-00",
        "User-Agent": [
          "azsdk-net-Storage.Files.Shares/12.3.0-dev.20200805.1",
          "(.NET Core 4.6.29017.01; Microsoft Windows 10.0.18362 )"
        ],
        "x-ms-client-request-id": "93ad0a52-bf49-e511-f45f-f9f7803e9100",
        "x-ms-date": "Wed, 05 Aug 2020 22:26:29 GMT",
        "x-ms-lease-action": "acquire",
        "x-ms-lease-duration": "-1",
        "x-ms-proposed-lease-id": "1123ae5d-371f-50d1-5ca1-dda7e2b5d6a3",
        "x-ms-return-client-request-id": "true",
        "x-ms-version": "2020-10-02",
        "Accept": "application/xml"
      },
      "RequestBody": null,
      "StatusCode": 201,
      "ResponseHeaders": {
        "Content-Length": "0",
        "Date": "Wed, 05 Aug 2020 22:26:28 GMT",
        "ETag": "\"0x8D8398E990B2A3C\"",
        "Last-Modified": "Wed, 05 Aug 2020 22:26:28 GMT",
        "Server": [
          "Windows-Azure-File/1.0",
          "Microsoft-HTTPAPI/2.0"
        ],
        "x-ms-client-request-id": "93ad0a52-bf49-e511-f45f-f9f7803e9100",
        "x-ms-lease-id": "1123ae5d-371f-50d1-5ca1-dda7e2b5d6a3",
        "x-ms-request-id": "8294d9eb-e01a-0061-7477-6bf981000000",
        "x-ms-version": "2020-10-02"
      },
      "ResponseBody": []
    },
    {
      "RequestUri": "https://seanmcccanary3.file.core.windows.net/test-share-0ef5451d-f8f6-17bf-107a-99b81e310be7?comp=lease&restype=share",
      "RequestMethod": "PUT",
      "RequestHeaders": {
        "Authorization": "Sanitized",
        "traceparent": "00-bbd52749f655d1408f70bbedfc790886-bacb4bb79f083546-00",
        "User-Agent": [
          "azsdk-net-Storage.Files.Shares/12.3.0-dev.20200805.1",
          "(.NET Core 4.6.29017.01; Microsoft Windows 10.0.18362 )"
        ],
        "x-ms-client-request-id": "d754cb40-4307-e95a-56b5-6421bb57bd22",
        "x-ms-date": "Wed, 05 Aug 2020 22:26:30 GMT",
        "x-ms-lease-action": "release",
        "x-ms-lease-id": "1123ae5d-371f-50d1-5ca1-dda7e2b5d6a3",
        "x-ms-return-client-request-id": "true",
        "x-ms-version": "2020-10-02",
        "Accept": "application/xml"
      },
      "RequestBody": null,
      "StatusCode": 200,
      "ResponseHeaders": {
        "Content-Length": "0",
        "Date": "Wed, 05 Aug 2020 22:26:28 GMT",
        "ETag": "\"0x8D8398E990B2A3C\"",
        "Last-Modified": "Wed, 05 Aug 2020 22:26:28 GMT",
        "Server": [
          "Windows-Azure-File/1.0",
          "Microsoft-HTTPAPI/2.0"
        ],
        "x-ms-client-request-id": "d754cb40-4307-e95a-56b5-6421bb57bd22",
        "x-ms-lease-time": "0",
        "x-ms-request-id": "8294d9ed-e01a-0061-7677-6bf981000000",
        "x-ms-version": "2020-10-02"
      },
      "ResponseBody": []
    },
    {
      "RequestUri": "https://seanmcccanary3.file.core.windows.net/test-share-0ef5451d-f8f6-17bf-107a-99b81e310be7?restype=share",
      "RequestMethod": "GET",
      "RequestHeaders": {
        "Authorization": "Sanitized",
        "traceparent": "00-29b18013c6b1324b8e27081bee748d40-0359176b4feb2f45-00",
        "User-Agent": [
          "azsdk-net-Storage.Files.Shares/12.3.0-dev.20200805.1",
          "(.NET Core 4.6.29017.01; Microsoft Windows 10.0.18362 )"
        ],
        "x-ms-client-request-id": "b4b6ad35-b9e9-d3f9-a845-34cf3f67ec07",
        "x-ms-date": "Wed, 05 Aug 2020 22:26:30 GMT",
        "x-ms-return-client-request-id": "true",
        "x-ms-version": "2020-10-02",
        "Accept": "application/xml"
      },
      "RequestBody": null,
      "StatusCode": 200,
      "ResponseHeaders": {
        "Content-Length": "0",
        "Date": "Wed, 05 Aug 2020 22:26:28 GMT",
        "ETag": "\"0x8D8398E990B2A3C\"",
        "Last-Modified": "Wed, 05 Aug 2020 22:26:28 GMT",
        "Server": [
          "Windows-Azure-File/1.0",
          "Microsoft-HTTPAPI/2.0"
        ],
        "x-ms-access-tier": "TransactionOptimized",
        "x-ms-access-tier-change-time": "8/5/2020 10:26:28 PM",
        "x-ms-client-request-id": "b4b6ad35-b9e9-d3f9-a845-34cf3f67ec07",
        "x-ms-has-immutability-policy": "false",
        "x-ms-has-legal-hold": "false",
        "x-ms-lease-state": "available",
        "x-ms-lease-status": "unlocked",
        "x-ms-request-id": "8294d9ee-e01a-0061-7777-6bf981000000",
        "x-ms-share-quota": "5120",
        "x-ms-version": "2020-10-02"
      },
      "ResponseBody": []
    },
    {
      "RequestUri": "https://seanmcccanary3.file.core.windows.net/test-share-0ef5451d-f8f6-17bf-107a-99b81e310be7?restype=share",
      "RequestMethod": "DELETE",
      "RequestHeaders": {
        "Authorization": "Sanitized",
        "traceparent": "00-2fc0b8a64dfbea4f9f1f2a54490e2ec2-475f098564fde344-00",
        "User-Agent": [
          "azsdk-net-Storage.Files.Shares/12.3.0-dev.20200805.1",
          "(.NET Core 4.6.29017.01; Microsoft Windows 10.0.18362 )"
        ],
        "x-ms-client-request-id": "0eeca2e3-08a0-6738-2ab4-7b9ba1bc6f1a",
        "x-ms-date": "Wed, 05 Aug 2020 22:26:30 GMT",
        "x-ms-delete-snapshots": "include",
        "x-ms-return-client-request-id": "true",
        "x-ms-version": "2020-10-02",
        "Accept": "application/xml"
      },
      "RequestBody": null,
      "StatusCode": 202,
      "ResponseHeaders": {
        "Content-Length": "0",
        "Date": "Wed, 05 Aug 2020 22:26:28 GMT",
        "Server": [
          "Windows-Azure-File/1.0",
          "Microsoft-HTTPAPI/2.0"
        ],
        "x-ms-client-request-id": "0eeca2e3-08a0-6738-2ab4-7b9ba1bc6f1a",
        "x-ms-request-id": "8294d9ef-e01a-0061-7877-6bf981000000",
        "x-ms-version": "2020-10-02"
      },
      "ResponseBody": []
    }
  ],
  "Variables": {
    "RandomSeed": "832747398",
    "Storage_TestConfigDefault": "ProductionTenant\nseanmcccanary3\nU2FuaXRpemVk\nhttps://seanmcccanary3.blob.core.windows.net\nhttps://seanmcccanary3.file.core.windows.net\nhttps://seanmcccanary3.queue.core.windows.net\nhttps://seanmcccanary3.table.core.windows.net\n\n\n\n\nhttps://seanmcccanary3-secondary.blob.core.windows.net\nhttps://seanmcccanary3-secondary.file.core.windows.net\nhttps://seanmcccanary3-secondary.queue.core.windows.net\nhttps://seanmcccanary3-secondary.table.core.windows.net\n\nSanitized\n\n\nCloud\nBlobEndpoint=https://seanmcccanary3.blob.core.windows.net/;QueueEndpoint=https://seanmcccanary3.queue.core.windows.net/;FileEndpoint=https://seanmcccanary3.file.core.windows.net/;BlobSecondaryEndpoint=https://seanmcccanary3-secondary.blob.core.windows.net/;QueueSecondaryEndpoint=https://seanmcccanary3-secondary.queue.core.windows.net/;FileSecondaryEndpoint=https://seanmcccanary3-secondary.file.core.windows.net/;AccountName=seanmcccanary3;AccountKey=Kg==;\nseanscope1\n\n"
  }
}