{
  "Entries": [
    {
      "RequestUri": "https://seanmcccanary3.file.core.windows.net/test-share-ce30f80f-babe-22bd-21f2-b51fa62c6caf?restype=share",
      "RequestMethod": "PUT",
      "RequestHeaders": {
        "Accept": "application/xml",
        "Authorization": "Sanitized",
        "traceparent": "00-8bd588efb7e89f41abb0cb9205d76fcd-2bb946b836d4024e-00",
        "User-Agent": [
          "azsdk-net-Storage.Files.Shares/12.7.0-alpha.20210126.1",
          "(.NET 5.0.2; Microsoft Windows 10.0.19042)"
        ],
        "x-ms-client-request-id": "89588036-21f8-8e39-f082-65702f1b0d1f",
        "x-ms-date": "Tue, 26 Jan 2021 19:24:47 GMT",
        "x-ms-return-client-request-id": "true",
         "x-ms-version": "2020-08-04"
      },
      "RequestBody": null,
      "StatusCode": 201,
      "ResponseHeaders": {
        "Content-Length": "0",
        "Date": "Tue, 26 Jan 2021 19:24:46 GMT",
        "ETag": "\u00220x8D8C2300AB65986\u0022",
        "Last-Modified": "Tue, 26 Jan 2021 19:24:46 GMT",
        "Server": [
          "Windows-Azure-File/1.0",
          "Microsoft-HTTPAPI/2.0"
        ],
        "x-ms-client-request-id": "89588036-21f8-8e39-f082-65702f1b0d1f",
        "x-ms-request-id": "d85990db-101a-0028-5318-f4bb6a000000",
         "x-ms-version": "2020-08-04"
      },
      "ResponseBody": []
    },
    {
      "RequestUri": "https://seanmcccanary3.file.core.windows.net/test-share-ce30f80f-babe-22bd-21f2-b51fa62c6caf?restype=share\u0026comp=acl",
      "RequestMethod": "PUT",
      "RequestHeaders": {
        "Accept": "application/xml",
        "Authorization": "Sanitized",
        "Content-Length": "252",
        "Content-Type": "application/xml",
        "traceparent": "00-51b329c3fcd03a4bbb0d463833f731a4-b795f96efb56094b-00",
        "User-Agent": [
          "azsdk-net-Storage.Files.Shares/12.7.0-alpha.20210126.1",
          "(.NET 5.0.2; Microsoft Windows 10.0.19042)"
        ],
        "x-ms-client-request-id": "894be632-7456-3e63-8a8b-0611c93a49e5",
        "x-ms-date": "Tue, 26 Jan 2021 19:24:47 GMT",
        "x-ms-lease-id": "1c5c0d6d-5f45-d85f-4ce4-77fd40d985c2",
        "x-ms-return-client-request-id": "true",
         "x-ms-version": "2020-08-04"
      },
      "RequestBody": "\uFEFF\u003CSignedIdentifiers\u003E\u003CSignedIdentifier\u003E\u003CId\u003Evtfhqfqopiiahgujyybi\u003C/Id\u003E\u003CAccessPolicy\u003E\u003CStart\u003E2021-01-26T18:24:47.5278487Z\u003C/Start\u003E\u003CExpiry\u003E2021-01-26T20:24:47.5278487Z\u003C/Expiry\u003E\u003CPermission\u003Erw\u003C/Permission\u003E\u003C/AccessPolicy\u003E\u003C/SignedIdentifier\u003E\u003C/SignedIdentifiers\u003E",
      "StatusCode": 412,
      "ResponseHeaders": {
        "Content-Length": "252",
        "Content-Type": "application/xml",
        "Date": "Tue, 26 Jan 2021 19:24:46 GMT",
        "Server": [
          "Windows-Azure-File/1.0",
          "Microsoft-HTTPAPI/2.0"
        ],
        "x-ms-client-request-id": "894be632-7456-3e63-8a8b-0611c93a49e5",
        "x-ms-error-code": "LeaseNotPresentWithContainerOperation",
        "x-ms-request-id": "d85990e6-101a-0028-5a18-f4bb6a000000",
         "x-ms-version": "2020-08-04"
      },
      "ResponseBody": [
        "\uFEFF\u003C?xml version=\u00221.0\u0022 encoding=\u0022utf-8\u0022?\u003E\u003CError\u003E\u003CCode\u003ELeaseNotPresentWithContainerOperation\u003C/Code\u003E\u003CMessage\u003EThere is currently no lease on the file share.\n",
        "RequestId:d85990e6-101a-0028-5a18-f4bb6a000000\n",
        "Time:2021-01-26T19:24:46.9538465Z\u003C/Message\u003E\u003C/Error\u003E"
      ]
    },
    {
      "RequestUri": "https://seanmcccanary3.file.core.windows.net/test-share-ce30f80f-babe-22bd-21f2-b51fa62c6caf?restype=share",
      "RequestMethod": "DELETE",
      "RequestHeaders": {
        "Accept": "application/xml",
        "Authorization": "Sanitized",
        "traceparent": "00-ba29d7497d41984f9eb2256fcf658ad3-25665b9b79edc940-00",
        "User-Agent": [
          "azsdk-net-Storage.Files.Shares/12.7.0-alpha.20210126.1",
          "(.NET 5.0.2; Microsoft Windows 10.0.19042)"
        ],
        "x-ms-client-request-id": "cd0907cf-ed0f-8d39-6d17-4c94792b4a6f",
        "x-ms-date": "Tue, 26 Jan 2021 19:24:47 GMT",
        "x-ms-delete-snapshots": "include",
        "x-ms-return-client-request-id": "true",
         "x-ms-version": "2020-08-04"
      },
      "RequestBody": null,
      "StatusCode": 202,
      "ResponseHeaders": {
        "Content-Length": "0",
        "Date": "Tue, 26 Jan 2021 19:24:46 GMT",
        "Server": [
          "Windows-Azure-File/1.0",
          "Microsoft-HTTPAPI/2.0"
        ],
        "x-ms-client-request-id": "cd0907cf-ed0f-8d39-6d17-4c94792b4a6f",
        "x-ms-request-id": "d85990f0-101a-0028-6218-f4bb6a000000",
         "x-ms-version": "2020-08-04"
      },
      "ResponseBody": []
    }
  ],
  "Variables": {
    "DateTimeOffsetNow": "2021-01-26T13:24:47.5278487-06:00",
    "RandomSeed": "117981813",
    "Storage_TestConfigDefault": "ProductionTenant\nseanmcccanary3\nU2FuaXRpemVk\nhttps://seanmcccanary3.blob.core.windows.net\nhttps://seanmcccanary3.file.core.windows.net\nhttps://seanmcccanary3.queue.core.windows.net\nhttps://seanmcccanary3.table.core.windows.net\n\n\n\n\nhttps://seanmcccanary3-secondary.blob.core.windows.net\nhttps://seanmcccanary3-secondary.file.core.windows.net\nhttps://seanmcccanary3-secondary.queue.core.windows.net\nhttps://seanmcccanary3-secondary.table.core.windows.net\n\nSanitized\n\n\nCloud\nBlobEndpoint=https://seanmcccanary3.blob.core.windows.net/;QueueEndpoint=https://seanmcccanary3.queue.core.windows.net/;FileEndpoint=https://seanmcccanary3.file.core.windows.net/;BlobSecondaryEndpoint=https://seanmcccanary3-secondary.blob.core.windows.net/;QueueSecondaryEndpoint=https://seanmcccanary3-secondary.queue.core.windows.net/;FileSecondaryEndpoint=https://seanmcccanary3-secondary.file.core.windows.net/;AccountName=seanmcccanary3;AccountKey=Kg==;\nseanscope1"
  }
}