{
  "Entries": [
    {
      "RequestUri": "http://seanstagetest.file.core.windows.net/test-share-e1d0c4b6-cc96-8f52-6cf8-6459365b3c02?restype=share",
      "RequestMethod": "PUT",
      "RequestHeaders": {
        "Authorization": "Sanitized",
        "traceparent": "00-9ed0f502475a8c49ae8ffe965d4a62c0-38665c95aa9e1a4f-00",
        "User-Agent": [
          "azsdk-net-Storage.Files.Shares/12.0.0-dev.20191205.1+4f14c4315f17fbbc59c93c6819467b6f15d7008f",
          "(.NET Core 4.6.28008.01; Microsoft Windows 10.0.18363 )"
        ],
        "x-ms-client-request-id": "f7c658b6-e1d8-f423-cf2c-1244cb99900d",
        "x-ms-date": "Fri, 06 Dec 2019 00:28:34 GMT",
        "x-ms-return-client-request-id": "true",
        "x-ms-version": "2019-07-07"
      },
      "RequestBody": null,
      "StatusCode": 201,
      "ResponseHeaders": {
        "Content-Length": "0",
        "Date": "Fri, 06 Dec 2019 00:28:34 GMT",
        "ETag": "\"0x8D779E33AEFF252\"",
        "Last-Modified": "Fri, 06 Dec 2019 00:28:34 GMT",
        "Server": [
          "Windows-Azure-File/1.0",
          "Microsoft-HTTPAPI/2.0"
        ],
        "x-ms-client-request-id": "f7c658b6-e1d8-f423-cf2c-1244cb99900d",
        "x-ms-request-id": "207a5b0d-c01a-0026-6ecc-abda23000000",
        "x-ms-version": "2019-07-07"
      },
      "ResponseBody": []
    },
    {
      "RequestUri": "http://seanstagetest.file.core.windows.net/test-share-e1d0c4b6-cc96-8f52-6cf8-6459365b3c02?restype=share&comp=acl",
      "RequestMethod": "PUT",
      "RequestHeaders": {
        "Authorization": "Sanitized",
        "Content-Length": "249",
        "Content-Type": "application/xml",
        "traceparent": "00-fa56badd4dbbbb4eaabee392553766f9-d94e26ae77da5243-00",
        "User-Agent": [
          "azsdk-net-Storage.Files.Shares/12.0.0-dev.20191205.1+4f14c4315f17fbbc59c93c6819467b6f15d7008f",
          "(.NET Core 4.6.28008.01; Microsoft Windows 10.0.18363 )"
        ],
        "x-ms-client-request-id": "8766cfa5-4e2b-a7cc-6cbe-823ec3e5495e",
        "x-ms-date": "Fri, 06 Dec 2019 00:28:35 GMT",
        "x-ms-return-client-request-id": "true",
        "x-ms-version": "2019-07-07"
      },
      "RequestBody": "<SignedIdentifiers><SignedIdentifier><Id>qotbkwgaccjganytjyog</Id><AccessPolicy><Start>2019-12-05T23:28:35.0318794Z</Start><Expiry>2019-12-06T01:28:35.0318794Z</Expiry><Permission>rw</Permission></AccessPolicy></SignedIdentifier></SignedIdentifiers>",
      "StatusCode": 200,
      "ResponseHeaders": {
        "Content-Length": "0",
        "Date": "Fri, 06 Dec 2019 00:28:34 GMT",
        "ETag": "\"0x8D779E33AFC6EFA\"",
        "Last-Modified": "Fri, 06 Dec 2019 00:28:35 GMT",
        "Server": [
          "Windows-Azure-File/1.0",
          "Microsoft-HTTPAPI/2.0"
        ],
        "x-ms-client-request-id": "8766cfa5-4e2b-a7cc-6cbe-823ec3e5495e",
        "x-ms-request-id": "207a5b10-c01a-0026-70cc-abda23000000",
        "x-ms-version": "2019-07-07"
      },
      "ResponseBody": []
    },
    {
      "RequestUri": "http://seanstagetest.file.core.windows.net/test-share-e1d0c4b6-cc96-8f52-6cf8-6459365b3c02?restype=share",
      "RequestMethod": "DELETE",
      "RequestHeaders": {
        "Authorization": "Sanitized",
        "traceparent": "00-3c3445fbe562a74e8b584401b8d43a98-434e609ae91a6d4b-00",
        "User-Agent": [
          "azsdk-net-Storage.Files.Shares/12.0.0-dev.20191205.1+4f14c4315f17fbbc59c93c6819467b6f15d7008f",
          "(.NET Core 4.6.28008.01; Microsoft Windows 10.0.18363 )"
        ],
        "x-ms-client-request-id": "2b869dc9-1c06-46b2-7783-7558566dd946",
        "x-ms-date": "Fri, 06 Dec 2019 00:28:35 GMT",
        "x-ms-delete-snapshots": "include",
        "x-ms-return-client-request-id": "true",
        "x-ms-version": "2019-07-07"
      },
      "RequestBody": null,
      "StatusCode": 202,
      "ResponseHeaders": {
        "Content-Length": "0",
        "Date": "Fri, 06 Dec 2019 00:28:34 GMT",
        "Server": [
          "Windows-Azure-File/1.0",
          "Microsoft-HTTPAPI/2.0"
        ],
        "x-ms-client-request-id": "2b869dc9-1c06-46b2-7783-7558566dd946",
        "x-ms-request-id": "207a5b11-c01a-0026-71cc-abda23000000",
        "x-ms-version": "2019-07-07"
      },
      "ResponseBody": []
    }
  ],
  "Variables": {
    "DateTimeOffsetNow": "2019-12-05T16:28:35.0318794-08:00",
    "RandomSeed": "1426396977",
    "Storage_TestConfigDefault": "ProductionTenant\nseanstagetest\nU2FuaXRpemVk\nhttp://seanstagetest.blob.core.windows.net\nhttp://seanstagetest.file.core.windows.net\nhttp://seanstagetest.queue.core.windows.net\nhttp://seanstagetest.table.core.windows.net\n\n\n\n\nhttp://seanstagetest-secondary.blob.core.windows.net\nhttp://seanstagetest-secondary.file.core.windows.net\nhttp://seanstagetest-secondary.queue.core.windows.net\nhttp://seanstagetest-secondary.table.core.windows.net\n\nSanitized\n\n\nCloud\nBlobEndpoint=http://seanstagetest.blob.core.windows.net/;QueueEndpoint=http://seanstagetest.queue.core.windows.net/;FileEndpoint=http://seanstagetest.file.core.windows.net/;BlobSecondaryEndpoint=http://seanstagetest-secondary.blob.core.windows.net/;QueueSecondaryEndpoint=http://seanstagetest-secondary.queue.core.windows.net/;FileSecondaryEndpoint=http://seanstagetest-secondary.file.core.windows.net/;AccountName=seanstagetest;AccountKey=Sanitized\nseanscope1"
  }
}