{
  "Entries": [
    {
      "RequestUri": "https://oauthfilerest3.file.core.windows.net/test-share-00e07d17-be94-7766-232e-c7dc05d378d2?restype=share",
      "RequestMethod": "PUT",
      "RequestHeaders": {
        "Accept": "application/xml",
        "Authorization": "Sanitized",
        "traceparent": "00-173d6a6a9032d04fbcbdd4de783159bd-45a7c162473ac844-00",
        "User-Agent": "azsdk-net-Storage.Files.Shares/12.9.0-alpha.20211111.1 (.NET Framework 4.8.4340.0; Microsoft Windows 10.0.19043 )",
        "x-ms-client-request-id": "673ef110-ea35-5635-c53b-930d538d3389",
        "x-ms-return-client-request-id": "true",
        "x-ms-version": "2021-04-10"
      },
      "RequestBody": null,
      "StatusCode": 201,
      "ResponseHeaders": {
        "Content-Length": "0",
        "Date": "Thu, 11 Nov 2021 18:38:26 GMT",
        "ETag": "\u00220x8D9A54272FADB1B\u0022",
        "Last-Modified": "Thu, 11 Nov 2021 18:38:26 GMT",
        "Server": "Windows-Azure-File/1.0 Microsoft-HTTPAPI/2.0",
        "x-ms-client-request-id": "673ef110-ea35-5635-c53b-930d538d3389",
        "x-ms-request-id": "ef267108-c01a-0011-5a2b-d777dc000000",
        "x-ms-version": "2021-04-10"
      },
      "ResponseBody": []
    },
    {
      "RequestUri": "https://oauthfilerest3.file.core.windows.net/test-share-00e07d17-be94-7766-232e-c7dc05d378d2?restype=share\u0026comp=acl",
      "RequestMethod": "PUT",
      "RequestHeaders": {
        "Accept": "application/xml",
        "Authorization": "Sanitized",
        "Content-Length": "252",
        "Content-Type": "application/xml",
        "traceparent": "00-529c659b1e045f468792aa183367cdf1-60488bcfe198094e-00",
        "User-Agent": "azsdk-net-Storage.Files.Shares/12.9.0-alpha.20211111.1 (.NET Framework 4.8.4340.0; Microsoft Windows 10.0.19043 )",
        "x-ms-client-request-id": "d1e4dbd5-986b-e086-4a98-e15bab450be8",
        "x-ms-return-client-request-id": "true",
        "x-ms-version": "2021-04-10"
      },
      "RequestBody": "\uFEFF\u003CSignedIdentifiers\u003E\u003CSignedIdentifier\u003E\u003CId\u003Excuyykyhckvbpstsjjim\u003C/Id\u003E\u003CAccessPolicy\u003E\u003CStart\u003E2021-11-11T17:38:26.1774630Z\u003C/Start\u003E\u003CExpiry\u003E2021-11-11T19:38:26.1774630Z\u003C/Expiry\u003E\u003CPermission\u003Erw\u003C/Permission\u003E\u003C/AccessPolicy\u003E\u003C/SignedIdentifier\u003E\u003C/SignedIdentifiers\u003E",
      "StatusCode": 200,
      "ResponseHeaders": {
        "Content-Length": "0",
        "Date": "Thu, 11 Nov 2021 18:38:26 GMT",
        "ETag": "\u00220x8D9A542730397CB\u0022",
        "Last-Modified": "Thu, 11 Nov 2021 18:38:26 GMT",
        "Server": "Windows-Azure-File/1.0 Microsoft-HTTPAPI/2.0",
        "x-ms-client-request-id": "d1e4dbd5-986b-e086-4a98-e15bab450be8",
        "x-ms-request-id": "ef26710a-c01a-0011-5b2b-d777dc000000",
        "x-ms-version": "2021-04-10"
      },
      "ResponseBody": []
    },
    {
      "RequestUri": "https://oauthfilerest3.file.core.windows.net/test-share-00e07d17-be94-7766-232e-c7dc05d378d2?restype=share",
      "RequestMethod": "DELETE",
      "RequestHeaders": {
        "Accept": "application/xml",
        "Authorization": "Sanitized",
        "traceparent": "00-a70fe8172f0f4f42aa07f30174db0356-2429300a95d3b349-00",
        "User-Agent": "azsdk-net-Storage.Files.Shares/12.9.0-alpha.20211111.1 (.NET Framework 4.8.4340.0; Microsoft Windows 10.0.19043 )",
        "x-ms-client-request-id": "2679dfe9-f986-fca9-8abc-71e6ae541f99",
        "x-ms-delete-snapshots": "include",
        "x-ms-return-client-request-id": "true",
        "x-ms-version": "2021-04-10"
      },
      "RequestBody": null,
      "StatusCode": 202,
      "ResponseHeaders": {
        "Content-Length": "0",
        "Date": "Thu, 11 Nov 2021 18:38:26 GMT",
        "Server": "Windows-Azure-File/1.0 Microsoft-HTTPAPI/2.0",
        "x-ms-client-request-id": "2679dfe9-f986-fca9-8abc-71e6ae541f99",
        "x-ms-request-id": "ef26710b-c01a-0011-5c2b-d777dc000000",
        "x-ms-version": "2021-04-10"
      },
      "ResponseBody": []
    }
  ],
  "Variables": {
    "DateTimeOffsetNow": "2021-11-11T12:38:26.1774630-06:00",
    "RandomSeed": "1668936404",
    "Storage_TestConfigOAuth": "OAuthTenant\noauthfilerest3\nU2FuaXRpemVk\nhttps://oauthfilerest3.blob.core.windows.net\nhttps://oauthfilerest3.file.core.windows.net\nhttps://oauthfilerest3.queue.core.windows.net\nhttps://oauthfilerest3.table.core.windows.net\n\n\n\n\nhttps://oauthfilerest3-secondary.blob.core.windows.net\nhttps://oauthfilerest3-secondary.file.core.windows.net\nhttps://oauthfilerest3-secondary.queue.core.windows.net\nhttps://oauthfilerest3-secondary.table.core.windows.net\ndc57b189-cd6a-485e-beb1-dd71492b0a92\nSanitized\n922923f3-36c9-4663-b1d7-68e670802ae1\nhttps://login.microsoftonline.com/\nCloud\nBlobEndpoint=https://oauthfilerest3.blob.core.windows.net/;QueueEndpoint=https://oauthfilerest3.queue.core.windows.net/;FileEndpoint=https://oauthfilerest3.file.core.windows.net/;BlobSecondaryEndpoint=https://oauthfilerest3-secondary.blob.core.windows.net/;QueueSecondaryEndpoint=https://oauthfilerest3-secondary.queue.core.windows.net/;FileSecondaryEndpoint=https://oauthfilerest3-secondary.file.core.windows.net/;AccountName=oauthfilerest3;AccountKey=Sanitized\nseanscope1\nXClient\n25c81a3f-c3f0-41c0-8453-4f699167c22d"
  }
}