{
  "Entries": [
    {
      "RequestUri": "https://seanmcccanary3.file.core.windows.net/test-share-b39aa229-2e55-012a-645b-982f2b410592?restype=share",
      "RequestMethod": "PUT",
      "RequestHeaders": {
        "Accept": "application/xml",
        "Authorization": "Sanitized",
        "traceparent": "00-c990878350677740a7167bb16946e6ba-386bc088ef75e84e-00",
        "User-Agent": [
          "azsdk-net-Storage.Files.Shares/12.7.0-alpha.20210126.1",
          "(.NET 5.0.2; Microsoft Windows 10.0.19042)"
        ],
        "x-ms-client-request-id": "0f78463a-af61-c1f3-46a4-6211b91095d0",
        "x-ms-date": "Tue, 26 Jan 2021 19:24:48 GMT",
        "x-ms-return-client-request-id": "true",
        "x-ms-version": "2021-04-10"
      },
      "RequestBody": null,
      "StatusCode": 201,
      "ResponseHeaders": {
        "Content-Length": "0",
        "Date": "Tue, 26 Jan 2021 19:24:48 GMT",
        "ETag": "\"0x8D8C2300B9E608C\"",
        "Last-Modified": "Tue, 26 Jan 2021 19:24:48 GMT",
        "Server": [
          "Windows-Azure-File/1.0",
          "Microsoft-HTTPAPI/2.0"
        ],
        "x-ms-client-request-id": "0f78463a-af61-c1f3-46a4-6211b91095d0",
        "x-ms-request-id": "b8db95b9-401a-008c-1b18-f4b2cc000000",
        "x-ms-version": "2021-04-10"
      },
      "ResponseBody": []
    },
    {
      "RequestUri": "https://seanmcccanary3.file.core.windows.net/test-share-b39aa229-2e55-012a-645b-982f2b410592?restype=share&comp=acl",
      "RequestMethod": "PUT",
      "RequestHeaders": {
        "Accept": "application/xml",
        "Authorization": "Sanitized",
        "Content-Length": "225",
        "Content-Type": "application/xml",
        "traceparent": "00-fb8eb9dda8f59948beeef4f91eb5b513-8315001d23246f4e-00",
        "User-Agent": [
          "azsdk-net-Storage.Files.Shares/12.7.0-alpha.20210126.1",
          "(.NET 5.0.2; Microsoft Windows 10.0.19042)"
        ],
        "x-ms-client-request-id": "67e3597b-ec17-ea39-121c-e2b962e1a36b",
        "x-ms-date": "Tue, 26 Jan 2021 19:24:49 GMT",
        "x-ms-return-client-request-id": "true",
        "x-ms-version": "2021-04-10"
      },
      "RequestBody": "﻿<SignedIdentifiers><SignedIdentifier><Id>itefjvioewaqwvkpskcw</Id><AccessPolicy><Start>2021-01-26T18:24:49.0470810Z</Start><Expiry>2021-01-26T20:24:49.0470810Z</Expiry></AccessPolicy></SignedIdentifier></SignedIdentifiers>",
      "StatusCode": 200,
      "ResponseHeaders": {
        "Content-Length": "0",
        "Date": "Tue, 26 Jan 2021 19:24:48 GMT",
        "ETag": "\"0x8D8C2300BB0A1FC\"",
        "Last-Modified": "Tue, 26 Jan 2021 19:24:48 GMT",
        "Server": [
          "Windows-Azure-File/1.0",
          "Microsoft-HTTPAPI/2.0"
        ],
        "x-ms-client-request-id": "67e3597b-ec17-ea39-121c-e2b962e1a36b",
        "x-ms-request-id": "b8db95bc-401a-008c-1c18-f4b2cc000000",
        "x-ms-version": "2021-04-10"
      },
      "ResponseBody": []
    },
    {
      "RequestUri": "https://seanmcccanary3.file.core.windows.net/test-share-b39aa229-2e55-012a-645b-982f2b410592?restype=share&comp=acl",
      "RequestMethod": "GET",
      "RequestHeaders": {
        "Accept": "application/xml",
        "Authorization": "Sanitized",
        "traceparent": "00-82de7053e126364c9a59805b402e9b1e-2a05ce80e4a94242-00",
        "User-Agent": [
          "azsdk-net-Storage.Files.Shares/12.7.0-alpha.20210126.1",
          "(.NET 5.0.2; Microsoft Windows 10.0.19042)"
        ],
        "x-ms-client-request-id": "140508da-8d6b-dccc-bd45-dc83872a5f58",
        "x-ms-date": "Tue, 26 Jan 2021 19:24:49 GMT",
        "x-ms-return-client-request-id": "true",
        "x-ms-version": "2021-04-10"
      },
      "RequestBody": null,
      "StatusCode": 200,
      "ResponseHeaders": {
        "Content-Type": "application/xml",
        "Date": "Tue, 26 Jan 2021 19:24:48 GMT",
        "ETag": "\"0x8D8C2300BB0A1FC\"",
        "Last-Modified": "Tue, 26 Jan 2021 19:24:48 GMT",
        "Server": [
          "Windows-Azure-File/1.0",
          "Microsoft-HTTPAPI/2.0"
        ],
        "Transfer-Encoding": "chunked",
        "Vary": "Origin",
        "x-ms-client-request-id": "140508da-8d6b-dccc-bd45-dc83872a5f58",
        "x-ms-request-id": "b8db95bd-401a-008c-1d18-f4b2cc000000",
        "x-ms-version": "2021-04-10"
      },
      "ResponseBody": "﻿<?xml version=\"1.0\" encoding=\"utf-8\"?><SignedIdentifiers><SignedIdentifier><Id>itefjvioewaqwvkpskcw</Id><AccessPolicy><Start>2021-01-26T18:24:49.0470810Z</Start><Expiry>2021-01-26T20:24:49.0470810Z</Expiry></AccessPolicy></SignedIdentifier></SignedIdentifiers>"
    },
    {
      "RequestUri": "https://seanmcccanary3.file.core.windows.net/test-share-b39aa229-2e55-012a-645b-982f2b410592?restype=share",
      "RequestMethod": "DELETE",
      "RequestHeaders": {
        "Accept": "application/xml",
        "Authorization": "Sanitized",
        "traceparent": "00-246d3a710b98b146b3ec47cc4babb883-5a5ca1a3507e804e-00",
        "User-Agent": [
          "azsdk-net-Storage.Files.Shares/12.7.0-alpha.20210126.1",
          "(.NET 5.0.2; Microsoft Windows 10.0.19042)"
        ],
        "x-ms-client-request-id": "59de822f-8edc-8d00-e329-380e9c6f74c4",
        "x-ms-date": "Tue, 26 Jan 2021 19:24:49 GMT",
        "x-ms-delete-snapshots": "include",
        "x-ms-return-client-request-id": "true",
        "x-ms-version": "2021-04-10"
      },
      "RequestBody": null,
      "StatusCode": 202,
      "ResponseHeaders": {
        "Content-Length": "0",
        "Date": "Tue, 26 Jan 2021 19:24:48 GMT",
        "Server": [
          "Windows-Azure-File/1.0",
          "Microsoft-HTTPAPI/2.0"
        ],
        "x-ms-client-request-id": "59de822f-8edc-8d00-e329-380e9c6f74c4",
        "x-ms-request-id": "b8db95be-401a-008c-1e18-f4b2cc000000",
        "x-ms-version": "2021-04-10"
      },
      "ResponseBody": []
    }
  ],
  "Variables": {
    "DateTimeOffsetNow": "2021-01-26T13:24:49.047081-06:00",
    "RandomSeed": "1452171755",
    "Storage_TestConfigDefault": "ProductionTenant\nseanmcccanary3\nU2FuaXRpemVk\nhttps://seanmcccanary3.blob.core.windows.net\nhttps://seanmcccanary3.file.core.windows.net\nhttps://seanmcccanary3.queue.core.windows.net\nhttps://seanmcccanary3.table.core.windows.net\n\n\n\n\nhttps://seanmcccanary3-secondary.blob.core.windows.net\nhttps://seanmcccanary3-secondary.file.core.windows.net\nhttps://seanmcccanary3-secondary.queue.core.windows.net\nhttps://seanmcccanary3-secondary.table.core.windows.net\n\nSanitized\n\n\nCloud\nBlobEndpoint=https://seanmcccanary3.blob.core.windows.net/;QueueEndpoint=https://seanmcccanary3.queue.core.windows.net/;FileEndpoint=https://seanmcccanary3.file.core.windows.net/;BlobSecondaryEndpoint=https://seanmcccanary3-secondary.blob.core.windows.net/;QueueSecondaryEndpoint=https://seanmcccanary3-secondary.queue.core.windows.net/;FileSecondaryEndpoint=https://seanmcccanary3-secondary.file.core.windows.net/;AccountName=seanmcccanary3;AccountKey=Kg==;\nseanscope1\n\n"
  }
}