{
  "Entries": [
    {
      "RequestUri": "https://seanmcccanary3.file.core.windows.net/test-share-1b38c275-7d8a-5c54-a759-bb72d2d2a8c9?restype=share",
      "RequestMethod": "PUT",
      "RequestHeaders": {
        "Accept": "application/xml",
        "Authorization": "Sanitized",
        "traceparent": "00-8cb7a87e2dcec74cb47b3c9fa7285f8e-86bf3014c4250748-00",
        "User-Agent": [
          "azsdk-net-Storage.Files.Shares/12.7.0-alpha.20210121.1",
          "(.NET 5.0.2; Microsoft Windows 10.0.19042)"
        ],
        "x-ms-client-request-id": "0ee20d45-79b2-5d50-c405-30cc836e8adb",
        "x-ms-date": "Thu, 21 Jan 2021 20:46:08 GMT",
        "x-ms-return-client-request-id": "true",
        "x-ms-version": "2020-04-08"
      },
      "RequestBody": null,
      "StatusCode": 201,
      "ResponseHeaders": {
        "Content-Length": "0",
        "Date": "Thu, 21 Jan 2021 20:46:07 GMT",
        "ETag": "\u00220x8D8BE4D9434B4B6\u0022",
        "Last-Modified": "Thu, 21 Jan 2021 20:46:08 GMT",
        "Server": [
          "Windows-Azure-File/1.0",
          "Microsoft-HTTPAPI/2.0"
        ],
        "x-ms-client-request-id": "0ee20d45-79b2-5d50-c405-30cc836e8adb",
        "x-ms-request-id": "e9c0a61b-001a-000b-6936-f021a9000000",
        "x-ms-version": "2020-04-08"
      },
      "ResponseBody": []
    },
    {
      "RequestUri": "https://seanmcccanary3.file.core.windows.net/test-share-1b38c275-7d8a-5c54-a759-bb72d2d2a8c9?comp=lease\u0026restype=share",
      "RequestMethod": "PUT",
      "RequestHeaders": {
        "Accept": "application/xml",
        "Authorization": "Sanitized",
        "traceparent": "00-a65954baa7224a4098ac1453f8ea9e9c-c44810934c6d2d40-00",
        "User-Agent": [
          "azsdk-net-Storage.Files.Shares/12.7.0-alpha.20210121.1",
          "(.NET 5.0.2; Microsoft Windows 10.0.19042)"
        ],
        "x-ms-client-request-id": "5dd7245a-718a-3528-d4a5-e32d09abe0aa",
        "x-ms-date": "Thu, 21 Jan 2021 20:46:08 GMT",
        "x-ms-lease-action": "acquire",
        "x-ms-lease-duration": "-1",
        "x-ms-proposed-lease-id": "1a8a3462-0f9b-3c39-2b84-6fa57d1aca92",
        "x-ms-return-client-request-id": "true",
        "x-ms-version": "2020-04-08"
      },
      "RequestBody": null,
      "StatusCode": 201,
      "ResponseHeaders": {
        "Content-Length": "0",
        "Date": "Thu, 21 Jan 2021 20:46:11 GMT",
        "ETag": "\u00220x8D8BE4D9434B4B6\u0022",
        "Last-Modified": "Thu, 21 Jan 2021 20:46:08 GMT",
        "Server": [
          "Windows-Azure-File/1.0",
          "Microsoft-HTTPAPI/2.0"
        ],
        "x-ms-client-request-id": "5dd7245a-718a-3528-d4a5-e32d09abe0aa",
        "x-ms-lease-id": "1a8a3462-0f9b-3c39-2b84-6fa57d1aca92",
        "x-ms-request-id": "e9c0a621-001a-000b-6d36-f021a9000000",
        "x-ms-version": "2020-04-08"
      },
      "ResponseBody": []
    },
    {
      "RequestUri": "https://seanmcccanary3.file.core.windows.net/test-share-1b38c275-7d8a-5c54-a759-bb72d2d2a8c9?restype=share\u0026comp=metadata",
      "RequestMethod": "PUT",
      "RequestHeaders": {
        "Accept": "application/xml",
        "Authorization": "Sanitized",
        "traceparent": "00-af085951f410a647b45940aac6dbd11b-3c033d4c4e40d447-00",
        "User-Agent": [
          "azsdk-net-Storage.Files.Shares/12.7.0-alpha.20210121.1",
          "(.NET 5.0.2; Microsoft Windows 10.0.19042)"
        ],
        "x-ms-client-request-id": "584a3154-6d42-5c08-cdf7-f04bb6e988af",
        "x-ms-date": "Thu, 21 Jan 2021 20:46:12 GMT",
        "x-ms-lease-id": "1a8a3462-0f9b-3c39-2b84-6fa57d1aca92",
        "x-ms-meta-Capital": "letter",
        "x-ms-meta-foo": "bar",
        "x-ms-meta-meta": "data",
        "x-ms-meta-UPPER": "case",
        "x-ms-return-client-request-id": "true",
        "x-ms-version": "2020-04-08"
      },
      "RequestBody": null,
      "StatusCode": 200,
      "ResponseHeaders": {
        "Content-Length": "0",
        "Date": "Thu, 21 Jan 2021 20:46:17 GMT",
        "ETag": "\u00220x8D8BE4D9A0FC539\u0022",
        "Last-Modified": "Thu, 21 Jan 2021 20:46:17 GMT",
        "Server": [
          "Windows-Azure-File/1.0",
          "Microsoft-HTTPAPI/2.0"
        ],
        "x-ms-client-request-id": "584a3154-6d42-5c08-cdf7-f04bb6e988af",
        "x-ms-request-id": "e9c0a699-001a-000b-5e36-f021a9000000",
        "x-ms-version": "2020-04-08"
      },
      "ResponseBody": []
    },
    {
      "RequestUri": "https://seanmcccanary3.file.core.windows.net/test-share-1b38c275-7d8a-5c54-a759-bb72d2d2a8c9?restype=share",
      "RequestMethod": "DELETE",
      "RequestHeaders": {
        "Accept": "application/xml",
        "Authorization": "Sanitized",
        "traceparent": "00-672af4383c3c354999fe29f0ffcd95cc-a256f22f2946f146-00",
        "User-Agent": [
          "azsdk-net-Storage.Files.Shares/12.7.0-alpha.20210121.1",
          "(.NET 5.0.2; Microsoft Windows 10.0.19042)"
        ],
        "x-ms-client-request-id": "d8d8836f-8861-cd67-95a2-bf49d59f1133",
        "x-ms-date": "Thu, 21 Jan 2021 20:46:18 GMT",
        "x-ms-delete-snapshots": "include",
        "x-ms-lease-id": "1a8a3462-0f9b-3c39-2b84-6fa57d1aca92",
        "x-ms-return-client-request-id": "true",
        "x-ms-version": "2020-04-08"
      },
      "RequestBody": null,
      "StatusCode": 202,
      "ResponseHeaders": {
        "Content-Length": "0",
        "Date": "Thu, 21 Jan 2021 20:46:17 GMT",
        "Server": [
          "Windows-Azure-File/1.0",
          "Microsoft-HTTPAPI/2.0"
        ],
        "x-ms-client-request-id": "d8d8836f-8861-cd67-95a2-bf49d59f1133",
        "x-ms-request-id": "e9c0a74f-001a-000b-0236-f021a9000000",
        "x-ms-version": "2020-04-08"
      },
      "ResponseBody": []
    }
  ],
  "Variables": {
    "RandomSeed": "936891855",
    "Storage_TestConfigDefault": "ProductionTenant\nseanmcccanary3\nU2FuaXRpemVk\nhttps://seanmcccanary3.blob.core.windows.net\nhttps://seanmcccanary3.file.core.windows.net\nhttps://seanmcccanary3.queue.core.windows.net\nhttps://seanmcccanary3.table.core.windows.net\n\n\n\n\nhttps://seanmcccanary3-secondary.blob.core.windows.net\nhttps://seanmcccanary3-secondary.file.core.windows.net\nhttps://seanmcccanary3-secondary.queue.core.windows.net\nhttps://seanmcccanary3-secondary.table.core.windows.net\n\nSanitized\n\n\nCloud\nBlobEndpoint=https://seanmcccanary3.blob.core.windows.net/;QueueEndpoint=https://seanmcccanary3.queue.core.windows.net/;FileEndpoint=https://seanmcccanary3.file.core.windows.net/;BlobSecondaryEndpoint=https://seanmcccanary3-secondary.blob.core.windows.net/;QueueSecondaryEndpoint=https://seanmcccanary3-secondary.queue.core.windows.net/;FileSecondaryEndpoint=https://seanmcccanary3-secondary.file.core.windows.net/;AccountName=seanmcccanary3;AccountKey=Kg==;\nseanscope1"
  }
}