{
  "Entries": [
    {
      "RequestUri": "https://seanmcccanary3.file.core.windows.net/test-share-1b38c275-7d8a-5c54-a759-bb72d2d2a8c9?restype=share",
      "RequestMethod": "PUT",
      "RequestHeaders": {
        "Authorization": "Sanitized",
        "traceparent": "00-6e5328deb486ee4aa5bb73d5b245c9ae-8a7c29b075b5964c-00",
        "User-Agent": [
          "azsdk-net-Storage.Files.Shares/12.5.0-alpha.20201012.1",
          "(.NET Core 4.6.29220.03; Microsoft Windows 10.0.19042 )"
        ],
        "x-ms-client-request-id": "0ee20d45-79b2-5d50-c405-30cc836e8adb",
        "x-ms-date": "Tue, 13 Oct 2020 01:42:40 GMT",
        "x-ms-return-client-request-id": "true",
        "x-ms-version": "2020-02-10"
      },
      "RequestBody": null,
      "StatusCode": 201,
      "ResponseHeaders": {
        "Content-Length": "0",
        "Date": "Tue, 13 Oct 2020 01:42:39 GMT",
        "ETag": "\u00220x8D86F1945379A4C\u0022",
        "Last-Modified": "Tue, 13 Oct 2020 01:42:39 GMT",
        "Server": [
          "Windows-Azure-File/1.0",
          "Microsoft-HTTPAPI/2.0"
        ],
        "x-ms-client-request-id": "0ee20d45-79b2-5d50-c405-30cc836e8adb",
        "x-ms-request-id": "2b568760-001a-0024-3102-a12c62000000",
        "x-ms-version": "2020-02-10"
      },
      "ResponseBody": []
    },
    {
      "RequestUri": "https://seanmcccanary3.file.core.windows.net/test-share-1b38c275-7d8a-5c54-a759-bb72d2d2a8c9?comp=lease\u0026restype=share",
      "RequestMethod": "PUT",
      "RequestHeaders": {
        "Authorization": "Sanitized",
        "traceparent": "00-a6a21ab9e2239b48942ed8e9da403bcb-8a4f1eecef8e4146-00",
        "User-Agent": [
          "azsdk-net-Storage.Files.Shares/12.5.0-alpha.20201012.1",
          "(.NET Core 4.6.29220.03; Microsoft Windows 10.0.19042 )"
        ],
        "x-ms-client-request-id": "5dd7245a-718a-3528-d4a5-e32d09abe0aa",
        "x-ms-date": "Tue, 13 Oct 2020 01:42:40 GMT",
        "x-ms-lease-action": "acquire",
        "x-ms-lease-duration": "-1",
        "x-ms-proposed-lease-id": "1a8a3462-0f9b-3c39-2b84-6fa57d1aca92",
        "x-ms-return-client-request-id": "true",
        "x-ms-version": "2020-02-10"
      },
      "RequestBody": null,
      "StatusCode": 201,
      "ResponseHeaders": {
        "Content-Length": "0",
        "Date": "Tue, 13 Oct 2020 01:42:39 GMT",
        "ETag": "\u00220x8D86F1945379A4C\u0022",
        "Last-Modified": "Tue, 13 Oct 2020 01:42:39 GMT",
        "Server": [
          "Windows-Azure-File/1.0",
          "Microsoft-HTTPAPI/2.0"
        ],
        "x-ms-client-request-id": "5dd7245a-718a-3528-d4a5-e32d09abe0aa",
        "x-ms-lease-id": "1a8a3462-0f9b-3c39-2b84-6fa57d1aca92",
        "x-ms-request-id": "2b568763-001a-0024-3202-a12c62000000",
        "x-ms-version": "2020-02-10"
      },
      "ResponseBody": []
    },
    {
      "RequestUri": "https://seanmcccanary3.file.core.windows.net/test-share-1b38c275-7d8a-5c54-a759-bb72d2d2a8c9?restype=share\u0026comp=metadata",
      "RequestMethod": "PUT",
      "RequestHeaders": {
        "Authorization": "Sanitized",
        "traceparent": "00-f298d007be5f094080b20e69def63749-8ff856a81d2eee4a-00",
        "User-Agent": [
          "azsdk-net-Storage.Files.Shares/12.5.0-alpha.20201012.1",
          "(.NET Core 4.6.29220.03; Microsoft Windows 10.0.19042 )"
        ],
        "x-ms-client-request-id": "584a3154-6d42-5c08-cdf7-f04bb6e988af",
        "x-ms-date": "Tue, 13 Oct 2020 01:42:40 GMT",
        "x-ms-lease-id": "1a8a3462-0f9b-3c39-2b84-6fa57d1aca92",
        "x-ms-meta-Capital": "letter",
        "x-ms-meta-foo": "bar",
        "x-ms-meta-meta": "data",
        "x-ms-meta-UPPER": "case",
        "x-ms-return-client-request-id": "true",
        "x-ms-version": "2020-02-10"
      },
      "RequestBody": null,
      "StatusCode": 200,
      "ResponseHeaders": {
        "Content-Length": "0",
        "Date": "Tue, 13 Oct 2020 01:42:39 GMT",
        "ETag": "\u00220x8D86F194552B28E\u0022",
        "Last-Modified": "Tue, 13 Oct 2020 01:42:40 GMT",
        "Server": [
          "Windows-Azure-File/1.0",
          "Microsoft-HTTPAPI/2.0"
        ],
        "x-ms-client-request-id": "584a3154-6d42-5c08-cdf7-f04bb6e988af",
        "x-ms-request-id": "2b568764-001a-0024-3302-a12c62000000",
        "x-ms-version": "2020-02-10"
      },
      "ResponseBody": []
    },
    {
      "RequestUri": "https://seanmcccanary3.file.core.windows.net/test-share-1b38c275-7d8a-5c54-a759-bb72d2d2a8c9?restype=share",
      "RequestMethod": "DELETE",
      "RequestHeaders": {
        "Authorization": "Sanitized",
        "traceparent": "00-476645e3a792da49bdbe95083ea80dc4-534687942a0a5747-00",
        "User-Agent": [
          "azsdk-net-Storage.Files.Shares/12.5.0-alpha.20201012.1",
          "(.NET Core 4.6.29220.03; Microsoft Windows 10.0.19042 )"
        ],
        "x-ms-client-request-id": "d8d8836f-8861-cd67-95a2-bf49d59f1133",
        "x-ms-date": "Tue, 13 Oct 2020 01:42:40 GMT",
        "x-ms-delete-snapshots": "include-leased",
        "x-ms-lease-id": "1a8a3462-0f9b-3c39-2b84-6fa57d1aca92",
        "x-ms-return-client-request-id": "true",
        "x-ms-version": "2020-02-10"
      },
      "RequestBody": null,
      "StatusCode": 202,
      "ResponseHeaders": {
        "Content-Length": "0",
        "Date": "Tue, 13 Oct 2020 01:42:39 GMT",
        "Server": [
          "Windows-Azure-File/1.0",
          "Microsoft-HTTPAPI/2.0"
        ],
        "x-ms-client-request-id": "d8d8836f-8861-cd67-95a2-bf49d59f1133",
        "x-ms-request-id": "2b568765-001a-0024-3402-a12c62000000",
        "x-ms-version": "2020-02-10"
      },
      "ResponseBody": []
    }
  ],
  "Variables": {
    "RandomSeed": "936891855",
    "Storage_TestConfigDefault": "ProductionTenant\nseanmcccanary3\nU2FuaXRpemVk\nhttps://seanmcccanary3.blob.core.windows.net\nhttps://seanmcccanary3.file.core.windows.net\nhttps://seanmcccanary3.queue.core.windows.net\nhttps://seanmcccanary3.table.core.windows.net\n\n\n\n\nhttps://seanmcccanary3-secondary.blob.core.windows.net\nhttps://seanmcccanary3-secondary.file.core.windows.net\nhttps://seanmcccanary3-secondary.queue.core.windows.net\nhttps://seanmcccanary3-secondary.table.core.windows.net\n\nSanitized\n\n\nCloud\nBlobEndpoint=https://seanmcccanary3.blob.core.windows.net/;QueueEndpoint=https://seanmcccanary3.queue.core.windows.net/;FileEndpoint=https://seanmcccanary3.file.core.windows.net/;BlobSecondaryEndpoint=https://seanmcccanary3-secondary.blob.core.windows.net/;QueueSecondaryEndpoint=https://seanmcccanary3-secondary.queue.core.windows.net/;FileSecondaryEndpoint=https://seanmcccanary3-secondary.file.core.windows.net/;AccountName=seanmcccanary3;AccountKey=Kg==;\nseanscope1"
  }
}