{
  "Entries": [
    {
      "RequestUri": "https://management.azure.com/subscriptions/f3d94233-a9aa-4241-ac82-2dfb63ce637a?api-version=2021-01-01",
      "RequestMethod": "GET",
      "RequestHeaders": {
        "Accept": "application/json",
        "Authorization": "Sanitized",
        "traceparent": "00-7c9394a2adfb66478287214dff196cfe-d67520b2d7762746-00",
        "User-Agent": "azsdk-net-ResourceManager/1.2.0-alpha.20220621.1 (.NET Framework 4.8.4510.0; Microsoft Windows 10.0.19044 )",
        "x-ms-client-request-id": "ba53d53ac188f3cf4adb3f137c000cc4",
        "x-ms-return-client-request-id": "true"
      },
      "RequestBody": null,
      "StatusCode": 200,
      "ResponseHeaders": {
        "Cache-Control": "no-cache",
        "Content-Length": "410",
        "Content-Type": "application/json; charset=utf-8",
        "Date": "Tue, 21 Jun 2022 14:40:43 GMT",
        "Expires": "-1",
        "Pragma": "no-cache",
        "Strict-Transport-Security": "max-age=31536000; includeSubDomains",
        "X-Content-Type-Options": "nosniff",
        "x-ms-correlation-request-id": "8406e3b4-df5a-4775-a819-b21d47f4e2c5",
        "x-ms-ratelimit-remaining-subscription-reads": "11981",
        "x-ms-request-id": "8406e3b4-df5a-4775-a819-b21d47f4e2c5",
        "x-ms-routing-request-id": "SOUTHEASTASIA:20220621T144044Z:8406e3b4-df5a-4775-a819-b21d47f4e2c5"
      },
      "ResponseBody": {
        "id": "/subscriptions/f3d94233-a9aa-4241-ac82-2dfb63ce637a",
        "authorizationSource": "RoleBased",
        "managedByTenants": [],
        "subscriptionId": "f3d94233-a9aa-4241-ac82-2dfb63ce637a",
        "tenantId": "75743128-1c62-4904-9be1-c23c1edb9a9f",
        "displayName": "Visual Studio Enterprise Subscription",
        "state": "Enabled",
        "subscriptionPolicies": {
          "locationPlacementId": "Public_2014-09-01",
          "quotaId": "MSDN_2014-09-01",
          "spendingLimit": "On"
        }
      }
    },
    {
      "RequestUri": "https://management.azure.com/subscriptions/f3d94233-a9aa-4241-ac82-2dfb63ce637a/resourcegroups/testRg-5708?api-version=**",
      "RequestMethod": "PUT",
      "RequestHeaders": {
        "Accept": "application/json",
        "Authorization": "Sanitized",
        "Content-Length": "21",
        "Content-Type": "application/json",
        "traceparent": "00-554152600459d645a984e64d298d8af9-9b14928e0b318c46-00",
        "User-Agent": "azsdk-net-ResourceManager/1.2.0-alpha.20220621.1 (.NET Framework 4.8.4510.0; Microsoft Windows 10.0.19044 )",
        "x-ms-client-request-id": "754b96717e6b6050f9d64b1fb8d4deeb",
        "x-ms-return-client-request-id": "true"
      },
      "RequestBody": {
        "location": "westus"
      },
      "StatusCode": 201,
      "ResponseHeaders": {
        "Cache-Control": "no-cache",
        "Content-Length": "219",
        "Content-Type": "application/json; charset=utf-8",
        "Date": "Tue, 21 Jun 2022 14:40:45 GMT",
        "Expires": "-1",
        "Pragma": "no-cache",
        "Strict-Transport-Security": "max-age=31536000; includeSubDomains",
        "X-Content-Type-Options": "nosniff",
        "x-ms-correlation-request-id": "2ea86b54-a01d-4d0a-aaeb-d97e988bf943",
        "x-ms-ratelimit-remaining-subscription-writes": "1198",
        "x-ms-request-id": "2ea86b54-a01d-4d0a-aaeb-d97e988bf943",
        "x-ms-routing-request-id": "SOUTHEASTASIA:20220621T144046Z:2ea86b54-a01d-4d0a-aaeb-d97e988bf943"
      },
      "ResponseBody": {
        "id": "/subscriptions/f3d94233-a9aa-4241-ac82-2dfb63ce637a/resourceGroups/testRg-5708",
        "name": "testRg-5708",
        "type": "Microsoft.Resources/resourceGroups",
        "location": "westus",
        "properties": {
          "provisioningState": "Succeeded"
        }
      }
    },
    {
      "RequestUri": "https://management.azure.com/subscriptions/f3d94233-a9aa-4241-ac82-2dfb63ce637a/resourceGroups/testRg-5708/providers/Microsoft.Cdn/profiles/AFDProfile-1556?api-version=2021-06-01",
      "RequestMethod": "PUT",
      "RequestHeaders": {
        "Accept": "application/json",
        "Authorization": "Sanitized",
        "Content-Length": "121",
        "Content-Type": "application/json",
        "traceparent": "00-d04f3b4c85e7594bbffb8883e6435fcd-61084a991b4a484c-00",
        "User-Agent": "azsdk-net-ResourceManager.Cdn/1.0.0-alpha.20220621.1 (.NET Framework 4.8.4510.0; Microsoft Windows 10.0.19044 )",
        "x-ms-client-request-id": "ec3a0a8b247d2f2e0c79906da3e7e104",
        "x-ms-return-client-request-id": "true"
      },
      "RequestBody": {
        "sku": {
          "name": "Standard_AzureFrontDoor"
        },
        "tags": {},
        "location": "Global",
        "properties": {
          "originResponseTimeoutSeconds": 60
        }
      },
      "StatusCode": 201,
      "ResponseHeaders": {
        "Azure-AsyncOperation": "https://management.azure.com/subscriptions/f3d94233-a9aa-4241-ac82-2dfb63ce637a/resourcegroups/testRg-5708/providers/Microsoft.Cdn/operationresults/ed8cfe28-5bcb-47a6-acd0-25141105dffb?api-version=2021-06-01",
        "Cache-Control": "no-cache",
        "Content-Length": "443",
        "Content-Type": "application/json; charset=utf-8",
        "Date": "Tue, 21 Jun 2022 14:40:56 GMT",
        "Expires": "-1",
        "Pragma": "no-cache",
        "Retry-After": "10",
        "Server": "Kestrel",
        "Strict-Transport-Security": "max-age=31536000; includeSubDomains",
        "X-Content-Type-Options": "nosniff",
        "x-ms-client-request-id": "ec3a0a8b247d2f2e0c79906da3e7e104",
        "x-ms-correlation-request-id": "ce8947dc-261f-42d5-8892-7053f68f668b",
        "x-ms-ratelimit-remaining-subscription-resource-requests": "23",
        "x-ms-request-id": "a1116294-157c-4315-9203-cb69098b95ad",
        "x-ms-routing-request-id": "SOUTHEASTASIA:20220621T144056Z:ce8947dc-261f-42d5-8892-7053f68f668b"
      },
      "ResponseBody": {
        "id": "/subscriptions/f3d94233-a9aa-4241-ac82-2dfb63ce637a/resourcegroups/testRg-5708/providers/Microsoft.Cdn/profiles/AFDProfile-1556",
        "type": "Microsoft.Cdn/profiles",
        "name": "AFDProfile-1556",
        "location": "Global",
        "kind": "frontdoor",
        "tags": {},
        "sku": {
          "name": "Standard_AzureFrontDoor"
        },
        "properties": {
          "originResponseTimeoutSeconds": 60,
          "frontDoorId": "51514f08-d109-4aef-b082-c7a4f5b5205f",
          "resourceState": "Creating",
          "provisioningState": "Creating"
        }
      }
    },
    {
      "RequestUri": "https://management.azure.com/subscriptions/f3d94233-a9aa-4241-ac82-2dfb63ce637a/resourcegroups/testRg-5708/providers/Microsoft.Cdn/operationresults/ed8cfe28-5bcb-47a6-acd0-25141105dffb?api-version=2021-06-01",
      "RequestMethod": "GET",
      "RequestHeaders": {
        "Authorization": "Sanitized",
        "traceparent": "00-d04f3b4c85e7594bbffb8883e6435fcd-b6dbf4406c0aff4c-00",
        "User-Agent": "azsdk-net-ResourceManager/1.2.0-alpha.20220621.1 (.NET Framework 4.8.4510.0; Microsoft Windows 10.0.19044 )",
        "x-ms-client-request-id": "02749c281c8a71f41c465f04c0f256ef",
        "x-ms-return-client-request-id": "true"
      },
      "RequestBody": null,
      "StatusCode": 200,
      "ResponseHeaders": {
        "Cache-Control": "no-cache",
        "Content-Length": "62",
        "Content-Type": "application/json; charset=utf-8",
        "Date": "Tue, 21 Jun 2022 14:40:56 GMT",
        "Expires": "-1",
        "Pragma": "no-cache",
        "Server": "Kestrel",
        "Strict-Transport-Security": "max-age=31536000; includeSubDomains",
        "X-Content-Type-Options": "nosniff",
        "x-ms-client-request-id": "02749c281c8a71f41c465f04c0f256ef",
        "x-ms-correlation-request-id": "b069d5dd-8856-411a-81b4-54e91436f50c",
        "x-ms-ratelimit-remaining-subscription-reads": "11980",
        "x-ms-request-id": "6f78c33a-ce87-404b-8890-3813d6ee2487",
        "x-ms-routing-request-id": "SOUTHEASTASIA:20220621T144056Z:b069d5dd-8856-411a-81b4-54e91436f50c"
      },
      "ResponseBody": {
        "status": "InProgress",
        "error": {
          "code": "None",
          "message": null
        }
      }
    },
    {
      "RequestUri": "https://management.azure.com/subscriptions/f3d94233-a9aa-4241-ac82-2dfb63ce637a/resourcegroups/testRg-5708/providers/Microsoft.Cdn/operationresults/ed8cfe28-5bcb-47a6-acd0-25141105dffb?api-version=2021-06-01",
      "RequestMethod": "GET",
      "RequestHeaders": {
        "Authorization": "Sanitized",
        "traceparent": "00-d04f3b4c85e7594bbffb8883e6435fcd-f9a24a205146204c-00",
        "User-Agent": "azsdk-net-ResourceManager/1.2.0-alpha.20220621.1 (.NET Framework 4.8.4510.0; Microsoft Windows 10.0.19044 )",
        "x-ms-client-request-id": "1e1d1b6a9a68bc41b33692ee3aaa5b79",
        "x-ms-return-client-request-id": "true"
      },
      "RequestBody": null,
      "StatusCode": 200,
      "ResponseHeaders": {
        "Cache-Control": "no-cache",
        "Content-Length": "62",
        "Content-Type": "application/json; charset=utf-8",
        "Date": "Tue, 21 Jun 2022 14:40:57 GMT",
        "Expires": "-1",
        "Pragma": "no-cache",
        "Server": "Kestrel",
        "Strict-Transport-Security": "max-age=31536000; includeSubDomains",
        "X-Content-Type-Options": "nosniff",
        "x-ms-client-request-id": "1e1d1b6a9a68bc41b33692ee3aaa5b79",
        "x-ms-correlation-request-id": "9694d5df-a8ed-4bfc-bcf1-835879f2de79",
        "x-ms-ratelimit-remaining-subscription-reads": "11979",
        "x-ms-request-id": "4a1990ba-b0cc-4ec4-b2c0-7d5cf744aa25",
        "x-ms-routing-request-id": "SOUTHEASTASIA:20220621T144057Z:9694d5df-a8ed-4bfc-bcf1-835879f2de79"
      },
      "ResponseBody": {
        "status": "InProgress",
        "error": {
          "code": "None",
          "message": null
        }
      }
    },
    {
      "RequestUri": "https://management.azure.com/subscriptions/f3d94233-a9aa-4241-ac82-2dfb63ce637a/resourcegroups/testRg-5708/providers/Microsoft.Cdn/operationresults/ed8cfe28-5bcb-47a6-acd0-25141105dffb?api-version=2021-06-01",
      "RequestMethod": "GET",
      "RequestHeaders": {
        "Authorization": "Sanitized",
        "traceparent": "00-d04f3b4c85e7594bbffb8883e6435fcd-d56be226a4adbd47-00",
        "User-Agent": "azsdk-net-ResourceManager/1.2.0-alpha.20220621.1 (.NET Framework 4.8.4510.0; Microsoft Windows 10.0.19044 )",
        "x-ms-client-request-id": "06452f72de727d79c10333576f524267",
        "x-ms-return-client-request-id": "true"
      },
      "RequestBody": null,
      "StatusCode": 200,
      "ResponseHeaders": {
        "Cache-Control": "no-cache",
        "Content-Length": "62",
        "Content-Type": "application/json; charset=utf-8",
        "Date": "Tue, 21 Jun 2022 14:40:59 GMT",
        "Expires": "-1",
        "Pragma": "no-cache",
        "Server": "Kestrel",
        "Strict-Transport-Security": "max-age=31536000; includeSubDomains",
        "X-Content-Type-Options": "nosniff",
        "x-ms-client-request-id": "06452f72de727d79c10333576f524267",
        "x-ms-correlation-request-id": "3b713304-6b1a-4653-af95-269cb0fdb601",
        "x-ms-ratelimit-remaining-subscription-reads": "11978",
        "x-ms-request-id": "d70201b6-c031-4f8a-865d-eed4c81a4e2d",
        "x-ms-routing-request-id": "SOUTHEASTASIA:20220621T144059Z:3b713304-6b1a-4653-af95-269cb0fdb601"
      },
      "ResponseBody": {
        "status": "InProgress",
        "error": {
          "code": "None",
          "message": null
        }
      }
    },
    {
      "RequestUri": "https://management.azure.com/subscriptions/f3d94233-a9aa-4241-ac82-2dfb63ce637a/resourcegroups/testRg-5708/providers/Microsoft.Cdn/operationresults/ed8cfe28-5bcb-47a6-acd0-25141105dffb?api-version=2021-06-01",
      "RequestMethod": "GET",
      "RequestHeaders": {
        "Authorization": "Sanitized",
        "traceparent": "00-d04f3b4c85e7594bbffb8883e6435fcd-4ce4bc273d5c2941-00",
        "User-Agent": "azsdk-net-ResourceManager/1.2.0-alpha.20220621.1 (.NET Framework 4.8.4510.0; Microsoft Windows 10.0.19044 )",
        "x-ms-client-request-id": "b819fa38e8748df85bb84f538a063772",
        "x-ms-return-client-request-id": "true"
      },
      "RequestBody": null,
      "StatusCode": 200,
      "ResponseHeaders": {
        "Cache-Control": "no-cache",
        "Content-Length": "62",
        "Content-Type": "application/json; charset=utf-8",
        "Date": "Tue, 21 Jun 2022 14:41:00 GMT",
        "Expires": "-1",
        "Pragma": "no-cache",
        "Server": "Kestrel",
        "Strict-Transport-Security": "max-age=31536000; includeSubDomains",
        "X-Content-Type-Options": "nosniff",
        "x-ms-client-request-id": "b819fa38e8748df85bb84f538a063772",
        "x-ms-correlation-request-id": "a9c981cd-cfdf-4f6c-ae83-26025044176e",
        "x-ms-ratelimit-remaining-subscription-reads": "11977",
        "x-ms-request-id": "fd8343f8-7e26-4a74-b983-4044a8def61d",
        "x-ms-routing-request-id": "SOUTHEASTASIA:20220621T144100Z:a9c981cd-cfdf-4f6c-ae83-26025044176e"
      },
      "ResponseBody": {
        "status": "InProgress",
        "error": {
          "code": "None",
          "message": null
        }
      }
    },
    {
      "RequestUri": "https://management.azure.com/subscriptions/f3d94233-a9aa-4241-ac82-2dfb63ce637a/resourcegroups/testRg-5708/providers/Microsoft.Cdn/operationresults/ed8cfe28-5bcb-47a6-acd0-25141105dffb?api-version=2021-06-01",
      "RequestMethod": "GET",
      "RequestHeaders": {
        "Authorization": "Sanitized",
        "traceparent": "00-d04f3b4c85e7594bbffb8883e6435fcd-ba3452ed9c41ce49-00",
        "User-Agent": "azsdk-net-ResourceManager/1.2.0-alpha.20220621.1 (.NET Framework 4.8.4510.0; Microsoft Windows 10.0.19044 )",
        "x-ms-client-request-id": "9192e5ea50ad8b7da1a05c6567ea4c60",
        "x-ms-return-client-request-id": "true"
      },
      "RequestBody": null,
      "StatusCode": 200,
      "ResponseHeaders": {
        "Cache-Control": "no-cache",
        "Content-Length": "62",
        "Content-Type": "application/json; charset=utf-8",
        "Date": "Tue, 21 Jun 2022 14:41:02 GMT",
        "Expires": "-1",
        "Pragma": "no-cache",
        "Server": "Kestrel",
        "Strict-Transport-Security": "max-age=31536000; includeSubDomains",
        "X-Content-Type-Options": "nosniff",
        "x-ms-client-request-id": "9192e5ea50ad8b7da1a05c6567ea4c60",
        "x-ms-correlation-request-id": "bbff0ead-a3ff-462d-a0fb-e69284814570",
        "x-ms-ratelimit-remaining-subscription-reads": "11976",
        "x-ms-request-id": "58882660-09b4-4d44-9cf2-ec94fd87676e",
        "x-ms-routing-request-id": "SOUTHEASTASIA:20220621T144102Z:bbff0ead-a3ff-462d-a0fb-e69284814570"
      },
      "ResponseBody": {
        "status": "InProgress",
        "error": {
          "code": "None",
          "message": null
        }
      }
    },
    {
      "RequestUri": "https://management.azure.com/subscriptions/f3d94233-a9aa-4241-ac82-2dfb63ce637a/resourcegroups/testRg-5708/providers/Microsoft.Cdn/operationresults/ed8cfe28-5bcb-47a6-acd0-25141105dffb?api-version=2021-06-01",
      "RequestMethod": "GET",
      "RequestHeaders": {
        "Authorization": "Sanitized",
        "traceparent": "00-d04f3b4c85e7594bbffb8883e6435fcd-74818d14e72a0844-00",
        "User-Agent": "azsdk-net-ResourceManager/1.2.0-alpha.20220621.1 (.NET Framework 4.8.4510.0; Microsoft Windows 10.0.19044 )",
        "x-ms-client-request-id": "3fb52af3a390890537b7aab98f26f2bb",
        "x-ms-return-client-request-id": "true"
      },
      "RequestBody": null,
      "StatusCode": 200,
      "ResponseHeaders": {
        "Cache-Control": "no-cache",
        "Content-Length": "62",
        "Content-Type": "application/json; charset=utf-8",
        "Date": "Tue, 21 Jun 2022 14:41:07 GMT",
        "Expires": "-1",
        "Pragma": "no-cache",
        "Server": "Kestrel",
        "Strict-Transport-Security": "max-age=31536000; includeSubDomains",
        "X-Content-Type-Options": "nosniff",
        "x-ms-client-request-id": "3fb52af3a390890537b7aab98f26f2bb",
        "x-ms-correlation-request-id": "8c7d049d-7f38-40e5-855e-5948250329ef",
        "x-ms-ratelimit-remaining-subscription-reads": "11975",
        "x-ms-request-id": "b361a96b-b8b5-4a73-a67f-fc49e206782c",
        "x-ms-routing-request-id": "SOUTHEASTASIA:20220621T144107Z:8c7d049d-7f38-40e5-855e-5948250329ef"
      },
      "ResponseBody": {
        "status": "InProgress",
        "error": {
          "code": "None",
          "message": null
        }
      }
    },
    {
      "RequestUri": "https://management.azure.com/subscriptions/f3d94233-a9aa-4241-ac82-2dfb63ce637a/resourcegroups/testRg-5708/providers/Microsoft.Cdn/operationresults/ed8cfe28-5bcb-47a6-acd0-25141105dffb?api-version=2021-06-01",
      "RequestMethod": "GET",
      "RequestHeaders": {
        "Authorization": "Sanitized",
        "traceparent": "00-d04f3b4c85e7594bbffb8883e6435fcd-5b1221ffef017640-00",
        "User-Agent": "azsdk-net-ResourceManager/1.2.0-alpha.20220621.1 (.NET Framework 4.8.4510.0; Microsoft Windows 10.0.19044 )",
        "x-ms-client-request-id": "8a6cc0cbb1bfe7ba7d8e16d48c922671",
        "x-ms-return-client-request-id": "true"
      },
      "RequestBody": null,
      "StatusCode": 200,
      "ResponseHeaders": {
        "Cache-Control": "no-cache",
        "Content-Length": "61",
        "Content-Type": "application/json; charset=utf-8",
        "Date": "Tue, 21 Jun 2022 14:41:15 GMT",
        "Expires": "-1",
        "Pragma": "no-cache",
        "Server": "Kestrel",
        "Strict-Transport-Security": "max-age=31536000; includeSubDomains",
        "X-Content-Type-Options": "nosniff",
        "x-ms-client-request-id": "8a6cc0cbb1bfe7ba7d8e16d48c922671",
        "x-ms-correlation-request-id": "063ed68f-5723-4076-b81d-60698062c34b",
        "x-ms-ratelimit-remaining-subscription-reads": "11974",
        "x-ms-request-id": "f6a2917c-3335-4762-890d-e4ecc8c7c9f2",
        "x-ms-routing-request-id": "SOUTHEASTASIA:20220621T144115Z:063ed68f-5723-4076-b81d-60698062c34b"
      },
      "ResponseBody": {
        "status": "Succeeded",
        "error": {
          "code": "None",
          "message": null
        }
      }
    },
    {
      "RequestUri": "https://management.azure.com/subscriptions/f3d94233-a9aa-4241-ac82-2dfb63ce637a/resourceGroups/testRg-5708/providers/Microsoft.Cdn/profiles/AFDProfile-1556?api-version=2021-06-01",
      "RequestMethod": "GET",
      "RequestHeaders": {
        "Authorization": "Sanitized",
        "traceparent": "00-d04f3b4c85e7594bbffb8883e6435fcd-89097f5642c00a4a-00",
        "User-Agent": "azsdk-net-ResourceManager/1.2.0-alpha.20220621.1 (.NET Framework 4.8.4510.0; Microsoft Windows 10.0.19044 )",
        "x-ms-client-request-id": "605fee6bf85047e2df0959f5a5c3fb7b",
        "x-ms-return-client-request-id": "true"
      },
      "RequestBody": null,
      "StatusCode": 200,
      "ResponseHeaders": {
        "Cache-Control": "no-cache",
        "Content-Length": "442",
        "Content-Type": "application/json; charset=utf-8",
        "Date": "Tue, 21 Jun 2022 14:41:15 GMT",
        "Expires": "-1",
        "Pragma": "no-cache",
        "Server": "Kestrel",
        "Strict-Transport-Security": "max-age=31536000; includeSubDomains",
        "X-Content-Type-Options": "nosniff",
        "x-ms-client-request-id": "605fee6bf85047e2df0959f5a5c3fb7b",
        "x-ms-correlation-request-id": "ea5c19e2-95de-48d4-9061-dc1daf02f98b",
        "x-ms-ratelimit-remaining-subscription-resource-requests": "49",
        "x-ms-request-id": "81944c19-4fe0-48f9-a6e1-6f316270d775",
        "x-ms-routing-request-id": "SOUTHEASTASIA:20220621T144115Z:ea5c19e2-95de-48d4-9061-dc1daf02f98b"
      },
      "ResponseBody": {
        "id": "/subscriptions/f3d94233-a9aa-4241-ac82-2dfb63ce637a/resourcegroups/testRg-5708/providers/Microsoft.Cdn/profiles/AFDProfile-1556",
        "type": "Microsoft.Cdn/profiles",
        "name": "AFDProfile-1556",
        "location": "Global",
        "kind": "frontdoor",
        "tags": {},
        "sku": {
          "name": "Standard_AzureFrontDoor"
        },
        "properties": {
          "originResponseTimeoutSeconds": 60,
          "frontDoorId": "51514f08-d109-4aef-b082-c7a4f5b5205f",
          "resourceState": "Active",
          "provisioningState": "Succeeded"
        }
      }
    },
    {
      "RequestUri": "https://management.azure.com/subscriptions/f3d94233-a9aa-4241-ac82-2dfb63ce637a/resourceGroups/testRg-5708/providers/Microsoft.Cdn/profiles/AFDProfile-1556/originGroups/AFDOriginGroup-4672?api-version=2021-06-01",
      "RequestMethod": "PUT",
      "RequestHeaders": {
        "Accept": "application/json",
        "Authorization": "Sanitized",
        "Content-Length": "250",
        "Content-Type": "application/json",
        "traceparent": "00-06d9575371ab63488335f5420f6a7946-66703efec4c29842-00",
        "User-Agent": "azsdk-net-ResourceManager.Cdn/1.0.0-alpha.20220621.1 (.NET Framework 4.8.4510.0; Microsoft Windows 10.0.19044 )",
        "x-ms-client-request-id": "7da699a1a0c26f42cdc1028c31fda490",
        "x-ms-return-client-request-id": "true"
      },
      "RequestBody": {
        "properties": {
          "loadBalancingSettings": {
            "sampleSize": 5,
            "successfulSamplesRequired": 4,
            "additionalLatencyInMilliseconds": 200
          },
          "healthProbeSettings": {
            "probePath": "/healthz",
            "probeRequestType": "HEAD",
            "probeProtocol": "Https",
            "probeIntervalInSeconds": 60
          }
        }
      },
      "StatusCode": 201,
      "ResponseHeaders": {
        "Cache-Control": "no-cache",
        "Content-Length": "651",
        "Content-Type": "application/json; charset=utf-8",
        "Date": "Tue, 21 Jun 2022 14:41:17 GMT",
        "Expires": "-1",
        "Pragma": "no-cache",
        "Server": "Kestrel",
        "Strict-Transport-Security": "max-age=31536000; includeSubDomains",
        "X-Content-Type-Options": "nosniff",
        "x-ms-client-request-id": "7da699a1a0c26f42cdc1028c31fda490",
        "x-ms-correlation-request-id": "9fada232-ebcc-4f38-94ee-64293d0a565b",
        "x-ms-ratelimit-remaining-subscription-resource-requests": "99",
        "x-ms-request-id": "a8b6d0fb-a973-49be-a311-8c30d5b05f13",
        "x-ms-routing-request-id": "SOUTHEASTASIA:20220621T144117Z:9fada232-ebcc-4f38-94ee-64293d0a565b"
      },
      "ResponseBody": {
        "id": "/subscriptions/f3d94233-a9aa-4241-ac82-2dfb63ce637a/resourcegroups/testRg-5708/providers/Microsoft.Cdn/profiles/AFDProfile-1556/origingroups/AFDOriginGroup-4672",
        "type": "Microsoft.Cdn/profiles/origingroups",
        "name": "AFDOriginGroup-4672",
        "properties": {
          "loadBalancingSettings": {
            "sampleSize": 5,
            "successfulSamplesRequired": 4,
            "additionalLatencyInMilliseconds": 200
          },
          "healthProbeSettings": {
            "probePath": "/healthz",
            "probeRequestType": "HEAD",
            "probeProtocol": "Https",
            "probeIntervalInSeconds": 60
          },
          "trafficRestorationTimeToHealedOrNewEndpointsInMinutes": null,
          "sessionAffinityState": "Disabled",
          "provisioningState": "Succeeded",
          "deploymentStatus": "NotStarted"
        }
      }
    }
  ],
  "Variables": {
    "RandomSeed": "517888363",
    "RESOURCE_MANAGER_URL": null,
    "SUBSCRIPTION_ID": "f3d94233-a9aa-4241-ac82-2dfb63ce637a"
  }
}
