{
  "Entries": [
    {
      "RequestUri": "https://management.azure.com/subscriptions/db1ab6f0-4769-4b27-930e-01e2ef9c123c/resourceGroups/MediaServiceRG194/providers/Microsoft.Media/mediaservices/dotnetsdkmediatest9845?api-version=2021-11-01",
      "RequestMethod": "GET",
      "RequestHeaders": {
        "Accept": "application/json",
        "Authorization": "Sanitized",
        "traceparent": "00-4a888669015c854c9ece7ce2f32273db-74e11ca97fc3044e-00",
        "User-Agent": "azsdk-net-ResourceManager.Media/1.1.0-alpha.20221130.1 (.NET Framework 4.8.4515.0; Microsoft Windows 10.0.19045 )",
        "x-ms-client-request-id": "6834c45cbaebe014d0897ac054a3c8eb",
        "x-ms-return-client-request-id": "true"
      },
      "RequestBody": null,
      "StatusCode": 200,
      "ResponseHeaders": {
        "Cache-Control": "no-cache",
        "Content-Length": "886",
        "Content-Type": "application/json; odata.metadata=minimal",
        "Date": "Wed, 30 Nov 2022 08:31:58 GMT",
        "Expires": "-1",
        "OData-Version": "4.0",
        "Pragma": "no-cache",
        "Server": "Microsoft-HTTPAPI/2.0",
        "Strict-Transport-Security": "max-age=31536000; includeSubDomains",
        "X-Content-Type-Options": "nosniff",
        "x-ms-client-request-id": "6834c45cbaebe014d0897ac054a3c8eb",
        "x-ms-correlation-request-id": "2d71dab6-fd6b-4114-a319-6ff6c035d8b5",
        "x-ms-ratelimit-remaining-subscription-reads": "11988",
        "x-ms-request-id": "6c91e5d0-07ff-40b4-8c02-69ae7c4f2359",
        "x-ms-routing-request-id": "SOUTHEASTASIA:20221130T083158Z:2d71dab6-fd6b-4114-a319-6ff6c035d8b5"
      },
      "ResponseBody": {
        "name": "dotnetsdkmediatest9845",
        "id": "/subscriptions/db1ab6f0-4769-4b27-930e-01e2ef9c123c/resourceGroups/MediaServiceRG194/providers/Microsoft.Media/mediaservices/dotnetsdkmediatest9845",
        "type": "Microsoft.Media/mediaservices",
        "location": "West US 2",
        "properties": {
          "mediaServiceId": "bb5e13c1-55f5-431d-9b4f-c80a62077c30",
          "storageAccounts": [
            {
              "id": "/subscriptions/db1ab6f0-4769-4b27-930e-01e2ef9c123c/resourceGroups/MediaServiceRG194/providers/Microsoft.Storage/storageAccounts/azstorageformedia9431",
              "type": "Primary"
            }
          ],
          "storageAuthentication": "System",
          "encryption": {
            "type": "SystemKey"
          },
          "keyDelivery": {
            "accessControl": {
              "defaultAction": "Allow",
              "ipAllowList": []
            }
          },
          "publicNetworkAccess": "Enabled",
          "provisioningState": "Succeeded",
          "privateEndpointConnections": []
        }
      }
    },
    {
      "RequestUri": "https://management.azure.com/subscriptions/db1ab6f0-4769-4b27-930e-01e2ef9c123c/resourceGroups/MediaServiceRG194/providers/Microsoft.Media/mediaServices/dotnetsdkmediatest9845/contentKeyPolicies/contentKeyPolicy6274?api-version=2022-08-01",
      "RequestMethod": "PUT",
      "RequestHeaders": {
        "Accept": "application/json",
        "Authorization": "Sanitized",
        "Content-Length": "200",
        "Content-Type": "application/json",
        "traceparent": "00-8f30c3105eb4b144a190bc6c72332b8a-6e30658ca3b4a146-00",
        "User-Agent": "azsdk-net-ResourceManager.Media/1.1.0-alpha.20221130.1 (.NET Framework 4.8.4515.0; Microsoft Windows 10.0.19045 )",
        "x-ms-client-request-id": "b176cad2987c00f3a695fe050d6ad34b",
        "x-ms-return-client-request-id": "true"
      },
      "RequestBody": {
        "properties": {
          "options": [
            {
              "configuration": {
                "@odata.type": "#Microsoft.Media.ContentKeyPolicyClearKeyConfiguration"
              },
              "restriction": {
                "@odata.type": "#Microsoft.Media.ContentKeyPolicyOpenRestriction"
              }
            }
          ]
        }
      },
      "StatusCode": 200,
      "ResponseHeaders": {
        "Cache-Control": "no-cache",
        "Content-Length": "1048",
        "Content-Type": "application/json; odata.metadata=minimal",
        "Date": "Wed, 30 Nov 2022 08:31:59 GMT",
        "Expires": "-1",
        "OData-Version": "4.0",
        "Pragma": "no-cache",
        "Server": "Microsoft-HTTPAPI/2.0",
        "Strict-Transport-Security": "max-age=31536000; includeSubDomains",
        "X-Content-Type-Options": "nosniff",
        "x-ms-client-request-id": "b176cad2987c00f3a695fe050d6ad34b",
        "x-ms-correlation-request-id": "c1f54482-cc29-45a4-884f-90046ff6b8c0",
        "x-ms-ratelimit-remaining-subscription-writes": "1193",
        "x-ms-request-id": "9a64d01d-e43c-490b-a3a5-d69061ac63a9",
        "x-ms-routing-request-id": "SOUTHEASTASIA:20221130T083159Z:c1f54482-cc29-45a4-884f-90046ff6b8c0"
      },
      "ResponseBody": {
        "name": "contentKeyPolicy6274",
        "id": "/subscriptions/db1ab6f0-4769-4b27-930e-01e2ef9c123c/resourceGroups/MediaServiceRG194/providers/Microsoft.Media/mediaservices/dotnetsdkmediatest9845/contentKeyPolicies/contentKeyPolicy6274",
        "type": "Microsoft.Media/mediaservices/contentKeyPolicies",
        "properties": {
          "policyId": "113d76e3-233a-472c-817d-0e1589d60ad7",
          "created": "2022-11-30T08:31:59.763Z",
          "lastModified": "2022-11-30T08:31:59.763Z",
          "options": [
            {
              "policyOptionId": "f1825506-245f-473c-a4ca-bb318f7a9d28",
              "configuration": {
                "@odata.type": "#Microsoft.Media.ContentKeyPolicyClearKeyConfiguration"
              },
              "restriction": {
                "@odata.type": "#Microsoft.Media.ContentKeyPolicyOpenRestriction"
              }
            }
          ]
        },
        "systemData": {
          "createdBy": "ea0eddd2-3d60-47f8-b3bf-7ec8ae554d10",
          "createdByType": "Application",
          "createdAt": "2022-11-30T08:31:59.4917528Z",
          "lastModifiedBy": "ea0eddd2-3d60-47f8-b3bf-7ec8ae554d10",
          "lastModifiedByType": "Application",
          "lastModifiedAt": "2022-11-30T08:31:59.4917528Z"
        }
      }
    },
    {
      "RequestUri": "https://management.azure.com/subscriptions/db1ab6f0-4769-4b27-930e-01e2ef9c123c/resourceGroups/MediaServiceRG194/providers/Microsoft.Media/mediaServices/dotnetsdkmediatest9845/contentKeyPolicies/contentKeyPolicy6274?api-version=2022-08-01",
      "RequestMethod": "GET",
      "RequestHeaders": {
        "Accept": "application/json",
        "Authorization": "Sanitized",
        "traceparent": "00-d36a2ce05342d1448916c0f760a035c5-c60ffabda5e54b49-00",
        "User-Agent": "azsdk-net-ResourceManager.Media/1.1.0-alpha.20221130.1 (.NET Framework 4.8.4515.0; Microsoft Windows 10.0.19045 )",
        "x-ms-client-request-id": "a6a8c5e691213666639f332e8c2e0902",
        "x-ms-return-client-request-id": "true"
      },
      "RequestBody": null,
      "StatusCode": 200,
      "ResponseHeaders": {
        "Cache-Control": "no-cache",
        "Content-Length": "1048",
        "Content-Type": "application/json; odata.metadata=minimal",
        "Date": "Wed, 30 Nov 2022 08:31:59 GMT",
        "Expires": "-1",
        "OData-Version": "4.0",
        "Pragma": "no-cache",
        "Server": "Microsoft-HTTPAPI/2.0",
        "Strict-Transport-Security": "max-age=31536000; includeSubDomains",
        "X-Content-Type-Options": "nosniff",
        "x-ms-client-request-id": "a6a8c5e691213666639f332e8c2e0902",
        "x-ms-correlation-request-id": "30503144-5d45-4564-9289-b0b6320fe32f",
        "x-ms-ratelimit-remaining-subscription-reads": "11987",
        "x-ms-request-id": "e3941029-2f0b-46b9-a8d2-0c4ab5d7149a",
        "x-ms-routing-request-id": "SOUTHEASTASIA:20221130T083200Z:30503144-5d45-4564-9289-b0b6320fe32f"
      },
      "ResponseBody": {
        "name": "contentKeyPolicy6274",
        "id": "/subscriptions/db1ab6f0-4769-4b27-930e-01e2ef9c123c/resourceGroups/MediaServiceRG194/providers/Microsoft.Media/mediaservices/dotnetsdkmediatest9845/contentKeyPolicies/contentKeyPolicy6274",
        "type": "Microsoft.Media/mediaservices/contentKeyPolicies",
        "properties": {
          "policyId": "113d76e3-233a-472c-817d-0e1589d60ad7",
          "created": "2022-11-30T08:31:59.763Z",
          "lastModified": "2022-11-30T08:31:59.763Z",
          "options": [
            {
              "policyOptionId": "f1825506-245f-473c-a4ca-bb318f7a9d28",
              "configuration": {
                "@odata.type": "#Microsoft.Media.ContentKeyPolicyClearKeyConfiguration"
              },
              "restriction": {
                "@odata.type": "#Microsoft.Media.ContentKeyPolicyOpenRestriction"
              }
            }
          ]
        },
        "systemData": {
          "createdBy": "ea0eddd2-3d60-47f8-b3bf-7ec8ae554d10",
          "createdByType": "Application",
          "createdAt": "2022-11-30T08:31:59.4917528Z",
          "lastModifiedBy": "ea0eddd2-3d60-47f8-b3bf-7ec8ae554d10",
          "lastModifiedByType": "Application",
          "lastModifiedAt": "2022-11-30T08:31:59.4917528Z"
        }
      }
    }
  ],
  "Variables": {
    "AZURE_AUTHORITY_HOST": "https://login.microsoftonline.com",
    "DateTimeOffsetNow": "2022-11-30T16:31:58.1549952\u002B08:00",
    "RandomSeed": "1191131186",
    "RESOURCE_MANAGER_URL": null,
    "SUBSCRIPTION_ID": "db1ab6f0-4769-4b27-930e-01e2ef9c123c"
  }
}
