{
  "Entries": [
    {
      "RequestUri": "https://management.azure.com/subscriptions/db1ab6f0-4769-4b27-930e-01e2ef9c123c/resourceGroups/MediaServiceRG7108/providers/Microsoft.Media/mediaservices/mediaservice6538?api-version=2021-11-01",
      "RequestMethod": "GET",
      "RequestHeaders": {
        "Accept": "application/json",
        "Authorization": "Sanitized",
        "traceparent": "00-0d593c1968add285198b91565213af7b-e0a47a2ab714b938-00",
        "User-Agent": "azsdk-net-ResourceManager.Media/1.0.0-alpha.20220902.1 (.NET 6.0.8; Microsoft Windows 10.0.19044)",
        "x-ms-client-request-id": "1cb97c0f709c9a02d4c75019e0a02264",
        "x-ms-return-client-request-id": "true"
      },
      "RequestBody": null,
      "StatusCode": 200,
      "ResponseHeaders": {
        "Cache-Control": "no-cache",
        "Content-Length": "876",
        "Content-Type": "application/json; odata.metadata=minimal",
        "Date": "Fri, 02 Sep 2022 06:27:40 GMT",
        "Expires": "-1",
        "OData-Version": "4.0",
        "Pragma": "no-cache",
        "Server": "Microsoft-HTTPAPI/2.0",
        "Strict-Transport-Security": "max-age=31536000; includeSubDomains",
        "X-Content-Type-Options": "nosniff",
        "x-ms-client-request-id": "1cb97c0f709c9a02d4c75019e0a02264",
        "x-ms-correlation-request-id": "e1c91c5d-e823-4141-a212-886b90ee0100",
        "x-ms-ratelimit-remaining-subscription-reads": "11968",
        "x-ms-request-id": "a6b90dd1-6758-43bd-a2a4-69cf16c24bc3",
        "x-ms-routing-request-id": "SOUTHEASTASIA:20220902T062740Z:e1c91c5d-e823-4141-a212-886b90ee0100"
      },
      "ResponseBody": {
        "name": "mediaservice6538",
        "id": "/subscriptions/db1ab6f0-4769-4b27-930e-01e2ef9c123c/resourceGroups/MediaServiceRG7108/providers/Microsoft.Media/mediaservices/mediaservice6538",
        "type": "Microsoft.Media/mediaservices",
        "location": "West US 2",
        "properties": {
          "mediaServiceId": "89f11aca-768a-4408-b5d0-3a9226332a0c",
          "storageAccounts": [
            {
              "id": "/subscriptions/db1ab6f0-4769-4b27-930e-01e2ef9c123c/resourceGroups/MediaServiceRG7108/providers/Microsoft.Storage/storageAccounts/azstorageformedia8109",
              "type": "Primary"
            }
          ],
          "storageAuthentication": "System",
          "encryption": {
            "type": "SystemKey"
          },
          "keyDelivery": {
            "accessControl": {
              "defaultAction": "Allow",
              "ipAllowList": []
            }
          },
          "publicNetworkAccess": "Enabled",
          "provisioningState": "Succeeded",
          "privateEndpointConnections": []
        }
      }
    },
    {
      "RequestUri": "https://management.azure.com/subscriptions/db1ab6f0-4769-4b27-930e-01e2ef9c123c/resourceGroups/MediaServiceRG7108/providers/Microsoft.Media/mediaServices/mediaservice6538/contentKeyPolicies/contentKeyPolicy3346?api-version=2022-08-01",
      "RequestMethod": "PUT",
      "RequestHeaders": {
        "Accept": "application/json",
        "Authorization": "Sanitized",
        "Content-Length": "200",
        "Content-Type": "application/json",
        "traceparent": "00-bc9bd66c4c5c46cffb7c755a20b54ae3-006cab62cf45c7b9-00",
        "User-Agent": "azsdk-net-ResourceManager.Media/1.0.0-alpha.20220902.1 (.NET 6.0.8; Microsoft Windows 10.0.19044)",
        "x-ms-client-request-id": "46bfa9bfe927832b36fb944475f2af22",
        "x-ms-return-client-request-id": "true"
      },
      "RequestBody": {
        "properties": {
          "options": [
            {
              "configuration": {
                "@odata.type": "#Microsoft.Media.ContentKeyPolicyClearKeyConfiguration"
              },
              "restriction": {
                "@odata.type": "#Microsoft.Media.ContentKeyPolicyOpenRestriction"
              }
            }
          ]
        }
      },
      "StatusCode": 200,
      "ResponseHeaders": {
        "Cache-Control": "no-cache",
        "Content-Length": "1041",
        "Content-Type": "application/json; odata.metadata=minimal",
        "Date": "Fri, 02 Sep 2022 06:27:41 GMT",
        "Expires": "-1",
        "OData-Version": "4.0",
        "Pragma": "no-cache",
        "Server": "Microsoft-HTTPAPI/2.0",
        "Strict-Transport-Security": "max-age=31536000; includeSubDomains",
        "X-Content-Type-Options": "nosniff",
        "x-ms-client-request-id": "46bfa9bfe927832b36fb944475f2af22",
        "x-ms-correlation-request-id": "84a06d22-069b-444e-97f5-1d241476d573",
        "x-ms-ratelimit-remaining-subscription-writes": "1177",
        "x-ms-request-id": "33349432-2777-4be1-b7ff-23d8b6ca81d2",
        "x-ms-routing-request-id": "SOUTHEASTASIA:20220902T062741Z:84a06d22-069b-444e-97f5-1d241476d573"
      },
      "ResponseBody": {
        "name": "contentKeyPolicy3346",
        "id": "/subscriptions/db1ab6f0-4769-4b27-930e-01e2ef9c123c/resourceGroups/MediaServiceRG7108/providers/Microsoft.Media/mediaservices/mediaservice6538/contentKeyPolicies/contentKeyPolicy3346",
        "type": "Microsoft.Media/mediaservices/contentKeyPolicies",
        "properties": {
          "policyId": "8668aabb-7e4e-474a-8f8f-b08e56e3de19",
          "created": "2022-09-02T06:27:41.17Z",
          "lastModified": "2022-09-02T06:27:41.17Z",
          "options": [
            {
              "policyOptionId": "f7092bef-4883-40f1-8e7b-5fc3db6bc7fb",
              "configuration": {
                "@odata.type": "#Microsoft.Media.ContentKeyPolicyClearKeyConfiguration"
              },
              "restriction": {
                "@odata.type": "#Microsoft.Media.ContentKeyPolicyOpenRestriction"
              }
            }
          ]
        },
        "systemData": {
          "createdBy": "18521949-6d6e-454b-b208-4d3141df8607",
          "createdByType": "Application",
          "createdAt": "2022-09-02T06:27:40.9099691Z",
          "lastModifiedBy": "18521949-6d6e-454b-b208-4d3141df8607",
          "lastModifiedByType": "Application",
          "lastModifiedAt": "2022-09-02T06:27:40.9099691Z"
        }
      }
    },
    {
      "RequestUri": "https://management.azure.com/subscriptions/db1ab6f0-4769-4b27-930e-01e2ef9c123c/resourceGroups/MediaServiceRG7108/providers/Microsoft.Media/mediaServices/mediaservice6538/contentKeyPolicies/contentKeyPolicy3346?api-version=2022-08-01",
      "RequestMethod": "GET",
      "RequestHeaders": {
        "Accept": "application/json",
        "Authorization": "Sanitized",
        "traceparent": "00-c836667c441de5d77947578234456646-9d327316136fa55c-00",
        "User-Agent": "azsdk-net-ResourceManager.Media/1.0.0-alpha.20220902.1 (.NET 6.0.8; Microsoft Windows 10.0.19044)",
        "x-ms-client-request-id": "17a226a99abe68017153781f3b787334",
        "x-ms-return-client-request-id": "true"
      },
      "RequestBody": null,
      "StatusCode": 200,
      "ResponseHeaders": {
        "Cache-Control": "no-cache",
        "Content-Length": "1041",
        "Content-Type": "application/json; odata.metadata=minimal",
        "Date": "Fri, 02 Sep 2022 06:27:41 GMT",
        "Expires": "-1",
        "OData-Version": "4.0",
        "Pragma": "no-cache",
        "Server": "Microsoft-HTTPAPI/2.0",
        "Strict-Transport-Security": "max-age=31536000; includeSubDomains",
        "X-Content-Type-Options": "nosniff",
        "x-ms-client-request-id": "17a226a99abe68017153781f3b787334",
        "x-ms-correlation-request-id": "ba87b663-340c-4456-8007-b58e311f9319",
        "x-ms-ratelimit-remaining-subscription-reads": "11967",
        "x-ms-request-id": "2f748668-c538-44ae-a355-4c16100461d7",
        "x-ms-routing-request-id": "SOUTHEASTASIA:20220902T062741Z:ba87b663-340c-4456-8007-b58e311f9319"
      },
      "ResponseBody": {
        "name": "contentKeyPolicy3346",
        "id": "/subscriptions/db1ab6f0-4769-4b27-930e-01e2ef9c123c/resourceGroups/MediaServiceRG7108/providers/Microsoft.Media/mediaservices/mediaservice6538/contentKeyPolicies/contentKeyPolicy3346",
        "type": "Microsoft.Media/mediaservices/contentKeyPolicies",
        "properties": {
          "policyId": "8668aabb-7e4e-474a-8f8f-b08e56e3de19",
          "created": "2022-09-02T06:27:41.17Z",
          "lastModified": "2022-09-02T06:27:41.17Z",
          "options": [
            {
              "policyOptionId": "f7092bef-4883-40f1-8e7b-5fc3db6bc7fb",
              "configuration": {
                "@odata.type": "#Microsoft.Media.ContentKeyPolicyClearKeyConfiguration"
              },
              "restriction": {
                "@odata.type": "#Microsoft.Media.ContentKeyPolicyOpenRestriction"
              }
            }
          ]
        },
        "systemData": {
          "createdBy": "18521949-6d6e-454b-b208-4d3141df8607",
          "createdByType": "Application",
          "createdAt": "2022-09-02T06:27:40.9099691Z",
          "lastModifiedBy": "18521949-6d6e-454b-b208-4d3141df8607",
          "lastModifiedByType": "Application",
          "lastModifiedAt": "2022-09-02T06:27:40.9099691Z"
        }
      }
    }
  ],
  "Variables": {
    "AZURE_AUTHORITY_HOST": "https://login.microsoftonline.com",
    "RandomSeed": "1257406779",
    "RESOURCE_MANAGER_URL": null,
    "SUBSCRIPTION_ID": "db1ab6f0-4769-4b27-930e-01e2ef9c123c"
  }
}
