{
  "Entries": [
    {
      "RequestUri": "https://management.azure.com/subscriptions/db1ab6f0-4769-4b27-930e-01e2ef9c123c/resourceGroups/MediaServiceRG2445/providers/Microsoft.Media/mediaservices/dotnetsdkmediatest6379?api-version=2021-11-01",
      "RequestMethod": "GET",
      "RequestHeaders": {
        "Accept": "application/json",
        "Authorization": "Sanitized",
        "traceparent": "00-7494e52b6d0f6f41a152b185779bff88-d4cfc0cd0c73214d-00",
        "User-Agent": "azsdk-net-ResourceManager.Media/1.1.0-alpha.20221130.1 (.NET Framework 4.8.4515.0; Microsoft Windows 10.0.19045 )",
        "x-ms-client-request-id": "0a5d62770fe1b6c223eb8fb003ccbe6a",
        "x-ms-return-client-request-id": "true"
      },
      "RequestBody": null,
      "StatusCode": 200,
      "ResponseHeaders": {
        "Cache-Control": "no-cache",
        "Content-Length": "888",
        "Content-Type": "application/json; odata.metadata=minimal",
        "Date": "Wed, 30 Nov 2022 08:32:44 GMT",
        "Expires": "-1",
        "OData-Version": "4.0",
        "Pragma": "no-cache",
        "Server": "Microsoft-HTTPAPI/2.0",
        "Strict-Transport-Security": "max-age=31536000; includeSubDomains",
        "X-Content-Type-Options": "nosniff",
        "x-ms-client-request-id": "0a5d62770fe1b6c223eb8fb003ccbe6a",
        "x-ms-correlation-request-id": "9ab6bdae-7467-41dd-a01f-0680bca88b62",
        "x-ms-ratelimit-remaining-subscription-reads": "11971",
        "x-ms-request-id": "3a38b56c-2988-436a-a2c0-21a54fbab269",
        "x-ms-routing-request-id": "SOUTHEASTASIA:20221130T083244Z:9ab6bdae-7467-41dd-a01f-0680bca88b62"
      },
      "ResponseBody": {
        "name": "dotnetsdkmediatest6379",
        "id": "/subscriptions/db1ab6f0-4769-4b27-930e-01e2ef9c123c/resourceGroups/MediaServiceRG2445/providers/Microsoft.Media/mediaservices/dotnetsdkmediatest6379",
        "type": "Microsoft.Media/mediaservices",
        "location": "West US 2",
        "properties": {
          "mediaServiceId": "9674e64d-5ce4-4bc5-b576-f36dd827e910",
          "storageAccounts": [
            {
              "id": "/subscriptions/db1ab6f0-4769-4b27-930e-01e2ef9c123c/resourceGroups/MediaServiceRG2445/providers/Microsoft.Storage/storageAccounts/azstorageformedia5151",
              "type": "Primary"
            }
          ],
          "storageAuthentication": "System",
          "encryption": {
            "type": "SystemKey"
          },
          "keyDelivery": {
            "accessControl": {
              "defaultAction": "Allow",
              "ipAllowList": []
            }
          },
          "publicNetworkAccess": "Enabled",
          "provisioningState": "Succeeded",
          "privateEndpointConnections": []
        }
      }
    },
    {
      "RequestUri": "https://management.azure.com/subscriptions/db1ab6f0-4769-4b27-930e-01e2ef9c123c/resourceGroups/MediaServiceRG2445/providers/Microsoft.Media/mediaServices/dotnetsdkmediatest6379/contentKeyPolicies/contentKeyPolicy6179?api-version=2022-08-01",
      "RequestMethod": "PUT",
      "RequestHeaders": {
        "Accept": "application/json",
        "Authorization": "Sanitized",
        "Content-Length": "200",
        "Content-Type": "application/json",
        "traceparent": "00-fdef69b4073cb1428bfe2df6511b3ad6-a9f24492bd011c48-00",
        "User-Agent": "azsdk-net-ResourceManager.Media/1.1.0-alpha.20221130.1 (.NET Framework 4.8.4515.0; Microsoft Windows 10.0.19045 )",
        "x-ms-client-request-id": "6be8b63b617a27c284c941a5ac4d9bbe",
        "x-ms-return-client-request-id": "true"
      },
      "RequestBody": {
        "properties": {
          "options": [
            {
              "configuration": {
                "@odata.type": "#Microsoft.Media.ContentKeyPolicyClearKeyConfiguration"
              },
              "restriction": {
                "@odata.type": "#Microsoft.Media.ContentKeyPolicyOpenRestriction"
              }
            }
          ]
        }
      },
      "StatusCode": 200,
      "ResponseHeaders": {
        "Cache-Control": "no-cache",
        "Content-Length": "1049",
        "Content-Type": "application/json; odata.metadata=minimal",
        "Date": "Wed, 30 Nov 2022 08:32:45 GMT",
        "Expires": "-1",
        "OData-Version": "4.0",
        "Pragma": "no-cache",
        "Server": "Microsoft-HTTPAPI/2.0",
        "Strict-Transport-Security": "max-age=31536000; includeSubDomains",
        "X-Content-Type-Options": "nosniff",
        "x-ms-client-request-id": "6be8b63b617a27c284c941a5ac4d9bbe",
        "x-ms-correlation-request-id": "f9c7e3b7-84cf-4542-9f21-61a997063c42",
        "x-ms-ratelimit-remaining-subscription-writes": "1184",
        "x-ms-request-id": "1965ce8f-9f8e-4827-b36b-6003bd9833a1",
        "x-ms-routing-request-id": "SOUTHEASTASIA:20221130T083245Z:f9c7e3b7-84cf-4542-9f21-61a997063c42"
      },
      "ResponseBody": {
        "name": "contentKeyPolicy6179",
        "id": "/subscriptions/db1ab6f0-4769-4b27-930e-01e2ef9c123c/resourceGroups/MediaServiceRG2445/providers/Microsoft.Media/mediaservices/dotnetsdkmediatest6379/contentKeyPolicies/contentKeyPolicy6179",
        "type": "Microsoft.Media/mediaservices/contentKeyPolicies",
        "properties": {
          "policyId": "cd19e96e-0038-43fe-b2b4-143413cae6bc",
          "created": "2022-11-30T08:32:45.683Z",
          "lastModified": "2022-11-30T08:32:45.683Z",
          "options": [
            {
              "policyOptionId": "133d69ad-380a-47a7-b7dd-e0ae6566c0f7",
              "configuration": {
                "@odata.type": "#Microsoft.Media.ContentKeyPolicyClearKeyConfiguration"
              },
              "restriction": {
                "@odata.type": "#Microsoft.Media.ContentKeyPolicyOpenRestriction"
              }
            }
          ]
        },
        "systemData": {
          "createdBy": "ea0eddd2-3d60-47f8-b3bf-7ec8ae554d10",
          "createdByType": "Application",
          "createdAt": "2022-11-30T08:32:45.4140063Z",
          "lastModifiedBy": "ea0eddd2-3d60-47f8-b3bf-7ec8ae554d10",
          "lastModifiedByType": "Application",
          "lastModifiedAt": "2022-11-30T08:32:45.4140063Z"
        }
      }
    },
    {
      "RequestUri": "https://management.azure.com/subscriptions/db1ab6f0-4769-4b27-930e-01e2ef9c123c/resourceGroups/MediaServiceRG2445/providers/Microsoft.Media/mediaServices/dotnetsdkmediatest6379/contentKeyPolicies?api-version=2022-08-01",
      "RequestMethod": "GET",
      "RequestHeaders": {
        "Accept": "application/json",
        "Authorization": "Sanitized",
        "traceparent": "00-1112f3b73ce13841a5a642984519bc40-4e4fc0bd5c2b9d44-00",
        "User-Agent": "azsdk-net-ResourceManager.Media/1.1.0-alpha.20221130.1 (.NET Framework 4.8.4515.0; Microsoft Windows 10.0.19045 )",
        "x-ms-client-request-id": "e037d5da6160e7c116a99d10c8e8349d",
        "x-ms-return-client-request-id": "true"
      },
      "RequestBody": null,
      "StatusCode": 200,
      "ResponseHeaders": {
        "Cache-Control": "no-cache",
        "Content-Length": "4447",
        "Content-Type": "application/json; odata.metadata=minimal",
        "Date": "Wed, 30 Nov 2022 08:32:45 GMT",
        "Expires": "-1",
        "OData-Version": "4.0",
        "Pragma": "no-cache",
        "Server": "Microsoft-HTTPAPI/2.0",
        "Strict-Transport-Security": "max-age=31536000; includeSubDomains",
        "X-Content-Type-Options": "nosniff",
        "x-ms-client-request-id": "e037d5da6160e7c116a99d10c8e8349d",
        "x-ms-correlation-request-id": "e06f74e7-d36d-40b9-bd31-3cb1e987b3e1",
        "x-ms-ratelimit-remaining-subscription-reads": "11970",
        "x-ms-request-id": "e36a8ef0-2f10-4eec-8698-82aa5c76e2e9",
        "x-ms-routing-request-id": "SOUTHEASTASIA:20221130T083246Z:e06f74e7-d36d-40b9-bd31-3cb1e987b3e1"
      },
      "ResponseBody": {
        "value": [
          {
            "name": "contentKeyPolicy2598",
            "id": "/subscriptions/db1ab6f0-4769-4b27-930e-01e2ef9c123c/resourceGroups/MediaServiceRG2445/providers/Microsoft.Media/mediaservices/dotnetsdkmediatest6379/contentKeyPolicies/contentKeyPolicy2598",
            "type": "Microsoft.Media/mediaservices/contentKeyPolicies",
            "properties": {
              "policyId": "1365920c-e66a-4653-a148-b2f2e558db72",
              "created": "2022-11-30T08:32:43.527Z",
              "lastModified": "2022-11-30T08:32:43.527Z",
              "options": [
                {
                  "policyOptionId": "e52013aa-241c-458c-a427-8780b9bd107c",
                  "configuration": {
                    "@odata.type": "#Microsoft.Media.ContentKeyPolicyClearKeyConfiguration"
                  },
                  "restriction": {
                    "@odata.type": "#Microsoft.Media.ContentKeyPolicyOpenRestriction"
                  }
                }
              ]
            },
            "systemData": {
              "createdBy": "ea0eddd2-3d60-47f8-b3bf-7ec8ae554d10",
              "createdByType": "Application",
              "createdAt": "2022-11-30T08:32:43.2577376Z",
              "lastModifiedBy": "ea0eddd2-3d60-47f8-b3bf-7ec8ae554d10",
              "lastModifiedByType": "Application",
              "lastModifiedAt": "2022-11-30T08:32:43.2577376Z"
            }
          },
          {
            "name": "contentKeyPolicy4406",
            "id": "/subscriptions/db1ab6f0-4769-4b27-930e-01e2ef9c123c/resourceGroups/MediaServiceRG2445/providers/Microsoft.Media/mediaservices/dotnetsdkmediatest6379/contentKeyPolicies/contentKeyPolicy4406",
            "type": "Microsoft.Media/mediaservices/contentKeyPolicies",
            "properties": {
              "policyId": "a0726302-6e07-4275-b6e4-1217e1c3cd17",
              "created": "2022-11-30T08:32:36.04Z",
              "lastModified": "2022-11-30T08:32:36.04Z",
              "options": [
                {
                  "policyOptionId": "d7d9ec1b-7a2f-48ce-86f6-48c4a2c9aa65",
                  "configuration": {
                    "@odata.type": "#Microsoft.Media.ContentKeyPolicyClearKeyConfiguration"
                  },
                  "restriction": {
                    "@odata.type": "#Microsoft.Media.ContentKeyPolicyOpenRestriction"
                  }
                }
              ]
            },
            "systemData": {
              "createdBy": "ea0eddd2-3d60-47f8-b3bf-7ec8ae554d10",
              "createdByType": "Application",
              "createdAt": "2022-11-30T08:32:35.7577021Z",
              "lastModifiedBy": "ea0eddd2-3d60-47f8-b3bf-7ec8ae554d10",
              "lastModifiedByType": "Application",
              "lastModifiedAt": "2022-11-30T08:32:35.7577021Z"
            }
          },
          {
            "name": "contentKeyPolicy6179",
            "id": "/subscriptions/db1ab6f0-4769-4b27-930e-01e2ef9c123c/resourceGroups/MediaServiceRG2445/providers/Microsoft.Media/mediaservices/dotnetsdkmediatest6379/contentKeyPolicies/contentKeyPolicy6179",
            "type": "Microsoft.Media/mediaservices/contentKeyPolicies",
            "properties": {
              "policyId": "cd19e96e-0038-43fe-b2b4-143413cae6bc",
              "created": "2022-11-30T08:32:45.683Z",
              "lastModified": "2022-11-30T08:32:45.683Z",
              "options": [
                {
                  "policyOptionId": "133d69ad-380a-47a7-b7dd-e0ae6566c0f7",
                  "configuration": {
                    "@odata.type": "#Microsoft.Media.ContentKeyPolicyClearKeyConfiguration"
                  },
                  "restriction": {
                    "@odata.type": "#Microsoft.Media.ContentKeyPolicyOpenRestriction"
                  }
                }
              ]
            },
            "systemData": {
              "createdBy": "ea0eddd2-3d60-47f8-b3bf-7ec8ae554d10",
              "createdByType": "Application",
              "createdAt": "2022-11-30T08:32:45.4140063Z",
              "lastModifiedBy": "ea0eddd2-3d60-47f8-b3bf-7ec8ae554d10",
              "lastModifiedByType": "Application",
              "lastModifiedAt": "2022-11-30T08:32:45.4140063Z"
            }
          },
          {
            "name": "contentKeyPolicy8624",
            "id": "/subscriptions/db1ab6f0-4769-4b27-930e-01e2ef9c123c/resourceGroups/MediaServiceRG2445/providers/Microsoft.Media/mediaservices/dotnetsdkmediatest6379/contentKeyPolicies/contentKeyPolicy8624",
            "type": "Microsoft.Media/mediaservices/contentKeyPolicies",
            "properties": {
              "policyId": "dc3cb0e7-224f-40d4-87f8-2a0096dcf654",
              "created": "2022-11-30T08:32:41.277Z",
              "lastModified": "2022-11-30T08:32:41.277Z",
              "options": [
                {
                  "policyOptionId": "14a40c78-3386-4832-b247-acf1aed9efa0",
                  "configuration": {
                    "@odata.type": "#Microsoft.Media.ContentKeyPolicyClearKeyConfiguration"
                  },
                  "restriction": {
                    "@odata.type": "#Microsoft.Media.ContentKeyPolicyOpenRestriction"
                  }
                }
              ]
            },
            "systemData": {
              "createdBy": "ea0eddd2-3d60-47f8-b3bf-7ec8ae554d10",
              "createdByType": "Application",
              "createdAt": "2022-11-30T08:32:40.992095Z",
              "lastModifiedBy": "ea0eddd2-3d60-47f8-b3bf-7ec8ae554d10",
              "lastModifiedByType": "Application",
              "lastModifiedAt": "2022-11-30T08:32:40.992095Z"
            }
          }
        ]
      }
    }
  ],
  "Variables": {
    "AZURE_AUTHORITY_HOST": "https://login.microsoftonline.com",
    "DateTimeOffsetNow": "2022-11-30T16:32:44.1428715\u002B08:00",
    "RandomSeed": "255800482",
    "RESOURCE_MANAGER_URL": null,
    "SUBSCRIPTION_ID": "db1ab6f0-4769-4b27-930e-01e2ef9c123c"
  }
}
