{
  "Entries": [
    {
      "RequestUri": "https://management.azure.com/subscriptions/f66367e1-cf7d-407b-ba39-53230cc79071?api-version=2021-01-01",
      "RequestMethod": "GET",
      "RequestHeaders": {
        "Accept": "application/json",
        "Authorization": "Sanitized",
        "traceparent": "00-80818125db0c034b90682a9b3b5288e4-ecd5a3aa38d3594a-00",
        "User-Agent": "azsdk-net-ResourceManager/1.3.0 (.NET Core 3.1.28; Microsoft Windows 10.0.22000)",
        "x-ms-client-request-id": "2426ca9c954ba719b830e60b9fefe178",
        "x-ms-return-client-request-id": "true"
      },
      "RequestBody": null,
      "StatusCode": 200,
      "ResponseHeaders": {
        "Cache-Control": "no-cache",
        "Content-Length": "456",
        "Content-Type": "application/json; charset=utf-8",
        "Date": "Wed, 10 Aug 2022 19:36:21 GMT",
        "Expires": "-1",
        "Pragma": "no-cache",
        "Strict-Transport-Security": "max-age=31536000; includeSubDomains",
        "X-Content-Type-Options": "nosniff",
        "x-ms-correlation-request-id": "66378295-b9da-499d-980d-0846e3740cf8",
        "x-ms-ratelimit-remaining-subscription-reads": "11989",
        "x-ms-request-id": "66378295-b9da-499d-980d-0846e3740cf8",
        "x-ms-routing-request-id": "WESTCENTRALUS:20220810T193622Z:66378295-b9da-499d-980d-0846e3740cf8"
      },
      "ResponseBody": {
        "id": "/subscriptions/f66367e1-cf7d-407b-ba39-53230cc79071",
        "authorizationSource": "Bypassed",
        "managedByTenants": [
          {
            "tenantId": "2f4a9838-26b7-47ee-be60-ccc1fdec5953"
          }
        ],
        "subscriptionId": "f66367e1-cf7d-407b-ba39-53230cc79071",
        "tenantId": "72f988bf-86f1-41af-91ab-2d7cd011db47",
        "displayName": "MGMT GCRP Package Test 001",
        "state": "Enabled",
        "subscriptionPolicies": {
          "locationPlacementId": "Internal_2014-09-01",
          "quotaId": "Internal_2014-09-01",
          "spendingLimit": "Off"
        }
      }
    },
    {
      "RequestUri": "https://management.azure.com/subscriptions/f66367e1-cf7d-407b-ba39-53230cc79071/resourcegroups/neela-sdk-rg?api-version=2021-04-01",
      "RequestMethod": "GET",
      "RequestHeaders": {
        "Accept": "application/json",
        "Authorization": "Sanitized",
        "traceparent": "00-19c1958f86bc054782e86e9de2b6b780-d1625f2786c0f047-00",
        "User-Agent": "azsdk-net-ResourceManager/1.3.0 (.NET Core 3.1.28; Microsoft Windows 10.0.22000)",
        "x-ms-client-request-id": "e97c2fd9a4acd48eff0daddf449b31dd",
        "x-ms-return-client-request-id": "true"
      },
      "RequestBody": null,
      "StatusCode": 200,
      "ResponseHeaders": {
        "Cache-Control": "no-cache",
        "Content-Length": "231",
        "Content-Type": "application/json; charset=utf-8",
        "Date": "Wed, 10 Aug 2022 19:36:21 GMT",
        "Expires": "-1",
        "Pragma": "no-cache",
        "Strict-Transport-Security": "max-age=31536000; includeSubDomains",
        "X-Content-Type-Options": "nosniff",
        "x-ms-correlation-request-id": "0cc15c0f-0480-4582-846d-8f66531ef877",
        "x-ms-ratelimit-remaining-subscription-reads": "11988",
        "x-ms-request-id": "0cc15c0f-0480-4582-846d-8f66531ef877",
        "x-ms-routing-request-id": "WESTCENTRALUS:20220810T193622Z:0cc15c0f-0480-4582-846d-8f66531ef877"
      },
      "ResponseBody": {
        "id": "/subscriptions/f66367e1-cf7d-407b-ba39-53230cc79071/resourceGroups/neela-sdk-rg",
        "name": "neela-sdk-rg",
        "type": "Microsoft.Resources/resourceGroups",
        "location": "eastus",
        "tags": {},
        "properties": {
          "provisioningState": "Succeeded"
        }
      }
    },
    {
      "RequestUri": "https://management.azure.com/subscriptions/f66367e1-cf7d-407b-ba39-53230cc79071/resourceGroups/neela-sdk-rg/providers/Microsoft.HybridCompute/machines/LAPTOP-4B77J53J/providers/Microsoft.GuestConfiguration/guestConfigurationAssignments/AuditSecureProtocol?api-version=2022-01-25",
      "RequestMethod": "PUT",
      "RequestHeaders": {
        "Accept": "application/json",
        "Authorization": "Sanitized",
        "Content-Length": "290",
        "Content-Type": "application/json",
        "traceparent": "00-ed5290d0e5498240b40d7b96daefc409-281d014913660246-00",
        "User-Agent": "azsdk-net-ResourceManager.GuestConfiguration/1.0.0-alpha.20220810.1 (.NET Core 3.1.28; Microsoft Windows 10.0.22000)",
        "x-ms-client-request-id": "c60cc010c50795faef1175ec5e84a0ad",
        "x-ms-return-client-request-id": "true"
      },
      "RequestBody": {
        "properties": {
          "guestConfiguration": {
            "kind": "DSC",
            "name": "AuditSecureProtocol",
            "version": "1.0.0.3",
            "assignmentType": "ApplyAndAutoCorrect",
            "configurationParameter": [
              {}
            ],
            "configurationProtectedParameter": [
              {}
            ]
          },
          "context": "Azure policy"
        },
        "name": "AuditSecureProtocol",
        "location": "westcentralus"
      },
      "StatusCode": 200,
      "ResponseHeaders": {
        "Cache-Control": "no-cache",
        "Content-Length": "900",
        "Content-Type": "application/json; charset=utf-8",
        "Date": "Wed, 10 Aug 2022 19:36:23 GMT",
        "Expires": "-1",
        "Pragma": "no-cache",
        "Server": "Microsoft-IIS/10.0",
        "Strict-Transport-Security": "max-age=31536000; includeSubDomains",
        "X-Content-Type-Options": "nosniff",
        "x-ms-correlation-request-id": "d9d16873-a727-471b-8774-3327a70ce1bc",
        "x-ms-ratelimit-remaining-subscription-writes": "1197",
        "x-ms-request-id": "d9d16873-a727-471b-8774-3327a70ce1bc",
        "x-ms-routing-request-id": "WESTCENTRALUS:20220810T193624Z:d9d16873-a727-471b-8774-3327a70ce1bc",
        "X-Powered-By": "ASP.NET"
      },
      "ResponseBody": {
        "location": "westcentralus",
        "id": "/subscriptions/f66367e1-cf7d-407b-ba39-53230cc79071/resourceGroups/neela-sdk-rg/providers/Microsoft.HybridCompute/machines/LAPTOP-4B77J53J/providers/Microsoft.GuestConfiguration/guestConfigurationAssignments/AuditSecureProtocol",
        "name": "AuditSecureProtocol",
        "properties": {
          "complianceStatus": "Pending",
          "assignmentHash": null,
          "parameterHash": null,
          "latestReportId": null,
          "lastComplianceStatusChecked": null,
          "context": "Azure policy",
          "guestConfiguration": {
            "kind": "DSC",
            "name": "AuditSecureProtocol",
            "version": "1.0.0.3",
            "contentUri": null,
            "contentHash": null,
            "contentType": "Builtin",
            "assignmentType": "ApplyAndAutoCorrect",
            "assignmentSource": "Manual assignment",
            "configurationParameter": [
              {
                "name": null,
                "value": null
              }
            ],
            "configurationProtectedParameter": [
              {
                "name": null,
                "value": null
              }
            ],
            "configurationSetting": null
          },
          "provisioningState": "Succeeded",
          "resourceType": null,
          "vmssVMList": null
        }
      }
    },
    {
      "RequestUri": "https://management.azure.com/subscriptions/f66367e1-cf7d-407b-ba39-53230cc79071/resourceGroups/neela-sdk-rg/providers/Microsoft.HybridCompute/machines/LAPTOP-4B77J53J/providers/Microsoft.GuestConfiguration/guestConfigurationAssignments/AuditSecureProtocol?api-version=2022-01-25",
      "RequestMethod": "GET",
      "RequestHeaders": {
        "Accept": "application/json",
        "Authorization": "Sanitized",
        "traceparent": "00-a44b5f5698a5e54fb609334a736a163f-c5f06d9c3626534c-00",
        "User-Agent": "azsdk-net-ResourceManager.GuestConfiguration/1.0.0-alpha.20220810.1 (.NET Core 3.1.28; Microsoft Windows 10.0.22000)",
        "x-ms-client-request-id": "d24547877ea0f85a3b51243de83a631d",
        "x-ms-return-client-request-id": "true"
      },
      "RequestBody": null,
      "StatusCode": 200,
      "ResponseHeaders": {
        "Cache-Control": "no-cache",
        "Content-Length": "1312",
        "Content-Type": "application/json; charset=utf-8",
        "Date": "Wed, 10 Aug 2022 19:36:23 GMT",
        "Expires": "-1",
        "Pragma": "no-cache",
        "Server": "Microsoft-IIS/10.0",
        "Strict-Transport-Security": "max-age=31536000; includeSubDomains",
        "X-Content-Type-Options": "nosniff",
        "x-ms-correlation-request-id": "426c94d5-0735-452f-8b59-52532db6a716",
        "x-ms-ratelimit-remaining-subscription-reads": "11987",
        "x-ms-request-id": "426c94d5-0735-452f-8b59-52532db6a716",
        "x-ms-routing-request-id": "WESTCENTRALUS:20220810T193624Z:426c94d5-0735-452f-8b59-52532db6a716",
        "X-Powered-By": "ASP.NET"
      },
      "ResponseBody": {
        "location": "westcentralus",
        "id": "/subscriptions/f66367e1-cf7d-407b-ba39-53230cc79071/resourceGroups/neela-sdk-rg/providers/Microsoft.HybridCompute/machines/LAPTOP-4B77J53J/providers/Microsoft.GuestConfiguration/guestConfigurationAssignments/AuditSecureProtocol",
        "name": "AuditSecureProtocol",
        "properties": {
          "complianceStatus": "Pending",
          "assignmentHash": "",
          "parameterHash": "PQ==",
          "latestReportId": "/subscriptions/f66367e1-cf7d-407b-ba39-53230cc79071/resourceGroups/neela-sdk-rg/providers/Microsoft.HybridCompute/machines/LAPTOP-4B77J53J/providers/Microsoft.GuestConfiguration/guestConfigurationAssignments/AuditSecureProtocol/reports/db64f5c9-80e8-40fd-b01e-6b1b806a67b2",
          "lastComplianceStatusChecked": "2022-08-10T19:33:22Z",
          "context": null,
          "guestConfiguration": {
            "kind": null,
            "name": "AuditSecureProtocol",
            "version": "1.0.0.3",
            "contentUri": null,
            "contentHash": null,
            "contentType": null,
            "assignmentType": "ApplyAndAutoCorrect",
            "assignmentSource": "Manual assignment",
            "configurationParameter": [
              {
                "name": null,
                "value": null
              }
            ],
            "configurationProtectedParameter": [],
            "configurationSetting": {
              "configurationMode": "MonitorOnly",
              "allowModuleOverwrite": false,
              "actionAfterReboot": "",
              "refreshFrequencyMins": 5,
              "rebootIfNeeded": true,
              "configurationModeFrequencyMins": 15
            }
          },
          "provisioningState": "Succeeded",
          "resourceType": null,
          "vmssVMList": null
        }
      }
    },
    {
      "RequestUri": "https://management.azure.com/subscriptions/f66367e1-cf7d-407b-ba39-53230cc79071/resourceGroups/neela-sdk-rg/providers/Microsoft.HybridCompute/machines/LAPTOP-4B77J53J/providers/Microsoft.GuestConfiguration/guestConfigurationAssignments/AuditSecureProtocol?api-version=2022-01-25",
      "RequestMethod": "PUT",
      "RequestHeaders": {
        "Accept": "application/json",
        "Authorization": "Sanitized",
        "Content-Length": "298",
        "Content-Type": "application/json",
        "traceparent": "00-c0153674050b3b4fb9cc86a1febec8e0-9ce6b5a65b835a4e-00",
        "User-Agent": "azsdk-net-ResourceManager.GuestConfiguration/1.0.0-alpha.20220810.1 (.NET Core 3.1.28; Microsoft Windows 10.0.22000)",
        "x-ms-client-request-id": "dffa09fe1ae3137034e6f99b2fa2757b",
        "x-ms-return-client-request-id": "true"
      },
      "RequestBody": {
        "properties": {
          "guestConfiguration": {
            "kind": "DSC",
            "name": "AuditSecureProtocol",
            "version": "1.0.0.3",
            "assignmentType": "ApplyAndAutoCorrect",
            "configurationParameter": [
              {}
            ],
            "configurationProtectedParameter": [
              {}
            ]
          },
          "context": "Azure Policy Updated"
        },
        "name": "AuditSecureProtocol",
        "location": "westcentralus"
      },
      "StatusCode": 200,
      "ResponseHeaders": {
        "Cache-Control": "no-cache",
        "Content-Length": "908",
        "Content-Type": "application/json; charset=utf-8",
        "Date": "Wed, 10 Aug 2022 19:36:24 GMT",
        "Expires": "-1",
        "Pragma": "no-cache",
        "Server": "Microsoft-IIS/10.0",
        "Strict-Transport-Security": "max-age=31536000; includeSubDomains",
        "X-Content-Type-Options": "nosniff",
        "x-ms-correlation-request-id": "21dacb24-442c-43c7-9f73-35f94925488d",
        "x-ms-ratelimit-remaining-subscription-writes": "1196",
        "x-ms-request-id": "21dacb24-442c-43c7-9f73-35f94925488d",
        "x-ms-routing-request-id": "WESTCENTRALUS:20220810T193625Z:21dacb24-442c-43c7-9f73-35f94925488d",
        "X-Powered-By": "ASP.NET"
      },
      "ResponseBody": {
        "location": "westcentralus",
        "id": "/subscriptions/f66367e1-cf7d-407b-ba39-53230cc79071/resourceGroups/neela-sdk-rg/providers/Microsoft.HybridCompute/machines/LAPTOP-4B77J53J/providers/Microsoft.GuestConfiguration/guestConfigurationAssignments/AuditSecureProtocol",
        "name": "AuditSecureProtocol",
        "properties": {
          "complianceStatus": "Pending",
          "assignmentHash": null,
          "parameterHash": null,
          "latestReportId": null,
          "lastComplianceStatusChecked": null,
          "context": "Azure Policy Updated",
          "guestConfiguration": {
            "kind": "DSC",
            "name": "AuditSecureProtocol",
            "version": "1.0.0.3",
            "contentUri": null,
            "contentHash": null,
            "contentType": "Builtin",
            "assignmentType": "ApplyAndAutoCorrect",
            "assignmentSource": "Manual assignment",
            "configurationParameter": [
              {
                "name": null,
                "value": null
              }
            ],
            "configurationProtectedParameter": [
              {
                "name": null,
                "value": null
              }
            ],
            "configurationSetting": null
          },
          "provisioningState": "Succeeded",
          "resourceType": null,
          "vmssVMList": null
        }
      }
    }
  ],
  "Variables": {
    "AZURE_AUTHORITY_HOST": "https://login.microsoftonline.com",
    "RandomSeed": "577095701",
    "RESOURCE_MANAGER_URL": null,
    "SUBSCRIPTION_ID": "f66367e1-cf7d-407b-ba39-53230cc79071"
  }
}
