{
  "Entries": [
    {
      "RequestUri": "/subscriptions/d7cfdb98-c118-458d-8bdf-246be66b1f5e/resourcegroups/cdnResourceGroup7018?api-version=2015-11-01",
      "EncodedRequestUri": "L3N1YnNjcmlwdGlvbnMvZDdjZmRiOTgtYzExOC00NThkLThiZGYtMjQ2YmU2NmIxZjVlL3Jlc291cmNlZ3JvdXBzL2NkblJlc291cmNlR3JvdXA3MDE4P2FwaS12ZXJzaW9uPTIwMTUtMTEtMDE=",
      "RequestMethod": "DELETE",
      "RequestBody": "",
      "RequestHeaders": {
        "x-ms-client-request-id": [
          "f384249d-f6d1-4cbf-be8a-cd90d1dd63cd"
        ],
        "Accept-Language": [
          "en-US"
        ],
        "User-Agent": [
          "FxVersion/4.6.29518.01",
          "OSName/Windows",
          "OSVersion/Microsoft.Windows.10.0.19042.",
          "Microsoft.Azure.Management.Resources.ResourceManagementClient/1.0.0.0"
        ]
      },
      "ResponseHeaders": {
        "Cache-Control": [
          "no-cache"
        ],
        "Pragma": [
          "no-cache"
        ],
        "Location": [
          "https://management.azure.com/subscriptions/d7cfdb98-c118-458d-8bdf-246be66b1f5e/operationresults/eyJqb2JJZCI6IlJFU09VUkNFR1JPVVBERUxFVElPTkpPQi1DRE5SRVNPVVJDRUdST1VQNzAxOC1XRVNUVVMiLCJqb2JMb2NhdGlvbiI6Indlc3R1cyJ9?api-version=2015-11-01"
        ],
        "Retry-After": [
          "15"
        ],
        "x-ms-ratelimit-remaining-subscription-deletes": [
          "14998"
        ],
        "x-ms-request-id": [
          "7acecad7-d52d-4c3d-958a-788cd4bb97b9"
        ],
        "x-ms-correlation-request-id": [
          "7acecad7-d52d-4c3d-958a-788cd4bb97b9"
        ],
        "x-ms-routing-request-id": [
          "SOUTHEASTASIA:20210127T060443Z:7acecad7-d52d-4c3d-958a-788cd4bb97b9"
        ],
        "Strict-Transport-Security": [
          "max-age=31536000; includeSubDomains"
        ],
        "X-Content-Type-Options": [
          "nosniff"
        ],
        "Date": [
          "Wed, 27 Jan 2021 06:04:43 GMT"
        ],
        "Expires": [
          "-1"
        ],
        "Content-Length": [
          "0"
        ]
      },
      "ResponseBody": "",
      "StatusCode": 202
    },
    {
      "RequestUri": "/subscriptions/d7cfdb98-c118-458d-8bdf-246be66b1f5e/resourcegroups/cdnResourceGroup7685?api-version=2015-11-01",
      "EncodedRequestUri": "L3N1YnNjcmlwdGlvbnMvZDdjZmRiOTgtYzExOC00NThkLThiZGYtMjQ2YmU2NmIxZjVlL3Jlc291cmNlZ3JvdXBzL2NkblJlc291cmNlR3JvdXA3Njg1P2FwaS12ZXJzaW9uPTIwMTUtMTEtMDE=",
      "RequestMethod": "PUT",
      "RequestBody": "{\r\n  \"location\": \"westus\"\r\n}",
      "RequestHeaders": {
        "x-ms-client-request-id": [
          "99e65776-4552-4d07-92f8-1602a2fe77f1"
        ],
        "Accept-Language": [
          "en-US"
        ],
        "User-Agent": [
          "FxVersion/4.6.29518.01",
          "OSName/Windows",
          "OSVersion/Microsoft.Windows.10.0.19042.",
          "Microsoft.Azure.Management.Resources.ResourceManagementClient/1.0.0.0"
        ],
        "Content-Type": [
          "application/json; charset=utf-8"
        ],
        "Content-Length": [
          "28"
        ]
      },
      "ResponseHeaders": {
        "Cache-Control": [
          "no-cache"
        ],
        "Pragma": [
          "no-cache"
        ],
        "x-ms-ratelimit-remaining-subscription-writes": [
          "1199"
        ],
        "x-ms-request-id": [
          "66375a4e-98ed-4603-ba09-de11371c0934"
        ],
        "x-ms-correlation-request-id": [
          "66375a4e-98ed-4603-ba09-de11371c0934"
        ],
        "x-ms-routing-request-id": [
          "SOUTHEASTASIA:20210127T060444Z:66375a4e-98ed-4603-ba09-de11371c0934"
        ],
        "Strict-Transport-Security": [
          "max-age=31536000; includeSubDomains"
        ],
        "X-Content-Type-Options": [
          "nosniff"
        ],
        "Date": [
          "Wed, 27 Jan 2021 06:04:44 GMT"
        ],
        "Content-Length": [
          "193"
        ],
        "Content-Type": [
          "application/json; charset=utf-8"
        ],
        "Expires": [
          "-1"
        ]
      },
      "ResponseBody": "{\r\n  \"id\": \"/subscriptions/d7cfdb98-c118-458d-8bdf-246be66b1f5e/resourceGroups/cdnResourceGroup7685\",\r\n  \"name\": \"cdnResourceGroup7685\",\r\n  \"location\": \"westus\",\r\n  \"properties\": {\r\n    \"provisioningState\": \"Succeeded\"\r\n  }\r\n}",
      "StatusCode": 201
    },
    {
      "RequestUri": "/subscriptions/d7cfdb98-c118-458d-8bdf-246be66b1f5e/resourceGroups/cdnResourceGroup7685/providers/Microsoft.Cdn/profiles/profile3789?api-version=2020-09-01",
      "EncodedRequestUri": "L3N1YnNjcmlwdGlvbnMvZDdjZmRiOTgtYzExOC00NThkLThiZGYtMjQ2YmU2NmIxZjVlL3Jlc291cmNlR3JvdXBzL2NkblJlc291cmNlR3JvdXA3Njg1L3Byb3ZpZGVycy9NaWNyb3NvZnQuQ2RuL3Byb2ZpbGVzL3Byb2ZpbGUzNzg5P2FwaS12ZXJzaW9uPTIwMjAtMDktMDE=",
      "RequestMethod": "PUT",
      "RequestBody": "{\r\n  \"sku\": {\r\n    \"name\": \"Standard_AzureFrontDoor\"\r\n  },\r\n  \"location\": \"WestUs\",\r\n  \"tags\": {\r\n    \"key1\": \"value1\",\r\n    \"key2\": \"value2\"\r\n  }\r\n}",
      "RequestHeaders": {
        "x-ms-client-request-id": [
          "eb0cb31b-1575-4e62-aead-4b0872c68cc8"
        ],
        "Accept-Language": [
          "en-US"
        ],
        "User-Agent": [
          "FxVersion/4.6.29518.01",
          "OSName/Windows",
          "OSVersion/Microsoft.Windows.10.0.19042.",
          "Microsoft.Azure.Management.Cdn.CdnManagementClient/4.4.1.0"
        ],
        "Content-Type": [
          "application/json; charset=utf-8"
        ],
        "Content-Length": [
          "149"
        ]
      },
      "ResponseHeaders": {
        "Cache-Control": [
          "no-cache"
        ],
        "Pragma": [
          "no-cache"
        ],
        "Retry-After": [
          "10"
        ],
        "Strict-Transport-Security": [
          "max-age=31536000; includeSubDomains"
        ],
        "x-ms-request-id": [
          "a47ad451-2920-4ff5-b719-7b5a8eb45e6f"
        ],
        "x-ms-client-request-id": [
          "eb0cb31b-1575-4e62-aead-4b0872c68cc8"
        ],
        "Azure-AsyncOperation": [
          "https://management.azure.com/subscriptions/d7cfdb98-c118-458d-8bdf-246be66b1f5e/resourcegroups/cdnResourceGroup7685/providers/Microsoft.Cdn/operationresults/c70fbcfc-15af-466a-a7f2-b14c58885587?api-version=2020-09-01"
        ],
        "Server": [
          "Kestrel"
        ],
        "x-ms-ratelimit-remaining-subscription-resource-requests": [
          "23"
        ],
        "x-ms-correlation-request-id": [
          "2076d7fc-5985-4e7b-8183-791aaa44f744"
        ],
        "x-ms-routing-request-id": [
          "SOUTHEASTASIA:20210127T060453Z:2076d7fc-5985-4e7b-8183-791aaa44f744"
        ],
        "X-Content-Type-Options": [
          "nosniff"
        ],
        "Date": [
          "Wed, 27 Jan 2021 06:04:52 GMT"
        ],
        "Content-Length": [
          "441"
        ],
        "Content-Type": [
          "application/json; charset=utf-8"
        ],
        "Expires": [
          "-1"
        ]
      },
      "ResponseBody": "{\r\n  \"id\": \"/subscriptions/d7cfdb98-c118-458d-8bdf-246be66b1f5e/resourcegroups/cdnResourceGroup7685/providers/Microsoft.Cdn/profiles/profile3789\",\r\n  \"type\": \"Microsoft.Cdn/profiles\",\r\n  \"name\": \"profile3789\",\r\n  \"location\": \"WestUs\",\r\n  \"kind\": \"frontdoor\",\r\n  \"tags\": {\r\n    \"key1\": \"value1\",\r\n    \"key2\": \"value2\"\r\n  },\r\n  \"sku\": {\r\n    \"name\": \"Standard_AzureFrontDoor\"\r\n  },\r\n  \"properties\": {\r\n    \"frontDoorId\": \"9b90aea1-2002-40a9-9b62-194865a5d0f6\",\r\n    \"resourceState\": \"Creating\",\r\n    \"provisioningState\": \"Creating\"\r\n  }\r\n}",
      "StatusCode": 201
    },
    {
      "RequestUri": "/subscriptions/d7cfdb98-c118-458d-8bdf-246be66b1f5e/resourcegroups/cdnResourceGroup7685/providers/Microsoft.Cdn/operationresults/c70fbcfc-15af-466a-a7f2-b14c58885587?api-version=2020-09-01",
      "EncodedRequestUri": "L3N1YnNjcmlwdGlvbnMvZDdjZmRiOTgtYzExOC00NThkLThiZGYtMjQ2YmU2NmIxZjVlL3Jlc291cmNlZ3JvdXBzL2NkblJlc291cmNlR3JvdXA3Njg1L3Byb3ZpZGVycy9NaWNyb3NvZnQuQ2RuL29wZXJhdGlvbnJlc3VsdHMvYzcwZmJjZmMtMTVhZi00NjZhLWE3ZjItYjE0YzU4ODg1NTg3P2FwaS12ZXJzaW9uPTIwMjAtMDktMDE=",
      "RequestMethod": "GET",
      "RequestBody": "",
      "RequestHeaders": {
        "User-Agent": [
          "FxVersion/4.6.29518.01",
          "OSName/Windows",
          "OSVersion/Microsoft.Windows.10.0.19042.",
          "Microsoft.Azure.Management.Cdn.CdnManagementClient/4.4.1.0"
        ]
      },
      "ResponseHeaders": {
        "Cache-Control": [
          "no-cache"
        ],
        "Pragma": [
          "no-cache"
        ],
        "Strict-Transport-Security": [
          "max-age=31536000; includeSubDomains"
        ],
        "x-ms-request-id": [
          "20c0c765-4201-40e4-a1d3-0b7411675b56"
        ],
        "x-ms-client-request-id": [
          "1a785568-c4d4-44c0-b111-ab8703a374de"
        ],
        "Server": [
          "Kestrel"
        ],
        "x-ms-ratelimit-remaining-subscription-reads": [
          "11996"
        ],
        "x-ms-correlation-request-id": [
          "70d2eb66-9da6-45c7-9ec7-72eca31296eb"
        ],
        "x-ms-routing-request-id": [
          "SOUTHEASTASIA:20210127T060503Z:70d2eb66-9da6-45c7-9ec7-72eca31296eb"
        ],
        "X-Content-Type-Options": [
          "nosniff"
        ],
        "Date": [
          "Wed, 27 Jan 2021 06:05:02 GMT"
        ],
        "Content-Length": [
          "62"
        ],
        "Content-Type": [
          "application/json; charset=utf-8"
        ],
        "Expires": [
          "-1"
        ]
      },
      "ResponseBody": "{\r\n  \"status\": \"InProgress\",\r\n  \"error\": {\r\n    \"code\": \"None\",\r\n    \"message\": null\r\n  }\r\n}",
      "StatusCode": 200
    },
    {
      "RequestUri": "/subscriptions/d7cfdb98-c118-458d-8bdf-246be66b1f5e/resourcegroups/cdnResourceGroup7685/providers/Microsoft.Cdn/operationresults/c70fbcfc-15af-466a-a7f2-b14c58885587?api-version=2020-09-01",
      "EncodedRequestUri": "L3N1YnNjcmlwdGlvbnMvZDdjZmRiOTgtYzExOC00NThkLThiZGYtMjQ2YmU2NmIxZjVlL3Jlc291cmNlZ3JvdXBzL2NkblJlc291cmNlR3JvdXA3Njg1L3Byb3ZpZGVycy9NaWNyb3NvZnQuQ2RuL29wZXJhdGlvbnJlc3VsdHMvYzcwZmJjZmMtMTVhZi00NjZhLWE3ZjItYjE0YzU4ODg1NTg3P2FwaS12ZXJzaW9uPTIwMjAtMDktMDE=",
      "RequestMethod": "GET",
      "RequestBody": "",
      "RequestHeaders": {
        "User-Agent": [
          "FxVersion/4.6.29518.01",
          "OSName/Windows",
          "OSVersion/Microsoft.Windows.10.0.19042.",
          "Microsoft.Azure.Management.Cdn.CdnManagementClient/4.4.1.0"
        ]
      },
      "ResponseHeaders": {
        "Cache-Control": [
          "no-cache"
        ],
        "Pragma": [
          "no-cache"
        ],
        "Strict-Transport-Security": [
          "max-age=31536000; includeSubDomains"
        ],
        "x-ms-request-id": [
          "6866356c-f624-4f0f-80ea-5dd5789be13c"
        ],
        "x-ms-client-request-id": [
          "7bb4fbc9-9c52-473c-bd81-5915ddf7f327"
        ],
        "Server": [
          "Kestrel"
        ],
        "x-ms-ratelimit-remaining-subscription-reads": [
          "11995"
        ],
        "x-ms-correlation-request-id": [
          "197255d2-5cf4-478b-b285-9cb59bbbc69e"
        ],
        "x-ms-routing-request-id": [
          "SOUTHEASTASIA:20210127T060513Z:197255d2-5cf4-478b-b285-9cb59bbbc69e"
        ],
        "X-Content-Type-Options": [
          "nosniff"
        ],
        "Date": [
          "Wed, 27 Jan 2021 06:05:13 GMT"
        ],
        "Content-Length": [
          "61"
        ],
        "Content-Type": [
          "application/json; charset=utf-8"
        ],
        "Expires": [
          "-1"
        ]
      },
      "ResponseBody": "{\r\n  \"status\": \"Succeeded\",\r\n  \"error\": {\r\n    \"code\": \"None\",\r\n    \"message\": null\r\n  }\r\n}",
      "StatusCode": 200
    },
    {
      "RequestUri": "/subscriptions/d7cfdb98-c118-458d-8bdf-246be66b1f5e/resourceGroups/cdnResourceGroup7685/providers/Microsoft.Cdn/profiles/profile3789?api-version=2020-09-01",
      "EncodedRequestUri": "L3N1YnNjcmlwdGlvbnMvZDdjZmRiOTgtYzExOC00NThkLThiZGYtMjQ2YmU2NmIxZjVlL3Jlc291cmNlR3JvdXBzL2NkblJlc291cmNlR3JvdXA3Njg1L3Byb3ZpZGVycy9NaWNyb3NvZnQuQ2RuL3Byb2ZpbGVzL3Byb2ZpbGUzNzg5P2FwaS12ZXJzaW9uPTIwMjAtMDktMDE=",
      "RequestMethod": "GET",
      "RequestBody": "",
      "RequestHeaders": {
        "User-Agent": [
          "FxVersion/4.6.29518.01",
          "OSName/Windows",
          "OSVersion/Microsoft.Windows.10.0.19042.",
          "Microsoft.Azure.Management.Cdn.CdnManagementClient/4.4.1.0"
        ]
      },
      "ResponseHeaders": {
        "Cache-Control": [
          "no-cache"
        ],
        "Pragma": [
          "no-cache"
        ],
        "Strict-Transport-Security": [
          "max-age=31536000; includeSubDomains"
        ],
        "x-ms-request-id": [
          "3842077c-9b73-4e0a-b328-35970c13d3c0"
        ],
        "x-ms-client-request-id": [
          "306b32c7-1489-47f8-ac8c-fe681f8b8a7c"
        ],
        "Server": [
          "Kestrel"
        ],
        "x-ms-ratelimit-remaining-subscription-resource-requests": [
          "49"
        ],
        "x-ms-correlation-request-id": [
          "65cd11ae-b08f-487a-9159-6af9dcb283bf"
        ],
        "x-ms-routing-request-id": [
          "SOUTHEASTASIA:20210127T060514Z:65cd11ae-b08f-487a-9159-6af9dcb283bf"
        ],
        "X-Content-Type-Options": [
          "nosniff"
        ],
        "Date": [
          "Wed, 27 Jan 2021 06:05:13 GMT"
        ],
        "Content-Length": [
          "440"
        ],
        "Content-Type": [
          "application/json; charset=utf-8"
        ],
        "Expires": [
          "-1"
        ]
      },
      "ResponseBody": "{\r\n  \"id\": \"/subscriptions/d7cfdb98-c118-458d-8bdf-246be66b1f5e/resourcegroups/cdnResourceGroup7685/providers/Microsoft.Cdn/profiles/profile3789\",\r\n  \"type\": \"Microsoft.Cdn/profiles\",\r\n  \"name\": \"profile3789\",\r\n  \"location\": \"WestUs\",\r\n  \"kind\": \"frontdoor\",\r\n  \"tags\": {\r\n    \"key1\": \"value1\",\r\n    \"key2\": \"value2\"\r\n  },\r\n  \"sku\": {\r\n    \"name\": \"Standard_AzureFrontDoor\"\r\n  },\r\n  \"properties\": {\r\n    \"frontDoorId\": \"9b90aea1-2002-40a9-9b62-194865a5d0f6\",\r\n    \"resourceState\": \"Active\",\r\n    \"provisioningState\": \"Succeeded\"\r\n  }\r\n}",
      "StatusCode": 200
    },
    {
      "RequestUri": "/subscriptions/d7cfdb98-c118-458d-8bdf-246be66b1f5e/resourceGroups/cdnResourceGroup7685/providers/Microsoft.Cdn/profiles/profile3789/afdEndpoints/endpointName9468?api-version=2020-09-01",
      "EncodedRequestUri": "L3N1YnNjcmlwdGlvbnMvZDdjZmRiOTgtYzExOC00NThkLThiZGYtMjQ2YmU2NmIxZjVlL3Jlc291cmNlR3JvdXBzL2NkblJlc291cmNlR3JvdXA3Njg1L3Byb3ZpZGVycy9NaWNyb3NvZnQuQ2RuL3Byb2ZpbGVzL3Byb2ZpbGUzNzg5L2FmZEVuZHBvaW50cy9lbmRwb2ludE5hbWU5NDY4P2FwaS12ZXJzaW9uPTIwMjAtMDktMDE=",
      "RequestMethod": "PUT",
      "RequestBody": "{\r\n  \"properties\": {\r\n    \"originResponseTimeoutSeconds\": 60,\r\n    \"enabledState\": \"Enabled\"\r\n  },\r\n  \"location\": \"WestUs\",\r\n  \"tags\": {\r\n    \"key1\": \"value1\",\r\n    \"key2\": \"value2\"\r\n  }\r\n}",
      "RequestHeaders": {
        "x-ms-client-request-id": [
          "22fcefe7-f6d8-4ea1-9acc-ac4acff2ec56"
        ],
        "Accept-Language": [
          "en-US"
        ],
        "User-Agent": [
          "FxVersion/4.6.29518.01",
          "OSName/Windows",
          "OSVersion/Microsoft.Windows.10.0.19042.",
          "Microsoft.Azure.Management.Cdn.CdnManagementClient/4.4.1.0"
        ],
        "Content-Type": [
          "application/json; charset=utf-8"
        ],
        "Content-Length": [
          "189"
        ]
      },
      "ResponseHeaders": {
        "Cache-Control": [
          "no-cache"
        ],
        "Pragma": [
          "no-cache"
        ],
        "Retry-After": [
          "10"
        ],
        "Strict-Transport-Security": [
          "max-age=31536000; includeSubDomains"
        ],
        "x-ms-request-id": [
          "d90431fa-3462-494c-99c2-81263edf1fa9"
        ],
        "x-ms-client-request-id": [
          "22fcefe7-f6d8-4ea1-9acc-ac4acff2ec56"
        ],
        "Azure-AsyncOperation": [
          "https://management.azure.com/subscriptions/d7cfdb98-c118-458d-8bdf-246be66b1f5e/resourcegroups/cdnResourceGroup7685/providers/Microsoft.Cdn/operationresults/07e7a8bc-15f2-4214-bda1-2eeb3d2cadee?api-version=2020-09-01"
        ],
        "Server": [
          "Kestrel"
        ],
        "x-ms-ratelimit-remaining-subscription-resource-requests": [
          "98"
        ],
        "x-ms-correlation-request-id": [
          "988196d4-1610-4b1e-823c-d32d94f6d0fc"
        ],
        "x-ms-routing-request-id": [
          "SOUTHEASTASIA:20210127T060519Z:988196d4-1610-4b1e-823c-d32d94f6d0fc"
        ],
        "X-Content-Type-Options": [
          "nosniff"
        ],
        "Date": [
          "Wed, 27 Jan 2021 06:05:18 GMT"
        ],
        "Content-Length": [
          "486"
        ],
        "Content-Type": [
          "application/json; charset=utf-8"
        ],
        "Expires": [
          "-1"
        ]
      },
      "ResponseBody": "{\r\n  \"id\": \"/subscriptions/d7cfdb98-c118-458d-8bdf-246be66b1f5e/resourcegroups/cdnResourceGroup7685/providers/Microsoft.Cdn/profiles/profile3789/afdEndpoints/endpointName9468\",\r\n  \"type\": \"Microsoft.Cdn/profiles/afdendpoints\",\r\n  \"name\": \"endpointName9468\",\r\n  \"location\": \"WestUs\",\r\n  \"tags\": {\r\n    \"key1\": \"value1\",\r\n    \"key2\": \"value2\"\r\n  },\r\n  \"properties\": {\r\n    \"hostName\": \"endpointName9468.z01.azurefd.net\",\r\n    \"originResponseTimeoutSeconds\": 60,\r\n    \"enabledState\": \"Enabled\",\r\n    \"provisioningState\": \"Creating\",\r\n    \"deploymentStatus\": \"NotStarted\"\r\n  }\r\n}",
      "StatusCode": 201
    },
    {
      "RequestUri": "/subscriptions/d7cfdb98-c118-458d-8bdf-246be66b1f5e/resourcegroups/cdnResourceGroup7685/providers/Microsoft.Cdn/operationresults/07e7a8bc-15f2-4214-bda1-2eeb3d2cadee?api-version=2020-09-01",
      "EncodedRequestUri": "L3N1YnNjcmlwdGlvbnMvZDdjZmRiOTgtYzExOC00NThkLThiZGYtMjQ2YmU2NmIxZjVlL3Jlc291cmNlZ3JvdXBzL2NkblJlc291cmNlR3JvdXA3Njg1L3Byb3ZpZGVycy9NaWNyb3NvZnQuQ2RuL29wZXJhdGlvbnJlc3VsdHMvMDdlN2E4YmMtMTVmMi00MjE0LWJkYTEtMmVlYjNkMmNhZGVlP2FwaS12ZXJzaW9uPTIwMjAtMDktMDE=",
      "RequestMethod": "GET",
      "RequestBody": "",
      "RequestHeaders": {
        "User-Agent": [
          "FxVersion/4.6.29518.01",
          "OSName/Windows",
          "OSVersion/Microsoft.Windows.10.0.19042.",
          "Microsoft.Azure.Management.Cdn.CdnManagementClient/4.4.1.0"
        ]
      },
      "ResponseHeaders": {
        "Cache-Control": [
          "no-cache"
        ],
        "Pragma": [
          "no-cache"
        ],
        "Strict-Transport-Security": [
          "max-age=31536000; includeSubDomains"
        ],
        "x-ms-request-id": [
          "fc3da369-f3db-42f9-8744-3128106b645b"
        ],
        "x-ms-client-request-id": [
          "75d91829-9556-42b1-88ce-3da7929d79b2"
        ],
        "Server": [
          "Kestrel"
        ],
        "x-ms-ratelimit-remaining-subscription-reads": [
          "11994"
        ],
        "x-ms-correlation-request-id": [
          "1665ad55-4257-4ff3-b9e7-f9b33b03d8ce"
        ],
        "x-ms-routing-request-id": [
          "SOUTHEASTASIA:20210127T060529Z:1665ad55-4257-4ff3-b9e7-f9b33b03d8ce"
        ],
        "X-Content-Type-Options": [
          "nosniff"
        ],
        "Date": [
          "Wed, 27 Jan 2021 06:05:28 GMT"
        ],
        "Content-Length": [
          "61"
        ],
        "Content-Type": [
          "application/json; charset=utf-8"
        ],
        "Expires": [
          "-1"
        ]
      },
      "ResponseBody": "{\r\n  \"status\": \"Succeeded\",\r\n  \"error\": {\r\n    \"code\": \"None\",\r\n    \"message\": null\r\n  }\r\n}",
      "StatusCode": 200
    },
    {
      "RequestUri": "/subscriptions/d7cfdb98-c118-458d-8bdf-246be66b1f5e/resourceGroups/cdnResourceGroup7685/providers/Microsoft.Cdn/profiles/profile3789/afdEndpoints/endpointName9468?api-version=2020-09-01",
      "EncodedRequestUri": "L3N1YnNjcmlwdGlvbnMvZDdjZmRiOTgtYzExOC00NThkLThiZGYtMjQ2YmU2NmIxZjVlL3Jlc291cmNlR3JvdXBzL2NkblJlc291cmNlR3JvdXA3Njg1L3Byb3ZpZGVycy9NaWNyb3NvZnQuQ2RuL3Byb2ZpbGVzL3Byb2ZpbGUzNzg5L2FmZEVuZHBvaW50cy9lbmRwb2ludE5hbWU5NDY4P2FwaS12ZXJzaW9uPTIwMjAtMDktMDE=",
      "RequestMethod": "GET",
      "RequestBody": "",
      "RequestHeaders": {
        "User-Agent": [
          "FxVersion/4.6.29518.01",
          "OSName/Windows",
          "OSVersion/Microsoft.Windows.10.0.19042.",
          "Microsoft.Azure.Management.Cdn.CdnManagementClient/4.4.1.0"
        ]
      },
      "ResponseHeaders": {
        "Cache-Control": [
          "no-cache"
        ],
        "Pragma": [
          "no-cache"
        ],
        "Strict-Transport-Security": [
          "max-age=31536000; includeSubDomains"
        ],
        "x-ms-request-id": [
          "845119ab-f545-477c-bf79-c418f3c2fdc5"
        ],
        "x-ms-client-request-id": [
          "d5a8470a-1d1d-4c36-98b4-9f24c9a594ee"
        ],
        "Server": [
          "Kestrel"
        ],
        "x-ms-ratelimit-remaining-subscription-resource-requests": [
          "49"
        ],
        "x-ms-correlation-request-id": [
          "a4e24378-4203-4c19-a74f-79ffeae98595"
        ],
        "x-ms-routing-request-id": [
          "SOUTHEASTASIA:20210127T060530Z:a4e24378-4203-4c19-a74f-79ffeae98595"
        ],
        "X-Content-Type-Options": [
          "nosniff"
        ],
        "Date": [
          "Wed, 27 Jan 2021 06:05:29 GMT"
        ],
        "Content-Length": [
          "487"
        ],
        "Content-Type": [
          "application/json; charset=utf-8"
        ],
        "Expires": [
          "-1"
        ]
      },
      "ResponseBody": "{\r\n  \"id\": \"/subscriptions/d7cfdb98-c118-458d-8bdf-246be66b1f5e/resourcegroups/cdnResourceGroup7685/providers/Microsoft.Cdn/profiles/profile3789/afdEndpoints/endpointName9468\",\r\n  \"type\": \"Microsoft.Cdn/profiles/afdendpoints\",\r\n  \"name\": \"endpointName9468\",\r\n  \"location\": \"WestUs\",\r\n  \"tags\": {\r\n    \"key1\": \"value1\",\r\n    \"key2\": \"value2\"\r\n  },\r\n  \"properties\": {\r\n    \"hostName\": \"endpointName9468.z01.azurefd.net\",\r\n    \"originResponseTimeoutSeconds\": 60,\r\n    \"enabledState\": \"Enabled\",\r\n    \"provisioningState\": \"Succeeded\",\r\n    \"deploymentStatus\": \"NotStarted\"\r\n  }\r\n}",
      "StatusCode": 200
    },
    {
      "RequestUri": "/subscriptions/d7cfdb98-c118-458d-8bdf-246be66b1f5e/resourceGroups/cdnResourceGroup7685/providers/Microsoft.Cdn/profiles/profile3789/getLogAnalyticsRankings?api-version=2020-09-01&rankings=url&metrics=clientRequestCount&maxRanking=50&dateTimeBegin=2021-01-27T00%3A00%3A00Z&dateTimeEnd=2021-01-27T00%3A00%3A01Z",
      "EncodedRequestUri": "L3N1YnNjcmlwdGlvbnMvZDdjZmRiOTgtYzExOC00NThkLThiZGYtMjQ2YmU2NmIxZjVlL3Jlc291cmNlR3JvdXBzL2NkblJlc291cmNlR3JvdXA3Njg1L3Byb3ZpZGVycy9NaWNyb3NvZnQuQ2RuL3Byb2ZpbGVzL3Byb2ZpbGUzNzg5L2dldExvZ0FuYWx5dGljc1JhbmtpbmdzP2FwaS12ZXJzaW9uPTIwMjAtMDktMDEmcmFua2luZ3M9dXJsJm1ldHJpY3M9Y2xpZW50UmVxdWVzdENvdW50Jm1heFJhbmtpbmc9NTAmZGF0ZVRpbWVCZWdpbj0yMDIxLTAxLTI3VDAwJTNBMDAlM0EwMFomZGF0ZVRpbWVFbmQ9MjAyMS0wMS0yN1QwMCUzQTAwJTNBMDFa",
      "RequestMethod": "GET",
      "RequestBody": "",
      "RequestHeaders": {
        "x-ms-client-request-id": [
          "27c0d6f6-c516-4424-b911-8cf4c62af39d"
        ],
        "Accept-Language": [
          "en-US"
        ],
        "User-Agent": [
          "FxVersion/4.6.29518.01",
          "OSName/Windows",
          "OSVersion/Microsoft.Windows.10.0.19042.",
          "Microsoft.Azure.Management.Cdn.CdnManagementClient/4.4.1.0"
        ]
      },
      "ResponseHeaders": {
        "Cache-Control": [
          "no-cache"
        ],
        "Pragma": [
          "no-cache"
        ],
        "Strict-Transport-Security": [
          "max-age=31536000; includeSubDomains"
        ],
        "x-ms-request-id": [
          "6d4e6406-9534-40a0-92c7-aad331ee32da"
        ],
        "x-ms-client-request-id": [
          "27c0d6f6-c516-4424-b911-8cf4c62af39d"
        ],
        "Server": [
          "Kestrel"
        ],
        "x-ms-ratelimit-remaining-subscription-reads": [
          "11993"
        ],
        "x-ms-correlation-request-id": [
          "51596065-5e5a-4746-a2e9-a45103feb181"
        ],
        "x-ms-routing-request-id": [
          "SOUTHEASTASIA:20210127T060531Z:51596065-5e5a-4746-a2e9-a45103feb181"
        ],
        "X-Content-Type-Options": [
          "nosniff"
        ],
        "Date": [
          "Wed, 27 Jan 2021 06:05:30 GMT"
        ],
        "Content-Length": [
          "126"
        ],
        "Content-Type": [
          "application/json; charset=utf-8"
        ],
        "Expires": [
          "-1"
        ]
      },
      "ResponseBody": "{\r\n  \"dateTimeBegin\": \"2021-01-27T08:00:00+08:00\",\r\n  \"dateTimeEnd\": \"2021-01-27T08:00:01+08:00\",\r\n  \"tables\": [\r\n    {\r\n      \"ranking\": \"url\",\r\n      \"data\": []\r\n    }\r\n  ]\r\n}",
      "StatusCode": 200
    },
    {
      "RequestUri": "/subscriptions/d7cfdb98-c118-458d-8bdf-246be66b1f5e/resourcegroups/cdnResourceGroup7685?api-version=2015-11-01",
      "EncodedRequestUri": "L3N1YnNjcmlwdGlvbnMvZDdjZmRiOTgtYzExOC00NThkLThiZGYtMjQ2YmU2NmIxZjVlL3Jlc291cmNlZ3JvdXBzL2NkblJlc291cmNlR3JvdXA3Njg1P2FwaS12ZXJzaW9uPTIwMTUtMTEtMDE=",
      "RequestMethod": "DELETE",
      "RequestBody": "",
      "RequestHeaders": {
        "x-ms-client-request-id": [
          "e00208e3-c88f-4816-84d4-a7d3218805fc"
        ],
        "Accept-Language": [
          "en-US"
        ],
        "User-Agent": [
          "FxVersion/4.6.29518.01",
          "OSName/Windows",
          "OSVersion/Microsoft.Windows.10.0.19042.",
          "Microsoft.Azure.Management.Resources.ResourceManagementClient/1.0.0.0"
        ]
      },
      "ResponseHeaders": {
        "Cache-Control": [
          "no-cache"
        ],
        "Pragma": [
          "no-cache"
        ],
        "Location": [
          "https://management.azure.com/subscriptions/d7cfdb98-c118-458d-8bdf-246be66b1f5e/operationresults/eyJqb2JJZCI6IlJFU09VUkNFR1JPVVBERUxFVElPTkpPQi1DRE5SRVNPVVJDRUdST1VQNzY4NS1XRVNUVVMiLCJqb2JMb2NhdGlvbiI6Indlc3R1cyJ9?api-version=2015-11-01"
        ],
        "Retry-After": [
          "15"
        ],
        "x-ms-ratelimit-remaining-subscription-deletes": [
          "14997"
        ],
        "x-ms-request-id": [
          "66d73dfc-44c9-422f-9aa5-9bb3a83e71d1"
        ],
        "x-ms-correlation-request-id": [
          "66d73dfc-44c9-422f-9aa5-9bb3a83e71d1"
        ],
        "x-ms-routing-request-id": [
          "SOUTHEASTASIA:20210127T060533Z:66d73dfc-44c9-422f-9aa5-9bb3a83e71d1"
        ],
        "Strict-Transport-Security": [
          "max-age=31536000; includeSubDomains"
        ],
        "X-Content-Type-Options": [
          "nosniff"
        ],
        "Date": [
          "Wed, 27 Jan 2021 06:05:32 GMT"
        ],
        "Expires": [
          "-1"
        ],
        "Content-Length": [
          "0"
        ]
      },
      "ResponseBody": "",
      "StatusCode": 202
    }
  ],
  "Names": {
    "CreateResourceGroup": [
      "cdnResourceGroup7685"
    ],
    "GetLogAnalyticsRankingsTest": [
      "profile3789",
      "endpointName9468"
    ]
  },
  "Variables": {
    "SubscriptionId": "d7cfdb98-c118-458d-8bdf-246be66b1f5e"
  }
}