{
  "Entries": [
    {
      "RequestUri": "/luis/api/v2.0/apps/741516ba-5148-4f5c-91cc-f25d10d3a22e/versions?skip=0&take=100",
      "EncodedRequestUri": "L2x1aXMvYXBpL3YyLjAvYXBwcy83NDE1MTZiYS01MTQ4LTRmNWMtOTFjYy1mMjVkMTBkM2EyMmUvdmVyc2lvbnM/c2tpcD0wJnRha2U9MTAw",
      "RequestMethod": "GET",
      "RequestBody": "",
      "RequestHeaders": {
        "Ocp-Apim-Subscription-Key": [
          "00000000000000000000000000000000"
        ],
        "User-Agent": [
          "FxVersion/4.6.26614.01",
          "OSName/Windows",
          "OSVersion/Microsoft.Windows.10.0.17763.",
          "Microsoft.Azure.CognitiveServices.Language.LUIS.Authoring.LUISAuthoringClient/3.0.0.0"
        ]
      },
      "ResponseHeaders": {
        "Cache-Control": [
          "no-store, proxy-revalidate, no-cache, max-age=0, private"
        ],
        "Date": [
          "Wed, 13 Feb 2019 00:15:48 GMT"
        ],
        "Pragma": [
          "no-cache"
        ],
        "Apim-Request-Id": [
          "7b5fdda1-4379-41bc-b9d2-cddcafd2c0da"
        ],
        "Request-Id": [
          "7b5fdda1-4379-41bc-b9d2-cddcafd2c0da"
        ],
        "Strict-Transport-Security": [
          "max-age=31536000; includeSubDomains; preload"
        ],
        "Request-Context": [
          "appId=cid-v1:26a3540d-a02a-4998-a060-715488fd769b"
        ],
        "X-Content-Type-Options": [
          "nosniff"
        ],
        "X-Frame-Options": [
          "SAMEORIGIN"
        ],
        "Content-Length": [
          "339"
        ],
        "Content-Type": [
          "application/json; charset=utf-8"
        ]
      },
      "ResponseBody": "[\r\n  {\r\n    \"version\": \"0.1\",\r\n    \"createdDateTime\": \"2019-02-12T23:23:48Z\",\r\n    \"lastModifiedDateTime\": \"2019-02-13T00:15:47Z\",\r\n    \"lastTrainedDateTime\": null,\r\n    \"lastPublishedDateTime\": \"2019-02-12T23:34:15Z\",\r\n    \"endpointUrl\": null,\r\n    \"assignedEndpointKey\": null,\r\n    \"externalApiKeys\": null,\r\n    \"intentsCount\": 4,\r\n    \"entitiesCount\": 2,\r\n    \"endpointHitsCount\": 0,\r\n    \"trainingStatus\": \"NeedsTraining\"\r\n  }\r\n]",
      "StatusCode": 200
    },
    {
      "RequestUri": "/luis/api/v2.0/apps/741516ba-5148-4f5c-91cc-f25d10d3a22e/versions/0.1/customprebuiltdomains",
      "EncodedRequestUri": "L2x1aXMvYXBpL3YyLjAvYXBwcy83NDE1MTZiYS01MTQ4LTRmNWMtOTFjYy1mMjVkMTBkM2EyMmUvdmVyc2lvbnMvMC4xL2N1c3RvbXByZWJ1aWx0ZG9tYWlucw==",
      "RequestMethod": "POST",
      "RequestBody": "{\r\n  \"domainName\": \"Calendar\"\r\n}",
      "RequestHeaders": {
        "Ocp-Apim-Subscription-Key": [
          "00000000000000000000000000000000"
        ],
        "User-Agent": [
          "FxVersion/4.6.26614.01",
          "OSName/Windows",
          "OSVersion/Microsoft.Windows.10.0.17763.",
          "Microsoft.Azure.CognitiveServices.Language.LUIS.Authoring.LUISAuthoringClient/3.0.0.0"
        ],
        "Content-Type": [
          "application/json; charset=utf-8"
        ],
        "Content-Length": [
          "32"
        ]
      },
      "ResponseHeaders": {
        "Cache-Control": [
          "no-store, proxy-revalidate, no-cache, max-age=0, private"
        ],
        "Date": [
          "Wed, 13 Feb 2019 00:15:49 GMT"
        ],
        "Pragma": [
          "no-cache"
        ],
        "Apim-Request-Id": [
          "b6b4afa9-6138-403e-a5f2-316bfc7ff0d9"
        ],
        "Request-Id": [
          "b6b4afa9-6138-403e-a5f2-316bfc7ff0d9"
        ],
        "Strict-Transport-Security": [
          "max-age=31536000; includeSubDomains; preload"
        ],
        "Request-Context": [
          "appId=cid-v1:26a3540d-a02a-4998-a060-715488fd769b"
        ],
        "X-Content-Type-Options": [
          "nosniff"
        ],
        "X-Frame-Options": [
          "SAMEORIGIN"
        ],
        "Content-Length": [
          "274"
        ],
        "Content-Type": [
          "application/json; charset=utf-8"
        ]
      },
      "ResponseBody": "[\r\n  \"5aff666a-7955-4d75-b53c-12ba7b9deed6\",\r\n  \"00286410-4e1f-4670-a5eb-711c0b42a8cd\",\r\n  \"15d22dbc-b9b8-4142-bad5-f28930baedd6\",\r\n  \"85b4e217-d4cc-46ac-a408-e8a246a25c90\",\r\n  \"8c5d1811-3a55-4ccf-9281-2b459367775b\",\r\n  \"361b6303-dca8-4a7b-8a94-587fc64fa07c\",\r\n  \"91c39cfe-0b38-44d8-95f4-205b5251a395\"\r\n]",
      "StatusCode": 201
    },
    {
      "RequestUri": "/luis/api/v2.0/apps/741516ba-5148-4f5c-91cc-f25d10d3a22e/versions/0.1/customprebuiltmodels",
      "EncodedRequestUri": "L2x1aXMvYXBpL3YyLjAvYXBwcy83NDE1MTZiYS01MTQ4LTRmNWMtOTFjYy1mMjVkMTBkM2EyMmUvdmVyc2lvbnMvMC4xL2N1c3RvbXByZWJ1aWx0bW9kZWxz",
      "RequestMethod": "GET",
      "RequestBody": "",
      "RequestHeaders": {
        "Ocp-Apim-Subscription-Key": [
          "00000000000000000000000000000000"
        ],
        "User-Agent": [
          "FxVersion/4.6.26614.01",
          "OSName/Windows",
          "OSVersion/Microsoft.Windows.10.0.17763.",
          "Microsoft.Azure.CognitiveServices.Language.LUIS.Authoring.LUISAuthoringClient/3.0.0.0"
        ]
      },
      "ResponseHeaders": {
        "Cache-Control": [
          "no-store, proxy-revalidate, no-cache, max-age=0, private"
        ],
        "Date": [
          "Wed, 13 Feb 2019 00:15:49 GMT"
        ],
        "Pragma": [
          "no-cache"
        ],
        "Apim-Request-Id": [
          "f73a0303-fc12-4d09-812a-fdaa4b562a83"
        ],
        "Request-Id": [
          "f73a0303-fc12-4d09-812a-fdaa4b562a83"
        ],
        "Strict-Transport-Security": [
          "max-age=31536000; includeSubDomains; preload"
        ],
        "Request-Context": [
          "appId=cid-v1:26a3540d-a02a-4998-a060-715488fd769b"
        ],
        "X-Content-Type-Options": [
          "nosniff"
        ],
        "X-Frame-Options": [
          "SAMEORIGIN"
        ],
        "Content-Length": [
          "2345"
        ],
        "Content-Type": [
          "application/json; charset=utf-8"
        ]
      },
      "ResponseBody": "[\r\n  {\r\n    \"id\": \"5aff666a-7955-4d75-b53c-12ba7b9deed6\",\r\n    \"name\": \"Calendar.Add\",\r\n    \"typeId\": 0,\r\n    \"readableType\": \"Intent Classifier\",\r\n    \"customPrebuiltDomainName\": \"Calendar\",\r\n    \"customPrebuiltModelName\": \"Add\"\r\n  },\r\n  {\r\n    \"id\": \"00286410-4e1f-4670-a5eb-711c0b42a8cd\",\r\n    \"name\": \"Calendar.CheckAvailability\",\r\n    \"typeId\": 0,\r\n    \"readableType\": \"Intent Classifier\",\r\n    \"customPrebuiltDomainName\": \"Calendar\",\r\n    \"customPrebuiltModelName\": \"CheckAvailability\"\r\n  },\r\n  {\r\n    \"id\": \"15d22dbc-b9b8-4142-bad5-f28930baedd6\",\r\n    \"name\": \"Calendar.Delete\",\r\n    \"typeId\": 0,\r\n    \"readableType\": \"Intent Classifier\",\r\n    \"customPrebuiltDomainName\": \"Calendar\",\r\n    \"customPrebuiltModelName\": \"Delete\"\r\n  },\r\n  {\r\n    \"id\": \"85b4e217-d4cc-46ac-a408-e8a246a25c90\",\r\n    \"name\": \"Calendar.Edit\",\r\n    \"typeId\": 0,\r\n    \"readableType\": \"Intent Classifier\",\r\n    \"customPrebuiltDomainName\": \"Calendar\",\r\n    \"customPrebuiltModelName\": \"Edit\"\r\n  },\r\n  {\r\n    \"id\": \"8c5d1811-3a55-4ccf-9281-2b459367775b\",\r\n    \"name\": \"Calendar.Find\",\r\n    \"typeId\": 0,\r\n    \"readableType\": \"Intent Classifier\",\r\n    \"customPrebuiltDomainName\": \"Calendar\",\r\n    \"customPrebuiltModelName\": \"Find\"\r\n  },\r\n  {\r\n    \"id\": \"361b6303-dca8-4a7b-8a94-587fc64fa07c\",\r\n    \"name\": \"Calendar.Location\",\r\n    \"typeId\": 1,\r\n    \"readableType\": \"Entity Extractor\",\r\n    \"customPrebuiltDomainName\": \"Calendar\",\r\n    \"customPrebuiltModelName\": \"Location\",\r\n    \"roles\": []\r\n  },\r\n  {\r\n    \"id\": \"91c39cfe-0b38-44d8-95f4-205b5251a395\",\r\n    \"name\": \"Calendar.Subject\",\r\n    \"typeId\": 1,\r\n    \"readableType\": \"Entity Extractor\",\r\n    \"customPrebuiltDomainName\": \"Calendar\",\r\n    \"customPrebuiltModelName\": \"Subject\",\r\n    \"roles\": []\r\n  },\r\n  {\r\n    \"id\": \"fd354ff5-7152-4f3b-b396-3c9b8038f491\",\r\n    \"name\": \"Camera.AppName\",\r\n    \"typeId\": 1,\r\n    \"readableType\": \"Entity Extractor\",\r\n    \"customPrebuiltDomainName\": \"Camera\",\r\n    \"customPrebuiltModelName\": \"AppName\",\r\n    \"roles\": []\r\n  },\r\n  {\r\n    \"id\": \"e53a3c72-5641-4678-8e6a-ba96be111016\",\r\n    \"name\": \"Gaming.Contact\",\r\n    \"typeId\": 1,\r\n    \"readableType\": \"Entity Extractor\",\r\n    \"customPrebuiltDomainName\": \"Gaming\",\r\n    \"customPrebuiltModelName\": \"Contact\",\r\n    \"roles\": []\r\n  },\r\n  {\r\n    \"id\": \"86dc2b49-7c0e-49f5-9e5f-2d9b7f9f53cb\",\r\n    \"name\": \"Gaming.InviteParty\",\r\n    \"typeId\": 0,\r\n    \"readableType\": \"Intent Classifier\",\r\n    \"customPrebuiltDomainName\": \"Gaming\",\r\n    \"customPrebuiltModelName\": \"InviteParty\"\r\n  },\r\n  {\r\n    \"id\": \"0421d58a-a58b-4a65-83d8-1629e7c6dbbd\",\r\n    \"name\": \"Gaming.LeaveParty\",\r\n    \"typeId\": 0,\r\n    \"readableType\": \"Intent Classifier\",\r\n    \"customPrebuiltDomainName\": \"Gaming\",\r\n    \"customPrebuiltModelName\": \"LeaveParty\"\r\n  },\r\n  {\r\n    \"id\": \"e797e70a-2206-4149-ba27-347c57c49313\",\r\n    \"name\": \"Gaming.StartParty\",\r\n    \"typeId\": 0,\r\n    \"readableType\": \"Intent Classifier\",\r\n    \"customPrebuiltDomainName\": \"Gaming\",\r\n    \"customPrebuiltModelName\": \"StartParty\"\r\n  }\r\n]",
      "StatusCode": 200
    }
  ],
  "Names": {},
  "Variables": {}
}