{
  "Entries": [
    {
      "RequestUri": "https://localhost:8441/subscriptions/00000000-0000-0000-0000-000000000000?api-version=2019-11-01",
      "RequestMethod": "GET",
      "RequestHeaders": {
        "Accept": "application/json",
        "Authorization": "Sanitized",
        "traceparent": "00-198429e699d9204f8a1d6753b7cc1ed3-0d2bf3def0756449-00",
        "User-Agent": "azsdk-net-ResourceManager/1.0.0-beta.5 (.NET Framework 4.8.4300.0; Microsoft Windows 10.0.19043 )",
        "x-ms-client-request-id": "29de77423e4d94eda3c5f70167172c2b",
        "x-ms-return-client-request-id": "true"
      },
      "RequestBody": null,
      "StatusCode": 200,
      "ResponseHeaders": {
        "Connection": "keep-alive",
        "Content-Length": "421",
        "Content-Type": "application/json; charset=utf-8",
        "Date": "Thu, 18 Nov 2021 07:29:31 GMT",
        "ETag": "W/\u00221a5-b64HHnH9EN33hGrzmS4rCOV9S7w\u0022",
        "Keep-Alive": "timeout=5",
        "X-Powered-By": "Express"
      },
      "ResponseBody": {
        "id": "/subscriptions/00000000-0000-0000-0000-000000000000",
        "subscriptionId": "aaaaa",
        "displayName": "aa",
        "tenantId": "00000000-0000-0000-0000-000000000000",
        "state": "Enabled",
        "subscriptionPolicies": {
          "locationPlacementId": "aaaaaaa",
          "quotaId": "aaaaaaaaaaaaaaaaa",
          "spendingLimit": "On"
        },
        "authorizationSource": "aaaaaaa",
        "managedByTenants": [
          {
            "tenantId": "00000000-0000-0000-0000-000000000000"
          }
        ],
        "tags": {
          "key1123": "aaaaaaaaaaaaaa"
        }
      }
    },
    {
      "RequestUri": "https://localhost:8441/subscriptions/00000000-0000-0000-0000-000000000000/resourcegroups/blobauditingtest-4799?api-version=2019-10-01",
      "RequestMethod": "PUT",
      "RequestHeaders": {
        "Accept": "application/json",
        "Authorization": "Sanitized",
        "Content-Length": "81",
        "Content-Type": "application/json",
        "User-Agent": "azsdk-net-ResourceManager/1.0.0-beta.5 (.NET Framework 4.8.4300.0; Microsoft Windows 10.0.19043 )",
        "x-ms-client-request-id": "9e8912cfd03e7349ce2d3fe64601bbe9",
        "x-ms-return-client-request-id": "true"
      },
      "RequestBody": {
        "location": "Azure.ResourceManager.Resources.Subscription",
        "tags": {
          "test": "env"
        }
      },
      "StatusCode": 200,
      "ResponseHeaders": {
        "Connection": "keep-alive",
        "Content-Length": "293",
        "Content-Type": "application/json; charset=utf-8",
        "Date": "Thu, 18 Nov 2021 07:29:31 GMT",
        "ETag": "W/\u0022125-YzB34cCZWuJ1hSTlQrWLOmQfmf4\u0022",
        "Keep-Alive": "timeout=5",
        "X-Powered-By": "Express"
      },
      "ResponseBody": {
        "id": "/subscriptions/00000000-0000-0000-0000-000000000000/resourcegroups/blobauditingtest-4799",
        "name": "blobauditingtest-4799",
        "type": "a",
        "properties": {
          "provisioningState": "Succeeded"
        },
        "location": "aaaaaaaaaaaaaa",
        "managedBy": "aaaaaaaaaaaaaaaa",
        "tags": {
          "key5303": "aaaaaaaaaaaaaaaaaaaaaaaaaa"
        }
      }
    },
    {
      "RequestUri": "https://localhost:8441/subscriptions/00000000-0000-0000-0000-000000000000/resourceGroups/blobauditingtest-4799/providers/Microsoft.Sql/servers/blobauditingtest-6440?api-version=2021-02-01-preview",
      "RequestMethod": "PUT",
      "RequestHeaders": {
        "Accept": "application/json",
        "Authorization": "Sanitized",
        "Content-Length": "396",
        "Content-Type": "application/json",
        "User-Agent": "azsdk-net-ResourceManager.Sql/1.0.0-alpha.20211117.1 (.NET Framework 4.8.4300.0; Microsoft Windows 10.0.19043 )",
        "x-ms-client-request-id": "67082ec6886c5a09b37e7fcd6a735a73",
        "x-ms-return-client-request-id": "true"
      },
      "RequestBody": {
        "tags": {},
        "location": "japaneast",
        "properties": {
          "administratorLogin": "dummylogin",
          "administratorLoginPassword": "PLACEHOLDER",
          "publicNetworkAccess": "Enabled",
          "administrators": {
            "principalType": "User",
            "login": "bob@contoso.com",
            "sid": "00000011-1111-2222-2222-123456789111",
            "tenantId": "00000011-1111-2222-2222-123456789111",
            "azureADOnlyAuthentication": true
          },
          "restrictOutboundNetworkAccess": "Enabled"
        }
      },
      "StatusCode": 200,
      "ResponseHeaders": {
        "Connection": "keep-alive",
        "Content-Length": "1960",
        "Content-Type": "application/json; charset=utf-8",
        "Date": "Thu, 18 Nov 2021 07:29:31 GMT",
        "ETag": "W/\u00227a8-3GigLyaszHajLB1jqui\u002Bsi1q7zc\u0022",
        "Keep-Alive": "timeout=5",
        "X-Powered-By": "Express"
      },
      "ResponseBody": {
        "id": "/subscriptions/00000000-0000-0000-0000-000000000000/resourceGroups/blobauditingtest-4799/providers/Microsoft.Sql/servers/blobauditingtest-6440",
        "name": "blobauditingtest-6440",
        "type": "aaaaaaaaaaaaaaaaaaaaa",
        "location": "aaaaaaaaaaaaaaaa",
        "tags": {
          "key9778": "aaaaaaa"
        },
        "identity": {
          "userAssignedIdentities": {
            "/subscriptions/00000000-0000-0000-0000-000000000000/resourceGroups/00000000-0000-0000-0000-000000000000/providers/Microsoft.ManagedIdentity/userAssignedIdentities/key440": {
              "principalId": "00000000-0000-0000-0000-000000000000",
              "clientId": "00000000-0000-0000-0000-000000000000"
            }
          },
          "principalId": "00000000-0000-0000-0000-000000000000",
          "type": "None",
          "tenantId": "00000000-0000-0000-0000-000000000000"
        },
        "kind": "a",
        "properties": {
          "administratorLogin": "aaaaaaaaaa",
          "administratorLoginPassword": "aaaaaaaaaaaaaaaaaa",
          "version": "aaaaaaaaaaaaaaaaaaaaaaa",
          "state": "aaaaaaaaaaaaaaaaaaa",
          "fullyQualifiedDomainName": "aaaaaaaaaaaaaaaa",
          "privateEndpointConnections": [
            {
              "id": "/subscriptions/a9cbceed-cd54-47f1-b7a2-bad149218603/resourceGroups/mockRg/providers/Microsoft.Resources/mockResource/mockName",
              "properties": {
                "privateEndpoint": {
                  "id": "/subscriptions/a9cbceed-cd54-47f1-b7a2-bad149218603/resourceGroups/mockRg/providers/Microsoft.Resources/mockResource/mockName"
                },
                "privateLinkServiceConnectionState": {
                  "status": "Approved",
                  "description": "aaaaaaaaaaaaaaaaaaaaaaaaaa",
                  "actionsRequired": "None"
                },
                "provisioningState": "Succeeded"
              }
            }
          ],
          "minimalTlsVersion": "aaaaaaaaaaaaaaaaaaa",
          "publicNetworkAccess": "Enabled",
          "workspaceFeature": "Connected",
          "primaryUserAssignedIdentityId": "aaaaaaaaaaaaaaaaaaaaaaaaaaaaaa",
          "federatedClientId": "00000000-0000-0000-0000-000000000000",
          "keyId": "aaaaaaaaaaaaaaaaaaaaaaaaa",
          "administrators": {
            "administratorType": "ActiveDirectory",
            "principalType": "User",
            "login": "aaaaaaaaaaaaaa",
            "sid": "00000000-0000-0000-0000-000000000000",
            "tenantId": "00000000-0000-0000-0000-000000000000",
            "azureADOnlyAuthentication": true
          },
          "restrictOutboundNetworkAccess": "Enabled"
        }
      }
    },
    {
      "RequestUri": "https://localhost:8441/subscriptions/00000000-0000-0000-0000-000000000000/resourceGroups/blobauditingtest-4799/providers/Microsoft.Sql/servers/blobauditingtest-6440/databases/testdb?api-version=2021-02-01-preview",
      "RequestMethod": "PUT",
      "RequestHeaders": {
        "Accept": "application/json",
        "Authorization": "Sanitized",
        "Content-Length": "103",
        "Content-Type": "application/json",
        "User-Agent": "azsdk-net-ResourceManager.Sql/1.0.0-alpha.20211117.1 (.NET Framework 4.8.4300.0; Microsoft Windows 10.0.19043 )",
        "x-ms-client-request-id": "383b0d0ac50e47bf092febc0517c095b",
        "x-ms-return-client-request-id": "true"
      },
      "RequestBody": {
        "sku": {
          "name": "BC",
          "family": "Gen4",
          "capacity": 2
        },
        "tags": {},
        "location": "southeastasia",
        "properties": {}
      },
      "StatusCode": 200,
      "ResponseHeaders": {
        "Connection": "keep-alive",
        "Content-Length": "1814",
        "Content-Type": "application/json; charset=utf-8",
        "Date": "Thu, 18 Nov 2021 07:29:31 GMT",
        "ETag": "W/\u0022716-pkQsmkZBQ8V4HkDVUNnxtvoFjKk\u0022",
        "Keep-Alive": "timeout=5",
        "X-Powered-By": "Express"
      },
      "ResponseBody": {
        "id": "/subscriptions/00000000-0000-0000-0000-000000000000/resourceGroups/blobauditingtest-4799/providers/Microsoft.Sql/servers/blobauditingtest-6440/databases/testdb",
        "name": "testdb",
        "type": "aaaaaaaaaaaa",
        "location": "aaaaaaaaaaa",
        "tags": {
          "key5320": "aa"
        },
        "sku": {
          "name": "testdb",
          "tier": "aaaaaaaaaaaaa",
          "size": "aa",
          "family": "aaaaaaaaaaaaaa",
          "capacity": 22
        },
        "kind": "aaaaaaaaaaaaaaaaaaaaaaaaa",
        "managedBy": "aaaaaaaaaaaaaaa",
        "properties": {
          "createMode": "Default",
          "collation": "aa",
          "maxSizeBytes": 20,
          "sampleName": "AdventureWorksLT",
          "elasticPoolId": "aaaaaaaaaaaaaaaaaaaaaaaaaaaa",
          "sourceDatabaseId": "aaaaaaaaaaaaaaa",
          "status": "Online",
          "databaseId": "00000000-0000-0000-0000-000000000000",
          "creationDate": "2021-11-18T07:13:22.161Z",
          "currentServiceObjectiveName": "aaaaaaaaaaaaaaaaaaaaaa",
          "requestedServiceObjectiveName": "aaaaaaaaa",
          "defaultSecondaryLocation": "aaaaaaaaaaa",
          "failoverGroupId": "aaaaa",
          "restorePointInTime": "2021-11-18T07:13:22.161Z",
          "sourceDatabaseDeletionDate": "2021-11-18T07:13:22.161Z",
          "recoveryServicesRecoveryPointId": "aaaaaaaaaaa",
          "longTermRetentionBackupResourceId": "aaaaaaaaaaaaaaa",
          "recoverableDatabaseId": "aaaaaa",
          "restorableDroppedDatabaseId": "aaaaaaaaaaaa",
          "catalogCollation": "DATABASE_DEFAULT",
          "zoneRedundant": true,
          "licenseType": "LicenseIncluded",
          "maxLogSizeBytes": 7,
          "earliestRestoreDate": "2021-11-18T07:13:22.161Z",
          "readScale": "Enabled",
          "highAvailabilityReplicaCount": 21,
          "secondaryType": "Geo",
          "currentSku": {
            "name": "testdb",
            "tier": "aaaaaaaaaaaaa",
            "size": "aa",
            "family": "aaaaaaaaaaaaaa",
            "capacity": 22
          },
          "autoPauseDelay": 5,
          "currentBackupStorageRedundancy": "Geo",
          "requestedBackupStorageRedundancy": "Geo",
          "minCapacity": 25,
          "pausedDate": "2021-11-18T07:13:22.161Z",
          "resumedDate": "2021-11-18T07:13:22.161Z",
          "maintenanceConfigurationId": "aaaaaaaaaaaaaaaaaaaaa",
          "isLedgerOn": true,
          "isInfraEncryptionEnabled": true
        }
      }
    },
    {
      "RequestUri": "https://localhost:8441/subscriptions/00000000-0000-0000-0000-000000000000/resourceGroups/blobauditingtest-4799/providers/Microsoft.Sql/servers/blobauditingtest-6440/databases/testdb/auditingSettings/default?api-version=2020-11-01-preview",
      "RequestMethod": "PUT",
      "RequestHeaders": {
        "Accept": "application/json",
        "Authorization": "Sanitized",
        "Content-Length": "69",
        "Content-Type": "application/json",
        "User-Agent": "azsdk-net-ResourceManager.Sql/1.0.0-alpha.20211117.1 (.NET Framework 4.8.4300.0; Microsoft Windows 10.0.19043 )",
        "x-ms-client-request-id": "5cc3dc2f22383864d9b7dae5d8701fb1",
        "x-ms-return-client-request-id": "true"
      },
      "RequestBody": {
        "properties": {
          "isAzureMonitorTargetEnabled": true,
          "state": "Enabled"
        }
      },
      "StatusCode": 200,
      "ResponseHeaders": {
        "Connection": "keep-alive",
        "Content-Length": "552",
        "Content-Type": "application/json; charset=utf-8",
        "Date": "Thu, 18 Nov 2021 07:29:31 GMT",
        "ETag": "W/\u0022228-TG1HjGuNzzTImgyEK6JVF9crAZo\u0022",
        "Keep-Alive": "timeout=5",
        "X-Powered-By": "Express"
      },
      "ResponseBody": {
        "id": "/subscriptions/00000000-0000-0000-0000-000000000000/resourceGroups/blobauditingtest-4799/providers/Microsoft.Sql/servers/blobauditingtest-6440/databases/testdb/auditingSettings/default",
        "name": "default",
        "type": "aaaaaaa",
        "kind": "aaaaaaaa",
        "properties": {
          "retentionDays": 21,
          "auditActionsAndGroups": [
            "aa"
          ],
          "isStorageSecondaryKeyInUse": true,
          "isAzureMonitorTargetEnabled": true,
          "queueDelayMs": 2,
          "state": "Enabled",
          "storageEndpoint": "aaaa",
          "storageAccountAccessKey": "aaaaaaaaaaaaaa",
          "storageAccountSubscriptionId": "00000000-0000-0000-0000-000000000000"
        }
      }
    },
    {
      "RequestUri": "https://localhost:8441/subscriptions/00000000-0000-0000-0000-000000000000/resourceGroups/blobauditingtest-4799/providers/Microsoft.Sql/servers/blobauditingtest-6440/databases/testdb/auditingSettings/default?api-version=2020-11-01-preview",
      "RequestMethod": "GET",
      "RequestHeaders": {
        "Accept": "application/json",
        "Authorization": "Sanitized",
        "User-Agent": "azsdk-net-ResourceManager.Sql/1.0.0-alpha.20211117.1 (.NET Framework 4.8.4300.0; Microsoft Windows 10.0.19043 )",
        "x-ms-client-request-id": "334d0060a01e329f3a383a788cbc1b1f",
        "x-ms-return-client-request-id": "true"
      },
      "RequestBody": null,
      "StatusCode": 200,
      "ResponseHeaders": {
        "Connection": "keep-alive",
        "Content-Length": "552",
        "Content-Type": "application/json; charset=utf-8",
        "Date": "Thu, 18 Nov 2021 07:29:31 GMT",
        "ETag": "W/\u0022228-TG1HjGuNzzTImgyEK6JVF9crAZo\u0022",
        "Keep-Alive": "timeout=5",
        "X-Powered-By": "Express"
      },
      "ResponseBody": {
        "id": "/subscriptions/00000000-0000-0000-0000-000000000000/resourceGroups/blobauditingtest-4799/providers/Microsoft.Sql/servers/blobauditingtest-6440/databases/testdb/auditingSettings/default",
        "name": "default",
        "type": "aaaaaaa",
        "kind": "aaaaaaaa",
        "properties": {
          "retentionDays": 21,
          "auditActionsAndGroups": [
            "aa"
          ],
          "isStorageSecondaryKeyInUse": true,
          "isAzureMonitorTargetEnabled": true,
          "queueDelayMs": 2,
          "state": "Enabled",
          "storageEndpoint": "aaaa",
          "storageAccountAccessKey": "aaaaaaaaaaaaaa",
          "storageAccountSubscriptionId": "00000000-0000-0000-0000-000000000000"
        }
      }
    }
  ],
  "Variables": {
    "RandomSeed": "2000154876",
    "RESOURCE_MANAGER_URL": "https://localhost:8441",
    "SUBSCRIPTION_ID": "00000000-0000-0000-0000-000000000000"
  }
}