{
  "Entries": [
    {
      "RequestUri": "https://management.azure.com/subscriptions/db1ab6f0-4769-4b27-930e-01e2ef9c123c?api-version=2021-01-01",
      "RequestMethod": "GET",
      "RequestHeaders": {
        "Accept": "application/json",
        "Authorization": "Sanitized",
        "traceparent": "00-af025e0d36bca74283db56b0dc1140ee-058a243eb1508b49-00",
        "User-Agent": "azsdk-net-ResourceManager/1.3.1 (.NET Framework 4.8.9075.0; Microsoft Windows 10.0.22621 )",
        "x-ms-client-request-id": "3bb591e58cac981f369f4569c913ad59",
        "x-ms-return-client-request-id": "true"
      },
      "RequestBody": null,
      "StatusCode": 200,
      "ResponseHeaders": {
        "Cache-Control": "no-cache",
        "Content-Length": "747",
        "Content-Type": "application/json; charset=utf-8",
        "Date": "Mon, 17 Oct 2022 07:38:59 GMT",
        "Expires": "-1",
        "Pragma": "no-cache",
        "Strict-Transport-Security": "max-age=31536000; includeSubDomains",
        "X-Content-Type-Options": "nosniff",
        "x-ms-correlation-request-id": "141c6eba-90b1-475d-b728-ca0912e77d29",
        "x-ms-ratelimit-remaining-subscription-reads": "11918",
        "x-ms-request-id": "141c6eba-90b1-475d-b728-ca0912e77d29",
        "x-ms-routing-request-id": "SOUTHEASTASIA:20221017T073859Z:141c6eba-90b1-475d-b728-ca0912e77d29"
      },
      "ResponseBody": {
        "id": "/subscriptions/db1ab6f0-4769-4b27-930e-01e2ef9c123c",
        "authorizationSource": "RoleBased",
        "managedByTenants": [],
        "tags": {
          "TagKey-9823": "TagValue-566",
          "TagKey-3481": "TagValue-320",
          "TagKey-4926": "TagValue-1187",
          "TagKey-751": "TagValue-3921",
          "TagKey-1866": "TagValue-8559",
          "TagKey-3094": "TagValue-9190",
          "TagKey-2449": "TagValue-9",
          "TagKey-8379": "TagValue-164",
          "TagKey-7470": "TagValue-2205",
          "TagKey-4236": "TagValue-3698",
          "TagKey-5316": "TagValue-2725"
        },
        "subscriptionId": "db1ab6f0-4769-4b27-930e-01e2ef9c123c",
        "tenantId": "72f988bf-86f1-41af-91ab-2d7cd011db47",
        "displayName": ".NET Mgmt SDK Test with TTL = 1 Day",
        "state": "Enabled",
        "subscriptionPolicies": {
          "locationPlacementId": "Internal_2014-09-01",
          "quotaId": "Internal_2014-09-01",
          "spendingLimit": "Off"
        }
      }
    },
    {
      "RequestUri": "https://management.azure.com/subscriptions/db1ab6f0-4769-4b27-930e-01e2ef9c123c/resourcegroups/EventGridRG4645?api-version=**",
      "RequestMethod": "PUT",
      "RequestHeaders": {
        "Accept": "application/json",
        "Authorization": "Sanitized",
        "Content-Length": "74",
        "Content-Type": "application/json",
        "traceparent": "00-fbd373a1876df24d9220380909f57ad6-6c546084c53d9a4a-00",
        "User-Agent": "azsdk-net-ResourceManager/1.3.1 (.NET Framework 4.8.9075.0; Microsoft Windows 10.0.22621 )",
        "x-ms-client-request-id": "c748befa47851192bf618969828c638c",
        "x-ms-return-client-request-id": "true"
      },
      "RequestBody": {
        "location": "eastus",
        "tags": {
          "DeleteAfter": "2022-10-17T15:38:56.0841166"
        }
      },
      "StatusCode": 201,
      "ResponseHeaders": {
        "Cache-Control": "no-cache",
        "Content-Length": "280",
        "Content-Type": "application/json; charset=utf-8",
        "Date": "Mon, 17 Oct 2022 07:39:00 GMT",
        "Expires": "-1",
        "Pragma": "no-cache",
        "Strict-Transport-Security": "max-age=31536000; includeSubDomains",
        "X-Content-Type-Options": "nosniff",
        "x-ms-correlation-request-id": "d10d264a-fa61-46d0-8b77-67b4c1ccd564",
        "x-ms-ratelimit-remaining-subscription-writes": "1175",
        "x-ms-request-id": "d10d264a-fa61-46d0-8b77-67b4c1ccd564",
        "x-ms-routing-request-id": "SOUTHEASTASIA:20221017T073900Z:d10d264a-fa61-46d0-8b77-67b4c1ccd564"
      },
      "ResponseBody": {
        "id": "/subscriptions/db1ab6f0-4769-4b27-930e-01e2ef9c123c/resourceGroups/EventGridRG4645",
        "name": "EventGridRG4645",
        "type": "Microsoft.Resources/resourceGroups",
        "location": "eastus",
        "tags": {
          "DeleteAfter": "2022-10-17T15:38:56.0841166"
        },
        "properties": {
          "provisioningState": "Succeeded"
        }
      }
    },
    {
      "RequestUri": "https://management.azure.com/subscriptions/db1ab6f0-4769-4b27-930e-01e2ef9c123c/resourceGroups/EventGridRG4645/providers/Microsoft.EventGrid/topics/eventGridTopic4311?api-version=2022-06-15",
      "RequestMethod": "PUT",
      "RequestHeaders": {
        "Accept": "application/json",
        "Authorization": "Sanitized",
        "Content-Length": "47",
        "Content-Type": "application/json",
        "traceparent": "00-2f73abdfc16b1449883312058b292d87-9a333739eed3d54e-00",
        "User-Agent": "azsdk-net-ResourceManager.EventGrid/1.0.0-alpha.20221017.1 (.NET Framework 4.8.9075.0; Microsoft Windows 10.0.22621 )",
        "x-ms-client-request-id": "1d7d5d45a76cd190ec71900efc0bf186",
        "x-ms-return-client-request-id": "true"
      },
      "RequestBody": {
        "tags": {},
        "location": "eastus",
        "properties": {}
      },
      "StatusCode": 201,
      "ResponseHeaders": {
        "Azure-AsyncOperation": "https://management.azure.com:443/subscriptions/db1ab6f0-4769-4b27-930e-01e2ef9c123c/providers/Microsoft.EventGrid/locations/eastus/operationsStatus/9A44286E-A5A5-4FD9-AB0C-883886FB2D68?api-version=2022-06-15",
        "Cache-Control": "no-cache",
        "Content-Length": "321",
        "Content-Type": "application/json; charset=utf-8",
        "Date": "Mon, 17 Oct 2022 07:39:04 GMT",
        "Expires": "-1",
        "Pragma": "no-cache",
        "Retry-After": "10",
        "Server": "Microsoft-HTTPAPI/2.0",
        "Strict-Transport-Security": "max-age=31536000; includeSubDomains",
        "X-Content-Type-Options": "nosniff",
        "x-ms-correlation-request-id": "5f0d5ecd-6792-48ed-8a70-c6c642d25f26",
        "x-ms-ratelimit-remaining-subscription-writes": "1174",
        "x-ms-request-id": "c55c50a8-1cdf-451b-a9d1-46b649f4f807",
        "x-ms-routing-request-id": "SOUTHEASTASIA:20221017T073904Z:5f0d5ecd-6792-48ed-8a70-c6c642d25f26"
      },
      "ResponseBody": {
        "properties": {
          "provisioningState": "Creating",
          "endpoint": null
        },
        "systemData": null,
        "location": "eastus",
        "tags": {},
        "id": "/subscriptions/db1ab6f0-4769-4b27-930e-01e2ef9c123c/resourceGroups/EventGridRG4645/providers/Microsoft.EventGrid/topics/eventGridTopic4311",
        "name": "eventGridTopic4311",
        "type": "Microsoft.EventGrid/topics"
      }
    },
    {
      "RequestUri": "https://management.azure.com/subscriptions/db1ab6f0-4769-4b27-930e-01e2ef9c123c/providers/Microsoft.EventGrid/locations/eastus/operationsStatus/9A44286E-A5A5-4FD9-AB0C-883886FB2D68?api-version=2022-06-15",
      "RequestMethod": "GET",
      "RequestHeaders": {
        "Authorization": "Sanitized",
        "traceparent": "00-2f73abdfc16b1449883312058b292d87-5afb3a3a32955d49-00",
        "User-Agent": "azsdk-net-ResourceManager/1.3.1 (.NET Framework 4.8.9075.0; Microsoft Windows 10.0.22621 )",
        "x-ms-client-request-id": "50ce4fddc6db168db8f698d60103c256",
        "x-ms-return-client-request-id": "true"
      },
      "RequestBody": null,
      "StatusCode": 200,
      "ResponseHeaders": {
        "Cache-Control": "no-cache",
        "Content-Length": "280",
        "Content-Type": "application/json; charset=utf-8",
        "Date": "Mon, 17 Oct 2022 07:39:04 GMT",
        "Expires": "-1",
        "Pragma": "no-cache",
        "Server": "Microsoft-HTTPAPI/2.0",
        "Strict-Transport-Security": "max-age=31536000; includeSubDomains",
        "X-Content-Type-Options": "nosniff",
        "x-ms-correlation-request-id": "deb99ff8-a622-42ab-a403-0b58feeae02a",
        "x-ms-ratelimit-remaining-subscription-reads": "11917",
        "x-ms-request-id": "643cda60-3d84-4aa2-87d2-05e6ad22f2b6",
        "x-ms-routing-request-id": "SOUTHEASTASIA:20221017T073904Z:deb99ff8-a622-42ab-a403-0b58feeae02a"
      },
      "ResponseBody": {
        "id": "https://management.azure.com/subscriptions/db1ab6f0-4769-4b27-930e-01e2ef9c123c/providers/Microsoft.EventGrid/locations/eastus/operationsStatus/9A44286E-A5A5-4FD9-AB0C-883886FB2D68?api-version=2022-06-15",
        "name": "9a44286e-a5a5-4fd9-ab0c-883886fb2d68",
        "status": "InProgress"
      }
    },
    {
      "RequestUri": "https://management.azure.com/subscriptions/db1ab6f0-4769-4b27-930e-01e2ef9c123c/providers/Microsoft.EventGrid/locations/eastus/operationsStatus/9A44286E-A5A5-4FD9-AB0C-883886FB2D68?api-version=2022-06-15",
      "RequestMethod": "GET",
      "RequestHeaders": {
        "Authorization": "Sanitized",
        "traceparent": "00-2f73abdfc16b1449883312058b292d87-7f3151d3f22b594d-00",
        "User-Agent": "azsdk-net-ResourceManager/1.3.1 (.NET Framework 4.8.9075.0; Microsoft Windows 10.0.22621 )",
        "x-ms-client-request-id": "fd66e298771ee516125af47f7df9a237",
        "x-ms-return-client-request-id": "true"
      },
      "RequestBody": null,
      "StatusCode": 200,
      "ResponseHeaders": {
        "Cache-Control": "no-cache",
        "Content-Length": "280",
        "Content-Type": "application/json; charset=utf-8",
        "Date": "Mon, 17 Oct 2022 07:39:05 GMT",
        "Expires": "-1",
        "Pragma": "no-cache",
        "Server": "Microsoft-HTTPAPI/2.0",
        "Strict-Transport-Security": "max-age=31536000; includeSubDomains",
        "X-Content-Type-Options": "nosniff",
        "x-ms-correlation-request-id": "e90ed2ac-fb2f-486c-b3ef-34a6532e8acb",
        "x-ms-ratelimit-remaining-subscription-reads": "11916",
        "x-ms-request-id": "5ec5fbed-d1c6-4b02-bfc2-7a868e8553cf",
        "x-ms-routing-request-id": "SOUTHEASTASIA:20221017T073906Z:e90ed2ac-fb2f-486c-b3ef-34a6532e8acb"
      },
      "ResponseBody": {
        "id": "https://management.azure.com/subscriptions/db1ab6f0-4769-4b27-930e-01e2ef9c123c/providers/Microsoft.EventGrid/locations/eastus/operationsStatus/9A44286E-A5A5-4FD9-AB0C-883886FB2D68?api-version=2022-06-15",
        "name": "9a44286e-a5a5-4fd9-ab0c-883886fb2d68",
        "status": "InProgress"
      }
    },
    {
      "RequestUri": "https://management.azure.com/subscriptions/db1ab6f0-4769-4b27-930e-01e2ef9c123c/providers/Microsoft.EventGrid/locations/eastus/operationsStatus/9A44286E-A5A5-4FD9-AB0C-883886FB2D68?api-version=2022-06-15",
      "RequestMethod": "GET",
      "RequestHeaders": {
        "Authorization": "Sanitized",
        "traceparent": "00-2f73abdfc16b1449883312058b292d87-b4b07f89c3b8c647-00",
        "User-Agent": "azsdk-net-ResourceManager/1.3.1 (.NET Framework 4.8.9075.0; Microsoft Windows 10.0.22621 )",
        "x-ms-client-request-id": "ad30ae5ea03c54aa022e5c6dc7742125",
        "x-ms-return-client-request-id": "true"
      },
      "RequestBody": null,
      "StatusCode": 200,
      "ResponseHeaders": {
        "Cache-Control": "no-cache",
        "Content-Length": "279",
        "Content-Type": "application/json; charset=utf-8",
        "Date": "Mon, 17 Oct 2022 07:39:07 GMT",
        "Expires": "-1",
        "Pragma": "no-cache",
        "Server": "Microsoft-HTTPAPI/2.0",
        "Strict-Transport-Security": "max-age=31536000; includeSubDomains",
        "X-Content-Type-Options": "nosniff",
        "x-ms-correlation-request-id": "80447684-dead-4733-89e0-389975791fd7",
        "x-ms-ratelimit-remaining-subscription-reads": "11915",
        "x-ms-request-id": "d31f71d8-61b2-423a-a616-6ac0a618f968",
        "x-ms-routing-request-id": "SOUTHEASTASIA:20221017T073907Z:80447684-dead-4733-89e0-389975791fd7"
      },
      "ResponseBody": {
        "id": "https://management.azure.com/subscriptions/db1ab6f0-4769-4b27-930e-01e2ef9c123c/providers/Microsoft.EventGrid/locations/eastus/operationsStatus/9A44286E-A5A5-4FD9-AB0C-883886FB2D68?api-version=2022-06-15",
        "name": "9a44286e-a5a5-4fd9-ab0c-883886fb2d68",
        "status": "Succeeded"
      }
    },
    {
      "RequestUri": "https://management.azure.com/subscriptions/db1ab6f0-4769-4b27-930e-01e2ef9c123c/resourceGroups/EventGridRG4645/providers/Microsoft.EventGrid/topics/eventGridTopic4311?api-version=2022-06-15",
      "RequestMethod": "GET",
      "RequestHeaders": {
        "Authorization": "Sanitized",
        "traceparent": "00-2f73abdfc16b1449883312058b292d87-3a6fca7d781f9541-00",
        "User-Agent": "azsdk-net-ResourceManager/1.3.1 (.NET Framework 4.8.9075.0; Microsoft Windows 10.0.22621 )",
        "x-ms-client-request-id": "4cfed32a144d65c338e93d81d20e99be",
        "x-ms-return-client-request-id": "true"
      },
      "RequestBody": null,
      "StatusCode": 200,
      "ResponseHeaders": {
        "Cache-Control": "no-cache",
        "Content-Length": "548",
        "Content-Type": "application/json; charset=utf-8",
        "Date": "Mon, 17 Oct 2022 07:39:07 GMT",
        "Expires": "-1",
        "Pragma": "no-cache",
        "Server": "Microsoft-HTTPAPI/2.0",
        "Strict-Transport-Security": "max-age=31536000; includeSubDomains",
        "X-Content-Type-Options": "nosniff",
        "x-ms-correlation-request-id": "474f0719-1231-44a5-aa6a-bdf8e2a81d8f",
        "x-ms-ratelimit-remaining-subscription-reads": "11914",
        "x-ms-request-id": "8effa5bb-1130-4c22-8de0-2847a3b5558e",
        "x-ms-routing-request-id": "SOUTHEASTASIA:20221017T073908Z:474f0719-1231-44a5-aa6a-bdf8e2a81d8f"
      },
      "ResponseBody": {
        "properties": {
          "provisioningState": "Succeeded",
          "endpoint": "https://eventgridtopic4311.eastus-1.eventgrid.azure.net/api/events",
          "inputSchema": "EventGridSchema",
          "metricResourceId": "6e55b82a-cb46-4bb3-a5ca-effbb0373a41",
          "publicNetworkAccess": "Enabled",
          "dataResidencyBoundary": "WithinGeopair"
        },
        "systemData": null,
        "location": "eastus",
        "tags": {},
        "id": "/subscriptions/db1ab6f0-4769-4b27-930e-01e2ef9c123c/resourceGroups/EventGridRG4645/providers/Microsoft.EventGrid/topics/eventGridTopic4311",
        "name": "eventGridTopic4311",
        "type": "Microsoft.EventGrid/topics"
      }
    },
    {
      "RequestUri": "https://management.azure.com/subscriptions/db1ab6f0-4769-4b27-930e-01e2ef9c123c/resourceGroups/EventGridRG4645/providers/Microsoft.EventGrid/topics/eventGridTopic4311/eventSubscriptions/topicSubscription3992?api-version=2022-06-15",
      "RequestMethod": "PUT",
      "RequestHeaders": {
        "Accept": "application/json",
        "Authorization": "Sanitized",
        "Content-Length": "264",
        "Content-Type": "application/json",
        "traceparent": "00-e1f53405c037eb45b9ef72f6c6853d8b-f69f2326e90d8e4f-00",
        "User-Agent": "azsdk-net-ResourceManager.EventGrid/1.0.0-alpha.20221017.1 (.NET Framework 4.8.9075.0; Microsoft Windows 10.0.22621 )",
        "x-ms-client-request-id": "d3527761191538f712fbef1aa91d9e39",
        "x-ms-return-client-request-id": "true"
      },
      "RequestBody": {
        "properties": {
          "destination": {
            "endpointType": "WebHook",
            "properties": {
              "endpointUrl": "https://devexpfuncappdestination.azurewebsites.net/runtime/webhooks/EventGrid?functionName=EventGridTrigger1\u0026code=an3f31ORDSQ/llPPTaUDJiEJGoebE9ha7dODRhb1nIyg/LiYLfSVCA=="
            }
          }
        }
      },
      "StatusCode": 201,
      "ResponseHeaders": {
        "Azure-AsyncOperation": "https://management.azure.com:443/subscriptions/db1ab6f0-4769-4b27-930e-01e2ef9c123c/providers/Microsoft.EventGrid/locations/eastus/operationsStatus/4D222BE9-4E25-4171-9F67-304AF4DBA6B4?api-version=2022-06-15",
        "Cache-Control": "no-cache",
        "Content-Length": "802",
        "Content-Type": "application/json; charset=utf-8",
        "Date": "Mon, 17 Oct 2022 07:39:10 GMT",
        "Expires": "-1",
        "Pragma": "no-cache",
        "Retry-After": "10",
        "Server": "Microsoft-HTTPAPI/2.0",
        "Strict-Transport-Security": "max-age=31536000; includeSubDomains",
        "X-Content-Type-Options": "nosniff",
        "x-ms-correlation-request-id": "259a8512-e750-4792-ab4e-a76d4d9a1015",
        "x-ms-ratelimit-remaining-subscription-writes": "1173",
        "x-ms-request-id": "93b9702d-ba06-49a4-9c2b-585cb0cf18be",
        "x-ms-routing-request-id": "SOUTHEASTASIA:20221017T073911Z:259a8512-e750-4792-ab4e-a76d4d9a1015"
      },
      "ResponseBody": {
        "properties": {
          "topic": "/subscriptions/db1ab6f0-4769-4b27-930e-01e2ef9c123c/resourceGroups/eventgridrg4645/providers/microsoft.eventgrid/topics/eventgridtopic4311",
          "provisioningState": "Creating",
          "destination": {
            "properties": {
              "endpointUrl": null,
              "endpointBaseUrl": "https://devexpfuncappdestination.azurewebsites.net/runtime/webhooks/EventGrid"
            },
            "endpointType": "WebHook"
          },
          "filter": {
            "subjectBeginsWith": "",
            "subjectEndsWith": ""
          },
          "labels": null,
          "retryPolicy": {
            "maxDeliveryAttempts": 30,
            "eventTimeToLiveInMinutes": 1440
          }
        },
        "systemData": null,
        "id": "/subscriptions/db1ab6f0-4769-4b27-930e-01e2ef9c123c/resourceGroups/EventGridRG4645/providers/Microsoft.EventGrid/topics/eventGridTopic4311/eventSubscriptions/topicSubscription3992",
        "name": "topicSubscription3992",
        "type": "Microsoft.EventGrid/topics/eventSubscriptions"
      }
    },
    {
      "RequestUri": "https://management.azure.com/subscriptions/db1ab6f0-4769-4b27-930e-01e2ef9c123c/providers/Microsoft.EventGrid/locations/eastus/operationsStatus/4D222BE9-4E25-4171-9F67-304AF4DBA6B4?api-version=2022-06-15",
      "RequestMethod": "GET",
      "RequestHeaders": {
        "Authorization": "Sanitized",
        "traceparent": "00-e1f53405c037eb45b9ef72f6c6853d8b-6bc128416d5cc64a-00",
        "User-Agent": "azsdk-net-ResourceManager/1.3.1 (.NET Framework 4.8.9075.0; Microsoft Windows 10.0.22621 )",
        "x-ms-client-request-id": "fd66189d52ceba1506133b19d44b8fcb",
        "x-ms-return-client-request-id": "true"
      },
      "RequestBody": null,
      "StatusCode": 200,
      "ResponseHeaders": {
        "Cache-Control": "no-cache",
        "Content-Length": "280",
        "Content-Type": "application/json; charset=utf-8",
        "Date": "Mon, 17 Oct 2022 07:39:11 GMT",
        "Expires": "-1",
        "Pragma": "no-cache",
        "Server": "Microsoft-HTTPAPI/2.0",
        "Strict-Transport-Security": "max-age=31536000; includeSubDomains",
        "X-Content-Type-Options": "nosniff",
        "x-ms-correlation-request-id": "c410de24-e699-43e3-8b90-658eaffc6bfe",
        "x-ms-ratelimit-remaining-subscription-reads": "11913",
        "x-ms-request-id": "a1eeaa6b-3ea3-4b99-8597-4e79363a2b01",
        "x-ms-routing-request-id": "SOUTHEASTASIA:20221017T073911Z:c410de24-e699-43e3-8b90-658eaffc6bfe"
      },
      "ResponseBody": {
        "id": "https://management.azure.com/subscriptions/db1ab6f0-4769-4b27-930e-01e2ef9c123c/providers/Microsoft.EventGrid/locations/eastus/operationsStatus/4D222BE9-4E25-4171-9F67-304AF4DBA6B4?api-version=2022-06-15",
        "name": "4d222be9-4e25-4171-9f67-304af4dba6b4",
        "status": "InProgress"
      }
    },
    {
      "RequestUri": "https://management.azure.com/subscriptions/db1ab6f0-4769-4b27-930e-01e2ef9c123c/providers/Microsoft.EventGrid/locations/eastus/operationsStatus/4D222BE9-4E25-4171-9F67-304AF4DBA6B4?api-version=2022-06-15",
      "RequestMethod": "GET",
      "RequestHeaders": {
        "Authorization": "Sanitized",
        "traceparent": "00-e1f53405c037eb45b9ef72f6c6853d8b-59dd037feacc064d-00",
        "User-Agent": "azsdk-net-ResourceManager/1.3.1 (.NET Framework 4.8.9075.0; Microsoft Windows 10.0.22621 )",
        "x-ms-client-request-id": "b903489fc3ef77fe2c6708a0c6950f90",
        "x-ms-return-client-request-id": "true"
      },
      "RequestBody": null,
      "StatusCode": 200,
      "ResponseHeaders": {
        "Cache-Control": "no-cache",
        "Content-Length": "280",
        "Content-Type": "application/json; charset=utf-8",
        "Date": "Mon, 17 Oct 2022 07:39:12 GMT",
        "Expires": "-1",
        "Pragma": "no-cache",
        "Server": "Microsoft-HTTPAPI/2.0",
        "Strict-Transport-Security": "max-age=31536000; includeSubDomains",
        "X-Content-Type-Options": "nosniff",
        "x-ms-correlation-request-id": "2d2b6e8a-98c9-44b2-9418-4c6fb8f96f20",
        "x-ms-ratelimit-remaining-subscription-reads": "11912",
        "x-ms-request-id": "7fac6d09-24b8-494d-b5c3-025235e50ad9",
        "x-ms-routing-request-id": "SOUTHEASTASIA:20221017T073912Z:2d2b6e8a-98c9-44b2-9418-4c6fb8f96f20"
      },
      "ResponseBody": {
        "id": "https://management.azure.com/subscriptions/db1ab6f0-4769-4b27-930e-01e2ef9c123c/providers/Microsoft.EventGrid/locations/eastus/operationsStatus/4D222BE9-4E25-4171-9F67-304AF4DBA6B4?api-version=2022-06-15",
        "name": "4d222be9-4e25-4171-9f67-304af4dba6b4",
        "status": "InProgress"
      }
    },
    {
      "RequestUri": "https://management.azure.com/subscriptions/db1ab6f0-4769-4b27-930e-01e2ef9c123c/providers/Microsoft.EventGrid/locations/eastus/operationsStatus/4D222BE9-4E25-4171-9F67-304AF4DBA6B4?api-version=2022-06-15",
      "RequestMethod": "GET",
      "RequestHeaders": {
        "Authorization": "Sanitized",
        "traceparent": "00-e1f53405c037eb45b9ef72f6c6853d8b-fbb58c69fda9fa44-00",
        "User-Agent": "azsdk-net-ResourceManager/1.3.1 (.NET Framework 4.8.9075.0; Microsoft Windows 10.0.22621 )",
        "x-ms-client-request-id": "907c5907a1b77c6a3feff542ae30167f",
        "x-ms-return-client-request-id": "true"
      },
      "RequestBody": null,
      "StatusCode": 200,
      "ResponseHeaders": {
        "Cache-Control": "no-cache",
        "Content-Length": "279",
        "Content-Type": "application/json; charset=utf-8",
        "Date": "Mon, 17 Oct 2022 07:39:13 GMT",
        "Expires": "-1",
        "Pragma": "no-cache",
        "Server": "Microsoft-HTTPAPI/2.0",
        "Strict-Transport-Security": "max-age=31536000; includeSubDomains",
        "X-Content-Type-Options": "nosniff",
        "x-ms-correlation-request-id": "426df09b-8091-4775-a3a6-69d1de5b0d32",
        "x-ms-ratelimit-remaining-subscription-reads": "11911",
        "x-ms-request-id": "a56f7f0a-b267-4493-9262-4a013a1c55a0",
        "x-ms-routing-request-id": "SOUTHEASTASIA:20221017T073914Z:426df09b-8091-4775-a3a6-69d1de5b0d32"
      },
      "ResponseBody": {
        "id": "https://management.azure.com/subscriptions/db1ab6f0-4769-4b27-930e-01e2ef9c123c/providers/Microsoft.EventGrid/locations/eastus/operationsStatus/4D222BE9-4E25-4171-9F67-304AF4DBA6B4?api-version=2022-06-15",
        "name": "4d222be9-4e25-4171-9f67-304af4dba6b4",
        "status": "Succeeded"
      }
    },
    {
      "RequestUri": "https://management.azure.com/subscriptions/db1ab6f0-4769-4b27-930e-01e2ef9c123c/resourceGroups/EventGridRG4645/providers/Microsoft.EventGrid/topics/eventGridTopic4311/eventSubscriptions/topicSubscription3992?api-version=2022-06-15",
      "RequestMethod": "GET",
      "RequestHeaders": {
        "Authorization": "Sanitized",
        "traceparent": "00-e1f53405c037eb45b9ef72f6c6853d8b-a78236d419765e42-00",
        "User-Agent": "azsdk-net-ResourceManager/1.3.1 (.NET Framework 4.8.9075.0; Microsoft Windows 10.0.22621 )",
        "x-ms-client-request-id": "e0c387e5397edaa61aeed0674a74f371",
        "x-ms-return-client-request-id": "true"
      },
      "RequestBody": null,
      "StatusCode": 200,
      "ResponseHeaders": {
        "Cache-Control": "no-cache",
        "Content-Length": "900",
        "Content-Type": "application/json; charset=utf-8",
        "Date": "Mon, 17 Oct 2022 07:39:14 GMT",
        "Expires": "-1",
        "Pragma": "no-cache",
        "Server": "Microsoft-HTTPAPI/2.0",
        "Strict-Transport-Security": "max-age=31536000; includeSubDomains",
        "X-Content-Type-Options": "nosniff",
        "x-ms-correlation-request-id": "f7b90711-c880-443a-a741-ef324c1ec279",
        "x-ms-ratelimit-remaining-subscription-reads": "11910",
        "x-ms-request-id": "111a67c5-73d9-40c9-88dd-1d6365b7b02a",
        "x-ms-routing-request-id": "SOUTHEASTASIA:20221017T073914Z:f7b90711-c880-443a-a741-ef324c1ec279"
      },
      "ResponseBody": {
        "properties": {
          "topic": "/subscriptions/db1ab6f0-4769-4b27-930e-01e2ef9c123c/resourceGroups/eventgridrg4645/providers/microsoft.eventgrid/topics/eventgridtopic4311",
          "provisioningState": "Succeeded",
          "destination": {
            "properties": {
              "endpointUrl": null,
              "endpointBaseUrl": "https://devexpfuncappdestination.azurewebsites.net/runtime/webhooks/EventGrid",
              "maxEventsPerBatch": 1,
              "preferredBatchSizeInKilobytes": 64
            },
            "endpointType": "WebHook"
          },
          "filter": {
            "subjectBeginsWith": "",
            "subjectEndsWith": ""
          },
          "labels": null,
          "eventDeliverySchema": "EventGridSchema",
          "retryPolicy": {
            "maxDeliveryAttempts": 30,
            "eventTimeToLiveInMinutes": 1440
          }
        },
        "systemData": null,
        "id": "/subscriptions/db1ab6f0-4769-4b27-930e-01e2ef9c123c/resourceGroups/EventGridRG4645/providers/Microsoft.EventGrid/topics/eventGridTopic4311/eventSubscriptions/topicSubscription3992",
        "name": "topicSubscription3992",
        "type": "Microsoft.EventGrid/topics/eventSubscriptions"
      }
    },
    {
      "RequestUri": "https://management.azure.com/subscriptions/db1ab6f0-4769-4b27-930e-01e2ef9c123c/resourceGroups/EventGridRG4645/providers/Microsoft.EventGrid/topics/eventGridTopic4311/eventSubscriptions/topicSubscription3992?api-version=2022-06-15",
      "RequestMethod": "GET",
      "RequestHeaders": {
        "Accept": "application/json",
        "Authorization": "Sanitized",
        "traceparent": "00-56d507f856129f4381cb812b7ce84bfd-088aa59ca08cb948-00",
        "User-Agent": "azsdk-net-ResourceManager.EventGrid/1.0.0-alpha.20221017.1 (.NET Framework 4.8.9075.0; Microsoft Windows 10.0.22621 )",
        "x-ms-client-request-id": "7b11ab04fecefd14de877a00cdbcc8fc",
        "x-ms-return-client-request-id": "true"
      },
      "RequestBody": null,
      "StatusCode": 200,
      "ResponseHeaders": {
        "Cache-Control": "no-cache",
        "Content-Length": "900",
        "Content-Type": "application/json; charset=utf-8",
        "Date": "Mon, 17 Oct 2022 07:39:15 GMT",
        "Expires": "-1",
        "Pragma": "no-cache",
        "Server": "Microsoft-HTTPAPI/2.0",
        "Strict-Transport-Security": "max-age=31536000; includeSubDomains",
        "X-Content-Type-Options": "nosniff",
        "x-ms-correlation-request-id": "68c0f07d-e5d8-4d81-9ad2-18fe298b60e7",
        "x-ms-ratelimit-remaining-subscription-reads": "11909",
        "x-ms-request-id": "551f573d-ca21-4826-bf5a-2c762d9a7204",
        "x-ms-routing-request-id": "SOUTHEASTASIA:20221017T073915Z:68c0f07d-e5d8-4d81-9ad2-18fe298b60e7"
      },
      "ResponseBody": {
        "properties": {
          "topic": "/subscriptions/db1ab6f0-4769-4b27-930e-01e2ef9c123c/resourceGroups/eventgridrg4645/providers/microsoft.eventgrid/topics/eventgridtopic4311",
          "provisioningState": "Succeeded",
          "destination": {
            "properties": {
              "endpointUrl": null,
              "endpointBaseUrl": "https://devexpfuncappdestination.azurewebsites.net/runtime/webhooks/EventGrid",
              "maxEventsPerBatch": 1,
              "preferredBatchSizeInKilobytes": 64
            },
            "endpointType": "WebHook"
          },
          "filter": {
            "subjectBeginsWith": "",
            "subjectEndsWith": ""
          },
          "labels": null,
          "eventDeliverySchema": "EventGridSchema",
          "retryPolicy": {
            "maxDeliveryAttempts": 30,
            "eventTimeToLiveInMinutes": 1440
          }
        },
        "systemData": null,
        "id": "/subscriptions/db1ab6f0-4769-4b27-930e-01e2ef9c123c/resourceGroups/EventGridRG4645/providers/Microsoft.EventGrid/topics/eventGridTopic4311/eventSubscriptions/topicSubscription3992",
        "name": "topicSubscription3992",
        "type": "Microsoft.EventGrid/topics/eventSubscriptions"
      }
    }
  ],
  "Variables": {
    "AZURE_AUTHORITY_HOST": "https://login.microsoftonline.com",
    "DateTimeOffsetNow": "2022-10-17T15:38:56.0841166\u002B08:00",
    "RandomSeed": "819172265",
    "RESOURCE_MANAGER_URL": null,
    "SUBSCRIPTION_ID": "db1ab6f0-4769-4b27-930e-01e2ef9c123c"
  }
}
