{
  "Entries": [
    {
      "RequestUri": "https://management.azure.com/subscriptions/db1ab6f0-4769-4b27-930e-01e2ef9c123c/resourcegroups/Communication-RG-8536?api-version=2021-04-01",
      "RequestMethod": "GET",
      "RequestHeaders": {
        "Accept": "application/json",
        "Authorization": "Sanitized",
        "traceparent": "00-948677c31d81c048bc24c1612b1d9ca5-15899b22df44a14d-00",
        "User-Agent": "azsdk-net-ResourceManager/1.0.0 (.NET Core 3.1.22; Microsoft Windows 10.0.22000)",
        "x-ms-client-request-id": "c311b127d129a730470bc50729325313",
        "x-ms-return-client-request-id": "true"
      },
      "RequestBody": null,
      "StatusCode": 200,
      "ResponseHeaders": {
        "Cache-Control": "no-cache",
        "Content-Length": "249",
        "Content-Type": "application/json; charset=utf-8",
        "Date": "Mon, 06 Jun 2022 13:52:15 GMT",
        "Expires": "-1",
        "Pragma": "no-cache",
        "Strict-Transport-Security": "max-age=31536000; includeSubDomains",
        "X-Content-Type-Options": "nosniff",
        "x-ms-correlation-request-id": "a76ede37-218c-44d2-be5c-a8b6f8c4c219",
        "x-ms-ratelimit-remaining-subscription-reads": "11588",
        "x-ms-request-id": "a76ede37-218c-44d2-be5c-a8b6f8c4c219",
        "x-ms-routing-request-id": "SOUTHEASTASIA:20220606T135216Z:a76ede37-218c-44d2-be5c-a8b6f8c4c219"
      },
      "ResponseBody": {
        "id": "/subscriptions/db1ab6f0-4769-4b27-930e-01e2ef9c123c/resourceGroups/Communication-RG-8536",
        "name": "Communication-RG-8536",
        "type": "Microsoft.Resources/resourceGroups",
        "location": "westus",
        "tags": {},
        "properties": {
          "provisioningState": "Succeeded"
        }
      }
    },
    {
      "RequestUri": "https://management.azure.com/subscriptions/db1ab6f0-4769-4b27-930e-01e2ef9c123c/resourceGroups/Communication-RG-8536/providers/Microsoft.Communication/emailServices/email-test24?api-version=2021-10-01-preview",
      "RequestMethod": "GET",
      "RequestHeaders": {
        "Accept": "application/json",
        "Authorization": "Sanitized",
        "traceparent": "00-7c342d9388367e4a849ef39b5378a9ca-ceb9a78f93ea414a-00",
        "User-Agent": "azsdk-net-ResourceManager.Communication/1.1.0-alpha.20220606.1 (.NET Core 3.1.22; Microsoft Windows 10.0.22000)",
        "x-ms-client-request-id": "91721df51f1d097f5d21f1cfc3057f4f",
        "x-ms-return-client-request-id": "true"
      },
      "RequestBody": null,
      "StatusCode": 200,
      "ResponseHeaders": {
        "Cache-Control": "no-cache",
        "Content-Length": "612",
        "Content-Type": "application/json; charset=utf-8",
        "Date": "Mon, 06 Jun 2022 13:52:16 GMT",
        "ETag": "\u0022050164e0-0000-0700-0000-629e02970000\u0022",
        "Expires": "-1",
        "Pragma": "no-cache",
        "Strict-Transport-Security": "max-age=31536000; includeSubDomains",
        "X-Content-Type-Options": "nosniff",
        "x-ms-correlation-request-id": "371f1c1a-3f28-453c-a3e9-46ef4275ca92",
        "x-ms-providerhub-traffic": "True",
        "x-ms-ratelimit-remaining-subscription-reads": "11587",
        "x-ms-request-id": "aa59cc0b-388c-4dae-97c7-2186b50d0ad4",
        "x-ms-routing-request-id": "SOUTHEASTASIA:20220606T135216Z:371f1c1a-3f28-453c-a3e9-46ef4275ca92"
      },
      "ResponseBody": {
        "id": "/subscriptions/db1ab6f0-4769-4b27-930e-01e2ef9c123c/resourceGroups/Communication-RG-8536/providers/Microsoft.Communication/emailServices/email-test24",
        "name": "email-test24",
        "type": "microsoft.communication/emailservices",
        "location": "global",
        "tags": {},
        "systemData": {
          "createdBy": "8e6d47e0-7969-4fde-a62c-4fea4f165e98",
          "createdByType": "Application",
          "createdAt": "2022-06-06T13:35:07.3190876Z",
          "lastModifiedBy": "8e6d47e0-7969-4fde-a62c-4fea4f165e98",
          "lastModifiedByType": "Application",
          "lastModifiedAt": "2022-06-06T13:35:07.3190876Z"
        },
        "properties": {
          "provisioningState": "Succeeded",
          "dataLocation": "UnitedStates"
        }
      }
    },
    {
      "RequestUri": "https://management.azure.com/subscriptions/db1ab6f0-4769-4b27-930e-01e2ef9c123c/resourceGroups/Communication-RG-8536/providers/Microsoft.Communication/emailServices/email-test24/domains/domain-3118.com?api-version=2021-10-01-preview",
      "RequestMethod": "PUT",
      "RequestHeaders": {
        "Accept": "application/json",
        "Authorization": "Sanitized",
        "Content-Length": "133",
        "Content-Type": "application/json",
        "traceparent": "00-13508a485e946b4baccd665e1b6d7db7-7a031f2542132241-00",
        "User-Agent": "azsdk-net-ResourceManager.Communication/1.1.0-alpha.20220606.1 (.NET Core 3.1.22; Microsoft Windows 10.0.22000)",
        "x-ms-client-request-id": "6a424c84ae4ed15d6b5390f180ffd371",
        "x-ms-return-client-request-id": "true"
      },
      "RequestBody": {
        "tags": {},
        "location": "global",
        "properties": {
          "domainManagement": "CustomerManaged",
          "validSenderUsernames": {
            "username": "displayName"
          }
        }
      },
      "StatusCode": 201,
      "ResponseHeaders": {
        "Azure-AsyncOperation": "https://management.azure.com/subscriptions/db1ab6f0-4769-4b27-930e-01e2ef9c123c/providers/Microsoft.Communication/locations/WESTUS2/operationStatuses/32e2a789-cc52-4b4a-adad-befcec0f3596*477BFA07C63186B0DD82610AC9C9DF03645860C3AA49E17C3A0CACA042A506A3?api-version=2021-10-01-preview",
        "Cache-Control": "no-cache",
        "Content-Length": "703",
        "Content-Type": "application/json; charset=utf-8",
        "Date": "Mon, 06 Jun 2022 13:52:21 GMT",
        "ETag": "\u00221000d341-0000-0100-0000-629e06940000\u0022",
        "Expires": "-1",
        "Pragma": "no-cache",
        "Request-Context": "appId=",
        "Strict-Transport-Security": "max-age=31536000; includeSubDomains",
        "X-Content-Type-Options": "nosniff",
        "x-ms-correlation-request-id": "1ec2ec01-27bf-4b22-a290-e9d952d3e924",
        "x-ms-providerhub-traffic": "True",
        "x-ms-ratelimit-remaining-subscription-writes": "1174",
        "x-ms-request-id": "32e2a789-cc52-4b4a-adad-befcec0f3596",
        "x-ms-routing-request-id": "SOUTHEASTASIA:20220606T135222Z:1ec2ec01-27bf-4b22-a290-e9d952d3e924"
      },
      "ResponseBody": {
        "id": "/subscriptions/db1ab6f0-4769-4b27-930e-01e2ef9c123c/resourceGroups/Communication-RG-8536/providers/Microsoft.Communication/emailServices/email-test24/domains/domain-3118.com",
        "name": "domain-3118.com",
        "type": "microsoft.communication/emailservices/domains",
        "location": "global",
        "tags": {},
        "systemData": {
          "createdBy": "8e6d47e0-7969-4fde-a62c-4fea4f165e98",
          "createdByType": "Application",
          "createdAt": "2022-06-06T13:52:19.8310374Z",
          "lastModifiedBy": "8e6d47e0-7969-4fde-a62c-4fea4f165e98",
          "lastModifiedByType": "Application",
          "lastModifiedAt": "2022-06-06T13:52:19.8310374Z"
        },
        "properties": {
          "domainManagement": "CustomerManaged",
          "validSenderUsernames": {
            "username": "displayName"
          },
          "provisioningState": "Accepted"
        }
      }
    },
    {
      "RequestUri": "https://management.azure.com/subscriptions/db1ab6f0-4769-4b27-930e-01e2ef9c123c/providers/Microsoft.Communication/locations/WESTUS2/operationStatuses/32e2a789-cc52-4b4a-adad-befcec0f3596*477BFA07C63186B0DD82610AC9C9DF03645860C3AA49E17C3A0CACA042A506A3?api-version=2021-10-01-preview",
      "RequestMethod": "GET",
      "RequestHeaders": {
        "Authorization": "Sanitized",
        "traceparent": "00-13508a485e946b4baccd665e1b6d7db7-e48f7aa1aca0394b-00",
        "User-Agent": "azsdk-net-ResourceManager/1.0.0 (.NET Core 3.1.22; Microsoft Windows 10.0.22000)",
        "x-ms-client-request-id": "e5a4ac75a8106fa715bfb2cbee18dc21",
        "x-ms-return-client-request-id": "true"
      },
      "RequestBody": null,
      "StatusCode": 200,
      "ResponseHeaders": {
        "Cache-Control": "no-cache",
        "Content-Length": "595",
        "Content-Type": "application/json; charset=utf-8",
        "Date": "Mon, 06 Jun 2022 13:52:22 GMT",
        "ETag": "\u00223d003045-0000-0800-0000-629e06940000\u0022",
        "Expires": "-1",
        "Pragma": "no-cache",
        "Strict-Transport-Security": "max-age=31536000; includeSubDomains",
        "X-Content-Type-Options": "nosniff",
        "x-ms-correlation-request-id": "46b39b25-22e5-4c25-b392-08494d8a36fc",
        "x-ms-ratelimit-remaining-subscription-reads": "11586",
        "x-ms-request-id": "54ae8862-3b98-49d3-844f-7bf775993a9e",
        "x-ms-routing-request-id": "SOUTHEASTASIA:20220606T135222Z:46b39b25-22e5-4c25-b392-08494d8a36fc"
      },
      "ResponseBody": {
        "id": "/subscriptions/db1ab6f0-4769-4b27-930e-01e2ef9c123c/providers/Microsoft.Communication/locations/WESTUS2/operationStatuses/32e2a789-cc52-4b4a-adad-befcec0f3596*477BFA07C63186B0DD82610AC9C9DF03645860C3AA49E17C3A0CACA042A506A3",
        "name": "32e2a789-cc52-4b4a-adad-befcec0f3596*477BFA07C63186B0DD82610AC9C9DF03645860C3AA49E17C3A0CACA042A506A3",
        "resourceId": "/subscriptions/db1ab6f0-4769-4b27-930e-01e2ef9c123c/resourceGroups/Communication-RG-8536/providers/Microsoft.Communication/emailServices/email-test24/domains/domain-3118.com",
        "status": "Accepted",
        "startTime": "2022-06-06T13:52:20.4048534Z"
      }
    },
    {
      "RequestUri": "https://management.azure.com/subscriptions/db1ab6f0-4769-4b27-930e-01e2ef9c123c/providers/Microsoft.Communication/locations/WESTUS2/operationStatuses/32e2a789-cc52-4b4a-adad-befcec0f3596*477BFA07C63186B0DD82610AC9C9DF03645860C3AA49E17C3A0CACA042A506A3?api-version=2021-10-01-preview",
      "RequestMethod": "GET",
      "RequestHeaders": {
        "Authorization": "Sanitized",
        "traceparent": "00-13508a485e946b4baccd665e1b6d7db7-e8c615e5bef58242-00",
        "User-Agent": "azsdk-net-ResourceManager/1.0.0 (.NET Core 3.1.22; Microsoft Windows 10.0.22000)",
        "x-ms-client-request-id": "263b5d1d9676d498450f62e7a77d7088",
        "x-ms-return-client-request-id": "true"
      },
      "RequestBody": null,
      "StatusCode": 200,
      "ResponseHeaders": {
        "Cache-Control": "no-cache",
        "Content-Length": "595",
        "Content-Type": "application/json; charset=utf-8",
        "Date": "Mon, 06 Jun 2022 13:52:23 GMT",
        "ETag": "\u00223d003045-0000-0800-0000-629e06940000\u0022",
        "Expires": "-1",
        "Pragma": "no-cache",
        "Strict-Transport-Security": "max-age=31536000; includeSubDomains",
        "X-Content-Type-Options": "nosniff",
        "x-ms-correlation-request-id": "f20967bc-664e-44ea-8827-e5ab574b92a0",
        "x-ms-ratelimit-remaining-subscription-reads": "11585",
        "x-ms-request-id": "6b432f42-c243-44b6-a3e2-f78d7b3c5279",
        "x-ms-routing-request-id": "SOUTHEASTASIA:20220606T135224Z:f20967bc-664e-44ea-8827-e5ab574b92a0"
      },
      "ResponseBody": {
        "id": "/subscriptions/db1ab6f0-4769-4b27-930e-01e2ef9c123c/providers/Microsoft.Communication/locations/WESTUS2/operationStatuses/32e2a789-cc52-4b4a-adad-befcec0f3596*477BFA07C63186B0DD82610AC9C9DF03645860C3AA49E17C3A0CACA042A506A3",
        "name": "32e2a789-cc52-4b4a-adad-befcec0f3596*477BFA07C63186B0DD82610AC9C9DF03645860C3AA49E17C3A0CACA042A506A3",
        "resourceId": "/subscriptions/db1ab6f0-4769-4b27-930e-01e2ef9c123c/resourceGroups/Communication-RG-8536/providers/Microsoft.Communication/emailServices/email-test24/domains/domain-3118.com",
        "status": "Accepted",
        "startTime": "2022-06-06T13:52:20.4048534Z"
      }
    },
    {
      "RequestUri": "https://management.azure.com/subscriptions/db1ab6f0-4769-4b27-930e-01e2ef9c123c/providers/Microsoft.Communication/locations/WESTUS2/operationStatuses/32e2a789-cc52-4b4a-adad-befcec0f3596*477BFA07C63186B0DD82610AC9C9DF03645860C3AA49E17C3A0CACA042A506A3?api-version=2021-10-01-preview",
      "RequestMethod": "GET",
      "RequestHeaders": {
        "Authorization": "Sanitized",
        "traceparent": "00-13508a485e946b4baccd665e1b6d7db7-df94ff23c1f80846-00",
        "User-Agent": "azsdk-net-ResourceManager/1.0.0 (.NET Core 3.1.22; Microsoft Windows 10.0.22000)",
        "x-ms-client-request-id": "d47b0412ed5bdf603799a403fd3c44f0",
        "x-ms-return-client-request-id": "true"
      },
      "RequestBody": null,
      "StatusCode": 200,
      "ResponseHeaders": {
        "Cache-Control": "no-cache",
        "Content-Length": "595",
        "Content-Type": "application/json; charset=utf-8",
        "Date": "Mon, 06 Jun 2022 13:52:24 GMT",
        "ETag": "\u00223d003045-0000-0800-0000-629e06940000\u0022",
        "Expires": "-1",
        "Pragma": "no-cache",
        "Strict-Transport-Security": "max-age=31536000; includeSubDomains",
        "X-Content-Type-Options": "nosniff",
        "x-ms-correlation-request-id": "a4e03894-6ecf-45ae-8b05-96d7d7142c00",
        "x-ms-ratelimit-remaining-subscription-reads": "11584",
        "x-ms-request-id": "06aaef0d-2523-42fd-861b-e8fb7d5b080f",
        "x-ms-routing-request-id": "SOUTHEASTASIA:20220606T135225Z:a4e03894-6ecf-45ae-8b05-96d7d7142c00"
      },
      "ResponseBody": {
        "id": "/subscriptions/db1ab6f0-4769-4b27-930e-01e2ef9c123c/providers/Microsoft.Communication/locations/WESTUS2/operationStatuses/32e2a789-cc52-4b4a-adad-befcec0f3596*477BFA07C63186B0DD82610AC9C9DF03645860C3AA49E17C3A0CACA042A506A3",
        "name": "32e2a789-cc52-4b4a-adad-befcec0f3596*477BFA07C63186B0DD82610AC9C9DF03645860C3AA49E17C3A0CACA042A506A3",
        "resourceId": "/subscriptions/db1ab6f0-4769-4b27-930e-01e2ef9c123c/resourceGroups/Communication-RG-8536/providers/Microsoft.Communication/emailServices/email-test24/domains/domain-3118.com",
        "status": "Accepted",
        "startTime": "2022-06-06T13:52:20.4048534Z"
      }
    },
    {
      "RequestUri": "https://management.azure.com/subscriptions/db1ab6f0-4769-4b27-930e-01e2ef9c123c/providers/Microsoft.Communication/locations/WESTUS2/operationStatuses/32e2a789-cc52-4b4a-adad-befcec0f3596*477BFA07C63186B0DD82610AC9C9DF03645860C3AA49E17C3A0CACA042A506A3?api-version=2021-10-01-preview",
      "RequestMethod": "GET",
      "RequestHeaders": {
        "Authorization": "Sanitized",
        "traceparent": "00-13508a485e946b4baccd665e1b6d7db7-eb0180fa3b346749-00",
        "User-Agent": "azsdk-net-ResourceManager/1.0.0 (.NET Core 3.1.22; Microsoft Windows 10.0.22000)",
        "x-ms-client-request-id": "03c2e58a1ba8df1514d0a00046c0c897",
        "x-ms-return-client-request-id": "true"
      },
      "RequestBody": null,
      "StatusCode": 200,
      "ResponseHeaders": {
        "Cache-Control": "no-cache",
        "Content-Length": "595",
        "Content-Type": "application/json; charset=utf-8",
        "Date": "Mon, 06 Jun 2022 13:52:25 GMT",
        "ETag": "\u00223d003045-0000-0800-0000-629e06940000\u0022",
        "Expires": "-1",
        "Pragma": "no-cache",
        "Strict-Transport-Security": "max-age=31536000; includeSubDomains",
        "X-Content-Type-Options": "nosniff",
        "x-ms-correlation-request-id": "4b619578-4877-420c-bd12-d98d2874397a",
        "x-ms-ratelimit-remaining-subscription-reads": "11583",
        "x-ms-request-id": "88583fce-6c93-4dc0-a637-dddbb1d7f175",
        "x-ms-routing-request-id": "SOUTHEASTASIA:20220606T135226Z:4b619578-4877-420c-bd12-d98d2874397a"
      },
      "ResponseBody": {
        "id": "/subscriptions/db1ab6f0-4769-4b27-930e-01e2ef9c123c/providers/Microsoft.Communication/locations/WESTUS2/operationStatuses/32e2a789-cc52-4b4a-adad-befcec0f3596*477BFA07C63186B0DD82610AC9C9DF03645860C3AA49E17C3A0CACA042A506A3",
        "name": "32e2a789-cc52-4b4a-adad-befcec0f3596*477BFA07C63186B0DD82610AC9C9DF03645860C3AA49E17C3A0CACA042A506A3",
        "resourceId": "/subscriptions/db1ab6f0-4769-4b27-930e-01e2ef9c123c/resourceGroups/Communication-RG-8536/providers/Microsoft.Communication/emailServices/email-test24/domains/domain-3118.com",
        "status": "Accepted",
        "startTime": "2022-06-06T13:52:20.4048534Z"
      }
    },
    {
      "RequestUri": "https://management.azure.com/subscriptions/db1ab6f0-4769-4b27-930e-01e2ef9c123c/providers/Microsoft.Communication/locations/WESTUS2/operationStatuses/32e2a789-cc52-4b4a-adad-befcec0f3596*477BFA07C63186B0DD82610AC9C9DF03645860C3AA49E17C3A0CACA042A506A3?api-version=2021-10-01-preview",
      "RequestMethod": "GET",
      "RequestHeaders": {
        "Authorization": "Sanitized",
        "traceparent": "00-13508a485e946b4baccd665e1b6d7db7-8302922886f82a4c-00",
        "User-Agent": "azsdk-net-ResourceManager/1.0.0 (.NET Core 3.1.22; Microsoft Windows 10.0.22000)",
        "x-ms-client-request-id": "eab9294f079c2fc6fd5befddf194d609",
        "x-ms-return-client-request-id": "true"
      },
      "RequestBody": null,
      "StatusCode": 200,
      "ResponseHeaders": {
        "Cache-Control": "no-cache",
        "Content-Length": "595",
        "Content-Type": "application/json; charset=utf-8",
        "Date": "Mon, 06 Jun 2022 13:52:28 GMT",
        "ETag": "\u00223d003045-0000-0800-0000-629e06940000\u0022",
        "Expires": "-1",
        "Pragma": "no-cache",
        "Strict-Transport-Security": "max-age=31536000; includeSubDomains",
        "X-Content-Type-Options": "nosniff",
        "x-ms-correlation-request-id": "17789577-da23-4cdd-8d6a-b9ad6aedcde4",
        "x-ms-ratelimit-remaining-subscription-reads": "11582",
        "x-ms-request-id": "336fbbf5-974a-4135-af5f-dd19ece6badf",
        "x-ms-routing-request-id": "SOUTHEASTASIA:20220606T135229Z:17789577-da23-4cdd-8d6a-b9ad6aedcde4"
      },
      "ResponseBody": {
        "id": "/subscriptions/db1ab6f0-4769-4b27-930e-01e2ef9c123c/providers/Microsoft.Communication/locations/WESTUS2/operationStatuses/32e2a789-cc52-4b4a-adad-befcec0f3596*477BFA07C63186B0DD82610AC9C9DF03645860C3AA49E17C3A0CACA042A506A3",
        "name": "32e2a789-cc52-4b4a-adad-befcec0f3596*477BFA07C63186B0DD82610AC9C9DF03645860C3AA49E17C3A0CACA042A506A3",
        "resourceId": "/subscriptions/db1ab6f0-4769-4b27-930e-01e2ef9c123c/resourceGroups/Communication-RG-8536/providers/Microsoft.Communication/emailServices/email-test24/domains/domain-3118.com",
        "status": "Accepted",
        "startTime": "2022-06-06T13:52:20.4048534Z"
      }
    },
    {
      "RequestUri": "https://management.azure.com/subscriptions/db1ab6f0-4769-4b27-930e-01e2ef9c123c/providers/Microsoft.Communication/locations/WESTUS2/operationStatuses/32e2a789-cc52-4b4a-adad-befcec0f3596*477BFA07C63186B0DD82610AC9C9DF03645860C3AA49E17C3A0CACA042A506A3?api-version=2021-10-01-preview",
      "RequestMethod": "GET",
      "RequestHeaders": {
        "Authorization": "Sanitized",
        "traceparent": "00-13508a485e946b4baccd665e1b6d7db7-decf3aeeb57cc846-00",
        "User-Agent": "azsdk-net-ResourceManager/1.0.0 (.NET Core 3.1.22; Microsoft Windows 10.0.22000)",
        "x-ms-client-request-id": "c15d71cb6cbbf6e0ee9cc08a4d5f9976",
        "x-ms-return-client-request-id": "true"
      },
      "RequestBody": null,
      "StatusCode": 200,
      "ResponseHeaders": {
        "Cache-Control": "no-cache",
        "Content-Length": "595",
        "Content-Type": "application/json; charset=utf-8",
        "Date": "Mon, 06 Jun 2022 13:52:32 GMT",
        "ETag": "\u00223d003045-0000-0800-0000-629e06940000\u0022",
        "Expires": "-1",
        "Pragma": "no-cache",
        "Strict-Transport-Security": "max-age=31536000; includeSubDomains",
        "X-Content-Type-Options": "nosniff",
        "x-ms-correlation-request-id": "7ceeb7e8-404d-4b91-ada6-33f0c57b58d5",
        "x-ms-ratelimit-remaining-subscription-reads": "11581",
        "x-ms-request-id": "d9b017f9-8218-4764-90d0-9957a7fe57f5",
        "x-ms-routing-request-id": "SOUTHEASTASIA:20220606T135233Z:7ceeb7e8-404d-4b91-ada6-33f0c57b58d5"
      },
      "ResponseBody": {
        "id": "/subscriptions/db1ab6f0-4769-4b27-930e-01e2ef9c123c/providers/Microsoft.Communication/locations/WESTUS2/operationStatuses/32e2a789-cc52-4b4a-adad-befcec0f3596*477BFA07C63186B0DD82610AC9C9DF03645860C3AA49E17C3A0CACA042A506A3",
        "name": "32e2a789-cc52-4b4a-adad-befcec0f3596*477BFA07C63186B0DD82610AC9C9DF03645860C3AA49E17C3A0CACA042A506A3",
        "resourceId": "/subscriptions/db1ab6f0-4769-4b27-930e-01e2ef9c123c/resourceGroups/Communication-RG-8536/providers/Microsoft.Communication/emailServices/email-test24/domains/domain-3118.com",
        "status": "Accepted",
        "startTime": "2022-06-06T13:52:20.4048534Z"
      }
    },
    {
      "RequestUri": "https://management.azure.com/subscriptions/db1ab6f0-4769-4b27-930e-01e2ef9c123c/providers/Microsoft.Communication/locations/WESTUS2/operationStatuses/32e2a789-cc52-4b4a-adad-befcec0f3596*477BFA07C63186B0DD82610AC9C9DF03645860C3AA49E17C3A0CACA042A506A3?api-version=2021-10-01-preview",
      "RequestMethod": "GET",
      "RequestHeaders": {
        "Authorization": "Sanitized",
        "traceparent": "00-13508a485e946b4baccd665e1b6d7db7-146d9579e4af5648-00",
        "User-Agent": "azsdk-net-ResourceManager/1.0.0 (.NET Core 3.1.22; Microsoft Windows 10.0.22000)",
        "x-ms-client-request-id": "d4b40cd15a8282531f92064c2c38ed7f",
        "x-ms-return-client-request-id": "true"
      },
      "RequestBody": null,
      "StatusCode": 200,
      "ResponseHeaders": {
        "Cache-Control": "no-cache",
        "Content-Length": "595",
        "Content-Type": "application/json; charset=utf-8",
        "Date": "Mon, 06 Jun 2022 13:52:40 GMT",
        "ETag": "\u00223d003045-0000-0800-0000-629e06940000\u0022",
        "Expires": "-1",
        "Pragma": "no-cache",
        "Strict-Transport-Security": "max-age=31536000; includeSubDomains",
        "X-Content-Type-Options": "nosniff",
        "x-ms-correlation-request-id": "4c8730e6-a8c4-4507-8386-add153f7cb9a",
        "x-ms-ratelimit-remaining-subscription-reads": "11580",
        "x-ms-request-id": "7f41d343-a2d3-4355-97fc-580ec6cdf2d6",
        "x-ms-routing-request-id": "SOUTHEASTASIA:20220606T135241Z:4c8730e6-a8c4-4507-8386-add153f7cb9a"
      },
      "ResponseBody": {
        "id": "/subscriptions/db1ab6f0-4769-4b27-930e-01e2ef9c123c/providers/Microsoft.Communication/locations/WESTUS2/operationStatuses/32e2a789-cc52-4b4a-adad-befcec0f3596*477BFA07C63186B0DD82610AC9C9DF03645860C3AA49E17C3A0CACA042A506A3",
        "name": "32e2a789-cc52-4b4a-adad-befcec0f3596*477BFA07C63186B0DD82610AC9C9DF03645860C3AA49E17C3A0CACA042A506A3",
        "resourceId": "/subscriptions/db1ab6f0-4769-4b27-930e-01e2ef9c123c/resourceGroups/Communication-RG-8536/providers/Microsoft.Communication/emailServices/email-test24/domains/domain-3118.com",
        "status": "Accepted",
        "startTime": "2022-06-06T13:52:20.4048534Z"
      }
    },
    {
      "RequestUri": "https://management.azure.com/subscriptions/db1ab6f0-4769-4b27-930e-01e2ef9c123c/providers/Microsoft.Communication/locations/WESTUS2/operationStatuses/32e2a789-cc52-4b4a-adad-befcec0f3596*477BFA07C63186B0DD82610AC9C9DF03645860C3AA49E17C3A0CACA042A506A3?api-version=2021-10-01-preview",
      "RequestMethod": "GET",
      "RequestHeaders": {
        "Authorization": "Sanitized",
        "traceparent": "00-13508a485e946b4baccd665e1b6d7db7-45b0ac7fd2187f40-00",
        "User-Agent": "azsdk-net-ResourceManager/1.0.0 (.NET Core 3.1.22; Microsoft Windows 10.0.22000)",
        "x-ms-client-request-id": "d43597fa0662e2dc49c3fb00473ce29d",
        "x-ms-return-client-request-id": "true"
      },
      "RequestBody": null,
      "StatusCode": 200,
      "ResponseHeaders": {
        "Cache-Control": "no-cache",
        "Content-Length": "595",
        "Content-Type": "application/json; charset=utf-8",
        "Date": "Mon, 06 Jun 2022 13:52:57 GMT",
        "ETag": "\u00223d003045-0000-0800-0000-629e06940000\u0022",
        "Expires": "-1",
        "Pragma": "no-cache",
        "Strict-Transport-Security": "max-age=31536000; includeSubDomains",
        "X-Content-Type-Options": "nosniff",
        "x-ms-correlation-request-id": "a8f400b2-72fc-4c37-9858-ede6b7f8ef6a",
        "x-ms-ratelimit-remaining-subscription-reads": "11579",
        "x-ms-request-id": "af540e5b-f128-428f-806f-e79691a4f05c",
        "x-ms-routing-request-id": "SOUTHEASTASIA:20220606T135257Z:a8f400b2-72fc-4c37-9858-ede6b7f8ef6a"
      },
      "ResponseBody": {
        "id": "/subscriptions/db1ab6f0-4769-4b27-930e-01e2ef9c123c/providers/Microsoft.Communication/locations/WESTUS2/operationStatuses/32e2a789-cc52-4b4a-adad-befcec0f3596*477BFA07C63186B0DD82610AC9C9DF03645860C3AA49E17C3A0CACA042A506A3",
        "name": "32e2a789-cc52-4b4a-adad-befcec0f3596*477BFA07C63186B0DD82610AC9C9DF03645860C3AA49E17C3A0CACA042A506A3",
        "resourceId": "/subscriptions/db1ab6f0-4769-4b27-930e-01e2ef9c123c/resourceGroups/Communication-RG-8536/providers/Microsoft.Communication/emailServices/email-test24/domains/domain-3118.com",
        "status": "Accepted",
        "startTime": "2022-06-06T13:52:20.4048534Z"
      }
    },
    {
      "RequestUri": "https://management.azure.com/subscriptions/db1ab6f0-4769-4b27-930e-01e2ef9c123c/providers/Microsoft.Communication/locations/WESTUS2/operationStatuses/32e2a789-cc52-4b4a-adad-befcec0f3596*477BFA07C63186B0DD82610AC9C9DF03645860C3AA49E17C3A0CACA042A506A3?api-version=2021-10-01-preview",
      "RequestMethod": "GET",
      "RequestHeaders": {
        "Authorization": "Sanitized",
        "traceparent": "00-13508a485e946b4baccd665e1b6d7db7-03e7689d22c9f940-00",
        "User-Agent": "azsdk-net-ResourceManager/1.0.0 (.NET Core 3.1.22; Microsoft Windows 10.0.22000)",
        "x-ms-client-request-id": "e50c78c202e071861edaa2286693cab6",
        "x-ms-return-client-request-id": "true"
      },
      "RequestBody": null,
      "StatusCode": 200,
      "ResponseHeaders": {
        "Cache-Control": "no-cache",
        "Content-Length": "595",
        "Content-Type": "application/json; charset=utf-8",
        "Date": "Mon, 06 Jun 2022 13:53:29 GMT",
        "ETag": "\u00223d003045-0000-0800-0000-629e06940000\u0022",
        "Expires": "-1",
        "Pragma": "no-cache",
        "Strict-Transport-Security": "max-age=31536000; includeSubDomains",
        "X-Content-Type-Options": "nosniff",
        "x-ms-correlation-request-id": "e7b04d16-7daf-41a4-9ee3-e5426f4b5687",
        "x-ms-ratelimit-remaining-subscription-reads": "11578",
        "x-ms-request-id": "3a3392ed-7e4d-4747-9e5f-c1d627daa0a1",
        "x-ms-routing-request-id": "SOUTHEASTASIA:20220606T135330Z:e7b04d16-7daf-41a4-9ee3-e5426f4b5687"
      },
      "ResponseBody": {
        "id": "/subscriptions/db1ab6f0-4769-4b27-930e-01e2ef9c123c/providers/Microsoft.Communication/locations/WESTUS2/operationStatuses/32e2a789-cc52-4b4a-adad-befcec0f3596*477BFA07C63186B0DD82610AC9C9DF03645860C3AA49E17C3A0CACA042A506A3",
        "name": "32e2a789-cc52-4b4a-adad-befcec0f3596*477BFA07C63186B0DD82610AC9C9DF03645860C3AA49E17C3A0CACA042A506A3",
        "resourceId": "/subscriptions/db1ab6f0-4769-4b27-930e-01e2ef9c123c/resourceGroups/Communication-RG-8536/providers/Microsoft.Communication/emailServices/email-test24/domains/domain-3118.com",
        "status": "Accepted",
        "startTime": "2022-06-06T13:52:20.4048534Z"
      }
    },
    {
      "RequestUri": "https://management.azure.com/subscriptions/db1ab6f0-4769-4b27-930e-01e2ef9c123c/providers/Microsoft.Communication/locations/WESTUS2/operationStatuses/32e2a789-cc52-4b4a-adad-befcec0f3596*477BFA07C63186B0DD82610AC9C9DF03645860C3AA49E17C3A0CACA042A506A3?api-version=2021-10-01-preview",
      "RequestMethod": "GET",
      "RequestHeaders": {
        "Authorization": "Sanitized",
        "traceparent": "00-13508a485e946b4baccd665e1b6d7db7-f01fa3bd9dc70841-00",
        "User-Agent": "azsdk-net-ResourceManager/1.0.0 (.NET Core 3.1.22; Microsoft Windows 10.0.22000)",
        "x-ms-client-request-id": "b59040aec42aca1430d18abf5e533be3",
        "x-ms-return-client-request-id": "true"
      },
      "RequestBody": null,
      "StatusCode": 200,
      "ResponseHeaders": {
        "Cache-Control": "no-cache",
        "Content-Length": "614",
        "Content-Type": "application/json; charset=utf-8",
        "Date": "Mon, 06 Jun 2022 13:54:01 GMT",
        "ETag": "\u00223d00b345-0000-0800-0000-629e06da0000\u0022",
        "Expires": "-1",
        "Pragma": "no-cache",
        "Strict-Transport-Security": "max-age=31536000; includeSubDomains",
        "X-Content-Type-Options": "nosniff",
        "x-ms-correlation-request-id": "9c6dc535-d8cf-4380-8c79-d0cc804aac4d",
        "x-ms-ratelimit-remaining-subscription-reads": "11577",
        "x-ms-request-id": "6fafa83b-a3b8-45b2-8210-5feeec343577",
        "x-ms-routing-request-id": "SOUTHEASTASIA:20220606T135402Z:9c6dc535-d8cf-4380-8c79-d0cc804aac4d"
      },
      "ResponseBody": {
        "id": "/subscriptions/db1ab6f0-4769-4b27-930e-01e2ef9c123c/providers/Microsoft.Communication/locations/WESTUS2/operationStatuses/32e2a789-cc52-4b4a-adad-befcec0f3596*477BFA07C63186B0DD82610AC9C9DF03645860C3AA49E17C3A0CACA042A506A3",
        "name": "32e2a789-cc52-4b4a-adad-befcec0f3596*477BFA07C63186B0DD82610AC9C9DF03645860C3AA49E17C3A0CACA042A506A3",
        "resourceId": "/subscriptions/db1ab6f0-4769-4b27-930e-01e2ef9c123c/resourceGroups/Communication-RG-8536/providers/Microsoft.Communication/emailServices/email-test24/domains/domain-3118.com",
        "status": "Succeeded",
        "startTime": "2022-06-06T13:52:20.4048534Z",
        "properties": null
      }
    },
    {
      "RequestUri": "https://management.azure.com/subscriptions/db1ab6f0-4769-4b27-930e-01e2ef9c123c/resourceGroups/Communication-RG-8536/providers/Microsoft.Communication/emailServices/email-test24/domains/domain-3118.com?api-version=2021-10-01-preview",
      "RequestMethod": "GET",
      "RequestHeaders": {
        "Authorization": "Sanitized",
        "traceparent": "00-13508a485e946b4baccd665e1b6d7db7-6f3444e109bf0949-00",
        "User-Agent": "azsdk-net-ResourceManager/1.0.0 (.NET Core 3.1.22; Microsoft Windows 10.0.22000)",
        "x-ms-client-request-id": "b48a69b0082bf89e10c3b68864b37cb5",
        "x-ms-return-client-request-id": "true"
      },
      "RequestBody": null,
      "StatusCode": 200,
      "ResponseHeaders": {
        "Cache-Control": "no-cache",
        "Content-Length": "1594",
        "Content-Type": "application/json; charset=utf-8",
        "Date": "Mon, 06 Jun 2022 13:54:02 GMT",
        "ETag": "\u0022c106c0af-0000-0700-0000-629e069d0000\u0022",
        "Expires": "-1",
        "Pragma": "no-cache",
        "Strict-Transport-Security": "max-age=31536000; includeSubDomains",
        "X-Content-Type-Options": "nosniff",
        "x-ms-correlation-request-id": "0204b17d-ac5a-4231-b485-9b1276b8c3e7",
        "x-ms-providerhub-traffic": "True",
        "x-ms-ratelimit-remaining-subscription-reads": "11576",
        "x-ms-request-id": "13d7057a-5021-4201-baf3-3a485db8419d",
        "x-ms-routing-request-id": "SOUTHEASTASIA:20220606T135402Z:0204b17d-ac5a-4231-b485-9b1276b8c3e7"
      },
      "ResponseBody": {
        "id": "/subscriptions/db1ab6f0-4769-4b27-930e-01e2ef9c123c/resourceGroups/Communication-RG-8536/providers/Microsoft.Communication/emailServices/email-test24/domains/domain-3118.com",
        "name": "domain-3118.com",
        "type": "microsoft.communication/emailservices/domains",
        "location": "global",
        "tags": {},
        "systemData": {
          "createdBy": "8e6d47e0-7969-4fde-a62c-4fea4f165e98",
          "createdByType": "Application",
          "createdAt": "2022-06-06T13:52:19.8310374Z",
          "lastModifiedBy": "8e6d47e0-7969-4fde-a62c-4fea4f165e98",
          "lastModifiedByType": "Application",
          "lastModifiedAt": "2022-06-06T13:52:19.8310374Z"
        },
        "properties": {
          "provisioningState": "Succeeded",
          "dataLocation": "unitedstates",
          "fromSenderDomain": "domain-3118.com",
          "mailFromSenderDomain": "domain-3118.com",
          "domainManagement": "CustomerManaged",
          "verificationStates": {
            "Domain": {
              "status": "NotStarted"
            },
            "SPF": {
              "status": "NotStarted"
            },
            "DKIM": {
              "status": "NotStarted"
            },
            "DKIM2": {
              "status": "NotStarted"
            },
            "DMARC": {
              "status": "NotStarted"
            }
          },
          "verificationRecords": {
            "Domain": {
              "type": "TXT",
              "name": "domain-3118.com",
              "value": "ms-domain-verification=15be08d0-39ec-4b98-a223-f09ed9c148d7",
              "ttl": 3600
            },
            "SPF": {
              "type": "TXT",
              "name": "domain-3118.com",
              "value": "v=spf1 include:spf.protection.outlook.com -all",
              "ttl": 3600
            },
            "DKIM": {
              "type": "CNAME",
              "name": "selector1-azurecomm-prod-net._domainkey",
              "value": "selector1-azurecomm-prod-net._domainkey.azurecomm.net",
              "ttl": 3600
            },
            "DKIM2": {
              "type": "CNAME",
              "name": "selector2-azurecomm-prod-net._domainkey",
              "value": "selector2-azurecomm-prod-net._domainkey.azurecomm.net",
              "ttl": 3600
            }
          },
          "validSenderUsernames": {
            "username": "displayName"
          },
          "userEngagementTracking": "Disabled"
        }
      }
    },
    {
      "RequestUri": "https://management.azure.com/subscriptions/db1ab6f0-4769-4b27-930e-01e2ef9c123c/resourceGroups/Communication-RG-8536/providers/Microsoft.Communication/emailServices/email-test24/domains/domain-3118.com?api-version=2021-10-01-preview",
      "RequestMethod": "GET",
      "RequestHeaders": {
        "Accept": "application/json",
        "Authorization": "Sanitized",
        "traceparent": "00-49a618e35a10a84bac6bb829fe3cc0be-90abda6481e5bb4e-00",
        "User-Agent": "azsdk-net-ResourceManager.Communication/1.1.0-alpha.20220606.1 (.NET Core 3.1.22; Microsoft Windows 10.0.22000)",
        "x-ms-client-request-id": "065145f82cabfd736442b40f77c713cb",
        "x-ms-return-client-request-id": "true"
      },
      "RequestBody": null,
      "StatusCode": 200,
      "ResponseHeaders": {
        "Cache-Control": "no-cache",
        "Content-Length": "1594",
        "Content-Type": "application/json; charset=utf-8",
        "Date": "Mon, 06 Jun 2022 13:54:02 GMT",
        "ETag": "\u0022c106c0af-0000-0700-0000-629e069d0000\u0022",
        "Expires": "-1",
        "Pragma": "no-cache",
        "Strict-Transport-Security": "max-age=31536000; includeSubDomains",
        "X-Content-Type-Options": "nosniff",
        "x-ms-correlation-request-id": "8fb6e19e-1caf-42aa-b8f0-19b00aba2fce",
        "x-ms-providerhub-traffic": "True",
        "x-ms-ratelimit-remaining-subscription-reads": "11575",
        "x-ms-request-id": "9149764e-f473-4597-924b-279f414c5bf1",
        "x-ms-routing-request-id": "SOUTHEASTASIA:20220606T135403Z:8fb6e19e-1caf-42aa-b8f0-19b00aba2fce"
      },
      "ResponseBody": {
        "id": "/subscriptions/db1ab6f0-4769-4b27-930e-01e2ef9c123c/resourceGroups/Communication-RG-8536/providers/Microsoft.Communication/emailServices/email-test24/domains/domain-3118.com",
        "name": "domain-3118.com",
        "type": "microsoft.communication/emailservices/domains",
        "location": "global",
        "tags": {},
        "systemData": {
          "createdBy": "8e6d47e0-7969-4fde-a62c-4fea4f165e98",
          "createdByType": "Application",
          "createdAt": "2022-06-06T13:52:19.8310374Z",
          "lastModifiedBy": "8e6d47e0-7969-4fde-a62c-4fea4f165e98",
          "lastModifiedByType": "Application",
          "lastModifiedAt": "2022-06-06T13:52:19.8310374Z"
        },
        "properties": {
          "provisioningState": "Succeeded",
          "dataLocation": "unitedstates",
          "fromSenderDomain": "domain-3118.com",
          "mailFromSenderDomain": "domain-3118.com",
          "domainManagement": "CustomerManaged",
          "verificationStates": {
            "Domain": {
              "status": "NotStarted"
            },
            "SPF": {
              "status": "NotStarted"
            },
            "DKIM": {
              "status": "NotStarted"
            },
            "DKIM2": {
              "status": "NotStarted"
            },
            "DMARC": {
              "status": "NotStarted"
            }
          },
          "verificationRecords": {
            "Domain": {
              "type": "TXT",
              "name": "domain-3118.com",
              "value": "ms-domain-verification=15be08d0-39ec-4b98-a223-f09ed9c148d7",
              "ttl": 3600
            },
            "SPF": {
              "type": "TXT",
              "name": "domain-3118.com",
              "value": "v=spf1 include:spf.protection.outlook.com -all",
              "ttl": 3600
            },
            "DKIM": {
              "type": "CNAME",
              "name": "selector1-azurecomm-prod-net._domainkey",
              "value": "selector1-azurecomm-prod-net._domainkey.azurecomm.net",
              "ttl": 3600
            },
            "DKIM2": {
              "type": "CNAME",
              "name": "selector2-azurecomm-prod-net._domainkey",
              "value": "selector2-azurecomm-prod-net._domainkey.azurecomm.net",
              "ttl": 3600
            }
          },
          "validSenderUsernames": {
            "username": "displayName"
          },
          "userEngagementTracking": "Disabled"
        }
      }
    },
    {
      "RequestUri": "https://management.azure.com/subscriptions/db1ab6f0-4769-4b27-930e-01e2ef9c123c/resourceGroups/Communication-RG-8536/providers/Microsoft.Communication/emailServices/email-test24/domains?api-version=2021-10-01-preview",
      "RequestMethod": "GET",
      "RequestHeaders": {
        "Accept": "application/json",
        "Authorization": "Sanitized",
        "traceparent": "00-7f18c3fca75feb44b2d264c4fc9dd9ad-0b9c5b83e89a1842-00",
        "User-Agent": "azsdk-net-ResourceManager.Communication/1.1.0-alpha.20220606.1 (.NET Core 3.1.22; Microsoft Windows 10.0.22000)",
        "x-ms-client-request-id": "fd77bf9e1608a68aa198a4660e8c657c",
        "x-ms-return-client-request-id": "true"
      },
      "RequestBody": null,
      "StatusCode": 200,
      "ResponseHeaders": {
        "Cache-Control": "no-cache",
        "Content-Length": "1606",
        "Content-Type": "application/json; charset=utf-8",
        "Date": "Mon, 06 Jun 2022 13:54:03 GMT",
        "Expires": "-1",
        "Pragma": "no-cache",
        "Strict-Transport-Security": "max-age=31536000; includeSubDomains",
        "X-Content-Type-Options": "nosniff",
        "x-ms-correlation-request-id": "dd372634-2be6-4dfb-8da9-7b12ca04e16b",
        "x-ms-providerhub-traffic": "True",
        "x-ms-ratelimit-remaining-subscription-reads": "11574",
        "x-ms-request-id": "52b24c2b-af0a-4e0e-87f1-e0660832d247",
        "x-ms-routing-request-id": "SOUTHEASTASIA:20220606T135403Z:dd372634-2be6-4dfb-8da9-7b12ca04e16b"
      },
      "ResponseBody": {
        "value": [
          {
            "id": "/subscriptions/db1ab6f0-4769-4b27-930e-01e2ef9c123c/resourceGroups/Communication-RG-8536/providers/Microsoft.Communication/emailServices/email-test24/domains/domain-3118.com",
            "name": "domain-3118.com",
            "type": "microsoft.communication/emailservices/domains",
            "location": "global",
            "tags": {},
            "systemData": {
              "createdBy": "8e6d47e0-7969-4fde-a62c-4fea4f165e98",
              "createdByType": "Application",
              "createdAt": "2022-06-06T13:52:19.8310374Z",
              "lastModifiedBy": "8e6d47e0-7969-4fde-a62c-4fea4f165e98",
              "lastModifiedByType": "Application",
              "lastModifiedAt": "2022-06-06T13:52:19.8310374Z"
            },
            "properties": {
              "provisioningState": "Succeeded",
              "dataLocation": "unitedstates",
              "fromSenderDomain": "domain-3118.com",
              "mailFromSenderDomain": "domain-3118.com",
              "domainManagement": "CustomerManaged",
              "verificationStates": {
                "Domain": {
                  "status": "NotStarted"
                },
                "SPF": {
                  "status": "NotStarted"
                },
                "DKIM": {
                  "status": "NotStarted"
                },
                "DKIM2": {
                  "status": "NotStarted"
                },
                "DMARC": {
                  "status": "NotStarted"
                }
              },
              "verificationRecords": {
                "Domain": {
                  "type": "TXT",
                  "name": "domain-3118.com",
                  "value": "ms-domain-verification=15be08d0-39ec-4b98-a223-f09ed9c148d7",
                  "ttl": 3600
                },
                "SPF": {
                  "type": "TXT",
                  "name": "domain-3118.com",
                  "value": "v=spf1 include:spf.protection.outlook.com -all",
                  "ttl": 3600
                },
                "DKIM": {
                  "type": "CNAME",
                  "name": "selector1-azurecomm-prod-net._domainkey",
                  "value": "selector1-azurecomm-prod-net._domainkey.azurecomm.net",
                  "ttl": 3600
                },
                "DKIM2": {
                  "type": "CNAME",
                  "name": "selector2-azurecomm-prod-net._domainkey",
                  "value": "selector2-azurecomm-prod-net._domainkey.azurecomm.net",
                  "ttl": 3600
                }
              },
              "validSenderUsernames": {
                "username": "displayName"
              },
              "userEngagementTracking": "Disabled"
            }
          }
        ]
      }
    },
    {
      "RequestUri": "https://management.azure.com/subscriptions/db1ab6f0-4769-4b27-930e-01e2ef9c123c/resourceGroups/Communication-RG-8536/providers/Microsoft.Communication/emailServices/email-test24/domains/domain-3118.com?api-version=2021-10-01-preview",
      "RequestMethod": "DELETE",
      "RequestHeaders": {
        "Accept": "application/json",
        "Authorization": "Sanitized",
        "traceparent": "00-0c2ce1e1227d5f419b8a7eccae2882f0-1267eca4f956084e-00",
        "User-Agent": "azsdk-net-ResourceManager.Communication/1.1.0-alpha.20220606.1 (.NET Core 3.1.22; Microsoft Windows 10.0.22000)",
        "x-ms-client-request-id": "18c6d45435018337f58d4fe9538f8149",
        "x-ms-return-client-request-id": "true"
      },
      "RequestBody": null,
      "StatusCode": 202,
      "ResponseHeaders": {
        "Azure-AsyncOperation": "https://management.azure.com/subscriptions/db1ab6f0-4769-4b27-930e-01e2ef9c123c/providers/Microsoft.Communication/locations/WESTUS2/operationStatuses/7604472e-7fdc-4e03-8902-0e00bfcade3f*477BFA07C63186B0DD82610AC9C9DF03645860C3AA49E17C3A0CACA042A506A3?api-version=2021-10-01-preview",
        "Cache-Control": "no-cache",
        "Content-Length": "4",
        "Content-Type": "application/json; charset=utf-8",
        "Date": "Mon, 06 Jun 2022 13:54:04 GMT",
        "ETag": "\u00221000e741-0000-0100-0000-629e06fd0000\u0022",
        "Expires": "-1",
        "Location": "https://management.azure.com/subscriptions/db1ab6f0-4769-4b27-930e-01e2ef9c123c/providers/Microsoft.Communication/locations/WESTUS2/operationStatuses/7604472e-7fdc-4e03-8902-0e00bfcade3f*477BFA07C63186B0DD82610AC9C9DF03645860C3AA49E17C3A0CACA042A506A3?api-version=2021-10-01-preview",
        "Pragma": "no-cache",
        "Strict-Transport-Security": "max-age=31536000; includeSubDomains",
        "X-Content-Type-Options": "nosniff",
        "x-ms-correlation-request-id": "f8108b19-f602-440b-b8b9-8953fa891107",
        "x-ms-providerhub-traffic": "True",
        "x-ms-ratelimit-remaining-subscription-deletes": "14983",
        "x-ms-request-id": "7604472e-7fdc-4e03-8902-0e00bfcade3f",
        "x-ms-routing-request-id": "SOUTHEASTASIA:20220606T135405Z:f8108b19-f602-440b-b8b9-8953fa891107"
      },
      "ResponseBody": "null"
    },
    {
      "RequestUri": "https://management.azure.com/subscriptions/db1ab6f0-4769-4b27-930e-01e2ef9c123c/providers/Microsoft.Communication/locations/WESTUS2/operationStatuses/7604472e-7fdc-4e03-8902-0e00bfcade3f*477BFA07C63186B0DD82610AC9C9DF03645860C3AA49E17C3A0CACA042A506A3?api-version=2021-10-01-preview",
      "RequestMethod": "GET",
      "RequestHeaders": {
        "Authorization": "Sanitized",
        "traceparent": "00-0c2ce1e1227d5f419b8a7eccae2882f0-8036ede294e75549-00",
        "User-Agent": "azsdk-net-ResourceManager/1.0.0 (.NET Core 3.1.22; Microsoft Windows 10.0.22000)",
        "x-ms-client-request-id": "a2ba37dcfb0069c987f4077bc6a15212",
        "x-ms-return-client-request-id": "true"
      },
      "RequestBody": null,
      "StatusCode": 202,
      "ResponseHeaders": {
        "Cache-Control": "no-cache",
        "Content-Length": "595",
        "Content-Type": "application/json; charset=utf-8",
        "Date": "Mon, 06 Jun 2022 13:54:05 GMT",
        "ETag": "\u00223d00f845-0000-0800-0000-629e06fc0000\u0022",
        "Expires": "-1",
        "Pragma": "no-cache",
        "Strict-Transport-Security": "max-age=31536000; includeSubDomains",
        "X-Content-Type-Options": "nosniff",
        "x-ms-correlation-request-id": "208c06e6-06f0-469e-bfa8-497181a3e8ca",
        "x-ms-ratelimit-remaining-subscription-reads": "11573",
        "x-ms-request-id": "fa1ace0b-e1e7-4a8e-b3e1-d1be6e1a1e46",
        "x-ms-routing-request-id": "SOUTHEASTASIA:20220606T135405Z:208c06e6-06f0-469e-bfa8-497181a3e8ca"
      },
      "ResponseBody": {
        "id": "/subscriptions/db1ab6f0-4769-4b27-930e-01e2ef9c123c/providers/Microsoft.Communication/locations/WESTUS2/operationStatuses/7604472e-7fdc-4e03-8902-0e00bfcade3f*477BFA07C63186B0DD82610AC9C9DF03645860C3AA49E17C3A0CACA042A506A3",
        "name": "7604472e-7fdc-4e03-8902-0e00bfcade3f*477BFA07C63186B0DD82610AC9C9DF03645860C3AA49E17C3A0CACA042A506A3",
        "resourceId": "/subscriptions/db1ab6f0-4769-4b27-930e-01e2ef9c123c/resourceGroups/Communication-RG-8536/providers/Microsoft.Communication/emailServices/email-test24/domains/domain-3118.com",
        "status": "Deleting",
        "startTime": "2022-06-06T13:54:04.7773981Z"
      }
    },
    {
      "RequestUri": "https://management.azure.com/subscriptions/db1ab6f0-4769-4b27-930e-01e2ef9c123c/providers/Microsoft.Communication/locations/WESTUS2/operationStatuses/7604472e-7fdc-4e03-8902-0e00bfcade3f*477BFA07C63186B0DD82610AC9C9DF03645860C3AA49E17C3A0CACA042A506A3?api-version=2021-10-01-preview",
      "RequestMethod": "GET",
      "RequestHeaders": {
        "Authorization": "Sanitized",
        "traceparent": "00-0c2ce1e1227d5f419b8a7eccae2882f0-2a8294cae1ed594a-00",
        "User-Agent": "azsdk-net-ResourceManager/1.0.0 (.NET Core 3.1.22; Microsoft Windows 10.0.22000)",
        "x-ms-client-request-id": "22b55a17c0a2d54027e45d56d124fbe9",
        "x-ms-return-client-request-id": "true"
      },
      "RequestBody": null,
      "StatusCode": 202,
      "ResponseHeaders": {
        "Cache-Control": "no-cache",
        "Content-Length": "595",
        "Content-Type": "application/json; charset=utf-8",
        "Date": "Mon, 06 Jun 2022 13:54:06 GMT",
        "ETag": "\u00223d00f845-0000-0800-0000-629e06fc0000\u0022",
        "Expires": "-1",
        "Pragma": "no-cache",
        "Strict-Transport-Security": "max-age=31536000; includeSubDomains",
        "X-Content-Type-Options": "nosniff",
        "x-ms-correlation-request-id": "303e59cd-68f2-442d-a721-b2fd717f13b0",
        "x-ms-ratelimit-remaining-subscription-reads": "11572",
        "x-ms-request-id": "3d174b8a-42f2-4a5f-a62b-d09ccafa2d21",
        "x-ms-routing-request-id": "SOUTHEASTASIA:20220606T135406Z:303e59cd-68f2-442d-a721-b2fd717f13b0"
      },
      "ResponseBody": {
        "id": "/subscriptions/db1ab6f0-4769-4b27-930e-01e2ef9c123c/providers/Microsoft.Communication/locations/WESTUS2/operationStatuses/7604472e-7fdc-4e03-8902-0e00bfcade3f*477BFA07C63186B0DD82610AC9C9DF03645860C3AA49E17C3A0CACA042A506A3",
        "name": "7604472e-7fdc-4e03-8902-0e00bfcade3f*477BFA07C63186B0DD82610AC9C9DF03645860C3AA49E17C3A0CACA042A506A3",
        "resourceId": "/subscriptions/db1ab6f0-4769-4b27-930e-01e2ef9c123c/resourceGroups/Communication-RG-8536/providers/Microsoft.Communication/emailServices/email-test24/domains/domain-3118.com",
        "status": "Deleting",
        "startTime": "2022-06-06T13:54:04.7773981Z"
      }
    },
    {
      "RequestUri": "https://management.azure.com/subscriptions/db1ab6f0-4769-4b27-930e-01e2ef9c123c/providers/Microsoft.Communication/locations/WESTUS2/operationStatuses/7604472e-7fdc-4e03-8902-0e00bfcade3f*477BFA07C63186B0DD82610AC9C9DF03645860C3AA49E17C3A0CACA042A506A3?api-version=2021-10-01-preview",
      "RequestMethod": "GET",
      "RequestHeaders": {
        "Authorization": "Sanitized",
        "traceparent": "00-0c2ce1e1227d5f419b8a7eccae2882f0-66ea8e0ce83e3a4a-00",
        "User-Agent": "azsdk-net-ResourceManager/1.0.0 (.NET Core 3.1.22; Microsoft Windows 10.0.22000)",
        "x-ms-client-request-id": "1c0d779dded5b549217f1e4778311c19",
        "x-ms-return-client-request-id": "true"
      },
      "RequestBody": null,
      "StatusCode": 202,
      "ResponseHeaders": {
        "Cache-Control": "no-cache",
        "Content-Length": "595",
        "Content-Type": "application/json; charset=utf-8",
        "Date": "Mon, 06 Jun 2022 13:54:07 GMT",
        "ETag": "\u00223d00f845-0000-0800-0000-629e06fc0000\u0022",
        "Expires": "-1",
        "Pragma": "no-cache",
        "Strict-Transport-Security": "max-age=31536000; includeSubDomains",
        "X-Content-Type-Options": "nosniff",
        "x-ms-correlation-request-id": "46a5480c-e6b5-49fe-bcfd-8027acbc6624",
        "x-ms-ratelimit-remaining-subscription-reads": "11571",
        "x-ms-request-id": "737094b0-efde-49d6-b585-2afeb5d34e6d",
        "x-ms-routing-request-id": "SOUTHEASTASIA:20220606T135408Z:46a5480c-e6b5-49fe-bcfd-8027acbc6624"
      },
      "ResponseBody": {
        "id": "/subscriptions/db1ab6f0-4769-4b27-930e-01e2ef9c123c/providers/Microsoft.Communication/locations/WESTUS2/operationStatuses/7604472e-7fdc-4e03-8902-0e00bfcade3f*477BFA07C63186B0DD82610AC9C9DF03645860C3AA49E17C3A0CACA042A506A3",
        "name": "7604472e-7fdc-4e03-8902-0e00bfcade3f*477BFA07C63186B0DD82610AC9C9DF03645860C3AA49E17C3A0CACA042A506A3",
        "resourceId": "/subscriptions/db1ab6f0-4769-4b27-930e-01e2ef9c123c/resourceGroups/Communication-RG-8536/providers/Microsoft.Communication/emailServices/email-test24/domains/domain-3118.com",
        "status": "Deleting",
        "startTime": "2022-06-06T13:54:04.7773981Z"
      }
    },
    {
      "RequestUri": "https://management.azure.com/subscriptions/db1ab6f0-4769-4b27-930e-01e2ef9c123c/providers/Microsoft.Communication/locations/WESTUS2/operationStatuses/7604472e-7fdc-4e03-8902-0e00bfcade3f*477BFA07C63186B0DD82610AC9C9DF03645860C3AA49E17C3A0CACA042A506A3?api-version=2021-10-01-preview",
      "RequestMethod": "GET",
      "RequestHeaders": {
        "Authorization": "Sanitized",
        "traceparent": "00-0c2ce1e1227d5f419b8a7eccae2882f0-6c2572eaefab8f4a-00",
        "User-Agent": "azsdk-net-ResourceManager/1.0.0 (.NET Core 3.1.22; Microsoft Windows 10.0.22000)",
        "x-ms-client-request-id": "2dfc5258cc571c35f6e47a1c9e739863",
        "x-ms-return-client-request-id": "true"
      },
      "RequestBody": null,
      "StatusCode": 202,
      "ResponseHeaders": {
        "Cache-Control": "no-cache",
        "Content-Length": "595",
        "Content-Type": "application/json; charset=utf-8",
        "Date": "Mon, 06 Jun 2022 13:54:08 GMT",
        "ETag": "\u00223d00f845-0000-0800-0000-629e06fc0000\u0022",
        "Expires": "-1",
        "Pragma": "no-cache",
        "Strict-Transport-Security": "max-age=31536000; includeSubDomains",
        "X-Content-Type-Options": "nosniff",
        "x-ms-correlation-request-id": "3db2ed57-f59a-4ab2-9999-44abc10d077d",
        "x-ms-ratelimit-remaining-subscription-reads": "11570",
        "x-ms-request-id": "6bfbb844-6106-402e-9d5c-dd02ed8337a4",
        "x-ms-routing-request-id": "SOUTHEASTASIA:20220606T135409Z:3db2ed57-f59a-4ab2-9999-44abc10d077d"
      },
      "ResponseBody": {
        "id": "/subscriptions/db1ab6f0-4769-4b27-930e-01e2ef9c123c/providers/Microsoft.Communication/locations/WESTUS2/operationStatuses/7604472e-7fdc-4e03-8902-0e00bfcade3f*477BFA07C63186B0DD82610AC9C9DF03645860C3AA49E17C3A0CACA042A506A3",
        "name": "7604472e-7fdc-4e03-8902-0e00bfcade3f*477BFA07C63186B0DD82610AC9C9DF03645860C3AA49E17C3A0CACA042A506A3",
        "resourceId": "/subscriptions/db1ab6f0-4769-4b27-930e-01e2ef9c123c/resourceGroups/Communication-RG-8536/providers/Microsoft.Communication/emailServices/email-test24/domains/domain-3118.com",
        "status": "Deleting",
        "startTime": "2022-06-06T13:54:04.7773981Z"
      }
    },
    {
      "RequestUri": "https://management.azure.com/subscriptions/db1ab6f0-4769-4b27-930e-01e2ef9c123c/providers/Microsoft.Communication/locations/WESTUS2/operationStatuses/7604472e-7fdc-4e03-8902-0e00bfcade3f*477BFA07C63186B0DD82610AC9C9DF03645860C3AA49E17C3A0CACA042A506A3?api-version=2021-10-01-preview",
      "RequestMethod": "GET",
      "RequestHeaders": {
        "Authorization": "Sanitized",
        "traceparent": "00-0c2ce1e1227d5f419b8a7eccae2882f0-c4617bccec89144d-00",
        "User-Agent": "azsdk-net-ResourceManager/1.0.0 (.NET Core 3.1.22; Microsoft Windows 10.0.22000)",
        "x-ms-client-request-id": "4ede1ef83694383c11000123a2f95df6",
        "x-ms-return-client-request-id": "true"
      },
      "RequestBody": null,
      "StatusCode": 202,
      "ResponseHeaders": {
        "Cache-Control": "no-cache",
        "Content-Length": "595",
        "Content-Type": "application/json; charset=utf-8",
        "Date": "Mon, 06 Jun 2022 13:54:11 GMT",
        "ETag": "\u00223d00f845-0000-0800-0000-629e06fc0000\u0022",
        "Expires": "-1",
        "Pragma": "no-cache",
        "Strict-Transport-Security": "max-age=31536000; includeSubDomains",
        "X-Content-Type-Options": "nosniff",
        "x-ms-correlation-request-id": "6e170987-f121-415a-8c97-c495a6aea713",
        "x-ms-ratelimit-remaining-subscription-reads": "11569",
        "x-ms-request-id": "1cd1fe6c-8f67-465c-ab30-a2f98fd3888c",
        "x-ms-routing-request-id": "SOUTHEASTASIA:20220606T135411Z:6e170987-f121-415a-8c97-c495a6aea713"
      },
      "ResponseBody": {
        "id": "/subscriptions/db1ab6f0-4769-4b27-930e-01e2ef9c123c/providers/Microsoft.Communication/locations/WESTUS2/operationStatuses/7604472e-7fdc-4e03-8902-0e00bfcade3f*477BFA07C63186B0DD82610AC9C9DF03645860C3AA49E17C3A0CACA042A506A3",
        "name": "7604472e-7fdc-4e03-8902-0e00bfcade3f*477BFA07C63186B0DD82610AC9C9DF03645860C3AA49E17C3A0CACA042A506A3",
        "resourceId": "/subscriptions/db1ab6f0-4769-4b27-930e-01e2ef9c123c/resourceGroups/Communication-RG-8536/providers/Microsoft.Communication/emailServices/email-test24/domains/domain-3118.com",
        "status": "Deleting",
        "startTime": "2022-06-06T13:54:04.7773981Z"
      }
    },
    {
      "RequestUri": "https://management.azure.com/subscriptions/db1ab6f0-4769-4b27-930e-01e2ef9c123c/providers/Microsoft.Communication/locations/WESTUS2/operationStatuses/7604472e-7fdc-4e03-8902-0e00bfcade3f*477BFA07C63186B0DD82610AC9C9DF03645860C3AA49E17C3A0CACA042A506A3?api-version=2021-10-01-preview",
      "RequestMethod": "GET",
      "RequestHeaders": {
        "Authorization": "Sanitized",
        "traceparent": "00-0c2ce1e1227d5f419b8a7eccae2882f0-5f498132f0753040-00",
        "User-Agent": "azsdk-net-ResourceManager/1.0.0 (.NET Core 3.1.22; Microsoft Windows 10.0.22000)",
        "x-ms-client-request-id": "7efd43c7cd27d09142f125f0642c17ae",
        "x-ms-return-client-request-id": "true"
      },
      "RequestBody": null,
      "StatusCode": 202,
      "ResponseHeaders": {
        "Cache-Control": "no-cache",
        "Content-Length": "595",
        "Content-Type": "application/json; charset=utf-8",
        "Date": "Mon, 06 Jun 2022 13:54:15 GMT",
        "ETag": "\u00223d00f845-0000-0800-0000-629e06fc0000\u0022",
        "Expires": "-1",
        "Pragma": "no-cache",
        "Strict-Transport-Security": "max-age=31536000; includeSubDomains",
        "X-Content-Type-Options": "nosniff",
        "x-ms-correlation-request-id": "df29db32-8392-4ac2-b423-78be7e4f2841",
        "x-ms-ratelimit-remaining-subscription-reads": "11568",
        "x-ms-request-id": "c45af745-d182-46b5-ab11-2542dea17b88",
        "x-ms-routing-request-id": "SOUTHEASTASIA:20220606T135415Z:df29db32-8392-4ac2-b423-78be7e4f2841"
      },
      "ResponseBody": {
        "id": "/subscriptions/db1ab6f0-4769-4b27-930e-01e2ef9c123c/providers/Microsoft.Communication/locations/WESTUS2/operationStatuses/7604472e-7fdc-4e03-8902-0e00bfcade3f*477BFA07C63186B0DD82610AC9C9DF03645860C3AA49E17C3A0CACA042A506A3",
        "name": "7604472e-7fdc-4e03-8902-0e00bfcade3f*477BFA07C63186B0DD82610AC9C9DF03645860C3AA49E17C3A0CACA042A506A3",
        "resourceId": "/subscriptions/db1ab6f0-4769-4b27-930e-01e2ef9c123c/resourceGroups/Communication-RG-8536/providers/Microsoft.Communication/emailServices/email-test24/domains/domain-3118.com",
        "status": "Deleting",
        "startTime": "2022-06-06T13:54:04.7773981Z"
      }
    },
    {
      "RequestUri": "https://management.azure.com/subscriptions/db1ab6f0-4769-4b27-930e-01e2ef9c123c/providers/Microsoft.Communication/locations/WESTUS2/operationStatuses/7604472e-7fdc-4e03-8902-0e00bfcade3f*477BFA07C63186B0DD82610AC9C9DF03645860C3AA49E17C3A0CACA042A506A3?api-version=2021-10-01-preview",
      "RequestMethod": "GET",
      "RequestHeaders": {
        "Authorization": "Sanitized",
        "traceparent": "00-0c2ce1e1227d5f419b8a7eccae2882f0-e17d4a06802ce84b-00",
        "User-Agent": "azsdk-net-ResourceManager/1.0.0 (.NET Core 3.1.22; Microsoft Windows 10.0.22000)",
        "x-ms-client-request-id": "5a4ebae6cd53228515c31c56cb1179fd",
        "x-ms-return-client-request-id": "true"
      },
      "RequestBody": null,
      "StatusCode": 202,
      "ResponseHeaders": {
        "Cache-Control": "no-cache",
        "Content-Length": "595",
        "Content-Type": "application/json; charset=utf-8",
        "Date": "Mon, 06 Jun 2022 13:54:23 GMT",
        "ETag": "\u00223d00f845-0000-0800-0000-629e06fc0000\u0022",
        "Expires": "-1",
        "Pragma": "no-cache",
        "Strict-Transport-Security": "max-age=31536000; includeSubDomains",
        "X-Content-Type-Options": "nosniff",
        "x-ms-correlation-request-id": "c09302af-fb4a-40de-8e7f-d7357107e6a5",
        "x-ms-ratelimit-remaining-subscription-reads": "11567",
        "x-ms-request-id": "36f345f9-00af-4590-92df-7593ea34cac5",
        "x-ms-routing-request-id": "SOUTHEASTASIA:20220606T135424Z:c09302af-fb4a-40de-8e7f-d7357107e6a5"
      },
      "ResponseBody": {
        "id": "/subscriptions/db1ab6f0-4769-4b27-930e-01e2ef9c123c/providers/Microsoft.Communication/locations/WESTUS2/operationStatuses/7604472e-7fdc-4e03-8902-0e00bfcade3f*477BFA07C63186B0DD82610AC9C9DF03645860C3AA49E17C3A0CACA042A506A3",
        "name": "7604472e-7fdc-4e03-8902-0e00bfcade3f*477BFA07C63186B0DD82610AC9C9DF03645860C3AA49E17C3A0CACA042A506A3",
        "resourceId": "/subscriptions/db1ab6f0-4769-4b27-930e-01e2ef9c123c/resourceGroups/Communication-RG-8536/providers/Microsoft.Communication/emailServices/email-test24/domains/domain-3118.com",
        "status": "Deleting",
        "startTime": "2022-06-06T13:54:04.7773981Z"
      }
    },
    {
      "RequestUri": "https://management.azure.com/subscriptions/db1ab6f0-4769-4b27-930e-01e2ef9c123c/providers/Microsoft.Communication/locations/WESTUS2/operationStatuses/7604472e-7fdc-4e03-8902-0e00bfcade3f*477BFA07C63186B0DD82610AC9C9DF03645860C3AA49E17C3A0CACA042A506A3?api-version=2021-10-01-preview",
      "RequestMethod": "GET",
      "RequestHeaders": {
        "Authorization": "Sanitized",
        "traceparent": "00-0c2ce1e1227d5f419b8a7eccae2882f0-638e026d0a440440-00",
        "User-Agent": "azsdk-net-ResourceManager/1.0.0 (.NET Core 3.1.22; Microsoft Windows 10.0.22000)",
        "x-ms-client-request-id": "5a54838719752b3b8c0d0ba3104cd3e4",
        "x-ms-return-client-request-id": "true"
      },
      "RequestBody": null,
      "StatusCode": 202,
      "ResponseHeaders": {
        "Cache-Control": "no-cache",
        "Content-Length": "595",
        "Content-Type": "application/json; charset=utf-8",
        "Date": "Mon, 06 Jun 2022 13:54:39 GMT",
        "ETag": "\u00223d00f845-0000-0800-0000-629e06fc0000\u0022",
        "Expires": "-1",
        "Pragma": "no-cache",
        "Strict-Transport-Security": "max-age=31536000; includeSubDomains",
        "X-Content-Type-Options": "nosniff",
        "x-ms-correlation-request-id": "dcb46028-252f-478f-9e08-a9a751a5261b",
        "x-ms-ratelimit-remaining-subscription-reads": "11566",
        "x-ms-request-id": "31b44d80-14ec-4ec9-a72e-4a100760b48d",
        "x-ms-routing-request-id": "SOUTHEASTASIA:20220606T135440Z:dcb46028-252f-478f-9e08-a9a751a5261b"
      },
      "ResponseBody": {
        "id": "/subscriptions/db1ab6f0-4769-4b27-930e-01e2ef9c123c/providers/Microsoft.Communication/locations/WESTUS2/operationStatuses/7604472e-7fdc-4e03-8902-0e00bfcade3f*477BFA07C63186B0DD82610AC9C9DF03645860C3AA49E17C3A0CACA042A506A3",
        "name": "7604472e-7fdc-4e03-8902-0e00bfcade3f*477BFA07C63186B0DD82610AC9C9DF03645860C3AA49E17C3A0CACA042A506A3",
        "resourceId": "/subscriptions/db1ab6f0-4769-4b27-930e-01e2ef9c123c/resourceGroups/Communication-RG-8536/providers/Microsoft.Communication/emailServices/email-test24/domains/domain-3118.com",
        "status": "Deleting",
        "startTime": "2022-06-06T13:54:04.7773981Z"
      }
    },
    {
      "RequestUri": "https://management.azure.com/subscriptions/db1ab6f0-4769-4b27-930e-01e2ef9c123c/providers/Microsoft.Communication/locations/WESTUS2/operationStatuses/7604472e-7fdc-4e03-8902-0e00bfcade3f*477BFA07C63186B0DD82610AC9C9DF03645860C3AA49E17C3A0CACA042A506A3?api-version=2021-10-01-preview",
      "RequestMethod": "GET",
      "RequestHeaders": {
        "Authorization": "Sanitized",
        "traceparent": "00-0c2ce1e1227d5f419b8a7eccae2882f0-5a659c9842222f4d-00",
        "User-Agent": "azsdk-net-ResourceManager/1.0.0 (.NET Core 3.1.22; Microsoft Windows 10.0.22000)",
        "x-ms-client-request-id": "e73c52e902aafaa3bddb6963b13b0530",
        "x-ms-return-client-request-id": "true"
      },
      "RequestBody": null,
      "StatusCode": 202,
      "ResponseHeaders": {
        "Cache-Control": "no-cache",
        "Content-Length": "595",
        "Content-Type": "application/json; charset=utf-8",
        "Date": "Mon, 06 Jun 2022 13:55:12 GMT",
        "ETag": "\u00223d00f845-0000-0800-0000-629e06fc0000\u0022",
        "Expires": "-1",
        "Pragma": "no-cache",
        "Strict-Transport-Security": "max-age=31536000; includeSubDomains",
        "X-Content-Type-Options": "nosniff",
        "x-ms-correlation-request-id": "2dc2a918-33a2-4722-9ea5-71bc612c7543",
        "x-ms-ratelimit-remaining-subscription-reads": "11599",
        "x-ms-request-id": "428e6057-5126-42e7-84a5-79ca6041a555",
        "x-ms-routing-request-id": "SOUTHEASTASIA:20220606T135512Z:2dc2a918-33a2-4722-9ea5-71bc612c7543"
      },
      "ResponseBody": {
        "id": "/subscriptions/db1ab6f0-4769-4b27-930e-01e2ef9c123c/providers/Microsoft.Communication/locations/WESTUS2/operationStatuses/7604472e-7fdc-4e03-8902-0e00bfcade3f*477BFA07C63186B0DD82610AC9C9DF03645860C3AA49E17C3A0CACA042A506A3",
        "name": "7604472e-7fdc-4e03-8902-0e00bfcade3f*477BFA07C63186B0DD82610AC9C9DF03645860C3AA49E17C3A0CACA042A506A3",
        "resourceId": "/subscriptions/db1ab6f0-4769-4b27-930e-01e2ef9c123c/resourceGroups/Communication-RG-8536/providers/Microsoft.Communication/emailServices/email-test24/domains/domain-3118.com",
        "status": "Deleting",
        "startTime": "2022-06-06T13:54:04.7773981Z"
      }
    },
    {
      "RequestUri": "https://management.azure.com/subscriptions/db1ab6f0-4769-4b27-930e-01e2ef9c123c/providers/Microsoft.Communication/locations/WESTUS2/operationStatuses/7604472e-7fdc-4e03-8902-0e00bfcade3f*477BFA07C63186B0DD82610AC9C9DF03645860C3AA49E17C3A0CACA042A506A3?api-version=2021-10-01-preview",
      "RequestMethod": "GET",
      "RequestHeaders": {
        "Authorization": "Sanitized",
        "traceparent": "00-0c2ce1e1227d5f419b8a7eccae2882f0-4b364757f862c24e-00",
        "User-Agent": "azsdk-net-ResourceManager/1.0.0 (.NET Core 3.1.22; Microsoft Windows 10.0.22000)",
        "x-ms-client-request-id": "e0682877bcd8cd387e23ce45c1e211c9",
        "x-ms-return-client-request-id": "true"
      },
      "RequestBody": null,
      "StatusCode": 202,
      "ResponseHeaders": {
        "Cache-Control": "no-cache",
        "Content-Length": "595",
        "Content-Type": "application/json; charset=utf-8",
        "Date": "Mon, 06 Jun 2022 13:55:44 GMT",
        "ETag": "\u00223d00f845-0000-0800-0000-629e06fc0000\u0022",
        "Expires": "-1",
        "Pragma": "no-cache",
        "Strict-Transport-Security": "max-age=31536000; includeSubDomains",
        "X-Content-Type-Options": "nosniff",
        "x-ms-correlation-request-id": "392c43a3-fe95-415d-b536-d068f71f4197",
        "x-ms-ratelimit-remaining-subscription-reads": "11598",
        "x-ms-request-id": "d2ddadf7-ba59-4ff6-89eb-ea0e7ab302a0",
        "x-ms-routing-request-id": "SOUTHEASTASIA:20220606T135545Z:392c43a3-fe95-415d-b536-d068f71f4197"
      },
      "ResponseBody": {
        "id": "/subscriptions/db1ab6f0-4769-4b27-930e-01e2ef9c123c/providers/Microsoft.Communication/locations/WESTUS2/operationStatuses/7604472e-7fdc-4e03-8902-0e00bfcade3f*477BFA07C63186B0DD82610AC9C9DF03645860C3AA49E17C3A0CACA042A506A3",
        "name": "7604472e-7fdc-4e03-8902-0e00bfcade3f*477BFA07C63186B0DD82610AC9C9DF03645860C3AA49E17C3A0CACA042A506A3",
        "resourceId": "/subscriptions/db1ab6f0-4769-4b27-930e-01e2ef9c123c/resourceGroups/Communication-RG-8536/providers/Microsoft.Communication/emailServices/email-test24/domains/domain-3118.com",
        "status": "Deleting",
        "startTime": "2022-06-06T13:54:04.7773981Z"
      }
    },
    {
      "RequestUri": "https://management.azure.com/subscriptions/db1ab6f0-4769-4b27-930e-01e2ef9c123c/providers/Microsoft.Communication/locations/WESTUS2/operationStatuses/7604472e-7fdc-4e03-8902-0e00bfcade3f*477BFA07C63186B0DD82610AC9C9DF03645860C3AA49E17C3A0CACA042A506A3?api-version=2021-10-01-preview",
      "RequestMethod": "GET",
      "RequestHeaders": {
        "Authorization": "Sanitized",
        "traceparent": "00-0c2ce1e1227d5f419b8a7eccae2882f0-2b63ec0fde085447-00",
        "User-Agent": "azsdk-net-ResourceManager/1.0.0 (.NET Core 3.1.22; Microsoft Windows 10.0.22000)",
        "x-ms-client-request-id": "786d37f092d58553e05a9d9ab0d77950",
        "x-ms-return-client-request-id": "true"
      },
      "RequestBody": null,
      "StatusCode": 200,
      "ResponseHeaders": {
        "Cache-Control": "no-cache",
        "Content-Length": "614",
        "Content-Type": "application/json; charset=utf-8",
        "Date": "Mon, 06 Jun 2022 13:56:16 GMT",
        "ETag": "\u00223d003747-0000-0800-0000-629e07800000\u0022",
        "Expires": "-1",
        "Pragma": "no-cache",
        "Strict-Transport-Security": "max-age=31536000; includeSubDomains",
        "X-Content-Type-Options": "nosniff",
        "x-ms-correlation-request-id": "0a75ad2f-694c-4a2c-b9f4-35287e32b8d3",
        "x-ms-ratelimit-remaining-subscription-reads": "11597",
        "x-ms-request-id": "e9bb4175-8dde-4061-a80b-403ba493e1be",
        "x-ms-routing-request-id": "SOUTHEASTASIA:20220606T135617Z:0a75ad2f-694c-4a2c-b9f4-35287e32b8d3"
      },
      "ResponseBody": {
        "id": "/subscriptions/db1ab6f0-4769-4b27-930e-01e2ef9c123c/providers/Microsoft.Communication/locations/WESTUS2/operationStatuses/7604472e-7fdc-4e03-8902-0e00bfcade3f*477BFA07C63186B0DD82610AC9C9DF03645860C3AA49E17C3A0CACA042A506A3",
        "name": "7604472e-7fdc-4e03-8902-0e00bfcade3f*477BFA07C63186B0DD82610AC9C9DF03645860C3AA49E17C3A0CACA042A506A3",
        "resourceId": "/subscriptions/db1ab6f0-4769-4b27-930e-01e2ef9c123c/resourceGroups/Communication-RG-8536/providers/Microsoft.Communication/emailServices/email-test24/domains/domain-3118.com",
        "status": "Succeeded",
        "startTime": "2022-06-06T13:54:04.7773981Z",
        "properties": null
      }
    }
  ],
  "Variables": {
    "RandomSeed": "1888526361",
    "RESOURCE_MANAGER_URL": null,
    "SUBSCRIPTION_ID": "db1ab6f0-4769-4b27-930e-01e2ef9c123c"
  }
}
