{
  "Entries": [
    {
      "RequestUri": "https://api-dogfood.resources.windows-int.net/subscriptions/ce1bff77-08c1-4199-b7a5-52194a42b6ce/resourcegroups/Communication-RG-4005?api-version=**",
      "RequestMethod": "GET",
      "RequestHeaders": {
        "Accept": "application/json",
        "Authorization": "Sanitized",
        "traceparent": "00-9daa9fb137449a94656738af198319b5-eb15ba80f8cdefe7-00",
        "User-Agent": "azsdk-net-ResourceManager/1.4.0 (.NET 6.0.15; Microsoft Windows 10.0.22621)",
        "x-ms-client-request-id": "047af1d275d6d947b3c86c900fd43973",
        "x-ms-return-client-request-id": "true"
      },
      "RequestBody": null,
      "StatusCode": 200,
      "ResponseHeaders": {
        "Cache-Control": "no-cache",
        "Content-Length": "239",
        "Content-Type": "application/json; charset=utf-8",
        "Date": "Fri, 17 Mar 2023 07:12:08 GMT",
        "Expires": "-1",
        "Pragma": "no-cache",
        "Strict-Transport-Security": "max-age=31536000; includeSubDomains",
        "X-Cache": "CONFIG_NOCACHE",
        "X-Content-Type-Options": "nosniff",
        "x-ms-correlation-request-id": "514933a3-3e27-41d5-9eef-00ff292251dd",
        "x-ms-ratelimit-remaining-subscription-reads": "14931",
        "x-ms-request-id": "514933a3-3e27-41d5-9eef-00ff292251dd",
        "x-ms-routing-request-id": "CENTRALUS:20230317T071209Z:514933a3-3e27-41d5-9eef-00ff292251dd",
        "X-MSEdge-Ref": "Ref A: B53BA523B4EA4100AD0CF154B8A49508 Ref B: STBEDGE0514 Ref C: 2023-03-17T07:12:09Z"
      },
      "ResponseBody": {
        "id": "/subscriptions/ce1bff77-08c1-4199-b7a5-52194a42b6ce/resourceGroups/Communication-RG-4005",
        "name": "Communication-RG-4005",
        "type": "Microsoft.Resources/resourceGroups",
        "location": "westus",
        "properties": {
          "provisioningState": "Succeeded"
        }
      }
    },
    {
      "RequestUri": "https://api-dogfood.resources.windows-int.net/subscriptions/ce1bff77-08c1-4199-b7a5-52194a42b6ce/resourceGroups/Communication-RG-4005/providers/Microsoft.Communication/emailServices/email-test2628?api-version=2023-03-01-preview",
      "RequestMethod": "GET",
      "RequestHeaders": {
        "Accept": "application/json",
        "Authorization": "Sanitized",
        "traceparent": "00-7a6011a5ff5e3d95463716ae4542562e-38ca76e6444c84a0-00",
        "User-Agent": "azsdk-net-ResourceManager.Communication/1.1.0-alpha.20230316.1 (.NET 6.0.15; Microsoft Windows 10.0.22621)",
        "x-ms-client-request-id": "7c14a59f855406b904c382938cb29b91",
        "x-ms-return-client-request-id": "true"
      },
      "RequestBody": null,
      "StatusCode": 200,
      "ResponseHeaders": {
        "Cache-Control": "no-cache",
        "Content-Length": "616",
        "Content-Type": "application/json; charset=utf-8",
        "Date": "Fri, 17 Mar 2023 07:12:08 GMT",
        "ETag": "\u0022fc009f2e-0000-0700-0000-641410cc0000\u0022",
        "Expires": "-1",
        "Pragma": "no-cache",
        "Strict-Transport-Security": "max-age=31536000; includeSubDomains",
        "X-Cache": "CONFIG_NOCACHE",
        "X-Content-Type-Options": "nosniff",
        "x-ms-client-request-id": "7c14a59f855406b904c382938cb29b91",
        "x-ms-correlation-request-id": "992cd2d2-5142-4bd7-8862-8f8810cf16b8",
        "x-ms-providerhub-traffic": "True",
        "x-ms-ratelimit-remaining-subscription-reads": "14930",
        "x-ms-request-id": "94dbcc4f-af6a-4dfb-afa1-0bc960bc99ab",
        "x-ms-routing-request-id": "CENTRALUS:20230317T071209Z:992cd2d2-5142-4bd7-8862-8f8810cf16b8",
        "X-MSEdge-Ref": "Ref A: 7294B78951E7471FAB841C96A9E0CC49 Ref B: STBEDGE0514 Ref C: 2023-03-17T07:12:09Z"
      },
      "ResponseBody": {
        "id": "/subscriptions/ce1bff77-08c1-4199-b7a5-52194a42b6ce/resourceGroups/Communication-RG-4005/providers/Microsoft.Communication/emailServices/email-test2628",
        "name": "email-test2628",
        "type": "microsoft.communication/emailservices",
        "location": "global",
        "tags": {},
        "systemData": {
          "createdBy": "dd5e080b-9821-4976-9ab1-c95d8cc8eafa",
          "createdByType": "Application",
          "createdAt": "2023-03-17T07:03:33.3985419Z",
          "lastModifiedBy": "dd5e080b-9821-4976-9ab1-c95d8cc8eafa",
          "lastModifiedByType": "Application",
          "lastModifiedAt": "2023-03-17T07:03:33.3985419Z"
        },
        "properties": {
          "provisioningState": "Succeeded",
          "dataLocation": "UnitedStates"
        }
      }
    },
    {
      "RequestUri": "https://api-dogfood.resources.windows-int.net/subscriptions/ce1bff77-08c1-4199-b7a5-52194a42b6ce/resourceGroups/Communication-RG-4005/providers/Microsoft.Communication/emailServices/email-test2628/domains/domain-8090.com?api-version=2023-03-01-preview",
      "RequestMethod": "PUT",
      "RequestHeaders": {
        "Accept": "application/json",
        "Authorization": "Sanitized",
        "Content-Length": "132",
        "Content-Type": "application/json",
        "traceparent": "00-d82de6c29a27f59a7ce74d9e28def336-56979bd92b9d485d-00",
        "User-Agent": "azsdk-net-ResourceManager.Communication/1.1.0-alpha.20230316.1 (.NET 6.0.15; Microsoft Windows 10.0.22621)",
        "x-ms-client-request-id": "64f17c87652ed8b26a9df9a807a4cc58",
        "x-ms-return-client-request-id": "true"
      },
      "RequestBody": {
        "tags": {},
        "location": "global",
        "properties": {
          "domainManagement": "CustomerManaged",
          "verificationRecords": {},
          "verificationStates": {}
        }
      },
      "StatusCode": 201,
      "ResponseHeaders": {
        "Azure-AsyncNotification": "Enabled",
        "Azure-AsyncOperation": "https://api-dogfood.resources.windows-int.net/subscriptions/ce1bff77-08c1-4199-b7a5-52194a42b6ce/providers/Microsoft.Communication/locations/CENTRALUS/operationStatuses/d3e31c3f-4c61-4061-8e6e-f60eb982ccce*D52F7A44D2EB343758812ED9350F09578B766A6E5DDC417B8FE16A0003D518E7?api-version=2023-03-01-preview",
        "Cache-Control": "no-cache",
        "Content-Length": "655",
        "Content-Type": "application/json; charset=utf-8",
        "Date": "Fri, 17 Mar 2023 07:12:09 GMT",
        "ETag": "\u0022760004a1-0000-0700-0000-641412ca0000\u0022",
        "Expires": "-1",
        "mise-correlation-id": "169780dd-cfea-4ec6-b473-b128f3ed2043",
        "Pragma": "no-cache",
        "Request-Context": "appId=",
        "Strict-Transport-Security": "max-age=31536000; includeSubDomains",
        "X-Cache": "CONFIG_NOCACHE",
        "X-Content-Type-Options": "nosniff",
        "x-ms-client-request-id": "64f17c87652ed8b26a9df9a807a4cc58",
        "x-ms-correlation-request-id": "a2e88625-7fff-4f53-b252-f2557f8e9e4d",
        "x-ms-providerhub-traffic": "True",
        "x-ms-ratelimit-remaining-subscription-writes": "1196",
        "x-ms-request-id": "d3e31c3f-4c61-4061-8e6e-f60eb982ccce",
        "x-ms-resource-provider-hint": "noPolling",
        "x-ms-routing-request-id": "CENTRALUS:20230317T071210Z:a2e88625-7fff-4f53-b252-f2557f8e9e4d",
        "X-MSEdge-Ref": "Ref A: 028FC60FC4114B7EA9F02A4D7E05479F Ref B: STBEDGE0514 Ref C: 2023-03-17T07:12:09Z"
      },
      "ResponseBody": {
        "id": "/subscriptions/ce1bff77-08c1-4199-b7a5-52194a42b6ce/resourceGroups/Communication-RG-4005/providers/Microsoft.Communication/emailServices/email-test2628/domains/domain-8090.com",
        "name": "domain-8090.com",
        "type": "microsoft.communication/emailservices/domains",
        "location": "global",
        "tags": {},
        "systemData": {
          "createdBy": "dd5e080b-9821-4976-9ab1-c95d8cc8eafa",
          "createdByType": "Application",
          "createdAt": "2023-03-17T07:12:09.8377567Z",
          "lastModifiedBy": "dd5e080b-9821-4976-9ab1-c95d8cc8eafa",
          "lastModifiedByType": "Application",
          "lastModifiedAt": "2023-03-17T07:12:09.8377567Z"
        },
        "properties": {
          "domainManagement": "CustomerManaged",
          "provisioningState": "Accepted"
        }
      }
    },
    {
      "RequestUri": "https://api-dogfood.resources.windows-int.net/subscriptions/ce1bff77-08c1-4199-b7a5-52194a42b6ce/providers/Microsoft.Communication/locations/CENTRALUS/operationStatuses/d3e31c3f-4c61-4061-8e6e-f60eb982ccce*D52F7A44D2EB343758812ED9350F09578B766A6E5DDC417B8FE16A0003D518E7?api-version=2023-03-01-preview",
      "RequestMethod": "GET",
      "RequestHeaders": {
        "Authorization": "Sanitized",
        "traceparent": "00-d82de6c29a27f59a7ce74d9e28def336-01df4b3ba0e47964-00",
        "User-Agent": "azsdk-net-ResourceManager/1.4.0 (.NET 6.0.15; Microsoft Windows 10.0.22621)",
        "x-ms-client-request-id": "5787c2da0e473f7061a4eae7c05dfc1e",
        "x-ms-return-client-request-id": "true"
      },
      "RequestBody": null,
      "StatusCode": 200,
      "ResponseHeaders": {
        "Cache-Control": "no-cache",
        "Content-Length": "599",
        "Content-Type": "application/json; charset=utf-8",
        "Date": "Fri, 17 Mar 2023 07:12:09 GMT",
        "ETag": "\u002228030822-0000-0700-0000-641412ca0000\u0022",
        "Expires": "-1",
        "Pragma": "no-cache",
        "Strict-Transport-Security": "max-age=31536000; includeSubDomains",
        "X-Cache": "CONFIG_NOCACHE",
        "X-Content-Type-Options": "nosniff",
        "x-ms-client-request-id": "5787c2da0e473f7061a4eae7c05dfc1e",
        "x-ms-correlation-request-id": "5765bf6e-f545-4a31-84b3-00630288bcd6",
        "x-ms-ratelimit-remaining-subscription-reads": "14929",
        "x-ms-request-id": "159816f8-95ba-4cbd-8d5d-0b462cca4ed6",
        "x-ms-routing-request-id": "CENTRALUS:20230317T071210Z:5765bf6e-f545-4a31-84b3-00630288bcd6",
        "X-MSEdge-Ref": "Ref A: 58680A3EAAEE48D2992025C58CBDF839 Ref B: STBEDGE0514 Ref C: 2023-03-17T07:12:10Z"
      },
      "ResponseBody": {
        "id": "/subscriptions/ce1bff77-08c1-4199-b7a5-52194a42b6ce/providers/Microsoft.Communication/locations/CENTRALUS/operationStatuses/d3e31c3f-4c61-4061-8e6e-f60eb982ccce*D52F7A44D2EB343758812ED9350F09578B766A6E5DDC417B8FE16A0003D518E7",
        "name": "d3e31c3f-4c61-4061-8e6e-f60eb982ccce*D52F7A44D2EB343758812ED9350F09578B766A6E5DDC417B8FE16A0003D518E7",
        "resourceId": "/subscriptions/ce1bff77-08c1-4199-b7a5-52194a42b6ce/resourceGroups/Communication-RG-4005/providers/Microsoft.Communication/emailServices/email-test2628/domains/domain-8090.com",
        "status": "Accepted",
        "startTime": "2023-03-17T07:12:09.9660929Z"
      }
    },
    {
      "RequestUri": "https://api-dogfood.resources.windows-int.net/subscriptions/ce1bff77-08c1-4199-b7a5-52194a42b6ce/providers/Microsoft.Communication/locations/CENTRALUS/operationStatuses/d3e31c3f-4c61-4061-8e6e-f60eb982ccce*D52F7A44D2EB343758812ED9350F09578B766A6E5DDC417B8FE16A0003D518E7?api-version=2023-03-01-preview",
      "RequestMethod": "GET",
      "RequestHeaders": {
        "Authorization": "Sanitized",
        "traceparent": "00-d82de6c29a27f59a7ce74d9e28def336-0f3644f41b94fc7b-00",
        "User-Agent": "azsdk-net-ResourceManager/1.4.0 (.NET 6.0.15; Microsoft Windows 10.0.22621)",
        "x-ms-client-request-id": "62343ab5553873f32fb9f02e51bf241d",
        "x-ms-return-client-request-id": "true"
      },
      "RequestBody": null,
      "StatusCode": 200,
      "ResponseHeaders": {
        "Cache-Control": "no-cache",
        "Content-Length": "599",
        "Content-Type": "application/json; charset=utf-8",
        "Date": "Fri, 17 Mar 2023 07:12:11 GMT",
        "ETag": "\u002228030822-0000-0700-0000-641412ca0000\u0022",
        "Expires": "-1",
        "Pragma": "no-cache",
        "Strict-Transport-Security": "max-age=31536000; includeSubDomains",
        "X-Cache": "CONFIG_NOCACHE",
        "X-Content-Type-Options": "nosniff",
        "x-ms-client-request-id": "62343ab5553873f32fb9f02e51bf241d",
        "x-ms-correlation-request-id": "99426283-7707-4460-85d3-8508077fbe2d",
        "x-ms-ratelimit-remaining-subscription-reads": "14928",
        "x-ms-request-id": "6ebf711b-cbb3-43c4-94eb-29231ca641bd",
        "x-ms-routing-request-id": "CENTRALUS:20230317T071211Z:99426283-7707-4460-85d3-8508077fbe2d",
        "X-MSEdge-Ref": "Ref A: 0A9111A281424566BB5516D68F55A9EE Ref B: STBEDGE0514 Ref C: 2023-03-17T07:12:11Z"
      },
      "ResponseBody": {
        "id": "/subscriptions/ce1bff77-08c1-4199-b7a5-52194a42b6ce/providers/Microsoft.Communication/locations/CENTRALUS/operationStatuses/d3e31c3f-4c61-4061-8e6e-f60eb982ccce*D52F7A44D2EB343758812ED9350F09578B766A6E5DDC417B8FE16A0003D518E7",
        "name": "d3e31c3f-4c61-4061-8e6e-f60eb982ccce*D52F7A44D2EB343758812ED9350F09578B766A6E5DDC417B8FE16A0003D518E7",
        "resourceId": "/subscriptions/ce1bff77-08c1-4199-b7a5-52194a42b6ce/resourceGroups/Communication-RG-4005/providers/Microsoft.Communication/emailServices/email-test2628/domains/domain-8090.com",
        "status": "Accepted",
        "startTime": "2023-03-17T07:12:09.9660929Z"
      }
    },
    {
      "RequestUri": "https://api-dogfood.resources.windows-int.net/subscriptions/ce1bff77-08c1-4199-b7a5-52194a42b6ce/providers/Microsoft.Communication/locations/CENTRALUS/operationStatuses/d3e31c3f-4c61-4061-8e6e-f60eb982ccce*D52F7A44D2EB343758812ED9350F09578B766A6E5DDC417B8FE16A0003D518E7?api-version=2023-03-01-preview",
      "RequestMethod": "GET",
      "RequestHeaders": {
        "Authorization": "Sanitized",
        "traceparent": "00-d82de6c29a27f59a7ce74d9e28def336-edcc1bae1b16f3e5-00",
        "User-Agent": "azsdk-net-ResourceManager/1.4.0 (.NET 6.0.15; Microsoft Windows 10.0.22621)",
        "x-ms-client-request-id": "45cdcc9c741c4910df22da3728657716",
        "x-ms-return-client-request-id": "true"
      },
      "RequestBody": null,
      "StatusCode": 200,
      "ResponseHeaders": {
        "Cache-Control": "no-cache",
        "Content-Length": "599",
        "Content-Type": "application/json; charset=utf-8",
        "Date": "Fri, 17 Mar 2023 07:12:12 GMT",
        "ETag": "\u002228030822-0000-0700-0000-641412ca0000\u0022",
        "Expires": "-1",
        "Pragma": "no-cache",
        "Strict-Transport-Security": "max-age=31536000; includeSubDomains",
        "X-Cache": "CONFIG_NOCACHE",
        "X-Content-Type-Options": "nosniff",
        "x-ms-client-request-id": "45cdcc9c741c4910df22da3728657716",
        "x-ms-correlation-request-id": "d7e6b77d-26db-43ba-a3ae-01145ba0a2be",
        "x-ms-ratelimit-remaining-subscription-reads": "14927",
        "x-ms-request-id": "290b24e8-88eb-4395-a50f-1d723e25aeed",
        "x-ms-routing-request-id": "CENTRALUS:20230317T071212Z:d7e6b77d-26db-43ba-a3ae-01145ba0a2be",
        "X-MSEdge-Ref": "Ref A: 3EDF2CCD2DA74ADF8A623899176CD364 Ref B: STBEDGE0514 Ref C: 2023-03-17T07:12:12Z"
      },
      "ResponseBody": {
        "id": "/subscriptions/ce1bff77-08c1-4199-b7a5-52194a42b6ce/providers/Microsoft.Communication/locations/CENTRALUS/operationStatuses/d3e31c3f-4c61-4061-8e6e-f60eb982ccce*D52F7A44D2EB343758812ED9350F09578B766A6E5DDC417B8FE16A0003D518E7",
        "name": "d3e31c3f-4c61-4061-8e6e-f60eb982ccce*D52F7A44D2EB343758812ED9350F09578B766A6E5DDC417B8FE16A0003D518E7",
        "resourceId": "/subscriptions/ce1bff77-08c1-4199-b7a5-52194a42b6ce/resourceGroups/Communication-RG-4005/providers/Microsoft.Communication/emailServices/email-test2628/domains/domain-8090.com",
        "status": "Accepted",
        "startTime": "2023-03-17T07:12:09.9660929Z"
      }
    },
    {
      "RequestUri": "https://api-dogfood.resources.windows-int.net/subscriptions/ce1bff77-08c1-4199-b7a5-52194a42b6ce/providers/Microsoft.Communication/locations/CENTRALUS/operationStatuses/d3e31c3f-4c61-4061-8e6e-f60eb982ccce*D52F7A44D2EB343758812ED9350F09578B766A6E5DDC417B8FE16A0003D518E7?api-version=2023-03-01-preview",
      "RequestMethod": "GET",
      "RequestHeaders": {
        "Authorization": "Sanitized",
        "traceparent": "00-d82de6c29a27f59a7ce74d9e28def336-ce7c26b2bb66662f-00",
        "User-Agent": "azsdk-net-ResourceManager/1.4.0 (.NET 6.0.15; Microsoft Windows 10.0.22621)",
        "x-ms-client-request-id": "793df4049e1885f4ce14278e1d42eda2",
        "x-ms-return-client-request-id": "true"
      },
      "RequestBody": null,
      "StatusCode": 200,
      "ResponseHeaders": {
        "Cache-Control": "no-cache",
        "Content-Length": "599",
        "Content-Type": "application/json; charset=utf-8",
        "Date": "Fri, 17 Mar 2023 07:12:13 GMT",
        "ETag": "\u002228030822-0000-0700-0000-641412ca0000\u0022",
        "Expires": "-1",
        "Pragma": "no-cache",
        "Strict-Transport-Security": "max-age=31536000; includeSubDomains",
        "X-Cache": "CONFIG_NOCACHE",
        "X-Content-Type-Options": "nosniff",
        "x-ms-client-request-id": "793df4049e1885f4ce14278e1d42eda2",
        "x-ms-correlation-request-id": "ece3940c-16f2-4321-97ce-e846a0aaa719",
        "x-ms-ratelimit-remaining-subscription-reads": "14926",
        "x-ms-request-id": "b3a6c581-c725-46fb-93e8-d35b48bc9982",
        "x-ms-routing-request-id": "CENTRALUS:20230317T071214Z:ece3940c-16f2-4321-97ce-e846a0aaa719",
        "X-MSEdge-Ref": "Ref A: 40AF11A8E65F46BF99992DD7B6AFA749 Ref B: STBEDGE0514 Ref C: 2023-03-17T07:12:13Z"
      },
      "ResponseBody": {
        "id": "/subscriptions/ce1bff77-08c1-4199-b7a5-52194a42b6ce/providers/Microsoft.Communication/locations/CENTRALUS/operationStatuses/d3e31c3f-4c61-4061-8e6e-f60eb982ccce*D52F7A44D2EB343758812ED9350F09578B766A6E5DDC417B8FE16A0003D518E7",
        "name": "d3e31c3f-4c61-4061-8e6e-f60eb982ccce*D52F7A44D2EB343758812ED9350F09578B766A6E5DDC417B8FE16A0003D518E7",
        "resourceId": "/subscriptions/ce1bff77-08c1-4199-b7a5-52194a42b6ce/resourceGroups/Communication-RG-4005/providers/Microsoft.Communication/emailServices/email-test2628/domains/domain-8090.com",
        "status": "Accepted",
        "startTime": "2023-03-17T07:12:09.9660929Z"
      }
    },
    {
      "RequestUri": "https://api-dogfood.resources.windows-int.net/subscriptions/ce1bff77-08c1-4199-b7a5-52194a42b6ce/providers/Microsoft.Communication/locations/CENTRALUS/operationStatuses/d3e31c3f-4c61-4061-8e6e-f60eb982ccce*D52F7A44D2EB343758812ED9350F09578B766A6E5DDC417B8FE16A0003D518E7?api-version=2023-03-01-preview",
      "RequestMethod": "GET",
      "RequestHeaders": {
        "Authorization": "Sanitized",
        "traceparent": "00-d82de6c29a27f59a7ce74d9e28def336-616c98980184cf4b-00",
        "User-Agent": "azsdk-net-ResourceManager/1.4.0 (.NET 6.0.15; Microsoft Windows 10.0.22621)",
        "x-ms-client-request-id": "f34bcd80b68f410229eb82157abc4aca",
        "x-ms-return-client-request-id": "true"
      },
      "RequestBody": null,
      "StatusCode": 200,
      "ResponseHeaders": {
        "Cache-Control": "no-cache",
        "Content-Length": "599",
        "Content-Type": "application/json; charset=utf-8",
        "Date": "Fri, 17 Mar 2023 07:12:15 GMT",
        "ETag": "\u002228030822-0000-0700-0000-641412ca0000\u0022",
        "Expires": "-1",
        "Pragma": "no-cache",
        "Strict-Transport-Security": "max-age=31536000; includeSubDomains",
        "X-Cache": "CONFIG_NOCACHE",
        "X-Content-Type-Options": "nosniff",
        "x-ms-client-request-id": "f34bcd80b68f410229eb82157abc4aca",
        "x-ms-correlation-request-id": "71dd15aa-5703-4a3d-9cf9-b25f453ef1a6",
        "x-ms-ratelimit-remaining-subscription-reads": "14925",
        "x-ms-request-id": "73a5529a-b4d9-4b99-a22e-4561984d85ea",
        "x-ms-routing-request-id": "CENTRALUS:20230317T071216Z:71dd15aa-5703-4a3d-9cf9-b25f453ef1a6",
        "X-MSEdge-Ref": "Ref A: 3CE0E4DA6E6244AC9E67871BA1E1602C Ref B: STBEDGE0514 Ref C: 2023-03-17T07:12:16Z"
      },
      "ResponseBody": {
        "id": "/subscriptions/ce1bff77-08c1-4199-b7a5-52194a42b6ce/providers/Microsoft.Communication/locations/CENTRALUS/operationStatuses/d3e31c3f-4c61-4061-8e6e-f60eb982ccce*D52F7A44D2EB343758812ED9350F09578B766A6E5DDC417B8FE16A0003D518E7",
        "name": "d3e31c3f-4c61-4061-8e6e-f60eb982ccce*D52F7A44D2EB343758812ED9350F09578B766A6E5DDC417B8FE16A0003D518E7",
        "resourceId": "/subscriptions/ce1bff77-08c1-4199-b7a5-52194a42b6ce/resourceGroups/Communication-RG-4005/providers/Microsoft.Communication/emailServices/email-test2628/domains/domain-8090.com",
        "status": "Accepted",
        "startTime": "2023-03-17T07:12:09.9660929Z"
      }
    },
    {
      "RequestUri": "https://api-dogfood.resources.windows-int.net/subscriptions/ce1bff77-08c1-4199-b7a5-52194a42b6ce/providers/Microsoft.Communication/locations/CENTRALUS/operationStatuses/d3e31c3f-4c61-4061-8e6e-f60eb982ccce*D52F7A44D2EB343758812ED9350F09578B766A6E5DDC417B8FE16A0003D518E7?api-version=2023-03-01-preview",
      "RequestMethod": "GET",
      "RequestHeaders": {
        "Authorization": "Sanitized",
        "traceparent": "00-d82de6c29a27f59a7ce74d9e28def336-147ac72781d23280-00",
        "User-Agent": "azsdk-net-ResourceManager/1.4.0 (.NET 6.0.15; Microsoft Windows 10.0.22621)",
        "x-ms-client-request-id": "5d2ada41aa81fd05d84877084c822b9d",
        "x-ms-return-client-request-id": "true"
      },
      "RequestBody": null,
      "StatusCode": 200,
      "ResponseHeaders": {
        "Cache-Control": "no-cache",
        "Content-Length": "599",
        "Content-Type": "application/json; charset=utf-8",
        "Date": "Fri, 17 Mar 2023 07:12:19 GMT",
        "ETag": "\u002228030822-0000-0700-0000-641412ca0000\u0022",
        "Expires": "-1",
        "Pragma": "no-cache",
        "Strict-Transport-Security": "max-age=31536000; includeSubDomains",
        "X-Cache": "CONFIG_NOCACHE",
        "X-Content-Type-Options": "nosniff",
        "x-ms-client-request-id": "5d2ada41aa81fd05d84877084c822b9d",
        "x-ms-correlation-request-id": "a6af959d-8e09-4d3c-a090-5169d9e323e9",
        "x-ms-ratelimit-remaining-subscription-reads": "14923",
        "x-ms-request-id": "9a97e282-8ee8-4efd-b53f-be25cc40e8f0",
        "x-ms-routing-request-id": "CENTRALUS:20230317T071220Z:a6af959d-8e09-4d3c-a090-5169d9e323e9",
        "X-MSEdge-Ref": "Ref A: 2CED19E514DC40CE935F341360881DC8 Ref B: STBEDGE0514 Ref C: 2023-03-17T07:12:20Z"
      },
      "ResponseBody": {
        "id": "/subscriptions/ce1bff77-08c1-4199-b7a5-52194a42b6ce/providers/Microsoft.Communication/locations/CENTRALUS/operationStatuses/d3e31c3f-4c61-4061-8e6e-f60eb982ccce*D52F7A44D2EB343758812ED9350F09578B766A6E5DDC417B8FE16A0003D518E7",
        "name": "d3e31c3f-4c61-4061-8e6e-f60eb982ccce*D52F7A44D2EB343758812ED9350F09578B766A6E5DDC417B8FE16A0003D518E7",
        "resourceId": "/subscriptions/ce1bff77-08c1-4199-b7a5-52194a42b6ce/resourceGroups/Communication-RG-4005/providers/Microsoft.Communication/emailServices/email-test2628/domains/domain-8090.com",
        "status": "Accepted",
        "startTime": "2023-03-17T07:12:09.9660929Z"
      }
    },
    {
      "RequestUri": "https://api-dogfood.resources.windows-int.net/subscriptions/ce1bff77-08c1-4199-b7a5-52194a42b6ce/providers/Microsoft.Communication/locations/CENTRALUS/operationStatuses/d3e31c3f-4c61-4061-8e6e-f60eb982ccce*D52F7A44D2EB343758812ED9350F09578B766A6E5DDC417B8FE16A0003D518E7?api-version=2023-03-01-preview",
      "RequestMethod": "GET",
      "RequestHeaders": {
        "Authorization": "Sanitized",
        "traceparent": "00-d82de6c29a27f59a7ce74d9e28def336-358c2841cb2b574b-00",
        "User-Agent": "azsdk-net-ResourceManager/1.4.0 (.NET 6.0.15; Microsoft Windows 10.0.22621)",
        "x-ms-client-request-id": "5bb63835841a4d86f2fc4f2c1bde0a12",
        "x-ms-return-client-request-id": "true"
      },
      "RequestBody": null,
      "StatusCode": 200,
      "ResponseHeaders": {
        "Cache-Control": "no-cache",
        "Content-Length": "599",
        "Content-Type": "application/json; charset=utf-8",
        "Date": "Fri, 17 Mar 2023 07:12:27 GMT",
        "ETag": "\u002228030822-0000-0700-0000-641412ca0000\u0022",
        "Expires": "-1",
        "Pragma": "no-cache",
        "Strict-Transport-Security": "max-age=31536000; includeSubDomains",
        "X-Cache": "CONFIG_NOCACHE",
        "X-Content-Type-Options": "nosniff",
        "x-ms-client-request-id": "5bb63835841a4d86f2fc4f2c1bde0a12",
        "x-ms-correlation-request-id": "7d4cdf53-0264-43d8-9b2d-0ad6c2bd3428",
        "x-ms-ratelimit-remaining-subscription-reads": "14922",
        "x-ms-request-id": "7699d765-16c7-4210-985f-6f201bde0781",
        "x-ms-routing-request-id": "CENTRALUS:20230317T071228Z:7d4cdf53-0264-43d8-9b2d-0ad6c2bd3428",
        "X-MSEdge-Ref": "Ref A: 4395189560A24E44BBFD1905C872BAEE Ref B: STBEDGE0514 Ref C: 2023-03-17T07:12:28Z"
      },
      "ResponseBody": {
        "id": "/subscriptions/ce1bff77-08c1-4199-b7a5-52194a42b6ce/providers/Microsoft.Communication/locations/CENTRALUS/operationStatuses/d3e31c3f-4c61-4061-8e6e-f60eb982ccce*D52F7A44D2EB343758812ED9350F09578B766A6E5DDC417B8FE16A0003D518E7",
        "name": "d3e31c3f-4c61-4061-8e6e-f60eb982ccce*D52F7A44D2EB343758812ED9350F09578B766A6E5DDC417B8FE16A0003D518E7",
        "resourceId": "/subscriptions/ce1bff77-08c1-4199-b7a5-52194a42b6ce/resourceGroups/Communication-RG-4005/providers/Microsoft.Communication/emailServices/email-test2628/domains/domain-8090.com",
        "status": "Accepted",
        "startTime": "2023-03-17T07:12:09.9660929Z"
      }
    },
    {
      "RequestUri": "https://api-dogfood.resources.windows-int.net/subscriptions/ce1bff77-08c1-4199-b7a5-52194a42b6ce/providers/Microsoft.Communication/locations/CENTRALUS/operationStatuses/d3e31c3f-4c61-4061-8e6e-f60eb982ccce*D52F7A44D2EB343758812ED9350F09578B766A6E5DDC417B8FE16A0003D518E7?api-version=2023-03-01-preview",
      "RequestMethod": "GET",
      "RequestHeaders": {
        "Authorization": "Sanitized",
        "traceparent": "00-d82de6c29a27f59a7ce74d9e28def336-8cad732ce66d108c-00",
        "User-Agent": "azsdk-net-ResourceManager/1.4.0 (.NET 6.0.15; Microsoft Windows 10.0.22621)",
        "x-ms-client-request-id": "434c5dc99018d521c84d1b463ff9f4a7",
        "x-ms-return-client-request-id": "true"
      },
      "RequestBody": null,
      "StatusCode": 200,
      "ResponseHeaders": {
        "Cache-Control": "no-cache",
        "Content-Length": "599",
        "Content-Type": "application/json; charset=utf-8",
        "Date": "Fri, 17 Mar 2023 07:12:44 GMT",
        "ETag": "\u002228030822-0000-0700-0000-641412ca0000\u0022",
        "Expires": "-1",
        "Pragma": "no-cache",
        "Strict-Transport-Security": "max-age=31536000; includeSubDomains",
        "X-Cache": "CONFIG_NOCACHE",
        "X-Content-Type-Options": "nosniff",
        "x-ms-client-request-id": "434c5dc99018d521c84d1b463ff9f4a7",
        "x-ms-correlation-request-id": "825a2941-cac5-44f9-aac8-b9b2cbefa761",
        "x-ms-ratelimit-remaining-subscription-reads": "14921",
        "x-ms-request-id": "baac40b1-24dc-443b-bf93-0c22dfec5eb6",
        "x-ms-routing-request-id": "CENTRALUS:20230317T071244Z:825a2941-cac5-44f9-aac8-b9b2cbefa761",
        "X-MSEdge-Ref": "Ref A: 4DC15AD662034D0E9574B2DFECBE1FFD Ref B: STBEDGE0514 Ref C: 2023-03-17T07:12:44Z"
      },
      "ResponseBody": {
        "id": "/subscriptions/ce1bff77-08c1-4199-b7a5-52194a42b6ce/providers/Microsoft.Communication/locations/CENTRALUS/operationStatuses/d3e31c3f-4c61-4061-8e6e-f60eb982ccce*D52F7A44D2EB343758812ED9350F09578B766A6E5DDC417B8FE16A0003D518E7",
        "name": "d3e31c3f-4c61-4061-8e6e-f60eb982ccce*D52F7A44D2EB343758812ED9350F09578B766A6E5DDC417B8FE16A0003D518E7",
        "resourceId": "/subscriptions/ce1bff77-08c1-4199-b7a5-52194a42b6ce/resourceGroups/Communication-RG-4005/providers/Microsoft.Communication/emailServices/email-test2628/domains/domain-8090.com",
        "status": "Accepted",
        "startTime": "2023-03-17T07:12:09.9660929Z"
      }
    },
    {
      "RequestUri": "https://api-dogfood.resources.windows-int.net/subscriptions/ce1bff77-08c1-4199-b7a5-52194a42b6ce/providers/Microsoft.Communication/locations/CENTRALUS/operationStatuses/d3e31c3f-4c61-4061-8e6e-f60eb982ccce*D52F7A44D2EB343758812ED9350F09578B766A6E5DDC417B8FE16A0003D518E7?api-version=2023-03-01-preview",
      "RequestMethod": "GET",
      "RequestHeaders": {
        "Authorization": "Sanitized",
        "traceparent": "00-d82de6c29a27f59a7ce74d9e28def336-bfd07834748cd687-00",
        "User-Agent": "azsdk-net-ResourceManager/1.4.0 (.NET 6.0.15; Microsoft Windows 10.0.22621)",
        "x-ms-client-request-id": "42e0e5c0ef05bdaf53dc6b845ad8e1fa",
        "x-ms-return-client-request-id": "true"
      },
      "RequestBody": null,
      "StatusCode": 200,
      "ResponseHeaders": {
        "Cache-Control": "no-cache",
        "Content-Length": "618",
        "Content-Type": "application/json; charset=utf-8",
        "Date": "Fri, 17 Mar 2023 07:13:16 GMT",
        "ETag": "\u002228039c2c-0000-0700-0000-6414130b0000\u0022",
        "Expires": "-1",
        "Pragma": "no-cache",
        "Strict-Transport-Security": "max-age=31536000; includeSubDomains",
        "X-Cache": "CONFIG_NOCACHE",
        "X-Content-Type-Options": "nosniff",
        "x-ms-client-request-id": "42e0e5c0ef05bdaf53dc6b845ad8e1fa",
        "x-ms-correlation-request-id": "4b256c90-dc4f-42e3-a0a0-45832ffbb293",
        "x-ms-ratelimit-remaining-subscription-reads": "14920",
        "x-ms-request-id": "49ee0187-f22d-4791-b884-2847e7017f70",
        "x-ms-routing-request-id": "CENTRALUS:20230317T071316Z:4b256c90-dc4f-42e3-a0a0-45832ffbb293",
        "X-MSEdge-Ref": "Ref A: 9B5CC8680510453DB5FC8029B1FEC2E6 Ref B: STBEDGE0514 Ref C: 2023-03-17T07:13:16Z"
      },
      "ResponseBody": {
        "id": "/subscriptions/ce1bff77-08c1-4199-b7a5-52194a42b6ce/providers/Microsoft.Communication/locations/CENTRALUS/operationStatuses/d3e31c3f-4c61-4061-8e6e-f60eb982ccce*D52F7A44D2EB343758812ED9350F09578B766A6E5DDC417B8FE16A0003D518E7",
        "name": "d3e31c3f-4c61-4061-8e6e-f60eb982ccce*D52F7A44D2EB343758812ED9350F09578B766A6E5DDC417B8FE16A0003D518E7",
        "resourceId": "/subscriptions/ce1bff77-08c1-4199-b7a5-52194a42b6ce/resourceGroups/Communication-RG-4005/providers/Microsoft.Communication/emailServices/email-test2628/domains/domain-8090.com",
        "status": "Succeeded",
        "startTime": "2023-03-17T07:12:09.9660929Z",
        "properties": null
      }
    },
    {
      "RequestUri": "https://api-dogfood.resources.windows-int.net/subscriptions/ce1bff77-08c1-4199-b7a5-52194a42b6ce/resourceGroups/Communication-RG-4005/providers/Microsoft.Communication/emailServices/email-test2628/domains/domain-8090.com?api-version=2023-03-01-preview",
      "RequestMethod": "GET",
      "RequestHeaders": {
        "Authorization": "Sanitized",
        "traceparent": "00-d82de6c29a27f59a7ce74d9e28def336-dd0e1f4a98c47a3c-00",
        "User-Agent": "azsdk-net-ResourceManager/1.4.0 (.NET 6.0.15; Microsoft Windows 10.0.22621)",
        "x-ms-client-request-id": "ef3e643ee736a48417e093cc683f0ef8",
        "x-ms-return-client-request-id": "true"
      },
      "RequestBody": null,
      "StatusCode": 200,
      "ResponseHeaders": {
        "Cache-Control": "no-cache",
        "Content-Length": "1550",
        "Content-Type": "application/json; charset=utf-8",
        "Date": "Fri, 17 Mar 2023 07:13:16 GMT",
        "ETag": "\u0022760016a1-0000-0700-0000-641412d20000\u0022",
        "Expires": "-1",
        "Pragma": "no-cache",
        "Strict-Transport-Security": "max-age=31536000; includeSubDomains",
        "X-Cache": "CONFIG_NOCACHE",
        "X-Content-Type-Options": "nosniff",
        "x-ms-client-request-id": "ef3e643ee736a48417e093cc683f0ef8",
        "x-ms-correlation-request-id": "e92ed84f-a8a4-4c76-a0d8-cdc1012efc53",
        "x-ms-providerhub-traffic": "True",
        "x-ms-ratelimit-remaining-subscription-reads": "14919",
        "x-ms-request-id": "3559efb0-af34-45d5-af49-c7fac927dcad",
        "x-ms-routing-request-id": "CENTRALUS:20230317T071316Z:e92ed84f-a8a4-4c76-a0d8-cdc1012efc53",
        "X-MSEdge-Ref": "Ref A: 9CF833C7D800469097E9749460D576BD Ref B: STBEDGE0514 Ref C: 2023-03-17T07:13:16Z"
      },
      "ResponseBody": {
        "id": "/subscriptions/ce1bff77-08c1-4199-b7a5-52194a42b6ce/resourceGroups/Communication-RG-4005/providers/Microsoft.Communication/emailServices/email-test2628/domains/domain-8090.com",
        "name": "domain-8090.com",
        "type": "microsoft.communication/emailservices/domains",
        "location": "global",
        "tags": {},
        "systemData": {
          "createdBy": "dd5e080b-9821-4976-9ab1-c95d8cc8eafa",
          "createdByType": "Application",
          "createdAt": "2023-03-17T07:12:09.8377567Z",
          "lastModifiedBy": "dd5e080b-9821-4976-9ab1-c95d8cc8eafa",
          "lastModifiedByType": "Application",
          "lastModifiedAt": "2023-03-17T07:12:09.8377567Z"
        },
        "properties": {
          "provisioningState": "Succeeded",
          "dataLocation": "unitedstates",
          "fromSenderDomain": "domain-8090.com",
          "mailFromSenderDomain": "domain-8090.com",
          "domainManagement": "CustomerManaged",
          "verificationStates": {
            "Domain": {
              "status": "NotStarted"
            },
            "SPF": {
              "status": "NotStarted"
            },
            "DKIM": {
              "status": "NotStarted"
            },
            "DKIM2": {
              "status": "NotStarted"
            },
            "DMARC": {
              "status": "NotStarted"
            }
          },
          "verificationRecords": {
            "Domain": {
              "type": "TXT",
              "name": "domain-8090.com",
              "value": "ms-domain-verification=83ab64b7-faee-465a-9914-f37ac26cab6b",
              "ttl": 3600
            },
            "SPF": {
              "type": "TXT",
              "name": "domain-8090.com",
              "value": "v=spf1 include:spf.protection.outlook.com -all",
              "ttl": 3600
            },
            "DKIM": {
              "type": "CNAME",
              "name": "selector1-azurecomm-dev-net._domainkey",
              "value": "selector1-azurecomm-dev-net._domainkey.azurecomm-dev.net",
              "ttl": 3600
            },
            "DKIM2": {
              "type": "CNAME",
              "name": "selector2-azurecomm-dev-net._domainkey",
              "value": "selector2-azurecomm-dev-net._domainkey.azurecomm-dev.net",
              "ttl": 3600
            }
          },
          "userEngagementTracking": "Disabled"
        }
      }
    },
    {
      "RequestUri": "https://api-dogfood.resources.windows-int.net/subscriptions/ce1bff77-08c1-4199-b7a5-52194a42b6ce?api-version=2021-01-01",
      "RequestMethod": "GET",
      "RequestHeaders": {
        "Accept": "application/json",
        "Authorization": "Sanitized",
        "traceparent": "00-b38aa43eb790260d289fd5789990252d-b95021238f02449e-00",
        "User-Agent": "azsdk-net-ResourceManager/1.4.0 (.NET 6.0.15; Microsoft Windows 10.0.22621)",
        "x-ms-client-request-id": "366ca808c7fdda0dae8ff03b249c7aef",
        "x-ms-return-client-request-id": "true"
      },
      "RequestBody": null,
      "StatusCode": 200,
      "ResponseHeaders": {
        "Cache-Control": "no-cache",
        "Content-Length": "399",
        "Content-Type": "application/json; charset=utf-8",
        "Date": "Fri, 17 Mar 2023 07:13:16 GMT",
        "Expires": "-1",
        "Pragma": "no-cache",
        "Strict-Transport-Security": "max-age=31536000; includeSubDomains",
        "X-Cache": "CONFIG_NOCACHE",
        "X-Content-Type-Options": "nosniff",
        "x-ms-correlation-request-id": "e7f09eb7-d919-4d52-b152-9769b4028c6f",
        "x-ms-ratelimit-remaining-subscription-reads": "14918",
        "x-ms-request-id": "e7f09eb7-d919-4d52-b152-9769b4028c6f",
        "x-ms-routing-request-id": "CENTRALUS:20230317T071317Z:e7f09eb7-d919-4d52-b152-9769b4028c6f",
        "X-MSEdge-Ref": "Ref A: B159561184B8482994ACC4161A5F83D3 Ref B: STBEDGE0514 Ref C: 2023-03-17T07:13:17Z"
      },
      "ResponseBody": {
        "id": "/subscriptions/ce1bff77-08c1-4199-b7a5-52194a42b6ce",
        "authorizationSource": "RoleBased",
        "managedByTenants": [],
        "subscriptionId": "ce1bff77-08c1-4199-b7a5-52194a42b6ce",
        "tenantId": "f686d426-8d16-42db-81b7-ab578e110ccd",
        "displayName": "ACS Dogfood Int Env",
        "state": "Enabled",
        "subscriptionPolicies": {
          "locationPlacementId": "Public_2014-09-01",
          "quotaId": "PayAsYouGo_2014-09-01",
          "spendingLimit": "Off"
        }
      }
    },
    {
      "RequestUri": "https://api-dogfood.resources.windows-int.net/subscriptions/ce1bff77-08c1-4199-b7a5-52194a42b6ce/providers/Microsoft.Resources?api-version=**",
      "RequestMethod": "GET",
      "RequestHeaders": {
        "Accept": "application/json",
        "Authorization": "Sanitized",
        "traceparent": "00-b38aa43eb790260d289fd5789990252d-2cf7deee73f25b98-00",
        "User-Agent": "azsdk-net-ResourceManager/1.4.0 (.NET 6.0.15; Microsoft Windows 10.0.22621)",
        "x-ms-client-request-id": "da08216b05bad870603c2b245be25413",
        "x-ms-return-client-request-id": "true"
      },
      "RequestBody": null,
      "StatusCode": 200,
      "ResponseHeaders": {
        "Cache-Control": "no-cache",
        "Content-Length": "8232",
        "Content-Type": "application/json; charset=utf-8",
        "Date": "Fri, 17 Mar 2023 07:13:16 GMT",
        "Expires": "-1",
        "Pragma": "no-cache",
        "Strict-Transport-Security": "max-age=31536000; includeSubDomains",
        "X-Cache": "CONFIG_NOCACHE",
        "X-Content-Type-Options": "nosniff",
        "x-ms-correlation-request-id": "1ede6931-84dd-4d52-8a1d-277ea82b6ab6",
        "x-ms-ratelimit-remaining-subscription-reads": "14917",
        "x-ms-request-id": "1ede6931-84dd-4d52-8a1d-277ea82b6ab6",
        "x-ms-routing-request-id": "CENTRALUS:20230317T071317Z:1ede6931-84dd-4d52-8a1d-277ea82b6ab6",
        "X-MSEdge-Ref": "Ref A: B1693A5AB4CC42A19F4875E040AD5A5F Ref B: STBEDGE0514 Ref C: 2023-03-17T07:13:17Z"
      },
      "ResponseBody": {
        "id": "/subscriptions/ce1bff77-08c1-4199-b7a5-52194a42b6ce/providers/Microsoft.Resources",
        "namespace": "Microsoft.Resources",
        "authorizations": [
          {
            "applicationId": "12a98b7b-dd08-49c0-94b6-4b1b48909d02"
          },
          {
            "applicationId": "3b990c8b-9607-4c2a-8b04-1d41985facca"
          }
        ],
        "resourceTypes": [
          {
            "resourceType": "tagnamespaces",
            "locations": [
              "Australia Central",
              "Australia Central 2",
              "Australia East",
              "Australia Southeast",
              "Brazil South",
              "Brazil Southeast",
              "Canada Central",
              "Canada East",
              "Central India",
              "Central US",
              "Central US EUAP",
              "East Asia",
              "East US",
              "East US 2",
              "East US 2 EUAP",
              "East US SLV",
              "Israel Central",
              "Japan East",
              "Japan West",
              "Korea Central",
              "Korea South",
              "North Central US",
              "Qatar Central",
              "South Africa North",
              "South Africa West",
              "South Central US",
              "South India",
              "Southeast Asia",
              "Taiwan North",
              "UAE Central",
              "UAE North",
              "West Central US",
              "West India",
              "West US",
              "West US 2",
              "West US 3",
              "France Central",
              "France South",
              "Germany North",
              "Germany West Central",
              "Italy North",
              "North Europe",
              "Norway East",
              "Norway West",
              "Poland Central",
              "Sweden South",
              "Sweden Central",
              "Switzerland West",
              "Switzerland North",
              "West Europe",
              "UK South",
              "UK West"
            ],
            "apiVersions": [
              "2023-03-01-preview"
            ],
            "capabilities": "SupportsExtension"
          },
          {
            "resourceType": "tagNamespaceOperationResults",
            "locations": [],
            "apiVersions": [
              "2023-03-01-preview"
            ],
            "capabilities": "None"
          },
          {
            "resourceType": "templateSpecs",
            "locations": [
              "East US",
              "East US 2",
              "West Central US",
              "West US",
              "West US 2",
              "Central US"
            ],
            "apiVersions": [
              "2022-02-01",
              "2021-05-01",
              "2021-03-01-preview",
              "2019-06-01-preview"
            ],
            "capabilities": "CrossResourceGroupResourceMove, CrossSubscriptionResourceMove, SupportsTags, SupportsLocation"
          },
          {
            "resourceType": "templateSpecs/versions",
            "locations": [
              "East US",
              "East US 2",
              "West Central US",
              "West US",
              "West US 2",
              "Central US"
            ],
            "apiVersions": [
              "2022-02-01",
              "2021-05-01",
              "2021-03-01-preview",
              "2019-06-01-preview"
            ],
            "capabilities": "CrossResourceGroupResourceMove, CrossSubscriptionResourceMove, SupportsTags, SupportsLocation"
          },
          {
            "resourceType": "builtInTemplateSpecs",
            "locations": [],
            "apiVersions": [
              "2022-02-01"
            ],
            "capabilities": "None"
          },
          {
            "resourceType": "builtInTemplateSpecs/versions",
            "locations": [],
            "apiVersions": [
              "2022-02-01"
            ],
            "capabilities": "None"
          },
          {
            "resourceType": "deploymentStacks",
            "locations": [
              "East US",
              "East US 2",
              "East US 2 EUAP",
              "West Central US",
              "West US",
              "West US 2",
              "Central US"
            ],
            "apiVersions": [
              "2023-04-01-preview",
              "2022-08-01-preview",
              "2021-05-01-preview"
            ],
            "capabilities": "SupportsExtension"
          },
          {
            "resourceType": "deploymentStacks/snapshots",
            "locations": [
              "East US",
              "East US 2",
              "East US 2 EUAP",
              "West Central US",
              "West US",
              "West US 2",
              "Central US"
            ],
            "apiVersions": [
              "2023-04-01-preview",
              "2022-08-01-preview",
              "2021-05-01-preview"
            ],
            "capabilities": "None"
          },
          {
            "resourceType": "locations/deploymentStackOperationStatus",
            "locations": [
              "East US",
              "East US 2",
              "East US 2 EUAP",
              "West Central US",
              "West US",
              "West US 2",
              "Central US"
            ],
            "apiVersions": [
              "2023-04-01-preview",
              "2022-08-01-preview",
              "2021-05-01-preview"
            ],
            "capabilities": "None"
          },
          {
            "resourceType": "boundaries",
            "locations": [],
            "apiVersions": [
              "2021-09-01-preview"
            ],
            "capabilities": "SupportsExtension"
          },
          {
            "resourceType": "notifyResourceJobs",
            "locations": [],
            "apiVersions": [
              "2019-09-01",
              "2019-05-01",
              "2019-04-01",
              "2019-03-01",
              "2018-11-01",
              "2018-09-01",
              "2018-08-01",
              "2018-07-01",
              "2018-05-01",
              "2018-02-01",
              "2015-01-01",
              "2014-04-01-preview"
            ],
            "capabilities": "None"
          },
          {
            "resourceType": "tenants",
            "locations": [],
            "apiVersions": [
              "2018-05-01",
              "2015-01-01",
              "2014-04-01-preview"
            ],
            "capabilities": "None"
          },
          {
            "resourceType": "locations",
            "locations": [],
            "apiVersions": [
              "2018-05-01",
              "2016-06-01",
              "2016-02-01",
              "2015-11-01",
              "2015-01-01",
              "2014-04-01-preview"
            ],
            "capabilities": "None"
          },
          {
            "resourceType": "providers",
            "locations": [],
            "apiVersions": [
              "2018-05-01",
              "2015-01-01",
              "2014-04-01-preview"
            ],
            "capabilities": "None"
          },
          {
            "resourceType": "checkresourcename",
            "locations": [],
            "apiVersions": [
              "2018-05-01",
              "2015-01-01",
              "2014-04-01-preview"
            ],
            "capabilities": "None"
          },
          {
            "resourceType": "calculateTemplateHash",
            "locations": [],
            "apiVersions": [
              "2018-05-01",
              "2015-01-01",
              "2014-04-01-preview"
            ],
            "capabilities": "None"
          },
          {
            "resourceType": "checkPolicyCompliance",
            "locations": [],
            "apiVersions": [
              "2018-05-01",
              "2018-02-01",
              "2018-01-01",
              "2017-08-01",
              "2017-06-01",
              "2017-05-10",
              "2017-05-01",
              "2017-03-01",
              "2016-09-01",
              "2016-07-01",
              "2016-06-01",
              "2016-02-01",
              "2015-11-01",
              "2015-01-01",
              "2014-04-01-preview"
            ],
            "capabilities": "None"
          },
          {
            "resourceType": "resources",
            "locations": [],
            "apiVersions": [
              "2018-05-01",
              "2015-01-01",
              "2014-04-01-preview"
            ],
            "capabilities": "None"
          },
          {
            "resourceType": "subscriptions",
            "locations": [],
            "apiVersions": [
              "2018-05-01",
              "2015-01-01",
              "2014-04-01-preview"
            ],
            "capabilities": "None"
          },
          {
            "resourceType": "subscriptions/resources",
            "locations": [],
            "apiVersions": [
              "2018-05-01",
              "2015-01-01",
              "2014-04-01-preview"
            ],
            "capabilities": "None"
          },
          {
            "resourceType": "subscriptions/providers",
            "locations": [],
            "apiVersions": [
              "2018-05-01",
              "2015-01-01",
              "2014-04-01-preview"
            ],
            "capabilities": "None"
          },
          {
            "resourceType": "operationresults",
            "locations": [],
            "apiVersions": [
              "2018-05-01",
              "2015-01-01",
              "2014-04-01-preview"
            ],
            "capabilities": "None"
          },
          {
            "resourceType": "subscriptions/operationresults",
            "locations": [],
            "apiVersions": [
              "2018-05-01",
              "2015-01-01",
              "2014-04-01-preview"
            ],
            "capabilities": "None"
          },
          {
            "resourceType": "resourceGroups",
            "locations": [
              "East Asia",
              "Southeast Asia",
              "East US",
              "East US 2",
              "West US",
              "West US 2",
              "West US 3",
              "Central US",
              "North Central US",
              "South Central US",
              "North Europe",
              "West Europe",
              "Japan East",
              "Japan West",
              "Brazil South",
              "Australia Southeast",
              "Australia East"
            ],
            "apiVersions": [
              "2018-05-01",
              "2015-01-01",
              "2014-04-01-preview"
            ],
            "capabilities": "SupportsLocation"
          },
          {
            "resourceType": "subscriptions/resourceGroups",
            "locations": [
              "East Asia",
              "Southeast Asia",
              "East US",
              "East US 2",
              "West US",
              "West US 2",
              "West US 3",
              "Central US",
              "North Central US",
              "South Central US",
              "North Europe",
              "West Europe",
              "Japan East",
              "Japan West",
              "Brazil South",
              "Australia Southeast",
              "Australia East"
            ],
            "apiVersions": [
              "2018-05-01",
              "2015-01-01",
              "2014-04-01-preview"
            ],
            "capabilities": "SupportsLocation"
          },
          {
            "resourceType": "subscriptions/resourcegroups/resources",
            "locations": [],
            "apiVersions": [
              "2018-05-01",
              "2015-01-01",
              "2014-04-01-preview"
            ],
            "capabilities": "None"
          },
          {
            "resourceType": "subscriptions/locations",
            "locations": [],
            "apiVersions": [
              "2018-05-01",
              "2015-01-01",
              "2014-04-01-preview"
            ],
            "capabilities": "None"
          },
          {
            "resourceType": "tags",
            "locations": [],
            "apiVersions": [
              "2019-10-01",
              "2019-05-01",
              "2019-04-01",
              "2019-03-01",
              "2018-11-01"
            ],
            "capabilities": "SupportsExtension"
          },
          {
            "resourceType": "subscriptions/tagnames",
            "locations": [],
            "apiVersions": [
              "2018-05-01",
              "2015-01-01",
              "2014-04-01-preview"
            ],
            "capabilities": "None"
          },
          {
            "resourceType": "subscriptions/tagNames/tagValues",
            "locations": [],
            "apiVersions": [
              "2018-05-01",
              "2015-01-01",
              "2014-04-01-preview"
            ],
            "capabilities": "None"
          },
          {
            "resourceType": "links",
            "locations": [],
            "apiVersions": [
              "2018-05-01",
              "2015-01-01",
              "2014-04-01-preview"
            ],
            "capabilities": "SupportsExtension"
          },
          {
            "resourceType": "deployments",
            "locations": [
              "East US",
              "East US 2",
              "East US 2 EUAP",
              "West Central US",
              "West US",
              "West US 2"
            ],
            "apiVersions": [
              "2021-04-01",
              "2021-01-01",
              "2020-10-01",
              "2020-06-01",
              "2019-08-01",
              "2018-05-01",
              "2016-02-01",
              "2015-11-01",
              "2015-01-01",
              "2014-04-01-preview"
            ],
            "capabilities": "SupportsTags, SupportsExtension"
          },
          {
            "resourceType": "deployments/operations",
            "locations": [
              "East US",
              "East US 2",
              "East US 2 EUAP",
              "West Central US",
              "West US",
              "West US 2"
            ],
            "apiVersions": [
              "2021-04-01",
              "2021-01-01",
              "2020-10-01",
              "2020-06-01",
              "2019-08-01",
              "2018-05-01",
              "2016-02-01",
              "2015-11-01",
              "2015-01-01",
              "2014-04-01-preview"
            ],
            "capabilities": "None"
          },
          {
            "resourceType": "locations/deploymentStatuses",
            "locations": [
              "East US",
              "East US 2",
              "East US 2 EUAP",
              "West Central US",
              "West US",
              "West US 2"
            ],
            "apiVersions": [
              "2021-04-01",
              "2021-01-01",
              "2020-10-01",
              "2020-06-01",
              "2019-08-01",
              "2018-05-01",
              "2016-02-01",
              "2015-11-01",
              "2015-01-01",
              "2014-04-01-preview"
            ],
            "capabilities": "None"
          },
          {
            "resourceType": "validateResources",
            "locations": [],
            "apiVersions": [
              "2022-06-01"
            ],
            "capabilities": "None"
          },
          {
            "resourceType": "operations",
            "locations": [],
            "apiVersions": [
              "2015-01-01"
            ],
            "capabilities": "None"
          },
          {
            "resourceType": "changes",
            "locations": [],
            "apiVersions": [
              "2023-03-01-preview",
              "2022-05-01",
              "2022-03-01-preview"
            ],
            "capabilities": "SupportsExtension"
          }
        ],
        "registrationState": "Registered",
        "registrationPolicy": "RegistrationFree"
      }
    },
    {
      "RequestUri": "https://api-dogfood.resources.windows-int.net/subscriptions/ce1bff77-08c1-4199-b7a5-52194a42b6ce/resourceGroups/Communication-RG-4005/providers/Microsoft.Communication/emailServices/email-test2628/domains/domain-8090.com/providers/Microsoft.Resources/tags/default?api-version=**",
      "RequestMethod": "GET",
      "RequestHeaders": {
        "Accept": "application/json",
        "Authorization": "Sanitized",
        "traceparent": "00-b38aa43eb790260d289fd5789990252d-5387cdf4036d7ee6-00",
        "User-Agent": "azsdk-net-ResourceManager/1.4.0 (.NET 6.0.15; Microsoft Windows 10.0.22621)",
        "x-ms-client-request-id": "b27c72ceab6c76fc576440a6f7497f7a",
        "x-ms-return-client-request-id": "true"
      },
      "RequestBody": null,
      "StatusCode": 200,
      "ResponseHeaders": {
        "Cache-Control": "no-cache",
        "Content-Length": "303",
        "Content-Type": "application/json; charset=utf-8",
        "Date": "Fri, 17 Mar 2023 07:13:16 GMT",
        "Expires": "-1",
        "Pragma": "no-cache",
        "Strict-Transport-Security": "max-age=31536000; includeSubDomains",
        "X-Cache": "CONFIG_NOCACHE",
        "X-Content-Type-Options": "nosniff",
        "x-ms-correlation-request-id": "a8eb1413-cf84-4e1e-bd24-a8bb49f6a778",
        "x-ms-ratelimit-remaining-subscription-reads": "14916",
        "x-ms-request-id": "a8eb1413-cf84-4e1e-bd24-a8bb49f6a778",
        "x-ms-routing-request-id": "CENTRALUS:20230317T071317Z:a8eb1413-cf84-4e1e-bd24-a8bb49f6a778",
        "X-MSEdge-Ref": "Ref A: 1F53758994F64336A39F6BEB489AD918 Ref B: STBEDGE0514 Ref C: 2023-03-17T07:13:17Z"
      },
      "ResponseBody": {
        "id": "/subscriptions/ce1bff77-08c1-4199-b7a5-52194a42b6ce/resourceGroups/Communication-RG-4005/providers/Microsoft.Communication/EmailServices/email-test2628/Domains/domain-8090.com/providers/Microsoft.Resources/tags/default",
        "name": "default",
        "type": "Microsoft.Resources/tags",
        "properties": {
          "tags": {}
        }
      }
    },
    {
      "RequestUri": "https://api-dogfood.resources.windows-int.net/subscriptions/ce1bff77-08c1-4199-b7a5-52194a42b6ce/resourceGroups/Communication-RG-4005/providers/Microsoft.Communication/emailServices/email-test2628/domains/domain-8090.com/providers/Microsoft.Resources/tags/default?api-version=**",
      "RequestMethod": "PUT",
      "RequestHeaders": {
        "Accept": "application/json",
        "Authorization": "Sanitized",
        "Content-Length": "47",
        "Content-Type": "application/json",
        "traceparent": "00-b38aa43eb790260d289fd5789990252d-d3d74d7a6c361cb9-00",
        "User-Agent": "azsdk-net-ResourceManager/1.4.0 (.NET 6.0.15; Microsoft Windows 10.0.22621)",
        "x-ms-client-request-id": "4761a3653337033e3793d5c19ce87ecb",
        "x-ms-return-client-request-id": "true"
      },
      "RequestBody": {
        "properties": {
          "tags": {
            "testkey": "testvalue"
          }
        }
      },
      "StatusCode": 200,
      "ResponseHeaders": {
        "Cache-Control": "no-cache",
        "Content-Length": "324",
        "Content-Type": "application/json; charset=utf-8",
        "Date": "Fri, 17 Mar 2023 07:13:17 GMT",
        "Expires": "-1",
        "Pragma": "no-cache",
        "Strict-Transport-Security": "max-age=31536000; includeSubDomains",
        "X-Cache": "CONFIG_NOCACHE",
        "X-Content-Type-Options": "nosniff",
        "x-ms-correlation-request-id": "92029569-a7aa-43cb-81a0-6ad6d2d60818",
        "x-ms-ratelimit-remaining-subscription-writes": "1195",
        "x-ms-request-id": "92029569-a7aa-43cb-81a0-6ad6d2d60818",
        "x-ms-routing-request-id": "CENTRALUS:20230317T071318Z:92029569-a7aa-43cb-81a0-6ad6d2d60818",
        "X-MSEdge-Ref": "Ref A: 1C3E8169360A43B99701B3C847927EFE Ref B: STBEDGE0514 Ref C: 2023-03-17T07:13:17Z"
      },
      "ResponseBody": {
        "id": "/subscriptions/ce1bff77-08c1-4199-b7a5-52194a42b6ce/resourceGroups/Communication-RG-4005/providers/Microsoft.Communication/EmailServices/email-test2628/Domains/domain-8090.com/providers/Microsoft.Resources/tags/default",
        "name": "default",
        "type": "Microsoft.Resources/tags",
        "properties": {
          "tags": {
            "testkey": "testvalue"
          }
        }
      }
    },
    {
      "RequestUri": "https://api-dogfood.resources.windows-int.net/subscriptions/ce1bff77-08c1-4199-b7a5-52194a42b6ce/resourceGroups/Communication-RG-4005/providers/Microsoft.Communication/emailServices/email-test2628/domains/domain-8090.com?api-version=2023-03-01-preview",
      "RequestMethod": "GET",
      "RequestHeaders": {
        "Accept": "application/json",
        "Authorization": "Sanitized",
        "traceparent": "00-b38aa43eb790260d289fd5789990252d-332c6688078a1253-00",
        "User-Agent": "azsdk-net-ResourceManager.Communication/1.1.0-alpha.20230316.1 (.NET 6.0.15; Microsoft Windows 10.0.22621)",
        "x-ms-client-request-id": "b7bfb0bc0c819adc34797ad8d63bd96f",
        "x-ms-return-client-request-id": "true"
      },
      "RequestBody": null,
      "StatusCode": 200,
      "ResponseHeaders": {
        "Cache-Control": "no-cache",
        "Content-Length": "1571",
        "Content-Type": "application/json; charset=utf-8",
        "Date": "Fri, 17 Mar 2023 07:13:18 GMT",
        "ETag": "\u00227600c1a1-0000-0700-0000-6414130e0000\u0022",
        "Expires": "-1",
        "Pragma": "no-cache",
        "Strict-Transport-Security": "max-age=31536000; includeSubDomains",
        "X-Cache": "CONFIG_NOCACHE",
        "X-Content-Type-Options": "nosniff",
        "x-ms-client-request-id": "b7bfb0bc0c819adc34797ad8d63bd96f",
        "x-ms-correlation-request-id": "6bba395c-c173-406b-bda9-6c6d562c1916",
        "x-ms-providerhub-traffic": "True",
        "x-ms-ratelimit-remaining-subscription-reads": "14915",
        "x-ms-request-id": "8e0aacd2-ddc5-4bb5-9411-4556322bfb80",
        "x-ms-routing-request-id": "CENTRALUS:20230317T071318Z:6bba395c-c173-406b-bda9-6c6d562c1916",
        "X-MSEdge-Ref": "Ref A: DD12B19D36E24A5692E8F065C911D1A9 Ref B: STBEDGE0514 Ref C: 2023-03-17T07:13:18Z"
      },
      "ResponseBody": {
        "id": "/subscriptions/ce1bff77-08c1-4199-b7a5-52194a42b6ce/resourceGroups/Communication-RG-4005/providers/Microsoft.Communication/emailServices/email-test2628/domains/domain-8090.com",
        "name": "domain-8090.com",
        "type": "microsoft.communication/emailservices/domains",
        "location": "global",
        "tags": {
          "testkey": "testvalue"
        },
        "systemData": {
          "createdBy": "dd5e080b-9821-4976-9ab1-c95d8cc8eafa",
          "createdByType": "Application",
          "createdAt": "2023-03-17T07:12:09.8377567Z",
          "lastModifiedBy": "dd5e080b-9821-4976-9ab1-c95d8cc8eafa",
          "lastModifiedByType": "Application",
          "lastModifiedAt": "2023-03-17T07:13:17.5135544Z"
        },
        "properties": {
          "dataLocation": "unitedstates",
          "fromSenderDomain": "domain-8090.com",
          "mailFromSenderDomain": "domain-8090.com",
          "domainManagement": "CustomerManaged",
          "verificationStates": {
            "Domain": {
              "status": "NotStarted"
            },
            "SPF": {
              "status": "NotStarted"
            },
            "DKIM": {
              "status": "NotStarted"
            },
            "DKIM2": {
              "status": "NotStarted"
            },
            "DMARC": {
              "status": "NotStarted"
            }
          },
          "verificationRecords": {
            "Domain": {
              "type": "TXT",
              "name": "domain-8090.com",
              "value": "ms-domain-verification=83ab64b7-faee-465a-9914-f37ac26cab6b",
              "ttl": 3600
            },
            "SPF": {
              "type": "TXT",
              "name": "domain-8090.com",
              "value": "v=spf1 include:spf.protection.outlook.com -all",
              "ttl": 3600
            },
            "DKIM": {
              "type": "CNAME",
              "name": "selector1-azurecomm-dev-net._domainkey",
              "value": "selector1-azurecomm-dev-net._domainkey.azurecomm-dev.net",
              "ttl": 3600
            },
            "DKIM2": {
              "type": "CNAME",
              "name": "selector2-azurecomm-dev-net._domainkey",
              "value": "selector2-azurecomm-dev-net._domainkey.azurecomm-dev.net",
              "ttl": 3600
            }
          },
          "userEngagementTracking": "Disabled",
          "provisioningState": "Succeeded"
        }
      }
    },
    {
      "RequestUri": "https://api-dogfood.resources.windows-int.net/subscriptions/ce1bff77-08c1-4199-b7a5-52194a42b6ce/resourceGroups/Communication-RG-4005/providers/Microsoft.Communication/emailServices/email-test2628/domains/domain-8090.com?api-version=2023-03-01-preview",
      "RequestMethod": "GET",
      "RequestHeaders": {
        "Accept": "application/json",
        "Authorization": "Sanitized",
        "traceparent": "00-d176e92a3e68c561187a1fa94d6365d8-4d3dd3174c16c3f0-00",
        "User-Agent": "azsdk-net-ResourceManager.Communication/1.1.0-alpha.20230316.1 (.NET 6.0.15; Microsoft Windows 10.0.22621)",
        "x-ms-client-request-id": "1b6b75e5cddb9d5a21a123a4b0e73f6d",
        "x-ms-return-client-request-id": "true"
      },
      "RequestBody": null,
      "StatusCode": 200,
      "ResponseHeaders": {
        "Cache-Control": "no-cache",
        "Content-Length": "1571",
        "Content-Type": "application/json; charset=utf-8",
        "Date": "Fri, 17 Mar 2023 07:13:18 GMT",
        "ETag": "\u00227600c1a1-0000-0700-0000-6414130e0000\u0022",
        "Expires": "-1",
        "Pragma": "no-cache",
        "Strict-Transport-Security": "max-age=31536000; includeSubDomains",
        "X-Cache": "CONFIG_NOCACHE",
        "X-Content-Type-Options": "nosniff",
        "x-ms-client-request-id": "1b6b75e5cddb9d5a21a123a4b0e73f6d",
        "x-ms-correlation-request-id": "5c857761-50d7-49c3-b248-7a872a6eaf5f",
        "x-ms-providerhub-traffic": "True",
        "x-ms-ratelimit-remaining-subscription-reads": "14914",
        "x-ms-request-id": "44513831-8c99-48e7-b8ad-2dc993e8c6cc",
        "x-ms-routing-request-id": "CENTRALUS:20230317T071318Z:5c857761-50d7-49c3-b248-7a872a6eaf5f",
        "X-MSEdge-Ref": "Ref A: D4224B27FF0C453B80C117D2184DCB25 Ref B: STBEDGE0514 Ref C: 2023-03-17T07:13:18Z"
      },
      "ResponseBody": {
        "id": "/subscriptions/ce1bff77-08c1-4199-b7a5-52194a42b6ce/resourceGroups/Communication-RG-4005/providers/Microsoft.Communication/emailServices/email-test2628/domains/domain-8090.com",
        "name": "domain-8090.com",
        "type": "microsoft.communication/emailservices/domains",
        "location": "global",
        "tags": {
          "testkey": "testvalue"
        },
        "systemData": {
          "createdBy": "dd5e080b-9821-4976-9ab1-c95d8cc8eafa",
          "createdByType": "Application",
          "createdAt": "2023-03-17T07:12:09.8377567Z",
          "lastModifiedBy": "dd5e080b-9821-4976-9ab1-c95d8cc8eafa",
          "lastModifiedByType": "Application",
          "lastModifiedAt": "2023-03-17T07:13:17.5135544Z"
        },
        "properties": {
          "dataLocation": "unitedstates",
          "fromSenderDomain": "domain-8090.com",
          "mailFromSenderDomain": "domain-8090.com",
          "domainManagement": "CustomerManaged",
          "verificationStates": {
            "Domain": {
              "status": "NotStarted"
            },
            "SPF": {
              "status": "NotStarted"
            },
            "DKIM": {
              "status": "NotStarted"
            },
            "DKIM2": {
              "status": "NotStarted"
            },
            "DMARC": {
              "status": "NotStarted"
            }
          },
          "verificationRecords": {
            "Domain": {
              "type": "TXT",
              "name": "domain-8090.com",
              "value": "ms-domain-verification=83ab64b7-faee-465a-9914-f37ac26cab6b",
              "ttl": 3600
            },
            "SPF": {
              "type": "TXT",
              "name": "domain-8090.com",
              "value": "v=spf1 include:spf.protection.outlook.com -all",
              "ttl": 3600
            },
            "DKIM": {
              "type": "CNAME",
              "name": "selector1-azurecomm-dev-net._domainkey",
              "value": "selector1-azurecomm-dev-net._domainkey.azurecomm-dev.net",
              "ttl": 3600
            },
            "DKIM2": {
              "type": "CNAME",
              "name": "selector2-azurecomm-dev-net._domainkey",
              "value": "selector2-azurecomm-dev-net._domainkey.azurecomm-dev.net",
              "ttl": 3600
            }
          },
          "userEngagementTracking": "Disabled",
          "provisioningState": "Succeeded"
        }
      }
    },
    {
      "RequestUri": "https://api-dogfood.resources.windows-int.net/subscriptions/ce1bff77-08c1-4199-b7a5-52194a42b6ce/resourceGroups/Communication-RG-4005/providers/Microsoft.Communication/emailServices/email-test2628/domains/domain-8090.com/providers/Microsoft.Resources/tags/default?api-version=**",
      "RequestMethod": "GET",
      "RequestHeaders": {
        "Accept": "application/json",
        "Authorization": "Sanitized",
        "traceparent": "00-bdae527e5c44a82f04001ddd3cb63c1a-7378d5313979c4bb-00",
        "User-Agent": "azsdk-net-ResourceManager/1.4.0 (.NET 6.0.15; Microsoft Windows 10.0.22621)",
        "x-ms-client-request-id": "eb05bdb3c6292f4a00d27da64ea9e9e8",
        "x-ms-return-client-request-id": "true"
      },
      "RequestBody": null,
      "StatusCode": 200,
      "ResponseHeaders": {
        "Cache-Control": "no-cache",
        "Content-Length": "324",
        "Content-Type": "application/json; charset=utf-8",
        "Date": "Fri, 17 Mar 2023 07:13:18 GMT",
        "Expires": "-1",
        "Pragma": "no-cache",
        "Strict-Transport-Security": "max-age=31536000; includeSubDomains",
        "X-Cache": "CONFIG_NOCACHE",
        "X-Content-Type-Options": "nosniff",
        "x-ms-correlation-request-id": "bf968753-e51c-43d4-bcd8-5c9f5786dc8b",
        "x-ms-ratelimit-remaining-subscription-reads": "14913",
        "x-ms-request-id": "bf968753-e51c-43d4-bcd8-5c9f5786dc8b",
        "x-ms-routing-request-id": "CENTRALUS:20230317T071318Z:bf968753-e51c-43d4-bcd8-5c9f5786dc8b",
        "X-MSEdge-Ref": "Ref A: 12EC144BF88441DD86AAFFAB896F56CD Ref B: STBEDGE0514 Ref C: 2023-03-17T07:13:18Z"
      },
      "ResponseBody": {
        "id": "/subscriptions/ce1bff77-08c1-4199-b7a5-52194a42b6ce/resourceGroups/Communication-RG-4005/providers/Microsoft.Communication/EmailServices/email-test2628/Domains/domain-8090.com/providers/Microsoft.Resources/tags/default",
        "name": "default",
        "type": "Microsoft.Resources/tags",
        "properties": {
          "tags": {
            "testkey": "testvalue"
          }
        }
      }
    },
    {
      "RequestUri": "https://api-dogfood.resources.windows-int.net/subscriptions/ce1bff77-08c1-4199-b7a5-52194a42b6ce/resourceGroups/Communication-RG-4005/providers/Microsoft.Communication/emailServices/email-test2628/domains/domain-8090.com/providers/Microsoft.Resources/tags/default?api-version=**",
      "RequestMethod": "PUT",
      "RequestHeaders": {
        "Accept": "application/json",
        "Authorization": "Sanitized",
        "Content-Length": "26",
        "Content-Type": "application/json",
        "traceparent": "00-bdae527e5c44a82f04001ddd3cb63c1a-c433f31561c3d822-00",
        "User-Agent": "azsdk-net-ResourceManager/1.4.0 (.NET 6.0.15; Microsoft Windows 10.0.22621)",
        "x-ms-client-request-id": "4e7014b8c55fee3b562196dfe837ea4c",
        "x-ms-return-client-request-id": "true"
      },
      "RequestBody": {
        "properties": {
          "tags": {}
        }
      },
      "StatusCode": 200,
      "ResponseHeaders": {
        "Cache-Control": "no-cache",
        "Content-Length": "303",
        "Content-Type": "application/json; charset=utf-8",
        "Date": "Fri, 17 Mar 2023 07:13:19 GMT",
        "Expires": "-1",
        "Pragma": "no-cache",
        "Strict-Transport-Security": "max-age=31536000; includeSubDomains",
        "X-Cache": "CONFIG_NOCACHE",
        "X-Content-Type-Options": "nosniff",
        "x-ms-correlation-request-id": "db153aa8-7486-4d4a-98b9-44541b9ccd39",
        "x-ms-ratelimit-remaining-subscription-writes": "1194",
        "x-ms-request-id": "db153aa8-7486-4d4a-98b9-44541b9ccd39",
        "x-ms-routing-request-id": "CENTRALUS:20230317T071319Z:db153aa8-7486-4d4a-98b9-44541b9ccd39",
        "X-MSEdge-Ref": "Ref A: F2E27F582776427689A92E79B693C9E1 Ref B: STBEDGE0514 Ref C: 2023-03-17T07:13:19Z"
      },
      "ResponseBody": {
        "id": "/subscriptions/ce1bff77-08c1-4199-b7a5-52194a42b6ce/resourceGroups/Communication-RG-4005/providers/Microsoft.Communication/EmailServices/email-test2628/Domains/domain-8090.com/providers/Microsoft.Resources/tags/default",
        "name": "default",
        "type": "Microsoft.Resources/tags",
        "properties": {
          "tags": {}
        }
      }
    },
    {
      "RequestUri": "https://api-dogfood.resources.windows-int.net/subscriptions/ce1bff77-08c1-4199-b7a5-52194a42b6ce/resourceGroups/Communication-RG-4005/providers/Microsoft.Communication/emailServices/email-test2628/domains/domain-8090.com?api-version=2023-03-01-preview",
      "RequestMethod": "GET",
      "RequestHeaders": {
        "Accept": "application/json",
        "Authorization": "Sanitized",
        "traceparent": "00-bdae527e5c44a82f04001ddd3cb63c1a-434f9f8fa012ac64-00",
        "User-Agent": "azsdk-net-ResourceManager.Communication/1.1.0-alpha.20230316.1 (.NET 6.0.15; Microsoft Windows 10.0.22621)",
        "x-ms-client-request-id": "9beb3bb8f077ed0e81169507306a47c8",
        "x-ms-return-client-request-id": "true"
      },
      "RequestBody": null,
      "StatusCode": 200,
      "ResponseHeaders": {
        "Cache-Control": "no-cache",
        "Content-Length": "1550",
        "Content-Type": "application/json; charset=utf-8",
        "Date": "Fri, 17 Mar 2023 07:13:19 GMT",
        "ETag": "\u00227600caa1-0000-0700-0000-6414130f0000\u0022",
        "Expires": "-1",
        "Pragma": "no-cache",
        "Strict-Transport-Security": "max-age=31536000; includeSubDomains",
        "X-Cache": "CONFIG_NOCACHE",
        "X-Content-Type-Options": "nosniff",
        "x-ms-client-request-id": "9beb3bb8f077ed0e81169507306a47c8",
        "x-ms-correlation-request-id": "ecf1c573-fb31-426e-b7e7-943fc39aa89c",
        "x-ms-providerhub-traffic": "True",
        "x-ms-ratelimit-remaining-subscription-reads": "14912",
        "x-ms-request-id": "d2d3591b-320d-46b5-bc72-363c643c5296",
        "x-ms-routing-request-id": "CENTRALUS:20230317T071319Z:ecf1c573-fb31-426e-b7e7-943fc39aa89c",
        "X-MSEdge-Ref": "Ref A: B51A92B7486043D0B688AA596708AA93 Ref B: STBEDGE0514 Ref C: 2023-03-17T07:13:19Z"
      },
      "ResponseBody": {
        "id": "/subscriptions/ce1bff77-08c1-4199-b7a5-52194a42b6ce/resourceGroups/Communication-RG-4005/providers/Microsoft.Communication/emailServices/email-test2628/domains/domain-8090.com",
        "name": "domain-8090.com",
        "type": "microsoft.communication/emailservices/domains",
        "location": "global",
        "tags": {},
        "systemData": {
          "createdBy": "dd5e080b-9821-4976-9ab1-c95d8cc8eafa",
          "createdByType": "Application",
          "createdAt": "2023-03-17T07:12:09.8377567Z",
          "lastModifiedBy": "dd5e080b-9821-4976-9ab1-c95d8cc8eafa",
          "lastModifiedByType": "Application",
          "lastModifiedAt": "2023-03-17T07:13:19.1855013Z"
        },
        "properties": {
          "dataLocation": "unitedstates",
          "fromSenderDomain": "domain-8090.com",
          "mailFromSenderDomain": "domain-8090.com",
          "domainManagement": "CustomerManaged",
          "verificationStates": {
            "Domain": {
              "status": "NotStarted"
            },
            "SPF": {
              "status": "NotStarted"
            },
            "DKIM": {
              "status": "NotStarted"
            },
            "DKIM2": {
              "status": "NotStarted"
            },
            "DMARC": {
              "status": "NotStarted"
            }
          },
          "verificationRecords": {
            "Domain": {
              "type": "TXT",
              "name": "domain-8090.com",
              "value": "ms-domain-verification=83ab64b7-faee-465a-9914-f37ac26cab6b",
              "ttl": 3600
            },
            "SPF": {
              "type": "TXT",
              "name": "domain-8090.com",
              "value": "v=spf1 include:spf.protection.outlook.com -all",
              "ttl": 3600
            },
            "DKIM": {
              "type": "CNAME",
              "name": "selector1-azurecomm-dev-net._domainkey",
              "value": "selector1-azurecomm-dev-net._domainkey.azurecomm-dev.net",
              "ttl": 3600
            },
            "DKIM2": {
              "type": "CNAME",
              "name": "selector2-azurecomm-dev-net._domainkey",
              "value": "selector2-azurecomm-dev-net._domainkey.azurecomm-dev.net",
              "ttl": 3600
            }
          },
          "userEngagementTracking": "Disabled",
          "provisioningState": "Succeeded"
        }
      }
    },
    {
      "RequestUri": "https://api-dogfood.resources.windows-int.net/subscriptions/ce1bff77-08c1-4199-b7a5-52194a42b6ce/resourceGroups/Communication-RG-4005/providers/Microsoft.Communication/emailServices/email-test2628/domains/domain-8090.com?api-version=2023-03-01-preview",
      "RequestMethod": "GET",
      "RequestHeaders": {
        "Accept": "application/json",
        "Authorization": "Sanitized",
        "traceparent": "00-62d792c49ca456a246ba7a4af8773786-cad4331ce4874d85-00",
        "User-Agent": "azsdk-net-ResourceManager.Communication/1.1.0-alpha.20230316.1 (.NET 6.0.15; Microsoft Windows 10.0.22621)",
        "x-ms-client-request-id": "416c31e7cf84cab1ce512323aa329ea2",
        "x-ms-return-client-request-id": "true"
      },
      "RequestBody": null,
      "StatusCode": 200,
      "ResponseHeaders": {
        "Cache-Control": "no-cache",
        "Content-Length": "1550",
        "Content-Type": "application/json; charset=utf-8",
        "Date": "Fri, 17 Mar 2023 07:13:19 GMT",
        "ETag": "\u00227600caa1-0000-0700-0000-6414130f0000\u0022",
        "Expires": "-1",
        "Pragma": "no-cache",
        "Strict-Transport-Security": "max-age=31536000; includeSubDomains",
        "X-Cache": "CONFIG_NOCACHE",
        "X-Content-Type-Options": "nosniff",
        "x-ms-client-request-id": "416c31e7cf84cab1ce512323aa329ea2",
        "x-ms-correlation-request-id": "ea8a695c-6a7a-45bf-8ed9-f1cd05f43e80",
        "x-ms-providerhub-traffic": "True",
        "x-ms-ratelimit-remaining-subscription-reads": "14911",
        "x-ms-request-id": "689ba4ee-63b3-42a9-a219-41c5b68c5fb1",
        "x-ms-routing-request-id": "CENTRALUS:20230317T071320Z:ea8a695c-6a7a-45bf-8ed9-f1cd05f43e80",
        "X-MSEdge-Ref": "Ref A: A7E889737B344363B431B5A690627C7B Ref B: STBEDGE0514 Ref C: 2023-03-17T07:13:19Z"
      },
      "ResponseBody": {
        "id": "/subscriptions/ce1bff77-08c1-4199-b7a5-52194a42b6ce/resourceGroups/Communication-RG-4005/providers/Microsoft.Communication/emailServices/email-test2628/domains/domain-8090.com",
        "name": "domain-8090.com",
        "type": "microsoft.communication/emailservices/domains",
        "location": "global",
        "tags": {},
        "systemData": {
          "createdBy": "dd5e080b-9821-4976-9ab1-c95d8cc8eafa",
          "createdByType": "Application",
          "createdAt": "2023-03-17T07:12:09.8377567Z",
          "lastModifiedBy": "dd5e080b-9821-4976-9ab1-c95d8cc8eafa",
          "lastModifiedByType": "Application",
          "lastModifiedAt": "2023-03-17T07:13:19.1855013Z"
        },
        "properties": {
          "dataLocation": "unitedstates",
          "fromSenderDomain": "domain-8090.com",
          "mailFromSenderDomain": "domain-8090.com",
          "domainManagement": "CustomerManaged",
          "verificationStates": {
            "Domain": {
              "status": "NotStarted"
            },
            "SPF": {
              "status": "NotStarted"
            },
            "DKIM": {
              "status": "NotStarted"
            },
            "DKIM2": {
              "status": "NotStarted"
            },
            "DMARC": {
              "status": "NotStarted"
            }
          },
          "verificationRecords": {
            "Domain": {
              "type": "TXT",
              "name": "domain-8090.com",
              "value": "ms-domain-verification=83ab64b7-faee-465a-9914-f37ac26cab6b",
              "ttl": 3600
            },
            "SPF": {
              "type": "TXT",
              "name": "domain-8090.com",
              "value": "v=spf1 include:spf.protection.outlook.com -all",
              "ttl": 3600
            },
            "DKIM": {
              "type": "CNAME",
              "name": "selector1-azurecomm-dev-net._domainkey",
              "value": "selector1-azurecomm-dev-net._domainkey.azurecomm-dev.net",
              "ttl": 3600
            },
            "DKIM2": {
              "type": "CNAME",
              "name": "selector2-azurecomm-dev-net._domainkey",
              "value": "selector2-azurecomm-dev-net._domainkey.azurecomm-dev.net",
              "ttl": 3600
            }
          },
          "userEngagementTracking": "Disabled",
          "provisioningState": "Succeeded"
        }
      }
    },
    {
      "RequestUri": "https://api-dogfood.resources.windows-int.net/subscriptions/ce1bff77-08c1-4199-b7a5-52194a42b6ce/resourceGroups/Communication-RG-4005/providers/Microsoft.Communication/emailServices/email-test2628/domains?api-version=2023-03-01-preview",
      "RequestMethod": "GET",
      "RequestHeaders": {
        "Accept": "application/json",
        "Authorization": "Sanitized",
        "User-Agent": "azsdk-net-ResourceManager.Communication/1.1.0-alpha.20230316.1 (.NET 6.0.15; Microsoft Windows 10.0.22621)",
        "x-ms-client-request-id": "ac261fd34e4c49d5fe379720593eeec0",
        "x-ms-return-client-request-id": "true"
      },
      "RequestBody": null,
      "StatusCode": 200,
      "ResponseHeaders": {
        "Cache-Control": "no-cache",
        "Content-Length": "1562",
        "Content-Type": "application/json; charset=utf-8",
        "Date": "Fri, 17 Mar 2023 07:13:19 GMT",
        "Expires": "-1",
        "Pragma": "no-cache",
        "Strict-Transport-Security": "max-age=31536000; includeSubDomains",
        "X-Cache": "CONFIG_NOCACHE",
        "X-Content-Type-Options": "nosniff",
        "x-ms-client-request-id": "ac261fd34e4c49d5fe379720593eeec0",
        "x-ms-correlation-request-id": "0ba18e7d-1385-4125-89c6-369593b2d33b",
        "x-ms-providerhub-traffic": "True",
        "x-ms-ratelimit-remaining-subscription-reads": "14910",
        "x-ms-request-id": "081f4c3b-90e2-471a-9c9e-e343b73cb48f",
        "x-ms-routing-request-id": "CENTRALUS:20230317T071320Z:0ba18e7d-1385-4125-89c6-369593b2d33b",
        "X-MSEdge-Ref": "Ref A: 3C0EFB5BE89545B6A686E29935A59CFE Ref B: STBEDGE0514 Ref C: 2023-03-17T07:13:20Z"
      },
      "ResponseBody": {
        "value": [
          {
            "id": "/subscriptions/ce1bff77-08c1-4199-b7a5-52194a42b6ce/resourceGroups/Communication-RG-4005/providers/Microsoft.Communication/emailServices/email-test2628/domains/domain-8090.com",
            "name": "domain-8090.com",
            "type": "microsoft.communication/emailservices/domains",
            "location": "global",
            "tags": {},
            "systemData": {
              "createdBy": "dd5e080b-9821-4976-9ab1-c95d8cc8eafa",
              "createdByType": "Application",
              "createdAt": "2023-03-17T07:12:09.8377567Z",
              "lastModifiedBy": "dd5e080b-9821-4976-9ab1-c95d8cc8eafa",
              "lastModifiedByType": "Application",
              "lastModifiedAt": "2023-03-17T07:13:19.1855013Z"
            },
            "properties": {
              "dataLocation": "unitedstates",
              "fromSenderDomain": "domain-8090.com",
              "mailFromSenderDomain": "domain-8090.com",
              "domainManagement": "CustomerManaged",
              "verificationStates": {
                "Domain": {
                  "status": "NotStarted"
                },
                "SPF": {
                  "status": "NotStarted"
                },
                "DKIM": {
                  "status": "NotStarted"
                },
                "DKIM2": {
                  "status": "NotStarted"
                },
                "DMARC": {
                  "status": "NotStarted"
                }
              },
              "verificationRecords": {
                "Domain": {
                  "type": "TXT",
                  "name": "domain-8090.com",
                  "value": "ms-domain-verification=83ab64b7-faee-465a-9914-f37ac26cab6b",
                  "ttl": 3600
                },
                "SPF": {
                  "type": "TXT",
                  "name": "domain-8090.com",
                  "value": "v=spf1 include:spf.protection.outlook.com -all",
                  "ttl": 3600
                },
                "DKIM": {
                  "type": "CNAME",
                  "name": "selector1-azurecomm-dev-net._domainkey",
                  "value": "selector1-azurecomm-dev-net._domainkey.azurecomm-dev.net",
                  "ttl": 3600
                },
                "DKIM2": {
                  "type": "CNAME",
                  "name": "selector2-azurecomm-dev-net._domainkey",
                  "value": "selector2-azurecomm-dev-net._domainkey.azurecomm-dev.net",
                  "ttl": 3600
                }
              },
              "userEngagementTracking": "Disabled",
              "provisioningState": "Succeeded"
            }
          }
        ]
      }
    },
    {
      "RequestUri": "https://api-dogfood.resources.windows-int.net/subscriptions/ce1bff77-08c1-4199-b7a5-52194a42b6ce/resourceGroups/Communication-RG-4005/providers/Microsoft.Communication/emailServices/email-test2628/domains/domain-8090.com?api-version=2023-03-01-preview",
      "RequestMethod": "DELETE",
      "RequestHeaders": {
        "Accept": "application/json",
        "Authorization": "Sanitized",
        "traceparent": "00-2008566e8fcc342f18490d4aea6b2217-7a72a38f135441d0-00",
        "User-Agent": "azsdk-net-ResourceManager.Communication/1.1.0-alpha.20230316.1 (.NET 6.0.15; Microsoft Windows 10.0.22621)",
        "x-ms-client-request-id": "1e2152f40d46e8f28a21cd25cceb434f",
        "x-ms-return-client-request-id": "true"
      },
      "RequestBody": null,
      "StatusCode": 202,
      "ResponseHeaders": {
        "Azure-AsyncNotification": "Enabled",
        "Azure-AsyncOperation": "https://api-dogfood.resources.windows-int.net/subscriptions/ce1bff77-08c1-4199-b7a5-52194a42b6ce/providers/Microsoft.Communication/locations/CENTRALUS/operationStatuses/641dec92-7748-4231-9027-3054a94d7690*D52F7A44D2EB343758812ED9350F09578B766A6E5DDC417B8FE16A0003D518E7?api-version=2023-03-01-preview",
        "Cache-Control": "no-cache",
        "Content-Length": "4",
        "Content-Type": "application/json; charset=utf-8",
        "Date": "Fri, 17 Mar 2023 07:13:20 GMT",
        "ETag": "\u00227600cfa1-0000-0700-0000-641413100000\u0022",
        "Expires": "-1",
        "Location": "https://api-dogfood.resources.windows-int.net/subscriptions/ce1bff77-08c1-4199-b7a5-52194a42b6ce/providers/Microsoft.Communication/locations/CENTRALUS/operationStatuses/641dec92-7748-4231-9027-3054a94d7690*D52F7A44D2EB343758812ED9350F09578B766A6E5DDC417B8FE16A0003D518E7?api-version=2023-03-01-preview",
        "mise-correlation-id": "0aac72d4-471c-46f1-b538-b86364d6fefd",
        "Pragma": "no-cache",
        "Request-Context": "appId=",
        "Strict-Transport-Security": "max-age=31536000; includeSubDomains",
        "X-Cache": "CONFIG_NOCACHE",
        "X-Content-Type-Options": "nosniff",
        "x-ms-client-request-id": "1e2152f40d46e8f28a21cd25cceb434f",
        "x-ms-correlation-request-id": "e7d2acb8-3db8-43c7-8cb0-f907d52e2475",
        "x-ms-providerhub-traffic": "True",
        "x-ms-ratelimit-remaining-subscription-deletes": "14995",
        "x-ms-request-id": "641dec92-7748-4231-9027-3054a94d7690",
        "x-ms-resource-provider-hint": "noPolling",
        "x-ms-routing-request-id": "CENTRALUS:20230317T071320Z:e7d2acb8-3db8-43c7-8cb0-f907d52e2475",
        "X-MSEdge-Ref": "Ref A: 30A16F09842E4155AEF51760DD5592A8 Ref B: STBEDGE0514 Ref C: 2023-03-17T07:13:20Z"
      },
      "ResponseBody": "null"
    },
    {
      "RequestUri": "https://api-dogfood.resources.windows-int.net/subscriptions/ce1bff77-08c1-4199-b7a5-52194a42b6ce/providers/Microsoft.Communication/locations/CENTRALUS/operationStatuses/641dec92-7748-4231-9027-3054a94d7690*D52F7A44D2EB343758812ED9350F09578B766A6E5DDC417B8FE16A0003D518E7?api-version=2023-03-01-preview",
      "RequestMethod": "GET",
      "RequestHeaders": {
        "Authorization": "Sanitized",
        "traceparent": "00-2008566e8fcc342f18490d4aea6b2217-14563c0ebb38ecf5-00",
        "User-Agent": "azsdk-net-ResourceManager/1.4.0 (.NET 6.0.15; Microsoft Windows 10.0.22621)",
        "x-ms-client-request-id": "582e63628010c55b2c3d222a81af7d13",
        "x-ms-return-client-request-id": "true"
      },
      "RequestBody": null,
      "StatusCode": 202,
      "ResponseHeaders": {
        "Cache-Control": "no-cache",
        "Content-Length": "599",
        "Content-Type": "application/json; charset=utf-8",
        "Date": "Fri, 17 Mar 2023 07:13:20 GMT",
        "ETag": "\u00222803492d-0000-0700-0000-641413100000\u0022",
        "Expires": "-1",
        "Pragma": "no-cache",
        "Strict-Transport-Security": "max-age=31536000; includeSubDomains",
        "X-Cache": "CONFIG_NOCACHE",
        "X-Content-Type-Options": "nosniff",
        "x-ms-client-request-id": "582e63628010c55b2c3d222a81af7d13",
        "x-ms-correlation-request-id": "c39e2d64-52fe-4bbc-947d-5e1c6c72e034",
        "x-ms-ratelimit-remaining-subscription-reads": "14909",
        "x-ms-request-id": "1adeed44-4797-467f-a8fa-5d10e8e78212",
        "x-ms-routing-request-id": "CENTRALUS:20230317T071321Z:c39e2d64-52fe-4bbc-947d-5e1c6c72e034",
        "X-MSEdge-Ref": "Ref A: D5DF160501D443A3ADB88D560309A96C Ref B: STBEDGE0514 Ref C: 2023-03-17T07:13:20Z"
      },
      "ResponseBody": {
        "id": "/subscriptions/ce1bff77-08c1-4199-b7a5-52194a42b6ce/providers/Microsoft.Communication/locations/CENTRALUS/operationStatuses/641dec92-7748-4231-9027-3054a94d7690*D52F7A44D2EB343758812ED9350F09578B766A6E5DDC417B8FE16A0003D518E7",
        "name": "641dec92-7748-4231-9027-3054a94d7690*D52F7A44D2EB343758812ED9350F09578B766A6E5DDC417B8FE16A0003D518E7",
        "resourceId": "/subscriptions/ce1bff77-08c1-4199-b7a5-52194a42b6ce/resourceGroups/Communication-RG-4005/providers/Microsoft.Communication/emailServices/email-test2628/domains/domain-8090.com",
        "status": "Deleting",
        "startTime": "2023-03-17T07:13:20.5219267Z"
      }
    },
    {
      "RequestUri": "https://api-dogfood.resources.windows-int.net/subscriptions/ce1bff77-08c1-4199-b7a5-52194a42b6ce/providers/Microsoft.Communication/locations/CENTRALUS/operationStatuses/641dec92-7748-4231-9027-3054a94d7690*D52F7A44D2EB343758812ED9350F09578B766A6E5DDC417B8FE16A0003D518E7?api-version=2023-03-01-preview",
      "RequestMethod": "GET",
      "RequestHeaders": {
        "Authorization": "Sanitized",
        "traceparent": "00-2008566e8fcc342f18490d4aea6b2217-cb08112db9a577b1-00",
        "User-Agent": "azsdk-net-ResourceManager/1.4.0 (.NET 6.0.15; Microsoft Windows 10.0.22621)",
        "x-ms-client-request-id": "66a847f4de0a5a7cd688c223caa6b0f8",
        "x-ms-return-client-request-id": "true"
      },
      "RequestBody": null,
      "StatusCode": 202,
      "ResponseHeaders": {
        "Cache-Control": "no-cache",
        "Content-Length": "599",
        "Content-Type": "application/json; charset=utf-8",
        "Date": "Fri, 17 Mar 2023 07:13:21 GMT",
        "ETag": "\u00222803492d-0000-0700-0000-641413100000\u0022",
        "Expires": "-1",
        "Pragma": "no-cache",
        "Strict-Transport-Security": "max-age=31536000; includeSubDomains",
        "X-Cache": "CONFIG_NOCACHE",
        "X-Content-Type-Options": "nosniff",
        "x-ms-client-request-id": "66a847f4de0a5a7cd688c223caa6b0f8",
        "x-ms-correlation-request-id": "4d522a9e-d832-4cb6-a9c6-817534b7fdae",
        "x-ms-ratelimit-remaining-subscription-reads": "14908",
        "x-ms-request-id": "6b8f42e7-4689-4ce9-8589-fcd2865845e7",
        "x-ms-routing-request-id": "CENTRALUS:20230317T071322Z:4d522a9e-d832-4cb6-a9c6-817534b7fdae",
        "X-MSEdge-Ref": "Ref A: EDAABAC4F5064023A529E997CEBD36C9 Ref B: STBEDGE0514 Ref C: 2023-03-17T07:13:22Z"
      },
      "ResponseBody": {
        "id": "/subscriptions/ce1bff77-08c1-4199-b7a5-52194a42b6ce/providers/Microsoft.Communication/locations/CENTRALUS/operationStatuses/641dec92-7748-4231-9027-3054a94d7690*D52F7A44D2EB343758812ED9350F09578B766A6E5DDC417B8FE16A0003D518E7",
        "name": "641dec92-7748-4231-9027-3054a94d7690*D52F7A44D2EB343758812ED9350F09578B766A6E5DDC417B8FE16A0003D518E7",
        "resourceId": "/subscriptions/ce1bff77-08c1-4199-b7a5-52194a42b6ce/resourceGroups/Communication-RG-4005/providers/Microsoft.Communication/emailServices/email-test2628/domains/domain-8090.com",
        "status": "Deleting",
        "startTime": "2023-03-17T07:13:20.5219267Z"
      }
    },
    {
      "RequestUri": "https://api-dogfood.resources.windows-int.net/subscriptions/ce1bff77-08c1-4199-b7a5-52194a42b6ce/providers/Microsoft.Communication/locations/CENTRALUS/operationStatuses/641dec92-7748-4231-9027-3054a94d7690*D52F7A44D2EB343758812ED9350F09578B766A6E5DDC417B8FE16A0003D518E7?api-version=2023-03-01-preview",
      "RequestMethod": "GET",
      "RequestHeaders": {
        "Authorization": "Sanitized",
        "traceparent": "00-2008566e8fcc342f18490d4aea6b2217-44e14b34204cec4a-00",
        "User-Agent": "azsdk-net-ResourceManager/1.4.0 (.NET 6.0.15; Microsoft Windows 10.0.22621)",
        "x-ms-client-request-id": "68c23db0eabdf73e976ee405785217ab",
        "x-ms-return-client-request-id": "true"
      },
      "RequestBody": null,
      "StatusCode": 202,
      "ResponseHeaders": {
        "Cache-Control": "no-cache",
        "Content-Length": "599",
        "Content-Type": "application/json; charset=utf-8",
        "Date": "Fri, 17 Mar 2023 07:13:22 GMT",
        "ETag": "\u00222803492d-0000-0700-0000-641413100000\u0022",
        "Expires": "-1",
        "Pragma": "no-cache",
        "Strict-Transport-Security": "max-age=31536000; includeSubDomains",
        "X-Cache": "CONFIG_NOCACHE",
        "X-Content-Type-Options": "nosniff",
        "x-ms-client-request-id": "68c23db0eabdf73e976ee405785217ab",
        "x-ms-correlation-request-id": "93794fe4-5f57-4186-b39a-bcdba512dd1d",
        "x-ms-ratelimit-remaining-subscription-reads": "14907",
        "x-ms-request-id": "0ebe44d7-1374-477e-bb6e-9b57eab6cac5",
        "x-ms-routing-request-id": "CENTRALUS:20230317T071323Z:93794fe4-5f57-4186-b39a-bcdba512dd1d",
        "X-MSEdge-Ref": "Ref A: 433960B2C4E749B38BE5D417405263DD Ref B: STBEDGE0514 Ref C: 2023-03-17T07:13:23Z"
      },
      "ResponseBody": {
        "id": "/subscriptions/ce1bff77-08c1-4199-b7a5-52194a42b6ce/providers/Microsoft.Communication/locations/CENTRALUS/operationStatuses/641dec92-7748-4231-9027-3054a94d7690*D52F7A44D2EB343758812ED9350F09578B766A6E5DDC417B8FE16A0003D518E7",
        "name": "641dec92-7748-4231-9027-3054a94d7690*D52F7A44D2EB343758812ED9350F09578B766A6E5DDC417B8FE16A0003D518E7",
        "resourceId": "/subscriptions/ce1bff77-08c1-4199-b7a5-52194a42b6ce/resourceGroups/Communication-RG-4005/providers/Microsoft.Communication/emailServices/email-test2628/domains/domain-8090.com",
        "status": "Deleting",
        "startTime": "2023-03-17T07:13:20.5219267Z"
      }
    },
    {
      "RequestUri": "https://api-dogfood.resources.windows-int.net/subscriptions/ce1bff77-08c1-4199-b7a5-52194a42b6ce/providers/Microsoft.Communication/locations/CENTRALUS/operationStatuses/641dec92-7748-4231-9027-3054a94d7690*D52F7A44D2EB343758812ED9350F09578B766A6E5DDC417B8FE16A0003D518E7?api-version=2023-03-01-preview",
      "RequestMethod": "GET",
      "RequestHeaders": {
        "Authorization": "Sanitized",
        "traceparent": "00-2008566e8fcc342f18490d4aea6b2217-c805214ff40d1212-00",
        "User-Agent": "azsdk-net-ResourceManager/1.4.0 (.NET 6.0.15; Microsoft Windows 10.0.22621)",
        "x-ms-client-request-id": "f0572fa50ae98485e6d38288bd37fa85",
        "x-ms-return-client-request-id": "true"
      },
      "RequestBody": null,
      "StatusCode": 202,
      "ResponseHeaders": {
        "Cache-Control": "no-cache",
        "Content-Length": "599",
        "Content-Type": "application/json; charset=utf-8",
        "Date": "Fri, 17 Mar 2023 07:13:23 GMT",
        "ETag": "\u00222803492d-0000-0700-0000-641413100000\u0022",
        "Expires": "-1",
        "Pragma": "no-cache",
        "Strict-Transport-Security": "max-age=31536000; includeSubDomains",
        "X-Cache": "CONFIG_NOCACHE",
        "X-Content-Type-Options": "nosniff",
        "x-ms-client-request-id": "f0572fa50ae98485e6d38288bd37fa85",
        "x-ms-correlation-request-id": "34ad7505-25c6-48e0-b532-a6fb4734e433",
        "x-ms-ratelimit-remaining-subscription-reads": "14906",
        "x-ms-request-id": "c83560ef-0171-48dd-b36b-b7c8cd08f4a9",
        "x-ms-routing-request-id": "CENTRALUS:20230317T071324Z:34ad7505-25c6-48e0-b532-a6fb4734e433",
        "X-MSEdge-Ref": "Ref A: 73883B67CFB74464BF8CA6181BCF242E Ref B: STBEDGE0514 Ref C: 2023-03-17T07:13:24Z"
      },
      "ResponseBody": {
        "id": "/subscriptions/ce1bff77-08c1-4199-b7a5-52194a42b6ce/providers/Microsoft.Communication/locations/CENTRALUS/operationStatuses/641dec92-7748-4231-9027-3054a94d7690*D52F7A44D2EB343758812ED9350F09578B766A6E5DDC417B8FE16A0003D518E7",
        "name": "641dec92-7748-4231-9027-3054a94d7690*D52F7A44D2EB343758812ED9350F09578B766A6E5DDC417B8FE16A0003D518E7",
        "resourceId": "/subscriptions/ce1bff77-08c1-4199-b7a5-52194a42b6ce/resourceGroups/Communication-RG-4005/providers/Microsoft.Communication/emailServices/email-test2628/domains/domain-8090.com",
        "status": "Deleting",
        "startTime": "2023-03-17T07:13:20.5219267Z"
      }
    },
    {
      "RequestUri": "https://api-dogfood.resources.windows-int.net/subscriptions/ce1bff77-08c1-4199-b7a5-52194a42b6ce/providers/Microsoft.Communication/locations/CENTRALUS/operationStatuses/641dec92-7748-4231-9027-3054a94d7690*D52F7A44D2EB343758812ED9350F09578B766A6E5DDC417B8FE16A0003D518E7?api-version=2023-03-01-preview",
      "RequestMethod": "GET",
      "RequestHeaders": {
        "Authorization": "Sanitized",
        "traceparent": "00-2008566e8fcc342f18490d4aea6b2217-1a81b9303bf41bf6-00",
        "User-Agent": "azsdk-net-ResourceManager/1.4.0 (.NET 6.0.15; Microsoft Windows 10.0.22621)",
        "x-ms-client-request-id": "4379298d15ec0a5509b0ce9bf976e283",
        "x-ms-return-client-request-id": "true"
      },
      "RequestBody": null,
      "StatusCode": 202,
      "ResponseHeaders": {
        "Cache-Control": "no-cache",
        "Content-Length": "599",
        "Content-Type": "application/json; charset=utf-8",
        "Date": "Fri, 17 Mar 2023 07:13:26 GMT",
        "ETag": "\u00222803492d-0000-0700-0000-641413100000\u0022",
        "Expires": "-1",
        "Pragma": "no-cache",
        "Strict-Transport-Security": "max-age=31536000; includeSubDomains",
        "X-Cache": "CONFIG_NOCACHE",
        "X-Content-Type-Options": "nosniff",
        "x-ms-client-request-id": "4379298d15ec0a5509b0ce9bf976e283",
        "x-ms-correlation-request-id": "dff5868f-0ae2-4fe9-8052-7a515dc35e0f",
        "x-ms-ratelimit-remaining-subscription-reads": "14905",
        "x-ms-request-id": "a6ae2e30-6917-464e-b7a4-7eb03f5a4399",
        "x-ms-routing-request-id": "CENTRALUS:20230317T071326Z:dff5868f-0ae2-4fe9-8052-7a515dc35e0f",
        "X-MSEdge-Ref": "Ref A: 66DC51385BCF40EAB26C028816BFB7DD Ref B: STBEDGE0514 Ref C: 2023-03-17T07:13:26Z"
      },
      "ResponseBody": {
        "id": "/subscriptions/ce1bff77-08c1-4199-b7a5-52194a42b6ce/providers/Microsoft.Communication/locations/CENTRALUS/operationStatuses/641dec92-7748-4231-9027-3054a94d7690*D52F7A44D2EB343758812ED9350F09578B766A6E5DDC417B8FE16A0003D518E7",
        "name": "641dec92-7748-4231-9027-3054a94d7690*D52F7A44D2EB343758812ED9350F09578B766A6E5DDC417B8FE16A0003D518E7",
        "resourceId": "/subscriptions/ce1bff77-08c1-4199-b7a5-52194a42b6ce/resourceGroups/Communication-RG-4005/providers/Microsoft.Communication/emailServices/email-test2628/domains/domain-8090.com",
        "status": "Deleting",
        "startTime": "2023-03-17T07:13:20.5219267Z"
      }
    },
    {
      "RequestUri": "https://api-dogfood.resources.windows-int.net/subscriptions/ce1bff77-08c1-4199-b7a5-52194a42b6ce/providers/Microsoft.Communication/locations/CENTRALUS/operationStatuses/641dec92-7748-4231-9027-3054a94d7690*D52F7A44D2EB343758812ED9350F09578B766A6E5DDC417B8FE16A0003D518E7?api-version=2023-03-01-preview",
      "RequestMethod": "GET",
      "RequestHeaders": {
        "Authorization": "Sanitized",
        "traceparent": "00-2008566e8fcc342f18490d4aea6b2217-52e7285004657429-00",
        "User-Agent": "azsdk-net-ResourceManager/1.4.0 (.NET 6.0.15; Microsoft Windows 10.0.22621)",
        "x-ms-client-request-id": "9a7e1670c04ea50fb83e82e968b53960",
        "x-ms-return-client-request-id": "true"
      },
      "RequestBody": null,
      "StatusCode": 202,
      "ResponseHeaders": {
        "Cache-Control": "no-cache",
        "Content-Length": "599",
        "Content-Type": "application/json; charset=utf-8",
        "Date": "Fri, 17 Mar 2023 07:13:30 GMT",
        "ETag": "\u00222803492d-0000-0700-0000-641413100000\u0022",
        "Expires": "-1",
        "Pragma": "no-cache",
        "Strict-Transport-Security": "max-age=31536000; includeSubDomains",
        "X-Cache": "CONFIG_NOCACHE",
        "X-Content-Type-Options": "nosniff",
        "x-ms-client-request-id": "9a7e1670c04ea50fb83e82e968b53960",
        "x-ms-correlation-request-id": "6aa39e76-bf76-461e-8823-f0ee3d3ffa66",
        "x-ms-ratelimit-remaining-subscription-reads": "14904",
        "x-ms-request-id": "84dd78d2-4ad4-460f-9a26-12e99f11ac62",
        "x-ms-routing-request-id": "CENTRALUS:20230317T071330Z:6aa39e76-bf76-461e-8823-f0ee3d3ffa66",
        "X-MSEdge-Ref": "Ref A: 8DB4ACC3414E4E438361E89B1DDC9875 Ref B: STBEDGE0514 Ref C: 2023-03-17T07:13:30Z"
      },
      "ResponseBody": {
        "id": "/subscriptions/ce1bff77-08c1-4199-b7a5-52194a42b6ce/providers/Microsoft.Communication/locations/CENTRALUS/operationStatuses/641dec92-7748-4231-9027-3054a94d7690*D52F7A44D2EB343758812ED9350F09578B766A6E5DDC417B8FE16A0003D518E7",
        "name": "641dec92-7748-4231-9027-3054a94d7690*D52F7A44D2EB343758812ED9350F09578B766A6E5DDC417B8FE16A0003D518E7",
        "resourceId": "/subscriptions/ce1bff77-08c1-4199-b7a5-52194a42b6ce/resourceGroups/Communication-RG-4005/providers/Microsoft.Communication/emailServices/email-test2628/domains/domain-8090.com",
        "status": "Deleting",
        "startTime": "2023-03-17T07:13:20.5219267Z"
      }
    },
    {
      "RequestUri": "https://api-dogfood.resources.windows-int.net/subscriptions/ce1bff77-08c1-4199-b7a5-52194a42b6ce/providers/Microsoft.Communication/locations/CENTRALUS/operationStatuses/641dec92-7748-4231-9027-3054a94d7690*D52F7A44D2EB343758812ED9350F09578B766A6E5DDC417B8FE16A0003D518E7?api-version=2023-03-01-preview",
      "RequestMethod": "GET",
      "RequestHeaders": {
        "Authorization": "Sanitized",
        "traceparent": "00-2008566e8fcc342f18490d4aea6b2217-143185bf2992a74e-00",
        "User-Agent": "azsdk-net-ResourceManager/1.4.0 (.NET 6.0.15; Microsoft Windows 10.0.22621)",
        "x-ms-client-request-id": "4e785e74d3d890beda4de7383ce98a6f",
        "x-ms-return-client-request-id": "true"
      },
      "RequestBody": null,
      "StatusCode": 202,
      "ResponseHeaders": {
        "Cache-Control": "no-cache",
        "Content-Length": "599",
        "Content-Type": "application/json; charset=utf-8",
        "Date": "Fri, 17 Mar 2023 07:13:38 GMT",
        "ETag": "\u00222803492d-0000-0700-0000-641413100000\u0022",
        "Expires": "-1",
        "Pragma": "no-cache",
        "Strict-Transport-Security": "max-age=31536000; includeSubDomains",
        "X-Cache": "CONFIG_NOCACHE",
        "X-Content-Type-Options": "nosniff",
        "x-ms-client-request-id": "4e785e74d3d890beda4de7383ce98a6f",
        "x-ms-correlation-request-id": "40e7a2bb-082d-40e9-a6b5-aa5117990c49",
        "x-ms-ratelimit-remaining-subscription-reads": "14903",
        "x-ms-request-id": "5042229f-0ca9-4532-a05c-853285876bcc",
        "x-ms-routing-request-id": "CENTRALUS:20230317T071339Z:40e7a2bb-082d-40e9-a6b5-aa5117990c49",
        "X-MSEdge-Ref": "Ref A: 6C6FA4ADA94B481D822A77BA7A32CA03 Ref B: STBEDGE0514 Ref C: 2023-03-17T07:13:38Z"
      },
      "ResponseBody": {
        "id": "/subscriptions/ce1bff77-08c1-4199-b7a5-52194a42b6ce/providers/Microsoft.Communication/locations/CENTRALUS/operationStatuses/641dec92-7748-4231-9027-3054a94d7690*D52F7A44D2EB343758812ED9350F09578B766A6E5DDC417B8FE16A0003D518E7",
        "name": "641dec92-7748-4231-9027-3054a94d7690*D52F7A44D2EB343758812ED9350F09578B766A6E5DDC417B8FE16A0003D518E7",
        "resourceId": "/subscriptions/ce1bff77-08c1-4199-b7a5-52194a42b6ce/resourceGroups/Communication-RG-4005/providers/Microsoft.Communication/emailServices/email-test2628/domains/domain-8090.com",
        "status": "Deleting",
        "startTime": "2023-03-17T07:13:20.5219267Z"
      }
    },
    {
      "RequestUri": "https://api-dogfood.resources.windows-int.net/subscriptions/ce1bff77-08c1-4199-b7a5-52194a42b6ce/providers/Microsoft.Communication/locations/CENTRALUS/operationStatuses/641dec92-7748-4231-9027-3054a94d7690*D52F7A44D2EB343758812ED9350F09578B766A6E5DDC417B8FE16A0003D518E7?api-version=2023-03-01-preview",
      "RequestMethod": "GET",
      "RequestHeaders": {
        "Authorization": "Sanitized",
        "traceparent": "00-2008566e8fcc342f18490d4aea6b2217-c8ba6d211d3e84ff-00",
        "User-Agent": "azsdk-net-ResourceManager/1.4.0 (.NET 6.0.15; Microsoft Windows 10.0.22621)",
        "x-ms-client-request-id": "a617fef160b8cd361ad38aae926ca153",
        "x-ms-return-client-request-id": "true"
      },
      "RequestBody": null,
      "StatusCode": 202,
      "ResponseHeaders": {
        "Cache-Control": "no-cache",
        "Content-Length": "599",
        "Content-Type": "application/json; charset=utf-8",
        "Date": "Fri, 17 Mar 2023 07:13:54 GMT",
        "ETag": "\u00222803492d-0000-0700-0000-641413100000\u0022",
        "Expires": "-1",
        "Pragma": "no-cache",
        "Strict-Transport-Security": "max-age=31536000; includeSubDomains",
        "X-Cache": "CONFIG_NOCACHE",
        "X-Content-Type-Options": "nosniff",
        "x-ms-client-request-id": "a617fef160b8cd361ad38aae926ca153",
        "x-ms-correlation-request-id": "55b5e10f-d8d5-4896-a800-7701a14e1f93",
        "x-ms-ratelimit-remaining-subscription-reads": "14902",
        "x-ms-request-id": "dc80f3f3-dd7b-466d-8c88-8a38ba071d98",
        "x-ms-routing-request-id": "CENTRALUS:20230317T071355Z:55b5e10f-d8d5-4896-a800-7701a14e1f93",
        "X-MSEdge-Ref": "Ref A: 5F61BC9DFCFD428B9E89A29193CFF28D Ref B: STBEDGE0514 Ref C: 2023-03-17T07:13:55Z"
      },
      "ResponseBody": {
        "id": "/subscriptions/ce1bff77-08c1-4199-b7a5-52194a42b6ce/providers/Microsoft.Communication/locations/CENTRALUS/operationStatuses/641dec92-7748-4231-9027-3054a94d7690*D52F7A44D2EB343758812ED9350F09578B766A6E5DDC417B8FE16A0003D518E7",
        "name": "641dec92-7748-4231-9027-3054a94d7690*D52F7A44D2EB343758812ED9350F09578B766A6E5DDC417B8FE16A0003D518E7",
        "resourceId": "/subscriptions/ce1bff77-08c1-4199-b7a5-52194a42b6ce/resourceGroups/Communication-RG-4005/providers/Microsoft.Communication/emailServices/email-test2628/domains/domain-8090.com",
        "status": "Deleting",
        "startTime": "2023-03-17T07:13:20.5219267Z"
      }
    },
    {
      "RequestUri": "https://api-dogfood.resources.windows-int.net/subscriptions/ce1bff77-08c1-4199-b7a5-52194a42b6ce/providers/Microsoft.Communication/locations/CENTRALUS/operationStatuses/641dec92-7748-4231-9027-3054a94d7690*D52F7A44D2EB343758812ED9350F09578B766A6E5DDC417B8FE16A0003D518E7?api-version=2023-03-01-preview",
      "RequestMethod": "GET",
      "RequestHeaders": {
        "Authorization": "Sanitized",
        "traceparent": "00-2008566e8fcc342f18490d4aea6b2217-afa4cd3cc33aed6d-00",
        "User-Agent": "azsdk-net-ResourceManager/1.4.0 (.NET 6.0.15; Microsoft Windows 10.0.22621)",
        "x-ms-client-request-id": "9b276e7694fe9dab57eec001d9d669cf",
        "x-ms-return-client-request-id": "true"
      },
      "RequestBody": null,
      "StatusCode": 200,
      "ResponseHeaders": {
        "Cache-Control": "no-cache",
        "Content-Length": "618",
        "Content-Type": "application/json; charset=utf-8",
        "Date": "Fri, 17 Mar 2023 07:14:27 GMT",
        "ETag": "\u00222803a638-0000-0700-0000-641413520000\u0022",
        "Expires": "-1",
        "Pragma": "no-cache",
        "Strict-Transport-Security": "max-age=31536000; includeSubDomains",
        "X-Cache": "CONFIG_NOCACHE",
        "X-Content-Type-Options": "nosniff",
        "x-ms-client-request-id": "9b276e7694fe9dab57eec001d9d669cf",
        "x-ms-correlation-request-id": "93612239-5a0c-4991-9041-edacd1ca19aa",
        "x-ms-ratelimit-remaining-subscription-reads": "14793",
        "x-ms-request-id": "b37d72e3-93cf-40d1-b41b-dd65354e907a",
        "x-ms-routing-request-id": "CENTRALUS:20230317T071428Z:93612239-5a0c-4991-9041-edacd1ca19aa",
        "X-MSEdge-Ref": "Ref A: 9263B8DF7E814DDBA0A2BBCC099E2A7E Ref B: STBEDGE0514 Ref C: 2023-03-17T07:14:27Z"
      },
      "ResponseBody": {
        "id": "/subscriptions/ce1bff77-08c1-4199-b7a5-52194a42b6ce/providers/Microsoft.Communication/locations/CENTRALUS/operationStatuses/641dec92-7748-4231-9027-3054a94d7690*D52F7A44D2EB343758812ED9350F09578B766A6E5DDC417B8FE16A0003D518E7",
        "name": "641dec92-7748-4231-9027-3054a94d7690*D52F7A44D2EB343758812ED9350F09578B766A6E5DDC417B8FE16A0003D518E7",
        "resourceId": "/subscriptions/ce1bff77-08c1-4199-b7a5-52194a42b6ce/resourceGroups/Communication-RG-4005/providers/Microsoft.Communication/emailServices/email-test2628/domains/domain-8090.com",
        "status": "Succeeded",
        "startTime": "2023-03-17T07:13:20.5219267Z",
        "properties": null
      }
    }
  ],
  "Variables": {
    "AZURE_AUTHORITY_HOST": "https://login.windows-ppe.net/",
    "RandomSeed": "854719960",
    "RESOURCE_MANAGER_URL": "https://api-dogfood.resources.windows-int.net/",
    "SUBSCRIPTION_ID": "ce1bff77-08c1-4199-b7a5-52194a42b6ce"
  }
}
