{
  "Entries": [
    {
      "RequestUri": "https://api-dogfood.resources.windows-int.net/subscriptions/ce1bff77-08c1-4199-b7a5-52194a42b6ce/resourcegroups/Communication-RG-1905?api-version=**",
      "RequestMethod": "GET",
      "RequestHeaders": {
        "Accept": "application/json",
        "Authorization": "Sanitized",
        "traceparent": "00-e82f8f36e7a389b405d3075a9310c5a7-cb6743f22f056239-00",
        "User-Agent": "azsdk-net-ResourceManager/1.4.0 (.NET 6.0.15; Microsoft Windows 10.0.22621)",
        "x-ms-client-request-id": "ef57080c69a3d6b787d9907fda61f480",
        "x-ms-return-client-request-id": "true"
      },
      "RequestBody": null,
      "StatusCode": 200,
      "ResponseHeaders": {
        "Cache-Control": "no-cache",
        "Content-Length": "239",
        "Content-Type": "application/json; charset=utf-8",
        "Date": "Mon, 20 Mar 2023 00:39:19 GMT",
        "Expires": "-1",
        "Pragma": "no-cache",
        "Strict-Transport-Security": "max-age=31536000; includeSubDomains",
        "X-Cache": "CONFIG_NOCACHE",
        "X-Content-Type-Options": "nosniff",
        "x-ms-correlation-request-id": "ef9199ca-bbd1-4b90-babf-f20336d128a3",
        "x-ms-ratelimit-remaining-subscription-reads": "14987",
        "x-ms-request-id": "ef9199ca-bbd1-4b90-babf-f20336d128a3",
        "x-ms-routing-request-id": "CENTRALUS:20230320T003919Z:ef9199ca-bbd1-4b90-babf-f20336d128a3",
        "X-MSEdge-Ref": "Ref A: 4E20C6424175430FB1BC6BD8BF239C86 Ref B: STBEDGE0209 Ref C: 2023-03-20T00:39:19Z"
      },
      "ResponseBody": {
        "id": "/subscriptions/ce1bff77-08c1-4199-b7a5-52194a42b6ce/resourceGroups/Communication-RG-1905",
        "name": "Communication-RG-1905",
        "type": "Microsoft.Resources/resourceGroups",
        "location": "westus",
        "properties": {
          "provisioningState": "Succeeded"
        }
      }
    },
    {
      "RequestUri": "https://api-dogfood.resources.windows-int.net/subscriptions/ce1bff77-08c1-4199-b7a5-52194a42b6ce/resourceGroups/Communication-RG-1905/providers/Microsoft.Communication/emailServices/email-test5186?api-version=2023-03-01-preview",
      "RequestMethod": "GET",
      "RequestHeaders": {
        "Accept": "application/json",
        "Authorization": "Sanitized",
        "traceparent": "00-20b01b9c0395c8fbd0b0c0cf282c6dfe-8f28c7cabc9cc131-00",
        "User-Agent": "azsdk-net-ResourceManager.Communication/1.1.0-alpha.20230319.1 (.NET 6.0.15; Microsoft Windows 10.0.22621)",
        "x-ms-client-request-id": "a2c0ab9f57d0c876e305125d9784ca2c",
        "x-ms-return-client-request-id": "true"
      },
      "RequestBody": null,
      "StatusCode": 200,
      "ResponseHeaders": {
        "Cache-Control": "no-cache",
        "Content-Length": "616",
        "Content-Type": "application/json; charset=utf-8",
        "Date": "Mon, 20 Mar 2023 00:39:19 GMT",
        "ETag": "\u00223301a8d4-0000-0700-0000-6417a7280000\u0022",
        "Expires": "-1",
        "Pragma": "no-cache",
        "Strict-Transport-Security": "max-age=31536000; includeSubDomains",
        "X-Cache": "CONFIG_NOCACHE",
        "X-Content-Type-Options": "nosniff",
        "x-ms-client-request-id": "a2c0ab9f57d0c876e305125d9784ca2c",
        "x-ms-correlation-request-id": "a6f4119e-32f5-4481-b0b0-dfe666702893",
        "x-ms-providerhub-traffic": "True",
        "x-ms-ratelimit-remaining-subscription-reads": "14986",
        "x-ms-request-id": "16e75d37-2d6e-47a4-9c5d-8ef3ca36248b",
        "x-ms-routing-request-id": "CENTRALUS:20230320T003920Z:a6f4119e-32f5-4481-b0b0-dfe666702893",
        "X-MSEdge-Ref": "Ref A: 57369981D45A48A8A0459BB0706908FB Ref B: STBEDGE0209 Ref C: 2023-03-20T00:39:20Z"
      },
      "ResponseBody": {
        "id": "/subscriptions/ce1bff77-08c1-4199-b7a5-52194a42b6ce/resourceGroups/Communication-RG-1905/providers/Microsoft.Communication/emailServices/email-test5186",
        "name": "email-test5186",
        "type": "microsoft.communication/emailservices",
        "location": "global",
        "tags": {},
        "systemData": {
          "createdBy": "dd5e080b-9821-4976-9ab1-c95d8cc8eafa",
          "createdByType": "Application",
          "createdAt": "2023-03-20T00:21:53.5252941Z",
          "lastModifiedBy": "dd5e080b-9821-4976-9ab1-c95d8cc8eafa",
          "lastModifiedByType": "Application",
          "lastModifiedAt": "2023-03-20T00:21:53.5252941Z"
        },
        "properties": {
          "provisioningState": "Succeeded",
          "dataLocation": "UnitedStates"
        }
      }
    },
    {
      "RequestUri": "https://api-dogfood.resources.windows-int.net/subscriptions/ce1bff77-08c1-4199-b7a5-52194a42b6ce/resourceGroups/Communication-RG-1905/providers/Microsoft.Communication/emailServices/email-test5186/domains/domain-1226.com?api-version=2023-03-01-preview",
      "RequestMethod": "PUT",
      "RequestHeaders": {
        "Accept": "application/json",
        "Authorization": "Sanitized",
        "Content-Length": "83",
        "Content-Type": "application/json",
        "traceparent": "00-a18a9a9a05fbb1f7725233123bbb2878-3e67bcf79efb7f87-00",
        "User-Agent": "azsdk-net-ResourceManager.Communication/1.1.0-alpha.20230319.1 (.NET 6.0.15; Microsoft Windows 10.0.22621)",
        "x-ms-client-request-id": "4a29a0b15863b1c93234aa7e4f631354",
        "x-ms-return-client-request-id": "true"
      },
      "RequestBody": {
        "tags": {},
        "location": "global",
        "properties": {
          "domainManagement": "CustomerManaged"
        }
      },
      "StatusCode": 201,
      "ResponseHeaders": {
        "Azure-AsyncNotification": "Enabled",
        "Azure-AsyncOperation": "https://api-dogfood.resources.windows-int.net/subscriptions/ce1bff77-08c1-4199-b7a5-52194a42b6ce/providers/Microsoft.Communication/locations/CENTRALUS/operationStatuses/201ed626-205b-4e4d-a60d-571a477be081*7A2769DAED2105143BFAAD7264EEEC353C00A7E1E7944090DA1F61F4ECDB0AF7?api-version=2023-03-01-preview",
        "Cache-Control": "no-cache",
        "Content-Length": "655",
        "Content-Type": "application/json; charset=utf-8",
        "Date": "Mon, 20 Mar 2023 00:39:20 GMT",
        "ETag": "\u002286004f5a-0000-0700-0000-6417ab380000\u0022",
        "Expires": "-1",
        "mise-correlation-id": "0302241b-7421-44b2-ad6d-30dd15e7784f",
        "Pragma": "no-cache",
        "Request-Context": "appId=",
        "Strict-Transport-Security": "max-age=31536000; includeSubDomains",
        "X-Cache": "CONFIG_NOCACHE",
        "X-Content-Type-Options": "nosniff",
        "x-ms-client-request-id": "4a29a0b15863b1c93234aa7e4f631354",
        "x-ms-correlation-request-id": "a88fcf63-d620-44d6-bba1-6c85b868ab8f",
        "x-ms-providerhub-traffic": "True",
        "x-ms-ratelimit-remaining-subscription-writes": "1198",
        "x-ms-request-id": "201ed626-205b-4e4d-a60d-571a477be081",
        "x-ms-resource-provider-hint": "noPolling",
        "x-ms-routing-request-id": "CENTRALUS:20230320T003921Z:a88fcf63-d620-44d6-bba1-6c85b868ab8f",
        "X-MSEdge-Ref": "Ref A: D75CA62F37494525922F7F9EA177F6C5 Ref B: STBEDGE0209 Ref C: 2023-03-20T00:39:20Z"
      },
      "ResponseBody": {
        "id": "/subscriptions/ce1bff77-08c1-4199-b7a5-52194a42b6ce/resourceGroups/Communication-RG-1905/providers/Microsoft.Communication/emailServices/email-test5186/domains/domain-1226.com",
        "name": "domain-1226.com",
        "type": "microsoft.communication/emailservices/domains",
        "location": "global",
        "tags": {},
        "systemData": {
          "createdBy": "dd5e080b-9821-4976-9ab1-c95d8cc8eafa",
          "createdByType": "Application",
          "createdAt": "2023-03-20T00:39:20.4203632Z",
          "lastModifiedBy": "dd5e080b-9821-4976-9ab1-c95d8cc8eafa",
          "lastModifiedByType": "Application",
          "lastModifiedAt": "2023-03-20T00:39:20.4203632Z"
        },
        "properties": {
          "domainManagement": "CustomerManaged",
          "provisioningState": "Accepted"
        }
      }
    },
    {
      "RequestUri": "https://api-dogfood.resources.windows-int.net/subscriptions/ce1bff77-08c1-4199-b7a5-52194a42b6ce/providers/Microsoft.Communication/locations/CENTRALUS/operationStatuses/201ed626-205b-4e4d-a60d-571a477be081*7A2769DAED2105143BFAAD7264EEEC353C00A7E1E7944090DA1F61F4ECDB0AF7?api-version=2023-03-01-preview",
      "RequestMethod": "GET",
      "RequestHeaders": {
        "Authorization": "Sanitized",
        "traceparent": "00-a18a9a9a05fbb1f7725233123bbb2878-a2fafa2725ec0188-00",
        "User-Agent": "azsdk-net-ResourceManager/1.4.0 (.NET 6.0.15; Microsoft Windows 10.0.22621)",
        "x-ms-client-request-id": "c128b66435ca533bf7f09e23cb4a94a1",
        "x-ms-return-client-request-id": "true"
      },
      "RequestBody": null,
      "StatusCode": 200,
      "ResponseHeaders": {
        "Cache-Control": "no-cache",
        "Content-Length": "599",
        "Content-Type": "application/json; charset=utf-8",
        "Date": "Mon, 20 Mar 2023 00:39:20 GMT",
        "ETag": "\u0022ca037041-0000-0700-0000-6417ab380000\u0022",
        "Expires": "-1",
        "Pragma": "no-cache",
        "Strict-Transport-Security": "max-age=31536000; includeSubDomains",
        "X-Cache": "CONFIG_NOCACHE",
        "X-Content-Type-Options": "nosniff",
        "x-ms-client-request-id": "c128b66435ca533bf7f09e23cb4a94a1",
        "x-ms-correlation-request-id": "1e58c54e-ba20-4d32-869b-98cf0c8fdac3",
        "x-ms-ratelimit-remaining-subscription-reads": "14985",
        "x-ms-request-id": "a9eafe83-83a6-43b9-a81e-2b496371b46b",
        "x-ms-routing-request-id": "CENTRALUS:20230320T003921Z:1e58c54e-ba20-4d32-869b-98cf0c8fdac3",
        "X-MSEdge-Ref": "Ref A: 12582CCFD2804C6A8DA41E408CDC3D03 Ref B: STBEDGE0209 Ref C: 2023-03-20T00:39:21Z"
      },
      "ResponseBody": {
        "id": "/subscriptions/ce1bff77-08c1-4199-b7a5-52194a42b6ce/providers/Microsoft.Communication/locations/CENTRALUS/operationStatuses/201ed626-205b-4e4d-a60d-571a477be081*7A2769DAED2105143BFAAD7264EEEC353C00A7E1E7944090DA1F61F4ECDB0AF7",
        "name": "201ed626-205b-4e4d-a60d-571a477be081*7A2769DAED2105143BFAAD7264EEEC353C00A7E1E7944090DA1F61F4ECDB0AF7",
        "resourceId": "/subscriptions/ce1bff77-08c1-4199-b7a5-52194a42b6ce/resourceGroups/Communication-RG-1905/providers/Microsoft.Communication/emailServices/email-test5186/domains/domain-1226.com",
        "status": "Accepted",
        "startTime": "2023-03-20T00:39:20.6215428Z"
      }
    },
    {
      "RequestUri": "https://api-dogfood.resources.windows-int.net/subscriptions/ce1bff77-08c1-4199-b7a5-52194a42b6ce/providers/Microsoft.Communication/locations/CENTRALUS/operationStatuses/201ed626-205b-4e4d-a60d-571a477be081*7A2769DAED2105143BFAAD7264EEEC353C00A7E1E7944090DA1F61F4ECDB0AF7?api-version=2023-03-01-preview",
      "RequestMethod": "GET",
      "RequestHeaders": {
        "Authorization": "Sanitized",
        "traceparent": "00-a18a9a9a05fbb1f7725233123bbb2878-a53de42eaed1683a-00",
        "User-Agent": "azsdk-net-ResourceManager/1.4.0 (.NET 6.0.15; Microsoft Windows 10.0.22621)",
        "x-ms-client-request-id": "53c008ff9bf719a1eb97bc56ba7357f3",
        "x-ms-return-client-request-id": "true"
      },
      "RequestBody": null,
      "StatusCode": 200,
      "ResponseHeaders": {
        "Cache-Control": "no-cache",
        "Content-Length": "599",
        "Content-Type": "application/json; charset=utf-8",
        "Date": "Mon, 20 Mar 2023 00:39:21 GMT",
        "ETag": "\u0022ca037041-0000-0700-0000-6417ab380000\u0022",
        "Expires": "-1",
        "Pragma": "no-cache",
        "Strict-Transport-Security": "max-age=31536000; includeSubDomains",
        "X-Cache": "CONFIG_NOCACHE",
        "X-Content-Type-Options": "nosniff",
        "x-ms-client-request-id": "53c008ff9bf719a1eb97bc56ba7357f3",
        "x-ms-correlation-request-id": "6141fec6-4651-4fbd-93c4-b8e9e76a66c9",
        "x-ms-ratelimit-remaining-subscription-reads": "14984",
        "x-ms-request-id": "a6320482-6799-44d4-bb99-7808b74ac414",
        "x-ms-routing-request-id": "CENTRALUS:20230320T003922Z:6141fec6-4651-4fbd-93c4-b8e9e76a66c9",
        "X-MSEdge-Ref": "Ref A: 515D7D7F17924A06AD4613EE9610860D Ref B: STBEDGE0209 Ref C: 2023-03-20T00:39:22Z"
      },
      "ResponseBody": {
        "id": "/subscriptions/ce1bff77-08c1-4199-b7a5-52194a42b6ce/providers/Microsoft.Communication/locations/CENTRALUS/operationStatuses/201ed626-205b-4e4d-a60d-571a477be081*7A2769DAED2105143BFAAD7264EEEC353C00A7E1E7944090DA1F61F4ECDB0AF7",
        "name": "201ed626-205b-4e4d-a60d-571a477be081*7A2769DAED2105143BFAAD7264EEEC353C00A7E1E7944090DA1F61F4ECDB0AF7",
        "resourceId": "/subscriptions/ce1bff77-08c1-4199-b7a5-52194a42b6ce/resourceGroups/Communication-RG-1905/providers/Microsoft.Communication/emailServices/email-test5186/domains/domain-1226.com",
        "status": "Accepted",
        "startTime": "2023-03-20T00:39:20.6215428Z"
      }
    },
    {
      "RequestUri": "https://api-dogfood.resources.windows-int.net/subscriptions/ce1bff77-08c1-4199-b7a5-52194a42b6ce/providers/Microsoft.Communication/locations/CENTRALUS/operationStatuses/201ed626-205b-4e4d-a60d-571a477be081*7A2769DAED2105143BFAAD7264EEEC353C00A7E1E7944090DA1F61F4ECDB0AF7?api-version=2023-03-01-preview",
      "RequestMethod": "GET",
      "RequestHeaders": {
        "Authorization": "Sanitized",
        "traceparent": "00-a18a9a9a05fbb1f7725233123bbb2878-f9be27a2e442d6c3-00",
        "User-Agent": "azsdk-net-ResourceManager/1.4.0 (.NET 6.0.15; Microsoft Windows 10.0.22621)",
        "x-ms-client-request-id": "991a9a31513ba18af57f9936f990c644",
        "x-ms-return-client-request-id": "true"
      },
      "RequestBody": null,
      "StatusCode": 200,
      "ResponseHeaders": {
        "Cache-Control": "no-cache",
        "Content-Length": "599",
        "Content-Type": "application/json; charset=utf-8",
        "Date": "Mon, 20 Mar 2023 00:39:23 GMT",
        "ETag": "\u0022ca037041-0000-0700-0000-6417ab380000\u0022",
        "Expires": "-1",
        "Pragma": "no-cache",
        "Strict-Transport-Security": "max-age=31536000; includeSubDomains",
        "X-Cache": "CONFIG_NOCACHE",
        "X-Content-Type-Options": "nosniff",
        "x-ms-client-request-id": "991a9a31513ba18af57f9936f990c644",
        "x-ms-correlation-request-id": "b59e995a-2156-4b56-85e4-5eba900ed43f",
        "x-ms-ratelimit-remaining-subscription-reads": "14983",
        "x-ms-request-id": "c186d817-cb06-460a-8366-1c0b3c9d6483",
        "x-ms-routing-request-id": "CENTRALUS:20230320T003923Z:b59e995a-2156-4b56-85e4-5eba900ed43f",
        "X-MSEdge-Ref": "Ref A: 9C13387772C24EA0934A5CB4EBB9832C Ref B: STBEDGE0209 Ref C: 2023-03-20T00:39:23Z"
      },
      "ResponseBody": {
        "id": "/subscriptions/ce1bff77-08c1-4199-b7a5-52194a42b6ce/providers/Microsoft.Communication/locations/CENTRALUS/operationStatuses/201ed626-205b-4e4d-a60d-571a477be081*7A2769DAED2105143BFAAD7264EEEC353C00A7E1E7944090DA1F61F4ECDB0AF7",
        "name": "201ed626-205b-4e4d-a60d-571a477be081*7A2769DAED2105143BFAAD7264EEEC353C00A7E1E7944090DA1F61F4ECDB0AF7",
        "resourceId": "/subscriptions/ce1bff77-08c1-4199-b7a5-52194a42b6ce/resourceGroups/Communication-RG-1905/providers/Microsoft.Communication/emailServices/email-test5186/domains/domain-1226.com",
        "status": "Accepted",
        "startTime": "2023-03-20T00:39:20.6215428Z"
      }
    },
    {
      "RequestUri": "https://api-dogfood.resources.windows-int.net/subscriptions/ce1bff77-08c1-4199-b7a5-52194a42b6ce/providers/Microsoft.Communication/locations/CENTRALUS/operationStatuses/201ed626-205b-4e4d-a60d-571a477be081*7A2769DAED2105143BFAAD7264EEEC353C00A7E1E7944090DA1F61F4ECDB0AF7?api-version=2023-03-01-preview",
      "RequestMethod": "GET",
      "RequestHeaders": {
        "Authorization": "Sanitized",
        "traceparent": "00-a18a9a9a05fbb1f7725233123bbb2878-6e384fed2762ce9d-00",
        "User-Agent": "azsdk-net-ResourceManager/1.4.0 (.NET 6.0.15; Microsoft Windows 10.0.22621)",
        "x-ms-client-request-id": "5156fd78af7dc818140fd53379e49983",
        "x-ms-return-client-request-id": "true"
      },
      "RequestBody": null,
      "StatusCode": 200,
      "ResponseHeaders": {
        "Cache-Control": "no-cache",
        "Content-Length": "599",
        "Content-Type": "application/json; charset=utf-8",
        "Date": "Mon, 20 Mar 2023 00:39:24 GMT",
        "ETag": "\u0022ca037041-0000-0700-0000-6417ab380000\u0022",
        "Expires": "-1",
        "Pragma": "no-cache",
        "Strict-Transport-Security": "max-age=31536000; includeSubDomains",
        "X-Cache": "CONFIG_NOCACHE",
        "X-Content-Type-Options": "nosniff",
        "x-ms-client-request-id": "5156fd78af7dc818140fd53379e49983",
        "x-ms-correlation-request-id": "e6aeac39-b5c4-4a98-b067-7e55415df887",
        "x-ms-ratelimit-remaining-subscription-reads": "14982",
        "x-ms-request-id": "323e0f70-3aa7-44fd-aad0-36808c106d55",
        "x-ms-routing-request-id": "CENTRALUS:20230320T003924Z:e6aeac39-b5c4-4a98-b067-7e55415df887",
        "X-MSEdge-Ref": "Ref A: 195D0D4EB11149669BD9063F38292BF3 Ref B: STBEDGE0209 Ref C: 2023-03-20T00:39:24Z"
      },
      "ResponseBody": {
        "id": "/subscriptions/ce1bff77-08c1-4199-b7a5-52194a42b6ce/providers/Microsoft.Communication/locations/CENTRALUS/operationStatuses/201ed626-205b-4e4d-a60d-571a477be081*7A2769DAED2105143BFAAD7264EEEC353C00A7E1E7944090DA1F61F4ECDB0AF7",
        "name": "201ed626-205b-4e4d-a60d-571a477be081*7A2769DAED2105143BFAAD7264EEEC353C00A7E1E7944090DA1F61F4ECDB0AF7",
        "resourceId": "/subscriptions/ce1bff77-08c1-4199-b7a5-52194a42b6ce/resourceGroups/Communication-RG-1905/providers/Microsoft.Communication/emailServices/email-test5186/domains/domain-1226.com",
        "status": "Accepted",
        "startTime": "2023-03-20T00:39:20.6215428Z"
      }
    },
    {
      "RequestUri": "https://api-dogfood.resources.windows-int.net/subscriptions/ce1bff77-08c1-4199-b7a5-52194a42b6ce/providers/Microsoft.Communication/locations/CENTRALUS/operationStatuses/201ed626-205b-4e4d-a60d-571a477be081*7A2769DAED2105143BFAAD7264EEEC353C00A7E1E7944090DA1F61F4ECDB0AF7?api-version=2023-03-01-preview",
      "RequestMethod": "GET",
      "RequestHeaders": {
        "Authorization": "Sanitized",
        "traceparent": "00-a18a9a9a05fbb1f7725233123bbb2878-5d6e68dc5da50c9a-00",
        "User-Agent": "azsdk-net-ResourceManager/1.4.0 (.NET 6.0.15; Microsoft Windows 10.0.22621)",
        "x-ms-client-request-id": "31f2aa99fb2fad667e1e5e77016a205b",
        "x-ms-return-client-request-id": "true"
      },
      "RequestBody": null,
      "StatusCode": 200,
      "ResponseHeaders": {
        "Cache-Control": "no-cache",
        "Content-Length": "599",
        "Content-Type": "application/json; charset=utf-8",
        "Date": "Mon, 20 Mar 2023 00:39:26 GMT",
        "ETag": "\u0022ca037041-0000-0700-0000-6417ab380000\u0022",
        "Expires": "-1",
        "Pragma": "no-cache",
        "Strict-Transport-Security": "max-age=31536000; includeSubDomains",
        "X-Cache": "CONFIG_NOCACHE",
        "X-Content-Type-Options": "nosniff",
        "x-ms-client-request-id": "31f2aa99fb2fad667e1e5e77016a205b",
        "x-ms-correlation-request-id": "0bf8915f-0fea-4066-a666-2bc74bcbfbea",
        "x-ms-ratelimit-remaining-subscription-reads": "14981",
        "x-ms-request-id": "ef747529-3e0d-4c8b-895a-29a9bc89ab63",
        "x-ms-routing-request-id": "CENTRALUS:20230320T003926Z:0bf8915f-0fea-4066-a666-2bc74bcbfbea",
        "X-MSEdge-Ref": "Ref A: BCF0D43B63944689820BB3A94D99795D Ref B: STBEDGE0209 Ref C: 2023-03-20T00:39:26Z"
      },
      "ResponseBody": {
        "id": "/subscriptions/ce1bff77-08c1-4199-b7a5-52194a42b6ce/providers/Microsoft.Communication/locations/CENTRALUS/operationStatuses/201ed626-205b-4e4d-a60d-571a477be081*7A2769DAED2105143BFAAD7264EEEC353C00A7E1E7944090DA1F61F4ECDB0AF7",
        "name": "201ed626-205b-4e4d-a60d-571a477be081*7A2769DAED2105143BFAAD7264EEEC353C00A7E1E7944090DA1F61F4ECDB0AF7",
        "resourceId": "/subscriptions/ce1bff77-08c1-4199-b7a5-52194a42b6ce/resourceGroups/Communication-RG-1905/providers/Microsoft.Communication/emailServices/email-test5186/domains/domain-1226.com",
        "status": "Accepted",
        "startTime": "2023-03-20T00:39:20.6215428Z"
      }
    },
    {
      "RequestUri": "https://api-dogfood.resources.windows-int.net/subscriptions/ce1bff77-08c1-4199-b7a5-52194a42b6ce/providers/Microsoft.Communication/locations/CENTRALUS/operationStatuses/201ed626-205b-4e4d-a60d-571a477be081*7A2769DAED2105143BFAAD7264EEEC353C00A7E1E7944090DA1F61F4ECDB0AF7?api-version=2023-03-01-preview",
      "RequestMethod": "GET",
      "RequestHeaders": {
        "Authorization": "Sanitized",
        "traceparent": "00-a18a9a9a05fbb1f7725233123bbb2878-1b318e83d35186a4-00",
        "User-Agent": "azsdk-net-ResourceManager/1.4.0 (.NET 6.0.15; Microsoft Windows 10.0.22621)",
        "x-ms-client-request-id": "bcde78d1051c82758252842b7c562810",
        "x-ms-return-client-request-id": "true"
      },
      "RequestBody": null,
      "StatusCode": 200,
      "ResponseHeaders": {
        "Cache-Control": "no-cache",
        "Content-Length": "599",
        "Content-Type": "application/json; charset=utf-8",
        "Date": "Mon, 20 Mar 2023 00:39:33 GMT",
        "ETag": "\u0022ca037041-0000-0700-0000-6417ab380000\u0022",
        "Expires": "-1",
        "Pragma": "no-cache",
        "Strict-Transport-Security": "max-age=31536000; includeSubDomains",
        "X-Cache": "CONFIG_NOCACHE",
        "X-Content-Type-Options": "nosniff",
        "x-ms-client-request-id": "bcde78d1051c82758252842b7c562810",
        "x-ms-correlation-request-id": "bc1c781d-fd1e-4915-b8a9-400f409149b7",
        "x-ms-ratelimit-remaining-subscription-reads": "14663",
        "x-ms-request-id": "d20f64d7-a5e3-40ac-8818-47ba0f783ee1",
        "x-ms-routing-request-id": "CENTRALUS:20230320T003933Z:bc1c781d-fd1e-4915-b8a9-400f409149b7",
        "X-MSEdge-Ref": "Ref A: 8E546D0C252C4AE38ACB59889AAAC07B Ref B: STBEDGE0209 Ref C: 2023-03-20T00:39:30Z"
      },
      "ResponseBody": {
        "id": "/subscriptions/ce1bff77-08c1-4199-b7a5-52194a42b6ce/providers/Microsoft.Communication/locations/CENTRALUS/operationStatuses/201ed626-205b-4e4d-a60d-571a477be081*7A2769DAED2105143BFAAD7264EEEC353C00A7E1E7944090DA1F61F4ECDB0AF7",
        "name": "201ed626-205b-4e4d-a60d-571a477be081*7A2769DAED2105143BFAAD7264EEEC353C00A7E1E7944090DA1F61F4ECDB0AF7",
        "resourceId": "/subscriptions/ce1bff77-08c1-4199-b7a5-52194a42b6ce/resourceGroups/Communication-RG-1905/providers/Microsoft.Communication/emailServices/email-test5186/domains/domain-1226.com",
        "status": "Accepted",
        "startTime": "2023-03-20T00:39:20.6215428Z"
      }
    },
    {
      "RequestUri": "https://api-dogfood.resources.windows-int.net/subscriptions/ce1bff77-08c1-4199-b7a5-52194a42b6ce/providers/Microsoft.Communication/locations/CENTRALUS/operationStatuses/201ed626-205b-4e4d-a60d-571a477be081*7A2769DAED2105143BFAAD7264EEEC353C00A7E1E7944090DA1F61F4ECDB0AF7?api-version=2023-03-01-preview",
      "RequestMethod": "GET",
      "RequestHeaders": {
        "Authorization": "Sanitized",
        "traceparent": "00-a18a9a9a05fbb1f7725233123bbb2878-8dbabbdd681d3ecd-00",
        "User-Agent": "azsdk-net-ResourceManager/1.4.0 (.NET 6.0.15; Microsoft Windows 10.0.22621)",
        "x-ms-client-request-id": "4e9d15e6949e7c1497a9d35f50a0c6a9",
        "x-ms-return-client-request-id": "true"
      },
      "RequestBody": null,
      "StatusCode": 200,
      "ResponseHeaders": {
        "Cache-Control": "no-cache",
        "Content-Length": "599",
        "Content-Type": "application/json; charset=utf-8",
        "Date": "Mon, 20 Mar 2023 00:39:41 GMT",
        "ETag": "\u0022ca037041-0000-0700-0000-6417ab380000\u0022",
        "Expires": "-1",
        "Pragma": "no-cache",
        "Strict-Transport-Security": "max-age=31536000; includeSubDomains",
        "X-Cache": "CONFIG_NOCACHE",
        "X-Content-Type-Options": "nosniff",
        "x-ms-client-request-id": "4e9d15e6949e7c1497a9d35f50a0c6a9",
        "x-ms-correlation-request-id": "d111ea9b-5cdb-49e4-b035-eca87f00053e",
        "x-ms-ratelimit-remaining-subscription-reads": "14888",
        "x-ms-request-id": "b5e6633c-506e-4228-9116-d00f7542c78e",
        "x-ms-routing-request-id": "CENTRALUS:20230320T003942Z:d111ea9b-5cdb-49e4-b035-eca87f00053e",
        "X-MSEdge-Ref": "Ref A: 5E76DEA58ACF424EB7E2E96B6F55CC0C Ref B: STBEDGE0209 Ref C: 2023-03-20T00:39:41Z"
      },
      "ResponseBody": {
        "id": "/subscriptions/ce1bff77-08c1-4199-b7a5-52194a42b6ce/providers/Microsoft.Communication/locations/CENTRALUS/operationStatuses/201ed626-205b-4e4d-a60d-571a477be081*7A2769DAED2105143BFAAD7264EEEC353C00A7E1E7944090DA1F61F4ECDB0AF7",
        "name": "201ed626-205b-4e4d-a60d-571a477be081*7A2769DAED2105143BFAAD7264EEEC353C00A7E1E7944090DA1F61F4ECDB0AF7",
        "resourceId": "/subscriptions/ce1bff77-08c1-4199-b7a5-52194a42b6ce/resourceGroups/Communication-RG-1905/providers/Microsoft.Communication/emailServices/email-test5186/domains/domain-1226.com",
        "status": "Accepted",
        "startTime": "2023-03-20T00:39:20.6215428Z"
      }
    },
    {
      "RequestUri": "https://api-dogfood.resources.windows-int.net/subscriptions/ce1bff77-08c1-4199-b7a5-52194a42b6ce/providers/Microsoft.Communication/locations/CENTRALUS/operationStatuses/201ed626-205b-4e4d-a60d-571a477be081*7A2769DAED2105143BFAAD7264EEEC353C00A7E1E7944090DA1F61F4ECDB0AF7?api-version=2023-03-01-preview",
      "RequestMethod": "GET",
      "RequestHeaders": {
        "Authorization": "Sanitized",
        "traceparent": "00-a18a9a9a05fbb1f7725233123bbb2878-54953f1659cc677e-00",
        "User-Agent": "azsdk-net-ResourceManager/1.4.0 (.NET 6.0.15; Microsoft Windows 10.0.22621)",
        "x-ms-client-request-id": "00627aefdc0693673470afdc763a3127",
        "x-ms-return-client-request-id": "true"
      },
      "RequestBody": null,
      "StatusCode": 200,
      "ResponseHeaders": {
        "Cache-Control": "no-cache",
        "Content-Length": "599",
        "Content-Type": "application/json; charset=utf-8",
        "Date": "Mon, 20 Mar 2023 00:39:57 GMT",
        "ETag": "\u0022ca037041-0000-0700-0000-6417ab380000\u0022",
        "Expires": "-1",
        "Pragma": "no-cache",
        "Strict-Transport-Security": "max-age=31536000; includeSubDomains",
        "X-Cache": "CONFIG_NOCACHE",
        "X-Content-Type-Options": "nosniff",
        "x-ms-client-request-id": "00627aefdc0693673470afdc763a3127",
        "x-ms-correlation-request-id": "1761a6a2-0ab7-4929-9f4a-9b8292711953",
        "x-ms-ratelimit-remaining-subscription-reads": "14887",
        "x-ms-request-id": "46edc36c-3386-489c-a4f4-c8f42d4ded0d",
        "x-ms-routing-request-id": "CENTRALUS:20230320T003958Z:1761a6a2-0ab7-4929-9f4a-9b8292711953",
        "X-MSEdge-Ref": "Ref A: C36617E36D964D79BEEA7A8D890CCA4B Ref B: STBEDGE0209 Ref C: 2023-03-20T00:39:58Z"
      },
      "ResponseBody": {
        "id": "/subscriptions/ce1bff77-08c1-4199-b7a5-52194a42b6ce/providers/Microsoft.Communication/locations/CENTRALUS/operationStatuses/201ed626-205b-4e4d-a60d-571a477be081*7A2769DAED2105143BFAAD7264EEEC353C00A7E1E7944090DA1F61F4ECDB0AF7",
        "name": "201ed626-205b-4e4d-a60d-571a477be081*7A2769DAED2105143BFAAD7264EEEC353C00A7E1E7944090DA1F61F4ECDB0AF7",
        "resourceId": "/subscriptions/ce1bff77-08c1-4199-b7a5-52194a42b6ce/resourceGroups/Communication-RG-1905/providers/Microsoft.Communication/emailServices/email-test5186/domains/domain-1226.com",
        "status": "Accepted",
        "startTime": "2023-03-20T00:39:20.6215428Z"
      }
    },
    {
      "RequestUri": "https://api-dogfood.resources.windows-int.net/subscriptions/ce1bff77-08c1-4199-b7a5-52194a42b6ce/providers/Microsoft.Communication/locations/CENTRALUS/operationStatuses/201ed626-205b-4e4d-a60d-571a477be081*7A2769DAED2105143BFAAD7264EEEC353C00A7E1E7944090DA1F61F4ECDB0AF7?api-version=2023-03-01-preview",
      "RequestMethod": "GET",
      "RequestHeaders": {
        "Authorization": "Sanitized",
        "traceparent": "00-a18a9a9a05fbb1f7725233123bbb2878-24a0a12d34fc9e3d-00",
        "User-Agent": "azsdk-net-ResourceManager/1.4.0 (.NET 6.0.15; Microsoft Windows 10.0.22621)",
        "x-ms-client-request-id": "eb914ef5d1cc3cbc63612573321631e1",
        "x-ms-return-client-request-id": "true"
      },
      "RequestBody": null,
      "StatusCode": 200,
      "ResponseHeaders": {
        "Cache-Control": "no-cache",
        "Content-Length": "618",
        "Content-Type": "application/json; charset=utf-8",
        "Date": "Mon, 20 Mar 2023 00:40:30 GMT",
        "ETag": "\u0022ca03cf47-0000-0700-0000-6417ab7a0000\u0022",
        "Expires": "-1",
        "Pragma": "no-cache",
        "Strict-Transport-Security": "max-age=31536000; includeSubDomains",
        "X-Cache": "CONFIG_NOCACHE",
        "X-Content-Type-Options": "nosniff",
        "x-ms-client-request-id": "eb914ef5d1cc3cbc63612573321631e1",
        "x-ms-correlation-request-id": "38dfbb66-d456-4d61-87ca-90565ced3cb4",
        "x-ms-ratelimit-remaining-subscription-reads": "14980",
        "x-ms-request-id": "5efb686c-fb9d-4d3e-93ca-dadcc66fd73c",
        "x-ms-routing-request-id": "CENTRALUS:20230320T004030Z:38dfbb66-d456-4d61-87ca-90565ced3cb4",
        "X-MSEdge-Ref": "Ref A: EBBDEF4FED1045C782E109984779929A Ref B: STBEDGE0209 Ref C: 2023-03-20T00:40:30Z"
      },
      "ResponseBody": {
        "id": "/subscriptions/ce1bff77-08c1-4199-b7a5-52194a42b6ce/providers/Microsoft.Communication/locations/CENTRALUS/operationStatuses/201ed626-205b-4e4d-a60d-571a477be081*7A2769DAED2105143BFAAD7264EEEC353C00A7E1E7944090DA1F61F4ECDB0AF7",
        "name": "201ed626-205b-4e4d-a60d-571a477be081*7A2769DAED2105143BFAAD7264EEEC353C00A7E1E7944090DA1F61F4ECDB0AF7",
        "resourceId": "/subscriptions/ce1bff77-08c1-4199-b7a5-52194a42b6ce/resourceGroups/Communication-RG-1905/providers/Microsoft.Communication/emailServices/email-test5186/domains/domain-1226.com",
        "status": "Succeeded",
        "startTime": "2023-03-20T00:39:20.6215428Z",
        "properties": null
      }
    },
    {
      "RequestUri": "https://api-dogfood.resources.windows-int.net/subscriptions/ce1bff77-08c1-4199-b7a5-52194a42b6ce/resourceGroups/Communication-RG-1905/providers/Microsoft.Communication/emailServices/email-test5186/domains/domain-1226.com?api-version=2023-03-01-preview",
      "RequestMethod": "GET",
      "RequestHeaders": {
        "Authorization": "Sanitized",
        "traceparent": "00-a18a9a9a05fbb1f7725233123bbb2878-50c0d3470b07dcd9-00",
        "User-Agent": "azsdk-net-ResourceManager/1.4.0 (.NET 6.0.15; Microsoft Windows 10.0.22621)",
        "x-ms-client-request-id": "023cdb8b27f40a09ae0a1a2ee537065c",
        "x-ms-return-client-request-id": "true"
      },
      "RequestBody": null,
      "StatusCode": 200,
      "ResponseHeaders": {
        "Cache-Control": "no-cache",
        "Content-Length": "1550",
        "Content-Type": "application/json; charset=utf-8",
        "Date": "Mon, 20 Mar 2023 00:40:30 GMT",
        "ETag": "\u00228600685a-0000-0700-0000-6417ab400000\u0022",
        "Expires": "-1",
        "Pragma": "no-cache",
        "Strict-Transport-Security": "max-age=31536000; includeSubDomains",
        "X-Cache": "CONFIG_NOCACHE",
        "X-Content-Type-Options": "nosniff",
        "x-ms-client-request-id": "023cdb8b27f40a09ae0a1a2ee537065c",
        "x-ms-correlation-request-id": "015b00dd-f7e8-4e56-ac2a-9a1ad4dac0c3",
        "x-ms-providerhub-traffic": "True",
        "x-ms-ratelimit-remaining-subscription-reads": "14979",
        "x-ms-request-id": "5ef96bd0-436c-4dec-8c1c-f94167a4a7ef",
        "x-ms-routing-request-id": "CENTRALUS:20230320T004030Z:015b00dd-f7e8-4e56-ac2a-9a1ad4dac0c3",
        "X-MSEdge-Ref": "Ref A: 097CAEB041B647F6BDCB0C0B088A1E1C Ref B: STBEDGE0209 Ref C: 2023-03-20T00:40:30Z"
      },
      "ResponseBody": {
        "id": "/subscriptions/ce1bff77-08c1-4199-b7a5-52194a42b6ce/resourceGroups/Communication-RG-1905/providers/Microsoft.Communication/emailServices/email-test5186/domains/domain-1226.com",
        "name": "domain-1226.com",
        "type": "microsoft.communication/emailservices/domains",
        "location": "global",
        "tags": {},
        "systemData": {
          "createdBy": "dd5e080b-9821-4976-9ab1-c95d8cc8eafa",
          "createdByType": "Application",
          "createdAt": "2023-03-20T00:39:20.4203632Z",
          "lastModifiedBy": "dd5e080b-9821-4976-9ab1-c95d8cc8eafa",
          "lastModifiedByType": "Application",
          "lastModifiedAt": "2023-03-20T00:39:20.4203632Z"
        },
        "properties": {
          "provisioningState": "Succeeded",
          "dataLocation": "unitedstates",
          "fromSenderDomain": "domain-1226.com",
          "mailFromSenderDomain": "domain-1226.com",
          "domainManagement": "CustomerManaged",
          "verificationStates": {
            "Domain": {
              "status": "NotStarted"
            },
            "SPF": {
              "status": "NotStarted"
            },
            "DKIM": {
              "status": "NotStarted"
            },
            "DKIM2": {
              "status": "NotStarted"
            },
            "DMARC": {
              "status": "NotStarted"
            }
          },
          "verificationRecords": {
            "Domain": {
              "type": "TXT",
              "name": "domain-1226.com",
              "value": "ms-domain-verification=e2a6d959-04d8-425d-9fb7-c3f4a00f1214",
              "ttl": 3600
            },
            "SPF": {
              "type": "TXT",
              "name": "domain-1226.com",
              "value": "v=spf1 include:spf.protection.outlook.com -all",
              "ttl": 3600
            },
            "DKIM": {
              "type": "CNAME",
              "name": "selector1-azurecomm-dev-net._domainkey",
              "value": "selector1-azurecomm-dev-net._domainkey.azurecomm-dev.net",
              "ttl": 3600
            },
            "DKIM2": {
              "type": "CNAME",
              "name": "selector2-azurecomm-dev-net._domainkey",
              "value": "selector2-azurecomm-dev-net._domainkey.azurecomm-dev.net",
              "ttl": 3600
            }
          },
          "userEngagementTracking": "Disabled"
        }
      }
    },
    {
      "RequestUri": "https://api-dogfood.resources.windows-int.net/subscriptions/ce1bff77-08c1-4199-b7a5-52194a42b6ce/resourceGroups/Communication-RG-1905/providers/Microsoft.Communication/emailServices/email-test5186/domains/domain-1226.com/providers/Microsoft.Resources/tags/default?api-version=**",
      "RequestMethod": "GET",
      "RequestHeaders": {
        "Accept": "application/json",
        "Authorization": "Sanitized",
        "traceparent": "00-219077a863e1a8c21baddf995d7ac628-c00f630f85431fc9-00",
        "User-Agent": "azsdk-net-ResourceManager/1.4.0 (.NET 6.0.15; Microsoft Windows 10.0.22621)",
        "x-ms-client-request-id": "0269ab78da0f1ddcbd259da4b6f4601e",
        "x-ms-return-client-request-id": "true"
      },
      "RequestBody": null,
      "StatusCode": 200,
      "ResponseHeaders": {
        "Cache-Control": "no-cache",
        "Content-Length": "303",
        "Content-Type": "application/json; charset=utf-8",
        "Date": "Mon, 20 Mar 2023 00:40:30 GMT",
        "Expires": "-1",
        "Pragma": "no-cache",
        "Strict-Transport-Security": "max-age=31536000; includeSubDomains",
        "X-Cache": "CONFIG_NOCACHE",
        "X-Content-Type-Options": "nosniff",
        "x-ms-correlation-request-id": "6c00c58c-a9da-45c5-9ce1-9fe3d31787d2",
        "x-ms-ratelimit-remaining-subscription-reads": "14978",
        "x-ms-request-id": "6c00c58c-a9da-45c5-9ce1-9fe3d31787d2",
        "x-ms-routing-request-id": "CENTRALUS:20230320T004030Z:6c00c58c-a9da-45c5-9ce1-9fe3d31787d2",
        "X-MSEdge-Ref": "Ref A: 601F16C43F1C46628F5770D481477CCF Ref B: STBEDGE0209 Ref C: 2023-03-20T00:40:30Z"
      },
      "ResponseBody": {
        "id": "/subscriptions/ce1bff77-08c1-4199-b7a5-52194a42b6ce/resourceGroups/Communication-RG-1905/providers/Microsoft.Communication/EmailServices/email-test5186/Domains/domain-1226.com/providers/Microsoft.Resources/tags/default",
        "name": "default",
        "type": "Microsoft.Resources/tags",
        "properties": {
          "tags": {}
        }
      }
    },
    {
      "RequestUri": "https://api-dogfood.resources.windows-int.net/subscriptions/ce1bff77-08c1-4199-b7a5-52194a42b6ce/resourceGroups/Communication-RG-1905/providers/Microsoft.Communication/emailServices/email-test5186/domains/domain-1226.com/providers/Microsoft.Resources/tags/default?api-version=**",
      "RequestMethod": "PUT",
      "RequestHeaders": {
        "Accept": "application/json",
        "Authorization": "Sanitized",
        "Content-Length": "47",
        "Content-Type": "application/json",
        "traceparent": "00-219077a863e1a8c21baddf995d7ac628-1c49e8c76e69ff81-00",
        "User-Agent": "azsdk-net-ResourceManager/1.4.0 (.NET 6.0.15; Microsoft Windows 10.0.22621)",
        "x-ms-client-request-id": "9b51cd3e2efdcd3344863dc2b78e562b",
        "x-ms-return-client-request-id": "true"
      },
      "RequestBody": {
        "properties": {
          "tags": {
            "testkey": "testvalue"
          }
        }
      },
      "StatusCode": 200,
      "ResponseHeaders": {
        "Cache-Control": "no-cache",
        "Content-Length": "324",
        "Content-Type": "application/json; charset=utf-8",
        "Date": "Mon, 20 Mar 2023 00:40:31 GMT",
        "Expires": "-1",
        "Pragma": "no-cache",
        "Strict-Transport-Security": "max-age=31536000; includeSubDomains",
        "X-Cache": "CONFIG_NOCACHE",
        "X-Content-Type-Options": "nosniff",
        "x-ms-correlation-request-id": "d018b1ea-dd50-44ad-97da-06bd3327da56",
        "x-ms-ratelimit-remaining-subscription-writes": "1197",
        "x-ms-request-id": "d018b1ea-dd50-44ad-97da-06bd3327da56",
        "x-ms-routing-request-id": "CENTRALUS:20230320T004031Z:d018b1ea-dd50-44ad-97da-06bd3327da56",
        "X-MSEdge-Ref": "Ref A: EE27481F16BC42F7B7591F07A4C0974A Ref B: STBEDGE0209 Ref C: 2023-03-20T00:40:30Z"
      },
      "ResponseBody": {
        "id": "/subscriptions/ce1bff77-08c1-4199-b7a5-52194a42b6ce/resourceGroups/Communication-RG-1905/providers/Microsoft.Communication/EmailServices/email-test5186/Domains/domain-1226.com/providers/Microsoft.Resources/tags/default",
        "name": "default",
        "type": "Microsoft.Resources/tags",
        "properties": {
          "tags": {
            "testkey": "testvalue"
          }
        }
      }
    },
    {
      "RequestUri": "https://api-dogfood.resources.windows-int.net/subscriptions/ce1bff77-08c1-4199-b7a5-52194a42b6ce/resourceGroups/Communication-RG-1905/providers/Microsoft.Communication/emailServices/email-test5186/domains/domain-1226.com?api-version=2023-03-01-preview",
      "RequestMethod": "GET",
      "RequestHeaders": {
        "Accept": "application/json",
        "Authorization": "Sanitized",
        "traceparent": "00-219077a863e1a8c21baddf995d7ac628-d3963df3035c1db4-00",
        "User-Agent": "azsdk-net-ResourceManager.Communication/1.1.0-alpha.20230319.1 (.NET 6.0.15; Microsoft Windows 10.0.22621)",
        "x-ms-client-request-id": "18effbaa6ae6495e789bbe889d1a662f",
        "x-ms-return-client-request-id": "true"
      },
      "RequestBody": null,
      "StatusCode": 200,
      "ResponseHeaders": {
        "Cache-Control": "no-cache",
        "Content-Length": "1571",
        "Content-Type": "application/json; charset=utf-8",
        "Date": "Mon, 20 Mar 2023 00:40:31 GMT",
        "ETag": "\u00228600d75a-0000-0700-0000-6417ab7f0000\u0022",
        "Expires": "-1",
        "Pragma": "no-cache",
        "Strict-Transport-Security": "max-age=31536000; includeSubDomains",
        "X-Cache": "CONFIG_NOCACHE",
        "X-Content-Type-Options": "nosniff",
        "x-ms-client-request-id": "18effbaa6ae6495e789bbe889d1a662f",
        "x-ms-correlation-request-id": "c230f095-f3d8-4dd9-9b07-90b493c7f02b",
        "x-ms-providerhub-traffic": "True",
        "x-ms-ratelimit-remaining-subscription-reads": "14977",
        "x-ms-request-id": "2ba0923d-6e4a-4420-9751-f1ad9a4479c5",
        "x-ms-routing-request-id": "CENTRALUS:20230320T004031Z:c230f095-f3d8-4dd9-9b07-90b493c7f02b",
        "X-MSEdge-Ref": "Ref A: A4224045265B4AC3A2495CAC36B7FD97 Ref B: STBEDGE0209 Ref C: 2023-03-20T00:40:31Z"
      },
      "ResponseBody": {
        "id": "/subscriptions/ce1bff77-08c1-4199-b7a5-52194a42b6ce/resourceGroups/Communication-RG-1905/providers/Microsoft.Communication/emailServices/email-test5186/domains/domain-1226.com",
        "name": "domain-1226.com",
        "type": "microsoft.communication/emailservices/domains",
        "location": "global",
        "tags": {
          "testkey": "testvalue"
        },
        "systemData": {
          "createdBy": "dd5e080b-9821-4976-9ab1-c95d8cc8eafa",
          "createdByType": "Application",
          "createdAt": "2023-03-20T00:39:20.4203632Z",
          "lastModifiedBy": "dd5e080b-9821-4976-9ab1-c95d8cc8eafa",
          "lastModifiedByType": "Application",
          "lastModifiedAt": "2023-03-20T00:40:30.9788054Z"
        },
        "properties": {
          "dataLocation": "unitedstates",
          "fromSenderDomain": "domain-1226.com",
          "mailFromSenderDomain": "domain-1226.com",
          "domainManagement": "CustomerManaged",
          "verificationStates": {
            "Domain": {
              "status": "NotStarted"
            },
            "SPF": {
              "status": "NotStarted"
            },
            "DKIM": {
              "status": "NotStarted"
            },
            "DKIM2": {
              "status": "NotStarted"
            },
            "DMARC": {
              "status": "NotStarted"
            }
          },
          "verificationRecords": {
            "Domain": {
              "type": "TXT",
              "name": "domain-1226.com",
              "value": "ms-domain-verification=e2a6d959-04d8-425d-9fb7-c3f4a00f1214",
              "ttl": 3600
            },
            "SPF": {
              "type": "TXT",
              "name": "domain-1226.com",
              "value": "v=spf1 include:spf.protection.outlook.com -all",
              "ttl": 3600
            },
            "DKIM": {
              "type": "CNAME",
              "name": "selector1-azurecomm-dev-net._domainkey",
              "value": "selector1-azurecomm-dev-net._domainkey.azurecomm-dev.net",
              "ttl": 3600
            },
            "DKIM2": {
              "type": "CNAME",
              "name": "selector2-azurecomm-dev-net._domainkey",
              "value": "selector2-azurecomm-dev-net._domainkey.azurecomm-dev.net",
              "ttl": 3600
            }
          },
          "userEngagementTracking": "Disabled",
          "provisioningState": "Succeeded"
        }
      }
    },
    {
      "RequestUri": "https://api-dogfood.resources.windows-int.net/subscriptions/ce1bff77-08c1-4199-b7a5-52194a42b6ce/resourceGroups/Communication-RG-1905/providers/Microsoft.Communication/emailServices/email-test5186/domains/domain-1226.com?api-version=2023-03-01-preview",
      "RequestMethod": "GET",
      "RequestHeaders": {
        "Accept": "application/json",
        "Authorization": "Sanitized",
        "traceparent": "00-e43f6805676ba192fbd77bb2d5087e93-31385363fd5aebce-00",
        "User-Agent": "azsdk-net-ResourceManager.Communication/1.1.0-alpha.20230319.1 (.NET 6.0.15; Microsoft Windows 10.0.22621)",
        "x-ms-client-request-id": "ed4971ced9f90f70fb9f9ddfea6543df",
        "x-ms-return-client-request-id": "true"
      },
      "RequestBody": null,
      "StatusCode": 200,
      "ResponseHeaders": {
        "Cache-Control": "no-cache",
        "Content-Length": "1571",
        "Content-Type": "application/json; charset=utf-8",
        "Date": "Mon, 20 Mar 2023 00:40:31 GMT",
        "ETag": "\u00228600d75a-0000-0700-0000-6417ab7f0000\u0022",
        "Expires": "-1",
        "Pragma": "no-cache",
        "Strict-Transport-Security": "max-age=31536000; includeSubDomains",
        "X-Cache": "CONFIG_NOCACHE",
        "X-Content-Type-Options": "nosniff",
        "x-ms-client-request-id": "ed4971ced9f90f70fb9f9ddfea6543df",
        "x-ms-correlation-request-id": "8f6c00cc-4e55-4b32-a1f1-bb2e51abb44d",
        "x-ms-providerhub-traffic": "True",
        "x-ms-ratelimit-remaining-subscription-reads": "14976",
        "x-ms-request-id": "79d2687c-8620-407a-80e7-57ecc1c3e17f",
        "x-ms-routing-request-id": "CENTRALUS:20230320T004031Z:8f6c00cc-4e55-4b32-a1f1-bb2e51abb44d",
        "X-MSEdge-Ref": "Ref A: A8FBCA14EB3A4A6ABDFAD764C6AD818F Ref B: STBEDGE0209 Ref C: 2023-03-20T00:40:31Z"
      },
      "ResponseBody": {
        "id": "/subscriptions/ce1bff77-08c1-4199-b7a5-52194a42b6ce/resourceGroups/Communication-RG-1905/providers/Microsoft.Communication/emailServices/email-test5186/domains/domain-1226.com",
        "name": "domain-1226.com",
        "type": "microsoft.communication/emailservices/domains",
        "location": "global",
        "tags": {
          "testkey": "testvalue"
        },
        "systemData": {
          "createdBy": "dd5e080b-9821-4976-9ab1-c95d8cc8eafa",
          "createdByType": "Application",
          "createdAt": "2023-03-20T00:39:20.4203632Z",
          "lastModifiedBy": "dd5e080b-9821-4976-9ab1-c95d8cc8eafa",
          "lastModifiedByType": "Application",
          "lastModifiedAt": "2023-03-20T00:40:30.9788054Z"
        },
        "properties": {
          "dataLocation": "unitedstates",
          "fromSenderDomain": "domain-1226.com",
          "mailFromSenderDomain": "domain-1226.com",
          "domainManagement": "CustomerManaged",
          "verificationStates": {
            "Domain": {
              "status": "NotStarted"
            },
            "SPF": {
              "status": "NotStarted"
            },
            "DKIM": {
              "status": "NotStarted"
            },
            "DKIM2": {
              "status": "NotStarted"
            },
            "DMARC": {
              "status": "NotStarted"
            }
          },
          "verificationRecords": {
            "Domain": {
              "type": "TXT",
              "name": "domain-1226.com",
              "value": "ms-domain-verification=e2a6d959-04d8-425d-9fb7-c3f4a00f1214",
              "ttl": 3600
            },
            "SPF": {
              "type": "TXT",
              "name": "domain-1226.com",
              "value": "v=spf1 include:spf.protection.outlook.com -all",
              "ttl": 3600
            },
            "DKIM": {
              "type": "CNAME",
              "name": "selector1-azurecomm-dev-net._domainkey",
              "value": "selector1-azurecomm-dev-net._domainkey.azurecomm-dev.net",
              "ttl": 3600
            },
            "DKIM2": {
              "type": "CNAME",
              "name": "selector2-azurecomm-dev-net._domainkey",
              "value": "selector2-azurecomm-dev-net._domainkey.azurecomm-dev.net",
              "ttl": 3600
            }
          },
          "userEngagementTracking": "Disabled",
          "provisioningState": "Succeeded"
        }
      }
    },
    {
      "RequestUri": "https://api-dogfood.resources.windows-int.net/subscriptions/ce1bff77-08c1-4199-b7a5-52194a42b6ce/resourceGroups/Communication-RG-1905/providers/Microsoft.Communication/emailServices/email-test5186/domains/domain-1226.com/providers/Microsoft.Resources/tags/default?api-version=**",
      "RequestMethod": "DELETE",
      "RequestHeaders": {
        "Accept": "application/json",
        "Authorization": "Sanitized",
        "traceparent": "00-5fb738e03c42ec4ec44734ef1dbdf2ca-ac7fdabf07239cf9-00",
        "User-Agent": "azsdk-net-ResourceManager/1.4.0 (.NET 6.0.15; Microsoft Windows 10.0.22621)",
        "x-ms-client-request-id": "bb1882333e9ef0446ab10e11704914e4",
        "x-ms-return-client-request-id": "true"
      },
      "RequestBody": null,
      "StatusCode": 200,
      "ResponseHeaders": {
        "Cache-Control": "no-cache",
        "Content-Length": "0",
        "Date": "Mon, 20 Mar 2023 00:40:32 GMT",
        "Expires": "-1",
        "Pragma": "no-cache",
        "Strict-Transport-Security": "max-age=31536000; includeSubDomains",
        "X-Cache": "CONFIG_NOCACHE",
        "X-Content-Type-Options": "nosniff",
        "x-ms-correlation-request-id": "6425166e-280f-430c-92da-dad13e64c57f",
        "x-ms-ratelimit-remaining-subscription-deletes": "14999",
        "x-ms-request-id": "6425166e-280f-430c-92da-dad13e64c57f",
        "x-ms-routing-request-id": "CENTRALUS:20230320T004032Z:6425166e-280f-430c-92da-dad13e64c57f",
        "X-MSEdge-Ref": "Ref A: B792B28EE20C4E6184F1C4913C8E1F0A Ref B: STBEDGE0209 Ref C: 2023-03-20T00:40:31Z"
      },
      "ResponseBody": null
    },
    {
      "RequestUri": "https://api-dogfood.resources.windows-int.net/subscriptions/ce1bff77-08c1-4199-b7a5-52194a42b6ce/resourceGroups/Communication-RG-1905/providers/Microsoft.Communication/emailServices/email-test5186/domains/domain-1226.com/providers/Microsoft.Resources/tags/default?api-version=**",
      "RequestMethod": "GET",
      "RequestHeaders": {
        "Accept": "application/json",
        "Authorization": "Sanitized",
        "traceparent": "00-5fb738e03c42ec4ec44734ef1dbdf2ca-4f5faa00ca2aad24-00",
        "User-Agent": "azsdk-net-ResourceManager/1.4.0 (.NET 6.0.15; Microsoft Windows 10.0.22621)",
        "x-ms-client-request-id": "1a55de58ab028f912d598347ca5f9fb1",
        "x-ms-return-client-request-id": "true"
      },
      "RequestBody": null,
      "StatusCode": 200,
      "ResponseHeaders": {
        "Cache-Control": "no-cache",
        "Content-Length": "303",
        "Content-Type": "application/json; charset=utf-8",
        "Date": "Mon, 20 Mar 2023 00:40:32 GMT",
        "Expires": "-1",
        "Pragma": "no-cache",
        "Strict-Transport-Security": "max-age=31536000; includeSubDomains",
        "X-Cache": "CONFIG_NOCACHE",
        "X-Content-Type-Options": "nosniff",
        "x-ms-correlation-request-id": "7a159e3c-70da-4011-97ec-1a7816f2c4dc",
        "x-ms-ratelimit-remaining-subscription-reads": "14975",
        "x-ms-request-id": "7a159e3c-70da-4011-97ec-1a7816f2c4dc",
        "x-ms-routing-request-id": "CENTRALUS:20230320T004032Z:7a159e3c-70da-4011-97ec-1a7816f2c4dc",
        "X-MSEdge-Ref": "Ref A: CD69A8C97AD244AEAAE259F65F7803A8 Ref B: STBEDGE0209 Ref C: 2023-03-20T00:40:32Z"
      },
      "ResponseBody": {
        "id": "/subscriptions/ce1bff77-08c1-4199-b7a5-52194a42b6ce/resourceGroups/Communication-RG-1905/providers/Microsoft.Communication/EmailServices/email-test5186/Domains/domain-1226.com/providers/Microsoft.Resources/tags/default",
        "name": "default",
        "type": "Microsoft.Resources/tags",
        "properties": {
          "tags": {}
        }
      }
    },
    {
      "RequestUri": "https://api-dogfood.resources.windows-int.net/subscriptions/ce1bff77-08c1-4199-b7a5-52194a42b6ce/resourceGroups/Communication-RG-1905/providers/Microsoft.Communication/emailServices/email-test5186/domains/domain-1226.com/providers/Microsoft.Resources/tags/default?api-version=**",
      "RequestMethod": "PUT",
      "RequestHeaders": {
        "Accept": "application/json",
        "Authorization": "Sanitized",
        "Content-Length": "53",
        "Content-Type": "application/json",
        "traceparent": "00-5fb738e03c42ec4ec44734ef1dbdf2ca-33baa2b735c9ca24-00",
        "User-Agent": "azsdk-net-ResourceManager/1.4.0 (.NET 6.0.15; Microsoft Windows 10.0.22621)",
        "x-ms-client-request-id": "d627b98b2a65ccc3c14730be21fd22ea",
        "x-ms-return-client-request-id": "true"
      },
      "RequestBody": {
        "properties": {
          "tags": {
            "newtestkey": "newtestvalue"
          }
        }
      },
      "StatusCode": 200,
      "ResponseHeaders": {
        "Cache-Control": "no-cache",
        "Content-Length": "330",
        "Content-Type": "application/json; charset=utf-8",
        "Date": "Mon, 20 Mar 2023 00:40:32 GMT",
        "Expires": "-1",
        "Pragma": "no-cache",
        "Strict-Transport-Security": "max-age=31536000; includeSubDomains",
        "X-Cache": "CONFIG_NOCACHE",
        "X-Content-Type-Options": "nosniff",
        "x-ms-correlation-request-id": "954eaafa-0f3c-4265-ab24-8e51a404aa58",
        "x-ms-ratelimit-remaining-subscription-writes": "1196",
        "x-ms-request-id": "954eaafa-0f3c-4265-ab24-8e51a404aa58",
        "x-ms-routing-request-id": "CENTRALUS:20230320T004033Z:954eaafa-0f3c-4265-ab24-8e51a404aa58",
        "X-MSEdge-Ref": "Ref A: 5DEA22F70327432FBF556157C6B95663 Ref B: STBEDGE0209 Ref C: 2023-03-20T00:40:32Z"
      },
      "ResponseBody": {
        "id": "/subscriptions/ce1bff77-08c1-4199-b7a5-52194a42b6ce/resourceGroups/Communication-RG-1905/providers/Microsoft.Communication/EmailServices/email-test5186/Domains/domain-1226.com/providers/Microsoft.Resources/tags/default",
        "name": "default",
        "type": "Microsoft.Resources/tags",
        "properties": {
          "tags": {
            "newtestkey": "newtestvalue"
          }
        }
      }
    },
    {
      "RequestUri": "https://api-dogfood.resources.windows-int.net/subscriptions/ce1bff77-08c1-4199-b7a5-52194a42b6ce/resourceGroups/Communication-RG-1905/providers/Microsoft.Communication/emailServices/email-test5186/domains/domain-1226.com?api-version=2023-03-01-preview",
      "RequestMethod": "GET",
      "RequestHeaders": {
        "Accept": "application/json",
        "Authorization": "Sanitized",
        "traceparent": "00-5fb738e03c42ec4ec44734ef1dbdf2ca-d4ed82af4a742110-00",
        "User-Agent": "azsdk-net-ResourceManager.Communication/1.1.0-alpha.20230319.1 (.NET 6.0.15; Microsoft Windows 10.0.22621)",
        "x-ms-client-request-id": "14bb6b4088582dad1b8859ba7bd36d30",
        "x-ms-return-client-request-id": "true"
      },
      "RequestBody": null,
      "StatusCode": 200,
      "ResponseHeaders": {
        "Cache-Control": "no-cache",
        "Content-Length": "1577",
        "Content-Type": "application/json; charset=utf-8",
        "Date": "Mon, 20 Mar 2023 00:40:33 GMT",
        "ETag": "\u00228600dd5a-0000-0700-0000-6417ab810000\u0022",
        "Expires": "-1",
        "Pragma": "no-cache",
        "Strict-Transport-Security": "max-age=31536000; includeSubDomains",
        "X-Cache": "CONFIG_NOCACHE",
        "X-Content-Type-Options": "nosniff",
        "x-ms-client-request-id": "14bb6b4088582dad1b8859ba7bd36d30",
        "x-ms-correlation-request-id": "009887ff-4592-4548-a1ae-e37b971150eb",
        "x-ms-providerhub-traffic": "True",
        "x-ms-ratelimit-remaining-subscription-reads": "14974",
        "x-ms-request-id": "091aaea8-d2ac-4f07-bfc0-ee18c285ea35",
        "x-ms-routing-request-id": "CENTRALUS:20230320T004033Z:009887ff-4592-4548-a1ae-e37b971150eb",
        "X-MSEdge-Ref": "Ref A: 1AAAB858886440B0A6B6EA67AD085FEA Ref B: STBEDGE0209 Ref C: 2023-03-20T00:40:33Z"
      },
      "ResponseBody": {
        "id": "/subscriptions/ce1bff77-08c1-4199-b7a5-52194a42b6ce/resourceGroups/Communication-RG-1905/providers/Microsoft.Communication/emailServices/email-test5186/domains/domain-1226.com",
        "name": "domain-1226.com",
        "type": "microsoft.communication/emailservices/domains",
        "location": "global",
        "tags": {
          "newtestkey": "newtestvalue"
        },
        "systemData": {
          "createdBy": "dd5e080b-9821-4976-9ab1-c95d8cc8eafa",
          "createdByType": "Application",
          "createdAt": "2023-03-20T00:39:20.4203632Z",
          "lastModifiedBy": "dd5e080b-9821-4976-9ab1-c95d8cc8eafa",
          "lastModifiedByType": "Application",
          "lastModifiedAt": "2023-03-20T00:40:32.8850768Z"
        },
        "properties": {
          "dataLocation": "unitedstates",
          "fromSenderDomain": "domain-1226.com",
          "mailFromSenderDomain": "domain-1226.com",
          "domainManagement": "CustomerManaged",
          "verificationStates": {
            "Domain": {
              "status": "NotStarted"
            },
            "SPF": {
              "status": "NotStarted"
            },
            "DKIM": {
              "status": "NotStarted"
            },
            "DKIM2": {
              "status": "NotStarted"
            },
            "DMARC": {
              "status": "NotStarted"
            }
          },
          "verificationRecords": {
            "Domain": {
              "type": "TXT",
              "name": "domain-1226.com",
              "value": "ms-domain-verification=e2a6d959-04d8-425d-9fb7-c3f4a00f1214",
              "ttl": 3600
            },
            "SPF": {
              "type": "TXT",
              "name": "domain-1226.com",
              "value": "v=spf1 include:spf.protection.outlook.com -all",
              "ttl": 3600
            },
            "DKIM": {
              "type": "CNAME",
              "name": "selector1-azurecomm-dev-net._domainkey",
              "value": "selector1-azurecomm-dev-net._domainkey.azurecomm-dev.net",
              "ttl": 3600
            },
            "DKIM2": {
              "type": "CNAME",
              "name": "selector2-azurecomm-dev-net._domainkey",
              "value": "selector2-azurecomm-dev-net._domainkey.azurecomm-dev.net",
              "ttl": 3600
            }
          },
          "userEngagementTracking": "Disabled",
          "provisioningState": "Succeeded"
        }
      }
    },
    {
      "RequestUri": "https://api-dogfood.resources.windows-int.net/subscriptions/ce1bff77-08c1-4199-b7a5-52194a42b6ce/resourceGroups/Communication-RG-1905/providers/Microsoft.Communication/emailServices/email-test5186/domains/domain-1226.com?api-version=2023-03-01-preview",
      "RequestMethod": "GET",
      "RequestHeaders": {
        "Accept": "application/json",
        "Authorization": "Sanitized",
        "traceparent": "00-5e1763c1f9f10c385b7bb92a688602a0-9d18ba3b35604cd2-00",
        "User-Agent": "azsdk-net-ResourceManager.Communication/1.1.0-alpha.20230319.1 (.NET 6.0.15; Microsoft Windows 10.0.22621)",
        "x-ms-client-request-id": "cef498360da591bcd71a53f53e01ea47",
        "x-ms-return-client-request-id": "true"
      },
      "RequestBody": null,
      "StatusCode": 200,
      "ResponseHeaders": {
        "Cache-Control": "no-cache",
        "Content-Length": "1577",
        "Content-Type": "application/json; charset=utf-8",
        "Date": "Mon, 20 Mar 2023 00:40:33 GMT",
        "ETag": "\u00228600dd5a-0000-0700-0000-6417ab810000\u0022",
        "Expires": "-1",
        "Pragma": "no-cache",
        "Strict-Transport-Security": "max-age=31536000; includeSubDomains",
        "X-Cache": "CONFIG_NOCACHE",
        "X-Content-Type-Options": "nosniff",
        "x-ms-client-request-id": "cef498360da591bcd71a53f53e01ea47",
        "x-ms-correlation-request-id": "bac43ec0-f408-45a2-813c-bd2f1511dcc9",
        "x-ms-providerhub-traffic": "True",
        "x-ms-ratelimit-remaining-subscription-reads": "14973",
        "x-ms-request-id": "04d811e3-a522-4968-8e22-b48a2ee4bd8a",
        "x-ms-routing-request-id": "CENTRALUS:20230320T004033Z:bac43ec0-f408-45a2-813c-bd2f1511dcc9",
        "X-MSEdge-Ref": "Ref A: E6B2D4B12FA1449D80BDA6CD779007C2 Ref B: STBEDGE0209 Ref C: 2023-03-20T00:40:33Z"
      },
      "ResponseBody": {
        "id": "/subscriptions/ce1bff77-08c1-4199-b7a5-52194a42b6ce/resourceGroups/Communication-RG-1905/providers/Microsoft.Communication/emailServices/email-test5186/domains/domain-1226.com",
        "name": "domain-1226.com",
        "type": "microsoft.communication/emailservices/domains",
        "location": "global",
        "tags": {
          "newtestkey": "newtestvalue"
        },
        "systemData": {
          "createdBy": "dd5e080b-9821-4976-9ab1-c95d8cc8eafa",
          "createdByType": "Application",
          "createdAt": "2023-03-20T00:39:20.4203632Z",
          "lastModifiedBy": "dd5e080b-9821-4976-9ab1-c95d8cc8eafa",
          "lastModifiedByType": "Application",
          "lastModifiedAt": "2023-03-20T00:40:32.8850768Z"
        },
        "properties": {
          "dataLocation": "unitedstates",
          "fromSenderDomain": "domain-1226.com",
          "mailFromSenderDomain": "domain-1226.com",
          "domainManagement": "CustomerManaged",
          "verificationStates": {
            "Domain": {
              "status": "NotStarted"
            },
            "SPF": {
              "status": "NotStarted"
            },
            "DKIM": {
              "status": "NotStarted"
            },
            "DKIM2": {
              "status": "NotStarted"
            },
            "DMARC": {
              "status": "NotStarted"
            }
          },
          "verificationRecords": {
            "Domain": {
              "type": "TXT",
              "name": "domain-1226.com",
              "value": "ms-domain-verification=e2a6d959-04d8-425d-9fb7-c3f4a00f1214",
              "ttl": 3600
            },
            "SPF": {
              "type": "TXT",
              "name": "domain-1226.com",
              "value": "v=spf1 include:spf.protection.outlook.com -all",
              "ttl": 3600
            },
            "DKIM": {
              "type": "CNAME",
              "name": "selector1-azurecomm-dev-net._domainkey",
              "value": "selector1-azurecomm-dev-net._domainkey.azurecomm-dev.net",
              "ttl": 3600
            },
            "DKIM2": {
              "type": "CNAME",
              "name": "selector2-azurecomm-dev-net._domainkey",
              "value": "selector2-azurecomm-dev-net._domainkey.azurecomm-dev.net",
              "ttl": 3600
            }
          },
          "userEngagementTracking": "Disabled",
          "provisioningState": "Succeeded"
        }
      }
    },
    {
      "RequestUri": "https://api-dogfood.resources.windows-int.net/subscriptions/ce1bff77-08c1-4199-b7a5-52194a42b6ce/resourceGroups/Communication-RG-1905/providers/Microsoft.Communication/emailServices/email-test5186/domains?api-version=2023-03-01-preview",
      "RequestMethod": "GET",
      "RequestHeaders": {
        "Accept": "application/json",
        "Authorization": "Sanitized",
        "traceparent": "00-512e7639ae3b38edc966a60877cd5d43-9a94746531cbb5e9-00",
        "User-Agent": "azsdk-net-ResourceManager.Communication/1.1.0-alpha.20230319.1 (.NET 6.0.15; Microsoft Windows 10.0.22621)",
        "x-ms-client-request-id": "b67d04420e41ca924e8b766ba02791af",
        "x-ms-return-client-request-id": "true"
      },
      "RequestBody": null,
      "StatusCode": 200,
      "ResponseHeaders": {
        "Cache-Control": "no-cache",
        "Content-Length": "1589",
        "Content-Type": "application/json; charset=utf-8",
        "Date": "Mon, 20 Mar 2023 00:40:33 GMT",
        "Expires": "-1",
        "Pragma": "no-cache",
        "Strict-Transport-Security": "max-age=31536000; includeSubDomains",
        "X-Cache": "CONFIG_NOCACHE",
        "X-Content-Type-Options": "nosniff",
        "x-ms-client-request-id": "b67d04420e41ca924e8b766ba02791af",
        "x-ms-correlation-request-id": "ff225075-e00e-4769-a95e-85509e43f24f",
        "x-ms-providerhub-traffic": "True",
        "x-ms-ratelimit-remaining-subscription-reads": "14972",
        "x-ms-request-id": "b21b7eb3-313e-472e-b847-366ed5cdd317",
        "x-ms-routing-request-id": "CENTRALUS:20230320T004033Z:ff225075-e00e-4769-a95e-85509e43f24f",
        "X-MSEdge-Ref": "Ref A: 3B6E467829FC4B76B58A32D1FA4EF2BF Ref B: STBEDGE0209 Ref C: 2023-03-20T00:40:33Z"
      },
      "ResponseBody": {
        "value": [
          {
            "id": "/subscriptions/ce1bff77-08c1-4199-b7a5-52194a42b6ce/resourceGroups/Communication-RG-1905/providers/Microsoft.Communication/emailServices/email-test5186/domains/domain-1226.com",
            "name": "domain-1226.com",
            "type": "microsoft.communication/emailservices/domains",
            "location": "global",
            "tags": {
              "newtestkey": "newtestvalue"
            },
            "systemData": {
              "createdBy": "dd5e080b-9821-4976-9ab1-c95d8cc8eafa",
              "createdByType": "Application",
              "createdAt": "2023-03-20T00:39:20.4203632Z",
              "lastModifiedBy": "dd5e080b-9821-4976-9ab1-c95d8cc8eafa",
              "lastModifiedByType": "Application",
              "lastModifiedAt": "2023-03-20T00:40:32.8850768Z"
            },
            "properties": {
              "dataLocation": "unitedstates",
              "fromSenderDomain": "domain-1226.com",
              "mailFromSenderDomain": "domain-1226.com",
              "domainManagement": "CustomerManaged",
              "verificationStates": {
                "Domain": {
                  "status": "NotStarted"
                },
                "SPF": {
                  "status": "NotStarted"
                },
                "DKIM": {
                  "status": "NotStarted"
                },
                "DKIM2": {
                  "status": "NotStarted"
                },
                "DMARC": {
                  "status": "NotStarted"
                }
              },
              "verificationRecords": {
                "Domain": {
                  "type": "TXT",
                  "name": "domain-1226.com",
                  "value": "ms-domain-verification=e2a6d959-04d8-425d-9fb7-c3f4a00f1214",
                  "ttl": 3600
                },
                "SPF": {
                  "type": "TXT",
                  "name": "domain-1226.com",
                  "value": "v=spf1 include:spf.protection.outlook.com -all",
                  "ttl": 3600
                },
                "DKIM": {
                  "type": "CNAME",
                  "name": "selector1-azurecomm-dev-net._domainkey",
                  "value": "selector1-azurecomm-dev-net._domainkey.azurecomm-dev.net",
                  "ttl": 3600
                },
                "DKIM2": {
                  "type": "CNAME",
                  "name": "selector2-azurecomm-dev-net._domainkey",
                  "value": "selector2-azurecomm-dev-net._domainkey.azurecomm-dev.net",
                  "ttl": 3600
                }
              },
              "userEngagementTracking": "Disabled",
              "provisioningState": "Succeeded"
            }
          }
        ]
      }
    },
    {
      "RequestUri": "https://api-dogfood.resources.windows-int.net/subscriptions/ce1bff77-08c1-4199-b7a5-52194a42b6ce/resourceGroups/Communication-RG-1905/providers/Microsoft.Communication/emailServices/email-test5186/domains/domain-1226.com?api-version=2023-03-01-preview",
      "RequestMethod": "DELETE",
      "RequestHeaders": {
        "Accept": "application/json",
        "Authorization": "Sanitized",
        "traceparent": "00-26ef94f4ec5c4a6b311d452885288010-77544eae7741779e-00",
        "User-Agent": "azsdk-net-ResourceManager.Communication/1.1.0-alpha.20230319.1 (.NET 6.0.15; Microsoft Windows 10.0.22621)",
        "x-ms-client-request-id": "4a8cbb0136853385ae2a3d3e35b7ee1a",
        "x-ms-return-client-request-id": "true"
      },
      "RequestBody": null,
      "StatusCode": 202,
      "ResponseHeaders": {
        "Azure-AsyncNotification": "Enabled",
        "Azure-AsyncOperation": "https://api-dogfood.resources.windows-int.net/subscriptions/ce1bff77-08c1-4199-b7a5-52194a42b6ce/providers/Microsoft.Communication/locations/CENTRALUS/operationStatuses/38a440b5-426b-4139-898d-e38d9b8b98ab*7A2769DAED2105143BFAAD7264EEEC353C00A7E1E7944090DA1F61F4ECDB0AF7?api-version=2023-03-01-preview",
        "Cache-Control": "no-cache",
        "Content-Length": "4",
        "Content-Type": "application/json; charset=utf-8",
        "Date": "Mon, 20 Mar 2023 00:40:34 GMT",
        "ETag": "\u00228600de5a-0000-0700-0000-6417ab820000\u0022",
        "Expires": "-1",
        "Location": "https://api-dogfood.resources.windows-int.net/subscriptions/ce1bff77-08c1-4199-b7a5-52194a42b6ce/providers/Microsoft.Communication/locations/CENTRALUS/operationStatuses/38a440b5-426b-4139-898d-e38d9b8b98ab*7A2769DAED2105143BFAAD7264EEEC353C00A7E1E7944090DA1F61F4ECDB0AF7?api-version=2023-03-01-preview",
        "mise-correlation-id": "71b55c6a-89ac-4fa4-9080-9a9fa3aef505",
        "Pragma": "no-cache",
        "Request-Context": "appId=",
        "Strict-Transport-Security": "max-age=31536000; includeSubDomains",
        "X-Cache": "CONFIG_NOCACHE",
        "X-Content-Type-Options": "nosniff",
        "x-ms-client-request-id": "4a8cbb0136853385ae2a3d3e35b7ee1a",
        "x-ms-correlation-request-id": "28ae5142-f704-44fe-8a42-0c291faac7fd",
        "x-ms-providerhub-traffic": "True",
        "x-ms-ratelimit-remaining-subscription-deletes": "14998",
        "x-ms-request-id": "38a440b5-426b-4139-898d-e38d9b8b98ab",
        "x-ms-resource-provider-hint": "noPolling",
        "x-ms-routing-request-id": "CENTRALUS:20230320T004034Z:28ae5142-f704-44fe-8a42-0c291faac7fd",
        "X-MSEdge-Ref": "Ref A: 2C497094D66C40E3BA9B124357551800 Ref B: STBEDGE0209 Ref C: 2023-03-20T00:40:34Z"
      },
      "ResponseBody": "null"
    },
    {
      "RequestUri": "https://api-dogfood.resources.windows-int.net/subscriptions/ce1bff77-08c1-4199-b7a5-52194a42b6ce/providers/Microsoft.Communication/locations/CENTRALUS/operationStatuses/38a440b5-426b-4139-898d-e38d9b8b98ab*7A2769DAED2105143BFAAD7264EEEC353C00A7E1E7944090DA1F61F4ECDB0AF7?api-version=2023-03-01-preview",
      "RequestMethod": "GET",
      "RequestHeaders": {
        "Authorization": "Sanitized",
        "traceparent": "00-26ef94f4ec5c4a6b311d452885288010-6899d799d038f280-00",
        "User-Agent": "azsdk-net-ResourceManager/1.4.0 (.NET 6.0.15; Microsoft Windows 10.0.22621)",
        "x-ms-client-request-id": "83f4a3899f740bc27e490717d0539597",
        "x-ms-return-client-request-id": "true"
      },
      "RequestBody": null,
      "StatusCode": 202,
      "ResponseHeaders": {
        "Cache-Control": "no-cache",
        "Content-Length": "599",
        "Content-Type": "application/json; charset=utf-8",
        "Date": "Mon, 20 Mar 2023 00:40:34 GMT",
        "ETag": "\u0022ca039648-0000-0700-0000-6417ab820000\u0022",
        "Expires": "-1",
        "Pragma": "no-cache",
        "Strict-Transport-Security": "max-age=31536000; includeSubDomains",
        "X-Cache": "CONFIG_NOCACHE",
        "X-Content-Type-Options": "nosniff",
        "x-ms-client-request-id": "83f4a3899f740bc27e490717d0539597",
        "x-ms-correlation-request-id": "9f2f542e-fa07-41da-afda-282422bd064b",
        "x-ms-ratelimit-remaining-subscription-reads": "14971",
        "x-ms-request-id": "1e892d72-6a1e-44e9-b031-1e24734686a2",
        "x-ms-routing-request-id": "CENTRALUS:20230320T004034Z:9f2f542e-fa07-41da-afda-282422bd064b",
        "X-MSEdge-Ref": "Ref A: EB669E3B9F5E4AAFA7332B9BD3598638 Ref B: STBEDGE0209 Ref C: 2023-03-20T00:40:34Z"
      },
      "ResponseBody": {
        "id": "/subscriptions/ce1bff77-08c1-4199-b7a5-52194a42b6ce/providers/Microsoft.Communication/locations/CENTRALUS/operationStatuses/38a440b5-426b-4139-898d-e38d9b8b98ab*7A2769DAED2105143BFAAD7264EEEC353C00A7E1E7944090DA1F61F4ECDB0AF7",
        "name": "38a440b5-426b-4139-898d-e38d9b8b98ab*7A2769DAED2105143BFAAD7264EEEC353C00A7E1E7944090DA1F61F4ECDB0AF7",
        "resourceId": "/subscriptions/ce1bff77-08c1-4199-b7a5-52194a42b6ce/resourceGroups/Communication-RG-1905/providers/Microsoft.Communication/emailServices/email-test5186/domains/domain-1226.com",
        "status": "Deleting",
        "startTime": "2023-03-20T00:40:34.2984902Z"
      }
    },
    {
      "RequestUri": "https://api-dogfood.resources.windows-int.net/subscriptions/ce1bff77-08c1-4199-b7a5-52194a42b6ce/providers/Microsoft.Communication/locations/CENTRALUS/operationStatuses/38a440b5-426b-4139-898d-e38d9b8b98ab*7A2769DAED2105143BFAAD7264EEEC353C00A7E1E7944090DA1F61F4ECDB0AF7?api-version=2023-03-01-preview",
      "RequestMethod": "GET",
      "RequestHeaders": {
        "Authorization": "Sanitized",
        "traceparent": "00-26ef94f4ec5c4a6b311d452885288010-06f915cca9eeaf08-00",
        "User-Agent": "azsdk-net-ResourceManager/1.4.0 (.NET 6.0.15; Microsoft Windows 10.0.22621)",
        "x-ms-client-request-id": "8fcd5c9c1ab04958cc64435bb66b9c5e",
        "x-ms-return-client-request-id": "true"
      },
      "RequestBody": null,
      "StatusCode": 202,
      "ResponseHeaders": {
        "Cache-Control": "no-cache",
        "Content-Length": "599",
        "Content-Type": "application/json; charset=utf-8",
        "Date": "Mon, 20 Mar 2023 00:40:35 GMT",
        "ETag": "\u0022ca039648-0000-0700-0000-6417ab820000\u0022",
        "Expires": "-1",
        "Pragma": "no-cache",
        "Strict-Transport-Security": "max-age=31536000; includeSubDomains",
        "X-Cache": "CONFIG_NOCACHE",
        "X-Content-Type-Options": "nosniff",
        "x-ms-client-request-id": "8fcd5c9c1ab04958cc64435bb66b9c5e",
        "x-ms-correlation-request-id": "50b40bd3-72a4-4ce0-be2b-0ab75cccc0b3",
        "x-ms-ratelimit-remaining-subscription-reads": "14970",
        "x-ms-request-id": "ade0b282-334d-4156-b939-5467a2e49390",
        "x-ms-routing-request-id": "CENTRALUS:20230320T004035Z:50b40bd3-72a4-4ce0-be2b-0ab75cccc0b3",
        "X-MSEdge-Ref": "Ref A: 4FECCE72E0F542C6906BB2EAE3DA11A0 Ref B: STBEDGE0209 Ref C: 2023-03-20T00:40:35Z"
      },
      "ResponseBody": {
        "id": "/subscriptions/ce1bff77-08c1-4199-b7a5-52194a42b6ce/providers/Microsoft.Communication/locations/CENTRALUS/operationStatuses/38a440b5-426b-4139-898d-e38d9b8b98ab*7A2769DAED2105143BFAAD7264EEEC353C00A7E1E7944090DA1F61F4ECDB0AF7",
        "name": "38a440b5-426b-4139-898d-e38d9b8b98ab*7A2769DAED2105143BFAAD7264EEEC353C00A7E1E7944090DA1F61F4ECDB0AF7",
        "resourceId": "/subscriptions/ce1bff77-08c1-4199-b7a5-52194a42b6ce/resourceGroups/Communication-RG-1905/providers/Microsoft.Communication/emailServices/email-test5186/domains/domain-1226.com",
        "status": "Deleting",
        "startTime": "2023-03-20T00:40:34.2984902Z"
      }
    },
    {
      "RequestUri": "https://api-dogfood.resources.windows-int.net/subscriptions/ce1bff77-08c1-4199-b7a5-52194a42b6ce/providers/Microsoft.Communication/locations/CENTRALUS/operationStatuses/38a440b5-426b-4139-898d-e38d9b8b98ab*7A2769DAED2105143BFAAD7264EEEC353C00A7E1E7944090DA1F61F4ECDB0AF7?api-version=2023-03-01-preview",
      "RequestMethod": "GET",
      "RequestHeaders": {
        "Authorization": "Sanitized",
        "traceparent": "00-26ef94f4ec5c4a6b311d452885288010-6a94a0b53ac3ec65-00",
        "User-Agent": "azsdk-net-ResourceManager/1.4.0 (.NET 6.0.15; Microsoft Windows 10.0.22621)",
        "x-ms-client-request-id": "91b58d396bc3fea54f6bf80cb0d756b2",
        "x-ms-return-client-request-id": "true"
      },
      "RequestBody": null,
      "StatusCode": 202,
      "ResponseHeaders": {
        "Cache-Control": "no-cache",
        "Content-Length": "599",
        "Content-Type": "application/json; charset=utf-8",
        "Date": "Mon, 20 Mar 2023 00:40:36 GMT",
        "ETag": "\u0022ca039648-0000-0700-0000-6417ab820000\u0022",
        "Expires": "-1",
        "Pragma": "no-cache",
        "Strict-Transport-Security": "max-age=31536000; includeSubDomains",
        "X-Cache": "CONFIG_NOCACHE",
        "X-Content-Type-Options": "nosniff",
        "x-ms-client-request-id": "91b58d396bc3fea54f6bf80cb0d756b2",
        "x-ms-correlation-request-id": "241e7c73-f5cd-41a0-87ce-25fad2e77af8",
        "x-ms-ratelimit-remaining-subscription-reads": "14969",
        "x-ms-request-id": "e5ab734b-f173-4c92-bfcc-e6164a117660",
        "x-ms-routing-request-id": "CENTRALUS:20230320T004037Z:241e7c73-f5cd-41a0-87ce-25fad2e77af8",
        "X-MSEdge-Ref": "Ref A: 97356E04C66744E9922B048CFF9214C4 Ref B: STBEDGE0209 Ref C: 2023-03-20T00:40:37Z"
      },
      "ResponseBody": {
        "id": "/subscriptions/ce1bff77-08c1-4199-b7a5-52194a42b6ce/providers/Microsoft.Communication/locations/CENTRALUS/operationStatuses/38a440b5-426b-4139-898d-e38d9b8b98ab*7A2769DAED2105143BFAAD7264EEEC353C00A7E1E7944090DA1F61F4ECDB0AF7",
        "name": "38a440b5-426b-4139-898d-e38d9b8b98ab*7A2769DAED2105143BFAAD7264EEEC353C00A7E1E7944090DA1F61F4ECDB0AF7",
        "resourceId": "/subscriptions/ce1bff77-08c1-4199-b7a5-52194a42b6ce/resourceGroups/Communication-RG-1905/providers/Microsoft.Communication/emailServices/email-test5186/domains/domain-1226.com",
        "status": "Deleting",
        "startTime": "2023-03-20T00:40:34.2984902Z"
      }
    },
    {
      "RequestUri": "https://api-dogfood.resources.windows-int.net/subscriptions/ce1bff77-08c1-4199-b7a5-52194a42b6ce/providers/Microsoft.Communication/locations/CENTRALUS/operationStatuses/38a440b5-426b-4139-898d-e38d9b8b98ab*7A2769DAED2105143BFAAD7264EEEC353C00A7E1E7944090DA1F61F4ECDB0AF7?api-version=2023-03-01-preview",
      "RequestMethod": "GET",
      "RequestHeaders": {
        "Authorization": "Sanitized",
        "traceparent": "00-26ef94f4ec5c4a6b311d452885288010-53ed312e5337ca02-00",
        "User-Agent": "azsdk-net-ResourceManager/1.4.0 (.NET 6.0.15; Microsoft Windows 10.0.22621)",
        "x-ms-client-request-id": "3a7de89461836eff4aaab6105b675512",
        "x-ms-return-client-request-id": "true"
      },
      "RequestBody": null,
      "StatusCode": 202,
      "ResponseHeaders": {
        "Cache-Control": "no-cache",
        "Content-Length": "599",
        "Content-Type": "application/json; charset=utf-8",
        "Date": "Mon, 20 Mar 2023 00:40:37 GMT",
        "ETag": "\u0022ca039648-0000-0700-0000-6417ab820000\u0022",
        "Expires": "-1",
        "Pragma": "no-cache",
        "Strict-Transport-Security": "max-age=31536000; includeSubDomains",
        "X-Cache": "CONFIG_NOCACHE",
        "X-Content-Type-Options": "nosniff",
        "x-ms-client-request-id": "3a7de89461836eff4aaab6105b675512",
        "x-ms-correlation-request-id": "a4fc25ed-a86e-47fe-83e6-72f4daf8e858",
        "x-ms-ratelimit-remaining-subscription-reads": "14968",
        "x-ms-request-id": "c21312d0-0491-463e-a685-6829df2ce371",
        "x-ms-routing-request-id": "CENTRALUS:20230320T004038Z:a4fc25ed-a86e-47fe-83e6-72f4daf8e858",
        "X-MSEdge-Ref": "Ref A: D45AA4490FE84668ADE5294B7402703C Ref B: STBEDGE0209 Ref C: 2023-03-20T00:40:38Z"
      },
      "ResponseBody": {
        "id": "/subscriptions/ce1bff77-08c1-4199-b7a5-52194a42b6ce/providers/Microsoft.Communication/locations/CENTRALUS/operationStatuses/38a440b5-426b-4139-898d-e38d9b8b98ab*7A2769DAED2105143BFAAD7264EEEC353C00A7E1E7944090DA1F61F4ECDB0AF7",
        "name": "38a440b5-426b-4139-898d-e38d9b8b98ab*7A2769DAED2105143BFAAD7264EEEC353C00A7E1E7944090DA1F61F4ECDB0AF7",
        "resourceId": "/subscriptions/ce1bff77-08c1-4199-b7a5-52194a42b6ce/resourceGroups/Communication-RG-1905/providers/Microsoft.Communication/emailServices/email-test5186/domains/domain-1226.com",
        "status": "Deleting",
        "startTime": "2023-03-20T00:40:34.2984902Z"
      }
    },
    {
      "RequestUri": "https://api-dogfood.resources.windows-int.net/subscriptions/ce1bff77-08c1-4199-b7a5-52194a42b6ce/providers/Microsoft.Communication/locations/CENTRALUS/operationStatuses/38a440b5-426b-4139-898d-e38d9b8b98ab*7A2769DAED2105143BFAAD7264EEEC353C00A7E1E7944090DA1F61F4ECDB0AF7?api-version=2023-03-01-preview",
      "RequestMethod": "GET",
      "RequestHeaders": {
        "Authorization": "Sanitized",
        "traceparent": "00-26ef94f4ec5c4a6b311d452885288010-2d94156f3beea6da-00",
        "User-Agent": "azsdk-net-ResourceManager/1.4.0 (.NET 6.0.15; Microsoft Windows 10.0.22621)",
        "x-ms-client-request-id": "42dda8ac039e31d4b7ce4044214c99f5",
        "x-ms-return-client-request-id": "true"
      },
      "RequestBody": null,
      "StatusCode": 202,
      "ResponseHeaders": {
        "Cache-Control": "no-cache",
        "Content-Length": "599",
        "Content-Type": "application/json; charset=utf-8",
        "Date": "Mon, 20 Mar 2023 00:40:40 GMT",
        "ETag": "\u0022ca039648-0000-0700-0000-6417ab820000\u0022",
        "Expires": "-1",
        "Pragma": "no-cache",
        "Strict-Transport-Security": "max-age=31536000; includeSubDomains",
        "X-Cache": "CONFIG_NOCACHE",
        "X-Content-Type-Options": "nosniff",
        "x-ms-client-request-id": "42dda8ac039e31d4b7ce4044214c99f5",
        "x-ms-correlation-request-id": "087361ff-74c2-4984-8cc7-9f51bf23a7dd",
        "x-ms-ratelimit-remaining-subscription-reads": "14967",
        "x-ms-request-id": "567d8ca3-70b9-4175-8fec-10c2fb0e72de",
        "x-ms-routing-request-id": "CENTRALUS:20230320T004040Z:087361ff-74c2-4984-8cc7-9f51bf23a7dd",
        "X-MSEdge-Ref": "Ref A: 9AB5D1B364674F878C06533E54D39776 Ref B: STBEDGE0209 Ref C: 2023-03-20T00:40:40Z"
      },
      "ResponseBody": {
        "id": "/subscriptions/ce1bff77-08c1-4199-b7a5-52194a42b6ce/providers/Microsoft.Communication/locations/CENTRALUS/operationStatuses/38a440b5-426b-4139-898d-e38d9b8b98ab*7A2769DAED2105143BFAAD7264EEEC353C00A7E1E7944090DA1F61F4ECDB0AF7",
        "name": "38a440b5-426b-4139-898d-e38d9b8b98ab*7A2769DAED2105143BFAAD7264EEEC353C00A7E1E7944090DA1F61F4ECDB0AF7",
        "resourceId": "/subscriptions/ce1bff77-08c1-4199-b7a5-52194a42b6ce/resourceGroups/Communication-RG-1905/providers/Microsoft.Communication/emailServices/email-test5186/domains/domain-1226.com",
        "status": "Deleting",
        "startTime": "2023-03-20T00:40:34.2984902Z"
      }
    },
    {
      "RequestUri": "https://api-dogfood.resources.windows-int.net/subscriptions/ce1bff77-08c1-4199-b7a5-52194a42b6ce/providers/Microsoft.Communication/locations/CENTRALUS/operationStatuses/38a440b5-426b-4139-898d-e38d9b8b98ab*7A2769DAED2105143BFAAD7264EEEC353C00A7E1E7944090DA1F61F4ECDB0AF7?api-version=2023-03-01-preview",
      "RequestMethod": "GET",
      "RequestHeaders": {
        "Authorization": "Sanitized",
        "traceparent": "00-26ef94f4ec5c4a6b311d452885288010-7aecaa17ac599609-00",
        "User-Agent": "azsdk-net-ResourceManager/1.4.0 (.NET 6.0.15; Microsoft Windows 10.0.22621)",
        "x-ms-client-request-id": "cdc6910d62edd7da8e464618b494a3e7",
        "x-ms-return-client-request-id": "true"
      },
      "RequestBody": null,
      "StatusCode": 202,
      "ResponseHeaders": {
        "Cache-Control": "no-cache",
        "Content-Length": "599",
        "Content-Type": "application/json; charset=utf-8",
        "Date": "Mon, 20 Mar 2023 00:40:44 GMT",
        "ETag": "\u0022ca039648-0000-0700-0000-6417ab820000\u0022",
        "Expires": "-1",
        "Pragma": "no-cache",
        "Strict-Transport-Security": "max-age=31536000; includeSubDomains",
        "X-Cache": "CONFIG_NOCACHE",
        "X-Content-Type-Options": "nosniff",
        "x-ms-client-request-id": "cdc6910d62edd7da8e464618b494a3e7",
        "x-ms-correlation-request-id": "c8c360a0-d094-47bd-8b16-a8e666494cd5",
        "x-ms-ratelimit-remaining-subscription-reads": "14966",
        "x-ms-request-id": "51d63192-9510-4516-b41b-42c59d47ae6e",
        "x-ms-routing-request-id": "CENTRALUS:20230320T004044Z:c8c360a0-d094-47bd-8b16-a8e666494cd5",
        "X-MSEdge-Ref": "Ref A: 18E26B1F89F34A1B96BCFE54D12CFB71 Ref B: STBEDGE0209 Ref C: 2023-03-20T00:40:44Z"
      },
      "ResponseBody": {
        "id": "/subscriptions/ce1bff77-08c1-4199-b7a5-52194a42b6ce/providers/Microsoft.Communication/locations/CENTRALUS/operationStatuses/38a440b5-426b-4139-898d-e38d9b8b98ab*7A2769DAED2105143BFAAD7264EEEC353C00A7E1E7944090DA1F61F4ECDB0AF7",
        "name": "38a440b5-426b-4139-898d-e38d9b8b98ab*7A2769DAED2105143BFAAD7264EEEC353C00A7E1E7944090DA1F61F4ECDB0AF7",
        "resourceId": "/subscriptions/ce1bff77-08c1-4199-b7a5-52194a42b6ce/resourceGroups/Communication-RG-1905/providers/Microsoft.Communication/emailServices/email-test5186/domains/domain-1226.com",
        "status": "Deleting",
        "startTime": "2023-03-20T00:40:34.2984902Z"
      }
    },
    {
      "RequestUri": "https://api-dogfood.resources.windows-int.net/subscriptions/ce1bff77-08c1-4199-b7a5-52194a42b6ce/providers/Microsoft.Communication/locations/CENTRALUS/operationStatuses/38a440b5-426b-4139-898d-e38d9b8b98ab*7A2769DAED2105143BFAAD7264EEEC353C00A7E1E7944090DA1F61F4ECDB0AF7?api-version=2023-03-01-preview",
      "RequestMethod": "GET",
      "RequestHeaders": {
        "Authorization": "Sanitized",
        "traceparent": "00-26ef94f4ec5c4a6b311d452885288010-06408f607efaac49-00",
        "User-Agent": "azsdk-net-ResourceManager/1.4.0 (.NET 6.0.15; Microsoft Windows 10.0.22621)",
        "x-ms-client-request-id": "075fe51613f99114144c82b421bb4dfe",
        "x-ms-return-client-request-id": "true"
      },
      "RequestBody": null,
      "StatusCode": 202,
      "ResponseHeaders": {
        "Cache-Control": "no-cache",
        "Content-Length": "599",
        "Content-Type": "application/json; charset=utf-8",
        "Date": "Mon, 20 Mar 2023 00:40:52 GMT",
        "ETag": "\u0022ca039648-0000-0700-0000-6417ab820000\u0022",
        "Expires": "-1",
        "Pragma": "no-cache",
        "Strict-Transport-Security": "max-age=31536000; includeSubDomains",
        "X-Cache": "CONFIG_NOCACHE",
        "X-Content-Type-Options": "nosniff",
        "x-ms-client-request-id": "075fe51613f99114144c82b421bb4dfe",
        "x-ms-correlation-request-id": "7734da20-bb16-4808-bd65-3b1b43f16392",
        "x-ms-ratelimit-remaining-subscription-reads": "14965",
        "x-ms-request-id": "f254bdf6-968b-490a-a766-a54aff02c70d",
        "x-ms-routing-request-id": "CENTRALUS:20230320T004052Z:7734da20-bb16-4808-bd65-3b1b43f16392",
        "X-MSEdge-Ref": "Ref A: 975871EA30C240D7A1539ED022CED085 Ref B: STBEDGE0209 Ref C: 2023-03-20T00:40:52Z"
      },
      "ResponseBody": {
        "id": "/subscriptions/ce1bff77-08c1-4199-b7a5-52194a42b6ce/providers/Microsoft.Communication/locations/CENTRALUS/operationStatuses/38a440b5-426b-4139-898d-e38d9b8b98ab*7A2769DAED2105143BFAAD7264EEEC353C00A7E1E7944090DA1F61F4ECDB0AF7",
        "name": "38a440b5-426b-4139-898d-e38d9b8b98ab*7A2769DAED2105143BFAAD7264EEEC353C00A7E1E7944090DA1F61F4ECDB0AF7",
        "resourceId": "/subscriptions/ce1bff77-08c1-4199-b7a5-52194a42b6ce/resourceGroups/Communication-RG-1905/providers/Microsoft.Communication/emailServices/email-test5186/domains/domain-1226.com",
        "status": "Deleting",
        "startTime": "2023-03-20T00:40:34.2984902Z"
      }
    },
    {
      "RequestUri": "https://api-dogfood.resources.windows-int.net/subscriptions/ce1bff77-08c1-4199-b7a5-52194a42b6ce/providers/Microsoft.Communication/locations/CENTRALUS/operationStatuses/38a440b5-426b-4139-898d-e38d9b8b98ab*7A2769DAED2105143BFAAD7264EEEC353C00A7E1E7944090DA1F61F4ECDB0AF7?api-version=2023-03-01-preview",
      "RequestMethod": "GET",
      "RequestHeaders": {
        "Authorization": "Sanitized",
        "traceparent": "00-26ef94f4ec5c4a6b311d452885288010-22b66c6fe1aac7c5-00",
        "User-Agent": "azsdk-net-ResourceManager/1.4.0 (.NET 6.0.15; Microsoft Windows 10.0.22621)",
        "x-ms-client-request-id": "ca02c01187a04a25ce06b458bdbb7c22",
        "x-ms-return-client-request-id": "true"
      },
      "RequestBody": null,
      "StatusCode": 202,
      "ResponseHeaders": {
        "Cache-Control": "no-cache",
        "Content-Length": "599",
        "Content-Type": "application/json; charset=utf-8",
        "Date": "Mon, 20 Mar 2023 00:41:08 GMT",
        "ETag": "\u0022ca039648-0000-0700-0000-6417ab820000\u0022",
        "Expires": "-1",
        "Pragma": "no-cache",
        "Strict-Transport-Security": "max-age=31536000; includeSubDomains",
        "X-Cache": "CONFIG_NOCACHE",
        "X-Content-Type-Options": "nosniff",
        "x-ms-client-request-id": "ca02c01187a04a25ce06b458bdbb7c22",
        "x-ms-correlation-request-id": "65013145-e639-4b0f-b158-e0aba3c788bd",
        "x-ms-ratelimit-remaining-subscription-reads": "14964",
        "x-ms-request-id": "478bbf4c-082f-4421-971d-670f475b2a35",
        "x-ms-routing-request-id": "CENTRALUS:20230320T004109Z:65013145-e639-4b0f-b158-e0aba3c788bd",
        "X-MSEdge-Ref": "Ref A: D065493C94014F75A40F7AC7462E90C4 Ref B: STBEDGE0209 Ref C: 2023-03-20T00:41:08Z"
      },
      "ResponseBody": {
        "id": "/subscriptions/ce1bff77-08c1-4199-b7a5-52194a42b6ce/providers/Microsoft.Communication/locations/CENTRALUS/operationStatuses/38a440b5-426b-4139-898d-e38d9b8b98ab*7A2769DAED2105143BFAAD7264EEEC353C00A7E1E7944090DA1F61F4ECDB0AF7",
        "name": "38a440b5-426b-4139-898d-e38d9b8b98ab*7A2769DAED2105143BFAAD7264EEEC353C00A7E1E7944090DA1F61F4ECDB0AF7",
        "resourceId": "/subscriptions/ce1bff77-08c1-4199-b7a5-52194a42b6ce/resourceGroups/Communication-RG-1905/providers/Microsoft.Communication/emailServices/email-test5186/domains/domain-1226.com",
        "status": "Deleting",
        "startTime": "2023-03-20T00:40:34.2984902Z"
      }
    },
    {
      "RequestUri": "https://api-dogfood.resources.windows-int.net/subscriptions/ce1bff77-08c1-4199-b7a5-52194a42b6ce/providers/Microsoft.Communication/locations/CENTRALUS/operationStatuses/38a440b5-426b-4139-898d-e38d9b8b98ab*7A2769DAED2105143BFAAD7264EEEC353C00A7E1E7944090DA1F61F4ECDB0AF7?api-version=2023-03-01-preview",
      "RequestMethod": "GET",
      "RequestHeaders": {
        "Authorization": "Sanitized",
        "traceparent": "00-26ef94f4ec5c4a6b311d452885288010-596ef4d409c336d1-00",
        "User-Agent": "azsdk-net-ResourceManager/1.4.0 (.NET 6.0.15; Microsoft Windows 10.0.22621)",
        "x-ms-client-request-id": "3c2d582b91ecf9fc7d35b9a1e026b6d3",
        "x-ms-return-client-request-id": "true"
      },
      "RequestBody": null,
      "StatusCode": 200,
      "ResponseHeaders": {
        "Cache-Control": "no-cache",
        "Content-Length": "618",
        "Content-Type": "application/json; charset=utf-8",
        "Date": "Mon, 20 Mar 2023 00:41:40 GMT",
        "ETag": "\u0022ca030e4f-0000-0700-0000-6417abc40000\u0022",
        "Expires": "-1",
        "Pragma": "no-cache",
        "Strict-Transport-Security": "max-age=31536000; includeSubDomains",
        "X-Cache": "CONFIG_NOCACHE",
        "X-Content-Type-Options": "nosniff",
        "x-ms-client-request-id": "3c2d582b91ecf9fc7d35b9a1e026b6d3",
        "x-ms-correlation-request-id": "ea3f3636-887a-4a1a-a936-a29083ab0f3d",
        "x-ms-ratelimit-remaining-subscription-reads": "14963",
        "x-ms-request-id": "22b77e3f-cad9-4907-9416-048de89cc379",
        "x-ms-routing-request-id": "CENTRALUS:20230320T004141Z:ea3f3636-887a-4a1a-a936-a29083ab0f3d",
        "X-MSEdge-Ref": "Ref A: 221EA3E4D9614921BB625EFC310D6F03 Ref B: STBEDGE0209 Ref C: 2023-03-20T00:41:41Z"
      },
      "ResponseBody": {
        "id": "/subscriptions/ce1bff77-08c1-4199-b7a5-52194a42b6ce/providers/Microsoft.Communication/locations/CENTRALUS/operationStatuses/38a440b5-426b-4139-898d-e38d9b8b98ab*7A2769DAED2105143BFAAD7264EEEC353C00A7E1E7944090DA1F61F4ECDB0AF7",
        "name": "38a440b5-426b-4139-898d-e38d9b8b98ab*7A2769DAED2105143BFAAD7264EEEC353C00A7E1E7944090DA1F61F4ECDB0AF7",
        "resourceId": "/subscriptions/ce1bff77-08c1-4199-b7a5-52194a42b6ce/resourceGroups/Communication-RG-1905/providers/Microsoft.Communication/emailServices/email-test5186/domains/domain-1226.com",
        "status": "Succeeded",
        "startTime": "2023-03-20T00:40:34.2984902Z",
        "properties": null
      }
    }
  ],
  "Variables": {
    "AZURE_AUTHORITY_HOST": "https://login.windows-ppe.net/",
    "RandomSeed": "922702161",
    "RESOURCE_MANAGER_URL": "https://api-dogfood.resources.windows-int.net/",
    "SERVICE_MANAGEMENT_URL": "https://management.core.windows.net/",
    "SUBSCRIPTION_ID": "ce1bff77-08c1-4199-b7a5-52194a42b6ce"
  }
}
