{
  "Entries": [
    {
      "RequestUri": "https://management.azure.com/subscriptions/db1ab6f0-4769-4b27-930e-01e2ef9c123c/resourcegroups/Communication-RG-8536?api-version=**",
      "RequestMethod": "GET",
      "RequestHeaders": {
        "Accept": "application/json",
        "Authorization": "Sanitized",
        "traceparent": "00-a349fb12d99e2bb8b925c6471460fb91-55c03f204b51f533-00",
        "User-Agent": "azsdk-net-ResourceManager/1.3.0-alpha.20220801.2 (.NET 6.0.7; Microsoft Windows 10.0.22000)",
        "x-ms-client-request-id": "91aacde47beba1a26e5dcbf5759d49ec",
        "x-ms-return-client-request-id": "true"
      },
      "RequestBody": null,
      "StatusCode": 200,
      "ResponseHeaders": {
        "Cache-Control": "no-cache",
        "Content-Length": "239",
        "Content-Type": "application/json; charset=utf-8",
        "Date": "Tue, 09 Aug 2022 01:02:40 GMT",
        "Expires": "-1",
        "Pragma": "no-cache",
        "Strict-Transport-Security": "max-age=31536000; includeSubDomains",
        "X-Content-Type-Options": "nosniff",
        "x-ms-correlation-request-id": "6947a0d8-f3a6-4982-affa-eae3cbe3d488",
        "x-ms-ratelimit-remaining-subscription-reads": "11687",
        "x-ms-request-id": "6947a0d8-f3a6-4982-affa-eae3cbe3d488",
        "x-ms-routing-request-id": "WESTUS2:20220809T010241Z:6947a0d8-f3a6-4982-affa-eae3cbe3d488"
      },
      "ResponseBody": {
        "id": "/subscriptions/db1ab6f0-4769-4b27-930e-01e2ef9c123c/resourceGroups/Communication-RG-8536",
        "name": "Communication-RG-8536",
        "type": "Microsoft.Resources/resourceGroups",
        "location": "westus",
        "properties": {
          "provisioningState": "Succeeded"
        }
      }
    },
    {
      "RequestUri": "https://management.azure.com/subscriptions/db1ab6f0-4769-4b27-930e-01e2ef9c123c/resourceGroups/Communication-RG-8536/providers/Microsoft.Communication/emailServices/email-test24?api-version=2021-10-01-preview",
      "RequestMethod": "GET",
      "RequestHeaders": {
        "Accept": "application/json",
        "Authorization": "Sanitized",
        "traceparent": "00-fbd1dcece2f5aa6ca77e9c8becd91131-21a27ee522b5db1c-00",
        "User-Agent": "azsdk-net-ResourceManager.Communication/1.1.0-alpha.20220808.1 (.NET 6.0.7; Microsoft Windows 10.0.22000)",
        "x-ms-client-request-id": "02d29e04a0595ae3e83e431e33915141",
        "x-ms-return-client-request-id": "true"
      },
      "RequestBody": null,
      "StatusCode": 200,
      "ResponseHeaders": {
        "Cache-Control": "no-cache",
        "Content-Length": "614",
        "Content-Type": "application/json; charset=utf-8",
        "Date": "Tue, 09 Aug 2022 01:02:40 GMT",
        "ETag": "\u00225400b8d6-0000-0700-0000-62f1aeb40000\u0022",
        "Expires": "-1",
        "Pragma": "no-cache",
        "Strict-Transport-Security": "max-age=31536000; includeSubDomains",
        "X-Content-Type-Options": "nosniff",
        "x-ms-correlation-request-id": "6d5fc7b2-86df-46e2-afd3-08426a8e3b73",
        "x-ms-providerhub-traffic": "True",
        "x-ms-ratelimit-remaining-subscription-reads": "11686",
        "x-ms-request-id": "81243618-567f-400d-ae7c-305103fb8bd2",
        "x-ms-routing-request-id": "WESTUS2:20220809T010241Z:6d5fc7b2-86df-46e2-afd3-08426a8e3b73"
      },
      "ResponseBody": {
        "id": "/subscriptions/db1ab6f0-4769-4b27-930e-01e2ef9c123c/resourceGroups/Communication-RG-8536/providers/Microsoft.Communication/emailServices/email-test24",
        "name": "email-test24",
        "type": "microsoft.communication/emailservices",
        "location": "global",
        "tags": {},
        "systemData": {
          "createdBy": "63113597-dbba-427d-82d3-94e4060d0e8b",
          "createdByType": "Application",
          "createdAt": "2022-08-09T00:47:41.712214Z",
          "lastModifiedBy": "63113597-dbba-427d-82d3-94e4060d0e8b",
          "lastModifiedByType": "Application",
          "lastModifiedAt": "2022-08-09T00:47:41.712214Z"
        },
        "properties": {
          "provisioningState": "Succeeded",
          "dataLocation": "UnitedStates"
        }
      }
    },
    {
      "RequestUri": "https://management.azure.com/subscriptions/db1ab6f0-4769-4b27-930e-01e2ef9c123c/resourceGroups/Communication-RG-8536/providers/Microsoft.Communication/emailServices/email-test24/domains/domain-4000.com?api-version=2021-10-01-preview",
      "RequestMethod": "PUT",
      "RequestHeaders": {
        "Accept": "application/json",
        "Authorization": "Sanitized",
        "Content-Length": "133",
        "Content-Type": "application/json",
        "traceparent": "00-289e586573b4300ef2579932e19f24c2-17927026861182eb-00",
        "User-Agent": "azsdk-net-ResourceManager.Communication/1.1.0-alpha.20220808.1 (.NET 6.0.7; Microsoft Windows 10.0.22000)",
        "x-ms-client-request-id": "e11ab3ff060a09f6feb8f52ad0577f36",
        "x-ms-return-client-request-id": "true"
      },
      "RequestBody": {
        "tags": {},
        "location": "global",
        "properties": {
          "domainManagement": "CustomerManaged",
          "validSenderUsernames": {
            "username": "displayName"
          }
        }
      },
      "StatusCode": 201,
      "ResponseHeaders": {
        "Azure-AsyncOperation": "https://management.azure.com/subscriptions/db1ab6f0-4769-4b27-930e-01e2ef9c123c/providers/Microsoft.Communication/locations/WESTUS2/operationStatuses/740557a2-fb85-4b4e-af82-b05785a6e1ae*E7F49BD0D6CD2C3ED888832E4BFDE3230D01234AA70A178D839196114DA52673?api-version=2021-10-01-preview",
        "Cache-Control": "no-cache",
        "Content-Length": "705",
        "Content-Type": "application/json; charset=utf-8",
        "Date": "Tue, 09 Aug 2022 01:02:42 GMT",
        "ETag": "\u00224000e305-0000-0700-0000-62f1b2320000\u0022",
        "Expires": "-1",
        "Pragma": "no-cache",
        "Request-Context": "appId=",
        "Strict-Transport-Security": "max-age=31536000; includeSubDomains",
        "X-Content-Type-Options": "nosniff",
        "x-ms-correlation-request-id": "0741fdd6-48a4-4f77-ba53-83f45e06b6fb",
        "x-ms-providerhub-traffic": "True",
        "x-ms-ratelimit-remaining-subscription-writes": "1169",
        "x-ms-request-id": "740557a2-fb85-4b4e-af82-b05785a6e1ae",
        "x-ms-routing-request-id": "WESTUS2:20220809T010242Z:0741fdd6-48a4-4f77-ba53-83f45e06b6fb"
      },
      "ResponseBody": {
        "id": "/subscriptions/db1ab6f0-4769-4b27-930e-01e2ef9c123c/resourceGroups/Communication-RG-8536/providers/Microsoft.Communication/emailServices/email-test24/domains/domain-4000.com",
        "name": "domain-4000.com",
        "type": "microsoft.communication/emailservices/domains",
        "location": "global",
        "tags": {},
        "systemData": {
          "createdBy": "63113597-dbba-427d-82d3-94e4060d0e8b",
          "createdByType": "Application",
          "createdAt": "2022-08-09T01:02:42.1387357Z",
          "lastModifiedBy": "63113597-dbba-427d-82d3-94e4060d0e8b",
          "lastModifiedByType": "Application",
          "lastModifiedAt": "2022-08-09T01:02:42.1387357Z"
        },
        "properties": {
          "domainManagement": "CustomerManaged",
          "validSenderUsernames": {
            "username": "displayName"
          },
          "provisioningState": "Accepted"
        }
      }
    },
    {
      "RequestUri": "https://management.azure.com/subscriptions/db1ab6f0-4769-4b27-930e-01e2ef9c123c/providers/Microsoft.Communication/locations/WESTUS2/operationStatuses/740557a2-fb85-4b4e-af82-b05785a6e1ae*E7F49BD0D6CD2C3ED888832E4BFDE3230D01234AA70A178D839196114DA52673?api-version=2021-10-01-preview",
      "RequestMethod": "GET",
      "RequestHeaders": {
        "Authorization": "Sanitized",
        "traceparent": "00-289e586573b4300ef2579932e19f24c2-8d419f01bc62478f-00",
        "User-Agent": "azsdk-net-ResourceManager/1.3.0-alpha.20220801.2 (.NET 6.0.7; Microsoft Windows 10.0.22000)",
        "x-ms-client-request-id": "e975cd8a0b2e97fadbf95be8ee2f17e7",
        "x-ms-return-client-request-id": "true"
      },
      "RequestBody": null,
      "StatusCode": 200,
      "ResponseHeaders": {
        "Cache-Control": "no-cache",
        "Content-Length": "597",
        "Content-Type": "application/json; charset=utf-8",
        "Date": "Tue, 09 Aug 2022 01:02:42 GMT",
        "ETag": "\u00221b008fe8-0000-0800-0000-62f1b2320000\u0022",
        "Expires": "-1",
        "Pragma": "no-cache",
        "Strict-Transport-Security": "max-age=31536000; includeSubDomains",
        "X-Content-Type-Options": "nosniff",
        "x-ms-correlation-request-id": "47582166-5775-4f6b-9a26-480824289619",
        "x-ms-ratelimit-remaining-subscription-reads": "11685",
        "x-ms-request-id": "42956f5b-2c38-4203-af02-38b2dcad609c",
        "x-ms-routing-request-id": "WESTUS2:20220809T010242Z:47582166-5775-4f6b-9a26-480824289619"
      },
      "ResponseBody": {
        "id": "/subscriptions/db1ab6f0-4769-4b27-930e-01e2ef9c123c/providers/Microsoft.Communication/locations/WESTUS2/operationStatuses/740557a2-fb85-4b4e-af82-b05785a6e1ae*E7F49BD0D6CD2C3ED888832E4BFDE3230D01234AA70A178D839196114DA52673",
        "name": "740557a2-fb85-4b4e-af82-b05785a6e1ae*E7F49BD0D6CD2C3ED888832E4BFDE3230D01234AA70A178D839196114DA52673",
        "resourceId": "/subscriptions/db1ab6f0-4769-4b27-930e-01e2ef9c123c/resourceGroups/Communication-RG-8536/providers/Microsoft.Communication/emailServices/email-test24/domains/domain-4000.com",
        "status": "Accepted",
        "startTime": "2022-08-09T01:02:42.4810756Z"
      }
    },
    {
      "RequestUri": "https://management.azure.com/subscriptions/db1ab6f0-4769-4b27-930e-01e2ef9c123c/providers/Microsoft.Communication/locations/WESTUS2/operationStatuses/740557a2-fb85-4b4e-af82-b05785a6e1ae*E7F49BD0D6CD2C3ED888832E4BFDE3230D01234AA70A178D839196114DA52673?api-version=2021-10-01-preview",
      "RequestMethod": "GET",
      "RequestHeaders": {
        "Authorization": "Sanitized",
        "traceparent": "00-289e586573b4300ef2579932e19f24c2-e7837425a0083b07-00",
        "User-Agent": "azsdk-net-ResourceManager/1.3.0-alpha.20220801.2 (.NET 6.0.7; Microsoft Windows 10.0.22000)",
        "x-ms-client-request-id": "75e8e7c395b599be7030906159be8490",
        "x-ms-return-client-request-id": "true"
      },
      "RequestBody": null,
      "StatusCode": 200,
      "ResponseHeaders": {
        "Cache-Control": "no-cache",
        "Content-Length": "597",
        "Content-Type": "application/json; charset=utf-8",
        "Date": "Tue, 09 Aug 2022 01:02:43 GMT",
        "ETag": "\u00221b008fe8-0000-0800-0000-62f1b2320000\u0022",
        "Expires": "-1",
        "Pragma": "no-cache",
        "Strict-Transport-Security": "max-age=31536000; includeSubDomains",
        "X-Content-Type-Options": "nosniff",
        "x-ms-correlation-request-id": "e8bf07af-ff75-4246-af68-ee92a3c2e675",
        "x-ms-ratelimit-remaining-subscription-reads": "11684",
        "x-ms-request-id": "7238d6c3-e142-4013-beb7-2f021939fd4e",
        "x-ms-routing-request-id": "WESTUS2:20220809T010243Z:e8bf07af-ff75-4246-af68-ee92a3c2e675"
      },
      "ResponseBody": {
        "id": "/subscriptions/db1ab6f0-4769-4b27-930e-01e2ef9c123c/providers/Microsoft.Communication/locations/WESTUS2/operationStatuses/740557a2-fb85-4b4e-af82-b05785a6e1ae*E7F49BD0D6CD2C3ED888832E4BFDE3230D01234AA70A178D839196114DA52673",
        "name": "740557a2-fb85-4b4e-af82-b05785a6e1ae*E7F49BD0D6CD2C3ED888832E4BFDE3230D01234AA70A178D839196114DA52673",
        "resourceId": "/subscriptions/db1ab6f0-4769-4b27-930e-01e2ef9c123c/resourceGroups/Communication-RG-8536/providers/Microsoft.Communication/emailServices/email-test24/domains/domain-4000.com",
        "status": "Accepted",
        "startTime": "2022-08-09T01:02:42.4810756Z"
      }
    },
    {
      "RequestUri": "https://management.azure.com/subscriptions/db1ab6f0-4769-4b27-930e-01e2ef9c123c/providers/Microsoft.Communication/locations/WESTUS2/operationStatuses/740557a2-fb85-4b4e-af82-b05785a6e1ae*E7F49BD0D6CD2C3ED888832E4BFDE3230D01234AA70A178D839196114DA52673?api-version=2021-10-01-preview",
      "RequestMethod": "GET",
      "RequestHeaders": {
        "Authorization": "Sanitized",
        "traceparent": "00-289e586573b4300ef2579932e19f24c2-cb30f7abcb81b922-00",
        "User-Agent": "azsdk-net-ResourceManager/1.3.0-alpha.20220801.2 (.NET 6.0.7; Microsoft Windows 10.0.22000)",
        "x-ms-client-request-id": "03a0e9db96e240072205d0700a5bfb20",
        "x-ms-return-client-request-id": "true"
      },
      "RequestBody": null,
      "StatusCode": 200,
      "ResponseHeaders": {
        "Cache-Control": "no-cache",
        "Content-Length": "597",
        "Content-Type": "application/json; charset=utf-8",
        "Date": "Tue, 09 Aug 2022 01:02:44 GMT",
        "ETag": "\u00221b008fe8-0000-0800-0000-62f1b2320000\u0022",
        "Expires": "-1",
        "Pragma": "no-cache",
        "Strict-Transport-Security": "max-age=31536000; includeSubDomains",
        "X-Content-Type-Options": "nosniff",
        "x-ms-correlation-request-id": "213c091b-e5a6-40af-8fd0-d34e988e9fac",
        "x-ms-ratelimit-remaining-subscription-reads": "11683",
        "x-ms-request-id": "bb75421c-4de4-4597-b96d-957241c6e5ef",
        "x-ms-routing-request-id": "WESTUS2:20220809T010244Z:213c091b-e5a6-40af-8fd0-d34e988e9fac"
      },
      "ResponseBody": {
        "id": "/subscriptions/db1ab6f0-4769-4b27-930e-01e2ef9c123c/providers/Microsoft.Communication/locations/WESTUS2/operationStatuses/740557a2-fb85-4b4e-af82-b05785a6e1ae*E7F49BD0D6CD2C3ED888832E4BFDE3230D01234AA70A178D839196114DA52673",
        "name": "740557a2-fb85-4b4e-af82-b05785a6e1ae*E7F49BD0D6CD2C3ED888832E4BFDE3230D01234AA70A178D839196114DA52673",
        "resourceId": "/subscriptions/db1ab6f0-4769-4b27-930e-01e2ef9c123c/resourceGroups/Communication-RG-8536/providers/Microsoft.Communication/emailServices/email-test24/domains/domain-4000.com",
        "status": "Accepted",
        "startTime": "2022-08-09T01:02:42.4810756Z"
      }
    },
    {
      "RequestUri": "https://management.azure.com/subscriptions/db1ab6f0-4769-4b27-930e-01e2ef9c123c/providers/Microsoft.Communication/locations/WESTUS2/operationStatuses/740557a2-fb85-4b4e-af82-b05785a6e1ae*E7F49BD0D6CD2C3ED888832E4BFDE3230D01234AA70A178D839196114DA52673?api-version=2021-10-01-preview",
      "RequestMethod": "GET",
      "RequestHeaders": {
        "Authorization": "Sanitized",
        "traceparent": "00-289e586573b4300ef2579932e19f24c2-819a83b2fd8f0491-00",
        "User-Agent": "azsdk-net-ResourceManager/1.3.0-alpha.20220801.2 (.NET 6.0.7; Microsoft Windows 10.0.22000)",
        "x-ms-client-request-id": "9c74c6926785f4560edb79fe7a983d1c",
        "x-ms-return-client-request-id": "true"
      },
      "RequestBody": null,
      "StatusCode": 200,
      "ResponseHeaders": {
        "Cache-Control": "no-cache",
        "Content-Length": "597",
        "Content-Type": "application/json; charset=utf-8",
        "Date": "Tue, 09 Aug 2022 01:02:45 GMT",
        "ETag": "\u00221b008fe8-0000-0800-0000-62f1b2320000\u0022",
        "Expires": "-1",
        "Pragma": "no-cache",
        "Strict-Transport-Security": "max-age=31536000; includeSubDomains",
        "X-Content-Type-Options": "nosniff",
        "x-ms-correlation-request-id": "d2f8e4e9-a0e5-4602-950e-1190a1028892",
        "x-ms-ratelimit-remaining-subscription-reads": "11682",
        "x-ms-request-id": "7f062eee-7767-482d-8386-7fcc21360696",
        "x-ms-routing-request-id": "WESTUS2:20220809T010245Z:d2f8e4e9-a0e5-4602-950e-1190a1028892"
      },
      "ResponseBody": {
        "id": "/subscriptions/db1ab6f0-4769-4b27-930e-01e2ef9c123c/providers/Microsoft.Communication/locations/WESTUS2/operationStatuses/740557a2-fb85-4b4e-af82-b05785a6e1ae*E7F49BD0D6CD2C3ED888832E4BFDE3230D01234AA70A178D839196114DA52673",
        "name": "740557a2-fb85-4b4e-af82-b05785a6e1ae*E7F49BD0D6CD2C3ED888832E4BFDE3230D01234AA70A178D839196114DA52673",
        "resourceId": "/subscriptions/db1ab6f0-4769-4b27-930e-01e2ef9c123c/resourceGroups/Communication-RG-8536/providers/Microsoft.Communication/emailServices/email-test24/domains/domain-4000.com",
        "status": "Accepted",
        "startTime": "2022-08-09T01:02:42.4810756Z"
      }
    },
    {
      "RequestUri": "https://management.azure.com/subscriptions/db1ab6f0-4769-4b27-930e-01e2ef9c123c/providers/Microsoft.Communication/locations/WESTUS2/operationStatuses/740557a2-fb85-4b4e-af82-b05785a6e1ae*E7F49BD0D6CD2C3ED888832E4BFDE3230D01234AA70A178D839196114DA52673?api-version=2021-10-01-preview",
      "RequestMethod": "GET",
      "RequestHeaders": {
        "Authorization": "Sanitized",
        "traceparent": "00-289e586573b4300ef2579932e19f24c2-9b2be7f3386d5d76-00",
        "User-Agent": "azsdk-net-ResourceManager/1.3.0-alpha.20220801.2 (.NET 6.0.7; Microsoft Windows 10.0.22000)",
        "x-ms-client-request-id": "040dca74138f2d04dfa753afc54d8e15",
        "x-ms-return-client-request-id": "true"
      },
      "RequestBody": null,
      "StatusCode": 200,
      "ResponseHeaders": {
        "Cache-Control": "no-cache",
        "Content-Length": "597",
        "Content-Type": "application/json; charset=utf-8",
        "Date": "Tue, 09 Aug 2022 01:02:47 GMT",
        "ETag": "\u00221b008fe8-0000-0800-0000-62f1b2320000\u0022",
        "Expires": "-1",
        "Pragma": "no-cache",
        "Strict-Transport-Security": "max-age=31536000; includeSubDomains",
        "X-Content-Type-Options": "nosniff",
        "x-ms-correlation-request-id": "0f945b7b-5ee3-468f-8ee0-d96943bfb500",
        "x-ms-ratelimit-remaining-subscription-reads": "11681",
        "x-ms-request-id": "2e4cbcbe-3f06-45a4-95ee-f83ee0aa7493",
        "x-ms-routing-request-id": "WESTUS2:20220809T010247Z:0f945b7b-5ee3-468f-8ee0-d96943bfb500"
      },
      "ResponseBody": {
        "id": "/subscriptions/db1ab6f0-4769-4b27-930e-01e2ef9c123c/providers/Microsoft.Communication/locations/WESTUS2/operationStatuses/740557a2-fb85-4b4e-af82-b05785a6e1ae*E7F49BD0D6CD2C3ED888832E4BFDE3230D01234AA70A178D839196114DA52673",
        "name": "740557a2-fb85-4b4e-af82-b05785a6e1ae*E7F49BD0D6CD2C3ED888832E4BFDE3230D01234AA70A178D839196114DA52673",
        "resourceId": "/subscriptions/db1ab6f0-4769-4b27-930e-01e2ef9c123c/resourceGroups/Communication-RG-8536/providers/Microsoft.Communication/emailServices/email-test24/domains/domain-4000.com",
        "status": "Accepted",
        "startTime": "2022-08-09T01:02:42.4810756Z"
      }
    },
    {
      "RequestUri": "https://management.azure.com/subscriptions/db1ab6f0-4769-4b27-930e-01e2ef9c123c/providers/Microsoft.Communication/locations/WESTUS2/operationStatuses/740557a2-fb85-4b4e-af82-b05785a6e1ae*E7F49BD0D6CD2C3ED888832E4BFDE3230D01234AA70A178D839196114DA52673?api-version=2021-10-01-preview",
      "RequestMethod": "GET",
      "RequestHeaders": {
        "Authorization": "Sanitized",
        "traceparent": "00-289e586573b4300ef2579932e19f24c2-82c21d739ffa3d01-00",
        "User-Agent": "azsdk-net-ResourceManager/1.3.0-alpha.20220801.2 (.NET 6.0.7; Microsoft Windows 10.0.22000)",
        "x-ms-client-request-id": "93ce6f35e849730b93abf5061c09c589",
        "x-ms-return-client-request-id": "true"
      },
      "RequestBody": null,
      "StatusCode": 200,
      "ResponseHeaders": {
        "Cache-Control": "no-cache",
        "Content-Length": "597",
        "Content-Type": "application/json; charset=utf-8",
        "Date": "Tue, 09 Aug 2022 01:02:51 GMT",
        "ETag": "\u00221b008fe8-0000-0800-0000-62f1b2320000\u0022",
        "Expires": "-1",
        "Pragma": "no-cache",
        "Strict-Transport-Security": "max-age=31536000; includeSubDomains",
        "X-Content-Type-Options": "nosniff",
        "x-ms-correlation-request-id": "9da26e65-beaa-4ada-916c-bc3985c1f480",
        "x-ms-ratelimit-remaining-subscription-reads": "11680",
        "x-ms-request-id": "23fbe481-133e-4976-bb84-caaca119e1b8",
        "x-ms-routing-request-id": "WESTUS2:20220809T010252Z:9da26e65-beaa-4ada-916c-bc3985c1f480"
      },
      "ResponseBody": {
        "id": "/subscriptions/db1ab6f0-4769-4b27-930e-01e2ef9c123c/providers/Microsoft.Communication/locations/WESTUS2/operationStatuses/740557a2-fb85-4b4e-af82-b05785a6e1ae*E7F49BD0D6CD2C3ED888832E4BFDE3230D01234AA70A178D839196114DA52673",
        "name": "740557a2-fb85-4b4e-af82-b05785a6e1ae*E7F49BD0D6CD2C3ED888832E4BFDE3230D01234AA70A178D839196114DA52673",
        "resourceId": "/subscriptions/db1ab6f0-4769-4b27-930e-01e2ef9c123c/resourceGroups/Communication-RG-8536/providers/Microsoft.Communication/emailServices/email-test24/domains/domain-4000.com",
        "status": "Accepted",
        "startTime": "2022-08-09T01:02:42.4810756Z"
      }
    },
    {
      "RequestUri": "https://management.azure.com/subscriptions/db1ab6f0-4769-4b27-930e-01e2ef9c123c/providers/Microsoft.Communication/locations/WESTUS2/operationStatuses/740557a2-fb85-4b4e-af82-b05785a6e1ae*E7F49BD0D6CD2C3ED888832E4BFDE3230D01234AA70A178D839196114DA52673?api-version=2021-10-01-preview",
      "RequestMethod": "GET",
      "RequestHeaders": {
        "Authorization": "Sanitized",
        "traceparent": "00-289e586573b4300ef2579932e19f24c2-97556eb861407390-00",
        "User-Agent": "azsdk-net-ResourceManager/1.3.0-alpha.20220801.2 (.NET 6.0.7; Microsoft Windows 10.0.22000)",
        "x-ms-client-request-id": "40fcb3c7f74d7e91c147bcdd14a62fc1",
        "x-ms-return-client-request-id": "true"
      },
      "RequestBody": null,
      "StatusCode": 200,
      "ResponseHeaders": {
        "Cache-Control": "no-cache",
        "Content-Length": "597",
        "Content-Type": "application/json; charset=utf-8",
        "Date": "Tue, 09 Aug 2022 01:02:59 GMT",
        "ETag": "\u00221b008fe8-0000-0800-0000-62f1b2320000\u0022",
        "Expires": "-1",
        "Pragma": "no-cache",
        "Strict-Transport-Security": "max-age=31536000; includeSubDomains",
        "X-Content-Type-Options": "nosniff",
        "x-ms-correlation-request-id": "4657030e-a1bd-4a05-a789-7b1d61fbeff2",
        "x-ms-ratelimit-remaining-subscription-reads": "11679",
        "x-ms-request-id": "65fff9bd-3b8f-45d1-813f-2f30fbdb7aca",
        "x-ms-routing-request-id": "WESTUS2:20220809T010300Z:4657030e-a1bd-4a05-a789-7b1d61fbeff2"
      },
      "ResponseBody": {
        "id": "/subscriptions/db1ab6f0-4769-4b27-930e-01e2ef9c123c/providers/Microsoft.Communication/locations/WESTUS2/operationStatuses/740557a2-fb85-4b4e-af82-b05785a6e1ae*E7F49BD0D6CD2C3ED888832E4BFDE3230D01234AA70A178D839196114DA52673",
        "name": "740557a2-fb85-4b4e-af82-b05785a6e1ae*E7F49BD0D6CD2C3ED888832E4BFDE3230D01234AA70A178D839196114DA52673",
        "resourceId": "/subscriptions/db1ab6f0-4769-4b27-930e-01e2ef9c123c/resourceGroups/Communication-RG-8536/providers/Microsoft.Communication/emailServices/email-test24/domains/domain-4000.com",
        "status": "Accepted",
        "startTime": "2022-08-09T01:02:42.4810756Z"
      }
    },
    {
      "RequestUri": "https://management.azure.com/subscriptions/db1ab6f0-4769-4b27-930e-01e2ef9c123c/providers/Microsoft.Communication/locations/WESTUS2/operationStatuses/740557a2-fb85-4b4e-af82-b05785a6e1ae*E7F49BD0D6CD2C3ED888832E4BFDE3230D01234AA70A178D839196114DA52673?api-version=2021-10-01-preview",
      "RequestMethod": "GET",
      "RequestHeaders": {
        "Authorization": "Sanitized",
        "traceparent": "00-289e586573b4300ef2579932e19f24c2-68373d7512b736fa-00",
        "User-Agent": "azsdk-net-ResourceManager/1.3.0-alpha.20220801.2 (.NET 6.0.7; Microsoft Windows 10.0.22000)",
        "x-ms-client-request-id": "0bc8644daaca8bd2bf9a70e31efd10d5",
        "x-ms-return-client-request-id": "true"
      },
      "RequestBody": null,
      "StatusCode": 200,
      "ResponseHeaders": {
        "Cache-Control": "no-cache",
        "Content-Length": "597",
        "Content-Type": "application/json; charset=utf-8",
        "Date": "Tue, 09 Aug 2022 01:03:15 GMT",
        "ETag": "\u00221b008fe8-0000-0800-0000-62f1b2320000\u0022",
        "Expires": "-1",
        "Pragma": "no-cache",
        "Strict-Transport-Security": "max-age=31536000; includeSubDomains",
        "X-Content-Type-Options": "nosniff",
        "x-ms-correlation-request-id": "11772a09-02ea-4a94-a2a8-8e2750e62d20",
        "x-ms-ratelimit-remaining-subscription-reads": "11678",
        "x-ms-request-id": "e846cecb-e54d-4bee-83af-230565ee3fae",
        "x-ms-routing-request-id": "WESTUS2:20220809T010316Z:11772a09-02ea-4a94-a2a8-8e2750e62d20"
      },
      "ResponseBody": {
        "id": "/subscriptions/db1ab6f0-4769-4b27-930e-01e2ef9c123c/providers/Microsoft.Communication/locations/WESTUS2/operationStatuses/740557a2-fb85-4b4e-af82-b05785a6e1ae*E7F49BD0D6CD2C3ED888832E4BFDE3230D01234AA70A178D839196114DA52673",
        "name": "740557a2-fb85-4b4e-af82-b05785a6e1ae*E7F49BD0D6CD2C3ED888832E4BFDE3230D01234AA70A178D839196114DA52673",
        "resourceId": "/subscriptions/db1ab6f0-4769-4b27-930e-01e2ef9c123c/resourceGroups/Communication-RG-8536/providers/Microsoft.Communication/emailServices/email-test24/domains/domain-4000.com",
        "status": "Accepted",
        "startTime": "2022-08-09T01:02:42.4810756Z"
      }
    },
    {
      "RequestUri": "https://management.azure.com/subscriptions/db1ab6f0-4769-4b27-930e-01e2ef9c123c/providers/Microsoft.Communication/locations/WESTUS2/operationStatuses/740557a2-fb85-4b4e-af82-b05785a6e1ae*E7F49BD0D6CD2C3ED888832E4BFDE3230D01234AA70A178D839196114DA52673?api-version=2021-10-01-preview",
      "RequestMethod": "GET",
      "RequestHeaders": {
        "Authorization": "Sanitized",
        "traceparent": "00-289e586573b4300ef2579932e19f24c2-ff0155d9489971b7-00",
        "User-Agent": "azsdk-net-ResourceManager/1.3.0-alpha.20220801.2 (.NET 6.0.7; Microsoft Windows 10.0.22000)",
        "x-ms-client-request-id": "11e8c9e24e513ec7de4fd1022b2d5eed",
        "x-ms-return-client-request-id": "true"
      },
      "RequestBody": null,
      "StatusCode": 200,
      "ResponseHeaders": {
        "Cache-Control": "no-cache",
        "Content-Length": "597",
        "Content-Type": "application/json; charset=utf-8",
        "Date": "Tue, 09 Aug 2022 01:03:48 GMT",
        "ETag": "\u00221b008fe8-0000-0800-0000-62f1b2320000\u0022",
        "Expires": "-1",
        "Pragma": "no-cache",
        "Strict-Transport-Security": "max-age=31536000; includeSubDomains",
        "X-Content-Type-Options": "nosniff",
        "x-ms-correlation-request-id": "82c32e13-c687-4bf7-b193-81416c41f8e6",
        "x-ms-ratelimit-remaining-subscription-reads": "11677",
        "x-ms-request-id": "294b9702-1305-4fcd-a20a-4366c8acc1c1",
        "x-ms-routing-request-id": "WESTUS2:20220809T010348Z:82c32e13-c687-4bf7-b193-81416c41f8e6"
      },
      "ResponseBody": {
        "id": "/subscriptions/db1ab6f0-4769-4b27-930e-01e2ef9c123c/providers/Microsoft.Communication/locations/WESTUS2/operationStatuses/740557a2-fb85-4b4e-af82-b05785a6e1ae*E7F49BD0D6CD2C3ED888832E4BFDE3230D01234AA70A178D839196114DA52673",
        "name": "740557a2-fb85-4b4e-af82-b05785a6e1ae*E7F49BD0D6CD2C3ED888832E4BFDE3230D01234AA70A178D839196114DA52673",
        "resourceId": "/subscriptions/db1ab6f0-4769-4b27-930e-01e2ef9c123c/resourceGroups/Communication-RG-8536/providers/Microsoft.Communication/emailServices/email-test24/domains/domain-4000.com",
        "status": "Accepted",
        "startTime": "2022-08-09T01:02:42.4810756Z"
      }
    },
    {
      "RequestUri": "https://management.azure.com/subscriptions/db1ab6f0-4769-4b27-930e-01e2ef9c123c/providers/Microsoft.Communication/locations/WESTUS2/operationStatuses/740557a2-fb85-4b4e-af82-b05785a6e1ae*E7F49BD0D6CD2C3ED888832E4BFDE3230D01234AA70A178D839196114DA52673?api-version=2021-10-01-preview",
      "RequestMethod": "GET",
      "RequestHeaders": {
        "Authorization": "Sanitized",
        "traceparent": "00-289e586573b4300ef2579932e19f24c2-4a68b2b94b038742-00",
        "User-Agent": "azsdk-net-ResourceManager/1.3.0-alpha.20220801.2 (.NET 6.0.7; Microsoft Windows 10.0.22000)",
        "x-ms-client-request-id": "b8b9347cba411cbfe07081b386ad60c4",
        "x-ms-return-client-request-id": "true"
      },
      "RequestBody": null,
      "StatusCode": 200,
      "ResponseHeaders": {
        "Cache-Control": "no-cache",
        "Content-Length": "616",
        "Content-Type": "application/json; charset=utf-8",
        "Date": "Tue, 09 Aug 2022 01:04:19 GMT",
        "ETag": "\u00228c011974-0000-0700-0000-62f1b2750000\u0022",
        "Expires": "-1",
        "Pragma": "no-cache",
        "Strict-Transport-Security": "max-age=31536000; includeSubDomains",
        "X-Content-Type-Options": "nosniff",
        "x-ms-correlation-request-id": "28551228-ce96-4c56-ba57-ec0b59bf11d5",
        "x-ms-ratelimit-remaining-subscription-reads": "11676",
        "x-ms-request-id": "a726a73e-6dff-415b-b1b8-df1c0ed705ad",
        "x-ms-routing-request-id": "WESTUS2:20220809T010420Z:28551228-ce96-4c56-ba57-ec0b59bf11d5"
      },
      "ResponseBody": {
        "id": "/subscriptions/db1ab6f0-4769-4b27-930e-01e2ef9c123c/providers/Microsoft.Communication/locations/WESTUS2/operationStatuses/740557a2-fb85-4b4e-af82-b05785a6e1ae*E7F49BD0D6CD2C3ED888832E4BFDE3230D01234AA70A178D839196114DA52673",
        "name": "740557a2-fb85-4b4e-af82-b05785a6e1ae*E7F49BD0D6CD2C3ED888832E4BFDE3230D01234AA70A178D839196114DA52673",
        "resourceId": "/subscriptions/db1ab6f0-4769-4b27-930e-01e2ef9c123c/resourceGroups/Communication-RG-8536/providers/Microsoft.Communication/emailServices/email-test24/domains/domain-4000.com",
        "status": "Succeeded",
        "startTime": "2022-08-09T01:02:42.4810756Z",
        "properties": null
      }
    },
    {
      "RequestUri": "https://management.azure.com/subscriptions/db1ab6f0-4769-4b27-930e-01e2ef9c123c/resourceGroups/Communication-RG-8536/providers/Microsoft.Communication/emailServices/email-test24/domains/domain-4000.com?api-version=2021-10-01-preview",
      "RequestMethod": "GET",
      "RequestHeaders": {
        "Authorization": "Sanitized",
        "traceparent": "00-289e586573b4300ef2579932e19f24c2-9e1109dea17d0b28-00",
        "User-Agent": "azsdk-net-ResourceManager/1.3.0-alpha.20220801.2 (.NET 6.0.7; Microsoft Windows 10.0.22000)",
        "x-ms-client-request-id": "4afbe6371dbdfe6f9c8a2d7ad9d06091",
        "x-ms-return-client-request-id": "true"
      },
      "RequestBody": null,
      "StatusCode": 200,
      "ResponseHeaders": {
        "Cache-Control": "no-cache",
        "Content-Length": "1596",
        "Content-Type": "application/json; charset=utf-8",
        "Date": "Tue, 09 Aug 2022 01:04:20 GMT",
        "ETag": "\u00224000f805-0000-0700-0000-62f1b2390000\u0022",
        "Expires": "-1",
        "Pragma": "no-cache",
        "Strict-Transport-Security": "max-age=31536000; includeSubDomains",
        "X-Content-Type-Options": "nosniff",
        "x-ms-correlation-request-id": "69fb2775-bf35-4a74-86a0-77c497103e2a",
        "x-ms-providerhub-traffic": "True",
        "x-ms-ratelimit-remaining-subscription-reads": "11675",
        "x-ms-request-id": "044ac6e9-ff74-40c5-8909-2c43d79387f9",
        "x-ms-routing-request-id": "WESTUS2:20220809T010420Z:69fb2775-bf35-4a74-86a0-77c497103e2a"
      },
      "ResponseBody": {
        "id": "/subscriptions/db1ab6f0-4769-4b27-930e-01e2ef9c123c/resourceGroups/Communication-RG-8536/providers/Microsoft.Communication/emailServices/email-test24/domains/domain-4000.com",
        "name": "domain-4000.com",
        "type": "microsoft.communication/emailservices/domains",
        "location": "global",
        "tags": {},
        "systemData": {
          "createdBy": "63113597-dbba-427d-82d3-94e4060d0e8b",
          "createdByType": "Application",
          "createdAt": "2022-08-09T01:02:42.1387357Z",
          "lastModifiedBy": "63113597-dbba-427d-82d3-94e4060d0e8b",
          "lastModifiedByType": "Application",
          "lastModifiedAt": "2022-08-09T01:02:42.1387357Z"
        },
        "properties": {
          "provisioningState": "Succeeded",
          "dataLocation": "unitedstates",
          "fromSenderDomain": "domain-4000.com",
          "mailFromSenderDomain": "domain-4000.com",
          "domainManagement": "CustomerManaged",
          "verificationStates": {
            "Domain": {
              "status": "NotStarted"
            },
            "SPF": {
              "status": "NotStarted"
            },
            "DKIM": {
              "status": "NotStarted"
            },
            "DKIM2": {
              "status": "NotStarted"
            },
            "DMARC": {
              "status": "NotStarted"
            }
          },
          "verificationRecords": {
            "Domain": {
              "type": "TXT",
              "name": "domain-4000.com",
              "value": "ms-domain-verification=45054847-8254-48db-8db6-7e0809631d54",
              "ttl": 3600
            },
            "SPF": {
              "type": "TXT",
              "name": "domain-4000.com",
              "value": "v=spf1 include:spf.protection.outlook.com -all",
              "ttl": 3600
            },
            "DKIM": {
              "type": "CNAME",
              "name": "selector1-azurecomm-prod-net._domainkey",
              "value": "selector1-azurecomm-prod-net._domainkey.azurecomm.net",
              "ttl": 3600
            },
            "DKIM2": {
              "type": "CNAME",
              "name": "selector2-azurecomm-prod-net._domainkey",
              "value": "selector2-azurecomm-prod-net._domainkey.azurecomm.net",
              "ttl": 3600
            }
          },
          "validSenderUsernames": {
            "username": "displayName"
          },
          "userEngagementTracking": "Disabled"
        }
      }
    },
    {
      "RequestUri": "https://management.azure.com/subscriptions/db1ab6f0-4769-4b27-930e-01e2ef9c123c?api-version=2021-01-01",
      "RequestMethod": "GET",
      "RequestHeaders": {
        "Accept": "application/json",
        "Authorization": "Sanitized",
        "traceparent": "00-1c74b810d3beef3a55ea15e13b65253f-7a62bbad78769572-00",
        "User-Agent": "azsdk-net-ResourceManager/1.3.0-alpha.20220801.2 (.NET 6.0.7; Microsoft Windows 10.0.22000)",
        "x-ms-client-request-id": "ea67833b574328940acb31e1cc14b830",
        "x-ms-return-client-request-id": "true"
      },
      "RequestBody": null,
      "StatusCode": 200,
      "ResponseHeaders": {
        "Cache-Control": "no-cache",
        "Content-Length": "747",
        "Content-Type": "application/json; charset=utf-8",
        "Date": "Tue, 09 Aug 2022 01:04:20 GMT",
        "Expires": "-1",
        "Pragma": "no-cache",
        "Strict-Transport-Security": "max-age=31536000; includeSubDomains",
        "X-Content-Type-Options": "nosniff",
        "x-ms-correlation-request-id": "cc76ee83-f8fb-4e9a-acb8-b9ded83d3b17",
        "x-ms-ratelimit-remaining-subscription-reads": "11674",
        "x-ms-request-id": "cc76ee83-f8fb-4e9a-acb8-b9ded83d3b17",
        "x-ms-routing-request-id": "WESTUS2:20220809T010420Z:cc76ee83-f8fb-4e9a-acb8-b9ded83d3b17"
      },
      "ResponseBody": {
        "id": "/subscriptions/db1ab6f0-4769-4b27-930e-01e2ef9c123c",
        "authorizationSource": "RoleBased",
        "managedByTenants": [],
        "tags": {
          "TagKey-9823": "TagValue-566",
          "TagKey-3481": "TagValue-320",
          "TagKey-4926": "TagValue-1187",
          "TagKey-751": "TagValue-3921",
          "TagKey-1866": "TagValue-8559",
          "TagKey-3094": "TagValue-9190",
          "TagKey-2449": "TagValue-9",
          "TagKey-8379": "TagValue-164",
          "TagKey-7470": "TagValue-2205",
          "TagKey-4236": "TagValue-3698",
          "TagKey-5316": "TagValue-2725"
        },
        "subscriptionId": "db1ab6f0-4769-4b27-930e-01e2ef9c123c",
        "tenantId": "72f988bf-86f1-41af-91ab-2d7cd011db47",
        "displayName": ".NET Mgmt SDK Test with TTL = 1 Day",
        "state": "Enabled",
        "subscriptionPolicies": {
          "locationPlacementId": "Internal_2014-09-01",
          "quotaId": "Internal_2014-09-01",
          "spendingLimit": "Off"
        }
      }
    },
    {
      "RequestUri": "https://management.azure.com/subscriptions/db1ab6f0-4769-4b27-930e-01e2ef9c123c/providers/Microsoft.Resources?api-version=**",
      "RequestMethod": "GET",
      "RequestHeaders": {
        "Accept": "application/json",
        "Authorization": "Sanitized",
        "traceparent": "00-1c74b810d3beef3a55ea15e13b65253f-cbcde7964e281b66-00",
        "User-Agent": "azsdk-net-ResourceManager/1.3.0-alpha.20220801.2 (.NET 6.0.7; Microsoft Windows 10.0.22000)",
        "x-ms-client-request-id": "44cb0def14325e2fc4ba1bb68c454310",
        "x-ms-return-client-request-id": "true"
      },
      "RequestBody": null,
      "StatusCode": 200,
      "ResponseHeaders": {
        "Cache-Control": "no-cache",
        "Content-Length": "17477",
        "Content-Type": "application/json; charset=utf-8",
        "Date": "Tue, 09 Aug 2022 01:04:20 GMT",
        "Expires": "-1",
        "Pragma": "no-cache",
        "Strict-Transport-Security": "max-age=31536000; includeSubDomains",
        "X-Content-Type-Options": "nosniff",
        "x-ms-correlation-request-id": "692e991b-e209-4af2-8250-97f02d12700b",
        "x-ms-ratelimit-remaining-subscription-reads": "11673",
        "x-ms-request-id": "692e991b-e209-4af2-8250-97f02d12700b",
        "x-ms-routing-request-id": "WESTUS2:20220809T010421Z:692e991b-e209-4af2-8250-97f02d12700b"
      },
      "ResponseBody": {
        "id": "/subscriptions/db1ab6f0-4769-4b27-930e-01e2ef9c123c/providers/Microsoft.Resources",
        "namespace": "Microsoft.Resources",
        "authorizations": [
          {
            "applicationId": "3b990c8b-9607-4c2a-8b04-1d41985facca"
          },
          {
            "applicationId": "94946920-7f9c-4956-93c0-2fcf94608102"
          }
        ],
        "resourceTypes": [
          {
            "resourceType": "tenants",
            "locations": [],
            "apiVersions": [
              "2020-01-01",
              "2019-09-01",
              "2019-05-01",
              "2019-04-01",
              "2019-03-01",
              "2018-11-01",
              "2018-09-01",
              "2018-08-01",
              "2018-07-01",
              "2018-05-01",
              "2018-02-01",
              "2018-01-01",
              "2017-08-01",
              "2017-06-01",
              "2017-05-10",
              "2017-05-01",
              "2017-03-01",
              "2016-09-01",
              "2016-07-01",
              "2016-06-01",
              "2016-02-01",
              "2015-11-01",
              "2015-01-01",
              "2014-04-01-preview"
            ],
            "apiProfiles": [
              {
                "profileVersion": "2018-06-01-profile",
                "apiVersion": "2016-06-01"
              },
              {
                "profileVersion": "2019-03-01-hybrid",
                "apiVersion": "2016-06-01"
              }
            ],
            "capabilities": "None"
          },
          {
            "resourceType": "locations",
            "locations": [],
            "apiVersions": [
              "2019-09-01",
              "2019-05-01",
              "2019-04-01",
              "2019-03-01",
              "2018-11-01",
              "2018-09-01",
              "2018-08-01",
              "2018-07-01",
              "2018-05-01",
              "2018-02-01",
              "2018-01-01",
              "2017-08-01",
              "2017-06-01",
              "2017-05-10",
              "2017-05-01",
              "2017-03-01",
              "2016-09-01",
              "2016-07-01",
              "2016-06-01",
              "2016-02-01",
              "2015-11-01",
              "2015-01-01",
              "2014-04-01-preview"
            ],
            "apiProfiles": [
              {
                "profileVersion": "2018-06-01-profile",
                "apiVersion": "2016-06-01"
              },
              {
                "profileVersion": "2019-03-01-hybrid",
                "apiVersion": "2018-05-01"
              }
            ],
            "capabilities": "None"
          },
          {
            "resourceType": "operationresults",
            "locations": [],
            "apiVersions": [
              "2019-09-01",
              "2019-05-01",
              "2019-04-01",
              "2019-03-01",
              "2018-11-01",
              "2018-09-01",
              "2018-08-01",
              "2018-07-01",
              "2018-05-01",
              "2018-02-01",
              "2018-01-01",
              "2017-08-01",
              "2017-06-01",
              "2017-05-10",
              "2017-05-01",
              "2017-03-01",
              "2016-09-01",
              "2016-07-01",
              "2016-06-01",
              "2016-02-01",
              "2015-11-01",
              "2015-01-01",
              "2014-04-01-preview"
            ],
            "apiProfiles": [
              {
                "profileVersion": "2018-06-01-profile",
                "apiVersion": "2016-06-01"
              }
            ],
            "capabilities": "None"
          },
          {
            "resourceType": "notifyResourceJobs",
            "locations": [],
            "apiVersions": [
              "2019-09-01",
              "2019-05-01",
              "2019-04-01",
              "2019-03-01",
              "2018-11-01",
              "2018-09-01",
              "2018-08-01",
              "2018-07-01",
              "2018-05-01",
              "2018-02-01"
            ],
            "capabilities": "None"
          },
          {
            "resourceType": "tags",
            "locations": [],
            "apiVersions": [
              "2019-10-01",
              "2019-05-01",
              "2019-04-01",
              "2019-03-01",
              "2018-11-01"
            ],
            "capabilities": "SupportsExtension"
          },
          {
            "resourceType": "checkPolicyCompliance",
            "locations": [],
            "apiVersions": [
              "2019-05-01",
              "2019-04-01",
              "2019-03-01",
              "2018-11-01",
              "2018-09-01",
              "2018-08-01",
              "2018-07-01",
              "2018-05-01",
              "2018-02-01",
              "2018-01-01",
              "2017-08-01",
              "2017-06-01",
              "2017-05-10",
              "2017-05-01",
              "2017-03-01",
              "2016-09-01",
              "2016-07-01",
              "2016-06-01",
              "2016-02-01",
              "2015-11-01",
              "2015-01-01",
              "2014-04-01-preview"
            ],
            "capabilities": "None"
          },
          {
            "resourceType": "providers",
            "locations": [],
            "apiVersions": [
              "2019-05-01",
              "2019-04-01",
              "2019-03-01",
              "2018-11-01",
              "2018-09-01",
              "2018-08-01",
              "2018-07-01",
              "2018-05-01",
              "2018-02-01",
              "2018-01-01",
              "2017-08-01",
              "2017-06-01",
              "2017-05-10",
              "2017-05-01",
              "2017-03-01",
              "2016-09-01",
              "2016-07-01",
              "2016-06-01",
              "2016-02-01",
              "2015-11-01",
              "2015-01-01",
              "2014-04-01-preview"
            ],
            "apiProfiles": [
              {
                "profileVersion": "2018-06-01-profile",
                "apiVersion": "2016-06-01"
              },
              {
                "profileVersion": "2019-03-01-hybrid",
                "apiVersion": "2018-05-01"
              }
            ],
            "capabilities": "None"
          },
          {
            "resourceType": "checkresourcename",
            "locations": [],
            "apiVersions": [
              "2019-05-01",
              "2019-04-01",
              "2019-03-01",
              "2018-11-01",
              "2018-09-01",
              "2018-08-01",
              "2018-07-01",
              "2018-05-01",
              "2018-02-01",
              "2018-01-01",
              "2017-08-01",
              "2017-06-01",
              "2017-05-10",
              "2017-05-01",
              "2017-03-01",
              "2016-09-01",
              "2016-07-01",
              "2016-06-01",
              "2016-02-01",
              "2015-11-01",
              "2015-01-01",
              "2014-04-01-preview"
            ],
            "apiProfiles": [
              {
                "profileVersion": "2018-06-01-profile",
                "apiVersion": "2016-06-01"
              }
            ],
            "capabilities": "None"
          },
          {
            "resourceType": "calculateTemplateHash",
            "locations": [],
            "apiVersions": [
              "2019-09-01",
              "2019-05-01",
              "2019-04-01",
              "2019-03-01",
              "2018-11-01",
              "2018-09-01",
              "2018-08-01",
              "2018-07-01",
              "2018-05-01",
              "2018-02-01",
              "2018-01-01",
              "2017-08-01",
              "2017-06-01",
              "2017-05-10",
              "2017-05-01",
              "2017-03-01",
              "2016-09-01",
              "2016-07-01",
              "2016-06-01",
              "2016-02-01",
              "2015-11-01",
              "2015-01-01",
              "2014-04-01-preview"
            ],
            "apiProfiles": [
              {
                "profileVersion": "2018-06-01-profile",
                "apiVersion": "2016-06-01"
              }
            ],
            "capabilities": "None"
          },
          {
            "resourceType": "resources",
            "locations": [],
            "apiVersions": [
              "2019-09-01",
              "2019-05-01",
              "2019-04-01",
              "2019-03-01",
              "2018-11-01",
              "2018-09-01",
              "2018-08-01",
              "2018-07-01",
              "2018-05-01",
              "2018-02-01",
              "2018-01-01",
              "2017-08-01",
              "2017-06-01",
              "2017-05-10",
              "2017-05-01",
              "2017-03-01",
              "2016-09-01",
              "2016-07-01",
              "2016-06-01",
              "2016-02-01",
              "2015-11-01",
              "2015-01-01",
              "2014-04-01-preview"
            ],
            "apiProfiles": [
              {
                "profileVersion": "2018-06-01-profile",
                "apiVersion": "2016-06-01"
              },
              {
                "profileVersion": "2019-03-01-hybrid",
                "apiVersion": "2018-05-01"
              }
            ],
            "capabilities": "None"
          },
          {
            "resourceType": "subscriptions",
            "locations": [],
            "apiVersions": [
              "2019-10-01",
              "2019-09-01",
              "2019-05-01",
              "2019-04-01",
              "2019-03-01",
              "2018-11-01",
              "2018-09-01",
              "2018-08-01",
              "2018-07-01",
              "2018-05-01",
              "2018-02-01",
              "2018-01-01",
              "2017-08-01",
              "2017-06-01",
              "2017-05-10",
              "2017-05-01",
              "2017-03-01",
              "2016-09-01",
              "2016-07-01",
              "2016-06-01",
              "2016-02-01",
              "2015-11-01",
              "2015-01-01",
              "2014-04-01-preview"
            ],
            "apiProfiles": [
              {
                "profileVersion": "2018-06-01-profile",
                "apiVersion": "2016-06-01"
              },
              {
                "profileVersion": "2019-03-01-hybrid",
                "apiVersion": "2016-06-01"
              }
            ],
            "capabilities": "None"
          },
          {
            "resourceType": "subscriptions/resources",
            "locations": [],
            "apiVersions": [
              "2019-09-01",
              "2019-05-01",
              "2019-04-01",
              "2019-03-01",
              "2018-11-01",
              "2018-09-01",
              "2018-08-01",
              "2018-07-01",
              "2018-05-01",
              "2018-02-01",
              "2018-01-01",
              "2017-08-01",
              "2017-06-01",
              "2017-05-10",
              "2017-05-01",
              "2017-03-01",
              "2016-09-01",
              "2016-07-01",
              "2016-06-01",
              "2016-02-01",
              "2015-11-01",
              "2015-01-01",
              "2014-04-01-preview"
            ],
            "apiProfiles": [
              {
                "profileVersion": "2018-06-01-profile",
                "apiVersion": "2016-06-01"
              },
              {
                "profileVersion": "2019-03-01-hybrid",
                "apiVersion": "2018-05-01"
              }
            ],
            "capabilities": "None"
          },
          {
            "resourceType": "subscriptions/providers",
            "locations": [],
            "apiVersions": [
              "2019-05-01",
              "2019-04-01",
              "2019-03-01",
              "2018-11-01",
              "2018-09-01",
              "2018-08-01",
              "2018-07-01",
              "2018-05-01",
              "2018-02-01",
              "2018-01-01",
              "2017-08-01",
              "2017-06-01",
              "2017-05-10",
              "2017-05-01",
              "2017-03-01",
              "2016-09-01",
              "2016-07-01",
              "2016-06-01",
              "2016-02-01",
              "2015-11-01",
              "2015-01-01",
              "2014-04-01-preview"
            ],
            "apiProfiles": [
              {
                "profileVersion": "2018-06-01-profile",
                "apiVersion": "2016-06-01"
              },
              {
                "profileVersion": "2019-03-01-hybrid",
                "apiVersion": "2018-05-01"
              }
            ],
            "capabilities": "None"
          },
          {
            "resourceType": "subscriptions/operationresults",
            "locations": [],
            "apiVersions": [
              "2019-05-01",
              "2019-04-01",
              "2019-03-01",
              "2018-11-01",
              "2018-09-01",
              "2018-08-01",
              "2018-07-01",
              "2018-05-01",
              "2018-02-01",
              "2018-01-01",
              "2017-08-01",
              "2017-06-01",
              "2017-05-10",
              "2017-05-01",
              "2017-03-01",
              "2016-09-01",
              "2016-07-01",
              "2016-06-01",
              "2016-02-01",
              "2015-11-01",
              "2015-01-01",
              "2014-04-01-preview"
            ],
            "apiProfiles": [
              {
                "profileVersion": "2018-06-01-profile",
                "apiVersion": "2016-06-01"
              },
              {
                "profileVersion": "2019-03-01-hybrid",
                "apiVersion": "2018-05-01"
              }
            ],
            "capabilities": "None"
          },
          {
            "resourceType": "resourceGroups",
            "locations": [
              "Central US",
              "East Asia",
              "Southeast Asia",
              "East US",
              "East US 2",
              "West US",
              "West US 2",
              "North Central US",
              "South Central US",
              "West Central US",
              "North Europe",
              "West Europe",
              "Japan East",
              "Japan West",
              "Brazil South",
              "Australia Southeast",
              "Australia East",
              "West India",
              "South India",
              "Central India",
              "Canada Central",
              "Canada East",
              "UK South",
              "UK West",
              "Korea Central",
              "Korea South",
              "France Central",
              "South Africa North",
              "UAE North",
              "Australia Central",
              "Switzerland North",
              "Germany West Central",
              "Norway East",
              "Jio India West",
              "West US 3",
              "Qatar Central",
              "Sweden Central"
            ],
            "apiVersions": [
              "2019-05-01",
              "2019-04-01",
              "2019-03-01",
              "2018-11-01",
              "2018-09-01",
              "2018-08-01",
              "2018-07-01",
              "2018-05-01",
              "2018-02-01",
              "2018-01-01",
              "2017-08-01",
              "2017-06-01",
              "2017-05-10",
              "2017-05-01",
              "2017-03-01",
              "2016-09-01",
              "2016-07-01",
              "2016-06-01",
              "2016-02-01",
              "2015-11-01",
              "2015-01-01",
              "2014-04-01-preview"
            ],
            "apiProfiles": [
              {
                "profileVersion": "2018-06-01-profile",
                "apiVersion": "2016-06-01"
              },
              {
                "profileVersion": "2019-03-01-hybrid",
                "apiVersion": "2018-05-01"
              }
            ],
            "capabilities": "SupportsLocation"
          },
          {
            "resourceType": "subscriptions/resourceGroups",
            "locations": [
              "Central US",
              "East Asia",
              "Southeast Asia",
              "East US",
              "East US 2",
              "West US",
              "West US 2",
              "North Central US",
              "South Central US",
              "West Central US",
              "North Europe",
              "West Europe",
              "Japan East",
              "Japan West",
              "Brazil South",
              "Australia Southeast",
              "Australia East",
              "West India",
              "South India",
              "Central India",
              "Canada Central",
              "Canada East",
              "UK South",
              "UK West",
              "Korea Central",
              "Korea South",
              "France Central",
              "South Africa North",
              "UAE North",
              "Australia Central",
              "Switzerland North",
              "Germany West Central",
              "Norway East",
              "Jio India West",
              "West US 3",
              "Qatar Central",
              "Sweden Central"
            ],
            "apiVersions": [
              "2019-05-01",
              "2019-04-01",
              "2019-03-01",
              "2018-11-01",
              "2018-09-01",
              "2018-08-01",
              "2018-07-01",
              "2018-05-01",
              "2018-02-01",
              "2018-01-01",
              "2017-08-01",
              "2017-06-01",
              "2017-05-10",
              "2017-05-01",
              "2017-03-01",
              "2016-09-01",
              "2016-07-01",
              "2016-06-01",
              "2016-02-01",
              "2015-11-01",
              "2015-01-01",
              "2014-04-01-preview"
            ],
            "apiProfiles": [
              {
                "profileVersion": "2018-06-01-profile",
                "apiVersion": "2016-06-01"
              },
              {
                "profileVersion": "2019-03-01-hybrid",
                "apiVersion": "2018-05-01"
              }
            ],
            "capabilities": "SupportsTags, SupportsLocation"
          },
          {
            "resourceType": "subscriptions/resourcegroups/resources",
            "locations": [],
            "apiVersions": [
              "2019-05-01",
              "2019-04-01",
              "2019-03-01",
              "2018-11-01",
              "2018-09-01",
              "2018-08-01",
              "2018-07-01",
              "2018-05-01",
              "2018-02-01",
              "2018-01-01",
              "2017-08-01",
              "2017-06-01",
              "2017-05-10",
              "2017-05-01",
              "2017-03-01",
              "2016-09-01",
              "2016-07-01",
              "2016-06-01",
              "2016-02-01",
              "2015-11-01",
              "2015-01-01",
              "2014-04-01-preview"
            ],
            "apiProfiles": [
              {
                "profileVersion": "2018-06-01-profile",
                "apiVersion": "2016-06-01"
              },
              {
                "profileVersion": "2019-03-01-hybrid",
                "apiVersion": "2018-05-01"
              }
            ],
            "capabilities": "None"
          },
          {
            "resourceType": "subscriptions/locations",
            "locations": [],
            "apiVersions": [
              "2019-05-01",
              "2019-04-01",
              "2019-03-01",
              "2018-11-01",
              "2018-09-01",
              "2018-08-01",
              "2018-07-01",
              "2018-05-01",
              "2018-02-01",
              "2018-01-01",
              "2017-08-01",
              "2017-06-01",
              "2017-05-10",
              "2017-05-01",
              "2017-03-01",
              "2016-09-01",
              "2016-07-01",
              "2016-06-01",
              "2016-02-01",
              "2015-11-01",
              "2015-01-01",
              "2014-04-01-preview"
            ],
            "apiProfiles": [
              {
                "profileVersion": "2018-06-01-profile",
                "apiVersion": "2016-06-01"
              },
              {
                "profileVersion": "2019-03-01-hybrid",
                "apiVersion": "2016-06-01"
              }
            ],
            "capabilities": "None"
          },
          {
            "resourceType": "subscriptions/tagnames",
            "locations": [],
            "apiVersions": [
              "2019-05-01",
              "2019-04-01",
              "2019-03-01",
              "2018-11-01",
              "2018-09-01",
              "2018-08-01",
              "2018-07-01",
              "2018-05-01",
              "2018-02-01",
              "2018-01-01",
              "2017-08-01",
              "2017-06-01",
              "2017-05-10",
              "2017-05-01",
              "2017-03-01",
              "2016-09-01",
              "2016-07-01",
              "2016-06-01",
              "2016-02-01",
              "2015-11-01",
              "2015-01-01",
              "2014-04-01-preview"
            ],
            "apiProfiles": [
              {
                "profileVersion": "2018-06-01-profile",
                "apiVersion": "2016-06-01"
              },
              {
                "profileVersion": "2019-03-01-hybrid",
                "apiVersion": "2018-05-01"
              }
            ],
            "capabilities": "None"
          },
          {
            "resourceType": "subscriptions/tagNames/tagValues",
            "locations": [],
            "apiVersions": [
              "2019-05-01",
              "2019-04-01",
              "2019-03-01",
              "2018-11-01",
              "2018-09-01",
              "2018-08-01",
              "2018-07-01",
              "2018-05-01",
              "2018-02-01",
              "2018-01-01",
              "2017-08-01",
              "2017-06-01",
              "2017-05-10",
              "2017-05-01",
              "2017-03-01",
              "2016-09-01",
              "2016-07-01",
              "2016-06-01",
              "2016-02-01",
              "2015-11-01",
              "2015-01-01",
              "2014-04-01-preview"
            ],
            "apiProfiles": [
              {
                "profileVersion": "2018-06-01-profile",
                "apiVersion": "2016-06-01"
              },
              {
                "profileVersion": "2019-03-01-hybrid",
                "apiVersion": "2018-05-01"
              }
            ],
            "capabilities": "None"
          },
          {
            "resourceType": "deployments",
            "locations": [],
            "apiVersions": [
              "2021-04-01",
              "2021-01-01",
              "2020-10-01",
              "2020-06-01",
              "2019-09-01",
              "2019-08-01",
              "2019-05-01",
              "2019-04-01",
              "2019-03-01",
              "2018-11-01",
              "2018-09-01",
              "2018-08-01",
              "2018-07-01",
              "2018-05-01",
              "2018-02-01",
              "2018-01-01",
              "2017-08-01",
              "2017-06-01",
              "2017-05-10",
              "2017-05-01",
              "2017-03-01",
              "2016-09-01",
              "2016-07-01",
              "2016-06-01",
              "2016-02-01",
              "2015-11-01",
              "2015-01-01",
              "2014-04-01-preview"
            ],
            "apiProfiles": [
              {
                "profileVersion": "2018-06-01-profile",
                "apiVersion": "2016-06-01"
              },
              {
                "profileVersion": "2019-03-01-hybrid",
                "apiVersion": "2018-05-01"
              }
            ],
            "capabilities": "None"
          },
          {
            "resourceType": "deployments/operations",
            "locations": [],
            "apiVersions": [
              "2021-04-01",
              "2021-01-01",
              "2020-10-01",
              "2020-06-01",
              "2019-09-01",
              "2019-05-01",
              "2019-04-01",
              "2019-03-01",
              "2018-11-01",
              "2018-09-01",
              "2018-08-01",
              "2018-07-01",
              "2018-05-01",
              "2018-02-01",
              "2018-01-01",
              "2017-08-01",
              "2017-06-01",
              "2017-05-10",
              "2017-05-01",
              "2017-03-01",
              "2016-09-01",
              "2016-07-01",
              "2016-06-01",
              "2016-02-01",
              "2015-11-01",
              "2015-01-01",
              "2014-04-01-preview"
            ],
            "apiProfiles": [
              {
                "profileVersion": "2018-06-01-profile",
                "apiVersion": "2016-06-01"
              },
              {
                "profileVersion": "2019-03-01-hybrid",
                "apiVersion": "2018-05-01"
              }
            ],
            "capabilities": "None"
          },
          {
            "resourceType": "links",
            "locations": [],
            "apiVersions": [
              "2019-05-01",
              "2019-04-01",
              "2019-03-01",
              "2018-11-01",
              "2018-09-01",
              "2018-08-01",
              "2018-07-01",
              "2018-05-01",
              "2018-02-01",
              "2018-01-01",
              "2017-08-01",
              "2017-06-01",
              "2017-05-10",
              "2017-05-01",
              "2017-03-01",
              "2016-09-01",
              "2016-07-01",
              "2016-06-01",
              "2016-02-01",
              "2015-11-01",
              "2015-01-01",
              "2014-04-01-preview"
            ],
            "apiProfiles": [
              {
                "profileVersion": "2018-06-01-profile",
                "apiVersion": "2016-06-01"
              },
              {
                "profileVersion": "2019-03-01-hybrid",
                "apiVersion": "2018-05-01"
              }
            ],
            "capabilities": "SupportsExtension"
          },
          {
            "resourceType": "operations",
            "locations": [],
            "apiVersions": [
              "2015-01-01"
            ],
            "apiProfiles": [
              {
                "profileVersion": "2018-06-01-profile",
                "apiVersion": "2015-01-01"
              }
            ],
            "capabilities": "None"
          },
          {
            "resourceType": "bulkDelete",
            "locations": [],
            "apiVersions": [
              "2019-05-01",
              "2019-04-01",
              "2019-03-01",
              "2018-11-01",
              "2018-09-01",
              "2018-08-01",
              "2018-07-01",
              "2018-05-01",
              "2018-02-01",
              "2018-01-01",
              "2017-08-01",
              "2017-06-01",
              "2017-05-10",
              "2017-05-01",
              "2017-03-01",
              "2016-09-01",
              "2016-07-01",
              "2016-06-01",
              "2016-02-01",
              "2015-11-01",
              "2015-01-01",
              "2014-04-01-preview"
            ],
            "capabilities": "None"
          },
          {
            "resourceType": "deploymentScripts",
            "locations": [
              "East Asia",
              "Southeast Asia",
              "Australia East",
              "Australia Southeast",
              "Brazil South",
              "Canada Central",
              "Canada East",
              "Switzerland North",
              "Germany West Central",
              "East US 2",
              "East US",
              "Central US",
              "North Central US",
              "France Central",
              "UK South",
              "UK West",
              "Central India",
              "South India",
              "Jio India West",
              "Japan East",
              "Japan West",
              "Korea Central",
              "North Europe",
              "Norway East",
              "Sweden Central",
              "UAE North",
              "West Central US",
              "West Europe",
              "West US 2",
              "West US",
              "South Central US",
              "West US 3",
              "South Africa North"
            ],
            "apiVersions": [
              "2020-10-01",
              "2019-10-01-preview"
            ],
            "capabilities": "SupportsTags, SupportsLocation"
          },
          {
            "resourceType": "deploymentScripts/logs",
            "locations": [
              "East Asia",
              "Southeast Asia",
              "Australia East",
              "Australia Southeast",
              "Brazil South",
              "Canada Central",
              "Canada East",
              "Switzerland North",
              "Germany West Central",
              "East US 2",
              "East US",
              "Central US",
              "North Central US",
              "France Central",
              "UK South",
              "UK West",
              "Central India",
              "South India",
              "Jio India West",
              "Japan East",
              "Japan West",
              "Korea Central",
              "North Europe",
              "Norway East",
              "Sweden Central",
              "UAE North",
              "West Central US",
              "West Europe",
              "West US 2",
              "West US",
              "South Central US",
              "West US 3",
              "South Africa North"
            ],
            "apiVersions": [
              "2020-10-01",
              "2019-10-01-preview"
            ],
            "capabilities": "None"
          },
          {
            "resourceType": "locations/deploymentScriptOperationResults",
            "locations": [
              "East Asia",
              "Southeast Asia",
              "Australia East",
              "Australia Southeast",
              "Brazil South",
              "Canada Central",
              "Canada East",
              "Switzerland North",
              "Germany West Central",
              "East US 2",
              "East US",
              "Central US",
              "North Central US",
              "France Central",
              "UK South",
              "UK West",
              "Central India",
              "South India",
              "Jio India West",
              "Japan East",
              "Japan West",
              "Korea Central",
              "North Europe",
              "Norway East",
              "Sweden Central",
              "UAE North",
              "West Central US",
              "West Europe",
              "West US 2",
              "West US",
              "South Central US",
              "West US 3",
              "South Africa North"
            ],
            "apiVersions": [
              "2020-10-01",
              "2019-10-01-preview"
            ],
            "capabilities": "None"
          },
          {
            "resourceType": "templateSpecs",
            "locations": [
              "East Asia",
              "Southeast Asia",
              "Australia East",
              "Australia Central",
              "Australia Central 2",
              "Australia Southeast",
              "Brazil South",
              "Canada Central",
              "Canada East",
              "Switzerland North",
              "Germany West Central",
              "East US 2",
              "East US",
              "Central US",
              "North Central US",
              "France Central",
              "UK South",
              "UK West",
              "Central India",
              "West India",
              "Jio India West",
              "South India",
              "Japan East",
              "Japan West",
              "Korea Central",
              "Korea South",
              "North Europe",
              "Norway East",
              "Sweden Central",
              "UAE North",
              "West Central US",
              "West Europe",
              "West US 2",
              "West US",
              "West US 3",
              "South Central US",
              "South Africa North"
            ],
            "apiVersions": [
              "2022-02-01",
              "2021-05-01",
              "2021-03-01-preview",
              "2019-06-01-preview"
            ],
            "capabilities": "CrossResourceGroupResourceMove, CrossSubscriptionResourceMove, SupportsTags, SupportsLocation"
          },
          {
            "resourceType": "templateSpecs/versions",
            "locations": [
              "East Asia",
              "Southeast Asia",
              "Australia East",
              "Australia Central",
              "Australia Central 2",
              "Australia Southeast",
              "Brazil South",
              "Canada Central",
              "Canada East",
              "Switzerland North",
              "Germany West Central",
              "East US 2",
              "East US",
              "Central US",
              "North Central US",
              "France Central",
              "UK South",
              "UK West",
              "Central India",
              "West India",
              "Jio India West",
              "South India",
              "Japan East",
              "Japan West",
              "Korea Central",
              "Korea South",
              "North Europe",
              "Norway East",
              "Sweden Central",
              "UAE North",
              "West Central US",
              "West Europe",
              "West US 2",
              "West US",
              "West US 3",
              "South Central US",
              "South Africa North"
            ],
            "apiVersions": [
              "2022-02-01",
              "2021-05-01",
              "2021-03-01-preview",
              "2019-06-01-preview"
            ],
            "capabilities": "CrossResourceGroupResourceMove, CrossSubscriptionResourceMove, SupportsTags, SupportsLocation"
          },
          {
            "resourceType": "builtInTemplateSpecs",
            "locations": [],
            "apiVersions": [
              "2022-02-01"
            ],
            "capabilities": "None"
          },
          {
            "resourceType": "builtInTemplateSpecs/versions",
            "locations": [],
            "apiVersions": [
              "2022-02-01"
            ],
            "capabilities": "None"
          },
          {
            "resourceType": "changes",
            "locations": [],
            "apiVersions": [
              "2022-05-01",
              "2022-03-01-preview"
            ],
            "capabilities": "SupportsExtension"
          }
        ],
        "registrationState": "Registered",
        "registrationPolicy": "RegistrationFree"
      }
    },
    {
      "RequestUri": "https://management.azure.com/subscriptions/db1ab6f0-4769-4b27-930e-01e2ef9c123c/resourceGroups/Communication-RG-8536/providers/Microsoft.Communication/emailServices/email-test24/domains/domain-4000.com/providers/Microsoft.Resources/tags/default?api-version=**",
      "RequestMethod": "GET",
      "RequestHeaders": {
        "Accept": "application/json",
        "Authorization": "Sanitized",
        "traceparent": "00-1c74b810d3beef3a55ea15e13b65253f-e6b90f26104e53e6-00",
        "User-Agent": "azsdk-net-ResourceManager/1.3.0-alpha.20220801.2 (.NET 6.0.7; Microsoft Windows 10.0.22000)",
        "x-ms-client-request-id": "0377f0107646df8051d33ff1ec8e3288",
        "x-ms-return-client-request-id": "true"
      },
      "RequestBody": null,
      "StatusCode": 200,
      "ResponseHeaders": {
        "Cache-Control": "no-cache",
        "Content-Length": "303",
        "Content-Type": "application/json; charset=utf-8",
        "Date": "Tue, 09 Aug 2022 01:04:20 GMT",
        "Expires": "-1",
        "Pragma": "no-cache",
        "Strict-Transport-Security": "max-age=31536000; includeSubDomains",
        "X-Content-Type-Options": "nosniff",
        "x-ms-correlation-request-id": "67da4173-9d5c-4b94-9322-53b7642396c7",
        "x-ms-ratelimit-remaining-subscription-reads": "11672",
        "x-ms-request-id": "67da4173-9d5c-4b94-9322-53b7642396c7",
        "x-ms-routing-request-id": "WESTUS2:20220809T010421Z:67da4173-9d5c-4b94-9322-53b7642396c7"
      },
      "ResponseBody": {
        "id": "/subscriptions/db1ab6f0-4769-4b27-930e-01e2ef9c123c/resourceGroups/Communication-RG-8536/providers/Microsoft.Communication/EmailServices/email-test24/Domains/domain-4000.com/providers/Microsoft.Resources/tags/default",
        "name": "default",
        "type": "Microsoft.Resources/tags",
        "properties": {
          "tags": {}
        }
      }
    },
    {
      "RequestUri": "https://management.azure.com/subscriptions/db1ab6f0-4769-4b27-930e-01e2ef9c123c/resourceGroups/Communication-RG-8536/providers/Microsoft.Communication/emailServices/email-test24/domains/domain-4000.com/providers/Microsoft.Resources/tags/default?api-version=**",
      "RequestMethod": "PUT",
      "RequestHeaders": {
        "Accept": "application/json",
        "Authorization": "Sanitized",
        "Content-Length": "47",
        "Content-Type": "application/json",
        "traceparent": "00-1c74b810d3beef3a55ea15e13b65253f-736f4af154536e47-00",
        "User-Agent": "azsdk-net-ResourceManager/1.3.0-alpha.20220801.2 (.NET 6.0.7; Microsoft Windows 10.0.22000)",
        "x-ms-client-request-id": "cb8afdd21b05275e530925883bde9bc5",
        "x-ms-return-client-request-id": "true"
      },
      "RequestBody": {
        "properties": {
          "tags": {
            "testkey": "testvalue"
          }
        }
      },
      "StatusCode": 200,
      "ResponseHeaders": {
        "Cache-Control": "no-cache",
        "Content-Length": "324",
        "Content-Type": "application/json; charset=utf-8",
        "Date": "Tue, 09 Aug 2022 01:04:21 GMT",
        "Expires": "-1",
        "Pragma": "no-cache",
        "Strict-Transport-Security": "max-age=31536000; includeSubDomains",
        "X-Content-Type-Options": "nosniff",
        "x-ms-correlation-request-id": "77d610a8-27c1-4c4f-8076-aa9fab723c7d",
        "x-ms-ratelimit-remaining-subscription-writes": "1168",
        "x-ms-request-id": "77d610a8-27c1-4c4f-8076-aa9fab723c7d",
        "x-ms-routing-request-id": "WESTUS2:20220809T010422Z:77d610a8-27c1-4c4f-8076-aa9fab723c7d"
      },
      "ResponseBody": {
        "id": "/subscriptions/db1ab6f0-4769-4b27-930e-01e2ef9c123c/resourceGroups/Communication-RG-8536/providers/Microsoft.Communication/EmailServices/email-test24/Domains/domain-4000.com/providers/Microsoft.Resources/tags/default",
        "name": "default",
        "type": "Microsoft.Resources/tags",
        "properties": {
          "tags": {
            "testkey": "testvalue"
          }
        }
      }
    },
    {
      "RequestUri": "https://management.azure.com/subscriptions/db1ab6f0-4769-4b27-930e-01e2ef9c123c/resourceGroups/Communication-RG-8536/providers/Microsoft.Communication/emailServices/email-test24/domains/domain-4000.com?api-version=2021-10-01-preview",
      "RequestMethod": "GET",
      "RequestHeaders": {
        "Accept": "application/json",
        "Authorization": "Sanitized",
        "traceparent": "00-1c74b810d3beef3a55ea15e13b65253f-60c31cbd2344295b-00",
        "User-Agent": "azsdk-net-ResourceManager.Communication/1.1.0-alpha.20220808.1 (.NET 6.0.7; Microsoft Windows 10.0.22000)",
        "x-ms-client-request-id": "dcd02188b49d79e98cebf25fd43d7135",
        "x-ms-return-client-request-id": "true"
      },
      "RequestBody": null,
      "StatusCode": 200,
      "ResponseHeaders": {
        "Cache-Control": "no-cache",
        "Content-Length": "1617",
        "Content-Type": "application/json; charset=utf-8",
        "Date": "Tue, 09 Aug 2022 01:04:21 GMT",
        "ETag": "\u002240003b07-0000-0700-0000-62f1b2950000\u0022",
        "Expires": "-1",
        "Pragma": "no-cache",
        "Strict-Transport-Security": "max-age=31536000; includeSubDomains",
        "X-Content-Type-Options": "nosniff",
        "x-ms-correlation-request-id": "53016e9e-45c8-4a48-b5f1-8366153b4b0e",
        "x-ms-providerhub-traffic": "True",
        "x-ms-ratelimit-remaining-subscription-reads": "11671",
        "x-ms-request-id": "73acf948-7350-4883-bd26-9070666d6fb6",
        "x-ms-routing-request-id": "WESTUS2:20220809T010422Z:53016e9e-45c8-4a48-b5f1-8366153b4b0e"
      },
      "ResponseBody": {
        "id": "/subscriptions/db1ab6f0-4769-4b27-930e-01e2ef9c123c/resourceGroups/Communication-RG-8536/providers/Microsoft.Communication/emailServices/email-test24/domains/domain-4000.com",
        "name": "domain-4000.com",
        "type": "microsoft.communication/emailservices/domains",
        "location": "global",
        "tags": {
          "testkey": "testvalue"
        },
        "systemData": {
          "createdBy": "63113597-dbba-427d-82d3-94e4060d0e8b",
          "createdByType": "Application",
          "createdAt": "2022-08-09T01:02:42.1387357Z",
          "lastModifiedBy": "63113597-dbba-427d-82d3-94e4060d0e8b",
          "lastModifiedByType": "Application",
          "lastModifiedAt": "2022-08-09T01:04:21.3175861Z"
        },
        "properties": {
          "dataLocation": "unitedstates",
          "fromSenderDomain": "domain-4000.com",
          "mailFromSenderDomain": "domain-4000.com",
          "domainManagement": "CustomerManaged",
          "verificationStates": {
            "Domain": {
              "status": "NotStarted"
            },
            "SPF": {
              "status": "NotStarted"
            },
            "DKIM": {
              "status": "NotStarted"
            },
            "DKIM2": {
              "status": "NotStarted"
            },
            "DMARC": {
              "status": "NotStarted"
            }
          },
          "verificationRecords": {
            "Domain": {
              "type": "TXT",
              "name": "domain-4000.com",
              "value": "ms-domain-verification=45054847-8254-48db-8db6-7e0809631d54",
              "ttl": 3600
            },
            "SPF": {
              "type": "TXT",
              "name": "domain-4000.com",
              "value": "v=spf1 include:spf.protection.outlook.com -all",
              "ttl": 3600
            },
            "DKIM": {
              "type": "CNAME",
              "name": "selector1-azurecomm-prod-net._domainkey",
              "value": "selector1-azurecomm-prod-net._domainkey.azurecomm.net",
              "ttl": 3600
            },
            "DKIM2": {
              "type": "CNAME",
              "name": "selector2-azurecomm-prod-net._domainkey",
              "value": "selector2-azurecomm-prod-net._domainkey.azurecomm.net",
              "ttl": 3600
            }
          },
          "validSenderUsernames": {
            "username": "displayName"
          },
          "userEngagementTracking": "Disabled",
          "provisioningState": "Succeeded"
        }
      }
    },
    {
      "RequestUri": "https://management.azure.com/subscriptions/db1ab6f0-4769-4b27-930e-01e2ef9c123c/resourceGroups/Communication-RG-8536/providers/Microsoft.Communication/emailServices/email-test24/domains/domain-4000.com?api-version=2021-10-01-preview",
      "RequestMethod": "GET",
      "RequestHeaders": {
        "Accept": "application/json",
        "Authorization": "Sanitized",
        "traceparent": "00-f3ed9a3605fc0795110b14e2fc61e644-4d542ac2bccafaf6-00",
        "User-Agent": "azsdk-net-ResourceManager.Communication/1.1.0-alpha.20220808.1 (.NET 6.0.7; Microsoft Windows 10.0.22000)",
        "x-ms-client-request-id": "8fe4938878baf40a914faf3d50f7a473",
        "x-ms-return-client-request-id": "true"
      },
      "RequestBody": null,
      "StatusCode": 200,
      "ResponseHeaders": {
        "Cache-Control": "no-cache",
        "Content-Length": "1617",
        "Content-Type": "application/json; charset=utf-8",
        "Date": "Tue, 09 Aug 2022 01:04:22 GMT",
        "ETag": "\u002240003b07-0000-0700-0000-62f1b2950000\u0022",
        "Expires": "-1",
        "Pragma": "no-cache",
        "Strict-Transport-Security": "max-age=31536000; includeSubDomains",
        "X-Content-Type-Options": "nosniff",
        "x-ms-correlation-request-id": "5ed2dd5f-b561-4fbf-8673-a222a599fc02",
        "x-ms-providerhub-traffic": "True",
        "x-ms-ratelimit-remaining-subscription-reads": "11670",
        "x-ms-request-id": "6a3b6ee6-3c82-4fc2-b2dc-d36a42ff79e5",
        "x-ms-routing-request-id": "WESTUS2:20220809T010422Z:5ed2dd5f-b561-4fbf-8673-a222a599fc02"
      },
      "ResponseBody": {
        "id": "/subscriptions/db1ab6f0-4769-4b27-930e-01e2ef9c123c/resourceGroups/Communication-RG-8536/providers/Microsoft.Communication/emailServices/email-test24/domains/domain-4000.com",
        "name": "domain-4000.com",
        "type": "microsoft.communication/emailservices/domains",
        "location": "global",
        "tags": {
          "testkey": "testvalue"
        },
        "systemData": {
          "createdBy": "63113597-dbba-427d-82d3-94e4060d0e8b",
          "createdByType": "Application",
          "createdAt": "2022-08-09T01:02:42.1387357Z",
          "lastModifiedBy": "63113597-dbba-427d-82d3-94e4060d0e8b",
          "lastModifiedByType": "Application",
          "lastModifiedAt": "2022-08-09T01:04:21.3175861Z"
        },
        "properties": {
          "dataLocation": "unitedstates",
          "fromSenderDomain": "domain-4000.com",
          "mailFromSenderDomain": "domain-4000.com",
          "domainManagement": "CustomerManaged",
          "verificationStates": {
            "Domain": {
              "status": "NotStarted"
            },
            "SPF": {
              "status": "NotStarted"
            },
            "DKIM": {
              "status": "NotStarted"
            },
            "DKIM2": {
              "status": "NotStarted"
            },
            "DMARC": {
              "status": "NotStarted"
            }
          },
          "verificationRecords": {
            "Domain": {
              "type": "TXT",
              "name": "domain-4000.com",
              "value": "ms-domain-verification=45054847-8254-48db-8db6-7e0809631d54",
              "ttl": 3600
            },
            "SPF": {
              "type": "TXT",
              "name": "domain-4000.com",
              "value": "v=spf1 include:spf.protection.outlook.com -all",
              "ttl": 3600
            },
            "DKIM": {
              "type": "CNAME",
              "name": "selector1-azurecomm-prod-net._domainkey",
              "value": "selector1-azurecomm-prod-net._domainkey.azurecomm.net",
              "ttl": 3600
            },
            "DKIM2": {
              "type": "CNAME",
              "name": "selector2-azurecomm-prod-net._domainkey",
              "value": "selector2-azurecomm-prod-net._domainkey.azurecomm.net",
              "ttl": 3600
            }
          },
          "validSenderUsernames": {
            "username": "displayName"
          },
          "userEngagementTracking": "Disabled",
          "provisioningState": "Succeeded"
        }
      }
    },
    {
      "RequestUri": "https://management.azure.com/subscriptions/db1ab6f0-4769-4b27-930e-01e2ef9c123c/resourceGroups/Communication-RG-8536/providers/Microsoft.Communication/emailServices/email-test24/domains/domain-4000.com/providers/Microsoft.Resources/tags/default?api-version=**",
      "RequestMethod": "DELETE",
      "RequestHeaders": {
        "Accept": "application/json",
        "Authorization": "Sanitized",
        "traceparent": "00-9a1fac62c9c1be6e2faf2cd2deffda33-8af3c78c9c378c7b-00",
        "User-Agent": "azsdk-net-ResourceManager/1.3.0-alpha.20220801.2 (.NET 6.0.7; Microsoft Windows 10.0.22000)",
        "x-ms-client-request-id": "cb697a3755bd1deb13113e1a28ff5315",
        "x-ms-return-client-request-id": "true"
      },
      "RequestBody": null,
      "StatusCode": 200,
      "ResponseHeaders": {
        "Cache-Control": "no-cache",
        "Content-Length": "0",
        "Date": "Tue, 09 Aug 2022 01:04:22 GMT",
        "Expires": "-1",
        "Pragma": "no-cache",
        "Strict-Transport-Security": "max-age=31536000; includeSubDomains",
        "X-Content-Type-Options": "nosniff",
        "x-ms-correlation-request-id": "e07aeb5f-5354-425e-bd46-d2543eb02d70",
        "x-ms-ratelimit-remaining-subscription-deletes": "14988",
        "x-ms-request-id": "e07aeb5f-5354-425e-bd46-d2543eb02d70",
        "x-ms-routing-request-id": "WESTUS2:20220809T010423Z:e07aeb5f-5354-425e-bd46-d2543eb02d70"
      },
      "ResponseBody": null
    },
    {
      "RequestUri": "https://management.azure.com/subscriptions/db1ab6f0-4769-4b27-930e-01e2ef9c123c/resourceGroups/Communication-RG-8536/providers/Microsoft.Communication/emailServices/email-test24/domains/domain-4000.com/providers/Microsoft.Resources/tags/default?api-version=**",
      "RequestMethod": "GET",
      "RequestHeaders": {
        "Accept": "application/json",
        "Authorization": "Sanitized",
        "traceparent": "00-9a1fac62c9c1be6e2faf2cd2deffda33-609cc30a2ad5f49a-00",
        "User-Agent": "azsdk-net-ResourceManager/1.3.0-alpha.20220801.2 (.NET 6.0.7; Microsoft Windows 10.0.22000)",
        "x-ms-client-request-id": "a7ffef970bf9100b16dc4a4d04ac2895",
        "x-ms-return-client-request-id": "true"
      },
      "RequestBody": null,
      "StatusCode": 200,
      "ResponseHeaders": {
        "Cache-Control": "no-cache",
        "Content-Length": "303",
        "Content-Type": "application/json; charset=utf-8",
        "Date": "Tue, 09 Aug 2022 01:04:23 GMT",
        "Expires": "-1",
        "Pragma": "no-cache",
        "Strict-Transport-Security": "max-age=31536000; includeSubDomains",
        "X-Content-Type-Options": "nosniff",
        "x-ms-correlation-request-id": "59a634b3-33ab-4544-877b-b586335954d1",
        "x-ms-ratelimit-remaining-subscription-reads": "11669",
        "x-ms-request-id": "59a634b3-33ab-4544-877b-b586335954d1",
        "x-ms-routing-request-id": "WESTUS2:20220809T010423Z:59a634b3-33ab-4544-877b-b586335954d1"
      },
      "ResponseBody": {
        "id": "/subscriptions/db1ab6f0-4769-4b27-930e-01e2ef9c123c/resourceGroups/Communication-RG-8536/providers/Microsoft.Communication/EmailServices/email-test24/Domains/domain-4000.com/providers/Microsoft.Resources/tags/default",
        "name": "default",
        "type": "Microsoft.Resources/tags",
        "properties": {
          "tags": {}
        }
      }
    },
    {
      "RequestUri": "https://management.azure.com/subscriptions/db1ab6f0-4769-4b27-930e-01e2ef9c123c/resourceGroups/Communication-RG-8536/providers/Microsoft.Communication/emailServices/email-test24/domains/domain-4000.com/providers/Microsoft.Resources/tags/default?api-version=**",
      "RequestMethod": "PUT",
      "RequestHeaders": {
        "Accept": "application/json",
        "Authorization": "Sanitized",
        "Content-Length": "53",
        "Content-Type": "application/json",
        "traceparent": "00-9a1fac62c9c1be6e2faf2cd2deffda33-7a2b8cf67e826188-00",
        "User-Agent": "azsdk-net-ResourceManager/1.3.0-alpha.20220801.2 (.NET 6.0.7; Microsoft Windows 10.0.22000)",
        "x-ms-client-request-id": "5a277e46a5d43378a8c77ca839f0cb92",
        "x-ms-return-client-request-id": "true"
      },
      "RequestBody": {
        "properties": {
          "tags": {
            "newtestkey": "newtestvalue"
          }
        }
      },
      "StatusCode": 200,
      "ResponseHeaders": {
        "Cache-Control": "no-cache",
        "Content-Length": "330",
        "Content-Type": "application/json; charset=utf-8",
        "Date": "Tue, 09 Aug 2022 01:04:23 GMT",
        "Expires": "-1",
        "Pragma": "no-cache",
        "Strict-Transport-Security": "max-age=31536000; includeSubDomains",
        "X-Content-Type-Options": "nosniff",
        "x-ms-correlation-request-id": "993f9b1f-0dbd-4603-93ea-4dc44a5d2097",
        "x-ms-ratelimit-remaining-subscription-writes": "1167",
        "x-ms-request-id": "993f9b1f-0dbd-4603-93ea-4dc44a5d2097",
        "x-ms-routing-request-id": "WESTUS2:20220809T010424Z:993f9b1f-0dbd-4603-93ea-4dc44a5d2097"
      },
      "ResponseBody": {
        "id": "/subscriptions/db1ab6f0-4769-4b27-930e-01e2ef9c123c/resourceGroups/Communication-RG-8536/providers/Microsoft.Communication/EmailServices/email-test24/Domains/domain-4000.com/providers/Microsoft.Resources/tags/default",
        "name": "default",
        "type": "Microsoft.Resources/tags",
        "properties": {
          "tags": {
            "newtestkey": "newtestvalue"
          }
        }
      }
    },
    {
      "RequestUri": "https://management.azure.com/subscriptions/db1ab6f0-4769-4b27-930e-01e2ef9c123c/resourceGroups/Communication-RG-8536/providers/Microsoft.Communication/emailServices/email-test24/domains/domain-4000.com?api-version=2021-10-01-preview",
      "RequestMethod": "GET",
      "RequestHeaders": {
        "Accept": "application/json",
        "Authorization": "Sanitized",
        "traceparent": "00-9a1fac62c9c1be6e2faf2cd2deffda33-3326f75c4a221256-00",
        "User-Agent": "azsdk-net-ResourceManager.Communication/1.1.0-alpha.20220808.1 (.NET 6.0.7; Microsoft Windows 10.0.22000)",
        "x-ms-client-request-id": "60a59afcfcf82b7a6e59b5e10a9d1866",
        "x-ms-return-client-request-id": "true"
      },
      "RequestBody": null,
      "StatusCode": 200,
      "ResponseHeaders": {
        "Cache-Control": "no-cache",
        "Content-Length": "1623",
        "Content-Type": "application/json; charset=utf-8",
        "Date": "Tue, 09 Aug 2022 01:04:24 GMT",
        "ETag": "\u002240004407-0000-0700-0000-62f1b2980000\u0022",
        "Expires": "-1",
        "Pragma": "no-cache",
        "Strict-Transport-Security": "max-age=31536000; includeSubDomains",
        "X-Content-Type-Options": "nosniff",
        "x-ms-correlation-request-id": "436c876d-a786-4d66-be68-89edc9c5011b",
        "x-ms-providerhub-traffic": "True",
        "x-ms-ratelimit-remaining-subscription-reads": "11668",
        "x-ms-request-id": "a9386192-9bf5-4c66-b0f5-a3cb1ad2d4fe",
        "x-ms-routing-request-id": "WESTUS2:20220809T010424Z:436c876d-a786-4d66-be68-89edc9c5011b"
      },
      "ResponseBody": {
        "id": "/subscriptions/db1ab6f0-4769-4b27-930e-01e2ef9c123c/resourceGroups/Communication-RG-8536/providers/Microsoft.Communication/emailServices/email-test24/domains/domain-4000.com",
        "name": "domain-4000.com",
        "type": "microsoft.communication/emailservices/domains",
        "location": "global",
        "tags": {
          "newtestkey": "newtestvalue"
        },
        "systemData": {
          "createdBy": "63113597-dbba-427d-82d3-94e4060d0e8b",
          "createdByType": "Application",
          "createdAt": "2022-08-09T01:02:42.1387357Z",
          "lastModifiedBy": "63113597-dbba-427d-82d3-94e4060d0e8b",
          "lastModifiedByType": "Application",
          "lastModifiedAt": "2022-08-09T01:04:23.5526348Z"
        },
        "properties": {
          "dataLocation": "unitedstates",
          "fromSenderDomain": "domain-4000.com",
          "mailFromSenderDomain": "domain-4000.com",
          "domainManagement": "CustomerManaged",
          "verificationStates": {
            "Domain": {
              "status": "NotStarted"
            },
            "SPF": {
              "status": "NotStarted"
            },
            "DKIM": {
              "status": "NotStarted"
            },
            "DKIM2": {
              "status": "NotStarted"
            },
            "DMARC": {
              "status": "NotStarted"
            }
          },
          "verificationRecords": {
            "Domain": {
              "type": "TXT",
              "name": "domain-4000.com",
              "value": "ms-domain-verification=45054847-8254-48db-8db6-7e0809631d54",
              "ttl": 3600
            },
            "SPF": {
              "type": "TXT",
              "name": "domain-4000.com",
              "value": "v=spf1 include:spf.protection.outlook.com -all",
              "ttl": 3600
            },
            "DKIM": {
              "type": "CNAME",
              "name": "selector1-azurecomm-prod-net._domainkey",
              "value": "selector1-azurecomm-prod-net._domainkey.azurecomm.net",
              "ttl": 3600
            },
            "DKIM2": {
              "type": "CNAME",
              "name": "selector2-azurecomm-prod-net._domainkey",
              "value": "selector2-azurecomm-prod-net._domainkey.azurecomm.net",
              "ttl": 3600
            }
          },
          "validSenderUsernames": {
            "username": "displayName"
          },
          "userEngagementTracking": "Disabled",
          "provisioningState": "Succeeded"
        }
      }
    },
    {
      "RequestUri": "https://management.azure.com/subscriptions/db1ab6f0-4769-4b27-930e-01e2ef9c123c/resourceGroups/Communication-RG-8536/providers/Microsoft.Communication/emailServices/email-test24/domains/domain-4000.com?api-version=2021-10-01-preview",
      "RequestMethod": "GET",
      "RequestHeaders": {
        "Accept": "application/json",
        "Authorization": "Sanitized",
        "traceparent": "00-47b533e45bdb30828312351f591d1672-827b4aed5f26bad6-00",
        "User-Agent": "azsdk-net-ResourceManager.Communication/1.1.0-alpha.20220808.1 (.NET 6.0.7; Microsoft Windows 10.0.22000)",
        "x-ms-client-request-id": "a9d3a9e9f9d7f24177ccff318f62d626",
        "x-ms-return-client-request-id": "true"
      },
      "RequestBody": null,
      "StatusCode": 200,
      "ResponseHeaders": {
        "Cache-Control": "no-cache",
        "Content-Length": "1623",
        "Content-Type": "application/json; charset=utf-8",
        "Date": "Tue, 09 Aug 2022 01:04:24 GMT",
        "ETag": "\u002240004407-0000-0700-0000-62f1b2980000\u0022",
        "Expires": "-1",
        "Pragma": "no-cache",
        "Strict-Transport-Security": "max-age=31536000; includeSubDomains",
        "X-Content-Type-Options": "nosniff",
        "x-ms-correlation-request-id": "7f42d658-aa4c-4554-9495-92d96f60ece6",
        "x-ms-providerhub-traffic": "True",
        "x-ms-ratelimit-remaining-subscription-reads": "11667",
        "x-ms-request-id": "86cc22f6-caba-4c21-bdaa-ea210b67c386",
        "x-ms-routing-request-id": "WESTUS2:20220809T010424Z:7f42d658-aa4c-4554-9495-92d96f60ece6"
      },
      "ResponseBody": {
        "id": "/subscriptions/db1ab6f0-4769-4b27-930e-01e2ef9c123c/resourceGroups/Communication-RG-8536/providers/Microsoft.Communication/emailServices/email-test24/domains/domain-4000.com",
        "name": "domain-4000.com",
        "type": "microsoft.communication/emailservices/domains",
        "location": "global",
        "tags": {
          "newtestkey": "newtestvalue"
        },
        "systemData": {
          "createdBy": "63113597-dbba-427d-82d3-94e4060d0e8b",
          "createdByType": "Application",
          "createdAt": "2022-08-09T01:02:42.1387357Z",
          "lastModifiedBy": "63113597-dbba-427d-82d3-94e4060d0e8b",
          "lastModifiedByType": "Application",
          "lastModifiedAt": "2022-08-09T01:04:23.5526348Z"
        },
        "properties": {
          "dataLocation": "unitedstates",
          "fromSenderDomain": "domain-4000.com",
          "mailFromSenderDomain": "domain-4000.com",
          "domainManagement": "CustomerManaged",
          "verificationStates": {
            "Domain": {
              "status": "NotStarted"
            },
            "SPF": {
              "status": "NotStarted"
            },
            "DKIM": {
              "status": "NotStarted"
            },
            "DKIM2": {
              "status": "NotStarted"
            },
            "DMARC": {
              "status": "NotStarted"
            }
          },
          "verificationRecords": {
            "Domain": {
              "type": "TXT",
              "name": "domain-4000.com",
              "value": "ms-domain-verification=45054847-8254-48db-8db6-7e0809631d54",
              "ttl": 3600
            },
            "SPF": {
              "type": "TXT",
              "name": "domain-4000.com",
              "value": "v=spf1 include:spf.protection.outlook.com -all",
              "ttl": 3600
            },
            "DKIM": {
              "type": "CNAME",
              "name": "selector1-azurecomm-prod-net._domainkey",
              "value": "selector1-azurecomm-prod-net._domainkey.azurecomm.net",
              "ttl": 3600
            },
            "DKIM2": {
              "type": "CNAME",
              "name": "selector2-azurecomm-prod-net._domainkey",
              "value": "selector2-azurecomm-prod-net._domainkey.azurecomm.net",
              "ttl": 3600
            }
          },
          "validSenderUsernames": {
            "username": "displayName"
          },
          "userEngagementTracking": "Disabled",
          "provisioningState": "Succeeded"
        }
      }
    },
    {
      "RequestUri": "https://management.azure.com/subscriptions/db1ab6f0-4769-4b27-930e-01e2ef9c123c/resourceGroups/Communication-RG-8536/providers/Microsoft.Communication/emailServices/email-test24/domains?api-version=2021-10-01-preview",
      "RequestMethod": "GET",
      "RequestHeaders": {
        "Accept": "application/json",
        "Authorization": "Sanitized",
        "traceparent": "00-d80380aef4f9855d846e40691f99eb89-72a3f09cb430b86f-00",
        "User-Agent": "azsdk-net-ResourceManager.Communication/1.1.0-alpha.20220808.1 (.NET 6.0.7; Microsoft Windows 10.0.22000)",
        "x-ms-client-request-id": "6a50b810c8074a9c04fbeb7af096280a",
        "x-ms-return-client-request-id": "true"
      },
      "RequestBody": null,
      "StatusCode": 200,
      "ResponseHeaders": {
        "Cache-Control": "no-cache",
        "Content-Length": "1635",
        "Content-Type": "application/json; charset=utf-8",
        "Date": "Tue, 09 Aug 2022 01:04:24 GMT",
        "Expires": "-1",
        "Pragma": "no-cache",
        "Strict-Transport-Security": "max-age=31536000; includeSubDomains",
        "X-Content-Type-Options": "nosniff",
        "x-ms-correlation-request-id": "643ac57a-a208-4c94-8813-cd52b1f6d44b",
        "x-ms-providerhub-traffic": "True",
        "x-ms-ratelimit-remaining-subscription-reads": "11666",
        "x-ms-request-id": "85fc0d24-6634-4900-9855-3e6c15e815ae",
        "x-ms-routing-request-id": "WESTUS2:20220809T010424Z:643ac57a-a208-4c94-8813-cd52b1f6d44b"
      },
      "ResponseBody": {
        "value": [
          {
            "id": "/subscriptions/db1ab6f0-4769-4b27-930e-01e2ef9c123c/resourceGroups/Communication-RG-8536/providers/Microsoft.Communication/emailServices/email-test24/domains/domain-4000.com",
            "name": "domain-4000.com",
            "type": "microsoft.communication/emailservices/domains",
            "location": "global",
            "tags": {
              "newtestkey": "newtestvalue"
            },
            "systemData": {
              "createdBy": "63113597-dbba-427d-82d3-94e4060d0e8b",
              "createdByType": "Application",
              "createdAt": "2022-08-09T01:02:42.1387357Z",
              "lastModifiedBy": "63113597-dbba-427d-82d3-94e4060d0e8b",
              "lastModifiedByType": "Application",
              "lastModifiedAt": "2022-08-09T01:04:23.5526348Z"
            },
            "properties": {
              "dataLocation": "unitedstates",
              "fromSenderDomain": "domain-4000.com",
              "mailFromSenderDomain": "domain-4000.com",
              "domainManagement": "CustomerManaged",
              "verificationStates": {
                "Domain": {
                  "status": "NotStarted"
                },
                "SPF": {
                  "status": "NotStarted"
                },
                "DKIM": {
                  "status": "NotStarted"
                },
                "DKIM2": {
                  "status": "NotStarted"
                },
                "DMARC": {
                  "status": "NotStarted"
                }
              },
              "verificationRecords": {
                "Domain": {
                  "type": "TXT",
                  "name": "domain-4000.com",
                  "value": "ms-domain-verification=45054847-8254-48db-8db6-7e0809631d54",
                  "ttl": 3600
                },
                "SPF": {
                  "type": "TXT",
                  "name": "domain-4000.com",
                  "value": "v=spf1 include:spf.protection.outlook.com -all",
                  "ttl": 3600
                },
                "DKIM": {
                  "type": "CNAME",
                  "name": "selector1-azurecomm-prod-net._domainkey",
                  "value": "selector1-azurecomm-prod-net._domainkey.azurecomm.net",
                  "ttl": 3600
                },
                "DKIM2": {
                  "type": "CNAME",
                  "name": "selector2-azurecomm-prod-net._domainkey",
                  "value": "selector2-azurecomm-prod-net._domainkey.azurecomm.net",
                  "ttl": 3600
                }
              },
              "validSenderUsernames": {
                "username": "displayName"
              },
              "userEngagementTracking": "Disabled",
              "provisioningState": "Succeeded"
            }
          }
        ]
      }
    },
    {
      "RequestUri": "https://management.azure.com/subscriptions/db1ab6f0-4769-4b27-930e-01e2ef9c123c/resourceGroups/Communication-RG-8536/providers/Microsoft.Communication/emailServices/email-test24/domains/domain-4000.com?api-version=2021-10-01-preview",
      "RequestMethod": "DELETE",
      "RequestHeaders": {
        "Accept": "application/json",
        "Authorization": "Sanitized",
        "traceparent": "00-f8c2d8dec204cd546ad5c65fbbf2fef7-b332113eeb0cb0dc-00",
        "User-Agent": "azsdk-net-ResourceManager.Communication/1.1.0-alpha.20220808.1 (.NET 6.0.7; Microsoft Windows 10.0.22000)",
        "x-ms-client-request-id": "8fbf15af211c03bb58b3e82bfd489c0b",
        "x-ms-return-client-request-id": "true"
      },
      "RequestBody": null,
      "StatusCode": 202,
      "ResponseHeaders": {
        "Azure-AsyncOperation": "https://management.azure.com/subscriptions/db1ab6f0-4769-4b27-930e-01e2ef9c123c/providers/Microsoft.Communication/locations/WESTUS2/operationStatuses/66fb7677-1b31-4768-980a-feca2abea350*E7F49BD0D6CD2C3ED888832E4BFDE3230D01234AA70A178D839196114DA52673?api-version=2021-10-01-preview",
        "Cache-Control": "no-cache",
        "Content-Length": "4",
        "Content-Type": "application/json; charset=utf-8",
        "Date": "Tue, 09 Aug 2022 01:04:24 GMT",
        "ETag": "\u002240007f07-0000-0700-0000-62f1b2980000\u0022",
        "Expires": "-1",
        "Location": "https://management.azure.com/subscriptions/db1ab6f0-4769-4b27-930e-01e2ef9c123c/providers/Microsoft.Communication/locations/WESTUS2/operationStatuses/66fb7677-1b31-4768-980a-feca2abea350*E7F49BD0D6CD2C3ED888832E4BFDE3230D01234AA70A178D839196114DA52673?api-version=2021-10-01-preview",
        "Pragma": "no-cache",
        "Strict-Transport-Security": "max-age=31536000; includeSubDomains",
        "X-Content-Type-Options": "nosniff",
        "x-ms-correlation-request-id": "48264579-c1a7-4fda-93db-6c8140e66d20",
        "x-ms-providerhub-traffic": "True",
        "x-ms-ratelimit-remaining-subscription-deletes": "14987",
        "x-ms-request-id": "66fb7677-1b31-4768-980a-feca2abea350",
        "x-ms-routing-request-id": "WESTUS2:20220809T010424Z:48264579-c1a7-4fda-93db-6c8140e66d20"
      },
      "ResponseBody": "null"
    },
    {
      "RequestUri": "https://management.azure.com/subscriptions/db1ab6f0-4769-4b27-930e-01e2ef9c123c/providers/Microsoft.Communication/locations/WESTUS2/operationStatuses/66fb7677-1b31-4768-980a-feca2abea350*E7F49BD0D6CD2C3ED888832E4BFDE3230D01234AA70A178D839196114DA52673?api-version=2021-10-01-preview",
      "RequestMethod": "GET",
      "RequestHeaders": {
        "Authorization": "Sanitized",
        "traceparent": "00-f8c2d8dec204cd546ad5c65fbbf2fef7-8e44bb3a99a70cac-00",
        "User-Agent": "azsdk-net-ResourceManager/1.3.0-alpha.20220801.2 (.NET 6.0.7; Microsoft Windows 10.0.22000)",
        "x-ms-client-request-id": "7982f4a446a2ef09fd4d1154df714cbb",
        "x-ms-return-client-request-id": "true"
      },
      "RequestBody": null,
      "StatusCode": 202,
      "ResponseHeaders": {
        "Cache-Control": "no-cache",
        "Content-Length": "597",
        "Content-Type": "application/json; charset=utf-8",
        "Date": "Tue, 09 Aug 2022 01:04:24 GMT",
        "ETag": "\u00221b0059ea-0000-0800-0000-62f1b2980000\u0022",
        "Expires": "-1",
        "Pragma": "no-cache",
        "Strict-Transport-Security": "max-age=31536000; includeSubDomains",
        "X-Content-Type-Options": "nosniff",
        "x-ms-correlation-request-id": "e789612b-b2fd-4862-9fa8-67c1b4d7f676",
        "x-ms-ratelimit-remaining-subscription-reads": "11665",
        "x-ms-request-id": "74c4845b-51a0-4919-8682-4c1f8e858d98",
        "x-ms-routing-request-id": "WESTUS2:20220809T010425Z:e789612b-b2fd-4862-9fa8-67c1b4d7f676"
      },
      "ResponseBody": {
        "id": "/subscriptions/db1ab6f0-4769-4b27-930e-01e2ef9c123c/providers/Microsoft.Communication/locations/WESTUS2/operationStatuses/66fb7677-1b31-4768-980a-feca2abea350*E7F49BD0D6CD2C3ED888832E4BFDE3230D01234AA70A178D839196114DA52673",
        "name": "66fb7677-1b31-4768-980a-feca2abea350*E7F49BD0D6CD2C3ED888832E4BFDE3230D01234AA70A178D839196114DA52673",
        "resourceId": "/subscriptions/db1ab6f0-4769-4b27-930e-01e2ef9c123c/resourceGroups/Communication-RG-8536/providers/Microsoft.Communication/emailServices/email-test24/domains/domain-4000.com",
        "status": "Deleting",
        "startTime": "2022-08-09T01:04:24.8762459Z"
      }
    },
    {
      "RequestUri": "https://management.azure.com/subscriptions/db1ab6f0-4769-4b27-930e-01e2ef9c123c/providers/Microsoft.Communication/locations/WESTUS2/operationStatuses/66fb7677-1b31-4768-980a-feca2abea350*E7F49BD0D6CD2C3ED888832E4BFDE3230D01234AA70A178D839196114DA52673?api-version=2021-10-01-preview",
      "RequestMethod": "GET",
      "RequestHeaders": {
        "Authorization": "Sanitized",
        "traceparent": "00-f8c2d8dec204cd546ad5c65fbbf2fef7-1c88d5319ae1b778-00",
        "User-Agent": "azsdk-net-ResourceManager/1.3.0-alpha.20220801.2 (.NET 6.0.7; Microsoft Windows 10.0.22000)",
        "x-ms-client-request-id": "61f7df5fd5c601bdb69e83937bdff692",
        "x-ms-return-client-request-id": "true"
      },
      "RequestBody": null,
      "StatusCode": 202,
      "ResponseHeaders": {
        "Cache-Control": "no-cache",
        "Content-Length": "597",
        "Content-Type": "application/json; charset=utf-8",
        "Date": "Tue, 09 Aug 2022 01:04:25 GMT",
        "ETag": "\u00221b0059ea-0000-0800-0000-62f1b2980000\u0022",
        "Expires": "-1",
        "Pragma": "no-cache",
        "Strict-Transport-Security": "max-age=31536000; includeSubDomains",
        "X-Content-Type-Options": "nosniff",
        "x-ms-correlation-request-id": "89ae087d-31b9-4802-8300-2047b03225e2",
        "x-ms-ratelimit-remaining-subscription-reads": "11664",
        "x-ms-request-id": "0ea64cbc-a36e-425d-ad07-7bded55531b4",
        "x-ms-routing-request-id": "WESTUS2:20220809T010426Z:89ae087d-31b9-4802-8300-2047b03225e2"
      },
      "ResponseBody": {
        "id": "/subscriptions/db1ab6f0-4769-4b27-930e-01e2ef9c123c/providers/Microsoft.Communication/locations/WESTUS2/operationStatuses/66fb7677-1b31-4768-980a-feca2abea350*E7F49BD0D6CD2C3ED888832E4BFDE3230D01234AA70A178D839196114DA52673",
        "name": "66fb7677-1b31-4768-980a-feca2abea350*E7F49BD0D6CD2C3ED888832E4BFDE3230D01234AA70A178D839196114DA52673",
        "resourceId": "/subscriptions/db1ab6f0-4769-4b27-930e-01e2ef9c123c/resourceGroups/Communication-RG-8536/providers/Microsoft.Communication/emailServices/email-test24/domains/domain-4000.com",
        "status": "Deleting",
        "startTime": "2022-08-09T01:04:24.8762459Z"
      }
    },
    {
      "RequestUri": "https://management.azure.com/subscriptions/db1ab6f0-4769-4b27-930e-01e2ef9c123c/providers/Microsoft.Communication/locations/WESTUS2/operationStatuses/66fb7677-1b31-4768-980a-feca2abea350*E7F49BD0D6CD2C3ED888832E4BFDE3230D01234AA70A178D839196114DA52673?api-version=2021-10-01-preview",
      "RequestMethod": "GET",
      "RequestHeaders": {
        "Authorization": "Sanitized",
        "traceparent": "00-f8c2d8dec204cd546ad5c65fbbf2fef7-e1d279c99f82d7f6-00",
        "User-Agent": "azsdk-net-ResourceManager/1.3.0-alpha.20220801.2 (.NET 6.0.7; Microsoft Windows 10.0.22000)",
        "x-ms-client-request-id": "098607b122c63c6885e155009b0b419b",
        "x-ms-return-client-request-id": "true"
      },
      "RequestBody": null,
      "StatusCode": 202,
      "ResponseHeaders": {
        "Cache-Control": "no-cache",
        "Content-Length": "597",
        "Content-Type": "application/json; charset=utf-8",
        "Date": "Tue, 09 Aug 2022 01:04:26 GMT",
        "ETag": "\u00221b0059ea-0000-0800-0000-62f1b2980000\u0022",
        "Expires": "-1",
        "Pragma": "no-cache",
        "Strict-Transport-Security": "max-age=31536000; includeSubDomains",
        "X-Content-Type-Options": "nosniff",
        "x-ms-correlation-request-id": "5e5333f9-7c3b-4eba-9d81-f9cc99b08dff",
        "x-ms-ratelimit-remaining-subscription-reads": "11663",
        "x-ms-request-id": "83c3a9f1-c2a7-4029-aca0-0a7e72908de5",
        "x-ms-routing-request-id": "WESTUS2:20220809T010427Z:5e5333f9-7c3b-4eba-9d81-f9cc99b08dff"
      },
      "ResponseBody": {
        "id": "/subscriptions/db1ab6f0-4769-4b27-930e-01e2ef9c123c/providers/Microsoft.Communication/locations/WESTUS2/operationStatuses/66fb7677-1b31-4768-980a-feca2abea350*E7F49BD0D6CD2C3ED888832E4BFDE3230D01234AA70A178D839196114DA52673",
        "name": "66fb7677-1b31-4768-980a-feca2abea350*E7F49BD0D6CD2C3ED888832E4BFDE3230D01234AA70A178D839196114DA52673",
        "resourceId": "/subscriptions/db1ab6f0-4769-4b27-930e-01e2ef9c123c/resourceGroups/Communication-RG-8536/providers/Microsoft.Communication/emailServices/email-test24/domains/domain-4000.com",
        "status": "Deleting",
        "startTime": "2022-08-09T01:04:24.8762459Z"
      }
    },
    {
      "RequestUri": "https://management.azure.com/subscriptions/db1ab6f0-4769-4b27-930e-01e2ef9c123c/providers/Microsoft.Communication/locations/WESTUS2/operationStatuses/66fb7677-1b31-4768-980a-feca2abea350*E7F49BD0D6CD2C3ED888832E4BFDE3230D01234AA70A178D839196114DA52673?api-version=2021-10-01-preview",
      "RequestMethod": "GET",
      "RequestHeaders": {
        "Authorization": "Sanitized",
        "traceparent": "00-f8c2d8dec204cd546ad5c65fbbf2fef7-3020fa3262c1f158-00",
        "User-Agent": "azsdk-net-ResourceManager/1.3.0-alpha.20220801.2 (.NET 6.0.7; Microsoft Windows 10.0.22000)",
        "x-ms-client-request-id": "2d7cea3c9fcece1a3681c304c375731d",
        "x-ms-return-client-request-id": "true"
      },
      "RequestBody": null,
      "StatusCode": 202,
      "ResponseHeaders": {
        "Cache-Control": "no-cache",
        "Content-Length": "597",
        "Content-Type": "application/json; charset=utf-8",
        "Date": "Tue, 09 Aug 2022 01:04:27 GMT",
        "ETag": "\u00221b0059ea-0000-0800-0000-62f1b2980000\u0022",
        "Expires": "-1",
        "Pragma": "no-cache",
        "Strict-Transport-Security": "max-age=31536000; includeSubDomains",
        "X-Content-Type-Options": "nosniff",
        "x-ms-correlation-request-id": "afa88a69-c51f-4504-80b6-06b45f7f70fa",
        "x-ms-ratelimit-remaining-subscription-reads": "11662",
        "x-ms-request-id": "25252d20-6924-44d7-879e-96b12abb5cee",
        "x-ms-routing-request-id": "WESTUS2:20220809T010428Z:afa88a69-c51f-4504-80b6-06b45f7f70fa"
      },
      "ResponseBody": {
        "id": "/subscriptions/db1ab6f0-4769-4b27-930e-01e2ef9c123c/providers/Microsoft.Communication/locations/WESTUS2/operationStatuses/66fb7677-1b31-4768-980a-feca2abea350*E7F49BD0D6CD2C3ED888832E4BFDE3230D01234AA70A178D839196114DA52673",
        "name": "66fb7677-1b31-4768-980a-feca2abea350*E7F49BD0D6CD2C3ED888832E4BFDE3230D01234AA70A178D839196114DA52673",
        "resourceId": "/subscriptions/db1ab6f0-4769-4b27-930e-01e2ef9c123c/resourceGroups/Communication-RG-8536/providers/Microsoft.Communication/emailServices/email-test24/domains/domain-4000.com",
        "status": "Deleting",
        "startTime": "2022-08-09T01:04:24.8762459Z"
      }
    },
    {
      "RequestUri": "https://management.azure.com/subscriptions/db1ab6f0-4769-4b27-930e-01e2ef9c123c/providers/Microsoft.Communication/locations/WESTUS2/operationStatuses/66fb7677-1b31-4768-980a-feca2abea350*E7F49BD0D6CD2C3ED888832E4BFDE3230D01234AA70A178D839196114DA52673?api-version=2021-10-01-preview",
      "RequestMethod": "GET",
      "RequestHeaders": {
        "Authorization": "Sanitized",
        "traceparent": "00-f8c2d8dec204cd546ad5c65fbbf2fef7-e70b6d392acb94e5-00",
        "User-Agent": "azsdk-net-ResourceManager/1.3.0-alpha.20220801.2 (.NET 6.0.7; Microsoft Windows 10.0.22000)",
        "x-ms-client-request-id": "d7a27f5743ea3cf576bbdce580bd65aa",
        "x-ms-return-client-request-id": "true"
      },
      "RequestBody": null,
      "StatusCode": 202,
      "ResponseHeaders": {
        "Cache-Control": "no-cache",
        "Content-Length": "597",
        "Content-Type": "application/json; charset=utf-8",
        "Date": "Tue, 09 Aug 2022 01:04:29 GMT",
        "ETag": "\u00221b0059ea-0000-0800-0000-62f1b2980000\u0022",
        "Expires": "-1",
        "Pragma": "no-cache",
        "Strict-Transport-Security": "max-age=31536000; includeSubDomains",
        "X-Content-Type-Options": "nosniff",
        "x-ms-correlation-request-id": "0f713fb2-0063-4bf0-9c6d-7f1f7b0b22e9",
        "x-ms-ratelimit-remaining-subscription-reads": "11661",
        "x-ms-request-id": "be420e40-b7ff-4f76-a1ef-0297ea372eec",
        "x-ms-routing-request-id": "WESTUS2:20220809T010430Z:0f713fb2-0063-4bf0-9c6d-7f1f7b0b22e9"
      },
      "ResponseBody": {
        "id": "/subscriptions/db1ab6f0-4769-4b27-930e-01e2ef9c123c/providers/Microsoft.Communication/locations/WESTUS2/operationStatuses/66fb7677-1b31-4768-980a-feca2abea350*E7F49BD0D6CD2C3ED888832E4BFDE3230D01234AA70A178D839196114DA52673",
        "name": "66fb7677-1b31-4768-980a-feca2abea350*E7F49BD0D6CD2C3ED888832E4BFDE3230D01234AA70A178D839196114DA52673",
        "resourceId": "/subscriptions/db1ab6f0-4769-4b27-930e-01e2ef9c123c/resourceGroups/Communication-RG-8536/providers/Microsoft.Communication/emailServices/email-test24/domains/domain-4000.com",
        "status": "Deleting",
        "startTime": "2022-08-09T01:04:24.8762459Z"
      }
    },
    {
      "RequestUri": "https://management.azure.com/subscriptions/db1ab6f0-4769-4b27-930e-01e2ef9c123c/providers/Microsoft.Communication/locations/WESTUS2/operationStatuses/66fb7677-1b31-4768-980a-feca2abea350*E7F49BD0D6CD2C3ED888832E4BFDE3230D01234AA70A178D839196114DA52673?api-version=2021-10-01-preview",
      "RequestMethod": "GET",
      "RequestHeaders": {
        "Authorization": "Sanitized",
        "traceparent": "00-f8c2d8dec204cd546ad5c65fbbf2fef7-2029f5525731a58c-00",
        "User-Agent": "azsdk-net-ResourceManager/1.3.0-alpha.20220801.2 (.NET 6.0.7; Microsoft Windows 10.0.22000)",
        "x-ms-client-request-id": "9157e85cc86212c3edb8d2445e647810",
        "x-ms-return-client-request-id": "true"
      },
      "RequestBody": null,
      "StatusCode": 202,
      "ResponseHeaders": {
        "Cache-Control": "no-cache",
        "Content-Length": "597",
        "Content-Type": "application/json; charset=utf-8",
        "Date": "Tue, 09 Aug 2022 01:04:33 GMT",
        "ETag": "\u00221b0059ea-0000-0800-0000-62f1b2980000\u0022",
        "Expires": "-1",
        "Pragma": "no-cache",
        "Strict-Transport-Security": "max-age=31536000; includeSubDomains",
        "X-Content-Type-Options": "nosniff",
        "x-ms-correlation-request-id": "9d0686bc-f6e7-4f77-ac40-e86e3111821a",
        "x-ms-ratelimit-remaining-subscription-reads": "11660",
        "x-ms-request-id": "83c13ecc-1736-4f6f-8bbb-f909c9e095f1",
        "x-ms-routing-request-id": "WESTUS2:20220809T010434Z:9d0686bc-f6e7-4f77-ac40-e86e3111821a"
      },
      "ResponseBody": {
        "id": "/subscriptions/db1ab6f0-4769-4b27-930e-01e2ef9c123c/providers/Microsoft.Communication/locations/WESTUS2/operationStatuses/66fb7677-1b31-4768-980a-feca2abea350*E7F49BD0D6CD2C3ED888832E4BFDE3230D01234AA70A178D839196114DA52673",
        "name": "66fb7677-1b31-4768-980a-feca2abea350*E7F49BD0D6CD2C3ED888832E4BFDE3230D01234AA70A178D839196114DA52673",
        "resourceId": "/subscriptions/db1ab6f0-4769-4b27-930e-01e2ef9c123c/resourceGroups/Communication-RG-8536/providers/Microsoft.Communication/emailServices/email-test24/domains/domain-4000.com",
        "status": "Deleting",
        "startTime": "2022-08-09T01:04:24.8762459Z"
      }
    },
    {
      "RequestUri": "https://management.azure.com/subscriptions/db1ab6f0-4769-4b27-930e-01e2ef9c123c/providers/Microsoft.Communication/locations/WESTUS2/operationStatuses/66fb7677-1b31-4768-980a-feca2abea350*E7F49BD0D6CD2C3ED888832E4BFDE3230D01234AA70A178D839196114DA52673?api-version=2021-10-01-preview",
      "RequestMethod": "GET",
      "RequestHeaders": {
        "Authorization": "Sanitized",
        "traceparent": "00-f8c2d8dec204cd546ad5c65fbbf2fef7-c66d3d51590ca97f-00",
        "User-Agent": "azsdk-net-ResourceManager/1.3.0-alpha.20220801.2 (.NET 6.0.7; Microsoft Windows 10.0.22000)",
        "x-ms-client-request-id": "1ca8376e6a69f8b0f540b612c3344e79",
        "x-ms-return-client-request-id": "true"
      },
      "RequestBody": null,
      "StatusCode": 202,
      "ResponseHeaders": {
        "Cache-Control": "no-cache",
        "Content-Length": "597",
        "Content-Type": "application/json; charset=utf-8",
        "Date": "Tue, 09 Aug 2022 01:04:41 GMT",
        "ETag": "\u00221b0059ea-0000-0800-0000-62f1b2980000\u0022",
        "Expires": "-1",
        "Pragma": "no-cache",
        "Strict-Transport-Security": "max-age=31536000; includeSubDomains",
        "X-Content-Type-Options": "nosniff",
        "x-ms-correlation-request-id": "0ccee817-c4d1-4909-aba7-27788e3a13c8",
        "x-ms-ratelimit-remaining-subscription-reads": "11659",
        "x-ms-request-id": "5633a5dc-e906-4002-9f87-b22cd1bc6d13",
        "x-ms-routing-request-id": "WESTUS2:20220809T010442Z:0ccee817-c4d1-4909-aba7-27788e3a13c8"
      },
      "ResponseBody": {
        "id": "/subscriptions/db1ab6f0-4769-4b27-930e-01e2ef9c123c/providers/Microsoft.Communication/locations/WESTUS2/operationStatuses/66fb7677-1b31-4768-980a-feca2abea350*E7F49BD0D6CD2C3ED888832E4BFDE3230D01234AA70A178D839196114DA52673",
        "name": "66fb7677-1b31-4768-980a-feca2abea350*E7F49BD0D6CD2C3ED888832E4BFDE3230D01234AA70A178D839196114DA52673",
        "resourceId": "/subscriptions/db1ab6f0-4769-4b27-930e-01e2ef9c123c/resourceGroups/Communication-RG-8536/providers/Microsoft.Communication/emailServices/email-test24/domains/domain-4000.com",
        "status": "Deleting",
        "startTime": "2022-08-09T01:04:24.8762459Z"
      }
    },
    {
      "RequestUri": "https://management.azure.com/subscriptions/db1ab6f0-4769-4b27-930e-01e2ef9c123c/providers/Microsoft.Communication/locations/WESTUS2/operationStatuses/66fb7677-1b31-4768-980a-feca2abea350*E7F49BD0D6CD2C3ED888832E4BFDE3230D01234AA70A178D839196114DA52673?api-version=2021-10-01-preview",
      "RequestMethod": "GET",
      "RequestHeaders": {
        "Authorization": "Sanitized",
        "traceparent": "00-f8c2d8dec204cd546ad5c65fbbf2fef7-e38affbe75baaf0b-00",
        "User-Agent": "azsdk-net-ResourceManager/1.3.0-alpha.20220801.2 (.NET 6.0.7; Microsoft Windows 10.0.22000)",
        "x-ms-client-request-id": "dba7191be11d8ebbbb8fe93271b0dd12",
        "x-ms-return-client-request-id": "true"
      },
      "RequestBody": null,
      "StatusCode": 202,
      "ResponseHeaders": {
        "Cache-Control": "no-cache",
        "Content-Length": "597",
        "Content-Type": "application/json; charset=utf-8",
        "Date": "Tue, 09 Aug 2022 01:04:57 GMT",
        "ETag": "\u00221b0059ea-0000-0800-0000-62f1b2980000\u0022",
        "Expires": "-1",
        "Pragma": "no-cache",
        "Strict-Transport-Security": "max-age=31536000; includeSubDomains",
        "X-Content-Type-Options": "nosniff",
        "x-ms-correlation-request-id": "1f6ddc4c-d093-4149-8e8a-1d6b43c02cde",
        "x-ms-ratelimit-remaining-subscription-reads": "11658",
        "x-ms-request-id": "dc9e4363-7b18-48f5-85d6-b4d9baee7295",
        "x-ms-routing-request-id": "WESTUS2:20220809T010458Z:1f6ddc4c-d093-4149-8e8a-1d6b43c02cde"
      },
      "ResponseBody": {
        "id": "/subscriptions/db1ab6f0-4769-4b27-930e-01e2ef9c123c/providers/Microsoft.Communication/locations/WESTUS2/operationStatuses/66fb7677-1b31-4768-980a-feca2abea350*E7F49BD0D6CD2C3ED888832E4BFDE3230D01234AA70A178D839196114DA52673",
        "name": "66fb7677-1b31-4768-980a-feca2abea350*E7F49BD0D6CD2C3ED888832E4BFDE3230D01234AA70A178D839196114DA52673",
        "resourceId": "/subscriptions/db1ab6f0-4769-4b27-930e-01e2ef9c123c/resourceGroups/Communication-RG-8536/providers/Microsoft.Communication/emailServices/email-test24/domains/domain-4000.com",
        "status": "Deleting",
        "startTime": "2022-08-09T01:04:24.8762459Z"
      }
    },
    {
      "RequestUri": "https://management.azure.com/subscriptions/db1ab6f0-4769-4b27-930e-01e2ef9c123c/providers/Microsoft.Communication/locations/WESTUS2/operationStatuses/66fb7677-1b31-4768-980a-feca2abea350*E7F49BD0D6CD2C3ED888832E4BFDE3230D01234AA70A178D839196114DA52673?api-version=2021-10-01-preview",
      "RequestMethod": "GET",
      "RequestHeaders": {
        "Authorization": "Sanitized",
        "traceparent": "00-f8c2d8dec204cd546ad5c65fbbf2fef7-4712aee1642fabe3-00",
        "User-Agent": "azsdk-net-ResourceManager/1.3.0-alpha.20220801.2 (.NET 6.0.7; Microsoft Windows 10.0.22000)",
        "x-ms-client-request-id": "4877cc424814f241375f9c2211b04fb8",
        "x-ms-return-client-request-id": "true"
      },
      "RequestBody": null,
      "StatusCode": 202,
      "ResponseHeaders": {
        "Cache-Control": "no-cache",
        "Content-Length": "597",
        "Content-Type": "application/json; charset=utf-8",
        "Date": "Tue, 09 Aug 2022 01:05:29 GMT",
        "ETag": "\u00221b0059ea-0000-0800-0000-62f1b2980000\u0022",
        "Expires": "-1",
        "Pragma": "no-cache",
        "Strict-Transport-Security": "max-age=31536000; includeSubDomains",
        "X-Content-Type-Options": "nosniff",
        "x-ms-correlation-request-id": "8f63db94-9338-4040-a2f4-07421a56c1c9",
        "x-ms-ratelimit-remaining-subscription-reads": "11657",
        "x-ms-request-id": "3078b0b4-b9ea-44fc-9dc3-2c0b90912bd2",
        "x-ms-routing-request-id": "WESTUS2:20220809T010530Z:8f63db94-9338-4040-a2f4-07421a56c1c9"
      },
      "ResponseBody": {
        "id": "/subscriptions/db1ab6f0-4769-4b27-930e-01e2ef9c123c/providers/Microsoft.Communication/locations/WESTUS2/operationStatuses/66fb7677-1b31-4768-980a-feca2abea350*E7F49BD0D6CD2C3ED888832E4BFDE3230D01234AA70A178D839196114DA52673",
        "name": "66fb7677-1b31-4768-980a-feca2abea350*E7F49BD0D6CD2C3ED888832E4BFDE3230D01234AA70A178D839196114DA52673",
        "resourceId": "/subscriptions/db1ab6f0-4769-4b27-930e-01e2ef9c123c/resourceGroups/Communication-RG-8536/providers/Microsoft.Communication/emailServices/email-test24/domains/domain-4000.com",
        "status": "Deleting",
        "startTime": "2022-08-09T01:04:24.8762459Z"
      }
    },
    {
      "RequestUri": "https://management.azure.com/subscriptions/db1ab6f0-4769-4b27-930e-01e2ef9c123c/providers/Microsoft.Communication/locations/WESTUS2/operationStatuses/66fb7677-1b31-4768-980a-feca2abea350*E7F49BD0D6CD2C3ED888832E4BFDE3230D01234AA70A178D839196114DA52673?api-version=2021-10-01-preview",
      "RequestMethod": "GET",
      "RequestHeaders": {
        "Authorization": "Sanitized",
        "traceparent": "00-f8c2d8dec204cd546ad5c65fbbf2fef7-45e0ffd4b8a3fd60-00",
        "User-Agent": "azsdk-net-ResourceManager/1.3.0-alpha.20220801.2 (.NET 6.0.7; Microsoft Windows 10.0.22000)",
        "x-ms-client-request-id": "452858699dbd8cf27c1a60d9807e8644",
        "x-ms-return-client-request-id": "true"
      },
      "RequestBody": null,
      "StatusCode": 200,
      "ResponseHeaders": {
        "Cache-Control": "no-cache",
        "Content-Length": "616",
        "Content-Type": "application/json; charset=utf-8",
        "Date": "Tue, 09 Aug 2022 01:06:01 GMT",
        "ETag": "\u00221b00c8eb-0000-0800-0000-62f1b2da0000\u0022",
        "Expires": "-1",
        "Pragma": "no-cache",
        "Strict-Transport-Security": "max-age=31536000; includeSubDomains",
        "X-Content-Type-Options": "nosniff",
        "x-ms-correlation-request-id": "cb5c2adf-7d73-4717-aad6-4da4d19e9a7e",
        "x-ms-ratelimit-remaining-subscription-reads": "11656",
        "x-ms-request-id": "4e390f27-3426-4c7e-8020-b7e5a5117125",
        "x-ms-routing-request-id": "WESTUS2:20220809T010602Z:cb5c2adf-7d73-4717-aad6-4da4d19e9a7e"
      },
      "ResponseBody": {
        "id": "/subscriptions/db1ab6f0-4769-4b27-930e-01e2ef9c123c/providers/Microsoft.Communication/locations/WESTUS2/operationStatuses/66fb7677-1b31-4768-980a-feca2abea350*E7F49BD0D6CD2C3ED888832E4BFDE3230D01234AA70A178D839196114DA52673",
        "name": "66fb7677-1b31-4768-980a-feca2abea350*E7F49BD0D6CD2C3ED888832E4BFDE3230D01234AA70A178D839196114DA52673",
        "resourceId": "/subscriptions/db1ab6f0-4769-4b27-930e-01e2ef9c123c/resourceGroups/Communication-RG-8536/providers/Microsoft.Communication/emailServices/email-test24/domains/domain-4000.com",
        "status": "Succeeded",
        "startTime": "2022-08-09T01:04:24.8762459Z",
        "properties": null
      }
    }
  ],
  "Variables": {
    "AZURE_AUTHORITY_HOST": "https://login.microsoftonline.com",
    "RandomSeed": "2070643875",
    "RESOURCE_MANAGER_URL": null,
    "SUBSCRIPTION_ID": "db1ab6f0-4769-4b27-930e-01e2ef9c123c"
  }
}
