{
  "Entries": [
    {
      "RequestUri": "https://heathshsmtestshsm.managedhsm.azure.net/providers/Microsoft.Authorization/roleDefinitions/fa2959b1-56dd-331a-34a2-8887f07bdd7f?api-version=7.2",
      "RequestMethod": "PUT",
      "RequestHeaders": {
        "Accept": "application/json",
        "Content-Type": "application/json",
        "traceparent": "00-84b2530c0f87d1448b7364ebed91ace1-74ac3c30bd248e45-00",
        "User-Agent": [
          "azsdk-net-Security.KeyVault.Administration/4.0.0-alpha.20210510.1",
          "(.NET 5.0.5; Microsoft Windows 10.0.19043)"
        ],
        "x-ms-client-request-id": "d0f45b49146592233b568c673d7f8ebe",
        "x-ms-return-client-request-id": "true"
      },
      "RequestBody": null,
      "StatusCode": 401,
      "ResponseHeaders": {
        "Cache-Control": "no-cache",
        "Content-Length": "0",
        "Content-Security-Policy": "default-src \u0027self\u0027",
        "Content-Type": "application/json; charset=utf-8",
        "Strict-Transport-Security": "max-age=31536000; includeSubDomains",
        "WWW-Authenticate": "Bearer authorization=\u0022https://login.microsoftonline.com/72f988bf-86f1-41af-91ab-2d7cd011db47\u0022, resource=\u0022https://managedhsm.azure.net\u0022",
        "X-Content-Type-Options": "nosniff",
        "X-Frame-Options": "SAMEORIGIN",
        "x-ms-request-id": "c70fc3b4-b20c-11eb-bb43-000d3aee668a",
        "x-ms-server-latency": "0"
      },
      "ResponseBody": []
    },
    {
      "RequestUri": "https://heathshsmtestshsm.managedhsm.azure.net/providers/Microsoft.Authorization/roleDefinitions/fa2959b1-56dd-331a-34a2-8887f07bdd7f?api-version=7.2",
      "RequestMethod": "PUT",
      "RequestHeaders": {
        "Accept": "application/json",
        "Authorization": "Sanitized",
        "Content-Length": "150",
        "Content-Type": "application/json",
        "traceparent": "00-84b2530c0f87d1448b7364ebed91ace1-74ac3c30bd248e45-00",
        "User-Agent": [
          "azsdk-net-Security.KeyVault.Administration/4.0.0-alpha.20210510.1",
          "(.NET 5.0.5; Microsoft Windows 10.0.19043)"
        ],
        "x-ms-client-request-id": "d0f45b49146592233b568c673d7f8ebe",
        "x-ms-return-client-request-id": "true"
      },
      "RequestBody": {
        "properties": {
          "description": "roleQOsy1t4S",
          "type": "CustomRole",
          "permissions": [
            {
              "dataActions": [
                "Microsoft.KeyVault/managedHsm/keys/backup/action"
              ]
            }
          ]
        }
      },
      "StatusCode": 201,
      "ResponseHeaders": {
        "Cache-Control": "no-cache",
        "Content-Length": "446",
        "Content-Security-Policy": "default-src \u0027self\u0027",
        "Content-Type": "application/json; charset=utf-8",
        "Strict-Transport-Security": "max-age=31536000; includeSubDomains",
        "X-Content-Type-Options": "nosniff",
        "X-Frame-Options": "SAMEORIGIN",
        "x-ms-keyvault-network-info": "conn_type=Ipv4;addr=67.171.12.239;act_addr_fam=Ipv4;",
        "x-ms-keyvault-region": "southcentralus",
        "x-ms-request-id": "c7360b82-b20c-11eb-bb43-000d3aee668a",
        "x-ms-server-latency": "64"
      },
      "ResponseBody": {
        "id": "Microsoft.KeyVault/providers/Microsoft.Authorization/roleDefinitions/fa2959b1-56dd-331a-34a2-8887f07bdd7f",
        "name": "fa2959b1-56dd-331a-34a2-8887f07bdd7f",
        "properties": {
          "assignableScopes": [
            "/"
          ],
          "description": "roleQOsy1t4S",
          "permissions": [
            {
              "actions": [],
              "dataActions": [
                "Microsoft.KeyVault/managedHsm/keys/backup/action"
              ],
              "notActions": [],
              "notDataActions": []
            }
          ],
          "roleName": "",
          "type": "CustomRole"
        },
        "type": "Microsoft.Authorization/roleDefinitions"
      }
    },
    {
      "RequestUri": "https://heathshsmtestshsm.managedhsm.azure.net/providers/Microsoft.Authorization/roleDefinitions/fa2959b1-56dd-331a-34a2-8887f07bdd7f?api-version=7.2",
      "RequestMethod": "DELETE",
      "RequestHeaders": {
        "Accept": "application/json",
        "Authorization": "Sanitized",
        "traceparent": "00-6fde8021faa29945ae6b4bc18709cf04-c46915fb9cd8094a-00",
        "User-Agent": [
          "azsdk-net-Security.KeyVault.Administration/4.0.0-alpha.20210510.1",
          "(.NET 5.0.5; Microsoft Windows 10.0.19043)"
        ],
        "x-ms-client-request-id": "b93f5f737735cfd5171125c72c45b1ab",
        "x-ms-return-client-request-id": "true"
      },
      "RequestBody": null,
      "StatusCode": 200,
      "ResponseHeaders": {
        "Cache-Control": "no-cache",
        "Content-Length": "446",
        "Content-Security-Policy": "default-src \u0027self\u0027",
        "Content-Type": "application/json; charset=utf-8",
        "Strict-Transport-Security": "max-age=31536000; includeSubDomains",
        "X-Content-Type-Options": "nosniff",
        "X-Frame-Options": "SAMEORIGIN",
        "x-ms-keyvault-network-info": "conn_type=Ipv4;addr=67.171.12.239;act_addr_fam=Ipv4;",
        "x-ms-keyvault-region": "southcentralus",
        "x-ms-request-id": "c74a8a1c-b20c-11eb-bb43-000d3aee668a",
        "x-ms-server-latency": "46"
      },
      "ResponseBody": {
        "id": "Microsoft.KeyVault/providers/Microsoft.Authorization/roleDefinitions/fa2959b1-56dd-331a-34a2-8887f07bdd7f",
        "name": "fa2959b1-56dd-331a-34a2-8887f07bdd7f",
        "properties": {
          "assignableScopes": [
            "/"
          ],
          "description": "roleQOsy1t4S",
          "permissions": [
            {
              "actions": [],
              "dataActions": [
                "Microsoft.KeyVault/managedHsm/keys/backup/action"
              ],
              "notActions": [],
              "notDataActions": []
            }
          ],
          "roleName": "",
          "type": "CustomRole"
        },
        "type": "Microsoft.Authorization/roleDefinitions"
      }
    },
    {
      "RequestUri": "https://heathshsmtestshsm.managedhsm.azure.net/providers/Microsoft.Authorization/roleDefinitions?api-version=7.2",
      "RequestMethod": "GET",
      "RequestHeaders": {
        "Accept": "application/json",
        "Authorization": "Sanitized",
        "traceparent": "00-4b27d92808e57047871c5342cd35b55b-7197d34ed4daaf4e-00",
        "User-Agent": [
          "azsdk-net-Security.KeyVault.Administration/4.0.0-alpha.20210510.1",
          "(.NET 5.0.5; Microsoft Windows 10.0.19043)"
        ],
        "x-ms-client-request-id": "4bcb02b679819d493596bf87c9b3f6b4",
        "x-ms-return-client-request-id": "true"
      },
      "RequestBody": null,
      "StatusCode": 200,
      "ResponseHeaders": {
        "Cache-Control": "no-cache",
        "Content-Length": "7093",
        "Content-Security-Policy": "default-src \u0027self\u0027",
        "Content-Type": "application/json; charset=utf-8",
        "Strict-Transport-Security": "max-age=31536000; includeSubDomains",
        "X-Content-Type-Options": "nosniff",
        "X-Frame-Options": "SAMEORIGIN",
        "x-ms-build-version": "1.0.20210407-3-27236ed1-develop",
        "x-ms-keyvault-network-info": "conn_type=Ipv4;addr=67.171.12.239;act_addr_fam=Ipv4;",
        "x-ms-keyvault-region": "southcentralus",
        "x-ms-request-id": "c75eb1f4-b20c-11eb-bb43-000d3aee668a",
        "x-ms-server-latency": "0"
      },
      "ResponseBody": {
        "value": [
          {
            "id": "Microsoft.KeyVault/providers/Microsoft.Authorization/roleDefinitions/7b127d3c-77bd-4e3e-bbe0-dbb8971fa7f8",
            "name": "7b127d3c-77bd-4e3e-bbe0-dbb8971fa7f8",
            "properties": {
              "assignableScopes": [
                "/"
              ],
              "description": "",
              "permissions": [
                {
                  "actions": [],
                  "dataActions": [
                    "Microsoft.KeyVault/managedHsm/backup/start/action",
                    "Microsoft.KeyVault/managedHsm/backup/status/action",
                    "Microsoft.KeyVault/managedHsm/keys/backup/action"
                  ],
                  "notActions": [],
                  "notDataActions": []
                }
              ],
              "roleName": "Managed HSM Backup",
              "type": "AKVBuiltInRole"
            },
            "type": "Microsoft.Authorization/roleDefinitions"
          },
          {
            "id": "Microsoft.KeyVault/providers/Microsoft.Authorization/roleDefinitions/33413926-3206-4cdd-b39a-83574fe37a17",
            "name": "33413926-3206-4cdd-b39a-83574fe37a17",
            "properties": {
              "assignableScopes": [
                "/"
              ],
              "description": "",
              "permissions": [
                {
                  "actions": [],
                  "dataActions": [
                    "Microsoft.KeyVault/managedHsm/keys/read/action",
                    "Microsoft.KeyVault/managedHsm/keys/wrap/action",
                    "Microsoft.KeyVault/managedHsm/keys/unwrap/action"
                  ],
                  "notActions": [],
                  "notDataActions": []
                }
              ],
              "roleName": "Managed HSM Crypto Service Encryption",
              "type": "AKVBuiltInRole"
            },
            "type": "Microsoft.Authorization/roleDefinitions"
          },
          {
            "id": "Microsoft.KeyVault/providers/Microsoft.Authorization/roleDefinitions/21dbd100-6940-42c2-9190-5d6cb909625c",
            "name": "21dbd100-6940-42c2-9190-5d6cb909625c",
            "properties": {
              "assignableScopes": [
                "/"
              ],
              "description": "",
              "permissions": [
                {
                  "actions": [],
                  "dataActions": [
                    "Microsoft.KeyVault/managedHsm/keys/release/action"
                  ],
                  "notActions": [],
                  "notDataActions": []
                }
              ],
              "roleName": "Managed HSM Crypto Service Release",
              "type": "AKVBuiltInRole"
            },
            "type": "Microsoft.Authorization/roleDefinitions"
          },
          {
            "id": "Microsoft.KeyVault/providers/Microsoft.Authorization/roleDefinitions/2c18b078-7c48-4d3a-af88-5a3a1b3f82b3",
            "name": "2c18b078-7c48-4d3a-af88-5a3a1b3f82b3",
            "properties": {
              "assignableScopes": [
                "/"
              ],
              "description": "",
              "permissions": [
                {
                  "actions": [],
                  "dataActions": [
                    "Microsoft.KeyVault/managedHsm/roleAssignments/read/action",
                    "Microsoft.KeyVault/managedHsm/roleDefinitions/read/action",
                    "Microsoft.KeyVault/managedHsm/keys/read/action",
                    "Microsoft.KeyVault/managedHsm/keys/deletedKeys/read/action"
                  ],
                  "notActions": [],
                  "notDataActions": []
                }
              ],
              "roleName": "Managed HSM Crypto Auditor",
              "type": "AKVBuiltInRole"
            },
            "type": "Microsoft.Authorization/roleDefinitions"
          },
          {
            "id": "Microsoft.KeyVault/providers/Microsoft.Authorization/roleDefinitions/4bd23610-cdcf-4971-bdee-bdc562cc28e4",
            "name": "4bd23610-cdcf-4971-bdee-bdc562cc28e4",
            "properties": {
              "assignableScopes": [
                "/"
              ],
              "description": "",
              "permissions": [
                {
                  "actions": [],
                  "dataActions": [
                    "Microsoft.KeyVault/managedHsm/roleDefinitions/read/action",
                    "Microsoft.KeyVault/managedHsm/roleDefinitions/write/action",
                    "Microsoft.KeyVault/managedHsm/roleDefinitions/delete/action",
                    "Microsoft.KeyVault/managedHsm/roleAssignments/read/action",
                    "Microsoft.KeyVault/managedHsm/roleAssignments/write/action",
                    "Microsoft.KeyVault/managedHsm/roleAssignments/delete/action"
                  ],
                  "notActions": [],
                  "notDataActions": []
                }
              ],
              "roleName": "Managed HSM Policy Administrator",
              "type": "AKVBuiltInRole"
            },
            "type": "Microsoft.Authorization/roleDefinitions"
          },
          {
            "id": "Microsoft.KeyVault/providers/Microsoft.Authorization/roleDefinitions/21dbd100-6940-42c2-9190-5d6cb909625b",
            "name": "21dbd100-6940-42c2-9190-5d6cb909625b",
            "properties": {
              "assignableScopes": [
                "/"
              ],
              "description": "",
              "permissions": [
                {
                  "actions": [],
                  "dataActions": [
                    "Microsoft.KeyVault/managedHsm/roleDefinitions/read/action",
                    "Microsoft.KeyVault/managedHsm/roleAssignments/read/action",
                    "Microsoft.KeyVault/managedHsm/keys/read/action",
                    "Microsoft.KeyVault/managedHsm/keys/write/action",
                    "Microsoft.KeyVault/managedHsm/keys/delete",
                    "Microsoft.KeyVault/managedHsm/keys/create",
                    "Microsoft.KeyVault/managedHsm/keys/import/action",
                    "Microsoft.KeyVault/managedHsm/keys/release/action",
                    "Microsoft.KeyVault/managedHsm/keys/backup/action",
                    "Microsoft.KeyVault/managedHsm/keys/restore/action",
                    "Microsoft.KeyVault/managedHsm/keys/encrypt/action",
                    "Microsoft.KeyVault/managedHsm/keys/decrypt/action",
                    "Microsoft.KeyVault/managedHsm/keys/wrap/action",
                    "Microsoft.KeyVault/managedHsm/keys/unwrap/action",
                    "Microsoft.KeyVault/managedHsm/keys/sign/action",
                    "Microsoft.KeyVault/managedHsm/keys/verify/action"
                  ],
                  "notActions": [],
                  "notDataActions": []
                }
              ],
              "roleName": "Managed HSM Crypto User",
              "type": "AKVBuiltInRole"
            },
            "type": "Microsoft.Authorization/roleDefinitions"
          },
          {
            "id": "Microsoft.KeyVault/providers/Microsoft.Authorization/roleDefinitions/515eb02d-2335-4d2d-92f2-b1cbdf9c3778",
            "name": "515eb02d-2335-4d2d-92f2-b1cbdf9c3778",
            "properties": {
              "assignableScopes": [
                "/"
              ],
              "description": "",
              "permissions": [
                {
                  "actions": [],
                  "dataActions": [
                    "Microsoft.KeyVault/managedHsm/roleAssignments/delete/action",
                    "Microsoft.KeyVault/managedHsm/roleAssignments/read/action",
                    "Microsoft.KeyVault/managedHsm/roleAssignments/write/action",
                    "Microsoft.KeyVault/managedHsm/roleDefinitions/read/action",
                    "Microsoft.KeyVault/managedHsm/roleDefinitions/write/action",
                    "Microsoft.KeyVault/managedHsm/roleDefinitions/delete/action",
                    "Microsoft.KeyVault/managedHsm/keys/deletedKeys/read/action",
                    "Microsoft.KeyVault/managedHsm/keys/deletedKeys/delete",
                    "Microsoft.KeyVault/managedHsm/keys/deletedKeys/recover/action",
                    "Microsoft.KeyVault/managedHsm/keys/export/action"
                  ],
                  "notActions": [],
                  "notDataActions": []
                }
              ],
              "roleName": "Managed HSM Crypto Officer",
              "type": "AKVBuiltInRole"
            },
            "type": "Microsoft.Authorization/roleDefinitions"
          },
          {
            "id": "Microsoft.KeyVault/providers/Microsoft.Authorization/roleDefinitions/a290e904-7015-4bba-90c8-60543313cdb4",
            "name": "a290e904-7015-4bba-90c8-60543313cdb4",
            "properties": {
              "assignableScopes": [
                "/"
              ],
              "description": "",
              "permissions": [
                {
                  "actions": [],
                  "dataActions": [
                    "Microsoft.KeyVault/managedHsm/roleAssignments/delete/action",
                    "Microsoft.KeyVault/managedHsm/roleAssignments/read/action",
                    "Microsoft.KeyVault/managedHsm/roleAssignments/write/action",
                    "Microsoft.KeyVault/managedHsm/roleDefinitions/read/action",
                    "Microsoft.KeyVault/managedHsm/roleDefinitions/write/action",
                    "Microsoft.KeyVault/managedHsm/roleDefinitions/delete/action",
                    "Microsoft.KeyVault/managedHsm/securitydomain/download/action",
                    "Microsoft.KeyVault/managedHsm/securitydomain/download/read",
                    "Microsoft.KeyVault/managedHsm/securitydomain/upload/action",
                    "Microsoft.KeyVault/managedHsm/securitydomain/upload/read",
                    "Microsoft.KeyVault/managedHsm/securitydomain/transferkey/read",
                    "Microsoft.KeyVault/managedHsm/backup/start/action",
                    "Microsoft.KeyVault/managedHsm/restore/start/action",
                    "Microsoft.KeyVault/managedHsm/backup/status/action",
                    "Microsoft.KeyVault/managedHsm/restore/status/action"
                  ],
                  "notActions": [],
                  "notDataActions": []
                }
              ],
              "roleName": "Managed HSM Administrator",
              "type": "AKVBuiltInRole"
            },
            "type": "Microsoft.Authorization/roleDefinitions"
          },
          {
            "id": "Microsoft.KeyVault/providers/Microsoft.Authorization/roleDefinitions/b34c69ea-d07f-5c4d-a9ea-5999dcd6292d",
            "name": "b34c69ea-d07f-5c4d-a9ea-5999dcd6292d",
            "properties": {
              "assignableScopes": [
                "/"
              ],
              "description": "roleZdL21pfk",
              "permissions": [
                {
                  "actions": [],
                  "dataActions": [
                    "Microsoft.KeyVault/managedHsm/keys/create",
                    "Microsoft.KeyVault/managedHsm/securitydomain/download/action"
                  ],
                  "notActions": [],
                  "notDataActions": []
                }
              ],
              "roleName": "",
              "type": "CustomRole"
            },
            "type": "Microsoft.Authorization/roleDefinitions"
          }
        ]
      }
    }
  ],
  "Variables": {
    "AZURE_MANAGEDHSM_URL": "https://heathshsmtestshsm.managedhsm.azure.net/",
    "RandomSeed": "532615683"
  }
}