{
  "Entries": [
    {
      "RequestUri": "https://management.azure.com/subscriptions/326100e2-f69d-4268-8503-075374f62b6e?api-version=2021-01-01",
      "RequestMethod": "GET",
      "RequestHeaders": {
        "Accept": "application/json",
        "Authorization": "Sanitized",
        "traceparent": "00-643ffb29aa4a190e5593edf798089515-91fa701fb722aa3c-00",
        "User-Agent": "azsdk-net-ResourceManager/1.3.1 (.NET 6.0.10; Microsoft Windows 10.0.19044)",
        "x-ms-client-request-id": "d58b29325ce4c21ee52c0a64551f0504",
        "x-ms-return-client-request-id": "true"
      },
      "RequestBody": null,
      "StatusCode": 200,
      "ResponseHeaders": {
        "Cache-Control": "no-cache",
        "Content-Length": "460",
        "Content-Type": "application/json; charset=utf-8",
        "Date": "Tue, 18 Oct 2022 06:32:04 GMT",
        "Expires": "-1",
        "Pragma": "no-cache",
        "Strict-Transport-Security": "max-age=31536000; includeSubDomains",
        "X-Content-Type-Options": "nosniff",
        "x-ms-correlation-request-id": "5154fae8-628e-4e4e-b9d5-6f15310ee29d",
        "x-ms-ratelimit-remaining-subscription-reads": "11925",
        "x-ms-request-id": "5154fae8-628e-4e4e-b9d5-6f15310ee29d",
        "x-ms-routing-request-id": "SOUTHCENTRALUS:20221018T063204Z:5154fae8-628e-4e4e-b9d5-6f15310ee29d"
      },
      "ResponseBody": {
        "id": "/subscriptions/326100e2-f69d-4268-8503-075374f62b6e",
        "authorizationSource": "RoleBased",
        "managedByTenants": [
          {
            "tenantId": "2f4a9838-26b7-47ee-be60-ccc1fdec5953"
          }
        ],
        "subscriptionId": "326100e2-f69d-4268-8503-075374f62b6e",
        "tenantId": "72f988bf-86f1-41af-91ab-2d7cd011db47",
        "displayName": "Azure Messaging PM Playground",
        "state": "Enabled",
        "subscriptionPolicies": {
          "locationPlacementId": "Internal_2014-09-01",
          "quotaId": "Internal_2014-09-01",
          "spendingLimit": "Off"
        }
      }
    },
    {
      "RequestUri": "https://management.azure.com/subscriptions/326100e2-f69d-4268-8503-075374f62b6e/resourcegroups/testeventhubRG-3606?api-version=2021-04-01",
      "RequestMethod": "PUT",
      "RequestHeaders": {
        "Accept": "application/json",
        "Authorization": "Sanitized",
        "Content-Length": "44",
        "Content-Type": "application/json",
        "traceparent": "00-89000560d57549c5293aa3a7dbe4c0c4-c1d2d9112f4bf321-00",
        "User-Agent": "azsdk-net-ResourceManager/1.3.1 (.NET 6.0.10; Microsoft Windows 10.0.19044)",
        "x-ms-client-request-id": "0b4c05f50296924120888ad8f05bb8e0",
        "x-ms-return-client-request-id": "true"
      },
      "RequestBody": {
        "tags": {
          "test": "env"
        },
        "location": "eastus2"
      },
      "StatusCode": 201,
      "ResponseHeaders": {
        "Cache-Control": "no-cache",
        "Content-Length": "258",
        "Content-Type": "application/json; charset=utf-8",
        "Date": "Tue, 18 Oct 2022 06:32:05 GMT",
        "Expires": "-1",
        "Pragma": "no-cache",
        "Strict-Transport-Security": "max-age=31536000; includeSubDomains",
        "X-Content-Type-Options": "nosniff",
        "x-ms-correlation-request-id": "ef8f15c0-3679-404c-8fb5-3b5c8d2d4524",
        "x-ms-ratelimit-remaining-subscription-writes": "1161",
        "x-ms-request-id": "ef8f15c0-3679-404c-8fb5-3b5c8d2d4524",
        "x-ms-routing-request-id": "SOUTHCENTRALUS:20221018T063205Z:ef8f15c0-3679-404c-8fb5-3b5c8d2d4524"
      },
      "ResponseBody": {
        "id": "/subscriptions/326100e2-f69d-4268-8503-075374f62b6e/resourceGroups/testeventhubRG-3606",
        "name": "testeventhubRG-3606",
        "type": "Microsoft.Resources/resourceGroups",
        "location": "eastus2",
        "tags": {
          "test": "env"
        },
        "properties": {
          "provisioningState": "Succeeded"
        }
      }
    },
    {
      "RequestUri": "https://management.azure.com/subscriptions/326100e2-f69d-4268-8503-075374f62b6e/providers/Microsoft.EventHub/checkNameAvailability?api-version=2022-01-01-preview",
      "RequestMethod": "POST",
      "RequestHeaders": {
        "Accept": "application/json",
        "Authorization": "Sanitized",
        "Content-Length": "32",
        "Content-Type": "application/json",
        "traceparent": "00-33bc43681dfe44bca6b526f73e0cac58-acb8253993c7d492-00",
        "User-Agent": "azsdk-net-ResourceManager.EventHubs/1.1.0-alpha.20221017.1 (.NET 6.0.10; Microsoft Windows 10.0.19044)",
        "x-ms-client-request-id": "f225d5aa3d8721b5a74d7c66847956b2",
        "x-ms-return-client-request-id": "true"
      },
      "RequestBody": {
        "name": "testnamespacemgmt8825"
      },
      "StatusCode": 200,
      "ResponseHeaders": {
        "Cache-Control": "no-cache",
        "Content-Length": "53",
        "Content-Type": "application/json; charset=utf-8",
        "Date": "Tue, 18 Oct 2022 06:32:05 GMT",
        "Expires": "-1",
        "Pragma": "no-cache",
        "Server": [
          "Service-Bus-Resource-Provider/SN1",
          "Microsoft-HTTPAPI/2.0"
        ],
        "Server-SB": "Service-Bus-Resource-Provider/SN1",
        "Strict-Transport-Security": "max-age=31536000; includeSubDomains",
        "X-Content-Type-Options": "nosniff",
        "x-ms-client-request-id": "f225d5aa3d8721b5a74d7c66847956b2",
        "x-ms-correlation-request-id": "707bcbdc-a411-4b1e-84ba-8bf1eaaca709",
        "x-ms-ratelimit-remaining-subscription-writes": "1193",
        "x-ms-request-id": "01119bbe-d472-4db8-9e3d-0838908fbde8_M11SN1_M11SN1",
        "x-ms-routing-request-id": "SOUTHCENTRALUS:20221018T063205Z:707bcbdc-a411-4b1e-84ba-8bf1eaaca709"
      },
      "ResponseBody": {
        "nameAvailable": true,
        "reason": "None",
        "message": null
      }
    },
    {
      "RequestUri": "https://management.azure.com/subscriptions/326100e2-f69d-4268-8503-075374f62b6e/resourceGroups/testeventhubRG-3606/providers/Microsoft.EventHub/namespaces/testnamespacemgmt8825?api-version=2022-01-01-preview",
      "RequestMethod": "PUT",
      "RequestHeaders": {
        "Accept": "application/json",
        "Authorization": "Sanitized",
        "Content-Length": "48",
        "Content-Type": "application/json",
        "traceparent": "00-964d0487c8e14d41ebda0e36acdd777d-30d7ee9f1f2eb649-00",
        "User-Agent": "azsdk-net-ResourceManager.EventHubs/1.1.0-alpha.20221017.1 (.NET 6.0.10; Microsoft Windows 10.0.19044)",
        "x-ms-client-request-id": "fad7b6da9c054a2642c3d393eaf4d151",
        "x-ms-return-client-request-id": "true"
      },
      "RequestBody": {
        "tags": {},
        "location": "eastus2",
        "properties": {}
      },
      "StatusCode": 200,
      "ResponseHeaders": {
        "Cache-Control": "no-cache",
        "Content-Length": "796",
        "Content-Type": "application/json; charset=utf-8",
        "Date": "Tue, 18 Oct 2022 06:32:09 GMT",
        "Expires": "-1",
        "Pragma": "no-cache",
        "Server": [
          "Service-Bus-Resource-Provider/SN1",
          "Microsoft-HTTPAPI/2.0"
        ],
        "Server-SB": "Service-Bus-Resource-Provider/SN1",
        "Strict-Transport-Security": "max-age=31536000; includeSubDomains",
        "X-Content-Type-Options": "nosniff",
        "x-ms-client-request-id": "fad7b6da9c054a2642c3d393eaf4d151",
        "x-ms-correlation-request-id": "91ffaf30-dbb7-49b9-9b2d-19eecdde38bb",
        "x-ms-ratelimit-remaining-subscription-resource-requests": "43",
        "x-ms-request-id": "46d54577-e023-4f09-b8ce-4fc28129f714_M11SN1_M11SN1",
        "x-ms-routing-request-id": "SOUTHCENTRALUS:20221018T063209Z:91ffaf30-dbb7-49b9-9b2d-19eecdde38bb"
      },
      "ResponseBody": {
        "sku": {
          "name": "Standard",
          "tier": "Standard",
          "capacity": 1
        },
        "id": "/subscriptions/326100e2-f69d-4268-8503-075374f62b6e/resourceGroups/testeventhubRG-3606/providers/Microsoft.EventHub/namespaces/testnamespacemgmt8825",
        "name": "testnamespacemgmt8825",
        "type": "Microsoft.EventHub/Namespaces",
        "location": "East US 2",
        "tags": {},
        "properties": {
          "minimumTlsVersion": "1.2",
          "publicNetworkAccess": "Enabled",
          "disableLocalAuth": false,
          "zoneRedundant": false,
          "isAutoInflateEnabled": false,
          "maximumThroughputUnits": 0,
          "kafkaEnabled": true,
          "provisioningState": "Created",
          "metricId": "326100e2-f69d-4268-8503-075374f62b6e:testnamespacemgmt8825",
          "createdAt": "2022-10-18T06:32:07.517Z",
          "updatedAt": "2022-10-18T06:32:07.517Z",
          "serviceBusEndpoint": "https://testnamespacemgmt8825.servicebus.windows.net:443/",
          "status": "Activating"
        }
      }
    },
    {
      "RequestUri": "https://management.azure.com/subscriptions/326100e2-f69d-4268-8503-075374f62b6e/resourceGroups/testeventhubRG-3606/providers/Microsoft.EventHub/namespaces/testnamespacemgmt8825?api-version=2022-01-01-preview",
      "RequestMethod": "GET",
      "RequestHeaders": {
        "Authorization": "Sanitized",
        "traceparent": "00-964d0487c8e14d41ebda0e36acdd777d-3ff4e40998c064c8-00",
        "User-Agent": "azsdk-net-ResourceManager/1.3.1 (.NET 6.0.10; Microsoft Windows 10.0.19044)",
        "x-ms-client-request-id": "a5162534e6e10e7daedaafc3692137b2",
        "x-ms-return-client-request-id": "true"
      },
      "RequestBody": null,
      "StatusCode": 200,
      "ResponseHeaders": {
        "Cache-Control": "no-cache",
        "Content-Length": "796",
        "Content-Type": "application/json; charset=utf-8",
        "Date": "Tue, 18 Oct 2022 06:32:09 GMT",
        "Expires": "-1",
        "Pragma": "no-cache",
        "Server": [
          "Service-Bus-Resource-Provider/SN1",
          "Microsoft-HTTPAPI/2.0"
        ],
        "Server-SB": "Service-Bus-Resource-Provider/SN1",
        "Strict-Transport-Security": "max-age=31536000; includeSubDomains",
        "X-Content-Type-Options": "nosniff",
        "x-ms-client-request-id": "a5162534e6e10e7daedaafc3692137b2",
        "x-ms-correlation-request-id": "a94a6933-5d93-4315-9eb3-1fde1c37550b",
        "x-ms-ratelimit-remaining-subscription-reads": "11924",
        "x-ms-request-id": "f4a1ec66-9663-4449-adb7-3ff54cf8019d_M11SN1_M11SN1",
        "x-ms-routing-request-id": "SOUTHCENTRALUS:20221018T063209Z:a94a6933-5d93-4315-9eb3-1fde1c37550b"
      },
      "ResponseBody": {
        "sku": {
          "name": "Standard",
          "tier": "Standard",
          "capacity": 1
        },
        "id": "/subscriptions/326100e2-f69d-4268-8503-075374f62b6e/resourceGroups/testeventhubRG-3606/providers/Microsoft.EventHub/namespaces/testnamespacemgmt8825",
        "name": "testnamespacemgmt8825",
        "type": "Microsoft.EventHub/Namespaces",
        "location": "East US 2",
        "tags": {},
        "properties": {
          "minimumTlsVersion": "1.2",
          "publicNetworkAccess": "Enabled",
          "disableLocalAuth": false,
          "zoneRedundant": false,
          "isAutoInflateEnabled": false,
          "maximumThroughputUnits": 0,
          "kafkaEnabled": true,
          "provisioningState": "Created",
          "metricId": "326100e2-f69d-4268-8503-075374f62b6e:testnamespacemgmt8825",
          "createdAt": "2022-10-18T06:32:07.517Z",
          "updatedAt": "2022-10-18T06:32:07.517Z",
          "serviceBusEndpoint": "https://testnamespacemgmt8825.servicebus.windows.net:443/",
          "status": "Activating"
        }
      }
    },
    {
      "RequestUri": "https://management.azure.com/subscriptions/326100e2-f69d-4268-8503-075374f62b6e/resourceGroups/testeventhubRG-3606/providers/Microsoft.EventHub/namespaces/testnamespacemgmt8825?api-version=2022-01-01-preview",
      "RequestMethod": "GET",
      "RequestHeaders": {
        "Authorization": "Sanitized",
        "traceparent": "00-964d0487c8e14d41ebda0e36acdd777d-d468f01f481ca91d-00",
        "User-Agent": "azsdk-net-ResourceManager/1.3.1 (.NET 6.0.10; Microsoft Windows 10.0.19044)",
        "x-ms-client-request-id": "b1e22a7c2505e0d3480f631bac718416",
        "x-ms-return-client-request-id": "true"
      },
      "RequestBody": null,
      "StatusCode": 200,
      "ResponseHeaders": {
        "Cache-Control": "no-cache",
        "Content-Length": "796",
        "Content-Type": "application/json; charset=utf-8",
        "Date": "Tue, 18 Oct 2022 06:32:10 GMT",
        "Expires": "-1",
        "Pragma": "no-cache",
        "Server": [
          "Service-Bus-Resource-Provider/SN1",
          "Microsoft-HTTPAPI/2.0"
        ],
        "Server-SB": "Service-Bus-Resource-Provider/SN1",
        "Strict-Transport-Security": "max-age=31536000; includeSubDomains",
        "X-Content-Type-Options": "nosniff",
        "x-ms-client-request-id": "b1e22a7c2505e0d3480f631bac718416",
        "x-ms-correlation-request-id": "326c5f00-59c0-46c6-942f-b35508c8454b",
        "x-ms-ratelimit-remaining-subscription-reads": "11923",
        "x-ms-request-id": "295211d1-b3f0-4d24-b040-ea6a5592d28e_M11SN1_M11SN1",
        "x-ms-routing-request-id": "SOUTHCENTRALUS:20221018T063211Z:326c5f00-59c0-46c6-942f-b35508c8454b"
      },
      "ResponseBody": {
        "sku": {
          "name": "Standard",
          "tier": "Standard",
          "capacity": 1
        },
        "id": "/subscriptions/326100e2-f69d-4268-8503-075374f62b6e/resourceGroups/testeventhubRG-3606/providers/Microsoft.EventHub/namespaces/testnamespacemgmt8825",
        "name": "testnamespacemgmt8825",
        "type": "Microsoft.EventHub/Namespaces",
        "location": "East US 2",
        "tags": {},
        "properties": {
          "minimumTlsVersion": "1.2",
          "publicNetworkAccess": "Enabled",
          "disableLocalAuth": false,
          "zoneRedundant": false,
          "isAutoInflateEnabled": false,
          "maximumThroughputUnits": 0,
          "kafkaEnabled": true,
          "provisioningState": "Created",
          "metricId": "326100e2-f69d-4268-8503-075374f62b6e:testnamespacemgmt8825",
          "createdAt": "2022-10-18T06:32:07.517Z",
          "updatedAt": "2022-10-18T06:32:07.517Z",
          "serviceBusEndpoint": "https://testnamespacemgmt8825.servicebus.windows.net:443/",
          "status": "Activating"
        }
      }
    },
    {
      "RequestUri": "https://management.azure.com/subscriptions/326100e2-f69d-4268-8503-075374f62b6e/resourceGroups/testeventhubRG-3606/providers/Microsoft.EventHub/namespaces/testnamespacemgmt8825?api-version=2022-01-01-preview",
      "RequestMethod": "GET",
      "RequestHeaders": {
        "Authorization": "Sanitized",
        "traceparent": "00-964d0487c8e14d41ebda0e36acdd777d-f9b19bd5378dcb59-00",
        "User-Agent": "azsdk-net-ResourceManager/1.3.1 (.NET 6.0.10; Microsoft Windows 10.0.19044)",
        "x-ms-client-request-id": "c55fc3272cde9d70556582044aa95e75",
        "x-ms-return-client-request-id": "true"
      },
      "RequestBody": null,
      "StatusCode": 200,
      "ResponseHeaders": {
        "Cache-Control": "no-cache",
        "Content-Length": "796",
        "Content-Type": "application/json; charset=utf-8",
        "Date": "Tue, 18 Oct 2022 06:32:11 GMT",
        "Expires": "-1",
        "Pragma": "no-cache",
        "Server": [
          "Service-Bus-Resource-Provider/SN1",
          "Microsoft-HTTPAPI/2.0"
        ],
        "Server-SB": "Service-Bus-Resource-Provider/SN1",
        "Strict-Transport-Security": "max-age=31536000; includeSubDomains",
        "X-Content-Type-Options": "nosniff",
        "x-ms-client-request-id": "c55fc3272cde9d70556582044aa95e75",
        "x-ms-correlation-request-id": "a47691f1-3cc6-4d16-b2f6-dc78ca469bc5",
        "x-ms-ratelimit-remaining-subscription-reads": "11922",
        "x-ms-request-id": "27b92ef8-c9ff-45e6-b57c-10d40ba0271a_M11SN1_M11SN1",
        "x-ms-routing-request-id": "SOUTHCENTRALUS:20221018T063212Z:a47691f1-3cc6-4d16-b2f6-dc78ca469bc5"
      },
      "ResponseBody": {
        "sku": {
          "name": "Standard",
          "tier": "Standard",
          "capacity": 1
        },
        "id": "/subscriptions/326100e2-f69d-4268-8503-075374f62b6e/resourceGroups/testeventhubRG-3606/providers/Microsoft.EventHub/namespaces/testnamespacemgmt8825",
        "name": "testnamespacemgmt8825",
        "type": "Microsoft.EventHub/Namespaces",
        "location": "East US 2",
        "tags": {},
        "properties": {
          "minimumTlsVersion": "1.2",
          "publicNetworkAccess": "Enabled",
          "disableLocalAuth": false,
          "zoneRedundant": false,
          "isAutoInflateEnabled": false,
          "maximumThroughputUnits": 0,
          "kafkaEnabled": true,
          "provisioningState": "Created",
          "metricId": "326100e2-f69d-4268-8503-075374f62b6e:testnamespacemgmt8825",
          "createdAt": "2022-10-18T06:32:07.517Z",
          "updatedAt": "2022-10-18T06:32:07.517Z",
          "serviceBusEndpoint": "https://testnamespacemgmt8825.servicebus.windows.net:443/",
          "status": "Activating"
        }
      }
    },
    {
      "RequestUri": "https://management.azure.com/subscriptions/326100e2-f69d-4268-8503-075374f62b6e/resourceGroups/testeventhubRG-3606/providers/Microsoft.EventHub/namespaces/testnamespacemgmt8825?api-version=2022-01-01-preview",
      "RequestMethod": "GET",
      "RequestHeaders": {
        "Authorization": "Sanitized",
        "traceparent": "00-964d0487c8e14d41ebda0e36acdd777d-9ff00dacc8485767-00",
        "User-Agent": "azsdk-net-ResourceManager/1.3.1 (.NET 6.0.10; Microsoft Windows 10.0.19044)",
        "x-ms-client-request-id": "9b393db2ea4a0e0a51365cd18361613d",
        "x-ms-return-client-request-id": "true"
      },
      "RequestBody": null,
      "StatusCode": 200,
      "ResponseHeaders": {
        "Cache-Control": "no-cache",
        "Content-Length": "796",
        "Content-Type": "application/json; charset=utf-8",
        "Date": "Tue, 18 Oct 2022 06:32:12 GMT",
        "Expires": "-1",
        "Pragma": "no-cache",
        "Server": [
          "Service-Bus-Resource-Provider/SN1",
          "Microsoft-HTTPAPI/2.0"
        ],
        "Server-SB": "Service-Bus-Resource-Provider/SN1",
        "Strict-Transport-Security": "max-age=31536000; includeSubDomains",
        "X-Content-Type-Options": "nosniff",
        "x-ms-client-request-id": "9b393db2ea4a0e0a51365cd18361613d",
        "x-ms-correlation-request-id": "6fc4b136-36e2-4153-81bb-800a203fe404",
        "x-ms-ratelimit-remaining-subscription-reads": "11921",
        "x-ms-request-id": "40fa044b-a16e-4bc5-867e-3c5f4fb7a717_M11SN1_M11SN1",
        "x-ms-routing-request-id": "SOUTHCENTRALUS:20221018T063213Z:6fc4b136-36e2-4153-81bb-800a203fe404"
      },
      "ResponseBody": {
        "sku": {
          "name": "Standard",
          "tier": "Standard",
          "capacity": 1
        },
        "id": "/subscriptions/326100e2-f69d-4268-8503-075374f62b6e/resourceGroups/testeventhubRG-3606/providers/Microsoft.EventHub/namespaces/testnamespacemgmt8825",
        "name": "testnamespacemgmt8825",
        "type": "Microsoft.EventHub/Namespaces",
        "location": "East US 2",
        "tags": {},
        "properties": {
          "minimumTlsVersion": "1.2",
          "publicNetworkAccess": "Enabled",
          "disableLocalAuth": false,
          "zoneRedundant": false,
          "isAutoInflateEnabled": false,
          "maximumThroughputUnits": 0,
          "kafkaEnabled": true,
          "provisioningState": "Created",
          "metricId": "326100e2-f69d-4268-8503-075374f62b6e:testnamespacemgmt8825",
          "createdAt": "2022-10-18T06:32:07.517Z",
          "updatedAt": "2022-10-18T06:32:07.517Z",
          "serviceBusEndpoint": "https://testnamespacemgmt8825.servicebus.windows.net:443/",
          "status": "Activating"
        }
      }
    },
    {
      "RequestUri": "https://management.azure.com/subscriptions/326100e2-f69d-4268-8503-075374f62b6e/resourceGroups/testeventhubRG-3606/providers/Microsoft.EventHub/namespaces/testnamespacemgmt8825?api-version=2022-01-01-preview",
      "RequestMethod": "GET",
      "RequestHeaders": {
        "Authorization": "Sanitized",
        "traceparent": "00-964d0487c8e14d41ebda0e36acdd777d-863f07d8888712fc-00",
        "User-Agent": "azsdk-net-ResourceManager/1.3.1 (.NET 6.0.10; Microsoft Windows 10.0.19044)",
        "x-ms-client-request-id": "a59c985571c250d3b9445b9fa3cf959f",
        "x-ms-return-client-request-id": "true"
      },
      "RequestBody": null,
      "StatusCode": 200,
      "ResponseHeaders": {
        "Cache-Control": "no-cache",
        "Content-Length": "796",
        "Content-Type": "application/json; charset=utf-8",
        "Date": "Tue, 18 Oct 2022 06:32:15 GMT",
        "Expires": "-1",
        "Pragma": "no-cache",
        "Server": [
          "Service-Bus-Resource-Provider/SN1",
          "Microsoft-HTTPAPI/2.0"
        ],
        "Server-SB": "Service-Bus-Resource-Provider/SN1",
        "Strict-Transport-Security": "max-age=31536000; includeSubDomains",
        "X-Content-Type-Options": "nosniff",
        "x-ms-client-request-id": "a59c985571c250d3b9445b9fa3cf959f",
        "x-ms-correlation-request-id": "3e95f2ab-6bb1-4b70-96ad-e5e7ce79deca",
        "x-ms-ratelimit-remaining-subscription-reads": "11920",
        "x-ms-request-id": "9865a538-0665-473c-b2ff-c54e8cdb149e_M11SN1_M11SN1",
        "x-ms-routing-request-id": "SOUTHCENTRALUS:20221018T063215Z:3e95f2ab-6bb1-4b70-96ad-e5e7ce79deca"
      },
      "ResponseBody": {
        "sku": {
          "name": "Standard",
          "tier": "Standard",
          "capacity": 1
        },
        "id": "/subscriptions/326100e2-f69d-4268-8503-075374f62b6e/resourceGroups/testeventhubRG-3606/providers/Microsoft.EventHub/namespaces/testnamespacemgmt8825",
        "name": "testnamespacemgmt8825",
        "type": "Microsoft.EventHub/Namespaces",
        "location": "East US 2",
        "tags": {},
        "properties": {
          "minimumTlsVersion": "1.2",
          "publicNetworkAccess": "Enabled",
          "disableLocalAuth": false,
          "zoneRedundant": false,
          "isAutoInflateEnabled": false,
          "maximumThroughputUnits": 0,
          "kafkaEnabled": true,
          "provisioningState": "Created",
          "metricId": "326100e2-f69d-4268-8503-075374f62b6e:testnamespacemgmt8825",
          "createdAt": "2022-10-18T06:32:07.517Z",
          "updatedAt": "2022-10-18T06:32:07.517Z",
          "serviceBusEndpoint": "https://testnamespacemgmt8825.servicebus.windows.net:443/",
          "status": "Activating"
        }
      }
    },
    {
      "RequestUri": "https://management.azure.com/subscriptions/326100e2-f69d-4268-8503-075374f62b6e/resourceGroups/testeventhubRG-3606/providers/Microsoft.EventHub/namespaces/testnamespacemgmt8825?api-version=2022-01-01-preview",
      "RequestMethod": "GET",
      "RequestHeaders": {
        "Authorization": "Sanitized",
        "traceparent": "00-964d0487c8e14d41ebda0e36acdd777d-911d10cdcc7f6f0c-00",
        "User-Agent": "azsdk-net-ResourceManager/1.3.1 (.NET 6.0.10; Microsoft Windows 10.0.19044)",
        "x-ms-client-request-id": "6f69edb0e9383dccb95073a8cf9f1af4",
        "x-ms-return-client-request-id": "true"
      },
      "RequestBody": null,
      "StatusCode": 200,
      "ResponseHeaders": {
        "Cache-Control": "no-cache",
        "Content-Length": "796",
        "Content-Type": "application/json; charset=utf-8",
        "Date": "Tue, 18 Oct 2022 06:32:19 GMT",
        "Expires": "-1",
        "Pragma": "no-cache",
        "Server": [
          "Service-Bus-Resource-Provider/SN1",
          "Microsoft-HTTPAPI/2.0"
        ],
        "Server-SB": "Service-Bus-Resource-Provider/SN1",
        "Strict-Transport-Security": "max-age=31536000; includeSubDomains",
        "X-Content-Type-Options": "nosniff",
        "x-ms-client-request-id": "6f69edb0e9383dccb95073a8cf9f1af4",
        "x-ms-correlation-request-id": "670bb202-9cb5-458c-a146-d5450d64fb45",
        "x-ms-ratelimit-remaining-subscription-reads": "11919",
        "x-ms-request-id": "b553abf0-ee2a-4f15-82de-9d7d869f66be_M11SN1_M11SN1",
        "x-ms-routing-request-id": "SOUTHCENTRALUS:20221018T063220Z:670bb202-9cb5-458c-a146-d5450d64fb45"
      },
      "ResponseBody": {
        "sku": {
          "name": "Standard",
          "tier": "Standard",
          "capacity": 1
        },
        "id": "/subscriptions/326100e2-f69d-4268-8503-075374f62b6e/resourceGroups/testeventhubRG-3606/providers/Microsoft.EventHub/namespaces/testnamespacemgmt8825",
        "name": "testnamespacemgmt8825",
        "type": "Microsoft.EventHub/Namespaces",
        "location": "East US 2",
        "tags": {},
        "properties": {
          "minimumTlsVersion": "1.2",
          "publicNetworkAccess": "Enabled",
          "disableLocalAuth": false,
          "zoneRedundant": false,
          "isAutoInflateEnabled": false,
          "maximumThroughputUnits": 0,
          "kafkaEnabled": true,
          "provisioningState": "Created",
          "metricId": "326100e2-f69d-4268-8503-075374f62b6e:testnamespacemgmt8825",
          "createdAt": "2022-10-18T06:32:07.517Z",
          "updatedAt": "2022-10-18T06:32:07.517Z",
          "serviceBusEndpoint": "https://testnamespacemgmt8825.servicebus.windows.net:443/",
          "status": "Activating"
        }
      }
    },
    {
      "RequestUri": "https://management.azure.com/subscriptions/326100e2-f69d-4268-8503-075374f62b6e/resourceGroups/testeventhubRG-3606/providers/Microsoft.EventHub/namespaces/testnamespacemgmt8825?api-version=2022-01-01-preview",
      "RequestMethod": "GET",
      "RequestHeaders": {
        "Authorization": "Sanitized",
        "traceparent": "00-964d0487c8e14d41ebda0e36acdd777d-87b0ff1ff7e994e4-00",
        "User-Agent": "azsdk-net-ResourceManager/1.3.1 (.NET 6.0.10; Microsoft Windows 10.0.19044)",
        "x-ms-client-request-id": "b2ae4503b80d40b269e9e1058e6a6b82",
        "x-ms-return-client-request-id": "true"
      },
      "RequestBody": null,
      "StatusCode": 200,
      "ResponseHeaders": {
        "Cache-Control": "no-cache",
        "Content-Length": "796",
        "Content-Type": "application/json; charset=utf-8",
        "Date": "Tue, 18 Oct 2022 06:32:27 GMT",
        "Expires": "-1",
        "Pragma": "no-cache",
        "Server": [
          "Service-Bus-Resource-Provider/SN1",
          "Microsoft-HTTPAPI/2.0"
        ],
        "Server-SB": "Service-Bus-Resource-Provider/SN1",
        "Strict-Transport-Security": "max-age=31536000; includeSubDomains",
        "X-Content-Type-Options": "nosniff",
        "x-ms-client-request-id": "b2ae4503b80d40b269e9e1058e6a6b82",
        "x-ms-correlation-request-id": "e89f81a7-32cb-484b-9869-e159fb5e2613",
        "x-ms-ratelimit-remaining-subscription-reads": "11918",
        "x-ms-request-id": "1fb996c7-9155-4fa5-a305-90351e1fd58f_M11SN1_M11SN1",
        "x-ms-routing-request-id": "SOUTHCENTRALUS:20221018T063228Z:e89f81a7-32cb-484b-9869-e159fb5e2613"
      },
      "ResponseBody": {
        "sku": {
          "name": "Standard",
          "tier": "Standard",
          "capacity": 1
        },
        "id": "/subscriptions/326100e2-f69d-4268-8503-075374f62b6e/resourceGroups/testeventhubRG-3606/providers/Microsoft.EventHub/namespaces/testnamespacemgmt8825",
        "name": "testnamespacemgmt8825",
        "type": "Microsoft.EventHub/Namespaces",
        "location": "East US 2",
        "tags": {},
        "properties": {
          "minimumTlsVersion": "1.2",
          "publicNetworkAccess": "Enabled",
          "disableLocalAuth": false,
          "zoneRedundant": false,
          "isAutoInflateEnabled": false,
          "maximumThroughputUnits": 0,
          "kafkaEnabled": true,
          "provisioningState": "Created",
          "metricId": "326100e2-f69d-4268-8503-075374f62b6e:testnamespacemgmt8825",
          "createdAt": "2022-10-18T06:32:07.517Z",
          "updatedAt": "2022-10-18T06:32:07.517Z",
          "serviceBusEndpoint": "https://testnamespacemgmt8825.servicebus.windows.net:443/",
          "status": "Activating"
        }
      }
    },
    {
      "RequestUri": "https://management.azure.com/subscriptions/326100e2-f69d-4268-8503-075374f62b6e/resourceGroups/testeventhubRG-3606/providers/Microsoft.EventHub/namespaces/testnamespacemgmt8825?api-version=2022-01-01-preview",
      "RequestMethod": "GET",
      "RequestHeaders": {
        "Authorization": "Sanitized",
        "traceparent": "00-964d0487c8e14d41ebda0e36acdd777d-3081d7a787d8fa3d-00",
        "User-Agent": "azsdk-net-ResourceManager/1.3.1 (.NET 6.0.10; Microsoft Windows 10.0.19044)",
        "x-ms-client-request-id": "9520bda0f2f76c05cc5fec71fd2b801a",
        "x-ms-return-client-request-id": "true"
      },
      "RequestBody": null,
      "StatusCode": 200,
      "ResponseHeaders": {
        "Cache-Control": "no-cache",
        "Content-Length": "796",
        "Content-Type": "application/json; charset=utf-8",
        "Date": "Tue, 18 Oct 2022 06:32:44 GMT",
        "Expires": "-1",
        "Pragma": "no-cache",
        "Server": [
          "Service-Bus-Resource-Provider/SN1",
          "Microsoft-HTTPAPI/2.0"
        ],
        "Server-SB": "Service-Bus-Resource-Provider/SN1",
        "Strict-Transport-Security": "max-age=31536000; includeSubDomains",
        "X-Content-Type-Options": "nosniff",
        "x-ms-client-request-id": "9520bda0f2f76c05cc5fec71fd2b801a",
        "x-ms-correlation-request-id": "0c6ac2d2-e267-4fe5-995c-a17a0fcd0195",
        "x-ms-ratelimit-remaining-subscription-reads": "11917",
        "x-ms-request-id": "5fba96ac-60d1-44a3-9607-e153a7aeb43e_M11SN1_M11SN1",
        "x-ms-routing-request-id": "SOUTHCENTRALUS:20221018T063244Z:0c6ac2d2-e267-4fe5-995c-a17a0fcd0195"
      },
      "ResponseBody": {
        "sku": {
          "name": "Standard",
          "tier": "Standard",
          "capacity": 1
        },
        "id": "/subscriptions/326100e2-f69d-4268-8503-075374f62b6e/resourceGroups/testeventhubRG-3606/providers/Microsoft.EventHub/namespaces/testnamespacemgmt8825",
        "name": "testnamespacemgmt8825",
        "type": "Microsoft.EventHub/Namespaces",
        "location": "East US 2",
        "tags": {},
        "properties": {
          "minimumTlsVersion": "1.2",
          "publicNetworkAccess": "Enabled",
          "disableLocalAuth": false,
          "zoneRedundant": false,
          "isAutoInflateEnabled": false,
          "maximumThroughputUnits": 0,
          "kafkaEnabled": true,
          "provisioningState": "Created",
          "metricId": "326100e2-f69d-4268-8503-075374f62b6e:testnamespacemgmt8825",
          "createdAt": "2022-10-18T06:32:07.517Z",
          "updatedAt": "2022-10-18T06:32:07.517Z",
          "serviceBusEndpoint": "https://testnamespacemgmt8825.servicebus.windows.net:443/",
          "status": "Activating"
        }
      }
    },
    {
      "RequestUri": "https://management.azure.com/subscriptions/326100e2-f69d-4268-8503-075374f62b6e/resourceGroups/testeventhubRG-3606/providers/Microsoft.EventHub/namespaces/testnamespacemgmt8825?api-version=2022-01-01-preview",
      "RequestMethod": "GET",
      "RequestHeaders": {
        "Authorization": "Sanitized",
        "traceparent": "00-964d0487c8e14d41ebda0e36acdd777d-bf515ff96e48b7f8-00",
        "User-Agent": "azsdk-net-ResourceManager/1.3.1 (.NET 6.0.10; Microsoft Windows 10.0.19044)",
        "x-ms-client-request-id": "5e9b6729e320f8913a28064f08c6ae4f",
        "x-ms-return-client-request-id": "true"
      },
      "RequestBody": null,
      "StatusCode": 200,
      "ResponseHeaders": {
        "Cache-Control": "no-cache",
        "Content-Length": "794",
        "Content-Type": "application/json; charset=utf-8",
        "Date": "Tue, 18 Oct 2022 06:33:16 GMT",
        "Expires": "-1",
        "Pragma": "no-cache",
        "Server": [
          "Service-Bus-Resource-Provider/SN1",
          "Microsoft-HTTPAPI/2.0"
        ],
        "Server-SB": "Service-Bus-Resource-Provider/SN1",
        "Strict-Transport-Security": "max-age=31536000; includeSubDomains",
        "X-Content-Type-Options": "nosniff",
        "x-ms-client-request-id": "5e9b6729e320f8913a28064f08c6ae4f",
        "x-ms-correlation-request-id": "3059ceba-4c1d-46a1-bf59-b4c1e5902096",
        "x-ms-ratelimit-remaining-subscription-reads": "11916",
        "x-ms-request-id": "a814adcc-1f13-4a2c-9d10-8cf02099bfe5_M11SN1_M11SN1",
        "x-ms-routing-request-id": "SOUTHCENTRALUS:20221018T063316Z:3059ceba-4c1d-46a1-bf59-b4c1e5902096"
      },
      "ResponseBody": {
        "sku": {
          "name": "Standard",
          "tier": "Standard",
          "capacity": 1
        },
        "id": "/subscriptions/326100e2-f69d-4268-8503-075374f62b6e/resourceGroups/testeventhubRG-3606/providers/Microsoft.EventHub/namespaces/testnamespacemgmt8825",
        "name": "testnamespacemgmt8825",
        "type": "Microsoft.EventHub/Namespaces",
        "location": "East US 2",
        "tags": {},
        "properties": {
          "minimumTlsVersion": "1.2",
          "publicNetworkAccess": "Enabled",
          "disableLocalAuth": false,
          "zoneRedundant": false,
          "isAutoInflateEnabled": false,
          "maximumThroughputUnits": 0,
          "kafkaEnabled": true,
          "provisioningState": "Succeeded",
          "metricId": "326100e2-f69d-4268-8503-075374f62b6e:testnamespacemgmt8825",
          "createdAt": "2022-10-18T06:32:07.517Z",
          "updatedAt": "2022-10-18T06:33:08.987Z",
          "serviceBusEndpoint": "https://testnamespacemgmt8825.servicebus.windows.net:443/",
          "status": "Active"
        }
      }
    },
    {
      "RequestUri": "https://management.azure.com/subscriptions/326100e2-f69d-4268-8503-075374f62b6e/providers/Microsoft.EventHub/checkNameAvailability?api-version=2022-01-01-preview",
      "RequestMethod": "POST",
      "RequestHeaders": {
        "Accept": "application/json",
        "Authorization": "Sanitized",
        "Content-Length": "32",
        "Content-Type": "application/json",
        "traceparent": "00-159754f241b6923cecdef499de1a51f2-7da3257198093f5d-00",
        "User-Agent": "azsdk-net-ResourceManager.EventHubs/1.1.0-alpha.20221017.1 (.NET 6.0.10; Microsoft Windows 10.0.19044)",
        "x-ms-client-request-id": "7e1207f0fc853f1142e6aecc41423d68",
        "x-ms-return-client-request-id": "true"
      },
      "RequestBody": {
        "name": "testnamespacemgmt7103"
      },
      "StatusCode": 200,
      "ResponseHeaders": {
        "Cache-Control": "no-cache",
        "Content-Length": "53",
        "Content-Type": "application/json; charset=utf-8",
        "Date": "Tue, 18 Oct 2022 06:33:17 GMT",
        "Expires": "-1",
        "Pragma": "no-cache",
        "Server": [
          "Service-Bus-Resource-Provider/SN1",
          "Microsoft-HTTPAPI/2.0"
        ],
        "Server-SB": "Service-Bus-Resource-Provider/SN1",
        "Strict-Transport-Security": "max-age=31536000; includeSubDomains",
        "X-Content-Type-Options": "nosniff",
        "x-ms-client-request-id": "7e1207f0fc853f1142e6aecc41423d68",
        "x-ms-correlation-request-id": "a4f0e23f-7b35-4ab3-a002-38ab7a609d21",
        "x-ms-ratelimit-remaining-subscription-writes": "1192",
        "x-ms-request-id": "f6b1acb0-3d2f-46ff-a5d6-15fdcf88c718_M11SN1_M11SN1",
        "x-ms-routing-request-id": "SOUTHCENTRALUS:20221018T063317Z:a4f0e23f-7b35-4ab3-a002-38ab7a609d21"
      },
      "ResponseBody": {
        "nameAvailable": true,
        "reason": "None",
        "message": null
      }
    },
    {
      "RequestUri": "https://management.azure.com/subscriptions/326100e2-f69d-4268-8503-075374f62b6e/resourceGroups/testeventhubRG-3606/providers/Microsoft.EventHub/namespaces/testnamespacemgmt7103?api-version=2022-01-01-preview",
      "RequestMethod": "PUT",
      "RequestHeaders": {
        "Accept": "application/json",
        "Authorization": "Sanitized",
        "Content-Length": "47",
        "Content-Type": "application/json",
        "traceparent": "00-762403c62e6f7575d1b33e64a121934a-bc0798247280c570-00",
        "User-Agent": "azsdk-net-ResourceManager.EventHubs/1.1.0-alpha.20221017.1 (.NET 6.0.10; Microsoft Windows 10.0.19044)",
        "x-ms-client-request-id": "ce27dcc7620c2bbd285acfebb66305b0",
        "x-ms-return-client-request-id": "true"
      },
      "RequestBody": {
        "tags": {},
        "location": "eastus",
        "properties": {}
      },
      "StatusCode": 200,
      "ResponseHeaders": {
        "Cache-Control": "no-cache",
        "Content-Length": "792",
        "Content-Type": "application/json; charset=utf-8",
        "Date": "Tue, 18 Oct 2022 06:33:19 GMT",
        "Expires": "-1",
        "Pragma": "no-cache",
        "Server": [
          "Service-Bus-Resource-Provider/SN1",
          "Microsoft-HTTPAPI/2.0"
        ],
        "Server-SB": "Service-Bus-Resource-Provider/SN1",
        "Strict-Transport-Security": "max-age=31536000; includeSubDomains",
        "X-Content-Type-Options": "nosniff",
        "x-ms-client-request-id": "ce27dcc7620c2bbd285acfebb66305b0",
        "x-ms-correlation-request-id": "976f2ed7-7f7f-4c69-b4f7-f10583569f6d",
        "x-ms-ratelimit-remaining-subscription-resource-requests": "42",
        "x-ms-request-id": "9eaa383c-91c6-414f-995d-5d6043fd7115_M11SN1_M11SN1",
        "x-ms-routing-request-id": "SOUTHCENTRALUS:20221018T063319Z:976f2ed7-7f7f-4c69-b4f7-f10583569f6d"
      },
      "ResponseBody": {
        "sku": {
          "name": "Standard",
          "tier": "Standard",
          "capacity": 1
        },
        "id": "/subscriptions/326100e2-f69d-4268-8503-075374f62b6e/resourceGroups/testeventhubRG-3606/providers/Microsoft.EventHub/namespaces/testnamespacemgmt7103",
        "name": "testnamespacemgmt7103",
        "type": "Microsoft.EventHub/Namespaces",
        "location": "East US",
        "tags": {},
        "properties": {
          "minimumTlsVersion": "1.2",
          "publicNetworkAccess": "Enabled",
          "disableLocalAuth": false,
          "zoneRedundant": false,
          "isAutoInflateEnabled": false,
          "maximumThroughputUnits": 0,
          "kafkaEnabled": true,
          "provisioningState": "Created",
          "metricId": "326100e2-f69d-4268-8503-075374f62b6e:testnamespacemgmt7103",
          "createdAt": "2022-10-18T06:33:19.23Z",
          "updatedAt": "2022-10-18T06:33:19.23Z",
          "serviceBusEndpoint": "https://testnamespacemgmt7103.servicebus.windows.net:443/",
          "status": "Activating"
        }
      }
    },
    {
      "RequestUri": "https://management.azure.com/subscriptions/326100e2-f69d-4268-8503-075374f62b6e/resourceGroups/testeventhubRG-3606/providers/Microsoft.EventHub/namespaces/testnamespacemgmt7103?api-version=2022-01-01-preview",
      "RequestMethod": "GET",
      "RequestHeaders": {
        "Authorization": "Sanitized",
        "traceparent": "00-762403c62e6f7575d1b33e64a121934a-c5556f12f6ae032c-00",
        "User-Agent": "azsdk-net-ResourceManager/1.3.1 (.NET 6.0.10; Microsoft Windows 10.0.19044)",
        "x-ms-client-request-id": "ea40e6c980868ed94ae6552b2d2689de",
        "x-ms-return-client-request-id": "true"
      },
      "RequestBody": null,
      "StatusCode": 200,
      "ResponseHeaders": {
        "Cache-Control": "no-cache",
        "Content-Length": "792",
        "Content-Type": "application/json; charset=utf-8",
        "Date": "Tue, 18 Oct 2022 06:33:19 GMT",
        "Expires": "-1",
        "Pragma": "no-cache",
        "Server": [
          "Service-Bus-Resource-Provider/SN1",
          "Microsoft-HTTPAPI/2.0"
        ],
        "Server-SB": "Service-Bus-Resource-Provider/SN1",
        "Strict-Transport-Security": "max-age=31536000; includeSubDomains",
        "X-Content-Type-Options": "nosniff",
        "x-ms-client-request-id": "ea40e6c980868ed94ae6552b2d2689de",
        "x-ms-correlation-request-id": "0d5a4b34-72dc-4101-8514-0278cc3b5fea",
        "x-ms-ratelimit-remaining-subscription-reads": "11915",
        "x-ms-request-id": "48687437-9684-4d29-9eac-903c9e445c87_M11SN1_M11SN1",
        "x-ms-routing-request-id": "SOUTHCENTRALUS:20221018T063320Z:0d5a4b34-72dc-4101-8514-0278cc3b5fea"
      },
      "ResponseBody": {
        "sku": {
          "name": "Standard",
          "tier": "Standard",
          "capacity": 1
        },
        "id": "/subscriptions/326100e2-f69d-4268-8503-075374f62b6e/resourceGroups/testeventhubRG-3606/providers/Microsoft.EventHub/namespaces/testnamespacemgmt7103",
        "name": "testnamespacemgmt7103",
        "type": "Microsoft.EventHub/Namespaces",
        "location": "East US",
        "tags": {},
        "properties": {
          "minimumTlsVersion": "1.2",
          "publicNetworkAccess": "Enabled",
          "disableLocalAuth": false,
          "zoneRedundant": false,
          "isAutoInflateEnabled": false,
          "maximumThroughputUnits": 0,
          "kafkaEnabled": true,
          "provisioningState": "Created",
          "metricId": "326100e2-f69d-4268-8503-075374f62b6e:testnamespacemgmt7103",
          "createdAt": "2022-10-18T06:33:19.23Z",
          "updatedAt": "2022-10-18T06:33:19.23Z",
          "serviceBusEndpoint": "https://testnamespacemgmt7103.servicebus.windows.net:443/",
          "status": "Activating"
        }
      }
    },
    {
      "RequestUri": "https://management.azure.com/subscriptions/326100e2-f69d-4268-8503-075374f62b6e/resourceGroups/testeventhubRG-3606/providers/Microsoft.EventHub/namespaces/testnamespacemgmt7103?api-version=2022-01-01-preview",
      "RequestMethod": "GET",
      "RequestHeaders": {
        "Authorization": "Sanitized",
        "traceparent": "00-762403c62e6f7575d1b33e64a121934a-c2e82874de5bb493-00",
        "User-Agent": "azsdk-net-ResourceManager/1.3.1 (.NET 6.0.10; Microsoft Windows 10.0.19044)",
        "x-ms-client-request-id": "b52efde019352bfa37bd44ee84bf48fc",
        "x-ms-return-client-request-id": "true"
      },
      "RequestBody": null,
      "StatusCode": 200,
      "ResponseHeaders": {
        "Cache-Control": "no-cache",
        "Content-Length": "792",
        "Content-Type": "application/json; charset=utf-8",
        "Date": "Tue, 18 Oct 2022 06:33:21 GMT",
        "Expires": "-1",
        "Pragma": "no-cache",
        "Server": [
          "Service-Bus-Resource-Provider/SN1",
          "Microsoft-HTTPAPI/2.0"
        ],
        "Server-SB": "Service-Bus-Resource-Provider/SN1",
        "Strict-Transport-Security": "max-age=31536000; includeSubDomains",
        "X-Content-Type-Options": "nosniff",
        "x-ms-client-request-id": "b52efde019352bfa37bd44ee84bf48fc",
        "x-ms-correlation-request-id": "bc09885a-7e7c-4711-bcec-ec0a4419a2e2",
        "x-ms-ratelimit-remaining-subscription-reads": "11914",
        "x-ms-request-id": "ff8560c8-049a-4f35-a2a1-85341b397028_M11SN1_M11SN1",
        "x-ms-routing-request-id": "SOUTHCENTRALUS:20221018T063321Z:bc09885a-7e7c-4711-bcec-ec0a4419a2e2"
      },
      "ResponseBody": {
        "sku": {
          "name": "Standard",
          "tier": "Standard",
          "capacity": 1
        },
        "id": "/subscriptions/326100e2-f69d-4268-8503-075374f62b6e/resourceGroups/testeventhubRG-3606/providers/Microsoft.EventHub/namespaces/testnamespacemgmt7103",
        "name": "testnamespacemgmt7103",
        "type": "Microsoft.EventHub/Namespaces",
        "location": "East US",
        "tags": {},
        "properties": {
          "minimumTlsVersion": "1.2",
          "publicNetworkAccess": "Enabled",
          "disableLocalAuth": false,
          "zoneRedundant": false,
          "isAutoInflateEnabled": false,
          "maximumThroughputUnits": 0,
          "kafkaEnabled": true,
          "provisioningState": "Created",
          "metricId": "326100e2-f69d-4268-8503-075374f62b6e:testnamespacemgmt7103",
          "createdAt": "2022-10-18T06:33:19.23Z",
          "updatedAt": "2022-10-18T06:33:19.23Z",
          "serviceBusEndpoint": "https://testnamespacemgmt7103.servicebus.windows.net:443/",
          "status": "Activating"
        }
      }
    },
    {
      "RequestUri": "https://management.azure.com/subscriptions/326100e2-f69d-4268-8503-075374f62b6e/resourceGroups/testeventhubRG-3606/providers/Microsoft.EventHub/namespaces/testnamespacemgmt7103?api-version=2022-01-01-preview",
      "RequestMethod": "GET",
      "RequestHeaders": {
        "Authorization": "Sanitized",
        "traceparent": "00-762403c62e6f7575d1b33e64a121934a-f0b2f6889b25e185-00",
        "User-Agent": "azsdk-net-ResourceManager/1.3.1 (.NET 6.0.10; Microsoft Windows 10.0.19044)",
        "x-ms-client-request-id": "cf22ea601a231d2ab27eda8746793d64",
        "x-ms-return-client-request-id": "true"
      },
      "RequestBody": null,
      "StatusCode": 200,
      "ResponseHeaders": {
        "Cache-Control": "no-cache",
        "Content-Length": "792",
        "Content-Type": "application/json; charset=utf-8",
        "Date": "Tue, 18 Oct 2022 06:33:22 GMT",
        "Expires": "-1",
        "Pragma": "no-cache",
        "Server": [
          "Service-Bus-Resource-Provider/SN1",
          "Microsoft-HTTPAPI/2.0"
        ],
        "Server-SB": "Service-Bus-Resource-Provider/SN1",
        "Strict-Transport-Security": "max-age=31536000; includeSubDomains",
        "X-Content-Type-Options": "nosniff",
        "x-ms-client-request-id": "cf22ea601a231d2ab27eda8746793d64",
        "x-ms-correlation-request-id": "06153785-e2f1-425e-b3e1-e1d3572d213e",
        "x-ms-ratelimit-remaining-subscription-reads": "11913",
        "x-ms-request-id": "428ffbc5-e7ec-48fb-bd37-303b2d034f4d_M11SN1_M11SN1",
        "x-ms-routing-request-id": "SOUTHCENTRALUS:20221018T063322Z:06153785-e2f1-425e-b3e1-e1d3572d213e"
      },
      "ResponseBody": {
        "sku": {
          "name": "Standard",
          "tier": "Standard",
          "capacity": 1
        },
        "id": "/subscriptions/326100e2-f69d-4268-8503-075374f62b6e/resourceGroups/testeventhubRG-3606/providers/Microsoft.EventHub/namespaces/testnamespacemgmt7103",
        "name": "testnamespacemgmt7103",
        "type": "Microsoft.EventHub/Namespaces",
        "location": "East US",
        "tags": {},
        "properties": {
          "minimumTlsVersion": "1.2",
          "publicNetworkAccess": "Enabled",
          "disableLocalAuth": false,
          "zoneRedundant": false,
          "isAutoInflateEnabled": false,
          "maximumThroughputUnits": 0,
          "kafkaEnabled": true,
          "provisioningState": "Created",
          "metricId": "326100e2-f69d-4268-8503-075374f62b6e:testnamespacemgmt7103",
          "createdAt": "2022-10-18T06:33:19.23Z",
          "updatedAt": "2022-10-18T06:33:19.23Z",
          "serviceBusEndpoint": "https://testnamespacemgmt7103.servicebus.windows.net:443/",
          "status": "Activating"
        }
      }
    },
    {
      "RequestUri": "https://management.azure.com/subscriptions/326100e2-f69d-4268-8503-075374f62b6e/resourceGroups/testeventhubRG-3606/providers/Microsoft.EventHub/namespaces/testnamespacemgmt7103?api-version=2022-01-01-preview",
      "RequestMethod": "GET",
      "RequestHeaders": {
        "Authorization": "Sanitized",
        "traceparent": "00-762403c62e6f7575d1b33e64a121934a-466ec0f12f5aae8b-00",
        "User-Agent": "azsdk-net-ResourceManager/1.3.1 (.NET 6.0.10; Microsoft Windows 10.0.19044)",
        "x-ms-client-request-id": "e51cff9444fdafafec15b3c93beb0a8a",
        "x-ms-return-client-request-id": "true"
      },
      "RequestBody": null,
      "StatusCode": 200,
      "ResponseHeaders": {
        "Cache-Control": "no-cache",
        "Content-Length": "792",
        "Content-Type": "application/json; charset=utf-8",
        "Date": "Tue, 18 Oct 2022 06:33:23 GMT",
        "Expires": "-1",
        "Pragma": "no-cache",
        "Server": [
          "Service-Bus-Resource-Provider/SN1",
          "Microsoft-HTTPAPI/2.0"
        ],
        "Server-SB": "Service-Bus-Resource-Provider/SN1",
        "Strict-Transport-Security": "max-age=31536000; includeSubDomains",
        "X-Content-Type-Options": "nosniff",
        "x-ms-client-request-id": "e51cff9444fdafafec15b3c93beb0a8a",
        "x-ms-correlation-request-id": "2b2cdc4d-f237-4f7a-b14f-dcad54576097",
        "x-ms-ratelimit-remaining-subscription-reads": "11912",
        "x-ms-request-id": "6609e081-ca2a-42cc-a411-81203e7ec517_M11SN1_M11SN1",
        "x-ms-routing-request-id": "SOUTHCENTRALUS:20221018T063323Z:2b2cdc4d-f237-4f7a-b14f-dcad54576097"
      },
      "ResponseBody": {
        "sku": {
          "name": "Standard",
          "tier": "Standard",
          "capacity": 1
        },
        "id": "/subscriptions/326100e2-f69d-4268-8503-075374f62b6e/resourceGroups/testeventhubRG-3606/providers/Microsoft.EventHub/namespaces/testnamespacemgmt7103",
        "name": "testnamespacemgmt7103",
        "type": "Microsoft.EventHub/Namespaces",
        "location": "East US",
        "tags": {},
        "properties": {
          "minimumTlsVersion": "1.2",
          "publicNetworkAccess": "Enabled",
          "disableLocalAuth": false,
          "zoneRedundant": false,
          "isAutoInflateEnabled": false,
          "maximumThroughputUnits": 0,
          "kafkaEnabled": true,
          "provisioningState": "Created",
          "metricId": "326100e2-f69d-4268-8503-075374f62b6e:testnamespacemgmt7103",
          "createdAt": "2022-10-18T06:33:19.23Z",
          "updatedAt": "2022-10-18T06:33:19.23Z",
          "serviceBusEndpoint": "https://testnamespacemgmt7103.servicebus.windows.net:443/",
          "status": "Activating"
        }
      }
    },
    {
      "RequestUri": "https://management.azure.com/subscriptions/326100e2-f69d-4268-8503-075374f62b6e/resourceGroups/testeventhubRG-3606/providers/Microsoft.EventHub/namespaces/testnamespacemgmt7103?api-version=2022-01-01-preview",
      "RequestMethod": "GET",
      "RequestHeaders": {
        "Authorization": "Sanitized",
        "traceparent": "00-762403c62e6f7575d1b33e64a121934a-2ecbe25fb6c8d86a-00",
        "User-Agent": "azsdk-net-ResourceManager/1.3.1 (.NET 6.0.10; Microsoft Windows 10.0.19044)",
        "x-ms-client-request-id": "43ca589eba03c6bbd31102b73f73e5be",
        "x-ms-return-client-request-id": "true"
      },
      "RequestBody": null,
      "StatusCode": 200,
      "ResponseHeaders": {
        "Cache-Control": "no-cache",
        "Content-Length": "792",
        "Content-Type": "application/json; charset=utf-8",
        "Date": "Tue, 18 Oct 2022 06:33:25 GMT",
        "Expires": "-1",
        "Pragma": "no-cache",
        "Server": [
          "Service-Bus-Resource-Provider/SN1",
          "Microsoft-HTTPAPI/2.0"
        ],
        "Server-SB": "Service-Bus-Resource-Provider/SN1",
        "Strict-Transport-Security": "max-age=31536000; includeSubDomains",
        "X-Content-Type-Options": "nosniff",
        "x-ms-client-request-id": "43ca589eba03c6bbd31102b73f73e5be",
        "x-ms-correlation-request-id": "d6aa5648-8071-4c7d-a3a7-176b548f5516",
        "x-ms-ratelimit-remaining-subscription-reads": "11911",
        "x-ms-request-id": "ac6a0c02-aafa-4dcf-9efd-1dfd96d4dfca_M11SN1_M11SN1",
        "x-ms-routing-request-id": "SOUTHCENTRALUS:20221018T063325Z:d6aa5648-8071-4c7d-a3a7-176b548f5516"
      },
      "ResponseBody": {
        "sku": {
          "name": "Standard",
          "tier": "Standard",
          "capacity": 1
        },
        "id": "/subscriptions/326100e2-f69d-4268-8503-075374f62b6e/resourceGroups/testeventhubRG-3606/providers/Microsoft.EventHub/namespaces/testnamespacemgmt7103",
        "name": "testnamespacemgmt7103",
        "type": "Microsoft.EventHub/Namespaces",
        "location": "East US",
        "tags": {},
        "properties": {
          "minimumTlsVersion": "1.2",
          "publicNetworkAccess": "Enabled",
          "disableLocalAuth": false,
          "zoneRedundant": false,
          "isAutoInflateEnabled": false,
          "maximumThroughputUnits": 0,
          "kafkaEnabled": true,
          "provisioningState": "Created",
          "metricId": "326100e2-f69d-4268-8503-075374f62b6e:testnamespacemgmt7103",
          "createdAt": "2022-10-18T06:33:19.23Z",
          "updatedAt": "2022-10-18T06:33:19.23Z",
          "serviceBusEndpoint": "https://testnamespacemgmt7103.servicebus.windows.net:443/",
          "status": "Activating"
        }
      }
    },
    {
      "RequestUri": "https://management.azure.com/subscriptions/326100e2-f69d-4268-8503-075374f62b6e/resourceGroups/testeventhubRG-3606/providers/Microsoft.EventHub/namespaces/testnamespacemgmt7103?api-version=2022-01-01-preview",
      "RequestMethod": "GET",
      "RequestHeaders": {
        "Authorization": "Sanitized",
        "traceparent": "00-762403c62e6f7575d1b33e64a121934a-2910ab6fa4bfb200-00",
        "User-Agent": "azsdk-net-ResourceManager/1.3.1 (.NET 6.0.10; Microsoft Windows 10.0.19044)",
        "x-ms-client-request-id": "8459e08062a31cff3a72e30d6761e1c7",
        "x-ms-return-client-request-id": "true"
      },
      "RequestBody": null,
      "StatusCode": 200,
      "ResponseHeaders": {
        "Cache-Control": "no-cache",
        "Content-Length": "792",
        "Content-Type": "application/json; charset=utf-8",
        "Date": "Tue, 18 Oct 2022 06:33:29 GMT",
        "Expires": "-1",
        "Pragma": "no-cache",
        "Server": [
          "Service-Bus-Resource-Provider/SN1",
          "Microsoft-HTTPAPI/2.0"
        ],
        "Server-SB": "Service-Bus-Resource-Provider/SN1",
        "Strict-Transport-Security": "max-age=31536000; includeSubDomains",
        "X-Content-Type-Options": "nosniff",
        "x-ms-client-request-id": "8459e08062a31cff3a72e30d6761e1c7",
        "x-ms-correlation-request-id": "78e20047-b531-4a8d-a59e-eb12e66eec59",
        "x-ms-ratelimit-remaining-subscription-reads": "11910",
        "x-ms-request-id": "7a0f1932-0df6-47f2-a2d0-9364bf4548a2_M11SN1_M11SN1",
        "x-ms-routing-request-id": "SOUTHCENTRALUS:20221018T063330Z:78e20047-b531-4a8d-a59e-eb12e66eec59"
      },
      "ResponseBody": {
        "sku": {
          "name": "Standard",
          "tier": "Standard",
          "capacity": 1
        },
        "id": "/subscriptions/326100e2-f69d-4268-8503-075374f62b6e/resourceGroups/testeventhubRG-3606/providers/Microsoft.EventHub/namespaces/testnamespacemgmt7103",
        "name": "testnamespacemgmt7103",
        "type": "Microsoft.EventHub/Namespaces",
        "location": "East US",
        "tags": {},
        "properties": {
          "minimumTlsVersion": "1.2",
          "publicNetworkAccess": "Enabled",
          "disableLocalAuth": false,
          "zoneRedundant": false,
          "isAutoInflateEnabled": false,
          "maximumThroughputUnits": 0,
          "kafkaEnabled": true,
          "provisioningState": "Created",
          "metricId": "326100e2-f69d-4268-8503-075374f62b6e:testnamespacemgmt7103",
          "createdAt": "2022-10-18T06:33:19.23Z",
          "updatedAt": "2022-10-18T06:33:19.23Z",
          "serviceBusEndpoint": "https://testnamespacemgmt7103.servicebus.windows.net:443/",
          "status": "Activating"
        }
      }
    },
    {
      "RequestUri": "https://management.azure.com/subscriptions/326100e2-f69d-4268-8503-075374f62b6e/resourceGroups/testeventhubRG-3606/providers/Microsoft.EventHub/namespaces/testnamespacemgmt7103?api-version=2022-01-01-preview",
      "RequestMethod": "GET",
      "RequestHeaders": {
        "Authorization": "Sanitized",
        "traceparent": "00-762403c62e6f7575d1b33e64a121934a-aad0a45bc911649a-00",
        "User-Agent": "azsdk-net-ResourceManager/1.3.1 (.NET 6.0.10; Microsoft Windows 10.0.19044)",
        "x-ms-client-request-id": "ede84f74f9aeda60435512eb41f87079",
        "x-ms-return-client-request-id": "true"
      },
      "RequestBody": null,
      "StatusCode": 200,
      "ResponseHeaders": {
        "Cache-Control": "no-cache",
        "Content-Length": "792",
        "Content-Type": "application/json; charset=utf-8",
        "Date": "Tue, 18 Oct 2022 06:33:37 GMT",
        "Expires": "-1",
        "Pragma": "no-cache",
        "Server": [
          "Service-Bus-Resource-Provider/SN1",
          "Microsoft-HTTPAPI/2.0"
        ],
        "Server-SB": "Service-Bus-Resource-Provider/SN1",
        "Strict-Transport-Security": "max-age=31536000; includeSubDomains",
        "X-Content-Type-Options": "nosniff",
        "x-ms-client-request-id": "ede84f74f9aeda60435512eb41f87079",
        "x-ms-correlation-request-id": "53c5f4b3-d9f4-4b72-bc0a-2555410ac2f0",
        "x-ms-ratelimit-remaining-subscription-reads": "11909",
        "x-ms-request-id": "2c63760c-c006-4364-9512-36797144ac12_M11SN1_M11SN1",
        "x-ms-routing-request-id": "SOUTHCENTRALUS:20221018T063338Z:53c5f4b3-d9f4-4b72-bc0a-2555410ac2f0"
      },
      "ResponseBody": {
        "sku": {
          "name": "Standard",
          "tier": "Standard",
          "capacity": 1
        },
        "id": "/subscriptions/326100e2-f69d-4268-8503-075374f62b6e/resourceGroups/testeventhubRG-3606/providers/Microsoft.EventHub/namespaces/testnamespacemgmt7103",
        "name": "testnamespacemgmt7103",
        "type": "Microsoft.EventHub/Namespaces",
        "location": "East US",
        "tags": {},
        "properties": {
          "minimumTlsVersion": "1.2",
          "publicNetworkAccess": "Enabled",
          "disableLocalAuth": false,
          "zoneRedundant": false,
          "isAutoInflateEnabled": false,
          "maximumThroughputUnits": 0,
          "kafkaEnabled": true,
          "provisioningState": "Created",
          "metricId": "326100e2-f69d-4268-8503-075374f62b6e:testnamespacemgmt7103",
          "createdAt": "2022-10-18T06:33:19.23Z",
          "updatedAt": "2022-10-18T06:33:19.23Z",
          "serviceBusEndpoint": "https://testnamespacemgmt7103.servicebus.windows.net:443/",
          "status": "Activating"
        }
      }
    },
    {
      "RequestUri": "https://management.azure.com/subscriptions/326100e2-f69d-4268-8503-075374f62b6e/resourceGroups/testeventhubRG-3606/providers/Microsoft.EventHub/namespaces/testnamespacemgmt7103?api-version=2022-01-01-preview",
      "RequestMethod": "GET",
      "RequestHeaders": {
        "Authorization": "Sanitized",
        "traceparent": "00-762403c62e6f7575d1b33e64a121934a-c26c2fbcf3ba3749-00",
        "User-Agent": "azsdk-net-ResourceManager/1.3.1 (.NET 6.0.10; Microsoft Windows 10.0.19044)",
        "x-ms-client-request-id": "5b48f42f85913be659ad0891d7ad5f72",
        "x-ms-return-client-request-id": "true"
      },
      "RequestBody": null,
      "StatusCode": 200,
      "ResponseHeaders": {
        "Cache-Control": "no-cache",
        "Content-Length": "792",
        "Content-Type": "application/json; charset=utf-8",
        "Date": "Tue, 18 Oct 2022 06:33:54 GMT",
        "Expires": "-1",
        "Pragma": "no-cache",
        "Server": [
          "Service-Bus-Resource-Provider/SN1",
          "Microsoft-HTTPAPI/2.0"
        ],
        "Server-SB": "Service-Bus-Resource-Provider/SN1",
        "Strict-Transport-Security": "max-age=31536000; includeSubDomains",
        "X-Content-Type-Options": "nosniff",
        "x-ms-client-request-id": "5b48f42f85913be659ad0891d7ad5f72",
        "x-ms-correlation-request-id": "39843bed-72ac-4eb8-a8d2-36d94c8ba954",
        "x-ms-ratelimit-remaining-subscription-reads": "11908",
        "x-ms-request-id": "dfd1af22-c45a-4ef7-8d04-e82a710420e4_M11SN1_M11SN1",
        "x-ms-routing-request-id": "SOUTHCENTRALUS:20221018T063354Z:39843bed-72ac-4eb8-a8d2-36d94c8ba954"
      },
      "ResponseBody": {
        "sku": {
          "name": "Standard",
          "tier": "Standard",
          "capacity": 1
        },
        "id": "/subscriptions/326100e2-f69d-4268-8503-075374f62b6e/resourceGroups/testeventhubRG-3606/providers/Microsoft.EventHub/namespaces/testnamespacemgmt7103",
        "name": "testnamespacemgmt7103",
        "type": "Microsoft.EventHub/Namespaces",
        "location": "East US",
        "tags": {},
        "properties": {
          "minimumTlsVersion": "1.2",
          "publicNetworkAccess": "Enabled",
          "disableLocalAuth": false,
          "zoneRedundant": false,
          "isAutoInflateEnabled": false,
          "maximumThroughputUnits": 0,
          "kafkaEnabled": true,
          "provisioningState": "Created",
          "metricId": "326100e2-f69d-4268-8503-075374f62b6e:testnamespacemgmt7103",
          "createdAt": "2022-10-18T06:33:19.23Z",
          "updatedAt": "2022-10-18T06:33:19.23Z",
          "serviceBusEndpoint": "https://testnamespacemgmt7103.servicebus.windows.net:443/",
          "status": "Activating"
        }
      }
    },
    {
      "RequestUri": "https://management.azure.com/subscriptions/326100e2-f69d-4268-8503-075374f62b6e/resourceGroups/testeventhubRG-3606/providers/Microsoft.EventHub/namespaces/testnamespacemgmt7103?api-version=2022-01-01-preview",
      "RequestMethod": "GET",
      "RequestHeaders": {
        "Authorization": "Sanitized",
        "traceparent": "00-762403c62e6f7575d1b33e64a121934a-2e1faa8b450bd20f-00",
        "User-Agent": "azsdk-net-ResourceManager/1.3.1 (.NET 6.0.10; Microsoft Windows 10.0.19044)",
        "x-ms-client-request-id": "ef433b30f88a860f7f7f404d5014db41",
        "x-ms-return-client-request-id": "true"
      },
      "RequestBody": null,
      "StatusCode": 200,
      "ResponseHeaders": {
        "Cache-Control": "no-cache",
        "Content-Length": "791",
        "Content-Type": "application/json; charset=utf-8",
        "Date": "Tue, 18 Oct 2022 06:34:26 GMT",
        "Expires": "-1",
        "Pragma": "no-cache",
        "Server": [
          "Service-Bus-Resource-Provider/SN1",
          "Microsoft-HTTPAPI/2.0"
        ],
        "Server-SB": "Service-Bus-Resource-Provider/SN1",
        "Strict-Transport-Security": "max-age=31536000; includeSubDomains",
        "X-Content-Type-Options": "nosniff",
        "x-ms-client-request-id": "ef433b30f88a860f7f7f404d5014db41",
        "x-ms-correlation-request-id": "e27e43f1-f0a1-48fd-89c4-a9328a4a04a1",
        "x-ms-ratelimit-remaining-subscription-reads": "11907",
        "x-ms-request-id": "a741367f-81f7-4eb2-93f0-18d39c7a0eb9_M11SN1_M11SN1",
        "x-ms-routing-request-id": "SOUTHCENTRALUS:20221018T063426Z:e27e43f1-f0a1-48fd-89c4-a9328a4a04a1"
      },
      "ResponseBody": {
        "sku": {
          "name": "Standard",
          "tier": "Standard",
          "capacity": 1
        },
        "id": "/subscriptions/326100e2-f69d-4268-8503-075374f62b6e/resourceGroups/testeventhubRG-3606/providers/Microsoft.EventHub/namespaces/testnamespacemgmt7103",
        "name": "testnamespacemgmt7103",
        "type": "Microsoft.EventHub/Namespaces",
        "location": "East US",
        "tags": {},
        "properties": {
          "minimumTlsVersion": "1.2",
          "publicNetworkAccess": "Enabled",
          "disableLocalAuth": false,
          "zoneRedundant": false,
          "isAutoInflateEnabled": false,
          "maximumThroughputUnits": 0,
          "kafkaEnabled": true,
          "provisioningState": "Succeeded",
          "metricId": "326100e2-f69d-4268-8503-075374f62b6e:testnamespacemgmt7103",
          "createdAt": "2022-10-18T06:33:19.23Z",
          "updatedAt": "2022-10-18T06:34:06.587Z",
          "serviceBusEndpoint": "https://testnamespacemgmt7103.servicebus.windows.net:443/",
          "status": "Active"
        }
      }
    },
    {
      "RequestUri": "https://management.azure.com/subscriptions/326100e2-f69d-4268-8503-075374f62b6e/resourceGroups/testeventhubRG-3606/providers/Microsoft.EventHub/namespaces/testnamespacemgmt8825/authorizationRules/authorizationrule6284?api-version=2022-01-01-preview",
      "RequestMethod": "PUT",
      "RequestHeaders": {
        "Accept": "application/json",
        "Authorization": "Sanitized",
        "Content-Length": "43",
        "Content-Type": "application/json",
        "traceparent": "00-1c429acd50739e3306119c9128d5597a-561befe8fdc58981-00",
        "User-Agent": "azsdk-net-ResourceManager.EventHubs/1.1.0-alpha.20221017.1 (.NET 6.0.10; Microsoft Windows 10.0.19044)",
        "x-ms-client-request-id": "1872dd6a358568eead9301f1cf0396f6",
        "x-ms-return-client-request-id": "true"
      },
      "RequestBody": {
        "properties": {
          "rights": [
            "Listen",
            "Send"
          ]
        }
      },
      "StatusCode": 200,
      "ResponseHeaders": {
        "Cache-Control": "no-cache",
        "Content-Length": "352",
        "Content-Type": "application/json; charset=utf-8",
        "Date": "Tue, 18 Oct 2022 06:34:32 GMT",
        "Expires": "-1",
        "Pragma": "no-cache",
        "Server": [
          "Service-Bus-Resource-Provider/SN1",
          "Microsoft-HTTPAPI/2.0"
        ],
        "Server-SB": "Service-Bus-Resource-Provider/SN1",
        "Strict-Transport-Security": "max-age=31536000; includeSubDomains",
        "X-Content-Type-Options": "nosniff",
        "x-ms-client-request-id": "1872dd6a358568eead9301f1cf0396f6",
        "x-ms-correlation-request-id": "7f1eba41-d5b0-4772-a8fa-d53034dcc7b5",
        "x-ms-ratelimit-remaining-subscription-writes": "1160",
        "x-ms-request-id": "88f95fcc-5009-4318-921e-7baa81a4ff4e_M7SN1_M7SN1",
        "x-ms-routing-request-id": "SOUTHCENTRALUS:20221018T063433Z:7f1eba41-d5b0-4772-a8fa-d53034dcc7b5"
      },
      "ResponseBody": {
        "id": "/subscriptions/326100e2-f69d-4268-8503-075374f62b6e/resourceGroups/testeventhubRG-3606/providers/Microsoft.EventHub/namespaces/testnamespacemgmt8825/authorizationRules/authorizationrule6284",
        "name": "authorizationrule6284",
        "type": "Microsoft.EventHub/Namespaces/AuthorizationRules",
        "location": "East US 2",
        "properties": {
          "rights": [
            "Listen",
            "Send"
          ]
        }
      }
    },
    {
      "RequestUri": "https://management.azure.com/subscriptions/326100e2-f69d-4268-8503-075374f62b6e/resourceGroups/testeventhubRG-3606/providers/Microsoft.EventHub/namespaces/testnamespacemgmt8825/disasterRecoveryConfigs/disasterrecovery9520?api-version=2022-01-01-preview",
      "RequestMethod": "PUT",
      "RequestHeaders": {
        "Accept": "application/json",
        "Authorization": "Sanitized",
        "Content-Length": "186",
        "Content-Type": "application/json",
        "traceparent": "00-3371f546cc22eced7847d7473283d93e-8610f11e95d33d21-00",
        "User-Agent": "azsdk-net-ResourceManager.EventHubs/1.1.0-alpha.20221017.1 (.NET 6.0.10; Microsoft Windows 10.0.19044)",
        "x-ms-client-request-id": "81b506ba37efc2e4db124599ea44d2c6",
        "x-ms-return-client-request-id": "true"
      },
      "RequestBody": {
        "properties": {
          "partnerNamespace": "/subscriptions/326100e2-f69d-4268-8503-075374f62b6e/resourceGroups/testeventhubRG-3606/providers/Microsoft.EventHub/namespaces/testnamespacemgmt7103"
        }
      },
      "StatusCode": 200,
      "ResponseHeaders": {
        "Cache-Control": "no-cache",
        "Content-Length": "557",
        "Content-Type": "application/json; charset=utf-8",
        "Date": "Tue, 18 Oct 2022 06:34:40 GMT",
        "Expires": "-1",
        "Pragma": "no-cache",
        "Server": [
          "Service-Bus-Resource-Provider/SN1",
          "Microsoft-HTTPAPI/2.0"
        ],
        "Server-SB": "Service-Bus-Resource-Provider/SN1",
        "Strict-Transport-Security": "max-age=31536000; includeSubDomains",
        "X-Content-Type-Options": "nosniff",
        "x-ms-client-request-id": "81b506ba37efc2e4db124599ea44d2c6",
        "x-ms-correlation-request-id": "21772f89-e5b7-4174-bf13-4d1a46359cb6",
        "x-ms-ratelimit-remaining-subscription-writes": "1159",
        "x-ms-request-id": "dfe9045e-791a-4751-851a-db10bd0871b8_M7SN1_M7SN1",
        "x-ms-routing-request-id": "SOUTHCENTRALUS:20221018T063440Z:21772f89-e5b7-4174-bf13-4d1a46359cb6"
      },
      "ResponseBody": {
        "id": "/subscriptions/326100e2-f69d-4268-8503-075374f62b6e/resourceGroups/testeventhubRG-3606/providers/Microsoft.EventHub/namespaces/testnamespacemgmt8825/disasterRecoveryConfigs/disasterrecovery9520",
        "name": "disasterrecovery9520",
        "type": "Microsoft.EventHub/Namespaces/disasterrecoveryconfigs",
        "properties": {
          "provisioningState": "Accepted",
          "partnerNamespace": "/subscriptions/326100e2-f69d-4268-8503-075374f62b6e/resourceGroups/testeventhubRG-3606/providers/Microsoft.EventHub/namespaces/testnamespacemgmt7103",
          "role": "Primary",
          "type": "MetadataReplication"
        }
      }
    },
    {
      "RequestUri": "https://management.azure.com/subscriptions/326100e2-f69d-4268-8503-075374f62b6e/resourceGroups/testeventhubRG-3606/providers/Microsoft.EventHub/namespaces/testnamespacemgmt8825/disasterRecoveryConfigs/disasterrecovery9520?api-version=2022-01-01-preview",
      "RequestMethod": "GET",
      "RequestHeaders": {
        "Accept": "application/json",
        "Authorization": "Sanitized",
        "traceparent": "00-17d82a91ebaecfa26143122c9f8dd13b-048fe6890a67ad41-00",
        "User-Agent": "azsdk-net-ResourceManager.EventHubs/1.1.0-alpha.20221017.1 (.NET 6.0.10; Microsoft Windows 10.0.19044)",
        "x-ms-client-request-id": "eccf6d8fab59540586dc640e95b07baa",
        "x-ms-return-client-request-id": "true"
      },
      "RequestBody": null,
      "StatusCode": 200,
      "ResponseHeaders": {
        "Cache-Control": "no-cache",
        "Content-Length": "557",
        "Content-Type": "application/json; charset=utf-8",
        "Date": "Tue, 18 Oct 2022 06:34:40 GMT",
        "Expires": "-1",
        "Pragma": "no-cache",
        "Server": [
          "Service-Bus-Resource-Provider/SN1",
          "Microsoft-HTTPAPI/2.0"
        ],
        "Server-SB": "Service-Bus-Resource-Provider/SN1",
        "Strict-Transport-Security": "max-age=31536000; includeSubDomains",
        "X-Content-Type-Options": "nosniff",
        "x-ms-client-request-id": "eccf6d8fab59540586dc640e95b07baa",
        "x-ms-correlation-request-id": "f17a1a19-d89a-4808-b23c-5d8743c67b04",
        "x-ms-ratelimit-remaining-subscription-reads": "11906",
        "x-ms-request-id": "a1ce617e-8c83-4781-923b-870f0b01f0eb_M7SN1_M7SN1",
        "x-ms-routing-request-id": "SOUTHCENTRALUS:20221018T063440Z:f17a1a19-d89a-4808-b23c-5d8743c67b04"
      },
      "ResponseBody": {
        "id": "/subscriptions/326100e2-f69d-4268-8503-075374f62b6e/resourceGroups/testeventhubRG-3606/providers/Microsoft.EventHub/namespaces/testnamespacemgmt8825/disasterRecoveryConfigs/disasterrecovery9520",
        "name": "disasterrecovery9520",
        "type": "Microsoft.EventHub/Namespaces/disasterrecoveryconfigs",
        "properties": {
          "provisioningState": "Accepted",
          "partnerNamespace": "/subscriptions/326100e2-f69d-4268-8503-075374f62b6e/resourceGroups/testeventhubRG-3606/providers/Microsoft.EventHub/namespaces/testnamespacemgmt7103",
          "role": "Primary",
          "type": "MetadataReplication"
        }
      }
    },
    {
      "RequestUri": "https://management.azure.com/subscriptions/326100e2-f69d-4268-8503-075374f62b6e/resourceGroups/testeventhubRG-3606/providers/Microsoft.EventHub/namespaces/testnamespacemgmt7103/disasterRecoveryConfigs/disasterrecovery9520?api-version=2022-01-01-preview",
      "RequestMethod": "GET",
      "RequestHeaders": {
        "Accept": "application/json",
        "Authorization": "Sanitized",
        "traceparent": "00-6b04fcee3ce6951f68f6fd6705a3275a-bcaa561fc4bb4e12-00",
        "User-Agent": "azsdk-net-ResourceManager.EventHubs/1.1.0-alpha.20221017.1 (.NET 6.0.10; Microsoft Windows 10.0.19044)",
        "x-ms-client-request-id": "d45ab056808ca67b8e56a923a9cfc24f",
        "x-ms-return-client-request-id": "true"
      },
      "RequestBody": null,
      "StatusCode": 200,
      "ResponseHeaders": {
        "Cache-Control": "no-cache",
        "Content-Length": "559",
        "Content-Type": "application/json; charset=utf-8",
        "Date": "Tue, 18 Oct 2022 06:34:40 GMT",
        "Expires": "-1",
        "Pragma": "no-cache",
        "Server": [
          "Service-Bus-Resource-Provider/SN1",
          "Microsoft-HTTPAPI/2.0"
        ],
        "Server-SB": "Service-Bus-Resource-Provider/SN1",
        "Strict-Transport-Security": "max-age=31536000; includeSubDomains",
        "X-Content-Type-Options": "nosniff",
        "x-ms-client-request-id": "d45ab056808ca67b8e56a923a9cfc24f",
        "x-ms-correlation-request-id": "b72fdf03-08e5-4ca1-b264-242ade7d1394",
        "x-ms-ratelimit-remaining-subscription-reads": "11905",
        "x-ms-request-id": "b377a775-3957-4f05-9e9f-eb8a49f6e0fa_M7SN1_M7SN1",
        "x-ms-routing-request-id": "SOUTHCENTRALUS:20221018T063441Z:b72fdf03-08e5-4ca1-b264-242ade7d1394"
      },
      "ResponseBody": {
        "id": "/subscriptions/326100e2-f69d-4268-8503-075374f62b6e/resourceGroups/testeventhubRG-3606/providers/Microsoft.EventHub/namespaces/testnamespacemgmt7103/disasterRecoveryConfigs/disasterrecovery9520",
        "name": "disasterrecovery9520",
        "type": "Microsoft.EventHub/Namespaces/disasterrecoveryconfigs",
        "properties": {
          "provisioningState": "Accepted",
          "partnerNamespace": "/subscriptions/326100e2-f69d-4268-8503-075374f62b6e/resourceGroups/testeventhubRG-3606/providers/Microsoft.EventHub/namespaces/testnamespacemgmt8825",
          "role": "Secondary",
          "type": "MetadataReplication"
        }
      }
    },
    {
      "RequestUri": "https://management.azure.com/subscriptions/326100e2-f69d-4268-8503-075374f62b6e/resourceGroups/testeventhubRG-3606/providers/Microsoft.EventHub/namespaces/testnamespacemgmt8825/disasterRecoveryConfigs/disasterrecovery9520?api-version=2022-01-01-preview",
      "RequestMethod": "GET",
      "RequestHeaders": {
        "Accept": "application/json",
        "Authorization": "Sanitized",
        "traceparent": "00-ec1112fa5e30fa6d70025999beed6ac4-a6836ad199f22e15-00",
        "User-Agent": "azsdk-net-ResourceManager.EventHubs/1.1.0-alpha.20221017.1 (.NET 6.0.10; Microsoft Windows 10.0.19044)",
        "x-ms-client-request-id": "953f2a2e0ac60f460160fa12d3d52d2b",
        "x-ms-return-client-request-id": "true"
      },
      "RequestBody": null,
      "StatusCode": 200,
      "ResponseHeaders": {
        "Cache-Control": "no-cache",
        "Content-Length": "557",
        "Content-Type": "application/json; charset=utf-8",
        "Date": "Tue, 18 Oct 2022 06:34:41 GMT",
        "Expires": "-1",
        "Pragma": "no-cache",
        "Server": [
          "Service-Bus-Resource-Provider/SN1",
          "Microsoft-HTTPAPI/2.0"
        ],
        "Server-SB": "Service-Bus-Resource-Provider/SN1",
        "Strict-Transport-Security": "max-age=31536000; includeSubDomains",
        "X-Content-Type-Options": "nosniff",
        "x-ms-client-request-id": "953f2a2e0ac60f460160fa12d3d52d2b",
        "x-ms-correlation-request-id": "6f9720d4-d0c2-4a3d-b183-83583e022a2b",
        "x-ms-ratelimit-remaining-subscription-reads": "11904",
        "x-ms-request-id": "0a9f8e05-298e-45fa-924b-9a2a40173dc6_M7SN1_M7SN1",
        "x-ms-routing-request-id": "SOUTHCENTRALUS:20221018T063441Z:6f9720d4-d0c2-4a3d-b183-83583e022a2b"
      },
      "ResponseBody": {
        "id": "/subscriptions/326100e2-f69d-4268-8503-075374f62b6e/resourceGroups/testeventhubRG-3606/providers/Microsoft.EventHub/namespaces/testnamespacemgmt8825/disasterRecoveryConfigs/disasterrecovery9520",
        "name": "disasterrecovery9520",
        "type": "Microsoft.EventHub/Namespaces/disasterrecoveryconfigs",
        "properties": {
          "provisioningState": "Accepted",
          "partnerNamespace": "/subscriptions/326100e2-f69d-4268-8503-075374f62b6e/resourceGroups/testeventhubRG-3606/providers/Microsoft.EventHub/namespaces/testnamespacemgmt7103",
          "role": "Primary",
          "type": "MetadataReplication"
        }
      }
    },
    {
      "RequestUri": "https://management.azure.com/subscriptions/326100e2-f69d-4268-8503-075374f62b6e/resourceGroups/testeventhubRG-3606/providers/Microsoft.EventHub/namespaces/testnamespacemgmt8825/disasterRecoveryConfigs/disasterrecovery9520?api-version=2022-01-01-preview",
      "RequestMethod": "GET",
      "RequestHeaders": {
        "Accept": "application/json",
        "Authorization": "Sanitized",
        "traceparent": "00-d9bf0c894d5170dba3ef128b9226dba3-a905cbd1a2a6f69e-00",
        "User-Agent": "azsdk-net-ResourceManager.EventHubs/1.1.0-alpha.20221017.1 (.NET 6.0.10; Microsoft Windows 10.0.19044)",
        "x-ms-client-request-id": "39429a96fdea0f3af2295d0301e1abb7",
        "x-ms-return-client-request-id": "true"
      },
      "RequestBody": null,
      "StatusCode": 200,
      "ResponseHeaders": {
        "Cache-Control": "no-cache",
        "Content-Length": "557",
        "Content-Type": "application/json; charset=utf-8",
        "Date": "Tue, 18 Oct 2022 06:34:46 GMT",
        "Expires": "-1",
        "Pragma": "no-cache",
        "Server": [
          "Service-Bus-Resource-Provider/SN1",
          "Microsoft-HTTPAPI/2.0"
        ],
        "Server-SB": "Service-Bus-Resource-Provider/SN1",
        "Strict-Transport-Security": "max-age=31536000; includeSubDomains",
        "X-Content-Type-Options": "nosniff",
        "x-ms-client-request-id": "39429a96fdea0f3af2295d0301e1abb7",
        "x-ms-correlation-request-id": "91f57cbd-2479-43df-a033-5afcc080ba06",
        "x-ms-ratelimit-remaining-subscription-reads": "11903",
        "x-ms-request-id": "ca29c0ee-4f31-4ebf-9c3b-b2a4c08470b1_M7SN1_M7SN1",
        "x-ms-routing-request-id": "SOUTHCENTRALUS:20221018T063446Z:91f57cbd-2479-43df-a033-5afcc080ba06"
      },
      "ResponseBody": {
        "id": "/subscriptions/326100e2-f69d-4268-8503-075374f62b6e/resourceGroups/testeventhubRG-3606/providers/Microsoft.EventHub/namespaces/testnamespacemgmt8825/disasterRecoveryConfigs/disasterrecovery9520",
        "name": "disasterrecovery9520",
        "type": "Microsoft.EventHub/Namespaces/disasterrecoveryconfigs",
        "properties": {
          "provisioningState": "Accepted",
          "partnerNamespace": "/subscriptions/326100e2-f69d-4268-8503-075374f62b6e/resourceGroups/testeventhubRG-3606/providers/Microsoft.EventHub/namespaces/testnamespacemgmt7103",
          "role": "Primary",
          "type": "MetadataReplication"
        }
      }
    },
    {
      "RequestUri": "https://management.azure.com/subscriptions/326100e2-f69d-4268-8503-075374f62b6e/resourceGroups/testeventhubRG-3606/providers/Microsoft.EventHub/namespaces/testnamespacemgmt8825/disasterRecoveryConfigs/disasterrecovery9520?api-version=2022-01-01-preview",
      "RequestMethod": "GET",
      "RequestHeaders": {
        "Accept": "application/json",
        "Authorization": "Sanitized",
        "traceparent": "00-631a1dfc668b804fdffa1e3d9f8554e9-f23608acfbe501c4-00",
        "User-Agent": "azsdk-net-ResourceManager.EventHubs/1.1.0-alpha.20221017.1 (.NET 6.0.10; Microsoft Windows 10.0.19044)",
        "x-ms-client-request-id": "6be01519e6704ce46a4ad32c8568d2b8",
        "x-ms-return-client-request-id": "true"
      },
      "RequestBody": null,
      "StatusCode": 200,
      "ResponseHeaders": {
        "Cache-Control": "no-cache",
        "Content-Length": "557",
        "Content-Type": "application/json; charset=utf-8",
        "Date": "Tue, 18 Oct 2022 06:34:51 GMT",
        "Expires": "-1",
        "Pragma": "no-cache",
        "Server": [
          "Service-Bus-Resource-Provider/SN1",
          "Microsoft-HTTPAPI/2.0"
        ],
        "Server-SB": "Service-Bus-Resource-Provider/SN1",
        "Strict-Transport-Security": "max-age=31536000; includeSubDomains",
        "X-Content-Type-Options": "nosniff",
        "x-ms-client-request-id": "6be01519e6704ce46a4ad32c8568d2b8",
        "x-ms-correlation-request-id": "d8d5bc20-b649-4701-8850-56161ff32bd1",
        "x-ms-ratelimit-remaining-subscription-reads": "11902",
        "x-ms-request-id": "b34a8ca3-a188-48d2-b992-a533833067a9_M1SN1_M1SN1",
        "x-ms-routing-request-id": "SOUTHCENTRALUS:20221018T063451Z:d8d5bc20-b649-4701-8850-56161ff32bd1"
      },
      "ResponseBody": {
        "id": "/subscriptions/326100e2-f69d-4268-8503-075374f62b6e/resourceGroups/testeventhubRG-3606/providers/Microsoft.EventHub/namespaces/testnamespacemgmt8825/disasterRecoveryConfigs/disasterrecovery9520",
        "name": "disasterrecovery9520",
        "type": "Microsoft.EventHub/Namespaces/disasterrecoveryconfigs",
        "properties": {
          "provisioningState": "Accepted",
          "partnerNamespace": "/subscriptions/326100e2-f69d-4268-8503-075374f62b6e/resourceGroups/testeventhubRG-3606/providers/Microsoft.EventHub/namespaces/testnamespacemgmt7103",
          "role": "Primary",
          "type": "MetadataReplication"
        }
      }
    },
    {
      "RequestUri": "https://management.azure.com/subscriptions/326100e2-f69d-4268-8503-075374f62b6e/resourceGroups/testeventhubRG-3606/providers/Microsoft.EventHub/namespaces/testnamespacemgmt8825/disasterRecoveryConfigs/disasterrecovery9520?api-version=2022-01-01-preview",
      "RequestMethod": "GET",
      "RequestHeaders": {
        "Accept": "application/json",
        "Authorization": "Sanitized",
        "traceparent": "00-f49a487ef589f608c58a75c069aa779d-809300f6316fb039-00",
        "User-Agent": "azsdk-net-ResourceManager.EventHubs/1.1.0-alpha.20221017.1 (.NET 6.0.10; Microsoft Windows 10.0.19044)",
        "x-ms-client-request-id": "0e8c7d29898c3064f030a39cac430e1f",
        "x-ms-return-client-request-id": "true"
      },
      "RequestBody": null,
      "StatusCode": 200,
      "ResponseHeaders": {
        "Cache-Control": "no-cache",
        "Content-Length": "557",
        "Content-Type": "application/json; charset=utf-8",
        "Date": "Tue, 18 Oct 2022 06:34:56 GMT",
        "Expires": "-1",
        "Pragma": "no-cache",
        "Server": [
          "Service-Bus-Resource-Provider/SN1",
          "Microsoft-HTTPAPI/2.0"
        ],
        "Server-SB": "Service-Bus-Resource-Provider/SN1",
        "Strict-Transport-Security": "max-age=31536000; includeSubDomains",
        "X-Content-Type-Options": "nosniff",
        "x-ms-client-request-id": "0e8c7d29898c3064f030a39cac430e1f",
        "x-ms-correlation-request-id": "28dd3691-234f-44bb-a2b6-1606af77f75b",
        "x-ms-ratelimit-remaining-subscription-reads": "11901",
        "x-ms-request-id": "9b30881a-45df-41c9-96d0-527fc73bae5c_M7SN1_M7SN1",
        "x-ms-routing-request-id": "SOUTHCENTRALUS:20221018T063457Z:28dd3691-234f-44bb-a2b6-1606af77f75b"
      },
      "ResponseBody": {
        "id": "/subscriptions/326100e2-f69d-4268-8503-075374f62b6e/resourceGroups/testeventhubRG-3606/providers/Microsoft.EventHub/namespaces/testnamespacemgmt8825/disasterRecoveryConfigs/disasterrecovery9520",
        "name": "disasterrecovery9520",
        "type": "Microsoft.EventHub/Namespaces/disasterrecoveryconfigs",
        "properties": {
          "provisioningState": "Accepted",
          "partnerNamespace": "/subscriptions/326100e2-f69d-4268-8503-075374f62b6e/resourceGroups/testeventhubRG-3606/providers/Microsoft.EventHub/namespaces/testnamespacemgmt7103",
          "role": "Primary",
          "type": "MetadataReplication"
        }
      }
    },
    {
      "RequestUri": "https://management.azure.com/subscriptions/326100e2-f69d-4268-8503-075374f62b6e/resourceGroups/testeventhubRG-3606/providers/Microsoft.EventHub/namespaces/testnamespacemgmt8825/disasterRecoveryConfigs/disasterrecovery9520?api-version=2022-01-01-preview",
      "RequestMethod": "GET",
      "RequestHeaders": {
        "Accept": "application/json",
        "Authorization": "Sanitized",
        "traceparent": "00-1020c34e9f9c7244cb32c3f1424a25dd-7ad1ea69a7d010a1-00",
        "User-Agent": "azsdk-net-ResourceManager.EventHubs/1.1.0-alpha.20221017.1 (.NET 6.0.10; Microsoft Windows 10.0.19044)",
        "x-ms-client-request-id": "bef843b5c1f5b0bbb6f6cf9f2a0e8a89",
        "x-ms-return-client-request-id": "true"
      },
      "RequestBody": null,
      "StatusCode": 200,
      "ResponseHeaders": {
        "Cache-Control": "no-cache",
        "Content-Length": "557",
        "Content-Type": "application/json; charset=utf-8",
        "Date": "Tue, 18 Oct 2022 06:35:01 GMT",
        "Expires": "-1",
        "Pragma": "no-cache",
        "Server": [
          "Service-Bus-Resource-Provider/SN1",
          "Microsoft-HTTPAPI/2.0"
        ],
        "Server-SB": "Service-Bus-Resource-Provider/SN1",
        "Strict-Transport-Security": "max-age=31536000; includeSubDomains",
        "X-Content-Type-Options": "nosniff",
        "x-ms-client-request-id": "bef843b5c1f5b0bbb6f6cf9f2a0e8a89",
        "x-ms-correlation-request-id": "eeea7785-29eb-4c8f-9390-a243102ea893",
        "x-ms-ratelimit-remaining-subscription-reads": "11900",
        "x-ms-request-id": "7660e343-0d84-478c-a219-84233e2704a1_M9SN1_M9SN1",
        "x-ms-routing-request-id": "SOUTHCENTRALUS:20221018T063502Z:eeea7785-29eb-4c8f-9390-a243102ea893"
      },
      "ResponseBody": {
        "id": "/subscriptions/326100e2-f69d-4268-8503-075374f62b6e/resourceGroups/testeventhubRG-3606/providers/Microsoft.EventHub/namespaces/testnamespacemgmt8825/disasterRecoveryConfigs/disasterrecovery9520",
        "name": "disasterrecovery9520",
        "type": "Microsoft.EventHub/Namespaces/disasterrecoveryconfigs",
        "properties": {
          "provisioningState": "Accepted",
          "partnerNamespace": "/subscriptions/326100e2-f69d-4268-8503-075374f62b6e/resourceGroups/testeventhubRG-3606/providers/Microsoft.EventHub/namespaces/testnamespacemgmt7103",
          "role": "Primary",
          "type": "MetadataReplication"
        }
      }
    },
    {
      "RequestUri": "https://management.azure.com/subscriptions/326100e2-f69d-4268-8503-075374f62b6e/resourceGroups/testeventhubRG-3606/providers/Microsoft.EventHub/namespaces/testnamespacemgmt8825/disasterRecoveryConfigs/disasterrecovery9520?api-version=2022-01-01-preview",
      "RequestMethod": "GET",
      "RequestHeaders": {
        "Accept": "application/json",
        "Authorization": "Sanitized",
        "traceparent": "00-3dc0ac6ed1c5b48f6d335af2803d185e-c3245bc19835eda1-00",
        "User-Agent": "azsdk-net-ResourceManager.EventHubs/1.1.0-alpha.20221017.1 (.NET 6.0.10; Microsoft Windows 10.0.19044)",
        "x-ms-client-request-id": "83daa5569c55902ab0af7b3f42479f27",
        "x-ms-return-client-request-id": "true"
      },
      "RequestBody": null,
      "StatusCode": 200,
      "ResponseHeaders": {
        "Cache-Control": "no-cache",
        "Content-Length": "557",
        "Content-Type": "application/json; charset=utf-8",
        "Date": "Tue, 18 Oct 2022 06:35:06 GMT",
        "Expires": "-1",
        "Pragma": "no-cache",
        "Server": [
          "Service-Bus-Resource-Provider/SN1",
          "Microsoft-HTTPAPI/2.0"
        ],
        "Server-SB": "Service-Bus-Resource-Provider/SN1",
        "Strict-Transport-Security": "max-age=31536000; includeSubDomains",
        "X-Content-Type-Options": "nosniff",
        "x-ms-client-request-id": "83daa5569c55902ab0af7b3f42479f27",
        "x-ms-correlation-request-id": "872ad1d0-5ab9-4208-ab52-b04d64f85298",
        "x-ms-ratelimit-remaining-subscription-reads": "11899",
        "x-ms-request-id": "b6a1f80b-7a56-4ce0-9254-36637ac64340_M9SN1_M9SN1",
        "x-ms-routing-request-id": "SOUTHCENTRALUS:20221018T063507Z:872ad1d0-5ab9-4208-ab52-b04d64f85298"
      },
      "ResponseBody": {
        "id": "/subscriptions/326100e2-f69d-4268-8503-075374f62b6e/resourceGroups/testeventhubRG-3606/providers/Microsoft.EventHub/namespaces/testnamespacemgmt8825/disasterRecoveryConfigs/disasterrecovery9520",
        "name": "disasterrecovery9520",
        "type": "Microsoft.EventHub/Namespaces/disasterrecoveryconfigs",
        "properties": {
          "provisioningState": "Accepted",
          "partnerNamespace": "/subscriptions/326100e2-f69d-4268-8503-075374f62b6e/resourceGroups/testeventhubRG-3606/providers/Microsoft.EventHub/namespaces/testnamespacemgmt7103",
          "role": "Primary",
          "type": "MetadataReplication"
        }
      }
    },
    {
      "RequestUri": "https://management.azure.com/subscriptions/326100e2-f69d-4268-8503-075374f62b6e/resourceGroups/testeventhubRG-3606/providers/Microsoft.EventHub/namespaces/testnamespacemgmt8825/disasterRecoveryConfigs/disasterrecovery9520?api-version=2022-01-01-preview",
      "RequestMethod": "GET",
      "RequestHeaders": {
        "Accept": "application/json",
        "Authorization": "Sanitized",
        "traceparent": "00-ee06ca55710092b2b99df921e9f9dbab-cf28d22bd8c886a7-00",
        "User-Agent": "azsdk-net-ResourceManager.EventHubs/1.1.0-alpha.20221017.1 (.NET 6.0.10; Microsoft Windows 10.0.19044)",
        "x-ms-client-request-id": "4176b33c146f67c3c2db5895bac405e1",
        "x-ms-return-client-request-id": "true"
      },
      "RequestBody": null,
      "StatusCode": 200,
      "ResponseHeaders": {
        "Cache-Control": "no-cache",
        "Content-Length": "557",
        "Content-Type": "application/json; charset=utf-8",
        "Date": "Tue, 18 Oct 2022 06:35:12 GMT",
        "Expires": "-1",
        "Pragma": "no-cache",
        "Server": [
          "Service-Bus-Resource-Provider/SN1",
          "Microsoft-HTTPAPI/2.0"
        ],
        "Server-SB": "Service-Bus-Resource-Provider/SN1",
        "Strict-Transport-Security": "max-age=31536000; includeSubDomains",
        "X-Content-Type-Options": "nosniff",
        "x-ms-client-request-id": "4176b33c146f67c3c2db5895bac405e1",
        "x-ms-correlation-request-id": "963f677f-7fe7-4411-8ad6-3d8d8e2802fc",
        "x-ms-ratelimit-remaining-subscription-reads": "11898",
        "x-ms-request-id": "79f3df17-44ef-48c7-a3de-983ef4e3a38a_M9SN1_M9SN1",
        "x-ms-routing-request-id": "SOUTHCENTRALUS:20221018T063513Z:963f677f-7fe7-4411-8ad6-3d8d8e2802fc"
      },
      "ResponseBody": {
        "id": "/subscriptions/326100e2-f69d-4268-8503-075374f62b6e/resourceGroups/testeventhubRG-3606/providers/Microsoft.EventHub/namespaces/testnamespacemgmt8825/disasterRecoveryConfigs/disasterrecovery9520",
        "name": "disasterrecovery9520",
        "type": "Microsoft.EventHub/Namespaces/disasterrecoveryconfigs",
        "properties": {
          "provisioningState": "Accepted",
          "partnerNamespace": "/subscriptions/326100e2-f69d-4268-8503-075374f62b6e/resourceGroups/testeventhubRG-3606/providers/Microsoft.EventHub/namespaces/testnamespacemgmt7103",
          "role": "Primary",
          "type": "MetadataReplication"
        }
      }
    },
    {
      "RequestUri": "https://management.azure.com/subscriptions/326100e2-f69d-4268-8503-075374f62b6e/resourceGroups/testeventhubRG-3606/providers/Microsoft.EventHub/namespaces/testnamespacemgmt8825/disasterRecoveryConfigs/disasterrecovery9520?api-version=2022-01-01-preview",
      "RequestMethod": "GET",
      "RequestHeaders": {
        "Accept": "application/json",
        "Authorization": "Sanitized",
        "traceparent": "00-6e94371f7b727559494425780b92d653-10750816a8a7d094-00",
        "User-Agent": "azsdk-net-ResourceManager.EventHubs/1.1.0-alpha.20221017.1 (.NET 6.0.10; Microsoft Windows 10.0.19044)",
        "x-ms-client-request-id": "07451aa68a6818c918680d46467b6e6f",
        "x-ms-return-client-request-id": "true"
      },
      "RequestBody": null,
      "StatusCode": 200,
      "ResponseHeaders": {
        "Cache-Control": "no-cache",
        "Content-Length": "557",
        "Content-Type": "application/json; charset=utf-8",
        "Date": "Tue, 18 Oct 2022 06:35:18 GMT",
        "Expires": "-1",
        "Pragma": "no-cache",
        "Server": [
          "Service-Bus-Resource-Provider/SN1",
          "Microsoft-HTTPAPI/2.0"
        ],
        "Server-SB": "Service-Bus-Resource-Provider/SN1",
        "Strict-Transport-Security": "max-age=31536000; includeSubDomains",
        "X-Content-Type-Options": "nosniff",
        "x-ms-client-request-id": "07451aa68a6818c918680d46467b6e6f",
        "x-ms-correlation-request-id": "59219950-3a47-4f65-b341-31fdbaf8e217",
        "x-ms-ratelimit-remaining-subscription-reads": "11897",
        "x-ms-request-id": "f8d81781-3913-4c16-a2ca-3da01f3d8d08_M9SN1_M9SN1",
        "x-ms-routing-request-id": "SOUTHCENTRALUS:20221018T063518Z:59219950-3a47-4f65-b341-31fdbaf8e217"
      },
      "ResponseBody": {
        "id": "/subscriptions/326100e2-f69d-4268-8503-075374f62b6e/resourceGroups/testeventhubRG-3606/providers/Microsoft.EventHub/namespaces/testnamespacemgmt8825/disasterRecoveryConfigs/disasterrecovery9520",
        "name": "disasterrecovery9520",
        "type": "Microsoft.EventHub/Namespaces/disasterrecoveryconfigs",
        "properties": {
          "provisioningState": "Accepted",
          "partnerNamespace": "/subscriptions/326100e2-f69d-4268-8503-075374f62b6e/resourceGroups/testeventhubRG-3606/providers/Microsoft.EventHub/namespaces/testnamespacemgmt7103",
          "role": "Primary",
          "type": "MetadataReplication"
        }
      }
    },
    {
      "RequestUri": "https://management.azure.com/subscriptions/326100e2-f69d-4268-8503-075374f62b6e/resourceGroups/testeventhubRG-3606/providers/Microsoft.EventHub/namespaces/testnamespacemgmt8825/disasterRecoveryConfigs/disasterrecovery9520?api-version=2022-01-01-preview",
      "RequestMethod": "GET",
      "RequestHeaders": {
        "Accept": "application/json",
        "Authorization": "Sanitized",
        "traceparent": "00-b6a42c4e7279f4904514468123b85d69-bebc672a48a557ec-00",
        "User-Agent": "azsdk-net-ResourceManager.EventHubs/1.1.0-alpha.20221017.1 (.NET 6.0.10; Microsoft Windows 10.0.19044)",
        "x-ms-client-request-id": "7663a75748974219e273c17a4494d6eb",
        "x-ms-return-client-request-id": "true"
      },
      "RequestBody": null,
      "StatusCode": 200,
      "ResponseHeaders": {
        "Cache-Control": "no-cache",
        "Content-Length": "557",
        "Content-Type": "application/json; charset=utf-8",
        "Date": "Tue, 18 Oct 2022 06:35:23 GMT",
        "Expires": "-1",
        "Pragma": "no-cache",
        "Server": [
          "Service-Bus-Resource-Provider/SN1",
          "Microsoft-HTTPAPI/2.0"
        ],
        "Server-SB": "Service-Bus-Resource-Provider/SN1",
        "Strict-Transport-Security": "max-age=31536000; includeSubDomains",
        "X-Content-Type-Options": "nosniff",
        "x-ms-client-request-id": "7663a75748974219e273c17a4494d6eb",
        "x-ms-correlation-request-id": "39f96fe0-1297-42fb-9e30-d6512e937da8",
        "x-ms-ratelimit-remaining-subscription-reads": "11896",
        "x-ms-request-id": "fb83dc9a-8364-4094-8b35-7b7c621f56c3_M9SN1_M9SN1",
        "x-ms-routing-request-id": "SOUTHCENTRALUS:20221018T063523Z:39f96fe0-1297-42fb-9e30-d6512e937da8"
      },
      "ResponseBody": {
        "id": "/subscriptions/326100e2-f69d-4268-8503-075374f62b6e/resourceGroups/testeventhubRG-3606/providers/Microsoft.EventHub/namespaces/testnamespacemgmt8825/disasterRecoveryConfigs/disasterrecovery9520",
        "name": "disasterrecovery9520",
        "type": "Microsoft.EventHub/Namespaces/disasterrecoveryconfigs",
        "properties": {
          "provisioningState": "Accepted",
          "partnerNamespace": "/subscriptions/326100e2-f69d-4268-8503-075374f62b6e/resourceGroups/testeventhubRG-3606/providers/Microsoft.EventHub/namespaces/testnamespacemgmt7103",
          "role": "Primary",
          "type": "MetadataReplication"
        }
      }
    },
    {
      "RequestUri": "https://management.azure.com/subscriptions/326100e2-f69d-4268-8503-075374f62b6e/resourceGroups/testeventhubRG-3606/providers/Microsoft.EventHub/namespaces/testnamespacemgmt8825/disasterRecoveryConfigs/disasterrecovery9520?api-version=2022-01-01-preview",
      "RequestMethod": "GET",
      "RequestHeaders": {
        "Accept": "application/json",
        "Authorization": "Sanitized",
        "traceparent": "00-f3ecc511af6f0feb9dce4743c4aa8a71-25b291b33f560473-00",
        "User-Agent": "azsdk-net-ResourceManager.EventHubs/1.1.0-alpha.20221017.1 (.NET 6.0.10; Microsoft Windows 10.0.19044)",
        "x-ms-client-request-id": "279999a99701b2beea5d2807077d2046",
        "x-ms-return-client-request-id": "true"
      },
      "RequestBody": null,
      "StatusCode": 200,
      "ResponseHeaders": {
        "Cache-Control": "no-cache",
        "Content-Length": "557",
        "Content-Type": "application/json; charset=utf-8",
        "Date": "Tue, 18 Oct 2022 06:35:28 GMT",
        "Expires": "-1",
        "Pragma": "no-cache",
        "Server": [
          "Service-Bus-Resource-Provider/SN1",
          "Microsoft-HTTPAPI/2.0"
        ],
        "Server-SB": "Service-Bus-Resource-Provider/SN1",
        "Strict-Transport-Security": "max-age=31536000; includeSubDomains",
        "X-Content-Type-Options": "nosniff",
        "x-ms-client-request-id": "279999a99701b2beea5d2807077d2046",
        "x-ms-correlation-request-id": "c11eb9d0-0674-47f9-9127-0021fe4662c6",
        "x-ms-ratelimit-remaining-subscription-reads": "11895",
        "x-ms-request-id": "93d23408-b588-4882-9f0a-797b88121f24_M9SN1_M9SN1",
        "x-ms-routing-request-id": "SOUTHCENTRALUS:20221018T063528Z:c11eb9d0-0674-47f9-9127-0021fe4662c6"
      },
      "ResponseBody": {
        "id": "/subscriptions/326100e2-f69d-4268-8503-075374f62b6e/resourceGroups/testeventhubRG-3606/providers/Microsoft.EventHub/namespaces/testnamespacemgmt8825/disasterRecoveryConfigs/disasterrecovery9520",
        "name": "disasterrecovery9520",
        "type": "Microsoft.EventHub/Namespaces/disasterrecoveryconfigs",
        "properties": {
          "provisioningState": "Accepted",
          "partnerNamespace": "/subscriptions/326100e2-f69d-4268-8503-075374f62b6e/resourceGroups/testeventhubRG-3606/providers/Microsoft.EventHub/namespaces/testnamespacemgmt7103",
          "role": "Primary",
          "type": "MetadataReplication"
        }
      }
    },
    {
      "RequestUri": "https://management.azure.com/subscriptions/326100e2-f69d-4268-8503-075374f62b6e/resourceGroups/testeventhubRG-3606/providers/Microsoft.EventHub/namespaces/testnamespacemgmt8825/disasterRecoveryConfigs/disasterrecovery9520?api-version=2022-01-01-preview",
      "RequestMethod": "GET",
      "RequestHeaders": {
        "Accept": "application/json",
        "Authorization": "Sanitized",
        "traceparent": "00-bcfd108424a2ea249a94843a583e67c4-f53109e2fcf01fbe-00",
        "User-Agent": "azsdk-net-ResourceManager.EventHubs/1.1.0-alpha.20221017.1 (.NET 6.0.10; Microsoft Windows 10.0.19044)",
        "x-ms-client-request-id": "123ee96c8f615e4a010325f5c94fd484",
        "x-ms-return-client-request-id": "true"
      },
      "RequestBody": null,
      "StatusCode": 200,
      "ResponseHeaders": {
        "Cache-Control": "no-cache",
        "Content-Length": "557",
        "Content-Type": "application/json; charset=utf-8",
        "Date": "Tue, 18 Oct 2022 06:35:33 GMT",
        "Expires": "-1",
        "Pragma": "no-cache",
        "Server": [
          "Service-Bus-Resource-Provider/SN1",
          "Microsoft-HTTPAPI/2.0"
        ],
        "Server-SB": "Service-Bus-Resource-Provider/SN1",
        "Strict-Transport-Security": "max-age=31536000; includeSubDomains",
        "X-Content-Type-Options": "nosniff",
        "x-ms-client-request-id": "123ee96c8f615e4a010325f5c94fd484",
        "x-ms-correlation-request-id": "4a90c00a-9eb9-4b49-b12d-a8396f391433",
        "x-ms-ratelimit-remaining-subscription-reads": "11894",
        "x-ms-request-id": "82212b54-b879-479e-890e-b6e9ed93cd8c_M9SN1_M9SN1",
        "x-ms-routing-request-id": "SOUTHCENTRALUS:20221018T063534Z:4a90c00a-9eb9-4b49-b12d-a8396f391433"
      },
      "ResponseBody": {
        "id": "/subscriptions/326100e2-f69d-4268-8503-075374f62b6e/resourceGroups/testeventhubRG-3606/providers/Microsoft.EventHub/namespaces/testnamespacemgmt8825/disasterRecoveryConfigs/disasterrecovery9520",
        "name": "disasterrecovery9520",
        "type": "Microsoft.EventHub/Namespaces/disasterrecoveryconfigs",
        "properties": {
          "provisioningState": "Accepted",
          "partnerNamespace": "/subscriptions/326100e2-f69d-4268-8503-075374f62b6e/resourceGroups/testeventhubRG-3606/providers/Microsoft.EventHub/namespaces/testnamespacemgmt7103",
          "role": "Primary",
          "type": "MetadataReplication"
        }
      }
    },
    {
      "RequestUri": "https://management.azure.com/subscriptions/326100e2-f69d-4268-8503-075374f62b6e/resourceGroups/testeventhubRG-3606/providers/Microsoft.EventHub/namespaces/testnamespacemgmt8825/disasterRecoveryConfigs/disasterrecovery9520?api-version=2022-01-01-preview",
      "RequestMethod": "GET",
      "RequestHeaders": {
        "Accept": "application/json",
        "Authorization": "Sanitized",
        "traceparent": "00-709421df6c4587939773da21eccad84a-6be0966641bb97c9-00",
        "User-Agent": "azsdk-net-ResourceManager.EventHubs/1.1.0-alpha.20221017.1 (.NET 6.0.10; Microsoft Windows 10.0.19044)",
        "x-ms-client-request-id": "ad9c219247e2bf6de8b18c391f113a65",
        "x-ms-return-client-request-id": "true"
      },
      "RequestBody": null,
      "StatusCode": 200,
      "ResponseHeaders": {
        "Cache-Control": "no-cache",
        "Content-Length": "557",
        "Content-Type": "application/json; charset=utf-8",
        "Date": "Tue, 18 Oct 2022 06:35:38 GMT",
        "Expires": "-1",
        "Pragma": "no-cache",
        "Server": [
          "Service-Bus-Resource-Provider/SN1",
          "Microsoft-HTTPAPI/2.0"
        ],
        "Server-SB": "Service-Bus-Resource-Provider/SN1",
        "Strict-Transport-Security": "max-age=31536000; includeSubDomains",
        "X-Content-Type-Options": "nosniff",
        "x-ms-client-request-id": "ad9c219247e2bf6de8b18c391f113a65",
        "x-ms-correlation-request-id": "67fb64d6-42f4-4418-bd9c-278f66fe9039",
        "x-ms-ratelimit-remaining-subscription-reads": "11893",
        "x-ms-request-id": "2ec53cd0-58a6-4fb8-956b-83cb01e1a0e5_M9SN1_M9SN1",
        "x-ms-routing-request-id": "SOUTHCENTRALUS:20221018T063539Z:67fb64d6-42f4-4418-bd9c-278f66fe9039"
      },
      "ResponseBody": {
        "id": "/subscriptions/326100e2-f69d-4268-8503-075374f62b6e/resourceGroups/testeventhubRG-3606/providers/Microsoft.EventHub/namespaces/testnamespacemgmt8825/disasterRecoveryConfigs/disasterrecovery9520",
        "name": "disasterrecovery9520",
        "type": "Microsoft.EventHub/Namespaces/disasterrecoveryconfigs",
        "properties": {
          "provisioningState": "Accepted",
          "partnerNamespace": "/subscriptions/326100e2-f69d-4268-8503-075374f62b6e/resourceGroups/testeventhubRG-3606/providers/Microsoft.EventHub/namespaces/testnamespacemgmt7103",
          "role": "Primary",
          "type": "MetadataReplication"
        }
      }
    },
    {
      "RequestUri": "https://management.azure.com/subscriptions/326100e2-f69d-4268-8503-075374f62b6e/resourceGroups/testeventhubRG-3606/providers/Microsoft.EventHub/namespaces/testnamespacemgmt8825/disasterRecoveryConfigs/disasterrecovery9520?api-version=2022-01-01-preview",
      "RequestMethod": "GET",
      "RequestHeaders": {
        "Accept": "application/json",
        "Authorization": "Sanitized",
        "traceparent": "00-d15d2fa3aaa59b47b841a1656bd312ab-b311f258c946a69f-00",
        "User-Agent": "azsdk-net-ResourceManager.EventHubs/1.1.0-alpha.20221017.1 (.NET 6.0.10; Microsoft Windows 10.0.19044)",
        "x-ms-client-request-id": "5a0d7a52c3561a8a4e3a26fd71c8e99a",
        "x-ms-return-client-request-id": "true"
      },
      "RequestBody": null,
      "StatusCode": 200,
      "ResponseHeaders": {
        "Cache-Control": "no-cache",
        "Content-Length": "557",
        "Content-Type": "application/json; charset=utf-8",
        "Date": "Tue, 18 Oct 2022 06:35:44 GMT",
        "Expires": "-1",
        "Pragma": "no-cache",
        "Server": [
          "Service-Bus-Resource-Provider/SN1",
          "Microsoft-HTTPAPI/2.0"
        ],
        "Server-SB": "Service-Bus-Resource-Provider/SN1",
        "Strict-Transport-Security": "max-age=31536000; includeSubDomains",
        "X-Content-Type-Options": "nosniff",
        "x-ms-client-request-id": "5a0d7a52c3561a8a4e3a26fd71c8e99a",
        "x-ms-correlation-request-id": "bf20e3e5-ffa9-4a4d-8bc7-8a7cd2ebeea2",
        "x-ms-ratelimit-remaining-subscription-reads": "11892",
        "x-ms-request-id": "ac02f377-ea08-43aa-91ce-aa9021a6970e_M9SN1_M9SN1",
        "x-ms-routing-request-id": "SOUTHCENTRALUS:20221018T063544Z:bf20e3e5-ffa9-4a4d-8bc7-8a7cd2ebeea2"
      },
      "ResponseBody": {
        "id": "/subscriptions/326100e2-f69d-4268-8503-075374f62b6e/resourceGroups/testeventhubRG-3606/providers/Microsoft.EventHub/namespaces/testnamespacemgmt8825/disasterRecoveryConfigs/disasterrecovery9520",
        "name": "disasterrecovery9520",
        "type": "Microsoft.EventHub/Namespaces/disasterrecoveryconfigs",
        "properties": {
          "provisioningState": "Accepted",
          "partnerNamespace": "/subscriptions/326100e2-f69d-4268-8503-075374f62b6e/resourceGroups/testeventhubRG-3606/providers/Microsoft.EventHub/namespaces/testnamespacemgmt7103",
          "role": "Primary",
          "type": "MetadataReplication"
        }
      }
    },
    {
      "RequestUri": "https://management.azure.com/subscriptions/326100e2-f69d-4268-8503-075374f62b6e/resourceGroups/testeventhubRG-3606/providers/Microsoft.EventHub/namespaces/testnamespacemgmt8825/disasterRecoveryConfigs/disasterrecovery9520?api-version=2022-01-01-preview",
      "RequestMethod": "GET",
      "RequestHeaders": {
        "Accept": "application/json",
        "Authorization": "Sanitized",
        "traceparent": "00-2d2c4d7ad0b2377e752d058392f3a7b0-bde71ad8d537e1b6-00",
        "User-Agent": "azsdk-net-ResourceManager.EventHubs/1.1.0-alpha.20221017.1 (.NET 6.0.10; Microsoft Windows 10.0.19044)",
        "x-ms-client-request-id": "e575a48872e025637b7e29b002103eef",
        "x-ms-return-client-request-id": "true"
      },
      "RequestBody": null,
      "StatusCode": 200,
      "ResponseHeaders": {
        "Cache-Control": "no-cache",
        "Content-Length": "557",
        "Content-Type": "application/json; charset=utf-8",
        "Date": "Tue, 18 Oct 2022 06:35:49 GMT",
        "Expires": "-1",
        "Pragma": "no-cache",
        "Server": [
          "Service-Bus-Resource-Provider/SN1",
          "Microsoft-HTTPAPI/2.0"
        ],
        "Server-SB": "Service-Bus-Resource-Provider/SN1",
        "Strict-Transport-Security": "max-age=31536000; includeSubDomains",
        "X-Content-Type-Options": "nosniff",
        "x-ms-client-request-id": "e575a48872e025637b7e29b002103eef",
        "x-ms-correlation-request-id": "5976d507-097b-4766-b412-1c4f9811da56",
        "x-ms-ratelimit-remaining-subscription-reads": "11891",
        "x-ms-request-id": "e2f08d50-b319-4160-b68d-204dd56051b2_M9SN1_M9SN1",
        "x-ms-routing-request-id": "SOUTHCENTRALUS:20221018T063549Z:5976d507-097b-4766-b412-1c4f9811da56"
      },
      "ResponseBody": {
        "id": "/subscriptions/326100e2-f69d-4268-8503-075374f62b6e/resourceGroups/testeventhubRG-3606/providers/Microsoft.EventHub/namespaces/testnamespacemgmt8825/disasterRecoveryConfigs/disasterrecovery9520",
        "name": "disasterrecovery9520",
        "type": "Microsoft.EventHub/Namespaces/disasterrecoveryconfigs",
        "properties": {
          "provisioningState": "Accepted",
          "partnerNamespace": "/subscriptions/326100e2-f69d-4268-8503-075374f62b6e/resourceGroups/testeventhubRG-3606/providers/Microsoft.EventHub/namespaces/testnamespacemgmt7103",
          "role": "Primary",
          "type": "MetadataReplication"
        }
      }
    },
    {
      "RequestUri": "https://management.azure.com/subscriptions/326100e2-f69d-4268-8503-075374f62b6e/resourceGroups/testeventhubRG-3606/providers/Microsoft.EventHub/namespaces/testnamespacemgmt8825/disasterRecoveryConfigs/disasterrecovery9520?api-version=2022-01-01-preview",
      "RequestMethod": "GET",
      "RequestHeaders": {
        "Accept": "application/json",
        "Authorization": "Sanitized",
        "traceparent": "00-96fa3bf4ee91d4e585d950e909abe64e-4c74e1a2e3320741-00",
        "User-Agent": "azsdk-net-ResourceManager.EventHubs/1.1.0-alpha.20221017.1 (.NET 6.0.10; Microsoft Windows 10.0.19044)",
        "x-ms-client-request-id": "4ea2c0c87942ce2d96815fa7206f4d1f",
        "x-ms-return-client-request-id": "true"
      },
      "RequestBody": null,
      "StatusCode": 200,
      "ResponseHeaders": {
        "Cache-Control": "no-cache",
        "Content-Length": "557",
        "Content-Type": "application/json; charset=utf-8",
        "Date": "Tue, 18 Oct 2022 06:35:54 GMT",
        "Expires": "-1",
        "Pragma": "no-cache",
        "Server": [
          "Service-Bus-Resource-Provider/SN1",
          "Microsoft-HTTPAPI/2.0"
        ],
        "Server-SB": "Service-Bus-Resource-Provider/SN1",
        "Strict-Transport-Security": "max-age=31536000; includeSubDomains",
        "X-Content-Type-Options": "nosniff",
        "x-ms-client-request-id": "4ea2c0c87942ce2d96815fa7206f4d1f",
        "x-ms-correlation-request-id": "7c8d59bd-411e-4e88-80c7-22cba0d15c6c",
        "x-ms-ratelimit-remaining-subscription-reads": "11890",
        "x-ms-request-id": "88f86b68-8d94-43d6-bec1-37f5df0b50f5_M9SN1_M9SN1",
        "x-ms-routing-request-id": "SOUTHCENTRALUS:20221018T063555Z:7c8d59bd-411e-4e88-80c7-22cba0d15c6c"
      },
      "ResponseBody": {
        "id": "/subscriptions/326100e2-f69d-4268-8503-075374f62b6e/resourceGroups/testeventhubRG-3606/providers/Microsoft.EventHub/namespaces/testnamespacemgmt8825/disasterRecoveryConfigs/disasterrecovery9520",
        "name": "disasterrecovery9520",
        "type": "Microsoft.EventHub/Namespaces/disasterrecoveryconfigs",
        "properties": {
          "provisioningState": "Accepted",
          "partnerNamespace": "/subscriptions/326100e2-f69d-4268-8503-075374f62b6e/resourceGroups/testeventhubRG-3606/providers/Microsoft.EventHub/namespaces/testnamespacemgmt7103",
          "role": "Primary",
          "type": "MetadataReplication"
        }
      }
    },
    {
      "RequestUri": "https://management.azure.com/subscriptions/326100e2-f69d-4268-8503-075374f62b6e/resourceGroups/testeventhubRG-3606/providers/Microsoft.EventHub/namespaces/testnamespacemgmt8825/disasterRecoveryConfigs/disasterrecovery9520?api-version=2022-01-01-preview",
      "RequestMethod": "GET",
      "RequestHeaders": {
        "Accept": "application/json",
        "Authorization": "Sanitized",
        "traceparent": "00-d4268b06bfd997891af65d9a2db064a5-33ae674a2014defa-00",
        "User-Agent": "azsdk-net-ResourceManager.EventHubs/1.1.0-alpha.20221017.1 (.NET 6.0.10; Microsoft Windows 10.0.19044)",
        "x-ms-client-request-id": "7bb0f1c7559ce08417e7dfd89ada173d",
        "x-ms-return-client-request-id": "true"
      },
      "RequestBody": null,
      "StatusCode": 200,
      "ResponseHeaders": {
        "Cache-Control": "no-cache",
        "Content-Length": "557",
        "Content-Type": "application/json; charset=utf-8",
        "Date": "Tue, 18 Oct 2022 06:35:59 GMT",
        "Expires": "-1",
        "Pragma": "no-cache",
        "Server": [
          "Service-Bus-Resource-Provider/SN1",
          "Microsoft-HTTPAPI/2.0"
        ],
        "Server-SB": "Service-Bus-Resource-Provider/SN1",
        "Strict-Transport-Security": "max-age=31536000; includeSubDomains",
        "X-Content-Type-Options": "nosniff",
        "x-ms-client-request-id": "7bb0f1c7559ce08417e7dfd89ada173d",
        "x-ms-correlation-request-id": "5de3f692-c4c9-4dff-a226-2f786effb100",
        "x-ms-ratelimit-remaining-subscription-reads": "11889",
        "x-ms-request-id": "1081663d-bd28-433a-a371-ac85fb62d988_M9SN1_M9SN1",
        "x-ms-routing-request-id": "SOUTHCENTRALUS:20221018T063600Z:5de3f692-c4c9-4dff-a226-2f786effb100"
      },
      "ResponseBody": {
        "id": "/subscriptions/326100e2-f69d-4268-8503-075374f62b6e/resourceGroups/testeventhubRG-3606/providers/Microsoft.EventHub/namespaces/testnamespacemgmt8825/disasterRecoveryConfigs/disasterrecovery9520",
        "name": "disasterrecovery9520",
        "type": "Microsoft.EventHub/Namespaces/disasterrecoveryconfigs",
        "properties": {
          "provisioningState": "Accepted",
          "partnerNamespace": "/subscriptions/326100e2-f69d-4268-8503-075374f62b6e/resourceGroups/testeventhubRG-3606/providers/Microsoft.EventHub/namespaces/testnamespacemgmt7103",
          "role": "Primary",
          "type": "MetadataReplication"
        }
      }
    },
    {
      "RequestUri": "https://management.azure.com/subscriptions/326100e2-f69d-4268-8503-075374f62b6e/resourceGroups/testeventhubRG-3606/providers/Microsoft.EventHub/namespaces/testnamespacemgmt8825/disasterRecoveryConfigs/disasterrecovery9520?api-version=2022-01-01-preview",
      "RequestMethod": "GET",
      "RequestHeaders": {
        "Accept": "application/json",
        "Authorization": "Sanitized",
        "traceparent": "00-3cd32ef804f042ab9329b5902c51c226-bfaa6cf14e11e631-00",
        "User-Agent": "azsdk-net-ResourceManager.EventHubs/1.1.0-alpha.20221017.1 (.NET 6.0.10; Microsoft Windows 10.0.19044)",
        "x-ms-client-request-id": "b13437fc9b250f5877a64e5e12bb050b",
        "x-ms-return-client-request-id": "true"
      },
      "RequestBody": null,
      "StatusCode": 200,
      "ResponseHeaders": {
        "Cache-Control": "no-cache",
        "Content-Length": "557",
        "Content-Type": "application/json; charset=utf-8",
        "Date": "Tue, 18 Oct 2022 06:36:04 GMT",
        "Expires": "-1",
        "Pragma": "no-cache",
        "Server": [
          "Service-Bus-Resource-Provider/SN1",
          "Microsoft-HTTPAPI/2.0"
        ],
        "Server-SB": "Service-Bus-Resource-Provider/SN1",
        "Strict-Transport-Security": "max-age=31536000; includeSubDomains",
        "X-Content-Type-Options": "nosniff",
        "x-ms-client-request-id": "b13437fc9b250f5877a64e5e12bb050b",
        "x-ms-correlation-request-id": "fcbc5bd0-de60-4f0b-aabf-a5ea4b61ed14",
        "x-ms-ratelimit-remaining-subscription-reads": "11888",
        "x-ms-request-id": "52c5fdc1-cbef-4345-bef8-d1fd458e76cb_M9SN1_M9SN1",
        "x-ms-routing-request-id": "SOUTHCENTRALUS:20221018T063605Z:fcbc5bd0-de60-4f0b-aabf-a5ea4b61ed14"
      },
      "ResponseBody": {
        "id": "/subscriptions/326100e2-f69d-4268-8503-075374f62b6e/resourceGroups/testeventhubRG-3606/providers/Microsoft.EventHub/namespaces/testnamespacemgmt8825/disasterRecoveryConfigs/disasterrecovery9520",
        "name": "disasterrecovery9520",
        "type": "Microsoft.EventHub/Namespaces/disasterrecoveryconfigs",
        "properties": {
          "provisioningState": "Accepted",
          "partnerNamespace": "/subscriptions/326100e2-f69d-4268-8503-075374f62b6e/resourceGroups/testeventhubRG-3606/providers/Microsoft.EventHub/namespaces/testnamespacemgmt7103",
          "role": "Primary",
          "type": "MetadataReplication"
        }
      }
    },
    {
      "RequestUri": "https://management.azure.com/subscriptions/326100e2-f69d-4268-8503-075374f62b6e/resourceGroups/testeventhubRG-3606/providers/Microsoft.EventHub/namespaces/testnamespacemgmt8825/disasterRecoveryConfigs/disasterrecovery9520?api-version=2022-01-01-preview",
      "RequestMethod": "GET",
      "RequestHeaders": {
        "Accept": "application/json",
        "Authorization": "Sanitized",
        "traceparent": "00-94f7212f5b0ee273c112281671660499-992570d9a48268ab-00",
        "User-Agent": "azsdk-net-ResourceManager.EventHubs/1.1.0-alpha.20221017.1 (.NET 6.0.10; Microsoft Windows 10.0.19044)",
        "x-ms-client-request-id": "11e80930c36073523cc2365a9a5534bc",
        "x-ms-return-client-request-id": "true"
      },
      "RequestBody": null,
      "StatusCode": 200,
      "ResponseHeaders": {
        "Cache-Control": "no-cache",
        "Content-Length": "557",
        "Content-Type": "application/json; charset=utf-8",
        "Date": "Tue, 18 Oct 2022 06:36:10 GMT",
        "Expires": "-1",
        "Pragma": "no-cache",
        "Server": [
          "Service-Bus-Resource-Provider/SN1",
          "Microsoft-HTTPAPI/2.0"
        ],
        "Server-SB": "Service-Bus-Resource-Provider/SN1",
        "Strict-Transport-Security": "max-age=31536000; includeSubDomains",
        "X-Content-Type-Options": "nosniff",
        "x-ms-client-request-id": "11e80930c36073523cc2365a9a5534bc",
        "x-ms-correlation-request-id": "e4067581-1f37-4651-b34e-607fe301764b",
        "x-ms-ratelimit-remaining-subscription-reads": "11887",
        "x-ms-request-id": "8fd053d7-0205-45bd-9f32-862fc17fa6d3_M9SN1_M9SN1",
        "x-ms-routing-request-id": "SOUTHCENTRALUS:20221018T063610Z:e4067581-1f37-4651-b34e-607fe301764b"
      },
      "ResponseBody": {
        "id": "/subscriptions/326100e2-f69d-4268-8503-075374f62b6e/resourceGroups/testeventhubRG-3606/providers/Microsoft.EventHub/namespaces/testnamespacemgmt8825/disasterRecoveryConfigs/disasterrecovery9520",
        "name": "disasterrecovery9520",
        "type": "Microsoft.EventHub/Namespaces/disasterrecoveryconfigs",
        "properties": {
          "provisioningState": "Accepted",
          "partnerNamespace": "/subscriptions/326100e2-f69d-4268-8503-075374f62b6e/resourceGroups/testeventhubRG-3606/providers/Microsoft.EventHub/namespaces/testnamespacemgmt7103",
          "role": "Primary",
          "type": "MetadataReplication"
        }
      }
    },
    {
      "RequestUri": "https://management.azure.com/subscriptions/326100e2-f69d-4268-8503-075374f62b6e/resourceGroups/testeventhubRG-3606/providers/Microsoft.EventHub/namespaces/testnamespacemgmt8825/disasterRecoveryConfigs/disasterrecovery9520?api-version=2022-01-01-preview",
      "RequestMethod": "GET",
      "RequestHeaders": {
        "Accept": "application/json",
        "Authorization": "Sanitized",
        "traceparent": "00-b23c5005533e88e50b57b817329745ff-892e5af7e2d83f54-00",
        "User-Agent": "azsdk-net-ResourceManager.EventHubs/1.1.0-alpha.20221017.1 (.NET 6.0.10; Microsoft Windows 10.0.19044)",
        "x-ms-client-request-id": "e8ab216a9c3a2cfa99a104f50625cd5b",
        "x-ms-return-client-request-id": "true"
      },
      "RequestBody": null,
      "StatusCode": 200,
      "ResponseHeaders": {
        "Cache-Control": "no-cache",
        "Content-Length": "557",
        "Content-Type": "application/json; charset=utf-8",
        "Date": "Tue, 18 Oct 2022 06:36:15 GMT",
        "Expires": "-1",
        "Pragma": "no-cache",
        "Server": [
          "Service-Bus-Resource-Provider/SN1",
          "Microsoft-HTTPAPI/2.0"
        ],
        "Server-SB": "Service-Bus-Resource-Provider/SN1",
        "Strict-Transport-Security": "max-age=31536000; includeSubDomains",
        "X-Content-Type-Options": "nosniff",
        "x-ms-client-request-id": "e8ab216a9c3a2cfa99a104f50625cd5b",
        "x-ms-correlation-request-id": "7aa2db0b-afec-4bfa-85a5-dd6c19fd1c90",
        "x-ms-ratelimit-remaining-subscription-reads": "11886",
        "x-ms-request-id": "91901e67-2b0f-4b4a-bbdd-3cc0c28b387e_M9SN1_M9SN1",
        "x-ms-routing-request-id": "SOUTHCENTRALUS:20221018T063616Z:7aa2db0b-afec-4bfa-85a5-dd6c19fd1c90"
      },
      "ResponseBody": {
        "id": "/subscriptions/326100e2-f69d-4268-8503-075374f62b6e/resourceGroups/testeventhubRG-3606/providers/Microsoft.EventHub/namespaces/testnamespacemgmt8825/disasterRecoveryConfigs/disasterrecovery9520",
        "name": "disasterrecovery9520",
        "type": "Microsoft.EventHub/Namespaces/disasterrecoveryconfigs",
        "properties": {
          "provisioningState": "Accepted",
          "partnerNamespace": "/subscriptions/326100e2-f69d-4268-8503-075374f62b6e/resourceGroups/testeventhubRG-3606/providers/Microsoft.EventHub/namespaces/testnamespacemgmt7103",
          "role": "Primary",
          "type": "MetadataReplication"
        }
      }
    },
    {
      "RequestUri": "https://management.azure.com/subscriptions/326100e2-f69d-4268-8503-075374f62b6e/resourceGroups/testeventhubRG-3606/providers/Microsoft.EventHub/namespaces/testnamespacemgmt8825/disasterRecoveryConfigs/disasterrecovery9520?api-version=2022-01-01-preview",
      "RequestMethod": "GET",
      "RequestHeaders": {
        "Accept": "application/json",
        "Authorization": "Sanitized",
        "traceparent": "00-23d43e53d94daf04b7617e4ef0d84f68-eab15fdd394a1885-00",
        "User-Agent": "azsdk-net-ResourceManager.EventHubs/1.1.0-alpha.20221017.1 (.NET 6.0.10; Microsoft Windows 10.0.19044)",
        "x-ms-client-request-id": "90a7d3e106f238dde5c1756364fd7421",
        "x-ms-return-client-request-id": "true"
      },
      "RequestBody": null,
      "StatusCode": 200,
      "ResponseHeaders": {
        "Cache-Control": "no-cache",
        "Content-Length": "596",
        "Content-Type": "application/json; charset=utf-8",
        "Date": "Tue, 18 Oct 2022 06:36:20 GMT",
        "Expires": "-1",
        "Pragma": "no-cache",
        "Server": [
          "Service-Bus-Resource-Provider/SN1",
          "Microsoft-HTTPAPI/2.0"
        ],
        "Server-SB": "Service-Bus-Resource-Provider/SN1",
        "Strict-Transport-Security": "max-age=31536000; includeSubDomains",
        "X-Content-Type-Options": "nosniff",
        "x-ms-client-request-id": "90a7d3e106f238dde5c1756364fd7421",
        "x-ms-correlation-request-id": "82d90945-36d4-40a4-8a81-759058c4630a",
        "x-ms-ratelimit-remaining-subscription-reads": "11885",
        "x-ms-request-id": "4c344313-c195-4fde-b7e4-869eb120a6f0_M9SN1_M9SN1",
        "x-ms-routing-request-id": "SOUTHCENTRALUS:20221018T063621Z:82d90945-36d4-40a4-8a81-759058c4630a"
      },
      "ResponseBody": {
        "id": "/subscriptions/326100e2-f69d-4268-8503-075374f62b6e/resourceGroups/testeventhubRG-3606/providers/Microsoft.EventHub/namespaces/testnamespacemgmt8825/disasterRecoveryConfigs/disasterrecovery9520",
        "name": "disasterrecovery9520",
        "type": "Microsoft.EventHub/Namespaces/disasterrecoveryconfigs",
        "properties": {
          "provisioningState": "Succeeded",
          "partnerNamespace": "/subscriptions/326100e2-f69d-4268-8503-075374f62b6e/resourceGroups/testeventhubRG-3606/providers/Microsoft.EventHub/namespaces/testnamespacemgmt7103",
          "role": "Primary",
          "type": "MetadataReplication",
          "pendingReplicationOperationsCount": 0
        }
      }
    },
    {
      "RequestUri": "https://management.azure.com/subscriptions/326100e2-f69d-4268-8503-075374f62b6e/resourceGroups/testeventhubRG-3606/providers/Microsoft.EventHub/namespaces/testnamespacemgmt8825/disasterRecoveryConfigs/checkNameAvailability?api-version=2022-01-01-preview",
      "RequestMethod": "POST",
      "RequestHeaders": {
        "Accept": "application/json",
        "Authorization": "Sanitized",
        "Content-Length": "31",
        "Content-Type": "application/json",
        "traceparent": "00-bdb1bce58e24b3fbb4ebd5e895d812d9-318d954b14d5c8b1-00",
        "User-Agent": "azsdk-net-ResourceManager.EventHubs/1.1.0-alpha.20221017.1 (.NET 6.0.10; Microsoft Windows 10.0.19044)",
        "x-ms-client-request-id": "f1f492721c1093d00fbb78bebf5c6c16",
        "x-ms-return-client-request-id": "true"
      },
      "RequestBody": {
        "name": "disasterrecovery9520"
      },
      "StatusCode": 200,
      "ResponseHeaders": {
        "Cache-Control": "no-cache",
        "Content-Length": "159",
        "Content-Type": "application/json; charset=utf-8",
        "Date": "Tue, 18 Oct 2022 06:36:21 GMT",
        "Expires": "-1",
        "Pragma": "no-cache",
        "Server": [
          "Service-Bus-Resource-Provider/SN1",
          "Microsoft-HTTPAPI/2.0"
        ],
        "Server-SB": "Service-Bus-Resource-Provider/SN1",
        "Strict-Transport-Security": "max-age=31536000; includeSubDomains",
        "X-Content-Type-Options": "nosniff",
        "x-ms-client-request-id": "f1f492721c1093d00fbb78bebf5c6c16",
        "x-ms-correlation-request-id": "19689a9d-b1fd-4d98-906d-cab5de038fec",
        "x-ms-ratelimit-remaining-subscription-writes": "1191",
        "x-ms-request-id": "95b5eb1b-b394-4ed7-a4ee-0d8d4eecabc9_M9SN1_M9SN1",
        "x-ms-routing-request-id": "SOUTHCENTRALUS:20221018T063622Z:19689a9d-b1fd-4d98-906d-cab5de038fec"
      },
      "ResponseBody": {
        "nameAvailable": false,
        "reason": "NameInUse",
        "message": "The specified name is not available. For more information visit https://aka.ms/eventhubsarmexceptions."
      }
    },
    {
      "RequestUri": "https://management.azure.com/subscriptions/326100e2-f69d-4268-8503-075374f62b6e/resourceGroups/testeventhubRG-3606/providers/Microsoft.EventHub/namespaces/testnamespacemgmt8825/disasterRecoveryConfigs/disasterrecovery9520/authorizationRules?api-version=2022-01-01-preview",
      "RequestMethod": "GET",
      "RequestHeaders": {
        "Accept": "application/json",
        "Authorization": "Sanitized",
        "traceparent": "00-88a72e62f64c7c6b02a6f868c636edf2-8c01c31a40c3d2ac-00",
        "User-Agent": "azsdk-net-ResourceManager.EventHubs/1.1.0-alpha.20221017.1 (.NET 6.0.10; Microsoft Windows 10.0.19044)",
        "x-ms-client-request-id": "c778dbf4a3ad64ca447203792796c89b",
        "x-ms-return-client-request-id": "true"
      },
      "RequestBody": null,
      "StatusCode": 200,
      "ResponseHeaders": {
        "Cache-Control": "no-cache",
        "Content-Length": "824",
        "Content-Type": "application/json; charset=utf-8",
        "Date": "Tue, 18 Oct 2022 06:36:21 GMT",
        "Expires": "-1",
        "Pragma": "no-cache",
        "Server": [
          "Service-Bus-Resource-Provider/SN1",
          "Microsoft-HTTPAPI/2.0"
        ],
        "Server-SB": "Service-Bus-Resource-Provider/SN1",
        "Strict-Transport-Security": "max-age=31536000; includeSubDomains",
        "X-Content-Type-Options": "nosniff",
        "x-ms-client-request-id": "c778dbf4a3ad64ca447203792796c89b",
        "x-ms-correlation-request-id": "06de6095-9561-43d0-b1c6-daf556d42bb4",
        "x-ms-ratelimit-remaining-subscription-reads": "11884",
        "x-ms-request-id": "9b0f4e13-0158-49d0-a57e-a0a7ee60cc84_M9SN1_M9SN1",
        "x-ms-routing-request-id": "SOUTHCENTRALUS:20221018T063622Z:06de6095-9561-43d0-b1c6-daf556d42bb4"
      },
      "ResponseBody": {
        "value": [
          {
            "id": "/subscriptions/326100e2-f69d-4268-8503-075374f62b6e/resourceGroups/testeventhubRG-3606/providers/Microsoft.EventHub/namespaces/testnamespacemgmt8825/disasterRecoveryConfigs/disasterrecovery9520/authorizationRules/RootManageSharedAccessKey",
            "name": "RootManageSharedAccessKey",
            "type": "Microsoft.EventHub/Namespaces/AuthorizationRules",
            "location": "East US 2",
            "properties": {
              "rights": [
                "Listen",
                "Manage",
                "Send"
              ]
            }
          },
          {
            "id": "/subscriptions/326100e2-f69d-4268-8503-075374f62b6e/resourceGroups/testeventhubRG-3606/providers/Microsoft.EventHub/namespaces/testnamespacemgmt8825/disasterRecoveryConfigs/disasterrecovery9520/authorizationRules/authorizationrule6284",
            "name": "authorizationrule6284",
            "type": "Microsoft.EventHub/Namespaces/AuthorizationRules",
            "location": "East US 2",
            "properties": {
              "rights": [
                "Listen",
                "Send"
              ]
            }
          }
        ]
      }
    },
    {
      "RequestUri": "https://management.azure.com/subscriptions/326100e2-f69d-4268-8503-075374f62b6e/resourceGroups/testeventhubRG-3606/providers/Microsoft.EventHub/namespaces/testnamespacemgmt8825/disasterRecoveryConfigs/disasterrecovery9520/authorizationRules/RootManageSharedAccessKey/listKeys?api-version=2022-01-01-preview",
      "RequestMethod": "POST",
      "RequestHeaders": {
        "Accept": "application/json",
        "Authorization": "Sanitized",
        "Content-Length": "0",
        "traceparent": "00-04eafbb98d8fda2d841bd3f9e1dc0c7d-b2aacef63af4ac61-00",
        "User-Agent": "azsdk-net-ResourceManager.EventHubs/1.1.0-alpha.20221017.1 (.NET 6.0.10; Microsoft Windows 10.0.19044)",
        "x-ms-client-request-id": "7483e22ddc31c54b021381368d1e7988",
        "x-ms-return-client-request-id": "true"
      },
      "RequestBody": null,
      "StatusCode": 200,
      "ResponseHeaders": {
        "Cache-Control": "no-cache",
        "Content-Length": "163",
        "Content-Type": "application/json; charset=utf-8",
        "Date": "Tue, 18 Oct 2022 06:36:22 GMT",
        "Expires": "-1",
        "Pragma": "no-cache",
        "Server": [
          "Service-Bus-Resource-Provider/SN1",
          "Microsoft-HTTPAPI/2.0"
        ],
        "Server-SB": "Service-Bus-Resource-Provider/SN1",
        "Strict-Transport-Security": "max-age=31536000; includeSubDomains",
        "X-Content-Type-Options": "nosniff",
        "x-ms-client-request-id": "7483e22ddc31c54b021381368d1e7988",
        "x-ms-correlation-request-id": "cd195b17-43ec-4eb1-a070-33651621273b",
        "x-ms-ratelimit-remaining-subscription-writes": "1190",
        "x-ms-request-id": "0ab95b4e-cad6-4fb7-83de-3ea78e6f0b8a_M9SN1_M9SN1",
        "x-ms-routing-request-id": "SOUTHCENTRALUS:20221018T063623Z:cd195b17-43ec-4eb1-a070-33651621273b"
      },
      "ResponseBody": {
        "aliasPrimaryConnectionString": "Sanitized",
        "aliasSecondaryConnectionString": "Sanitized",
        "primaryKey": "Sanitized",
        "secondaryKey": "Sanitized",
        "keyName": "Sanitized"
      }
    },
    {
      "RequestUri": "https://management.azure.com/subscriptions/326100e2-f69d-4268-8503-075374f62b6e/resourceGroups/testeventhubRG-3606/providers/Microsoft.EventHub/namespaces/testnamespacemgmt8825/disasterRecoveryConfigs/disasterrecovery9520/breakPairing?api-version=2022-01-01-preview",
      "RequestMethod": "POST",
      "RequestHeaders": {
        "Accept": "application/json",
        "Authorization": "Sanitized",
        "Content-Length": "0",
        "traceparent": "00-946bd2c35db0acd3f3baa897157cfbb5-53b6d83eecec9298-00",
        "User-Agent": "azsdk-net-ResourceManager.EventHubs/1.1.0-alpha.20221017.1 (.NET 6.0.10; Microsoft Windows 10.0.19044)",
        "x-ms-client-request-id": "896e5e55ac84cf73c78fac9d18576c79",
        "x-ms-return-client-request-id": "true"
      },
      "RequestBody": null,
      "StatusCode": 200,
      "ResponseHeaders": {
        "Cache-Control": "no-cache",
        "Content-Length": "0",
        "Date": "Tue, 18 Oct 2022 06:36:22 GMT",
        "Expires": "-1",
        "Pragma": "no-cache",
        "Server": [
          "Service-Bus-Resource-Provider/SN1",
          "Microsoft-HTTPAPI/2.0"
        ],
        "Server-SB": "Service-Bus-Resource-Provider/SN1",
        "Strict-Transport-Security": "max-age=31536000; includeSubDomains",
        "X-Content-Type-Options": "nosniff",
        "x-ms-client-request-id": "896e5e55ac84cf73c78fac9d18576c79",
        "x-ms-correlation-request-id": "a11dc05b-8540-4700-9efb-e36861d5b7a3",
        "x-ms-ratelimit-remaining-subscription-writes": "1189",
        "x-ms-request-id": "f1e8eb4d-e0da-4057-8d78-787bae71bc81_M9SN1_M9SN1",
        "x-ms-routing-request-id": "SOUTHCENTRALUS:20221018T063623Z:a11dc05b-8540-4700-9efb-e36861d5b7a3"
      },
      "ResponseBody": null
    },
    {
      "RequestUri": "https://management.azure.com/subscriptions/326100e2-f69d-4268-8503-075374f62b6e/resourceGroups/testeventhubRG-3606/providers/Microsoft.EventHub/namespaces/testnamespacemgmt8825/disasterRecoveryConfigs/disasterrecovery9520?api-version=2022-01-01-preview",
      "RequestMethod": "GET",
      "RequestHeaders": {
        "Accept": "application/json",
        "Authorization": "Sanitized",
        "traceparent": "00-6afd8674ebbecf3341cd3a76b007c09c-297266d9e1a0fe8e-00",
        "User-Agent": "azsdk-net-ResourceManager.EventHubs/1.1.0-alpha.20221017.1 (.NET 6.0.10; Microsoft Windows 10.0.19044)",
        "x-ms-client-request-id": "dc91dcf2f7d918e48fb3c5992293d625",
        "x-ms-return-client-request-id": "true"
      },
      "RequestBody": null,
      "StatusCode": 200,
      "ResponseHeaders": {
        "Cache-Control": "no-cache",
        "Content-Length": "557",
        "Content-Type": "application/json; charset=utf-8",
        "Date": "Tue, 18 Oct 2022 06:36:23 GMT",
        "Expires": "-1",
        "Pragma": "no-cache",
        "Server": [
          "Service-Bus-Resource-Provider/SN1",
          "Microsoft-HTTPAPI/2.0"
        ],
        "Server-SB": "Service-Bus-Resource-Provider/SN1",
        "Strict-Transport-Security": "max-age=31536000; includeSubDomains",
        "X-Content-Type-Options": "nosniff",
        "x-ms-client-request-id": "dc91dcf2f7d918e48fb3c5992293d625",
        "x-ms-correlation-request-id": "2f32df69-601c-4c8f-90e0-2a5b3e644375",
        "x-ms-ratelimit-remaining-subscription-reads": "11883",
        "x-ms-request-id": "73863bf0-f071-4550-ac2e-9b66e840b81c_M9SN1_M9SN1",
        "x-ms-routing-request-id": "SOUTHCENTRALUS:20221018T063623Z:2f32df69-601c-4c8f-90e0-2a5b3e644375"
      },
      "ResponseBody": {
        "id": "/subscriptions/326100e2-f69d-4268-8503-075374f62b6e/resourceGroups/testeventhubRG-3606/providers/Microsoft.EventHub/namespaces/testnamespacemgmt8825/disasterRecoveryConfigs/disasterrecovery9520",
        "name": "disasterrecovery9520",
        "type": "Microsoft.EventHub/Namespaces/disasterrecoveryconfigs",
        "properties": {
          "provisioningState": "Accepted",
          "partnerNamespace": "/subscriptions/326100e2-f69d-4268-8503-075374f62b6e/resourceGroups/testeventhubRG-3606/providers/Microsoft.EventHub/namespaces/testnamespacemgmt7103",
          "role": "Primary",
          "type": "MetadataReplication"
        }
      }
    },
    {
      "RequestUri": "https://management.azure.com/subscriptions/326100e2-f69d-4268-8503-075374f62b6e/resourceGroups/testeventhubRG-3606/providers/Microsoft.EventHub/namespaces/testnamespacemgmt8825/disasterRecoveryConfigs/disasterrecovery9520?api-version=2022-01-01-preview",
      "RequestMethod": "GET",
      "RequestHeaders": {
        "Accept": "application/json",
        "Authorization": "Sanitized",
        "traceparent": "00-3058aba2f1610a76c03d176cf48cdfb4-6a96181c43653ec5-00",
        "User-Agent": "azsdk-net-ResourceManager.EventHubs/1.1.0-alpha.20221017.1 (.NET 6.0.10; Microsoft Windows 10.0.19044)",
        "x-ms-client-request-id": "c8237bf83f2780166eb4ada130adacaa",
        "x-ms-return-client-request-id": "true"
      },
      "RequestBody": null,
      "StatusCode": 200,
      "ResponseHeaders": {
        "Cache-Control": "no-cache",
        "Content-Length": "557",
        "Content-Type": "application/json; charset=utf-8",
        "Date": "Tue, 18 Oct 2022 06:36:28 GMT",
        "Expires": "-1",
        "Pragma": "no-cache",
        "Server": [
          "Service-Bus-Resource-Provider/SN1",
          "Microsoft-HTTPAPI/2.0"
        ],
        "Server-SB": "Service-Bus-Resource-Provider/SN1",
        "Strict-Transport-Security": "max-age=31536000; includeSubDomains",
        "X-Content-Type-Options": "nosniff",
        "x-ms-client-request-id": "c8237bf83f2780166eb4ada130adacaa",
        "x-ms-correlation-request-id": "400d3c8e-9045-4c92-930c-949b735d795e",
        "x-ms-ratelimit-remaining-subscription-reads": "11882",
        "x-ms-request-id": "68bc263d-63a2-43b3-9d2a-d57eee71f658_M9SN1_M9SN1",
        "x-ms-routing-request-id": "SOUTHCENTRALUS:20221018T063629Z:400d3c8e-9045-4c92-930c-949b735d795e"
      },
      "ResponseBody": {
        "id": "/subscriptions/326100e2-f69d-4268-8503-075374f62b6e/resourceGroups/testeventhubRG-3606/providers/Microsoft.EventHub/namespaces/testnamespacemgmt8825/disasterRecoveryConfigs/disasterrecovery9520",
        "name": "disasterrecovery9520",
        "type": "Microsoft.EventHub/Namespaces/disasterrecoveryconfigs",
        "properties": {
          "provisioningState": "Accepted",
          "partnerNamespace": "/subscriptions/326100e2-f69d-4268-8503-075374f62b6e/resourceGroups/testeventhubRG-3606/providers/Microsoft.EventHub/namespaces/testnamespacemgmt7103",
          "role": "Primary",
          "type": "MetadataReplication"
        }
      }
    },
    {
      "RequestUri": "https://management.azure.com/subscriptions/326100e2-f69d-4268-8503-075374f62b6e/resourceGroups/testeventhubRG-3606/providers/Microsoft.EventHub/namespaces/testnamespacemgmt8825/disasterRecoveryConfigs/disasterrecovery9520?api-version=2022-01-01-preview",
      "RequestMethod": "GET",
      "RequestHeaders": {
        "Accept": "application/json",
        "Authorization": "Sanitized",
        "traceparent": "00-9be2f218da66670c386afb4603346637-4e271dbce6af08ba-00",
        "User-Agent": "azsdk-net-ResourceManager.EventHubs/1.1.0-alpha.20221017.1 (.NET 6.0.10; Microsoft Windows 10.0.19044)",
        "x-ms-client-request-id": "b04408a79c8d5daf7956f9d1e7d9ac34",
        "x-ms-return-client-request-id": "true"
      },
      "RequestBody": null,
      "StatusCode": 200,
      "ResponseHeaders": {
        "Cache-Control": "no-cache",
        "Content-Length": "557",
        "Content-Type": "application/json; charset=utf-8",
        "Date": "Tue, 18 Oct 2022 06:36:34 GMT",
        "Expires": "-1",
        "Pragma": "no-cache",
        "Server": [
          "Service-Bus-Resource-Provider/SN1",
          "Microsoft-HTTPAPI/2.0"
        ],
        "Server-SB": "Service-Bus-Resource-Provider/SN1",
        "Strict-Transport-Security": "max-age=31536000; includeSubDomains",
        "X-Content-Type-Options": "nosniff",
        "x-ms-client-request-id": "b04408a79c8d5daf7956f9d1e7d9ac34",
        "x-ms-correlation-request-id": "217eddd0-eedf-4fd1-bfc5-46655b516657",
        "x-ms-ratelimit-remaining-subscription-reads": "11881",
        "x-ms-request-id": "50bee343-2b74-49b4-bc7a-2abc00f29c82_M9SN1_M9SN1",
        "x-ms-routing-request-id": "SOUTHCENTRALUS:20221018T063634Z:217eddd0-eedf-4fd1-bfc5-46655b516657"
      },
      "ResponseBody": {
        "id": "/subscriptions/326100e2-f69d-4268-8503-075374f62b6e/resourceGroups/testeventhubRG-3606/providers/Microsoft.EventHub/namespaces/testnamespacemgmt8825/disasterRecoveryConfigs/disasterrecovery9520",
        "name": "disasterrecovery9520",
        "type": "Microsoft.EventHub/Namespaces/disasterrecoveryconfigs",
        "properties": {
          "provisioningState": "Accepted",
          "partnerNamespace": "/subscriptions/326100e2-f69d-4268-8503-075374f62b6e/resourceGroups/testeventhubRG-3606/providers/Microsoft.EventHub/namespaces/testnamespacemgmt7103",
          "role": "Primary",
          "type": "MetadataReplication"
        }
      }
    },
    {
      "RequestUri": "https://management.azure.com/subscriptions/326100e2-f69d-4268-8503-075374f62b6e/resourceGroups/testeventhubRG-3606/providers/Microsoft.EventHub/namespaces/testnamespacemgmt8825/disasterRecoveryConfigs/disasterrecovery9520?api-version=2022-01-01-preview",
      "RequestMethod": "GET",
      "RequestHeaders": {
        "Accept": "application/json",
        "Authorization": "Sanitized",
        "traceparent": "00-6fe02e3944f9b7c839bc56a66f3ab635-a5762fcf654aa317-00",
        "User-Agent": "azsdk-net-ResourceManager.EventHubs/1.1.0-alpha.20221017.1 (.NET 6.0.10; Microsoft Windows 10.0.19044)",
        "x-ms-client-request-id": "9da586b8a333b351c6106e254a43e8e2",
        "x-ms-return-client-request-id": "true"
      },
      "RequestBody": null,
      "StatusCode": 200,
      "ResponseHeaders": {
        "Cache-Control": "no-cache",
        "Content-Length": "557",
        "Content-Type": "application/json; charset=utf-8",
        "Date": "Tue, 18 Oct 2022 06:36:39 GMT",
        "Expires": "-1",
        "Pragma": "no-cache",
        "Server": [
          "Service-Bus-Resource-Provider/SN1",
          "Microsoft-HTTPAPI/2.0"
        ],
        "Server-SB": "Service-Bus-Resource-Provider/SN1",
        "Strict-Transport-Security": "max-age=31536000; includeSubDomains",
        "X-Content-Type-Options": "nosniff",
        "x-ms-client-request-id": "9da586b8a333b351c6106e254a43e8e2",
        "x-ms-correlation-request-id": "5d2ab24d-2f62-4723-bbe2-971886e65a4f",
        "x-ms-ratelimit-remaining-subscription-reads": "11880",
        "x-ms-request-id": "39bf8df4-4c19-410e-81d4-f02560edb93f_M9SN1_M9SN1",
        "x-ms-routing-request-id": "SOUTHCENTRALUS:20221018T063639Z:5d2ab24d-2f62-4723-bbe2-971886e65a4f"
      },
      "ResponseBody": {
        "id": "/subscriptions/326100e2-f69d-4268-8503-075374f62b6e/resourceGroups/testeventhubRG-3606/providers/Microsoft.EventHub/namespaces/testnamespacemgmt8825/disasterRecoveryConfigs/disasterrecovery9520",
        "name": "disasterrecovery9520",
        "type": "Microsoft.EventHub/Namespaces/disasterrecoveryconfigs",
        "properties": {
          "provisioningState": "Accepted",
          "partnerNamespace": "/subscriptions/326100e2-f69d-4268-8503-075374f62b6e/resourceGroups/testeventhubRG-3606/providers/Microsoft.EventHub/namespaces/testnamespacemgmt7103",
          "role": "Primary",
          "type": "MetadataReplication"
        }
      }
    },
    {
      "RequestUri": "https://management.azure.com/subscriptions/326100e2-f69d-4268-8503-075374f62b6e/resourceGroups/testeventhubRG-3606/providers/Microsoft.EventHub/namespaces/testnamespacemgmt8825/disasterRecoveryConfigs/disasterrecovery9520?api-version=2022-01-01-preview",
      "RequestMethod": "GET",
      "RequestHeaders": {
        "Accept": "application/json",
        "Authorization": "Sanitized",
        "traceparent": "00-4bb3878a492a628ed5f6c008370f0d47-514aedd7efd6a18c-00",
        "User-Agent": "azsdk-net-ResourceManager.EventHubs/1.1.0-alpha.20221017.1 (.NET 6.0.10; Microsoft Windows 10.0.19044)",
        "x-ms-client-request-id": "1af21a06254f5c98ccc64fd145459994",
        "x-ms-return-client-request-id": "true"
      },
      "RequestBody": null,
      "StatusCode": 200,
      "ResponseHeaders": {
        "Cache-Control": "no-cache",
        "Content-Length": "557",
        "Content-Type": "application/json; charset=utf-8",
        "Date": "Tue, 18 Oct 2022 06:36:45 GMT",
        "Expires": "-1",
        "Pragma": "no-cache",
        "Server": [
          "Service-Bus-Resource-Provider/SN1",
          "Microsoft-HTTPAPI/2.0"
        ],
        "Server-SB": "Service-Bus-Resource-Provider/SN1",
        "Strict-Transport-Security": "max-age=31536000; includeSubDomains",
        "X-Content-Type-Options": "nosniff",
        "x-ms-client-request-id": "1af21a06254f5c98ccc64fd145459994",
        "x-ms-correlation-request-id": "1db61d81-5233-4a59-a2d5-3752aeacb790",
        "x-ms-ratelimit-remaining-subscription-reads": "11879",
        "x-ms-request-id": "f3d61f0e-76da-4aa5-b962-d2a306152bc7_M9SN1_M9SN1",
        "x-ms-routing-request-id": "SOUTHCENTRALUS:20221018T063645Z:1db61d81-5233-4a59-a2d5-3752aeacb790"
      },
      "ResponseBody": {
        "id": "/subscriptions/326100e2-f69d-4268-8503-075374f62b6e/resourceGroups/testeventhubRG-3606/providers/Microsoft.EventHub/namespaces/testnamespacemgmt8825/disasterRecoveryConfigs/disasterrecovery9520",
        "name": "disasterrecovery9520",
        "type": "Microsoft.EventHub/Namespaces/disasterrecoveryconfigs",
        "properties": {
          "provisioningState": "Accepted",
          "partnerNamespace": "/subscriptions/326100e2-f69d-4268-8503-075374f62b6e/resourceGroups/testeventhubRG-3606/providers/Microsoft.EventHub/namespaces/testnamespacemgmt7103",
          "role": "Primary",
          "type": "MetadataReplication"
        }
      }
    },
    {
      "RequestUri": "https://management.azure.com/subscriptions/326100e2-f69d-4268-8503-075374f62b6e/resourceGroups/testeventhubRG-3606/providers/Microsoft.EventHub/namespaces/testnamespacemgmt8825/disasterRecoveryConfigs/disasterrecovery9520?api-version=2022-01-01-preview",
      "RequestMethod": "GET",
      "RequestHeaders": {
        "Accept": "application/json",
        "Authorization": "Sanitized",
        "traceparent": "00-ae3f760d9f3b965f1ac18a630700b87f-a1d592090ac3db69-00",
        "User-Agent": "azsdk-net-ResourceManager.EventHubs/1.1.0-alpha.20221017.1 (.NET 6.0.10; Microsoft Windows 10.0.19044)",
        "x-ms-client-request-id": "a9e978070f080476b691ea7c2e891336",
        "x-ms-return-client-request-id": "true"
      },
      "RequestBody": null,
      "StatusCode": 200,
      "ResponseHeaders": {
        "Cache-Control": "no-cache",
        "Content-Length": "557",
        "Content-Type": "application/json; charset=utf-8",
        "Date": "Tue, 18 Oct 2022 06:36:50 GMT",
        "Expires": "-1",
        "Pragma": "no-cache",
        "Server": [
          "Service-Bus-Resource-Provider/SN1",
          "Microsoft-HTTPAPI/2.0"
        ],
        "Server-SB": "Service-Bus-Resource-Provider/SN1",
        "Strict-Transport-Security": "max-age=31536000; includeSubDomains",
        "X-Content-Type-Options": "nosniff",
        "x-ms-client-request-id": "a9e978070f080476b691ea7c2e891336",
        "x-ms-correlation-request-id": "bf1e2f5f-7dc9-4884-bfc1-c3a74da8335c",
        "x-ms-ratelimit-remaining-subscription-reads": "11878",
        "x-ms-request-id": "a13a6777-f5dd-40e3-8d9a-a0884e45940e_M9SN1_M9SN1",
        "x-ms-routing-request-id": "SOUTHCENTRALUS:20221018T063650Z:bf1e2f5f-7dc9-4884-bfc1-c3a74da8335c"
      },
      "ResponseBody": {
        "id": "/subscriptions/326100e2-f69d-4268-8503-075374f62b6e/resourceGroups/testeventhubRG-3606/providers/Microsoft.EventHub/namespaces/testnamespacemgmt8825/disasterRecoveryConfigs/disasterrecovery9520",
        "name": "disasterrecovery9520",
        "type": "Microsoft.EventHub/Namespaces/disasterrecoveryconfigs",
        "properties": {
          "provisioningState": "Accepted",
          "partnerNamespace": "/subscriptions/326100e2-f69d-4268-8503-075374f62b6e/resourceGroups/testeventhubRG-3606/providers/Microsoft.EventHub/namespaces/testnamespacemgmt7103",
          "role": "Primary",
          "type": "MetadataReplication"
        }
      }
    },
    {
      "RequestUri": "https://management.azure.com/subscriptions/326100e2-f69d-4268-8503-075374f62b6e/resourceGroups/testeventhubRG-3606/providers/Microsoft.EventHub/namespaces/testnamespacemgmt8825/disasterRecoveryConfigs/disasterrecovery9520?api-version=2022-01-01-preview",
      "RequestMethod": "GET",
      "RequestHeaders": {
        "Accept": "application/json",
        "Authorization": "Sanitized",
        "traceparent": "00-4f933280138887d5378532ca5b59bc50-da3df74e14c9a1ef-00",
        "User-Agent": "azsdk-net-ResourceManager.EventHubs/1.1.0-alpha.20221017.1 (.NET 6.0.10; Microsoft Windows 10.0.19044)",
        "x-ms-client-request-id": "cdca176e91e792e5ed48d06d54806d81",
        "x-ms-return-client-request-id": "true"
      },
      "RequestBody": null,
      "StatusCode": 200,
      "ResponseHeaders": {
        "Cache-Control": "no-cache",
        "Content-Length": "557",
        "Content-Type": "application/json; charset=utf-8",
        "Date": "Tue, 18 Oct 2022 06:36:55 GMT",
        "Expires": "-1",
        "Pragma": "no-cache",
        "Server": [
          "Service-Bus-Resource-Provider/SN1",
          "Microsoft-HTTPAPI/2.0"
        ],
        "Server-SB": "Service-Bus-Resource-Provider/SN1",
        "Strict-Transport-Security": "max-age=31536000; includeSubDomains",
        "X-Content-Type-Options": "nosniff",
        "x-ms-client-request-id": "cdca176e91e792e5ed48d06d54806d81",
        "x-ms-correlation-request-id": "0bc8562e-2c0f-4400-bb3a-5b81d128a9a2",
        "x-ms-ratelimit-remaining-subscription-reads": "11877",
        "x-ms-request-id": "7cae082a-867f-4ce9-9b37-d600c65b32f2_M9SN1_M9SN1",
        "x-ms-routing-request-id": "SOUTHCENTRALUS:20221018T063655Z:0bc8562e-2c0f-4400-bb3a-5b81d128a9a2"
      },
      "ResponseBody": {
        "id": "/subscriptions/326100e2-f69d-4268-8503-075374f62b6e/resourceGroups/testeventhubRG-3606/providers/Microsoft.EventHub/namespaces/testnamespacemgmt8825/disasterRecoveryConfigs/disasterrecovery9520",
        "name": "disasterrecovery9520",
        "type": "Microsoft.EventHub/Namespaces/disasterrecoveryconfigs",
        "properties": {
          "provisioningState": "Accepted",
          "partnerNamespace": "/subscriptions/326100e2-f69d-4268-8503-075374f62b6e/resourceGroups/testeventhubRG-3606/providers/Microsoft.EventHub/namespaces/testnamespacemgmt7103",
          "role": "Primary",
          "type": "MetadataReplication"
        }
      }
    },
    {
      "RequestUri": "https://management.azure.com/subscriptions/326100e2-f69d-4268-8503-075374f62b6e/resourceGroups/testeventhubRG-3606/providers/Microsoft.EventHub/namespaces/testnamespacemgmt8825/disasterRecoveryConfigs/disasterrecovery9520?api-version=2022-01-01-preview",
      "RequestMethod": "GET",
      "RequestHeaders": {
        "Accept": "application/json",
        "Authorization": "Sanitized",
        "traceparent": "00-a287b5f66c4f041e0026470b96dc82db-ef64ecaaa346d08d-00",
        "User-Agent": "azsdk-net-ResourceManager.EventHubs/1.1.0-alpha.20221017.1 (.NET 6.0.10; Microsoft Windows 10.0.19044)",
        "x-ms-client-request-id": "d11dd9773e5af6daa3ee63bd3b1b2e42",
        "x-ms-return-client-request-id": "true"
      },
      "RequestBody": null,
      "StatusCode": 200,
      "ResponseHeaders": {
        "Cache-Control": "no-cache",
        "Content-Length": "557",
        "Content-Type": "application/json; charset=utf-8",
        "Date": "Tue, 18 Oct 2022 06:37:00 GMT",
        "Expires": "-1",
        "Pragma": "no-cache",
        "Server": [
          "Service-Bus-Resource-Provider/SN1",
          "Microsoft-HTTPAPI/2.0"
        ],
        "Server-SB": "Service-Bus-Resource-Provider/SN1",
        "Strict-Transport-Security": "max-age=31536000; includeSubDomains",
        "X-Content-Type-Options": "nosniff",
        "x-ms-client-request-id": "d11dd9773e5af6daa3ee63bd3b1b2e42",
        "x-ms-correlation-request-id": "3d3042b9-913b-44ae-a749-e8b6f5ae44b1",
        "x-ms-ratelimit-remaining-subscription-reads": "11876",
        "x-ms-request-id": "7cf99549-f775-4a4b-8a1f-52929a13df94_M9SN1_M9SN1",
        "x-ms-routing-request-id": "SOUTHCENTRALUS:20221018T063700Z:3d3042b9-913b-44ae-a749-e8b6f5ae44b1"
      },
      "ResponseBody": {
        "id": "/subscriptions/326100e2-f69d-4268-8503-075374f62b6e/resourceGroups/testeventhubRG-3606/providers/Microsoft.EventHub/namespaces/testnamespacemgmt8825/disasterRecoveryConfigs/disasterrecovery9520",
        "name": "disasterrecovery9520",
        "type": "Microsoft.EventHub/Namespaces/disasterrecoveryconfigs",
        "properties": {
          "provisioningState": "Accepted",
          "partnerNamespace": "/subscriptions/326100e2-f69d-4268-8503-075374f62b6e/resourceGroups/testeventhubRG-3606/providers/Microsoft.EventHub/namespaces/testnamespacemgmt7103",
          "role": "Primary",
          "type": "MetadataReplication"
        }
      }
    },
    {
      "RequestUri": "https://management.azure.com/subscriptions/326100e2-f69d-4268-8503-075374f62b6e/resourceGroups/testeventhubRG-3606/providers/Microsoft.EventHub/namespaces/testnamespacemgmt8825/disasterRecoveryConfigs/disasterrecovery9520?api-version=2022-01-01-preview",
      "RequestMethod": "GET",
      "RequestHeaders": {
        "Accept": "application/json",
        "Authorization": "Sanitized",
        "traceparent": "00-d1a8185a5adea200adc11e4c4a2c4dfe-2b01d8a78dbe30bc-00",
        "User-Agent": "azsdk-net-ResourceManager.EventHubs/1.1.0-alpha.20221017.1 (.NET 6.0.10; Microsoft Windows 10.0.19044)",
        "x-ms-client-request-id": "2e6218b2cc7a75ad9356bbbf3e09b036",
        "x-ms-return-client-request-id": "true"
      },
      "RequestBody": null,
      "StatusCode": 200,
      "ResponseHeaders": {
        "Cache-Control": "no-cache",
        "Content-Length": "557",
        "Content-Type": "application/json; charset=utf-8",
        "Date": "Tue, 18 Oct 2022 06:37:05 GMT",
        "Expires": "-1",
        "Pragma": "no-cache",
        "Server": [
          "Service-Bus-Resource-Provider/SN1",
          "Microsoft-HTTPAPI/2.0"
        ],
        "Server-SB": "Service-Bus-Resource-Provider/SN1",
        "Strict-Transport-Security": "max-age=31536000; includeSubDomains",
        "X-Content-Type-Options": "nosniff",
        "x-ms-client-request-id": "2e6218b2cc7a75ad9356bbbf3e09b036",
        "x-ms-correlation-request-id": "fa0a3327-79ab-459b-ab6d-5e351f94e233",
        "x-ms-ratelimit-remaining-subscription-reads": "11875",
        "x-ms-request-id": "667b54fe-809b-4b0f-8667-a6d3df5a4169_M9SN1_M9SN1",
        "x-ms-routing-request-id": "SOUTHCENTRALUS:20221018T063706Z:fa0a3327-79ab-459b-ab6d-5e351f94e233"
      },
      "ResponseBody": {
        "id": "/subscriptions/326100e2-f69d-4268-8503-075374f62b6e/resourceGroups/testeventhubRG-3606/providers/Microsoft.EventHub/namespaces/testnamespacemgmt8825/disasterRecoveryConfigs/disasterrecovery9520",
        "name": "disasterrecovery9520",
        "type": "Microsoft.EventHub/Namespaces/disasterrecoveryconfigs",
        "properties": {
          "provisioningState": "Accepted",
          "partnerNamespace": "/subscriptions/326100e2-f69d-4268-8503-075374f62b6e/resourceGroups/testeventhubRG-3606/providers/Microsoft.EventHub/namespaces/testnamespacemgmt7103",
          "role": "Primary",
          "type": "MetadataReplication"
        }
      }
    },
    {
      "RequestUri": "https://management.azure.com/subscriptions/326100e2-f69d-4268-8503-075374f62b6e/resourceGroups/testeventhubRG-3606/providers/Microsoft.EventHub/namespaces/testnamespacemgmt8825/disasterRecoveryConfigs/disasterrecovery9520?api-version=2022-01-01-preview",
      "RequestMethod": "GET",
      "RequestHeaders": {
        "Accept": "application/json",
        "Authorization": "Sanitized",
        "traceparent": "00-dbf43cef11c250c67e194b63b08b12e0-f6808a34b0b30ed1-00",
        "User-Agent": "azsdk-net-ResourceManager.EventHubs/1.1.0-alpha.20221017.1 (.NET 6.0.10; Microsoft Windows 10.0.19044)",
        "x-ms-client-request-id": "54056823426c2fdc3cd429f92e2757d1",
        "x-ms-return-client-request-id": "true"
      },
      "RequestBody": null,
      "StatusCode": 200,
      "ResponseHeaders": {
        "Cache-Control": "no-cache",
        "Content-Length": "557",
        "Content-Type": "application/json; charset=utf-8",
        "Date": "Tue, 18 Oct 2022 06:37:11 GMT",
        "Expires": "-1",
        "Pragma": "no-cache",
        "Server": [
          "Service-Bus-Resource-Provider/SN1",
          "Microsoft-HTTPAPI/2.0"
        ],
        "Server-SB": "Service-Bus-Resource-Provider/SN1",
        "Strict-Transport-Security": "max-age=31536000; includeSubDomains",
        "X-Content-Type-Options": "nosniff",
        "x-ms-client-request-id": "54056823426c2fdc3cd429f92e2757d1",
        "x-ms-correlation-request-id": "dd63a9ec-e71f-4c8b-96b3-cbe1108ff94e",
        "x-ms-ratelimit-remaining-subscription-reads": "11874",
        "x-ms-request-id": "b88af330-0a9c-493d-a159-4ac8ddbb9847_M9SN1_M9SN1",
        "x-ms-routing-request-id": "SOUTHCENTRALUS:20221018T063711Z:dd63a9ec-e71f-4c8b-96b3-cbe1108ff94e"
      },
      "ResponseBody": {
        "id": "/subscriptions/326100e2-f69d-4268-8503-075374f62b6e/resourceGroups/testeventhubRG-3606/providers/Microsoft.EventHub/namespaces/testnamespacemgmt8825/disasterRecoveryConfigs/disasterrecovery9520",
        "name": "disasterrecovery9520",
        "type": "Microsoft.EventHub/Namespaces/disasterrecoveryconfigs",
        "properties": {
          "provisioningState": "Accepted",
          "partnerNamespace": "/subscriptions/326100e2-f69d-4268-8503-075374f62b6e/resourceGroups/testeventhubRG-3606/providers/Microsoft.EventHub/namespaces/testnamespacemgmt7103",
          "role": "Primary",
          "type": "MetadataReplication"
        }
      }
    },
    {
      "RequestUri": "https://management.azure.com/subscriptions/326100e2-f69d-4268-8503-075374f62b6e/resourceGroups/testeventhubRG-3606/providers/Microsoft.EventHub/namespaces/testnamespacemgmt8825/disasterRecoveryConfigs/disasterrecovery9520?api-version=2022-01-01-preview",
      "RequestMethod": "GET",
      "RequestHeaders": {
        "Accept": "application/json",
        "Authorization": "Sanitized",
        "traceparent": "00-77cea60d3012c2aa943c9ecd429d52d9-70efb5cce875671e-00",
        "User-Agent": "azsdk-net-ResourceManager.EventHubs/1.1.0-alpha.20221017.1 (.NET 6.0.10; Microsoft Windows 10.0.19044)",
        "x-ms-client-request-id": "3bbb8e1a3e1dab072ca73d03821ab79a",
        "x-ms-return-client-request-id": "true"
      },
      "RequestBody": null,
      "StatusCode": 200,
      "ResponseHeaders": {
        "Cache-Control": "no-cache",
        "Content-Length": "557",
        "Content-Type": "application/json; charset=utf-8",
        "Date": "Tue, 18 Oct 2022 06:37:16 GMT",
        "Expires": "-1",
        "Pragma": "no-cache",
        "Server": [
          "Service-Bus-Resource-Provider/SN1",
          "Microsoft-HTTPAPI/2.0"
        ],
        "Server-SB": "Service-Bus-Resource-Provider/SN1",
        "Strict-Transport-Security": "max-age=31536000; includeSubDomains",
        "X-Content-Type-Options": "nosniff",
        "x-ms-client-request-id": "3bbb8e1a3e1dab072ca73d03821ab79a",
        "x-ms-correlation-request-id": "f60db170-9881-4683-959f-435bcb79cd2d",
        "x-ms-ratelimit-remaining-subscription-reads": "11873",
        "x-ms-request-id": "7170b3a6-3eed-4d5a-bdf2-1866f53c7c31_M9SN1_M9SN1",
        "x-ms-routing-request-id": "SOUTHCENTRALUS:20221018T063716Z:f60db170-9881-4683-959f-435bcb79cd2d"
      },
      "ResponseBody": {
        "id": "/subscriptions/326100e2-f69d-4268-8503-075374f62b6e/resourceGroups/testeventhubRG-3606/providers/Microsoft.EventHub/namespaces/testnamespacemgmt8825/disasterRecoveryConfigs/disasterrecovery9520",
        "name": "disasterrecovery9520",
        "type": "Microsoft.EventHub/Namespaces/disasterrecoveryconfigs",
        "properties": {
          "provisioningState": "Accepted",
          "partnerNamespace": "/subscriptions/326100e2-f69d-4268-8503-075374f62b6e/resourceGroups/testeventhubRG-3606/providers/Microsoft.EventHub/namespaces/testnamespacemgmt7103",
          "role": "Primary",
          "type": "MetadataReplication"
        }
      }
    },
    {
      "RequestUri": "https://management.azure.com/subscriptions/326100e2-f69d-4268-8503-075374f62b6e/resourceGroups/testeventhubRG-3606/providers/Microsoft.EventHub/namespaces/testnamespacemgmt8825/disasterRecoveryConfigs/disasterrecovery9520?api-version=2022-01-01-preview",
      "RequestMethod": "GET",
      "RequestHeaders": {
        "Accept": "application/json",
        "Authorization": "Sanitized",
        "traceparent": "00-3efdf09ea85d0ca0962a25d41038d58e-aa4f9f529f32ab97-00",
        "User-Agent": "azsdk-net-ResourceManager.EventHubs/1.1.0-alpha.20221017.1 (.NET 6.0.10; Microsoft Windows 10.0.19044)",
        "x-ms-client-request-id": "d29a2d3ed9166fd53c33f2a6a2b3476c",
        "x-ms-return-client-request-id": "true"
      },
      "RequestBody": null,
      "StatusCode": 200,
      "ResponseHeaders": {
        "Cache-Control": "no-cache",
        "Content-Length": "557",
        "Content-Type": "application/json; charset=utf-8",
        "Date": "Tue, 18 Oct 2022 06:37:21 GMT",
        "Expires": "-1",
        "Pragma": "no-cache",
        "Server": [
          "Service-Bus-Resource-Provider/SN1",
          "Microsoft-HTTPAPI/2.0"
        ],
        "Server-SB": "Service-Bus-Resource-Provider/SN1",
        "Strict-Transport-Security": "max-age=31536000; includeSubDomains",
        "X-Content-Type-Options": "nosniff",
        "x-ms-client-request-id": "d29a2d3ed9166fd53c33f2a6a2b3476c",
        "x-ms-correlation-request-id": "1860131f-e6a9-4e41-91fd-20e45fbb9268",
        "x-ms-ratelimit-remaining-subscription-reads": "11872",
        "x-ms-request-id": "1f0573fd-1188-4975-ad51-a442ddf8a88e_M9SN1_M9SN1",
        "x-ms-routing-request-id": "SOUTHCENTRALUS:20221018T063721Z:1860131f-e6a9-4e41-91fd-20e45fbb9268"
      },
      "ResponseBody": {
        "id": "/subscriptions/326100e2-f69d-4268-8503-075374f62b6e/resourceGroups/testeventhubRG-3606/providers/Microsoft.EventHub/namespaces/testnamespacemgmt8825/disasterRecoveryConfigs/disasterrecovery9520",
        "name": "disasterrecovery9520",
        "type": "Microsoft.EventHub/Namespaces/disasterrecoveryconfigs",
        "properties": {
          "provisioningState": "Accepted",
          "partnerNamespace": "/subscriptions/326100e2-f69d-4268-8503-075374f62b6e/resourceGroups/testeventhubRG-3606/providers/Microsoft.EventHub/namespaces/testnamespacemgmt7103",
          "role": "Primary",
          "type": "MetadataReplication"
        }
      }
    },
    {
      "RequestUri": "https://management.azure.com/subscriptions/326100e2-f69d-4268-8503-075374f62b6e/resourceGroups/testeventhubRG-3606/providers/Microsoft.EventHub/namespaces/testnamespacemgmt8825/disasterRecoveryConfigs/disasterrecovery9520?api-version=2022-01-01-preview",
      "RequestMethod": "GET",
      "RequestHeaders": {
        "Accept": "application/json",
        "Authorization": "Sanitized",
        "traceparent": "00-4d4fe92a5283d4aac6ae0fa8edaa62d6-daa4e9ee1563a5c3-00",
        "User-Agent": "azsdk-net-ResourceManager.EventHubs/1.1.0-alpha.20221017.1 (.NET 6.0.10; Microsoft Windows 10.0.19044)",
        "x-ms-client-request-id": "b0a4e9fe744ee519615927c405d8ac21",
        "x-ms-return-client-request-id": "true"
      },
      "RequestBody": null,
      "StatusCode": 200,
      "ResponseHeaders": {
        "Cache-Control": "no-cache",
        "Content-Length": "557",
        "Content-Type": "application/json; charset=utf-8",
        "Date": "Tue, 18 Oct 2022 06:37:26 GMT",
        "Expires": "-1",
        "Pragma": "no-cache",
        "Server": [
          "Service-Bus-Resource-Provider/SN1",
          "Microsoft-HTTPAPI/2.0"
        ],
        "Server-SB": "Service-Bus-Resource-Provider/SN1",
        "Strict-Transport-Security": "max-age=31536000; includeSubDomains",
        "X-Content-Type-Options": "nosniff",
        "x-ms-client-request-id": "b0a4e9fe744ee519615927c405d8ac21",
        "x-ms-correlation-request-id": "a9025696-e8f5-416b-a11e-6f04d325f504",
        "x-ms-ratelimit-remaining-subscription-reads": "11871",
        "x-ms-request-id": "74e46a06-ff32-418b-ab86-c7f7099d7c9b_M9SN1_M9SN1",
        "x-ms-routing-request-id": "SOUTHCENTRALUS:20221018T063727Z:a9025696-e8f5-416b-a11e-6f04d325f504"
      },
      "ResponseBody": {
        "id": "/subscriptions/326100e2-f69d-4268-8503-075374f62b6e/resourceGroups/testeventhubRG-3606/providers/Microsoft.EventHub/namespaces/testnamespacemgmt8825/disasterRecoveryConfigs/disasterrecovery9520",
        "name": "disasterrecovery9520",
        "type": "Microsoft.EventHub/Namespaces/disasterrecoveryconfigs",
        "properties": {
          "provisioningState": "Accepted",
          "partnerNamespace": "/subscriptions/326100e2-f69d-4268-8503-075374f62b6e/resourceGroups/testeventhubRG-3606/providers/Microsoft.EventHub/namespaces/testnamespacemgmt7103",
          "role": "Primary",
          "type": "MetadataReplication"
        }
      }
    },
    {
      "RequestUri": "https://management.azure.com/subscriptions/326100e2-f69d-4268-8503-075374f62b6e/resourceGroups/testeventhubRG-3606/providers/Microsoft.EventHub/namespaces/testnamespacemgmt8825/disasterRecoveryConfigs/disasterrecovery9520?api-version=2022-01-01-preview",
      "RequestMethod": "GET",
      "RequestHeaders": {
        "Accept": "application/json",
        "Authorization": "Sanitized",
        "traceparent": "00-4a47646623011e0b1137546aebf7e8c2-6c12db96268e69db-00",
        "User-Agent": "azsdk-net-ResourceManager.EventHubs/1.1.0-alpha.20221017.1 (.NET 6.0.10; Microsoft Windows 10.0.19044)",
        "x-ms-client-request-id": "00bb8f1c848d41bbb84bffe94c610878",
        "x-ms-return-client-request-id": "true"
      },
      "RequestBody": null,
      "StatusCode": 200,
      "ResponseHeaders": {
        "Cache-Control": "no-cache",
        "Content-Length": "557",
        "Content-Type": "application/json; charset=utf-8",
        "Date": "Tue, 18 Oct 2022 06:37:31 GMT",
        "Expires": "-1",
        "Pragma": "no-cache",
        "Server": [
          "Service-Bus-Resource-Provider/SN1",
          "Microsoft-HTTPAPI/2.0"
        ],
        "Server-SB": "Service-Bus-Resource-Provider/SN1",
        "Strict-Transport-Security": "max-age=31536000; includeSubDomains",
        "X-Content-Type-Options": "nosniff",
        "x-ms-client-request-id": "00bb8f1c848d41bbb84bffe94c610878",
        "x-ms-correlation-request-id": "16270f62-5d7e-4c3a-a3d9-3311ff832437",
        "x-ms-ratelimit-remaining-subscription-reads": "11870",
        "x-ms-request-id": "fd9fa2bc-f297-458a-927f-672ce1de08f0_M9SN1_M9SN1",
        "x-ms-routing-request-id": "SOUTHCENTRALUS:20221018T063732Z:16270f62-5d7e-4c3a-a3d9-3311ff832437"
      },
      "ResponseBody": {
        "id": "/subscriptions/326100e2-f69d-4268-8503-075374f62b6e/resourceGroups/testeventhubRG-3606/providers/Microsoft.EventHub/namespaces/testnamespacemgmt8825/disasterRecoveryConfigs/disasterrecovery9520",
        "name": "disasterrecovery9520",
        "type": "Microsoft.EventHub/Namespaces/disasterrecoveryconfigs",
        "properties": {
          "provisioningState": "Accepted",
          "partnerNamespace": "/subscriptions/326100e2-f69d-4268-8503-075374f62b6e/resourceGroups/testeventhubRG-3606/providers/Microsoft.EventHub/namespaces/testnamespacemgmt7103",
          "role": "Primary",
          "type": "MetadataReplication"
        }
      }
    },
    {
      "RequestUri": "https://management.azure.com/subscriptions/326100e2-f69d-4268-8503-075374f62b6e/resourceGroups/testeventhubRG-3606/providers/Microsoft.EventHub/namespaces/testnamespacemgmt8825/disasterRecoveryConfigs/disasterrecovery9520?api-version=2022-01-01-preview",
      "RequestMethod": "GET",
      "RequestHeaders": {
        "Accept": "application/json",
        "Authorization": "Sanitized",
        "traceparent": "00-a647b803346601f6b765936c5504396f-8248759ecb6a47f0-00",
        "User-Agent": "azsdk-net-ResourceManager.EventHubs/1.1.0-alpha.20221017.1 (.NET 6.0.10; Microsoft Windows 10.0.19044)",
        "x-ms-client-request-id": "9905d1600776c94c13b470bcb1116a63",
        "x-ms-return-client-request-id": "true"
      },
      "RequestBody": null,
      "StatusCode": 200,
      "ResponseHeaders": {
        "Cache-Control": "no-cache",
        "Content-Length": "557",
        "Content-Type": "application/json; charset=utf-8",
        "Date": "Tue, 18 Oct 2022 06:37:36 GMT",
        "Expires": "-1",
        "Pragma": "no-cache",
        "Server": [
          "Service-Bus-Resource-Provider/SN1",
          "Microsoft-HTTPAPI/2.0"
        ],
        "Server-SB": "Service-Bus-Resource-Provider/SN1",
        "Strict-Transport-Security": "max-age=31536000; includeSubDomains",
        "X-Content-Type-Options": "nosniff",
        "x-ms-client-request-id": "9905d1600776c94c13b470bcb1116a63",
        "x-ms-correlation-request-id": "749738ee-49f0-4058-9c51-09ff21a17d3f",
        "x-ms-ratelimit-remaining-subscription-reads": "11869",
        "x-ms-request-id": "7e30c278-31cd-4673-bb55-6eedb465443c_M9SN1_M9SN1",
        "x-ms-routing-request-id": "SOUTHCENTRALUS:20221018T063737Z:749738ee-49f0-4058-9c51-09ff21a17d3f"
      },
      "ResponseBody": {
        "id": "/subscriptions/326100e2-f69d-4268-8503-075374f62b6e/resourceGroups/testeventhubRG-3606/providers/Microsoft.EventHub/namespaces/testnamespacemgmt8825/disasterRecoveryConfigs/disasterrecovery9520",
        "name": "disasterrecovery9520",
        "type": "Microsoft.EventHub/Namespaces/disasterrecoveryconfigs",
        "properties": {
          "provisioningState": "Accepted",
          "partnerNamespace": "/subscriptions/326100e2-f69d-4268-8503-075374f62b6e/resourceGroups/testeventhubRG-3606/providers/Microsoft.EventHub/namespaces/testnamespacemgmt7103",
          "role": "Primary",
          "type": "MetadataReplication"
        }
      }
    },
    {
      "RequestUri": "https://management.azure.com/subscriptions/326100e2-f69d-4268-8503-075374f62b6e/resourceGroups/testeventhubRG-3606/providers/Microsoft.EventHub/namespaces/testnamespacemgmt8825/disasterRecoveryConfigs/disasterrecovery9520?api-version=2022-01-01-preview",
      "RequestMethod": "GET",
      "RequestHeaders": {
        "Accept": "application/json",
        "Authorization": "Sanitized",
        "traceparent": "00-0f8ad6a6a8d54c6c167483255e160324-fc9f0813e7bb91ae-00",
        "User-Agent": "azsdk-net-ResourceManager.EventHubs/1.1.0-alpha.20221017.1 (.NET 6.0.10; Microsoft Windows 10.0.19044)",
        "x-ms-client-request-id": "1389d08646f87adf2e63f702752f9900",
        "x-ms-return-client-request-id": "true"
      },
      "RequestBody": null,
      "StatusCode": 200,
      "ResponseHeaders": {
        "Cache-Control": "no-cache",
        "Content-Length": "557",
        "Content-Type": "application/json; charset=utf-8",
        "Date": "Tue, 18 Oct 2022 06:37:41 GMT",
        "Expires": "-1",
        "Pragma": "no-cache",
        "Server": [
          "Service-Bus-Resource-Provider/SN1",
          "Microsoft-HTTPAPI/2.0"
        ],
        "Server-SB": "Service-Bus-Resource-Provider/SN1",
        "Strict-Transport-Security": "max-age=31536000; includeSubDomains",
        "X-Content-Type-Options": "nosniff",
        "x-ms-client-request-id": "1389d08646f87adf2e63f702752f9900",
        "x-ms-correlation-request-id": "6f9c72f9-ef96-4330-adca-683055f224f7",
        "x-ms-ratelimit-remaining-subscription-reads": "11868",
        "x-ms-request-id": "b9e3cdcf-8d23-419e-9e19-c01f4aedc034_M9SN1_M9SN1",
        "x-ms-routing-request-id": "SOUTHCENTRALUS:20221018T063742Z:6f9c72f9-ef96-4330-adca-683055f224f7"
      },
      "ResponseBody": {
        "id": "/subscriptions/326100e2-f69d-4268-8503-075374f62b6e/resourceGroups/testeventhubRG-3606/providers/Microsoft.EventHub/namespaces/testnamespacemgmt8825/disasterRecoveryConfigs/disasterrecovery9520",
        "name": "disasterrecovery9520",
        "type": "Microsoft.EventHub/Namespaces/disasterrecoveryconfigs",
        "properties": {
          "provisioningState": "Accepted",
          "partnerNamespace": "/subscriptions/326100e2-f69d-4268-8503-075374f62b6e/resourceGroups/testeventhubRG-3606/providers/Microsoft.EventHub/namespaces/testnamespacemgmt7103",
          "role": "Primary",
          "type": "MetadataReplication"
        }
      }
    },
    {
      "RequestUri": "https://management.azure.com/subscriptions/326100e2-f69d-4268-8503-075374f62b6e/resourceGroups/testeventhubRG-3606/providers/Microsoft.EventHub/namespaces/testnamespacemgmt8825/disasterRecoveryConfigs/disasterrecovery9520?api-version=2022-01-01-preview",
      "RequestMethod": "GET",
      "RequestHeaders": {
        "Accept": "application/json",
        "Authorization": "Sanitized",
        "traceparent": "00-122b6078596268424b53715f8b6d2395-fa0ffd785d2bbdab-00",
        "User-Agent": "azsdk-net-ResourceManager.EventHubs/1.1.0-alpha.20221017.1 (.NET 6.0.10; Microsoft Windows 10.0.19044)",
        "x-ms-client-request-id": "3364af5013d314ab43f1edd813fe8fa7",
        "x-ms-return-client-request-id": "true"
      },
      "RequestBody": null,
      "StatusCode": 200,
      "ResponseHeaders": {
        "Cache-Control": "no-cache",
        "Content-Length": "424",
        "Content-Type": "application/json; charset=utf-8",
        "Date": "Tue, 18 Oct 2022 06:37:47 GMT",
        "Expires": "-1",
        "Pragma": "no-cache",
        "Server": [
          "Service-Bus-Resource-Provider/SN1",
          "Microsoft-HTTPAPI/2.0"
        ],
        "Server-SB": "Service-Bus-Resource-Provider/SN1",
        "Strict-Transport-Security": "max-age=31536000; includeSubDomains",
        "X-Content-Type-Options": "nosniff",
        "x-ms-client-request-id": "3364af5013d314ab43f1edd813fe8fa7",
        "x-ms-correlation-request-id": "615f883c-4804-41b3-bf99-c644a427d4cd",
        "x-ms-ratelimit-remaining-subscription-reads": "11867",
        "x-ms-request-id": "c98503e8-1ccf-43be-8a32-5bbd6b9dff87_M9SN1_M9SN1",
        "x-ms-routing-request-id": "SOUTHCENTRALUS:20221018T063748Z:615f883c-4804-41b3-bf99-c644a427d4cd"
      },
      "ResponseBody": {
        "id": "/subscriptions/326100e2-f69d-4268-8503-075374f62b6e/resourceGroups/testeventhubRG-3606/providers/Microsoft.EventHub/namespaces/testnamespacemgmt8825/disasterRecoveryConfigs/disasterrecovery9520",
        "name": "disasterrecovery9520",
        "type": "Microsoft.EventHub/Namespaces/disasterrecoveryconfigs",
        "properties": {
          "provisioningState": "Succeeded",
          "partnerNamespace": "",
          "role": "PrimaryNotReplicating",
          "type": "MetadataReplication"
        }
      }
    },
    {
      "RequestUri": "https://management.azure.com/subscriptions/326100e2-f69d-4268-8503-075374f62b6e/resourceGroups/testeventhubRG-3606/providers/Microsoft.EventHub/namespaces/testnamespacemgmt8825/disasterRecoveryConfigs?api-version=2022-01-01-preview",
      "RequestMethod": "GET",
      "RequestHeaders": {
        "Accept": "application/json",
        "Authorization": "Sanitized",
        "traceparent": "00-aaeff006dce0e44bbcfceeae7fc88d6b-725a29e078a778d3-00",
        "User-Agent": "azsdk-net-ResourceManager.EventHubs/1.1.0-alpha.20221017.1 (.NET 6.0.10; Microsoft Windows 10.0.19044)",
        "x-ms-client-request-id": "7c639be0f5d71980f28a6a13104953e3",
        "x-ms-return-client-request-id": "true"
      },
      "RequestBody": null,
      "StatusCode": 200,
      "ResponseHeaders": {
        "Cache-Control": "no-cache",
        "Content-Length": "436",
        "Content-Type": "application/json; charset=utf-8",
        "Date": "Tue, 18 Oct 2022 06:37:47 GMT",
        "Expires": "-1",
        "Pragma": "no-cache",
        "Server": [
          "Service-Bus-Resource-Provider/SN1",
          "Microsoft-HTTPAPI/2.0"
        ],
        "Server-SB": "Service-Bus-Resource-Provider/SN1",
        "Strict-Transport-Security": "max-age=31536000; includeSubDomains",
        "X-Content-Type-Options": "nosniff",
        "x-ms-client-request-id": "7c639be0f5d71980f28a6a13104953e3",
        "x-ms-correlation-request-id": "442fd64f-d715-4102-9714-965f523e9289",
        "x-ms-ratelimit-remaining-subscription-reads": "11866",
        "x-ms-request-id": "06354691-3c74-4ff8-86b3-9ec22c06fad1_M9SN1_M9SN1",
        "x-ms-routing-request-id": "SOUTHCENTRALUS:20221018T063748Z:442fd64f-d715-4102-9714-965f523e9289"
      },
      "ResponseBody": {
        "value": [
          {
            "id": "/subscriptions/326100e2-f69d-4268-8503-075374f62b6e/resourceGroups/testeventhubRG-3606/providers/Microsoft.EventHub/namespaces/testnamespacemgmt8825/disasterRecoveryConfigs/disasterrecovery9520",
            "name": "disasterrecovery9520",
            "type": "Microsoft.EventHub/Namespaces/disasterrecoveryconfigs",
            "properties": {
              "provisioningState": "Succeeded",
              "partnerNamespace": "",
              "role": "PrimaryNotReplicating",
              "type": "MetadataReplication"
            }
          }
        ]
      }
    },
    {
      "RequestUri": "https://management.azure.com/subscriptions/326100e2-f69d-4268-8503-075374f62b6e/resourceGroups/testeventhubRG-3606/providers/Microsoft.EventHub/namespaces/testnamespacemgmt8825/disasterRecoveryConfigs/disasterrecovery9520?api-version=2022-01-01-preview",
      "RequestMethod": "DELETE",
      "RequestHeaders": {
        "Accept": "application/json",
        "Authorization": "Sanitized",
        "traceparent": "00-796978a42edc901df752471dd39ac819-b5c35649c039e18c-00",
        "User-Agent": "azsdk-net-ResourceManager.EventHubs/1.1.0-alpha.20221017.1 (.NET 6.0.10; Microsoft Windows 10.0.19044)",
        "x-ms-client-request-id": "026c701b36ac72902474cf0659066630",
        "x-ms-return-client-request-id": "true"
      },
      "RequestBody": null,
      "StatusCode": 200,
      "ResponseHeaders": {
        "Cache-Control": "no-cache",
        "Content-Length": "0",
        "Date": "Tue, 18 Oct 2022 06:37:47 GMT",
        "Expires": "-1",
        "Pragma": "no-cache",
        "Server": [
          "Service-Bus-Resource-Provider/SN1",
          "Microsoft-HTTPAPI/2.0"
        ],
        "Server-SB": "Service-Bus-Resource-Provider/SN1",
        "Strict-Transport-Security": "max-age=31536000; includeSubDomains",
        "X-Content-Type-Options": "nosniff",
        "x-ms-client-request-id": "026c701b36ac72902474cf0659066630",
        "x-ms-correlation-request-id": "47124297-08db-4386-ab10-81a86cd33b14",
        "x-ms-ratelimit-remaining-subscription-deletes": "14997",
        "x-ms-request-id": "1e8c1e46-6979-46c0-91c2-2f8280eaa66d_M9SN1_M9SN1",
        "x-ms-routing-request-id": "SOUTHCENTRALUS:20221018T063748Z:47124297-08db-4386-ab10-81a86cd33b14"
      },
      "ResponseBody": null
    }
  ],
  "Variables": {
    "AZURE_AUTHORITY_HOST": "https://login.microsoftonline.com",
    "RandomSeed": "130192051",
    "RESOURCE_MANAGER_URL": null,
    "SUBSCRIPTION_ID": "326100e2-f69d-4268-8503-075374f62b6e"
  }
}
