{
  "Entries": [
    {
      "RequestUri": "/subscriptions/e37510d7-33b6-4676-886f-ee75bcc01871/resourcegroups/crptestar8475?api-version=2017-05-10",
      "EncodedRequestUri": "L3N1YnNjcmlwdGlvbnMvZTM3NTEwZDctMzNiNi00Njc2LTg4NmYtZWU3NWJjYzAxODcxL3Jlc291cmNlZ3JvdXBzL2NycHRlc3Rhcjg0NzU/YXBpLXZlcnNpb249MjAxNy0wNS0xMA==",
      "RequestMethod": "PUT",
      "RequestBody": "{\r\n  \"location\": \"eastus\"\r\n}",
      "RequestHeaders": {
        "x-ms-client-request-id": [
          "ac69172d-e8ce-461f-aca0-1e7f0fb02f4f"
        ],
        "Accept-Language": [
          "en-US"
        ],
        "User-Agent": [
          "FxVersion/4.700.22.36202",
          "OSName/Windows",
          "OSVersion/Microsoft.Windows.10.0.22000",
          "Microsoft.Azure.Management.ResourceManager.ResourceManagementClient/1.6.0.0"
        ],
        "Content-Type": [
          "application/json; charset=utf-8"
        ],
        "Content-Length": [
          "28"
        ]
      },
      "ResponseHeaders": {
        "Cache-Control": [
          "no-cache"
        ],
        "Pragma": [
          "no-cache"
        ],
        "x-ms-ratelimit-remaining-subscription-writes": [
          "1199"
        ],
        "x-ms-request-id": [
          "7187d78f-a0cd-4c23-b247-ef229c05d4c4"
        ],
        "x-ms-correlation-request-id": [
          "7187d78f-a0cd-4c23-b247-ef229c05d4c4"
        ],
        "x-ms-routing-request-id": [
          "CENTRALUS:20220819T131149Z:7187d78f-a0cd-4c23-b247-ef229c05d4c4"
        ],
        "Strict-Transport-Security": [
          "max-age=31536000; includeSubDomains"
        ],
        "X-Content-Type-Options": [
          "nosniff"
        ],
        "Date": [
          "Fri, 19 Aug 2022 13:11:48 GMT"
        ],
        "Content-Length": [
          "179"
        ],
        "Content-Type": [
          "application/json; charset=utf-8"
        ],
        "Expires": [
          "-1"
        ]
      },
      "ResponseBody": "{\r\n  \"id\": \"/subscriptions/e37510d7-33b6-4676-886f-ee75bcc01871/resourceGroups/crptestar8475\",\r\n  \"name\": \"crptestar8475\",\r\n  \"location\": \"eastus\",\r\n  \"properties\": {\r\n    \"provisioningState\": \"Succeeded\"\r\n  }\r\n}",
      "StatusCode": 201
    },
    {
      "RequestUri": "/subscriptions/e37510d7-33b6-4676-886f-ee75bcc01871/resourceGroups/crptestar8475/providers/Microsoft.Compute/disks/diskrp4983?api-version=2022-07-02",
      "EncodedRequestUri": "L3N1YnNjcmlwdGlvbnMvZTM3NTEwZDctMzNiNi00Njc2LTg4NmYtZWU3NWJjYzAxODcxL3Jlc291cmNlR3JvdXBzL2NycHRlc3Rhcjg0NzUvcHJvdmlkZXJzL01pY3Jvc29mdC5Db21wdXRlL2Rpc2tzL2Rpc2tycDQ5ODM/YXBpLXZlcnNpb249MjAyMi0wNy0wMg==",
      "RequestMethod": "PUT",
      "RequestBody": "{\r\n  \"sku\": {\r\n    \"name\": \"UltraSSD_LRS\"\r\n  },\r\n  \"properties\": {\r\n    \"osType\": \"Linux\",\r\n    \"creationData\": {\r\n      \"createOption\": \"Empty\"\r\n    },\r\n    \"diskSizeGB\": 32,\r\n    \"diskIOPSReadWrite\": 512,\r\n    \"diskMBpsReadWrite\": 8,\r\n    \"diskIOPSReadOnly\": 512,\r\n    \"diskMBpsReadOnly\": 8,\r\n    \"maxShares\": 2\r\n  },\r\n  \"location\": \"eastus\"\r\n}",
      "RequestHeaders": {
        "x-ms-client-request-id": [
          "11430dcb-8efc-4086-8aff-71a683b46b7e"
        ],
        "Accept-Language": [
          "en-US"
        ],
        "User-Agent": [
          "FxVersion/4.700.22.36202",
          "OSName/Windows",
          "OSVersion/Microsoft.Windows.10.0.22000",
          "Microsoft.Azure.Management.Compute.ComputeManagementClient/58.0.0"
        ],
        "Content-Type": [
          "application/json; charset=utf-8"
        ],
        "Content-Length": [
          "346"
        ]
      },
      "ResponseHeaders": {
        "Cache-Control": [
          "no-cache"
        ],
        "Pragma": [
          "no-cache"
        ],
        "Location": [
          "https://management.azure.com/subscriptions/e37510d7-33b6-4676-886f-ee75bcc01871/providers/Microsoft.Compute/locations/eastus/DiskOperations/c5fe4405-be76-4633-b70b-cd276b60d7cc?p=d3255131-e7b3-4a83-8960-a836a057d1f8&monitor=true&api-version=2022-07-02"
        ],
        "Retry-After": [
          "2"
        ],
        "Azure-AsyncOperation": [
          "https://management.azure.com/subscriptions/e37510d7-33b6-4676-886f-ee75bcc01871/providers/Microsoft.Compute/locations/eastus/DiskOperations/c5fe4405-be76-4633-b70b-cd276b60d7cc?p=d3255131-e7b3-4a83-8960-a836a057d1f8&api-version=2022-07-02"
        ],
        "x-ms-ratelimit-remaining-resource": [
          "Microsoft.Compute/CreateUpdateDisks3Min;997,Microsoft.Compute/CreateUpdateDisks30Min;7997"
        ],
        "Strict-Transport-Security": [
          "max-age=31536000; includeSubDomains"
        ],
        "x-ms-served-by": [
          "d3255131-e7b3-4a83-8960-a836a057d1f8_133024878040482921"
        ],
        "x-ms-request-id": [
          "c5fe4405-be76-4633-b70b-cd276b60d7cc"
        ],
        "Server": [
          "Microsoft-HTTPAPI/2.0",
          "Microsoft-HTTPAPI/2.0"
        ],
        "x-ms-ratelimit-remaining-subscription-writes": [
          "1199"
        ],
        "x-ms-correlation-request-id": [
          "53ead7ed-7ad4-46db-9dfb-a8a894d0c5b1"
        ],
        "x-ms-routing-request-id": [
          "CENTRALUS:20220819T131151Z:53ead7ed-7ad4-46db-9dfb-a8a894d0c5b1"
        ],
        "X-Content-Type-Options": [
          "nosniff"
        ],
        "Date": [
          "Fri, 19 Aug 2022 13:11:51 GMT"
        ],
        "Content-Length": [
          "599"
        ],
        "Content-Type": [
          "application/json; charset=utf-8"
        ],
        "Expires": [
          "-1"
        ]
      },
      "ResponseBody": "{\r\n  \"name\": \"diskrp4983\",\r\n  \"id\": \"/subscriptions/e37510d7-33b6-4676-886f-ee75bcc01871/resourceGroups/crptestar8475/providers/Microsoft.Compute/disks/diskrp4983\",\r\n  \"location\": \"eastus\",\r\n  \"sku\": {\r\n    \"name\": \"UltraSSD_LRS\"\r\n  },\r\n  \"properties\": {\r\n    \"osType\": \"Linux\",\r\n    \"creationData\": {\r\n      \"createOption\": \"Empty\"\r\n    },\r\n    \"diskSizeGB\": 32,\r\n    \"diskIOPSReadWrite\": 512,\r\n    \"diskMBpsReadWrite\": 8,\r\n    \"readOnly\": false,\r\n    \"diskIOPSReadOnly\": 512,\r\n    \"diskMBpsReadOnly\": 8,\r\n    \"maxShares\": 2,\r\n    \"provisioningState\": \"Updating\",\r\n    \"isArmResource\": true\r\n  }\r\n}",
      "StatusCode": 202
    },
    {
      "RequestUri": "/subscriptions/e37510d7-33b6-4676-886f-ee75bcc01871/providers/Microsoft.Compute/locations/eastus/DiskOperations/c5fe4405-be76-4633-b70b-cd276b60d7cc?p=d3255131-e7b3-4a83-8960-a836a057d1f8&api-version=2022-07-02",
      "EncodedRequestUri": "L3N1YnNjcmlwdGlvbnMvZTM3NTEwZDctMzNiNi00Njc2LTg4NmYtZWU3NWJjYzAxODcxL3Byb3ZpZGVycy9NaWNyb3NvZnQuQ29tcHV0ZS9sb2NhdGlvbnMvZWFzdHVzL0Rpc2tPcGVyYXRpb25zL2M1ZmU0NDA1LWJlNzYtNDYzMy1iNzBiLWNkMjc2YjYwZDdjYz9wPWQzMjU1MTMxLWU3YjMtNGE4My04OTYwLWE4MzZhMDU3ZDFmOCZhcGktdmVyc2lvbj0yMDIyLTA3LTAy",
      "RequestMethod": "GET",
      "RequestBody": "",
      "RequestHeaders": {
        "User-Agent": [
          "FxVersion/4.700.22.36202",
          "OSName/Windows",
          "OSVersion/Microsoft.Windows.10.0.22000",
          "Microsoft.Azure.Management.Compute.ComputeManagementClient/58.0.0"
        ]
      },
      "ResponseHeaders": {
        "Cache-Control": [
          "no-cache"
        ],
        "Pragma": [
          "no-cache"
        ],
        "x-ms-ratelimit-remaining-resource": [
          "Microsoft.Compute/GetOperation3Min;49992,Microsoft.Compute/GetOperation30Min;399992"
        ],
        "Strict-Transport-Security": [
          "max-age=31536000; includeSubDomains"
        ],
        "x-ms-served-by": [
          "d3255131-e7b3-4a83-8960-a836a057d1f8_133024878040482921"
        ],
        "x-ms-request-id": [
          "a01aeb9e-61dc-4c2f-85f0-880c683a883c"
        ],
        "Server": [
          "Microsoft-HTTPAPI/2.0",
          "Microsoft-HTTPAPI/2.0"
        ],
        "x-ms-ratelimit-remaining-subscription-reads": [
          "11999"
        ],
        "x-ms-correlation-request-id": [
          "4b817931-5189-4765-8089-a2400efe882c"
        ],
        "x-ms-routing-request-id": [
          "CENTRALUS:20220819T131154Z:4b817931-5189-4765-8089-a2400efe882c"
        ],
        "X-Content-Type-Options": [
          "nosniff"
        ],
        "Date": [
          "Fri, 19 Aug 2022 13:11:53 GMT"
        ],
        "Content-Length": [
          "1229"
        ],
        "Content-Type": [
          "application/json; charset=utf-8"
        ],
        "Expires": [
          "-1"
        ]
      },
      "ResponseBody": "{\r\n  \"startTime\": \"2022-08-19T09:11:51.8140225-04:00\",\r\n  \"endTime\": \"2022-08-19T09:11:52.7359077-04:00\",\r\n  \"status\": \"Succeeded\",\r\n  \"properties\": {\r\n    \"output\": {\r\n      \"name\": \"diskrp4983\",\r\n      \"id\": \"/subscriptions/e37510d7-33b6-4676-886f-ee75bcc01871/resourceGroups/crptestar8475/providers/Microsoft.Compute/disks/diskrp4983\",\r\n      \"type\": \"Microsoft.Compute/disks\",\r\n      \"location\": \"eastus\",\r\n      \"sku\": {\r\n        \"name\": \"UltraSSD_LRS\",\r\n        \"tier\": \"Ultra\"\r\n      },\r\n      \"properties\": {\r\n        \"osType\": \"Linux\",\r\n        \"creationData\": {\r\n          \"createOption\": \"Empty\",\r\n          \"logicalSectorSize\": 4096\r\n        },\r\n        \"diskSizeGB\": 32,\r\n        \"diskIOPSReadWrite\": 512,\r\n        \"diskMBpsReadWrite\": 8,\r\n        \"readOnly\": false,\r\n        \"diskIOPSReadOnly\": 512,\r\n        \"diskMBpsReadOnly\": 8,\r\n        \"encryption\": {\r\n          \"type\": \"EncryptionAtRestWithPlatformKey\"\r\n        },\r\n        \"maxShares\": 2,\r\n        \"networkAccessPolicy\": \"AllowAll\",\r\n        \"publicNetworkAccess\": \"Enabled\",\r\n        \"timeCreated\": \"2022-08-19T09:11:51.8296244-04:00\",\r\n        \"provisioningState\": \"Succeeded\",\r\n        \"diskState\": \"Unattached\",\r\n        \"diskSizeBytes\": 34359738368,\r\n        \"uniqueId\": \"479254d5-f6ac-4e41-87a4-c7948defddcc\"\r\n      }\r\n    }\r\n  },\r\n  \"name\": \"c5fe4405-be76-4633-b70b-cd276b60d7cc\"\r\n}",
      "StatusCode": 200
    },
    {
      "RequestUri": "/subscriptions/e37510d7-33b6-4676-886f-ee75bcc01871/resourceGroups/crptestar8475/providers/Microsoft.Compute/disks/diskrp4983?api-version=2022-07-02",
      "EncodedRequestUri": "L3N1YnNjcmlwdGlvbnMvZTM3NTEwZDctMzNiNi00Njc2LTg4NmYtZWU3NWJjYzAxODcxL3Jlc291cmNlR3JvdXBzL2NycHRlc3Rhcjg0NzUvcHJvdmlkZXJzL01pY3Jvc29mdC5Db21wdXRlL2Rpc2tzL2Rpc2tycDQ5ODM/YXBpLXZlcnNpb249MjAyMi0wNy0wMg==",
      "RequestMethod": "GET",
      "RequestBody": "",
      "RequestHeaders": {
        "User-Agent": [
          "FxVersion/4.700.22.36202",
          "OSName/Windows",
          "OSVersion/Microsoft.Windows.10.0.22000",
          "Microsoft.Azure.Management.Compute.ComputeManagementClient/58.0.0"
        ]
      },
      "ResponseHeaders": {
        "Cache-Control": [
          "no-cache"
        ],
        "Pragma": [
          "no-cache"
        ],
        "x-ms-ratelimit-remaining-resource": [
          "Microsoft.Compute/LowCostGet3Min;14991,Microsoft.Compute/LowCostGet30Min;119991"
        ],
        "Strict-Transport-Security": [
          "max-age=31536000; includeSubDomains"
        ],
        "x-ms-served-by": [
          "d3255131-e7b3-4a83-8960-a836a057d1f8_133024878040482921"
        ],
        "x-ms-request-id": [
          "fc4ed34f-356d-41a9-9fac-ad245c34c0c5"
        ],
        "Server": [
          "Microsoft-HTTPAPI/2.0",
          "Microsoft-HTTPAPI/2.0"
        ],
        "x-ms-ratelimit-remaining-subscription-reads": [
          "11998"
        ],
        "x-ms-correlation-request-id": [
          "bda578a3-29f0-413d-976e-fa0663756c13"
        ],
        "x-ms-routing-request-id": [
          "CENTRALUS:20220819T131154Z:bda578a3-29f0-413d-976e-fa0663756c13"
        ],
        "X-Content-Type-Options": [
          "nosniff"
        ],
        "Date": [
          "Fri, 19 Aug 2022 13:11:53 GMT"
        ],
        "Content-Length": [
          "1004"
        ],
        "Content-Type": [
          "application/json; charset=utf-8"
        ],
        "Expires": [
          "-1"
        ]
      },
      "ResponseBody": "{\r\n  \"name\": \"diskrp4983\",\r\n  \"id\": \"/subscriptions/e37510d7-33b6-4676-886f-ee75bcc01871/resourceGroups/crptestar8475/providers/Microsoft.Compute/disks/diskrp4983\",\r\n  \"type\": \"Microsoft.Compute/disks\",\r\n  \"location\": \"eastus\",\r\n  \"sku\": {\r\n    \"name\": \"UltraSSD_LRS\",\r\n    \"tier\": \"Ultra\"\r\n  },\r\n  \"properties\": {\r\n    \"osType\": \"Linux\",\r\n    \"creationData\": {\r\n      \"createOption\": \"Empty\",\r\n      \"logicalSectorSize\": 4096\r\n    },\r\n    \"diskSizeGB\": 32,\r\n    \"diskIOPSReadWrite\": 512,\r\n    \"diskMBpsReadWrite\": 8,\r\n    \"readOnly\": false,\r\n    \"diskIOPSReadOnly\": 512,\r\n    \"diskMBpsReadOnly\": 8,\r\n    \"encryption\": {\r\n      \"type\": \"EncryptionAtRestWithPlatformKey\"\r\n    },\r\n    \"maxShares\": 2,\r\n    \"networkAccessPolicy\": \"AllowAll\",\r\n    \"publicNetworkAccess\": \"Enabled\",\r\n    \"timeCreated\": \"2022-08-19T09:11:51.8296244-04:00\",\r\n    \"provisioningState\": \"Succeeded\",\r\n    \"diskState\": \"Unattached\",\r\n    \"diskSizeBytes\": 34359738368,\r\n    \"uniqueId\": \"479254d5-f6ac-4e41-87a4-c7948defddcc\"\r\n  }\r\n}",
      "StatusCode": 200
    },
    {
      "RequestUri": "/subscriptions/e37510d7-33b6-4676-886f-ee75bcc01871/resourceGroups/crptestar8475/providers/Microsoft.Compute/disks/diskrp4983?api-version=2022-07-02",
      "EncodedRequestUri": "L3N1YnNjcmlwdGlvbnMvZTM3NTEwZDctMzNiNi00Njc2LTg4NmYtZWU3NWJjYzAxODcxL3Jlc291cmNlR3JvdXBzL2NycHRlc3Rhcjg0NzUvcHJvdmlkZXJzL01pY3Jvc29mdC5Db21wdXRlL2Rpc2tzL2Rpc2tycDQ5ODM/YXBpLXZlcnNpb249MjAyMi0wNy0wMg==",
      "RequestMethod": "GET",
      "RequestBody": "",
      "RequestHeaders": {
        "x-ms-client-request-id": [
          "3ecdf618-2ff1-4101-ab7a-4f8b3fbd06ef"
        ],
        "Accept-Language": [
          "en-US"
        ],
        "User-Agent": [
          "FxVersion/4.700.22.36202",
          "OSName/Windows",
          "OSVersion/Microsoft.Windows.10.0.22000",
          "Microsoft.Azure.Management.Compute.ComputeManagementClient/58.0.0"
        ]
      },
      "ResponseHeaders": {
        "Cache-Control": [
          "no-cache"
        ],
        "Pragma": [
          "no-cache"
        ],
        "x-ms-ratelimit-remaining-resource": [
          "Microsoft.Compute/LowCostGet3Min;14990,Microsoft.Compute/LowCostGet30Min;119990"
        ],
        "Strict-Transport-Security": [
          "max-age=31536000; includeSubDomains"
        ],
        "x-ms-served-by": [
          "d3255131-e7b3-4a83-8960-a836a057d1f8_133024878040482921"
        ],
        "x-ms-request-id": [
          "de2351f9-24cc-4957-9d73-b492474cc441"
        ],
        "Server": [
          "Microsoft-HTTPAPI/2.0",
          "Microsoft-HTTPAPI/2.0"
        ],
        "x-ms-ratelimit-remaining-subscription-reads": [
          "11997"
        ],
        "x-ms-correlation-request-id": [
          "c35ecea8-366e-4402-8abd-0892ba731ff1"
        ],
        "x-ms-routing-request-id": [
          "CENTRALUS:20220819T131154Z:c35ecea8-366e-4402-8abd-0892ba731ff1"
        ],
        "X-Content-Type-Options": [
          "nosniff"
        ],
        "Date": [
          "Fri, 19 Aug 2022 13:11:53 GMT"
        ],
        "Content-Length": [
          "1004"
        ],
        "Content-Type": [
          "application/json; charset=utf-8"
        ],
        "Expires": [
          "-1"
        ]
      },
      "ResponseBody": "{\r\n  \"name\": \"diskrp4983\",\r\n  \"id\": \"/subscriptions/e37510d7-33b6-4676-886f-ee75bcc01871/resourceGroups/crptestar8475/providers/Microsoft.Compute/disks/diskrp4983\",\r\n  \"type\": \"Microsoft.Compute/disks\",\r\n  \"location\": \"eastus\",\r\n  \"sku\": {\r\n    \"name\": \"UltraSSD_LRS\",\r\n    \"tier\": \"Ultra\"\r\n  },\r\n  \"properties\": {\r\n    \"osType\": \"Linux\",\r\n    \"creationData\": {\r\n      \"createOption\": \"Empty\",\r\n      \"logicalSectorSize\": 4096\r\n    },\r\n    \"diskSizeGB\": 32,\r\n    \"diskIOPSReadWrite\": 512,\r\n    \"diskMBpsReadWrite\": 8,\r\n    \"readOnly\": false,\r\n    \"diskIOPSReadOnly\": 512,\r\n    \"diskMBpsReadOnly\": 8,\r\n    \"encryption\": {\r\n      \"type\": \"EncryptionAtRestWithPlatformKey\"\r\n    },\r\n    \"maxShares\": 2,\r\n    \"networkAccessPolicy\": \"AllowAll\",\r\n    \"publicNetworkAccess\": \"Enabled\",\r\n    \"timeCreated\": \"2022-08-19T09:11:51.8296244-04:00\",\r\n    \"provisioningState\": \"Succeeded\",\r\n    \"diskState\": \"Unattached\",\r\n    \"diskSizeBytes\": 34359738368,\r\n    \"uniqueId\": \"479254d5-f6ac-4e41-87a4-c7948defddcc\"\r\n  }\r\n}",
      "StatusCode": 200
    },
    {
      "RequestUri": "/subscriptions/e37510d7-33b6-4676-886f-ee75bcc01871/resourceGroups/crptestar8475/providers/Microsoft.Compute/disks/diskrp4983?api-version=2022-07-02",
      "EncodedRequestUri": "L3N1YnNjcmlwdGlvbnMvZTM3NTEwZDctMzNiNi00Njc2LTg4NmYtZWU3NWJjYzAxODcxL3Jlc291cmNlR3JvdXBzL2NycHRlc3Rhcjg0NzUvcHJvdmlkZXJzL01pY3Jvc29mdC5Db21wdXRlL2Rpc2tzL2Rpc2tycDQ5ODM/YXBpLXZlcnNpb249MjAyMi0wNy0wMg==",
      "RequestMethod": "GET",
      "RequestBody": "",
      "RequestHeaders": {
        "User-Agent": [
          "FxVersion/4.700.22.36202",
          "OSName/Windows",
          "OSVersion/Microsoft.Windows.10.0.22000",
          "Microsoft.Azure.Management.Compute.ComputeManagementClient/58.0.0"
        ]
      },
      "ResponseHeaders": {
        "Cache-Control": [
          "no-cache"
        ],
        "Pragma": [
          "no-cache"
        ],
        "x-ms-ratelimit-remaining-resource": [
          "Microsoft.Compute/LowCostGet3Min;14988,Microsoft.Compute/LowCostGet30Min;119988"
        ],
        "Strict-Transport-Security": [
          "max-age=31536000; includeSubDomains"
        ],
        "x-ms-served-by": [
          "d3255131-e7b3-4a83-8960-a836a057d1f8_133024878040482921"
        ],
        "x-ms-request-id": [
          "f71c8128-8088-44e9-92da-f7e8c2343107"
        ],
        "Server": [
          "Microsoft-HTTPAPI/2.0",
          "Microsoft-HTTPAPI/2.0"
        ],
        "x-ms-ratelimit-remaining-subscription-reads": [
          "11995"
        ],
        "x-ms-correlation-request-id": [
          "0e9d1137-049e-43ef-a129-b2cbd3603e72"
        ],
        "x-ms-routing-request-id": [
          "CENTRALUS:20220819T131157Z:0e9d1137-049e-43ef-a129-b2cbd3603e72"
        ],
        "X-Content-Type-Options": [
          "nosniff"
        ],
        "Date": [
          "Fri, 19 Aug 2022 13:11:56 GMT"
        ],
        "Content-Length": [
          "1049"
        ],
        "Content-Type": [
          "application/json; charset=utf-8"
        ],
        "Expires": [
          "-1"
        ]
      },
      "ResponseBody": "{\r\n  \"name\": \"diskrp4983\",\r\n  \"id\": \"/subscriptions/e37510d7-33b6-4676-886f-ee75bcc01871/resourceGroups/crptestar8475/providers/Microsoft.Compute/disks/diskrp4983\",\r\n  \"type\": \"Microsoft.Compute/disks\",\r\n  \"location\": \"eastus\",\r\n  \"tags\": {\r\n    \"tagKey\": \"tagValue\"\r\n  },\r\n  \"sku\": {\r\n    \"name\": \"UltraSSD_LRS\",\r\n    \"tier\": \"Ultra\"\r\n  },\r\n  \"properties\": {\r\n    \"osType\": \"Linux\",\r\n    \"creationData\": {\r\n      \"createOption\": \"Empty\",\r\n      \"logicalSectorSize\": 4096\r\n    },\r\n    \"diskSizeGB\": 32,\r\n    \"diskIOPSReadWrite\": 600,\r\n    \"diskMBpsReadWrite\": 9,\r\n    \"readOnly\": false,\r\n    \"diskIOPSReadOnly\": 600,\r\n    \"diskMBpsReadOnly\": 9,\r\n    \"encryption\": {\r\n      \"type\": \"EncryptionAtRestWithPlatformKey\"\r\n    },\r\n    \"maxShares\": 3,\r\n    \"networkAccessPolicy\": \"AllowAll\",\r\n    \"publicNetworkAccess\": \"Enabled\",\r\n    \"timeCreated\": \"2022-08-19T09:11:51.8296244-04:00\",\r\n    \"provisioningState\": \"Succeeded\",\r\n    \"diskState\": \"Unattached\",\r\n    \"diskSizeBytes\": 34359738368,\r\n    \"uniqueId\": \"479254d5-f6ac-4e41-87a4-c7948defddcc\"\r\n  }\r\n}",
      "StatusCode": 200
    },
    {
      "RequestUri": "/subscriptions/e37510d7-33b6-4676-886f-ee75bcc01871/resourceGroups/crptestar8475/providers/Microsoft.Compute/disks/diskrp4983?api-version=2022-07-02",
      "EncodedRequestUri": "L3N1YnNjcmlwdGlvbnMvZTM3NTEwZDctMzNiNi00Njc2LTg4NmYtZWU3NWJjYzAxODcxL3Jlc291cmNlR3JvdXBzL2NycHRlc3Rhcjg0NzUvcHJvdmlkZXJzL01pY3Jvc29mdC5Db21wdXRlL2Rpc2tzL2Rpc2tycDQ5ODM/YXBpLXZlcnNpb249MjAyMi0wNy0wMg==",
      "RequestMethod": "GET",
      "RequestBody": "",
      "RequestHeaders": {
        "x-ms-client-request-id": [
          "58bf9a8a-6b51-47f2-92cd-a1e14734a20a"
        ],
        "Accept-Language": [
          "en-US"
        ],
        "User-Agent": [
          "FxVersion/4.700.22.36202",
          "OSName/Windows",
          "OSVersion/Microsoft.Windows.10.0.22000",
          "Microsoft.Azure.Management.Compute.ComputeManagementClient/58.0.0"
        ]
      },
      "ResponseHeaders": {
        "Cache-Control": [
          "no-cache"
        ],
        "Pragma": [
          "no-cache"
        ],
        "x-ms-ratelimit-remaining-resource": [
          "Microsoft.Compute/LowCostGet3Min;14987,Microsoft.Compute/LowCostGet30Min;119987"
        ],
        "Strict-Transport-Security": [
          "max-age=31536000; includeSubDomains"
        ],
        "x-ms-served-by": [
          "d3255131-e7b3-4a83-8960-a836a057d1f8_133024878040482921"
        ],
        "x-ms-request-id": [
          "645d1f12-067e-4be3-b75d-5bce86cabdd3"
        ],
        "Server": [
          "Microsoft-HTTPAPI/2.0",
          "Microsoft-HTTPAPI/2.0"
        ],
        "x-ms-ratelimit-remaining-subscription-reads": [
          "11994"
        ],
        "x-ms-correlation-request-id": [
          "200d20f0-44b2-4917-a697-1c437687b992"
        ],
        "x-ms-routing-request-id": [
          "CENTRALUS:20220819T131157Z:200d20f0-44b2-4917-a697-1c437687b992"
        ],
        "X-Content-Type-Options": [
          "nosniff"
        ],
        "Date": [
          "Fri, 19 Aug 2022 13:11:56 GMT"
        ],
        "Content-Length": [
          "1049"
        ],
        "Content-Type": [
          "application/json; charset=utf-8"
        ],
        "Expires": [
          "-1"
        ]
      },
      "ResponseBody": "{\r\n  \"name\": \"diskrp4983\",\r\n  \"id\": \"/subscriptions/e37510d7-33b6-4676-886f-ee75bcc01871/resourceGroups/crptestar8475/providers/Microsoft.Compute/disks/diskrp4983\",\r\n  \"type\": \"Microsoft.Compute/disks\",\r\n  \"location\": \"eastus\",\r\n  \"tags\": {\r\n    \"tagKey\": \"tagValue\"\r\n  },\r\n  \"sku\": {\r\n    \"name\": \"UltraSSD_LRS\",\r\n    \"tier\": \"Ultra\"\r\n  },\r\n  \"properties\": {\r\n    \"osType\": \"Linux\",\r\n    \"creationData\": {\r\n      \"createOption\": \"Empty\",\r\n      \"logicalSectorSize\": 4096\r\n    },\r\n    \"diskSizeGB\": 32,\r\n    \"diskIOPSReadWrite\": 600,\r\n    \"diskMBpsReadWrite\": 9,\r\n    \"readOnly\": false,\r\n    \"diskIOPSReadOnly\": 600,\r\n    \"diskMBpsReadOnly\": 9,\r\n    \"encryption\": {\r\n      \"type\": \"EncryptionAtRestWithPlatformKey\"\r\n    },\r\n    \"maxShares\": 3,\r\n    \"networkAccessPolicy\": \"AllowAll\",\r\n    \"publicNetworkAccess\": \"Enabled\",\r\n    \"timeCreated\": \"2022-08-19T09:11:51.8296244-04:00\",\r\n    \"provisioningState\": \"Succeeded\",\r\n    \"diskState\": \"Unattached\",\r\n    \"diskSizeBytes\": 34359738368,\r\n    \"uniqueId\": \"479254d5-f6ac-4e41-87a4-c7948defddcc\"\r\n  }\r\n}",
      "StatusCode": 200
    },
    {
      "RequestUri": "/subscriptions/e37510d7-33b6-4676-886f-ee75bcc01871/resourceGroups/crptestar8475/providers/Microsoft.Compute/disks/diskrp4983?api-version=2022-07-02",
      "EncodedRequestUri": "L3N1YnNjcmlwdGlvbnMvZTM3NTEwZDctMzNiNi00Njc2LTg4NmYtZWU3NWJjYzAxODcxL3Jlc291cmNlR3JvdXBzL2NycHRlc3Rhcjg0NzUvcHJvdmlkZXJzL01pY3Jvc29mdC5Db21wdXRlL2Rpc2tzL2Rpc2tycDQ5ODM/YXBpLXZlcnNpb249MjAyMi0wNy0wMg==",
      "RequestMethod": "GET",
      "RequestBody": "",
      "RequestHeaders": {
        "x-ms-client-request-id": [
          "c588560c-2149-4e1e-84a5-5c153efbb6de"
        ],
        "Accept-Language": [
          "en-US"
        ],
        "User-Agent": [
          "FxVersion/4.700.22.36202",
          "OSName/Windows",
          "OSVersion/Microsoft.Windows.10.0.22000",
          "Microsoft.Azure.Management.Compute.ComputeManagementClient/58.0.0"
        ]
      },
      "ResponseHeaders": {
        "Cache-Control": [
          "no-cache"
        ],
        "Pragma": [
          "no-cache"
        ],
        "x-ms-failure-cause": [
          "gateway"
        ],
        "x-ms-request-id": [
          "a5b6591d-346f-46b2-b7d9-6504749ff63b"
        ],
        "x-ms-correlation-request-id": [
          "a5b6591d-346f-46b2-b7d9-6504749ff63b"
        ],
        "x-ms-routing-request-id": [
          "CENTRALUS:20220819T131227Z:a5b6591d-346f-46b2-b7d9-6504749ff63b"
        ],
        "Strict-Transport-Security": [
          "max-age=31536000; includeSubDomains"
        ],
        "X-Content-Type-Options": [
          "nosniff"
        ],
        "Date": [
          "Fri, 19 Aug 2022 13:12:27 GMT"
        ],
        "Content-Type": [
          "application/json; charset=utf-8"
        ],
        "Expires": [
          "-1"
        ],
        "Content-Length": [
          "219"
        ]
      },
      "ResponseBody": "{\r\n  \"error\": {\r\n    \"code\": \"ResourceNotFound\",\r\n    \"message\": \"The Resource 'Microsoft.Compute/disks/diskrp4983' under resource group 'crptestar8475' was not found. For more details please go to https://aka.ms/ARMResourceNotFoundFix\"\r\n  }\r\n}",
      "StatusCode": 404
    },
    {
      "RequestUri": "/subscriptions/e37510d7-33b6-4676-886f-ee75bcc01871/resourceGroups/crptestar8475/providers/Microsoft.Compute/disks/diskrp4983?api-version=2022-07-02",
      "EncodedRequestUri": "L3N1YnNjcmlwdGlvbnMvZTM3NTEwZDctMzNiNi00Njc2LTg4NmYtZWU3NWJjYzAxODcxL3Jlc291cmNlR3JvdXBzL2NycHRlc3Rhcjg0NzUvcHJvdmlkZXJzL01pY3Jvc29mdC5Db21wdXRlL2Rpc2tzL2Rpc2tycDQ5ODM/YXBpLXZlcnNpb249MjAyMi0wNy0wMg==",
      "RequestMethod": "PATCH",
      "RequestBody": "{\r\n  \"properties\": {\r\n    \"diskIOPSReadWrite\": 600,\r\n    \"diskMBpsReadWrite\": 9,\r\n    \"diskIOPSReadOnly\": 600,\r\n    \"diskMBpsReadOnly\": 9,\r\n    \"maxShares\": 3\r\n  },\r\n  \"tags\": {\r\n    \"tagKey\": \"tagValue\"\r\n  },\r\n  \"sku\": {\r\n    \"name\": \"UltraSSD_LRS\"\r\n  }\r\n}",
      "RequestHeaders": {
        "x-ms-client-request-id": [
          "da88a886-f362-467e-bbc2-48ac221dc98f"
        ],
        "Accept-Language": [
          "en-US"
        ],
        "User-Agent": [
          "FxVersion/4.700.22.36202",
          "OSName/Windows",
          "OSVersion/Microsoft.Windows.10.0.22000",
          "Microsoft.Azure.Management.Compute.ComputeManagementClient/58.0.0"
        ],
        "Content-Type": [
          "application/json; charset=utf-8"
        ],
        "Content-Length": [
          "257"
        ]
      },
      "ResponseHeaders": {
        "Cache-Control": [
          "no-cache"
        ],
        "Pragma": [
          "no-cache"
        ],
        "Location": [
          "https://management.azure.com/subscriptions/e37510d7-33b6-4676-886f-ee75bcc01871/providers/Microsoft.Compute/locations/eastus/DiskOperations/eeaddc31-da75-40ac-8961-eb629be60e54?p=d3255131-e7b3-4a83-8960-a836a057d1f8&monitor=true&api-version=2022-07-02"
        ],
        "Retry-After": [
          "2"
        ],
        "Azure-AsyncOperation": [
          "https://management.azure.com/subscriptions/e37510d7-33b6-4676-886f-ee75bcc01871/providers/Microsoft.Compute/locations/eastus/DiskOperations/eeaddc31-da75-40ac-8961-eb629be60e54?p=d3255131-e7b3-4a83-8960-a836a057d1f8&api-version=2022-07-02"
        ],
        "x-ms-ratelimit-remaining-resource": [
          "Microsoft.Compute/CreateUpdateDisks3Min;996,Microsoft.Compute/CreateUpdateDisks30Min;7996"
        ],
        "Strict-Transport-Security": [
          "max-age=31536000; includeSubDomains"
        ],
        "x-ms-served-by": [
          "d3255131-e7b3-4a83-8960-a836a057d1f8_133024878040482921"
        ],
        "x-ms-request-id": [
          "eeaddc31-da75-40ac-8961-eb629be60e54"
        ],
        "Server": [
          "Microsoft-HTTPAPI/2.0",
          "Microsoft-HTTPAPI/2.0"
        ],
        "x-ms-ratelimit-remaining-subscription-writes": [
          "1198"
        ],
        "x-ms-correlation-request-id": [
          "11a87978-b7f1-4e6d-a9dc-216cdaaef566"
        ],
        "x-ms-routing-request-id": [
          "CENTRALUS:20220819T131154Z:11a87978-b7f1-4e6d-a9dc-216cdaaef566"
        ],
        "X-Content-Type-Options": [
          "nosniff"
        ],
        "Date": [
          "Fri, 19 Aug 2022 13:11:54 GMT"
        ],
        "Content-Length": [
          "735"
        ],
        "Content-Type": [
          "application/json; charset=utf-8"
        ],
        "Expires": [
          "-1"
        ]
      },
      "ResponseBody": "{\r\n  \"name\": \"diskrp4983\",\r\n  \"id\": \"/subscriptions/e37510d7-33b6-4676-886f-ee75bcc01871/resourceGroups/crptestar8475/providers/Microsoft.Compute/disks/diskrp4983\",\r\n  \"location\": \"eastus\",\r\n  \"tags\": {\r\n    \"tagKey\": \"tagValue\"\r\n  },\r\n  \"sku\": {\r\n    \"name\": \"UltraSSD_LRS\"\r\n  },\r\n  \"properties\": {\r\n    \"osType\": \"Linux\",\r\n    \"creationData\": {\r\n      \"createOption\": \"Empty\",\r\n      \"logicalSectorSize\": 4096\r\n    },\r\n    \"diskSizeGB\": 32,\r\n    \"diskIOPSReadWrite\": 600,\r\n    \"diskMBpsReadWrite\": 9,\r\n    \"readOnly\": false,\r\n    \"diskIOPSReadOnly\": 600,\r\n    \"diskMBpsReadOnly\": 9,\r\n    \"maxShares\": 3,\r\n    \"provisioningState\": \"Updating\",\r\n    \"isArmResource\": true,\r\n    \"colocationConstraints\": {},\r\n    \"faultDomain\": 0\r\n  }\r\n}",
      "StatusCode": 202
    },
    {
      "RequestUri": "/subscriptions/e37510d7-33b6-4676-886f-ee75bcc01871/providers/Microsoft.Compute/locations/eastus/DiskOperations/eeaddc31-da75-40ac-8961-eb629be60e54?p=d3255131-e7b3-4a83-8960-a836a057d1f8&api-version=2022-07-02",
      "EncodedRequestUri": "L3N1YnNjcmlwdGlvbnMvZTM3NTEwZDctMzNiNi00Njc2LTg4NmYtZWU3NWJjYzAxODcxL3Byb3ZpZGVycy9NaWNyb3NvZnQuQ29tcHV0ZS9sb2NhdGlvbnMvZWFzdHVzL0Rpc2tPcGVyYXRpb25zL2VlYWRkYzMxLWRhNzUtNDBhYy04OTYxLWViNjI5YmU2MGU1ND9wPWQzMjU1MTMxLWU3YjMtNGE4My04OTYwLWE4MzZhMDU3ZDFmOCZhcGktdmVyc2lvbj0yMDIyLTA3LTAy",
      "RequestMethod": "GET",
      "RequestBody": "",
      "RequestHeaders": {
        "User-Agent": [
          "FxVersion/4.700.22.36202",
          "OSName/Windows",
          "OSVersion/Microsoft.Windows.10.0.22000",
          "Microsoft.Azure.Management.Compute.ComputeManagementClient/58.0.0"
        ]
      },
      "ResponseHeaders": {
        "Cache-Control": [
          "no-cache"
        ],
        "Pragma": [
          "no-cache"
        ],
        "x-ms-ratelimit-remaining-resource": [
          "Microsoft.Compute/GetOperation3Min;49991,Microsoft.Compute/GetOperation30Min;399991"
        ],
        "Strict-Transport-Security": [
          "max-age=31536000; includeSubDomains"
        ],
        "x-ms-served-by": [
          "d3255131-e7b3-4a83-8960-a836a057d1f8_133024878040482921"
        ],
        "x-ms-request-id": [
          "d60e1e4f-03c0-4fff-b212-a7a06db150c4"
        ],
        "Server": [
          "Microsoft-HTTPAPI/2.0",
          "Microsoft-HTTPAPI/2.0"
        ],
        "x-ms-ratelimit-remaining-subscription-reads": [
          "11996"
        ],
        "x-ms-correlation-request-id": [
          "ac01607b-4980-4c30-97fa-9c75aaf47e3f"
        ],
        "x-ms-routing-request-id": [
          "CENTRALUS:20220819T131157Z:ac01607b-4980-4c30-97fa-9c75aaf47e3f"
        ],
        "X-Content-Type-Options": [
          "nosniff"
        ],
        "Date": [
          "Fri, 19 Aug 2022 13:11:56 GMT"
        ],
        "Content-Length": [
          "1274"
        ],
        "Content-Type": [
          "application/json; charset=utf-8"
        ],
        "Expires": [
          "-1"
        ]
      },
      "ResponseBody": "{\r\n  \"startTime\": \"2022-08-19T09:11:54.8140514-04:00\",\r\n  \"endTime\": \"2022-08-19T09:11:54.9703054-04:00\",\r\n  \"status\": \"Succeeded\",\r\n  \"properties\": {\r\n    \"output\": {\r\n      \"name\": \"diskrp4983\",\r\n      \"id\": \"/subscriptions/e37510d7-33b6-4676-886f-ee75bcc01871/resourceGroups/crptestar8475/providers/Microsoft.Compute/disks/diskrp4983\",\r\n      \"type\": \"Microsoft.Compute/disks\",\r\n      \"location\": \"eastus\",\r\n      \"tags\": {\r\n        \"tagKey\": \"tagValue\"\r\n      },\r\n      \"sku\": {\r\n        \"name\": \"UltraSSD_LRS\",\r\n        \"tier\": \"Ultra\"\r\n      },\r\n      \"properties\": {\r\n        \"osType\": \"Linux\",\r\n        \"creationData\": {\r\n          \"createOption\": \"Empty\",\r\n          \"logicalSectorSize\": 4096\r\n        },\r\n        \"diskSizeGB\": 32,\r\n        \"diskIOPSReadWrite\": 600,\r\n        \"diskMBpsReadWrite\": 9,\r\n        \"readOnly\": false,\r\n        \"diskIOPSReadOnly\": 600,\r\n        \"diskMBpsReadOnly\": 9,\r\n        \"encryption\": {\r\n          \"type\": \"EncryptionAtRestWithPlatformKey\"\r\n        },\r\n        \"maxShares\": 3,\r\n        \"networkAccessPolicy\": \"AllowAll\",\r\n        \"publicNetworkAccess\": \"Enabled\",\r\n        \"timeCreated\": \"2022-08-19T09:11:51.8296244-04:00\",\r\n        \"provisioningState\": \"Succeeded\",\r\n        \"diskState\": \"Unattached\",\r\n        \"diskSizeBytes\": 34359738368,\r\n        \"uniqueId\": \"479254d5-f6ac-4e41-87a4-c7948defddcc\"\r\n      }\r\n    }\r\n  },\r\n  \"name\": \"eeaddc31-da75-40ac-8961-eb629be60e54\"\r\n}",
      "StatusCode": 200
    },
    {
      "RequestUri": "/subscriptions/e37510d7-33b6-4676-886f-ee75bcc01871/resourceGroups/crptestar8475/providers/Microsoft.Compute/disks/diskrp4983?api-version=2022-07-02",
      "EncodedRequestUri": "L3N1YnNjcmlwdGlvbnMvZTM3NTEwZDctMzNiNi00Njc2LTg4NmYtZWU3NWJjYzAxODcxL3Jlc291cmNlR3JvdXBzL2NycHRlc3Rhcjg0NzUvcHJvdmlkZXJzL01pY3Jvc29mdC5Db21wdXRlL2Rpc2tzL2Rpc2tycDQ5ODM/YXBpLXZlcnNpb249MjAyMi0wNy0wMg==",
      "RequestMethod": "DELETE",
      "RequestBody": "",
      "RequestHeaders": {
        "x-ms-client-request-id": [
          "e016749a-23ae-479a-9370-74ec15f42d08"
        ],
        "Accept-Language": [
          "en-US"
        ],
        "User-Agent": [
          "FxVersion/4.700.22.36202",
          "OSName/Windows",
          "OSVersion/Microsoft.Windows.10.0.22000",
          "Microsoft.Azure.Management.Compute.ComputeManagementClient/58.0.0"
        ]
      },
      "ResponseHeaders": {
        "Cache-Control": [
          "no-cache"
        ],
        "Pragma": [
          "no-cache"
        ],
        "Location": [
          "https://management.azure.com/subscriptions/e37510d7-33b6-4676-886f-ee75bcc01871/providers/Microsoft.Compute/locations/eastus/DiskOperations/286b97da-93ad-4614-8a60-7cb7911942a4?p=d3255131-e7b3-4a83-8960-a836a057d1f8&monitor=true&api-version=2022-07-02"
        ],
        "Azure-AsyncOperation": [
          "https://management.azure.com/subscriptions/e37510d7-33b6-4676-886f-ee75bcc01871/providers/Microsoft.Compute/locations/eastus/DiskOperations/286b97da-93ad-4614-8a60-7cb7911942a4?p=d3255131-e7b3-4a83-8960-a836a057d1f8&api-version=2022-07-02"
        ],
        "x-ms-ratelimit-remaining-resource": [
          "Microsoft.Compute/DeleteDisks3Min;2998,Microsoft.Compute/DeleteDisks30Min;23998"
        ],
        "Strict-Transport-Security": [
          "max-age=31536000; includeSubDomains"
        ],
        "x-ms-served-by": [
          "d3255131-e7b3-4a83-8960-a836a057d1f8_133024878040482921"
        ],
        "x-ms-request-id": [
          "286b97da-93ad-4614-8a60-7cb7911942a4"
        ],
        "Server": [
          "Microsoft-HTTPAPI/2.0",
          "Microsoft-HTTPAPI/2.0"
        ],
        "x-ms-ratelimit-remaining-subscription-deletes": [
          "14999"
        ],
        "x-ms-correlation-request-id": [
          "e3bdc46d-6107-430d-9eec-def8492afd95"
        ],
        "x-ms-routing-request-id": [
          "CENTRALUS:20220819T131157Z:e3bdc46d-6107-430d-9eec-def8492afd95"
        ],
        "X-Content-Type-Options": [
          "nosniff"
        ],
        "Date": [
          "Fri, 19 Aug 2022 13:11:56 GMT"
        ],
        "Expires": [
          "-1"
        ],
        "Content-Length": [
          "0"
        ]
      },
      "ResponseBody": "",
      "StatusCode": 202
    },
    {
      "RequestUri": "/subscriptions/e37510d7-33b6-4676-886f-ee75bcc01871/providers/Microsoft.Compute/locations/eastus/DiskOperations/286b97da-93ad-4614-8a60-7cb7911942a4?p=d3255131-e7b3-4a83-8960-a836a057d1f8&api-version=2022-07-02",
      "EncodedRequestUri": "L3N1YnNjcmlwdGlvbnMvZTM3NTEwZDctMzNiNi00Njc2LTg4NmYtZWU3NWJjYzAxODcxL3Byb3ZpZGVycy9NaWNyb3NvZnQuQ29tcHV0ZS9sb2NhdGlvbnMvZWFzdHVzL0Rpc2tPcGVyYXRpb25zLzI4NmI5N2RhLTkzYWQtNDYxNC04YTYwLTdjYjc5MTE5NDJhND9wPWQzMjU1MTMxLWU3YjMtNGE4My04OTYwLWE4MzZhMDU3ZDFmOCZhcGktdmVyc2lvbj0yMDIyLTA3LTAy",
      "RequestMethod": "GET",
      "RequestBody": "",
      "RequestHeaders": {
        "User-Agent": [
          "FxVersion/4.700.22.36202",
          "OSName/Windows",
          "OSVersion/Microsoft.Windows.10.0.22000",
          "Microsoft.Azure.Management.Compute.ComputeManagementClient/58.0.0"
        ]
      },
      "ResponseHeaders": {
        "Cache-Control": [
          "no-cache"
        ],
        "Pragma": [
          "no-cache"
        ],
        "x-ms-ratelimit-remaining-resource": [
          "Microsoft.Compute/GetOperation3Min;49987,Microsoft.Compute/GetOperation30Min;399987"
        ],
        "Strict-Transport-Security": [
          "max-age=31536000; includeSubDomains"
        ],
        "x-ms-served-by": [
          "d3255131-e7b3-4a83-8960-a836a057d1f8_133024878040482921"
        ],
        "x-ms-request-id": [
          "430d395f-36ee-4c52-963a-2e2ef81fcf13"
        ],
        "Server": [
          "Microsoft-HTTPAPI/2.0",
          "Microsoft-HTTPAPI/2.0"
        ],
        "x-ms-ratelimit-remaining-subscription-reads": [
          "11993"
        ],
        "x-ms-correlation-request-id": [
          "90be23e5-038f-4255-833d-96cf36eeb8a1"
        ],
        "x-ms-routing-request-id": [
          "CENTRALUS:20220819T131227Z:90be23e5-038f-4255-833d-96cf36eeb8a1"
        ],
        "X-Content-Type-Options": [
          "nosniff"
        ],
        "Date": [
          "Fri, 19 Aug 2022 13:12:27 GMT"
        ],
        "Content-Length": [
          "184"
        ],
        "Content-Type": [
          "application/json; charset=utf-8"
        ],
        "Expires": [
          "-1"
        ]
      },
      "ResponseBody": "{\r\n  \"startTime\": \"2022-08-19T09:11:57.5327559-04:00\",\r\n  \"endTime\": \"2022-08-19T09:11:57.7515451-04:00\",\r\n  \"status\": \"Succeeded\",\r\n  \"name\": \"286b97da-93ad-4614-8a60-7cb7911942a4\"\r\n}",
      "StatusCode": 200
    },
    {
      "RequestUri": "/subscriptions/e37510d7-33b6-4676-886f-ee75bcc01871/providers/Microsoft.Compute/locations/eastus/DiskOperations/286b97da-93ad-4614-8a60-7cb7911942a4?p=d3255131-e7b3-4a83-8960-a836a057d1f8&monitor=true&api-version=2022-07-02",
      "EncodedRequestUri": "L3N1YnNjcmlwdGlvbnMvZTM3NTEwZDctMzNiNi00Njc2LTg4NmYtZWU3NWJjYzAxODcxL3Byb3ZpZGVycy9NaWNyb3NvZnQuQ29tcHV0ZS9sb2NhdGlvbnMvZWFzdHVzL0Rpc2tPcGVyYXRpb25zLzI4NmI5N2RhLTkzYWQtNDYxNC04YTYwLTdjYjc5MTE5NDJhND9wPWQzMjU1MTMxLWU3YjMtNGE4My04OTYwLWE4MzZhMDU3ZDFmOCZtb25pdG9yPXRydWUmYXBpLXZlcnNpb249MjAyMi0wNy0wMg==",
      "RequestMethod": "GET",
      "RequestBody": "",
      "RequestHeaders": {
        "User-Agent": [
          "FxVersion/4.700.22.36202",
          "OSName/Windows",
          "OSVersion/Microsoft.Windows.10.0.22000",
          "Microsoft.Azure.Management.Compute.ComputeManagementClient/58.0.0"
        ]
      },
      "ResponseHeaders": {
        "Cache-Control": [
          "no-cache"
        ],
        "Pragma": [
          "no-cache"
        ],
        "x-ms-ratelimit-remaining-resource": [
          "Microsoft.Compute/GetOperation3Min;49986,Microsoft.Compute/GetOperation30Min;399986"
        ],
        "Strict-Transport-Security": [
          "max-age=31536000; includeSubDomains"
        ],
        "x-ms-served-by": [
          "d3255131-e7b3-4a83-8960-a836a057d1f8_133024878040482921"
        ],
        "x-ms-request-id": [
          "9bb3bfe7-916c-4fa5-911c-b6a4618c5aee"
        ],
        "Server": [
          "Microsoft-HTTPAPI/2.0",
          "Microsoft-HTTPAPI/2.0"
        ],
        "x-ms-ratelimit-remaining-subscription-reads": [
          "11992"
        ],
        "x-ms-correlation-request-id": [
          "8f90bd83-36cb-4a86-950a-72e1c423de24"
        ],
        "x-ms-routing-request-id": [
          "CENTRALUS:20220819T131227Z:8f90bd83-36cb-4a86-950a-72e1c423de24"
        ],
        "X-Content-Type-Options": [
          "nosniff"
        ],
        "Date": [
          "Fri, 19 Aug 2022 13:12:27 GMT"
        ],
        "Expires": [
          "-1"
        ],
        "Content-Length": [
          "0"
        ]
      },
      "ResponseBody": "",
      "StatusCode": 200
    },
    {
      "RequestUri": "/subscriptions/e37510d7-33b6-4676-886f-ee75bcc01871/resourcegroups/crptestar8475?api-version=2017-05-10",
      "EncodedRequestUri": "L3N1YnNjcmlwdGlvbnMvZTM3NTEwZDctMzNiNi00Njc2LTg4NmYtZWU3NWJjYzAxODcxL3Jlc291cmNlZ3JvdXBzL2NycHRlc3Rhcjg0NzU/YXBpLXZlcnNpb249MjAxNy0wNS0xMA==",
      "RequestMethod": "DELETE",
      "RequestBody": "",
      "RequestHeaders": {
        "x-ms-client-request-id": [
          "b700befb-4044-472a-8923-737ee4d16950"
        ],
        "Accept-Language": [
          "en-US"
        ],
        "User-Agent": [
          "FxVersion/4.700.22.36202",
          "OSName/Windows",
          "OSVersion/Microsoft.Windows.10.0.22000",
          "Microsoft.Azure.Management.ResourceManager.ResourceManagementClient/1.6.0.0"
        ]
      },
      "ResponseHeaders": {
        "Cache-Control": [
          "no-cache"
        ],
        "Pragma": [
          "no-cache"
        ],
        "Location": [
          "https://management.azure.com/subscriptions/e37510d7-33b6-4676-886f-ee75bcc01871/operationresults/eyJqb2JJZCI6IlJFU09VUkNFR1JPVVBERUxFVElPTkpPQi1DUlBURVNUQVI4NDc1LUVBU1RVUyIsImpvYkxvY2F0aW9uIjoiZWFzdHVzIn0?api-version=2017-05-10"
        ],
        "Retry-After": [
          "15"
        ],
        "x-ms-ratelimit-remaining-subscription-deletes": [
          "14999"
        ],
        "x-ms-request-id": [
          "9777caed-288a-4502-8517-458aa7d1d566"
        ],
        "x-ms-correlation-request-id": [
          "9777caed-288a-4502-8517-458aa7d1d566"
        ],
        "x-ms-routing-request-id": [
          "CENTRALUS:20220819T131228Z:9777caed-288a-4502-8517-458aa7d1d566"
        ],
        "Strict-Transport-Security": [
          "max-age=31536000; includeSubDomains"
        ],
        "X-Content-Type-Options": [
          "nosniff"
        ],
        "Date": [
          "Fri, 19 Aug 2022 13:12:28 GMT"
        ],
        "Expires": [
          "-1"
        ],
        "Content-Length": [
          "0"
        ]
      },
      "ResponseBody": "",
      "StatusCode": 202
    },
    {
      "RequestUri": "/subscriptions/e37510d7-33b6-4676-886f-ee75bcc01871/operationresults/eyJqb2JJZCI6IlJFU09VUkNFR1JPVVBERUxFVElPTkpPQi1DUlBURVNUQVI4NDc1LUVBU1RVUyIsImpvYkxvY2F0aW9uIjoiZWFzdHVzIn0?api-version=2017-05-10",
      "EncodedRequestUri": "L3N1YnNjcmlwdGlvbnMvZTM3NTEwZDctMzNiNi00Njc2LTg4NmYtZWU3NWJjYzAxODcxL29wZXJhdGlvbnJlc3VsdHMvZXlKcWIySkpaQ0k2SWxKRlUwOVZVa05GUjFKUFZWQkVSVXhGVkVsUFRrcFBRaTFEVWxCVVJWTlVRVkk0TkRjMUxVVkJVMVJWVXlJc0ltcHZZa3h2WTJGMGFXOXVJam9pWldGemRIVnpJbjA/YXBpLXZlcnNpb249MjAxNy0wNS0xMA==",
      "RequestMethod": "GET",
      "RequestBody": "",
      "RequestHeaders": {
        "User-Agent": [
          "FxVersion/4.700.22.36202",
          "OSName/Windows",
          "OSVersion/Microsoft.Windows.10.0.22000",
          "Microsoft.Azure.Management.ResourceManager.ResourceManagementClient/1.6.0.0"
        ]
      },
      "ResponseHeaders": {
        "Cache-Control": [
          "no-cache"
        ],
        "Pragma": [
          "no-cache"
        ],
        "Location": [
          "https://management.azure.com/subscriptions/e37510d7-33b6-4676-886f-ee75bcc01871/operationresults/eyJqb2JJZCI6IlJFU09VUkNFR1JPVVBERUxFVElPTkpPQi1DUlBURVNUQVI4NDc1LUVBU1RVUyIsImpvYkxvY2F0aW9uIjoiZWFzdHVzIn0?api-version=2017-05-10"
        ],
        "Retry-After": [
          "15"
        ],
        "x-ms-ratelimit-remaining-subscription-reads": [
          "11999"
        ],
        "x-ms-request-id": [
          "37cc4974-4ba7-447a-bc72-5554ac436110"
        ],
        "x-ms-correlation-request-id": [
          "37cc4974-4ba7-447a-bc72-5554ac436110"
        ],
        "x-ms-routing-request-id": [
          "CENTRALUS:20220819T131243Z:37cc4974-4ba7-447a-bc72-5554ac436110"
        ],
        "Strict-Transport-Security": [
          "max-age=31536000; includeSubDomains"
        ],
        "X-Content-Type-Options": [
          "nosniff"
        ],
        "Date": [
          "Fri, 19 Aug 2022 13:12:43 GMT"
        ],
        "Expires": [
          "-1"
        ],
        "Content-Length": [
          "0"
        ]
      },
      "ResponseBody": "",
      "StatusCode": 202
    },
    {
      "RequestUri": "/subscriptions/e37510d7-33b6-4676-886f-ee75bcc01871/operationresults/eyJqb2JJZCI6IlJFU09VUkNFR1JPVVBERUxFVElPTkpPQi1DUlBURVNUQVI4NDc1LUVBU1RVUyIsImpvYkxvY2F0aW9uIjoiZWFzdHVzIn0?api-version=2017-05-10",
      "EncodedRequestUri": "L3N1YnNjcmlwdGlvbnMvZTM3NTEwZDctMzNiNi00Njc2LTg4NmYtZWU3NWJjYzAxODcxL29wZXJhdGlvbnJlc3VsdHMvZXlKcWIySkpaQ0k2SWxKRlUwOVZVa05GUjFKUFZWQkVSVXhGVkVsUFRrcFBRaTFEVWxCVVJWTlVRVkk0TkRjMUxVVkJVMVJWVXlJc0ltcHZZa3h2WTJGMGFXOXVJam9pWldGemRIVnpJbjA/YXBpLXZlcnNpb249MjAxNy0wNS0xMA==",
      "RequestMethod": "GET",
      "RequestBody": "",
      "RequestHeaders": {
        "User-Agent": [
          "FxVersion/4.700.22.36202",
          "OSName/Windows",
          "OSVersion/Microsoft.Windows.10.0.22000",
          "Microsoft.Azure.Management.ResourceManager.ResourceManagementClient/1.6.0.0"
        ]
      },
      "ResponseHeaders": {
        "Cache-Control": [
          "no-cache"
        ],
        "Pragma": [
          "no-cache"
        ],
        "Location": [
          "https://management.azure.com/subscriptions/e37510d7-33b6-4676-886f-ee75bcc01871/operationresults/eyJqb2JJZCI6IlJFU09VUkNFR1JPVVBERUxFVElPTkpPQi1DUlBURVNUQVI4NDc1LUVBU1RVUyIsImpvYkxvY2F0aW9uIjoiZWFzdHVzIn0?api-version=2017-05-10"
        ],
        "Retry-After": [
          "15"
        ],
        "x-ms-ratelimit-remaining-subscription-reads": [
          "11998"
        ],
        "x-ms-request-id": [
          "0fd02916-9c33-415d-912b-34acc55d2e6b"
        ],
        "x-ms-correlation-request-id": [
          "0fd02916-9c33-415d-912b-34acc55d2e6b"
        ],
        "x-ms-routing-request-id": [
          "CENTRALUS:20220819T131259Z:0fd02916-9c33-415d-912b-34acc55d2e6b"
        ],
        "Strict-Transport-Security": [
          "max-age=31536000; includeSubDomains"
        ],
        "X-Content-Type-Options": [
          "nosniff"
        ],
        "Date": [
          "Fri, 19 Aug 2022 13:12:58 GMT"
        ],
        "Expires": [
          "-1"
        ],
        "Content-Length": [
          "0"
        ]
      },
      "ResponseBody": "",
      "StatusCode": 202
    },
    {
      "RequestUri": "/subscriptions/e37510d7-33b6-4676-886f-ee75bcc01871/operationresults/eyJqb2JJZCI6IlJFU09VUkNFR1JPVVBERUxFVElPTkpPQi1DUlBURVNUQVI4NDc1LUVBU1RVUyIsImpvYkxvY2F0aW9uIjoiZWFzdHVzIn0?api-version=2017-05-10",
      "EncodedRequestUri": "L3N1YnNjcmlwdGlvbnMvZTM3NTEwZDctMzNiNi00Njc2LTg4NmYtZWU3NWJjYzAxODcxL29wZXJhdGlvbnJlc3VsdHMvZXlKcWIySkpaQ0k2SWxKRlUwOVZVa05GUjFKUFZWQkVSVXhGVkVsUFRrcFBRaTFEVWxCVVJWTlVRVkk0TkRjMUxVVkJVMVJWVXlJc0ltcHZZa3h2WTJGMGFXOXVJam9pWldGemRIVnpJbjA/YXBpLXZlcnNpb249MjAxNy0wNS0xMA==",
      "RequestMethod": "GET",
      "RequestBody": "",
      "RequestHeaders": {
        "User-Agent": [
          "FxVersion/4.700.22.36202",
          "OSName/Windows",
          "OSVersion/Microsoft.Windows.10.0.22000",
          "Microsoft.Azure.Management.ResourceManager.ResourceManagementClient/1.6.0.0"
        ]
      },
      "ResponseHeaders": {
        "Cache-Control": [
          "no-cache"
        ],
        "Pragma": [
          "no-cache"
        ],
        "Location": [
          "https://management.azure.com/subscriptions/e37510d7-33b6-4676-886f-ee75bcc01871/operationresults/eyJqb2JJZCI6IlJFU09VUkNFR1JPVVBERUxFVElPTkpPQi1DUlBURVNUQVI4NDc1LUVBU1RVUyIsImpvYkxvY2F0aW9uIjoiZWFzdHVzIn0?api-version=2017-05-10"
        ],
        "Retry-After": [
          "15"
        ],
        "x-ms-ratelimit-remaining-subscription-reads": [
          "11997"
        ],
        "x-ms-request-id": [
          "140f5ac8-04ba-4c60-a297-4f7cf573d1c4"
        ],
        "x-ms-correlation-request-id": [
          "140f5ac8-04ba-4c60-a297-4f7cf573d1c4"
        ],
        "x-ms-routing-request-id": [
          "CENTRALUS:20220819T131314Z:140f5ac8-04ba-4c60-a297-4f7cf573d1c4"
        ],
        "Strict-Transport-Security": [
          "max-age=31536000; includeSubDomains"
        ],
        "X-Content-Type-Options": [
          "nosniff"
        ],
        "Date": [
          "Fri, 19 Aug 2022 13:13:13 GMT"
        ],
        "Expires": [
          "-1"
        ],
        "Content-Length": [
          "0"
        ]
      },
      "ResponseBody": "",
      "StatusCode": 202
    },
    {
      "RequestUri": "/subscriptions/e37510d7-33b6-4676-886f-ee75bcc01871/operationresults/eyJqb2JJZCI6IlJFU09VUkNFR1JPVVBERUxFVElPTkpPQi1DUlBURVNUQVI4NDc1LUVBU1RVUyIsImpvYkxvY2F0aW9uIjoiZWFzdHVzIn0?api-version=2017-05-10",
      "EncodedRequestUri": "L3N1YnNjcmlwdGlvbnMvZTM3NTEwZDctMzNiNi00Njc2LTg4NmYtZWU3NWJjYzAxODcxL29wZXJhdGlvbnJlc3VsdHMvZXlKcWIySkpaQ0k2SWxKRlUwOVZVa05GUjFKUFZWQkVSVXhGVkVsUFRrcFBRaTFEVWxCVVJWTlVRVkk0TkRjMUxVVkJVMVJWVXlJc0ltcHZZa3h2WTJGMGFXOXVJam9pWldGemRIVnpJbjA/YXBpLXZlcnNpb249MjAxNy0wNS0xMA==",
      "RequestMethod": "GET",
      "RequestBody": "",
      "RequestHeaders": {
        "User-Agent": [
          "FxVersion/4.700.22.36202",
          "OSName/Windows",
          "OSVersion/Microsoft.Windows.10.0.22000",
          "Microsoft.Azure.Management.ResourceManager.ResourceManagementClient/1.6.0.0"
        ]
      },
      "ResponseHeaders": {
        "Cache-Control": [
          "no-cache"
        ],
        "Pragma": [
          "no-cache"
        ],
        "Location": [
          "https://management.azure.com/subscriptions/e37510d7-33b6-4676-886f-ee75bcc01871/operationresults/eyJqb2JJZCI6IlJFU09VUkNFR1JPVVBERUxFVElPTkpPQi1DUlBURVNUQVI4NDc1LUVBU1RVUyIsImpvYkxvY2F0aW9uIjoiZWFzdHVzIn0?api-version=2017-05-10"
        ],
        "Retry-After": [
          "15"
        ],
        "x-ms-ratelimit-remaining-subscription-reads": [
          "11996"
        ],
        "x-ms-request-id": [
          "b96c9cee-bcc5-4fd6-a185-a5bc2b14d4d9"
        ],
        "x-ms-correlation-request-id": [
          "b96c9cee-bcc5-4fd6-a185-a5bc2b14d4d9"
        ],
        "x-ms-routing-request-id": [
          "CENTRALUS:20220819T131329Z:b96c9cee-bcc5-4fd6-a185-a5bc2b14d4d9"
        ],
        "Strict-Transport-Security": [
          "max-age=31536000; includeSubDomains"
        ],
        "X-Content-Type-Options": [
          "nosniff"
        ],
        "Date": [
          "Fri, 19 Aug 2022 13:13:28 GMT"
        ],
        "Expires": [
          "-1"
        ],
        "Content-Length": [
          "0"
        ]
      },
      "ResponseBody": "",
      "StatusCode": 202
    },
    {
      "RequestUri": "/subscriptions/e37510d7-33b6-4676-886f-ee75bcc01871/operationresults/eyJqb2JJZCI6IlJFU09VUkNFR1JPVVBERUxFVElPTkpPQi1DUlBURVNUQVI4NDc1LUVBU1RVUyIsImpvYkxvY2F0aW9uIjoiZWFzdHVzIn0?api-version=2017-05-10",
      "EncodedRequestUri": "L3N1YnNjcmlwdGlvbnMvZTM3NTEwZDctMzNiNi00Njc2LTg4NmYtZWU3NWJjYzAxODcxL29wZXJhdGlvbnJlc3VsdHMvZXlKcWIySkpaQ0k2SWxKRlUwOVZVa05GUjFKUFZWQkVSVXhGVkVsUFRrcFBRaTFEVWxCVVJWTlVRVkk0TkRjMUxVVkJVMVJWVXlJc0ltcHZZa3h2WTJGMGFXOXVJam9pWldGemRIVnpJbjA/YXBpLXZlcnNpb249MjAxNy0wNS0xMA==",
      "RequestMethod": "GET",
      "RequestBody": "",
      "RequestHeaders": {
        "User-Agent": [
          "FxVersion/4.700.22.36202",
          "OSName/Windows",
          "OSVersion/Microsoft.Windows.10.0.22000",
          "Microsoft.Azure.Management.ResourceManager.ResourceManagementClient/1.6.0.0"
        ]
      },
      "ResponseHeaders": {
        "Cache-Control": [
          "no-cache"
        ],
        "Pragma": [
          "no-cache"
        ],
        "x-ms-ratelimit-remaining-subscription-reads": [
          "11995"
        ],
        "x-ms-request-id": [
          "9b91b5c5-3719-48d3-90ed-2adc286a616f"
        ],
        "x-ms-correlation-request-id": [
          "9b91b5c5-3719-48d3-90ed-2adc286a616f"
        ],
        "x-ms-routing-request-id": [
          "CENTRALUS:20220819T131344Z:9b91b5c5-3719-48d3-90ed-2adc286a616f"
        ],
        "Strict-Transport-Security": [
          "max-age=31536000; includeSubDomains"
        ],
        "X-Content-Type-Options": [
          "nosniff"
        ],
        "Date": [
          "Fri, 19 Aug 2022 13:13:44 GMT"
        ],
        "Expires": [
          "-1"
        ],
        "Content-Length": [
          "0"
        ]
      },
      "ResponseBody": "",
      "StatusCode": 200
    },
    {
      "RequestUri": "/subscriptions/e37510d7-33b6-4676-886f-ee75bcc01871/operationresults/eyJqb2JJZCI6IlJFU09VUkNFR1JPVVBERUxFVElPTkpPQi1DUlBURVNUQVI4NDc1LUVBU1RVUyIsImpvYkxvY2F0aW9uIjoiZWFzdHVzIn0?api-version=2017-05-10",
      "EncodedRequestUri": "L3N1YnNjcmlwdGlvbnMvZTM3NTEwZDctMzNiNi00Njc2LTg4NmYtZWU3NWJjYzAxODcxL29wZXJhdGlvbnJlc3VsdHMvZXlKcWIySkpaQ0k2SWxKRlUwOVZVa05GUjFKUFZWQkVSVXhGVkVsUFRrcFBRaTFEVWxCVVJWTlVRVkk0TkRjMUxVVkJVMVJWVXlJc0ltcHZZa3h2WTJGMGFXOXVJam9pWldGemRIVnpJbjA/YXBpLXZlcnNpb249MjAxNy0wNS0xMA==",
      "RequestMethod": "GET",
      "RequestBody": "",
      "RequestHeaders": {
        "User-Agent": [
          "FxVersion/4.700.22.36202",
          "OSName/Windows",
          "OSVersion/Microsoft.Windows.10.0.22000",
          "Microsoft.Azure.Management.ResourceManager.ResourceManagementClient/1.6.0.0"
        ]
      },
      "ResponseHeaders": {
        "Cache-Control": [
          "no-cache"
        ],
        "Pragma": [
          "no-cache"
        ],
        "x-ms-ratelimit-remaining-subscription-reads": [
          "11994"
        ],
        "x-ms-request-id": [
          "1d47a8a6-5254-4d89-aa62-6712c7947b42"
        ],
        "x-ms-correlation-request-id": [
          "1d47a8a6-5254-4d89-aa62-6712c7947b42"
        ],
        "x-ms-routing-request-id": [
          "CENTRALUS:20220819T131344Z:1d47a8a6-5254-4d89-aa62-6712c7947b42"
        ],
        "Strict-Transport-Security": [
          "max-age=31536000; includeSubDomains"
        ],
        "X-Content-Type-Options": [
          "nosniff"
        ],
        "Date": [
          "Fri, 19 Aug 2022 13:13:44 GMT"
        ],
        "Expires": [
          "-1"
        ],
        "Content-Length": [
          "0"
        ]
      },
      "ResponseBody": "",
      "StatusCode": 200
    }
  ],
  "Names": {
    "UltraSSD_CRUD_Helper": [
      "crptestar8475",
      "diskrp4983"
    ]
  },
  "Variables": {
    "SubscriptionId": "e37510d7-33b6-4676-886f-ee75bcc01871"
  }
}