{
  "Entries": [
    {
      "RequestUri": "/subscriptions/e37510d7-33b6-4676-886f-ee75bcc01871/resourcegroups/crptestar6077?api-version=2017-05-10",
      "EncodedRequestUri": "L3N1YnNjcmlwdGlvbnMvZTM3NTEwZDctMzNiNi00Njc2LTg4NmYtZWU3NWJjYzAxODcxL3Jlc291cmNlZ3JvdXBzL2NycHRlc3RhcjYwNzc/YXBpLXZlcnNpb249MjAxNy0wNS0xMA==",
      "RequestMethod": "PUT",
      "RequestBody": "{\r\n  \"location\": \"eastus\"\r\n}",
      "RequestHeaders": {
        "x-ms-client-request-id": [
          "5e8855d3-7241-4766-9ddc-1eda0506f6dc"
        ],
        "Accept-Language": [
          "en-US"
        ],
        "User-Agent": [
          "FxVersion/6.0.1623.17311",
          "OSName/Windows",
          "OSVersion/Microsoft.Windows.10.0.22621",
          "Microsoft.Azure.Management.ResourceManager.ResourceManagementClient/1.6.0.0"
        ],
        "Content-Type": [
          "application/json; charset=utf-8"
        ],
        "Content-Length": [
          "28"
        ]
      },
      "ResponseHeaders": {
        "Cache-Control": [
          "no-cache"
        ],
        "Pragma": [
          "no-cache"
        ],
        "x-ms-ratelimit-remaining-subscription-writes": [
          "1199"
        ],
        "x-ms-request-id": [
          "d725a35b-ab1f-4e4d-8c93-6d62566bd1f3"
        ],
        "x-ms-correlation-request-id": [
          "d725a35b-ab1f-4e4d-8c93-6d62566bd1f3"
        ],
        "x-ms-routing-request-id": [
          "CANADACENTRAL:20230609T152507Z:d725a35b-ab1f-4e4d-8c93-6d62566bd1f3"
        ],
        "Strict-Transport-Security": [
          "max-age=31536000; includeSubDomains"
        ],
        "X-Content-Type-Options": [
          "nosniff"
        ],
        "Date": [
          "Fri, 09 Jun 2023 15:25:06 GMT"
        ],
        "Content-Length": [
          "179"
        ],
        "Content-Type": [
          "application/json; charset=utf-8"
        ],
        "Expires": [
          "-1"
        ]
      },
      "ResponseBody": "{\r\n  \"id\": \"/subscriptions/e37510d7-33b6-4676-886f-ee75bcc01871/resourceGroups/crptestar6077\",\r\n  \"name\": \"crptestar6077\",\r\n  \"location\": \"eastus\",\r\n  \"properties\": {\r\n    \"provisioningState\": \"Succeeded\"\r\n  }\r\n}",
      "StatusCode": 201
    },
    {
      "RequestUri": "/subscriptions/e37510d7-33b6-4676-886f-ee75bcc01871/resourceGroups/crptestar6077/providers/Microsoft.Compute/disks/diskrp6772?api-version=2023-01-02",
      "EncodedRequestUri": "L3N1YnNjcmlwdGlvbnMvZTM3NTEwZDctMzNiNi00Njc2LTg4NmYtZWU3NWJjYzAxODcxL3Jlc291cmNlR3JvdXBzL2NycHRlc3RhcjYwNzcvcHJvdmlkZXJzL01pY3Jvc29mdC5Db21wdXRlL2Rpc2tzL2Rpc2tycDY3NzI/YXBpLXZlcnNpb249MjAyMy0wMS0wMg==",
      "RequestMethod": "PUT",
      "RequestBody": "{\r\n  \"sku\": {\r\n    \"name\": \"UltraSSD_LRS\"\r\n  },\r\n  \"zones\": [\r\n    \"1\"\r\n  ],\r\n  \"properties\": {\r\n    \"osType\": \"Linux\",\r\n    \"creationData\": {\r\n      \"createOption\": \"Empty\"\r\n    },\r\n    \"diskSizeGB\": 32,\r\n    \"diskIOPSReadWrite\": 512,\r\n    \"diskMBpsReadWrite\": 8\r\n  },\r\n  \"location\": \"eastus\"\r\n}",
      "RequestHeaders": {
        "x-ms-client-request-id": [
          "f00e086d-2c44-4d35-859e-abe72ed4917d"
        ],
        "Accept-Language": [
          "en-US"
        ],
        "User-Agent": [
          "FxVersion/6.0.1623.17311",
          "OSName/Windows",
          "OSVersion/Microsoft.Windows.10.0.22621",
          "Microsoft.Azure.Management.Compute.ComputeManagementClient/61.0.0"
        ],
        "Content-Type": [
          "application/json; charset=utf-8"
        ],
        "Content-Length": [
          "296"
        ]
      },
      "ResponseHeaders": {
        "Cache-Control": [
          "no-cache"
        ],
        "Pragma": [
          "no-cache"
        ],
        "Location": [
          "https://management.azure.com/subscriptions/e37510d7-33b6-4676-886f-ee75bcc01871/providers/Microsoft.Compute/locations/eastus/DiskOperations/e1e51b52-9986-4c20-bbe4-edc0db6e1ca9?p=d3255131-e7b3-4a83-8960-a836a057d1f8&monitor=true&api-version=2023-01-02"
        ],
        "Retry-After": [
          "2"
        ],
        "Azure-AsyncOperation": [
          "https://management.azure.com/subscriptions/e37510d7-33b6-4676-886f-ee75bcc01871/providers/Microsoft.Compute/locations/eastus/DiskOperations/e1e51b52-9986-4c20-bbe4-edc0db6e1ca9?p=d3255131-e7b3-4a83-8960-a836a057d1f8&api-version=2023-01-02"
        ],
        "x-ms-ratelimit-remaining-resource": [
          "Microsoft.Compute/CreateUpdateDisks3Min;2999,Microsoft.Compute/CreateUpdateDisks30Min;24999"
        ],
        "Strict-Transport-Security": [
          "max-age=31536000; includeSubDomains"
        ],
        "x-ms-served-by": [
          "d3255131-e7b3-4a83-8960-a836a057d1f8_133217605628169237"
        ],
        "x-ms-request-id": [
          "e1e51b52-9986-4c20-bbe4-edc0db6e1ca9"
        ],
        "Server": [
          "Microsoft-HTTPAPI/2.0",
          "Microsoft-HTTPAPI/2.0"
        ],
        "x-ms-ratelimit-remaining-subscription-writes": [
          "1199"
        ],
        "x-ms-correlation-request-id": [
          "b46bdebf-d63b-4cc9-b85f-917798f078b2"
        ],
        "x-ms-routing-request-id": [
          "CANADACENTRAL:20230609T152508Z:b46bdebf-d63b-4cc9-b85f-917798f078b2"
        ],
        "X-Content-Type-Options": [
          "nosniff"
        ],
        "Date": [
          "Fri, 09 Jun 2023 15:25:08 GMT"
        ],
        "Content-Length": [
          "506"
        ],
        "Content-Type": [
          "application/json; charset=utf-8"
        ],
        "Expires": [
          "-1"
        ]
      },
      "ResponseBody": "{\r\n  \"name\": \"diskrp6772\",\r\n  \"id\": \"/subscriptions/e37510d7-33b6-4676-886f-ee75bcc01871/resourceGroups/crptestar6077/providers/Microsoft.Compute/disks/diskrp6772\",\r\n  \"type\": \"Microsoft.Compute/disks\",\r\n  \"location\": \"eastus\",\r\n  \"sku\": {\r\n    \"name\": \"UltraSSD_LRS\"\r\n  },\r\n  \"properties\": {\r\n    \"osType\": \"Linux\",\r\n    \"creationData\": {\r\n      \"createOption\": \"Empty\"\r\n    },\r\n    \"diskSizeGB\": 32,\r\n    \"diskIOPSReadWrite\": 512,\r\n    \"diskMBpsReadWrite\": 8,\r\n    \"provisioningState\": \"Updating\"\r\n  }\r\n}",
      "StatusCode": 202
    },
    {
      "RequestUri": "/subscriptions/e37510d7-33b6-4676-886f-ee75bcc01871/providers/Microsoft.Compute/locations/eastus/DiskOperations/e1e51b52-9986-4c20-bbe4-edc0db6e1ca9?p=d3255131-e7b3-4a83-8960-a836a057d1f8&api-version=2023-01-02",
      "EncodedRequestUri": "L3N1YnNjcmlwdGlvbnMvZTM3NTEwZDctMzNiNi00Njc2LTg4NmYtZWU3NWJjYzAxODcxL3Byb3ZpZGVycy9NaWNyb3NvZnQuQ29tcHV0ZS9sb2NhdGlvbnMvZWFzdHVzL0Rpc2tPcGVyYXRpb25zL2UxZTUxYjUyLTk5ODYtNGMyMC1iYmU0LWVkYzBkYjZlMWNhOT9wPWQzMjU1MTMxLWU3YjMtNGE4My04OTYwLWE4MzZhMDU3ZDFmOCZhcGktdmVyc2lvbj0yMDIzLTAxLTAy",
      "RequestMethod": "GET",
      "RequestBody": "",
      "RequestHeaders": {
        "User-Agent": [
          "FxVersion/6.0.1623.17311",
          "OSName/Windows",
          "OSVersion/Microsoft.Windows.10.0.22621",
          "Microsoft.Azure.Management.Compute.ComputeManagementClient/61.0.0"
        ]
      },
      "ResponseHeaders": {
        "Cache-Control": [
          "no-cache"
        ],
        "Pragma": [
          "no-cache"
        ],
        "x-ms-ratelimit-remaining-resource": [
          "Microsoft.Compute/GetOperation3Min;49999,Microsoft.Compute/GetOperation30Min;399999"
        ],
        "Strict-Transport-Security": [
          "max-age=31536000; includeSubDomains"
        ],
        "x-ms-served-by": [
          "d3255131-e7b3-4a83-8960-a836a057d1f8_133217605628169237"
        ],
        "x-ms-request-id": [
          "7f67f457-6ec8-4434-b201-76dc4a2d2bf6"
        ],
        "Server": [
          "Microsoft-HTTPAPI/2.0",
          "Microsoft-HTTPAPI/2.0"
        ],
        "x-ms-ratelimit-remaining-subscription-reads": [
          "11999"
        ],
        "x-ms-correlation-request-id": [
          "c6785e60-4f3f-47f1-ad9d-cb97622549d2"
        ],
        "x-ms-routing-request-id": [
          "CANADACENTRAL:20230609T152510Z:c6785e60-4f3f-47f1-ad9d-cb97622549d2"
        ],
        "X-Content-Type-Options": [
          "nosniff"
        ],
        "Date": [
          "Fri, 09 Jun 2023 15:25:10 GMT"
        ],
        "Content-Length": [
          "1259"
        ],
        "Content-Type": [
          "application/json; charset=utf-8"
        ],
        "Expires": [
          "-1"
        ]
      },
      "ResponseBody": "{\r\n  \"startTime\": \"2023-06-09T11:25:08.0606805-04:00\",\r\n  \"endTime\": \"2023-06-09T11:25:08.8887872-04:00\",\r\n  \"status\": \"Succeeded\",\r\n  \"properties\": {\r\n    \"output\": {\r\n      \"name\": \"diskrp6772\",\r\n      \"id\": \"/subscriptions/e37510d7-33b6-4676-886f-ee75bcc01871/resourceGroups/crptestar6077/providers/Microsoft.Compute/disks/diskrp6772\",\r\n      \"type\": \"Microsoft.Compute/disks\",\r\n      \"location\": \"eastus\",\r\n      \"zones\": [\r\n        \"1\"\r\n      ],\r\n      \"sku\": {\r\n        \"name\": \"UltraSSD_LRS\",\r\n        \"tier\": \"Ultra\"\r\n      },\r\n      \"properties\": {\r\n        \"osType\": \"Linux\",\r\n        \"creationData\": {\r\n          \"createOption\": \"Empty\",\r\n          \"logicalSectorSize\": 4096\r\n        },\r\n        \"diskSizeGB\": 32,\r\n        \"diskIOPSReadWrite\": 512,\r\n        \"diskMBpsReadWrite\": 8,\r\n        \"readOnly\": false,\r\n        \"diskIOPSReadOnly\": 100,\r\n        \"diskMBpsReadOnly\": 13,\r\n        \"encryption\": {\r\n          \"type\": \"EncryptionAtRestWithPlatformKey\"\r\n        },\r\n        \"maxShares\": 1,\r\n        \"networkAccessPolicy\": \"AllowAll\",\r\n        \"publicNetworkAccess\": \"Enabled\",\r\n        \"timeCreated\": \"2023-06-09T11:25:08.0606805-04:00\",\r\n        \"provisioningState\": \"Succeeded\",\r\n        \"diskState\": \"Unattached\",\r\n        \"diskSizeBytes\": 34359738368,\r\n        \"uniqueId\": \"5c23c512-70bc-4f12-a1e6-9beb54e5b01b\"\r\n      }\r\n    }\r\n  },\r\n  \"name\": \"e1e51b52-9986-4c20-bbe4-edc0db6e1ca9\"\r\n}",
      "StatusCode": 200
    },
    {
      "RequestUri": "/subscriptions/e37510d7-33b6-4676-886f-ee75bcc01871/resourceGroups/crptestar6077/providers/Microsoft.Compute/disks/diskrp6772?api-version=2023-01-02",
      "EncodedRequestUri": "L3N1YnNjcmlwdGlvbnMvZTM3NTEwZDctMzNiNi00Njc2LTg4NmYtZWU3NWJjYzAxODcxL3Jlc291cmNlR3JvdXBzL2NycHRlc3RhcjYwNzcvcHJvdmlkZXJzL01pY3Jvc29mdC5Db21wdXRlL2Rpc2tzL2Rpc2tycDY3NzI/YXBpLXZlcnNpb249MjAyMy0wMS0wMg==",
      "RequestMethod": "GET",
      "RequestBody": "",
      "RequestHeaders": {
        "User-Agent": [
          "FxVersion/6.0.1623.17311",
          "OSName/Windows",
          "OSVersion/Microsoft.Windows.10.0.22621",
          "Microsoft.Azure.Management.Compute.ComputeManagementClient/61.0.0"
        ]
      },
      "ResponseHeaders": {
        "Cache-Control": [
          "no-cache"
        ],
        "Pragma": [
          "no-cache"
        ],
        "x-ms-ratelimit-remaining-resource": [
          "Microsoft.Compute/LowCostGet3Min;14999,Microsoft.Compute/LowCostGet30Min;119999"
        ],
        "Strict-Transport-Security": [
          "max-age=31536000; includeSubDomains"
        ],
        "x-ms-served-by": [
          "d3255131-e7b3-4a83-8960-a836a057d1f8_133217605628169237"
        ],
        "x-ms-request-id": [
          "a0193c2b-a57f-4894-a080-ece6c1eefd51"
        ],
        "Server": [
          "Microsoft-HTTPAPI/2.0",
          "Microsoft-HTTPAPI/2.0"
        ],
        "x-ms-ratelimit-remaining-subscription-reads": [
          "11998"
        ],
        "x-ms-correlation-request-id": [
          "f2da6fe9-b4b1-4bdc-a206-44b85ef08018"
        ],
        "x-ms-routing-request-id": [
          "CANADACENTRAL:20230609T152510Z:f2da6fe9-b4b1-4bdc-a206-44b85ef08018"
        ],
        "X-Content-Type-Options": [
          "nosniff"
        ],
        "Date": [
          "Fri, 09 Jun 2023 15:25:10 GMT"
        ],
        "Content-Length": [
          "1034"
        ],
        "Content-Type": [
          "application/json; charset=utf-8"
        ],
        "Expires": [
          "-1"
        ]
      },
      "ResponseBody": "{\r\n  \"name\": \"diskrp6772\",\r\n  \"id\": \"/subscriptions/e37510d7-33b6-4676-886f-ee75bcc01871/resourceGroups/crptestar6077/providers/Microsoft.Compute/disks/diskrp6772\",\r\n  \"type\": \"Microsoft.Compute/disks\",\r\n  \"location\": \"eastus\",\r\n  \"zones\": [\r\n    \"1\"\r\n  ],\r\n  \"sku\": {\r\n    \"name\": \"UltraSSD_LRS\",\r\n    \"tier\": \"Ultra\"\r\n  },\r\n  \"properties\": {\r\n    \"osType\": \"Linux\",\r\n    \"creationData\": {\r\n      \"createOption\": \"Empty\",\r\n      \"logicalSectorSize\": 4096\r\n    },\r\n    \"diskSizeGB\": 32,\r\n    \"diskIOPSReadWrite\": 512,\r\n    \"diskMBpsReadWrite\": 8,\r\n    \"readOnly\": false,\r\n    \"diskIOPSReadOnly\": 100,\r\n    \"diskMBpsReadOnly\": 13,\r\n    \"encryption\": {\r\n      \"type\": \"EncryptionAtRestWithPlatformKey\"\r\n    },\r\n    \"maxShares\": 1,\r\n    \"networkAccessPolicy\": \"AllowAll\",\r\n    \"publicNetworkAccess\": \"Enabled\",\r\n    \"timeCreated\": \"2023-06-09T11:25:08.0606805-04:00\",\r\n    \"provisioningState\": \"Succeeded\",\r\n    \"diskState\": \"Unattached\",\r\n    \"diskSizeBytes\": 34359738368,\r\n    \"uniqueId\": \"5c23c512-70bc-4f12-a1e6-9beb54e5b01b\"\r\n  }\r\n}",
      "StatusCode": 200
    },
    {
      "RequestUri": "/subscriptions/e37510d7-33b6-4676-886f-ee75bcc01871/resourceGroups/crptestar6077/providers/Microsoft.Compute/disks/diskrp6772?api-version=2023-01-02",
      "EncodedRequestUri": "L3N1YnNjcmlwdGlvbnMvZTM3NTEwZDctMzNiNi00Njc2LTg4NmYtZWU3NWJjYzAxODcxL3Jlc291cmNlR3JvdXBzL2NycHRlc3RhcjYwNzcvcHJvdmlkZXJzL01pY3Jvc29mdC5Db21wdXRlL2Rpc2tzL2Rpc2tycDY3NzI/YXBpLXZlcnNpb249MjAyMy0wMS0wMg==",
      "RequestMethod": "GET",
      "RequestBody": "",
      "RequestHeaders": {
        "x-ms-client-request-id": [
          "e08f3870-d869-4ab2-b3fd-12fb129e622e"
        ],
        "Accept-Language": [
          "en-US"
        ],
        "User-Agent": [
          "FxVersion/6.0.1623.17311",
          "OSName/Windows",
          "OSVersion/Microsoft.Windows.10.0.22621",
          "Microsoft.Azure.Management.Compute.ComputeManagementClient/61.0.0"
        ]
      },
      "ResponseHeaders": {
        "Cache-Control": [
          "no-cache"
        ],
        "Pragma": [
          "no-cache"
        ],
        "x-ms-ratelimit-remaining-resource": [
          "Microsoft.Compute/LowCostGet3Min;14998,Microsoft.Compute/LowCostGet30Min;119998"
        ],
        "Strict-Transport-Security": [
          "max-age=31536000; includeSubDomains"
        ],
        "x-ms-served-by": [
          "d3255131-e7b3-4a83-8960-a836a057d1f8_133217605628169237"
        ],
        "x-ms-request-id": [
          "bf47830e-7a7d-4e5e-a244-8354003b5da1"
        ],
        "Server": [
          "Microsoft-HTTPAPI/2.0",
          "Microsoft-HTTPAPI/2.0"
        ],
        "x-ms-ratelimit-remaining-subscription-reads": [
          "11997"
        ],
        "x-ms-correlation-request-id": [
          "620dc3d5-c191-4593-9e9d-58725ded3a89"
        ],
        "x-ms-routing-request-id": [
          "CANADACENTRAL:20230609T152510Z:620dc3d5-c191-4593-9e9d-58725ded3a89"
        ],
        "X-Content-Type-Options": [
          "nosniff"
        ],
        "Date": [
          "Fri, 09 Jun 2023 15:25:10 GMT"
        ],
        "Content-Length": [
          "1034"
        ],
        "Content-Type": [
          "application/json; charset=utf-8"
        ],
        "Expires": [
          "-1"
        ]
      },
      "ResponseBody": "{\r\n  \"name\": \"diskrp6772\",\r\n  \"id\": \"/subscriptions/e37510d7-33b6-4676-886f-ee75bcc01871/resourceGroups/crptestar6077/providers/Microsoft.Compute/disks/diskrp6772\",\r\n  \"type\": \"Microsoft.Compute/disks\",\r\n  \"location\": \"eastus\",\r\n  \"zones\": [\r\n    \"1\"\r\n  ],\r\n  \"sku\": {\r\n    \"name\": \"UltraSSD_LRS\",\r\n    \"tier\": \"Ultra\"\r\n  },\r\n  \"properties\": {\r\n    \"osType\": \"Linux\",\r\n    \"creationData\": {\r\n      \"createOption\": \"Empty\",\r\n      \"logicalSectorSize\": 4096\r\n    },\r\n    \"diskSizeGB\": 32,\r\n    \"diskIOPSReadWrite\": 512,\r\n    \"diskMBpsReadWrite\": 8,\r\n    \"readOnly\": false,\r\n    \"diskIOPSReadOnly\": 100,\r\n    \"diskMBpsReadOnly\": 13,\r\n    \"encryption\": {\r\n      \"type\": \"EncryptionAtRestWithPlatformKey\"\r\n    },\r\n    \"maxShares\": 1,\r\n    \"networkAccessPolicy\": \"AllowAll\",\r\n    \"publicNetworkAccess\": \"Enabled\",\r\n    \"timeCreated\": \"2023-06-09T11:25:08.0606805-04:00\",\r\n    \"provisioningState\": \"Succeeded\",\r\n    \"diskState\": \"Unattached\",\r\n    \"diskSizeBytes\": 34359738368,\r\n    \"uniqueId\": \"5c23c512-70bc-4f12-a1e6-9beb54e5b01b\"\r\n  }\r\n}",
      "StatusCode": 200
    },
    {
      "RequestUri": "/subscriptions/e37510d7-33b6-4676-886f-ee75bcc01871/resourceGroups/crptestar6077/providers/Microsoft.Compute/disks/diskrp6772?api-version=2023-01-02",
      "EncodedRequestUri": "L3N1YnNjcmlwdGlvbnMvZTM3NTEwZDctMzNiNi00Njc2LTg4NmYtZWU3NWJjYzAxODcxL3Jlc291cmNlR3JvdXBzL2NycHRlc3RhcjYwNzcvcHJvdmlkZXJzL01pY3Jvc29mdC5Db21wdXRlL2Rpc2tzL2Rpc2tycDY3NzI/YXBpLXZlcnNpb249MjAyMy0wMS0wMg==",
      "RequestMethod": "GET",
      "RequestBody": "",
      "RequestHeaders": {
        "User-Agent": [
          "FxVersion/6.0.1623.17311",
          "OSName/Windows",
          "OSVersion/Microsoft.Windows.10.0.22621",
          "Microsoft.Azure.Management.Compute.ComputeManagementClient/61.0.0"
        ]
      },
      "ResponseHeaders": {
        "Cache-Control": [
          "no-cache"
        ],
        "Pragma": [
          "no-cache"
        ],
        "x-ms-ratelimit-remaining-resource": [
          "Microsoft.Compute/LowCostGet3Min;14997,Microsoft.Compute/LowCostGet30Min;119997"
        ],
        "Strict-Transport-Security": [
          "max-age=31536000; includeSubDomains"
        ],
        "x-ms-served-by": [
          "d3255131-e7b3-4a83-8960-a836a057d1f8_133217605628169237"
        ],
        "x-ms-request-id": [
          "b82adbdd-098e-42d8-ad0b-3f696eb5323d"
        ],
        "Server": [
          "Microsoft-HTTPAPI/2.0",
          "Microsoft-HTTPAPI/2.0"
        ],
        "x-ms-ratelimit-remaining-subscription-reads": [
          "11995"
        ],
        "x-ms-correlation-request-id": [
          "005c8d94-6028-423f-9d51-77d08872dd97"
        ],
        "x-ms-routing-request-id": [
          "CANADACENTRAL:20230609T152513Z:005c8d94-6028-423f-9d51-77d08872dd97"
        ],
        "X-Content-Type-Options": [
          "nosniff"
        ],
        "Date": [
          "Fri, 09 Jun 2023 15:25:13 GMT"
        ],
        "Content-Length": [
          "1079"
        ],
        "Content-Type": [
          "application/json; charset=utf-8"
        ],
        "Expires": [
          "-1"
        ]
      },
      "ResponseBody": "{\r\n  \"name\": \"diskrp6772\",\r\n  \"id\": \"/subscriptions/e37510d7-33b6-4676-886f-ee75bcc01871/resourceGroups/crptestar6077/providers/Microsoft.Compute/disks/diskrp6772\",\r\n  \"type\": \"Microsoft.Compute/disks\",\r\n  \"location\": \"eastus\",\r\n  \"tags\": {\r\n    \"tagKey\": \"tagValue\"\r\n  },\r\n  \"zones\": [\r\n    \"1\"\r\n  ],\r\n  \"sku\": {\r\n    \"name\": \"UltraSSD_LRS\",\r\n    \"tier\": \"Ultra\"\r\n  },\r\n  \"properties\": {\r\n    \"osType\": \"Linux\",\r\n    \"creationData\": {\r\n      \"createOption\": \"Empty\",\r\n      \"logicalSectorSize\": 4096\r\n    },\r\n    \"diskSizeGB\": 32,\r\n    \"diskIOPSReadWrite\": 600,\r\n    \"diskMBpsReadWrite\": 9,\r\n    \"readOnly\": false,\r\n    \"diskIOPSReadOnly\": 100,\r\n    \"diskMBpsReadOnly\": 13,\r\n    \"encryption\": {\r\n      \"type\": \"EncryptionAtRestWithPlatformKey\"\r\n    },\r\n    \"maxShares\": 1,\r\n    \"networkAccessPolicy\": \"AllowAll\",\r\n    \"publicNetworkAccess\": \"Enabled\",\r\n    \"timeCreated\": \"2023-06-09T11:25:08.0606805-04:00\",\r\n    \"provisioningState\": \"Succeeded\",\r\n    \"diskState\": \"Unattached\",\r\n    \"diskSizeBytes\": 34359738368,\r\n    \"uniqueId\": \"5c23c512-70bc-4f12-a1e6-9beb54e5b01b\"\r\n  }\r\n}",
      "StatusCode": 200
    },
    {
      "RequestUri": "/subscriptions/e37510d7-33b6-4676-886f-ee75bcc01871/resourceGroups/crptestar6077/providers/Microsoft.Compute/disks/diskrp6772?api-version=2023-01-02",
      "EncodedRequestUri": "L3N1YnNjcmlwdGlvbnMvZTM3NTEwZDctMzNiNi00Njc2LTg4NmYtZWU3NWJjYzAxODcxL3Jlc291cmNlR3JvdXBzL2NycHRlc3RhcjYwNzcvcHJvdmlkZXJzL01pY3Jvc29mdC5Db21wdXRlL2Rpc2tzL2Rpc2tycDY3NzI/YXBpLXZlcnNpb249MjAyMy0wMS0wMg==",
      "RequestMethod": "GET",
      "RequestBody": "",
      "RequestHeaders": {
        "x-ms-client-request-id": [
          "604ef4e0-0a1d-489f-aae4-07a2228a7257"
        ],
        "Accept-Language": [
          "en-US"
        ],
        "User-Agent": [
          "FxVersion/6.0.1623.17311",
          "OSName/Windows",
          "OSVersion/Microsoft.Windows.10.0.22621",
          "Microsoft.Azure.Management.Compute.ComputeManagementClient/61.0.0"
        ]
      },
      "ResponseHeaders": {
        "Cache-Control": [
          "no-cache"
        ],
        "Pragma": [
          "no-cache"
        ],
        "x-ms-ratelimit-remaining-resource": [
          "Microsoft.Compute/LowCostGet3Min;14996,Microsoft.Compute/LowCostGet30Min;119996"
        ],
        "Strict-Transport-Security": [
          "max-age=31536000; includeSubDomains"
        ],
        "x-ms-served-by": [
          "d3255131-e7b3-4a83-8960-a836a057d1f8_133217605628169237"
        ],
        "x-ms-request-id": [
          "fdc9ef2d-d41c-4772-b2f6-0dbff8245164"
        ],
        "Server": [
          "Microsoft-HTTPAPI/2.0",
          "Microsoft-HTTPAPI/2.0"
        ],
        "x-ms-ratelimit-remaining-subscription-reads": [
          "11994"
        ],
        "x-ms-correlation-request-id": [
          "83f35cf0-9f59-4d97-ab7e-57ccb4de6107"
        ],
        "x-ms-routing-request-id": [
          "CANADACENTRAL:20230609T152513Z:83f35cf0-9f59-4d97-ab7e-57ccb4de6107"
        ],
        "X-Content-Type-Options": [
          "nosniff"
        ],
        "Date": [
          "Fri, 09 Jun 2023 15:25:13 GMT"
        ],
        "Content-Length": [
          "1079"
        ],
        "Content-Type": [
          "application/json; charset=utf-8"
        ],
        "Expires": [
          "-1"
        ]
      },
      "ResponseBody": "{\r\n  \"name\": \"diskrp6772\",\r\n  \"id\": \"/subscriptions/e37510d7-33b6-4676-886f-ee75bcc01871/resourceGroups/crptestar6077/providers/Microsoft.Compute/disks/diskrp6772\",\r\n  \"type\": \"Microsoft.Compute/disks\",\r\n  \"location\": \"eastus\",\r\n  \"tags\": {\r\n    \"tagKey\": \"tagValue\"\r\n  },\r\n  \"zones\": [\r\n    \"1\"\r\n  ],\r\n  \"sku\": {\r\n    \"name\": \"UltraSSD_LRS\",\r\n    \"tier\": \"Ultra\"\r\n  },\r\n  \"properties\": {\r\n    \"osType\": \"Linux\",\r\n    \"creationData\": {\r\n      \"createOption\": \"Empty\",\r\n      \"logicalSectorSize\": 4096\r\n    },\r\n    \"diskSizeGB\": 32,\r\n    \"diskIOPSReadWrite\": 600,\r\n    \"diskMBpsReadWrite\": 9,\r\n    \"readOnly\": false,\r\n    \"diskIOPSReadOnly\": 100,\r\n    \"diskMBpsReadOnly\": 13,\r\n    \"encryption\": {\r\n      \"type\": \"EncryptionAtRestWithPlatformKey\"\r\n    },\r\n    \"maxShares\": 1,\r\n    \"networkAccessPolicy\": \"AllowAll\",\r\n    \"publicNetworkAccess\": \"Enabled\",\r\n    \"timeCreated\": \"2023-06-09T11:25:08.0606805-04:00\",\r\n    \"provisioningState\": \"Succeeded\",\r\n    \"diskState\": \"Unattached\",\r\n    \"diskSizeBytes\": 34359738368,\r\n    \"uniqueId\": \"5c23c512-70bc-4f12-a1e6-9beb54e5b01b\"\r\n  }\r\n}",
      "StatusCode": 200
    },
    {
      "RequestUri": "/subscriptions/e37510d7-33b6-4676-886f-ee75bcc01871/resourceGroups/crptestar6077/providers/Microsoft.Compute/disks/diskrp6772?api-version=2023-01-02",
      "EncodedRequestUri": "L3N1YnNjcmlwdGlvbnMvZTM3NTEwZDctMzNiNi00Njc2LTg4NmYtZWU3NWJjYzAxODcxL3Jlc291cmNlR3JvdXBzL2NycHRlc3RhcjYwNzcvcHJvdmlkZXJzL01pY3Jvc29mdC5Db21wdXRlL2Rpc2tzL2Rpc2tycDY3NzI/YXBpLXZlcnNpb249MjAyMy0wMS0wMg==",
      "RequestMethod": "GET",
      "RequestBody": "",
      "RequestHeaders": {
        "x-ms-client-request-id": [
          "12ba321a-3e88-4a9c-9cab-ac25806d6c4e"
        ],
        "Accept-Language": [
          "en-US"
        ],
        "User-Agent": [
          "FxVersion/6.0.1623.17311",
          "OSName/Windows",
          "OSVersion/Microsoft.Windows.10.0.22621",
          "Microsoft.Azure.Management.Compute.ComputeManagementClient/61.0.0"
        ]
      },
      "ResponseHeaders": {
        "Cache-Control": [
          "no-cache"
        ],
        "Pragma": [
          "no-cache"
        ],
        "x-ms-failure-cause": [
          "gateway"
        ],
        "x-ms-request-id": [
          "5a7a07d1-1ffd-45bf-b877-36bd455bdf24"
        ],
        "x-ms-correlation-request-id": [
          "5a7a07d1-1ffd-45bf-b877-36bd455bdf24"
        ],
        "x-ms-routing-request-id": [
          "CANADACENTRAL:20230609T152543Z:5a7a07d1-1ffd-45bf-b877-36bd455bdf24"
        ],
        "Strict-Transport-Security": [
          "max-age=31536000; includeSubDomains"
        ],
        "X-Content-Type-Options": [
          "nosniff"
        ],
        "Date": [
          "Fri, 09 Jun 2023 15:25:43 GMT"
        ],
        "Content-Type": [
          "application/json; charset=utf-8"
        ],
        "Expires": [
          "-1"
        ],
        "Content-Length": [
          "219"
        ]
      },
      "ResponseBody": "{\r\n  \"error\": {\r\n    \"code\": \"ResourceNotFound\",\r\n    \"message\": \"The Resource 'Microsoft.Compute/disks/diskrp6772' under resource group 'crptestar6077' was not found. For more details please go to https://aka.ms/ARMResourceNotFoundFix\"\r\n  }\r\n}",
      "StatusCode": 404
    },
    {
      "RequestUri": "/subscriptions/e37510d7-33b6-4676-886f-ee75bcc01871/resourceGroups/crptestar6077/providers/Microsoft.Compute/disks/diskrp6772?api-version=2023-01-02",
      "EncodedRequestUri": "L3N1YnNjcmlwdGlvbnMvZTM3NTEwZDctMzNiNi00Njc2LTg4NmYtZWU3NWJjYzAxODcxL3Jlc291cmNlR3JvdXBzL2NycHRlc3RhcjYwNzcvcHJvdmlkZXJzL01pY3Jvc29mdC5Db21wdXRlL2Rpc2tzL2Rpc2tycDY3NzI/YXBpLXZlcnNpb249MjAyMy0wMS0wMg==",
      "RequestMethod": "PATCH",
      "RequestBody": "{\r\n  \"properties\": {\r\n    \"diskIOPSReadWrite\": 600,\r\n    \"diskMBpsReadWrite\": 9\r\n  },\r\n  \"tags\": {\r\n    \"tagKey\": \"tagValue\"\r\n  },\r\n  \"sku\": {\r\n    \"name\": \"UltraSSD_LRS\"\r\n  }\r\n}",
      "RequestHeaders": {
        "x-ms-client-request-id": [
          "b5feec37-002d-40f0-969f-9a0073103712"
        ],
        "Accept-Language": [
          "en-US"
        ],
        "User-Agent": [
          "FxVersion/6.0.1623.17311",
          "OSName/Windows",
          "OSVersion/Microsoft.Windows.10.0.22621",
          "Microsoft.Azure.Management.Compute.ComputeManagementClient/61.0.0"
        ],
        "Content-Type": [
          "application/json; charset=utf-8"
        ],
        "Content-Length": [
          "178"
        ]
      },
      "ResponseHeaders": {
        "Cache-Control": [
          "no-cache"
        ],
        "Pragma": [
          "no-cache"
        ],
        "Location": [
          "https://management.azure.com/subscriptions/e37510d7-33b6-4676-886f-ee75bcc01871/providers/Microsoft.Compute/locations/eastus/DiskOperations/c2b68a41-b5a8-4082-a156-24eafd24dbfe?p=d3255131-e7b3-4a83-8960-a836a057d1f8&monitor=true&api-version=2023-01-02"
        ],
        "Retry-After": [
          "2"
        ],
        "Azure-AsyncOperation": [
          "https://management.azure.com/subscriptions/e37510d7-33b6-4676-886f-ee75bcc01871/providers/Microsoft.Compute/locations/eastus/DiskOperations/c2b68a41-b5a8-4082-a156-24eafd24dbfe?p=d3255131-e7b3-4a83-8960-a836a057d1f8&api-version=2023-01-02"
        ],
        "x-ms-ratelimit-remaining-resource": [
          "Microsoft.Compute/CreateUpdateDisks3Min;2998,Microsoft.Compute/CreateUpdateDisks30Min;24998"
        ],
        "Strict-Transport-Security": [
          "max-age=31536000; includeSubDomains"
        ],
        "x-ms-served-by": [
          "d3255131-e7b3-4a83-8960-a836a057d1f8_133217605628169237"
        ],
        "x-ms-request-id": [
          "c2b68a41-b5a8-4082-a156-24eafd24dbfe"
        ],
        "Server": [
          "Microsoft-HTTPAPI/2.0",
          "Microsoft-HTTPAPI/2.0"
        ],
        "x-ms-ratelimit-remaining-subscription-writes": [
          "1198"
        ],
        "x-ms-correlation-request-id": [
          "82822b33-4303-47fd-a386-0564782864a2"
        ],
        "x-ms-routing-request-id": [
          "CANADACENTRAL:20230609T152510Z:82822b33-4303-47fd-a386-0564782864a2"
        ],
        "X-Content-Type-Options": [
          "nosniff"
        ],
        "Date": [
          "Fri, 09 Jun 2023 15:25:10 GMT"
        ],
        "Content-Length": [
          "668"
        ],
        "Content-Type": [
          "application/json; charset=utf-8"
        ],
        "Expires": [
          "-1"
        ]
      },
      "ResponseBody": "{\r\n  \"name\": \"diskrp6772\",\r\n  \"id\": \"/subscriptions/e37510d7-33b6-4676-886f-ee75bcc01871/resourceGroups/crptestar6077/providers/Microsoft.Compute/disks/diskrp6772\",\r\n  \"type\": \"Microsoft.Compute/disks\",\r\n  \"location\": \"eastus\",\r\n  \"tags\": {\r\n    \"tagKey\": \"tagValue\"\r\n  },\r\n  \"sku\": {\r\n    \"name\": \"UltraSSD_LRS\"\r\n  },\r\n  \"properties\": {\r\n    \"osType\": \"Linux\",\r\n    \"creationData\": {\r\n      \"createOption\": \"Empty\",\r\n      \"logicalSectorSize\": 4096\r\n    },\r\n    \"diskSizeGB\": 32,\r\n    \"diskIOPSReadWrite\": 600,\r\n    \"diskMBpsReadWrite\": 9,\r\n    \"readOnly\": false,\r\n    \"diskIOPSReadOnly\": 100,\r\n    \"diskMBpsReadOnly\": 13,\r\n    \"provisioningState\": \"Updating\"\r\n  }\r\n}",
      "StatusCode": 202
    },
    {
      "RequestUri": "/subscriptions/e37510d7-33b6-4676-886f-ee75bcc01871/providers/Microsoft.Compute/locations/eastus/DiskOperations/c2b68a41-b5a8-4082-a156-24eafd24dbfe?p=d3255131-e7b3-4a83-8960-a836a057d1f8&api-version=2023-01-02",
      "EncodedRequestUri": "L3N1YnNjcmlwdGlvbnMvZTM3NTEwZDctMzNiNi00Njc2LTg4NmYtZWU3NWJjYzAxODcxL3Byb3ZpZGVycy9NaWNyb3NvZnQuQ29tcHV0ZS9sb2NhdGlvbnMvZWFzdHVzL0Rpc2tPcGVyYXRpb25zL2MyYjY4YTQxLWI1YTgtNDA4Mi1hMTU2LTI0ZWFmZDI0ZGJmZT9wPWQzMjU1MTMxLWU3YjMtNGE4My04OTYwLWE4MzZhMDU3ZDFmOCZhcGktdmVyc2lvbj0yMDIzLTAxLTAy",
      "RequestMethod": "GET",
      "RequestBody": "",
      "RequestHeaders": {
        "User-Agent": [
          "FxVersion/6.0.1623.17311",
          "OSName/Windows",
          "OSVersion/Microsoft.Windows.10.0.22621",
          "Microsoft.Azure.Management.Compute.ComputeManagementClient/61.0.0"
        ]
      },
      "ResponseHeaders": {
        "Cache-Control": [
          "no-cache"
        ],
        "Pragma": [
          "no-cache"
        ],
        "x-ms-ratelimit-remaining-resource": [
          "Microsoft.Compute/GetOperation3Min;49998,Microsoft.Compute/GetOperation30Min;399998"
        ],
        "Strict-Transport-Security": [
          "max-age=31536000; includeSubDomains"
        ],
        "x-ms-served-by": [
          "d3255131-e7b3-4a83-8960-a836a057d1f8_133217605628169237"
        ],
        "x-ms-request-id": [
          "2c95de73-5e97-4a54-b5ba-d19d3d9efc48"
        ],
        "Server": [
          "Microsoft-HTTPAPI/2.0",
          "Microsoft-HTTPAPI/2.0"
        ],
        "x-ms-ratelimit-remaining-subscription-reads": [
          "11996"
        ],
        "x-ms-correlation-request-id": [
          "c57dc504-96c7-4a37-a48b-26790e6f4414"
        ],
        "x-ms-routing-request-id": [
          "CANADACENTRAL:20230609T152513Z:c57dc504-96c7-4a37-a48b-26790e6f4414"
        ],
        "X-Content-Type-Options": [
          "nosniff"
        ],
        "Date": [
          "Fri, 09 Jun 2023 15:25:12 GMT"
        ],
        "Content-Length": [
          "1304"
        ],
        "Content-Type": [
          "application/json; charset=utf-8"
        ],
        "Expires": [
          "-1"
        ]
      },
      "ResponseBody": "{\r\n  \"startTime\": \"2023-06-09T11:25:10.8574964-04:00\",\r\n  \"endTime\": \"2023-06-09T11:25:10.9981191-04:00\",\r\n  \"status\": \"Succeeded\",\r\n  \"properties\": {\r\n    \"output\": {\r\n      \"name\": \"diskrp6772\",\r\n      \"id\": \"/subscriptions/e37510d7-33b6-4676-886f-ee75bcc01871/resourceGroups/crptestar6077/providers/Microsoft.Compute/disks/diskrp6772\",\r\n      \"type\": \"Microsoft.Compute/disks\",\r\n      \"location\": \"eastus\",\r\n      \"tags\": {\r\n        \"tagKey\": \"tagValue\"\r\n      },\r\n      \"zones\": [\r\n        \"1\"\r\n      ],\r\n      \"sku\": {\r\n        \"name\": \"UltraSSD_LRS\",\r\n        \"tier\": \"Ultra\"\r\n      },\r\n      \"properties\": {\r\n        \"osType\": \"Linux\",\r\n        \"creationData\": {\r\n          \"createOption\": \"Empty\",\r\n          \"logicalSectorSize\": 4096\r\n        },\r\n        \"diskSizeGB\": 32,\r\n        \"diskIOPSReadWrite\": 600,\r\n        \"diskMBpsReadWrite\": 9,\r\n        \"readOnly\": false,\r\n        \"diskIOPSReadOnly\": 100,\r\n        \"diskMBpsReadOnly\": 13,\r\n        \"encryption\": {\r\n          \"type\": \"EncryptionAtRestWithPlatformKey\"\r\n        },\r\n        \"maxShares\": 1,\r\n        \"networkAccessPolicy\": \"AllowAll\",\r\n        \"publicNetworkAccess\": \"Enabled\",\r\n        \"timeCreated\": \"2023-06-09T11:25:08.0606805-04:00\",\r\n        \"provisioningState\": \"Succeeded\",\r\n        \"diskState\": \"Unattached\",\r\n        \"diskSizeBytes\": 34359738368,\r\n        \"uniqueId\": \"5c23c512-70bc-4f12-a1e6-9beb54e5b01b\"\r\n      }\r\n    }\r\n  },\r\n  \"name\": \"c2b68a41-b5a8-4082-a156-24eafd24dbfe\"\r\n}",
      "StatusCode": 200
    },
    {
      "RequestUri": "/subscriptions/e37510d7-33b6-4676-886f-ee75bcc01871/resourceGroups/crptestar6077/providers/Microsoft.Compute/disks/diskrp6772?api-version=2023-01-02",
      "EncodedRequestUri": "L3N1YnNjcmlwdGlvbnMvZTM3NTEwZDctMzNiNi00Njc2LTg4NmYtZWU3NWJjYzAxODcxL3Jlc291cmNlR3JvdXBzL2NycHRlc3RhcjYwNzcvcHJvdmlkZXJzL01pY3Jvc29mdC5Db21wdXRlL2Rpc2tzL2Rpc2tycDY3NzI/YXBpLXZlcnNpb249MjAyMy0wMS0wMg==",
      "RequestMethod": "DELETE",
      "RequestBody": "",
      "RequestHeaders": {
        "x-ms-client-request-id": [
          "15993374-2785-485c-9a7c-f984ee22cd5b"
        ],
        "Accept-Language": [
          "en-US"
        ],
        "User-Agent": [
          "FxVersion/6.0.1623.17311",
          "OSName/Windows",
          "OSVersion/Microsoft.Windows.10.0.22621",
          "Microsoft.Azure.Management.Compute.ComputeManagementClient/61.0.0"
        ]
      },
      "ResponseHeaders": {
        "Cache-Control": [
          "no-cache"
        ],
        "Pragma": [
          "no-cache"
        ],
        "Location": [
          "https://management.azure.com/subscriptions/e37510d7-33b6-4676-886f-ee75bcc01871/providers/Microsoft.Compute/locations/eastus/DiskOperations/d30c5103-5c79-4bd7-b939-52ccb4fcc941?p=d3255131-e7b3-4a83-8960-a836a057d1f8&monitor=true&api-version=2023-01-02"
        ],
        "Azure-AsyncOperation": [
          "https://management.azure.com/subscriptions/e37510d7-33b6-4676-886f-ee75bcc01871/providers/Microsoft.Compute/locations/eastus/DiskOperations/d30c5103-5c79-4bd7-b939-52ccb4fcc941?p=d3255131-e7b3-4a83-8960-a836a057d1f8&api-version=2023-01-02"
        ],
        "x-ms-ratelimit-remaining-resource": [
          "Microsoft.Compute/DeleteDisks3Min;2999,Microsoft.Compute/DeleteDisks30Min;23999"
        ],
        "Strict-Transport-Security": [
          "max-age=31536000; includeSubDomains"
        ],
        "x-ms-served-by": [
          "d3255131-e7b3-4a83-8960-a836a057d1f8_133217605628169237"
        ],
        "x-ms-request-id": [
          "d30c5103-5c79-4bd7-b939-52ccb4fcc941"
        ],
        "Server": [
          "Microsoft-HTTPAPI/2.0",
          "Microsoft-HTTPAPI/2.0"
        ],
        "x-ms-ratelimit-remaining-subscription-deletes": [
          "14999"
        ],
        "x-ms-correlation-request-id": [
          "82ffbf91-69d9-4484-bc06-10becfec848d"
        ],
        "x-ms-routing-request-id": [
          "CANADACENTRAL:20230609T152513Z:82ffbf91-69d9-4484-bc06-10becfec848d"
        ],
        "X-Content-Type-Options": [
          "nosniff"
        ],
        "Date": [
          "Fri, 09 Jun 2023 15:25:13 GMT"
        ],
        "Expires": [
          "-1"
        ],
        "Content-Length": [
          "0"
        ]
      },
      "ResponseBody": "",
      "StatusCode": 202
    },
    {
      "RequestUri": "/subscriptions/e37510d7-33b6-4676-886f-ee75bcc01871/providers/Microsoft.Compute/locations/eastus/DiskOperations/d30c5103-5c79-4bd7-b939-52ccb4fcc941?p=d3255131-e7b3-4a83-8960-a836a057d1f8&api-version=2023-01-02",
      "EncodedRequestUri": "L3N1YnNjcmlwdGlvbnMvZTM3NTEwZDctMzNiNi00Njc2LTg4NmYtZWU3NWJjYzAxODcxL3Byb3ZpZGVycy9NaWNyb3NvZnQuQ29tcHV0ZS9sb2NhdGlvbnMvZWFzdHVzL0Rpc2tPcGVyYXRpb25zL2QzMGM1MTAzLTVjNzktNGJkNy1iOTM5LTUyY2NiNGZjYzk0MT9wPWQzMjU1MTMxLWU3YjMtNGE4My04OTYwLWE4MzZhMDU3ZDFmOCZhcGktdmVyc2lvbj0yMDIzLTAxLTAy",
      "RequestMethod": "GET",
      "RequestBody": "",
      "RequestHeaders": {
        "User-Agent": [
          "FxVersion/6.0.1623.17311",
          "OSName/Windows",
          "OSVersion/Microsoft.Windows.10.0.22621",
          "Microsoft.Azure.Management.Compute.ComputeManagementClient/61.0.0"
        ]
      },
      "ResponseHeaders": {
        "Cache-Control": [
          "no-cache"
        ],
        "Pragma": [
          "no-cache"
        ],
        "x-ms-ratelimit-remaining-resource": [
          "Microsoft.Compute/GetOperation3Min;49994,Microsoft.Compute/GetOperation30Min;399994"
        ],
        "Strict-Transport-Security": [
          "max-age=31536000; includeSubDomains"
        ],
        "x-ms-served-by": [
          "d3255131-e7b3-4a83-8960-a836a057d1f8_133217605628169237"
        ],
        "x-ms-request-id": [
          "6a24082a-cc90-49cf-9f0c-f19f21d6b67b"
        ],
        "Server": [
          "Microsoft-HTTPAPI/2.0",
          "Microsoft-HTTPAPI/2.0"
        ],
        "x-ms-ratelimit-remaining-subscription-reads": [
          "11993"
        ],
        "x-ms-correlation-request-id": [
          "660e5259-c443-43de-b2aa-f991e3dce8ee"
        ],
        "x-ms-routing-request-id": [
          "CANADACENTRAL:20230609T152543Z:660e5259-c443-43de-b2aa-f991e3dce8ee"
        ],
        "X-Content-Type-Options": [
          "nosniff"
        ],
        "Date": [
          "Fri, 09 Jun 2023 15:25:43 GMT"
        ],
        "Content-Length": [
          "184"
        ],
        "Content-Type": [
          "application/json; charset=utf-8"
        ],
        "Expires": [
          "-1"
        ]
      },
      "ResponseBody": "{\r\n  \"startTime\": \"2023-06-09T11:25:13.4980656-04:00\",\r\n  \"endTime\": \"2023-06-09T11:25:13.6386997-04:00\",\r\n  \"status\": \"Succeeded\",\r\n  \"name\": \"d30c5103-5c79-4bd7-b939-52ccb4fcc941\"\r\n}",
      "StatusCode": 200
    },
    {
      "RequestUri": "/subscriptions/e37510d7-33b6-4676-886f-ee75bcc01871/providers/Microsoft.Compute/locations/eastus/DiskOperations/d30c5103-5c79-4bd7-b939-52ccb4fcc941?p=d3255131-e7b3-4a83-8960-a836a057d1f8&monitor=true&api-version=2023-01-02",
      "EncodedRequestUri": "L3N1YnNjcmlwdGlvbnMvZTM3NTEwZDctMzNiNi00Njc2LTg4NmYtZWU3NWJjYzAxODcxL3Byb3ZpZGVycy9NaWNyb3NvZnQuQ29tcHV0ZS9sb2NhdGlvbnMvZWFzdHVzL0Rpc2tPcGVyYXRpb25zL2QzMGM1MTAzLTVjNzktNGJkNy1iOTM5LTUyY2NiNGZjYzk0MT9wPWQzMjU1MTMxLWU3YjMtNGE4My04OTYwLWE4MzZhMDU3ZDFmOCZtb25pdG9yPXRydWUmYXBpLXZlcnNpb249MjAyMy0wMS0wMg==",
      "RequestMethod": "GET",
      "RequestBody": "",
      "RequestHeaders": {
        "User-Agent": [
          "FxVersion/6.0.1623.17311",
          "OSName/Windows",
          "OSVersion/Microsoft.Windows.10.0.22621",
          "Microsoft.Azure.Management.Compute.ComputeManagementClient/61.0.0"
        ]
      },
      "ResponseHeaders": {
        "Cache-Control": [
          "no-cache"
        ],
        "Pragma": [
          "no-cache"
        ],
        "x-ms-ratelimit-remaining-resource": [
          "Microsoft.Compute/GetOperation3Min;49993,Microsoft.Compute/GetOperation30Min;399993"
        ],
        "Strict-Transport-Security": [
          "max-age=31536000; includeSubDomains"
        ],
        "x-ms-served-by": [
          "d3255131-e7b3-4a83-8960-a836a057d1f8_133217605628169237"
        ],
        "x-ms-request-id": [
          "f98cbab3-75d5-4897-8575-fe416678cd3c"
        ],
        "Server": [
          "Microsoft-HTTPAPI/2.0",
          "Microsoft-HTTPAPI/2.0"
        ],
        "x-ms-ratelimit-remaining-subscription-reads": [
          "11992"
        ],
        "x-ms-correlation-request-id": [
          "7b594398-8ca5-4eee-822f-dc614f70ef95"
        ],
        "x-ms-routing-request-id": [
          "CANADACENTRAL:20230609T152543Z:7b594398-8ca5-4eee-822f-dc614f70ef95"
        ],
        "X-Content-Type-Options": [
          "nosniff"
        ],
        "Date": [
          "Fri, 09 Jun 2023 15:25:43 GMT"
        ],
        "Expires": [
          "-1"
        ],
        "Content-Length": [
          "0"
        ]
      },
      "ResponseBody": "",
      "StatusCode": 200
    },
    {
      "RequestUri": "/subscriptions/e37510d7-33b6-4676-886f-ee75bcc01871/resourcegroups/crptestar6077?api-version=2017-05-10",
      "EncodedRequestUri": "L3N1YnNjcmlwdGlvbnMvZTM3NTEwZDctMzNiNi00Njc2LTg4NmYtZWU3NWJjYzAxODcxL3Jlc291cmNlZ3JvdXBzL2NycHRlc3RhcjYwNzc/YXBpLXZlcnNpb249MjAxNy0wNS0xMA==",
      "RequestMethod": "DELETE",
      "RequestBody": "",
      "RequestHeaders": {
        "x-ms-client-request-id": [
          "e1ebc2a8-5398-4224-9579-4bd28f211dcd"
        ],
        "Accept-Language": [
          "en-US"
        ],
        "User-Agent": [
          "FxVersion/6.0.1623.17311",
          "OSName/Windows",
          "OSVersion/Microsoft.Windows.10.0.22621",
          "Microsoft.Azure.Management.ResourceManager.ResourceManagementClient/1.6.0.0"
        ]
      },
      "ResponseHeaders": {
        "Cache-Control": [
          "no-cache"
        ],
        "Pragma": [
          "no-cache"
        ],
        "Location": [
          "https://management.azure.com/subscriptions/e37510d7-33b6-4676-886f-ee75bcc01871/operationresults/eyJqb2JJZCI6IlJFU09VUkNFR1JPVVBERUxFVElPTkpPQi1DUlBURVNUQVI2MDc3LUVBU1RVUyIsImpvYkxvY2F0aW9uIjoiZWFzdHVzIn0?api-version=2017-05-10"
        ],
        "Retry-After": [
          "15"
        ],
        "x-ms-ratelimit-remaining-subscription-deletes": [
          "14999"
        ],
        "x-ms-request-id": [
          "751d0e56-6cba-4bb5-ba01-7ed9bdb7120e"
        ],
        "x-ms-correlation-request-id": [
          "751d0e56-6cba-4bb5-ba01-7ed9bdb7120e"
        ],
        "x-ms-routing-request-id": [
          "CANADACENTRAL:20230609T152544Z:751d0e56-6cba-4bb5-ba01-7ed9bdb7120e"
        ],
        "Strict-Transport-Security": [
          "max-age=31536000; includeSubDomains"
        ],
        "X-Content-Type-Options": [
          "nosniff"
        ],
        "Date": [
          "Fri, 09 Jun 2023 15:25:43 GMT"
        ],
        "Expires": [
          "-1"
        ],
        "Content-Length": [
          "0"
        ]
      },
      "ResponseBody": "",
      "StatusCode": 202
    },
    {
      "RequestUri": "/subscriptions/e37510d7-33b6-4676-886f-ee75bcc01871/operationresults/eyJqb2JJZCI6IlJFU09VUkNFR1JPVVBERUxFVElPTkpPQi1DUlBURVNUQVI2MDc3LUVBU1RVUyIsImpvYkxvY2F0aW9uIjoiZWFzdHVzIn0?api-version=2017-05-10",
      "EncodedRequestUri": "L3N1YnNjcmlwdGlvbnMvZTM3NTEwZDctMzNiNi00Njc2LTg4NmYtZWU3NWJjYzAxODcxL29wZXJhdGlvbnJlc3VsdHMvZXlKcWIySkpaQ0k2SWxKRlUwOVZVa05GUjFKUFZWQkVSVXhGVkVsUFRrcFBRaTFEVWxCVVJWTlVRVkkyTURjM0xVVkJVMVJWVXlJc0ltcHZZa3h2WTJGMGFXOXVJam9pWldGemRIVnpJbjA/YXBpLXZlcnNpb249MjAxNy0wNS0xMA==",
      "RequestMethod": "GET",
      "RequestBody": "",
      "RequestHeaders": {
        "User-Agent": [
          "FxVersion/6.0.1623.17311",
          "OSName/Windows",
          "OSVersion/Microsoft.Windows.10.0.22621",
          "Microsoft.Azure.Management.ResourceManager.ResourceManagementClient/1.6.0.0"
        ]
      },
      "ResponseHeaders": {
        "Cache-Control": [
          "no-cache"
        ],
        "Pragma": [
          "no-cache"
        ],
        "x-ms-ratelimit-remaining-subscription-reads": [
          "11999"
        ],
        "x-ms-request-id": [
          "e2cdbcc4-4fe0-4934-beb9-87128c0798e1"
        ],
        "x-ms-correlation-request-id": [
          "e2cdbcc4-4fe0-4934-beb9-87128c0798e1"
        ],
        "x-ms-routing-request-id": [
          "CANADACENTRAL:20230609T152559Z:e2cdbcc4-4fe0-4934-beb9-87128c0798e1"
        ],
        "Strict-Transport-Security": [
          "max-age=31536000; includeSubDomains"
        ],
        "X-Content-Type-Options": [
          "nosniff"
        ],
        "Date": [
          "Fri, 09 Jun 2023 15:25:59 GMT"
        ],
        "Expires": [
          "-1"
        ],
        "Content-Length": [
          "0"
        ]
      },
      "ResponseBody": "",
      "StatusCode": 200
    },
    {
      "RequestUri": "/subscriptions/e37510d7-33b6-4676-886f-ee75bcc01871/operationresults/eyJqb2JJZCI6IlJFU09VUkNFR1JPVVBERUxFVElPTkpPQi1DUlBURVNUQVI2MDc3LUVBU1RVUyIsImpvYkxvY2F0aW9uIjoiZWFzdHVzIn0?api-version=2017-05-10",
      "EncodedRequestUri": "L3N1YnNjcmlwdGlvbnMvZTM3NTEwZDctMzNiNi00Njc2LTg4NmYtZWU3NWJjYzAxODcxL29wZXJhdGlvbnJlc3VsdHMvZXlKcWIySkpaQ0k2SWxKRlUwOVZVa05GUjFKUFZWQkVSVXhGVkVsUFRrcFBRaTFEVWxCVVJWTlVRVkkyTURjM0xVVkJVMVJWVXlJc0ltcHZZa3h2WTJGMGFXOXVJam9pWldGemRIVnpJbjA/YXBpLXZlcnNpb249MjAxNy0wNS0xMA==",
      "RequestMethod": "GET",
      "RequestBody": "",
      "RequestHeaders": {
        "User-Agent": [
          "FxVersion/6.0.1623.17311",
          "OSName/Windows",
          "OSVersion/Microsoft.Windows.10.0.22621",
          "Microsoft.Azure.Management.ResourceManager.ResourceManagementClient/1.6.0.0"
        ]
      },
      "ResponseHeaders": {
        "Cache-Control": [
          "no-cache"
        ],
        "Pragma": [
          "no-cache"
        ],
        "x-ms-ratelimit-remaining-subscription-reads": [
          "11998"
        ],
        "x-ms-request-id": [
          "f03f82d7-f3e5-42fc-ab9f-6e5e544bed02"
        ],
        "x-ms-correlation-request-id": [
          "f03f82d7-f3e5-42fc-ab9f-6e5e544bed02"
        ],
        "x-ms-routing-request-id": [
          "CANADACENTRAL:20230609T152559Z:f03f82d7-f3e5-42fc-ab9f-6e5e544bed02"
        ],
        "Strict-Transport-Security": [
          "max-age=31536000; includeSubDomains"
        ],
        "X-Content-Type-Options": [
          "nosniff"
        ],
        "Date": [
          "Fri, 09 Jun 2023 15:25:59 GMT"
        ],
        "Expires": [
          "-1"
        ],
        "Content-Length": [
          "0"
        ]
      },
      "ResponseBody": "",
      "StatusCode": 200
    }
  ],
  "Names": {
    "UltraSSD_CRUD_Helper": [
      "crptestar6077",
      "diskrp6772"
    ]
  },
  "Variables": {
    "SubscriptionId": "e37510d7-33b6-4676-886f-ee75bcc01871"
  }
}