{
  "Entries": [
    {
      "RequestUri": "/subscriptions/e37510d7-33b6-4676-886f-ee75bcc01871/providers/Microsoft.Compute/locations/SoutheastAsia/publishers/MicrosoftWindowsServer/artifacttypes/vmimage/offers/WindowsServer/skus/2012-R2-Datacenter/versions?$top=1&api-version=2021-03-01",
      "EncodedRequestUri": "L3N1YnNjcmlwdGlvbnMvZTM3NTEwZDctMzNiNi00Njc2LTg4NmYtZWU3NWJjYzAxODcxL3Byb3ZpZGVycy9NaWNyb3NvZnQuQ29tcHV0ZS9sb2NhdGlvbnMvU291dGhlYXN0QXNpYS9wdWJsaXNoZXJzL01pY3Jvc29mdFdpbmRvd3NTZXJ2ZXIvYXJ0aWZhY3R0eXBlcy92bWltYWdlL29mZmVycy9XaW5kb3dzU2VydmVyL3NrdXMvMjAxMi1SMi1EYXRhY2VudGVyL3ZlcnNpb25zPyR0b3A9MSZhcGktdmVyc2lvbj0yMDIxLTAzLTAx",
      "RequestMethod": "GET",
      "RequestBody": "",
      "RequestHeaders": {
        "x-ms-client-request-id": [
          "eff32626-97a9-4977-856a-e13a08d1fd67"
        ],
        "Accept-Language": [
          "en-US"
        ],
        "User-Agent": [
          "FxVersion/4.6.29518.01",
          "OSName/Windows",
          "OSVersion/Microsoft.Windows.10.0.18363.",
          "Microsoft.Azure.Management.Compute.ComputeManagementClient/44.0.0.0"
        ]
      },
      "ResponseHeaders": {
        "Cache-Control": [
          "no-cache"
        ],
        "Pragma": [
          "no-cache"
        ],
        "x-ms-ratelimit-remaining-resource": [
          "Microsoft.Compute/ListVMImagesVersionsFromLocation3Min;15999,Microsoft.Compute/ListVMImagesVersionsFromLocation30Min;43997"
        ],
        "Strict-Transport-Security": [
          "max-age=31536000; includeSubDomains"
        ],
        "x-ms-served-by": [
          "9fc414ea-410e-4600-9f7c-71bc36416f3f_132574676310658930"
        ],
        "x-ms-request-id": [
          "b24f4e0a-e9b5-4cd7-b988-084e5d19d4f3"
        ],
        "Server": [
          "Microsoft-HTTPAPI/2.0",
          "Microsoft-HTTPAPI/2.0"
        ],
        "x-ms-ratelimit-remaining-subscription-reads": [
          "11999"
        ],
        "x-ms-correlation-request-id": [
          "c8ea1724-9871-4ac7-b167-c2377f754fa5"
        ],
        "x-ms-routing-request-id": [
          "EASTUS2:20210323T045028Z:c8ea1724-9871-4ac7-b167-c2377f754fa5"
        ],
        "X-Content-Type-Options": [
          "nosniff"
        ],
        "Date": [
          "Tue, 23 Mar 2021 04:50:28 GMT"
        ],
        "Content-Length": [
          "321"
        ],
        "Content-Type": [
          "application/json; charset=utf-8"
        ],
        "Expires": [
          "-1"
        ]
      },
      "ResponseBody": "[\r\n  {\r\n    \"location\": \"southeastasia\",\r\n    \"name\": \"4.127.20180315\",\r\n    \"id\": \"/Subscriptions/e37510d7-33b6-4676-886f-ee75bcc01871/Providers/Microsoft.Compute/Locations/southeastasia/Publishers/MicrosoftWindowsServer/ArtifactTypes/VMImage/Offers/WindowsServer/Skus/2012-R2-Datacenter/Versions/4.127.20180315\"\r\n  }\r\n]",
      "StatusCode": 200
    },
    {
      "RequestUri": "/subscriptions/e37510d7-33b6-4676-886f-ee75bcc01871/resourcegroups/crptestar26741?api-version=2017-05-10",
      "EncodedRequestUri": "L3N1YnNjcmlwdGlvbnMvZTM3NTEwZDctMzNiNi00Njc2LTg4NmYtZWU3NWJjYzAxODcxL3Jlc291cmNlZ3JvdXBzL2NycHRlc3RhcjI2NzQxP2FwaS12ZXJzaW9uPTIwMTctMDUtMTA=",
      "RequestMethod": "PUT",
      "RequestBody": "{\r\n  \"location\": \"SoutheastAsia\",\r\n  \"tags\": {\r\n    \"crptestar26741\": \"2021-03-23 04:50:28Z\"\r\n  }\r\n}",
      "RequestHeaders": {
        "x-ms-client-request-id": [
          "c7ce8926-3e47-457f-993f-858e55029fff"
        ],
        "Accept-Language": [
          "en-US"
        ],
        "User-Agent": [
          "FxVersion/4.6.29518.01",
          "OSName/Windows",
          "OSVersion/Microsoft.Windows.10.0.18363.",
          "Microsoft.Azure.Management.ResourceManager.ResourceManagementClient/1.6.0.0"
        ],
        "Content-Type": [
          "application/json; charset=utf-8"
        ],
        "Content-Length": [
          "100"
        ]
      },
      "ResponseHeaders": {
        "Cache-Control": [
          "no-cache"
        ],
        "Pragma": [
          "no-cache"
        ],
        "x-ms-ratelimit-remaining-subscription-writes": [
          "1199"
        ],
        "x-ms-request-id": [
          "c0687915-4b9e-4441-b77d-249d3b6a2da3"
        ],
        "x-ms-correlation-request-id": [
          "c0687915-4b9e-4441-b77d-249d3b6a2da3"
        ],
        "x-ms-routing-request-id": [
          "EASTUS2:20210323T045031Z:c0687915-4b9e-4441-b77d-249d3b6a2da3"
        ],
        "Strict-Transport-Security": [
          "max-age=31536000; includeSubDomains"
        ],
        "X-Content-Type-Options": [
          "nosniff"
        ],
        "Date": [
          "Tue, 23 Mar 2021 04:50:30 GMT"
        ],
        "Content-Length": [
          "237"
        ],
        "Content-Type": [
          "application/json; charset=utf-8"
        ],
        "Expires": [
          "-1"
        ]
      },
      "ResponseBody": "{\r\n  \"id\": \"/subscriptions/e37510d7-33b6-4676-886f-ee75bcc01871/resourceGroups/crptestar26741\",\r\n  \"name\": \"crptestar26741\",\r\n  \"location\": \"southeastasia\",\r\n  \"tags\": {\r\n    \"crptestar26741\": \"2021-03-23 04:50:28Z\"\r\n  },\r\n  \"properties\": {\r\n    \"provisioningState\": \"Succeeded\"\r\n  }\r\n}",
      "StatusCode": 201
    },
    {
      "RequestUri": "/subscriptions/e37510d7-33b6-4676-886f-ee75bcc01871/resourcegroups/crptestar26741?api-version=2017-05-10",
      "EncodedRequestUri": "L3N1YnNjcmlwdGlvbnMvZTM3NTEwZDctMzNiNi00Njc2LTg4NmYtZWU3NWJjYzAxODcxL3Jlc291cmNlZ3JvdXBzL2NycHRlc3RhcjI2NzQxP2FwaS12ZXJzaW9uPTIwMTctMDUtMTA=",
      "RequestMethod": "PUT",
      "RequestBody": "{\r\n  \"location\": \"SoutheastAsia\",\r\n  \"tags\": {\r\n    \"crptestar26741\": \"2021-03-23 04:51:06Z\"\r\n  }\r\n}",
      "RequestHeaders": {
        "x-ms-client-request-id": [
          "65c13bc6-a4bb-4eca-b09d-9d940427f765"
        ],
        "Accept-Language": [
          "en-US"
        ],
        "User-Agent": [
          "FxVersion/4.6.29518.01",
          "OSName/Windows",
          "OSVersion/Microsoft.Windows.10.0.18363.",
          "Microsoft.Azure.Management.ResourceManager.ResourceManagementClient/1.6.0.0"
        ],
        "Content-Type": [
          "application/json; charset=utf-8"
        ],
        "Content-Length": [
          "100"
        ]
      },
      "ResponseHeaders": {
        "Cache-Control": [
          "no-cache"
        ],
        "Pragma": [
          "no-cache"
        ],
        "x-ms-ratelimit-remaining-subscription-writes": [
          "1198"
        ],
        "x-ms-request-id": [
          "d0e0ba10-3211-4469-8bab-60eb2f8d193b"
        ],
        "x-ms-correlation-request-id": [
          "d0e0ba10-3211-4469-8bab-60eb2f8d193b"
        ],
        "x-ms-routing-request-id": [
          "EASTUS2:20210323T045107Z:d0e0ba10-3211-4469-8bab-60eb2f8d193b"
        ],
        "Strict-Transport-Security": [
          "max-age=31536000; includeSubDomains"
        ],
        "X-Content-Type-Options": [
          "nosniff"
        ],
        "Date": [
          "Tue, 23 Mar 2021 04:51:07 GMT"
        ],
        "Content-Length": [
          "237"
        ],
        "Content-Type": [
          "application/json; charset=utf-8"
        ],
        "Expires": [
          "-1"
        ]
      },
      "ResponseBody": "{\r\n  \"id\": \"/subscriptions/e37510d7-33b6-4676-886f-ee75bcc01871/resourceGroups/crptestar26741\",\r\n  \"name\": \"crptestar26741\",\r\n  \"location\": \"southeastasia\",\r\n  \"tags\": {\r\n    \"crptestar26741\": \"2021-03-23 04:51:06Z\"\r\n  },\r\n  \"properties\": {\r\n    \"provisioningState\": \"Succeeded\"\r\n  }\r\n}",
      "StatusCode": 200
    },
    {
      "RequestUri": "/subscriptions/e37510d7-33b6-4676-886f-ee75bcc01871/resourceGroups/crptestar26741/providers/Microsoft.Storage/storageAccounts/crptestar570?api-version=2015-06-15",
      "EncodedRequestUri": "L3N1YnNjcmlwdGlvbnMvZTM3NTEwZDctMzNiNi00Njc2LTg4NmYtZWU3NWJjYzAxODcxL3Jlc291cmNlR3JvdXBzL2NycHRlc3RhcjI2NzQxL3Byb3ZpZGVycy9NaWNyb3NvZnQuU3RvcmFnZS9zdG9yYWdlQWNjb3VudHMvY3JwdGVzdGFyNTcwP2FwaS12ZXJzaW9uPTIwMTUtMDYtMTU=",
      "RequestMethod": "PUT",
      "RequestBody": "{\r\n  \"location\": \"SoutheastAsia\",\r\n  \"properties\": {\r\n    \"accountType\": \"Standard_GRS\"\r\n  }\r\n}",
      "RequestHeaders": {
        "x-ms-client-request-id": [
          "41e6dadb-108e-49a7-ab08-3dc754222477"
        ],
        "Accept-Language": [
          "en-US"
        ],
        "User-Agent": [
          "FxVersion/4.6.29518.01",
          "OSName/Windows",
          "OSVersion/Microsoft.Windows.10.0.18363.",
          "Microsoft.Azure.Management.Storage.StorageManagementClient/4.0.0.0"
        ],
        "Content-Type": [
          "application/json; charset=utf-8"
        ],
        "Content-Length": [
          "95"
        ]
      },
      "ResponseHeaders": {
        "Cache-Control": [
          "no-cache"
        ],
        "Pragma": [
          "no-cache"
        ],
        "Location": [
          "https://management.azure.com/subscriptions/e37510d7-33b6-4676-886f-ee75bcc01871/providers/Microsoft.Storage/locations/southeastasia/asyncoperations/a2a82508-54c3-4d29-a5ef-0e0c20b36058?monitor=true&api-version=2015-06-15"
        ],
        "Retry-After": [
          "17"
        ],
        "x-ms-request-id": [
          "a2a82508-54c3-4d29-a5ef-0e0c20b36058"
        ],
        "Strict-Transport-Security": [
          "max-age=31536000; includeSubDomains"
        ],
        "Server": [
          "Microsoft-Azure-Storage-Resource-Provider/1.0,Microsoft-HTTPAPI/2.0 Microsoft-HTTPAPI/2.0"
        ],
        "x-ms-ratelimit-remaining-subscription-writes": [
          "1199"
        ],
        "x-ms-correlation-request-id": [
          "021cfa49-5107-4689-8273-fa75bf49d331"
        ],
        "x-ms-routing-request-id": [
          "EASTUS2:20210323T045038Z:021cfa49-5107-4689-8273-fa75bf49d331"
        ],
        "X-Content-Type-Options": [
          "nosniff"
        ],
        "Date": [
          "Tue, 23 Mar 2021 04:50:38 GMT"
        ],
        "Content-Type": [
          "text/plain; charset=utf-8"
        ],
        "Expires": [
          "-1"
        ],
        "Content-Length": [
          "0"
        ]
      },
      "ResponseBody": "",
      "StatusCode": 202
    },
    {
      "RequestUri": "/subscriptions/e37510d7-33b6-4676-886f-ee75bcc01871/providers/Microsoft.Storage/locations/southeastasia/asyncoperations/a2a82508-54c3-4d29-a5ef-0e0c20b36058?monitor=true&api-version=2015-06-15",
      "EncodedRequestUri": "L3N1YnNjcmlwdGlvbnMvZTM3NTEwZDctMzNiNi00Njc2LTg4NmYtZWU3NWJjYzAxODcxL3Byb3ZpZGVycy9NaWNyb3NvZnQuU3RvcmFnZS9sb2NhdGlvbnMvc291dGhlYXN0YXNpYS9hc3luY29wZXJhdGlvbnMvYTJhODI1MDgtNTRjMy00ZDI5LWE1ZWYtMGUwYzIwYjM2MDU4P21vbml0b3I9dHJ1ZSZhcGktdmVyc2lvbj0yMDE1LTA2LTE1",
      "RequestMethod": "GET",
      "RequestBody": "",
      "RequestHeaders": {
        "User-Agent": [
          "FxVersion/4.6.29518.01",
          "OSName/Windows",
          "OSVersion/Microsoft.Windows.10.0.18363.",
          "Microsoft.Azure.Management.Storage.StorageManagementClient/4.0.0.0"
        ]
      },
      "ResponseHeaders": {
        "Cache-Control": [
          "no-cache"
        ],
        "Pragma": [
          "no-cache"
        ],
        "x-ms-request-id": [
          "35585826-68d7-41a7-8d5c-98aae93ffe1e"
        ],
        "Strict-Transport-Security": [
          "max-age=31536000; includeSubDomains"
        ],
        "Server": [
          "Microsoft-Azure-Storage-Resource-Provider/1.0,Microsoft-HTTPAPI/2.0 Microsoft-HTTPAPI/2.0"
        ],
        "x-ms-ratelimit-remaining-subscription-reads": [
          "11999"
        ],
        "x-ms-correlation-request-id": [
          "2e0b5394-a248-4985-9c75-66d1b043c222"
        ],
        "x-ms-routing-request-id": [
          "EASTUS2:20210323T045055Z:2e0b5394-a248-4985-9c75-66d1b043c222"
        ],
        "X-Content-Type-Options": [
          "nosniff"
        ],
        "Date": [
          "Tue, 23 Mar 2021 04:50:55 GMT"
        ],
        "Content-Length": [
          "95"
        ],
        "Content-Type": [
          "application/json"
        ],
        "Expires": [
          "-1"
        ]
      },
      "ResponseBody": "{\r\n  \"location\": \"SoutheastAsia\",\r\n  \"properties\": {\r\n    \"accountType\": \"Standard_GRS\"\r\n  }\r\n}",
      "StatusCode": 200
    },
    {
      "RequestUri": "/subscriptions/e37510d7-33b6-4676-886f-ee75bcc01871/resourceGroups/crptestar26741/providers/Microsoft.Storage/storageAccounts?api-version=2015-06-15",
      "EncodedRequestUri": "L3N1YnNjcmlwdGlvbnMvZTM3NTEwZDctMzNiNi00Njc2LTg4NmYtZWU3NWJjYzAxODcxL3Jlc291cmNlR3JvdXBzL2NycHRlc3RhcjI2NzQxL3Byb3ZpZGVycy9NaWNyb3NvZnQuU3RvcmFnZS9zdG9yYWdlQWNjb3VudHM/YXBpLXZlcnNpb249MjAxNS0wNi0xNQ==",
      "RequestMethod": "GET",
      "RequestBody": "",
      "RequestHeaders": {
        "x-ms-client-request-id": [
          "d23ba83b-2a5d-40dc-b0f4-f3b87375ba14"
        ],
        "Accept-Language": [
          "en-US"
        ],
        "User-Agent": [
          "FxVersion/4.6.29518.01",
          "OSName/Windows",
          "OSVersion/Microsoft.Windows.10.0.18363.",
          "Microsoft.Azure.Management.Storage.StorageManagementClient/4.0.0.0"
        ]
      },
      "ResponseHeaders": {
        "Cache-Control": [
          "no-cache"
        ],
        "Pragma": [
          "no-cache"
        ],
        "x-ms-request-id": [
          "eb65e864-f3ad-4d81-8e65-4fa3c8981ac0"
        ],
        "Strict-Transport-Security": [
          "max-age=31536000; includeSubDomains"
        ],
        "Server": [
          "Microsoft-Azure-Storage-Resource-Provider/1.0,Microsoft-HTTPAPI/2.0 Microsoft-HTTPAPI/2.0"
        ],
        "x-ms-ratelimit-remaining-subscription-reads": [
          "11998"
        ],
        "x-ms-correlation-request-id": [
          "7f6597ff-1299-4392-8036-a73ff2248af6"
        ],
        "x-ms-routing-request-id": [
          "EASTUS2:20210323T045106Z:7f6597ff-1299-4392-8036-a73ff2248af6"
        ],
        "X-Content-Type-Options": [
          "nosniff"
        ],
        "Date": [
          "Tue, 23 Mar 2021 04:51:05 GMT"
        ],
        "Content-Length": [
          "747"
        ],
        "Content-Type": [
          "application/json"
        ],
        "Expires": [
          "-1"
        ]
      },
      "ResponseBody": "{\r\n  \"value\": [\r\n    {\r\n      \"id\": \"/subscriptions/e37510d7-33b6-4676-886f-ee75bcc01871/resourceGroups/crptestar26741/providers/Microsoft.Storage/storageAccounts/crptestar570\",\r\n      \"name\": \"crptestar570\",\r\n      \"type\": \"Microsoft.Storage/storageAccounts\",\r\n      \"location\": \"southeastasia\",\r\n      \"tags\": {},\r\n      \"properties\": {\r\n        \"accountType\": \"Standard_GRS\",\r\n        \"provisioningState\": \"Succeeded\",\r\n        \"creationTime\": \"2021-03-23T04:50:36.6697008Z\",\r\n        \"primaryEndpoints\": {\r\n          \"blob\": \"https://crptestar570.blob.core.windows.net/\",\r\n          \"queue\": \"https://crptestar570.queue.core.windows.net/\",\r\n          \"table\": \"https://crptestar570.table.core.windows.net/\",\r\n          \"file\": \"https://crptestar570.file.core.windows.net/\"\r\n        },\r\n        \"primaryLocation\": \"southeastasia\",\r\n        \"statusOfPrimary\": \"available\",\r\n        \"secondaryLocation\": \"eastasia\",\r\n        \"statusOfSecondary\": \"available\"\r\n      }\r\n    }\r\n  ]\r\n}",
      "StatusCode": 200
    },
    {
      "RequestUri": "/subscriptions/e37510d7-33b6-4676-886f-ee75bcc01871/resourceGroups/crptestar26741/providers/Microsoft.Storage/storageAccounts/crptestar570?api-version=2015-06-15",
      "EncodedRequestUri": "L3N1YnNjcmlwdGlvbnMvZTM3NTEwZDctMzNiNi00Njc2LTg4NmYtZWU3NWJjYzAxODcxL3Jlc291cmNlR3JvdXBzL2NycHRlc3RhcjI2NzQxL3Byb3ZpZGVycy9NaWNyb3NvZnQuU3RvcmFnZS9zdG9yYWdlQWNjb3VudHMvY3JwdGVzdGFyNTcwP2FwaS12ZXJzaW9uPTIwMTUtMDYtMTU=",
      "RequestMethod": "GET",
      "RequestBody": "",
      "RequestHeaders": {
        "x-ms-client-request-id": [
          "1d07f5cb-63c2-44db-9b64-733c41401975"
        ],
        "Accept-Language": [
          "en-US"
        ],
        "User-Agent": [
          "FxVersion/4.6.29518.01",
          "OSName/Windows",
          "OSVersion/Microsoft.Windows.10.0.18363.",
          "Microsoft.Azure.Management.Storage.StorageManagementClient/4.0.0.0"
        ]
      },
      "ResponseHeaders": {
        "Cache-Control": [
          "no-cache"
        ],
        "Pragma": [
          "no-cache"
        ],
        "x-ms-request-id": [
          "da40ca15-debc-4869-9031-db318b6460c8"
        ],
        "Strict-Transport-Security": [
          "max-age=31536000; includeSubDomains"
        ],
        "Server": [
          "Microsoft-Azure-Storage-Resource-Provider/1.0,Microsoft-HTTPAPI/2.0 Microsoft-HTTPAPI/2.0"
        ],
        "x-ms-ratelimit-remaining-subscription-reads": [
          "11997"
        ],
        "x-ms-correlation-request-id": [
          "96472e81-eb9b-4f4d-8083-6ca914926c99"
        ],
        "x-ms-routing-request-id": [
          "EASTUS2:20210323T045106Z:96472e81-eb9b-4f4d-8083-6ca914926c99"
        ],
        "X-Content-Type-Options": [
          "nosniff"
        ],
        "Date": [
          "Tue, 23 Mar 2021 04:51:06 GMT"
        ],
        "Content-Length": [
          "735"
        ],
        "Content-Type": [
          "application/json"
        ],
        "Expires": [
          "-1"
        ]
      },
      "ResponseBody": "{\r\n  \"id\": \"/subscriptions/e37510d7-33b6-4676-886f-ee75bcc01871/resourceGroups/crptestar26741/providers/Microsoft.Storage/storageAccounts/crptestar570\",\r\n  \"name\": \"crptestar570\",\r\n  \"type\": \"Microsoft.Storage/storageAccounts\",\r\n  \"location\": \"southeastasia\",\r\n  \"tags\": {},\r\n  \"properties\": {\r\n    \"accountType\": \"Standard_GRS\",\r\n    \"provisioningState\": \"Succeeded\",\r\n    \"creationTime\": \"2021-03-23T04:50:36.6697008Z\",\r\n    \"primaryEndpoints\": {\r\n      \"blob\": \"https://crptestar570.blob.core.windows.net/\",\r\n      \"queue\": \"https://crptestar570.queue.core.windows.net/\",\r\n      \"table\": \"https://crptestar570.table.core.windows.net/\",\r\n      \"file\": \"https://crptestar570.file.core.windows.net/\"\r\n    },\r\n    \"primaryLocation\": \"southeastasia\",\r\n    \"statusOfPrimary\": \"available\",\r\n    \"secondaryLocation\": \"eastasia\",\r\n    \"statusOfSecondary\": \"available\"\r\n  }\r\n}",
      "StatusCode": 200
    },
    {
      "RequestUri": "/subscriptions/e37510d7-33b6-4676-886f-ee75bcc01871/resourceGroups/crptestar26741/providers/Microsoft.Network/publicIPAddresses/pip5790?api-version=2019-09-01",
      "EncodedRequestUri": "L3N1YnNjcmlwdGlvbnMvZTM3NTEwZDctMzNiNi00Njc2LTg4NmYtZWU3NWJjYzAxODcxL3Jlc291cmNlR3JvdXBzL2NycHRlc3RhcjI2NzQxL3Byb3ZpZGVycy9NaWNyb3NvZnQuTmV0d29yay9wdWJsaWNJUEFkZHJlc3Nlcy9waXA1NzkwP2FwaS12ZXJzaW9uPTIwMTktMDktMDE=",
      "RequestMethod": "PUT",
      "RequestBody": "{\r\n  \"properties\": {\r\n    \"publicIPAllocationMethod\": \"Dynamic\",\r\n    \"dnsSettings\": {\r\n      \"domainNameLabel\": \"dn9154\"\r\n    }\r\n  },\r\n  \"location\": \"SoutheastAsia\",\r\n  \"tags\": {\r\n    \"key\": \"value\"\r\n  }\r\n}",
      "RequestHeaders": {
        "x-ms-client-request-id": [
          "a465fba3-a45f-435d-b969-cb00b53a1542"
        ],
        "Accept-Language": [
          "en-US"
        ],
        "User-Agent": [
          "FxVersion/4.6.29518.01",
          "OSName/Windows",
          "OSVersion/Microsoft.Windows.10.0.18363.",
          "Microsoft.Azure.Management.Network.NetworkManagementClient/19.17.1.0"
        ],
        "Content-Type": [
          "application/json; charset=utf-8"
        ],
        "Content-Length": [
          "207"
        ]
      },
      "ResponseHeaders": {
        "Cache-Control": [
          "no-cache"
        ],
        "Pragma": [
          "no-cache"
        ],
        "Retry-After": [
          "1"
        ],
        "x-ms-request-id": [
          "b42e36e6-aadd-4e0f-8b9f-d02d659460e0"
        ],
        "Azure-AsyncOperation": [
          "https://management.azure.com/subscriptions/e37510d7-33b6-4676-886f-ee75bcc01871/providers/Microsoft.Network/locations/southeastasia/operations/b42e36e6-aadd-4e0f-8b9f-d02d659460e0?api-version=2019-09-01"
        ],
        "x-ms-correlation-request-id": [
          "59c3c7b5-7c1a-4af9-bf8c-8446f011755c"
        ],
        "Azure-AsyncNotification": [
          "Enabled"
        ],
        "x-ms-arm-service-request-id": [
          "6bf62db5-dbce-4c27-a34f-2bb91359e54c"
        ],
        "Strict-Transport-Security": [
          "max-age=31536000; includeSubDomains"
        ],
        "Server": [
          "Microsoft-HTTPAPI/2.0",
          "Microsoft-HTTPAPI/2.0"
        ],
        "x-ms-ratelimit-remaining-subscription-writes": [
          "1199"
        ],
        "x-ms-routing-request-id": [
          "EASTUS2:20210323T045118Z:59c3c7b5-7c1a-4af9-bf8c-8446f011755c"
        ],
        "X-Content-Type-Options": [
          "nosniff"
        ],
        "Date": [
          "Tue, 23 Mar 2021 04:51:18 GMT"
        ],
        "Content-Length": [
          "770"
        ],
        "Content-Type": [
          "application/json; charset=utf-8"
        ],
        "Expires": [
          "-1"
        ]
      },
      "ResponseBody": "{\r\n  \"name\": \"pip5790\",\r\n  \"id\": \"/subscriptions/e37510d7-33b6-4676-886f-ee75bcc01871/resourceGroups/crptestar26741/providers/Microsoft.Network/publicIPAddresses/pip5790\",\r\n  \"etag\": \"W/\\\"51b293c0-6bda-4669-bd0d-808826eb2899\\\"\",\r\n  \"location\": \"southeastasia\",\r\n  \"tags\": {\r\n    \"key\": \"value\"\r\n  },\r\n  \"properties\": {\r\n    \"provisioningState\": \"Updating\",\r\n    \"resourceGuid\": \"b16ada19-37a2-4147-934f-0a7e55fc4ab0\",\r\n    \"publicIPAddressVersion\": \"IPv4\",\r\n    \"publicIPAllocationMethod\": \"Dynamic\",\r\n    \"idleTimeoutInMinutes\": 4,\r\n    \"dnsSettings\": {\r\n      \"domainNameLabel\": \"dn9154\",\r\n      \"fqdn\": \"dn9154.southeastasia.cloudapp.azure.com\"\r\n    },\r\n    \"ipTags\": []\r\n  },\r\n  \"type\": \"Microsoft.Network/publicIPAddresses\",\r\n  \"sku\": {\r\n    \"name\": \"Basic\"\r\n  }\r\n}",
      "StatusCode": 201
    },
    {
      "RequestUri": "/subscriptions/e37510d7-33b6-4676-886f-ee75bcc01871/providers/Microsoft.Network/locations/southeastasia/operations/b42e36e6-aadd-4e0f-8b9f-d02d659460e0?api-version=2019-09-01",
      "EncodedRequestUri": "L3N1YnNjcmlwdGlvbnMvZTM3NTEwZDctMzNiNi00Njc2LTg4NmYtZWU3NWJjYzAxODcxL3Byb3ZpZGVycy9NaWNyb3NvZnQuTmV0d29yay9sb2NhdGlvbnMvc291dGhlYXN0YXNpYS9vcGVyYXRpb25zL2I0MmUzNmU2LWFhZGQtNGUwZi04YjlmLWQwMmQ2NTk0NjBlMD9hcGktdmVyc2lvbj0yMDE5LTA5LTAx",
      "RequestMethod": "GET",
      "RequestBody": "",
      "RequestHeaders": {
        "User-Agent": [
          "FxVersion/4.6.29518.01",
          "OSName/Windows",
          "OSVersion/Microsoft.Windows.10.0.18363.",
          "Microsoft.Azure.Management.Network.NetworkManagementClient/19.17.1.0"
        ]
      },
      "ResponseHeaders": {
        "Cache-Control": [
          "no-cache"
        ],
        "Pragma": [
          "no-cache"
        ],
        "Retry-After": [
          "2"
        ],
        "x-ms-request-id": [
          "fb1558d8-ed31-4f36-b871-b4a02a096709"
        ],
        "x-ms-correlation-request-id": [
          "e82709c2-37dc-418e-bb06-21f3744b3c14"
        ],
        "x-ms-arm-service-request-id": [
          "38303fe0-9804-45b1-8d13-15eb7d952b0c"
        ],
        "Strict-Transport-Security": [
          "max-age=31536000; includeSubDomains"
        ],
        "Server": [
          "Microsoft-HTTPAPI/2.0",
          "Microsoft-HTTPAPI/2.0"
        ],
        "x-ms-ratelimit-remaining-subscription-reads": [
          "11999"
        ],
        "x-ms-routing-request-id": [
          "EASTUS2:20210323T045120Z:e82709c2-37dc-418e-bb06-21f3744b3c14"
        ],
        "X-Content-Type-Options": [
          "nosniff"
        ],
        "Date": [
          "Tue, 23 Mar 2021 04:51:19 GMT"
        ],
        "Content-Length": [
          "30"
        ],
        "Content-Type": [
          "application/json; charset=utf-8"
        ],
        "Expires": [
          "-1"
        ]
      },
      "ResponseBody": "{\r\n  \"status\": \"InProgress\"\r\n}",
      "StatusCode": 200
    },
    {
      "RequestUri": "/subscriptions/e37510d7-33b6-4676-886f-ee75bcc01871/providers/Microsoft.Network/locations/southeastasia/operations/b42e36e6-aadd-4e0f-8b9f-d02d659460e0?api-version=2019-09-01",
      "EncodedRequestUri": "L3N1YnNjcmlwdGlvbnMvZTM3NTEwZDctMzNiNi00Njc2LTg4NmYtZWU3NWJjYzAxODcxL3Byb3ZpZGVycy9NaWNyb3NvZnQuTmV0d29yay9sb2NhdGlvbnMvc291dGhlYXN0YXNpYS9vcGVyYXRpb25zL2I0MmUzNmU2LWFhZGQtNGUwZi04YjlmLWQwMmQ2NTk0NjBlMD9hcGktdmVyc2lvbj0yMDE5LTA5LTAx",
      "RequestMethod": "GET",
      "RequestBody": "",
      "RequestHeaders": {
        "User-Agent": [
          "FxVersion/4.6.29518.01",
          "OSName/Windows",
          "OSVersion/Microsoft.Windows.10.0.18363.",
          "Microsoft.Azure.Management.Network.NetworkManagementClient/19.17.1.0"
        ]
      },
      "ResponseHeaders": {
        "Cache-Control": [
          "no-cache"
        ],
        "Pragma": [
          "no-cache"
        ],
        "x-ms-request-id": [
          "ed787bf5-bd86-42fc-afef-94727025e4f5"
        ],
        "x-ms-correlation-request-id": [
          "212be555-5e42-4ae5-9c00-c26c9aa54d0a"
        ],
        "x-ms-arm-service-request-id": [
          "95412e50-bda2-4962-b717-159dbe5c81d6"
        ],
        "Strict-Transport-Security": [
          "max-age=31536000; includeSubDomains"
        ],
        "Server": [
          "Microsoft-HTTPAPI/2.0",
          "Microsoft-HTTPAPI/2.0"
        ],
        "x-ms-ratelimit-remaining-subscription-reads": [
          "11998"
        ],
        "x-ms-routing-request-id": [
          "EASTUS2:20210323T045122Z:212be555-5e42-4ae5-9c00-c26c9aa54d0a"
        ],
        "X-Content-Type-Options": [
          "nosniff"
        ],
        "Date": [
          "Tue, 23 Mar 2021 04:51:21 GMT"
        ],
        "Content-Length": [
          "29"
        ],
        "Content-Type": [
          "application/json; charset=utf-8"
        ],
        "Expires": [
          "-1"
        ]
      },
      "ResponseBody": "{\r\n  \"status\": \"Succeeded\"\r\n}",
      "StatusCode": 200
    },
    {
      "RequestUri": "/subscriptions/e37510d7-33b6-4676-886f-ee75bcc01871/resourceGroups/crptestar26741/providers/Microsoft.Network/publicIPAddresses/pip5790?api-version=2019-09-01",
      "EncodedRequestUri": "L3N1YnNjcmlwdGlvbnMvZTM3NTEwZDctMzNiNi00Njc2LTg4NmYtZWU3NWJjYzAxODcxL3Jlc291cmNlR3JvdXBzL2NycHRlc3RhcjI2NzQxL3Byb3ZpZGVycy9NaWNyb3NvZnQuTmV0d29yay9wdWJsaWNJUEFkZHJlc3Nlcy9waXA1NzkwP2FwaS12ZXJzaW9uPTIwMTktMDktMDE=",
      "RequestMethod": "GET",
      "RequestBody": "",
      "RequestHeaders": {
        "User-Agent": [
          "FxVersion/4.6.29518.01",
          "OSName/Windows",
          "OSVersion/Microsoft.Windows.10.0.18363.",
          "Microsoft.Azure.Management.Network.NetworkManagementClient/19.17.1.0"
        ]
      },
      "ResponseHeaders": {
        "Cache-Control": [
          "no-cache"
        ],
        "Pragma": [
          "no-cache"
        ],
        "ETag": [
          "W/\"4f0a4bcc-06d1-44aa-b9eb-1f4c4acd4d62\""
        ],
        "x-ms-request-id": [
          "1590fb1f-c929-4090-8eee-7241e561fd83"
        ],
        "x-ms-correlation-request-id": [
          "2b50f517-7b22-402c-bbb0-84e4274cd221"
        ],
        "x-ms-arm-service-request-id": [
          "4de0aa39-c21e-45cd-bbd6-e7fb60889101"
        ],
        "Strict-Transport-Security": [
          "max-age=31536000; includeSubDomains"
        ],
        "Server": [
          "Microsoft-HTTPAPI/2.0",
          "Microsoft-HTTPAPI/2.0"
        ],
        "x-ms-ratelimit-remaining-subscription-reads": [
          "11997"
        ],
        "x-ms-routing-request-id": [
          "EASTUS2:20210323T045122Z:2b50f517-7b22-402c-bbb0-84e4274cd221"
        ],
        "X-Content-Type-Options": [
          "nosniff"
        ],
        "Date": [
          "Tue, 23 Mar 2021 04:51:22 GMT"
        ],
        "Content-Length": [
          "771"
        ],
        "Content-Type": [
          "application/json; charset=utf-8"
        ],
        "Expires": [
          "-1"
        ]
      },
      "ResponseBody": "{\r\n  \"name\": \"pip5790\",\r\n  \"id\": \"/subscriptions/e37510d7-33b6-4676-886f-ee75bcc01871/resourceGroups/crptestar26741/providers/Microsoft.Network/publicIPAddresses/pip5790\",\r\n  \"etag\": \"W/\\\"4f0a4bcc-06d1-44aa-b9eb-1f4c4acd4d62\\\"\",\r\n  \"location\": \"southeastasia\",\r\n  \"tags\": {\r\n    \"key\": \"value\"\r\n  },\r\n  \"properties\": {\r\n    \"provisioningState\": \"Succeeded\",\r\n    \"resourceGuid\": \"b16ada19-37a2-4147-934f-0a7e55fc4ab0\",\r\n    \"publicIPAddressVersion\": \"IPv4\",\r\n    \"publicIPAllocationMethod\": \"Dynamic\",\r\n    \"idleTimeoutInMinutes\": 4,\r\n    \"dnsSettings\": {\r\n      \"domainNameLabel\": \"dn9154\",\r\n      \"fqdn\": \"dn9154.southeastasia.cloudapp.azure.com\"\r\n    },\r\n    \"ipTags\": []\r\n  },\r\n  \"type\": \"Microsoft.Network/publicIPAddresses\",\r\n  \"sku\": {\r\n    \"name\": \"Basic\"\r\n  }\r\n}",
      "StatusCode": 200
    },
    {
      "RequestUri": "/subscriptions/e37510d7-33b6-4676-886f-ee75bcc01871/resourceGroups/crptestar26741/providers/Microsoft.Network/publicIPAddresses/pip5790?api-version=2019-09-01",
      "EncodedRequestUri": "L3N1YnNjcmlwdGlvbnMvZTM3NTEwZDctMzNiNi00Njc2LTg4NmYtZWU3NWJjYzAxODcxL3Jlc291cmNlR3JvdXBzL2NycHRlc3RhcjI2NzQxL3Byb3ZpZGVycy9NaWNyb3NvZnQuTmV0d29yay9wdWJsaWNJUEFkZHJlc3Nlcy9waXA1NzkwP2FwaS12ZXJzaW9uPTIwMTktMDktMDE=",
      "RequestMethod": "GET",
      "RequestBody": "",
      "RequestHeaders": {
        "x-ms-client-request-id": [
          "213f771b-cf9e-45bc-bb76-c3522b261826"
        ],
        "Accept-Language": [
          "en-US"
        ],
        "User-Agent": [
          "FxVersion/4.6.29518.01",
          "OSName/Windows",
          "OSVersion/Microsoft.Windows.10.0.18363.",
          "Microsoft.Azure.Management.Network.NetworkManagementClient/19.17.1.0"
        ]
      },
      "ResponseHeaders": {
        "Cache-Control": [
          "no-cache"
        ],
        "Pragma": [
          "no-cache"
        ],
        "ETag": [
          "W/\"4f0a4bcc-06d1-44aa-b9eb-1f4c4acd4d62\""
        ],
        "x-ms-request-id": [
          "e261a452-1568-4f29-a322-a89831ef159a"
        ],
        "x-ms-correlation-request-id": [
          "f8c2861b-cb66-4db8-841c-53987237be6a"
        ],
        "x-ms-arm-service-request-id": [
          "7248e5d6-2129-4750-b114-d5f09cfdb0c4"
        ],
        "Strict-Transport-Security": [
          "max-age=31536000; includeSubDomains"
        ],
        "Server": [
          "Microsoft-HTTPAPI/2.0",
          "Microsoft-HTTPAPI/2.0"
        ],
        "x-ms-ratelimit-remaining-subscription-reads": [
          "11996"
        ],
        "x-ms-routing-request-id": [
          "EASTUS2:20210323T045122Z:f8c2861b-cb66-4db8-841c-53987237be6a"
        ],
        "X-Content-Type-Options": [
          "nosniff"
        ],
        "Date": [
          "Tue, 23 Mar 2021 04:51:22 GMT"
        ],
        "Content-Length": [
          "771"
        ],
        "Content-Type": [
          "application/json; charset=utf-8"
        ],
        "Expires": [
          "-1"
        ]
      },
      "ResponseBody": "{\r\n  \"name\": \"pip5790\",\r\n  \"id\": \"/subscriptions/e37510d7-33b6-4676-886f-ee75bcc01871/resourceGroups/crptestar26741/providers/Microsoft.Network/publicIPAddresses/pip5790\",\r\n  \"etag\": \"W/\\\"4f0a4bcc-06d1-44aa-b9eb-1f4c4acd4d62\\\"\",\r\n  \"location\": \"southeastasia\",\r\n  \"tags\": {\r\n    \"key\": \"value\"\r\n  },\r\n  \"properties\": {\r\n    \"provisioningState\": \"Succeeded\",\r\n    \"resourceGuid\": \"b16ada19-37a2-4147-934f-0a7e55fc4ab0\",\r\n    \"publicIPAddressVersion\": \"IPv4\",\r\n    \"publicIPAllocationMethod\": \"Dynamic\",\r\n    \"idleTimeoutInMinutes\": 4,\r\n    \"dnsSettings\": {\r\n      \"domainNameLabel\": \"dn9154\",\r\n      \"fqdn\": \"dn9154.southeastasia.cloudapp.azure.com\"\r\n    },\r\n    \"ipTags\": []\r\n  },\r\n  \"type\": \"Microsoft.Network/publicIPAddresses\",\r\n  \"sku\": {\r\n    \"name\": \"Basic\"\r\n  }\r\n}",
      "StatusCode": 200
    },
    {
      "RequestUri": "/subscriptions/e37510d7-33b6-4676-886f-ee75bcc01871/resourceGroups/crptestar26741/providers/Microsoft.Network/virtualNetworks/vn3794?api-version=2019-09-01",
      "EncodedRequestUri": "L3N1YnNjcmlwdGlvbnMvZTM3NTEwZDctMzNiNi00Njc2LTg4NmYtZWU3NWJjYzAxODcxL3Jlc291cmNlR3JvdXBzL2NycHRlc3RhcjI2NzQxL3Byb3ZpZGVycy9NaWNyb3NvZnQuTmV0d29yay92aXJ0dWFsTmV0d29ya3Mvdm4zNzk0P2FwaS12ZXJzaW9uPTIwMTktMDktMDE=",
      "RequestMethod": "PUT",
      "RequestBody": "{\r\n  \"properties\": {\r\n    \"addressSpace\": {\r\n      \"addressPrefixes\": [\r\n        \"10.0.0.0/16\"\r\n      ]\r\n    },\r\n    \"dhcpOptions\": {\r\n      \"dnsServers\": [\r\n        \"10.1.1.1\",\r\n        \"10.1.2.4\"\r\n      ]\r\n    },\r\n    \"subnets\": [\r\n      {\r\n        \"properties\": {\r\n          \"addressPrefix\": \"10.0.0.0/24\"\r\n        },\r\n        \"name\": \"sn5133\"\r\n      }\r\n    ]\r\n  },\r\n  \"location\": \"SoutheastAsia\"\r\n}",
      "RequestHeaders": {
        "x-ms-client-request-id": [
          "41649e53-12a3-4fd2-8663-17c07000a985"
        ],
        "Accept-Language": [
          "en-US"
        ],
        "User-Agent": [
          "FxVersion/4.6.29518.01",
          "OSName/Windows",
          "OSVersion/Microsoft.Windows.10.0.18363.",
          "Microsoft.Azure.Management.Network.NetworkManagementClient/19.17.1.0"
        ],
        "Content-Type": [
          "application/json; charset=utf-8"
        ],
        "Content-Length": [
          "402"
        ]
      },
      "ResponseHeaders": {
        "Cache-Control": [
          "no-cache"
        ],
        "Pragma": [
          "no-cache"
        ],
        "Retry-After": [
          "3"
        ],
        "x-ms-request-id": [
          "681592c4-0ef0-440a-b64e-9544879534bf"
        ],
        "Azure-AsyncOperation": [
          "https://management.azure.com/subscriptions/e37510d7-33b6-4676-886f-ee75bcc01871/providers/Microsoft.Network/locations/southeastasia/operations/681592c4-0ef0-440a-b64e-9544879534bf?api-version=2019-09-01"
        ],
        "x-ms-correlation-request-id": [
          "4f6f219e-daa7-4fc0-8206-ce8a95d89975"
        ],
        "Azure-AsyncNotification": [
          "Enabled"
        ],
        "x-ms-arm-service-request-id": [
          "f1e3a931-1727-4037-8eb5-d050961ed1d3"
        ],
        "Strict-Transport-Security": [
          "max-age=31536000; includeSubDomains"
        ],
        "Server": [
          "Microsoft-HTTPAPI/2.0",
          "Microsoft-HTTPAPI/2.0"
        ],
        "x-ms-ratelimit-remaining-subscription-writes": [
          "1198"
        ],
        "x-ms-routing-request-id": [
          "EASTUS2:20210323T045127Z:4f6f219e-daa7-4fc0-8206-ce8a95d89975"
        ],
        "X-Content-Type-Options": [
          "nosniff"
        ],
        "Date": [
          "Tue, 23 Mar 2021 04:51:26 GMT"
        ],
        "Content-Length": [
          "1323"
        ],
        "Content-Type": [
          "application/json; charset=utf-8"
        ],
        "Expires": [
          "-1"
        ]
      },
      "ResponseBody": "{\r\n  \"name\": \"vn3794\",\r\n  \"id\": \"/subscriptions/e37510d7-33b6-4676-886f-ee75bcc01871/resourceGroups/crptestar26741/providers/Microsoft.Network/virtualNetworks/vn3794\",\r\n  \"etag\": \"W/\\\"bfce2414-f399-46a3-b559-341b5726c164\\\"\",\r\n  \"type\": \"Microsoft.Network/virtualNetworks\",\r\n  \"location\": \"southeastasia\",\r\n  \"properties\": {\r\n    \"provisioningState\": \"Updating\",\r\n    \"resourceGuid\": \"be41ce0e-82eb-4a2c-964f-f37c2a7fe086\",\r\n    \"addressSpace\": {\r\n      \"addressPrefixes\": [\r\n        \"10.0.0.0/16\"\r\n      ]\r\n    },\r\n    \"dhcpOptions\": {\r\n      \"dnsServers\": [\r\n        \"10.1.1.1\",\r\n        \"10.1.2.4\"\r\n      ]\r\n    },\r\n    \"subnets\": [\r\n      {\r\n        \"name\": \"sn5133\",\r\n        \"id\": \"/subscriptions/e37510d7-33b6-4676-886f-ee75bcc01871/resourceGroups/crptestar26741/providers/Microsoft.Network/virtualNetworks/vn3794/subnets/sn5133\",\r\n        \"etag\": \"W/\\\"bfce2414-f399-46a3-b559-341b5726c164\\\"\",\r\n        \"properties\": {\r\n          \"provisioningState\": \"Updating\",\r\n          \"addressPrefix\": \"10.0.0.0/24\",\r\n          \"delegations\": [],\r\n          \"privateEndpointNetworkPolicies\": \"Enabled\",\r\n          \"privateLinkServiceNetworkPolicies\": \"Enabled\"\r\n        },\r\n        \"type\": \"Microsoft.Network/virtualNetworks/subnets\"\r\n      }\r\n    ],\r\n    \"virtualNetworkPeerings\": [],\r\n    \"enableDdosProtection\": false\r\n  }\r\n}",
      "StatusCode": 201
    },
    {
      "RequestUri": "/subscriptions/e37510d7-33b6-4676-886f-ee75bcc01871/providers/Microsoft.Network/locations/southeastasia/operations/681592c4-0ef0-440a-b64e-9544879534bf?api-version=2019-09-01",
      "EncodedRequestUri": "L3N1YnNjcmlwdGlvbnMvZTM3NTEwZDctMzNiNi00Njc2LTg4NmYtZWU3NWJjYzAxODcxL3Byb3ZpZGVycy9NaWNyb3NvZnQuTmV0d29yay9sb2NhdGlvbnMvc291dGhlYXN0YXNpYS9vcGVyYXRpb25zLzY4MTU5MmM0LTBlZjAtNDQwYS1iNjRlLTk1NDQ4Nzk1MzRiZj9hcGktdmVyc2lvbj0yMDE5LTA5LTAx",
      "RequestMethod": "GET",
      "RequestBody": "",
      "RequestHeaders": {
        "User-Agent": [
          "FxVersion/4.6.29518.01",
          "OSName/Windows",
          "OSVersion/Microsoft.Windows.10.0.18363.",
          "Microsoft.Azure.Management.Network.NetworkManagementClient/19.17.1.0"
        ]
      },
      "ResponseHeaders": {
        "Cache-Control": [
          "no-cache"
        ],
        "Pragma": [
          "no-cache"
        ],
        "x-ms-request-id": [
          "f4d8371e-ad57-402c-8978-f24835b30ed9"
        ],
        "x-ms-correlation-request-id": [
          "2981b480-7e16-452d-a568-0d2551bcd409"
        ],
        "x-ms-arm-service-request-id": [
          "9f2a6c87-e287-45e5-9151-5e2701196e85"
        ],
        "Strict-Transport-Security": [
          "max-age=31536000; includeSubDomains"
        ],
        "Server": [
          "Microsoft-HTTPAPI/2.0",
          "Microsoft-HTTPAPI/2.0"
        ],
        "x-ms-ratelimit-remaining-subscription-reads": [
          "11995"
        ],
        "x-ms-routing-request-id": [
          "EASTUS2:20210323T045131Z:2981b480-7e16-452d-a568-0d2551bcd409"
        ],
        "X-Content-Type-Options": [
          "nosniff"
        ],
        "Date": [
          "Tue, 23 Mar 2021 04:51:30 GMT"
        ],
        "Content-Length": [
          "29"
        ],
        "Content-Type": [
          "application/json; charset=utf-8"
        ],
        "Expires": [
          "-1"
        ]
      },
      "ResponseBody": "{\r\n  \"status\": \"Succeeded\"\r\n}",
      "StatusCode": 200
    },
    {
      "RequestUri": "/subscriptions/e37510d7-33b6-4676-886f-ee75bcc01871/resourceGroups/crptestar26741/providers/Microsoft.Network/virtualNetworks/vn3794?api-version=2019-09-01",
      "EncodedRequestUri": "L3N1YnNjcmlwdGlvbnMvZTM3NTEwZDctMzNiNi00Njc2LTg4NmYtZWU3NWJjYzAxODcxL3Jlc291cmNlR3JvdXBzL2NycHRlc3RhcjI2NzQxL3Byb3ZpZGVycy9NaWNyb3NvZnQuTmV0d29yay92aXJ0dWFsTmV0d29ya3Mvdm4zNzk0P2FwaS12ZXJzaW9uPTIwMTktMDktMDE=",
      "RequestMethod": "GET",
      "RequestBody": "",
      "RequestHeaders": {
        "User-Agent": [
          "FxVersion/4.6.29518.01",
          "OSName/Windows",
          "OSVersion/Microsoft.Windows.10.0.18363.",
          "Microsoft.Azure.Management.Network.NetworkManagementClient/19.17.1.0"
        ]
      },
      "ResponseHeaders": {
        "Cache-Control": [
          "no-cache"
        ],
        "Pragma": [
          "no-cache"
        ],
        "ETag": [
          "W/\"c31654d8-8c4b-40cc-b95b-e1a4e64bb11c\""
        ],
        "x-ms-request-id": [
          "7beed85a-d5f2-4f84-bcb4-c23bc869ad8f"
        ],
        "x-ms-correlation-request-id": [
          "bdd54077-8810-4f3b-9ddb-e78284e94efd"
        ],
        "x-ms-arm-service-request-id": [
          "6f43a9c1-6d70-479b-ba07-0c48ef11abb0"
        ],
        "Strict-Transport-Security": [
          "max-age=31536000; includeSubDomains"
        ],
        "Server": [
          "Microsoft-HTTPAPI/2.0",
          "Microsoft-HTTPAPI/2.0"
        ],
        "x-ms-ratelimit-remaining-subscription-reads": [
          "11994"
        ],
        "x-ms-routing-request-id": [
          "EASTUS2:20210323T045131Z:bdd54077-8810-4f3b-9ddb-e78284e94efd"
        ],
        "X-Content-Type-Options": [
          "nosniff"
        ],
        "Date": [
          "Tue, 23 Mar 2021 04:51:30 GMT"
        ],
        "Content-Length": [
          "1325"
        ],
        "Content-Type": [
          "application/json; charset=utf-8"
        ],
        "Expires": [
          "-1"
        ]
      },
      "ResponseBody": "{\r\n  \"name\": \"vn3794\",\r\n  \"id\": \"/subscriptions/e37510d7-33b6-4676-886f-ee75bcc01871/resourceGroups/crptestar26741/providers/Microsoft.Network/virtualNetworks/vn3794\",\r\n  \"etag\": \"W/\\\"c31654d8-8c4b-40cc-b95b-e1a4e64bb11c\\\"\",\r\n  \"type\": \"Microsoft.Network/virtualNetworks\",\r\n  \"location\": \"southeastasia\",\r\n  \"properties\": {\r\n    \"provisioningState\": \"Succeeded\",\r\n    \"resourceGuid\": \"be41ce0e-82eb-4a2c-964f-f37c2a7fe086\",\r\n    \"addressSpace\": {\r\n      \"addressPrefixes\": [\r\n        \"10.0.0.0/16\"\r\n      ]\r\n    },\r\n    \"dhcpOptions\": {\r\n      \"dnsServers\": [\r\n        \"10.1.1.1\",\r\n        \"10.1.2.4\"\r\n      ]\r\n    },\r\n    \"subnets\": [\r\n      {\r\n        \"name\": \"sn5133\",\r\n        \"id\": \"/subscriptions/e37510d7-33b6-4676-886f-ee75bcc01871/resourceGroups/crptestar26741/providers/Microsoft.Network/virtualNetworks/vn3794/subnets/sn5133\",\r\n        \"etag\": \"W/\\\"c31654d8-8c4b-40cc-b95b-e1a4e64bb11c\\\"\",\r\n        \"properties\": {\r\n          \"provisioningState\": \"Succeeded\",\r\n          \"addressPrefix\": \"10.0.0.0/24\",\r\n          \"delegations\": [],\r\n          \"privateEndpointNetworkPolicies\": \"Enabled\",\r\n          \"privateLinkServiceNetworkPolicies\": \"Enabled\"\r\n        },\r\n        \"type\": \"Microsoft.Network/virtualNetworks/subnets\"\r\n      }\r\n    ],\r\n    \"virtualNetworkPeerings\": [],\r\n    \"enableDdosProtection\": false\r\n  }\r\n}",
      "StatusCode": 200
    },
    {
      "RequestUri": "/subscriptions/e37510d7-33b6-4676-886f-ee75bcc01871/resourceGroups/crptestar26741/providers/Microsoft.Network/virtualNetworks/vn3794/subnets/sn5133?api-version=2019-09-01",
      "EncodedRequestUri": "L3N1YnNjcmlwdGlvbnMvZTM3NTEwZDctMzNiNi00Njc2LTg4NmYtZWU3NWJjYzAxODcxL3Jlc291cmNlR3JvdXBzL2NycHRlc3RhcjI2NzQxL3Byb3ZpZGVycy9NaWNyb3NvZnQuTmV0d29yay92aXJ0dWFsTmV0d29ya3Mvdm4zNzk0L3N1Ym5ldHMvc241MTMzP2FwaS12ZXJzaW9uPTIwMTktMDktMDE=",
      "RequestMethod": "GET",
      "RequestBody": "",
      "RequestHeaders": {
        "x-ms-client-request-id": [
          "f96d02d4-5d96-4b6b-bc31-af0f7ffc1019"
        ],
        "Accept-Language": [
          "en-US"
        ],
        "User-Agent": [
          "FxVersion/4.6.29518.01",
          "OSName/Windows",
          "OSVersion/Microsoft.Windows.10.0.18363.",
          "Microsoft.Azure.Management.Network.NetworkManagementClient/19.17.1.0"
        ]
      },
      "ResponseHeaders": {
        "Cache-Control": [
          "no-cache"
        ],
        "Pragma": [
          "no-cache"
        ],
        "ETag": [
          "W/\"c31654d8-8c4b-40cc-b95b-e1a4e64bb11c\""
        ],
        "x-ms-request-id": [
          "0278f6c3-1cda-4836-9c45-d1dbb399e4b0"
        ],
        "x-ms-correlation-request-id": [
          "68a02b40-eb57-4f15-8f6b-0c092c2c00df"
        ],
        "x-ms-arm-service-request-id": [
          "5319897b-8123-46f5-8a61-f2c6606325fd"
        ],
        "Strict-Transport-Security": [
          "max-age=31536000; includeSubDomains"
        ],
        "Server": [
          "Microsoft-HTTPAPI/2.0",
          "Microsoft-HTTPAPI/2.0"
        ],
        "x-ms-ratelimit-remaining-subscription-reads": [
          "11993"
        ],
        "x-ms-routing-request-id": [
          "EASTUS2:20210323T045131Z:68a02b40-eb57-4f15-8f6b-0c092c2c00df"
        ],
        "X-Content-Type-Options": [
          "nosniff"
        ],
        "Date": [
          "Tue, 23 Mar 2021 04:51:30 GMT"
        ],
        "Content-Length": [
          "524"
        ],
        "Content-Type": [
          "application/json; charset=utf-8"
        ],
        "Expires": [
          "-1"
        ]
      },
      "ResponseBody": "{\r\n  \"name\": \"sn5133\",\r\n  \"id\": \"/subscriptions/e37510d7-33b6-4676-886f-ee75bcc01871/resourceGroups/crptestar26741/providers/Microsoft.Network/virtualNetworks/vn3794/subnets/sn5133\",\r\n  \"etag\": \"W/\\\"c31654d8-8c4b-40cc-b95b-e1a4e64bb11c\\\"\",\r\n  \"properties\": {\r\n    \"provisioningState\": \"Succeeded\",\r\n    \"addressPrefix\": \"10.0.0.0/24\",\r\n    \"delegations\": [],\r\n    \"privateEndpointNetworkPolicies\": \"Enabled\",\r\n    \"privateLinkServiceNetworkPolicies\": \"Enabled\"\r\n  },\r\n  \"type\": \"Microsoft.Network/virtualNetworks/subnets\"\r\n}",
      "StatusCode": 200
    },
    {
      "RequestUri": "/subscriptions/e37510d7-33b6-4676-886f-ee75bcc01871/resourceGroups/crptestar26741/providers/Microsoft.Network/networkInterfaces/nic6292?api-version=2019-09-01",
      "EncodedRequestUri": "L3N1YnNjcmlwdGlvbnMvZTM3NTEwZDctMzNiNi00Njc2LTg4NmYtZWU3NWJjYzAxODcxL3Jlc291cmNlR3JvdXBzL2NycHRlc3RhcjI2NzQxL3Byb3ZpZGVycy9NaWNyb3NvZnQuTmV0d29yay9uZXR3b3JrSW50ZXJmYWNlcy9uaWM2MjkyP2FwaS12ZXJzaW9uPTIwMTktMDktMDE=",
      "RequestMethod": "PUT",
      "RequestBody": "{\r\n  \"properties\": {\r\n    \"ipConfigurations\": [\r\n      {\r\n        \"properties\": {\r\n          \"privateIPAllocationMethod\": \"Dynamic\",\r\n          \"subnet\": {\r\n            \"properties\": {\r\n              \"addressPrefix\": \"10.0.0.0/24\",\r\n              \"delegations\": [],\r\n              \"privateEndpointNetworkPolicies\": \"Enabled\",\r\n              \"privateLinkServiceNetworkPolicies\": \"Enabled\"\r\n            },\r\n            \"name\": \"sn5133\",\r\n            \"id\": \"/subscriptions/e37510d7-33b6-4676-886f-ee75bcc01871/resourceGroups/crptestar26741/providers/Microsoft.Network/virtualNetworks/vn3794/subnets/sn5133\"\r\n          }\r\n        },\r\n        \"name\": \"ip7628\"\r\n      }\r\n    ]\r\n  },\r\n  \"location\": \"SoutheastAsia\",\r\n  \"tags\": {\r\n    \"key\": \"value\"\r\n  }\r\n}",
      "RequestHeaders": {
        "x-ms-client-request-id": [
          "a3f4bc43-b1db-4b9e-a15b-2223d16421cc"
        ],
        "Accept-Language": [
          "en-US"
        ],
        "User-Agent": [
          "FxVersion/4.6.29518.01",
          "OSName/Windows",
          "OSVersion/Microsoft.Windows.10.0.18363.",
          "Microsoft.Azure.Management.Network.NetworkManagementClient/19.17.1.0"
        ],
        "Content-Type": [
          "application/json; charset=utf-8"
        ],
        "Content-Length": [
          "749"
        ]
      },
      "ResponseHeaders": {
        "Cache-Control": [
          "no-cache"
        ],
        "Pragma": [
          "no-cache"
        ],
        "x-ms-request-id": [
          "ba402dcc-8828-417e-948e-61030f8b3625"
        ],
        "Azure-AsyncOperation": [
          "https://management.azure.com/subscriptions/e37510d7-33b6-4676-886f-ee75bcc01871/providers/Microsoft.Network/locations/southeastasia/operations/ba402dcc-8828-417e-948e-61030f8b3625?api-version=2019-09-01"
        ],
        "x-ms-correlation-request-id": [
          "3983736f-4ef1-4274-839c-62a765e55549"
        ],
        "Azure-AsyncNotification": [
          "Enabled"
        ],
        "x-ms-arm-service-request-id": [
          "e20a2ad4-bdcf-44a2-be5a-dce837643790"
        ],
        "Strict-Transport-Security": [
          "max-age=31536000; includeSubDomains"
        ],
        "Server": [
          "Microsoft-HTTPAPI/2.0",
          "Microsoft-HTTPAPI/2.0"
        ],
        "x-ms-ratelimit-remaining-subscription-writes": [
          "1197"
        ],
        "x-ms-routing-request-id": [
          "EASTUS2:20210323T045135Z:3983736f-4ef1-4274-839c-62a765e55549"
        ],
        "X-Content-Type-Options": [
          "nosniff"
        ],
        "Date": [
          "Tue, 23 Mar 2021 04:51:35 GMT"
        ],
        "Content-Length": [
          "1634"
        ],
        "Content-Type": [
          "application/json; charset=utf-8"
        ],
        "Expires": [
          "-1"
        ]
      },
      "ResponseBody": "{\r\n  \"name\": \"nic6292\",\r\n  \"id\": \"/subscriptions/e37510d7-33b6-4676-886f-ee75bcc01871/resourceGroups/crptestar26741/providers/Microsoft.Network/networkInterfaces/nic6292\",\r\n  \"etag\": \"W/\\\"1b77dd09-bf41-40e9-86d0-63e78ceecbdd\\\"\",\r\n  \"location\": \"southeastasia\",\r\n  \"tags\": {\r\n    \"key\": \"value\"\r\n  },\r\n  \"properties\": {\r\n    \"provisioningState\": \"Succeeded\",\r\n    \"resourceGuid\": \"d1ba32f2-7c56-4688-afff-7ac9a7b26f7e\",\r\n    \"ipConfigurations\": [\r\n      {\r\n        \"name\": \"ip7628\",\r\n        \"id\": \"/subscriptions/e37510d7-33b6-4676-886f-ee75bcc01871/resourceGroups/crptestar26741/providers/Microsoft.Network/networkInterfaces/nic6292/ipConfigurations/ip7628\",\r\n        \"etag\": \"W/\\\"1b77dd09-bf41-40e9-86d0-63e78ceecbdd\\\"\",\r\n        \"type\": \"Microsoft.Network/networkInterfaces/ipConfigurations\",\r\n        \"properties\": {\r\n          \"provisioningState\": \"Succeeded\",\r\n          \"privateIPAddress\": \"10.0.0.4\",\r\n          \"privateIPAllocationMethod\": \"Dynamic\",\r\n          \"subnet\": {\r\n            \"id\": \"/subscriptions/e37510d7-33b6-4676-886f-ee75bcc01871/resourceGroups/crptestar26741/providers/Microsoft.Network/virtualNetworks/vn3794/subnets/sn5133\"\r\n          },\r\n          \"primary\": true,\r\n          \"privateIPAddressVersion\": \"IPv4\"\r\n        }\r\n      }\r\n    ],\r\n    \"dnsSettings\": {\r\n      \"dnsServers\": [],\r\n      \"appliedDnsServers\": [],\r\n      \"internalDomainNameSuffix\": \"b1hedpxlqiwevfsp4n4cu55aqg.ix.internal.cloudapp.net\"\r\n    },\r\n    \"enableAcceleratedNetworking\": false,\r\n    \"enableIPForwarding\": false,\r\n    \"hostedWorkloads\": [],\r\n    \"tapConfigurations\": []\r\n  },\r\n  \"type\": \"Microsoft.Network/networkInterfaces\"\r\n}",
      "StatusCode": 201
    },
    {
      "RequestUri": "/subscriptions/e37510d7-33b6-4676-886f-ee75bcc01871/resourceGroups/crptestar26741/providers/Microsoft.Network/networkInterfaces/nic6292?api-version=2019-09-01",
      "EncodedRequestUri": "L3N1YnNjcmlwdGlvbnMvZTM3NTEwZDctMzNiNi00Njc2LTg4NmYtZWU3NWJjYzAxODcxL3Jlc291cmNlR3JvdXBzL2NycHRlc3RhcjI2NzQxL3Byb3ZpZGVycy9NaWNyb3NvZnQuTmV0d29yay9uZXR3b3JrSW50ZXJmYWNlcy9uaWM2MjkyP2FwaS12ZXJzaW9uPTIwMTktMDktMDE=",
      "RequestMethod": "GET",
      "RequestBody": "",
      "RequestHeaders": {
        "User-Agent": [
          "FxVersion/4.6.29518.01",
          "OSName/Windows",
          "OSVersion/Microsoft.Windows.10.0.18363.",
          "Microsoft.Azure.Management.Network.NetworkManagementClient/19.17.1.0"
        ]
      },
      "ResponseHeaders": {
        "Cache-Control": [
          "no-cache"
        ],
        "Pragma": [
          "no-cache"
        ],
        "ETag": [
          "W/\"1b77dd09-bf41-40e9-86d0-63e78ceecbdd\""
        ],
        "x-ms-request-id": [
          "0566c855-5e6a-4acf-9ebb-0e0fe4f671ca"
        ],
        "x-ms-correlation-request-id": [
          "f20bd07c-09d6-43c5-8b36-1b7e5b010b8d"
        ],
        "x-ms-arm-service-request-id": [
          "6308d5a4-f5da-4052-a58e-1323b1b47889"
        ],
        "Strict-Transport-Security": [
          "max-age=31536000; includeSubDomains"
        ],
        "Server": [
          "Microsoft-HTTPAPI/2.0",
          "Microsoft-HTTPAPI/2.0"
        ],
        "x-ms-ratelimit-remaining-subscription-reads": [
          "11992"
        ],
        "x-ms-routing-request-id": [
          "EASTUS2:20210323T045136Z:f20bd07c-09d6-43c5-8b36-1b7e5b010b8d"
        ],
        "X-Content-Type-Options": [
          "nosniff"
        ],
        "Date": [
          "Tue, 23 Mar 2021 04:51:35 GMT"
        ],
        "Content-Length": [
          "1634"
        ],
        "Content-Type": [
          "application/json; charset=utf-8"
        ],
        "Expires": [
          "-1"
        ]
      },
      "ResponseBody": "{\r\n  \"name\": \"nic6292\",\r\n  \"id\": \"/subscriptions/e37510d7-33b6-4676-886f-ee75bcc01871/resourceGroups/crptestar26741/providers/Microsoft.Network/networkInterfaces/nic6292\",\r\n  \"etag\": \"W/\\\"1b77dd09-bf41-40e9-86d0-63e78ceecbdd\\\"\",\r\n  \"location\": \"southeastasia\",\r\n  \"tags\": {\r\n    \"key\": \"value\"\r\n  },\r\n  \"properties\": {\r\n    \"provisioningState\": \"Succeeded\",\r\n    \"resourceGuid\": \"d1ba32f2-7c56-4688-afff-7ac9a7b26f7e\",\r\n    \"ipConfigurations\": [\r\n      {\r\n        \"name\": \"ip7628\",\r\n        \"id\": \"/subscriptions/e37510d7-33b6-4676-886f-ee75bcc01871/resourceGroups/crptestar26741/providers/Microsoft.Network/networkInterfaces/nic6292/ipConfigurations/ip7628\",\r\n        \"etag\": \"W/\\\"1b77dd09-bf41-40e9-86d0-63e78ceecbdd\\\"\",\r\n        \"type\": \"Microsoft.Network/networkInterfaces/ipConfigurations\",\r\n        \"properties\": {\r\n          \"provisioningState\": \"Succeeded\",\r\n          \"privateIPAddress\": \"10.0.0.4\",\r\n          \"privateIPAllocationMethod\": \"Dynamic\",\r\n          \"subnet\": {\r\n            \"id\": \"/subscriptions/e37510d7-33b6-4676-886f-ee75bcc01871/resourceGroups/crptestar26741/providers/Microsoft.Network/virtualNetworks/vn3794/subnets/sn5133\"\r\n          },\r\n          \"primary\": true,\r\n          \"privateIPAddressVersion\": \"IPv4\"\r\n        }\r\n      }\r\n    ],\r\n    \"dnsSettings\": {\r\n      \"dnsServers\": [],\r\n      \"appliedDnsServers\": [],\r\n      \"internalDomainNameSuffix\": \"b1hedpxlqiwevfsp4n4cu55aqg.ix.internal.cloudapp.net\"\r\n    },\r\n    \"enableAcceleratedNetworking\": false,\r\n    \"enableIPForwarding\": false,\r\n    \"hostedWorkloads\": [],\r\n    \"tapConfigurations\": []\r\n  },\r\n  \"type\": \"Microsoft.Network/networkInterfaces\"\r\n}",
      "StatusCode": 200
    },
    {
      "RequestUri": "/subscriptions/e37510d7-33b6-4676-886f-ee75bcc01871/resourceGroups/crptestar26741/providers/Microsoft.Network/networkInterfaces/nic6292?api-version=2019-09-01",
      "EncodedRequestUri": "L3N1YnNjcmlwdGlvbnMvZTM3NTEwZDctMzNiNi00Njc2LTg4NmYtZWU3NWJjYzAxODcxL3Jlc291cmNlR3JvdXBzL2NycHRlc3RhcjI2NzQxL3Byb3ZpZGVycy9NaWNyb3NvZnQuTmV0d29yay9uZXR3b3JrSW50ZXJmYWNlcy9uaWM2MjkyP2FwaS12ZXJzaW9uPTIwMTktMDktMDE=",
      "RequestMethod": "GET",
      "RequestBody": "",
      "RequestHeaders": {
        "x-ms-client-request-id": [
          "2c86bdc9-7e32-4769-9c72-26a32646c208"
        ],
        "Accept-Language": [
          "en-US"
        ],
        "User-Agent": [
          "FxVersion/4.6.29518.01",
          "OSName/Windows",
          "OSVersion/Microsoft.Windows.10.0.18363.",
          "Microsoft.Azure.Management.Network.NetworkManagementClient/19.17.1.0"
        ]
      },
      "ResponseHeaders": {
        "Cache-Control": [
          "no-cache"
        ],
        "Pragma": [
          "no-cache"
        ],
        "ETag": [
          "W/\"1b77dd09-bf41-40e9-86d0-63e78ceecbdd\""
        ],
        "x-ms-request-id": [
          "7e994cf0-84a7-40a1-96c9-38a99dee0c69"
        ],
        "x-ms-correlation-request-id": [
          "18a56e90-0f3b-4e97-8516-a65c744c0509"
        ],
        "x-ms-arm-service-request-id": [
          "1107c90f-b4ec-4b0a-a28f-a5c1cc8fb2a7"
        ],
        "Strict-Transport-Security": [
          "max-age=31536000; includeSubDomains"
        ],
        "Server": [
          "Microsoft-HTTPAPI/2.0",
          "Microsoft-HTTPAPI/2.0"
        ],
        "x-ms-ratelimit-remaining-subscription-reads": [
          "11991"
        ],
        "x-ms-routing-request-id": [
          "EASTUS2:20210323T045136Z:18a56e90-0f3b-4e97-8516-a65c744c0509"
        ],
        "X-Content-Type-Options": [
          "nosniff"
        ],
        "Date": [
          "Tue, 23 Mar 2021 04:51:35 GMT"
        ],
        "Content-Length": [
          "1634"
        ],
        "Content-Type": [
          "application/json; charset=utf-8"
        ],
        "Expires": [
          "-1"
        ]
      },
      "ResponseBody": "{\r\n  \"name\": \"nic6292\",\r\n  \"id\": \"/subscriptions/e37510d7-33b6-4676-886f-ee75bcc01871/resourceGroups/crptestar26741/providers/Microsoft.Network/networkInterfaces/nic6292\",\r\n  \"etag\": \"W/\\\"1b77dd09-bf41-40e9-86d0-63e78ceecbdd\\\"\",\r\n  \"location\": \"southeastasia\",\r\n  \"tags\": {\r\n    \"key\": \"value\"\r\n  },\r\n  \"properties\": {\r\n    \"provisioningState\": \"Succeeded\",\r\n    \"resourceGuid\": \"d1ba32f2-7c56-4688-afff-7ac9a7b26f7e\",\r\n    \"ipConfigurations\": [\r\n      {\r\n        \"name\": \"ip7628\",\r\n        \"id\": \"/subscriptions/e37510d7-33b6-4676-886f-ee75bcc01871/resourceGroups/crptestar26741/providers/Microsoft.Network/networkInterfaces/nic6292/ipConfigurations/ip7628\",\r\n        \"etag\": \"W/\\\"1b77dd09-bf41-40e9-86d0-63e78ceecbdd\\\"\",\r\n        \"type\": \"Microsoft.Network/networkInterfaces/ipConfigurations\",\r\n        \"properties\": {\r\n          \"provisioningState\": \"Succeeded\",\r\n          \"privateIPAddress\": \"10.0.0.4\",\r\n          \"privateIPAllocationMethod\": \"Dynamic\",\r\n          \"subnet\": {\r\n            \"id\": \"/subscriptions/e37510d7-33b6-4676-886f-ee75bcc01871/resourceGroups/crptestar26741/providers/Microsoft.Network/virtualNetworks/vn3794/subnets/sn5133\"\r\n          },\r\n          \"primary\": true,\r\n          \"privateIPAddressVersion\": \"IPv4\"\r\n        }\r\n      }\r\n    ],\r\n    \"dnsSettings\": {\r\n      \"dnsServers\": [],\r\n      \"appliedDnsServers\": [],\r\n      \"internalDomainNameSuffix\": \"b1hedpxlqiwevfsp4n4cu55aqg.ix.internal.cloudapp.net\"\r\n    },\r\n    \"enableAcceleratedNetworking\": false,\r\n    \"enableIPForwarding\": false,\r\n    \"hostedWorkloads\": [],\r\n    \"tapConfigurations\": []\r\n  },\r\n  \"type\": \"Microsoft.Network/networkInterfaces\"\r\n}",
      "StatusCode": 200
    },
    {
      "RequestUri": "/subscriptions/e37510d7-33b6-4676-886f-ee75bcc01871/resourceGroups/crptestar26741/providers/Microsoft.Compute/availabilitySets/as8258?api-version=2021-03-01",
      "EncodedRequestUri": "L3N1YnNjcmlwdGlvbnMvZTM3NTEwZDctMzNiNi00Njc2LTg4NmYtZWU3NWJjYzAxODcxL3Jlc291cmNlR3JvdXBzL2NycHRlc3RhcjI2NzQxL3Byb3ZpZGVycy9NaWNyb3NvZnQuQ29tcHV0ZS9hdmFpbGFiaWxpdHlTZXRzL2FzODI1OD9hcGktdmVyc2lvbj0yMDIxLTAzLTAx",
      "RequestMethod": "PUT",
      "RequestBody": "{\r\n  \"properties\": {\r\n    \"platformUpdateDomainCount\": 5,\r\n    \"platformFaultDomainCount\": 3\r\n  },\r\n  \"sku\": {\r\n    \"name\": \"Classic\"\r\n  },\r\n  \"location\": \"SoutheastAsia\",\r\n  \"tags\": {\r\n    \"RG\": \"rg\",\r\n    \"testTag\": \"1\"\r\n  }\r\n}",
      "RequestHeaders": {
        "x-ms-client-request-id": [
          "ce3fc723-bc4b-4d8d-837c-979588572a9c"
        ],
        "Accept-Language": [
          "en-US"
        ],
        "User-Agent": [
          "FxVersion/4.6.29518.01",
          "OSName/Windows",
          "OSVersion/Microsoft.Windows.10.0.18363.",
          "Microsoft.Azure.Management.Compute.ComputeManagementClient/44.0.0.0"
        ],
        "Content-Type": [
          "application/json; charset=utf-8"
        ],
        "Content-Length": [
          "229"
        ]
      },
      "ResponseHeaders": {
        "Cache-Control": [
          "no-cache"
        ],
        "Pragma": [
          "no-cache"
        ],
        "x-ms-ratelimit-remaining-resource": [
          "Microsoft.Compute/PutVM3Min;239,Microsoft.Compute/PutVM30Min;1190"
        ],
        "Strict-Transport-Security": [
          "max-age=31536000; includeSubDomains"
        ],
        "x-ms-request-id": [
          "e6578168-f5b9-4cd0-bdfd-2cacf70d4f93"
        ],
        "Server": [
          "Microsoft-HTTPAPI/2.0",
          "Microsoft-HTTPAPI/2.0"
        ],
        "x-ms-ratelimit-remaining-subscription-writes": [
          "1199"
        ],
        "x-ms-correlation-request-id": [
          "acdc93c6-831b-4df5-a9da-66b9a25b99a5"
        ],
        "x-ms-routing-request-id": [
          "EASTUS2:20210323T045145Z:acdc93c6-831b-4df5-a9da-66b9a25b99a5"
        ],
        "X-Content-Type-Options": [
          "nosniff"
        ],
        "Date": [
          "Tue, 23 Mar 2021 04:51:45 GMT"
        ],
        "Content-Length": [
          "445"
        ],
        "Content-Type": [
          "application/json; charset=utf-8"
        ],
        "Expires": [
          "-1"
        ]
      },
      "ResponseBody": "{\r\n  \"name\": \"as8258\",\r\n  \"id\": \"/subscriptions/e37510d7-33b6-4676-886f-ee75bcc01871/resourceGroups/crptestar26741/providers/Microsoft.Compute/availabilitySets/as8258\",\r\n  \"type\": \"Microsoft.Compute/availabilitySets\",\r\n  \"location\": \"southeastasia\",\r\n  \"tags\": {\r\n    \"RG\": \"rg\",\r\n    \"testTag\": \"1\"\r\n  },\r\n  \"properties\": {\r\n    \"platformUpdateDomainCount\": 5,\r\n    \"platformFaultDomainCount\": 3\r\n  },\r\n  \"sku\": {\r\n    \"name\": \"Classic\"\r\n  }\r\n}",
      "StatusCode": 200
    },
    {
      "RequestUri": "/subscriptions/e37510d7-33b6-4676-886f-ee75bcc01871/resourceGroups/crptestar26741/providers/Microsoft.Compute/virtualMachines/vm4688?api-version=2021-03-01",
      "EncodedRequestUri": "L3N1YnNjcmlwdGlvbnMvZTM3NTEwZDctMzNiNi00Njc2LTg4NmYtZWU3NWJjYzAxODcxL3Jlc291cmNlR3JvdXBzL2NycHRlc3RhcjI2NzQxL3Byb3ZpZGVycy9NaWNyb3NvZnQuQ29tcHV0ZS92aXJ0dWFsTWFjaGluZXMvdm00Njg4P2FwaS12ZXJzaW9uPTIwMjEtMDMtMDE=",
      "RequestMethod": "PUT",
      "RequestBody": "{\r\n  \"properties\": {\r\n    \"hardwareProfile\": {\r\n      \"vmSize\": \"Standard_A1_v2\"\r\n    },\r\n    \"storageProfile\": {\r\n      \"imageReference\": {\r\n        \"publisher\": \"MicrosoftWindowsServer\",\r\n        \"offer\": \"WindowsServer\",\r\n        \"sku\": \"2012-R2-Datacenter\",\r\n        \"version\": \"4.127.20180315\"\r\n      },\r\n      \"osDisk\": {\r\n        \"name\": \"test\",\r\n        \"vhd\": {\r\n          \"uri\": \"https://crptestar570.blob.core.windows.net/crptestar7170/oscrptestar5171.vhd\"\r\n        },\r\n        \"caching\": \"None\",\r\n        \"createOption\": \"FromImage\"\r\n      }\r\n    },\r\n    \"osProfile\": {\r\n      \"computerName\": \"Test\",\r\n      \"adminUsername\": \"Foo12\",\r\n      \"adminPassword\": \"[PLACEHOLDEr1]\"\r\n    },\r\n    \"networkProfile\": {\r\n      \"networkInterfaces\": [\r\n        {\r\n          \"id\": \"/subscriptions/e37510d7-33b6-4676-886f-ee75bcc01871/resourceGroups/crptestar26741/providers/Microsoft.Network/networkInterfaces/nic6292\"\r\n        }\r\n      ]\r\n    },\r\n    \"availabilitySet\": {\r\n      \"id\": \"/subscriptions/e37510d7-33b6-4676-886f-ee75bcc01871/resourceGroups/crptestar26741/providers/Microsoft.Compute/availabilitySets/as8258\"\r\n    }\r\n  },\r\n  \"location\": \"SoutheastAsia\",\r\n  \"tags\": {\r\n    \"RG\": \"rg\",\r\n    \"testTag\": \"1\"\r\n  }\r\n}",
      "RequestHeaders": {
        "x-ms-client-request-id": [
          "33e0b931-b19f-444a-869f-e79bbed83c44"
        ],
        "Accept-Language": [
          "en-US"
        ],
        "User-Agent": [
          "FxVersion/4.6.29518.01",
          "OSName/Windows",
          "OSVersion/Microsoft.Windows.10.0.18363.",
          "Microsoft.Azure.Management.Compute.ComputeManagementClient/44.0.0.0"
        ],
        "Content-Type": [
          "application/json; charset=utf-8"
        ],
        "Content-Length": [
          "1221"
        ]
      },
      "ResponseHeaders": {
        "Cache-Control": [
          "no-cache"
        ],
        "Pragma": [
          "no-cache"
        ],
        "Retry-After": [
          "10"
        ],
        "Azure-AsyncOperation": [
          "https://management.azure.com/subscriptions/e37510d7-33b6-4676-886f-ee75bcc01871/providers/Microsoft.Compute/locations/southeastasia/operations/83b3406a-2975-4a56-b136-569979495bb3?api-version=2021-03-01"
        ],
        "Azure-AsyncNotification": [
          "Enabled"
        ],
        "x-ms-ratelimit-remaining-resource": [
          "Microsoft.Compute/PutVM3Min;238,Microsoft.Compute/PutVM30Min;1189"
        ],
        "Strict-Transport-Security": [
          "max-age=31536000; includeSubDomains"
        ],
        "x-ms-request-id": [
          "83b3406a-2975-4a56-b136-569979495bb3"
        ],
        "Server": [
          "Microsoft-HTTPAPI/2.0",
          "Microsoft-HTTPAPI/2.0"
        ],
        "x-ms-ratelimit-remaining-subscription-writes": [
          "1198"
        ],
        "x-ms-correlation-request-id": [
          "3bc02a41-f51e-4bcd-ae1e-ef19fcc1e9f6"
        ],
        "x-ms-routing-request-id": [
          "EASTUS2:20210323T045152Z:3bc02a41-f51e-4bcd-ae1e-ef19fcc1e9f6"
        ],
        "X-Content-Type-Options": [
          "nosniff"
        ],
        "Date": [
          "Tue, 23 Mar 2021 04:51:52 GMT"
        ],
        "Content-Length": [
          "1948"
        ],
        "Content-Type": [
          "application/json; charset=utf-8"
        ],
        "Expires": [
          "-1"
        ]
      },
      "ResponseBody": "{\r\n  \"name\": \"vm4688\",\r\n  \"id\": \"/subscriptions/e37510d7-33b6-4676-886f-ee75bcc01871/resourceGroups/crptestar26741/providers/Microsoft.Compute/virtualMachines/vm4688\",\r\n  \"type\": \"Microsoft.Compute/virtualMachines\",\r\n  \"location\": \"southeastasia\",\r\n  \"tags\": {\r\n    \"RG\": \"rg\",\r\n    \"testTag\": \"1\",\r\n    \"azsecpack\": \"nonprod\",\r\n    \"platformsettings.host_environment.service.platform_optedin_for_rootcerts\": \"true\"\r\n  },\r\n  \"properties\": {\r\n    \"vmId\": \"d8d54266-1107-4248-bea8-ac30e77b8551\",\r\n    \"availabilitySet\": {\r\n      \"id\": \"/subscriptions/e37510d7-33b6-4676-886f-ee75bcc01871/resourceGroups/crptestar26741/providers/Microsoft.Compute/availabilitySets/AS8258\"\r\n    },\r\n    \"hardwareProfile\": {\r\n      \"vmSize\": \"Standard_A1_v2\"\r\n    },\r\n    \"storageProfile\": {\r\n      \"imageReference\": {\r\n        \"publisher\": \"MicrosoftWindowsServer\",\r\n        \"offer\": \"WindowsServer\",\r\n        \"sku\": \"2012-R2-Datacenter\",\r\n        \"version\": \"4.127.20180315\",\r\n        \"exactVersion\": \"4.127.20180315\"\r\n      },\r\n      \"osDisk\": {\r\n        \"osType\": \"Windows\",\r\n        \"name\": \"test\",\r\n        \"createOption\": \"FromImage\",\r\n        \"vhd\": {\r\n          \"uri\": \"https://crptestar570.blob.core.windows.net/crptestar7170/oscrptestar5171.vhd\"\r\n        },\r\n        \"caching\": \"None\"\r\n      },\r\n      \"dataDisks\": []\r\n    },\r\n    \"osProfile\": {\r\n      \"computerName\": \"Test\",\r\n      \"adminUsername\": \"Foo12\",\r\n      \"windowsConfiguration\": {\r\n        \"provisionVMAgent\": true,\r\n        \"enableAutomaticUpdates\": true,\r\n        \"patchSettings\": {\r\n          \"patchMode\": \"AutomaticByOS\"\r\n        }\r\n      },\r\n      \"secrets\": [],\r\n      \"allowExtensionOperations\": true,\r\n      \"requireGuestProvisionSignal\": true\r\n    },\r\n    \"networkProfile\": {\r\n      \"networkInterfaces\": [\r\n        {\r\n          \"id\": \"/subscriptions/e37510d7-33b6-4676-886f-ee75bcc01871/resourceGroups/crptestar26741/providers/Microsoft.Network/networkInterfaces/nic6292\"\r\n        }\r\n      ]\r\n    },\r\n    \"provisioningState\": \"Creating\"\r\n  }\r\n}",
      "StatusCode": 201
    },
    {
      "RequestUri": "/subscriptions/e37510d7-33b6-4676-886f-ee75bcc01871/providers/Microsoft.Compute/locations/southeastasia/operations/83b3406a-2975-4a56-b136-569979495bb3?api-version=2021-03-01",
      "EncodedRequestUri": "L3N1YnNjcmlwdGlvbnMvZTM3NTEwZDctMzNiNi00Njc2LTg4NmYtZWU3NWJjYzAxODcxL3Byb3ZpZGVycy9NaWNyb3NvZnQuQ29tcHV0ZS9sb2NhdGlvbnMvc291dGhlYXN0YXNpYS9vcGVyYXRpb25zLzgzYjM0MDZhLTI5NzUtNGE1Ni1iMTM2LTU2OTk3OTQ5NWJiMz9hcGktdmVyc2lvbj0yMDIxLTAzLTAx",
      "RequestMethod": "GET",
      "RequestBody": "",
      "RequestHeaders": {
        "User-Agent": [
          "FxVersion/4.6.29518.01",
          "OSName/Windows",
          "OSVersion/Microsoft.Windows.10.0.18363.",
          "Microsoft.Azure.Management.Compute.ComputeManagementClient/44.0.0.0"
        ]
      },
      "ResponseHeaders": {
        "Cache-Control": [
          "no-cache"
        ],
        "Pragma": [
          "no-cache"
        ],
        "Retry-After": [
          "50"
        ],
        "x-ms-ratelimit-remaining-resource": [
          "Microsoft.Compute/GetOperation3Min;14999,Microsoft.Compute/GetOperation30Min;29910"
        ],
        "Strict-Transport-Security": [
          "max-age=31536000; includeSubDomains"
        ],
        "x-ms-request-id": [
          "38e1a913-4140-4530-9481-e5cad5eaa024"
        ],
        "Server": [
          "Microsoft-HTTPAPI/2.0",
          "Microsoft-HTTPAPI/2.0"
        ],
        "x-ms-ratelimit-remaining-subscription-reads": [
          "11998"
        ],
        "x-ms-correlation-request-id": [
          "9c69bf75-6533-42da-8a64-7c85c925e34f"
        ],
        "x-ms-routing-request-id": [
          "EASTUS2:20210323T045202Z:9c69bf75-6533-42da-8a64-7c85c925e34f"
        ],
        "X-Content-Type-Options": [
          "nosniff"
        ],
        "Date": [
          "Tue, 23 Mar 2021 04:52:02 GMT"
        ],
        "Content-Length": [
          "134"
        ],
        "Content-Type": [
          "application/json; charset=utf-8"
        ],
        "Expires": [
          "-1"
        ]
      },
      "ResponseBody": "{\r\n  \"startTime\": \"2021-03-23T04:51:50.4547334+00:00\",\r\n  \"status\": \"InProgress\",\r\n  \"name\": \"83b3406a-2975-4a56-b136-569979495bb3\"\r\n}",
      "StatusCode": 200
    },
    {
      "RequestUri": "/subscriptions/e37510d7-33b6-4676-886f-ee75bcc01871/providers/Microsoft.Compute/locations/southeastasia/operations/83b3406a-2975-4a56-b136-569979495bb3?api-version=2021-03-01",
      "EncodedRequestUri": "L3N1YnNjcmlwdGlvbnMvZTM3NTEwZDctMzNiNi00Njc2LTg4NmYtZWU3NWJjYzAxODcxL3Byb3ZpZGVycy9NaWNyb3NvZnQuQ29tcHV0ZS9sb2NhdGlvbnMvc291dGhlYXN0YXNpYS9vcGVyYXRpb25zLzgzYjM0MDZhLTI5NzUtNGE1Ni1iMTM2LTU2OTk3OTQ5NWJiMz9hcGktdmVyc2lvbj0yMDIxLTAzLTAx",
      "RequestMethod": "GET",
      "RequestBody": "",
      "RequestHeaders": {
        "User-Agent": [
          "FxVersion/4.6.29518.01",
          "OSName/Windows",
          "OSVersion/Microsoft.Windows.10.0.18363.",
          "Microsoft.Azure.Management.Compute.ComputeManagementClient/44.0.0.0"
        ]
      },
      "ResponseHeaders": {
        "Cache-Control": [
          "no-cache"
        ],
        "Pragma": [
          "no-cache"
        ],
        "x-ms-ratelimit-remaining-resource": [
          "Microsoft.Compute/GetOperation3Min;14998,Microsoft.Compute/GetOperation30Min;29909"
        ],
        "Strict-Transport-Security": [
          "max-age=31536000; includeSubDomains"
        ],
        "x-ms-request-id": [
          "b30ab107-8df7-493d-b5dc-abe4b0880500"
        ],
        "Server": [
          "Microsoft-HTTPAPI/2.0",
          "Microsoft-HTTPAPI/2.0"
        ],
        "x-ms-ratelimit-remaining-subscription-reads": [
          "11997"
        ],
        "x-ms-correlation-request-id": [
          "dc087d67-6a3b-4ba7-8b53-a2584179357a"
        ],
        "x-ms-routing-request-id": [
          "EASTUS2:20210323T045253Z:dc087d67-6a3b-4ba7-8b53-a2584179357a"
        ],
        "X-Content-Type-Options": [
          "nosniff"
        ],
        "Date": [
          "Tue, 23 Mar 2021 04:52:52 GMT"
        ],
        "Content-Length": [
          "134"
        ],
        "Content-Type": [
          "application/json; charset=utf-8"
        ],
        "Expires": [
          "-1"
        ]
      },
      "ResponseBody": "{\r\n  \"startTime\": \"2021-03-23T04:51:50.4547334+00:00\",\r\n  \"status\": \"InProgress\",\r\n  \"name\": \"83b3406a-2975-4a56-b136-569979495bb3\"\r\n}",
      "StatusCode": 200
    },
    {
      "RequestUri": "/subscriptions/e37510d7-33b6-4676-886f-ee75bcc01871/providers/Microsoft.Compute/locations/southeastasia/operations/83b3406a-2975-4a56-b136-569979495bb3?api-version=2021-03-01",
      "EncodedRequestUri": "L3N1YnNjcmlwdGlvbnMvZTM3NTEwZDctMzNiNi00Njc2LTg4NmYtZWU3NWJjYzAxODcxL3Byb3ZpZGVycy9NaWNyb3NvZnQuQ29tcHV0ZS9sb2NhdGlvbnMvc291dGhlYXN0YXNpYS9vcGVyYXRpb25zLzgzYjM0MDZhLTI5NzUtNGE1Ni1iMTM2LTU2OTk3OTQ5NWJiMz9hcGktdmVyc2lvbj0yMDIxLTAzLTAx",
      "RequestMethod": "GET",
      "RequestBody": "",
      "RequestHeaders": {
        "User-Agent": [
          "FxVersion/4.6.29518.01",
          "OSName/Windows",
          "OSVersion/Microsoft.Windows.10.0.18363.",
          "Microsoft.Azure.Management.Compute.ComputeManagementClient/44.0.0.0"
        ]
      },
      "ResponseHeaders": {
        "Cache-Control": [
          "no-cache"
        ],
        "Pragma": [
          "no-cache"
        ],
        "x-ms-ratelimit-remaining-resource": [
          "Microsoft.Compute/GetOperation3Min;14997,Microsoft.Compute/GetOperation30Min;29908"
        ],
        "Strict-Transport-Security": [
          "max-age=31536000; includeSubDomains"
        ],
        "x-ms-request-id": [
          "45f50d45-b648-4ead-9f08-35ba80ec8bb6"
        ],
        "Server": [
          "Microsoft-HTTPAPI/2.0",
          "Microsoft-HTTPAPI/2.0"
        ],
        "x-ms-ratelimit-remaining-subscription-reads": [
          "11996"
        ],
        "x-ms-correlation-request-id": [
          "44155fbe-4a4f-45c9-8035-5573bf9cb7f1"
        ],
        "x-ms-routing-request-id": [
          "EASTUS2:20210323T045343Z:44155fbe-4a4f-45c9-8035-5573bf9cb7f1"
        ],
        "X-Content-Type-Options": [
          "nosniff"
        ],
        "Date": [
          "Tue, 23 Mar 2021 04:53:42 GMT"
        ],
        "Content-Length": [
          "134"
        ],
        "Content-Type": [
          "application/json; charset=utf-8"
        ],
        "Expires": [
          "-1"
        ]
      },
      "ResponseBody": "{\r\n  \"startTime\": \"2021-03-23T04:51:50.4547334+00:00\",\r\n  \"status\": \"InProgress\",\r\n  \"name\": \"83b3406a-2975-4a56-b136-569979495bb3\"\r\n}",
      "StatusCode": 200
    },
    {
      "RequestUri": "/subscriptions/e37510d7-33b6-4676-886f-ee75bcc01871/providers/Microsoft.Compute/locations/southeastasia/operations/83b3406a-2975-4a56-b136-569979495bb3?api-version=2021-03-01",
      "EncodedRequestUri": "L3N1YnNjcmlwdGlvbnMvZTM3NTEwZDctMzNiNi00Njc2LTg4NmYtZWU3NWJjYzAxODcxL3Byb3ZpZGVycy9NaWNyb3NvZnQuQ29tcHV0ZS9sb2NhdGlvbnMvc291dGhlYXN0YXNpYS9vcGVyYXRpb25zLzgzYjM0MDZhLTI5NzUtNGE1Ni1iMTM2LTU2OTk3OTQ5NWJiMz9hcGktdmVyc2lvbj0yMDIxLTAzLTAx",
      "RequestMethod": "GET",
      "RequestBody": "",
      "RequestHeaders": {
        "User-Agent": [
          "FxVersion/4.6.29518.01",
          "OSName/Windows",
          "OSVersion/Microsoft.Windows.10.0.18363.",
          "Microsoft.Azure.Management.Compute.ComputeManagementClient/44.0.0.0"
        ]
      },
      "ResponseHeaders": {
        "Cache-Control": [
          "no-cache"
        ],
        "Pragma": [
          "no-cache"
        ],
        "x-ms-ratelimit-remaining-resource": [
          "Microsoft.Compute/GetOperation3Min;14995,Microsoft.Compute/GetOperation30Min;29906"
        ],
        "Strict-Transport-Security": [
          "max-age=31536000; includeSubDomains"
        ],
        "x-ms-request-id": [
          "73283559-10c7-4eba-a2fb-43f760d5a8fe"
        ],
        "Server": [
          "Microsoft-HTTPAPI/2.0",
          "Microsoft-HTTPAPI/2.0"
        ],
        "x-ms-ratelimit-remaining-subscription-reads": [
          "11995"
        ],
        "x-ms-correlation-request-id": [
          "0c7be33d-4d6b-4956-8f5d-e82676641ca6"
        ],
        "x-ms-routing-request-id": [
          "EASTUS2:20210323T045433Z:0c7be33d-4d6b-4956-8f5d-e82676641ca6"
        ],
        "X-Content-Type-Options": [
          "nosniff"
        ],
        "Date": [
          "Tue, 23 Mar 2021 04:54:33 GMT"
        ],
        "Content-Length": [
          "134"
        ],
        "Content-Type": [
          "application/json; charset=utf-8"
        ],
        "Expires": [
          "-1"
        ]
      },
      "ResponseBody": "{\r\n  \"startTime\": \"2021-03-23T04:51:50.4547334+00:00\",\r\n  \"status\": \"InProgress\",\r\n  \"name\": \"83b3406a-2975-4a56-b136-569979495bb3\"\r\n}",
      "StatusCode": 200
    },
    {
      "RequestUri": "/subscriptions/e37510d7-33b6-4676-886f-ee75bcc01871/providers/Microsoft.Compute/locations/southeastasia/operations/83b3406a-2975-4a56-b136-569979495bb3?api-version=2021-03-01",
      "EncodedRequestUri": "L3N1YnNjcmlwdGlvbnMvZTM3NTEwZDctMzNiNi00Njc2LTg4NmYtZWU3NWJjYzAxODcxL3Byb3ZpZGVycy9NaWNyb3NvZnQuQ29tcHV0ZS9sb2NhdGlvbnMvc291dGhlYXN0YXNpYS9vcGVyYXRpb25zLzgzYjM0MDZhLTI5NzUtNGE1Ni1iMTM2LTU2OTk3OTQ5NWJiMz9hcGktdmVyc2lvbj0yMDIxLTAzLTAx",
      "RequestMethod": "GET",
      "RequestBody": "",
      "RequestHeaders": {
        "User-Agent": [
          "FxVersion/4.6.29518.01",
          "OSName/Windows",
          "OSVersion/Microsoft.Windows.10.0.18363.",
          "Microsoft.Azure.Management.Compute.ComputeManagementClient/44.0.0.0"
        ]
      },
      "ResponseHeaders": {
        "Cache-Control": [
          "no-cache"
        ],
        "Pragma": [
          "no-cache"
        ],
        "x-ms-ratelimit-remaining-resource": [
          "Microsoft.Compute/GetOperation3Min;14994,Microsoft.Compute/GetOperation30Min;29931"
        ],
        "Strict-Transport-Security": [
          "max-age=31536000; includeSubDomains"
        ],
        "x-ms-request-id": [
          "0582f1ea-bea2-41db-9dca-8add628493b1"
        ],
        "Server": [
          "Microsoft-HTTPAPI/2.0",
          "Microsoft-HTTPAPI/2.0"
        ],
        "x-ms-ratelimit-remaining-subscription-reads": [
          "11994"
        ],
        "x-ms-correlation-request-id": [
          "9ddced4c-79d8-44be-a3d6-6e01a2aa2c3c"
        ],
        "x-ms-routing-request-id": [
          "EASTUS2:20210323T045523Z:9ddced4c-79d8-44be-a3d6-6e01a2aa2c3c"
        ],
        "X-Content-Type-Options": [
          "nosniff"
        ],
        "Date": [
          "Tue, 23 Mar 2021 04:55:23 GMT"
        ],
        "Content-Length": [
          "184"
        ],
        "Content-Type": [
          "application/json; charset=utf-8"
        ],
        "Expires": [
          "-1"
        ]
      },
      "ResponseBody": "{\r\n  \"startTime\": \"2021-03-23T04:51:50.4547334+00:00\",\r\n  \"endTime\": \"2021-03-23T04:54:58.5798191+00:00\",\r\n  \"status\": \"Succeeded\",\r\n  \"name\": \"83b3406a-2975-4a56-b136-569979495bb3\"\r\n}",
      "StatusCode": 200
    },
    {
      "RequestUri": "/subscriptions/e37510d7-33b6-4676-886f-ee75bcc01871/resourceGroups/crptestar26741/providers/Microsoft.Compute/virtualMachines/vm4688?api-version=2021-03-01",
      "EncodedRequestUri": "L3N1YnNjcmlwdGlvbnMvZTM3NTEwZDctMzNiNi00Njc2LTg4NmYtZWU3NWJjYzAxODcxL3Jlc291cmNlR3JvdXBzL2NycHRlc3RhcjI2NzQxL3Byb3ZpZGVycy9NaWNyb3NvZnQuQ29tcHV0ZS92aXJ0dWFsTWFjaGluZXMvdm00Njg4P2FwaS12ZXJzaW9uPTIwMjEtMDMtMDE=",
      "RequestMethod": "GET",
      "RequestBody": "",
      "RequestHeaders": {
        "User-Agent": [
          "FxVersion/4.6.29518.01",
          "OSName/Windows",
          "OSVersion/Microsoft.Windows.10.0.18363.",
          "Microsoft.Azure.Management.Compute.ComputeManagementClient/44.0.0.0"
        ]
      },
      "ResponseHeaders": {
        "Cache-Control": [
          "no-cache"
        ],
        "Pragma": [
          "no-cache"
        ],
        "x-ms-ratelimit-remaining-resource": [
          "Microsoft.Compute/LowCostGet3Min;3991,Microsoft.Compute/LowCostGet30Min;31955"
        ],
        "Strict-Transport-Security": [
          "max-age=31536000; includeSubDomains"
        ],
        "x-ms-request-id": [
          "b2fd28af-f2a9-4c04-b667-6bcd219678e4"
        ],
        "Server": [
          "Microsoft-HTTPAPI/2.0",
          "Microsoft-HTTPAPI/2.0"
        ],
        "x-ms-ratelimit-remaining-subscription-reads": [
          "11993"
        ],
        "x-ms-correlation-request-id": [
          "8eec6c1a-def0-40ab-85bd-b4f35c32e331"
        ],
        "x-ms-routing-request-id": [
          "EASTUS2:20210323T045524Z:8eec6c1a-def0-40ab-85bd-b4f35c32e331"
        ],
        "X-Content-Type-Options": [
          "nosniff"
        ],
        "Date": [
          "Tue, 23 Mar 2021 04:55:23 GMT"
        ],
        "Content-Length": [
          "1977"
        ],
        "Content-Type": [
          "application/json; charset=utf-8"
        ],
        "Expires": [
          "-1"
        ]
      },
      "ResponseBody": "{\r\n  \"name\": \"vm4688\",\r\n  \"id\": \"/subscriptions/e37510d7-33b6-4676-886f-ee75bcc01871/resourceGroups/crptestar26741/providers/Microsoft.Compute/virtualMachines/vm4688\",\r\n  \"type\": \"Microsoft.Compute/virtualMachines\",\r\n  \"location\": \"southeastasia\",\r\n  \"tags\": {\r\n    \"RG\": \"rg\",\r\n    \"testTag\": \"1\",\r\n    \"azsecpack\": \"nonprod\",\r\n    \"platformsettings.host_environment.service.platform_optedin_for_rootcerts\": \"true\"\r\n  },\r\n  \"properties\": {\r\n    \"vmId\": \"d8d54266-1107-4248-bea8-ac30e77b8551\",\r\n    \"availabilitySet\": {\r\n      \"id\": \"/subscriptions/e37510d7-33b6-4676-886f-ee75bcc01871/resourceGroups/crptestar26741/providers/Microsoft.Compute/availabilitySets/AS8258\"\r\n    },\r\n    \"hardwareProfile\": {\r\n      \"vmSize\": \"Standard_A1_v2\"\r\n    },\r\n    \"storageProfile\": {\r\n      \"imageReference\": {\r\n        \"publisher\": \"MicrosoftWindowsServer\",\r\n        \"offer\": \"WindowsServer\",\r\n        \"sku\": \"2012-R2-Datacenter\",\r\n        \"version\": \"4.127.20180315\",\r\n        \"exactVersion\": \"4.127.20180315\"\r\n      },\r\n      \"osDisk\": {\r\n        \"osType\": \"Windows\",\r\n        \"name\": \"test\",\r\n        \"createOption\": \"FromImage\",\r\n        \"vhd\": {\r\n          \"uri\": \"https://crptestar570.blob.core.windows.net/crptestar7170/oscrptestar5171.vhd\"\r\n        },\r\n        \"caching\": \"None\",\r\n        \"diskSizeGB\": 127\r\n      },\r\n      \"dataDisks\": []\r\n    },\r\n    \"osProfile\": {\r\n      \"computerName\": \"Test\",\r\n      \"adminUsername\": \"Foo12\",\r\n      \"windowsConfiguration\": {\r\n        \"provisionVMAgent\": true,\r\n        \"enableAutomaticUpdates\": true,\r\n        \"patchSettings\": {\r\n          \"patchMode\": \"AutomaticByOS\"\r\n        }\r\n      },\r\n      \"secrets\": [],\r\n      \"allowExtensionOperations\": true,\r\n      \"requireGuestProvisionSignal\": true\r\n    },\r\n    \"networkProfile\": {\r\n      \"networkInterfaces\": [\r\n        {\r\n          \"id\": \"/subscriptions/e37510d7-33b6-4676-886f-ee75bcc01871/resourceGroups/crptestar26741/providers/Microsoft.Network/networkInterfaces/nic6292\"\r\n        }\r\n      ]\r\n    },\r\n    \"provisioningState\": \"Succeeded\"\r\n  }\r\n}",
      "StatusCode": 200
    },
    {
      "RequestUri": "/subscriptions/e37510d7-33b6-4676-886f-ee75bcc01871/resourceGroups/crptestar26741/providers/Microsoft.Compute/virtualMachines/vm4688?api-version=2021-03-01",
      "EncodedRequestUri": "L3N1YnNjcmlwdGlvbnMvZTM3NTEwZDctMzNiNi00Njc2LTg4NmYtZWU3NWJjYzAxODcxL3Jlc291cmNlR3JvdXBzL2NycHRlc3RhcjI2NzQxL3Byb3ZpZGVycy9NaWNyb3NvZnQuQ29tcHV0ZS92aXJ0dWFsTWFjaGluZXMvdm00Njg4P2FwaS12ZXJzaW9uPTIwMjEtMDMtMDE=",
      "RequestMethod": "GET",
      "RequestBody": "",
      "RequestHeaders": {
        "x-ms-client-request-id": [
          "015428cd-c619-455b-9c35-26ca4f602c39"
        ],
        "Accept-Language": [
          "en-US"
        ],
        "User-Agent": [
          "FxVersion/4.6.29518.01",
          "OSName/Windows",
          "OSVersion/Microsoft.Windows.10.0.18363.",
          "Microsoft.Azure.Management.Compute.ComputeManagementClient/44.0.0.0"
        ]
      },
      "ResponseHeaders": {
        "Cache-Control": [
          "no-cache"
        ],
        "Pragma": [
          "no-cache"
        ],
        "x-ms-ratelimit-remaining-resource": [
          "Microsoft.Compute/LowCostGet3Min;3990,Microsoft.Compute/LowCostGet30Min;31954"
        ],
        "Strict-Transport-Security": [
          "max-age=31536000; includeSubDomains"
        ],
        "x-ms-request-id": [
          "07a16642-d794-46bc-8ca5-aaef887d3b44"
        ],
        "Server": [
          "Microsoft-HTTPAPI/2.0",
          "Microsoft-HTTPAPI/2.0"
        ],
        "x-ms-ratelimit-remaining-subscription-reads": [
          "11992"
        ],
        "x-ms-correlation-request-id": [
          "6070eea2-fc24-42cb-833a-82eea2e3cd2e"
        ],
        "x-ms-routing-request-id": [
          "EASTUS2:20210323T045524Z:6070eea2-fc24-42cb-833a-82eea2e3cd2e"
        ],
        "X-Content-Type-Options": [
          "nosniff"
        ],
        "Date": [
          "Tue, 23 Mar 2021 04:55:24 GMT"
        ],
        "Content-Length": [
          "1977"
        ],
        "Content-Type": [
          "application/json; charset=utf-8"
        ],
        "Expires": [
          "-1"
        ]
      },
      "ResponseBody": "{\r\n  \"name\": \"vm4688\",\r\n  \"id\": \"/subscriptions/e37510d7-33b6-4676-886f-ee75bcc01871/resourceGroups/crptestar26741/providers/Microsoft.Compute/virtualMachines/vm4688\",\r\n  \"type\": \"Microsoft.Compute/virtualMachines\",\r\n  \"location\": \"southeastasia\",\r\n  \"tags\": {\r\n    \"RG\": \"rg\",\r\n    \"testTag\": \"1\",\r\n    \"azsecpack\": \"nonprod\",\r\n    \"platformsettings.host_environment.service.platform_optedin_for_rootcerts\": \"true\"\r\n  },\r\n  \"properties\": {\r\n    \"vmId\": \"d8d54266-1107-4248-bea8-ac30e77b8551\",\r\n    \"availabilitySet\": {\r\n      \"id\": \"/subscriptions/e37510d7-33b6-4676-886f-ee75bcc01871/resourceGroups/crptestar26741/providers/Microsoft.Compute/availabilitySets/AS8258\"\r\n    },\r\n    \"hardwareProfile\": {\r\n      \"vmSize\": \"Standard_A1_v2\"\r\n    },\r\n    \"storageProfile\": {\r\n      \"imageReference\": {\r\n        \"publisher\": \"MicrosoftWindowsServer\",\r\n        \"offer\": \"WindowsServer\",\r\n        \"sku\": \"2012-R2-Datacenter\",\r\n        \"version\": \"4.127.20180315\",\r\n        \"exactVersion\": \"4.127.20180315\"\r\n      },\r\n      \"osDisk\": {\r\n        \"osType\": \"Windows\",\r\n        \"name\": \"test\",\r\n        \"createOption\": \"FromImage\",\r\n        \"vhd\": {\r\n          \"uri\": \"https://crptestar570.blob.core.windows.net/crptestar7170/oscrptestar5171.vhd\"\r\n        },\r\n        \"caching\": \"None\",\r\n        \"diskSizeGB\": 127\r\n      },\r\n      \"dataDisks\": []\r\n    },\r\n    \"osProfile\": {\r\n      \"computerName\": \"Test\",\r\n      \"adminUsername\": \"Foo12\",\r\n      \"windowsConfiguration\": {\r\n        \"provisionVMAgent\": true,\r\n        \"enableAutomaticUpdates\": true,\r\n        \"patchSettings\": {\r\n          \"patchMode\": \"AutomaticByOS\"\r\n        }\r\n      },\r\n      \"secrets\": [],\r\n      \"allowExtensionOperations\": true,\r\n      \"requireGuestProvisionSignal\": true\r\n    },\r\n    \"networkProfile\": {\r\n      \"networkInterfaces\": [\r\n        {\r\n          \"id\": \"/subscriptions/e37510d7-33b6-4676-886f-ee75bcc01871/resourceGroups/crptestar26741/providers/Microsoft.Network/networkInterfaces/nic6292\"\r\n        }\r\n      ]\r\n    },\r\n    \"provisioningState\": \"Succeeded\"\r\n  }\r\n}",
      "StatusCode": 200
    },
    {
      "RequestUri": "/subscriptions/e37510d7-33b6-4676-886f-ee75bcc01871/resourceGroups/crptestar26741/providers/Microsoft.Compute/virtualMachines/vm4688/runCommand?api-version=2021-03-01",
      "EncodedRequestUri": "L3N1YnNjcmlwdGlvbnMvZTM3NTEwZDctMzNiNi00Njc2LTg4NmYtZWU3NWJjYzAxODcxL3Jlc291cmNlR3JvdXBzL2NycHRlc3RhcjI2NzQxL3Byb3ZpZGVycy9NaWNyb3NvZnQuQ29tcHV0ZS92aXJ0dWFsTWFjaGluZXMvdm00Njg4L3J1bkNvbW1hbmQ/YXBpLXZlcnNpb249MjAyMS0wMy0wMQ==",
      "RequestMethod": "POST",
      "RequestBody": "{\r\n  \"commandId\": \"RunPowerShellScript\",\r\n  \"script\": [\r\n    \"param(\",\r\n    \"    [string]$arg1,\",\r\n    \"    [string]$arg2\",\r\n    \")\",\r\n    \"echo This is a sample script with parameters $arg1 $arg2\"\r\n  ],\r\n  \"parameters\": [\r\n    {\r\n      \"name\": \"arg1\",\r\n      \"value\": \"value1\"\r\n    },\r\n    {\r\n      \"name\": \"arg2\",\r\n      \"value\": \"value2\"\r\n    }\r\n  ]\r\n}",
      "RequestHeaders": {
        "x-ms-client-request-id": [
          "6145079f-85da-4d34-bdae-0988d654d5e8"
        ],
        "Accept-Language": [
          "en-US"
        ],
        "User-Agent": [
          "FxVersion/4.6.29518.01",
          "OSName/Windows",
          "OSVersion/Microsoft.Windows.10.0.18363.",
          "Microsoft.Azure.Management.Compute.ComputeManagementClient/44.0.0.0"
        ],
        "Content-Type": [
          "application/json; charset=utf-8"
        ],
        "Content-Length": [
          "355"
        ]
      },
      "ResponseHeaders": {
        "Cache-Control": [
          "no-cache"
        ],
        "Pragma": [
          "no-cache"
        ],
        "Location": [
          "https://management.azure.com/subscriptions/e37510d7-33b6-4676-886f-ee75bcc01871/providers/Microsoft.Compute/locations/southeastasia/operations/97caf801-7608-4786-9c82-1ab178e44c03?monitor=true&api-version=2021-03-01"
        ],
        "Azure-AsyncOperation": [
          "https://management.azure.com/subscriptions/e37510d7-33b6-4676-886f-ee75bcc01871/providers/Microsoft.Compute/locations/southeastasia/operations/97caf801-7608-4786-9c82-1ab178e44c03?api-version=2021-03-01"
        ],
        "x-ms-ratelimit-remaining-resource": [
          "Microsoft.Compute/UpdateVM3Min;239,Microsoft.Compute/UpdateVM30Min;1189"
        ],
        "Strict-Transport-Security": [
          "max-age=31536000; includeSubDomains"
        ],
        "x-ms-request-id": [
          "97caf801-7608-4786-9c82-1ab178e44c03"
        ],
        "Server": [
          "Microsoft-HTTPAPI/2.0",
          "Microsoft-HTTPAPI/2.0"
        ],
        "x-ms-ratelimit-remaining-subscription-writes": [
          "1199"
        ],
        "x-ms-correlation-request-id": [
          "44d47676-9ae9-4efd-ab27-e26d50726c81"
        ],
        "x-ms-routing-request-id": [
          "EASTUS2:20210323T045525Z:44d47676-9ae9-4efd-ab27-e26d50726c81"
        ],
        "X-Content-Type-Options": [
          "nosniff"
        ],
        "Date": [
          "Tue, 23 Mar 2021 04:55:24 GMT"
        ],
        "Expires": [
          "-1"
        ],
        "Content-Length": [
          "0"
        ]
      },
      "ResponseBody": "",
      "StatusCode": 202
    },
    {
      "RequestUri": "/subscriptions/e37510d7-33b6-4676-886f-ee75bcc01871/providers/Microsoft.Compute/locations/southeastasia/operations/97caf801-7608-4786-9c82-1ab178e44c03?api-version=2021-03-01",
      "EncodedRequestUri": "L3N1YnNjcmlwdGlvbnMvZTM3NTEwZDctMzNiNi00Njc2LTg4NmYtZWU3NWJjYzAxODcxL3Byb3ZpZGVycy9NaWNyb3NvZnQuQ29tcHV0ZS9sb2NhdGlvbnMvc291dGhlYXN0YXNpYS9vcGVyYXRpb25zLzk3Y2FmODAxLTc2MDgtNDc4Ni05YzgyLTFhYjE3OGU0NGMwMz9hcGktdmVyc2lvbj0yMDIxLTAzLTAx",
      "RequestMethod": "GET",
      "RequestBody": "",
      "RequestHeaders": {
        "User-Agent": [
          "FxVersion/4.6.29518.01",
          "OSName/Windows",
          "OSVersion/Microsoft.Windows.10.0.18363.",
          "Microsoft.Azure.Management.Compute.ComputeManagementClient/44.0.0.0"
        ]
      },
      "ResponseHeaders": {
        "Cache-Control": [
          "no-cache"
        ],
        "Pragma": [
          "no-cache"
        ],
        "x-ms-ratelimit-remaining-resource": [
          "Microsoft.Compute/GetOperation3Min;14993,Microsoft.Compute/GetOperation30Min;29929"
        ],
        "Strict-Transport-Security": [
          "max-age=31536000; includeSubDomains"
        ],
        "x-ms-request-id": [
          "c0202694-4667-458d-8aaa-f2e7e2859417"
        ],
        "Server": [
          "Microsoft-HTTPAPI/2.0",
          "Microsoft-HTTPAPI/2.0"
        ],
        "x-ms-ratelimit-remaining-subscription-reads": [
          "11991"
        ],
        "x-ms-correlation-request-id": [
          "adfd36a5-9442-4abf-83e7-52b77e239faa"
        ],
        "x-ms-routing-request-id": [
          "EASTUS2:20210323T045555Z:adfd36a5-9442-4abf-83e7-52b77e239faa"
        ],
        "X-Content-Type-Options": [
          "nosniff"
        ],
        "Date": [
          "Tue, 23 Mar 2021 04:55:54 GMT"
        ],
        "Content-Length": [
          "133"
        ],
        "Content-Type": [
          "application/json; charset=utf-8"
        ],
        "Expires": [
          "-1"
        ]
      },
      "ResponseBody": "{\r\n  \"startTime\": \"2021-03-23T04:55:24.876771+00:00\",\r\n  \"status\": \"InProgress\",\r\n  \"name\": \"97caf801-7608-4786-9c82-1ab178e44c03\"\r\n}",
      "StatusCode": 200
    },
    {
      "RequestUri": "/subscriptions/e37510d7-33b6-4676-886f-ee75bcc01871/providers/Microsoft.Compute/locations/southeastasia/operations/97caf801-7608-4786-9c82-1ab178e44c03?api-version=2021-03-01",
      "EncodedRequestUri": "L3N1YnNjcmlwdGlvbnMvZTM3NTEwZDctMzNiNi00Njc2LTg4NmYtZWU3NWJjYzAxODcxL3Byb3ZpZGVycy9NaWNyb3NvZnQuQ29tcHV0ZS9sb2NhdGlvbnMvc291dGhlYXN0YXNpYS9vcGVyYXRpb25zLzk3Y2FmODAxLTc2MDgtNDc4Ni05YzgyLTFhYjE3OGU0NGMwMz9hcGktdmVyc2lvbj0yMDIxLTAzLTAx",
      "RequestMethod": "GET",
      "RequestBody": "",
      "RequestHeaders": {
        "User-Agent": [
          "FxVersion/4.6.29518.01",
          "OSName/Windows",
          "OSVersion/Microsoft.Windows.10.0.18363.",
          "Microsoft.Azure.Management.Compute.ComputeManagementClient/44.0.0.0"
        ]
      },
      "ResponseHeaders": {
        "Cache-Control": [
          "no-cache"
        ],
        "Pragma": [
          "no-cache"
        ],
        "x-ms-ratelimit-remaining-resource": [
          "Microsoft.Compute/GetOperation3Min;14990,Microsoft.Compute/GetOperation30Min;29926"
        ],
        "Strict-Transport-Security": [
          "max-age=31536000; includeSubDomains"
        ],
        "x-ms-request-id": [
          "ce185f69-4b5c-4169-a069-32058ee2a339"
        ],
        "Server": [
          "Microsoft-HTTPAPI/2.0",
          "Microsoft-HTTPAPI/2.0"
        ],
        "x-ms-ratelimit-remaining-subscription-reads": [
          "11990"
        ],
        "x-ms-correlation-request-id": [
          "806904c4-0103-4284-b3a0-2224dd12dfc7"
        ],
        "x-ms-routing-request-id": [
          "EASTUS2:20210323T045625Z:806904c4-0103-4284-b3a0-2224dd12dfc7"
        ],
        "X-Content-Type-Options": [
          "nosniff"
        ],
        "Date": [
          "Tue, 23 Mar 2021 04:56:24 GMT"
        ],
        "Content-Length": [
          "133"
        ],
        "Content-Type": [
          "application/json; charset=utf-8"
        ],
        "Expires": [
          "-1"
        ]
      },
      "ResponseBody": "{\r\n  \"startTime\": \"2021-03-23T04:55:24.876771+00:00\",\r\n  \"status\": \"InProgress\",\r\n  \"name\": \"97caf801-7608-4786-9c82-1ab178e44c03\"\r\n}",
      "StatusCode": 200
    },
    {
      "RequestUri": "/subscriptions/e37510d7-33b6-4676-886f-ee75bcc01871/providers/Microsoft.Compute/locations/southeastasia/operations/97caf801-7608-4786-9c82-1ab178e44c03?api-version=2021-03-01",
      "EncodedRequestUri": "L3N1YnNjcmlwdGlvbnMvZTM3NTEwZDctMzNiNi00Njc2LTg4NmYtZWU3NWJjYzAxODcxL3Byb3ZpZGVycy9NaWNyb3NvZnQuQ29tcHV0ZS9sb2NhdGlvbnMvc291dGhlYXN0YXNpYS9vcGVyYXRpb25zLzk3Y2FmODAxLTc2MDgtNDc4Ni05YzgyLTFhYjE3OGU0NGMwMz9hcGktdmVyc2lvbj0yMDIxLTAzLTAx",
      "RequestMethod": "GET",
      "RequestBody": "",
      "RequestHeaders": {
        "User-Agent": [
          "FxVersion/4.6.29518.01",
          "OSName/Windows",
          "OSVersion/Microsoft.Windows.10.0.18363.",
          "Microsoft.Azure.Management.Compute.ComputeManagementClient/44.0.0.0"
        ]
      },
      "ResponseHeaders": {
        "Cache-Control": [
          "no-cache"
        ],
        "Pragma": [
          "no-cache"
        ],
        "x-ms-ratelimit-remaining-resource": [
          "Microsoft.Compute/GetOperation3Min;14989,Microsoft.Compute/GetOperation30Min;29923"
        ],
        "Strict-Transport-Security": [
          "max-age=31536000; includeSubDomains"
        ],
        "x-ms-request-id": [
          "92436751-5f18-4ce0-8661-1a9607d32173"
        ],
        "Server": [
          "Microsoft-HTTPAPI/2.0",
          "Microsoft-HTTPAPI/2.0"
        ],
        "x-ms-ratelimit-remaining-subscription-reads": [
          "11989"
        ],
        "x-ms-correlation-request-id": [
          "5aae02fb-4908-4644-8438-dec70d4bc594"
        ],
        "x-ms-routing-request-id": [
          "EASTUS2:20210323T045655Z:5aae02fb-4908-4644-8438-dec70d4bc594"
        ],
        "X-Content-Type-Options": [
          "nosniff"
        ],
        "Date": [
          "Tue, 23 Mar 2021 04:56:55 GMT"
        ],
        "Content-Length": [
          "133"
        ],
        "Content-Type": [
          "application/json; charset=utf-8"
        ],
        "Expires": [
          "-1"
        ]
      },
      "ResponseBody": "{\r\n  \"startTime\": \"2021-03-23T04:55:24.876771+00:00\",\r\n  \"status\": \"InProgress\",\r\n  \"name\": \"97caf801-7608-4786-9c82-1ab178e44c03\"\r\n}",
      "StatusCode": 200
    },
    {
      "RequestUri": "/subscriptions/e37510d7-33b6-4676-886f-ee75bcc01871/providers/Microsoft.Compute/locations/southeastasia/operations/97caf801-7608-4786-9c82-1ab178e44c03?api-version=2021-03-01",
      "EncodedRequestUri": "L3N1YnNjcmlwdGlvbnMvZTM3NTEwZDctMzNiNi00Njc2LTg4NmYtZWU3NWJjYzAxODcxL3Byb3ZpZGVycy9NaWNyb3NvZnQuQ29tcHV0ZS9sb2NhdGlvbnMvc291dGhlYXN0YXNpYS9vcGVyYXRpb25zLzk3Y2FmODAxLTc2MDgtNDc4Ni05YzgyLTFhYjE3OGU0NGMwMz9hcGktdmVyc2lvbj0yMDIxLTAzLTAx",
      "RequestMethod": "GET",
      "RequestBody": "",
      "RequestHeaders": {
        "User-Agent": [
          "FxVersion/4.6.29518.01",
          "OSName/Windows",
          "OSVersion/Microsoft.Windows.10.0.18363.",
          "Microsoft.Azure.Management.Compute.ComputeManagementClient/44.0.0.0"
        ]
      },
      "ResponseHeaders": {
        "Cache-Control": [
          "no-cache"
        ],
        "Pragma": [
          "no-cache"
        ],
        "x-ms-ratelimit-remaining-resource": [
          "Microsoft.Compute/GetOperation3Min;14986,Microsoft.Compute/GetOperation30Min;29920"
        ],
        "Strict-Transport-Security": [
          "max-age=31536000; includeSubDomains"
        ],
        "x-ms-request-id": [
          "566da01e-a806-45ca-9777-e318a16fa92c"
        ],
        "Server": [
          "Microsoft-HTTPAPI/2.0",
          "Microsoft-HTTPAPI/2.0"
        ],
        "x-ms-ratelimit-remaining-subscription-reads": [
          "11988"
        ],
        "x-ms-correlation-request-id": [
          "f6fef149-fe7c-4359-89cd-62919df41a69"
        ],
        "x-ms-routing-request-id": [
          "EASTUS2:20210323T045726Z:f6fef149-fe7c-4359-89cd-62919df41a69"
        ],
        "X-Content-Type-Options": [
          "nosniff"
        ],
        "Date": [
          "Tue, 23 Mar 2021 04:57:25 GMT"
        ],
        "Content-Length": [
          "133"
        ],
        "Content-Type": [
          "application/json; charset=utf-8"
        ],
        "Expires": [
          "-1"
        ]
      },
      "ResponseBody": "{\r\n  \"startTime\": \"2021-03-23T04:55:24.876771+00:00\",\r\n  \"status\": \"InProgress\",\r\n  \"name\": \"97caf801-7608-4786-9c82-1ab178e44c03\"\r\n}",
      "StatusCode": 200
    },
    {
      "RequestUri": "/subscriptions/e37510d7-33b6-4676-886f-ee75bcc01871/providers/Microsoft.Compute/locations/southeastasia/operations/97caf801-7608-4786-9c82-1ab178e44c03?api-version=2021-03-01",
      "EncodedRequestUri": "L3N1YnNjcmlwdGlvbnMvZTM3NTEwZDctMzNiNi00Njc2LTg4NmYtZWU3NWJjYzAxODcxL3Byb3ZpZGVycy9NaWNyb3NvZnQuQ29tcHV0ZS9sb2NhdGlvbnMvc291dGhlYXN0YXNpYS9vcGVyYXRpb25zLzk3Y2FmODAxLTc2MDgtNDc4Ni05YzgyLTFhYjE3OGU0NGMwMz9hcGktdmVyc2lvbj0yMDIxLTAzLTAx",
      "RequestMethod": "GET",
      "RequestBody": "",
      "RequestHeaders": {
        "User-Agent": [
          "FxVersion/4.6.29518.01",
          "OSName/Windows",
          "OSVersion/Microsoft.Windows.10.0.18363.",
          "Microsoft.Azure.Management.Compute.ComputeManagementClient/44.0.0.0"
        ]
      },
      "ResponseHeaders": {
        "Cache-Control": [
          "no-cache"
        ],
        "Pragma": [
          "no-cache"
        ],
        "x-ms-ratelimit-remaining-resource": [
          "Microsoft.Compute/GetOperation3Min;14984,Microsoft.Compute/GetOperation30Min;29917"
        ],
        "Strict-Transport-Security": [
          "max-age=31536000; includeSubDomains"
        ],
        "x-ms-request-id": [
          "21a5a01c-2f4f-480b-afe1-e56db31967dd"
        ],
        "Server": [
          "Microsoft-HTTPAPI/2.0",
          "Microsoft-HTTPAPI/2.0"
        ],
        "x-ms-ratelimit-remaining-subscription-reads": [
          "11987"
        ],
        "x-ms-correlation-request-id": [
          "eb164746-31c8-4d1a-bb42-b4cd4892e641"
        ],
        "x-ms-routing-request-id": [
          "EASTUS2:20210323T045756Z:eb164746-31c8-4d1a-bb42-b4cd4892e641"
        ],
        "X-Content-Type-Options": [
          "nosniff"
        ],
        "Date": [
          "Tue, 23 Mar 2021 04:57:55 GMT"
        ],
        "Content-Length": [
          "133"
        ],
        "Content-Type": [
          "application/json; charset=utf-8"
        ],
        "Expires": [
          "-1"
        ]
      },
      "ResponseBody": "{\r\n  \"startTime\": \"2021-03-23T04:55:24.876771+00:00\",\r\n  \"status\": \"InProgress\",\r\n  \"name\": \"97caf801-7608-4786-9c82-1ab178e44c03\"\r\n}",
      "StatusCode": 200
    },
    {
      "RequestUri": "/subscriptions/e37510d7-33b6-4676-886f-ee75bcc01871/providers/Microsoft.Compute/locations/southeastasia/operations/97caf801-7608-4786-9c82-1ab178e44c03?api-version=2021-03-01",
      "EncodedRequestUri": "L3N1YnNjcmlwdGlvbnMvZTM3NTEwZDctMzNiNi00Njc2LTg4NmYtZWU3NWJjYzAxODcxL3Byb3ZpZGVycy9NaWNyb3NvZnQuQ29tcHV0ZS9sb2NhdGlvbnMvc291dGhlYXN0YXNpYS9vcGVyYXRpb25zLzk3Y2FmODAxLTc2MDgtNDc4Ni05YzgyLTFhYjE3OGU0NGMwMz9hcGktdmVyc2lvbj0yMDIxLTAzLTAx",
      "RequestMethod": "GET",
      "RequestBody": "",
      "RequestHeaders": {
        "User-Agent": [
          "FxVersion/4.6.29518.01",
          "OSName/Windows",
          "OSVersion/Microsoft.Windows.10.0.18363.",
          "Microsoft.Azure.Management.Compute.ComputeManagementClient/44.0.0.0"
        ]
      },
      "ResponseHeaders": {
        "Cache-Control": [
          "no-cache"
        ],
        "Pragma": [
          "no-cache"
        ],
        "x-ms-ratelimit-remaining-resource": [
          "Microsoft.Compute/GetOperation3Min;14983,Microsoft.Compute/GetOperation30Min;29914"
        ],
        "Strict-Transport-Security": [
          "max-age=31536000; includeSubDomains"
        ],
        "x-ms-request-id": [
          "c061479e-a754-40fc-a3c9-c70048cfd76a"
        ],
        "Server": [
          "Microsoft-HTTPAPI/2.0",
          "Microsoft-HTTPAPI/2.0"
        ],
        "x-ms-ratelimit-remaining-subscription-reads": [
          "11986"
        ],
        "x-ms-correlation-request-id": [
          "3d46f0ae-1652-4a6c-adbe-24ad0cc040f9"
        ],
        "x-ms-routing-request-id": [
          "EASTUS2:20210323T045826Z:3d46f0ae-1652-4a6c-adbe-24ad0cc040f9"
        ],
        "X-Content-Type-Options": [
          "nosniff"
        ],
        "Date": [
          "Tue, 23 Mar 2021 04:58:25 GMT"
        ],
        "Content-Length": [
          "133"
        ],
        "Content-Type": [
          "application/json; charset=utf-8"
        ],
        "Expires": [
          "-1"
        ]
      },
      "ResponseBody": "{\r\n  \"startTime\": \"2021-03-23T04:55:24.876771+00:00\",\r\n  \"status\": \"InProgress\",\r\n  \"name\": \"97caf801-7608-4786-9c82-1ab178e44c03\"\r\n}",
      "StatusCode": 200
    },
    {
      "RequestUri": "/subscriptions/e37510d7-33b6-4676-886f-ee75bcc01871/providers/Microsoft.Compute/locations/southeastasia/operations/97caf801-7608-4786-9c82-1ab178e44c03?api-version=2021-03-01",
      "EncodedRequestUri": "L3N1YnNjcmlwdGlvbnMvZTM3NTEwZDctMzNiNi00Njc2LTg4NmYtZWU3NWJjYzAxODcxL3Byb3ZpZGVycy9NaWNyb3NvZnQuQ29tcHV0ZS9sb2NhdGlvbnMvc291dGhlYXN0YXNpYS9vcGVyYXRpb25zLzk3Y2FmODAxLTc2MDgtNDc4Ni05YzgyLTFhYjE3OGU0NGMwMz9hcGktdmVyc2lvbj0yMDIxLTAzLTAx",
      "RequestMethod": "GET",
      "RequestBody": "",
      "RequestHeaders": {
        "User-Agent": [
          "FxVersion/4.6.29518.01",
          "OSName/Windows",
          "OSVersion/Microsoft.Windows.10.0.18363.",
          "Microsoft.Azure.Management.Compute.ComputeManagementClient/44.0.0.0"
        ]
      },
      "ResponseHeaders": {
        "Cache-Control": [
          "no-cache"
        ],
        "Pragma": [
          "no-cache"
        ],
        "x-ms-ratelimit-remaining-resource": [
          "Microsoft.Compute/GetOperation3Min;14983,Microsoft.Compute/GetOperation30Min;29911"
        ],
        "Strict-Transport-Security": [
          "max-age=31536000; includeSubDomains"
        ],
        "x-ms-request-id": [
          "b498d836-b591-4cf5-a9c1-e29fbb1e1efa"
        ],
        "Server": [
          "Microsoft-HTTPAPI/2.0",
          "Microsoft-HTTPAPI/2.0"
        ],
        "x-ms-ratelimit-remaining-subscription-reads": [
          "11985"
        ],
        "x-ms-correlation-request-id": [
          "fd1bc300-e837-4bac-a059-4510fc682db7"
        ],
        "x-ms-routing-request-id": [
          "EASTUS2:20210323T045856Z:fd1bc300-e837-4bac-a059-4510fc682db7"
        ],
        "X-Content-Type-Options": [
          "nosniff"
        ],
        "Date": [
          "Tue, 23 Mar 2021 04:58:56 GMT"
        ],
        "Content-Length": [
          "522"
        ],
        "Content-Type": [
          "application/json; charset=utf-8"
        ],
        "Expires": [
          "-1"
        ]
      },
      "ResponseBody": "{\r\n  \"startTime\": \"2021-03-23T04:55:24.876771+00:00\",\r\n  \"endTime\": \"2021-03-23T04:58:44.5175472+00:00\",\r\n  \"status\": \"Succeeded\",\r\n  \"properties\": {\r\n    \"output\": {\r\n      \"value\": [\r\n        {\r\n          \"code\": \"ComponentStatus/StdOut/succeeded\",\r\n          \"level\": \"Info\",\r\n          \"displayStatus\": \"Provisioning succeeded\",\r\n          \"message\": \"This\\nis\\na\\nsample\\nscript\\nwith\\nparameters\\nvalue1\\nvalue2\"\r\n        },\r\n        {\r\n          \"code\": \"ComponentStatus/StdErr/succeeded\",\r\n          \"level\": \"Info\",\r\n          \"displayStatus\": \"Provisioning succeeded\",\r\n          \"message\": \"\"\r\n        }\r\n      ]\r\n    }\r\n  },\r\n  \"name\": \"97caf801-7608-4786-9c82-1ab178e44c03\"\r\n}",
      "StatusCode": 200
    },
    {
      "RequestUri": "/subscriptions/e37510d7-33b6-4676-886f-ee75bcc01871/providers/Microsoft.Compute/locations/southeastasia/operations/97caf801-7608-4786-9c82-1ab178e44c03?monitor=true&api-version=2021-03-01",
      "EncodedRequestUri": "L3N1YnNjcmlwdGlvbnMvZTM3NTEwZDctMzNiNi00Njc2LTg4NmYtZWU3NWJjYzAxODcxL3Byb3ZpZGVycy9NaWNyb3NvZnQuQ29tcHV0ZS9sb2NhdGlvbnMvc291dGhlYXN0YXNpYS9vcGVyYXRpb25zLzk3Y2FmODAxLTc2MDgtNDc4Ni05YzgyLTFhYjE3OGU0NGMwMz9tb25pdG9yPXRydWUmYXBpLXZlcnNpb249MjAyMS0wMy0wMQ==",
      "RequestMethod": "GET",
      "RequestBody": "",
      "RequestHeaders": {
        "User-Agent": [
          "FxVersion/4.6.29518.01",
          "OSName/Windows",
          "OSVersion/Microsoft.Windows.10.0.18363.",
          "Microsoft.Azure.Management.Compute.ComputeManagementClient/44.0.0.0"
        ]
      },
      "ResponseHeaders": {
        "Cache-Control": [
          "no-cache"
        ],
        "Pragma": [
          "no-cache"
        ],
        "x-ms-ratelimit-remaining-resource": [
          "Microsoft.Compute/GetOperation3Min;14982,Microsoft.Compute/GetOperation30Min;29910"
        ],
        "Strict-Transport-Security": [
          "max-age=31536000; includeSubDomains"
        ],
        "x-ms-request-id": [
          "fd3a8d11-7892-4550-ab2b-83a9183f069e"
        ],
        "Server": [
          "Microsoft-HTTPAPI/2.0",
          "Microsoft-HTTPAPI/2.0"
        ],
        "x-ms-ratelimit-remaining-subscription-reads": [
          "11984"
        ],
        "x-ms-correlation-request-id": [
          "9133bf33-9ba1-44d5-976f-f109ef4fa996"
        ],
        "x-ms-routing-request-id": [
          "EASTUS2:20210323T045857Z:9133bf33-9ba1-44d5-976f-f109ef4fa996"
        ],
        "X-Content-Type-Options": [
          "nosniff"
        ],
        "Date": [
          "Tue, 23 Mar 2021 04:58:57 GMT"
        ],
        "Content-Length": [
          "298"
        ],
        "Content-Type": [
          "application/json; charset=utf-8"
        ],
        "Expires": [
          "-1"
        ]
      },
      "ResponseBody": "{\r\n  \"value\": [\r\n    {\r\n      \"code\": \"ComponentStatus/StdOut/succeeded\",\r\n      \"level\": \"Info\",\r\n      \"displayStatus\": \"Provisioning succeeded\",\r\n      \"message\": \"This\\nis\\na\\nsample\\nscript\\nwith\\nparameters\\nvalue1\\nvalue2\"\r\n    },\r\n    {\r\n      \"code\": \"ComponentStatus/StdErr/succeeded\",\r\n      \"level\": \"Info\",\r\n      \"displayStatus\": \"Provisioning succeeded\",\r\n      \"message\": \"\"\r\n    }\r\n  ]\r\n}",
      "StatusCode": 200
    },
    {
      "RequestUri": "/subscriptions/e37510d7-33b6-4676-886f-ee75bcc01871/resourcegroups/crptestar26741?api-version=2017-05-10",
      "EncodedRequestUri": "L3N1YnNjcmlwdGlvbnMvZTM3NTEwZDctMzNiNi00Njc2LTg4NmYtZWU3NWJjYzAxODcxL3Jlc291cmNlZ3JvdXBzL2NycHRlc3RhcjI2NzQxP2FwaS12ZXJzaW9uPTIwMTctMDUtMTA=",
      "RequestMethod": "DELETE",
      "RequestBody": "",
      "RequestHeaders": {
        "x-ms-client-request-id": [
          "9a6f8ceb-1c84-42af-ba4a-da0375762aa9"
        ],
        "Accept-Language": [
          "en-US"
        ],
        "User-Agent": [
          "FxVersion/4.6.29518.01",
          "OSName/Windows",
          "OSVersion/Microsoft.Windows.10.0.18363.",
          "Microsoft.Azure.Management.ResourceManager.ResourceManagementClient/1.6.0.0"
        ]
      },
      "ResponseHeaders": {
        "Cache-Control": [
          "no-cache"
        ],
        "Pragma": [
          "no-cache"
        ],
        "Location": [
          "https://management.azure.com/subscriptions/e37510d7-33b6-4676-886f-ee75bcc01871/operationresults/eyJqb2JJZCI6IlJFU09VUkNFR1JPVVBERUxFVElPTkpPQi1DUlBURVNUQVIyNjc0MS1TT1VUSEVBU1RBU0lBIiwiam9iTG9jYXRpb24iOiJzb3V0aGVhc3Rhc2lhIn0?api-version=2017-05-10"
        ],
        "Retry-After": [
          "15"
        ],
        "x-ms-ratelimit-remaining-subscription-deletes": [
          "14999"
        ],
        "x-ms-request-id": [
          "90267f02-4027-4f1e-941d-b6e53bc1d9f9"
        ],
        "x-ms-correlation-request-id": [
          "90267f02-4027-4f1e-941d-b6e53bc1d9f9"
        ],
        "x-ms-routing-request-id": [
          "EASTUS2:20210323T045902Z:90267f02-4027-4f1e-941d-b6e53bc1d9f9"
        ],
        "Strict-Transport-Security": [
          "max-age=31536000; includeSubDomains"
        ],
        "X-Content-Type-Options": [
          "nosniff"
        ],
        "Date": [
          "Tue, 23 Mar 2021 04:59:02 GMT"
        ],
        "Expires": [
          "-1"
        ],
        "Content-Length": [
          "0"
        ]
      },
      "ResponseBody": "",
      "StatusCode": 202
    },
    {
      "RequestUri": "/subscriptions/e37510d7-33b6-4676-886f-ee75bcc01871/operationresults/eyJqb2JJZCI6IlJFU09VUkNFR1JPVVBERUxFVElPTkpPQi1DUlBURVNUQVIyNjc0MS1TT1VUSEVBU1RBU0lBIiwiam9iTG9jYXRpb24iOiJzb3V0aGVhc3Rhc2lhIn0?api-version=2017-05-10",
      "EncodedRequestUri": "L3N1YnNjcmlwdGlvbnMvZTM3NTEwZDctMzNiNi00Njc2LTg4NmYtZWU3NWJjYzAxODcxL29wZXJhdGlvbnJlc3VsdHMvZXlKcWIySkpaQ0k2SWxKRlUwOVZVa05GUjFKUFZWQkVSVXhGVkVsUFRrcFBRaTFEVWxCVVJWTlVRVkl5TmpjME1TMVRUMVZVU0VWQlUxUkJVMGxCSWl3aWFtOWlURzlqWVhScGIyNGlPaUp6YjNWMGFHVmhjM1JoYzJsaEluMD9hcGktdmVyc2lvbj0yMDE3LTA1LTEw",
      "RequestMethod": "GET",
      "RequestBody": "",
      "RequestHeaders": {
        "User-Agent": [
          "FxVersion/4.6.29518.01",
          "OSName/Windows",
          "OSVersion/Microsoft.Windows.10.0.18363.",
          "Microsoft.Azure.Management.ResourceManager.ResourceManagementClient/1.6.0.0"
        ]
      },
      "ResponseHeaders": {
        "Cache-Control": [
          "no-cache"
        ],
        "Pragma": [
          "no-cache"
        ],
        "Location": [
          "https://management.azure.com/subscriptions/e37510d7-33b6-4676-886f-ee75bcc01871/operationresults/eyJqb2JJZCI6IlJFU09VUkNFR1JPVVBERUxFVElPTkpPQi1DUlBURVNUQVIyNjc0MS1TT1VUSEVBU1RBU0lBIiwiam9iTG9jYXRpb24iOiJzb3V0aGVhc3Rhc2lhIn0?api-version=2017-05-10"
        ],
        "Retry-After": [
          "15"
        ],
        "x-ms-ratelimit-remaining-subscription-reads": [
          "11999"
        ],
        "x-ms-request-id": [
          "6623d831-b182-418d-bc9c-231097c1b220"
        ],
        "x-ms-correlation-request-id": [
          "6623d831-b182-418d-bc9c-231097c1b220"
        ],
        "x-ms-routing-request-id": [
          "EASTUS2:20210323T045917Z:6623d831-b182-418d-bc9c-231097c1b220"
        ],
        "Strict-Transport-Security": [
          "max-age=31536000; includeSubDomains"
        ],
        "X-Content-Type-Options": [
          "nosniff"
        ],
        "Date": [
          "Tue, 23 Mar 2021 04:59:17 GMT"
        ],
        "Expires": [
          "-1"
        ],
        "Content-Length": [
          "0"
        ]
      },
      "ResponseBody": "",
      "StatusCode": 202
    },
    {
      "RequestUri": "/subscriptions/e37510d7-33b6-4676-886f-ee75bcc01871/operationresults/eyJqb2JJZCI6IlJFU09VUkNFR1JPVVBERUxFVElPTkpPQi1DUlBURVNUQVIyNjc0MS1TT1VUSEVBU1RBU0lBIiwiam9iTG9jYXRpb24iOiJzb3V0aGVhc3Rhc2lhIn0?api-version=2017-05-10",
      "EncodedRequestUri": "L3N1YnNjcmlwdGlvbnMvZTM3NTEwZDctMzNiNi00Njc2LTg4NmYtZWU3NWJjYzAxODcxL29wZXJhdGlvbnJlc3VsdHMvZXlKcWIySkpaQ0k2SWxKRlUwOVZVa05GUjFKUFZWQkVSVXhGVkVsUFRrcFBRaTFEVWxCVVJWTlVRVkl5TmpjME1TMVRUMVZVU0VWQlUxUkJVMGxCSWl3aWFtOWlURzlqWVhScGIyNGlPaUp6YjNWMGFHVmhjM1JoYzJsaEluMD9hcGktdmVyc2lvbj0yMDE3LTA1LTEw",
      "RequestMethod": "GET",
      "RequestBody": "",
      "RequestHeaders": {
        "User-Agent": [
          "FxVersion/4.6.29518.01",
          "OSName/Windows",
          "OSVersion/Microsoft.Windows.10.0.18363.",
          "Microsoft.Azure.Management.ResourceManager.ResourceManagementClient/1.6.0.0"
        ]
      },
      "ResponseHeaders": {
        "Cache-Control": [
          "no-cache"
        ],
        "Pragma": [
          "no-cache"
        ],
        "Location": [
          "https://management.azure.com/subscriptions/e37510d7-33b6-4676-886f-ee75bcc01871/operationresults/eyJqb2JJZCI6IlJFU09VUkNFR1JPVVBERUxFVElPTkpPQi1DUlBURVNUQVIyNjc0MS1TT1VUSEVBU1RBU0lBIiwiam9iTG9jYXRpb24iOiJzb3V0aGVhc3Rhc2lhIn0?api-version=2017-05-10"
        ],
        "Retry-After": [
          "15"
        ],
        "x-ms-ratelimit-remaining-subscription-reads": [
          "11998"
        ],
        "x-ms-request-id": [
          "ca60cdc7-8f9f-4302-a784-3cdb35a4800a"
        ],
        "x-ms-correlation-request-id": [
          "ca60cdc7-8f9f-4302-a784-3cdb35a4800a"
        ],
        "x-ms-routing-request-id": [
          "EASTUS2:20210323T045933Z:ca60cdc7-8f9f-4302-a784-3cdb35a4800a"
        ],
        "Strict-Transport-Security": [
          "max-age=31536000; includeSubDomains"
        ],
        "X-Content-Type-Options": [
          "nosniff"
        ],
        "Date": [
          "Tue, 23 Mar 2021 04:59:33 GMT"
        ],
        "Expires": [
          "-1"
        ],
        "Content-Length": [
          "0"
        ]
      },
      "ResponseBody": "",
      "StatusCode": 202
    },
    {
      "RequestUri": "/subscriptions/e37510d7-33b6-4676-886f-ee75bcc01871/operationresults/eyJqb2JJZCI6IlJFU09VUkNFR1JPVVBERUxFVElPTkpPQi1DUlBURVNUQVIyNjc0MS1TT1VUSEVBU1RBU0lBIiwiam9iTG9jYXRpb24iOiJzb3V0aGVhc3Rhc2lhIn0?api-version=2017-05-10",
      "EncodedRequestUri": "L3N1YnNjcmlwdGlvbnMvZTM3NTEwZDctMzNiNi00Njc2LTg4NmYtZWU3NWJjYzAxODcxL29wZXJhdGlvbnJlc3VsdHMvZXlKcWIySkpaQ0k2SWxKRlUwOVZVa05GUjFKUFZWQkVSVXhGVkVsUFRrcFBRaTFEVWxCVVJWTlVRVkl5TmpjME1TMVRUMVZVU0VWQlUxUkJVMGxCSWl3aWFtOWlURzlqWVhScGIyNGlPaUp6YjNWMGFHVmhjM1JoYzJsaEluMD9hcGktdmVyc2lvbj0yMDE3LTA1LTEw",
      "RequestMethod": "GET",
      "RequestBody": "",
      "RequestHeaders": {
        "User-Agent": [
          "FxVersion/4.6.29518.01",
          "OSName/Windows",
          "OSVersion/Microsoft.Windows.10.0.18363.",
          "Microsoft.Azure.Management.ResourceManager.ResourceManagementClient/1.6.0.0"
        ]
      },
      "ResponseHeaders": {
        "Cache-Control": [
          "no-cache"
        ],
        "Pragma": [
          "no-cache"
        ],
        "Location": [
          "https://management.azure.com/subscriptions/e37510d7-33b6-4676-886f-ee75bcc01871/operationresults/eyJqb2JJZCI6IlJFU09VUkNFR1JPVVBERUxFVElPTkpPQi1DUlBURVNUQVIyNjc0MS1TT1VUSEVBU1RBU0lBIiwiam9iTG9jYXRpb24iOiJzb3V0aGVhc3Rhc2lhIn0?api-version=2017-05-10"
        ],
        "Retry-After": [
          "15"
        ],
        "x-ms-ratelimit-remaining-subscription-reads": [
          "11997"
        ],
        "x-ms-request-id": [
          "1ffe665f-c6ef-46d1-b344-21bdd2a5b908"
        ],
        "x-ms-correlation-request-id": [
          "1ffe665f-c6ef-46d1-b344-21bdd2a5b908"
        ],
        "x-ms-routing-request-id": [
          "EASTUS2:20210323T045948Z:1ffe665f-c6ef-46d1-b344-21bdd2a5b908"
        ],
        "Strict-Transport-Security": [
          "max-age=31536000; includeSubDomains"
        ],
        "X-Content-Type-Options": [
          "nosniff"
        ],
        "Date": [
          "Tue, 23 Mar 2021 04:59:48 GMT"
        ],
        "Expires": [
          "-1"
        ],
        "Content-Length": [
          "0"
        ]
      },
      "ResponseBody": "",
      "StatusCode": 202
    },
    {
      "RequestUri": "/subscriptions/e37510d7-33b6-4676-886f-ee75bcc01871/operationresults/eyJqb2JJZCI6IlJFU09VUkNFR1JPVVBERUxFVElPTkpPQi1DUlBURVNUQVIyNjc0MS1TT1VUSEVBU1RBU0lBIiwiam9iTG9jYXRpb24iOiJzb3V0aGVhc3Rhc2lhIn0?api-version=2017-05-10",
      "EncodedRequestUri": "L3N1YnNjcmlwdGlvbnMvZTM3NTEwZDctMzNiNi00Njc2LTg4NmYtZWU3NWJjYzAxODcxL29wZXJhdGlvbnJlc3VsdHMvZXlKcWIySkpaQ0k2SWxKRlUwOVZVa05GUjFKUFZWQkVSVXhGVkVsUFRrcFBRaTFEVWxCVVJWTlVRVkl5TmpjME1TMVRUMVZVU0VWQlUxUkJVMGxCSWl3aWFtOWlURzlqWVhScGIyNGlPaUp6YjNWMGFHVmhjM1JoYzJsaEluMD9hcGktdmVyc2lvbj0yMDE3LTA1LTEw",
      "RequestMethod": "GET",
      "RequestBody": "",
      "RequestHeaders": {
        "User-Agent": [
          "FxVersion/4.6.29518.01",
          "OSName/Windows",
          "OSVersion/Microsoft.Windows.10.0.18363.",
          "Microsoft.Azure.Management.ResourceManager.ResourceManagementClient/1.6.0.0"
        ]
      },
      "ResponseHeaders": {
        "Cache-Control": [
          "no-cache"
        ],
        "Pragma": [
          "no-cache"
        ],
        "Location": [
          "https://management.azure.com/subscriptions/e37510d7-33b6-4676-886f-ee75bcc01871/operationresults/eyJqb2JJZCI6IlJFU09VUkNFR1JPVVBERUxFVElPTkpPQi1DUlBURVNUQVIyNjc0MS1TT1VUSEVBU1RBU0lBIiwiam9iTG9jYXRpb24iOiJzb3V0aGVhc3Rhc2lhIn0?api-version=2017-05-10"
        ],
        "Retry-After": [
          "15"
        ],
        "x-ms-ratelimit-remaining-subscription-reads": [
          "11996"
        ],
        "x-ms-request-id": [
          "58f039b8-756c-4f13-96be-61148f33edaf"
        ],
        "x-ms-correlation-request-id": [
          "58f039b8-756c-4f13-96be-61148f33edaf"
        ],
        "x-ms-routing-request-id": [
          "EASTUS2:20210323T050004Z:58f039b8-756c-4f13-96be-61148f33edaf"
        ],
        "Strict-Transport-Security": [
          "max-age=31536000; includeSubDomains"
        ],
        "X-Content-Type-Options": [
          "nosniff"
        ],
        "Date": [
          "Tue, 23 Mar 2021 05:00:03 GMT"
        ],
        "Expires": [
          "-1"
        ],
        "Content-Length": [
          "0"
        ]
      },
      "ResponseBody": "",
      "StatusCode": 202
    },
    {
      "RequestUri": "/subscriptions/e37510d7-33b6-4676-886f-ee75bcc01871/operationresults/eyJqb2JJZCI6IlJFU09VUkNFR1JPVVBERUxFVElPTkpPQi1DUlBURVNUQVIyNjc0MS1TT1VUSEVBU1RBU0lBIiwiam9iTG9jYXRpb24iOiJzb3V0aGVhc3Rhc2lhIn0?api-version=2017-05-10",
      "EncodedRequestUri": "L3N1YnNjcmlwdGlvbnMvZTM3NTEwZDctMzNiNi00Njc2LTg4NmYtZWU3NWJjYzAxODcxL29wZXJhdGlvbnJlc3VsdHMvZXlKcWIySkpaQ0k2SWxKRlUwOVZVa05GUjFKUFZWQkVSVXhGVkVsUFRrcFBRaTFEVWxCVVJWTlVRVkl5TmpjME1TMVRUMVZVU0VWQlUxUkJVMGxCSWl3aWFtOWlURzlqWVhScGIyNGlPaUp6YjNWMGFHVmhjM1JoYzJsaEluMD9hcGktdmVyc2lvbj0yMDE3LTA1LTEw",
      "RequestMethod": "GET",
      "RequestBody": "",
      "RequestHeaders": {
        "User-Agent": [
          "FxVersion/4.6.29518.01",
          "OSName/Windows",
          "OSVersion/Microsoft.Windows.10.0.18363.",
          "Microsoft.Azure.Management.ResourceManager.ResourceManagementClient/1.6.0.0"
        ]
      },
      "ResponseHeaders": {
        "Cache-Control": [
          "no-cache"
        ],
        "Pragma": [
          "no-cache"
        ],
        "Location": [
          "https://management.azure.com/subscriptions/e37510d7-33b6-4676-886f-ee75bcc01871/operationresults/eyJqb2JJZCI6IlJFU09VUkNFR1JPVVBERUxFVElPTkpPQi1DUlBURVNUQVIyNjc0MS1TT1VUSEVBU1RBU0lBIiwiam9iTG9jYXRpb24iOiJzb3V0aGVhc3Rhc2lhIn0?api-version=2017-05-10"
        ],
        "Retry-After": [
          "15"
        ],
        "x-ms-ratelimit-remaining-subscription-reads": [
          "11995"
        ],
        "x-ms-request-id": [
          "925517cd-6e75-43d7-b2ec-ce95ca12fa34"
        ],
        "x-ms-correlation-request-id": [
          "925517cd-6e75-43d7-b2ec-ce95ca12fa34"
        ],
        "x-ms-routing-request-id": [
          "EASTUS2:20210323T050019Z:925517cd-6e75-43d7-b2ec-ce95ca12fa34"
        ],
        "Strict-Transport-Security": [
          "max-age=31536000; includeSubDomains"
        ],
        "X-Content-Type-Options": [
          "nosniff"
        ],
        "Date": [
          "Tue, 23 Mar 2021 05:00:19 GMT"
        ],
        "Expires": [
          "-1"
        ],
        "Content-Length": [
          "0"
        ]
      },
      "ResponseBody": "",
      "StatusCode": 202
    },
    {
      "RequestUri": "/subscriptions/e37510d7-33b6-4676-886f-ee75bcc01871/operationresults/eyJqb2JJZCI6IlJFU09VUkNFR1JPVVBERUxFVElPTkpPQi1DUlBURVNUQVIyNjc0MS1TT1VUSEVBU1RBU0lBIiwiam9iTG9jYXRpb24iOiJzb3V0aGVhc3Rhc2lhIn0?api-version=2017-05-10",
      "EncodedRequestUri": "L3N1YnNjcmlwdGlvbnMvZTM3NTEwZDctMzNiNi00Njc2LTg4NmYtZWU3NWJjYzAxODcxL29wZXJhdGlvbnJlc3VsdHMvZXlKcWIySkpaQ0k2SWxKRlUwOVZVa05GUjFKUFZWQkVSVXhGVkVsUFRrcFBRaTFEVWxCVVJWTlVRVkl5TmpjME1TMVRUMVZVU0VWQlUxUkJVMGxCSWl3aWFtOWlURzlqWVhScGIyNGlPaUp6YjNWMGFHVmhjM1JoYzJsaEluMD9hcGktdmVyc2lvbj0yMDE3LTA1LTEw",
      "RequestMethod": "GET",
      "RequestBody": "",
      "RequestHeaders": {
        "User-Agent": [
          "FxVersion/4.6.29518.01",
          "OSName/Windows",
          "OSVersion/Microsoft.Windows.10.0.18363.",
          "Microsoft.Azure.Management.ResourceManager.ResourceManagementClient/1.6.0.0"
        ]
      },
      "ResponseHeaders": {
        "Cache-Control": [
          "no-cache"
        ],
        "Pragma": [
          "no-cache"
        ],
        "Location": [
          "https://management.azure.com/subscriptions/e37510d7-33b6-4676-886f-ee75bcc01871/operationresults/eyJqb2JJZCI6IlJFU09VUkNFR1JPVVBERUxFVElPTkpPQi1DUlBURVNUQVIyNjc0MS1TT1VUSEVBU1RBU0lBIiwiam9iTG9jYXRpb24iOiJzb3V0aGVhc3Rhc2lhIn0?api-version=2017-05-10"
        ],
        "Retry-After": [
          "15"
        ],
        "x-ms-ratelimit-remaining-subscription-reads": [
          "11994"
        ],
        "x-ms-request-id": [
          "eb56a903-58d0-4cbe-9f87-4a1d0dbc6cb7"
        ],
        "x-ms-correlation-request-id": [
          "eb56a903-58d0-4cbe-9f87-4a1d0dbc6cb7"
        ],
        "x-ms-routing-request-id": [
          "EASTUS2:20210323T050035Z:eb56a903-58d0-4cbe-9f87-4a1d0dbc6cb7"
        ],
        "Strict-Transport-Security": [
          "max-age=31536000; includeSubDomains"
        ],
        "X-Content-Type-Options": [
          "nosniff"
        ],
        "Date": [
          "Tue, 23 Mar 2021 05:00:34 GMT"
        ],
        "Expires": [
          "-1"
        ],
        "Content-Length": [
          "0"
        ]
      },
      "ResponseBody": "",
      "StatusCode": 202
    },
    {
      "RequestUri": "/subscriptions/e37510d7-33b6-4676-886f-ee75bcc01871/operationresults/eyJqb2JJZCI6IlJFU09VUkNFR1JPVVBERUxFVElPTkpPQi1DUlBURVNUQVIyNjc0MS1TT1VUSEVBU1RBU0lBIiwiam9iTG9jYXRpb24iOiJzb3V0aGVhc3Rhc2lhIn0?api-version=2017-05-10",
      "EncodedRequestUri": "L3N1YnNjcmlwdGlvbnMvZTM3NTEwZDctMzNiNi00Njc2LTg4NmYtZWU3NWJjYzAxODcxL29wZXJhdGlvbnJlc3VsdHMvZXlKcWIySkpaQ0k2SWxKRlUwOVZVa05GUjFKUFZWQkVSVXhGVkVsUFRrcFBRaTFEVWxCVVJWTlVRVkl5TmpjME1TMVRUMVZVU0VWQlUxUkJVMGxCSWl3aWFtOWlURzlqWVhScGIyNGlPaUp6YjNWMGFHVmhjM1JoYzJsaEluMD9hcGktdmVyc2lvbj0yMDE3LTA1LTEw",
      "RequestMethod": "GET",
      "RequestBody": "",
      "RequestHeaders": {
        "User-Agent": [
          "FxVersion/4.6.29518.01",
          "OSName/Windows",
          "OSVersion/Microsoft.Windows.10.0.18363.",
          "Microsoft.Azure.Management.ResourceManager.ResourceManagementClient/1.6.0.0"
        ]
      },
      "ResponseHeaders": {
        "Cache-Control": [
          "no-cache"
        ],
        "Pragma": [
          "no-cache"
        ],
        "Location": [
          "https://management.azure.com/subscriptions/e37510d7-33b6-4676-886f-ee75bcc01871/operationresults/eyJqb2JJZCI6IlJFU09VUkNFR1JPVVBERUxFVElPTkpPQi1DUlBURVNUQVIyNjc0MS1TT1VUSEVBU1RBU0lBIiwiam9iTG9jYXRpb24iOiJzb3V0aGVhc3Rhc2lhIn0?api-version=2017-05-10"
        ],
        "Retry-After": [
          "15"
        ],
        "x-ms-ratelimit-remaining-subscription-reads": [
          "11993"
        ],
        "x-ms-request-id": [
          "ddf7cee8-e365-48fd-aacc-4be08b2d47e0"
        ],
        "x-ms-correlation-request-id": [
          "ddf7cee8-e365-48fd-aacc-4be08b2d47e0"
        ],
        "x-ms-routing-request-id": [
          "EASTUS2:20210323T050050Z:ddf7cee8-e365-48fd-aacc-4be08b2d47e0"
        ],
        "Strict-Transport-Security": [
          "max-age=31536000; includeSubDomains"
        ],
        "X-Content-Type-Options": [
          "nosniff"
        ],
        "Date": [
          "Tue, 23 Mar 2021 05:00:50 GMT"
        ],
        "Expires": [
          "-1"
        ],
        "Content-Length": [
          "0"
        ]
      },
      "ResponseBody": "",
      "StatusCode": 202
    },
    {
      "RequestUri": "/subscriptions/e37510d7-33b6-4676-886f-ee75bcc01871/operationresults/eyJqb2JJZCI6IlJFU09VUkNFR1JPVVBERUxFVElPTkpPQi1DUlBURVNUQVIyNjc0MS1TT1VUSEVBU1RBU0lBIiwiam9iTG9jYXRpb24iOiJzb3V0aGVhc3Rhc2lhIn0?api-version=2017-05-10",
      "EncodedRequestUri": "L3N1YnNjcmlwdGlvbnMvZTM3NTEwZDctMzNiNi00Njc2LTg4NmYtZWU3NWJjYzAxODcxL29wZXJhdGlvbnJlc3VsdHMvZXlKcWIySkpaQ0k2SWxKRlUwOVZVa05GUjFKUFZWQkVSVXhGVkVsUFRrcFBRaTFEVWxCVVJWTlVRVkl5TmpjME1TMVRUMVZVU0VWQlUxUkJVMGxCSWl3aWFtOWlURzlqWVhScGIyNGlPaUp6YjNWMGFHVmhjM1JoYzJsaEluMD9hcGktdmVyc2lvbj0yMDE3LTA1LTEw",
      "RequestMethod": "GET",
      "RequestBody": "",
      "RequestHeaders": {
        "User-Agent": [
          "FxVersion/4.6.29518.01",
          "OSName/Windows",
          "OSVersion/Microsoft.Windows.10.0.18363.",
          "Microsoft.Azure.Management.ResourceManager.ResourceManagementClient/1.6.0.0"
        ]
      },
      "ResponseHeaders": {
        "Cache-Control": [
          "no-cache"
        ],
        "Pragma": [
          "no-cache"
        ],
        "Location": [
          "https://management.azure.com/subscriptions/e37510d7-33b6-4676-886f-ee75bcc01871/operationresults/eyJqb2JJZCI6IlJFU09VUkNFR1JPVVBERUxFVElPTkpPQi1DUlBURVNUQVIyNjc0MS1TT1VUSEVBU1RBU0lBIiwiam9iTG9jYXRpb24iOiJzb3V0aGVhc3Rhc2lhIn0?api-version=2017-05-10"
        ],
        "Retry-After": [
          "15"
        ],
        "x-ms-ratelimit-remaining-subscription-reads": [
          "11992"
        ],
        "x-ms-request-id": [
          "ac91f406-e389-40d4-a053-bea347989c53"
        ],
        "x-ms-correlation-request-id": [
          "ac91f406-e389-40d4-a053-bea347989c53"
        ],
        "x-ms-routing-request-id": [
          "EASTUS2:20210323T050106Z:ac91f406-e389-40d4-a053-bea347989c53"
        ],
        "Strict-Transport-Security": [
          "max-age=31536000; includeSubDomains"
        ],
        "X-Content-Type-Options": [
          "nosniff"
        ],
        "Date": [
          "Tue, 23 Mar 2021 05:01:05 GMT"
        ],
        "Expires": [
          "-1"
        ],
        "Content-Length": [
          "0"
        ]
      },
      "ResponseBody": "",
      "StatusCode": 202
    },
    {
      "RequestUri": "/subscriptions/e37510d7-33b6-4676-886f-ee75bcc01871/operationresults/eyJqb2JJZCI6IlJFU09VUkNFR1JPVVBERUxFVElPTkpPQi1DUlBURVNUQVIyNjc0MS1TT1VUSEVBU1RBU0lBIiwiam9iTG9jYXRpb24iOiJzb3V0aGVhc3Rhc2lhIn0?api-version=2017-05-10",
      "EncodedRequestUri": "L3N1YnNjcmlwdGlvbnMvZTM3NTEwZDctMzNiNi00Njc2LTg4NmYtZWU3NWJjYzAxODcxL29wZXJhdGlvbnJlc3VsdHMvZXlKcWIySkpaQ0k2SWxKRlUwOVZVa05GUjFKUFZWQkVSVXhGVkVsUFRrcFBRaTFEVWxCVVJWTlVRVkl5TmpjME1TMVRUMVZVU0VWQlUxUkJVMGxCSWl3aWFtOWlURzlqWVhScGIyNGlPaUp6YjNWMGFHVmhjM1JoYzJsaEluMD9hcGktdmVyc2lvbj0yMDE3LTA1LTEw",
      "RequestMethod": "GET",
      "RequestBody": "",
      "RequestHeaders": {
        "User-Agent": [
          "FxVersion/4.6.29518.01",
          "OSName/Windows",
          "OSVersion/Microsoft.Windows.10.0.18363.",
          "Microsoft.Azure.Management.ResourceManager.ResourceManagementClient/1.6.0.0"
        ]
      },
      "ResponseHeaders": {
        "Cache-Control": [
          "no-cache"
        ],
        "Pragma": [
          "no-cache"
        ],
        "Location": [
          "https://management.azure.com/subscriptions/e37510d7-33b6-4676-886f-ee75bcc01871/operationresults/eyJqb2JJZCI6IlJFU09VUkNFR1JPVVBERUxFVElPTkpPQi1DUlBURVNUQVIyNjc0MS1TT1VUSEVBU1RBU0lBIiwiam9iTG9jYXRpb24iOiJzb3V0aGVhc3Rhc2lhIn0?api-version=2017-05-10"
        ],
        "Retry-After": [
          "15"
        ],
        "x-ms-ratelimit-remaining-subscription-reads": [
          "11991"
        ],
        "x-ms-request-id": [
          "3d0766f5-b8b3-4100-8e1a-4180dbfdcb88"
        ],
        "x-ms-correlation-request-id": [
          "3d0766f5-b8b3-4100-8e1a-4180dbfdcb88"
        ],
        "x-ms-routing-request-id": [
          "EASTUS2:20210323T050121Z:3d0766f5-b8b3-4100-8e1a-4180dbfdcb88"
        ],
        "Strict-Transport-Security": [
          "max-age=31536000; includeSubDomains"
        ],
        "X-Content-Type-Options": [
          "nosniff"
        ],
        "Date": [
          "Tue, 23 Mar 2021 05:01:21 GMT"
        ],
        "Expires": [
          "-1"
        ],
        "Content-Length": [
          "0"
        ]
      },
      "ResponseBody": "",
      "StatusCode": 202
    },
    {
      "RequestUri": "/subscriptions/e37510d7-33b6-4676-886f-ee75bcc01871/operationresults/eyJqb2JJZCI6IlJFU09VUkNFR1JPVVBERUxFVElPTkpPQi1DUlBURVNUQVIyNjc0MS1TT1VUSEVBU1RBU0lBIiwiam9iTG9jYXRpb24iOiJzb3V0aGVhc3Rhc2lhIn0?api-version=2017-05-10",
      "EncodedRequestUri": "L3N1YnNjcmlwdGlvbnMvZTM3NTEwZDctMzNiNi00Njc2LTg4NmYtZWU3NWJjYzAxODcxL29wZXJhdGlvbnJlc3VsdHMvZXlKcWIySkpaQ0k2SWxKRlUwOVZVa05GUjFKUFZWQkVSVXhGVkVsUFRrcFBRaTFEVWxCVVJWTlVRVkl5TmpjME1TMVRUMVZVU0VWQlUxUkJVMGxCSWl3aWFtOWlURzlqWVhScGIyNGlPaUp6YjNWMGFHVmhjM1JoYzJsaEluMD9hcGktdmVyc2lvbj0yMDE3LTA1LTEw",
      "RequestMethod": "GET",
      "RequestBody": "",
      "RequestHeaders": {
        "User-Agent": [
          "FxVersion/4.6.29518.01",
          "OSName/Windows",
          "OSVersion/Microsoft.Windows.10.0.18363.",
          "Microsoft.Azure.Management.ResourceManager.ResourceManagementClient/1.6.0.0"
        ]
      },
      "ResponseHeaders": {
        "Cache-Control": [
          "no-cache"
        ],
        "Pragma": [
          "no-cache"
        ],
        "x-ms-ratelimit-remaining-subscription-reads": [
          "11990"
        ],
        "x-ms-request-id": [
          "6ceeaec0-e352-4fa9-990e-9b22d62515e6"
        ],
        "x-ms-correlation-request-id": [
          "6ceeaec0-e352-4fa9-990e-9b22d62515e6"
        ],
        "x-ms-routing-request-id": [
          "EASTUS2:20210323T050136Z:6ceeaec0-e352-4fa9-990e-9b22d62515e6"
        ],
        "Strict-Transport-Security": [
          "max-age=31536000; includeSubDomains"
        ],
        "X-Content-Type-Options": [
          "nosniff"
        ],
        "Date": [
          "Tue, 23 Mar 2021 05:01:36 GMT"
        ],
        "Expires": [
          "-1"
        ],
        "Content-Length": [
          "0"
        ]
      },
      "ResponseBody": "",
      "StatusCode": 200
    },
    {
      "RequestUri": "/subscriptions/e37510d7-33b6-4676-886f-ee75bcc01871/operationresults/eyJqb2JJZCI6IlJFU09VUkNFR1JPVVBERUxFVElPTkpPQi1DUlBURVNUQVIyNjc0MS1TT1VUSEVBU1RBU0lBIiwiam9iTG9jYXRpb24iOiJzb3V0aGVhc3Rhc2lhIn0?api-version=2017-05-10",
      "EncodedRequestUri": "L3N1YnNjcmlwdGlvbnMvZTM3NTEwZDctMzNiNi00Njc2LTg4NmYtZWU3NWJjYzAxODcxL29wZXJhdGlvbnJlc3VsdHMvZXlKcWIySkpaQ0k2SWxKRlUwOVZVa05GUjFKUFZWQkVSVXhGVkVsUFRrcFBRaTFEVWxCVVJWTlVRVkl5TmpjME1TMVRUMVZVU0VWQlUxUkJVMGxCSWl3aWFtOWlURzlqWVhScGIyNGlPaUp6YjNWMGFHVmhjM1JoYzJsaEluMD9hcGktdmVyc2lvbj0yMDE3LTA1LTEw",
      "RequestMethod": "GET",
      "RequestBody": "",
      "RequestHeaders": {
        "User-Agent": [
          "FxVersion/4.6.29518.01",
          "OSName/Windows",
          "OSVersion/Microsoft.Windows.10.0.18363.",
          "Microsoft.Azure.Management.ResourceManager.ResourceManagementClient/1.6.0.0"
        ]
      },
      "ResponseHeaders": {
        "Cache-Control": [
          "no-cache"
        ],
        "Pragma": [
          "no-cache"
        ],
        "x-ms-ratelimit-remaining-subscription-reads": [
          "11989"
        ],
        "x-ms-request-id": [
          "63cf8121-9b82-4eff-a5e3-4cc02087bb9d"
        ],
        "x-ms-correlation-request-id": [
          "63cf8121-9b82-4eff-a5e3-4cc02087bb9d"
        ],
        "x-ms-routing-request-id": [
          "EASTUS2:20210323T050137Z:63cf8121-9b82-4eff-a5e3-4cc02087bb9d"
        ],
        "Strict-Transport-Security": [
          "max-age=31536000; includeSubDomains"
        ],
        "X-Content-Type-Options": [
          "nosniff"
        ],
        "Date": [
          "Tue, 23 Mar 2021 05:01:37 GMT"
        ],
        "Expires": [
          "-1"
        ],
        "Content-Length": [
          "0"
        ]
      },
      "ResponseBody": "",
      "StatusCode": 200
    }
  ],
  "Names": {
    "TestVMOperations_RunCommand": [
      "crptestar2674",
      "as8258",
      "crptestar570"
    ],
    "CreatePublicIP": [
      "pip5790",
      "dn9154"
    ],
    "CreateVNET": [
      "vn3794",
      "sn5133"
    ],
    "CreateNIC": [
      "nic6292",
      "ip7628"
    ],
    "CreateDefaultVMInput": [
      "crptestar7170",
      "crptestar9176",
      "crptestar5171",
      "vm4688",
      "Microsoft.Compute/virtualMachines2688"
    ]
  },
  "Variables": {
    "SubscriptionId": "e37510d7-33b6-4676-886f-ee75bcc01871"
  }
}