{
  "Entries": [
    {
      "RequestUri": "/subscriptions/e37510d7-33b6-4676-886f-ee75bcc01871/providers/Microsoft.Compute/locations/eastus2euap/publishers/MicrosoftWindowsServer/artifacttypes/vmimage/offers/WindowsServer/skus/2019-Datacenter/versions?$top=1&api-version=2022-03-01",
      "EncodedRequestUri": "L3N1YnNjcmlwdGlvbnMvZTM3NTEwZDctMzNiNi00Njc2LTg4NmYtZWU3NWJjYzAxODcxL3Byb3ZpZGVycy9NaWNyb3NvZnQuQ29tcHV0ZS9sb2NhdGlvbnMvZWFzdHVzMmV1YXAvcHVibGlzaGVycy9NaWNyb3NvZnRXaW5kb3dzU2VydmVyL2FydGlmYWN0dHlwZXMvdm1pbWFnZS9vZmZlcnMvV2luZG93c1NlcnZlci9za3VzLzIwMTktRGF0YWNlbnRlci92ZXJzaW9ucz8kdG9wPTEmYXBpLXZlcnNpb249MjAyMi0wMy0wMQ==",
      "RequestMethod": "GET",
      "RequestBody": "",
      "RequestHeaders": {
        "x-ms-client-request-id": [
          "7be489e5-3c51-4b5c-829e-b25867ef5237"
        ],
        "Accept-Language": [
          "en-US"
        ],
        "User-Agent": [
          "FxVersion/4.700.21.47003",
          "OSName/Windows",
          "OSVersion/Microsoft.Windows.10.0.17763",
          "Microsoft.Azure.Management.Compute.ComputeManagementClient/53.0.0"
        ]
      },
      "ResponseHeaders": {
        "Cache-Control": [
          "no-cache"
        ],
        "Pragma": [
          "no-cache"
        ],
        "x-ms-ratelimit-remaining-resource": [
          "Microsoft.Compute/ListVMImagesVersionsFromLocation3Min;15999,Microsoft.Compute/ListVMImagesVersionsFromLocation30Min;43999"
        ],
        "Strict-Transport-Security": [
          "max-age=31536000; includeSubDomains"
        ],
        "x-ms-served-by": [
          "3707be56-376d-4281-af6f-306af28cbf16_132913142092937567"
        ],
        "x-ms-request-id": [
          "400d5908-517a-4718-9e28-8b0ee35aad42"
        ],
        "Server": [
          "Microsoft-HTTPAPI/2.0",
          "Microsoft-HTTPAPI/2.0"
        ],
        "x-ms-ratelimit-remaining-subscription-reads": [
          "11999"
        ],
        "x-ms-correlation-request-id": [
          "29576ca3-7de7-4489-a985-08dbeca0345e"
        ],
        "x-ms-routing-request-id": [
          "EASTUS2:20220406T142024Z:29576ca3-7de7-4489-a985-08dbeca0345e"
        ],
        "X-Content-Type-Options": [
          "nosniff"
        ],
        "Date": [
          "Wed, 06 Apr 2022 14:20:24 GMT"
        ],
        "Content-Length": [
          "328"
        ],
        "Content-Type": [
          "application/json; charset=utf-8"
        ],
        "Expires": [
          "-1"
        ]
      },
      "ResponseBody": "[\r\n  {\r\n    \"location\": \"EastUS2EUAP\",\r\n    \"name\": \"17763.1879.2104091832\",\r\n    \"id\": \"/Subscriptions/e37510d7-33b6-4676-886f-ee75bcc01871/Providers/Microsoft.Compute/Locations/EastUS2EUAP/Publishers/MicrosoftWindowsServer/ArtifactTypes/VMImage/Offers/WindowsServer/Skus/2019-Datacenter/Versions/17763.1879.2104091832\"\r\n  }\r\n]",
      "StatusCode": 200
    },
    {
      "RequestUri": "/subscriptions/e37510d7-33b6-4676-886f-ee75bcc01871/resourcegroups/crptestar33541?api-version=2017-05-10",
      "EncodedRequestUri": "L3N1YnNjcmlwdGlvbnMvZTM3NTEwZDctMzNiNi00Njc2LTg4NmYtZWU3NWJjYzAxODcxL3Jlc291cmNlZ3JvdXBzL2NycHRlc3RhcjMzNTQxP2FwaS12ZXJzaW9uPTIwMTctMDUtMTA=",
      "RequestMethod": "PUT",
      "RequestBody": "{\r\n  \"location\": \"eastus2euap\",\r\n  \"tags\": {\r\n    \"crptestar33541\": \"2022-04-06 14:20:24Z\"\r\n  }\r\n}",
      "RequestHeaders": {
        "x-ms-client-request-id": [
          "42fc4992-9b92-407b-b15b-883607632633"
        ],
        "Accept-Language": [
          "en-US"
        ],
        "User-Agent": [
          "FxVersion/4.700.21.47003",
          "OSName/Windows",
          "OSVersion/Microsoft.Windows.10.0.17763",
          "Microsoft.Azure.Management.ResourceManager.ResourceManagementClient/1.6.0.0"
        ],
        "Content-Type": [
          "application/json; charset=utf-8"
        ],
        "Content-Length": [
          "98"
        ]
      },
      "ResponseHeaders": {
        "Cache-Control": [
          "no-cache"
        ],
        "Pragma": [
          "no-cache"
        ],
        "x-ms-ratelimit-remaining-subscription-writes": [
          "1199"
        ],
        "x-ms-request-id": [
          "7432d698-85e5-4be3-bc45-e196288f5d6e"
        ],
        "x-ms-correlation-request-id": [
          "7432d698-85e5-4be3-bc45-e196288f5d6e"
        ],
        "x-ms-routing-request-id": [
          "EASTUS2:20220406T142024Z:7432d698-85e5-4be3-bc45-e196288f5d6e"
        ],
        "Strict-Transport-Security": [
          "max-age=31536000; includeSubDomains"
        ],
        "X-Content-Type-Options": [
          "nosniff"
        ],
        "Date": [
          "Wed, 06 Apr 2022 14:20:24 GMT"
        ],
        "Content-Length": [
          "235"
        ],
        "Content-Type": [
          "application/json; charset=utf-8"
        ],
        "Expires": [
          "-1"
        ]
      },
      "ResponseBody": "{\r\n  \"id\": \"/subscriptions/e37510d7-33b6-4676-886f-ee75bcc01871/resourceGroups/crptestar33541\",\r\n  \"name\": \"crptestar33541\",\r\n  \"location\": \"eastus2euap\",\r\n  \"tags\": {\r\n    \"crptestar33541\": \"2022-04-06 14:20:24Z\"\r\n  },\r\n  \"properties\": {\r\n    \"provisioningState\": \"Succeeded\"\r\n  }\r\n}",
      "StatusCode": 201
    },
    {
      "RequestUri": "/subscriptions/e37510d7-33b6-4676-886f-ee75bcc01871/resourcegroups/crptestar33541?api-version=2017-05-10",
      "EncodedRequestUri": "L3N1YnNjcmlwdGlvbnMvZTM3NTEwZDctMzNiNi00Njc2LTg4NmYtZWU3NWJjYzAxODcxL3Jlc291cmNlZ3JvdXBzL2NycHRlc3RhcjMzNTQxP2FwaS12ZXJzaW9uPTIwMTctMDUtMTA=",
      "RequestMethod": "PUT",
      "RequestBody": "{\r\n  \"location\": \"eastus2euap\",\r\n  \"tags\": {\r\n    \"crptestar33541\": \"2022-04-06 14:20:55Z\"\r\n  }\r\n}",
      "RequestHeaders": {
        "x-ms-client-request-id": [
          "98426d1b-4fad-4fdd-8288-bc761921a7cf"
        ],
        "Accept-Language": [
          "en-US"
        ],
        "User-Agent": [
          "FxVersion/4.700.21.47003",
          "OSName/Windows",
          "OSVersion/Microsoft.Windows.10.0.17763",
          "Microsoft.Azure.Management.ResourceManager.ResourceManagementClient/1.6.0.0"
        ],
        "Content-Type": [
          "application/json; charset=utf-8"
        ],
        "Content-Length": [
          "98"
        ]
      },
      "ResponseHeaders": {
        "Cache-Control": [
          "no-cache"
        ],
        "Pragma": [
          "no-cache"
        ],
        "x-ms-ratelimit-remaining-subscription-writes": [
          "1198"
        ],
        "x-ms-request-id": [
          "785d2749-2f31-4ba0-98cd-e7448797a526"
        ],
        "x-ms-correlation-request-id": [
          "785d2749-2f31-4ba0-98cd-e7448797a526"
        ],
        "x-ms-routing-request-id": [
          "EASTUS2:20220406T142055Z:785d2749-2f31-4ba0-98cd-e7448797a526"
        ],
        "Strict-Transport-Security": [
          "max-age=31536000; includeSubDomains"
        ],
        "X-Content-Type-Options": [
          "nosniff"
        ],
        "Date": [
          "Wed, 06 Apr 2022 14:20:54 GMT"
        ],
        "Content-Length": [
          "235"
        ],
        "Content-Type": [
          "application/json; charset=utf-8"
        ],
        "Expires": [
          "-1"
        ]
      },
      "ResponseBody": "{\r\n  \"id\": \"/subscriptions/e37510d7-33b6-4676-886f-ee75bcc01871/resourceGroups/crptestar33541\",\r\n  \"name\": \"crptestar33541\",\r\n  \"location\": \"eastus2euap\",\r\n  \"tags\": {\r\n    \"crptestar33541\": \"2022-04-06 14:20:55Z\"\r\n  },\r\n  \"properties\": {\r\n    \"provisioningState\": \"Succeeded\"\r\n  }\r\n}",
      "StatusCode": 200
    },
    {
      "RequestUri": "/subscriptions/e37510d7-33b6-4676-886f-ee75bcc01871/resourceGroups/crptestar33541/providers/Microsoft.Storage/storageAccounts/crptestar1415?api-version=2015-06-15",
      "EncodedRequestUri": "L3N1YnNjcmlwdGlvbnMvZTM3NTEwZDctMzNiNi00Njc2LTg4NmYtZWU3NWJjYzAxODcxL3Jlc291cmNlR3JvdXBzL2NycHRlc3RhcjMzNTQxL3Byb3ZpZGVycy9NaWNyb3NvZnQuU3RvcmFnZS9zdG9yYWdlQWNjb3VudHMvY3JwdGVzdGFyMTQxNT9hcGktdmVyc2lvbj0yMDE1LTA2LTE1",
      "RequestMethod": "PUT",
      "RequestBody": "{\r\n  \"location\": \"eastus2euap\",\r\n  \"properties\": {\r\n    \"accountType\": \"Standard_GRS\"\r\n  }\r\n}",
      "RequestHeaders": {
        "x-ms-client-request-id": [
          "3c919d72-72f1-470b-a9e3-430da6e28838"
        ],
        "Accept-Language": [
          "en-US"
        ],
        "User-Agent": [
          "FxVersion/4.700.21.47003",
          "OSName/Windows",
          "OSVersion/Microsoft.Windows.10.0.17763",
          "Microsoft.Azure.Management.Storage.StorageManagementClient/4.0.0.0"
        ],
        "Content-Type": [
          "application/json; charset=utf-8"
        ],
        "Content-Length": [
          "93"
        ]
      },
      "ResponseHeaders": {
        "Cache-Control": [
          "no-cache"
        ],
        "Pragma": [
          "no-cache"
        ],
        "Location": [
          "https://management.azure.com/subscriptions/e37510d7-33b6-4676-886f-ee75bcc01871/providers/Microsoft.Storage/locations/eastus2euap/asyncoperations/e804fbdf-2711-4c2a-9f14-3cf955588fb0?monitor=true&api-version=2015-06-15"
        ],
        "Retry-After": [
          "17"
        ],
        "x-ms-request-id": [
          "e804fbdf-2711-4c2a-9f14-3cf955588fb0"
        ],
        "Strict-Transport-Security": [
          "max-age=31536000; includeSubDomains"
        ],
        "Server": [
          "Microsoft-Azure-Storage-Resource-Provider/1.0,Microsoft-HTTPAPI/2.0 Microsoft-HTTPAPI/2.0"
        ],
        "x-ms-ratelimit-remaining-subscription-writes": [
          "1196"
        ],
        "x-ms-correlation-request-id": [
          "74314e0b-1b90-48b0-8d7b-2010f2bbd4f1"
        ],
        "x-ms-routing-request-id": [
          "EASTUS2:20220406T142028Z:74314e0b-1b90-48b0-8d7b-2010f2bbd4f1"
        ],
        "X-Content-Type-Options": [
          "nosniff"
        ],
        "Date": [
          "Wed, 06 Apr 2022 14:20:27 GMT"
        ],
        "Content-Type": [
          "text/plain; charset=utf-8"
        ],
        "Expires": [
          "-1"
        ],
        "Content-Length": [
          "0"
        ]
      },
      "ResponseBody": "",
      "StatusCode": 202
    },
    {
      "RequestUri": "/subscriptions/e37510d7-33b6-4676-886f-ee75bcc01871/providers/Microsoft.Storage/locations/eastus2euap/asyncoperations/e804fbdf-2711-4c2a-9f14-3cf955588fb0?monitor=true&api-version=2015-06-15",
      "EncodedRequestUri": "L3N1YnNjcmlwdGlvbnMvZTM3NTEwZDctMzNiNi00Njc2LTg4NmYtZWU3NWJjYzAxODcxL3Byb3ZpZGVycy9NaWNyb3NvZnQuU3RvcmFnZS9sb2NhdGlvbnMvZWFzdHVzMmV1YXAvYXN5bmNvcGVyYXRpb25zL2U4MDRmYmRmLTI3MTEtNGMyYS05ZjE0LTNjZjk1NTU4OGZiMD9tb25pdG9yPXRydWUmYXBpLXZlcnNpb249MjAxNS0wNi0xNQ==",
      "RequestMethod": "GET",
      "RequestBody": "",
      "RequestHeaders": {
        "User-Agent": [
          "FxVersion/4.700.21.47003",
          "OSName/Windows",
          "OSVersion/Microsoft.Windows.10.0.17763",
          "Microsoft.Azure.Management.Storage.StorageManagementClient/4.0.0.0"
        ]
      },
      "ResponseHeaders": {
        "Cache-Control": [
          "no-cache"
        ],
        "Pragma": [
          "no-cache"
        ],
        "x-ms-request-id": [
          "ba0994c3-ac31-4d71-801b-375ec9a0b239"
        ],
        "Strict-Transport-Security": [
          "max-age=31536000; includeSubDomains"
        ],
        "Server": [
          "Microsoft-Azure-Storage-Resource-Provider/1.0,Microsoft-HTTPAPI/2.0 Microsoft-HTTPAPI/2.0"
        ],
        "x-ms-ratelimit-remaining-subscription-reads": [
          "11991"
        ],
        "x-ms-correlation-request-id": [
          "358e3046-7850-489d-ad2f-46f45ab9db4f"
        ],
        "x-ms-routing-request-id": [
          "EASTUS2:20220406T142045Z:358e3046-7850-489d-ad2f-46f45ab9db4f"
        ],
        "X-Content-Type-Options": [
          "nosniff"
        ],
        "Date": [
          "Wed, 06 Apr 2022 14:20:44 GMT"
        ],
        "Content-Length": [
          "93"
        ],
        "Content-Type": [
          "application/json"
        ],
        "Expires": [
          "-1"
        ]
      },
      "ResponseBody": "{\r\n  \"location\": \"eastus2euap\",\r\n  \"properties\": {\r\n    \"accountType\": \"Standard_GRS\"\r\n  }\r\n}",
      "StatusCode": 200
    },
    {
      "RequestUri": "/subscriptions/e37510d7-33b6-4676-886f-ee75bcc01871/resourceGroups/crptestar33541/providers/Microsoft.Storage/storageAccounts?api-version=2015-06-15",
      "EncodedRequestUri": "L3N1YnNjcmlwdGlvbnMvZTM3NTEwZDctMzNiNi00Njc2LTg4NmYtZWU3NWJjYzAxODcxL3Jlc291cmNlR3JvdXBzL2NycHRlc3RhcjMzNTQxL3Byb3ZpZGVycy9NaWNyb3NvZnQuU3RvcmFnZS9zdG9yYWdlQWNjb3VudHM/YXBpLXZlcnNpb249MjAxNS0wNi0xNQ==",
      "RequestMethod": "GET",
      "RequestBody": "",
      "RequestHeaders": {
        "x-ms-client-request-id": [
          "b5a5d379-1561-4931-b081-98a17db786b7"
        ],
        "Accept-Language": [
          "en-US"
        ],
        "User-Agent": [
          "FxVersion/4.700.21.47003",
          "OSName/Windows",
          "OSVersion/Microsoft.Windows.10.0.17763",
          "Microsoft.Azure.Management.Storage.StorageManagementClient/4.0.0.0"
        ]
      },
      "ResponseHeaders": {
        "Cache-Control": [
          "no-cache"
        ],
        "Pragma": [
          "no-cache"
        ],
        "x-ms-request-id": [
          "8d9407e5-dedd-403d-8fba-780e8b8e29ad"
        ],
        "Strict-Transport-Security": [
          "max-age=31536000; includeSubDomains"
        ],
        "Server": [
          "Microsoft-Azure-Storage-Resource-Provider/1.0,Microsoft-HTTPAPI/2.0 Microsoft-HTTPAPI/2.0"
        ],
        "x-ms-ratelimit-remaining-subscription-reads": [
          "11990"
        ],
        "x-ms-correlation-request-id": [
          "215f9e03-6e40-4dba-b641-c0e180440e41"
        ],
        "x-ms-routing-request-id": [
          "EASTUS2:20220406T142055Z:215f9e03-6e40-4dba-b641-c0e180440e41"
        ],
        "X-Content-Type-Options": [
          "nosniff"
        ],
        "Date": [
          "Wed, 06 Apr 2022 14:20:55 GMT"
        ],
        "Content-Length": [
          "754"
        ],
        "Content-Type": [
          "application/json"
        ],
        "Expires": [
          "-1"
        ]
      },
      "ResponseBody": "{\r\n  \"value\": [\r\n    {\r\n      \"id\": \"/subscriptions/e37510d7-33b6-4676-886f-ee75bcc01871/resourceGroups/crptestar33541/providers/Microsoft.Storage/storageAccounts/crptestar1415\",\r\n      \"name\": \"crptestar1415\",\r\n      \"type\": \"Microsoft.Storage/storageAccounts\",\r\n      \"location\": \"eastus2euap\",\r\n      \"tags\": {},\r\n      \"properties\": {\r\n        \"accountType\": \"Standard_GRS\",\r\n        \"provisioningState\": \"Succeeded\",\r\n        \"creationTime\": \"2022-04-06T14:20:25.3115054Z\",\r\n        \"primaryEndpoints\": {\r\n          \"blob\": \"https://crptestar1415.blob.core.windows.net/\",\r\n          \"queue\": \"https://crptestar1415.queue.core.windows.net/\",\r\n          \"table\": \"https://crptestar1415.table.core.windows.net/\",\r\n          \"file\": \"https://crptestar1415.file.core.windows.net/\"\r\n        },\r\n        \"primaryLocation\": \"eastus2euap\",\r\n        \"statusOfPrimary\": \"available\",\r\n        \"secondaryLocation\": \"centraluseuap\",\r\n        \"statusOfSecondary\": \"available\"\r\n      }\r\n    }\r\n  ]\r\n}",
      "StatusCode": 200
    },
    {
      "RequestUri": "/subscriptions/e37510d7-33b6-4676-886f-ee75bcc01871/resourceGroups/crptestar33541/providers/Microsoft.Storage/storageAccounts/crptestar1415?api-version=2015-06-15",
      "EncodedRequestUri": "L3N1YnNjcmlwdGlvbnMvZTM3NTEwZDctMzNiNi00Njc2LTg4NmYtZWU3NWJjYzAxODcxL3Jlc291cmNlR3JvdXBzL2NycHRlc3RhcjMzNTQxL3Byb3ZpZGVycy9NaWNyb3NvZnQuU3RvcmFnZS9zdG9yYWdlQWNjb3VudHMvY3JwdGVzdGFyMTQxNT9hcGktdmVyc2lvbj0yMDE1LTA2LTE1",
      "RequestMethod": "GET",
      "RequestBody": "",
      "RequestHeaders": {
        "x-ms-client-request-id": [
          "ccda2163-ccd9-40ec-ac2f-08009079bb43"
        ],
        "Accept-Language": [
          "en-US"
        ],
        "User-Agent": [
          "FxVersion/4.700.21.47003",
          "OSName/Windows",
          "OSVersion/Microsoft.Windows.10.0.17763",
          "Microsoft.Azure.Management.Storage.StorageManagementClient/4.0.0.0"
        ]
      },
      "ResponseHeaders": {
        "Cache-Control": [
          "no-cache"
        ],
        "Pragma": [
          "no-cache"
        ],
        "x-ms-request-id": [
          "1d0d092f-475f-4c1e-96a0-c6880e2fe55e"
        ],
        "Strict-Transport-Security": [
          "max-age=31536000; includeSubDomains"
        ],
        "Server": [
          "Microsoft-Azure-Storage-Resource-Provider/1.0,Microsoft-HTTPAPI/2.0 Microsoft-HTTPAPI/2.0"
        ],
        "x-ms-ratelimit-remaining-subscription-reads": [
          "11989"
        ],
        "x-ms-correlation-request-id": [
          "d8354787-491c-4d9a-b1fc-7aec08573de0"
        ],
        "x-ms-routing-request-id": [
          "EASTUS2:20220406T142055Z:d8354787-491c-4d9a-b1fc-7aec08573de0"
        ],
        "X-Content-Type-Options": [
          "nosniff"
        ],
        "Date": [
          "Wed, 06 Apr 2022 14:20:55 GMT"
        ],
        "Content-Length": [
          "742"
        ],
        "Content-Type": [
          "application/json"
        ],
        "Expires": [
          "-1"
        ]
      },
      "ResponseBody": "{\r\n  \"id\": \"/subscriptions/e37510d7-33b6-4676-886f-ee75bcc01871/resourceGroups/crptestar33541/providers/Microsoft.Storage/storageAccounts/crptestar1415\",\r\n  \"name\": \"crptestar1415\",\r\n  \"type\": \"Microsoft.Storage/storageAccounts\",\r\n  \"location\": \"eastus2euap\",\r\n  \"tags\": {},\r\n  \"properties\": {\r\n    \"accountType\": \"Standard_GRS\",\r\n    \"provisioningState\": \"Succeeded\",\r\n    \"creationTime\": \"2022-04-06T14:20:25.3115054Z\",\r\n    \"primaryEndpoints\": {\r\n      \"blob\": \"https://crptestar1415.blob.core.windows.net/\",\r\n      \"queue\": \"https://crptestar1415.queue.core.windows.net/\",\r\n      \"table\": \"https://crptestar1415.table.core.windows.net/\",\r\n      \"file\": \"https://crptestar1415.file.core.windows.net/\"\r\n    },\r\n    \"primaryLocation\": \"eastus2euap\",\r\n    \"statusOfPrimary\": \"available\",\r\n    \"secondaryLocation\": \"centraluseuap\",\r\n    \"statusOfSecondary\": \"available\"\r\n  }\r\n}",
      "StatusCode": 200
    },
    {
      "RequestUri": "/subscriptions/e37510d7-33b6-4676-886f-ee75bcc01871/resourceGroups/crptestar33541/providers/Microsoft.Network/publicIPAddresses/pip4105?api-version=2019-09-01",
      "EncodedRequestUri": "L3N1YnNjcmlwdGlvbnMvZTM3NTEwZDctMzNiNi00Njc2LTg4NmYtZWU3NWJjYzAxODcxL3Jlc291cmNlR3JvdXBzL2NycHRlc3RhcjMzNTQxL3Byb3ZpZGVycy9NaWNyb3NvZnQuTmV0d29yay9wdWJsaWNJUEFkZHJlc3Nlcy9waXA0MTA1P2FwaS12ZXJzaW9uPTIwMTktMDktMDE=",
      "RequestMethod": "PUT",
      "RequestBody": "{\r\n  \"properties\": {\r\n    \"publicIPAllocationMethod\": \"Dynamic\",\r\n    \"dnsSettings\": {\r\n      \"domainNameLabel\": \"dn3546\"\r\n    }\r\n  },\r\n  \"location\": \"eastus2euap\",\r\n  \"tags\": {\r\n    \"key\": \"value\"\r\n  }\r\n}",
      "RequestHeaders": {
        "x-ms-client-request-id": [
          "0373fc7b-6057-43f8-972a-797ea3f6d845"
        ],
        "Accept-Language": [
          "en-US"
        ],
        "User-Agent": [
          "FxVersion/4.700.21.47003",
          "OSName/Windows",
          "OSVersion/Microsoft.Windows.10.0.17763",
          "Microsoft.Azure.Management.Network.NetworkManagementClient/19.17.1.0"
        ],
        "Content-Type": [
          "application/json; charset=utf-8"
        ],
        "Content-Length": [
          "205"
        ]
      },
      "ResponseHeaders": {
        "Cache-Control": [
          "no-cache"
        ],
        "Pragma": [
          "no-cache"
        ],
        "Retry-After": [
          "1"
        ],
        "x-ms-request-id": [
          "ce7423f7-af9a-49cd-841d-0777912d1881"
        ],
        "Azure-AsyncOperation": [
          "https://management.azure.com/subscriptions/e37510d7-33b6-4676-886f-ee75bcc01871/providers/Microsoft.Network/locations/eastus2euap/operations/ce7423f7-af9a-49cd-841d-0777912d1881?api-version=2019-09-01"
        ],
        "x-ms-correlation-request-id": [
          "cffd873c-e1a0-4c94-8b21-9abd2f40bba1"
        ],
        "Azure-AsyncNotification": [
          "Enabled"
        ],
        "x-ms-arm-service-request-id": [
          "43a50974-23c6-49fc-8a33-bb11867bc20c"
        ],
        "Strict-Transport-Security": [
          "max-age=31536000; includeSubDomains"
        ],
        "Server": [
          "Microsoft-HTTPAPI/2.0",
          "Microsoft-HTTPAPI/2.0"
        ],
        "x-ms-ratelimit-remaining-subscription-writes": [
          "1198"
        ],
        "x-ms-routing-request-id": [
          "EASTUS2:20220406T142057Z:cffd873c-e1a0-4c94-8b21-9abd2f40bba1"
        ],
        "X-Content-Type-Options": [
          "nosniff"
        ],
        "Date": [
          "Wed, 06 Apr 2022 14:20:57 GMT"
        ],
        "Content-Length": [
          "766"
        ],
        "Content-Type": [
          "application/json; charset=utf-8"
        ],
        "Expires": [
          "-1"
        ]
      },
      "ResponseBody": "{\r\n  \"name\": \"pip4105\",\r\n  \"id\": \"/subscriptions/e37510d7-33b6-4676-886f-ee75bcc01871/resourceGroups/crptestar33541/providers/Microsoft.Network/publicIPAddresses/pip4105\",\r\n  \"etag\": \"W/\\\"0113de40-5f94-4947-a971-e117b126a428\\\"\",\r\n  \"location\": \"eastus2euap\",\r\n  \"tags\": {\r\n    \"key\": \"value\"\r\n  },\r\n  \"properties\": {\r\n    \"provisioningState\": \"Updating\",\r\n    \"resourceGuid\": \"98c7be55-617c-4464-addf-dcaefd8d1792\",\r\n    \"publicIPAddressVersion\": \"IPv4\",\r\n    \"publicIPAllocationMethod\": \"Dynamic\",\r\n    \"idleTimeoutInMinutes\": 4,\r\n    \"dnsSettings\": {\r\n      \"domainNameLabel\": \"dn3546\",\r\n      \"fqdn\": \"dn3546.eastus2euap.cloudapp.azure.com\"\r\n    },\r\n    \"ipTags\": []\r\n  },\r\n  \"type\": \"Microsoft.Network/publicIPAddresses\",\r\n  \"sku\": {\r\n    \"name\": \"Basic\"\r\n  }\r\n}",
      "StatusCode": 201
    },
    {
      "RequestUri": "/subscriptions/e37510d7-33b6-4676-886f-ee75bcc01871/providers/Microsoft.Network/locations/eastus2euap/operations/ce7423f7-af9a-49cd-841d-0777912d1881?api-version=2019-09-01",
      "EncodedRequestUri": "L3N1YnNjcmlwdGlvbnMvZTM3NTEwZDctMzNiNi00Njc2LTg4NmYtZWU3NWJjYzAxODcxL3Byb3ZpZGVycy9NaWNyb3NvZnQuTmV0d29yay9sb2NhdGlvbnMvZWFzdHVzMmV1YXAvb3BlcmF0aW9ucy9jZTc0MjNmNy1hZjlhLTQ5Y2QtODQxZC0wNzc3OTEyZDE4ODE/YXBpLXZlcnNpb249MjAxOS0wOS0wMQ==",
      "RequestMethod": "GET",
      "RequestBody": "",
      "RequestHeaders": {
        "User-Agent": [
          "FxVersion/4.700.21.47003",
          "OSName/Windows",
          "OSVersion/Microsoft.Windows.10.0.17763",
          "Microsoft.Azure.Management.Network.NetworkManagementClient/19.17.1.0"
        ]
      },
      "ResponseHeaders": {
        "Cache-Control": [
          "no-cache"
        ],
        "Pragma": [
          "no-cache"
        ],
        "x-ms-request-id": [
          "91995cf8-3d84-4978-90f1-46fd70122f2b"
        ],
        "x-ms-correlation-request-id": [
          "06cf53e6-c8ce-4b73-a4ff-372e039265b5"
        ],
        "x-ms-arm-service-request-id": [
          "0acfe2c8-bb24-4a51-a4ad-4e84e8aa7375"
        ],
        "Strict-Transport-Security": [
          "max-age=31536000; includeSubDomains"
        ],
        "Server": [
          "Microsoft-HTTPAPI/2.0",
          "Microsoft-HTTPAPI/2.0"
        ],
        "x-ms-ratelimit-remaining-subscription-reads": [
          "11984"
        ],
        "x-ms-routing-request-id": [
          "EASTUS2:20220406T142058Z:06cf53e6-c8ce-4b73-a4ff-372e039265b5"
        ],
        "X-Content-Type-Options": [
          "nosniff"
        ],
        "Date": [
          "Wed, 06 Apr 2022 14:20:58 GMT"
        ],
        "Content-Length": [
          "29"
        ],
        "Content-Type": [
          "application/json; charset=utf-8"
        ],
        "Expires": [
          "-1"
        ]
      },
      "ResponseBody": "{\r\n  \"status\": \"Succeeded\"\r\n}",
      "StatusCode": 200
    },
    {
      "RequestUri": "/subscriptions/e37510d7-33b6-4676-886f-ee75bcc01871/resourceGroups/crptestar33541/providers/Microsoft.Network/publicIPAddresses/pip4105?api-version=2019-09-01",
      "EncodedRequestUri": "L3N1YnNjcmlwdGlvbnMvZTM3NTEwZDctMzNiNi00Njc2LTg4NmYtZWU3NWJjYzAxODcxL3Jlc291cmNlR3JvdXBzL2NycHRlc3RhcjMzNTQxL3Byb3ZpZGVycy9NaWNyb3NvZnQuTmV0d29yay9wdWJsaWNJUEFkZHJlc3Nlcy9waXA0MTA1P2FwaS12ZXJzaW9uPTIwMTktMDktMDE=",
      "RequestMethod": "GET",
      "RequestBody": "",
      "RequestHeaders": {
        "User-Agent": [
          "FxVersion/4.700.21.47003",
          "OSName/Windows",
          "OSVersion/Microsoft.Windows.10.0.17763",
          "Microsoft.Azure.Management.Network.NetworkManagementClient/19.17.1.0"
        ]
      },
      "ResponseHeaders": {
        "Cache-Control": [
          "no-cache"
        ],
        "Pragma": [
          "no-cache"
        ],
        "ETag": [
          "W/\"941558ed-c208-4b37-87bd-5493f4c5843d\""
        ],
        "x-ms-request-id": [
          "8ee10534-bf33-4896-80e5-e46abd7dcca5"
        ],
        "x-ms-correlation-request-id": [
          "b9ecc38b-aef6-470d-b4cf-5d4d901dd8a4"
        ],
        "x-ms-arm-service-request-id": [
          "c634f1bd-e0d6-47ae-ad07-8296bf552619"
        ],
        "Strict-Transport-Security": [
          "max-age=31536000; includeSubDomains"
        ],
        "Server": [
          "Microsoft-HTTPAPI/2.0",
          "Microsoft-HTTPAPI/2.0"
        ],
        "x-ms-ratelimit-remaining-subscription-reads": [
          "11983"
        ],
        "x-ms-routing-request-id": [
          "EASTUS2:20220406T142058Z:b9ecc38b-aef6-470d-b4cf-5d4d901dd8a4"
        ],
        "X-Content-Type-Options": [
          "nosniff"
        ],
        "Date": [
          "Wed, 06 Apr 2022 14:20:58 GMT"
        ],
        "Content-Length": [
          "767"
        ],
        "Content-Type": [
          "application/json; charset=utf-8"
        ],
        "Expires": [
          "-1"
        ]
      },
      "ResponseBody": "{\r\n  \"name\": \"pip4105\",\r\n  \"id\": \"/subscriptions/e37510d7-33b6-4676-886f-ee75bcc01871/resourceGroups/crptestar33541/providers/Microsoft.Network/publicIPAddresses/pip4105\",\r\n  \"etag\": \"W/\\\"941558ed-c208-4b37-87bd-5493f4c5843d\\\"\",\r\n  \"location\": \"eastus2euap\",\r\n  \"tags\": {\r\n    \"key\": \"value\"\r\n  },\r\n  \"properties\": {\r\n    \"provisioningState\": \"Succeeded\",\r\n    \"resourceGuid\": \"98c7be55-617c-4464-addf-dcaefd8d1792\",\r\n    \"publicIPAddressVersion\": \"IPv4\",\r\n    \"publicIPAllocationMethod\": \"Dynamic\",\r\n    \"idleTimeoutInMinutes\": 4,\r\n    \"dnsSettings\": {\r\n      \"domainNameLabel\": \"dn3546\",\r\n      \"fqdn\": \"dn3546.eastus2euap.cloudapp.azure.com\"\r\n    },\r\n    \"ipTags\": []\r\n  },\r\n  \"type\": \"Microsoft.Network/publicIPAddresses\",\r\n  \"sku\": {\r\n    \"name\": \"Basic\"\r\n  }\r\n}",
      "StatusCode": 200
    },
    {
      "RequestUri": "/subscriptions/e37510d7-33b6-4676-886f-ee75bcc01871/resourceGroups/crptestar33541/providers/Microsoft.Network/publicIPAddresses/pip4105?api-version=2019-09-01",
      "EncodedRequestUri": "L3N1YnNjcmlwdGlvbnMvZTM3NTEwZDctMzNiNi00Njc2LTg4NmYtZWU3NWJjYzAxODcxL3Jlc291cmNlR3JvdXBzL2NycHRlc3RhcjMzNTQxL3Byb3ZpZGVycy9NaWNyb3NvZnQuTmV0d29yay9wdWJsaWNJUEFkZHJlc3Nlcy9waXA0MTA1P2FwaS12ZXJzaW9uPTIwMTktMDktMDE=",
      "RequestMethod": "GET",
      "RequestBody": "",
      "RequestHeaders": {
        "x-ms-client-request-id": [
          "6f77260a-72a0-49bc-b5da-e989e77d6beb"
        ],
        "Accept-Language": [
          "en-US"
        ],
        "User-Agent": [
          "FxVersion/4.700.21.47003",
          "OSName/Windows",
          "OSVersion/Microsoft.Windows.10.0.17763",
          "Microsoft.Azure.Management.Network.NetworkManagementClient/19.17.1.0"
        ]
      },
      "ResponseHeaders": {
        "Cache-Control": [
          "no-cache"
        ],
        "Pragma": [
          "no-cache"
        ],
        "ETag": [
          "W/\"941558ed-c208-4b37-87bd-5493f4c5843d\""
        ],
        "x-ms-request-id": [
          "b18d9e01-b551-4345-bf6e-db3557235ce4"
        ],
        "x-ms-correlation-request-id": [
          "4e8b8422-52d5-44b5-b58c-1dc8c18614e0"
        ],
        "x-ms-arm-service-request-id": [
          "d0256e96-05ad-4e39-a85a-f89a12f6bb3c"
        ],
        "Strict-Transport-Security": [
          "max-age=31536000; includeSubDomains"
        ],
        "Server": [
          "Microsoft-HTTPAPI/2.0",
          "Microsoft-HTTPAPI/2.0"
        ],
        "x-ms-ratelimit-remaining-subscription-reads": [
          "11982"
        ],
        "x-ms-routing-request-id": [
          "EASTUS2:20220406T142058Z:4e8b8422-52d5-44b5-b58c-1dc8c18614e0"
        ],
        "X-Content-Type-Options": [
          "nosniff"
        ],
        "Date": [
          "Wed, 06 Apr 2022 14:20:58 GMT"
        ],
        "Content-Length": [
          "767"
        ],
        "Content-Type": [
          "application/json; charset=utf-8"
        ],
        "Expires": [
          "-1"
        ]
      },
      "ResponseBody": "{\r\n  \"name\": \"pip4105\",\r\n  \"id\": \"/subscriptions/e37510d7-33b6-4676-886f-ee75bcc01871/resourceGroups/crptestar33541/providers/Microsoft.Network/publicIPAddresses/pip4105\",\r\n  \"etag\": \"W/\\\"941558ed-c208-4b37-87bd-5493f4c5843d\\\"\",\r\n  \"location\": \"eastus2euap\",\r\n  \"tags\": {\r\n    \"key\": \"value\"\r\n  },\r\n  \"properties\": {\r\n    \"provisioningState\": \"Succeeded\",\r\n    \"resourceGuid\": \"98c7be55-617c-4464-addf-dcaefd8d1792\",\r\n    \"publicIPAddressVersion\": \"IPv4\",\r\n    \"publicIPAllocationMethod\": \"Dynamic\",\r\n    \"idleTimeoutInMinutes\": 4,\r\n    \"dnsSettings\": {\r\n      \"domainNameLabel\": \"dn3546\",\r\n      \"fqdn\": \"dn3546.eastus2euap.cloudapp.azure.com\"\r\n    },\r\n    \"ipTags\": []\r\n  },\r\n  \"type\": \"Microsoft.Network/publicIPAddresses\",\r\n  \"sku\": {\r\n    \"name\": \"Basic\"\r\n  }\r\n}",
      "StatusCode": 200
    },
    {
      "RequestUri": "/subscriptions/e37510d7-33b6-4676-886f-ee75bcc01871/resourceGroups/crptestar33541/providers/Microsoft.Network/virtualNetworks/vn8954?api-version=2019-09-01",
      "EncodedRequestUri": "L3N1YnNjcmlwdGlvbnMvZTM3NTEwZDctMzNiNi00Njc2LTg4NmYtZWU3NWJjYzAxODcxL3Jlc291cmNlR3JvdXBzL2NycHRlc3RhcjMzNTQxL3Byb3ZpZGVycy9NaWNyb3NvZnQuTmV0d29yay92aXJ0dWFsTmV0d29ya3Mvdm44OTU0P2FwaS12ZXJzaW9uPTIwMTktMDktMDE=",
      "RequestMethod": "PUT",
      "RequestBody": "{\r\n  \"properties\": {\r\n    \"addressSpace\": {\r\n      \"addressPrefixes\": [\r\n        \"10.0.0.0/16\"\r\n      ]\r\n    },\r\n    \"subnets\": [\r\n      {\r\n        \"properties\": {\r\n          \"addressPrefix\": \"10.0.0.0/24\"\r\n        },\r\n        \"name\": \"sn6690\"\r\n      }\r\n    ]\r\n  },\r\n  \"location\": \"eastus2euap\"\r\n}",
      "RequestHeaders": {
        "x-ms-client-request-id": [
          "22ca92a0-2cba-4921-9143-91159cf9dbfc"
        ],
        "Accept-Language": [
          "en-US"
        ],
        "User-Agent": [
          "FxVersion/4.700.21.47003",
          "OSName/Windows",
          "OSVersion/Microsoft.Windows.10.0.17763",
          "Microsoft.Azure.Management.Network.NetworkManagementClient/19.17.1.0"
        ],
        "Content-Type": [
          "application/json; charset=utf-8"
        ],
        "Content-Length": [
          "297"
        ]
      },
      "ResponseHeaders": {
        "Cache-Control": [
          "no-cache"
        ],
        "Pragma": [
          "no-cache"
        ],
        "Retry-After": [
          "3"
        ],
        "x-ms-request-id": [
          "a9d15581-524b-47b6-83e3-b6f474a4a3b9"
        ],
        "Azure-AsyncOperation": [
          "https://management.azure.com/subscriptions/e37510d7-33b6-4676-886f-ee75bcc01871/providers/Microsoft.Network/locations/eastus2euap/operations/a9d15581-524b-47b6-83e3-b6f474a4a3b9?api-version=2019-09-01"
        ],
        "x-ms-correlation-request-id": [
          "13d55c6a-8271-4d54-a28b-903289f6f72b"
        ],
        "Azure-AsyncNotification": [
          "Enabled"
        ],
        "x-ms-arm-service-request-id": [
          "d5bc3f72-6979-4a54-b77c-b128815b0fb8"
        ],
        "Strict-Transport-Security": [
          "max-age=31536000; includeSubDomains"
        ],
        "Server": [
          "Microsoft-HTTPAPI/2.0",
          "Microsoft-HTTPAPI/2.0"
        ],
        "x-ms-ratelimit-remaining-subscription-writes": [
          "1197"
        ],
        "x-ms-routing-request-id": [
          "EASTUS2:20220406T142059Z:13d55c6a-8271-4d54-a28b-903289f6f72b"
        ],
        "X-Content-Type-Options": [
          "nosniff"
        ],
        "Date": [
          "Wed, 06 Apr 2022 14:20:58 GMT"
        ],
        "Content-Length": [
          "1218"
        ],
        "Content-Type": [
          "application/json; charset=utf-8"
        ],
        "Expires": [
          "-1"
        ]
      },
      "ResponseBody": "{\r\n  \"name\": \"vn8954\",\r\n  \"id\": \"/subscriptions/e37510d7-33b6-4676-886f-ee75bcc01871/resourceGroups/crptestar33541/providers/Microsoft.Network/virtualNetworks/vn8954\",\r\n  \"etag\": \"W/\\\"b9a225d7-9c63-40d2-a55b-6634c0cf4f9a\\\"\",\r\n  \"type\": \"Microsoft.Network/virtualNetworks\",\r\n  \"location\": \"eastus2euap\",\r\n  \"properties\": {\r\n    \"provisioningState\": \"Updating\",\r\n    \"resourceGuid\": \"0929979d-0faf-4e79-9556-b848607c9297\",\r\n    \"addressSpace\": {\r\n      \"addressPrefixes\": [\r\n        \"10.0.0.0/16\"\r\n      ]\r\n    },\r\n    \"subnets\": [\r\n      {\r\n        \"name\": \"sn6690\",\r\n        \"id\": \"/subscriptions/e37510d7-33b6-4676-886f-ee75bcc01871/resourceGroups/crptestar33541/providers/Microsoft.Network/virtualNetworks/vn8954/subnets/sn6690\",\r\n        \"etag\": \"W/\\\"b9a225d7-9c63-40d2-a55b-6634c0cf4f9a\\\"\",\r\n        \"properties\": {\r\n          \"provisioningState\": \"Updating\",\r\n          \"addressPrefix\": \"10.0.0.0/24\",\r\n          \"delegations\": [],\r\n          \"privateEndpointNetworkPolicies\": \"Enabled\",\r\n          \"privateLinkServiceNetworkPolicies\": \"Enabled\"\r\n        },\r\n        \"type\": \"Microsoft.Network/virtualNetworks/subnets\"\r\n      }\r\n    ],\r\n    \"virtualNetworkPeerings\": [],\r\n    \"enableDdosProtection\": false\r\n  }\r\n}",
      "StatusCode": 201
    },
    {
      "RequestUri": "/subscriptions/e37510d7-33b6-4676-886f-ee75bcc01871/providers/Microsoft.Network/locations/eastus2euap/operations/a9d15581-524b-47b6-83e3-b6f474a4a3b9?api-version=2019-09-01",
      "EncodedRequestUri": "L3N1YnNjcmlwdGlvbnMvZTM3NTEwZDctMzNiNi00Njc2LTg4NmYtZWU3NWJjYzAxODcxL3Byb3ZpZGVycy9NaWNyb3NvZnQuTmV0d29yay9sb2NhdGlvbnMvZWFzdHVzMmV1YXAvb3BlcmF0aW9ucy9hOWQxNTU4MS01MjRiLTQ3YjYtODNlMy1iNmY0NzRhNGEzYjk/YXBpLXZlcnNpb249MjAxOS0wOS0wMQ==",
      "RequestMethod": "GET",
      "RequestBody": "",
      "RequestHeaders": {
        "User-Agent": [
          "FxVersion/4.700.21.47003",
          "OSName/Windows",
          "OSVersion/Microsoft.Windows.10.0.17763",
          "Microsoft.Azure.Management.Network.NetworkManagementClient/19.17.1.0"
        ]
      },
      "ResponseHeaders": {
        "Cache-Control": [
          "no-cache"
        ],
        "Pragma": [
          "no-cache"
        ],
        "x-ms-request-id": [
          "c02c6173-2d7e-4304-ad3f-db59b95bdd34"
        ],
        "x-ms-correlation-request-id": [
          "cc0db9a8-d253-4700-9440-b4b0d32e0b33"
        ],
        "x-ms-arm-service-request-id": [
          "159e8d66-33fd-42da-9991-7ecba8b38427"
        ],
        "Strict-Transport-Security": [
          "max-age=31536000; includeSubDomains"
        ],
        "Server": [
          "Microsoft-HTTPAPI/2.0",
          "Microsoft-HTTPAPI/2.0"
        ],
        "x-ms-ratelimit-remaining-subscription-reads": [
          "11981"
        ],
        "x-ms-routing-request-id": [
          "EASTUS2:20220406T142102Z:cc0db9a8-d253-4700-9440-b4b0d32e0b33"
        ],
        "X-Content-Type-Options": [
          "nosniff"
        ],
        "Date": [
          "Wed, 06 Apr 2022 14:21:01 GMT"
        ],
        "Content-Length": [
          "29"
        ],
        "Content-Type": [
          "application/json; charset=utf-8"
        ],
        "Expires": [
          "-1"
        ]
      },
      "ResponseBody": "{\r\n  \"status\": \"Succeeded\"\r\n}",
      "StatusCode": 200
    },
    {
      "RequestUri": "/subscriptions/e37510d7-33b6-4676-886f-ee75bcc01871/resourceGroups/crptestar33541/providers/Microsoft.Network/virtualNetworks/vn8954?api-version=2019-09-01",
      "EncodedRequestUri": "L3N1YnNjcmlwdGlvbnMvZTM3NTEwZDctMzNiNi00Njc2LTg4NmYtZWU3NWJjYzAxODcxL3Jlc291cmNlR3JvdXBzL2NycHRlc3RhcjMzNTQxL3Byb3ZpZGVycy9NaWNyb3NvZnQuTmV0d29yay92aXJ0dWFsTmV0d29ya3Mvdm44OTU0P2FwaS12ZXJzaW9uPTIwMTktMDktMDE=",
      "RequestMethod": "GET",
      "RequestBody": "",
      "RequestHeaders": {
        "User-Agent": [
          "FxVersion/4.700.21.47003",
          "OSName/Windows",
          "OSVersion/Microsoft.Windows.10.0.17763",
          "Microsoft.Azure.Management.Network.NetworkManagementClient/19.17.1.0"
        ]
      },
      "ResponseHeaders": {
        "Cache-Control": [
          "no-cache"
        ],
        "Pragma": [
          "no-cache"
        ],
        "ETag": [
          "W/\"a6a5c32b-bb24-4c92-b683-8b12ff9fc0b4\""
        ],
        "x-ms-request-id": [
          "79b7d4af-a9e4-4ddf-8fc8-903362718eb3"
        ],
        "x-ms-correlation-request-id": [
          "b241661b-19c5-41ab-a63f-3072ba23e7fb"
        ],
        "x-ms-arm-service-request-id": [
          "a5a1e9b0-1a3b-4012-9ef4-ca285200de56"
        ],
        "Strict-Transport-Security": [
          "max-age=31536000; includeSubDomains"
        ],
        "Server": [
          "Microsoft-HTTPAPI/2.0",
          "Microsoft-HTTPAPI/2.0"
        ],
        "x-ms-ratelimit-remaining-subscription-reads": [
          "11980"
        ],
        "x-ms-routing-request-id": [
          "EASTUS2:20220406T142102Z:b241661b-19c5-41ab-a63f-3072ba23e7fb"
        ],
        "X-Content-Type-Options": [
          "nosniff"
        ],
        "Date": [
          "Wed, 06 Apr 2022 14:21:02 GMT"
        ],
        "Content-Length": [
          "1220"
        ],
        "Content-Type": [
          "application/json; charset=utf-8"
        ],
        "Expires": [
          "-1"
        ]
      },
      "ResponseBody": "{\r\n  \"name\": \"vn8954\",\r\n  \"id\": \"/subscriptions/e37510d7-33b6-4676-886f-ee75bcc01871/resourceGroups/crptestar33541/providers/Microsoft.Network/virtualNetworks/vn8954\",\r\n  \"etag\": \"W/\\\"a6a5c32b-bb24-4c92-b683-8b12ff9fc0b4\\\"\",\r\n  \"type\": \"Microsoft.Network/virtualNetworks\",\r\n  \"location\": \"eastus2euap\",\r\n  \"properties\": {\r\n    \"provisioningState\": \"Succeeded\",\r\n    \"resourceGuid\": \"0929979d-0faf-4e79-9556-b848607c9297\",\r\n    \"addressSpace\": {\r\n      \"addressPrefixes\": [\r\n        \"10.0.0.0/16\"\r\n      ]\r\n    },\r\n    \"subnets\": [\r\n      {\r\n        \"name\": \"sn6690\",\r\n        \"id\": \"/subscriptions/e37510d7-33b6-4676-886f-ee75bcc01871/resourceGroups/crptestar33541/providers/Microsoft.Network/virtualNetworks/vn8954/subnets/sn6690\",\r\n        \"etag\": \"W/\\\"a6a5c32b-bb24-4c92-b683-8b12ff9fc0b4\\\"\",\r\n        \"properties\": {\r\n          \"provisioningState\": \"Succeeded\",\r\n          \"addressPrefix\": \"10.0.0.0/24\",\r\n          \"delegations\": [],\r\n          \"privateEndpointNetworkPolicies\": \"Enabled\",\r\n          \"privateLinkServiceNetworkPolicies\": \"Enabled\"\r\n        },\r\n        \"type\": \"Microsoft.Network/virtualNetworks/subnets\"\r\n      }\r\n    ],\r\n    \"virtualNetworkPeerings\": [],\r\n    \"enableDdosProtection\": false\r\n  }\r\n}",
      "StatusCode": 200
    },
    {
      "RequestUri": "/subscriptions/e37510d7-33b6-4676-886f-ee75bcc01871/resourceGroups/crptestar33541/providers/Microsoft.Network/virtualNetworks/vn8954/subnets/sn6690?api-version=2019-09-01",
      "EncodedRequestUri": "L3N1YnNjcmlwdGlvbnMvZTM3NTEwZDctMzNiNi00Njc2LTg4NmYtZWU3NWJjYzAxODcxL3Jlc291cmNlR3JvdXBzL2NycHRlc3RhcjMzNTQxL3Byb3ZpZGVycy9NaWNyb3NvZnQuTmV0d29yay92aXJ0dWFsTmV0d29ya3Mvdm44OTU0L3N1Ym5ldHMvc242NjkwP2FwaS12ZXJzaW9uPTIwMTktMDktMDE=",
      "RequestMethod": "GET",
      "RequestBody": "",
      "RequestHeaders": {
        "x-ms-client-request-id": [
          "773bf3e1-42ec-491e-8f5e-c173a2a64b15"
        ],
        "Accept-Language": [
          "en-US"
        ],
        "User-Agent": [
          "FxVersion/4.700.21.47003",
          "OSName/Windows",
          "OSVersion/Microsoft.Windows.10.0.17763",
          "Microsoft.Azure.Management.Network.NetworkManagementClient/19.17.1.0"
        ]
      },
      "ResponseHeaders": {
        "Cache-Control": [
          "no-cache"
        ],
        "Pragma": [
          "no-cache"
        ],
        "ETag": [
          "W/\"a6a5c32b-bb24-4c92-b683-8b12ff9fc0b4\""
        ],
        "x-ms-request-id": [
          "42a62a61-11da-4334-a62f-606e24533ad8"
        ],
        "x-ms-correlation-request-id": [
          "c88ec6db-637d-4743-b6f1-c83e8ceaea0c"
        ],
        "x-ms-arm-service-request-id": [
          "c92aef3e-f709-42ee-86a0-ca386ab39948"
        ],
        "Strict-Transport-Security": [
          "max-age=31536000; includeSubDomains"
        ],
        "Server": [
          "Microsoft-HTTPAPI/2.0",
          "Microsoft-HTTPAPI/2.0"
        ],
        "x-ms-ratelimit-remaining-subscription-reads": [
          "11979"
        ],
        "x-ms-routing-request-id": [
          "EASTUS2:20220406T142102Z:c88ec6db-637d-4743-b6f1-c83e8ceaea0c"
        ],
        "X-Content-Type-Options": [
          "nosniff"
        ],
        "Date": [
          "Wed, 06 Apr 2022 14:21:02 GMT"
        ],
        "Content-Length": [
          "524"
        ],
        "Content-Type": [
          "application/json; charset=utf-8"
        ],
        "Expires": [
          "-1"
        ]
      },
      "ResponseBody": "{\r\n  \"name\": \"sn6690\",\r\n  \"id\": \"/subscriptions/e37510d7-33b6-4676-886f-ee75bcc01871/resourceGroups/crptestar33541/providers/Microsoft.Network/virtualNetworks/vn8954/subnets/sn6690\",\r\n  \"etag\": \"W/\\\"a6a5c32b-bb24-4c92-b683-8b12ff9fc0b4\\\"\",\r\n  \"properties\": {\r\n    \"provisioningState\": \"Succeeded\",\r\n    \"addressPrefix\": \"10.0.0.0/24\",\r\n    \"delegations\": [],\r\n    \"privateEndpointNetworkPolicies\": \"Enabled\",\r\n    \"privateLinkServiceNetworkPolicies\": \"Enabled\"\r\n  },\r\n  \"type\": \"Microsoft.Network/virtualNetworks/subnets\"\r\n}",
      "StatusCode": 200
    },
    {
      "RequestUri": "/subscriptions/e37510d7-33b6-4676-886f-ee75bcc01871/resourceGroups/crptestar33541/providers/Microsoft.Network/networkInterfaces/nic1812?api-version=2019-09-01",
      "EncodedRequestUri": "L3N1YnNjcmlwdGlvbnMvZTM3NTEwZDctMzNiNi00Njc2LTg4NmYtZWU3NWJjYzAxODcxL3Jlc291cmNlR3JvdXBzL2NycHRlc3RhcjMzNTQxL3Byb3ZpZGVycy9NaWNyb3NvZnQuTmV0d29yay9uZXR3b3JrSW50ZXJmYWNlcy9uaWMxODEyP2FwaS12ZXJzaW9uPTIwMTktMDktMDE=",
      "RequestMethod": "PUT",
      "RequestBody": "{\r\n  \"properties\": {\r\n    \"ipConfigurations\": [\r\n      {\r\n        \"properties\": {\r\n          \"privateIPAllocationMethod\": \"Dynamic\",\r\n          \"subnet\": {\r\n            \"properties\": {\r\n              \"addressPrefix\": \"10.0.0.0/24\",\r\n              \"delegations\": [],\r\n              \"privateEndpointNetworkPolicies\": \"Enabled\",\r\n              \"privateLinkServiceNetworkPolicies\": \"Enabled\"\r\n            },\r\n            \"name\": \"sn6690\",\r\n            \"id\": \"/subscriptions/e37510d7-33b6-4676-886f-ee75bcc01871/resourceGroups/crptestar33541/providers/Microsoft.Network/virtualNetworks/vn8954/subnets/sn6690\"\r\n          }\r\n        },\r\n        \"name\": \"ip1633\"\r\n      }\r\n    ]\r\n  },\r\n  \"location\": \"eastus2euap\",\r\n  \"tags\": {\r\n    \"key\": \"value\"\r\n  }\r\n}",
      "RequestHeaders": {
        "x-ms-client-request-id": [
          "10804341-ac86-40f1-b2c0-7686d775d4ca"
        ],
        "Accept-Language": [
          "en-US"
        ],
        "User-Agent": [
          "FxVersion/4.700.21.47003",
          "OSName/Windows",
          "OSVersion/Microsoft.Windows.10.0.17763",
          "Microsoft.Azure.Management.Network.NetworkManagementClient/19.17.1.0"
        ],
        "Content-Type": [
          "application/json; charset=utf-8"
        ],
        "Content-Length": [
          "747"
        ]
      },
      "ResponseHeaders": {
        "Cache-Control": [
          "no-cache"
        ],
        "Pragma": [
          "no-cache"
        ],
        "x-ms-request-id": [
          "3e91f6bd-c74d-4e81-924e-ef725c88afe9"
        ],
        "Azure-AsyncOperation": [
          "https://management.azure.com/subscriptions/e37510d7-33b6-4676-886f-ee75bcc01871/providers/Microsoft.Network/locations/eastus2euap/operations/3e91f6bd-c74d-4e81-924e-ef725c88afe9?api-version=2019-09-01"
        ],
        "x-ms-correlation-request-id": [
          "7412cc69-9242-4c30-94a2-d362d87c5da4"
        ],
        "Azure-AsyncNotification": [
          "Enabled"
        ],
        "x-ms-arm-service-request-id": [
          "4497487c-0543-4a83-b354-0d6c0147afb0"
        ],
        "Strict-Transport-Security": [
          "max-age=31536000; includeSubDomains"
        ],
        "Server": [
          "Microsoft-HTTPAPI/2.0",
          "Microsoft-HTTPAPI/2.0"
        ],
        "x-ms-ratelimit-remaining-subscription-writes": [
          "1196"
        ],
        "x-ms-routing-request-id": [
          "EASTUS2:20220406T142102Z:7412cc69-9242-4c30-94a2-d362d87c5da4"
        ],
        "X-Content-Type-Options": [
          "nosniff"
        ],
        "Date": [
          "Wed, 06 Apr 2022 14:21:02 GMT"
        ],
        "Content-Length": [
          "1591"
        ],
        "Content-Type": [
          "application/json; charset=utf-8"
        ],
        "Expires": [
          "-1"
        ]
      },
      "ResponseBody": "{\r\n  \"name\": \"nic1812\",\r\n  \"id\": \"/subscriptions/e37510d7-33b6-4676-886f-ee75bcc01871/resourceGroups/crptestar33541/providers/Microsoft.Network/networkInterfaces/nic1812\",\r\n  \"etag\": \"W/\\\"110408f8-b6e0-4465-9421-f82d16cab460\\\"\",\r\n  \"location\": \"eastus2euap\",\r\n  \"tags\": {\r\n    \"key\": \"value\"\r\n  },\r\n  \"properties\": {\r\n    \"provisioningState\": \"Succeeded\",\r\n    \"resourceGuid\": \"4732e69b-d253-4369-9ee0-69fd64bd7dd4\",\r\n    \"ipConfigurations\": [\r\n      {\r\n        \"name\": \"ip1633\",\r\n        \"id\": \"/subscriptions/e37510d7-33b6-4676-886f-ee75bcc01871/resourceGroups/crptestar33541/providers/Microsoft.Network/networkInterfaces/nic1812/ipConfigurations/ip1633\",\r\n        \"etag\": \"W/\\\"110408f8-b6e0-4465-9421-f82d16cab460\\\"\",\r\n        \"type\": \"Microsoft.Network/networkInterfaces/ipConfigurations\",\r\n        \"properties\": {\r\n          \"provisioningState\": \"Succeeded\",\r\n          \"privateIPAddress\": \"10.0.0.4\",\r\n          \"privateIPAllocationMethod\": \"Dynamic\",\r\n          \"subnet\": {\r\n            \"id\": \"/subscriptions/e37510d7-33b6-4676-886f-ee75bcc01871/resourceGroups/crptestar33541/providers/Microsoft.Network/virtualNetworks/vn8954/subnets/sn6690\"\r\n          },\r\n          \"primary\": true,\r\n          \"privateIPAddressVersion\": \"IPv4\"\r\n        }\r\n      }\r\n    ],\r\n    \"dnsSettings\": {\r\n      \"dnsServers\": [],\r\n      \"appliedDnsServers\": [],\r\n      \"internalDomainNameSuffix\": \"twlsscnpb32u3fkwxbega5essh.cbnx.internal.cloudapp.net\"\r\n    },\r\n    \"enableIPForwarding\": false,\r\n    \"hostedWorkloads\": [],\r\n    \"tapConfigurations\": []\r\n  },\r\n  \"type\": \"Microsoft.Network/networkInterfaces\"\r\n}",
      "StatusCode": 201
    },
    {
      "RequestUri": "/subscriptions/e37510d7-33b6-4676-886f-ee75bcc01871/resourceGroups/crptestar33541/providers/Microsoft.Network/networkInterfaces/nic1812?api-version=2019-09-01",
      "EncodedRequestUri": "L3N1YnNjcmlwdGlvbnMvZTM3NTEwZDctMzNiNi00Njc2LTg4NmYtZWU3NWJjYzAxODcxL3Jlc291cmNlR3JvdXBzL2NycHRlc3RhcjMzNTQxL3Byb3ZpZGVycy9NaWNyb3NvZnQuTmV0d29yay9uZXR3b3JrSW50ZXJmYWNlcy9uaWMxODEyP2FwaS12ZXJzaW9uPTIwMTktMDktMDE=",
      "RequestMethod": "GET",
      "RequestBody": "",
      "RequestHeaders": {
        "User-Agent": [
          "FxVersion/4.700.21.47003",
          "OSName/Windows",
          "OSVersion/Microsoft.Windows.10.0.17763",
          "Microsoft.Azure.Management.Network.NetworkManagementClient/19.17.1.0"
        ]
      },
      "ResponseHeaders": {
        "Cache-Control": [
          "no-cache"
        ],
        "Pragma": [
          "no-cache"
        ],
        "ETag": [
          "W/\"110408f8-b6e0-4465-9421-f82d16cab460\""
        ],
        "x-ms-request-id": [
          "eb2339da-fdc3-4855-8095-ed6fbf013d83"
        ],
        "x-ms-correlation-request-id": [
          "bd0243ed-7d31-4499-b9a2-d700665b5b20"
        ],
        "x-ms-arm-service-request-id": [
          "1519e054-5d48-4589-bba5-85ba7134a148"
        ],
        "Strict-Transport-Security": [
          "max-age=31536000; includeSubDomains"
        ],
        "Server": [
          "Microsoft-HTTPAPI/2.0",
          "Microsoft-HTTPAPI/2.0"
        ],
        "x-ms-ratelimit-remaining-subscription-reads": [
          "11978"
        ],
        "x-ms-routing-request-id": [
          "EASTUS2:20220406T142102Z:bd0243ed-7d31-4499-b9a2-d700665b5b20"
        ],
        "X-Content-Type-Options": [
          "nosniff"
        ],
        "Date": [
          "Wed, 06 Apr 2022 14:21:02 GMT"
        ],
        "Content-Length": [
          "1591"
        ],
        "Content-Type": [
          "application/json; charset=utf-8"
        ],
        "Expires": [
          "-1"
        ]
      },
      "ResponseBody": "{\r\n  \"name\": \"nic1812\",\r\n  \"id\": \"/subscriptions/e37510d7-33b6-4676-886f-ee75bcc01871/resourceGroups/crptestar33541/providers/Microsoft.Network/networkInterfaces/nic1812\",\r\n  \"etag\": \"W/\\\"110408f8-b6e0-4465-9421-f82d16cab460\\\"\",\r\n  \"location\": \"eastus2euap\",\r\n  \"tags\": {\r\n    \"key\": \"value\"\r\n  },\r\n  \"properties\": {\r\n    \"provisioningState\": \"Succeeded\",\r\n    \"resourceGuid\": \"4732e69b-d253-4369-9ee0-69fd64bd7dd4\",\r\n    \"ipConfigurations\": [\r\n      {\r\n        \"name\": \"ip1633\",\r\n        \"id\": \"/subscriptions/e37510d7-33b6-4676-886f-ee75bcc01871/resourceGroups/crptestar33541/providers/Microsoft.Network/networkInterfaces/nic1812/ipConfigurations/ip1633\",\r\n        \"etag\": \"W/\\\"110408f8-b6e0-4465-9421-f82d16cab460\\\"\",\r\n        \"type\": \"Microsoft.Network/networkInterfaces/ipConfigurations\",\r\n        \"properties\": {\r\n          \"provisioningState\": \"Succeeded\",\r\n          \"privateIPAddress\": \"10.0.0.4\",\r\n          \"privateIPAllocationMethod\": \"Dynamic\",\r\n          \"subnet\": {\r\n            \"id\": \"/subscriptions/e37510d7-33b6-4676-886f-ee75bcc01871/resourceGroups/crptestar33541/providers/Microsoft.Network/virtualNetworks/vn8954/subnets/sn6690\"\r\n          },\r\n          \"primary\": true,\r\n          \"privateIPAddressVersion\": \"IPv4\"\r\n        }\r\n      }\r\n    ],\r\n    \"dnsSettings\": {\r\n      \"dnsServers\": [],\r\n      \"appliedDnsServers\": [],\r\n      \"internalDomainNameSuffix\": \"twlsscnpb32u3fkwxbega5essh.cbnx.internal.cloudapp.net\"\r\n    },\r\n    \"enableIPForwarding\": false,\r\n    \"hostedWorkloads\": [],\r\n    \"tapConfigurations\": []\r\n  },\r\n  \"type\": \"Microsoft.Network/networkInterfaces\"\r\n}",
      "StatusCode": 200
    },
    {
      "RequestUri": "/subscriptions/e37510d7-33b6-4676-886f-ee75bcc01871/resourceGroups/crptestar33541/providers/Microsoft.Network/networkInterfaces/nic1812?api-version=2019-09-01",
      "EncodedRequestUri": "L3N1YnNjcmlwdGlvbnMvZTM3NTEwZDctMzNiNi00Njc2LTg4NmYtZWU3NWJjYzAxODcxL3Jlc291cmNlR3JvdXBzL2NycHRlc3RhcjMzNTQxL3Byb3ZpZGVycy9NaWNyb3NvZnQuTmV0d29yay9uZXR3b3JrSW50ZXJmYWNlcy9uaWMxODEyP2FwaS12ZXJzaW9uPTIwMTktMDktMDE=",
      "RequestMethod": "GET",
      "RequestBody": "",
      "RequestHeaders": {
        "x-ms-client-request-id": [
          "18c8db33-1746-451b-ad53-015ac1707244"
        ],
        "Accept-Language": [
          "en-US"
        ],
        "User-Agent": [
          "FxVersion/4.700.21.47003",
          "OSName/Windows",
          "OSVersion/Microsoft.Windows.10.0.17763",
          "Microsoft.Azure.Management.Network.NetworkManagementClient/19.17.1.0"
        ]
      },
      "ResponseHeaders": {
        "Cache-Control": [
          "no-cache"
        ],
        "Pragma": [
          "no-cache"
        ],
        "ETag": [
          "W/\"110408f8-b6e0-4465-9421-f82d16cab460\""
        ],
        "x-ms-request-id": [
          "ac15ed45-ebe3-4568-81a9-81a65abe1e22"
        ],
        "x-ms-correlation-request-id": [
          "1d31b449-1bbf-4ffc-a7d3-308819ed21d8"
        ],
        "x-ms-arm-service-request-id": [
          "173caa53-43e7-4b3c-8ecd-f7589fe7682a"
        ],
        "Strict-Transport-Security": [
          "max-age=31536000; includeSubDomains"
        ],
        "Server": [
          "Microsoft-HTTPAPI/2.0",
          "Microsoft-HTTPAPI/2.0"
        ],
        "x-ms-ratelimit-remaining-subscription-reads": [
          "11977"
        ],
        "x-ms-routing-request-id": [
          "EASTUS2:20220406T142102Z:1d31b449-1bbf-4ffc-a7d3-308819ed21d8"
        ],
        "X-Content-Type-Options": [
          "nosniff"
        ],
        "Date": [
          "Wed, 06 Apr 2022 14:21:02 GMT"
        ],
        "Content-Length": [
          "1591"
        ],
        "Content-Type": [
          "application/json; charset=utf-8"
        ],
        "Expires": [
          "-1"
        ]
      },
      "ResponseBody": "{\r\n  \"name\": \"nic1812\",\r\n  \"id\": \"/subscriptions/e37510d7-33b6-4676-886f-ee75bcc01871/resourceGroups/crptestar33541/providers/Microsoft.Network/networkInterfaces/nic1812\",\r\n  \"etag\": \"W/\\\"110408f8-b6e0-4465-9421-f82d16cab460\\\"\",\r\n  \"location\": \"eastus2euap\",\r\n  \"tags\": {\r\n    \"key\": \"value\"\r\n  },\r\n  \"properties\": {\r\n    \"provisioningState\": \"Succeeded\",\r\n    \"resourceGuid\": \"4732e69b-d253-4369-9ee0-69fd64bd7dd4\",\r\n    \"ipConfigurations\": [\r\n      {\r\n        \"name\": \"ip1633\",\r\n        \"id\": \"/subscriptions/e37510d7-33b6-4676-886f-ee75bcc01871/resourceGroups/crptestar33541/providers/Microsoft.Network/networkInterfaces/nic1812/ipConfigurations/ip1633\",\r\n        \"etag\": \"W/\\\"110408f8-b6e0-4465-9421-f82d16cab460\\\"\",\r\n        \"type\": \"Microsoft.Network/networkInterfaces/ipConfigurations\",\r\n        \"properties\": {\r\n          \"provisioningState\": \"Succeeded\",\r\n          \"privateIPAddress\": \"10.0.0.4\",\r\n          \"privateIPAllocationMethod\": \"Dynamic\",\r\n          \"subnet\": {\r\n            \"id\": \"/subscriptions/e37510d7-33b6-4676-886f-ee75bcc01871/resourceGroups/crptestar33541/providers/Microsoft.Network/virtualNetworks/vn8954/subnets/sn6690\"\r\n          },\r\n          \"primary\": true,\r\n          \"privateIPAddressVersion\": \"IPv4\"\r\n        }\r\n      }\r\n    ],\r\n    \"dnsSettings\": {\r\n      \"dnsServers\": [],\r\n      \"appliedDnsServers\": [],\r\n      \"internalDomainNameSuffix\": \"twlsscnpb32u3fkwxbega5essh.cbnx.internal.cloudapp.net\"\r\n    },\r\n    \"enableIPForwarding\": false,\r\n    \"hostedWorkloads\": [],\r\n    \"tapConfigurations\": []\r\n  },\r\n  \"type\": \"Microsoft.Network/networkInterfaces\"\r\n}",
      "StatusCode": 200
    },
    {
      "RequestUri": "/subscriptions/e37510d7-33b6-4676-886f-ee75bcc01871/resourceGroups/crptestar33541/providers/Microsoft.Compute/availabilitySets/as958?api-version=2022-03-01",
      "EncodedRequestUri": "L3N1YnNjcmlwdGlvbnMvZTM3NTEwZDctMzNiNi00Njc2LTg4NmYtZWU3NWJjYzAxODcxL3Jlc291cmNlR3JvdXBzL2NycHRlc3RhcjMzNTQxL3Byb3ZpZGVycy9NaWNyb3NvZnQuQ29tcHV0ZS9hdmFpbGFiaWxpdHlTZXRzL2FzOTU4P2FwaS12ZXJzaW9uPTIwMjItMDMtMDE=",
      "RequestMethod": "PUT",
      "RequestBody": "{\r\n  \"properties\": {\r\n    \"platformUpdateDomainCount\": 1,\r\n    \"platformFaultDomainCount\": 1\r\n  },\r\n  \"sku\": {\r\n    \"name\": \"Aligned\"\r\n  },\r\n  \"location\": \"eastus2euap\",\r\n  \"tags\": {\r\n    \"RG\": \"rg\",\r\n    \"testTag\": \"1\"\r\n  }\r\n}",
      "RequestHeaders": {
        "x-ms-client-request-id": [
          "ef6d8cfa-6abe-4957-9080-a6ad55f8a9b1"
        ],
        "Accept-Language": [
          "en-US"
        ],
        "User-Agent": [
          "FxVersion/4.700.21.47003",
          "OSName/Windows",
          "OSVersion/Microsoft.Windows.10.0.17763",
          "Microsoft.Azure.Management.Compute.ComputeManagementClient/53.0.0"
        ],
        "Content-Type": [
          "application/json; charset=utf-8"
        ],
        "Content-Length": [
          "227"
        ]
      },
      "ResponseHeaders": {
        "Cache-Control": [
          "no-cache"
        ],
        "Pragma": [
          "no-cache"
        ],
        "x-ms-ratelimit-remaining-resource": [
          "Microsoft.Compute/PutVM3Min;239,Microsoft.Compute/PutVM30Min;1199"
        ],
        "Strict-Transport-Security": [
          "max-age=31536000; includeSubDomains"
        ],
        "x-ms-request-id": [
          "eca2784f-36d8-4213-8c21-bee7ab504ab5"
        ],
        "Server": [
          "Microsoft-HTTPAPI/2.0",
          "Microsoft-HTTPAPI/2.0"
        ],
        "x-ms-ratelimit-remaining-subscription-writes": [
          "1199"
        ],
        "x-ms-correlation-request-id": [
          "28837fee-61f2-48d7-a776-5de63da76eff"
        ],
        "x-ms-routing-request-id": [
          "EASTUS2:20220406T142104Z:28837fee-61f2-48d7-a776-5de63da76eff"
        ],
        "X-Content-Type-Options": [
          "nosniff"
        ],
        "Date": [
          "Wed, 06 Apr 2022 14:21:03 GMT"
        ],
        "Content-Length": [
          "441"
        ],
        "Content-Type": [
          "application/json; charset=utf-8"
        ],
        "Expires": [
          "-1"
        ]
      },
      "ResponseBody": "{\r\n  \"name\": \"as958\",\r\n  \"id\": \"/subscriptions/e37510d7-33b6-4676-886f-ee75bcc01871/resourceGroups/crptestar33541/providers/Microsoft.Compute/availabilitySets/as958\",\r\n  \"type\": \"Microsoft.Compute/availabilitySets\",\r\n  \"location\": \"eastus2euap\",\r\n  \"tags\": {\r\n    \"RG\": \"rg\",\r\n    \"testTag\": \"1\"\r\n  },\r\n  \"properties\": {\r\n    \"platformUpdateDomainCount\": 1,\r\n    \"platformFaultDomainCount\": 1\r\n  },\r\n  \"sku\": {\r\n    \"name\": \"Aligned\"\r\n  }\r\n}",
      "StatusCode": 200
    },
    {
      "RequestUri": "/subscriptions/e37510d7-33b6-4676-886f-ee75bcc01871/resourceGroups/crptestar33541/providers/Microsoft.Compute/virtualMachines/vm5112?api-version=2022-03-01",
      "EncodedRequestUri": "L3N1YnNjcmlwdGlvbnMvZTM3NTEwZDctMzNiNi00Njc2LTg4NmYtZWU3NWJjYzAxODcxL3Jlc291cmNlR3JvdXBzL2NycHRlc3RhcjMzNTQxL3Byb3ZpZGVycy9NaWNyb3NvZnQuQ29tcHV0ZS92aXJ0dWFsTWFjaGluZXMvdm01MTEyP2FwaS12ZXJzaW9uPTIwMjItMDMtMDE=",
      "RequestMethod": "PUT",
      "RequestBody": "{\r\n  \"properties\": {\r\n    \"hardwareProfile\": {\r\n      \"vmSize\": \"Standard_D2s_v3\"\r\n    },\r\n    \"storageProfile\": {\r\n      \"imageReference\": {\r\n        \"publisher\": \"MicrosoftWindowsServer\",\r\n        \"offer\": \"WindowsServer\",\r\n        \"sku\": \"2019-Datacenter\",\r\n        \"version\": \"17763.1879.2104091832\"\r\n      },\r\n      \"osDisk\": {\r\n        \"name\": \"test\",\r\n        \"caching\": \"None\",\r\n        \"createOption\": \"FromImage\",\r\n        \"managedDisk\": {\r\n          \"storageAccountType\": \"Standard_LRS\"\r\n        }\r\n      },\r\n      \"dataDisks\": [\r\n        {\r\n          \"lun\": 0,\r\n          \"caching\": \"None\",\r\n          \"createOption\": \"Empty\",\r\n          \"diskSizeGB\": 30,\r\n          \"managedDisk\": {\r\n            \"storageAccountType\": \"Standard_LRS\"\r\n          }\r\n        }\r\n      ]\r\n    },\r\n    \"additionalCapabilities\": {\r\n      \"hibernationEnabled\": true\r\n    },\r\n    \"osProfile\": {\r\n      \"computerName\": \"Test\",\r\n      \"adminUsername\": \"Foo12\",\r\n      \"adminPassword\": \"[PLACEHOLDEr1]\"\r\n    },\r\n    \"networkProfile\": {\r\n      \"networkInterfaces\": [\r\n        {\r\n          \"id\": \"/subscriptions/e37510d7-33b6-4676-886f-ee75bcc01871/resourceGroups/crptestar33541/providers/Microsoft.Network/networkInterfaces/nic1812\"\r\n        }\r\n      ]\r\n    }\r\n  },\r\n  \"location\": \"eastus2euap\",\r\n  \"tags\": {\r\n    \"RG\": \"rg\",\r\n    \"testTag\": \"1\"\r\n  }\r\n}",
      "RequestHeaders": {
        "x-ms-client-request-id": [
          "ae71a565-d1c2-4e04-98c6-2faae599ca14"
        ],
        "Accept-Language": [
          "en-US"
        ],
        "User-Agent": [
          "FxVersion/4.700.21.47003",
          "OSName/Windows",
          "OSVersion/Microsoft.Windows.10.0.17763",
          "Microsoft.Azure.Management.Compute.ComputeManagementClient/53.0.0"
        ],
        "Content-Type": [
          "application/json; charset=utf-8"
        ],
        "Content-Length": [
          "1336"
        ]
      },
      "ResponseHeaders": {
        "Cache-Control": [
          "no-cache"
        ],
        "Pragma": [
          "no-cache"
        ],
        "Retry-After": [
          "10"
        ],
        "Azure-AsyncOperation": [
          "https://management.azure.com/subscriptions/e37510d7-33b6-4676-886f-ee75bcc01871/providers/Microsoft.Compute/locations/EastUS2EUAP/operations/e23cf692-ec95-4a80-8911-7024ddd3943d?p=ce1708c5-dbca-4b22-b426-e8b8908417da&api-version=2022-03-01"
        ],
        "Azure-AsyncNotification": [
          "Enabled"
        ],
        "x-ms-ratelimit-remaining-resource": [
          "Microsoft.Compute/PutVM3Min;238,Microsoft.Compute/PutVM30Min;1198"
        ],
        "Strict-Transport-Security": [
          "max-age=31536000; includeSubDomains"
        ],
        "x-ms-request-id": [
          "e23cf692-ec95-4a80-8911-7024ddd3943d"
        ],
        "Server": [
          "Microsoft-HTTPAPI/2.0",
          "Microsoft-HTTPAPI/2.0"
        ],
        "x-ms-ratelimit-remaining-subscription-writes": [
          "1198"
        ],
        "x-ms-correlation-request-id": [
          "6474138b-8510-4331-89c0-3202cbdd0caf"
        ],
        "x-ms-routing-request-id": [
          "EASTUS2:20220406T142105Z:6474138b-8510-4331-89c0-3202cbdd0caf"
        ],
        "X-Content-Type-Options": [
          "nosniff"
        ],
        "Date": [
          "Wed, 06 Apr 2022 14:21:04 GMT"
        ],
        "Content-Length": [
          "3046"
        ],
        "Content-Type": [
          "application/json; charset=utf-8"
        ],
        "Expires": [
          "-1"
        ]
      },
      "ResponseBody": "{\r\n  \"name\": \"vm5112\",\r\n  \"id\": \"/subscriptions/e37510d7-33b6-4676-886f-ee75bcc01871/resourceGroups/crptestar33541/providers/Microsoft.Compute/virtualMachines/vm5112\",\r\n  \"type\": \"Microsoft.Compute/virtualMachines\",\r\n  \"location\": \"eastus2euap\",\r\n  \"tags\": {\r\n    \"RG\": \"rg\",\r\n    \"testTag\": \"1\",\r\n    \"azsecpack\": \"nonprod\",\r\n    \"platformsettings.host_environment.service.platform_optedin_for_rootcerts\": \"true\"\r\n  },\r\n  \"properties\": {\r\n    \"vmId\": \"4e6fddbd-590c-4149-88b0-0e5e8dfda9f6\",\r\n    \"hardwareProfile\": {\r\n      \"vmSize\": \"Standard_D2s_v3\"\r\n    },\r\n    \"additionalCapabilities\": {\r\n      \"hibernationEnabled\": true\r\n    },\r\n    \"storageProfile\": {\r\n      \"imageReference\": {\r\n        \"publisher\": \"MicrosoftWindowsServer\",\r\n        \"offer\": \"WindowsServer\",\r\n        \"sku\": \"2019-Datacenter\",\r\n        \"version\": \"17763.1879.2104091832\",\r\n        \"exactVersion\": \"17763.1879.2104091832\"\r\n      },\r\n      \"osDisk\": {\r\n        \"osType\": \"Windows\",\r\n        \"name\": \"test\",\r\n        \"createOption\": \"FromImage\",\r\n        \"caching\": \"None\",\r\n        \"managedDisk\": {\r\n          \"storageAccountType\": \"Standard_LRS\"\r\n        },\r\n        \"deleteOption\": \"Detach\",\r\n        \"diskSizeGB\": 127\r\n      },\r\n      \"dataDisks\": [\r\n        {\r\n          \"lun\": 0,\r\n          \"createOption\": \"Empty\",\r\n          \"caching\": \"None\",\r\n          \"managedDisk\": {\r\n            \"storageAccountType\": \"Standard_LRS\"\r\n          },\r\n          \"deleteOption\": \"Detach\",\r\n          \"diskSizeGB\": 30,\r\n          \"toBeDetached\": false\r\n        }\r\n      ]\r\n    },\r\n    \"osProfile\": {\r\n      \"computerName\": \"Test\",\r\n      \"adminUsername\": \"Foo12\",\r\n      \"windowsConfiguration\": {\r\n        \"provisionVMAgent\": true,\r\n        \"enableAutomaticUpdates\": true,\r\n        \"patchSettings\": {\r\n          \"patchMode\": \"AutomaticByOS\",\r\n          \"assessmentMode\": \"ImageDefault\"\r\n        },\r\n        \"enableVMAgentPlatformUpdates\": false\r\n      },\r\n      \"secrets\": [],\r\n      \"allowExtensionOperations\": true,\r\n      \"requireGuestProvisionSignal\": true\r\n    },\r\n    \"networkProfile\": {\r\n      \"networkInterfaces\": [\r\n        {\r\n          \"id\": \"/subscriptions/e37510d7-33b6-4676-886f-ee75bcc01871/resourceGroups/crptestar33541/providers/Microsoft.Network/networkInterfaces/nic1812\"\r\n        }\r\n      ]\r\n    },\r\n    \"provisioningState\": \"Creating\",\r\n    \"timeCreated\": \"2022-04-06T14:21:04.9117917+00:00\"\r\n  },\r\n  \"resources\": [\r\n    {\r\n      \"name\": \"AzureHibernateExtension\",\r\n      \"id\": \"/subscriptions/e37510d7-33b6-4676-886f-ee75bcc01871/resourceGroups/crptestar33541/providers/Microsoft.Compute/virtualMachines/vm5112/extensions/AzureHibernateExtension\",\r\n      \"type\": \"Microsoft.Compute/virtualMachines/extensions\",\r\n      \"location\": \"eastus2euap\",\r\n      \"properties\": {\r\n        \"autoUpgradeMinorVersion\": true,\r\n        \"forceUpdateTag\": \"cbb5ecdd-71a3-4971-84db-d8b94273a36e\",\r\n        \"provisioningState\": \"Creating\",\r\n        \"publisher\": \"Microsoft.CPlat.Core\",\r\n        \"type\": \"WindowsHibernateExtension\",\r\n        \"typeHandlerVersion\": \"1.0\",\r\n        \"settings\": {\r\n          \"allowReboot\": true\r\n        }\r\n      }\r\n    }\r\n  ]\r\n}",
      "StatusCode": 201
    },
    {
      "RequestUri": "/subscriptions/e37510d7-33b6-4676-886f-ee75bcc01871/providers/Microsoft.Compute/locations/EastUS2EUAP/operations/e23cf692-ec95-4a80-8911-7024ddd3943d?p=ce1708c5-dbca-4b22-b426-e8b8908417da&api-version=2022-03-01",
      "EncodedRequestUri": "L3N1YnNjcmlwdGlvbnMvZTM3NTEwZDctMzNiNi00Njc2LTg4NmYtZWU3NWJjYzAxODcxL3Byb3ZpZGVycy9NaWNyb3NvZnQuQ29tcHV0ZS9sb2NhdGlvbnMvRWFzdFVTMkVVQVAvb3BlcmF0aW9ucy9lMjNjZjY5Mi1lYzk1LTRhODAtODkxMS03MDI0ZGRkMzk0M2Q/cD1jZTE3MDhjNS1kYmNhLTRiMjItYjQyNi1lOGI4OTA4NDE3ZGEmYXBpLXZlcnNpb249MjAyMi0wMy0wMQ==",
      "RequestMethod": "GET",
      "RequestBody": "",
      "RequestHeaders": {
        "User-Agent": [
          "FxVersion/4.700.21.47003",
          "OSName/Windows",
          "OSVersion/Microsoft.Windows.10.0.17763",
          "Microsoft.Azure.Management.Compute.ComputeManagementClient/53.0.0"
        ]
      },
      "ResponseHeaders": {
        "Cache-Control": [
          "no-cache"
        ],
        "Pragma": [
          "no-cache"
        ],
        "Retry-After": [
          "50"
        ],
        "x-ms-ratelimit-remaining-resource": [
          "Microsoft.Compute/GetOperation3Min;14999,Microsoft.Compute/GetOperation30Min;29999"
        ],
        "Strict-Transport-Security": [
          "max-age=31536000; includeSubDomains"
        ],
        "x-ms-request-id": [
          "40a8cfde-17f7-4656-88c4-8c41282abc2f"
        ],
        "Server": [
          "Microsoft-HTTPAPI/2.0",
          "Microsoft-HTTPAPI/2.0"
        ],
        "x-ms-ratelimit-remaining-subscription-reads": [
          "11998"
        ],
        "x-ms-correlation-request-id": [
          "fe2a8621-6aee-4e1c-894f-4701c7624cc4"
        ],
        "x-ms-routing-request-id": [
          "EASTUS2:20220406T142115Z:fe2a8621-6aee-4e1c-894f-4701c7624cc4"
        ],
        "X-Content-Type-Options": [
          "nosniff"
        ],
        "Date": [
          "Wed, 06 Apr 2022 14:21:14 GMT"
        ],
        "Content-Length": [
          "133"
        ],
        "Content-Type": [
          "application/json; charset=utf-8"
        ],
        "Expires": [
          "-1"
        ]
      },
      "ResponseBody": "{\r\n  \"startTime\": \"2022-04-06T14:21:04.474274+00:00\",\r\n  \"status\": \"InProgress\",\r\n  \"name\": \"e23cf692-ec95-4a80-8911-7024ddd3943d\"\r\n}",
      "StatusCode": 200
    },
    {
      "RequestUri": "/subscriptions/e37510d7-33b6-4676-886f-ee75bcc01871/providers/Microsoft.Compute/locations/EastUS2EUAP/operations/e23cf692-ec95-4a80-8911-7024ddd3943d?p=ce1708c5-dbca-4b22-b426-e8b8908417da&api-version=2022-03-01",
      "EncodedRequestUri": "L3N1YnNjcmlwdGlvbnMvZTM3NTEwZDctMzNiNi00Njc2LTg4NmYtZWU3NWJjYzAxODcxL3Byb3ZpZGVycy9NaWNyb3NvZnQuQ29tcHV0ZS9sb2NhdGlvbnMvRWFzdFVTMkVVQVAvb3BlcmF0aW9ucy9lMjNjZjY5Mi1lYzk1LTRhODAtODkxMS03MDI0ZGRkMzk0M2Q/cD1jZTE3MDhjNS1kYmNhLTRiMjItYjQyNi1lOGI4OTA4NDE3ZGEmYXBpLXZlcnNpb249MjAyMi0wMy0wMQ==",
      "RequestMethod": "GET",
      "RequestBody": "",
      "RequestHeaders": {
        "User-Agent": [
          "FxVersion/4.700.21.47003",
          "OSName/Windows",
          "OSVersion/Microsoft.Windows.10.0.17763",
          "Microsoft.Azure.Management.Compute.ComputeManagementClient/53.0.0"
        ]
      },
      "ResponseHeaders": {
        "Cache-Control": [
          "no-cache"
        ],
        "Pragma": [
          "no-cache"
        ],
        "x-ms-ratelimit-remaining-resource": [
          "Microsoft.Compute/GetOperation3Min;14998,Microsoft.Compute/GetOperation30Min;29998"
        ],
        "Strict-Transport-Security": [
          "max-age=31536000; includeSubDomains"
        ],
        "x-ms-request-id": [
          "71dc5bad-dbbe-42e7-bbe5-2a23f49fb14d"
        ],
        "Server": [
          "Microsoft-HTTPAPI/2.0",
          "Microsoft-HTTPAPI/2.0"
        ],
        "x-ms-ratelimit-remaining-subscription-reads": [
          "11997"
        ],
        "x-ms-correlation-request-id": [
          "7de075d8-a7eb-4a3c-b722-a5e2a5aafe14"
        ],
        "x-ms-routing-request-id": [
          "EASTUS2:20220406T142205Z:7de075d8-a7eb-4a3c-b722-a5e2a5aafe14"
        ],
        "X-Content-Type-Options": [
          "nosniff"
        ],
        "Date": [
          "Wed, 06 Apr 2022 14:22:04 GMT"
        ],
        "Content-Length": [
          "133"
        ],
        "Content-Type": [
          "application/json; charset=utf-8"
        ],
        "Expires": [
          "-1"
        ]
      },
      "ResponseBody": "{\r\n  \"startTime\": \"2022-04-06T14:21:04.474274+00:00\",\r\n  \"status\": \"InProgress\",\r\n  \"name\": \"e23cf692-ec95-4a80-8911-7024ddd3943d\"\r\n}",
      "StatusCode": 200
    },
    {
      "RequestUri": "/subscriptions/e37510d7-33b6-4676-886f-ee75bcc01871/providers/Microsoft.Compute/locations/EastUS2EUAP/operations/e23cf692-ec95-4a80-8911-7024ddd3943d?p=ce1708c5-dbca-4b22-b426-e8b8908417da&api-version=2022-03-01",
      "EncodedRequestUri": "L3N1YnNjcmlwdGlvbnMvZTM3NTEwZDctMzNiNi00Njc2LTg4NmYtZWU3NWJjYzAxODcxL3Byb3ZpZGVycy9NaWNyb3NvZnQuQ29tcHV0ZS9sb2NhdGlvbnMvRWFzdFVTMkVVQVAvb3BlcmF0aW9ucy9lMjNjZjY5Mi1lYzk1LTRhODAtODkxMS03MDI0ZGRkMzk0M2Q/cD1jZTE3MDhjNS1kYmNhLTRiMjItYjQyNi1lOGI4OTA4NDE3ZGEmYXBpLXZlcnNpb249MjAyMi0wMy0wMQ==",
      "RequestMethod": "GET",
      "RequestBody": "",
      "RequestHeaders": {
        "User-Agent": [
          "FxVersion/4.700.21.47003",
          "OSName/Windows",
          "OSVersion/Microsoft.Windows.10.0.17763",
          "Microsoft.Azure.Management.Compute.ComputeManagementClient/53.0.0"
        ]
      },
      "ResponseHeaders": {
        "Cache-Control": [
          "no-cache"
        ],
        "Pragma": [
          "no-cache"
        ],
        "x-ms-ratelimit-remaining-resource": [
          "Microsoft.Compute/GetOperation3Min;14997,Microsoft.Compute/GetOperation30Min;29997"
        ],
        "Strict-Transport-Security": [
          "max-age=31536000; includeSubDomains"
        ],
        "x-ms-request-id": [
          "43a1b77e-ef37-4d09-9e92-5ce8a08cc26f"
        ],
        "Server": [
          "Microsoft-HTTPAPI/2.0",
          "Microsoft-HTTPAPI/2.0"
        ],
        "x-ms-ratelimit-remaining-subscription-reads": [
          "11996"
        ],
        "x-ms-correlation-request-id": [
          "8f3de7af-dd98-4c07-8cc0-dce168eb2166"
        ],
        "x-ms-routing-request-id": [
          "EASTUS2:20220406T142255Z:8f3de7af-dd98-4c07-8cc0-dce168eb2166"
        ],
        "X-Content-Type-Options": [
          "nosniff"
        ],
        "Date": [
          "Wed, 06 Apr 2022 14:22:54 GMT"
        ],
        "Content-Length": [
          "133"
        ],
        "Content-Type": [
          "application/json; charset=utf-8"
        ],
        "Expires": [
          "-1"
        ]
      },
      "ResponseBody": "{\r\n  \"startTime\": \"2022-04-06T14:21:04.474274+00:00\",\r\n  \"status\": \"InProgress\",\r\n  \"name\": \"e23cf692-ec95-4a80-8911-7024ddd3943d\"\r\n}",
      "StatusCode": 200
    },
    {
      "RequestUri": "/subscriptions/e37510d7-33b6-4676-886f-ee75bcc01871/providers/Microsoft.Compute/locations/EastUS2EUAP/operations/e23cf692-ec95-4a80-8911-7024ddd3943d?p=ce1708c5-dbca-4b22-b426-e8b8908417da&api-version=2022-03-01",
      "EncodedRequestUri": "L3N1YnNjcmlwdGlvbnMvZTM3NTEwZDctMzNiNi00Njc2LTg4NmYtZWU3NWJjYzAxODcxL3Byb3ZpZGVycy9NaWNyb3NvZnQuQ29tcHV0ZS9sb2NhdGlvbnMvRWFzdFVTMkVVQVAvb3BlcmF0aW9ucy9lMjNjZjY5Mi1lYzk1LTRhODAtODkxMS03MDI0ZGRkMzk0M2Q/cD1jZTE3MDhjNS1kYmNhLTRiMjItYjQyNi1lOGI4OTA4NDE3ZGEmYXBpLXZlcnNpb249MjAyMi0wMy0wMQ==",
      "RequestMethod": "GET",
      "RequestBody": "",
      "RequestHeaders": {
        "User-Agent": [
          "FxVersion/4.700.21.47003",
          "OSName/Windows",
          "OSVersion/Microsoft.Windows.10.0.17763",
          "Microsoft.Azure.Management.Compute.ComputeManagementClient/53.0.0"
        ]
      },
      "ResponseHeaders": {
        "Cache-Control": [
          "no-cache"
        ],
        "Pragma": [
          "no-cache"
        ],
        "x-ms-ratelimit-remaining-resource": [
          "Microsoft.Compute/GetOperation3Min;14995,Microsoft.Compute/GetOperation30Min;29995"
        ],
        "Strict-Transport-Security": [
          "max-age=31536000; includeSubDomains"
        ],
        "x-ms-request-id": [
          "abb6b107-65bc-4af4-a6a1-e85692ad7d43"
        ],
        "Server": [
          "Microsoft-HTTPAPI/2.0",
          "Microsoft-HTTPAPI/2.0"
        ],
        "x-ms-ratelimit-remaining-subscription-reads": [
          "11995"
        ],
        "x-ms-correlation-request-id": [
          "20ebc3f5-4368-4cce-828e-9844e633f8eb"
        ],
        "x-ms-routing-request-id": [
          "EASTUS2:20220406T142345Z:20ebc3f5-4368-4cce-828e-9844e633f8eb"
        ],
        "X-Content-Type-Options": [
          "nosniff"
        ],
        "Date": [
          "Wed, 06 Apr 2022 14:23:44 GMT"
        ],
        "Content-Length": [
          "133"
        ],
        "Content-Type": [
          "application/json; charset=utf-8"
        ],
        "Expires": [
          "-1"
        ]
      },
      "ResponseBody": "{\r\n  \"startTime\": \"2022-04-06T14:21:04.474274+00:00\",\r\n  \"status\": \"InProgress\",\r\n  \"name\": \"e23cf692-ec95-4a80-8911-7024ddd3943d\"\r\n}",
      "StatusCode": 200
    },
    {
      "RequestUri": "/subscriptions/e37510d7-33b6-4676-886f-ee75bcc01871/providers/Microsoft.Compute/locations/EastUS2EUAP/operations/e23cf692-ec95-4a80-8911-7024ddd3943d?p=ce1708c5-dbca-4b22-b426-e8b8908417da&api-version=2022-03-01",
      "EncodedRequestUri": "L3N1YnNjcmlwdGlvbnMvZTM3NTEwZDctMzNiNi00Njc2LTg4NmYtZWU3NWJjYzAxODcxL3Byb3ZpZGVycy9NaWNyb3NvZnQuQ29tcHV0ZS9sb2NhdGlvbnMvRWFzdFVTMkVVQVAvb3BlcmF0aW9ucy9lMjNjZjY5Mi1lYzk1LTRhODAtODkxMS03MDI0ZGRkMzk0M2Q/cD1jZTE3MDhjNS1kYmNhLTRiMjItYjQyNi1lOGI4OTA4NDE3ZGEmYXBpLXZlcnNpb249MjAyMi0wMy0wMQ==",
      "RequestMethod": "GET",
      "RequestBody": "",
      "RequestHeaders": {
        "User-Agent": [
          "FxVersion/4.700.21.47003",
          "OSName/Windows",
          "OSVersion/Microsoft.Windows.10.0.17763",
          "Microsoft.Azure.Management.Compute.ComputeManagementClient/53.0.0"
        ]
      },
      "ResponseHeaders": {
        "Cache-Control": [
          "no-cache"
        ],
        "Pragma": [
          "no-cache"
        ],
        "x-ms-ratelimit-remaining-resource": [
          "Microsoft.Compute/GetOperation3Min;14995,Microsoft.Compute/GetOperation30Min;29994"
        ],
        "Strict-Transport-Security": [
          "max-age=31536000; includeSubDomains"
        ],
        "x-ms-request-id": [
          "dadc7d7a-8fcd-4f57-90c0-5aede6ff27f6"
        ],
        "Server": [
          "Microsoft-HTTPAPI/2.0",
          "Microsoft-HTTPAPI/2.0"
        ],
        "x-ms-ratelimit-remaining-subscription-reads": [
          "11994"
        ],
        "x-ms-correlation-request-id": [
          "1b289774-89a0-410c-b48f-4189cf3de84c"
        ],
        "x-ms-routing-request-id": [
          "EASTUS2:20220406T142435Z:1b289774-89a0-410c-b48f-4189cf3de84c"
        ],
        "X-Content-Type-Options": [
          "nosniff"
        ],
        "Date": [
          "Wed, 06 Apr 2022 14:24:34 GMT"
        ],
        "Content-Length": [
          "183"
        ],
        "Content-Type": [
          "application/json; charset=utf-8"
        ],
        "Expires": [
          "-1"
        ]
      },
      "ResponseBody": "{\r\n  \"startTime\": \"2022-04-06T14:21:04.474274+00:00\",\r\n  \"endTime\": \"2022-04-06T14:24:21.6072164+00:00\",\r\n  \"status\": \"Succeeded\",\r\n  \"name\": \"e23cf692-ec95-4a80-8911-7024ddd3943d\"\r\n}",
      "StatusCode": 200
    },
    {
      "RequestUri": "/subscriptions/e37510d7-33b6-4676-886f-ee75bcc01871/resourceGroups/crptestar33541/providers/Microsoft.Compute/virtualMachines/vm5112?api-version=2022-03-01",
      "EncodedRequestUri": "L3N1YnNjcmlwdGlvbnMvZTM3NTEwZDctMzNiNi00Njc2LTg4NmYtZWU3NWJjYzAxODcxL3Jlc291cmNlR3JvdXBzL2NycHRlc3RhcjMzNTQxL3Byb3ZpZGVycy9NaWNyb3NvZnQuQ29tcHV0ZS92aXJ0dWFsTWFjaGluZXMvdm01MTEyP2FwaS12ZXJzaW9uPTIwMjItMDMtMDE=",
      "RequestMethod": "GET",
      "RequestBody": "",
      "RequestHeaders": {
        "User-Agent": [
          "FxVersion/4.700.21.47003",
          "OSName/Windows",
          "OSVersion/Microsoft.Windows.10.0.17763",
          "Microsoft.Azure.Management.Compute.ComputeManagementClient/53.0.0"
        ]
      },
      "ResponseHeaders": {
        "Cache-Control": [
          "no-cache"
        ],
        "Pragma": [
          "no-cache"
        ],
        "x-ms-ratelimit-remaining-resource": [
          "Microsoft.Compute/LowCostGet3Min;3998,Microsoft.Compute/LowCostGet30Min;31998"
        ],
        "Strict-Transport-Security": [
          "max-age=31536000; includeSubDomains"
        ],
        "x-ms-request-id": [
          "2037808e-7e02-4a63-a1f0-759b9c5a9236"
        ],
        "Server": [
          "Microsoft-HTTPAPI/2.0",
          "Microsoft-HTTPAPI/2.0"
        ],
        "x-ms-ratelimit-remaining-subscription-reads": [
          "11993"
        ],
        "x-ms-correlation-request-id": [
          "7850a79c-5187-404f-aa46-d15ba75ffdfe"
        ],
        "x-ms-routing-request-id": [
          "EASTUS2:20220406T142435Z:7850a79c-5187-404f-aa46-d15ba75ffdfe"
        ],
        "X-Content-Type-Options": [
          "nosniff"
        ],
        "Date": [
          "Wed, 06 Apr 2022 14:24:34 GMT"
        ],
        "Content-Length": [
          "3441"
        ],
        "Content-Type": [
          "application/json; charset=utf-8"
        ],
        "Expires": [
          "-1"
        ]
      },
      "ResponseBody": "{\r\n  \"name\": \"vm5112\",\r\n  \"id\": \"/subscriptions/e37510d7-33b6-4676-886f-ee75bcc01871/resourceGroups/crptestar33541/providers/Microsoft.Compute/virtualMachines/vm5112\",\r\n  \"type\": \"Microsoft.Compute/virtualMachines\",\r\n  \"location\": \"eastus2euap\",\r\n  \"tags\": {\r\n    \"RG\": \"rg\",\r\n    \"testTag\": \"1\",\r\n    \"azsecpack\": \"nonprod\",\r\n    \"platformsettings.host_environment.service.platform_optedin_for_rootcerts\": \"true\"\r\n  },\r\n  \"properties\": {\r\n    \"vmId\": \"4e6fddbd-590c-4149-88b0-0e5e8dfda9f6\",\r\n    \"hardwareProfile\": {\r\n      \"vmSize\": \"Standard_D2s_v3\"\r\n    },\r\n    \"additionalCapabilities\": {\r\n      \"hibernationEnabled\": true\r\n    },\r\n    \"storageProfile\": {\r\n      \"imageReference\": {\r\n        \"publisher\": \"MicrosoftWindowsServer\",\r\n        \"offer\": \"WindowsServer\",\r\n        \"sku\": \"2019-Datacenter\",\r\n        \"version\": \"17763.1879.2104091832\",\r\n        \"exactVersion\": \"17763.1879.2104091832\"\r\n      },\r\n      \"osDisk\": {\r\n        \"osType\": \"Windows\",\r\n        \"name\": \"test\",\r\n        \"createOption\": \"FromImage\",\r\n        \"caching\": \"None\",\r\n        \"managedDisk\": {\r\n          \"storageAccountType\": \"Standard_LRS\",\r\n          \"id\": \"/subscriptions/e37510d7-33b6-4676-886f-ee75bcc01871/resourceGroups/crptestar33541/providers/Microsoft.Compute/disks/test\"\r\n        },\r\n        \"deleteOption\": \"Detach\",\r\n        \"diskSizeGB\": 127\r\n      },\r\n      \"dataDisks\": [\r\n        {\r\n          \"lun\": 0,\r\n          \"name\": \"vm5112_disk2_e6dffea7d0e74b4b8286bb4bfe260c12\",\r\n          \"createOption\": \"Empty\",\r\n          \"caching\": \"None\",\r\n          \"managedDisk\": {\r\n            \"storageAccountType\": \"Standard_LRS\",\r\n            \"id\": \"/subscriptions/e37510d7-33b6-4676-886f-ee75bcc01871/resourceGroups/crptestar33541/providers/Microsoft.Compute/disks/vm5112_disk2_e6dffea7d0e74b4b8286bb4bfe260c12\"\r\n          },\r\n          \"deleteOption\": \"Detach\",\r\n          \"diskSizeGB\": 30,\r\n          \"toBeDetached\": false\r\n        }\r\n      ]\r\n    },\r\n    \"osProfile\": {\r\n      \"computerName\": \"Test\",\r\n      \"adminUsername\": \"Foo12\",\r\n      \"windowsConfiguration\": {\r\n        \"provisionVMAgent\": true,\r\n        \"enableAutomaticUpdates\": true,\r\n        \"patchSettings\": {\r\n          \"patchMode\": \"AutomaticByOS\",\r\n          \"assessmentMode\": \"ImageDefault\"\r\n        },\r\n        \"enableVMAgentPlatformUpdates\": false\r\n      },\r\n      \"secrets\": [],\r\n      \"allowExtensionOperations\": true,\r\n      \"requireGuestProvisionSignal\": true\r\n    },\r\n    \"networkProfile\": {\r\n      \"networkInterfaces\": [\r\n        {\r\n          \"id\": \"/subscriptions/e37510d7-33b6-4676-886f-ee75bcc01871/resourceGroups/crptestar33541/providers/Microsoft.Network/networkInterfaces/nic1812\"\r\n        }\r\n      ]\r\n    },\r\n    \"provisioningState\": \"Succeeded\",\r\n    \"timeCreated\": \"2022-04-06T14:21:04.9117917+00:00\"\r\n  },\r\n  \"resources\": [\r\n    {\r\n      \"name\": \"AzureHibernateExtension\",\r\n      \"id\": \"/subscriptions/e37510d7-33b6-4676-886f-ee75bcc01871/resourceGroups/crptestar33541/providers/Microsoft.Compute/virtualMachines/vm5112/extensions/AzureHibernateExtension\",\r\n      \"type\": \"Microsoft.Compute/virtualMachines/extensions\",\r\n      \"location\": \"eastus2euap\",\r\n      \"properties\": {\r\n        \"autoUpgradeMinorVersion\": true,\r\n        \"forceUpdateTag\": \"cbb5ecdd-71a3-4971-84db-d8b94273a36e\",\r\n        \"provisioningState\": \"Succeeded\",\r\n        \"publisher\": \"Microsoft.CPlat.Core\",\r\n        \"type\": \"WindowsHibernateExtension\",\r\n        \"typeHandlerVersion\": \"1.0\",\r\n        \"settings\": {\r\n          \"allowReboot\": true\r\n        }\r\n      }\r\n    }\r\n  ]\r\n}",
      "StatusCode": 200
    },
    {
      "RequestUri": "/subscriptions/e37510d7-33b6-4676-886f-ee75bcc01871/resourceGroups/crptestar33541/providers/Microsoft.Compute/virtualMachines/vm5112?api-version=2022-03-01",
      "EncodedRequestUri": "L3N1YnNjcmlwdGlvbnMvZTM3NTEwZDctMzNiNi00Njc2LTg4NmYtZWU3NWJjYzAxODcxL3Jlc291cmNlR3JvdXBzL2NycHRlc3RhcjMzNTQxL3Byb3ZpZGVycy9NaWNyb3NvZnQuQ29tcHV0ZS92aXJ0dWFsTWFjaGluZXMvdm01MTEyP2FwaS12ZXJzaW9uPTIwMjItMDMtMDE=",
      "RequestMethod": "GET",
      "RequestBody": "",
      "RequestHeaders": {
        "x-ms-client-request-id": [
          "71408720-f708-456a-9547-9bf3eca66efe"
        ],
        "Accept-Language": [
          "en-US"
        ],
        "User-Agent": [
          "FxVersion/4.700.21.47003",
          "OSName/Windows",
          "OSVersion/Microsoft.Windows.10.0.17763",
          "Microsoft.Azure.Management.Compute.ComputeManagementClient/53.0.0"
        ]
      },
      "ResponseHeaders": {
        "Cache-Control": [
          "no-cache"
        ],
        "Pragma": [
          "no-cache"
        ],
        "x-ms-ratelimit-remaining-resource": [
          "Microsoft.Compute/LowCostGet3Min;3997,Microsoft.Compute/LowCostGet30Min;31997"
        ],
        "Strict-Transport-Security": [
          "max-age=31536000; includeSubDomains"
        ],
        "x-ms-request-id": [
          "5d38a180-5584-439f-9d0d-d01bbd9c11be"
        ],
        "Server": [
          "Microsoft-HTTPAPI/2.0",
          "Microsoft-HTTPAPI/2.0"
        ],
        "x-ms-ratelimit-remaining-subscription-reads": [
          "11992"
        ],
        "x-ms-correlation-request-id": [
          "f876740c-3a61-46f3-a4d6-d7554d7e4639"
        ],
        "x-ms-routing-request-id": [
          "EASTUS2:20220406T142435Z:f876740c-3a61-46f3-a4d6-d7554d7e4639"
        ],
        "X-Content-Type-Options": [
          "nosniff"
        ],
        "Date": [
          "Wed, 06 Apr 2022 14:24:34 GMT"
        ],
        "Content-Length": [
          "3441"
        ],
        "Content-Type": [
          "application/json; charset=utf-8"
        ],
        "Expires": [
          "-1"
        ]
      },
      "ResponseBody": "{\r\n  \"name\": \"vm5112\",\r\n  \"id\": \"/subscriptions/e37510d7-33b6-4676-886f-ee75bcc01871/resourceGroups/crptestar33541/providers/Microsoft.Compute/virtualMachines/vm5112\",\r\n  \"type\": \"Microsoft.Compute/virtualMachines\",\r\n  \"location\": \"eastus2euap\",\r\n  \"tags\": {\r\n    \"RG\": \"rg\",\r\n    \"testTag\": \"1\",\r\n    \"azsecpack\": \"nonprod\",\r\n    \"platformsettings.host_environment.service.platform_optedin_for_rootcerts\": \"true\"\r\n  },\r\n  \"properties\": {\r\n    \"vmId\": \"4e6fddbd-590c-4149-88b0-0e5e8dfda9f6\",\r\n    \"hardwareProfile\": {\r\n      \"vmSize\": \"Standard_D2s_v3\"\r\n    },\r\n    \"additionalCapabilities\": {\r\n      \"hibernationEnabled\": true\r\n    },\r\n    \"storageProfile\": {\r\n      \"imageReference\": {\r\n        \"publisher\": \"MicrosoftWindowsServer\",\r\n        \"offer\": \"WindowsServer\",\r\n        \"sku\": \"2019-Datacenter\",\r\n        \"version\": \"17763.1879.2104091832\",\r\n        \"exactVersion\": \"17763.1879.2104091832\"\r\n      },\r\n      \"osDisk\": {\r\n        \"osType\": \"Windows\",\r\n        \"name\": \"test\",\r\n        \"createOption\": \"FromImage\",\r\n        \"caching\": \"None\",\r\n        \"managedDisk\": {\r\n          \"storageAccountType\": \"Standard_LRS\",\r\n          \"id\": \"/subscriptions/e37510d7-33b6-4676-886f-ee75bcc01871/resourceGroups/crptestar33541/providers/Microsoft.Compute/disks/test\"\r\n        },\r\n        \"deleteOption\": \"Detach\",\r\n        \"diskSizeGB\": 127\r\n      },\r\n      \"dataDisks\": [\r\n        {\r\n          \"lun\": 0,\r\n          \"name\": \"vm5112_disk2_e6dffea7d0e74b4b8286bb4bfe260c12\",\r\n          \"createOption\": \"Empty\",\r\n          \"caching\": \"None\",\r\n          \"managedDisk\": {\r\n            \"storageAccountType\": \"Standard_LRS\",\r\n            \"id\": \"/subscriptions/e37510d7-33b6-4676-886f-ee75bcc01871/resourceGroups/crptestar33541/providers/Microsoft.Compute/disks/vm5112_disk2_e6dffea7d0e74b4b8286bb4bfe260c12\"\r\n          },\r\n          \"deleteOption\": \"Detach\",\r\n          \"diskSizeGB\": 30,\r\n          \"toBeDetached\": false\r\n        }\r\n      ]\r\n    },\r\n    \"osProfile\": {\r\n      \"computerName\": \"Test\",\r\n      \"adminUsername\": \"Foo12\",\r\n      \"windowsConfiguration\": {\r\n        \"provisionVMAgent\": true,\r\n        \"enableAutomaticUpdates\": true,\r\n        \"patchSettings\": {\r\n          \"patchMode\": \"AutomaticByOS\",\r\n          \"assessmentMode\": \"ImageDefault\"\r\n        },\r\n        \"enableVMAgentPlatformUpdates\": false\r\n      },\r\n      \"secrets\": [],\r\n      \"allowExtensionOperations\": true,\r\n      \"requireGuestProvisionSignal\": true\r\n    },\r\n    \"networkProfile\": {\r\n      \"networkInterfaces\": [\r\n        {\r\n          \"id\": \"/subscriptions/e37510d7-33b6-4676-886f-ee75bcc01871/resourceGroups/crptestar33541/providers/Microsoft.Network/networkInterfaces/nic1812\"\r\n        }\r\n      ]\r\n    },\r\n    \"provisioningState\": \"Succeeded\",\r\n    \"timeCreated\": \"2022-04-06T14:21:04.9117917+00:00\"\r\n  },\r\n  \"resources\": [\r\n    {\r\n      \"name\": \"AzureHibernateExtension\",\r\n      \"id\": \"/subscriptions/e37510d7-33b6-4676-886f-ee75bcc01871/resourceGroups/crptestar33541/providers/Microsoft.Compute/virtualMachines/vm5112/extensions/AzureHibernateExtension\",\r\n      \"type\": \"Microsoft.Compute/virtualMachines/extensions\",\r\n      \"location\": \"eastus2euap\",\r\n      \"properties\": {\r\n        \"autoUpgradeMinorVersion\": true,\r\n        \"forceUpdateTag\": \"cbb5ecdd-71a3-4971-84db-d8b94273a36e\",\r\n        \"provisioningState\": \"Succeeded\",\r\n        \"publisher\": \"Microsoft.CPlat.Core\",\r\n        \"type\": \"WindowsHibernateExtension\",\r\n        \"typeHandlerVersion\": \"1.0\",\r\n        \"settings\": {\r\n          \"allowReboot\": true\r\n        }\r\n      }\r\n    }\r\n  ]\r\n}",
      "StatusCode": 200
    },
    {
      "RequestUri": "/subscriptions/e37510d7-33b6-4676-886f-ee75bcc01871/resourceGroups/crptestar33541/providers/Microsoft.Compute/virtualMachines/vm5112/deallocate?hibernate=true&api-version=2022-03-01",
      "EncodedRequestUri": "L3N1YnNjcmlwdGlvbnMvZTM3NTEwZDctMzNiNi00Njc2LTg4NmYtZWU3NWJjYzAxODcxL3Jlc291cmNlR3JvdXBzL2NycHRlc3RhcjMzNTQxL3Byb3ZpZGVycy9NaWNyb3NvZnQuQ29tcHV0ZS92aXJ0dWFsTWFjaGluZXMvdm01MTEyL2RlYWxsb2NhdGU/aGliZXJuYXRlPXRydWUmYXBpLXZlcnNpb249MjAyMi0wMy0wMQ==",
      "RequestMethod": "POST",
      "RequestBody": "",
      "RequestHeaders": {
        "x-ms-client-request-id": [
          "18f13c70-84ba-447a-baad-a7155c7ac7e5"
        ],
        "Accept-Language": [
          "en-US"
        ],
        "User-Agent": [
          "FxVersion/4.700.21.47003",
          "OSName/Windows",
          "OSVersion/Microsoft.Windows.10.0.17763",
          "Microsoft.Azure.Management.Compute.ComputeManagementClient/53.0.0"
        ]
      },
      "ResponseHeaders": {
        "Cache-Control": [
          "no-cache"
        ],
        "Pragma": [
          "no-cache"
        ],
        "Location": [
          "https://management.azure.com/subscriptions/e37510d7-33b6-4676-886f-ee75bcc01871/providers/Microsoft.Compute/locations/EastUS2EUAP/operations/2994d6fd-bd85-4269-a7d1-810ae798685d?p=ce1708c5-dbca-4b22-b426-e8b8908417da&monitor=true&api-version=2022-03-01"
        ],
        "Retry-After": [
          "10"
        ],
        "Azure-AsyncOperation": [
          "https://management.azure.com/subscriptions/e37510d7-33b6-4676-886f-ee75bcc01871/providers/Microsoft.Compute/locations/EastUS2EUAP/operations/2994d6fd-bd85-4269-a7d1-810ae798685d?p=ce1708c5-dbca-4b22-b426-e8b8908417da&api-version=2022-03-01"
        ],
        "x-ms-ratelimit-remaining-resource": [
          "Microsoft.Compute/DeleteVM3Min;239,Microsoft.Compute/DeleteVM30Min;1199"
        ],
        "Strict-Transport-Security": [
          "max-age=31536000; includeSubDomains"
        ],
        "x-ms-request-id": [
          "2994d6fd-bd85-4269-a7d1-810ae798685d"
        ],
        "Server": [
          "Microsoft-HTTPAPI/2.0",
          "Microsoft-HTTPAPI/2.0"
        ],
        "x-ms-ratelimit-remaining-subscription-writes": [
          "1199"
        ],
        "x-ms-correlation-request-id": [
          "0cdb88b0-100e-4c5e-98ea-fb482706d1fb"
        ],
        "x-ms-routing-request-id": [
          "EASTUS2:20220406T142435Z:0cdb88b0-100e-4c5e-98ea-fb482706d1fb"
        ],
        "X-Content-Type-Options": [
          "nosniff"
        ],
        "Date": [
          "Wed, 06 Apr 2022 14:24:35 GMT"
        ],
        "Expires": [
          "-1"
        ],
        "Content-Length": [
          "0"
        ]
      },
      "ResponseBody": "",
      "StatusCode": 202
    },
    {
      "RequestUri": "/subscriptions/e37510d7-33b6-4676-886f-ee75bcc01871/providers/Microsoft.Compute/locations/EastUS2EUAP/operations/2994d6fd-bd85-4269-a7d1-810ae798685d?p=ce1708c5-dbca-4b22-b426-e8b8908417da&api-version=2022-03-01",
      "EncodedRequestUri": "L3N1YnNjcmlwdGlvbnMvZTM3NTEwZDctMzNiNi00Njc2LTg4NmYtZWU3NWJjYzAxODcxL3Byb3ZpZGVycy9NaWNyb3NvZnQuQ29tcHV0ZS9sb2NhdGlvbnMvRWFzdFVTMkVVQVAvb3BlcmF0aW9ucy8yOTk0ZDZmZC1iZDg1LTQyNjktYTdkMS04MTBhZTc5ODY4NWQ/cD1jZTE3MDhjNS1kYmNhLTRiMjItYjQyNi1lOGI4OTA4NDE3ZGEmYXBpLXZlcnNpb249MjAyMi0wMy0wMQ==",
      "RequestMethod": "GET",
      "RequestBody": "",
      "RequestHeaders": {
        "User-Agent": [
          "FxVersion/4.700.21.47003",
          "OSName/Windows",
          "OSVersion/Microsoft.Windows.10.0.17763",
          "Microsoft.Azure.Management.Compute.ComputeManagementClient/53.0.0"
        ]
      },
      "ResponseHeaders": {
        "Cache-Control": [
          "no-cache"
        ],
        "Pragma": [
          "no-cache"
        ],
        "Retry-After": [
          "36"
        ],
        "x-ms-ratelimit-remaining-resource": [
          "Microsoft.Compute/GetOperation3Min;14994,Microsoft.Compute/GetOperation30Min;29993"
        ],
        "Strict-Transport-Security": [
          "max-age=31536000; includeSubDomains"
        ],
        "x-ms-request-id": [
          "302359f9-bfb9-4681-a97d-d2cb2996eff8"
        ],
        "Server": [
          "Microsoft-HTTPAPI/2.0",
          "Microsoft-HTTPAPI/2.0"
        ],
        "x-ms-ratelimit-remaining-subscription-reads": [
          "11991"
        ],
        "x-ms-correlation-request-id": [
          "a7170eb6-84a0-425d-940c-3b94571c0d1f"
        ],
        "x-ms-routing-request-id": [
          "EASTUS2:20220406T142445Z:a7170eb6-84a0-425d-940c-3b94571c0d1f"
        ],
        "X-Content-Type-Options": [
          "nosniff"
        ],
        "Date": [
          "Wed, 06 Apr 2022 14:24:45 GMT"
        ],
        "Content-Length": [
          "134"
        ],
        "Content-Type": [
          "application/json; charset=utf-8"
        ],
        "Expires": [
          "-1"
        ]
      },
      "ResponseBody": "{\r\n  \"startTime\": \"2022-04-06T14:24:35.4984057+00:00\",\r\n  \"status\": \"InProgress\",\r\n  \"name\": \"2994d6fd-bd85-4269-a7d1-810ae798685d\"\r\n}",
      "StatusCode": 200
    },
    {
      "RequestUri": "/subscriptions/e37510d7-33b6-4676-886f-ee75bcc01871/providers/Microsoft.Compute/locations/EastUS2EUAP/operations/2994d6fd-bd85-4269-a7d1-810ae798685d?p=ce1708c5-dbca-4b22-b426-e8b8908417da&api-version=2022-03-01",
      "EncodedRequestUri": "L3N1YnNjcmlwdGlvbnMvZTM3NTEwZDctMzNiNi00Njc2LTg4NmYtZWU3NWJjYzAxODcxL3Byb3ZpZGVycy9NaWNyb3NvZnQuQ29tcHV0ZS9sb2NhdGlvbnMvRWFzdFVTMkVVQVAvb3BlcmF0aW9ucy8yOTk0ZDZmZC1iZDg1LTQyNjktYTdkMS04MTBhZTc5ODY4NWQ/cD1jZTE3MDhjNS1kYmNhLTRiMjItYjQyNi1lOGI4OTA4NDE3ZGEmYXBpLXZlcnNpb249MjAyMi0wMy0wMQ==",
      "RequestMethod": "GET",
      "RequestBody": "",
      "RequestHeaders": {
        "User-Agent": [
          "FxVersion/4.700.21.47003",
          "OSName/Windows",
          "OSVersion/Microsoft.Windows.10.0.17763",
          "Microsoft.Azure.Management.Compute.ComputeManagementClient/53.0.0"
        ]
      },
      "ResponseHeaders": {
        "Cache-Control": [
          "no-cache"
        ],
        "Pragma": [
          "no-cache"
        ],
        "x-ms-ratelimit-remaining-resource": [
          "Microsoft.Compute/GetOperation3Min;14990,Microsoft.Compute/GetOperation30Min;29988"
        ],
        "Strict-Transport-Security": [
          "max-age=31536000; includeSubDomains"
        ],
        "x-ms-request-id": [
          "96cdda51-6b37-467e-8b79-32d5e686c159"
        ],
        "Server": [
          "Microsoft-HTTPAPI/2.0",
          "Microsoft-HTTPAPI/2.0"
        ],
        "x-ms-ratelimit-remaining-subscription-reads": [
          "11990"
        ],
        "x-ms-correlation-request-id": [
          "60d36cc6-872c-487e-b9c7-e7cc211cd1a0"
        ],
        "x-ms-routing-request-id": [
          "EASTUS2:20220406T142521Z:60d36cc6-872c-487e-b9c7-e7cc211cd1a0"
        ],
        "X-Content-Type-Options": [
          "nosniff"
        ],
        "Date": [
          "Wed, 06 Apr 2022 14:25:21 GMT"
        ],
        "Content-Length": [
          "134"
        ],
        "Content-Type": [
          "application/json; charset=utf-8"
        ],
        "Expires": [
          "-1"
        ]
      },
      "ResponseBody": "{\r\n  \"startTime\": \"2022-04-06T14:24:35.4984057+00:00\",\r\n  \"status\": \"InProgress\",\r\n  \"name\": \"2994d6fd-bd85-4269-a7d1-810ae798685d\"\r\n}",
      "StatusCode": 200
    },
    {
      "RequestUri": "/subscriptions/e37510d7-33b6-4676-886f-ee75bcc01871/providers/Microsoft.Compute/locations/EastUS2EUAP/operations/2994d6fd-bd85-4269-a7d1-810ae798685d?p=ce1708c5-dbca-4b22-b426-e8b8908417da&api-version=2022-03-01",
      "EncodedRequestUri": "L3N1YnNjcmlwdGlvbnMvZTM3NTEwZDctMzNiNi00Njc2LTg4NmYtZWU3NWJjYzAxODcxL3Byb3ZpZGVycy9NaWNyb3NvZnQuQ29tcHV0ZS9sb2NhdGlvbnMvRWFzdFVTMkVVQVAvb3BlcmF0aW9ucy8yOTk0ZDZmZC1iZDg1LTQyNjktYTdkMS04MTBhZTc5ODY4NWQ/cD1jZTE3MDhjNS1kYmNhLTRiMjItYjQyNi1lOGI4OTA4NDE3ZGEmYXBpLXZlcnNpb249MjAyMi0wMy0wMQ==",
      "RequestMethod": "GET",
      "RequestBody": "",
      "RequestHeaders": {
        "User-Agent": [
          "FxVersion/4.700.21.47003",
          "OSName/Windows",
          "OSVersion/Microsoft.Windows.10.0.17763",
          "Microsoft.Azure.Management.Compute.ComputeManagementClient/53.0.0"
        ]
      },
      "ResponseHeaders": {
        "Cache-Control": [
          "no-cache"
        ],
        "Pragma": [
          "no-cache"
        ],
        "x-ms-ratelimit-remaining-resource": [
          "Microsoft.Compute/GetOperation3Min;14988,Microsoft.Compute/GetOperation30Min;29985"
        ],
        "Strict-Transport-Security": [
          "max-age=31536000; includeSubDomains"
        ],
        "x-ms-request-id": [
          "623e9e00-dd1d-49c3-a31f-7f1d21f3c377"
        ],
        "Server": [
          "Microsoft-HTTPAPI/2.0",
          "Microsoft-HTTPAPI/2.0"
        ],
        "x-ms-ratelimit-remaining-subscription-reads": [
          "11989"
        ],
        "x-ms-correlation-request-id": [
          "c7d02999-7a36-4b10-bfc0-681624084146"
        ],
        "x-ms-routing-request-id": [
          "EASTUS2:20220406T142557Z:c7d02999-7a36-4b10-bfc0-681624084146"
        ],
        "X-Content-Type-Options": [
          "nosniff"
        ],
        "Date": [
          "Wed, 06 Apr 2022 14:25:57 GMT"
        ],
        "Content-Length": [
          "184"
        ],
        "Content-Type": [
          "application/json; charset=utf-8"
        ],
        "Expires": [
          "-1"
        ]
      },
      "ResponseBody": "{\r\n  \"startTime\": \"2022-04-06T14:24:35.4984057+00:00\",\r\n  \"endTime\": \"2022-04-06T14:25:35.1101705+00:00\",\r\n  \"status\": \"Succeeded\",\r\n  \"name\": \"2994d6fd-bd85-4269-a7d1-810ae798685d\"\r\n}",
      "StatusCode": 200
    },
    {
      "RequestUri": "/subscriptions/e37510d7-33b6-4676-886f-ee75bcc01871/providers/Microsoft.Compute/locations/EastUS2EUAP/operations/2994d6fd-bd85-4269-a7d1-810ae798685d?p=ce1708c5-dbca-4b22-b426-e8b8908417da&monitor=true&api-version=2022-03-01",
      "EncodedRequestUri": "L3N1YnNjcmlwdGlvbnMvZTM3NTEwZDctMzNiNi00Njc2LTg4NmYtZWU3NWJjYzAxODcxL3Byb3ZpZGVycy9NaWNyb3NvZnQuQ29tcHV0ZS9sb2NhdGlvbnMvRWFzdFVTMkVVQVAvb3BlcmF0aW9ucy8yOTk0ZDZmZC1iZDg1LTQyNjktYTdkMS04MTBhZTc5ODY4NWQ/cD1jZTE3MDhjNS1kYmNhLTRiMjItYjQyNi1lOGI4OTA4NDE3ZGEmbW9uaXRvcj10cnVlJmFwaS12ZXJzaW9uPTIwMjItMDMtMDE=",
      "RequestMethod": "GET",
      "RequestBody": "",
      "RequestHeaders": {
        "User-Agent": [
          "FxVersion/4.700.21.47003",
          "OSName/Windows",
          "OSVersion/Microsoft.Windows.10.0.17763",
          "Microsoft.Azure.Management.Compute.ComputeManagementClient/53.0.0"
        ]
      },
      "ResponseHeaders": {
        "Cache-Control": [
          "no-cache"
        ],
        "Pragma": [
          "no-cache"
        ],
        "x-ms-ratelimit-remaining-resource": [
          "Microsoft.Compute/GetOperation3Min;14987,Microsoft.Compute/GetOperation30Min;29984"
        ],
        "Strict-Transport-Security": [
          "max-age=31536000; includeSubDomains"
        ],
        "x-ms-request-id": [
          "9c0610e0-ddc0-47d2-8034-a26aa43e9e71"
        ],
        "Server": [
          "Microsoft-HTTPAPI/2.0",
          "Microsoft-HTTPAPI/2.0"
        ],
        "x-ms-ratelimit-remaining-subscription-reads": [
          "11988"
        ],
        "x-ms-correlation-request-id": [
          "723280ca-3810-4a0d-9624-50ee5129a91f"
        ],
        "x-ms-routing-request-id": [
          "EASTUS2:20220406T142557Z:723280ca-3810-4a0d-9624-50ee5129a91f"
        ],
        "X-Content-Type-Options": [
          "nosniff"
        ],
        "Date": [
          "Wed, 06 Apr 2022 14:25:57 GMT"
        ],
        "Expires": [
          "-1"
        ],
        "Content-Length": [
          "0"
        ]
      },
      "ResponseBody": "",
      "StatusCode": 200
    },
    {
      "RequestUri": "/subscriptions/e37510d7-33b6-4676-886f-ee75bcc01871/resourceGroups/crptestar33541/providers/Microsoft.Compute/virtualMachines/vm5112/instanceView?api-version=2022-03-01",
      "EncodedRequestUri": "L3N1YnNjcmlwdGlvbnMvZTM3NTEwZDctMzNiNi00Njc2LTg4NmYtZWU3NWJjYzAxODcxL3Jlc291cmNlR3JvdXBzL2NycHRlc3RhcjMzNTQxL3Byb3ZpZGVycy9NaWNyb3NvZnQuQ29tcHV0ZS92aXJ0dWFsTWFjaGluZXMvdm01MTEyL2luc3RhbmNlVmlldz9hcGktdmVyc2lvbj0yMDIyLTAzLTAx",
      "RequestMethod": "GET",
      "RequestBody": "",
      "RequestHeaders": {
        "x-ms-client-request-id": [
          "f50bfb05-8912-4da5-824c-6b9b48e3f5ee"
        ],
        "Accept-Language": [
          "en-US"
        ],
        "User-Agent": [
          "FxVersion/4.700.21.47003",
          "OSName/Windows",
          "OSVersion/Microsoft.Windows.10.0.17763",
          "Microsoft.Azure.Management.Compute.ComputeManagementClient/53.0.0"
        ]
      },
      "ResponseHeaders": {
        "Cache-Control": [
          "no-cache"
        ],
        "Pragma": [
          "no-cache"
        ],
        "x-ms-ratelimit-remaining-resource": [
          "Microsoft.Compute/LowCostGet3Min;3994,Microsoft.Compute/LowCostGet30Min;31995"
        ],
        "Strict-Transport-Security": [
          "max-age=31536000; includeSubDomains"
        ],
        "x-ms-request-id": [
          "4691fcce-a529-440a-93bd-c8f07871b794"
        ],
        "Server": [
          "Microsoft-HTTPAPI/2.0",
          "Microsoft-HTTPAPI/2.0"
        ],
        "x-ms-ratelimit-remaining-subscription-reads": [
          "11987"
        ],
        "x-ms-correlation-request-id": [
          "8a47a0cd-3cfd-4135-b7d4-3e319fc118a9"
        ],
        "x-ms-routing-request-id": [
          "EASTUS2:20220406T142557Z:8a47a0cd-3cfd-4135-b7d4-3e319fc118a9"
        ],
        "X-Content-Type-Options": [
          "nosniff"
        ],
        "Date": [
          "Wed, 06 Apr 2022 14:25:57 GMT"
        ],
        "Content-Length": [
          "1100"
        ],
        "Content-Type": [
          "application/json; charset=utf-8"
        ],
        "Expires": [
          "-1"
        ]
      },
      "ResponseBody": "{\r\n  \"disks\": [\r\n    {\r\n      \"name\": \"test\",\r\n      \"statuses\": [\r\n        {\r\n          \"code\": \"ProvisioningState/succeeded\",\r\n          \"level\": \"Info\",\r\n          \"displayStatus\": \"Provisioning succeeded\",\r\n          \"time\": \"2022-04-06T14:25:34.8133081+00:00\"\r\n        }\r\n      ]\r\n    },\r\n    {\r\n      \"name\": \"vm5112_disk2_e6dffea7d0e74b4b8286bb4bfe260c12\",\r\n      \"statuses\": [\r\n        {\r\n          \"code\": \"ProvisioningState/succeeded\",\r\n          \"level\": \"Info\",\r\n          \"displayStatus\": \"Provisioning succeeded\",\r\n          \"time\": \"2022-04-06T14:25:34.8133081+00:00\"\r\n        }\r\n      ]\r\n    }\r\n  ],\r\n  \"hyperVGeneration\": \"V1\",\r\n  \"statuses\": [\r\n    {\r\n      \"code\": \"ProvisioningState/succeeded\",\r\n      \"level\": \"Info\",\r\n      \"displayStatus\": \"Provisioning succeeded\",\r\n      \"time\": \"2022-04-06T14:25:34.8289532+00:00\"\r\n    },\r\n    {\r\n      \"code\": \"PowerState/deallocated\",\r\n      \"level\": \"Info\",\r\n      \"displayStatus\": \"VM deallocated\"\r\n    },\r\n    {\r\n      \"code\": \"HibernationState/Hibernated\",\r\n      \"level\": \"Info\",\r\n      \"displayStatus\": \"VM hibernated\"\r\n    }\r\n  ]\r\n}",
      "StatusCode": 200
    },
    {
      "RequestUri": "/subscriptions/e37510d7-33b6-4676-886f-ee75bcc01871/resourceGroups/crptestar33541/providers/Microsoft.Compute/virtualMachines/vm5112/instanceView?api-version=2022-03-01",
      "EncodedRequestUri": "L3N1YnNjcmlwdGlvbnMvZTM3NTEwZDctMzNiNi00Njc2LTg4NmYtZWU3NWJjYzAxODcxL3Jlc291cmNlR3JvdXBzL2NycHRlc3RhcjMzNTQxL3Byb3ZpZGVycy9NaWNyb3NvZnQuQ29tcHV0ZS92aXJ0dWFsTWFjaGluZXMvdm01MTEyL2luc3RhbmNlVmlldz9hcGktdmVyc2lvbj0yMDIyLTAzLTAx",
      "RequestMethod": "GET",
      "RequestBody": "",
      "RequestHeaders": {
        "x-ms-client-request-id": [
          "99ee0014-c038-4a04-91a1-595fcbfbea83"
        ],
        "Accept-Language": [
          "en-US"
        ],
        "User-Agent": [
          "FxVersion/4.700.21.47003",
          "OSName/Windows",
          "OSVersion/Microsoft.Windows.10.0.17763",
          "Microsoft.Azure.Management.Compute.ComputeManagementClient/53.0.0"
        ]
      },
      "ResponseHeaders": {
        "Cache-Control": [
          "no-cache"
        ],
        "Pragma": [
          "no-cache"
        ],
        "x-ms-ratelimit-remaining-resource": [
          "Microsoft.Compute/LowCostGet3Min;3992,Microsoft.Compute/LowCostGet30Min;31993"
        ],
        "Strict-Transport-Security": [
          "max-age=31536000; includeSubDomains"
        ],
        "x-ms-request-id": [
          "c69d6669-d23e-44bb-a677-40918cf18973"
        ],
        "Server": [
          "Microsoft-HTTPAPI/2.0",
          "Microsoft-HTTPAPI/2.0"
        ],
        "x-ms-ratelimit-remaining-subscription-reads": [
          "11979"
        ],
        "x-ms-correlation-request-id": [
          "21da6154-f8a8-481d-b152-d1544dce203d"
        ],
        "x-ms-routing-request-id": [
          "EASTUS2:20220406T142653Z:21da6154-f8a8-481d-b152-d1544dce203d"
        ],
        "X-Content-Type-Options": [
          "nosniff"
        ],
        "Date": [
          "Wed, 06 Apr 2022 14:26:52 GMT"
        ],
        "Content-Length": [
          "2242"
        ],
        "Content-Type": [
          "application/json; charset=utf-8"
        ],
        "Expires": [
          "-1"
        ]
      },
      "ResponseBody": "{\r\n  \"computerName\": \"Test\",\r\n  \"osName\": \"Windows Server 2019 Datacenter\",\r\n  \"osVersion\": \"10.0.17763.1879\",\r\n  \"vmAgent\": {\r\n    \"vmAgentVersion\": \"2.7.41491.1044\",\r\n    \"statuses\": [\r\n      {\r\n        \"code\": \"ProvisioningState/succeeded\",\r\n        \"level\": \"Info\",\r\n        \"displayStatus\": \"Ready\",\r\n        \"message\": \"GuestAgent is running and processing the extensions.\",\r\n        \"time\": \"2022-04-06T14:26:38.397+00:00\"\r\n      }\r\n    ],\r\n    \"extensionHandlers\": [\r\n      {\r\n        \"type\": \"Microsoft.CPlat.Core.WindowsHibernateExtension\",\r\n        \"typeHandlerVersion\": \"1.0.1\",\r\n        \"status\": {\r\n          \"code\": \"ProvisioningState/succeeded\",\r\n          \"level\": \"Info\",\r\n          \"displayStatus\": \"Ready\"\r\n        }\r\n      }\r\n    ]\r\n  },\r\n  \"disks\": [\r\n    {\r\n      \"name\": \"test\",\r\n      \"statuses\": [\r\n        {\r\n          \"code\": \"ProvisioningState/succeeded\",\r\n          \"level\": \"Info\",\r\n          \"displayStatus\": \"Provisioning succeeded\",\r\n          \"time\": \"2022-04-06T14:25:58.8142591+00:00\"\r\n        }\r\n      ]\r\n    },\r\n    {\r\n      \"name\": \"vm5112_disk2_e6dffea7d0e74b4b8286bb4bfe260c12\",\r\n      \"statuses\": [\r\n        {\r\n          \"code\": \"ProvisioningState/succeeded\",\r\n          \"level\": \"Info\",\r\n          \"displayStatus\": \"Provisioning succeeded\",\r\n          \"time\": \"2022-04-06T14:25:58.8142591+00:00\"\r\n        }\r\n      ]\r\n    }\r\n  ],\r\n  \"extensions\": [\r\n    {\r\n      \"name\": \"AzureHibernateExtension\",\r\n      \"type\": \"Microsoft.CPlat.Core.WindowsHibernateExtension\",\r\n      \"typeHandlerVersion\": \"1.0.1\",\r\n      \"statuses\": [\r\n        {\r\n          \"code\": \"ProvisioningState/succeeded\",\r\n          \"level\": \"Info\",\r\n          \"displayStatus\": \"Provisioning succeeded\",\r\n          \"message\": \"Enabling hibernate succeeded. Response from the powercfg command: \\tThe hiberfile size has been set to: 8589463552 bytes.\\r\\n\"\r\n        }\r\n      ]\r\n    }\r\n  ],\r\n  \"hyperVGeneration\": \"V1\",\r\n  \"statuses\": [\r\n    {\r\n      \"code\": \"ProvisioningState/succeeded\",\r\n      \"level\": \"Info\",\r\n      \"displayStatus\": \"Provisioning succeeded\",\r\n      \"time\": \"2022-04-06T14:26:48.1765793+00:00\"\r\n    },\r\n    {\r\n      \"code\": \"PowerState/running\",\r\n      \"level\": \"Info\",\r\n      \"displayStatus\": \"VM running\"\r\n    }\r\n  ]\r\n}",
      "StatusCode": 200
    },
    {
      "RequestUri": "/subscriptions/e37510d7-33b6-4676-886f-ee75bcc01871/resourceGroups/crptestar33541/providers/Microsoft.Compute/virtualMachines/vm5112/start?api-version=2022-03-01",
      "EncodedRequestUri": "L3N1YnNjcmlwdGlvbnMvZTM3NTEwZDctMzNiNi00Njc2LTg4NmYtZWU3NWJjYzAxODcxL3Jlc291cmNlR3JvdXBzL2NycHRlc3RhcjMzNTQxL3Byb3ZpZGVycy9NaWNyb3NvZnQuQ29tcHV0ZS92aXJ0dWFsTWFjaGluZXMvdm01MTEyL3N0YXJ0P2FwaS12ZXJzaW9uPTIwMjItMDMtMDE=",
      "RequestMethod": "POST",
      "RequestBody": "",
      "RequestHeaders": {
        "x-ms-client-request-id": [
          "79de5b1d-dff3-4a49-9e48-141f4ba2919b"
        ],
        "Accept-Language": [
          "en-US"
        ],
        "User-Agent": [
          "FxVersion/4.700.21.47003",
          "OSName/Windows",
          "OSVersion/Microsoft.Windows.10.0.17763",
          "Microsoft.Azure.Management.Compute.ComputeManagementClient/53.0.0"
        ]
      },
      "ResponseHeaders": {
        "Cache-Control": [
          "no-cache"
        ],
        "Pragma": [
          "no-cache"
        ],
        "Location": [
          "https://management.azure.com/subscriptions/e37510d7-33b6-4676-886f-ee75bcc01871/providers/Microsoft.Compute/locations/EastUS2EUAP/operations/e92d6318-0204-403e-899c-96d91c627087?p=ce1708c5-dbca-4b22-b426-e8b8908417da&monitor=true&api-version=2022-03-01"
        ],
        "Retry-After": [
          "10"
        ],
        "Azure-AsyncOperation": [
          "https://management.azure.com/subscriptions/e37510d7-33b6-4676-886f-ee75bcc01871/providers/Microsoft.Compute/locations/EastUS2EUAP/operations/e92d6318-0204-403e-899c-96d91c627087?p=ce1708c5-dbca-4b22-b426-e8b8908417da&api-version=2022-03-01"
        ],
        "x-ms-ratelimit-remaining-resource": [
          "Microsoft.Compute/UpdateVM3Min;239,Microsoft.Compute/UpdateVM30Min;1199"
        ],
        "Strict-Transport-Security": [
          "max-age=31536000; includeSubDomains"
        ],
        "x-ms-request-id": [
          "e92d6318-0204-403e-899c-96d91c627087"
        ],
        "Server": [
          "Microsoft-HTTPAPI/2.0",
          "Microsoft-HTTPAPI/2.0"
        ],
        "x-ms-ratelimit-remaining-subscription-writes": [
          "1198"
        ],
        "x-ms-correlation-request-id": [
          "81418c26-0d67-4d90-80eb-827b434b273b"
        ],
        "x-ms-routing-request-id": [
          "EASTUS2:20220406T142557Z:81418c26-0d67-4d90-80eb-827b434b273b"
        ],
        "X-Content-Type-Options": [
          "nosniff"
        ],
        "Date": [
          "Wed, 06 Apr 2022 14:25:57 GMT"
        ],
        "Expires": [
          "-1"
        ],
        "Content-Length": [
          "0"
        ]
      },
      "ResponseBody": "",
      "StatusCode": 202
    },
    {
      "RequestUri": "/subscriptions/e37510d7-33b6-4676-886f-ee75bcc01871/providers/Microsoft.Compute/locations/EastUS2EUAP/operations/e92d6318-0204-403e-899c-96d91c627087?p=ce1708c5-dbca-4b22-b426-e8b8908417da&api-version=2022-03-01",
      "EncodedRequestUri": "L3N1YnNjcmlwdGlvbnMvZTM3NTEwZDctMzNiNi00Njc2LTg4NmYtZWU3NWJjYzAxODcxL3Byb3ZpZGVycy9NaWNyb3NvZnQuQ29tcHV0ZS9sb2NhdGlvbnMvRWFzdFVTMkVVQVAvb3BlcmF0aW9ucy9lOTJkNjMxOC0wMjA0LTQwM2UtODk5Yy05NmQ5MWM2MjcwODc/cD1jZTE3MDhjNS1kYmNhLTRiMjItYjQyNi1lOGI4OTA4NDE3ZGEmYXBpLXZlcnNpb249MjAyMi0wMy0wMQ==",
      "RequestMethod": "GET",
      "RequestBody": "",
      "RequestHeaders": {
        "User-Agent": [
          "FxVersion/4.700.21.47003",
          "OSName/Windows",
          "OSVersion/Microsoft.Windows.10.0.17763",
          "Microsoft.Azure.Management.Compute.ComputeManagementClient/53.0.0"
        ]
      },
      "ResponseHeaders": {
        "Cache-Control": [
          "no-cache"
        ],
        "Pragma": [
          "no-cache"
        ],
        "Retry-After": [
          "9"
        ],
        "x-ms-ratelimit-remaining-resource": [
          "Microsoft.Compute/GetOperation3Min;14987,Microsoft.Compute/GetOperation30Min;29983"
        ],
        "Strict-Transport-Security": [
          "max-age=31536000; includeSubDomains"
        ],
        "x-ms-request-id": [
          "1a0da15a-762c-4b05-85e1-a61bdc4930c2"
        ],
        "Server": [
          "Microsoft-HTTPAPI/2.0",
          "Microsoft-HTTPAPI/2.0"
        ],
        "x-ms-ratelimit-remaining-subscription-reads": [
          "11986"
        ],
        "x-ms-correlation-request-id": [
          "f23a0576-8407-4bf9-bb97-3f13843ae3ce"
        ],
        "x-ms-routing-request-id": [
          "EASTUS2:20220406T142607Z:f23a0576-8407-4bf9-bb97-3f13843ae3ce"
        ],
        "X-Content-Type-Options": [
          "nosniff"
        ],
        "Date": [
          "Wed, 06 Apr 2022 14:26:07 GMT"
        ],
        "Content-Length": [
          "134"
        ],
        "Content-Type": [
          "application/json; charset=utf-8"
        ],
        "Expires": [
          "-1"
        ]
      },
      "ResponseBody": "{\r\n  \"startTime\": \"2022-04-06T14:25:57.8142149+00:00\",\r\n  \"status\": \"InProgress\",\r\n  \"name\": \"e92d6318-0204-403e-899c-96d91c627087\"\r\n}",
      "StatusCode": 200
    },
    {
      "RequestUri": "/subscriptions/e37510d7-33b6-4676-886f-ee75bcc01871/providers/Microsoft.Compute/locations/EastUS2EUAP/operations/e92d6318-0204-403e-899c-96d91c627087?p=ce1708c5-dbca-4b22-b426-e8b8908417da&api-version=2022-03-01",
      "EncodedRequestUri": "L3N1YnNjcmlwdGlvbnMvZTM3NTEwZDctMzNiNi00Njc2LTg4NmYtZWU3NWJjYzAxODcxL3Byb3ZpZGVycy9NaWNyb3NvZnQuQ29tcHV0ZS9sb2NhdGlvbnMvRWFzdFVTMkVVQVAvb3BlcmF0aW9ucy9lOTJkNjMxOC0wMjA0LTQwM2UtODk5Yy05NmQ5MWM2MjcwODc/cD1jZTE3MDhjNS1kYmNhLTRiMjItYjQyNi1lOGI4OTA4NDE3ZGEmYXBpLXZlcnNpb249MjAyMi0wMy0wMQ==",
      "RequestMethod": "GET",
      "RequestBody": "",
      "RequestHeaders": {
        "User-Agent": [
          "FxVersion/4.700.21.47003",
          "OSName/Windows",
          "OSVersion/Microsoft.Windows.10.0.17763",
          "Microsoft.Azure.Management.Compute.ComputeManagementClient/53.0.0"
        ]
      },
      "ResponseHeaders": {
        "Cache-Control": [
          "no-cache"
        ],
        "Pragma": [
          "no-cache"
        ],
        "x-ms-ratelimit-remaining-resource": [
          "Microsoft.Compute/GetOperation3Min;14985,Microsoft.Compute/GetOperation30Min;29981"
        ],
        "Strict-Transport-Security": [
          "max-age=31536000; includeSubDomains"
        ],
        "x-ms-request-id": [
          "d77a3456-dd24-4456-a87a-77353832a5cd"
        ],
        "Server": [
          "Microsoft-HTTPAPI/2.0",
          "Microsoft-HTTPAPI/2.0"
        ],
        "x-ms-ratelimit-remaining-subscription-reads": [
          "11985"
        ],
        "x-ms-correlation-request-id": [
          "33f2ae00-de11-4d95-bff2-e14e340a2592"
        ],
        "x-ms-routing-request-id": [
          "EASTUS2:20220406T142616Z:33f2ae00-de11-4d95-bff2-e14e340a2592"
        ],
        "X-Content-Type-Options": [
          "nosniff"
        ],
        "Date": [
          "Wed, 06 Apr 2022 14:26:16 GMT"
        ],
        "Content-Length": [
          "134"
        ],
        "Content-Type": [
          "application/json; charset=utf-8"
        ],
        "Expires": [
          "-1"
        ]
      },
      "ResponseBody": "{\r\n  \"startTime\": \"2022-04-06T14:25:57.8142149+00:00\",\r\n  \"status\": \"InProgress\",\r\n  \"name\": \"e92d6318-0204-403e-899c-96d91c627087\"\r\n}",
      "StatusCode": 200
    },
    {
      "RequestUri": "/subscriptions/e37510d7-33b6-4676-886f-ee75bcc01871/providers/Microsoft.Compute/locations/EastUS2EUAP/operations/e92d6318-0204-403e-899c-96d91c627087?p=ce1708c5-dbca-4b22-b426-e8b8908417da&api-version=2022-03-01",
      "EncodedRequestUri": "L3N1YnNjcmlwdGlvbnMvZTM3NTEwZDctMzNiNi00Njc2LTg4NmYtZWU3NWJjYzAxODcxL3Byb3ZpZGVycy9NaWNyb3NvZnQuQ29tcHV0ZS9sb2NhdGlvbnMvRWFzdFVTMkVVQVAvb3BlcmF0aW9ucy9lOTJkNjMxOC0wMjA0LTQwM2UtODk5Yy05NmQ5MWM2MjcwODc/cD1jZTE3MDhjNS1kYmNhLTRiMjItYjQyNi1lOGI4OTA4NDE3ZGEmYXBpLXZlcnNpb249MjAyMi0wMy0wMQ==",
      "RequestMethod": "GET",
      "RequestBody": "",
      "RequestHeaders": {
        "User-Agent": [
          "FxVersion/4.700.21.47003",
          "OSName/Windows",
          "OSVersion/Microsoft.Windows.10.0.17763",
          "Microsoft.Azure.Management.Compute.ComputeManagementClient/53.0.0"
        ]
      },
      "ResponseHeaders": {
        "Cache-Control": [
          "no-cache"
        ],
        "Pragma": [
          "no-cache"
        ],
        "x-ms-ratelimit-remaining-resource": [
          "Microsoft.Compute/GetOperation3Min;14983,Microsoft.Compute/GetOperation30Min;29979"
        ],
        "Strict-Transport-Security": [
          "max-age=31536000; includeSubDomains"
        ],
        "x-ms-request-id": [
          "efb787e7-7257-41b7-aabd-f95f87c36499"
        ],
        "Server": [
          "Microsoft-HTTPAPI/2.0",
          "Microsoft-HTTPAPI/2.0"
        ],
        "x-ms-ratelimit-remaining-subscription-reads": [
          "11984"
        ],
        "x-ms-correlation-request-id": [
          "c49b27a5-81de-4236-8ad6-2d2f85ed006f"
        ],
        "x-ms-routing-request-id": [
          "EASTUS2:20220406T142626Z:c49b27a5-81de-4236-8ad6-2d2f85ed006f"
        ],
        "X-Content-Type-Options": [
          "nosniff"
        ],
        "Date": [
          "Wed, 06 Apr 2022 14:26:25 GMT"
        ],
        "Content-Length": [
          "134"
        ],
        "Content-Type": [
          "application/json; charset=utf-8"
        ],
        "Expires": [
          "-1"
        ]
      },
      "ResponseBody": "{\r\n  \"startTime\": \"2022-04-06T14:25:57.8142149+00:00\",\r\n  \"status\": \"InProgress\",\r\n  \"name\": \"e92d6318-0204-403e-899c-96d91c627087\"\r\n}",
      "StatusCode": 200
    },
    {
      "RequestUri": "/subscriptions/e37510d7-33b6-4676-886f-ee75bcc01871/providers/Microsoft.Compute/locations/EastUS2EUAP/operations/e92d6318-0204-403e-899c-96d91c627087?p=ce1708c5-dbca-4b22-b426-e8b8908417da&api-version=2022-03-01",
      "EncodedRequestUri": "L3N1YnNjcmlwdGlvbnMvZTM3NTEwZDctMzNiNi00Njc2LTg4NmYtZWU3NWJjYzAxODcxL3Byb3ZpZGVycy9NaWNyb3NvZnQuQ29tcHV0ZS9sb2NhdGlvbnMvRWFzdFVTMkVVQVAvb3BlcmF0aW9ucy9lOTJkNjMxOC0wMjA0LTQwM2UtODk5Yy05NmQ5MWM2MjcwODc/cD1jZTE3MDhjNS1kYmNhLTRiMjItYjQyNi1lOGI4OTA4NDE3ZGEmYXBpLXZlcnNpb249MjAyMi0wMy0wMQ==",
      "RequestMethod": "GET",
      "RequestBody": "",
      "RequestHeaders": {
        "User-Agent": [
          "FxVersion/4.700.21.47003",
          "OSName/Windows",
          "OSVersion/Microsoft.Windows.10.0.17763",
          "Microsoft.Azure.Management.Compute.ComputeManagementClient/53.0.0"
        ]
      },
      "ResponseHeaders": {
        "Cache-Control": [
          "no-cache"
        ],
        "Pragma": [
          "no-cache"
        ],
        "x-ms-ratelimit-remaining-resource": [
          "Microsoft.Compute/GetOperation3Min;14983,Microsoft.Compute/GetOperation30Min;29978"
        ],
        "Strict-Transport-Security": [
          "max-age=31536000; includeSubDomains"
        ],
        "x-ms-request-id": [
          "6cf6b164-6ccc-400a-a209-43baea4163a1"
        ],
        "Server": [
          "Microsoft-HTTPAPI/2.0",
          "Microsoft-HTTPAPI/2.0"
        ],
        "x-ms-ratelimit-remaining-subscription-reads": [
          "11983"
        ],
        "x-ms-correlation-request-id": [
          "5f2e5de3-04f3-4954-aa7f-a36c1ac3b3ce"
        ],
        "x-ms-routing-request-id": [
          "EASTUS2:20220406T142635Z:5f2e5de3-04f3-4954-aa7f-a36c1ac3b3ce"
        ],
        "X-Content-Type-Options": [
          "nosniff"
        ],
        "Date": [
          "Wed, 06 Apr 2022 14:26:34 GMT"
        ],
        "Content-Length": [
          "134"
        ],
        "Content-Type": [
          "application/json; charset=utf-8"
        ],
        "Expires": [
          "-1"
        ]
      },
      "ResponseBody": "{\r\n  \"startTime\": \"2022-04-06T14:25:57.8142149+00:00\",\r\n  \"status\": \"InProgress\",\r\n  \"name\": \"e92d6318-0204-403e-899c-96d91c627087\"\r\n}",
      "StatusCode": 200
    },
    {
      "RequestUri": "/subscriptions/e37510d7-33b6-4676-886f-ee75bcc01871/providers/Microsoft.Compute/locations/EastUS2EUAP/operations/e92d6318-0204-403e-899c-96d91c627087?p=ce1708c5-dbca-4b22-b426-e8b8908417da&api-version=2022-03-01",
      "EncodedRequestUri": "L3N1YnNjcmlwdGlvbnMvZTM3NTEwZDctMzNiNi00Njc2LTg4NmYtZWU3NWJjYzAxODcxL3Byb3ZpZGVycy9NaWNyb3NvZnQuQ29tcHV0ZS9sb2NhdGlvbnMvRWFzdFVTMkVVQVAvb3BlcmF0aW9ucy9lOTJkNjMxOC0wMjA0LTQwM2UtODk5Yy05NmQ5MWM2MjcwODc/cD1jZTE3MDhjNS1kYmNhLTRiMjItYjQyNi1lOGI4OTA4NDE3ZGEmYXBpLXZlcnNpb249MjAyMi0wMy0wMQ==",
      "RequestMethod": "GET",
      "RequestBody": "",
      "RequestHeaders": {
        "User-Agent": [
          "FxVersion/4.700.21.47003",
          "OSName/Windows",
          "OSVersion/Microsoft.Windows.10.0.17763",
          "Microsoft.Azure.Management.Compute.ComputeManagementClient/53.0.0"
        ]
      },
      "ResponseHeaders": {
        "Cache-Control": [
          "no-cache"
        ],
        "Pragma": [
          "no-cache"
        ],
        "x-ms-ratelimit-remaining-resource": [
          "Microsoft.Compute/GetOperation3Min;14981,Microsoft.Compute/GetOperation30Min;29976"
        ],
        "Strict-Transport-Security": [
          "max-age=31536000; includeSubDomains"
        ],
        "x-ms-request-id": [
          "d755fc1a-c3cc-4819-9ece-494c594217ca"
        ],
        "Server": [
          "Microsoft-HTTPAPI/2.0",
          "Microsoft-HTTPAPI/2.0"
        ],
        "x-ms-ratelimit-remaining-subscription-reads": [
          "11982"
        ],
        "x-ms-correlation-request-id": [
          "334eb86e-859d-442f-a56c-39cfee8d9805"
        ],
        "x-ms-routing-request-id": [
          "EASTUS2:20220406T142644Z:334eb86e-859d-442f-a56c-39cfee8d9805"
        ],
        "X-Content-Type-Options": [
          "nosniff"
        ],
        "Date": [
          "Wed, 06 Apr 2022 14:26:43 GMT"
        ],
        "Content-Length": [
          "134"
        ],
        "Content-Type": [
          "application/json; charset=utf-8"
        ],
        "Expires": [
          "-1"
        ]
      },
      "ResponseBody": "{\r\n  \"startTime\": \"2022-04-06T14:25:57.8142149+00:00\",\r\n  \"status\": \"InProgress\",\r\n  \"name\": \"e92d6318-0204-403e-899c-96d91c627087\"\r\n}",
      "StatusCode": 200
    },
    {
      "RequestUri": "/subscriptions/e37510d7-33b6-4676-886f-ee75bcc01871/providers/Microsoft.Compute/locations/EastUS2EUAP/operations/e92d6318-0204-403e-899c-96d91c627087?p=ce1708c5-dbca-4b22-b426-e8b8908417da&api-version=2022-03-01",
      "EncodedRequestUri": "L3N1YnNjcmlwdGlvbnMvZTM3NTEwZDctMzNiNi00Njc2LTg4NmYtZWU3NWJjYzAxODcxL3Byb3ZpZGVycy9NaWNyb3NvZnQuQ29tcHV0ZS9sb2NhdGlvbnMvRWFzdFVTMkVVQVAvb3BlcmF0aW9ucy9lOTJkNjMxOC0wMjA0LTQwM2UtODk5Yy05NmQ5MWM2MjcwODc/cD1jZTE3MDhjNS1kYmNhLTRiMjItYjQyNi1lOGI4OTA4NDE3ZGEmYXBpLXZlcnNpb249MjAyMi0wMy0wMQ==",
      "RequestMethod": "GET",
      "RequestBody": "",
      "RequestHeaders": {
        "User-Agent": [
          "FxVersion/4.700.21.47003",
          "OSName/Windows",
          "OSVersion/Microsoft.Windows.10.0.17763",
          "Microsoft.Azure.Management.Compute.ComputeManagementClient/53.0.0"
        ]
      },
      "ResponseHeaders": {
        "Cache-Control": [
          "no-cache"
        ],
        "Pragma": [
          "no-cache"
        ],
        "x-ms-ratelimit-remaining-resource": [
          "Microsoft.Compute/GetOperation3Min;14980,Microsoft.Compute/GetOperation30Min;29975"
        ],
        "Strict-Transport-Security": [
          "max-age=31536000; includeSubDomains"
        ],
        "x-ms-request-id": [
          "7b6274f9-10fc-4a9c-a6f7-ad9df8f6e7be"
        ],
        "Server": [
          "Microsoft-HTTPAPI/2.0",
          "Microsoft-HTTPAPI/2.0"
        ],
        "x-ms-ratelimit-remaining-subscription-reads": [
          "11981"
        ],
        "x-ms-correlation-request-id": [
          "1b7fe3ff-4404-4329-be72-7c4b173b4304"
        ],
        "x-ms-routing-request-id": [
          "EASTUS2:20220406T142653Z:1b7fe3ff-4404-4329-be72-7c4b173b4304"
        ],
        "X-Content-Type-Options": [
          "nosniff"
        ],
        "Date": [
          "Wed, 06 Apr 2022 14:26:52 GMT"
        ],
        "Content-Length": [
          "184"
        ],
        "Content-Type": [
          "application/json; charset=utf-8"
        ],
        "Expires": [
          "-1"
        ]
      },
      "ResponseBody": "{\r\n  \"startTime\": \"2022-04-06T14:25:57.8142149+00:00\",\r\n  \"endTime\": \"2022-04-06T14:26:48.2069129+00:00\",\r\n  \"status\": \"Succeeded\",\r\n  \"name\": \"e92d6318-0204-403e-899c-96d91c627087\"\r\n}",
      "StatusCode": 200
    },
    {
      "RequestUri": "/subscriptions/e37510d7-33b6-4676-886f-ee75bcc01871/providers/Microsoft.Compute/locations/EastUS2EUAP/operations/e92d6318-0204-403e-899c-96d91c627087?p=ce1708c5-dbca-4b22-b426-e8b8908417da&monitor=true&api-version=2022-03-01",
      "EncodedRequestUri": "L3N1YnNjcmlwdGlvbnMvZTM3NTEwZDctMzNiNi00Njc2LTg4NmYtZWU3NWJjYzAxODcxL3Byb3ZpZGVycy9NaWNyb3NvZnQuQ29tcHV0ZS9sb2NhdGlvbnMvRWFzdFVTMkVVQVAvb3BlcmF0aW9ucy9lOTJkNjMxOC0wMjA0LTQwM2UtODk5Yy05NmQ5MWM2MjcwODc/cD1jZTE3MDhjNS1kYmNhLTRiMjItYjQyNi1lOGI4OTA4NDE3ZGEmbW9uaXRvcj10cnVlJmFwaS12ZXJzaW9uPTIwMjItMDMtMDE=",
      "RequestMethod": "GET",
      "RequestBody": "",
      "RequestHeaders": {
        "User-Agent": [
          "FxVersion/4.700.21.47003",
          "OSName/Windows",
          "OSVersion/Microsoft.Windows.10.0.17763",
          "Microsoft.Azure.Management.Compute.ComputeManagementClient/53.0.0"
        ]
      },
      "ResponseHeaders": {
        "Cache-Control": [
          "no-cache"
        ],
        "Pragma": [
          "no-cache"
        ],
        "x-ms-ratelimit-remaining-resource": [
          "Microsoft.Compute/GetOperation3Min;14979,Microsoft.Compute/GetOperation30Min;29974"
        ],
        "Strict-Transport-Security": [
          "max-age=31536000; includeSubDomains"
        ],
        "x-ms-request-id": [
          "1f60ff61-6b37-44c7-ab5e-125212d84c10"
        ],
        "Server": [
          "Microsoft-HTTPAPI/2.0",
          "Microsoft-HTTPAPI/2.0"
        ],
        "x-ms-ratelimit-remaining-subscription-reads": [
          "11980"
        ],
        "x-ms-correlation-request-id": [
          "dd834f74-59b9-46c8-93ca-2d20b816082a"
        ],
        "x-ms-routing-request-id": [
          "EASTUS2:20220406T142653Z:dd834f74-59b9-46c8-93ca-2d20b816082a"
        ],
        "X-Content-Type-Options": [
          "nosniff"
        ],
        "Date": [
          "Wed, 06 Apr 2022 14:26:52 GMT"
        ],
        "Expires": [
          "-1"
        ],
        "Content-Length": [
          "0"
        ]
      },
      "ResponseBody": "",
      "StatusCode": 200
    },
    {
      "RequestUri": "/subscriptions/e37510d7-33b6-4676-886f-ee75bcc01871/resourcegroups/crptestar33541?api-version=2017-05-10",
      "EncodedRequestUri": "L3N1YnNjcmlwdGlvbnMvZTM3NTEwZDctMzNiNi00Njc2LTg4NmYtZWU3NWJjYzAxODcxL3Jlc291cmNlZ3JvdXBzL2NycHRlc3RhcjMzNTQxP2FwaS12ZXJzaW9uPTIwMTctMDUtMTA=",
      "RequestMethod": "DELETE",
      "RequestBody": "",
      "RequestHeaders": {
        "x-ms-client-request-id": [
          "017b87a9-63f9-4994-b0a6-d6b2f3a85dde"
        ],
        "Accept-Language": [
          "en-US"
        ],
        "User-Agent": [
          "FxVersion/4.700.21.47003",
          "OSName/Windows",
          "OSVersion/Microsoft.Windows.10.0.17763",
          "Microsoft.Azure.Management.ResourceManager.ResourceManagementClient/1.6.0.0"
        ]
      },
      "ResponseHeaders": {
        "Cache-Control": [
          "no-cache"
        ],
        "Pragma": [
          "no-cache"
        ],
        "Location": [
          "https://management.azure.com/subscriptions/e37510d7-33b6-4676-886f-ee75bcc01871/operationresults/eyJqb2JJZCI6IlJFU09VUkNFR1JPVVBERUxFVElPTkpPQi1DUlBURVNUQVIzMzU0MS1FQVNUVVMyRVVBUCIsImpvYkxvY2F0aW9uIjoiZWFzdHVzMmV1YXAifQ?api-version=2017-05-10"
        ],
        "Retry-After": [
          "15"
        ],
        "x-ms-ratelimit-remaining-subscription-deletes": [
          "14999"
        ],
        "x-ms-request-id": [
          "5235c0c0-947a-47d9-ada8-85e6d5c4d845"
        ],
        "x-ms-correlation-request-id": [
          "5235c0c0-947a-47d9-ada8-85e6d5c4d845"
        ],
        "x-ms-routing-request-id": [
          "EASTUS2:20220406T142654Z:5235c0c0-947a-47d9-ada8-85e6d5c4d845"
        ],
        "Strict-Transport-Security": [
          "max-age=31536000; includeSubDomains"
        ],
        "X-Content-Type-Options": [
          "nosniff"
        ],
        "Date": [
          "Wed, 06 Apr 2022 14:26:53 GMT"
        ],
        "Expires": [
          "-1"
        ],
        "Content-Length": [
          "0"
        ]
      },
      "ResponseBody": "",
      "StatusCode": 202
    }
  ],
  "Names": {
    "TestVMOperations_HibernateResume": [
      "crptestar3354",
      "as958",
      "crptestar1415"
    ],
    "CreatePublicIP": [
      "pip4105",
      "dn3546"
    ],
    "CreateVNET": [
      "vn8954",
      "sn6690"
    ],
    "CreateNIC": [
      "nic1812",
      "ip1633"
    ],
    "CreateDefaultVMInput": [
      "crptestar7265",
      "crptestar9759",
      "crptestar8170",
      "vm5112",
      "Microsoft.Compute/virtualMachines6007"
    ]
  },
  "Variables": {
    "SubscriptionId": "e37510d7-33b6-4676-886f-ee75bcc01871"
  }
}