{
  "Entries": [
    {
      "RequestUri": "https://management.azure.com/subscriptions/db1ab6f0-4769-4b27-930e-01e2ef9c123c?api-version=2019-11-01",
      "RequestMethod": "GET",
      "RequestHeaders": {
        "Accept": "application/json",
        "Authorization": "Sanitized",
        "User-Agent": "azsdk-net-ResourceManager/1.0.0-alpha.20210820.1 (.NET Framework 4.8.4300.0; Microsoft Windows 10.0.19043 )",
        "x-ms-client-request-id": "073b06d086f433c50a935134d20ea135",
        "x-ms-return-client-request-id": "true"
      },
      "RequestBody": null,
      "StatusCode": 200,
      "ResponseHeaders": {
        "Cache-Control": "no-cache",
        "Content-Length": "468",
        "Content-Type": "application/json; charset=utf-8",
        "Date": "Fri, 20 Aug 2021 20:08:19 GMT",
        "Expires": "-1",
        "Pragma": "no-cache",
        "Strict-Transport-Security": "max-age=31536000; includeSubDomains",
        "X-Content-Type-Options": "nosniff",
        "x-ms-correlation-request-id": "2066cda1-4d18-4d91-a4e2-7d9e631a2469",
        "x-ms-ratelimit-remaining-subscription-reads": "11979",
        "x-ms-request-id": "2066cda1-4d18-4d91-a4e2-7d9e631a2469",
        "x-ms-routing-request-id": "WESTUS2:20210820T200820Z:2066cda1-4d18-4d91-a4e2-7d9e631a2469"
      },
      "ResponseBody": {
        "id": "/subscriptions/db1ab6f0-4769-4b27-930e-01e2ef9c123c",
        "authorizationSource": "RoleBased",
        "managedByTenants": [],
        "tags": {
          "tagKey1": "tagValue1",
          "tagKey2": "tagValue2"
        },
        "subscriptionId": "db1ab6f0-4769-4b27-930e-01e2ef9c123c",
        "tenantId": "72f988bf-86f1-41af-91ab-2d7cd011db47",
        "displayName": ".NET Mgmt SDK Test with TTL = 1 Day",
        "state": "Enabled",
        "subscriptionPolicies": {
          "locationPlacementId": "Internal_2014-09-01",
          "quotaId": "Internal_2014-09-01",
          "spendingLimit": "Off"
        }
      }
    },
    {
      "RequestUri": "https://management.azure.com/subscriptions/db1ab6f0-4769-4b27-930e-01e2ef9c123c/resourcegroups/testrg356?api-version=2019-10-01",
      "RequestMethod": "PUT",
      "RequestHeaders": {
        "Accept": "application/json",
        "Authorization": "Sanitized",
        "Content-Length": "22",
        "Content-Type": "application/json",
        "traceparent": "00-32775fca98f1994b849ff718cda5cb72-79534373d2d8614e-00",
        "User-Agent": "azsdk-net-ResourceManager/1.0.0-alpha.20210820.1 (.NET Framework 4.8.4300.0; Microsoft Windows 10.0.19043 )",
        "x-ms-client-request-id": "98e20acf79420421c9beb456f751ce51",
        "x-ms-return-client-request-id": "true"
      },
      "RequestBody": {
        "location": "westus2"
      },
      "StatusCode": 201,
      "ResponseHeaders": {
        "Cache-Control": "no-cache",
        "Content-Length": "216",
        "Content-Type": "application/json; charset=utf-8",
        "Date": "Fri, 20 Aug 2021 20:08:20 GMT",
        "Expires": "-1",
        "Pragma": "no-cache",
        "Strict-Transport-Security": "max-age=31536000; includeSubDomains",
        "X-Content-Type-Options": "nosniff",
        "x-ms-correlation-request-id": "c3c43dec-42a9-47b5-8166-aad1e142ce6c",
        "x-ms-ratelimit-remaining-subscription-writes": "1192",
        "x-ms-request-id": "c3c43dec-42a9-47b5-8166-aad1e142ce6c",
        "x-ms-routing-request-id": "WESTUS2:20210820T200820Z:c3c43dec-42a9-47b5-8166-aad1e142ce6c"
      },
      "ResponseBody": {
        "id": "/subscriptions/db1ab6f0-4769-4b27-930e-01e2ef9c123c/resourceGroups/testrg356",
        "name": "testrg356",
        "type": "Microsoft.Resources/resourceGroups",
        "location": "westus2",
        "properties": {
          "provisioningState": "Succeeded"
        }
      }
    },
    {
      "RequestUri": "https://management.azure.com/subscriptions/db1ab6f0-4769-4b27-930e-01e2ef9c123c/providers/Microsoft.NotAValidNameSpace123?api-version=2019-10-01",
      "RequestMethod": "GET",
      "RequestHeaders": {
        "Accept": "application/json",
        "Authorization": "Sanitized",
        "traceparent": "00-0113a58572833642837f5dee14173e28-908fa00a0ba1da43-00",
        "User-Agent": "azsdk-net-ResourceManager/1.0.0-alpha.20210820.1 (.NET Framework 4.8.4300.0; Microsoft Windows 10.0.19043 )",
        "x-ms-client-request-id": "b7544fe10babd702945625c19c95e4b1",
        "x-ms-return-client-request-id": "true"
      },
      "RequestBody": null,
      "StatusCode": 404,
      "ResponseHeaders": {
        "Cache-Control": "no-cache",
        "Content-Length": "126",
        "Content-Type": "application/json; charset=utf-8",
        "Date": "Fri, 20 Aug 2021 20:08:20 GMT",
        "Expires": "-1",
        "Pragma": "no-cache",
        "Strict-Transport-Security": "max-age=31536000; includeSubDomains",
        "X-Content-Type-Options": "nosniff",
        "x-ms-correlation-request-id": "9248943e-ee1b-46ea-83c4-6ee79fd36e4a",
        "x-ms-failure-cause": "gateway",
        "x-ms-ratelimit-remaining-subscription-reads": "11978",
        "x-ms-request-id": "9248943e-ee1b-46ea-83c4-6ee79fd36e4a",
        "x-ms-routing-request-id": "WESTUS2:20210820T200820Z:9248943e-ee1b-46ea-83c4-6ee79fd36e4a"
      },
      "ResponseBody": {
        "error": {
          "code": "InvalidResourceNamespace",
          "message": "The resource namespace \u0027Microsoft.NotAValidNameSpace123\u0027 is invalid."
        }
      }
    }
  ],
  "Variables": {
    "RandomSeed": "1781216751",
    "RESOURCE_MANAGER_URL": null,
    "SUBSCRIPTION_ID": "db1ab6f0-4769-4b27-930e-01e2ef9c123c"
  }
}