{
  "Entries": [
    {
      "RequestUri": "https://management.azure.com/subscriptions/db1ab6f0-4769-4b27-930e-01e2ef9c123c?api-version=2021-01-01",
      "RequestMethod": "GET",
      "RequestHeaders": {
        "Accept": "application/json",
        "Authorization": "Sanitized",
        "traceparent": "00-b2dc6f868a865b4ab709cafe743e530a-697314da0dd6664b-00",
        "User-Agent": "azsdk-net-ResourceManager/1.0.0-alpha.20220116.1 (.NET Framework 4.8.4420.0; Microsoft Windows 10.0.22000 )",
        "x-ms-client-request-id": "2ac6436c1f56c83a4472152c203e8c09",
        "x-ms-return-client-request-id": "true"
      },
      "RequestBody": null,
      "StatusCode": 200,
      "ResponseHeaders": {
        "Cache-Control": "no-cache",
        "Content-Length": "468",
        "Content-Type": "application/json; charset=utf-8",
        "Date": "Sun, 16 Jan 2022 09:49:56 GMT",
        "Expires": "-1",
        "Pragma": "no-cache",
        "Strict-Transport-Security": "max-age=31536000; includeSubDomains",
        "X-Content-Type-Options": "nosniff",
        "x-ms-correlation-request-id": "06131f77-aea8-48a0-89c8-b7956b4929ab",
        "x-ms-ratelimit-remaining-subscription-reads": "11966",
        "x-ms-request-id": "06131f77-aea8-48a0-89c8-b7956b4929ab",
        "x-ms-routing-request-id": "JAPANEAST:20220116T094957Z:06131f77-aea8-48a0-89c8-b7956b4929ab"
      },
      "ResponseBody": {
        "id": "/subscriptions/db1ab6f0-4769-4b27-930e-01e2ef9c123c",
        "authorizationSource": "RoleBased",
        "managedByTenants": [],
        "tags": {
          "tagKey1": "tagValue1",
          "tagKey2": "tagValue2"
        },
        "subscriptionId": "db1ab6f0-4769-4b27-930e-01e2ef9c123c",
        "tenantId": "72f988bf-86f1-41af-91ab-2d7cd011db47",
        "displayName": ".NET Mgmt SDK Test with TTL = 1 Day",
        "state": "Enabled",
        "subscriptionPolicies": {
          "locationPlacementId": "Internal_2014-09-01",
          "quotaId": "Internal_2014-09-01",
          "spendingLimit": "Off"
        }
      }
    },
    {
      "RequestUri": "https://management.azure.com/subscriptions/db1ab6f0-4769-4b27-930e-01e2ef9c123c/resourcegroups/testrg3687?api-version=2021-04-01",
      "RequestMethod": "PUT",
      "RequestHeaders": {
        "Accept": "application/json",
        "Authorization": "Sanitized",
        "Content-Length": "32",
        "Content-Type": "application/json",
        "User-Agent": "azsdk-net-ResourceManager/1.0.0-alpha.20220116.1 (.NET Framework 4.8.4420.0; Microsoft Windows 10.0.22000 )",
        "x-ms-client-request-id": "81c77e2cfe8f6255ecfcf8c5eb53b97b",
        "x-ms-return-client-request-id": "true"
      },
      "RequestBody": {
        "tags": {},
        "location": "westus2"
      },
      "StatusCode": 201,
      "ResponseHeaders": {
        "Cache-Control": "no-cache",
        "Content-Length": "228",
        "Content-Type": "application/json; charset=utf-8",
        "Date": "Sun, 16 Jan 2022 09:49:57 GMT",
        "Expires": "-1",
        "Pragma": "no-cache",
        "Strict-Transport-Security": "max-age=31536000; includeSubDomains",
        "X-Content-Type-Options": "nosniff",
        "x-ms-correlation-request-id": "daa5e8e3-f351-4c54-8583-8fd9f7cbce37",
        "x-ms-ratelimit-remaining-subscription-writes": "1199",
        "x-ms-request-id": "daa5e8e3-f351-4c54-8583-8fd9f7cbce37",
        "x-ms-routing-request-id": "JAPANEAST:20220116T094958Z:daa5e8e3-f351-4c54-8583-8fd9f7cbce37"
      },
      "ResponseBody": {
        "id": "/subscriptions/db1ab6f0-4769-4b27-930e-01e2ef9c123c/resourceGroups/testrg3687",
        "name": "testrg3687",
        "type": "Microsoft.Resources/resourceGroups",
        "location": "westus2",
        "tags": {},
        "properties": {
          "provisioningState": "Succeeded"
        }
      }
    },
    {
      "RequestUri": "https://management.azure.com/subscriptions/db1ab6f0-4769-4b27-930e-01e2ef9c123c/providers/Microsoft.Compute?api-version=2021-04-01",
      "RequestMethod": "GET",
      "RequestHeaders": {
        "Accept": "application/json",
        "Authorization": "Sanitized",
        "traceparent": "00-29efe6fdf0d9294c9956e3d9f1d9c229-e3eecb0b38f4a74a-00",
        "User-Agent": "azsdk-net-ResourceManager/1.0.0-alpha.20220116.1 (.NET Framework 4.8.4420.0; Microsoft Windows 10.0.22000 )",
        "x-ms-client-request-id": "6be7fadea2abd2fa0eb0365ad0be15d4",
        "x-ms-return-client-request-id": "true"
      },
      "RequestBody": null,
      "StatusCode": 200,
      "ResponseHeaders": {
        "Cache-Control": "no-cache",
        "Content-Length": "65343",
        "Content-Type": "application/json; charset=utf-8",
        "Date": "Sun, 16 Jan 2022 09:49:58 GMT",
        "Expires": "-1",
        "Pragma": "no-cache",
        "Strict-Transport-Security": "max-age=31536000; includeSubDomains",
        "X-Content-Type-Options": "nosniff",
        "x-ms-correlation-request-id": "b63db261-d235-44fa-8aad-328cd0e860dd",
        "x-ms-ratelimit-remaining-subscription-reads": "11931",
        "x-ms-request-id": "b63db261-d235-44fa-8aad-328cd0e860dd",
        "x-ms-routing-request-id": "JAPANEAST:20220116T094958Z:b63db261-d235-44fa-8aad-328cd0e860dd"
      },
      "ResponseBody": {
        "id": "/subscriptions/db1ab6f0-4769-4b27-930e-01e2ef9c123c/providers/Microsoft.Compute",
        "namespace": "Microsoft.Compute",
        "authorizations": [
          {
            "applicationId": "60e6cd67-9c8c-4951-9b3c-23c25a2169af",
            "roleDefinitionId": "e4770acb-272e-4dc8-87f3-12f44a612224"
          },
          {
            "applicationId": "a303894e-f1d8-4a37-bf10-67aa654a0596",
            "roleDefinitionId": "903ac751-8ad5-4e5a-bfc2-5e49f450a241"
          },
          {
            "applicationId": "a8b6bf88-1d1a-4626-b040-9a729ea93c65",
            "roleDefinitionId": "45c8267c-80ba-4b96-9a43-115b8f49fccd"
          },
          {
            "applicationId": "184909ca-69f1-4368-a6a7-c558ee6eb0bd",
            "roleDefinitionId": "45c8267c-80ba-4b96-9a43-115b8f49fccd"
          },
          {
            "applicationId": "5e5e43d4-54da-4211-86a4-c6e7f3715801",
            "roleDefinitionId": "ffcd6e5b-8772-457d-bb17-89703c03428f"
          },
          {
            "applicationId": "ce6ff14a-7fdc-4685-bbe0-f6afdfcfa8e0",
            "roleDefinitionId": "cb17cddc-dbac-4ae0-ae79-8db34eddfca0"
          },
          {
            "applicationId": "372140e0-b3b7-4226-8ef9-d57986796201",
            "roleDefinitionId": "cb17cddc-dbac-4ae0-ae79-8db34eddfca0"
          },
          {
            "applicationId": "b9a92e36-2cf8-4f4e-bcb3-9d99e00e14ab",
            "roleDefinitionId": "6efa92ca-56b6-40af-a468-5e3d2b5232f0"
          },
          {
            "applicationId": "579d9c9d-4c83-4efc-8124-7eba65ed3356",
            "roleDefinitionId": "8c99c4ce-d744-4597-a2f0-0a0044d67560"
          }
        ],
        "resourceTypes": [
          {
            "resourceType": "availabilitySets",
            "locations": [
              "East US",
              "East US 2",
              "West US",
              "Central US",
              "North Central US",
              "South Central US",
              "North Europe",
              "West Europe",
              "East Asia",
              "Southeast Asia",
              "Japan East",
              "Japan West",
              "Australia East",
              "Australia Southeast",
              "Australia Central",
              "Brazil South",
              "South India",
              "Central India",
              "West India",
              "Canada Central",
              "Canada East",
              "West US 2",
              "West Central US",
              "UK South",
              "UK West",
              "Korea Central",
              "France Central",
              "South Africa North",
              "UAE North",
              "Switzerland North",
              "Germany West Central",
              "Norway East",
              "Jio India West",
              "West US 3",
              "Sweden Central",
              "Korea South"
            ],
            "apiVersions": [
              "2021-11-01",
              "2021-07-01",
              "2021-04-01",
              "2021-03-01",
              "2020-12-01",
              "2020-06-01",
              "2019-12-01",
              "2019-07-01",
              "2019-03-01",
              "2018-10-01",
              "2018-06-01",
              "2018-04-01",
              "2017-12-01",
              "2017-03-30",
              "2016-08-30",
              "2016-04-30-preview",
              "2016-03-30",
              "2015-06-15",
              "2015-05-01-preview"
            ],
            "defaultApiVersion": "2021-07-01",
            "apiProfiles": [
              {
                "profileVersion": "2017-03-09-profile",
                "apiVersion": "2016-03-30"
              },
              {
                "profileVersion": "2018-03-01-hybrid",
                "apiVersion": "2017-03-30"
              },
              {
                "profileVersion": "2018-06-01-profile",
                "apiVersion": "2017-12-01"
              }
            ],
            "capabilities": "CrossResourceGroupResourceMove, CrossSubscriptionResourceMove, SupportsTags, SupportsLocation"
          },
          {
            "resourceType": "virtualMachines",
            "locations": [
              "East US",
              "East US 2",
              "West US",
              "Central US",
              "North Central US",
              "South Central US",
              "North Europe",
              "West Europe",
              "East Asia",
              "Southeast Asia",
              "Japan East",
              "Japan West",
              "Australia East",
              "Australia Southeast",
              "Australia Central",
              "Brazil South",
              "South India",
              "Central India",
              "West India",
              "Canada Central",
              "Canada East",
              "West US 2",
              "West Central US",
              "UK South",
              "UK West",
              "Korea Central",
              "France Central",
              "South Africa North",
              "UAE North",
              "Switzerland North",
              "Germany West Central",
              "Norway East",
              "Jio India West",
              "West US 3",
              "Sweden Central",
              "Korea South"
            ],
            "apiVersions": [
              "2021-11-01",
              "2021-07-01",
              "2021-04-01",
              "2021-03-01",
              "2020-12-01",
              "2020-06-01",
              "2019-12-01",
              "2019-07-01",
              "2019-03-01",
              "2018-10-01",
              "2018-06-01",
              "2018-04-01",
              "2017-12-01",
              "2017-03-30",
              "2016-08-30",
              "2016-04-30-preview",
              "2016-03-30",
              "2015-06-15",
              "2015-05-01-preview"
            ],
            "defaultApiVersion": "2021-07-01",
            "apiProfiles": [
              {
                "profileVersion": "2017-03-09-profile",
                "apiVersion": "2016-03-30"
              },
              {
                "profileVersion": "2018-03-01-hybrid",
                "apiVersion": "2017-03-30"
              },
              {
                "profileVersion": "2018-06-01-profile",
                "apiVersion": "2017-12-01"
              }
            ],
            "zoneMappings": [
              {
                "location": "Australia East",
                "zones": [
                  "2",
                  "1",
                  "3"
                ]
              },
              {
                "location": "Brazil South",
                "zones": [
                  "2",
                  "1",
                  "3"
                ]
              },
              {
                "location": "Canada Central",
                "zones": [
                  "2",
                  "1",
                  "3"
                ]
              },
              {
                "location": "Central India",
                "zones": [
                  "2",
                  "1",
                  "3"
                ]
              },
              {
                "location": "Central US",
                "zones": [
                  "2",
                  "1",
                  "3"
                ]
              },
              {
                "location": "East Asia",
                "zones": [
                  "2",
                  "1",
                  "3"
                ]
              },
              {
                "location": "East US",
                "zones": [
                  "2",
                  "1",
                  "3"
                ]
              },
              {
                "location": "East US 2",
                "zones": [
                  "2",
                  "1",
                  "3"
                ]
              },
              {
                "location": "France Central",
                "zones": [
                  "2",
                  "1",
                  "3"
                ]
              },
              {
                "location": "Germany West Central",
                "zones": [
                  "2",
                  "1",
                  "3"
                ]
              },
              {
                "location": "Japan East",
                "zones": [
                  "2",
                  "1",
                  "3"
                ]
              },
              {
                "location": "Korea Central",
                "zones": [
                  "2",
                  "1",
                  "3"
                ]
              },
              {
                "location": "North Central US",
                "zones": []
              },
              {
                "location": "North Europe",
                "zones": [
                  "2",
                  "1",
                  "3"
                ]
              },
              {
                "location": "Norway East",
                "zones": [
                  "2",
                  "1",
                  "3"
                ]
              },
              {
                "location": "South Africa North",
                "zones": [
                  "2",
                  "1",
                  "3"
                ]
              },
              {
                "location": "South Central US",
                "zones": [
                  "2",
                  "1",
                  "3"
                ]
              },
              {
                "location": "Southeast Asia",
                "zones": [
                  "2",
                  "1",
                  "3"
                ]
              },
              {
                "location": "Sweden Central",
                "zones": [
                  "2",
                  "1",
                  "3"
                ]
              },
              {
                "location": "Switzerland North",
                "zones": []
              },
              {
                "location": "UAE North",
                "zones": []
              },
              {
                "location": "UK South",
                "zones": [
                  "2",
                  "1",
                  "3"
                ]
              },
              {
                "location": "West Europe",
                "zones": [
                  "2",
                  "1",
                  "3"
                ]
              },
              {
                "location": "West US 2",
                "zones": [
                  "2",
                  "1",
                  "3"
                ]
              },
              {
                "location": "West US 3",
                "zones": [
                  "2",
                  "1",
                  "3"
                ]
              }
            ],
            "capabilities": "CrossResourceGroupResourceMove, CrossSubscriptionResourceMove, SystemAssignedResourceIdentity, SupportsTags, SupportsLocation"
          },
          {
            "resourceType": "virtualMachines/extensions",
            "locations": [
              "East US",
              "East US 2",
              "West US",
              "Central US",
              "North Central US",
              "South Central US",
              "North Europe",
              "West Europe",
              "East Asia",
              "Southeast Asia",
              "Japan East",
              "Japan West",
              "Australia East",
              "Australia Southeast",
              "Australia Central",
              "Brazil South",
              "South India",
              "Central India",
              "West India",
              "Canada Central",
              "Canada East",
              "West US 2",
              "West Central US",
              "UK South",
              "UK West",
              "Korea Central",
              "France Central",
              "South Africa North",
              "UAE North",
              "Switzerland North",
              "Germany West Central",
              "Norway East",
              "Jio India West",
              "West US 3",
              "Sweden Central",
              "Korea South"
            ],
            "apiVersions": [
              "2021-11-01",
              "2021-07-01",
              "2021-04-01",
              "2021-03-01",
              "2020-12-01",
              "2020-06-01",
              "2019-12-01",
              "2019-07-01",
              "2019-03-01",
              "2018-10-01",
              "2018-06-01",
              "2018-04-01",
              "2017-12-01",
              "2017-03-30",
              "2016-08-30",
              "2016-04-30-preview",
              "2016-03-30",
              "2015-06-15",
              "2015-05-01-preview"
            ],
            "defaultApiVersion": "2021-07-01",
            "apiProfiles": [
              {
                "profileVersion": "2017-03-09-profile",
                "apiVersion": "2016-03-30"
              },
              {
                "profileVersion": "2018-03-01-hybrid",
                "apiVersion": "2017-03-30"
              },
              {
                "profileVersion": "2018-06-01-profile",
                "apiVersion": "2017-12-01"
              }
            ],
            "capabilities": "CrossResourceGroupResourceMove, CrossSubscriptionResourceMove, SupportsTags, SupportsLocation"
          },
          {
            "resourceType": "virtualMachineScaleSets",
            "locations": [
              "East US",
              "East US 2",
              "West US",
              "Central US",
              "North Central US",
              "South Central US",
              "North Europe",
              "West Europe",
              "East Asia",
              "Southeast Asia",
              "Japan East",
              "Japan West",
              "Australia East",
              "Australia Southeast",
              "Australia Central",
              "Brazil South",
              "South India",
              "Central India",
              "West India",
              "Canada Central",
              "Canada East",
              "West US 2",
              "West Central US",
              "UK South",
              "UK West",
              "Korea Central",
              "France Central",
              "South Africa North",
              "UAE North",
              "Switzerland North",
              "Germany West Central",
              "Norway East",
              "Jio India West",
              "West US 3",
              "Sweden Central",
              "Korea South"
            ],
            "apiVersions": [
              "2021-11-01",
              "2021-07-01",
              "2021-04-01",
              "2021-03-01",
              "2020-12-01",
              "2020-06-01",
              "2019-12-01",
              "2019-07-01",
              "2019-03-01",
              "2018-10-01",
              "2018-06-01",
              "2018-04-01",
              "2017-12-01",
              "2017-10-30-preview",
              "2017-03-30",
              "2016-08-30",
              "2016-04-30-preview",
              "2016-03-30",
              "2015-06-15",
              "2015-05-01-preview"
            ],
            "defaultApiVersion": "2021-07-01",
            "apiProfiles": [
              {
                "profileVersion": "2017-03-09-profile",
                "apiVersion": "2016-03-30"
              },
              {
                "profileVersion": "2018-03-01-hybrid",
                "apiVersion": "2017-03-30"
              },
              {
                "profileVersion": "2018-06-01-profile",
                "apiVersion": "2017-12-01"
              }
            ],
            "zoneMappings": [
              {
                "location": "Australia East",
                "zones": [
                  "2",
                  "1",
                  "3"
                ]
              },
              {
                "location": "Brazil South",
                "zones": [
                  "2",
                  "1",
                  "3"
                ]
              },
              {
                "location": "Canada Central",
                "zones": [
                  "2",
                  "1",
                  "3"
                ]
              },
              {
                "location": "Central India",
                "zones": [
                  "2",
                  "1",
                  "3"
                ]
              },
              {
                "location": "Central US",
                "zones": [
                  "2",
                  "1",
                  "3"
                ]
              },
              {
                "location": "East Asia",
                "zones": [
                  "2",
                  "1",
                  "3"
                ]
              },
              {
                "location": "East US",
                "zones": [
                  "2",
                  "1",
                  "3"
                ]
              },
              {
                "location": "East US 2",
                "zones": [
                  "2",
                  "1",
                  "3"
                ]
              },
              {
                "location": "France Central",
                "zones": [
                  "2",
                  "1",
                  "3"
                ]
              },
              {
                "location": "Germany West Central",
                "zones": [
                  "2",
                  "1",
                  "3"
                ]
              },
              {
                "location": "Japan East",
                "zones": [
                  "2",
                  "1",
                  "3"
                ]
              },
              {
                "location": "Korea Central",
                "zones": [
                  "2",
                  "1",
                  "3"
                ]
              },
              {
                "location": "North Central US",
                "zones": []
              },
              {
                "location": "North Europe",
                "zones": [
                  "2",
                  "1",
                  "3"
                ]
              },
              {
                "location": "Norway East",
                "zones": [
                  "2",
                  "1",
                  "3"
                ]
              },
              {
                "location": "South Africa North",
                "zones": [
                  "2",
                  "1",
                  "3"
                ]
              },
              {
                "location": "South Central US",
                "zones": [
                  "2",
                  "1",
                  "3"
                ]
              },
              {
                "location": "Southeast Asia",
                "zones": [
                  "2",
                  "1",
                  "3"
                ]
              },
              {
                "location": "Sweden Central",
                "zones": [
                  "2",
                  "1",
                  "3"
                ]
              },
              {
                "location": "Switzerland North",
                "zones": []
              },
              {
                "location": "UAE North",
                "zones": []
              },
              {
                "location": "UK South",
                "zones": [
                  "2",
                  "1",
                  "3"
                ]
              },
              {
                "location": "West Europe",
                "zones": [
                  "2",
                  "1",
                  "3"
                ]
              },
              {
                "location": "West US 2",
                "zones": [
                  "2",
                  "1",
                  "3"
                ]
              },
              {
                "location": "West US 3",
                "zones": [
                  "2",
                  "1",
                  "3"
                ]
              }
            ],
            "capabilities": "CrossResourceGroupResourceMove, CrossSubscriptionResourceMove, SystemAssignedResourceIdentity, SupportsTags, SupportsLocation"
          },
          {
            "resourceType": "virtualMachineScaleSets/extensions",
            "locations": [
              "East US",
              "East US 2",
              "West US",
              "Central US",
              "North Central US",
              "South Central US",
              "North Europe",
              "West Europe",
              "East Asia",
              "Southeast Asia",
              "Japan East",
              "Japan West",
              "Australia East",
              "Australia Southeast",
              "Australia Central",
              "Brazil South",
              "South India",
              "Central India",
              "West India",
              "Canada Central",
              "Canada East",
              "West US 2",
              "West Central US",
              "UK South",
              "UK West",
              "Korea Central",
              "France Central",
              "South Africa North",
              "UAE North",
              "Switzerland North",
              "Germany West Central",
              "Norway East",
              "Jio India West",
              "West US 3",
              "Sweden Central",
              "Korea South"
            ],
            "apiVersions": [
              "2021-11-01",
              "2021-07-01",
              "2021-04-01",
              "2021-03-01",
              "2020-12-01",
              "2020-06-01",
              "2019-12-01",
              "2019-07-01",
              "2019-03-01",
              "2018-10-01",
              "2018-06-01",
              "2018-04-01",
              "2017-12-01",
              "2017-10-30-preview",
              "2017-03-30",
              "2016-08-30",
              "2016-04-30-preview",
              "2016-03-30",
              "2015-06-15",
              "2015-05-01-preview"
            ],
            "defaultApiVersion": "2015-06-15",
            "apiProfiles": [
              {
                "profileVersion": "2017-03-09-profile",
                "apiVersion": "2016-03-30"
              },
              {
                "profileVersion": "2018-03-01-hybrid",
                "apiVersion": "2017-03-30"
              },
              {
                "profileVersion": "2018-06-01-profile",
                "apiVersion": "2017-12-01"
              }
            ],
            "capabilities": "None"
          },
          {
            "resourceType": "virtualMachineScaleSets/virtualMachines",
            "locations": [
              "East US",
              "East US 2",
              "West US",
              "Central US",
              "North Central US",
              "South Central US",
              "North Europe",
              "West Europe",
              "East Asia",
              "Southeast Asia",
              "Japan East",
              "Japan West",
              "Australia East",
              "Australia Southeast",
              "Australia Central",
              "Brazil South",
              "South India",
              "Central India",
              "West India",
              "Canada Central",
              "Canada East",
              "West US 2",
              "West Central US",
              "UK South",
              "UK West",
              "Korea Central",
              "France Central",
              "South Africa North",
              "UAE North",
              "Switzerland North",
              "Germany West Central",
              "Norway East",
              "Jio India West",
              "West US 3",
              "Sweden Central",
              "Korea South"
            ],
            "apiVersions": [
              "2021-11-01",
              "2021-07-01",
              "2021-04-01",
              "2021-03-01",
              "2020-12-01",
              "2020-06-01",
              "2019-12-01",
              "2019-07-01",
              "2019-03-01",
              "2018-10-01",
              "2018-06-01",
              "2018-04-01",
              "2017-12-01",
              "2017-10-30-preview",
              "2017-03-30",
              "2016-08-30",
              "2016-04-30-preview",
              "2016-03-30",
              "2015-06-15",
              "2015-05-01-preview"
            ],
            "defaultApiVersion": "2021-07-01",
            "apiProfiles": [
              {
                "profileVersion": "2017-03-09-profile",
                "apiVersion": "2016-03-30"
              },
              {
                "profileVersion": "2018-03-01-hybrid",
                "apiVersion": "2017-03-30"
              },
              {
                "profileVersion": "2018-06-01-profile",
                "apiVersion": "2017-12-01"
              }
            ],
            "capabilities": "None"
          },
          {
            "resourceType": "virtualMachineScaleSets/virtualMachines/extensions",
            "locations": [
              "East US",
              "East US 2",
              "West US",
              "Central US",
              "North Central US",
              "South Central US",
              "North Europe",
              "West Europe",
              "East Asia",
              "Southeast Asia",
              "Japan East",
              "Japan West",
              "Australia East",
              "Australia Southeast",
              "Australia Central",
              "Brazil South",
              "South India",
              "Central India",
              "West India",
              "Canada Central",
              "Canada East",
              "West US 2",
              "West Central US",
              "UK South",
              "UK West",
              "Korea Central",
              "France Central",
              "South Africa North",
              "UAE North",
              "Switzerland North",
              "Germany West Central",
              "Norway East",
              "Jio India West",
              "West US 3",
              "Sweden Central",
              "Korea South"
            ],
            "apiVersions": [
              "2021-11-01",
              "2021-07-01",
              "2021-04-01",
              "2021-03-01",
              "2020-12-01",
              "2020-06-01",
              "2019-12-01",
              "2019-07-01",
              "2019-03-01",
              "2018-10-01",
              "2018-06-01",
              "2018-04-01",
              "2017-12-01",
              "2017-10-30-preview",
              "2017-03-30",
              "2016-08-30",
              "2016-04-30-preview",
              "2016-03-30",
              "2015-06-15",
              "2015-05-01-preview"
            ],
            "apiProfiles": [
              {
                "profileVersion": "2017-03-09-profile",
                "apiVersion": "2016-03-30"
              },
              {
                "profileVersion": "2018-03-01-hybrid",
                "apiVersion": "2017-03-30"
              },
              {
                "profileVersion": "2018-06-01-profile",
                "apiVersion": "2017-12-01"
              }
            ],
            "capabilities": "None"
          },
          {
            "resourceType": "virtualMachineScaleSets/networkInterfaces",
            "locations": [
              "East US",
              "East US 2",
              "West US",
              "Central US",
              "North Central US",
              "South Central US",
              "North Europe",
              "West Europe",
              "East Asia",
              "Southeast Asia",
              "Japan East",
              "Japan West",
              "Australia East",
              "Australia Southeast",
              "Australia Central",
              "Brazil South",
              "South India",
              "Central India",
              "West India",
              "Canada Central",
              "Canada East",
              "West US 2",
              "West Central US",
              "UK South",
              "UK West",
              "Korea Central",
              "France Central",
              "South Africa North",
              "UAE North",
              "Switzerland North",
              "Germany West Central",
              "Norway East",
              "Jio India West",
              "West US 3",
              "Sweden Central",
              "Korea South"
            ],
            "apiVersions": [
              "2021-11-01",
              "2021-07-01",
              "2021-04-01",
              "2021-03-01",
              "2020-12-01",
              "2020-06-01",
              "2019-12-01",
              "2019-07-01",
              "2019-03-01",
              "2018-10-01",
              "2018-06-01",
              "2018-04-01",
              "2017-12-01",
              "2017-03-30",
              "2016-09-01",
              "2016-08-01",
              "2016-07-01",
              "2016-06-01",
              "2016-04-30-preview",
              "2016-03-30",
              "2015-06-15",
              "2015-05-01-preview"
            ],
            "apiProfiles": [
              {
                "profileVersion": "2017-03-09-profile",
                "apiVersion": "2016-03-30"
              },
              {
                "profileVersion": "2018-03-01-hybrid",
                "apiVersion": "2017-03-30"
              },
              {
                "profileVersion": "2018-06-01-profile",
                "apiVersion": "2017-12-01"
              }
            ],
            "capabilities": "None"
          },
          {
            "resourceType": "virtualMachineScaleSets/virtualMachines/networkInterfaces",
            "locations": [
              "East US",
              "East US 2",
              "West US",
              "Central US",
              "North Central US",
              "South Central US",
              "North Europe",
              "West Europe",
              "East Asia",
              "Southeast Asia",
              "Japan East",
              "Japan West",
              "Australia East",
              "Australia Southeast",
              "Australia Central",
              "Brazil South",
              "South India",
              "Central India",
              "West India",
              "Canada Central",
              "Canada East",
              "West US 2",
              "West Central US",
              "UK South",
              "UK West",
              "Korea Central",
              "France Central",
              "South Africa North",
              "UAE North",
              "Switzerland North",
              "Germany West Central",
              "Norway East",
              "Jio India West",
              "West US 3",
              "Sweden Central",
              "Korea South"
            ],
            "apiVersions": [
              "2021-11-01",
              "2021-07-01",
              "2021-04-01",
              "2021-03-01",
              "2020-12-01",
              "2020-06-01",
              "2019-12-01",
              "2019-07-01",
              "2019-03-01",
              "2018-10-01",
              "2018-06-01",
              "2018-04-01",
              "2017-12-01",
              "2017-03-30",
              "2016-09-01",
              "2016-08-01",
              "2016-07-01",
              "2016-06-01",
              "2016-04-30-preview",
              "2016-03-30",
              "2015-06-15",
              "2015-05-01-preview"
            ],
            "apiProfiles": [
              {
                "profileVersion": "2017-03-09-profile",
                "apiVersion": "2016-03-30"
              },
              {
                "profileVersion": "2018-03-01-hybrid",
                "apiVersion": "2017-03-30"
              },
              {
                "profileVersion": "2018-06-01-profile",
                "apiVersion": "2017-12-01"
              }
            ],
            "capabilities": "None"
          },
          {
            "resourceType": "virtualMachineScaleSets/publicIPAddresses",
            "locations": [
              "East US",
              "East US 2",
              "West US",
              "Central US",
              "North Central US",
              "South Central US",
              "North Europe",
              "West Europe",
              "East Asia",
              "Southeast Asia",
              "Japan East",
              "Japan West",
              "Australia East",
              "Australia Southeast",
              "Australia Central",
              "Brazil South",
              "South India",
              "Central India",
              "West India",
              "Canada Central",
              "Canada East",
              "West US 2",
              "West Central US",
              "UK South",
              "UK West",
              "Korea Central",
              "France Central",
              "South Africa North",
              "UAE North",
              "Switzerland North",
              "Germany West Central",
              "Norway East",
              "Jio India West",
              "West US 3",
              "Sweden Central",
              "Korea South"
            ],
            "apiVersions": [
              "2021-11-01",
              "2021-07-01",
              "2021-04-01",
              "2021-03-01",
              "2020-12-01",
              "2020-06-01",
              "2019-12-01",
              "2019-07-01",
              "2019-03-01",
              "2018-10-01",
              "2018-06-01",
              "2018-04-01",
              "2017-12-01",
              "2017-03-30"
            ],
            "apiProfiles": [
              {
                "profileVersion": "2018-03-01-hybrid",
                "apiVersion": "2017-03-30"
              },
              {
                "profileVersion": "2018-06-01-profile",
                "apiVersion": "2017-12-01"
              }
            ],
            "capabilities": "None"
          },
          {
            "resourceType": "locations",
            "locations": [],
            "apiVersions": [
              "2021-11-01",
              "2021-07-01",
              "2021-04-01",
              "2021-03-01",
              "2020-12-01",
              "2020-06-01",
              "2019-12-01",
              "2019-07-01",
              "2019-03-01",
              "2018-10-01",
              "2018-06-01",
              "2018-04-01",
              "2017-12-01",
              "2017-03-30",
              "2016-08-30",
              "2016-04-30-preview",
              "2016-03-30",
              "2015-06-15",
              "2015-05-01-preview"
            ],
            "capabilities": "None"
          },
          {
            "resourceType": "locations/operations",
            "locations": [
              "East US",
              "East US 2",
              "West US",
              "Central US",
              "North Central US",
              "South Central US",
              "North Europe",
              "West Europe",
              "East Asia",
              "Southeast Asia",
              "Japan East",
              "Japan West",
              "Australia East",
              "Australia Southeast",
              "Australia Central",
              "Brazil South",
              "South India",
              "Central India",
              "West India",
              "Canada Central",
              "Canada East",
              "West US 2",
              "West Central US",
              "UK South",
              "UK West",
              "Korea Central",
              "France Central",
              "South Africa North",
              "UAE North",
              "Switzerland North",
              "Germany West Central",
              "Norway East",
              "Jio India West",
              "West US 3",
              "Sweden Central",
              "Korea South"
            ],
            "apiVersions": [
              "2021-11-01",
              "2021-07-01",
              "2021-04-01",
              "2021-03-01",
              "2020-12-01",
              "2020-06-01",
              "2019-12-01",
              "2019-07-01",
              "2019-03-01",
              "2018-10-01",
              "2018-06-01",
              "2018-04-01",
              "2017-12-01",
              "2017-10-30-preview",
              "2017-03-30",
              "2016-08-30",
              "2016-04-30-preview",
              "2016-03-30",
              "2015-06-15",
              "2015-05-01-preview"
            ],
            "apiProfiles": [
              {
                "profileVersion": "2017-03-09-profile",
                "apiVersion": "2016-03-30"
              },
              {
                "profileVersion": "2018-03-01-hybrid",
                "apiVersion": "2017-03-30"
              },
              {
                "profileVersion": "2018-06-01-profile",
                "apiVersion": "2017-12-01"
              }
            ],
            "capabilities": "None"
          },
          {
            "resourceType": "locations/vmSizes",
            "locations": [
              "East US",
              "East US 2",
              "West US",
              "Central US",
              "North Central US",
              "South Central US",
              "North Europe",
              "West Europe",
              "East Asia",
              "Southeast Asia",
              "Japan East",
              "Japan West",
              "Australia East",
              "Australia Southeast",
              "Australia Central",
              "Brazil South",
              "South India",
              "Central India",
              "West India",
              "Canada Central",
              "Canada East",
              "West US 2",
              "West Central US",
              "UK South",
              "UK West",
              "Korea Central",
              "France Central",
              "South Africa North",
              "UAE North",
              "Switzerland North",
              "Germany West Central",
              "Norway East",
              "Jio India West",
              "West US 3",
              "Sweden Central",
              "Korea South"
            ],
            "apiVersions": [
              "2021-11-01",
              "2021-07-01",
              "2021-04-01",
              "2021-03-01",
              "2020-12-01",
              "2020-06-01",
              "2019-12-01",
              "2019-07-01",
              "2019-03-01",
              "2018-10-01",
              "2018-06-01",
              "2018-04-01",
              "2017-12-01",
              "2017-03-30",
              "2016-08-30",
              "2016-04-30-preview",
              "2016-03-30",
              "2015-06-15",
              "2015-05-01-preview"
            ],
            "apiProfiles": [
              {
                "profileVersion": "2017-03-09-profile",
                "apiVersion": "2016-03-30"
              },
              {
                "profileVersion": "2018-03-01-hybrid",
                "apiVersion": "2017-03-30"
              },
              {
                "profileVersion": "2018-06-01-profile",
                "apiVersion": "2017-12-01"
              }
            ],
            "capabilities": "None"
          },
          {
            "resourceType": "locations/runCommands",
            "locations": [
              "East US",
              "East US 2",
              "West US",
              "Central US",
              "North Central US",
              "South Central US",
              "North Europe",
              "West Europe",
              "East Asia",
              "Southeast Asia",
              "Japan East",
              "Japan West",
              "Australia East",
              "Australia Southeast",
              "Australia Central",
              "Brazil South",
              "South India",
              "Central India",
              "West India",
              "Canada Central",
              "Canada East",
              "West US 2",
              "West Central US",
              "UK South",
              "UK West",
              "Korea Central",
              "France Central",
              "South Africa North",
              "UAE North",
              "Switzerland North",
              "Germany West Central",
              "Norway East",
              "Jio India West",
              "West US 3",
              "Sweden Central",
              "Korea South"
            ],
            "apiVersions": [
              "2021-11-01",
              "2021-07-01",
              "2021-04-01",
              "2021-03-01",
              "2020-12-01",
              "2020-06-01",
              "2019-12-01",
              "2019-07-01",
              "2019-03-01",
              "2018-10-01",
              "2018-06-01",
              "2018-04-01",
              "2017-12-01",
              "2017-03-30"
            ],
            "apiProfiles": [
              {
                "profileVersion": "2018-03-01-hybrid",
                "apiVersion": "2017-03-30"
              },
              {
                "profileVersion": "2018-06-01-profile",
                "apiVersion": "2017-12-01"
              }
            ],
            "capabilities": "None"
          },
          {
            "resourceType": "locations/usages",
            "locations": [
              "East US",
              "East US 2",
              "West US",
              "Central US",
              "North Central US",
              "South Central US",
              "North Europe",
              "West Europe",
              "East Asia",
              "Southeast Asia",
              "Japan East",
              "Japan West",
              "Australia East",
              "Australia Southeast",
              "Australia Central",
              "Brazil South",
              "South India",
              "Central India",
              "West India",
              "Canada Central",
              "Canada East",
              "West US 2",
              "West Central US",
              "UK South",
              "UK West",
              "Korea Central",
              "France Central",
              "South Africa North",
              "UAE North",
              "Switzerland North",
              "Germany West Central",
              "Norway East",
              "Jio India West",
              "West US 3",
              "Sweden Central",
              "Korea South"
            ],
            "apiVersions": [
              "2021-11-01",
              "2021-07-01",
              "2021-04-01",
              "2021-03-01",
              "2020-12-01",
              "2020-06-01",
              "2019-12-01",
              "2019-07-01",
              "2019-03-01",
              "2018-10-01",
              "2018-06-01",
              "2018-04-01",
              "2017-12-01",
              "2017-03-30",
              "2016-08-30",
              "2016-04-30-preview",
              "2016-03-30",
              "2015-06-15",
              "2015-05-01-preview"
            ],
            "apiProfiles": [
              {
                "profileVersion": "2017-03-09-profile",
                "apiVersion": "2016-03-30"
              },
              {
                "profileVersion": "2018-03-01-hybrid",
                "apiVersion": "2017-03-30"
              },
              {
                "profileVersion": "2018-06-01-profile",
                "apiVersion": "2017-12-01"
              }
            ],
            "capabilities": "None"
          },
          {
            "resourceType": "locations/virtualMachines",
            "locations": [
              "East US",
              "East US 2",
              "West US",
              "Central US",
              "North Central US",
              "South Central US",
              "North Europe",
              "West Europe",
              "East Asia",
              "Southeast Asia",
              "Japan East",
              "Japan West",
              "Australia East",
              "Australia Southeast",
              "Australia Central",
              "Brazil South",
              "South India",
              "Central India",
              "West India",
              "Canada Central",
              "Canada East",
              "West US 2",
              "West Central US",
              "UK South",
              "UK West",
              "Korea Central",
              "France Central",
              "South Africa North",
              "UAE North",
              "Switzerland North",
              "Germany West Central",
              "Norway East",
              "Jio India West",
              "West US 3",
              "Sweden Central",
              "Korea South"
            ],
            "apiVersions": [
              "2021-11-01",
              "2021-07-01",
              "2021-04-01",
              "2021-03-01",
              "2020-12-01",
              "2020-06-01",
              "2019-12-01",
              "2019-07-01",
              "2019-03-01",
              "2018-10-01",
              "2018-06-01",
              "2018-04-01",
              "2017-12-01",
              "2017-03-30",
              "2016-08-30"
            ],
            "defaultApiVersion": "2021-07-01",
            "apiProfiles": [
              {
                "profileVersion": "2018-03-01-hybrid",
                "apiVersion": "2017-03-30"
              },
              {
                "profileVersion": "2018-06-01-profile",
                "apiVersion": "2017-12-01"
              }
            ],
            "capabilities": "None"
          },
          {
            "resourceType": "locations/virtualMachineScaleSets",
            "locations": [
              "East US",
              "East US 2",
              "West US",
              "Central US",
              "North Central US",
              "South Central US",
              "North Europe",
              "West Europe",
              "East Asia",
              "Southeast Asia",
              "Japan East",
              "Japan West",
              "Australia East",
              "Australia Southeast",
              "Australia Central",
              "Brazil South",
              "South India",
              "Central India",
              "West India",
              "Canada Central",
              "Canada East",
              "West US 2",
              "West Central US",
              "UK South",
              "UK West",
              "Korea Central",
              "France Central",
              "South Africa North",
              "UAE North",
              "Switzerland North",
              "Germany West Central",
              "Norway East",
              "Jio India West",
              "West US 3",
              "Sweden Central",
              "Korea South"
            ],
            "apiVersions": [
              "2021-11-01",
              "2021-07-01",
              "2021-04-01",
              "2021-03-01",
              "2020-12-01",
              "2020-06-01",
              "2019-12-01",
              "2019-07-01",
              "2019-03-01",
              "2018-10-01",
              "2018-06-01",
              "2018-04-01",
              "2017-12-01",
              "2017-03-30",
              "2016-08-30"
            ],
            "defaultApiVersion": "2021-07-01",
            "apiProfiles": [
              {
                "profileVersion": "2018-03-01-hybrid",
                "apiVersion": "2017-03-30"
              },
              {
                "profileVersion": "2018-06-01-profile",
                "apiVersion": "2017-12-01"
              }
            ],
            "capabilities": "None"
          },
          {
            "resourceType": "locations/publishers",
            "locations": [
              "East US",
              "East US 2",
              "West US",
              "Central US",
              "North Central US",
              "South Central US",
              "North Europe",
              "West Europe",
              "East Asia",
              "Southeast Asia",
              "Japan East",
              "Japan West",
              "Australia East",
              "Australia Southeast",
              "Australia Central",
              "Brazil South",
              "South India",
              "Central India",
              "West India",
              "Canada Central",
              "Canada East",
              "West US 2",
              "West Central US",
              "UK South",
              "UK West",
              "Korea Central",
              "France Central",
              "South Africa North",
              "UAE North",
              "Switzerland North",
              "Germany West Central",
              "Norway East",
              "Jio India West",
              "West US 3",
              "Sweden Central",
              "Korea South"
            ],
            "apiVersions": [
              "2022-01-03",
              "2021-11-01",
              "2021-07-01",
              "2021-04-01",
              "2021-03-01",
              "2020-12-01",
              "2020-09-30",
              "2020-06-01",
              "2019-12-01",
              "2019-07-01",
              "2019-03-01",
              "2018-10-01",
              "2018-06-01",
              "2018-04-01",
              "2017-12-01",
              "2017-03-30",
              "2016-08-30",
              "2016-04-30-preview",
              "2016-03-30",
              "2015-06-15",
              "2015-05-01-preview"
            ],
            "apiProfiles": [
              {
                "profileVersion": "2017-03-09-profile",
                "apiVersion": "2016-03-30"
              },
              {
                "profileVersion": "2018-03-01-hybrid",
                "apiVersion": "2017-03-30"
              },
              {
                "profileVersion": "2018-06-01-profile",
                "apiVersion": "2017-12-01"
              }
            ],
            "capabilities": "None"
          },
          {
            "resourceType": "operations",
            "locations": [
              "East US",
              "East US 2",
              "West US",
              "Central US",
              "North Central US",
              "South Central US",
              "North Europe",
              "West Europe",
              "East Asia",
              "Southeast Asia",
              "Japan East",
              "Japan West",
              "Australia East",
              "Australia Southeast",
              "Australia Central",
              "Brazil South",
              "South India",
              "Central India",
              "West India",
              "Canada Central",
              "Canada East",
              "West US 2",
              "West Central US",
              "UK South",
              "UK West",
              "Korea Central",
              "France Central",
              "South Africa North",
              "UAE North",
              "Switzerland North",
              "Germany West Central",
              "Norway East",
              "Jio India West",
              "West US 3",
              "Sweden Central",
              "Korea South"
            ],
            "apiVersions": [
              "2021-11-01",
              "2021-07-01",
              "2021-04-01",
              "2021-03-01",
              "2020-12-01",
              "2020-06-01",
              "2019-12-01",
              "2019-07-01",
              "2019-03-01",
              "2018-10-01",
              "2018-06-01",
              "2018-04-01",
              "2017-12-01",
              "2017-03-30",
              "2016-08-30",
              "2016-03-30",
              "2015-06-15",
              "2015-05-01-preview"
            ],
            "capabilities": "None"
          },
          {
            "resourceType": "virtualMachines/runCommands",
            "locations": [
              "East US",
              "East US 2",
              "West US",
              "Central US",
              "North Central US",
              "South Central US",
              "North Europe",
              "West Europe",
              "East Asia",
              "Southeast Asia",
              "Japan East",
              "Japan West",
              "Australia East",
              "Australia Southeast",
              "Australia Central",
              "Brazil South",
              "South India",
              "Central India",
              "West India",
              "Canada Central",
              "Canada East",
              "West US 2",
              "West Central US",
              "UK South",
              "UK West",
              "Korea Central",
              "France Central",
              "South Africa North",
              "UAE North",
              "Switzerland North",
              "Germany West Central",
              "Norway East",
              "Jio India West",
              "West US 3",
              "Sweden Central",
              "Korea South"
            ],
            "apiVersions": [
              "2021-11-01",
              "2021-07-01",
              "2021-04-01",
              "2021-03-01",
              "2020-12-01",
              "2020-06-01",
              "2019-12-01"
            ],
            "defaultApiVersion": "2021-07-01",
            "capabilities": "CrossResourceGroupResourceMove, CrossSubscriptionResourceMove, SupportsTags, SupportsLocation"
          },
          {
            "resourceType": "locations/edgeZones",
            "locations": [],
            "apiVersions": [
              "2021-11-01",
              "2021-07-01",
              "2021-04-01",
              "2021-03-01",
              "2020-12-01"
            ],
            "capabilities": "None"
          },
          {
            "resourceType": "locations/edgeZones/publishers",
            "locations": [
              "East US",
              "East US 2",
              "West US",
              "Central US",
              "North Central US",
              "South Central US",
              "North Europe",
              "West Europe",
              "East Asia",
              "Southeast Asia",
              "Japan East",
              "Japan West",
              "Australia East",
              "Australia Southeast",
              "Australia Central",
              "Brazil South",
              "South India",
              "Central India",
              "West India",
              "Canada Central",
              "Canada East",
              "West US 2",
              "West Central US",
              "UK South",
              "UK West",
              "Korea Central",
              "France Central",
              "South Africa North",
              "UAE North",
              "Switzerland North",
              "Germany West Central",
              "Norway East",
              "Jio India West",
              "West US 3",
              "Sweden Central",
              "Korea South"
            ],
            "apiVersions": [
              "2021-11-01",
              "2021-07-01",
              "2021-04-01",
              "2021-03-01",
              "2020-12-01"
            ],
            "capabilities": "None"
          },
          {
            "resourceType": "restorePointCollections",
            "locations": [
              "Southeast Asia",
              "East US 2",
              "Central US",
              "West Europe",
              "East US",
              "North Central US",
              "South Central US",
              "West US",
              "North Europe",
              "East Asia",
              "Brazil South",
              "West US 2",
              "West Central US",
              "UK West",
              "UK South",
              "Japan East",
              "Japan West",
              "Canada Central",
              "Canada East",
              "Central India",
              "South India",
              "Australia East",
              "Australia Southeast",
              "Korea Central",
              "West India",
              "France Central",
              "South Africa North",
              "UAE North",
              "Australia Central",
              "Switzerland North",
              "Germany West Central",
              "Norway East",
              "Jio India West",
              "West US 3",
              "Sweden Central",
              "Korea South"
            ],
            "apiVersions": [
              "2021-11-01",
              "2021-07-01",
              "2021-04-01",
              "2021-03-01",
              "2020-12-01",
              "2020-06-01",
              "2019-12-01",
              "2019-07-01",
              "2019-03-01",
              "2018-10-01",
              "2018-06-01",
              "2018-04-01",
              "2017-12-01",
              "2017-03-30"
            ],
            "defaultApiVersion": "2021-07-01",
            "capabilities": "SupportsTags, SupportsLocation"
          },
          {
            "resourceType": "restorePointCollections/restorePoints",
            "locations": [
              "Southeast Asia",
              "East US 2",
              "Central US",
              "West Europe",
              "East US",
              "North Central US",
              "South Central US",
              "West US",
              "North Europe",
              "East Asia",
              "Brazil South",
              "West US 2",
              "West Central US",
              "UK West",
              "UK South",
              "Japan East",
              "Japan West",
              "Canada Central",
              "Canada East",
              "Central India",
              "South India",
              "Australia East",
              "Australia Southeast",
              "Korea Central",
              "West India",
              "France Central",
              "South Africa North",
              "UAE North",
              "Australia Central",
              "Switzerland North",
              "Germany West Central",
              "Norway East",
              "Jio India West",
              "West US 3",
              "Sweden Central",
              "Korea South"
            ],
            "apiVersions": [
              "2021-11-01",
              "2021-07-01",
              "2021-04-01",
              "2021-03-01",
              "2020-12-01",
              "2020-06-01",
              "2019-12-01",
              "2019-07-01",
              "2019-03-01",
              "2018-10-01",
              "2018-06-01",
              "2018-04-01",
              "2017-12-01",
              "2017-03-30"
            ],
            "capabilities": "None"
          },
          {
            "resourceType": "proximityPlacementGroups",
            "locations": [
              "East US",
              "East US 2",
              "West US",
              "Central US",
              "North Central US",
              "South Central US",
              "North Europe",
              "West Europe",
              "East Asia",
              "Southeast Asia",
              "Japan East",
              "Japan West",
              "Australia East",
              "Australia Southeast",
              "Australia Central",
              "Brazil South",
              "South India",
              "Central India",
              "West India",
              "Canada Central",
              "Canada East",
              "West US 2",
              "West Central US",
              "UK South",
              "UK West",
              "Korea Central",
              "France Central",
              "South Africa North",
              "UAE North",
              "Switzerland North",
              "Germany West Central",
              "Norway East",
              "Jio India West",
              "West US 3",
              "Sweden Central",
              "Korea South"
            ],
            "apiVersions": [
              "2021-11-01",
              "2021-07-01",
              "2021-04-01",
              "2021-03-01",
              "2020-12-01",
              "2020-06-01",
              "2019-12-01",
              "2019-07-01",
              "2019-03-01",
              "2018-10-01",
              "2018-06-01",
              "2018-04-01"
            ],
            "defaultApiVersion": "2021-07-01",
            "capabilities": "CrossResourceGroupResourceMove, CrossSubscriptionResourceMove, SupportsTags, SupportsLocation"
          },
          {
            "resourceType": "sshPublicKeys",
            "locations": [
              "East US",
              "East US 2",
              "West US",
              "Central US",
              "North Central US",
              "South Central US",
              "North Europe",
              "West Europe",
              "East Asia",
              "Southeast Asia",
              "Japan East",
              "Japan West",
              "Australia East",
              "Australia Southeast",
              "Australia Central",
              "Brazil South",
              "South India",
              "Central India",
              "West India",
              "Canada Central",
              "Canada East",
              "West US 2",
              "West Central US",
              "UK South",
              "UK West",
              "Korea Central",
              "France Central",
              "South Africa North",
              "UAE North",
              "Switzerland North",
              "Germany West Central",
              "Norway East",
              "Jio India West",
              "West US 3",
              "Sweden Central",
              "Korea South"
            ],
            "apiVersions": [
              "2021-11-01",
              "2021-07-01",
              "2021-04-01",
              "2021-03-01",
              "2020-12-01",
              "2020-06-01",
              "2019-12-01"
            ],
            "defaultApiVersion": "2021-07-01",
            "capabilities": "SupportsTags, SupportsLocation"
          },
          {
            "resourceType": "capacityReservationGroups",
            "locations": [
              "East US",
              "East US 2",
              "West US",
              "Central US",
              "North Central US",
              "South Central US",
              "North Europe",
              "West Europe",
              "East Asia",
              "Southeast Asia",
              "Japan East",
              "Japan West",
              "Australia East",
              "Australia Southeast",
              "Australia Central",
              "Brazil South",
              "South India",
              "Central India",
              "West India",
              "Canada Central",
              "Canada East",
              "West US 2",
              "West Central US",
              "UK South",
              "UK West",
              "Korea Central",
              "France Central",
              "South Africa North",
              "UAE North",
              "Switzerland North",
              "Germany West Central",
              "Norway East",
              "Jio India West",
              "West US 3",
              "Sweden Central",
              "Korea South"
            ],
            "apiVersions": [
              "2021-11-01",
              "2021-07-01",
              "2021-04-01",
              "2021-03-01",
              "2020-12-01",
              "2020-06-01"
            ],
            "defaultApiVersion": "2021-07-01",
            "zoneMappings": [
              {
                "location": "Australia East",
                "zones": [
                  "2",
                  "1",
                  "3"
                ]
              },
              {
                "location": "Brazil South",
                "zones": [
                  "2",
                  "1",
                  "3"
                ]
              },
              {
                "location": "Canada Central",
                "zones": [
                  "2",
                  "1",
                  "3"
                ]
              },
              {
                "location": "Central India",
                "zones": [
                  "2",
                  "1",
                  "3"
                ]
              },
              {
                "location": "Central US",
                "zones": [
                  "2",
                  "1",
                  "3"
                ]
              },
              {
                "location": "East Asia",
                "zones": [
                  "2",
                  "1",
                  "3"
                ]
              },
              {
                "location": "East US",
                "zones": [
                  "2",
                  "1",
                  "3"
                ]
              },
              {
                "location": "East US 2",
                "zones": [
                  "2",
                  "1",
                  "3"
                ]
              },
              {
                "location": "France Central",
                "zones": [
                  "2",
                  "1",
                  "3"
                ]
              },
              {
                "location": "Germany West Central",
                "zones": [
                  "2",
                  "1",
                  "3"
                ]
              },
              {
                "location": "Japan East",
                "zones": [
                  "2",
                  "1",
                  "3"
                ]
              },
              {
                "location": "Korea Central",
                "zones": [
                  "2",
                  "1",
                  "3"
                ]
              },
              {
                "location": "North Central US",
                "zones": []
              },
              {
                "location": "North Europe",
                "zones": [
                  "2",
                  "1",
                  "3"
                ]
              },
              {
                "location": "Norway East",
                "zones": [
                  "2",
                  "1",
                  "3"
                ]
              },
              {
                "location": "South Africa North",
                "zones": [
                  "2",
                  "1",
                  "3"
                ]
              },
              {
                "location": "South Central US",
                "zones": [
                  "2",
                  "1",
                  "3"
                ]
              },
              {
                "location": "Southeast Asia",
                "zones": [
                  "2",
                  "1",
                  "3"
                ]
              },
              {
                "location": "Sweden Central",
                "zones": [
                  "2",
                  "1",
                  "3"
                ]
              },
              {
                "location": "Switzerland North",
                "zones": []
              },
              {
                "location": "UAE North",
                "zones": []
              },
              {
                "location": "UK South",
                "zones": [
                  "2",
                  "1",
                  "3"
                ]
              },
              {
                "location": "West Europe",
                "zones": [
                  "2",
                  "1",
                  "3"
                ]
              },
              {
                "location": "West US 2",
                "zones": [
                  "2",
                  "1",
                  "3"
                ]
              },
              {
                "location": "West US 3",
                "zones": [
                  "2",
                  "1",
                  "3"
                ]
              }
            ],
            "capabilities": "SupportsTags, SupportsLocation"
          },
          {
            "resourceType": "capacityReservationGroups/capacityReservations",
            "locations": [
              "East US",
              "East US 2",
              "West US",
              "Central US",
              "North Central US",
              "South Central US",
              "North Europe",
              "West Europe",
              "East Asia",
              "Southeast Asia",
              "Japan East",
              "Japan West",
              "Australia East",
              "Australia Southeast",
              "Australia Central",
              "Brazil South",
              "South India",
              "Central India",
              "West India",
              "Canada Central",
              "Canada East",
              "West US 2",
              "West Central US",
              "UK South",
              "UK West",
              "Korea Central",
              "France Central",
              "South Africa North",
              "UAE North",
              "Switzerland North",
              "Germany West Central",
              "Norway East",
              "Jio India West",
              "West US 3",
              "Sweden Central",
              "Korea South"
            ],
            "apiVersions": [
              "2021-11-01",
              "2021-07-01",
              "2021-04-01",
              "2021-03-01",
              "2020-12-01",
              "2020-06-01"
            ],
            "defaultApiVersion": "2021-07-01",
            "zoneMappings": [
              {
                "location": "Australia East",
                "zones": [
                  "2",
                  "1",
                  "3"
                ]
              },
              {
                "location": "Brazil South",
                "zones": [
                  "2",
                  "1",
                  "3"
                ]
              },
              {
                "location": "Canada Central",
                "zones": [
                  "2",
                  "1",
                  "3"
                ]
              },
              {
                "location": "Central India",
                "zones": [
                  "2",
                  "1",
                  "3"
                ]
              },
              {
                "location": "Central US",
                "zones": [
                  "2",
                  "1",
                  "3"
                ]
              },
              {
                "location": "East Asia",
                "zones": [
                  "2",
                  "1",
                  "3"
                ]
              },
              {
                "location": "East US",
                "zones": [
                  "2",
                  "1",
                  "3"
                ]
              },
              {
                "location": "East US 2",
                "zones": [
                  "2",
                  "1",
                  "3"
                ]
              },
              {
                "location": "France Central",
                "zones": [
                  "2",
                  "1",
                  "3"
                ]
              },
              {
                "location": "Germany West Central",
                "zones": [
                  "2",
                  "1",
                  "3"
                ]
              },
              {
                "location": "Japan East",
                "zones": [
                  "2",
                  "1",
                  "3"
                ]
              },
              {
                "location": "Korea Central",
                "zones": [
                  "2",
                  "1",
                  "3"
                ]
              },
              {
                "location": "North Central US",
                "zones": []
              },
              {
                "location": "North Europe",
                "zones": [
                  "2",
                  "1",
                  "3"
                ]
              },
              {
                "location": "Norway East",
                "zones": [
                  "2",
                  "1",
                  "3"
                ]
              },
              {
                "location": "South Africa North",
                "zones": [
                  "2",
                  "1",
                  "3"
                ]
              },
              {
                "location": "South Central US",
                "zones": [
                  "2",
                  "1",
                  "3"
                ]
              },
              {
                "location": "Southeast Asia",
                "zones": [
                  "2",
                  "1",
                  "3"
                ]
              },
              {
                "location": "Sweden Central",
                "zones": [
                  "2",
                  "1",
                  "3"
                ]
              },
              {
                "location": "Switzerland North",
                "zones": []
              },
              {
                "location": "UAE North",
                "zones": []
              },
              {
                "location": "UK South",
                "zones": [
                  "2",
                  "1",
                  "3"
                ]
              },
              {
                "location": "West Europe",
                "zones": [
                  "2",
                  "1",
                  "3"
                ]
              },
              {
                "location": "West US 2",
                "zones": [
                  "2",
                  "1",
                  "3"
                ]
              },
              {
                "location": "West US 3",
                "zones": [
                  "2",
                  "1",
                  "3"
                ]
              }
            ],
            "capabilities": "SupportsTags, SupportsLocation"
          },
          {
            "resourceType": "virtualMachines/metricDefinitions",
            "locations": [
              "East US",
              "East US 2",
              "West US",
              "Central US",
              "North Central US",
              "South Central US",
              "North Europe",
              "West Europe",
              "East Asia",
              "Southeast Asia",
              "Japan East",
              "Japan West",
              "Australia East",
              "Australia Southeast",
              "Australia Central",
              "Brazil South",
              "South India",
              "Central India",
              "West India",
              "Canada Central",
              "Canada East",
              "West US 2",
              "West Central US",
              "UK South",
              "UK West",
              "Korea Central",
              "France Central",
              "South Africa North",
              "UAE North",
              "Switzerland North",
              "Germany West Central",
              "Norway East",
              "West US 3",
              "Jio India West",
              "Sweden Central",
              "Korea South"
            ],
            "apiVersions": [
              "2014-04-01"
            ],
            "capabilities": "None"
          },
          {
            "resourceType": "locations/spotEvictionRates",
            "locations": [
              "East US",
              "East US 2",
              "West US",
              "Central US",
              "North Central US",
              "South Central US",
              "North Europe",
              "West Europe",
              "East Asia",
              "Southeast Asia",
              "Japan East",
              "Japan West",
              "Australia East",
              "Australia Southeast",
              "Australia Central",
              "Brazil South",
              "South India",
              "Central India",
              "West India",
              "Canada Central",
              "Canada East",
              "West US 2",
              "West Central US",
              "UK South",
              "UK West",
              "Korea Central",
              "France Central",
              "South Africa North",
              "UAE North",
              "Switzerland North",
              "Germany West Central",
              "Norway East",
              "Jio India West",
              "West US 3",
              "Sweden Central",
              "Korea South"
            ],
            "apiVersions": [
              "2021-11-01",
              "2021-07-01",
              "2021-04-01",
              "2021-03-01",
              "2020-12-01",
              "2020-06-01"
            ],
            "defaultApiVersion": "2021-07-01",
            "capabilities": "None"
          },
          {
            "resourceType": "locations/spotPriceHistory",
            "locations": [
              "East US",
              "East US 2",
              "West US",
              "Central US",
              "North Central US",
              "South Central US",
              "North Europe",
              "West Europe",
              "East Asia",
              "Southeast Asia",
              "Japan East",
              "Japan West",
              "Australia East",
              "Australia Southeast",
              "Australia Central",
              "Brazil South",
              "South India",
              "Central India",
              "West India",
              "Canada Central",
              "Canada East",
              "West US 2",
              "West Central US",
              "UK South",
              "UK West",
              "Korea Central",
              "France Central",
              "South Africa North",
              "UAE North",
              "Switzerland North",
              "Germany West Central",
              "Norway East",
              "Jio India West",
              "West US 3",
              "Sweden Central",
              "Korea South"
            ],
            "apiVersions": [
              "2021-11-01",
              "2021-07-01",
              "2021-04-01",
              "2021-03-01",
              "2020-12-01",
              "2020-06-01"
            ],
            "defaultApiVersion": "2021-07-01",
            "capabilities": "None"
          },
          {
            "resourceType": "locations/recommendations",
            "locations": [
              "East US",
              "East US 2",
              "West US",
              "Central US",
              "North Central US",
              "South Central US",
              "North Europe",
              "West Europe",
              "East Asia",
              "Southeast Asia",
              "Japan East",
              "Japan West",
              "Australia East",
              "Australia Southeast",
              "Australia Central",
              "Brazil South",
              "South India",
              "Central India",
              "West India",
              "Canada Central",
              "Canada East",
              "West US 2",
              "West Central US",
              "UK South",
              "UK West",
              "Korea Central",
              "France Central",
              "South Africa North",
              "UAE North",
              "Switzerland North",
              "Germany West Central",
              "Norway East",
              "Jio India West",
              "West US 3",
              "Sweden Central",
              "Korea South"
            ],
            "apiVersions": [
              "2021-11-01",
              "2021-07-01"
            ],
            "defaultApiVersion": "2021-07-01",
            "capabilities": "None"
          },
          {
            "resourceType": "locations/sharedGalleries",
            "locations": [
              "East US",
              "East US 2",
              "West US",
              "Central US",
              "North Central US",
              "South Central US",
              "North Europe",
              "West Europe",
              "East Asia",
              "Southeast Asia",
              "Japan East",
              "Japan West",
              "Australia East",
              "Australia Southeast",
              "Australia Central",
              "Brazil South",
              "South India",
              "Central India",
              "West India",
              "Canada Central",
              "Canada East",
              "West US 2",
              "West Central US",
              "UK South",
              "UK West",
              "Korea Central",
              "France Central",
              "South Africa North",
              "UAE North",
              "Switzerland North",
              "Germany West Central",
              "Norway East",
              "Jio India West",
              "West US 3",
              "Sweden Central",
              "Korea South"
            ],
            "apiVersions": [
              "2022-01-03",
              "2021-11-01",
              "2021-07-01",
              "2021-04-01",
              "2021-03-01",
              "2020-12-01",
              "2020-09-30",
              "2020-06-01",
              "2019-12-01",
              "2019-07-01",
              "2019-03-01",
              "2018-10-01",
              "2018-06-01",
              "2018-04-01",
              "2017-12-01",
              "2017-03-30",
              "2016-08-30",
              "2016-04-30-preview",
              "2016-03-30",
              "2015-06-15",
              "2015-05-01-preview"
            ],
            "apiProfiles": [
              {
                "profileVersion": "2017-03-09-profile",
                "apiVersion": "2016-03-30"
              },
              {
                "profileVersion": "2018-03-01-hybrid",
                "apiVersion": "2017-03-30"
              },
              {
                "profileVersion": "2018-06-01-profile",
                "apiVersion": "2017-12-01"
              }
            ],
            "capabilities": "None"
          },
          {
            "resourceType": "sharedVMImages",
            "locations": [
              "West Central US",
              "South Central US",
              "East US 2",
              "Southeast Asia",
              "West Europe",
              "West US",
              "East US",
              "Canada Central",
              "North Europe",
              "North Central US",
              "Brazil South",
              "UK West",
              "West India",
              "East Asia",
              "Australia East",
              "Japan East",
              "West US 2",
              "Canada East",
              "UK South",
              "Central India",
              "South India",
              "Australia Southeast",
              "Japan West",
              "Korea Central",
              "France Central",
              "Central US",
              "Australia Central",
              "Korea South"
            ],
            "apiVersions": [
              "2017-10-15-preview"
            ],
            "defaultApiVersion": "2017-10-15-preview",
            "capabilities": "SupportsTags, SupportsLocation"
          },
          {
            "resourceType": "sharedVMImages/versions",
            "locations": [
              "West Central US",
              "South Central US",
              "East US 2",
              "Southeast Asia",
              "West Europe",
              "West US",
              "East US",
              "Canada Central",
              "North Europe",
              "North Central US",
              "Brazil South",
              "UK West",
              "West India",
              "East Asia",
              "Australia East",
              "Japan East",
              "West US 2",
              "Canada East",
              "UK South",
              "Central India",
              "South India",
              "Australia Southeast",
              "Japan West",
              "Korea Central",
              "France Central",
              "Central US",
              "Australia Central",
              "Korea South"
            ],
            "apiVersions": [
              "2017-10-15-preview"
            ],
            "defaultApiVersion": "2017-10-15-preview",
            "capabilities": "SupportsTags, SupportsLocation"
          },
          {
            "resourceType": "locations/artifactPublishers",
            "locations": [
              "West Central US",
              "South Central US",
              "East US 2",
              "Southeast Asia",
              "West Europe",
              "West US",
              "East US",
              "Canada Central",
              "North Europe",
              "North Central US",
              "Brazil South",
              "UK West",
              "West India",
              "East Asia",
              "Australia East",
              "Japan East",
              "West US 2",
              "Canada East",
              "UK South",
              "Central India",
              "South India",
              "Australia Southeast",
              "Japan West",
              "Korea Central",
              "France Central",
              "Central US",
              "Australia Central",
              "Korea South"
            ],
            "apiVersions": [
              "2017-10-15-preview"
            ],
            "capabilities": "None"
          },
          {
            "resourceType": "locations/capsoperations",
            "locations": [
              "West Central US",
              "South Central US",
              "East US 2",
              "Southeast Asia",
              "West Europe",
              "West US",
              "East US",
              "Canada Central",
              "North Europe",
              "North Central US",
              "Brazil South",
              "UK West",
              "West India",
              "East Asia",
              "Australia East",
              "Japan East",
              "West US 2",
              "Canada East",
              "UK South",
              "Central India",
              "South India",
              "Australia Southeast",
              "Japan West",
              "Korea Central",
              "France Central",
              "Central US",
              "Australia Central",
              "South Africa North",
              "UAE North",
              "Switzerland North",
              "Germany West Central",
              "Norway East",
              "Jio India West",
              "West US 3",
              "Sweden Central",
              "Korea South"
            ],
            "apiVersions": [
              "2021-10-01",
              "2021-07-01",
              "2021-03-01",
              "2020-09-30",
              "2019-12-01",
              "2019-07-01",
              "2019-03-01",
              "2018-06-01",
              "2017-10-15-preview"
            ],
            "capabilities": "None"
          },
          {
            "resourceType": "galleries",
            "locations": [
              "West Central US",
              "South Central US",
              "East US 2",
              "Southeast Asia",
              "West Europe",
              "West US",
              "East US",
              "Canada Central",
              "North Europe",
              "North Central US",
              "Brazil South",
              "UK West",
              "West India",
              "East Asia",
              "Australia East",
              "Japan East",
              "West US 2",
              "Canada East",
              "UK South",
              "Central India",
              "South India",
              "Australia Southeast",
              "Japan West",
              "Korea Central",
              "France Central",
              "Central US",
              "Australia Central",
              "South Africa North",
              "UAE North",
              "Switzerland North",
              "Germany West Central",
              "Norway East",
              "Jio India West",
              "West US 3",
              "Sweden Central",
              "Korea South"
            ],
            "apiVersions": [
              "2021-10-01",
              "2021-07-01",
              "2021-03-01",
              "2020-09-30",
              "2019-12-01",
              "2019-07-01",
              "2019-03-01",
              "2018-06-01"
            ],
            "defaultApiVersion": "2018-06-01",
            "capabilities": "SupportsTags, SupportsLocation"
          },
          {
            "resourceType": "galleries/images",
            "locations": [
              "West Central US",
              "South Central US",
              "East US 2",
              "Southeast Asia",
              "West Europe",
              "West US",
              "East US",
              "Canada Central",
              "North Europe",
              "North Central US",
              "Brazil South",
              "UK West",
              "West India",
              "East Asia",
              "Australia East",
              "Japan East",
              "West US 2",
              "Canada East",
              "UK South",
              "Central India",
              "South India",
              "Australia Southeast",
              "Japan West",
              "Korea Central",
              "France Central",
              "Central US",
              "Australia Central",
              "South Africa North",
              "UAE North",
              "Switzerland North",
              "Germany West Central",
              "Norway East",
              "Jio India West",
              "West US 3",
              "Sweden Central",
              "Korea South"
            ],
            "apiVersions": [
              "2021-10-01",
              "2021-07-01",
              "2021-03-01",
              "2020-09-30",
              "2019-12-01",
              "2019-07-01",
              "2019-03-01",
              "2018-06-01"
            ],
            "defaultApiVersion": "2018-06-01",
            "capabilities": "SupportsTags, SupportsLocation"
          },
          {
            "resourceType": "galleries/images/versions",
            "locations": [
              "West Central US",
              "South Central US",
              "East US 2",
              "Southeast Asia",
              "West Europe",
              "West US",
              "East US",
              "Canada Central",
              "North Europe",
              "North Central US",
              "Brazil South",
              "UK West",
              "West India",
              "East Asia",
              "Australia East",
              "Japan East",
              "West US 2",
              "Canada East",
              "UK South",
              "Central India",
              "South India",
              "Australia Southeast",
              "Japan West",
              "Korea Central",
              "France Central",
              "Central US",
              "Australia Central",
              "South Africa North",
              "UAE North",
              "Switzerland North",
              "Germany West Central",
              "Norway East",
              "Jio India West",
              "West US 3",
              "Sweden Central",
              "Korea South"
            ],
            "apiVersions": [
              "2021-10-01",
              "2021-07-01",
              "2021-03-01",
              "2020-09-30",
              "2019-12-01",
              "2019-07-01",
              "2019-03-01",
              "2018-06-01"
            ],
            "defaultApiVersion": "2018-06-01",
            "capabilities": "SupportsTags, SupportsLocation"
          },
          {
            "resourceType": "locations/galleries",
            "locations": [
              "West Central US",
              "South Central US",
              "East US 2",
              "Southeast Asia",
              "West Europe",
              "West US",
              "East US",
              "Canada Central",
              "North Europe",
              "North Central US",
              "Brazil South",
              "UK West",
              "West India",
              "East Asia",
              "Australia East",
              "Japan East",
              "West US 2",
              "Canada East",
              "UK South",
              "Central India",
              "South India",
              "Australia Southeast",
              "Japan West",
              "Korea Central",
              "France Central",
              "Central US",
              "Australia Central",
              "South Africa North",
              "UAE North",
              "Switzerland North",
              "Germany West Central",
              "Norway East",
              "Jio India West",
              "West US 3",
              "Sweden Central",
              "Korea South"
            ],
            "apiVersions": [
              "2021-10-01",
              "2021-07-01",
              "2021-03-01",
              "2020-09-30",
              "2019-12-01",
              "2019-07-01",
              "2019-03-01",
              "2018-06-01"
            ],
            "defaultApiVersion": "2018-06-01",
            "capabilities": "None"
          },
          {
            "resourceType": "galleries/applications",
            "locations": [
              "West Central US",
              "South Central US",
              "East US 2",
              "Southeast Asia",
              "West Europe",
              "West US",
              "East US",
              "Canada Central",
              "North Europe",
              "North Central US",
              "Brazil South",
              "UK West",
              "West India",
              "East Asia",
              "Australia East",
              "Japan East",
              "West US 2",
              "Canada East",
              "UK South",
              "Central India",
              "South India",
              "Australia Southeast",
              "Japan West",
              "Korea Central",
              "France Central",
              "Central US",
              "Australia Central",
              "South Africa North",
              "UAE North",
              "Switzerland North",
              "Germany West Central",
              "Norway East",
              "Jio India West",
              "West US 3",
              "Sweden Central",
              "Korea South"
            ],
            "apiVersions": [
              "2021-10-01",
              "2021-07-01",
              "2021-03-01",
              "2020-09-30",
              "2019-12-01",
              "2019-07-01",
              "2019-03-01"
            ],
            "defaultApiVersion": "2019-03-01",
            "capabilities": "SupportsTags, SupportsLocation"
          },
          {
            "resourceType": "galleries/applications/versions",
            "locations": [
              "West Central US",
              "South Central US",
              "East US 2",
              "Southeast Asia",
              "West Europe",
              "West US",
              "East US",
              "Canada Central",
              "North Europe",
              "North Central US",
              "Brazil South",
              "UK West",
              "West India",
              "East Asia",
              "Australia East",
              "Japan East",
              "West US 2",
              "Canada East",
              "UK South",
              "Central India",
              "South India",
              "Australia Southeast",
              "Japan West",
              "Korea Central",
              "France Central",
              "Central US",
              "Australia Central",
              "South Africa North",
              "UAE North",
              "Switzerland North",
              "Germany West Central",
              "Norway East",
              "Jio India West",
              "West US 3",
              "Sweden Central",
              "Korea South"
            ],
            "apiVersions": [
              "2021-10-01",
              "2021-07-01",
              "2021-03-01",
              "2020-09-30",
              "2019-12-01",
              "2019-07-01",
              "2019-03-01"
            ],
            "defaultApiVersion": "2019-03-01",
            "capabilities": "SupportsTags, SupportsLocation"
          },
          {
            "resourceType": "disks",
            "locations": [
              "Southeast Asia",
              "East US 2",
              "Central US",
              "West Europe",
              "East US",
              "North Central US",
              "South Central US",
              "West US",
              "North Europe",
              "East Asia",
              "Brazil South",
              "West US 2",
              "West Central US",
              "UK West",
              "UK South",
              "Japan East",
              "Japan West",
              "Canada Central",
              "Canada East",
              "Central India",
              "South India",
              "Australia East",
              "Australia Southeast",
              "Korea Central",
              "West India",
              "France Central",
              "South Africa North",
              "UAE North",
              "Australia Central",
              "Switzerland North",
              "Germany West Central",
              "Norway East",
              "Jio India West",
              "West US 3",
              "Sweden Central",
              "Korea South"
            ],
            "apiVersions": [
              "2021-08-01",
              "2021-04-01",
              "2020-12-01",
              "2020-09-30",
              "2020-06-30",
              "2020-05-01",
              "2019-11-01",
              "2019-07-01",
              "2019-03-01",
              "2018-09-30",
              "2018-06-01",
              "2018-04-01",
              "2017-03-30",
              "2016-04-30-preview"
            ],
            "defaultApiVersion": "2021-08-01",
            "apiProfiles": [
              {
                "profileVersion": "2018-03-01-hybrid",
                "apiVersion": "2017-03-30"
              },
              {
                "profileVersion": "2018-06-01-profile",
                "apiVersion": "2018-04-01"
              }
            ],
            "zoneMappings": [
              {
                "location": "Australia East",
                "zones": [
                  "2",
                  "1",
                  "3"
                ]
              },
              {
                "location": "Brazil South",
                "zones": [
                  "2",
                  "1",
                  "3"
                ]
              },
              {
                "location": "Canada Central",
                "zones": [
                  "2",
                  "1",
                  "3"
                ]
              },
              {
                "location": "Central India",
                "zones": [
                  "2",
                  "1",
                  "3"
                ]
              },
              {
                "location": "Central US",
                "zones": [
                  "2",
                  "1",
                  "3"
                ]
              },
              {
                "location": "East Asia",
                "zones": [
                  "2",
                  "1",
                  "3"
                ]
              },
              {
                "location": "East US",
                "zones": [
                  "2",
                  "1",
                  "3"
                ]
              },
              {
                "location": "East US 2",
                "zones": [
                  "2",
                  "1",
                  "3"
                ]
              },
              {
                "location": "France Central",
                "zones": [
                  "2",
                  "1",
                  "3"
                ]
              },
              {
                "location": "Germany West Central",
                "zones": [
                  "2",
                  "1",
                  "3"
                ]
              },
              {
                "location": "Japan East",
                "zones": [
                  "2",
                  "1",
                  "3"
                ]
              },
              {
                "location": "Korea Central",
                "zones": [
                  "2",
                  "1",
                  "3"
                ]
              },
              {
                "location": "North Central US",
                "zones": []
              },
              {
                "location": "North Europe",
                "zones": [
                  "2",
                  "1",
                  "3"
                ]
              },
              {
                "location": "Norway East",
                "zones": [
                  "2",
                  "1",
                  "3"
                ]
              },
              {
                "location": "South Africa North",
                "zones": [
                  "2",
                  "1",
                  "3"
                ]
              },
              {
                "location": "South Central US",
                "zones": [
                  "2",
                  "1",
                  "3"
                ]
              },
              {
                "location": "Southeast Asia",
                "zones": [
                  "2",
                  "1",
                  "3"
                ]
              },
              {
                "location": "Sweden Central",
                "zones": [
                  "2",
                  "1",
                  "3"
                ]
              },
              {
                "location": "Switzerland North",
                "zones": []
              },
              {
                "location": "UAE North",
                "zones": []
              },
              {
                "location": "UK South",
                "zones": [
                  "2",
                  "1",
                  "3"
                ]
              },
              {
                "location": "West Europe",
                "zones": [
                  "2",
                  "1",
                  "3"
                ]
              },
              {
                "location": "West US 2",
                "zones": [
                  "2",
                  "1",
                  "3"
                ]
              },
              {
                "location": "West US 3",
                "zones": [
                  "2",
                  "1",
                  "3"
                ]
              }
            ],
            "capabilities": "CrossResourceGroupResourceMove, CrossSubscriptionResourceMove, SupportsTags, SupportsLocation"
          },
          {
            "resourceType": "snapshots",
            "locations": [
              "Southeast Asia",
              "East US 2",
              "Central US",
              "West Europe",
              "East US",
              "North Central US",
              "South Central US",
              "West US",
              "North Europe",
              "East Asia",
              "Brazil South",
              "West US 2",
              "West Central US",
              "UK West",
              "UK South",
              "Japan East",
              "Japan West",
              "Canada Central",
              "Canada East",
              "Central India",
              "South India",
              "Australia East",
              "Australia Southeast",
              "Korea Central",
              "West India",
              "France Central",
              "South Africa North",
              "UAE North",
              "Australia Central",
              "Switzerland North",
              "Germany West Central",
              "Norway East",
              "Jio India West",
              "West US 3",
              "Sweden Central",
              "Korea South"
            ],
            "apiVersions": [
              "2021-08-01",
              "2021-04-01",
              "2020-12-01",
              "2020-09-30",
              "2020-06-30",
              "2020-05-01",
              "2019-11-01",
              "2019-07-01",
              "2019-03-01",
              "2018-09-30",
              "2018-06-01",
              "2018-04-01",
              "2017-03-30",
              "2016-04-30-preview"
            ],
            "defaultApiVersion": "2021-08-01",
            "apiProfiles": [
              {
                "profileVersion": "2018-03-01-hybrid",
                "apiVersion": "2017-03-30"
              },
              {
                "profileVersion": "2018-06-01-profile",
                "apiVersion": "2018-04-01"
              }
            ],
            "capabilities": "CrossResourceGroupResourceMove, CrossSubscriptionResourceMove, SupportsTags, SupportsLocation"
          },
          {
            "resourceType": "locations/diskoperations",
            "locations": [
              "Southeast Asia",
              "East US 2",
              "Central US",
              "West Europe",
              "East US",
              "North Central US",
              "South Central US",
              "West US",
              "North Europe",
              "East Asia",
              "Brazil South",
              "West US 2",
              "West Central US",
              "UK West",
              "UK South",
              "Japan East",
              "Japan West",
              "Canada Central",
              "Canada East",
              "Central India",
              "South India",
              "Australia East",
              "Australia Southeast",
              "Korea Central",
              "West India",
              "France Central",
              "South Africa North",
              "UAE North",
              "Australia Central",
              "Switzerland North",
              "Germany West Central",
              "Norway East",
              "Jio India West",
              "West US 3",
              "Sweden Central",
              "Korea South"
            ],
            "apiVersions": [
              "2021-08-01",
              "2021-04-01",
              "2020-12-01",
              "2020-09-30",
              "2020-06-30",
              "2020-05-01",
              "2019-11-01",
              "2019-07-01",
              "2019-03-01",
              "2018-09-30",
              "2018-06-01",
              "2018-04-01",
              "2017-03-30",
              "2016-04-30-preview"
            ],
            "apiProfiles": [
              {
                "profileVersion": "2018-03-01-hybrid",
                "apiVersion": "2017-03-30"
              },
              {
                "profileVersion": "2018-06-01-profile",
                "apiVersion": "2018-04-01"
              }
            ],
            "capabilities": "None"
          },
          {
            "resourceType": "diskEncryptionSets",
            "locations": [
              "Southeast Asia",
              "East US 2",
              "Central US",
              "West Europe",
              "East US",
              "North Central US",
              "South Central US",
              "West US",
              "North Europe",
              "East Asia",
              "Brazil South",
              "West US 2",
              "West Central US",
              "UK West",
              "UK South",
              "Japan East",
              "Japan West",
              "Canada Central",
              "Canada East",
              "Central India",
              "South India",
              "Australia East",
              "Australia Southeast",
              "Korea Central",
              "West India",
              "France Central",
              "South Africa North",
              "UAE North",
              "Australia Central",
              "Switzerland North",
              "Germany West Central",
              "Norway East",
              "Jio India West",
              "West US 3",
              "Sweden Central",
              "Korea South"
            ],
            "apiVersions": [
              "2021-08-01",
              "2021-04-01",
              "2020-12-01",
              "2020-09-30",
              "2020-06-30",
              "2020-05-01",
              "2019-11-01",
              "2019-07-01"
            ],
            "defaultApiVersion": "2021-08-01",
            "capabilities": "SystemAssignedResourceIdentity, SupportsTags, SupportsLocation"
          },
          {
            "resourceType": "diskAccesses",
            "locations": [
              "Southeast Asia",
              "East US 2",
              "Central US",
              "West Europe",
              "East US",
              "North Central US",
              "South Central US",
              "West US",
              "North Europe",
              "East Asia",
              "Brazil South",
              "West US 2",
              "West Central US",
              "UK West",
              "UK South",
              "Japan East",
              "Japan West",
              "Canada Central",
              "Canada East",
              "Central India",
              "South India",
              "Australia East",
              "Australia Southeast",
              "Korea Central",
              "West India",
              "France Central",
              "South Africa North",
              "UAE North",
              "Australia Central",
              "Switzerland North",
              "Germany West Central",
              "Norway East",
              "Jio India West",
              "West US 3",
              "Sweden Central",
              "Korea South"
            ],
            "apiVersions": [
              "2021-08-01",
              "2021-04-01",
              "2020-12-01",
              "2020-09-30",
              "2020-06-30",
              "2020-05-01"
            ],
            "defaultApiVersion": "2021-08-01",
            "capabilities": "SupportsTags, SupportsLocation"
          },
          {
            "resourceType": "restorePointCollections/restorePoints/diskRestorePoints",
            "locations": [
              "Southeast Asia",
              "East US 2",
              "Central US",
              "West Europe",
              "East US",
              "North Central US",
              "South Central US",
              "West US",
              "North Europe",
              "East Asia",
              "Brazil South",
              "West US 2",
              "West Central US",
              "UK West",
              "UK South",
              "Japan East",
              "Japan West",
              "Canada Central",
              "Canada East",
              "Central India",
              "South India",
              "Australia East",
              "Australia Southeast",
              "Korea Central",
              "West India",
              "France Central",
              "South Africa North",
              "UAE North",
              "Australia Central",
              "Switzerland North",
              "Germany West Central",
              "Norway East",
              "Jio India West",
              "West US 3",
              "Sweden Central",
              "Korea South"
            ],
            "apiVersions": [
              "2021-08-01",
              "2021-04-01",
              "2020-12-01",
              "2020-09-30"
            ],
            "defaultApiVersion": "2021-08-01",
            "capabilities": "None"
          },
          {
            "resourceType": "cloudServices",
            "locations": [
              "Southeast Asia",
              "East US 2",
              "Central US",
              "West Europe",
              "East US",
              "North Central US",
              "South Central US",
              "West US",
              "North Europe",
              "East Asia",
              "Brazil South",
              "West US 2",
              "West Central US",
              "UK West",
              "UK South",
              "Japan East",
              "Japan West",
              "Canada Central",
              "Canada East",
              "Central India",
              "South India",
              "Australia East",
              "Australia Southeast",
              "Korea Central",
              "West India",
              "France Central",
              "South Africa North",
              "UAE North",
              "Australia Central",
              "Switzerland North",
              "Germany West Central",
              "Norway East",
              "Jio India West",
              "West US 3",
              "Sweden Central",
              "Korea South"
            ],
            "apiVersions": [
              "2021-03-01",
              "2020-10-01-preview"
            ],
            "defaultApiVersion": "2021-03-01",
            "zoneMappings": [
              {
                "location": "Australia East",
                "zones": [
                  "2",
                  "1",
                  "3"
                ]
              },
              {
                "location": "Brazil South",
                "zones": [
                  "2",
                  "1",
                  "3"
                ]
              },
              {
                "location": "Canada Central",
                "zones": [
                  "2",
                  "1",
                  "3"
                ]
              },
              {
                "location": "Central India",
                "zones": [
                  "2",
                  "1",
                  "3"
                ]
              },
              {
                "location": "Central US",
                "zones": [
                  "2",
                  "1",
                  "3"
                ]
              },
              {
                "location": "East Asia",
                "zones": [
                  "2",
                  "1",
                  "3"
                ]
              },
              {
                "location": "East US",
                "zones": [
                  "2",
                  "1",
                  "3"
                ]
              },
              {
                "location": "East US 2",
                "zones": [
                  "2",
                  "1",
                  "3"
                ]
              },
              {
                "location": "France Central",
                "zones": [
                  "2",
                  "1",
                  "3"
                ]
              },
              {
                "location": "Germany West Central",
                "zones": [
                  "2",
                  "1",
                  "3"
                ]
              },
              {
                "location": "Japan East",
                "zones": [
                  "2",
                  "1",
                  "3"
                ]
              },
              {
                "location": "Korea Central",
                "zones": [
                  "2",
                  "1",
                  "3"
                ]
              },
              {
                "location": "North Central US",
                "zones": []
              },
              {
                "location": "North Europe",
                "zones": [
                  "2",
                  "1",
                  "3"
                ]
              },
              {
                "location": "Norway East",
                "zones": [
                  "2",
                  "1",
                  "3"
                ]
              },
              {
                "location": "South Africa North",
                "zones": [
                  "2",
                  "1",
                  "3"
                ]
              },
              {
                "location": "South Central US",
                "zones": [
                  "2",
                  "1",
                  "3"
                ]
              },
              {
                "location": "Southeast Asia",
                "zones": [
                  "2",
                  "1",
                  "3"
                ]
              },
              {
                "location": "Sweden Central",
                "zones": [
                  "2",
                  "1",
                  "3"
                ]
              },
              {
                "location": "Switzerland North",
                "zones": []
              },
              {
                "location": "UAE North",
                "zones": []
              },
              {
                "location": "UK South",
                "zones": [
                  "2",
                  "1",
                  "3"
                ]
              },
              {
                "location": "West Europe",
                "zones": [
                  "2",
                  "1",
                  "3"
                ]
              },
              {
                "location": "West US 2",
                "zones": [
                  "2",
                  "1",
                  "3"
                ]
              },
              {
                "location": "West US 3",
                "zones": [
                  "2",
                  "1",
                  "3"
                ]
              }
            ],
            "capabilities": "SupportsTags, SupportsLocation"
          },
          {
            "resourceType": "cloudServices/roles",
            "locations": [
              "Southeast Asia",
              "East US 2",
              "Central US",
              "West Europe",
              "East US",
              "North Central US",
              "South Central US",
              "West US",
              "North Europe",
              "East Asia",
              "Brazil South",
              "West US 2",
              "West Central US",
              "UK West",
              "UK South",
              "Japan East",
              "Japan West",
              "Canada Central",
              "Canada East",
              "Central India",
              "South India",
              "Australia East",
              "Australia Southeast",
              "Korea Central",
              "West India",
              "France Central",
              "South Africa North",
              "UAE North",
              "Australia Central",
              "Switzerland North",
              "Germany West Central",
              "Norway East",
              "Jio India West",
              "West US 3",
              "Sweden Central",
              "Korea South"
            ],
            "apiVersions": [
              "2021-03-01",
              "2020-10-01-preview"
            ],
            "defaultApiVersion": "2021-03-01",
            "capabilities": "None"
          },
          {
            "resourceType": "cloudServices/roleInstances",
            "locations": [
              "Southeast Asia",
              "East US 2",
              "Central US",
              "West Europe",
              "East US",
              "North Central US",
              "South Central US",
              "West US",
              "North Europe",
              "East Asia",
              "Brazil South",
              "West US 2",
              "West Central US",
              "UK West",
              "UK South",
              "Japan East",
              "Japan West",
              "Canada Central",
              "Canada East",
              "Central India",
              "South India",
              "Australia East",
              "Australia Southeast",
              "Korea Central",
              "West India",
              "France Central",
              "South Africa North",
              "UAE North",
              "Australia Central",
              "Switzerland North",
              "Germany West Central",
              "Norway East",
              "Jio India West",
              "West US 3",
              "Sweden Central",
              "Korea South"
            ],
            "apiVersions": [
              "2021-03-01",
              "2020-10-01-preview"
            ],
            "defaultApiVersion": "2021-03-01",
            "capabilities": "None"
          },
          {
            "resourceType": "locations/csoperations",
            "locations": [
              "Southeast Asia",
              "East US 2",
              "Central US",
              "West Europe",
              "East US",
              "North Central US",
              "South Central US",
              "West US",
              "North Europe",
              "East Asia",
              "Brazil South",
              "West US 2",
              "West Central US",
              "UK West",
              "UK South",
              "Japan East",
              "Japan West",
              "Canada Central",
              "Canada East",
              "Central India",
              "South India",
              "Australia East",
              "Australia Southeast",
              "Korea Central",
              "West India",
              "France Central",
              "South Africa North",
              "UAE North",
              "Australia Central",
              "Switzerland North",
              "Germany West Central",
              "Norway East",
              "Jio India West",
              "West US 3",
              "Sweden Central",
              "Korea South"
            ],
            "apiVersions": [
              "2021-03-01",
              "2020-10-01-preview"
            ],
            "capabilities": "None"
          },
          {
            "resourceType": "locations/cloudServiceOsVersions",
            "locations": [
              "Southeast Asia",
              "East US 2",
              "Central US",
              "West Europe",
              "East US",
              "North Central US",
              "South Central US",
              "West US",
              "North Europe",
              "East Asia",
              "Brazil South",
              "West US 2",
              "West Central US",
              "UK West",
              "UK South",
              "Japan East",
              "Japan West",
              "Canada Central",
              "Canada East",
              "Central India",
              "South India",
              "Australia East",
              "Australia Southeast",
              "Korea Central",
              "West India",
              "France Central",
              "South Africa North",
              "UAE North",
              "Australia Central",
              "Switzerland North",
              "Germany West Central",
              "Norway East",
              "Jio India West",
              "West US 3",
              "Sweden Central",
              "Korea South"
            ],
            "apiVersions": [
              "2021-03-01"
            ],
            "defaultApiVersion": "2021-03-01",
            "capabilities": "None"
          },
          {
            "resourceType": "locations/cloudServiceOsFamilies",
            "locations": [
              "Southeast Asia",
              "East US 2",
              "Central US",
              "West Europe",
              "East US",
              "North Central US",
              "South Central US",
              "West US",
              "North Europe",
              "East Asia",
              "Brazil South",
              "West US 2",
              "West Central US",
              "UK West",
              "UK South",
              "Japan East",
              "Japan West",
              "Canada Central",
              "Canada East",
              "Central India",
              "South India",
              "Australia East",
              "Australia Southeast",
              "Korea Central",
              "West India",
              "France Central",
              "South Africa North",
              "UAE North",
              "Australia Central",
              "Switzerland North",
              "Germany West Central",
              "Norway East",
              "Jio India West",
              "West US 3",
              "Sweden Central",
              "Korea South"
            ],
            "apiVersions": [
              "2021-03-01"
            ],
            "defaultApiVersion": "2021-03-01",
            "capabilities": "None"
          },
          {
            "resourceType": "cloudServices/networkInterfaces",
            "locations": [
              "Southeast Asia",
              "East US 2",
              "Central US",
              "West Europe",
              "East US",
              "North Central US",
              "South Central US",
              "West US",
              "North Europe",
              "East Asia",
              "Brazil South",
              "West US 2",
              "West Central US",
              "UK West",
              "UK South",
              "Japan East",
              "Japan West",
              "Canada Central",
              "Canada East",
              "Central India",
              "South India",
              "Australia East",
              "Australia Southeast",
              "Korea Central",
              "West India",
              "France Central",
              "South Africa North",
              "UAE North",
              "Australia Central",
              "Switzerland North",
              "Germany West Central",
              "Norway East",
              "Jio India West",
              "West US 3",
              "Sweden Central",
              "Korea South"
            ],
            "apiVersions": [
              "2021-03-01",
              "2020-10-01-preview"
            ],
            "capabilities": "None"
          },
          {
            "resourceType": "cloudServices/roleInstances/networkInterfaces",
            "locations": [
              "Southeast Asia",
              "East US 2",
              "Central US",
              "West Europe",
              "East US",
              "North Central US",
              "South Central US",
              "West US",
              "North Europe",
              "East Asia",
              "Brazil South",
              "West US 2",
              "West Central US",
              "UK West",
              "UK South",
              "Japan East",
              "Japan West",
              "Canada Central",
              "Canada East",
              "Central India",
              "South India",
              "Australia East",
              "Australia Southeast",
              "Korea Central",
              "West India",
              "France Central",
              "South Africa North",
              "UAE North",
              "Australia Central",
              "Switzerland North",
              "Germany West Central",
              "Norway East",
              "Jio India West",
              "West US 3",
              "Sweden Central",
              "Korea South"
            ],
            "apiVersions": [
              "2021-03-01",
              "2020-10-01-preview"
            ],
            "capabilities": "None"
          },
          {
            "resourceType": "cloudServices/publicIPAddresses",
            "locations": [
              "Southeast Asia",
              "East US 2",
              "Central US",
              "West Europe",
              "East US",
              "North Central US",
              "South Central US",
              "West US",
              "North Europe",
              "East Asia",
              "Brazil South",
              "West US 2",
              "West Central US",
              "UK West",
              "UK South",
              "Japan East",
              "Japan West",
              "Canada Central",
              "Canada East",
              "Central India",
              "South India",
              "Australia East",
              "Australia Southeast",
              "Korea Central",
              "West India",
              "France Central",
              "South Africa North",
              "UAE North",
              "Australia Central",
              "Switzerland North",
              "Germany West Central",
              "Norway East",
              "Jio India West",
              "West US 3",
              "Sweden Central",
              "Korea South"
            ],
            "apiVersions": [
              "2021-03-01",
              "2020-10-01-preview"
            ],
            "capabilities": "None"
          },
          {
            "resourceType": "images",
            "locations": [
              "Southeast Asia",
              "East US 2",
              "Central US",
              "West Europe",
              "East US",
              "North Central US",
              "South Central US",
              "West US",
              "North Europe",
              "East Asia",
              "Brazil South",
              "West US 2",
              "West Central US",
              "UK West",
              "UK South",
              "Japan East",
              "Japan West",
              "Canada Central",
              "Canada East",
              "Central India",
              "South India",
              "Australia East",
              "Australia Southeast",
              "Korea Central",
              "West India",
              "France Central",
              "South Africa North",
              "UAE North",
              "Australia Central",
              "Switzerland North",
              "Germany West Central",
              "Norway East",
              "Jio India West",
              "West US 3",
              "Sweden Central",
              "Korea South"
            ],
            "apiVersions": [
              "2021-11-01",
              "2021-07-01",
              "2021-04-01",
              "2021-03-01",
              "2020-12-01",
              "2020-06-01",
              "2019-12-01",
              "2019-07-01",
              "2019-03-01",
              "2018-10-01",
              "2018-06-01",
              "2018-04-01",
              "2017-12-01",
              "2017-03-30",
              "2016-08-30",
              "2016-04-30-preview"
            ],
            "defaultApiVersion": "2021-07-01",
            "apiProfiles": [
              {
                "profileVersion": "2018-03-01-hybrid",
                "apiVersion": "2017-03-30"
              },
              {
                "profileVersion": "2018-06-01-profile",
                "apiVersion": "2018-04-01"
              }
            ],
            "capabilities": "CrossResourceGroupResourceMove, CrossSubscriptionResourceMove, SupportsTags, SupportsLocation"
          },
          {
            "resourceType": "locations/logAnalytics",
            "locations": [
              "East US",
              "East US 2",
              "West US",
              "Central US",
              "North Central US",
              "South Central US",
              "North Europe",
              "West Europe",
              "East Asia",
              "Southeast Asia",
              "Japan East",
              "Japan West",
              "Australia East",
              "Australia Southeast",
              "Australia Central",
              "Brazil South",
              "South India",
              "Central India",
              "West India",
              "Canada Central",
              "Canada East",
              "West US 2",
              "West Central US",
              "UK South",
              "UK West",
              "Korea Central",
              "France Central",
              "South Africa North",
              "UAE North",
              "Switzerland North",
              "Germany West Central",
              "Norway East",
              "Jio India West",
              "West US 3",
              "Sweden Central",
              "Korea South"
            ],
            "apiVersions": [
              "2021-11-01",
              "2021-07-01",
              "2021-04-01",
              "2021-03-01",
              "2020-12-01",
              "2020-06-01",
              "2019-12-01",
              "2019-07-01",
              "2019-03-01",
              "2018-10-01",
              "2018-06-01",
              "2018-04-01",
              "2017-12-01"
            ],
            "capabilities": "None"
          },
          {
            "resourceType": "hostGroups",
            "locations": [
              "Central US",
              "East US 2",
              "West Europe",
              "Southeast Asia",
              "France Central",
              "North Europe",
              "West US 2",
              "East US",
              "UK South",
              "Japan East",
              "Japan West",
              "East Asia",
              "North Central US",
              "South Central US",
              "Canada East",
              "Korea Central",
              "Brazil South",
              "UK West",
              "Canada Central",
              "West US",
              "West Central US",
              "Central India",
              "South India",
              "Australia Southeast",
              "West India",
              "South Africa North",
              "UAE North",
              "Australia Central",
              "Switzerland North",
              "Germany West Central",
              "Norway East",
              "Australia East",
              "Jio India West",
              "West US 3",
              "Sweden Central",
              "Korea South"
            ],
            "apiVersions": [
              "2021-11-01",
              "2021-07-01",
              "2021-04-01",
              "2021-03-01",
              "2020-12-01",
              "2020-06-01",
              "2019-12-01",
              "2019-07-01",
              "2019-03-01",
              "2018-10-01"
            ],
            "defaultApiVersion": "2021-07-01",
            "zoneMappings": [
              {
                "location": "Australia East",
                "zones": [
                  "2",
                  "1",
                  "3"
                ]
              },
              {
                "location": "Brazil South",
                "zones": [
                  "2",
                  "1",
                  "3"
                ]
              },
              {
                "location": "Canada Central",
                "zones": [
                  "2",
                  "1",
                  "3"
                ]
              },
              {
                "location": "Central India",
                "zones": [
                  "2",
                  "1",
                  "3"
                ]
              },
              {
                "location": "Central US",
                "zones": [
                  "2",
                  "1",
                  "3"
                ]
              },
              {
                "location": "East Asia",
                "zones": [
                  "2",
                  "1",
                  "3"
                ]
              },
              {
                "location": "East US",
                "zones": [
                  "2",
                  "1",
                  "3"
                ]
              },
              {
                "location": "East US 2",
                "zones": [
                  "2",
                  "1",
                  "3"
                ]
              },
              {
                "location": "France Central",
                "zones": [
                  "2",
                  "1",
                  "3"
                ]
              },
              {
                "location": "Germany West Central",
                "zones": [
                  "2",
                  "1",
                  "3"
                ]
              },
              {
                "location": "Japan East",
                "zones": [
                  "2",
                  "1",
                  "3"
                ]
              },
              {
                "location": "Korea Central",
                "zones": [
                  "2",
                  "1",
                  "3"
                ]
              },
              {
                "location": "North Central US",
                "zones": []
              },
              {
                "location": "North Europe",
                "zones": [
                  "2",
                  "1",
                  "3"
                ]
              },
              {
                "location": "Norway East",
                "zones": [
                  "2",
                  "1",
                  "3"
                ]
              },
              {
                "location": "South Africa North",
                "zones": [
                  "2",
                  "1",
                  "3"
                ]
              },
              {
                "location": "South Central US",
                "zones": [
                  "2",
                  "1",
                  "3"
                ]
              },
              {
                "location": "Southeast Asia",
                "zones": [
                  "2",
                  "1",
                  "3"
                ]
              },
              {
                "location": "Sweden Central",
                "zones": [
                  "2",
                  "1",
                  "3"
                ]
              },
              {
                "location": "Switzerland North",
                "zones": []
              },
              {
                "location": "UAE North",
                "zones": []
              },
              {
                "location": "UK South",
                "zones": [
                  "2",
                  "1",
                  "3"
                ]
              },
              {
                "location": "West Europe",
                "zones": [
                  "2",
                  "1",
                  "3"
                ]
              },
              {
                "location": "West US 2",
                "zones": [
                  "2",
                  "1",
                  "3"
                ]
              },
              {
                "location": "West US 3",
                "zones": [
                  "2",
                  "1",
                  "3"
                ]
              }
            ],
            "capabilities": "SupportsTags, SupportsLocation"
          },
          {
            "resourceType": "hostGroups/hosts",
            "locations": [
              "Central US",
              "East US 2",
              "West Europe",
              "Southeast Asia",
              "France Central",
              "North Europe",
              "West US 2",
              "East US",
              "UK South",
              "Japan East",
              "Japan West",
              "East Asia",
              "North Central US",
              "South Central US",
              "Canada East",
              "Korea Central",
              "Brazil South",
              "UK West",
              "Canada Central",
              "West US",
              "West Central US",
              "Central India",
              "South India",
              "Australia Southeast",
              "West India",
              "South Africa North",
              "UAE North",
              "Australia Central",
              "Switzerland North",
              "Germany West Central",
              "Norway East",
              "Australia East",
              "Jio India West",
              "West US 3",
              "Sweden Central",
              "Korea South"
            ],
            "apiVersions": [
              "2021-11-01",
              "2021-07-01",
              "2021-04-01",
              "2021-03-01",
              "2020-12-01",
              "2020-06-01",
              "2019-12-01",
              "2019-07-01",
              "2019-03-01",
              "2018-10-01"
            ],
            "defaultApiVersion": "2021-07-01",
            "zoneMappings": [
              {
                "location": "Australia East",
                "zones": [
                  "2",
                  "1",
                  "3"
                ]
              },
              {
                "location": "Brazil South",
                "zones": [
                  "2",
                  "1",
                  "3"
                ]
              },
              {
                "location": "Canada Central",
                "zones": [
                  "2",
                  "1",
                  "3"
                ]
              },
              {
                "location": "Central India",
                "zones": [
                  "2",
                  "1",
                  "3"
                ]
              },
              {
                "location": "Central US",
                "zones": [
                  "2",
                  "1",
                  "3"
                ]
              },
              {
                "location": "East Asia",
                "zones": [
                  "2",
                  "1",
                  "3"
                ]
              },
              {
                "location": "East US",
                "zones": [
                  "2",
                  "1",
                  "3"
                ]
              },
              {
                "location": "East US 2",
                "zones": [
                  "2",
                  "1",
                  "3"
                ]
              },
              {
                "location": "France Central",
                "zones": [
                  "2",
                  "1",
                  "3"
                ]
              },
              {
                "location": "Germany West Central",
                "zones": [
                  "2",
                  "1",
                  "3"
                ]
              },
              {
                "location": "Japan East",
                "zones": [
                  "2",
                  "1",
                  "3"
                ]
              },
              {
                "location": "Korea Central",
                "zones": [
                  "2",
                  "1",
                  "3"
                ]
              },
              {
                "location": "North Central US",
                "zones": []
              },
              {
                "location": "North Europe",
                "zones": [
                  "2",
                  "1",
                  "3"
                ]
              },
              {
                "location": "Norway East",
                "zones": [
                  "2",
                  "1",
                  "3"
                ]
              },
              {
                "location": "South Africa North",
                "zones": [
                  "2",
                  "1",
                  "3"
                ]
              },
              {
                "location": "South Central US",
                "zones": [
                  "2",
                  "1",
                  "3"
                ]
              },
              {
                "location": "Southeast Asia",
                "zones": [
                  "2",
                  "1",
                  "3"
                ]
              },
              {
                "location": "Sweden Central",
                "zones": [
                  "2",
                  "1",
                  "3"
                ]
              },
              {
                "location": "Switzerland North",
                "zones": []
              },
              {
                "location": "UAE North",
                "zones": []
              },
              {
                "location": "UK South",
                "zones": [
                  "2",
                  "1",
                  "3"
                ]
              },
              {
                "location": "West Europe",
                "zones": [
                  "2",
                  "1",
                  "3"
                ]
              },
              {
                "location": "West US 2",
                "zones": [
                  "2",
                  "1",
                  "3"
                ]
              },
              {
                "location": "West US 3",
                "zones": [
                  "2",
                  "1",
                  "3"
                ]
              }
            ],
            "capabilities": "SupportsTags, SupportsLocation"
          }
        ],
        "registrationState": "Registered",
        "registrationPolicy": "RegistrationRequired"
      }
    },
    {
      "RequestUri": "https://management.azure.com/subscriptions/db1ab6f0-4769-4b27-930e-01e2ef9c123c/resourceGroups/testrg3687/providers/Microsoft.Compute/availabilitySets/test-aset2941?api-version=2021-11-01",
      "RequestMethod": "PUT",
      "RequestHeaders": {
        "Accept": "application/json",
        "Authorization": "Sanitized",
        "Content-Length": "131",
        "Content-Type": "application/json",
        "traceparent": "00-29efe6fdf0d9294c9956e3d9f1d9c229-9760e2051a026040-00",
        "User-Agent": "azsdk-net-ResourceManager/1.0.0-alpha.20220116.1 (.NET Framework 4.8.4420.0; Microsoft Windows 10.0.22000 )",
        "x-ms-client-request-id": "d7dbcb6cdc2c7045c86a234202581f5c",
        "x-ms-return-client-request-id": "true"
      },
      "RequestBody": {
        "properties": {
          "platformUpdateDomainCount": 5,
          "platformFaultDomainCount": 2
        },
        "sku": {
          "name": "Aligned"
        },
        "tags": {},
        "location": "westus2"
      },
      "StatusCode": 200,
      "ResponseHeaders": {
        "Cache-Control": "no-cache",
        "Content-Length": "408",
        "Content-Type": "application/json; charset=utf-8",
        "Date": "Sun, 16 Jan 2022 09:50:00 GMT",
        "Expires": "-1",
        "Pragma": "no-cache",
        "Server": [
          "Microsoft-HTTPAPI/2.0",
          "Microsoft-HTTPAPI/2.0"
        ],
        "Strict-Transport-Security": "max-age=31536000; includeSubDomains",
        "X-Content-Type-Options": "nosniff",
        "x-ms-client-request-id": "d7dbcb6cdc2c7045c86a234202581f5c",
        "x-ms-correlation-request-id": "0fb378e1-d0d3-4e07-b870-e83e3b480838",
        "x-ms-ratelimit-remaining-resource": "Microsoft.Compute/PutVM3Min;223,Microsoft.Compute/PutVM30Min;1183",
        "x-ms-ratelimit-remaining-subscription-writes": "1181",
        "x-ms-request-id": "f5766822-36db-4d22-9265-3726646c8ed0",
        "x-ms-routing-request-id": "JAPANEAST:20220116T095001Z:0fb378e1-d0d3-4e07-b870-e83e3b480838"
      },
      "ResponseBody": [
        "{\r\n",
        "  \u0022name\u0022: \u0022test-aset2941\u0022,\r\n",
        "  \u0022id\u0022: \u0022/subscriptions/db1ab6f0-4769-4b27-930e-01e2ef9c123c/resourceGroups/testrg3687/providers/Microsoft.Compute/availabilitySets/test-aset2941\u0022,\r\n",
        "  \u0022type\u0022: \u0022Microsoft.Compute/availabilitySets\u0022,\r\n",
        "  \u0022location\u0022: \u0022westus2\u0022,\r\n",
        "  \u0022tags\u0022: {},\r\n",
        "  \u0022properties\u0022: {\r\n",
        "    \u0022platformUpdateDomainCount\u0022: 5,\r\n",
        "    \u0022platformFaultDomainCount\u0022: 2\r\n",
        "  },\r\n",
        "  \u0022sku\u0022: {\r\n",
        "    \u0022name\u0022: \u0022Aligned\u0022\r\n",
        "  }\r\n",
        "}"
      ]
    },
    {
      "RequestUri": "https://management.azure.com/subscriptions/db1ab6f0-4769-4b27-930e-01e2ef9c123c/resourceGroups/testrg3687/providers/Microsoft.Compute/availabilitySets/test-aset2941/providers/Microsoft.Resources/tags/default?api-version=2021-04-01",
      "RequestMethod": "DELETE",
      "RequestHeaders": {
        "Accept": "application/json",
        "Authorization": "Sanitized",
        "traceparent": "00-fc1fcb8ae97db643b45b74ebd0bce819-cc27d2f10af22446-00",
        "User-Agent": "azsdk-net-ResourceManager/1.0.0-alpha.20220116.1 (.NET Framework 4.8.4420.0; Microsoft Windows 10.0.22000 )",
        "x-ms-client-request-id": "877ff1e3a4dd0165b576a2417eb8cfb5",
        "x-ms-return-client-request-id": "true"
      },
      "RequestBody": null,
      "StatusCode": 200,
      "ResponseHeaders": {
        "Cache-Control": "no-cache",
        "Content-Length": "0",
        "Date": "Sun, 16 Jan 2022 09:50:02 GMT",
        "Expires": "-1",
        "Pragma": "no-cache",
        "Strict-Transport-Security": "max-age=31536000; includeSubDomains",
        "X-Content-Type-Options": "nosniff",
        "x-ms-correlation-request-id": "3578bba6-a42f-4760-bbd3-c71c966433d8",
        "x-ms-ratelimit-remaining-subscription-deletes": "14983",
        "x-ms-request-id": "3578bba6-a42f-4760-bbd3-c71c966433d8",
        "x-ms-routing-request-id": "JAPANEAST:20220116T095002Z:3578bba6-a42f-4760-bbd3-c71c966433d8"
      },
      "ResponseBody": []
    },
    {
      "RequestUri": "https://management.azure.com/subscriptions/db1ab6f0-4769-4b27-930e-01e2ef9c123c/resourceGroups/testrg3687/providers/Microsoft.Compute/availabilitySets/test-aset2941/providers/Microsoft.Resources/tags/default?api-version=2021-04-01",
      "RequestMethod": "GET",
      "RequestHeaders": {
        "Accept": "application/json",
        "Authorization": "Sanitized",
        "traceparent": "00-fc1fcb8ae97db643b45b74ebd0bce819-6d530e3bfbcbb740-00",
        "User-Agent": "azsdk-net-ResourceManager/1.0.0-alpha.20220116.1 (.NET Framework 4.8.4420.0; Microsoft Windows 10.0.22000 )",
        "x-ms-client-request-id": "41a9da90825dbbb14afe0a7c5af652c0",
        "x-ms-return-client-request-id": "true"
      },
      "RequestBody": null,
      "StatusCode": 200,
      "ResponseHeaders": {
        "Cache-Control": "no-cache",
        "Content-Length": "264",
        "Content-Type": "application/json; charset=utf-8",
        "Date": "Sun, 16 Jan 2022 09:50:02 GMT",
        "Expires": "-1",
        "Pragma": "no-cache",
        "Strict-Transport-Security": "max-age=31536000; includeSubDomains",
        "X-Content-Type-Options": "nosniff",
        "x-ms-correlation-request-id": "8f6c75a4-96af-42b8-83c4-c7ed57f20c58",
        "x-ms-ratelimit-remaining-subscription-reads": "11930",
        "x-ms-request-id": "8f6c75a4-96af-42b8-83c4-c7ed57f20c58",
        "x-ms-routing-request-id": "JAPANEAST:20220116T095002Z:8f6c75a4-96af-42b8-83c4-c7ed57f20c58"
      },
      "ResponseBody": {
        "id": "/subscriptions/db1ab6f0-4769-4b27-930e-01e2ef9c123c/resourceGroups/testrg3687/providers/Microsoft.Compute/availabilitySets/test-aset2941/providers/Microsoft.Resources/tags/default",
        "name": "default",
        "type": "Microsoft.Resources/tags",
        "properties": {
          "tags": {}
        }
      }
    },
    {
      "RequestUri": "https://management.azure.com/subscriptions/db1ab6f0-4769-4b27-930e-01e2ef9c123c/resourceGroups/testrg3687/providers/Microsoft.Compute/availabilitySets/test-aset2941/providers/Microsoft.Resources/tags/default?api-version=2021-04-01",
      "RequestMethod": "PUT",
      "RequestHeaders": {
        "Accept": "application/json",
        "Authorization": "Sanitized",
        "Content-Length": "39",
        "Content-Type": "application/json",
        "traceparent": "00-fc1fcb8ae97db643b45b74ebd0bce819-305beeb44c515f4d-00",
        "User-Agent": "azsdk-net-ResourceManager/1.0.0-alpha.20220116.1 (.NET Framework 4.8.4420.0; Microsoft Windows 10.0.22000 )",
        "x-ms-client-request-id": "115ee54e98d80c7e2a5edcac0d405d14",
        "x-ms-return-client-request-id": "true"
      },
      "RequestBody": {
        "properties": {
          "tags": {
            "key": "value"
          }
        }
      },
      "StatusCode": 200,
      "ResponseHeaders": {
        "Cache-Control": "no-cache",
        "Content-Length": "277",
        "Content-Type": "application/json; charset=utf-8",
        "Date": "Sun, 16 Jan 2022 09:50:03 GMT",
        "Expires": "-1",
        "Pragma": "no-cache",
        "Strict-Transport-Security": "max-age=31536000; includeSubDomains",
        "X-Content-Type-Options": "nosniff",
        "x-ms-correlation-request-id": "c2c1e1e2-1217-41b5-9461-cdcc515001ae",
        "x-ms-ratelimit-remaining-subscription-writes": "1180",
        "x-ms-request-id": "c2c1e1e2-1217-41b5-9461-cdcc515001ae",
        "x-ms-routing-request-id": "JAPANEAST:20220116T095003Z:c2c1e1e2-1217-41b5-9461-cdcc515001ae"
      },
      "ResponseBody": {
        "id": "/subscriptions/db1ab6f0-4769-4b27-930e-01e2ef9c123c/resourceGroups/testrg3687/providers/Microsoft.Compute/availabilitySets/test-aset2941/providers/Microsoft.Resources/tags/default",
        "name": "default",
        "type": "Microsoft.Resources/tags",
        "properties": {
          "tags": {
            "key": "value"
          }
        }
      }
    },
    {
      "RequestUri": "https://management.azure.com/subscriptions/db1ab6f0-4769-4b27-930e-01e2ef9c123c/resourceGroups/testrg3687/providers/Microsoft.Compute/availabilitySets/test-aset2941?api-version=2021-11-01",
      "RequestMethod": "GET",
      "RequestHeaders": {
        "Accept": "application/json",
        "Authorization": "Sanitized",
        "traceparent": "00-fc1fcb8ae97db643b45b74ebd0bce819-32e133867a980247-00",
        "User-Agent": "azsdk-net-ResourceManager/1.0.0-alpha.20220116.1 (.NET Framework 4.8.4420.0; Microsoft Windows 10.0.22000 )",
        "x-ms-client-request-id": "44bdcbdfdb5d60df3fc33cde9ae8a7be",
        "x-ms-return-client-request-id": "true"
      },
      "RequestBody": null,
      "StatusCode": 200,
      "ResponseHeaders": {
        "Cache-Control": "no-cache",
        "Content-Length": "460",
        "Content-Type": "application/json; charset=utf-8",
        "Date": "Sun, 16 Jan 2022 09:50:03 GMT",
        "Expires": "-1",
        "Pragma": "no-cache",
        "Server": [
          "Microsoft-HTTPAPI/2.0",
          "Microsoft-HTTPAPI/2.0"
        ],
        "Strict-Transport-Security": "max-age=31536000; includeSubDomains",
        "X-Content-Type-Options": "nosniff",
        "x-ms-client-request-id": "44bdcbdfdb5d60df3fc33cde9ae8a7be",
        "x-ms-correlation-request-id": "b088da06-0d5c-4b56-b5b4-242041e9362f",
        "x-ms-ratelimit-remaining-resource": "Microsoft.Compute/LowCostGet3Min;3989,Microsoft.Compute/LowCostGet30Min;31987",
        "x-ms-ratelimit-remaining-subscription-reads": "11929",
        "x-ms-request-id": "971b71ba-8d5f-4393-96e1-e85cc53b0749",
        "x-ms-routing-request-id": "JAPANEAST:20220116T095004Z:b088da06-0d5c-4b56-b5b4-242041e9362f"
      },
      "ResponseBody": [
        "{\r\n",
        "  \u0022name\u0022: \u0022test-aset2941\u0022,\r\n",
        "  \u0022id\u0022: \u0022/subscriptions/db1ab6f0-4769-4b27-930e-01e2ef9c123c/resourceGroups/testrg3687/providers/Microsoft.Compute/availabilitySets/test-aset2941\u0022,\r\n",
        "  \u0022type\u0022: \u0022Microsoft.Compute/availabilitySets\u0022,\r\n",
        "  \u0022location\u0022: \u0022westus2\u0022,\r\n",
        "  \u0022tags\u0022: {\r\n",
        "    \u0022key\u0022: \u0022value\u0022\r\n",
        "  },\r\n",
        "  \u0022properties\u0022: {\r\n",
        "    \u0022platformUpdateDomainCount\u0022: 5,\r\n",
        "    \u0022platformFaultDomainCount\u0022: 2,\r\n",
        "    \u0022virtualMachines\u0022: []\r\n",
        "  },\r\n",
        "  \u0022sku\u0022: {\r\n",
        "    \u0022name\u0022: \u0022Aligned\u0022\r\n",
        "  }\r\n",
        "}"
      ]
    }
  ],
  "Variables": {
    "RandomSeed": "1013260093",
    "RESOURCE_MANAGER_URL": "https://management.azure.com",
    "SUBSCRIPTION_ID": "db1ab6f0-4769-4b27-930e-01e2ef9c123c"
  }
}