{
  "Entries": [
    {
      "RequestUri": "/subscriptions/f9b96b36-1f5e-4021-8959-51527e26e6d3/resourcegroups/res3659?api-version=2017-05-10",
      "EncodedRequestUri": "L3N1YnNjcmlwdGlvbnMvZjliOTZiMzYtMWY1ZS00MDIxLTg5NTktNTE1MjdlMjZlNmQzL3Jlc291cmNlZ3JvdXBzL3JlczM2NTk/YXBpLXZlcnNpb249MjAxNy0wNS0xMA==",
      "RequestMethod": "PUT",
      "RequestBody": "{\r\n  \"location\": \"CENTRALUSEUAP\"\r\n}",
      "RequestHeaders": {
        "x-ms-client-request-id": [
          "408d0e8e-6009-4016-8d8d-95a009bb04aa"
        ],
        "Accept-Language": [
          "en-US"
        ],
        "User-Agent": [
          "FxVersion/4.6.30411.01",
          "OSName/Windows",
          "OSVersion/Microsoft.Windows.10.0.22000.",
          "Microsoft.Azure.Management.ResourceManager.ResourceManagementClient/1.6.0.0"
        ],
        "Content-Type": [
          "application/json; charset=utf-8"
        ],
        "Content-Length": [
          "35"
        ]
      },
      "ResponseHeaders": {
        "Cache-Control": [
          "no-cache"
        ],
        "Pragma": [
          "no-cache"
        ],
        "x-ms-ratelimit-remaining-subscription-writes": [
          "1199"
        ],
        "x-ms-request-id": [
          "e75f1828-7eaf-4bfb-8744-deca4c097a7f"
        ],
        "x-ms-correlation-request-id": [
          "e75f1828-7eaf-4bfb-8744-deca4c097a7f"
        ],
        "x-ms-routing-request-id": [
          "WESTUS2:20211101T185041Z:e75f1828-7eaf-4bfb-8744-deca4c097a7f"
        ],
        "Strict-Transport-Security": [
          "max-age=31536000; includeSubDomains"
        ],
        "X-Content-Type-Options": [
          "nosniff"
        ],
        "Date": [
          "Mon, 01 Nov 2021 18:50:41 GMT"
        ],
        "Content-Length": [
          "174"
        ],
        "Content-Type": [
          "application/json; charset=utf-8"
        ],
        "Expires": [
          "-1"
        ]
      },
      "ResponseBody": "{\r\n  \"id\": \"/subscriptions/f9b96b36-1f5e-4021-8959-51527e26e6d3/resourceGroups/res3659\",\r\n  \"name\": \"res3659\",\r\n  \"location\": \"centraluseuap\",\r\n  \"properties\": {\r\n    \"provisioningState\": \"Succeeded\"\r\n  }\r\n}",
      "StatusCode": 201
    },
    {
      "RequestUri": "/subscriptions/f9b96b36-1f5e-4021-8959-51527e26e6d3/resourceGroups/res3659/providers/Microsoft.CognitiveServices/accounts/zz?api-version=2021-10-01",
      "EncodedRequestUri": "L3N1YnNjcmlwdGlvbnMvZjliOTZiMzYtMWY1ZS00MDIxLTg5NTktNTE1MjdlMjZlNmQzL3Jlc291cmNlR3JvdXBzL3JlczM2NTkvcHJvdmlkZXJzL01pY3Jvc29mdC5Db2duaXRpdmVTZXJ2aWNlcy9hY2NvdW50cy96ej9hcGktdmVyc2lvbj0yMDIxLTEwLTAx",
      "RequestMethod": "PUT",
      "RequestBody": "{\r\n  \"kind\": \"Face\",\r\n  \"sku\": {\r\n    \"name\": \"S0\"\r\n  },\r\n  \"location\": \"CENTRALUSEUAP\",\r\n  \"properties\": {}\r\n}",
      "RequestHeaders": {
        "x-ms-client-request-id": [
          "84d7f08e-406a-4f93-a7fe-514c7d0df889"
        ],
        "Accept-Language": [
          "en-US"
        ],
        "User-Agent": [
          "FxVersion/4.6.30411.01",
          "OSName/Windows",
          "OSVersion/Microsoft.Windows.10.0.22000.",
          "Microsoft.Azure.Management.CognitiveServices.CognitiveServicesManagementClient/8.0.0.0"
        ],
        "Content-Type": [
          "application/json; charset=utf-8"
        ],
        "Content-Length": [
          "111"
        ]
      },
      "ResponseHeaders": {
        "Cache-Control": [
          "no-cache"
        ],
        "Pragma": [
          "no-cache"
        ],
        "ETag": [
          "\"0100ce5e-0000-3300-0000-618037030000\""
        ],
        "X-Content-Type-Options": [
          "nosniff"
        ],
        "x-ms-request-id": [
          "83f6c52a-f83f-4f4e-b075-b9c5881bb776"
        ],
        "azure-asyncoperation": [
          "https://management.azure.com/subscriptions/f9b96b36-1f5e-4021-8959-51527e26e6d3/providers/Microsoft.CognitiveServices/locations/CENTRALUSEUAP/operationResults/243bdd91-052c-47bf-9f19-63db7e29f8ab?api-version=2017-04-18"
        ],
        "x-envoy-upstream-service-time": [
          "331"
        ],
        "Server": [
          "istio-envoy"
        ],
        "x-ms-ratelimit-remaining-subscription-writes": [
          "1198"
        ],
        "x-ms-correlation-request-id": [
          "8e1ef0ee-74ba-4334-ba78-ff305bcf53a7"
        ],
        "x-ms-routing-request-id": [
          "WESTUS2:20211101T185044Z:8e1ef0ee-74ba-4334-ba78-ff305bcf53a7"
        ],
        "Strict-Transport-Security": [
          "max-age=31536000; includeSubDomains"
        ],
        "Date": [
          "Mon, 01 Nov 2021 18:50:44 GMT"
        ],
        "Content-Length": [
          "1454"
        ],
        "Content-Type": [
          "application/json; charset=utf-8"
        ],
        "Expires": [
          "-1"
        ]
      },
      "ResponseBody": "{\r\n  \"id\": \"/subscriptions/f9b96b36-1f5e-4021-8959-51527e26e6d3/resourceGroups/res3659/providers/Microsoft.CognitiveServices/accounts/zz\",\r\n  \"name\": \"zz\",\r\n  \"type\": \"Microsoft.CognitiveServices/accounts\",\r\n  \"etag\": \"\\\"0100ce5e-0000-3300-0000-618037030000\\\"\",\r\n  \"systemData\": {\r\n    \"createdBy\": \"50841d5f-166a-406c-8472-6800c9698b43\",\r\n    \"createdByType\": \"Application\",\r\n    \"createdAt\": \"2021-11-01T18:50:43.3676259Z\",\r\n    \"lastModifiedBy\": \"50841d5f-166a-406c-8472-6800c9698b43\",\r\n    \"lastModifiedByType\": \"Application\",\r\n    \"lastModifiedAt\": \"2021-11-01T18:50:43.3676259Z\"\r\n  },\r\n  \"location\": \"CENTRALUSEUAP\",\r\n  \"sku\": {\r\n    \"name\": \"S0\"\r\n  },\r\n  \"kind\": \"Face\",\r\n  \"properties\": {\r\n    \"endpoint\": \"https://centraluseuap.api.cognitive.microsoft.com/\",\r\n    \"internalId\": \"07eba60d7582452e80ac5400acf2efb5\",\r\n    \"dateCreated\": \"2021-11-01T18:50:43.5732746Z\",\r\n    \"callRateLimit\": {\r\n      \"rules\": [\r\n        {\r\n          \"key\": \"face\",\r\n          \"renewalPeriod\": 1,\r\n          \"count\": 15,\r\n          \"dynamicThrottlingEnabled\": false,\r\n          \"matchPatterns\": [\r\n            {\r\n              \"path\": \"face/*\",\r\n              \"method\": \"*\"\r\n            }\r\n          ]\r\n        },\r\n        {\r\n          \"key\": \"container.billing\",\r\n          \"renewalPeriod\": 10,\r\n          \"count\": 500,\r\n          \"dynamicThrottlingEnabled\": false,\r\n          \"matchPatterns\": [\r\n            {\r\n              \"path\": \"billing/*\",\r\n              \"method\": \"*\"\r\n            }\r\n          ]\r\n        },\r\n        {\r\n          \"key\": \"default\",\r\n          \"renewalPeriod\": 1,\r\n          \"count\": 15,\r\n          \"dynamicThrottlingEnabled\": false,\r\n          \"matchPatterns\": [\r\n            {\r\n              \"path\": \"*\",\r\n              \"method\": \"*\"\r\n            }\r\n          ]\r\n        }\r\n      ]\r\n    },\r\n    \"isMigrated\": false,\r\n    \"privateEndpointConnections\": [],\r\n    \"publicNetworkAccess\": \"Enabled\",\r\n    \"capabilities\": [\r\n      {\r\n        \"name\": \"VirtualNetworks\"\r\n      },\r\n      {\r\n        \"name\": \"Container\",\r\n        \"value\": \"Face.*,Face.Face\"\r\n      }\r\n    ],\r\n    \"endpoints\": {\r\n      \"Face\": \"https://centraluseuap.api.cognitive.microsoft.com/\"\r\n    },\r\n    \"provisioningState\": \"Creating\"\r\n  }\r\n}",
      "StatusCode": 201
    },
    {
      "RequestUri": "/subscriptions/f9b96b36-1f5e-4021-8959-51527e26e6d3/providers/Microsoft.CognitiveServices/locations/CENTRALUSEUAP/operationResults/243bdd91-052c-47bf-9f19-63db7e29f8ab?api-version=2017-04-18",
      "EncodedRequestUri": "L3N1YnNjcmlwdGlvbnMvZjliOTZiMzYtMWY1ZS00MDIxLTg5NTktNTE1MjdlMjZlNmQzL3Byb3ZpZGVycy9NaWNyb3NvZnQuQ29nbml0aXZlU2VydmljZXMvbG9jYXRpb25zL0NFTlRSQUxVU0VVQVAvb3BlcmF0aW9uUmVzdWx0cy8yNDNiZGQ5MS0wNTJjLTQ3YmYtOWYxOS02M2RiN2UyOWY4YWI/YXBpLXZlcnNpb249MjAxNy0wNC0xOA==",
      "RequestMethod": "GET",
      "RequestBody": "",
      "RequestHeaders": {
        "User-Agent": [
          "FxVersion/4.6.30411.01",
          "OSName/Windows",
          "OSVersion/Microsoft.Windows.10.0.22000.",
          "Microsoft.Azure.Management.CognitiveServices.CognitiveServicesManagementClient/8.0.0.0"
        ]
      },
      "ResponseHeaders": {
        "Cache-Control": [
          "no-cache"
        ],
        "Pragma": [
          "no-cache"
        ],
        "X-Content-Type-Options": [
          "nosniff"
        ],
        "x-ms-request-id": [
          "7b822b91-1912-4753-a2eb-02d8bf9bb5d2"
        ],
        "x-envoy-upstream-service-time": [
          "6"
        ],
        "Server": [
          "istio-envoy"
        ],
        "x-ms-ratelimit-remaining-subscription-reads": [
          "11998"
        ],
        "x-ms-correlation-request-id": [
          "115eacbc-d286-440b-8a48-08e14aec32e5"
        ],
        "x-ms-routing-request-id": [
          "WESTUS2:20211101T185114Z:115eacbc-d286-440b-8a48-08e14aec32e5"
        ],
        "Strict-Transport-Security": [
          "max-age=31536000; includeSubDomains"
        ],
        "Date": [
          "Mon, 01 Nov 2021 18:51:14 GMT"
        ],
        "Content-Length": [
          "311"
        ],
        "Content-Type": [
          "application/json; charset=utf-8"
        ],
        "Expires": [
          "-1"
        ]
      },
      "ResponseBody": "{\r\n  \"id\": \"/subscriptions/f9b96b36-1f5e-4021-8959-51527e26e6d3/providers/Microsoft.CognitiveServices/locations/CENTRALUSEUAP/operationResults/243bdd91-052c-47bf-9f19-63db7e29f8ab\",\r\n  \"name\": \"243bdd91-052c-47bf-9f19-63db7e29f8ab\",\r\n  \"status\": \"Succeeded\",\r\n  \"startTime\": \"2021-11-01T18:50:43Z\",\r\n  \"endTime\": \"2021-11-01T18:50:44Z\"\r\n}",
      "StatusCode": 200
    },
    {
      "RequestUri": "/subscriptions/f9b96b36-1f5e-4021-8959-51527e26e6d3/resourceGroups/res3659/providers/Microsoft.CognitiveServices/accounts/zz?api-version=2021-10-01",
      "EncodedRequestUri": "L3N1YnNjcmlwdGlvbnMvZjliOTZiMzYtMWY1ZS00MDIxLTg5NTktNTE1MjdlMjZlNmQzL3Jlc291cmNlR3JvdXBzL3JlczM2NTkvcHJvdmlkZXJzL01pY3Jvc29mdC5Db2duaXRpdmVTZXJ2aWNlcy9hY2NvdW50cy96ej9hcGktdmVyc2lvbj0yMDIxLTEwLTAx",
      "RequestMethod": "GET",
      "RequestBody": "",
      "RequestHeaders": {
        "User-Agent": [
          "FxVersion/4.6.30411.01",
          "OSName/Windows",
          "OSVersion/Microsoft.Windows.10.0.22000.",
          "Microsoft.Azure.Management.CognitiveServices.CognitiveServicesManagementClient/8.0.0.0"
        ]
      },
      "ResponseHeaders": {
        "Cache-Control": [
          "no-cache"
        ],
        "Pragma": [
          "no-cache"
        ],
        "ETag": [
          "\"0100cf5e-0000-3300-0000-618037040000\""
        ],
        "X-Content-Type-Options": [
          "nosniff"
        ],
        "x-ms-request-id": [
          "136c57c9-02e2-4b3d-9346-ba7111977dfc"
        ],
        "x-envoy-upstream-service-time": [
          "12"
        ],
        "Server": [
          "istio-envoy"
        ],
        "x-ms-ratelimit-remaining-subscription-reads": [
          "11997"
        ],
        "x-ms-correlation-request-id": [
          "95f16900-b12e-4df9-a57a-3423615cd764"
        ],
        "x-ms-routing-request-id": [
          "WESTUS2:20211101T185114Z:95f16900-b12e-4df9-a57a-3423615cd764"
        ],
        "Strict-Transport-Security": [
          "max-age=31536000; includeSubDomains"
        ],
        "Date": [
          "Mon, 01 Nov 2021 18:51:14 GMT"
        ],
        "Content-Length": [
          "1455"
        ],
        "Content-Type": [
          "application/json; charset=utf-8"
        ],
        "Expires": [
          "-1"
        ]
      },
      "ResponseBody": "{\r\n  \"id\": \"/subscriptions/f9b96b36-1f5e-4021-8959-51527e26e6d3/resourceGroups/res3659/providers/Microsoft.CognitiveServices/accounts/zz\",\r\n  \"name\": \"zz\",\r\n  \"type\": \"Microsoft.CognitiveServices/accounts\",\r\n  \"etag\": \"\\\"0100cf5e-0000-3300-0000-618037040000\\\"\",\r\n  \"systemData\": {\r\n    \"createdBy\": \"50841d5f-166a-406c-8472-6800c9698b43\",\r\n    \"createdByType\": \"Application\",\r\n    \"createdAt\": \"2021-11-01T18:50:43.3676259Z\",\r\n    \"lastModifiedBy\": \"50841d5f-166a-406c-8472-6800c9698b43\",\r\n    \"lastModifiedByType\": \"Application\",\r\n    \"lastModifiedAt\": \"2021-11-01T18:50:43.3676259Z\"\r\n  },\r\n  \"location\": \"CENTRALUSEUAP\",\r\n  \"sku\": {\r\n    \"name\": \"S0\"\r\n  },\r\n  \"kind\": \"Face\",\r\n  \"properties\": {\r\n    \"endpoint\": \"https://centraluseuap.api.cognitive.microsoft.com/\",\r\n    \"internalId\": \"07eba60d7582452e80ac5400acf2efb5\",\r\n    \"dateCreated\": \"2021-11-01T18:50:43.5732746Z\",\r\n    \"callRateLimit\": {\r\n      \"rules\": [\r\n        {\r\n          \"key\": \"face\",\r\n          \"renewalPeriod\": 1,\r\n          \"count\": 15,\r\n          \"dynamicThrottlingEnabled\": false,\r\n          \"matchPatterns\": [\r\n            {\r\n              \"path\": \"face/*\",\r\n              \"method\": \"*\"\r\n            }\r\n          ]\r\n        },\r\n        {\r\n          \"key\": \"container.billing\",\r\n          \"renewalPeriod\": 10,\r\n          \"count\": 500,\r\n          \"dynamicThrottlingEnabled\": false,\r\n          \"matchPatterns\": [\r\n            {\r\n              \"path\": \"billing/*\",\r\n              \"method\": \"*\"\r\n            }\r\n          ]\r\n        },\r\n        {\r\n          \"key\": \"default\",\r\n          \"renewalPeriod\": 1,\r\n          \"count\": 15,\r\n          \"dynamicThrottlingEnabled\": false,\r\n          \"matchPatterns\": [\r\n            {\r\n              \"path\": \"*\",\r\n              \"method\": \"*\"\r\n            }\r\n          ]\r\n        }\r\n      ]\r\n    },\r\n    \"isMigrated\": false,\r\n    \"privateEndpointConnections\": [],\r\n    \"publicNetworkAccess\": \"Enabled\",\r\n    \"capabilities\": [\r\n      {\r\n        \"name\": \"VirtualNetworks\"\r\n      },\r\n      {\r\n        \"name\": \"Container\",\r\n        \"value\": \"Face.*,Face.Face\"\r\n      }\r\n    ],\r\n    \"endpoints\": {\r\n      \"Face\": \"https://centraluseuap.api.cognitive.microsoft.com/\"\r\n    },\r\n    \"provisioningState\": \"Succeeded\"\r\n  }\r\n}",
      "StatusCode": 200
    },
    {
      "RequestUri": "/subscriptions/f9b96b36-1f5e-4021-8959-51527e26e6d3/resourceGroups/res3659/providers/Microsoft.CognitiveServices/accounts/AcadAcadAcadAcadAcadAcadAcadAcadAcadAcadAcadAcadAcadAcadAcadAcad?api-version=2021-10-01",
      "EncodedRequestUri": "L3N1YnNjcmlwdGlvbnMvZjliOTZiMzYtMWY1ZS00MDIxLTg5NTktNTE1MjdlMjZlNmQzL3Jlc291cmNlR3JvdXBzL3JlczM2NTkvcHJvdmlkZXJzL01pY3Jvc29mdC5Db2duaXRpdmVTZXJ2aWNlcy9hY2NvdW50cy9BY2FkQWNhZEFjYWRBY2FkQWNhZEFjYWRBY2FkQWNhZEFjYWRBY2FkQWNhZEFjYWRBY2FkQWNhZEFjYWRBY2FkP2FwaS12ZXJzaW9uPTIwMjEtMTAtMDE=",
      "RequestMethod": "PUT",
      "RequestBody": "{\r\n  \"kind\": \"Face\",\r\n  \"sku\": {\r\n    \"name\": \"S0\"\r\n  },\r\n  \"location\": \"CENTRALUSEUAP\",\r\n  \"properties\": {}\r\n}",
      "RequestHeaders": {
        "x-ms-client-request-id": [
          "14a8fc9c-17a6-43c0-a868-af49f0d59964"
        ],
        "Accept-Language": [
          "en-US"
        ],
        "User-Agent": [
          "FxVersion/4.6.30411.01",
          "OSName/Windows",
          "OSVersion/Microsoft.Windows.10.0.22000.",
          "Microsoft.Azure.Management.CognitiveServices.CognitiveServicesManagementClient/8.0.0.0"
        ],
        "Content-Type": [
          "application/json; charset=utf-8"
        ],
        "Content-Length": [
          "111"
        ]
      },
      "ResponseHeaders": {
        "Cache-Control": [
          "no-cache"
        ],
        "Pragma": [
          "no-cache"
        ],
        "ETag": [
          "\"0100d05e-0000-3300-0000-618037230000\""
        ],
        "X-Content-Type-Options": [
          "nosniff"
        ],
        "x-ms-request-id": [
          "41916e5b-d5f7-424d-af02-853d93921f03"
        ],
        "azure-asyncoperation": [
          "https://management.azure.com/subscriptions/f9b96b36-1f5e-4021-8959-51527e26e6d3/providers/Microsoft.CognitiveServices/locations/CENTRALUSEUAP/operationResults/f0cf20c3-e664-46c2-a340-1f97a326ae27?api-version=2017-04-18"
        ],
        "x-envoy-upstream-service-time": [
          "361"
        ],
        "Server": [
          "istio-envoy"
        ],
        "x-ms-ratelimit-remaining-subscription-writes": [
          "1197"
        ],
        "x-ms-correlation-request-id": [
          "5fd4b3c0-b914-4f2d-a47c-04f51d8d7bb3"
        ],
        "x-ms-routing-request-id": [
          "WESTUS2:20211101T185116Z:5fd4b3c0-b914-4f2d-a47c-04f51d8d7bb3"
        ],
        "Strict-Transport-Security": [
          "max-age=31536000; includeSubDomains"
        ],
        "Date": [
          "Mon, 01 Nov 2021 18:51:15 GMT"
        ],
        "Content-Length": [
          "1578"
        ],
        "Content-Type": [
          "application/json; charset=utf-8"
        ],
        "Expires": [
          "-1"
        ]
      },
      "ResponseBody": "{\r\n  \"id\": \"/subscriptions/f9b96b36-1f5e-4021-8959-51527e26e6d3/resourceGroups/res3659/providers/Microsoft.CognitiveServices/accounts/AcadAcadAcadAcadAcadAcadAcadAcadAcadAcadAcadAcadAcadAcadAcadAcad\",\r\n  \"name\": \"AcadAcadAcadAcadAcadAcadAcadAcadAcadAcadAcadAcadAcadAcadAcadAcad\",\r\n  \"type\": \"Microsoft.CognitiveServices/accounts\",\r\n  \"etag\": \"\\\"0100d05e-0000-3300-0000-618037230000\\\"\",\r\n  \"systemData\": {\r\n    \"createdBy\": \"50841d5f-166a-406c-8472-6800c9698b43\",\r\n    \"createdByType\": \"Application\",\r\n    \"createdAt\": \"2021-11-01T18:51:15.3433211Z\",\r\n    \"lastModifiedBy\": \"50841d5f-166a-406c-8472-6800c9698b43\",\r\n    \"lastModifiedByType\": \"Application\",\r\n    \"lastModifiedAt\": \"2021-11-01T18:51:15.3433211Z\"\r\n  },\r\n  \"location\": \"CENTRALUSEUAP\",\r\n  \"sku\": {\r\n    \"name\": \"S0\"\r\n  },\r\n  \"kind\": \"Face\",\r\n  \"properties\": {\r\n    \"endpoint\": \"https://centraluseuap.api.cognitive.microsoft.com/\",\r\n    \"internalId\": \"98070772ee1944a6be967aeef25c55aa\",\r\n    \"dateCreated\": \"2021-11-01T18:51:15.4139534Z\",\r\n    \"callRateLimit\": {\r\n      \"rules\": [\r\n        {\r\n          \"key\": \"face\",\r\n          \"renewalPeriod\": 1,\r\n          \"count\": 15,\r\n          \"dynamicThrottlingEnabled\": false,\r\n          \"matchPatterns\": [\r\n            {\r\n              \"path\": \"face/*\",\r\n              \"method\": \"*\"\r\n            }\r\n          ]\r\n        },\r\n        {\r\n          \"key\": \"container.billing\",\r\n          \"renewalPeriod\": 10,\r\n          \"count\": 500,\r\n          \"dynamicThrottlingEnabled\": false,\r\n          \"matchPatterns\": [\r\n            {\r\n              \"path\": \"billing/*\",\r\n              \"method\": \"*\"\r\n            }\r\n          ]\r\n        },\r\n        {\r\n          \"key\": \"default\",\r\n          \"renewalPeriod\": 1,\r\n          \"count\": 15,\r\n          \"dynamicThrottlingEnabled\": false,\r\n          \"matchPatterns\": [\r\n            {\r\n              \"path\": \"*\",\r\n              \"method\": \"*\"\r\n            }\r\n          ]\r\n        }\r\n      ]\r\n    },\r\n    \"isMigrated\": false,\r\n    \"privateEndpointConnections\": [],\r\n    \"publicNetworkAccess\": \"Enabled\",\r\n    \"capabilities\": [\r\n      {\r\n        \"name\": \"VirtualNetworks\"\r\n      },\r\n      {\r\n        \"name\": \"Container\",\r\n        \"value\": \"Face.*,Face.Face\"\r\n      }\r\n    ],\r\n    \"endpoints\": {\r\n      \"Face\": \"https://centraluseuap.api.cognitive.microsoft.com/\"\r\n    },\r\n    \"provisioningState\": \"Creating\"\r\n  }\r\n}",
      "StatusCode": 201
    },
    {
      "RequestUri": "/subscriptions/f9b96b36-1f5e-4021-8959-51527e26e6d3/providers/Microsoft.CognitiveServices/locations/CENTRALUSEUAP/operationResults/f0cf20c3-e664-46c2-a340-1f97a326ae27?api-version=2017-04-18",
      "EncodedRequestUri": "L3N1YnNjcmlwdGlvbnMvZjliOTZiMzYtMWY1ZS00MDIxLTg5NTktNTE1MjdlMjZlNmQzL3Byb3ZpZGVycy9NaWNyb3NvZnQuQ29nbml0aXZlU2VydmljZXMvbG9jYXRpb25zL0NFTlRSQUxVU0VVQVAvb3BlcmF0aW9uUmVzdWx0cy9mMGNmMjBjMy1lNjY0LTQ2YzItYTM0MC0xZjk3YTMyNmFlMjc/YXBpLXZlcnNpb249MjAxNy0wNC0xOA==",
      "RequestMethod": "GET",
      "RequestBody": "",
      "RequestHeaders": {
        "User-Agent": [
          "FxVersion/4.6.30411.01",
          "OSName/Windows",
          "OSVersion/Microsoft.Windows.10.0.22000.",
          "Microsoft.Azure.Management.CognitiveServices.CognitiveServicesManagementClient/8.0.0.0"
        ]
      },
      "ResponseHeaders": {
        "Cache-Control": [
          "no-cache"
        ],
        "Pragma": [
          "no-cache"
        ],
        "X-Content-Type-Options": [
          "nosniff"
        ],
        "x-ms-request-id": [
          "0f8bc13d-5bab-4206-b887-74f7b692d911"
        ],
        "x-envoy-upstream-service-time": [
          "6"
        ],
        "Server": [
          "istio-envoy"
        ],
        "x-ms-ratelimit-remaining-subscription-reads": [
          "11996"
        ],
        "x-ms-correlation-request-id": [
          "7cb4276f-850f-4bb2-b837-00c82ed22a31"
        ],
        "x-ms-routing-request-id": [
          "WESTUS2:20211101T185146Z:7cb4276f-850f-4bb2-b837-00c82ed22a31"
        ],
        "Strict-Transport-Security": [
          "max-age=31536000; includeSubDomains"
        ],
        "Date": [
          "Mon, 01 Nov 2021 18:51:45 GMT"
        ],
        "Content-Length": [
          "311"
        ],
        "Content-Type": [
          "application/json; charset=utf-8"
        ],
        "Expires": [
          "-1"
        ]
      },
      "ResponseBody": "{\r\n  \"id\": \"/subscriptions/f9b96b36-1f5e-4021-8959-51527e26e6d3/providers/Microsoft.CognitiveServices/locations/CENTRALUSEUAP/operationResults/f0cf20c3-e664-46c2-a340-1f97a326ae27\",\r\n  \"name\": \"f0cf20c3-e664-46c2-a340-1f97a326ae27\",\r\n  \"status\": \"Succeeded\",\r\n  \"startTime\": \"2021-11-01T18:51:15Z\",\r\n  \"endTime\": \"2021-11-01T18:51:16Z\"\r\n}",
      "StatusCode": 200
    },
    {
      "RequestUri": "/subscriptions/f9b96b36-1f5e-4021-8959-51527e26e6d3/resourceGroups/res3659/providers/Microsoft.CognitiveServices/accounts/AcadAcadAcadAcadAcadAcadAcadAcadAcadAcadAcadAcadAcadAcadAcadAcad?api-version=2021-10-01",
      "EncodedRequestUri": "L3N1YnNjcmlwdGlvbnMvZjliOTZiMzYtMWY1ZS00MDIxLTg5NTktNTE1MjdlMjZlNmQzL3Jlc291cmNlR3JvdXBzL3JlczM2NTkvcHJvdmlkZXJzL01pY3Jvc29mdC5Db2duaXRpdmVTZXJ2aWNlcy9hY2NvdW50cy9BY2FkQWNhZEFjYWRBY2FkQWNhZEFjYWRBY2FkQWNhZEFjYWRBY2FkQWNhZEFjYWRBY2FkQWNhZEFjYWRBY2FkP2FwaS12ZXJzaW9uPTIwMjEtMTAtMDE=",
      "RequestMethod": "GET",
      "RequestBody": "",
      "RequestHeaders": {
        "User-Agent": [
          "FxVersion/4.6.30411.01",
          "OSName/Windows",
          "OSVersion/Microsoft.Windows.10.0.22000.",
          "Microsoft.Azure.Management.CognitiveServices.CognitiveServicesManagementClient/8.0.0.0"
        ]
      },
      "ResponseHeaders": {
        "Cache-Control": [
          "no-cache"
        ],
        "Pragma": [
          "no-cache"
        ],
        "ETag": [
          "\"0100d15e-0000-3300-0000-618037240000\""
        ],
        "X-Content-Type-Options": [
          "nosniff"
        ],
        "x-ms-request-id": [
          "65647bd2-d12b-445b-9cca-6a2ed1156261"
        ],
        "x-envoy-upstream-service-time": [
          "10"
        ],
        "Server": [
          "istio-envoy"
        ],
        "x-ms-ratelimit-remaining-subscription-reads": [
          "11995"
        ],
        "x-ms-correlation-request-id": [
          "4deb8ac3-04db-4c75-a56d-1990738c3df2"
        ],
        "x-ms-routing-request-id": [
          "WESTUS2:20211101T185146Z:4deb8ac3-04db-4c75-a56d-1990738c3df2"
        ],
        "Strict-Transport-Security": [
          "max-age=31536000; includeSubDomains"
        ],
        "Date": [
          "Mon, 01 Nov 2021 18:51:45 GMT"
        ],
        "Content-Length": [
          "1579"
        ],
        "Content-Type": [
          "application/json; charset=utf-8"
        ],
        "Expires": [
          "-1"
        ]
      },
      "ResponseBody": "{\r\n  \"id\": \"/subscriptions/f9b96b36-1f5e-4021-8959-51527e26e6d3/resourceGroups/res3659/providers/Microsoft.CognitiveServices/accounts/AcadAcadAcadAcadAcadAcadAcadAcadAcadAcadAcadAcadAcadAcadAcadAcad\",\r\n  \"name\": \"AcadAcadAcadAcadAcadAcadAcadAcadAcadAcadAcadAcadAcadAcadAcadAcad\",\r\n  \"type\": \"Microsoft.CognitiveServices/accounts\",\r\n  \"etag\": \"\\\"0100d15e-0000-3300-0000-618037240000\\\"\",\r\n  \"systemData\": {\r\n    \"createdBy\": \"50841d5f-166a-406c-8472-6800c9698b43\",\r\n    \"createdByType\": \"Application\",\r\n    \"createdAt\": \"2021-11-01T18:51:15.3433211Z\",\r\n    \"lastModifiedBy\": \"50841d5f-166a-406c-8472-6800c9698b43\",\r\n    \"lastModifiedByType\": \"Application\",\r\n    \"lastModifiedAt\": \"2021-11-01T18:51:15.3433211Z\"\r\n  },\r\n  \"location\": \"CENTRALUSEUAP\",\r\n  \"sku\": {\r\n    \"name\": \"S0\"\r\n  },\r\n  \"kind\": \"Face\",\r\n  \"properties\": {\r\n    \"endpoint\": \"https://centraluseuap.api.cognitive.microsoft.com/\",\r\n    \"internalId\": \"98070772ee1944a6be967aeef25c55aa\",\r\n    \"dateCreated\": \"2021-11-01T18:51:15.4139534Z\",\r\n    \"callRateLimit\": {\r\n      \"rules\": [\r\n        {\r\n          \"key\": \"face\",\r\n          \"renewalPeriod\": 1,\r\n          \"count\": 15,\r\n          \"dynamicThrottlingEnabled\": false,\r\n          \"matchPatterns\": [\r\n            {\r\n              \"path\": \"face/*\",\r\n              \"method\": \"*\"\r\n            }\r\n          ]\r\n        },\r\n        {\r\n          \"key\": \"container.billing\",\r\n          \"renewalPeriod\": 10,\r\n          \"count\": 500,\r\n          \"dynamicThrottlingEnabled\": false,\r\n          \"matchPatterns\": [\r\n            {\r\n              \"path\": \"billing/*\",\r\n              \"method\": \"*\"\r\n            }\r\n          ]\r\n        },\r\n        {\r\n          \"key\": \"default\",\r\n          \"renewalPeriod\": 1,\r\n          \"count\": 15,\r\n          \"dynamicThrottlingEnabled\": false,\r\n          \"matchPatterns\": [\r\n            {\r\n              \"path\": \"*\",\r\n              \"method\": \"*\"\r\n            }\r\n          ]\r\n        }\r\n      ]\r\n    },\r\n    \"isMigrated\": false,\r\n    \"privateEndpointConnections\": [],\r\n    \"publicNetworkAccess\": \"Enabled\",\r\n    \"capabilities\": [\r\n      {\r\n        \"name\": \"VirtualNetworks\"\r\n      },\r\n      {\r\n        \"name\": \"Container\",\r\n        \"value\": \"Face.*,Face.Face\"\r\n      }\r\n    ],\r\n    \"endpoints\": {\r\n      \"Face\": \"https://centraluseuap.api.cognitive.microsoft.com/\"\r\n    },\r\n    \"provisioningState\": \"Succeeded\"\r\n  }\r\n}",
      "StatusCode": 200
    }
  ],
  "Names": {
    "CreateResourceGroup": [
      "res3659"
    ]
  },
  "Variables": {
    "SubscriptionId": "f9b96b36-1f5e-4021-8959-51527e26e6d3"
  }
}