{
  "Entries": [
    {
      "RequestUri": "/subscriptions/f9b96b36-1f5e-4021-8959-51527e26e6d3/resourcegroups/res6424?api-version=2017-05-10",
      "EncodedRequestUri": "L3N1YnNjcmlwdGlvbnMvZjliOTZiMzYtMWY1ZS00MDIxLTg5NTktNTE1MjdlMjZlNmQzL3Jlc291cmNlZ3JvdXBzL3JlczY0MjQ/YXBpLXZlcnNpb249MjAxNy0wNS0xMA==",
      "RequestMethod": "PUT",
      "RequestBody": "{\r\n  \"location\": \"CENTRALUS\"\r\n}",
      "RequestHeaders": {
        "x-ms-client-request-id": [
          "1f7f021a-cb94-4fce-9b22-b7ef63f7b8cc"
        ],
        "Accept-Language": [
          "en-US"
        ],
        "User-Agent": [
          "FxVersion/4.700.22.41602",
          "OSName/Windows",
          "OSVersion/Microsoft.Windows.10.0.22621",
          "Microsoft.Azure.Management.ResourceManager.ResourceManagementClient/1.6.0.0"
        ],
        "Content-Type": [
          "application/json; charset=utf-8"
        ],
        "Content-Length": [
          "31"
        ]
      },
      "ResponseHeaders": {
        "Cache-Control": [
          "no-cache"
        ],
        "Pragma": [
          "no-cache"
        ],
        "x-ms-ratelimit-remaining-subscription-writes": [
          "1199"
        ],
        "x-ms-request-id": [
          "a25e260b-49c2-4d16-91ea-4a4b5752f360"
        ],
        "x-ms-correlation-request-id": [
          "a25e260b-49c2-4d16-91ea-4a4b5752f360"
        ],
        "x-ms-routing-request-id": [
          "WESTUS2:20220929T031342Z:a25e260b-49c2-4d16-91ea-4a4b5752f360"
        ],
        "Strict-Transport-Security": [
          "max-age=31536000; includeSubDomains"
        ],
        "X-Content-Type-Options": [
          "nosniff"
        ],
        "Date": [
          "Thu, 29 Sep 2022 03:13:41 GMT"
        ],
        "Content-Length": [
          "170"
        ],
        "Content-Type": [
          "application/json; charset=utf-8"
        ],
        "Expires": [
          "-1"
        ]
      },
      "ResponseBody": "{\r\n  \"id\": \"/subscriptions/f9b96b36-1f5e-4021-8959-51527e26e6d3/resourceGroups/res6424\",\r\n  \"name\": \"res6424\",\r\n  \"location\": \"centralus\",\r\n  \"properties\": {\r\n    \"provisioningState\": \"Succeeded\"\r\n  }\r\n}",
      "StatusCode": 201
    },
    {
      "RequestUri": "/subscriptions/f9b96b36-1f5e-4021-8959-51527e26e6d3/resourceGroups/res6424/providers/Microsoft.CognitiveServices/accounts/zz?api-version=2022-10-01",
      "EncodedRequestUri": "L3N1YnNjcmlwdGlvbnMvZjliOTZiMzYtMWY1ZS00MDIxLTg5NTktNTE1MjdlMjZlNmQzL3Jlc291cmNlR3JvdXBzL3JlczY0MjQvcHJvdmlkZXJzL01pY3Jvc29mdC5Db2duaXRpdmVTZXJ2aWNlcy9hY2NvdW50cy96ej9hcGktdmVyc2lvbj0yMDIyLTEwLTAx",
      "RequestMethod": "PUT",
      "RequestBody": "{\r\n  \"kind\": \"Face\",\r\n  \"sku\": {\r\n    \"name\": \"S0\"\r\n  },\r\n  \"location\": \"CENTRALUS\",\r\n  \"properties\": {}\r\n}",
      "RequestHeaders": {
        "x-ms-client-request-id": [
          "951508fd-66ea-4abc-9d90-d9b59afa013c"
        ],
        "Accept-Language": [
          "en-US"
        ],
        "User-Agent": [
          "FxVersion/4.700.22.41602",
          "OSName/Windows",
          "OSVersion/Microsoft.Windows.10.0.22621",
          "Microsoft.Azure.Management.CognitiveServices.CognitiveServicesManagementClient/8.4.0.0"
        ],
        "Content-Type": [
          "application/json; charset=utf-8"
        ],
        "Content-Length": [
          "107"
        ]
      },
      "ResponseHeaders": {
        "Cache-Control": [
          "no-cache"
        ],
        "Pragma": [
          "no-cache"
        ],
        "ETag": [
          "\"3f002987-0000-0300-0000-63350d680000\""
        ],
        "X-Content-Type-Options": [
          "nosniff"
        ],
        "x-ms-request-id": [
          "7498d7ba-aeea-461f-873c-0e7b9f419dad"
        ],
        "azure-asyncoperation": [
          "https://management.azure.com/subscriptions/f9b96b36-1f5e-4021-8959-51527e26e6d3/providers/Microsoft.CognitiveServices/locations/CENTRALUS/operationResults/18402b9c-9d7a-4e10-b7c1-0e1abee5bd1d?api-version=2017-04-18"
        ],
        "x-envoy-upstream-service-time": [
          "258"
        ],
        "Server": [
          "istio-envoy"
        ],
        "x-ms-ratelimit-remaining-subscription-writes": [
          "1198"
        ],
        "x-ms-correlation-request-id": [
          "fdf405ca-c1e2-4053-87f7-e8323db0b3ce"
        ],
        "x-ms-routing-request-id": [
          "WESTUS2:20220929T031345Z:fdf405ca-c1e2-4053-87f7-e8323db0b3ce"
        ],
        "Strict-Transport-Security": [
          "max-age=31536000; includeSubDomains"
        ],
        "Date": [
          "Thu, 29 Sep 2022 03:13:44 GMT"
        ],
        "Content-Length": [
          "1503"
        ],
        "Content-Type": [
          "application/json; charset=utf-8"
        ],
        "Expires": [
          "-1"
        ]
      },
      "ResponseBody": "{\r\n  \"id\": \"/subscriptions/f9b96b36-1f5e-4021-8959-51527e26e6d3/resourceGroups/res6424/providers/Microsoft.CognitiveServices/accounts/zz\",\r\n  \"name\": \"zz\",\r\n  \"type\": \"Microsoft.CognitiveServices/accounts\",\r\n  \"etag\": \"\\\"3f002987-0000-0300-0000-63350d680000\\\"\",\r\n  \"location\": \"CENTRALUS\",\r\n  \"sku\": {\r\n    \"name\": \"S0\"\r\n  },\r\n  \"kind\": \"Face\",\r\n  \"properties\": {\r\n    \"endpoint\": \"https://centralus.api.cognitive.microsoft.com/\",\r\n    \"internalId\": \"9f2f5800d37e48a2857e2d3e689bd27e\",\r\n    \"dateCreated\": \"2022-09-29T03:13:44.2443685Z\",\r\n    \"callRateLimit\": {\r\n      \"rules\": [\r\n        {\r\n          \"key\": \"face\",\r\n          \"renewalPeriod\": 1,\r\n          \"count\": 10,\r\n          \"dynamicThrottlingEnabled\": false,\r\n          \"matchPatterns\": [\r\n            {\r\n              \"path\": \"face/*\",\r\n              \"method\": \"*\"\r\n            }\r\n          ]\r\n        },\r\n        {\r\n          \"key\": \"container.billing\",\r\n          \"renewalPeriod\": 10,\r\n          \"count\": 500,\r\n          \"dynamicThrottlingEnabled\": false,\r\n          \"matchPatterns\": [\r\n            {\r\n              \"path\": \"billing/*\",\r\n              \"method\": \"*\"\r\n            }\r\n          ]\r\n        },\r\n        {\r\n          \"key\": \"default\",\r\n          \"renewalPeriod\": 1,\r\n          \"count\": 10,\r\n          \"dynamicThrottlingEnabled\": false,\r\n          \"matchPatterns\": [\r\n            {\r\n              \"path\": \"*\",\r\n              \"method\": \"*\"\r\n            }\r\n          ]\r\n        }\r\n      ]\r\n    },\r\n    \"isMigrated\": false,\r\n    \"privateEndpointConnections\": [],\r\n    \"publicNetworkAccess\": \"Enabled\",\r\n    \"capabilities\": [\r\n      {\r\n        \"name\": \"VirtualNetworks\"\r\n      },\r\n      {\r\n        \"name\": \"Container\",\r\n        \"value\": \"Face.*,Face.Face\"\r\n      },\r\n      {\r\n        \"name\": \"Scenario\",\r\n        \"value\": \"Face.LegacyPreview,Face.Legacy\"\r\n      }\r\n    ],\r\n    \"endpoints\": {\r\n      \"Face\": \"https://centralus.api.cognitive.microsoft.com/\"\r\n    },\r\n    \"provisioningState\": \"Creating\"\r\n  },\r\n  \"systemData\": {\r\n    \"createdBy\": \"50841d5f-166a-406c-8472-6800c9698b43\",\r\n    \"createdByType\": \"Application\",\r\n    \"createdAt\": \"2022-09-29T03:13:44.0561275Z\",\r\n    \"lastModifiedBy\": \"50841d5f-166a-406c-8472-6800c9698b43\",\r\n    \"lastModifiedByType\": \"Application\",\r\n    \"lastModifiedAt\": \"2022-09-29T03:13:44.0561275Z\"\r\n  }\r\n}",
      "StatusCode": 201
    },
    {
      "RequestUri": "/subscriptions/f9b96b36-1f5e-4021-8959-51527e26e6d3/providers/Microsoft.CognitiveServices/locations/CENTRALUS/operationResults/18402b9c-9d7a-4e10-b7c1-0e1abee5bd1d?api-version=2017-04-18",
      "EncodedRequestUri": "L3N1YnNjcmlwdGlvbnMvZjliOTZiMzYtMWY1ZS00MDIxLTg5NTktNTE1MjdlMjZlNmQzL3Byb3ZpZGVycy9NaWNyb3NvZnQuQ29nbml0aXZlU2VydmljZXMvbG9jYXRpb25zL0NFTlRSQUxVUy9vcGVyYXRpb25SZXN1bHRzLzE4NDAyYjljLTlkN2EtNGUxMC1iN2MxLTBlMWFiZWU1YmQxZD9hcGktdmVyc2lvbj0yMDE3LTA0LTE4",
      "RequestMethod": "GET",
      "RequestBody": "",
      "RequestHeaders": {
        "User-Agent": [
          "FxVersion/4.700.22.41602",
          "OSName/Windows",
          "OSVersion/Microsoft.Windows.10.0.22621",
          "Microsoft.Azure.Management.CognitiveServices.CognitiveServicesManagementClient/8.4.0.0"
        ]
      },
      "ResponseHeaders": {
        "Cache-Control": [
          "no-cache"
        ],
        "Pragma": [
          "no-cache"
        ],
        "X-Content-Type-Options": [
          "nosniff"
        ],
        "x-ms-request-id": [
          "80da039a-6f65-4431-9c37-d91444e6d1ee"
        ],
        "x-envoy-upstream-service-time": [
          "6"
        ],
        "Server": [
          "istio-envoy"
        ],
        "x-ms-ratelimit-remaining-subscription-reads": [
          "11999"
        ],
        "x-ms-correlation-request-id": [
          "4618be1a-b68b-475e-bf8c-5d7c545d9057"
        ],
        "x-ms-routing-request-id": [
          "WESTUS2:20220929T031415Z:4618be1a-b68b-475e-bf8c-5d7c545d9057"
        ],
        "Strict-Transport-Security": [
          "max-age=31536000; includeSubDomains"
        ],
        "Date": [
          "Thu, 29 Sep 2022 03:14:15 GMT"
        ],
        "Content-Length": [
          "307"
        ],
        "Content-Type": [
          "application/json; charset=utf-8"
        ],
        "Expires": [
          "-1"
        ]
      },
      "ResponseBody": "{\r\n  \"id\": \"/subscriptions/f9b96b36-1f5e-4021-8959-51527e26e6d3/providers/Microsoft.CognitiveServices/locations/CENTRALUS/operationResults/18402b9c-9d7a-4e10-b7c1-0e1abee5bd1d\",\r\n  \"name\": \"18402b9c-9d7a-4e10-b7c1-0e1abee5bd1d\",\r\n  \"status\": \"Succeeded\",\r\n  \"startTime\": \"2022-09-29T03:13:44Z\",\r\n  \"endTime\": \"2022-09-29T03:13:44Z\"\r\n}",
      "StatusCode": 200
    },
    {
      "RequestUri": "/subscriptions/f9b96b36-1f5e-4021-8959-51527e26e6d3/resourceGroups/res6424/providers/Microsoft.CognitiveServices/accounts/zz?api-version=2022-10-01",
      "EncodedRequestUri": "L3N1YnNjcmlwdGlvbnMvZjliOTZiMzYtMWY1ZS00MDIxLTg5NTktNTE1MjdlMjZlNmQzL3Jlc291cmNlR3JvdXBzL3JlczY0MjQvcHJvdmlkZXJzL01pY3Jvc29mdC5Db2duaXRpdmVTZXJ2aWNlcy9hY2NvdW50cy96ej9hcGktdmVyc2lvbj0yMDIyLTEwLTAx",
      "RequestMethod": "GET",
      "RequestBody": "",
      "RequestHeaders": {
        "User-Agent": [
          "FxVersion/4.700.22.41602",
          "OSName/Windows",
          "OSVersion/Microsoft.Windows.10.0.22621",
          "Microsoft.Azure.Management.CognitiveServices.CognitiveServicesManagementClient/8.4.0.0"
        ]
      },
      "ResponseHeaders": {
        "Cache-Control": [
          "no-cache"
        ],
        "Pragma": [
          "no-cache"
        ],
        "ETag": [
          "\"3f002c87-0000-0300-0000-63350d680000\""
        ],
        "X-Content-Type-Options": [
          "nosniff"
        ],
        "x-ms-request-id": [
          "3cafc6a5-fb96-482c-8464-ee9f16319480"
        ],
        "x-envoy-upstream-service-time": [
          "9"
        ],
        "Server": [
          "istio-envoy"
        ],
        "x-ms-ratelimit-remaining-subscription-reads": [
          "11998"
        ],
        "x-ms-correlation-request-id": [
          "ffb0c6fa-3d32-40f1-9dad-c9dae59614ab"
        ],
        "x-ms-routing-request-id": [
          "WESTUS2:20220929T031415Z:ffb0c6fa-3d32-40f1-9dad-c9dae59614ab"
        ],
        "Strict-Transport-Security": [
          "max-age=31536000; includeSubDomains"
        ],
        "Date": [
          "Thu, 29 Sep 2022 03:14:15 GMT"
        ],
        "Content-Length": [
          "1504"
        ],
        "Content-Type": [
          "application/json; charset=utf-8"
        ],
        "Expires": [
          "-1"
        ]
      },
      "ResponseBody": "{\r\n  \"id\": \"/subscriptions/f9b96b36-1f5e-4021-8959-51527e26e6d3/resourceGroups/res6424/providers/Microsoft.CognitiveServices/accounts/zz\",\r\n  \"name\": \"zz\",\r\n  \"type\": \"Microsoft.CognitiveServices/accounts\",\r\n  \"etag\": \"\\\"3f002c87-0000-0300-0000-63350d680000\\\"\",\r\n  \"location\": \"CENTRALUS\",\r\n  \"sku\": {\r\n    \"name\": \"S0\"\r\n  },\r\n  \"kind\": \"Face\",\r\n  \"properties\": {\r\n    \"endpoint\": \"https://centralus.api.cognitive.microsoft.com/\",\r\n    \"internalId\": \"9f2f5800d37e48a2857e2d3e689bd27e\",\r\n    \"dateCreated\": \"2022-09-29T03:13:44.2443685Z\",\r\n    \"callRateLimit\": {\r\n      \"rules\": [\r\n        {\r\n          \"key\": \"face\",\r\n          \"renewalPeriod\": 1,\r\n          \"count\": 10,\r\n          \"dynamicThrottlingEnabled\": false,\r\n          \"matchPatterns\": [\r\n            {\r\n              \"path\": \"face/*\",\r\n              \"method\": \"*\"\r\n            }\r\n          ]\r\n        },\r\n        {\r\n          \"key\": \"container.billing\",\r\n          \"renewalPeriod\": 10,\r\n          \"count\": 500,\r\n          \"dynamicThrottlingEnabled\": false,\r\n          \"matchPatterns\": [\r\n            {\r\n              \"path\": \"billing/*\",\r\n              \"method\": \"*\"\r\n            }\r\n          ]\r\n        },\r\n        {\r\n          \"key\": \"default\",\r\n          \"renewalPeriod\": 1,\r\n          \"count\": 10,\r\n          \"dynamicThrottlingEnabled\": false,\r\n          \"matchPatterns\": [\r\n            {\r\n              \"path\": \"*\",\r\n              \"method\": \"*\"\r\n            }\r\n          ]\r\n        }\r\n      ]\r\n    },\r\n    \"isMigrated\": false,\r\n    \"privateEndpointConnections\": [],\r\n    \"publicNetworkAccess\": \"Enabled\",\r\n    \"capabilities\": [\r\n      {\r\n        \"name\": \"VirtualNetworks\"\r\n      },\r\n      {\r\n        \"name\": \"Container\",\r\n        \"value\": \"Face.*,Face.Face\"\r\n      },\r\n      {\r\n        \"name\": \"Scenario\",\r\n        \"value\": \"Face.LegacyPreview,Face.Legacy\"\r\n      }\r\n    ],\r\n    \"endpoints\": {\r\n      \"Face\": \"https://centralus.api.cognitive.microsoft.com/\"\r\n    },\r\n    \"provisioningState\": \"Succeeded\"\r\n  },\r\n  \"systemData\": {\r\n    \"createdBy\": \"50841d5f-166a-406c-8472-6800c9698b43\",\r\n    \"createdByType\": \"Application\",\r\n    \"createdAt\": \"2022-09-29T03:13:44.0561275Z\",\r\n    \"lastModifiedBy\": \"50841d5f-166a-406c-8472-6800c9698b43\",\r\n    \"lastModifiedByType\": \"Application\",\r\n    \"lastModifiedAt\": \"2022-09-29T03:13:44.0561275Z\"\r\n  }\r\n}",
      "StatusCode": 200
    },
    {
      "RequestUri": "/subscriptions/f9b96b36-1f5e-4021-8959-51527e26e6d3/resourceGroups/res6424/providers/Microsoft.CognitiveServices/accounts/AcadAcadAcadAcadAcadAcadAcadAcadAcadAcadAcadAcadAcadAcadAcadAcad?api-version=2022-10-01",
      "EncodedRequestUri": "L3N1YnNjcmlwdGlvbnMvZjliOTZiMzYtMWY1ZS00MDIxLTg5NTktNTE1MjdlMjZlNmQzL3Jlc291cmNlR3JvdXBzL3JlczY0MjQvcHJvdmlkZXJzL01pY3Jvc29mdC5Db2duaXRpdmVTZXJ2aWNlcy9hY2NvdW50cy9BY2FkQWNhZEFjYWRBY2FkQWNhZEFjYWRBY2FkQWNhZEFjYWRBY2FkQWNhZEFjYWRBY2FkQWNhZEFjYWRBY2FkP2FwaS12ZXJzaW9uPTIwMjItMTAtMDE=",
      "RequestMethod": "PUT",
      "RequestBody": "{\r\n  \"kind\": \"Face\",\r\n  \"sku\": {\r\n    \"name\": \"S0\"\r\n  },\r\n  \"location\": \"CENTRALUS\",\r\n  \"properties\": {}\r\n}",
      "RequestHeaders": {
        "x-ms-client-request-id": [
          "bd5d5ef7-747e-48d4-a3cc-72c7a60d7185"
        ],
        "Accept-Language": [
          "en-US"
        ],
        "User-Agent": [
          "FxVersion/4.700.22.41602",
          "OSName/Windows",
          "OSVersion/Microsoft.Windows.10.0.22621",
          "Microsoft.Azure.Management.CognitiveServices.CognitiveServicesManagementClient/8.4.0.0"
        ],
        "Content-Type": [
          "application/json; charset=utf-8"
        ],
        "Content-Length": [
          "107"
        ]
      },
      "ResponseHeaders": {
        "Cache-Control": [
          "no-cache"
        ],
        "Pragma": [
          "no-cache"
        ],
        "ETag": [
          "\"3f009187-0000-0300-0000-63350d880000\""
        ],
        "X-Content-Type-Options": [
          "nosniff"
        ],
        "x-ms-request-id": [
          "16b3fd89-1373-4730-a650-f6a24ee1cb4f"
        ],
        "azure-asyncoperation": [
          "https://management.azure.com/subscriptions/f9b96b36-1f5e-4021-8959-51527e26e6d3/providers/Microsoft.CognitiveServices/locations/CENTRALUS/operationResults/a0127e22-e316-4791-ad51-6ad005c422ac?api-version=2017-04-18"
        ],
        "x-envoy-upstream-service-time": [
          "276"
        ],
        "Server": [
          "istio-envoy"
        ],
        "x-ms-ratelimit-remaining-subscription-writes": [
          "1197"
        ],
        "x-ms-correlation-request-id": [
          "7b9896a4-d7e0-4ef6-8941-59564c8e82cc"
        ],
        "x-ms-routing-request-id": [
          "WESTUS2:20220929T031416Z:7b9896a4-d7e0-4ef6-8941-59564c8e82cc"
        ],
        "Strict-Transport-Security": [
          "max-age=31536000; includeSubDomains"
        ],
        "Date": [
          "Thu, 29 Sep 2022 03:14:16 GMT"
        ],
        "Content-Length": [
          "1627"
        ],
        "Content-Type": [
          "application/json; charset=utf-8"
        ],
        "Expires": [
          "-1"
        ]
      },
      "ResponseBody": "{\r\n  \"id\": \"/subscriptions/f9b96b36-1f5e-4021-8959-51527e26e6d3/resourceGroups/res6424/providers/Microsoft.CognitiveServices/accounts/AcadAcadAcadAcadAcadAcadAcadAcadAcadAcadAcadAcadAcadAcadAcadAcad\",\r\n  \"name\": \"AcadAcadAcadAcadAcadAcadAcadAcadAcadAcadAcadAcadAcadAcadAcadAcad\",\r\n  \"type\": \"Microsoft.CognitiveServices/accounts\",\r\n  \"etag\": \"\\\"3f009187-0000-0300-0000-63350d880000\\\"\",\r\n  \"location\": \"CENTRALUS\",\r\n  \"sku\": {\r\n    \"name\": \"S0\"\r\n  },\r\n  \"kind\": \"Face\",\r\n  \"properties\": {\r\n    \"endpoint\": \"https://centralus.api.cognitive.microsoft.com/\",\r\n    \"internalId\": \"7e859740d17543ed82da883550544c61\",\r\n    \"dateCreated\": \"2022-09-29T03:14:16.0063858Z\",\r\n    \"callRateLimit\": {\r\n      \"rules\": [\r\n        {\r\n          \"key\": \"face\",\r\n          \"renewalPeriod\": 1,\r\n          \"count\": 10,\r\n          \"dynamicThrottlingEnabled\": false,\r\n          \"matchPatterns\": [\r\n            {\r\n              \"path\": \"face/*\",\r\n              \"method\": \"*\"\r\n            }\r\n          ]\r\n        },\r\n        {\r\n          \"key\": \"container.billing\",\r\n          \"renewalPeriod\": 10,\r\n          \"count\": 500,\r\n          \"dynamicThrottlingEnabled\": false,\r\n          \"matchPatterns\": [\r\n            {\r\n              \"path\": \"billing/*\",\r\n              \"method\": \"*\"\r\n            }\r\n          ]\r\n        },\r\n        {\r\n          \"key\": \"default\",\r\n          \"renewalPeriod\": 1,\r\n          \"count\": 10,\r\n          \"dynamicThrottlingEnabled\": false,\r\n          \"matchPatterns\": [\r\n            {\r\n              \"path\": \"*\",\r\n              \"method\": \"*\"\r\n            }\r\n          ]\r\n        }\r\n      ]\r\n    },\r\n    \"isMigrated\": false,\r\n    \"privateEndpointConnections\": [],\r\n    \"publicNetworkAccess\": \"Enabled\",\r\n    \"capabilities\": [\r\n      {\r\n        \"name\": \"VirtualNetworks\"\r\n      },\r\n      {\r\n        \"name\": \"Container\",\r\n        \"value\": \"Face.*,Face.Face\"\r\n      },\r\n      {\r\n        \"name\": \"Scenario\",\r\n        \"value\": \"Face.LegacyPreview,Face.Legacy\"\r\n      }\r\n    ],\r\n    \"endpoints\": {\r\n      \"Face\": \"https://centralus.api.cognitive.microsoft.com/\"\r\n    },\r\n    \"provisioningState\": \"Creating\"\r\n  },\r\n  \"systemData\": {\r\n    \"createdBy\": \"50841d5f-166a-406c-8472-6800c9698b43\",\r\n    \"createdByType\": \"Application\",\r\n    \"createdAt\": \"2022-09-29T03:14:15.9465051Z\",\r\n    \"lastModifiedBy\": \"50841d5f-166a-406c-8472-6800c9698b43\",\r\n    \"lastModifiedByType\": \"Application\",\r\n    \"lastModifiedAt\": \"2022-09-29T03:14:15.9465051Z\"\r\n  }\r\n}",
      "StatusCode": 201
    },
    {
      "RequestUri": "/subscriptions/f9b96b36-1f5e-4021-8959-51527e26e6d3/providers/Microsoft.CognitiveServices/locations/CENTRALUS/operationResults/a0127e22-e316-4791-ad51-6ad005c422ac?api-version=2017-04-18",
      "EncodedRequestUri": "L3N1YnNjcmlwdGlvbnMvZjliOTZiMzYtMWY1ZS00MDIxLTg5NTktNTE1MjdlMjZlNmQzL3Byb3ZpZGVycy9NaWNyb3NvZnQuQ29nbml0aXZlU2VydmljZXMvbG9jYXRpb25zL0NFTlRSQUxVUy9vcGVyYXRpb25SZXN1bHRzL2EwMTI3ZTIyLWUzMTYtNDc5MS1hZDUxLTZhZDAwNWM0MjJhYz9hcGktdmVyc2lvbj0yMDE3LTA0LTE4",
      "RequestMethod": "GET",
      "RequestBody": "",
      "RequestHeaders": {
        "User-Agent": [
          "FxVersion/4.700.22.41602",
          "OSName/Windows",
          "OSVersion/Microsoft.Windows.10.0.22621",
          "Microsoft.Azure.Management.CognitiveServices.CognitiveServicesManagementClient/8.4.0.0"
        ]
      },
      "ResponseHeaders": {
        "Cache-Control": [
          "no-cache"
        ],
        "Pragma": [
          "no-cache"
        ],
        "X-Content-Type-Options": [
          "nosniff"
        ],
        "x-ms-request-id": [
          "7003bc6c-e489-4f03-b9cd-1f7b5b4d0164"
        ],
        "x-envoy-upstream-service-time": [
          "8"
        ],
        "Server": [
          "istio-envoy"
        ],
        "x-ms-ratelimit-remaining-subscription-reads": [
          "11997"
        ],
        "x-ms-correlation-request-id": [
          "0e10e4e6-867e-4073-a60b-263f20d38dfb"
        ],
        "x-ms-routing-request-id": [
          "WESTUS2:20220929T031446Z:0e10e4e6-867e-4073-a60b-263f20d38dfb"
        ],
        "Strict-Transport-Security": [
          "max-age=31536000; includeSubDomains"
        ],
        "Date": [
          "Thu, 29 Sep 2022 03:14:46 GMT"
        ],
        "Content-Length": [
          "307"
        ],
        "Content-Type": [
          "application/json; charset=utf-8"
        ],
        "Expires": [
          "-1"
        ]
      },
      "ResponseBody": "{\r\n  \"id\": \"/subscriptions/f9b96b36-1f5e-4021-8959-51527e26e6d3/providers/Microsoft.CognitiveServices/locations/CENTRALUS/operationResults/a0127e22-e316-4791-ad51-6ad005c422ac\",\r\n  \"name\": \"a0127e22-e316-4791-ad51-6ad005c422ac\",\r\n  \"status\": \"Succeeded\",\r\n  \"startTime\": \"2022-09-29T03:14:16Z\",\r\n  \"endTime\": \"2022-09-29T03:14:16Z\"\r\n}",
      "StatusCode": 200
    },
    {
      "RequestUri": "/subscriptions/f9b96b36-1f5e-4021-8959-51527e26e6d3/resourceGroups/res6424/providers/Microsoft.CognitiveServices/accounts/AcadAcadAcadAcadAcadAcadAcadAcadAcadAcadAcadAcadAcadAcadAcadAcad?api-version=2022-10-01",
      "EncodedRequestUri": "L3N1YnNjcmlwdGlvbnMvZjliOTZiMzYtMWY1ZS00MDIxLTg5NTktNTE1MjdlMjZlNmQzL3Jlc291cmNlR3JvdXBzL3JlczY0MjQvcHJvdmlkZXJzL01pY3Jvc29mdC5Db2duaXRpdmVTZXJ2aWNlcy9hY2NvdW50cy9BY2FkQWNhZEFjYWRBY2FkQWNhZEFjYWRBY2FkQWNhZEFjYWRBY2FkQWNhZEFjYWRBY2FkQWNhZEFjYWRBY2FkP2FwaS12ZXJzaW9uPTIwMjItMTAtMDE=",
      "RequestMethod": "GET",
      "RequestBody": "",
      "RequestHeaders": {
        "User-Agent": [
          "FxVersion/4.700.22.41602",
          "OSName/Windows",
          "OSVersion/Microsoft.Windows.10.0.22621",
          "Microsoft.Azure.Management.CognitiveServices.CognitiveServicesManagementClient/8.4.0.0"
        ]
      },
      "ResponseHeaders": {
        "Cache-Control": [
          "no-cache"
        ],
        "Pragma": [
          "no-cache"
        ],
        "ETag": [
          "\"3f009287-0000-0300-0000-63350d880000\""
        ],
        "X-Content-Type-Options": [
          "nosniff"
        ],
        "x-ms-request-id": [
          "fc88e90a-2ab8-4123-937b-04c55d939003"
        ],
        "x-envoy-upstream-service-time": [
          "12"
        ],
        "Server": [
          "istio-envoy"
        ],
        "x-ms-ratelimit-remaining-subscription-reads": [
          "11996"
        ],
        "x-ms-correlation-request-id": [
          "ca5a931b-c1c7-4281-bf02-2aef98c522c8"
        ],
        "x-ms-routing-request-id": [
          "WESTUS2:20220929T031446Z:ca5a931b-c1c7-4281-bf02-2aef98c522c8"
        ],
        "Strict-Transport-Security": [
          "max-age=31536000; includeSubDomains"
        ],
        "Date": [
          "Thu, 29 Sep 2022 03:14:46 GMT"
        ],
        "Content-Length": [
          "1628"
        ],
        "Content-Type": [
          "application/json; charset=utf-8"
        ],
        "Expires": [
          "-1"
        ]
      },
      "ResponseBody": "{\r\n  \"id\": \"/subscriptions/f9b96b36-1f5e-4021-8959-51527e26e6d3/resourceGroups/res6424/providers/Microsoft.CognitiveServices/accounts/AcadAcadAcadAcadAcadAcadAcadAcadAcadAcadAcadAcadAcadAcadAcadAcad\",\r\n  \"name\": \"AcadAcadAcadAcadAcadAcadAcadAcadAcadAcadAcadAcadAcadAcadAcadAcad\",\r\n  \"type\": \"Microsoft.CognitiveServices/accounts\",\r\n  \"etag\": \"\\\"3f009287-0000-0300-0000-63350d880000\\\"\",\r\n  \"location\": \"CENTRALUS\",\r\n  \"sku\": {\r\n    \"name\": \"S0\"\r\n  },\r\n  \"kind\": \"Face\",\r\n  \"properties\": {\r\n    \"endpoint\": \"https://centralus.api.cognitive.microsoft.com/\",\r\n    \"internalId\": \"7e859740d17543ed82da883550544c61\",\r\n    \"dateCreated\": \"2022-09-29T03:14:16.0063858Z\",\r\n    \"callRateLimit\": {\r\n      \"rules\": [\r\n        {\r\n          \"key\": \"face\",\r\n          \"renewalPeriod\": 1,\r\n          \"count\": 10,\r\n          \"dynamicThrottlingEnabled\": false,\r\n          \"matchPatterns\": [\r\n            {\r\n              \"path\": \"face/*\",\r\n              \"method\": \"*\"\r\n            }\r\n          ]\r\n        },\r\n        {\r\n          \"key\": \"container.billing\",\r\n          \"renewalPeriod\": 10,\r\n          \"count\": 500,\r\n          \"dynamicThrottlingEnabled\": false,\r\n          \"matchPatterns\": [\r\n            {\r\n              \"path\": \"billing/*\",\r\n              \"method\": \"*\"\r\n            }\r\n          ]\r\n        },\r\n        {\r\n          \"key\": \"default\",\r\n          \"renewalPeriod\": 1,\r\n          \"count\": 10,\r\n          \"dynamicThrottlingEnabled\": false,\r\n          \"matchPatterns\": [\r\n            {\r\n              \"path\": \"*\",\r\n              \"method\": \"*\"\r\n            }\r\n          ]\r\n        }\r\n      ]\r\n    },\r\n    \"isMigrated\": false,\r\n    \"privateEndpointConnections\": [],\r\n    \"publicNetworkAccess\": \"Enabled\",\r\n    \"capabilities\": [\r\n      {\r\n        \"name\": \"VirtualNetworks\"\r\n      },\r\n      {\r\n        \"name\": \"Container\",\r\n        \"value\": \"Face.*,Face.Face\"\r\n      },\r\n      {\r\n        \"name\": \"Scenario\",\r\n        \"value\": \"Face.LegacyPreview,Face.Legacy\"\r\n      }\r\n    ],\r\n    \"endpoints\": {\r\n      \"Face\": \"https://centralus.api.cognitive.microsoft.com/\"\r\n    },\r\n    \"provisioningState\": \"Succeeded\"\r\n  },\r\n  \"systemData\": {\r\n    \"createdBy\": \"50841d5f-166a-406c-8472-6800c9698b43\",\r\n    \"createdByType\": \"Application\",\r\n    \"createdAt\": \"2022-09-29T03:14:15.9465051Z\",\r\n    \"lastModifiedBy\": \"50841d5f-166a-406c-8472-6800c9698b43\",\r\n    \"lastModifiedByType\": \"Application\",\r\n    \"lastModifiedAt\": \"2022-09-29T03:14:15.9465051Z\"\r\n  }\r\n}",
      "StatusCode": 200
    }
  ],
  "Names": {
    "CreateResourceGroup": [
      "res6424"
    ]
  },
  "Variables": {
    "SubscriptionId": "f9b96b36-1f5e-4021-8959-51527e26e6d3"
  }
}