{
  "Entries": [
    {
      "RequestUri": "/subscriptions/f9b96b36-1f5e-4021-8959-51527e26e6d3/resourcegroups/res7871?api-version=2017-05-10",
      "EncodedRequestUri": "L3N1YnNjcmlwdGlvbnMvZjliOTZiMzYtMWY1ZS00MDIxLTg5NTktNTE1MjdlMjZlNmQzL3Jlc291cmNlZ3JvdXBzL3Jlczc4NzE/YXBpLXZlcnNpb249MjAxNy0wNS0xMA==",
      "RequestMethod": "PUT",
      "RequestBody": "{\r\n  \"location\": \"CENTRALUS\"\r\n}",
      "RequestHeaders": {
        "x-ms-client-request-id": [
          "9ba324d1-e13c-4e7a-bb9b-08a0c5f179e1"
        ],
        "Accept-Language": [
          "en-US"
        ],
        "User-Agent": [
          "FxVersion/4.700.22.51102",
          "OSName/Windows",
          "OSVersion/Microsoft.Windows.10.0.22621",
          "Microsoft.Azure.Management.ResourceManager.ResourceManagementClient/1.6.0.0"
        ],
        "Content-Type": [
          "application/json; charset=utf-8"
        ],
        "Content-Length": [
          "31"
        ]
      },
      "ResponseHeaders": {
        "Cache-Control": [
          "no-cache"
        ],
        "Pragma": [
          "no-cache"
        ],
        "x-ms-ratelimit-remaining-subscription-writes": [
          "1199"
        ],
        "x-ms-request-id": [
          "c22b6e87-a3af-4519-a205-6a4455bdbcc5"
        ],
        "x-ms-correlation-request-id": [
          "c22b6e87-a3af-4519-a205-6a4455bdbcc5"
        ],
        "x-ms-routing-request-id": [
          "WESTUS:20230104T211938Z:c22b6e87-a3af-4519-a205-6a4455bdbcc5"
        ],
        "Strict-Transport-Security": [
          "max-age=31536000; includeSubDomains"
        ],
        "X-Content-Type-Options": [
          "nosniff"
        ],
        "Date": [
          "Wed, 04 Jan 2023 21:19:38 GMT"
        ],
        "Content-Length": [
          "170"
        ],
        "Content-Type": [
          "application/json; charset=utf-8"
        ],
        "Expires": [
          "-1"
        ]
      },
      "ResponseBody": "{\r\n  \"id\": \"/subscriptions/f9b96b36-1f5e-4021-8959-51527e26e6d3/resourceGroups/res7871\",\r\n  \"name\": \"res7871\",\r\n  \"location\": \"centralus\",\r\n  \"properties\": {\r\n    \"provisioningState\": \"Succeeded\"\r\n  }\r\n}",
      "StatusCode": 201
    },
    {
      "RequestUri": "/subscriptions/f9b96b36-1f5e-4021-8959-51527e26e6d3/resourceGroups/res7871/providers/Microsoft.CognitiveServices/accounts/csa5270?api-version=2022-12-01",
      "EncodedRequestUri": "L3N1YnNjcmlwdGlvbnMvZjliOTZiMzYtMWY1ZS00MDIxLTg5NTktNTE1MjdlMjZlNmQzL3Jlc291cmNlR3JvdXBzL3Jlczc4NzEvcHJvdmlkZXJzL01pY3Jvc29mdC5Db2duaXRpdmVTZXJ2aWNlcy9hY2NvdW50cy9jc2E1MjcwP2FwaS12ZXJzaW9uPTIwMjItMTItMDE=",
      "RequestMethod": "PUT",
      "RequestBody": "{\r\n  \"kind\": \"Face\",\r\n  \"sku\": {\r\n    \"name\": \"S0\"\r\n  },\r\n  \"tags\": {\r\n    \"key1\": \"value1\",\r\n    \"key2\": \"value2\"\r\n  },\r\n  \"location\": \"CENTRALUS\",\r\n  \"properties\": {}\r\n}",
      "RequestHeaders": {
        "x-ms-client-request-id": [
          "e4a76a81-4d35-4103-b62c-8a98ce78c3fa"
        ],
        "Accept-Language": [
          "en-US"
        ],
        "User-Agent": [
          "FxVersion/4.700.22.51102",
          "OSName/Windows",
          "OSVersion/Microsoft.Windows.10.0.22621",
          "Microsoft.Azure.Management.CognitiveServices.CognitiveServicesManagementClient/8.5.0.0"
        ],
        "Content-Type": [
          "application/json; charset=utf-8"
        ],
        "Content-Length": [
          "171"
        ]
      },
      "ResponseHeaders": {
        "Cache-Control": [
          "no-cache"
        ],
        "Pragma": [
          "no-cache"
        ],
        "ETag": [
          "\"e300e868-0000-0300-0000-63b5ed6c0000\""
        ],
        "X-Content-Type-Options": [
          "nosniff"
        ],
        "x-ms-request-id": [
          "3f004bdb-837f-456c-9ef5-77b5fc2d16bc"
        ],
        "azure-asyncoperation": [
          "https://management.azure.com/subscriptions/f9b96b36-1f5e-4021-8959-51527e26e6d3/providers/Microsoft.CognitiveServices/locations/CENTRALUS/operationResults/6e739195-d307-46ed-bffa-c04a8e2fcb50?api-version=2017-04-18"
        ],
        "x-envoy-upstream-service-time": [
          "374"
        ],
        "Server": [
          "istio-envoy"
        ],
        "x-ms-ratelimit-remaining-subscription-writes": [
          "1198"
        ],
        "x-ms-correlation-request-id": [
          "0df651c2-e170-498c-8c5c-5bb7e34bf56c"
        ],
        "x-ms-routing-request-id": [
          "WESTUS:20230104T211940Z:0df651c2-e170-498c-8c5c-5bb7e34bf56c"
        ],
        "Strict-Transport-Security": [
          "max-age=31536000; includeSubDomains"
        ],
        "Date": [
          "Wed, 04 Jan 2023 21:19:40 GMT"
        ],
        "Content-Length": [
          "1455"
        ],
        "Content-Type": [
          "application/json; charset=utf-8"
        ],
        "Expires": [
          "-1"
        ]
      },
      "ResponseBody": "{\r\n  \"id\": \"/subscriptions/f9b96b36-1f5e-4021-8959-51527e26e6d3/resourceGroups/res7871/providers/Microsoft.CognitiveServices/accounts/csa5270\",\r\n  \"name\": \"csa5270\",\r\n  \"type\": \"Microsoft.CognitiveServices/accounts\",\r\n  \"etag\": \"\\\"e300e868-0000-0300-0000-63b5ed6c0000\\\"\",\r\n  \"location\": \"CENTRALUS\",\r\n  \"sku\": {\r\n    \"name\": \"S0\"\r\n  },\r\n  \"kind\": \"Face\",\r\n  \"tags\": {\r\n    \"key1\": \"value1\",\r\n    \"key2\": \"value2\"\r\n  },\r\n  \"properties\": {\r\n    \"endpoint\": \"https://centralus.api.cognitive.microsoft.com/\",\r\n    \"internalId\": \"4a82f0e9f8a84a9b9dbdb35bd3073824\",\r\n    \"dateCreated\": \"2023-01-04T21:19:39.7504693Z\",\r\n    \"callRateLimit\": {\r\n      \"rules\": [\r\n        {\r\n          \"key\": \"face\",\r\n          \"renewalPeriod\": 1,\r\n          \"count\": 10,\r\n          \"matchPatterns\": [\r\n            {\r\n              \"path\": \"face/*\",\r\n              \"method\": \"*\"\r\n            }\r\n          ]\r\n        },\r\n        {\r\n          \"key\": \"container.billing\",\r\n          \"renewalPeriod\": 10,\r\n          \"count\": 500,\r\n          \"matchPatterns\": [\r\n            {\r\n              \"path\": \"billing/*\",\r\n              \"method\": \"*\"\r\n            }\r\n          ]\r\n        },\r\n        {\r\n          \"key\": \"default\",\r\n          \"renewalPeriod\": 1,\r\n          \"count\": 10,\r\n          \"matchPatterns\": [\r\n            {\r\n              \"path\": \"*\",\r\n              \"method\": \"*\"\r\n            }\r\n          ]\r\n        }\r\n      ]\r\n    },\r\n    \"isMigrated\": false,\r\n    \"privateEndpointConnections\": [],\r\n    \"publicNetworkAccess\": \"Enabled\",\r\n    \"capabilities\": [\r\n      {\r\n        \"name\": \"VirtualNetworks\"\r\n      },\r\n      {\r\n        \"name\": \"Container\",\r\n        \"value\": \"Face.*,Face.Face\"\r\n      },\r\n      {\r\n        \"name\": \"Scenario\",\r\n        \"value\": \"Face.LegacyPreview,Face.Legacy\"\r\n      }\r\n    ],\r\n    \"endpoints\": {\r\n      \"Face\": \"https://centralus.api.cognitive.microsoft.com/\"\r\n    },\r\n    \"provisioningState\": \"Creating\"\r\n  },\r\n  \"systemData\": {\r\n    \"createdBy\": \"50841d5f-166a-406c-8472-6800c9698b43\",\r\n    \"createdByType\": \"Application\",\r\n    \"createdAt\": \"2023-01-04T21:19:39.5585401Z\",\r\n    \"lastModifiedBy\": \"50841d5f-166a-406c-8472-6800c9698b43\",\r\n    \"lastModifiedByType\": \"Application\",\r\n    \"lastModifiedAt\": \"2023-01-04T21:19:39.5585401Z\"\r\n  }\r\n}",
      "StatusCode": 201
    },
    {
      "RequestUri": "/subscriptions/f9b96b36-1f5e-4021-8959-51527e26e6d3/providers/Microsoft.CognitiveServices/locations/CENTRALUS/operationResults/6e739195-d307-46ed-bffa-c04a8e2fcb50?api-version=2017-04-18",
      "EncodedRequestUri": "L3N1YnNjcmlwdGlvbnMvZjliOTZiMzYtMWY1ZS00MDIxLTg5NTktNTE1MjdlMjZlNmQzL3Byb3ZpZGVycy9NaWNyb3NvZnQuQ29nbml0aXZlU2VydmljZXMvbG9jYXRpb25zL0NFTlRSQUxVUy9vcGVyYXRpb25SZXN1bHRzLzZlNzM5MTk1LWQzMDctNDZlZC1iZmZhLWMwNGE4ZTJmY2I1MD9hcGktdmVyc2lvbj0yMDE3LTA0LTE4",
      "RequestMethod": "GET",
      "RequestBody": "",
      "RequestHeaders": {
        "User-Agent": [
          "FxVersion/4.700.22.51102",
          "OSName/Windows",
          "OSVersion/Microsoft.Windows.10.0.22621",
          "Microsoft.Azure.Management.CognitiveServices.CognitiveServicesManagementClient/8.5.0.0"
        ]
      },
      "ResponseHeaders": {
        "Cache-Control": [
          "no-cache"
        ],
        "Pragma": [
          "no-cache"
        ],
        "X-Content-Type-Options": [
          "nosniff"
        ],
        "x-ms-request-id": [
          "a3a53229-b8d3-46e3-8a00-f78a38adf46c"
        ],
        "x-envoy-upstream-service-time": [
          "8"
        ],
        "Server": [
          "istio-envoy"
        ],
        "x-ms-ratelimit-remaining-subscription-reads": [
          "11999"
        ],
        "x-ms-correlation-request-id": [
          "418eb923-d95a-43f1-ad48-0704ab36f43f"
        ],
        "x-ms-routing-request-id": [
          "WESTUS:20230104T212010Z:418eb923-d95a-43f1-ad48-0704ab36f43f"
        ],
        "Strict-Transport-Security": [
          "max-age=31536000; includeSubDomains"
        ],
        "Date": [
          "Wed, 04 Jan 2023 21:20:10 GMT"
        ],
        "Content-Length": [
          "307"
        ],
        "Content-Type": [
          "application/json; charset=utf-8"
        ],
        "Expires": [
          "-1"
        ]
      },
      "ResponseBody": "{\r\n  \"id\": \"/subscriptions/f9b96b36-1f5e-4021-8959-51527e26e6d3/providers/Microsoft.CognitiveServices/locations/CENTRALUS/operationResults/6e739195-d307-46ed-bffa-c04a8e2fcb50\",\r\n  \"name\": \"6e739195-d307-46ed-bffa-c04a8e2fcb50\",\r\n  \"status\": \"Succeeded\",\r\n  \"startTime\": \"2023-01-04T21:19:40Z\",\r\n  \"endTime\": \"2023-01-04T21:19:40Z\"\r\n}",
      "StatusCode": 200
    },
    {
      "RequestUri": "/subscriptions/f9b96b36-1f5e-4021-8959-51527e26e6d3/resourceGroups/res7871/providers/Microsoft.CognitiveServices/accounts/csa5270?api-version=2022-12-01",
      "EncodedRequestUri": "L3N1YnNjcmlwdGlvbnMvZjliOTZiMzYtMWY1ZS00MDIxLTg5NTktNTE1MjdlMjZlNmQzL3Jlc291cmNlR3JvdXBzL3Jlczc4NzEvcHJvdmlkZXJzL01pY3Jvc29mdC5Db2duaXRpdmVTZXJ2aWNlcy9hY2NvdW50cy9jc2E1MjcwP2FwaS12ZXJzaW9uPTIwMjItMTItMDE=",
      "RequestMethod": "GET",
      "RequestBody": "",
      "RequestHeaders": {
        "User-Agent": [
          "FxVersion/4.700.22.51102",
          "OSName/Windows",
          "OSVersion/Microsoft.Windows.10.0.22621",
          "Microsoft.Azure.Management.CognitiveServices.CognitiveServicesManagementClient/8.5.0.0"
        ]
      },
      "ResponseHeaders": {
        "Cache-Control": [
          "no-cache"
        ],
        "Pragma": [
          "no-cache"
        ],
        "ETag": [
          "\"e300eb68-0000-0300-0000-63b5ed6c0000\""
        ],
        "X-Content-Type-Options": [
          "nosniff"
        ],
        "x-ms-request-id": [
          "b77925d7-f498-475d-bcf8-52a342975062"
        ],
        "x-envoy-upstream-service-time": [
          "11"
        ],
        "Server": [
          "istio-envoy"
        ],
        "x-ms-ratelimit-remaining-subscription-reads": [
          "11998"
        ],
        "x-ms-correlation-request-id": [
          "614b3cab-92c4-496d-8196-aa6219f3e840"
        ],
        "x-ms-routing-request-id": [
          "WESTUS:20230104T212011Z:614b3cab-92c4-496d-8196-aa6219f3e840"
        ],
        "Strict-Transport-Security": [
          "max-age=31536000; includeSubDomains"
        ],
        "Date": [
          "Wed, 04 Jan 2023 21:20:10 GMT"
        ],
        "Content-Length": [
          "1456"
        ],
        "Content-Type": [
          "application/json; charset=utf-8"
        ],
        "Expires": [
          "-1"
        ]
      },
      "ResponseBody": "{\r\n  \"id\": \"/subscriptions/f9b96b36-1f5e-4021-8959-51527e26e6d3/resourceGroups/res7871/providers/Microsoft.CognitiveServices/accounts/csa5270\",\r\n  \"name\": \"csa5270\",\r\n  \"type\": \"Microsoft.CognitiveServices/accounts\",\r\n  \"etag\": \"\\\"e300eb68-0000-0300-0000-63b5ed6c0000\\\"\",\r\n  \"location\": \"CENTRALUS\",\r\n  \"sku\": {\r\n    \"name\": \"S0\"\r\n  },\r\n  \"kind\": \"Face\",\r\n  \"tags\": {\r\n    \"key1\": \"value1\",\r\n    \"key2\": \"value2\"\r\n  },\r\n  \"properties\": {\r\n    \"endpoint\": \"https://centralus.api.cognitive.microsoft.com/\",\r\n    \"internalId\": \"4a82f0e9f8a84a9b9dbdb35bd3073824\",\r\n    \"dateCreated\": \"2023-01-04T21:19:39.7504693Z\",\r\n    \"callRateLimit\": {\r\n      \"rules\": [\r\n        {\r\n          \"key\": \"face\",\r\n          \"renewalPeriod\": 1,\r\n          \"count\": 10,\r\n          \"matchPatterns\": [\r\n            {\r\n              \"path\": \"face/*\",\r\n              \"method\": \"*\"\r\n            }\r\n          ]\r\n        },\r\n        {\r\n          \"key\": \"container.billing\",\r\n          \"renewalPeriod\": 10,\r\n          \"count\": 500,\r\n          \"matchPatterns\": [\r\n            {\r\n              \"path\": \"billing/*\",\r\n              \"method\": \"*\"\r\n            }\r\n          ]\r\n        },\r\n        {\r\n          \"key\": \"default\",\r\n          \"renewalPeriod\": 1,\r\n          \"count\": 10,\r\n          \"matchPatterns\": [\r\n            {\r\n              \"path\": \"*\",\r\n              \"method\": \"*\"\r\n            }\r\n          ]\r\n        }\r\n      ]\r\n    },\r\n    \"isMigrated\": false,\r\n    \"privateEndpointConnections\": [],\r\n    \"publicNetworkAccess\": \"Enabled\",\r\n    \"capabilities\": [\r\n      {\r\n        \"name\": \"VirtualNetworks\"\r\n      },\r\n      {\r\n        \"name\": \"Container\",\r\n        \"value\": \"Face.*,Face.Face\"\r\n      },\r\n      {\r\n        \"name\": \"Scenario\",\r\n        \"value\": \"Face.LegacyPreview,Face.Legacy\"\r\n      }\r\n    ],\r\n    \"endpoints\": {\r\n      \"Face\": \"https://centralus.api.cognitive.microsoft.com/\"\r\n    },\r\n    \"provisioningState\": \"Succeeded\"\r\n  },\r\n  \"systemData\": {\r\n    \"createdBy\": \"50841d5f-166a-406c-8472-6800c9698b43\",\r\n    \"createdByType\": \"Application\",\r\n    \"createdAt\": \"2023-01-04T21:19:39.5585401Z\",\r\n    \"lastModifiedBy\": \"50841d5f-166a-406c-8472-6800c9698b43\",\r\n    \"lastModifiedByType\": \"Application\",\r\n    \"lastModifiedAt\": \"2023-01-04T21:19:39.5585401Z\"\r\n  }\r\n}",
      "StatusCode": 200
    },
    {
      "RequestUri": "/subscriptions/f9b96b36-1f5e-4021-8959-51527e26e6d3/resourceGroups/res7871/providers/Microsoft.CognitiveServices/accounts/csa5270?api-version=2022-12-01",
      "EncodedRequestUri": "L3N1YnNjcmlwdGlvbnMvZjliOTZiMzYtMWY1ZS00MDIxLTg5NTktNTE1MjdlMjZlNmQzL3Jlc291cmNlR3JvdXBzL3Jlczc4NzEvcHJvdmlkZXJzL01pY3Jvc29mdC5Db2duaXRpdmVTZXJ2aWNlcy9hY2NvdW50cy9jc2E1MjcwP2FwaS12ZXJzaW9uPTIwMjItMTItMDE=",
      "RequestMethod": "GET",
      "RequestBody": "",
      "RequestHeaders": {
        "User-Agent": [
          "FxVersion/4.700.22.51102",
          "OSName/Windows",
          "OSVersion/Microsoft.Windows.10.0.22621",
          "Microsoft.Azure.Management.CognitiveServices.CognitiveServicesManagementClient/8.5.0.0"
        ]
      },
      "ResponseHeaders": {
        "Cache-Control": [
          "no-cache"
        ],
        "Pragma": [
          "no-cache"
        ],
        "ETag": [
          "\"e3006e69-0000-0300-0000-63b5ed8b0000\""
        ],
        "X-Content-Type-Options": [
          "nosniff"
        ],
        "x-ms-request-id": [
          "05d2dbf5-1df3-4ac3-b689-68b1a4c121aa"
        ],
        "x-envoy-upstream-service-time": [
          "9"
        ],
        "Server": [
          "istio-envoy"
        ],
        "x-ms-ratelimit-remaining-subscription-reads": [
          "11996"
        ],
        "x-ms-correlation-request-id": [
          "4a764aba-788f-43b7-8503-1121b4f26b9a"
        ],
        "x-ms-routing-request-id": [
          "WESTUS:20230104T212041Z:4a764aba-788f-43b7-8503-1121b4f26b9a"
        ],
        "Strict-Transport-Security": [
          "max-age=31536000; includeSubDomains"
        ],
        "Date": [
          "Wed, 04 Jan 2023 21:20:41 GMT"
        ],
        "Content-Length": [
          "1479"
        ],
        "Content-Type": [
          "application/json; charset=utf-8"
        ],
        "Expires": [
          "-1"
        ]
      },
      "ResponseBody": "{\r\n  \"id\": \"/subscriptions/f9b96b36-1f5e-4021-8959-51527e26e6d3/resourceGroups/res7871/providers/Microsoft.CognitiveServices/accounts/csa5270\",\r\n  \"name\": \"csa5270\",\r\n  \"type\": \"Microsoft.CognitiveServices/accounts\",\r\n  \"etag\": \"\\\"e3006e69-0000-0300-0000-63b5ed8b0000\\\"\",\r\n  \"location\": \"CENTRALUS\",\r\n  \"sku\": {\r\n    \"name\": \"S0\"\r\n  },\r\n  \"kind\": \"Face\",\r\n  \"tags\": {\r\n    \"key1\": \"value1\",\r\n    \"key2\": \"value2\"\r\n  },\r\n  \"properties\": {\r\n    \"endpoint\": \"https://centralus.api.cognitive.microsoft.com/\",\r\n    \"provisioningState\": \"Succeeded\",\r\n    \"internalId\": \"4a82f0e9f8a84a9b9dbdb35bd3073824\",\r\n    \"dateCreated\": \"2023-01-04T21:19:39.7504693Z\",\r\n    \"callRateLimit\": {\r\n      \"rules\": [\r\n        {\r\n          \"key\": \"face\",\r\n          \"renewalPeriod\": 1,\r\n          \"count\": 10,\r\n          \"matchPatterns\": [\r\n            {\r\n              \"path\": \"face/*\",\r\n              \"method\": \"*\"\r\n            }\r\n          ]\r\n        },\r\n        {\r\n          \"key\": \"container.billing\",\r\n          \"renewalPeriod\": 10,\r\n          \"count\": 500,\r\n          \"matchPatterns\": [\r\n            {\r\n              \"path\": \"billing/*\",\r\n              \"method\": \"*\"\r\n            }\r\n          ]\r\n        },\r\n        {\r\n          \"key\": \"default\",\r\n          \"renewalPeriod\": 1,\r\n          \"count\": 10,\r\n          \"matchPatterns\": [\r\n            {\r\n              \"path\": \"*\",\r\n              \"method\": \"*\"\r\n            }\r\n          ]\r\n        }\r\n      ]\r\n    },\r\n    \"isMigrated\": false,\r\n    \"privateEndpointConnections\": [],\r\n    \"publicNetworkAccess\": \"Enabled\",\r\n    \"capabilities\": [\r\n      {\r\n        \"name\": \"VirtualNetworks\"\r\n      },\r\n      {\r\n        \"name\": \"Container\",\r\n        \"value\": \"Face.*,Face.Face\"\r\n      },\r\n      {\r\n        \"name\": \"Scenario\",\r\n        \"value\": \"Face.LegacyPreview,Face.Legacy\"\r\n      }\r\n    ],\r\n    \"disableLocalAuth\": true,\r\n    \"endpoints\": {\r\n      \"Face\": \"https://centralus.api.cognitive.microsoft.com/\"\r\n    }\r\n  },\r\n  \"systemData\": {\r\n    \"createdBy\": \"50841d5f-166a-406c-8472-6800c9698b43\",\r\n    \"createdByType\": \"Application\",\r\n    \"createdAt\": \"2023-01-04T21:19:39.5585401Z\",\r\n    \"lastModifiedBy\": \"50841d5f-166a-406c-8472-6800c9698b43\",\r\n    \"lastModifiedByType\": \"Application\",\r\n    \"lastModifiedAt\": \"2023-01-04T21:20:11.406863Z\"\r\n  }\r\n}",
      "StatusCode": 200
    },
    {
      "RequestUri": "/subscriptions/f9b96b36-1f5e-4021-8959-51527e26e6d3/resourceGroups/res7871/providers/Microsoft.CognitiveServices/accounts/csa5270?api-version=2022-12-01",
      "EncodedRequestUri": "L3N1YnNjcmlwdGlvbnMvZjliOTZiMzYtMWY1ZS00MDIxLTg5NTktNTE1MjdlMjZlNmQzL3Jlc291cmNlR3JvdXBzL3Jlczc4NzEvcHJvdmlkZXJzL01pY3Jvc29mdC5Db2duaXRpdmVTZXJ2aWNlcy9hY2NvdW50cy9jc2E1MjcwP2FwaS12ZXJzaW9uPTIwMjItMTItMDE=",
      "RequestMethod": "GET",
      "RequestBody": "",
      "RequestHeaders": {
        "x-ms-client-request-id": [
          "f8e1b610-fb97-4f0d-a105-28ef6a4c58ed"
        ],
        "Accept-Language": [
          "en-US"
        ],
        "User-Agent": [
          "FxVersion/4.700.22.51102",
          "OSName/Windows",
          "OSVersion/Microsoft.Windows.10.0.22621",
          "Microsoft.Azure.Management.CognitiveServices.CognitiveServicesManagementClient/8.5.0.0"
        ]
      },
      "ResponseHeaders": {
        "Cache-Control": [
          "no-cache"
        ],
        "Pragma": [
          "no-cache"
        ],
        "ETag": [
          "\"e3006e69-0000-0300-0000-63b5ed8b0000\""
        ],
        "X-Content-Type-Options": [
          "nosniff"
        ],
        "x-ms-request-id": [
          "085b5699-bb41-4db9-855d-66a00ebccb33"
        ],
        "x-envoy-upstream-service-time": [
          "12"
        ],
        "Server": [
          "istio-envoy"
        ],
        "x-ms-ratelimit-remaining-subscription-reads": [
          "11995"
        ],
        "x-ms-correlation-request-id": [
          "02e9c03a-49f7-45ce-9982-2a666bb2608c"
        ],
        "x-ms-routing-request-id": [
          "WESTUS:20230104T212042Z:02e9c03a-49f7-45ce-9982-2a666bb2608c"
        ],
        "Strict-Transport-Security": [
          "max-age=31536000; includeSubDomains"
        ],
        "Date": [
          "Wed, 04 Jan 2023 21:20:41 GMT"
        ],
        "Content-Length": [
          "1479"
        ],
        "Content-Type": [
          "application/json; charset=utf-8"
        ],
        "Expires": [
          "-1"
        ]
      },
      "ResponseBody": "{\r\n  \"id\": \"/subscriptions/f9b96b36-1f5e-4021-8959-51527e26e6d3/resourceGroups/res7871/providers/Microsoft.CognitiveServices/accounts/csa5270\",\r\n  \"name\": \"csa5270\",\r\n  \"type\": \"Microsoft.CognitiveServices/accounts\",\r\n  \"etag\": \"\\\"e3006e69-0000-0300-0000-63b5ed8b0000\\\"\",\r\n  \"location\": \"CENTRALUS\",\r\n  \"sku\": {\r\n    \"name\": \"S0\"\r\n  },\r\n  \"kind\": \"Face\",\r\n  \"tags\": {\r\n    \"key1\": \"value1\",\r\n    \"key2\": \"value2\"\r\n  },\r\n  \"properties\": {\r\n    \"endpoint\": \"https://centralus.api.cognitive.microsoft.com/\",\r\n    \"provisioningState\": \"Succeeded\",\r\n    \"internalId\": \"4a82f0e9f8a84a9b9dbdb35bd3073824\",\r\n    \"dateCreated\": \"2023-01-04T21:19:39.7504693Z\",\r\n    \"callRateLimit\": {\r\n      \"rules\": [\r\n        {\r\n          \"key\": \"face\",\r\n          \"renewalPeriod\": 1,\r\n          \"count\": 10,\r\n          \"matchPatterns\": [\r\n            {\r\n              \"path\": \"face/*\",\r\n              \"method\": \"*\"\r\n            }\r\n          ]\r\n        },\r\n        {\r\n          \"key\": \"container.billing\",\r\n          \"renewalPeriod\": 10,\r\n          \"count\": 500,\r\n          \"matchPatterns\": [\r\n            {\r\n              \"path\": \"billing/*\",\r\n              \"method\": \"*\"\r\n            }\r\n          ]\r\n        },\r\n        {\r\n          \"key\": \"default\",\r\n          \"renewalPeriod\": 1,\r\n          \"count\": 10,\r\n          \"matchPatterns\": [\r\n            {\r\n              \"path\": \"*\",\r\n              \"method\": \"*\"\r\n            }\r\n          ]\r\n        }\r\n      ]\r\n    },\r\n    \"isMigrated\": false,\r\n    \"privateEndpointConnections\": [],\r\n    \"publicNetworkAccess\": \"Enabled\",\r\n    \"capabilities\": [\r\n      {\r\n        \"name\": \"VirtualNetworks\"\r\n      },\r\n      {\r\n        \"name\": \"Container\",\r\n        \"value\": \"Face.*,Face.Face\"\r\n      },\r\n      {\r\n        \"name\": \"Scenario\",\r\n        \"value\": \"Face.LegacyPreview,Face.Legacy\"\r\n      }\r\n    ],\r\n    \"disableLocalAuth\": true,\r\n    \"endpoints\": {\r\n      \"Face\": \"https://centralus.api.cognitive.microsoft.com/\"\r\n    }\r\n  },\r\n  \"systemData\": {\r\n    \"createdBy\": \"50841d5f-166a-406c-8472-6800c9698b43\",\r\n    \"createdByType\": \"Application\",\r\n    \"createdAt\": \"2023-01-04T21:19:39.5585401Z\",\r\n    \"lastModifiedBy\": \"50841d5f-166a-406c-8472-6800c9698b43\",\r\n    \"lastModifiedByType\": \"Application\",\r\n    \"lastModifiedAt\": \"2023-01-04T21:20:11.406863Z\"\r\n  }\r\n}",
      "StatusCode": 200
    },
    {
      "RequestUri": "/subscriptions/f9b96b36-1f5e-4021-8959-51527e26e6d3/resourceGroups/res7871/providers/Microsoft.CognitiveServices/accounts/csa5270?api-version=2022-12-01",
      "EncodedRequestUri": "L3N1YnNjcmlwdGlvbnMvZjliOTZiMzYtMWY1ZS00MDIxLTg5NTktNTE1MjdlMjZlNmQzL3Jlc291cmNlR3JvdXBzL3Jlczc4NzEvcHJvdmlkZXJzL01pY3Jvc29mdC5Db2duaXRpdmVTZXJ2aWNlcy9hY2NvdW50cy9jc2E1MjcwP2FwaS12ZXJzaW9uPTIwMjItMTItMDE=",
      "RequestMethod": "PATCH",
      "RequestBody": "{\r\n  \"kind\": \"Face\",\r\n  \"sku\": {\r\n    \"name\": \"S0\"\r\n  },\r\n  \"tags\": {\r\n    \"key1\": \"value1\",\r\n    \"key2\": \"value2\"\r\n  },\r\n  \"location\": \"CENTRALUS\",\r\n  \"properties\": {\r\n    \"publicNetworkAccess\": \"Enabled\",\r\n    \"disableLocalAuth\": true\r\n  }\r\n}",
      "RequestHeaders": {
        "x-ms-client-request-id": [
          "75ae01e8-5881-40ca-b2d3-4bf01741a046"
        ],
        "Accept-Language": [
          "en-US"
        ],
        "User-Agent": [
          "FxVersion/4.700.22.51102",
          "OSName/Windows",
          "OSVersion/Microsoft.Windows.10.0.22621",
          "Microsoft.Azure.Management.CognitiveServices.CognitiveServicesManagementClient/8.5.0.0"
        ],
        "Content-Type": [
          "application/json; charset=utf-8"
        ],
        "Content-Length": [
          "244"
        ]
      },
      "ResponseHeaders": {
        "Cache-Control": [
          "no-cache"
        ],
        "Pragma": [
          "no-cache"
        ],
        "ETag": [
          "\"e3006d69-0000-0300-0000-63b5ed8b0000\""
        ],
        "Location": [
          "https://management.azure.com/subscriptions/f9b96b36-1f5e-4021-8959-51527e26e6d3/providers/Microsoft.CognitiveServices/locations/CENTRALUS/operationResults/5d680fc7-f867-44dc-a8d8-b728b9a7d7be?api-version=2017-04-18&operationResultResponseType=Location"
        ],
        "X-Content-Type-Options": [
          "nosniff"
        ],
        "x-ms-request-id": [
          "d3fbb88c-dc37-4ebc-8695-ae06cf0514ce"
        ],
        "azure-asyncoperation": [
          "https://management.azure.com/subscriptions/f9b96b36-1f5e-4021-8959-51527e26e6d3/providers/Microsoft.CognitiveServices/locations/CENTRALUS/operationResults/5d680fc7-f867-44dc-a8d8-b728b9a7d7be?api-version=2017-04-18"
        ],
        "x-envoy-upstream-service-time": [
          "78"
        ],
        "Server": [
          "istio-envoy"
        ],
        "x-ms-ratelimit-remaining-subscription-writes": [
          "1197"
        ],
        "x-ms-correlation-request-id": [
          "d999c5cd-51b8-46f1-a9f7-6f6aef56343b"
        ],
        "x-ms-routing-request-id": [
          "WESTUS:20230104T212011Z:d999c5cd-51b8-46f1-a9f7-6f6aef56343b"
        ],
        "Strict-Transport-Security": [
          "max-age=31536000; includeSubDomains"
        ],
        "Date": [
          "Wed, 04 Jan 2023 21:20:11 GMT"
        ],
        "Content-Length": [
          "1478"
        ],
        "Content-Type": [
          "application/json; charset=utf-8"
        ],
        "Expires": [
          "-1"
        ]
      },
      "ResponseBody": "{\r\n  \"id\": \"/subscriptions/f9b96b36-1f5e-4021-8959-51527e26e6d3/resourceGroups/res7871/providers/Microsoft.CognitiveServices/accounts/csa5270\",\r\n  \"name\": \"csa5270\",\r\n  \"type\": \"Microsoft.CognitiveServices/accounts\",\r\n  \"etag\": \"\\\"e3006d69-0000-0300-0000-63b5ed8b0000\\\"\",\r\n  \"location\": \"CENTRALUS\",\r\n  \"sku\": {\r\n    \"name\": \"S0\"\r\n  },\r\n  \"kind\": \"Face\",\r\n  \"tags\": {\r\n    \"key1\": \"value1\",\r\n    \"key2\": \"value2\"\r\n  },\r\n  \"properties\": {\r\n    \"endpoint\": \"https://centralus.api.cognitive.microsoft.com/\",\r\n    \"provisioningState\": \"Accepted\",\r\n    \"internalId\": \"4a82f0e9f8a84a9b9dbdb35bd3073824\",\r\n    \"dateCreated\": \"2023-01-04T21:19:39.7504693Z\",\r\n    \"callRateLimit\": {\r\n      \"rules\": [\r\n        {\r\n          \"key\": \"face\",\r\n          \"renewalPeriod\": 1,\r\n          \"count\": 10,\r\n          \"matchPatterns\": [\r\n            {\r\n              \"path\": \"face/*\",\r\n              \"method\": \"*\"\r\n            }\r\n          ]\r\n        },\r\n        {\r\n          \"key\": \"container.billing\",\r\n          \"renewalPeriod\": 10,\r\n          \"count\": 500,\r\n          \"matchPatterns\": [\r\n            {\r\n              \"path\": \"billing/*\",\r\n              \"method\": \"*\"\r\n            }\r\n          ]\r\n        },\r\n        {\r\n          \"key\": \"default\",\r\n          \"renewalPeriod\": 1,\r\n          \"count\": 10,\r\n          \"matchPatterns\": [\r\n            {\r\n              \"path\": \"*\",\r\n              \"method\": \"*\"\r\n            }\r\n          ]\r\n        }\r\n      ]\r\n    },\r\n    \"isMigrated\": false,\r\n    \"privateEndpointConnections\": [],\r\n    \"publicNetworkAccess\": \"Enabled\",\r\n    \"capabilities\": [\r\n      {\r\n        \"name\": \"VirtualNetworks\"\r\n      },\r\n      {\r\n        \"name\": \"Container\",\r\n        \"value\": \"Face.*,Face.Face\"\r\n      },\r\n      {\r\n        \"name\": \"Scenario\",\r\n        \"value\": \"Face.LegacyPreview,Face.Legacy\"\r\n      }\r\n    ],\r\n    \"disableLocalAuth\": true,\r\n    \"endpoints\": {\r\n      \"Face\": \"https://centralus.api.cognitive.microsoft.com/\"\r\n    }\r\n  },\r\n  \"systemData\": {\r\n    \"createdBy\": \"50841d5f-166a-406c-8472-6800c9698b43\",\r\n    \"createdByType\": \"Application\",\r\n    \"createdAt\": \"2023-01-04T21:19:39.5585401Z\",\r\n    \"lastModifiedBy\": \"50841d5f-166a-406c-8472-6800c9698b43\",\r\n    \"lastModifiedByType\": \"Application\",\r\n    \"lastModifiedAt\": \"2023-01-04T21:20:11.406863Z\"\r\n  }\r\n}",
      "StatusCode": 202
    },
    {
      "RequestUri": "/subscriptions/f9b96b36-1f5e-4021-8959-51527e26e6d3/providers/Microsoft.CognitiveServices/locations/CENTRALUS/operationResults/5d680fc7-f867-44dc-a8d8-b728b9a7d7be?api-version=2017-04-18",
      "EncodedRequestUri": "L3N1YnNjcmlwdGlvbnMvZjliOTZiMzYtMWY1ZS00MDIxLTg5NTktNTE1MjdlMjZlNmQzL3Byb3ZpZGVycy9NaWNyb3NvZnQuQ29nbml0aXZlU2VydmljZXMvbG9jYXRpb25zL0NFTlRSQUxVUy9vcGVyYXRpb25SZXN1bHRzLzVkNjgwZmM3LWY4NjctNDRkYy1hOGQ4LWI3MjhiOWE3ZDdiZT9hcGktdmVyc2lvbj0yMDE3LTA0LTE4",
      "RequestMethod": "GET",
      "RequestBody": "",
      "RequestHeaders": {
        "User-Agent": [
          "FxVersion/4.700.22.51102",
          "OSName/Windows",
          "OSVersion/Microsoft.Windows.10.0.22621",
          "Microsoft.Azure.Management.CognitiveServices.CognitiveServicesManagementClient/8.5.0.0"
        ]
      },
      "ResponseHeaders": {
        "Cache-Control": [
          "no-cache"
        ],
        "Pragma": [
          "no-cache"
        ],
        "X-Content-Type-Options": [
          "nosniff"
        ],
        "x-ms-request-id": [
          "ce02250c-1abf-4ecc-98d4-a686344a18d6"
        ],
        "x-envoy-upstream-service-time": [
          "5"
        ],
        "Server": [
          "istio-envoy"
        ],
        "x-ms-ratelimit-remaining-subscription-reads": [
          "11997"
        ],
        "x-ms-correlation-request-id": [
          "5937dfab-b016-473d-9684-0bd5a6269ac3"
        ],
        "x-ms-routing-request-id": [
          "WESTUS:20230104T212041Z:5937dfab-b016-473d-9684-0bd5a6269ac3"
        ],
        "Strict-Transport-Security": [
          "max-age=31536000; includeSubDomains"
        ],
        "Date": [
          "Wed, 04 Jan 2023 21:20:40 GMT"
        ],
        "Content-Length": [
          "307"
        ],
        "Content-Type": [
          "application/json; charset=utf-8"
        ],
        "Expires": [
          "-1"
        ]
      },
      "ResponseBody": "{\r\n  \"id\": \"/subscriptions/f9b96b36-1f5e-4021-8959-51527e26e6d3/providers/Microsoft.CognitiveServices/locations/CENTRALUS/operationResults/5d680fc7-f867-44dc-a8d8-b728b9a7d7be\",\r\n  \"name\": \"5d680fc7-f867-44dc-a8d8-b728b9a7d7be\",\r\n  \"status\": \"Succeeded\",\r\n  \"startTime\": \"2023-01-04T21:20:11Z\",\r\n  \"endTime\": \"2023-01-04T21:20:11Z\"\r\n}",
      "StatusCode": 200
    }
  ],
  "Names": {
    "CreateResourceGroup": [
      "res7871"
    ],
    "CreateCognitiveServicesAccount": [
      "csa5270"
    ]
  },
  "Variables": {
    "SubscriptionId": "f9b96b36-1f5e-4021-8959-51527e26e6d3"
  }
}