{
  "Entries": [
    {
      "RequestUri": "/subscriptions/f9b96b36-1f5e-4021-8959-51527e26e6d3/resourcegroups/res6219?api-version=2017-05-10",
      "EncodedRequestUri": "L3N1YnNjcmlwdGlvbnMvZjliOTZiMzYtMWY1ZS00MDIxLTg5NTktNTE1MjdlMjZlNmQzL3Jlc291cmNlZ3JvdXBzL3JlczYyMTk/YXBpLXZlcnNpb249MjAxNy0wNS0xMA==",
      "RequestMethod": "PUT",
      "RequestBody": "{\r\n  \"location\": \"CENTRALUSEUAP\"\r\n}",
      "RequestHeaders": {
        "x-ms-client-request-id": [
          "0ce07ec1-8337-48a1-a2e1-1a314fa966d9"
        ],
        "Accept-Language": [
          "en-US"
        ],
        "User-Agent": [
          "FxVersion/4.6.30015.01",
          "OSName/Windows",
          "OSVersion/Microsoft.Windows.10.0.19042.",
          "Microsoft.Azure.Management.ResourceManager.ResourceManagementClient/1.6.0.0"
        ],
        "Content-Type": [
          "application/json; charset=utf-8"
        ],
        "Content-Length": [
          "35"
        ]
      },
      "ResponseHeaders": {
        "Cache-Control": [
          "no-cache"
        ],
        "Pragma": [
          "no-cache"
        ],
        "x-ms-ratelimit-remaining-subscription-writes": [
          "1199"
        ],
        "x-ms-request-id": [
          "874f97fa-6f08-4026-88ab-92763dd27847"
        ],
        "x-ms-correlation-request-id": [
          "874f97fa-6f08-4026-88ab-92763dd27847"
        ],
        "x-ms-routing-request-id": [
          "WESTUS2:20210517T192550Z:874f97fa-6f08-4026-88ab-92763dd27847"
        ],
        "Strict-Transport-Security": [
          "max-age=31536000; includeSubDomains"
        ],
        "X-Content-Type-Options": [
          "nosniff"
        ],
        "Date": [
          "Mon, 17 May 2021 19:25:50 GMT"
        ],
        "Content-Length": [
          "174"
        ],
        "Content-Type": [
          "application/json; charset=utf-8"
        ],
        "Expires": [
          "-1"
        ]
      },
      "ResponseBody": "{\r\n  \"id\": \"/subscriptions/f9b96b36-1f5e-4021-8959-51527e26e6d3/resourceGroups/res6219\",\r\n  \"name\": \"res6219\",\r\n  \"location\": \"centraluseuap\",\r\n  \"properties\": {\r\n    \"provisioningState\": \"Succeeded\"\r\n  }\r\n}",
      "StatusCode": 201
    },
    {
      "RequestUri": "/subscriptions/f9b96b36-1f5e-4021-8959-51527e26e6d3/resourceGroups/res6219/providers/Microsoft.CognitiveServices/accounts/csa9599?api-version=2021-04-30",
      "EncodedRequestUri": "L3N1YnNjcmlwdGlvbnMvZjliOTZiMzYtMWY1ZS00MDIxLTg5NTktNTE1MjdlMjZlNmQzL3Jlc291cmNlR3JvdXBzL3JlczYyMTkvcHJvdmlkZXJzL01pY3Jvc29mdC5Db2duaXRpdmVTZXJ2aWNlcy9hY2NvdW50cy9jc2E5NTk5P2FwaS12ZXJzaW9uPTIwMjEtMDQtMzA=",
      "RequestMethod": "PUT",
      "RequestBody": "{\r\n  \"kind\": \"Face\",\r\n  \"sku\": {\r\n    \"name\": \"S0\"\r\n  },\r\n  \"tags\": {\r\n    \"key1\": \"value1\",\r\n    \"key2\": \"value2\"\r\n  },\r\n  \"location\": \"CENTRALUSEUAP\",\r\n  \"properties\": {}\r\n}",
      "RequestHeaders": {
        "x-ms-client-request-id": [
          "df719104-ae53-4984-ad6b-a4f6a27a01dd"
        ],
        "Accept-Language": [
          "en-US"
        ],
        "User-Agent": [
          "FxVersion/4.6.30015.01",
          "OSName/Windows",
          "OSVersion/Microsoft.Windows.10.0.19042.",
          "Microsoft.Azure.Management.CognitiveServices.CognitiveServicesManagementClient/8.0.0.0"
        ],
        "Content-Type": [
          "application/json; charset=utf-8"
        ],
        "Content-Length": [
          "175"
        ]
      },
      "ResponseHeaders": {
        "Cache-Control": [
          "no-cache"
        ],
        "Pragma": [
          "no-cache"
        ],
        "ETag": [
          "\"0300ec04-0000-3300-0000-60a2c3410000\""
        ],
        "x-ms-request-id": [
          "270f561b-cbd9-423e-9cde-5c40ce4785c7"
        ],
        "azure-asyncoperation": [
          "https://management.azure.com/subscriptions/f9b96b36-1f5e-4021-8959-51527e26e6d3/providers/Microsoft.CognitiveServices/locations/CENTRALUSEUAP/operationResults/e64523b7-5579-40eb-a26c-cdd3ea1fbabf?api-version=2017-04-18"
        ],
        "x-envoy-upstream-service-time": [
          "947"
        ],
        "Server": [
          "istio-envoy"
        ],
        "x-ms-ratelimit-remaining-subscription-writes": [
          "1198"
        ],
        "x-ms-correlation-request-id": [
          "df9409af-e247-4346-9773-a8b68ea262ae"
        ],
        "x-ms-routing-request-id": [
          "WESTUS2:20210517T192553Z:df9409af-e247-4346-9773-a8b68ea262ae"
        ],
        "Strict-Transport-Security": [
          "max-age=31536000; includeSubDomains"
        ],
        "X-Content-Type-Options": [
          "nosniff"
        ],
        "Date": [
          "Mon, 17 May 2021 19:25:53 GMT"
        ],
        "Content-Length": [
          "1438"
        ],
        "Content-Type": [
          "application/json; charset=utf-8"
        ],
        "Expires": [
          "-1"
        ]
      },
      "ResponseBody": "{\r\n  \"id\": \"/subscriptions/f9b96b36-1f5e-4021-8959-51527e26e6d3/resourceGroups/res6219/providers/Microsoft.CognitiveServices/accounts/csa9599\",\r\n  \"name\": \"csa9599\",\r\n  \"type\": \"Microsoft.CognitiveServices/accounts\",\r\n  \"etag\": \"\\\"0300ec04-0000-3300-0000-60a2c3410000\\\"\",\r\n  \"systemData\": {\r\n    \"createdBy\": \"50841d5f-166a-406c-8472-6800c9698b43\",\r\n    \"createdByType\": \"Application\",\r\n    \"createdAt\": \"2021-05-17T19:25:52.1936797Z\",\r\n    \"lastModifiedBy\": \"50841d5f-166a-406c-8472-6800c9698b43\",\r\n    \"lastModifiedByType\": \"Application\",\r\n    \"lastModifiedAt\": \"2021-05-17T19:25:52.1936797Z\"\r\n  },\r\n  \"location\": \"CENTRALUSEUAP\",\r\n  \"sku\": {\r\n    \"name\": \"S0\"\r\n  },\r\n  \"kind\": \"Face\",\r\n  \"tags\": {\r\n    \"key1\": \"value1\",\r\n    \"key2\": \"value2\"\r\n  },\r\n  \"properties\": {\r\n    \"endpoint\": \"https://centraluseuap.api.cognitive.microsoft.com/\",\r\n    \"dateCreated\": \"2021-05-17T19:25:52.9404086Z\",\r\n    \"callRateLimit\": {\r\n      \"rules\": [\r\n        {\r\n          \"key\": \"face\",\r\n          \"renewalPeriod\": 1,\r\n          \"count\": 15,\r\n          \"dynamicThrottlingEnabled\": false,\r\n          \"matchPatterns\": [\r\n            {\r\n              \"path\": \"face/*\",\r\n              \"method\": \"*\"\r\n            }\r\n          ]\r\n        },\r\n        {\r\n          \"key\": \"container.billing\",\r\n          \"renewalPeriod\": 10,\r\n          \"count\": 500,\r\n          \"dynamicThrottlingEnabled\": false,\r\n          \"matchPatterns\": [\r\n            {\r\n              \"path\": \"billing/*\",\r\n              \"method\": \"*\"\r\n            }\r\n          ]\r\n        },\r\n        {\r\n          \"key\": \"default\",\r\n          \"renewalPeriod\": 1,\r\n          \"count\": 15,\r\n          \"dynamicThrottlingEnabled\": false,\r\n          \"matchPatterns\": [\r\n            {\r\n              \"path\": \"*\",\r\n              \"method\": \"*\"\r\n            }\r\n          ]\r\n        }\r\n      ]\r\n    },\r\n    \"privateEndpointConnections\": [],\r\n    \"publicNetworkAccess\": \"Enabled\",\r\n    \"capabilities\": [\r\n      {\r\n        \"name\": \"VirtualNetworks\"\r\n      },\r\n      {\r\n        \"name\": \"Container\",\r\n        \"value\": \"Face.*,Face.Face\"\r\n      }\r\n    ],\r\n    \"endpoints\": {\r\n      \"face\": \"https://centraluseuap.api.cognitive.microsoft.com/\"\r\n    },\r\n    \"provisioningState\": \"Creating\"\r\n  }\r\n}",
      "StatusCode": 201
    },
    {
      "RequestUri": "/subscriptions/f9b96b36-1f5e-4021-8959-51527e26e6d3/providers/Microsoft.CognitiveServices/locations/CENTRALUSEUAP/operationResults/e64523b7-5579-40eb-a26c-cdd3ea1fbabf?api-version=2017-04-18",
      "EncodedRequestUri": "L3N1YnNjcmlwdGlvbnMvZjliOTZiMzYtMWY1ZS00MDIxLTg5NTktNTE1MjdlMjZlNmQzL3Byb3ZpZGVycy9NaWNyb3NvZnQuQ29nbml0aXZlU2VydmljZXMvbG9jYXRpb25zL0NFTlRSQUxVU0VVQVAvb3BlcmF0aW9uUmVzdWx0cy9lNjQ1MjNiNy01NTc5LTQwZWItYTI2Yy1jZGQzZWExZmJhYmY/YXBpLXZlcnNpb249MjAxNy0wNC0xOA==",
      "RequestMethod": "GET",
      "RequestBody": "",
      "RequestHeaders": {
        "User-Agent": [
          "FxVersion/4.6.30015.01",
          "OSName/Windows",
          "OSVersion/Microsoft.Windows.10.0.19042.",
          "Microsoft.Azure.Management.CognitiveServices.CognitiveServicesManagementClient/8.0.0.0"
        ]
      },
      "ResponseHeaders": {
        "Cache-Control": [
          "no-cache"
        ],
        "Pragma": [
          "no-cache"
        ],
        "x-ms-request-id": [
          "b699b052-9c39-4500-8835-43652b68ca26"
        ],
        "x-envoy-upstream-service-time": [
          "5"
        ],
        "Server": [
          "istio-envoy"
        ],
        "x-ms-ratelimit-remaining-subscription-reads": [
          "11999"
        ],
        "x-ms-correlation-request-id": [
          "76845861-3324-4012-a4a8-ee5b0e298322"
        ],
        "x-ms-routing-request-id": [
          "WESTUS2:20210517T192624Z:76845861-3324-4012-a4a8-ee5b0e298322"
        ],
        "Strict-Transport-Security": [
          "max-age=31536000; includeSubDomains"
        ],
        "X-Content-Type-Options": [
          "nosniff"
        ],
        "Date": [
          "Mon, 17 May 2021 19:26:23 GMT"
        ],
        "Content-Length": [
          "311"
        ],
        "Content-Type": [
          "application/json; charset=utf-8"
        ],
        "Expires": [
          "-1"
        ]
      },
      "ResponseBody": "{\r\n  \"id\": \"/subscriptions/f9b96b36-1f5e-4021-8959-51527e26e6d3/providers/Microsoft.CognitiveServices/locations/CENTRALUSEUAP/operationResults/e64523b7-5579-40eb-a26c-cdd3ea1fbabf\",\r\n  \"name\": \"e64523b7-5579-40eb-a26c-cdd3ea1fbabf\",\r\n  \"status\": \"Succeeded\",\r\n  \"startTime\": \"2021-05-17T19:25:53Z\",\r\n  \"endTime\": \"2021-05-17T19:25:59Z\"\r\n}",
      "StatusCode": 200
    },
    {
      "RequestUri": "/subscriptions/f9b96b36-1f5e-4021-8959-51527e26e6d3/resourceGroups/res6219/providers/Microsoft.CognitiveServices/accounts/csa9599?api-version=2021-04-30",
      "EncodedRequestUri": "L3N1YnNjcmlwdGlvbnMvZjliOTZiMzYtMWY1ZS00MDIxLTg5NTktNTE1MjdlMjZlNmQzL3Jlc291cmNlR3JvdXBzL3JlczYyMTkvcHJvdmlkZXJzL01pY3Jvc29mdC5Db2duaXRpdmVTZXJ2aWNlcy9hY2NvdW50cy9jc2E5NTk5P2FwaS12ZXJzaW9uPTIwMjEtMDQtMzA=",
      "RequestMethod": "GET",
      "RequestBody": "",
      "RequestHeaders": {
        "User-Agent": [
          "FxVersion/4.6.30015.01",
          "OSName/Windows",
          "OSVersion/Microsoft.Windows.10.0.19042.",
          "Microsoft.Azure.Management.CognitiveServices.CognitiveServicesManagementClient/8.0.0.0"
        ]
      },
      "ResponseHeaders": {
        "Cache-Control": [
          "no-cache"
        ],
        "Pragma": [
          "no-cache"
        ],
        "ETag": [
          "\"0300f504-0000-3300-0000-60a2c3470000\""
        ],
        "x-ms-request-id": [
          "7812eada-f2a7-420c-b155-dcd52661774a"
        ],
        "x-envoy-upstream-service-time": [
          "10"
        ],
        "Server": [
          "istio-envoy"
        ],
        "x-ms-ratelimit-remaining-subscription-reads": [
          "11998"
        ],
        "x-ms-correlation-request-id": [
          "d1d4b4ac-f22d-43d5-8b9c-0f3d95a90a94"
        ],
        "x-ms-routing-request-id": [
          "WESTUS2:20210517T192624Z:d1d4b4ac-f22d-43d5-8b9c-0f3d95a90a94"
        ],
        "Strict-Transport-Security": [
          "max-age=31536000; includeSubDomains"
        ],
        "X-Content-Type-Options": [
          "nosniff"
        ],
        "Date": [
          "Mon, 17 May 2021 19:26:23 GMT"
        ],
        "Content-Length": [
          "1439"
        ],
        "Content-Type": [
          "application/json; charset=utf-8"
        ],
        "Expires": [
          "-1"
        ]
      },
      "ResponseBody": "{\r\n  \"id\": \"/subscriptions/f9b96b36-1f5e-4021-8959-51527e26e6d3/resourceGroups/res6219/providers/Microsoft.CognitiveServices/accounts/csa9599\",\r\n  \"name\": \"csa9599\",\r\n  \"type\": \"Microsoft.CognitiveServices/accounts\",\r\n  \"etag\": \"\\\"0300f504-0000-3300-0000-60a2c3470000\\\"\",\r\n  \"systemData\": {\r\n    \"createdBy\": \"50841d5f-166a-406c-8472-6800c9698b43\",\r\n    \"createdByType\": \"Application\",\r\n    \"createdAt\": \"2021-05-17T19:25:52.1936797Z\",\r\n    \"lastModifiedBy\": \"50841d5f-166a-406c-8472-6800c9698b43\",\r\n    \"lastModifiedByType\": \"Application\",\r\n    \"lastModifiedAt\": \"2021-05-17T19:25:52.1936797Z\"\r\n  },\r\n  \"location\": \"CENTRALUSEUAP\",\r\n  \"sku\": {\r\n    \"name\": \"S0\"\r\n  },\r\n  \"kind\": \"Face\",\r\n  \"tags\": {\r\n    \"key1\": \"value1\",\r\n    \"key2\": \"value2\"\r\n  },\r\n  \"properties\": {\r\n    \"endpoint\": \"https://centraluseuap.api.cognitive.microsoft.com/\",\r\n    \"dateCreated\": \"2021-05-17T19:25:52.9404086Z\",\r\n    \"callRateLimit\": {\r\n      \"rules\": [\r\n        {\r\n          \"key\": \"face\",\r\n          \"renewalPeriod\": 1,\r\n          \"count\": 15,\r\n          \"dynamicThrottlingEnabled\": false,\r\n          \"matchPatterns\": [\r\n            {\r\n              \"path\": \"face/*\",\r\n              \"method\": \"*\"\r\n            }\r\n          ]\r\n        },\r\n        {\r\n          \"key\": \"container.billing\",\r\n          \"renewalPeriod\": 10,\r\n          \"count\": 500,\r\n          \"dynamicThrottlingEnabled\": false,\r\n          \"matchPatterns\": [\r\n            {\r\n              \"path\": \"billing/*\",\r\n              \"method\": \"*\"\r\n            }\r\n          ]\r\n        },\r\n        {\r\n          \"key\": \"default\",\r\n          \"renewalPeriod\": 1,\r\n          \"count\": 15,\r\n          \"dynamicThrottlingEnabled\": false,\r\n          \"matchPatterns\": [\r\n            {\r\n              \"path\": \"*\",\r\n              \"method\": \"*\"\r\n            }\r\n          ]\r\n        }\r\n      ]\r\n    },\r\n    \"privateEndpointConnections\": [],\r\n    \"publicNetworkAccess\": \"Enabled\",\r\n    \"capabilities\": [\r\n      {\r\n        \"name\": \"VirtualNetworks\"\r\n      },\r\n      {\r\n        \"name\": \"Container\",\r\n        \"value\": \"Face.*,Face.Face\"\r\n      }\r\n    ],\r\n    \"endpoints\": {\r\n      \"face\": \"https://centraluseuap.api.cognitive.microsoft.com/\"\r\n    },\r\n    \"provisioningState\": \"Succeeded\"\r\n  }\r\n}",
      "StatusCode": 200
    },
    {
      "RequestUri": "/subscriptions/f9b96b36-1f5e-4021-8959-51527e26e6d3/resourceGroups/res6219/providers/Microsoft.CognitiveServices/accounts/csa9599/privateLinkResources?api-version=2021-04-30",
      "EncodedRequestUri": "L3N1YnNjcmlwdGlvbnMvZjliOTZiMzYtMWY1ZS00MDIxLTg5NTktNTE1MjdlMjZlNmQzL3Jlc291cmNlR3JvdXBzL3JlczYyMTkvcHJvdmlkZXJzL01pY3Jvc29mdC5Db2duaXRpdmVTZXJ2aWNlcy9hY2NvdW50cy9jc2E5NTk5L3ByaXZhdGVMaW5rUmVzb3VyY2VzP2FwaS12ZXJzaW9uPTIwMjEtMDQtMzA=",
      "RequestMethod": "GET",
      "RequestBody": "",
      "RequestHeaders": {
        "x-ms-client-request-id": [
          "312c7664-a4ac-436c-a86d-d491f93c1c21"
        ],
        "Accept-Language": [
          "en-US"
        ],
        "User-Agent": [
          "FxVersion/4.6.30015.01",
          "OSName/Windows",
          "OSVersion/Microsoft.Windows.10.0.19042.",
          "Microsoft.Azure.Management.CognitiveServices.CognitiveServicesManagementClient/8.0.0.0"
        ]
      },
      "ResponseHeaders": {
        "Cache-Control": [
          "no-cache"
        ],
        "Pragma": [
          "no-cache"
        ],
        "x-ms-request-id": [
          "ab878363-7ac9-49f3-b0f5-e4664f3c6fb8"
        ],
        "x-envoy-upstream-service-time": [
          "18"
        ],
        "Server": [
          "istio-envoy"
        ],
        "x-ms-ratelimit-remaining-subscription-reads": [
          "11997"
        ],
        "x-ms-correlation-request-id": [
          "38a4ec82-f659-4355-ad73-375117059e50"
        ],
        "x-ms-routing-request-id": [
          "WESTUS2:20210517T192624Z:38a4ec82-f659-4355-ad73-375117059e50"
        ],
        "Strict-Transport-Security": [
          "max-age=31536000; includeSubDomains"
        ],
        "X-Content-Type-Options": [
          "nosniff"
        ],
        "Date": [
          "Mon, 17 May 2021 19:26:24 GMT"
        ],
        "Content-Length": [
          "392"
        ],
        "Content-Type": [
          "application/json; charset=utf-8"
        ],
        "Expires": [
          "-1"
        ]
      },
      "ResponseBody": "{\r\n  \"value\": [\r\n    {\r\n      \"id\": \"/subscriptions/f9b96b36-1f5e-4021-8959-51527e26e6d3/resourceGroups/res6219/providers/Microsoft.CognitiveServices/accounts/csa9599/privateLinkResources/account\",\r\n      \"name\": \"account\",\r\n      \"type\": \"Microsoft.CognitiveServices/accounts/privateLinkResources\",\r\n      \"properties\": {\r\n        \"groupId\": \"account\",\r\n        \"requiredMembers\": [\r\n          \"default\"\r\n        ],\r\n        \"requiredZoneNames\": [\r\n          \"privatelink.cognitiveservices.azure.com\"\r\n        ]\r\n      }\r\n    }\r\n  ]\r\n}",
      "StatusCode": 200
    },
    {
      "RequestUri": "/subscriptions/f9b96b36-1f5e-4021-8959-51527e26e6d3/resourceGroups/res6219/providers/Microsoft.CognitiveServices/accounts/csa9599/privateEndpointConnections/notExistPCN?api-version=2021-04-30",
      "EncodedRequestUri": "L3N1YnNjcmlwdGlvbnMvZjliOTZiMzYtMWY1ZS00MDIxLTg5NTktNTE1MjdlMjZlNmQzL3Jlc291cmNlR3JvdXBzL3JlczYyMTkvcHJvdmlkZXJzL01pY3Jvc29mdC5Db2duaXRpdmVTZXJ2aWNlcy9hY2NvdW50cy9jc2E5NTk5L3ByaXZhdGVFbmRwb2ludENvbm5lY3Rpb25zL25vdEV4aXN0UENOP2FwaS12ZXJzaW9uPTIwMjEtMDQtMzA=",
      "RequestMethod": "GET",
      "RequestBody": "",
      "RequestHeaders": {
        "x-ms-client-request-id": [
          "fd1955fe-277f-4541-a11a-2f8c5a074687"
        ],
        "Accept-Language": [
          "en-US"
        ],
        "User-Agent": [
          "FxVersion/4.6.30015.01",
          "OSName/Windows",
          "OSVersion/Microsoft.Windows.10.0.19042.",
          "Microsoft.Azure.Management.CognitiveServices.CognitiveServicesManagementClient/8.0.0.0"
        ]
      },
      "ResponseHeaders": {
        "Cache-Control": [
          "no-cache"
        ],
        "Pragma": [
          "no-cache"
        ],
        "x-ms-request-id": [
          "6b299c74-db84-4848-bb00-8b23a7d9c238"
        ],
        "x-envoy-upstream-service-time": [
          "62"
        ],
        "Server": [
          "istio-envoy"
        ],
        "x-ms-ratelimit-remaining-subscription-reads": [
          "11996"
        ],
        "x-ms-correlation-request-id": [
          "a22e897e-5dff-4c9e-8692-e553e2770127"
        ],
        "x-ms-routing-request-id": [
          "WESTUS2:20210517T192624Z:a22e897e-5dff-4c9e-8692-e553e2770127"
        ],
        "Strict-Transport-Security": [
          "max-age=31536000; includeSubDomains"
        ],
        "X-Content-Type-Options": [
          "nosniff"
        ],
        "Date": [
          "Mon, 17 May 2021 19:26:24 GMT"
        ],
        "Content-Length": [
          "263"
        ],
        "Content-Type": [
          "application/json; charset=utf-8"
        ],
        "Expires": [
          "-1"
        ]
      },
      "ResponseBody": "{\r\n  \"error\": {\r\n    \"code\": \"ResourceNotFound\",\r\n    \"message\": \"The resource with identifier '/subscriptions/f9b96b36-1f5e-4021-8959-51527e26e6d3/resourceGroups/res6219/providers/Microsoft.CognitiveServices/accounts/csa9599/privateEndpointConnections/notExistPCN' is not found.\"\r\n  }\r\n}",
      "StatusCode": 404
    },
    {
      "RequestUri": "/subscriptions/f9b96b36-1f5e-4021-8959-51527e26e6d3/resourceGroups/res6219/providers/Microsoft.CognitiveServices/accounts/csa9599/privateEndpointConnections?api-version=2021-04-30",
      "EncodedRequestUri": "L3N1YnNjcmlwdGlvbnMvZjliOTZiMzYtMWY1ZS00MDIxLTg5NTktNTE1MjdlMjZlNmQzL3Jlc291cmNlR3JvdXBzL3JlczYyMTkvcHJvdmlkZXJzL01pY3Jvc29mdC5Db2duaXRpdmVTZXJ2aWNlcy9hY2NvdW50cy9jc2E5NTk5L3ByaXZhdGVFbmRwb2ludENvbm5lY3Rpb25zP2FwaS12ZXJzaW9uPTIwMjEtMDQtMzA=",
      "RequestMethod": "GET",
      "RequestBody": "",
      "RequestHeaders": {
        "x-ms-client-request-id": [
          "347a32bb-7d25-42ff-90e3-45f44ff06f04"
        ],
        "Accept-Language": [
          "en-US"
        ],
        "User-Agent": [
          "FxVersion/4.6.30015.01",
          "OSName/Windows",
          "OSVersion/Microsoft.Windows.10.0.19042.",
          "Microsoft.Azure.Management.CognitiveServices.CognitiveServicesManagementClient/8.0.0.0"
        ]
      },
      "ResponseHeaders": {
        "Cache-Control": [
          "no-cache"
        ],
        "Pragma": [
          "no-cache"
        ],
        "x-ms-request-id": [
          "d3986942-7992-4d4d-a202-b768b69c835b"
        ],
        "x-envoy-upstream-service-time": [
          "18"
        ],
        "Server": [
          "istio-envoy"
        ],
        "x-ms-ratelimit-remaining-subscription-reads": [
          "11995"
        ],
        "x-ms-correlation-request-id": [
          "5716f956-003a-493b-af8d-f6febc1fbb2a"
        ],
        "x-ms-routing-request-id": [
          "WESTUS2:20210517T192624Z:5716f956-003a-493b-af8d-f6febc1fbb2a"
        ],
        "Strict-Transport-Security": [
          "max-age=31536000; includeSubDomains"
        ],
        "X-Content-Type-Options": [
          "nosniff"
        ],
        "Date": [
          "Mon, 17 May 2021 19:26:24 GMT"
        ],
        "Content-Length": [
          "12"
        ],
        "Content-Type": [
          "application/json; charset=utf-8"
        ],
        "Expires": [
          "-1"
        ]
      },
      "ResponseBody": "{\r\n  \"value\": []\r\n}",
      "StatusCode": 200
    }
  ],
  "Names": {
    "CreateResourceGroup": [
      "res6219"
    ],
    "CognitiveServicesAccountPrivateEndpointConnectionTest": [
      "csa9599"
    ]
  },
  "Variables": {
    "SubscriptionId": "f9b96b36-1f5e-4021-8959-51527e26e6d3"
  }
}