{
  "Entries": [
    {
      "RequestUri": "https://pakrymtables3prim.table.cosmos.azure.com/Tables?$format=application%2Fjson%3Bodata%3Dminimalmetadata",
      "RequestMethod": "POST",
      "RequestHeaders": {
        "Accept": "application/json; odata=minimalmetadata",
        "Authorization": "Sanitized",
        "Content-Length": "33",
        "Content-Type": "application/json; odata=nometadata",
        "DataServiceVersion": "3.0",
        "traceparent": "00-1664c6cc3c550113700dc2ba41da56c2-602fbd900f3abf26-00",
        "User-Agent": "azsdk-net-Data.Tables/12.4.0-alpha.20211229.1 (.NET 6.0.0-rtm.21522.10; Microsoft Windows 10.0.19044)",
        "x-ms-client-request-id": "3b6ec4861298a3f91ad21aad2112d64a",
        "x-ms-date": "Wed, 29 Dec 2021 18:17:15 GMT",
        "x-ms-return-client-request-id": "true",
        "x-ms-version": "2019-02-02"
      },
      "RequestBody": {
        "TableName": "testtableGwbae0ov"
      },
      "StatusCode": 201,
      "ResponseHeaders": {
        "Content-Type": "application/json; odata=minimalmetadata",
        "Date": "Wed, 29 Dec 2021 18:17:15 GMT",
        "ETag": "W/\u0022datetime\u00272021-12-29T18%3A17%3A15.4701320Z\u0027\u0022",
        "Location": "https://pakrymtables3prim.table.cosmos.azure.com/Tables(\u0027testtableGwbae0ov\u0027)",
        "Transfer-Encoding": "chunked",
        "x-ms-request-id": "62172921-303c-41a3-90e0-b788fb30e229"
      },
      "ResponseBody": {
        "TableName": "testtableGwbae0ov",
        "odata.metadata": "https://pakrymtables3prim.table.cosmos.azure.com/$metadata#Tables/@Element"
      }
    },
    {
      "RequestUri": "https://pakrymtables3prim.table.cosmos.azure.com/testtableGwbae0ov?$format=application%2Fjson%3Bodata%3Dminimalmetadata",
      "RequestMethod": "POST",
      "RequestHeaders": {
        "Accept": "application/json; odata=minimalmetadata",
        "Authorization": "Sanitized",
        "Content-Length": "49",
        "Content-Type": "application/json; odata=nometadata",
        "DataServiceVersion": "3.0",
        "Prefer": "return-no-content",
        "traceparent": "00-cc75f15e6d71688c342802681e0ee9a1-4440faeb211397cf-00",
        "User-Agent": "azsdk-net-Data.Tables/12.4.0-alpha.20211229.1 (.NET 6.0.0-rtm.21522.10; Microsoft Windows 10.0.19044)",
        "x-ms-client-request-id": "9fd95f6c344470a0a975938049ba803c",
        "x-ms-date": "Wed, 29 Dec 2021 18:17:15 GMT",
        "x-ms-return-client-request-id": "true",
        "x-ms-version": "2019-02-02"
      },
      "RequestBody": {
        "PartitionKey": "PK",
        "RowKey": "RK",
        "Value": "Foo"
      },
      "StatusCode": 204,
      "ResponseHeaders": {
        "Date": "Wed, 29 Dec 2021 18:17:15 GMT",
        "ETag": "W/\u0022datetime\u00272021-12-29T18%3A17%3A16.0538120Z\u0027\u0022",
        "Location": "https://pakrymtables3prim.table.cosmos.azure.com/testtableGwbae0ov(PartitionKey=\u0027PK\u0027,RowKey=\u0027RK\u0027)",
        "Preference-Applied": "return-no-content",
        "x-ms-request-id": "ab250bd2-8dde-4639-bfdd-847192da38f3"
      },
      "ResponseBody": null
    },
    {
      "RequestUri": "https://pakrymtables3prim.table.cosmos.azure.com/testtableGwbae0ov(PartitionKey=\u0027PK\u0027,RowKey=\u0027RK\u0027)?$format=application%2Fjson%3Bodata%3Dminimalmetadata",
      "RequestMethod": "GET",
      "RequestHeaders": {
        "Accept": "application/json; odata=minimalmetadata",
        "Authorization": "Sanitized",
        "DataServiceVersion": "3.0",
        "User-Agent": "azsdk-net-Data.Tables/12.4.0-alpha.20211229.1 (.NET 6.0.0-rtm.21522.10; Microsoft Windows 10.0.19044)",
        "x-ms-client-request-id": "68e5b51cd496cb6e8a95d31b2e2308af",
        "x-ms-date": "Wed, 29 Dec 2021 18:17:16 GMT",
        "x-ms-return-client-request-id": "true",
        "x-ms-version": "2019-02-02"
      },
      "RequestBody": null,
      "StatusCode": 200,
      "ResponseHeaders": {
        "Content-Type": "application/json; odata=minimalmetadata",
        "Date": "Wed, 29 Dec 2021 18:17:15 GMT",
        "ETag": "W/\u0022datetime\u00272021-12-29T18%3A17%3A16.0538120Z\u0027\u0022",
        "Transfer-Encoding": "chunked",
        "x-ms-request-id": "3e8a50e3-5554-4e20-8ee8-d07bc5fdf1c9"
      },
      "ResponseBody": {
        "odata.metadata": "https://pakrymtables3prim.table.cosmos.azure.com/testtableGwbae0ov/$metadata#testtableGwbae0ov/@Element",
        "odata.etag": "W/\u0022datetime\u00272021-12-29T18%3A17%3A16.0538120Z\u0027\u0022",
        "PartitionKey": "PK",
        "RowKey": "RK",
        "Value": "Foo",
        "Timestamp": "2021-12-29T18:17:16.0538120Z"
      }
    },
    {
      "RequestUri": "https://pakrymtables3prim.table.cosmos.azure.com/Tables(\u0027testtableGwbae0ov\u0027)",
      "RequestMethod": "DELETE",
      "RequestHeaders": {
        "Accept": "application/json",
        "Authorization": "Sanitized",
        "traceparent": "00-a534edbe95926450c72743259f46d193-6bfa1188e518572d-00",
        "User-Agent": "azsdk-net-Data.Tables/12.4.0-alpha.20211229.1 (.NET 6.0.0-rtm.21522.10; Microsoft Windows 10.0.19044)",
        "x-ms-client-request-id": "33bb5ef3980551ec24fd91237e795a5f",
        "x-ms-date": "Wed, 29 Dec 2021 18:17:16 GMT",
        "x-ms-return-client-request-id": "true",
        "x-ms-version": "2019-02-02"
      },
      "RequestBody": null,
      "StatusCode": 204,
      "ResponseHeaders": {
        "Date": "Wed, 29 Dec 2021 18:17:16 GMT",
        "x-ms-request-id": "1c938363-e4b6-4b73-9b50-c3c11255c9ac"
      },
      "ResponseBody": null
    }
  ],
  "Variables": {
    "COSMOS_TABLES_ENDPOINT_SUFFIX": "cosmos.azure.com",
    "RandomSeed": "2055311711",
    "TABLES_COSMOS_ACCOUNT_NAME": "pakrymtables3prim",
    "TABLES_PRIMARY_COSMOS_ACCOUNT_KEY": "Kg=="
  }
}
