{
  "Entries": [
    {
      "RequestUri": "https://pakrymtables3prim.table.cosmos.azure.com/Tables?$format=application%2Fjson%3Bodata%3Dminimalmetadata",
      "RequestMethod": "POST",
      "RequestHeaders": {
        "Accept": "application/json; odata=minimalmetadata",
        "Authorization": "Sanitized",
        "Content-Length": "33",
        "Content-Type": "application/json; odata=nometadata",
        "DataServiceVersion": "3.0",
        "traceparent": "00-2889278b440695627e90b0b5f25abe6d-15ceb01de69b375c-00",
        "User-Agent": "azsdk-net-Data.Tables/12.4.0-alpha.20211229.1 (.NET 6.0.0-rtm.21522.10; Microsoft Windows 10.0.19044)",
        "x-ms-client-request-id": "fee57aa7eb92a5beaccf75db79ac94c2",
        "x-ms-date": "Wed, 29 Dec 2021 18:17:24 GMT",
        "x-ms-return-client-request-id": "true",
        "x-ms-version": "2019-02-02"
      },
      "RequestBody": {
        "TableName": "testtableawB8gcCk"
      },
      "StatusCode": 201,
      "ResponseHeaders": {
        "Content-Type": "application/json; odata=minimalmetadata",
        "Date": "Wed, 29 Dec 2021 18:17:25 GMT",
        "ETag": "W/\u0022datetime\u00272021-12-29T18%3A17%3A24.7467528Z\u0027\u0022",
        "Location": "https://pakrymtables3prim.table.cosmos.azure.com/Tables(\u0027testtableawB8gcCk\u0027)",
        "Transfer-Encoding": "chunked",
        "x-ms-request-id": "5748770a-e003-4833-91c7-96128e724948"
      },
      "ResponseBody": {
        "TableName": "testtableawB8gcCk",
        "odata.metadata": "https://pakrymtables3prim.table.cosmos.azure.com/$metadata#Tables/@Element"
      }
    },
    {
      "RequestUri": "https://pakrymtables3prim.table.cosmos.azure.com/testtableawB8gcCk(PartitionKey=\u0027PK\u0027,RowKey=\u0027RK\u0027)?$format=application%2Fjson%3Bodata%3Dminimalmetadata",
      "RequestMethod": "GET",
      "RequestHeaders": {
        "Accept": "application/json; odata=minimalmetadata",
        "Authorization": "Sanitized",
        "DataServiceVersion": "3.0",
        "User-Agent": "azsdk-net-Data.Tables/12.4.0-alpha.20211229.1 (.NET 6.0.0-rtm.21522.10; Microsoft Windows 10.0.19044)",
        "x-ms-client-request-id": "8a51da920be06259aa644bd42cb95408",
        "x-ms-date": "Wed, 29 Dec 2021 18:17:25 GMT",
        "x-ms-return-client-request-id": "true",
        "x-ms-version": "2019-02-02"
      },
      "RequestBody": null,
      "StatusCode": 404,
      "ResponseHeaders": {
        "Content-Type": "application/json; odata=minimalmetadata",
        "Date": "Wed, 29 Dec 2021 18:17:25 GMT",
        "Transfer-Encoding": "chunked",
        "x-ms-request-id": "1c0783ce-115d-42c1-85b0-cc5b110af18d"
      },
      "ResponseBody": {
        "odata.error": {
          "code": "ResourceNotFound",
          "message": {
            "lang": "en-us",
            "value": "The specified resource does not exist.\nRequestID:1c0783ce-115d-42c1-85b0-cc5b110af18d\n"
          }
        }
      }
    },
    {
      "RequestUri": "https://pakrymtables3prim.table.cosmos.azure.com/Tables(\u0027testtableawB8gcCk\u0027)",
      "RequestMethod": "DELETE",
      "RequestHeaders": {
        "Accept": "application/json",
        "Authorization": "Sanitized",
        "traceparent": "00-a6030a4264377fb54e0d62b20ed4b764-edf1554ccf8fbbf4-00",
        "User-Agent": "azsdk-net-Data.Tables/12.4.0-alpha.20211229.1 (.NET 6.0.0-rtm.21522.10; Microsoft Windows 10.0.19044)",
        "x-ms-client-request-id": "91bc941fe96187727d8427eb3472e767",
        "x-ms-date": "Wed, 29 Dec 2021 18:17:25 GMT",
        "x-ms-return-client-request-id": "true",
        "x-ms-version": "2019-02-02"
      },
      "RequestBody": null,
      "StatusCode": 204,
      "ResponseHeaders": {
        "Date": "Wed, 29 Dec 2021 18:17:25 GMT",
        "x-ms-request-id": "b431b86b-5b7c-4a87-acad-8efe99068fdf"
      },
      "ResponseBody": null
    }
  ],
  "Variables": {
    "COSMOS_TABLES_ENDPOINT_SUFFIX": "cosmos.azure.com",
    "RandomSeed": "980565713",
    "TABLES_COSMOS_ACCOUNT_NAME": "pakrymtables3prim",
    "TABLES_PRIMARY_COSMOS_ACCOUNT_KEY": "Kg=="
  }
}
