{
  "Entries": [
    {
      "RequestUri": "https://pakrymtables4prim.table.cosmos.azure.com/Tables?$format=application%2Fjson%3Bodata%3Dminimalmetadata",
      "RequestMethod": "POST",
      "RequestHeaders": {
        "Accept": "application/json; odata=minimalmetadata",
        "Authorization": "Sanitized",
        "Content-Length": "33",
        "Content-Type": "application/json; odata=nometadata",
        "DataServiceVersion": "3.0",
        "traceparent": "00-c73cf1cfd8001e5f03b15d3d7d8fbc82-46d6d462dc00da4d-00",
        "User-Agent": "azsdk-net-Data.Tables/12.4.0-alpha.20220103.1 (.NET 6.0.0-rtm.21522.10; Microsoft Windows 10.0.19044)",
        "x-ms-client-request-id": "05e868d4c729ea49b2bbff81edda05f0",
        "x-ms-date": "Mon, 03 Jan 2022 19:24:07 GMT",
        "x-ms-return-client-request-id": "true",
        "x-ms-version": "2019-02-02"
      },
      "RequestBody": {
        "TableName": "testtablehld2tmZx"
      },
      "StatusCode": 201,
      "ResponseHeaders": {
        "Content-Type": "application/json; odata=minimalmetadata",
        "Date": "Mon, 03 Jan 2022 19:24:07 GMT",
        "ETag": "W/\u0022datetime\u00272022-01-03T19%3A24%3A07.3610248Z\u0027\u0022",
        "Location": "https://pakrymtables4prim.table.cosmos.azure.com/Tables(\u0027testtablehld2tmZx\u0027)",
        "Transfer-Encoding": "chunked",
        "x-ms-request-id": "d76dc244-5b26-4567-9658-e90d15585696"
      },
      "ResponseBody": {
        "TableName": "testtablehld2tmZx",
        "odata.metadata": "https://pakrymtables4prim.table.cosmos.azure.com/$metadata#Tables/@Element"
      }
    },
    {
      "RequestUri": "https://pakrymtables4prim.table.cosmos.azure.com/testtablehld2tmZx(PartitionKey=\u0027PK\u0027,RowKey=\u0027RK\u0027)?$format=application%2Fjson%3Bodata%3Dminimalmetadata",
      "RequestMethod": "PUT",
      "RequestHeaders": {
        "Accept": "application/json",
        "Authorization": "Sanitized",
        "Content-Length": "48",
        "Content-Type": "application/json",
        "DataServiceVersion": "3.0",
        "traceparent": "00-2aac3a994021cbdb2626d5c841352f9b-fa35ac4082e84a28-00",
        "User-Agent": "azsdk-net-Data.Tables/12.4.0-alpha.20220103.1 (.NET 6.0.0-rtm.21522.10; Microsoft Windows 10.0.19044)",
        "x-ms-client-request-id": "bcc426081594c992155a6f1e30935bb2",
        "x-ms-date": "Mon, 03 Jan 2022 19:24:08 GMT",
        "x-ms-return-client-request-id": "true",
        "x-ms-version": "2019-02-02"
      },
      "RequestBody": {
        "PartitionKey": "PK",
        "RowKey": "RK",
        "Value": null
      },
      "StatusCode": 204,
      "ResponseHeaders": {
        "Content-Type": "application/json",
        "Date": "Mon, 03 Jan 2022 19:24:08 GMT",
        "ETag": "W/\u0022datetime\u00272022-01-03T19%3A24%3A08.8363016Z\u0027\u0022",
        "x-ms-request-id": "4d1b9aff-18a1-4b20-a1c4-1a20051db708"
      },
      "ResponseBody": null
    },
    {
      "RequestUri": "https://pakrymtables4prim.table.cosmos.azure.com/testtablehld2tmZx(PartitionKey=\u0027PK\u0027,RowKey=\u0027RK\u0027)?$format=application%2Fjson%3Bodata%3Dminimalmetadata",
      "RequestMethod": "GET",
      "RequestHeaders": {
        "Accept": "application/json; odata=minimalmetadata",
        "Authorization": "Sanitized",
        "DataServiceVersion": "3.0",
        "User-Agent": "azsdk-net-Data.Tables/12.4.0-alpha.20220103.1 (.NET 6.0.0-rtm.21522.10; Microsoft Windows 10.0.19044)",
        "x-ms-client-request-id": "cf8790527d634f0a91fb1b9b2abe7a16",
        "x-ms-date": "Mon, 03 Jan 2022 19:24:08 GMT",
        "x-ms-return-client-request-id": "true",
        "x-ms-version": "2019-02-02"
      },
      "RequestBody": null,
      "StatusCode": 200,
      "ResponseHeaders": {
        "Content-Type": "application/json; odata=minimalmetadata",
        "Date": "Mon, 03 Jan 2022 19:24:08 GMT",
        "ETag": "W/\u0022datetime\u00272022-01-03T19%3A24%3A08.8363016Z\u0027\u0022",
        "Transfer-Encoding": "chunked",
        "x-ms-request-id": "a42ce455-8a0d-40fd-b9fa-73f2f61f4f89"
      },
      "ResponseBody": {
        "odata.metadata": "https://pakrymtables4prim.table.cosmos.azure.com/testtablehld2tmZx/$metadata#testtablehld2tmZx/@Element",
        "odata.etag": "W/\u0022datetime\u00272022-01-03T19%3A24%3A08.8363016Z\u0027\u0022",
        "PartitionKey": "PK",
        "RowKey": "RK",
        "Timestamp": "2022-01-03T19:24:08.8363016Z"
      }
    },
    {
      "RequestUri": "https://pakrymtables4prim.table.cosmos.azure.com/testtablehld2tmZx(PartitionKey=\u0027PK\u0027,RowKey=\u0027RK\u0027)?$format=application%2Fjson%3Bodata%3Dminimalmetadata",
      "RequestMethod": "PUT",
      "RequestHeaders": {
        "Accept": "application/json",
        "Authorization": "Sanitized",
        "Content-Length": "49",
        "Content-Type": "application/json",
        "DataServiceVersion": "3.0",
        "If-Match": "W/\u0022datetime\u00272022-01-03T19%3A24%3A08.8363016Z\u0027\u0022",
        "User-Agent": "azsdk-net-Data.Tables/12.4.0-alpha.20220103.1 (.NET 6.0.0-rtm.21522.10; Microsoft Windows 10.0.19044)",
        "x-ms-client-request-id": "42ca5dc9b857bea3d51eefcf582bb91f",
        "x-ms-date": "Mon, 03 Jan 2022 19:24:08 GMT",
        "x-ms-return-client-request-id": "true",
        "x-ms-version": "2019-02-02"
      },
      "RequestBody": {
        "PartitionKey": "PK",
        "RowKey": "RK",
        "Value": "Bar"
      },
      "StatusCode": 204,
      "ResponseHeaders": {
        "Date": "Mon, 03 Jan 2022 19:24:08 GMT",
        "ETag": "W/\u0022datetime\u00272022-01-03T19%3A24%3A08.8780808Z\u0027\u0022",
        "x-ms-request-id": "66bdf32f-0764-48bf-a51c-48d8896d47e8"
      },
      "ResponseBody": null
    },
    {
      "RequestUri": "https://pakrymtables4prim.table.cosmos.azure.com/testtablehld2tmZx(PartitionKey=\u0027PK\u0027,RowKey=\u0027RK\u0027)?$format=application%2Fjson%3Bodata%3Dminimalmetadata",
      "RequestMethod": "GET",
      "RequestHeaders": {
        "Accept": "application/json; odata=minimalmetadata",
        "Authorization": "Sanitized",
        "DataServiceVersion": "3.0",
        "traceparent": "00-dd33a7d72dfdba9037a2892efcce2356-1798827784bf4e92-00",
        "User-Agent": "azsdk-net-Data.Tables/12.4.0-alpha.20220103.1 (.NET 6.0.0-rtm.21522.10; Microsoft Windows 10.0.19044)",
        "x-ms-client-request-id": "5d2e4c5f36538b8c1b742b98f9f69e57",
        "x-ms-date": "Mon, 03 Jan 2022 19:24:08 GMT",
        "x-ms-return-client-request-id": "true",
        "x-ms-version": "2019-02-02"
      },
      "RequestBody": null,
      "StatusCode": 200,
      "ResponseHeaders": {
        "Content-Type": "application/json; odata=minimalmetadata",
        "Date": "Mon, 03 Jan 2022 19:24:08 GMT",
        "ETag": "W/\u0022datetime\u00272022-01-03T19%3A24%3A08.8780808Z\u0027\u0022",
        "Transfer-Encoding": "chunked",
        "x-ms-request-id": "5b49c2ff-e18e-4093-bd5b-58e6c1099935"
      },
      "ResponseBody": {
        "odata.metadata": "https://pakrymtables4prim.table.cosmos.azure.com/testtablehld2tmZx/$metadata#testtablehld2tmZx/@Element",
        "odata.etag": "W/\u0022datetime\u00272022-01-03T19%3A24%3A08.8780808Z\u0027\u0022",
        "PartitionKey": "PK",
        "RowKey": "RK",
        "Value": "Bar",
        "Timestamp": "2022-01-03T19:24:08.8780808Z"
      }
    },
    {
      "RequestUri": "https://pakrymtables4prim.table.cosmos.azure.com/testtablehld2tmZx(PartitionKey=\u0027PK\u0027,RowKey=\u0027RK\u0027)?$format=application%2Fjson%3Bodata%3Dminimalmetadata",
      "RequestMethod": "PUT",
      "RequestHeaders": {
        "Accept": "application/json",
        "Authorization": "Sanitized",
        "Content-Length": "48",
        "Content-Type": "application/json",
        "DataServiceVersion": "3.0",
        "traceparent": "00-9bac2ccbe8523bd8006951f0d135de6b-9cc1e3ce097326cd-00",
        "User-Agent": "azsdk-net-Data.Tables/12.4.0-alpha.20220103.1 (.NET 6.0.0-rtm.21522.10; Microsoft Windows 10.0.19044)",
        "x-ms-client-request-id": "d35459e019c89a5aedc8f9448d3bf665",
        "x-ms-date": "Mon, 03 Jan 2022 19:24:08 GMT",
        "x-ms-return-client-request-id": "true",
        "x-ms-version": "2019-02-02"
      },
      "RequestBody": {
        "PartitionKey": "PK",
        "RowKey": "RK",
        "Value": null
      },
      "StatusCode": 204,
      "ResponseHeaders": {
        "Content-Type": "application/json",
        "Date": "Mon, 03 Jan 2022 19:24:08 GMT",
        "ETag": "W/\u0022datetime\u00272022-01-03T19%3A24%3A08.9152520Z\u0027\u0022",
        "x-ms-request-id": "fc375dc7-0d10-4bf1-b372-6d58da025ea8"
      },
      "ResponseBody": null
    },
    {
      "RequestUri": "https://pakrymtables4prim.table.cosmos.azure.com/testtablehld2tmZx(PartitionKey=\u0027PK\u0027,RowKey=\u0027RK\u0027)?$format=application%2Fjson%3Bodata%3Dminimalmetadata",
      "RequestMethod": "GET",
      "RequestHeaders": {
        "Accept": "application/json; odata=minimalmetadata",
        "Authorization": "Sanitized",
        "DataServiceVersion": "3.0",
        "User-Agent": "azsdk-net-Data.Tables/12.4.0-alpha.20220103.1 (.NET 6.0.0-rtm.21522.10; Microsoft Windows 10.0.19044)",
        "x-ms-client-request-id": "dd3bfc421d8f93c2d03f27e38d0bc4df",
        "x-ms-date": "Mon, 03 Jan 2022 19:24:08 GMT",
        "x-ms-return-client-request-id": "true",
        "x-ms-version": "2019-02-02"
      },
      "RequestBody": null,
      "StatusCode": 200,
      "ResponseHeaders": {
        "Content-Type": "application/json; odata=minimalmetadata",
        "Date": "Mon, 03 Jan 2022 19:24:08 GMT",
        "ETag": "W/\u0022datetime\u00272022-01-03T19%3A24%3A08.9152520Z\u0027\u0022",
        "Transfer-Encoding": "chunked",
        "x-ms-request-id": "cece5c0d-dba3-4746-add6-f3a7937e3831"
      },
      "ResponseBody": {
        "odata.metadata": "https://pakrymtables4prim.table.cosmos.azure.com/testtablehld2tmZx/$metadata#testtablehld2tmZx/@Element",
        "odata.etag": "W/\u0022datetime\u00272022-01-03T19%3A24%3A08.9152520Z\u0027\u0022",
        "PartitionKey": "PK",
        "RowKey": "RK",
        "Timestamp": "2022-01-03T19:24:08.9152520Z"
      }
    },
    {
      "RequestUri": "https://pakrymtables4prim.table.cosmos.azure.com/testtablehld2tmZx(PartitionKey=\u0027PK\u0027,RowKey=\u0027RK\u0027)?$format=application%2Fjson%3Bodata%3Dminimalmetadata",
      "RequestMethod": "PUT",
      "RequestHeaders": {
        "Accept": "application/json",
        "Authorization": "Sanitized",
        "Content-Length": "45",
        "Content-Type": "application/json",
        "DataServiceVersion": "3.0",
        "If-Match": "W/\u0022datetime\u00272022-01-03T19%3A24%3A08.9152520Z\u0027\u0022",
        "User-Agent": "azsdk-net-Data.Tables/12.4.0-alpha.20220103.1 (.NET 6.0.0-rtm.21522.10; Microsoft Windows 10.0.19044)",
        "x-ms-client-request-id": "ffef9880e5d74657f2946f8a3d47fee0",
        "x-ms-date": "Mon, 03 Jan 2022 19:24:08 GMT",
        "x-ms-return-client-request-id": "true",
        "x-ms-version": "2019-02-02"
      },
      "RequestBody": {
        "PartitionKey": "PK",
        "RowKey": "RK",
        "Value": 2
      },
      "StatusCode": 204,
      "ResponseHeaders": {
        "Date": "Mon, 03 Jan 2022 19:24:08 GMT",
        "ETag": "W/\u0022datetime\u00272022-01-03T19%3A24%3A08.9804808Z\u0027\u0022",
        "x-ms-request-id": "e6826a2b-e954-438a-823e-cd9c8b6c9a97"
      },
      "ResponseBody": null
    },
    {
      "RequestUri": "https://pakrymtables4prim.table.cosmos.azure.com/testtablehld2tmZx(PartitionKey=\u0027PK\u0027,RowKey=\u0027RK\u0027)?$format=application%2Fjson%3Bodata%3Dminimalmetadata",
      "RequestMethod": "GET",
      "RequestHeaders": {
        "Accept": "application/json; odata=minimalmetadata",
        "Authorization": "Sanitized",
        "DataServiceVersion": "3.0",
        "traceparent": "00-6654dfed80afe60a019c0d6869bfdd9c-f841f2677b27fa85-00",
        "User-Agent": "azsdk-net-Data.Tables/12.4.0-alpha.20220103.1 (.NET 6.0.0-rtm.21522.10; Microsoft Windows 10.0.19044)",
        "x-ms-client-request-id": "fd55c57dc0bac2c796c10389f2770de1",
        "x-ms-date": "Mon, 03 Jan 2022 19:24:08 GMT",
        "x-ms-return-client-request-id": "true",
        "x-ms-version": "2019-02-02"
      },
      "RequestBody": null,
      "StatusCode": 200,
      "ResponseHeaders": {
        "Content-Type": "application/json; odata=minimalmetadata",
        "Date": "Mon, 03 Jan 2022 19:24:08 GMT",
        "ETag": "W/\u0022datetime\u00272022-01-03T19%3A24%3A08.9804808Z\u0027\u0022",
        "Transfer-Encoding": "chunked",
        "x-ms-request-id": "62d09e50-c15f-4534-b66a-b0cf5bc597b5"
      },
      "ResponseBody": {
        "odata.metadata": "https://pakrymtables4prim.table.cosmos.azure.com/testtablehld2tmZx/$metadata#testtablehld2tmZx/@Element",
        "odata.etag": "W/\u0022datetime\u00272022-01-03T19%3A24%3A08.9804808Z\u0027\u0022",
        "PartitionKey": "PK",
        "RowKey": "RK",
        "Value": 2,
        "Timestamp": "2022-01-03T19:24:08.9804808Z"
      }
    },
    {
      "RequestUri": "https://pakrymtables4prim.table.cosmos.azure.com/testtablehld2tmZx(PartitionKey=\u0027PK\u0027,RowKey=\u0027RK\u0027)?$format=application%2Fjson%3Bodata%3Dminimalmetadata",
      "RequestMethod": "PUT",
      "RequestHeaders": {
        "Accept": "application/json",
        "Authorization": "Sanitized",
        "Content-Length": "48",
        "Content-Type": "application/json",
        "DataServiceVersion": "3.0",
        "traceparent": "00-002e51b0a9695c487f842b3b9b5ce883-856646f6d71d2c16-00",
        "User-Agent": "azsdk-net-Data.Tables/12.4.0-alpha.20220103.1 (.NET 6.0.0-rtm.21522.10; Microsoft Windows 10.0.19044)",
        "x-ms-client-request-id": "f5c41a03f74b5c8ea5f5ebfbad385688",
        "x-ms-date": "Mon, 03 Jan 2022 19:24:08 GMT",
        "x-ms-return-client-request-id": "true",
        "x-ms-version": "2019-02-02"
      },
      "RequestBody": {
        "PartitionKey": "PK",
        "RowKey": "RK",
        "Value": null
      },
      "StatusCode": 204,
      "ResponseHeaders": {
        "Content-Type": "application/json",
        "Date": "Mon, 03 Jan 2022 19:24:08 GMT",
        "ETag": "W/\u0022datetime\u00272022-01-03T19%3A24%3A09.0103816Z\u0027\u0022",
        "x-ms-request-id": "a3d5e7c1-fa0d-416b-bd1b-580a88dd4483"
      },
      "ResponseBody": null
    },
    {
      "RequestUri": "https://pakrymtables4prim.table.cosmos.azure.com/testtablehld2tmZx(PartitionKey=\u0027PK\u0027,RowKey=\u0027RK\u0027)?$format=application%2Fjson%3Bodata%3Dminimalmetadata",
      "RequestMethod": "GET",
      "RequestHeaders": {
        "Accept": "application/json; odata=minimalmetadata",
        "Authorization": "Sanitized",
        "DataServiceVersion": "3.0",
        "User-Agent": "azsdk-net-Data.Tables/12.4.0-alpha.20220103.1 (.NET 6.0.0-rtm.21522.10; Microsoft Windows 10.0.19044)",
        "x-ms-client-request-id": "c7654640c7b5bf24d02c6916e2cd547a",
        "x-ms-date": "Mon, 03 Jan 2022 19:24:08 GMT",
        "x-ms-return-client-request-id": "true",
        "x-ms-version": "2019-02-02"
      },
      "RequestBody": null,
      "StatusCode": 200,
      "ResponseHeaders": {
        "Content-Type": "application/json; odata=minimalmetadata",
        "Date": "Mon, 03 Jan 2022 19:24:08 GMT",
        "ETag": "W/\u0022datetime\u00272022-01-03T19%3A24%3A09.0103816Z\u0027\u0022",
        "Transfer-Encoding": "chunked",
        "x-ms-request-id": "a6d9fa29-aaee-40af-ae0d-313564a3f39a"
      },
      "ResponseBody": {
        "odata.metadata": "https://pakrymtables4prim.table.cosmos.azure.com/testtablehld2tmZx/$metadata#testtablehld2tmZx/@Element",
        "odata.etag": "W/\u0022datetime\u00272022-01-03T19%3A24%3A09.0103816Z\u0027\u0022",
        "PartitionKey": "PK",
        "RowKey": "RK",
        "Timestamp": "2022-01-03T19:24:09.0103816Z"
      }
    },
    {
      "RequestUri": "https://pakrymtables4prim.table.cosmos.azure.com/testtablehld2tmZx(PartitionKey=\u0027PK\u0027,RowKey=\u0027RK\u0027)?$format=application%2Fjson%3Bodata%3Dminimalmetadata",
      "RequestMethod": "PUT",
      "RequestHeaders": {
        "Accept": "application/json",
        "Authorization": "Sanitized",
        "Content-Length": "112",
        "Content-Type": "application/json",
        "DataServiceVersion": "3.0",
        "If-Match": "W/\u0022datetime\u00272022-01-03T19%3A24%3A09.0103816Z\u0027\u0022",
        "User-Agent": "azsdk-net-Data.Tables/12.4.0-alpha.20220103.1 (.NET 6.0.0-rtm.21522.10; Microsoft Windows 10.0.19044)",
        "x-ms-client-request-id": "22878e870882869437f957c5d5cb155e",
        "x-ms-date": "Mon, 03 Jan 2022 19:24:09 GMT",
        "x-ms-return-client-request-id": "true",
        "x-ms-version": "2019-02-02"
      },
      "RequestBody": {
        "PartitionKey": "PK",
        "RowKey": "RK",
        "Value": "81a130d2-502f-4cf1-a376-63edeb000e0f",
        "Value@odata.type": "Edm.Guid"
      },
      "StatusCode": 204,
      "ResponseHeaders": {
        "Date": "Mon, 03 Jan 2022 19:24:08 GMT",
        "ETag": "W/\u0022datetime\u00272022-01-03T19%3A24%3A09.0552328Z\u0027\u0022",
        "x-ms-request-id": "2a464124-9e0e-443d-8935-cc56b8dcc267"
      },
      "ResponseBody": null
    },
    {
      "RequestUri": "https://pakrymtables4prim.table.cosmos.azure.com/testtablehld2tmZx(PartitionKey=\u0027PK\u0027,RowKey=\u0027RK\u0027)?$format=application%2Fjson%3Bodata%3Dminimalmetadata",
      "RequestMethod": "GET",
      "RequestHeaders": {
        "Accept": "application/json; odata=minimalmetadata",
        "Authorization": "Sanitized",
        "DataServiceVersion": "3.0",
        "traceparent": "00-581654c0919002249999218a3340041b-52f9d6cb72668b23-00",
        "User-Agent": "azsdk-net-Data.Tables/12.4.0-alpha.20220103.1 (.NET 6.0.0-rtm.21522.10; Microsoft Windows 10.0.19044)",
        "x-ms-client-request-id": "ab487a6a46123c2bf505251f8d7879d7",
        "x-ms-date": "Mon, 03 Jan 2022 19:24:09 GMT",
        "x-ms-return-client-request-id": "true",
        "x-ms-version": "2019-02-02"
      },
      "RequestBody": null,
      "StatusCode": 200,
      "ResponseHeaders": {
        "Content-Type": "application/json; odata=minimalmetadata",
        "Date": "Mon, 03 Jan 2022 19:24:08 GMT",
        "ETag": "W/\u0022datetime\u00272022-01-03T19%3A24%3A09.0552328Z\u0027\u0022",
        "Transfer-Encoding": "chunked",
        "x-ms-request-id": "e51f7037-8b68-4cc6-b650-3c709e5bb534"
      },
      "ResponseBody": {
        "odata.metadata": "https://pakrymtables4prim.table.cosmos.azure.com/testtablehld2tmZx/$metadata#testtablehld2tmZx/@Element",
        "odata.etag": "W/\u0022datetime\u00272022-01-03T19%3A24%3A09.0552328Z\u0027\u0022",
        "PartitionKey": "PK",
        "RowKey": "RK",
        "Value@odata.type": "Edm.Guid",
        "Value": "81a130d2-502f-4cf1-a376-63edeb000e0f",
        "Timestamp": "2022-01-03T19:24:09.0552328Z"
      }
    },
    {
      "RequestUri": "https://pakrymtables4prim.table.cosmos.azure.com/testtablehld2tmZx(PartitionKey=\u0027PK\u0027,RowKey=\u0027RK\u0027)?$format=application%2Fjson%3Bodata%3Dminimalmetadata",
      "RequestMethod": "PUT",
      "RequestHeaders": {
        "Accept": "application/json",
        "Authorization": "Sanitized",
        "Content-Length": "48",
        "Content-Type": "application/json",
        "DataServiceVersion": "3.0",
        "traceparent": "00-8622ef46673d6ab137fa5e194ac31ca1-72f35e6542e722f2-00",
        "User-Agent": "azsdk-net-Data.Tables/12.4.0-alpha.20220103.1 (.NET 6.0.0-rtm.21522.10; Microsoft Windows 10.0.19044)",
        "x-ms-client-request-id": "1e7470a133b13805b1de8fbb6f5fea04",
        "x-ms-date": "Mon, 03 Jan 2022 19:24:09 GMT",
        "x-ms-return-client-request-id": "true",
        "x-ms-version": "2019-02-02"
      },
      "RequestBody": {
        "PartitionKey": "PK",
        "RowKey": "RK",
        "Value": null
      },
      "StatusCode": 204,
      "ResponseHeaders": {
        "Content-Type": "application/json",
        "Date": "Mon, 03 Jan 2022 19:24:08 GMT",
        "ETag": "W/\u0022datetime\u00272022-01-03T19%3A24%3A09.0906632Z\u0027\u0022",
        "x-ms-request-id": "bb856cb9-b438-412b-ad60-84eddd15cd8b"
      },
      "ResponseBody": null
    },
    {
      "RequestUri": "https://pakrymtables4prim.table.cosmos.azure.com/testtablehld2tmZx(PartitionKey=\u0027PK\u0027,RowKey=\u0027RK\u0027)?$format=application%2Fjson%3Bodata%3Dminimalmetadata",
      "RequestMethod": "GET",
      "RequestHeaders": {
        "Accept": "application/json; odata=minimalmetadata",
        "Authorization": "Sanitized",
        "DataServiceVersion": "3.0",
        "User-Agent": "azsdk-net-Data.Tables/12.4.0-alpha.20220103.1 (.NET 6.0.0-rtm.21522.10; Microsoft Windows 10.0.19044)",
        "x-ms-client-request-id": "67ab0b16a9854168624a2d7de375f9be",
        "x-ms-date": "Mon, 03 Jan 2022 19:24:09 GMT",
        "x-ms-return-client-request-id": "true",
        "x-ms-version": "2019-02-02"
      },
      "RequestBody": null,
      "StatusCode": 200,
      "ResponseHeaders": {
        "Content-Type": "application/json; odata=minimalmetadata",
        "Date": "Mon, 03 Jan 2022 19:24:08 GMT",
        "ETag": "W/\u0022datetime\u00272022-01-03T19%3A24%3A09.0906632Z\u0027\u0022",
        "Transfer-Encoding": "chunked",
        "x-ms-request-id": "5d632cf2-e68d-4547-bc4e-42a1dcc0c22b"
      },
      "ResponseBody": {
        "odata.metadata": "https://pakrymtables4prim.table.cosmos.azure.com/testtablehld2tmZx/$metadata#testtablehld2tmZx/@Element",
        "odata.etag": "W/\u0022datetime\u00272022-01-03T19%3A24%3A09.0906632Z\u0027\u0022",
        "PartitionKey": "PK",
        "RowKey": "RK",
        "Timestamp": "2022-01-03T19:24:09.0906632Z"
      }
    },
    {
      "RequestUri": "https://pakrymtables4prim.table.cosmos.azure.com/testtablehld2tmZx(PartitionKey=\u0027PK\u0027,RowKey=\u0027RK\u0027)?$format=application%2Fjson%3Bodata%3Dminimalmetadata",
      "RequestMethod": "PUT",
      "RequestHeaders": {
        "Accept": "application/json",
        "Authorization": "Sanitized",
        "Content-Length": "79",
        "Content-Type": "application/json",
        "DataServiceVersion": "3.0",
        "If-Match": "W/\u0022datetime\u00272022-01-03T19%3A24%3A09.0906632Z\u0027\u0022",
        "User-Agent": "azsdk-net-Data.Tables/12.4.0-alpha.20220103.1 (.NET 6.0.0-rtm.21522.10; Microsoft Windows 10.0.19044)",
        "x-ms-client-request-id": "6424807ff75737ad740ff934b66fcc96",
        "x-ms-date": "Mon, 03 Jan 2022 19:24:09 GMT",
        "x-ms-return-client-request-id": "true",
        "x-ms-version": "2019-02-02"
      },
      "RequestBody": {
        "PartitionKey": "PK",
        "RowKey": "RK",
        "Value": 2.5,
        "Value@odata.type": "Edm.Double"
      },
      "StatusCode": 204,
      "ResponseHeaders": {
        "Date": "Mon, 03 Jan 2022 19:24:08 GMT",
        "ETag": "W/\u0022datetime\u00272022-01-03T19%3A24%3A09.1325448Z\u0027\u0022",
        "x-ms-request-id": "7300462a-77c9-4000-a90e-df857907b2b8"
      },
      "ResponseBody": null
    },
    {
      "RequestUri": "https://pakrymtables4prim.table.cosmos.azure.com/testtablehld2tmZx(PartitionKey=\u0027PK\u0027,RowKey=\u0027RK\u0027)?$format=application%2Fjson%3Bodata%3Dminimalmetadata",
      "RequestMethod": "GET",
      "RequestHeaders": {
        "Accept": "application/json; odata=minimalmetadata",
        "Authorization": "Sanitized",
        "DataServiceVersion": "3.0",
        "traceparent": "00-25b8d357ff48c605acaec2b9f1964cda-286c9b9e86c91025-00",
        "User-Agent": "azsdk-net-Data.Tables/12.4.0-alpha.20220103.1 (.NET 6.0.0-rtm.21522.10; Microsoft Windows 10.0.19044)",
        "x-ms-client-request-id": "8208201b11cdf7520833bb660688553c",
        "x-ms-date": "Mon, 03 Jan 2022 19:24:09 GMT",
        "x-ms-return-client-request-id": "true",
        "x-ms-version": "2019-02-02"
      },
      "RequestBody": null,
      "StatusCode": 200,
      "ResponseHeaders": {
        "Content-Type": "application/json; odata=minimalmetadata",
        "Date": "Mon, 03 Jan 2022 19:24:08 GMT",
        "ETag": "W/\u0022datetime\u00272022-01-03T19%3A24%3A09.1325448Z\u0027\u0022",
        "Transfer-Encoding": "chunked",
        "x-ms-request-id": "a142909d-6daa-43c2-b39e-76499c2812aa"
      },
      "ResponseBody": {
        "odata.metadata": "https://pakrymtables4prim.table.cosmos.azure.com/testtablehld2tmZx/$metadata#testtablehld2tmZx/@Element",
        "odata.etag": "W/\u0022datetime\u00272022-01-03T19%3A24%3A09.1325448Z\u0027\u0022",
        "PartitionKey": "PK",
        "RowKey": "RK",
        "Value": 2.5,
        "Timestamp": "2022-01-03T19:24:09.1325448Z"
      }
    },
    {
      "RequestUri": "https://pakrymtables4prim.table.cosmos.azure.com/testtablehld2tmZx(PartitionKey=\u0027PK\u0027,RowKey=\u0027RK\u0027)?$format=application%2Fjson%3Bodata%3Dminimalmetadata",
      "RequestMethod": "PUT",
      "RequestHeaders": {
        "Accept": "application/json",
        "Authorization": "Sanitized",
        "Content-Length": "48",
        "Content-Type": "application/json",
        "DataServiceVersion": "3.0",
        "traceparent": "00-39a8e6741c5de4571f7ddf2f9bbe43ea-36f85e0d74e6bad0-00",
        "User-Agent": "azsdk-net-Data.Tables/12.4.0-alpha.20220103.1 (.NET 6.0.0-rtm.21522.10; Microsoft Windows 10.0.19044)",
        "x-ms-client-request-id": "ef3bd1e5853b1fad5e73f275af338af3",
        "x-ms-date": "Mon, 03 Jan 2022 19:24:09 GMT",
        "x-ms-return-client-request-id": "true",
        "x-ms-version": "2019-02-02"
      },
      "RequestBody": {
        "PartitionKey": "PK",
        "RowKey": "RK",
        "Value": null
      },
      "StatusCode": 204,
      "ResponseHeaders": {
        "Content-Type": "application/json",
        "Date": "Mon, 03 Jan 2022 19:24:08 GMT",
        "ETag": "W/\u0022datetime\u00272022-01-03T19%3A24%3A09.1801608Z\u0027\u0022",
        "x-ms-request-id": "c26cda47-c78c-4294-ad75-c4bde99702a2"
      },
      "ResponseBody": null
    },
    {
      "RequestUri": "https://pakrymtables4prim.table.cosmos.azure.com/testtablehld2tmZx(PartitionKey=\u0027PK\u0027,RowKey=\u0027RK\u0027)?$format=application%2Fjson%3Bodata%3Dminimalmetadata",
      "RequestMethod": "GET",
      "RequestHeaders": {
        "Accept": "application/json; odata=minimalmetadata",
        "Authorization": "Sanitized",
        "DataServiceVersion": "3.0",
        "User-Agent": "azsdk-net-Data.Tables/12.4.0-alpha.20220103.1 (.NET 6.0.0-rtm.21522.10; Microsoft Windows 10.0.19044)",
        "x-ms-client-request-id": "c361967d776c6ef12d2c5b233b4631ec",
        "x-ms-date": "Mon, 03 Jan 2022 19:24:09 GMT",
        "x-ms-return-client-request-id": "true",
        "x-ms-version": "2019-02-02"
      },
      "RequestBody": null,
      "StatusCode": 200,
      "ResponseHeaders": {
        "Content-Type": "application/json; odata=minimalmetadata",
        "Date": "Mon, 03 Jan 2022 19:24:08 GMT",
        "ETag": "W/\u0022datetime\u00272022-01-03T19%3A24%3A09.1801608Z\u0027\u0022",
        "Transfer-Encoding": "chunked",
        "x-ms-request-id": "347da854-6a71-4b14-934e-505ee3a5e56c"
      },
      "ResponseBody": {
        "odata.metadata": "https://pakrymtables4prim.table.cosmos.azure.com/testtablehld2tmZx/$metadata#testtablehld2tmZx/@Element",
        "odata.etag": "W/\u0022datetime\u00272022-01-03T19%3A24%3A09.1801608Z\u0027\u0022",
        "PartitionKey": "PK",
        "RowKey": "RK",
        "Timestamp": "2022-01-03T19:24:09.1801608Z"
      }
    },
    {
      "RequestUri": "https://pakrymtables4prim.table.cosmos.azure.com/testtablehld2tmZx(PartitionKey=\u0027PK\u0027,RowKey=\u0027RK\u0027)?$format=application%2Fjson%3Bodata%3Dminimalmetadata",
      "RequestMethod": "PUT",
      "RequestHeaders": {
        "Accept": "application/json",
        "Authorization": "Sanitized",
        "Content-Length": "49",
        "Content-Type": "application/json",
        "DataServiceVersion": "3.0",
        "If-Match": "W/\u0022datetime\u00272022-01-03T19%3A24%3A09.1801608Z\u0027\u0022",
        "User-Agent": "azsdk-net-Data.Tables/12.4.0-alpha.20220103.1 (.NET 6.0.0-rtm.21522.10; Microsoft Windows 10.0.19044)",
        "x-ms-client-request-id": "e44fbdbadd33955b72e923591fdc48d5",
        "x-ms-date": "Mon, 03 Jan 2022 19:24:09 GMT",
        "x-ms-return-client-request-id": "true",
        "x-ms-version": "2019-02-02"
      },
      "RequestBody": {
        "PartitionKey": "PK",
        "RowKey": "RK",
        "Value": false
      },
      "StatusCode": 204,
      "ResponseHeaders": {
        "Date": "Mon, 03 Jan 2022 19:24:08 GMT",
        "ETag": "W/\u0022datetime\u00272022-01-03T19%3A24%3A09.2312584Z\u0027\u0022",
        "x-ms-request-id": "f5059569-77ad-4fe6-b6bd-9ae28bc8124a"
      },
      "ResponseBody": null
    },
    {
      "RequestUri": "https://pakrymtables4prim.table.cosmos.azure.com/testtablehld2tmZx(PartitionKey=\u0027PK\u0027,RowKey=\u0027RK\u0027)?$format=application%2Fjson%3Bodata%3Dminimalmetadata",
      "RequestMethod": "GET",
      "RequestHeaders": {
        "Accept": "application/json; odata=minimalmetadata",
        "Authorization": "Sanitized",
        "DataServiceVersion": "3.0",
        "traceparent": "00-d518ed675df0ead89cfc7d4c0fa0bb9d-f934b9e1f985077d-00",
        "User-Agent": "azsdk-net-Data.Tables/12.4.0-alpha.20220103.1 (.NET 6.0.0-rtm.21522.10; Microsoft Windows 10.0.19044)",
        "x-ms-client-request-id": "6fe8c8a891266dcfdfcdc10e2a89e317",
        "x-ms-date": "Mon, 03 Jan 2022 19:24:09 GMT",
        "x-ms-return-client-request-id": "true",
        "x-ms-version": "2019-02-02"
      },
      "RequestBody": null,
      "StatusCode": 200,
      "ResponseHeaders": {
        "Content-Type": "application/json; odata=minimalmetadata",
        "Date": "Mon, 03 Jan 2022 19:24:08 GMT",
        "ETag": "W/\u0022datetime\u00272022-01-03T19%3A24%3A09.2312584Z\u0027\u0022",
        "Transfer-Encoding": "chunked",
        "x-ms-request-id": "a237a72c-0112-4532-878b-acdb3c2a7973"
      },
      "ResponseBody": {
        "odata.metadata": "https://pakrymtables4prim.table.cosmos.azure.com/testtablehld2tmZx/$metadata#testtablehld2tmZx/@Element",
        "odata.etag": "W/\u0022datetime\u00272022-01-03T19%3A24%3A09.2312584Z\u0027\u0022",
        "PartitionKey": "PK",
        "RowKey": "RK",
        "Value": false,
        "Timestamp": "2022-01-03T19:24:09.2312584Z"
      }
    },
    {
      "RequestUri": "https://pakrymtables4prim.table.cosmos.azure.com/testtablehld2tmZx(PartitionKey=\u0027PK\u0027,RowKey=\u0027RK\u0027)?$format=application%2Fjson%3Bodata%3Dminimalmetadata",
      "RequestMethod": "PUT",
      "RequestHeaders": {
        "Accept": "application/json",
        "Authorization": "Sanitized",
        "Content-Length": "48",
        "Content-Type": "application/json",
        "DataServiceVersion": "3.0",
        "traceparent": "00-537c7ef77ef595b2b93c29e4af1ac715-3240119b05a25960-00",
        "User-Agent": "azsdk-net-Data.Tables/12.4.0-alpha.20220103.1 (.NET 6.0.0-rtm.21522.10; Microsoft Windows 10.0.19044)",
        "x-ms-client-request-id": "f2ba0642a5e4a0bf3bcc508353974f51",
        "x-ms-date": "Mon, 03 Jan 2022 19:24:09 GMT",
        "x-ms-return-client-request-id": "true",
        "x-ms-version": "2019-02-02"
      },
      "RequestBody": {
        "PartitionKey": "PK",
        "RowKey": "RK",
        "Value": null
      },
      "StatusCode": 204,
      "ResponseHeaders": {
        "Content-Type": "application/json",
        "Date": "Mon, 03 Jan 2022 19:24:08 GMT",
        "ETag": "W/\u0022datetime\u00272022-01-03T19%3A24%3A09.2620808Z\u0027\u0022",
        "x-ms-request-id": "7074e922-a296-4961-8f2e-5f6baf7224ea"
      },
      "ResponseBody": null
    },
    {
      "RequestUri": "https://pakrymtables4prim.table.cosmos.azure.com/testtablehld2tmZx(PartitionKey=\u0027PK\u0027,RowKey=\u0027RK\u0027)?$format=application%2Fjson%3Bodata%3Dminimalmetadata",
      "RequestMethod": "GET",
      "RequestHeaders": {
        "Accept": "application/json; odata=minimalmetadata",
        "Authorization": "Sanitized",
        "DataServiceVersion": "3.0",
        "User-Agent": "azsdk-net-Data.Tables/12.4.0-alpha.20220103.1 (.NET 6.0.0-rtm.21522.10; Microsoft Windows 10.0.19044)",
        "x-ms-client-request-id": "737b86e3c15d29c5ede105651c4c6ae8",
        "x-ms-date": "Mon, 03 Jan 2022 19:24:09 GMT",
        "x-ms-return-client-request-id": "true",
        "x-ms-version": "2019-02-02"
      },
      "RequestBody": null,
      "StatusCode": 200,
      "ResponseHeaders": {
        "Content-Type": "application/json; odata=minimalmetadata",
        "Date": "Mon, 03 Jan 2022 19:24:08 GMT",
        "ETag": "W/\u0022datetime\u00272022-01-03T19%3A24%3A09.2620808Z\u0027\u0022",
        "Transfer-Encoding": "chunked",
        "x-ms-request-id": "8e07daf5-c7e4-4086-af0b-e7cbc316d7ce"
      },
      "ResponseBody": {
        "odata.metadata": "https://pakrymtables4prim.table.cosmos.azure.com/testtablehld2tmZx/$metadata#testtablehld2tmZx/@Element",
        "odata.etag": "W/\u0022datetime\u00272022-01-03T19%3A24%3A09.2620808Z\u0027\u0022",
        "PartitionKey": "PK",
        "RowKey": "RK",
        "Timestamp": "2022-01-03T19:24:09.2620808Z"
      }
    },
    {
      "RequestUri": "https://pakrymtables4prim.table.cosmos.azure.com/testtablehld2tmZx(PartitionKey=\u0027PK\u0027,RowKey=\u0027RK\u0027)?$format=application%2Fjson%3Bodata%3Dminimalmetadata",
      "RequestMethod": "PUT",
      "RequestHeaders": {
        "Accept": "application/json",
        "Authorization": "Sanitized",
        "Content-Length": "96",
        "Content-Type": "application/json",
        "DataServiceVersion": "3.0",
        "If-Match": "W/\u0022datetime\u00272022-01-03T19%3A24%3A09.2620808Z\u0027\u0022",
        "User-Agent": "azsdk-net-Data.Tables/12.4.0-alpha.20220103.1 (.NET 6.0.0-rtm.21522.10; Microsoft Windows 10.0.19044)",
        "x-ms-client-request-id": "18160b05552102f00948345a414c1a48",
        "x-ms-date": "Mon, 03 Jan 2022 19:24:09 GMT",
        "x-ms-return-client-request-id": "true",
        "x-ms-version": "2019-02-02"
      },
      "RequestBody": {
        "PartitionKey": "PK",
        "RowKey": "RK",
        "Value": "9223372036854775807",
        "Value@odata.type": "Edm.Int64"
      },
      "StatusCode": 204,
      "ResponseHeaders": {
        "Date": "Mon, 03 Jan 2022 19:24:08 GMT",
        "ETag": "W/\u0022datetime\u00272022-01-03T19%3A24%3A09.3103112Z\u0027\u0022",
        "x-ms-request-id": "322173a9-fdcc-4f04-bdde-0f645e45e275"
      },
      "ResponseBody": null
    },
    {
      "RequestUri": "https://pakrymtables4prim.table.cosmos.azure.com/testtablehld2tmZx(PartitionKey=\u0027PK\u0027,RowKey=\u0027RK\u0027)?$format=application%2Fjson%3Bodata%3Dminimalmetadata",
      "RequestMethod": "GET",
      "RequestHeaders": {
        "Accept": "application/json; odata=minimalmetadata",
        "Authorization": "Sanitized",
        "DataServiceVersion": "3.0",
        "traceparent": "00-f7083440fdb90e981c6217489f94fa2d-c8726d54c60c521c-00",
        "User-Agent": "azsdk-net-Data.Tables/12.4.0-alpha.20220103.1 (.NET 6.0.0-rtm.21522.10; Microsoft Windows 10.0.19044)",
        "x-ms-client-request-id": "a42b707e700e81b940910503a05984ee",
        "x-ms-date": "Mon, 03 Jan 2022 19:24:09 GMT",
        "x-ms-return-client-request-id": "true",
        "x-ms-version": "2019-02-02"
      },
      "RequestBody": null,
      "StatusCode": 200,
      "ResponseHeaders": {
        "Content-Type": "application/json; odata=minimalmetadata",
        "Date": "Mon, 03 Jan 2022 19:24:08 GMT",
        "ETag": "W/\u0022datetime\u00272022-01-03T19%3A24%3A09.3103112Z\u0027\u0022",
        "Transfer-Encoding": "chunked",
        "x-ms-request-id": "e20986d1-f000-4b52-8533-a7f6d82f17a9"
      },
      "ResponseBody": {
        "odata.metadata": "https://pakrymtables4prim.table.cosmos.azure.com/testtablehld2tmZx/$metadata#testtablehld2tmZx/@Element",
        "odata.etag": "W/\u0022datetime\u00272022-01-03T19%3A24%3A09.3103112Z\u0027\u0022",
        "PartitionKey": "PK",
        "RowKey": "RK",
        "Value@odata.type": "Edm.Int64",
        "Value": "9223372036854775807",
        "Timestamp": "2022-01-03T19:24:09.3103112Z"
      }
    },
    {
      "RequestUri": "https://pakrymtables4prim.table.cosmos.azure.com/testtablehld2tmZx(PartitionKey=\u0027PK\u0027,RowKey=\u0027RK\u0027)?$format=application%2Fjson%3Bodata%3Dminimalmetadata",
      "RequestMethod": "PUT",
      "RequestHeaders": {
        "Accept": "application/json",
        "Authorization": "Sanitized",
        "Content-Length": "48",
        "Content-Type": "application/json",
        "DataServiceVersion": "3.0",
        "traceparent": "00-cf2957c38b5d31533ea0e580c66ac22e-9c42067c601e6a8a-00",
        "User-Agent": "azsdk-net-Data.Tables/12.4.0-alpha.20220103.1 (.NET 6.0.0-rtm.21522.10; Microsoft Windows 10.0.19044)",
        "x-ms-client-request-id": "487d676136818e2f95786a158c6be7a0",
        "x-ms-date": "Mon, 03 Jan 2022 19:24:09 GMT",
        "x-ms-return-client-request-id": "true",
        "x-ms-version": "2019-02-02"
      },
      "RequestBody": {
        "PartitionKey": "PK",
        "RowKey": "RK",
        "Value": null
      },
      "StatusCode": 204,
      "ResponseHeaders": {
        "Content-Type": "application/json",
        "Date": "Mon, 03 Jan 2022 19:24:08 GMT",
        "ETag": "W/\u0022datetime\u00272022-01-03T19%3A24%3A09.3680648Z\u0027\u0022",
        "x-ms-request-id": "45d223ad-da45-4dec-855f-78cca8921ee6"
      },
      "ResponseBody": null
    },
    {
      "RequestUri": "https://pakrymtables4prim.table.cosmos.azure.com/testtablehld2tmZx(PartitionKey=\u0027PK\u0027,RowKey=\u0027RK\u0027)?$format=application%2Fjson%3Bodata%3Dminimalmetadata",
      "RequestMethod": "GET",
      "RequestHeaders": {
        "Accept": "application/json; odata=minimalmetadata",
        "Authorization": "Sanitized",
        "DataServiceVersion": "3.0",
        "User-Agent": "azsdk-net-Data.Tables/12.4.0-alpha.20220103.1 (.NET 6.0.0-rtm.21522.10; Microsoft Windows 10.0.19044)",
        "x-ms-client-request-id": "abe6bcc7c62195da5195d89050ed61af",
        "x-ms-date": "Mon, 03 Jan 2022 19:24:09 GMT",
        "x-ms-return-client-request-id": "true",
        "x-ms-version": "2019-02-02"
      },
      "RequestBody": null,
      "StatusCode": 200,
      "ResponseHeaders": {
        "Content-Type": "application/json; odata=minimalmetadata",
        "Date": "Mon, 03 Jan 2022 19:24:08 GMT",
        "ETag": "W/\u0022datetime\u00272022-01-03T19%3A24%3A09.3680648Z\u0027\u0022",
        "Transfer-Encoding": "chunked",
        "x-ms-request-id": "629111e3-b4e5-4d42-8e7f-2741c2c0ade9"
      },
      "ResponseBody": {
        "odata.metadata": "https://pakrymtables4prim.table.cosmos.azure.com/testtablehld2tmZx/$metadata#testtablehld2tmZx/@Element",
        "odata.etag": "W/\u0022datetime\u00272022-01-03T19%3A24%3A09.3680648Z\u0027\u0022",
        "PartitionKey": "PK",
        "RowKey": "RK",
        "Timestamp": "2022-01-03T19:24:09.3680648Z"
      }
    },
    {
      "RequestUri": "https://pakrymtables4prim.table.cosmos.azure.com/testtablehld2tmZx(PartitionKey=\u0027PK\u0027,RowKey=\u0027RK\u0027)?$format=application%2Fjson%3Bodata%3Dminimalmetadata",
      "RequestMethod": "PUT",
      "RequestHeaders": {
        "Accept": "application/json",
        "Authorization": "Sanitized",
        "Content-Length": "108",
        "Content-Type": "application/json",
        "DataServiceVersion": "3.0",
        "If-Match": "W/\u0022datetime\u00272022-01-03T19%3A24%3A09.3680648Z\u0027\u0022",
        "User-Agent": "azsdk-net-Data.Tables/12.4.0-alpha.20220103.1 (.NET 6.0.0-rtm.21522.10; Microsoft Windows 10.0.19044)",
        "x-ms-client-request-id": "d9f945c4d2cf48c7409c0e9606a4f4d4",
        "x-ms-date": "Mon, 03 Jan 2022 19:24:09 GMT",
        "x-ms-return-client-request-id": "true",
        "x-ms-version": "2019-02-02"
      },
      "RequestBody": {
        "PartitionKey": "PK",
        "RowKey": "RK",
        "Value": "1997-07-09T00:00:00.0000000Z",
        "Value@odata.type": "Edm.DateTime"
      },
      "StatusCode": 204,
      "ResponseHeaders": {
        "Date": "Mon, 03 Jan 2022 19:24:08 GMT",
        "ETag": "W/\u0022datetime\u00272022-01-03T19%3A24%3A09.4089224Z\u0027\u0022",
        "x-ms-request-id": "53860b09-d3e5-4f61-8268-fd420c38a499"
      },
      "ResponseBody": null
    },
    {
      "RequestUri": "https://pakrymtables4prim.table.cosmos.azure.com/testtablehld2tmZx(PartitionKey=\u0027PK\u0027,RowKey=\u0027RK\u0027)?$format=application%2Fjson%3Bodata%3Dminimalmetadata",
      "RequestMethod": "GET",
      "RequestHeaders": {
        "Accept": "application/json; odata=minimalmetadata",
        "Authorization": "Sanitized",
        "DataServiceVersion": "3.0",
        "traceparent": "00-c3ad0f7b5e47b86e26f829c87a12ed44-ca41f07a378e2839-00",
        "User-Agent": "azsdk-net-Data.Tables/12.4.0-alpha.20220103.1 (.NET 6.0.0-rtm.21522.10; Microsoft Windows 10.0.19044)",
        "x-ms-client-request-id": "e43c64a9d8729acd8de7f6ec5d9f3da8",
        "x-ms-date": "Mon, 03 Jan 2022 19:24:09 GMT",
        "x-ms-return-client-request-id": "true",
        "x-ms-version": "2019-02-02"
      },
      "RequestBody": null,
      "StatusCode": 200,
      "ResponseHeaders": {
        "Content-Type": "application/json; odata=minimalmetadata",
        "Date": "Mon, 03 Jan 2022 19:24:08 GMT",
        "ETag": "W/\u0022datetime\u00272022-01-03T19%3A24%3A09.4089224Z\u0027\u0022",
        "Transfer-Encoding": "chunked",
        "x-ms-request-id": "c379a56e-4309-4fe1-9606-f7a43ecc9b24"
      },
      "ResponseBody": {
        "odata.metadata": "https://pakrymtables4prim.table.cosmos.azure.com/testtablehld2tmZx/$metadata#testtablehld2tmZx/@Element",
        "odata.etag": "W/\u0022datetime\u00272022-01-03T19%3A24%3A09.4089224Z\u0027\u0022",
        "PartitionKey": "PK",
        "RowKey": "RK",
        "Value@odata.type": "Edm.DateTime",
        "Value": "1997-07-09T00:00:00.0000000Z",
        "Timestamp": "2022-01-03T19:24:09.4089224Z"
      }
    },
    {
      "RequestUri": "https://pakrymtables4prim.table.cosmos.azure.com/testtablehld2tmZx(PartitionKey=\u0027PK\u0027,RowKey=\u0027RK\u0027)?$format=application%2Fjson%3Bodata%3Dminimalmetadata",
      "RequestMethod": "PUT",
      "RequestHeaders": {
        "Accept": "application/json",
        "Authorization": "Sanitized",
        "Content-Length": "48",
        "Content-Type": "application/json",
        "DataServiceVersion": "3.0",
        "traceparent": "00-9c88643d057f6a85b8a9051b5062958a-e61bbcb156627533-00",
        "User-Agent": "azsdk-net-Data.Tables/12.4.0-alpha.20220103.1 (.NET 6.0.0-rtm.21522.10; Microsoft Windows 10.0.19044)",
        "x-ms-client-request-id": "4751ba160e72f5d1f59e6b84b7448fad",
        "x-ms-date": "Mon, 03 Jan 2022 19:24:09 GMT",
        "x-ms-return-client-request-id": "true",
        "x-ms-version": "2019-02-02"
      },
      "RequestBody": {
        "PartitionKey": "PK",
        "RowKey": "RK",
        "Value": null
      },
      "StatusCode": 204,
      "ResponseHeaders": {
        "Content-Type": "application/json",
        "Date": "Mon, 03 Jan 2022 19:24:08 GMT",
        "ETag": "W/\u0022datetime\u00272022-01-03T19%3A24%3A09.4537736Z\u0027\u0022",
        "x-ms-request-id": "b7b4f540-6501-44ca-880f-f0432008bc87"
      },
      "ResponseBody": null
    },
    {
      "RequestUri": "https://pakrymtables4prim.table.cosmos.azure.com/testtablehld2tmZx(PartitionKey=\u0027PK\u0027,RowKey=\u0027RK\u0027)?$format=application%2Fjson%3Bodata%3Dminimalmetadata",
      "RequestMethod": "GET",
      "RequestHeaders": {
        "Accept": "application/json; odata=minimalmetadata",
        "Authorization": "Sanitized",
        "DataServiceVersion": "3.0",
        "User-Agent": "azsdk-net-Data.Tables/12.4.0-alpha.20220103.1 (.NET 6.0.0-rtm.21522.10; Microsoft Windows 10.0.19044)",
        "x-ms-client-request-id": "ece603a07db1eb3c775e4be7dbdaeaa1",
        "x-ms-date": "Mon, 03 Jan 2022 19:24:09 GMT",
        "x-ms-return-client-request-id": "true",
        "x-ms-version": "2019-02-02"
      },
      "RequestBody": null,
      "StatusCode": 200,
      "ResponseHeaders": {
        "Content-Type": "application/json; odata=minimalmetadata",
        "Date": "Mon, 03 Jan 2022 19:24:08 GMT",
        "ETag": "W/\u0022datetime\u00272022-01-03T19%3A24%3A09.4537736Z\u0027\u0022",
        "Transfer-Encoding": "chunked",
        "x-ms-request-id": "bbd8633a-8530-4017-9da3-55b514851f6a"
      },
      "ResponseBody": {
        "odata.metadata": "https://pakrymtables4prim.table.cosmos.azure.com/testtablehld2tmZx/$metadata#testtablehld2tmZx/@Element",
        "odata.etag": "W/\u0022datetime\u00272022-01-03T19%3A24%3A09.4537736Z\u0027\u0022",
        "PartitionKey": "PK",
        "RowKey": "RK",
        "Timestamp": "2022-01-03T19:24:09.4537736Z"
      }
    },
    {
      "RequestUri": "https://pakrymtables4prim.table.cosmos.azure.com/testtablehld2tmZx(PartitionKey=\u0027PK\u0027,RowKey=\u0027RK\u0027)?$format=application%2Fjson%3Bodata%3Dminimalmetadata",
      "RequestMethod": "PUT",
      "RequestHeaders": {
        "Accept": "application/json",
        "Authorization": "Sanitized",
        "Content-Length": "108",
        "Content-Type": "application/json",
        "DataServiceVersion": "3.0",
        "If-Match": "W/\u0022datetime\u00272022-01-03T19%3A24%3A09.4537736Z\u0027\u0022",
        "User-Agent": "azsdk-net-Data.Tables/12.4.0-alpha.20220103.1 (.NET 6.0.0-rtm.21522.10; Microsoft Windows 10.0.19044)",
        "x-ms-client-request-id": "4b7f665fad539b629246eed46d49e249",
        "x-ms-date": "Mon, 03 Jan 2022 19:24:09 GMT",
        "x-ms-return-client-request-id": "true",
        "x-ms-version": "2019-02-02"
      },
      "RequestBody": {
        "PartitionKey": "PK",
        "RowKey": "RK",
        "Value": "1997-07-09T00:00:00.0000000Z",
        "Value@odata.type": "Edm.DateTime"
      },
      "StatusCode": 204,
      "ResponseHeaders": {
        "Date": "Mon, 03 Jan 2022 19:24:08 GMT",
        "ETag": "W/\u0022datetime\u00272022-01-03T19%3A24%3A09.5121416Z\u0027\u0022",
        "x-ms-request-id": "cb018ab0-95f4-4e68-847f-3ac80978e4c0"
      },
      "ResponseBody": null
    },
    {
      "RequestUri": "https://pakrymtables4prim.table.cosmos.azure.com/testtablehld2tmZx(PartitionKey=\u0027PK\u0027,RowKey=\u0027RK\u0027)?$format=application%2Fjson%3Bodata%3Dminimalmetadata",
      "RequestMethod": "GET",
      "RequestHeaders": {
        "Accept": "application/json; odata=minimalmetadata",
        "Authorization": "Sanitized",
        "DataServiceVersion": "3.0",
        "traceparent": "00-0ca020646cda3f6bad4715444e5db8d1-4cb08be9a51016c1-00",
        "User-Agent": "azsdk-net-Data.Tables/12.4.0-alpha.20220103.1 (.NET 6.0.0-rtm.21522.10; Microsoft Windows 10.0.19044)",
        "x-ms-client-request-id": "5a4b495851b999f77d65cf13c2e9191a",
        "x-ms-date": "Mon, 03 Jan 2022 19:24:09 GMT",
        "x-ms-return-client-request-id": "true",
        "x-ms-version": "2019-02-02"
      },
      "RequestBody": null,
      "StatusCode": 200,
      "ResponseHeaders": {
        "Content-Type": "application/json; odata=minimalmetadata",
        "Date": "Mon, 03 Jan 2022 19:24:08 GMT",
        "ETag": "W/\u0022datetime\u00272022-01-03T19%3A24%3A09.5121416Z\u0027\u0022",
        "Transfer-Encoding": "chunked",
        "x-ms-request-id": "22a8ea6b-7350-442e-bab9-f856551f52a4"
      },
      "ResponseBody": {
        "odata.metadata": "https://pakrymtables4prim.table.cosmos.azure.com/testtablehld2tmZx/$metadata#testtablehld2tmZx/@Element",
        "odata.etag": "W/\u0022datetime\u00272022-01-03T19%3A24%3A09.5121416Z\u0027\u0022",
        "PartitionKey": "PK",
        "RowKey": "RK",
        "Value@odata.type": "Edm.DateTime",
        "Value": "1997-07-09T00:00:00.0000000Z",
        "Timestamp": "2022-01-03T19:24:09.5121416Z"
      }
    },
    {
      "RequestUri": "https://pakrymtables4prim.table.cosmos.azure.com/testtablehld2tmZx(PartitionKey=\u0027PK\u0027,RowKey=\u0027RK\u0027)?$format=application%2Fjson%3Bodata%3Dminimalmetadata",
      "RequestMethod": "PUT",
      "RequestHeaders": {
        "Accept": "application/json",
        "Authorization": "Sanitized",
        "Content-Length": "48",
        "Content-Type": "application/json",
        "DataServiceVersion": "3.0",
        "traceparent": "00-58165ae853bb9367e68bdb991b0fe16c-fce7462463ef3eda-00",
        "User-Agent": "azsdk-net-Data.Tables/12.4.0-alpha.20220103.1 (.NET 6.0.0-rtm.21522.10; Microsoft Windows 10.0.19044)",
        "x-ms-client-request-id": "5125c9b343c4f35aa04b596a8f687e2e",
        "x-ms-date": "Mon, 03 Jan 2022 19:24:09 GMT",
        "x-ms-return-client-request-id": "true",
        "x-ms-version": "2019-02-02"
      },
      "RequestBody": {
        "PartitionKey": "PK",
        "RowKey": "RK",
        "Value": null
      },
      "StatusCode": 204,
      "ResponseHeaders": {
        "Content-Type": "application/json",
        "Date": "Mon, 03 Jan 2022 19:24:08 GMT",
        "ETag": "W/\u0022datetime\u00272022-01-03T19%3A24%3A09.5504392Z\u0027\u0022",
        "x-ms-request-id": "eb39ac42-ca50-4bc7-a484-0f9a17472bfa"
      },
      "ResponseBody": null
    },
    {
      "RequestUri": "https://pakrymtables4prim.table.cosmos.azure.com/testtablehld2tmZx(PartitionKey=\u0027PK\u0027,RowKey=\u0027RK\u0027)?$format=application%2Fjson%3Bodata%3Dminimalmetadata",
      "RequestMethod": "GET",
      "RequestHeaders": {
        "Accept": "application/json; odata=minimalmetadata",
        "Authorization": "Sanitized",
        "DataServiceVersion": "3.0",
        "User-Agent": "azsdk-net-Data.Tables/12.4.0-alpha.20220103.1 (.NET 6.0.0-rtm.21522.10; Microsoft Windows 10.0.19044)",
        "x-ms-client-request-id": "928f017b908f0ee86ee6ceeddd4fd8a8",
        "x-ms-date": "Mon, 03 Jan 2022 19:24:09 GMT",
        "x-ms-return-client-request-id": "true",
        "x-ms-version": "2019-02-02"
      },
      "RequestBody": null,
      "StatusCode": 200,
      "ResponseHeaders": {
        "Content-Type": "application/json; odata=minimalmetadata",
        "Date": "Mon, 03 Jan 2022 19:24:08 GMT",
        "ETag": "W/\u0022datetime\u00272022-01-03T19%3A24%3A09.5504392Z\u0027\u0022",
        "Transfer-Encoding": "chunked",
        "x-ms-request-id": "c82ae679-7735-48c0-b640-a2a976180811"
      },
      "ResponseBody": {
        "odata.metadata": "https://pakrymtables4prim.table.cosmos.azure.com/testtablehld2tmZx/$metadata#testtablehld2tmZx/@Element",
        "odata.etag": "W/\u0022datetime\u00272022-01-03T19%3A24%3A09.5504392Z\u0027\u0022",
        "PartitionKey": "PK",
        "RowKey": "RK",
        "Timestamp": "2022-01-03T19:24:09.5504392Z"
      }
    },
    {
      "RequestUri": "https://pakrymtables4prim.table.cosmos.azure.com/testtablehld2tmZx(PartitionKey=\u0027PK\u0027,RowKey=\u0027RK\u0027)?$format=application%2Fjson%3Bodata%3Dminimalmetadata",
      "RequestMethod": "PUT",
      "RequestHeaders": {
        "Accept": "application/json",
        "Authorization": "Sanitized",
        "Content-Length": "82",
        "Content-Type": "application/json",
        "DataServiceVersion": "3.0",
        "If-Match": "W/\u0022datetime\u00272022-01-03T19%3A24%3A09.5504392Z\u0027\u0022",
        "User-Agent": "azsdk-net-Data.Tables/12.4.0-alpha.20220103.1 (.NET 6.0.0-rtm.21522.10; Microsoft Windows 10.0.19044)",
        "x-ms-client-request-id": "a320d32d91241584ee58b96ef78d0914",
        "x-ms-date": "Mon, 03 Jan 2022 19:24:09 GMT",
        "x-ms-return-client-request-id": "true",
        "x-ms-version": "2019-02-02"
      },
      "RequestBody": {
        "PartitionKey": "PK",
        "RowKey": "RK",
        "Value": "AwIB",
        "Value@odata.type": "Edm.Binary"
      },
      "StatusCode": 204,
      "ResponseHeaders": {
        "Date": "Mon, 03 Jan 2022 19:24:08 GMT",
        "ETag": "W/\u0022datetime\u00272022-01-03T19%3A24%3A09.6160776Z\u0027\u0022",
        "x-ms-request-id": "080a3ba9-2694-4f52-a7d0-ee9dfdc30683"
      },
      "ResponseBody": null
    },
    {
      "RequestUri": "https://pakrymtables4prim.table.cosmos.azure.com/testtablehld2tmZx(PartitionKey=\u0027PK\u0027,RowKey=\u0027RK\u0027)?$format=application%2Fjson%3Bodata%3Dminimalmetadata",
      "RequestMethod": "GET",
      "RequestHeaders": {
        "Accept": "application/json; odata=minimalmetadata",
        "Authorization": "Sanitized",
        "DataServiceVersion": "3.0",
        "traceparent": "00-8a9348207ef075cd62f00e3def4af1b1-34cfa94439dea9da-00",
        "User-Agent": "azsdk-net-Data.Tables/12.4.0-alpha.20220103.1 (.NET 6.0.0-rtm.21522.10; Microsoft Windows 10.0.19044)",
        "x-ms-client-request-id": "c097a1e7865a238be117e3de746c1551",
        "x-ms-date": "Mon, 03 Jan 2022 19:24:09 GMT",
        "x-ms-return-client-request-id": "true",
        "x-ms-version": "2019-02-02"
      },
      "RequestBody": null,
      "StatusCode": 200,
      "ResponseHeaders": {
        "Content-Type": "application/json; odata=minimalmetadata",
        "Date": "Mon, 03 Jan 2022 19:24:08 GMT",
        "ETag": "W/\u0022datetime\u00272022-01-03T19%3A24%3A09.6160776Z\u0027\u0022",
        "Transfer-Encoding": "chunked",
        "x-ms-request-id": "e070b060-4fd4-488f-875a-049ec53a4e81"
      },
      "ResponseBody": {
        "odata.metadata": "https://pakrymtables4prim.table.cosmos.azure.com/testtablehld2tmZx/$metadata#testtablehld2tmZx/@Element",
        "odata.etag": "W/\u0022datetime\u00272022-01-03T19%3A24%3A09.6160776Z\u0027\u0022",
        "PartitionKey": "PK",
        "RowKey": "RK",
        "Value@odata.type": "Edm.Binary",
        "Value": "AwIB",
        "Timestamp": "2022-01-03T19:24:09.6160776Z"
      }
    },
    {
      "RequestUri": "https://pakrymtables4prim.table.cosmos.azure.com/testtablehld2tmZx(PartitionKey=\u0027PK\u0027,RowKey=\u0027RK\u0027)?$format=application%2Fjson%3Bodata%3Dminimalmetadata",
      "RequestMethod": "PUT",
      "RequestHeaders": {
        "Accept": "application/json",
        "Authorization": "Sanitized",
        "Content-Length": "48",
        "Content-Type": "application/json",
        "DataServiceVersion": "3.0",
        "traceparent": "00-51a2678c0915c8b37ee21f8c1e45ac8a-48171d34826f78ff-00",
        "User-Agent": "azsdk-net-Data.Tables/12.4.0-alpha.20220103.1 (.NET 6.0.0-rtm.21522.10; Microsoft Windows 10.0.19044)",
        "x-ms-client-request-id": "bb3cb072da47ea0a7d79a336d67a16e0",
        "x-ms-date": "Mon, 03 Jan 2022 19:24:09 GMT",
        "x-ms-return-client-request-id": "true",
        "x-ms-version": "2019-02-02"
      },
      "RequestBody": {
        "PartitionKey": "PK",
        "RowKey": "RK",
        "Value": null
      },
      "StatusCode": 204,
      "ResponseHeaders": {
        "Content-Type": "application/json",
        "Date": "Mon, 03 Jan 2022 19:24:08 GMT",
        "ETag": "W/\u0022datetime\u00272022-01-03T19%3A24%3A09.6588808Z\u0027\u0022",
        "x-ms-request-id": "5b262ece-48ba-4225-9f77-2fe1fb16b441"
      },
      "ResponseBody": null
    },
    {
      "RequestUri": "https://pakrymtables4prim.table.cosmos.azure.com/testtablehld2tmZx(PartitionKey=\u0027PK\u0027,RowKey=\u0027RK\u0027)?$format=application%2Fjson%3Bodata%3Dminimalmetadata",
      "RequestMethod": "GET",
      "RequestHeaders": {
        "Accept": "application/json; odata=minimalmetadata",
        "Authorization": "Sanitized",
        "DataServiceVersion": "3.0",
        "User-Agent": "azsdk-net-Data.Tables/12.4.0-alpha.20220103.1 (.NET 6.0.0-rtm.21522.10; Microsoft Windows 10.0.19044)",
        "x-ms-client-request-id": "3c06b9dc17b7a74e47fdc20dada6a082",
        "x-ms-date": "Mon, 03 Jan 2022 19:24:09 GMT",
        "x-ms-return-client-request-id": "true",
        "x-ms-version": "2019-02-02"
      },
      "RequestBody": null,
      "StatusCode": 200,
      "ResponseHeaders": {
        "Content-Type": "application/json; odata=minimalmetadata",
        "Date": "Mon, 03 Jan 2022 19:24:08 GMT",
        "ETag": "W/\u0022datetime\u00272022-01-03T19%3A24%3A09.6588808Z\u0027\u0022",
        "Transfer-Encoding": "chunked",
        "x-ms-request-id": "d7133b14-371a-4321-a637-c248f75c6490"
      },
      "ResponseBody": {
        "odata.metadata": "https://pakrymtables4prim.table.cosmos.azure.com/testtablehld2tmZx/$metadata#testtablehld2tmZx/@Element",
        "odata.etag": "W/\u0022datetime\u00272022-01-03T19%3A24%3A09.6588808Z\u0027\u0022",
        "PartitionKey": "PK",
        "RowKey": "RK",
        "Timestamp": "2022-01-03T19:24:09.6588808Z"
      }
    },
    {
      "RequestUri": "https://pakrymtables4prim.table.cosmos.azure.com/testtablehld2tmZx(PartitionKey=\u0027PK\u0027,RowKey=\u0027RK\u0027)?$format=application%2Fjson%3Bodata%3Dminimalmetadata",
      "RequestMethod": "PUT",
      "RequestHeaders": {
        "Accept": "application/json",
        "Authorization": "Sanitized",
        "Content-Length": "50",
        "Content-Type": "application/json",
        "DataServiceVersion": "3.0",
        "If-Match": "W/\u0022datetime\u00272022-01-03T19%3A24%3A09.6588808Z\u0027\u0022",
        "User-Agent": "azsdk-net-Data.Tables/12.4.0-alpha.20220103.1 (.NET 6.0.0-rtm.21522.10; Microsoft Windows 10.0.19044)",
        "x-ms-client-request-id": "46fb68424d510ccd97ac43e0e2554c67",
        "x-ms-date": "Mon, 03 Jan 2022 19:24:09 GMT",
        "x-ms-return-client-request-id": "true",
        "x-ms-version": "2019-02-02"
      },
      "RequestBody": {
        "PartitionKey": "PK",
        "RowKey": "RK",
        "Value": "Gray"
      },
      "StatusCode": 204,
      "ResponseHeaders": {
        "Date": "Mon, 03 Jan 2022 19:24:08 GMT",
        "ETag": "W/\u0022datetime\u00272022-01-03T19%3A24%3A09.7033224Z\u0027\u0022",
        "x-ms-request-id": "7fab538f-9baa-451d-a36a-9df04f6adc3f"
      },
      "ResponseBody": null
    },
    {
      "RequestUri": "https://pakrymtables4prim.table.cosmos.azure.com/testtablehld2tmZx(PartitionKey=\u0027PK\u0027,RowKey=\u0027RK\u0027)?$format=application%2Fjson%3Bodata%3Dminimalmetadata",
      "RequestMethod": "GET",
      "RequestHeaders": {
        "Accept": "application/json; odata=minimalmetadata",
        "Authorization": "Sanitized",
        "DataServiceVersion": "3.0",
        "traceparent": "00-c46b5ceaf25cb66493ab239912029d31-37ca79e532b7f3d1-00",
        "User-Agent": "azsdk-net-Data.Tables/12.4.0-alpha.20220103.1 (.NET 6.0.0-rtm.21522.10; Microsoft Windows 10.0.19044)",
        "x-ms-client-request-id": "bb020200d9655b996295734918fc3cd7",
        "x-ms-date": "Mon, 03 Jan 2022 19:24:09 GMT",
        "x-ms-return-client-request-id": "true",
        "x-ms-version": "2019-02-02"
      },
      "RequestBody": null,
      "StatusCode": 200,
      "ResponseHeaders": {
        "Content-Type": "application/json; odata=minimalmetadata",
        "Date": "Mon, 03 Jan 2022 19:24:08 GMT",
        "ETag": "W/\u0022datetime\u00272022-01-03T19%3A24%3A09.7033224Z\u0027\u0022",
        "Transfer-Encoding": "chunked",
        "x-ms-request-id": "26bf438a-f7fe-4fc1-a5f8-2fecbdbd1a80"
      },
      "ResponseBody": {
        "odata.metadata": "https://pakrymtables4prim.table.cosmos.azure.com/testtablehld2tmZx/$metadata#testtablehld2tmZx/@Element",
        "odata.etag": "W/\u0022datetime\u00272022-01-03T19%3A24%3A09.7033224Z\u0027\u0022",
        "PartitionKey": "PK",
        "RowKey": "RK",
        "Value": "Gray",
        "Timestamp": "2022-01-03T19:24:09.7033224Z"
      }
    },
    {
      "RequestUri": "https://pakrymtables4prim.table.cosmos.azure.com/testtablehld2tmZx(PartitionKey=\u0027PK\u0027,RowKey=\u0027RK\u0027)?$format=application%2Fjson%3Bodata%3Dminimalmetadata",
      "RequestMethod": "PUT",
      "RequestHeaders": {
        "Accept": "application/json",
        "Authorization": "Sanitized",
        "Content-Length": "48",
        "Content-Type": "application/json",
        "DataServiceVersion": "3.0",
        "traceparent": "00-72ef3d2aa17c35895075e5c868bc1746-b898ae24dfc7bfa8-00",
        "User-Agent": "azsdk-net-Data.Tables/12.4.0-alpha.20220103.1 (.NET 6.0.0-rtm.21522.10; Microsoft Windows 10.0.19044)",
        "x-ms-client-request-id": "6ef321d9cf7e8e8fecfaa40ad36dc4f2",
        "x-ms-date": "Mon, 03 Jan 2022 19:24:09 GMT",
        "x-ms-return-client-request-id": "true",
        "x-ms-version": "2019-02-02"
      },
      "RequestBody": {
        "PartitionKey": "PK",
        "RowKey": "RK",
        "Value": null
      },
      "StatusCode": 204,
      "ResponseHeaders": {
        "Content-Type": "application/json",
        "Date": "Mon, 03 Jan 2022 19:24:08 GMT",
        "ETag": "W/\u0022datetime\u00272022-01-03T19%3A24%3A09.7445896Z\u0027\u0022",
        "x-ms-request-id": "1359b85e-5ef0-4285-b489-41a01eb59369"
      },
      "ResponseBody": null
    },
    {
      "RequestUri": "https://pakrymtables4prim.table.cosmos.azure.com/testtablehld2tmZx(PartitionKey=\u0027PK\u0027,RowKey=\u0027RK\u0027)?$format=application%2Fjson%3Bodata%3Dminimalmetadata",
      "RequestMethod": "GET",
      "RequestHeaders": {
        "Accept": "application/json; odata=minimalmetadata",
        "Authorization": "Sanitized",
        "DataServiceVersion": "3.0",
        "User-Agent": "azsdk-net-Data.Tables/12.4.0-alpha.20220103.1 (.NET 6.0.0-rtm.21522.10; Microsoft Windows 10.0.19044)",
        "x-ms-client-request-id": "ab0c5ab1e5a3691cce9fe4bcda83f39a",
        "x-ms-date": "Mon, 03 Jan 2022 19:24:09 GMT",
        "x-ms-return-client-request-id": "true",
        "x-ms-version": "2019-02-02"
      },
      "RequestBody": null,
      "StatusCode": 200,
      "ResponseHeaders": {
        "Content-Type": "application/json; odata=minimalmetadata",
        "Date": "Mon, 03 Jan 2022 19:24:08 GMT",
        "ETag": "W/\u0022datetime\u00272022-01-03T19%3A24%3A09.7445896Z\u0027\u0022",
        "Transfer-Encoding": "chunked",
        "x-ms-request-id": "ee084498-f254-4c80-a1b6-20caa1fb46c0"
      },
      "ResponseBody": {
        "odata.metadata": "https://pakrymtables4prim.table.cosmos.azure.com/testtablehld2tmZx/$metadata#testtablehld2tmZx/@Element",
        "odata.etag": "W/\u0022datetime\u00272022-01-03T19%3A24%3A09.7445896Z\u0027\u0022",
        "PartitionKey": "PK",
        "RowKey": "RK",
        "Timestamp": "2022-01-03T19:24:09.7445896Z"
      }
    },
    {
      "RequestUri": "https://pakrymtables4prim.table.cosmos.azure.com/testtablehld2tmZx(PartitionKey=\u0027PK\u0027,RowKey=\u0027RK\u0027)?$format=application%2Fjson%3Bodata%3Dminimalmetadata",
      "RequestMethod": "PUT",
      "RequestHeaders": {
        "Accept": "application/json",
        "Authorization": "Sanitized",
        "Content-Length": "66",
        "Content-Type": "application/json",
        "DataServiceVersion": "3.0",
        "If-Match": "W/\u0022datetime\u00272022-01-03T19%3A24%3A09.7445896Z\u0027\u0022",
        "User-Agent": "azsdk-net-Data.Tables/12.4.0-alpha.20220103.1 (.NET 6.0.0-rtm.21522.10; Microsoft Windows 10.0.19044)",
        "x-ms-client-request-id": "c1076c6fdd6130e87373ce6b348e87f4",
        "x-ms-date": "Mon, 03 Jan 2022 19:24:09 GMT",
        "x-ms-return-client-request-id": "true",
        "x-ms-version": "2019-02-02"
      },
      "RequestBody": {
        "PartitionKey": "PK",
        "RowKey": "RK",
        "Value": "\u002200:00:10\u0022"
      },
      "StatusCode": 204,
      "ResponseHeaders": {
        "Date": "Mon, 03 Jan 2022 19:24:09 GMT",
        "ETag": "W/\u0022datetime\u00272022-01-03T19%3A24%3A09.8187272Z\u0027\u0022",
        "x-ms-request-id": "c5b940aa-50f3-4033-96be-eef8ecc1d00c"
      },
      "ResponseBody": null
    },
    {
      "RequestUri": "https://pakrymtables4prim.table.cosmos.azure.com/testtablehld2tmZx(PartitionKey=\u0027PK\u0027,RowKey=\u0027RK\u0027)?$format=application%2Fjson%3Bodata%3Dminimalmetadata",
      "RequestMethod": "GET",
      "RequestHeaders": {
        "Accept": "application/json; odata=minimalmetadata",
        "Authorization": "Sanitized",
        "DataServiceVersion": "3.0",
        "traceparent": "00-b490f596d98b2246ab494028a1381634-4cfe1334c37ab956-00",
        "User-Agent": "azsdk-net-Data.Tables/12.4.0-alpha.20220103.1 (.NET 6.0.0-rtm.21522.10; Microsoft Windows 10.0.19044)",
        "x-ms-client-request-id": "be9881d091eff333048a9fdeebd3b468",
        "x-ms-date": "Mon, 03 Jan 2022 19:24:09 GMT",
        "x-ms-return-client-request-id": "true",
        "x-ms-version": "2019-02-02"
      },
      "RequestBody": null,
      "StatusCode": 200,
      "ResponseHeaders": {
        "Content-Type": "application/json; odata=minimalmetadata",
        "Date": "Mon, 03 Jan 2022 19:24:09 GMT",
        "ETag": "W/\u0022datetime\u00272022-01-03T19%3A24%3A09.8187272Z\u0027\u0022",
        "Transfer-Encoding": "chunked",
        "x-ms-request-id": "b5a470c3-0c74-4fa9-9179-2b3f0dc1ac43"
      },
      "ResponseBody": {
        "odata.metadata": "https://pakrymtables4prim.table.cosmos.azure.com/testtablehld2tmZx/$metadata#testtablehld2tmZx/@Element",
        "odata.etag": "W/\u0022datetime\u00272022-01-03T19%3A24%3A09.8187272Z\u0027\u0022",
        "PartitionKey": "PK",
        "RowKey": "RK",
        "Value": "\u002200:00:10\u0022",
        "Timestamp": "2022-01-03T19:24:09.8187272Z"
      }
    },
    {
      "RequestUri": "https://pakrymtables4prim.table.cosmos.azure.com/testtablehld2tmZx(PartitionKey=\u0027PK\u0027,RowKey=\u0027RK\u0027)?$format=application%2Fjson%3Bodata%3Dminimalmetadata",
      "RequestMethod": "PUT",
      "RequestHeaders": {
        "Accept": "application/json",
        "Authorization": "Sanitized",
        "Content-Length": "48",
        "Content-Type": "application/json",
        "DataServiceVersion": "3.0",
        "traceparent": "00-bf077c166ff4143d787ed15e4487f35d-08fb82081bf4a5ae-00",
        "User-Agent": "azsdk-net-Data.Tables/12.4.0-alpha.20220103.1 (.NET 6.0.0-rtm.21522.10; Microsoft Windows 10.0.19044)",
        "x-ms-client-request-id": "669a0a070366d39172db373016b1343f",
        "x-ms-date": "Mon, 03 Jan 2022 19:24:09 GMT",
        "x-ms-return-client-request-id": "true",
        "x-ms-version": "2019-02-02"
      },
      "RequestBody": {
        "PartitionKey": "PK",
        "RowKey": "RK",
        "Value": null
      },
      "StatusCode": 204,
      "ResponseHeaders": {
        "Content-Type": "application/json",
        "Date": "Mon, 03 Jan 2022 19:24:09 GMT",
        "ETag": "W/\u0022datetime\u00272022-01-03T19%3A24%3A09.8524168Z\u0027\u0022",
        "x-ms-request-id": "50b06663-cf0c-4389-9cce-9a52d589f78a"
      },
      "ResponseBody": null
    },
    {
      "RequestUri": "https://pakrymtables4prim.table.cosmos.azure.com/testtablehld2tmZx(PartitionKey=\u0027PK\u0027,RowKey=\u0027RK\u0027)?$format=application%2Fjson%3Bodata%3Dminimalmetadata",
      "RequestMethod": "GET",
      "RequestHeaders": {
        "Accept": "application/json; odata=minimalmetadata",
        "Authorization": "Sanitized",
        "DataServiceVersion": "3.0",
        "User-Agent": "azsdk-net-Data.Tables/12.4.0-alpha.20220103.1 (.NET 6.0.0-rtm.21522.10; Microsoft Windows 10.0.19044)",
        "x-ms-client-request-id": "58ebef1834eadeaa3913bcd73d0945a0",
        "x-ms-date": "Mon, 03 Jan 2022 19:24:09 GMT",
        "x-ms-return-client-request-id": "true",
        "x-ms-version": "2019-02-02"
      },
      "RequestBody": null,
      "StatusCode": 200,
      "ResponseHeaders": {
        "Content-Type": "application/json; odata=minimalmetadata",
        "Date": "Mon, 03 Jan 2022 19:24:09 GMT",
        "ETag": "W/\u0022datetime\u00272022-01-03T19%3A24%3A09.8524168Z\u0027\u0022",
        "Transfer-Encoding": "chunked",
        "x-ms-request-id": "4b0d5a0c-9906-4416-b9c5-cbd98d3de502"
      },
      "ResponseBody": {
        "odata.metadata": "https://pakrymtables4prim.table.cosmos.azure.com/testtablehld2tmZx/$metadata#testtablehld2tmZx/@Element",
        "odata.etag": "W/\u0022datetime\u00272022-01-03T19%3A24%3A09.8524168Z\u0027\u0022",
        "PartitionKey": "PK",
        "RowKey": "RK",
        "Timestamp": "2022-01-03T19:24:09.8524168Z"
      }
    },
    {
      "RequestUri": "https://pakrymtables4prim.table.cosmos.azure.com/testtablehld2tmZx(PartitionKey=\u0027PK\u0027,RowKey=\u0027RK\u0027)?$format=application%2Fjson%3Bodata%3Dminimalmetadata",
      "RequestMethod": "PUT",
      "RequestHeaders": {
        "Accept": "application/json",
        "Authorization": "Sanitized",
        "Content-Length": "47",
        "Content-Type": "application/json",
        "DataServiceVersion": "3.0",
        "If-Match": "W/\u0022datetime\u00272022-01-03T19%3A24%3A09.8524168Z\u0027\u0022",
        "User-Agent": "azsdk-net-Data.Tables/12.4.0-alpha.20220103.1 (.NET 6.0.0-rtm.21522.10; Microsoft Windows 10.0.19044)",
        "x-ms-client-request-id": "2a6366bf21f3cd8eefc44c145903dd52",
        "x-ms-date": "Mon, 03 Jan 2022 19:24:09 GMT",
        "x-ms-return-client-request-id": "true",
        "x-ms-version": "2019-02-02"
      },
      "RequestBody": {
        "PartitionKey": "PK",
        "RowKey": "RK",
        "Value": "B"
      },
      "StatusCode": 204,
      "ResponseHeaders": {
        "Date": "Mon, 03 Jan 2022 19:24:09 GMT",
        "ETag": "W/\u0022datetime\u00272022-01-03T19%3A24%3A09.9036168Z\u0027\u0022",
        "x-ms-request-id": "bd3935cf-d609-402a-bec1-dda22e2c6eb3"
      },
      "ResponseBody": null
    },
    {
      "RequestUri": "https://pakrymtables4prim.table.cosmos.azure.com/testtablehld2tmZx(PartitionKey=\u0027PK\u0027,RowKey=\u0027RK\u0027)?$format=application%2Fjson%3Bodata%3Dminimalmetadata",
      "RequestMethod": "GET",
      "RequestHeaders": {
        "Accept": "application/json; odata=minimalmetadata",
        "Authorization": "Sanitized",
        "DataServiceVersion": "3.0",
        "traceparent": "00-555151fe8ead2de1a3696b20c83e68b1-845fb77e041ec350-00",
        "User-Agent": "azsdk-net-Data.Tables/12.4.0-alpha.20220103.1 (.NET 6.0.0-rtm.21522.10; Microsoft Windows 10.0.19044)",
        "x-ms-client-request-id": "fcc65f555be7d27d5fbc2d5246b99668",
        "x-ms-date": "Mon, 03 Jan 2022 19:24:09 GMT",
        "x-ms-return-client-request-id": "true",
        "x-ms-version": "2019-02-02"
      },
      "RequestBody": null,
      "StatusCode": 200,
      "ResponseHeaders": {
        "Content-Type": "application/json; odata=minimalmetadata",
        "Date": "Mon, 03 Jan 2022 19:24:09 GMT",
        "ETag": "W/\u0022datetime\u00272022-01-03T19%3A24%3A09.9036168Z\u0027\u0022",
        "Transfer-Encoding": "chunked",
        "x-ms-request-id": "1bb9153d-414d-4ec8-bf43-362d410f0d46"
      },
      "ResponseBody": {
        "odata.metadata": "https://pakrymtables4prim.table.cosmos.azure.com/testtablehld2tmZx/$metadata#testtablehld2tmZx/@Element",
        "odata.etag": "W/\u0022datetime\u00272022-01-03T19%3A24%3A09.9036168Z\u0027\u0022",
        "PartitionKey": "PK",
        "RowKey": "RK",
        "Value": "B",
        "Timestamp": "2022-01-03T19:24:09.9036168Z"
      }
    },
    {
      "RequestUri": "https://pakrymtables4prim.table.cosmos.azure.com/testtablehld2tmZx(PartitionKey=\u0027PK\u0027,RowKey=\u0027RK\u0027)?$format=application%2Fjson%3Bodata%3Dminimalmetadata",
      "RequestMethod": "PUT",
      "RequestHeaders": {
        "Accept": "application/json",
        "Authorization": "Sanitized",
        "Content-Length": "48",
        "Content-Type": "application/json",
        "DataServiceVersion": "3.0",
        "traceparent": "00-d8cfd2dd7d70505e9dc0cd8e5c81d2a5-be5576920648e8da-00",
        "User-Agent": "azsdk-net-Data.Tables/12.4.0-alpha.20220103.1 (.NET 6.0.0-rtm.21522.10; Microsoft Windows 10.0.19044)",
        "x-ms-client-request-id": "b07097960a4df64c601e6926e8968436",
        "x-ms-date": "Mon, 03 Jan 2022 19:24:09 GMT",
        "x-ms-return-client-request-id": "true",
        "x-ms-version": "2019-02-02"
      },
      "RequestBody": {
        "PartitionKey": "PK",
        "RowKey": "RK",
        "Value": null
      },
      "StatusCode": 204,
      "ResponseHeaders": {
        "Content-Type": "application/json",
        "Date": "Mon, 03 Jan 2022 19:24:09 GMT",
        "ETag": "W/\u0022datetime\u00272022-01-03T19%3A24%3A09.9360776Z\u0027\u0022",
        "x-ms-request-id": "525c0021-2e07-46c0-bd70-2d5e6f9c463f"
      },
      "ResponseBody": null
    },
    {
      "RequestUri": "https://pakrymtables4prim.table.cosmos.azure.com/testtablehld2tmZx(PartitionKey=\u0027PK\u0027,RowKey=\u0027RK\u0027)?$format=application%2Fjson%3Bodata%3Dminimalmetadata",
      "RequestMethod": "GET",
      "RequestHeaders": {
        "Accept": "application/json; odata=minimalmetadata",
        "Authorization": "Sanitized",
        "DataServiceVersion": "3.0",
        "User-Agent": "azsdk-net-Data.Tables/12.4.0-alpha.20220103.1 (.NET 6.0.0-rtm.21522.10; Microsoft Windows 10.0.19044)",
        "x-ms-client-request-id": "dd826a35484264b8e891cb36f33b8736",
        "x-ms-date": "Mon, 03 Jan 2022 19:24:09 GMT",
        "x-ms-return-client-request-id": "true",
        "x-ms-version": "2019-02-02"
      },
      "RequestBody": null,
      "StatusCode": 200,
      "ResponseHeaders": {
        "Content-Type": "application/json; odata=minimalmetadata",
        "Date": "Mon, 03 Jan 2022 19:24:09 GMT",
        "ETag": "W/\u0022datetime\u00272022-01-03T19%3A24%3A09.9360776Z\u0027\u0022",
        "Transfer-Encoding": "chunked",
        "x-ms-request-id": "e80ef2fb-e951-444d-a441-f9c745765d8d"
      },
      "ResponseBody": {
        "odata.metadata": "https://pakrymtables4prim.table.cosmos.azure.com/testtablehld2tmZx/$metadata#testtablehld2tmZx/@Element",
        "odata.etag": "W/\u0022datetime\u00272022-01-03T19%3A24%3A09.9360776Z\u0027\u0022",
        "PartitionKey": "PK",
        "RowKey": "RK",
        "Timestamp": "2022-01-03T19:24:09.9360776Z"
      }
    },
    {
      "RequestUri": "https://pakrymtables4prim.table.cosmos.azure.com/testtablehld2tmZx(PartitionKey=\u0027PK\u0027,RowKey=\u0027RK\u0027)?$format=application%2Fjson%3Bodata%3Dminimalmetadata",
      "RequestMethod": "PUT",
      "RequestHeaders": {
        "Accept": "application/json",
        "Authorization": "Sanitized",
        "Content-Length": "65",
        "Content-Type": "application/json",
        "DataServiceVersion": "3.0",
        "If-Match": "W/\u0022datetime\u00272022-01-03T19%3A24%3A09.9360776Z\u0027\u0022",
        "User-Agent": "azsdk-net-Data.Tables/12.4.0-alpha.20220103.1 (.NET 6.0.0-rtm.21522.10; Microsoft Windows 10.0.19044)",
        "x-ms-client-request-id": "c27de32e2d924b0413d09bc8f257e9c8",
        "x-ms-date": "Mon, 03 Jan 2022 19:24:09 GMT",
        "x-ms-return-client-request-id": "true",
        "x-ms-version": "2019-02-02"
      },
      "RequestBody": {
        "PartitionKey": "PK",
        "RowKey": "RK",
        "Value": "9223372036854775807"
      },
      "StatusCode": 204,
      "ResponseHeaders": {
        "Date": "Mon, 03 Jan 2022 19:24:09 GMT",
        "ETag": "W/\u0022datetime\u00272022-01-03T19%3A24%3A09.9853320Z\u0027\u0022",
        "x-ms-request-id": "83fe0984-4bb9-4b89-959d-53173f7751d5"
      },
      "ResponseBody": null
    },
    {
      "RequestUri": "https://pakrymtables4prim.table.cosmos.azure.com/testtablehld2tmZx(PartitionKey=\u0027PK\u0027,RowKey=\u0027RK\u0027)?$format=application%2Fjson%3Bodata%3Dminimalmetadata",
      "RequestMethod": "GET",
      "RequestHeaders": {
        "Accept": "application/json; odata=minimalmetadata",
        "Authorization": "Sanitized",
        "DataServiceVersion": "3.0",
        "traceparent": "00-a7e3eb0a053ec66d227f3566ddbbfca6-8c5946e5b6da5d75-00",
        "User-Agent": "azsdk-net-Data.Tables/12.4.0-alpha.20220103.1 (.NET 6.0.0-rtm.21522.10; Microsoft Windows 10.0.19044)",
        "x-ms-client-request-id": "dc1cf638b8374d26de0cc8bc3e150324",
        "x-ms-date": "Mon, 03 Jan 2022 19:24:09 GMT",
        "x-ms-return-client-request-id": "true",
        "x-ms-version": "2019-02-02"
      },
      "RequestBody": null,
      "StatusCode": 200,
      "ResponseHeaders": {
        "Content-Type": "application/json; odata=minimalmetadata",
        "Date": "Mon, 03 Jan 2022 19:24:09 GMT",
        "ETag": "W/\u0022datetime\u00272022-01-03T19%3A24%3A09.9853320Z\u0027\u0022",
        "Transfer-Encoding": "chunked",
        "x-ms-request-id": "4cdaf431-413a-49ea-9885-ca0dc2cfc164"
      },
      "ResponseBody": {
        "odata.metadata": "https://pakrymtables4prim.table.cosmos.azure.com/testtablehld2tmZx/$metadata#testtablehld2tmZx/@Element",
        "odata.etag": "W/\u0022datetime\u00272022-01-03T19%3A24%3A09.9853320Z\u0027\u0022",
        "PartitionKey": "PK",
        "RowKey": "RK",
        "Value": "9223372036854775807",
        "Timestamp": "2022-01-03T19:24:09.9853320Z"
      }
    },
    {
      "RequestUri": "https://pakrymtables4prim.table.cosmos.azure.com/testtablehld2tmZx(PartitionKey=\u0027PK\u0027,RowKey=\u0027RK\u0027)?$format=application%2Fjson%3Bodata%3Dminimalmetadata",
      "RequestMethod": "PUT",
      "RequestHeaders": {
        "Accept": "application/json",
        "Authorization": "Sanitized",
        "Content-Length": "48",
        "Content-Type": "application/json",
        "DataServiceVersion": "3.0",
        "traceparent": "00-e76882f483c502b64a370ca95e8b4e4e-6cd6d4a8507cbe5e-00",
        "User-Agent": "azsdk-net-Data.Tables/12.4.0-alpha.20220103.1 (.NET 6.0.0-rtm.21522.10; Microsoft Windows 10.0.19044)",
        "x-ms-client-request-id": "05f83297c11908a46536ca72acef7190",
        "x-ms-date": "Mon, 03 Jan 2022 19:24:09 GMT",
        "x-ms-return-client-request-id": "true",
        "x-ms-version": "2019-02-02"
      },
      "RequestBody": {
        "PartitionKey": "PK",
        "RowKey": "RK",
        "Value": null
      },
      "StatusCode": 204,
      "ResponseHeaders": {
        "Content-Type": "application/json",
        "Date": "Mon, 03 Jan 2022 19:24:09 GMT",
        "ETag": "W/\u0022datetime\u00272022-01-03T19%3A24%3A10.0360200Z\u0027\u0022",
        "x-ms-request-id": "a8078e80-9646-4d77-b42a-1b0deaf825c5"
      },
      "ResponseBody": null
    },
    {
      "RequestUri": "https://pakrymtables4prim.table.cosmos.azure.com/testtablehld2tmZx(PartitionKey=\u0027PK\u0027,RowKey=\u0027RK\u0027)?$format=application%2Fjson%3Bodata%3Dminimalmetadata",
      "RequestMethod": "GET",
      "RequestHeaders": {
        "Accept": "application/json; odata=minimalmetadata",
        "Authorization": "Sanitized",
        "DataServiceVersion": "3.0",
        "User-Agent": "azsdk-net-Data.Tables/12.4.0-alpha.20220103.1 (.NET 6.0.0-rtm.21522.10; Microsoft Windows 10.0.19044)",
        "x-ms-client-request-id": "fcfe02a7aa1f75febc2fe38564470cfe",
        "x-ms-date": "Mon, 03 Jan 2022 19:24:10 GMT",
        "x-ms-return-client-request-id": "true",
        "x-ms-version": "2019-02-02"
      },
      "RequestBody": null,
      "StatusCode": 200,
      "ResponseHeaders": {
        "Content-Type": "application/json; odata=minimalmetadata",
        "Date": "Mon, 03 Jan 2022 19:24:09 GMT",
        "ETag": "W/\u0022datetime\u00272022-01-03T19%3A24%3A10.0360200Z\u0027\u0022",
        "Transfer-Encoding": "chunked",
        "x-ms-request-id": "1d1b3355-510e-4216-b5d9-a48418c432f4"
      },
      "ResponseBody": {
        "odata.metadata": "https://pakrymtables4prim.table.cosmos.azure.com/testtablehld2tmZx/$metadata#testtablehld2tmZx/@Element",
        "odata.etag": "W/\u0022datetime\u00272022-01-03T19%3A24%3A10.0360200Z\u0027\u0022",
        "PartitionKey": "PK",
        "RowKey": "RK",
        "Timestamp": "2022-01-03T19:24:10.0360200Z"
      }
    },
    {
      "RequestUri": "https://pakrymtables4prim.table.cosmos.azure.com/testtablehld2tmZx(PartitionKey=\u0027PK\u0027,RowKey=\u0027RK\u0027)?$format=application%2Fjson%3Bodata%3Dminimalmetadata",
      "RequestMethod": "PUT",
      "RequestHeaders": {
        "Accept": "application/json",
        "Authorization": "Sanitized",
        "Content-Length": "77",
        "Content-Type": "application/json",
        "DataServiceVersion": "3.0",
        "If-Match": "W/\u0022datetime\u00272022-01-03T19%3A24%3A10.0360200Z\u0027\u0022",
        "User-Agent": "azsdk-net-Data.Tables/12.4.0-alpha.20220103.1 (.NET 6.0.0-rtm.21522.10; Microsoft Windows 10.0.19044)",
        "x-ms-client-request-id": "bf3177cce45e76af52147600eeb3a1ef",
        "x-ms-date": "Mon, 03 Jan 2022 19:24:10 GMT",
        "x-ms-return-client-request-id": "true",
        "x-ms-version": "2019-02-02"
      },
      "RequestBody": {
        "PartitionKey": "PK",
        "RowKey": "RK",
        "Value": "[\r\n  \u0022updated\u0022\r\n]"
      },
      "StatusCode": 204,
      "ResponseHeaders": {
        "Date": "Mon, 03 Jan 2022 19:24:09 GMT",
        "ETag": "W/\u0022datetime\u00272022-01-03T19%3A24%3A10.0841480Z\u0027\u0022",
        "x-ms-request-id": "84833444-318c-48d9-8d39-70848db9bf48"
      },
      "ResponseBody": null
    },
    {
      "RequestUri": "https://pakrymtables4prim.table.cosmos.azure.com/testtablehld2tmZx(PartitionKey=\u0027PK\u0027,RowKey=\u0027RK\u0027)?$format=application%2Fjson%3Bodata%3Dminimalmetadata",
      "RequestMethod": "GET",
      "RequestHeaders": {
        "Accept": "application/json; odata=minimalmetadata",
        "Authorization": "Sanitized",
        "DataServiceVersion": "3.0",
        "traceparent": "00-51f0ff486315993b176dace4c9f006ef-eb97121c1d19c39c-00",
        "User-Agent": "azsdk-net-Data.Tables/12.4.0-alpha.20220103.1 (.NET 6.0.0-rtm.21522.10; Microsoft Windows 10.0.19044)",
        "x-ms-client-request-id": "3c15379a0616ec05348248e9de1ea31d",
        "x-ms-date": "Mon, 03 Jan 2022 19:24:10 GMT",
        "x-ms-return-client-request-id": "true",
        "x-ms-version": "2019-02-02"
      },
      "RequestBody": null,
      "StatusCode": 200,
      "ResponseHeaders": {
        "Content-Type": "application/json; odata=minimalmetadata",
        "Date": "Mon, 03 Jan 2022 19:24:09 GMT",
        "ETag": "W/\u0022datetime\u00272022-01-03T19%3A24%3A10.0841480Z\u0027\u0022",
        "Transfer-Encoding": "chunked",
        "x-ms-request-id": "13888c08-6422-4ec4-b4d9-2698ee0868e3"
      },
      "ResponseBody": {
        "odata.metadata": "https://pakrymtables4prim.table.cosmos.azure.com/testtablehld2tmZx/$metadata#testtablehld2tmZx/@Element",
        "odata.etag": "W/\u0022datetime\u00272022-01-03T19%3A24%3A10.0841480Z\u0027\u0022",
        "PartitionKey": "PK",
        "RowKey": "RK",
        "Value": "[\r\n  \u0022updated\u0022\r\n]",
        "Timestamp": "2022-01-03T19:24:10.0841480Z"
      }
    },
    {
      "RequestUri": "https://pakrymtables4prim.table.cosmos.azure.com/testtablehld2tmZx(PartitionKey=\u0027PK\u0027,RowKey=\u0027RK\u0027)?$format=application%2Fjson%3Bodata%3Dminimalmetadata",
      "RequestMethod": "PUT",
      "RequestHeaders": {
        "Accept": "application/json",
        "Authorization": "Sanitized",
        "Content-Length": "48",
        "Content-Type": "application/json",
        "DataServiceVersion": "3.0",
        "traceparent": "00-70f2fc82a1c35cf33235edba4131ae8d-478ad14801460c47-00",
        "User-Agent": "azsdk-net-Data.Tables/12.4.0-alpha.20220103.1 (.NET 6.0.0-rtm.21522.10; Microsoft Windows 10.0.19044)",
        "x-ms-client-request-id": "35a5cb2ab2bec2315287aa0b34fd8709",
        "x-ms-date": "Mon, 03 Jan 2022 19:24:10 GMT",
        "x-ms-return-client-request-id": "true",
        "x-ms-version": "2019-02-02"
      },
      "RequestBody": {
        "PartitionKey": "PK",
        "RowKey": "RK",
        "Value": null
      },
      "StatusCode": 204,
      "ResponseHeaders": {
        "Content-Type": "application/json",
        "Date": "Mon, 03 Jan 2022 19:24:09 GMT",
        "ETag": "W/\u0022datetime\u00272022-01-03T19%3A24%3A10.1262344Z\u0027\u0022",
        "x-ms-request-id": "132fbf2f-0697-4176-bc0d-d1a22a28119b"
      },
      "ResponseBody": null
    },
    {
      "RequestUri": "https://pakrymtables4prim.table.cosmos.azure.com/testtablehld2tmZx(PartitionKey=\u0027PK\u0027,RowKey=\u0027RK\u0027)?$format=application%2Fjson%3Bodata%3Dminimalmetadata",
      "RequestMethod": "GET",
      "RequestHeaders": {
        "Accept": "application/json; odata=minimalmetadata",
        "Authorization": "Sanitized",
        "DataServiceVersion": "3.0",
        "User-Agent": "azsdk-net-Data.Tables/12.4.0-alpha.20220103.1 (.NET 6.0.0-rtm.21522.10; Microsoft Windows 10.0.19044)",
        "x-ms-client-request-id": "2debf48ecf32c6e771458bdc9bc59734",
        "x-ms-date": "Mon, 03 Jan 2022 19:24:10 GMT",
        "x-ms-return-client-request-id": "true",
        "x-ms-version": "2019-02-02"
      },
      "RequestBody": null,
      "StatusCode": 200,
      "ResponseHeaders": {
        "Content-Type": "application/json; odata=minimalmetadata",
        "Date": "Mon, 03 Jan 2022 19:24:09 GMT",
        "ETag": "W/\u0022datetime\u00272022-01-03T19%3A24%3A10.1262344Z\u0027\u0022",
        "Transfer-Encoding": "chunked",
        "x-ms-request-id": "22323aaa-f6d7-46ed-a969-7a9ab2806dec"
      },
      "ResponseBody": {
        "odata.metadata": "https://pakrymtables4prim.table.cosmos.azure.com/testtablehld2tmZx/$metadata#testtablehld2tmZx/@Element",
        "odata.etag": "W/\u0022datetime\u00272022-01-03T19%3A24%3A10.1262344Z\u0027\u0022",
        "PartitionKey": "PK",
        "RowKey": "RK",
        "Timestamp": "2022-01-03T19:24:10.1262344Z"
      }
    },
    {
      "RequestUri": "https://pakrymtables4prim.table.cosmos.azure.com/testtablehld2tmZx(PartitionKey=\u0027PK\u0027,RowKey=\u0027RK\u0027)?$format=application%2Fjson%3Bodata%3Dminimalmetadata",
      "RequestMethod": "PUT",
      "RequestHeaders": {
        "Accept": "application/json",
        "Authorization": "Sanitized",
        "Content-Length": "90",
        "Content-Type": "application/json",
        "DataServiceVersion": "3.0",
        "If-Match": "W/\u0022datetime\u00272022-01-03T19%3A24%3A10.1262344Z\u0027\u0022",
        "User-Agent": "azsdk-net-Data.Tables/12.4.0-alpha.20220103.1 (.NET 6.0.0-rtm.21522.10; Microsoft Windows 10.0.19044)",
        "x-ms-client-request-id": "22d659706b0ee8300552ea8f5cfab836",
        "x-ms-date": "Mon, 03 Jan 2022 19:24:10 GMT",
        "x-ms-return-client-request-id": "true",
        "x-ms-version": "2019-02-02"
      },
      "RequestBody": {
        "PartitionKey": "PK",
        "RowKey": "RK",
        "Value": "{\r\n  \u0022Value\u0022: \u00222\u0022\r\n}"
      },
      "StatusCode": 204,
      "ResponseHeaders": {
        "Date": "Mon, 03 Jan 2022 19:24:09 GMT",
        "ETag": "W/\u0022datetime\u00272022-01-03T19%3A24%3A10.1801992Z\u0027\u0022",
        "x-ms-request-id": "6ea4d16f-76c9-4cfd-ba2b-1b0384660e35"
      },
      "ResponseBody": null
    },
    {
      "RequestUri": "https://pakrymtables4prim.table.cosmos.azure.com/testtablehld2tmZx(PartitionKey=\u0027PK\u0027,RowKey=\u0027RK\u0027)?$format=application%2Fjson%3Bodata%3Dminimalmetadata",
      "RequestMethod": "GET",
      "RequestHeaders": {
        "Accept": "application/json; odata=minimalmetadata",
        "Authorization": "Sanitized",
        "DataServiceVersion": "3.0",
        "traceparent": "00-2f0ff535fb07fb8f3af12603580d4244-b162a85546259100-00",
        "User-Agent": "azsdk-net-Data.Tables/12.4.0-alpha.20220103.1 (.NET 6.0.0-rtm.21522.10; Microsoft Windows 10.0.19044)",
        "x-ms-client-request-id": "ea5b3ffa76335aebe4dfc3782655278c",
        "x-ms-date": "Mon, 03 Jan 2022 19:24:10 GMT",
        "x-ms-return-client-request-id": "true",
        "x-ms-version": "2019-02-02"
      },
      "RequestBody": null,
      "StatusCode": 200,
      "ResponseHeaders": {
        "Content-Type": "application/json; odata=minimalmetadata",
        "Date": "Mon, 03 Jan 2022 19:24:09 GMT",
        "ETag": "W/\u0022datetime\u00272022-01-03T19%3A24%3A10.1801992Z\u0027\u0022",
        "Transfer-Encoding": "chunked",
        "x-ms-request-id": "d04f367b-9aaf-4d97-91f4-e9854526b0b5"
      },
      "ResponseBody": {
        "odata.metadata": "https://pakrymtables4prim.table.cosmos.azure.com/testtablehld2tmZx/$metadata#testtablehld2tmZx/@Element",
        "odata.etag": "W/\u0022datetime\u00272022-01-03T19%3A24%3A10.1801992Z\u0027\u0022",
        "PartitionKey": "PK",
        "RowKey": "RK",
        "Value": "{\r\n  \u0022Value\u0022: \u00222\u0022\r\n}",
        "Timestamp": "2022-01-03T19:24:10.1801992Z"
      }
    },
    {
      "RequestUri": "https://pakrymtables4prim.table.cosmos.azure.com/Tables(\u0027testtablehld2tmZx\u0027)",
      "RequestMethod": "DELETE",
      "RequestHeaders": {
        "Accept": "application/json",
        "Authorization": "Sanitized",
        "traceparent": "00-d26dd3056d9c739c2ff20f5fd5c620b2-d538cddadc957b93-00",
        "User-Agent": "azsdk-net-Data.Tables/12.4.0-alpha.20220103.1 (.NET 6.0.0-rtm.21522.10; Microsoft Windows 10.0.19044)",
        "x-ms-client-request-id": "da9a75ef652722fac30227dfe5586977",
        "x-ms-date": "Mon, 03 Jan 2022 19:24:10 GMT",
        "x-ms-return-client-request-id": "true",
        "x-ms-version": "2019-02-02"
      },
      "RequestBody": null,
      "StatusCode": 204,
      "ResponseHeaders": {
        "Date": "Mon, 03 Jan 2022 19:24:09 GMT",
        "x-ms-request-id": "12deaf27-9b1f-4e9d-a51f-e9fe1753b7f4"
      },
      "ResponseBody": null
    }
  ],
  "Variables": {
    "COSMOS_TABLES_ENDPOINT_SUFFIX": "cosmos.azure.com",
    "RandomSeed": "1624235206",
    "TABLES_COSMOS_ACCOUNT_NAME": "pakrymtables4prim",
    "TABLES_PRIMARY_COSMOS_ACCOUNT_KEY": "Kg=="
  }
}
