{
  "Entries": [
    {
      "RequestUri": "https://chrissscratch.table.core.windows.net/Tables?$format=application%2Fjson%3Bodata%3Dfullmetadata",
      "RequestMethod": "POST",
      "RequestHeaders": {
        "Authorization": "Sanitized",
        "Content-Length": "33",
        "Content-Type": "application/json; odata=nometadata",
        "DataServiceVersion": "3.0",
        "Request-Id": "|6575a578-470f174ea762a230.",
        "User-Agent": [
          "azsdk-net-Data.Tables/1.0.0-dev.20200529.1",
          "(.NET Core 4.6.28801.04; Microsoft Windows 10.0.18363 )"
        ],
        "x-ms-client-request-id": "e3e46e2442cacd01dda009bf552b5284",
        "x-ms-date": "Fri, 29 May 2020 14:01:14 GMT",
        "x-ms-return-client-request-id": "true",
        "x-ms-version": "2019-02-02"
      },
      "RequestBody": {
        "TableName": "testtablek5i33plj"
      },
      "StatusCode": 201,
      "ResponseHeaders": {
        "Cache-Control": "no-cache",
        "Content-Type": "application/json; odata=fullmetadata; streaming=true; charset=utf-8",
        "Date": "Fri, 29 May 2020 14:01:14 GMT",
        "Location": "https://chrissscratch.table.core.windows.net/Tables(\u0027testtablek5i33plj\u0027)",
        "Server": [
          "Windows-Azure-Table/1.0",
          "Microsoft-HTTPAPI/2.0"
        ],
        "Transfer-Encoding": "chunked",
        "X-Content-Type-Options": "nosniff",
        "x-ms-client-request-id": "e3e46e2442cacd01dda009bf552b5284",
        "x-ms-request-id": "4407455f-6002-0012-5dc1-35f0f4000000",
        "x-ms-version": "2019-02-02"
      },
      "ResponseBody": "{\u0022odata.metadata\u0022:\u0022https://chrissscratch.table.core.windows.net/$metadata#Tables/@Element\u0022,\u0022odata.type\u0022:\u0022chrissscratch.Tables\u0022,\u0022odata.id\u0022:\u0022https://chrissscratch.table.core.windows.net/Tables(\u0027testtablek5i33plj\u0027)\u0022,\u0022odata.editLink\u0022:\u0022Tables(\u0027testtablek5i33plj\u0027)\u0022,\u0022TableName\u0022:\u0022testtablek5i33plj\u0022}"
    },
    {
      "RequestUri": "https://chrissscratch.table.core.windows.net/testtablek5i33plj?$format=application%2Fjson%3Bodata%3Dfullmetadata",
      "RequestMethod": "POST",
      "RequestHeaders": {
        "Authorization": "Sanitized",
        "Content-Length": "1739",
        "Content-Type": "application/json; odata=nometadata",
        "DataServiceVersion": "3.0",
        "Request-Id": "|6575a579-470f174ea762a230.",
        "User-Agent": [
          "azsdk-net-Data.Tables/1.0.0-dev.20200529.1",
          "(.NET Core 4.6.28801.04; Microsoft Windows 10.0.18363 )"
        ],
        "x-ms-client-request-id": "cb03d7de29cf4c0c6eb449e652ec8bb8",
        "x-ms-date": "Fri, 29 May 2020 14:01:15 GMT",
        "x-ms-return-client-request-id": "true",
        "x-ms-version": "2019-02-02"
      },
      "RequestBody": {
        "DateTimeOffsetNull": null,
        "DateTimeOffsetN": "2020-01-01T01:02:00.0000000Z",
        "DateTimeOffsetN@odata.type": "Edm.DateTime",
        "DateTimeOffset": "2020-01-01T01:02:00.0000000Z",
        "DateTimeOffset@odata.type": "Edm.DateTime",
        "DateTimeNull": null,
        "DateTimeN": "2020-01-01T01:02:00.0000000Z",
        "DateTimeN@odata.type": "Edm.DateTime",
        "DateTime": "2020-01-01T01:02:00.0000000Z",
        "DateTime@odata.type": "Edm.DateTime",
        "DateTimeAsString": "2020-01-01T01:02:00.0000000Z",
        "BoolNull": null,
        "BoolN": false,
        "Bool": false,
        "BoolPrimitiveNull": null,
        "BoolPrimitiveN": false,
        "BoolPrimitive": false,
        "Binary": "AQIB",
        "Binary@odata.type": "Edm.Binary",
        "BinaryNull": null,
        "BinaryPrimitive": "AQIB",
        "BinaryPrimitive@odata.type": "Edm.Binary",
        "DoublePrimitiveNull": null,
        "DoublePrimitiveN": 1.01,
        "DoublePrimitiveN@odata.type": "Edm.Double",
        "DoublePrimitive": 1.01,
        "DoublePrimitive@odata.type": "Edm.Double",
        "DoubleNull": null,
        "DoubleN": 1.01,
        "DoubleN@odata.type": "Edm.Double",
        "Double": 1.01,
        "Double@odata.type": "Edm.Double",
        "DoubleInteger": 1,
        "DoubleInteger@odata.type": "Edm.Double",
        "GuidNull": null,
        "GuidN": "0d391d16-97f1-4b9a-be68-4cc871f90001",
        "GuidN@odata.type": "Edm.Guid",
        "Guid": "0d391d16-97f1-4b9a-be68-4cc871f90001",
        "Guid@odata.type": "Edm.Guid",
        "IntegerPrimitiveNull": null,
        "IntegerPrimitiveN": 1,
        "IntegerPrimitive": 1,
        "Int32Null": null,
        "Int32N": 1,
        "Int32": 1,
        "LongPrimitiveNull": null,
        "LongPrimitiveN": "2147483648",
        "LongPrimitiveN@odata.type": "Edm.Int64",
        "LongPrimitive": "2147483648",
        "LongPrimitive@odata.type": "Edm.Int64",
        "Int64Null": null,
        "Int64N": "123456789012",
        "Int64N@odata.type": "Edm.Int64",
        "Int64": "2147483648",
        "Int64@odata.type": "Edm.Int64",
        "String": "0001",
        "PartitionKey": "somPartition",
        "RowKey": "0001",
        "Timestamp": "0001-01-01T00:00:00.0000000Z",
        "Timestamp@odata.type": "Edm.DateTime",
        "ETag": null
      },
      "StatusCode": 201,
      "ResponseHeaders": {
        "Cache-Control": "no-cache",
        "Content-Type": "application/json; odata=fullmetadata; streaming=true; charset=utf-8",
        "Date": "Fri, 29 May 2020 14:01:14 GMT",
        "ETag": "W/\u0022datetime\u00272020-05-29T14%3A01%3A14.9445885Z\u0027\u0022",
        "Location": "https://chrissscratch.table.core.windows.net/testtablek5i33plj(PartitionKey=\u0027somPartition\u0027,RowKey=\u00270001\u0027)",
        "Server": [
          "Windows-Azure-Table/1.0",
          "Microsoft-HTTPAPI/2.0"
        ],
        "Transfer-Encoding": "chunked",
        "X-Content-Type-Options": "nosniff",
        "x-ms-client-request-id": "cb03d7de29cf4c0c6eb449e652ec8bb8",
        "x-ms-request-id": "44074588-6002-0012-01c1-35f0f4000000",
        "x-ms-version": "2019-02-02"
      },
      "ResponseBody": "{\u0022odata.metadata\u0022:\u0022https://chrissscratch.table.core.windows.net/$metadata#testtablek5i33plj/@Element\u0022,\u0022odata.type\u0022:\u0022chrissscratch.testtablek5i33plj\u0022,\u0022odata.id\u0022:\u0022https://chrissscratch.table.core.windows.net/testtablek5i33plj(PartitionKey=\u0027somPartition\u0027,RowKey=\u00270001\u0027)\u0022,\u0022odata.etag\u0022:\u0022W/\\\u0022datetime\u00272020-05-29T14%3A01%3A14.9445885Z\u0027\\\u0022\u0022,\u0022odata.editLink\u0022:\u0022testtablek5i33plj(PartitionKey=\u0027somPartition\u0027,RowKey=\u00270001\u0027)\u0022,\u0022PartitionKey\u0022:\u0022somPartition\u0022,\u0022RowKey\u0022:\u00220001\u0022,\u0022Timestamp@odata.type\u0022:\u0022Edm.DateTime\u0022,\u0022Timestamp\u0022:\u00222020-05-29T14:01:14.9445885Z\u0022,\u0022DateTimeOffsetN@odata.type\u0022:\u0022Edm.DateTime\u0022,\u0022DateTimeOffsetN\u0022:\u00222020-01-01T01:02:00Z\u0022,\u0022DateTimeOffset@odata.type\u0022:\u0022Edm.DateTime\u0022,\u0022DateTimeOffset\u0022:\u00222020-01-01T01:02:00Z\u0022,\u0022DateTimeN@odata.type\u0022:\u0022Edm.DateTime\u0022,\u0022DateTimeN\u0022:\u00222020-01-01T01:02:00Z\u0022,\u0022DateTime@odata.type\u0022:\u0022Edm.DateTime\u0022,\u0022DateTime\u0022:\u00222020-01-01T01:02:00Z\u0022,\u0022DateTimeAsString\u0022:\u00222020-01-01T01:02:00.0000000Z\u0022,\u0022BoolN\u0022:false,\u0022Bool\u0022:false,\u0022BoolPrimitiveN\u0022:false,\u0022BoolPrimitive\u0022:false,\u0022Binary@odata.type\u0022:\u0022Edm.Binary\u0022,\u0022Binary\u0022:\u0022AQIB\u0022,\u0022BinaryPrimitive@odata.type\u0022:\u0022Edm.Binary\u0022,\u0022BinaryPrimitive\u0022:\u0022AQIB\u0022,\u0022DoublePrimitiveN\u0022:1.01,\u0022DoublePrimitive\u0022:1.01,\u0022DoubleN\u0022:1.01,\u0022Double\u0022:1.01,\u0022DoubleInteger\u0022:1.0,\u0022GuidN@odata.type\u0022:\u0022Edm.Guid\u0022,\u0022GuidN\u0022:\u00220d391d16-97f1-4b9a-be68-4cc871f90001\u0022,\u0022Guid@odata.type\u0022:\u0022Edm.Guid\u0022,\u0022Guid\u0022:\u00220d391d16-97f1-4b9a-be68-4cc871f90001\u0022,\u0022IntegerPrimitiveN\u0022:1,\u0022IntegerPrimitive\u0022:1,\u0022Int32N\u0022:1,\u0022Int32\u0022:1,\u0022LongPrimitiveN@odata.type\u0022:\u0022Edm.Int64\u0022,\u0022LongPrimitiveN\u0022:\u00222147483648\u0022,\u0022LongPrimitive@odata.type\u0022:\u0022Edm.Int64\u0022,\u0022LongPrimitive\u0022:\u00222147483648\u0022,\u0022Int64N@odata.type\u0022:\u0022Edm.Int64\u0022,\u0022Int64N\u0022:\u0022123456789012\u0022,\u0022Int64@odata.type\u0022:\u0022Edm.Int64\u0022,\u0022Int64\u0022:\u00222147483648\u0022,\u0022String\u0022:\u00220001\u0022}"
    },
    {
      "RequestUri": "https://chrissscratch.table.core.windows.net/testtablek5i33plj?$format=application%2Fjson%3Bodata%3Dfullmetadata",
      "RequestMethod": "POST",
      "RequestHeaders": {
        "Authorization": "Sanitized",
        "Content-Length": "1737",
        "Content-Type": "application/json; odata=nometadata",
        "DataServiceVersion": "3.0",
        "Request-Id": "|6575a57a-470f174ea762a230.",
        "User-Agent": [
          "azsdk-net-Data.Tables/1.0.0-dev.20200529.1",
          "(.NET Core 4.6.28801.04; Microsoft Windows 10.0.18363 )"
        ],
        "x-ms-client-request-id": "5a31ee4d69b49a62f3832f1a754b7b0c",
        "x-ms-date": "Fri, 29 May 2020 14:01:15 GMT",
        "x-ms-return-client-request-id": "true",
        "x-ms-version": "2019-02-02"
      },
      "RequestBody": {
        "DateTimeOffsetNull": null,
        "DateTimeOffsetN": "2020-01-01T01:03:00.0000000Z",
        "DateTimeOffsetN@odata.type": "Edm.DateTime",
        "DateTimeOffset": "2020-01-01T01:03:00.0000000Z",
        "DateTimeOffset@odata.type": "Edm.DateTime",
        "DateTimeNull": null,
        "DateTimeN": "2020-01-01T01:03:00.0000000Z",
        "DateTimeN@odata.type": "Edm.DateTime",
        "DateTime": "2020-01-01T01:03:00.0000000Z",
        "DateTime@odata.type": "Edm.DateTime",
        "DateTimeAsString": "2020-01-01T01:03:00.0000000Z",
        "BoolNull": null,
        "BoolN": false,
        "Bool": true,
        "BoolPrimitiveNull": null,
        "BoolPrimitiveN": false,
        "BoolPrimitive": true,
        "Binary": "AQIC",
        "Binary@odata.type": "Edm.Binary",
        "BinaryNull": null,
        "BinaryPrimitive": "AQIC",
        "BinaryPrimitive@odata.type": "Edm.Binary",
        "DoublePrimitiveNull": null,
        "DoublePrimitiveN": 2.02,
        "DoublePrimitiveN@odata.type": "Edm.Double",
        "DoublePrimitive": 2.02,
        "DoublePrimitive@odata.type": "Edm.Double",
        "DoubleNull": null,
        "DoubleN": 2.02,
        "DoubleN@odata.type": "Edm.Double",
        "Double": 2.02,
        "Double@odata.type": "Edm.Double",
        "DoubleInteger": 2,
        "DoubleInteger@odata.type": "Edm.Double",
        "GuidNull": null,
        "GuidN": "0d391d16-97f1-4b9a-be68-4cc871f90002",
        "GuidN@odata.type": "Edm.Guid",
        "Guid": "0d391d16-97f1-4b9a-be68-4cc871f90002",
        "Guid@odata.type": "Edm.Guid",
        "IntegerPrimitiveNull": null,
        "IntegerPrimitiveN": 2,
        "IntegerPrimitive": 2,
        "Int32Null": null,
        "Int32N": 2,
        "Int32": 2,
        "LongPrimitiveNull": null,
        "LongPrimitiveN": "2147483649",
        "LongPrimitiveN@odata.type": "Edm.Int64",
        "LongPrimitive": "2147483649",
        "LongPrimitive@odata.type": "Edm.Int64",
        "Int64Null": null,
        "Int64N": "123456789012",
        "Int64N@odata.type": "Edm.Int64",
        "Int64": "2147483649",
        "Int64@odata.type": "Edm.Int64",
        "String": "0002",
        "PartitionKey": "somPartition",
        "RowKey": "0002",
        "Timestamp": "0001-01-01T00:00:00.0000000Z",
        "Timestamp@odata.type": "Edm.DateTime",
        "ETag": null
      },
      "StatusCode": 201,
      "ResponseHeaders": {
        "Cache-Control": "no-cache",
        "Content-Type": "application/json; odata=fullmetadata; streaming=true; charset=utf-8",
        "Date": "Fri, 29 May 2020 14:01:14 GMT",
        "ETag": "W/\u0022datetime\u00272020-05-29T14%3A01%3A15.1257388Z\u0027\u0022",
        "Location": "https://chrissscratch.table.core.windows.net/testtablek5i33plj(PartitionKey=\u0027somPartition\u0027,RowKey=\u00270002\u0027)",
        "Server": [
          "Windows-Azure-Table/1.0",
          "Microsoft-HTTPAPI/2.0"
        ],
        "Transfer-Encoding": "chunked",
        "X-Content-Type-Options": "nosniff",
        "x-ms-client-request-id": "5a31ee4d69b49a62f3832f1a754b7b0c",
        "x-ms-request-id": "440745a6-6002-0012-1cc1-35f0f4000000",
        "x-ms-version": "2019-02-02"
      },
      "ResponseBody": "{\u0022odata.metadata\u0022:\u0022https://chrissscratch.table.core.windows.net/$metadata#testtablek5i33plj/@Element\u0022,\u0022odata.type\u0022:\u0022chrissscratch.testtablek5i33plj\u0022,\u0022odata.id\u0022:\u0022https://chrissscratch.table.core.windows.net/testtablek5i33plj(PartitionKey=\u0027somPartition\u0027,RowKey=\u00270002\u0027)\u0022,\u0022odata.etag\u0022:\u0022W/\\\u0022datetime\u00272020-05-29T14%3A01%3A15.1257388Z\u0027\\\u0022\u0022,\u0022odata.editLink\u0022:\u0022testtablek5i33plj(PartitionKey=\u0027somPartition\u0027,RowKey=\u00270002\u0027)\u0022,\u0022PartitionKey\u0022:\u0022somPartition\u0022,\u0022RowKey\u0022:\u00220002\u0022,\u0022Timestamp@odata.type\u0022:\u0022Edm.DateTime\u0022,\u0022Timestamp\u0022:\u00222020-05-29T14:01:15.1257388Z\u0022,\u0022DateTimeOffsetN@odata.type\u0022:\u0022Edm.DateTime\u0022,\u0022DateTimeOffsetN\u0022:\u00222020-01-01T01:03:00Z\u0022,\u0022DateTimeOffset@odata.type\u0022:\u0022Edm.DateTime\u0022,\u0022DateTimeOffset\u0022:\u00222020-01-01T01:03:00Z\u0022,\u0022DateTimeN@odata.type\u0022:\u0022Edm.DateTime\u0022,\u0022DateTimeN\u0022:\u00222020-01-01T01:03:00Z\u0022,\u0022DateTime@odata.type\u0022:\u0022Edm.DateTime\u0022,\u0022DateTime\u0022:\u00222020-01-01T01:03:00Z\u0022,\u0022DateTimeAsString\u0022:\u00222020-01-01T01:03:00.0000000Z\u0022,\u0022BoolN\u0022:false,\u0022Bool\u0022:true,\u0022BoolPrimitiveN\u0022:false,\u0022BoolPrimitive\u0022:true,\u0022Binary@odata.type\u0022:\u0022Edm.Binary\u0022,\u0022Binary\u0022:\u0022AQIC\u0022,\u0022BinaryPrimitive@odata.type\u0022:\u0022Edm.Binary\u0022,\u0022BinaryPrimitive\u0022:\u0022AQIC\u0022,\u0022DoublePrimitiveN\u0022:2.02,\u0022DoublePrimitive\u0022:2.02,\u0022DoubleN\u0022:2.02,\u0022Double\u0022:2.02,\u0022DoubleInteger\u0022:2.0,\u0022GuidN@odata.type\u0022:\u0022Edm.Guid\u0022,\u0022GuidN\u0022:\u00220d391d16-97f1-4b9a-be68-4cc871f90002\u0022,\u0022Guid@odata.type\u0022:\u0022Edm.Guid\u0022,\u0022Guid\u0022:\u00220d391d16-97f1-4b9a-be68-4cc871f90002\u0022,\u0022IntegerPrimitiveN\u0022:2,\u0022IntegerPrimitive\u0022:2,\u0022Int32N\u0022:2,\u0022Int32\u0022:2,\u0022LongPrimitiveN@odata.type\u0022:\u0022Edm.Int64\u0022,\u0022LongPrimitiveN\u0022:\u00222147483649\u0022,\u0022LongPrimitive@odata.type\u0022:\u0022Edm.Int64\u0022,\u0022LongPrimitive\u0022:\u00222147483649\u0022,\u0022Int64N@odata.type\u0022:\u0022Edm.Int64\u0022,\u0022Int64N\u0022:\u0022123456789012\u0022,\u0022Int64@odata.type\u0022:\u0022Edm.Int64\u0022,\u0022Int64\u0022:\u00222147483649\u0022,\u0022String\u0022:\u00220002\u0022}"
    },
    {
      "RequestUri": "https://chrissscratch.table.core.windows.net/testtablek5i33plj?$format=application%2Fjson%3Bodata%3Dfullmetadata",
      "RequestMethod": "POST",
      "RequestHeaders": {
        "Authorization": "Sanitized",
        "Content-Length": "1795",
        "Content-Type": "application/json; odata=nometadata",
        "DataServiceVersion": "3.0",
        "Request-Id": "|6575a57b-470f174ea762a230.",
        "User-Agent": [
          "azsdk-net-Data.Tables/1.0.0-dev.20200529.1",
          "(.NET Core 4.6.28801.04; Microsoft Windows 10.0.18363 )"
        ],
        "x-ms-client-request-id": "e76eaa594e3cfb3562977415f91b7af0",
        "x-ms-date": "Fri, 29 May 2020 14:01:15 GMT",
        "x-ms-return-client-request-id": "true",
        "x-ms-version": "2019-02-02"
      },
      "RequestBody": {
        "DateTimeOffsetNull": null,
        "DateTimeOffsetN": "2020-01-01T01:04:00.0000000Z",
        "DateTimeOffsetN@odata.type": "Edm.DateTime",
        "DateTimeOffset": "2020-01-01T01:04:00.0000000Z",
        "DateTimeOffset@odata.type": "Edm.DateTime",
        "DateTimeNull": null,
        "DateTimeN": "2020-01-01T01:04:00.0000000Z",
        "DateTimeN@odata.type": "Edm.DateTime",
        "DateTime": "2020-01-01T01:04:00.0000000Z",
        "DateTime@odata.type": "Edm.DateTime",
        "DateTimeAsString": "2020-01-01T01:04:00.0000000Z",
        "BoolNull": null,
        "BoolN": false,
        "Bool": false,
        "BoolPrimitiveNull": null,
        "BoolPrimitiveN": false,
        "BoolPrimitive": false,
        "Binary": "AQID",
        "Binary@odata.type": "Edm.Binary",
        "BinaryNull": null,
        "BinaryPrimitive": "AQID",
        "BinaryPrimitive@odata.type": "Edm.Binary",
        "DoublePrimitiveNull": null,
        "DoublePrimitiveN": 3.0299999999999998,
        "DoublePrimitiveN@odata.type": "Edm.Double",
        "DoublePrimitive": 3.0299999999999998,
        "DoublePrimitive@odata.type": "Edm.Double",
        "DoubleNull": null,
        "DoubleN": 3.0299999999999998,
        "DoubleN@odata.type": "Edm.Double",
        "Double": 3.0299999999999998,
        "Double@odata.type": "Edm.Double",
        "DoubleInteger": 3,
        "DoubleInteger@odata.type": "Edm.Double",
        "GuidNull": null,
        "GuidN": "0d391d16-97f1-4b9a-be68-4cc871f90003",
        "GuidN@odata.type": "Edm.Guid",
        "Guid": "0d391d16-97f1-4b9a-be68-4cc871f90003",
        "Guid@odata.type": "Edm.Guid",
        "IntegerPrimitiveNull": null,
        "IntegerPrimitiveN": 3,
        "IntegerPrimitive": 3,
        "Int32Null": null,
        "Int32N": 3,
        "Int32": 3,
        "LongPrimitiveNull": null,
        "LongPrimitiveN": "2147483650",
        "LongPrimitiveN@odata.type": "Edm.Int64",
        "LongPrimitive": "2147483650",
        "LongPrimitive@odata.type": "Edm.Int64",
        "Int64Null": null,
        "Int64N": "123456789012",
        "Int64N@odata.type": "Edm.Int64",
        "Int64": "2147483650",
        "Int64@odata.type": "Edm.Int64",
        "String": "0003",
        "PartitionKey": "somPartition",
        "RowKey": "0003",
        "Timestamp": "0001-01-01T00:00:00.0000000Z",
        "Timestamp@odata.type": "Edm.DateTime",
        "ETag": null
      },
      "StatusCode": 201,
      "ResponseHeaders": {
        "Cache-Control": "no-cache",
        "Content-Type": "application/json; odata=fullmetadata; streaming=true; charset=utf-8",
        "Date": "Fri, 29 May 2020 14:01:14 GMT",
        "ETag": "W/\u0022datetime\u00272020-05-29T14%3A01%3A15.2038035Z\u0027\u0022",
        "Location": "https://chrissscratch.table.core.windows.net/testtablek5i33plj(PartitionKey=\u0027somPartition\u0027,RowKey=\u00270003\u0027)",
        "Server": [
          "Windows-Azure-Table/1.0",
          "Microsoft-HTTPAPI/2.0"
        ],
        "Transfer-Encoding": "chunked",
        "X-Content-Type-Options": "nosniff",
        "x-ms-client-request-id": "e76eaa594e3cfb3562977415f91b7af0",
        "x-ms-request-id": "440745b0-6002-0012-26c1-35f0f4000000",
        "x-ms-version": "2019-02-02"
      },
      "ResponseBody": "{\u0022odata.metadata\u0022:\u0022https://chrissscratch.table.core.windows.net/$metadata#testtablek5i33plj/@Element\u0022,\u0022odata.type\u0022:\u0022chrissscratch.testtablek5i33plj\u0022,\u0022odata.id\u0022:\u0022https://chrissscratch.table.core.windows.net/testtablek5i33plj(PartitionKey=\u0027somPartition\u0027,RowKey=\u00270003\u0027)\u0022,\u0022odata.etag\u0022:\u0022W/\\\u0022datetime\u00272020-05-29T14%3A01%3A15.2038035Z\u0027\\\u0022\u0022,\u0022odata.editLink\u0022:\u0022testtablek5i33plj(PartitionKey=\u0027somPartition\u0027,RowKey=\u00270003\u0027)\u0022,\u0022PartitionKey\u0022:\u0022somPartition\u0022,\u0022RowKey\u0022:\u00220003\u0022,\u0022Timestamp@odata.type\u0022:\u0022Edm.DateTime\u0022,\u0022Timestamp\u0022:\u00222020-05-29T14:01:15.2038035Z\u0022,\u0022DateTimeOffsetN@odata.type\u0022:\u0022Edm.DateTime\u0022,\u0022DateTimeOffsetN\u0022:\u00222020-01-01T01:04:00Z\u0022,\u0022DateTimeOffset@odata.type\u0022:\u0022Edm.DateTime\u0022,\u0022DateTimeOffset\u0022:\u00222020-01-01T01:04:00Z\u0022,\u0022DateTimeN@odata.type\u0022:\u0022Edm.DateTime\u0022,\u0022DateTimeN\u0022:\u00222020-01-01T01:04:00Z\u0022,\u0022DateTime@odata.type\u0022:\u0022Edm.DateTime\u0022,\u0022DateTime\u0022:\u00222020-01-01T01:04:00Z\u0022,\u0022DateTimeAsString\u0022:\u00222020-01-01T01:04:00.0000000Z\u0022,\u0022BoolN\u0022:false,\u0022Bool\u0022:false,\u0022BoolPrimitiveN\u0022:false,\u0022BoolPrimitive\u0022:false,\u0022Binary@odata.type\u0022:\u0022Edm.Binary\u0022,\u0022Binary\u0022:\u0022AQID\u0022,\u0022BinaryPrimitive@odata.type\u0022:\u0022Edm.Binary\u0022,\u0022BinaryPrimitive\u0022:\u0022AQID\u0022,\u0022DoublePrimitiveN\u0022:3.03,\u0022DoublePrimitive\u0022:3.03,\u0022DoubleN\u0022:3.03,\u0022Double\u0022:3.03,\u0022DoubleInteger\u0022:3.0,\u0022GuidN@odata.type\u0022:\u0022Edm.Guid\u0022,\u0022GuidN\u0022:\u00220d391d16-97f1-4b9a-be68-4cc871f90003\u0022,\u0022Guid@odata.type\u0022:\u0022Edm.Guid\u0022,\u0022Guid\u0022:\u00220d391d16-97f1-4b9a-be68-4cc871f90003\u0022,\u0022IntegerPrimitiveN\u0022:3,\u0022IntegerPrimitive\u0022:3,\u0022Int32N\u0022:3,\u0022Int32\u0022:3,\u0022LongPrimitiveN@odata.type\u0022:\u0022Edm.Int64\u0022,\u0022LongPrimitiveN\u0022:\u00222147483650\u0022,\u0022LongPrimitive@odata.type\u0022:\u0022Edm.Int64\u0022,\u0022LongPrimitive\u0022:\u00222147483650\u0022,\u0022Int64N@odata.type\u0022:\u0022Edm.Int64\u0022,\u0022Int64N\u0022:\u0022123456789012\u0022,\u0022Int64@odata.type\u0022:\u0022Edm.Int64\u0022,\u0022Int64\u0022:\u00222147483650\u0022,\u0022String\u0022:\u00220003\u0022}"
    },
    {
      "RequestUri": "https://chrissscratch.table.core.windows.net/testtablek5i33plj?$format=application%2Fjson%3Bodata%3Dfullmetadata",
      "RequestMethod": "POST",
      "RequestHeaders": {
        "Authorization": "Sanitized",
        "Content-Length": "1737",
        "Content-Type": "application/json; odata=nometadata",
        "DataServiceVersion": "3.0",
        "Request-Id": "|6575a57c-470f174ea762a230.",
        "User-Agent": [
          "azsdk-net-Data.Tables/1.0.0-dev.20200529.1",
          "(.NET Core 4.6.28801.04; Microsoft Windows 10.0.18363 )"
        ],
        "x-ms-client-request-id": "66715114f8fa74cf7469d74cf9f1d723",
        "x-ms-date": "Fri, 29 May 2020 14:01:15 GMT",
        "x-ms-return-client-request-id": "true",
        "x-ms-version": "2019-02-02"
      },
      "RequestBody": {
        "DateTimeOffsetNull": null,
        "DateTimeOffsetN": "2020-01-01T01:05:00.0000000Z",
        "DateTimeOffsetN@odata.type": "Edm.DateTime",
        "DateTimeOffset": "2020-01-01T01:05:00.0000000Z",
        "DateTimeOffset@odata.type": "Edm.DateTime",
        "DateTimeNull": null,
        "DateTimeN": "2020-01-01T01:05:00.0000000Z",
        "DateTimeN@odata.type": "Edm.DateTime",
        "DateTime": "2020-01-01T01:05:00.0000000Z",
        "DateTime@odata.type": "Edm.DateTime",
        "DateTimeAsString": "2020-01-01T01:05:00.0000000Z",
        "BoolNull": null,
        "BoolN": false,
        "Bool": true,
        "BoolPrimitiveNull": null,
        "BoolPrimitiveN": false,
        "BoolPrimitive": true,
        "Binary": "AQIE",
        "Binary@odata.type": "Edm.Binary",
        "BinaryNull": null,
        "BinaryPrimitive": "AQIE",
        "BinaryPrimitive@odata.type": "Edm.Binary",
        "DoublePrimitiveNull": null,
        "DoublePrimitiveN": 4.04,
        "DoublePrimitiveN@odata.type": "Edm.Double",
        "DoublePrimitive": 4.04,
        "DoublePrimitive@odata.type": "Edm.Double",
        "DoubleNull": null,
        "DoubleN": 4.04,
        "DoubleN@odata.type": "Edm.Double",
        "Double": 4.04,
        "Double@odata.type": "Edm.Double",
        "DoubleInteger": 4,
        "DoubleInteger@odata.type": "Edm.Double",
        "GuidNull": null,
        "GuidN": "0d391d16-97f1-4b9a-be68-4cc871f90004",
        "GuidN@odata.type": "Edm.Guid",
        "Guid": "0d391d16-97f1-4b9a-be68-4cc871f90004",
        "Guid@odata.type": "Edm.Guid",
        "IntegerPrimitiveNull": null,
        "IntegerPrimitiveN": 4,
        "IntegerPrimitive": 4,
        "Int32Null": null,
        "Int32N": 4,
        "Int32": 4,
        "LongPrimitiveNull": null,
        "LongPrimitiveN": "2147483651",
        "LongPrimitiveN@odata.type": "Edm.Int64",
        "LongPrimitive": "2147483651",
        "LongPrimitive@odata.type": "Edm.Int64",
        "Int64Null": null,
        "Int64N": "123456789012",
        "Int64N@odata.type": "Edm.Int64",
        "Int64": "2147483651",
        "Int64@odata.type": "Edm.Int64",
        "String": "0004",
        "PartitionKey": "somPartition",
        "RowKey": "0004",
        "Timestamp": "0001-01-01T00:00:00.0000000Z",
        "Timestamp@odata.type": "Edm.DateTime",
        "ETag": null
      },
      "StatusCode": 201,
      "ResponseHeaders": {
        "Cache-Control": "no-cache",
        "Content-Type": "application/json; odata=fullmetadata; streaming=true; charset=utf-8",
        "Date": "Fri, 29 May 2020 14:01:14 GMT",
        "ETag": "W/\u0022datetime\u00272020-05-29T14%3A01%3A15.2548459Z\u0027\u0022",
        "Location": "https://chrissscratch.table.core.windows.net/testtablek5i33plj(PartitionKey=\u0027somPartition\u0027,RowKey=\u00270004\u0027)",
        "Server": [
          "Windows-Azure-Table/1.0",
          "Microsoft-HTTPAPI/2.0"
        ],
        "Transfer-Encoding": "chunked",
        "X-Content-Type-Options": "nosniff",
        "x-ms-client-request-id": "66715114f8fa74cf7469d74cf9f1d723",
        "x-ms-request-id": "440745d8-6002-0012-46c1-35f0f4000000",
        "x-ms-version": "2019-02-02"
      },
      "ResponseBody": "{\u0022odata.metadata\u0022:\u0022https://chrissscratch.table.core.windows.net/$metadata#testtablek5i33plj/@Element\u0022,\u0022odata.type\u0022:\u0022chrissscratch.testtablek5i33plj\u0022,\u0022odata.id\u0022:\u0022https://chrissscratch.table.core.windows.net/testtablek5i33plj(PartitionKey=\u0027somPartition\u0027,RowKey=\u00270004\u0027)\u0022,\u0022odata.etag\u0022:\u0022W/\\\u0022datetime\u00272020-05-29T14%3A01%3A15.2548459Z\u0027\\\u0022\u0022,\u0022odata.editLink\u0022:\u0022testtablek5i33plj(PartitionKey=\u0027somPartition\u0027,RowKey=\u00270004\u0027)\u0022,\u0022PartitionKey\u0022:\u0022somPartition\u0022,\u0022RowKey\u0022:\u00220004\u0022,\u0022Timestamp@odata.type\u0022:\u0022Edm.DateTime\u0022,\u0022Timestamp\u0022:\u00222020-05-29T14:01:15.2548459Z\u0022,\u0022DateTimeOffsetN@odata.type\u0022:\u0022Edm.DateTime\u0022,\u0022DateTimeOffsetN\u0022:\u00222020-01-01T01:05:00Z\u0022,\u0022DateTimeOffset@odata.type\u0022:\u0022Edm.DateTime\u0022,\u0022DateTimeOffset\u0022:\u00222020-01-01T01:05:00Z\u0022,\u0022DateTimeN@odata.type\u0022:\u0022Edm.DateTime\u0022,\u0022DateTimeN\u0022:\u00222020-01-01T01:05:00Z\u0022,\u0022DateTime@odata.type\u0022:\u0022Edm.DateTime\u0022,\u0022DateTime\u0022:\u00222020-01-01T01:05:00Z\u0022,\u0022DateTimeAsString\u0022:\u00222020-01-01T01:05:00.0000000Z\u0022,\u0022BoolN\u0022:false,\u0022Bool\u0022:true,\u0022BoolPrimitiveN\u0022:false,\u0022BoolPrimitive\u0022:true,\u0022Binary@odata.type\u0022:\u0022Edm.Binary\u0022,\u0022Binary\u0022:\u0022AQIE\u0022,\u0022BinaryPrimitive@odata.type\u0022:\u0022Edm.Binary\u0022,\u0022BinaryPrimitive\u0022:\u0022AQIE\u0022,\u0022DoublePrimitiveN\u0022:4.04,\u0022DoublePrimitive\u0022:4.04,\u0022DoubleN\u0022:4.04,\u0022Double\u0022:4.04,\u0022DoubleInteger\u0022:4.0,\u0022GuidN@odata.type\u0022:\u0022Edm.Guid\u0022,\u0022GuidN\u0022:\u00220d391d16-97f1-4b9a-be68-4cc871f90004\u0022,\u0022Guid@odata.type\u0022:\u0022Edm.Guid\u0022,\u0022Guid\u0022:\u00220d391d16-97f1-4b9a-be68-4cc871f90004\u0022,\u0022IntegerPrimitiveN\u0022:4,\u0022IntegerPrimitive\u0022:4,\u0022Int32N\u0022:4,\u0022Int32\u0022:4,\u0022LongPrimitiveN@odata.type\u0022:\u0022Edm.Int64\u0022,\u0022LongPrimitiveN\u0022:\u00222147483651\u0022,\u0022LongPrimitive@odata.type\u0022:\u0022Edm.Int64\u0022,\u0022LongPrimitive\u0022:\u00222147483651\u0022,\u0022Int64N@odata.type\u0022:\u0022Edm.Int64\u0022,\u0022Int64N\u0022:\u0022123456789012\u0022,\u0022Int64@odata.type\u0022:\u0022Edm.Int64\u0022,\u0022Int64\u0022:\u00222147483651\u0022,\u0022String\u0022:\u00220004\u0022}"
    },
    {
      "RequestUri": "https://chrissscratch.table.core.windows.net/testtablek5i33plj()?$format=application%2Fjson%3Bodata%3Dfullmetadata\u0026$filter=%28%28%28RowKey%20eq%20%270004%27%29%20and%20%28Int32%20eq%204%29%29%20or%20%28%28Int32%20eq%202%29%20and%20%28%28String%20eq%20%27wrong%20string%27%29%20or%20%28Bool%20eq%20true%29%29%29%29%20or%20%28LongPrimitiveN%20eq%202147483697L%29",
      "RequestMethod": "GET",
      "RequestHeaders": {
        "Authorization": "Sanitized",
        "DataServiceVersion": "3.0",
        "User-Agent": [
          "azsdk-net-Data.Tables/1.0.0-dev.20200529.1",
          "(.NET Core 4.6.28801.04; Microsoft Windows 10.0.18363 )"
        ],
        "x-ms-client-request-id": "a88c3c39a37eff7cb835f81cf54da0d7",
        "x-ms-date": "Fri, 29 May 2020 14:01:15 GMT",
        "x-ms-return-client-request-id": "true",
        "x-ms-version": "2019-02-02"
      },
      "RequestBody": null,
      "StatusCode": 200,
      "ResponseHeaders": {
        "Cache-Control": "no-cache",
        "Content-Type": "application/json; odata=fullmetadata; streaming=true; charset=utf-8",
        "Date": "Fri, 29 May 2020 14:01:14 GMT",
        "Server": [
          "Windows-Azure-Table/1.0",
          "Microsoft-HTTPAPI/2.0"
        ],
        "Transfer-Encoding": "chunked",
        "X-Content-Type-Options": "nosniff",
        "x-ms-client-request-id": "a88c3c39a37eff7cb835f81cf54da0d7",
        "x-ms-request-id": "440745ed-6002-0012-5bc1-35f0f4000000",
        "x-ms-version": "2019-02-02"
      },
      "ResponseBody": "{\u0022odata.metadata\u0022:\u0022https://chrissscratch.table.core.windows.net/$metadata#testtablek5i33plj\u0022,\u0022value\u0022:[{\u0022odata.type\u0022:\u0022chrissscratch.testtablek5i33plj\u0022,\u0022odata.id\u0022:\u0022https://chrissscratch.table.core.windows.net/testtablek5i33plj(PartitionKey=\u0027somPartition\u0027,RowKey=\u00270002\u0027)\u0022,\u0022odata.etag\u0022:\u0022W/\\\u0022datetime\u00272020-05-29T14%3A01%3A15.1257388Z\u0027\\\u0022\u0022,\u0022odata.editLink\u0022:\u0022testtablek5i33plj(PartitionKey=\u0027somPartition\u0027,RowKey=\u00270002\u0027)\u0022,\u0022PartitionKey\u0022:\u0022somPartition\u0022,\u0022RowKey\u0022:\u00220002\u0022,\u0022Timestamp@odata.type\u0022:\u0022Edm.DateTime\u0022,\u0022Timestamp\u0022:\u00222020-05-29T14:01:15.1257388Z\u0022,\u0022DateTimeOffsetN@odata.type\u0022:\u0022Edm.DateTime\u0022,\u0022DateTimeOffsetN\u0022:\u00222020-01-01T01:03:00Z\u0022,\u0022DateTimeOffset@odata.type\u0022:\u0022Edm.DateTime\u0022,\u0022DateTimeOffset\u0022:\u00222020-01-01T01:03:00Z\u0022,\u0022DateTimeN@odata.type\u0022:\u0022Edm.DateTime\u0022,\u0022DateTimeN\u0022:\u00222020-01-01T01:03:00Z\u0022,\u0022DateTime@odata.type\u0022:\u0022Edm.DateTime\u0022,\u0022DateTime\u0022:\u00222020-01-01T01:03:00Z\u0022,\u0022DateTimeAsString\u0022:\u00222020-01-01T01:03:00.0000000Z\u0022,\u0022BoolN\u0022:false,\u0022Bool\u0022:true,\u0022BoolPrimitiveN\u0022:false,\u0022BoolPrimitive\u0022:true,\u0022Binary@odata.type\u0022:\u0022Edm.Binary\u0022,\u0022Binary\u0022:\u0022AQIC\u0022,\u0022BinaryPrimitive@odata.type\u0022:\u0022Edm.Binary\u0022,\u0022BinaryPrimitive\u0022:\u0022AQIC\u0022,\u0022DoublePrimitiveN\u0022:2.02,\u0022DoublePrimitive\u0022:2.02,\u0022DoubleN\u0022:2.02,\u0022Double\u0022:2.02,\u0022DoubleInteger\u0022:2.0,\u0022GuidN@odata.type\u0022:\u0022Edm.Guid\u0022,\u0022GuidN\u0022:\u00220d391d16-97f1-4b9a-be68-4cc871f90002\u0022,\u0022Guid@odata.type\u0022:\u0022Edm.Guid\u0022,\u0022Guid\u0022:\u00220d391d16-97f1-4b9a-be68-4cc871f90002\u0022,\u0022IntegerPrimitiveN\u0022:2,\u0022IntegerPrimitive\u0022:2,\u0022Int32N\u0022:2,\u0022Int32\u0022:2,\u0022LongPrimitiveN@odata.type\u0022:\u0022Edm.Int64\u0022,\u0022LongPrimitiveN\u0022:\u00222147483649\u0022,\u0022LongPrimitive@odata.type\u0022:\u0022Edm.Int64\u0022,\u0022LongPrimitive\u0022:\u00222147483649\u0022,\u0022Int64N@odata.type\u0022:\u0022Edm.Int64\u0022,\u0022Int64N\u0022:\u0022123456789012\u0022,\u0022Int64@odata.type\u0022:\u0022Edm.Int64\u0022,\u0022Int64\u0022:\u00222147483649\u0022,\u0022String\u0022:\u00220002\u0022},{\u0022odata.type\u0022:\u0022chrissscratch.testtablek5i33plj\u0022,\u0022odata.id\u0022:\u0022https://chrissscratch.table.core.windows.net/testtablek5i33plj(PartitionKey=\u0027somPartition\u0027,RowKey=\u00270004\u0027)\u0022,\u0022odata.etag\u0022:\u0022W/\\\u0022datetime\u00272020-05-29T14%3A01%3A15.2548459Z\u0027\\\u0022\u0022,\u0022odata.editLink\u0022:\u0022testtablek5i33plj(PartitionKey=\u0027somPartition\u0027,RowKey=\u00270004\u0027)\u0022,\u0022PartitionKey\u0022:\u0022somPartition\u0022,\u0022RowKey\u0022:\u00220004\u0022,\u0022Timestamp@odata.type\u0022:\u0022Edm.DateTime\u0022,\u0022Timestamp\u0022:\u00222020-05-29T14:01:15.2548459Z\u0022,\u0022DateTimeOffsetN@odata.type\u0022:\u0022Edm.DateTime\u0022,\u0022DateTimeOffsetN\u0022:\u00222020-01-01T01:05:00Z\u0022,\u0022DateTimeOffset@odata.type\u0022:\u0022Edm.DateTime\u0022,\u0022DateTimeOffset\u0022:\u00222020-01-01T01:05:00Z\u0022,\u0022DateTimeN@odata.type\u0022:\u0022Edm.DateTime\u0022,\u0022DateTimeN\u0022:\u00222020-01-01T01:05:00Z\u0022,\u0022DateTime@odata.type\u0022:\u0022Edm.DateTime\u0022,\u0022DateTime\u0022:\u00222020-01-01T01:05:00Z\u0022,\u0022DateTimeAsString\u0022:\u00222020-01-01T01:05:00.0000000Z\u0022,\u0022BoolN\u0022:false,\u0022Bool\u0022:true,\u0022BoolPrimitiveN\u0022:false,\u0022BoolPrimitive\u0022:true,\u0022Binary@odata.type\u0022:\u0022Edm.Binary\u0022,\u0022Binary\u0022:\u0022AQIE\u0022,\u0022BinaryPrimitive@odata.type\u0022:\u0022Edm.Binary\u0022,\u0022BinaryPrimitive\u0022:\u0022AQIE\u0022,\u0022DoublePrimitiveN\u0022:4.04,\u0022DoublePrimitive\u0022:4.04,\u0022DoubleN\u0022:4.04,\u0022Double\u0022:4.04,\u0022DoubleInteger\u0022:4.0,\u0022GuidN@odata.type\u0022:\u0022Edm.Guid\u0022,\u0022GuidN\u0022:\u00220d391d16-97f1-4b9a-be68-4cc871f90004\u0022,\u0022Guid@odata.type\u0022:\u0022Edm.Guid\u0022,\u0022Guid\u0022:\u00220d391d16-97f1-4b9a-be68-4cc871f90004\u0022,\u0022IntegerPrimitiveN\u0022:4,\u0022IntegerPrimitive\u0022:4,\u0022Int32N\u0022:4,\u0022Int32\u0022:4,\u0022LongPrimitiveN@odata.type\u0022:\u0022Edm.Int64\u0022,\u0022LongPrimitiveN\u0022:\u00222147483651\u0022,\u0022LongPrimitive@odata.type\u0022:\u0022Edm.Int64\u0022,\u0022LongPrimitive\u0022:\u00222147483651\u0022,\u0022Int64N@odata.type\u0022:\u0022Edm.Int64\u0022,\u0022Int64N\u0022:\u0022123456789012\u0022,\u0022Int64@odata.type\u0022:\u0022Edm.Int64\u0022,\u0022Int64\u0022:\u00222147483651\u0022,\u0022String\u0022:\u00220004\u0022}]}"
    },
    {
      "RequestUri": "https://chrissscratch.table.core.windows.net/Tables(\u0027testtablek5i33plj\u0027)",
      "RequestMethod": "DELETE",
      "RequestHeaders": {
        "Accept": "application/json",
        "Authorization": "Sanitized",
        "Request-Id": "|6575a57d-470f174ea762a230.",
        "User-Agent": [
          "azsdk-net-Data.Tables/1.0.0-dev.20200529.1",
          "(.NET Core 4.6.28801.04; Microsoft Windows 10.0.18363 )"
        ],
        "x-ms-client-request-id": "24053e0814d96111daf972d376e90170",
        "x-ms-date": "Fri, 29 May 2020 14:01:15 GMT",
        "x-ms-return-client-request-id": "true",
        "x-ms-version": "2019-02-02"
      },
      "RequestBody": null,
      "StatusCode": 204,
      "ResponseHeaders": {
        "Cache-Control": "no-cache",
        "Content-Length": "0",
        "Date": "Fri, 29 May 2020 14:01:14 GMT",
        "Server": [
          "Windows-Azure-Table/1.0",
          "Microsoft-HTTPAPI/2.0"
        ],
        "X-Content-Type-Options": "nosniff",
        "x-ms-client-request-id": "24053e0814d96111daf972d376e90170",
        "x-ms-request-id": "4407460d-6002-0012-79c1-35f0f4000000",
        "x-ms-version": "2019-02-02"
      },
      "ResponseBody": []
    }
  ],
  "Variables": {
    "RandomSeed": "821769181",
    "TABLES_PRIMARY_STORAGE_ACCOUNT_KEY": "",
    "TABLES_STORAGE_ACCOUNT_NAME": "chrissscratch"
  }
}