{
  "Entries": [
    {
      "RequestUri": "https://chrissscratch.table.core.windows.net/Tables?$format=application%2Fjson%3Bodata%3Dfullmetadata",
      "RequestMethod": "POST",
      "RequestHeaders": {
        "Authorization": "Sanitized",
        "Content-Length": "33",
        "Content-Type": "application/json; odata=nometadata",
        "DataServiceVersion": "3.0",
        "Request-Id": "|6575a57e-470f174ea762a230.",
        "User-Agent": [
          "azsdk-net-Data.Tables/1.0.0-dev.20200529.1",
          "(.NET Core 4.6.28801.04; Microsoft Windows 10.0.18363 )"
        ],
        "x-ms-client-request-id": "9a567d6a9f4bab5801ed21ae9a25334c",
        "x-ms-date": "Fri, 29 May 2020 14:01:15 GMT",
        "x-ms-return-client-request-id": "true",
        "x-ms-version": "2019-02-02"
      },
      "RequestBody": {
        "TableName": "testtablebxktyn54"
      },
      "StatusCode": 201,
      "ResponseHeaders": {
        "Cache-Control": "no-cache",
        "Content-Type": "application/json; odata=fullmetadata; streaming=true; charset=utf-8",
        "Date": "Fri, 29 May 2020 14:01:15 GMT",
        "Location": "https://chrissscratch.table.core.windows.net/Tables(\u0027testtablebxktyn54\u0027)",
        "Server": [
          "Windows-Azure-Table/1.0",
          "Microsoft-HTTPAPI/2.0"
        ],
        "Transfer-Encoding": "chunked",
        "X-Content-Type-Options": "nosniff",
        "x-ms-client-request-id": "9a567d6a9f4bab5801ed21ae9a25334c",
        "x-ms-request-id": "44074621-6002-0012-0cc1-35f0f4000000",
        "x-ms-version": "2019-02-02"
      },
      "ResponseBody": "{\u0022odata.metadata\u0022:\u0022https://chrissscratch.table.core.windows.net/$metadata#Tables/@Element\u0022,\u0022odata.type\u0022:\u0022chrissscratch.Tables\u0022,\u0022odata.id\u0022:\u0022https://chrissscratch.table.core.windows.net/Tables(\u0027testtablebxktyn54\u0027)\u0022,\u0022odata.editLink\u0022:\u0022Tables(\u0027testtablebxktyn54\u0027)\u0022,\u0022TableName\u0022:\u0022testtablebxktyn54\u0022}"
    },
    {
      "RequestUri": "https://chrissscratch.table.core.windows.net/testtablebxktyn54?$format=application%2Fjson%3Bodata%3Dfullmetadata",
      "RequestMethod": "POST",
      "RequestHeaders": {
        "Authorization": "Sanitized",
        "Content-Length": "614",
        "Content-Type": "application/json; odata=nometadata",
        "DataServiceVersion": "3.0",
        "Request-Id": "|6575a57f-470f174ea762a230.",
        "User-Agent": [
          "azsdk-net-Data.Tables/1.0.0-dev.20200529.1",
          "(.NET Core 4.6.28801.04; Microsoft Windows 10.0.18363 )"
        ],
        "x-ms-client-request-id": "c51582d6c76652bbc4bde476ae9b3ae9",
        "x-ms-date": "Fri, 29 May 2020 14:01:15 GMT",
        "x-ms-return-client-request-id": "true",
        "x-ms-version": "2019-02-02"
      },
      "RequestBody": {
        "PartitionKey": "somPartition",
        "RowKey": "01",
        "SomeStringProperty": "This is table entity number 01",
        "SomeDateProperty": "2020-01-01T01:02:00.0000000Z",
        "SomeDateProperty@odata.type": "Edm.DateTime",
        "SomeGuidProperty": "0d391d16-97f1-4b9a-be68-4cc871f90001",
        "SomeGuidProperty@odata.type": "Edm.Guid",
        "SomeBinaryProperty": "AQIDBAU=",
        "SomeBinaryProperty@odata.type": "Edm.Binary",
        "SomeInt64Property": "1",
        "SomeInt64Property@odata.type": "Edm.Int64",
        "SomeDoubleProperty0": 1,
        "SomeDoubleProperty0@odata.type": "Edm.Double",
        "SomeDoubleProperty1": 1.1000000000000001,
        "SomeDoubleProperty1@odata.type": "Edm.Double",
        "SomeIntProperty": 1
      },
      "StatusCode": 201,
      "ResponseHeaders": {
        "Cache-Control": "no-cache",
        "Content-Type": "application/json; odata=fullmetadata; streaming=true; charset=utf-8",
        "Date": "Fri, 29 May 2020 14:01:15 GMT",
        "ETag": "W/\u0022datetime\u00272020-05-29T14%3A01%3A15.7372457Z\u0027\u0022",
        "Location": "https://chrissscratch.table.core.windows.net/testtablebxktyn54(PartitionKey=\u0027somPartition\u0027,RowKey=\u002701\u0027)",
        "Server": [
          "Windows-Azure-Table/1.0",
          "Microsoft-HTTPAPI/2.0"
        ],
        "Transfer-Encoding": "chunked",
        "X-Content-Type-Options": "nosniff",
        "x-ms-client-request-id": "c51582d6c76652bbc4bde476ae9b3ae9",
        "x-ms-request-id": "44074634-6002-0012-1ec1-35f0f4000000",
        "x-ms-version": "2019-02-02"
      },
      "ResponseBody": "{\u0022odata.metadata\u0022:\u0022https://chrissscratch.table.core.windows.net/$metadata#testtablebxktyn54/@Element\u0022,\u0022odata.type\u0022:\u0022chrissscratch.testtablebxktyn54\u0022,\u0022odata.id\u0022:\u0022https://chrissscratch.table.core.windows.net/testtablebxktyn54(PartitionKey=\u0027somPartition\u0027,RowKey=\u002701\u0027)\u0022,\u0022odata.etag\u0022:\u0022W/\\\u0022datetime\u00272020-05-29T14%3A01%3A15.7372457Z\u0027\\\u0022\u0022,\u0022odata.editLink\u0022:\u0022testtablebxktyn54(PartitionKey=\u0027somPartition\u0027,RowKey=\u002701\u0027)\u0022,\u0022PartitionKey\u0022:\u0022somPartition\u0022,\u0022RowKey\u0022:\u002201\u0022,\u0022Timestamp@odata.type\u0022:\u0022Edm.DateTime\u0022,\u0022Timestamp\u0022:\u00222020-05-29T14:01:15.7372457Z\u0022,\u0022SomeStringProperty\u0022:\u0022This is table entity number 01\u0022,\u0022SomeDateProperty@odata.type\u0022:\u0022Edm.DateTime\u0022,\u0022SomeDateProperty\u0022:\u00222020-01-01T01:02:00Z\u0022,\u0022SomeGuidProperty@odata.type\u0022:\u0022Edm.Guid\u0022,\u0022SomeGuidProperty\u0022:\u00220d391d16-97f1-4b9a-be68-4cc871f90001\u0022,\u0022SomeBinaryProperty@odata.type\u0022:\u0022Edm.Binary\u0022,\u0022SomeBinaryProperty\u0022:\u0022AQIDBAU=\u0022,\u0022SomeInt64Property@odata.type\u0022:\u0022Edm.Int64\u0022,\u0022SomeInt64Property\u0022:\u00221\u0022,\u0022SomeDoubleProperty0\u0022:1.0,\u0022SomeDoubleProperty1\u0022:1.1,\u0022SomeIntProperty\u0022:1}"
    },
    {
      "RequestUri": "https://chrissscratch.table.core.windows.net/testtablebxktyn54?$format=application%2Fjson%3Bodata%3Dfullmetadata",
      "RequestMethod": "POST",
      "RequestHeaders": {
        "Authorization": "Sanitized",
        "Content-Length": "615",
        "Content-Type": "application/json; odata=nometadata",
        "DataServiceVersion": "3.0",
        "Request-Id": "|6575a580-470f174ea762a230.",
        "User-Agent": [
          "azsdk-net-Data.Tables/1.0.0-dev.20200529.1",
          "(.NET Core 4.6.28801.04; Microsoft Windows 10.0.18363 )"
        ],
        "x-ms-client-request-id": "e169caf559a052edf19072f189b62384",
        "x-ms-date": "Fri, 29 May 2020 14:01:15 GMT",
        "x-ms-return-client-request-id": "true",
        "x-ms-version": "2019-02-02"
      },
      "RequestBody": {
        "PartitionKey": "somPartition2",
        "RowKey": "01",
        "SomeStringProperty": "This is table entity number 01",
        "SomeDateProperty": "2020-01-01T01:02:00.0000000Z",
        "SomeDateProperty@odata.type": "Edm.DateTime",
        "SomeGuidProperty": "0d391d16-97f1-4b9a-be68-4cc871f90001",
        "SomeGuidProperty@odata.type": "Edm.Guid",
        "SomeBinaryProperty": "AQIDBAU=",
        "SomeBinaryProperty@odata.type": "Edm.Binary",
        "SomeInt64Property": "1",
        "SomeInt64Property@odata.type": "Edm.Int64",
        "SomeDoubleProperty0": 1,
        "SomeDoubleProperty0@odata.type": "Edm.Double",
        "SomeDoubleProperty1": 1.1000000000000001,
        "SomeDoubleProperty1@odata.type": "Edm.Double",
        "SomeIntProperty": 1
      },
      "StatusCode": 201,
      "ResponseHeaders": {
        "Cache-Control": "no-cache",
        "Content-Type": "application/json; odata=fullmetadata; streaming=true; charset=utf-8",
        "Date": "Fri, 29 May 2020 14:01:15 GMT",
        "ETag": "W/\u0022datetime\u00272020-05-29T14%3A01%3A15.7922922Z\u0027\u0022",
        "Location": "https://chrissscratch.table.core.windows.net/testtablebxktyn54(PartitionKey=\u0027somPartition2\u0027,RowKey=\u002701\u0027)",
        "Server": [
          "Windows-Azure-Table/1.0",
          "Microsoft-HTTPAPI/2.0"
        ],
        "Transfer-Encoding": "chunked",
        "X-Content-Type-Options": "nosniff",
        "x-ms-client-request-id": "e169caf559a052edf19072f189b62384",
        "x-ms-request-id": "44074643-6002-0012-2dc1-35f0f4000000",
        "x-ms-version": "2019-02-02"
      },
      "ResponseBody": "{\u0022odata.metadata\u0022:\u0022https://chrissscratch.table.core.windows.net/$metadata#testtablebxktyn54/@Element\u0022,\u0022odata.type\u0022:\u0022chrissscratch.testtablebxktyn54\u0022,\u0022odata.id\u0022:\u0022https://chrissscratch.table.core.windows.net/testtablebxktyn54(PartitionKey=\u0027somPartition2\u0027,RowKey=\u002701\u0027)\u0022,\u0022odata.etag\u0022:\u0022W/\\\u0022datetime\u00272020-05-29T14%3A01%3A15.7922922Z\u0027\\\u0022\u0022,\u0022odata.editLink\u0022:\u0022testtablebxktyn54(PartitionKey=\u0027somPartition2\u0027,RowKey=\u002701\u0027)\u0022,\u0022PartitionKey\u0022:\u0022somPartition2\u0022,\u0022RowKey\u0022:\u002201\u0022,\u0022Timestamp@odata.type\u0022:\u0022Edm.DateTime\u0022,\u0022Timestamp\u0022:\u00222020-05-29T14:01:15.7922922Z\u0022,\u0022SomeStringProperty\u0022:\u0022This is table entity number 01\u0022,\u0022SomeDateProperty@odata.type\u0022:\u0022Edm.DateTime\u0022,\u0022SomeDateProperty\u0022:\u00222020-01-01T01:02:00Z\u0022,\u0022SomeGuidProperty@odata.type\u0022:\u0022Edm.Guid\u0022,\u0022SomeGuidProperty\u0022:\u00220d391d16-97f1-4b9a-be68-4cc871f90001\u0022,\u0022SomeBinaryProperty@odata.type\u0022:\u0022Edm.Binary\u0022,\u0022SomeBinaryProperty\u0022:\u0022AQIDBAU=\u0022,\u0022SomeInt64Property@odata.type\u0022:\u0022Edm.Int64\u0022,\u0022SomeInt64Property\u0022:\u00221\u0022,\u0022SomeDoubleProperty0\u0022:1.0,\u0022SomeDoubleProperty1\u0022:1.1,\u0022SomeIntProperty\u0022:1}"
    },
    {
      "RequestUri": "https://chrissscratch.table.core.windows.net/testtablebxktyn54()?$format=application%2Fjson%3Bodata%3Dfullmetadata\u0026$filter=PartitionKey%20eq%20%27somPartition%27",
      "RequestMethod": "GET",
      "RequestHeaders": {
        "Authorization": "Sanitized",
        "DataServiceVersion": "3.0",
        "User-Agent": [
          "azsdk-net-Data.Tables/1.0.0-dev.20200529.1",
          "(.NET Core 4.6.28801.04; Microsoft Windows 10.0.18363 )"
        ],
        "x-ms-client-request-id": "3854ff2e1998a3e2c204d58ebae1fc65",
        "x-ms-date": "Fri, 29 May 2020 14:01:15 GMT",
        "x-ms-return-client-request-id": "true",
        "x-ms-version": "2019-02-02"
      },
      "RequestBody": null,
      "StatusCode": 200,
      "ResponseHeaders": {
        "Cache-Control": "no-cache",
        "Content-Type": "application/json; odata=fullmetadata; streaming=true; charset=utf-8",
        "Date": "Fri, 29 May 2020 14:01:15 GMT",
        "Server": [
          "Windows-Azure-Table/1.0",
          "Microsoft-HTTPAPI/2.0"
        ],
        "Transfer-Encoding": "chunked",
        "X-Content-Type-Options": "nosniff",
        "x-ms-client-request-id": "3854ff2e1998a3e2c204d58ebae1fc65",
        "x-ms-request-id": "4407464c-6002-0012-36c1-35f0f4000000",
        "x-ms-version": "2019-02-02"
      },
      "ResponseBody": "{\u0022odata.metadata\u0022:\u0022https://chrissscratch.table.core.windows.net/$metadata#testtablebxktyn54\u0022,\u0022value\u0022:[{\u0022odata.type\u0022:\u0022chrissscratch.testtablebxktyn54\u0022,\u0022odata.id\u0022:\u0022https://chrissscratch.table.core.windows.net/testtablebxktyn54(PartitionKey=\u0027somPartition\u0027,RowKey=\u002701\u0027)\u0022,\u0022odata.etag\u0022:\u0022W/\\\u0022datetime\u00272020-05-29T14%3A01%3A15.7372457Z\u0027\\\u0022\u0022,\u0022odata.editLink\u0022:\u0022testtablebxktyn54(PartitionKey=\u0027somPartition\u0027,RowKey=\u002701\u0027)\u0022,\u0022PartitionKey\u0022:\u0022somPartition\u0022,\u0022RowKey\u0022:\u002201\u0022,\u0022Timestamp@odata.type\u0022:\u0022Edm.DateTime\u0022,\u0022Timestamp\u0022:\u00222020-05-29T14:01:15.7372457Z\u0022,\u0022SomeStringProperty\u0022:\u0022This is table entity number 01\u0022,\u0022SomeDateProperty@odata.type\u0022:\u0022Edm.DateTime\u0022,\u0022SomeDateProperty\u0022:\u00222020-01-01T01:02:00Z\u0022,\u0022SomeGuidProperty@odata.type\u0022:\u0022Edm.Guid\u0022,\u0022SomeGuidProperty\u0022:\u00220d391d16-97f1-4b9a-be68-4cc871f90001\u0022,\u0022SomeBinaryProperty@odata.type\u0022:\u0022Edm.Binary\u0022,\u0022SomeBinaryProperty\u0022:\u0022AQIDBAU=\u0022,\u0022SomeInt64Property@odata.type\u0022:\u0022Edm.Int64\u0022,\u0022SomeInt64Property\u0022:\u00221\u0022,\u0022SomeDoubleProperty0\u0022:1.0,\u0022SomeDoubleProperty1\u0022:1.1,\u0022SomeIntProperty\u0022:1}]}"
    },
    {
      "RequestUri": "https://chrissscratch.table.core.windows.net/Tables(\u0027testtablebxktyn54\u0027)",
      "RequestMethod": "DELETE",
      "RequestHeaders": {
        "Accept": "application/json",
        "Authorization": "Sanitized",
        "Request-Id": "|6575a581-470f174ea762a230.",
        "User-Agent": [
          "azsdk-net-Data.Tables/1.0.0-dev.20200529.1",
          "(.NET Core 4.6.28801.04; Microsoft Windows 10.0.18363 )"
        ],
        "x-ms-client-request-id": "cfb838b351bb7cab95c3d4d555c9c90e",
        "x-ms-date": "Fri, 29 May 2020 14:01:15 GMT",
        "x-ms-return-client-request-id": "true",
        "x-ms-version": "2019-02-02"
      },
      "RequestBody": null,
      "StatusCode": 204,
      "ResponseHeaders": {
        "Cache-Control": "no-cache",
        "Content-Length": "0",
        "Date": "Fri, 29 May 2020 14:01:15 GMT",
        "Server": [
          "Windows-Azure-Table/1.0",
          "Microsoft-HTTPAPI/2.0"
        ],
        "X-Content-Type-Options": "nosniff",
        "x-ms-client-request-id": "cfb838b351bb7cab95c3d4d555c9c90e",
        "x-ms-request-id": "44074650-6002-0012-3ac1-35f0f4000000",
        "x-ms-version": "2019-02-02"
      },
      "ResponseBody": []
    }
  ],
  "Variables": {
    "RandomSeed": "965056816",
    "TABLES_PRIMARY_STORAGE_ACCOUNT_KEY": "",
    "TABLES_STORAGE_ACCOUNT_NAME": "chrissscratch"
  }
}