{
  "Entries": [
    {
      "RequestUri": "https://chrissscratch.table.core.windows.net/Tables?$format=application%2Fjson%3Bodata%3Dfullmetadata",
      "RequestMethod": "POST",
      "RequestHeaders": {
        "Authorization": "Sanitized",
        "Content-Length": "33",
        "Content-Type": "application/json; odata=nometadata",
        "DataServiceVersion": "3.0",
        "Request-Id": "|6f9b1def-422276e4d0c4854b.",
        "User-Agent": [
          "azsdk-net-Data.Tables/1.0.0-dev.20200529.1",
          "(.NET Core 4.6.28801.04; Microsoft Windows 10.0.18363 )"
        ],
        "x-ms-client-request-id": "49f5248c051b49e8876048af60a96f2a",
        "x-ms-date": "Fri, 29 May 2020 13:20:19 GMT",
        "x-ms-return-client-request-id": "true",
        "x-ms-version": "2019-02-02"
      },
      "RequestBody": {
        "TableName": "testtable3qpjbhfe"
      },
      "StatusCode": 201,
      "ResponseHeaders": {
        "Cache-Control": "no-cache",
        "Content-Type": "application/json; odata=fullmetadata; streaming=true; charset=utf-8",
        "Date": "Fri, 29 May 2020 13:20:19 GMT",
        "Location": "https://chrissscratch.table.core.windows.net/Tables(\u0027testtable3qpjbhfe\u0027)",
        "Server": [
          "Windows-Azure-Table/1.0",
          "Microsoft-HTTPAPI/2.0"
        ],
        "Transfer-Encoding": "chunked",
        "X-Content-Type-Options": "nosniff",
        "x-ms-client-request-id": "49f5248c051b49e8876048af60a96f2a",
        "x-ms-request-id": "5645019a-3002-0082-05bb-3565b8000000",
        "x-ms-version": "2019-02-02"
      },
      "ResponseBody": "{\u0022odata.metadata\u0022:\u0022https://chrissscratch.table.core.windows.net/$metadata#Tables/@Element\u0022,\u0022odata.type\u0022:\u0022chrissscratch.Tables\u0022,\u0022odata.id\u0022:\u0022https://chrissscratch.table.core.windows.net/Tables(\u0027testtable3qpjbhfe\u0027)\u0022,\u0022odata.editLink\u0022:\u0022Tables(\u0027testtable3qpjbhfe\u0027)\u0022,\u0022TableName\u0022:\u0022testtable3qpjbhfe\u0022}"
    },
    {
      "RequestUri": "https://chrissscratch.table.core.windows.net/testtable3qpjbhfe?$format=application%2Fjson%3Bodata%3Dfullmetadata",
      "RequestMethod": "POST",
      "RequestHeaders": {
        "Authorization": "Sanitized",
        "Content-Length": "1739",
        "Content-Type": "application/json; odata=nometadata",
        "DataServiceVersion": "3.0",
        "Request-Id": "|6f9b1df0-422276e4d0c4854b.",
        "User-Agent": [
          "azsdk-net-Data.Tables/1.0.0-dev.20200529.1",
          "(.NET Core 4.6.28801.04; Microsoft Windows 10.0.18363 )"
        ],
        "x-ms-client-request-id": "bcd746ecfa0d682a2c1b9f38b01c5c0d",
        "x-ms-date": "Fri, 29 May 2020 13:20:19 GMT",
        "x-ms-return-client-request-id": "true",
        "x-ms-version": "2019-02-02"
      },
      "RequestBody": {
        "DateTimeOffsetNull": null,
        "DateTimeOffsetN": "2020-01-01T01:02:00.0000000Z",
        "DateTimeOffsetN@odata.type": "Edm.DateTime",
        "DateTimeOffset": "2020-01-01T01:02:00.0000000Z",
        "DateTimeOffset@odata.type": "Edm.DateTime",
        "DateTimeNull": null,
        "DateTimeN": "2020-01-01T01:02:00.0000000Z",
        "DateTimeN@odata.type": "Edm.DateTime",
        "DateTime": "2020-01-01T01:02:00.0000000Z",
        "DateTime@odata.type": "Edm.DateTime",
        "DateTimeAsString": "2020-01-01T01:02:00.0000000Z",
        "BoolNull": null,
        "BoolN": false,
        "Bool": false,
        "BoolPrimitiveNull": null,
        "BoolPrimitiveN": false,
        "BoolPrimitive": false,
        "Binary": "AQIB",
        "Binary@odata.type": "Edm.Binary",
        "BinaryNull": null,
        "BinaryPrimitive": "AQIB",
        "BinaryPrimitive@odata.type": "Edm.Binary",
        "DoublePrimitiveNull": null,
        "DoublePrimitiveN": 1.01,
        "DoublePrimitiveN@odata.type": "Edm.Double",
        "DoublePrimitive": 1.01,
        "DoublePrimitive@odata.type": "Edm.Double",
        "DoubleNull": null,
        "DoubleN": 1.01,
        "DoubleN@odata.type": "Edm.Double",
        "Double": 1.01,
        "Double@odata.type": "Edm.Double",
        "DoubleInteger": 1,
        "DoubleInteger@odata.type": "Edm.Double",
        "GuidNull": null,
        "GuidN": "0d391d16-97f1-4b9a-be68-4cc871f90001",
        "GuidN@odata.type": "Edm.Guid",
        "Guid": "0d391d16-97f1-4b9a-be68-4cc871f90001",
        "Guid@odata.type": "Edm.Guid",
        "IntegerPrimitiveNull": null,
        "IntegerPrimitiveN": 1,
        "IntegerPrimitive": 1,
        "Int32Null": null,
        "Int32N": 1,
        "Int32": 1,
        "LongPrimitiveNull": null,
        "LongPrimitiveN": "2147483648",
        "LongPrimitiveN@odata.type": "Edm.Int64",
        "LongPrimitive": "2147483648",
        "LongPrimitive@odata.type": "Edm.Int64",
        "Int64Null": null,
        "Int64N": "123456789012",
        "Int64N@odata.type": "Edm.Int64",
        "Int64": "2147483648",
        "Int64@odata.type": "Edm.Int64",
        "String": "0001",
        "PartitionKey": "somPartition",
        "RowKey": "0001",
        "Timestamp": "0001-01-01T00:00:00.0000000Z",
        "Timestamp@odata.type": "Edm.DateTime",
        "ETag": null
      },
      "StatusCode": 201,
      "ResponseHeaders": {
        "Cache-Control": "no-cache",
        "Content-Type": "application/json; odata=fullmetadata; streaming=true; charset=utf-8",
        "Date": "Fri, 29 May 2020 13:20:19 GMT",
        "ETag": "W/\u0022datetime\u00272020-05-29T13%3A20%3A19.8847382Z\u0027\u0022",
        "Location": "https://chrissscratch.table.core.windows.net/testtable3qpjbhfe(PartitionKey=\u0027somPartition\u0027,RowKey=\u00270001\u0027)",
        "Server": [
          "Windows-Azure-Table/1.0",
          "Microsoft-HTTPAPI/2.0"
        ],
        "Transfer-Encoding": "chunked",
        "X-Content-Type-Options": "nosniff",
        "x-ms-client-request-id": "bcd746ecfa0d682a2c1b9f38b01c5c0d",
        "x-ms-request-id": "564501c6-3002-0082-2cbb-3565b8000000",
        "x-ms-version": "2019-02-02"
      },
      "ResponseBody": "{\u0022odata.metadata\u0022:\u0022https://chrissscratch.table.core.windows.net/$metadata#testtable3qpjbhfe/@Element\u0022,\u0022odata.type\u0022:\u0022chrissscratch.testtable3qpjbhfe\u0022,\u0022odata.id\u0022:\u0022https://chrissscratch.table.core.windows.net/testtable3qpjbhfe(PartitionKey=\u0027somPartition\u0027,RowKey=\u00270001\u0027)\u0022,\u0022odata.etag\u0022:\u0022W/\\\u0022datetime\u00272020-05-29T13%3A20%3A19.8847382Z\u0027\\\u0022\u0022,\u0022odata.editLink\u0022:\u0022testtable3qpjbhfe(PartitionKey=\u0027somPartition\u0027,RowKey=\u00270001\u0027)\u0022,\u0022PartitionKey\u0022:\u0022somPartition\u0022,\u0022RowKey\u0022:\u00220001\u0022,\u0022Timestamp@odata.type\u0022:\u0022Edm.DateTime\u0022,\u0022Timestamp\u0022:\u00222020-05-29T13:20:19.8847382Z\u0022,\u0022DateTimeOffsetN@odata.type\u0022:\u0022Edm.DateTime\u0022,\u0022DateTimeOffsetN\u0022:\u00222020-01-01T01:02:00Z\u0022,\u0022DateTimeOffset@odata.type\u0022:\u0022Edm.DateTime\u0022,\u0022DateTimeOffset\u0022:\u00222020-01-01T01:02:00Z\u0022,\u0022DateTimeN@odata.type\u0022:\u0022Edm.DateTime\u0022,\u0022DateTimeN\u0022:\u00222020-01-01T01:02:00Z\u0022,\u0022DateTime@odata.type\u0022:\u0022Edm.DateTime\u0022,\u0022DateTime\u0022:\u00222020-01-01T01:02:00Z\u0022,\u0022DateTimeAsString\u0022:\u00222020-01-01T01:02:00.0000000Z\u0022,\u0022BoolN\u0022:false,\u0022Bool\u0022:false,\u0022BoolPrimitiveN\u0022:false,\u0022BoolPrimitive\u0022:false,\u0022Binary@odata.type\u0022:\u0022Edm.Binary\u0022,\u0022Binary\u0022:\u0022AQIB\u0022,\u0022BinaryPrimitive@odata.type\u0022:\u0022Edm.Binary\u0022,\u0022BinaryPrimitive\u0022:\u0022AQIB\u0022,\u0022DoublePrimitiveN\u0022:1.01,\u0022DoublePrimitive\u0022:1.01,\u0022DoubleN\u0022:1.01,\u0022Double\u0022:1.01,\u0022DoubleInteger\u0022:1.0,\u0022GuidN@odata.type\u0022:\u0022Edm.Guid\u0022,\u0022GuidN\u0022:\u00220d391d16-97f1-4b9a-be68-4cc871f90001\u0022,\u0022Guid@odata.type\u0022:\u0022Edm.Guid\u0022,\u0022Guid\u0022:\u00220d391d16-97f1-4b9a-be68-4cc871f90001\u0022,\u0022IntegerPrimitiveN\u0022:1,\u0022IntegerPrimitive\u0022:1,\u0022Int32N\u0022:1,\u0022Int32\u0022:1,\u0022LongPrimitiveN@odata.type\u0022:\u0022Edm.Int64\u0022,\u0022LongPrimitiveN\u0022:\u00222147483648\u0022,\u0022LongPrimitive@odata.type\u0022:\u0022Edm.Int64\u0022,\u0022LongPrimitive\u0022:\u00222147483648\u0022,\u0022Int64N@odata.type\u0022:\u0022Edm.Int64\u0022,\u0022Int64N\u0022:\u0022123456789012\u0022,\u0022Int64@odata.type\u0022:\u0022Edm.Int64\u0022,\u0022Int64\u0022:\u00222147483648\u0022,\u0022String\u0022:\u00220001\u0022}"
    },
    {
      "RequestUri": "https://chrissscratch.table.core.windows.net/testtable3qpjbhfe?$format=application%2Fjson%3Bodata%3Dfullmetadata",
      "RequestMethod": "POST",
      "RequestHeaders": {
        "Authorization": "Sanitized",
        "Content-Length": "1737",
        "Content-Type": "application/json; odata=nometadata",
        "DataServiceVersion": "3.0",
        "Request-Id": "|6f9b1df1-422276e4d0c4854b.",
        "User-Agent": [
          "azsdk-net-Data.Tables/1.0.0-dev.20200529.1",
          "(.NET Core 4.6.28801.04; Microsoft Windows 10.0.18363 )"
        ],
        "x-ms-client-request-id": "622dc8da6974860d1e471df3fa0d1458",
        "x-ms-date": "Fri, 29 May 2020 13:20:20 GMT",
        "x-ms-return-client-request-id": "true",
        "x-ms-version": "2019-02-02"
      },
      "RequestBody": {
        "DateTimeOffsetNull": null,
        "DateTimeOffsetN": "2020-01-01T01:03:00.0000000Z",
        "DateTimeOffsetN@odata.type": "Edm.DateTime",
        "DateTimeOffset": "2020-01-01T01:03:00.0000000Z",
        "DateTimeOffset@odata.type": "Edm.DateTime",
        "DateTimeNull": null,
        "DateTimeN": "2020-01-01T01:03:00.0000000Z",
        "DateTimeN@odata.type": "Edm.DateTime",
        "DateTime": "2020-01-01T01:03:00.0000000Z",
        "DateTime@odata.type": "Edm.DateTime",
        "DateTimeAsString": "2020-01-01T01:03:00.0000000Z",
        "BoolNull": null,
        "BoolN": false,
        "Bool": true,
        "BoolPrimitiveNull": null,
        "BoolPrimitiveN": false,
        "BoolPrimitive": true,
        "Binary": "AQIC",
        "Binary@odata.type": "Edm.Binary",
        "BinaryNull": null,
        "BinaryPrimitive": "AQIC",
        "BinaryPrimitive@odata.type": "Edm.Binary",
        "DoublePrimitiveNull": null,
        "DoublePrimitiveN": 2.02,
        "DoublePrimitiveN@odata.type": "Edm.Double",
        "DoublePrimitive": 2.02,
        "DoublePrimitive@odata.type": "Edm.Double",
        "DoubleNull": null,
        "DoubleN": 2.02,
        "DoubleN@odata.type": "Edm.Double",
        "Double": 2.02,
        "Double@odata.type": "Edm.Double",
        "DoubleInteger": 2,
        "DoubleInteger@odata.type": "Edm.Double",
        "GuidNull": null,
        "GuidN": "0d391d16-97f1-4b9a-be68-4cc871f90002",
        "GuidN@odata.type": "Edm.Guid",
        "Guid": "0d391d16-97f1-4b9a-be68-4cc871f90002",
        "Guid@odata.type": "Edm.Guid",
        "IntegerPrimitiveNull": null,
        "IntegerPrimitiveN": 2,
        "IntegerPrimitive": 2,
        "Int32Null": null,
        "Int32N": 2,
        "Int32": 2,
        "LongPrimitiveNull": null,
        "LongPrimitiveN": "2147483649",
        "LongPrimitiveN@odata.type": "Edm.Int64",
        "LongPrimitive": "2147483649",
        "LongPrimitive@odata.type": "Edm.Int64",
        "Int64Null": null,
        "Int64N": "123456789012",
        "Int64N@odata.type": "Edm.Int64",
        "Int64": "2147483649",
        "Int64@odata.type": "Edm.Int64",
        "String": "0002",
        "PartitionKey": "somPartition",
        "RowKey": "0002",
        "Timestamp": "0001-01-01T00:00:00.0000000Z",
        "Timestamp@odata.type": "Edm.DateTime",
        "ETag": null
      },
      "StatusCode": 201,
      "ResponseHeaders": {
        "Cache-Control": "no-cache",
        "Content-Type": "application/json; odata=fullmetadata; streaming=true; charset=utf-8",
        "Date": "Fri, 29 May 2020 13:20:19 GMT",
        "ETag": "W/\u0022datetime\u00272020-05-29T13%3A20%3A19.9317778Z\u0027\u0022",
        "Location": "https://chrissscratch.table.core.windows.net/testtable3qpjbhfe(PartitionKey=\u0027somPartition\u0027,RowKey=\u00270002\u0027)",
        "Server": [
          "Windows-Azure-Table/1.0",
          "Microsoft-HTTPAPI/2.0"
        ],
        "Transfer-Encoding": "chunked",
        "X-Content-Type-Options": "nosniff",
        "x-ms-client-request-id": "622dc8da6974860d1e471df3fa0d1458",
        "x-ms-request-id": "564501d7-3002-0082-3cbb-3565b8000000",
        "x-ms-version": "2019-02-02"
      },
      "ResponseBody": "{\u0022odata.metadata\u0022:\u0022https://chrissscratch.table.core.windows.net/$metadata#testtable3qpjbhfe/@Element\u0022,\u0022odata.type\u0022:\u0022chrissscratch.testtable3qpjbhfe\u0022,\u0022odata.id\u0022:\u0022https://chrissscratch.table.core.windows.net/testtable3qpjbhfe(PartitionKey=\u0027somPartition\u0027,RowKey=\u00270002\u0027)\u0022,\u0022odata.etag\u0022:\u0022W/\\\u0022datetime\u00272020-05-29T13%3A20%3A19.9317778Z\u0027\\\u0022\u0022,\u0022odata.editLink\u0022:\u0022testtable3qpjbhfe(PartitionKey=\u0027somPartition\u0027,RowKey=\u00270002\u0027)\u0022,\u0022PartitionKey\u0022:\u0022somPartition\u0022,\u0022RowKey\u0022:\u00220002\u0022,\u0022Timestamp@odata.type\u0022:\u0022Edm.DateTime\u0022,\u0022Timestamp\u0022:\u00222020-05-29T13:20:19.9317778Z\u0022,\u0022DateTimeOffsetN@odata.type\u0022:\u0022Edm.DateTime\u0022,\u0022DateTimeOffsetN\u0022:\u00222020-01-01T01:03:00Z\u0022,\u0022DateTimeOffset@odata.type\u0022:\u0022Edm.DateTime\u0022,\u0022DateTimeOffset\u0022:\u00222020-01-01T01:03:00Z\u0022,\u0022DateTimeN@odata.type\u0022:\u0022Edm.DateTime\u0022,\u0022DateTimeN\u0022:\u00222020-01-01T01:03:00Z\u0022,\u0022DateTime@odata.type\u0022:\u0022Edm.DateTime\u0022,\u0022DateTime\u0022:\u00222020-01-01T01:03:00Z\u0022,\u0022DateTimeAsString\u0022:\u00222020-01-01T01:03:00.0000000Z\u0022,\u0022BoolN\u0022:false,\u0022Bool\u0022:true,\u0022BoolPrimitiveN\u0022:false,\u0022BoolPrimitive\u0022:true,\u0022Binary@odata.type\u0022:\u0022Edm.Binary\u0022,\u0022Binary\u0022:\u0022AQIC\u0022,\u0022BinaryPrimitive@odata.type\u0022:\u0022Edm.Binary\u0022,\u0022BinaryPrimitive\u0022:\u0022AQIC\u0022,\u0022DoublePrimitiveN\u0022:2.02,\u0022DoublePrimitive\u0022:2.02,\u0022DoubleN\u0022:2.02,\u0022Double\u0022:2.02,\u0022DoubleInteger\u0022:2.0,\u0022GuidN@odata.type\u0022:\u0022Edm.Guid\u0022,\u0022GuidN\u0022:\u00220d391d16-97f1-4b9a-be68-4cc871f90002\u0022,\u0022Guid@odata.type\u0022:\u0022Edm.Guid\u0022,\u0022Guid\u0022:\u00220d391d16-97f1-4b9a-be68-4cc871f90002\u0022,\u0022IntegerPrimitiveN\u0022:2,\u0022IntegerPrimitive\u0022:2,\u0022Int32N\u0022:2,\u0022Int32\u0022:2,\u0022LongPrimitiveN@odata.type\u0022:\u0022Edm.Int64\u0022,\u0022LongPrimitiveN\u0022:\u00222147483649\u0022,\u0022LongPrimitive@odata.type\u0022:\u0022Edm.Int64\u0022,\u0022LongPrimitive\u0022:\u00222147483649\u0022,\u0022Int64N@odata.type\u0022:\u0022Edm.Int64\u0022,\u0022Int64N\u0022:\u0022123456789012\u0022,\u0022Int64@odata.type\u0022:\u0022Edm.Int64\u0022,\u0022Int64\u0022:\u00222147483649\u0022,\u0022String\u0022:\u00220002\u0022}"
    },
    {
      "RequestUri": "https://chrissscratch.table.core.windows.net/testtable3qpjbhfe?$format=application%2Fjson%3Bodata%3Dfullmetadata",
      "RequestMethod": "POST",
      "RequestHeaders": {
        "Authorization": "Sanitized",
        "Content-Length": "1795",
        "Content-Type": "application/json; odata=nometadata",
        "DataServiceVersion": "3.0",
        "Request-Id": "|6f9b1df2-422276e4d0c4854b.",
        "User-Agent": [
          "azsdk-net-Data.Tables/1.0.0-dev.20200529.1",
          "(.NET Core 4.6.28801.04; Microsoft Windows 10.0.18363 )"
        ],
        "x-ms-client-request-id": "58db4633be489256fa8d1cff65b0996b",
        "x-ms-date": "Fri, 29 May 2020 13:20:20 GMT",
        "x-ms-return-client-request-id": "true",
        "x-ms-version": "2019-02-02"
      },
      "RequestBody": {
        "DateTimeOffsetNull": null,
        "DateTimeOffsetN": "2020-01-01T01:04:00.0000000Z",
        "DateTimeOffsetN@odata.type": "Edm.DateTime",
        "DateTimeOffset": "2020-01-01T01:04:00.0000000Z",
        "DateTimeOffset@odata.type": "Edm.DateTime",
        "DateTimeNull": null,
        "DateTimeN": "2020-01-01T01:04:00.0000000Z",
        "DateTimeN@odata.type": "Edm.DateTime",
        "DateTime": "2020-01-01T01:04:00.0000000Z",
        "DateTime@odata.type": "Edm.DateTime",
        "DateTimeAsString": "2020-01-01T01:04:00.0000000Z",
        "BoolNull": null,
        "BoolN": false,
        "Bool": false,
        "BoolPrimitiveNull": null,
        "BoolPrimitiveN": false,
        "BoolPrimitive": false,
        "Binary": "AQID",
        "Binary@odata.type": "Edm.Binary",
        "BinaryNull": null,
        "BinaryPrimitive": "AQID",
        "BinaryPrimitive@odata.type": "Edm.Binary",
        "DoublePrimitiveNull": null,
        "DoublePrimitiveN": 3.0299999999999998,
        "DoublePrimitiveN@odata.type": "Edm.Double",
        "DoublePrimitive": 3.0299999999999998,
        "DoublePrimitive@odata.type": "Edm.Double",
        "DoubleNull": null,
        "DoubleN": 3.0299999999999998,
        "DoubleN@odata.type": "Edm.Double",
        "Double": 3.0299999999999998,
        "Double@odata.type": "Edm.Double",
        "DoubleInteger": 3,
        "DoubleInteger@odata.type": "Edm.Double",
        "GuidNull": null,
        "GuidN": "0d391d16-97f1-4b9a-be68-4cc871f90003",
        "GuidN@odata.type": "Edm.Guid",
        "Guid": "0d391d16-97f1-4b9a-be68-4cc871f90003",
        "Guid@odata.type": "Edm.Guid",
        "IntegerPrimitiveNull": null,
        "IntegerPrimitiveN": 3,
        "IntegerPrimitive": 3,
        "Int32Null": null,
        "Int32N": 3,
        "Int32": 3,
        "LongPrimitiveNull": null,
        "LongPrimitiveN": "2147483650",
        "LongPrimitiveN@odata.type": "Edm.Int64",
        "LongPrimitive": "2147483650",
        "LongPrimitive@odata.type": "Edm.Int64",
        "Int64Null": null,
        "Int64N": "123456789012",
        "Int64N@odata.type": "Edm.Int64",
        "Int64": "2147483650",
        "Int64@odata.type": "Edm.Int64",
        "String": "0003",
        "PartitionKey": "somPartition",
        "RowKey": "0003",
        "Timestamp": "0001-01-01T00:00:00.0000000Z",
        "Timestamp@odata.type": "Edm.DateTime",
        "ETag": null
      },
      "StatusCode": 201,
      "ResponseHeaders": {
        "Cache-Control": "no-cache",
        "Content-Type": "application/json; odata=fullmetadata; streaming=true; charset=utf-8",
        "Date": "Fri, 29 May 2020 13:20:19 GMT",
        "ETag": "W/\u0022datetime\u00272020-05-29T13%3A20%3A19.9748138Z\u0027\u0022",
        "Location": "https://chrissscratch.table.core.windows.net/testtable3qpjbhfe(PartitionKey=\u0027somPartition\u0027,RowKey=\u00270003\u0027)",
        "Server": [
          "Windows-Azure-Table/1.0",
          "Microsoft-HTTPAPI/2.0"
        ],
        "Transfer-Encoding": "chunked",
        "X-Content-Type-Options": "nosniff",
        "x-ms-client-request-id": "58db4633be489256fa8d1cff65b0996b",
        "x-ms-request-id": "564501df-3002-0082-44bb-3565b8000000",
        "x-ms-version": "2019-02-02"
      },
      "ResponseBody": "{\u0022odata.metadata\u0022:\u0022https://chrissscratch.table.core.windows.net/$metadata#testtable3qpjbhfe/@Element\u0022,\u0022odata.type\u0022:\u0022chrissscratch.testtable3qpjbhfe\u0022,\u0022odata.id\u0022:\u0022https://chrissscratch.table.core.windows.net/testtable3qpjbhfe(PartitionKey=\u0027somPartition\u0027,RowKey=\u00270003\u0027)\u0022,\u0022odata.etag\u0022:\u0022W/\\\u0022datetime\u00272020-05-29T13%3A20%3A19.9748138Z\u0027\\\u0022\u0022,\u0022odata.editLink\u0022:\u0022testtable3qpjbhfe(PartitionKey=\u0027somPartition\u0027,RowKey=\u00270003\u0027)\u0022,\u0022PartitionKey\u0022:\u0022somPartition\u0022,\u0022RowKey\u0022:\u00220003\u0022,\u0022Timestamp@odata.type\u0022:\u0022Edm.DateTime\u0022,\u0022Timestamp\u0022:\u00222020-05-29T13:20:19.9748138Z\u0022,\u0022DateTimeOffsetN@odata.type\u0022:\u0022Edm.DateTime\u0022,\u0022DateTimeOffsetN\u0022:\u00222020-01-01T01:04:00Z\u0022,\u0022DateTimeOffset@odata.type\u0022:\u0022Edm.DateTime\u0022,\u0022DateTimeOffset\u0022:\u00222020-01-01T01:04:00Z\u0022,\u0022DateTimeN@odata.type\u0022:\u0022Edm.DateTime\u0022,\u0022DateTimeN\u0022:\u00222020-01-01T01:04:00Z\u0022,\u0022DateTime@odata.type\u0022:\u0022Edm.DateTime\u0022,\u0022DateTime\u0022:\u00222020-01-01T01:04:00Z\u0022,\u0022DateTimeAsString\u0022:\u00222020-01-01T01:04:00.0000000Z\u0022,\u0022BoolN\u0022:false,\u0022Bool\u0022:false,\u0022BoolPrimitiveN\u0022:false,\u0022BoolPrimitive\u0022:false,\u0022Binary@odata.type\u0022:\u0022Edm.Binary\u0022,\u0022Binary\u0022:\u0022AQID\u0022,\u0022BinaryPrimitive@odata.type\u0022:\u0022Edm.Binary\u0022,\u0022BinaryPrimitive\u0022:\u0022AQID\u0022,\u0022DoublePrimitiveN\u0022:3.03,\u0022DoublePrimitive\u0022:3.03,\u0022DoubleN\u0022:3.03,\u0022Double\u0022:3.03,\u0022DoubleInteger\u0022:3.0,\u0022GuidN@odata.type\u0022:\u0022Edm.Guid\u0022,\u0022GuidN\u0022:\u00220d391d16-97f1-4b9a-be68-4cc871f90003\u0022,\u0022Guid@odata.type\u0022:\u0022Edm.Guid\u0022,\u0022Guid\u0022:\u00220d391d16-97f1-4b9a-be68-4cc871f90003\u0022,\u0022IntegerPrimitiveN\u0022:3,\u0022IntegerPrimitive\u0022:3,\u0022Int32N\u0022:3,\u0022Int32\u0022:3,\u0022LongPrimitiveN@odata.type\u0022:\u0022Edm.Int64\u0022,\u0022LongPrimitiveN\u0022:\u00222147483650\u0022,\u0022LongPrimitive@odata.type\u0022:\u0022Edm.Int64\u0022,\u0022LongPrimitive\u0022:\u00222147483650\u0022,\u0022Int64N@odata.type\u0022:\u0022Edm.Int64\u0022,\u0022Int64N\u0022:\u0022123456789012\u0022,\u0022Int64@odata.type\u0022:\u0022Edm.Int64\u0022,\u0022Int64\u0022:\u00222147483650\u0022,\u0022String\u0022:\u00220003\u0022}"
    },
    {
      "RequestUri": "https://chrissscratch.table.core.windows.net/testtable3qpjbhfe?$format=application%2Fjson%3Bodata%3Dfullmetadata",
      "RequestMethod": "POST",
      "RequestHeaders": {
        "Authorization": "Sanitized",
        "Content-Length": "1737",
        "Content-Type": "application/json; odata=nometadata",
        "DataServiceVersion": "3.0",
        "Request-Id": "|6f9b1df3-422276e4d0c4854b.",
        "User-Agent": [
          "azsdk-net-Data.Tables/1.0.0-dev.20200529.1",
          "(.NET Core 4.6.28801.04; Microsoft Windows 10.0.18363 )"
        ],
        "x-ms-client-request-id": "97d53a030c7c82b638509dc6dd366d1e",
        "x-ms-date": "Fri, 29 May 2020 13:20:20 GMT",
        "x-ms-return-client-request-id": "true",
        "x-ms-version": "2019-02-02"
      },
      "RequestBody": {
        "DateTimeOffsetNull": null,
        "DateTimeOffsetN": "2020-01-01T01:05:00.0000000Z",
        "DateTimeOffsetN@odata.type": "Edm.DateTime",
        "DateTimeOffset": "2020-01-01T01:05:00.0000000Z",
        "DateTimeOffset@odata.type": "Edm.DateTime",
        "DateTimeNull": null,
        "DateTimeN": "2020-01-01T01:05:00.0000000Z",
        "DateTimeN@odata.type": "Edm.DateTime",
        "DateTime": "2020-01-01T01:05:00.0000000Z",
        "DateTime@odata.type": "Edm.DateTime",
        "DateTimeAsString": "2020-01-01T01:05:00.0000000Z",
        "BoolNull": null,
        "BoolN": false,
        "Bool": true,
        "BoolPrimitiveNull": null,
        "BoolPrimitiveN": false,
        "BoolPrimitive": true,
        "Binary": "AQIE",
        "Binary@odata.type": "Edm.Binary",
        "BinaryNull": null,
        "BinaryPrimitive": "AQIE",
        "BinaryPrimitive@odata.type": "Edm.Binary",
        "DoublePrimitiveNull": null,
        "DoublePrimitiveN": 4.04,
        "DoublePrimitiveN@odata.type": "Edm.Double",
        "DoublePrimitive": 4.04,
        "DoublePrimitive@odata.type": "Edm.Double",
        "DoubleNull": null,
        "DoubleN": 4.04,
        "DoubleN@odata.type": "Edm.Double",
        "Double": 4.04,
        "Double@odata.type": "Edm.Double",
        "DoubleInteger": 4,
        "DoubleInteger@odata.type": "Edm.Double",
        "GuidNull": null,
        "GuidN": "0d391d16-97f1-4b9a-be68-4cc871f90004",
        "GuidN@odata.type": "Edm.Guid",
        "Guid": "0d391d16-97f1-4b9a-be68-4cc871f90004",
        "Guid@odata.type": "Edm.Guid",
        "IntegerPrimitiveNull": null,
        "IntegerPrimitiveN": 4,
        "IntegerPrimitive": 4,
        "Int32Null": null,
        "Int32N": 4,
        "Int32": 4,
        "LongPrimitiveNull": null,
        "LongPrimitiveN": "2147483651",
        "LongPrimitiveN@odata.type": "Edm.Int64",
        "LongPrimitive": "2147483651",
        "LongPrimitive@odata.type": "Edm.Int64",
        "Int64Null": null,
        "Int64N": "123456789012",
        "Int64N@odata.type": "Edm.Int64",
        "Int64": "2147483651",
        "Int64@odata.type": "Edm.Int64",
        "String": "0004",
        "PartitionKey": "somPartition",
        "RowKey": "0004",
        "Timestamp": "0001-01-01T00:00:00.0000000Z",
        "Timestamp@odata.type": "Edm.DateTime",
        "ETag": null
      },
      "StatusCode": 201,
      "ResponseHeaders": {
        "Cache-Control": "no-cache",
        "Content-Type": "application/json; odata=fullmetadata; streaming=true; charset=utf-8",
        "Date": "Fri, 29 May 2020 13:20:19 GMT",
        "ETag": "W/\u0022datetime\u00272020-05-29T13%3A20%3A20.0218547Z\u0027\u0022",
        "Location": "https://chrissscratch.table.core.windows.net/testtable3qpjbhfe(PartitionKey=\u0027somPartition\u0027,RowKey=\u00270004\u0027)",
        "Server": [
          "Windows-Azure-Table/1.0",
          "Microsoft-HTTPAPI/2.0"
        ],
        "Transfer-Encoding": "chunked",
        "X-Content-Type-Options": "nosniff",
        "x-ms-client-request-id": "97d53a030c7c82b638509dc6dd366d1e",
        "x-ms-request-id": "564501ef-3002-0082-51bb-3565b8000000",
        "x-ms-version": "2019-02-02"
      },
      "ResponseBody": "{\u0022odata.metadata\u0022:\u0022https://chrissscratch.table.core.windows.net/$metadata#testtable3qpjbhfe/@Element\u0022,\u0022odata.type\u0022:\u0022chrissscratch.testtable3qpjbhfe\u0022,\u0022odata.id\u0022:\u0022https://chrissscratch.table.core.windows.net/testtable3qpjbhfe(PartitionKey=\u0027somPartition\u0027,RowKey=\u00270004\u0027)\u0022,\u0022odata.etag\u0022:\u0022W/\\\u0022datetime\u00272020-05-29T13%3A20%3A20.0218547Z\u0027\\\u0022\u0022,\u0022odata.editLink\u0022:\u0022testtable3qpjbhfe(PartitionKey=\u0027somPartition\u0027,RowKey=\u00270004\u0027)\u0022,\u0022PartitionKey\u0022:\u0022somPartition\u0022,\u0022RowKey\u0022:\u00220004\u0022,\u0022Timestamp@odata.type\u0022:\u0022Edm.DateTime\u0022,\u0022Timestamp\u0022:\u00222020-05-29T13:20:20.0218547Z\u0022,\u0022DateTimeOffsetN@odata.type\u0022:\u0022Edm.DateTime\u0022,\u0022DateTimeOffsetN\u0022:\u00222020-01-01T01:05:00Z\u0022,\u0022DateTimeOffset@odata.type\u0022:\u0022Edm.DateTime\u0022,\u0022DateTimeOffset\u0022:\u00222020-01-01T01:05:00Z\u0022,\u0022DateTimeN@odata.type\u0022:\u0022Edm.DateTime\u0022,\u0022DateTimeN\u0022:\u00222020-01-01T01:05:00Z\u0022,\u0022DateTime@odata.type\u0022:\u0022Edm.DateTime\u0022,\u0022DateTime\u0022:\u00222020-01-01T01:05:00Z\u0022,\u0022DateTimeAsString\u0022:\u00222020-01-01T01:05:00.0000000Z\u0022,\u0022BoolN\u0022:false,\u0022Bool\u0022:true,\u0022BoolPrimitiveN\u0022:false,\u0022BoolPrimitive\u0022:true,\u0022Binary@odata.type\u0022:\u0022Edm.Binary\u0022,\u0022Binary\u0022:\u0022AQIE\u0022,\u0022BinaryPrimitive@odata.type\u0022:\u0022Edm.Binary\u0022,\u0022BinaryPrimitive\u0022:\u0022AQIE\u0022,\u0022DoublePrimitiveN\u0022:4.04,\u0022DoublePrimitive\u0022:4.04,\u0022DoubleN\u0022:4.04,\u0022Double\u0022:4.04,\u0022DoubleInteger\u0022:4.0,\u0022GuidN@odata.type\u0022:\u0022Edm.Guid\u0022,\u0022GuidN\u0022:\u00220d391d16-97f1-4b9a-be68-4cc871f90004\u0022,\u0022Guid@odata.type\u0022:\u0022Edm.Guid\u0022,\u0022Guid\u0022:\u00220d391d16-97f1-4b9a-be68-4cc871f90004\u0022,\u0022IntegerPrimitiveN\u0022:4,\u0022IntegerPrimitive\u0022:4,\u0022Int32N\u0022:4,\u0022Int32\u0022:4,\u0022LongPrimitiveN@odata.type\u0022:\u0022Edm.Int64\u0022,\u0022LongPrimitiveN\u0022:\u00222147483651\u0022,\u0022LongPrimitive@odata.type\u0022:\u0022Edm.Int64\u0022,\u0022LongPrimitive\u0022:\u00222147483651\u0022,\u0022Int64N@odata.type\u0022:\u0022Edm.Int64\u0022,\u0022Int64N\u0022:\u0022123456789012\u0022,\u0022Int64@odata.type\u0022:\u0022Edm.Int64\u0022,\u0022Int64\u0022:\u00222147483651\u0022,\u0022String\u0022:\u00220004\u0022}"
    },
    {
      "RequestUri": "https://chrissscratch.table.core.windows.net/testtable3qpjbhfe()?$format=application%2Fjson%3Bodata%3Dfullmetadata\u0026$filter=String%20ge%20%270003%27",
      "RequestMethod": "GET",
      "RequestHeaders": {
        "Authorization": "Sanitized",
        "DataServiceVersion": "3.0",
        "User-Agent": [
          "azsdk-net-Data.Tables/1.0.0-dev.20200529.1",
          "(.NET Core 4.6.28801.04; Microsoft Windows 10.0.18363 )"
        ],
        "x-ms-client-request-id": "6a04470603401cc5729a68e74c0d216e",
        "x-ms-date": "Fri, 29 May 2020 13:20:20 GMT",
        "x-ms-return-client-request-id": "true",
        "x-ms-version": "2019-02-02"
      },
      "RequestBody": null,
      "StatusCode": 200,
      "ResponseHeaders": {
        "Cache-Control": "no-cache",
        "Content-Type": "application/json; odata=fullmetadata; streaming=true; charset=utf-8",
        "Date": "Fri, 29 May 2020 13:20:19 GMT",
        "Server": [
          "Windows-Azure-Table/1.0",
          "Microsoft-HTTPAPI/2.0"
        ],
        "Transfer-Encoding": "chunked",
        "X-Content-Type-Options": "nosniff",
        "x-ms-client-request-id": "6a04470603401cc5729a68e74c0d216e",
        "x-ms-request-id": "5645020e-3002-0082-6fbb-3565b8000000",
        "x-ms-version": "2019-02-02"
      },
      "ResponseBody": "{\u0022odata.metadata\u0022:\u0022https://chrissscratch.table.core.windows.net/$metadata#testtable3qpjbhfe\u0022,\u0022value\u0022:[{\u0022odata.type\u0022:\u0022chrissscratch.testtable3qpjbhfe\u0022,\u0022odata.id\u0022:\u0022https://chrissscratch.table.core.windows.net/testtable3qpjbhfe(PartitionKey=\u0027somPartition\u0027,RowKey=\u00270003\u0027)\u0022,\u0022odata.etag\u0022:\u0022W/\\\u0022datetime\u00272020-05-29T13%3A20%3A19.9748138Z\u0027\\\u0022\u0022,\u0022odata.editLink\u0022:\u0022testtable3qpjbhfe(PartitionKey=\u0027somPartition\u0027,RowKey=\u00270003\u0027)\u0022,\u0022PartitionKey\u0022:\u0022somPartition\u0022,\u0022RowKey\u0022:\u00220003\u0022,\u0022Timestamp@odata.type\u0022:\u0022Edm.DateTime\u0022,\u0022Timestamp\u0022:\u00222020-05-29T13:20:19.9748138Z\u0022,\u0022DateTimeOffsetN@odata.type\u0022:\u0022Edm.DateTime\u0022,\u0022DateTimeOffsetN\u0022:\u00222020-01-01T01:04:00Z\u0022,\u0022DateTimeOffset@odata.type\u0022:\u0022Edm.DateTime\u0022,\u0022DateTimeOffset\u0022:\u00222020-01-01T01:04:00Z\u0022,\u0022DateTimeN@odata.type\u0022:\u0022Edm.DateTime\u0022,\u0022DateTimeN\u0022:\u00222020-01-01T01:04:00Z\u0022,\u0022DateTime@odata.type\u0022:\u0022Edm.DateTime\u0022,\u0022DateTime\u0022:\u00222020-01-01T01:04:00Z\u0022,\u0022DateTimeAsString\u0022:\u00222020-01-01T01:04:00.0000000Z\u0022,\u0022BoolN\u0022:false,\u0022Bool\u0022:false,\u0022BoolPrimitiveN\u0022:false,\u0022BoolPrimitive\u0022:false,\u0022Binary@odata.type\u0022:\u0022Edm.Binary\u0022,\u0022Binary\u0022:\u0022AQID\u0022,\u0022BinaryPrimitive@odata.type\u0022:\u0022Edm.Binary\u0022,\u0022BinaryPrimitive\u0022:\u0022AQID\u0022,\u0022DoublePrimitiveN\u0022:3.03,\u0022DoublePrimitive\u0022:3.03,\u0022DoubleN\u0022:3.03,\u0022Double\u0022:3.03,\u0022DoubleInteger\u0022:3.0,\u0022GuidN@odata.type\u0022:\u0022Edm.Guid\u0022,\u0022GuidN\u0022:\u00220d391d16-97f1-4b9a-be68-4cc871f90003\u0022,\u0022Guid@odata.type\u0022:\u0022Edm.Guid\u0022,\u0022Guid\u0022:\u00220d391d16-97f1-4b9a-be68-4cc871f90003\u0022,\u0022IntegerPrimitiveN\u0022:3,\u0022IntegerPrimitive\u0022:3,\u0022Int32N\u0022:3,\u0022Int32\u0022:3,\u0022LongPrimitiveN@odata.type\u0022:\u0022Edm.Int64\u0022,\u0022LongPrimitiveN\u0022:\u00222147483650\u0022,\u0022LongPrimitive@odata.type\u0022:\u0022Edm.Int64\u0022,\u0022LongPrimitive\u0022:\u00222147483650\u0022,\u0022Int64N@odata.type\u0022:\u0022Edm.Int64\u0022,\u0022Int64N\u0022:\u0022123456789012\u0022,\u0022Int64@odata.type\u0022:\u0022Edm.Int64\u0022,\u0022Int64\u0022:\u00222147483650\u0022,\u0022String\u0022:\u00220003\u0022},{\u0022odata.type\u0022:\u0022chrissscratch.testtable3qpjbhfe\u0022,\u0022odata.id\u0022:\u0022https://chrissscratch.table.core.windows.net/testtable3qpjbhfe(PartitionKey=\u0027somPartition\u0027,RowKey=\u00270004\u0027)\u0022,\u0022odata.etag\u0022:\u0022W/\\\u0022datetime\u00272020-05-29T13%3A20%3A20.0218547Z\u0027\\\u0022\u0022,\u0022odata.editLink\u0022:\u0022testtable3qpjbhfe(PartitionKey=\u0027somPartition\u0027,RowKey=\u00270004\u0027)\u0022,\u0022PartitionKey\u0022:\u0022somPartition\u0022,\u0022RowKey\u0022:\u00220004\u0022,\u0022Timestamp@odata.type\u0022:\u0022Edm.DateTime\u0022,\u0022Timestamp\u0022:\u00222020-05-29T13:20:20.0218547Z\u0022,\u0022DateTimeOffsetN@odata.type\u0022:\u0022Edm.DateTime\u0022,\u0022DateTimeOffsetN\u0022:\u00222020-01-01T01:05:00Z\u0022,\u0022DateTimeOffset@odata.type\u0022:\u0022Edm.DateTime\u0022,\u0022DateTimeOffset\u0022:\u00222020-01-01T01:05:00Z\u0022,\u0022DateTimeN@odata.type\u0022:\u0022Edm.DateTime\u0022,\u0022DateTimeN\u0022:\u00222020-01-01T01:05:00Z\u0022,\u0022DateTime@odata.type\u0022:\u0022Edm.DateTime\u0022,\u0022DateTime\u0022:\u00222020-01-01T01:05:00Z\u0022,\u0022DateTimeAsString\u0022:\u00222020-01-01T01:05:00.0000000Z\u0022,\u0022BoolN\u0022:false,\u0022Bool\u0022:true,\u0022BoolPrimitiveN\u0022:false,\u0022BoolPrimitive\u0022:true,\u0022Binary@odata.type\u0022:\u0022Edm.Binary\u0022,\u0022Binary\u0022:\u0022AQIE\u0022,\u0022BinaryPrimitive@odata.type\u0022:\u0022Edm.Binary\u0022,\u0022BinaryPrimitive\u0022:\u0022AQIE\u0022,\u0022DoublePrimitiveN\u0022:4.04,\u0022DoublePrimitive\u0022:4.04,\u0022DoubleN\u0022:4.04,\u0022Double\u0022:4.04,\u0022DoubleInteger\u0022:4.0,\u0022GuidN@odata.type\u0022:\u0022Edm.Guid\u0022,\u0022GuidN\u0022:\u00220d391d16-97f1-4b9a-be68-4cc871f90004\u0022,\u0022Guid@odata.type\u0022:\u0022Edm.Guid\u0022,\u0022Guid\u0022:\u00220d391d16-97f1-4b9a-be68-4cc871f90004\u0022,\u0022IntegerPrimitiveN\u0022:4,\u0022IntegerPrimitive\u0022:4,\u0022Int32N\u0022:4,\u0022Int32\u0022:4,\u0022LongPrimitiveN@odata.type\u0022:\u0022Edm.Int64\u0022,\u0022LongPrimitiveN\u0022:\u00222147483651\u0022,\u0022LongPrimitive@odata.type\u0022:\u0022Edm.Int64\u0022,\u0022LongPrimitive\u0022:\u00222147483651\u0022,\u0022Int64N@odata.type\u0022:\u0022Edm.Int64\u0022,\u0022Int64N\u0022:\u0022123456789012\u0022,\u0022Int64@odata.type\u0022:\u0022Edm.Int64\u0022,\u0022Int64\u0022:\u00222147483651\u0022,\u0022String\u0022:\u00220004\u0022}]}"
    },
    {
      "RequestUri": "https://chrissscratch.table.core.windows.net/testtable3qpjbhfe()?$format=application%2Fjson%3Bodata%3Dfullmetadata\u0026$filter=Guid%20eq%20guid%270d391d16-97f1-4b9a-be68-4cc871f90003%27",
      "RequestMethod": "GET",
      "RequestHeaders": {
        "Authorization": "Sanitized",
        "DataServiceVersion": "3.0",
        "User-Agent": [
          "azsdk-net-Data.Tables/1.0.0-dev.20200529.1",
          "(.NET Core 4.6.28801.04; Microsoft Windows 10.0.18363 )"
        ],
        "x-ms-client-request-id": "c0efb2ae7c3826db90591ff72090b5c4",
        "x-ms-date": "Fri, 29 May 2020 13:20:20 GMT",
        "x-ms-return-client-request-id": "true",
        "x-ms-version": "2019-02-02"
      },
      "RequestBody": null,
      "StatusCode": 200,
      "ResponseHeaders": {
        "Cache-Control": "no-cache",
        "Content-Type": "application/json; odata=fullmetadata; streaming=true; charset=utf-8",
        "Date": "Fri, 29 May 2020 13:20:19 GMT",
        "Server": [
          "Windows-Azure-Table/1.0",
          "Microsoft-HTTPAPI/2.0"
        ],
        "Transfer-Encoding": "chunked",
        "X-Content-Type-Options": "nosniff",
        "x-ms-client-request-id": "c0efb2ae7c3826db90591ff72090b5c4",
        "x-ms-request-id": "56450243-3002-0082-19bb-3565b8000000",
        "x-ms-version": "2019-02-02"
      },
      "ResponseBody": "{\u0022odata.metadata\u0022:\u0022https://chrissscratch.table.core.windows.net/$metadata#testtable3qpjbhfe\u0022,\u0022value\u0022:[{\u0022odata.type\u0022:\u0022chrissscratch.testtable3qpjbhfe\u0022,\u0022odata.id\u0022:\u0022https://chrissscratch.table.core.windows.net/testtable3qpjbhfe(PartitionKey=\u0027somPartition\u0027,RowKey=\u00270003\u0027)\u0022,\u0022odata.etag\u0022:\u0022W/\\\u0022datetime\u00272020-05-29T13%3A20%3A19.9748138Z\u0027\\\u0022\u0022,\u0022odata.editLink\u0022:\u0022testtable3qpjbhfe(PartitionKey=\u0027somPartition\u0027,RowKey=\u00270003\u0027)\u0022,\u0022PartitionKey\u0022:\u0022somPartition\u0022,\u0022RowKey\u0022:\u00220003\u0022,\u0022Timestamp@odata.type\u0022:\u0022Edm.DateTime\u0022,\u0022Timestamp\u0022:\u00222020-05-29T13:20:19.9748138Z\u0022,\u0022DateTimeOffsetN@odata.type\u0022:\u0022Edm.DateTime\u0022,\u0022DateTimeOffsetN\u0022:\u00222020-01-01T01:04:00Z\u0022,\u0022DateTimeOffset@odata.type\u0022:\u0022Edm.DateTime\u0022,\u0022DateTimeOffset\u0022:\u00222020-01-01T01:04:00Z\u0022,\u0022DateTimeN@odata.type\u0022:\u0022Edm.DateTime\u0022,\u0022DateTimeN\u0022:\u00222020-01-01T01:04:00Z\u0022,\u0022DateTime@odata.type\u0022:\u0022Edm.DateTime\u0022,\u0022DateTime\u0022:\u00222020-01-01T01:04:00Z\u0022,\u0022DateTimeAsString\u0022:\u00222020-01-01T01:04:00.0000000Z\u0022,\u0022BoolN\u0022:false,\u0022Bool\u0022:false,\u0022BoolPrimitiveN\u0022:false,\u0022BoolPrimitive\u0022:false,\u0022Binary@odata.type\u0022:\u0022Edm.Binary\u0022,\u0022Binary\u0022:\u0022AQID\u0022,\u0022BinaryPrimitive@odata.type\u0022:\u0022Edm.Binary\u0022,\u0022BinaryPrimitive\u0022:\u0022AQID\u0022,\u0022DoublePrimitiveN\u0022:3.03,\u0022DoublePrimitive\u0022:3.03,\u0022DoubleN\u0022:3.03,\u0022Double\u0022:3.03,\u0022DoubleInteger\u0022:3.0,\u0022GuidN@odata.type\u0022:\u0022Edm.Guid\u0022,\u0022GuidN\u0022:\u00220d391d16-97f1-4b9a-be68-4cc871f90003\u0022,\u0022Guid@odata.type\u0022:\u0022Edm.Guid\u0022,\u0022Guid\u0022:\u00220d391d16-97f1-4b9a-be68-4cc871f90003\u0022,\u0022IntegerPrimitiveN\u0022:3,\u0022IntegerPrimitive\u0022:3,\u0022Int32N\u0022:3,\u0022Int32\u0022:3,\u0022LongPrimitiveN@odata.type\u0022:\u0022Edm.Int64\u0022,\u0022LongPrimitiveN\u0022:\u00222147483650\u0022,\u0022LongPrimitive@odata.type\u0022:\u0022Edm.Int64\u0022,\u0022LongPrimitive\u0022:\u00222147483650\u0022,\u0022Int64N@odata.type\u0022:\u0022Edm.Int64\u0022,\u0022Int64N\u0022:\u0022123456789012\u0022,\u0022Int64@odata.type\u0022:\u0022Edm.Int64\u0022,\u0022Int64\u0022:\u00222147483650\u0022,\u0022String\u0022:\u00220003\u0022}]}"
    },
    {
      "RequestUri": "https://chrissscratch.table.core.windows.net/testtable3qpjbhfe()?$format=application%2Fjson%3Bodata%3Dfullmetadata\u0026$filter=Int64%20ge%202147483650L",
      "RequestMethod": "GET",
      "RequestHeaders": {
        "Authorization": "Sanitized",
        "DataServiceVersion": "3.0",
        "User-Agent": [
          "azsdk-net-Data.Tables/1.0.0-dev.20200529.1",
          "(.NET Core 4.6.28801.04; Microsoft Windows 10.0.18363 )"
        ],
        "x-ms-client-request-id": "1df9fe1f2eab002a74b925e1a4ce352b",
        "x-ms-date": "Fri, 29 May 2020 13:20:20 GMT",
        "x-ms-return-client-request-id": "true",
        "x-ms-version": "2019-02-02"
      },
      "RequestBody": null,
      "StatusCode": 200,
      "ResponseHeaders": {
        "Cache-Control": "no-cache",
        "Content-Type": "application/json; odata=fullmetadata; streaming=true; charset=utf-8",
        "Date": "Fri, 29 May 2020 13:20:19 GMT",
        "Server": [
          "Windows-Azure-Table/1.0",
          "Microsoft-HTTPAPI/2.0"
        ],
        "Transfer-Encoding": "chunked",
        "X-Content-Type-Options": "nosniff",
        "x-ms-client-request-id": "1df9fe1f2eab002a74b925e1a4ce352b",
        "x-ms-request-id": "5645024f-3002-0082-23bb-3565b8000000",
        "x-ms-version": "2019-02-02"
      },
      "ResponseBody": "{\u0022odata.metadata\u0022:\u0022https://chrissscratch.table.core.windows.net/$metadata#testtable3qpjbhfe\u0022,\u0022value\u0022:[{\u0022odata.type\u0022:\u0022chrissscratch.testtable3qpjbhfe\u0022,\u0022odata.id\u0022:\u0022https://chrissscratch.table.core.windows.net/testtable3qpjbhfe(PartitionKey=\u0027somPartition\u0027,RowKey=\u00270003\u0027)\u0022,\u0022odata.etag\u0022:\u0022W/\\\u0022datetime\u00272020-05-29T13%3A20%3A19.9748138Z\u0027\\\u0022\u0022,\u0022odata.editLink\u0022:\u0022testtable3qpjbhfe(PartitionKey=\u0027somPartition\u0027,RowKey=\u00270003\u0027)\u0022,\u0022PartitionKey\u0022:\u0022somPartition\u0022,\u0022RowKey\u0022:\u00220003\u0022,\u0022Timestamp@odata.type\u0022:\u0022Edm.DateTime\u0022,\u0022Timestamp\u0022:\u00222020-05-29T13:20:19.9748138Z\u0022,\u0022DateTimeOffsetN@odata.type\u0022:\u0022Edm.DateTime\u0022,\u0022DateTimeOffsetN\u0022:\u00222020-01-01T01:04:00Z\u0022,\u0022DateTimeOffset@odata.type\u0022:\u0022Edm.DateTime\u0022,\u0022DateTimeOffset\u0022:\u00222020-01-01T01:04:00Z\u0022,\u0022DateTimeN@odata.type\u0022:\u0022Edm.DateTime\u0022,\u0022DateTimeN\u0022:\u00222020-01-01T01:04:00Z\u0022,\u0022DateTime@odata.type\u0022:\u0022Edm.DateTime\u0022,\u0022DateTime\u0022:\u00222020-01-01T01:04:00Z\u0022,\u0022DateTimeAsString\u0022:\u00222020-01-01T01:04:00.0000000Z\u0022,\u0022BoolN\u0022:false,\u0022Bool\u0022:false,\u0022BoolPrimitiveN\u0022:false,\u0022BoolPrimitive\u0022:false,\u0022Binary@odata.type\u0022:\u0022Edm.Binary\u0022,\u0022Binary\u0022:\u0022AQID\u0022,\u0022BinaryPrimitive@odata.type\u0022:\u0022Edm.Binary\u0022,\u0022BinaryPrimitive\u0022:\u0022AQID\u0022,\u0022DoublePrimitiveN\u0022:3.03,\u0022DoublePrimitive\u0022:3.03,\u0022DoubleN\u0022:3.03,\u0022Double\u0022:3.03,\u0022DoubleInteger\u0022:3.0,\u0022GuidN@odata.type\u0022:\u0022Edm.Guid\u0022,\u0022GuidN\u0022:\u00220d391d16-97f1-4b9a-be68-4cc871f90003\u0022,\u0022Guid@odata.type\u0022:\u0022Edm.Guid\u0022,\u0022Guid\u0022:\u00220d391d16-97f1-4b9a-be68-4cc871f90003\u0022,\u0022IntegerPrimitiveN\u0022:3,\u0022IntegerPrimitive\u0022:3,\u0022Int32N\u0022:3,\u0022Int32\u0022:3,\u0022LongPrimitiveN@odata.type\u0022:\u0022Edm.Int64\u0022,\u0022LongPrimitiveN\u0022:\u00222147483650\u0022,\u0022LongPrimitive@odata.type\u0022:\u0022Edm.Int64\u0022,\u0022LongPrimitive\u0022:\u00222147483650\u0022,\u0022Int64N@odata.type\u0022:\u0022Edm.Int64\u0022,\u0022Int64N\u0022:\u0022123456789012\u0022,\u0022Int64@odata.type\u0022:\u0022Edm.Int64\u0022,\u0022Int64\u0022:\u00222147483650\u0022,\u0022String\u0022:\u00220003\u0022},{\u0022odata.type\u0022:\u0022chrissscratch.testtable3qpjbhfe\u0022,\u0022odata.id\u0022:\u0022https://chrissscratch.table.core.windows.net/testtable3qpjbhfe(PartitionKey=\u0027somPartition\u0027,RowKey=\u00270004\u0027)\u0022,\u0022odata.etag\u0022:\u0022W/\\\u0022datetime\u00272020-05-29T13%3A20%3A20.0218547Z\u0027\\\u0022\u0022,\u0022odata.editLink\u0022:\u0022testtable3qpjbhfe(PartitionKey=\u0027somPartition\u0027,RowKey=\u00270004\u0027)\u0022,\u0022PartitionKey\u0022:\u0022somPartition\u0022,\u0022RowKey\u0022:\u00220004\u0022,\u0022Timestamp@odata.type\u0022:\u0022Edm.DateTime\u0022,\u0022Timestamp\u0022:\u00222020-05-29T13:20:20.0218547Z\u0022,\u0022DateTimeOffsetN@odata.type\u0022:\u0022Edm.DateTime\u0022,\u0022DateTimeOffsetN\u0022:\u00222020-01-01T01:05:00Z\u0022,\u0022DateTimeOffset@odata.type\u0022:\u0022Edm.DateTime\u0022,\u0022DateTimeOffset\u0022:\u00222020-01-01T01:05:00Z\u0022,\u0022DateTimeN@odata.type\u0022:\u0022Edm.DateTime\u0022,\u0022DateTimeN\u0022:\u00222020-01-01T01:05:00Z\u0022,\u0022DateTime@odata.type\u0022:\u0022Edm.DateTime\u0022,\u0022DateTime\u0022:\u00222020-01-01T01:05:00Z\u0022,\u0022DateTimeAsString\u0022:\u00222020-01-01T01:05:00.0000000Z\u0022,\u0022BoolN\u0022:false,\u0022Bool\u0022:true,\u0022BoolPrimitiveN\u0022:false,\u0022BoolPrimitive\u0022:true,\u0022Binary@odata.type\u0022:\u0022Edm.Binary\u0022,\u0022Binary\u0022:\u0022AQIE\u0022,\u0022BinaryPrimitive@odata.type\u0022:\u0022Edm.Binary\u0022,\u0022BinaryPrimitive\u0022:\u0022AQIE\u0022,\u0022DoublePrimitiveN\u0022:4.04,\u0022DoublePrimitive\u0022:4.04,\u0022DoubleN\u0022:4.04,\u0022Double\u0022:4.04,\u0022DoubleInteger\u0022:4.0,\u0022GuidN@odata.type\u0022:\u0022Edm.Guid\u0022,\u0022GuidN\u0022:\u00220d391d16-97f1-4b9a-be68-4cc871f90004\u0022,\u0022Guid@odata.type\u0022:\u0022Edm.Guid\u0022,\u0022Guid\u0022:\u00220d391d16-97f1-4b9a-be68-4cc871f90004\u0022,\u0022IntegerPrimitiveN\u0022:4,\u0022IntegerPrimitive\u0022:4,\u0022Int32N\u0022:4,\u0022Int32\u0022:4,\u0022LongPrimitiveN@odata.type\u0022:\u0022Edm.Int64\u0022,\u0022LongPrimitiveN\u0022:\u00222147483651\u0022,\u0022LongPrimitive@odata.type\u0022:\u0022Edm.Int64\u0022,\u0022LongPrimitive\u0022:\u00222147483651\u0022,\u0022Int64N@odata.type\u0022:\u0022Edm.Int64\u0022,\u0022Int64N\u0022:\u0022123456789012\u0022,\u0022Int64@odata.type\u0022:\u0022Edm.Int64\u0022,\u0022Int64\u0022:\u00222147483651\u0022,\u0022String\u0022:\u00220004\u0022}]}"
    },
    {
      "RequestUri": "https://chrissscratch.table.core.windows.net/testtable3qpjbhfe()?$format=application%2Fjson%3Bodata%3Dfullmetadata\u0026$filter=LongPrimitive%20ge%202147483650L",
      "RequestMethod": "GET",
      "RequestHeaders": {
        "Authorization": "Sanitized",
        "DataServiceVersion": "3.0",
        "User-Agent": [
          "azsdk-net-Data.Tables/1.0.0-dev.20200529.1",
          "(.NET Core 4.6.28801.04; Microsoft Windows 10.0.18363 )"
        ],
        "x-ms-client-request-id": "2a172e2fac4689e66cdedae7e4cefbe2",
        "x-ms-date": "Fri, 29 May 2020 13:20:20 GMT",
        "x-ms-return-client-request-id": "true",
        "x-ms-version": "2019-02-02"
      },
      "RequestBody": null,
      "StatusCode": 200,
      "ResponseHeaders": {
        "Cache-Control": "no-cache",
        "Content-Type": "application/json; odata=fullmetadata; streaming=true; charset=utf-8",
        "Date": "Fri, 29 May 2020 13:20:19 GMT",
        "Server": [
          "Windows-Azure-Table/1.0",
          "Microsoft-HTTPAPI/2.0"
        ],
        "Transfer-Encoding": "chunked",
        "X-Content-Type-Options": "nosniff",
        "x-ms-client-request-id": "2a172e2fac4689e66cdedae7e4cefbe2",
        "x-ms-request-id": "56450267-3002-0082-3abb-3565b8000000",
        "x-ms-version": "2019-02-02"
      },
      "ResponseBody": "{\u0022odata.metadata\u0022:\u0022https://chrissscratch.table.core.windows.net/$metadata#testtable3qpjbhfe\u0022,\u0022value\u0022:[{\u0022odata.type\u0022:\u0022chrissscratch.testtable3qpjbhfe\u0022,\u0022odata.id\u0022:\u0022https://chrissscratch.table.core.windows.net/testtable3qpjbhfe(PartitionKey=\u0027somPartition\u0027,RowKey=\u00270003\u0027)\u0022,\u0022odata.etag\u0022:\u0022W/\\\u0022datetime\u00272020-05-29T13%3A20%3A19.9748138Z\u0027\\\u0022\u0022,\u0022odata.editLink\u0022:\u0022testtable3qpjbhfe(PartitionKey=\u0027somPartition\u0027,RowKey=\u00270003\u0027)\u0022,\u0022PartitionKey\u0022:\u0022somPartition\u0022,\u0022RowKey\u0022:\u00220003\u0022,\u0022Timestamp@odata.type\u0022:\u0022Edm.DateTime\u0022,\u0022Timestamp\u0022:\u00222020-05-29T13:20:19.9748138Z\u0022,\u0022DateTimeOffsetN@odata.type\u0022:\u0022Edm.DateTime\u0022,\u0022DateTimeOffsetN\u0022:\u00222020-01-01T01:04:00Z\u0022,\u0022DateTimeOffset@odata.type\u0022:\u0022Edm.DateTime\u0022,\u0022DateTimeOffset\u0022:\u00222020-01-01T01:04:00Z\u0022,\u0022DateTimeN@odata.type\u0022:\u0022Edm.DateTime\u0022,\u0022DateTimeN\u0022:\u00222020-01-01T01:04:00Z\u0022,\u0022DateTime@odata.type\u0022:\u0022Edm.DateTime\u0022,\u0022DateTime\u0022:\u00222020-01-01T01:04:00Z\u0022,\u0022DateTimeAsString\u0022:\u00222020-01-01T01:04:00.0000000Z\u0022,\u0022BoolN\u0022:false,\u0022Bool\u0022:false,\u0022BoolPrimitiveN\u0022:false,\u0022BoolPrimitive\u0022:false,\u0022Binary@odata.type\u0022:\u0022Edm.Binary\u0022,\u0022Binary\u0022:\u0022AQID\u0022,\u0022BinaryPrimitive@odata.type\u0022:\u0022Edm.Binary\u0022,\u0022BinaryPrimitive\u0022:\u0022AQID\u0022,\u0022DoublePrimitiveN\u0022:3.03,\u0022DoublePrimitive\u0022:3.03,\u0022DoubleN\u0022:3.03,\u0022Double\u0022:3.03,\u0022DoubleInteger\u0022:3.0,\u0022GuidN@odata.type\u0022:\u0022Edm.Guid\u0022,\u0022GuidN\u0022:\u00220d391d16-97f1-4b9a-be68-4cc871f90003\u0022,\u0022Guid@odata.type\u0022:\u0022Edm.Guid\u0022,\u0022Guid\u0022:\u00220d391d16-97f1-4b9a-be68-4cc871f90003\u0022,\u0022IntegerPrimitiveN\u0022:3,\u0022IntegerPrimitive\u0022:3,\u0022Int32N\u0022:3,\u0022Int32\u0022:3,\u0022LongPrimitiveN@odata.type\u0022:\u0022Edm.Int64\u0022,\u0022LongPrimitiveN\u0022:\u00222147483650\u0022,\u0022LongPrimitive@odata.type\u0022:\u0022Edm.Int64\u0022,\u0022LongPrimitive\u0022:\u00222147483650\u0022,\u0022Int64N@odata.type\u0022:\u0022Edm.Int64\u0022,\u0022Int64N\u0022:\u0022123456789012\u0022,\u0022Int64@odata.type\u0022:\u0022Edm.Int64\u0022,\u0022Int64\u0022:\u00222147483650\u0022,\u0022String\u0022:\u00220003\u0022},{\u0022odata.type\u0022:\u0022chrissscratch.testtable3qpjbhfe\u0022,\u0022odata.id\u0022:\u0022https://chrissscratch.table.core.windows.net/testtable3qpjbhfe(PartitionKey=\u0027somPartition\u0027,RowKey=\u00270004\u0027)\u0022,\u0022odata.etag\u0022:\u0022W/\\\u0022datetime\u00272020-05-29T13%3A20%3A20.0218547Z\u0027\\\u0022\u0022,\u0022odata.editLink\u0022:\u0022testtable3qpjbhfe(PartitionKey=\u0027somPartition\u0027,RowKey=\u00270004\u0027)\u0022,\u0022PartitionKey\u0022:\u0022somPartition\u0022,\u0022RowKey\u0022:\u00220004\u0022,\u0022Timestamp@odata.type\u0022:\u0022Edm.DateTime\u0022,\u0022Timestamp\u0022:\u00222020-05-29T13:20:20.0218547Z\u0022,\u0022DateTimeOffsetN@odata.type\u0022:\u0022Edm.DateTime\u0022,\u0022DateTimeOffsetN\u0022:\u00222020-01-01T01:05:00Z\u0022,\u0022DateTimeOffset@odata.type\u0022:\u0022Edm.DateTime\u0022,\u0022DateTimeOffset\u0022:\u00222020-01-01T01:05:00Z\u0022,\u0022DateTimeN@odata.type\u0022:\u0022Edm.DateTime\u0022,\u0022DateTimeN\u0022:\u00222020-01-01T01:05:00Z\u0022,\u0022DateTime@odata.type\u0022:\u0022Edm.DateTime\u0022,\u0022DateTime\u0022:\u00222020-01-01T01:05:00Z\u0022,\u0022DateTimeAsString\u0022:\u00222020-01-01T01:05:00.0000000Z\u0022,\u0022BoolN\u0022:false,\u0022Bool\u0022:true,\u0022BoolPrimitiveN\u0022:false,\u0022BoolPrimitive\u0022:true,\u0022Binary@odata.type\u0022:\u0022Edm.Binary\u0022,\u0022Binary\u0022:\u0022AQIE\u0022,\u0022BinaryPrimitive@odata.type\u0022:\u0022Edm.Binary\u0022,\u0022BinaryPrimitive\u0022:\u0022AQIE\u0022,\u0022DoublePrimitiveN\u0022:4.04,\u0022DoublePrimitive\u0022:4.04,\u0022DoubleN\u0022:4.04,\u0022Double\u0022:4.04,\u0022DoubleInteger\u0022:4.0,\u0022GuidN@odata.type\u0022:\u0022Edm.Guid\u0022,\u0022GuidN\u0022:\u00220d391d16-97f1-4b9a-be68-4cc871f90004\u0022,\u0022Guid@odata.type\u0022:\u0022Edm.Guid\u0022,\u0022Guid\u0022:\u00220d391d16-97f1-4b9a-be68-4cc871f90004\u0022,\u0022IntegerPrimitiveN\u0022:4,\u0022IntegerPrimitive\u0022:4,\u0022Int32N\u0022:4,\u0022Int32\u0022:4,\u0022LongPrimitiveN@odata.type\u0022:\u0022Edm.Int64\u0022,\u0022LongPrimitiveN\u0022:\u00222147483651\u0022,\u0022LongPrimitive@odata.type\u0022:\u0022Edm.Int64\u0022,\u0022LongPrimitive\u0022:\u00222147483651\u0022,\u0022Int64N@odata.type\u0022:\u0022Edm.Int64\u0022,\u0022Int64N\u0022:\u0022123456789012\u0022,\u0022Int64@odata.type\u0022:\u0022Edm.Int64\u0022,\u0022Int64\u0022:\u00222147483651\u0022,\u0022String\u0022:\u00220004\u0022}]}"
    },
    {
      "RequestUri": "https://chrissscratch.table.core.windows.net/testtable3qpjbhfe()?$format=application%2Fjson%3Bodata%3Dfullmetadata\u0026$filter=LongPrimitiveN%20ge%202147483650L",
      "RequestMethod": "GET",
      "RequestHeaders": {
        "Authorization": "Sanitized",
        "DataServiceVersion": "3.0",
        "User-Agent": [
          "azsdk-net-Data.Tables/1.0.0-dev.20200529.1",
          "(.NET Core 4.6.28801.04; Microsoft Windows 10.0.18363 )"
        ],
        "x-ms-client-request-id": "4ec7a4e503147fc388ef4b7f57fa82c1",
        "x-ms-date": "Fri, 29 May 2020 13:20:20 GMT",
        "x-ms-return-client-request-id": "true",
        "x-ms-version": "2019-02-02"
      },
      "RequestBody": null,
      "StatusCode": 200,
      "ResponseHeaders": {
        "Cache-Control": "no-cache",
        "Content-Type": "application/json; odata=fullmetadata; streaming=true; charset=utf-8",
        "Date": "Fri, 29 May 2020 13:20:20 GMT",
        "Server": [
          "Windows-Azure-Table/1.0",
          "Microsoft-HTTPAPI/2.0"
        ],
        "Transfer-Encoding": "chunked",
        "X-Content-Type-Options": "nosniff",
        "x-ms-client-request-id": "4ec7a4e503147fc388ef4b7f57fa82c1",
        "x-ms-request-id": "56450291-3002-0082-62bb-3565b8000000",
        "x-ms-version": "2019-02-02"
      },
      "ResponseBody": "{\u0022odata.metadata\u0022:\u0022https://chrissscratch.table.core.windows.net/$metadata#testtable3qpjbhfe\u0022,\u0022value\u0022:[{\u0022odata.type\u0022:\u0022chrissscratch.testtable3qpjbhfe\u0022,\u0022odata.id\u0022:\u0022https://chrissscratch.table.core.windows.net/testtable3qpjbhfe(PartitionKey=\u0027somPartition\u0027,RowKey=\u00270003\u0027)\u0022,\u0022odata.etag\u0022:\u0022W/\\\u0022datetime\u00272020-05-29T13%3A20%3A19.9748138Z\u0027\\\u0022\u0022,\u0022odata.editLink\u0022:\u0022testtable3qpjbhfe(PartitionKey=\u0027somPartition\u0027,RowKey=\u00270003\u0027)\u0022,\u0022PartitionKey\u0022:\u0022somPartition\u0022,\u0022RowKey\u0022:\u00220003\u0022,\u0022Timestamp@odata.type\u0022:\u0022Edm.DateTime\u0022,\u0022Timestamp\u0022:\u00222020-05-29T13:20:19.9748138Z\u0022,\u0022DateTimeOffsetN@odata.type\u0022:\u0022Edm.DateTime\u0022,\u0022DateTimeOffsetN\u0022:\u00222020-01-01T01:04:00Z\u0022,\u0022DateTimeOffset@odata.type\u0022:\u0022Edm.DateTime\u0022,\u0022DateTimeOffset\u0022:\u00222020-01-01T01:04:00Z\u0022,\u0022DateTimeN@odata.type\u0022:\u0022Edm.DateTime\u0022,\u0022DateTimeN\u0022:\u00222020-01-01T01:04:00Z\u0022,\u0022DateTime@odata.type\u0022:\u0022Edm.DateTime\u0022,\u0022DateTime\u0022:\u00222020-01-01T01:04:00Z\u0022,\u0022DateTimeAsString\u0022:\u00222020-01-01T01:04:00.0000000Z\u0022,\u0022BoolN\u0022:false,\u0022Bool\u0022:false,\u0022BoolPrimitiveN\u0022:false,\u0022BoolPrimitive\u0022:false,\u0022Binary@odata.type\u0022:\u0022Edm.Binary\u0022,\u0022Binary\u0022:\u0022AQID\u0022,\u0022BinaryPrimitive@odata.type\u0022:\u0022Edm.Binary\u0022,\u0022BinaryPrimitive\u0022:\u0022AQID\u0022,\u0022DoublePrimitiveN\u0022:3.03,\u0022DoublePrimitive\u0022:3.03,\u0022DoubleN\u0022:3.03,\u0022Double\u0022:3.03,\u0022DoubleInteger\u0022:3.0,\u0022GuidN@odata.type\u0022:\u0022Edm.Guid\u0022,\u0022GuidN\u0022:\u00220d391d16-97f1-4b9a-be68-4cc871f90003\u0022,\u0022Guid@odata.type\u0022:\u0022Edm.Guid\u0022,\u0022Guid\u0022:\u00220d391d16-97f1-4b9a-be68-4cc871f90003\u0022,\u0022IntegerPrimitiveN\u0022:3,\u0022IntegerPrimitive\u0022:3,\u0022Int32N\u0022:3,\u0022Int32\u0022:3,\u0022LongPrimitiveN@odata.type\u0022:\u0022Edm.Int64\u0022,\u0022LongPrimitiveN\u0022:\u00222147483650\u0022,\u0022LongPrimitive@odata.type\u0022:\u0022Edm.Int64\u0022,\u0022LongPrimitive\u0022:\u00222147483650\u0022,\u0022Int64N@odata.type\u0022:\u0022Edm.Int64\u0022,\u0022Int64N\u0022:\u0022123456789012\u0022,\u0022Int64@odata.type\u0022:\u0022Edm.Int64\u0022,\u0022Int64\u0022:\u00222147483650\u0022,\u0022String\u0022:\u00220003\u0022},{\u0022odata.type\u0022:\u0022chrissscratch.testtable3qpjbhfe\u0022,\u0022odata.id\u0022:\u0022https://chrissscratch.table.core.windows.net/testtable3qpjbhfe(PartitionKey=\u0027somPartition\u0027,RowKey=\u00270004\u0027)\u0022,\u0022odata.etag\u0022:\u0022W/\\\u0022datetime\u00272020-05-29T13%3A20%3A20.0218547Z\u0027\\\u0022\u0022,\u0022odata.editLink\u0022:\u0022testtable3qpjbhfe(PartitionKey=\u0027somPartition\u0027,RowKey=\u00270004\u0027)\u0022,\u0022PartitionKey\u0022:\u0022somPartition\u0022,\u0022RowKey\u0022:\u00220004\u0022,\u0022Timestamp@odata.type\u0022:\u0022Edm.DateTime\u0022,\u0022Timestamp\u0022:\u00222020-05-29T13:20:20.0218547Z\u0022,\u0022DateTimeOffsetN@odata.type\u0022:\u0022Edm.DateTime\u0022,\u0022DateTimeOffsetN\u0022:\u00222020-01-01T01:05:00Z\u0022,\u0022DateTimeOffset@odata.type\u0022:\u0022Edm.DateTime\u0022,\u0022DateTimeOffset\u0022:\u00222020-01-01T01:05:00Z\u0022,\u0022DateTimeN@odata.type\u0022:\u0022Edm.DateTime\u0022,\u0022DateTimeN\u0022:\u00222020-01-01T01:05:00Z\u0022,\u0022DateTime@odata.type\u0022:\u0022Edm.DateTime\u0022,\u0022DateTime\u0022:\u00222020-01-01T01:05:00Z\u0022,\u0022DateTimeAsString\u0022:\u00222020-01-01T01:05:00.0000000Z\u0022,\u0022BoolN\u0022:false,\u0022Bool\u0022:true,\u0022BoolPrimitiveN\u0022:false,\u0022BoolPrimitive\u0022:true,\u0022Binary@odata.type\u0022:\u0022Edm.Binary\u0022,\u0022Binary\u0022:\u0022AQIE\u0022,\u0022BinaryPrimitive@odata.type\u0022:\u0022Edm.Binary\u0022,\u0022BinaryPrimitive\u0022:\u0022AQIE\u0022,\u0022DoublePrimitiveN\u0022:4.04,\u0022DoublePrimitive\u0022:4.04,\u0022DoubleN\u0022:4.04,\u0022Double\u0022:4.04,\u0022DoubleInteger\u0022:4.0,\u0022GuidN@odata.type\u0022:\u0022Edm.Guid\u0022,\u0022GuidN\u0022:\u00220d391d16-97f1-4b9a-be68-4cc871f90004\u0022,\u0022Guid@odata.type\u0022:\u0022Edm.Guid\u0022,\u0022Guid\u0022:\u00220d391d16-97f1-4b9a-be68-4cc871f90004\u0022,\u0022IntegerPrimitiveN\u0022:4,\u0022IntegerPrimitive\u0022:4,\u0022Int32N\u0022:4,\u0022Int32\u0022:4,\u0022LongPrimitiveN@odata.type\u0022:\u0022Edm.Int64\u0022,\u0022LongPrimitiveN\u0022:\u00222147483651\u0022,\u0022LongPrimitive@odata.type\u0022:\u0022Edm.Int64\u0022,\u0022LongPrimitive\u0022:\u00222147483651\u0022,\u0022Int64N@odata.type\u0022:\u0022Edm.Int64\u0022,\u0022Int64N\u0022:\u0022123456789012\u0022,\u0022Int64@odata.type\u0022:\u0022Edm.Int64\u0022,\u0022Int64\u0022:\u00222147483651\u0022,\u0022String\u0022:\u00220004\u0022}]}"
    },
    {
      "RequestUri": "https://chrissscratch.table.core.windows.net/testtable3qpjbhfe()?$format=application%2Fjson%3Bodata%3Dfullmetadata\u0026$filter=Double%20ge%203.03",
      "RequestMethod": "GET",
      "RequestHeaders": {
        "Authorization": "Sanitized",
        "DataServiceVersion": "3.0",
        "User-Agent": [
          "azsdk-net-Data.Tables/1.0.0-dev.20200529.1",
          "(.NET Core 4.6.28801.04; Microsoft Windows 10.0.18363 )"
        ],
        "x-ms-client-request-id": "f2c8f4238a78737d186fb1cc54421ca6",
        "x-ms-date": "Fri, 29 May 2020 13:20:20 GMT",
        "x-ms-return-client-request-id": "true",
        "x-ms-version": "2019-02-02"
      },
      "RequestBody": null,
      "StatusCode": 200,
      "ResponseHeaders": {
        "Cache-Control": "no-cache",
        "Content-Type": "application/json; odata=fullmetadata; streaming=true; charset=utf-8",
        "Date": "Fri, 29 May 2020 13:20:20 GMT",
        "Server": [
          "Windows-Azure-Table/1.0",
          "Microsoft-HTTPAPI/2.0"
        ],
        "Transfer-Encoding": "chunked",
        "X-Content-Type-Options": "nosniff",
        "x-ms-client-request-id": "f2c8f4238a78737d186fb1cc54421ca6",
        "x-ms-request-id": "564502c2-3002-0082-11bb-3565b8000000",
        "x-ms-version": "2019-02-02"
      },
      "ResponseBody": "{\u0022odata.metadata\u0022:\u0022https://chrissscratch.table.core.windows.net/$metadata#testtable3qpjbhfe\u0022,\u0022value\u0022:[{\u0022odata.type\u0022:\u0022chrissscratch.testtable3qpjbhfe\u0022,\u0022odata.id\u0022:\u0022https://chrissscratch.table.core.windows.net/testtable3qpjbhfe(PartitionKey=\u0027somPartition\u0027,RowKey=\u00270003\u0027)\u0022,\u0022odata.etag\u0022:\u0022W/\\\u0022datetime\u00272020-05-29T13%3A20%3A19.9748138Z\u0027\\\u0022\u0022,\u0022odata.editLink\u0022:\u0022testtable3qpjbhfe(PartitionKey=\u0027somPartition\u0027,RowKey=\u00270003\u0027)\u0022,\u0022PartitionKey\u0022:\u0022somPartition\u0022,\u0022RowKey\u0022:\u00220003\u0022,\u0022Timestamp@odata.type\u0022:\u0022Edm.DateTime\u0022,\u0022Timestamp\u0022:\u00222020-05-29T13:20:19.9748138Z\u0022,\u0022DateTimeOffsetN@odata.type\u0022:\u0022Edm.DateTime\u0022,\u0022DateTimeOffsetN\u0022:\u00222020-01-01T01:04:00Z\u0022,\u0022DateTimeOffset@odata.type\u0022:\u0022Edm.DateTime\u0022,\u0022DateTimeOffset\u0022:\u00222020-01-01T01:04:00Z\u0022,\u0022DateTimeN@odata.type\u0022:\u0022Edm.DateTime\u0022,\u0022DateTimeN\u0022:\u00222020-01-01T01:04:00Z\u0022,\u0022DateTime@odata.type\u0022:\u0022Edm.DateTime\u0022,\u0022DateTime\u0022:\u00222020-01-01T01:04:00Z\u0022,\u0022DateTimeAsString\u0022:\u00222020-01-01T01:04:00.0000000Z\u0022,\u0022BoolN\u0022:false,\u0022Bool\u0022:false,\u0022BoolPrimitiveN\u0022:false,\u0022BoolPrimitive\u0022:false,\u0022Binary@odata.type\u0022:\u0022Edm.Binary\u0022,\u0022Binary\u0022:\u0022AQID\u0022,\u0022BinaryPrimitive@odata.type\u0022:\u0022Edm.Binary\u0022,\u0022BinaryPrimitive\u0022:\u0022AQID\u0022,\u0022DoublePrimitiveN\u0022:3.03,\u0022DoublePrimitive\u0022:3.03,\u0022DoubleN\u0022:3.03,\u0022Double\u0022:3.03,\u0022DoubleInteger\u0022:3.0,\u0022GuidN@odata.type\u0022:\u0022Edm.Guid\u0022,\u0022GuidN\u0022:\u00220d391d16-97f1-4b9a-be68-4cc871f90003\u0022,\u0022Guid@odata.type\u0022:\u0022Edm.Guid\u0022,\u0022Guid\u0022:\u00220d391d16-97f1-4b9a-be68-4cc871f90003\u0022,\u0022IntegerPrimitiveN\u0022:3,\u0022IntegerPrimitive\u0022:3,\u0022Int32N\u0022:3,\u0022Int32\u0022:3,\u0022LongPrimitiveN@odata.type\u0022:\u0022Edm.Int64\u0022,\u0022LongPrimitiveN\u0022:\u00222147483650\u0022,\u0022LongPrimitive@odata.type\u0022:\u0022Edm.Int64\u0022,\u0022LongPrimitive\u0022:\u00222147483650\u0022,\u0022Int64N@odata.type\u0022:\u0022Edm.Int64\u0022,\u0022Int64N\u0022:\u0022123456789012\u0022,\u0022Int64@odata.type\u0022:\u0022Edm.Int64\u0022,\u0022Int64\u0022:\u00222147483650\u0022,\u0022String\u0022:\u00220003\u0022},{\u0022odata.type\u0022:\u0022chrissscratch.testtable3qpjbhfe\u0022,\u0022odata.id\u0022:\u0022https://chrissscratch.table.core.windows.net/testtable3qpjbhfe(PartitionKey=\u0027somPartition\u0027,RowKey=\u00270004\u0027)\u0022,\u0022odata.etag\u0022:\u0022W/\\\u0022datetime\u00272020-05-29T13%3A20%3A20.0218547Z\u0027\\\u0022\u0022,\u0022odata.editLink\u0022:\u0022testtable3qpjbhfe(PartitionKey=\u0027somPartition\u0027,RowKey=\u00270004\u0027)\u0022,\u0022PartitionKey\u0022:\u0022somPartition\u0022,\u0022RowKey\u0022:\u00220004\u0022,\u0022Timestamp@odata.type\u0022:\u0022Edm.DateTime\u0022,\u0022Timestamp\u0022:\u00222020-05-29T13:20:20.0218547Z\u0022,\u0022DateTimeOffsetN@odata.type\u0022:\u0022Edm.DateTime\u0022,\u0022DateTimeOffsetN\u0022:\u00222020-01-01T01:05:00Z\u0022,\u0022DateTimeOffset@odata.type\u0022:\u0022Edm.DateTime\u0022,\u0022DateTimeOffset\u0022:\u00222020-01-01T01:05:00Z\u0022,\u0022DateTimeN@odata.type\u0022:\u0022Edm.DateTime\u0022,\u0022DateTimeN\u0022:\u00222020-01-01T01:05:00Z\u0022,\u0022DateTime@odata.type\u0022:\u0022Edm.DateTime\u0022,\u0022DateTime\u0022:\u00222020-01-01T01:05:00Z\u0022,\u0022DateTimeAsString\u0022:\u00222020-01-01T01:05:00.0000000Z\u0022,\u0022BoolN\u0022:false,\u0022Bool\u0022:true,\u0022BoolPrimitiveN\u0022:false,\u0022BoolPrimitive\u0022:true,\u0022Binary@odata.type\u0022:\u0022Edm.Binary\u0022,\u0022Binary\u0022:\u0022AQIE\u0022,\u0022BinaryPrimitive@odata.type\u0022:\u0022Edm.Binary\u0022,\u0022BinaryPrimitive\u0022:\u0022AQIE\u0022,\u0022DoublePrimitiveN\u0022:4.04,\u0022DoublePrimitive\u0022:4.04,\u0022DoubleN\u0022:4.04,\u0022Double\u0022:4.04,\u0022DoubleInteger\u0022:4.0,\u0022GuidN@odata.type\u0022:\u0022Edm.Guid\u0022,\u0022GuidN\u0022:\u00220d391d16-97f1-4b9a-be68-4cc871f90004\u0022,\u0022Guid@odata.type\u0022:\u0022Edm.Guid\u0022,\u0022Guid\u0022:\u00220d391d16-97f1-4b9a-be68-4cc871f90004\u0022,\u0022IntegerPrimitiveN\u0022:4,\u0022IntegerPrimitive\u0022:4,\u0022Int32N\u0022:4,\u0022Int32\u0022:4,\u0022LongPrimitiveN@odata.type\u0022:\u0022Edm.Int64\u0022,\u0022LongPrimitiveN\u0022:\u00222147483651\u0022,\u0022LongPrimitive@odata.type\u0022:\u0022Edm.Int64\u0022,\u0022LongPrimitive\u0022:\u00222147483651\u0022,\u0022Int64N@odata.type\u0022:\u0022Edm.Int64\u0022,\u0022Int64N\u0022:\u0022123456789012\u0022,\u0022Int64@odata.type\u0022:\u0022Edm.Int64\u0022,\u0022Int64\u0022:\u00222147483651\u0022,\u0022String\u0022:\u00220004\u0022}]}"
    },
    {
      "RequestUri": "https://chrissscratch.table.core.windows.net/testtable3qpjbhfe()?$format=application%2Fjson%3Bodata%3Dfullmetadata\u0026$filter=DoublePrimitive%20ge%203.03",
      "RequestMethod": "GET",
      "RequestHeaders": {
        "Authorization": "Sanitized",
        "DataServiceVersion": "3.0",
        "User-Agent": [
          "azsdk-net-Data.Tables/1.0.0-dev.20200529.1",
          "(.NET Core 4.6.28801.04; Microsoft Windows 10.0.18363 )"
        ],
        "x-ms-client-request-id": "fffb43bee7062b176b98a25661663272",
        "x-ms-date": "Fri, 29 May 2020 13:20:20 GMT",
        "x-ms-return-client-request-id": "true",
        "x-ms-version": "2019-02-02"
      },
      "RequestBody": null,
      "StatusCode": 200,
      "ResponseHeaders": {
        "Cache-Control": "no-cache",
        "Content-Type": "application/json; odata=fullmetadata; streaming=true; charset=utf-8",
        "Date": "Fri, 29 May 2020 13:20:20 GMT",
        "Server": [
          "Windows-Azure-Table/1.0",
          "Microsoft-HTTPAPI/2.0"
        ],
        "Transfer-Encoding": "chunked",
        "X-Content-Type-Options": "nosniff",
        "x-ms-client-request-id": "fffb43bee7062b176b98a25661663272",
        "x-ms-request-id": "564502ef-3002-0082-3bbb-3565b8000000",
        "x-ms-version": "2019-02-02"
      },
      "ResponseBody": "{\u0022odata.metadata\u0022:\u0022https://chrissscratch.table.core.windows.net/$metadata#testtable3qpjbhfe\u0022,\u0022value\u0022:[{\u0022odata.type\u0022:\u0022chrissscratch.testtable3qpjbhfe\u0022,\u0022odata.id\u0022:\u0022https://chrissscratch.table.core.windows.net/testtable3qpjbhfe(PartitionKey=\u0027somPartition\u0027,RowKey=\u00270003\u0027)\u0022,\u0022odata.etag\u0022:\u0022W/\\\u0022datetime\u00272020-05-29T13%3A20%3A19.9748138Z\u0027\\\u0022\u0022,\u0022odata.editLink\u0022:\u0022testtable3qpjbhfe(PartitionKey=\u0027somPartition\u0027,RowKey=\u00270003\u0027)\u0022,\u0022PartitionKey\u0022:\u0022somPartition\u0022,\u0022RowKey\u0022:\u00220003\u0022,\u0022Timestamp@odata.type\u0022:\u0022Edm.DateTime\u0022,\u0022Timestamp\u0022:\u00222020-05-29T13:20:19.9748138Z\u0022,\u0022DateTimeOffsetN@odata.type\u0022:\u0022Edm.DateTime\u0022,\u0022DateTimeOffsetN\u0022:\u00222020-01-01T01:04:00Z\u0022,\u0022DateTimeOffset@odata.type\u0022:\u0022Edm.DateTime\u0022,\u0022DateTimeOffset\u0022:\u00222020-01-01T01:04:00Z\u0022,\u0022DateTimeN@odata.type\u0022:\u0022Edm.DateTime\u0022,\u0022DateTimeN\u0022:\u00222020-01-01T01:04:00Z\u0022,\u0022DateTime@odata.type\u0022:\u0022Edm.DateTime\u0022,\u0022DateTime\u0022:\u00222020-01-01T01:04:00Z\u0022,\u0022DateTimeAsString\u0022:\u00222020-01-01T01:04:00.0000000Z\u0022,\u0022BoolN\u0022:false,\u0022Bool\u0022:false,\u0022BoolPrimitiveN\u0022:false,\u0022BoolPrimitive\u0022:false,\u0022Binary@odata.type\u0022:\u0022Edm.Binary\u0022,\u0022Binary\u0022:\u0022AQID\u0022,\u0022BinaryPrimitive@odata.type\u0022:\u0022Edm.Binary\u0022,\u0022BinaryPrimitive\u0022:\u0022AQID\u0022,\u0022DoublePrimitiveN\u0022:3.03,\u0022DoublePrimitive\u0022:3.03,\u0022DoubleN\u0022:3.03,\u0022Double\u0022:3.03,\u0022DoubleInteger\u0022:3.0,\u0022GuidN@odata.type\u0022:\u0022Edm.Guid\u0022,\u0022GuidN\u0022:\u00220d391d16-97f1-4b9a-be68-4cc871f90003\u0022,\u0022Guid@odata.type\u0022:\u0022Edm.Guid\u0022,\u0022Guid\u0022:\u00220d391d16-97f1-4b9a-be68-4cc871f90003\u0022,\u0022IntegerPrimitiveN\u0022:3,\u0022IntegerPrimitive\u0022:3,\u0022Int32N\u0022:3,\u0022Int32\u0022:3,\u0022LongPrimitiveN@odata.type\u0022:\u0022Edm.Int64\u0022,\u0022LongPrimitiveN\u0022:\u00222147483650\u0022,\u0022LongPrimitive@odata.type\u0022:\u0022Edm.Int64\u0022,\u0022LongPrimitive\u0022:\u00222147483650\u0022,\u0022Int64N@odata.type\u0022:\u0022Edm.Int64\u0022,\u0022Int64N\u0022:\u0022123456789012\u0022,\u0022Int64@odata.type\u0022:\u0022Edm.Int64\u0022,\u0022Int64\u0022:\u00222147483650\u0022,\u0022String\u0022:\u00220003\u0022},{\u0022odata.type\u0022:\u0022chrissscratch.testtable3qpjbhfe\u0022,\u0022odata.id\u0022:\u0022https://chrissscratch.table.core.windows.net/testtable3qpjbhfe(PartitionKey=\u0027somPartition\u0027,RowKey=\u00270004\u0027)\u0022,\u0022odata.etag\u0022:\u0022W/\\\u0022datetime\u00272020-05-29T13%3A20%3A20.0218547Z\u0027\\\u0022\u0022,\u0022odata.editLink\u0022:\u0022testtable3qpjbhfe(PartitionKey=\u0027somPartition\u0027,RowKey=\u00270004\u0027)\u0022,\u0022PartitionKey\u0022:\u0022somPartition\u0022,\u0022RowKey\u0022:\u00220004\u0022,\u0022Timestamp@odata.type\u0022:\u0022Edm.DateTime\u0022,\u0022Timestamp\u0022:\u00222020-05-29T13:20:20.0218547Z\u0022,\u0022DateTimeOffsetN@odata.type\u0022:\u0022Edm.DateTime\u0022,\u0022DateTimeOffsetN\u0022:\u00222020-01-01T01:05:00Z\u0022,\u0022DateTimeOffset@odata.type\u0022:\u0022Edm.DateTime\u0022,\u0022DateTimeOffset\u0022:\u00222020-01-01T01:05:00Z\u0022,\u0022DateTimeN@odata.type\u0022:\u0022Edm.DateTime\u0022,\u0022DateTimeN\u0022:\u00222020-01-01T01:05:00Z\u0022,\u0022DateTime@odata.type\u0022:\u0022Edm.DateTime\u0022,\u0022DateTime\u0022:\u00222020-01-01T01:05:00Z\u0022,\u0022DateTimeAsString\u0022:\u00222020-01-01T01:05:00.0000000Z\u0022,\u0022BoolN\u0022:false,\u0022Bool\u0022:true,\u0022BoolPrimitiveN\u0022:false,\u0022BoolPrimitive\u0022:true,\u0022Binary@odata.type\u0022:\u0022Edm.Binary\u0022,\u0022Binary\u0022:\u0022AQIE\u0022,\u0022BinaryPrimitive@odata.type\u0022:\u0022Edm.Binary\u0022,\u0022BinaryPrimitive\u0022:\u0022AQIE\u0022,\u0022DoublePrimitiveN\u0022:4.04,\u0022DoublePrimitive\u0022:4.04,\u0022DoubleN\u0022:4.04,\u0022Double\u0022:4.04,\u0022DoubleInteger\u0022:4.0,\u0022GuidN@odata.type\u0022:\u0022Edm.Guid\u0022,\u0022GuidN\u0022:\u00220d391d16-97f1-4b9a-be68-4cc871f90004\u0022,\u0022Guid@odata.type\u0022:\u0022Edm.Guid\u0022,\u0022Guid\u0022:\u00220d391d16-97f1-4b9a-be68-4cc871f90004\u0022,\u0022IntegerPrimitiveN\u0022:4,\u0022IntegerPrimitive\u0022:4,\u0022Int32N\u0022:4,\u0022Int32\u0022:4,\u0022LongPrimitiveN@odata.type\u0022:\u0022Edm.Int64\u0022,\u0022LongPrimitiveN\u0022:\u00222147483651\u0022,\u0022LongPrimitive@odata.type\u0022:\u0022Edm.Int64\u0022,\u0022LongPrimitive\u0022:\u00222147483651\u0022,\u0022Int64N@odata.type\u0022:\u0022Edm.Int64\u0022,\u0022Int64N\u0022:\u0022123456789012\u0022,\u0022Int64@odata.type\u0022:\u0022Edm.Int64\u0022,\u0022Int64\u0022:\u00222147483651\u0022,\u0022String\u0022:\u00220004\u0022}]}"
    },
    {
      "RequestUri": "https://chrissscratch.table.core.windows.net/testtable3qpjbhfe()?$format=application%2Fjson%3Bodata%3Dfullmetadata\u0026$filter=Int32%20ge%203",
      "RequestMethod": "GET",
      "RequestHeaders": {
        "Authorization": "Sanitized",
        "DataServiceVersion": "3.0",
        "User-Agent": [
          "azsdk-net-Data.Tables/1.0.0-dev.20200529.1",
          "(.NET Core 4.6.28801.04; Microsoft Windows 10.0.18363 )"
        ],
        "x-ms-client-request-id": "efc4185c08065b69265436a452f62a45",
        "x-ms-date": "Fri, 29 May 2020 13:20:20 GMT",
        "x-ms-return-client-request-id": "true",
        "x-ms-version": "2019-02-02"
      },
      "RequestBody": null,
      "StatusCode": 200,
      "ResponseHeaders": {
        "Cache-Control": "no-cache",
        "Content-Type": "application/json; odata=fullmetadata; streaming=true; charset=utf-8",
        "Date": "Fri, 29 May 2020 13:20:20 GMT",
        "Server": [
          "Windows-Azure-Table/1.0",
          "Microsoft-HTTPAPI/2.0"
        ],
        "Transfer-Encoding": "chunked",
        "X-Content-Type-Options": "nosniff",
        "x-ms-client-request-id": "efc4185c08065b69265436a452f62a45",
        "x-ms-request-id": "56450314-3002-0082-5abb-3565b8000000",
        "x-ms-version": "2019-02-02"
      },
      "ResponseBody": "{\u0022odata.metadata\u0022:\u0022https://chrissscratch.table.core.windows.net/$metadata#testtable3qpjbhfe\u0022,\u0022value\u0022:[{\u0022odata.type\u0022:\u0022chrissscratch.testtable3qpjbhfe\u0022,\u0022odata.id\u0022:\u0022https://chrissscratch.table.core.windows.net/testtable3qpjbhfe(PartitionKey=\u0027somPartition\u0027,RowKey=\u00270003\u0027)\u0022,\u0022odata.etag\u0022:\u0022W/\\\u0022datetime\u00272020-05-29T13%3A20%3A19.9748138Z\u0027\\\u0022\u0022,\u0022odata.editLink\u0022:\u0022testtable3qpjbhfe(PartitionKey=\u0027somPartition\u0027,RowKey=\u00270003\u0027)\u0022,\u0022PartitionKey\u0022:\u0022somPartition\u0022,\u0022RowKey\u0022:\u00220003\u0022,\u0022Timestamp@odata.type\u0022:\u0022Edm.DateTime\u0022,\u0022Timestamp\u0022:\u00222020-05-29T13:20:19.9748138Z\u0022,\u0022DateTimeOffsetN@odata.type\u0022:\u0022Edm.DateTime\u0022,\u0022DateTimeOffsetN\u0022:\u00222020-01-01T01:04:00Z\u0022,\u0022DateTimeOffset@odata.type\u0022:\u0022Edm.DateTime\u0022,\u0022DateTimeOffset\u0022:\u00222020-01-01T01:04:00Z\u0022,\u0022DateTimeN@odata.type\u0022:\u0022Edm.DateTime\u0022,\u0022DateTimeN\u0022:\u00222020-01-01T01:04:00Z\u0022,\u0022DateTime@odata.type\u0022:\u0022Edm.DateTime\u0022,\u0022DateTime\u0022:\u00222020-01-01T01:04:00Z\u0022,\u0022DateTimeAsString\u0022:\u00222020-01-01T01:04:00.0000000Z\u0022,\u0022BoolN\u0022:false,\u0022Bool\u0022:false,\u0022BoolPrimitiveN\u0022:false,\u0022BoolPrimitive\u0022:false,\u0022Binary@odata.type\u0022:\u0022Edm.Binary\u0022,\u0022Binary\u0022:\u0022AQID\u0022,\u0022BinaryPrimitive@odata.type\u0022:\u0022Edm.Binary\u0022,\u0022BinaryPrimitive\u0022:\u0022AQID\u0022,\u0022DoublePrimitiveN\u0022:3.03,\u0022DoublePrimitive\u0022:3.03,\u0022DoubleN\u0022:3.03,\u0022Double\u0022:3.03,\u0022DoubleInteger\u0022:3.0,\u0022GuidN@odata.type\u0022:\u0022Edm.Guid\u0022,\u0022GuidN\u0022:\u00220d391d16-97f1-4b9a-be68-4cc871f90003\u0022,\u0022Guid@odata.type\u0022:\u0022Edm.Guid\u0022,\u0022Guid\u0022:\u00220d391d16-97f1-4b9a-be68-4cc871f90003\u0022,\u0022IntegerPrimitiveN\u0022:3,\u0022IntegerPrimitive\u0022:3,\u0022Int32N\u0022:3,\u0022Int32\u0022:3,\u0022LongPrimitiveN@odata.type\u0022:\u0022Edm.Int64\u0022,\u0022LongPrimitiveN\u0022:\u00222147483650\u0022,\u0022LongPrimitive@odata.type\u0022:\u0022Edm.Int64\u0022,\u0022LongPrimitive\u0022:\u00222147483650\u0022,\u0022Int64N@odata.type\u0022:\u0022Edm.Int64\u0022,\u0022Int64N\u0022:\u0022123456789012\u0022,\u0022Int64@odata.type\u0022:\u0022Edm.Int64\u0022,\u0022Int64\u0022:\u00222147483650\u0022,\u0022String\u0022:\u00220003\u0022},{\u0022odata.type\u0022:\u0022chrissscratch.testtable3qpjbhfe\u0022,\u0022odata.id\u0022:\u0022https://chrissscratch.table.core.windows.net/testtable3qpjbhfe(PartitionKey=\u0027somPartition\u0027,RowKey=\u00270004\u0027)\u0022,\u0022odata.etag\u0022:\u0022W/\\\u0022datetime\u00272020-05-29T13%3A20%3A20.0218547Z\u0027\\\u0022\u0022,\u0022odata.editLink\u0022:\u0022testtable3qpjbhfe(PartitionKey=\u0027somPartition\u0027,RowKey=\u00270004\u0027)\u0022,\u0022PartitionKey\u0022:\u0022somPartition\u0022,\u0022RowKey\u0022:\u00220004\u0022,\u0022Timestamp@odata.type\u0022:\u0022Edm.DateTime\u0022,\u0022Timestamp\u0022:\u00222020-05-29T13:20:20.0218547Z\u0022,\u0022DateTimeOffsetN@odata.type\u0022:\u0022Edm.DateTime\u0022,\u0022DateTimeOffsetN\u0022:\u00222020-01-01T01:05:00Z\u0022,\u0022DateTimeOffset@odata.type\u0022:\u0022Edm.DateTime\u0022,\u0022DateTimeOffset\u0022:\u00222020-01-01T01:05:00Z\u0022,\u0022DateTimeN@odata.type\u0022:\u0022Edm.DateTime\u0022,\u0022DateTimeN\u0022:\u00222020-01-01T01:05:00Z\u0022,\u0022DateTime@odata.type\u0022:\u0022Edm.DateTime\u0022,\u0022DateTime\u0022:\u00222020-01-01T01:05:00Z\u0022,\u0022DateTimeAsString\u0022:\u00222020-01-01T01:05:00.0000000Z\u0022,\u0022BoolN\u0022:false,\u0022Bool\u0022:true,\u0022BoolPrimitiveN\u0022:false,\u0022BoolPrimitive\u0022:true,\u0022Binary@odata.type\u0022:\u0022Edm.Binary\u0022,\u0022Binary\u0022:\u0022AQIE\u0022,\u0022BinaryPrimitive@odata.type\u0022:\u0022Edm.Binary\u0022,\u0022BinaryPrimitive\u0022:\u0022AQIE\u0022,\u0022DoublePrimitiveN\u0022:4.04,\u0022DoublePrimitive\u0022:4.04,\u0022DoubleN\u0022:4.04,\u0022Double\u0022:4.04,\u0022DoubleInteger\u0022:4.0,\u0022GuidN@odata.type\u0022:\u0022Edm.Guid\u0022,\u0022GuidN\u0022:\u00220d391d16-97f1-4b9a-be68-4cc871f90004\u0022,\u0022Guid@odata.type\u0022:\u0022Edm.Guid\u0022,\u0022Guid\u0022:\u00220d391d16-97f1-4b9a-be68-4cc871f90004\u0022,\u0022IntegerPrimitiveN\u0022:4,\u0022IntegerPrimitive\u0022:4,\u0022Int32N\u0022:4,\u0022Int32\u0022:4,\u0022LongPrimitiveN@odata.type\u0022:\u0022Edm.Int64\u0022,\u0022LongPrimitiveN\u0022:\u00222147483651\u0022,\u0022LongPrimitive@odata.type\u0022:\u0022Edm.Int64\u0022,\u0022LongPrimitive\u0022:\u00222147483651\u0022,\u0022Int64N@odata.type\u0022:\u0022Edm.Int64\u0022,\u0022Int64N\u0022:\u0022123456789012\u0022,\u0022Int64@odata.type\u0022:\u0022Edm.Int64\u0022,\u0022Int64\u0022:\u00222147483651\u0022,\u0022String\u0022:\u00220004\u0022}]}"
    },
    {
      "RequestUri": "https://chrissscratch.table.core.windows.net/testtable3qpjbhfe()?$format=application%2Fjson%3Bodata%3Dfullmetadata\u0026$filter=Int32N%20ge%203",
      "RequestMethod": "GET",
      "RequestHeaders": {
        "Authorization": "Sanitized",
        "DataServiceVersion": "3.0",
        "User-Agent": [
          "azsdk-net-Data.Tables/1.0.0-dev.20200529.1",
          "(.NET Core 4.6.28801.04; Microsoft Windows 10.0.18363 )"
        ],
        "x-ms-client-request-id": "14c1a4d382fe3cbadd9c86dfe72611b1",
        "x-ms-date": "Fri, 29 May 2020 13:20:21 GMT",
        "x-ms-return-client-request-id": "true",
        "x-ms-version": "2019-02-02"
      },
      "RequestBody": null,
      "StatusCode": 200,
      "ResponseHeaders": {
        "Cache-Control": "no-cache",
        "Content-Type": "application/json; odata=fullmetadata; streaming=true; charset=utf-8",
        "Date": "Fri, 29 May 2020 13:20:20 GMT",
        "Server": [
          "Windows-Azure-Table/1.0",
          "Microsoft-HTTPAPI/2.0"
        ],
        "Transfer-Encoding": "chunked",
        "X-Content-Type-Options": "nosniff",
        "x-ms-client-request-id": "14c1a4d382fe3cbadd9c86dfe72611b1",
        "x-ms-request-id": "5645032f-3002-0082-70bb-3565b8000000",
        "x-ms-version": "2019-02-02"
      },
      "ResponseBody": "{\u0022odata.metadata\u0022:\u0022https://chrissscratch.table.core.windows.net/$metadata#testtable3qpjbhfe\u0022,\u0022value\u0022:[{\u0022odata.type\u0022:\u0022chrissscratch.testtable3qpjbhfe\u0022,\u0022odata.id\u0022:\u0022https://chrissscratch.table.core.windows.net/testtable3qpjbhfe(PartitionKey=\u0027somPartition\u0027,RowKey=\u00270003\u0027)\u0022,\u0022odata.etag\u0022:\u0022W/\\\u0022datetime\u00272020-05-29T13%3A20%3A19.9748138Z\u0027\\\u0022\u0022,\u0022odata.editLink\u0022:\u0022testtable3qpjbhfe(PartitionKey=\u0027somPartition\u0027,RowKey=\u00270003\u0027)\u0022,\u0022PartitionKey\u0022:\u0022somPartition\u0022,\u0022RowKey\u0022:\u00220003\u0022,\u0022Timestamp@odata.type\u0022:\u0022Edm.DateTime\u0022,\u0022Timestamp\u0022:\u00222020-05-29T13:20:19.9748138Z\u0022,\u0022DateTimeOffsetN@odata.type\u0022:\u0022Edm.DateTime\u0022,\u0022DateTimeOffsetN\u0022:\u00222020-01-01T01:04:00Z\u0022,\u0022DateTimeOffset@odata.type\u0022:\u0022Edm.DateTime\u0022,\u0022DateTimeOffset\u0022:\u00222020-01-01T01:04:00Z\u0022,\u0022DateTimeN@odata.type\u0022:\u0022Edm.DateTime\u0022,\u0022DateTimeN\u0022:\u00222020-01-01T01:04:00Z\u0022,\u0022DateTime@odata.type\u0022:\u0022Edm.DateTime\u0022,\u0022DateTime\u0022:\u00222020-01-01T01:04:00Z\u0022,\u0022DateTimeAsString\u0022:\u00222020-01-01T01:04:00.0000000Z\u0022,\u0022BoolN\u0022:false,\u0022Bool\u0022:false,\u0022BoolPrimitiveN\u0022:false,\u0022BoolPrimitive\u0022:false,\u0022Binary@odata.type\u0022:\u0022Edm.Binary\u0022,\u0022Binary\u0022:\u0022AQID\u0022,\u0022BinaryPrimitive@odata.type\u0022:\u0022Edm.Binary\u0022,\u0022BinaryPrimitive\u0022:\u0022AQID\u0022,\u0022DoublePrimitiveN\u0022:3.03,\u0022DoublePrimitive\u0022:3.03,\u0022DoubleN\u0022:3.03,\u0022Double\u0022:3.03,\u0022DoubleInteger\u0022:3.0,\u0022GuidN@odata.type\u0022:\u0022Edm.Guid\u0022,\u0022GuidN\u0022:\u00220d391d16-97f1-4b9a-be68-4cc871f90003\u0022,\u0022Guid@odata.type\u0022:\u0022Edm.Guid\u0022,\u0022Guid\u0022:\u00220d391d16-97f1-4b9a-be68-4cc871f90003\u0022,\u0022IntegerPrimitiveN\u0022:3,\u0022IntegerPrimitive\u0022:3,\u0022Int32N\u0022:3,\u0022Int32\u0022:3,\u0022LongPrimitiveN@odata.type\u0022:\u0022Edm.Int64\u0022,\u0022LongPrimitiveN\u0022:\u00222147483650\u0022,\u0022LongPrimitive@odata.type\u0022:\u0022Edm.Int64\u0022,\u0022LongPrimitive\u0022:\u00222147483650\u0022,\u0022Int64N@odata.type\u0022:\u0022Edm.Int64\u0022,\u0022Int64N\u0022:\u0022123456789012\u0022,\u0022Int64@odata.type\u0022:\u0022Edm.Int64\u0022,\u0022Int64\u0022:\u00222147483650\u0022,\u0022String\u0022:\u00220003\u0022},{\u0022odata.type\u0022:\u0022chrissscratch.testtable3qpjbhfe\u0022,\u0022odata.id\u0022:\u0022https://chrissscratch.table.core.windows.net/testtable3qpjbhfe(PartitionKey=\u0027somPartition\u0027,RowKey=\u00270004\u0027)\u0022,\u0022odata.etag\u0022:\u0022W/\\\u0022datetime\u00272020-05-29T13%3A20%3A20.0218547Z\u0027\\\u0022\u0022,\u0022odata.editLink\u0022:\u0022testtable3qpjbhfe(PartitionKey=\u0027somPartition\u0027,RowKey=\u00270004\u0027)\u0022,\u0022PartitionKey\u0022:\u0022somPartition\u0022,\u0022RowKey\u0022:\u00220004\u0022,\u0022Timestamp@odata.type\u0022:\u0022Edm.DateTime\u0022,\u0022Timestamp\u0022:\u00222020-05-29T13:20:20.0218547Z\u0022,\u0022DateTimeOffsetN@odata.type\u0022:\u0022Edm.DateTime\u0022,\u0022DateTimeOffsetN\u0022:\u00222020-01-01T01:05:00Z\u0022,\u0022DateTimeOffset@odata.type\u0022:\u0022Edm.DateTime\u0022,\u0022DateTimeOffset\u0022:\u00222020-01-01T01:05:00Z\u0022,\u0022DateTimeN@odata.type\u0022:\u0022Edm.DateTime\u0022,\u0022DateTimeN\u0022:\u00222020-01-01T01:05:00Z\u0022,\u0022DateTime@odata.type\u0022:\u0022Edm.DateTime\u0022,\u0022DateTime\u0022:\u00222020-01-01T01:05:00Z\u0022,\u0022DateTimeAsString\u0022:\u00222020-01-01T01:05:00.0000000Z\u0022,\u0022BoolN\u0022:false,\u0022Bool\u0022:true,\u0022BoolPrimitiveN\u0022:false,\u0022BoolPrimitive\u0022:true,\u0022Binary@odata.type\u0022:\u0022Edm.Binary\u0022,\u0022Binary\u0022:\u0022AQIE\u0022,\u0022BinaryPrimitive@odata.type\u0022:\u0022Edm.Binary\u0022,\u0022BinaryPrimitive\u0022:\u0022AQIE\u0022,\u0022DoublePrimitiveN\u0022:4.04,\u0022DoublePrimitive\u0022:4.04,\u0022DoubleN\u0022:4.04,\u0022Double\u0022:4.04,\u0022DoubleInteger\u0022:4.0,\u0022GuidN@odata.type\u0022:\u0022Edm.Guid\u0022,\u0022GuidN\u0022:\u00220d391d16-97f1-4b9a-be68-4cc871f90004\u0022,\u0022Guid@odata.type\u0022:\u0022Edm.Guid\u0022,\u0022Guid\u0022:\u00220d391d16-97f1-4b9a-be68-4cc871f90004\u0022,\u0022IntegerPrimitiveN\u0022:4,\u0022IntegerPrimitive\u0022:4,\u0022Int32N\u0022:4,\u0022Int32\u0022:4,\u0022LongPrimitiveN@odata.type\u0022:\u0022Edm.Int64\u0022,\u0022LongPrimitiveN\u0022:\u00222147483651\u0022,\u0022LongPrimitive@odata.type\u0022:\u0022Edm.Int64\u0022,\u0022LongPrimitive\u0022:\u00222147483651\u0022,\u0022Int64N@odata.type\u0022:\u0022Edm.Int64\u0022,\u0022Int64N\u0022:\u0022123456789012\u0022,\u0022Int64@odata.type\u0022:\u0022Edm.Int64\u0022,\u0022Int64\u0022:\u00222147483651\u0022,\u0022String\u0022:\u00220004\u0022}]}"
    },
    {
      "RequestUri": "https://chrissscratch.table.core.windows.net/testtable3qpjbhfe()?$format=application%2Fjson%3Bodata%3Dfullmetadata\u0026$filter=DateTimeOffset%20ge%20datetime%272020-01-01T01%3A04%3A00Z%27",
      "RequestMethod": "GET",
      "RequestHeaders": {
        "Authorization": "Sanitized",
        "DataServiceVersion": "3.0",
        "User-Agent": [
          "azsdk-net-Data.Tables/1.0.0-dev.20200529.1",
          "(.NET Core 4.6.28801.04; Microsoft Windows 10.0.18363 )"
        ],
        "x-ms-client-request-id": "3c703f3d2c7eb5a0d9a0d8b2b072d974",
        "x-ms-date": "Fri, 29 May 2020 13:20:21 GMT",
        "x-ms-return-client-request-id": "true",
        "x-ms-version": "2019-02-02"
      },
      "RequestBody": null,
      "StatusCode": 200,
      "ResponseHeaders": {
        "Cache-Control": "no-cache",
        "Content-Type": "application/json; odata=fullmetadata; streaming=true; charset=utf-8",
        "Date": "Fri, 29 May 2020 13:20:20 GMT",
        "Server": [
          "Windows-Azure-Table/1.0",
          "Microsoft-HTTPAPI/2.0"
        ],
        "Transfer-Encoding": "chunked",
        "X-Content-Type-Options": "nosniff",
        "x-ms-client-request-id": "3c703f3d2c7eb5a0d9a0d8b2b072d974",
        "x-ms-request-id": "56450350-3002-0082-0fbb-3565b8000000",
        "x-ms-version": "2019-02-02"
      },
      "ResponseBody": "{\u0022odata.metadata\u0022:\u0022https://chrissscratch.table.core.windows.net/$metadata#testtable3qpjbhfe\u0022,\u0022value\u0022:[{\u0022odata.type\u0022:\u0022chrissscratch.testtable3qpjbhfe\u0022,\u0022odata.id\u0022:\u0022https://chrissscratch.table.core.windows.net/testtable3qpjbhfe(PartitionKey=\u0027somPartition\u0027,RowKey=\u00270003\u0027)\u0022,\u0022odata.etag\u0022:\u0022W/\\\u0022datetime\u00272020-05-29T13%3A20%3A19.9748138Z\u0027\\\u0022\u0022,\u0022odata.editLink\u0022:\u0022testtable3qpjbhfe(PartitionKey=\u0027somPartition\u0027,RowKey=\u00270003\u0027)\u0022,\u0022PartitionKey\u0022:\u0022somPartition\u0022,\u0022RowKey\u0022:\u00220003\u0022,\u0022Timestamp@odata.type\u0022:\u0022Edm.DateTime\u0022,\u0022Timestamp\u0022:\u00222020-05-29T13:20:19.9748138Z\u0022,\u0022DateTimeOffsetN@odata.type\u0022:\u0022Edm.DateTime\u0022,\u0022DateTimeOffsetN\u0022:\u00222020-01-01T01:04:00Z\u0022,\u0022DateTimeOffset@odata.type\u0022:\u0022Edm.DateTime\u0022,\u0022DateTimeOffset\u0022:\u00222020-01-01T01:04:00Z\u0022,\u0022DateTimeN@odata.type\u0022:\u0022Edm.DateTime\u0022,\u0022DateTimeN\u0022:\u00222020-01-01T01:04:00Z\u0022,\u0022DateTime@odata.type\u0022:\u0022Edm.DateTime\u0022,\u0022DateTime\u0022:\u00222020-01-01T01:04:00Z\u0022,\u0022DateTimeAsString\u0022:\u00222020-01-01T01:04:00.0000000Z\u0022,\u0022BoolN\u0022:false,\u0022Bool\u0022:false,\u0022BoolPrimitiveN\u0022:false,\u0022BoolPrimitive\u0022:false,\u0022Binary@odata.type\u0022:\u0022Edm.Binary\u0022,\u0022Binary\u0022:\u0022AQID\u0022,\u0022BinaryPrimitive@odata.type\u0022:\u0022Edm.Binary\u0022,\u0022BinaryPrimitive\u0022:\u0022AQID\u0022,\u0022DoublePrimitiveN\u0022:3.03,\u0022DoublePrimitive\u0022:3.03,\u0022DoubleN\u0022:3.03,\u0022Double\u0022:3.03,\u0022DoubleInteger\u0022:3.0,\u0022GuidN@odata.type\u0022:\u0022Edm.Guid\u0022,\u0022GuidN\u0022:\u00220d391d16-97f1-4b9a-be68-4cc871f90003\u0022,\u0022Guid@odata.type\u0022:\u0022Edm.Guid\u0022,\u0022Guid\u0022:\u00220d391d16-97f1-4b9a-be68-4cc871f90003\u0022,\u0022IntegerPrimitiveN\u0022:3,\u0022IntegerPrimitive\u0022:3,\u0022Int32N\u0022:3,\u0022Int32\u0022:3,\u0022LongPrimitiveN@odata.type\u0022:\u0022Edm.Int64\u0022,\u0022LongPrimitiveN\u0022:\u00222147483650\u0022,\u0022LongPrimitive@odata.type\u0022:\u0022Edm.Int64\u0022,\u0022LongPrimitive\u0022:\u00222147483650\u0022,\u0022Int64N@odata.type\u0022:\u0022Edm.Int64\u0022,\u0022Int64N\u0022:\u0022123456789012\u0022,\u0022Int64@odata.type\u0022:\u0022Edm.Int64\u0022,\u0022Int64\u0022:\u00222147483650\u0022,\u0022String\u0022:\u00220003\u0022},{\u0022odata.type\u0022:\u0022chrissscratch.testtable3qpjbhfe\u0022,\u0022odata.id\u0022:\u0022https://chrissscratch.table.core.windows.net/testtable3qpjbhfe(PartitionKey=\u0027somPartition\u0027,RowKey=\u00270004\u0027)\u0022,\u0022odata.etag\u0022:\u0022W/\\\u0022datetime\u00272020-05-29T13%3A20%3A20.0218547Z\u0027\\\u0022\u0022,\u0022odata.editLink\u0022:\u0022testtable3qpjbhfe(PartitionKey=\u0027somPartition\u0027,RowKey=\u00270004\u0027)\u0022,\u0022PartitionKey\u0022:\u0022somPartition\u0022,\u0022RowKey\u0022:\u00220004\u0022,\u0022Timestamp@odata.type\u0022:\u0022Edm.DateTime\u0022,\u0022Timestamp\u0022:\u00222020-05-29T13:20:20.0218547Z\u0022,\u0022DateTimeOffsetN@odata.type\u0022:\u0022Edm.DateTime\u0022,\u0022DateTimeOffsetN\u0022:\u00222020-01-01T01:05:00Z\u0022,\u0022DateTimeOffset@odata.type\u0022:\u0022Edm.DateTime\u0022,\u0022DateTimeOffset\u0022:\u00222020-01-01T01:05:00Z\u0022,\u0022DateTimeN@odata.type\u0022:\u0022Edm.DateTime\u0022,\u0022DateTimeN\u0022:\u00222020-01-01T01:05:00Z\u0022,\u0022DateTime@odata.type\u0022:\u0022Edm.DateTime\u0022,\u0022DateTime\u0022:\u00222020-01-01T01:05:00Z\u0022,\u0022DateTimeAsString\u0022:\u00222020-01-01T01:05:00.0000000Z\u0022,\u0022BoolN\u0022:false,\u0022Bool\u0022:true,\u0022BoolPrimitiveN\u0022:false,\u0022BoolPrimitive\u0022:true,\u0022Binary@odata.type\u0022:\u0022Edm.Binary\u0022,\u0022Binary\u0022:\u0022AQIE\u0022,\u0022BinaryPrimitive@odata.type\u0022:\u0022Edm.Binary\u0022,\u0022BinaryPrimitive\u0022:\u0022AQIE\u0022,\u0022DoublePrimitiveN\u0022:4.04,\u0022DoublePrimitive\u0022:4.04,\u0022DoubleN\u0022:4.04,\u0022Double\u0022:4.04,\u0022DoubleInteger\u0022:4.0,\u0022GuidN@odata.type\u0022:\u0022Edm.Guid\u0022,\u0022GuidN\u0022:\u00220d391d16-97f1-4b9a-be68-4cc871f90004\u0022,\u0022Guid@odata.type\u0022:\u0022Edm.Guid\u0022,\u0022Guid\u0022:\u00220d391d16-97f1-4b9a-be68-4cc871f90004\u0022,\u0022IntegerPrimitiveN\u0022:4,\u0022IntegerPrimitive\u0022:4,\u0022Int32N\u0022:4,\u0022Int32\u0022:4,\u0022LongPrimitiveN@odata.type\u0022:\u0022Edm.Int64\u0022,\u0022LongPrimitiveN\u0022:\u00222147483651\u0022,\u0022LongPrimitive@odata.type\u0022:\u0022Edm.Int64\u0022,\u0022LongPrimitive\u0022:\u00222147483651\u0022,\u0022Int64N@odata.type\u0022:\u0022Edm.Int64\u0022,\u0022Int64N\u0022:\u0022123456789012\u0022,\u0022Int64@odata.type\u0022:\u0022Edm.Int64\u0022,\u0022Int64\u0022:\u00222147483651\u0022,\u0022String\u0022:\u00220004\u0022}]}"
    },
    {
      "RequestUri": "https://chrissscratch.table.core.windows.net/testtable3qpjbhfe()?$format=application%2Fjson%3Bodata%3Dfullmetadata\u0026$filter=DateTimeOffset%20lt%20datetime%272020-01-01T01%3A04%3A00Z%27",
      "RequestMethod": "GET",
      "RequestHeaders": {
        "Authorization": "Sanitized",
        "DataServiceVersion": "3.0",
        "User-Agent": [
          "azsdk-net-Data.Tables/1.0.0-dev.20200529.1",
          "(.NET Core 4.6.28801.04; Microsoft Windows 10.0.18363 )"
        ],
        "x-ms-client-request-id": "bc835d6d1da5d9735d871269818974ff",
        "x-ms-date": "Fri, 29 May 2020 13:20:21 GMT",
        "x-ms-return-client-request-id": "true",
        "x-ms-version": "2019-02-02"
      },
      "RequestBody": null,
      "StatusCode": 200,
      "ResponseHeaders": {
        "Cache-Control": "no-cache",
        "Content-Type": "application/json; odata=fullmetadata; streaming=true; charset=utf-8",
        "Date": "Fri, 29 May 2020 13:20:20 GMT",
        "Server": [
          "Windows-Azure-Table/1.0",
          "Microsoft-HTTPAPI/2.0"
        ],
        "Transfer-Encoding": "chunked",
        "X-Content-Type-Options": "nosniff",
        "x-ms-client-request-id": "bc835d6d1da5d9735d871269818974ff",
        "x-ms-request-id": "56450379-3002-0082-34bb-3565b8000000",
        "x-ms-version": "2019-02-02"
      },
      "ResponseBody": "{\u0022odata.metadata\u0022:\u0022https://chrissscratch.table.core.windows.net/$metadata#testtable3qpjbhfe\u0022,\u0022value\u0022:[{\u0022odata.type\u0022:\u0022chrissscratch.testtable3qpjbhfe\u0022,\u0022odata.id\u0022:\u0022https://chrissscratch.table.core.windows.net/testtable3qpjbhfe(PartitionKey=\u0027somPartition\u0027,RowKey=\u00270001\u0027)\u0022,\u0022odata.etag\u0022:\u0022W/\\\u0022datetime\u00272020-05-29T13%3A20%3A19.8847382Z\u0027\\\u0022\u0022,\u0022odata.editLink\u0022:\u0022testtable3qpjbhfe(PartitionKey=\u0027somPartition\u0027,RowKey=\u00270001\u0027)\u0022,\u0022PartitionKey\u0022:\u0022somPartition\u0022,\u0022RowKey\u0022:\u00220001\u0022,\u0022Timestamp@odata.type\u0022:\u0022Edm.DateTime\u0022,\u0022Timestamp\u0022:\u00222020-05-29T13:20:19.8847382Z\u0022,\u0022DateTimeOffsetN@odata.type\u0022:\u0022Edm.DateTime\u0022,\u0022DateTimeOffsetN\u0022:\u00222020-01-01T01:02:00Z\u0022,\u0022DateTimeOffset@odata.type\u0022:\u0022Edm.DateTime\u0022,\u0022DateTimeOffset\u0022:\u00222020-01-01T01:02:00Z\u0022,\u0022DateTimeN@odata.type\u0022:\u0022Edm.DateTime\u0022,\u0022DateTimeN\u0022:\u00222020-01-01T01:02:00Z\u0022,\u0022DateTime@odata.type\u0022:\u0022Edm.DateTime\u0022,\u0022DateTime\u0022:\u00222020-01-01T01:02:00Z\u0022,\u0022DateTimeAsString\u0022:\u00222020-01-01T01:02:00.0000000Z\u0022,\u0022BoolN\u0022:false,\u0022Bool\u0022:false,\u0022BoolPrimitiveN\u0022:false,\u0022BoolPrimitive\u0022:false,\u0022Binary@odata.type\u0022:\u0022Edm.Binary\u0022,\u0022Binary\u0022:\u0022AQIB\u0022,\u0022BinaryPrimitive@odata.type\u0022:\u0022Edm.Binary\u0022,\u0022BinaryPrimitive\u0022:\u0022AQIB\u0022,\u0022DoublePrimitiveN\u0022:1.01,\u0022DoublePrimitive\u0022:1.01,\u0022DoubleN\u0022:1.01,\u0022Double\u0022:1.01,\u0022DoubleInteger\u0022:1.0,\u0022GuidN@odata.type\u0022:\u0022Edm.Guid\u0022,\u0022GuidN\u0022:\u00220d391d16-97f1-4b9a-be68-4cc871f90001\u0022,\u0022Guid@odata.type\u0022:\u0022Edm.Guid\u0022,\u0022Guid\u0022:\u00220d391d16-97f1-4b9a-be68-4cc871f90001\u0022,\u0022IntegerPrimitiveN\u0022:1,\u0022IntegerPrimitive\u0022:1,\u0022Int32N\u0022:1,\u0022Int32\u0022:1,\u0022LongPrimitiveN@odata.type\u0022:\u0022Edm.Int64\u0022,\u0022LongPrimitiveN\u0022:\u00222147483648\u0022,\u0022LongPrimitive@odata.type\u0022:\u0022Edm.Int64\u0022,\u0022LongPrimitive\u0022:\u00222147483648\u0022,\u0022Int64N@odata.type\u0022:\u0022Edm.Int64\u0022,\u0022Int64N\u0022:\u0022123456789012\u0022,\u0022Int64@odata.type\u0022:\u0022Edm.Int64\u0022,\u0022Int64\u0022:\u00222147483648\u0022,\u0022String\u0022:\u00220001\u0022},{\u0022odata.type\u0022:\u0022chrissscratch.testtable3qpjbhfe\u0022,\u0022odata.id\u0022:\u0022https://chrissscratch.table.core.windows.net/testtable3qpjbhfe(PartitionKey=\u0027somPartition\u0027,RowKey=\u00270002\u0027)\u0022,\u0022odata.etag\u0022:\u0022W/\\\u0022datetime\u00272020-05-29T13%3A20%3A19.9317778Z\u0027\\\u0022\u0022,\u0022odata.editLink\u0022:\u0022testtable3qpjbhfe(PartitionKey=\u0027somPartition\u0027,RowKey=\u00270002\u0027)\u0022,\u0022PartitionKey\u0022:\u0022somPartition\u0022,\u0022RowKey\u0022:\u00220002\u0022,\u0022Timestamp@odata.type\u0022:\u0022Edm.DateTime\u0022,\u0022Timestamp\u0022:\u00222020-05-29T13:20:19.9317778Z\u0022,\u0022DateTimeOffsetN@odata.type\u0022:\u0022Edm.DateTime\u0022,\u0022DateTimeOffsetN\u0022:\u00222020-01-01T01:03:00Z\u0022,\u0022DateTimeOffset@odata.type\u0022:\u0022Edm.DateTime\u0022,\u0022DateTimeOffset\u0022:\u00222020-01-01T01:03:00Z\u0022,\u0022DateTimeN@odata.type\u0022:\u0022Edm.DateTime\u0022,\u0022DateTimeN\u0022:\u00222020-01-01T01:03:00Z\u0022,\u0022DateTime@odata.type\u0022:\u0022Edm.DateTime\u0022,\u0022DateTime\u0022:\u00222020-01-01T01:03:00Z\u0022,\u0022DateTimeAsString\u0022:\u00222020-01-01T01:03:00.0000000Z\u0022,\u0022BoolN\u0022:false,\u0022Bool\u0022:true,\u0022BoolPrimitiveN\u0022:false,\u0022BoolPrimitive\u0022:true,\u0022Binary@odata.type\u0022:\u0022Edm.Binary\u0022,\u0022Binary\u0022:\u0022AQIC\u0022,\u0022BinaryPrimitive@odata.type\u0022:\u0022Edm.Binary\u0022,\u0022BinaryPrimitive\u0022:\u0022AQIC\u0022,\u0022DoublePrimitiveN\u0022:2.02,\u0022DoublePrimitive\u0022:2.02,\u0022DoubleN\u0022:2.02,\u0022Double\u0022:2.02,\u0022DoubleInteger\u0022:2.0,\u0022GuidN@odata.type\u0022:\u0022Edm.Guid\u0022,\u0022GuidN\u0022:\u00220d391d16-97f1-4b9a-be68-4cc871f90002\u0022,\u0022Guid@odata.type\u0022:\u0022Edm.Guid\u0022,\u0022Guid\u0022:\u00220d391d16-97f1-4b9a-be68-4cc871f90002\u0022,\u0022IntegerPrimitiveN\u0022:2,\u0022IntegerPrimitive\u0022:2,\u0022Int32N\u0022:2,\u0022Int32\u0022:2,\u0022LongPrimitiveN@odata.type\u0022:\u0022Edm.Int64\u0022,\u0022LongPrimitiveN\u0022:\u00222147483649\u0022,\u0022LongPrimitive@odata.type\u0022:\u0022Edm.Int64\u0022,\u0022LongPrimitive\u0022:\u00222147483649\u0022,\u0022Int64N@odata.type\u0022:\u0022Edm.Int64\u0022,\u0022Int64N\u0022:\u0022123456789012\u0022,\u0022Int64@odata.type\u0022:\u0022Edm.Int64\u0022,\u0022Int64\u0022:\u00222147483649\u0022,\u0022String\u0022:\u00220002\u0022}]}"
    },
    {
      "RequestUri": "https://chrissscratch.table.core.windows.net/testtable3qpjbhfe()?$format=application%2Fjson%3Bodata%3Dfullmetadata\u0026$filter=Bool%20eq%20false",
      "RequestMethod": "GET",
      "RequestHeaders": {
        "Authorization": "Sanitized",
        "DataServiceVersion": "3.0",
        "User-Agent": [
          "azsdk-net-Data.Tables/1.0.0-dev.20200529.1",
          "(.NET Core 4.6.28801.04; Microsoft Windows 10.0.18363 )"
        ],
        "x-ms-client-request-id": "12668543ee86a7c7030c3a5ea9088b6a",
        "x-ms-date": "Fri, 29 May 2020 13:20:21 GMT",
        "x-ms-return-client-request-id": "true",
        "x-ms-version": "2019-02-02"
      },
      "RequestBody": null,
      "StatusCode": 200,
      "ResponseHeaders": {
        "Cache-Control": "no-cache",
        "Content-Type": "application/json; odata=fullmetadata; streaming=true; charset=utf-8",
        "Date": "Fri, 29 May 2020 13:20:20 GMT",
        "Server": [
          "Windows-Azure-Table/1.0",
          "Microsoft-HTTPAPI/2.0"
        ],
        "Transfer-Encoding": "chunked",
        "X-Content-Type-Options": "nosniff",
        "x-ms-client-request-id": "12668543ee86a7c7030c3a5ea9088b6a",
        "x-ms-request-id": "5645039a-3002-0082-55bb-3565b8000000",
        "x-ms-version": "2019-02-02"
      },
      "ResponseBody": "{\u0022odata.metadata\u0022:\u0022https://chrissscratch.table.core.windows.net/$metadata#testtable3qpjbhfe\u0022,\u0022value\u0022:[{\u0022odata.type\u0022:\u0022chrissscratch.testtable3qpjbhfe\u0022,\u0022odata.id\u0022:\u0022https://chrissscratch.table.core.windows.net/testtable3qpjbhfe(PartitionKey=\u0027somPartition\u0027,RowKey=\u00270001\u0027)\u0022,\u0022odata.etag\u0022:\u0022W/\\\u0022datetime\u00272020-05-29T13%3A20%3A19.8847382Z\u0027\\\u0022\u0022,\u0022odata.editLink\u0022:\u0022testtable3qpjbhfe(PartitionKey=\u0027somPartition\u0027,RowKey=\u00270001\u0027)\u0022,\u0022PartitionKey\u0022:\u0022somPartition\u0022,\u0022RowKey\u0022:\u00220001\u0022,\u0022Timestamp@odata.type\u0022:\u0022Edm.DateTime\u0022,\u0022Timestamp\u0022:\u00222020-05-29T13:20:19.8847382Z\u0022,\u0022DateTimeOffsetN@odata.type\u0022:\u0022Edm.DateTime\u0022,\u0022DateTimeOffsetN\u0022:\u00222020-01-01T01:02:00Z\u0022,\u0022DateTimeOffset@odata.type\u0022:\u0022Edm.DateTime\u0022,\u0022DateTimeOffset\u0022:\u00222020-01-01T01:02:00Z\u0022,\u0022DateTimeN@odata.type\u0022:\u0022Edm.DateTime\u0022,\u0022DateTimeN\u0022:\u00222020-01-01T01:02:00Z\u0022,\u0022DateTime@odata.type\u0022:\u0022Edm.DateTime\u0022,\u0022DateTime\u0022:\u00222020-01-01T01:02:00Z\u0022,\u0022DateTimeAsString\u0022:\u00222020-01-01T01:02:00.0000000Z\u0022,\u0022BoolN\u0022:false,\u0022Bool\u0022:false,\u0022BoolPrimitiveN\u0022:false,\u0022BoolPrimitive\u0022:false,\u0022Binary@odata.type\u0022:\u0022Edm.Binary\u0022,\u0022Binary\u0022:\u0022AQIB\u0022,\u0022BinaryPrimitive@odata.type\u0022:\u0022Edm.Binary\u0022,\u0022BinaryPrimitive\u0022:\u0022AQIB\u0022,\u0022DoublePrimitiveN\u0022:1.01,\u0022DoublePrimitive\u0022:1.01,\u0022DoubleN\u0022:1.01,\u0022Double\u0022:1.01,\u0022DoubleInteger\u0022:1.0,\u0022GuidN@odata.type\u0022:\u0022Edm.Guid\u0022,\u0022GuidN\u0022:\u00220d391d16-97f1-4b9a-be68-4cc871f90001\u0022,\u0022Guid@odata.type\u0022:\u0022Edm.Guid\u0022,\u0022Guid\u0022:\u00220d391d16-97f1-4b9a-be68-4cc871f90001\u0022,\u0022IntegerPrimitiveN\u0022:1,\u0022IntegerPrimitive\u0022:1,\u0022Int32N\u0022:1,\u0022Int32\u0022:1,\u0022LongPrimitiveN@odata.type\u0022:\u0022Edm.Int64\u0022,\u0022LongPrimitiveN\u0022:\u00222147483648\u0022,\u0022LongPrimitive@odata.type\u0022:\u0022Edm.Int64\u0022,\u0022LongPrimitive\u0022:\u00222147483648\u0022,\u0022Int64N@odata.type\u0022:\u0022Edm.Int64\u0022,\u0022Int64N\u0022:\u0022123456789012\u0022,\u0022Int64@odata.type\u0022:\u0022Edm.Int64\u0022,\u0022Int64\u0022:\u00222147483648\u0022,\u0022String\u0022:\u00220001\u0022},{\u0022odata.type\u0022:\u0022chrissscratch.testtable3qpjbhfe\u0022,\u0022odata.id\u0022:\u0022https://chrissscratch.table.core.windows.net/testtable3qpjbhfe(PartitionKey=\u0027somPartition\u0027,RowKey=\u00270003\u0027)\u0022,\u0022odata.etag\u0022:\u0022W/\\\u0022datetime\u00272020-05-29T13%3A20%3A19.9748138Z\u0027\\\u0022\u0022,\u0022odata.editLink\u0022:\u0022testtable3qpjbhfe(PartitionKey=\u0027somPartition\u0027,RowKey=\u00270003\u0027)\u0022,\u0022PartitionKey\u0022:\u0022somPartition\u0022,\u0022RowKey\u0022:\u00220003\u0022,\u0022Timestamp@odata.type\u0022:\u0022Edm.DateTime\u0022,\u0022Timestamp\u0022:\u00222020-05-29T13:20:19.9748138Z\u0022,\u0022DateTimeOffsetN@odata.type\u0022:\u0022Edm.DateTime\u0022,\u0022DateTimeOffsetN\u0022:\u00222020-01-01T01:04:00Z\u0022,\u0022DateTimeOffset@odata.type\u0022:\u0022Edm.DateTime\u0022,\u0022DateTimeOffset\u0022:\u00222020-01-01T01:04:00Z\u0022,\u0022DateTimeN@odata.type\u0022:\u0022Edm.DateTime\u0022,\u0022DateTimeN\u0022:\u00222020-01-01T01:04:00Z\u0022,\u0022DateTime@odata.type\u0022:\u0022Edm.DateTime\u0022,\u0022DateTime\u0022:\u00222020-01-01T01:04:00Z\u0022,\u0022DateTimeAsString\u0022:\u00222020-01-01T01:04:00.0000000Z\u0022,\u0022BoolN\u0022:false,\u0022Bool\u0022:false,\u0022BoolPrimitiveN\u0022:false,\u0022BoolPrimitive\u0022:false,\u0022Binary@odata.type\u0022:\u0022Edm.Binary\u0022,\u0022Binary\u0022:\u0022AQID\u0022,\u0022BinaryPrimitive@odata.type\u0022:\u0022Edm.Binary\u0022,\u0022BinaryPrimitive\u0022:\u0022AQID\u0022,\u0022DoublePrimitiveN\u0022:3.03,\u0022DoublePrimitive\u0022:3.03,\u0022DoubleN\u0022:3.03,\u0022Double\u0022:3.03,\u0022DoubleInteger\u0022:3.0,\u0022GuidN@odata.type\u0022:\u0022Edm.Guid\u0022,\u0022GuidN\u0022:\u00220d391d16-97f1-4b9a-be68-4cc871f90003\u0022,\u0022Guid@odata.type\u0022:\u0022Edm.Guid\u0022,\u0022Guid\u0022:\u00220d391d16-97f1-4b9a-be68-4cc871f90003\u0022,\u0022IntegerPrimitiveN\u0022:3,\u0022IntegerPrimitive\u0022:3,\u0022Int32N\u0022:3,\u0022Int32\u0022:3,\u0022LongPrimitiveN@odata.type\u0022:\u0022Edm.Int64\u0022,\u0022LongPrimitiveN\u0022:\u00222147483650\u0022,\u0022LongPrimitive@odata.type\u0022:\u0022Edm.Int64\u0022,\u0022LongPrimitive\u0022:\u00222147483650\u0022,\u0022Int64N@odata.type\u0022:\u0022Edm.Int64\u0022,\u0022Int64N\u0022:\u0022123456789012\u0022,\u0022Int64@odata.type\u0022:\u0022Edm.Int64\u0022,\u0022Int64\u0022:\u00222147483650\u0022,\u0022String\u0022:\u00220003\u0022}]}"
    },
    {
      "RequestUri": "https://chrissscratch.table.core.windows.net/testtable3qpjbhfe()?$format=application%2Fjson%3Bodata%3Dfullmetadata\u0026$filter=BoolPrimitive%20eq%20false",
      "RequestMethod": "GET",
      "RequestHeaders": {
        "Authorization": "Sanitized",
        "DataServiceVersion": "3.0",
        "User-Agent": [
          "azsdk-net-Data.Tables/1.0.0-dev.20200529.1",
          "(.NET Core 4.6.28801.04; Microsoft Windows 10.0.18363 )"
        ],
        "x-ms-client-request-id": "8a7212c354a31f0ccb97def61937334f",
        "x-ms-date": "Fri, 29 May 2020 13:20:21 GMT",
        "x-ms-return-client-request-id": "true",
        "x-ms-version": "2019-02-02"
      },
      "RequestBody": null,
      "StatusCode": 200,
      "ResponseHeaders": {
        "Cache-Control": "no-cache",
        "Content-Type": "application/json; odata=fullmetadata; streaming=true; charset=utf-8",
        "Date": "Fri, 29 May 2020 13:20:20 GMT",
        "Server": [
          "Windows-Azure-Table/1.0",
          "Microsoft-HTTPAPI/2.0"
        ],
        "Transfer-Encoding": "chunked",
        "X-Content-Type-Options": "nosniff",
        "x-ms-client-request-id": "8a7212c354a31f0ccb97def61937334f",
        "x-ms-request-id": "564503b3-3002-0082-6cbb-3565b8000000",
        "x-ms-version": "2019-02-02"
      },
      "ResponseBody": "{\u0022odata.metadata\u0022:\u0022https://chrissscratch.table.core.windows.net/$metadata#testtable3qpjbhfe\u0022,\u0022value\u0022:[{\u0022odata.type\u0022:\u0022chrissscratch.testtable3qpjbhfe\u0022,\u0022odata.id\u0022:\u0022https://chrissscratch.table.core.windows.net/testtable3qpjbhfe(PartitionKey=\u0027somPartition\u0027,RowKey=\u00270001\u0027)\u0022,\u0022odata.etag\u0022:\u0022W/\\\u0022datetime\u00272020-05-29T13%3A20%3A19.8847382Z\u0027\\\u0022\u0022,\u0022odata.editLink\u0022:\u0022testtable3qpjbhfe(PartitionKey=\u0027somPartition\u0027,RowKey=\u00270001\u0027)\u0022,\u0022PartitionKey\u0022:\u0022somPartition\u0022,\u0022RowKey\u0022:\u00220001\u0022,\u0022Timestamp@odata.type\u0022:\u0022Edm.DateTime\u0022,\u0022Timestamp\u0022:\u00222020-05-29T13:20:19.8847382Z\u0022,\u0022DateTimeOffsetN@odata.type\u0022:\u0022Edm.DateTime\u0022,\u0022DateTimeOffsetN\u0022:\u00222020-01-01T01:02:00Z\u0022,\u0022DateTimeOffset@odata.type\u0022:\u0022Edm.DateTime\u0022,\u0022DateTimeOffset\u0022:\u00222020-01-01T01:02:00Z\u0022,\u0022DateTimeN@odata.type\u0022:\u0022Edm.DateTime\u0022,\u0022DateTimeN\u0022:\u00222020-01-01T01:02:00Z\u0022,\u0022DateTime@odata.type\u0022:\u0022Edm.DateTime\u0022,\u0022DateTime\u0022:\u00222020-01-01T01:02:00Z\u0022,\u0022DateTimeAsString\u0022:\u00222020-01-01T01:02:00.0000000Z\u0022,\u0022BoolN\u0022:false,\u0022Bool\u0022:false,\u0022BoolPrimitiveN\u0022:false,\u0022BoolPrimitive\u0022:false,\u0022Binary@odata.type\u0022:\u0022Edm.Binary\u0022,\u0022Binary\u0022:\u0022AQIB\u0022,\u0022BinaryPrimitive@odata.type\u0022:\u0022Edm.Binary\u0022,\u0022BinaryPrimitive\u0022:\u0022AQIB\u0022,\u0022DoublePrimitiveN\u0022:1.01,\u0022DoublePrimitive\u0022:1.01,\u0022DoubleN\u0022:1.01,\u0022Double\u0022:1.01,\u0022DoubleInteger\u0022:1.0,\u0022GuidN@odata.type\u0022:\u0022Edm.Guid\u0022,\u0022GuidN\u0022:\u00220d391d16-97f1-4b9a-be68-4cc871f90001\u0022,\u0022Guid@odata.type\u0022:\u0022Edm.Guid\u0022,\u0022Guid\u0022:\u00220d391d16-97f1-4b9a-be68-4cc871f90001\u0022,\u0022IntegerPrimitiveN\u0022:1,\u0022IntegerPrimitive\u0022:1,\u0022Int32N\u0022:1,\u0022Int32\u0022:1,\u0022LongPrimitiveN@odata.type\u0022:\u0022Edm.Int64\u0022,\u0022LongPrimitiveN\u0022:\u00222147483648\u0022,\u0022LongPrimitive@odata.type\u0022:\u0022Edm.Int64\u0022,\u0022LongPrimitive\u0022:\u00222147483648\u0022,\u0022Int64N@odata.type\u0022:\u0022Edm.Int64\u0022,\u0022Int64N\u0022:\u0022123456789012\u0022,\u0022Int64@odata.type\u0022:\u0022Edm.Int64\u0022,\u0022Int64\u0022:\u00222147483648\u0022,\u0022String\u0022:\u00220001\u0022},{\u0022odata.type\u0022:\u0022chrissscratch.testtable3qpjbhfe\u0022,\u0022odata.id\u0022:\u0022https://chrissscratch.table.core.windows.net/testtable3qpjbhfe(PartitionKey=\u0027somPartition\u0027,RowKey=\u00270003\u0027)\u0022,\u0022odata.etag\u0022:\u0022W/\\\u0022datetime\u00272020-05-29T13%3A20%3A19.9748138Z\u0027\\\u0022\u0022,\u0022odata.editLink\u0022:\u0022testtable3qpjbhfe(PartitionKey=\u0027somPartition\u0027,RowKey=\u00270003\u0027)\u0022,\u0022PartitionKey\u0022:\u0022somPartition\u0022,\u0022RowKey\u0022:\u00220003\u0022,\u0022Timestamp@odata.type\u0022:\u0022Edm.DateTime\u0022,\u0022Timestamp\u0022:\u00222020-05-29T13:20:19.9748138Z\u0022,\u0022DateTimeOffsetN@odata.type\u0022:\u0022Edm.DateTime\u0022,\u0022DateTimeOffsetN\u0022:\u00222020-01-01T01:04:00Z\u0022,\u0022DateTimeOffset@odata.type\u0022:\u0022Edm.DateTime\u0022,\u0022DateTimeOffset\u0022:\u00222020-01-01T01:04:00Z\u0022,\u0022DateTimeN@odata.type\u0022:\u0022Edm.DateTime\u0022,\u0022DateTimeN\u0022:\u00222020-01-01T01:04:00Z\u0022,\u0022DateTime@odata.type\u0022:\u0022Edm.DateTime\u0022,\u0022DateTime\u0022:\u00222020-01-01T01:04:00Z\u0022,\u0022DateTimeAsString\u0022:\u00222020-01-01T01:04:00.0000000Z\u0022,\u0022BoolN\u0022:false,\u0022Bool\u0022:false,\u0022BoolPrimitiveN\u0022:false,\u0022BoolPrimitive\u0022:false,\u0022Binary@odata.type\u0022:\u0022Edm.Binary\u0022,\u0022Binary\u0022:\u0022AQID\u0022,\u0022BinaryPrimitive@odata.type\u0022:\u0022Edm.Binary\u0022,\u0022BinaryPrimitive\u0022:\u0022AQID\u0022,\u0022DoublePrimitiveN\u0022:3.03,\u0022DoublePrimitive\u0022:3.03,\u0022DoubleN\u0022:3.03,\u0022Double\u0022:3.03,\u0022DoubleInteger\u0022:3.0,\u0022GuidN@odata.type\u0022:\u0022Edm.Guid\u0022,\u0022GuidN\u0022:\u00220d391d16-97f1-4b9a-be68-4cc871f90003\u0022,\u0022Guid@odata.type\u0022:\u0022Edm.Guid\u0022,\u0022Guid\u0022:\u00220d391d16-97f1-4b9a-be68-4cc871f90003\u0022,\u0022IntegerPrimitiveN\u0022:3,\u0022IntegerPrimitive\u0022:3,\u0022Int32N\u0022:3,\u0022Int32\u0022:3,\u0022LongPrimitiveN@odata.type\u0022:\u0022Edm.Int64\u0022,\u0022LongPrimitiveN\u0022:\u00222147483650\u0022,\u0022LongPrimitive@odata.type\u0022:\u0022Edm.Int64\u0022,\u0022LongPrimitive\u0022:\u00222147483650\u0022,\u0022Int64N@odata.type\u0022:\u0022Edm.Int64\u0022,\u0022Int64N\u0022:\u0022123456789012\u0022,\u0022Int64@odata.type\u0022:\u0022Edm.Int64\u0022,\u0022Int64\u0022:\u00222147483650\u0022,\u0022String\u0022:\u00220003\u0022}]}"
    },
    {
      "RequestUri": "https://chrissscratch.table.core.windows.net/testtable3qpjbhfe()?$format=application%2Fjson%3Bodata%3Dfullmetadata\u0026$filter=Binary%20eq%20X%27010203%27",
      "RequestMethod": "GET",
      "RequestHeaders": {
        "Authorization": "Sanitized",
        "DataServiceVersion": "3.0",
        "User-Agent": [
          "azsdk-net-Data.Tables/1.0.0-dev.20200529.1",
          "(.NET Core 4.6.28801.04; Microsoft Windows 10.0.18363 )"
        ],
        "x-ms-client-request-id": "2b6fd82bc60c7eee96dcb899e3152f55",
        "x-ms-date": "Fri, 29 May 2020 13:20:21 GMT",
        "x-ms-return-client-request-id": "true",
        "x-ms-version": "2019-02-02"
      },
      "RequestBody": null,
      "StatusCode": 200,
      "ResponseHeaders": {
        "Cache-Control": "no-cache",
        "Content-Type": "application/json; odata=fullmetadata; streaming=true; charset=utf-8",
        "Date": "Fri, 29 May 2020 13:20:21 GMT",
        "Server": [
          "Windows-Azure-Table/1.0",
          "Microsoft-HTTPAPI/2.0"
        ],
        "Transfer-Encoding": "chunked",
        "X-Content-Type-Options": "nosniff",
        "x-ms-client-request-id": "2b6fd82bc60c7eee96dcb899e3152f55",
        "x-ms-request-id": "564503d8-3002-0082-0fbb-3565b8000000",
        "x-ms-version": "2019-02-02"
      },
      "ResponseBody": "{\u0022odata.metadata\u0022:\u0022https://chrissscratch.table.core.windows.net/$metadata#testtable3qpjbhfe\u0022,\u0022value\u0022:[{\u0022odata.type\u0022:\u0022chrissscratch.testtable3qpjbhfe\u0022,\u0022odata.id\u0022:\u0022https://chrissscratch.table.core.windows.net/testtable3qpjbhfe(PartitionKey=\u0027somPartition\u0027,RowKey=\u00270003\u0027)\u0022,\u0022odata.etag\u0022:\u0022W/\\\u0022datetime\u00272020-05-29T13%3A20%3A19.9748138Z\u0027\\\u0022\u0022,\u0022odata.editLink\u0022:\u0022testtable3qpjbhfe(PartitionKey=\u0027somPartition\u0027,RowKey=\u00270003\u0027)\u0022,\u0022PartitionKey\u0022:\u0022somPartition\u0022,\u0022RowKey\u0022:\u00220003\u0022,\u0022Timestamp@odata.type\u0022:\u0022Edm.DateTime\u0022,\u0022Timestamp\u0022:\u00222020-05-29T13:20:19.9748138Z\u0022,\u0022DateTimeOffsetN@odata.type\u0022:\u0022Edm.DateTime\u0022,\u0022DateTimeOffsetN\u0022:\u00222020-01-01T01:04:00Z\u0022,\u0022DateTimeOffset@odata.type\u0022:\u0022Edm.DateTime\u0022,\u0022DateTimeOffset\u0022:\u00222020-01-01T01:04:00Z\u0022,\u0022DateTimeN@odata.type\u0022:\u0022Edm.DateTime\u0022,\u0022DateTimeN\u0022:\u00222020-01-01T01:04:00Z\u0022,\u0022DateTime@odata.type\u0022:\u0022Edm.DateTime\u0022,\u0022DateTime\u0022:\u00222020-01-01T01:04:00Z\u0022,\u0022DateTimeAsString\u0022:\u00222020-01-01T01:04:00.0000000Z\u0022,\u0022BoolN\u0022:false,\u0022Bool\u0022:false,\u0022BoolPrimitiveN\u0022:false,\u0022BoolPrimitive\u0022:false,\u0022Binary@odata.type\u0022:\u0022Edm.Binary\u0022,\u0022Binary\u0022:\u0022AQID\u0022,\u0022BinaryPrimitive@odata.type\u0022:\u0022Edm.Binary\u0022,\u0022BinaryPrimitive\u0022:\u0022AQID\u0022,\u0022DoublePrimitiveN\u0022:3.03,\u0022DoublePrimitive\u0022:3.03,\u0022DoubleN\u0022:3.03,\u0022Double\u0022:3.03,\u0022DoubleInteger\u0022:3.0,\u0022GuidN@odata.type\u0022:\u0022Edm.Guid\u0022,\u0022GuidN\u0022:\u00220d391d16-97f1-4b9a-be68-4cc871f90003\u0022,\u0022Guid@odata.type\u0022:\u0022Edm.Guid\u0022,\u0022Guid\u0022:\u00220d391d16-97f1-4b9a-be68-4cc871f90003\u0022,\u0022IntegerPrimitiveN\u0022:3,\u0022IntegerPrimitive\u0022:3,\u0022Int32N\u0022:3,\u0022Int32\u0022:3,\u0022LongPrimitiveN@odata.type\u0022:\u0022Edm.Int64\u0022,\u0022LongPrimitiveN\u0022:\u00222147483650\u0022,\u0022LongPrimitive@odata.type\u0022:\u0022Edm.Int64\u0022,\u0022LongPrimitive\u0022:\u00222147483650\u0022,\u0022Int64N@odata.type\u0022:\u0022Edm.Int64\u0022,\u0022Int64N\u0022:\u0022123456789012\u0022,\u0022Int64@odata.type\u0022:\u0022Edm.Int64\u0022,\u0022Int64\u0022:\u00222147483650\u0022,\u0022String\u0022:\u00220003\u0022}]}"
    },
    {
      "RequestUri": "https://chrissscratch.table.core.windows.net/testtable3qpjbhfe()?$format=application%2Fjson%3Bodata%3Dfullmetadata\u0026$filter=BinaryPrimitive%20eq%20X%27010203%27",
      "RequestMethod": "GET",
      "RequestHeaders": {
        "Authorization": "Sanitized",
        "DataServiceVersion": "3.0",
        "User-Agent": [
          "azsdk-net-Data.Tables/1.0.0-dev.20200529.1",
          "(.NET Core 4.6.28801.04; Microsoft Windows 10.0.18363 )"
        ],
        "x-ms-client-request-id": "6fa6a8fcea17ee5c794647ee10d08dcc",
        "x-ms-date": "Fri, 29 May 2020 13:20:21 GMT",
        "x-ms-return-client-request-id": "true",
        "x-ms-version": "2019-02-02"
      },
      "RequestBody": null,
      "StatusCode": 200,
      "ResponseHeaders": {
        "Cache-Control": "no-cache",
        "Content-Type": "application/json; odata=fullmetadata; streaming=true; charset=utf-8",
        "Date": "Fri, 29 May 2020 13:20:21 GMT",
        "Server": [
          "Windows-Azure-Table/1.0",
          "Microsoft-HTTPAPI/2.0"
        ],
        "Transfer-Encoding": "chunked",
        "X-Content-Type-Options": "nosniff",
        "x-ms-client-request-id": "6fa6a8fcea17ee5c794647ee10d08dcc",
        "x-ms-request-id": "564503e1-3002-0082-18bb-3565b8000000",
        "x-ms-version": "2019-02-02"
      },
      "ResponseBody": "{\u0022odata.metadata\u0022:\u0022https://chrissscratch.table.core.windows.net/$metadata#testtable3qpjbhfe\u0022,\u0022value\u0022:[{\u0022odata.type\u0022:\u0022chrissscratch.testtable3qpjbhfe\u0022,\u0022odata.id\u0022:\u0022https://chrissscratch.table.core.windows.net/testtable3qpjbhfe(PartitionKey=\u0027somPartition\u0027,RowKey=\u00270003\u0027)\u0022,\u0022odata.etag\u0022:\u0022W/\\\u0022datetime\u00272020-05-29T13%3A20%3A19.9748138Z\u0027\\\u0022\u0022,\u0022odata.editLink\u0022:\u0022testtable3qpjbhfe(PartitionKey=\u0027somPartition\u0027,RowKey=\u00270003\u0027)\u0022,\u0022PartitionKey\u0022:\u0022somPartition\u0022,\u0022RowKey\u0022:\u00220003\u0022,\u0022Timestamp@odata.type\u0022:\u0022Edm.DateTime\u0022,\u0022Timestamp\u0022:\u00222020-05-29T13:20:19.9748138Z\u0022,\u0022DateTimeOffsetN@odata.type\u0022:\u0022Edm.DateTime\u0022,\u0022DateTimeOffsetN\u0022:\u00222020-01-01T01:04:00Z\u0022,\u0022DateTimeOffset@odata.type\u0022:\u0022Edm.DateTime\u0022,\u0022DateTimeOffset\u0022:\u00222020-01-01T01:04:00Z\u0022,\u0022DateTimeN@odata.type\u0022:\u0022Edm.DateTime\u0022,\u0022DateTimeN\u0022:\u00222020-01-01T01:04:00Z\u0022,\u0022DateTime@odata.type\u0022:\u0022Edm.DateTime\u0022,\u0022DateTime\u0022:\u00222020-01-01T01:04:00Z\u0022,\u0022DateTimeAsString\u0022:\u00222020-01-01T01:04:00.0000000Z\u0022,\u0022BoolN\u0022:false,\u0022Bool\u0022:false,\u0022BoolPrimitiveN\u0022:false,\u0022BoolPrimitive\u0022:false,\u0022Binary@odata.type\u0022:\u0022Edm.Binary\u0022,\u0022Binary\u0022:\u0022AQID\u0022,\u0022BinaryPrimitive@odata.type\u0022:\u0022Edm.Binary\u0022,\u0022BinaryPrimitive\u0022:\u0022AQID\u0022,\u0022DoublePrimitiveN\u0022:3.03,\u0022DoublePrimitive\u0022:3.03,\u0022DoubleN\u0022:3.03,\u0022Double\u0022:3.03,\u0022DoubleInteger\u0022:3.0,\u0022GuidN@odata.type\u0022:\u0022Edm.Guid\u0022,\u0022GuidN\u0022:\u00220d391d16-97f1-4b9a-be68-4cc871f90003\u0022,\u0022Guid@odata.type\u0022:\u0022Edm.Guid\u0022,\u0022Guid\u0022:\u00220d391d16-97f1-4b9a-be68-4cc871f90003\u0022,\u0022IntegerPrimitiveN\u0022:3,\u0022IntegerPrimitive\u0022:3,\u0022Int32N\u0022:3,\u0022Int32\u0022:3,\u0022LongPrimitiveN@odata.type\u0022:\u0022Edm.Int64\u0022,\u0022LongPrimitiveN\u0022:\u00222147483650\u0022,\u0022LongPrimitive@odata.type\u0022:\u0022Edm.Int64\u0022,\u0022LongPrimitive\u0022:\u00222147483650\u0022,\u0022Int64N@odata.type\u0022:\u0022Edm.Int64\u0022,\u0022Int64N\u0022:\u0022123456789012\u0022,\u0022Int64@odata.type\u0022:\u0022Edm.Int64\u0022,\u0022Int64\u0022:\u00222147483650\u0022,\u0022String\u0022:\u00220003\u0022}]}"
    },
    {
      "RequestUri": "https://chrissscratch.table.core.windows.net/testtable3qpjbhfe()?$format=application%2Fjson%3Bodata%3Dfullmetadata\u0026$filter=%28%28%28%28%28%28%28PartitionKey%20eq%20%27somPartition%27%29%20and%20%28String%20ge%20%270003%27%29%29%20and%20%28Int64%20ge%202147483650L%29%29%20and%20%28LongPrimitive%20ge%202147483650L%29%29%20and%20%28LongPrimitiveN%20ge%202147483650L%29%29%20and%20%28Int32%20ge%203%29%29%20and%20%28Int32N%20ge%203%29%29%20and%20%28DateTimeOffset%20ge%20datetime%272020-01-01T01%3A04%3A00Z%27%29",
      "RequestMethod": "GET",
      "RequestHeaders": {
        "Authorization": "Sanitized",
        "DataServiceVersion": "3.0",
        "User-Agent": [
          "azsdk-net-Data.Tables/1.0.0-dev.20200529.1",
          "(.NET Core 4.6.28801.04; Microsoft Windows 10.0.18363 )"
        ],
        "x-ms-client-request-id": "d032ebd96099fc5e23f4f4c79c723cb6",
        "x-ms-date": "Fri, 29 May 2020 13:20:21 GMT",
        "x-ms-return-client-request-id": "true",
        "x-ms-version": "2019-02-02"
      },
      "RequestBody": null,
      "StatusCode": 200,
      "ResponseHeaders": {
        "Cache-Control": "no-cache",
        "Content-Type": "application/json; odata=fullmetadata; streaming=true; charset=utf-8",
        "Date": "Fri, 29 May 2020 13:20:21 GMT",
        "Server": [
          "Windows-Azure-Table/1.0",
          "Microsoft-HTTPAPI/2.0"
        ],
        "Transfer-Encoding": "chunked",
        "X-Content-Type-Options": "nosniff",
        "x-ms-client-request-id": "d032ebd96099fc5e23f4f4c79c723cb6",
        "x-ms-request-id": "564503ec-3002-0082-23bb-3565b8000000",
        "x-ms-version": "2019-02-02"
      },
      "ResponseBody": "{\u0022odata.metadata\u0022:\u0022https://chrissscratch.table.core.windows.net/$metadata#testtable3qpjbhfe\u0022,\u0022value\u0022:[{\u0022odata.type\u0022:\u0022chrissscratch.testtable3qpjbhfe\u0022,\u0022odata.id\u0022:\u0022https://chrissscratch.table.core.windows.net/testtable3qpjbhfe(PartitionKey=\u0027somPartition\u0027,RowKey=\u00270003\u0027)\u0022,\u0022odata.etag\u0022:\u0022W/\\\u0022datetime\u00272020-05-29T13%3A20%3A19.9748138Z\u0027\\\u0022\u0022,\u0022odata.editLink\u0022:\u0022testtable3qpjbhfe(PartitionKey=\u0027somPartition\u0027,RowKey=\u00270003\u0027)\u0022,\u0022PartitionKey\u0022:\u0022somPartition\u0022,\u0022RowKey\u0022:\u00220003\u0022,\u0022Timestamp@odata.type\u0022:\u0022Edm.DateTime\u0022,\u0022Timestamp\u0022:\u00222020-05-29T13:20:19.9748138Z\u0022,\u0022DateTimeOffsetN@odata.type\u0022:\u0022Edm.DateTime\u0022,\u0022DateTimeOffsetN\u0022:\u00222020-01-01T01:04:00Z\u0022,\u0022DateTimeOffset@odata.type\u0022:\u0022Edm.DateTime\u0022,\u0022DateTimeOffset\u0022:\u00222020-01-01T01:04:00Z\u0022,\u0022DateTimeN@odata.type\u0022:\u0022Edm.DateTime\u0022,\u0022DateTimeN\u0022:\u00222020-01-01T01:04:00Z\u0022,\u0022DateTime@odata.type\u0022:\u0022Edm.DateTime\u0022,\u0022DateTime\u0022:\u00222020-01-01T01:04:00Z\u0022,\u0022DateTimeAsString\u0022:\u00222020-01-01T01:04:00.0000000Z\u0022,\u0022BoolN\u0022:false,\u0022Bool\u0022:false,\u0022BoolPrimitiveN\u0022:false,\u0022BoolPrimitive\u0022:false,\u0022Binary@odata.type\u0022:\u0022Edm.Binary\u0022,\u0022Binary\u0022:\u0022AQID\u0022,\u0022BinaryPrimitive@odata.type\u0022:\u0022Edm.Binary\u0022,\u0022BinaryPrimitive\u0022:\u0022AQID\u0022,\u0022DoublePrimitiveN\u0022:3.03,\u0022DoublePrimitive\u0022:3.03,\u0022DoubleN\u0022:3.03,\u0022Double\u0022:3.03,\u0022DoubleInteger\u0022:3.0,\u0022GuidN@odata.type\u0022:\u0022Edm.Guid\u0022,\u0022GuidN\u0022:\u00220d391d16-97f1-4b9a-be68-4cc871f90003\u0022,\u0022Guid@odata.type\u0022:\u0022Edm.Guid\u0022,\u0022Guid\u0022:\u00220d391d16-97f1-4b9a-be68-4cc871f90003\u0022,\u0022IntegerPrimitiveN\u0022:3,\u0022IntegerPrimitive\u0022:3,\u0022Int32N\u0022:3,\u0022Int32\u0022:3,\u0022LongPrimitiveN@odata.type\u0022:\u0022Edm.Int64\u0022,\u0022LongPrimitiveN\u0022:\u00222147483650\u0022,\u0022LongPrimitive@odata.type\u0022:\u0022Edm.Int64\u0022,\u0022LongPrimitive\u0022:\u00222147483650\u0022,\u0022Int64N@odata.type\u0022:\u0022Edm.Int64\u0022,\u0022Int64N\u0022:\u0022123456789012\u0022,\u0022Int64@odata.type\u0022:\u0022Edm.Int64\u0022,\u0022Int64\u0022:\u00222147483650\u0022,\u0022String\u0022:\u00220003\u0022},{\u0022odata.type\u0022:\u0022chrissscratch.testtable3qpjbhfe\u0022,\u0022odata.id\u0022:\u0022https://chrissscratch.table.core.windows.net/testtable3qpjbhfe(PartitionKey=\u0027somPartition\u0027,RowKey=\u00270004\u0027)\u0022,\u0022odata.etag\u0022:\u0022W/\\\u0022datetime\u00272020-05-29T13%3A20%3A20.0218547Z\u0027\\\u0022\u0022,\u0022odata.editLink\u0022:\u0022testtable3qpjbhfe(PartitionKey=\u0027somPartition\u0027,RowKey=\u00270004\u0027)\u0022,\u0022PartitionKey\u0022:\u0022somPartition\u0022,\u0022RowKey\u0022:\u00220004\u0022,\u0022Timestamp@odata.type\u0022:\u0022Edm.DateTime\u0022,\u0022Timestamp\u0022:\u00222020-05-29T13:20:20.0218547Z\u0022,\u0022DateTimeOffsetN@odata.type\u0022:\u0022Edm.DateTime\u0022,\u0022DateTimeOffsetN\u0022:\u00222020-01-01T01:05:00Z\u0022,\u0022DateTimeOffset@odata.type\u0022:\u0022Edm.DateTime\u0022,\u0022DateTimeOffset\u0022:\u00222020-01-01T01:05:00Z\u0022,\u0022DateTimeN@odata.type\u0022:\u0022Edm.DateTime\u0022,\u0022DateTimeN\u0022:\u00222020-01-01T01:05:00Z\u0022,\u0022DateTime@odata.type\u0022:\u0022Edm.DateTime\u0022,\u0022DateTime\u0022:\u00222020-01-01T01:05:00Z\u0022,\u0022DateTimeAsString\u0022:\u00222020-01-01T01:05:00.0000000Z\u0022,\u0022BoolN\u0022:false,\u0022Bool\u0022:true,\u0022BoolPrimitiveN\u0022:false,\u0022BoolPrimitive\u0022:true,\u0022Binary@odata.type\u0022:\u0022Edm.Binary\u0022,\u0022Binary\u0022:\u0022AQIE\u0022,\u0022BinaryPrimitive@odata.type\u0022:\u0022Edm.Binary\u0022,\u0022BinaryPrimitive\u0022:\u0022AQIE\u0022,\u0022DoublePrimitiveN\u0022:4.04,\u0022DoublePrimitive\u0022:4.04,\u0022DoubleN\u0022:4.04,\u0022Double\u0022:4.04,\u0022DoubleInteger\u0022:4.0,\u0022GuidN@odata.type\u0022:\u0022Edm.Guid\u0022,\u0022GuidN\u0022:\u00220d391d16-97f1-4b9a-be68-4cc871f90004\u0022,\u0022Guid@odata.type\u0022:\u0022Edm.Guid\u0022,\u0022Guid\u0022:\u00220d391d16-97f1-4b9a-be68-4cc871f90004\u0022,\u0022IntegerPrimitiveN\u0022:4,\u0022IntegerPrimitive\u0022:4,\u0022Int32N\u0022:4,\u0022Int32\u0022:4,\u0022LongPrimitiveN@odata.type\u0022:\u0022Edm.Int64\u0022,\u0022LongPrimitiveN\u0022:\u00222147483651\u0022,\u0022LongPrimitive@odata.type\u0022:\u0022Edm.Int64\u0022,\u0022LongPrimitive\u0022:\u00222147483651\u0022,\u0022Int64N@odata.type\u0022:\u0022Edm.Int64\u0022,\u0022Int64N\u0022:\u0022123456789012\u0022,\u0022Int64@odata.type\u0022:\u0022Edm.Int64\u0022,\u0022Int64\u0022:\u00222147483651\u0022,\u0022String\u0022:\u00220004\u0022}]}"
    },
    {
      "RequestUri": "https://chrissscratch.table.core.windows.net/Tables(\u0027testtable3qpjbhfe\u0027)",
      "RequestMethod": "DELETE",
      "RequestHeaders": {
        "Accept": "application/json",
        "Authorization": "Sanitized",
        "Request-Id": "|6f9b1df4-422276e4d0c4854b.",
        "User-Agent": [
          "azsdk-net-Data.Tables/1.0.0-dev.20200529.1",
          "(.NET Core 4.6.28801.04; Microsoft Windows 10.0.18363 )"
        ],
        "x-ms-client-request-id": "70fa8867c39041387c80b2c57fff6dc5",
        "x-ms-date": "Fri, 29 May 2020 13:20:21 GMT",
        "x-ms-return-client-request-id": "true",
        "x-ms-version": "2019-02-02"
      },
      "RequestBody": null,
      "StatusCode": 204,
      "ResponseHeaders": {
        "Cache-Control": "no-cache",
        "Content-Length": "0",
        "Date": "Fri, 29 May 2020 13:20:21 GMT",
        "Server": [
          "Windows-Azure-Table/1.0",
          "Microsoft-HTTPAPI/2.0"
        ],
        "X-Content-Type-Options": "nosniff",
        "x-ms-client-request-id": "70fa8867c39041387c80b2c57fff6dc5",
        "x-ms-request-id": "56450411-3002-0082-46bb-3565b8000000",
        "x-ms-version": "2019-02-02"
      },
      "ResponseBody": []
    }
  ],
  "Variables": {
    "RandomSeed": "2086760154",
    "TABLES_PRIMARY_STORAGE_ACCOUNT_KEY": "",
    "TABLES_STORAGE_ACCOUNT_NAME": "chrissscratch"
  }
}