{
  "Entries": [
    {
      "RequestUri": "https://management.azure.com/subscriptions/0accec26-d6de-4757-8e74-d080f38eaaab?api-version=2019-11-01",
      "RequestMethod": "GET",
      "RequestHeaders": {
        "Accept": "application/json",
        "Authorization": "Sanitized",
        "User-Agent": "azsdk-net-ResourceManager.Resources/1.0.0-preview.2 (.NET Framework 4.8.4300.0; Microsoft Windows 10.0.19042 )",
        "x-ms-client-request-id": "e474f748b1211fd65efcc9cee7ca4406",
        "x-ms-return-client-request-id": "true"
      },
      "RequestBody": null,
      "StatusCode": 200,
      "ResponseHeaders": {
        "Cache-Control": "no-cache",
        "Content-Length": "403",
        "Content-Type": "application/json; charset=utf-8",
        "Date": "Fri, 12 Mar 2021 08:43:32 GMT",
        "Expires": "-1",
        "Pragma": "no-cache",
        "Strict-Transport-Security": "max-age=31536000; includeSubDomains",
        "X-Content-Type-Options": "nosniff",
        "x-ms-correlation-request-id": "b6f0759e-923c-457a-831d-d0bfd9013729",
        "x-ms-ratelimit-remaining-subscription-reads": "11994",
        "x-ms-request-id": "b6f0759e-923c-457a-831d-d0bfd9013729",
        "x-ms-routing-request-id": "SOUTHEASTASIA:20210312T084333Z:b6f0759e-923c-457a-831d-d0bfd9013729"
      },
      "ResponseBody": {
        "id": "/subscriptions/0accec26-d6de-4757-8e74-d080f38eaaab",
        "authorizationSource": "RoleBased",
        "managedByTenants": [],
        "subscriptionId": "0accec26-d6de-4757-8e74-d080f38eaaab",
        "tenantId": "72f988bf-86f1-41af-91ab-2d7cd011db47",
        "displayName": "ACR - TEST - China Team",
        "state": "Enabled",
        "subscriptionPolicies": {
          "locationPlacementId": "Internal_2014-09-01",
          "quotaId": "Internal_2014-09-01",
          "spendingLimit": "Off"
        }
      }
    },
    {
      "RequestUri": "https://management.azure.com/subscriptions/0accec26-d6de-4757-8e74-d080f38eaaab/resourcegroups/CoreRg1175?api-version=2019-10-01",
      "RequestMethod": "PUT",
      "RequestHeaders": {
        "Accept": "application/json",
        "Authorization": "Sanitized",
        "Content-Length": "34",
        "Content-Type": "application/json",
        "User-Agent": "azsdk-net-ResourceManager.Resources/1.0.0-preview.2 (.NET Framework 4.8.4300.0; Microsoft Windows 10.0.19042 )",
        "x-ms-client-request-id": "19c2bf17089d38649f10b0584c32c669",
        "x-ms-return-client-request-id": "true"
      },
      "RequestBody": {
        "location": "West US 2",
        "tags": {}
      },
      "StatusCode": 201,
      "ResponseHeaders": {
        "Cache-Control": "no-cache",
        "Content-Length": "228",
        "Content-Type": "application/json; charset=utf-8",
        "Date": "Fri, 12 Mar 2021 08:43:36 GMT",
        "Expires": "-1",
        "Pragma": "no-cache",
        "Strict-Transport-Security": "max-age=31536000; includeSubDomains",
        "X-Content-Type-Options": "nosniff",
        "x-ms-correlation-request-id": "a45740e1-3f1b-4f75-b533-76bce716d9a4",
        "x-ms-ratelimit-remaining-subscription-writes": "1198",
        "x-ms-request-id": "a45740e1-3f1b-4f75-b533-76bce716d9a4",
        "x-ms-routing-request-id": "SOUTHEASTASIA:20210312T084336Z:a45740e1-3f1b-4f75-b533-76bce716d9a4"
      },
      "ResponseBody": {
        "id": "/subscriptions/0accec26-d6de-4757-8e74-d080f38eaaab/resourceGroups/CoreRg1175",
        "name": "CoreRg1175",
        "type": "Microsoft.Resources/resourceGroups",
        "location": "westus2",
        "tags": {},
        "properties": {
          "provisioningState": "Succeeded"
        }
      }
    },
    {
      "RequestUri": "https://management.azure.com/subscriptions/0accec26-d6de-4757-8e74-d080f38eaaab/resourcegroups/CoreRg1175?api-version=2019-10-01",
      "RequestMethod": "GET",
      "RequestHeaders": {
        "Accept": "application/json",
        "Authorization": "Sanitized",
        "User-Agent": "azsdk-net-ResourceManager.Resources/1.0.0-preview.2 (.NET Framework 4.8.4300.0; Microsoft Windows 10.0.19042 )",
        "x-ms-client-request-id": "2f02d6d8e3d8fd54fe196873a757e858",
        "x-ms-return-client-request-id": "true"
      },
      "RequestBody": null,
      "StatusCode": 200,
      "ResponseHeaders": {
        "Cache-Control": "no-cache",
        "Content-Length": "228",
        "Content-Type": "application/json; charset=utf-8",
        "Date": "Fri, 12 Mar 2021 08:43:36 GMT",
        "Expires": "-1",
        "Pragma": "no-cache",
        "Strict-Transport-Security": "max-age=31536000; includeSubDomains",
        "X-Content-Type-Options": "nosniff",
        "x-ms-correlation-request-id": "64c8b311-3f2f-484d-9834-36089bff54c7",
        "x-ms-ratelimit-remaining-subscription-reads": "11993",
        "x-ms-request-id": "64c8b311-3f2f-484d-9834-36089bff54c7",
        "x-ms-routing-request-id": "SOUTHEASTASIA:20210312T084336Z:64c8b311-3f2f-484d-9834-36089bff54c7"
      },
      "ResponseBody": {
        "id": "/subscriptions/0accec26-d6de-4757-8e74-d080f38eaaab/resourceGroups/CoreRg1175",
        "name": "CoreRg1175",
        "type": "Microsoft.Resources/resourceGroups",
        "location": "westus2",
        "tags": {},
        "properties": {
          "provisioningState": "Succeeded"
        }
      }
    },
    {
      "RequestUri": "https://management.azure.com/subscriptions/0accec26-d6de-4757-8e74-d080f38eaaab/resourcegroups/FakeName?api-version=2019-10-01",
      "RequestMethod": "GET",
      "RequestHeaders": {
        "Accept": "application/json",
        "Authorization": "Sanitized",
        "User-Agent": "azsdk-net-ResourceManager.Resources/1.0.0-preview.2 (.NET Framework 4.8.4300.0; Microsoft Windows 10.0.19042 )",
        "x-ms-client-request-id": "ccbe1c59735c3f4d933c4510017ed32c",
        "x-ms-return-client-request-id": "true"
      },
      "RequestBody": null,
      "StatusCode": 404,
      "ResponseHeaders": {
        "Cache-Control": "no-cache",
        "Content-Length": "100",
        "Content-Type": "application/json; charset=utf-8",
        "Date": "Fri, 12 Mar 2021 08:43:36 GMT",
        "Expires": "-1",
        "Pragma": "no-cache",
        "Strict-Transport-Security": "max-age=31536000; includeSubDomains",
        "X-Content-Type-Options": "nosniff",
        "x-ms-correlation-request-id": "c0b7113e-2087-4a97-8308-b1f876991be6",
        "x-ms-failure-cause": "gateway",
        "x-ms-ratelimit-remaining-subscription-reads": "11992",
        "x-ms-request-id": "c0b7113e-2087-4a97-8308-b1f876991be6",
        "x-ms-routing-request-id": "SOUTHEASTASIA:20210312T084336Z:c0b7113e-2087-4a97-8308-b1f876991be6"
      },
      "ResponseBody": {
        "error": {
          "code": "ResourceGroupNotFound",
          "message": "Resource group \u0027FakeName\u0027 could not be found."
        }
      }
    }
  ],
  "Variables": {
    "RandomSeed": "718120926",
    "SUBSCRIPTION_ID": "0accec26-d6de-4757-8e74-d080f38eaaab"
  }
}