{
  "Entries": [
    {
      "RequestUri": "/subscriptions/56207a5d-4746-4a2d-9f7f-c5ac77a5ddfd/resourcegroups/azuresdkfornetautoresttrafficmanager4927?api-version=2015-11-01",
      "EncodedRequestUri": "L3N1YnNjcmlwdGlvbnMvNTYyMDdhNWQtNDc0Ni00YTJkLTlmN2YtYzVhYzc3YTVkZGZkL3Jlc291cmNlZ3JvdXBzL2F6dXJlc2RrZm9ybmV0YXV0b3Jlc3R0cmFmZmljbWFuYWdlcjQ5Mjc/YXBpLXZlcnNpb249MjAxNS0xMS0wMQ==",
      "RequestMethod": "PUT",
      "RequestBody": "{\r\n  \"location\": \"Central US\"\r\n}",
      "RequestHeaders": {
        "Content-Type": [
          "application/json; charset=utf-8"
        ],
        "Content-Length": [
          "32"
        ],
        "x-ms-client-request-id": [
          "2ff8e9e0-dd55-4950-aaf4-a00141786d86"
        ],
        "accept-language": [
          "en-US"
        ],
        "User-Agent": [
          "FxVersion/4.6.25211.01",
          "Microsoft.Azure.Management.Resources.ResourceManagementClient/1.0.0.0"
        ]
      },
      "ResponseBody": "{\r\n  \"id\": \"/subscriptions/56207a5d-4746-4a2d-9f7f-c5ac77a5ddfd/resourceGroups/azuresdkfornetautoresttrafficmanager4927\",\r\n  \"name\": \"azuresdkfornetautoresttrafficmanager4927\",\r\n  \"location\": \"centralus\",\r\n  \"properties\": {\r\n    \"provisioningState\": \"Succeeded\"\r\n  }\r\n}",
      "ResponseHeaders": {
        "Content-Length": [
          "236"
        ],
        "Content-Type": [
          "application/json; charset=utf-8"
        ],
        "Expires": [
          "-1"
        ],
        "Cache-Control": [
          "no-cache"
        ],
        "Date": [
          "Tue, 17 Jul 2018 23:40:54 GMT"
        ],
        "Pragma": [
          "no-cache"
        ],
        "x-ms-ratelimit-remaining-subscription-writes": [
          "1199"
        ],
        "x-ms-request-id": [
          "a310333c-fb9f-4f42-a7ea-9869335d140c"
        ],
        "x-ms-correlation-request-id": [
          "a310333c-fb9f-4f42-a7ea-9869335d140c"
        ],
        "x-ms-routing-request-id": [
          "WESTUS2:20180717T234054Z:a310333c-fb9f-4f42-a7ea-9869335d140c"
        ],
        "Strict-Transport-Security": [
          "max-age=31536000; includeSubDomains"
        ],
        "X-Content-Type-Options": [
          "nosniff"
        ]
      },
      "StatusCode": 201
    },
    {
      "RequestUri": "/subscriptions/56207a5d-4746-4a2d-9f7f-c5ac77a5ddfd/resourceGroups/azuresdkfornetautoresttrafficmanager4927/providers/Microsoft.Network/trafficmanagerprofiles/azuresdkfornetautoresttrafficmanager239?api-version=2018-04-01",
      "EncodedRequestUri": "L3N1YnNjcmlwdGlvbnMvNTYyMDdhNWQtNDc0Ni00YTJkLTlmN2YtYzVhYzc3YTVkZGZkL3Jlc291cmNlR3JvdXBzL2F6dXJlc2RrZm9ybmV0YXV0b3Jlc3R0cmFmZmljbWFuYWdlcjQ5MjcvcHJvdmlkZXJzL01pY3Jvc29mdC5OZXR3b3JrL3RyYWZmaWNtYW5hZ2VycHJvZmlsZXMvYXp1cmVzZGtmb3JuZXRhdXRvcmVzdHRyYWZmaWNtYW5hZ2VyMjM5P2FwaS12ZXJzaW9uPTIwMTgtMDQtMDE=",
      "RequestMethod": "PUT",
      "RequestBody": "{\r\n  \"properties\": {\r\n    \"profileStatus\": \"Enabled\",\r\n    \"trafficRoutingMethod\": \"Subnet\",\r\n    \"dnsConfig\": {\r\n      \"relativeName\": \"azuresdkfornetautoresttrafficmanager239\",\r\n      \"ttl\": 35\r\n    },\r\n    \"monitorConfig\": {\r\n      \"protocol\": \"http\",\r\n      \"port\": 80,\r\n      \"path\": \"/testpath.aspx\"\r\n    },\r\n    \"trafficViewEnrollmentStatus\": \"Disabled\"\r\n  },\r\n  \"location\": \"global\"\r\n}",
      "RequestHeaders": {
        "Content-Type": [
          "application/json; charset=utf-8"
        ],
        "Content-Length": [
          "393"
        ],
        "x-ms-client-request-id": [
          "419575c9-3153-41ef-b4ab-d89744bbf427"
        ],
        "accept-language": [
          "en-US"
        ],
        "User-Agent": [
          "FxVersion/4.6.25211.01",
          "Microsoft.Azure.Management.TrafficManager.TrafficManagerManagementClient/2.5.0.0"
        ]
      },
      "ResponseBody": "{\r\n  \"id\": \"/subscriptions/56207a5d-4746-4a2d-9f7f-c5ac77a5ddfd/resourceGroups/azuresdkfornetautoresttrafficmanager4927/providers/Microsoft.Network/trafficManagerProfiles/azuresdkfornetautoresttrafficmanager239\",\r\n  \"name\": \"azuresdkfornetautoresttrafficmanager239\",\r\n  \"type\": \"Microsoft.Network/trafficManagerProfiles\",\r\n  \"location\": \"global\",\r\n  \"properties\": {\r\n    \"profileStatus\": \"Enabled\",\r\n    \"trafficRoutingMethod\": \"Subnet\",\r\n    \"dnsConfig\": {\r\n      \"relativeName\": \"azuresdkfornetautoresttrafficmanager239\",\r\n      \"fqdn\": \"azuresdkfornetautoresttrafficmanager239.trafficmanager.net\",\r\n      \"ttl\": 35\r\n    },\r\n    \"monitorConfig\": {\r\n      \"profileMonitorStatus\": \"Inactive\",\r\n      \"protocol\": \"HTTP\",\r\n      \"port\": 80,\r\n      \"path\": \"/testpath.aspx\",\r\n      \"intervalInSeconds\": 30,\r\n      \"toleratedNumberOfFailures\": 3,\r\n      \"timeoutInSeconds\": 10\r\n    },\r\n    \"endpoints\": [],\r\n    \"trafficViewEnrollmentStatus\": \"Disabled\"\r\n  }\r\n}",
      "ResponseHeaders": {
        "Content-Length": [
          "792"
        ],
        "Content-Type": [
          "application/json; charset=utf-8"
        ],
        "Cache-Control": [
          "private"
        ],
        "Date": [
          "Tue, 17 Jul 2018 23:40:55 GMT"
        ],
        "Server": [
          "Microsoft-IIS/8.5"
        ],
        "X-Content-Type-Options": [
          "nosniff"
        ],
        "Strict-Transport-Security": [
          "max-age=31536000; includeSubDomains"
        ],
        "x-ms-request-id": [
          "419575c9-3153-41ef-b4ab-d89744bbf427"
        ],
        "X-AspNet-Version": [
          "4.0.30319"
        ],
        "X-Powered-By": [
          "ASP.NET"
        ],
        "x-ms-ratelimit-remaining-subscription-resource-requests": [
          "10798"
        ],
        "x-ms-correlation-request-id": [
          "0cb306ae-fd06-4203-9383-971957d60454"
        ],
        "x-ms-routing-request-id": [
          "WESTUS2:20180717T234056Z:0cb306ae-fd06-4203-9383-971957d60454"
        ]
      },
      "StatusCode": 201
    },
    {
      "RequestUri": "/subscriptions/56207a5d-4746-4a2d-9f7f-c5ac77a5ddfd/resourceGroups/azuresdkfornetautoresttrafficmanager4927/providers/Microsoft.Network/trafficmanagerprofiles/azuresdkfornetautoresttrafficmanager239/ExternalEndpoints/My%20external%20endpoint%200?api-version=2018-04-01",
      "EncodedRequestUri": "L3N1YnNjcmlwdGlvbnMvNTYyMDdhNWQtNDc0Ni00YTJkLTlmN2YtYzVhYzc3YTVkZGZkL3Jlc291cmNlR3JvdXBzL2F6dXJlc2RrZm9ybmV0YXV0b3Jlc3R0cmFmZmljbWFuYWdlcjQ5MjcvcHJvdmlkZXJzL01pY3Jvc29mdC5OZXR3b3JrL3RyYWZmaWNtYW5hZ2VycHJvZmlsZXMvYXp1cmVzZGtmb3JuZXRhdXRvcmVzdHRyYWZmaWNtYW5hZ2VyMjM5L0V4dGVybmFsRW5kcG9pbnRzL015JTIwZXh0ZXJuYWwlMjBlbmRwb2ludCUyMDA/YXBpLXZlcnNpb249MjAxOC0wNC0wMQ==",
      "RequestMethod": "PUT",
      "RequestBody": "{\r\n  \"properties\": {\r\n    \"target\": \"foobar.Contoso0.com\",\r\n    \"endpointStatus\": \"Enabled\",\r\n    \"endpointLocation\": \"North Europe\",\r\n    \"subnets\": [\r\n      {\r\n        \"first\": \"1.2.0.0\",\r\n        \"last\": \"1.2.0.250\"\r\n      },\r\n      {\r\n        \"first\": \"3.4.0.0\",\r\n        \"scope\": 24\r\n      }\r\n    ]\r\n  }\r\n}",
      "RequestHeaders": {
        "Content-Type": [
          "application/json; charset=utf-8"
        ],
        "Content-Length": [
          "311"
        ],
        "x-ms-client-request-id": [
          "11726439-a7de-42f0-bb73-c63cc40882f6"
        ],
        "accept-language": [
          "en-US"
        ],
        "User-Agent": [
          "FxVersion/4.6.25211.01",
          "Microsoft.Azure.Management.TrafficManager.TrafficManagerManagementClient/2.5.0.0"
        ]
      },
      "ResponseBody": "{\r\n  \"id\": \"/subscriptions/56207a5d-4746-4a2d-9f7f-c5ac77a5ddfd/resourceGroups/azuresdkfornetautoresttrafficmanager4927/providers/Microsoft.Network/trafficManagerProfiles/azuresdkfornetautoresttrafficmanager239/externalEndpoints/My external endpoint 0\",\r\n  \"name\": \"My external endpoint 0\",\r\n  \"type\": \"Microsoft.Network/trafficManagerProfiles/externalEndpoints\",\r\n  \"properties\": {\r\n    \"endpointStatus\": \"Enabled\",\r\n    \"endpointMonitorStatus\": \"CheckingEndpoint\",\r\n    \"target\": \"foobar.Contoso0.com\",\r\n    \"weight\": 1,\r\n    \"priority\": 1,\r\n    \"endpointLocation\": \"North Europe\",\r\n    \"subnets\": [\r\n      {\r\n        \"first\": \"1.2.0.0\",\r\n        \"last\": \"1.2.0.250\"\r\n      },\r\n      {\r\n        \"first\": \"3.4.0.0\",\r\n        \"scope\": 24\r\n      }\r\n    ]\r\n  }\r\n}",
      "ResponseHeaders": {
        "Content-Length": [
          "616"
        ],
        "Content-Type": [
          "application/json; charset=utf-8"
        ],
        "Cache-Control": [
          "private"
        ],
        "Date": [
          "Tue, 17 Jul 2018 23:40:57 GMT"
        ],
        "Server": [
          "Microsoft-IIS/8.5"
        ],
        "X-Content-Type-Options": [
          "nosniff"
        ],
        "Strict-Transport-Security": [
          "max-age=31536000; includeSubDomains"
        ],
        "x-ms-request-id": [
          "11726439-a7de-42f0-bb73-c63cc40882f6"
        ],
        "X-AspNet-Version": [
          "4.0.30319"
        ],
        "X-Powered-By": [
          "ASP.NET"
        ],
        "x-ms-ratelimit-remaining-subscription-writes": [
          "1198"
        ],
        "x-ms-correlation-request-id": [
          "68285e9d-5c5b-44bc-a4dd-1ba91b749fa8"
        ],
        "x-ms-routing-request-id": [
          "WESTUS2:20180717T234057Z:68285e9d-5c5b-44bc-a4dd-1ba91b749fa8"
        ]
      },
      "StatusCode": 201
    },
    {
      "RequestUri": "/subscriptions/56207a5d-4746-4a2d-9f7f-c5ac77a5ddfd/resourceGroups/azuresdkfornetautoresttrafficmanager4927/providers/Microsoft.Network/trafficmanagerprofiles/azuresdkfornetautoresttrafficmanager239/ExternalEndpoints/My%20external%20endpoint%201?api-version=2018-04-01",
      "EncodedRequestUri": "L3N1YnNjcmlwdGlvbnMvNTYyMDdhNWQtNDc0Ni00YTJkLTlmN2YtYzVhYzc3YTVkZGZkL3Jlc291cmNlR3JvdXBzL2F6dXJlc2RrZm9ybmV0YXV0b3Jlc3R0cmFmZmljbWFuYWdlcjQ5MjcvcHJvdmlkZXJzL01pY3Jvc29mdC5OZXR3b3JrL3RyYWZmaWNtYW5hZ2VycHJvZmlsZXMvYXp1cmVzZGtmb3JuZXRhdXRvcmVzdHRyYWZmaWNtYW5hZ2VyMjM5L0V4dGVybmFsRW5kcG9pbnRzL015JTIwZXh0ZXJuYWwlMjBlbmRwb2ludCUyMDE/YXBpLXZlcnNpb249MjAxOC0wNC0wMQ==",
      "RequestMethod": "PUT",
      "RequestBody": "{\r\n  \"properties\": {\r\n    \"target\": \"foobar.Contoso1.com\",\r\n    \"endpointStatus\": \"Enabled\",\r\n    \"endpointLocation\": \"North Europe\",\r\n    \"subnets\": [\r\n      {\r\n        \"first\": \"1.2.1.0\",\r\n        \"last\": \"1.2.1.250\"\r\n      },\r\n      {\r\n        \"first\": \"3.4.1.0\",\r\n        \"scope\": 24\r\n      }\r\n    ]\r\n  }\r\n}",
      "RequestHeaders": {
        "Content-Type": [
          "application/json; charset=utf-8"
        ],
        "Content-Length": [
          "311"
        ],
        "x-ms-client-request-id": [
          "33655962-7bf2-4a47-b2a6-476325ed8f28"
        ],
        "accept-language": [
          "en-US"
        ],
        "User-Agent": [
          "FxVersion/4.6.25211.01",
          "Microsoft.Azure.Management.TrafficManager.TrafficManagerManagementClient/2.5.0.0"
        ]
      },
      "ResponseBody": "{\r\n  \"id\": \"/subscriptions/56207a5d-4746-4a2d-9f7f-c5ac77a5ddfd/resourceGroups/azuresdkfornetautoresttrafficmanager4927/providers/Microsoft.Network/trafficManagerProfiles/azuresdkfornetautoresttrafficmanager239/externalEndpoints/My external endpoint 1\",\r\n  \"name\": \"My external endpoint 1\",\r\n  \"type\": \"Microsoft.Network/trafficManagerProfiles/externalEndpoints\",\r\n  \"properties\": {\r\n    \"endpointStatus\": \"Enabled\",\r\n    \"endpointMonitorStatus\": \"CheckingEndpoint\",\r\n    \"target\": \"foobar.Contoso1.com\",\r\n    \"weight\": 1,\r\n    \"priority\": 2,\r\n    \"endpointLocation\": \"North Europe\",\r\n    \"subnets\": [\r\n      {\r\n        \"first\": \"1.2.1.0\",\r\n        \"last\": \"1.2.1.250\"\r\n      },\r\n      {\r\n        \"first\": \"3.4.1.0\",\r\n        \"scope\": 24\r\n      }\r\n    ]\r\n  }\r\n}",
      "ResponseHeaders": {
        "Content-Length": [
          "616"
        ],
        "Content-Type": [
          "application/json; charset=utf-8"
        ],
        "Cache-Control": [
          "private"
        ],
        "Date": [
          "Tue, 17 Jul 2018 23:40:57 GMT"
        ],
        "Server": [
          "Microsoft-IIS/8.5"
        ],
        "X-Content-Type-Options": [
          "nosniff"
        ],
        "Strict-Transport-Security": [
          "max-age=31536000; includeSubDomains"
        ],
        "x-ms-request-id": [
          "33655962-7bf2-4a47-b2a6-476325ed8f28"
        ],
        "X-AspNet-Version": [
          "4.0.30319"
        ],
        "X-Powered-By": [
          "ASP.NET"
        ],
        "x-ms-ratelimit-remaining-subscription-writes": [
          "1197"
        ],
        "x-ms-correlation-request-id": [
          "66df4b9f-f6cc-4d9f-b7a9-9ef0c92fba9c"
        ],
        "x-ms-routing-request-id": [
          "WESTUS2:20180717T234058Z:66df4b9f-f6cc-4d9f-b7a9-9ef0c92fba9c"
        ]
      },
      "StatusCode": 201
    },
    {
      "RequestUri": "/subscriptions/56207a5d-4746-4a2d-9f7f-c5ac77a5ddfd/resourceGroups/azuresdkfornetautoresttrafficmanager4927/providers/Microsoft.Network/trafficmanagerprofiles/azuresdkfornetautoresttrafficmanager239/ExternalEndpoints/My%20external%20endpoint%202?api-version=2018-04-01",
      "EncodedRequestUri": "L3N1YnNjcmlwdGlvbnMvNTYyMDdhNWQtNDc0Ni00YTJkLTlmN2YtYzVhYzc3YTVkZGZkL3Jlc291cmNlR3JvdXBzL2F6dXJlc2RrZm9ybmV0YXV0b3Jlc3R0cmFmZmljbWFuYWdlcjQ5MjcvcHJvdmlkZXJzL01pY3Jvc29mdC5OZXR3b3JrL3RyYWZmaWNtYW5hZ2VycHJvZmlsZXMvYXp1cmVzZGtmb3JuZXRhdXRvcmVzdHRyYWZmaWNtYW5hZ2VyMjM5L0V4dGVybmFsRW5kcG9pbnRzL015JTIwZXh0ZXJuYWwlMjBlbmRwb2ludCUyMDI/YXBpLXZlcnNpb249MjAxOC0wNC0wMQ==",
      "RequestMethod": "PUT",
      "RequestBody": "{\r\n  \"properties\": {\r\n    \"target\": \"foobar.Contoso2.com\",\r\n    \"endpointStatus\": \"Enabled\",\r\n    \"endpointLocation\": \"North Europe\",\r\n    \"subnets\": [\r\n      {\r\n        \"first\": \"1.2.2.0\",\r\n        \"last\": \"1.2.2.250\"\r\n      },\r\n      {\r\n        \"first\": \"3.4.2.0\",\r\n        \"scope\": 24\r\n      }\r\n    ]\r\n  }\r\n}",
      "RequestHeaders": {
        "Content-Type": [
          "application/json; charset=utf-8"
        ],
        "Content-Length": [
          "311"
        ],
        "x-ms-client-request-id": [
          "da32218d-3b8e-4284-a6f7-b68140ba2862"
        ],
        "accept-language": [
          "en-US"
        ],
        "User-Agent": [
          "FxVersion/4.6.25211.01",
          "Microsoft.Azure.Management.TrafficManager.TrafficManagerManagementClient/2.5.0.0"
        ]
      },
      "ResponseBody": "{\r\n  \"id\": \"/subscriptions/56207a5d-4746-4a2d-9f7f-c5ac77a5ddfd/resourceGroups/azuresdkfornetautoresttrafficmanager4927/providers/Microsoft.Network/trafficManagerProfiles/azuresdkfornetautoresttrafficmanager239/externalEndpoints/My external endpoint 2\",\r\n  \"name\": \"My external endpoint 2\",\r\n  \"type\": \"Microsoft.Network/trafficManagerProfiles/externalEndpoints\",\r\n  \"properties\": {\r\n    \"endpointStatus\": \"Enabled\",\r\n    \"endpointMonitorStatus\": \"CheckingEndpoint\",\r\n    \"target\": \"foobar.Contoso2.com\",\r\n    \"weight\": 1,\r\n    \"priority\": 3,\r\n    \"endpointLocation\": \"North Europe\",\r\n    \"subnets\": [\r\n      {\r\n        \"first\": \"1.2.2.0\",\r\n        \"last\": \"1.2.2.250\"\r\n      },\r\n      {\r\n        \"first\": \"3.4.2.0\",\r\n        \"scope\": 24\r\n      }\r\n    ]\r\n  }\r\n}",
      "ResponseHeaders": {
        "Content-Length": [
          "616"
        ],
        "Content-Type": [
          "application/json; charset=utf-8"
        ],
        "Cache-Control": [
          "private"
        ],
        "Date": [
          "Tue, 17 Jul 2018 23:40:58 GMT"
        ],
        "Server": [
          "Microsoft-IIS/8.5"
        ],
        "X-Content-Type-Options": [
          "nosniff"
        ],
        "Strict-Transport-Security": [
          "max-age=31536000; includeSubDomains"
        ],
        "x-ms-request-id": [
          "da32218d-3b8e-4284-a6f7-b68140ba2862"
        ],
        "X-AspNet-Version": [
          "4.0.30319"
        ],
        "X-Powered-By": [
          "ASP.NET"
        ],
        "x-ms-ratelimit-remaining-subscription-writes": [
          "1196"
        ],
        "x-ms-correlation-request-id": [
          "370c390a-55ef-43ff-9d04-9faa5d8bfa63"
        ],
        "x-ms-routing-request-id": [
          "WESTUS2:20180717T234059Z:370c390a-55ef-43ff-9d04-9faa5d8bfa63"
        ]
      },
      "StatusCode": 201
    },
    {
      "RequestUri": "/subscriptions/56207a5d-4746-4a2d-9f7f-c5ac77a5ddfd/resourceGroups/azuresdkfornetautoresttrafficmanager4927/providers/Microsoft.Network/trafficmanagerprofiles/azuresdkfornetautoresttrafficmanager239/ExternalEndpoints/My%20external%20endpoint%203?api-version=2018-04-01",
      "EncodedRequestUri": "L3N1YnNjcmlwdGlvbnMvNTYyMDdhNWQtNDc0Ni00YTJkLTlmN2YtYzVhYzc3YTVkZGZkL3Jlc291cmNlR3JvdXBzL2F6dXJlc2RrZm9ybmV0YXV0b3Jlc3R0cmFmZmljbWFuYWdlcjQ5MjcvcHJvdmlkZXJzL01pY3Jvc29mdC5OZXR3b3JrL3RyYWZmaWNtYW5hZ2VycHJvZmlsZXMvYXp1cmVzZGtmb3JuZXRhdXRvcmVzdHRyYWZmaWNtYW5hZ2VyMjM5L0V4dGVybmFsRW5kcG9pbnRzL015JTIwZXh0ZXJuYWwlMjBlbmRwb2ludCUyMDM/YXBpLXZlcnNpb249MjAxOC0wNC0wMQ==",
      "RequestMethod": "PUT",
      "RequestBody": "{\r\n  \"properties\": {\r\n    \"target\": \"foobar.Contoso3.com\",\r\n    \"endpointStatus\": \"Enabled\",\r\n    \"endpointLocation\": \"North Europe\",\r\n    \"subnets\": [\r\n      {\r\n        \"first\": \"1.2.3.0\",\r\n        \"last\": \"1.2.3.250\"\r\n      },\r\n      {\r\n        \"first\": \"3.4.3.0\",\r\n        \"scope\": 24\r\n      }\r\n    ]\r\n  }\r\n}",
      "RequestHeaders": {
        "Content-Type": [
          "application/json; charset=utf-8"
        ],
        "Content-Length": [
          "311"
        ],
        "x-ms-client-request-id": [
          "d1e71b47-90e2-4c56-92ce-73fe6227b403"
        ],
        "accept-language": [
          "en-US"
        ],
        "User-Agent": [
          "FxVersion/4.6.25211.01",
          "Microsoft.Azure.Management.TrafficManager.TrafficManagerManagementClient/2.5.0.0"
        ]
      },
      "ResponseBody": "{\r\n  \"id\": \"/subscriptions/56207a5d-4746-4a2d-9f7f-c5ac77a5ddfd/resourceGroups/azuresdkfornetautoresttrafficmanager4927/providers/Microsoft.Network/trafficManagerProfiles/azuresdkfornetautoresttrafficmanager239/externalEndpoints/My external endpoint 3\",\r\n  \"name\": \"My external endpoint 3\",\r\n  \"type\": \"Microsoft.Network/trafficManagerProfiles/externalEndpoints\",\r\n  \"properties\": {\r\n    \"endpointStatus\": \"Enabled\",\r\n    \"endpointMonitorStatus\": \"CheckingEndpoint\",\r\n    \"target\": \"foobar.Contoso3.com\",\r\n    \"weight\": 1,\r\n    \"priority\": 4,\r\n    \"endpointLocation\": \"North Europe\",\r\n    \"subnets\": [\r\n      {\r\n        \"first\": \"1.2.3.0\",\r\n        \"last\": \"1.2.3.250\"\r\n      },\r\n      {\r\n        \"first\": \"3.4.3.0\",\r\n        \"scope\": 24\r\n      }\r\n    ]\r\n  }\r\n}",
      "ResponseHeaders": {
        "Content-Length": [
          "616"
        ],
        "Content-Type": [
          "application/json; charset=utf-8"
        ],
        "Cache-Control": [
          "private"
        ],
        "Date": [
          "Tue, 17 Jul 2018 23:40:59 GMT"
        ],
        "Server": [
          "Microsoft-IIS/8.5"
        ],
        "X-Content-Type-Options": [
          "nosniff"
        ],
        "Strict-Transport-Security": [
          "max-age=31536000; includeSubDomains"
        ],
        "x-ms-request-id": [
          "d1e71b47-90e2-4c56-92ce-73fe6227b403"
        ],
        "X-AspNet-Version": [
          "4.0.30319"
        ],
        "X-Powered-By": [
          "ASP.NET"
        ],
        "x-ms-ratelimit-remaining-subscription-writes": [
          "1195"
        ],
        "x-ms-correlation-request-id": [
          "5b0e03b5-288c-4507-8db9-5b8359874640"
        ],
        "x-ms-routing-request-id": [
          "WESTUS2:20180717T234059Z:5b0e03b5-288c-4507-8db9-5b8359874640"
        ]
      },
      "StatusCode": 201
    },
    {
      "RequestUri": "/subscriptions/56207a5d-4746-4a2d-9f7f-c5ac77a5ddfd/resourceGroups/azuresdkfornetautoresttrafficmanager4927/providers/Microsoft.Network/trafficmanagerprofiles/azuresdkfornetautoresttrafficmanager239?api-version=2018-04-01",
      "EncodedRequestUri": "L3N1YnNjcmlwdGlvbnMvNTYyMDdhNWQtNDc0Ni00YTJkLTlmN2YtYzVhYzc3YTVkZGZkL3Jlc291cmNlR3JvdXBzL2F6dXJlc2RrZm9ybmV0YXV0b3Jlc3R0cmFmZmljbWFuYWdlcjQ5MjcvcHJvdmlkZXJzL01pY3Jvc29mdC5OZXR3b3JrL3RyYWZmaWNtYW5hZ2VycHJvZmlsZXMvYXp1cmVzZGtmb3JuZXRhdXRvcmVzdHRyYWZmaWNtYW5hZ2VyMjM5P2FwaS12ZXJzaW9uPTIwMTgtMDQtMDE=",
      "RequestMethod": "GET",
      "RequestBody": "",
      "RequestHeaders": {
        "x-ms-client-request-id": [
          "2fa1d1df-5802-42a1-a54c-7fba33562487"
        ],
        "accept-language": [
          "en-US"
        ],
        "User-Agent": [
          "FxVersion/4.6.25211.01",
          "Microsoft.Azure.Management.TrafficManager.TrafficManagerManagementClient/2.5.0.0"
        ]
      },
      "ResponseBody": "{\r\n  \"id\": \"/subscriptions/56207a5d-4746-4a2d-9f7f-c5ac77a5ddfd/resourceGroups/azuresdkfornetautoresttrafficmanager4927/providers/Microsoft.Network/trafficManagerProfiles/azuresdkfornetautoresttrafficmanager239\",\r\n  \"name\": \"azuresdkfornetautoresttrafficmanager239\",\r\n  \"type\": \"Microsoft.Network/trafficManagerProfiles\",\r\n  \"location\": \"global\",\r\n  \"tags\": {},\r\n  \"properties\": {\r\n    \"profileStatus\": \"Enabled\",\r\n    \"trafficRoutingMethod\": \"Subnet\",\r\n    \"dnsConfig\": {\r\n      \"relativeName\": \"azuresdkfornetautoresttrafficmanager239\",\r\n      \"fqdn\": \"azuresdkfornetautoresttrafficmanager239.trafficmanager.net\",\r\n      \"ttl\": 35\r\n    },\r\n    \"monitorConfig\": {\r\n      \"profileMonitorStatus\": \"CheckingEndpoints\",\r\n      \"protocol\": \"HTTP\",\r\n      \"port\": 80,\r\n      \"path\": \"/testpath.aspx\",\r\n      \"intervalInSeconds\": 30,\r\n      \"toleratedNumberOfFailures\": 3,\r\n      \"timeoutInSeconds\": 10\r\n    },\r\n    \"endpoints\": [\r\n      {\r\n        \"id\": \"/subscriptions/56207a5d-4746-4a2d-9f7f-c5ac77a5ddfd/resourceGroups/azuresdkfornetautoresttrafficmanager4927/providers/Microsoft.Network/trafficManagerProfiles/azuresdkfornetautoresttrafficmanager239/externalEndpoints/My external endpoint 0\",\r\n        \"name\": \"My external endpoint 0\",\r\n        \"type\": \"Microsoft.Network/trafficManagerProfiles/externalEndpoints\",\r\n        \"properties\": {\r\n          \"endpointStatus\": \"Enabled\",\r\n          \"endpointMonitorStatus\": \"CheckingEndpoint\",\r\n          \"target\": \"foobar.Contoso0.com\",\r\n          \"weight\": 1,\r\n          \"priority\": 1,\r\n          \"endpointLocation\": \"North Europe\",\r\n          \"subnets\": [\r\n            {\r\n              \"first\": \"1.2.0.0\",\r\n              \"last\": \"1.2.0.250\"\r\n            },\r\n            {\r\n              \"first\": \"3.4.0.0\",\r\n              \"scope\": 24\r\n            }\r\n          ]\r\n        }\r\n      },\r\n      {\r\n        \"id\": \"/subscriptions/56207a5d-4746-4a2d-9f7f-c5ac77a5ddfd/resourceGroups/azuresdkfornetautoresttrafficmanager4927/providers/Microsoft.Network/trafficManagerProfiles/azuresdkfornetautoresttrafficmanager239/externalEndpoints/My external endpoint 1\",\r\n        \"name\": \"My external endpoint 1\",\r\n        \"type\": \"Microsoft.Network/trafficManagerProfiles/externalEndpoints\",\r\n        \"properties\": {\r\n          \"endpointStatus\": \"Enabled\",\r\n          \"endpointMonitorStatus\": \"CheckingEndpoint\",\r\n          \"target\": \"foobar.Contoso1.com\",\r\n          \"weight\": 1,\r\n          \"priority\": 2,\r\n          \"endpointLocation\": \"North Europe\",\r\n          \"subnets\": [\r\n            {\r\n              \"first\": \"1.2.1.0\",\r\n              \"last\": \"1.2.1.250\"\r\n            },\r\n            {\r\n              \"first\": \"3.4.1.0\",\r\n              \"scope\": 24\r\n            }\r\n          ]\r\n        }\r\n      },\r\n      {\r\n        \"id\": \"/subscriptions/56207a5d-4746-4a2d-9f7f-c5ac77a5ddfd/resourceGroups/azuresdkfornetautoresttrafficmanager4927/providers/Microsoft.Network/trafficManagerProfiles/azuresdkfornetautoresttrafficmanager239/externalEndpoints/My external endpoint 2\",\r\n        \"name\": \"My external endpoint 2\",\r\n        \"type\": \"Microsoft.Network/trafficManagerProfiles/externalEndpoints\",\r\n        \"properties\": {\r\n          \"endpointStatus\": \"Enabled\",\r\n          \"endpointMonitorStatus\": \"CheckingEndpoint\",\r\n          \"target\": \"foobar.Contoso2.com\",\r\n          \"weight\": 1,\r\n          \"priority\": 3,\r\n          \"endpointLocation\": \"North Europe\",\r\n          \"subnets\": [\r\n            {\r\n              \"first\": \"1.2.2.0\",\r\n              \"last\": \"1.2.2.250\"\r\n            },\r\n            {\r\n              \"first\": \"3.4.2.0\",\r\n              \"scope\": 24\r\n            }\r\n          ]\r\n        }\r\n      },\r\n      {\r\n        \"id\": \"/subscriptions/56207a5d-4746-4a2d-9f7f-c5ac77a5ddfd/resourceGroups/azuresdkfornetautoresttrafficmanager4927/providers/Microsoft.Network/trafficManagerProfiles/azuresdkfornetautoresttrafficmanager239/externalEndpoints/My external endpoint 3\",\r\n        \"name\": \"My external endpoint 3\",\r\n        \"type\": \"Microsoft.Network/trafficManagerProfiles/externalEndpoints\",\r\n        \"properties\": {\r\n          \"endpointStatus\": \"Enabled\",\r\n          \"endpointMonitorStatus\": \"CheckingEndpoint\",\r\n          \"target\": \"foobar.Contoso3.com\",\r\n          \"weight\": 1,\r\n          \"priority\": 4,\r\n          \"endpointLocation\": \"North Europe\",\r\n          \"subnets\": [\r\n            {\r\n              \"first\": \"1.2.3.0\",\r\n              \"last\": \"1.2.3.250\"\r\n            },\r\n            {\r\n              \"first\": \"3.4.3.0\",\r\n              \"scope\": 24\r\n            }\r\n          ]\r\n        }\r\n      }\r\n    ],\r\n    \"trafficViewEnrollmentStatus\": \"Disabled\"\r\n  }\r\n}",
      "ResponseHeaders": {
        "Content-Type": [
          "application/json; charset=utf-8"
        ],
        "Cache-Control": [
          "private"
        ],
        "Date": [
          "Tue, 17 Jul 2018 23:40:59 GMT"
        ],
        "Transfer-Encoding": [
          "chunked"
        ],
        "Server": [
          "Microsoft-IIS/8.5"
        ],
        "Vary": [
          "Accept-Encoding"
        ],
        "X-Content-Type-Options": [
          "nosniff"
        ],
        "Strict-Transport-Security": [
          "max-age=31536000; includeSubDomains"
        ],
        "x-ms-request-id": [
          "2fa1d1df-5802-42a1-a54c-7fba33562487"
        ],
        "X-AspNet-Version": [
          "4.0.30319"
        ],
        "X-Powered-By": [
          "ASP.NET"
        ],
        "x-ms-ratelimit-remaining-subscription-resource-requests": [
          "10798"
        ],
        "x-ms-correlation-request-id": [
          "5e943329-46ef-4291-bd3a-8dc8ecd23f8b"
        ],
        "x-ms-routing-request-id": [
          "WESTUS2:20180717T234100Z:5e943329-46ef-4291-bd3a-8dc8ecd23f8b"
        ]
      },
      "StatusCode": 200
    },
    {
      "RequestUri": "/subscriptions/56207a5d-4746-4a2d-9f7f-c5ac77a5ddfd/resourceGroups/azuresdkfornetautoresttrafficmanager4927/providers/Microsoft.Network/trafficmanagerprofiles/azuresdkfornetautoresttrafficmanager239?api-version=2018-04-01",
      "EncodedRequestUri": "L3N1YnNjcmlwdGlvbnMvNTYyMDdhNWQtNDc0Ni00YTJkLTlmN2YtYzVhYzc3YTVkZGZkL3Jlc291cmNlR3JvdXBzL2F6dXJlc2RrZm9ybmV0YXV0b3Jlc3R0cmFmZmljbWFuYWdlcjQ5MjcvcHJvdmlkZXJzL01pY3Jvc29mdC5OZXR3b3JrL3RyYWZmaWNtYW5hZ2VycHJvZmlsZXMvYXp1cmVzZGtmb3JuZXRhdXRvcmVzdHRyYWZmaWNtYW5hZ2VyMjM5P2FwaS12ZXJzaW9uPTIwMTgtMDQtMDE=",
      "RequestMethod": "DELETE",
      "RequestBody": "",
      "RequestHeaders": {
        "x-ms-client-request-id": [
          "14262039-ef0f-48f7-bead-8f408b8ec19e"
        ],
        "accept-language": [
          "en-US"
        ],
        "User-Agent": [
          "FxVersion/4.6.25211.01",
          "Microsoft.Azure.Management.TrafficManager.TrafficManagerManagementClient/2.5.0.0"
        ]
      },
      "ResponseBody": "",
      "ResponseHeaders": {
        "Content-Length": [
          "0"
        ],
        "Cache-Control": [
          "private"
        ],
        "Date": [
          "Tue, 17 Jul 2018 23:41:01 GMT"
        ],
        "Server": [
          "Microsoft-IIS/8.5"
        ],
        "X-Content-Type-Options": [
          "nosniff"
        ],
        "Strict-Transport-Security": [
          "max-age=31536000; includeSubDomains"
        ],
        "x-ms-request-id": [
          "14262039-ef0f-48f7-bead-8f408b8ec19e"
        ],
        "X-AspNet-Version": [
          "4.0.30319"
        ],
        "X-Powered-By": [
          "ASP.NET"
        ],
        "x-ms-ratelimit-remaining-subscription-resource-requests": [
          "10799"
        ],
        "x-ms-correlation-request-id": [
          "f073c30f-f6e1-4aaa-932a-39c8e5010d9e"
        ],
        "x-ms-routing-request-id": [
          "WESTUS2:20180717T234101Z:f073c30f-f6e1-4aaa-932a-39c8e5010d9e"
        ]
      },
      "StatusCode": 200
    },
    {
      "RequestUri": "/subscriptions/56207a5d-4746-4a2d-9f7f-c5ac77a5ddfd/resourcegroups/azuresdkfornetautoresttrafficmanager4927?api-version=2015-11-01",
      "EncodedRequestUri": "L3N1YnNjcmlwdGlvbnMvNTYyMDdhNWQtNDc0Ni00YTJkLTlmN2YtYzVhYzc3YTVkZGZkL3Jlc291cmNlZ3JvdXBzL2F6dXJlc2RrZm9ybmV0YXV0b3Jlc3R0cmFmZmljbWFuYWdlcjQ5Mjc/YXBpLXZlcnNpb249MjAxNS0xMS0wMQ==",
      "RequestMethod": "DELETE",
      "RequestBody": "",
      "RequestHeaders": {
        "x-ms-client-request-id": [
          "2ecd24ee-2e5b-4248-af4b-3a6ae313a1c9"
        ],
        "accept-language": [
          "en-US"
        ],
        "User-Agent": [
          "FxVersion/4.6.25211.01",
          "Microsoft.Azure.Management.Resources.ResourceManagementClient/1.0.0.0"
        ]
      },
      "ResponseBody": "",
      "ResponseHeaders": {
        "Content-Length": [
          "0"
        ],
        "Expires": [
          "-1"
        ],
        "Cache-Control": [
          "no-cache"
        ],
        "Date": [
          "Tue, 17 Jul 2018 23:41:05 GMT"
        ],
        "Pragma": [
          "no-cache"
        ],
        "Location": [
          "https://management.azure.com/subscriptions/56207a5d-4746-4a2d-9f7f-c5ac77a5ddfd/operationresults/eyJqb2JJZCI6IlJFU09VUkNFR1JPVVBERUxFVElPTkpPQi1BWlVSRVNES0ZPUk5FVEFVVE9SRVNUVFJBRkZJQ01BTkFHRVI0OTI3LUNFTlRSQUxVUyIsImpvYkxvY2F0aW9uIjoiY2VudHJhbHVzIn0?api-version=2015-11-01"
        ],
        "Retry-After": [
          "15"
        ],
        "x-ms-ratelimit-remaining-subscription-deletes": [
          "14999"
        ],
        "x-ms-request-id": [
          "4b105cb0-6846-4e58-b6fa-6a2d0c70aed3"
        ],
        "x-ms-correlation-request-id": [
          "4b105cb0-6846-4e58-b6fa-6a2d0c70aed3"
        ],
        "x-ms-routing-request-id": [
          "WESTUS2:20180717T234106Z:4b105cb0-6846-4e58-b6fa-6a2d0c70aed3"
        ],
        "Strict-Transport-Security": [
          "max-age=31536000; includeSubDomains"
        ],
        "X-Content-Type-Options": [
          "nosniff"
        ]
      },
      "StatusCode": 202
    },
    {
      "RequestUri": "/subscriptions/56207a5d-4746-4a2d-9f7f-c5ac77a5ddfd/operationresults/eyJqb2JJZCI6IlJFU09VUkNFR1JPVVBERUxFVElPTkpPQi1BWlVSRVNES0ZPUk5FVEFVVE9SRVNUVFJBRkZJQ01BTkFHRVI0OTI3LUNFTlRSQUxVUyIsImpvYkxvY2F0aW9uIjoiY2VudHJhbHVzIn0?api-version=2015-11-01",
      "EncodedRequestUri": "L3N1YnNjcmlwdGlvbnMvNTYyMDdhNWQtNDc0Ni00YTJkLTlmN2YtYzVhYzc3YTVkZGZkL29wZXJhdGlvbnJlc3VsdHMvZXlKcWIySkpaQ0k2SWxKRlUwOVZVa05GUjFKUFZWQkVSVXhGVkVsUFRrcFBRaTFCV2xWU1JWTkVTMFpQVWs1RlZFRlZWRTlTUlZOVVZGSkJSa1pKUTAxQlRrRkhSVkkwT1RJM0xVTkZUbFJTUVV4VlV5SXNJbXB2WWt4dlkyRjBhVzl1SWpvaVkyVnVkSEpoYkhWekluMD9hcGktdmVyc2lvbj0yMDE1LTExLTAx",
      "RequestMethod": "GET",
      "RequestBody": "",
      "RequestHeaders": {
        "User-Agent": [
          "FxVersion/4.6.25211.01",
          "Microsoft.Azure.Management.Resources.ResourceManagementClient/1.0.0.0"
        ]
      },
      "ResponseBody": "",
      "ResponseHeaders": {
        "Content-Length": [
          "0"
        ],
        "Expires": [
          "-1"
        ],
        "Cache-Control": [
          "no-cache"
        ],
        "Date": [
          "Tue, 17 Jul 2018 23:41:21 GMT"
        ],
        "Pragma": [
          "no-cache"
        ],
        "Location": [
          "https://management.azure.com/subscriptions/56207a5d-4746-4a2d-9f7f-c5ac77a5ddfd/operationresults/eyJqb2JJZCI6IlJFU09VUkNFR1JPVVBERUxFVElPTkpPQi1BWlVSRVNES0ZPUk5FVEFVVE9SRVNUVFJBRkZJQ01BTkFHRVI0OTI3LUNFTlRSQUxVUyIsImpvYkxvY2F0aW9uIjoiY2VudHJhbHVzIn0?api-version=2015-11-01"
        ],
        "Retry-After": [
          "15"
        ],
        "x-ms-ratelimit-remaining-subscription-reads": [
          "14999"
        ],
        "x-ms-request-id": [
          "0410a310-34f9-4586-806b-9a2cc88db1f9"
        ],
        "x-ms-correlation-request-id": [
          "0410a310-34f9-4586-806b-9a2cc88db1f9"
        ],
        "x-ms-routing-request-id": [
          "WESTUS2:20180717T234121Z:0410a310-34f9-4586-806b-9a2cc88db1f9"
        ],
        "Strict-Transport-Security": [
          "max-age=31536000; includeSubDomains"
        ],
        "X-Content-Type-Options": [
          "nosniff"
        ]
      },
      "StatusCode": 202
    },
    {
      "RequestUri": "/subscriptions/56207a5d-4746-4a2d-9f7f-c5ac77a5ddfd/operationresults/eyJqb2JJZCI6IlJFU09VUkNFR1JPVVBERUxFVElPTkpPQi1BWlVSRVNES0ZPUk5FVEFVVE9SRVNUVFJBRkZJQ01BTkFHRVI0OTI3LUNFTlRSQUxVUyIsImpvYkxvY2F0aW9uIjoiY2VudHJhbHVzIn0?api-version=2015-11-01",
      "EncodedRequestUri": "L3N1YnNjcmlwdGlvbnMvNTYyMDdhNWQtNDc0Ni00YTJkLTlmN2YtYzVhYzc3YTVkZGZkL29wZXJhdGlvbnJlc3VsdHMvZXlKcWIySkpaQ0k2SWxKRlUwOVZVa05GUjFKUFZWQkVSVXhGVkVsUFRrcFBRaTFCV2xWU1JWTkVTMFpQVWs1RlZFRlZWRTlTUlZOVVZGSkJSa1pKUTAxQlRrRkhSVkkwT1RJM0xVTkZUbFJTUVV4VlV5SXNJbXB2WWt4dlkyRjBhVzl1SWpvaVkyVnVkSEpoYkhWekluMD9hcGktdmVyc2lvbj0yMDE1LTExLTAx",
      "RequestMethod": "GET",
      "RequestBody": "",
      "RequestHeaders": {
        "User-Agent": [
          "FxVersion/4.6.25211.01",
          "Microsoft.Azure.Management.Resources.ResourceManagementClient/1.0.0.0"
        ]
      },
      "ResponseBody": "",
      "ResponseHeaders": {
        "Content-Length": [
          "0"
        ],
        "Expires": [
          "-1"
        ],
        "Cache-Control": [
          "no-cache"
        ],
        "Date": [
          "Tue, 17 Jul 2018 23:41:36 GMT"
        ],
        "Pragma": [
          "no-cache"
        ],
        "Location": [
          "https://management.azure.com/subscriptions/56207a5d-4746-4a2d-9f7f-c5ac77a5ddfd/operationresults/eyJqb2JJZCI6IlJFU09VUkNFR1JPVVBERUxFVElPTkpPQi1BWlVSRVNES0ZPUk5FVEFVVE9SRVNUVFJBRkZJQ01BTkFHRVI0OTI3LUNFTlRSQUxVUyIsImpvYkxvY2F0aW9uIjoiY2VudHJhbHVzIn0?api-version=2015-11-01"
        ],
        "Retry-After": [
          "15"
        ],
        "x-ms-ratelimit-remaining-subscription-reads": [
          "14998"
        ],
        "x-ms-request-id": [
          "6255ea5c-e64c-4f9b-8d3e-479c0b828f19"
        ],
        "x-ms-correlation-request-id": [
          "6255ea5c-e64c-4f9b-8d3e-479c0b828f19"
        ],
        "x-ms-routing-request-id": [
          "WESTUS2:20180717T234136Z:6255ea5c-e64c-4f9b-8d3e-479c0b828f19"
        ],
        "Strict-Transport-Security": [
          "max-age=31536000; includeSubDomains"
        ],
        "X-Content-Type-Options": [
          "nosniff"
        ]
      },
      "StatusCode": 202
    },
    {
      "RequestUri": "/subscriptions/56207a5d-4746-4a2d-9f7f-c5ac77a5ddfd/operationresults/eyJqb2JJZCI6IlJFU09VUkNFR1JPVVBERUxFVElPTkpPQi1BWlVSRVNES0ZPUk5FVEFVVE9SRVNUVFJBRkZJQ01BTkFHRVI0OTI3LUNFTlRSQUxVUyIsImpvYkxvY2F0aW9uIjoiY2VudHJhbHVzIn0?api-version=2015-11-01",
      "EncodedRequestUri": "L3N1YnNjcmlwdGlvbnMvNTYyMDdhNWQtNDc0Ni00YTJkLTlmN2YtYzVhYzc3YTVkZGZkL29wZXJhdGlvbnJlc3VsdHMvZXlKcWIySkpaQ0k2SWxKRlUwOVZVa05GUjFKUFZWQkVSVXhGVkVsUFRrcFBRaTFCV2xWU1JWTkVTMFpQVWs1RlZFRlZWRTlTUlZOVVZGSkJSa1pKUTAxQlRrRkhSVkkwT1RJM0xVTkZUbFJTUVV4VlV5SXNJbXB2WWt4dlkyRjBhVzl1SWpvaVkyVnVkSEpoYkhWekluMD9hcGktdmVyc2lvbj0yMDE1LTExLTAx",
      "RequestMethod": "GET",
      "RequestBody": "",
      "RequestHeaders": {
        "User-Agent": [
          "FxVersion/4.6.25211.01",
          "Microsoft.Azure.Management.Resources.ResourceManagementClient/1.0.0.0"
        ]
      },
      "ResponseBody": "",
      "ResponseHeaders": {
        "Content-Length": [
          "0"
        ],
        "Expires": [
          "-1"
        ],
        "Cache-Control": [
          "no-cache"
        ],
        "Date": [
          "Tue, 17 Jul 2018 23:41:50 GMT"
        ],
        "Pragma": [
          "no-cache"
        ],
        "x-ms-ratelimit-remaining-subscription-reads": [
          "14997"
        ],
        "x-ms-request-id": [
          "518fcf6b-49ff-4abc-b2ec-5e8c3652b045"
        ],
        "x-ms-correlation-request-id": [
          "518fcf6b-49ff-4abc-b2ec-5e8c3652b045"
        ],
        "x-ms-routing-request-id": [
          "WESTUS2:20180717T234151Z:518fcf6b-49ff-4abc-b2ec-5e8c3652b045"
        ],
        "Strict-Transport-Security": [
          "max-age=31536000; includeSubDomains"
        ],
        "X-Content-Type-Options": [
          "nosniff"
        ]
      },
      "StatusCode": 200
    },
    {
      "RequestUri": "/subscriptions/56207a5d-4746-4a2d-9f7f-c5ac77a5ddfd/operationresults/eyJqb2JJZCI6IlJFU09VUkNFR1JPVVBERUxFVElPTkpPQi1BWlVSRVNES0ZPUk5FVEFVVE9SRVNUVFJBRkZJQ01BTkFHRVI0OTI3LUNFTlRSQUxVUyIsImpvYkxvY2F0aW9uIjoiY2VudHJhbHVzIn0?api-version=2015-11-01",
      "EncodedRequestUri": "L3N1YnNjcmlwdGlvbnMvNTYyMDdhNWQtNDc0Ni00YTJkLTlmN2YtYzVhYzc3YTVkZGZkL29wZXJhdGlvbnJlc3VsdHMvZXlKcWIySkpaQ0k2SWxKRlUwOVZVa05GUjFKUFZWQkVSVXhGVkVsUFRrcFBRaTFCV2xWU1JWTkVTMFpQVWs1RlZFRlZWRTlTUlZOVVZGSkJSa1pKUTAxQlRrRkhSVkkwT1RJM0xVTkZUbFJTUVV4VlV5SXNJbXB2WWt4dlkyRjBhVzl1SWpvaVkyVnVkSEpoYkhWekluMD9hcGktdmVyc2lvbj0yMDE1LTExLTAx",
      "RequestMethod": "GET",
      "RequestBody": "",
      "RequestHeaders": {
        "User-Agent": [
          "FxVersion/4.6.25211.01",
          "Microsoft.Azure.Management.Resources.ResourceManagementClient/1.0.0.0"
        ]
      },
      "ResponseBody": "",
      "ResponseHeaders": {
        "Content-Length": [
          "0"
        ],
        "Expires": [
          "-1"
        ],
        "Cache-Control": [
          "no-cache"
        ],
        "Date": [
          "Tue, 17 Jul 2018 23:41:50 GMT"
        ],
        "Pragma": [
          "no-cache"
        ],
        "x-ms-ratelimit-remaining-subscription-reads": [
          "14996"
        ],
        "x-ms-request-id": [
          "4d31f46b-8ebf-4dc7-ba77-b7f220ad3fae"
        ],
        "x-ms-correlation-request-id": [
          "4d31f46b-8ebf-4dc7-ba77-b7f220ad3fae"
        ],
        "x-ms-routing-request-id": [
          "WESTUS2:20180717T234151Z:4d31f46b-8ebf-4dc7-ba77-b7f220ad3fae"
        ],
        "Strict-Transport-Security": [
          "max-age=31536000; includeSubDomains"
        ],
        "X-Content-Type-Options": [
          "nosniff"
        ]
      },
      "StatusCode": 200
    }
  ],
  "Names": {
    "GenerateName": [
      "azuresdkfornetautoresttrafficmanager4927",
      "azuresdkfornetautoresttrafficmanager239"
    ]
  },
  "Variables": {
    "SubscriptionId": "56207a5d-4746-4a2d-9f7f-c5ac77a5ddfd"
  }
}