{
  "Entries": [
    {
      "RequestUri": "https://management.azure.com/subscriptions/c9cbd920-c00c-427c-852b-8aaf38badaeb/providers/Microsoft.EventHub?api-version=2019-10-01",
      "RequestMethod": "GET",
      "RequestHeaders": {
        "Authorization": "Sanitized",
        "traceparent": "00-ddb7654cdb9d7646965cee6a6f96c0df-6703fd8e042dff4e-00",
        "User-Agent": [
          "azsdk-net-ResourceManager.Resources/1.0.0-preview.1",
          "(.NET Core 4.6.28619.01; Microsoft Windows 10.0.19041 )"
        ],
        "x-ms-client-request-id": "c594934e8393d51596d528ee16d4bb80",
        "x-ms-return-client-request-id": "true"
      },
      "RequestBody": null,
      "StatusCode": 200,
      "ResponseHeaders": {
        "Cache-Control": "no-cache",
        "Content-Length": "5062",
        "Content-Type": "application/json; charset=utf-8",
        "Date": "Thu, 06 Aug 2020 01:46:34 GMT",
        "Expires": "-1",
        "Pragma": "no-cache",
        "Strict-Transport-Security": "max-age=31536000; includeSubDomains",
        "X-Content-Type-Options": "nosniff",
        "x-ms-correlation-request-id": "ee47d4bc-8669-4227-91d8-58c7748152bc",
        "x-ms-ratelimit-remaining-subscription-reads": "11962",
        "x-ms-request-id": "ee47d4bc-8669-4227-91d8-58c7748152bc",
        "x-ms-routing-request-id": "SOUTHEASTASIA:20200806T014635Z:ee47d4bc-8669-4227-91d8-58c7748152bc"
      },
      "ResponseBody": {
        "id": "/subscriptions/c9cbd920-c00c-427c-852b-8aaf38badaeb/providers/Microsoft.EventHub",
        "namespace": "Microsoft.EventHub",
        "authorizations": [
          {
            "applicationId": "80369ed6-5f11-4dd9-bef3-692475845e77",
            "roleDefinitionId": "eb8e1991-5de0-42a6-a64b-29b059341b7b"
          },
          {
            "applicationId": "6201d19e-14fb-4472-a2d6-5634a5c97568"
          }
        ],
        "resourceTypes": [
          {
            "resourceType": "namespaces",
            "locations": [
              "Australia East",
              "Australia Southeast",
              "Central US",
              "East US",
              "East US 2",
              "West US",
              "West US 2",
              "North Central US",
              "South Central US",
              "West Central US",
              "East Asia",
              "Southeast Asia",
              "Brazil South",
              "Japan East",
              "Japan West",
              "North Europe",
              "West Europe",
              "Central India",
              "South India",
              "West India",
              "Canada Central",
              "Canada East",
              "UK West",
              "UK South",
              "Korea Central",
              "Korea South",
              "France Central",
              "South Africa North",
              "UAE North",
              "Australia Central",
              "Switzerland North",
              "Germany West Central",
              "Norway East",
              "Central US EUAP",
              "East US 2 EUAP"
            ],
            "apiVersions": [
              "2018-01-01-preview",
              "2017-04-01",
              "2015-08-01",
              "2014-09-01"
            ],
            "defaultApiVersion": "2017-04-01",
            "apiProfiles": [
              {
                "profileVersion": "2018-06-01-profile",
                "apiVersion": "2017-04-01"
              }
            ],
            "capabilities": "CrossResourceGroupResourceMove, CrossSubscriptionResourceMove, SystemAssignedResourceIdentity, SupportsTags, SupportsLocation"
          },
          {
            "resourceType": "clusters",
            "locations": [
              "Australia East",
              "Australia Southeast",
              "Central US",
              "East US",
              "East US 2",
              "West US",
              "West US 2",
              "North Central US",
              "South Central US",
              "West Central US",
              "East Asia",
              "Southeast Asia",
              "Brazil South",
              "Japan East",
              "Japan West",
              "North Europe",
              "West Europe",
              "Central India",
              "South India",
              "West India",
              "Canada Central",
              "Canada East",
              "UK West",
              "UK South",
              "Korea Central",
              "Korea South",
              "France Central",
              "South Africa North",
              "Australia Central",
              "Switzerland North",
              "Germany West Central",
              "Norway East",
              "Central US EUAP",
              "East US 2 EUAP"
            ],
            "apiVersions": [
              "2018-01-01-preview"
            ],
            "capabilities": "CrossResourceGroupResourceMove, CrossSubscriptionResourceMove, SupportsTags, SupportsLocation"
          },
          {
            "resourceType": "namespaces/authorizationrules",
            "locations": [],
            "apiVersions": [
              "2017-04-01",
              "2015-08-01",
              "2014-09-01"
            ],
            "apiProfiles": [
              {
                "profileVersion": "2018-06-01-profile",
                "apiVersion": "2017-04-01"
              }
            ],
            "capabilities": "None"
          },
          {
            "resourceType": "namespaces/networkrulesets",
            "locations": [],
            "apiVersions": [
              "2018-01-01-preview",
              "2017-04-01"
            ],
            "apiProfiles": [
              {
                "profileVersion": "2018-06-01-profile",
                "apiVersion": "2017-04-01"
              }
            ],
            "capabilities": "None"
          },
          {
            "resourceType": "namespaces/eventhubs",
            "locations": [],
            "apiVersions": [
              "2017-04-01",
              "2015-08-01",
              "2014-09-01"
            ],
            "apiProfiles": [
              {
                "profileVersion": "2018-06-01-profile",
                "apiVersion": "2017-04-01"
              }
            ],
            "capabilities": "None"
          },
          {
            "resourceType": "namespaces/eventhubs/authorizationrules",
            "locations": [],
            "apiVersions": [
              "2017-04-01",
              "2015-08-01",
              "2014-09-01"
            ],
            "apiProfiles": [
              {
                "profileVersion": "2018-06-01-profile",
                "apiVersion": "2017-04-01"
              }
            ],
            "capabilities": "None"
          },
          {
            "resourceType": "namespaces/eventhubs/consumergroups",
            "locations": [],
            "apiVersions": [
              "2017-04-01",
              "2015-08-01",
              "2014-09-01"
            ],
            "apiProfiles": [
              {
                "profileVersion": "2018-06-01-profile",
                "apiVersion": "2017-04-01"
              }
            ],
            "capabilities": "None"
          },
          {
            "resourceType": "checkNamespaceAvailability",
            "locations": [],
            "apiVersions": [
              "2015-08-01",
              "2014-09-01"
            ],
            "apiProfiles": [
              {
                "profileVersion": "2018-06-01-profile",
                "apiVersion": "2015-08-01"
              }
            ],
            "capabilities": "None"
          },
          {
            "resourceType": "checkNameAvailability",
            "locations": [],
            "apiVersions": [
              "2017-04-01",
              "2015-08-01",
              "2014-09-01"
            ],
            "apiProfiles": [
              {
                "profileVersion": "2018-06-01-profile",
                "apiVersion": "2017-04-01"
              }
            ],
            "capabilities": "None"
          },
          {
            "resourceType": "sku",
            "locations": [],
            "apiVersions": [
              "2017-04-01",
              "2015-08-01",
              "2014-09-01"
            ],
            "apiProfiles": [
              {
                "profileVersion": "2018-06-01-profile",
                "apiVersion": "2017-04-01"
              }
            ],
            "capabilities": "None"
          },
          {
            "resourceType": "operations",
            "locations": [],
            "apiVersions": [
              "2017-04-01",
              "2015-08-01",
              "2014-09-01"
            ],
            "apiProfiles": [
              {
                "profileVersion": "2018-06-01-profile",
                "apiVersion": "2017-04-01"
              }
            ],
            "capabilities": "None"
          },
          {
            "resourceType": "namespaces/disasterrecoveryconfigs",
            "locations": [],
            "apiVersions": [
              "2017-04-01"
            ],
            "apiProfiles": [
              {
                "profileVersion": "2018-06-01-profile",
                "apiVersion": "2017-04-01"
              }
            ],
            "capabilities": "None"
          },
          {
            "resourceType": "namespaces/disasterrecoveryconfigs/checkNameAvailability",
            "locations": [],
            "apiVersions": [
              "2017-04-01",
              "2015-08-01",
              "2014-09-01"
            ],
            "apiProfiles": [
              {
                "profileVersion": "2018-06-01-profile",
                "apiVersion": "2017-04-01"
              }
            ],
            "capabilities": "None"
          },
          {
            "resourceType": "locations",
            "locations": [],
            "apiVersions": [
              "2018-01-01-preview",
              "2017-04-01"
            ],
            "apiProfiles": [
              {
                "profileVersion": "2018-06-01-profile",
                "apiVersion": "2017-04-01"
              }
            ],
            "capabilities": "None"
          },
          {
            "resourceType": "locations/deleteVirtualNetworkOrSubnets",
            "locations": [],
            "apiVersions": [
              "2018-01-01-preview",
              "2017-04-01"
            ],
            "apiProfiles": [
              {
                "profileVersion": "2018-06-01-profile",
                "apiVersion": "2017-04-01"
              }
            ],
            "capabilities": "None"
          },
          {
            "resourceType": "availableClusterRegions",
            "locations": [],
            "apiVersions": [
              "2018-01-01-preview"
            ],
            "apiProfiles": [
              {
                "profileVersion": "2018-06-01-profile",
                "apiVersion": "2018-01-01-preview"
              }
            ],
            "capabilities": "None"
          }
        ],
        "registrationState": "Registered",
        "registrationPolicy": "RegistrationRequired"
      }
    },
    {
      "RequestUri": "https://management.azure.com/subscriptions/c9cbd920-c00c-427c-852b-8aaf38badaeb/resourcegroups/Default-EventHub-8894?api-version=2019-10-01",
      "RequestMethod": "PUT",
      "RequestHeaders": {
        "Authorization": "Sanitized",
        "Content-Length": "29",
        "Content-Type": "application/json",
        "traceparent": "00-6c9985cc17c6594dbd33ca07f29f38c6-8bc16898fd0f0642-00",
        "User-Agent": [
          "azsdk-net-ResourceManager.Resources/1.0.0-preview.1",
          "(.NET Core 4.6.28619.01; Microsoft Windows 10.0.19041 )"
        ],
        "x-ms-client-request-id": "f5cb6063248106bac66154c729c165fb",
        "x-ms-return-client-request-id": "true"
      },
      "RequestBody": {
        "location": "Australia East"
      },
      "StatusCode": 201,
      "ResponseHeaders": {
        "Cache-Control": "no-cache",
        "Content-Length": "246",
        "Content-Type": "application/json; charset=utf-8",
        "Date": "Thu, 06 Aug 2020 01:46:36 GMT",
        "Expires": "-1",
        "Pragma": "no-cache",
        "Strict-Transport-Security": "max-age=31536000; includeSubDomains",
        "X-Content-Type-Options": "nosniff",
        "x-ms-correlation-request-id": "b17ac9b0-8922-4191-bbd4-131801a312a6",
        "x-ms-ratelimit-remaining-subscription-writes": "1198",
        "x-ms-request-id": "b17ac9b0-8922-4191-bbd4-131801a312a6",
        "x-ms-routing-request-id": "SOUTHEASTASIA:20200806T014636Z:b17ac9b0-8922-4191-bbd4-131801a312a6"
      },
      "ResponseBody": {
        "id": "/subscriptions/c9cbd920-c00c-427c-852b-8aaf38badaeb/resourceGroups/Default-EventHub-8894",
        "name": "Default-EventHub-8894",
        "type": "Microsoft.Resources/resourceGroups",
        "location": "australiaeast",
        "properties": {
          "provisioningState": "Succeeded"
        }
      }
    },
    {
      "RequestUri": "https://management.azure.com/subscriptions/c9cbd920-c00c-427c-852b-8aaf38badaeb/providers/Microsoft.EventHub/checkNameAvailability?api-version=2017-04-01",
      "RequestMethod": "POST",
      "RequestHeaders": {
        "Authorization": "Sanitized",
        "Content-Length": "38",
        "Content-Type": "application/json",
        "traceparent": "00-8cedba122631464fa0d8fbabb2c4c539-b79e507428c83245-00",
        "User-Agent": [
          "azsdk-net-ResourceManager.EventHubs/1.0.0-dev.20200804.1",
          "(.NET Core 4.6.28619.01; Microsoft Windows 10.0.19041 )"
        ],
        "x-ms-client-request-id": "12ccd8a09ebbf34454db1545eca70b8c",
        "x-ms-return-client-request-id": "true"
      },
      "RequestBody": {
        "name": "sdk-eventhub-Namespace-8951"
      },
      "StatusCode": 200,
      "ResponseHeaders": {
        "Cache-Control": "no-cache",
        "Content-Length": "53",
        "Content-Type": "application/json; charset=utf-8",
        "Date": "Thu, 06 Aug 2020 01:46:37 GMT",
        "Expires": "-1",
        "Pragma": "no-cache",
        "Server": [
          "Service-Bus-Resource-Provider/CH3",
          "Microsoft-HTTPAPI/2.0"
        ],
        "Server-SB": "Service-Bus-Resource-Provider/CH3",
        "Strict-Transport-Security": "max-age=31536000; includeSubDomains",
        "X-Content-Type-Options": "nosniff",
        "x-ms-client-request-id": "12ccd8a09ebbf34454db1545eca70b8c",
        "x-ms-correlation-request-id": "11a8e275-6323-404f-a1eb-26b23ab1b3ad",
        "x-ms-ratelimit-remaining-subscription-writes": "1199",
        "x-ms-request-id": "224cfa52-4d46-4f26-a22b-8e9d9906f455_M11CH3_M11CH3",
        "x-ms-routing-request-id": "SOUTHEASTASIA:20200806T014637Z:11a8e275-6323-404f-a1eb-26b23ab1b3ad"
      },
      "ResponseBody": {
        "nameAvailable": true,
        "reason": "None",
        "message": null
      }
    },
    {
      "RequestUri": "https://management.azure.com/subscriptions/c9cbd920-c00c-427c-852b-8aaf38badaeb/resourceGroups/Default-EventHub-8894/providers/Microsoft.EventHub/namespaces/sdk-eventhub-Namespace-8951?api-version=2018-01-01-preview",
      "RequestMethod": "PUT",
      "RequestHeaders": {
        "Authorization": "Sanitized",
        "Content-Length": "45",
        "Content-Type": "application/json",
        "traceparent": "00-34de507b4fe9e5439db3653013241d93-5b2010280f06814e-00",
        "User-Agent": [
          "azsdk-net-ResourceManager.EventHubs/1.0.0-dev.20200804.1",
          "(.NET Core 4.6.28619.01; Microsoft Windows 10.0.19041 )"
        ],
        "x-ms-client-request-id": "64ffb52dccf7d96fbfcc21c10d6c14c2",
        "x-ms-return-client-request-id": "true"
      },
      "RequestBody": {
        "location": "Australia East",
        "properties": {}
      },
      "StatusCode": 200,
      "ResponseHeaders": {
        "Cache-Control": "no-cache",
        "Content-Length": "744",
        "Content-Type": "application/json; charset=utf-8",
        "Date": "Thu, 06 Aug 2020 01:46:42 GMT",
        "Expires": "-1",
        "Pragma": "no-cache",
        "Server": [
          "Service-Bus-Resource-Provider/CH3",
          "Microsoft-HTTPAPI/2.0"
        ],
        "Server-SB": "Service-Bus-Resource-Provider/CH3",
        "Strict-Transport-Security": "max-age=31536000; includeSubDomains",
        "X-Content-Type-Options": "nosniff",
        "x-ms-client-request-id": "64ffb52dccf7d96fbfcc21c10d6c14c2",
        "x-ms-correlation-request-id": "17b12382-c837-4140-a644-941e6c5fca53",
        "x-ms-ratelimit-remaining-subscription-resource-requests": "48",
        "x-ms-request-id": "8c6c8a98-1689-4096-8be9-e7f70ac9d875_M11CH3_M11CH3",
        "x-ms-routing-request-id": "SOUTHEASTASIA:20200806T014642Z:17b12382-c837-4140-a644-941e6c5fca53"
      },
      "ResponseBody": {
        "sku": {
          "name": "Standard",
          "tier": "Standard",
          "capacity": 1
        },
        "id": "/subscriptions/c9cbd920-c00c-427c-852b-8aaf38badaeb/resourceGroups/Default-EventHub-8894/providers/Microsoft.EventHub/namespaces/sdk-eventhub-Namespace-8951",
        "name": "sdk-eventhub-Namespace-8951",
        "type": "Microsoft.EventHub/Namespaces",
        "location": "Australia East",
        "tags": {},
        "properties": {
          "zoneRedundant": false,
          "isAutoInflateEnabled": false,
          "maximumThroughputUnits": 0,
          "kafkaEnabled": true,
          "provisioningState": "Created",
          "metricId": "c9cbd920-c00c-427c-852b-8aaf38badaeb:sdk-eventhub-namespace-8951",
          "createdAt": "2020-08-06T01:46:41.577Z",
          "updatedAt": "2020-08-06T01:46:41.577Z",
          "serviceBusEndpoint": "https://sdk-eventhub-Namespace-8951.servicebus.windows.net:443/",
          "status": "Activating"
        }
      }
    },
    {
      "RequestUri": "https://management.azure.com/subscriptions/c9cbd920-c00c-427c-852b-8aaf38badaeb/resourceGroups/Default-EventHub-8894/providers/Microsoft.EventHub/namespaces/sdk-eventhub-Namespace-8951?api-version=2018-01-01-preview",
      "RequestMethod": "GET",
      "RequestHeaders": {
        "Authorization": "Sanitized",
        "User-Agent": [
          "azsdk-net-ResourceManager.EventHubs/1.0.0-dev.20200804.1",
          "(.NET Core 4.6.28619.01; Microsoft Windows 10.0.19041 )"
        ],
        "x-ms-client-request-id": "0bfb3b489766d38669f253ee7c83e6e7",
        "x-ms-return-client-request-id": "true"
      },
      "RequestBody": null,
      "StatusCode": 200,
      "ResponseHeaders": {
        "Cache-Control": "no-cache",
        "Content-Length": "744",
        "Content-Type": "application/json; charset=utf-8",
        "Date": "Thu, 06 Aug 2020 01:46:44 GMT",
        "Expires": "-1",
        "Pragma": "no-cache",
        "Server": [
          "Service-Bus-Resource-Provider/CH3",
          "Microsoft-HTTPAPI/2.0"
        ],
        "Server-SB": "Service-Bus-Resource-Provider/CH3",
        "Strict-Transport-Security": "max-age=31536000; includeSubDomains",
        "X-Content-Type-Options": "nosniff",
        "x-ms-client-request-id": "0bfb3b489766d38669f253ee7c83e6e7",
        "x-ms-correlation-request-id": "362080e9-5119-4bdf-9747-86cd1cb80378",
        "x-ms-ratelimit-remaining-subscription-reads": "11961",
        "x-ms-request-id": "f59019c3-6fa7-418a-90c6-da8322460802_M11CH3_M11CH3",
        "x-ms-routing-request-id": "SOUTHEASTASIA:20200806T014644Z:362080e9-5119-4bdf-9747-86cd1cb80378"
      },
      "ResponseBody": {
        "sku": {
          "name": "Standard",
          "tier": "Standard",
          "capacity": 1
        },
        "id": "/subscriptions/c9cbd920-c00c-427c-852b-8aaf38badaeb/resourceGroups/Default-EventHub-8894/providers/Microsoft.EventHub/namespaces/sdk-eventhub-Namespace-8951",
        "name": "sdk-eventhub-Namespace-8951",
        "type": "Microsoft.EventHub/Namespaces",
        "location": "Australia East",
        "tags": {},
        "properties": {
          "zoneRedundant": false,
          "isAutoInflateEnabled": false,
          "maximumThroughputUnits": 0,
          "kafkaEnabled": true,
          "provisioningState": "Created",
          "metricId": "c9cbd920-c00c-427c-852b-8aaf38badaeb:sdk-eventhub-namespace-8951",
          "createdAt": "2020-08-06T01:46:41.577Z",
          "updatedAt": "2020-08-06T01:46:41.577Z",
          "serviceBusEndpoint": "https://sdk-eventhub-Namespace-8951.servicebus.windows.net:443/",
          "status": "Activating"
        }
      }
    },
    {
      "RequestUri": "https://management.azure.com/subscriptions/c9cbd920-c00c-427c-852b-8aaf38badaeb/resourceGroups/Default-EventHub-8894/providers/Microsoft.EventHub/namespaces/sdk-eventhub-Namespace-8951?api-version=2018-01-01-preview",
      "RequestMethod": "GET",
      "RequestHeaders": {
        "Authorization": "Sanitized",
        "User-Agent": [
          "azsdk-net-ResourceManager.EventHubs/1.0.0-dev.20200804.1",
          "(.NET Core 4.6.28619.01; Microsoft Windows 10.0.19041 )"
        ],
        "x-ms-client-request-id": "545253c7287341d80d3edcf59f2634fd",
        "x-ms-return-client-request-id": "true"
      },
      "RequestBody": null,
      "StatusCode": 200,
      "ResponseHeaders": {
        "Cache-Control": "no-cache",
        "Content-Length": "744",
        "Content-Type": "application/json; charset=utf-8",
        "Date": "Thu, 06 Aug 2020 01:46:45 GMT",
        "Expires": "-1",
        "Pragma": "no-cache",
        "Server": [
          "Service-Bus-Resource-Provider/CH3",
          "Microsoft-HTTPAPI/2.0"
        ],
        "Server-SB": "Service-Bus-Resource-Provider/CH3",
        "Strict-Transport-Security": "max-age=31536000; includeSubDomains",
        "X-Content-Type-Options": "nosniff",
        "x-ms-client-request-id": "545253c7287341d80d3edcf59f2634fd",
        "x-ms-correlation-request-id": "c425b08c-1472-4f2d-9792-03f29141261e",
        "x-ms-ratelimit-remaining-subscription-reads": "11960",
        "x-ms-request-id": "a23be796-e6ad-492a-9bb4-a627852a99d1_M11CH3_M11CH3",
        "x-ms-routing-request-id": "SOUTHEASTASIA:20200806T014646Z:c425b08c-1472-4f2d-9792-03f29141261e"
      },
      "ResponseBody": {
        "sku": {
          "name": "Standard",
          "tier": "Standard",
          "capacity": 1
        },
        "id": "/subscriptions/c9cbd920-c00c-427c-852b-8aaf38badaeb/resourceGroups/Default-EventHub-8894/providers/Microsoft.EventHub/namespaces/sdk-eventhub-Namespace-8951",
        "name": "sdk-eventhub-Namespace-8951",
        "type": "Microsoft.EventHub/Namespaces",
        "location": "Australia East",
        "tags": {},
        "properties": {
          "zoneRedundant": false,
          "isAutoInflateEnabled": false,
          "maximumThroughputUnits": 0,
          "kafkaEnabled": true,
          "provisioningState": "Created",
          "metricId": "c9cbd920-c00c-427c-852b-8aaf38badaeb:sdk-eventhub-namespace-8951",
          "createdAt": "2020-08-06T01:46:41.577Z",
          "updatedAt": "2020-08-06T01:46:41.577Z",
          "serviceBusEndpoint": "https://sdk-eventhub-Namespace-8951.servicebus.windows.net:443/",
          "status": "Activating"
        }
      }
    },
    {
      "RequestUri": "https://management.azure.com/subscriptions/c9cbd920-c00c-427c-852b-8aaf38badaeb/resourceGroups/Default-EventHub-8894/providers/Microsoft.EventHub/namespaces/sdk-eventhub-Namespace-8951?api-version=2018-01-01-preview",
      "RequestMethod": "GET",
      "RequestHeaders": {
        "Authorization": "Sanitized",
        "User-Agent": [
          "azsdk-net-ResourceManager.EventHubs/1.0.0-dev.20200804.1",
          "(.NET Core 4.6.28619.01; Microsoft Windows 10.0.19041 )"
        ],
        "x-ms-client-request-id": "d27967f308715b5c116079c199b94403",
        "x-ms-return-client-request-id": "true"
      },
      "RequestBody": null,
      "StatusCode": 200,
      "ResponseHeaders": {
        "Cache-Control": "no-cache",
        "Content-Length": "744",
        "Content-Type": "application/json; charset=utf-8",
        "Date": "Thu, 06 Aug 2020 01:46:47 GMT",
        "Expires": "-1",
        "Pragma": "no-cache",
        "Server": [
          "Service-Bus-Resource-Provider/CH3",
          "Microsoft-HTTPAPI/2.0"
        ],
        "Server-SB": "Service-Bus-Resource-Provider/CH3",
        "Strict-Transport-Security": "max-age=31536000; includeSubDomains",
        "X-Content-Type-Options": "nosniff",
        "x-ms-client-request-id": "d27967f308715b5c116079c199b94403",
        "x-ms-correlation-request-id": "c006659a-7f73-4bd0-a023-84d3a8e57442",
        "x-ms-ratelimit-remaining-subscription-reads": "11959",
        "x-ms-request-id": "7544bd3b-4cf2-4aff-95d5-de8fe39d1615_M10CH3_M10CH3",
        "x-ms-routing-request-id": "SOUTHEASTASIA:20200806T014647Z:c006659a-7f73-4bd0-a023-84d3a8e57442"
      },
      "ResponseBody": {
        "sku": {
          "name": "Standard",
          "tier": "Standard",
          "capacity": 1
        },
        "id": "/subscriptions/c9cbd920-c00c-427c-852b-8aaf38badaeb/resourceGroups/Default-EventHub-8894/providers/Microsoft.EventHub/namespaces/sdk-eventhub-Namespace-8951",
        "name": "sdk-eventhub-Namespace-8951",
        "type": "Microsoft.EventHub/Namespaces",
        "location": "Australia East",
        "tags": {},
        "properties": {
          "zoneRedundant": false,
          "isAutoInflateEnabled": false,
          "maximumThroughputUnits": 0,
          "kafkaEnabled": true,
          "provisioningState": "Created",
          "metricId": "c9cbd920-c00c-427c-852b-8aaf38badaeb:sdk-eventhub-namespace-8951",
          "createdAt": "2020-08-06T01:46:41.577Z",
          "updatedAt": "2020-08-06T01:46:41.577Z",
          "serviceBusEndpoint": "https://sdk-eventhub-Namespace-8951.servicebus.windows.net:443/",
          "status": "Activating"
        }
      }
    },
    {
      "RequestUri": "https://management.azure.com/subscriptions/c9cbd920-c00c-427c-852b-8aaf38badaeb/resourceGroups/Default-EventHub-8894/providers/Microsoft.EventHub/namespaces/sdk-eventhub-Namespace-8951?api-version=2018-01-01-preview",
      "RequestMethod": "GET",
      "RequestHeaders": {
        "Authorization": "Sanitized",
        "User-Agent": [
          "azsdk-net-ResourceManager.EventHubs/1.0.0-dev.20200804.1",
          "(.NET Core 4.6.28619.01; Microsoft Windows 10.0.19041 )"
        ],
        "x-ms-client-request-id": "5181451b856e1f4662bafd28ba913343",
        "x-ms-return-client-request-id": "true"
      },
      "RequestBody": null,
      "StatusCode": 200,
      "ResponseHeaders": {
        "Cache-Control": "no-cache",
        "Content-Length": "744",
        "Content-Type": "application/json; charset=utf-8",
        "Date": "Thu, 06 Aug 2020 01:46:48 GMT",
        "Expires": "-1",
        "Pragma": "no-cache",
        "Server": [
          "Service-Bus-Resource-Provider/CH3",
          "Microsoft-HTTPAPI/2.0"
        ],
        "Server-SB": "Service-Bus-Resource-Provider/CH3",
        "Strict-Transport-Security": "max-age=31536000; includeSubDomains",
        "X-Content-Type-Options": "nosniff",
        "x-ms-client-request-id": "5181451b856e1f4662bafd28ba913343",
        "x-ms-correlation-request-id": "a427ef67-5387-4a74-a861-e995a4f068da",
        "x-ms-ratelimit-remaining-subscription-reads": "11958",
        "x-ms-request-id": "30838b49-0309-492b-93c5-f42725fb4dea_M11CH3_M11CH3",
        "x-ms-routing-request-id": "SOUTHEASTASIA:20200806T014649Z:a427ef67-5387-4a74-a861-e995a4f068da"
      },
      "ResponseBody": {
        "sku": {
          "name": "Standard",
          "tier": "Standard",
          "capacity": 1
        },
        "id": "/subscriptions/c9cbd920-c00c-427c-852b-8aaf38badaeb/resourceGroups/Default-EventHub-8894/providers/Microsoft.EventHub/namespaces/sdk-eventhub-Namespace-8951",
        "name": "sdk-eventhub-Namespace-8951",
        "type": "Microsoft.EventHub/Namespaces",
        "location": "Australia East",
        "tags": {},
        "properties": {
          "zoneRedundant": false,
          "isAutoInflateEnabled": false,
          "maximumThroughputUnits": 0,
          "kafkaEnabled": true,
          "provisioningState": "Created",
          "metricId": "c9cbd920-c00c-427c-852b-8aaf38badaeb:sdk-eventhub-namespace-8951",
          "createdAt": "2020-08-06T01:46:41.577Z",
          "updatedAt": "2020-08-06T01:46:41.577Z",
          "serviceBusEndpoint": "https://sdk-eventhub-Namespace-8951.servicebus.windows.net:443/",
          "status": "Activating"
        }
      }
    },
    {
      "RequestUri": "https://management.azure.com/subscriptions/c9cbd920-c00c-427c-852b-8aaf38badaeb/resourceGroups/Default-EventHub-8894/providers/Microsoft.EventHub/namespaces/sdk-eventhub-Namespace-8951?api-version=2018-01-01-preview",
      "RequestMethod": "GET",
      "RequestHeaders": {
        "Authorization": "Sanitized",
        "User-Agent": [
          "azsdk-net-ResourceManager.EventHubs/1.0.0-dev.20200804.1",
          "(.NET Core 4.6.28619.01; Microsoft Windows 10.0.19041 )"
        ],
        "x-ms-client-request-id": "14fb55be1309be76f6f74213af17a854",
        "x-ms-return-client-request-id": "true"
      },
      "RequestBody": null,
      "StatusCode": 200,
      "ResponseHeaders": {
        "Cache-Control": "no-cache",
        "Content-Length": "744",
        "Content-Type": "application/json; charset=utf-8",
        "Date": "Thu, 06 Aug 2020 01:46:49 GMT",
        "Expires": "-1",
        "Pragma": "no-cache",
        "Server": [
          "Service-Bus-Resource-Provider/CH3",
          "Microsoft-HTTPAPI/2.0"
        ],
        "Server-SB": "Service-Bus-Resource-Provider/CH3",
        "Strict-Transport-Security": "max-age=31536000; includeSubDomains",
        "X-Content-Type-Options": "nosniff",
        "x-ms-client-request-id": "14fb55be1309be76f6f74213af17a854",
        "x-ms-correlation-request-id": "ed9e1102-97a8-4c93-a223-40527409d3a2",
        "x-ms-ratelimit-remaining-subscription-reads": "11957",
        "x-ms-request-id": "74cb8d33-90c5-443c-a510-681de515bbef_M11CH3_M11CH3",
        "x-ms-routing-request-id": "SOUTHEASTASIA:20200806T014650Z:ed9e1102-97a8-4c93-a223-40527409d3a2"
      },
      "ResponseBody": {
        "sku": {
          "name": "Standard",
          "tier": "Standard",
          "capacity": 1
        },
        "id": "/subscriptions/c9cbd920-c00c-427c-852b-8aaf38badaeb/resourceGroups/Default-EventHub-8894/providers/Microsoft.EventHub/namespaces/sdk-eventhub-Namespace-8951",
        "name": "sdk-eventhub-Namespace-8951",
        "type": "Microsoft.EventHub/Namespaces",
        "location": "Australia East",
        "tags": {},
        "properties": {
          "zoneRedundant": false,
          "isAutoInflateEnabled": false,
          "maximumThroughputUnits": 0,
          "kafkaEnabled": true,
          "provisioningState": "Created",
          "metricId": "c9cbd920-c00c-427c-852b-8aaf38badaeb:sdk-eventhub-namespace-8951",
          "createdAt": "2020-08-06T01:46:41.577Z",
          "updatedAt": "2020-08-06T01:46:41.577Z",
          "serviceBusEndpoint": "https://sdk-eventhub-Namespace-8951.servicebus.windows.net:443/",
          "status": "Activating"
        }
      }
    },
    {
      "RequestUri": "https://management.azure.com/subscriptions/c9cbd920-c00c-427c-852b-8aaf38badaeb/resourceGroups/Default-EventHub-8894/providers/Microsoft.EventHub/namespaces/sdk-eventhub-Namespace-8951?api-version=2018-01-01-preview",
      "RequestMethod": "GET",
      "RequestHeaders": {
        "Authorization": "Sanitized",
        "User-Agent": [
          "azsdk-net-ResourceManager.EventHubs/1.0.0-dev.20200804.1",
          "(.NET Core 4.6.28619.01; Microsoft Windows 10.0.19041 )"
        ],
        "x-ms-client-request-id": "5adad9f9e3a56d8f21596fb60b34a080",
        "x-ms-return-client-request-id": "true"
      },
      "RequestBody": null,
      "StatusCode": 200,
      "ResponseHeaders": {
        "Cache-Control": "no-cache",
        "Content-Length": "744",
        "Content-Type": "application/json; charset=utf-8",
        "Date": "Thu, 06 Aug 2020 01:46:51 GMT",
        "Expires": "-1",
        "Pragma": "no-cache",
        "Server": [
          "Service-Bus-Resource-Provider/CH3",
          "Microsoft-HTTPAPI/2.0"
        ],
        "Server-SB": "Service-Bus-Resource-Provider/CH3",
        "Strict-Transport-Security": "max-age=31536000; includeSubDomains",
        "X-Content-Type-Options": "nosniff",
        "x-ms-client-request-id": "5adad9f9e3a56d8f21596fb60b34a080",
        "x-ms-correlation-request-id": "e84ac5e8-a8d0-4a15-9661-49e9d0fd9577",
        "x-ms-ratelimit-remaining-subscription-reads": "11956",
        "x-ms-request-id": "4cb1e063-cfe3-4795-9ea3-d190b2d3d435_M11CH3_M11CH3",
        "x-ms-routing-request-id": "SOUTHEASTASIA:20200806T014651Z:e84ac5e8-a8d0-4a15-9661-49e9d0fd9577"
      },
      "ResponseBody": {
        "sku": {
          "name": "Standard",
          "tier": "Standard",
          "capacity": 1
        },
        "id": "/subscriptions/c9cbd920-c00c-427c-852b-8aaf38badaeb/resourceGroups/Default-EventHub-8894/providers/Microsoft.EventHub/namespaces/sdk-eventhub-Namespace-8951",
        "name": "sdk-eventhub-Namespace-8951",
        "type": "Microsoft.EventHub/Namespaces",
        "location": "Australia East",
        "tags": {},
        "properties": {
          "zoneRedundant": false,
          "isAutoInflateEnabled": false,
          "maximumThroughputUnits": 0,
          "kafkaEnabled": true,
          "provisioningState": "Created",
          "metricId": "c9cbd920-c00c-427c-852b-8aaf38badaeb:sdk-eventhub-namespace-8951",
          "createdAt": "2020-08-06T01:46:41.577Z",
          "updatedAt": "2020-08-06T01:46:41.577Z",
          "serviceBusEndpoint": "https://sdk-eventhub-Namespace-8951.servicebus.windows.net:443/",
          "status": "Activating"
        }
      }
    },
    {
      "RequestUri": "https://management.azure.com/subscriptions/c9cbd920-c00c-427c-852b-8aaf38badaeb/resourceGroups/Default-EventHub-8894/providers/Microsoft.EventHub/namespaces/sdk-eventhub-Namespace-8951?api-version=2018-01-01-preview",
      "RequestMethod": "GET",
      "RequestHeaders": {
        "Authorization": "Sanitized",
        "User-Agent": [
          "azsdk-net-ResourceManager.EventHubs/1.0.0-dev.20200804.1",
          "(.NET Core 4.6.28619.01; Microsoft Windows 10.0.19041 )"
        ],
        "x-ms-client-request-id": "4303362c2fbd07facfc25a774232704b",
        "x-ms-return-client-request-id": "true"
      },
      "RequestBody": null,
      "StatusCode": 200,
      "ResponseHeaders": {
        "Cache-Control": "no-cache",
        "Content-Length": "744",
        "Content-Type": "application/json; charset=utf-8",
        "Date": "Thu, 06 Aug 2020 01:46:52 GMT",
        "Expires": "-1",
        "Pragma": "no-cache",
        "Server": [
          "Service-Bus-Resource-Provider/CH3",
          "Microsoft-HTTPAPI/2.0"
        ],
        "Server-SB": "Service-Bus-Resource-Provider/CH3",
        "Strict-Transport-Security": "max-age=31536000; includeSubDomains",
        "X-Content-Type-Options": "nosniff",
        "x-ms-client-request-id": "4303362c2fbd07facfc25a774232704b",
        "x-ms-correlation-request-id": "9e76db66-c1f1-4720-924c-54b91e4129e2",
        "x-ms-ratelimit-remaining-subscription-reads": "11955",
        "x-ms-request-id": "5b8fcf29-0496-44e2-8c57-798f0afd7638_M11CH3_M11CH3",
        "x-ms-routing-request-id": "SOUTHEASTASIA:20200806T014653Z:9e76db66-c1f1-4720-924c-54b91e4129e2"
      },
      "ResponseBody": {
        "sku": {
          "name": "Standard",
          "tier": "Standard",
          "capacity": 1
        },
        "id": "/subscriptions/c9cbd920-c00c-427c-852b-8aaf38badaeb/resourceGroups/Default-EventHub-8894/providers/Microsoft.EventHub/namespaces/sdk-eventhub-Namespace-8951",
        "name": "sdk-eventhub-Namespace-8951",
        "type": "Microsoft.EventHub/Namespaces",
        "location": "Australia East",
        "tags": {},
        "properties": {
          "zoneRedundant": false,
          "isAutoInflateEnabled": false,
          "maximumThroughputUnits": 0,
          "kafkaEnabled": true,
          "provisioningState": "Created",
          "metricId": "c9cbd920-c00c-427c-852b-8aaf38badaeb:sdk-eventhub-namespace-8951",
          "createdAt": "2020-08-06T01:46:41.577Z",
          "updatedAt": "2020-08-06T01:46:41.577Z",
          "serviceBusEndpoint": "https://sdk-eventhub-Namespace-8951.servicebus.windows.net:443/",
          "status": "Activating"
        }
      }
    },
    {
      "RequestUri": "https://management.azure.com/subscriptions/c9cbd920-c00c-427c-852b-8aaf38badaeb/resourceGroups/Default-EventHub-8894/providers/Microsoft.EventHub/namespaces/sdk-eventhub-Namespace-8951?api-version=2018-01-01-preview",
      "RequestMethod": "GET",
      "RequestHeaders": {
        "Authorization": "Sanitized",
        "User-Agent": [
          "azsdk-net-ResourceManager.EventHubs/1.0.0-dev.20200804.1",
          "(.NET Core 4.6.28619.01; Microsoft Windows 10.0.19041 )"
        ],
        "x-ms-client-request-id": "e12ea812d9b6db9dc58df2afa4c0b3c2",
        "x-ms-return-client-request-id": "true"
      },
      "RequestBody": null,
      "StatusCode": 200,
      "ResponseHeaders": {
        "Cache-Control": "no-cache",
        "Content-Length": "744",
        "Content-Type": "application/json; charset=utf-8",
        "Date": "Thu, 06 Aug 2020 01:46:54 GMT",
        "Expires": "-1",
        "Pragma": "no-cache",
        "Server": [
          "Service-Bus-Resource-Provider/CH3",
          "Microsoft-HTTPAPI/2.0"
        ],
        "Server-SB": "Service-Bus-Resource-Provider/CH3",
        "Strict-Transport-Security": "max-age=31536000; includeSubDomains",
        "X-Content-Type-Options": "nosniff",
        "x-ms-client-request-id": "e12ea812d9b6db9dc58df2afa4c0b3c2",
        "x-ms-correlation-request-id": "9b8338df-5042-4c83-a3e4-a72dcbe58df3",
        "x-ms-ratelimit-remaining-subscription-reads": "11954",
        "x-ms-request-id": "22af37e3-2114-4ca0-afae-d1b5e54fd46a_M11CH3_M11CH3",
        "x-ms-routing-request-id": "SOUTHEASTASIA:20200806T014654Z:9b8338df-5042-4c83-a3e4-a72dcbe58df3"
      },
      "ResponseBody": {
        "sku": {
          "name": "Standard",
          "tier": "Standard",
          "capacity": 1
        },
        "id": "/subscriptions/c9cbd920-c00c-427c-852b-8aaf38badaeb/resourceGroups/Default-EventHub-8894/providers/Microsoft.EventHub/namespaces/sdk-eventhub-Namespace-8951",
        "name": "sdk-eventhub-Namespace-8951",
        "type": "Microsoft.EventHub/Namespaces",
        "location": "Australia East",
        "tags": {},
        "properties": {
          "zoneRedundant": false,
          "isAutoInflateEnabled": false,
          "maximumThroughputUnits": 0,
          "kafkaEnabled": true,
          "provisioningState": "Created",
          "metricId": "c9cbd920-c00c-427c-852b-8aaf38badaeb:sdk-eventhub-namespace-8951",
          "createdAt": "2020-08-06T01:46:41.577Z",
          "updatedAt": "2020-08-06T01:46:41.577Z",
          "serviceBusEndpoint": "https://sdk-eventhub-Namespace-8951.servicebus.windows.net:443/",
          "status": "Activating"
        }
      }
    },
    {
      "RequestUri": "https://management.azure.com/subscriptions/c9cbd920-c00c-427c-852b-8aaf38badaeb/resourceGroups/Default-EventHub-8894/providers/Microsoft.EventHub/namespaces/sdk-eventhub-Namespace-8951?api-version=2018-01-01-preview",
      "RequestMethod": "GET",
      "RequestHeaders": {
        "Authorization": "Sanitized",
        "User-Agent": [
          "azsdk-net-ResourceManager.EventHubs/1.0.0-dev.20200804.1",
          "(.NET Core 4.6.28619.01; Microsoft Windows 10.0.19041 )"
        ],
        "x-ms-client-request-id": "78e6c2576414c997ded38ae388182bef",
        "x-ms-return-client-request-id": "true"
      },
      "RequestBody": null,
      "StatusCode": 200,
      "ResponseHeaders": {
        "Cache-Control": "no-cache",
        "Content-Length": "744",
        "Content-Type": "application/json; charset=utf-8",
        "Date": "Thu, 06 Aug 2020 01:46:55 GMT",
        "Expires": "-1",
        "Pragma": "no-cache",
        "Server": [
          "Service-Bus-Resource-Provider/CH3",
          "Microsoft-HTTPAPI/2.0"
        ],
        "Server-SB": "Service-Bus-Resource-Provider/CH3",
        "Strict-Transport-Security": "max-age=31536000; includeSubDomains",
        "X-Content-Type-Options": "nosniff",
        "x-ms-client-request-id": "78e6c2576414c997ded38ae388182bef",
        "x-ms-correlation-request-id": "7b567a89-0b8c-4af8-97ca-a19352685e10",
        "x-ms-ratelimit-remaining-subscription-reads": "11953",
        "x-ms-request-id": "ac2ef9a4-cfab-4969-addc-4d7901378cc9_M10CH3_M10CH3",
        "x-ms-routing-request-id": "SOUTHEASTASIA:20200806T014655Z:7b567a89-0b8c-4af8-97ca-a19352685e10"
      },
      "ResponseBody": {
        "sku": {
          "name": "Standard",
          "tier": "Standard",
          "capacity": 1
        },
        "id": "/subscriptions/c9cbd920-c00c-427c-852b-8aaf38badaeb/resourceGroups/Default-EventHub-8894/providers/Microsoft.EventHub/namespaces/sdk-eventhub-Namespace-8951",
        "name": "sdk-eventhub-Namespace-8951",
        "type": "Microsoft.EventHub/Namespaces",
        "location": "Australia East",
        "tags": {},
        "properties": {
          "zoneRedundant": false,
          "isAutoInflateEnabled": false,
          "maximumThroughputUnits": 0,
          "kafkaEnabled": true,
          "provisioningState": "Created",
          "metricId": "c9cbd920-c00c-427c-852b-8aaf38badaeb:sdk-eventhub-namespace-8951",
          "createdAt": "2020-08-06T01:46:41.577Z",
          "updatedAt": "2020-08-06T01:46:41.577Z",
          "serviceBusEndpoint": "https://sdk-eventhub-Namespace-8951.servicebus.windows.net:443/",
          "status": "Activating"
        }
      }
    },
    {
      "RequestUri": "https://management.azure.com/subscriptions/c9cbd920-c00c-427c-852b-8aaf38badaeb/resourceGroups/Default-EventHub-8894/providers/Microsoft.EventHub/namespaces/sdk-eventhub-Namespace-8951?api-version=2018-01-01-preview",
      "RequestMethod": "GET",
      "RequestHeaders": {
        "Authorization": "Sanitized",
        "User-Agent": [
          "azsdk-net-ResourceManager.EventHubs/1.0.0-dev.20200804.1",
          "(.NET Core 4.6.28619.01; Microsoft Windows 10.0.19041 )"
        ],
        "x-ms-client-request-id": "62a423e9be0553ca98277d2f3c4a620f",
        "x-ms-return-client-request-id": "true"
      },
      "RequestBody": null,
      "StatusCode": 200,
      "ResponseHeaders": {
        "Cache-Control": "no-cache",
        "Content-Length": "744",
        "Content-Type": "application/json; charset=utf-8",
        "Date": "Thu, 06 Aug 2020 01:46:56 GMT",
        "Expires": "-1",
        "Pragma": "no-cache",
        "Server": [
          "Service-Bus-Resource-Provider/CH3",
          "Microsoft-HTTPAPI/2.0"
        ],
        "Server-SB": "Service-Bus-Resource-Provider/CH3",
        "Strict-Transport-Security": "max-age=31536000; includeSubDomains",
        "X-Content-Type-Options": "nosniff",
        "x-ms-client-request-id": "62a423e9be0553ca98277d2f3c4a620f",
        "x-ms-correlation-request-id": "dbe50582-b3e0-4fc7-9c55-c3a4481e115b",
        "x-ms-ratelimit-remaining-subscription-reads": "11952",
        "x-ms-request-id": "5998f0ad-5eff-43f8-8be8-90a0f8705163_M11CH3_M11CH3",
        "x-ms-routing-request-id": "SOUTHEASTASIA:20200806T014657Z:dbe50582-b3e0-4fc7-9c55-c3a4481e115b"
      },
      "ResponseBody": {
        "sku": {
          "name": "Standard",
          "tier": "Standard",
          "capacity": 1
        },
        "id": "/subscriptions/c9cbd920-c00c-427c-852b-8aaf38badaeb/resourceGroups/Default-EventHub-8894/providers/Microsoft.EventHub/namespaces/sdk-eventhub-Namespace-8951",
        "name": "sdk-eventhub-Namespace-8951",
        "type": "Microsoft.EventHub/Namespaces",
        "location": "Australia East",
        "tags": {},
        "properties": {
          "zoneRedundant": false,
          "isAutoInflateEnabled": false,
          "maximumThroughputUnits": 0,
          "kafkaEnabled": true,
          "provisioningState": "Created",
          "metricId": "c9cbd920-c00c-427c-852b-8aaf38badaeb:sdk-eventhub-namespace-8951",
          "createdAt": "2020-08-06T01:46:41.577Z",
          "updatedAt": "2020-08-06T01:46:41.577Z",
          "serviceBusEndpoint": "https://sdk-eventhub-Namespace-8951.servicebus.windows.net:443/",
          "status": "Activating"
        }
      }
    },
    {
      "RequestUri": "https://management.azure.com/subscriptions/c9cbd920-c00c-427c-852b-8aaf38badaeb/resourceGroups/Default-EventHub-8894/providers/Microsoft.EventHub/namespaces/sdk-eventhub-Namespace-8951?api-version=2018-01-01-preview",
      "RequestMethod": "GET",
      "RequestHeaders": {
        "Authorization": "Sanitized",
        "User-Agent": [
          "azsdk-net-ResourceManager.EventHubs/1.0.0-dev.20200804.1",
          "(.NET Core 4.6.28619.01; Microsoft Windows 10.0.19041 )"
        ],
        "x-ms-client-request-id": "8020980ef84cad37116502e34eba53ad",
        "x-ms-return-client-request-id": "true"
      },
      "RequestBody": null,
      "StatusCode": 200,
      "ResponseHeaders": {
        "Cache-Control": "no-cache",
        "Content-Length": "744",
        "Content-Type": "application/json; charset=utf-8",
        "Date": "Thu, 06 Aug 2020 01:46:58 GMT",
        "Expires": "-1",
        "Pragma": "no-cache",
        "Server": [
          "Service-Bus-Resource-Provider/CH3",
          "Microsoft-HTTPAPI/2.0"
        ],
        "Server-SB": "Service-Bus-Resource-Provider/CH3",
        "Strict-Transport-Security": "max-age=31536000; includeSubDomains",
        "X-Content-Type-Options": "nosniff",
        "x-ms-client-request-id": "8020980ef84cad37116502e34eba53ad",
        "x-ms-correlation-request-id": "cca3d0e9-f038-4cad-a64c-18a0083d2d5a",
        "x-ms-ratelimit-remaining-subscription-reads": "11951",
        "x-ms-request-id": "4f088442-f67a-4500-b53f-a0134fb386b8_M11CH3_M11CH3",
        "x-ms-routing-request-id": "SOUTHEASTASIA:20200806T014659Z:cca3d0e9-f038-4cad-a64c-18a0083d2d5a"
      },
      "ResponseBody": {
        "sku": {
          "name": "Standard",
          "tier": "Standard",
          "capacity": 1
        },
        "id": "/subscriptions/c9cbd920-c00c-427c-852b-8aaf38badaeb/resourceGroups/Default-EventHub-8894/providers/Microsoft.EventHub/namespaces/sdk-eventhub-Namespace-8951",
        "name": "sdk-eventhub-Namespace-8951",
        "type": "Microsoft.EventHub/Namespaces",
        "location": "Australia East",
        "tags": {},
        "properties": {
          "zoneRedundant": false,
          "isAutoInflateEnabled": false,
          "maximumThroughputUnits": 0,
          "kafkaEnabled": true,
          "provisioningState": "Created",
          "metricId": "c9cbd920-c00c-427c-852b-8aaf38badaeb:sdk-eventhub-namespace-8951",
          "createdAt": "2020-08-06T01:46:41.577Z",
          "updatedAt": "2020-08-06T01:46:41.577Z",
          "serviceBusEndpoint": "https://sdk-eventhub-Namespace-8951.servicebus.windows.net:443/",
          "status": "Activating"
        }
      }
    },
    {
      "RequestUri": "https://management.azure.com/subscriptions/c9cbd920-c00c-427c-852b-8aaf38badaeb/resourceGroups/Default-EventHub-8894/providers/Microsoft.EventHub/namespaces/sdk-eventhub-Namespace-8951?api-version=2018-01-01-preview",
      "RequestMethod": "GET",
      "RequestHeaders": {
        "Authorization": "Sanitized",
        "User-Agent": [
          "azsdk-net-ResourceManager.EventHubs/1.0.0-dev.20200804.1",
          "(.NET Core 4.6.28619.01; Microsoft Windows 10.0.19041 )"
        ],
        "x-ms-client-request-id": "81c60362511b98bdf893dfece6678c94",
        "x-ms-return-client-request-id": "true"
      },
      "RequestBody": null,
      "StatusCode": 200,
      "ResponseHeaders": {
        "Cache-Control": "no-cache",
        "Content-Length": "744",
        "Content-Type": "application/json; charset=utf-8",
        "Date": "Thu, 06 Aug 2020 01:46:59 GMT",
        "Expires": "-1",
        "Pragma": "no-cache",
        "Server": [
          "Service-Bus-Resource-Provider/CH3",
          "Microsoft-HTTPAPI/2.0"
        ],
        "Server-SB": "Service-Bus-Resource-Provider/CH3",
        "Strict-Transport-Security": "max-age=31536000; includeSubDomains",
        "X-Content-Type-Options": "nosniff",
        "x-ms-client-request-id": "81c60362511b98bdf893dfece6678c94",
        "x-ms-correlation-request-id": "66ac19bf-14a1-4c3e-831e-8bc1e56a5994",
        "x-ms-ratelimit-remaining-subscription-reads": "11950",
        "x-ms-request-id": "950c5b39-c52b-4794-82fb-e576a802bf35_M11CH3_M11CH3",
        "x-ms-routing-request-id": "SOUTHEASTASIA:20200806T014700Z:66ac19bf-14a1-4c3e-831e-8bc1e56a5994"
      },
      "ResponseBody": {
        "sku": {
          "name": "Standard",
          "tier": "Standard",
          "capacity": 1
        },
        "id": "/subscriptions/c9cbd920-c00c-427c-852b-8aaf38badaeb/resourceGroups/Default-EventHub-8894/providers/Microsoft.EventHub/namespaces/sdk-eventhub-Namespace-8951",
        "name": "sdk-eventhub-Namespace-8951",
        "type": "Microsoft.EventHub/Namespaces",
        "location": "Australia East",
        "tags": {},
        "properties": {
          "zoneRedundant": false,
          "isAutoInflateEnabled": false,
          "maximumThroughputUnits": 0,
          "kafkaEnabled": true,
          "provisioningState": "Created",
          "metricId": "c9cbd920-c00c-427c-852b-8aaf38badaeb:sdk-eventhub-namespace-8951",
          "createdAt": "2020-08-06T01:46:41.577Z",
          "updatedAt": "2020-08-06T01:46:41.577Z",
          "serviceBusEndpoint": "https://sdk-eventhub-Namespace-8951.servicebus.windows.net:443/",
          "status": "Activating"
        }
      }
    },
    {
      "RequestUri": "https://management.azure.com/subscriptions/c9cbd920-c00c-427c-852b-8aaf38badaeb/resourceGroups/Default-EventHub-8894/providers/Microsoft.EventHub/namespaces/sdk-eventhub-Namespace-8951?api-version=2018-01-01-preview",
      "RequestMethod": "GET",
      "RequestHeaders": {
        "Authorization": "Sanitized",
        "User-Agent": [
          "azsdk-net-ResourceManager.EventHubs/1.0.0-dev.20200804.1",
          "(.NET Core 4.6.28619.01; Microsoft Windows 10.0.19041 )"
        ],
        "x-ms-client-request-id": "efd47b70abf8f1a2ebf6519fbbe604de",
        "x-ms-return-client-request-id": "true"
      },
      "RequestBody": null,
      "StatusCode": 200,
      "ResponseHeaders": {
        "Cache-Control": "no-cache",
        "Content-Length": "744",
        "Content-Type": "application/json; charset=utf-8",
        "Date": "Thu, 06 Aug 2020 01:47:01 GMT",
        "Expires": "-1",
        "Pragma": "no-cache",
        "Server": [
          "Service-Bus-Resource-Provider/CH3",
          "Microsoft-HTTPAPI/2.0"
        ],
        "Server-SB": "Service-Bus-Resource-Provider/CH3",
        "Strict-Transport-Security": "max-age=31536000; includeSubDomains",
        "X-Content-Type-Options": "nosniff",
        "x-ms-client-request-id": "efd47b70abf8f1a2ebf6519fbbe604de",
        "x-ms-correlation-request-id": "42e4f0ca-9cff-417c-ae90-cb2fe623bfbb",
        "x-ms-ratelimit-remaining-subscription-reads": "11949",
        "x-ms-request-id": "19d82251-f9a3-46a4-aa40-dde5f9413dc2_M11CH3_M11CH3",
        "x-ms-routing-request-id": "SOUTHEASTASIA:20200806T014701Z:42e4f0ca-9cff-417c-ae90-cb2fe623bfbb"
      },
      "ResponseBody": {
        "sku": {
          "name": "Standard",
          "tier": "Standard",
          "capacity": 1
        },
        "id": "/subscriptions/c9cbd920-c00c-427c-852b-8aaf38badaeb/resourceGroups/Default-EventHub-8894/providers/Microsoft.EventHub/namespaces/sdk-eventhub-Namespace-8951",
        "name": "sdk-eventhub-Namespace-8951",
        "type": "Microsoft.EventHub/Namespaces",
        "location": "Australia East",
        "tags": {},
        "properties": {
          "zoneRedundant": false,
          "isAutoInflateEnabled": false,
          "maximumThroughputUnits": 0,
          "kafkaEnabled": true,
          "provisioningState": "Created",
          "metricId": "c9cbd920-c00c-427c-852b-8aaf38badaeb:sdk-eventhub-namespace-8951",
          "createdAt": "2020-08-06T01:46:41.577Z",
          "updatedAt": "2020-08-06T01:46:41.577Z",
          "serviceBusEndpoint": "https://sdk-eventhub-Namespace-8951.servicebus.windows.net:443/",
          "status": "Activating"
        }
      }
    },
    {
      "RequestUri": "https://management.azure.com/subscriptions/c9cbd920-c00c-427c-852b-8aaf38badaeb/resourceGroups/Default-EventHub-8894/providers/Microsoft.EventHub/namespaces/sdk-eventhub-Namespace-8951?api-version=2018-01-01-preview",
      "RequestMethod": "GET",
      "RequestHeaders": {
        "Authorization": "Sanitized",
        "User-Agent": [
          "azsdk-net-ResourceManager.EventHubs/1.0.0-dev.20200804.1",
          "(.NET Core 4.6.28619.01; Microsoft Windows 10.0.19041 )"
        ],
        "x-ms-client-request-id": "38cdd0d4e183bdf3da8787b9184bc6a9",
        "x-ms-return-client-request-id": "true"
      },
      "RequestBody": null,
      "StatusCode": 200,
      "ResponseHeaders": {
        "Cache-Control": "no-cache",
        "Content-Length": "744",
        "Content-Type": "application/json; charset=utf-8",
        "Date": "Thu, 06 Aug 2020 01:47:02 GMT",
        "Expires": "-1",
        "Pragma": "no-cache",
        "Server": [
          "Service-Bus-Resource-Provider/CH3",
          "Microsoft-HTTPAPI/2.0"
        ],
        "Server-SB": "Service-Bus-Resource-Provider/CH3",
        "Strict-Transport-Security": "max-age=31536000; includeSubDomains",
        "X-Content-Type-Options": "nosniff",
        "x-ms-client-request-id": "38cdd0d4e183bdf3da8787b9184bc6a9",
        "x-ms-correlation-request-id": "180350d7-d917-4442-b445-3c427d9503ab",
        "x-ms-ratelimit-remaining-subscription-reads": "11948",
        "x-ms-request-id": "1140f7e9-6869-441e-9c0e-d4e6b54c3158_M11CH3_M11CH3",
        "x-ms-routing-request-id": "SOUTHEASTASIA:20200806T014703Z:180350d7-d917-4442-b445-3c427d9503ab"
      },
      "ResponseBody": {
        "sku": {
          "name": "Standard",
          "tier": "Standard",
          "capacity": 1
        },
        "id": "/subscriptions/c9cbd920-c00c-427c-852b-8aaf38badaeb/resourceGroups/Default-EventHub-8894/providers/Microsoft.EventHub/namespaces/sdk-eventhub-Namespace-8951",
        "name": "sdk-eventhub-Namespace-8951",
        "type": "Microsoft.EventHub/Namespaces",
        "location": "Australia East",
        "tags": {},
        "properties": {
          "zoneRedundant": false,
          "isAutoInflateEnabled": false,
          "maximumThroughputUnits": 0,
          "kafkaEnabled": true,
          "provisioningState": "Created",
          "metricId": "c9cbd920-c00c-427c-852b-8aaf38badaeb:sdk-eventhub-namespace-8951",
          "createdAt": "2020-08-06T01:46:41.577Z",
          "updatedAt": "2020-08-06T01:46:41.577Z",
          "serviceBusEndpoint": "https://sdk-eventhub-Namespace-8951.servicebus.windows.net:443/",
          "status": "Activating"
        }
      }
    },
    {
      "RequestUri": "https://management.azure.com/subscriptions/c9cbd920-c00c-427c-852b-8aaf38badaeb/resourceGroups/Default-EventHub-8894/providers/Microsoft.EventHub/namespaces/sdk-eventhub-Namespace-8951?api-version=2018-01-01-preview",
      "RequestMethod": "GET",
      "RequestHeaders": {
        "Authorization": "Sanitized",
        "User-Agent": [
          "azsdk-net-ResourceManager.EventHubs/1.0.0-dev.20200804.1",
          "(.NET Core 4.6.28619.01; Microsoft Windows 10.0.19041 )"
        ],
        "x-ms-client-request-id": "d3726ed963e5b6b561d59525001ddd11",
        "x-ms-return-client-request-id": "true"
      },
      "RequestBody": null,
      "StatusCode": 200,
      "ResponseHeaders": {
        "Cache-Control": "no-cache",
        "Content-Length": "744",
        "Content-Type": "application/json; charset=utf-8",
        "Date": "Thu, 06 Aug 2020 01:47:04 GMT",
        "Expires": "-1",
        "Pragma": "no-cache",
        "Server": [
          "Service-Bus-Resource-Provider/CH3",
          "Microsoft-HTTPAPI/2.0"
        ],
        "Server-SB": "Service-Bus-Resource-Provider/CH3",
        "Strict-Transport-Security": "max-age=31536000; includeSubDomains",
        "X-Content-Type-Options": "nosniff",
        "x-ms-client-request-id": "d3726ed963e5b6b561d59525001ddd11",
        "x-ms-correlation-request-id": "0110e4cc-e725-43db-a694-eea8825d36e2",
        "x-ms-ratelimit-remaining-subscription-reads": "11947",
        "x-ms-request-id": "387ae349-665c-42c4-8600-38b73c125445_M11CH3_M11CH3",
        "x-ms-routing-request-id": "SOUTHEASTASIA:20200806T014704Z:0110e4cc-e725-43db-a694-eea8825d36e2"
      },
      "ResponseBody": {
        "sku": {
          "name": "Standard",
          "tier": "Standard",
          "capacity": 1
        },
        "id": "/subscriptions/c9cbd920-c00c-427c-852b-8aaf38badaeb/resourceGroups/Default-EventHub-8894/providers/Microsoft.EventHub/namespaces/sdk-eventhub-Namespace-8951",
        "name": "sdk-eventhub-Namespace-8951",
        "type": "Microsoft.EventHub/Namespaces",
        "location": "Australia East",
        "tags": {},
        "properties": {
          "zoneRedundant": false,
          "isAutoInflateEnabled": false,
          "maximumThroughputUnits": 0,
          "kafkaEnabled": true,
          "provisioningState": "Created",
          "metricId": "c9cbd920-c00c-427c-852b-8aaf38badaeb:sdk-eventhub-namespace-8951",
          "createdAt": "2020-08-06T01:46:41.577Z",
          "updatedAt": "2020-08-06T01:46:41.577Z",
          "serviceBusEndpoint": "https://sdk-eventhub-Namespace-8951.servicebus.windows.net:443/",
          "status": "Activating"
        }
      }
    },
    {
      "RequestUri": "https://management.azure.com/subscriptions/c9cbd920-c00c-427c-852b-8aaf38badaeb/resourceGroups/Default-EventHub-8894/providers/Microsoft.EventHub/namespaces/sdk-eventhub-Namespace-8951?api-version=2018-01-01-preview",
      "RequestMethod": "GET",
      "RequestHeaders": {
        "Authorization": "Sanitized",
        "User-Agent": [
          "azsdk-net-ResourceManager.EventHubs/1.0.0-dev.20200804.1",
          "(.NET Core 4.6.28619.01; Microsoft Windows 10.0.19041 )"
        ],
        "x-ms-client-request-id": "1617008f539a8f108817147023e9d89f",
        "x-ms-return-client-request-id": "true"
      },
      "RequestBody": null,
      "StatusCode": 200,
      "ResponseHeaders": {
        "Cache-Control": "no-cache",
        "Content-Length": "744",
        "Content-Type": "application/json; charset=utf-8",
        "Date": "Thu, 06 Aug 2020 01:47:05 GMT",
        "Expires": "-1",
        "Pragma": "no-cache",
        "Server": [
          "Service-Bus-Resource-Provider/CH3",
          "Microsoft-HTTPAPI/2.0"
        ],
        "Server-SB": "Service-Bus-Resource-Provider/CH3",
        "Strict-Transport-Security": "max-age=31536000; includeSubDomains",
        "X-Content-Type-Options": "nosniff",
        "x-ms-client-request-id": "1617008f539a8f108817147023e9d89f",
        "x-ms-correlation-request-id": "8ded7e66-0e6a-4a29-b300-b6bec0aa1193",
        "x-ms-ratelimit-remaining-subscription-reads": "11946",
        "x-ms-request-id": "bda37254-ba6d-4438-b438-2173bc376120_M11CH3_M11CH3",
        "x-ms-routing-request-id": "SOUTHEASTASIA:20200806T014705Z:8ded7e66-0e6a-4a29-b300-b6bec0aa1193"
      },
      "ResponseBody": {
        "sku": {
          "name": "Standard",
          "tier": "Standard",
          "capacity": 1
        },
        "id": "/subscriptions/c9cbd920-c00c-427c-852b-8aaf38badaeb/resourceGroups/Default-EventHub-8894/providers/Microsoft.EventHub/namespaces/sdk-eventhub-Namespace-8951",
        "name": "sdk-eventhub-Namespace-8951",
        "type": "Microsoft.EventHub/Namespaces",
        "location": "Australia East",
        "tags": {},
        "properties": {
          "zoneRedundant": false,
          "isAutoInflateEnabled": false,
          "maximumThroughputUnits": 0,
          "kafkaEnabled": true,
          "provisioningState": "Created",
          "metricId": "c9cbd920-c00c-427c-852b-8aaf38badaeb:sdk-eventhub-namespace-8951",
          "createdAt": "2020-08-06T01:46:41.577Z",
          "updatedAt": "2020-08-06T01:46:41.577Z",
          "serviceBusEndpoint": "https://sdk-eventhub-Namespace-8951.servicebus.windows.net:443/",
          "status": "Activating"
        }
      }
    },
    {
      "RequestUri": "https://management.azure.com/subscriptions/c9cbd920-c00c-427c-852b-8aaf38badaeb/resourceGroups/Default-EventHub-8894/providers/Microsoft.EventHub/namespaces/sdk-eventhub-Namespace-8951?api-version=2018-01-01-preview",
      "RequestMethod": "GET",
      "RequestHeaders": {
        "Authorization": "Sanitized",
        "User-Agent": [
          "azsdk-net-ResourceManager.EventHubs/1.0.0-dev.20200804.1",
          "(.NET Core 4.6.28619.01; Microsoft Windows 10.0.19041 )"
        ],
        "x-ms-client-request-id": "4dc6a72f317471f81a16d7ae4bcebcbc",
        "x-ms-return-client-request-id": "true"
      },
      "RequestBody": null,
      "StatusCode": 200,
      "ResponseHeaders": {
        "Cache-Control": "no-cache",
        "Content-Length": "744",
        "Content-Type": "application/json; charset=utf-8",
        "Date": "Thu, 06 Aug 2020 01:47:06 GMT",
        "Expires": "-1",
        "Pragma": "no-cache",
        "Server": [
          "Service-Bus-Resource-Provider/CH3",
          "Microsoft-HTTPAPI/2.0"
        ],
        "Server-SB": "Service-Bus-Resource-Provider/CH3",
        "Strict-Transport-Security": "max-age=31536000; includeSubDomains",
        "X-Content-Type-Options": "nosniff",
        "x-ms-client-request-id": "4dc6a72f317471f81a16d7ae4bcebcbc",
        "x-ms-correlation-request-id": "86750fe5-78b0-40fa-aa7c-846fbe825552",
        "x-ms-ratelimit-remaining-subscription-reads": "11945",
        "x-ms-request-id": "2825d36a-8f14-4f05-a51e-7fa64db9b79a_M11CH3_M11CH3",
        "x-ms-routing-request-id": "SOUTHEASTASIA:20200806T014707Z:86750fe5-78b0-40fa-aa7c-846fbe825552"
      },
      "ResponseBody": {
        "sku": {
          "name": "Standard",
          "tier": "Standard",
          "capacity": 1
        },
        "id": "/subscriptions/c9cbd920-c00c-427c-852b-8aaf38badaeb/resourceGroups/Default-EventHub-8894/providers/Microsoft.EventHub/namespaces/sdk-eventhub-Namespace-8951",
        "name": "sdk-eventhub-Namespace-8951",
        "type": "Microsoft.EventHub/Namespaces",
        "location": "Australia East",
        "tags": {},
        "properties": {
          "zoneRedundant": false,
          "isAutoInflateEnabled": false,
          "maximumThroughputUnits": 0,
          "kafkaEnabled": true,
          "provisioningState": "Created",
          "metricId": "c9cbd920-c00c-427c-852b-8aaf38badaeb:sdk-eventhub-namespace-8951",
          "createdAt": "2020-08-06T01:46:41.577Z",
          "updatedAt": "2020-08-06T01:46:41.577Z",
          "serviceBusEndpoint": "https://sdk-eventhub-Namespace-8951.servicebus.windows.net:443/",
          "status": "Activating"
        }
      }
    },
    {
      "RequestUri": "https://management.azure.com/subscriptions/c9cbd920-c00c-427c-852b-8aaf38badaeb/resourceGroups/Default-EventHub-8894/providers/Microsoft.EventHub/namespaces/sdk-eventhub-Namespace-8951?api-version=2018-01-01-preview",
      "RequestMethod": "GET",
      "RequestHeaders": {
        "Authorization": "Sanitized",
        "User-Agent": [
          "azsdk-net-ResourceManager.EventHubs/1.0.0-dev.20200804.1",
          "(.NET Core 4.6.28619.01; Microsoft Windows 10.0.19041 )"
        ],
        "x-ms-client-request-id": "172a76aab034850f5de34ace4e459377",
        "x-ms-return-client-request-id": "true"
      },
      "RequestBody": null,
      "StatusCode": 200,
      "ResponseHeaders": {
        "Cache-Control": "no-cache",
        "Content-Length": "744",
        "Content-Type": "application/json; charset=utf-8",
        "Date": "Thu, 06 Aug 2020 01:47:08 GMT",
        "Expires": "-1",
        "Pragma": "no-cache",
        "Server": [
          "Service-Bus-Resource-Provider/CH3",
          "Microsoft-HTTPAPI/2.0"
        ],
        "Server-SB": "Service-Bus-Resource-Provider/CH3",
        "Strict-Transport-Security": "max-age=31536000; includeSubDomains",
        "X-Content-Type-Options": "nosniff",
        "x-ms-client-request-id": "172a76aab034850f5de34ace4e459377",
        "x-ms-correlation-request-id": "9125d3ef-8924-4d32-8837-6ef300ee9100",
        "x-ms-ratelimit-remaining-subscription-reads": "11944",
        "x-ms-request-id": "c6c5b6c9-4e6c-486f-8c43-d842de6965cf_M11CH3_M11CH3",
        "x-ms-routing-request-id": "SOUTHEASTASIA:20200806T014708Z:9125d3ef-8924-4d32-8837-6ef300ee9100"
      },
      "ResponseBody": {
        "sku": {
          "name": "Standard",
          "tier": "Standard",
          "capacity": 1
        },
        "id": "/subscriptions/c9cbd920-c00c-427c-852b-8aaf38badaeb/resourceGroups/Default-EventHub-8894/providers/Microsoft.EventHub/namespaces/sdk-eventhub-Namespace-8951",
        "name": "sdk-eventhub-Namespace-8951",
        "type": "Microsoft.EventHub/Namespaces",
        "location": "Australia East",
        "tags": {},
        "properties": {
          "zoneRedundant": false,
          "isAutoInflateEnabled": false,
          "maximumThroughputUnits": 0,
          "kafkaEnabled": true,
          "provisioningState": "Created",
          "metricId": "c9cbd920-c00c-427c-852b-8aaf38badaeb:sdk-eventhub-namespace-8951",
          "createdAt": "2020-08-06T01:46:41.577Z",
          "updatedAt": "2020-08-06T01:46:41.577Z",
          "serviceBusEndpoint": "https://sdk-eventhub-Namespace-8951.servicebus.windows.net:443/",
          "status": "Activating"
        }
      }
    },
    {
      "RequestUri": "https://management.azure.com/subscriptions/c9cbd920-c00c-427c-852b-8aaf38badaeb/resourceGroups/Default-EventHub-8894/providers/Microsoft.EventHub/namespaces/sdk-eventhub-Namespace-8951?api-version=2018-01-01-preview",
      "RequestMethod": "GET",
      "RequestHeaders": {
        "Authorization": "Sanitized",
        "User-Agent": [
          "azsdk-net-ResourceManager.EventHubs/1.0.0-dev.20200804.1",
          "(.NET Core 4.6.28619.01; Microsoft Windows 10.0.19041 )"
        ],
        "x-ms-client-request-id": "58f5f5fc8f575d9d08a5fc837b6243ba",
        "x-ms-return-client-request-id": "true"
      },
      "RequestBody": null,
      "StatusCode": 200,
      "ResponseHeaders": {
        "Cache-Control": "no-cache",
        "Content-Length": "744",
        "Content-Type": "application/json; charset=utf-8",
        "Date": "Thu, 06 Aug 2020 01:47:09 GMT",
        "Expires": "-1",
        "Pragma": "no-cache",
        "Server": [
          "Service-Bus-Resource-Provider/CH3",
          "Microsoft-HTTPAPI/2.0"
        ],
        "Server-SB": "Service-Bus-Resource-Provider/CH3",
        "Strict-Transport-Security": "max-age=31536000; includeSubDomains",
        "X-Content-Type-Options": "nosniff",
        "x-ms-client-request-id": "58f5f5fc8f575d9d08a5fc837b6243ba",
        "x-ms-correlation-request-id": "985499c3-3bb4-4b65-8b93-9ec059eb4710",
        "x-ms-ratelimit-remaining-subscription-reads": "11943",
        "x-ms-request-id": "995ab1f7-baa1-4e2b-8ceb-49ed46061f53_M11CH3_M11CH3",
        "x-ms-routing-request-id": "SOUTHEASTASIA:20200806T014710Z:985499c3-3bb4-4b65-8b93-9ec059eb4710"
      },
      "ResponseBody": {
        "sku": {
          "name": "Standard",
          "tier": "Standard",
          "capacity": 1
        },
        "id": "/subscriptions/c9cbd920-c00c-427c-852b-8aaf38badaeb/resourceGroups/Default-EventHub-8894/providers/Microsoft.EventHub/namespaces/sdk-eventhub-Namespace-8951",
        "name": "sdk-eventhub-Namespace-8951",
        "type": "Microsoft.EventHub/Namespaces",
        "location": "Australia East",
        "tags": {},
        "properties": {
          "zoneRedundant": false,
          "isAutoInflateEnabled": false,
          "maximumThroughputUnits": 0,
          "kafkaEnabled": true,
          "provisioningState": "Created",
          "metricId": "c9cbd920-c00c-427c-852b-8aaf38badaeb:sdk-eventhub-namespace-8951",
          "createdAt": "2020-08-06T01:46:41.577Z",
          "updatedAt": "2020-08-06T01:46:41.577Z",
          "serviceBusEndpoint": "https://sdk-eventhub-Namespace-8951.servicebus.windows.net:443/",
          "status": "Activating"
        }
      }
    },
    {
      "RequestUri": "https://management.azure.com/subscriptions/c9cbd920-c00c-427c-852b-8aaf38badaeb/resourceGroups/Default-EventHub-8894/providers/Microsoft.EventHub/namespaces/sdk-eventhub-Namespace-8951?api-version=2018-01-01-preview",
      "RequestMethod": "GET",
      "RequestHeaders": {
        "Authorization": "Sanitized",
        "User-Agent": [
          "azsdk-net-ResourceManager.EventHubs/1.0.0-dev.20200804.1",
          "(.NET Core 4.6.28619.01; Microsoft Windows 10.0.19041 )"
        ],
        "x-ms-client-request-id": "acc6585ac0bf7f6b9840ef91e62a23d5",
        "x-ms-return-client-request-id": "true"
      },
      "RequestBody": null,
      "StatusCode": 200,
      "ResponseHeaders": {
        "Cache-Control": "no-cache",
        "Content-Length": "744",
        "Content-Type": "application/json; charset=utf-8",
        "Date": "Thu, 06 Aug 2020 01:47:10 GMT",
        "Expires": "-1",
        "Pragma": "no-cache",
        "Server": [
          "Service-Bus-Resource-Provider/CH3",
          "Microsoft-HTTPAPI/2.0"
        ],
        "Server-SB": "Service-Bus-Resource-Provider/CH3",
        "Strict-Transport-Security": "max-age=31536000; includeSubDomains",
        "X-Content-Type-Options": "nosniff",
        "x-ms-client-request-id": "acc6585ac0bf7f6b9840ef91e62a23d5",
        "x-ms-correlation-request-id": "6818577f-fc5f-448f-9df3-3297b304ace6",
        "x-ms-ratelimit-remaining-subscription-reads": "11942",
        "x-ms-request-id": "77dbc94d-7a87-4175-969b-049ee6d0e344_M11CH3_M11CH3",
        "x-ms-routing-request-id": "SOUTHEASTASIA:20200806T014711Z:6818577f-fc5f-448f-9df3-3297b304ace6"
      },
      "ResponseBody": {
        "sku": {
          "name": "Standard",
          "tier": "Standard",
          "capacity": 1
        },
        "id": "/subscriptions/c9cbd920-c00c-427c-852b-8aaf38badaeb/resourceGroups/Default-EventHub-8894/providers/Microsoft.EventHub/namespaces/sdk-eventhub-Namespace-8951",
        "name": "sdk-eventhub-Namespace-8951",
        "type": "Microsoft.EventHub/Namespaces",
        "location": "Australia East",
        "tags": {},
        "properties": {
          "zoneRedundant": false,
          "isAutoInflateEnabled": false,
          "maximumThroughputUnits": 0,
          "kafkaEnabled": true,
          "provisioningState": "Created",
          "metricId": "c9cbd920-c00c-427c-852b-8aaf38badaeb:sdk-eventhub-namespace-8951",
          "createdAt": "2020-08-06T01:46:41.577Z",
          "updatedAt": "2020-08-06T01:46:41.577Z",
          "serviceBusEndpoint": "https://sdk-eventhub-Namespace-8951.servicebus.windows.net:443/",
          "status": "Activating"
        }
      }
    },
    {
      "RequestUri": "https://management.azure.com/subscriptions/c9cbd920-c00c-427c-852b-8aaf38badaeb/resourceGroups/Default-EventHub-8894/providers/Microsoft.EventHub/namespaces/sdk-eventhub-Namespace-8951?api-version=2018-01-01-preview",
      "RequestMethod": "GET",
      "RequestHeaders": {
        "Authorization": "Sanitized",
        "User-Agent": [
          "azsdk-net-ResourceManager.EventHubs/1.0.0-dev.20200804.1",
          "(.NET Core 4.6.28619.01; Microsoft Windows 10.0.19041 )"
        ],
        "x-ms-client-request-id": "55b15f8364d81a65d9cc0f8fb38b09fa",
        "x-ms-return-client-request-id": "true"
      },
      "RequestBody": null,
      "StatusCode": 200,
      "ResponseHeaders": {
        "Cache-Control": "no-cache",
        "Content-Length": "744",
        "Content-Type": "application/json; charset=utf-8",
        "Date": "Thu, 06 Aug 2020 01:47:12 GMT",
        "Expires": "-1",
        "Pragma": "no-cache",
        "Server": [
          "Service-Bus-Resource-Provider/CH3",
          "Microsoft-HTTPAPI/2.0"
        ],
        "Server-SB": "Service-Bus-Resource-Provider/CH3",
        "Strict-Transport-Security": "max-age=31536000; includeSubDomains",
        "X-Content-Type-Options": "nosniff",
        "x-ms-client-request-id": "55b15f8364d81a65d9cc0f8fb38b09fa",
        "x-ms-correlation-request-id": "208b33c6-175e-46f2-b0d1-7ba6b19c5262",
        "x-ms-ratelimit-remaining-subscription-reads": "11941",
        "x-ms-request-id": "6b99e01e-bc4b-4bb6-9498-1aa5605556e8_M11CH3_M11CH3",
        "x-ms-routing-request-id": "SOUTHEASTASIA:20200806T014712Z:208b33c6-175e-46f2-b0d1-7ba6b19c5262"
      },
      "ResponseBody": {
        "sku": {
          "name": "Standard",
          "tier": "Standard",
          "capacity": 1
        },
        "id": "/subscriptions/c9cbd920-c00c-427c-852b-8aaf38badaeb/resourceGroups/Default-EventHub-8894/providers/Microsoft.EventHub/namespaces/sdk-eventhub-Namespace-8951",
        "name": "sdk-eventhub-Namespace-8951",
        "type": "Microsoft.EventHub/Namespaces",
        "location": "Australia East",
        "tags": {},
        "properties": {
          "zoneRedundant": false,
          "isAutoInflateEnabled": false,
          "maximumThroughputUnits": 0,
          "kafkaEnabled": true,
          "provisioningState": "Created",
          "metricId": "c9cbd920-c00c-427c-852b-8aaf38badaeb:sdk-eventhub-namespace-8951",
          "createdAt": "2020-08-06T01:46:41.577Z",
          "updatedAt": "2020-08-06T01:46:41.577Z",
          "serviceBusEndpoint": "https://sdk-eventhub-Namespace-8951.servicebus.windows.net:443/",
          "status": "Activating"
        }
      }
    },
    {
      "RequestUri": "https://management.azure.com/subscriptions/c9cbd920-c00c-427c-852b-8aaf38badaeb/resourceGroups/Default-EventHub-8894/providers/Microsoft.EventHub/namespaces/sdk-eventhub-Namespace-8951?api-version=2018-01-01-preview",
      "RequestMethod": "GET",
      "RequestHeaders": {
        "Authorization": "Sanitized",
        "User-Agent": [
          "azsdk-net-ResourceManager.EventHubs/1.0.0-dev.20200804.1",
          "(.NET Core 4.6.28619.01; Microsoft Windows 10.0.19041 )"
        ],
        "x-ms-client-request-id": "f673909fe67f3bb88a75bf179f0c77dd",
        "x-ms-return-client-request-id": "true"
      },
      "RequestBody": null,
      "StatusCode": 200,
      "ResponseHeaders": {
        "Cache-Control": "no-cache",
        "Content-Length": "744",
        "Content-Type": "application/json; charset=utf-8",
        "Date": "Thu, 06 Aug 2020 01:47:13 GMT",
        "Expires": "-1",
        "Pragma": "no-cache",
        "Server": [
          "Service-Bus-Resource-Provider/CH3",
          "Microsoft-HTTPAPI/2.0"
        ],
        "Server-SB": "Service-Bus-Resource-Provider/CH3",
        "Strict-Transport-Security": "max-age=31536000; includeSubDomains",
        "X-Content-Type-Options": "nosniff",
        "x-ms-client-request-id": "f673909fe67f3bb88a75bf179f0c77dd",
        "x-ms-correlation-request-id": "e88e9305-df4d-4531-98fa-db87cf3fb700",
        "x-ms-ratelimit-remaining-subscription-reads": "11940",
        "x-ms-request-id": "5ebb6353-0f2f-40f7-80ff-2b32bd89e69d_M11CH3_M11CH3",
        "x-ms-routing-request-id": "SOUTHEASTASIA:20200806T014714Z:e88e9305-df4d-4531-98fa-db87cf3fb700"
      },
      "ResponseBody": {
        "sku": {
          "name": "Standard",
          "tier": "Standard",
          "capacity": 1
        },
        "id": "/subscriptions/c9cbd920-c00c-427c-852b-8aaf38badaeb/resourceGroups/Default-EventHub-8894/providers/Microsoft.EventHub/namespaces/sdk-eventhub-Namespace-8951",
        "name": "sdk-eventhub-Namespace-8951",
        "type": "Microsoft.EventHub/Namespaces",
        "location": "Australia East",
        "tags": {},
        "properties": {
          "zoneRedundant": false,
          "isAutoInflateEnabled": false,
          "maximumThroughputUnits": 0,
          "kafkaEnabled": true,
          "provisioningState": "Created",
          "metricId": "c9cbd920-c00c-427c-852b-8aaf38badaeb:sdk-eventhub-namespace-8951",
          "createdAt": "2020-08-06T01:46:41.577Z",
          "updatedAt": "2020-08-06T01:46:41.577Z",
          "serviceBusEndpoint": "https://sdk-eventhub-Namespace-8951.servicebus.windows.net:443/",
          "status": "Activating"
        }
      }
    },
    {
      "RequestUri": "https://management.azure.com/subscriptions/c9cbd920-c00c-427c-852b-8aaf38badaeb/resourceGroups/Default-EventHub-8894/providers/Microsoft.EventHub/namespaces/sdk-eventhub-Namespace-8951?api-version=2018-01-01-preview",
      "RequestMethod": "GET",
      "RequestHeaders": {
        "Authorization": "Sanitized",
        "User-Agent": [
          "azsdk-net-ResourceManager.EventHubs/1.0.0-dev.20200804.1",
          "(.NET Core 4.6.28619.01; Microsoft Windows 10.0.19041 )"
        ],
        "x-ms-client-request-id": "1c002682eeb0f6e1f2abd3f2b1dccb0c",
        "x-ms-return-client-request-id": "true"
      },
      "RequestBody": null,
      "StatusCode": 200,
      "ResponseHeaders": {
        "Cache-Control": "no-cache",
        "Content-Length": "744",
        "Content-Type": "application/json; charset=utf-8",
        "Date": "Thu, 06 Aug 2020 01:47:14 GMT",
        "Expires": "-1",
        "Pragma": "no-cache",
        "Server": [
          "Service-Bus-Resource-Provider/CH3",
          "Microsoft-HTTPAPI/2.0"
        ],
        "Server-SB": "Service-Bus-Resource-Provider/CH3",
        "Strict-Transport-Security": "max-age=31536000; includeSubDomains",
        "X-Content-Type-Options": "nosniff",
        "x-ms-client-request-id": "1c002682eeb0f6e1f2abd3f2b1dccb0c",
        "x-ms-correlation-request-id": "2e4ecee0-485c-46dd-acfe-998d60164564",
        "x-ms-ratelimit-remaining-subscription-reads": "11939",
        "x-ms-request-id": "de2ec330-0a06-4923-912b-bfa124c91a96_M11CH3_M11CH3",
        "x-ms-routing-request-id": "SOUTHEASTASIA:20200806T014715Z:2e4ecee0-485c-46dd-acfe-998d60164564"
      },
      "ResponseBody": {
        "sku": {
          "name": "Standard",
          "tier": "Standard",
          "capacity": 1
        },
        "id": "/subscriptions/c9cbd920-c00c-427c-852b-8aaf38badaeb/resourceGroups/Default-EventHub-8894/providers/Microsoft.EventHub/namespaces/sdk-eventhub-Namespace-8951",
        "name": "sdk-eventhub-Namespace-8951",
        "type": "Microsoft.EventHub/Namespaces",
        "location": "Australia East",
        "tags": {},
        "properties": {
          "zoneRedundant": false,
          "isAutoInflateEnabled": false,
          "maximumThroughputUnits": 0,
          "kafkaEnabled": true,
          "provisioningState": "Created",
          "metricId": "c9cbd920-c00c-427c-852b-8aaf38badaeb:sdk-eventhub-namespace-8951",
          "createdAt": "2020-08-06T01:46:41.577Z",
          "updatedAt": "2020-08-06T01:46:41.577Z",
          "serviceBusEndpoint": "https://sdk-eventhub-Namespace-8951.servicebus.windows.net:443/",
          "status": "Activating"
        }
      }
    },
    {
      "RequestUri": "https://management.azure.com/subscriptions/c9cbd920-c00c-427c-852b-8aaf38badaeb/resourceGroups/Default-EventHub-8894/providers/Microsoft.EventHub/namespaces/sdk-eventhub-Namespace-8951?api-version=2018-01-01-preview",
      "RequestMethod": "GET",
      "RequestHeaders": {
        "Authorization": "Sanitized",
        "User-Agent": [
          "azsdk-net-ResourceManager.EventHubs/1.0.0-dev.20200804.1",
          "(.NET Core 4.6.28619.01; Microsoft Windows 10.0.19041 )"
        ],
        "x-ms-client-request-id": "56f1f4362db79c56a776cb63a44e7acd",
        "x-ms-return-client-request-id": "true"
      },
      "RequestBody": null,
      "StatusCode": 200,
      "ResponseHeaders": {
        "Cache-Control": "no-cache",
        "Content-Length": "744",
        "Content-Type": "application/json; charset=utf-8",
        "Date": "Thu, 06 Aug 2020 01:47:16 GMT",
        "Expires": "-1",
        "Pragma": "no-cache",
        "Server": [
          "Service-Bus-Resource-Provider/CH3",
          "Microsoft-HTTPAPI/2.0"
        ],
        "Server-SB": "Service-Bus-Resource-Provider/CH3",
        "Strict-Transport-Security": "max-age=31536000; includeSubDomains",
        "X-Content-Type-Options": "nosniff",
        "x-ms-client-request-id": "56f1f4362db79c56a776cb63a44e7acd",
        "x-ms-correlation-request-id": "6486c026-9551-4c20-8fdc-167fb69c4cbb",
        "x-ms-ratelimit-remaining-subscription-reads": "11938",
        "x-ms-request-id": "cbeaf7ba-0e81-4ee6-86d5-4f49c6ee403e_M11CH3_M11CH3",
        "x-ms-routing-request-id": "SOUTHEASTASIA:20200806T014717Z:6486c026-9551-4c20-8fdc-167fb69c4cbb"
      },
      "ResponseBody": {
        "sku": {
          "name": "Standard",
          "tier": "Standard",
          "capacity": 1
        },
        "id": "/subscriptions/c9cbd920-c00c-427c-852b-8aaf38badaeb/resourceGroups/Default-EventHub-8894/providers/Microsoft.EventHub/namespaces/sdk-eventhub-Namespace-8951",
        "name": "sdk-eventhub-Namespace-8951",
        "type": "Microsoft.EventHub/Namespaces",
        "location": "Australia East",
        "tags": {},
        "properties": {
          "zoneRedundant": false,
          "isAutoInflateEnabled": false,
          "maximumThroughputUnits": 0,
          "kafkaEnabled": true,
          "provisioningState": "Created",
          "metricId": "c9cbd920-c00c-427c-852b-8aaf38badaeb:sdk-eventhub-namespace-8951",
          "createdAt": "2020-08-06T01:46:41.577Z",
          "updatedAt": "2020-08-06T01:46:41.577Z",
          "serviceBusEndpoint": "https://sdk-eventhub-Namespace-8951.servicebus.windows.net:443/",
          "status": "Activating"
        }
      }
    },
    {
      "RequestUri": "https://management.azure.com/subscriptions/c9cbd920-c00c-427c-852b-8aaf38badaeb/resourceGroups/Default-EventHub-8894/providers/Microsoft.EventHub/namespaces/sdk-eventhub-Namespace-8951?api-version=2018-01-01-preview",
      "RequestMethod": "GET",
      "RequestHeaders": {
        "Authorization": "Sanitized",
        "User-Agent": [
          "azsdk-net-ResourceManager.EventHubs/1.0.0-dev.20200804.1",
          "(.NET Core 4.6.28619.01; Microsoft Windows 10.0.19041 )"
        ],
        "x-ms-client-request-id": "8c0d3155ed8bb14aaf7d03d313c58aae",
        "x-ms-return-client-request-id": "true"
      },
      "RequestBody": null,
      "StatusCode": 200,
      "ResponseHeaders": {
        "Cache-Control": "no-cache",
        "Content-Length": "744",
        "Content-Type": "application/json; charset=utf-8",
        "Date": "Thu, 06 Aug 2020 01:47:18 GMT",
        "Expires": "-1",
        "Pragma": "no-cache",
        "Server": [
          "Service-Bus-Resource-Provider/CH3",
          "Microsoft-HTTPAPI/2.0"
        ],
        "Server-SB": "Service-Bus-Resource-Provider/CH3",
        "Strict-Transport-Security": "max-age=31536000; includeSubDomains",
        "X-Content-Type-Options": "nosniff",
        "x-ms-client-request-id": "8c0d3155ed8bb14aaf7d03d313c58aae",
        "x-ms-correlation-request-id": "b113cb12-1875-40bc-b2a4-60d7b96b93da",
        "x-ms-ratelimit-remaining-subscription-reads": "11937",
        "x-ms-request-id": "30ffa29c-5197-4318-b49c-b69919f8f9b7_M11CH3_M11CH3",
        "x-ms-routing-request-id": "SOUTHEASTASIA:20200806T014718Z:b113cb12-1875-40bc-b2a4-60d7b96b93da"
      },
      "ResponseBody": {
        "sku": {
          "name": "Standard",
          "tier": "Standard",
          "capacity": 1
        },
        "id": "/subscriptions/c9cbd920-c00c-427c-852b-8aaf38badaeb/resourceGroups/Default-EventHub-8894/providers/Microsoft.EventHub/namespaces/sdk-eventhub-Namespace-8951",
        "name": "sdk-eventhub-Namespace-8951",
        "type": "Microsoft.EventHub/Namespaces",
        "location": "Australia East",
        "tags": {},
        "properties": {
          "zoneRedundant": false,
          "isAutoInflateEnabled": false,
          "maximumThroughputUnits": 0,
          "kafkaEnabled": true,
          "provisioningState": "Created",
          "metricId": "c9cbd920-c00c-427c-852b-8aaf38badaeb:sdk-eventhub-namespace-8951",
          "createdAt": "2020-08-06T01:46:41.577Z",
          "updatedAt": "2020-08-06T01:46:41.577Z",
          "serviceBusEndpoint": "https://sdk-eventhub-Namespace-8951.servicebus.windows.net:443/",
          "status": "Activating"
        }
      }
    },
    {
      "RequestUri": "https://management.azure.com/subscriptions/c9cbd920-c00c-427c-852b-8aaf38badaeb/resourceGroups/Default-EventHub-8894/providers/Microsoft.EventHub/namespaces/sdk-eventhub-Namespace-8951?api-version=2018-01-01-preview",
      "RequestMethod": "GET",
      "RequestHeaders": {
        "Authorization": "Sanitized",
        "User-Agent": [
          "azsdk-net-ResourceManager.EventHubs/1.0.0-dev.20200804.1",
          "(.NET Core 4.6.28619.01; Microsoft Windows 10.0.19041 )"
        ],
        "x-ms-client-request-id": "abe0b3aa211a5426d063743a237d51a4",
        "x-ms-return-client-request-id": "true"
      },
      "RequestBody": null,
      "StatusCode": 200,
      "ResponseHeaders": {
        "Cache-Control": "no-cache",
        "Content-Length": "744",
        "Content-Type": "application/json; charset=utf-8",
        "Date": "Thu, 06 Aug 2020 01:47:19 GMT",
        "Expires": "-1",
        "Pragma": "no-cache",
        "Server": [
          "Service-Bus-Resource-Provider/CH3",
          "Microsoft-HTTPAPI/2.0"
        ],
        "Server-SB": "Service-Bus-Resource-Provider/CH3",
        "Strict-Transport-Security": "max-age=31536000; includeSubDomains",
        "X-Content-Type-Options": "nosniff",
        "x-ms-client-request-id": "abe0b3aa211a5426d063743a237d51a4",
        "x-ms-correlation-request-id": "7344df97-27b8-4396-adc1-27df4d147d63",
        "x-ms-ratelimit-remaining-subscription-reads": "11936",
        "x-ms-request-id": "3e8c8593-7355-4c3e-a2a3-d435aa09a428_M10CH3_M10CH3",
        "x-ms-routing-request-id": "SOUTHEASTASIA:20200806T014720Z:7344df97-27b8-4396-adc1-27df4d147d63"
      },
      "ResponseBody": {
        "sku": {
          "name": "Standard",
          "tier": "Standard",
          "capacity": 1
        },
        "id": "/subscriptions/c9cbd920-c00c-427c-852b-8aaf38badaeb/resourceGroups/Default-EventHub-8894/providers/Microsoft.EventHub/namespaces/sdk-eventhub-Namespace-8951",
        "name": "sdk-eventhub-Namespace-8951",
        "type": "Microsoft.EventHub/Namespaces",
        "location": "Australia East",
        "tags": {},
        "properties": {
          "zoneRedundant": false,
          "isAutoInflateEnabled": false,
          "maximumThroughputUnits": 0,
          "kafkaEnabled": true,
          "provisioningState": "Created",
          "metricId": "c9cbd920-c00c-427c-852b-8aaf38badaeb:sdk-eventhub-namespace-8951",
          "createdAt": "2020-08-06T01:46:41.577Z",
          "updatedAt": "2020-08-06T01:46:41.577Z",
          "serviceBusEndpoint": "https://sdk-eventhub-Namespace-8951.servicebus.windows.net:443/",
          "status": "Activating"
        }
      }
    },
    {
      "RequestUri": "https://management.azure.com/subscriptions/c9cbd920-c00c-427c-852b-8aaf38badaeb/resourceGroups/Default-EventHub-8894/providers/Microsoft.EventHub/namespaces/sdk-eventhub-Namespace-8951?api-version=2018-01-01-preview",
      "RequestMethod": "GET",
      "RequestHeaders": {
        "Authorization": "Sanitized",
        "User-Agent": [
          "azsdk-net-ResourceManager.EventHubs/1.0.0-dev.20200804.1",
          "(.NET Core 4.6.28619.01; Microsoft Windows 10.0.19041 )"
        ],
        "x-ms-client-request-id": "809d05303ece4881aa40a63a298289e1",
        "x-ms-return-client-request-id": "true"
      },
      "RequestBody": null,
      "StatusCode": 200,
      "ResponseHeaders": {
        "Cache-Control": "no-cache",
        "Content-Length": "744",
        "Content-Type": "application/json; charset=utf-8",
        "Date": "Thu, 06 Aug 2020 01:47:22 GMT",
        "Expires": "-1",
        "Pragma": "no-cache",
        "Server": [
          "Service-Bus-Resource-Provider/CH3",
          "Microsoft-HTTPAPI/2.0"
        ],
        "Server-SB": "Service-Bus-Resource-Provider/CH3",
        "Strict-Transport-Security": "max-age=31536000; includeSubDomains",
        "X-Content-Type-Options": "nosniff",
        "x-ms-client-request-id": "809d05303ece4881aa40a63a298289e1",
        "x-ms-correlation-request-id": "bbbb1de4-0666-4408-967b-2b07c278d10b",
        "x-ms-ratelimit-remaining-subscription-reads": "11935",
        "x-ms-request-id": "e71853c4-46ac-4e2f-8cc1-32f82fb4cbc0_M4CH3_M4CH3",
        "x-ms-routing-request-id": "SOUTHEASTASIA:20200806T014722Z:bbbb1de4-0666-4408-967b-2b07c278d10b"
      },
      "ResponseBody": {
        "sku": {
          "name": "Standard",
          "tier": "Standard",
          "capacity": 1
        },
        "id": "/subscriptions/c9cbd920-c00c-427c-852b-8aaf38badaeb/resourceGroups/Default-EventHub-8894/providers/Microsoft.EventHub/namespaces/sdk-eventhub-Namespace-8951",
        "name": "sdk-eventhub-Namespace-8951",
        "type": "Microsoft.EventHub/Namespaces",
        "location": "Australia East",
        "tags": {},
        "properties": {
          "zoneRedundant": false,
          "isAutoInflateEnabled": false,
          "maximumThroughputUnits": 0,
          "kafkaEnabled": true,
          "provisioningState": "Created",
          "metricId": "c9cbd920-c00c-427c-852b-8aaf38badaeb:sdk-eventhub-namespace-8951",
          "createdAt": "2020-08-06T01:46:41.577Z",
          "updatedAt": "2020-08-06T01:46:41.577Z",
          "serviceBusEndpoint": "https://sdk-eventhub-Namespace-8951.servicebus.windows.net:443/",
          "status": "Activating"
        }
      }
    },
    {
      "RequestUri": "https://management.azure.com/subscriptions/c9cbd920-c00c-427c-852b-8aaf38badaeb/resourceGroups/Default-EventHub-8894/providers/Microsoft.EventHub/namespaces/sdk-eventhub-Namespace-8951?api-version=2018-01-01-preview",
      "RequestMethod": "GET",
      "RequestHeaders": {
        "Authorization": "Sanitized",
        "User-Agent": [
          "azsdk-net-ResourceManager.EventHubs/1.0.0-dev.20200804.1",
          "(.NET Core 4.6.28619.01; Microsoft Windows 10.0.19041 )"
        ],
        "x-ms-client-request-id": "f1b81cebcf6d33b30ab8bc27780f8d31",
        "x-ms-return-client-request-id": "true"
      },
      "RequestBody": null,
      "StatusCode": 200,
      "ResponseHeaders": {
        "Cache-Control": "no-cache",
        "Content-Length": "744",
        "Content-Type": "application/json; charset=utf-8",
        "Date": "Thu, 06 Aug 2020 01:47:23 GMT",
        "Expires": "-1",
        "Pragma": "no-cache",
        "Server": [
          "Service-Bus-Resource-Provider/CH3",
          "Microsoft-HTTPAPI/2.0"
        ],
        "Server-SB": "Service-Bus-Resource-Provider/CH3",
        "Strict-Transport-Security": "max-age=31536000; includeSubDomains",
        "X-Content-Type-Options": "nosniff",
        "x-ms-client-request-id": "f1b81cebcf6d33b30ab8bc27780f8d31",
        "x-ms-correlation-request-id": "b401d48e-7238-465c-8a30-2aeadd2c2686",
        "x-ms-ratelimit-remaining-subscription-reads": "11934",
        "x-ms-request-id": "679a913a-627e-473a-a47c-46b0ec0362fb_M11CH3_M11CH3",
        "x-ms-routing-request-id": "SOUTHEASTASIA:20200806T014724Z:b401d48e-7238-465c-8a30-2aeadd2c2686"
      },
      "ResponseBody": {
        "sku": {
          "name": "Standard",
          "tier": "Standard",
          "capacity": 1
        },
        "id": "/subscriptions/c9cbd920-c00c-427c-852b-8aaf38badaeb/resourceGroups/Default-EventHub-8894/providers/Microsoft.EventHub/namespaces/sdk-eventhub-Namespace-8951",
        "name": "sdk-eventhub-Namespace-8951",
        "type": "Microsoft.EventHub/Namespaces",
        "location": "Australia East",
        "tags": {},
        "properties": {
          "zoneRedundant": false,
          "isAutoInflateEnabled": false,
          "maximumThroughputUnits": 0,
          "kafkaEnabled": true,
          "provisioningState": "Created",
          "metricId": "c9cbd920-c00c-427c-852b-8aaf38badaeb:sdk-eventhub-namespace-8951",
          "createdAt": "2020-08-06T01:46:41.577Z",
          "updatedAt": "2020-08-06T01:46:41.577Z",
          "serviceBusEndpoint": "https://sdk-eventhub-Namespace-8951.servicebus.windows.net:443/",
          "status": "Activating"
        }
      }
    },
    {
      "RequestUri": "https://management.azure.com/subscriptions/c9cbd920-c00c-427c-852b-8aaf38badaeb/resourceGroups/Default-EventHub-8894/providers/Microsoft.EventHub/namespaces/sdk-eventhub-Namespace-8951?api-version=2018-01-01-preview",
      "RequestMethod": "GET",
      "RequestHeaders": {
        "Authorization": "Sanitized",
        "User-Agent": [
          "azsdk-net-ResourceManager.EventHubs/1.0.0-dev.20200804.1",
          "(.NET Core 4.6.28619.01; Microsoft Windows 10.0.19041 )"
        ],
        "x-ms-client-request-id": "0da25e2b0a276bdf329700d97aec2b4e",
        "x-ms-return-client-request-id": "true"
      },
      "RequestBody": null,
      "StatusCode": 200,
      "ResponseHeaders": {
        "Cache-Control": "no-cache",
        "Content-Length": "744",
        "Content-Type": "application/json; charset=utf-8",
        "Date": "Thu, 06 Aug 2020 01:47:25 GMT",
        "Expires": "-1",
        "Pragma": "no-cache",
        "Server": [
          "Service-Bus-Resource-Provider/CH3",
          "Microsoft-HTTPAPI/2.0"
        ],
        "Server-SB": "Service-Bus-Resource-Provider/CH3",
        "Strict-Transport-Security": "max-age=31536000; includeSubDomains",
        "X-Content-Type-Options": "nosniff",
        "x-ms-client-request-id": "0da25e2b0a276bdf329700d97aec2b4e",
        "x-ms-correlation-request-id": "ccffa7c0-26e4-444d-81b8-3d1a915d9add",
        "x-ms-ratelimit-remaining-subscription-reads": "11933",
        "x-ms-request-id": "ba77a635-551c-4aa8-8568-fbf79dae26d5_M11CH3_M11CH3",
        "x-ms-routing-request-id": "SOUTHEASTASIA:20200806T014726Z:ccffa7c0-26e4-444d-81b8-3d1a915d9add"
      },
      "ResponseBody": {
        "sku": {
          "name": "Standard",
          "tier": "Standard",
          "capacity": 1
        },
        "id": "/subscriptions/c9cbd920-c00c-427c-852b-8aaf38badaeb/resourceGroups/Default-EventHub-8894/providers/Microsoft.EventHub/namespaces/sdk-eventhub-Namespace-8951",
        "name": "sdk-eventhub-Namespace-8951",
        "type": "Microsoft.EventHub/Namespaces",
        "location": "Australia East",
        "tags": {},
        "properties": {
          "zoneRedundant": false,
          "isAutoInflateEnabled": false,
          "maximumThroughputUnits": 0,
          "kafkaEnabled": true,
          "provisioningState": "Created",
          "metricId": "c9cbd920-c00c-427c-852b-8aaf38badaeb:sdk-eventhub-namespace-8951",
          "createdAt": "2020-08-06T01:46:41.577Z",
          "updatedAt": "2020-08-06T01:46:41.577Z",
          "serviceBusEndpoint": "https://sdk-eventhub-Namespace-8951.servicebus.windows.net:443/",
          "status": "Activating"
        }
      }
    },
    {
      "RequestUri": "https://management.azure.com/subscriptions/c9cbd920-c00c-427c-852b-8aaf38badaeb/resourceGroups/Default-EventHub-8894/providers/Microsoft.EventHub/namespaces/sdk-eventhub-Namespace-8951?api-version=2018-01-01-preview",
      "RequestMethod": "GET",
      "RequestHeaders": {
        "Authorization": "Sanitized",
        "User-Agent": [
          "azsdk-net-ResourceManager.EventHubs/1.0.0-dev.20200804.1",
          "(.NET Core 4.6.28619.01; Microsoft Windows 10.0.19041 )"
        ],
        "x-ms-client-request-id": "064e93da60c46137526a75168259cf9b",
        "x-ms-return-client-request-id": "true"
      },
      "RequestBody": null,
      "StatusCode": 200,
      "ResponseHeaders": {
        "Cache-Control": "no-cache",
        "Content-Length": "744",
        "Content-Type": "application/json; charset=utf-8",
        "Date": "Thu, 06 Aug 2020 01:47:26 GMT",
        "Expires": "-1",
        "Pragma": "no-cache",
        "Server": [
          "Service-Bus-Resource-Provider/CH3",
          "Microsoft-HTTPAPI/2.0"
        ],
        "Server-SB": "Service-Bus-Resource-Provider/CH3",
        "Strict-Transport-Security": "max-age=31536000; includeSubDomains",
        "X-Content-Type-Options": "nosniff",
        "x-ms-client-request-id": "064e93da60c46137526a75168259cf9b",
        "x-ms-correlation-request-id": "6ea401fe-ffd9-4aa3-9dfa-7d2c3a3cc995",
        "x-ms-ratelimit-remaining-subscription-reads": "11932",
        "x-ms-request-id": "79a7b715-7e63-42f2-8802-5e2ea313ea8f_M11CH3_M11CH3",
        "x-ms-routing-request-id": "SOUTHEASTASIA:20200806T014727Z:6ea401fe-ffd9-4aa3-9dfa-7d2c3a3cc995"
      },
      "ResponseBody": {
        "sku": {
          "name": "Standard",
          "tier": "Standard",
          "capacity": 1
        },
        "id": "/subscriptions/c9cbd920-c00c-427c-852b-8aaf38badaeb/resourceGroups/Default-EventHub-8894/providers/Microsoft.EventHub/namespaces/sdk-eventhub-Namespace-8951",
        "name": "sdk-eventhub-Namespace-8951",
        "type": "Microsoft.EventHub/Namespaces",
        "location": "Australia East",
        "tags": {},
        "properties": {
          "zoneRedundant": false,
          "isAutoInflateEnabled": false,
          "maximumThroughputUnits": 0,
          "kafkaEnabled": true,
          "provisioningState": "Created",
          "metricId": "c9cbd920-c00c-427c-852b-8aaf38badaeb:sdk-eventhub-namespace-8951",
          "createdAt": "2020-08-06T01:46:41.577Z",
          "updatedAt": "2020-08-06T01:46:41.577Z",
          "serviceBusEndpoint": "https://sdk-eventhub-Namespace-8951.servicebus.windows.net:443/",
          "status": "Activating"
        }
      }
    },
    {
      "RequestUri": "https://management.azure.com/subscriptions/c9cbd920-c00c-427c-852b-8aaf38badaeb/resourceGroups/Default-EventHub-8894/providers/Microsoft.EventHub/namespaces/sdk-eventhub-Namespace-8951?api-version=2018-01-01-preview",
      "RequestMethod": "GET",
      "RequestHeaders": {
        "Authorization": "Sanitized",
        "User-Agent": [
          "azsdk-net-ResourceManager.EventHubs/1.0.0-dev.20200804.1",
          "(.NET Core 4.6.28619.01; Microsoft Windows 10.0.19041 )"
        ],
        "x-ms-client-request-id": "cb0e75b27bdfe1b93c4dbfd6cfd9b91d",
        "x-ms-return-client-request-id": "true"
      },
      "RequestBody": null,
      "StatusCode": 200,
      "ResponseHeaders": {
        "Cache-Control": "no-cache",
        "Content-Length": "744",
        "Content-Type": "application/json; charset=utf-8",
        "Date": "Thu, 06 Aug 2020 01:47:28 GMT",
        "Expires": "-1",
        "Pragma": "no-cache",
        "Server": [
          "Service-Bus-Resource-Provider/CH3",
          "Microsoft-HTTPAPI/2.0"
        ],
        "Server-SB": "Service-Bus-Resource-Provider/CH3",
        "Strict-Transport-Security": "max-age=31536000; includeSubDomains",
        "X-Content-Type-Options": "nosniff",
        "x-ms-client-request-id": "cb0e75b27bdfe1b93c4dbfd6cfd9b91d",
        "x-ms-correlation-request-id": "9628c8f9-4f0b-442e-b13d-bd90b4540bb1",
        "x-ms-ratelimit-remaining-subscription-reads": "11931",
        "x-ms-request-id": "34557a14-ac01-46ed-b99e-69ac628a2dd4_M11CH3_M11CH3",
        "x-ms-routing-request-id": "SOUTHEASTASIA:20200806T014728Z:9628c8f9-4f0b-442e-b13d-bd90b4540bb1"
      },
      "ResponseBody": {
        "sku": {
          "name": "Standard",
          "tier": "Standard",
          "capacity": 1
        },
        "id": "/subscriptions/c9cbd920-c00c-427c-852b-8aaf38badaeb/resourceGroups/Default-EventHub-8894/providers/Microsoft.EventHub/namespaces/sdk-eventhub-Namespace-8951",
        "name": "sdk-eventhub-Namespace-8951",
        "type": "Microsoft.EventHub/Namespaces",
        "location": "Australia East",
        "tags": {},
        "properties": {
          "zoneRedundant": false,
          "isAutoInflateEnabled": false,
          "maximumThroughputUnits": 0,
          "kafkaEnabled": true,
          "provisioningState": "Created",
          "metricId": "c9cbd920-c00c-427c-852b-8aaf38badaeb:sdk-eventhub-namespace-8951",
          "createdAt": "2020-08-06T01:46:41.577Z",
          "updatedAt": "2020-08-06T01:46:41.577Z",
          "serviceBusEndpoint": "https://sdk-eventhub-Namespace-8951.servicebus.windows.net:443/",
          "status": "Activating"
        }
      }
    },
    {
      "RequestUri": "https://management.azure.com/subscriptions/c9cbd920-c00c-427c-852b-8aaf38badaeb/resourceGroups/Default-EventHub-8894/providers/Microsoft.EventHub/namespaces/sdk-eventhub-Namespace-8951?api-version=2018-01-01-preview",
      "RequestMethod": "GET",
      "RequestHeaders": {
        "Authorization": "Sanitized",
        "User-Agent": [
          "azsdk-net-ResourceManager.EventHubs/1.0.0-dev.20200804.1",
          "(.NET Core 4.6.28619.01; Microsoft Windows 10.0.19041 )"
        ],
        "x-ms-client-request-id": "e54d6e8d87c0cb6c2741babd94c9e9d8",
        "x-ms-return-client-request-id": "true"
      },
      "RequestBody": null,
      "StatusCode": 200,
      "ResponseHeaders": {
        "Cache-Control": "no-cache",
        "Content-Length": "742",
        "Content-Type": "application/json; charset=utf-8",
        "Date": "Thu, 06 Aug 2020 01:47:29 GMT",
        "Expires": "-1",
        "Pragma": "no-cache",
        "Server": [
          "Service-Bus-Resource-Provider/CH3",
          "Microsoft-HTTPAPI/2.0"
        ],
        "Server-SB": "Service-Bus-Resource-Provider/CH3",
        "Strict-Transport-Security": "max-age=31536000; includeSubDomains",
        "X-Content-Type-Options": "nosniff",
        "x-ms-client-request-id": "e54d6e8d87c0cb6c2741babd94c9e9d8",
        "x-ms-correlation-request-id": "e699198c-7cec-4b8b-a795-b8c8a7afbf96",
        "x-ms-ratelimit-remaining-subscription-reads": "11930",
        "x-ms-request-id": "123a5471-faf8-4117-8fc2-4550c93e4805_M10CH3_M10CH3",
        "x-ms-routing-request-id": "SOUTHEASTASIA:20200806T014730Z:e699198c-7cec-4b8b-a795-b8c8a7afbf96"
      },
      "ResponseBody": {
        "sku": {
          "name": "Standard",
          "tier": "Standard",
          "capacity": 1
        },
        "id": "/subscriptions/c9cbd920-c00c-427c-852b-8aaf38badaeb/resourceGroups/Default-EventHub-8894/providers/Microsoft.EventHub/namespaces/sdk-eventhub-Namespace-8951",
        "name": "sdk-eventhub-Namespace-8951",
        "type": "Microsoft.EventHub/Namespaces",
        "location": "Australia East",
        "tags": {},
        "properties": {
          "zoneRedundant": false,
          "isAutoInflateEnabled": false,
          "maximumThroughputUnits": 0,
          "kafkaEnabled": true,
          "provisioningState": "Succeeded",
          "metricId": "c9cbd920-c00c-427c-852b-8aaf38badaeb:sdk-eventhub-namespace-8951",
          "createdAt": "2020-08-06T01:46:41.577Z",
          "updatedAt": "2020-08-06T01:47:29.523Z",
          "serviceBusEndpoint": "https://sdk-eventhub-Namespace-8951.servicebus.windows.net:443/",
          "status": "Active"
        }
      }
    },
    {
      "RequestUri": "https://management.azure.com/subscriptions/c9cbd920-c00c-427c-852b-8aaf38badaeb/resourceGroups/Default-EventHub-8894/providers/Microsoft.EventHub/namespaces/sdk-eventhub-Namespace-8951?api-version=2018-01-01-preview",
      "RequestMethod": "GET",
      "RequestHeaders": {
        "Authorization": "Sanitized",
        "traceparent": "00-41620e1c55ebf146b2b89a04c2ed20eb-10ea68d0fed9a54a-00",
        "User-Agent": [
          "azsdk-net-ResourceManager.EventHubs/1.0.0-dev.20200804.1",
          "(.NET Core 4.6.28619.01; Microsoft Windows 10.0.19041 )"
        ],
        "x-ms-client-request-id": "052665c75fde5e6ed96dca77a0609279",
        "x-ms-return-client-request-id": "true"
      },
      "RequestBody": null,
      "StatusCode": 200,
      "ResponseHeaders": {
        "Cache-Control": "no-cache",
        "Content-Length": "742",
        "Content-Type": "application/json; charset=utf-8",
        "Date": "Thu, 06 Aug 2020 01:47:29 GMT",
        "Expires": "-1",
        "Pragma": "no-cache",
        "Server": [
          "Service-Bus-Resource-Provider/CH3",
          "Microsoft-HTTPAPI/2.0"
        ],
        "Server-SB": "Service-Bus-Resource-Provider/CH3",
        "Strict-Transport-Security": "max-age=31536000; includeSubDomains",
        "X-Content-Type-Options": "nosniff",
        "x-ms-client-request-id": "052665c75fde5e6ed96dca77a0609279",
        "x-ms-correlation-request-id": "eefaec59-5557-4918-8a87-742ac119d91e",
        "x-ms-ratelimit-remaining-subscription-reads": "11929",
        "x-ms-request-id": "104129e8-06f8-4cc5-9200-791ec731d94e_M10CH3_M10CH3",
        "x-ms-routing-request-id": "SOUTHEASTASIA:20200806T014730Z:eefaec59-5557-4918-8a87-742ac119d91e"
      },
      "ResponseBody": {
        "sku": {
          "name": "Standard",
          "tier": "Standard",
          "capacity": 1
        },
        "id": "/subscriptions/c9cbd920-c00c-427c-852b-8aaf38badaeb/resourceGroups/Default-EventHub-8894/providers/Microsoft.EventHub/namespaces/sdk-eventhub-Namespace-8951",
        "name": "sdk-eventhub-Namespace-8951",
        "type": "Microsoft.EventHub/Namespaces",
        "location": "Australia East",
        "tags": {},
        "properties": {
          "zoneRedundant": false,
          "isAutoInflateEnabled": false,
          "maximumThroughputUnits": 0,
          "kafkaEnabled": true,
          "provisioningState": "Succeeded",
          "metricId": "c9cbd920-c00c-427c-852b-8aaf38badaeb:sdk-eventhub-namespace-8951",
          "createdAt": "2020-08-06T01:46:41.577Z",
          "updatedAt": "2020-08-06T01:47:29.523Z",
          "serviceBusEndpoint": "https://sdk-eventhub-Namespace-8951.servicebus.windows.net:443/",
          "status": "Active"
        }
      }
    },
    {
      "RequestUri": "https://management.azure.com/subscriptions/c9cbd920-c00c-427c-852b-8aaf38badaeb/resourceGroups/Default-EventHub-8894/providers/Microsoft.EventHub/namespaces/sdk-eventhub-Namespace-8951?api-version=2018-01-01-preview",
      "RequestMethod": "GET",
      "RequestHeaders": {
        "Authorization": "Sanitized",
        "traceparent": "00-880fa32817194848813dee75fe17dad3-96c5fba287c72548-00",
        "User-Agent": [
          "azsdk-net-ResourceManager.EventHubs/1.0.0-dev.20200804.1",
          "(.NET Core 4.6.28619.01; Microsoft Windows 10.0.19041 )"
        ],
        "x-ms-client-request-id": "148957b0ea0c2bda0842a39ec0fc4c73",
        "x-ms-return-client-request-id": "true"
      },
      "RequestBody": null,
      "StatusCode": 200,
      "ResponseHeaders": {
        "Cache-Control": "no-cache",
        "Content-Length": "742",
        "Content-Type": "application/json; charset=utf-8",
        "Date": "Thu, 06 Aug 2020 01:47:30 GMT",
        "Expires": "-1",
        "Pragma": "no-cache",
        "Server": [
          "Service-Bus-Resource-Provider/CH3",
          "Microsoft-HTTPAPI/2.0"
        ],
        "Server-SB": "Service-Bus-Resource-Provider/CH3",
        "Strict-Transport-Security": "max-age=31536000; includeSubDomains",
        "X-Content-Type-Options": "nosniff",
        "x-ms-client-request-id": "148957b0ea0c2bda0842a39ec0fc4c73",
        "x-ms-correlation-request-id": "68c551bd-9567-4c77-9cee-189c117ed1b5",
        "x-ms-ratelimit-remaining-subscription-reads": "11928",
        "x-ms-request-id": "e43e953a-a9a0-46af-b7d4-4d25bbd989a7_M11CH3_M11CH3",
        "x-ms-routing-request-id": "SOUTHEASTASIA:20200806T014731Z:68c551bd-9567-4c77-9cee-189c117ed1b5"
      },
      "ResponseBody": {
        "sku": {
          "name": "Standard",
          "tier": "Standard",
          "capacity": 1
        },
        "id": "/subscriptions/c9cbd920-c00c-427c-852b-8aaf38badaeb/resourceGroups/Default-EventHub-8894/providers/Microsoft.EventHub/namespaces/sdk-eventhub-Namespace-8951",
        "name": "sdk-eventhub-Namespace-8951",
        "type": "Microsoft.EventHub/Namespaces",
        "location": "Australia East",
        "tags": {},
        "properties": {
          "zoneRedundant": false,
          "isAutoInflateEnabled": false,
          "maximumThroughputUnits": 0,
          "kafkaEnabled": true,
          "provisioningState": "Succeeded",
          "metricId": "c9cbd920-c00c-427c-852b-8aaf38badaeb:sdk-eventhub-namespace-8951",
          "createdAt": "2020-08-06T01:46:41.577Z",
          "updatedAt": "2020-08-06T01:47:29.523Z",
          "serviceBusEndpoint": "https://sdk-eventhub-Namespace-8951.servicebus.windows.net:443/",
          "status": "Active"
        }
      }
    },
    {
      "RequestUri": "https://management.azure.com/subscriptions/c9cbd920-c00c-427c-852b-8aaf38badaeb/resourceGroups/Default-EventHub-8894/providers/Microsoft.EventHub/namespaces?api-version=2018-01-01-preview",
      "RequestMethod": "GET",
      "RequestHeaders": {
        "Authorization": "Sanitized",
        "User-Agent": [
          "azsdk-net-ResourceManager.EventHubs/1.0.0-dev.20200804.1",
          "(.NET Core 4.6.28619.01; Microsoft Windows 10.0.19041 )"
        ],
        "x-ms-client-request-id": "690ee663b3b22d3fffee0b53bcf42ac6",
        "x-ms-return-client-request-id": "true"
      },
      "RequestBody": null,
      "StatusCode": 200,
      "ResponseHeaders": {
        "Cache-Control": "no-cache",
        "Content-Length": "754",
        "Content-Type": "application/json; charset=utf-8",
        "Date": "Thu, 06 Aug 2020 01:47:30 GMT",
        "Expires": "-1",
        "Pragma": "no-cache",
        "Server": [
          "Service-Bus-Resource-Provider/CH3",
          "Microsoft-HTTPAPI/2.0"
        ],
        "Server-SB": "Service-Bus-Resource-Provider/CH3",
        "Strict-Transport-Security": "max-age=31536000; includeSubDomains",
        "X-Content-Type-Options": "nosniff",
        "x-ms-client-request-id": "690ee663b3b22d3fffee0b53bcf42ac6",
        "x-ms-correlation-request-id": "9db8d4bb-9245-4226-8071-185f168bfebb",
        "x-ms-ratelimit-remaining-subscription-reads": "11927",
        "x-ms-request-id": "bde2014f-2218-415c-91a0-865d8d3b4fe7_M11CH3_M11CH3",
        "x-ms-routing-request-id": "SOUTHEASTASIA:20200806T014731Z:9db8d4bb-9245-4226-8071-185f168bfebb"
      },
      "ResponseBody": {
        "value": [
          {
            "sku": {
              "name": "Standard",
              "tier": "Standard",
              "capacity": 1
            },
            "id": "/subscriptions/c9cbd920-c00c-427c-852b-8aaf38badaeb/resourceGroups/Default-EventHub-8894/providers/Microsoft.EventHub/namespaces/sdk-eventhub-Namespace-8951",
            "name": "sdk-eventhub-Namespace-8951",
            "type": "Microsoft.EventHub/Namespaces",
            "location": "Australia East",
            "tags": {},
            "properties": {
              "zoneRedundant": false,
              "isAutoInflateEnabled": false,
              "maximumThroughputUnits": 0,
              "kafkaEnabled": true,
              "provisioningState": "Succeeded",
              "metricId": "c9cbd920-c00c-427c-852b-8aaf38badaeb:sdk-eventhub-namespace-8951",
              "createdAt": "2020-08-06T01:46:41.577Z",
              "updatedAt": "2020-08-06T01:47:29.523Z",
              "serviceBusEndpoint": "https://sdk-eventhub-Namespace-8951.servicebus.windows.net:443/",
              "status": "Active"
            }
          }
        ]
      }
    },
    {
      "RequestUri": "https://management.azure.com/subscriptions/c9cbd920-c00c-427c-852b-8aaf38badaeb/resourceGroups/Default-EventHub-8894/providers/Microsoft.EventHub/namespaces/sdk-eventhub-Namespace-8951?api-version=2018-01-01-preview",
      "RequestMethod": "PATCH",
      "RequestHeaders": {
        "Authorization": "Sanitized",
        "Content-Length": "58",
        "Content-Type": "application/json",
        "traceparent": "00-8f8d0e5726e9bd47bad4d04004af5d1b-4169b02df14cb04f-00",
        "User-Agent": [
          "azsdk-net-ResourceManager.EventHubs/1.0.0-dev.20200804.1",
          "(.NET Core 4.6.28619.01; Microsoft Windows 10.0.19041 )"
        ],
        "x-ms-client-request-id": "3c0c41afd53fddcc8afbfc9bbbcf9ddd",
        "x-ms-return-client-request-id": "true"
      },
      "RequestBody": {
        "tags": {
          "tag3": "value3",
          "tag4": "value4"
        },
        "properties": {}
      },
      "StatusCode": 200,
      "ResponseHeaders": {
        "Cache-Control": "no-cache",
        "Content-Length": "776",
        "Content-Type": "application/json; charset=utf-8",
        "Date": "Thu, 06 Aug 2020 01:47:33 GMT",
        "Expires": "-1",
        "Pragma": "no-cache",
        "Server": [
          "Service-Bus-Resource-Provider/CH3",
          "Microsoft-HTTPAPI/2.0"
        ],
        "Server-SB": "Service-Bus-Resource-Provider/CH3",
        "Strict-Transport-Security": "max-age=31536000; includeSubDomains",
        "X-Content-Type-Options": "nosniff",
        "x-ms-client-request-id": "3c0c41afd53fddcc8afbfc9bbbcf9ddd",
        "x-ms-correlation-request-id": "2d2b59e3-a4a0-41eb-8ad5-8a71b088bb54",
        "x-ms-ratelimit-remaining-subscription-resource-requests": "47",
        "x-ms-request-id": "46aba51c-9f22-46e6-b443-e02cd24705eb_M11CH3_M11CH3",
        "x-ms-routing-request-id": "SOUTHEASTASIA:20200806T014734Z:2d2b59e3-a4a0-41eb-8ad5-8a71b088bb54"
      },
      "ResponseBody": {
        "sku": {
          "name": "Standard",
          "tier": "Standard",
          "capacity": 1
        },
        "id": "/subscriptions/c9cbd920-c00c-427c-852b-8aaf38badaeb/resourceGroups/Default-EventHub-8894/providers/Microsoft.EventHub/namespaces/sdk-eventhub-Namespace-8951",
        "name": "sdk-eventhub-Namespace-8951",
        "type": "Microsoft.EventHub/Namespaces",
        "location": "Australia East",
        "tags": {
          "tag3": "value3",
          "tag4": "value4"
        },
        "properties": {
          "zoneRedundant": false,
          "isAutoInflateEnabled": false,
          "maximumThroughputUnits": 0,
          "kafkaEnabled": true,
          "provisioningState": "Updating",
          "metricId": "c9cbd920-c00c-427c-852b-8aaf38badaeb:sdk-eventhub-namespace-8951",
          "createdAt": "2020-08-06T01:46:41.577Z",
          "updatedAt": "2020-08-06T01:47:32.327Z",
          "serviceBusEndpoint": "https://sdk-eventhub-Namespace-8951.servicebus.windows.net:443/",
          "status": "Activating"
        }
      }
    },
    {
      "RequestUri": "https://management.azure.com/subscriptions/c9cbd920-c00c-427c-852b-8aaf38badaeb/resourceGroups/Default-EventHub-8894/providers/Microsoft.EventHub/namespaces/sdk-eventhub-Namespace-8951?api-version=2018-01-01-preview",
      "RequestMethod": "GET",
      "RequestHeaders": {
        "Authorization": "Sanitized",
        "traceparent": "00-7a7f9289450eb94da03b12946b8964ea-4494efb33c01e74b-00",
        "User-Agent": [
          "azsdk-net-ResourceManager.EventHubs/1.0.0-dev.20200804.1",
          "(.NET Core 4.6.28619.01; Microsoft Windows 10.0.19041 )"
        ],
        "x-ms-client-request-id": "ba1356202852fdc6175b141ede876e14",
        "x-ms-return-client-request-id": "true"
      },
      "RequestBody": null,
      "StatusCode": 200,
      "ResponseHeaders": {
        "Cache-Control": "no-cache",
        "Content-Length": "776",
        "Content-Type": "application/json; charset=utf-8",
        "Date": "Thu, 06 Aug 2020 01:47:33 GMT",
        "Expires": "-1",
        "Pragma": "no-cache",
        "Server": [
          "Service-Bus-Resource-Provider/CH3",
          "Microsoft-HTTPAPI/2.0"
        ],
        "Server-SB": "Service-Bus-Resource-Provider/CH3",
        "Strict-Transport-Security": "max-age=31536000; includeSubDomains",
        "X-Content-Type-Options": "nosniff",
        "x-ms-client-request-id": "ba1356202852fdc6175b141ede876e14",
        "x-ms-correlation-request-id": "1d6a52df-e444-4d99-89c8-59a67038b8f9",
        "x-ms-ratelimit-remaining-subscription-reads": "11926",
        "x-ms-request-id": "01d47ea5-9374-40d5-a6e0-a353f7115df7_M11CH3_M11CH3",
        "x-ms-routing-request-id": "SOUTHEASTASIA:20200806T014734Z:1d6a52df-e444-4d99-89c8-59a67038b8f9"
      },
      "ResponseBody": {
        "sku": {
          "name": "Standard",
          "tier": "Standard",
          "capacity": 1
        },
        "id": "/subscriptions/c9cbd920-c00c-427c-852b-8aaf38badaeb/resourceGroups/Default-EventHub-8894/providers/Microsoft.EventHub/namespaces/sdk-eventhub-Namespace-8951",
        "name": "sdk-eventhub-Namespace-8951",
        "type": "Microsoft.EventHub/Namespaces",
        "location": "Australia East",
        "tags": {
          "tag3": "value3",
          "tag4": "value4"
        },
        "properties": {
          "zoneRedundant": false,
          "isAutoInflateEnabled": false,
          "maximumThroughputUnits": 0,
          "kafkaEnabled": true,
          "provisioningState": "Updating",
          "metricId": "c9cbd920-c00c-427c-852b-8aaf38badaeb:sdk-eventhub-namespace-8951",
          "createdAt": "2020-08-06T01:46:41.577Z",
          "updatedAt": "2020-08-06T01:47:32.327Z",
          "serviceBusEndpoint": "https://sdk-eventhub-Namespace-8951.servicebus.windows.net:443/",
          "status": "Activating"
        }
      }
    },
    {
      "RequestUri": "https://management.azure.com/subscriptions/c9cbd920-c00c-427c-852b-8aaf38badaeb/resourceGroups/Default-EventHub-8894/providers/Microsoft.EventHub/namespaces/sdk-eventhub-Namespace-8951?api-version=2018-01-01-preview",
      "RequestMethod": "DELETE",
      "RequestHeaders": {
        "Authorization": "Sanitized",
        "traceparent": "00-415066ca372ae147a05c38630b348b7d-ceb173b951411e49-00",
        "User-Agent": [
          "azsdk-net-ResourceManager.EventHubs/1.0.0-dev.20200804.1",
          "(.NET Core 4.6.28619.01; Microsoft Windows 10.0.19041 )"
        ],
        "x-ms-client-request-id": "7fefdd1810ef8e331a31deb7b7a47130",
        "x-ms-return-client-request-id": "true"
      },
      "RequestBody": null,
      "StatusCode": 202,
      "ResponseHeaders": {
        "Cache-Control": "no-cache",
        "Content-Length": "0",
        "Date": "Thu, 06 Aug 2020 01:47:36 GMT",
        "Expires": "-1",
        "Location": "https://management.azure.com/subscriptions/c9cbd920-c00c-427c-852b-8aaf38badaeb/resourceGroups/Default-EventHub-8894/providers/Microsoft.EventHub/namespaces/sdk-eventhub-Namespace-8951/operationresults/sdk-eventhub-Namespace-8951?api-version=2018-01-01-preview",
        "Pragma": "no-cache",
        "Server": [
          "Service-Bus-Resource-Provider/CH3",
          "Microsoft-HTTPAPI/2.0"
        ],
        "Server-SB": "Service-Bus-Resource-Provider/CH3",
        "Strict-Transport-Security": "max-age=31536000; includeSubDomains",
        "X-Content-Type-Options": "nosniff",
        "x-ms-client-request-id": "7fefdd1810ef8e331a31deb7b7a47130",
        "x-ms-correlation-request-id": "c0a905a4-cf6e-403b-ac73-cd57ba439d93",
        "x-ms-ratelimit-remaining-subscription-deletes": "14999",
        "x-ms-request-id": "39e3a936-6af8-4555-8527-54efbdae3cfe_M11CH3_M11CH3",
        "x-ms-routing-request-id": "SOUTHEASTASIA:20200806T014737Z:c0a905a4-cf6e-403b-ac73-cd57ba439d93"
      },
      "ResponseBody": []
    },
    {
      "RequestUri": "https://management.azure.com/subscriptions/c9cbd920-c00c-427c-852b-8aaf38badaeb/resourceGroups/Default-EventHub-8894/providers/Microsoft.EventHub/namespaces/sdk-eventhub-Namespace-8951/operationresults/sdk-eventhub-Namespace-8951?api-version=2018-01-01-preview",
      "RequestMethod": "GET",
      "RequestHeaders": {
        "Authorization": "Sanitized",
        "User-Agent": [
          "azsdk-net-ResourceManager.EventHubs/1.0.0-dev.20200804.1",
          "(.NET Core 4.6.28619.01; Microsoft Windows 10.0.19041 )"
        ],
        "x-ms-client-request-id": "de83e88c1ee010ee23859f20490f4573",
        "x-ms-return-client-request-id": "true"
      },
      "RequestBody": null,
      "StatusCode": 202,
      "ResponseHeaders": {
        "Cache-Control": "no-cache",
        "Content-Length": "774",
        "Content-Type": "application/json; charset=utf-8",
        "Date": "Thu, 06 Aug 2020 01:47:36 GMT",
        "Expires": "-1",
        "Location": "https://management.azure.com/subscriptions/c9cbd920-c00c-427c-852b-8aaf38badaeb/resourceGroups/Default-EventHub-8894/providers/Microsoft.EventHub/namespaces/sdk-eventhub-Namespace-8951/operationresults/sdk-eventhub-Namespace-8951?api-version=2018-01-01-preview",
        "Pragma": "no-cache",
        "Retry-After": "43",
        "Server": [
          "Service-Bus-Resource-Provider/CH3",
          "Microsoft-HTTPAPI/2.0"
        ],
        "Server-SB": "Service-Bus-Resource-Provider/CH3",
        "Strict-Transport-Security": "max-age=31536000; includeSubDomains",
        "X-Content-Type-Options": "nosniff",
        "x-ms-client-request-id": "de83e88c1ee010ee23859f20490f4573",
        "x-ms-correlation-request-id": "30ddb412-1d21-4e0d-b60a-cc5dd97868d0",
        "x-ms-ratelimit-remaining-subscription-reads": "11925",
        "x-ms-request-id": "bc0b87fb-e234-4df8-bbcd-90ec934b6536_M11CH3_M11CH3",
        "x-ms-routing-request-id": "SOUTHEASTASIA:20200806T014737Z:30ddb412-1d21-4e0d-b60a-cc5dd97868d0"
      },
      "ResponseBody": {
        "sku": {
          "name": "Standard",
          "tier": "Standard",
          "capacity": 1
        },
        "id": "/subscriptions/c9cbd920-c00c-427c-852b-8aaf38badaeb/resourceGroups/Default-EventHub-8894/providers/Microsoft.EventHub/namespaces/sdk-eventhub-Namespace-8951",
        "name": "sdk-eventhub-Namespace-8951",
        "type": "Microsoft.EventHub/Namespaces",
        "location": "Australia East",
        "tags": {
          "tag3": "value3",
          "tag4": "value4"
        },
        "properties": {
          "zoneRedundant": false,
          "isAutoInflateEnabled": false,
          "maximumThroughputUnits": 0,
          "kafkaEnabled": true,
          "provisioningState": "Succeeded",
          "metricId": "c9cbd920-c00c-427c-852b-8aaf38badaeb:sdk-eventhub-namespace-8951",
          "createdAt": "2020-08-06T01:46:41.577Z",
          "updatedAt": "2020-08-06T01:47:36.62Z",
          "serviceBusEndpoint": "https://sdk-eventhub-Namespace-8951.servicebus.windows.net:443/",
          "status": "Removing"
        }
      }
    },
    {
      "RequestUri": "https://management.azure.com/subscriptions/c9cbd920-c00c-427c-852b-8aaf38badaeb/resourceGroups/Default-EventHub-8894/providers/Microsoft.EventHub/namespaces/sdk-eventhub-Namespace-8951/operationresults/sdk-eventhub-Namespace-8951?api-version=2018-01-01-preview",
      "RequestMethod": "GET",
      "RequestHeaders": {
        "Authorization": "Sanitized",
        "User-Agent": [
          "azsdk-net-ResourceManager.EventHubs/1.0.0-dev.20200804.1",
          "(.NET Core 4.6.28619.01; Microsoft Windows 10.0.19041 )"
        ],
        "x-ms-client-request-id": "b0cee4e90854a733686704dfea4fcd6c",
        "x-ms-return-client-request-id": "true"
      },
      "RequestBody": null,
      "StatusCode": 202,
      "ResponseHeaders": {
        "Cache-Control": "no-cache",
        "Content-Length": "774",
        "Content-Type": "application/json; charset=utf-8",
        "Date": "Thu, 06 Aug 2020 01:47:38 GMT",
        "Expires": "-1",
        "Location": "https://management.azure.com/subscriptions/c9cbd920-c00c-427c-852b-8aaf38badaeb/resourceGroups/Default-EventHub-8894/providers/Microsoft.EventHub/namespaces/sdk-eventhub-Namespace-8951/operationresults/sdk-eventhub-Namespace-8951?api-version=2018-01-01-preview",
        "Pragma": "no-cache",
        "Retry-After": "42",
        "Server": [
          "Service-Bus-Resource-Provider/CH3",
          "Microsoft-HTTPAPI/2.0"
        ],
        "Server-SB": "Service-Bus-Resource-Provider/CH3",
        "Strict-Transport-Security": "max-age=31536000; includeSubDomains",
        "X-Content-Type-Options": "nosniff",
        "x-ms-client-request-id": "b0cee4e90854a733686704dfea4fcd6c",
        "x-ms-correlation-request-id": "e8b98ad2-ca3b-4c59-93b5-ba430d248dcb",
        "x-ms-ratelimit-remaining-subscription-reads": "11924",
        "x-ms-request-id": "140b4c51-6084-4899-a86f-5073b8da0dd2_M11CH3_M11CH3",
        "x-ms-routing-request-id": "SOUTHEASTASIA:20200806T014739Z:e8b98ad2-ca3b-4c59-93b5-ba430d248dcb"
      },
      "ResponseBody": {
        "sku": {
          "name": "Standard",
          "tier": "Standard",
          "capacity": 1
        },
        "id": "/subscriptions/c9cbd920-c00c-427c-852b-8aaf38badaeb/resourceGroups/Default-EventHub-8894/providers/Microsoft.EventHub/namespaces/sdk-eventhub-Namespace-8951",
        "name": "sdk-eventhub-Namespace-8951",
        "type": "Microsoft.EventHub/Namespaces",
        "location": "Australia East",
        "tags": {
          "tag3": "value3",
          "tag4": "value4"
        },
        "properties": {
          "zoneRedundant": false,
          "isAutoInflateEnabled": false,
          "maximumThroughputUnits": 0,
          "kafkaEnabled": true,
          "provisioningState": "Succeeded",
          "metricId": "c9cbd920-c00c-427c-852b-8aaf38badaeb:sdk-eventhub-namespace-8951",
          "createdAt": "2020-08-06T01:46:41.577Z",
          "updatedAt": "2020-08-06T01:47:36.62Z",
          "serviceBusEndpoint": "https://sdk-eventhub-Namespace-8951.servicebus.windows.net:443/",
          "status": "Removing"
        }
      }
    },
    {
      "RequestUri": "https://management.azure.com/subscriptions/c9cbd920-c00c-427c-852b-8aaf38badaeb/resourceGroups/Default-EventHub-8894/providers/Microsoft.EventHub/namespaces/sdk-eventhub-Namespace-8951/operationresults/sdk-eventhub-Namespace-8951?api-version=2018-01-01-preview",
      "RequestMethod": "GET",
      "RequestHeaders": {
        "Authorization": "Sanitized",
        "User-Agent": [
          "azsdk-net-ResourceManager.EventHubs/1.0.0-dev.20200804.1",
          "(.NET Core 4.6.28619.01; Microsoft Windows 10.0.19041 )"
        ],
        "x-ms-client-request-id": "ce2ada339321314f3f22435bd0543d6b",
        "x-ms-return-client-request-id": "true"
      },
      "RequestBody": null,
      "StatusCode": 202,
      "ResponseHeaders": {
        "Cache-Control": "no-cache",
        "Content-Length": "774",
        "Content-Type": "application/json; charset=utf-8",
        "Date": "Thu, 06 Aug 2020 01:47:39 GMT",
        "Expires": "-1",
        "Location": "https://management.azure.com/subscriptions/c9cbd920-c00c-427c-852b-8aaf38badaeb/resourceGroups/Default-EventHub-8894/providers/Microsoft.EventHub/namespaces/sdk-eventhub-Namespace-8951/operationresults/sdk-eventhub-Namespace-8951?api-version=2018-01-01-preview",
        "Pragma": "no-cache",
        "Retry-After": "35",
        "Server": [
          "Service-Bus-Resource-Provider/CH3",
          "Microsoft-HTTPAPI/2.0"
        ],
        "Server-SB": "Service-Bus-Resource-Provider/CH3",
        "Strict-Transport-Security": "max-age=31536000; includeSubDomains",
        "X-Content-Type-Options": "nosniff",
        "x-ms-client-request-id": "ce2ada339321314f3f22435bd0543d6b",
        "x-ms-correlation-request-id": "b7bf7ac1-f271-4b02-8969-8c4fb92d47d8",
        "x-ms-ratelimit-remaining-subscription-reads": "11923",
        "x-ms-request-id": "64dfc7d2-98df-44de-a3ea-064dea12cd39_M11CH3_M11CH3",
        "x-ms-routing-request-id": "SOUTHEASTASIA:20200806T014740Z:b7bf7ac1-f271-4b02-8969-8c4fb92d47d8"
      },
      "ResponseBody": {
        "sku": {
          "name": "Standard",
          "tier": "Standard",
          "capacity": 1
        },
        "id": "/subscriptions/c9cbd920-c00c-427c-852b-8aaf38badaeb/resourceGroups/Default-EventHub-8894/providers/Microsoft.EventHub/namespaces/sdk-eventhub-Namespace-8951",
        "name": "sdk-eventhub-Namespace-8951",
        "type": "Microsoft.EventHub/Namespaces",
        "location": "Australia East",
        "tags": {
          "tag3": "value3",
          "tag4": "value4"
        },
        "properties": {
          "zoneRedundant": false,
          "isAutoInflateEnabled": false,
          "maximumThroughputUnits": 0,
          "kafkaEnabled": true,
          "provisioningState": "Succeeded",
          "metricId": "c9cbd920-c00c-427c-852b-8aaf38badaeb:sdk-eventhub-namespace-8951",
          "createdAt": "2020-08-06T01:46:41.577Z",
          "updatedAt": "2020-08-06T01:47:36.62Z",
          "serviceBusEndpoint": "https://sdk-eventhub-Namespace-8951.servicebus.windows.net:443/",
          "status": "Removing"
        }
      }
    },
    {
      "RequestUri": "https://management.azure.com/subscriptions/c9cbd920-c00c-427c-852b-8aaf38badaeb/resourceGroups/Default-EventHub-8894/providers/Microsoft.EventHub/namespaces/sdk-eventhub-Namespace-8951/operationresults/sdk-eventhub-Namespace-8951?api-version=2018-01-01-preview",
      "RequestMethod": "GET",
      "RequestHeaders": {
        "Authorization": "Sanitized",
        "User-Agent": [
          "azsdk-net-ResourceManager.EventHubs/1.0.0-dev.20200804.1",
          "(.NET Core 4.6.28619.01; Microsoft Windows 10.0.19041 )"
        ],
        "x-ms-client-request-id": "dcfab2ca4ddf84afb5db7578190e25d3",
        "x-ms-return-client-request-id": "true"
      },
      "RequestBody": null,
      "StatusCode": 202,
      "ResponseHeaders": {
        "Cache-Control": "no-cache",
        "Content-Length": "774",
        "Content-Type": "application/json; charset=utf-8",
        "Date": "Thu, 06 Aug 2020 01:47:40 GMT",
        "Expires": "-1",
        "Location": "https://management.azure.com/subscriptions/c9cbd920-c00c-427c-852b-8aaf38badaeb/resourceGroups/Default-EventHub-8894/providers/Microsoft.EventHub/namespaces/sdk-eventhub-Namespace-8951/operationresults/sdk-eventhub-Namespace-8951?api-version=2018-01-01-preview",
        "Pragma": "no-cache",
        "Retry-After": "44",
        "Server": [
          "Service-Bus-Resource-Provider/CH3",
          "Microsoft-HTTPAPI/2.0"
        ],
        "Server-SB": "Service-Bus-Resource-Provider/CH3",
        "Strict-Transport-Security": "max-age=31536000; includeSubDomains",
        "X-Content-Type-Options": "nosniff",
        "x-ms-client-request-id": "dcfab2ca4ddf84afb5db7578190e25d3",
        "x-ms-correlation-request-id": "26bbf7bd-61b7-46fa-a52d-2bddf5963f7a",
        "x-ms-ratelimit-remaining-subscription-reads": "11922",
        "x-ms-request-id": "ccabcf6f-ffeb-4cef-995e-972f97b6f5c7_M11CH3_M11CH3",
        "x-ms-routing-request-id": "SOUTHEASTASIA:20200806T014741Z:26bbf7bd-61b7-46fa-a52d-2bddf5963f7a"
      },
      "ResponseBody": {
        "sku": {
          "name": "Standard",
          "tier": "Standard",
          "capacity": 1
        },
        "id": "/subscriptions/c9cbd920-c00c-427c-852b-8aaf38badaeb/resourceGroups/Default-EventHub-8894/providers/Microsoft.EventHub/namespaces/sdk-eventhub-Namespace-8951",
        "name": "sdk-eventhub-Namespace-8951",
        "type": "Microsoft.EventHub/Namespaces",
        "location": "Australia East",
        "tags": {
          "tag3": "value3",
          "tag4": "value4"
        },
        "properties": {
          "zoneRedundant": false,
          "isAutoInflateEnabled": false,
          "maximumThroughputUnits": 0,
          "kafkaEnabled": true,
          "provisioningState": "Succeeded",
          "metricId": "c9cbd920-c00c-427c-852b-8aaf38badaeb:sdk-eventhub-namespace-8951",
          "createdAt": "2020-08-06T01:46:41.577Z",
          "updatedAt": "2020-08-06T01:47:36.62Z",
          "serviceBusEndpoint": "https://sdk-eventhub-Namespace-8951.servicebus.windows.net:443/",
          "status": "Removing"
        }
      }
    },
    {
      "RequestUri": "https://management.azure.com/subscriptions/c9cbd920-c00c-427c-852b-8aaf38badaeb/resourceGroups/Default-EventHub-8894/providers/Microsoft.EventHub/namespaces/sdk-eventhub-Namespace-8951/operationresults/sdk-eventhub-Namespace-8951?api-version=2018-01-01-preview",
      "RequestMethod": "GET",
      "RequestHeaders": {
        "Authorization": "Sanitized",
        "User-Agent": [
          "azsdk-net-ResourceManager.EventHubs/1.0.0-dev.20200804.1",
          "(.NET Core 4.6.28619.01; Microsoft Windows 10.0.19041 )"
        ],
        "x-ms-client-request-id": "6eed32b776e45651949c7031c5d7d614",
        "x-ms-return-client-request-id": "true"
      },
      "RequestBody": null,
      "StatusCode": 202,
      "ResponseHeaders": {
        "Cache-Control": "no-cache",
        "Content-Length": "774",
        "Content-Type": "application/json; charset=utf-8",
        "Date": "Thu, 06 Aug 2020 01:47:42 GMT",
        "Expires": "-1",
        "Location": "https://management.azure.com/subscriptions/c9cbd920-c00c-427c-852b-8aaf38badaeb/resourceGroups/Default-EventHub-8894/providers/Microsoft.EventHub/namespaces/sdk-eventhub-Namespace-8951/operationresults/sdk-eventhub-Namespace-8951?api-version=2018-01-01-preview",
        "Pragma": "no-cache",
        "Retry-After": "32",
        "Server": [
          "Service-Bus-Resource-Provider/CH3",
          "Microsoft-HTTPAPI/2.0"
        ],
        "Server-SB": "Service-Bus-Resource-Provider/CH3",
        "Strict-Transport-Security": "max-age=31536000; includeSubDomains",
        "X-Content-Type-Options": "nosniff",
        "x-ms-client-request-id": "6eed32b776e45651949c7031c5d7d614",
        "x-ms-correlation-request-id": "f4144942-52c1-476d-973a-286497c9d2d0",
        "x-ms-ratelimit-remaining-subscription-reads": "11921",
        "x-ms-request-id": "c4492c2c-7440-4ad0-8283-369a5e2011b3_M10CH3_M10CH3",
        "x-ms-routing-request-id": "SOUTHEASTASIA:20200806T014743Z:f4144942-52c1-476d-973a-286497c9d2d0"
      },
      "ResponseBody": {
        "sku": {
          "name": "Standard",
          "tier": "Standard",
          "capacity": 1
        },
        "id": "/subscriptions/c9cbd920-c00c-427c-852b-8aaf38badaeb/resourceGroups/Default-EventHub-8894/providers/Microsoft.EventHub/namespaces/sdk-eventhub-Namespace-8951",
        "name": "sdk-eventhub-Namespace-8951",
        "type": "Microsoft.EventHub/Namespaces",
        "location": "Australia East",
        "tags": {
          "tag3": "value3",
          "tag4": "value4"
        },
        "properties": {
          "zoneRedundant": false,
          "isAutoInflateEnabled": false,
          "maximumThroughputUnits": 0,
          "kafkaEnabled": true,
          "provisioningState": "Succeeded",
          "metricId": "c9cbd920-c00c-427c-852b-8aaf38badaeb:sdk-eventhub-namespace-8951",
          "createdAt": "2020-08-06T01:46:41.577Z",
          "updatedAt": "2020-08-06T01:47:36.62Z",
          "serviceBusEndpoint": "https://sdk-eventhub-Namespace-8951.servicebus.windows.net:443/",
          "status": "Removing"
        }
      }
    },
    {
      "RequestUri": "https://management.azure.com/subscriptions/c9cbd920-c00c-427c-852b-8aaf38badaeb/resourceGroups/Default-EventHub-8894/providers/Microsoft.EventHub/namespaces/sdk-eventhub-Namespace-8951/operationresults/sdk-eventhub-Namespace-8951?api-version=2018-01-01-preview",
      "RequestMethod": "GET",
      "RequestHeaders": {
        "Authorization": "Sanitized",
        "User-Agent": [
          "azsdk-net-ResourceManager.EventHubs/1.0.0-dev.20200804.1",
          "(.NET Core 4.6.28619.01; Microsoft Windows 10.0.19041 )"
        ],
        "x-ms-client-request-id": "38159929f155e58d2ba619461dd61830",
        "x-ms-return-client-request-id": "true"
      },
      "RequestBody": null,
      "StatusCode": 202,
      "ResponseHeaders": {
        "Cache-Control": "no-cache",
        "Content-Length": "774",
        "Content-Type": "application/json; charset=utf-8",
        "Date": "Thu, 06 Aug 2020 01:47:43 GMT",
        "Expires": "-1",
        "Location": "https://management.azure.com/subscriptions/c9cbd920-c00c-427c-852b-8aaf38badaeb/resourceGroups/Default-EventHub-8894/providers/Microsoft.EventHub/namespaces/sdk-eventhub-Namespace-8951/operationresults/sdk-eventhub-Namespace-8951?api-version=2018-01-01-preview",
        "Pragma": "no-cache",
        "Retry-After": "53",
        "Server": [
          "Service-Bus-Resource-Provider/CH3",
          "Microsoft-HTTPAPI/2.0"
        ],
        "Server-SB": "Service-Bus-Resource-Provider/CH3",
        "Strict-Transport-Security": "max-age=31536000; includeSubDomains",
        "X-Content-Type-Options": "nosniff",
        "x-ms-client-request-id": "38159929f155e58d2ba619461dd61830",
        "x-ms-correlation-request-id": "b225eeca-09cf-443e-bc50-479ef423adaf",
        "x-ms-ratelimit-remaining-subscription-reads": "11920",
        "x-ms-request-id": "1da0737b-1e39-4615-bef2-4523c2280215_M10CH3_M10CH3",
        "x-ms-routing-request-id": "SOUTHEASTASIA:20200806T014744Z:b225eeca-09cf-443e-bc50-479ef423adaf"
      },
      "ResponseBody": {
        "sku": {
          "name": "Standard",
          "tier": "Standard",
          "capacity": 1
        },
        "id": "/subscriptions/c9cbd920-c00c-427c-852b-8aaf38badaeb/resourceGroups/Default-EventHub-8894/providers/Microsoft.EventHub/namespaces/sdk-eventhub-Namespace-8951",
        "name": "sdk-eventhub-Namespace-8951",
        "type": "Microsoft.EventHub/Namespaces",
        "location": "Australia East",
        "tags": {
          "tag3": "value3",
          "tag4": "value4"
        },
        "properties": {
          "zoneRedundant": false,
          "isAutoInflateEnabled": false,
          "maximumThroughputUnits": 0,
          "kafkaEnabled": true,
          "provisioningState": "Succeeded",
          "metricId": "c9cbd920-c00c-427c-852b-8aaf38badaeb:sdk-eventhub-namespace-8951",
          "createdAt": "2020-08-06T01:46:41.577Z",
          "updatedAt": "2020-08-06T01:47:36.62Z",
          "serviceBusEndpoint": "https://sdk-eventhub-Namespace-8951.servicebus.windows.net:443/",
          "status": "Removing"
        }
      }
    },
    {
      "RequestUri": "https://management.azure.com/subscriptions/c9cbd920-c00c-427c-852b-8aaf38badaeb/resourceGroups/Default-EventHub-8894/providers/Microsoft.EventHub/namespaces/sdk-eventhub-Namespace-8951/operationresults/sdk-eventhub-Namespace-8951?api-version=2018-01-01-preview",
      "RequestMethod": "GET",
      "RequestHeaders": {
        "Authorization": "Sanitized",
        "User-Agent": [
          "azsdk-net-ResourceManager.EventHubs/1.0.0-dev.20200804.1",
          "(.NET Core 4.6.28619.01; Microsoft Windows 10.0.19041 )"
        ],
        "x-ms-client-request-id": "9ea46ffdcf66538660a34742dc7dbede",
        "x-ms-return-client-request-id": "true"
      },
      "RequestBody": null,
      "StatusCode": 202,
      "ResponseHeaders": {
        "Cache-Control": "no-cache",
        "Content-Length": "774",
        "Content-Type": "application/json; charset=utf-8",
        "Date": "Thu, 06 Aug 2020 01:47:45 GMT",
        "Expires": "-1",
        "Location": "https://management.azure.com/subscriptions/c9cbd920-c00c-427c-852b-8aaf38badaeb/resourceGroups/Default-EventHub-8894/providers/Microsoft.EventHub/namespaces/sdk-eventhub-Namespace-8951/operationresults/sdk-eventhub-Namespace-8951?api-version=2018-01-01-preview",
        "Pragma": "no-cache",
        "Retry-After": "51",
        "Server": [
          "Service-Bus-Resource-Provider/CH3",
          "Microsoft-HTTPAPI/2.0"
        ],
        "Server-SB": "Service-Bus-Resource-Provider/CH3",
        "Strict-Transport-Security": "max-age=31536000; includeSubDomains",
        "X-Content-Type-Options": "nosniff",
        "x-ms-client-request-id": "9ea46ffdcf66538660a34742dc7dbede",
        "x-ms-correlation-request-id": "fdaefa7a-9322-4f96-8001-b44cf97a764b",
        "x-ms-ratelimit-remaining-subscription-reads": "11919",
        "x-ms-request-id": "e7c0ca76-1b1d-4d9c-839e-6deea091ca75_M11CH3_M11CH3",
        "x-ms-routing-request-id": "SOUTHEASTASIA:20200806T014746Z:fdaefa7a-9322-4f96-8001-b44cf97a764b"
      },
      "ResponseBody": {
        "sku": {
          "name": "Standard",
          "tier": "Standard",
          "capacity": 1
        },
        "id": "/subscriptions/c9cbd920-c00c-427c-852b-8aaf38badaeb/resourceGroups/Default-EventHub-8894/providers/Microsoft.EventHub/namespaces/sdk-eventhub-Namespace-8951",
        "name": "sdk-eventhub-Namespace-8951",
        "type": "Microsoft.EventHub/Namespaces",
        "location": "Australia East",
        "tags": {
          "tag3": "value3",
          "tag4": "value4"
        },
        "properties": {
          "zoneRedundant": false,
          "isAutoInflateEnabled": false,
          "maximumThroughputUnits": 0,
          "kafkaEnabled": true,
          "provisioningState": "Succeeded",
          "metricId": "c9cbd920-c00c-427c-852b-8aaf38badaeb:sdk-eventhub-namespace-8951",
          "createdAt": "2020-08-06T01:46:41.577Z",
          "updatedAt": "2020-08-06T01:47:36.62Z",
          "serviceBusEndpoint": "https://sdk-eventhub-Namespace-8951.servicebus.windows.net:443/",
          "status": "Removing"
        }
      }
    },
    {
      "RequestUri": "https://management.azure.com/subscriptions/c9cbd920-c00c-427c-852b-8aaf38badaeb/resourceGroups/Default-EventHub-8894/providers/Microsoft.EventHub/namespaces/sdk-eventhub-Namespace-8951/operationresults/sdk-eventhub-Namespace-8951?api-version=2018-01-01-preview",
      "RequestMethod": "GET",
      "RequestHeaders": {
        "Authorization": "Sanitized",
        "User-Agent": [
          "azsdk-net-ResourceManager.EventHubs/1.0.0-dev.20200804.1",
          "(.NET Core 4.6.28619.01; Microsoft Windows 10.0.19041 )"
        ],
        "x-ms-client-request-id": "7f4e6004ecf9c57da507423e5d0b38be",
        "x-ms-return-client-request-id": "true"
      },
      "RequestBody": null,
      "StatusCode": 202,
      "ResponseHeaders": {
        "Cache-Control": "no-cache",
        "Content-Length": "774",
        "Content-Type": "application/json; charset=utf-8",
        "Date": "Thu, 06 Aug 2020 01:47:46 GMT",
        "Expires": "-1",
        "Location": "https://management.azure.com/subscriptions/c9cbd920-c00c-427c-852b-8aaf38badaeb/resourceGroups/Default-EventHub-8894/providers/Microsoft.EventHub/namespaces/sdk-eventhub-Namespace-8951/operationresults/sdk-eventhub-Namespace-8951?api-version=2018-01-01-preview",
        "Pragma": "no-cache",
        "Retry-After": "31",
        "Server": [
          "Service-Bus-Resource-Provider/CH3",
          "Microsoft-HTTPAPI/2.0"
        ],
        "Server-SB": "Service-Bus-Resource-Provider/CH3",
        "Strict-Transport-Security": "max-age=31536000; includeSubDomains",
        "X-Content-Type-Options": "nosniff",
        "x-ms-client-request-id": "7f4e6004ecf9c57da507423e5d0b38be",
        "x-ms-correlation-request-id": "a8c7f090-6121-4d66-8ecc-9da9f378cbec",
        "x-ms-ratelimit-remaining-subscription-reads": "11918",
        "x-ms-request-id": "62a57522-98a6-441a-b650-d1edf2499a6f_M11CH3_M11CH3",
        "x-ms-routing-request-id": "SOUTHEASTASIA:20200806T014747Z:a8c7f090-6121-4d66-8ecc-9da9f378cbec"
      },
      "ResponseBody": {
        "sku": {
          "name": "Standard",
          "tier": "Standard",
          "capacity": 1
        },
        "id": "/subscriptions/c9cbd920-c00c-427c-852b-8aaf38badaeb/resourceGroups/Default-EventHub-8894/providers/Microsoft.EventHub/namespaces/sdk-eventhub-Namespace-8951",
        "name": "sdk-eventhub-Namespace-8951",
        "type": "Microsoft.EventHub/Namespaces",
        "location": "Australia East",
        "tags": {
          "tag3": "value3",
          "tag4": "value4"
        },
        "properties": {
          "zoneRedundant": false,
          "isAutoInflateEnabled": false,
          "maximumThroughputUnits": 0,
          "kafkaEnabled": true,
          "provisioningState": "Succeeded",
          "metricId": "c9cbd920-c00c-427c-852b-8aaf38badaeb:sdk-eventhub-namespace-8951",
          "createdAt": "2020-08-06T01:46:41.577Z",
          "updatedAt": "2020-08-06T01:47:36.62Z",
          "serviceBusEndpoint": "https://sdk-eventhub-Namespace-8951.servicebus.windows.net:443/",
          "status": "Removing"
        }
      }
    },
    {
      "RequestUri": "https://management.azure.com/subscriptions/c9cbd920-c00c-427c-852b-8aaf38badaeb/resourceGroups/Default-EventHub-8894/providers/Microsoft.EventHub/namespaces/sdk-eventhub-Namespace-8951/operationresults/sdk-eventhub-Namespace-8951?api-version=2018-01-01-preview",
      "RequestMethod": "GET",
      "RequestHeaders": {
        "Authorization": "Sanitized",
        "User-Agent": [
          "azsdk-net-ResourceManager.EventHubs/1.0.0-dev.20200804.1",
          "(.NET Core 4.6.28619.01; Microsoft Windows 10.0.19041 )"
        ],
        "x-ms-client-request-id": "55343f8438325aad13c2d8b1a94a09ad",
        "x-ms-return-client-request-id": "true"
      },
      "RequestBody": null,
      "StatusCode": 202,
      "ResponseHeaders": {
        "Cache-Control": "no-cache",
        "Content-Length": "774",
        "Content-Type": "application/json; charset=utf-8",
        "Date": "Thu, 06 Aug 2020 01:47:47 GMT",
        "Expires": "-1",
        "Location": "https://management.azure.com/subscriptions/c9cbd920-c00c-427c-852b-8aaf38badaeb/resourceGroups/Default-EventHub-8894/providers/Microsoft.EventHub/namespaces/sdk-eventhub-Namespace-8951/operationresults/sdk-eventhub-Namespace-8951?api-version=2018-01-01-preview",
        "Pragma": "no-cache",
        "Retry-After": "50",
        "Server": [
          "Service-Bus-Resource-Provider/CH3",
          "Microsoft-HTTPAPI/2.0"
        ],
        "Server-SB": "Service-Bus-Resource-Provider/CH3",
        "Strict-Transport-Security": "max-age=31536000; includeSubDomains",
        "X-Content-Type-Options": "nosniff",
        "x-ms-client-request-id": "55343f8438325aad13c2d8b1a94a09ad",
        "x-ms-correlation-request-id": "5c4fd73e-79c9-4ae5-bfc6-74c1fc9f03a6",
        "x-ms-ratelimit-remaining-subscription-reads": "11917",
        "x-ms-request-id": "2c68b9a8-a6cf-4191-9078-2764b4979823_M11CH3_M11CH3",
        "x-ms-routing-request-id": "SOUTHEASTASIA:20200806T014748Z:5c4fd73e-79c9-4ae5-bfc6-74c1fc9f03a6"
      },
      "ResponseBody": {
        "sku": {
          "name": "Standard",
          "tier": "Standard",
          "capacity": 1
        },
        "id": "/subscriptions/c9cbd920-c00c-427c-852b-8aaf38badaeb/resourceGroups/Default-EventHub-8894/providers/Microsoft.EventHub/namespaces/sdk-eventhub-Namespace-8951",
        "name": "sdk-eventhub-Namespace-8951",
        "type": "Microsoft.EventHub/Namespaces",
        "location": "Australia East",
        "tags": {
          "tag3": "value3",
          "tag4": "value4"
        },
        "properties": {
          "zoneRedundant": false,
          "isAutoInflateEnabled": false,
          "maximumThroughputUnits": 0,
          "kafkaEnabled": true,
          "provisioningState": "Succeeded",
          "metricId": "c9cbd920-c00c-427c-852b-8aaf38badaeb:sdk-eventhub-namespace-8951",
          "createdAt": "2020-08-06T01:46:41.577Z",
          "updatedAt": "2020-08-06T01:47:36.62Z",
          "serviceBusEndpoint": "https://sdk-eventhub-Namespace-8951.servicebus.windows.net:443/",
          "status": "Removing"
        }
      }
    },
    {
      "RequestUri": "https://management.azure.com/subscriptions/c9cbd920-c00c-427c-852b-8aaf38badaeb/resourceGroups/Default-EventHub-8894/providers/Microsoft.EventHub/namespaces/sdk-eventhub-Namespace-8951/operationresults/sdk-eventhub-Namespace-8951?api-version=2018-01-01-preview",
      "RequestMethod": "GET",
      "RequestHeaders": {
        "Authorization": "Sanitized",
        "User-Agent": [
          "azsdk-net-ResourceManager.EventHubs/1.0.0-dev.20200804.1",
          "(.NET Core 4.6.28619.01; Microsoft Windows 10.0.19041 )"
        ],
        "x-ms-client-request-id": "bc413be798871037f1dff85f8c47f555",
        "x-ms-return-client-request-id": "true"
      },
      "RequestBody": null,
      "StatusCode": 202,
      "ResponseHeaders": {
        "Cache-Control": "no-cache",
        "Content-Length": "774",
        "Content-Type": "application/json; charset=utf-8",
        "Date": "Thu, 06 Aug 2020 01:47:49 GMT",
        "Expires": "-1",
        "Location": "https://management.azure.com/subscriptions/c9cbd920-c00c-427c-852b-8aaf38badaeb/resourceGroups/Default-EventHub-8894/providers/Microsoft.EventHub/namespaces/sdk-eventhub-Namespace-8951/operationresults/sdk-eventhub-Namespace-8951?api-version=2018-01-01-preview",
        "Pragma": "no-cache",
        "Retry-After": "33",
        "Server": [
          "Service-Bus-Resource-Provider/CH3",
          "Microsoft-HTTPAPI/2.0"
        ],
        "Server-SB": "Service-Bus-Resource-Provider/CH3",
        "Strict-Transport-Security": "max-age=31536000; includeSubDomains",
        "X-Content-Type-Options": "nosniff",
        "x-ms-client-request-id": "bc413be798871037f1dff85f8c47f555",
        "x-ms-correlation-request-id": "8d193a87-8110-4d75-8a90-59c7de6593d9",
        "x-ms-ratelimit-remaining-subscription-reads": "11916",
        "x-ms-request-id": "68923859-9856-4826-99f4-5a1fc287b46d_M11CH3_M11CH3",
        "x-ms-routing-request-id": "SOUTHEASTASIA:20200806T014750Z:8d193a87-8110-4d75-8a90-59c7de6593d9"
      },
      "ResponseBody": {
        "sku": {
          "name": "Standard",
          "tier": "Standard",
          "capacity": 1
        },
        "id": "/subscriptions/c9cbd920-c00c-427c-852b-8aaf38badaeb/resourceGroups/Default-EventHub-8894/providers/Microsoft.EventHub/namespaces/sdk-eventhub-Namespace-8951",
        "name": "sdk-eventhub-Namespace-8951",
        "type": "Microsoft.EventHub/Namespaces",
        "location": "Australia East",
        "tags": {
          "tag3": "value3",
          "tag4": "value4"
        },
        "properties": {
          "zoneRedundant": false,
          "isAutoInflateEnabled": false,
          "maximumThroughputUnits": 0,
          "kafkaEnabled": true,
          "provisioningState": "Succeeded",
          "metricId": "c9cbd920-c00c-427c-852b-8aaf38badaeb:sdk-eventhub-namespace-8951",
          "createdAt": "2020-08-06T01:46:41.577Z",
          "updatedAt": "2020-08-06T01:47:36.62Z",
          "serviceBusEndpoint": "https://sdk-eventhub-Namespace-8951.servicebus.windows.net:443/",
          "status": "Removing"
        }
      }
    },
    {
      "RequestUri": "https://management.azure.com/subscriptions/c9cbd920-c00c-427c-852b-8aaf38badaeb/resourceGroups/Default-EventHub-8894/providers/Microsoft.EventHub/namespaces/sdk-eventhub-Namespace-8951/operationresults/sdk-eventhub-Namespace-8951?api-version=2018-01-01-preview",
      "RequestMethod": "GET",
      "RequestHeaders": {
        "Authorization": "Sanitized",
        "User-Agent": [
          "azsdk-net-ResourceManager.EventHubs/1.0.0-dev.20200804.1",
          "(.NET Core 4.6.28619.01; Microsoft Windows 10.0.19041 )"
        ],
        "x-ms-client-request-id": "9cbe896b6949ccabb3f46c3614cc1c5a",
        "x-ms-return-client-request-id": "true"
      },
      "RequestBody": null,
      "StatusCode": 202,
      "ResponseHeaders": {
        "Cache-Control": "no-cache",
        "Content-Length": "774",
        "Content-Type": "application/json; charset=utf-8",
        "Date": "Thu, 06 Aug 2020 01:47:50 GMT",
        "Expires": "-1",
        "Location": "https://management.azure.com/subscriptions/c9cbd920-c00c-427c-852b-8aaf38badaeb/resourceGroups/Default-EventHub-8894/providers/Microsoft.EventHub/namespaces/sdk-eventhub-Namespace-8951/operationresults/sdk-eventhub-Namespace-8951?api-version=2018-01-01-preview",
        "Pragma": "no-cache",
        "Retry-After": "58",
        "Server": [
          "Service-Bus-Resource-Provider/CH3",
          "Microsoft-HTTPAPI/2.0"
        ],
        "Server-SB": "Service-Bus-Resource-Provider/CH3",
        "Strict-Transport-Security": "max-age=31536000; includeSubDomains",
        "X-Content-Type-Options": "nosniff",
        "x-ms-client-request-id": "9cbe896b6949ccabb3f46c3614cc1c5a",
        "x-ms-correlation-request-id": "58b6043a-6a44-4726-be5b-deb0ed4262c6",
        "x-ms-ratelimit-remaining-subscription-reads": "11915",
        "x-ms-request-id": "f7c8fba9-bec3-41bb-a0d3-56b3cdd24462_M11CH3_M11CH3",
        "x-ms-routing-request-id": "SOUTHEASTASIA:20200806T014751Z:58b6043a-6a44-4726-be5b-deb0ed4262c6"
      },
      "ResponseBody": {
        "sku": {
          "name": "Standard",
          "tier": "Standard",
          "capacity": 1
        },
        "id": "/subscriptions/c9cbd920-c00c-427c-852b-8aaf38badaeb/resourceGroups/Default-EventHub-8894/providers/Microsoft.EventHub/namespaces/sdk-eventhub-Namespace-8951",
        "name": "sdk-eventhub-Namespace-8951",
        "type": "Microsoft.EventHub/Namespaces",
        "location": "Australia East",
        "tags": {
          "tag3": "value3",
          "tag4": "value4"
        },
        "properties": {
          "zoneRedundant": false,
          "isAutoInflateEnabled": false,
          "maximumThroughputUnits": 0,
          "kafkaEnabled": true,
          "provisioningState": "Succeeded",
          "metricId": "c9cbd920-c00c-427c-852b-8aaf38badaeb:sdk-eventhub-namespace-8951",
          "createdAt": "2020-08-06T01:46:41.577Z",
          "updatedAt": "2020-08-06T01:47:36.62Z",
          "serviceBusEndpoint": "https://sdk-eventhub-Namespace-8951.servicebus.windows.net:443/",
          "status": "Removing"
        }
      }
    },
    {
      "RequestUri": "https://management.azure.com/subscriptions/c9cbd920-c00c-427c-852b-8aaf38badaeb/resourceGroups/Default-EventHub-8894/providers/Microsoft.EventHub/namespaces/sdk-eventhub-Namespace-8951/operationresults/sdk-eventhub-Namespace-8951?api-version=2018-01-01-preview",
      "RequestMethod": "GET",
      "RequestHeaders": {
        "Authorization": "Sanitized",
        "User-Agent": [
          "azsdk-net-ResourceManager.EventHubs/1.0.0-dev.20200804.1",
          "(.NET Core 4.6.28619.01; Microsoft Windows 10.0.19041 )"
        ],
        "x-ms-client-request-id": "225795fe7bcaeb37082463533f4ececb",
        "x-ms-return-client-request-id": "true"
      },
      "RequestBody": null,
      "StatusCode": 202,
      "ResponseHeaders": {
        "Cache-Control": "no-cache",
        "Content-Length": "774",
        "Content-Type": "application/json; charset=utf-8",
        "Date": "Thu, 06 Aug 2020 01:47:53 GMT",
        "Expires": "-1",
        "Location": "https://management.azure.com/subscriptions/c9cbd920-c00c-427c-852b-8aaf38badaeb/resourceGroups/Default-EventHub-8894/providers/Microsoft.EventHub/namespaces/sdk-eventhub-Namespace-8951/operationresults/sdk-eventhub-Namespace-8951?api-version=2018-01-01-preview",
        "Pragma": "no-cache",
        "Retry-After": "39",
        "Server": [
          "Service-Bus-Resource-Provider/CH3",
          "Microsoft-HTTPAPI/2.0"
        ],
        "Server-SB": "Service-Bus-Resource-Provider/CH3",
        "Strict-Transport-Security": "max-age=31536000; includeSubDomains",
        "X-Content-Type-Options": "nosniff",
        "x-ms-client-request-id": "225795fe7bcaeb37082463533f4ececb",
        "x-ms-correlation-request-id": "f15607ba-b718-4ece-8644-4be136f7377f",
        "x-ms-ratelimit-remaining-subscription-reads": "11914",
        "x-ms-request-id": "996c58c1-d129-437b-aa07-567c033285a9_M11CH3_M11CH3",
        "x-ms-routing-request-id": "SOUTHEASTASIA:20200806T014753Z:f15607ba-b718-4ece-8644-4be136f7377f"
      },
      "ResponseBody": {
        "sku": {
          "name": "Standard",
          "tier": "Standard",
          "capacity": 1
        },
        "id": "/subscriptions/c9cbd920-c00c-427c-852b-8aaf38badaeb/resourceGroups/Default-EventHub-8894/providers/Microsoft.EventHub/namespaces/sdk-eventhub-Namespace-8951",
        "name": "sdk-eventhub-Namespace-8951",
        "type": "Microsoft.EventHub/Namespaces",
        "location": "Australia East",
        "tags": {
          "tag3": "value3",
          "tag4": "value4"
        },
        "properties": {
          "zoneRedundant": false,
          "isAutoInflateEnabled": false,
          "maximumThroughputUnits": 0,
          "kafkaEnabled": true,
          "provisioningState": "Succeeded",
          "metricId": "c9cbd920-c00c-427c-852b-8aaf38badaeb:sdk-eventhub-namespace-8951",
          "createdAt": "2020-08-06T01:46:41.577Z",
          "updatedAt": "2020-08-06T01:47:36.62Z",
          "serviceBusEndpoint": "https://sdk-eventhub-Namespace-8951.servicebus.windows.net:443/",
          "status": "Removing"
        }
      }
    },
    {
      "RequestUri": "https://management.azure.com/subscriptions/c9cbd920-c00c-427c-852b-8aaf38badaeb/resourceGroups/Default-EventHub-8894/providers/Microsoft.EventHub/namespaces/sdk-eventhub-Namespace-8951/operationresults/sdk-eventhub-Namespace-8951?api-version=2018-01-01-preview",
      "RequestMethod": "GET",
      "RequestHeaders": {
        "Authorization": "Sanitized",
        "User-Agent": [
          "azsdk-net-ResourceManager.EventHubs/1.0.0-dev.20200804.1",
          "(.NET Core 4.6.28619.01; Microsoft Windows 10.0.19041 )"
        ],
        "x-ms-client-request-id": "204683cc6c8b7e648f7409922c00fc25",
        "x-ms-return-client-request-id": "true"
      },
      "RequestBody": null,
      "StatusCode": 202,
      "ResponseHeaders": {
        "Cache-Control": "no-cache",
        "Content-Length": "774",
        "Content-Type": "application/json; charset=utf-8",
        "Date": "Thu, 06 Aug 2020 01:47:54 GMT",
        "Expires": "-1",
        "Location": "https://management.azure.com/subscriptions/c9cbd920-c00c-427c-852b-8aaf38badaeb/resourceGroups/Default-EventHub-8894/providers/Microsoft.EventHub/namespaces/sdk-eventhub-Namespace-8951/operationresults/sdk-eventhub-Namespace-8951?api-version=2018-01-01-preview",
        "Pragma": "no-cache",
        "Retry-After": "36",
        "Server": [
          "Service-Bus-Resource-Provider/CH3",
          "Microsoft-HTTPAPI/2.0"
        ],
        "Server-SB": "Service-Bus-Resource-Provider/CH3",
        "Strict-Transport-Security": "max-age=31536000; includeSubDomains",
        "X-Content-Type-Options": "nosniff",
        "x-ms-client-request-id": "204683cc6c8b7e648f7409922c00fc25",
        "x-ms-correlation-request-id": "bfb57594-e3bd-450d-8b0f-7483c3c8e5ae",
        "x-ms-ratelimit-remaining-subscription-reads": "11913",
        "x-ms-request-id": "88a32a18-0db0-42ac-8aed-cd3d29de8fbb_M11CH3_M11CH3",
        "x-ms-routing-request-id": "SOUTHEASTASIA:20200806T014754Z:bfb57594-e3bd-450d-8b0f-7483c3c8e5ae"
      },
      "ResponseBody": {
        "sku": {
          "name": "Standard",
          "tier": "Standard",
          "capacity": 1
        },
        "id": "/subscriptions/c9cbd920-c00c-427c-852b-8aaf38badaeb/resourceGroups/Default-EventHub-8894/providers/Microsoft.EventHub/namespaces/sdk-eventhub-Namespace-8951",
        "name": "sdk-eventhub-Namespace-8951",
        "type": "Microsoft.EventHub/Namespaces",
        "location": "Australia East",
        "tags": {
          "tag3": "value3",
          "tag4": "value4"
        },
        "properties": {
          "zoneRedundant": false,
          "isAutoInflateEnabled": false,
          "maximumThroughputUnits": 0,
          "kafkaEnabled": true,
          "provisioningState": "Succeeded",
          "metricId": "c9cbd920-c00c-427c-852b-8aaf38badaeb:sdk-eventhub-namespace-8951",
          "createdAt": "2020-08-06T01:46:41.577Z",
          "updatedAt": "2020-08-06T01:47:36.62Z",
          "serviceBusEndpoint": "https://sdk-eventhub-Namespace-8951.servicebus.windows.net:443/",
          "status": "Removing"
        }
      }
    },
    {
      "RequestUri": "https://management.azure.com/subscriptions/c9cbd920-c00c-427c-852b-8aaf38badaeb/resourceGroups/Default-EventHub-8894/providers/Microsoft.EventHub/namespaces/sdk-eventhub-Namespace-8951/operationresults/sdk-eventhub-Namespace-8951?api-version=2018-01-01-preview",
      "RequestMethod": "GET",
      "RequestHeaders": {
        "Authorization": "Sanitized",
        "User-Agent": [
          "azsdk-net-ResourceManager.EventHubs/1.0.0-dev.20200804.1",
          "(.NET Core 4.6.28619.01; Microsoft Windows 10.0.19041 )"
        ],
        "x-ms-client-request-id": "f6619dc2d2f0ef8b51d2942505588c64",
        "x-ms-return-client-request-id": "true"
      },
      "RequestBody": null,
      "StatusCode": 202,
      "ResponseHeaders": {
        "Cache-Control": "no-cache",
        "Content-Length": "774",
        "Content-Type": "application/json; charset=utf-8",
        "Date": "Thu, 06 Aug 2020 01:47:55 GMT",
        "Expires": "-1",
        "Location": "https://management.azure.com/subscriptions/c9cbd920-c00c-427c-852b-8aaf38badaeb/resourceGroups/Default-EventHub-8894/providers/Microsoft.EventHub/namespaces/sdk-eventhub-Namespace-8951/operationresults/sdk-eventhub-Namespace-8951?api-version=2018-01-01-preview",
        "Pragma": "no-cache",
        "Retry-After": "55",
        "Server": [
          "Service-Bus-Resource-Provider/CH3",
          "Microsoft-HTTPAPI/2.0"
        ],
        "Server-SB": "Service-Bus-Resource-Provider/CH3",
        "Strict-Transport-Security": "max-age=31536000; includeSubDomains",
        "X-Content-Type-Options": "nosniff",
        "x-ms-client-request-id": "f6619dc2d2f0ef8b51d2942505588c64",
        "x-ms-correlation-request-id": "1a92a1e4-c4c0-4180-8b49-10fa90622806",
        "x-ms-ratelimit-remaining-subscription-reads": "11912",
        "x-ms-request-id": "07820ff2-3f2f-43c9-bb97-5c4c974ea846_M11CH3_M11CH3",
        "x-ms-routing-request-id": "SOUTHEASTASIA:20200806T014755Z:1a92a1e4-c4c0-4180-8b49-10fa90622806"
      },
      "ResponseBody": {
        "sku": {
          "name": "Standard",
          "tier": "Standard",
          "capacity": 1
        },
        "id": "/subscriptions/c9cbd920-c00c-427c-852b-8aaf38badaeb/resourceGroups/Default-EventHub-8894/providers/Microsoft.EventHub/namespaces/sdk-eventhub-Namespace-8951",
        "name": "sdk-eventhub-Namespace-8951",
        "type": "Microsoft.EventHub/Namespaces",
        "location": "Australia East",
        "tags": {
          "tag3": "value3",
          "tag4": "value4"
        },
        "properties": {
          "zoneRedundant": false,
          "isAutoInflateEnabled": false,
          "maximumThroughputUnits": 0,
          "kafkaEnabled": true,
          "provisioningState": "Succeeded",
          "metricId": "c9cbd920-c00c-427c-852b-8aaf38badaeb:sdk-eventhub-namespace-8951",
          "createdAt": "2020-08-06T01:46:41.577Z",
          "updatedAt": "2020-08-06T01:47:36.62Z",
          "serviceBusEndpoint": "https://sdk-eventhub-Namespace-8951.servicebus.windows.net:443/",
          "status": "Removing"
        }
      }
    },
    {
      "RequestUri": "https://management.azure.com/subscriptions/c9cbd920-c00c-427c-852b-8aaf38badaeb/resourceGroups/Default-EventHub-8894/providers/Microsoft.EventHub/namespaces/sdk-eventhub-Namespace-8951/operationresults/sdk-eventhub-Namespace-8951?api-version=2018-01-01-preview",
      "RequestMethod": "GET",
      "RequestHeaders": {
        "Authorization": "Sanitized",
        "User-Agent": [
          "azsdk-net-ResourceManager.EventHubs/1.0.0-dev.20200804.1",
          "(.NET Core 4.6.28619.01; Microsoft Windows 10.0.19041 )"
        ],
        "x-ms-client-request-id": "916aa026fb8591cf31d8935571a4bf07",
        "x-ms-return-client-request-id": "true"
      },
      "RequestBody": null,
      "StatusCode": 202,
      "ResponseHeaders": {
        "Cache-Control": "no-cache",
        "Content-Length": "774",
        "Content-Type": "application/json; charset=utf-8",
        "Date": "Thu, 06 Aug 2020 01:47:57 GMT",
        "Expires": "-1",
        "Location": "https://management.azure.com/subscriptions/c9cbd920-c00c-427c-852b-8aaf38badaeb/resourceGroups/Default-EventHub-8894/providers/Microsoft.EventHub/namespaces/sdk-eventhub-Namespace-8951/operationresults/sdk-eventhub-Namespace-8951?api-version=2018-01-01-preview",
        "Pragma": "no-cache",
        "Retry-After": "31",
        "Server": [
          "Service-Bus-Resource-Provider/CH3",
          "Microsoft-HTTPAPI/2.0"
        ],
        "Server-SB": "Service-Bus-Resource-Provider/CH3",
        "Strict-Transport-Security": "max-age=31536000; includeSubDomains",
        "X-Content-Type-Options": "nosniff",
        "x-ms-client-request-id": "916aa026fb8591cf31d8935571a4bf07",
        "x-ms-correlation-request-id": "f02c4ea7-9c2d-410c-b99a-8cf33c6d02b2",
        "x-ms-ratelimit-remaining-subscription-reads": "11911",
        "x-ms-request-id": "d84db363-fc40-45b1-a134-d75e48e931ad_M11CH3_M11CH3",
        "x-ms-routing-request-id": "SOUTHEASTASIA:20200806T014757Z:f02c4ea7-9c2d-410c-b99a-8cf33c6d02b2"
      },
      "ResponseBody": {
        "sku": {
          "name": "Standard",
          "tier": "Standard",
          "capacity": 1
        },
        "id": "/subscriptions/c9cbd920-c00c-427c-852b-8aaf38badaeb/resourceGroups/Default-EventHub-8894/providers/Microsoft.EventHub/namespaces/sdk-eventhub-Namespace-8951",
        "name": "sdk-eventhub-Namespace-8951",
        "type": "Microsoft.EventHub/Namespaces",
        "location": "Australia East",
        "tags": {
          "tag3": "value3",
          "tag4": "value4"
        },
        "properties": {
          "zoneRedundant": false,
          "isAutoInflateEnabled": false,
          "maximumThroughputUnits": 0,
          "kafkaEnabled": true,
          "provisioningState": "Succeeded",
          "metricId": "c9cbd920-c00c-427c-852b-8aaf38badaeb:sdk-eventhub-namespace-8951",
          "createdAt": "2020-08-06T01:46:41.577Z",
          "updatedAt": "2020-08-06T01:47:36.62Z",
          "serviceBusEndpoint": "https://sdk-eventhub-Namespace-8951.servicebus.windows.net:443/",
          "status": "Removing"
        }
      }
    },
    {
      "RequestUri": "https://management.azure.com/subscriptions/c9cbd920-c00c-427c-852b-8aaf38badaeb/resourceGroups/Default-EventHub-8894/providers/Microsoft.EventHub/namespaces/sdk-eventhub-Namespace-8951/operationresults/sdk-eventhub-Namespace-8951?api-version=2018-01-01-preview",
      "RequestMethod": "GET",
      "RequestHeaders": {
        "Authorization": "Sanitized",
        "User-Agent": [
          "azsdk-net-ResourceManager.EventHubs/1.0.0-dev.20200804.1",
          "(.NET Core 4.6.28619.01; Microsoft Windows 10.0.19041 )"
        ],
        "x-ms-client-request-id": "a2903e27d7ecf9daf756ceb9d73f7836",
        "x-ms-return-client-request-id": "true"
      },
      "RequestBody": null,
      "StatusCode": 202,
      "ResponseHeaders": {
        "Cache-Control": "no-cache",
        "Content-Length": "774",
        "Content-Type": "application/json; charset=utf-8",
        "Date": "Thu, 06 Aug 2020 01:47:58 GMT",
        "Expires": "-1",
        "Location": "https://management.azure.com/subscriptions/c9cbd920-c00c-427c-852b-8aaf38badaeb/resourceGroups/Default-EventHub-8894/providers/Microsoft.EventHub/namespaces/sdk-eventhub-Namespace-8951/operationresults/sdk-eventhub-Namespace-8951?api-version=2018-01-01-preview",
        "Pragma": "no-cache",
        "Retry-After": "54",
        "Server": [
          "Service-Bus-Resource-Provider/CH3",
          "Microsoft-HTTPAPI/2.0"
        ],
        "Server-SB": "Service-Bus-Resource-Provider/CH3",
        "Strict-Transport-Security": "max-age=31536000; includeSubDomains",
        "X-Content-Type-Options": "nosniff",
        "x-ms-client-request-id": "a2903e27d7ecf9daf756ceb9d73f7836",
        "x-ms-correlation-request-id": "f717e3be-8a99-4602-ac2d-67d517f68dd5",
        "x-ms-ratelimit-remaining-subscription-reads": "11910",
        "x-ms-request-id": "e41016e7-d914-408f-a18a-4a409d3d4648_M11CH3_M11CH3",
        "x-ms-routing-request-id": "SOUTHEASTASIA:20200806T014758Z:f717e3be-8a99-4602-ac2d-67d517f68dd5"
      },
      "ResponseBody": {
        "sku": {
          "name": "Standard",
          "tier": "Standard",
          "capacity": 1
        },
        "id": "/subscriptions/c9cbd920-c00c-427c-852b-8aaf38badaeb/resourceGroups/Default-EventHub-8894/providers/Microsoft.EventHub/namespaces/sdk-eventhub-Namespace-8951",
        "name": "sdk-eventhub-Namespace-8951",
        "type": "Microsoft.EventHub/Namespaces",
        "location": "Australia East",
        "tags": {
          "tag3": "value3",
          "tag4": "value4"
        },
        "properties": {
          "zoneRedundant": false,
          "isAutoInflateEnabled": false,
          "maximumThroughputUnits": 0,
          "kafkaEnabled": true,
          "provisioningState": "Succeeded",
          "metricId": "c9cbd920-c00c-427c-852b-8aaf38badaeb:sdk-eventhub-namespace-8951",
          "createdAt": "2020-08-06T01:46:41.577Z",
          "updatedAt": "2020-08-06T01:47:36.62Z",
          "serviceBusEndpoint": "https://sdk-eventhub-Namespace-8951.servicebus.windows.net:443/",
          "status": "Removing"
        }
      }
    },
    {
      "RequestUri": "https://management.azure.com/subscriptions/c9cbd920-c00c-427c-852b-8aaf38badaeb/resourceGroups/Default-EventHub-8894/providers/Microsoft.EventHub/namespaces/sdk-eventhub-Namespace-8951/operationresults/sdk-eventhub-Namespace-8951?api-version=2018-01-01-preview",
      "RequestMethod": "GET",
      "RequestHeaders": {
        "Authorization": "Sanitized",
        "User-Agent": [
          "azsdk-net-ResourceManager.EventHubs/1.0.0-dev.20200804.1",
          "(.NET Core 4.6.28619.01; Microsoft Windows 10.0.19041 )"
        ],
        "x-ms-client-request-id": "8b6ca5e86b96c7a0cecfc5183f357ead",
        "x-ms-return-client-request-id": "true"
      },
      "RequestBody": null,
      "StatusCode": 202,
      "ResponseHeaders": {
        "Cache-Control": "no-cache",
        "Content-Length": "774",
        "Content-Type": "application/json; charset=utf-8",
        "Date": "Thu, 06 Aug 2020 01:47:59 GMT",
        "Expires": "-1",
        "Location": "https://management.azure.com/subscriptions/c9cbd920-c00c-427c-852b-8aaf38badaeb/resourceGroups/Default-EventHub-8894/providers/Microsoft.EventHub/namespaces/sdk-eventhub-Namespace-8951/operationresults/sdk-eventhub-Namespace-8951?api-version=2018-01-01-preview",
        "Pragma": "no-cache",
        "Retry-After": "37",
        "Server": [
          "Service-Bus-Resource-Provider/CH3",
          "Microsoft-HTTPAPI/2.0"
        ],
        "Server-SB": "Service-Bus-Resource-Provider/CH3",
        "Strict-Transport-Security": "max-age=31536000; includeSubDomains",
        "X-Content-Type-Options": "nosniff",
        "x-ms-client-request-id": "8b6ca5e86b96c7a0cecfc5183f357ead",
        "x-ms-correlation-request-id": "f706751c-3092-4eda-9a06-3e62140a667b",
        "x-ms-ratelimit-remaining-subscription-reads": "11909",
        "x-ms-request-id": "c6d88c09-dcf0-46a8-930e-fa93169aecf7_M10CH3_M10CH3",
        "x-ms-routing-request-id": "SOUTHEASTASIA:20200806T014800Z:f706751c-3092-4eda-9a06-3e62140a667b"
      },
      "ResponseBody": {
        "sku": {
          "name": "Standard",
          "tier": "Standard",
          "capacity": 1
        },
        "id": "/subscriptions/c9cbd920-c00c-427c-852b-8aaf38badaeb/resourceGroups/Default-EventHub-8894/providers/Microsoft.EventHub/namespaces/sdk-eventhub-Namespace-8951",
        "name": "sdk-eventhub-Namespace-8951",
        "type": "Microsoft.EventHub/Namespaces",
        "location": "Australia East",
        "tags": {
          "tag3": "value3",
          "tag4": "value4"
        },
        "properties": {
          "zoneRedundant": false,
          "isAutoInflateEnabled": false,
          "maximumThroughputUnits": 0,
          "kafkaEnabled": true,
          "provisioningState": "Succeeded",
          "metricId": "c9cbd920-c00c-427c-852b-8aaf38badaeb:sdk-eventhub-namespace-8951",
          "createdAt": "2020-08-06T01:46:41.577Z",
          "updatedAt": "2020-08-06T01:47:36.62Z",
          "serviceBusEndpoint": "https://sdk-eventhub-Namespace-8951.servicebus.windows.net:443/",
          "status": "Removing"
        }
      }
    },
    {
      "RequestUri": "https://management.azure.com/subscriptions/c9cbd920-c00c-427c-852b-8aaf38badaeb/resourceGroups/Default-EventHub-8894/providers/Microsoft.EventHub/namespaces/sdk-eventhub-Namespace-8951/operationresults/sdk-eventhub-Namespace-8951?api-version=2018-01-01-preview",
      "RequestMethod": "GET",
      "RequestHeaders": {
        "Authorization": "Sanitized",
        "User-Agent": [
          "azsdk-net-ResourceManager.EventHubs/1.0.0-dev.20200804.1",
          "(.NET Core 4.6.28619.01; Microsoft Windows 10.0.19041 )"
        ],
        "x-ms-client-request-id": "c7fd8c13e9c84f77c670992e2c16b9f2",
        "x-ms-return-client-request-id": "true"
      },
      "RequestBody": null,
      "StatusCode": 202,
      "ResponseHeaders": {
        "Cache-Control": "no-cache",
        "Content-Length": "774",
        "Content-Type": "application/json; charset=utf-8",
        "Date": "Thu, 06 Aug 2020 01:48:01 GMT",
        "Expires": "-1",
        "Location": "https://management.azure.com/subscriptions/c9cbd920-c00c-427c-852b-8aaf38badaeb/resourceGroups/Default-EventHub-8894/providers/Microsoft.EventHub/namespaces/sdk-eventhub-Namespace-8951/operationresults/sdk-eventhub-Namespace-8951?api-version=2018-01-01-preview",
        "Pragma": "no-cache",
        "Retry-After": "59",
        "Server": [
          "Service-Bus-Resource-Provider/CH3",
          "Microsoft-HTTPAPI/2.0"
        ],
        "Server-SB": "Service-Bus-Resource-Provider/CH3",
        "Strict-Transport-Security": "max-age=31536000; includeSubDomains",
        "X-Content-Type-Options": "nosniff",
        "x-ms-client-request-id": "c7fd8c13e9c84f77c670992e2c16b9f2",
        "x-ms-correlation-request-id": "808aaf4f-c7c3-4a91-9bd4-262b2d259249",
        "x-ms-ratelimit-remaining-subscription-reads": "11908",
        "x-ms-request-id": "aa663889-5bcc-4716-beed-559c9a426fd6_M11CH3_M11CH3",
        "x-ms-routing-request-id": "SOUTHEASTASIA:20200806T014801Z:808aaf4f-c7c3-4a91-9bd4-262b2d259249"
      },
      "ResponseBody": {
        "sku": {
          "name": "Standard",
          "tier": "Standard",
          "capacity": 1
        },
        "id": "/subscriptions/c9cbd920-c00c-427c-852b-8aaf38badaeb/resourceGroups/Default-EventHub-8894/providers/Microsoft.EventHub/namespaces/sdk-eventhub-Namespace-8951",
        "name": "sdk-eventhub-Namespace-8951",
        "type": "Microsoft.EventHub/Namespaces",
        "location": "Australia East",
        "tags": {
          "tag3": "value3",
          "tag4": "value4"
        },
        "properties": {
          "zoneRedundant": false,
          "isAutoInflateEnabled": false,
          "maximumThroughputUnits": 0,
          "kafkaEnabled": true,
          "provisioningState": "Succeeded",
          "metricId": "c9cbd920-c00c-427c-852b-8aaf38badaeb:sdk-eventhub-namespace-8951",
          "createdAt": "2020-08-06T01:46:41.577Z",
          "updatedAt": "2020-08-06T01:47:36.62Z",
          "serviceBusEndpoint": "https://sdk-eventhub-Namespace-8951.servicebus.windows.net:443/",
          "status": "Removing"
        }
      }
    },
    {
      "RequestUri": "https://management.azure.com/subscriptions/c9cbd920-c00c-427c-852b-8aaf38badaeb/resourceGroups/Default-EventHub-8894/providers/Microsoft.EventHub/namespaces/sdk-eventhub-Namespace-8951/operationresults/sdk-eventhub-Namespace-8951?api-version=2018-01-01-preview",
      "RequestMethod": "GET",
      "RequestHeaders": {
        "Authorization": "Sanitized",
        "User-Agent": [
          "azsdk-net-ResourceManager.EventHubs/1.0.0-dev.20200804.1",
          "(.NET Core 4.6.28619.01; Microsoft Windows 10.0.19041 )"
        ],
        "x-ms-client-request-id": "cc6c5c5f3437bc719ec8d31d11c2bac2",
        "x-ms-return-client-request-id": "true"
      },
      "RequestBody": null,
      "StatusCode": 200,
      "ResponseHeaders": {
        "Cache-Control": "no-cache",
        "Content-Length": "0",
        "Date": "Thu, 06 Aug 2020 01:48:02 GMT",
        "Expires": "-1",
        "Pragma": "no-cache",
        "Server": [
          "Service-Bus-Resource-Provider/CH3",
          "Microsoft-HTTPAPI/2.0"
        ],
        "Server-SB": "Service-Bus-Resource-Provider/CH3",
        "Strict-Transport-Security": "max-age=31536000; includeSubDomains",
        "X-Content-Type-Options": "nosniff",
        "x-ms-client-request-id": "cc6c5c5f3437bc719ec8d31d11c2bac2",
        "x-ms-correlation-request-id": "007f0818-c3f9-4b37-af93-bc497eaf2261",
        "x-ms-ratelimit-remaining-subscription-reads": "11907",
        "x-ms-request-id": "dfa94553-328b-4667-90d7-9f95116305ed_M11CH3_M11CH3",
        "x-ms-routing-request-id": "SOUTHEASTASIA:20200806T014802Z:007f0818-c3f9-4b37-af93-bc497eaf2261"
      },
      "ResponseBody": []
    }
  ],
  "Variables": {
    "RandomSeed": "2002034648",
    "SUBSCRIPTION_ID": "c9cbd920-c00c-427c-852b-8aaf38badaeb"
  }
}