{
  "Entries": [
    {
      "RequestUri": "/subscriptions/0296790d-427c-48ca-b204-8b729bbd8670/resourcegroups/crptestar6701?api-version=2017-05-10",
      "EncodedRequestUri": "L3N1YnNjcmlwdGlvbnMvMDI5Njc5MGQtNDI3Yy00OGNhLWIyMDQtOGI3MjliYmQ4NjcwL3Jlc291cmNlZ3JvdXBzL2NycHRlc3RhcjY3MDE/YXBpLXZlcnNpb249MjAxNy0wNS0xMA==",
      "RequestMethod": "PUT",
      "RequestBody": "{\r\n  \"location\": \"centraluseuap\"\r\n}",
      "RequestHeaders": {
        "x-ms-client-request-id": [
          "c751a668-a98f-47d1-af75-0a112f3af2ea"
        ],
        "Accept-Language": [
          "en-US"
        ],
        "User-Agent": [
          "FxVersion/4.6.30411.01",
          "OSName/Windows",
          "OSVersion/Microsoft.Windows.10.0.19044.",
          "Microsoft.Azure.Management.ResourceManager.ResourceManagementClient/1.6.0.0"
        ],
        "Content-Type": [
          "application/json; charset=utf-8"
        ],
        "Content-Length": [
          "35"
        ]
      },
      "ResponseHeaders": {
        "Cache-Control": [
          "no-cache"
        ],
        "Pragma": [
          "no-cache"
        ],
        "x-ms-ratelimit-remaining-subscription-writes": [
          "1199"
        ],
        "x-ms-request-id": [
          "8f30370b-ef42-44bd-a85d-508f463e65be"
        ],
        "x-ms-correlation-request-id": [
          "8f30370b-ef42-44bd-a85d-508f463e65be"
        ],
        "x-ms-routing-request-id": [
          "SOUTHINDIA:20211123T163453Z:8f30370b-ef42-44bd-a85d-508f463e65be"
        ],
        "Strict-Transport-Security": [
          "max-age=31536000; includeSubDomains"
        ],
        "X-Content-Type-Options": [
          "nosniff"
        ],
        "Date": [
          "Tue, 23 Nov 2021 16:34:53 GMT"
        ],
        "Content-Length": [
          "186"
        ],
        "Content-Type": [
          "application/json; charset=utf-8"
        ],
        "Expires": [
          "-1"
        ]
      },
      "ResponseBody": "{\r\n  \"id\": \"/subscriptions/0296790d-427c-48ca-b204-8b729bbd8670/resourceGroups/crptestar6701\",\r\n  \"name\": \"crptestar6701\",\r\n  \"location\": \"centraluseuap\",\r\n  \"properties\": {\r\n    \"provisioningState\": \"Succeeded\"\r\n  }\r\n}",
      "StatusCode": 201
    },
    {
      "RequestUri": "/subscriptions/0296790d-427c-48ca-b204-8b729bbd8670/resourceGroups/crptestar6701/providers/Microsoft.Compute/diskEncryptionSets/diskrp2547?api-version=2021-08-01",
      "EncodedRequestUri": "L3N1YnNjcmlwdGlvbnMvMDI5Njc5MGQtNDI3Yy00OGNhLWIyMDQtOGI3MjliYmQ4NjcwL3Jlc291cmNlR3JvdXBzL2NycHRlc3RhcjY3MDEvcHJvdmlkZXJzL01pY3Jvc29mdC5Db21wdXRlL2Rpc2tFbmNyeXB0aW9uU2V0cy9kaXNrcnAyNTQ3P2FwaS12ZXJzaW9uPTIwMjEtMDgtMDE=",
      "RequestMethod": "PUT",
      "RequestBody": "{\r\n  \"identity\": {\r\n    \"type\": \"SystemAssigned\"\r\n  },\r\n  \"properties\": {\r\n    \"encryptionType\": \"ConfidentialVmEncryptedWithCustomerKey\",\r\n    \"activeKey\": {\r\n      \"sourceVault\": {\r\n        \"id\": \"/subscriptions/0296790d-427c-48ca-b204-8b729bbd8670/resourcegroups/RGforSDKtestResources/providers/Microsoft.KeyVault/vaults/KeyVaultforTest\"\r\n      },\r\n      \"keyUrl\": \"https://keyvaultfortest.vault.azure.net/keys/KeyforTest/d2312bdc83184b77ae469668c5595e53\"\r\n    }\r\n  },\r\n  \"location\": \"centraluseuap\"\r\n}",
      "RequestHeaders": {
        "x-ms-client-request-id": [
          "f9cc0c19-5c32-4701-a64d-e8d56148043c"
        ],
        "Accept-Language": [
          "en-US"
        ],
        "User-Agent": [
          "FxVersion/4.6.30411.01",
          "OSName/Windows",
          "OSVersion/Microsoft.Windows.10.0.19044.",
          "Microsoft.Azure.Management.Compute.ComputeManagementClient/50.0.0"
        ],
        "Content-Type": [
          "application/json; charset=utf-8"
        ],
        "Content-Length": [
          "505"
        ]
      },
      "ResponseHeaders": {
        "Cache-Control": [
          "no-cache"
        ],
        "Pragma": [
          "no-cache"
        ],
        "Location": [
          "https://management.azure.com/subscriptions/0296790d-427c-48ca-b204-8b729bbd8670/providers/Microsoft.Compute/locations/centraluseuap/DiskOperations/f1e75b7f-f67a-4e5c-970a-970af4d76ad4?p=eeaf5299-aba8-4290-a7f0-860f286922fd&monitor=true&api-version=2021-08-01"
        ],
        "Azure-AsyncOperation": [
          "https://management.azure.com/subscriptions/0296790d-427c-48ca-b204-8b729bbd8670/providers/Microsoft.Compute/locations/centraluseuap/DiskOperations/f1e75b7f-f67a-4e5c-970a-970af4d76ad4?p=eeaf5299-aba8-4290-a7f0-860f286922fd&api-version=2021-08-01"
        ],
        "x-ms-ratelimit-remaining-resource": [
          "Microsoft.Compute/HighCostDiskEncryptionSet3Min;99,Microsoft.Compute/HighCostDiskEncryptionSet30Min;296"
        ],
        "Strict-Transport-Security": [
          "max-age=31536000; includeSubDomains"
        ],
        "x-ms-served-by": [
          "eeaf5299-aba8-4290-a7f0-860f286922fd_132811546079068915"
        ],
        "x-ms-request-id": [
          "f1e75b7f-f67a-4e5c-970a-970af4d76ad4"
        ],
        "Server": [
          "Microsoft-HTTPAPI/2.0",
          "Microsoft-HTTPAPI/2.0"
        ],
        "x-ms-ratelimit-remaining-subscription-writes": [
          "1198"
        ],
        "x-ms-correlation-request-id": [
          "746cbbe6-984e-4cf6-99f7-19fbf9195459"
        ],
        "x-ms-routing-request-id": [
          "SOUTHINDIA:20211123T163504Z:746cbbe6-984e-4cf6-99f7-19fbf9195459"
        ],
        "X-Content-Type-Options": [
          "nosniff"
        ],
        "Date": [
          "Tue, 23 Nov 2021 16:35:04 GMT"
        ],
        "Content-Length": [
          "543"
        ],
        "Content-Type": [
          "application/json; charset=utf-8"
        ],
        "Expires": [
          "-1"
        ]
      },
      "ResponseBody": "{\r\n  \"location\": \"centraluseuap\",\r\n  \"identity\": {\r\n    \"type\": \"SystemAssigned\"\r\n  },\r\n  \"properties\": {\r\n    \"activeKey\": {\r\n      \"sourceVault\": {\r\n        \"id\": \"/subscriptions/0296790d-427c-48ca-b204-8b729bbd8670/resourcegroups/RGforSDKtestResources/providers/Microsoft.KeyVault/vaults/KeyVaultforTest\"\r\n      },\r\n      \"keyUrl\": \"https://keyvaultfortest.vault.azure.net/keys/KeyforTest/d2312bdc83184b77ae469668c5595e53\"\r\n    },\r\n    \"encryptionType\": \"ConfidentialVmEncryptedWithCustomerKey\",\r\n    \"provisioningState\": \"Updating\"\r\n  }\r\n}",
      "StatusCode": 202
    },
    {
      "RequestUri": "/subscriptions/0296790d-427c-48ca-b204-8b729bbd8670/providers/Microsoft.Compute/locations/centraluseuap/DiskOperations/f1e75b7f-f67a-4e5c-970a-970af4d76ad4?p=eeaf5299-aba8-4290-a7f0-860f286922fd&api-version=2021-08-01",
      "EncodedRequestUri": "L3N1YnNjcmlwdGlvbnMvMDI5Njc5MGQtNDI3Yy00OGNhLWIyMDQtOGI3MjliYmQ4NjcwL3Byb3ZpZGVycy9NaWNyb3NvZnQuQ29tcHV0ZS9sb2NhdGlvbnMvY2VudHJhbHVzZXVhcC9EaXNrT3BlcmF0aW9ucy9mMWU3NWI3Zi1mNjdhLTRlNWMtOTcwYS05NzBhZjRkNzZhZDQ/cD1lZWFmNTI5OS1hYmE4LTQyOTAtYTdmMC04NjBmMjg2OTIyZmQmYXBpLXZlcnNpb249MjAyMS0wOC0wMQ==",
      "RequestMethod": "GET",
      "RequestBody": "",
      "RequestHeaders": {
        "User-Agent": [
          "FxVersion/4.6.30411.01",
          "OSName/Windows",
          "OSVersion/Microsoft.Windows.10.0.19044.",
          "Microsoft.Azure.Management.Compute.ComputeManagementClient/50.0.0"
        ]
      },
      "ResponseHeaders": {
        "Cache-Control": [
          "no-cache"
        ],
        "Pragma": [
          "no-cache"
        ],
        "x-ms-ratelimit-remaining-resource": [
          "Microsoft.Compute/GetOperation3Min;49998,Microsoft.Compute/GetOperation30Min;399991"
        ],
        "Strict-Transport-Security": [
          "max-age=31536000; includeSubDomains"
        ],
        "x-ms-served-by": [
          "eeaf5299-aba8-4290-a7f0-860f286922fd_132811546079068915"
        ],
        "x-ms-request-id": [
          "0a638d0a-c5f6-4262-bef9-69f650732e19"
        ],
        "Server": [
          "Microsoft-HTTPAPI/2.0",
          "Microsoft-HTTPAPI/2.0"
        ],
        "x-ms-ratelimit-remaining-subscription-reads": [
          "11999"
        ],
        "x-ms-correlation-request-id": [
          "9d54a687-c27e-4a49-82c3-790c406ff233"
        ],
        "x-ms-routing-request-id": [
          "SOUTHINDIA:20211123T163535Z:9d54a687-c27e-4a49-82c3-790c406ff233"
        ],
        "X-Content-Type-Options": [
          "nosniff"
        ],
        "Date": [
          "Tue, 23 Nov 2021 16:35:34 GMT"
        ],
        "Content-Length": [
          "987"
        ],
        "Content-Type": [
          "application/json; charset=utf-8"
        ],
        "Expires": [
          "-1"
        ]
      },
      "ResponseBody": "{\r\n  \"startTime\": \"2021-11-23T22:05:04.7496801+05:30\",\r\n  \"endTime\": \"2021-11-23T22:05:04.843388+05:30\",\r\n  \"status\": \"Succeeded\",\r\n  \"properties\": {\r\n    \"output\": {\r\n      \"name\": \"diskrp2547\",\r\n      \"id\": \"/subscriptions/0296790d-427c-48ca-b204-8b729bbd8670/resourceGroups/crptestar6701/providers/Microsoft.Compute/diskEncryptionSets/diskrp2547\",\r\n      \"type\": \"Microsoft.Compute/diskEncryptionSets\",\r\n      \"location\": \"centraluseuap\",\r\n      \"identity\": {\r\n        \"type\": \"SystemAssigned\",\r\n        \"principalId\": \"39c99316-12b7-4b6f-9deb-c56dd11f96fd\",\r\n        \"tenantId\": \"72f988bf-86f1-41af-91ab-2d7cd011db47\"\r\n      },\r\n      \"properties\": {\r\n        \"activeKey\": {\r\n          \"sourceVault\": {\r\n            \"id\": \"/subscriptions/0296790d-427c-48ca-b204-8b729bbd8670/resourcegroups/RGforSDKtestResources/providers/Microsoft.KeyVault/vaults/KeyVaultforTest\"\r\n          },\r\n          \"keyUrl\": \"https://keyvaultfortest.vault.azure.net/keys/KeyforTest/d2312bdc83184b77ae469668c5595e53\"\r\n        },\r\n        \"encryptionType\": \"ConfidentialVmEncryptedWithCustomerKey\",\r\n        \"provisioningState\": \"Succeeded\"\r\n      }\r\n    }\r\n  },\r\n  \"name\": \"f1e75b7f-f67a-4e5c-970a-970af4d76ad4\"\r\n}",
      "StatusCode": 200
    },
    {
      "RequestUri": "/subscriptions/0296790d-427c-48ca-b204-8b729bbd8670/resourceGroups/crptestar6701/providers/Microsoft.Compute/diskEncryptionSets/diskrp2547?api-version=2021-08-01",
      "EncodedRequestUri": "L3N1YnNjcmlwdGlvbnMvMDI5Njc5MGQtNDI3Yy00OGNhLWIyMDQtOGI3MjliYmQ4NjcwL3Jlc291cmNlR3JvdXBzL2NycHRlc3RhcjY3MDEvcHJvdmlkZXJzL01pY3Jvc29mdC5Db21wdXRlL2Rpc2tFbmNyeXB0aW9uU2V0cy9kaXNrcnAyNTQ3P2FwaS12ZXJzaW9uPTIwMjEtMDgtMDE=",
      "RequestMethod": "GET",
      "RequestBody": "",
      "RequestHeaders": {
        "User-Agent": [
          "FxVersion/4.6.30411.01",
          "OSName/Windows",
          "OSVersion/Microsoft.Windows.10.0.19044.",
          "Microsoft.Azure.Management.Compute.ComputeManagementClient/50.0.0"
        ]
      },
      "ResponseHeaders": {
        "Cache-Control": [
          "no-cache"
        ],
        "Pragma": [
          "no-cache"
        ],
        "x-ms-ratelimit-remaining-resource": [
          "Microsoft.Compute/LowCostGet3Min;14997,Microsoft.Compute/LowCostGet30Min;119963"
        ],
        "Strict-Transport-Security": [
          "max-age=31536000; includeSubDomains"
        ],
        "x-ms-served-by": [
          "eeaf5299-aba8-4290-a7f0-860f286922fd_132811546079068915"
        ],
        "x-ms-request-id": [
          "5708b8db-5b6b-4395-9140-82a9435f1157"
        ],
        "Server": [
          "Microsoft-HTTPAPI/2.0",
          "Microsoft-HTTPAPI/2.0"
        ],
        "x-ms-ratelimit-remaining-subscription-reads": [
          "11998"
        ],
        "x-ms-correlation-request-id": [
          "216d997f-fdfb-4497-87f2-c77437e04036"
        ],
        "x-ms-routing-request-id": [
          "SOUTHINDIA:20211123T163535Z:216d997f-fdfb-4497-87f2-c77437e04036"
        ],
        "X-Content-Type-Options": [
          "nosniff"
        ],
        "Date": [
          "Tue, 23 Nov 2021 16:35:35 GMT"
        ],
        "Content-Length": [
          "888"
        ],
        "Content-Type": [
          "application/json; charset=utf-8"
        ],
        "Expires": [
          "-1"
        ]
      },
      "ResponseBody": "{\r\n  \"name\": \"diskrp2547\",\r\n  \"id\": \"/subscriptions/0296790d-427c-48ca-b204-8b729bbd8670/resourceGroups/crptestar6701/providers/Microsoft.Compute/diskEncryptionSets/diskrp2547\",\r\n  \"type\": \"Microsoft.Compute/diskEncryptionSets\",\r\n  \"location\": \"centraluseuap\",\r\n  \"identity\": {\r\n    \"type\": \"SystemAssigned\",\r\n    \"principalId\": \"39c99316-12b7-4b6f-9deb-c56dd11f96fd\",\r\n    \"tenantId\": \"72f988bf-86f1-41af-91ab-2d7cd011db47\"\r\n  },\r\n  \"properties\": {\r\n    \"activeKey\": {\r\n      \"sourceVault\": {\r\n        \"id\": \"/subscriptions/0296790d-427c-48ca-b204-8b729bbd8670/resourcegroups/RGforSDKtestResources/providers/Microsoft.KeyVault/vaults/KeyVaultforTest\"\r\n      },\r\n      \"keyUrl\": \"https://keyvaultfortest.vault.azure.net/keys/KeyforTest/d2312bdc83184b77ae469668c5595e53\"\r\n    },\r\n    \"encryptionType\": \"ConfidentialVmEncryptedWithCustomerKey\",\r\n    \"provisioningState\": \"Succeeded\"\r\n  }\r\n}",
      "StatusCode": 200
    },
    {
      "RequestUri": "/subscriptions/0296790d-427c-48ca-b204-8b729bbd8670/resourceGroups/crptestar6701/providers/Microsoft.Compute/diskEncryptionSets/diskrp2547?api-version=2021-08-01",
      "EncodedRequestUri": "L3N1YnNjcmlwdGlvbnMvMDI5Njc5MGQtNDI3Yy00OGNhLWIyMDQtOGI3MjliYmQ4NjcwL3Jlc291cmNlR3JvdXBzL2NycHRlc3RhcjY3MDEvcHJvdmlkZXJzL01pY3Jvc29mdC5Db21wdXRlL2Rpc2tFbmNyeXB0aW9uU2V0cy9kaXNrcnAyNTQ3P2FwaS12ZXJzaW9uPTIwMjEtMDgtMDE=",
      "RequestMethod": "GET",
      "RequestBody": "",
      "RequestHeaders": {
        "x-ms-client-request-id": [
          "9e0c08ab-a961-4ef6-8c18-111490d3d43c"
        ],
        "Accept-Language": [
          "en-US"
        ],
        "User-Agent": [
          "FxVersion/4.6.30411.01",
          "OSName/Windows",
          "OSVersion/Microsoft.Windows.10.0.19044.",
          "Microsoft.Azure.Management.Compute.ComputeManagementClient/50.0.0"
        ]
      },
      "ResponseHeaders": {
        "Cache-Control": [
          "no-cache"
        ],
        "Pragma": [
          "no-cache"
        ],
        "x-ms-ratelimit-remaining-resource": [
          "Microsoft.Compute/LowCostGet3Min;14996,Microsoft.Compute/LowCostGet30Min;119962"
        ],
        "Strict-Transport-Security": [
          "max-age=31536000; includeSubDomains"
        ],
        "x-ms-served-by": [
          "eeaf5299-aba8-4290-a7f0-860f286922fd_132811546079068915"
        ],
        "x-ms-request-id": [
          "796847ca-111f-45ef-8c62-7f9f0b21ddb5"
        ],
        "Server": [
          "Microsoft-HTTPAPI/2.0",
          "Microsoft-HTTPAPI/2.0"
        ],
        "x-ms-ratelimit-remaining-subscription-reads": [
          "11997"
        ],
        "x-ms-correlation-request-id": [
          "1123ce19-7811-4a48-be4e-e5bdf373e1df"
        ],
        "x-ms-routing-request-id": [
          "SOUTHINDIA:20211123T163536Z:1123ce19-7811-4a48-be4e-e5bdf373e1df"
        ],
        "X-Content-Type-Options": [
          "nosniff"
        ],
        "Date": [
          "Tue, 23 Nov 2021 16:35:35 GMT"
        ],
        "Content-Length": [
          "888"
        ],
        "Content-Type": [
          "application/json; charset=utf-8"
        ],
        "Expires": [
          "-1"
        ]
      },
      "ResponseBody": "{\r\n  \"name\": \"diskrp2547\",\r\n  \"id\": \"/subscriptions/0296790d-427c-48ca-b204-8b729bbd8670/resourceGroups/crptestar6701/providers/Microsoft.Compute/diskEncryptionSets/diskrp2547\",\r\n  \"type\": \"Microsoft.Compute/diskEncryptionSets\",\r\n  \"location\": \"centraluseuap\",\r\n  \"identity\": {\r\n    \"type\": \"SystemAssigned\",\r\n    \"principalId\": \"39c99316-12b7-4b6f-9deb-c56dd11f96fd\",\r\n    \"tenantId\": \"72f988bf-86f1-41af-91ab-2d7cd011db47\"\r\n  },\r\n  \"properties\": {\r\n    \"activeKey\": {\r\n      \"sourceVault\": {\r\n        \"id\": \"/subscriptions/0296790d-427c-48ca-b204-8b729bbd8670/resourcegroups/RGforSDKtestResources/providers/Microsoft.KeyVault/vaults/KeyVaultforTest\"\r\n      },\r\n      \"keyUrl\": \"https://keyvaultfortest.vault.azure.net/keys/KeyforTest/d2312bdc83184b77ae469668c5595e53\"\r\n    },\r\n    \"encryptionType\": \"ConfidentialVmEncryptedWithCustomerKey\",\r\n    \"provisioningState\": \"Succeeded\"\r\n  }\r\n}",
      "StatusCode": 200
    },
    {
      "RequestUri": "/subscriptions/0296790d-427c-48ca-b204-8b729bbd8670/resourceGroups/crptestar6701/providers/Microsoft.Compute/diskEncryptionSets/diskrp2547?api-version=2021-08-01",
      "EncodedRequestUri": "L3N1YnNjcmlwdGlvbnMvMDI5Njc5MGQtNDI3Yy00OGNhLWIyMDQtOGI3MjliYmQ4NjcwL3Jlc291cmNlR3JvdXBzL2NycHRlc3RhcjY3MDEvcHJvdmlkZXJzL01pY3Jvc29mdC5Db21wdXRlL2Rpc2tFbmNyeXB0aW9uU2V0cy9kaXNrcnAyNTQ3P2FwaS12ZXJzaW9uPTIwMjEtMDgtMDE=",
      "RequestMethod": "GET",
      "RequestBody": "",
      "RequestHeaders": {
        "User-Agent": [
          "FxVersion/4.6.30411.01",
          "OSName/Windows",
          "OSVersion/Microsoft.Windows.10.0.19044.",
          "Microsoft.Azure.Management.Compute.ComputeManagementClient/50.0.0"
        ]
      },
      "ResponseHeaders": {
        "Cache-Control": [
          "no-cache"
        ],
        "Pragma": [
          "no-cache"
        ],
        "x-ms-ratelimit-remaining-resource": [
          "Microsoft.Compute/LowCostGet3Min;14993,Microsoft.Compute/LowCostGet30Min;119959"
        ],
        "Strict-Transport-Security": [
          "max-age=31536000; includeSubDomains"
        ],
        "x-ms-served-by": [
          "eeaf5299-aba8-4290-a7f0-860f286922fd_132811546079068915"
        ],
        "x-ms-request-id": [
          "e30d9e2d-6be2-434e-a27a-cfcf9f2971c4"
        ],
        "Server": [
          "Microsoft-HTTPAPI/2.0",
          "Microsoft-HTTPAPI/2.0"
        ],
        "x-ms-ratelimit-remaining-subscription-reads": [
          "11995"
        ],
        "x-ms-correlation-request-id": [
          "97c77a55-d42c-406c-807d-3918f508cf89"
        ],
        "x-ms-routing-request-id": [
          "SOUTHINDIA:20211123T163607Z:97c77a55-d42c-406c-807d-3918f508cf89"
        ],
        "X-Content-Type-Options": [
          "nosniff"
        ],
        "Date": [
          "Tue, 23 Nov 2021 16:36:06 GMT"
        ],
        "Content-Length": [
          "934"
        ],
        "Content-Type": [
          "application/json; charset=utf-8"
        ],
        "Expires": [
          "-1"
        ]
      },
      "ResponseBody": "{\r\n  \"name\": \"diskrp2547\",\r\n  \"id\": \"/subscriptions/0296790d-427c-48ca-b204-8b729bbd8670/resourceGroups/crptestar6701/providers/Microsoft.Compute/diskEncryptionSets/diskrp2547\",\r\n  \"type\": \"Microsoft.Compute/diskEncryptionSets\",\r\n  \"location\": \"centraluseuap\",\r\n  \"tags\": {\r\n    \"tageKey\": \"tagvalue\"\r\n  },\r\n  \"identity\": {\r\n    \"type\": \"SystemAssigned\",\r\n    \"principalId\": \"39c99316-12b7-4b6f-9deb-c56dd11f96fd\",\r\n    \"tenantId\": \"72f988bf-86f1-41af-91ab-2d7cd011db47\"\r\n  },\r\n  \"properties\": {\r\n    \"activeKey\": {\r\n      \"sourceVault\": {\r\n        \"id\": \"/subscriptions/0296790d-427c-48ca-b204-8b729bbd8670/resourcegroups/RGforSDKtestResources/providers/Microsoft.KeyVault/vaults/KeyVaultforTest\"\r\n      },\r\n      \"keyUrl\": \"https://keyvaultfortest.vault.azure.net/keys/KeyforTest/d2312bdc83184b77ae469668c5595e53\"\r\n    },\r\n    \"encryptionType\": \"ConfidentialVmEncryptedWithCustomerKey\",\r\n    \"provisioningState\": \"Succeeded\"\r\n  }\r\n}",
      "StatusCode": 200
    },
    {
      "RequestUri": "/subscriptions/0296790d-427c-48ca-b204-8b729bbd8670/resourceGroups/crptestar6701/providers/Microsoft.Compute/diskEncryptionSets/diskrp2547?api-version=2021-08-01",
      "EncodedRequestUri": "L3N1YnNjcmlwdGlvbnMvMDI5Njc5MGQtNDI3Yy00OGNhLWIyMDQtOGI3MjliYmQ4NjcwL3Jlc291cmNlR3JvdXBzL2NycHRlc3RhcjY3MDEvcHJvdmlkZXJzL01pY3Jvc29mdC5Db21wdXRlL2Rpc2tFbmNyeXB0aW9uU2V0cy9kaXNrcnAyNTQ3P2FwaS12ZXJzaW9uPTIwMjEtMDgtMDE=",
      "RequestMethod": "GET",
      "RequestBody": "",
      "RequestHeaders": {
        "x-ms-client-request-id": [
          "735d7af2-eecc-4072-8e42-0c93bd727e29"
        ],
        "Accept-Language": [
          "en-US"
        ],
        "User-Agent": [
          "FxVersion/4.6.30411.01",
          "OSName/Windows",
          "OSVersion/Microsoft.Windows.10.0.19044.",
          "Microsoft.Azure.Management.Compute.ComputeManagementClient/50.0.0"
        ]
      },
      "ResponseHeaders": {
        "Cache-Control": [
          "no-cache"
        ],
        "Pragma": [
          "no-cache"
        ],
        "x-ms-failure-cause": [
          "gateway"
        ],
        "x-ms-request-id": [
          "57560599-d2e2-4196-bd2e-f20a9f9cb04c"
        ],
        "x-ms-correlation-request-id": [
          "57560599-d2e2-4196-bd2e-f20a9f9cb04c"
        ],
        "x-ms-routing-request-id": [
          "SOUTHINDIA:20211123T163640Z:57560599-d2e2-4196-bd2e-f20a9f9cb04c"
        ],
        "Strict-Transport-Security": [
          "max-age=31536000; includeSubDomains"
        ],
        "X-Content-Type-Options": [
          "nosniff"
        ],
        "Date": [
          "Tue, 23 Nov 2021 16:36:39 GMT"
        ],
        "Content-Type": [
          "application/json; charset=utf-8"
        ],
        "Expires": [
          "-1"
        ],
        "Content-Length": [
          "232"
        ]
      },
      "ResponseBody": "{\r\n  \"error\": {\r\n    \"code\": \"ResourceNotFound\",\r\n    \"message\": \"The Resource 'Microsoft.Compute/diskEncryptionSets/diskrp2547' under resource group 'crptestar6701' was not found. For more details please go to https://aka.ms/ARMResourceNotFoundFix\"\r\n  }\r\n}",
      "StatusCode": 404
    },
    {
      "RequestUri": "/subscriptions/0296790d-427c-48ca-b204-8b729bbd8670/resourceGroups/crptestar6701/providers/Microsoft.Compute/diskEncryptionSets/diskrp2547?api-version=2021-08-01",
      "EncodedRequestUri": "L3N1YnNjcmlwdGlvbnMvMDI5Njc5MGQtNDI3Yy00OGNhLWIyMDQtOGI3MjliYmQ4NjcwL3Jlc291cmNlR3JvdXBzL2NycHRlc3RhcjY3MDEvcHJvdmlkZXJzL01pY3Jvc29mdC5Db21wdXRlL2Rpc2tFbmNyeXB0aW9uU2V0cy9kaXNrcnAyNTQ3P2FwaS12ZXJzaW9uPTIwMjEtMDgtMDE=",
      "RequestMethod": "PATCH",
      "RequestBody": "{\r\n  \"tags\": {\r\n    \"tageKey\": \"tagvalue\"\r\n  }\r\n}",
      "RequestHeaders": {
        "x-ms-client-request-id": [
          "3aa285c9-57aa-4545-8498-10d2c476c6d9"
        ],
        "Accept-Language": [
          "en-US"
        ],
        "User-Agent": [
          "FxVersion/4.6.30411.01",
          "OSName/Windows",
          "OSVersion/Microsoft.Windows.10.0.19044.",
          "Microsoft.Azure.Management.Compute.ComputeManagementClient/50.0.0"
        ],
        "Content-Type": [
          "application/json; charset=utf-8"
        ],
        "Content-Length": [
          "49"
        ]
      },
      "ResponseHeaders": {
        "Cache-Control": [
          "no-cache"
        ],
        "Pragma": [
          "no-cache"
        ],
        "Location": [
          "https://management.azure.com/subscriptions/0296790d-427c-48ca-b204-8b729bbd8670/providers/Microsoft.Compute/locations/centraluseuap/DiskOperations/adb2e9c3-fcfe-4651-9e7f-7a1c90bbc934?p=eeaf5299-aba8-4290-a7f0-860f286922fd&monitor=true&api-version=2021-08-01"
        ],
        "Azure-AsyncOperation": [
          "https://management.azure.com/subscriptions/0296790d-427c-48ca-b204-8b729bbd8670/providers/Microsoft.Compute/locations/centraluseuap/DiskOperations/adb2e9c3-fcfe-4651-9e7f-7a1c90bbc934?p=eeaf5299-aba8-4290-a7f0-860f286922fd&api-version=2021-08-01"
        ],
        "x-ms-ratelimit-remaining-resource": [
          "Microsoft.Compute/HighCostDiskEncryptionSet3Min;98,Microsoft.Compute/HighCostDiskEncryptionSet30Min;295"
        ],
        "Strict-Transport-Security": [
          "max-age=31536000; includeSubDomains"
        ],
        "x-ms-served-by": [
          "eeaf5299-aba8-4290-a7f0-860f286922fd_132811546079068915"
        ],
        "x-ms-request-id": [
          "adb2e9c3-fcfe-4651-9e7f-7a1c90bbc934"
        ],
        "Server": [
          "Microsoft-HTTPAPI/2.0",
          "Microsoft-HTTPAPI/2.0"
        ],
        "x-ms-ratelimit-remaining-subscription-writes": [
          "1197"
        ],
        "x-ms-correlation-request-id": [
          "7c175873-da0d-4b76-9e0a-c480bcb1f3df"
        ],
        "x-ms-routing-request-id": [
          "SOUTHINDIA:20211123T163536Z:7c175873-da0d-4b76-9e0a-c480bcb1f3df"
        ],
        "X-Content-Type-Options": [
          "nosniff"
        ],
        "Date": [
          "Tue, 23 Nov 2021 16:35:36 GMT"
        ],
        "Content-Length": [
          "887"
        ],
        "Content-Type": [
          "application/json; charset=utf-8"
        ],
        "Expires": [
          "-1"
        ]
      },
      "ResponseBody": "{\r\n  \"name\": \"diskrp2547\",\r\n  \"id\": \"/subscriptions/0296790d-427c-48ca-b204-8b729bbd8670/resourceGroups/crptestar6701/providers/Microsoft.Compute/diskEncryptionSets/diskrp2547\",\r\n  \"type\": \"Microsoft.Compute/diskEncryptionSets\",\r\n  \"location\": \"centraluseuap\",\r\n  \"identity\": {\r\n    \"type\": \"SystemAssigned\",\r\n    \"principalId\": \"39c99316-12b7-4b6f-9deb-c56dd11f96fd\",\r\n    \"tenantId\": \"72f988bf-86f1-41af-91ab-2d7cd011db47\"\r\n  },\r\n  \"properties\": {\r\n    \"activeKey\": {\r\n      \"sourceVault\": {\r\n        \"id\": \"/subscriptions/0296790d-427c-48ca-b204-8b729bbd8670/resourcegroups/RGforSDKtestResources/providers/Microsoft.KeyVault/vaults/KeyVaultforTest\"\r\n      },\r\n      \"keyUrl\": \"https://keyvaultfortest.vault.azure.net/keys/KeyforTest/d2312bdc83184b77ae469668c5595e53\"\r\n    },\r\n    \"encryptionType\": \"ConfidentialVmEncryptedWithCustomerKey\",\r\n    \"provisioningState\": \"Updating\"\r\n  }\r\n}",
      "StatusCode": 202
    },
    {
      "RequestUri": "/subscriptions/0296790d-427c-48ca-b204-8b729bbd8670/providers/Microsoft.Compute/locations/centraluseuap/DiskOperations/adb2e9c3-fcfe-4651-9e7f-7a1c90bbc934?p=eeaf5299-aba8-4290-a7f0-860f286922fd&api-version=2021-08-01",
      "EncodedRequestUri": "L3N1YnNjcmlwdGlvbnMvMDI5Njc5MGQtNDI3Yy00OGNhLWIyMDQtOGI3MjliYmQ4NjcwL3Byb3ZpZGVycy9NaWNyb3NvZnQuQ29tcHV0ZS9sb2NhdGlvbnMvY2VudHJhbHVzZXVhcC9EaXNrT3BlcmF0aW9ucy9hZGIyZTljMy1mY2ZlLTQ2NTEtOWU3Zi03YTFjOTBiYmM5MzQ/cD1lZWFmNTI5OS1hYmE4LTQyOTAtYTdmMC04NjBmMjg2OTIyZmQmYXBpLXZlcnNpb249MjAyMS0wOC0wMQ==",
      "RequestMethod": "GET",
      "RequestBody": "",
      "RequestHeaders": {
        "User-Agent": [
          "FxVersion/4.6.30411.01",
          "OSName/Windows",
          "OSVersion/Microsoft.Windows.10.0.19044.",
          "Microsoft.Azure.Management.Compute.ComputeManagementClient/50.0.0"
        ]
      },
      "ResponseHeaders": {
        "Cache-Control": [
          "no-cache"
        ],
        "Pragma": [
          "no-cache"
        ],
        "x-ms-ratelimit-remaining-resource": [
          "Microsoft.Compute/GetOperation3Min;49996,Microsoft.Compute/GetOperation30Min;399989"
        ],
        "Strict-Transport-Security": [
          "max-age=31536000; includeSubDomains"
        ],
        "x-ms-served-by": [
          "eeaf5299-aba8-4290-a7f0-860f286922fd_132811546079068915"
        ],
        "x-ms-request-id": [
          "578a8b25-85aa-4025-99bd-fbc9b90d0a8c"
        ],
        "Server": [
          "Microsoft-HTTPAPI/2.0",
          "Microsoft-HTTPAPI/2.0"
        ],
        "x-ms-ratelimit-remaining-subscription-reads": [
          "11996"
        ],
        "x-ms-correlation-request-id": [
          "35489f96-0791-49f7-b560-448a6c8f68f0"
        ],
        "x-ms-routing-request-id": [
          "SOUTHINDIA:20211123T163607Z:35489f96-0791-49f7-b560-448a6c8f68f0"
        ],
        "X-Content-Type-Options": [
          "nosniff"
        ],
        "Date": [
          "Tue, 23 Nov 2021 16:36:06 GMT"
        ],
        "Content-Length": [
          "1018"
        ],
        "Content-Type": [
          "application/json; charset=utf-8"
        ],
        "Expires": [
          "-1"
        ]
      },
      "ResponseBody": "{\r\n  \"startTime\": \"2021-11-23T22:05:36.8280039+05:30\",\r\n  \"endTime\": \"2021-11-23T22:05:36.9061231+05:30\",\r\n  \"status\": \"Succeeded\",\r\n  \"properties\": {\r\n    \"output\": {\r\n      \"name\": \"diskrp2547\",\r\n      \"id\": \"/subscriptions/0296790d-427c-48ca-b204-8b729bbd8670/resourceGroups/crptestar6701/providers/Microsoft.Compute/diskEncryptionSets/diskrp2547\",\r\n      \"type\": \"Microsoft.Compute/diskEncryptionSets\",\r\n      \"location\": \"centraluseuap\",\r\n      \"tags\": {\r\n        \"tageKey\": \"tagvalue\"\r\n      },\r\n      \"identity\": {\r\n        \"type\": \"SystemAssigned\",\r\n        \"principalId\": \"39c99316-12b7-4b6f-9deb-c56dd11f96fd\",\r\n        \"tenantId\": \"72f988bf-86f1-41af-91ab-2d7cd011db47\"\r\n      },\r\n      \"properties\": {\r\n        \"activeKey\": {\r\n          \"sourceVault\": {\r\n            \"id\": \"/subscriptions/0296790d-427c-48ca-b204-8b729bbd8670/resourcegroups/RGforSDKtestResources/providers/Microsoft.KeyVault/vaults/KeyVaultforTest\"\r\n          },\r\n          \"keyUrl\": \"https://keyvaultfortest.vault.azure.net/keys/KeyforTest/d2312bdc83184b77ae469668c5595e53\"\r\n        },\r\n        \"encryptionType\": \"ConfidentialVmEncryptedWithCustomerKey\",\r\n        \"provisioningState\": \"Succeeded\"\r\n      }\r\n    }\r\n  },\r\n  \"name\": \"adb2e9c3-fcfe-4651-9e7f-7a1c90bbc934\"\r\n}",
      "StatusCode": 200
    },
    {
      "RequestUri": "/subscriptions/0296790d-427c-48ca-b204-8b729bbd8670/resourceGroups/crptestar6701/providers/Microsoft.Compute/diskEncryptionSets/diskrp2547?api-version=2021-08-01",
      "EncodedRequestUri": "L3N1YnNjcmlwdGlvbnMvMDI5Njc5MGQtNDI3Yy00OGNhLWIyMDQtOGI3MjliYmQ4NjcwL3Jlc291cmNlR3JvdXBzL2NycHRlc3RhcjY3MDEvcHJvdmlkZXJzL01pY3Jvc29mdC5Db21wdXRlL2Rpc2tFbmNyeXB0aW9uU2V0cy9kaXNrcnAyNTQ3P2FwaS12ZXJzaW9uPTIwMjEtMDgtMDE=",
      "RequestMethod": "DELETE",
      "RequestBody": "",
      "RequestHeaders": {
        "x-ms-client-request-id": [
          "c1cb3a4b-57c4-4e25-aafc-5f8c4cf04018"
        ],
        "Accept-Language": [
          "en-US"
        ],
        "User-Agent": [
          "FxVersion/4.6.30411.01",
          "OSName/Windows",
          "OSVersion/Microsoft.Windows.10.0.19044.",
          "Microsoft.Azure.Management.Compute.ComputeManagementClient/50.0.0"
        ]
      },
      "ResponseHeaders": {
        "Cache-Control": [
          "no-cache"
        ],
        "Pragma": [
          "no-cache"
        ],
        "Location": [
          "https://management.azure.com/subscriptions/0296790d-427c-48ca-b204-8b729bbd8670/providers/Microsoft.Compute/locations/centraluseuap/DiskOperations/c1659fc9-6d00-4a16-ad05-e0c6980723ce?p=eeaf5299-aba8-4290-a7f0-860f286922fd&monitor=true&api-version=2021-08-01"
        ],
        "Azure-AsyncOperation": [
          "https://management.azure.com/subscriptions/0296790d-427c-48ca-b204-8b729bbd8670/providers/Microsoft.Compute/locations/centraluseuap/DiskOperations/c1659fc9-6d00-4a16-ad05-e0c6980723ce?p=eeaf5299-aba8-4290-a7f0-860f286922fd&api-version=2021-08-01"
        ],
        "x-ms-ratelimit-remaining-resource": [
          "Microsoft.Compute/HighCostDiskEncryptionSet3Min;97,Microsoft.Compute/HighCostDiskEncryptionSet30Min;294"
        ],
        "Strict-Transport-Security": [
          "max-age=31536000; includeSubDomains"
        ],
        "x-ms-served-by": [
          "eeaf5299-aba8-4290-a7f0-860f286922fd_132811546079068915"
        ],
        "x-ms-request-id": [
          "c1659fc9-6d00-4a16-ad05-e0c6980723ce"
        ],
        "Server": [
          "Microsoft-HTTPAPI/2.0",
          "Microsoft-HTTPAPI/2.0"
        ],
        "x-ms-ratelimit-remaining-subscription-deletes": [
          "14999"
        ],
        "x-ms-correlation-request-id": [
          "a83e96ac-c180-4eaf-9768-159255eb703f"
        ],
        "x-ms-routing-request-id": [
          "SOUTHINDIA:20211123T163609Z:a83e96ac-c180-4eaf-9768-159255eb703f"
        ],
        "X-Content-Type-Options": [
          "nosniff"
        ],
        "Date": [
          "Tue, 23 Nov 2021 16:36:08 GMT"
        ],
        "Expires": [
          "-1"
        ],
        "Content-Length": [
          "0"
        ]
      },
      "ResponseBody": "",
      "StatusCode": 202
    },
    {
      "RequestUri": "/subscriptions/0296790d-427c-48ca-b204-8b729bbd8670/providers/Microsoft.Compute/locations/centraluseuap/DiskOperations/c1659fc9-6d00-4a16-ad05-e0c6980723ce?p=eeaf5299-aba8-4290-a7f0-860f286922fd&api-version=2021-08-01",
      "EncodedRequestUri": "L3N1YnNjcmlwdGlvbnMvMDI5Njc5MGQtNDI3Yy00OGNhLWIyMDQtOGI3MjliYmQ4NjcwL3Byb3ZpZGVycy9NaWNyb3NvZnQuQ29tcHV0ZS9sb2NhdGlvbnMvY2VudHJhbHVzZXVhcC9EaXNrT3BlcmF0aW9ucy9jMTY1OWZjOS02ZDAwLTRhMTYtYWQwNS1lMGM2OTgwNzIzY2U/cD1lZWFmNTI5OS1hYmE4LTQyOTAtYTdmMC04NjBmMjg2OTIyZmQmYXBpLXZlcnNpb249MjAyMS0wOC0wMQ==",
      "RequestMethod": "GET",
      "RequestBody": "",
      "RequestHeaders": {
        "User-Agent": [
          "FxVersion/4.6.30411.01",
          "OSName/Windows",
          "OSVersion/Microsoft.Windows.10.0.19044.",
          "Microsoft.Azure.Management.Compute.ComputeManagementClient/50.0.0"
        ]
      },
      "ResponseHeaders": {
        "Cache-Control": [
          "no-cache"
        ],
        "Pragma": [
          "no-cache"
        ],
        "x-ms-ratelimit-remaining-resource": [
          "Microsoft.Compute/GetOperation3Min;49994,Microsoft.Compute/GetOperation30Min;399987"
        ],
        "Strict-Transport-Security": [
          "max-age=31536000; includeSubDomains"
        ],
        "x-ms-served-by": [
          "eeaf5299-aba8-4290-a7f0-860f286922fd_132811546079068915"
        ],
        "x-ms-request-id": [
          "381928c9-3e3f-498f-a153-a61b1caf1abe"
        ],
        "Server": [
          "Microsoft-HTTPAPI/2.0",
          "Microsoft-HTTPAPI/2.0"
        ],
        "x-ms-ratelimit-remaining-subscription-reads": [
          "11994"
        ],
        "x-ms-correlation-request-id": [
          "1545fa72-bdcc-484b-ad19-5bf7e47de4c0"
        ],
        "x-ms-routing-request-id": [
          "SOUTHINDIA:20211123T163639Z:1545fa72-bdcc-484b-ad19-5bf7e47de4c0"
        ],
        "X-Content-Type-Options": [
          "nosniff"
        ],
        "Date": [
          "Tue, 23 Nov 2021 16:36:39 GMT"
        ],
        "Content-Length": [
          "184"
        ],
        "Content-Type": [
          "application/json; charset=utf-8"
        ],
        "Expires": [
          "-1"
        ]
      },
      "ResponseBody": "{\r\n  \"startTime\": \"2021-11-23T22:06:08.9557633+05:30\",\r\n  \"endTime\": \"2021-11-23T22:06:09.0182903+05:30\",\r\n  \"status\": \"Succeeded\",\r\n  \"name\": \"c1659fc9-6d00-4a16-ad05-e0c6980723ce\"\r\n}",
      "StatusCode": 200
    },
    {
      "RequestUri": "/subscriptions/0296790d-427c-48ca-b204-8b729bbd8670/providers/Microsoft.Compute/locations/centraluseuap/DiskOperations/c1659fc9-6d00-4a16-ad05-e0c6980723ce?p=eeaf5299-aba8-4290-a7f0-860f286922fd&monitor=true&api-version=2021-08-01",
      "EncodedRequestUri": "L3N1YnNjcmlwdGlvbnMvMDI5Njc5MGQtNDI3Yy00OGNhLWIyMDQtOGI3MjliYmQ4NjcwL3Byb3ZpZGVycy9NaWNyb3NvZnQuQ29tcHV0ZS9sb2NhdGlvbnMvY2VudHJhbHVzZXVhcC9EaXNrT3BlcmF0aW9ucy9jMTY1OWZjOS02ZDAwLTRhMTYtYWQwNS1lMGM2OTgwNzIzY2U/cD1lZWFmNTI5OS1hYmE4LTQyOTAtYTdmMC04NjBmMjg2OTIyZmQmbW9uaXRvcj10cnVlJmFwaS12ZXJzaW9uPTIwMjEtMDgtMDE=",
      "RequestMethod": "GET",
      "RequestBody": "",
      "RequestHeaders": {
        "User-Agent": [
          "FxVersion/4.6.30411.01",
          "OSName/Windows",
          "OSVersion/Microsoft.Windows.10.0.19044.",
          "Microsoft.Azure.Management.Compute.ComputeManagementClient/50.0.0"
        ]
      },
      "ResponseHeaders": {
        "Cache-Control": [
          "no-cache"
        ],
        "Pragma": [
          "no-cache"
        ],
        "x-ms-ratelimit-remaining-resource": [
          "Microsoft.Compute/GetOperation3Min;49993,Microsoft.Compute/GetOperation30Min;399986"
        ],
        "Strict-Transport-Security": [
          "max-age=31536000; includeSubDomains"
        ],
        "x-ms-served-by": [
          "eeaf5299-aba8-4290-a7f0-860f286922fd_132811546079068915"
        ],
        "x-ms-request-id": [
          "7d80771e-8231-49c3-b09a-e333e92e5457"
        ],
        "Server": [
          "Microsoft-HTTPAPI/2.0",
          "Microsoft-HTTPAPI/2.0"
        ],
        "x-ms-ratelimit-remaining-subscription-reads": [
          "11993"
        ],
        "x-ms-correlation-request-id": [
          "06cb8e06-4def-45b8-98fc-c9739457f223"
        ],
        "x-ms-routing-request-id": [
          "SOUTHINDIA:20211123T163639Z:06cb8e06-4def-45b8-98fc-c9739457f223"
        ],
        "X-Content-Type-Options": [
          "nosniff"
        ],
        "Date": [
          "Tue, 23 Nov 2021 16:36:39 GMT"
        ],
        "Expires": [
          "-1"
        ],
        "Content-Length": [
          "0"
        ]
      },
      "ResponseBody": "",
      "StatusCode": 200
    },
    {
      "RequestUri": "/subscriptions/0296790d-427c-48ca-b204-8b729bbd8670/resourcegroups/crptestar6701?api-version=2017-05-10",
      "EncodedRequestUri": "L3N1YnNjcmlwdGlvbnMvMDI5Njc5MGQtNDI3Yy00OGNhLWIyMDQtOGI3MjliYmQ4NjcwL3Jlc291cmNlZ3JvdXBzL2NycHRlc3RhcjY3MDE/YXBpLXZlcnNpb249MjAxNy0wNS0xMA==",
      "RequestMethod": "DELETE",
      "RequestBody": "",
      "RequestHeaders": {
        "x-ms-client-request-id": [
          "7e5e76b9-aba9-4300-8971-1a32d498576c"
        ],
        "Accept-Language": [
          "en-US"
        ],
        "User-Agent": [
          "FxVersion/4.6.30411.01",
          "OSName/Windows",
          "OSVersion/Microsoft.Windows.10.0.19044.",
          "Microsoft.Azure.Management.ResourceManager.ResourceManagementClient/1.6.0.0"
        ]
      },
      "ResponseHeaders": {
        "Cache-Control": [
          "no-cache"
        ],
        "Pragma": [
          "no-cache"
        ],
        "Location": [
          "https://management.azure.com/subscriptions/0296790d-427c-48ca-b204-8b729bbd8670/operationresults/eyJqb2JJZCI6IlJFU09VUkNFR1JPVVBERUxFVElPTkpPQi1DUlBURVNUQVI2NzAxLUNFTlRSQUxVU0VVQVAiLCJqb2JMb2NhdGlvbiI6ImNlbnRyYWx1c2V1YXAifQ?api-version=2017-05-10"
        ],
        "Retry-After": [
          "15"
        ],
        "x-ms-ratelimit-remaining-subscription-deletes": [
          "14999"
        ],
        "x-ms-request-id": [
          "97685a1f-aa3d-4408-b642-214ee5bdf828"
        ],
        "x-ms-correlation-request-id": [
          "97685a1f-aa3d-4408-b642-214ee5bdf828"
        ],
        "x-ms-routing-request-id": [
          "SOUTHINDIA:20211123T163644Z:97685a1f-aa3d-4408-b642-214ee5bdf828"
        ],
        "Strict-Transport-Security": [
          "max-age=31536000; includeSubDomains"
        ],
        "X-Content-Type-Options": [
          "nosniff"
        ],
        "Date": [
          "Tue, 23 Nov 2021 16:36:43 GMT"
        ],
        "Expires": [
          "-1"
        ],
        "Content-Length": [
          "0"
        ]
      },
      "ResponseBody": "",
      "StatusCode": 202
    },
    {
      "RequestUri": "/subscriptions/0296790d-427c-48ca-b204-8b729bbd8670/operationresults/eyJqb2JJZCI6IlJFU09VUkNFR1JPVVBERUxFVElPTkpPQi1DUlBURVNUQVI2NzAxLUNFTlRSQUxVU0VVQVAiLCJqb2JMb2NhdGlvbiI6ImNlbnRyYWx1c2V1YXAifQ?api-version=2017-05-10",
      "EncodedRequestUri": "L3N1YnNjcmlwdGlvbnMvMDI5Njc5MGQtNDI3Yy00OGNhLWIyMDQtOGI3MjliYmQ4NjcwL29wZXJhdGlvbnJlc3VsdHMvZXlKcWIySkpaQ0k2SWxKRlUwOVZVa05GUjFKUFZWQkVSVXhGVkVsUFRrcFBRaTFEVWxCVVJWTlVRVkkyTnpBeExVTkZUbFJTUVV4VlUwVlZRVkFpTENKcWIySk1iMk5oZEdsdmJpSTZJbU5sYm5SeVlXeDFjMlYxWVhBaWZRP2FwaS12ZXJzaW9uPTIwMTctMDUtMTA=",
      "RequestMethod": "GET",
      "RequestBody": "",
      "RequestHeaders": {
        "User-Agent": [
          "FxVersion/4.6.30411.01",
          "OSName/Windows",
          "OSVersion/Microsoft.Windows.10.0.19044.",
          "Microsoft.Azure.Management.ResourceManager.ResourceManagementClient/1.6.0.0"
        ]
      },
      "ResponseHeaders": {
        "Cache-Control": [
          "no-cache"
        ],
        "Pragma": [
          "no-cache"
        ],
        "x-ms-ratelimit-remaining-subscription-reads": [
          "11999"
        ],
        "x-ms-request-id": [
          "53c4e41f-896a-4cf6-8d06-408301ee0fdd"
        ],
        "x-ms-correlation-request-id": [
          "53c4e41f-896a-4cf6-8d06-408301ee0fdd"
        ],
        "x-ms-routing-request-id": [
          "SOUTHINDIA:20211123T163700Z:53c4e41f-896a-4cf6-8d06-408301ee0fdd"
        ],
        "Strict-Transport-Security": [
          "max-age=31536000; includeSubDomains"
        ],
        "X-Content-Type-Options": [
          "nosniff"
        ],
        "Date": [
          "Tue, 23 Nov 2021 16:37:00 GMT"
        ],
        "Expires": [
          "-1"
        ],
        "Content-Length": [
          "0"
        ]
      },
      "ResponseBody": "",
      "StatusCode": 200
    },
    {
      "RequestUri": "/subscriptions/0296790d-427c-48ca-b204-8b729bbd8670/operationresults/eyJqb2JJZCI6IlJFU09VUkNFR1JPVVBERUxFVElPTkpPQi1DUlBURVNUQVI2NzAxLUNFTlRSQUxVU0VVQVAiLCJqb2JMb2NhdGlvbiI6ImNlbnRyYWx1c2V1YXAifQ?api-version=2017-05-10",
      "EncodedRequestUri": "L3N1YnNjcmlwdGlvbnMvMDI5Njc5MGQtNDI3Yy00OGNhLWIyMDQtOGI3MjliYmQ4NjcwL29wZXJhdGlvbnJlc3VsdHMvZXlKcWIySkpaQ0k2SWxKRlUwOVZVa05GUjFKUFZWQkVSVXhGVkVsUFRrcFBRaTFEVWxCVVJWTlVRVkkyTnpBeExVTkZUbFJTUVV4VlUwVlZRVkFpTENKcWIySk1iMk5oZEdsdmJpSTZJbU5sYm5SeVlXeDFjMlYxWVhBaWZRP2FwaS12ZXJzaW9uPTIwMTctMDUtMTA=",
      "RequestMethod": "GET",
      "RequestBody": "",
      "RequestHeaders": {
        "User-Agent": [
          "FxVersion/4.6.30411.01",
          "OSName/Windows",
          "OSVersion/Microsoft.Windows.10.0.19044.",
          "Microsoft.Azure.Management.ResourceManager.ResourceManagementClient/1.6.0.0"
        ]
      },
      "ResponseHeaders": {
        "Cache-Control": [
          "no-cache"
        ],
        "Pragma": [
          "no-cache"
        ],
        "x-ms-ratelimit-remaining-subscription-reads": [
          "11998"
        ],
        "x-ms-request-id": [
          "139f353d-a7a3-4fa2-9ef1-337733a6786d"
        ],
        "x-ms-correlation-request-id": [
          "139f353d-a7a3-4fa2-9ef1-337733a6786d"
        ],
        "x-ms-routing-request-id": [
          "SOUTHINDIA:20211123T163700Z:139f353d-a7a3-4fa2-9ef1-337733a6786d"
        ],
        "Strict-Transport-Security": [
          "max-age=31536000; includeSubDomains"
        ],
        "X-Content-Type-Options": [
          "nosniff"
        ],
        "Date": [
          "Tue, 23 Nov 2021 16:37:00 GMT"
        ],
        "Expires": [
          "-1"
        ],
        "Content-Length": [
          "0"
        ]
      },
      "ResponseBody": "",
      "StatusCode": 200
    }
  ],
  "Names": {
    "DiskEncryptionSet_CRUD_Execute": [
      "crptestar6701",
      "diskrp2547"
    ]
  },
  "Variables": {
    "SubscriptionId": "0296790d-427c-48ca-b204-8b729bbd8670"
  }
}