{
  "Entries": [
    {
      "RequestUri": "/subscriptions/0296790d-427c-48ca-b204-8b729bbd8670/resourcegroups/crptestar2204?api-version=2017-05-10",
      "EncodedRequestUri": "L3N1YnNjcmlwdGlvbnMvMDI5Njc5MGQtNDI3Yy00OGNhLWIyMDQtOGI3MjliYmQ4NjcwL3Jlc291cmNlZ3JvdXBzL2NycHRlc3RhcjIyMDQ/YXBpLXZlcnNpb249MjAxNy0wNS0xMA==",
      "RequestMethod": "PUT",
      "RequestBody": "{\r\n  \"location\": \"centraluseuap\"\r\n}",
      "RequestHeaders": {
        "x-ms-client-request-id": [
          "c7322ff6-ca7a-4369-b594-72efd72acf29"
        ],
        "Accept-Language": [
          "en-US"
        ],
        "User-Agent": [
          "FxVersion/4.6.30411.01",
          "OSName/Windows",
          "OSVersion/Microsoft.Windows.10.0.19043.",
          "Microsoft.Azure.Management.ResourceManager.ResourceManagementClient/1.6.0.0"
        ],
        "Content-Type": [
          "application/json; charset=utf-8"
        ],
        "Content-Length": [
          "35"
        ]
      },
      "ResponseHeaders": {
        "Cache-Control": [
          "no-cache"
        ],
        "Pragma": [
          "no-cache"
        ],
        "x-ms-ratelimit-remaining-subscription-writes": [
          "1199"
        ],
        "x-ms-request-id": [
          "a0eb0fca-9c49-4e6f-b8b1-81a4aae49ec4"
        ],
        "x-ms-correlation-request-id": [
          "a0eb0fca-9c49-4e6f-b8b1-81a4aae49ec4"
        ],
        "x-ms-routing-request-id": [
          "WESTCENTRALUS:20210901T190427Z:a0eb0fca-9c49-4e6f-b8b1-81a4aae49ec4"
        ],
        "Strict-Transport-Security": [
          "max-age=31536000; includeSubDomains"
        ],
        "X-Content-Type-Options": [
          "nosniff"
        ],
        "Date": [
          "Wed, 01 Sep 2021 19:04:27 GMT"
        ],
        "Content-Length": [
          "186"
        ],
        "Content-Type": [
          "application/json; charset=utf-8"
        ],
        "Expires": [
          "-1"
        ]
      },
      "ResponseBody": "{\r\n  \"id\": \"/subscriptions/0296790d-427c-48ca-b204-8b729bbd8670/resourceGroups/crptestar2204\",\r\n  \"name\": \"crptestar2204\",\r\n  \"location\": \"centraluseuap\",\r\n  \"properties\": {\r\n    \"provisioningState\": \"Succeeded\"\r\n  }\r\n}",
      "StatusCode": 201
    },
    {
      "RequestUri": "/subscriptions/0296790d-427c-48ca-b204-8b729bbd8670/resourceGroups/crptestar2204/providers/Microsoft.Compute/diskEncryptionSets/diskrp7154?api-version=2021-04-01",
      "EncodedRequestUri": "L3N1YnNjcmlwdGlvbnMvMDI5Njc5MGQtNDI3Yy00OGNhLWIyMDQtOGI3MjliYmQ4NjcwL3Jlc291cmNlR3JvdXBzL2NycHRlc3RhcjIyMDQvcHJvdmlkZXJzL01pY3Jvc29mdC5Db21wdXRlL2Rpc2tFbmNyeXB0aW9uU2V0cy9kaXNrcnA3MTU0P2FwaS12ZXJzaW9uPTIwMjEtMDQtMDE=",
      "RequestMethod": "PUT",
      "RequestBody": "{\r\n  \"identity\": {\r\n    \"type\": \"SystemAssigned\"\r\n  },\r\n  \"properties\": {\r\n    \"encryptionType\": \"EncryptionAtRestWithPlatformAndCustomerKeys\",\r\n    \"activeKey\": {\r\n      \"sourceVault\": {\r\n        \"id\": \"/subscriptions/0296790d-427c-48ca-b204-8b729bbd8670/resourcegroups/RGforSDKtestResources/providers/Microsoft.KeyVault/vaults/KeyVaultforTest\"\r\n      },\r\n      \"keyUrl\": \"https://keyvaultfortest.vault.azure.net/keys/KeyforTest/d2312bdc83184b77ae469668c5595e53\"\r\n    }\r\n  },\r\n  \"location\": \"centraluseuap\"\r\n}",
      "RequestHeaders": {
        "x-ms-client-request-id": [
          "d0b27f82-7168-4237-b20d-c88505ac0a43"
        ],
        "Accept-Language": [
          "en-US"
        ],
        "User-Agent": [
          "FxVersion/4.6.30411.01",
          "OSName/Windows",
          "OSVersion/Microsoft.Windows.10.0.19043.",
          "Microsoft.Azure.Management.Compute.ComputeManagementClient/49.0.0"
        ],
        "Content-Type": [
          "application/json; charset=utf-8"
        ],
        "Content-Length": [
          "510"
        ]
      },
      "ResponseHeaders": {
        "Cache-Control": [
          "no-cache"
        ],
        "Pragma": [
          "no-cache"
        ],
        "Location": [
          "https://management.azure.com/subscriptions/0296790d-427c-48ca-b204-8b729bbd8670/providers/Microsoft.Compute/locations/centraluseuap/DiskOperations/ee32485f-84b1-42e7-8035-e857883ad725?p=eeaf5299-aba8-4290-a7f0-860f286922fd&monitor=true&api-version=2021-04-01"
        ],
        "Azure-AsyncOperation": [
          "https://management.azure.com/subscriptions/0296790d-427c-48ca-b204-8b729bbd8670/providers/Microsoft.Compute/locations/centraluseuap/DiskOperations/ee32485f-84b1-42e7-8035-e857883ad725?p=eeaf5299-aba8-4290-a7f0-860f286922fd&api-version=2021-04-01"
        ],
        "x-ms-ratelimit-remaining-resource": [
          "Microsoft.Compute/HighCostDiskEncryptionSet3Min;97,Microsoft.Compute/HighCostDiskEncryptionSet30Min;289"
        ],
        "Strict-Transport-Security": [
          "max-age=31536000; includeSubDomains"
        ],
        "x-ms-served-by": [
          "eeaf5299-aba8-4290-a7f0-860f286922fd_132739907650698260"
        ],
        "x-ms-request-id": [
          "ee32485f-84b1-42e7-8035-e857883ad725"
        ],
        "Server": [
          "Microsoft-HTTPAPI/2.0",
          "Microsoft-HTTPAPI/2.0"
        ],
        "x-ms-ratelimit-remaining-subscription-writes": [
          "1199"
        ],
        "x-ms-correlation-request-id": [
          "b4948098-7866-4e0d-9b4f-6b8206249314"
        ],
        "x-ms-routing-request-id": [
          "WESTCENTRALUS:20210901T190429Z:b4948098-7866-4e0d-9b4f-6b8206249314"
        ],
        "X-Content-Type-Options": [
          "nosniff"
        ],
        "Date": [
          "Wed, 01 Sep 2021 19:04:29 GMT"
        ],
        "Content-Length": [
          "548"
        ],
        "Content-Type": [
          "application/json; charset=utf-8"
        ],
        "Expires": [
          "-1"
        ]
      },
      "ResponseBody": "{\r\n  \"location\": \"centraluseuap\",\r\n  \"identity\": {\r\n    \"type\": \"SystemAssigned\"\r\n  },\r\n  \"properties\": {\r\n    \"activeKey\": {\r\n      \"sourceVault\": {\r\n        \"id\": \"/subscriptions/0296790d-427c-48ca-b204-8b729bbd8670/resourcegroups/RGforSDKtestResources/providers/Microsoft.KeyVault/vaults/KeyVaultforTest\"\r\n      },\r\n      \"keyUrl\": \"https://keyvaultfortest.vault.azure.net/keys/KeyforTest/d2312bdc83184b77ae469668c5595e53\"\r\n    },\r\n    \"encryptionType\": \"EncryptionAtRestWithPlatformAndCustomerKeys\",\r\n    \"provisioningState\": \"Updating\"\r\n  }\r\n}",
      "StatusCode": 202
    },
    {
      "RequestUri": "/subscriptions/0296790d-427c-48ca-b204-8b729bbd8670/providers/Microsoft.Compute/locations/centraluseuap/DiskOperations/ee32485f-84b1-42e7-8035-e857883ad725?p=eeaf5299-aba8-4290-a7f0-860f286922fd&api-version=2021-04-01",
      "EncodedRequestUri": "L3N1YnNjcmlwdGlvbnMvMDI5Njc5MGQtNDI3Yy00OGNhLWIyMDQtOGI3MjliYmQ4NjcwL3Byb3ZpZGVycy9NaWNyb3NvZnQuQ29tcHV0ZS9sb2NhdGlvbnMvY2VudHJhbHVzZXVhcC9EaXNrT3BlcmF0aW9ucy9lZTMyNDg1Zi04NGIxLTQyZTctODAzNS1lODU3ODgzYWQ3MjU/cD1lZWFmNTI5OS1hYmE4LTQyOTAtYTdmMC04NjBmMjg2OTIyZmQmYXBpLXZlcnNpb249MjAyMS0wNC0wMQ==",
      "RequestMethod": "GET",
      "RequestBody": "",
      "RequestHeaders": {
        "User-Agent": [
          "FxVersion/4.6.30411.01",
          "OSName/Windows",
          "OSVersion/Microsoft.Windows.10.0.19043.",
          "Microsoft.Azure.Management.Compute.ComputeManagementClient/49.0.0"
        ]
      },
      "ResponseHeaders": {
        "Cache-Control": [
          "no-cache"
        ],
        "Pragma": [
          "no-cache"
        ],
        "x-ms-ratelimit-remaining-resource": [
          "Microsoft.Compute/GetOperation3Min;49986,Microsoft.Compute/GetOperation30Min;399891"
        ],
        "Strict-Transport-Security": [
          "max-age=31536000; includeSubDomains"
        ],
        "x-ms-served-by": [
          "eeaf5299-aba8-4290-a7f0-860f286922fd_132739907650698260"
        ],
        "x-ms-request-id": [
          "471f05d9-d510-4270-96ed-a68f469f540b"
        ],
        "Server": [
          "Microsoft-HTTPAPI/2.0",
          "Microsoft-HTTPAPI/2.0"
        ],
        "x-ms-ratelimit-remaining-subscription-reads": [
          "11999"
        ],
        "x-ms-correlation-request-id": [
          "aa46cdb9-b130-4df1-bb73-9c1f2972c618"
        ],
        "x-ms-routing-request-id": [
          "WESTCENTRALUS:20210901T190459Z:aa46cdb9-b130-4df1-bb73-9c1f2972c618"
        ],
        "X-Content-Type-Options": [
          "nosniff"
        ],
        "Date": [
          "Wed, 01 Sep 2021 19:04:59 GMT"
        ],
        "Content-Length": [
          "993"
        ],
        "Content-Type": [
          "application/json; charset=utf-8"
        ],
        "Expires": [
          "-1"
        ]
      },
      "ResponseBody": "{\r\n  \"startTime\": \"2021-09-01T12:04:29.7511969-07:00\",\r\n  \"endTime\": \"2021-09-01T12:04:29.8293475-07:00\",\r\n  \"status\": \"Succeeded\",\r\n  \"properties\": {\r\n    \"output\": {\r\n      \"name\": \"diskrp7154\",\r\n      \"id\": \"/subscriptions/0296790d-427c-48ca-b204-8b729bbd8670/resourceGroups/crptestar2204/providers/Microsoft.Compute/diskEncryptionSets/diskrp7154\",\r\n      \"type\": \"Microsoft.Compute/diskEncryptionSets\",\r\n      \"location\": \"centraluseuap\",\r\n      \"identity\": {\r\n        \"type\": \"SystemAssigned\",\r\n        \"principalId\": \"4b6c5b30-84b0-46f4-ba1b-101db820520a\",\r\n        \"tenantId\": \"72f988bf-86f1-41af-91ab-2d7cd011db47\"\r\n      },\r\n      \"properties\": {\r\n        \"activeKey\": {\r\n          \"sourceVault\": {\r\n            \"id\": \"/subscriptions/0296790d-427c-48ca-b204-8b729bbd8670/resourcegroups/RGforSDKtestResources/providers/Microsoft.KeyVault/vaults/KeyVaultforTest\"\r\n          },\r\n          \"keyUrl\": \"https://keyvaultfortest.vault.azure.net/keys/KeyforTest/d2312bdc83184b77ae469668c5595e53\"\r\n        },\r\n        \"encryptionType\": \"EncryptionAtRestWithPlatformAndCustomerKeys\",\r\n        \"provisioningState\": \"Succeeded\"\r\n      }\r\n    }\r\n  },\r\n  \"name\": \"ee32485f-84b1-42e7-8035-e857883ad725\"\r\n}",
      "StatusCode": 200
    },
    {
      "RequestUri": "/subscriptions/0296790d-427c-48ca-b204-8b729bbd8670/resourceGroups/crptestar2204/providers/Microsoft.Compute/diskEncryptionSets/diskrp7154?api-version=2021-04-01",
      "EncodedRequestUri": "L3N1YnNjcmlwdGlvbnMvMDI5Njc5MGQtNDI3Yy00OGNhLWIyMDQtOGI3MjliYmQ4NjcwL3Jlc291cmNlR3JvdXBzL2NycHRlc3RhcjIyMDQvcHJvdmlkZXJzL01pY3Jvc29mdC5Db21wdXRlL2Rpc2tFbmNyeXB0aW9uU2V0cy9kaXNrcnA3MTU0P2FwaS12ZXJzaW9uPTIwMjEtMDQtMDE=",
      "RequestMethod": "GET",
      "RequestBody": "",
      "RequestHeaders": {
        "User-Agent": [
          "FxVersion/4.6.30411.01",
          "OSName/Windows",
          "OSVersion/Microsoft.Windows.10.0.19043.",
          "Microsoft.Azure.Management.Compute.ComputeManagementClient/49.0.0"
        ]
      },
      "ResponseHeaders": {
        "Cache-Control": [
          "no-cache"
        ],
        "Pragma": [
          "no-cache"
        ],
        "x-ms-ratelimit-remaining-resource": [
          "Microsoft.Compute/LowCostGet3Min;14989,Microsoft.Compute/LowCostGet30Min;119951"
        ],
        "Strict-Transport-Security": [
          "max-age=31536000; includeSubDomains"
        ],
        "x-ms-served-by": [
          "eeaf5299-aba8-4290-a7f0-860f286922fd_132739907650698260"
        ],
        "x-ms-request-id": [
          "688d99f9-55b7-43b4-a330-471df331b42b"
        ],
        "Server": [
          "Microsoft-HTTPAPI/2.0",
          "Microsoft-HTTPAPI/2.0"
        ],
        "x-ms-ratelimit-remaining-subscription-reads": [
          "11998"
        ],
        "x-ms-correlation-request-id": [
          "e32eaad4-a024-459e-abbb-3adfc1b87cf9"
        ],
        "x-ms-routing-request-id": [
          "WESTCENTRALUS:20210901T190500Z:e32eaad4-a024-459e-abbb-3adfc1b87cf9"
        ],
        "X-Content-Type-Options": [
          "nosniff"
        ],
        "Date": [
          "Wed, 01 Sep 2021 19:04:59 GMT"
        ],
        "Content-Length": [
          "893"
        ],
        "Content-Type": [
          "application/json; charset=utf-8"
        ],
        "Expires": [
          "-1"
        ]
      },
      "ResponseBody": "{\r\n  \"name\": \"diskrp7154\",\r\n  \"id\": \"/subscriptions/0296790d-427c-48ca-b204-8b729bbd8670/resourceGroups/crptestar2204/providers/Microsoft.Compute/diskEncryptionSets/diskrp7154\",\r\n  \"type\": \"Microsoft.Compute/diskEncryptionSets\",\r\n  \"location\": \"centraluseuap\",\r\n  \"identity\": {\r\n    \"type\": \"SystemAssigned\",\r\n    \"principalId\": \"4b6c5b30-84b0-46f4-ba1b-101db820520a\",\r\n    \"tenantId\": \"72f988bf-86f1-41af-91ab-2d7cd011db47\"\r\n  },\r\n  \"properties\": {\r\n    \"activeKey\": {\r\n      \"sourceVault\": {\r\n        \"id\": \"/subscriptions/0296790d-427c-48ca-b204-8b729bbd8670/resourcegroups/RGforSDKtestResources/providers/Microsoft.KeyVault/vaults/KeyVaultforTest\"\r\n      },\r\n      \"keyUrl\": \"https://keyvaultfortest.vault.azure.net/keys/KeyforTest/d2312bdc83184b77ae469668c5595e53\"\r\n    },\r\n    \"encryptionType\": \"EncryptionAtRestWithPlatformAndCustomerKeys\",\r\n    \"provisioningState\": \"Succeeded\"\r\n  }\r\n}",
      "StatusCode": 200
    },
    {
      "RequestUri": "/subscriptions/0296790d-427c-48ca-b204-8b729bbd8670/resourceGroups/crptestar2204/providers/Microsoft.Compute/diskEncryptionSets/diskrp7154?api-version=2021-04-01",
      "EncodedRequestUri": "L3N1YnNjcmlwdGlvbnMvMDI5Njc5MGQtNDI3Yy00OGNhLWIyMDQtOGI3MjliYmQ4NjcwL3Jlc291cmNlR3JvdXBzL2NycHRlc3RhcjIyMDQvcHJvdmlkZXJzL01pY3Jvc29mdC5Db21wdXRlL2Rpc2tFbmNyeXB0aW9uU2V0cy9kaXNrcnA3MTU0P2FwaS12ZXJzaW9uPTIwMjEtMDQtMDE=",
      "RequestMethod": "GET",
      "RequestBody": "",
      "RequestHeaders": {
        "x-ms-client-request-id": [
          "c5cc0ff9-7318-4008-b9e5-24ef5a43cde3"
        ],
        "Accept-Language": [
          "en-US"
        ],
        "User-Agent": [
          "FxVersion/4.6.30411.01",
          "OSName/Windows",
          "OSVersion/Microsoft.Windows.10.0.19043.",
          "Microsoft.Azure.Management.Compute.ComputeManagementClient/49.0.0"
        ]
      },
      "ResponseHeaders": {
        "Cache-Control": [
          "no-cache"
        ],
        "Pragma": [
          "no-cache"
        ],
        "x-ms-ratelimit-remaining-resource": [
          "Microsoft.Compute/LowCostGet3Min;14988,Microsoft.Compute/LowCostGet30Min;119950"
        ],
        "Strict-Transport-Security": [
          "max-age=31536000; includeSubDomains"
        ],
        "x-ms-served-by": [
          "eeaf5299-aba8-4290-a7f0-860f286922fd_132739907650698260"
        ],
        "x-ms-request-id": [
          "ff74b259-70b8-46a2-88a9-c287315000fa"
        ],
        "Server": [
          "Microsoft-HTTPAPI/2.0",
          "Microsoft-HTTPAPI/2.0"
        ],
        "x-ms-ratelimit-remaining-subscription-reads": [
          "11997"
        ],
        "x-ms-correlation-request-id": [
          "d66fff19-b06f-4d5b-b86b-25a29bde682f"
        ],
        "x-ms-routing-request-id": [
          "WESTCENTRALUS:20210901T190500Z:d66fff19-b06f-4d5b-b86b-25a29bde682f"
        ],
        "X-Content-Type-Options": [
          "nosniff"
        ],
        "Date": [
          "Wed, 01 Sep 2021 19:04:59 GMT"
        ],
        "Content-Length": [
          "893"
        ],
        "Content-Type": [
          "application/json; charset=utf-8"
        ],
        "Expires": [
          "-1"
        ]
      },
      "ResponseBody": "{\r\n  \"name\": \"diskrp7154\",\r\n  \"id\": \"/subscriptions/0296790d-427c-48ca-b204-8b729bbd8670/resourceGroups/crptestar2204/providers/Microsoft.Compute/diskEncryptionSets/diskrp7154\",\r\n  \"type\": \"Microsoft.Compute/diskEncryptionSets\",\r\n  \"location\": \"centraluseuap\",\r\n  \"identity\": {\r\n    \"type\": \"SystemAssigned\",\r\n    \"principalId\": \"4b6c5b30-84b0-46f4-ba1b-101db820520a\",\r\n    \"tenantId\": \"72f988bf-86f1-41af-91ab-2d7cd011db47\"\r\n  },\r\n  \"properties\": {\r\n    \"activeKey\": {\r\n      \"sourceVault\": {\r\n        \"id\": \"/subscriptions/0296790d-427c-48ca-b204-8b729bbd8670/resourcegroups/RGforSDKtestResources/providers/Microsoft.KeyVault/vaults/KeyVaultforTest\"\r\n      },\r\n      \"keyUrl\": \"https://keyvaultfortest.vault.azure.net/keys/KeyforTest/d2312bdc83184b77ae469668c5595e53\"\r\n    },\r\n    \"encryptionType\": \"EncryptionAtRestWithPlatformAndCustomerKeys\",\r\n    \"provisioningState\": \"Succeeded\"\r\n  }\r\n}",
      "StatusCode": 200
    },
    {
      "RequestUri": "/subscriptions/0296790d-427c-48ca-b204-8b729bbd8670/resourceGroups/crptestar2204/providers/Microsoft.Compute/diskEncryptionSets/diskrp7154?api-version=2021-04-01",
      "EncodedRequestUri": "L3N1YnNjcmlwdGlvbnMvMDI5Njc5MGQtNDI3Yy00OGNhLWIyMDQtOGI3MjliYmQ4NjcwL3Jlc291cmNlR3JvdXBzL2NycHRlc3RhcjIyMDQvcHJvdmlkZXJzL01pY3Jvc29mdC5Db21wdXRlL2Rpc2tFbmNyeXB0aW9uU2V0cy9kaXNrcnA3MTU0P2FwaS12ZXJzaW9uPTIwMjEtMDQtMDE=",
      "RequestMethod": "GET",
      "RequestBody": "",
      "RequestHeaders": {
        "User-Agent": [
          "FxVersion/4.6.30411.01",
          "OSName/Windows",
          "OSVersion/Microsoft.Windows.10.0.19043.",
          "Microsoft.Azure.Management.Compute.ComputeManagementClient/49.0.0"
        ]
      },
      "ResponseHeaders": {
        "Cache-Control": [
          "no-cache"
        ],
        "Pragma": [
          "no-cache"
        ],
        "x-ms-ratelimit-remaining-resource": [
          "Microsoft.Compute/LowCostGet3Min;14985,Microsoft.Compute/LowCostGet30Min;119946"
        ],
        "Strict-Transport-Security": [
          "max-age=31536000; includeSubDomains"
        ],
        "x-ms-served-by": [
          "eeaf5299-aba8-4290-a7f0-860f286922fd_132739907650698260"
        ],
        "x-ms-request-id": [
          "5a59289a-a933-4185-aea6-18fe6d8ca138"
        ],
        "Server": [
          "Microsoft-HTTPAPI/2.0",
          "Microsoft-HTTPAPI/2.0"
        ],
        "x-ms-ratelimit-remaining-subscription-reads": [
          "11995"
        ],
        "x-ms-correlation-request-id": [
          "b50400c4-32b9-4ea9-ae06-e85a22300e84"
        ],
        "x-ms-routing-request-id": [
          "WESTCENTRALUS:20210901T190530Z:b50400c4-32b9-4ea9-ae06-e85a22300e84"
        ],
        "X-Content-Type-Options": [
          "nosniff"
        ],
        "Date": [
          "Wed, 01 Sep 2021 19:05:29 GMT"
        ],
        "Content-Length": [
          "939"
        ],
        "Content-Type": [
          "application/json; charset=utf-8"
        ],
        "Expires": [
          "-1"
        ]
      },
      "ResponseBody": "{\r\n  \"name\": \"diskrp7154\",\r\n  \"id\": \"/subscriptions/0296790d-427c-48ca-b204-8b729bbd8670/resourceGroups/crptestar2204/providers/Microsoft.Compute/diskEncryptionSets/diskrp7154\",\r\n  \"type\": \"Microsoft.Compute/diskEncryptionSets\",\r\n  \"location\": \"centraluseuap\",\r\n  \"tags\": {\r\n    \"tageKey\": \"tagvalue\"\r\n  },\r\n  \"identity\": {\r\n    \"type\": \"SystemAssigned\",\r\n    \"principalId\": \"4b6c5b30-84b0-46f4-ba1b-101db820520a\",\r\n    \"tenantId\": \"72f988bf-86f1-41af-91ab-2d7cd011db47\"\r\n  },\r\n  \"properties\": {\r\n    \"activeKey\": {\r\n      \"sourceVault\": {\r\n        \"id\": \"/subscriptions/0296790d-427c-48ca-b204-8b729bbd8670/resourcegroups/RGforSDKtestResources/providers/Microsoft.KeyVault/vaults/KeyVaultforTest\"\r\n      },\r\n      \"keyUrl\": \"https://keyvaultfortest.vault.azure.net/keys/KeyforTest/d2312bdc83184b77ae469668c5595e53\"\r\n    },\r\n    \"encryptionType\": \"EncryptionAtRestWithPlatformAndCustomerKeys\",\r\n    \"provisioningState\": \"Succeeded\"\r\n  }\r\n}",
      "StatusCode": 200
    },
    {
      "RequestUri": "/subscriptions/0296790d-427c-48ca-b204-8b729bbd8670/resourceGroups/crptestar2204/providers/Microsoft.Compute/diskEncryptionSets/diskrp7154?api-version=2021-04-01",
      "EncodedRequestUri": "L3N1YnNjcmlwdGlvbnMvMDI5Njc5MGQtNDI3Yy00OGNhLWIyMDQtOGI3MjliYmQ4NjcwL3Jlc291cmNlR3JvdXBzL2NycHRlc3RhcjIyMDQvcHJvdmlkZXJzL01pY3Jvc29mdC5Db21wdXRlL2Rpc2tFbmNyeXB0aW9uU2V0cy9kaXNrcnA3MTU0P2FwaS12ZXJzaW9uPTIwMjEtMDQtMDE=",
      "RequestMethod": "GET",
      "RequestBody": "",
      "RequestHeaders": {
        "x-ms-client-request-id": [
          "06c23c79-e27f-4917-9d14-dbf87f3be063"
        ],
        "Accept-Language": [
          "en-US"
        ],
        "User-Agent": [
          "FxVersion/4.6.30411.01",
          "OSName/Windows",
          "OSVersion/Microsoft.Windows.10.0.19043.",
          "Microsoft.Azure.Management.Compute.ComputeManagementClient/49.0.0"
        ]
      },
      "ResponseHeaders": {
        "Cache-Control": [
          "no-cache"
        ],
        "Pragma": [
          "no-cache"
        ],
        "x-ms-failure-cause": [
          "gateway"
        ],
        "x-ms-request-id": [
          "8019e8c6-6ad4-41a5-bea0-5e8907142352"
        ],
        "x-ms-correlation-request-id": [
          "8019e8c6-6ad4-41a5-bea0-5e8907142352"
        ],
        "x-ms-routing-request-id": [
          "WESTCENTRALUS:20210901T190601Z:8019e8c6-6ad4-41a5-bea0-5e8907142352"
        ],
        "Strict-Transport-Security": [
          "max-age=31536000; includeSubDomains"
        ],
        "X-Content-Type-Options": [
          "nosniff"
        ],
        "Date": [
          "Wed, 01 Sep 2021 19:06:01 GMT"
        ],
        "Content-Type": [
          "application/json; charset=utf-8"
        ],
        "Expires": [
          "-1"
        ],
        "Content-Length": [
          "232"
        ]
      },
      "ResponseBody": "{\r\n  \"error\": {\r\n    \"code\": \"ResourceNotFound\",\r\n    \"message\": \"The Resource 'Microsoft.Compute/diskEncryptionSets/diskrp7154' under resource group 'crptestar2204' was not found. For more details please go to https://aka.ms/ARMResourceNotFoundFix\"\r\n  }\r\n}",
      "StatusCode": 404
    },
    {
      "RequestUri": "/subscriptions/0296790d-427c-48ca-b204-8b729bbd8670/resourceGroups/crptestar2204/providers/Microsoft.Compute/diskEncryptionSets/diskrp7154?api-version=2021-04-01",
      "EncodedRequestUri": "L3N1YnNjcmlwdGlvbnMvMDI5Njc5MGQtNDI3Yy00OGNhLWIyMDQtOGI3MjliYmQ4NjcwL3Jlc291cmNlR3JvdXBzL2NycHRlc3RhcjIyMDQvcHJvdmlkZXJzL01pY3Jvc29mdC5Db21wdXRlL2Rpc2tFbmNyeXB0aW9uU2V0cy9kaXNrcnA3MTU0P2FwaS12ZXJzaW9uPTIwMjEtMDQtMDE=",
      "RequestMethod": "PATCH",
      "RequestBody": "{\r\n  \"tags\": {\r\n    \"tageKey\": \"tagvalue\"\r\n  }\r\n}",
      "RequestHeaders": {
        "x-ms-client-request-id": [
          "07c42307-2674-42a0-857b-ce93a800b725"
        ],
        "Accept-Language": [
          "en-US"
        ],
        "User-Agent": [
          "FxVersion/4.6.30411.01",
          "OSName/Windows",
          "OSVersion/Microsoft.Windows.10.0.19043.",
          "Microsoft.Azure.Management.Compute.ComputeManagementClient/49.0.0"
        ],
        "Content-Type": [
          "application/json; charset=utf-8"
        ],
        "Content-Length": [
          "49"
        ]
      },
      "ResponseHeaders": {
        "Cache-Control": [
          "no-cache"
        ],
        "Pragma": [
          "no-cache"
        ],
        "Location": [
          "https://management.azure.com/subscriptions/0296790d-427c-48ca-b204-8b729bbd8670/providers/Microsoft.Compute/locations/centraluseuap/DiskOperations/b211bb41-57ac-4cf7-83cc-9e07078867f1?p=eeaf5299-aba8-4290-a7f0-860f286922fd&monitor=true&api-version=2021-04-01"
        ],
        "Azure-AsyncOperation": [
          "https://management.azure.com/subscriptions/0296790d-427c-48ca-b204-8b729bbd8670/providers/Microsoft.Compute/locations/centraluseuap/DiskOperations/b211bb41-57ac-4cf7-83cc-9e07078867f1?p=eeaf5299-aba8-4290-a7f0-860f286922fd&api-version=2021-04-01"
        ],
        "Strict-Transport-Security": [
          "max-age=31536000; includeSubDomains"
        ],
        "x-ms-served-by": [
          "eeaf5299-aba8-4290-a7f0-860f286922fd_132739907650698260"
        ],
        "x-ms-request-id": [
          "b211bb41-57ac-4cf7-83cc-9e07078867f1"
        ],
        "Server": [
          "Microsoft-HTTPAPI/2.0",
          "Microsoft-HTTPAPI/2.0"
        ],
        "x-ms-ratelimit-remaining-subscription-writes": [
          "1198"
        ],
        "x-ms-correlation-request-id": [
          "2ace804b-4262-4442-a586-a292af7ee1aa"
        ],
        "x-ms-routing-request-id": [
          "WESTCENTRALUS:20210901T190500Z:2ace804b-4262-4442-a586-a292af7ee1aa"
        ],
        "X-Content-Type-Options": [
          "nosniff"
        ],
        "Date": [
          "Wed, 01 Sep 2021 19:04:59 GMT"
        ],
        "Content-Length": [
          "892"
        ],
        "Content-Type": [
          "application/json; charset=utf-8"
        ],
        "Expires": [
          "-1"
        ]
      },
      "ResponseBody": "{\r\n  \"name\": \"diskrp7154\",\r\n  \"id\": \"/subscriptions/0296790d-427c-48ca-b204-8b729bbd8670/resourceGroups/crptestar2204/providers/Microsoft.Compute/diskEncryptionSets/diskrp7154\",\r\n  \"type\": \"Microsoft.Compute/diskEncryptionSets\",\r\n  \"location\": \"centraluseuap\",\r\n  \"identity\": {\r\n    \"type\": \"SystemAssigned\",\r\n    \"principalId\": \"4b6c5b30-84b0-46f4-ba1b-101db820520a\",\r\n    \"tenantId\": \"72f988bf-86f1-41af-91ab-2d7cd011db47\"\r\n  },\r\n  \"properties\": {\r\n    \"activeKey\": {\r\n      \"sourceVault\": {\r\n        \"id\": \"/subscriptions/0296790d-427c-48ca-b204-8b729bbd8670/resourcegroups/RGforSDKtestResources/providers/Microsoft.KeyVault/vaults/KeyVaultforTest\"\r\n      },\r\n      \"keyUrl\": \"https://keyvaultfortest.vault.azure.net/keys/KeyforTest/d2312bdc83184b77ae469668c5595e53\"\r\n    },\r\n    \"encryptionType\": \"EncryptionAtRestWithPlatformAndCustomerKeys\",\r\n    \"provisioningState\": \"Updating\"\r\n  }\r\n}",
      "StatusCode": 202
    },
    {
      "RequestUri": "/subscriptions/0296790d-427c-48ca-b204-8b729bbd8670/providers/Microsoft.Compute/locations/centraluseuap/DiskOperations/b211bb41-57ac-4cf7-83cc-9e07078867f1?p=eeaf5299-aba8-4290-a7f0-860f286922fd&api-version=2021-04-01",
      "EncodedRequestUri": "L3N1YnNjcmlwdGlvbnMvMDI5Njc5MGQtNDI3Yy00OGNhLWIyMDQtOGI3MjliYmQ4NjcwL3Byb3ZpZGVycy9NaWNyb3NvZnQuQ29tcHV0ZS9sb2NhdGlvbnMvY2VudHJhbHVzZXVhcC9EaXNrT3BlcmF0aW9ucy9iMjExYmI0MS01N2FjLTRjZjctODNjYy05ZTA3MDc4ODY3ZjE/cD1lZWFmNTI5OS1hYmE4LTQyOTAtYTdmMC04NjBmMjg2OTIyZmQmYXBpLXZlcnNpb249MjAyMS0wNC0wMQ==",
      "RequestMethod": "GET",
      "RequestBody": "",
      "RequestHeaders": {
        "User-Agent": [
          "FxVersion/4.6.30411.01",
          "OSName/Windows",
          "OSVersion/Microsoft.Windows.10.0.19043.",
          "Microsoft.Azure.Management.Compute.ComputeManagementClient/49.0.0"
        ]
      },
      "ResponseHeaders": {
        "Cache-Control": [
          "no-cache"
        ],
        "Pragma": [
          "no-cache"
        ],
        "x-ms-ratelimit-remaining-resource": [
          "Microsoft.Compute/GetOperation3Min;49991,Microsoft.Compute/GetOperation30Min;399909"
        ],
        "Strict-Transport-Security": [
          "max-age=31536000; includeSubDomains"
        ],
        "x-ms-served-by": [
          "eeaf5299-aba8-4290-a7f0-860f286922fd_132739907650698260"
        ],
        "x-ms-request-id": [
          "ff33bc19-c3be-4d47-8a4b-7d52b26c7a11"
        ],
        "Server": [
          "Microsoft-HTTPAPI/2.0",
          "Microsoft-HTTPAPI/2.0"
        ],
        "x-ms-ratelimit-remaining-subscription-reads": [
          "11996"
        ],
        "x-ms-correlation-request-id": [
          "2607d36e-d921-4a7e-aa06-42cd9dd0b66f"
        ],
        "x-ms-routing-request-id": [
          "WESTCENTRALUS:20210901T190530Z:2607d36e-d921-4a7e-aa06-42cd9dd0b66f"
        ],
        "X-Content-Type-Options": [
          "nosniff"
        ],
        "Date": [
          "Wed, 01 Sep 2021 19:05:29 GMT"
        ],
        "Content-Length": [
          "1023"
        ],
        "Content-Type": [
          "application/json; charset=utf-8"
        ],
        "Expires": [
          "-1"
        ]
      },
      "ResponseBody": "{\r\n  \"startTime\": \"2021-09-01T12:05:00.5651558-07:00\",\r\n  \"endTime\": \"2021-09-01T12:05:00.6432997-07:00\",\r\n  \"status\": \"Succeeded\",\r\n  \"properties\": {\r\n    \"output\": {\r\n      \"name\": \"diskrp7154\",\r\n      \"id\": \"/subscriptions/0296790d-427c-48ca-b204-8b729bbd8670/resourceGroups/crptestar2204/providers/Microsoft.Compute/diskEncryptionSets/diskrp7154\",\r\n      \"type\": \"Microsoft.Compute/diskEncryptionSets\",\r\n      \"location\": \"centraluseuap\",\r\n      \"tags\": {\r\n        \"tageKey\": \"tagvalue\"\r\n      },\r\n      \"identity\": {\r\n        \"type\": \"SystemAssigned\",\r\n        \"principalId\": \"4b6c5b30-84b0-46f4-ba1b-101db820520a\",\r\n        \"tenantId\": \"72f988bf-86f1-41af-91ab-2d7cd011db47\"\r\n      },\r\n      \"properties\": {\r\n        \"activeKey\": {\r\n          \"sourceVault\": {\r\n            \"id\": \"/subscriptions/0296790d-427c-48ca-b204-8b729bbd8670/resourcegroups/RGforSDKtestResources/providers/Microsoft.KeyVault/vaults/KeyVaultforTest\"\r\n          },\r\n          \"keyUrl\": \"https://keyvaultfortest.vault.azure.net/keys/KeyforTest/d2312bdc83184b77ae469668c5595e53\"\r\n        },\r\n        \"encryptionType\": \"EncryptionAtRestWithPlatformAndCustomerKeys\",\r\n        \"provisioningState\": \"Succeeded\"\r\n      }\r\n    }\r\n  },\r\n  \"name\": \"b211bb41-57ac-4cf7-83cc-9e07078867f1\"\r\n}",
      "StatusCode": 200
    },
    {
      "RequestUri": "/subscriptions/0296790d-427c-48ca-b204-8b729bbd8670/resourceGroups/crptestar2204/providers/Microsoft.Compute/diskEncryptionSets/diskrp7154?api-version=2021-04-01",
      "EncodedRequestUri": "L3N1YnNjcmlwdGlvbnMvMDI5Njc5MGQtNDI3Yy00OGNhLWIyMDQtOGI3MjliYmQ4NjcwL3Jlc291cmNlR3JvdXBzL2NycHRlc3RhcjIyMDQvcHJvdmlkZXJzL01pY3Jvc29mdC5Db21wdXRlL2Rpc2tFbmNyeXB0aW9uU2V0cy9kaXNrcnA3MTU0P2FwaS12ZXJzaW9uPTIwMjEtMDQtMDE=",
      "RequestMethod": "DELETE",
      "RequestBody": "",
      "RequestHeaders": {
        "x-ms-client-request-id": [
          "5f9d7447-bf91-4f47-b9e0-a5ec24c38bd5"
        ],
        "Accept-Language": [
          "en-US"
        ],
        "User-Agent": [
          "FxVersion/4.6.30411.01",
          "OSName/Windows",
          "OSVersion/Microsoft.Windows.10.0.19043.",
          "Microsoft.Azure.Management.Compute.ComputeManagementClient/49.0.0"
        ]
      },
      "ResponseHeaders": {
        "Cache-Control": [
          "no-cache"
        ],
        "Pragma": [
          "no-cache"
        ],
        "Location": [
          "https://management.azure.com/subscriptions/0296790d-427c-48ca-b204-8b729bbd8670/providers/Microsoft.Compute/locations/centraluseuap/DiskOperations/62f55acf-03b1-41b0-af0e-0b7e247f867c?p=eeaf5299-aba8-4290-a7f0-860f286922fd&monitor=true&api-version=2021-04-01"
        ],
        "Azure-AsyncOperation": [
          "https://management.azure.com/subscriptions/0296790d-427c-48ca-b204-8b729bbd8670/providers/Microsoft.Compute/locations/centraluseuap/DiskOperations/62f55acf-03b1-41b0-af0e-0b7e247f867c?p=eeaf5299-aba8-4290-a7f0-860f286922fd&api-version=2021-04-01"
        ],
        "x-ms-ratelimit-remaining-resource": [
          "Microsoft.Compute/HighCostDiskEncryptionSet3Min;96,Microsoft.Compute/HighCostDiskEncryptionSet30Min;288"
        ],
        "Strict-Transport-Security": [
          "max-age=31536000; includeSubDomains"
        ],
        "x-ms-served-by": [
          "eeaf5299-aba8-4290-a7f0-860f286922fd_132739907650698260"
        ],
        "x-ms-request-id": [
          "62f55acf-03b1-41b0-af0e-0b7e247f867c"
        ],
        "Server": [
          "Microsoft-HTTPAPI/2.0",
          "Microsoft-HTTPAPI/2.0"
        ],
        "x-ms-ratelimit-remaining-subscription-deletes": [
          "14997"
        ],
        "x-ms-correlation-request-id": [
          "e301112f-5b7b-40e9-891b-17e6872466a5"
        ],
        "x-ms-routing-request-id": [
          "WESTCENTRALUS:20210901T190531Z:e301112f-5b7b-40e9-891b-17e6872466a5"
        ],
        "X-Content-Type-Options": [
          "nosniff"
        ],
        "Date": [
          "Wed, 01 Sep 2021 19:05:30 GMT"
        ],
        "Expires": [
          "-1"
        ],
        "Content-Length": [
          "0"
        ]
      },
      "ResponseBody": "",
      "StatusCode": 202
    },
    {
      "RequestUri": "/subscriptions/0296790d-427c-48ca-b204-8b729bbd8670/providers/Microsoft.Compute/locations/centraluseuap/DiskOperations/62f55acf-03b1-41b0-af0e-0b7e247f867c?p=eeaf5299-aba8-4290-a7f0-860f286922fd&api-version=2021-04-01",
      "EncodedRequestUri": "L3N1YnNjcmlwdGlvbnMvMDI5Njc5MGQtNDI3Yy00OGNhLWIyMDQtOGI3MjliYmQ4NjcwL3Byb3ZpZGVycy9NaWNyb3NvZnQuQ29tcHV0ZS9sb2NhdGlvbnMvY2VudHJhbHVzZXVhcC9EaXNrT3BlcmF0aW9ucy82MmY1NWFjZi0wM2IxLTQxYjAtYWYwZS0wYjdlMjQ3Zjg2N2M/cD1lZWFmNTI5OS1hYmE4LTQyOTAtYTdmMC04NjBmMjg2OTIyZmQmYXBpLXZlcnNpb249MjAyMS0wNC0wMQ==",
      "RequestMethod": "GET",
      "RequestBody": "",
      "RequestHeaders": {
        "User-Agent": [
          "FxVersion/4.6.30411.01",
          "OSName/Windows",
          "OSVersion/Microsoft.Windows.10.0.19043.",
          "Microsoft.Azure.Management.Compute.ComputeManagementClient/49.0.0"
        ]
      },
      "ResponseHeaders": {
        "Cache-Control": [
          "no-cache"
        ],
        "Pragma": [
          "no-cache"
        ],
        "x-ms-ratelimit-remaining-resource": [
          "Microsoft.Compute/GetOperation3Min;49990,Microsoft.Compute/GetOperation30Min;399907"
        ],
        "Strict-Transport-Security": [
          "max-age=31536000; includeSubDomains"
        ],
        "x-ms-served-by": [
          "eeaf5299-aba8-4290-a7f0-860f286922fd_132739907650698260"
        ],
        "x-ms-request-id": [
          "6ba26bfa-4ae6-444f-ab4f-35dd8888eec5"
        ],
        "Server": [
          "Microsoft-HTTPAPI/2.0",
          "Microsoft-HTTPAPI/2.0"
        ],
        "x-ms-ratelimit-remaining-subscription-reads": [
          "11994"
        ],
        "x-ms-correlation-request-id": [
          "34cb6135-25ea-4644-ba5d-9939b5660e5d"
        ],
        "x-ms-routing-request-id": [
          "WESTCENTRALUS:20210901T190601Z:34cb6135-25ea-4644-ba5d-9939b5660e5d"
        ],
        "X-Content-Type-Options": [
          "nosniff"
        ],
        "Date": [
          "Wed, 01 Sep 2021 19:06:01 GMT"
        ],
        "Content-Length": [
          "184"
        ],
        "Content-Type": [
          "application/json; charset=utf-8"
        ],
        "Expires": [
          "-1"
        ]
      },
      "ResponseBody": "{\r\n  \"startTime\": \"2021-09-01T12:05:31.1279174-07:00\",\r\n  \"endTime\": \"2021-09-01T12:05:31.1904443-07:00\",\r\n  \"status\": \"Succeeded\",\r\n  \"name\": \"62f55acf-03b1-41b0-af0e-0b7e247f867c\"\r\n}",
      "StatusCode": 200
    },
    {
      "RequestUri": "/subscriptions/0296790d-427c-48ca-b204-8b729bbd8670/providers/Microsoft.Compute/locations/centraluseuap/DiskOperations/62f55acf-03b1-41b0-af0e-0b7e247f867c?p=eeaf5299-aba8-4290-a7f0-860f286922fd&monitor=true&api-version=2021-04-01",
      "EncodedRequestUri": "L3N1YnNjcmlwdGlvbnMvMDI5Njc5MGQtNDI3Yy00OGNhLWIyMDQtOGI3MjliYmQ4NjcwL3Byb3ZpZGVycy9NaWNyb3NvZnQuQ29tcHV0ZS9sb2NhdGlvbnMvY2VudHJhbHVzZXVhcC9EaXNrT3BlcmF0aW9ucy82MmY1NWFjZi0wM2IxLTQxYjAtYWYwZS0wYjdlMjQ3Zjg2N2M/cD1lZWFmNTI5OS1hYmE4LTQyOTAtYTdmMC04NjBmMjg2OTIyZmQmbW9uaXRvcj10cnVlJmFwaS12ZXJzaW9uPTIwMjEtMDQtMDE=",
      "RequestMethod": "GET",
      "RequestBody": "",
      "RequestHeaders": {
        "User-Agent": [
          "FxVersion/4.6.30411.01",
          "OSName/Windows",
          "OSVersion/Microsoft.Windows.10.0.19043.",
          "Microsoft.Azure.Management.Compute.ComputeManagementClient/49.0.0"
        ]
      },
      "ResponseHeaders": {
        "Cache-Control": [
          "no-cache"
        ],
        "Pragma": [
          "no-cache"
        ],
        "x-ms-ratelimit-remaining-resource": [
          "Microsoft.Compute/GetOperation3Min;49989,Microsoft.Compute/GetOperation30Min;399906"
        ],
        "Strict-Transport-Security": [
          "max-age=31536000; includeSubDomains"
        ],
        "x-ms-served-by": [
          "eeaf5299-aba8-4290-a7f0-860f286922fd_132739907650698260"
        ],
        "x-ms-request-id": [
          "43cb7253-ae16-4948-801f-671c4f2d5aa9"
        ],
        "Server": [
          "Microsoft-HTTPAPI/2.0",
          "Microsoft-HTTPAPI/2.0"
        ],
        "x-ms-ratelimit-remaining-subscription-reads": [
          "11993"
        ],
        "x-ms-correlation-request-id": [
          "c2730cd8-cc2d-4f82-bad3-e6f195bd6671"
        ],
        "x-ms-routing-request-id": [
          "WESTCENTRALUS:20210901T190601Z:c2730cd8-cc2d-4f82-bad3-e6f195bd6671"
        ],
        "X-Content-Type-Options": [
          "nosniff"
        ],
        "Date": [
          "Wed, 01 Sep 2021 19:06:01 GMT"
        ],
        "Expires": [
          "-1"
        ],
        "Content-Length": [
          "0"
        ]
      },
      "ResponseBody": "",
      "StatusCode": 200
    },
    {
      "RequestUri": "/subscriptions/0296790d-427c-48ca-b204-8b729bbd8670/resourcegroups/crptestar2204?api-version=2017-05-10",
      "EncodedRequestUri": "L3N1YnNjcmlwdGlvbnMvMDI5Njc5MGQtNDI3Yy00OGNhLWIyMDQtOGI3MjliYmQ4NjcwL3Jlc291cmNlZ3JvdXBzL2NycHRlc3RhcjIyMDQ/YXBpLXZlcnNpb249MjAxNy0wNS0xMA==",
      "RequestMethod": "DELETE",
      "RequestBody": "",
      "RequestHeaders": {
        "x-ms-client-request-id": [
          "b5b0cc5f-5535-41e8-991e-b9170cc605e4"
        ],
        "Accept-Language": [
          "en-US"
        ],
        "User-Agent": [
          "FxVersion/4.6.30411.01",
          "OSName/Windows",
          "OSVersion/Microsoft.Windows.10.0.19043.",
          "Microsoft.Azure.Management.ResourceManager.ResourceManagementClient/1.6.0.0"
        ]
      },
      "ResponseHeaders": {
        "Cache-Control": [
          "no-cache"
        ],
        "Pragma": [
          "no-cache"
        ],
        "Location": [
          "https://management.azure.com/subscriptions/0296790d-427c-48ca-b204-8b729bbd8670/operationresults/eyJqb2JJZCI6IlJFU09VUkNFR1JPVVBERUxFVElPTkpPQi1DUlBURVNUQVIyMjA0LUNFTlRSQUxVU0VVQVAiLCJqb2JMb2NhdGlvbiI6ImNlbnRyYWx1c2V1YXAifQ?api-version=2017-05-10"
        ],
        "Retry-After": [
          "15"
        ],
        "x-ms-ratelimit-remaining-subscription-deletes": [
          "14997"
        ],
        "x-ms-request-id": [
          "7a351c88-c409-43e7-8e82-169e990f98c8"
        ],
        "x-ms-correlation-request-id": [
          "7a351c88-c409-43e7-8e82-169e990f98c8"
        ],
        "x-ms-routing-request-id": [
          "WESTCENTRALUS:20210901T190602Z:7a351c88-c409-43e7-8e82-169e990f98c8"
        ],
        "Strict-Transport-Security": [
          "max-age=31536000; includeSubDomains"
        ],
        "X-Content-Type-Options": [
          "nosniff"
        ],
        "Date": [
          "Wed, 01 Sep 2021 19:06:01 GMT"
        ],
        "Expires": [
          "-1"
        ],
        "Content-Length": [
          "0"
        ]
      },
      "ResponseBody": "",
      "StatusCode": 202
    },
    {
      "RequestUri": "/subscriptions/0296790d-427c-48ca-b204-8b729bbd8670/operationresults/eyJqb2JJZCI6IlJFU09VUkNFR1JPVVBERUxFVElPTkpPQi1DUlBURVNUQVIyMjA0LUNFTlRSQUxVU0VVQVAiLCJqb2JMb2NhdGlvbiI6ImNlbnRyYWx1c2V1YXAifQ?api-version=2017-05-10",
      "EncodedRequestUri": "L3N1YnNjcmlwdGlvbnMvMDI5Njc5MGQtNDI3Yy00OGNhLWIyMDQtOGI3MjliYmQ4NjcwL29wZXJhdGlvbnJlc3VsdHMvZXlKcWIySkpaQ0k2SWxKRlUwOVZVa05GUjFKUFZWQkVSVXhGVkVsUFRrcFBRaTFEVWxCVVJWTlVRVkl5TWpBMExVTkZUbFJTUVV4VlUwVlZRVkFpTENKcWIySk1iMk5oZEdsdmJpSTZJbU5sYm5SeVlXeDFjMlYxWVhBaWZRP2FwaS12ZXJzaW9uPTIwMTctMDUtMTA=",
      "RequestMethod": "GET",
      "RequestBody": "",
      "RequestHeaders": {
        "User-Agent": [
          "FxVersion/4.6.30411.01",
          "OSName/Windows",
          "OSVersion/Microsoft.Windows.10.0.19043.",
          "Microsoft.Azure.Management.ResourceManager.ResourceManagementClient/1.6.0.0"
        ]
      },
      "ResponseHeaders": {
        "Cache-Control": [
          "no-cache"
        ],
        "Pragma": [
          "no-cache"
        ],
        "x-ms-ratelimit-remaining-subscription-reads": [
          "11999"
        ],
        "x-ms-request-id": [
          "1808af78-a598-4dcd-998b-13401f4cd1c7"
        ],
        "x-ms-correlation-request-id": [
          "1808af78-a598-4dcd-998b-13401f4cd1c7"
        ],
        "x-ms-routing-request-id": [
          "WESTCENTRALUS:20210901T190617Z:1808af78-a598-4dcd-998b-13401f4cd1c7"
        ],
        "Strict-Transport-Security": [
          "max-age=31536000; includeSubDomains"
        ],
        "X-Content-Type-Options": [
          "nosniff"
        ],
        "Date": [
          "Wed, 01 Sep 2021 19:06:16 GMT"
        ],
        "Expires": [
          "-1"
        ],
        "Content-Length": [
          "0"
        ]
      },
      "ResponseBody": "",
      "StatusCode": 200
    },
    {
      "RequestUri": "/subscriptions/0296790d-427c-48ca-b204-8b729bbd8670/operationresults/eyJqb2JJZCI6IlJFU09VUkNFR1JPVVBERUxFVElPTkpPQi1DUlBURVNUQVIyMjA0LUNFTlRSQUxVU0VVQVAiLCJqb2JMb2NhdGlvbiI6ImNlbnRyYWx1c2V1YXAifQ?api-version=2017-05-10",
      "EncodedRequestUri": "L3N1YnNjcmlwdGlvbnMvMDI5Njc5MGQtNDI3Yy00OGNhLWIyMDQtOGI3MjliYmQ4NjcwL29wZXJhdGlvbnJlc3VsdHMvZXlKcWIySkpaQ0k2SWxKRlUwOVZVa05GUjFKUFZWQkVSVXhGVkVsUFRrcFBRaTFEVWxCVVJWTlVRVkl5TWpBMExVTkZUbFJTUVV4VlUwVlZRVkFpTENKcWIySk1iMk5oZEdsdmJpSTZJbU5sYm5SeVlXeDFjMlYxWVhBaWZRP2FwaS12ZXJzaW9uPTIwMTctMDUtMTA=",
      "RequestMethod": "GET",
      "RequestBody": "",
      "RequestHeaders": {
        "User-Agent": [
          "FxVersion/4.6.30411.01",
          "OSName/Windows",
          "OSVersion/Microsoft.Windows.10.0.19043.",
          "Microsoft.Azure.Management.ResourceManager.ResourceManagementClient/1.6.0.0"
        ]
      },
      "ResponseHeaders": {
        "Cache-Control": [
          "no-cache"
        ],
        "Pragma": [
          "no-cache"
        ],
        "x-ms-ratelimit-remaining-subscription-reads": [
          "11998"
        ],
        "x-ms-request-id": [
          "2751995f-728c-46be-a579-9a4b226ab02e"
        ],
        "x-ms-correlation-request-id": [
          "2751995f-728c-46be-a579-9a4b226ab02e"
        ],
        "x-ms-routing-request-id": [
          "WESTCENTRALUS:20210901T190617Z:2751995f-728c-46be-a579-9a4b226ab02e"
        ],
        "Strict-Transport-Security": [
          "max-age=31536000; includeSubDomains"
        ],
        "X-Content-Type-Options": [
          "nosniff"
        ],
        "Date": [
          "Wed, 01 Sep 2021 19:06:16 GMT"
        ],
        "Expires": [
          "-1"
        ],
        "Content-Length": [
          "0"
        ]
      },
      "ResponseBody": "",
      "StatusCode": 200
    }
  ],
  "Names": {
    "DiskEncryptionSet_CRUD_Execute": [
      "crptestar2204",
      "diskrp7154"
    ]
  },
  "Variables": {
    "SubscriptionId": "0296790d-427c-48ca-b204-8b729bbd8670"
  }
}