{
  "Entries": [
    {
      "RequestUri": "/subscriptions/0296790d-427c-48ca-b204-8b729bbd8670/resourcegroups/crptestar1748?api-version=2017-05-10",
      "EncodedRequestUri": "L3N1YnNjcmlwdGlvbnMvMDI5Njc5MGQtNDI3Yy00OGNhLWIyMDQtOGI3MjliYmQ4NjcwL3Jlc291cmNlZ3JvdXBzL2NycHRlc3RhcjE3NDg/YXBpLXZlcnNpb249MjAxNy0wNS0xMA==",
      "RequestMethod": "PUT",
      "RequestBody": "{\r\n  \"location\": \"centraluseuap\"\r\n}",
      "RequestHeaders": {
        "x-ms-client-request-id": [
          "bbb71e66-2e0e-455c-b4e7-01e1cb68843e"
        ],
        "Accept-Language": [
          "en-US"
        ],
        "User-Agent": [
          "FxVersion/4.6.28325.01",
          "OSName/Windows",
          "OSVersion/Microsoft.Windows.10.0.18363.",
          "Microsoft.Azure.Management.ResourceManager.ResourceManagementClient/1.6.0.0"
        ],
        "Content-Type": [
          "application/json; charset=utf-8"
        ],
        "Content-Length": [
          "35"
        ]
      },
      "ResponseHeaders": {
        "Cache-Control": [
          "no-cache"
        ],
        "Pragma": [
          "no-cache"
        ],
        "x-ms-ratelimit-remaining-subscription-writes": [
          "1199"
        ],
        "x-ms-request-id": [
          "5a3ad9b7-e928-4da4-af68-58e5ff778d21"
        ],
        "x-ms-correlation-request-id": [
          "5a3ad9b7-e928-4da4-af68-58e5ff778d21"
        ],
        "x-ms-routing-request-id": [
          "WESTUS:20200303T011346Z:5a3ad9b7-e928-4da4-af68-58e5ff778d21"
        ],
        "Strict-Transport-Security": [
          "max-age=31536000; includeSubDomains"
        ],
        "X-Content-Type-Options": [
          "nosniff"
        ],
        "Date": [
          "Tue, 03 Mar 2020 01:13:45 GMT"
        ],
        "Content-Length": [
          "186"
        ],
        "Content-Type": [
          "application/json; charset=utf-8"
        ],
        "Expires": [
          "-1"
        ]
      },
      "ResponseBody": "{\r\n  \"id\": \"/subscriptions/0296790d-427c-48ca-b204-8b729bbd8670/resourceGroups/crptestar1748\",\r\n  \"name\": \"crptestar1748\",\r\n  \"location\": \"centraluseuap\",\r\n  \"properties\": {\r\n    \"provisioningState\": \"Succeeded\"\r\n  }\r\n}",
      "StatusCode": 201
    },
    {
      "RequestUri": "/subscriptions/0296790d-427c-48ca-b204-8b729bbd8670/resourcegroups/crptestar9025?api-version=2017-05-10",
      "EncodedRequestUri": "L3N1YnNjcmlwdGlvbnMvMDI5Njc5MGQtNDI3Yy00OGNhLWIyMDQtOGI3MjliYmQ4NjcwL3Jlc291cmNlZ3JvdXBzL2NycHRlc3RhcjkwMjU/YXBpLXZlcnNpb249MjAxNy0wNS0xMA==",
      "RequestMethod": "PUT",
      "RequestBody": "{\r\n  \"location\": \"centraluseuap\"\r\n}",
      "RequestHeaders": {
        "x-ms-client-request-id": [
          "ee6750a1-4156-4a73-92e6-a4781206ed5d"
        ],
        "Accept-Language": [
          "en-US"
        ],
        "User-Agent": [
          "FxVersion/4.6.28325.01",
          "OSName/Windows",
          "OSVersion/Microsoft.Windows.10.0.18363.",
          "Microsoft.Azure.Management.ResourceManager.ResourceManagementClient/1.6.0.0"
        ],
        "Content-Type": [
          "application/json; charset=utf-8"
        ],
        "Content-Length": [
          "35"
        ]
      },
      "ResponseHeaders": {
        "Cache-Control": [
          "no-cache"
        ],
        "Pragma": [
          "no-cache"
        ],
        "x-ms-ratelimit-remaining-subscription-writes": [
          "1198"
        ],
        "x-ms-request-id": [
          "9eb18a0b-a253-4a36-8ecb-f5fb90d5520f"
        ],
        "x-ms-correlation-request-id": [
          "9eb18a0b-a253-4a36-8ecb-f5fb90d5520f"
        ],
        "x-ms-routing-request-id": [
          "WESTUS:20200303T011347Z:9eb18a0b-a253-4a36-8ecb-f5fb90d5520f"
        ],
        "Strict-Transport-Security": [
          "max-age=31536000; includeSubDomains"
        ],
        "X-Content-Type-Options": [
          "nosniff"
        ],
        "Date": [
          "Tue, 03 Mar 2020 01:13:46 GMT"
        ],
        "Content-Length": [
          "186"
        ],
        "Content-Type": [
          "application/json; charset=utf-8"
        ],
        "Expires": [
          "-1"
        ]
      },
      "ResponseBody": "{\r\n  \"id\": \"/subscriptions/0296790d-427c-48ca-b204-8b729bbd8670/resourceGroups/crptestar9025\",\r\n  \"name\": \"crptestar9025\",\r\n  \"location\": \"centraluseuap\",\r\n  \"properties\": {\r\n    \"provisioningState\": \"Succeeded\"\r\n  }\r\n}",
      "StatusCode": 201
    },
    {
      "RequestUri": "/subscriptions/0296790d-427c-48ca-b204-8b729bbd8670/resourceGroups/crptestar1748/providers/Microsoft.Compute/diskEncryptionSets/diskrp1572?api-version=2019-11-01",
      "EncodedRequestUri": "L3N1YnNjcmlwdGlvbnMvMDI5Njc5MGQtNDI3Yy00OGNhLWIyMDQtOGI3MjliYmQ4NjcwL3Jlc291cmNlR3JvdXBzL2NycHRlc3RhcjE3NDgvcHJvdmlkZXJzL01pY3Jvc29mdC5Db21wdXRlL2Rpc2tFbmNyeXB0aW9uU2V0cy9kaXNrcnAxNTcyP2FwaS12ZXJzaW9uPTIwMTktMTEtMDE=",
      "RequestMethod": "PUT",
      "RequestBody": "{\r\n  \"identity\": {\r\n    \"type\": \"SystemAssigned\"\r\n  },\r\n  \"properties\": {\r\n    \"activeKey\": {\r\n      \"sourceVault\": {\r\n        \"id\": \"/subscriptions/0296790d-427c-48ca-b204-8b729bbd8670/resourcegroups/swagger/providers/Microsoft.KeyVault/vaults/swaggervault\"\r\n      },\r\n      \"keyUrl\": \"https://swaggervault.vault.azure.net/keys/diskRPSSEKey/4780bcaf12384596b75cf63731f2046c\"\r\n    }\r\n  },\r\n  \"location\": \"centraluseuap\"\r\n}",
      "RequestHeaders": {
        "x-ms-client-request-id": [
          "05a66f00-18ad-42bf-8bc6-e1d6079a463f"
        ],
        "Accept-Language": [
          "en-US"
        ],
        "User-Agent": [
          "FxVersion/4.6.28325.01",
          "OSName/Windows",
          "OSVersion/Microsoft.Windows.10.0.18363.",
          "Microsoft.Azure.Management.Compute.ComputeManagementClient/33.0.0.0"
        ],
        "Content-Type": [
          "application/json; charset=utf-8"
        ],
        "Content-Length": [
          "422"
        ]
      },
      "ResponseHeaders": {
        "Cache-Control": [
          "no-cache"
        ],
        "Pragma": [
          "no-cache"
        ],
        "Azure-AsyncOperation": [
          "https://management.azure.com/subscriptions/0296790d-427c-48ca-b204-8b729bbd8670/providers/Microsoft.Compute/locations/centraluseuap/DiskOperations/5d7f2b14-62eb-45ba-a742-44ace8d5cf0e?api-version=2019-11-01"
        ],
        "x-ms-ratelimit-remaining-resource": [
          "Microsoft.Compute/HighCostDiskEncryptionSet3Min;99,Microsoft.Compute/HighCostDiskEncryptionSet30Min;297"
        ],
        "Strict-Transport-Security": [
          "max-age=31536000; includeSubDomains"
        ],
        "x-ms-served-by": [
          "eeaf5299-aba8-4290-a7f0-860f286922fd_132269719397963904"
        ],
        "x-ms-request-id": [
          "5d7f2b14-62eb-45ba-a742-44ace8d5cf0e"
        ],
        "Server": [
          "Microsoft-HTTPAPI/2.0",
          "Microsoft-HTTPAPI/2.0"
        ],
        "x-ms-ratelimit-remaining-subscription-writes": [
          "1199"
        ],
        "x-ms-correlation-request-id": [
          "e8550396-b239-45fe-9320-0d5e8428f476"
        ],
        "x-ms-routing-request-id": [
          "WESTUS:20200303T011352Z:e8550396-b239-45fe-9320-0d5e8428f476"
        ],
        "X-Content-Type-Options": [
          "nosniff"
        ],
        "Date": [
          "Tue, 03 Mar 2020 01:13:51 GMT"
        ],
        "Content-Length": [
          "460"
        ],
        "Content-Type": [
          "application/json; charset=utf-8"
        ],
        "Expires": [
          "-1"
        ]
      },
      "ResponseBody": "{\r\n  \"location\": \"centraluseuap\",\r\n  \"identity\": {\r\n    \"type\": \"SystemAssigned\"\r\n  },\r\n  \"properties\": {\r\n    \"activeKey\": {\r\n      \"sourceVault\": {\r\n        \"id\": \"/subscriptions/0296790d-427c-48ca-b204-8b729bbd8670/resourcegroups/swagger/providers/Microsoft.KeyVault/vaults/swaggervault\"\r\n      },\r\n      \"keyUrl\": \"https://swaggervault.vault.azure.net/keys/diskRPSSEKey/4780bcaf12384596b75cf63731f2046c\"\r\n    },\r\n    \"provisioningState\": \"Updating\"\r\n  }\r\n}",
      "StatusCode": 201
    },
    {
      "RequestUri": "/subscriptions/0296790d-427c-48ca-b204-8b729bbd8670/providers/Microsoft.Compute/locations/centraluseuap/DiskOperations/5d7f2b14-62eb-45ba-a742-44ace8d5cf0e?api-version=2019-11-01",
      "EncodedRequestUri": "L3N1YnNjcmlwdGlvbnMvMDI5Njc5MGQtNDI3Yy00OGNhLWIyMDQtOGI3MjliYmQ4NjcwL3Byb3ZpZGVycy9NaWNyb3NvZnQuQ29tcHV0ZS9sb2NhdGlvbnMvY2VudHJhbHVzZXVhcC9EaXNrT3BlcmF0aW9ucy81ZDdmMmIxNC02MmViLTQ1YmEtYTc0Mi00NGFjZThkNWNmMGU/YXBpLXZlcnNpb249MjAxOS0xMS0wMQ==",
      "RequestMethod": "GET",
      "RequestBody": "",
      "RequestHeaders": {
        "User-Agent": [
          "FxVersion/4.6.28325.01",
          "OSName/Windows",
          "OSVersion/Microsoft.Windows.10.0.18363.",
          "Microsoft.Azure.Management.Compute.ComputeManagementClient/33.0.0.0"
        ]
      },
      "ResponseHeaders": {
        "Cache-Control": [
          "no-cache"
        ],
        "Pragma": [
          "no-cache"
        ],
        "x-ms-ratelimit-remaining-resource": [
          "Microsoft.Compute/GetOperation3Min;49998,Microsoft.Compute/GetOperation30Min;399990"
        ],
        "Strict-Transport-Security": [
          "max-age=31536000; includeSubDomains"
        ],
        "x-ms-served-by": [
          "eeaf5299-aba8-4290-a7f0-860f286922fd_132269719397963904"
        ],
        "x-ms-request-id": [
          "79e7b390-c6d9-4743-9a18-68cd59101c2f"
        ],
        "Server": [
          "Microsoft-HTTPAPI/2.0",
          "Microsoft-HTTPAPI/2.0"
        ],
        "x-ms-ratelimit-remaining-subscription-reads": [
          "11999"
        ],
        "x-ms-correlation-request-id": [
          "c0f17281-c1a0-4406-b07d-4ce702b7a3e7"
        ],
        "x-ms-routing-request-id": [
          "WESTUS:20200303T011422Z:c0f17281-c1a0-4406-b07d-4ce702b7a3e7"
        ],
        "X-Content-Type-Options": [
          "nosniff"
        ],
        "Date": [
          "Tue, 03 Mar 2020 01:14:22 GMT"
        ],
        "Content-Length": [
          "952"
        ],
        "Content-Type": [
          "application/json; charset=utf-8"
        ],
        "Expires": [
          "-1"
        ]
      },
      "ResponseBody": "{\r\n  \"startTime\": \"2020-03-02T17:13:51.777562-08:00\",\r\n  \"endTime\": \"2020-03-02T17:13:51.8556998-08:00\",\r\n  \"status\": \"Succeeded\",\r\n  \"properties\": {\r\n    \"output\": {\r\n      \"name\": \"diskrp1572\",\r\n      \"id\": \"/subscriptions/0296790d-427c-48ca-b204-8b729bbd8670/resourceGroups/crptestar1748/providers/Microsoft.Compute/diskEncryptionSets/diskrp1572\",\r\n      \"type\": \"Microsoft.Compute/diskEncryptionSets\",\r\n      \"location\": \"centraluseuap\",\r\n      \"identity\": {\r\n        \"type\": \"SystemAssigned\",\r\n        \"principalId\": \"f66c048b-de3c-426d-a5b0-74c171c35b2c\",\r\n        \"tenantId\": \"72f988bf-86f1-41af-91ab-2d7cd011db47\"\r\n      },\r\n      \"properties\": {\r\n        \"activeKey\": {\r\n          \"sourceVault\": {\r\n            \"id\": \"/subscriptions/0296790d-427c-48ca-b204-8b729bbd8670/resourcegroups/swagger/providers/Microsoft.KeyVault/vaults/swaggervault\"\r\n          },\r\n          \"keyUrl\": \"https://swaggervault.vault.azure.net/keys/diskRPSSEKey/4780bcaf12384596b75cf63731f2046c\"\r\n        },\r\n        \"type\": \"EncryptionAtRestWithCustomerKey\",\r\n        \"provisioningState\": \"Succeeded\"\r\n      }\r\n    }\r\n  },\r\n  \"name\": \"5d7f2b14-62eb-45ba-a742-44ace8d5cf0e\"\r\n}",
      "StatusCode": 200
    },
    {
      "RequestUri": "/subscriptions/0296790d-427c-48ca-b204-8b729bbd8670/resourceGroups/crptestar1748/providers/Microsoft.Compute/diskEncryptionSets/diskrp1572?api-version=2019-11-01",
      "EncodedRequestUri": "L3N1YnNjcmlwdGlvbnMvMDI5Njc5MGQtNDI3Yy00OGNhLWIyMDQtOGI3MjliYmQ4NjcwL3Jlc291cmNlR3JvdXBzL2NycHRlc3RhcjE3NDgvcHJvdmlkZXJzL01pY3Jvc29mdC5Db21wdXRlL2Rpc2tFbmNyeXB0aW9uU2V0cy9kaXNrcnAxNTcyP2FwaS12ZXJzaW9uPTIwMTktMTEtMDE=",
      "RequestMethod": "GET",
      "RequestBody": "",
      "RequestHeaders": {
        "User-Agent": [
          "FxVersion/4.6.28325.01",
          "OSName/Windows",
          "OSVersion/Microsoft.Windows.10.0.18363.",
          "Microsoft.Azure.Management.Compute.ComputeManagementClient/33.0.0.0"
        ]
      },
      "ResponseHeaders": {
        "Cache-Control": [
          "no-cache"
        ],
        "Pragma": [
          "no-cache"
        ],
        "x-ms-ratelimit-remaining-resource": [
          "Microsoft.Compute/LowCostGet3Min;4997,Microsoft.Compute/LowCostGet30Min;39983"
        ],
        "Strict-Transport-Security": [
          "max-age=31536000; includeSubDomains"
        ],
        "x-ms-served-by": [
          "eeaf5299-aba8-4290-a7f0-860f286922fd_132269719397963904"
        ],
        "x-ms-request-id": [
          "e524f4b6-984f-479f-9baa-68f3a7e8adcd"
        ],
        "Server": [
          "Microsoft-HTTPAPI/2.0",
          "Microsoft-HTTPAPI/2.0"
        ],
        "x-ms-ratelimit-remaining-subscription-reads": [
          "11998"
        ],
        "x-ms-correlation-request-id": [
          "fbb07cb9-d5e5-4fd1-8b20-4a49c1b896f5"
        ],
        "x-ms-routing-request-id": [
          "WESTUS:20200303T011422Z:fbb07cb9-d5e5-4fd1-8b20-4a49c1b896f5"
        ],
        "X-Content-Type-Options": [
          "nosniff"
        ],
        "Date": [
          "Tue, 03 Mar 2020 01:14:22 GMT"
        ],
        "Content-Length": [
          "805"
        ],
        "Content-Type": [
          "application/json; charset=utf-8"
        ],
        "Expires": [
          "-1"
        ]
      },
      "ResponseBody": "{\r\n  \"name\": \"diskrp1572\",\r\n  \"id\": \"/subscriptions/0296790d-427c-48ca-b204-8b729bbd8670/resourceGroups/crptestar1748/providers/Microsoft.Compute/diskEncryptionSets/diskrp1572\",\r\n  \"type\": \"Microsoft.Compute/diskEncryptionSets\",\r\n  \"location\": \"centraluseuap\",\r\n  \"identity\": {\r\n    \"type\": \"SystemAssigned\",\r\n    \"principalId\": \"f66c048b-de3c-426d-a5b0-74c171c35b2c\",\r\n    \"tenantId\": \"72f988bf-86f1-41af-91ab-2d7cd011db47\"\r\n  },\r\n  \"properties\": {\r\n    \"activeKey\": {\r\n      \"sourceVault\": {\r\n        \"id\": \"/subscriptions/0296790d-427c-48ca-b204-8b729bbd8670/resourcegroups/swagger/providers/Microsoft.KeyVault/vaults/swaggervault\"\r\n      },\r\n      \"keyUrl\": \"https://swaggervault.vault.azure.net/keys/diskRPSSEKey/4780bcaf12384596b75cf63731f2046c\"\r\n    },\r\n    \"provisioningState\": \"Succeeded\"\r\n  }\r\n}",
      "StatusCode": 200
    },
    {
      "RequestUri": "/subscriptions/0296790d-427c-48ca-b204-8b729bbd8670/resourceGroups/crptestar1748/providers/Microsoft.Compute/diskEncryptionSets/diskrp6573?api-version=2019-11-01",
      "EncodedRequestUri": "L3N1YnNjcmlwdGlvbnMvMDI5Njc5MGQtNDI3Yy00OGNhLWIyMDQtOGI3MjliYmQ4NjcwL3Jlc291cmNlR3JvdXBzL2NycHRlc3RhcjE3NDgvcHJvdmlkZXJzL01pY3Jvc29mdC5Db21wdXRlL2Rpc2tFbmNyeXB0aW9uU2V0cy9kaXNrcnA2NTczP2FwaS12ZXJzaW9uPTIwMTktMTEtMDE=",
      "RequestMethod": "PUT",
      "RequestBody": "{\r\n  \"identity\": {\r\n    \"type\": \"SystemAssigned\"\r\n  },\r\n  \"properties\": {\r\n    \"activeKey\": {\r\n      \"sourceVault\": {\r\n        \"id\": \"/subscriptions/0296790d-427c-48ca-b204-8b729bbd8670/resourcegroups/swagger/providers/Microsoft.KeyVault/vaults/swaggervault\"\r\n      },\r\n      \"keyUrl\": \"https://swaggervault.vault.azure.net/keys/diskRPSSEKey/4780bcaf12384596b75cf63731f2046c\"\r\n    }\r\n  },\r\n  \"location\": \"centraluseuap\"\r\n}",
      "RequestHeaders": {
        "x-ms-client-request-id": [
          "c3e3dc20-7e2f-4a54-bcb6-c0e50a382c6f"
        ],
        "Accept-Language": [
          "en-US"
        ],
        "User-Agent": [
          "FxVersion/4.6.28325.01",
          "OSName/Windows",
          "OSVersion/Microsoft.Windows.10.0.18363.",
          "Microsoft.Azure.Management.Compute.ComputeManagementClient/33.0.0.0"
        ],
        "Content-Type": [
          "application/json; charset=utf-8"
        ],
        "Content-Length": [
          "422"
        ]
      },
      "ResponseHeaders": {
        "Cache-Control": [
          "no-cache"
        ],
        "Pragma": [
          "no-cache"
        ],
        "Azure-AsyncOperation": [
          "https://management.azure.com/subscriptions/0296790d-427c-48ca-b204-8b729bbd8670/providers/Microsoft.Compute/locations/centraluseuap/DiskOperations/68766c88-835e-459a-8f3f-74e8a8d2818b?api-version=2019-11-01"
        ],
        "x-ms-ratelimit-remaining-resource": [
          "Microsoft.Compute/HighCostDiskEncryptionSet3Min;98,Microsoft.Compute/HighCostDiskEncryptionSet30Min;296"
        ],
        "Strict-Transport-Security": [
          "max-age=31536000; includeSubDomains"
        ],
        "x-ms-served-by": [
          "eeaf5299-aba8-4290-a7f0-860f286922fd_132269719397963904"
        ],
        "x-ms-request-id": [
          "68766c88-835e-459a-8f3f-74e8a8d2818b"
        ],
        "Server": [
          "Microsoft-HTTPAPI/2.0",
          "Microsoft-HTTPAPI/2.0"
        ],
        "x-ms-ratelimit-remaining-subscription-writes": [
          "1198"
        ],
        "x-ms-correlation-request-id": [
          "e65d9867-6158-41cd-867c-8c70af369a13"
        ],
        "x-ms-routing-request-id": [
          "WESTUS:20200303T011426Z:e65d9867-6158-41cd-867c-8c70af369a13"
        ],
        "X-Content-Type-Options": [
          "nosniff"
        ],
        "Date": [
          "Tue, 03 Mar 2020 01:14:26 GMT"
        ],
        "Content-Length": [
          "460"
        ],
        "Content-Type": [
          "application/json; charset=utf-8"
        ],
        "Expires": [
          "-1"
        ]
      },
      "ResponseBody": "{\r\n  \"location\": \"centraluseuap\",\r\n  \"identity\": {\r\n    \"type\": \"SystemAssigned\"\r\n  },\r\n  \"properties\": {\r\n    \"activeKey\": {\r\n      \"sourceVault\": {\r\n        \"id\": \"/subscriptions/0296790d-427c-48ca-b204-8b729bbd8670/resourcegroups/swagger/providers/Microsoft.KeyVault/vaults/swaggervault\"\r\n      },\r\n      \"keyUrl\": \"https://swaggervault.vault.azure.net/keys/diskRPSSEKey/4780bcaf12384596b75cf63731f2046c\"\r\n    },\r\n    \"provisioningState\": \"Updating\"\r\n  }\r\n}",
      "StatusCode": 201
    },
    {
      "RequestUri": "/subscriptions/0296790d-427c-48ca-b204-8b729bbd8670/providers/Microsoft.Compute/locations/centraluseuap/DiskOperations/68766c88-835e-459a-8f3f-74e8a8d2818b?api-version=2019-11-01",
      "EncodedRequestUri": "L3N1YnNjcmlwdGlvbnMvMDI5Njc5MGQtNDI3Yy00OGNhLWIyMDQtOGI3MjliYmQ4NjcwL3Byb3ZpZGVycy9NaWNyb3NvZnQuQ29tcHV0ZS9sb2NhdGlvbnMvY2VudHJhbHVzZXVhcC9EaXNrT3BlcmF0aW9ucy82ODc2NmM4OC04MzVlLTQ1OWEtOGYzZi03NGU4YThkMjgxOGI/YXBpLXZlcnNpb249MjAxOS0xMS0wMQ==",
      "RequestMethod": "GET",
      "RequestBody": "",
      "RequestHeaders": {
        "User-Agent": [
          "FxVersion/4.6.28325.01",
          "OSName/Windows",
          "OSVersion/Microsoft.Windows.10.0.18363.",
          "Microsoft.Azure.Management.Compute.ComputeManagementClient/33.0.0.0"
        ]
      },
      "ResponseHeaders": {
        "Cache-Control": [
          "no-cache"
        ],
        "Pragma": [
          "no-cache"
        ],
        "x-ms-ratelimit-remaining-resource": [
          "Microsoft.Compute/GetOperation3Min;49996,Microsoft.Compute/GetOperation30Min;399988"
        ],
        "Strict-Transport-Security": [
          "max-age=31536000; includeSubDomains"
        ],
        "x-ms-served-by": [
          "eeaf5299-aba8-4290-a7f0-860f286922fd_132269719397963904"
        ],
        "x-ms-request-id": [
          "027812d2-5c87-4389-925b-6d5fb74110f3"
        ],
        "x-ms-ratelimit-remaining-subscription-reads": [
          "11997"
        ],
        "Server": [
          "Microsoft-HTTPAPI/2.0",
          "Microsoft-HTTPAPI/2.0"
        ],
        "x-ms-correlation-request-id": [
          "1ab58fc8-79cc-4caf-82b4-d007ac79d349"
        ],
        "x-ms-routing-request-id": [
          "WESTUS:20200303T011456Z:1ab58fc8-79cc-4caf-82b4-d007ac79d349"
        ],
        "X-Content-Type-Options": [
          "nosniff"
        ],
        "Date": [
          "Tue, 03 Mar 2020 01:14:55 GMT"
        ],
        "Content-Length": [
          "953"
        ],
        "Content-Type": [
          "application/json; charset=utf-8"
        ],
        "Expires": [
          "-1"
        ]
      },
      "ResponseBody": "{\r\n  \"startTime\": \"2020-03-02T17:14:25.8658532-08:00\",\r\n  \"endTime\": \"2020-03-02T17:14:25.9283602-08:00\",\r\n  \"status\": \"Succeeded\",\r\n  \"properties\": {\r\n    \"output\": {\r\n      \"name\": \"diskrp6573\",\r\n      \"id\": \"/subscriptions/0296790d-427c-48ca-b204-8b729bbd8670/resourceGroups/crptestar1748/providers/Microsoft.Compute/diskEncryptionSets/diskrp6573\",\r\n      \"type\": \"Microsoft.Compute/diskEncryptionSets\",\r\n      \"location\": \"centraluseuap\",\r\n      \"identity\": {\r\n        \"type\": \"SystemAssigned\",\r\n        \"principalId\": \"c09abe8c-ba85-4296-a280-f83131c2657d\",\r\n        \"tenantId\": \"72f988bf-86f1-41af-91ab-2d7cd011db47\"\r\n      },\r\n      \"properties\": {\r\n        \"activeKey\": {\r\n          \"sourceVault\": {\r\n            \"id\": \"/subscriptions/0296790d-427c-48ca-b204-8b729bbd8670/resourcegroups/swagger/providers/Microsoft.KeyVault/vaults/swaggervault\"\r\n          },\r\n          \"keyUrl\": \"https://swaggervault.vault.azure.net/keys/diskRPSSEKey/4780bcaf12384596b75cf63731f2046c\"\r\n        },\r\n        \"type\": \"EncryptionAtRestWithCustomerKey\",\r\n        \"provisioningState\": \"Succeeded\"\r\n      }\r\n    }\r\n  },\r\n  \"name\": \"68766c88-835e-459a-8f3f-74e8a8d2818b\"\r\n}",
      "StatusCode": 200
    },
    {
      "RequestUri": "/subscriptions/0296790d-427c-48ca-b204-8b729bbd8670/resourceGroups/crptestar1748/providers/Microsoft.Compute/diskEncryptionSets/diskrp6573?api-version=2019-11-01",
      "EncodedRequestUri": "L3N1YnNjcmlwdGlvbnMvMDI5Njc5MGQtNDI3Yy00OGNhLWIyMDQtOGI3MjliYmQ4NjcwL3Jlc291cmNlR3JvdXBzL2NycHRlc3RhcjE3NDgvcHJvdmlkZXJzL01pY3Jvc29mdC5Db21wdXRlL2Rpc2tFbmNyeXB0aW9uU2V0cy9kaXNrcnA2NTczP2FwaS12ZXJzaW9uPTIwMTktMTEtMDE=",
      "RequestMethod": "GET",
      "RequestBody": "",
      "RequestHeaders": {
        "User-Agent": [
          "FxVersion/4.6.28325.01",
          "OSName/Windows",
          "OSVersion/Microsoft.Windows.10.0.18363.",
          "Microsoft.Azure.Management.Compute.ComputeManagementClient/33.0.0.0"
        ]
      },
      "ResponseHeaders": {
        "Cache-Control": [
          "no-cache"
        ],
        "Pragma": [
          "no-cache"
        ],
        "x-ms-ratelimit-remaining-resource": [
          "Microsoft.Compute/LowCostGet3Min;4992,Microsoft.Compute/LowCostGet30Min;39978"
        ],
        "Strict-Transport-Security": [
          "max-age=31536000; includeSubDomains"
        ],
        "x-ms-served-by": [
          "eeaf5299-aba8-4290-a7f0-860f286922fd_132269719397963904"
        ],
        "x-ms-request-id": [
          "4369cb0c-bdcf-4203-922a-fdc7d2418cfc"
        ],
        "Server": [
          "Microsoft-HTTPAPI/2.0",
          "Microsoft-HTTPAPI/2.0"
        ],
        "x-ms-ratelimit-remaining-subscription-reads": [
          "11996"
        ],
        "x-ms-correlation-request-id": [
          "119ae3a3-3d77-4760-8dd8-dc797fdbafc4"
        ],
        "x-ms-routing-request-id": [
          "WESTUS:20200303T011456Z:119ae3a3-3d77-4760-8dd8-dc797fdbafc4"
        ],
        "X-Content-Type-Options": [
          "nosniff"
        ],
        "Date": [
          "Tue, 03 Mar 2020 01:14:56 GMT"
        ],
        "Content-Length": [
          "805"
        ],
        "Content-Type": [
          "application/json; charset=utf-8"
        ],
        "Expires": [
          "-1"
        ]
      },
      "ResponseBody": "{\r\n  \"name\": \"diskrp6573\",\r\n  \"id\": \"/subscriptions/0296790d-427c-48ca-b204-8b729bbd8670/resourceGroups/crptestar1748/providers/Microsoft.Compute/diskEncryptionSets/diskrp6573\",\r\n  \"type\": \"Microsoft.Compute/diskEncryptionSets\",\r\n  \"location\": \"centraluseuap\",\r\n  \"identity\": {\r\n    \"type\": \"SystemAssigned\",\r\n    \"principalId\": \"c09abe8c-ba85-4296-a280-f83131c2657d\",\r\n    \"tenantId\": \"72f988bf-86f1-41af-91ab-2d7cd011db47\"\r\n  },\r\n  \"properties\": {\r\n    \"activeKey\": {\r\n      \"sourceVault\": {\r\n        \"id\": \"/subscriptions/0296790d-427c-48ca-b204-8b729bbd8670/resourcegroups/swagger/providers/Microsoft.KeyVault/vaults/swaggervault\"\r\n      },\r\n      \"keyUrl\": \"https://swaggervault.vault.azure.net/keys/diskRPSSEKey/4780bcaf12384596b75cf63731f2046c\"\r\n    },\r\n    \"provisioningState\": \"Succeeded\"\r\n  }\r\n}",
      "StatusCode": 200
    },
    {
      "RequestUri": "/subscriptions/0296790d-427c-48ca-b204-8b729bbd8670/resourceGroups/crptestar9025/providers/Microsoft.Compute/diskEncryptionSets/diskrp1572?api-version=2019-11-01",
      "EncodedRequestUri": "L3N1YnNjcmlwdGlvbnMvMDI5Njc5MGQtNDI3Yy00OGNhLWIyMDQtOGI3MjliYmQ4NjcwL3Jlc291cmNlR3JvdXBzL2NycHRlc3RhcjkwMjUvcHJvdmlkZXJzL01pY3Jvc29mdC5Db21wdXRlL2Rpc2tFbmNyeXB0aW9uU2V0cy9kaXNrcnAxNTcyP2FwaS12ZXJzaW9uPTIwMTktMTEtMDE=",
      "RequestMethod": "PUT",
      "RequestBody": "{\r\n  \"identity\": {\r\n    \"type\": \"SystemAssigned\"\r\n  },\r\n  \"properties\": {\r\n    \"activeKey\": {\r\n      \"sourceVault\": {\r\n        \"id\": \"/subscriptions/0296790d-427c-48ca-b204-8b729bbd8670/resourcegroups/swagger/providers/Microsoft.KeyVault/vaults/swaggervault\"\r\n      },\r\n      \"keyUrl\": \"https://swaggervault.vault.azure.net/keys/diskRPSSEKey/4780bcaf12384596b75cf63731f2046c\"\r\n    }\r\n  },\r\n  \"location\": \"centraluseuap\"\r\n}",
      "RequestHeaders": {
        "x-ms-client-request-id": [
          "aad31e49-a141-44a8-8a97-d84392542992"
        ],
        "Accept-Language": [
          "en-US"
        ],
        "User-Agent": [
          "FxVersion/4.6.28325.01",
          "OSName/Windows",
          "OSVersion/Microsoft.Windows.10.0.18363.",
          "Microsoft.Azure.Management.Compute.ComputeManagementClient/33.0.0.0"
        ],
        "Content-Type": [
          "application/json; charset=utf-8"
        ],
        "Content-Length": [
          "422"
        ]
      },
      "ResponseHeaders": {
        "Cache-Control": [
          "no-cache"
        ],
        "Pragma": [
          "no-cache"
        ],
        "Azure-AsyncOperation": [
          "https://management.azure.com/subscriptions/0296790d-427c-48ca-b204-8b729bbd8670/providers/Microsoft.Compute/locations/centraluseuap/DiskOperations/3d893a5a-4d55-4bfa-8d64-1e64e78522af?api-version=2019-11-01"
        ],
        "x-ms-ratelimit-remaining-resource": [
          "Microsoft.Compute/HighCostDiskEncryptionSet3Min;97,Microsoft.Compute/HighCostDiskEncryptionSet30Min;295"
        ],
        "Strict-Transport-Security": [
          "max-age=31536000; includeSubDomains"
        ],
        "x-ms-served-by": [
          "eeaf5299-aba8-4290-a7f0-860f286922fd_132269719397963904"
        ],
        "x-ms-request-id": [
          "3d893a5a-4d55-4bfa-8d64-1e64e78522af"
        ],
        "Server": [
          "Microsoft-HTTPAPI/2.0",
          "Microsoft-HTTPAPI/2.0"
        ],
        "x-ms-ratelimit-remaining-subscription-writes": [
          "1197"
        ],
        "x-ms-correlation-request-id": [
          "3c239019-9344-4cbf-9d71-460834982120"
        ],
        "x-ms-routing-request-id": [
          "WESTUS:20200303T011500Z:3c239019-9344-4cbf-9d71-460834982120"
        ],
        "X-Content-Type-Options": [
          "nosniff"
        ],
        "Date": [
          "Tue, 03 Mar 2020 01:15:00 GMT"
        ],
        "Content-Length": [
          "460"
        ],
        "Content-Type": [
          "application/json; charset=utf-8"
        ],
        "Expires": [
          "-1"
        ]
      },
      "ResponseBody": "{\r\n  \"location\": \"centraluseuap\",\r\n  \"identity\": {\r\n    \"type\": \"SystemAssigned\"\r\n  },\r\n  \"properties\": {\r\n    \"activeKey\": {\r\n      \"sourceVault\": {\r\n        \"id\": \"/subscriptions/0296790d-427c-48ca-b204-8b729bbd8670/resourcegroups/swagger/providers/Microsoft.KeyVault/vaults/swaggervault\"\r\n      },\r\n      \"keyUrl\": \"https://swaggervault.vault.azure.net/keys/diskRPSSEKey/4780bcaf12384596b75cf63731f2046c\"\r\n    },\r\n    \"provisioningState\": \"Updating\"\r\n  }\r\n}",
      "StatusCode": 201
    },
    {
      "RequestUri": "/subscriptions/0296790d-427c-48ca-b204-8b729bbd8670/providers/Microsoft.Compute/locations/centraluseuap/DiskOperations/3d893a5a-4d55-4bfa-8d64-1e64e78522af?api-version=2019-11-01",
      "EncodedRequestUri": "L3N1YnNjcmlwdGlvbnMvMDI5Njc5MGQtNDI3Yy00OGNhLWIyMDQtOGI3MjliYmQ4NjcwL3Byb3ZpZGVycy9NaWNyb3NvZnQuQ29tcHV0ZS9sb2NhdGlvbnMvY2VudHJhbHVzZXVhcC9EaXNrT3BlcmF0aW9ucy8zZDg5M2E1YS00ZDU1LTRiZmEtOGQ2NC0xZTY0ZTc4NTIyYWY/YXBpLXZlcnNpb249MjAxOS0xMS0wMQ==",
      "RequestMethod": "GET",
      "RequestBody": "",
      "RequestHeaders": {
        "User-Agent": [
          "FxVersion/4.6.28325.01",
          "OSName/Windows",
          "OSVersion/Microsoft.Windows.10.0.18363.",
          "Microsoft.Azure.Management.Compute.ComputeManagementClient/33.0.0.0"
        ]
      },
      "ResponseHeaders": {
        "Cache-Control": [
          "no-cache"
        ],
        "Pragma": [
          "no-cache"
        ],
        "x-ms-ratelimit-remaining-resource": [
          "Microsoft.Compute/GetOperation3Min;49994,Microsoft.Compute/GetOperation30Min;399986"
        ],
        "Strict-Transport-Security": [
          "max-age=31536000; includeSubDomains"
        ],
        "x-ms-served-by": [
          "eeaf5299-aba8-4290-a7f0-860f286922fd_132269719397963904"
        ],
        "x-ms-request-id": [
          "1935bf39-0794-4b7e-830f-bec0b5dbbdb2"
        ],
        "Server": [
          "Microsoft-HTTPAPI/2.0",
          "Microsoft-HTTPAPI/2.0"
        ],
        "x-ms-ratelimit-remaining-subscription-reads": [
          "11995"
        ],
        "x-ms-correlation-request-id": [
          "ca27b2b3-9e34-4ae0-b19c-0cd591c68795"
        ],
        "x-ms-routing-request-id": [
          "WESTUS:20200303T011530Z:ca27b2b3-9e34-4ae0-b19c-0cd591c68795"
        ],
        "X-Content-Type-Options": [
          "nosniff"
        ],
        "Date": [
          "Tue, 03 Mar 2020 01:15:29 GMT"
        ],
        "Content-Length": [
          "953"
        ],
        "Content-Type": [
          "application/json; charset=utf-8"
        ],
        "Expires": [
          "-1"
        ]
      },
      "ResponseBody": "{\r\n  \"startTime\": \"2020-03-02T17:14:59.9827441-08:00\",\r\n  \"endTime\": \"2020-03-02T17:15:00.0608288-08:00\",\r\n  \"status\": \"Succeeded\",\r\n  \"properties\": {\r\n    \"output\": {\r\n      \"name\": \"diskrp1572\",\r\n      \"id\": \"/subscriptions/0296790d-427c-48ca-b204-8b729bbd8670/resourceGroups/crptestar9025/providers/Microsoft.Compute/diskEncryptionSets/diskrp1572\",\r\n      \"type\": \"Microsoft.Compute/diskEncryptionSets\",\r\n      \"location\": \"centraluseuap\",\r\n      \"identity\": {\r\n        \"type\": \"SystemAssigned\",\r\n        \"principalId\": \"cd8732e5-9fc5-4e1d-aabe-3d59901f2afd\",\r\n        \"tenantId\": \"72f988bf-86f1-41af-91ab-2d7cd011db47\"\r\n      },\r\n      \"properties\": {\r\n        \"activeKey\": {\r\n          \"sourceVault\": {\r\n            \"id\": \"/subscriptions/0296790d-427c-48ca-b204-8b729bbd8670/resourcegroups/swagger/providers/Microsoft.KeyVault/vaults/swaggervault\"\r\n          },\r\n          \"keyUrl\": \"https://swaggervault.vault.azure.net/keys/diskRPSSEKey/4780bcaf12384596b75cf63731f2046c\"\r\n        },\r\n        \"type\": \"EncryptionAtRestWithCustomerKey\",\r\n        \"provisioningState\": \"Succeeded\"\r\n      }\r\n    }\r\n  },\r\n  \"name\": \"3d893a5a-4d55-4bfa-8d64-1e64e78522af\"\r\n}",
      "StatusCode": 200
    },
    {
      "RequestUri": "/subscriptions/0296790d-427c-48ca-b204-8b729bbd8670/resourceGroups/crptestar9025/providers/Microsoft.Compute/diskEncryptionSets/diskrp1572?api-version=2019-11-01",
      "EncodedRequestUri": "L3N1YnNjcmlwdGlvbnMvMDI5Njc5MGQtNDI3Yy00OGNhLWIyMDQtOGI3MjliYmQ4NjcwL3Jlc291cmNlR3JvdXBzL2NycHRlc3RhcjkwMjUvcHJvdmlkZXJzL01pY3Jvc29mdC5Db21wdXRlL2Rpc2tFbmNyeXB0aW9uU2V0cy9kaXNrcnAxNTcyP2FwaS12ZXJzaW9uPTIwMTktMTEtMDE=",
      "RequestMethod": "GET",
      "RequestBody": "",
      "RequestHeaders": {
        "User-Agent": [
          "FxVersion/4.6.28325.01",
          "OSName/Windows",
          "OSVersion/Microsoft.Windows.10.0.18363.",
          "Microsoft.Azure.Management.Compute.ComputeManagementClient/33.0.0.0"
        ]
      },
      "ResponseHeaders": {
        "Cache-Control": [
          "no-cache"
        ],
        "Pragma": [
          "no-cache"
        ],
        "x-ms-ratelimit-remaining-resource": [
          "Microsoft.Compute/LowCostGet3Min;4988,Microsoft.Compute/LowCostGet30Min;39974"
        ],
        "Strict-Transport-Security": [
          "max-age=31536000; includeSubDomains"
        ],
        "x-ms-served-by": [
          "eeaf5299-aba8-4290-a7f0-860f286922fd_132269719397963904"
        ],
        "x-ms-request-id": [
          "c4f7b99e-c92a-4432-80eb-fea3d2076b6d"
        ],
        "Server": [
          "Microsoft-HTTPAPI/2.0",
          "Microsoft-HTTPAPI/2.0"
        ],
        "x-ms-ratelimit-remaining-subscription-reads": [
          "11994"
        ],
        "x-ms-correlation-request-id": [
          "e3c70a91-533d-4151-81fb-6b871d0064e9"
        ],
        "x-ms-routing-request-id": [
          "WESTUS:20200303T011530Z:e3c70a91-533d-4151-81fb-6b871d0064e9"
        ],
        "X-Content-Type-Options": [
          "nosniff"
        ],
        "Date": [
          "Tue, 03 Mar 2020 01:15:30 GMT"
        ],
        "Content-Length": [
          "805"
        ],
        "Content-Type": [
          "application/json; charset=utf-8"
        ],
        "Expires": [
          "-1"
        ]
      },
      "ResponseBody": "{\r\n  \"name\": \"diskrp1572\",\r\n  \"id\": \"/subscriptions/0296790d-427c-48ca-b204-8b729bbd8670/resourceGroups/crptestar9025/providers/Microsoft.Compute/diskEncryptionSets/diskrp1572\",\r\n  \"type\": \"Microsoft.Compute/diskEncryptionSets\",\r\n  \"location\": \"centraluseuap\",\r\n  \"identity\": {\r\n    \"type\": \"SystemAssigned\",\r\n    \"principalId\": \"cd8732e5-9fc5-4e1d-aabe-3d59901f2afd\",\r\n    \"tenantId\": \"72f988bf-86f1-41af-91ab-2d7cd011db47\"\r\n  },\r\n  \"properties\": {\r\n    \"activeKey\": {\r\n      \"sourceVault\": {\r\n        \"id\": \"/subscriptions/0296790d-427c-48ca-b204-8b729bbd8670/resourcegroups/swagger/providers/Microsoft.KeyVault/vaults/swaggervault\"\r\n      },\r\n      \"keyUrl\": \"https://swaggervault.vault.azure.net/keys/diskRPSSEKey/4780bcaf12384596b75cf63731f2046c\"\r\n    },\r\n    \"provisioningState\": \"Succeeded\"\r\n  }\r\n}",
      "StatusCode": 200
    },
    {
      "RequestUri": "/subscriptions/0296790d-427c-48ca-b204-8b729bbd8670/resourceGroups/crptestar9025/providers/Microsoft.Compute/diskEncryptionSets/diskrp6573?api-version=2019-11-01",
      "EncodedRequestUri": "L3N1YnNjcmlwdGlvbnMvMDI5Njc5MGQtNDI3Yy00OGNhLWIyMDQtOGI3MjliYmQ4NjcwL3Jlc291cmNlR3JvdXBzL2NycHRlc3RhcjkwMjUvcHJvdmlkZXJzL01pY3Jvc29mdC5Db21wdXRlL2Rpc2tFbmNyeXB0aW9uU2V0cy9kaXNrcnA2NTczP2FwaS12ZXJzaW9uPTIwMTktMTEtMDE=",
      "RequestMethod": "PUT",
      "RequestBody": "{\r\n  \"identity\": {\r\n    \"type\": \"SystemAssigned\"\r\n  },\r\n  \"properties\": {\r\n    \"activeKey\": {\r\n      \"sourceVault\": {\r\n        \"id\": \"/subscriptions/0296790d-427c-48ca-b204-8b729bbd8670/resourcegroups/swagger/providers/Microsoft.KeyVault/vaults/swaggervault\"\r\n      },\r\n      \"keyUrl\": \"https://swaggervault.vault.azure.net/keys/diskRPSSEKey/4780bcaf12384596b75cf63731f2046c\"\r\n    }\r\n  },\r\n  \"location\": \"centraluseuap\"\r\n}",
      "RequestHeaders": {
        "x-ms-client-request-id": [
          "6cffcbe2-0df7-4aa6-9633-65f0f0ca9254"
        ],
        "Accept-Language": [
          "en-US"
        ],
        "User-Agent": [
          "FxVersion/4.6.28325.01",
          "OSName/Windows",
          "OSVersion/Microsoft.Windows.10.0.18363.",
          "Microsoft.Azure.Management.Compute.ComputeManagementClient/33.0.0.0"
        ],
        "Content-Type": [
          "application/json; charset=utf-8"
        ],
        "Content-Length": [
          "422"
        ]
      },
      "ResponseHeaders": {
        "Cache-Control": [
          "no-cache"
        ],
        "Pragma": [
          "no-cache"
        ],
        "Azure-AsyncOperation": [
          "https://management.azure.com/subscriptions/0296790d-427c-48ca-b204-8b729bbd8670/providers/Microsoft.Compute/locations/centraluseuap/DiskOperations/0fe04398-76aa-48ee-b2f1-ce78d3e82693?api-version=2019-11-01"
        ],
        "x-ms-ratelimit-remaining-resource": [
          "Microsoft.Compute/HighCostDiskEncryptionSet3Min;96,Microsoft.Compute/HighCostDiskEncryptionSet30Min;294"
        ],
        "Strict-Transport-Security": [
          "max-age=31536000; includeSubDomains"
        ],
        "x-ms-served-by": [
          "eeaf5299-aba8-4290-a7f0-860f286922fd_132269719397963904"
        ],
        "x-ms-request-id": [
          "0fe04398-76aa-48ee-b2f1-ce78d3e82693"
        ],
        "Server": [
          "Microsoft-HTTPAPI/2.0",
          "Microsoft-HTTPAPI/2.0"
        ],
        "x-ms-ratelimit-remaining-subscription-writes": [
          "1196"
        ],
        "x-ms-correlation-request-id": [
          "25b1785d-c2fe-44f5-911d-af81a40b64e1"
        ],
        "x-ms-routing-request-id": [
          "WESTUS:20200303T011535Z:25b1785d-c2fe-44f5-911d-af81a40b64e1"
        ],
        "X-Content-Type-Options": [
          "nosniff"
        ],
        "Date": [
          "Tue, 03 Mar 2020 01:15:34 GMT"
        ],
        "Content-Length": [
          "460"
        ],
        "Content-Type": [
          "application/json; charset=utf-8"
        ],
        "Expires": [
          "-1"
        ]
      },
      "ResponseBody": "{\r\n  \"location\": \"centraluseuap\",\r\n  \"identity\": {\r\n    \"type\": \"SystemAssigned\"\r\n  },\r\n  \"properties\": {\r\n    \"activeKey\": {\r\n      \"sourceVault\": {\r\n        \"id\": \"/subscriptions/0296790d-427c-48ca-b204-8b729bbd8670/resourcegroups/swagger/providers/Microsoft.KeyVault/vaults/swaggervault\"\r\n      },\r\n      \"keyUrl\": \"https://swaggervault.vault.azure.net/keys/diskRPSSEKey/4780bcaf12384596b75cf63731f2046c\"\r\n    },\r\n    \"provisioningState\": \"Updating\"\r\n  }\r\n}",
      "StatusCode": 201
    },
    {
      "RequestUri": "/subscriptions/0296790d-427c-48ca-b204-8b729bbd8670/providers/Microsoft.Compute/locations/centraluseuap/DiskOperations/0fe04398-76aa-48ee-b2f1-ce78d3e82693?api-version=2019-11-01",
      "EncodedRequestUri": "L3N1YnNjcmlwdGlvbnMvMDI5Njc5MGQtNDI3Yy00OGNhLWIyMDQtOGI3MjliYmQ4NjcwL3Byb3ZpZGVycy9NaWNyb3NvZnQuQ29tcHV0ZS9sb2NhdGlvbnMvY2VudHJhbHVzZXVhcC9EaXNrT3BlcmF0aW9ucy8wZmUwNDM5OC03NmFhLTQ4ZWUtYjJmMS1jZTc4ZDNlODI2OTM/YXBpLXZlcnNpb249MjAxOS0xMS0wMQ==",
      "RequestMethod": "GET",
      "RequestBody": "",
      "RequestHeaders": {
        "User-Agent": [
          "FxVersion/4.6.28325.01",
          "OSName/Windows",
          "OSVersion/Microsoft.Windows.10.0.18363.",
          "Microsoft.Azure.Management.Compute.ComputeManagementClient/33.0.0.0"
        ]
      },
      "ResponseHeaders": {
        "Cache-Control": [
          "no-cache"
        ],
        "Pragma": [
          "no-cache"
        ],
        "x-ms-ratelimit-remaining-resource": [
          "Microsoft.Compute/GetOperation3Min;49992,Microsoft.Compute/GetOperation30Min;399984"
        ],
        "Strict-Transport-Security": [
          "max-age=31536000; includeSubDomains"
        ],
        "x-ms-served-by": [
          "eeaf5299-aba8-4290-a7f0-860f286922fd_132269719397963904"
        ],
        "x-ms-request-id": [
          "93860490-f5ce-48bb-889e-b988d07c7eec"
        ],
        "x-ms-ratelimit-remaining-subscription-reads": [
          "11993"
        ],
        "Server": [
          "Microsoft-HTTPAPI/2.0",
          "Microsoft-HTTPAPI/2.0"
        ],
        "x-ms-correlation-request-id": [
          "e5de6542-ba7e-4d84-871e-d8fb77db78e6"
        ],
        "x-ms-routing-request-id": [
          "WESTUS:20200303T011605Z:e5de6542-ba7e-4d84-871e-d8fb77db78e6"
        ],
        "X-Content-Type-Options": [
          "nosniff"
        ],
        "Date": [
          "Tue, 03 Mar 2020 01:16:05 GMT"
        ],
        "Content-Length": [
          "952"
        ],
        "Content-Type": [
          "application/json; charset=utf-8"
        ],
        "Expires": [
          "-1"
        ]
      },
      "ResponseBody": "{\r\n  \"startTime\": \"2020-03-02T17:15:34.849455-08:00\",\r\n  \"endTime\": \"2020-03-02T17:15:34.9276973-08:00\",\r\n  \"status\": \"Succeeded\",\r\n  \"properties\": {\r\n    \"output\": {\r\n      \"name\": \"diskrp6573\",\r\n      \"id\": \"/subscriptions/0296790d-427c-48ca-b204-8b729bbd8670/resourceGroups/crptestar9025/providers/Microsoft.Compute/diskEncryptionSets/diskrp6573\",\r\n      \"type\": \"Microsoft.Compute/diskEncryptionSets\",\r\n      \"location\": \"centraluseuap\",\r\n      \"identity\": {\r\n        \"type\": \"SystemAssigned\",\r\n        \"principalId\": \"4de5e204-8579-4933-b8bb-50677222887b\",\r\n        \"tenantId\": \"72f988bf-86f1-41af-91ab-2d7cd011db47\"\r\n      },\r\n      \"properties\": {\r\n        \"activeKey\": {\r\n          \"sourceVault\": {\r\n            \"id\": \"/subscriptions/0296790d-427c-48ca-b204-8b729bbd8670/resourcegroups/swagger/providers/Microsoft.KeyVault/vaults/swaggervault\"\r\n          },\r\n          \"keyUrl\": \"https://swaggervault.vault.azure.net/keys/diskRPSSEKey/4780bcaf12384596b75cf63731f2046c\"\r\n        },\r\n        \"type\": \"EncryptionAtRestWithCustomerKey\",\r\n        \"provisioningState\": \"Succeeded\"\r\n      }\r\n    }\r\n  },\r\n  \"name\": \"0fe04398-76aa-48ee-b2f1-ce78d3e82693\"\r\n}",
      "StatusCode": 200
    },
    {
      "RequestUri": "/subscriptions/0296790d-427c-48ca-b204-8b729bbd8670/resourceGroups/crptestar9025/providers/Microsoft.Compute/diskEncryptionSets/diskrp6573?api-version=2019-11-01",
      "EncodedRequestUri": "L3N1YnNjcmlwdGlvbnMvMDI5Njc5MGQtNDI3Yy00OGNhLWIyMDQtOGI3MjliYmQ4NjcwL3Jlc291cmNlR3JvdXBzL2NycHRlc3RhcjkwMjUvcHJvdmlkZXJzL01pY3Jvc29mdC5Db21wdXRlL2Rpc2tFbmNyeXB0aW9uU2V0cy9kaXNrcnA2NTczP2FwaS12ZXJzaW9uPTIwMTktMTEtMDE=",
      "RequestMethod": "GET",
      "RequestBody": "",
      "RequestHeaders": {
        "User-Agent": [
          "FxVersion/4.6.28325.01",
          "OSName/Windows",
          "OSVersion/Microsoft.Windows.10.0.18363.",
          "Microsoft.Azure.Management.Compute.ComputeManagementClient/33.0.0.0"
        ]
      },
      "ResponseHeaders": {
        "Cache-Control": [
          "no-cache"
        ],
        "Pragma": [
          "no-cache"
        ],
        "x-ms-ratelimit-remaining-resource": [
          "Microsoft.Compute/LowCostGet3Min;4983,Microsoft.Compute/LowCostGet30Min;39969"
        ],
        "Strict-Transport-Security": [
          "max-age=31536000; includeSubDomains"
        ],
        "x-ms-served-by": [
          "eeaf5299-aba8-4290-a7f0-860f286922fd_132269719397963904"
        ],
        "x-ms-request-id": [
          "be03e37a-e187-46af-8067-b62c0b4bc683"
        ],
        "Server": [
          "Microsoft-HTTPAPI/2.0",
          "Microsoft-HTTPAPI/2.0"
        ],
        "x-ms-ratelimit-remaining-subscription-reads": [
          "11992"
        ],
        "x-ms-correlation-request-id": [
          "39eb2b83-d8ca-489d-ba0e-bb12407cd2fa"
        ],
        "x-ms-routing-request-id": [
          "WESTUS:20200303T011605Z:39eb2b83-d8ca-489d-ba0e-bb12407cd2fa"
        ],
        "X-Content-Type-Options": [
          "nosniff"
        ],
        "Date": [
          "Tue, 03 Mar 2020 01:16:05 GMT"
        ],
        "Content-Length": [
          "805"
        ],
        "Content-Type": [
          "application/json; charset=utf-8"
        ],
        "Expires": [
          "-1"
        ]
      },
      "ResponseBody": "{\r\n  \"name\": \"diskrp6573\",\r\n  \"id\": \"/subscriptions/0296790d-427c-48ca-b204-8b729bbd8670/resourceGroups/crptestar9025/providers/Microsoft.Compute/diskEncryptionSets/diskrp6573\",\r\n  \"type\": \"Microsoft.Compute/diskEncryptionSets\",\r\n  \"location\": \"centraluseuap\",\r\n  \"identity\": {\r\n    \"type\": \"SystemAssigned\",\r\n    \"principalId\": \"4de5e204-8579-4933-b8bb-50677222887b\",\r\n    \"tenantId\": \"72f988bf-86f1-41af-91ab-2d7cd011db47\"\r\n  },\r\n  \"properties\": {\r\n    \"activeKey\": {\r\n      \"sourceVault\": {\r\n        \"id\": \"/subscriptions/0296790d-427c-48ca-b204-8b729bbd8670/resourcegroups/swagger/providers/Microsoft.KeyVault/vaults/swaggervault\"\r\n      },\r\n      \"keyUrl\": \"https://swaggervault.vault.azure.net/keys/diskRPSSEKey/4780bcaf12384596b75cf63731f2046c\"\r\n    },\r\n    \"provisioningState\": \"Succeeded\"\r\n  }\r\n}",
      "StatusCode": 200
    },
    {
      "RequestUri": "/subscriptions/0296790d-427c-48ca-b204-8b729bbd8670/resourceGroups/crptestar1748/providers/Microsoft.Compute/diskEncryptionSets?api-version=2019-11-01",
      "EncodedRequestUri": "L3N1YnNjcmlwdGlvbnMvMDI5Njc5MGQtNDI3Yy00OGNhLWIyMDQtOGI3MjliYmQ4NjcwL3Jlc291cmNlR3JvdXBzL2NycHRlc3RhcjE3NDgvcHJvdmlkZXJzL01pY3Jvc29mdC5Db21wdXRlL2Rpc2tFbmNyeXB0aW9uU2V0cz9hcGktdmVyc2lvbj0yMDE5LTExLTAx",
      "RequestMethod": "GET",
      "RequestBody": "",
      "RequestHeaders": {
        "x-ms-client-request-id": [
          "d100ce5f-ce17-4046-ad5e-38edaeec9bbf"
        ],
        "Accept-Language": [
          "en-US"
        ],
        "User-Agent": [
          "FxVersion/4.6.28325.01",
          "OSName/Windows",
          "OSVersion/Microsoft.Windows.10.0.18363.",
          "Microsoft.Azure.Management.Compute.ComputeManagementClient/33.0.0.0"
        ]
      },
      "ResponseHeaders": {
        "Cache-Control": [
          "no-cache"
        ],
        "Pragma": [
          "no-cache"
        ],
        "Strict-Transport-Security": [
          "max-age=31536000; includeSubDomains"
        ],
        "x-ms-served-by": [
          "eeaf5299-aba8-4290-a7f0-860f286922fd_132269719397963904"
        ],
        "x-ms-request-id": [
          "916829a5-36b0-4721-b9ca-c635e9b00f45"
        ],
        "Server": [
          "Microsoft-HTTPAPI/2.0",
          "Microsoft-HTTPAPI/2.0"
        ],
        "x-ms-ratelimit-remaining-subscription-reads": [
          "11991"
        ],
        "x-ms-correlation-request-id": [
          "ad677b28-270a-4b90-99b5-836c233ecf39"
        ],
        "x-ms-routing-request-id": [
          "WESTUS:20200303T011605Z:ad677b28-270a-4b90-99b5-836c233ecf39"
        ],
        "X-Content-Type-Options": [
          "nosniff"
        ],
        "Date": [
          "Tue, 03 Mar 2020 01:16:05 GMT"
        ],
        "Content-Length": [
          "1798"
        ],
        "Content-Type": [
          "application/json; charset=utf-8"
        ],
        "Expires": [
          "-1"
        ]
      },
      "ResponseBody": "{\r\n  \"value\": [\r\n    {\r\n      \"name\": \"diskrp1572\",\r\n      \"id\": \"/subscriptions/0296790d-427c-48ca-b204-8b729bbd8670/resourceGroups/CRPTESTAR1748/providers/Microsoft.Compute/diskEncryptionSets/diskrp1572\",\r\n      \"type\": \"Microsoft.Compute/diskEncryptionSets\",\r\n      \"location\": \"centraluseuap\",\r\n      \"identity\": {\r\n        \"type\": \"SystemAssigned\",\r\n        \"principalId\": \"f66c048b-de3c-426d-a5b0-74c171c35b2c\",\r\n        \"tenantId\": \"72f988bf-86f1-41af-91ab-2d7cd011db47\"\r\n      },\r\n      \"properties\": {\r\n        \"activeKey\": {\r\n          \"sourceVault\": {\r\n            \"id\": \"/subscriptions/0296790d-427c-48ca-b204-8b729bbd8670/resourcegroups/swagger/providers/Microsoft.KeyVault/vaults/swaggervault\"\r\n          },\r\n          \"keyUrl\": \"https://swaggervault.vault.azure.net/keys/diskRPSSEKey/4780bcaf12384596b75cf63731f2046c\"\r\n        },\r\n        \"provisioningState\": \"Succeeded\"\r\n      }\r\n    },\r\n    {\r\n      \"name\": \"diskrp6573\",\r\n      \"id\": \"/subscriptions/0296790d-427c-48ca-b204-8b729bbd8670/resourceGroups/CRPTESTAR1748/providers/Microsoft.Compute/diskEncryptionSets/diskrp6573\",\r\n      \"type\": \"Microsoft.Compute/diskEncryptionSets\",\r\n      \"location\": \"centraluseuap\",\r\n      \"identity\": {\r\n        \"type\": \"SystemAssigned\",\r\n        \"principalId\": \"c09abe8c-ba85-4296-a280-f83131c2657d\",\r\n        \"tenantId\": \"72f988bf-86f1-41af-91ab-2d7cd011db47\"\r\n      },\r\n      \"properties\": {\r\n        \"activeKey\": {\r\n          \"sourceVault\": {\r\n            \"id\": \"/subscriptions/0296790d-427c-48ca-b204-8b729bbd8670/resourcegroups/swagger/providers/Microsoft.KeyVault/vaults/swaggervault\"\r\n          },\r\n          \"keyUrl\": \"https://swaggervault.vault.azure.net/keys/diskRPSSEKey/4780bcaf12384596b75cf63731f2046c\"\r\n        },\r\n        \"provisioningState\": \"Succeeded\"\r\n      }\r\n    }\r\n  ]\r\n}",
      "StatusCode": 200
    },
    {
      "RequestUri": "/subscriptions/0296790d-427c-48ca-b204-8b729bbd8670/resourceGroups/crptestar9025/providers/Microsoft.Compute/diskEncryptionSets?api-version=2019-11-01",
      "EncodedRequestUri": "L3N1YnNjcmlwdGlvbnMvMDI5Njc5MGQtNDI3Yy00OGNhLWIyMDQtOGI3MjliYmQ4NjcwL3Jlc291cmNlR3JvdXBzL2NycHRlc3RhcjkwMjUvcHJvdmlkZXJzL01pY3Jvc29mdC5Db21wdXRlL2Rpc2tFbmNyeXB0aW9uU2V0cz9hcGktdmVyc2lvbj0yMDE5LTExLTAx",
      "RequestMethod": "GET",
      "RequestBody": "",
      "RequestHeaders": {
        "x-ms-client-request-id": [
          "68ef73a2-3e88-4a7a-9127-61fad9a8ad23"
        ],
        "Accept-Language": [
          "en-US"
        ],
        "User-Agent": [
          "FxVersion/4.6.28325.01",
          "OSName/Windows",
          "OSVersion/Microsoft.Windows.10.0.18363.",
          "Microsoft.Azure.Management.Compute.ComputeManagementClient/33.0.0.0"
        ]
      },
      "ResponseHeaders": {
        "Cache-Control": [
          "no-cache"
        ],
        "Pragma": [
          "no-cache"
        ],
        "Strict-Transport-Security": [
          "max-age=31536000; includeSubDomains"
        ],
        "x-ms-served-by": [
          "eeaf5299-aba8-4290-a7f0-860f286922fd_132269719397963904"
        ],
        "x-ms-request-id": [
          "b4851c99-6d7f-4938-9795-08509f01f39a"
        ],
        "Server": [
          "Microsoft-HTTPAPI/2.0",
          "Microsoft-HTTPAPI/2.0"
        ],
        "x-ms-ratelimit-remaining-subscription-reads": [
          "11990"
        ],
        "x-ms-correlation-request-id": [
          "92d18e1a-37d6-4f53-ab87-3961c97aa79e"
        ],
        "x-ms-routing-request-id": [
          "WESTUS:20200303T011606Z:92d18e1a-37d6-4f53-ab87-3961c97aa79e"
        ],
        "X-Content-Type-Options": [
          "nosniff"
        ],
        "Date": [
          "Tue, 03 Mar 2020 01:16:05 GMT"
        ],
        "Content-Length": [
          "1798"
        ],
        "Content-Type": [
          "application/json; charset=utf-8"
        ],
        "Expires": [
          "-1"
        ]
      },
      "ResponseBody": "{\r\n  \"value\": [\r\n    {\r\n      \"name\": \"diskrp1572\",\r\n      \"id\": \"/subscriptions/0296790d-427c-48ca-b204-8b729bbd8670/resourceGroups/CRPTESTAR9025/providers/Microsoft.Compute/diskEncryptionSets/diskrp1572\",\r\n      \"type\": \"Microsoft.Compute/diskEncryptionSets\",\r\n      \"location\": \"centraluseuap\",\r\n      \"identity\": {\r\n        \"type\": \"SystemAssigned\",\r\n        \"principalId\": \"cd8732e5-9fc5-4e1d-aabe-3d59901f2afd\",\r\n        \"tenantId\": \"72f988bf-86f1-41af-91ab-2d7cd011db47\"\r\n      },\r\n      \"properties\": {\r\n        \"activeKey\": {\r\n          \"sourceVault\": {\r\n            \"id\": \"/subscriptions/0296790d-427c-48ca-b204-8b729bbd8670/resourcegroups/swagger/providers/Microsoft.KeyVault/vaults/swaggervault\"\r\n          },\r\n          \"keyUrl\": \"https://swaggervault.vault.azure.net/keys/diskRPSSEKey/4780bcaf12384596b75cf63731f2046c\"\r\n        },\r\n        \"provisioningState\": \"Succeeded\"\r\n      }\r\n    },\r\n    {\r\n      \"name\": \"diskrp6573\",\r\n      \"id\": \"/subscriptions/0296790d-427c-48ca-b204-8b729bbd8670/resourceGroups/CRPTESTAR9025/providers/Microsoft.Compute/diskEncryptionSets/diskrp6573\",\r\n      \"type\": \"Microsoft.Compute/diskEncryptionSets\",\r\n      \"location\": \"centraluseuap\",\r\n      \"identity\": {\r\n        \"type\": \"SystemAssigned\",\r\n        \"principalId\": \"4de5e204-8579-4933-b8bb-50677222887b\",\r\n        \"tenantId\": \"72f988bf-86f1-41af-91ab-2d7cd011db47\"\r\n      },\r\n      \"properties\": {\r\n        \"activeKey\": {\r\n          \"sourceVault\": {\r\n            \"id\": \"/subscriptions/0296790d-427c-48ca-b204-8b729bbd8670/resourcegroups/swagger/providers/Microsoft.KeyVault/vaults/swaggervault\"\r\n          },\r\n          \"keyUrl\": \"https://swaggervault.vault.azure.net/keys/diskRPSSEKey/4780bcaf12384596b75cf63731f2046c\"\r\n        },\r\n        \"provisioningState\": \"Succeeded\"\r\n      }\r\n    }\r\n  ]\r\n}",
      "StatusCode": 200
    },
    {
      "RequestUri": "/subscriptions/0296790d-427c-48ca-b204-8b729bbd8670/providers/Microsoft.Compute/diskEncryptionSets?api-version=2019-11-01",
      "EncodedRequestUri": "L3N1YnNjcmlwdGlvbnMvMDI5Njc5MGQtNDI3Yy00OGNhLWIyMDQtOGI3MjliYmQ4NjcwL3Byb3ZpZGVycy9NaWNyb3NvZnQuQ29tcHV0ZS9kaXNrRW5jcnlwdGlvblNldHM/YXBpLXZlcnNpb249MjAxOS0xMS0wMQ==",
      "RequestMethod": "GET",
      "RequestBody": "",
      "RequestHeaders": {
        "x-ms-client-request-id": [
          "419e7333-f439-437a-a597-cc422f0ccc99"
        ],
        "Accept-Language": [
          "en-US"
        ],
        "User-Agent": [
          "FxVersion/4.6.28325.01",
          "OSName/Windows",
          "OSVersion/Microsoft.Windows.10.0.18363.",
          "Microsoft.Azure.Management.Compute.ComputeManagementClient/33.0.0.0"
        ]
      },
      "ResponseHeaders": {
        "Cache-Control": [
          "no-cache"
        ],
        "Pragma": [
          "no-cache"
        ],
        "Strict-Transport-Security": [
          "max-age=31536000; includeSubDomains"
        ],
        "x-ms-served-by": [
          "eeaf5299-aba8-4290-a7f0-860f286922fd_132269719397963904"
        ],
        "x-ms-request-id": [
          "400ce633-5b66-4306-b138-230cfd218cb6"
        ],
        "Server": [
          "Microsoft-HTTPAPI/2.0",
          "Microsoft-HTTPAPI/2.0"
        ],
        "x-ms-ratelimit-remaining-subscription-reads": [
          "11989"
        ],
        "x-ms-correlation-request-id": [
          "cc172183-89fb-4405-bb84-5c8f1f7f5ea0"
        ],
        "x-ms-routing-request-id": [
          "WESTUS:20200303T011606Z:cc172183-89fb-4405-bb84-5c8f1f7f5ea0"
        ],
        "X-Content-Type-Options": [
          "nosniff"
        ],
        "Date": [
          "Tue, 03 Mar 2020 01:16:05 GMT"
        ],
        "Content-Length": [
          "3574"
        ],
        "Content-Type": [
          "application/json; charset=utf-8"
        ],
        "Expires": [
          "-1"
        ]
      },
      "ResponseBody": "{\r\n  \"value\": [\r\n    {\r\n      \"name\": \"diskrp1572\",\r\n      \"id\": \"/subscriptions/0296790d-427c-48ca-b204-8b729bbd8670/resourceGroups/CRPTESTAR1748/providers/Microsoft.Compute/diskEncryptionSets/diskrp1572\",\r\n      \"type\": \"Microsoft.Compute/diskEncryptionSets\",\r\n      \"location\": \"centraluseuap\",\r\n      \"identity\": {\r\n        \"type\": \"SystemAssigned\",\r\n        \"principalId\": \"f66c048b-de3c-426d-a5b0-74c171c35b2c\",\r\n        \"tenantId\": \"72f988bf-86f1-41af-91ab-2d7cd011db47\"\r\n      },\r\n      \"properties\": {\r\n        \"activeKey\": {\r\n          \"sourceVault\": {\r\n            \"id\": \"/subscriptions/0296790d-427c-48ca-b204-8b729bbd8670/resourcegroups/swagger/providers/Microsoft.KeyVault/vaults/swaggervault\"\r\n          },\r\n          \"keyUrl\": \"https://swaggervault.vault.azure.net/keys/diskRPSSEKey/4780bcaf12384596b75cf63731f2046c\"\r\n        },\r\n        \"provisioningState\": \"Succeeded\"\r\n      }\r\n    },\r\n    {\r\n      \"name\": \"diskrp6573\",\r\n      \"id\": \"/subscriptions/0296790d-427c-48ca-b204-8b729bbd8670/resourceGroups/CRPTESTAR1748/providers/Microsoft.Compute/diskEncryptionSets/diskrp6573\",\r\n      \"type\": \"Microsoft.Compute/diskEncryptionSets\",\r\n      \"location\": \"centraluseuap\",\r\n      \"identity\": {\r\n        \"type\": \"SystemAssigned\",\r\n        \"principalId\": \"c09abe8c-ba85-4296-a280-f83131c2657d\",\r\n        \"tenantId\": \"72f988bf-86f1-41af-91ab-2d7cd011db47\"\r\n      },\r\n      \"properties\": {\r\n        \"activeKey\": {\r\n          \"sourceVault\": {\r\n            \"id\": \"/subscriptions/0296790d-427c-48ca-b204-8b729bbd8670/resourcegroups/swagger/providers/Microsoft.KeyVault/vaults/swaggervault\"\r\n          },\r\n          \"keyUrl\": \"https://swaggervault.vault.azure.net/keys/diskRPSSEKey/4780bcaf12384596b75cf63731f2046c\"\r\n        },\r\n        \"provisioningState\": \"Succeeded\"\r\n      }\r\n    },\r\n    {\r\n      \"name\": \"diskrp1572\",\r\n      \"id\": \"/subscriptions/0296790d-427c-48ca-b204-8b729bbd8670/resourceGroups/CRPTESTAR9025/providers/Microsoft.Compute/diskEncryptionSets/diskrp1572\",\r\n      \"type\": \"Microsoft.Compute/diskEncryptionSets\",\r\n      \"location\": \"centraluseuap\",\r\n      \"identity\": {\r\n        \"type\": \"SystemAssigned\",\r\n        \"principalId\": \"cd8732e5-9fc5-4e1d-aabe-3d59901f2afd\",\r\n        \"tenantId\": \"72f988bf-86f1-41af-91ab-2d7cd011db47\"\r\n      },\r\n      \"properties\": {\r\n        \"activeKey\": {\r\n          \"sourceVault\": {\r\n            \"id\": \"/subscriptions/0296790d-427c-48ca-b204-8b729bbd8670/resourcegroups/swagger/providers/Microsoft.KeyVault/vaults/swaggervault\"\r\n          },\r\n          \"keyUrl\": \"https://swaggervault.vault.azure.net/keys/diskRPSSEKey/4780bcaf12384596b75cf63731f2046c\"\r\n        },\r\n        \"provisioningState\": \"Succeeded\"\r\n      }\r\n    },\r\n    {\r\n      \"name\": \"diskrp6573\",\r\n      \"id\": \"/subscriptions/0296790d-427c-48ca-b204-8b729bbd8670/resourceGroups/CRPTESTAR9025/providers/Microsoft.Compute/diskEncryptionSets/diskrp6573\",\r\n      \"type\": \"Microsoft.Compute/diskEncryptionSets\",\r\n      \"location\": \"centraluseuap\",\r\n      \"identity\": {\r\n        \"type\": \"SystemAssigned\",\r\n        \"principalId\": \"4de5e204-8579-4933-b8bb-50677222887b\",\r\n        \"tenantId\": \"72f988bf-86f1-41af-91ab-2d7cd011db47\"\r\n      },\r\n      \"properties\": {\r\n        \"activeKey\": {\r\n          \"sourceVault\": {\r\n            \"id\": \"/subscriptions/0296790d-427c-48ca-b204-8b729bbd8670/resourcegroups/swagger/providers/Microsoft.KeyVault/vaults/swaggervault\"\r\n          },\r\n          \"keyUrl\": \"https://swaggervault.vault.azure.net/keys/diskRPSSEKey/4780bcaf12384596b75cf63731f2046c\"\r\n        },\r\n        \"provisioningState\": \"Succeeded\"\r\n      }\r\n    }\r\n  ]\r\n}",
      "StatusCode": 200
    },
    {
      "RequestUri": "/subscriptions/0296790d-427c-48ca-b204-8b729bbd8670/resourceGroups/crptestar1748/providers/Microsoft.Compute/diskEncryptionSets/diskrp1572?api-version=2019-11-01",
      "EncodedRequestUri": "L3N1YnNjcmlwdGlvbnMvMDI5Njc5MGQtNDI3Yy00OGNhLWIyMDQtOGI3MjliYmQ4NjcwL3Jlc291cmNlR3JvdXBzL2NycHRlc3RhcjE3NDgvcHJvdmlkZXJzL01pY3Jvc29mdC5Db21wdXRlL2Rpc2tFbmNyeXB0aW9uU2V0cy9kaXNrcnAxNTcyP2FwaS12ZXJzaW9uPTIwMTktMTEtMDE=",
      "RequestMethod": "DELETE",
      "RequestBody": "",
      "RequestHeaders": {
        "x-ms-client-request-id": [
          "447253da-6c97-40ae-8a13-6e8eebd6257f"
        ],
        "Accept-Language": [
          "en-US"
        ],
        "User-Agent": [
          "FxVersion/4.6.28325.01",
          "OSName/Windows",
          "OSVersion/Microsoft.Windows.10.0.18363.",
          "Microsoft.Azure.Management.Compute.ComputeManagementClient/33.0.0.0"
        ]
      },
      "ResponseHeaders": {
        "Cache-Control": [
          "no-cache"
        ],
        "Pragma": [
          "no-cache"
        ],
        "Location": [
          "https://management.azure.com/subscriptions/0296790d-427c-48ca-b204-8b729bbd8670/providers/Microsoft.Compute/locations/centraluseuap/DiskOperations/7e2e4ff3-758f-4f2b-8a9c-6c8f2c484a7d?monitor=true&api-version=2019-11-01"
        ],
        "Azure-AsyncOperation": [
          "https://management.azure.com/subscriptions/0296790d-427c-48ca-b204-8b729bbd8670/providers/Microsoft.Compute/locations/centraluseuap/DiskOperations/7e2e4ff3-758f-4f2b-8a9c-6c8f2c484a7d?api-version=2019-11-01"
        ],
        "x-ms-ratelimit-remaining-resource": [
          "Microsoft.Compute/HighCostDiskEncryptionSet3Min;95,Microsoft.Compute/HighCostDiskEncryptionSet30Min;293"
        ],
        "Strict-Transport-Security": [
          "max-age=31536000; includeSubDomains"
        ],
        "x-ms-served-by": [
          "eeaf5299-aba8-4290-a7f0-860f286922fd_132269719397963904"
        ],
        "x-ms-request-id": [
          "7e2e4ff3-758f-4f2b-8a9c-6c8f2c484a7d"
        ],
        "Server": [
          "Microsoft-HTTPAPI/2.0",
          "Microsoft-HTTPAPI/2.0"
        ],
        "x-ms-ratelimit-remaining-subscription-deletes": [
          "14999"
        ],
        "x-ms-correlation-request-id": [
          "a00e96ed-8969-44de-942f-6a578966bce4"
        ],
        "x-ms-routing-request-id": [
          "WESTUS:20200303T011606Z:a00e96ed-8969-44de-942f-6a578966bce4"
        ],
        "X-Content-Type-Options": [
          "nosniff"
        ],
        "Date": [
          "Tue, 03 Mar 2020 01:16:06 GMT"
        ],
        "Expires": [
          "-1"
        ],
        "Content-Length": [
          "0"
        ]
      },
      "ResponseBody": "",
      "StatusCode": 202
    },
    {
      "RequestUri": "/subscriptions/0296790d-427c-48ca-b204-8b729bbd8670/providers/Microsoft.Compute/locations/centraluseuap/DiskOperations/7e2e4ff3-758f-4f2b-8a9c-6c8f2c484a7d?api-version=2019-11-01",
      "EncodedRequestUri": "L3N1YnNjcmlwdGlvbnMvMDI5Njc5MGQtNDI3Yy00OGNhLWIyMDQtOGI3MjliYmQ4NjcwL3Byb3ZpZGVycy9NaWNyb3NvZnQuQ29tcHV0ZS9sb2NhdGlvbnMvY2VudHJhbHVzZXVhcC9EaXNrT3BlcmF0aW9ucy83ZTJlNGZmMy03NThmLTRmMmItOGE5Yy02YzhmMmM0ODRhN2Q/YXBpLXZlcnNpb249MjAxOS0xMS0wMQ==",
      "RequestMethod": "GET",
      "RequestBody": "",
      "RequestHeaders": {
        "User-Agent": [
          "FxVersion/4.6.28325.01",
          "OSName/Windows",
          "OSVersion/Microsoft.Windows.10.0.18363.",
          "Microsoft.Azure.Management.Compute.ComputeManagementClient/33.0.0.0"
        ]
      },
      "ResponseHeaders": {
        "Cache-Control": [
          "no-cache"
        ],
        "Pragma": [
          "no-cache"
        ],
        "x-ms-ratelimit-remaining-resource": [
          "Microsoft.Compute/GetOperation3Min;49990,Microsoft.Compute/GetOperation30Min;399982"
        ],
        "Strict-Transport-Security": [
          "max-age=31536000; includeSubDomains"
        ],
        "x-ms-served-by": [
          "eeaf5299-aba8-4290-a7f0-860f286922fd_132269719397963904"
        ],
        "x-ms-request-id": [
          "bae19aeb-05a0-40bc-9d43-95a28bc7dbab"
        ],
        "Server": [
          "Microsoft-HTTPAPI/2.0",
          "Microsoft-HTTPAPI/2.0"
        ],
        "x-ms-ratelimit-remaining-subscription-reads": [
          "11988"
        ],
        "x-ms-correlation-request-id": [
          "9847fcad-5c6f-4439-9b04-36273a89cd31"
        ],
        "x-ms-routing-request-id": [
          "WESTUS:20200303T011636Z:9847fcad-5c6f-4439-9b04-36273a89cd31"
        ],
        "X-Content-Type-Options": [
          "nosniff"
        ],
        "Date": [
          "Tue, 03 Mar 2020 01:16:36 GMT"
        ],
        "Content-Length": [
          "184"
        ],
        "Content-Type": [
          "application/json; charset=utf-8"
        ],
        "Expires": [
          "-1"
        ]
      },
      "ResponseBody": "{\r\n  \"startTime\": \"2020-03-02T17:16:06.3819627-08:00\",\r\n  \"endTime\": \"2020-03-02T17:16:06.4132258-08:00\",\r\n  \"status\": \"Succeeded\",\r\n  \"name\": \"7e2e4ff3-758f-4f2b-8a9c-6c8f2c484a7d\"\r\n}",
      "StatusCode": 200
    },
    {
      "RequestUri": "/subscriptions/0296790d-427c-48ca-b204-8b729bbd8670/providers/Microsoft.Compute/locations/centraluseuap/DiskOperations/7e2e4ff3-758f-4f2b-8a9c-6c8f2c484a7d?monitor=true&api-version=2019-11-01",
      "EncodedRequestUri": "L3N1YnNjcmlwdGlvbnMvMDI5Njc5MGQtNDI3Yy00OGNhLWIyMDQtOGI3MjliYmQ4NjcwL3Byb3ZpZGVycy9NaWNyb3NvZnQuQ29tcHV0ZS9sb2NhdGlvbnMvY2VudHJhbHVzZXVhcC9EaXNrT3BlcmF0aW9ucy83ZTJlNGZmMy03NThmLTRmMmItOGE5Yy02YzhmMmM0ODRhN2Q/bW9uaXRvcj10cnVlJmFwaS12ZXJzaW9uPTIwMTktMTEtMDE=",
      "RequestMethod": "GET",
      "RequestBody": "",
      "RequestHeaders": {
        "User-Agent": [
          "FxVersion/4.6.28325.01",
          "OSName/Windows",
          "OSVersion/Microsoft.Windows.10.0.18363.",
          "Microsoft.Azure.Management.Compute.ComputeManagementClient/33.0.0.0"
        ]
      },
      "ResponseHeaders": {
        "Cache-Control": [
          "no-cache"
        ],
        "Pragma": [
          "no-cache"
        ],
        "x-ms-ratelimit-remaining-resource": [
          "Microsoft.Compute/GetOperation3Min;49989,Microsoft.Compute/GetOperation30Min;399981"
        ],
        "Strict-Transport-Security": [
          "max-age=31536000; includeSubDomains"
        ],
        "x-ms-served-by": [
          "eeaf5299-aba8-4290-a7f0-860f286922fd_132269719397963904"
        ],
        "x-ms-request-id": [
          "5aeeafd9-f5c7-40e5-9240-d083769878b2"
        ],
        "Server": [
          "Microsoft-HTTPAPI/2.0",
          "Microsoft-HTTPAPI/2.0"
        ],
        "x-ms-ratelimit-remaining-subscription-reads": [
          "11987"
        ],
        "x-ms-correlation-request-id": [
          "9180d1a6-1675-4253-8e7c-063a29c6291b"
        ],
        "x-ms-routing-request-id": [
          "WESTUS:20200303T011636Z:9180d1a6-1675-4253-8e7c-063a29c6291b"
        ],
        "X-Content-Type-Options": [
          "nosniff"
        ],
        "Date": [
          "Tue, 03 Mar 2020 01:16:36 GMT"
        ],
        "Expires": [
          "-1"
        ],
        "Content-Length": [
          "0"
        ]
      },
      "ResponseBody": "",
      "StatusCode": 200
    },
    {
      "RequestUri": "/subscriptions/0296790d-427c-48ca-b204-8b729bbd8670/resourceGroups/crptestar1748/providers/Microsoft.Compute/diskEncryptionSets/diskrp6573?api-version=2019-11-01",
      "EncodedRequestUri": "L3N1YnNjcmlwdGlvbnMvMDI5Njc5MGQtNDI3Yy00OGNhLWIyMDQtOGI3MjliYmQ4NjcwL3Jlc291cmNlR3JvdXBzL2NycHRlc3RhcjE3NDgvcHJvdmlkZXJzL01pY3Jvc29mdC5Db21wdXRlL2Rpc2tFbmNyeXB0aW9uU2V0cy9kaXNrcnA2NTczP2FwaS12ZXJzaW9uPTIwMTktMTEtMDE=",
      "RequestMethod": "DELETE",
      "RequestBody": "",
      "RequestHeaders": {
        "x-ms-client-request-id": [
          "bf1f5929-c666-4f86-bba0-4b56019be58c"
        ],
        "Accept-Language": [
          "en-US"
        ],
        "User-Agent": [
          "FxVersion/4.6.28325.01",
          "OSName/Windows",
          "OSVersion/Microsoft.Windows.10.0.18363.",
          "Microsoft.Azure.Management.Compute.ComputeManagementClient/33.0.0.0"
        ]
      },
      "ResponseHeaders": {
        "Cache-Control": [
          "no-cache"
        ],
        "Pragma": [
          "no-cache"
        ],
        "Location": [
          "https://management.azure.com/subscriptions/0296790d-427c-48ca-b204-8b729bbd8670/providers/Microsoft.Compute/locations/centraluseuap/DiskOperations/925e6998-43bd-4aef-a467-643642761c63?monitor=true&api-version=2019-11-01"
        ],
        "Azure-AsyncOperation": [
          "https://management.azure.com/subscriptions/0296790d-427c-48ca-b204-8b729bbd8670/providers/Microsoft.Compute/locations/centraluseuap/DiskOperations/925e6998-43bd-4aef-a467-643642761c63?api-version=2019-11-01"
        ],
        "x-ms-ratelimit-remaining-resource": [
          "Microsoft.Compute/HighCostDiskEncryptionSet3Min;95,Microsoft.Compute/HighCostDiskEncryptionSet30Min;292"
        ],
        "Strict-Transport-Security": [
          "max-age=31536000; includeSubDomains"
        ],
        "x-ms-served-by": [
          "eeaf5299-aba8-4290-a7f0-860f286922fd_132269719397963904"
        ],
        "x-ms-request-id": [
          "925e6998-43bd-4aef-a467-643642761c63"
        ],
        "Server": [
          "Microsoft-HTTPAPI/2.0",
          "Microsoft-HTTPAPI/2.0"
        ],
        "x-ms-ratelimit-remaining-subscription-deletes": [
          "14998"
        ],
        "x-ms-correlation-request-id": [
          "16563306-291f-4fbc-8f4b-b7ea8d6b2a5c"
        ],
        "x-ms-routing-request-id": [
          "WESTUS:20200303T011637Z:16563306-291f-4fbc-8f4b-b7ea8d6b2a5c"
        ],
        "X-Content-Type-Options": [
          "nosniff"
        ],
        "Date": [
          "Tue, 03 Mar 2020 01:16:36 GMT"
        ],
        "Expires": [
          "-1"
        ],
        "Content-Length": [
          "0"
        ]
      },
      "ResponseBody": "",
      "StatusCode": 202
    },
    {
      "RequestUri": "/subscriptions/0296790d-427c-48ca-b204-8b729bbd8670/providers/Microsoft.Compute/locations/centraluseuap/DiskOperations/925e6998-43bd-4aef-a467-643642761c63?api-version=2019-11-01",
      "EncodedRequestUri": "L3N1YnNjcmlwdGlvbnMvMDI5Njc5MGQtNDI3Yy00OGNhLWIyMDQtOGI3MjliYmQ4NjcwL3Byb3ZpZGVycy9NaWNyb3NvZnQuQ29tcHV0ZS9sb2NhdGlvbnMvY2VudHJhbHVzZXVhcC9EaXNrT3BlcmF0aW9ucy85MjVlNjk5OC00M2JkLTRhZWYtYTQ2Ny02NDM2NDI3NjFjNjM/YXBpLXZlcnNpb249MjAxOS0xMS0wMQ==",
      "RequestMethod": "GET",
      "RequestBody": "",
      "RequestHeaders": {
        "User-Agent": [
          "FxVersion/4.6.28325.01",
          "OSName/Windows",
          "OSVersion/Microsoft.Windows.10.0.18363.",
          "Microsoft.Azure.Management.Compute.ComputeManagementClient/33.0.0.0"
        ]
      },
      "ResponseHeaders": {
        "Cache-Control": [
          "no-cache"
        ],
        "Pragma": [
          "no-cache"
        ],
        "x-ms-ratelimit-remaining-resource": [
          "Microsoft.Compute/GetOperation3Min;49989,Microsoft.Compute/GetOperation30Min;399979"
        ],
        "Strict-Transport-Security": [
          "max-age=31536000; includeSubDomains"
        ],
        "x-ms-served-by": [
          "eeaf5299-aba8-4290-a7f0-860f286922fd_132269719397963904"
        ],
        "x-ms-request-id": [
          "20ed4119-5b29-44ae-b31d-efa32326e051"
        ],
        "x-ms-ratelimit-remaining-subscription-reads": [
          "11986"
        ],
        "Server": [
          "Microsoft-HTTPAPI/2.0",
          "Microsoft-HTTPAPI/2.0"
        ],
        "x-ms-correlation-request-id": [
          "0a6c30b2-3280-4624-a68a-ad49b588a851"
        ],
        "x-ms-routing-request-id": [
          "WESTUS:20200303T011707Z:0a6c30b2-3280-4624-a68a-ad49b588a851"
        ],
        "X-Content-Type-Options": [
          "nosniff"
        ],
        "Date": [
          "Tue, 03 Mar 2020 01:17:06 GMT"
        ],
        "Content-Length": [
          "184"
        ],
        "Content-Type": [
          "application/json; charset=utf-8"
        ],
        "Expires": [
          "-1"
        ]
      },
      "ResponseBody": "{\r\n  \"startTime\": \"2020-03-02T17:16:36.9728716-08:00\",\r\n  \"endTime\": \"2020-03-02T17:16:37.0045592-08:00\",\r\n  \"status\": \"Succeeded\",\r\n  \"name\": \"925e6998-43bd-4aef-a467-643642761c63\"\r\n}",
      "StatusCode": 200
    },
    {
      "RequestUri": "/subscriptions/0296790d-427c-48ca-b204-8b729bbd8670/providers/Microsoft.Compute/locations/centraluseuap/DiskOperations/925e6998-43bd-4aef-a467-643642761c63?monitor=true&api-version=2019-11-01",
      "EncodedRequestUri": "L3N1YnNjcmlwdGlvbnMvMDI5Njc5MGQtNDI3Yy00OGNhLWIyMDQtOGI3MjliYmQ4NjcwL3Byb3ZpZGVycy9NaWNyb3NvZnQuQ29tcHV0ZS9sb2NhdGlvbnMvY2VudHJhbHVzZXVhcC9EaXNrT3BlcmF0aW9ucy85MjVlNjk5OC00M2JkLTRhZWYtYTQ2Ny02NDM2NDI3NjFjNjM/bW9uaXRvcj10cnVlJmFwaS12ZXJzaW9uPTIwMTktMTEtMDE=",
      "RequestMethod": "GET",
      "RequestBody": "",
      "RequestHeaders": {
        "User-Agent": [
          "FxVersion/4.6.28325.01",
          "OSName/Windows",
          "OSVersion/Microsoft.Windows.10.0.18363.",
          "Microsoft.Azure.Management.Compute.ComputeManagementClient/33.0.0.0"
        ]
      },
      "ResponseHeaders": {
        "Cache-Control": [
          "no-cache"
        ],
        "Pragma": [
          "no-cache"
        ],
        "x-ms-ratelimit-remaining-resource": [
          "Microsoft.Compute/GetOperation3Min;49988,Microsoft.Compute/GetOperation30Min;399978"
        ],
        "Strict-Transport-Security": [
          "max-age=31536000; includeSubDomains"
        ],
        "x-ms-served-by": [
          "eeaf5299-aba8-4290-a7f0-860f286922fd_132269719397963904"
        ],
        "x-ms-request-id": [
          "d6c4dade-fafa-4c77-9291-662184e51e2a"
        ],
        "Server": [
          "Microsoft-HTTPAPI/2.0",
          "Microsoft-HTTPAPI/2.0"
        ],
        "x-ms-ratelimit-remaining-subscription-reads": [
          "11985"
        ],
        "x-ms-correlation-request-id": [
          "7004855d-5bd7-48aa-8dcb-845571c03626"
        ],
        "x-ms-routing-request-id": [
          "WESTUS:20200303T011707Z:7004855d-5bd7-48aa-8dcb-845571c03626"
        ],
        "X-Content-Type-Options": [
          "nosniff"
        ],
        "Date": [
          "Tue, 03 Mar 2020 01:17:06 GMT"
        ],
        "Expires": [
          "-1"
        ],
        "Content-Length": [
          "0"
        ]
      },
      "ResponseBody": "",
      "StatusCode": 200
    },
    {
      "RequestUri": "/subscriptions/0296790d-427c-48ca-b204-8b729bbd8670/resourceGroups/crptestar9025/providers/Microsoft.Compute/diskEncryptionSets/diskrp1572?api-version=2019-11-01",
      "EncodedRequestUri": "L3N1YnNjcmlwdGlvbnMvMDI5Njc5MGQtNDI3Yy00OGNhLWIyMDQtOGI3MjliYmQ4NjcwL3Jlc291cmNlR3JvdXBzL2NycHRlc3RhcjkwMjUvcHJvdmlkZXJzL01pY3Jvc29mdC5Db21wdXRlL2Rpc2tFbmNyeXB0aW9uU2V0cy9kaXNrcnAxNTcyP2FwaS12ZXJzaW9uPTIwMTktMTEtMDE=",
      "RequestMethod": "DELETE",
      "RequestBody": "",
      "RequestHeaders": {
        "x-ms-client-request-id": [
          "9b451cdf-30c1-4d89-ae2a-7a30e77fbd33"
        ],
        "Accept-Language": [
          "en-US"
        ],
        "User-Agent": [
          "FxVersion/4.6.28325.01",
          "OSName/Windows",
          "OSVersion/Microsoft.Windows.10.0.18363.",
          "Microsoft.Azure.Management.Compute.ComputeManagementClient/33.0.0.0"
        ]
      },
      "ResponseHeaders": {
        "Cache-Control": [
          "no-cache"
        ],
        "Pragma": [
          "no-cache"
        ],
        "Location": [
          "https://management.azure.com/subscriptions/0296790d-427c-48ca-b204-8b729bbd8670/providers/Microsoft.Compute/locations/centraluseuap/DiskOperations/13cd5c6e-39e5-4d46-8d65-3a5badbcf539?monitor=true&api-version=2019-11-01"
        ],
        "Azure-AsyncOperation": [
          "https://management.azure.com/subscriptions/0296790d-427c-48ca-b204-8b729bbd8670/providers/Microsoft.Compute/locations/centraluseuap/DiskOperations/13cd5c6e-39e5-4d46-8d65-3a5badbcf539?api-version=2019-11-01"
        ],
        "x-ms-ratelimit-remaining-resource": [
          "Microsoft.Compute/HighCostDiskEncryptionSet3Min;95,Microsoft.Compute/HighCostDiskEncryptionSet30Min;291"
        ],
        "Strict-Transport-Security": [
          "max-age=31536000; includeSubDomains"
        ],
        "x-ms-served-by": [
          "eeaf5299-aba8-4290-a7f0-860f286922fd_132269719397963904"
        ],
        "x-ms-request-id": [
          "13cd5c6e-39e5-4d46-8d65-3a5badbcf539"
        ],
        "Server": [
          "Microsoft-HTTPAPI/2.0",
          "Microsoft-HTTPAPI/2.0"
        ],
        "x-ms-ratelimit-remaining-subscription-deletes": [
          "14997"
        ],
        "x-ms-correlation-request-id": [
          "825ac627-6ace-4acb-8f4a-ed946fd01307"
        ],
        "x-ms-routing-request-id": [
          "WESTUS:20200303T011707Z:825ac627-6ace-4acb-8f4a-ed946fd01307"
        ],
        "X-Content-Type-Options": [
          "nosniff"
        ],
        "Date": [
          "Tue, 03 Mar 2020 01:17:07 GMT"
        ],
        "Expires": [
          "-1"
        ],
        "Content-Length": [
          "0"
        ]
      },
      "ResponseBody": "",
      "StatusCode": 202
    },
    {
      "RequestUri": "/subscriptions/0296790d-427c-48ca-b204-8b729bbd8670/providers/Microsoft.Compute/locations/centraluseuap/DiskOperations/13cd5c6e-39e5-4d46-8d65-3a5badbcf539?api-version=2019-11-01",
      "EncodedRequestUri": "L3N1YnNjcmlwdGlvbnMvMDI5Njc5MGQtNDI3Yy00OGNhLWIyMDQtOGI3MjliYmQ4NjcwL3Byb3ZpZGVycy9NaWNyb3NvZnQuQ29tcHV0ZS9sb2NhdGlvbnMvY2VudHJhbHVzZXVhcC9EaXNrT3BlcmF0aW9ucy8xM2NkNWM2ZS0zOWU1LTRkNDYtOGQ2NS0zYTViYWRiY2Y1Mzk/YXBpLXZlcnNpb249MjAxOS0xMS0wMQ==",
      "RequestMethod": "GET",
      "RequestBody": "",
      "RequestHeaders": {
        "User-Agent": [
          "FxVersion/4.6.28325.01",
          "OSName/Windows",
          "OSVersion/Microsoft.Windows.10.0.18363.",
          "Microsoft.Azure.Management.Compute.ComputeManagementClient/33.0.0.0"
        ]
      },
      "ResponseHeaders": {
        "Cache-Control": [
          "no-cache"
        ],
        "Pragma": [
          "no-cache"
        ],
        "x-ms-ratelimit-remaining-resource": [
          "Microsoft.Compute/GetOperation3Min;49988,Microsoft.Compute/GetOperation30Min;399976"
        ],
        "Strict-Transport-Security": [
          "max-age=31536000; includeSubDomains"
        ],
        "x-ms-served-by": [
          "eeaf5299-aba8-4290-a7f0-860f286922fd_132269719397963904"
        ],
        "x-ms-request-id": [
          "5bc66149-c60d-43fc-953e-cfd2a92733ab"
        ],
        "Server": [
          "Microsoft-HTTPAPI/2.0",
          "Microsoft-HTTPAPI/2.0"
        ],
        "x-ms-ratelimit-remaining-subscription-reads": [
          "11984"
        ],
        "x-ms-correlation-request-id": [
          "cd86430b-1693-4846-bbe7-b5ca21af369e"
        ],
        "x-ms-routing-request-id": [
          "WESTUS:20200303T011737Z:cd86430b-1693-4846-bbe7-b5ca21af369e"
        ],
        "X-Content-Type-Options": [
          "nosniff"
        ],
        "Date": [
          "Tue, 03 Mar 2020 01:17:37 GMT"
        ],
        "Content-Length": [
          "184"
        ],
        "Content-Type": [
          "application/json; charset=utf-8"
        ],
        "Expires": [
          "-1"
        ]
      },
      "ResponseBody": "{\r\n  \"startTime\": \"2020-03-02T17:17:07.6214548-08:00\",\r\n  \"endTime\": \"2020-03-02T17:17:07.6839274-08:00\",\r\n  \"status\": \"Succeeded\",\r\n  \"name\": \"13cd5c6e-39e5-4d46-8d65-3a5badbcf539\"\r\n}",
      "StatusCode": 200
    },
    {
      "RequestUri": "/subscriptions/0296790d-427c-48ca-b204-8b729bbd8670/providers/Microsoft.Compute/locations/centraluseuap/DiskOperations/13cd5c6e-39e5-4d46-8d65-3a5badbcf539?monitor=true&api-version=2019-11-01",
      "EncodedRequestUri": "L3N1YnNjcmlwdGlvbnMvMDI5Njc5MGQtNDI3Yy00OGNhLWIyMDQtOGI3MjliYmQ4NjcwL3Byb3ZpZGVycy9NaWNyb3NvZnQuQ29tcHV0ZS9sb2NhdGlvbnMvY2VudHJhbHVzZXVhcC9EaXNrT3BlcmF0aW9ucy8xM2NkNWM2ZS0zOWU1LTRkNDYtOGQ2NS0zYTViYWRiY2Y1Mzk/bW9uaXRvcj10cnVlJmFwaS12ZXJzaW9uPTIwMTktMTEtMDE=",
      "RequestMethod": "GET",
      "RequestBody": "",
      "RequestHeaders": {
        "User-Agent": [
          "FxVersion/4.6.28325.01",
          "OSName/Windows",
          "OSVersion/Microsoft.Windows.10.0.18363.",
          "Microsoft.Azure.Management.Compute.ComputeManagementClient/33.0.0.0"
        ]
      },
      "ResponseHeaders": {
        "Cache-Control": [
          "no-cache"
        ],
        "Pragma": [
          "no-cache"
        ],
        "x-ms-ratelimit-remaining-resource": [
          "Microsoft.Compute/GetOperation3Min;49987,Microsoft.Compute/GetOperation30Min;399975"
        ],
        "Strict-Transport-Security": [
          "max-age=31536000; includeSubDomains"
        ],
        "x-ms-served-by": [
          "eeaf5299-aba8-4290-a7f0-860f286922fd_132269719397963904"
        ],
        "x-ms-request-id": [
          "b1e03a97-b5a4-4879-9246-e16824261c74"
        ],
        "Server": [
          "Microsoft-HTTPAPI/2.0",
          "Microsoft-HTTPAPI/2.0"
        ],
        "x-ms-ratelimit-remaining-subscription-reads": [
          "11983"
        ],
        "x-ms-correlation-request-id": [
          "9d7cac9d-3454-4d36-b8a9-293dd1c7879b"
        ],
        "x-ms-routing-request-id": [
          "WESTUS:20200303T011737Z:9d7cac9d-3454-4d36-b8a9-293dd1c7879b"
        ],
        "X-Content-Type-Options": [
          "nosniff"
        ],
        "Date": [
          "Tue, 03 Mar 2020 01:17:37 GMT"
        ],
        "Expires": [
          "-1"
        ],
        "Content-Length": [
          "0"
        ]
      },
      "ResponseBody": "",
      "StatusCode": 200
    },
    {
      "RequestUri": "/subscriptions/0296790d-427c-48ca-b204-8b729bbd8670/resourceGroups/crptestar9025/providers/Microsoft.Compute/diskEncryptionSets/diskrp6573?api-version=2019-11-01",
      "EncodedRequestUri": "L3N1YnNjcmlwdGlvbnMvMDI5Njc5MGQtNDI3Yy00OGNhLWIyMDQtOGI3MjliYmQ4NjcwL3Jlc291cmNlR3JvdXBzL2NycHRlc3RhcjkwMjUvcHJvdmlkZXJzL01pY3Jvc29mdC5Db21wdXRlL2Rpc2tFbmNyeXB0aW9uU2V0cy9kaXNrcnA2NTczP2FwaS12ZXJzaW9uPTIwMTktMTEtMDE=",
      "RequestMethod": "DELETE",
      "RequestBody": "",
      "RequestHeaders": {
        "x-ms-client-request-id": [
          "3cb3c004-4730-415f-a961-d97ae1d231de"
        ],
        "Accept-Language": [
          "en-US"
        ],
        "User-Agent": [
          "FxVersion/4.6.28325.01",
          "OSName/Windows",
          "OSVersion/Microsoft.Windows.10.0.18363.",
          "Microsoft.Azure.Management.Compute.ComputeManagementClient/33.0.0.0"
        ]
      },
      "ResponseHeaders": {
        "Cache-Control": [
          "no-cache"
        ],
        "Pragma": [
          "no-cache"
        ],
        "Location": [
          "https://management.azure.com/subscriptions/0296790d-427c-48ca-b204-8b729bbd8670/providers/Microsoft.Compute/locations/centraluseuap/DiskOperations/9394cc34-87cc-47fa-b785-23bee9d5e2a2?monitor=true&api-version=2019-11-01"
        ],
        "Azure-AsyncOperation": [
          "https://management.azure.com/subscriptions/0296790d-427c-48ca-b204-8b729bbd8670/providers/Microsoft.Compute/locations/centraluseuap/DiskOperations/9394cc34-87cc-47fa-b785-23bee9d5e2a2?api-version=2019-11-01"
        ],
        "x-ms-ratelimit-remaining-resource": [
          "Microsoft.Compute/HighCostDiskEncryptionSet3Min;95,Microsoft.Compute/HighCostDiskEncryptionSet30Min;290"
        ],
        "Strict-Transport-Security": [
          "max-age=31536000; includeSubDomains"
        ],
        "x-ms-served-by": [
          "eeaf5299-aba8-4290-a7f0-860f286922fd_132269719397963904"
        ],
        "x-ms-request-id": [
          "9394cc34-87cc-47fa-b785-23bee9d5e2a2"
        ],
        "Server": [
          "Microsoft-HTTPAPI/2.0",
          "Microsoft-HTTPAPI/2.0"
        ],
        "x-ms-ratelimit-remaining-subscription-deletes": [
          "14996"
        ],
        "x-ms-correlation-request-id": [
          "4cfa5b9b-ebb2-4775-9ff0-a203743c45dc"
        ],
        "x-ms-routing-request-id": [
          "WESTUS:20200303T011738Z:4cfa5b9b-ebb2-4775-9ff0-a203743c45dc"
        ],
        "X-Content-Type-Options": [
          "nosniff"
        ],
        "Date": [
          "Tue, 03 Mar 2020 01:17:38 GMT"
        ],
        "Expires": [
          "-1"
        ],
        "Content-Length": [
          "0"
        ]
      },
      "ResponseBody": "",
      "StatusCode": 202
    },
    {
      "RequestUri": "/subscriptions/0296790d-427c-48ca-b204-8b729bbd8670/providers/Microsoft.Compute/locations/centraluseuap/DiskOperations/9394cc34-87cc-47fa-b785-23bee9d5e2a2?api-version=2019-11-01",
      "EncodedRequestUri": "L3N1YnNjcmlwdGlvbnMvMDI5Njc5MGQtNDI3Yy00OGNhLWIyMDQtOGI3MjliYmQ4NjcwL3Byb3ZpZGVycy9NaWNyb3NvZnQuQ29tcHV0ZS9sb2NhdGlvbnMvY2VudHJhbHVzZXVhcC9EaXNrT3BlcmF0aW9ucy85Mzk0Y2MzNC04N2NjLTQ3ZmEtYjc4NS0yM2JlZTlkNWUyYTI/YXBpLXZlcnNpb249MjAxOS0xMS0wMQ==",
      "RequestMethod": "GET",
      "RequestBody": "",
      "RequestHeaders": {
        "User-Agent": [
          "FxVersion/4.6.28325.01",
          "OSName/Windows",
          "OSVersion/Microsoft.Windows.10.0.18363.",
          "Microsoft.Azure.Management.Compute.ComputeManagementClient/33.0.0.0"
        ]
      },
      "ResponseHeaders": {
        "Cache-Control": [
          "no-cache"
        ],
        "Pragma": [
          "no-cache"
        ],
        "x-ms-ratelimit-remaining-resource": [
          "Microsoft.Compute/GetOperation3Min;49986,Microsoft.Compute/GetOperation30Min;399973"
        ],
        "Strict-Transport-Security": [
          "max-age=31536000; includeSubDomains"
        ],
        "x-ms-served-by": [
          "eeaf5299-aba8-4290-a7f0-860f286922fd_132269719397963904"
        ],
        "x-ms-request-id": [
          "dee4e4fc-4b7f-4cbb-9cb4-a78b99bad614"
        ],
        "x-ms-ratelimit-remaining-subscription-reads": [
          "11982"
        ],
        "Server": [
          "Microsoft-HTTPAPI/2.0",
          "Microsoft-HTTPAPI/2.0"
        ],
        "x-ms-correlation-request-id": [
          "89dfb21e-5959-4ccd-98cb-3c9069fe81ce"
        ],
        "x-ms-routing-request-id": [
          "WESTUS:20200303T011808Z:89dfb21e-5959-4ccd-98cb-3c9069fe81ce"
        ],
        "X-Content-Type-Options": [
          "nosniff"
        ],
        "Date": [
          "Tue, 03 Mar 2020 01:18:08 GMT"
        ],
        "Content-Length": [
          "184"
        ],
        "Content-Type": [
          "application/json; charset=utf-8"
        ],
        "Expires": [
          "-1"
        ]
      },
      "ResponseBody": "{\r\n  \"startTime\": \"2020-03-02T17:17:38.1546889-08:00\",\r\n  \"endTime\": \"2020-03-02T17:17:38.2327629-08:00\",\r\n  \"status\": \"Succeeded\",\r\n  \"name\": \"9394cc34-87cc-47fa-b785-23bee9d5e2a2\"\r\n}",
      "StatusCode": 200
    },
    {
      "RequestUri": "/subscriptions/0296790d-427c-48ca-b204-8b729bbd8670/providers/Microsoft.Compute/locations/centraluseuap/DiskOperations/9394cc34-87cc-47fa-b785-23bee9d5e2a2?monitor=true&api-version=2019-11-01",
      "EncodedRequestUri": "L3N1YnNjcmlwdGlvbnMvMDI5Njc5MGQtNDI3Yy00OGNhLWIyMDQtOGI3MjliYmQ4NjcwL3Byb3ZpZGVycy9NaWNyb3NvZnQuQ29tcHV0ZS9sb2NhdGlvbnMvY2VudHJhbHVzZXVhcC9EaXNrT3BlcmF0aW9ucy85Mzk0Y2MzNC04N2NjLTQ3ZmEtYjc4NS0yM2JlZTlkNWUyYTI/bW9uaXRvcj10cnVlJmFwaS12ZXJzaW9uPTIwMTktMTEtMDE=",
      "RequestMethod": "GET",
      "RequestBody": "",
      "RequestHeaders": {
        "User-Agent": [
          "FxVersion/4.6.28325.01",
          "OSName/Windows",
          "OSVersion/Microsoft.Windows.10.0.18363.",
          "Microsoft.Azure.Management.Compute.ComputeManagementClient/33.0.0.0"
        ]
      },
      "ResponseHeaders": {
        "Cache-Control": [
          "no-cache"
        ],
        "Pragma": [
          "no-cache"
        ],
        "x-ms-ratelimit-remaining-resource": [
          "Microsoft.Compute/GetOperation3Min;49985,Microsoft.Compute/GetOperation30Min;399972"
        ],
        "Strict-Transport-Security": [
          "max-age=31536000; includeSubDomains"
        ],
        "x-ms-served-by": [
          "eeaf5299-aba8-4290-a7f0-860f286922fd_132269719397963904"
        ],
        "x-ms-request-id": [
          "b1575cb7-3e2a-475f-899e-0aef2684414f"
        ],
        "Server": [
          "Microsoft-HTTPAPI/2.0",
          "Microsoft-HTTPAPI/2.0"
        ],
        "x-ms-ratelimit-remaining-subscription-reads": [
          "11981"
        ],
        "x-ms-correlation-request-id": [
          "7332ad7b-a0e7-49b9-bdb9-00a61ac51224"
        ],
        "x-ms-routing-request-id": [
          "WESTUS:20200303T011808Z:7332ad7b-a0e7-49b9-bdb9-00a61ac51224"
        ],
        "X-Content-Type-Options": [
          "nosniff"
        ],
        "Date": [
          "Tue, 03 Mar 2020 01:18:08 GMT"
        ],
        "Expires": [
          "-1"
        ],
        "Content-Length": [
          "0"
        ]
      },
      "ResponseBody": "",
      "StatusCode": 200
    },
    {
      "RequestUri": "/subscriptions/0296790d-427c-48ca-b204-8b729bbd8670/resourcegroups/crptestar1748?api-version=2017-05-10",
      "EncodedRequestUri": "L3N1YnNjcmlwdGlvbnMvMDI5Njc5MGQtNDI3Yy00OGNhLWIyMDQtOGI3MjliYmQ4NjcwL3Jlc291cmNlZ3JvdXBzL2NycHRlc3RhcjE3NDg/YXBpLXZlcnNpb249MjAxNy0wNS0xMA==",
      "RequestMethod": "DELETE",
      "RequestBody": "",
      "RequestHeaders": {
        "x-ms-client-request-id": [
          "732e1bcb-1159-426a-96ac-727dcf3f269f"
        ],
        "Accept-Language": [
          "en-US"
        ],
        "User-Agent": [
          "FxVersion/4.6.28325.01",
          "OSName/Windows",
          "OSVersion/Microsoft.Windows.10.0.18363.",
          "Microsoft.Azure.Management.ResourceManager.ResourceManagementClient/1.6.0.0"
        ]
      },
      "ResponseHeaders": {
        "Cache-Control": [
          "no-cache"
        ],
        "Pragma": [
          "no-cache"
        ],
        "Location": [
          "https://management.azure.com/subscriptions/0296790d-427c-48ca-b204-8b729bbd8670/operationresults/eyJqb2JJZCI6IlJFU09VUkNFR1JPVVBERUxFVElPTkpPQi1DUlBURVNUQVIxNzQ4LUNFTlRSQUxVU0VVQVAiLCJqb2JMb2NhdGlvbiI6ImNlbnRyYWx1c2V1YXAifQ?api-version=2017-05-10"
        ],
        "Retry-After": [
          "15"
        ],
        "x-ms-ratelimit-remaining-subscription-deletes": [
          "14999"
        ],
        "x-ms-request-id": [
          "57a75e71-7adf-4e0e-96f0-41628640aa69"
        ],
        "x-ms-correlation-request-id": [
          "57a75e71-7adf-4e0e-96f0-41628640aa69"
        ],
        "x-ms-routing-request-id": [
          "WESTUS:20200303T011810Z:57a75e71-7adf-4e0e-96f0-41628640aa69"
        ],
        "Strict-Transport-Security": [
          "max-age=31536000; includeSubDomains"
        ],
        "X-Content-Type-Options": [
          "nosniff"
        ],
        "Date": [
          "Tue, 03 Mar 2020 01:18:10 GMT"
        ],
        "Expires": [
          "-1"
        ],
        "Content-Length": [
          "0"
        ]
      },
      "ResponseBody": "",
      "StatusCode": 202
    },
    {
      "RequestUri": "/subscriptions/0296790d-427c-48ca-b204-8b729bbd8670/operationresults/eyJqb2JJZCI6IlJFU09VUkNFR1JPVVBERUxFVElPTkpPQi1DUlBURVNUQVIxNzQ4LUNFTlRSQUxVU0VVQVAiLCJqb2JMb2NhdGlvbiI6ImNlbnRyYWx1c2V1YXAifQ?api-version=2017-05-10",
      "EncodedRequestUri": "L3N1YnNjcmlwdGlvbnMvMDI5Njc5MGQtNDI3Yy00OGNhLWIyMDQtOGI3MjliYmQ4NjcwL29wZXJhdGlvbnJlc3VsdHMvZXlKcWIySkpaQ0k2SWxKRlUwOVZVa05GUjFKUFZWQkVSVXhGVkVsUFRrcFBRaTFEVWxCVVJWTlVRVkl4TnpRNExVTkZUbFJTUVV4VlUwVlZRVkFpTENKcWIySk1iMk5oZEdsdmJpSTZJbU5sYm5SeVlXeDFjMlYxWVhBaWZRP2FwaS12ZXJzaW9uPTIwMTctMDUtMTA=",
      "RequestMethod": "GET",
      "RequestBody": "",
      "RequestHeaders": {
        "User-Agent": [
          "FxVersion/4.6.28325.01",
          "OSName/Windows",
          "OSVersion/Microsoft.Windows.10.0.18363.",
          "Microsoft.Azure.Management.ResourceManager.ResourceManagementClient/1.6.0.0"
        ]
      },
      "ResponseHeaders": {
        "Cache-Control": [
          "no-cache"
        ],
        "Pragma": [
          "no-cache"
        ],
        "Location": [
          "https://management.azure.com/subscriptions/0296790d-427c-48ca-b204-8b729bbd8670/operationresults/eyJqb2JJZCI6IlJFU09VUkNFR1JPVVBERUxFVElPTkpPQi1DUlBURVNUQVIxNzQ4LUNFTlRSQUxVU0VVQVAiLCJqb2JMb2NhdGlvbiI6ImNlbnRyYWx1c2V1YXAifQ?api-version=2017-05-10"
        ],
        "Retry-After": [
          "15"
        ],
        "x-ms-ratelimit-remaining-subscription-reads": [
          "11999"
        ],
        "x-ms-request-id": [
          "fff0f21f-e64c-4d9d-a187-ab0e2f19f480"
        ],
        "x-ms-correlation-request-id": [
          "fff0f21f-e64c-4d9d-a187-ab0e2f19f480"
        ],
        "x-ms-routing-request-id": [
          "WESTUS:20200303T011825Z:fff0f21f-e64c-4d9d-a187-ab0e2f19f480"
        ],
        "Strict-Transport-Security": [
          "max-age=31536000; includeSubDomains"
        ],
        "X-Content-Type-Options": [
          "nosniff"
        ],
        "Date": [
          "Tue, 03 Mar 2020 01:18:25 GMT"
        ],
        "Expires": [
          "-1"
        ],
        "Content-Length": [
          "0"
        ]
      },
      "ResponseBody": "",
      "StatusCode": 202
    },
    {
      "RequestUri": "/subscriptions/0296790d-427c-48ca-b204-8b729bbd8670/operationresults/eyJqb2JJZCI6IlJFU09VUkNFR1JPVVBERUxFVElPTkpPQi1DUlBURVNUQVIxNzQ4LUNFTlRSQUxVU0VVQVAiLCJqb2JMb2NhdGlvbiI6ImNlbnRyYWx1c2V1YXAifQ?api-version=2017-05-10",
      "EncodedRequestUri": "L3N1YnNjcmlwdGlvbnMvMDI5Njc5MGQtNDI3Yy00OGNhLWIyMDQtOGI3MjliYmQ4NjcwL29wZXJhdGlvbnJlc3VsdHMvZXlKcWIySkpaQ0k2SWxKRlUwOVZVa05GUjFKUFZWQkVSVXhGVkVsUFRrcFBRaTFEVWxCVVJWTlVRVkl4TnpRNExVTkZUbFJTUVV4VlUwVlZRVkFpTENKcWIySk1iMk5oZEdsdmJpSTZJbU5sYm5SeVlXeDFjMlYxWVhBaWZRP2FwaS12ZXJzaW9uPTIwMTctMDUtMTA=",
      "RequestMethod": "GET",
      "RequestBody": "",
      "RequestHeaders": {
        "User-Agent": [
          "FxVersion/4.6.28325.01",
          "OSName/Windows",
          "OSVersion/Microsoft.Windows.10.0.18363.",
          "Microsoft.Azure.Management.ResourceManager.ResourceManagementClient/1.6.0.0"
        ]
      },
      "ResponseHeaders": {
        "Cache-Control": [
          "no-cache"
        ],
        "Pragma": [
          "no-cache"
        ],
        "Location": [
          "https://management.azure.com/subscriptions/0296790d-427c-48ca-b204-8b729bbd8670/operationresults/eyJqb2JJZCI6IlJFU09VUkNFR1JPVVBERUxFVElPTkpPQi1DUlBURVNUQVIxNzQ4LUNFTlRSQUxVU0VVQVAiLCJqb2JMb2NhdGlvbiI6ImNlbnRyYWx1c2V1YXAifQ?api-version=2017-05-10"
        ],
        "Retry-After": [
          "15"
        ],
        "x-ms-ratelimit-remaining-subscription-reads": [
          "11998"
        ],
        "x-ms-request-id": [
          "cf16e197-4470-4bc0-af6a-421ee615bb31"
        ],
        "x-ms-correlation-request-id": [
          "cf16e197-4470-4bc0-af6a-421ee615bb31"
        ],
        "x-ms-routing-request-id": [
          "WESTUS:20200303T011840Z:cf16e197-4470-4bc0-af6a-421ee615bb31"
        ],
        "Strict-Transport-Security": [
          "max-age=31536000; includeSubDomains"
        ],
        "X-Content-Type-Options": [
          "nosniff"
        ],
        "Date": [
          "Tue, 03 Mar 2020 01:18:40 GMT"
        ],
        "Expires": [
          "-1"
        ],
        "Content-Length": [
          "0"
        ]
      },
      "ResponseBody": "",
      "StatusCode": 202
    },
    {
      "RequestUri": "/subscriptions/0296790d-427c-48ca-b204-8b729bbd8670/operationresults/eyJqb2JJZCI6IlJFU09VUkNFR1JPVVBERUxFVElPTkpPQi1DUlBURVNUQVIxNzQ4LUNFTlRSQUxVU0VVQVAiLCJqb2JMb2NhdGlvbiI6ImNlbnRyYWx1c2V1YXAifQ?api-version=2017-05-10",
      "EncodedRequestUri": "L3N1YnNjcmlwdGlvbnMvMDI5Njc5MGQtNDI3Yy00OGNhLWIyMDQtOGI3MjliYmQ4NjcwL29wZXJhdGlvbnJlc3VsdHMvZXlKcWIySkpaQ0k2SWxKRlUwOVZVa05GUjFKUFZWQkVSVXhGVkVsUFRrcFBRaTFEVWxCVVJWTlVRVkl4TnpRNExVTkZUbFJTUVV4VlUwVlZRVkFpTENKcWIySk1iMk5oZEdsdmJpSTZJbU5sYm5SeVlXeDFjMlYxWVhBaWZRP2FwaS12ZXJzaW9uPTIwMTctMDUtMTA=",
      "RequestMethod": "GET",
      "RequestBody": "",
      "RequestHeaders": {
        "User-Agent": [
          "FxVersion/4.6.28325.01",
          "OSName/Windows",
          "OSVersion/Microsoft.Windows.10.0.18363.",
          "Microsoft.Azure.Management.ResourceManager.ResourceManagementClient/1.6.0.0"
        ]
      },
      "ResponseHeaders": {
        "Cache-Control": [
          "no-cache"
        ],
        "Pragma": [
          "no-cache"
        ],
        "x-ms-ratelimit-remaining-subscription-reads": [
          "11997"
        ],
        "x-ms-request-id": [
          "653940d2-37ba-4a8d-b7f5-123b928dd2e6"
        ],
        "x-ms-correlation-request-id": [
          "653940d2-37ba-4a8d-b7f5-123b928dd2e6"
        ],
        "x-ms-routing-request-id": [
          "WESTUS:20200303T011856Z:653940d2-37ba-4a8d-b7f5-123b928dd2e6"
        ],
        "Strict-Transport-Security": [
          "max-age=31536000; includeSubDomains"
        ],
        "X-Content-Type-Options": [
          "nosniff"
        ],
        "Date": [
          "Tue, 03 Mar 2020 01:18:55 GMT"
        ],
        "Expires": [
          "-1"
        ],
        "Content-Length": [
          "0"
        ]
      },
      "ResponseBody": "",
      "StatusCode": 200
    },
    {
      "RequestUri": "/subscriptions/0296790d-427c-48ca-b204-8b729bbd8670/operationresults/eyJqb2JJZCI6IlJFU09VUkNFR1JPVVBERUxFVElPTkpPQi1DUlBURVNUQVIxNzQ4LUNFTlRSQUxVU0VVQVAiLCJqb2JMb2NhdGlvbiI6ImNlbnRyYWx1c2V1YXAifQ?api-version=2017-05-10",
      "EncodedRequestUri": "L3N1YnNjcmlwdGlvbnMvMDI5Njc5MGQtNDI3Yy00OGNhLWIyMDQtOGI3MjliYmQ4NjcwL29wZXJhdGlvbnJlc3VsdHMvZXlKcWIySkpaQ0k2SWxKRlUwOVZVa05GUjFKUFZWQkVSVXhGVkVsUFRrcFBRaTFEVWxCVVJWTlVRVkl4TnpRNExVTkZUbFJTUVV4VlUwVlZRVkFpTENKcWIySk1iMk5oZEdsdmJpSTZJbU5sYm5SeVlXeDFjMlYxWVhBaWZRP2FwaS12ZXJzaW9uPTIwMTctMDUtMTA=",
      "RequestMethod": "GET",
      "RequestBody": "",
      "RequestHeaders": {
        "User-Agent": [
          "FxVersion/4.6.28325.01",
          "OSName/Windows",
          "OSVersion/Microsoft.Windows.10.0.18363.",
          "Microsoft.Azure.Management.ResourceManager.ResourceManagementClient/1.6.0.0"
        ]
      },
      "ResponseHeaders": {
        "Cache-Control": [
          "no-cache"
        ],
        "Pragma": [
          "no-cache"
        ],
        "x-ms-ratelimit-remaining-subscription-reads": [
          "11996"
        ],
        "x-ms-request-id": [
          "864e8026-35d1-482f-95b5-f36c87ba14f7"
        ],
        "x-ms-correlation-request-id": [
          "864e8026-35d1-482f-95b5-f36c87ba14f7"
        ],
        "x-ms-routing-request-id": [
          "WESTUS:20200303T011856Z:864e8026-35d1-482f-95b5-f36c87ba14f7"
        ],
        "Strict-Transport-Security": [
          "max-age=31536000; includeSubDomains"
        ],
        "X-Content-Type-Options": [
          "nosniff"
        ],
        "Date": [
          "Tue, 03 Mar 2020 01:18:55 GMT"
        ],
        "Expires": [
          "-1"
        ],
        "Content-Length": [
          "0"
        ]
      },
      "ResponseBody": "",
      "StatusCode": 200
    },
    {
      "RequestUri": "/subscriptions/0296790d-427c-48ca-b204-8b729bbd8670/resourcegroups/crptestar9025?api-version=2017-05-10",
      "EncodedRequestUri": "L3N1YnNjcmlwdGlvbnMvMDI5Njc5MGQtNDI3Yy00OGNhLWIyMDQtOGI3MjliYmQ4NjcwL3Jlc291cmNlZ3JvdXBzL2NycHRlc3RhcjkwMjU/YXBpLXZlcnNpb249MjAxNy0wNS0xMA==",
      "RequestMethod": "DELETE",
      "RequestBody": "",
      "RequestHeaders": {
        "x-ms-client-request-id": [
          "cff0e7cc-b8f5-4440-b090-0de83ff5ad89"
        ],
        "Accept-Language": [
          "en-US"
        ],
        "User-Agent": [
          "FxVersion/4.6.28325.01",
          "OSName/Windows",
          "OSVersion/Microsoft.Windows.10.0.18363.",
          "Microsoft.Azure.Management.ResourceManager.ResourceManagementClient/1.6.0.0"
        ]
      },
      "ResponseHeaders": {
        "Cache-Control": [
          "no-cache"
        ],
        "Pragma": [
          "no-cache"
        ],
        "Location": [
          "https://management.azure.com/subscriptions/0296790d-427c-48ca-b204-8b729bbd8670/operationresults/eyJqb2JJZCI6IlJFU09VUkNFR1JPVVBERUxFVElPTkpPQi1DUlBURVNUQVI5MDI1LUNFTlRSQUxVU0VVQVAiLCJqb2JMb2NhdGlvbiI6ImNlbnRyYWx1c2V1YXAifQ?api-version=2017-05-10"
        ],
        "Retry-After": [
          "15"
        ],
        "x-ms-ratelimit-remaining-subscription-deletes": [
          "14998"
        ],
        "x-ms-request-id": [
          "67bc3e27-44fe-4249-b514-178c49a37c4e"
        ],
        "x-ms-correlation-request-id": [
          "67bc3e27-44fe-4249-b514-178c49a37c4e"
        ],
        "x-ms-routing-request-id": [
          "WESTUS:20200303T011857Z:67bc3e27-44fe-4249-b514-178c49a37c4e"
        ],
        "Strict-Transport-Security": [
          "max-age=31536000; includeSubDomains"
        ],
        "X-Content-Type-Options": [
          "nosniff"
        ],
        "Date": [
          "Tue, 03 Mar 2020 01:18:56 GMT"
        ],
        "Expires": [
          "-1"
        ],
        "Content-Length": [
          "0"
        ]
      },
      "ResponseBody": "",
      "StatusCode": 202
    },
    {
      "RequestUri": "/subscriptions/0296790d-427c-48ca-b204-8b729bbd8670/operationresults/eyJqb2JJZCI6IlJFU09VUkNFR1JPVVBERUxFVElPTkpPQi1DUlBURVNUQVI5MDI1LUNFTlRSQUxVU0VVQVAiLCJqb2JMb2NhdGlvbiI6ImNlbnRyYWx1c2V1YXAifQ?api-version=2017-05-10",
      "EncodedRequestUri": "L3N1YnNjcmlwdGlvbnMvMDI5Njc5MGQtNDI3Yy00OGNhLWIyMDQtOGI3MjliYmQ4NjcwL29wZXJhdGlvbnJlc3VsdHMvZXlKcWIySkpaQ0k2SWxKRlUwOVZVa05GUjFKUFZWQkVSVXhGVkVsUFRrcFBRaTFEVWxCVVJWTlVRVkk1TURJMUxVTkZUbFJTUVV4VlUwVlZRVkFpTENKcWIySk1iMk5oZEdsdmJpSTZJbU5sYm5SeVlXeDFjMlYxWVhBaWZRP2FwaS12ZXJzaW9uPTIwMTctMDUtMTA=",
      "RequestMethod": "GET",
      "RequestBody": "",
      "RequestHeaders": {
        "User-Agent": [
          "FxVersion/4.6.28325.01",
          "OSName/Windows",
          "OSVersion/Microsoft.Windows.10.0.18363.",
          "Microsoft.Azure.Management.ResourceManager.ResourceManagementClient/1.6.0.0"
        ]
      },
      "ResponseHeaders": {
        "Cache-Control": [
          "no-cache"
        ],
        "Pragma": [
          "no-cache"
        ],
        "Location": [
          "https://management.azure.com/subscriptions/0296790d-427c-48ca-b204-8b729bbd8670/operationresults/eyJqb2JJZCI6IlJFU09VUkNFR1JPVVBERUxFVElPTkpPQi1DUlBURVNUQVI5MDI1LUNFTlRSQUxVU0VVQVAiLCJqb2JMb2NhdGlvbiI6ImNlbnRyYWx1c2V1YXAifQ?api-version=2017-05-10"
        ],
        "Retry-After": [
          "15"
        ],
        "x-ms-ratelimit-remaining-subscription-reads": [
          "11995"
        ],
        "x-ms-request-id": [
          "425f4180-5b81-4cb0-b42d-e9dfa9daf51c"
        ],
        "x-ms-correlation-request-id": [
          "425f4180-5b81-4cb0-b42d-e9dfa9daf51c"
        ],
        "x-ms-routing-request-id": [
          "WESTUS:20200303T011912Z:425f4180-5b81-4cb0-b42d-e9dfa9daf51c"
        ],
        "Strict-Transport-Security": [
          "max-age=31536000; includeSubDomains"
        ],
        "X-Content-Type-Options": [
          "nosniff"
        ],
        "Date": [
          "Tue, 03 Mar 2020 01:19:11 GMT"
        ],
        "Expires": [
          "-1"
        ],
        "Content-Length": [
          "0"
        ]
      },
      "ResponseBody": "",
      "StatusCode": 202
    },
    {
      "RequestUri": "/subscriptions/0296790d-427c-48ca-b204-8b729bbd8670/operationresults/eyJqb2JJZCI6IlJFU09VUkNFR1JPVVBERUxFVElPTkpPQi1DUlBURVNUQVI5MDI1LUNFTlRSQUxVU0VVQVAiLCJqb2JMb2NhdGlvbiI6ImNlbnRyYWx1c2V1YXAifQ?api-version=2017-05-10",
      "EncodedRequestUri": "L3N1YnNjcmlwdGlvbnMvMDI5Njc5MGQtNDI3Yy00OGNhLWIyMDQtOGI3MjliYmQ4NjcwL29wZXJhdGlvbnJlc3VsdHMvZXlKcWIySkpaQ0k2SWxKRlUwOVZVa05GUjFKUFZWQkVSVXhGVkVsUFRrcFBRaTFEVWxCVVJWTlVRVkk1TURJMUxVTkZUbFJTUVV4VlUwVlZRVkFpTENKcWIySk1iMk5oZEdsdmJpSTZJbU5sYm5SeVlXeDFjMlYxWVhBaWZRP2FwaS12ZXJzaW9uPTIwMTctMDUtMTA=",
      "RequestMethod": "GET",
      "RequestBody": "",
      "RequestHeaders": {
        "User-Agent": [
          "FxVersion/4.6.28325.01",
          "OSName/Windows",
          "OSVersion/Microsoft.Windows.10.0.18363.",
          "Microsoft.Azure.Management.ResourceManager.ResourceManagementClient/1.6.0.0"
        ]
      },
      "ResponseHeaders": {
        "Cache-Control": [
          "no-cache"
        ],
        "Pragma": [
          "no-cache"
        ],
        "Location": [
          "https://management.azure.com/subscriptions/0296790d-427c-48ca-b204-8b729bbd8670/operationresults/eyJqb2JJZCI6IlJFU09VUkNFR1JPVVBERUxFVElPTkpPQi1DUlBURVNUQVI5MDI1LUNFTlRSQUxVU0VVQVAiLCJqb2JMb2NhdGlvbiI6ImNlbnRyYWx1c2V1YXAifQ?api-version=2017-05-10"
        ],
        "Retry-After": [
          "15"
        ],
        "x-ms-ratelimit-remaining-subscription-reads": [
          "11994"
        ],
        "x-ms-request-id": [
          "26e4799b-b30f-447c-ad28-1b2e11d216e7"
        ],
        "x-ms-correlation-request-id": [
          "26e4799b-b30f-447c-ad28-1b2e11d216e7"
        ],
        "x-ms-routing-request-id": [
          "WESTUS:20200303T011927Z:26e4799b-b30f-447c-ad28-1b2e11d216e7"
        ],
        "Strict-Transport-Security": [
          "max-age=31536000; includeSubDomains"
        ],
        "X-Content-Type-Options": [
          "nosniff"
        ],
        "Date": [
          "Tue, 03 Mar 2020 01:19:27 GMT"
        ],
        "Expires": [
          "-1"
        ],
        "Content-Length": [
          "0"
        ]
      },
      "ResponseBody": "",
      "StatusCode": 202
    },
    {
      "RequestUri": "/subscriptions/0296790d-427c-48ca-b204-8b729bbd8670/operationresults/eyJqb2JJZCI6IlJFU09VUkNFR1JPVVBERUxFVElPTkpPQi1DUlBURVNUQVI5MDI1LUNFTlRSQUxVU0VVQVAiLCJqb2JMb2NhdGlvbiI6ImNlbnRyYWx1c2V1YXAifQ?api-version=2017-05-10",
      "EncodedRequestUri": "L3N1YnNjcmlwdGlvbnMvMDI5Njc5MGQtNDI3Yy00OGNhLWIyMDQtOGI3MjliYmQ4NjcwL29wZXJhdGlvbnJlc3VsdHMvZXlKcWIySkpaQ0k2SWxKRlUwOVZVa05GUjFKUFZWQkVSVXhGVkVsUFRrcFBRaTFEVWxCVVJWTlVRVkk1TURJMUxVTkZUbFJTUVV4VlUwVlZRVkFpTENKcWIySk1iMk5oZEdsdmJpSTZJbU5sYm5SeVlXeDFjMlYxWVhBaWZRP2FwaS12ZXJzaW9uPTIwMTctMDUtMTA=",
      "RequestMethod": "GET",
      "RequestBody": "",
      "RequestHeaders": {
        "User-Agent": [
          "FxVersion/4.6.28325.01",
          "OSName/Windows",
          "OSVersion/Microsoft.Windows.10.0.18363.",
          "Microsoft.Azure.Management.ResourceManager.ResourceManagementClient/1.6.0.0"
        ]
      },
      "ResponseHeaders": {
        "Cache-Control": [
          "no-cache"
        ],
        "Pragma": [
          "no-cache"
        ],
        "x-ms-ratelimit-remaining-subscription-reads": [
          "11993"
        ],
        "x-ms-request-id": [
          "f4ddfa61-a551-4228-9e08-5553d2262857"
        ],
        "x-ms-correlation-request-id": [
          "f4ddfa61-a551-4228-9e08-5553d2262857"
        ],
        "x-ms-routing-request-id": [
          "WESTUS:20200303T011942Z:f4ddfa61-a551-4228-9e08-5553d2262857"
        ],
        "Strict-Transport-Security": [
          "max-age=31536000; includeSubDomains"
        ],
        "X-Content-Type-Options": [
          "nosniff"
        ],
        "Date": [
          "Tue, 03 Mar 2020 01:19:42 GMT"
        ],
        "Expires": [
          "-1"
        ],
        "Content-Length": [
          "0"
        ]
      },
      "ResponseBody": "",
      "StatusCode": 200
    },
    {
      "RequestUri": "/subscriptions/0296790d-427c-48ca-b204-8b729bbd8670/operationresults/eyJqb2JJZCI6IlJFU09VUkNFR1JPVVBERUxFVElPTkpPQi1DUlBURVNUQVI5MDI1LUNFTlRSQUxVU0VVQVAiLCJqb2JMb2NhdGlvbiI6ImNlbnRyYWx1c2V1YXAifQ?api-version=2017-05-10",
      "EncodedRequestUri": "L3N1YnNjcmlwdGlvbnMvMDI5Njc5MGQtNDI3Yy00OGNhLWIyMDQtOGI3MjliYmQ4NjcwL29wZXJhdGlvbnJlc3VsdHMvZXlKcWIySkpaQ0k2SWxKRlUwOVZVa05GUjFKUFZWQkVSVXhGVkVsUFRrcFBRaTFEVWxCVVJWTlVRVkk1TURJMUxVTkZUbFJTUVV4VlUwVlZRVkFpTENKcWIySk1iMk5oZEdsdmJpSTZJbU5sYm5SeVlXeDFjMlYxWVhBaWZRP2FwaS12ZXJzaW9uPTIwMTctMDUtMTA=",
      "RequestMethod": "GET",
      "RequestBody": "",
      "RequestHeaders": {
        "User-Agent": [
          "FxVersion/4.6.28325.01",
          "OSName/Windows",
          "OSVersion/Microsoft.Windows.10.0.18363.",
          "Microsoft.Azure.Management.ResourceManager.ResourceManagementClient/1.6.0.0"
        ]
      },
      "ResponseHeaders": {
        "Cache-Control": [
          "no-cache"
        ],
        "Pragma": [
          "no-cache"
        ],
        "x-ms-ratelimit-remaining-subscription-reads": [
          "11992"
        ],
        "x-ms-request-id": [
          "94f62a8d-d443-4bb8-b2a5-b879225082f1"
        ],
        "x-ms-correlation-request-id": [
          "94f62a8d-d443-4bb8-b2a5-b879225082f1"
        ],
        "x-ms-routing-request-id": [
          "WESTUS:20200303T011942Z:94f62a8d-d443-4bb8-b2a5-b879225082f1"
        ],
        "Strict-Transport-Security": [
          "max-age=31536000; includeSubDomains"
        ],
        "X-Content-Type-Options": [
          "nosniff"
        ],
        "Date": [
          "Tue, 03 Mar 2020 01:19:42 GMT"
        ],
        "Expires": [
          "-1"
        ],
        "Content-Length": [
          "0"
        ]
      },
      "ResponseBody": "",
      "StatusCode": 200
    }
  ],
  "Names": {
    "DiskEncryptionSet_List_Execute": [
      "crptestar1748",
      "crptestar9025",
      "diskrp1572",
      "diskrp6573"
    ]
  },
  "Variables": {
    "SubscriptionId": "0296790d-427c-48ca-b204-8b729bbd8670"
  }
}