{
  "Entries": [
    {
      "RequestUri": "https://management.azure.com/subscriptions/69a75bda-882e-44d5-8431-63421204132a?api-version=2021-01-01",
      "RequestMethod": "GET",
      "RequestHeaders": {
        "Accept": "application/json",
        "Authorization": "Sanitized",
        "traceparent": "00-9c51dfa7933b3d8b109d81ef17725cb8-40a19cdc233ba387-00",
        "User-Agent": "azsdk-net-ResourceManager/1.4.0 (.NET 6.0.14; Microsoft Windows 10.0.22000)",
        "x-ms-client-request-id": "ff915fc953af360a7d9d2db6b7ed23b6",
        "x-ms-return-client-request-id": "true"
      },
      "RequestBody": null,
      "StatusCode": 200,
      "ResponseHeaders": {
        "Cache-Control": "no-cache",
        "Content-Length": "422",
        "Content-Type": "application/json; charset=utf-8",
        "Date": "Thu, 02 Mar 2023 15:03:48 GMT",
        "Expires": "-1",
        "Pragma": "no-cache",
        "Strict-Transport-Security": "max-age=31536000; includeSubDomains",
        "X-Content-Type-Options": "nosniff",
        "x-ms-correlation-request-id": "aa3b89ba-3d90-4cba-a1f1-3c8531277328",
        "x-ms-ratelimit-remaining-subscription-reads": "11984",
        "x-ms-request-id": "aa3b89ba-3d90-4cba-a1f1-3c8531277328",
        "x-ms-routing-request-id": "WESTEUROPE:20230302T150348Z:aa3b89ba-3d90-4cba-a1f1-3c8531277328"
      },
      "ResponseBody": {
        "id": "/subscriptions/69a75bda-882e-44d5-8431-63421204132a",
        "authorizationSource": "RoleBased",
        "managedByTenants": [],
        "tags": {
          "SkipNRMSNSG": "true"
        },
        "subscriptionId": "69a75bda-882e-44d5-8431-63421204132a",
        "tenantId": "72f988bf-86f1-41af-91ab-2d7cd011db47",
        "displayName": "QATest02-SVL",
        "state": "Enabled",
        "subscriptionPolicies": {
          "locationPlacementId": "Internal_2014-09-01",
          "quotaId": "Internal_2014-09-01",
          "spendingLimit": "Off"
        }
      }
    },
    {
      "RequestUri": "https://management.azure.com/subscriptions/69a75bda-882e-44d5-8431-63421204132a/resourcegroups/testNetAppDotNetSDKRG-1468?api-version=**",
      "RequestMethod": "PUT",
      "RequestHeaders": {
        "Accept": "application/json",
        "Authorization": "Sanitized",
        "Content-Length": "63",
        "Content-Type": "application/json",
        "traceparent": "00-8237a582f260f83bce0041f844d0a738-0396c63c28c51d4a-00",
        "User-Agent": "azsdk-net-ResourceManager/1.4.0 (.NET 6.0.14; Microsoft Windows 10.0.22000)",
        "x-ms-client-request-id": "cf4432b7e73c8ea03d6f26da0c731848",
        "x-ms-return-client-request-id": "true"
      },
      "RequestBody": {
        "tags": {
          "test": "env",
          "Owner": "b-aubald"
        },
        "location": "westus2"
      },
      "StatusCode": 201,
      "ResponseHeaders": {
        "Cache-Control": "no-cache",
        "Content-Length": "359",
        "Content-Type": "application/json; charset=utf-8",
        "Date": "Thu, 02 Mar 2023 15:03:49 GMT",
        "Expires": "-1",
        "Pragma": "no-cache",
        "Strict-Transport-Security": "max-age=31536000; includeSubDomains",
        "X-Content-Type-Options": "nosniff",
        "x-ms-correlation-request-id": "010e6fc1-6df2-4cfb-a0c7-aef86c0cfec2",
        "x-ms-ratelimit-remaining-subscription-writes": "1196",
        "x-ms-request-id": "010e6fc1-6df2-4cfb-a0c7-aef86c0cfec2",
        "x-ms-routing-request-id": "WESTEUROPE:20230302T150350Z:010e6fc1-6df2-4cfb-a0c7-aef86c0cfec2"
      },
      "ResponseBody": {
        "id": "/subscriptions/69a75bda-882e-44d5-8431-63421204132a/resourceGroups/testNetAppDotNetSDKRG-1468",
        "name": "testNetAppDotNetSDKRG-1468",
        "type": "Microsoft.Resources/resourceGroups",
        "location": "westus2",
        "tags": {
          "test": "env",
          "Owner": "b-aubald",
          "CreatedOnDate": "2023-03-02T15:03:49.0373562Z",
          "SkipNRMSNSG": "true"
        },
        "properties": {
          "provisioningState": "Succeeded"
        }
      }
    },
    {
      "RequestUri": "https://management.azure.com/subscriptions/69a75bda-882e-44d5-8431-63421204132a/providers/Microsoft.NetApp/locations/westus2/checkNameAvailability?api-version=2022-09-01",
      "RequestMethod": "POST",
      "RequestHeaders": {
        "Accept": "application/json",
        "Authorization": "Sanitized",
        "Content-Length": "108",
        "Content-Type": "application/json",
        "traceparent": "00-71f266f748bbd4cdfb67bc888e2a791f-1186ed7e7f38ed57-00",
        "User-Agent": "azsdk-net-ResourceManager.NetApp/1.1.0-alpha.20230302.1 (.NET 6.0.14; Microsoft Windows 10.0.22000)",
        "x-ms-client-request-id": "75904e76b0ba6d795dec939a4e7bf446",
        "x-ms-return-client-request-id": "true"
      },
      "RequestBody": {
        "name": "account6460",
        "type": "Microsoft.NetApp/netAppAccounts",
        "resourceGroup": "testNetAppDotNetSDKRG-1468"
      },
      "StatusCode": 200,
      "ResponseHeaders": {
        "Cache-Control": "no-cache",
        "Content-Length": "20",
        "Content-Type": "application/json; charset=utf-8",
        "Date": "Thu, 02 Mar 2023 15:03:49 GMT",
        "Expires": "-1",
        "Pragma": "no-cache",
        "Server": "Microsoft-IIS/10.0",
        "Strict-Transport-Security": "max-age=31536000; includeSubDomains",
        "X-Content-Type-Options": "nosniff",
        "x-ms-correlation-request-id": "e51c02a5-6e25-4da1-a4d9-6baef9043203",
        "x-ms-ratelimit-remaining-subscription-writes": "1198",
        "x-ms-request-id": "98f82392-8557-4b77-811f-8f8316743d99",
        "x-ms-routing-request-id": "WESTEUROPE:20230302T150350Z:e51c02a5-6e25-4da1-a4d9-6baef9043203",
        "X-Powered-By": "ASP.NET"
      },
      "ResponseBody": {
        "isAvailable": true
      }
    },
    {
      "RequestUri": "https://management.azure.com/subscriptions/69a75bda-882e-44d5-8431-63421204132a/resourceGroups/testNetAppDotNetSDKRG-1468/providers/Microsoft.NetApp/netAppAccounts/account6460?api-version=2022-09-01",
      "RequestMethod": "PUT",
      "RequestHeaders": {
        "Accept": "application/json",
        "Authorization": "Sanitized",
        "Content-Length": "79",
        "Content-Type": "application/json",
        "traceparent": "00-1e60cec71cbcdf8326f0f07d693dbeb1-d7afd2e0acf2315d-00",
        "User-Agent": "azsdk-net-ResourceManager.NetApp/1.1.0-alpha.20230302.1 (.NET 6.0.14; Microsoft Windows 10.0.22000)",
        "x-ms-client-request-id": "ca542b2f8dc1f1777072e4e45b712a15",
        "x-ms-return-client-request-id": "true"
      },
      "RequestBody": {
        "tags": {
          "key1": "value1",
          "key2": "value2"
        },
        "location": "westus2",
        "properties": {}
      },
      "StatusCode": 201,
      "ResponseHeaders": {
        "Azure-AsyncOperation": "https://management.azure.com/subscriptions/69a75bda-882e-44d5-8431-63421204132a/providers/Microsoft.NetApp/locations/westus2/operationResults/2c1116f9-7b82-4193-8820-58ae64d862a5?api-version=2022-09-01",
        "Cache-Control": "no-cache",
        "Content-Length": "1131",
        "Content-Type": "application/json; charset=utf-8",
        "Date": "Thu, 02 Mar 2023 15:03:53 GMT",
        "ETag": "W/\u0022datetime\u00272023-03-02T15%3A03%3A52.1742039Z\u0027\u0022",
        "Expires": "-1",
        "Pragma": "no-cache",
        "Server": "Microsoft-IIS/10.0",
        "Strict-Transport-Security": "max-age=31536000; includeSubDomains",
        "X-Content-Type-Options": "nosniff",
        "x-ms-correlation-request-id": "e7d895a4-dac5-4c8b-9934-642c267ae0f3",
        "x-ms-ratelimit-remaining-subscription-writes": "1195",
        "x-ms-request-id": "f0b873d1-1136-4eaa-914d-96382aca3ae0",
        "x-ms-routing-request-id": "WESTEUROPE:20230302T150353Z:e7d895a4-dac5-4c8b-9934-642c267ae0f3",
        "X-Powered-By": "ASP.NET"
      },
      "ResponseBody": {
        "id": "/subscriptions/69a75bda-882e-44d5-8431-63421204132a/resourceGroups/testNetAppDotNetSDKRG-1468/providers/Microsoft.NetApp/netAppAccounts/account6460",
        "name": "account6460",
        "type": "Microsoft.NetApp/netAppAccounts",
        "etag": "W/\u0022datetime\u00272023-03-02T15%3A03%3A52.1742039Z\u0027\u0022",
        "location": "westus2",
        "tags": {
          "key1": "value1",
          "key2": "value2",
          "CreatedOnDate": "2023-03-02T15:03:50.4368361Z"
        },
        "properties": {
          "activeDirectories": [
            {
              "activeDirectoryId": "09ef3da0-c3dd-8e10-a69c-04a84d8ebc85",
              "username": "sdkuser",
              "password": "****************",
              "domain": "sdkdomain",
              "dns": "192.0.2.2",
              "status": "Created",
              "smbServerName": "PSSMBSName",
              "organizationalUnit": "CN=Computers",
              "adName": "ps1792",
              "aesEncryption": false,
              "ldapSigning": false,
              "ldapOverTLS": false,
              "allowLocalNfsUsersWithLdap": false,
              "encryptDCConnections": false,
              "ldapSearchScope": {}
            }
          ],
          "provisioningState": "Creating"
        },
        "systemData": {
          "createdBy": "c6c4faba-2b22-44d9-80a4-71ff5b71f811",
          "createdByType": "Application",
          "createdAt": "2023-03-02T15:03:52.0023302Z",
          "lastModifiedBy": "c6c4faba-2b22-44d9-80a4-71ff5b71f811",
          "lastModifiedByType": "Application",
          "lastModifiedAt": "2023-03-02T15:03:52.0023302Z"
        }
      }
    },
    {
      "RequestUri": "https://management.azure.com/subscriptions/69a75bda-882e-44d5-8431-63421204132a/providers/Microsoft.NetApp/locations/westus2/operationResults/2c1116f9-7b82-4193-8820-58ae64d862a5?api-version=2022-09-01",
      "RequestMethod": "GET",
      "RequestHeaders": {
        "Authorization": "Sanitized",
        "traceparent": "00-1e60cec71cbcdf8326f0f07d693dbeb1-0edc86aa18d10831-00",
        "User-Agent": "azsdk-net-ResourceManager/1.4.0 (.NET 6.0.14; Microsoft Windows 10.0.22000)",
        "x-ms-client-request-id": "48dd94317ec4e870d79e0547cc9411eb",
        "x-ms-return-client-request-id": "true"
      },
      "RequestBody": null,
      "StatusCode": 200,
      "ResponseHeaders": {
        "Cache-Control": "no-cache",
        "Content-Length": "532",
        "Content-Type": "application/json; charset=utf-8",
        "Date": "Thu, 02 Mar 2023 15:03:53 GMT",
        "Expires": "-1",
        "Pragma": "no-cache",
        "Server": "Microsoft-IIS/10.0",
        "Strict-Transport-Security": "max-age=31536000; includeSubDomains",
        "X-Content-Type-Options": "nosniff",
        "x-ms-correlation-request-id": "1557abdf-ac57-4832-b276-38a0bdd6a46d",
        "x-ms-ratelimit-remaining-subscription-reads": "11983",
        "x-ms-request-id": "02acdc2f-bc41-428a-9f69-90c2eeb690bb",
        "x-ms-routing-request-id": "WESTEUROPE:20230302T150354Z:1557abdf-ac57-4832-b276-38a0bdd6a46d",
        "X-Powered-By": "ASP.NET"
      },
      "ResponseBody": {
        "id": "/subscriptions/69a75bda-882e-44d5-8431-63421204132a/providers/Microsoft.NetApp/locations/westus2/operationResults/2c1116f9-7b82-4193-8820-58ae64d862a5",
        "name": "2c1116f9-7b82-4193-8820-58ae64d862a5",
        "status": "Succeeded",
        "startTime": "2023-03-02T15:03:52.1258948Z",
        "endTime": "2023-03-02T15:03:52.1698859Z",
        "percentComplete": 100.0,
        "properties": {
          "resourceName": "/subscriptions/69a75bda-882e-44d5-8431-63421204132a/resourceGroups/testNetAppDotNetSDKRG-1468/providers/Microsoft.NetApp/netAppAccounts/account6460",
          "action": "CREATE"
        }
      }
    },
    {
      "RequestUri": "https://management.azure.com/subscriptions/69a75bda-882e-44d5-8431-63421204132a/resourceGroups/testNetAppDotNetSDKRG-1468/providers/Microsoft.NetApp/netAppAccounts/account6460?api-version=2022-09-01",
      "RequestMethod": "GET",
      "RequestHeaders": {
        "Authorization": "Sanitized",
        "traceparent": "00-1e60cec71cbcdf8326f0f07d693dbeb1-5463c2bd8012a7ae-00",
        "User-Agent": "azsdk-net-ResourceManager/1.4.0 (.NET 6.0.14; Microsoft Windows 10.0.22000)",
        "x-ms-client-request-id": "c92c7ec21f04bc202ed2005eae7ce57c",
        "x-ms-return-client-request-id": "true"
      },
      "RequestBody": null,
      "StatusCode": 200,
      "ResponseHeaders": {
        "Cache-Control": "no-cache",
        "Content-Length": "1177",
        "Content-Type": "application/json; charset=utf-8",
        "Date": "Thu, 02 Mar 2023 15:03:54 GMT",
        "ETag": "W/\u0022datetime\u00272023-03-02T15%3A03%3A52.235714Z\u0027\u0022",
        "Expires": "-1",
        "Pragma": "no-cache",
        "Server": "Microsoft-IIS/10.0",
        "Strict-Transport-Security": "max-age=31536000; includeSubDomains",
        "X-Content-Type-Options": "nosniff",
        "x-ms-correlation-request-id": "8cafd932-44cf-441f-91d2-1f2ccc82881f",
        "x-ms-ratelimit-remaining-subscription-reads": "11982",
        "x-ms-request-id": "2ef03cd5-27c0-4392-b49b-009b116403fe",
        "x-ms-routing-request-id": "WESTEUROPE:20230302T150354Z:8cafd932-44cf-441f-91d2-1f2ccc82881f",
        "X-Powered-By": "ASP.NET"
      },
      "ResponseBody": {
        "id": "/subscriptions/69a75bda-882e-44d5-8431-63421204132a/resourceGroups/testNetAppDotNetSDKRG-1468/providers/Microsoft.NetApp/netAppAccounts/account6460",
        "name": "account6460",
        "type": "Microsoft.NetApp/netAppAccounts",
        "etag": "W/\u0022datetime\u00272023-03-02T15%3A03%3A52.235714Z\u0027\u0022",
        "location": "westus2",
        "tags": {
          "key1": "value1",
          "key2": "value2",
          "CreatedOnDate": "2023-03-02T15:03:50.4368361Z"
        },
        "properties": {
          "activeDirectories": [
            {
              "activeDirectoryId": "09ef3da0-c3dd-8e10-a69c-04a84d8ebc85",
              "username": "sdkuser",
              "password": "****************",
              "domain": "sdkdomain",
              "dns": "192.0.2.2",
              "status": "Created",
              "smbServerName": "PSSMBSName",
              "organizationalUnit": "CN=Computers",
              "adName": "ps1792",
              "aesEncryption": false,
              "ldapSigning": false,
              "ldapOverTLS": false,
              "allowLocalNfsUsersWithLdap": false,
              "encryptDCConnections": false,
              "ldapSearchScope": {}
            }
          ],
          "encryption": {
            "keySource": "Microsoft.NetApp"
          },
          "provisioningState": "Succeeded"
        },
        "systemData": {
          "createdBy": "c6c4faba-2b22-44d9-80a4-71ff5b71f811",
          "createdByType": "Application",
          "createdAt": "2023-03-02T15:03:52.0023302Z",
          "lastModifiedBy": "c6c4faba-2b22-44d9-80a4-71ff5b71f811",
          "lastModifiedByType": "Application",
          "lastModifiedAt": "2023-03-02T15:03:52.0023302Z"
        }
      }
    },
    {
      "RequestUri": "https://management.azure.com/subscriptions/69a75bda-882e-44d5-8431-63421204132a/resourceGroups/testNetAppDotNetSDKRG-1468/providers/Microsoft.NetApp/netAppAccounts/account6460/capacityPools/pool-5868?api-version=2022-09-01",
      "RequestMethod": "PUT",
      "RequestHeaders": {
        "Accept": "application/json",
        "Authorization": "Sanitized",
        "Content-Length": "124",
        "Content-Type": "application/json",
        "traceparent": "00-66313da4304daf06160ac14c5fea8f7a-295833949517fe47-00",
        "User-Agent": "azsdk-net-ResourceManager.NetApp/1.1.0-alpha.20230302.1 (.NET 6.0.14; Microsoft Windows 10.0.22000)",
        "x-ms-client-request-id": "94c7b2f051e215ef8efd876db5b63551",
        "x-ms-return-client-request-id": "true"
      },
      "RequestBody": {
        "tags": {
          "key1": "value1",
          "key2": "value2"
        },
        "location": "westus2",
        "properties": {
          "size": 4398046511104,
          "serviceLevel": "Premium"
        }
      },
      "StatusCode": 201,
      "ResponseHeaders": {
        "Azure-AsyncOperation": "https://management.azure.com/subscriptions/69a75bda-882e-44d5-8431-63421204132a/providers/Microsoft.NetApp/locations/westus2/operationResults/6f2216c7-e90e-4079-8ad1-5b76e6c75ea2?api-version=2022-09-01",
        "Cache-Control": "no-cache",
        "Content-Length": "860",
        "Content-Type": "application/json; charset=utf-8",
        "Date": "Thu, 02 Mar 2023 15:03:56 GMT",
        "ETag": "W/\u0022datetime\u00272023-03-02T15%3A03%3A56.1569106Z\u0027\u0022",
        "Expires": "-1",
        "Pragma": "no-cache",
        "Server": "Microsoft-IIS/10.0",
        "Strict-Transport-Security": "max-age=31536000; includeSubDomains",
        "X-Content-Type-Options": "nosniff",
        "x-ms-correlation-request-id": "69f75f1e-3ccb-4bfc-a81d-751a51b87ceb",
        "x-ms-ratelimit-remaining-subscription-writes": "1194",
        "x-ms-request-id": "a643cd4a-bc8f-469f-a1d1-f7557d35f133",
        "x-ms-routing-request-id": "WESTEUROPE:20230302T150357Z:69f75f1e-3ccb-4bfc-a81d-751a51b87ceb",
        "X-Powered-By": "ASP.NET"
      },
      "ResponseBody": {
        "id": "/subscriptions/69a75bda-882e-44d5-8431-63421204132a/resourceGroups/testNetAppDotNetSDKRG-1468/providers/Microsoft.NetApp/netAppAccounts/account6460/capacityPools/pool-5868",
        "name": "account6460/pool-5868",
        "type": "Microsoft.NetApp/netAppAccounts/capacityPools",
        "etag": "W/\u0022datetime\u00272023-03-02T15%3A03%3A56.1569106Z\u0027\u0022",
        "location": "westus2",
        "tags": {
          "key1": "value1",
          "key2": "value2",
          "CreatedOnDate": "2023-03-02T15:03:54.6270013Z"
        },
        "properties": {
          "serviceLevel": "Premium",
          "size": 4398046511104,
          "totalThroughputMibps": 0.0,
          "utilizedThroughputMibps": 0.0,
          "provisioningState": "Creating"
        },
        "systemData": {
          "createdBy": "c6c4faba-2b22-44d9-80a4-71ff5b71f811",
          "createdByType": "Application",
          "createdAt": "2023-03-02T15:03:55.8461051Z",
          "lastModifiedBy": "c6c4faba-2b22-44d9-80a4-71ff5b71f811",
          "lastModifiedByType": "Application",
          "lastModifiedAt": "2023-03-02T15:03:55.8461051Z"
        }
      }
    },
    {
      "RequestUri": "https://management.azure.com/subscriptions/69a75bda-882e-44d5-8431-63421204132a/providers/Microsoft.NetApp/locations/westus2/operationResults/6f2216c7-e90e-4079-8ad1-5b76e6c75ea2?api-version=2022-09-01",
      "RequestMethod": "GET",
      "RequestHeaders": {
        "Authorization": "Sanitized",
        "traceparent": "00-66313da4304daf06160ac14c5fea8f7a-5373151b8cfff13e-00",
        "User-Agent": "azsdk-net-ResourceManager/1.4.0 (.NET 6.0.14; Microsoft Windows 10.0.22000)",
        "x-ms-client-request-id": "e2dbc38857492ddf3cb37622984f781b",
        "x-ms-return-client-request-id": "true"
      },
      "RequestBody": null,
      "StatusCode": 200,
      "ResponseHeaders": {
        "Cache-Control": "no-cache",
        "Content-Length": "556",
        "Content-Type": "application/json; charset=utf-8",
        "Date": "Thu, 02 Mar 2023 15:03:57 GMT",
        "Expires": "-1",
        "Pragma": "no-cache",
        "Server": "Microsoft-IIS/10.0",
        "Strict-Transport-Security": "max-age=31536000; includeSubDomains",
        "X-Content-Type-Options": "nosniff",
        "x-ms-correlation-request-id": "f7833d76-e96c-437a-a85b-b9703c5b5c86",
        "x-ms-ratelimit-remaining-subscription-reads": "11981",
        "x-ms-request-id": "d42676e5-c75b-4361-a3c1-bc3c72047725",
        "x-ms-routing-request-id": "WESTEUROPE:20230302T150357Z:f7833d76-e96c-437a-a85b-b9703c5b5c86",
        "X-Powered-By": "ASP.NET"
      },
      "ResponseBody": {
        "id": "/subscriptions/69a75bda-882e-44d5-8431-63421204132a/providers/Microsoft.NetApp/locations/westus2/operationResults/6f2216c7-e90e-4079-8ad1-5b76e6c75ea2",
        "name": "6f2216c7-e90e-4079-8ad1-5b76e6c75ea2",
        "status": "Succeeded",
        "startTime": "2023-03-02T15:03:56.1079307Z",
        "endTime": "2023-03-02T15:03:56.5470997Z",
        "percentComplete": 100.0,
        "properties": {
          "resourceName": "/subscriptions/69a75bda-882e-44d5-8431-63421204132a/resourceGroups/testNetAppDotNetSDKRG-1468/providers/Microsoft.NetApp/netAppAccounts/account6460/capacityPools/pool-5868",
          "action": "CREATE"
        }
      }
    },
    {
      "RequestUri": "https://management.azure.com/subscriptions/69a75bda-882e-44d5-8431-63421204132a/resourceGroups/testNetAppDotNetSDKRG-1468/providers/Microsoft.NetApp/netAppAccounts/account6460/capacityPools/pool-5868?api-version=2022-09-01",
      "RequestMethod": "GET",
      "RequestHeaders": {
        "Authorization": "Sanitized",
        "traceparent": "00-66313da4304daf06160ac14c5fea8f7a-eb849786692b951d-00",
        "User-Agent": "azsdk-net-ResourceManager/1.4.0 (.NET 6.0.14; Microsoft Windows 10.0.22000)",
        "x-ms-client-request-id": "43bb0dcab456015fa05474c85f720454",
        "x-ms-return-client-request-id": "true"
      },
      "RequestBody": null,
      "StatusCode": 200,
      "ResponseHeaders": {
        "Cache-Control": "no-cache",
        "Content-Length": "973",
        "Content-Type": "application/json; charset=utf-8",
        "Date": "Thu, 02 Mar 2023 15:03:57 GMT",
        "ETag": "W/\u0022datetime\u00272023-03-02T15%3A03%3A56.6100997Z\u0027\u0022",
        "Expires": "-1",
        "Pragma": "no-cache",
        "Server": "Microsoft-IIS/10.0",
        "Strict-Transport-Security": "max-age=31536000; includeSubDomains",
        "X-Content-Type-Options": "nosniff",
        "x-ms-correlation-request-id": "15ac28be-fd77-4475-9441-6cfafc7d5c3b",
        "x-ms-ratelimit-remaining-subscription-reads": "11980",
        "x-ms-request-id": "4c87268f-88a6-4cef-a316-52a996ecc89f",
        "x-ms-routing-request-id": "WESTEUROPE:20230302T150357Z:15ac28be-fd77-4475-9441-6cfafc7d5c3b",
        "X-Powered-By": "ASP.NET"
      },
      "ResponseBody": {
        "id": "/subscriptions/69a75bda-882e-44d5-8431-63421204132a/resourceGroups/testNetAppDotNetSDKRG-1468/providers/Microsoft.NetApp/netAppAccounts/account6460/capacityPools/pool-5868",
        "name": "account6460/pool-5868",
        "type": "Microsoft.NetApp/netAppAccounts/capacityPools",
        "etag": "W/\u0022datetime\u00272023-03-02T15%3A03%3A56.6100997Z\u0027\u0022",
        "location": "westus2",
        "tags": {
          "key1": "value1",
          "key2": "value2",
          "CreatedOnDate": "2023-03-02T15:03:54.6270013Z"
        },
        "properties": {
          "poolId": "1eb1c6f7-1eb4-5743-9dda-365fcb07c64d",
          "serviceLevel": "Premium",
          "size": 4398046511104,
          "qosType": "Auto",
          "totalThroughputMibps": 256.0,
          "utilizedThroughputMibps": 0.0,
          "encryptionType": "Single",
          "coolAccess": false,
          "provisioningState": "Succeeded"
        },
        "systemData": {
          "createdBy": "c6c4faba-2b22-44d9-80a4-71ff5b71f811",
          "createdByType": "Application",
          "createdAt": "2023-03-02T15:03:55.8461051Z",
          "lastModifiedBy": "c6c4faba-2b22-44d9-80a4-71ff5b71f811",
          "lastModifiedByType": "Application",
          "lastModifiedAt": "2023-03-02T15:03:55.8461051Z"
        }
      }
    },
    {
      "RequestUri": "https://management.azure.com/subscriptions/69a75bda-882e-44d5-8431-63421204132a/resourceGroups/testNetAppDotNetSDKRG-1468/providers/Microsoft.NetApp/netAppAccounts/account6460?api-version=2022-09-01",
      "RequestMethod": "DELETE",
      "RequestHeaders": {
        "Authorization": "Sanitized",
        "traceparent": "00-e33db285178423d6df06cf1432d81275-c2a403cd3c1e3988-00",
        "User-Agent": "azsdk-net-ResourceManager.NetApp/1.1.0-alpha.20230302.1 (.NET 6.0.14; Microsoft Windows 10.0.22000)",
        "x-ms-client-request-id": "f1e4cea253da9b0759618b7178f0dad0",
        "x-ms-return-client-request-id": "true"
      },
      "RequestBody": null,
      "StatusCode": 409,
      "ResponseHeaders": {
        "Cache-Control": "no-cache",
        "Content-Length": "114",
        "Content-Type": "application/json; charset=utf-8",
        "Date": "Thu, 02 Mar 2023 15:03:57 GMT",
        "Expires": "-1",
        "Pragma": "no-cache",
        "Strict-Transport-Security": "max-age=31536000; includeSubDomains",
        "X-Content-Type-Options": "nosniff",
        "x-ms-correlation-request-id": "46be335f-e0d5-40a4-a6f2-2056a880a1ea",
        "x-ms-failure-cause": "gateway",
        "x-ms-request-id": "46be335f-e0d5-40a4-a6f2-2056a880a1ea",
        "x-ms-routing-request-id": "WESTEUROPE:20230302T150358Z:46be335f-e0d5-40a4-a6f2-2056a880a1ea"
      },
      "ResponseBody": {
        "error": {
          "code": "CannotDeleteResource",
          "message": "Can not delete resource before nested resources are deleted."
        }
      }
    },
    {
      "RequestUri": "https://management.azure.com/subscriptions/69a75bda-882e-44d5-8431-63421204132a/resourceGroups/testNetAppDotNetSDKRG-1468/providers/Microsoft.NetApp/netAppAccounts/account6460/capacityPools/pool-5868?api-version=2022-09-01",
      "RequestMethod": "GET",
      "RequestHeaders": {
        "Accept": "application/json",
        "Authorization": "Sanitized",
        "traceparent": "00-9863ddc1bf68e69005cb8213f2c11dd0-744cc7da3b9413e8-00",
        "User-Agent": "azsdk-net-ResourceManager.NetApp/1.1.0-alpha.20230302.1 (.NET 6.0.14; Microsoft Windows 10.0.22000)",
        "x-ms-client-request-id": "03b3d5a1177ed46263da41f4e317cdca",
        "x-ms-return-client-request-id": "true"
      },
      "RequestBody": null,
      "StatusCode": 200,
      "ResponseHeaders": {
        "Cache-Control": "no-cache",
        "Content-Length": "973",
        "Content-Type": "application/json; charset=utf-8",
        "Date": "Thu, 02 Mar 2023 15:03:58 GMT",
        "ETag": "W/\u0022datetime\u00272023-03-02T15%3A03%3A56.6100997Z\u0027\u0022",
        "Expires": "-1",
        "Pragma": "no-cache",
        "Server": "Microsoft-IIS/10.0",
        "Strict-Transport-Security": "max-age=31536000; includeSubDomains",
        "X-Content-Type-Options": "nosniff",
        "x-ms-correlation-request-id": "93cffff2-fa35-4f3a-ba14-a92f795c9750",
        "x-ms-ratelimit-remaining-subscription-reads": "11979",
        "x-ms-request-id": "71596b62-4cce-4e5a-aef4-a13e5e524811",
        "x-ms-routing-request-id": "WESTEUROPE:20230302T150358Z:93cffff2-fa35-4f3a-ba14-a92f795c9750",
        "X-Powered-By": "ASP.NET"
      },
      "ResponseBody": {
        "id": "/subscriptions/69a75bda-882e-44d5-8431-63421204132a/resourceGroups/testNetAppDotNetSDKRG-1468/providers/Microsoft.NetApp/netAppAccounts/account6460/capacityPools/pool-5868",
        "name": "account6460/pool-5868",
        "type": "Microsoft.NetApp/netAppAccounts/capacityPools",
        "etag": "W/\u0022datetime\u00272023-03-02T15%3A03%3A56.6100997Z\u0027\u0022",
        "location": "westus2",
        "tags": {
          "key1": "value1",
          "key2": "value2",
          "CreatedOnDate": "2023-03-02T15:03:54.6270013Z"
        },
        "properties": {
          "poolId": "1eb1c6f7-1eb4-5743-9dda-365fcb07c64d",
          "serviceLevel": "Premium",
          "size": 4398046511104,
          "qosType": "Auto",
          "totalThroughputMibps": 256.0,
          "utilizedThroughputMibps": 0.0,
          "encryptionType": "Single",
          "coolAccess": false,
          "provisioningState": "Succeeded"
        },
        "systemData": {
          "createdBy": "c6c4faba-2b22-44d9-80a4-71ff5b71f811",
          "createdByType": "Application",
          "createdAt": "2023-03-02T15:03:55.8461051Z",
          "lastModifiedBy": "c6c4faba-2b22-44d9-80a4-71ff5b71f811",
          "lastModifiedByType": "Application",
          "lastModifiedAt": "2023-03-02T15:03:55.8461051Z"
        }
      }
    },
    {
      "RequestUri": "https://management.azure.com/subscriptions/69a75bda-882e-44d5-8431-63421204132a/resourceGroups/testNetAppDotNetSDKRG-1468/providers/Microsoft.NetApp/netAppAccounts/account6460/capacityPools?api-version=2022-09-01",
      "RequestMethod": "GET",
      "RequestHeaders": {
        "Accept": "application/json",
        "Authorization": "Sanitized",
        "traceparent": "00-347937fee3d796b1d8688ad99c33dfad-f4337b701276a428-00",
        "User-Agent": "azsdk-net-ResourceManager.NetApp/1.1.0-alpha.20230302.1 (.NET 6.0.14; Microsoft Windows 10.0.22000)",
        "x-ms-client-request-id": "ca7f21af866a7641051feaf528ee88b0",
        "x-ms-return-client-request-id": "true"
      },
      "RequestBody": null,
      "StatusCode": 200,
      "ResponseHeaders": {
        "Cache-Control": "no-cache",
        "Content-Length": "985",
        "Content-Type": "application/json; charset=utf-8",
        "Date": "Thu, 02 Mar 2023 15:03:58 GMT",
        "Expires": "-1",
        "Pragma": "no-cache",
        "Server": "Microsoft-IIS/10.0",
        "Strict-Transport-Security": "max-age=31536000; includeSubDomains",
        "X-Content-Type-Options": "nosniff",
        "x-ms-correlation-request-id": "707eb18b-3a0c-44c0-b335-6eff8cf73a0f",
        "x-ms-ratelimit-remaining-subscription-reads": "11978",
        "x-ms-request-id": "d63275bf-011b-499f-a8c2-2adc84b46953",
        "x-ms-routing-request-id": "WESTEUROPE:20230302T150359Z:707eb18b-3a0c-44c0-b335-6eff8cf73a0f",
        "X-Powered-By": "ASP.NET"
      },
      "ResponseBody": {
        "value": [
          {
            "id": "/subscriptions/69a75bda-882e-44d5-8431-63421204132a/resourceGroups/testNetAppDotNetSDKRG-1468/providers/Microsoft.NetApp/netAppAccounts/account6460/capacityPools/pool-5868",
            "name": "account6460/pool-5868",
            "type": "Microsoft.NetApp/netAppAccounts/capacityPools",
            "etag": "W/\u0022datetime\u00272023-03-02T15%3A03%3A56.6100997Z\u0027\u0022",
            "location": "westus2",
            "tags": {
              "key1": "value1",
              "key2": "value2",
              "CreatedOnDate": "2023-03-02T15:03:54.6270013Z"
            },
            "properties": {
              "poolId": "1eb1c6f7-1eb4-5743-9dda-365fcb07c64d",
              "serviceLevel": "Premium",
              "size": 4398046511104,
              "qosType": "Auto",
              "totalThroughputMibps": 256.0,
              "utilizedThroughputMibps": 0.0,
              "encryptionType": "Single",
              "coolAccess": false,
              "provisioningState": "Succeeded"
            },
            "systemData": {
              "createdBy": "c6c4faba-2b22-44d9-80a4-71ff5b71f811",
              "createdByType": "Application",
              "createdAt": "2023-03-02T15:03:55.8461051Z",
              "lastModifiedBy": "c6c4faba-2b22-44d9-80a4-71ff5b71f811",
              "lastModifiedByType": "Application",
              "lastModifiedAt": "2023-03-02T15:03:55.8461051Z"
            }
          }
        ]
      }
    },
    {
      "RequestUri": "https://management.azure.com/subscriptions/69a75bda-882e-44d5-8431-63421204132a/resourceGroups/testNetAppDotNetSDKRG-1468/providers/Microsoft.NetApp/netAppAccounts/account6460/capacityPools/pool-5868?api-version=2022-09-01",
      "RequestMethod": "DELETE",
      "RequestHeaders": {
        "Authorization": "Sanitized",
        "traceparent": "00-6a695ae40f3c46f45e6ffc0c40604bf2-ed27329488e47cdd-00",
        "User-Agent": "azsdk-net-ResourceManager.NetApp/1.1.0-alpha.20230302.1 (.NET 6.0.14; Microsoft Windows 10.0.22000)",
        "x-ms-client-request-id": "8927a37900be8ad66b108e001113b841",
        "x-ms-return-client-request-id": "true"
      },
      "RequestBody": null,
      "StatusCode": 202,
      "ResponseHeaders": {
        "Azure-AsyncOperation": "https://management.azure.com/subscriptions/69a75bda-882e-44d5-8431-63421204132a/providers/Microsoft.NetApp/locations/westus2/operationResults/09bd395b-47f0-4cc7-a79b-7f7450ecfd34?api-version=2022-09-01",
        "Cache-Control": "no-cache",
        "Content-Length": "0",
        "Date": "Thu, 02 Mar 2023 15:03:59 GMT",
        "Expires": "-1",
        "Location": "https://management.azure.com/subscriptions/69a75bda-882e-44d5-8431-63421204132a/providers/Microsoft.NetApp/locations/westus2/operationResults/09bd395b-47f0-4cc7-a79b-7f7450ecfd34?api-version=2022-09-01\u0026operationResultResponseType=Location",
        "Pragma": "no-cache",
        "Server": "Microsoft-IIS/10.0",
        "Strict-Transport-Security": "max-age=31536000; includeSubDomains",
        "X-Content-Type-Options": "nosniff",
        "x-ms-correlation-request-id": "79a406e9-5c1c-4b20-bafa-94b584557221",
        "x-ms-ratelimit-remaining-subscription-deletes": "14996",
        "x-ms-request-id": "79a406e9-5c1c-4b20-bafa-94b584557221",
        "x-ms-routing-request-id": "WESTEUROPE:20230302T150400Z:79a406e9-5c1c-4b20-bafa-94b584557221",
        "X-Powered-By": "ASP.NET"
      },
      "ResponseBody": null
    },
    {
      "RequestUri": "https://management.azure.com/subscriptions/69a75bda-882e-44d5-8431-63421204132a/providers/Microsoft.NetApp/locations/westus2/operationResults/09bd395b-47f0-4cc7-a79b-7f7450ecfd34?api-version=2022-09-01",
      "RequestMethod": "GET",
      "RequestHeaders": {
        "Authorization": "Sanitized",
        "traceparent": "00-6a695ae40f3c46f45e6ffc0c40604bf2-d462efa52a3c513f-00",
        "User-Agent": "azsdk-net-ResourceManager/1.4.0 (.NET 6.0.14; Microsoft Windows 10.0.22000)",
        "x-ms-client-request-id": "3f7a915144f0ae0b4bf45f5af84165f2",
        "x-ms-return-client-request-id": "true"
      },
      "RequestBody": null,
      "StatusCode": 200,
      "ResponseHeaders": {
        "Cache-Control": "no-cache",
        "Content-Length": "556",
        "Content-Type": "application/json; charset=utf-8",
        "Date": "Thu, 02 Mar 2023 15:03:59 GMT",
        "Expires": "-1",
        "Pragma": "no-cache",
        "Server": "Microsoft-IIS/10.0",
        "Strict-Transport-Security": "max-age=31536000; includeSubDomains",
        "X-Content-Type-Options": "nosniff",
        "x-ms-correlation-request-id": "13508137-6dd4-460d-b956-d0eb3b3ece82",
        "x-ms-ratelimit-remaining-subscription-reads": "11977",
        "x-ms-request-id": "a9c56f8a-2bc8-439f-89e9-c764aaadd81f",
        "x-ms-routing-request-id": "WESTEUROPE:20230302T150400Z:13508137-6dd4-460d-b956-d0eb3b3ece82",
        "X-Powered-By": "ASP.NET"
      },
      "ResponseBody": {
        "id": "/subscriptions/69a75bda-882e-44d5-8431-63421204132a/providers/Microsoft.NetApp/locations/westus2/operationResults/09bd395b-47f0-4cc7-a79b-7f7450ecfd34",
        "name": "09bd395b-47f0-4cc7-a79b-7f7450ecfd34",
        "status": "Succeeded",
        "startTime": "2023-03-02T15:03:59.8771191Z",
        "endTime": "2023-03-02T15:03:59.9965333Z",
        "percentComplete": 100.0,
        "properties": {
          "resourceName": "/subscriptions/69a75bda-882e-44d5-8431-63421204132a/resourceGroups/testNetAppDotNetSDKRG-1468/providers/Microsoft.NetApp/netAppAccounts/account6460/capacityPools/pool-5868",
          "action": "DELETE"
        }
      }
    },
    {
      "RequestUri": "https://management.azure.com/subscriptions/69a75bda-882e-44d5-8431-63421204132a/resourceGroups/testNetAppDotNetSDKRG-1468/providers/Microsoft.NetApp/netAppAccounts/account6460?api-version=2022-09-01",
      "RequestMethod": "DELETE",
      "RequestHeaders": {
        "Authorization": "Sanitized",
        "traceparent": "00-7a6f0a043565de064b80bdf0ed60e1b3-3532399c7d8f9f44-00",
        "User-Agent": "azsdk-net-ResourceManager.NetApp/1.1.0-alpha.20230302.1 (.NET 6.0.14; Microsoft Windows 10.0.22000)",
        "x-ms-client-request-id": "6762a867322d693f3d0df58103785dff",
        "x-ms-return-client-request-id": "true"
      },
      "RequestBody": null,
      "StatusCode": 202,
      "ResponseHeaders": {
        "Azure-AsyncOperation": "https://management.azure.com/subscriptions/69a75bda-882e-44d5-8431-63421204132a/providers/Microsoft.NetApp/locations/westus2/operationResults/be18e737-ab52-4318-9cf7-c062aadfbbd0?api-version=2022-09-01",
        "Cache-Control": "no-cache",
        "Content-Length": "0",
        "Date": "Thu, 02 Mar 2023 15:04:40 GMT",
        "Expires": "-1",
        "Location": "https://management.azure.com/subscriptions/69a75bda-882e-44d5-8431-63421204132a/providers/Microsoft.NetApp/locations/westus2/operationResults/be18e737-ab52-4318-9cf7-c062aadfbbd0?api-version=2022-09-01\u0026operationResultResponseType=Location",
        "Pragma": "no-cache",
        "Server": "Microsoft-IIS/10.0",
        "Strict-Transport-Security": "max-age=31536000; includeSubDomains",
        "X-Content-Type-Options": "nosniff",
        "x-ms-correlation-request-id": "ee064b3c-84c2-4ac9-a37e-a64447eaa86e",
        "x-ms-ratelimit-remaining-subscription-deletes": "14995",
        "x-ms-request-id": "ee064b3c-84c2-4ac9-a37e-a64447eaa86e",
        "x-ms-routing-request-id": "WESTEUROPE:20230302T150441Z:ee064b3c-84c2-4ac9-a37e-a64447eaa86e",
        "X-Powered-By": "ASP.NET"
      },
      "ResponseBody": null
    },
    {
      "RequestUri": "https://management.azure.com/subscriptions/69a75bda-882e-44d5-8431-63421204132a/providers/Microsoft.NetApp/locations/westus2/operationResults/be18e737-ab52-4318-9cf7-c062aadfbbd0?api-version=2022-09-01",
      "RequestMethod": "GET",
      "RequestHeaders": {
        "Authorization": "Sanitized",
        "traceparent": "00-7a6f0a043565de064b80bdf0ed60e1b3-b485f3797d08a624-00",
        "User-Agent": "azsdk-net-ResourceManager/1.4.0 (.NET 6.0.14; Microsoft Windows 10.0.22000)",
        "x-ms-client-request-id": "85f60ad7440a1e47511002e24f8aabd2",
        "x-ms-return-client-request-id": "true"
      },
      "RequestBody": null,
      "StatusCode": 200,
      "ResponseHeaders": {
        "Cache-Control": "no-cache",
        "Content-Length": "532",
        "Content-Type": "application/json; charset=utf-8",
        "Date": "Thu, 02 Mar 2023 15:04:40 GMT",
        "Expires": "-1",
        "Pragma": "no-cache",
        "Server": "Microsoft-IIS/10.0",
        "Strict-Transport-Security": "max-age=31536000; includeSubDomains",
        "X-Content-Type-Options": "nosniff",
        "x-ms-correlation-request-id": "edec750b-b946-4d02-9a69-a0f3bc76511e",
        "x-ms-ratelimit-remaining-subscription-reads": "11976",
        "x-ms-request-id": "039d1478-4a42-45a2-a306-d18374d071e1",
        "x-ms-routing-request-id": "WESTEUROPE:20230302T150441Z:edec750b-b946-4d02-9a69-a0f3bc76511e",
        "X-Powered-By": "ASP.NET"
      },
      "ResponseBody": {
        "id": "/subscriptions/69a75bda-882e-44d5-8431-63421204132a/providers/Microsoft.NetApp/locations/westus2/operationResults/be18e737-ab52-4318-9cf7-c062aadfbbd0",
        "name": "be18e737-ab52-4318-9cf7-c062aadfbbd0",
        "status": "Succeeded",
        "startTime": "2023-03-02T15:04:40.8397598Z",
        "endTime": "2023-03-02T15:04:40.8896602Z",
        "percentComplete": 100.0,
        "properties": {
          "resourceName": "/subscriptions/69a75bda-882e-44d5-8431-63421204132a/resourceGroups/testNetAppDotNetSDKRG-1468/providers/Microsoft.NetApp/netAppAccounts/account6460",
          "action": "DELETE"
        }
      }
    }
  ],
  "Variables": {
    "AZURE_AUTHORITY_HOST": "https://login.microsoftonline.com",
    "RandomSeed": "927097591",
    "RESOURCE_MANAGER_URL": null,
    "SUBSCRIPTION_ID": "69a75bda-882e-44d5-8431-63421204132a"
  }
}
