{
  "Entries": [
    {
      "RequestUri": "https://management.azure.com/subscriptions/69a75bda-882e-44d5-8431-63421204132a?api-version=2021-01-01",
      "RequestMethod": "GET",
      "RequestHeaders": {
        "Accept": "application/json",
        "Authorization": "Sanitized",
        "traceparent": "00-639ea1563ab4449a5f3221bbcff81402-72ec9bc2f10b706a-00",
        "User-Agent": "azsdk-net-ResourceManager/1.4.0 (.NET 6.0.14; Microsoft Windows 10.0.22000)",
        "x-ms-client-request-id": "acf79b2afd391bb92ecb792c2bfab97d",
        "x-ms-return-client-request-id": "true"
      },
      "RequestBody": null,
      "StatusCode": 200,
      "ResponseHeaders": {
        "Cache-Control": "no-cache",
        "Content-Length": "422",
        "Content-Type": "application/json; charset=utf-8",
        "Date": "Thu, 02 Mar 2023 15:10:06 GMT",
        "Expires": "-1",
        "Pragma": "no-cache",
        "Strict-Transport-Security": "max-age=31536000; includeSubDomains",
        "X-Content-Type-Options": "nosniff",
        "x-ms-correlation-request-id": "8558c081-662d-488c-8d96-ee2c3314377d",
        "x-ms-ratelimit-remaining-subscription-reads": "11923",
        "x-ms-request-id": "8558c081-662d-488c-8d96-ee2c3314377d",
        "x-ms-routing-request-id": "WESTEUROPE:20230302T151006Z:8558c081-662d-488c-8d96-ee2c3314377d"
      },
      "ResponseBody": {
        "id": "/subscriptions/69a75bda-882e-44d5-8431-63421204132a",
        "authorizationSource": "RoleBased",
        "managedByTenants": [],
        "tags": {
          "SkipNRMSNSG": "true"
        },
        "subscriptionId": "69a75bda-882e-44d5-8431-63421204132a",
        "tenantId": "72f988bf-86f1-41af-91ab-2d7cd011db47",
        "displayName": "QATest02-SVL",
        "state": "Enabled",
        "subscriptionPolicies": {
          "locationPlacementId": "Internal_2014-09-01",
          "quotaId": "Internal_2014-09-01",
          "spendingLimit": "Off"
        }
      }
    },
    {
      "RequestUri": "https://management.azure.com/subscriptions/69a75bda-882e-44d5-8431-63421204132a/resourcegroups/testNetAppDotNetSDKRG-3810?api-version=**",
      "RequestMethod": "PUT",
      "RequestHeaders": {
        "Accept": "application/json",
        "Authorization": "Sanitized",
        "Content-Length": "63",
        "Content-Type": "application/json",
        "traceparent": "00-694bb67d2fea2ef8ed59eaf98c695da2-b8a4da7c18a13d69-00",
        "User-Agent": "azsdk-net-ResourceManager/1.4.0 (.NET 6.0.14; Microsoft Windows 10.0.22000)",
        "x-ms-client-request-id": "399aaf09b43af8e74ae24833b8bdee6a",
        "x-ms-return-client-request-id": "true"
      },
      "RequestBody": {
        "tags": {
          "test": "env",
          "Owner": "b-aubald"
        },
        "location": "westus2"
      },
      "StatusCode": 201,
      "ResponseHeaders": {
        "Cache-Control": "no-cache",
        "Content-Length": "359",
        "Content-Type": "application/json; charset=utf-8",
        "Date": "Thu, 02 Mar 2023 15:10:06 GMT",
        "Expires": "-1",
        "Pragma": "no-cache",
        "Strict-Transport-Security": "max-age=31536000; includeSubDomains",
        "X-Content-Type-Options": "nosniff",
        "x-ms-correlation-request-id": "1e0458ea-d866-477f-9b9b-c67cd7953a13",
        "x-ms-ratelimit-remaining-subscription-writes": "1176",
        "x-ms-request-id": "1e0458ea-d866-477f-9b9b-c67cd7953a13",
        "x-ms-routing-request-id": "WESTEUROPE:20230302T151007Z:1e0458ea-d866-477f-9b9b-c67cd7953a13"
      },
      "ResponseBody": {
        "id": "/subscriptions/69a75bda-882e-44d5-8431-63421204132a/resourceGroups/testNetAppDotNetSDKRG-3810",
        "name": "testNetAppDotNetSDKRG-3810",
        "type": "Microsoft.Resources/resourceGroups",
        "location": "westus2",
        "tags": {
          "test": "env",
          "Owner": "b-aubald",
          "CreatedOnDate": "2023-03-02T15:10:06.7232727Z",
          "SkipNRMSNSG": "true"
        },
        "properties": {
          "provisioningState": "Succeeded"
        }
      }
    },
    {
      "RequestUri": "https://management.azure.com/subscriptions/69a75bda-882e-44d5-8431-63421204132a/providers/Microsoft.NetApp/locations/westus2/checkNameAvailability?api-version=2022-09-01",
      "RequestMethod": "POST",
      "RequestHeaders": {
        "Accept": "application/json",
        "Authorization": "Sanitized",
        "Content-Length": "108",
        "Content-Type": "application/json",
        "traceparent": "00-ff35fd208e750881a7609ada12b4cc43-37a5392f714f3d28-00",
        "User-Agent": "azsdk-net-ResourceManager.NetApp/1.1.0-alpha.20230302.1 (.NET 6.0.14; Microsoft Windows 10.0.22000)",
        "x-ms-client-request-id": "2ca5741943c5c7e68528de678c33fd42",
        "x-ms-return-client-request-id": "true"
      },
      "RequestBody": {
        "name": "account4576",
        "type": "Microsoft.NetApp/netAppAccounts",
        "resourceGroup": "testNetAppDotNetSDKRG-3810"
      },
      "StatusCode": 200,
      "ResponseHeaders": {
        "Cache-Control": "no-cache",
        "Content-Length": "20",
        "Content-Type": "application/json; charset=utf-8",
        "Date": "Thu, 02 Mar 2023 15:10:07 GMT",
        "Expires": "-1",
        "Pragma": "no-cache",
        "Server": "Microsoft-IIS/10.0",
        "Strict-Transport-Security": "max-age=31536000; includeSubDomains",
        "X-Content-Type-Options": "nosniff",
        "x-ms-correlation-request-id": "b5b6cf6a-dc6d-4ae8-a09f-1ef75b7fe3bc",
        "x-ms-ratelimit-remaining-subscription-writes": "1192",
        "x-ms-request-id": "a021b38a-0fd3-4216-b352-d003326c4818",
        "x-ms-routing-request-id": "WESTEUROPE:20230302T151007Z:b5b6cf6a-dc6d-4ae8-a09f-1ef75b7fe3bc",
        "X-Powered-By": "ASP.NET"
      },
      "ResponseBody": {
        "isAvailable": true
      }
    },
    {
      "RequestUri": "https://management.azure.com/subscriptions/69a75bda-882e-44d5-8431-63421204132a/resourceGroups/testNetAppDotNetSDKRG-3810/providers/Microsoft.NetApp/netAppAccounts/account4576?api-version=2022-09-01",
      "RequestMethod": "PUT",
      "RequestHeaders": {
        "Accept": "application/json",
        "Authorization": "Sanitized",
        "Content-Length": "79",
        "Content-Type": "application/json",
        "traceparent": "00-4d8714bbd0e668aeafd1e4404bd50a8f-caeddc90f42b83aa-00",
        "User-Agent": "azsdk-net-ResourceManager.NetApp/1.1.0-alpha.20230302.1 (.NET 6.0.14; Microsoft Windows 10.0.22000)",
        "x-ms-client-request-id": "c90e58fdefdf10e7b4ee1b70e7750e8a",
        "x-ms-return-client-request-id": "true"
      },
      "RequestBody": {
        "tags": {
          "key1": "value1",
          "key2": "value2"
        },
        "location": "westus2",
        "properties": {}
      },
      "StatusCode": 201,
      "ResponseHeaders": {
        "Azure-AsyncOperation": "https://management.azure.com/subscriptions/69a75bda-882e-44d5-8431-63421204132a/providers/Microsoft.NetApp/locations/westus2/operationResults/9ab217f1-6a40-42a1-a1ff-fae9b7183f55?api-version=2022-09-01",
        "Cache-Control": "no-cache",
        "Content-Length": "1131",
        "Content-Type": "application/json; charset=utf-8",
        "Date": "Thu, 02 Mar 2023 15:10:11 GMT",
        "ETag": "W/\u0022datetime\u00272023-03-02T15%3A10%3A09.3618696Z\u0027\u0022",
        "Expires": "-1",
        "Pragma": "no-cache",
        "Server": "Microsoft-IIS/10.0",
        "Strict-Transport-Security": "max-age=31536000; includeSubDomains",
        "X-Content-Type-Options": "nosniff",
        "x-ms-correlation-request-id": "e5577cd5-65fe-442b-8c7e-baf3c20e8f08",
        "x-ms-ratelimit-remaining-subscription-writes": "1175",
        "x-ms-request-id": "1d1e6f69-1a5f-4267-a934-9c1c894d36c0",
        "x-ms-routing-request-id": "WESTEUROPE:20230302T151011Z:e5577cd5-65fe-442b-8c7e-baf3c20e8f08",
        "X-Powered-By": "ASP.NET"
      },
      "ResponseBody": {
        "id": "/subscriptions/69a75bda-882e-44d5-8431-63421204132a/resourceGroups/testNetAppDotNetSDKRG-3810/providers/Microsoft.NetApp/netAppAccounts/account4576",
        "name": "account4576",
        "type": "Microsoft.NetApp/netAppAccounts",
        "etag": "W/\u0022datetime\u00272023-03-02T15%3A10%3A09.3618696Z\u0027\u0022",
        "location": "westus2",
        "tags": {
          "key1": "value1",
          "key2": "value2",
          "CreatedOnDate": "2023-03-02T15:10:07.5390969Z"
        },
        "properties": {
          "activeDirectories": [
            {
              "activeDirectoryId": "09ef3da0-c3dd-8e10-a69c-04a84d8ebc85",
              "username": "sdkuser",
              "password": "****************",
              "domain": "sdkdomain",
              "dns": "192.0.2.2",
              "status": "Created",
              "smbServerName": "PSSMBSName",
              "organizationalUnit": "CN=Computers",
              "adName": "ps1792",
              "aesEncryption": false,
              "ldapSigning": false,
              "ldapOverTLS": false,
              "allowLocalNfsUsersWithLdap": false,
              "encryptDCConnections": false,
              "ldapSearchScope": {}
            }
          ],
          "provisioningState": "Creating"
        },
        "systemData": {
          "createdBy": "c6c4faba-2b22-44d9-80a4-71ff5b71f811",
          "createdByType": "Application",
          "createdAt": "2023-03-02T15:10:09.0358804Z",
          "lastModifiedBy": "c6c4faba-2b22-44d9-80a4-71ff5b71f811",
          "lastModifiedByType": "Application",
          "lastModifiedAt": "2023-03-02T15:10:09.0358804Z"
        }
      }
    },
    {
      "RequestUri": "https://management.azure.com/subscriptions/69a75bda-882e-44d5-8431-63421204132a/providers/Microsoft.NetApp/locations/westus2/operationResults/9ab217f1-6a40-42a1-a1ff-fae9b7183f55?api-version=2022-09-01",
      "RequestMethod": "GET",
      "RequestHeaders": {
        "Authorization": "Sanitized",
        "traceparent": "00-4d8714bbd0e668aeafd1e4404bd50a8f-20844f7fd1b58eab-00",
        "User-Agent": "azsdk-net-ResourceManager/1.4.0 (.NET 6.0.14; Microsoft Windows 10.0.22000)",
        "x-ms-client-request-id": "65bbf04ba1df29f08c9478d72876df10",
        "x-ms-return-client-request-id": "true"
      },
      "RequestBody": null,
      "StatusCode": 200,
      "ResponseHeaders": {
        "Cache-Control": "no-cache",
        "Content-Length": "532",
        "Content-Type": "application/json; charset=utf-8",
        "Date": "Thu, 02 Mar 2023 15:10:11 GMT",
        "Expires": "-1",
        "Pragma": "no-cache",
        "Server": "Microsoft-IIS/10.0",
        "Strict-Transport-Security": "max-age=31536000; includeSubDomains",
        "X-Content-Type-Options": "nosniff",
        "x-ms-correlation-request-id": "692f10c0-ca45-485c-bbae-758de3435b9f",
        "x-ms-ratelimit-remaining-subscription-reads": "11922",
        "x-ms-request-id": "33e30a8e-c915-4894-86d7-f333414a817b",
        "x-ms-routing-request-id": "WESTEUROPE:20230302T151011Z:692f10c0-ca45-485c-bbae-758de3435b9f",
        "X-Powered-By": "ASP.NET"
      },
      "ResponseBody": {
        "id": "/subscriptions/69a75bda-882e-44d5-8431-63421204132a/providers/Microsoft.NetApp/locations/westus2/operationResults/9ab217f1-6a40-42a1-a1ff-fae9b7183f55",
        "name": "9ab217f1-6a40-42a1-a1ff-fae9b7183f55",
        "status": "Succeeded",
        "startTime": "2023-03-02T15:10:09.5454359Z",
        "endTime": "2023-03-02T15:10:09.8175916Z",
        "percentComplete": 100.0,
        "properties": {
          "resourceName": "/subscriptions/69a75bda-882e-44d5-8431-63421204132a/resourceGroups/testNetAppDotNetSDKRG-3810/providers/Microsoft.NetApp/netAppAccounts/account4576",
          "action": "CREATE"
        }
      }
    },
    {
      "RequestUri": "https://management.azure.com/subscriptions/69a75bda-882e-44d5-8431-63421204132a/resourceGroups/testNetAppDotNetSDKRG-3810/providers/Microsoft.NetApp/netAppAccounts/account4576?api-version=2022-09-01",
      "RequestMethod": "GET",
      "RequestHeaders": {
        "Authorization": "Sanitized",
        "traceparent": "00-4d8714bbd0e668aeafd1e4404bd50a8f-c751ed54d986b0a0-00",
        "User-Agent": "azsdk-net-ResourceManager/1.4.0 (.NET 6.0.14; Microsoft Windows 10.0.22000)",
        "x-ms-client-request-id": "31a5541ab8510b6a14a2156d3a5b0722",
        "x-ms-return-client-request-id": "true"
      },
      "RequestBody": null,
      "StatusCode": 200,
      "ResponseHeaders": {
        "Cache-Control": "no-cache",
        "Content-Length": "1177",
        "Content-Type": "application/json; charset=utf-8",
        "Date": "Thu, 02 Mar 2023 15:10:11 GMT",
        "ETag": "W/\u0022datetime\u00272023-03-02T15%3A10%3A09.793276Z\u0027\u0022",
        "Expires": "-1",
        "Pragma": "no-cache",
        "Server": "Microsoft-IIS/10.0",
        "Strict-Transport-Security": "max-age=31536000; includeSubDomains",
        "X-Content-Type-Options": "nosniff",
        "x-ms-correlation-request-id": "6f0d21f6-31c4-44e8-b9b7-280e4b9d46bc",
        "x-ms-ratelimit-remaining-subscription-reads": "11921",
        "x-ms-request-id": "96fd4279-db48-425b-a9f3-4f83f3d7435f",
        "x-ms-routing-request-id": "WESTEUROPE:20230302T151012Z:6f0d21f6-31c4-44e8-b9b7-280e4b9d46bc",
        "X-Powered-By": "ASP.NET"
      },
      "ResponseBody": {
        "id": "/subscriptions/69a75bda-882e-44d5-8431-63421204132a/resourceGroups/testNetAppDotNetSDKRG-3810/providers/Microsoft.NetApp/netAppAccounts/account4576",
        "name": "account4576",
        "type": "Microsoft.NetApp/netAppAccounts",
        "etag": "W/\u0022datetime\u00272023-03-02T15%3A10%3A09.793276Z\u0027\u0022",
        "location": "westus2",
        "tags": {
          "key1": "value1",
          "key2": "value2",
          "CreatedOnDate": "2023-03-02T15:10:07.5390969Z"
        },
        "properties": {
          "activeDirectories": [
            {
              "activeDirectoryId": "09ef3da0-c3dd-8e10-a69c-04a84d8ebc85",
              "username": "sdkuser",
              "password": "****************",
              "domain": "sdkdomain",
              "dns": "192.0.2.2",
              "status": "Created",
              "smbServerName": "PSSMBSName",
              "organizationalUnit": "CN=Computers",
              "adName": "ps1792",
              "aesEncryption": false,
              "ldapSigning": false,
              "ldapOverTLS": false,
              "allowLocalNfsUsersWithLdap": false,
              "encryptDCConnections": false,
              "ldapSearchScope": {}
            }
          ],
          "encryption": {
            "keySource": "Microsoft.NetApp"
          },
          "provisioningState": "Succeeded"
        },
        "systemData": {
          "createdBy": "c6c4faba-2b22-44d9-80a4-71ff5b71f811",
          "createdByType": "Application",
          "createdAt": "2023-03-02T15:10:09.0358804Z",
          "lastModifiedBy": "c6c4faba-2b22-44d9-80a4-71ff5b71f811",
          "lastModifiedByType": "Application",
          "lastModifiedAt": "2023-03-02T15:10:09.0358804Z"
        }
      }
    },
    {
      "RequestUri": "https://management.azure.com/subscriptions/69a75bda-882e-44d5-8431-63421204132a/resourceGroups/testNetAppDotNetSDKRG-3810/providers/Microsoft.NetApp/netAppAccounts/account4576/capacityPools/pool-9834?api-version=2022-09-01",
      "RequestMethod": "PUT",
      "RequestHeaders": {
        "Accept": "application/json",
        "Authorization": "Sanitized",
        "Content-Length": "124",
        "Content-Type": "application/json",
        "traceparent": "00-7a4b4a148de6efe402b3cd61d0453c20-4849c7916af78ff4-00",
        "User-Agent": "azsdk-net-ResourceManager.NetApp/1.1.0-alpha.20230302.1 (.NET 6.0.14; Microsoft Windows 10.0.22000)",
        "x-ms-client-request-id": "b9f7256caaa9691fb8b843796c433d93",
        "x-ms-return-client-request-id": "true"
      },
      "RequestBody": {
        "tags": {
          "key1": "value1",
          "key2": "value2"
        },
        "location": "westus2",
        "properties": {
          "size": 4398046511104,
          "serviceLevel": "Premium"
        }
      },
      "StatusCode": 201,
      "ResponseHeaders": {
        "Azure-AsyncOperation": "https://management.azure.com/subscriptions/69a75bda-882e-44d5-8431-63421204132a/providers/Microsoft.NetApp/locations/westus2/operationResults/cf80375b-6edf-42b4-b004-6d49c4a69f2a?api-version=2022-09-01",
        "Cache-Control": "no-cache",
        "Content-Length": "860",
        "Content-Type": "application/json; charset=utf-8",
        "Date": "Thu, 02 Mar 2023 15:10:14 GMT",
        "ETag": "W/\u0022datetime\u00272023-03-02T15%3A10%3A13.4924984Z\u0027\u0022",
        "Expires": "-1",
        "Pragma": "no-cache",
        "Server": "Microsoft-IIS/10.0",
        "Strict-Transport-Security": "max-age=31536000; includeSubDomains",
        "X-Content-Type-Options": "nosniff",
        "x-ms-correlation-request-id": "454ffa06-5099-4b48-8b92-b6a1b62031cb",
        "x-ms-ratelimit-remaining-subscription-writes": "1174",
        "x-ms-request-id": "4dcfc778-d05e-428e-8931-cb1454073c47",
        "x-ms-routing-request-id": "WESTEUROPE:20230302T151014Z:454ffa06-5099-4b48-8b92-b6a1b62031cb",
        "X-Powered-By": "ASP.NET"
      },
      "ResponseBody": {
        "id": "/subscriptions/69a75bda-882e-44d5-8431-63421204132a/resourceGroups/testNetAppDotNetSDKRG-3810/providers/Microsoft.NetApp/netAppAccounts/account4576/capacityPools/pool-9834",
        "name": "account4576/pool-9834",
        "type": "Microsoft.NetApp/netAppAccounts/capacityPools",
        "etag": "W/\u0022datetime\u00272023-03-02T15%3A10%3A13.4924984Z\u0027\u0022",
        "location": "westus2",
        "tags": {
          "key1": "value1",
          "key2": "value2",
          "CreatedOnDate": "2023-03-02T15:10:12.2287086Z"
        },
        "properties": {
          "serviceLevel": "Premium",
          "size": 4398046511104,
          "totalThroughputMibps": 0.0,
          "utilizedThroughputMibps": 0.0,
          "provisioningState": "Creating"
        },
        "systemData": {
          "createdBy": "c6c4faba-2b22-44d9-80a4-71ff5b71f811",
          "createdByType": "Application",
          "createdAt": "2023-03-02T15:10:13.2859571Z",
          "lastModifiedBy": "c6c4faba-2b22-44d9-80a4-71ff5b71f811",
          "lastModifiedByType": "Application",
          "lastModifiedAt": "2023-03-02T15:10:13.2859571Z"
        }
      }
    },
    {
      "RequestUri": "https://management.azure.com/subscriptions/69a75bda-882e-44d5-8431-63421204132a/providers/Microsoft.NetApp/locations/westus2/operationResults/cf80375b-6edf-42b4-b004-6d49c4a69f2a?api-version=2022-09-01",
      "RequestMethod": "GET",
      "RequestHeaders": {
        "Authorization": "Sanitized",
        "traceparent": "00-7a4b4a148de6efe402b3cd61d0453c20-c933ab105c66a144-00",
        "User-Agent": "azsdk-net-ResourceManager/1.4.0 (.NET 6.0.14; Microsoft Windows 10.0.22000)",
        "x-ms-client-request-id": "51bba75556e8a97085c899ff2691a75e",
        "x-ms-return-client-request-id": "true"
      },
      "RequestBody": null,
      "StatusCode": 200,
      "ResponseHeaders": {
        "Cache-Control": "no-cache",
        "Content-Length": "556",
        "Content-Type": "application/json; charset=utf-8",
        "Date": "Thu, 02 Mar 2023 15:10:14 GMT",
        "Expires": "-1",
        "Pragma": "no-cache",
        "Server": "Microsoft-IIS/10.0",
        "Strict-Transport-Security": "max-age=31536000; includeSubDomains",
        "X-Content-Type-Options": "nosniff",
        "x-ms-correlation-request-id": "1e701e9d-6240-4b53-b99f-0055b234334a",
        "x-ms-ratelimit-remaining-subscription-reads": "11920",
        "x-ms-request-id": "bd95b79d-8a86-40d0-bc82-29a565a4f5da",
        "x-ms-routing-request-id": "WESTEUROPE:20230302T151014Z:1e701e9d-6240-4b53-b99f-0055b234334a",
        "X-Powered-By": "ASP.NET"
      },
      "ResponseBody": {
        "id": "/subscriptions/69a75bda-882e-44d5-8431-63421204132a/providers/Microsoft.NetApp/locations/westus2/operationResults/cf80375b-6edf-42b4-b004-6d49c4a69f2a",
        "name": "cf80375b-6edf-42b4-b004-6d49c4a69f2a",
        "status": "Succeeded",
        "startTime": "2023-03-02T15:10:13.4975052Z",
        "endTime": "2023-03-02T15:10:13.8983348Z",
        "percentComplete": 100.0,
        "properties": {
          "resourceName": "/subscriptions/69a75bda-882e-44d5-8431-63421204132a/resourceGroups/testNetAppDotNetSDKRG-3810/providers/Microsoft.NetApp/netAppAccounts/account4576/capacityPools/pool-9834",
          "action": "CREATE"
        }
      }
    },
    {
      "RequestUri": "https://management.azure.com/subscriptions/69a75bda-882e-44d5-8431-63421204132a/resourceGroups/testNetAppDotNetSDKRG-3810/providers/Microsoft.NetApp/netAppAccounts/account4576/capacityPools/pool-9834?api-version=2022-09-01",
      "RequestMethod": "GET",
      "RequestHeaders": {
        "Authorization": "Sanitized",
        "traceparent": "00-7a4b4a148de6efe402b3cd61d0453c20-c0c7abd64e16dfff-00",
        "User-Agent": "azsdk-net-ResourceManager/1.4.0 (.NET 6.0.14; Microsoft Windows 10.0.22000)",
        "x-ms-client-request-id": "e995dad837520fa3917008586d94e6c9",
        "x-ms-return-client-request-id": "true"
      },
      "RequestBody": null,
      "StatusCode": 200,
      "ResponseHeaders": {
        "Cache-Control": "no-cache",
        "Content-Length": "973",
        "Content-Type": "application/json; charset=utf-8",
        "Date": "Thu, 02 Mar 2023 15:10:14 GMT",
        "ETag": "W/\u0022datetime\u00272023-03-02T15%3A10%3A13.9028355Z\u0027\u0022",
        "Expires": "-1",
        "Pragma": "no-cache",
        "Server": "Microsoft-IIS/10.0",
        "Strict-Transport-Security": "max-age=31536000; includeSubDomains",
        "X-Content-Type-Options": "nosniff",
        "x-ms-correlation-request-id": "3c287692-0b91-4dae-9238-d54e1d5ddc0d",
        "x-ms-ratelimit-remaining-subscription-reads": "11919",
        "x-ms-request-id": "4c5e93c5-f1e3-425e-89b9-61afc1add2c4",
        "x-ms-routing-request-id": "WESTEUROPE:20230302T151015Z:3c287692-0b91-4dae-9238-d54e1d5ddc0d",
        "X-Powered-By": "ASP.NET"
      },
      "ResponseBody": {
        "id": "/subscriptions/69a75bda-882e-44d5-8431-63421204132a/resourceGroups/testNetAppDotNetSDKRG-3810/providers/Microsoft.NetApp/netAppAccounts/account4576/capacityPools/pool-9834",
        "name": "account4576/pool-9834",
        "type": "Microsoft.NetApp/netAppAccounts/capacityPools",
        "etag": "W/\u0022datetime\u00272023-03-02T15%3A10%3A13.9028355Z\u0027\u0022",
        "location": "westus2",
        "tags": {
          "key1": "value1",
          "key2": "value2",
          "CreatedOnDate": "2023-03-02T15:10:12.2287086Z"
        },
        "properties": {
          "poolId": "539ae2cc-6d5c-b669-130e-a85b18ad160c",
          "serviceLevel": "Premium",
          "size": 4398046511104,
          "qosType": "Auto",
          "totalThroughputMibps": 256.0,
          "utilizedThroughputMibps": 0.0,
          "encryptionType": "Single",
          "coolAccess": false,
          "provisioningState": "Succeeded"
        },
        "systemData": {
          "createdBy": "c6c4faba-2b22-44d9-80a4-71ff5b71f811",
          "createdByType": "Application",
          "createdAt": "2023-03-02T15:10:13.2859571Z",
          "lastModifiedBy": "c6c4faba-2b22-44d9-80a4-71ff5b71f811",
          "lastModifiedByType": "Application",
          "lastModifiedAt": "2023-03-02T15:10:13.2859571Z"
        }
      }
    },
    {
      "RequestUri": "https://management.azure.com/subscriptions/69a75bda-882e-44d5-8431-63421204132a/resourceGroups/testNetAppDotNetSDKRG-3810/providers/Microsoft.NetApp/netAppAccounts/account4576/capacityPools/pool-9834?api-version=2022-09-01",
      "RequestMethod": "PUT",
      "RequestHeaders": {
        "Accept": "application/json",
        "Authorization": "Sanitized",
        "Content-Length": "249",
        "Content-Type": "application/json",
        "traceparent": "00-ce639d06ced00a7d821e5ac004deba8b-cb9e23174acc946f-00",
        "User-Agent": "azsdk-net-ResourceManager.NetApp/1.1.0-alpha.20230302.1 (.NET 6.0.14; Microsoft Windows 10.0.22000)",
        "x-ms-client-request-id": "c524b686ec884eaa010b65c4c3935f1f",
        "x-ms-return-client-request-id": "true"
      },
      "RequestBody": {
        "tags": {
          "key1": "value1",
          "key2": "value2",
          "CreatedOnDate": "2023-03-02T15:10:12.2287086Z",
          "Tag2": "value2"
        },
        "location": "westus2",
        "properties": {
          "size": 4398046511104,
          "serviceLevel": "Premium",
          "qosType": "Auto",
          "coolAccess": false,
          "encryptionType": "Single"
        }
      },
      "StatusCode": 200,
      "ResponseHeaders": {
        "Azure-AsyncOperation": "https://management.azure.com/subscriptions/69a75bda-882e-44d5-8431-63421204132a/providers/Microsoft.NetApp/locations/westus2/operationResults/1de98d52-e362-4d43-a591-a9af0145048a?api-version=2022-09-01",
        "Cache-Control": "no-cache",
        "Content-Length": "972",
        "Content-Type": "application/json; charset=utf-8",
        "Date": "Thu, 02 Mar 2023 15:10:16 GMT",
        "ETag": "W/\u0022datetime\u00272023-03-02T15%3A10%3A15.4649086Z\u0027\u0022",
        "Expires": "-1",
        "Pragma": "no-cache",
        "Server": "Microsoft-IIS/10.0",
        "Strict-Transport-Security": "max-age=31536000; includeSubDomains",
        "X-Content-Type-Options": "nosniff",
        "x-ms-correlation-request-id": "74a2e096-2d42-4f98-8c73-71e36fe0acb6",
        "x-ms-ratelimit-remaining-subscription-writes": "1173",
        "x-ms-request-id": "fd7bd943-9fa1-4712-acf8-11c5b7bd11a3",
        "x-ms-routing-request-id": "WESTEUROPE:20230302T151016Z:74a2e096-2d42-4f98-8c73-71e36fe0acb6",
        "X-Powered-By": "ASP.NET"
      },
      "ResponseBody": {
        "id": "/subscriptions/69a75bda-882e-44d5-8431-63421204132a/resourceGroups/testNetAppDotNetSDKRG-3810/providers/Microsoft.NetApp/netAppAccounts/account4576/capacityPools/pool-9834",
        "name": "account4576/pool-9834",
        "type": "Microsoft.NetApp/netAppAccounts/capacityPools",
        "etag": "W/\u0022datetime\u00272023-03-02T15%3A10%3A15.4649086Z\u0027\u0022",
        "location": "westus2",
        "tags": {
          "key1": "value1",
          "key2": "value2",
          "CreatedOnDate": "2023-03-02T15:10:12.2287086Z"
        },
        "properties": {
          "provisioningState": "Updating",
          "poolId": "539ae2cc-6d5c-b669-130e-a85b18ad160c",
          "serviceLevel": "Premium",
          "size": 4398046511104,
          "qosType": "Auto",
          "totalThroughputMibps": 256.0,
          "utilizedThroughputMibps": 0.0,
          "encryptionType": "Single",
          "coolAccess": false
        },
        "systemData": {
          "createdBy": "c6c4faba-2b22-44d9-80a4-71ff5b71f811",
          "createdByType": "Application",
          "createdAt": "2023-03-02T15:10:13.2859571Z",
          "lastModifiedBy": "c6c4faba-2b22-44d9-80a4-71ff5b71f811",
          "lastModifiedByType": "Application",
          "lastModifiedAt": "2023-03-02T15:10:13.2859571Z"
        }
      }
    },
    {
      "RequestUri": "https://management.azure.com/subscriptions/69a75bda-882e-44d5-8431-63421204132a/providers/Microsoft.NetApp/locations/westus2/operationResults/1de98d52-e362-4d43-a591-a9af0145048a?api-version=2022-09-01",
      "RequestMethod": "GET",
      "RequestHeaders": {
        "Authorization": "Sanitized",
        "traceparent": "00-ce639d06ced00a7d821e5ac004deba8b-308e7b67c835f601-00",
        "User-Agent": "azsdk-net-ResourceManager/1.4.0 (.NET 6.0.14; Microsoft Windows 10.0.22000)",
        "x-ms-client-request-id": "7078cfe1e26cecd62f46e847d1df4bfd",
        "x-ms-return-client-request-id": "true"
      },
      "RequestBody": null,
      "StatusCode": 200,
      "ResponseHeaders": {
        "Cache-Control": "no-cache",
        "Content-Length": "556",
        "Content-Type": "application/json; charset=utf-8",
        "Date": "Thu, 02 Mar 2023 15:10:16 GMT",
        "Expires": "-1",
        "Pragma": "no-cache",
        "Server": "Microsoft-IIS/10.0",
        "Strict-Transport-Security": "max-age=31536000; includeSubDomains",
        "X-Content-Type-Options": "nosniff",
        "x-ms-correlation-request-id": "5c5909a9-998b-4722-930e-ced07165cca5",
        "x-ms-ratelimit-remaining-subscription-reads": "11918",
        "x-ms-request-id": "d784aaa2-7fbf-4bf1-960d-50171063bf82",
        "x-ms-routing-request-id": "WESTEUROPE:20230302T151016Z:5c5909a9-998b-4722-930e-ced07165cca5",
        "X-Powered-By": "ASP.NET"
      },
      "ResponseBody": {
        "id": "/subscriptions/69a75bda-882e-44d5-8431-63421204132a/providers/Microsoft.NetApp/locations/westus2/operationResults/1de98d52-e362-4d43-a591-a9af0145048a",
        "name": "1de98d52-e362-4d43-a591-a9af0145048a",
        "status": "Succeeded",
        "startTime": "2023-03-02T15:10:15.4546979Z",
        "endTime": "2023-03-02T15:10:15.6154861Z",
        "percentComplete": 100.0,
        "properties": {
          "resourceName": "/subscriptions/69a75bda-882e-44d5-8431-63421204132a/resourceGroups/testNetAppDotNetSDKRG-3810/providers/Microsoft.NetApp/netAppAccounts/account4576/capacityPools/pool-9834",
          "action": "UPDATE"
        }
      }
    },
    {
      "RequestUri": "https://management.azure.com/subscriptions/69a75bda-882e-44d5-8431-63421204132a/resourceGroups/testNetAppDotNetSDKRG-3810/providers/Microsoft.NetApp/netAppAccounts/account4576/capacityPools/pool-9834?api-version=2022-09-01",
      "RequestMethod": "GET",
      "RequestHeaders": {
        "Authorization": "Sanitized",
        "traceparent": "00-ce639d06ced00a7d821e5ac004deba8b-9b016ee53f939771-00",
        "User-Agent": "azsdk-net-ResourceManager/1.4.0 (.NET 6.0.14; Microsoft Windows 10.0.22000)",
        "x-ms-client-request-id": "8fafe9113ce13e6f7b06c1db2c3300e8",
        "x-ms-return-client-request-id": "true"
      },
      "RequestBody": null,
      "StatusCode": 200,
      "ResponseHeaders": {
        "Cache-Control": "no-cache",
        "Content-Length": "989",
        "Content-Type": "application/json; charset=utf-8",
        "Date": "Thu, 02 Mar 2023 15:10:16 GMT",
        "ETag": "W/\u0022datetime\u00272023-03-02T15%3A10%3A15.6218152Z\u0027\u0022",
        "Expires": "-1",
        "Pragma": "no-cache",
        "Server": "Microsoft-IIS/10.0",
        "Strict-Transport-Security": "max-age=31536000; includeSubDomains",
        "X-Content-Type-Options": "nosniff",
        "x-ms-correlation-request-id": "1d1e4219-ca7d-4233-abbe-9b90421e4c74",
        "x-ms-ratelimit-remaining-subscription-reads": "11917",
        "x-ms-request-id": "27f1c524-0377-456c-a9e0-849cf49f18db",
        "x-ms-routing-request-id": "WESTEUROPE:20230302T151017Z:1d1e4219-ca7d-4233-abbe-9b90421e4c74",
        "X-Powered-By": "ASP.NET"
      },
      "ResponseBody": {
        "id": "/subscriptions/69a75bda-882e-44d5-8431-63421204132a/resourceGroups/testNetAppDotNetSDKRG-3810/providers/Microsoft.NetApp/netAppAccounts/account4576/capacityPools/pool-9834",
        "name": "account4576/pool-9834",
        "type": "Microsoft.NetApp/netAppAccounts/capacityPools",
        "etag": "W/\u0022datetime\u00272023-03-02T15%3A10%3A15.6218152Z\u0027\u0022",
        "location": "westus2",
        "tags": {
          "key1": "value1",
          "key2": "value2",
          "CreatedOnDate": "2023-03-02T15:10:12.2287086Z",
          "Tag2": "value2"
        },
        "properties": {
          "poolId": "539ae2cc-6d5c-b669-130e-a85b18ad160c",
          "serviceLevel": "Premium",
          "size": 4398046511104,
          "qosType": "Auto",
          "totalThroughputMibps": 256.0,
          "utilizedThroughputMibps": 0.0,
          "encryptionType": "Single",
          "coolAccess": false,
          "provisioningState": "Succeeded"
        },
        "systemData": {
          "createdBy": "c6c4faba-2b22-44d9-80a4-71ff5b71f811",
          "createdByType": "Application",
          "createdAt": "2023-03-02T15:10:13.2859571Z",
          "lastModifiedBy": "c6c4faba-2b22-44d9-80a4-71ff5b71f811",
          "lastModifiedByType": "Application",
          "lastModifiedAt": "2023-03-02T15:10:15.3327965Z"
        }
      }
    },
    {
      "RequestUri": "https://management.azure.com/subscriptions/69a75bda-882e-44d5-8431-63421204132a/resourceGroups/testNetAppDotNetSDKRG-3810/providers/Microsoft.NetApp/netAppAccounts/account4576/capacityPools/pool-9834?api-version=2022-09-01",
      "RequestMethod": "GET",
      "RequestHeaders": {
        "Accept": "application/json",
        "Authorization": "Sanitized",
        "traceparent": "00-85afbc63bc919e3ba08e1af6e43ae7f7-57a067730ab41b94-00",
        "User-Agent": "azsdk-net-ResourceManager.NetApp/1.1.0-alpha.20230302.1 (.NET 6.0.14; Microsoft Windows 10.0.22000)",
        "x-ms-client-request-id": "f4e274cfee1ac6b207c67a135ff34d24",
        "x-ms-return-client-request-id": "true"
      },
      "RequestBody": null,
      "StatusCode": 200,
      "ResponseHeaders": {
        "Cache-Control": "no-cache",
        "Content-Length": "989",
        "Content-Type": "application/json; charset=utf-8",
        "Date": "Thu, 02 Mar 2023 15:10:17 GMT",
        "ETag": "W/\u0022datetime\u00272023-03-02T15%3A10%3A15.6218152Z\u0027\u0022",
        "Expires": "-1",
        "Pragma": "no-cache",
        "Server": "Microsoft-IIS/10.0",
        "Strict-Transport-Security": "max-age=31536000; includeSubDomains",
        "X-Content-Type-Options": "nosniff",
        "x-ms-correlation-request-id": "3f1c6f93-4543-49d7-a8af-56fc82d057da",
        "x-ms-ratelimit-remaining-subscription-reads": "11916",
        "x-ms-request-id": "c417877f-a35d-4c37-879a-7e323b5f478f",
        "x-ms-routing-request-id": "WESTEUROPE:20230302T151017Z:3f1c6f93-4543-49d7-a8af-56fc82d057da",
        "X-Powered-By": "ASP.NET"
      },
      "ResponseBody": {
        "id": "/subscriptions/69a75bda-882e-44d5-8431-63421204132a/resourceGroups/testNetAppDotNetSDKRG-3810/providers/Microsoft.NetApp/netAppAccounts/account4576/capacityPools/pool-9834",
        "name": "account4576/pool-9834",
        "type": "Microsoft.NetApp/netAppAccounts/capacityPools",
        "etag": "W/\u0022datetime\u00272023-03-02T15%3A10%3A15.6218152Z\u0027\u0022",
        "location": "westus2",
        "tags": {
          "key1": "value1",
          "key2": "value2",
          "CreatedOnDate": "2023-03-02T15:10:12.2287086Z",
          "Tag2": "value2"
        },
        "properties": {
          "poolId": "539ae2cc-6d5c-b669-130e-a85b18ad160c",
          "serviceLevel": "Premium",
          "size": 4398046511104,
          "qosType": "Auto",
          "totalThroughputMibps": 256.0,
          "utilizedThroughputMibps": 0.0,
          "encryptionType": "Single",
          "coolAccess": false,
          "provisioningState": "Succeeded"
        },
        "systemData": {
          "createdBy": "c6c4faba-2b22-44d9-80a4-71ff5b71f811",
          "createdByType": "Application",
          "createdAt": "2023-03-02T15:10:13.2859571Z",
          "lastModifiedBy": "c6c4faba-2b22-44d9-80a4-71ff5b71f811",
          "lastModifiedByType": "Application",
          "lastModifiedAt": "2023-03-02T15:10:15.3327965Z"
        }
      }
    },
    {
      "RequestUri": "https://management.azure.com/subscriptions/69a75bda-882e-44d5-8431-63421204132a/resourceGroups/testNetAppDotNetSDKRG-3810/providers/Microsoft.NetApp/netAppAccounts/account4576/capacityPools?api-version=2022-09-01",
      "RequestMethod": "GET",
      "RequestHeaders": {
        "Accept": "application/json",
        "Authorization": "Sanitized",
        "traceparent": "00-b3d4861bcc03097ecadee79d9d8c5424-fc63d7f766bc007c-00",
        "User-Agent": "azsdk-net-ResourceManager.NetApp/1.1.0-alpha.20230302.1 (.NET 6.0.14; Microsoft Windows 10.0.22000)",
        "x-ms-client-request-id": "6365c160ac68a5105f3af56620fbbffb",
        "x-ms-return-client-request-id": "true"
      },
      "RequestBody": null,
      "StatusCode": 200,
      "ResponseHeaders": {
        "Cache-Control": "no-cache",
        "Content-Length": "1001",
        "Content-Type": "application/json; charset=utf-8",
        "Date": "Thu, 02 Mar 2023 15:10:17 GMT",
        "Expires": "-1",
        "Pragma": "no-cache",
        "Server": "Microsoft-IIS/10.0",
        "Strict-Transport-Security": "max-age=31536000; includeSubDomains",
        "X-Content-Type-Options": "nosniff",
        "x-ms-correlation-request-id": "9dc25d4e-280c-4af3-875c-43c91c631698",
        "x-ms-ratelimit-remaining-subscription-reads": "11915",
        "x-ms-request-id": "81fc5d18-fdb8-4783-abd8-13d070fe4bc5",
        "x-ms-routing-request-id": "WESTEUROPE:20230302T151017Z:9dc25d4e-280c-4af3-875c-43c91c631698",
        "X-Powered-By": "ASP.NET"
      },
      "ResponseBody": {
        "value": [
          {
            "id": "/subscriptions/69a75bda-882e-44d5-8431-63421204132a/resourceGroups/testNetAppDotNetSDKRG-3810/providers/Microsoft.NetApp/netAppAccounts/account4576/capacityPools/pool-9834",
            "name": "account4576/pool-9834",
            "type": "Microsoft.NetApp/netAppAccounts/capacityPools",
            "etag": "W/\u0022datetime\u00272023-03-02T15%3A10%3A15.6218152Z\u0027\u0022",
            "location": "westus2",
            "tags": {
              "key1": "value1",
              "key2": "value2",
              "CreatedOnDate": "2023-03-02T15:10:12.2287086Z",
              "Tag2": "value2"
            },
            "properties": {
              "poolId": "539ae2cc-6d5c-b669-130e-a85b18ad160c",
              "serviceLevel": "Premium",
              "size": 4398046511104,
              "qosType": "Auto",
              "totalThroughputMibps": 256.0,
              "utilizedThroughputMibps": 0.0,
              "encryptionType": "Single",
              "coolAccess": false,
              "provisioningState": "Succeeded"
            },
            "systemData": {
              "createdBy": "c6c4faba-2b22-44d9-80a4-71ff5b71f811",
              "createdByType": "Application",
              "createdAt": "2023-03-02T15:10:13.2859571Z",
              "lastModifiedBy": "c6c4faba-2b22-44d9-80a4-71ff5b71f811",
              "lastModifiedByType": "Application",
              "lastModifiedAt": "2023-03-02T15:10:15.3327965Z"
            }
          }
        ]
      }
    },
    {
      "RequestUri": "https://management.azure.com/subscriptions/69a75bda-882e-44d5-8431-63421204132a/resourceGroups/testNetAppDotNetSDKRG-3810/providers/Microsoft.NetApp/netAppAccounts/account4576/capacityPools/pool-9834?api-version=2022-09-01",
      "RequestMethod": "DELETE",
      "RequestHeaders": {
        "Authorization": "Sanitized",
        "traceparent": "00-20b0667d697951116fa752651e2d8dca-e3d9f25645f7b1ae-00",
        "User-Agent": "azsdk-net-ResourceManager.NetApp/1.1.0-alpha.20230302.1 (.NET 6.0.14; Microsoft Windows 10.0.22000)",
        "x-ms-client-request-id": "5c77ff4557fc23e237e9881ac25cdf87",
        "x-ms-return-client-request-id": "true"
      },
      "RequestBody": null,
      "StatusCode": 202,
      "ResponseHeaders": {
        "Azure-AsyncOperation": "https://management.azure.com/subscriptions/69a75bda-882e-44d5-8431-63421204132a/providers/Microsoft.NetApp/locations/westus2/operationResults/b1c10b58-f82b-4283-a421-a0dadb2643de?api-version=2022-09-01",
        "Cache-Control": "no-cache",
        "Content-Length": "0",
        "Date": "Thu, 02 Mar 2023 15:10:18 GMT",
        "Expires": "-1",
        "Location": "https://management.azure.com/subscriptions/69a75bda-882e-44d5-8431-63421204132a/providers/Microsoft.NetApp/locations/westus2/operationResults/b1c10b58-f82b-4283-a421-a0dadb2643de?api-version=2022-09-01\u0026operationResultResponseType=Location",
        "Pragma": "no-cache",
        "Server": "Microsoft-IIS/10.0",
        "Strict-Transport-Security": "max-age=31536000; includeSubDomains",
        "X-Content-Type-Options": "nosniff",
        "x-ms-correlation-request-id": "80259ce6-ae84-4a0b-8ba3-9c7674303742",
        "x-ms-ratelimit-remaining-subscription-deletes": "14983",
        "x-ms-request-id": "80259ce6-ae84-4a0b-8ba3-9c7674303742",
        "x-ms-routing-request-id": "WESTEUROPE:20230302T151018Z:80259ce6-ae84-4a0b-8ba3-9c7674303742",
        "X-Powered-By": "ASP.NET"
      },
      "ResponseBody": null
    },
    {
      "RequestUri": "https://management.azure.com/subscriptions/69a75bda-882e-44d5-8431-63421204132a/providers/Microsoft.NetApp/locations/westus2/operationResults/b1c10b58-f82b-4283-a421-a0dadb2643de?api-version=2022-09-01",
      "RequestMethod": "GET",
      "RequestHeaders": {
        "Authorization": "Sanitized",
        "traceparent": "00-20b0667d697951116fa752651e2d8dca-431b169008252e1e-00",
        "User-Agent": "azsdk-net-ResourceManager/1.4.0 (.NET 6.0.14; Microsoft Windows 10.0.22000)",
        "x-ms-client-request-id": "60cd7e06f07b0827df422c7e24f5e203",
        "x-ms-return-client-request-id": "true"
      },
      "RequestBody": null,
      "StatusCode": 200,
      "ResponseHeaders": {
        "Cache-Control": "no-cache",
        "Content-Length": "556",
        "Content-Type": "application/json; charset=utf-8",
        "Date": "Thu, 02 Mar 2023 15:10:18 GMT",
        "Expires": "-1",
        "Pragma": "no-cache",
        "Server": "Microsoft-IIS/10.0",
        "Strict-Transport-Security": "max-age=31536000; includeSubDomains",
        "X-Content-Type-Options": "nosniff",
        "x-ms-correlation-request-id": "ec08de8b-5436-43f8-a18a-e67c33b3bd4e",
        "x-ms-ratelimit-remaining-subscription-reads": "11914",
        "x-ms-request-id": "b734828a-8f02-4541-a217-a98c12b30436",
        "x-ms-routing-request-id": "WESTEUROPE:20230302T151018Z:ec08de8b-5436-43f8-a18a-e67c33b3bd4e",
        "X-Powered-By": "ASP.NET"
      },
      "ResponseBody": {
        "id": "/subscriptions/69a75bda-882e-44d5-8431-63421204132a/providers/Microsoft.NetApp/locations/westus2/operationResults/b1c10b58-f82b-4283-a421-a0dadb2643de",
        "name": "b1c10b58-f82b-4283-a421-a0dadb2643de",
        "status": "Succeeded",
        "startTime": "2023-03-02T15:10:18.4493385Z",
        "endTime": "2023-03-02T15:10:18.5974883Z",
        "percentComplete": 100.0,
        "properties": {
          "resourceName": "/subscriptions/69a75bda-882e-44d5-8431-63421204132a/resourceGroups/testNetAppDotNetSDKRG-3810/providers/Microsoft.NetApp/netAppAccounts/account4576/capacityPools/pool-9834",
          "action": "DELETE"
        }
      }
    },
    {
      "RequestUri": "https://management.azure.com/subscriptions/69a75bda-882e-44d5-8431-63421204132a/resourceGroups/testNetAppDotNetSDKRG-3810/providers/Microsoft.NetApp/netAppAccounts/account4576?api-version=2022-09-01",
      "RequestMethod": "DELETE",
      "RequestHeaders": {
        "Authorization": "Sanitized",
        "traceparent": "00-0e66358093a48b807a41e151dccbc92f-7ad717fa837d2fe6-00",
        "User-Agent": "azsdk-net-ResourceManager.NetApp/1.1.0-alpha.20230302.1 (.NET 6.0.14; Microsoft Windows 10.0.22000)",
        "x-ms-client-request-id": "82ae6d5b557fa82d7e54f8bfc30229ec",
        "x-ms-return-client-request-id": "true"
      },
      "RequestBody": null,
      "StatusCode": 202,
      "ResponseHeaders": {
        "Azure-AsyncOperation": "https://management.azure.com/subscriptions/69a75bda-882e-44d5-8431-63421204132a/providers/Microsoft.NetApp/locations/westus2/operationResults/2e97a998-e9ea-4859-8508-8d3c808ab4ee?api-version=2022-09-01",
        "Cache-Control": "no-cache",
        "Content-Length": "0",
        "Date": "Thu, 02 Mar 2023 15:10:58 GMT",
        "Expires": "-1",
        "Location": "https://management.azure.com/subscriptions/69a75bda-882e-44d5-8431-63421204132a/providers/Microsoft.NetApp/locations/westus2/operationResults/2e97a998-e9ea-4859-8508-8d3c808ab4ee?api-version=2022-09-01\u0026operationResultResponseType=Location",
        "Pragma": "no-cache",
        "Server": "Microsoft-IIS/10.0",
        "Strict-Transport-Security": "max-age=31536000; includeSubDomains",
        "X-Content-Type-Options": "nosniff",
        "x-ms-correlation-request-id": "a916fa8e-6ee1-4639-ab66-85dc7599e255",
        "x-ms-ratelimit-remaining-subscription-deletes": "14982",
        "x-ms-request-id": "a916fa8e-6ee1-4639-ab66-85dc7599e255",
        "x-ms-routing-request-id": "WESTEUROPE:20230302T151059Z:a916fa8e-6ee1-4639-ab66-85dc7599e255",
        "X-Powered-By": "ASP.NET"
      },
      "ResponseBody": null
    },
    {
      "RequestUri": "https://management.azure.com/subscriptions/69a75bda-882e-44d5-8431-63421204132a/providers/Microsoft.NetApp/locations/westus2/operationResults/2e97a998-e9ea-4859-8508-8d3c808ab4ee?api-version=2022-09-01",
      "RequestMethod": "GET",
      "RequestHeaders": {
        "Authorization": "Sanitized",
        "traceparent": "00-0e66358093a48b807a41e151dccbc92f-b42d42a8cb058340-00",
        "User-Agent": "azsdk-net-ResourceManager/1.4.0 (.NET 6.0.14; Microsoft Windows 10.0.22000)",
        "x-ms-client-request-id": "8b85905a239db18c5024e126f86745dd",
        "x-ms-return-client-request-id": "true"
      },
      "RequestBody": null,
      "StatusCode": 200,
      "ResponseHeaders": {
        "Cache-Control": "no-cache",
        "Content-Length": "532",
        "Content-Type": "application/json; charset=utf-8",
        "Date": "Thu, 02 Mar 2023 15:10:59 GMT",
        "Expires": "-1",
        "Pragma": "no-cache",
        "Server": "Microsoft-IIS/10.0",
        "Strict-Transport-Security": "max-age=31536000; includeSubDomains",
        "X-Content-Type-Options": "nosniff",
        "x-ms-correlation-request-id": "3550756b-c2e7-4d04-ad4a-303991a28024",
        "x-ms-ratelimit-remaining-subscription-reads": "11913",
        "x-ms-request-id": "2e6a0d50-88a1-4632-8e0a-2de2fb065f3b",
        "x-ms-routing-request-id": "WESTEUROPE:20230302T151059Z:3550756b-c2e7-4d04-ad4a-303991a28024",
        "X-Powered-By": "ASP.NET"
      },
      "ResponseBody": {
        "id": "/subscriptions/69a75bda-882e-44d5-8431-63421204132a/providers/Microsoft.NetApp/locations/westus2/operationResults/2e97a998-e9ea-4859-8508-8d3c808ab4ee",
        "name": "2e97a998-e9ea-4859-8508-8d3c808ab4ee",
        "status": "Succeeded",
        "startTime": "2023-03-02T15:10:59.3301653Z",
        "endTime": "2023-03-02T15:10:59.3920642Z",
        "percentComplete": 100.0,
        "properties": {
          "resourceName": "/subscriptions/69a75bda-882e-44d5-8431-63421204132a/resourceGroups/testNetAppDotNetSDKRG-3810/providers/Microsoft.NetApp/netAppAccounts/account4576",
          "action": "DELETE"
        }
      }
    }
  ],
  "Variables": {
    "AZURE_AUTHORITY_HOST": "https://login.microsoftonline.com",
    "RandomSeed": "1189559943",
    "RESOURCE_MANAGER_URL": null,
    "SUBSCRIPTION_ID": "69a75bda-882e-44d5-8431-63421204132a"
  }
}
