{
  "Entries": [
    {
      "RequestUri": "https://localhost:8443/subscriptions/00000000-0000-0000-0000-000000000000?api-version=2019-11-01",
      "RequestMethod": "GET",
      "RequestHeaders": {
        "Accept": "application/json",
        "Authorization": "Sanitized",
        "traceparent": "00-21dfdf0cb0641b468456e0e9b01bf75a-81aaf875bff10541-00",
        "User-Agent": "azsdk-net-ResourceManager/1.0.0-alpha.20211208.1 (.NET Framework 4.8.4300.0; Microsoft Windows 10.0.19044 )",
        "x-ms-client-request-id": "29581ec1825e87543ccfde1f86bcecad",
        "x-ms-return-client-request-id": "true"
      },
      "RequestBody": null,
      "StatusCode": 200,
      "ResponseHeaders": {
        "Connection": "keep-alive",
        "Content-Length": "403",
        "Content-Type": "application/json; charset=utf-8",
        "Date": "Wed, 08 Dec 2021 07:24:45 GMT",
        "ETag": "W/\u0022193-XMviJqaGXohjOV1XjmYhUY8VLpk\u0022",
        "Keep-Alive": "timeout=5",
        "X-Powered-By": "Express"
      },
      "ResponseBody": {
        "id": "/subscriptions/00000000-0000-0000-0000-000000000000",
        "authorizationSource": "RoleBased",
        "managedByTenants": [],
        "subscriptionId": "00000000-0000-0000-0000-000000000000",
        "tenantId": "0000000-0000-0000-0000-000000000000",
        "displayName": "Name of the subscription",
        "state": "Enabled",
        "subscriptionPolicies": {
          "locationPlacementId": "Internal_2014-09-01",
          "quotaId": "Internal_2014-09-01",
          "spendingLimit": "Off"
        }
      }
    },
    {
      "RequestUri": "https://localhost:8443/subscriptions/00000000-0000-0000-0000-000000000000/resourcegroups/securityalert-4799?api-version=2019-10-01",
      "RequestMethod": "PUT",
      "RequestHeaders": {
        "Accept": "application/json",
        "Authorization": "Sanitized",
        "Content-Length": "81",
        "Content-Type": "application/json",
        "User-Agent": "azsdk-net-ResourceManager/1.0.0-alpha.20211208.1 (.NET Framework 4.8.4300.0; Microsoft Windows 10.0.19044 )",
        "x-ms-client-request-id": "47db9d415907d73d8acdb846d7049f7a",
        "x-ms-return-client-request-id": "true"
      },
      "RequestBody": {
        "location": "Azure.ResourceManager.Resources.Subscription",
        "tags": {
          "test": "env"
        }
      },
      "StatusCode": 200,
      "ResponseHeaders": {
        "Connection": "keep-alive",
        "Content-Length": "260",
        "Content-Type": "application/json; charset=utf-8",
        "Date": "Wed, 08 Dec 2021 07:24:45 GMT",
        "ETag": "W/\u0022104-yGsSEQXsoNsm0tojSyQ2zN9V7m4\u0022",
        "Keep-Alive": "timeout=5",
        "X-Powered-By": "Express"
      },
      "ResponseBody": {
        "id": "/subscriptions/00000000-0000-0000-0000-000000000000/resourcegroups/securityalert-4799",
        "location": "eastus",
        "managedBy": null,
        "name": "securityalert-4799",
        "properties": {
          "provisioningState": "Succeeded"
        },
        "tags": {},
        "type": "Microsoft.Resources/resourceGroups"
      }
    },
    {
      "RequestUri": "https://localhost:8443/subscriptions/00000000-0000-0000-0000-000000000000/resourceGroups/securityalert-4799/providers/Microsoft.Sql/servers/securityalert-6440?api-version=2021-02-01-preview",
      "RequestMethod": "PUT",
      "RequestHeaders": {
        "Accept": "application/json",
        "Authorization": "Sanitized",
        "Content-Length": "396",
        "Content-Type": "application/json",
        "User-Agent": "azsdk-net-ResourceManager.Sql/1.0.0-alpha.20211208.1 (.NET Framework 4.8.4300.0; Microsoft Windows 10.0.19044 )",
        "x-ms-client-request-id": "192f1eff9ee6628a6aa3d134888c8280",
        "x-ms-return-client-request-id": "true"
      },
      "RequestBody": {
        "tags": {},
        "location": "japaneast",
        "properties": {
          "administratorLogin": "dummylogin",
          "administratorLoginPassword": "PLACEHOLDER",
          "publicNetworkAccess": "Enabled",
          "administrators": {
            "principalType": "User",
            "login": "bob@contoso.com",
            "sid": "00000011-1111-2222-2222-123456789111",
            "tenantId": "00000011-1111-2222-2222-123456789111",
            "azureADOnlyAuthentication": true
          },
          "restrictOutboundNetworkAccess": "Enabled"
        }
      },
      "StatusCode": 200,
      "ResponseHeaders": {
        "Connection": "keep-alive",
        "Content-Length": "1925",
        "Content-Type": "application/json; charset=utf-8",
        "Date": "Wed, 08 Dec 2021 07:24:45 GMT",
        "ETag": "W/\u0022785-cCTbvEq3Fb5nhHw371Ehs141whI\u0022",
        "Keep-Alive": "timeout=5",
        "X-Powered-By": "Express"
      },
      "ResponseBody": {
        "id": "/subscriptions/00000000-0000-0000-0000-000000000000/resourceGroups/securityalert-4799/providers/Microsoft.Sql/servers/securityalert-6440",
        "name": "securityalert-6440",
        "type": "aaaaaaaaaaaaaaaaaaaaaaaaaaaaa",
        "location": "aaaaaaaaaaa",
        "tags": {
          "key2791": "aaaaaaaaaaaaaaaaaaaaaaaaaa"
        },
        "identity": {
          "userAssignedIdentities": {
            "/subscriptions/00000000-0000-0000-0000-000000000000/resourceGroups/00000000-0000-0000-0000-000000000000/providers/Microsoft.ManagedIdentity/userAssignedIdentities/key9306": {
              "principalId": "00000000-0000-0000-0000-000000000000",
              "clientId": "00000000-0000-0000-0000-000000000000"
            }
          },
          "principalId": "00000000-0000-0000-0000-000000000000",
          "type": "None",
          "tenantId": "00000000-0000-0000-0000-000000000000"
        },
        "kind": "aaaaaaaaaaaaaaaaaa",
        "properties": {
          "administratorLogin": "aaaaaaaaaaaaaaaaaaa",
          "administratorLoginPassword": "aaaaaaaaa",
          "version": "aaaaaa",
          "state": "aaaaaaaaaaaaaaaaaaaaaaaa",
          "fullyQualifiedDomainName": "aa",
          "privateEndpointConnections": [
            {
              "id": "/subscriptions/a9cbceed-cd54-47f1-b7a2-bad149218603/resourceGroups/mockRg/providers/Microsoft.Resources/mockResource/mockName",
              "properties": {
                "privateEndpoint": {
                  "id": "/subscriptions/a9cbceed-cd54-47f1-b7a2-bad149218603/resourceGroups/mockRg/providers/Microsoft.Resources/mockResource/mockName"
                },
                "privateLinkServiceConnectionState": {
                  "status": "Approved",
                  "description": "aaaaaaaaaaaaaaaa",
                  "actionsRequired": "None"
                },
                "provisioningState": "Succeeded"
              }
            }
          ],
          "minimalTlsVersion": "aaaaaaaaaaaaaa",
          "publicNetworkAccess": "Enabled",
          "workspaceFeature": "Connected",
          "primaryUserAssignedIdentityId": "aaaaaaaaaaaaaaaaaaa",
          "federatedClientId": "00000000-0000-0000-0000-000000000000",
          "keyId": "a",
          "administrators": {
            "administratorType": "ActiveDirectory",
            "principalType": "User",
            "login": "aaaaaaaaaaaaaaaaaaaaaaaa",
            "sid": "00000000-0000-0000-0000-000000000000",
            "tenantId": "00000000-0000-0000-0000-000000000000",
            "azureADOnlyAuthentication": true
          },
          "restrictOutboundNetworkAccess": "Enabled"
        }
      }
    },
    {
      "RequestUri": "https://localhost:8443/subscriptions/00000000-0000-0000-0000-000000000000/resourceGroups/securityalert-4799/providers/Microsoft.Sql/servers/securityalert-6440/securityAlertPolicies/Default?api-version=2020-11-01-preview",
      "RequestMethod": "PUT",
      "RequestHeaders": {
        "Accept": "application/json",
        "Authorization": "Sanitized",
        "Content-Length": "255",
        "Content-Type": "application/json",
        "User-Agent": "azsdk-net-ResourceManager.Sql/1.0.0-alpha.20211208.1 (.NET Framework 4.8.4300.0; Microsoft Windows 10.0.19044 )",
        "x-ms-client-request-id": "671f632fd28da3c61278dc6388094ffd",
        "x-ms-return-client-request-id": "true"
      },
      "RequestBody": {
        "properties": {
          "state": "Enabled",
          "emailAccountAdmins": true,
          "storageEndpoint": "https://mystorage.blob.core.windows.net",
          "storageAccountAccessKey": "sdlfkjabc\u002BsdlfkjsdlkfsjdfLDKFTERLKFDFKLjsdfksjdflsdkfD2342309432849328476458/3RSD==",
          "retentionDays": 5
        }
      },
      "StatusCode": 200,
      "ResponseHeaders": {
        "Connection": "keep-alive",
        "Content-Length": "723",
        "Content-Type": "application/json; charset=utf-8",
        "Date": "Wed, 08 Dec 2021 07:24:45 GMT",
        "ETag": "W/\u00222d3-Pr9VpsDTPvgH9XkgSZx6s/5eO00\u0022",
        "Keep-Alive": "timeout=5",
        "X-Powered-By": "Express"
      },
      "ResponseBody": {
        "id": "/subscriptions/00000000-0000-0000-0000-000000000000/resourceGroups/securityalert-4799/providers/Microsoft.Sql/servers/securityalert-6440/securityAlertPolicies/Default",
        "name": "Default",
        "type": "aaaaaaaaaaaa",
        "systemData": {
          "createdBy": "aaaa",
          "createdByType": "User",
          "createdAt": "2021-12-08T07:24:45.461Z",
          "lastModifiedBy": "aaaaaaaaaaaaaaaaaaaa",
          "lastModifiedByType": "User",
          "lastModifiedAt": "2021-12-08T07:24:45.461Z"
        },
        "properties": {
          "state": "Enabled",
          "disabledAlerts": [
            "aaaaaaaaaaaaa"
          ],
          "emailAddresses": [
            "aaaaaaaaaaaaaaaaaaaaaaaaaaaaaa"
          ],
          "emailAccountAdmins": true,
          "storageEndpoint": "aaaaaaaaaaaaaaaaaaaaaaaaaaaaaa",
          "storageAccountAccessKey": "aaaaaaaaaaaaaa",
          "retentionDays": 16,
          "creationTime": "2021-12-08T07:24:45.461Z"
        }
      }
    },
    {
      "RequestUri": "https://localhost:8443/subscriptions/00000000-0000-0000-0000-000000000000/resourceGroups/securityalert-4799/providers/Microsoft.Sql/servers/securityalert-6440/securityAlertPolicies/Default?api-version=2020-11-01-preview",
      "RequestMethod": "GET",
      "RequestHeaders": {
        "Accept": "application/json",
        "Authorization": "Sanitized",
        "User-Agent": "azsdk-net-ResourceManager.Sql/1.0.0-alpha.20211208.1 (.NET Framework 4.8.4300.0; Microsoft Windows 10.0.19044 )",
        "x-ms-client-request-id": "240499f41a6dc3f3c5bbbc2b3473ded7",
        "x-ms-return-client-request-id": "true"
      },
      "RequestBody": null,
      "StatusCode": 200,
      "ResponseHeaders": {
        "Connection": "keep-alive",
        "Content-Length": "720",
        "Content-Type": "application/json; charset=utf-8",
        "Date": "Wed, 08 Dec 2021 07:24:45 GMT",
        "ETag": "W/\u00222d0-SGmirzkO6Sl1iKBObKCwYWW6a/s\u0022",
        "Keep-Alive": "timeout=5",
        "X-Powered-By": "Express"
      },
      "ResponseBody": {
        "id": "/subscriptions/00000000-0000-0000-0000-000000000000/resourceGroups/securityalert-4799/providers/Microsoft.Sql/servers/securityalert-6440/securityAlertPolicies/Default",
        "name": "Default",
        "type": "aaaaaaaaaaaaaaaaaaaaaaaaaaaaa",
        "systemData": {
          "createdBy": "aaaaaaaaa",
          "createdByType": "User",
          "createdAt": "2021-12-08T07:24:45.475Z",
          "lastModifiedBy": "aaaaaaaaaaaaaa",
          "lastModifiedByType": "User",
          "lastModifiedAt": "2021-12-08T07:24:45.475Z"
        },
        "properties": {
          "state": "Enabled",
          "disabledAlerts": [
            "aaaaaaaaaaaaaaaa"
          ],
          "emailAddresses": [
            "aaaaaaaaaaaaaaaaaaaaaaaaaaaaaa"
          ],
          "emailAccountAdmins": true,
          "storageEndpoint": "aaaaaaaaaaaaaaaaaa",
          "storageAccountAccessKey": "aaaa",
          "retentionDays": 23,
          "creationTime": "2021-12-08T07:24:45.475Z"
        }
      }
    }
  ],
  "Variables": {
    "RandomSeed": "121834920",
    "RESOURCE_MANAGER_URL": "https://localhost:8443",
    "SUBSCRIPTION_ID": "00000000-0000-0000-0000-000000000000"
  }
}
