{
  "Entries": [
    {
      "RequestUri": "/subscriptions/53d9063d-87ae-4ea8-be90-3686c3b8669f/providers/Microsoft.DataLakeStore/register?api-version=2015-11-01",
      "EncodedRequestUri": "L3N1YnNjcmlwdGlvbnMvNTNkOTA2M2QtODdhZS00ZWE4LWJlOTAtMzY4NmMzYjg2NjlmL3Byb3ZpZGVycy9NaWNyb3NvZnQuRGF0YUxha2VTdG9yZS9yZWdpc3Rlcj9hcGktdmVyc2lvbj0yMDE1LTExLTAx",
      "RequestMethod": "POST",
      "RequestBody": "",
      "RequestHeaders": {
        "x-ms-client-request-id": [
          "ab65e00d-6cb1-4b44-a761-d21795797e10"
        ],
        "accept-language": [
          "en-US"
        ],
        "User-Agent": [
          "Microsoft.Azure.Management.Resources.ResourceManagementClient/1.0.0-preview"
        ]
      },
      "ResponseBody": "{\r\n  \"id\": \"/subscriptions/53d9063d-87ae-4ea8-be90-3686c3b8669f/providers/Microsoft.DataLakeStore\",\r\n  \"namespace\": \"Microsoft.DataLakeStore\",\r\n  \"resourceTypes\": [\r\n    {\r\n      \"resourceType\": \"operations\",\r\n      \"locations\": [],\r\n      \"apiVersions\": [\r\n        \"2015-10-01-preview\"\r\n      ]\r\n    },\r\n    {\r\n      \"resourceType\": \"accounts\",\r\n      \"locations\": [\r\n        \"East US 2\"\r\n      ],\r\n      \"apiVersions\": [\r\n        \"2015-10-01-preview\"\r\n      ],\r\n      \"capabilities\": \"CrossResourceGroupResourceMove, CrossSubscriptionResourceMove, SystemAssignedResourceIdentity\"\r\n    },\r\n    {\r\n      \"resourceType\": \"accounts/firewallRules\",\r\n      \"locations\": [\r\n        \"East US 2\"\r\n      ],\r\n      \"apiVersions\": [\r\n        \"2015-10-01-preview\"\r\n      ]\r\n    },\r\n    {\r\n      \"resourceType\": \"locations\",\r\n      \"locations\": [],\r\n      \"apiVersions\": [\r\n        \"2015-10-01-preview\"\r\n      ]\r\n    },\r\n    {\r\n      \"resourceType\": \"locations/operationresults\",\r\n      \"locations\": [],\r\n      \"apiVersions\": [\r\n        \"2015-10-01-preview\"\r\n      ]\r\n    },\r\n    {\r\n      \"resourceType\": \"locations/checkNameAvailability\",\r\n      \"locations\": [],\r\n      \"apiVersions\": [\r\n        \"2015-10-01-preview\"\r\n      ]\r\n    },\r\n    {\r\n      \"resourceType\": \"locations/capability\",\r\n      \"locations\": [],\r\n      \"apiVersions\": [\r\n        \"2015-10-01-preview\"\r\n      ]\r\n    }\r\n  ],\r\n  \"registrationState\": \"Registered\"\r\n}",
      "ResponseHeaders": {
        "Content-Type": [
          "application/json; charset=utf-8"
        ],
        "Expires": [
          "-1"
        ],
        "Cache-Control": [
          "no-cache"
        ],
        "Date": [
          "Thu, 25 Aug 2016 22:33:55 GMT"
        ],
        "Pragma": [
          "no-cache"
        ],
        "Vary": [
          "Accept-Encoding"
        ],
        "x-ms-ratelimit-remaining-subscription-writes": [
          "1196"
        ],
        "x-ms-request-id": [
          "bfa339cb-c99b-4737-8bd0-01f9a83dcfdf"
        ],
        "x-ms-correlation-request-id": [
          "bfa339cb-c99b-4737-8bd0-01f9a83dcfdf"
        ],
        "x-ms-routing-request-id": [
          "CENTRALUS:20160825T223355Z:bfa339cb-c99b-4737-8bd0-01f9a83dcfdf"
        ],
        "Strict-Transport-Security": [
          "max-age=31536000; includeSubDomains"
        ]
      },
      "StatusCode": 200
    },
    {
      "RequestUri": "/subscriptions/53d9063d-87ae-4ea8-be90-3686c3b8669f/providers/Microsoft.DataLakeStore?api-version=2015-11-01",
      "EncodedRequestUri": "L3N1YnNjcmlwdGlvbnMvNTNkOTA2M2QtODdhZS00ZWE4LWJlOTAtMzY4NmMzYjg2NjlmL3Byb3ZpZGVycy9NaWNyb3NvZnQuRGF0YUxha2VTdG9yZT9hcGktdmVyc2lvbj0yMDE1LTExLTAx",
      "RequestMethod": "GET",
      "RequestBody": "",
      "RequestHeaders": {
        "x-ms-client-request-id": [
          "62752942-9677-4172-b759-a244e6a81297"
        ],
        "accept-language": [
          "en-US"
        ],
        "User-Agent": [
          "Microsoft.Azure.Management.Resources.ResourceManagementClient/1.0.0-preview"
        ]
      },
      "ResponseBody": "{\r\n  \"id\": \"/subscriptions/53d9063d-87ae-4ea8-be90-3686c3b8669f/providers/Microsoft.DataLakeStore\",\r\n  \"namespace\": \"Microsoft.DataLakeStore\",\r\n  \"resourceTypes\": [\r\n    {\r\n      \"resourceType\": \"operations\",\r\n      \"locations\": [],\r\n      \"apiVersions\": [\r\n        \"2015-10-01-preview\"\r\n      ]\r\n    },\r\n    {\r\n      \"resourceType\": \"accounts\",\r\n      \"locations\": [\r\n        \"East US 2\"\r\n      ],\r\n      \"apiVersions\": [\r\n        \"2015-10-01-preview\"\r\n      ],\r\n      \"capabilities\": \"CrossResourceGroupResourceMove, CrossSubscriptionResourceMove, SystemAssignedResourceIdentity\"\r\n    },\r\n    {\r\n      \"resourceType\": \"accounts/firewallRules\",\r\n      \"locations\": [\r\n        \"East US 2\"\r\n      ],\r\n      \"apiVersions\": [\r\n        \"2015-10-01-preview\"\r\n      ]\r\n    },\r\n    {\r\n      \"resourceType\": \"locations\",\r\n      \"locations\": [],\r\n      \"apiVersions\": [\r\n        \"2015-10-01-preview\"\r\n      ]\r\n    },\r\n    {\r\n      \"resourceType\": \"locations/operationresults\",\r\n      \"locations\": [],\r\n      \"apiVersions\": [\r\n        \"2015-10-01-preview\"\r\n      ]\r\n    },\r\n    {\r\n      \"resourceType\": \"locations/checkNameAvailability\",\r\n      \"locations\": [],\r\n      \"apiVersions\": [\r\n        \"2015-10-01-preview\"\r\n      ]\r\n    },\r\n    {\r\n      \"resourceType\": \"locations/capability\",\r\n      \"locations\": [],\r\n      \"apiVersions\": [\r\n        \"2015-10-01-preview\"\r\n      ]\r\n    }\r\n  ],\r\n  \"registrationState\": \"Registered\"\r\n}",
      "ResponseHeaders": {
        "Content-Type": [
          "application/json; charset=utf-8"
        ],
        "Expires": [
          "-1"
        ],
        "Cache-Control": [
          "no-cache"
        ],
        "Date": [
          "Thu, 25 Aug 2016 22:33:55 GMT"
        ],
        "Pragma": [
          "no-cache"
        ],
        "Vary": [
          "Accept-Encoding"
        ],
        "x-ms-ratelimit-remaining-subscription-reads": [
          "14996"
        ],
        "x-ms-request-id": [
          "644c07b1-24c2-42b0-94c3-e68069aeb690"
        ],
        "x-ms-correlation-request-id": [
          "644c07b1-24c2-42b0-94c3-e68069aeb690"
        ],
        "x-ms-routing-request-id": [
          "CENTRALUS:20160825T223355Z:644c07b1-24c2-42b0-94c3-e68069aeb690"
        ],
        "Strict-Transport-Security": [
          "max-age=31536000; includeSubDomains"
        ]
      },
      "StatusCode": 200
    },
    {
      "RequestUri": "/subscriptions/53d9063d-87ae-4ea8-be90-3686c3b8669f/providers/Microsoft.Storage/register?api-version=2015-11-01",
      "EncodedRequestUri": "L3N1YnNjcmlwdGlvbnMvNTNkOTA2M2QtODdhZS00ZWE4LWJlOTAtMzY4NmMzYjg2NjlmL3Byb3ZpZGVycy9NaWNyb3NvZnQuU3RvcmFnZS9yZWdpc3Rlcj9hcGktdmVyc2lvbj0yMDE1LTExLTAx",
      "RequestMethod": "POST",
      "RequestBody": "",
      "RequestHeaders": {
        "x-ms-client-request-id": [
          "e03f0c46-87c9-46cd-8cdb-f881f73da1a1"
        ],
        "accept-language": [
          "en-US"
        ],
        "User-Agent": [
          "Microsoft.Azure.Management.Resources.ResourceManagementClient/1.0.0-preview"
        ]
      },
      "ResponseBody": "{\r\n  \"id\": \"/subscriptions/53d9063d-87ae-4ea8-be90-3686c3b8669f/providers/Microsoft.Storage\",\r\n  \"namespace\": \"Microsoft.Storage\",\r\n  \"resourceTypes\": [\r\n    {\r\n      \"resourceType\": \"storageAccounts\",\r\n      \"locations\": [\r\n        \"East US\",\r\n        \"East US 2\",\r\n        \"West US\",\r\n        \"West Europe\",\r\n        \"East Asia\",\r\n        \"Southeast Asia\",\r\n        \"Japan East\",\r\n        \"Japan West\",\r\n        \"North Central US\",\r\n        \"South Central US\",\r\n        \"Central US\",\r\n        \"North Europe\",\r\n        \"Brazil South\",\r\n        \"Canada East\",\r\n        \"Canada Central\",\r\n        \"West US 2\",\r\n        \"West Central US\"\r\n      ],\r\n      \"apiVersions\": [\r\n        \"2016-01-01\",\r\n        \"2015-06-15\",\r\n        \"2015-05-01-preview\"\r\n      ],\r\n      \"capabilities\": \"CrossResourceGroupResourceMove, CrossSubscriptionResourceMove\"\r\n    },\r\n    {\r\n      \"resourceType\": \"operations\",\r\n      \"locations\": [],\r\n      \"apiVersions\": [\r\n        \"2016-01-01\",\r\n        \"2015-06-15\",\r\n        \"2015-05-01-preview\"\r\n      ]\r\n    },\r\n    {\r\n      \"resourceType\": \"storageAccounts/listAccountSas\",\r\n      \"locations\": [],\r\n      \"apiVersions\": [\r\n        \"2016-05-01\"\r\n      ]\r\n    },\r\n    {\r\n      \"resourceType\": \"usages\",\r\n      \"locations\": [],\r\n      \"apiVersions\": [\r\n        \"2016-01-01\",\r\n        \"2015-06-15\",\r\n        \"2015-05-01-preview\"\r\n      ]\r\n    },\r\n    {\r\n      \"resourceType\": \"checkNameAvailability\",\r\n      \"locations\": [],\r\n      \"apiVersions\": [\r\n        \"2016-01-01\",\r\n        \"2015-06-15\",\r\n        \"2015-05-01-preview\"\r\n      ]\r\n    },\r\n    {\r\n      \"resourceType\": \"storageAccounts/services\",\r\n      \"locations\": [\r\n        \"East US\",\r\n        \"West US\",\r\n        \"West Europe\",\r\n        \"North Europe\",\r\n        \"East Asia\",\r\n        \"Southeast Asia\",\r\n        \"Japan East\",\r\n        \"Japan West\",\r\n        \"North Central US\",\r\n        \"South Central US\",\r\n        \"East US 2\",\r\n        \"Central US\",\r\n        \"Brazil South\",\r\n        \"Canada East\",\r\n        \"Canada Central\",\r\n        \"West US 2\",\r\n        \"West Central US\"\r\n      ],\r\n      \"apiVersions\": [\r\n        \"2014-04-01\"\r\n      ]\r\n    },\r\n    {\r\n      \"resourceType\": \"storageAccounts/services/metricDefinitions\",\r\n      \"locations\": [\r\n        \"East US\",\r\n        \"West US\",\r\n        \"West Europe\",\r\n        \"North Europe\",\r\n        \"East Asia\",\r\n        \"Southeast Asia\",\r\n        \"Japan East\",\r\n        \"Japan West\",\r\n        \"North Central US\",\r\n        \"South Central US\",\r\n        \"East US 2\",\r\n        \"Central US\",\r\n        \"Brazil South\",\r\n        \"Canada East\",\r\n        \"Canada Central\",\r\n        \"West US 2\",\r\n        \"West Central US\"\r\n      ],\r\n      \"apiVersions\": [\r\n        \"2014-04-01\"\r\n      ]\r\n    }\r\n  ],\r\n  \"registrationState\": \"Registered\"\r\n}",
      "ResponseHeaders": {
        "Content-Type": [
          "application/json; charset=utf-8"
        ],
        "Expires": [
          "-1"
        ],
        "Cache-Control": [
          "no-cache"
        ],
        "Date": [
          "Thu, 25 Aug 2016 22:33:55 GMT"
        ],
        "Pragma": [
          "no-cache"
        ],
        "Vary": [
          "Accept-Encoding"
        ],
        "x-ms-ratelimit-remaining-subscription-writes": [
          "1195"
        ],
        "x-ms-request-id": [
          "4f81420c-8613-4a33-b9c9-f549f859c3b3"
        ],
        "x-ms-correlation-request-id": [
          "4f81420c-8613-4a33-b9c9-f549f859c3b3"
        ],
        "x-ms-routing-request-id": [
          "CENTRALUS:20160825T223356Z:4f81420c-8613-4a33-b9c9-f549f859c3b3"
        ],
        "Strict-Transport-Security": [
          "max-age=31536000; includeSubDomains"
        ]
      },
      "StatusCode": 200
    },
    {
      "RequestUri": "/subscriptions/53d9063d-87ae-4ea8-be90-3686c3b8669f/providers/Microsoft.Storage?api-version=2015-11-01",
      "EncodedRequestUri": "L3N1YnNjcmlwdGlvbnMvNTNkOTA2M2QtODdhZS00ZWE4LWJlOTAtMzY4NmMzYjg2NjlmL3Byb3ZpZGVycy9NaWNyb3NvZnQuU3RvcmFnZT9hcGktdmVyc2lvbj0yMDE1LTExLTAx",
      "RequestMethod": "GET",
      "RequestBody": "",
      "RequestHeaders": {
        "x-ms-client-request-id": [
          "3a67dccb-0cae-4946-82a5-f02832b9bc5f"
        ],
        "accept-language": [
          "en-US"
        ],
        "User-Agent": [
          "Microsoft.Azure.Management.Resources.ResourceManagementClient/1.0.0-preview"
        ]
      },
      "ResponseBody": "{\r\n  \"id\": \"/subscriptions/53d9063d-87ae-4ea8-be90-3686c3b8669f/providers/Microsoft.Storage\",\r\n  \"namespace\": \"Microsoft.Storage\",\r\n  \"resourceTypes\": [\r\n    {\r\n      \"resourceType\": \"storageAccounts\",\r\n      \"locations\": [\r\n        \"East US\",\r\n        \"East US 2\",\r\n        \"West US\",\r\n        \"West Europe\",\r\n        \"East Asia\",\r\n        \"Southeast Asia\",\r\n        \"Japan East\",\r\n        \"Japan West\",\r\n        \"North Central US\",\r\n        \"South Central US\",\r\n        \"Central US\",\r\n        \"North Europe\",\r\n        \"Brazil South\",\r\n        \"Canada East\",\r\n        \"Canada Central\",\r\n        \"West US 2\",\r\n        \"West Central US\"\r\n      ],\r\n      \"apiVersions\": [\r\n        \"2016-01-01\",\r\n        \"2015-06-15\",\r\n        \"2015-05-01-preview\"\r\n      ],\r\n      \"capabilities\": \"CrossResourceGroupResourceMove, CrossSubscriptionResourceMove\"\r\n    },\r\n    {\r\n      \"resourceType\": \"operations\",\r\n      \"locations\": [],\r\n      \"apiVersions\": [\r\n        \"2016-01-01\",\r\n        \"2015-06-15\",\r\n        \"2015-05-01-preview\"\r\n      ]\r\n    },\r\n    {\r\n      \"resourceType\": \"storageAccounts/listAccountSas\",\r\n      \"locations\": [],\r\n      \"apiVersions\": [\r\n        \"2016-05-01\"\r\n      ]\r\n    },\r\n    {\r\n      \"resourceType\": \"usages\",\r\n      \"locations\": [],\r\n      \"apiVersions\": [\r\n        \"2016-01-01\",\r\n        \"2015-06-15\",\r\n        \"2015-05-01-preview\"\r\n      ]\r\n    },\r\n    {\r\n      \"resourceType\": \"checkNameAvailability\",\r\n      \"locations\": [],\r\n      \"apiVersions\": [\r\n        \"2016-01-01\",\r\n        \"2015-06-15\",\r\n        \"2015-05-01-preview\"\r\n      ]\r\n    },\r\n    {\r\n      \"resourceType\": \"storageAccounts/services\",\r\n      \"locations\": [\r\n        \"East US\",\r\n        \"West US\",\r\n        \"West Europe\",\r\n        \"North Europe\",\r\n        \"East Asia\",\r\n        \"Southeast Asia\",\r\n        \"Japan East\",\r\n        \"Japan West\",\r\n        \"North Central US\",\r\n        \"South Central US\",\r\n        \"East US 2\",\r\n        \"Central US\",\r\n        \"Brazil South\",\r\n        \"Canada East\",\r\n        \"Canada Central\",\r\n        \"West US 2\",\r\n        \"West Central US\"\r\n      ],\r\n      \"apiVersions\": [\r\n        \"2014-04-01\"\r\n      ]\r\n    },\r\n    {\r\n      \"resourceType\": \"storageAccounts/services/metricDefinitions\",\r\n      \"locations\": [\r\n        \"East US\",\r\n        \"West US\",\r\n        \"West Europe\",\r\n        \"North Europe\",\r\n        \"East Asia\",\r\n        \"Southeast Asia\",\r\n        \"Japan East\",\r\n        \"Japan West\",\r\n        \"North Central US\",\r\n        \"South Central US\",\r\n        \"East US 2\",\r\n        \"Central US\",\r\n        \"Brazil South\",\r\n        \"Canada East\",\r\n        \"Canada Central\",\r\n        \"West US 2\",\r\n        \"West Central US\"\r\n      ],\r\n      \"apiVersions\": [\r\n        \"2014-04-01\"\r\n      ]\r\n    }\r\n  ],\r\n  \"registrationState\": \"Registered\"\r\n}",
      "ResponseHeaders": {
        "Content-Type": [
          "application/json; charset=utf-8"
        ],
        "Expires": [
          "-1"
        ],
        "Cache-Control": [
          "no-cache"
        ],
        "Date": [
          "Thu, 25 Aug 2016 22:33:55 GMT"
        ],
        "Pragma": [
          "no-cache"
        ],
        "Vary": [
          "Accept-Encoding"
        ],
        "x-ms-ratelimit-remaining-subscription-reads": [
          "14995"
        ],
        "x-ms-request-id": [
          "9ebaf0a3-a7ff-4b3a-a489-0fe32936eadf"
        ],
        "x-ms-correlation-request-id": [
          "9ebaf0a3-a7ff-4b3a-a489-0fe32936eadf"
        ],
        "x-ms-routing-request-id": [
          "CENTRALUS:20160825T223356Z:9ebaf0a3-a7ff-4b3a-a489-0fe32936eadf"
        ],
        "Strict-Transport-Security": [
          "max-age=31536000; includeSubDomains"
        ]
      },
      "StatusCode": 200
    },
    {
      "RequestUri": "/subscriptions/53d9063d-87ae-4ea8-be90-3686c3b8669f/resourcegroups/datalakerg18304?api-version=2015-11-01",
      "EncodedRequestUri": "L3N1YnNjcmlwdGlvbnMvNTNkOTA2M2QtODdhZS00ZWE4LWJlOTAtMzY4NmMzYjg2NjlmL3Jlc291cmNlZ3JvdXBzL2RhdGFsYWtlcmcxODMwND9hcGktdmVyc2lvbj0yMDE1LTExLTAx",
      "RequestMethod": "GET",
      "RequestBody": "",
      "RequestHeaders": {
        "x-ms-client-request-id": [
          "43a9ce20-8c32-461c-84df-800299af5657"
        ],
        "accept-language": [
          "en-US"
        ],
        "User-Agent": [
          "Microsoft.Azure.Management.Resources.ResourceManagementClient/1.0.0-preview"
        ]
      },
      "ResponseBody": "{\r\n  \"error\": {\r\n    \"code\": \"ResourceGroupNotFound\",\r\n    \"message\": \"Resource group 'datalakerg18304' could not be found.\"\r\n  }\r\n}",
      "ResponseHeaders": {
        "Content-Length": [
          "107"
        ],
        "Content-Type": [
          "application/json; charset=utf-8"
        ],
        "Expires": [
          "-1"
        ],
        "Cache-Control": [
          "no-cache"
        ],
        "Date": [
          "Thu, 25 Aug 2016 22:33:56 GMT"
        ],
        "Pragma": [
          "no-cache"
        ],
        "x-ms-failure-cause": [
          "gateway"
        ],
        "x-ms-ratelimit-remaining-subscription-reads": [
          "14994"
        ],
        "x-ms-request-id": [
          "0814ce59-8c7f-46c5-a6b7-9b6174ce0ea7"
        ],
        "x-ms-correlation-request-id": [
          "0814ce59-8c7f-46c5-a6b7-9b6174ce0ea7"
        ],
        "x-ms-routing-request-id": [
          "CENTRALUS:20160825T223356Z:0814ce59-8c7f-46c5-a6b7-9b6174ce0ea7"
        ],
        "Strict-Transport-Security": [
          "max-age=31536000; includeSubDomains"
        ]
      },
      "StatusCode": 404
    },
    {
      "RequestUri": "/subscriptions/53d9063d-87ae-4ea8-be90-3686c3b8669f/resourcegroups/datalakerg18304?api-version=2015-11-01",
      "EncodedRequestUri": "L3N1YnNjcmlwdGlvbnMvNTNkOTA2M2QtODdhZS00ZWE4LWJlOTAtMzY4NmMzYjg2NjlmL3Jlc291cmNlZ3JvdXBzL2RhdGFsYWtlcmcxODMwND9hcGktdmVyc2lvbj0yMDE1LTExLTAx",
      "RequestMethod": "GET",
      "RequestBody": "",
      "RequestHeaders": {
        "x-ms-client-request-id": [
          "fb3255c3-2ce3-4d68-8d39-0dd1abdfbee3"
        ],
        "accept-language": [
          "en-US"
        ],
        "User-Agent": [
          "Microsoft.Azure.Management.Resources.ResourceManagementClient/1.0.0-preview"
        ]
      },
      "ResponseBody": "{\r\n  \"id\": \"/subscriptions/53d9063d-87ae-4ea8-be90-3686c3b8669f/resourceGroups/datalakerg18304\",\r\n  \"name\": \"datalakerg18304\",\r\n  \"location\": \"eastus2\",\r\n  \"properties\": {\r\n    \"provisioningState\": \"Succeeded\"\r\n  }\r\n}",
      "ResponseHeaders": {
        "Content-Type": [
          "application/json; charset=utf-8"
        ],
        "Expires": [
          "-1"
        ],
        "Cache-Control": [
          "no-cache"
        ],
        "Date": [
          "Thu, 25 Aug 2016 22:33:57 GMT"
        ],
        "Pragma": [
          "no-cache"
        ],
        "Vary": [
          "Accept-Encoding"
        ],
        "x-ms-ratelimit-remaining-subscription-reads": [
          "14993"
        ],
        "x-ms-request-id": [
          "1ba207d3-64db-4a83-a3e6-08fe759bfda1"
        ],
        "x-ms-correlation-request-id": [
          "1ba207d3-64db-4a83-a3e6-08fe759bfda1"
        ],
        "x-ms-routing-request-id": [
          "CENTRALUS:20160825T223357Z:1ba207d3-64db-4a83-a3e6-08fe759bfda1"
        ],
        "Strict-Transport-Security": [
          "max-age=31536000; includeSubDomains"
        ]
      },
      "StatusCode": 200
    },
    {
      "RequestUri": "/subscriptions/53d9063d-87ae-4ea8-be90-3686c3b8669f/resourcegroups/datalakerg18304?api-version=2015-11-01",
      "EncodedRequestUri": "L3N1YnNjcmlwdGlvbnMvNTNkOTA2M2QtODdhZS00ZWE4LWJlOTAtMzY4NmMzYjg2NjlmL3Jlc291cmNlZ3JvdXBzL2RhdGFsYWtlcmcxODMwND9hcGktdmVyc2lvbj0yMDE1LTExLTAx",
      "RequestMethod": "PUT",
      "RequestBody": "{\r\n  \"location\": \"East US 2\"\r\n}",
      "RequestHeaders": {
        "Content-Type": [
          "application/json; charset=utf-8"
        ],
        "Content-Length": [
          "31"
        ],
        "x-ms-client-request-id": [
          "c6080a33-8de2-48c6-a24a-d92e0a2dddcd"
        ],
        "accept-language": [
          "en-US"
        ],
        "User-Agent": [
          "Microsoft.Azure.Management.Resources.ResourceManagementClient/1.0.0-preview"
        ]
      },
      "ResponseBody": "{\r\n  \"id\": \"/subscriptions/53d9063d-87ae-4ea8-be90-3686c3b8669f/resourceGroups/datalakerg18304\",\r\n  \"name\": \"datalakerg18304\",\r\n  \"location\": \"eastus2\",\r\n  \"properties\": {\r\n    \"provisioningState\": \"Succeeded\"\r\n  }\r\n}",
      "ResponseHeaders": {
        "Content-Length": [
          "184"
        ],
        "Content-Type": [
          "application/json; charset=utf-8"
        ],
        "Expires": [
          "-1"
        ],
        "Cache-Control": [
          "no-cache"
        ],
        "Date": [
          "Thu, 25 Aug 2016 22:33:56 GMT"
        ],
        "Pragma": [
          "no-cache"
        ],
        "x-ms-ratelimit-remaining-subscription-writes": [
          "1194"
        ],
        "x-ms-request-id": [
          "8284a68f-641d-495c-ba68-a20a9b22dc25"
        ],
        "x-ms-correlation-request-id": [
          "8284a68f-641d-495c-ba68-a20a9b22dc25"
        ],
        "x-ms-routing-request-id": [
          "CENTRALUS:20160825T223357Z:8284a68f-641d-495c-ba68-a20a9b22dc25"
        ],
        "Strict-Transport-Security": [
          "max-age=31536000; includeSubDomains"
        ]
      },
      "StatusCode": 201
    },
    {
      "RequestUri": "/subscriptions/53d9063d-87ae-4ea8-be90-3686c3b8669f/resourceGroups/datalakerg18304/providers/Microsoft.DataLakeStore/accounts/testadlfs18530?api-version=2015-10-01-preview",
      "EncodedRequestUri": "L3N1YnNjcmlwdGlvbnMvNTNkOTA2M2QtODdhZS00ZWE4LWJlOTAtMzY4NmMzYjg2NjlmL3Jlc291cmNlR3JvdXBzL2RhdGFsYWtlcmcxODMwNC9wcm92aWRlcnMvTWljcm9zb2Z0LkRhdGFMYWtlU3RvcmUvYWNjb3VudHMvdGVzdGFkbGZzMTg1MzA/YXBpLXZlcnNpb249MjAxNS0xMC0wMS1wcmV2aWV3",
      "RequestMethod": "GET",
      "RequestBody": "",
      "RequestHeaders": {
        "x-ms-client-request-id": [
          "531a4073-e2ba-494c-bd4e-c6a1b77436dd"
        ],
        "accept-language": [
          "en-US"
        ],
        "User-Agent": [
          "Microsoft.Azure.Management.DataLake.Store.DataLakeStoreAccountManagementClient/0.12.5-preview"
        ]
      },
      "ResponseBody": "{\r\n  \"error\": {\r\n    \"code\": \"ResourceNotFound\",\r\n    \"message\": \"The Resource 'Microsoft.DataLakeStore/accounts/testadlfs18530' under resource group 'datalakerg18304' was not found.\"\r\n  }\r\n}",
      "ResponseHeaders": {
        "Content-Length": [
          "166"
        ],
        "Content-Type": [
          "application/json; charset=utf-8"
        ],
        "Expires": [
          "-1"
        ],
        "Cache-Control": [
          "no-cache"
        ],
        "Date": [
          "Thu, 25 Aug 2016 22:33:56 GMT"
        ],
        "Pragma": [
          "no-cache"
        ],
        "x-ms-failure-cause": [
          "gateway"
        ],
        "x-ms-request-id": [
          "dc5b2a60-49f7-4bcc-8aec-909bb89c8769"
        ],
        "x-ms-correlation-request-id": [
          "dc5b2a60-49f7-4bcc-8aec-909bb89c8769"
        ],
        "x-ms-routing-request-id": [
          "CENTRALUS:20160825T223357Z:dc5b2a60-49f7-4bcc-8aec-909bb89c8769"
        ],
        "Strict-Transport-Security": [
          "max-age=31536000; includeSubDomains"
        ]
      },
      "StatusCode": 404
    },
    {
      "RequestUri": "/subscriptions/53d9063d-87ae-4ea8-be90-3686c3b8669f/resourceGroups/datalakerg18304/providers/Microsoft.DataLakeStore/accounts/testadlfs18530?api-version=2015-10-01-preview",
      "EncodedRequestUri": "L3N1YnNjcmlwdGlvbnMvNTNkOTA2M2QtODdhZS00ZWE4LWJlOTAtMzY4NmMzYjg2NjlmL3Jlc291cmNlR3JvdXBzL2RhdGFsYWtlcmcxODMwNC9wcm92aWRlcnMvTWljcm9zb2Z0LkRhdGFMYWtlU3RvcmUvYWNjb3VudHMvdGVzdGFkbGZzMTg1MzA/YXBpLXZlcnNpb249MjAxNS0xMC0wMS1wcmV2aWV3",
      "RequestMethod": "GET",
      "RequestBody": "",
      "RequestHeaders": {
        "User-Agent": [
          "Microsoft.Azure.Management.DataLake.Store.DataLakeStoreAccountManagementClient/0.12.5-preview"
        ]
      },
      "ResponseBody": "{\r\n  \"properties\": {\r\n    \"firewallState\": \"Disabled\",\r\n    \"firewallRules\": [],\r\n    \"trustedIdProviderState\": \"Disabled\",\r\n    \"trustedIdProviders\": [],\r\n    \"encryptionConfig\": {},\r\n    \"provisioningState\": \"Succeeded\",\r\n    \"state\": \"Active\",\r\n    \"endpoint\": \"testadlfs18530.azuredatalakestore.net\",\r\n    \"accountId\": \"80418fc3-1546-40d4-aa24-6cb21c076bf5\",\r\n    \"creationTime\": \"2016-08-25T22:33:58.750098Z\",\r\n    \"lastModifiedTime\": \"2016-08-25T22:33:58.750098Z\"\r\n  },\r\n  \"location\": \"East US 2\",\r\n  \"tags\": null,\r\n  \"id\": \"/subscriptions/53d9063d-87ae-4ea8-be90-3686c3b8669f/resourceGroups/datalakerg18304/providers/Microsoft.DataLakeStore/accounts/testadlfs18530\",\r\n  \"name\": \"testadlfs18530\",\r\n  \"type\": \"Microsoft.DataLakeStore/accounts\"\r\n}",
      "ResponseHeaders": {
        "Content-Type": [
          "application/json"
        ],
        "Expires": [
          "-1"
        ],
        "Cache-Control": [
          "no-cache"
        ],
        "Connection": [
          "close"
        ],
        "Date": [
          "Thu, 25 Aug 2016 22:34:29 GMT"
        ],
        "Pragma": [
          "no-cache"
        ],
        "Server": [
          "Microsoft-IIS/8.5"
        ],
        "Vary": [
          "Accept-Encoding"
        ],
        "x-ms-request-id": [
          "62cc81c9-7d0f-4113-afe2-9233b13ea0f8"
        ],
        "X-AspNet-Version": [
          "4.0.30319"
        ],
        "X-Powered-By": [
          "ASP.NET"
        ],
        "x-ms-ratelimit-remaining-subscription-reads": [
          "14989"
        ],
        "x-ms-correlation-request-id": [
          "2ac81025-940d-4a53-a0e7-e175b97c655d"
        ],
        "x-ms-routing-request-id": [
          "CENTRALUS:20160825T223429Z:2ac81025-940d-4a53-a0e7-e175b97c655d"
        ],
        "Strict-Transport-Security": [
          "max-age=31536000; includeSubDomains"
        ]
      },
      "StatusCode": 200
    },
    {
      "RequestUri": "/subscriptions/53d9063d-87ae-4ea8-be90-3686c3b8669f/resourceGroups/datalakerg18304/providers/Microsoft.DataLakeStore/accounts/testadlfs18530?api-version=2015-10-01-preview",
      "EncodedRequestUri": "L3N1YnNjcmlwdGlvbnMvNTNkOTA2M2QtODdhZS00ZWE4LWJlOTAtMzY4NmMzYjg2NjlmL3Jlc291cmNlR3JvdXBzL2RhdGFsYWtlcmcxODMwNC9wcm92aWRlcnMvTWljcm9zb2Z0LkRhdGFMYWtlU3RvcmUvYWNjb3VudHMvdGVzdGFkbGZzMTg1MzA/YXBpLXZlcnNpb249MjAxNS0xMC0wMS1wcmV2aWV3",
      "RequestMethod": "GET",
      "RequestBody": "",
      "RequestHeaders": {
        "x-ms-client-request-id": [
          "6d727bdf-0b32-4bd7-8821-755acee07a46"
        ],
        "accept-language": [
          "en-US"
        ],
        "User-Agent": [
          "Microsoft.Azure.Management.DataLake.Store.DataLakeStoreAccountManagementClient/0.12.5-preview"
        ]
      },
      "ResponseBody": "{\r\n  \"properties\": {\r\n    \"firewallState\": \"Disabled\",\r\n    \"firewallRules\": [],\r\n    \"trustedIdProviderState\": \"Disabled\",\r\n    \"trustedIdProviders\": [],\r\n    \"encryptionConfig\": {},\r\n    \"provisioningState\": \"Succeeded\",\r\n    \"state\": \"Active\",\r\n    \"endpoint\": \"testadlfs18530.azuredatalakestore.net\",\r\n    \"accountId\": \"80418fc3-1546-40d4-aa24-6cb21c076bf5\",\r\n    \"creationTime\": \"2016-08-25T22:33:58.750098Z\",\r\n    \"lastModifiedTime\": \"2016-08-25T22:33:58.750098Z\"\r\n  },\r\n  \"location\": \"East US 2\",\r\n  \"tags\": null,\r\n  \"id\": \"/subscriptions/53d9063d-87ae-4ea8-be90-3686c3b8669f/resourceGroups/datalakerg18304/providers/Microsoft.DataLakeStore/accounts/testadlfs18530\",\r\n  \"name\": \"testadlfs18530\",\r\n  \"type\": \"Microsoft.DataLakeStore/accounts\"\r\n}",
      "ResponseHeaders": {
        "Content-Type": [
          "application/json"
        ],
        "Expires": [
          "-1"
        ],
        "Cache-Control": [
          "no-cache"
        ],
        "Connection": [
          "close"
        ],
        "Date": [
          "Thu, 25 Aug 2016 22:34:30 GMT"
        ],
        "Pragma": [
          "no-cache"
        ],
        "Server": [
          "Microsoft-IIS/8.5"
        ],
        "Vary": [
          "Accept-Encoding"
        ],
        "x-ms-request-id": [
          "ece0753f-8bc6-4145-b227-92a5069741a0"
        ],
        "X-AspNet-Version": [
          "4.0.30319"
        ],
        "X-Powered-By": [
          "ASP.NET"
        ],
        "x-ms-ratelimit-remaining-subscription-reads": [
          "14995"
        ],
        "x-ms-correlation-request-id": [
          "d7843776-10fa-4212-b39b-1038e155fa10"
        ],
        "x-ms-routing-request-id": [
          "CENTRALUS:20160825T223430Z:d7843776-10fa-4212-b39b-1038e155fa10"
        ],
        "Strict-Transport-Security": [
          "max-age=31536000; includeSubDomains"
        ]
      },
      "StatusCode": 200
    },
    {
      "RequestUri": "/subscriptions/53d9063d-87ae-4ea8-be90-3686c3b8669f/resourceGroups/datalakerg18304/providers/Microsoft.DataLakeStore/accounts/testadlfs18530?api-version=2015-10-01-preview",
      "EncodedRequestUri": "L3N1YnNjcmlwdGlvbnMvNTNkOTA2M2QtODdhZS00ZWE4LWJlOTAtMzY4NmMzYjg2NjlmL3Jlc291cmNlR3JvdXBzL2RhdGFsYWtlcmcxODMwNC9wcm92aWRlcnMvTWljcm9zb2Z0LkRhdGFMYWtlU3RvcmUvYWNjb3VudHMvdGVzdGFkbGZzMTg1MzA/YXBpLXZlcnNpb249MjAxNS0xMC0wMS1wcmV2aWV3",
      "RequestMethod": "PUT",
      "RequestBody": "{\r\n  \"location\": \"East US 2\",\r\n  \"name\": \"testadlfs18530\"\r\n}",
      "RequestHeaders": {
        "Content-Type": [
          "application/json; charset=utf-8"
        ],
        "Content-Length": [
          "60"
        ],
        "x-ms-client-request-id": [
          "515c6a75-08f6-4889-8b51-55d8d894f22c"
        ],
        "accept-language": [
          "en-US"
        ],
        "User-Agent": [
          "Microsoft.Azure.Management.DataLake.Store.DataLakeStoreAccountManagementClient/0.12.5-preview"
        ]
      },
      "ResponseBody": "{\r\n  \"properties\": {\r\n    \"provisioningState\": \"Creating\",\r\n    \"state\": null,\r\n    \"endpoint\": null,\r\n    \"accountId\": \"80418fc3-1546-40d4-aa24-6cb21c076bf5\",\r\n    \"creationTime\": null,\r\n    \"lastModifiedTime\": null\r\n  },\r\n  \"location\": \"East US 2\",\r\n  \"tags\": null,\r\n  \"id\": \"/subscriptions/53d9063d-87ae-4ea8-be90-3686c3b8669f/resourceGroups/datalakerg18304/providers/Microsoft.DataLakeStore/accounts/testadlfs18530\",\r\n  \"name\": \"testadlfs18530\",\r\n  \"type\": \"Microsoft.DataLakeStore/accounts\"\r\n}",
      "ResponseHeaders": {
        "Content-Length": [
          "420"
        ],
        "Content-Type": [
          "application/json"
        ],
        "Expires": [
          "-1"
        ],
        "Cache-Control": [
          "no-cache"
        ],
        "Connection": [
          "close"
        ],
        "Date": [
          "Thu, 25 Aug 2016 22:33:57 GMT"
        ],
        "Pragma": [
          "no-cache"
        ],
        "Location": [
          "https://management.azure.com/subscriptions/53d9063d-87ae-4ea8-be90-3686c3b8669f/resourcegroups/datalakerg18304/providers/Microsoft.DataLakeStore/accounts/testadlfs18530/operationresults/0?api-version=2015-10-01-preview"
        ],
        "Retry-After": [
          "10"
        ],
        "Server": [
          "Microsoft-IIS/8.5"
        ],
        "Azure-AsyncOperation": [
          "https://management.azure.com/subscriptions/53d9063d-87ae-4ea8-be90-3686c3b8669f/providers/Microsoft.DataLakeStore/locations/EastUS2/operationResults/80418fc3-1546-40d4-aa24-6cb21c076bf50?api-version=2015-10-01-preview&expanded=true"
        ],
        "x-ms-request-id": [
          "4e75b727-6bf7-4df6-a026-22ec498c7829"
        ],
        "X-AspNet-Version": [
          "4.0.30319"
        ],
        "X-Powered-By": [
          "ASP.NET"
        ],
        "x-ms-ratelimit-remaining-subscription-writes": [
          "1194"
        ],
        "x-ms-correlation-request-id": [
          "f8773981-6c70-4de9-ab66-ad8afe4697b0"
        ],
        "x-ms-routing-request-id": [
          "CENTRALUS:20160825T223358Z:f8773981-6c70-4de9-ab66-ad8afe4697b0"
        ],
        "Strict-Transport-Security": [
          "max-age=31536000; includeSubDomains"
        ]
      },
      "StatusCode": 201
    },
    {
      "RequestUri": "/subscriptions/53d9063d-87ae-4ea8-be90-3686c3b8669f/providers/Microsoft.DataLakeStore/locations/EastUS2/operationResults/80418fc3-1546-40d4-aa24-6cb21c076bf50?api-version=2015-10-01-preview&expanded=true",
      "EncodedRequestUri": "L3N1YnNjcmlwdGlvbnMvNTNkOTA2M2QtODdhZS00ZWE4LWJlOTAtMzY4NmMzYjg2NjlmL3Byb3ZpZGVycy9NaWNyb3NvZnQuRGF0YUxha2VTdG9yZS9sb2NhdGlvbnMvRWFzdFVTMi9vcGVyYXRpb25SZXN1bHRzLzgwNDE4ZmMzLTE1NDYtNDBkNC1hYTI0LTZjYjIxYzA3NmJmNTA/YXBpLXZlcnNpb249MjAxNS0xMC0wMS1wcmV2aWV3JmV4cGFuZGVkPXRydWU=",
      "RequestMethod": "GET",
      "RequestBody": "",
      "RequestHeaders": {
        "User-Agent": [
          "Microsoft.Azure.Management.DataLake.Store.DataLakeStoreAccountManagementClient/0.12.5-preview"
        ]
      },
      "ResponseBody": "{\r\n  \"status\": \"Succeeded\"\r\n}",
      "ResponseHeaders": {
        "Content-Type": [
          "application/json"
        ],
        "Expires": [
          "-1"
        ],
        "Cache-Control": [
          "no-cache"
        ],
        "Connection": [
          "close"
        ],
        "Date": [
          "Thu, 25 Aug 2016 22:34:28 GMT"
        ],
        "Pragma": [
          "no-cache"
        ],
        "Server": [
          "Microsoft-IIS/8.5"
        ],
        "Vary": [
          "Accept-Encoding"
        ],
        "x-ms-request-id": [
          "2c2e5be2-cf94-4280-9549-df0f2933bc1c"
        ],
        "X-AspNet-Version": [
          "4.0.30319"
        ],
        "X-Powered-By": [
          "ASP.NET"
        ],
        "x-ms-ratelimit-remaining-subscription-reads": [
          "14997"
        ],
        "x-ms-correlation-request-id": [
          "0f9818cd-b3dc-4c3b-9605-d96681497ec4"
        ],
        "x-ms-routing-request-id": [
          "CENTRALUS:20160825T223429Z:0f9818cd-b3dc-4c3b-9605-d96681497ec4"
        ],
        "Strict-Transport-Security": [
          "max-age=31536000; includeSubDomains"
        ]
      },
      "StatusCode": 200
    },
    {
      "RequestUri": "/webhdfs/v1/SDKTestFolder012331?op=MKDIRS&api-version=2015-10-01-preview",
      "EncodedRequestUri": "L3dlYmhkZnMvdjEvU0RLVGVzdEZvbGRlcjAxMjMzMT9vcD1NS0RJUlMmYXBpLXZlcnNpb249MjAxNS0xMC0wMS1wcmV2aWV3",
      "RequestMethod": "PUT",
      "RequestBody": "",
      "RequestHeaders": {
        "x-ms-client-request-id": [
          "43deaf60-a303-4ed8-b2ec-d0eb0c7d59d9"
        ],
        "accept-language": [
          "en-US"
        ],
        "User-Agent": [
          "Microsoft.Azure.Management.DataLake.Store.DataLakeStoreFileSystemManagementClient/0.12.5-preview"
        ]
      },
      "ResponseBody": "{\r\n  \"boolean\": true\r\n}",
      "ResponseHeaders": {
        "Content-Length": [
          "16"
        ],
        "Content-Type": [
          "application/json; charset=utf-8"
        ],
        "Expires": [
          "-1"
        ],
        "Cache-Control": [
          "no-cache"
        ],
        "Date": [
          "Thu, 25 Aug 2016 22:34:30 GMT"
        ],
        "Pragma": [
          "no-cache"
        ],
        "x-ms-request-id": [
          "c8359fe5-1adc-4230-9dbe-4fc2e762ed74"
        ],
        "Server-Perf": [
          "[c8359fe5-1adc-4230-9dbe-4fc2e762ed74][ AuthTime::1029.79300647384::PostAuthTime::247.184533945963 ][S-HdfsMkdirs :: 00:00:034 ms]%0a[MKDIRS :: 00:00:037 ms]%0a"
        ],
        "x-ms-webhdfs-version": [
          "16.07.07.01"
        ],
        "Status": [
          "0x0"
        ],
        "X-Content-Type-Options": [
          "nosniff"
        ],
        "Strict-Transport-Security": [
          "max-age=15724800; includeSubDomains"
        ]
      },
      "StatusCode": 200
    },
    {
      "RequestUri": "/webhdfs/v1/SDKTestFolder012331?op=GETFILESTATUS&api-version=2015-10-01-preview",
      "EncodedRequestUri": "L3dlYmhkZnMvdjEvU0RLVGVzdEZvbGRlcjAxMjMzMT9vcD1HRVRGSUxFU1RBVFVTJmFwaS12ZXJzaW9uPTIwMTUtMTAtMDEtcHJldmlldw==",
      "RequestMethod": "GET",
      "RequestBody": "",
      "RequestHeaders": {
        "x-ms-client-request-id": [
          "438d2af2-13e0-4974-8c2c-7b5c544f2bdc"
        ],
        "accept-language": [
          "en-US"
        ],
        "User-Agent": [
          "Microsoft.Azure.Management.DataLake.Store.DataLakeStoreFileSystemManagementClient/0.12.5-preview"
        ]
      },
      "ResponseBody": "{\r\n  \"FileStatus\": {\r\n    \"length\": 0,\r\n    \"pathSuffix\": \"\",\r\n    \"type\": \"DIRECTORY\",\r\n    \"blockSize\": 0,\r\n    \"accessTime\": 1472164470221,\r\n    \"modificationTime\": 1472164470221,\r\n    \"replication\": 0,\r\n    \"permission\": \"770\",\r\n    \"owner\": \"2e6c02d2-a364-4530-9137-d17403996cbf\",\r\n    \"group\": \"2e6c02d2-a364-4530-9137-d17403996cbf\"\r\n  }\r\n}",
      "ResponseHeaders": {
        "Content-Length": [
          "265"
        ],
        "Content-Type": [
          "application/json; charset=utf-8"
        ],
        "Expires": [
          "-1"
        ],
        "Cache-Control": [
          "no-cache"
        ],
        "Date": [
          "Thu, 25 Aug 2016 22:34:30 GMT"
        ],
        "Pragma": [
          "no-cache"
        ],
        "x-ms-request-id": [
          "e0d1e31a-316b-428b-a29c-a4bb56654551"
        ],
        "Server-Perf": [
          "[e0d1e31a-316b-428b-a29c-a4bb56654551][ AuthTime::0::PostAuthTime::0 ][S-HdfsGetFileStatusV2 :: 00:00:004 ms]%0a[GETFILESTATUS :: 00:00:007 ms]%0a"
        ],
        "x-ms-webhdfs-version": [
          "16.07.07.01"
        ],
        "Status": [
          "0x0"
        ],
        "X-Content-Type-Options": [
          "nosniff"
        ],
        "Strict-Transport-Security": [
          "max-age=15724800; includeSubDomains"
        ]
      },
      "StatusCode": 200
    },
    {
      "RequestUri": "/webhdfs/v1/SDKTestFolder012331?recursive=true&op=DELETE&api-version=2015-10-01-preview",
      "EncodedRequestUri": "L3dlYmhkZnMvdjEvU0RLVGVzdEZvbGRlcjAxMjMzMT9yZWN1cnNpdmU9dHJ1ZSZvcD1ERUxFVEUmYXBpLXZlcnNpb249MjAxNS0xMC0wMS1wcmV2aWV3",
      "RequestMethod": "DELETE",
      "RequestBody": "",
      "RequestHeaders": {
        "x-ms-client-request-id": [
          "9417057e-1262-43bb-a416-91ecbf58a821"
        ],
        "accept-language": [
          "en-US"
        ],
        "User-Agent": [
          "Microsoft.Azure.Management.DataLake.Store.DataLakeStoreFileSystemManagementClient/0.12.5-preview"
        ]
      },
      "ResponseBody": "{\r\n  \"boolean\": true\r\n}",
      "ResponseHeaders": {
        "Content-Length": [
          "16"
        ],
        "Content-Type": [
          "application/json; charset=utf-8"
        ],
        "Expires": [
          "-1"
        ],
        "Cache-Control": [
          "no-cache"
        ],
        "Date": [
          "Thu, 25 Aug 2016 22:34:30 GMT"
        ],
        "Pragma": [
          "no-cache"
        ],
        "x-ms-request-id": [
          "054a2d81-ad29-4d0c-bb48-36056ec8cbdc"
        ],
        "Server-Perf": [
          "[054a2d81-ad29-4d0c-bb48-36056ec8cbdc][ AuthTime::0::PostAuthTime::0 ][S-FsDelete :: 00:00:040 ms]%0a[DELETE :: 00:00:046 ms]%0a"
        ],
        "x-ms-webhdfs-version": [
          "16.07.07.01"
        ],
        "Status": [
          "0x0"
        ],
        "X-Content-Type-Options": [
          "nosniff"
        ],
        "Strict-Transport-Security": [
          "max-age=15724800; includeSubDomains"
        ]
      },
      "StatusCode": 200
    },
    {
      "RequestUri": "/webhdfs/v1/SDKTestFolder012331?recursive=true&op=DELETE&api-version=2015-10-01-preview",
      "EncodedRequestUri": "L3dlYmhkZnMvdjEvU0RLVGVzdEZvbGRlcjAxMjMzMT9yZWN1cnNpdmU9dHJ1ZSZvcD1ERUxFVEUmYXBpLXZlcnNpb249MjAxNS0xMC0wMS1wcmV2aWV3",
      "RequestMethod": "DELETE",
      "RequestBody": "",
      "RequestHeaders": {
        "x-ms-client-request-id": [
          "87649ab4-28ab-48f0-9482-876b668abea8"
        ],
        "accept-language": [
          "en-US"
        ],
        "User-Agent": [
          "Microsoft.Azure.Management.DataLake.Store.DataLakeStoreFileSystemManagementClient/0.12.5-preview"
        ]
      },
      "ResponseBody": "{\r\n  \"boolean\": true\r\n}",
      "ResponseHeaders": {
        "Content-Length": [
          "16"
        ],
        "Content-Type": [
          "application/json; charset=utf-8"
        ],
        "Expires": [
          "-1"
        ],
        "Cache-Control": [
          "no-cache"
        ],
        "Date": [
          "Thu, 25 Aug 2016 22:34:31 GMT"
        ],
        "Pragma": [
          "no-cache"
        ],
        "x-ms-request-id": [
          "523d523a-0d11-4bd3-96d8-63608c274448"
        ],
        "Server-Perf": [
          "[523d523a-0d11-4bd3-96d8-63608c274448][ AuthTime::1039.2014143403::PostAuthTime::271.133208515122 ][S-FsDelete :: 00:00:031 ms]%0a[DELETE :: 00:00:037 ms]%0a"
        ],
        "x-ms-webhdfs-version": [
          "16.07.07.01"
        ],
        "Status": [
          "0x0"
        ],
        "X-Content-Type-Options": [
          "nosniff"
        ],
        "Strict-Transport-Security": [
          "max-age=15724800; includeSubDomains"
        ]
      },
      "StatusCode": 200
    },
    {
      "RequestUri": "/webhdfs/v1/SDKTestFolder012331?recursive=true&op=DELETE&api-version=2015-10-01-preview",
      "EncodedRequestUri": "L3dlYmhkZnMvdjEvU0RLVGVzdEZvbGRlcjAxMjMzMT9yZWN1cnNpdmU9dHJ1ZSZvcD1ERUxFVEUmYXBpLXZlcnNpb249MjAxNS0xMC0wMS1wcmV2aWV3",
      "RequestMethod": "DELETE",
      "RequestBody": "",
      "RequestHeaders": {
        "x-ms-client-request-id": [
          "a4fc4e02-6da9-4403-9857-df29809d8392"
        ],
        "accept-language": [
          "en-US"
        ],
        "User-Agent": [
          "Microsoft.Azure.Management.DataLake.Store.DataLakeStoreFileSystemManagementClient/0.12.5-preview"
        ]
      },
      "ResponseBody": "{\r\n  \"boolean\": false\r\n}",
      "ResponseHeaders": {
        "Content-Length": [
          "17"
        ],
        "Content-Type": [
          "application/json; charset=utf-8"
        ],
        "Expires": [
          "-1"
        ],
        "Cache-Control": [
          "no-cache"
        ],
        "Date": [
          "Thu, 25 Aug 2016 22:34:31 GMT"
        ],
        "Pragma": [
          "no-cache"
        ],
        "x-ms-request-id": [
          "8b1049fa-0163-4d3c-b294-8d53ad543a34"
        ],
        "Server-Perf": [
          "[8b1049fa-0163-4d3c-b294-8d53ad543a34][ AuthTime::0::PostAuthTime::0 ][S-FsDelete :: 00:00:006 ms]%0a[DELETE :: 00:00:012 ms]%0a"
        ],
        "x-ms-webhdfs-version": [
          "16.07.07.01"
        ],
        "Status": [
          "0x8309000A"
        ],
        "X-Content-Type-Options": [
          "nosniff"
        ],
        "Strict-Transport-Security": [
          "max-age=15724800; includeSubDomains"
        ]
      },
      "StatusCode": 200
    },
    {
      "RequestUri": "/webhdfs/v1/SDKTestFolder012331?recursive=false&op=DELETE&api-version=2015-10-01-preview",
      "EncodedRequestUri": "L3dlYmhkZnMvdjEvU0RLVGVzdEZvbGRlcjAxMjMzMT9yZWN1cnNpdmU9ZmFsc2Umb3A9REVMRVRFJmFwaS12ZXJzaW9uPTIwMTUtMTAtMDEtcHJldmlldw==",
      "RequestMethod": "DELETE",
      "RequestBody": "",
      "RequestHeaders": {
        "x-ms-client-request-id": [
          "a412e433-21b4-4c4d-869f-76144f088bb6"
        ],
        "accept-language": [
          "en-US"
        ],
        "User-Agent": [
          "Microsoft.Azure.Management.DataLake.Store.DataLakeStoreFileSystemManagementClient/0.12.5-preview"
        ]
      },
      "ResponseBody": "{\r\n  \"boolean\": false\r\n}",
      "ResponseHeaders": {
        "Content-Length": [
          "17"
        ],
        "Content-Type": [
          "application/json; charset=utf-8"
        ],
        "Expires": [
          "-1"
        ],
        "Cache-Control": [
          "no-cache"
        ],
        "Date": [
          "Thu, 25 Aug 2016 22:34:30 GMT"
        ],
        "Pragma": [
          "no-cache"
        ],
        "x-ms-request-id": [
          "5667d11d-c1b4-44a4-b5c6-48a7bab7bf93"
        ],
        "Server-Perf": [
          "[5667d11d-c1b4-44a4-b5c6-48a7bab7bf93][ AuthTime::0::PostAuthTime::0 ][S-FsDelete :: 00:00:006 ms]%0a[DELETE :: 00:00:012 ms]%0a"
        ],
        "x-ms-webhdfs-version": [
          "16.07.07.01"
        ],
        "Status": [
          "0x8309000A"
        ],
        "X-Content-Type-Options": [
          "nosniff"
        ],
        "Strict-Transport-Security": [
          "max-age=15724800; includeSubDomains"
        ]
      },
      "StatusCode": 200
    },
    {
      "RequestUri": "/webhdfs/v1/SDKTestFolder012331?recursive=false&op=DELETE&api-version=2015-10-01-preview",
      "EncodedRequestUri": "L3dlYmhkZnMvdjEvU0RLVGVzdEZvbGRlcjAxMjMzMT9yZWN1cnNpdmU9ZmFsc2Umb3A9REVMRVRFJmFwaS12ZXJzaW9uPTIwMTUtMTAtMDEtcHJldmlldw==",
      "RequestMethod": "DELETE",
      "RequestBody": "",
      "RequestHeaders": {
        "x-ms-client-request-id": [
          "09097800-94bc-4840-b4a7-da2136e4e072"
        ],
        "accept-language": [
          "en-US"
        ],
        "User-Agent": [
          "Microsoft.Azure.Management.DataLake.Store.DataLakeStoreFileSystemManagementClient/0.12.5-preview"
        ]
      },
      "ResponseBody": "{\r\n  \"RemoteException\": {\r\n    \"exception\": \"AccessControlException\",\r\n    \"message\": \"Path is not empty [a6100d2d-d934-47b9-976d-7a525c6e62c8][2016-08-25T15:34:31.4657807-07:00]\",\r\n    \"javaClassName\": \"org.apache.hadoop.security.AccessControlException\"\r\n  }\r\n}",
      "ResponseHeaders": {
        "Content-Length": [
          "230"
        ],
        "Content-Type": [
          "application/json; charset=utf-8"
        ],
        "Expires": [
          "-1"
        ],
        "Cache-Control": [
          "no-cache"
        ],
        "Date": [
          "Thu, 25 Aug 2016 22:34:31 GMT"
        ],
        "Pragma": [
          "no-cache"
        ],
        "x-ms-request-id": [
          "a6100d2d-d934-47b9-976d-7a525c6e62c8"
        ],
        "Server-Perf": [
          "[a6100d2d-d934-47b9-976d-7a525c6e62c8][ AuthTime::0::PostAuthTime::0 ][S-FsDelete :: 00:00:006 ms]%0a[DELETE :: 00:00:013 ms]%0a"
        ],
        "x-ms-webhdfs-version": [
          "16.07.07.01"
        ],
        "Status": [
          "0x83090172"
        ],
        "X-Content-Type-Options": [
          "nosniff"
        ],
        "Strict-Transport-Security": [
          "max-age=15724800; includeSubDomains"
        ]
      },
      "StatusCode": 403
    },
    {
      "RequestUri": "/webhdfs/v1/SDKTestFolder012331%2FSDKTestFile01.txt8569?op=CREATE&write=true&api-version=2015-10-01-preview",
      "EncodedRequestUri": "L3dlYmhkZnMvdjEvU0RLVGVzdEZvbGRlcjAxMjMzMSUyRlNES1Rlc3RGaWxlMDEudHh0ODU2OT9vcD1DUkVBVEUmd3JpdGU9dHJ1ZSZhcGktdmVyc2lvbj0yMDE1LTEwLTAxLXByZXZpZXc=",
      "RequestMethod": "PUT",
      "RequestBody": "These are some random test contents 1234!@",
      "RequestHeaders": {
        "Content-Type": [
          "application/octet-stream"
        ],
        "x-ms-client-request-id": [
          "0bd54412-914f-4042-8dd5-ea30c93f99d6"
        ],
        "Transfer-Encoding": [
          "chunked"
        ],
        "accept-language": [
          "en-US"
        ],
        "User-Agent": [
          "Microsoft.Azure.Management.DataLake.Store.DataLakeStoreFileSystemManagementClient/0.12.5-preview"
        ]
      },
      "ResponseBody": "",
      "ResponseHeaders": {
        "Content-Length": [
          "0"
        ],
        "Expires": [
          "-1"
        ],
        "Cache-Control": [
          "no-cache"
        ],
        "Date": [
          "Thu, 25 Aug 2016 22:34:31 GMT"
        ],
        "Pragma": [
          "no-cache"
        ],
        "Location": [
          "https://testadlfs18530.azuredatalakestore.net/webhdfs/v1/SDKTestFolder012331/SDKTestFile01.txt8569?op=CREATE&write=true&api-version=2015-10-01-preview"
        ],
        "x-ms-request-id": [
          "623b2d2f-c5a0-4af5-b955-1c4c2d27f8ef"
        ],
        "ContentLength": [
          "0"
        ],
        "Server-Perf": [
          "[623b2d2f-c5a0-4af5-b955-1c4c2d27f8ef][ AuthTime::0::PostAuthTime::0 ][S-HdfsGetFileStatusV2 :: 00:00:006 ms]%0a[S-FsOpenStream :: 00:00:055 ms]%0a[S-FsAppendStream :: 00:00:370 ms]%0a[BufferingTime :: 00:00:000 ms]%0a[WriteTime :: 00:00:374 ms]%0a[S-FsCloseHandle :: 00:00:001 ms]%0a[CREATE :: 00:00:449 ms]%0a"
        ],
        "x-ms-webhdfs-version": [
          "16.07.07.01"
        ],
        "Status": [
          "0x0"
        ],
        "X-Content-Type-Options": [
          "nosniff"
        ],
        "Strict-Transport-Security": [
          "max-age=15724800; includeSubDomains"
        ]
      },
      "StatusCode": 201
    },
    {
      "RequestUri": "/webhdfs/v1/SDKTestFolder012331%2FSDKTestFile01.txt8569?op=GETFILESTATUS&api-version=2015-10-01-preview",
      "EncodedRequestUri": "L3dlYmhkZnMvdjEvU0RLVGVzdEZvbGRlcjAxMjMzMSUyRlNES1Rlc3RGaWxlMDEudHh0ODU2OT9vcD1HRVRGSUxFU1RBVFVTJmFwaS12ZXJzaW9uPTIwMTUtMTAtMDEtcHJldmlldw==",
      "RequestMethod": "GET",
      "RequestBody": "",
      "RequestHeaders": {
        "x-ms-client-request-id": [
          "39944bc5-6320-4316-827c-f95fed3758a7"
        ],
        "accept-language": [
          "en-US"
        ],
        "User-Agent": [
          "Microsoft.Azure.Management.DataLake.Store.DataLakeStoreFileSystemManagementClient/0.12.5-preview"
        ]
      },
      "ResponseBody": "{\r\n  \"FileStatus\": {\r\n    \"length\": 42,\r\n    \"pathSuffix\": \"\",\r\n    \"type\": \"FILE\",\r\n    \"blockSize\": 268435456,\r\n    \"accessTime\": 1472164470799,\r\n    \"modificationTime\": 1472164471156,\r\n    \"replication\": 1,\r\n    \"permission\": \"770\",\r\n    \"owner\": \"2e6c02d2-a364-4530-9137-d17403996cbf\",\r\n    \"group\": \"2e6c02d2-a364-4530-9137-d17403996cbf\"\r\n  }\r\n}",
      "ResponseHeaders": {
        "Content-Length": [
          "269"
        ],
        "Content-Type": [
          "application/json; charset=utf-8"
        ],
        "Expires": [
          "-1"
        ],
        "Cache-Control": [
          "no-cache"
        ],
        "Date": [
          "Thu, 25 Aug 2016 22:34:31 GMT"
        ],
        "Pragma": [
          "no-cache"
        ],
        "x-ms-request-id": [
          "660b4453-a2a5-4829-89e4-3d3fa57deb5a"
        ],
        "Server-Perf": [
          "[660b4453-a2a5-4829-89e4-3d3fa57deb5a][ AuthTime::0::PostAuthTime::0 ][S-HdfsGetFileStatusV2 :: 00:00:008 ms]%0a[GETFILESTATUS :: 00:00:012 ms]%0a"
        ],
        "x-ms-webhdfs-version": [
          "16.07.07.01"
        ],
        "Status": [
          "0x0"
        ],
        "X-Content-Type-Options": [
          "nosniff"
        ],
        "Strict-Transport-Security": [
          "max-age=15724800; includeSubDomains"
        ]
      },
      "StatusCode": 200
    }
  ],
  "Names": {
    ".ctor": [
      "datalakerg18304",
      "testdatalake12737",
      "testadlfs18530"
    ],
    "CreateFolder": [
      "SDKTestFolder012331"
    ],
    "CreateFile": [
      "SDKTestFolder012331/SDKTestFile01.txt8569"
    ]
  },
  "Variables": {
    "SubscriptionId": "53d9063d-87ae-4ea8-be90-3686c3b8669f"
  }
}