{
  "Entries": [
    {
      "RequestUri": "/subscriptions/90585f39-ab85-4921-bb37-0468f7efd1dd/providers/Microsoft.DataLakeStore/register?api-version=2015-11-01",
      "EncodedRequestUri": "L3N1YnNjcmlwdGlvbnMvOTA1ODVmMzktYWI4NS00OTIxLWJiMzctMDQ2OGY3ZWZkMWRkL3Byb3ZpZGVycy9NaWNyb3NvZnQuRGF0YUxha2VTdG9yZS9yZWdpc3Rlcj9hcGktdmVyc2lvbj0yMDE1LTExLTAx",
      "RequestMethod": "POST",
      "RequestBody": "",
      "RequestHeaders": {
        "x-ms-client-request-id": [
          "c062b5a6-f8b6-48ac-acb1-5fb385e73cdf"
        ],
        "accept-language": [
          "en-US"
        ],
        "User-Agent": [
          "Microsoft.Azure.Management.Resources.ResourceManagementClient/1.0.0-preview"
        ]
      },
      "ResponseBody": "{\r\n  \"id\": \"/subscriptions/90585f39-ab85-4921-bb37-0468f7efd1dd/providers/Microsoft.DataLakeStore\",\r\n  \"namespace\": \"Microsoft.DataLakeStore\",\r\n  \"authorization\": {\r\n    \"applicationId\": \"e9f49c6b-5ce5-44c8-925d-015017e9f7ad\",\r\n    \"roleDefinitionId\": \"41c47f4b-8b45-4522-a73a-d20b16f0f1ec\"\r\n  },\r\n  \"resourceTypes\": [\r\n    {\r\n      \"resourceType\": \"accounts\",\r\n      \"locations\": [\r\n        \"Brazil South\",\r\n        \"East US 2\",\r\n        \"East US\",\r\n        \"West US\",\r\n        \"North Central US\",\r\n        \"South Central US\",\r\n        \"Central US\",\r\n        \"Japan East\",\r\n        \"Japan West\",\r\n        \"North Europe\",\r\n        \"West Europe\",\r\n        \"East Asia\",\r\n        \"Southeast Asia\"\r\n      ],\r\n      \"apiVersions\": [\r\n        \"2015-10-01-preview\"\r\n      ],\r\n      \"capabilities\": \"CrossResourceGroupResourceMove, CrossSubscriptionResourceMove, SystemAssignedResourceIdentity\"\r\n    },\r\n    {\r\n      \"resourceType\": \"accounts/firewallRules\",\r\n      \"locations\": [\r\n        \"Brazil South\",\r\n        \"East US 2\",\r\n        \"East US\",\r\n        \"West US\",\r\n        \"North Central US\",\r\n        \"South Central US\",\r\n        \"Central US\",\r\n        \"Japan East\",\r\n        \"Japan West\",\r\n        \"North Europe\",\r\n        \"West Europe\",\r\n        \"East Asia\",\r\n        \"Southeast Asia\"\r\n      ],\r\n      \"apiVersions\": [\r\n        \"2015-10-01-preview\"\r\n      ]\r\n    },\r\n    {\r\n      \"resourceType\": \"locations\",\r\n      \"locations\": [],\r\n      \"apiVersions\": [\r\n        \"2015-10-01-preview\"\r\n      ]\r\n    },\r\n    {\r\n      \"resourceType\": \"locations/operationresults\",\r\n      \"locations\": [],\r\n      \"apiVersions\": [\r\n        \"2015-10-01-preview\"\r\n      ]\r\n    },\r\n    {\r\n      \"resourceType\": \"locations/checkNameAvailability\",\r\n      \"locations\": [],\r\n      \"apiVersions\": [\r\n        \"2015-10-01-preview\"\r\n      ]\r\n    },\r\n    {\r\n      \"resourceType\": \"locations/capability\",\r\n      \"locations\": [],\r\n      \"apiVersions\": [\r\n        \"2015-10-01-preview\"\r\n      ]\r\n    },\r\n    {\r\n      \"resourceType\": \"operations\",\r\n      \"locations\": [],\r\n      \"apiVersions\": [\r\n        \"2015-10-01-preview\"\r\n      ]\r\n    }\r\n  ],\r\n  \"registrationState\": \"Registered\"\r\n}",
      "ResponseHeaders": {
        "Content-Type": [
          "application/json; charset=utf-8"
        ],
        "Expires": [
          "-1"
        ],
        "Cache-Control": [
          "no-cache"
        ],
        "Date": [
          "Thu, 01 Sep 2016 17:05:11 GMT"
        ],
        "Pragma": [
          "no-cache"
        ],
        "Vary": [
          "Accept-Encoding"
        ],
        "x-ms-ratelimit-remaining-subscription-writes": [
          "1133"
        ],
        "x-ms-request-id": [
          "f46fad3f-095c-4f09-a295-fc80c63b34cb"
        ],
        "x-ms-correlation-request-id": [
          "f46fad3f-095c-4f09-a295-fc80c63b34cb"
        ],
        "x-ms-routing-request-id": [
          "CENTRALUS:20160901T170511Z:f46fad3f-095c-4f09-a295-fc80c63b34cb"
        ],
        "Strict-Transport-Security": [
          "max-age=31536000; includeSubDomains"
        ]
      },
      "StatusCode": 200
    },
    {
      "RequestUri": "/subscriptions/90585f39-ab85-4921-bb37-0468f7efd1dd/providers/Microsoft.DataLakeStore?api-version=2015-11-01",
      "EncodedRequestUri": "L3N1YnNjcmlwdGlvbnMvOTA1ODVmMzktYWI4NS00OTIxLWJiMzctMDQ2OGY3ZWZkMWRkL3Byb3ZpZGVycy9NaWNyb3NvZnQuRGF0YUxha2VTdG9yZT9hcGktdmVyc2lvbj0yMDE1LTExLTAx",
      "RequestMethod": "GET",
      "RequestBody": "",
      "RequestHeaders": {
        "x-ms-client-request-id": [
          "4d488e5d-2788-43b3-9d1d-6669d43a1534"
        ],
        "accept-language": [
          "en-US"
        ],
        "User-Agent": [
          "Microsoft.Azure.Management.Resources.ResourceManagementClient/1.0.0-preview"
        ]
      },
      "ResponseBody": "{\r\n  \"id\": \"/subscriptions/90585f39-ab85-4921-bb37-0468f7efd1dd/providers/Microsoft.DataLakeStore\",\r\n  \"namespace\": \"Microsoft.DataLakeStore\",\r\n  \"authorization\": {\r\n    \"applicationId\": \"e9f49c6b-5ce5-44c8-925d-015017e9f7ad\",\r\n    \"roleDefinitionId\": \"41c47f4b-8b45-4522-a73a-d20b16f0f1ec\"\r\n  },\r\n  \"resourceTypes\": [\r\n    {\r\n      \"resourceType\": \"accounts\",\r\n      \"locations\": [\r\n        \"Brazil South\",\r\n        \"East US 2\",\r\n        \"East US\",\r\n        \"West US\",\r\n        \"North Central US\",\r\n        \"South Central US\",\r\n        \"Central US\",\r\n        \"Japan East\",\r\n        \"Japan West\",\r\n        \"North Europe\",\r\n        \"West Europe\",\r\n        \"East Asia\",\r\n        \"Southeast Asia\"\r\n      ],\r\n      \"apiVersions\": [\r\n        \"2015-10-01-preview\"\r\n      ],\r\n      \"capabilities\": \"CrossResourceGroupResourceMove, CrossSubscriptionResourceMove, SystemAssignedResourceIdentity\"\r\n    },\r\n    {\r\n      \"resourceType\": \"accounts/firewallRules\",\r\n      \"locations\": [\r\n        \"Brazil South\",\r\n        \"East US 2\",\r\n        \"East US\",\r\n        \"West US\",\r\n        \"North Central US\",\r\n        \"South Central US\",\r\n        \"Central US\",\r\n        \"Japan East\",\r\n        \"Japan West\",\r\n        \"North Europe\",\r\n        \"West Europe\",\r\n        \"East Asia\",\r\n        \"Southeast Asia\"\r\n      ],\r\n      \"apiVersions\": [\r\n        \"2015-10-01-preview\"\r\n      ]\r\n    },\r\n    {\r\n      \"resourceType\": \"locations\",\r\n      \"locations\": [],\r\n      \"apiVersions\": [\r\n        \"2015-10-01-preview\"\r\n      ]\r\n    },\r\n    {\r\n      \"resourceType\": \"locations/operationresults\",\r\n      \"locations\": [],\r\n      \"apiVersions\": [\r\n        \"2015-10-01-preview\"\r\n      ]\r\n    },\r\n    {\r\n      \"resourceType\": \"locations/checkNameAvailability\",\r\n      \"locations\": [],\r\n      \"apiVersions\": [\r\n        \"2015-10-01-preview\"\r\n      ]\r\n    },\r\n    {\r\n      \"resourceType\": \"locations/capability\",\r\n      \"locations\": [],\r\n      \"apiVersions\": [\r\n        \"2015-10-01-preview\"\r\n      ]\r\n    },\r\n    {\r\n      \"resourceType\": \"operations\",\r\n      \"locations\": [],\r\n      \"apiVersions\": [\r\n        \"2015-10-01-preview\"\r\n      ]\r\n    }\r\n  ],\r\n  \"registrationState\": \"Registered\"\r\n}",
      "ResponseHeaders": {
        "Content-Type": [
          "application/json; charset=utf-8"
        ],
        "Expires": [
          "-1"
        ],
        "Cache-Control": [
          "no-cache"
        ],
        "Date": [
          "Thu, 01 Sep 2016 17:05:11 GMT"
        ],
        "Pragma": [
          "no-cache"
        ],
        "Vary": [
          "Accept-Encoding"
        ],
        "x-ms-ratelimit-remaining-subscription-reads": [
          "14871"
        ],
        "x-ms-request-id": [
          "cb28ee76-52b3-4f59-a9da-05086dfc6dce"
        ],
        "x-ms-correlation-request-id": [
          "cb28ee76-52b3-4f59-a9da-05086dfc6dce"
        ],
        "x-ms-routing-request-id": [
          "CENTRALUS:20160901T170511Z:cb28ee76-52b3-4f59-a9da-05086dfc6dce"
        ],
        "Strict-Transport-Security": [
          "max-age=31536000; includeSubDomains"
        ]
      },
      "StatusCode": 200
    },
    {
      "RequestUri": "/subscriptions/90585f39-ab85-4921-bb37-0468f7efd1dd/providers/Microsoft.Storage/register?api-version=2015-11-01",
      "EncodedRequestUri": "L3N1YnNjcmlwdGlvbnMvOTA1ODVmMzktYWI4NS00OTIxLWJiMzctMDQ2OGY3ZWZkMWRkL3Byb3ZpZGVycy9NaWNyb3NvZnQuU3RvcmFnZS9yZWdpc3Rlcj9hcGktdmVyc2lvbj0yMDE1LTExLTAx",
      "RequestMethod": "POST",
      "RequestBody": "",
      "RequestHeaders": {
        "x-ms-client-request-id": [
          "297a1b76-9cfa-469e-b944-0e3cf7b3b61a"
        ],
        "accept-language": [
          "en-US"
        ],
        "User-Agent": [
          "Microsoft.Azure.Management.Resources.ResourceManagementClient/1.0.0-preview"
        ]
      },
      "ResponseBody": "{\r\n  \"id\": \"/subscriptions/90585f39-ab85-4921-bb37-0468f7efd1dd/providers/Microsoft.Storage\",\r\n  \"namespace\": \"Microsoft.Storage\",\r\n  \"authorization\": {\r\n    \"applicationId\": \"a6aa9161-5291-40bb-8c5c-923b567bee3b\",\r\n    \"roleDefinitionId\": \"cd0cad5c-ac96-4c4c-99cd-cfafc285ba36\"\r\n  },\r\n  \"resourceTypes\": [\r\n    {\r\n      \"resourceType\": \"storageAccounts\",\r\n      \"locations\": [\r\n        \"West US\",\r\n        \"North Central US\",\r\n        \"South Central US\",\r\n        \"East US\"\r\n      ],\r\n      \"apiVersions\": [\r\n        \"2016-05-01\",\r\n        \"2016-01-01\",\r\n        \"2015-10-01\",\r\n        \"2015-06-15\",\r\n        \"2015-05-01-preview\"\r\n      ],\r\n      \"capabilities\": \"CrossResourceGroupResourceMove, CrossSubscriptionResourceMove\"\r\n    },\r\n    {\r\n      \"resourceType\": \"operations\",\r\n      \"locations\": [],\r\n      \"apiVersions\": [\r\n        \"2016-05-01\",\r\n        \"2016-01-01\",\r\n        \"2015-10-01\",\r\n        \"2015-06-15\",\r\n        \"2015-05-01-preview\"\r\n      ]\r\n    },\r\n    {\r\n      \"resourceType\": \"storageAccounts/customKeys\",\r\n      \"locations\": [],\r\n      \"apiVersions\": [\r\n        \"2016-05-01\",\r\n        \"2016-01-01\",\r\n        \"2015-10-01\"\r\n      ]\r\n    },\r\n    {\r\n      \"resourceType\": \"storageAccounts/listReadOnlyKeys\",\r\n      \"locations\": [],\r\n      \"apiVersions\": [\r\n        \"2016-05-01\",\r\n        \"2016-01-01\",\r\n        \"2015-10-01\"\r\n      ]\r\n    },\r\n    {\r\n      \"resourceType\": \"storageAccounts/generateSasCredentials\",\r\n      \"locations\": [],\r\n      \"apiVersions\": [\r\n        \"2016-05-01\"\r\n      ]\r\n    },\r\n    {\r\n      \"resourceType\": \"storageAccounts/listAccountSas\",\r\n      \"locations\": [],\r\n      \"apiVersions\": [\r\n        \"2016-05-01\"\r\n      ]\r\n    },\r\n    {\r\n      \"resourceType\": \"usages\",\r\n      \"locations\": [],\r\n      \"apiVersions\": [\r\n        \"2016-05-01\",\r\n        \"2016-01-01\",\r\n        \"2015-06-15\",\r\n        \"2015-05-01-preview\"\r\n      ]\r\n    },\r\n    {\r\n      \"resourceType\": \"checkNameAvailability\",\r\n      \"locations\": [],\r\n      \"apiVersions\": [\r\n        \"2016-05-01\",\r\n        \"2016-01-01\",\r\n        \"2015-06-15\",\r\n        \"2015-05-01-preview\"\r\n      ]\r\n    }\r\n  ],\r\n  \"registrationState\": \"Registered\"\r\n}",
      "ResponseHeaders": {
        "Content-Type": [
          "application/json; charset=utf-8"
        ],
        "Expires": [
          "-1"
        ],
        "Cache-Control": [
          "no-cache"
        ],
        "Date": [
          "Thu, 01 Sep 2016 17:05:11 GMT"
        ],
        "Pragma": [
          "no-cache"
        ],
        "Vary": [
          "Accept-Encoding"
        ],
        "x-ms-ratelimit-remaining-subscription-writes": [
          "1132"
        ],
        "x-ms-request-id": [
          "e4ac9a6c-1dac-43f9-b19a-88796dcfc447"
        ],
        "x-ms-correlation-request-id": [
          "e4ac9a6c-1dac-43f9-b19a-88796dcfc447"
        ],
        "x-ms-routing-request-id": [
          "CENTRALUS:20160901T170512Z:e4ac9a6c-1dac-43f9-b19a-88796dcfc447"
        ],
        "Strict-Transport-Security": [
          "max-age=31536000; includeSubDomains"
        ]
      },
      "StatusCode": 200
    },
    {
      "RequestUri": "/subscriptions/90585f39-ab85-4921-bb37-0468f7efd1dd/providers/Microsoft.Storage?api-version=2015-11-01",
      "EncodedRequestUri": "L3N1YnNjcmlwdGlvbnMvOTA1ODVmMzktYWI4NS00OTIxLWJiMzctMDQ2OGY3ZWZkMWRkL3Byb3ZpZGVycy9NaWNyb3NvZnQuU3RvcmFnZT9hcGktdmVyc2lvbj0yMDE1LTExLTAx",
      "RequestMethod": "GET",
      "RequestBody": "",
      "RequestHeaders": {
        "x-ms-client-request-id": [
          "1d8ea077-e725-4eff-8b87-443ba552dcbd"
        ],
        "accept-language": [
          "en-US"
        ],
        "User-Agent": [
          "Microsoft.Azure.Management.Resources.ResourceManagementClient/1.0.0-preview"
        ]
      },
      "ResponseBody": "{\r\n  \"id\": \"/subscriptions/90585f39-ab85-4921-bb37-0468f7efd1dd/providers/Microsoft.Storage\",\r\n  \"namespace\": \"Microsoft.Storage\",\r\n  \"authorization\": {\r\n    \"applicationId\": \"a6aa9161-5291-40bb-8c5c-923b567bee3b\",\r\n    \"roleDefinitionId\": \"cd0cad5c-ac96-4c4c-99cd-cfafc285ba36\"\r\n  },\r\n  \"resourceTypes\": [\r\n    {\r\n      \"resourceType\": \"storageAccounts\",\r\n      \"locations\": [\r\n        \"West US\",\r\n        \"North Central US\",\r\n        \"South Central US\",\r\n        \"East US\"\r\n      ],\r\n      \"apiVersions\": [\r\n        \"2016-05-01\",\r\n        \"2016-01-01\",\r\n        \"2015-10-01\",\r\n        \"2015-06-15\",\r\n        \"2015-05-01-preview\"\r\n      ],\r\n      \"capabilities\": \"CrossResourceGroupResourceMove, CrossSubscriptionResourceMove\"\r\n    },\r\n    {\r\n      \"resourceType\": \"operations\",\r\n      \"locations\": [],\r\n      \"apiVersions\": [\r\n        \"2016-05-01\",\r\n        \"2016-01-01\",\r\n        \"2015-10-01\",\r\n        \"2015-06-15\",\r\n        \"2015-05-01-preview\"\r\n      ]\r\n    },\r\n    {\r\n      \"resourceType\": \"storageAccounts/customKeys\",\r\n      \"locations\": [],\r\n      \"apiVersions\": [\r\n        \"2016-05-01\",\r\n        \"2016-01-01\",\r\n        \"2015-10-01\"\r\n      ]\r\n    },\r\n    {\r\n      \"resourceType\": \"storageAccounts/listReadOnlyKeys\",\r\n      \"locations\": [],\r\n      \"apiVersions\": [\r\n        \"2016-05-01\",\r\n        \"2016-01-01\",\r\n        \"2015-10-01\"\r\n      ]\r\n    },\r\n    {\r\n      \"resourceType\": \"storageAccounts/generateSasCredentials\",\r\n      \"locations\": [],\r\n      \"apiVersions\": [\r\n        \"2016-05-01\"\r\n      ]\r\n    },\r\n    {\r\n      \"resourceType\": \"storageAccounts/listAccountSas\",\r\n      \"locations\": [],\r\n      \"apiVersions\": [\r\n        \"2016-05-01\"\r\n      ]\r\n    },\r\n    {\r\n      \"resourceType\": \"usages\",\r\n      \"locations\": [],\r\n      \"apiVersions\": [\r\n        \"2016-05-01\",\r\n        \"2016-01-01\",\r\n        \"2015-06-15\",\r\n        \"2015-05-01-preview\"\r\n      ]\r\n    },\r\n    {\r\n      \"resourceType\": \"checkNameAvailability\",\r\n      \"locations\": [],\r\n      \"apiVersions\": [\r\n        \"2016-05-01\",\r\n        \"2016-01-01\",\r\n        \"2015-06-15\",\r\n        \"2015-05-01-preview\"\r\n      ]\r\n    }\r\n  ],\r\n  \"registrationState\": \"Registered\"\r\n}",
      "ResponseHeaders": {
        "Content-Type": [
          "application/json; charset=utf-8"
        ],
        "Expires": [
          "-1"
        ],
        "Cache-Control": [
          "no-cache"
        ],
        "Date": [
          "Thu, 01 Sep 2016 17:05:11 GMT"
        ],
        "Pragma": [
          "no-cache"
        ],
        "Vary": [
          "Accept-Encoding"
        ],
        "x-ms-ratelimit-remaining-subscription-reads": [
          "14870"
        ],
        "x-ms-request-id": [
          "600f4235-4095-4107-b124-a5cc5bab3d22"
        ],
        "x-ms-correlation-request-id": [
          "600f4235-4095-4107-b124-a5cc5bab3d22"
        ],
        "x-ms-routing-request-id": [
          "CENTRALUS:20160901T170512Z:600f4235-4095-4107-b124-a5cc5bab3d22"
        ],
        "Strict-Transport-Security": [
          "max-age=31536000; includeSubDomains"
        ]
      },
      "StatusCode": 200
    },
    {
      "RequestUri": "/subscriptions/90585f39-ab85-4921-bb37-0468f7efd1dd/resourcegroups/datalakerg148?api-version=2015-11-01",
      "EncodedRequestUri": "L3N1YnNjcmlwdGlvbnMvOTA1ODVmMzktYWI4NS00OTIxLWJiMzctMDQ2OGY3ZWZkMWRkL3Jlc291cmNlZ3JvdXBzL2RhdGFsYWtlcmcxNDg/YXBpLXZlcnNpb249MjAxNS0xMS0wMQ==",
      "RequestMethod": "GET",
      "RequestBody": "",
      "RequestHeaders": {
        "x-ms-client-request-id": [
          "ef7eb14f-eae3-4d86-9fbd-938f3caf665a"
        ],
        "accept-language": [
          "en-US"
        ],
        "User-Agent": [
          "Microsoft.Azure.Management.Resources.ResourceManagementClient/1.0.0-preview"
        ]
      },
      "ResponseBody": "{\r\n  \"error\": {\r\n    \"code\": \"ResourceGroupNotFound\",\r\n    \"message\": \"Resource group 'datalakerg148' could not be found.\"\r\n  }\r\n}",
      "ResponseHeaders": {
        "Content-Length": [
          "105"
        ],
        "Content-Type": [
          "application/json; charset=utf-8"
        ],
        "Expires": [
          "-1"
        ],
        "Cache-Control": [
          "no-cache"
        ],
        "Date": [
          "Thu, 01 Sep 2016 17:05:11 GMT"
        ],
        "Pragma": [
          "no-cache"
        ],
        "x-ms-failure-cause": [
          "gateway"
        ],
        "x-ms-ratelimit-remaining-subscription-reads": [
          "14869"
        ],
        "x-ms-request-id": [
          "9da41b0a-69bd-456f-ab62-26e70ccf6187"
        ],
        "x-ms-correlation-request-id": [
          "9da41b0a-69bd-456f-ab62-26e70ccf6187"
        ],
        "x-ms-routing-request-id": [
          "CENTRALUS:20160901T170512Z:9da41b0a-69bd-456f-ab62-26e70ccf6187"
        ],
        "Strict-Transport-Security": [
          "max-age=31536000; includeSubDomains"
        ]
      },
      "StatusCode": 404
    },
    {
      "RequestUri": "/subscriptions/90585f39-ab85-4921-bb37-0468f7efd1dd/resourcegroups/datalakerg148?api-version=2015-11-01",
      "EncodedRequestUri": "L3N1YnNjcmlwdGlvbnMvOTA1ODVmMzktYWI4NS00OTIxLWJiMzctMDQ2OGY3ZWZkMWRkL3Jlc291cmNlZ3JvdXBzL2RhdGFsYWtlcmcxNDg/YXBpLXZlcnNpb249MjAxNS0xMS0wMQ==",
      "RequestMethod": "GET",
      "RequestBody": "",
      "RequestHeaders": {
        "x-ms-client-request-id": [
          "1f51ba04-94c2-41ee-8262-b7ac94762399"
        ],
        "accept-language": [
          "en-US"
        ],
        "User-Agent": [
          "Microsoft.Azure.Management.Resources.ResourceManagementClient/1.0.0-preview"
        ]
      },
      "ResponseBody": "{\r\n  \"id\": \"/subscriptions/90585f39-ab85-4921-bb37-0468f7efd1dd/resourceGroups/datalakerg148\",\r\n  \"name\": \"datalakerg148\",\r\n  \"location\": \"eastus2\",\r\n  \"properties\": {\r\n    \"provisioningState\": \"Succeeded\"\r\n  }\r\n}",
      "ResponseHeaders": {
        "Content-Type": [
          "application/json; charset=utf-8"
        ],
        "Expires": [
          "-1"
        ],
        "Cache-Control": [
          "no-cache"
        ],
        "Date": [
          "Thu, 01 Sep 2016 17:05:11 GMT"
        ],
        "Pragma": [
          "no-cache"
        ],
        "Vary": [
          "Accept-Encoding"
        ],
        "x-ms-ratelimit-remaining-subscription-reads": [
          "14868"
        ],
        "x-ms-request-id": [
          "94d9aaf6-f876-4161-9b7b-ea2420238bcc"
        ],
        "x-ms-correlation-request-id": [
          "94d9aaf6-f876-4161-9b7b-ea2420238bcc"
        ],
        "x-ms-routing-request-id": [
          "CENTRALUS:20160901T170512Z:94d9aaf6-f876-4161-9b7b-ea2420238bcc"
        ],
        "Strict-Transport-Security": [
          "max-age=31536000; includeSubDomains"
        ]
      },
      "StatusCode": 200
    },
    {
      "RequestUri": "/subscriptions/90585f39-ab85-4921-bb37-0468f7efd1dd/resourcegroups/datalakerg148?api-version=2015-11-01",
      "EncodedRequestUri": "L3N1YnNjcmlwdGlvbnMvOTA1ODVmMzktYWI4NS00OTIxLWJiMzctMDQ2OGY3ZWZkMWRkL3Jlc291cmNlZ3JvdXBzL2RhdGFsYWtlcmcxNDg/YXBpLXZlcnNpb249MjAxNS0xMS0wMQ==",
      "RequestMethod": "PUT",
      "RequestBody": "{\r\n  \"location\": \"East US 2\"\r\n}",
      "RequestHeaders": {
        "Content-Type": [
          "application/json; charset=utf-8"
        ],
        "Content-Length": [
          "31"
        ],
        "x-ms-client-request-id": [
          "ec96caca-bf40-463c-aa87-3148f1bf409c"
        ],
        "accept-language": [
          "en-US"
        ],
        "User-Agent": [
          "Microsoft.Azure.Management.Resources.ResourceManagementClient/1.0.0-preview"
        ]
      },
      "ResponseBody": "{\r\n  \"id\": \"/subscriptions/90585f39-ab85-4921-bb37-0468f7efd1dd/resourceGroups/datalakerg148\",\r\n  \"name\": \"datalakerg148\",\r\n  \"location\": \"eastus2\",\r\n  \"properties\": {\r\n    \"provisioningState\": \"Succeeded\"\r\n  }\r\n}",
      "ResponseHeaders": {
        "Content-Length": [
          "180"
        ],
        "Content-Type": [
          "application/json; charset=utf-8"
        ],
        "Expires": [
          "-1"
        ],
        "Cache-Control": [
          "no-cache"
        ],
        "Date": [
          "Thu, 01 Sep 2016 17:05:11 GMT"
        ],
        "Pragma": [
          "no-cache"
        ],
        "x-ms-ratelimit-remaining-subscription-writes": [
          "1131"
        ],
        "x-ms-request-id": [
          "b90fe21e-1af3-44cc-af54-ae3cacc4baa9"
        ],
        "x-ms-correlation-request-id": [
          "b90fe21e-1af3-44cc-af54-ae3cacc4baa9"
        ],
        "x-ms-routing-request-id": [
          "CENTRALUS:20160901T170512Z:b90fe21e-1af3-44cc-af54-ae3cacc4baa9"
        ],
        "Strict-Transport-Security": [
          "max-age=31536000; includeSubDomains"
        ]
      },
      "StatusCode": 201
    },
    {
      "RequestUri": "/subscriptions/90585f39-ab85-4921-bb37-0468f7efd1dd/resourceGroups/datalakerg148/providers/Microsoft.DataLakeStore/accounts/testadlfs18957?api-version=2015-10-01-preview",
      "EncodedRequestUri": "L3N1YnNjcmlwdGlvbnMvOTA1ODVmMzktYWI4NS00OTIxLWJiMzctMDQ2OGY3ZWZkMWRkL3Jlc291cmNlR3JvdXBzL2RhdGFsYWtlcmcxNDgvcHJvdmlkZXJzL01pY3Jvc29mdC5EYXRhTGFrZVN0b3JlL2FjY291bnRzL3Rlc3RhZGxmczE4OTU3P2FwaS12ZXJzaW9uPTIwMTUtMTAtMDEtcHJldmlldw==",
      "RequestMethod": "GET",
      "RequestBody": "",
      "RequestHeaders": {
        "x-ms-client-request-id": [
          "3bad3d44-cf30-4075-9b5c-a72d11eedeca"
        ],
        "accept-language": [
          "en-US"
        ],
        "User-Agent": [
          "Microsoft.Azure.Management.DataLake.Store.DataLakeStoreAccountManagementClient/0.12.5-preview"
        ]
      },
      "ResponseBody": "{\r\n  \"error\": {\r\n    \"code\": \"ResourceNotFound\",\r\n    \"message\": \"The Resource 'Microsoft.DataLakeStore/accounts/testadlfs18957' under resource group 'datalakerg148' was not found.\"\r\n  }\r\n}",
      "ResponseHeaders": {
        "Content-Length": [
          "164"
        ],
        "Content-Type": [
          "application/json; charset=utf-8"
        ],
        "Expires": [
          "-1"
        ],
        "Cache-Control": [
          "no-cache"
        ],
        "Date": [
          "Thu, 01 Sep 2016 17:05:13 GMT"
        ],
        "Pragma": [
          "no-cache"
        ],
        "x-ms-failure-cause": [
          "gateway"
        ],
        "x-ms-request-id": [
          "a8fb46ce-7faa-41e3-a75c-9f64f704166c"
        ],
        "x-ms-correlation-request-id": [
          "a8fb46ce-7faa-41e3-a75c-9f64f704166c"
        ],
        "x-ms-routing-request-id": [
          "CENTRALUS:20160901T170513Z:a8fb46ce-7faa-41e3-a75c-9f64f704166c"
        ],
        "Strict-Transport-Security": [
          "max-age=31536000; includeSubDomains"
        ]
      },
      "StatusCode": 404
    },
    {
      "RequestUri": "/subscriptions/90585f39-ab85-4921-bb37-0468f7efd1dd/resourceGroups/datalakerg148/providers/Microsoft.DataLakeStore/accounts/testadlfs18957?api-version=2015-10-01-preview",
      "EncodedRequestUri": "L3N1YnNjcmlwdGlvbnMvOTA1ODVmMzktYWI4NS00OTIxLWJiMzctMDQ2OGY3ZWZkMWRkL3Jlc291cmNlR3JvdXBzL2RhdGFsYWtlcmcxNDgvcHJvdmlkZXJzL01pY3Jvc29mdC5EYXRhTGFrZVN0b3JlL2FjY291bnRzL3Rlc3RhZGxmczE4OTU3P2FwaS12ZXJzaW9uPTIwMTUtMTAtMDEtcHJldmlldw==",
      "RequestMethod": "GET",
      "RequestBody": "",
      "RequestHeaders": {
        "User-Agent": [
          "Microsoft.Azure.Management.DataLake.Store.DataLakeStoreAccountManagementClient/0.12.5-preview"
        ]
      },
      "ResponseBody": "{\r\n  \"properties\": {\r\n    \"firewallState\": \"Disabled\",\r\n    \"firewallRules\": [],\r\n    \"trustedIdProviderState\": \"Disabled\",\r\n    \"trustedIdProviders\": [],\r\n    \"encryptionConfig\": {},\r\n    \"provisioningState\": \"Succeeded\",\r\n    \"state\": \"Active\",\r\n    \"endpoint\": \"testadlfs18957.caboaccountdogfood.net\",\r\n    \"accountId\": \"26beb64e-c04d-4a57-9193-6d5dc8eaadbb\",\r\n    \"creationTime\": \"2016-09-01T17:05:16.2517469Z\",\r\n    \"lastModifiedTime\": \"2016-09-01T17:05:16.2517469Z\"\r\n  },\r\n  \"location\": \"East US 2\",\r\n  \"tags\": null,\r\n  \"id\": \"/subscriptions/90585f39-ab85-4921-bb37-0468f7efd1dd/resourceGroups/datalakerg148/providers/Microsoft.DataLakeStore/accounts/testadlfs18957\",\r\n  \"name\": \"testadlfs18957\",\r\n  \"type\": \"Microsoft.DataLakeStore/accounts\"\r\n}",
      "ResponseHeaders": {
        "Content-Type": [
          "application/json"
        ],
        "Expires": [
          "-1"
        ],
        "Cache-Control": [
          "no-cache"
        ],
        "Connection": [
          "close"
        ],
        "Date": [
          "Thu, 01 Sep 2016 17:05:44 GMT"
        ],
        "Pragma": [
          "no-cache"
        ],
        "Server": [
          "Microsoft-IIS/8.5"
        ],
        "Vary": [
          "Accept-Encoding"
        ],
        "x-ms-request-id": [
          "c5ec189e-e32f-4b70-ba81-09ec7f863331"
        ],
        "X-AspNet-Version": [
          "4.0.30319"
        ],
        "X-Powered-By": [
          "ASP.NET"
        ],
        "x-ms-ratelimit-remaining-subscription-reads": [
          "14871"
        ],
        "x-ms-correlation-request-id": [
          "e9ca2d5d-103a-4a39-9325-517a9001f314"
        ],
        "x-ms-routing-request-id": [
          "CENTRALUS:20160901T170544Z:e9ca2d5d-103a-4a39-9325-517a9001f314"
        ],
        "Strict-Transport-Security": [
          "max-age=31536000; includeSubDomains"
        ]
      },
      "StatusCode": 200
    },
    {
      "RequestUri": "/subscriptions/90585f39-ab85-4921-bb37-0468f7efd1dd/resourceGroups/datalakerg148/providers/Microsoft.DataLakeStore/accounts/testadlfs18957?api-version=2015-10-01-preview",
      "EncodedRequestUri": "L3N1YnNjcmlwdGlvbnMvOTA1ODVmMzktYWI4NS00OTIxLWJiMzctMDQ2OGY3ZWZkMWRkL3Jlc291cmNlR3JvdXBzL2RhdGFsYWtlcmcxNDgvcHJvdmlkZXJzL01pY3Jvc29mdC5EYXRhTGFrZVN0b3JlL2FjY291bnRzL3Rlc3RhZGxmczE4OTU3P2FwaS12ZXJzaW9uPTIwMTUtMTAtMDEtcHJldmlldw==",
      "RequestMethod": "GET",
      "RequestBody": "",
      "RequestHeaders": {
        "x-ms-client-request-id": [
          "c98decd8-753d-4fc3-bd8b-41d6820d2c92"
        ],
        "accept-language": [
          "en-US"
        ],
        "User-Agent": [
          "Microsoft.Azure.Management.DataLake.Store.DataLakeStoreAccountManagementClient/0.12.5-preview"
        ]
      },
      "ResponseBody": "{\r\n  \"properties\": {\r\n    \"firewallState\": \"Disabled\",\r\n    \"firewallRules\": [],\r\n    \"trustedIdProviderState\": \"Disabled\",\r\n    \"trustedIdProviders\": [],\r\n    \"encryptionConfig\": {},\r\n    \"provisioningState\": \"Succeeded\",\r\n    \"state\": \"Active\",\r\n    \"endpoint\": \"testadlfs18957.caboaccountdogfood.net\",\r\n    \"accountId\": \"26beb64e-c04d-4a57-9193-6d5dc8eaadbb\",\r\n    \"creationTime\": \"2016-09-01T17:05:16.2517469Z\",\r\n    \"lastModifiedTime\": \"2016-09-01T17:05:16.2517469Z\"\r\n  },\r\n  \"location\": \"East US 2\",\r\n  \"tags\": null,\r\n  \"id\": \"/subscriptions/90585f39-ab85-4921-bb37-0468f7efd1dd/resourceGroups/datalakerg148/providers/Microsoft.DataLakeStore/accounts/testadlfs18957\",\r\n  \"name\": \"testadlfs18957\",\r\n  \"type\": \"Microsoft.DataLakeStore/accounts\"\r\n}",
      "ResponseHeaders": {
        "Content-Type": [
          "application/json"
        ],
        "Expires": [
          "-1"
        ],
        "Cache-Control": [
          "no-cache"
        ],
        "Connection": [
          "close"
        ],
        "Date": [
          "Thu, 01 Sep 2016 17:05:45 GMT"
        ],
        "Pragma": [
          "no-cache"
        ],
        "Server": [
          "Microsoft-IIS/8.5"
        ],
        "Vary": [
          "Accept-Encoding"
        ],
        "x-ms-request-id": [
          "c81e9e4a-3415-4d67-bbca-5776656e8f74"
        ],
        "X-AspNet-Version": [
          "4.0.30319"
        ],
        "X-Powered-By": [
          "ASP.NET"
        ],
        "x-ms-ratelimit-remaining-subscription-reads": [
          "14867"
        ],
        "x-ms-correlation-request-id": [
          "2b3700c6-fac3-40b0-aef5-4cc6061c324b"
        ],
        "x-ms-routing-request-id": [
          "CENTRALUS:20160901T170545Z:2b3700c6-fac3-40b0-aef5-4cc6061c324b"
        ],
        "Strict-Transport-Security": [
          "max-age=31536000; includeSubDomains"
        ]
      },
      "StatusCode": 200
    },
    {
      "RequestUri": "/subscriptions/90585f39-ab85-4921-bb37-0468f7efd1dd/resourceGroups/datalakerg148/providers/Microsoft.DataLakeStore/accounts/testadlfs18957?api-version=2015-10-01-preview",
      "EncodedRequestUri": "L3N1YnNjcmlwdGlvbnMvOTA1ODVmMzktYWI4NS00OTIxLWJiMzctMDQ2OGY3ZWZkMWRkL3Jlc291cmNlR3JvdXBzL2RhdGFsYWtlcmcxNDgvcHJvdmlkZXJzL01pY3Jvc29mdC5EYXRhTGFrZVN0b3JlL2FjY291bnRzL3Rlc3RhZGxmczE4OTU3P2FwaS12ZXJzaW9uPTIwMTUtMTAtMDEtcHJldmlldw==",
      "RequestMethod": "PUT",
      "RequestBody": "{\r\n  \"location\": \"East US 2\",\r\n  \"name\": \"testadlfs18957\"\r\n}",
      "RequestHeaders": {
        "Content-Type": [
          "application/json; charset=utf-8"
        ],
        "Content-Length": [
          "60"
        ],
        "x-ms-client-request-id": [
          "099dedb9-85cb-49b4-9a56-a143baee9645"
        ],
        "accept-language": [
          "en-US"
        ],
        "User-Agent": [
          "Microsoft.Azure.Management.DataLake.Store.DataLakeStoreAccountManagementClient/0.12.5-preview"
        ]
      },
      "ResponseBody": "{\r\n  \"properties\": {\r\n    \"provisioningState\": \"Creating\",\r\n    \"state\": null,\r\n    \"endpoint\": null,\r\n    \"accountId\": \"26beb64e-c04d-4a57-9193-6d5dc8eaadbb\",\r\n    \"creationTime\": null,\r\n    \"lastModifiedTime\": null\r\n  },\r\n  \"location\": \"East US 2\",\r\n  \"tags\": null,\r\n  \"id\": \"/subscriptions/90585f39-ab85-4921-bb37-0468f7efd1dd/resourceGroups/datalakerg148/providers/Microsoft.DataLakeStore/accounts/testadlfs18957\",\r\n  \"name\": \"testadlfs18957\",\r\n  \"type\": \"Microsoft.DataLakeStore/accounts\"\r\n}",
      "ResponseHeaders": {
        "Content-Length": [
          "418"
        ],
        "Content-Type": [
          "application/json"
        ],
        "Expires": [
          "-1"
        ],
        "Cache-Control": [
          "no-cache"
        ],
        "Connection": [
          "close"
        ],
        "Date": [
          "Thu, 01 Sep 2016 17:05:13 GMT"
        ],
        "Pragma": [
          "no-cache"
        ],
        "Location": [
          "https://api-dogfood.resources.windows-int.net/subscriptions/90585f39-ab85-4921-bb37-0468f7efd1dd/resourcegroups/datalakerg148/providers/Microsoft.DataLakeStore/accounts/testadlfs18957/operationresults/0?api-version=2015-10-01-preview"
        ],
        "Retry-After": [
          "10"
        ],
        "Server": [
          "Microsoft-IIS/8.5"
        ],
        "Azure-AsyncOperation": [
          "https://api-dogfood.resources.windows-int.net/subscriptions/90585f39-ab85-4921-bb37-0468f7efd1dd/providers/Microsoft.DataLakeStore/locations/EastUS2/operationResults/26beb64e-c04d-4a57-9193-6d5dc8eaadbb0?api-version=2015-10-01-preview&expanded=true"
        ],
        "x-ms-request-id": [
          "73d19115-7fb1-4743-ad3f-e9976dca2a58"
        ],
        "X-AspNet-Version": [
          "4.0.30319"
        ],
        "X-Powered-By": [
          "ASP.NET"
        ],
        "x-ms-ratelimit-remaining-subscription-writes": [
          "1128"
        ],
        "x-ms-correlation-request-id": [
          "375ba6e1-ca3c-40d1-851f-415ed2594553"
        ],
        "x-ms-routing-request-id": [
          "CENTRALUS:20160901T170514Z:375ba6e1-ca3c-40d1-851f-415ed2594553"
        ],
        "Strict-Transport-Security": [
          "max-age=31536000; includeSubDomains"
        ]
      },
      "StatusCode": 201
    },
    {
      "RequestUri": "/subscriptions/90585f39-ab85-4921-bb37-0468f7efd1dd/providers/Microsoft.DataLakeStore/locations/EastUS2/operationResults/26beb64e-c04d-4a57-9193-6d5dc8eaadbb0?api-version=2015-10-01-preview&expanded=true",
      "EncodedRequestUri": "L3N1YnNjcmlwdGlvbnMvOTA1ODVmMzktYWI4NS00OTIxLWJiMzctMDQ2OGY3ZWZkMWRkL3Byb3ZpZGVycy9NaWNyb3NvZnQuRGF0YUxha2VTdG9yZS9sb2NhdGlvbnMvRWFzdFVTMi9vcGVyYXRpb25SZXN1bHRzLzI2YmViNjRlLWMwNGQtNGE1Ny05MTkzLTZkNWRjOGVhYWRiYjA/YXBpLXZlcnNpb249MjAxNS0xMC0wMS1wcmV2aWV3JmV4cGFuZGVkPXRydWU=",
      "RequestMethod": "GET",
      "RequestBody": "",
      "RequestHeaders": {
        "User-Agent": [
          "Microsoft.Azure.Management.DataLake.Store.DataLakeStoreAccountManagementClient/0.12.5-preview"
        ]
      },
      "ResponseBody": "{\r\n  \"status\": \"Succeeded\"\r\n}",
      "ResponseHeaders": {
        "Content-Type": [
          "application/json"
        ],
        "Expires": [
          "-1"
        ],
        "Cache-Control": [
          "no-cache"
        ],
        "Connection": [
          "close"
        ],
        "Date": [
          "Thu, 01 Sep 2016 17:05:44 GMT"
        ],
        "Pragma": [
          "no-cache"
        ],
        "Server": [
          "Microsoft-IIS/8.5"
        ],
        "Vary": [
          "Accept-Encoding"
        ],
        "x-ms-request-id": [
          "fc707531-64fb-4d6e-9752-fe4889671844"
        ],
        "X-AspNet-Version": [
          "4.0.30319"
        ],
        "X-Powered-By": [
          "ASP.NET"
        ],
        "x-ms-ratelimit-remaining-subscription-reads": [
          "14888"
        ],
        "x-ms-correlation-request-id": [
          "3c7c11b3-4715-486e-b19a-d2a3d4480777"
        ],
        "x-ms-routing-request-id": [
          "CENTRALUS:20160901T170544Z:3c7c11b3-4715-486e-b19a-d2a3d4480777"
        ],
        "Strict-Transport-Security": [
          "max-age=31536000; includeSubDomains"
        ]
      },
      "StatusCode": 200
    },
    {
      "RequestUri": "/webhdfs/v1/SDKTestFolder01%2FSDKTestFile01.txt7465?op=CREATE&write=true&api-version=2015-10-01-preview",
      "EncodedRequestUri": "L3dlYmhkZnMvdjEvU0RLVGVzdEZvbGRlcjAxJTJGU0RLVGVzdEZpbGUwMS50eHQ3NDY1P29wPUNSRUFURSZ3cml0ZT10cnVlJmFwaS12ZXJzaW9uPTIwMTUtMTAtMDEtcHJldmlldw==",
      "RequestMethod": "PUT",
      "RequestBody": "These are some random test contents 1234!@",
      "RequestHeaders": {
        "Content-Type": [
          "application/octet-stream"
        ],
        "x-ms-client-request-id": [
          "cc4439ca-cc9f-46ee-a5dc-cea051122c34"
        ],
        "Transfer-Encoding": [
          "chunked"
        ],
        "accept-language": [
          "en-US"
        ],
        "User-Agent": [
          "Microsoft.Azure.Management.DataLake.Store.DataLakeStoreFileSystemManagementClient/0.12.5-preview"
        ]
      },
      "ResponseBody": "",
      "ResponseHeaders": {
        "Content-Length": [
          "0"
        ],
        "Expires": [
          "-1"
        ],
        "Cache-Control": [
          "no-cache"
        ],
        "Date": [
          "Thu, 01 Sep 2016 17:05:46 GMT"
        ],
        "Pragma": [
          "no-cache"
        ],
        "Location": [
          "https://testadlfs18957.caboaccountdogfood.net/webhdfs/v1/SDKTestFolder01/SDKTestFile01.txt7465?op=CREATE&write=true&api-version=2015-10-01-preview"
        ],
        "x-ms-request-id": [
          "e3d4975c-d1cb-4eed-a7f8-c3280d185715"
        ],
        "ContentLength": [
          "0"
        ],
        "Server-Perf": [
          "[e3d4975c-d1cb-4eed-a7f8-c3280d185715][ AuthTime::1276.24285053802::PostAuthTime::322.054579911236 ][S-HdfsGetFileStatusV2 :: 00:00:156 ms]%0a[S-FsOpenStream :: 00:00:154 ms]%0a[S-FsAppendStream :: 00:00:152 ms]%0a[BufferingTime :: 00:00:001 ms]%0a[WriteTime :: 00:00:152 ms]%0a[S-FsAppendStream :: 00:00:019 ms]%0a[S-FsCloseHandle :: 00:00:001 ms]%0a[CREATE :: 00:00:486 ms]%0a"
        ],
        "x-ms-webhdfs-version": [
          "16.07.18.01"
        ],
        "Status": [
          "0x0"
        ],
        "X-Content-Type-Options": [
          "nosniff"
        ],
        "Strict-Transport-Security": [
          "max-age=15724800; includeSubDomains"
        ]
      },
      "StatusCode": 201
    },
    {
      "RequestUri": "/webhdfs/v1/SDKTestFolder01%2FSDKTestFile01.txt7465?op=MSGETFILESTATUS&api-version=2015-10-01-preview",
      "EncodedRequestUri": "L3dlYmhkZnMvdjEvU0RLVGVzdEZvbGRlcjAxJTJGU0RLVGVzdEZpbGUwMS50eHQ3NDY1P29wPU1TR0VURklMRVNUQVRVUyZhcGktdmVyc2lvbj0yMDE1LTEwLTAxLXByZXZpZXc=",
      "RequestMethod": "GET",
      "RequestBody": "",
      "RequestHeaders": {
        "x-ms-client-request-id": [
          "958e5605-00a4-4947-b007-3a37875c66dc"
        ],
        "accept-language": [
          "en-US"
        ],
        "User-Agent": [
          "Microsoft.Azure.Management.DataLake.Store.DataLakeStoreFileSystemManagementClient/0.12.5-preview"
        ]
      },
      "ResponseBody": "{\r\n  \"FileStatus\": {\r\n    \"length\": 42,\r\n    \"pathSuffix\": \"\",\r\n    \"type\": \"FILE\",\r\n    \"blockSize\": 268435456,\r\n    \"accessTime\": 1472749546933,\r\n    \"modificationTime\": 1472749547208,\r\n    \"replication\": 1,\r\n    \"permission\": \"770\",\r\n    \"owner\": \"6c239a52-63a0-4219-bcdc-c1ce354f95d4\",\r\n    \"group\": \"6c239a52-63a0-4219-bcdc-c1ce354f95d4\",\r\n    \"expirationTime\": 0\r\n  }\r\n}",
      "ResponseHeaders": {
        "Content-Length": [
          "288"
        ],
        "Content-Type": [
          "application/json; charset=utf-8"
        ],
        "Expires": [
          "-1"
        ],
        "Cache-Control": [
          "no-cache"
        ],
        "Date": [
          "Thu, 01 Sep 2016 17:05:46 GMT"
        ],
        "Pragma": [
          "no-cache"
        ],
        "x-ms-request-id": [
          "17493df0-7828-4678-9e3c-b70bcc199cdb"
        ],
        "Server-Perf": [
          "[17493df0-7828-4678-9e3c-b70bcc199cdb][ AuthTime::0::PostAuthTime::0 ][S-HdfsGetFileStatusV2 :: 00:00:020 ms]%0a[MSGETFILESTATUS :: 00:00:026 ms]%0a"
        ],
        "x-ms-webhdfs-version": [
          "16.07.18.01"
        ],
        "Status": [
          "0x0"
        ],
        "X-Content-Type-Options": [
          "nosniff"
        ],
        "Strict-Transport-Security": [
          "max-age=15724800; includeSubDomains"
        ]
      },
      "StatusCode": 200
    },
    {
      "RequestUri": "/webhdfs/v1/SDKTestFolder01%2FSDKTestFile01.txt7465?op=MSGETFILESTATUS&api-version=2015-10-01-preview",
      "EncodedRequestUri": "L3dlYmhkZnMvdjEvU0RLVGVzdEZvbGRlcjAxJTJGU0RLVGVzdEZpbGUwMS50eHQ3NDY1P29wPU1TR0VURklMRVNUQVRVUyZhcGktdmVyc2lvbj0yMDE1LTEwLTAxLXByZXZpZXc=",
      "RequestMethod": "GET",
      "RequestBody": "",
      "RequestHeaders": {
        "x-ms-client-request-id": [
          "c2a98d67-3590-4792-8cf5-7b8e4baddb28"
        ],
        "accept-language": [
          "en-US"
        ],
        "User-Agent": [
          "Microsoft.Azure.Management.DataLake.Store.DataLakeStoreFileSystemManagementClient/0.12.5-preview"
        ]
      },
      "ResponseBody": "{\r\n  \"RemoteException\": {\r\n    \"exception\": \"FileNotFoundException\",\r\n    \"message\": \"File/Folder does not exist: /SDKTestFolder01/SDKTestFile01.txt7465 [eb6163ee-170f-45b5-b044-9776b5843d05][2016-09-01T10:05:47.8872317-07:00]\",\r\n    \"javaClassName\": \"java.io.FileNotFoundException\"\r\n  }\r\n}",
      "ResponseHeaders": {
        "Content-Length": [
          "258"
        ],
        "Content-Type": [
          "application/json; charset=utf-8"
        ],
        "Expires": [
          "-1"
        ],
        "Cache-Control": [
          "no-cache"
        ],
        "Date": [
          "Thu, 01 Sep 2016 17:05:46 GMT"
        ],
        "Pragma": [
          "no-cache"
        ],
        "x-ms-request-id": [
          "eb6163ee-170f-45b5-b044-9776b5843d05"
        ],
        "Server-Perf": [
          "[eb6163ee-170f-45b5-b044-9776b5843d05][ AuthTime::0::PostAuthTime::0 ][S-HdfsGetFileStatusV2 :: 00:00:010 ms]%0a[MSGETFILESTATUS :: 00:00:010 ms]%0a"
        ],
        "x-ms-webhdfs-version": [
          "16.07.18.01"
        ],
        "Status": [
          "0x8309000A"
        ],
        "X-Content-Type-Options": [
          "nosniff"
        ],
        "Strict-Transport-Security": [
          "max-age=15724800; includeSubDomains"
        ]
      },
      "StatusCode": 404
    },
    {
      "RequestUri": "/webhdfs/v1/SDKTestFolder012467?op=MKDIRS&api-version=2015-10-01-preview",
      "EncodedRequestUri": "L3dlYmhkZnMvdjEvU0RLVGVzdEZvbGRlcjAxMjQ2Nz9vcD1NS0RJUlMmYXBpLXZlcnNpb249MjAxNS0xMC0wMS1wcmV2aWV3",
      "RequestMethod": "PUT",
      "RequestBody": "",
      "RequestHeaders": {
        "x-ms-client-request-id": [
          "ec336695-f9d9-482d-bc6c-e5087bf5736a"
        ],
        "accept-language": [
          "en-US"
        ],
        "User-Agent": [
          "Microsoft.Azure.Management.DataLake.Store.DataLakeStoreFileSystemManagementClient/0.12.5-preview"
        ]
      },
      "ResponseBody": "{\r\n  \"boolean\": true\r\n}",
      "ResponseHeaders": {
        "Content-Length": [
          "16"
        ],
        "Content-Type": [
          "application/json; charset=utf-8"
        ],
        "Expires": [
          "-1"
        ],
        "Cache-Control": [
          "no-cache"
        ],
        "Date": [
          "Thu, 01 Sep 2016 17:05:46 GMT"
        ],
        "Pragma": [
          "no-cache"
        ],
        "x-ms-request-id": [
          "9dd666a3-feca-4694-9b9e-617c8b0393e5"
        ],
        "Server-Perf": [
          "[9dd666a3-feca-4694-9b9e-617c8b0393e5][ AuthTime::0::PostAuthTime::0 ][S-HdfsMkdirs :: 00:00:032 ms]%0a[MKDIRS :: 00:00:032 ms]%0a"
        ],
        "x-ms-webhdfs-version": [
          "16.07.18.01"
        ],
        "Status": [
          "0x0"
        ],
        "X-Content-Type-Options": [
          "nosniff"
        ],
        "Strict-Transport-Security": [
          "max-age=15724800; includeSubDomains"
        ]
      },
      "StatusCode": 200
    },
    {
      "RequestUri": "/webhdfs/v1/SDKTestFolder01%2FSDKTestFile01.txt7465?destination=SDKTestFolder012467%2FSDKTestMoveFile01.txt&op=RENAME&api-version=2015-10-01-preview",
      "EncodedRequestUri": "L3dlYmhkZnMvdjEvU0RLVGVzdEZvbGRlcjAxJTJGU0RLVGVzdEZpbGUwMS50eHQ3NDY1P2Rlc3RpbmF0aW9uPVNES1Rlc3RGb2xkZXIwMTI0NjclMkZTREtUZXN0TW92ZUZpbGUwMS50eHQmb3A9UkVOQU1FJmFwaS12ZXJzaW9uPTIwMTUtMTAtMDEtcHJldmlldw==",
      "RequestMethod": "PUT",
      "RequestBody": "",
      "RequestHeaders": {
        "x-ms-client-request-id": [
          "6bf000f0-20eb-4f45-8c36-d78d33c55dea"
        ],
        "accept-language": [
          "en-US"
        ],
        "User-Agent": [
          "Microsoft.Azure.Management.DataLake.Store.DataLakeStoreFileSystemManagementClient/0.12.5-preview"
        ]
      },
      "ResponseBody": "{\r\n  \"boolean\": true\r\n}",
      "ResponseHeaders": {
        "Content-Length": [
          "16"
        ],
        "Content-Type": [
          "application/json; charset=utf-8"
        ],
        "Expires": [
          "-1"
        ],
        "Cache-Control": [
          "no-cache"
        ],
        "Date": [
          "Thu, 01 Sep 2016 17:05:46 GMT"
        ],
        "Pragma": [
          "no-cache"
        ],
        "x-ms-request-id": [
          "6868422e-7ac9-4274-8c27-ffe184b9f8c8"
        ],
        "Server-Perf": [
          "[6868422e-7ac9-4274-8c27-ffe184b9f8c8][ AuthTime::0::PostAuthTime::0 ][S-HdfsGetFileStatusV2 :: 00:00:010 ms]%0a[S-FsRename :: 00:00:047 ms]%0a[RENAME :: 00:00:082 ms]%0a"
        ],
        "x-ms-webhdfs-version": [
          "16.07.18.01"
        ],
        "Status": [
          "0x0"
        ],
        "X-Content-Type-Options": [
          "nosniff"
        ],
        "Strict-Transport-Security": [
          "max-age=15724800; includeSubDomains"
        ]
      },
      "StatusCode": 200
    },
    {
      "RequestUri": "/webhdfs/v1/SDKTestFolder012467%2FSDKTestMoveFile01.txt?op=MSGETFILESTATUS&api-version=2015-10-01-preview",
      "EncodedRequestUri": "L3dlYmhkZnMvdjEvU0RLVGVzdEZvbGRlcjAxMjQ2NyUyRlNES1Rlc3RNb3ZlRmlsZTAxLnR4dD9vcD1NU0dFVEZJTEVTVEFUVVMmYXBpLXZlcnNpb249MjAxNS0xMC0wMS1wcmV2aWV3",
      "RequestMethod": "GET",
      "RequestBody": "",
      "RequestHeaders": {
        "x-ms-client-request-id": [
          "a9dfd769-407e-48c3-83fc-27b676ede346"
        ],
        "accept-language": [
          "en-US"
        ],
        "User-Agent": [
          "Microsoft.Azure.Management.DataLake.Store.DataLakeStoreFileSystemManagementClient/0.12.5-preview"
        ]
      },
      "ResponseBody": "{\r\n  \"FileStatus\": {\r\n    \"length\": 42,\r\n    \"pathSuffix\": \"\",\r\n    \"type\": \"FILE\",\r\n    \"blockSize\": 268435456,\r\n    \"accessTime\": 1472749546933,\r\n    \"modificationTime\": 1472749547208,\r\n    \"replication\": 1,\r\n    \"permission\": \"770\",\r\n    \"owner\": \"6c239a52-63a0-4219-bcdc-c1ce354f95d4\",\r\n    \"group\": \"6c239a52-63a0-4219-bcdc-c1ce354f95d4\",\r\n    \"expirationTime\": 0\r\n  }\r\n}",
      "ResponseHeaders": {
        "Content-Length": [
          "288"
        ],
        "Content-Type": [
          "application/json; charset=utf-8"
        ],
        "Expires": [
          "-1"
        ],
        "Cache-Control": [
          "no-cache"
        ],
        "Date": [
          "Thu, 01 Sep 2016 17:05:46 GMT"
        ],
        "Pragma": [
          "no-cache"
        ],
        "x-ms-request-id": [
          "90565d38-4d10-4f37-8fec-bc01ea911cb6"
        ],
        "Server-Perf": [
          "[90565d38-4d10-4f37-8fec-bc01ea911cb6][ AuthTime::0::PostAuthTime::0 ][S-HdfsGetFileStatusV2 :: 00:00:020 ms]%0a[MSGETFILESTATUS :: 00:00:020 ms]%0a"
        ],
        "x-ms-webhdfs-version": [
          "16.07.18.01"
        ],
        "Status": [
          "0x0"
        ],
        "X-Content-Type-Options": [
          "nosniff"
        ],
        "Strict-Transport-Security": [
          "max-age=15724800; includeSubDomains"
        ]
      },
      "StatusCode": 200
    },
    {
      "RequestUri": "/webhdfs/v1/SDKTestFolder012467?destination=SDKTestMoveFolder016467&op=RENAME&api-version=2015-10-01-preview",
      "EncodedRequestUri": "L3dlYmhkZnMvdjEvU0RLVGVzdEZvbGRlcjAxMjQ2Nz9kZXN0aW5hdGlvbj1TREtUZXN0TW92ZUZvbGRlcjAxNjQ2NyZvcD1SRU5BTUUmYXBpLXZlcnNpb249MjAxNS0xMC0wMS1wcmV2aWV3",
      "RequestMethod": "PUT",
      "RequestBody": "",
      "RequestHeaders": {
        "x-ms-client-request-id": [
          "737144a8-0b3c-4bba-a4ed-026f276dc30f"
        ],
        "accept-language": [
          "en-US"
        ],
        "User-Agent": [
          "Microsoft.Azure.Management.DataLake.Store.DataLakeStoreFileSystemManagementClient/0.12.5-preview"
        ]
      },
      "ResponseBody": "{\r\n  \"boolean\": true\r\n}",
      "ResponseHeaders": {
        "Content-Length": [
          "16"
        ],
        "Content-Type": [
          "application/json; charset=utf-8"
        ],
        "Expires": [
          "-1"
        ],
        "Cache-Control": [
          "no-cache"
        ],
        "Date": [
          "Thu, 01 Sep 2016 17:05:48 GMT"
        ],
        "Pragma": [
          "no-cache"
        ],
        "x-ms-request-id": [
          "93af4c37-f0b0-4f77-ab4d-d68bf03431d7"
        ],
        "Server-Perf": [
          "[93af4c37-f0b0-4f77-ab4d-d68bf03431d7][ AuthTime::1244.59339646972::PostAuthTime::324.193056537473 ][S-HdfsGetFileStatusV2 :: 00:00:010 ms]%0a[S-FsRename :: 00:00:045 ms]%0a[RENAME :: 00:00:055 ms]%0a"
        ],
        "x-ms-webhdfs-version": [
          "16.07.18.01"
        ],
        "Status": [
          "0x0"
        ],
        "X-Content-Type-Options": [
          "nosniff"
        ],
        "Strict-Transport-Security": [
          "max-age=15724800; includeSubDomains"
        ]
      },
      "StatusCode": 200
    },
    {
      "RequestUri": "/webhdfs/v1/SDKTestMoveFolder016467?op=MSGETFILESTATUS&api-version=2015-10-01-preview",
      "EncodedRequestUri": "L3dlYmhkZnMvdjEvU0RLVGVzdE1vdmVGb2xkZXIwMTY0Njc/b3A9TVNHRVRGSUxFU1RBVFVTJmFwaS12ZXJzaW9uPTIwMTUtMTAtMDEtcHJldmlldw==",
      "RequestMethod": "GET",
      "RequestBody": "",
      "RequestHeaders": {
        "x-ms-client-request-id": [
          "7e81e025-6186-4456-bb71-230cd4892d90"
        ],
        "accept-language": [
          "en-US"
        ],
        "User-Agent": [
          "Microsoft.Azure.Management.DataLake.Store.DataLakeStoreFileSystemManagementClient/0.12.5-preview"
        ]
      },
      "ResponseBody": "{\r\n  \"FileStatus\": {\r\n    \"length\": 0,\r\n    \"pathSuffix\": \"\",\r\n    \"type\": \"DIRECTORY\",\r\n    \"blockSize\": 0,\r\n    \"accessTime\": 1472749547466,\r\n    \"modificationTime\": 1472749547466,\r\n    \"replication\": 0,\r\n    \"permission\": \"770\",\r\n    \"owner\": \"6c239a52-63a0-4219-bcdc-c1ce354f95d4\",\r\n    \"group\": \"6c239a52-63a0-4219-bcdc-c1ce354f95d4\"\r\n  }\r\n}",
      "ResponseHeaders": {
        "Content-Length": [
          "265"
        ],
        "Content-Type": [
          "application/json; charset=utf-8"
        ],
        "Expires": [
          "-1"
        ],
        "Cache-Control": [
          "no-cache"
        ],
        "Date": [
          "Thu, 01 Sep 2016 17:05:48 GMT"
        ],
        "Pragma": [
          "no-cache"
        ],
        "x-ms-request-id": [
          "7e695c63-e846-4e0a-88de-9733d34916a4"
        ],
        "Server-Perf": [
          "[7e695c63-e846-4e0a-88de-9733d34916a4][ AuthTime::0::PostAuthTime::0 ][S-HdfsGetFileStatusV2 :: 00:00:015 ms]%0a[MSGETFILESTATUS :: 00:00:016 ms]%0a"
        ],
        "x-ms-webhdfs-version": [
          "16.07.18.01"
        ],
        "Status": [
          "0x0"
        ],
        "X-Content-Type-Options": [
          "nosniff"
        ],
        "Strict-Transport-Security": [
          "max-age=15724800; includeSubDomains"
        ]
      },
      "StatusCode": 200
    },
    {
      "RequestUri": "/webhdfs/v1/SDKTestMoveFolder016467?op=MSLISTSTATUS&api-version=2015-10-01-preview",
      "EncodedRequestUri": "L3dlYmhkZnMvdjEvU0RLVGVzdE1vdmVGb2xkZXIwMTY0Njc/b3A9TVNMSVNUU1RBVFVTJmFwaS12ZXJzaW9uPTIwMTUtMTAtMDEtcHJldmlldw==",
      "RequestMethod": "GET",
      "RequestBody": "",
      "RequestHeaders": {
        "x-ms-client-request-id": [
          "93d9c8cd-681f-4e86-96f4-0723263a2bcb"
        ],
        "accept-language": [
          "en-US"
        ],
        "User-Agent": [
          "Microsoft.Azure.Management.DataLake.Store.DataLakeStoreFileSystemManagementClient/0.12.5-preview"
        ]
      },
      "ResponseBody": "{\r\n  \"FileStatuses\": {\r\n    \"FileStatus\": [\r\n      {\r\n        \"length\": 42,\r\n        \"pathSuffix\": \"SDKTestMoveFile01.txt\",\r\n        \"type\": \"FILE\",\r\n        \"blockSize\": 268435456,\r\n        \"accessTime\": 1472749546933,\r\n        \"modificationTime\": 1472749547208,\r\n        \"replication\": 1,\r\n        \"permission\": \"770\",\r\n        \"owner\": \"6c239a52-63a0-4219-bcdc-c1ce354f95d4\",\r\n        \"group\": \"6c239a52-63a0-4219-bcdc-c1ce354f95d4\",\r\n        \"expirationTime\": 0\r\n      }\r\n    ]\r\n  }\r\n}",
      "ResponseHeaders": {
        "Content-Length": [
          "328"
        ],
        "Content-Type": [
          "application/json; charset=utf-8"
        ],
        "Expires": [
          "-1"
        ],
        "Cache-Control": [
          "no-cache"
        ],
        "Date": [
          "Thu, 01 Sep 2016 17:05:48 GMT"
        ],
        "Pragma": [
          "no-cache"
        ],
        "x-ms-request-id": [
          "cb0f9674-1c1b-45c1-9e7f-1a3784e26acc"
        ],
        "Server-Perf": [
          "[cb0f9674-1c1b-45c1-9e7f-1a3784e26acc][ AuthTime::0::PostAuthTime::0 ][S-HdfsListStatus :: 00:00:037 ms]%0a[MSLISTSTATUS :: 00:00:082 ms]%0a"
        ],
        "x-ms-webhdfs-version": [
          "16.07.18.01"
        ],
        "Status": [
          "0x0"
        ],
        "X-Content-Type-Options": [
          "nosniff"
        ],
        "Strict-Transport-Security": [
          "max-age=15724800; includeSubDomains"
        ]
      },
      "StatusCode": 200
    },
    {
      "RequestUri": "/webhdfs/v1/SDKTestFolder012467?op=MSGETFILESTATUS&api-version=2015-10-01-preview",
      "EncodedRequestUri": "L3dlYmhkZnMvdjEvU0RLVGVzdEZvbGRlcjAxMjQ2Nz9vcD1NU0dFVEZJTEVTVEFUVVMmYXBpLXZlcnNpb249MjAxNS0xMC0wMS1wcmV2aWV3",
      "RequestMethod": "GET",
      "RequestBody": "",
      "RequestHeaders": {
        "x-ms-client-request-id": [
          "84dfbee4-aea2-4c54-8a92-0dd3bbd13d75"
        ],
        "accept-language": [
          "en-US"
        ],
        "User-Agent": [
          "Microsoft.Azure.Management.DataLake.Store.DataLakeStoreFileSystemManagementClient/0.12.5-preview"
        ]
      },
      "ResponseBody": "{\r\n  \"RemoteException\": {\r\n    \"exception\": \"FileNotFoundException\",\r\n    \"message\": \"File/Folder does not exist: /SDKTestFolder012467 [d56080f4-523f-4c58-886d-54c3613fa917][2016-09-01T10:05:48.5122412-07:00]\",\r\n    \"javaClassName\": \"java.io.FileNotFoundException\"\r\n  }\r\n}",
      "ResponseHeaders": {
        "Content-Length": [
          "240"
        ],
        "Content-Type": [
          "application/json; charset=utf-8"
        ],
        "Expires": [
          "-1"
        ],
        "Cache-Control": [
          "no-cache"
        ],
        "Date": [
          "Thu, 01 Sep 2016 17:05:48 GMT"
        ],
        "Pragma": [
          "no-cache"
        ],
        "x-ms-request-id": [
          "d56080f4-523f-4c58-886d-54c3613fa917"
        ],
        "Server-Perf": [
          "[d56080f4-523f-4c58-886d-54c3613fa917][ AuthTime::0::PostAuthTime::0 ][S-HdfsGetFileStatusV2 :: 00:00:009 ms]%0a[MSGETFILESTATUS :: 00:00:010 ms]%0a"
        ],
        "x-ms-webhdfs-version": [
          "16.07.18.01"
        ],
        "Status": [
          "0x8309000A"
        ],
        "X-Content-Type-Options": [
          "nosniff"
        ],
        "Strict-Transport-Security": [
          "max-age=15724800; includeSubDomains"
        ]
      },
      "StatusCode": 404
    }
  ],
  "Names": {
    ".ctor": [
      "datalakerg148",
      "testdatalake12881",
      "testadlfs18957"
    ],
    "CreateFile": [
      "SDKTestFolder01/SDKTestFile01.txt7465"
    ],
    "CreateFolder": [
      "SDKTestFolder012467"
    ],
    "DataLakeStoreFileSystemMoveFileAndFolder": [
      "SDKTestMoveFolder016467"
    ]
  },
  "Variables": {
    "SubscriptionId": "90585f39-ab85-4921-bb37-0468f7efd1dd"
  }
}