{
  "Entries": [
    {
      "RequestUri": "/subscriptions/53d9063d-87ae-4ea8-be90-3686c3b8669f/providers/Microsoft.DataLakeStore/register?api-version=2015-11-01",
      "EncodedRequestUri": "L3N1YnNjcmlwdGlvbnMvNTNkOTA2M2QtODdhZS00ZWE4LWJlOTAtMzY4NmMzYjg2NjlmL3Byb3ZpZGVycy9NaWNyb3NvZnQuRGF0YUxha2VTdG9yZS9yZWdpc3Rlcj9hcGktdmVyc2lvbj0yMDE1LTExLTAx",
      "RequestMethod": "POST",
      "RequestBody": "",
      "RequestHeaders": {
        "x-ms-client-request-id": [
          "d900db15-3cab-48b7-ab3b-f78cc7cbcfc0"
        ],
        "accept-language": [
          "en-US"
        ],
        "User-Agent": [
          "Microsoft.Azure.Management.Resources.ResourceManagementClient/1.0.0-preview"
        ]
      },
      "ResponseBody": "{\r\n  \"id\": \"/subscriptions/53d9063d-87ae-4ea8-be90-3686c3b8669f/providers/Microsoft.DataLakeStore\",\r\n  \"namespace\": \"Microsoft.DataLakeStore\",\r\n  \"resourceTypes\": [\r\n    {\r\n      \"resourceType\": \"operations\",\r\n      \"locations\": [],\r\n      \"apiVersions\": [\r\n        \"2015-10-01-preview\"\r\n      ]\r\n    },\r\n    {\r\n      \"resourceType\": \"accounts\",\r\n      \"locations\": [\r\n        \"East US 2\"\r\n      ],\r\n      \"apiVersions\": [\r\n        \"2015-10-01-preview\"\r\n      ],\r\n      \"capabilities\": \"CrossResourceGroupResourceMove, CrossSubscriptionResourceMove\"\r\n    },\r\n    {\r\n      \"resourceType\": \"accounts/firewallRules\",\r\n      \"locations\": [\r\n        \"East US 2\"\r\n      ],\r\n      \"apiVersions\": [\r\n        \"2015-10-01-preview\"\r\n      ]\r\n    },\r\n    {\r\n      \"resourceType\": \"locations\",\r\n      \"locations\": [],\r\n      \"apiVersions\": [\r\n        \"2015-10-01-preview\"\r\n      ]\r\n    },\r\n    {\r\n      \"resourceType\": \"locations/operationresults\",\r\n      \"locations\": [],\r\n      \"apiVersions\": [\r\n        \"2015-10-01-preview\"\r\n      ]\r\n    },\r\n    {\r\n      \"resourceType\": \"locations/checkNameAvailability\",\r\n      \"locations\": [],\r\n      \"apiVersions\": [\r\n        \"2015-10-01-preview\"\r\n      ]\r\n    },\r\n    {\r\n      \"resourceType\": \"locations/capability\",\r\n      \"locations\": [],\r\n      \"apiVersions\": [\r\n        \"2015-10-01-preview\"\r\n      ]\r\n    }\r\n  ],\r\n  \"registrationState\": \"Registered\"\r\n}",
      "ResponseHeaders": {
        "Content-Type": [
          "application/json; charset=utf-8"
        ],
        "Expires": [
          "-1"
        ],
        "Cache-Control": [
          "no-cache"
        ],
        "Date": [
          "Mon, 11 Jul 2016 18:00:27 GMT"
        ],
        "Pragma": [
          "no-cache"
        ],
        "Vary": [
          "Accept-Encoding"
        ],
        "x-ms-ratelimit-remaining-subscription-writes": [
          "1189"
        ],
        "x-ms-request-id": [
          "f8afc713-2ae1-42ca-add4-83ecd3a9f865"
        ],
        "x-ms-correlation-request-id": [
          "f8afc713-2ae1-42ca-add4-83ecd3a9f865"
        ],
        "x-ms-routing-request-id": [
          "WESTUS:20160711T180028Z:f8afc713-2ae1-42ca-add4-83ecd3a9f865"
        ],
        "Strict-Transport-Security": [
          "max-age=31536000; includeSubDomains"
        ]
      },
      "StatusCode": 200
    },
    {
      "RequestUri": "/subscriptions/53d9063d-87ae-4ea8-be90-3686c3b8669f/providers/Microsoft.DataLakeStore?api-version=2015-11-01",
      "EncodedRequestUri": "L3N1YnNjcmlwdGlvbnMvNTNkOTA2M2QtODdhZS00ZWE4LWJlOTAtMzY4NmMzYjg2NjlmL3Byb3ZpZGVycy9NaWNyb3NvZnQuRGF0YUxha2VTdG9yZT9hcGktdmVyc2lvbj0yMDE1LTExLTAx",
      "RequestMethod": "GET",
      "RequestBody": "",
      "RequestHeaders": {
        "x-ms-client-request-id": [
          "6630aaad-c912-45fe-86e2-4d5411e82585"
        ],
        "accept-language": [
          "en-US"
        ],
        "User-Agent": [
          "Microsoft.Azure.Management.Resources.ResourceManagementClient/1.0.0-preview"
        ]
      },
      "ResponseBody": "{\r\n  \"id\": \"/subscriptions/53d9063d-87ae-4ea8-be90-3686c3b8669f/providers/Microsoft.DataLakeStore\",\r\n  \"namespace\": \"Microsoft.DataLakeStore\",\r\n  \"resourceTypes\": [\r\n    {\r\n      \"resourceType\": \"operations\",\r\n      \"locations\": [],\r\n      \"apiVersions\": [\r\n        \"2015-10-01-preview\"\r\n      ]\r\n    },\r\n    {\r\n      \"resourceType\": \"accounts\",\r\n      \"locations\": [\r\n        \"East US 2\"\r\n      ],\r\n      \"apiVersions\": [\r\n        \"2015-10-01-preview\"\r\n      ],\r\n      \"capabilities\": \"CrossResourceGroupResourceMove, CrossSubscriptionResourceMove\"\r\n    },\r\n    {\r\n      \"resourceType\": \"accounts/firewallRules\",\r\n      \"locations\": [\r\n        \"East US 2\"\r\n      ],\r\n      \"apiVersions\": [\r\n        \"2015-10-01-preview\"\r\n      ]\r\n    },\r\n    {\r\n      \"resourceType\": \"locations\",\r\n      \"locations\": [],\r\n      \"apiVersions\": [\r\n        \"2015-10-01-preview\"\r\n      ]\r\n    },\r\n    {\r\n      \"resourceType\": \"locations/operationresults\",\r\n      \"locations\": [],\r\n      \"apiVersions\": [\r\n        \"2015-10-01-preview\"\r\n      ]\r\n    },\r\n    {\r\n      \"resourceType\": \"locations/checkNameAvailability\",\r\n      \"locations\": [],\r\n      \"apiVersions\": [\r\n        \"2015-10-01-preview\"\r\n      ]\r\n    },\r\n    {\r\n      \"resourceType\": \"locations/capability\",\r\n      \"locations\": [],\r\n      \"apiVersions\": [\r\n        \"2015-10-01-preview\"\r\n      ]\r\n    }\r\n  ],\r\n  \"registrationState\": \"Registered\"\r\n}",
      "ResponseHeaders": {
        "Content-Type": [
          "application/json; charset=utf-8"
        ],
        "Expires": [
          "-1"
        ],
        "Cache-Control": [
          "no-cache"
        ],
        "Date": [
          "Mon, 11 Jul 2016 18:00:27 GMT"
        ],
        "Pragma": [
          "no-cache"
        ],
        "Vary": [
          "Accept-Encoding"
        ],
        "x-ms-ratelimit-remaining-subscription-reads": [
          "14983"
        ],
        "x-ms-request-id": [
          "703c5acf-d0ed-495d-9ab5-58c58d11f304"
        ],
        "x-ms-correlation-request-id": [
          "703c5acf-d0ed-495d-9ab5-58c58d11f304"
        ],
        "x-ms-routing-request-id": [
          "WESTUS:20160711T180028Z:703c5acf-d0ed-495d-9ab5-58c58d11f304"
        ],
        "Strict-Transport-Security": [
          "max-age=31536000; includeSubDomains"
        ]
      },
      "StatusCode": 200
    },
    {
      "RequestUri": "/subscriptions/53d9063d-87ae-4ea8-be90-3686c3b8669f/providers/Microsoft.Storage/register?api-version=2015-11-01",
      "EncodedRequestUri": "L3N1YnNjcmlwdGlvbnMvNTNkOTA2M2QtODdhZS00ZWE4LWJlOTAtMzY4NmMzYjg2NjlmL3Byb3ZpZGVycy9NaWNyb3NvZnQuU3RvcmFnZS9yZWdpc3Rlcj9hcGktdmVyc2lvbj0yMDE1LTExLTAx",
      "RequestMethod": "POST",
      "RequestBody": "",
      "RequestHeaders": {
        "x-ms-client-request-id": [
          "33d201b5-ae18-4bd4-9544-a53335652346"
        ],
        "accept-language": [
          "en-US"
        ],
        "User-Agent": [
          "Microsoft.Azure.Management.Resources.ResourceManagementClient/1.0.0-preview"
        ]
      },
      "ResponseBody": "{\r\n  \"id\": \"/subscriptions/53d9063d-87ae-4ea8-be90-3686c3b8669f/providers/Microsoft.Storage\",\r\n  \"namespace\": \"Microsoft.Storage\",\r\n  \"resourceTypes\": [\r\n    {\r\n      \"resourceType\": \"storageAccounts\",\r\n      \"locations\": [\r\n        \"East US\",\r\n        \"East US 2\",\r\n        \"West US\",\r\n        \"West Europe\",\r\n        \"East Asia\",\r\n        \"Southeast Asia\",\r\n        \"Japan East\",\r\n        \"Japan West\",\r\n        \"North Central US\",\r\n        \"South Central US\",\r\n        \"Central US\",\r\n        \"North Europe\",\r\n        \"Brazil South\",\r\n        \"Canada East\",\r\n        \"Canada Central\",\r\n        \"West US 2\",\r\n        \"West Central US\"\r\n      ],\r\n      \"apiVersions\": [\r\n        \"2016-01-01\",\r\n        \"2015-06-15\",\r\n        \"2015-05-01-preview\"\r\n      ],\r\n      \"capabilities\": \"CrossResourceGroupResourceMove, CrossSubscriptionResourceMove\"\r\n    },\r\n    {\r\n      \"resourceType\": \"operations\",\r\n      \"locations\": [],\r\n      \"apiVersions\": [\r\n        \"2016-01-01\",\r\n        \"2015-06-15\",\r\n        \"2015-05-01-preview\"\r\n      ]\r\n    },\r\n    {\r\n      \"resourceType\": \"usages\",\r\n      \"locations\": [],\r\n      \"apiVersions\": [\r\n        \"2016-01-01\",\r\n        \"2015-06-15\",\r\n        \"2015-05-01-preview\"\r\n      ]\r\n    },\r\n    {\r\n      \"resourceType\": \"checkNameAvailability\",\r\n      \"locations\": [],\r\n      \"apiVersions\": [\r\n        \"2016-01-01\",\r\n        \"2015-06-15\",\r\n        \"2015-05-01-preview\"\r\n      ]\r\n    },\r\n    {\r\n      \"resourceType\": \"storageAccounts/services\",\r\n      \"locations\": [\r\n        \"East US\",\r\n        \"West US\",\r\n        \"West Europe\",\r\n        \"North Europe\",\r\n        \"East Asia\",\r\n        \"Southeast Asia\",\r\n        \"Japan East\",\r\n        \"Japan West\",\r\n        \"North Central US\",\r\n        \"South Central US\",\r\n        \"East US 2\",\r\n        \"Central US\",\r\n        \"Brazil South\",\r\n        \"Canada East\",\r\n        \"Canada Central\",\r\n        \"West US 2\",\r\n        \"West Central US\"\r\n      ],\r\n      \"apiVersions\": [\r\n        \"2014-04-01\"\r\n      ]\r\n    },\r\n    {\r\n      \"resourceType\": \"storageAccounts/services/metricDefinitions\",\r\n      \"locations\": [\r\n        \"East US\",\r\n        \"West US\",\r\n        \"West Europe\",\r\n        \"North Europe\",\r\n        \"East Asia\",\r\n        \"Southeast Asia\",\r\n        \"Japan East\",\r\n        \"Japan West\",\r\n        \"North Central US\",\r\n        \"South Central US\",\r\n        \"East US 2\",\r\n        \"Central US\",\r\n        \"Brazil South\",\r\n        \"Canada East\",\r\n        \"Canada Central\",\r\n        \"West US 2\",\r\n        \"West Central US\"\r\n      ],\r\n      \"apiVersions\": [\r\n        \"2014-04-01\"\r\n      ]\r\n    }\r\n  ],\r\n  \"registrationState\": \"Registered\"\r\n}",
      "ResponseHeaders": {
        "Content-Type": [
          "application/json; charset=utf-8"
        ],
        "Expires": [
          "-1"
        ],
        "Cache-Control": [
          "no-cache"
        ],
        "Date": [
          "Mon, 11 Jul 2016 18:00:28 GMT"
        ],
        "Pragma": [
          "no-cache"
        ],
        "Vary": [
          "Accept-Encoding"
        ],
        "x-ms-ratelimit-remaining-subscription-writes": [
          "1188"
        ],
        "x-ms-request-id": [
          "0cfb9750-a6c8-43f6-ad98-2a2ed992843a"
        ],
        "x-ms-correlation-request-id": [
          "0cfb9750-a6c8-43f6-ad98-2a2ed992843a"
        ],
        "x-ms-routing-request-id": [
          "WESTUS:20160711T180028Z:0cfb9750-a6c8-43f6-ad98-2a2ed992843a"
        ],
        "Strict-Transport-Security": [
          "max-age=31536000; includeSubDomains"
        ]
      },
      "StatusCode": 200
    },
    {
      "RequestUri": "/subscriptions/53d9063d-87ae-4ea8-be90-3686c3b8669f/providers/Microsoft.Storage?api-version=2015-11-01",
      "EncodedRequestUri": "L3N1YnNjcmlwdGlvbnMvNTNkOTA2M2QtODdhZS00ZWE4LWJlOTAtMzY4NmMzYjg2NjlmL3Byb3ZpZGVycy9NaWNyb3NvZnQuU3RvcmFnZT9hcGktdmVyc2lvbj0yMDE1LTExLTAx",
      "RequestMethod": "GET",
      "RequestBody": "",
      "RequestHeaders": {
        "x-ms-client-request-id": [
          "cf63eb73-882f-42d7-91a5-75a1fba112e2"
        ],
        "accept-language": [
          "en-US"
        ],
        "User-Agent": [
          "Microsoft.Azure.Management.Resources.ResourceManagementClient/1.0.0-preview"
        ]
      },
      "ResponseBody": "{\r\n  \"id\": \"/subscriptions/53d9063d-87ae-4ea8-be90-3686c3b8669f/providers/Microsoft.Storage\",\r\n  \"namespace\": \"Microsoft.Storage\",\r\n  \"resourceTypes\": [\r\n    {\r\n      \"resourceType\": \"storageAccounts\",\r\n      \"locations\": [\r\n        \"East US\",\r\n        \"East US 2\",\r\n        \"West US\",\r\n        \"West Europe\",\r\n        \"East Asia\",\r\n        \"Southeast Asia\",\r\n        \"Japan East\",\r\n        \"Japan West\",\r\n        \"North Central US\",\r\n        \"South Central US\",\r\n        \"Central US\",\r\n        \"North Europe\",\r\n        \"Brazil South\",\r\n        \"Canada East\",\r\n        \"Canada Central\",\r\n        \"West US 2\",\r\n        \"West Central US\"\r\n      ],\r\n      \"apiVersions\": [\r\n        \"2016-01-01\",\r\n        \"2015-06-15\",\r\n        \"2015-05-01-preview\"\r\n      ],\r\n      \"capabilities\": \"CrossResourceGroupResourceMove, CrossSubscriptionResourceMove\"\r\n    },\r\n    {\r\n      \"resourceType\": \"operations\",\r\n      \"locations\": [],\r\n      \"apiVersions\": [\r\n        \"2016-01-01\",\r\n        \"2015-06-15\",\r\n        \"2015-05-01-preview\"\r\n      ]\r\n    },\r\n    {\r\n      \"resourceType\": \"usages\",\r\n      \"locations\": [],\r\n      \"apiVersions\": [\r\n        \"2016-01-01\",\r\n        \"2015-06-15\",\r\n        \"2015-05-01-preview\"\r\n      ]\r\n    },\r\n    {\r\n      \"resourceType\": \"checkNameAvailability\",\r\n      \"locations\": [],\r\n      \"apiVersions\": [\r\n        \"2016-01-01\",\r\n        \"2015-06-15\",\r\n        \"2015-05-01-preview\"\r\n      ]\r\n    },\r\n    {\r\n      \"resourceType\": \"storageAccounts/services\",\r\n      \"locations\": [\r\n        \"East US\",\r\n        \"West US\",\r\n        \"West Europe\",\r\n        \"North Europe\",\r\n        \"East Asia\",\r\n        \"Southeast Asia\",\r\n        \"Japan East\",\r\n        \"Japan West\",\r\n        \"North Central US\",\r\n        \"South Central US\",\r\n        \"East US 2\",\r\n        \"Central US\",\r\n        \"Brazil South\",\r\n        \"Canada East\",\r\n        \"Canada Central\",\r\n        \"West US 2\",\r\n        \"West Central US\"\r\n      ],\r\n      \"apiVersions\": [\r\n        \"2014-04-01\"\r\n      ]\r\n    },\r\n    {\r\n      \"resourceType\": \"storageAccounts/services/metricDefinitions\",\r\n      \"locations\": [\r\n        \"East US\",\r\n        \"West US\",\r\n        \"West Europe\",\r\n        \"North Europe\",\r\n        \"East Asia\",\r\n        \"Southeast Asia\",\r\n        \"Japan East\",\r\n        \"Japan West\",\r\n        \"North Central US\",\r\n        \"South Central US\",\r\n        \"East US 2\",\r\n        \"Central US\",\r\n        \"Brazil South\",\r\n        \"Canada East\",\r\n        \"Canada Central\",\r\n        \"West US 2\",\r\n        \"West Central US\"\r\n      ],\r\n      \"apiVersions\": [\r\n        \"2014-04-01\"\r\n      ]\r\n    }\r\n  ],\r\n  \"registrationState\": \"Registered\"\r\n}",
      "ResponseHeaders": {
        "Content-Type": [
          "application/json; charset=utf-8"
        ],
        "Expires": [
          "-1"
        ],
        "Cache-Control": [
          "no-cache"
        ],
        "Date": [
          "Mon, 11 Jul 2016 18:00:28 GMT"
        ],
        "Pragma": [
          "no-cache"
        ],
        "Vary": [
          "Accept-Encoding"
        ],
        "x-ms-ratelimit-remaining-subscription-reads": [
          "14982"
        ],
        "x-ms-request-id": [
          "e18a4ba3-a112-4c00-8b16-675a0fee6b2c"
        ],
        "x-ms-correlation-request-id": [
          "e18a4ba3-a112-4c00-8b16-675a0fee6b2c"
        ],
        "x-ms-routing-request-id": [
          "WESTUS:20160711T180028Z:e18a4ba3-a112-4c00-8b16-675a0fee6b2c"
        ],
        "Strict-Transport-Security": [
          "max-age=31536000; includeSubDomains"
        ]
      },
      "StatusCode": 200
    },
    {
      "RequestUri": "/subscriptions/53d9063d-87ae-4ea8-be90-3686c3b8669f/resourcegroups/datalakerg17940?api-version=2015-11-01",
      "EncodedRequestUri": "L3N1YnNjcmlwdGlvbnMvNTNkOTA2M2QtODdhZS00ZWE4LWJlOTAtMzY4NmMzYjg2NjlmL3Jlc291cmNlZ3JvdXBzL2RhdGFsYWtlcmcxNzk0MD9hcGktdmVyc2lvbj0yMDE1LTExLTAx",
      "RequestMethod": "GET",
      "RequestBody": "",
      "RequestHeaders": {
        "x-ms-client-request-id": [
          "27a68ce4-d6dd-4978-aa9a-f7a27b46f3b0"
        ],
        "accept-language": [
          "en-US"
        ],
        "User-Agent": [
          "Microsoft.Azure.Management.Resources.ResourceManagementClient/1.0.0-preview"
        ]
      },
      "ResponseBody": "{\r\n  \"error\": {\r\n    \"code\": \"ResourceGroupNotFound\",\r\n    \"message\": \"Resource group 'datalakerg17940' could not be found.\"\r\n  }\r\n}",
      "ResponseHeaders": {
        "Content-Length": [
          "107"
        ],
        "Content-Type": [
          "application/json; charset=utf-8"
        ],
        "Expires": [
          "-1"
        ],
        "Cache-Control": [
          "no-cache"
        ],
        "Date": [
          "Mon, 11 Jul 2016 18:00:28 GMT"
        ],
        "Pragma": [
          "no-cache"
        ],
        "x-ms-failure-cause": [
          "gateway"
        ],
        "x-ms-ratelimit-remaining-subscription-reads": [
          "14981"
        ],
        "x-ms-request-id": [
          "4a2f7c4c-dd42-426d-8d13-9d2dd6bd0f96"
        ],
        "x-ms-correlation-request-id": [
          "4a2f7c4c-dd42-426d-8d13-9d2dd6bd0f96"
        ],
        "x-ms-routing-request-id": [
          "WESTUS:20160711T180028Z:4a2f7c4c-dd42-426d-8d13-9d2dd6bd0f96"
        ],
        "Strict-Transport-Security": [
          "max-age=31536000; includeSubDomains"
        ]
      },
      "StatusCode": 404
    },
    {
      "RequestUri": "/subscriptions/53d9063d-87ae-4ea8-be90-3686c3b8669f/resourcegroups/datalakerg17940?api-version=2015-11-01",
      "EncodedRequestUri": "L3N1YnNjcmlwdGlvbnMvNTNkOTA2M2QtODdhZS00ZWE4LWJlOTAtMzY4NmMzYjg2NjlmL3Jlc291cmNlZ3JvdXBzL2RhdGFsYWtlcmcxNzk0MD9hcGktdmVyc2lvbj0yMDE1LTExLTAx",
      "RequestMethod": "GET",
      "RequestBody": "",
      "RequestHeaders": {
        "x-ms-client-request-id": [
          "886fc633-04c3-4686-8071-e43cbb20c104"
        ],
        "accept-language": [
          "en-US"
        ],
        "User-Agent": [
          "Microsoft.Azure.Management.Resources.ResourceManagementClient/1.0.0-preview"
        ]
      },
      "ResponseBody": "{\r\n  \"id\": \"/subscriptions/53d9063d-87ae-4ea8-be90-3686c3b8669f/resourceGroups/datalakerg17940\",\r\n  \"name\": \"datalakerg17940\",\r\n  \"location\": \"eastus2\",\r\n  \"properties\": {\r\n    \"provisioningState\": \"Succeeded\"\r\n  }\r\n}",
      "ResponseHeaders": {
        "Content-Type": [
          "application/json; charset=utf-8"
        ],
        "Expires": [
          "-1"
        ],
        "Cache-Control": [
          "no-cache"
        ],
        "Date": [
          "Mon, 11 Jul 2016 18:00:29 GMT"
        ],
        "Pragma": [
          "no-cache"
        ],
        "Vary": [
          "Accept-Encoding"
        ],
        "x-ms-ratelimit-remaining-subscription-reads": [
          "14980"
        ],
        "x-ms-request-id": [
          "9d68a21e-c66e-488b-9eb2-05c7d11da0c2"
        ],
        "x-ms-correlation-request-id": [
          "9d68a21e-c66e-488b-9eb2-05c7d11da0c2"
        ],
        "x-ms-routing-request-id": [
          "WESTUS:20160711T180030Z:9d68a21e-c66e-488b-9eb2-05c7d11da0c2"
        ],
        "Strict-Transport-Security": [
          "max-age=31536000; includeSubDomains"
        ]
      },
      "StatusCode": 200
    },
    {
      "RequestUri": "/subscriptions/53d9063d-87ae-4ea8-be90-3686c3b8669f/resourcegroups/datalakerg17940?api-version=2015-11-01",
      "EncodedRequestUri": "L3N1YnNjcmlwdGlvbnMvNTNkOTA2M2QtODdhZS00ZWE4LWJlOTAtMzY4NmMzYjg2NjlmL3Jlc291cmNlZ3JvdXBzL2RhdGFsYWtlcmcxNzk0MD9hcGktdmVyc2lvbj0yMDE1LTExLTAx",
      "RequestMethod": "PUT",
      "RequestBody": "{\r\n  \"location\": \"East US 2\"\r\n}",
      "RequestHeaders": {
        "Content-Type": [
          "application/json; charset=utf-8"
        ],
        "Content-Length": [
          "31"
        ],
        "x-ms-client-request-id": [
          "d1688a2b-b398-4266-9f7b-f9dd54065da4"
        ],
        "accept-language": [
          "en-US"
        ],
        "User-Agent": [
          "Microsoft.Azure.Management.Resources.ResourceManagementClient/1.0.0-preview"
        ]
      },
      "ResponseBody": "{\r\n  \"id\": \"/subscriptions/53d9063d-87ae-4ea8-be90-3686c3b8669f/resourceGroups/datalakerg17940\",\r\n  \"name\": \"datalakerg17940\",\r\n  \"location\": \"eastus2\",\r\n  \"properties\": {\r\n    \"provisioningState\": \"Succeeded\"\r\n  }\r\n}",
      "ResponseHeaders": {
        "Content-Length": [
          "184"
        ],
        "Content-Type": [
          "application/json; charset=utf-8"
        ],
        "Expires": [
          "-1"
        ],
        "Cache-Control": [
          "no-cache"
        ],
        "Date": [
          "Mon, 11 Jul 2016 18:00:29 GMT"
        ],
        "Pragma": [
          "no-cache"
        ],
        "x-ms-ratelimit-remaining-subscription-writes": [
          "1187"
        ],
        "x-ms-request-id": [
          "6e0078a7-02ed-4f19-9a6f-bfc2c698d82f"
        ],
        "x-ms-correlation-request-id": [
          "6e0078a7-02ed-4f19-9a6f-bfc2c698d82f"
        ],
        "x-ms-routing-request-id": [
          "WESTUS:20160711T180030Z:6e0078a7-02ed-4f19-9a6f-bfc2c698d82f"
        ],
        "Strict-Transport-Security": [
          "max-age=31536000; includeSubDomains"
        ]
      },
      "StatusCode": 201
    },
    {
      "RequestUri": "/subscriptions/53d9063d-87ae-4ea8-be90-3686c3b8669f/resourceGroups/datalakerg17940/providers/Microsoft.DataLakeStore/accounts/testadlfs19267?api-version=2015-10-01-preview",
      "EncodedRequestUri": "L3N1YnNjcmlwdGlvbnMvNTNkOTA2M2QtODdhZS00ZWE4LWJlOTAtMzY4NmMzYjg2NjlmL3Jlc291cmNlR3JvdXBzL2RhdGFsYWtlcmcxNzk0MC9wcm92aWRlcnMvTWljcm9zb2Z0LkRhdGFMYWtlU3RvcmUvYWNjb3VudHMvdGVzdGFkbGZzMTkyNjc/YXBpLXZlcnNpb249MjAxNS0xMC0wMS1wcmV2aWV3",
      "RequestMethod": "GET",
      "RequestBody": "",
      "RequestHeaders": {
        "x-ms-client-request-id": [
          "88bc78a1-f297-4a89-88b2-0531c54de526"
        ],
        "accept-language": [
          "en-US"
        ],
        "User-Agent": [
          "Microsoft.Azure.Management.DataLake.Store.DataLakeStoreAccountManagementClient/0.12.5-preview"
        ]
      },
      "ResponseBody": "{\r\n  \"error\": {\r\n    \"code\": \"ResourceNotFound\",\r\n    \"message\": \"The Resource 'Microsoft.DataLakeStore/accounts/testadlfs19267' under resource group 'datalakerg17940' was not found.\"\r\n  }\r\n}",
      "ResponseHeaders": {
        "Content-Length": [
          "166"
        ],
        "Content-Type": [
          "application/json; charset=utf-8"
        ],
        "Expires": [
          "-1"
        ],
        "Cache-Control": [
          "no-cache"
        ],
        "Date": [
          "Mon, 11 Jul 2016 18:00:29 GMT"
        ],
        "Pragma": [
          "no-cache"
        ],
        "x-ms-failure-cause": [
          "gateway"
        ],
        "x-ms-request-id": [
          "10a7edee-b987-455d-addb-3de4ac61e40d"
        ],
        "x-ms-correlation-request-id": [
          "10a7edee-b987-455d-addb-3de4ac61e40d"
        ],
        "x-ms-routing-request-id": [
          "WESTUS:20160711T180030Z:10a7edee-b987-455d-addb-3de4ac61e40d"
        ],
        "Strict-Transport-Security": [
          "max-age=31536000; includeSubDomains"
        ]
      },
      "StatusCode": 404
    },
    {
      "RequestUri": "/subscriptions/53d9063d-87ae-4ea8-be90-3686c3b8669f/resourceGroups/datalakerg17940/providers/Microsoft.DataLakeStore/accounts/testadlfs19267?api-version=2015-10-01-preview",
      "EncodedRequestUri": "L3N1YnNjcmlwdGlvbnMvNTNkOTA2M2QtODdhZS00ZWE4LWJlOTAtMzY4NmMzYjg2NjlmL3Jlc291cmNlR3JvdXBzL2RhdGFsYWtlcmcxNzk0MC9wcm92aWRlcnMvTWljcm9zb2Z0LkRhdGFMYWtlU3RvcmUvYWNjb3VudHMvdGVzdGFkbGZzMTkyNjc/YXBpLXZlcnNpb249MjAxNS0xMC0wMS1wcmV2aWV3",
      "RequestMethod": "GET",
      "RequestBody": "",
      "RequestHeaders": {
        "User-Agent": [
          "Microsoft.Azure.Management.DataLake.Store.DataLakeStoreAccountManagementClient/0.12.5-preview"
        ]
      },
      "ResponseBody": "{\r\n  \"properties\": {\r\n    \"firewallState\": \"Disabled\",\r\n    \"firewallRules\": [],\r\n    \"trustedIdProviderState\": \"Disabled\",\r\n    \"trustedIdProviders\": [],\r\n    \"provisioningState\": \"Succeeded\",\r\n    \"state\": \"Active\",\r\n    \"endpoint\": \"testadlfs19267.azuredatalakestore.net\",\r\n    \"accountId\": \"ba685997-3a20-42a0-982a-07d141a347f8\",\r\n    \"creationTime\": \"2016-07-11T18:00:49.8661501Z\",\r\n    \"lastModifiedTime\": \"2016-07-11T18:00:49.8661501Z\"\r\n  },\r\n  \"location\": \"East US 2\",\r\n  \"tags\": null,\r\n  \"id\": \"/subscriptions/53d9063d-87ae-4ea8-be90-3686c3b8669f/resourceGroups/datalakerg17940/providers/Microsoft.DataLakeStore/accounts/testadlfs19267\",\r\n  \"name\": \"testadlfs19267\",\r\n  \"type\": \"Microsoft.DataLakeStore/accounts\"\r\n}",
      "ResponseHeaders": {
        "Content-Type": [
          "application/json"
        ],
        "Expires": [
          "-1"
        ],
        "Cache-Control": [
          "no-cache"
        ],
        "Connection": [
          "close"
        ],
        "Date": [
          "Mon, 11 Jul 2016 18:01:02 GMT"
        ],
        "Pragma": [
          "no-cache"
        ],
        "Server": [
          "Microsoft-IIS/8.5"
        ],
        "Vary": [
          "Accept-Encoding"
        ],
        "x-ms-request-id": [
          "5ff4242a-dcf3-4b53-9018-5cd301a7173f"
        ],
        "X-AspNet-Version": [
          "4.0.30319"
        ],
        "X-Powered-By": [
          "ASP.NET"
        ],
        "x-ms-ratelimit-remaining-subscription-reads": [
          "14990"
        ],
        "x-ms-correlation-request-id": [
          "a58c08e6-06d2-4733-89c9-74dc7e95d567"
        ],
        "x-ms-routing-request-id": [
          "WESTUS:20160711T180103Z:a58c08e6-06d2-4733-89c9-74dc7e95d567"
        ],
        "Strict-Transport-Security": [
          "max-age=31536000; includeSubDomains"
        ]
      },
      "StatusCode": 200
    },
    {
      "RequestUri": "/subscriptions/53d9063d-87ae-4ea8-be90-3686c3b8669f/resourceGroups/datalakerg17940/providers/Microsoft.DataLakeStore/accounts/testadlfs19267?api-version=2015-10-01-preview",
      "EncodedRequestUri": "L3N1YnNjcmlwdGlvbnMvNTNkOTA2M2QtODdhZS00ZWE4LWJlOTAtMzY4NmMzYjg2NjlmL3Jlc291cmNlR3JvdXBzL2RhdGFsYWtlcmcxNzk0MC9wcm92aWRlcnMvTWljcm9zb2Z0LkRhdGFMYWtlU3RvcmUvYWNjb3VudHMvdGVzdGFkbGZzMTkyNjc/YXBpLXZlcnNpb249MjAxNS0xMC0wMS1wcmV2aWV3",
      "RequestMethod": "GET",
      "RequestBody": "",
      "RequestHeaders": {
        "x-ms-client-request-id": [
          "39010619-0936-41c9-bd01-17635dfa56cb"
        ],
        "accept-language": [
          "en-US"
        ],
        "User-Agent": [
          "Microsoft.Azure.Management.DataLake.Store.DataLakeStoreAccountManagementClient/0.12.5-preview"
        ]
      },
      "ResponseBody": "{\r\n  \"properties\": {\r\n    \"firewallState\": \"Disabled\",\r\n    \"firewallRules\": [],\r\n    \"trustedIdProviderState\": \"Disabled\",\r\n    \"trustedIdProviders\": [],\r\n    \"provisioningState\": \"Succeeded\",\r\n    \"state\": \"Active\",\r\n    \"endpoint\": \"testadlfs19267.azuredatalakestore.net\",\r\n    \"accountId\": \"ba685997-3a20-42a0-982a-07d141a347f8\",\r\n    \"creationTime\": \"2016-07-11T18:00:49.8661501Z\",\r\n    \"lastModifiedTime\": \"2016-07-11T18:00:49.8661501Z\"\r\n  },\r\n  \"location\": \"East US 2\",\r\n  \"tags\": null,\r\n  \"id\": \"/subscriptions/53d9063d-87ae-4ea8-be90-3686c3b8669f/resourceGroups/datalakerg17940/providers/Microsoft.DataLakeStore/accounts/testadlfs19267\",\r\n  \"name\": \"testadlfs19267\",\r\n  \"type\": \"Microsoft.DataLakeStore/accounts\"\r\n}",
      "ResponseHeaders": {
        "Content-Type": [
          "application/json"
        ],
        "Expires": [
          "-1"
        ],
        "Cache-Control": [
          "no-cache"
        ],
        "Connection": [
          "close"
        ],
        "Date": [
          "Mon, 11 Jul 2016 18:01:02 GMT"
        ],
        "Pragma": [
          "no-cache"
        ],
        "Server": [
          "Microsoft-IIS/8.5"
        ],
        "Vary": [
          "Accept-Encoding"
        ],
        "x-ms-request-id": [
          "68882f87-f3d8-4b85-9fe8-9fcb2be46b6a"
        ],
        "X-AspNet-Version": [
          "4.0.30319"
        ],
        "X-Powered-By": [
          "ASP.NET"
        ],
        "x-ms-ratelimit-remaining-subscription-reads": [
          "14992"
        ],
        "x-ms-correlation-request-id": [
          "9455d23f-d8f3-4e95-ab66-21b0b75e0a89"
        ],
        "x-ms-routing-request-id": [
          "WESTUS:20160711T180103Z:9455d23f-d8f3-4e95-ab66-21b0b75e0a89"
        ],
        "Strict-Transport-Security": [
          "max-age=31536000; includeSubDomains"
        ]
      },
      "StatusCode": 200
    },
    {
      "RequestUri": "/subscriptions/53d9063d-87ae-4ea8-be90-3686c3b8669f/resourceGroups/datalakerg17940/providers/Microsoft.DataLakeStore/accounts/testadlfs19267?api-version=2015-10-01-preview",
      "EncodedRequestUri": "L3N1YnNjcmlwdGlvbnMvNTNkOTA2M2QtODdhZS00ZWE4LWJlOTAtMzY4NmMzYjg2NjlmL3Jlc291cmNlR3JvdXBzL2RhdGFsYWtlcmcxNzk0MC9wcm92aWRlcnMvTWljcm9zb2Z0LkRhdGFMYWtlU3RvcmUvYWNjb3VudHMvdGVzdGFkbGZzMTkyNjc/YXBpLXZlcnNpb249MjAxNS0xMC0wMS1wcmV2aWV3",
      "RequestMethod": "PUT",
      "RequestBody": "{\r\n  \"location\": \"East US 2\",\r\n  \"name\": \"testadlfs19267\"\r\n}",
      "RequestHeaders": {
        "Content-Type": [
          "application/json; charset=utf-8"
        ],
        "Content-Length": [
          "60"
        ],
        "x-ms-client-request-id": [
          "43e25501-03a1-493a-b757-655517bfdc11"
        ],
        "accept-language": [
          "en-US"
        ],
        "User-Agent": [
          "Microsoft.Azure.Management.DataLake.Store.DataLakeStoreAccountManagementClient/0.12.5-preview"
        ]
      },
      "ResponseBody": "{\r\n  \"properties\": {\r\n    \"provisioningState\": \"Creating\",\r\n    \"state\": null,\r\n    \"endpoint\": null,\r\n    \"accountId\": \"ba685997-3a20-42a0-982a-07d141a347f8\",\r\n    \"creationTime\": null,\r\n    \"lastModifiedTime\": null\r\n  },\r\n  \"location\": \"East US 2\",\r\n  \"tags\": null,\r\n  \"id\": \"/subscriptions/53d9063d-87ae-4ea8-be90-3686c3b8669f/resourceGroups/datalakerg17940/providers/Microsoft.DataLakeStore/accounts/testadlfs19267\",\r\n  \"name\": \"testadlfs19267\",\r\n  \"type\": \"Microsoft.DataLakeStore/accounts\"\r\n}",
      "ResponseHeaders": {
        "Content-Length": [
          "420"
        ],
        "Content-Type": [
          "application/json"
        ],
        "Expires": [
          "-1"
        ],
        "Cache-Control": [
          "no-cache"
        ],
        "Connection": [
          "close"
        ],
        "Date": [
          "Mon, 11 Jul 2016 18:00:31 GMT"
        ],
        "Pragma": [
          "no-cache"
        ],
        "Location": [
          "https://management.azure.com/subscriptions/53d9063d-87ae-4ea8-be90-3686c3b8669f/resourcegroups/datalakerg17940/providers/Microsoft.DataLakeStore/accounts/testadlfs19267/operationresults/0?api-version=2015-10-01-preview"
        ],
        "Retry-After": [
          "10"
        ],
        "Server": [
          "Microsoft-IIS/8.5"
        ],
        "Azure-AsyncOperation": [
          "https://management.azure.com/subscriptions/53d9063d-87ae-4ea8-be90-3686c3b8669f/providers/Microsoft.DataLakeStore/locations/EastUS2/operationResults/ba685997-3a20-42a0-982a-07d141a347f80?api-version=2015-10-01-preview&expanded=true"
        ],
        "x-ms-request-id": [
          "0df451fb-710b-48f9-a95f-2445b229fe51"
        ],
        "X-AspNet-Version": [
          "4.0.30319"
        ],
        "X-Powered-By": [
          "ASP.NET"
        ],
        "x-ms-ratelimit-remaining-subscription-writes": [
          "1190"
        ],
        "x-ms-correlation-request-id": [
          "939af5bb-c9df-4e6d-9528-df836f114ac1"
        ],
        "x-ms-routing-request-id": [
          "WESTUS:20160711T180032Z:939af5bb-c9df-4e6d-9528-df836f114ac1"
        ],
        "Strict-Transport-Security": [
          "max-age=31536000; includeSubDomains"
        ]
      },
      "StatusCode": 201
    },
    {
      "RequestUri": "/subscriptions/53d9063d-87ae-4ea8-be90-3686c3b8669f/providers/Microsoft.DataLakeStore/locations/EastUS2/operationResults/ba685997-3a20-42a0-982a-07d141a347f80?api-version=2015-10-01-preview&expanded=true",
      "EncodedRequestUri": "L3N1YnNjcmlwdGlvbnMvNTNkOTA2M2QtODdhZS00ZWE4LWJlOTAtMzY4NmMzYjg2NjlmL3Byb3ZpZGVycy9NaWNyb3NvZnQuRGF0YUxha2VTdG9yZS9sb2NhdGlvbnMvRWFzdFVTMi9vcGVyYXRpb25SZXN1bHRzL2JhNjg1OTk3LTNhMjAtNDJhMC05ODJhLTA3ZDE0MWEzNDdmODA/YXBpLXZlcnNpb249MjAxNS0xMC0wMS1wcmV2aWV3JmV4cGFuZGVkPXRydWU=",
      "RequestMethod": "GET",
      "RequestBody": "",
      "RequestHeaders": {
        "User-Agent": [
          "Microsoft.Azure.Management.DataLake.Store.DataLakeStoreAccountManagementClient/0.12.5-preview"
        ]
      },
      "ResponseBody": "{\r\n  \"status\": \"Succeeded\"\r\n}",
      "ResponseHeaders": {
        "Content-Type": [
          "application/json"
        ],
        "Expires": [
          "-1"
        ],
        "Cache-Control": [
          "no-cache"
        ],
        "Connection": [
          "close"
        ],
        "Date": [
          "Mon, 11 Jul 2016 18:01:02 GMT"
        ],
        "Pragma": [
          "no-cache"
        ],
        "Server": [
          "Microsoft-IIS/8.5"
        ],
        "Vary": [
          "Accept-Encoding"
        ],
        "x-ms-request-id": [
          "ceffc993-2248-4c5f-b3ae-bb2db6640f44"
        ],
        "X-AspNet-Version": [
          "4.0.30319"
        ],
        "X-Powered-By": [
          "ASP.NET"
        ],
        "x-ms-ratelimit-remaining-subscription-reads": [
          "14984"
        ],
        "x-ms-correlation-request-id": [
          "55041a60-d90b-4922-9ad9-0b5921326796"
        ],
        "x-ms-routing-request-id": [
          "WESTUS:20160711T180102Z:55041a60-d90b-4922-9ad9-0b5921326796"
        ],
        "Strict-Transport-Security": [
          "max-age=31536000; includeSubDomains"
        ]
      },
      "StatusCode": 200
    },
    {
      "RequestUri": "/webhdfs/v1/SDKTestFolder01%2FSDKTestFile01.txt7008?op=CREATE&write=true&api-version=2015-10-01-preview",
      "EncodedRequestUri": "L3dlYmhkZnMvdjEvU0RLVGVzdEZvbGRlcjAxJTJGU0RLVGVzdEZpbGUwMS50eHQ3MDA4P29wPUNSRUFURSZ3cml0ZT10cnVlJmFwaS12ZXJzaW9uPTIwMTUtMTAtMDEtcHJldmlldw==",
      "RequestMethod": "PUT",
      "RequestBody": "These are some random test contents 1234!@",
      "RequestHeaders": {
        "Content-Type": [
          "application/octet-stream"
        ],
        "x-ms-client-request-id": [
          "0ee8a9d5-b3df-4d76-877c-ca7843f552c4"
        ],
        "Transfer-Encoding": [
          "chunked"
        ],
        "accept-language": [
          "en-US"
        ],
        "User-Agent": [
          "Microsoft.Azure.Management.DataLake.Store.DataLakeStoreFileSystemManagementClient/0.12.5-preview"
        ]
      },
      "ResponseBody": "",
      "ResponseHeaders": {
        "Content-Length": [
          "0"
        ],
        "Expires": [
          "-1"
        ],
        "Cache-Control": [
          "no-cache"
        ],
        "Date": [
          "Mon, 11 Jul 2016 18:01:04 GMT"
        ],
        "Pragma": [
          "no-cache"
        ],
        "Location": [
          "https://testadlfs19267.azuredatalakestore.net/webhdfs/v1/SDKTestFolder01/SDKTestFile01.txt7008?op=CREATE&write=true&api-version=2015-10-01-preview"
        ],
        "x-ms-request-id": [
          "371a7f3e-2199-4702-acdf-74c3526498f7"
        ],
        "ContentLength": [
          "0"
        ],
        "Server-Perf": [
          "[371a7f3e-2199-4702-acdf-74c3526498f7][ AuthTime::1216.78903700878::PostAuthTime::384.496781817536 ][S-FsOpenStream :: 00:00:249 ms]%0a[S-FsAppendStream :: 00:00:233 ms]%0a[BufferingTime :: 00:00:000 ms]%0a[WriteTime :: 00:00:235 ms]%0a[S-FsCloseHandle :: 00:00:001 ms]%0a[CREATE :: 00:00:491 ms]%0a"
        ],
        "x-ms-webhdfs-version": [
          "16.05.18.00"
        ],
        "Status": [
          "0x0"
        ],
        "X-Content-Type-Options": [
          "nosniff"
        ],
        "Strict-Transport-Security": [
          "max-age=15724800; includeSubDomains"
        ]
      },
      "StatusCode": 201
    },
    {
      "RequestUri": "/webhdfs/v1/SDKTestFolder01%2FSDKTestFile01.txt7008?op=GETFILESTATUS&api-version=2015-10-01-preview",
      "EncodedRequestUri": "L3dlYmhkZnMvdjEvU0RLVGVzdEZvbGRlcjAxJTJGU0RLVGVzdEZpbGUwMS50eHQ3MDA4P29wPUdFVEZJTEVTVEFUVVMmYXBpLXZlcnNpb249MjAxNS0xMC0wMS1wcmV2aWV3",
      "RequestMethod": "GET",
      "RequestBody": "",
      "RequestHeaders": {
        "x-ms-client-request-id": [
          "0edd8907-773e-4ef4-9d24-f7602c7d1ce9"
        ],
        "accept-language": [
          "en-US"
        ],
        "User-Agent": [
          "Microsoft.Azure.Management.DataLake.Store.DataLakeStoreFileSystemManagementClient/0.12.5-preview"
        ]
      },
      "ResponseBody": "{\r\n  \"FileStatus\": {\r\n    \"length\": 42,\r\n    \"pathSuffix\": \"\",\r\n    \"type\": \"FILE\",\r\n    \"blockSize\": 268435456,\r\n    \"accessTime\": 1468260064777,\r\n    \"modificationTime\": 1468260065107,\r\n    \"replication\": 1,\r\n    \"permission\": \"770\",\r\n    \"owner\": \"2e6c02d2-a364-4530-9137-d17403996cbf\",\r\n    \"group\": \"2e6c02d2-a364-4530-9137-d17403996cbf\"\r\n  }\r\n}",
      "ResponseHeaders": {
        "Content-Length": [
          "269"
        ],
        "Content-Type": [
          "application/json; charset=utf-8"
        ],
        "Expires": [
          "-1"
        ],
        "Cache-Control": [
          "no-cache"
        ],
        "Date": [
          "Mon, 11 Jul 2016 18:01:04 GMT"
        ],
        "Pragma": [
          "no-cache"
        ],
        "x-ms-request-id": [
          "e88b02a9-7aa5-44ac-864c-2b73ec5febb2"
        ],
        "Server-Perf": [
          "[e88b02a9-7aa5-44ac-864c-2b73ec5febb2][ AuthTime::0::PostAuthTime::0 ][S-HdfsGetFileStatusV2 :: 00:00:023 ms]%0a[GETFILESTATUS :: 00:00:025 ms]%0a"
        ],
        "x-ms-webhdfs-version": [
          "16.05.18.00"
        ],
        "Status": [
          "0x0"
        ],
        "X-Content-Type-Options": [
          "nosniff"
        ],
        "Strict-Transport-Security": [
          "max-age=15724800; includeSubDomains"
        ]
      },
      "StatusCode": 200
    },
    {
      "RequestUri": "/webhdfs/v1/SDKTestFolder01%2FSDKTestFile01.txt7008?op=GETFILESTATUS&api-version=2015-10-01-preview",
      "EncodedRequestUri": "L3dlYmhkZnMvdjEvU0RLVGVzdEZvbGRlcjAxJTJGU0RLVGVzdEZpbGUwMS50eHQ3MDA4P29wPUdFVEZJTEVTVEFUVVMmYXBpLXZlcnNpb249MjAxNS0xMC0wMS1wcmV2aWV3",
      "RequestMethod": "GET",
      "RequestBody": "",
      "RequestHeaders": {
        "x-ms-client-request-id": [
          "5020ce24-ff36-4be1-b978-9963ab528b7b"
        ],
        "accept-language": [
          "en-US"
        ],
        "User-Agent": [
          "Microsoft.Azure.Management.DataLake.Store.DataLakeStoreFileSystemManagementClient/0.12.5-preview"
        ]
      },
      "ResponseBody": "{\r\n  \"RemoteException\": {\r\n    \"exception\": \"FileNotFoundException\",\r\n    \"message\": \"File/Folder does not exist: //SDKTestFolder01/SDKTestFile01.txt7008 [b6585823-844c-4136-b55b-6bee5fe6755e][2016-07-11T11:01:05.7298246-07:00]\",\r\n    \"javaClassName\": \"java.io.FileNotFoundException\"\r\n  }\r\n}",
      "ResponseHeaders": {
        "Content-Length": [
          "259"
        ],
        "Content-Type": [
          "application/json; charset=utf-8"
        ],
        "Expires": [
          "-1"
        ],
        "Cache-Control": [
          "no-cache"
        ],
        "Date": [
          "Mon, 11 Jul 2016 18:01:04 GMT"
        ],
        "Pragma": [
          "no-cache"
        ],
        "x-ms-request-id": [
          "b6585823-844c-4136-b55b-6bee5fe6755e"
        ],
        "Server-Perf": [
          "[b6585823-844c-4136-b55b-6bee5fe6755e][ AuthTime::0::PostAuthTime::0 ][S-HdfsGetFileStatusV2 :: 00:00:011 ms]%0a[GETFILESTATUS :: 00:00:012 ms]%0a"
        ],
        "x-ms-webhdfs-version": [
          "16.05.18.00"
        ],
        "Status": [
          "0x8309000A"
        ],
        "X-Content-Type-Options": [
          "nosniff"
        ],
        "Strict-Transport-Security": [
          "max-age=15724800; includeSubDomains"
        ]
      },
      "StatusCode": 404
    },
    {
      "RequestUri": "/webhdfs/v1/SDKTestFolder016447?op=MKDIRS&api-version=2015-10-01-preview",
      "EncodedRequestUri": "L3dlYmhkZnMvdjEvU0RLVGVzdEZvbGRlcjAxNjQ0Nz9vcD1NS0RJUlMmYXBpLXZlcnNpb249MjAxNS0xMC0wMS1wcmV2aWV3",
      "RequestMethod": "PUT",
      "RequestBody": "",
      "RequestHeaders": {
        "x-ms-client-request-id": [
          "762b8bfb-cfc8-4d12-bf73-710a65726f61"
        ],
        "accept-language": [
          "en-US"
        ],
        "User-Agent": [
          "Microsoft.Azure.Management.DataLake.Store.DataLakeStoreFileSystemManagementClient/0.12.5-preview"
        ]
      },
      "ResponseBody": "{\r\n  \"boolean\": true\r\n}",
      "ResponseHeaders": {
        "Content-Length": [
          "16"
        ],
        "Content-Type": [
          "application/json; charset=utf-8"
        ],
        "Expires": [
          "-1"
        ],
        "Cache-Control": [
          "no-cache"
        ],
        "Date": [
          "Mon, 11 Jul 2016 18:01:04 GMT"
        ],
        "Pragma": [
          "no-cache"
        ],
        "x-ms-request-id": [
          "5f0ca0c8-81c9-4c7c-9b13-41c76177034c"
        ],
        "Server-Perf": [
          "[5f0ca0c8-81c9-4c7c-9b13-41c76177034c][ AuthTime::0::PostAuthTime::0 ][S-HdfsMkdirs :: 00:00:036 ms]%0a[MKDIRS :: 00:00:037 ms]%0a"
        ],
        "x-ms-webhdfs-version": [
          "16.05.18.00"
        ],
        "Status": [
          "0x0"
        ],
        "X-Content-Type-Options": [
          "nosniff"
        ],
        "Strict-Transport-Security": [
          "max-age=15724800; includeSubDomains"
        ]
      },
      "StatusCode": 200
    },
    {
      "RequestUri": "/webhdfs/v1/SDKTestFolder01%2FSDKTestFile01.txt7008?destination=SDKTestFolder016447%2FSDKTestMoveFile01.txt&op=RENAME&api-version=2015-10-01-preview",
      "EncodedRequestUri": "L3dlYmhkZnMvdjEvU0RLVGVzdEZvbGRlcjAxJTJGU0RLVGVzdEZpbGUwMS50eHQ3MDA4P2Rlc3RpbmF0aW9uPVNES1Rlc3RGb2xkZXIwMTY0NDclMkZTREtUZXN0TW92ZUZpbGUwMS50eHQmb3A9UkVOQU1FJmFwaS12ZXJzaW9uPTIwMTUtMTAtMDEtcHJldmlldw==",
      "RequestMethod": "PUT",
      "RequestBody": "",
      "RequestHeaders": {
        "x-ms-client-request-id": [
          "60ae7ba9-9383-4bb3-8e71-a40e583c9e99"
        ],
        "accept-language": [
          "en-US"
        ],
        "User-Agent": [
          "Microsoft.Azure.Management.DataLake.Store.DataLakeStoreFileSystemManagementClient/0.12.5-preview"
        ]
      },
      "ResponseBody": "{\r\n  \"boolean\": true\r\n}",
      "ResponseHeaders": {
        "Content-Length": [
          "16"
        ],
        "Content-Type": [
          "application/json; charset=utf-8"
        ],
        "Expires": [
          "-1"
        ],
        "Cache-Control": [
          "no-cache"
        ],
        "Date": [
          "Mon, 11 Jul 2016 18:01:04 GMT"
        ],
        "Pragma": [
          "no-cache"
        ],
        "x-ms-request-id": [
          "afa4f139-0d55-4272-8920-c2f1c16c3615"
        ],
        "Server-Perf": [
          "[afa4f139-0d55-4272-8920-c2f1c16c3615][ AuthTime::0::PostAuthTime::0 ][S-HdfsGetFileStatusV2 :: 00:00:011 ms]%0a[S-FsRename :: 00:00:036 ms]%0a[RENAME :: 00:00:051 ms]%0a"
        ],
        "x-ms-webhdfs-version": [
          "16.05.18.00"
        ],
        "Status": [
          "0x0"
        ],
        "X-Content-Type-Options": [
          "nosniff"
        ],
        "Strict-Transport-Security": [
          "max-age=15724800; includeSubDomains"
        ]
      },
      "StatusCode": 200
    },
    {
      "RequestUri": "/webhdfs/v1/SDKTestFolder016447%2FSDKTestMoveFile01.txt?op=GETFILESTATUS&api-version=2015-10-01-preview",
      "EncodedRequestUri": "L3dlYmhkZnMvdjEvU0RLVGVzdEZvbGRlcjAxNjQ0NyUyRlNES1Rlc3RNb3ZlRmlsZTAxLnR4dD9vcD1HRVRGSUxFU1RBVFVTJmFwaS12ZXJzaW9uPTIwMTUtMTAtMDEtcHJldmlldw==",
      "RequestMethod": "GET",
      "RequestBody": "",
      "RequestHeaders": {
        "x-ms-client-request-id": [
          "bc544efe-fd1d-42b5-98df-1a82c4adac81"
        ],
        "accept-language": [
          "en-US"
        ],
        "User-Agent": [
          "Microsoft.Azure.Management.DataLake.Store.DataLakeStoreFileSystemManagementClient/0.12.5-preview"
        ]
      },
      "ResponseBody": "{\r\n  \"FileStatus\": {\r\n    \"length\": 42,\r\n    \"pathSuffix\": \"\",\r\n    \"type\": \"FILE\",\r\n    \"blockSize\": 268435456,\r\n    \"accessTime\": 1468260064777,\r\n    \"modificationTime\": 1468260065107,\r\n    \"replication\": 1,\r\n    \"permission\": \"770\",\r\n    \"owner\": \"2e6c02d2-a364-4530-9137-d17403996cbf\",\r\n    \"group\": \"2e6c02d2-a364-4530-9137-d17403996cbf\"\r\n  }\r\n}",
      "ResponseHeaders": {
        "Content-Length": [
          "269"
        ],
        "Content-Type": [
          "application/json; charset=utf-8"
        ],
        "Expires": [
          "-1"
        ],
        "Cache-Control": [
          "no-cache"
        ],
        "Date": [
          "Mon, 11 Jul 2016 18:01:04 GMT"
        ],
        "Pragma": [
          "no-cache"
        ],
        "x-ms-request-id": [
          "d3fa5083-413c-4a97-baf6-32562bdfb671"
        ],
        "Server-Perf": [
          "[d3fa5083-413c-4a97-baf6-32562bdfb671][ AuthTime::0::PostAuthTime::0 ][S-HdfsGetFileStatusV2 :: 00:00:021 ms]%0a[GETFILESTATUS :: 00:00:021 ms]%0a"
        ],
        "x-ms-webhdfs-version": [
          "16.05.18.00"
        ],
        "Status": [
          "0x0"
        ],
        "X-Content-Type-Options": [
          "nosniff"
        ],
        "Strict-Transport-Security": [
          "max-age=15724800; includeSubDomains"
        ]
      },
      "StatusCode": 200
    },
    {
      "RequestUri": "/webhdfs/v1/SDKTestFolder016447?destination=SDKTestMoveFolder012470&op=RENAME&api-version=2015-10-01-preview",
      "EncodedRequestUri": "L3dlYmhkZnMvdjEvU0RLVGVzdEZvbGRlcjAxNjQ0Nz9kZXN0aW5hdGlvbj1TREtUZXN0TW92ZUZvbGRlcjAxMjQ3MCZvcD1SRU5BTUUmYXBpLXZlcnNpb249MjAxNS0xMC0wMS1wcmV2aWV3",
      "RequestMethod": "PUT",
      "RequestBody": "",
      "RequestHeaders": {
        "x-ms-client-request-id": [
          "c1c65f15-73fb-4d3b-85cf-ddaa36eaae72"
        ],
        "accept-language": [
          "en-US"
        ],
        "User-Agent": [
          "Microsoft.Azure.Management.DataLake.Store.DataLakeStoreFileSystemManagementClient/0.12.5-preview"
        ]
      },
      "ResponseBody": "{\r\n  \"boolean\": true\r\n}",
      "ResponseHeaders": {
        "Content-Length": [
          "16"
        ],
        "Content-Type": [
          "application/json; charset=utf-8"
        ],
        "Expires": [
          "-1"
        ],
        "Cache-Control": [
          "no-cache"
        ],
        "Date": [
          "Mon, 11 Jul 2016 18:01:05 GMT"
        ],
        "Pragma": [
          "no-cache"
        ],
        "x-ms-request-id": [
          "b47b2f61-dab6-4e7f-95ab-a9067d03ef44"
        ],
        "Server-Perf": [
          "[b47b2f61-dab6-4e7f-95ab-a9067d03ef44][ AuthTime::1222.7767510749::PostAuthTime::340.872007907204 ][S-HdfsGetFileStatusV2 :: 00:00:010 ms]%0a[S-FsRename :: 00:00:047 ms]%0a[RENAME :: 00:00:059 ms]%0a"
        ],
        "x-ms-webhdfs-version": [
          "16.05.18.00"
        ],
        "Status": [
          "0x0"
        ],
        "X-Content-Type-Options": [
          "nosniff"
        ],
        "Strict-Transport-Security": [
          "max-age=15724800; includeSubDomains"
        ]
      },
      "StatusCode": 200
    },
    {
      "RequestUri": "/webhdfs/v1/SDKTestMoveFolder012470?op=GETFILESTATUS&api-version=2015-10-01-preview",
      "EncodedRequestUri": "L3dlYmhkZnMvdjEvU0RLVGVzdE1vdmVGb2xkZXIwMTI0NzA/b3A9R0VURklMRVNUQVRVUyZhcGktdmVyc2lvbj0yMDE1LTEwLTAxLXByZXZpZXc=",
      "RequestMethod": "GET",
      "RequestBody": "",
      "RequestHeaders": {
        "x-ms-client-request-id": [
          "bd461179-fade-4114-b8e2-467d43da33cc"
        ],
        "accept-language": [
          "en-US"
        ],
        "User-Agent": [
          "Microsoft.Azure.Management.DataLake.Store.DataLakeStoreFileSystemManagementClient/0.12.5-preview"
        ]
      },
      "ResponseBody": "{\r\n  \"FileStatus\": {\r\n    \"length\": 0,\r\n    \"pathSuffix\": \"\",\r\n    \"type\": \"DIRECTORY\",\r\n    \"blockSize\": 0,\r\n    \"accessTime\": 1468260065342,\r\n    \"modificationTime\": 1468260065342,\r\n    \"replication\": 0,\r\n    \"permission\": \"770\",\r\n    \"owner\": \"2e6c02d2-a364-4530-9137-d17403996cbf\",\r\n    \"group\": \"2e6c02d2-a364-4530-9137-d17403996cbf\"\r\n  }\r\n}",
      "ResponseHeaders": {
        "Content-Length": [
          "265"
        ],
        "Content-Type": [
          "application/json; charset=utf-8"
        ],
        "Expires": [
          "-1"
        ],
        "Cache-Control": [
          "no-cache"
        ],
        "Date": [
          "Mon, 11 Jul 2016 18:01:05 GMT"
        ],
        "Pragma": [
          "no-cache"
        ],
        "x-ms-request-id": [
          "db62a737-c8d1-4fca-8a19-9ce460a620ac"
        ],
        "Server-Perf": [
          "[db62a737-c8d1-4fca-8a19-9ce460a620ac][ AuthTime::0::PostAuthTime::0 ][S-HdfsGetFileStatusV2 :: 00:00:018 ms]%0a[GETFILESTATUS :: 00:00:018 ms]%0a"
        ],
        "x-ms-webhdfs-version": [
          "16.05.18.00"
        ],
        "Status": [
          "0x0"
        ],
        "X-Content-Type-Options": [
          "nosniff"
        ],
        "Strict-Transport-Security": [
          "max-age=15724800; includeSubDomains"
        ]
      },
      "StatusCode": 200
    },
    {
      "RequestUri": "/webhdfs/v1/SDKTestMoveFolder012470?op=MSLISTSTATUS&api-version=2015-10-01-preview",
      "EncodedRequestUri": "L3dlYmhkZnMvdjEvU0RLVGVzdE1vdmVGb2xkZXIwMTI0NzA/b3A9TVNMSVNUU1RBVFVTJmFwaS12ZXJzaW9uPTIwMTUtMTAtMDEtcHJldmlldw==",
      "RequestMethod": "GET",
      "RequestBody": "",
      "RequestHeaders": {
        "x-ms-client-request-id": [
          "75b04fe1-c6c1-46ac-9012-ca1c3764d3c8"
        ],
        "accept-language": [
          "en-US"
        ],
        "User-Agent": [
          "Microsoft.Azure.Management.DataLake.Store.DataLakeStoreFileSystemManagementClient/0.12.5-preview"
        ]
      },
      "ResponseBody": "{\r\n  \"FileStatuses\": {\r\n    \"FileStatus\": [\r\n      {\r\n        \"length\": 42,\r\n        \"pathSuffix\": \"SDKTestMoveFile01.txt\",\r\n        \"type\": \"FILE\",\r\n        \"blockSize\": 268435456,\r\n        \"accessTime\": 1468260064777,\r\n        \"modificationTime\": 1468260065107,\r\n        \"replication\": 1,\r\n        \"permission\": \"770\",\r\n        \"owner\": \"2e6c02d2-a364-4530-9137-d17403996cbf\",\r\n        \"group\": \"2e6c02d2-a364-4530-9137-d17403996cbf\",\r\n        \"expirationTime\": 0\r\n      }\r\n    ]\r\n  }\r\n}",
      "ResponseHeaders": {
        "Content-Length": [
          "328"
        ],
        "Content-Type": [
          "application/json; charset=utf-8"
        ],
        "Expires": [
          "-1"
        ],
        "Cache-Control": [
          "no-cache"
        ],
        "Date": [
          "Mon, 11 Jul 2016 18:01:05 GMT"
        ],
        "Pragma": [
          "no-cache"
        ],
        "x-ms-request-id": [
          "2efd6117-3267-42b6-83a2-7955460555cb"
        ],
        "Server-Perf": [
          "[2efd6117-3267-42b6-83a2-7955460555cb][ AuthTime::0::PostAuthTime::0 ][S-HdfsListStatus :: 00:00:037 ms]%0a[MSLISTSTATUS :: 00:00:039 ms]%0a"
        ],
        "x-ms-webhdfs-version": [
          "16.05.18.00"
        ],
        "Status": [
          "0x0"
        ],
        "X-Content-Type-Options": [
          "nosniff"
        ],
        "Strict-Transport-Security": [
          "max-age=15724800; includeSubDomains"
        ]
      },
      "StatusCode": 200
    },
    {
      "RequestUri": "/webhdfs/v1/SDKTestFolder016447?op=GETFILESTATUS&api-version=2015-10-01-preview",
      "EncodedRequestUri": "L3dlYmhkZnMvdjEvU0RLVGVzdEZvbGRlcjAxNjQ0Nz9vcD1HRVRGSUxFU1RBVFVTJmFwaS12ZXJzaW9uPTIwMTUtMTAtMDEtcHJldmlldw==",
      "RequestMethod": "GET",
      "RequestBody": "",
      "RequestHeaders": {
        "x-ms-client-request-id": [
          "142f3840-e73f-40a1-ac1c-33dbfd652a49"
        ],
        "accept-language": [
          "en-US"
        ],
        "User-Agent": [
          "Microsoft.Azure.Management.DataLake.Store.DataLakeStoreFileSystemManagementClient/0.12.5-preview"
        ]
      },
      "ResponseBody": "{\r\n  \"RemoteException\": {\r\n    \"exception\": \"FileNotFoundException\",\r\n    \"message\": \"File/Folder does not exist: //SDKTestFolder016447 [84cd5a7a-9287-439d-b752-6420131d6980][2016-07-11T11:01:06.2454556-07:00]\",\r\n    \"javaClassName\": \"java.io.FileNotFoundException\"\r\n  }\r\n}",
      "ResponseHeaders": {
        "Content-Length": [
          "241"
        ],
        "Content-Type": [
          "application/json; charset=utf-8"
        ],
        "Expires": [
          "-1"
        ],
        "Cache-Control": [
          "no-cache"
        ],
        "Date": [
          "Mon, 11 Jul 2016 18:01:05 GMT"
        ],
        "Pragma": [
          "no-cache"
        ],
        "x-ms-request-id": [
          "84cd5a7a-9287-439d-b752-6420131d6980"
        ],
        "Server-Perf": [
          "[84cd5a7a-9287-439d-b752-6420131d6980][ AuthTime::0::PostAuthTime::0 ][S-HdfsGetFileStatusV2 :: 00:00:012 ms]%0a[GETFILESTATUS :: 00:00:012 ms]%0a"
        ],
        "x-ms-webhdfs-version": [
          "16.05.18.00"
        ],
        "Status": [
          "0x8309000A"
        ],
        "X-Content-Type-Options": [
          "nosniff"
        ],
        "Strict-Transport-Security": [
          "max-age=15724800; includeSubDomains"
        ]
      },
      "StatusCode": 404
    }
  ],
  "Names": {
    ".ctor": [
      "datalakerg17940",
      "testdatalake17575",
      "testadlfs19267"
    ],
    "CreateFile": [
      "SDKTestFolder01/SDKTestFile01.txt7008"
    ],
    "CreateFolder": [
      "SDKTestFolder016447"
    ],
    "DataLakeStoreFileSystemMoveFileAndFolder": [
      "SDKTestMoveFolder012470"
    ]
  },
  "Variables": {
    "SubscriptionId": "53d9063d-87ae-4ea8-be90-3686c3b8669f"
  }
}