{
  "Entries": [
    {
      "RequestUri": "https://management.azure.com/subscriptions/db1ab6f0-4769-4b27-930e-01e2ef9c123c?api-version=2021-01-01",
      "RequestMethod": "GET",
      "RequestHeaders": {
        "Accept": "application/json",
        "Authorization": "Sanitized",
        "traceparent": "00-bd749eedff1f6743a08ec5d6a6cd29b9-b59e72c169f1df4e-00",
        "User-Agent": "azsdk-net-ResourceManager/1.3.0 (.NET Core 3.1.28; Microsoft Windows 10.0.22000)",
        "x-ms-client-request-id": "3bd03c0eeb236c476d7d62ba8408a2a4",
        "x-ms-return-client-request-id": "true"
      },
      "RequestBody": null,
      "StatusCode": 200,
      "ResponseHeaders": {
        "Cache-Control": "no-cache",
        "Content-Length": "747",
        "Content-Type": "application/json; charset=utf-8",
        "Date": "Wed, 24 Aug 2022 03:40:08 GMT",
        "Expires": "-1",
        "Pragma": "no-cache",
        "Strict-Transport-Security": "max-age=31536000; includeSubDomains",
        "X-Content-Type-Options": "nosniff",
        "x-ms-correlation-request-id": "06eb59d7-d59b-46a2-a013-7cf5d614b9b4",
        "x-ms-ratelimit-remaining-subscription-reads": "11976",
        "x-ms-request-id": "06eb59d7-d59b-46a2-a013-7cf5d614b9b4",
        "x-ms-routing-request-id": "SOUTHEASTASIA:20220824T034009Z:06eb59d7-d59b-46a2-a013-7cf5d614b9b4"
      },
      "ResponseBody": {
        "id": "/subscriptions/db1ab6f0-4769-4b27-930e-01e2ef9c123c",
        "authorizationSource": "RoleBased",
        "managedByTenants": [],
        "tags": {
          "TagKey-9823": "TagValue-566",
          "TagKey-3481": "TagValue-320",
          "TagKey-4926": "TagValue-1187",
          "TagKey-751": "TagValue-3921",
          "TagKey-1866": "TagValue-8559",
          "TagKey-3094": "TagValue-9190",
          "TagKey-2449": "TagValue-9",
          "TagKey-8379": "TagValue-164",
          "TagKey-7470": "TagValue-2205",
          "TagKey-4236": "TagValue-3698",
          "TagKey-5316": "TagValue-2725"
        },
        "subscriptionId": "db1ab6f0-4769-4b27-930e-01e2ef9c123c",
        "tenantId": "72f988bf-86f1-41af-91ab-2d7cd011db47",
        "displayName": ".NET Mgmt SDK Test with TTL = 1 Day",
        "state": "Enabled",
        "subscriptionPolicies": {
          "locationPlacementId": "Internal_2014-09-01",
          "quotaId": "Internal_2014-09-01",
          "spendingLimit": "Off"
        }
      }
    },
    {
      "RequestUri": "https://management.azure.com/subscriptions/db1ab6f0-4769-4b27-930e-01e2ef9c123c/resourcegroups/MediaServiceRG5987?api-version=2021-04-01",
      "RequestMethod": "PUT",
      "RequestHeaders": {
        "Accept": "application/json",
        "Authorization": "Sanitized",
        "Content-Length": "22",
        "Content-Type": "application/json",
        "traceparent": "00-952ea9f67fed094288dea9960f17fa58-70d2ae367ae73c41-00",
        "User-Agent": "azsdk-net-ResourceManager/1.3.0 (.NET Core 3.1.28; Microsoft Windows 10.0.22000)",
        "x-ms-client-request-id": "8c135505ed4126083fa5ac1ffac96dd6",
        "x-ms-return-client-request-id": "true"
      },
      "RequestBody": {
        "location": "westus2"
      },
      "StatusCode": 201,
      "ResponseHeaders": {
        "Cache-Control": "no-cache",
        "Content-Length": "234",
        "Content-Type": "application/json; charset=utf-8",
        "Date": "Wed, 24 Aug 2022 03:40:09 GMT",
        "Expires": "-1",
        "Pragma": "no-cache",
        "Strict-Transport-Security": "max-age=31536000; includeSubDomains",
        "X-Content-Type-Options": "nosniff",
        "x-ms-correlation-request-id": "05c2dc3d-6224-4748-a666-71824295be94",
        "x-ms-ratelimit-remaining-subscription-writes": "1189",
        "x-ms-request-id": "05c2dc3d-6224-4748-a666-71824295be94",
        "x-ms-routing-request-id": "SOUTHEASTASIA:20220824T034010Z:05c2dc3d-6224-4748-a666-71824295be94"
      },
      "ResponseBody": {
        "id": "/subscriptions/db1ab6f0-4769-4b27-930e-01e2ef9c123c/resourceGroups/MediaServiceRG5987",
        "name": "MediaServiceRG5987",
        "type": "Microsoft.Resources/resourceGroups",
        "location": "westus2",
        "properties": {
          "provisioningState": "Succeeded"
        }
      }
    },
    {
      "RequestUri": "https://management.azure.com/subscriptions/db1ab6f0-4769-4b27-930e-01e2ef9c123c/resourceGroups/MediaServiceRG5987/providers/Microsoft.Storage/storageAccounts/azstorageformedia5678?api-version=2022-05-01",
      "RequestMethod": "PUT",
      "RequestHeaders": {
        "Accept": "application/json",
        "Authorization": "Sanitized",
        "Content-Length": "107",
        "Content-Type": "application/json",
        "traceparent": "00-0a32014c23ab2f44a2290164a4369b54-0748e42ea7601d4f-00",
        "User-Agent": "azsdk-net-ResourceManager.Storage/1.0.0-alpha.20220819.1 (.NET Core 3.1.28; Microsoft Windows 10.0.22000)",
        "x-ms-client-request-id": "1329cac8bf630bfdd32f4063e9d572e6",
        "x-ms-return-client-request-id": "true"
      },
      "RequestBody": {
        "sku": {
          "name": "Standard_LRS"
        },
        "kind": "BlobStorage",
        "location": "westus2",
        "properties": {
          "accessTier": "Hot"
        }
      },
      "StatusCode": 202,
      "ResponseHeaders": {
        "Cache-Control": "no-cache",
        "Content-Length": "0",
        "Content-Type": "text/plain; charset=utf-8",
        "Date": "Wed, 24 Aug 2022 03:40:14 GMT",
        "Expires": "-1",
        "Location": "https://management.azure.com/subscriptions/db1ab6f0-4769-4b27-930e-01e2ef9c123c/providers/Microsoft.Storage/locations/westus2/asyncoperations/7acb97d0-3099-4d0a-bbe7-df1d34b87546?monitor=true\u0026api-version=2022-05-01",
        "Pragma": "no-cache",
        "Retry-After": "17",
        "Server": "Microsoft-Azure-Storage-Resource-Provider/1.0,Microsoft-HTTPAPI/2.0 Microsoft-HTTPAPI/2.0",
        "Strict-Transport-Security": "max-age=31536000; includeSubDomains",
        "X-Content-Type-Options": "nosniff",
        "x-ms-client-request-id": "1329cac8bf630bfdd32f4063e9d572e6",
        "x-ms-correlation-request-id": "c2ef092e-583e-4171-ae44-e44a818299f4",
        "x-ms-ratelimit-remaining-subscription-writes": "1188",
        "x-ms-request-id": "7acb97d0-3099-4d0a-bbe7-df1d34b87546",
        "x-ms-routing-request-id": "SOUTHEASTASIA:20220824T034014Z:c2ef092e-583e-4171-ae44-e44a818299f4"
      },
      "ResponseBody": null
    },
    {
      "RequestUri": "https://management.azure.com/subscriptions/db1ab6f0-4769-4b27-930e-01e2ef9c123c/providers/Microsoft.Storage/locations/westus2/asyncoperations/7acb97d0-3099-4d0a-bbe7-df1d34b87546?monitor=true\u0026api-version=2022-05-01",
      "RequestMethod": "GET",
      "RequestHeaders": {
        "Authorization": "Sanitized",
        "traceparent": "00-0a32014c23ab2f44a2290164a4369b54-0e45b6cfa915634b-00",
        "User-Agent": "azsdk-net-ResourceManager/1.3.0 (.NET Core 3.1.28; Microsoft Windows 10.0.22000)",
        "x-ms-client-request-id": "d83f32e3997a96a216806dbec7c256cf",
        "x-ms-return-client-request-id": "true"
      },
      "RequestBody": null,
      "StatusCode": 202,
      "ResponseHeaders": {
        "Cache-Control": "no-cache",
        "Content-Length": "0",
        "Content-Type": "text/plain; charset=utf-8",
        "Date": "Wed, 24 Aug 2022 03:40:14 GMT",
        "Expires": "-1",
        "Location": "https://management.azure.com/subscriptions/db1ab6f0-4769-4b27-930e-01e2ef9c123c/providers/Microsoft.Storage/locations/westus2/asyncoperations/7acb97d0-3099-4d0a-bbe7-df1d34b87546?monitor=true\u0026api-version=2022-05-01",
        "Pragma": "no-cache",
        "Retry-After": "17",
        "Server": "Microsoft-Azure-Storage-Resource-Provider/1.0,Microsoft-HTTPAPI/2.0 Microsoft-HTTPAPI/2.0",
        "Strict-Transport-Security": "max-age=31536000; includeSubDomains",
        "X-Content-Type-Options": "nosniff",
        "x-ms-client-request-id": "d83f32e3997a96a216806dbec7c256cf",
        "x-ms-correlation-request-id": "ec7a518b-f48f-4c61-a1d0-25cb0885cbef",
        "x-ms-ratelimit-remaining-subscription-reads": "11975",
        "x-ms-request-id": "fb84f381-6afd-49a4-831e-f7701693a1a2",
        "x-ms-routing-request-id": "SOUTHEASTASIA:20220824T034015Z:ec7a518b-f48f-4c61-a1d0-25cb0885cbef"
      },
      "ResponseBody": null
    },
    {
      "RequestUri": "https://management.azure.com/subscriptions/db1ab6f0-4769-4b27-930e-01e2ef9c123c/providers/Microsoft.Storage/locations/westus2/asyncoperations/7acb97d0-3099-4d0a-bbe7-df1d34b87546?monitor=true\u0026api-version=2022-05-01",
      "RequestMethod": "GET",
      "RequestHeaders": {
        "Authorization": "Sanitized",
        "traceparent": "00-0a32014c23ab2f44a2290164a4369b54-e1e63c7f114e834c-00",
        "User-Agent": "azsdk-net-ResourceManager/1.3.0 (.NET Core 3.1.28; Microsoft Windows 10.0.22000)",
        "x-ms-client-request-id": "dbde383a16abfbfd7b60fe7f7962be61",
        "x-ms-return-client-request-id": "true"
      },
      "RequestBody": null,
      "StatusCode": 200,
      "ResponseHeaders": {
        "Cache-Control": "no-cache",
        "Content-Length": "1278",
        "Content-Type": "application/json",
        "Date": "Wed, 24 Aug 2022 03:40:31 GMT",
        "Expires": "-1",
        "Pragma": "no-cache",
        "Server": "Microsoft-Azure-Storage-Resource-Provider/1.0,Microsoft-HTTPAPI/2.0 Microsoft-HTTPAPI/2.0",
        "Strict-Transport-Security": "max-age=31536000; includeSubDomains",
        "X-Content-Type-Options": "nosniff",
        "x-ms-client-request-id": "dbde383a16abfbfd7b60fe7f7962be61",
        "x-ms-correlation-request-id": "f788a1fd-8c83-436f-996f-1714ab6b436f",
        "x-ms-ratelimit-remaining-subscription-reads": "11974",
        "x-ms-request-id": "7b4fb8e9-ac33-43d2-ae68-4e9e7b9a6768",
        "x-ms-routing-request-id": "SOUTHEASTASIA:20220824T034032Z:f788a1fd-8c83-436f-996f-1714ab6b436f"
      },
      "ResponseBody": {
        "sku": {
          "name": "Standard_LRS",
          "tier": "Standard"
        },
        "kind": "BlobStorage",
        "id": "/subscriptions/db1ab6f0-4769-4b27-930e-01e2ef9c123c/resourceGroups/MediaServiceRG5987/providers/Microsoft.Storage/storageAccounts/azstorageformedia5678",
        "name": "azstorageformedia5678",
        "type": "Microsoft.Storage/storageAccounts",
        "location": "westus2",
        "tags": {},
        "properties": {
          "keyCreationTime": {
            "key1": "2022-08-24T03:40:12.0043100Z",
            "key2": "2022-08-24T03:40:12.0043100Z"
          },
          "privateEndpointConnections": [],
          "minimumTlsVersion": "TLS1_0",
          "allowBlobPublicAccess": true,
          "networkAcls": {
            "bypass": "AzureServices",
            "virtualNetworkRules": [],
            "ipRules": [],
            "defaultAction": "Allow"
          },
          "supportsHttpsTrafficOnly": true,
          "encryption": {
            "services": {
              "file": {
                "keyType": "Account",
                "enabled": true,
                "lastEnabledTime": "2022-08-24T03:40:12.2074760Z"
              },
              "blob": {
                "keyType": "Account",
                "enabled": true,
                "lastEnabledTime": "2022-08-24T03:40:12.2074760Z"
              }
            },
            "keySource": "Microsoft.Storage"
          },
          "accessTier": "Hot",
          "provisioningState": "Succeeded",
          "creationTime": "2022-08-24T03:40:11.9106219Z",
          "primaryEndpoints": {
            "dfs": "https://azstorageformedia5678.dfs.core.windows.net/",
            "blob": "https://azstorageformedia5678.blob.core.windows.net/",
            "table": "https://azstorageformedia5678.table.core.windows.net/"
          },
          "primaryLocation": "westus2",
          "statusOfPrimary": "available"
        }
      }
    },
    {
      "RequestUri": "https://management.azure.com/subscriptions/db1ab6f0-4769-4b27-930e-01e2ef9c123c/resourceGroups/MediaServiceRG5987/providers/Microsoft.Media/mediaservices/mediaservice8318?api-version=2021-11-01",
      "RequestMethod": "PUT",
      "RequestHeaders": {
        "Accept": "application/json",
        "Authorization": "Sanitized",
        "Content-Length": "245",
        "Content-Type": "application/json",
        "traceparent": "00-af58844ac774884a8f9f3329117823de-95df8469378eee48-00",
        "User-Agent": "azsdk-net-ResourceManager.Media/1.0.0-alpha.20220824.1 (.NET Core 3.1.28; Microsoft Windows 10.0.22000)",
        "x-ms-client-request-id": "95b7804b6b9a4b812baad25e9100528d",
        "x-ms-return-client-request-id": "true"
      },
      "RequestBody": {
        "tags": {},
        "location": "westus2",
        "properties": {
          "storageAccounts": [
            {
              "id": "/subscriptions/db1ab6f0-4769-4b27-930e-01e2ef9c123c/resourceGroups/MediaServiceRG5987/providers/Microsoft.Storage/storageAccounts/azstorageformedia5678",
              "type": "Primary"
            }
          ]
        }
      },
      "StatusCode": 201,
      "ResponseHeaders": {
        "Azure-AsyncOperation": "https://management.azure.com/subscriptions/db1ab6f0-4769-4b27-930e-01e2ef9c123c/providers/Microsoft.Media/locations/westus2/mediaServicesOperationStatuses/c592fb87-eaad-4fe1-adef-2f61595d1d99?api-version=2021-11-01",
        "Cache-Control": "no-cache",
        "Content-Length": "849",
        "Content-Type": "application/json; odata.metadata=minimal",
        "Date": "Wed, 24 Aug 2022 03:40:34 GMT",
        "Expires": "-1",
        "Location": "https://management.azure.com/subscriptions/db1ab6f0-4769-4b27-930e-01e2ef9c123c/providers/Microsoft.Media/locations/westus2/mediaServicesOperationResults/c592fb87-eaad-4fe1-adef-2f61595d1d99?api-version=2021-11-01",
        "OData-Version": "4.0",
        "Pragma": "no-cache",
        "Retry-After": "30",
        "Server": "Microsoft-HTTPAPI/2.0",
        "Strict-Transport-Security": "max-age=31536000; includeSubDomains",
        "X-Content-Type-Options": "nosniff",
        "x-ms-client-request-id": "95b7804b6b9a4b812baad25e9100528d",
        "x-ms-correlation-request-id": "67940511-3fb1-4e82-b1f9-573023fc95e8",
        "x-ms-ratelimit-remaining-subscription-writes": "1187",
        "x-ms-request-id": "f4c9acd8-62fd-4383-ae02-026627ed3f84",
        "x-ms-routing-request-id": "SOUTHEASTASIA:20220824T034034Z:67940511-3fb1-4e82-b1f9-573023fc95e8"
      },
      "ResponseBody": {
        "name": "mediaservice8318",
        "id": "/subscriptions/db1ab6f0-4769-4b27-930e-01e2ef9c123c/resourceGroups/MediaServiceRG5987/providers/Microsoft.Media/mediaservices/mediaservice8318",
        "type": "Microsoft.Media/mediaservices",
        "location": "West US 2",
        "tags": {},
        "properties": {
          "mediaServiceId": "f0b7fbe6-9de0-43ee-a95a-936d691cd28e",
          "storageAccounts": [
            {
              "id": "/subscriptions/db1ab6f0-4769-4b27-930e-01e2ef9c123c/resourceGroups/MediaServiceRG5987/providers/Microsoft.Storage/storageAccounts/azstorageformedia5678",
              "type": "Primary"
            }
          ],
          "storageAuthentication": "System",
          "keyDelivery": {
            "accessControl": {
              "defaultAction": "Allow",
              "ipAllowList": []
            }
          },
          "publicNetworkAccess": "Enabled",
          "provisioningState": "InProgress",
          "privateEndpointConnections": []
        }
      }
    },
    {
      "RequestUri": "https://management.azure.com/subscriptions/db1ab6f0-4769-4b27-930e-01e2ef9c123c/providers/Microsoft.Media/locations/westus2/mediaServicesOperationStatuses/c592fb87-eaad-4fe1-adef-2f61595d1d99?api-version=2021-11-01",
      "RequestMethod": "GET",
      "RequestHeaders": {
        "Authorization": "Sanitized",
        "traceparent": "00-af58844ac774884a8f9f3329117823de-778c47ea16e39849-00",
        "User-Agent": "azsdk-net-ResourceManager/1.3.0 (.NET Core 3.1.28; Microsoft Windows 10.0.22000)",
        "x-ms-client-request-id": "417b430c3a9ecca05d90806b2a9dea60",
        "x-ms-return-client-request-id": "true"
      },
      "RequestBody": null,
      "StatusCode": 200,
      "ResponseHeaders": {
        "Cache-Control": "no-cache",
        "Content-Length": "328",
        "Content-Type": "application/json; odata.metadata=minimal; odata.streaming=true",
        "Date": "Wed, 24 Aug 2022 03:40:34 GMT",
        "Expires": "-1",
        "OData-Version": "4.0",
        "Pragma": "no-cache",
        "Server": "Microsoft-HTTPAPI/2.0",
        "Strict-Transport-Security": "max-age=31536000; includeSubDomains",
        "X-Content-Type-Options": "nosniff",
        "x-ms-client-request-id": "417b430c3a9ecca05d90806b2a9dea60",
        "x-ms-correlation-request-id": "323928df-10b4-401c-8f85-29016b1aa601",
        "x-ms-ratelimit-remaining-subscription-reads": "11973",
        "x-ms-request-id": "ce05e84d-8f53-40b4-abbf-afc128f4f0ff",
        "x-ms-routing-request-id": "SOUTHEASTASIA:20220824T034035Z:323928df-10b4-401c-8f85-29016b1aa601"
      },
      "ResponseBody": {
        "name": "c592fb87-eaad-4fe1-adef-2f61595d1d99",
        "id": "/subscriptions/db1ab6f0-4769-4b27-930e-01e2ef9c123c/providers/Microsoft.Media/locations/westus2/mediaServicesOperationStatuses/c592fb87-eaad-4fe1-adef-2f61595d1d99",
        "startTime": "2022-08-24T03:40:34.020067Z",
        "endTime": "2022-08-24T03:40:34.3950836Z",
        "status": "Succeeded"
      }
    },
    {
      "RequestUri": "https://management.azure.com/subscriptions/db1ab6f0-4769-4b27-930e-01e2ef9c123c/resourceGroups/MediaServiceRG5987/providers/Microsoft.Media/mediaservices/mediaservice8318?api-version=2021-11-01",
      "RequestMethod": "GET",
      "RequestHeaders": {
        "Authorization": "Sanitized",
        "traceparent": "00-af58844ac774884a8f9f3329117823de-37b8e70c3e80ca44-00",
        "User-Agent": "azsdk-net-ResourceManager/1.3.0 (.NET Core 3.1.28; Microsoft Windows 10.0.22000)",
        "x-ms-client-request-id": "0102f2abcdaa02a2b282513c51e6280d",
        "x-ms-return-client-request-id": "true"
      },
      "RequestBody": null,
      "StatusCode": 200,
      "ResponseHeaders": {
        "Cache-Control": "no-cache",
        "Content-Length": "876",
        "Content-Type": "application/json; odata.metadata=minimal; odata.streaming=true",
        "Date": "Wed, 24 Aug 2022 03:40:35 GMT",
        "Expires": "-1",
        "OData-Version": "4.0",
        "Pragma": "no-cache",
        "Server": "Microsoft-HTTPAPI/2.0",
        "Strict-Transport-Security": "max-age=31536000; includeSubDomains",
        "X-Content-Type-Options": "nosniff",
        "x-ms-client-request-id": "0102f2abcdaa02a2b282513c51e6280d",
        "x-ms-correlation-request-id": "bd338864-f63e-4697-a1f6-90fc9f7c8e23",
        "x-ms-ratelimit-remaining-subscription-reads": "11972",
        "x-ms-request-id": "8e932f68-faf0-431c-b49f-8a3ee5fce4b4",
        "x-ms-routing-request-id": "SOUTHEASTASIA:20220824T034035Z:bd338864-f63e-4697-a1f6-90fc9f7c8e23"
      },
      "ResponseBody": {
        "name": "mediaservice8318",
        "id": "/subscriptions/db1ab6f0-4769-4b27-930e-01e2ef9c123c/resourceGroups/MediaServiceRG5987/providers/Microsoft.Media/mediaservices/mediaservice8318",
        "type": "Microsoft.Media/mediaservices",
        "location": "West US 2",
        "properties": {
          "mediaServiceId": "f0b7fbe6-9de0-43ee-a95a-936d691cd28e",
          "storageAccounts": [
            {
              "id": "/subscriptions/db1ab6f0-4769-4b27-930e-01e2ef9c123c/resourceGroups/MediaServiceRG5987/providers/Microsoft.Storage/storageAccounts/azstorageformedia5678",
              "type": "Primary"
            }
          ],
          "storageAuthentication": "System",
          "encryption": {
            "type": "SystemKey"
          },
          "keyDelivery": {
            "accessControl": {
              "defaultAction": "Allow",
              "ipAllowList": []
            }
          },
          "publicNetworkAccess": "Enabled",
          "provisioningState": "Succeeded",
          "privateEndpointConnections": []
        }
      }
    },
    {
      "RequestUri": "https://management.azure.com/subscriptions/db1ab6f0-4769-4b27-930e-01e2ef9c123c/resourceGroups/MediaServiceRG5987/providers/Microsoft.Media/mediaservices/mediaservice8318/liveEvents/liveEvent6991?api-version=2021-11-01",
      "RequestMethod": "PUT",
      "RequestHeaders": {
        "Accept": "application/json",
        "Authorization": "Sanitized",
        "Content-Length": "113",
        "Content-Type": "application/json",
        "traceparent": "00-fd308806287ee64d842e8f9f544a2d5c-6ae6eac216d90d4c-00",
        "User-Agent": "azsdk-net-ResourceManager.Media/1.0.0-alpha.20220824.1 (.NET Core 3.1.28; Microsoft Windows 10.0.22000)",
        "x-ms-client-request-id": "844d5110ee10c03c473647c96109a672",
        "x-ms-return-client-request-id": "true"
      },
      "RequestBody": {
        "tags": {},
        "location": "westus2",
        "properties": {
          "input": {
            "streamingProtocol": "RTMP"
          },
          "crossSiteAccessPolicies": {}
        }
      },
      "StatusCode": 201,
      "ResponseHeaders": {
        "Azure-AsyncOperation": "https://management.azure.com/subscriptions/db1ab6f0-4769-4b27-930e-01e2ef9c123c/resourcegroups/MediaServiceRG5987/providers/Microsoft.Media/mediaservices/mediaservice8318/liveeventoperations/452e3f7e-1e35-452d-a0ae-5efac77e524e?api-version=2021-11-01",
        "Cache-Control": "no-cache",
        "Content-Length": "1492",
        "Content-Type": "application/json; odata.metadata=minimal",
        "Date": "Wed, 24 Aug 2022 03:40:38 GMT",
        "Expires": "-1",
        "Location": "https://management.azure.com/subscriptions/db1ab6f0-4769-4b27-930e-01e2ef9c123c/resourcegroups/MediaServiceRG5987/providers/Microsoft.Media/mediaservices/mediaservice8318/liveevents/liveEvent6991/operationlocations/452e3f7e-1e35-452d-a0ae-5efac77e524e?api-version=2021-11-01",
        "OData-Version": "4.0",
        "Pragma": "no-cache",
        "Retry-After": "2",
        "Server": "Microsoft-HTTPAPI/2.0",
        "Strict-Transport-Security": "max-age=31536000; includeSubDomains",
        "X-Content-Type-Options": "nosniff",
        "x-ms-client-request-id": "844d5110ee10c03c473647c96109a672",
        "x-ms-correlation-request-id": "be48863b-717b-47dc-bb4d-02fd82d033a8",
        "x-ms-ratelimit-remaining-subscription-writes": "1186",
        "x-ms-request-id": "26108307-0baa-415a-a4fe-f8aa50fe36b2",
        "x-ms-routing-request-id": "SOUTHEASTASIA:20220824T034038Z:be48863b-717b-47dc-bb4d-02fd82d033a8"
      },
      "ResponseBody": {
        "name": "liveEvent6991",
        "id": "/subscriptions/db1ab6f0-4769-4b27-930e-01e2ef9c123c/resourceGroups/MediaServiceRG5987/providers/Microsoft.Media/mediaservices/mediaservice8318/liveevents/liveEvent6991",
        "type": "Microsoft.Media/mediaservices/liveevents",
        "location": "West US 2",
        "tags": {},
        "properties": {
          "description": "",
          "resourceState": "Stopped",
          "provisioningState": "InProgress",
          "created": "2022-08-24T03:40:37.5000708Z",
          "lastModified": "2022-08-24T03:40:37.5000708Z",
          "useStaticHostname": false,
          "streamOptions": [],
          "input": {
            "keyFrameIntervalDuration": "",
            "streamingProtocol": "RTMP",
            "accessToken": "Sanitized",
            "endpoints": [],
            "accessControl": null
          },
          "preview": {
            "previewLocator": "2e70e999-915c-45ae-9a41-662d24a3f1b9",
            "streamingPolicyName": "Predefined_ClearStreamingOnly",
            "alternativeMediaId": null,
            "accessControl": null,
            "endpoints": []
          },
          "encoding": {
            "encodingType": "None",
            "presetName": null,
            "stretchMode": null,
            "keyFrameInterval": null
          },
          "crossSiteAccessPolicies": {
            "clientAccessPolicy": null,
            "crossDomainPolicy": null
          },
          "hostnamePrefix": null,
          "transcriptions": []
        },
        "systemData": {
          "createdBy": "8e6d47e0-7969-4fde-a62c-4fea4f165e98",
          "createdByType": "Application",
          "createdAt": "2022-08-24T03:40:37.2763061Z",
          "lastModifiedBy": "8e6d47e0-7969-4fde-a62c-4fea4f165e98",
          "lastModifiedByType": "Application",
          "lastModifiedAt": "2022-08-24T03:40:37.2763061Z"
        }
      }
    },
    {
      "RequestUri": "https://management.azure.com/subscriptions/db1ab6f0-4769-4b27-930e-01e2ef9c123c/resourcegroups/MediaServiceRG5987/providers/Microsoft.Media/mediaservices/mediaservice8318/liveeventoperations/452e3f7e-1e35-452d-a0ae-5efac77e524e?api-version=2021-11-01",
      "RequestMethod": "GET",
      "RequestHeaders": {
        "Authorization": "Sanitized",
        "traceparent": "00-fd308806287ee64d842e8f9f544a2d5c-0b71d55d70672b4a-00",
        "User-Agent": "azsdk-net-ResourceManager/1.3.0 (.NET Core 3.1.28; Microsoft Windows 10.0.22000)",
        "x-ms-client-request-id": "4b1a7572db9c039ac64063975a395178",
        "x-ms-return-client-request-id": "true"
      },
      "RequestBody": null,
      "StatusCode": 200,
      "ResponseHeaders": {
        "Azure-AsyncOperation": "https://management.azure.com/subscriptions/db1ab6f0-4769-4b27-930e-01e2ef9c123c/resourcegroups/MediaServiceRG5987/providers/Microsoft.Media/mediaservices/mediaservice8318/liveeventoperations/452e3f7e-1e35-452d-a0ae-5efac77e524e?api-version=2021-11-01",
        "Cache-Control": "no-cache",
        "Content-Length": "171",
        "Content-Type": "application/json; odata.metadata=minimal; odata.streaming=true",
        "Date": "Wed, 24 Aug 2022 03:40:38 GMT",
        "Expires": "-1",
        "OData-Version": "4.0",
        "Pragma": "no-cache",
        "Retry-After": "2",
        "Server": "Microsoft-HTTPAPI/2.0",
        "Strict-Transport-Security": "max-age=31536000; includeSubDomains",
        "X-Content-Type-Options": "nosniff",
        "x-ms-client-request-id": "4b1a7572db9c039ac64063975a395178",
        "x-ms-correlation-request-id": "2e65323f-f848-4d45-af1e-adc99f980d81",
        "x-ms-ratelimit-remaining-subscription-reads": "11971",
        "x-ms-request-id": "830bc2fb-138a-42ab-96ba-78a44094a869",
        "x-ms-routing-request-id": "SOUTHEASTASIA:20220824T034039Z:2e65323f-f848-4d45-af1e-adc99f980d81"
      },
      "ResponseBody": {
        "name": "452e3f7e-1e35-452d-a0ae-5efac77e524e",
        "status": "Succeeded",
        "error": {
          "code": "None",
          "message": null,
          "target": "98b6293e-e7c4-4521-8e3e-135c69b7f3b8"
        }
      }
    },
    {
      "RequestUri": "https://management.azure.com/subscriptions/db1ab6f0-4769-4b27-930e-01e2ef9c123c/resourceGroups/MediaServiceRG5987/providers/Microsoft.Media/mediaservices/mediaservice8318/liveEvents/liveEvent6991?api-version=2021-11-01",
      "RequestMethod": "GET",
      "RequestHeaders": {
        "Authorization": "Sanitized",
        "traceparent": "00-fd308806287ee64d842e8f9f544a2d5c-fc59e614524cd74c-00",
        "User-Agent": "azsdk-net-ResourceManager/1.3.0 (.NET Core 3.1.28; Microsoft Windows 10.0.22000)",
        "x-ms-client-request-id": "f698caabf3f8f84412ac0b81d2535dcc",
        "x-ms-return-client-request-id": "true"
      },
      "RequestBody": null,
      "StatusCode": 200,
      "ResponseHeaders": {
        "Cache-Control": "no-cache",
        "Content-Length": "1491",
        "Content-Type": "application/json; odata.metadata=minimal; odata.streaming=true",
        "Date": "Wed, 24 Aug 2022 03:40:39 GMT",
        "Expires": "-1",
        "OData-Version": "4.0",
        "Pragma": "no-cache",
        "Server": "Microsoft-HTTPAPI/2.0",
        "Strict-Transport-Security": "max-age=31536000; includeSubDomains",
        "X-Content-Type-Options": "nosniff",
        "x-ms-client-request-id": "f698caabf3f8f84412ac0b81d2535dcc",
        "x-ms-correlation-request-id": "e12c85ad-7031-43d5-bd80-841f21899856",
        "x-ms-ratelimit-remaining-subscription-reads": "11970",
        "x-ms-request-id": "20108fd1-45ca-4fd2-bc71-df2923420fc1",
        "x-ms-routing-request-id": "SOUTHEASTASIA:20220824T034039Z:e12c85ad-7031-43d5-bd80-841f21899856"
      },
      "ResponseBody": {
        "name": "liveEvent6991",
        "id": "/subscriptions/db1ab6f0-4769-4b27-930e-01e2ef9c123c/resourceGroups/MediaServiceRG5987/providers/Microsoft.Media/mediaservices/mediaservice8318/liveevents/liveEvent6991",
        "type": "Microsoft.Media/mediaservices/liveevents",
        "location": "West US 2",
        "tags": {},
        "properties": {
          "description": "",
          "resourceState": "Stopped",
          "provisioningState": "Succeeded",
          "created": "2022-08-24T03:40:37.5157725Z",
          "lastModified": "2022-08-24T03:40:38.1729083Z",
          "useStaticHostname": false,
          "streamOptions": [],
          "input": {
            "keyFrameIntervalDuration": "",
            "streamingProtocol": "RTMP",
            "accessToken": "Sanitized",
            "endpoints": [],
            "accessControl": null
          },
          "preview": {
            "previewLocator": "2e70e999-915c-45ae-9a41-662d24a3f1b9",
            "streamingPolicyName": "Predefined_ClearStreamingOnly",
            "alternativeMediaId": null,
            "accessControl": null,
            "endpoints": []
          },
          "encoding": {
            "encodingType": "None",
            "presetName": null,
            "stretchMode": null,
            "keyFrameInterval": null
          },
          "crossSiteAccessPolicies": {
            "clientAccessPolicy": null,
            "crossDomainPolicy": null
          },
          "hostnamePrefix": null,
          "transcriptions": []
        },
        "systemData": {
          "createdBy": "8e6d47e0-7969-4fde-a62c-4fea4f165e98",
          "createdByType": "Application",
          "createdAt": "2022-08-24T03:40:37.2763061Z",
          "lastModifiedBy": "8e6d47e0-7969-4fde-a62c-4fea4f165e98",
          "lastModifiedByType": "Application",
          "lastModifiedAt": "2022-08-24T03:40:37.2763061Z"
        }
      }
    },
    {
      "RequestUri": "https://management.azure.com/subscriptions/db1ab6f0-4769-4b27-930e-01e2ef9c123c/resourceGroups/MediaServiceRG5987/providers/Microsoft.Media/mediaServices/mediaservice8318/assets/empty-asset-input?api-version=2021-11-01",
      "RequestMethod": "PUT",
      "RequestHeaders": {
        "Accept": "application/json",
        "Authorization": "Sanitized",
        "Content-Length": "17",
        "Content-Type": "application/json",
        "traceparent": "00-1d9cdb3d8df6b941b318ae651199738c-a0473f42c44d834f-00",
        "User-Agent": "azsdk-net-ResourceManager.Media/1.0.0-alpha.20220824.1 (.NET Core 3.1.28; Microsoft Windows 10.0.22000)",
        "x-ms-client-request-id": "efec56e0d65b54de2c5371b4a8463f3e",
        "x-ms-return-client-request-id": "true"
      },
      "RequestBody": {
        "properties": {}
      },
      "StatusCode": 201,
      "ResponseHeaders": {
        "Cache-Control": "no-cache",
        "Content-Length": "772",
        "Content-Type": "application/json; odata.metadata=minimal",
        "Date": "Wed, 24 Aug 2022 03:40:39 GMT",
        "Expires": "-1",
        "OData-Version": "4.0",
        "Pragma": "no-cache",
        "Server": "Microsoft-HTTPAPI/2.0",
        "Strict-Transport-Security": "max-age=31536000; includeSubDomains",
        "X-Content-Type-Options": "nosniff",
        "x-ms-client-request-id": "efec56e0d65b54de2c5371b4a8463f3e",
        "x-ms-correlation-request-id": "76c0b5be-8de2-4a59-87eb-a62b869802ff",
        "x-ms-ratelimit-remaining-subscription-resource-requests": "11997",
        "x-ms-request-id": "629e441a-78fc-45b2-a0b1-e4235cc998a8",
        "x-ms-routing-request-id": "SOUTHEASTASIA:20220824T034040Z:76c0b5be-8de2-4a59-87eb-a62b869802ff"
      },
      "ResponseBody": {
        "name": "empty-asset-input",
        "id": "/subscriptions/db1ab6f0-4769-4b27-930e-01e2ef9c123c/resourceGroups/MediaServiceRG5987/providers/Microsoft.Media/mediaservices/mediaservice8318/assets/empty-asset-input",
        "type": "Microsoft.Media/mediaservices/assets",
        "properties": {
          "assetId": "70c50dca-05a7-4f41-b2cc-8dc207f4ac58",
          "created": "2022-08-24T03:40:40.16Z",
          "lastModified": "2022-08-24T03:40:40.16Z",
          "storageAccountName": "azstorageformedia5678",
          "storageEncryptionFormat": "None"
        },
        "systemData": {
          "createdBy": "8e6d47e0-7969-4fde-a62c-4fea4f165e98",
          "createdByType": "Application",
          "createdAt": "2022-08-24T03:40:39.8545513Z",
          "lastModifiedBy": "8e6d47e0-7969-4fde-a62c-4fea4f165e98",
          "lastModifiedByType": "Application",
          "lastModifiedAt": "2022-08-24T03:40:39.8545513Z"
        }
      }
    },
    {
      "RequestUri": "https://management.azure.com/subscriptions/db1ab6f0-4769-4b27-930e-01e2ef9c123c/resourceGroups/MediaServiceRG5987/providers/Microsoft.Media/mediaservices/mediaservice8318/liveEvents/liveEvent6991/liveOutputs/liveoutput6533?api-version=2021-11-01",
      "RequestMethod": "PUT",
      "RequestHeaders": {
        "Accept": "application/json",
        "Authorization": "Sanitized",
        "Content-Length": "111",
        "Content-Type": "application/json",
        "traceparent": "00-7aa9a0bf63422c459bad41230ce71b13-39f725d7fe445d4c-00",
        "User-Agent": "azsdk-net-ResourceManager.Media/1.0.0-alpha.20220824.1 (.NET Core 3.1.28; Microsoft Windows 10.0.22000)",
        "x-ms-client-request-id": "e2983da36e80307e2138efcf193173e2",
        "x-ms-return-client-request-id": "true"
      },
      "RequestBody": {
        "properties": {
          "assetName": "empty-asset-input",
          "archiveWindowLength": "PT5M",
          "hls": {
            "fragmentsPerTsSegment": 5
          }
        }
      },
      "StatusCode": 200,
      "ResponseHeaders": {
        "Cache-Control": "no-cache",
        "Content-Length": "954",
        "Content-Type": "application/json; odata.metadata=minimal",
        "Date": "Wed, 24 Aug 2022 03:40:40 GMT",
        "Expires": "-1",
        "OData-Version": "4.0",
        "Pragma": "no-cache",
        "Server": "Microsoft-HTTPAPI/2.0",
        "Strict-Transport-Security": "max-age=31536000; includeSubDomains",
        "X-Content-Type-Options": "nosniff",
        "x-ms-client-request-id": "e2983da36e80307e2138efcf193173e2",
        "x-ms-correlation-request-id": "fcc3737f-688c-47d4-93bc-4f05ad8bed44",
        "x-ms-ratelimit-remaining-subscription-writes": "1185",
        "x-ms-request-id": "803b764f-5b93-4c48-ad81-b18c9dd79d07",
        "x-ms-routing-request-id": "SOUTHEASTASIA:20220824T034040Z:fcc3737f-688c-47d4-93bc-4f05ad8bed44"
      },
      "ResponseBody": {
        "name": "liveoutput6533",
        "id": "/subscriptions/db1ab6f0-4769-4b27-930e-01e2ef9c123c/resourceGroups/MediaServiceRG5987/providers/Microsoft.Media/mediaservices/mediaservice8318/liveevents/liveEvent6991/liveoutputs/liveoutput6533",
        "type": "Microsoft.Media/mediaservices/liveevents/liveoutputs",
        "properties": {
          "description": null,
          "assetName": "empty-asset-input",
          "archiveWindowLength": "PT5M",
          "manifestName": "699e09a4-05fd-4fe7-b112-588e31b48908",
          "outputSnapTime": 0,
          "resourceState": "Creating",
          "provisioningState": "InProgress",
          "created": "2022-08-24T03:40:40.728477Z",
          "lastModified": "2022-08-24T03:40:40.728477Z",
          "hls": {
            "fragmentsPerTsSegment": 5
          }
        },
        "systemData": {
          "createdBy": "8e6d47e0-7969-4fde-a62c-4fea4f165e98",
          "createdByType": "Application",
          "createdAt": "2022-08-24T03:40:40.3858342Z",
          "lastModifiedBy": "8e6d47e0-7969-4fde-a62c-4fea4f165e98",
          "lastModifiedByType": "Application",
          "lastModifiedAt": "2022-08-24T03:40:40.3858342Z"
        }
      }
    },
    {
      "RequestUri": "https://management.azure.com/subscriptions/db1ab6f0-4769-4b27-930e-01e2ef9c123c/resourceGroups/MediaServiceRG5987/providers/Microsoft.Media/mediaservices/mediaservice8318/liveEvents/liveEvent6991/liveOutputs/liveoutput6533?api-version=2021-11-01",
      "RequestMethod": "GET",
      "RequestHeaders": {
        "Authorization": "Sanitized",
        "traceparent": "00-7aa9a0bf63422c459bad41230ce71b13-055f182385e9834e-00",
        "User-Agent": "azsdk-net-ResourceManager/1.3.0 (.NET Core 3.1.28; Microsoft Windows 10.0.22000)",
        "x-ms-client-request-id": "162e43cce9c4713dd8bbce22e60f3bfa",
        "x-ms-return-client-request-id": "true"
      },
      "RequestBody": null,
      "StatusCode": 200,
      "ResponseHeaders": {
        "Cache-Control": "no-cache",
        "Content-Length": "954",
        "Content-Type": "application/json; odata.metadata=minimal; odata.streaming=true",
        "Date": "Wed, 24 Aug 2022 03:40:40 GMT",
        "Expires": "-1",
        "OData-Version": "4.0",
        "Pragma": "no-cache",
        "Server": "Microsoft-HTTPAPI/2.0",
        "Strict-Transport-Security": "max-age=31536000; includeSubDomains",
        "X-Content-Type-Options": "nosniff",
        "x-ms-client-request-id": "162e43cce9c4713dd8bbce22e60f3bfa",
        "x-ms-correlation-request-id": "3bdd2f55-411c-44ff-a0be-c0deb9b7c25f",
        "x-ms-ratelimit-remaining-subscription-reads": "11969",
        "x-ms-request-id": "aef36e27-0383-4523-b717-0e7c612bef10",
        "x-ms-routing-request-id": "SOUTHEASTASIA:20220824T034041Z:3bdd2f55-411c-44ff-a0be-c0deb9b7c25f"
      },
      "ResponseBody": {
        "name": "liveoutput6533",
        "id": "/subscriptions/db1ab6f0-4769-4b27-930e-01e2ef9c123c/resourceGroups/MediaServiceRG5987/providers/Microsoft.Media/mediaservices/mediaservice8318/liveevents/liveEvent6991/liveoutputs/liveoutput6533",
        "type": "Microsoft.Media/mediaservices/liveevents/liveoutputs",
        "properties": {
          "description": null,
          "assetName": "empty-asset-input",
          "archiveWindowLength": "PT5M",
          "manifestName": "699e09a4-05fd-4fe7-b112-588e31b48908",
          "outputSnapTime": 0,
          "resourceState": "Running",
          "provisioningState": "Succeeded",
          "created": "2022-08-24T03:40:40.7909764Z",
          "lastModified": "2022-08-24T03:40:40.7909764Z",
          "hls": {
            "fragmentsPerTsSegment": 5
          }
        },
        "systemData": {
          "createdBy": "8e6d47e0-7969-4fde-a62c-4fea4f165e98",
          "createdByType": "Application",
          "createdAt": "2022-08-24T03:40:40.3858342Z",
          "lastModifiedBy": "8e6d47e0-7969-4fde-a62c-4fea4f165e98",
          "lastModifiedByType": "Application",
          "lastModifiedAt": "2022-08-24T03:40:40.3858342Z"
        }
      }
    },
    {
      "RequestUri": "https://management.azure.com/subscriptions/db1ab6f0-4769-4b27-930e-01e2ef9c123c/resourceGroups/MediaServiceRG5987/providers/Microsoft.Media/mediaservices/mediaservice8318/liveEvents/liveEvent6991/liveOutputs/liveoutput6533?api-version=2021-11-01",
      "RequestMethod": "GET",
      "RequestHeaders": {
        "Accept": "application/json",
        "Authorization": "Sanitized",
        "traceparent": "00-a191e761bf22854794944e30c46744aa-9f8b4fb185fe9a4e-00",
        "User-Agent": "azsdk-net-ResourceManager.Media/1.0.0-alpha.20220824.1 (.NET Core 3.1.28; Microsoft Windows 10.0.22000)",
        "x-ms-client-request-id": "cf1d8fe05ccb1ad9eda529dea2df5ddc",
        "x-ms-return-client-request-id": "true"
      },
      "RequestBody": null,
      "StatusCode": 200,
      "ResponseHeaders": {
        "Cache-Control": "no-cache",
        "Content-Length": "954",
        "Content-Type": "application/json; odata.metadata=minimal",
        "Date": "Wed, 24 Aug 2022 03:40:41 GMT",
        "Expires": "-1",
        "OData-Version": "4.0",
        "Pragma": "no-cache",
        "Server": "Microsoft-HTTPAPI/2.0",
        "Strict-Transport-Security": "max-age=31536000; includeSubDomains",
        "X-Content-Type-Options": "nosniff",
        "x-ms-client-request-id": "cf1d8fe05ccb1ad9eda529dea2df5ddc",
        "x-ms-correlation-request-id": "0529ca39-7ee1-49c9-9578-1209f6bdb055",
        "x-ms-ratelimit-remaining-subscription-reads": "11968",
        "x-ms-request-id": "d2882f62-360b-48f2-a122-36ecba92798b",
        "x-ms-routing-request-id": "SOUTHEASTASIA:20220824T034041Z:0529ca39-7ee1-49c9-9578-1209f6bdb055"
      },
      "ResponseBody": {
        "name": "liveoutput6533",
        "id": "/subscriptions/db1ab6f0-4769-4b27-930e-01e2ef9c123c/resourceGroups/MediaServiceRG5987/providers/Microsoft.Media/mediaservices/mediaservice8318/liveevents/liveEvent6991/liveoutputs/liveoutput6533",
        "type": "Microsoft.Media/mediaservices/liveevents/liveoutputs",
        "properties": {
          "description": null,
          "assetName": "empty-asset-input",
          "archiveWindowLength": "PT5M",
          "manifestName": "699e09a4-05fd-4fe7-b112-588e31b48908",
          "outputSnapTime": 0,
          "resourceState": "Running",
          "provisioningState": "Succeeded",
          "created": "2022-08-24T03:40:40.7909764Z",
          "lastModified": "2022-08-24T03:40:40.7909764Z",
          "hls": {
            "fragmentsPerTsSegment": 5
          }
        },
        "systemData": {
          "createdBy": "8e6d47e0-7969-4fde-a62c-4fea4f165e98",
          "createdByType": "Application",
          "createdAt": "2022-08-24T03:40:40.3858342Z",
          "lastModifiedBy": "8e6d47e0-7969-4fde-a62c-4fea4f165e98",
          "lastModifiedByType": "Application",
          "lastModifiedAt": "2022-08-24T03:40:40.3858342Z"
        }
      }
    },
    {
      "RequestUri": "https://management.azure.com/subscriptions/db1ab6f0-4769-4b27-930e-01e2ef9c123c/resourceGroups/MediaServiceRG5987/providers/Microsoft.Media/mediaservices/mediaservice8318/liveEvents/liveEvent6991/liveOutputs?api-version=2021-11-01",
      "RequestMethod": "GET",
      "RequestHeaders": {
        "Accept": "application/json",
        "Authorization": "Sanitized",
        "traceparent": "00-f457fcf69e5a5b48aa72bca9d565b52f-de2eb782418f3847-00",
        "User-Agent": "azsdk-net-ResourceManager.Media/1.0.0-alpha.20220824.1 (.NET Core 3.1.28; Microsoft Windows 10.0.22000)",
        "x-ms-client-request-id": "d50289ce5c02ad1d9a090aa8ba2c0daa",
        "x-ms-return-client-request-id": "true"
      },
      "RequestBody": null,
      "StatusCode": 200,
      "ResponseHeaders": {
        "Cache-Control": "no-cache",
        "Content-Length": "1014",
        "Content-Type": "application/json; odata.metadata=minimal",
        "Date": "Wed, 24 Aug 2022 03:40:41 GMT",
        "Expires": "-1",
        "OData-Version": "4.0",
        "Pragma": "no-cache",
        "Server": "Microsoft-HTTPAPI/2.0",
        "Strict-Transport-Security": "max-age=31536000; includeSubDomains",
        "X-Content-Type-Options": "nosniff",
        "x-ms-client-request-id": "d50289ce5c02ad1d9a090aa8ba2c0daa",
        "x-ms-correlation-request-id": "db7c5a4a-01f7-4ea2-a35b-e47c858d44cd",
        "x-ms-ratelimit-remaining-subscription-reads": "11967",
        "x-ms-request-id": "f1d01486-8c47-42f1-80eb-7d35f634ed61",
        "x-ms-routing-request-id": "SOUTHEASTASIA:20220824T034042Z:db7c5a4a-01f7-4ea2-a35b-e47c858d44cd"
      },
      "ResponseBody": {
        "value": [
          {
            "name": "liveoutput6533",
            "id": "/subscriptions/db1ab6f0-4769-4b27-930e-01e2ef9c123c/resourceGroups/MediaServiceRG5987/providers/Microsoft.Media/mediaservices/mediaservice8318/liveevents/liveEvent6991/liveoutputs/liveoutput6533",
            "type": "Microsoft.Media/mediaservices/liveevents/liveoutputs",
            "properties": {
              "description": null,
              "assetName": "empty-asset-input",
              "archiveWindowLength": "PT5M",
              "manifestName": "699e09a4-05fd-4fe7-b112-588e31b48908",
              "outputSnapTime": 0,
              "resourceState": "Running",
              "provisioningState": "Succeeded",
              "created": "2022-08-24T03:40:40.7909764Z",
              "lastModified": "2022-08-24T03:40:40.7909764Z",
              "hls": {
                "fragmentsPerTsSegment": 5
              }
            },
            "systemData": {
              "createdBy": "8e6d47e0-7969-4fde-a62c-4fea4f165e98",
              "createdByType": "Application",
              "createdAt": "2022-08-24T03:40:40.3858342Z",
              "lastModifiedBy": "8e6d47e0-7969-4fde-a62c-4fea4f165e98",
              "lastModifiedByType": "Application",
              "lastModifiedAt": "2022-08-24T03:40:40.3858342Z"
            }
          }
        ]
      }
    },
    {
      "RequestUri": "https://management.azure.com/subscriptions/db1ab6f0-4769-4b27-930e-01e2ef9c123c/resourceGroups/MediaServiceRG5987/providers/Microsoft.Media/mediaservices/mediaservice8318/liveEvents/liveEvent6991/liveOutputs/liveoutput6533?api-version=2021-11-01",
      "RequestMethod": "DELETE",
      "RequestHeaders": {
        "Accept": "application/json",
        "Authorization": "Sanitized",
        "traceparent": "00-afb1fd5e35f2b14d8e89cc8e7b8fee37-607b19e57164f249-00",
        "User-Agent": "azsdk-net-ResourceManager.Media/1.0.0-alpha.20220824.1 (.NET Core 3.1.28; Microsoft Windows 10.0.22000)",
        "x-ms-client-request-id": "43bfd1669b276f9a6914291fc05ecff9",
        "x-ms-return-client-request-id": "true"
      },
      "RequestBody": null,
      "StatusCode": 200,
      "ResponseHeaders": {
        "Cache-Control": "no-cache",
        "Content-Length": "0",
        "Date": "Wed, 24 Aug 2022 03:40:42 GMT",
        "Expires": "-1",
        "Pragma": "no-cache",
        "Server": "Microsoft-HTTPAPI/2.0",
        "Strict-Transport-Security": "max-age=31536000; includeSubDomains",
        "X-Content-Type-Options": "nosniff",
        "x-ms-client-request-id": "43bfd1669b276f9a6914291fc05ecff9",
        "x-ms-correlation-request-id": "3691d6f4-1f2d-4fd4-932e-29e76031a745",
        "x-ms-ratelimit-remaining-subscription-deletes": "14996",
        "x-ms-request-id": "5faca2a2-6c29-46c2-b634-cc9791b7757f",
        "x-ms-routing-request-id": "SOUTHEASTASIA:20220824T034042Z:3691d6f4-1f2d-4fd4-932e-29e76031a745"
      },
      "ResponseBody": null
    }
  ],
  "Variables": {
    "AZURE_AUTHORITY_HOST": "https://login.microsoftonline.com",
    "RandomSeed": "268933183",
    "RESOURCE_MANAGER_URL": null,
    "SUBSCRIPTION_ID": "db1ab6f0-4769-4b27-930e-01e2ef9c123c"
  }
}
