{
  "Entries": [
    {
      "RequestUri": "https://management.azure.com/subscriptions/db1ab6f0-4769-4b27-930e-01e2ef9c123c?api-version=2021-01-01",
      "RequestMethod": "GET",
      "RequestHeaders": {
        "Accept": "application/json",
        "Authorization": "Sanitized",
        "traceparent": "00-e506c8b7be8f662875ce7a81f48bb16c-d605c86890e41057-00",
        "User-Agent": "azsdk-net-ResourceManager/1.4.0 (.NET 6.0.14; Microsoft Windows 10.0.22621)",
        "x-ms-client-request-id": "dcc5e27809613fc692b291e0736c0ea2",
        "x-ms-return-client-request-id": "true"
      },
      "RequestBody": null,
      "StatusCode": 200,
      "ResponseHeaders": {
        "Cache-Control": "no-cache",
        "Content-Length": "748",
        "Content-Type": "application/json; charset=utf-8",
        "Date": "Tue, 14 Mar 2023 01:53:58 GMT",
        "Expires": "-1",
        "Pragma": "no-cache",
        "Strict-Transport-Security": "max-age=31536000; includeSubDomains",
        "X-Content-Type-Options": "nosniff",
        "x-ms-correlation-request-id": "e5b49c95-fcd4-4f93-971e-b4f3e37de89d",
        "x-ms-ratelimit-remaining-subscription-reads": "11999",
        "x-ms-request-id": "e5b49c95-fcd4-4f93-971e-b4f3e37de89d",
        "x-ms-routing-request-id": "JAPANEAST:20230314T015359Z:e5b49c95-fcd4-4f93-971e-b4f3e37de89d"
      },
      "ResponseBody": {
        "id": "/subscriptions/db1ab6f0-4769-4b27-930e-01e2ef9c123c",
        "authorizationSource": "RoleBased",
        "managedByTenants": [],
        "tags": {
          "TagKey-9823": "TagValue-1254",
          "TagKey-3481": "TagValue-320",
          "TagKey-4926": "TagValue-1187",
          "TagKey-751": "TagValue-3921",
          "TagKey-1866": "TagValue-8559",
          "TagKey-3094": "TagValue-9190",
          "TagKey-2449": "TagValue-9",
          "TagKey-8379": "TagValue-164",
          "TagKey-7470": "TagValue-2205",
          "TagKey-4236": "TagValue-3698",
          "TagKey-5316": "TagValue-2725"
        },
        "subscriptionId": "db1ab6f0-4769-4b27-930e-01e2ef9c123c",
        "tenantId": "72f988bf-86f1-41af-91ab-2d7cd011db47",
        "displayName": ".NET Mgmt SDK Test with TTL = 1 Day",
        "state": "Enabled",
        "subscriptionPolicies": {
          "locationPlacementId": "Internal_2014-09-01",
          "quotaId": "Internal_2014-09-01",
          "spendingLimit": "Off"
        }
      }
    },
    {
      "RequestUri": "https://management.azure.com/subscriptions/db1ab6f0-4769-4b27-930e-01e2ef9c123c/resourcegroups/PurviewRG7622?api-version=**",
      "RequestMethod": "PUT",
      "RequestHeaders": {
        "Accept": "application/json",
        "Authorization": "Sanitized",
        "Content-Length": "21",
        "Content-Type": "application/json",
        "traceparent": "00-efcb54e09068cf717a13e46cfe623615-f6f50b81a4f3c3de-00",
        "User-Agent": "azsdk-net-ResourceManager/1.4.0 (.NET 6.0.14; Microsoft Windows 10.0.22621)",
        "x-ms-client-request-id": "01125c7a91441618a1f23cae44dbead1",
        "x-ms-return-client-request-id": "true"
      },
      "RequestBody": {
        "location": "eastus"
      },
      "StatusCode": 201,
      "ResponseHeaders": {
        "Cache-Control": "no-cache",
        "Content-Length": "223",
        "Content-Type": "application/json; charset=utf-8",
        "Date": "Tue, 14 Mar 2023 01:54:03 GMT",
        "Expires": "-1",
        "Pragma": "no-cache",
        "Strict-Transport-Security": "max-age=31536000; includeSubDomains",
        "X-Content-Type-Options": "nosniff",
        "x-ms-correlation-request-id": "16229996-6a16-4723-b1f2-238611b294bd",
        "x-ms-ratelimit-remaining-subscription-writes": "1199",
        "x-ms-request-id": "16229996-6a16-4723-b1f2-238611b294bd",
        "x-ms-routing-request-id": "JAPANEAST:20230314T015403Z:16229996-6a16-4723-b1f2-238611b294bd"
      },
      "ResponseBody": {
        "id": "/subscriptions/db1ab6f0-4769-4b27-930e-01e2ef9c123c/resourceGroups/PurviewRG7622",
        "name": "PurviewRG7622",
        "type": "Microsoft.Resources/resourceGroups",
        "location": "eastus",
        "properties": {
          "provisioningState": "Succeeded"
        }
      }
    },
    {
      "RequestUri": "https://management.azure.com/subscriptions/db1ab6f0-4769-4b27-930e-01e2ef9c123c/resourceGroups/PurviewRG7622/providers/Microsoft.Purview/accounts/PurviewAccount22?api-version=2021-07-01",
      "RequestMethod": "PUT",
      "RequestHeaders": {
        "Accept": "application/json",
        "Authorization": "Sanitized",
        "Content-Length": "84",
        "Content-Type": "application/json",
        "traceparent": "00-2a8975d508ea55bbb6de1c2bb0535550-ef96116e7a09e877-00",
        "User-Agent": "azsdk-net-ResourceManager.Purview/1.1.0-alpha.20230313.1 (.NET 6.0.14; Microsoft Windows 10.0.22621)",
        "x-ms-client-request-id": "ad8f23e375f2747eba6878427c1c10c7",
        "x-ms-return-client-request-id": "true"
      },
      "RequestBody": {
        "identity": {
          "type": "SystemAssigned"
        },
        "tags": {},
        "location": "eastus",
        "properties": {}
      },
      "StatusCode": 201,
      "ResponseHeaders": {
        "api-supported-versions": "2020-12-01-preview, 2021-07-01, 2021-12-01",
        "Cache-Control": "no-cache",
        "Content-Length": "1311",
        "Content-Type": "application/json; charset=utf-8",
        "Date": "Tue, 14 Mar 2023 01:54:12 GMT",
        "Expires": "-1",
        "Location": "https://management.azure.com/subscriptions/db1ab6f0-4769-4b27-930e-01e2ef9c123c/resourceGroups/PurviewRG7622/providers/Microsoft.Purview/accounts/PurviewAccount22?api-version=2021-07-01",
        "Pragma": "no-cache",
        "Server": "Kestrel",
        "Strict-Transport-Security": "max-age=31536000; includeSubDomains",
        "X-Content-Type-Options": "nosniff",
        "x-ms-account-status": "Creating",
        "x-ms-correlation-request-id": "d30d0840-b835-466e-bb53-8fd3caa1686d",
        "x-ms-ratelimit-remaining-subscription-writes": "1198",
        "x-ms-request-id": "d30d0840-b835-466e-bb53-8fd3caa1686d",
        "x-ms-routing-request-id": "JAPANEAST:20230314T015413Z:d30d0840-b835-466e-bb53-8fd3caa1686d"
      },
      "ResponseBody": {
        "sku": {
          "name": "Standard",
          "capacity": 1
        },
        "properties": {
          "cloudConnectors": {
            "awsExternalId": "4df18ecc-02f8-45f5-b41a-8a7ba9dc5b88"
          },
          "friendlyName": "PurviewAccount22",
          "createdBy": "8e6d47e0-7969-4fde-a62c-4fea4f165e98",
          "createdByObjectId": "7bee3764-dbea-4729-9c33-446f321aa721",
          "createdAt": "2023-03-14T01:54:06.7001425Z",
          "endpoints": {
            "catalog": "https://PurviewAccount22.purview.azure.com/catalog",
            "scan": "https://PurviewAccount22.purview.azure.com/scan",
            "guardian": "https://PurviewAccount22.purview.azure.com/guardian"
          },
          "provisioningState": "Creating",
          "privateEndpointConnections": [],
          "publicNetworkAccess": "Enabled",
          "managedResourceGroupName": "managed-rg-bsopqyn"
        },
        "id": "/subscriptions/db1ab6f0-4769-4b27-930e-01e2ef9c123c/resourceGroups/PurviewRG7622/providers/Microsoft.Purview/accounts/PurviewAccount22",
        "name": "PurviewAccount22",
        "type": "Microsoft.Purview/accounts",
        "location": "eastus",
        "identity": {
          "type": "SystemAssigned",
          "principalId": "c7eda3ea-e594-4458-a508-6e9a1987b3e3",
          "tenantId": "72f988bf-86f1-41af-91ab-2d7cd011db47"
        },
        "tags": {},
        "systemData": {
          "createdBy": "8e6d47e0-7969-4fde-a62c-4fea4f165e98",
          "createdByType": "Application",
          "createdAt": "2023-03-14T01:54:06.7001425Z",
          "lastModifiedBy": "8e6d47e0-7969-4fde-a62c-4fea4f165e98",
          "lastModifiedByType": "Application",
          "lastModifiedAt": "2023-03-14T01:54:06.7001425Z"
        }
      }
    },
    {
      "RequestUri": "https://management.azure.com/subscriptions/db1ab6f0-4769-4b27-930e-01e2ef9c123c/resourceGroups/PurviewRG7622/providers/Microsoft.Purview/accounts/PurviewAccount22?api-version=2021-07-01",
      "RequestMethod": "GET",
      "RequestHeaders": {
        "Authorization": "Sanitized",
        "traceparent": "00-2a8975d508ea55bbb6de1c2bb0535550-e5d301093034f261-00",
        "User-Agent": "azsdk-net-ResourceManager/1.4.0 (.NET 6.0.14; Microsoft Windows 10.0.22621)",
        "x-ms-client-request-id": "eb89890e0712e688948c8a289fd325d5",
        "x-ms-return-client-request-id": "true"
      },
      "RequestBody": null,
      "StatusCode": 200,
      "ResponseHeaders": {
        "api-supported-versions": "2020-12-01-preview, 2021-07-01, 2021-12-01",
        "Cache-Control": "no-cache",
        "Content-Length": "1311",
        "Content-Type": "application/json; charset=utf-8",
        "Date": "Tue, 14 Mar 2023 01:54:13 GMT",
        "Expires": "-1",
        "Pragma": "no-cache",
        "Server": "Kestrel",
        "Strict-Transport-Security": "max-age=31536000; includeSubDomains",
        "X-Content-Type-Options": "nosniff",
        "x-ms-account-status": "Creating",
        "x-ms-correlation-request-id": "7ae76209-205e-4282-a617-2d32ee796ac7",
        "x-ms-ratelimit-remaining-subscription-reads": "11998",
        "x-ms-request-id": "7ae76209-205e-4282-a617-2d32ee796ac7",
        "x-ms-routing-request-id": "JAPANEAST:20230314T015413Z:7ae76209-205e-4282-a617-2d32ee796ac7"
      },
      "ResponseBody": {
        "sku": {
          "name": "Standard",
          "capacity": 1
        },
        "properties": {
          "cloudConnectors": {
            "awsExternalId": "4df18ecc-02f8-45f5-b41a-8a7ba9dc5b88"
          },
          "friendlyName": "PurviewAccount22",
          "createdBy": "8e6d47e0-7969-4fde-a62c-4fea4f165e98",
          "createdByObjectId": "7bee3764-dbea-4729-9c33-446f321aa721",
          "createdAt": "2023-03-14T01:54:06.7001425Z",
          "endpoints": {
            "catalog": "https://PurviewAccount22.purview.azure.com/catalog",
            "scan": "https://PurviewAccount22.purview.azure.com/scan",
            "guardian": "https://PurviewAccount22.purview.azure.com/guardian"
          },
          "provisioningState": "Creating",
          "privateEndpointConnections": [],
          "publicNetworkAccess": "Enabled",
          "managedResourceGroupName": "managed-rg-bsopqyn"
        },
        "id": "/subscriptions/db1ab6f0-4769-4b27-930e-01e2ef9c123c/resourceGroups/PurviewRG7622/providers/Microsoft.Purview/accounts/PurviewAccount22",
        "name": "PurviewAccount22",
        "type": "Microsoft.Purview/accounts",
        "location": "eastus",
        "identity": {
          "type": "SystemAssigned",
          "principalId": "c7eda3ea-e594-4458-a508-6e9a1987b3e3",
          "tenantId": "72f988bf-86f1-41af-91ab-2d7cd011db47"
        },
        "tags": {},
        "systemData": {
          "createdBy": "8e6d47e0-7969-4fde-a62c-4fea4f165e98",
          "createdByType": "Application",
          "createdAt": "2023-03-14T01:54:06.7001425Z",
          "lastModifiedBy": "8e6d47e0-7969-4fde-a62c-4fea4f165e98",
          "lastModifiedByType": "Application",
          "lastModifiedAt": "2023-03-14T01:54:06.7001425Z"
        }
      }
    },
    {
      "RequestUri": "https://management.azure.com/subscriptions/db1ab6f0-4769-4b27-930e-01e2ef9c123c/resourceGroups/PurviewRG7622/providers/Microsoft.Purview/accounts/PurviewAccount22?api-version=2021-07-01",
      "RequestMethod": "GET",
      "RequestHeaders": {
        "Accept": "application/json",
        "Authorization": "Sanitized",
        "traceparent": "00-c9d8a13da6f3b0fb6b337419948f2204-84320ad90663bc09-00",
        "User-Agent": "azsdk-net-ResourceManager.Purview/1.1.0-alpha.20230313.1 (.NET 6.0.14; Microsoft Windows 10.0.22621)",
        "x-ms-client-request-id": "ad70e72c589caf95d2e1e7325ef4e46c",
        "x-ms-return-client-request-id": "true"
      },
      "RequestBody": null,
      "StatusCode": 200,
      "ResponseHeaders": {
        "api-supported-versions": "2020-12-01-preview, 2021-07-01, 2021-12-01",
        "Cache-Control": "no-cache",
        "Content-Length": "1795",
        "Content-Type": "application/json; charset=utf-8",
        "Date": "Tue, 14 Mar 2023 01:57:14 GMT",
        "Expires": "-1",
        "Pragma": "no-cache",
        "Server": "Kestrel",
        "Strict-Transport-Security": "max-age=31536000; includeSubDomains",
        "X-Content-Type-Options": "nosniff",
        "x-ms-account-status": "Succeeded",
        "x-ms-correlation-request-id": "eeb417b3-9e52-46bf-beaf-856f400b59e7",
        "x-ms-ratelimit-remaining-subscription-reads": "11999",
        "x-ms-request-id": "eeb417b3-9e52-46bf-beaf-856f400b59e7",
        "x-ms-routing-request-id": "JAPANEAST:20230314T015714Z:eeb417b3-9e52-46bf-beaf-856f400b59e7"
      },
      "ResponseBody": {
        "sku": {
          "name": "Standard",
          "capacity": 1
        },
        "properties": {
          "cloudConnectors": {
            "awsExternalId": "4df18ecc-02f8-45f5-b41a-8a7ba9dc5b88"
          },
          "friendlyName": "PurviewAccount22",
          "createdBy": "8e6d47e0-7969-4fde-a62c-4fea4f165e98",
          "createdByObjectId": "7bee3764-dbea-4729-9c33-446f321aa721",
          "createdAt": "2023-03-14T01:54:06.7001425Z",
          "endpoints": {
            "catalog": "https://PurviewAccount22.purview.azure.com/catalog",
            "scan": "https://PurviewAccount22.purview.azure.com/scan",
            "guardian": "https://PurviewAccount22.purview.azure.com/guardian"
          },
          "provisioningState": "Succeeded",
          "privateEndpointConnections": [],
          "managedResources": {
            "resourceGroup": "/subscriptions/db1ab6f0-4769-4b27-930e-01e2ef9c123c/resourceGroups/managed-rg-bsopqyn",
            "storageAccount": "/subscriptions/db1ab6f0-4769-4b27-930e-01e2ef9c123c/resourceGroups/managed-rg-bsopqyn/providers/Microsoft.Storage/storageAccounts/scaneastusxoukfrc",
            "eventHubNamespace": "/subscriptions/db1ab6f0-4769-4b27-930e-01e2ef9c123c/resourceGroups/managed-rg-bsopqyn/providers/Microsoft.EventHub/namespaces/Atlas-3e574843-d241-48f5-9ca1-23986ee5616e"
          },
          "publicNetworkAccess": "Enabled",
          "managedResourceGroupName": "managed-rg-bsopqyn"
        },
        "id": "/subscriptions/db1ab6f0-4769-4b27-930e-01e2ef9c123c/resourceGroups/PurviewRG7622/providers/Microsoft.Purview/accounts/PurviewAccount22",
        "name": "PurviewAccount22",
        "type": "Microsoft.Purview/accounts",
        "location": "eastus",
        "identity": {
          "type": "SystemAssigned",
          "principalId": "c7eda3ea-e594-4458-a508-6e9a1987b3e3",
          "tenantId": "72f988bf-86f1-41af-91ab-2d7cd011db47"
        },
        "tags": {},
        "systemData": {
          "createdBy": "8e6d47e0-7969-4fde-a62c-4fea4f165e98",
          "createdByType": "Application",
          "createdAt": "2023-03-14T01:54:06.7001425Z",
          "lastModifiedBy": "8e6d47e0-7969-4fde-a62c-4fea4f165e98",
          "lastModifiedByType": "Application",
          "lastModifiedAt": "2023-03-14T01:54:06.7001425Z"
        }
      }
    },
    {
      "RequestUri": "https://management.azure.com/subscriptions/db1ab6f0-4769-4b27-930e-01e2ef9c123c/resourceGroups/PurviewRG7622/providers/Microsoft.Purview/accounts/PurviewAccount22?api-version=2021-07-01",
      "RequestMethod": "PATCH",
      "RequestHeaders": {
        "Accept": "application/json",
        "Authorization": "Sanitized",
        "Content-Length": "36",
        "Content-Type": "application/json",
        "traceparent": "00-c9d8a13da6f3b0fb6b337419948f2204-2904a0f93df83598-00",
        "User-Agent": "azsdk-net-ResourceManager.Purview/1.1.0-alpha.20230313.1 (.NET 6.0.14; Microsoft Windows 10.0.22621)",
        "x-ms-client-request-id": "f334d1912493ccb4a566e5c7a9280df2",
        "x-ms-return-client-request-id": "true"
      },
      "RequestBody": {
        "tags": {
          "addtagkey": "addtagvalue"
        }
      },
      "StatusCode": 202,
      "ResponseHeaders": {
        "api-supported-versions": "2020-12-01-preview, 2021-07-01, 2021-12-01",
        "Cache-Control": "no-cache",
        "Content-Length": "1819",
        "Content-Type": "application/json; charset=utf-8",
        "Date": "Tue, 14 Mar 2023 01:57:17 GMT",
        "Expires": "-1",
        "Location": "https://management.azure.com/subscriptions/db1ab6f0-4769-4b27-930e-01e2ef9c123c/resourceGroups/PurviewRG7622/providers/Microsoft.Purview/accounts/PurviewAccount22/operationResults/73faaa5c-814d-4e3d-bc7f-5cb8a26b09d9?api-version=2021-07-01",
        "Pragma": "no-cache",
        "Server": "Kestrel",
        "Strict-Transport-Security": "max-age=31536000; includeSubDomains",
        "X-Content-Type-Options": "nosniff",
        "x-ms-correlation-request-id": "6ed57f2b-307c-4b88-9dcd-08ac1644e33d",
        "x-ms-ratelimit-remaining-subscription-writes": "1199",
        "x-ms-request-id": "6ed57f2b-307c-4b88-9dcd-08ac1644e33d",
        "x-ms-routing-request-id": "JAPANEAST:20230314T015717Z:6ed57f2b-307c-4b88-9dcd-08ac1644e33d"
      },
      "ResponseBody": {
        "sku": {
          "name": "Standard",
          "capacity": 1
        },
        "properties": {
          "cloudConnectors": {
            "awsExternalId": "4df18ecc-02f8-45f5-b41a-8a7ba9dc5b88"
          },
          "friendlyName": "PurviewAccount22",
          "createdBy": "8e6d47e0-7969-4fde-a62c-4fea4f165e98",
          "createdByObjectId": "7bee3764-dbea-4729-9c33-446f321aa721",
          "createdAt": "2023-03-14T01:54:06.7001425Z",
          "endpoints": {
            "catalog": "https://PurviewAccount22.purview.azure.com/catalog",
            "scan": "https://PurviewAccount22.purview.azure.com/scan",
            "guardian": "https://PurviewAccount22.purview.azure.com/guardian"
          },
          "provisioningState": "Creating",
          "privateEndpointConnections": [],
          "managedResources": {
            "resourceGroup": "/subscriptions/db1ab6f0-4769-4b27-930e-01e2ef9c123c/resourceGroups/managed-rg-bsopqyn",
            "storageAccount": "/subscriptions/db1ab6f0-4769-4b27-930e-01e2ef9c123c/resourceGroups/managed-rg-bsopqyn/providers/Microsoft.Storage/storageAccounts/scaneastusxoukfrc",
            "eventHubNamespace": "/subscriptions/db1ab6f0-4769-4b27-930e-01e2ef9c123c/resourceGroups/managed-rg-bsopqyn/providers/Microsoft.EventHub/namespaces/Atlas-3e574843-d241-48f5-9ca1-23986ee5616e"
          },
          "publicNetworkAccess": "Enabled",
          "managedResourceGroupName": "managed-rg-bsopqyn"
        },
        "id": "/subscriptions/db1ab6f0-4769-4b27-930e-01e2ef9c123c/resourceGroups/PurviewRG7622/providers/Microsoft.Purview/accounts/PurviewAccount22",
        "name": "PurviewAccount22",
        "type": "Microsoft.Purview/accounts",
        "location": "eastus",
        "identity": {
          "type": "SystemAssigned",
          "principalId": "c7eda3ea-e594-4458-a508-6e9a1987b3e3",
          "tenantId": "72f988bf-86f1-41af-91ab-2d7cd011db47"
        },
        "tags": {
          "addtagkey": "addtagvalue"
        },
        "systemData": {
          "createdBy": "8e6d47e0-7969-4fde-a62c-4fea4f165e98",
          "createdByType": "Application",
          "createdAt": "2023-03-14T01:54:06.7001425Z",
          "lastModifiedBy": "8e6d47e0-7969-4fde-a62c-4fea4f165e98",
          "lastModifiedByType": "Application",
          "lastModifiedAt": "2023-03-14T01:54:06.7001425Z"
        }
      }
    },
    {
      "RequestUri": "https://management.azure.com/subscriptions/db1ab6f0-4769-4b27-930e-01e2ef9c123c/resourceGroups/PurviewRG7622/providers/Microsoft.Purview/accounts/PurviewAccount22/operationResults/73faaa5c-814d-4e3d-bc7f-5cb8a26b09d9?api-version=2021-07-01",
      "RequestMethod": "GET",
      "RequestHeaders": {
        "Authorization": "Sanitized",
        "traceparent": "00-c9d8a13da6f3b0fb6b337419948f2204-b052f6aa630de413-00",
        "User-Agent": "azsdk-net-ResourceManager/1.4.0 (.NET 6.0.14; Microsoft Windows 10.0.22621)",
        "x-ms-client-request-id": "ce961da7329f074233a3073673cd06a9",
        "x-ms-return-client-request-id": "true"
      },
      "RequestBody": null,
      "StatusCode": 202,
      "ResponseHeaders": {
        "api-supported-versions": "2020-12-01-preview, 2021-07-01, 2021-12-01",
        "Cache-Control": "no-cache",
        "Content-Length": "0",
        "Date": "Tue, 14 Mar 2023 01:57:17 GMT",
        "Expires": "-1",
        "Location": "https://management.azure.com/subscriptions/db1ab6f0-4769-4b27-930e-01e2ef9c123c/resourceGroups/PurviewRG7622/providers/Microsoft.Purview/accounts/PurviewAccount22/operationResults/73faaa5c-814d-4e3d-bc7f-5cb8a26b09d9?api-version=2021-07-01",
        "Pragma": "no-cache",
        "Server": "Kestrel",
        "Strict-Transport-Security": "max-age=31536000; includeSubDomains",
        "X-Content-Type-Options": "nosniff",
        "x-ms-correlation-request-id": "8629e7b8-0114-44df-8019-2d390dd2d49e",
        "x-ms-ratelimit-remaining-subscription-reads": "11998",
        "x-ms-request-id": "8629e7b8-0114-44df-8019-2d390dd2d49e",
        "x-ms-routing-request-id": "JAPANEAST:20230314T015718Z:8629e7b8-0114-44df-8019-2d390dd2d49e"
      },
      "ResponseBody": null
    },
    {
      "RequestUri": "https://management.azure.com/subscriptions/db1ab6f0-4769-4b27-930e-01e2ef9c123c/resourceGroups/PurviewRG7622/providers/Microsoft.Purview/accounts/PurviewAccount22/operationResults/73faaa5c-814d-4e3d-bc7f-5cb8a26b09d9?api-version=2021-07-01",
      "RequestMethod": "GET",
      "RequestHeaders": {
        "Authorization": "Sanitized",
        "traceparent": "00-c9d8a13da6f3b0fb6b337419948f2204-d543997a6f65d390-00",
        "User-Agent": "azsdk-net-ResourceManager/1.4.0 (.NET 6.0.14; Microsoft Windows 10.0.22621)",
        "x-ms-client-request-id": "217bc40ddc4cf9d23cd04398267edca4",
        "x-ms-return-client-request-id": "true"
      },
      "RequestBody": null,
      "StatusCode": 200,
      "ResponseHeaders": {
        "api-supported-versions": "2020-12-01-preview, 2021-07-01, 2021-12-01",
        "Cache-Control": "no-cache",
        "Content-Length": "1820",
        "Content-Type": "application/json; charset=utf-8",
        "Date": "Tue, 14 Mar 2023 01:58:58 GMT",
        "Expires": "-1",
        "Pragma": "no-cache",
        "Server": "Kestrel",
        "Strict-Transport-Security": "max-age=31536000; includeSubDomains",
        "X-Content-Type-Options": "nosniff",
        "x-ms-correlation-request-id": "82c8f0ca-97f5-4f14-80d7-e4749adc3371",
        "x-ms-ratelimit-remaining-subscription-reads": "11989",
        "x-ms-request-id": "82c8f0ca-97f5-4f14-80d7-e4749adc3371",
        "x-ms-routing-request-id": "JAPANEAST:20230314T015859Z:82c8f0ca-97f5-4f14-80d7-e4749adc3371"
      },
      "ResponseBody": {
        "sku": {
          "name": "Standard",
          "capacity": 1
        },
        "properties": {
          "cloudConnectors": {
            "awsExternalId": "4df18ecc-02f8-45f5-b41a-8a7ba9dc5b88"
          },
          "friendlyName": "PurviewAccount22",
          "createdBy": "8e6d47e0-7969-4fde-a62c-4fea4f165e98",
          "createdByObjectId": "7bee3764-dbea-4729-9c33-446f321aa721",
          "createdAt": "2023-03-14T01:54:06.7001425Z",
          "endpoints": {
            "catalog": "https://PurviewAccount22.purview.azure.com/catalog",
            "scan": "https://PurviewAccount22.purview.azure.com/scan",
            "guardian": "https://PurviewAccount22.purview.azure.com/guardian"
          },
          "provisioningState": "Succeeded",
          "privateEndpointConnections": [],
          "managedResources": {
            "resourceGroup": "/subscriptions/db1ab6f0-4769-4b27-930e-01e2ef9c123c/resourceGroups/managed-rg-bsopqyn",
            "storageAccount": "/subscriptions/db1ab6f0-4769-4b27-930e-01e2ef9c123c/resourceGroups/managed-rg-bsopqyn/providers/Microsoft.Storage/storageAccounts/scaneastusxoukfrc",
            "eventHubNamespace": "/subscriptions/db1ab6f0-4769-4b27-930e-01e2ef9c123c/resourceGroups/managed-rg-bsopqyn/providers/Microsoft.EventHub/namespaces/Atlas-3e574843-d241-48f5-9ca1-23986ee5616e"
          },
          "publicNetworkAccess": "Enabled",
          "managedResourceGroupName": "managed-rg-bsopqyn"
        },
        "id": "/subscriptions/db1ab6f0-4769-4b27-930e-01e2ef9c123c/resourceGroups/PurviewRG7622/providers/Microsoft.Purview/accounts/PurviewAccount22",
        "name": "PurviewAccount22",
        "type": "Microsoft.Purview/accounts",
        "location": "eastus",
        "identity": {
          "type": "SystemAssigned",
          "principalId": "c7eda3ea-e594-4458-a508-6e9a1987b3e3",
          "tenantId": "72f988bf-86f1-41af-91ab-2d7cd011db47"
        },
        "tags": {
          "addtagkey": "addtagvalue"
        },
        "systemData": {
          "createdBy": "8e6d47e0-7969-4fde-a62c-4fea4f165e98",
          "createdByType": "Application",
          "createdAt": "2023-03-14T01:54:06.7001425Z",
          "lastModifiedBy": "8e6d47e0-7969-4fde-a62c-4fea4f165e98",
          "lastModifiedByType": "Application",
          "lastModifiedAt": "2023-03-14T01:54:06.7001425Z"
        }
      }
    },
    {
      "RequestUri": "https://management.azure.com/subscriptions/db1ab6f0-4769-4b27-930e-01e2ef9c123c/resourceGroups/PurviewRG7622/providers/Microsoft.Purview/accounts/PurviewAccount22?api-version=2021-07-01",
      "RequestMethod": "GET",
      "RequestHeaders": {
        "Accept": "application/json",
        "Authorization": "Sanitized",
        "traceparent": "00-916d420c1f93c76c0fd6ff8eb69f3515-e44b8f99880a9c84-00",
        "User-Agent": "azsdk-net-ResourceManager.Purview/1.1.0-alpha.20230313.1 (.NET 6.0.14; Microsoft Windows 10.0.22621)",
        "x-ms-client-request-id": "a1901669a6db09279fbff7151d2a781f",
        "x-ms-return-client-request-id": "true"
      },
      "RequestBody": null,
      "StatusCode": 200,
      "ResponseHeaders": {
        "api-supported-versions": "2020-12-01-preview, 2021-07-01, 2021-12-01",
        "Cache-Control": "no-cache",
        "Content-Length": "1820",
        "Content-Type": "application/json; charset=utf-8",
        "Date": "Tue, 14 Mar 2023 01:58:59 GMT",
        "Expires": "-1",
        "Pragma": "no-cache",
        "Server": "Kestrel",
        "Strict-Transport-Security": "max-age=31536000; includeSubDomains",
        "X-Content-Type-Options": "nosniff",
        "x-ms-account-status": "Succeeded",
        "x-ms-correlation-request-id": "0b99494c-560f-4449-8cb3-b158e9bca2d4",
        "x-ms-ratelimit-remaining-subscription-reads": "11988",
        "x-ms-request-id": "0b99494c-560f-4449-8cb3-b158e9bca2d4",
        "x-ms-routing-request-id": "JAPANEAST:20230314T015900Z:0b99494c-560f-4449-8cb3-b158e9bca2d4"
      },
      "ResponseBody": {
        "sku": {
          "name": "Standard",
          "capacity": 1
        },
        "properties": {
          "cloudConnectors": {
            "awsExternalId": "4df18ecc-02f8-45f5-b41a-8a7ba9dc5b88"
          },
          "friendlyName": "PurviewAccount22",
          "createdBy": "8e6d47e0-7969-4fde-a62c-4fea4f165e98",
          "createdByObjectId": "7bee3764-dbea-4729-9c33-446f321aa721",
          "createdAt": "2023-03-14T01:54:06.7001425Z",
          "endpoints": {
            "catalog": "https://PurviewAccount22.purview.azure.com/catalog",
            "scan": "https://PurviewAccount22.purview.azure.com/scan",
            "guardian": "https://PurviewAccount22.purview.azure.com/guardian"
          },
          "provisioningState": "Succeeded",
          "privateEndpointConnections": [],
          "managedResources": {
            "resourceGroup": "/subscriptions/db1ab6f0-4769-4b27-930e-01e2ef9c123c/resourceGroups/managed-rg-bsopqyn",
            "storageAccount": "/subscriptions/db1ab6f0-4769-4b27-930e-01e2ef9c123c/resourceGroups/managed-rg-bsopqyn/providers/Microsoft.Storage/storageAccounts/scaneastusxoukfrc",
            "eventHubNamespace": "/subscriptions/db1ab6f0-4769-4b27-930e-01e2ef9c123c/resourceGroups/managed-rg-bsopqyn/providers/Microsoft.EventHub/namespaces/Atlas-3e574843-d241-48f5-9ca1-23986ee5616e"
          },
          "publicNetworkAccess": "Enabled",
          "managedResourceGroupName": "managed-rg-bsopqyn"
        },
        "id": "/subscriptions/db1ab6f0-4769-4b27-930e-01e2ef9c123c/resourceGroups/PurviewRG7622/providers/Microsoft.Purview/accounts/PurviewAccount22",
        "name": "PurviewAccount22",
        "type": "Microsoft.Purview/accounts",
        "location": "eastus",
        "identity": {
          "type": "SystemAssigned",
          "principalId": "c7eda3ea-e594-4458-a508-6e9a1987b3e3",
          "tenantId": "72f988bf-86f1-41af-91ab-2d7cd011db47"
        },
        "tags": {
          "addtagkey": "addtagvalue"
        },
        "systemData": {
          "createdBy": "8e6d47e0-7969-4fde-a62c-4fea4f165e98",
          "createdByType": "Application",
          "createdAt": "2023-03-14T01:54:06.7001425Z",
          "lastModifiedBy": "8e6d47e0-7969-4fde-a62c-4fea4f165e98",
          "lastModifiedByType": "Application",
          "lastModifiedAt": "2023-03-14T01:54:06.7001425Z"
        }
      }
    },
    {
      "RequestUri": "https://management.azure.com/subscriptions/db1ab6f0-4769-4b27-930e-01e2ef9c123c/resourceGroups/PurviewRG7622/providers/Microsoft.Purview/accounts/PurviewAccount22?api-version=2021-07-01",
      "RequestMethod": "GET",
      "RequestHeaders": {
        "Accept": "application/json",
        "Authorization": "Sanitized",
        "traceparent": "00-bc023b0198b34d4f6d888794b9ec36d7-935c013751da5849-00",
        "User-Agent": "azsdk-net-ResourceManager.Purview/1.1.0-alpha.20230313.1 (.NET 6.0.14; Microsoft Windows 10.0.22621)",
        "x-ms-client-request-id": "b8ec74bc3c371e23d7efc3409addffe2",
        "x-ms-return-client-request-id": "true"
      },
      "RequestBody": null,
      "StatusCode": 200,
      "ResponseHeaders": {
        "api-supported-versions": "2020-12-01-preview, 2021-07-01, 2021-12-01",
        "Cache-Control": "no-cache",
        "Content-Length": "1820",
        "Content-Type": "application/json; charset=utf-8",
        "Date": "Tue, 14 Mar 2023 01:59:00 GMT",
        "Expires": "-1",
        "Pragma": "no-cache",
        "Server": "Kestrel",
        "Strict-Transport-Security": "max-age=31536000; includeSubDomains",
        "X-Content-Type-Options": "nosniff",
        "x-ms-account-status": "Succeeded",
        "x-ms-correlation-request-id": "05acfce1-7c45-48bc-bb27-f4c99ca00509",
        "x-ms-ratelimit-remaining-subscription-reads": "11987",
        "x-ms-request-id": "05acfce1-7c45-48bc-bb27-f4c99ca00509",
        "x-ms-routing-request-id": "JAPANEAST:20230314T015900Z:05acfce1-7c45-48bc-bb27-f4c99ca00509"
      },
      "ResponseBody": {
        "sku": {
          "name": "Standard",
          "capacity": 1
        },
        "properties": {
          "cloudConnectors": {
            "awsExternalId": "4df18ecc-02f8-45f5-b41a-8a7ba9dc5b88"
          },
          "friendlyName": "PurviewAccount22",
          "createdBy": "8e6d47e0-7969-4fde-a62c-4fea4f165e98",
          "createdByObjectId": "7bee3764-dbea-4729-9c33-446f321aa721",
          "createdAt": "2023-03-14T01:54:06.7001425Z",
          "endpoints": {
            "catalog": "https://PurviewAccount22.purview.azure.com/catalog",
            "scan": "https://PurviewAccount22.purview.azure.com/scan",
            "guardian": "https://PurviewAccount22.purview.azure.com/guardian"
          },
          "provisioningState": "Succeeded",
          "privateEndpointConnections": [],
          "managedResources": {
            "resourceGroup": "/subscriptions/db1ab6f0-4769-4b27-930e-01e2ef9c123c/resourceGroups/managed-rg-bsopqyn",
            "storageAccount": "/subscriptions/db1ab6f0-4769-4b27-930e-01e2ef9c123c/resourceGroups/managed-rg-bsopqyn/providers/Microsoft.Storage/storageAccounts/scaneastusxoukfrc",
            "eventHubNamespace": "/subscriptions/db1ab6f0-4769-4b27-930e-01e2ef9c123c/resourceGroups/managed-rg-bsopqyn/providers/Microsoft.EventHub/namespaces/Atlas-3e574843-d241-48f5-9ca1-23986ee5616e"
          },
          "publicNetworkAccess": "Enabled",
          "managedResourceGroupName": "managed-rg-bsopqyn"
        },
        "id": "/subscriptions/db1ab6f0-4769-4b27-930e-01e2ef9c123c/resourceGroups/PurviewRG7622/providers/Microsoft.Purview/accounts/PurviewAccount22",
        "name": "PurviewAccount22",
        "type": "Microsoft.Purview/accounts",
        "location": "eastus",
        "identity": {
          "type": "SystemAssigned",
          "principalId": "c7eda3ea-e594-4458-a508-6e9a1987b3e3",
          "tenantId": "72f988bf-86f1-41af-91ab-2d7cd011db47"
        },
        "tags": {
          "addtagkey": "addtagvalue"
        },
        "systemData": {
          "createdBy": "8e6d47e0-7969-4fde-a62c-4fea4f165e98",
          "createdByType": "Application",
          "createdAt": "2023-03-14T01:54:06.7001425Z",
          "lastModifiedBy": "8e6d47e0-7969-4fde-a62c-4fea4f165e98",
          "lastModifiedByType": "Application",
          "lastModifiedAt": "2023-03-14T01:54:06.7001425Z"
        }
      }
    },
    {
      "RequestUri": "https://management.azure.com/subscriptions/db1ab6f0-4769-4b27-930e-01e2ef9c123c/resourceGroups/PurviewRG7622/providers/Microsoft.Purview/accounts/PurviewAccount22?api-version=2021-07-01",
      "RequestMethod": "PATCH",
      "RequestHeaders": {
        "Accept": "application/json",
        "Authorization": "Sanitized",
        "Content-Length": "11",
        "Content-Type": "application/json",
        "traceparent": "00-bc023b0198b34d4f6d888794b9ec36d7-e8ad860f6cac2e3d-00",
        "User-Agent": "azsdk-net-ResourceManager.Purview/1.1.0-alpha.20230313.1 (.NET 6.0.14; Microsoft Windows 10.0.22621)",
        "x-ms-client-request-id": "e4f49eb08675679e9c72818de4bddc11",
        "x-ms-return-client-request-id": "true"
      },
      "RequestBody": {
        "tags": {}
      },
      "StatusCode": 202,
      "ResponseHeaders": {
        "api-supported-versions": "2020-12-01-preview, 2021-07-01, 2021-12-01",
        "Cache-Control": "no-cache",
        "Content-Length": "1794",
        "Content-Type": "application/json; charset=utf-8",
        "Date": "Tue, 14 Mar 2023 01:59:03 GMT",
        "Expires": "-1",
        "Location": "https://management.azure.com/subscriptions/db1ab6f0-4769-4b27-930e-01e2ef9c123c/resourceGroups/PurviewRG7622/providers/Microsoft.Purview/accounts/PurviewAccount22/operationResults/39d0c7dd-6df4-4a5a-a151-e6b852ddb665?api-version=2021-07-01",
        "Pragma": "no-cache",
        "Server": "Kestrel",
        "Strict-Transport-Security": "max-age=31536000; includeSubDomains",
        "X-Content-Type-Options": "nosniff",
        "x-ms-correlation-request-id": "784b9094-24fe-45b6-a03a-15628962d044",
        "x-ms-ratelimit-remaining-subscription-writes": "1198",
        "x-ms-request-id": "784b9094-24fe-45b6-a03a-15628962d044",
        "x-ms-routing-request-id": "JAPANEAST:20230314T015904Z:784b9094-24fe-45b6-a03a-15628962d044"
      },
      "ResponseBody": {
        "sku": {
          "name": "Standard",
          "capacity": 1
        },
        "properties": {
          "cloudConnectors": {
            "awsExternalId": "4df18ecc-02f8-45f5-b41a-8a7ba9dc5b88"
          },
          "friendlyName": "PurviewAccount22",
          "createdBy": "8e6d47e0-7969-4fde-a62c-4fea4f165e98",
          "createdByObjectId": "7bee3764-dbea-4729-9c33-446f321aa721",
          "createdAt": "2023-03-14T01:54:06.7001425Z",
          "endpoints": {
            "catalog": "https://PurviewAccount22.purview.azure.com/catalog",
            "scan": "https://PurviewAccount22.purview.azure.com/scan",
            "guardian": "https://PurviewAccount22.purview.azure.com/guardian"
          },
          "provisioningState": "Creating",
          "privateEndpointConnections": [],
          "managedResources": {
            "resourceGroup": "/subscriptions/db1ab6f0-4769-4b27-930e-01e2ef9c123c/resourceGroups/managed-rg-bsopqyn",
            "storageAccount": "/subscriptions/db1ab6f0-4769-4b27-930e-01e2ef9c123c/resourceGroups/managed-rg-bsopqyn/providers/Microsoft.Storage/storageAccounts/scaneastusxoukfrc",
            "eventHubNamespace": "/subscriptions/db1ab6f0-4769-4b27-930e-01e2ef9c123c/resourceGroups/managed-rg-bsopqyn/providers/Microsoft.EventHub/namespaces/Atlas-3e574843-d241-48f5-9ca1-23986ee5616e"
          },
          "publicNetworkAccess": "Enabled",
          "managedResourceGroupName": "managed-rg-bsopqyn"
        },
        "id": "/subscriptions/db1ab6f0-4769-4b27-930e-01e2ef9c123c/resourceGroups/PurviewRG7622/providers/Microsoft.Purview/accounts/PurviewAccount22",
        "name": "PurviewAccount22",
        "type": "Microsoft.Purview/accounts",
        "location": "eastus",
        "identity": {
          "type": "SystemAssigned",
          "principalId": "c7eda3ea-e594-4458-a508-6e9a1987b3e3",
          "tenantId": "72f988bf-86f1-41af-91ab-2d7cd011db47"
        },
        "tags": {},
        "systemData": {
          "createdBy": "8e6d47e0-7969-4fde-a62c-4fea4f165e98",
          "createdByType": "Application",
          "createdAt": "2023-03-14T01:54:06.7001425Z",
          "lastModifiedBy": "8e6d47e0-7969-4fde-a62c-4fea4f165e98",
          "lastModifiedByType": "Application",
          "lastModifiedAt": "2023-03-14T01:54:06.7001425Z"
        }
      }
    },
    {
      "RequestUri": "https://management.azure.com/subscriptions/db1ab6f0-4769-4b27-930e-01e2ef9c123c/resourceGroups/PurviewRG7622/providers/Microsoft.Purview/accounts/PurviewAccount22/operationResults/39d0c7dd-6df4-4a5a-a151-e6b852ddb665?api-version=2021-07-01",
      "RequestMethod": "GET",
      "RequestHeaders": {
        "Authorization": "Sanitized",
        "traceparent": "00-bc023b0198b34d4f6d888794b9ec36d7-0fe1b9e59d3cad7c-00",
        "User-Agent": "azsdk-net-ResourceManager/1.4.0 (.NET 6.0.14; Microsoft Windows 10.0.22621)",
        "x-ms-client-request-id": "7e6414c0933635aad6851bc5bb96391a",
        "x-ms-return-client-request-id": "true"
      },
      "RequestBody": null,
      "StatusCode": 202,
      "ResponseHeaders": {
        "api-supported-versions": "2020-12-01-preview, 2021-07-01, 2021-12-01",
        "Cache-Control": "no-cache",
        "Content-Length": "0",
        "Date": "Tue, 14 Mar 2023 01:59:05 GMT",
        "Expires": "-1",
        "Location": "https://management.azure.com/subscriptions/db1ab6f0-4769-4b27-930e-01e2ef9c123c/resourceGroups/PurviewRG7622/providers/Microsoft.Purview/accounts/PurviewAccount22/operationResults/39d0c7dd-6df4-4a5a-a151-e6b852ddb665?api-version=2021-07-01",
        "Pragma": "no-cache",
        "Server": "Kestrel",
        "Strict-Transport-Security": "max-age=31536000; includeSubDomains",
        "X-Content-Type-Options": "nosniff",
        "x-ms-correlation-request-id": "99ede628-20a5-47d8-9090-02ae9c4daa2b",
        "x-ms-ratelimit-remaining-subscription-reads": "11986",
        "x-ms-request-id": "99ede628-20a5-47d8-9090-02ae9c4daa2b",
        "x-ms-routing-request-id": "JAPANEAST:20230314T015905Z:99ede628-20a5-47d8-9090-02ae9c4daa2b"
      },
      "ResponseBody": null
    },
    {
      "RequestUri": "https://management.azure.com/subscriptions/db1ab6f0-4769-4b27-930e-01e2ef9c123c/resourceGroups/PurviewRG7622/providers/Microsoft.Purview/accounts/PurviewAccount22/operationResults/39d0c7dd-6df4-4a5a-a151-e6b852ddb665?api-version=2021-07-01",
      "RequestMethod": "GET",
      "RequestHeaders": {
        "Authorization": "Sanitized",
        "traceparent": "00-bc023b0198b34d4f6d888794b9ec36d7-8c382157f2999f5a-00",
        "User-Agent": "azsdk-net-ResourceManager/1.4.0 (.NET 6.0.14; Microsoft Windows 10.0.22621)",
        "x-ms-client-request-id": "b82f2a02e336e1a402fd1db2fadc0f9b",
        "x-ms-return-client-request-id": "true"
      },
      "RequestBody": null,
      "StatusCode": 200,
      "ResponseHeaders": {
        "api-supported-versions": "2020-12-01-preview, 2021-07-01, 2021-12-01",
        "Cache-Control": "no-cache",
        "Content-Length": "1795",
        "Content-Type": "application/json; charset=utf-8",
        "Date": "Tue, 14 Mar 2023 02:00:14 GMT",
        "Expires": "-1",
        "Pragma": "no-cache",
        "Server": "Kestrel",
        "Strict-Transport-Security": "max-age=31536000; includeSubDomains",
        "X-Content-Type-Options": "nosniff",
        "x-ms-correlation-request-id": "50a66dac-63b1-4820-a940-d0d084aba57c",
        "x-ms-ratelimit-remaining-subscription-reads": "11978",
        "x-ms-request-id": "50a66dac-63b1-4820-a940-d0d084aba57c",
        "x-ms-routing-request-id": "JAPANEAST:20230314T020014Z:50a66dac-63b1-4820-a940-d0d084aba57c"
      },
      "ResponseBody": {
        "sku": {
          "name": "Standard",
          "capacity": 1
        },
        "properties": {
          "cloudConnectors": {
            "awsExternalId": "4df18ecc-02f8-45f5-b41a-8a7ba9dc5b88"
          },
          "friendlyName": "PurviewAccount22",
          "createdBy": "8e6d47e0-7969-4fde-a62c-4fea4f165e98",
          "createdByObjectId": "7bee3764-dbea-4729-9c33-446f321aa721",
          "createdAt": "2023-03-14T01:54:06.7001425Z",
          "endpoints": {
            "catalog": "https://PurviewAccount22.purview.azure.com/catalog",
            "scan": "https://PurviewAccount22.purview.azure.com/scan",
            "guardian": "https://PurviewAccount22.purview.azure.com/guardian"
          },
          "provisioningState": "Succeeded",
          "privateEndpointConnections": [],
          "managedResources": {
            "resourceGroup": "/subscriptions/db1ab6f0-4769-4b27-930e-01e2ef9c123c/resourceGroups/managed-rg-bsopqyn",
            "storageAccount": "/subscriptions/db1ab6f0-4769-4b27-930e-01e2ef9c123c/resourceGroups/managed-rg-bsopqyn/providers/Microsoft.Storage/storageAccounts/scaneastusxoukfrc",
            "eventHubNamespace": "/subscriptions/db1ab6f0-4769-4b27-930e-01e2ef9c123c/resourceGroups/managed-rg-bsopqyn/providers/Microsoft.EventHub/namespaces/Atlas-3e574843-d241-48f5-9ca1-23986ee5616e"
          },
          "publicNetworkAccess": "Enabled",
          "managedResourceGroupName": "managed-rg-bsopqyn"
        },
        "id": "/subscriptions/db1ab6f0-4769-4b27-930e-01e2ef9c123c/resourceGroups/PurviewRG7622/providers/Microsoft.Purview/accounts/PurviewAccount22",
        "name": "PurviewAccount22",
        "type": "Microsoft.Purview/accounts",
        "location": "eastus",
        "identity": {
          "type": "SystemAssigned",
          "principalId": "c7eda3ea-e594-4458-a508-6e9a1987b3e3",
          "tenantId": "72f988bf-86f1-41af-91ab-2d7cd011db47"
        },
        "tags": {},
        "systemData": {
          "createdBy": "8e6d47e0-7969-4fde-a62c-4fea4f165e98",
          "createdByType": "Application",
          "createdAt": "2023-03-14T01:54:06.7001425Z",
          "lastModifiedBy": "8e6d47e0-7969-4fde-a62c-4fea4f165e98",
          "lastModifiedByType": "Application",
          "lastModifiedAt": "2023-03-14T01:54:06.7001425Z"
        }
      }
    },
    {
      "RequestUri": "https://management.azure.com/subscriptions/db1ab6f0-4769-4b27-930e-01e2ef9c123c/resourceGroups/PurviewRG7622/providers/Microsoft.Purview/accounts/PurviewAccount22?api-version=2021-07-01",
      "RequestMethod": "GET",
      "RequestHeaders": {
        "Accept": "application/json",
        "Authorization": "Sanitized",
        "traceparent": "00-02c8c220297bcd7ec22b016d0f0ad865-2bdd142d6ee49f37-00",
        "User-Agent": "azsdk-net-ResourceManager.Purview/1.1.0-alpha.20230313.1 (.NET 6.0.14; Microsoft Windows 10.0.22621)",
        "x-ms-client-request-id": "4b2d8a571554bff76a60f12e78236fad",
        "x-ms-return-client-request-id": "true"
      },
      "RequestBody": null,
      "StatusCode": 200,
      "ResponseHeaders": {
        "api-supported-versions": "2020-12-01-preview, 2021-07-01, 2021-12-01",
        "Cache-Control": "no-cache",
        "Content-Length": "1795",
        "Content-Type": "application/json; charset=utf-8",
        "Date": "Tue, 14 Mar 2023 02:00:14 GMT",
        "Expires": "-1",
        "Pragma": "no-cache",
        "Server": "Kestrel",
        "Strict-Transport-Security": "max-age=31536000; includeSubDomains",
        "X-Content-Type-Options": "nosniff",
        "x-ms-account-status": "Succeeded",
        "x-ms-correlation-request-id": "0e6f409a-ec1c-4939-8bf2-0ae00e219b07",
        "x-ms-ratelimit-remaining-subscription-reads": "11977",
        "x-ms-request-id": "0e6f409a-ec1c-4939-8bf2-0ae00e219b07",
        "x-ms-routing-request-id": "JAPANEAST:20230314T020015Z:0e6f409a-ec1c-4939-8bf2-0ae00e219b07"
      },
      "ResponseBody": {
        "sku": {
          "name": "Standard",
          "capacity": 1
        },
        "properties": {
          "cloudConnectors": {
            "awsExternalId": "4df18ecc-02f8-45f5-b41a-8a7ba9dc5b88"
          },
          "friendlyName": "PurviewAccount22",
          "createdBy": "8e6d47e0-7969-4fde-a62c-4fea4f165e98",
          "createdByObjectId": "7bee3764-dbea-4729-9c33-446f321aa721",
          "createdAt": "2023-03-14T01:54:06.7001425Z",
          "endpoints": {
            "catalog": "https://PurviewAccount22.purview.azure.com/catalog",
            "scan": "https://PurviewAccount22.purview.azure.com/scan",
            "guardian": "https://PurviewAccount22.purview.azure.com/guardian"
          },
          "provisioningState": "Succeeded",
          "privateEndpointConnections": [],
          "managedResources": {
            "resourceGroup": "/subscriptions/db1ab6f0-4769-4b27-930e-01e2ef9c123c/resourceGroups/managed-rg-bsopqyn",
            "storageAccount": "/subscriptions/db1ab6f0-4769-4b27-930e-01e2ef9c123c/resourceGroups/managed-rg-bsopqyn/providers/Microsoft.Storage/storageAccounts/scaneastusxoukfrc",
            "eventHubNamespace": "/subscriptions/db1ab6f0-4769-4b27-930e-01e2ef9c123c/resourceGroups/managed-rg-bsopqyn/providers/Microsoft.EventHub/namespaces/Atlas-3e574843-d241-48f5-9ca1-23986ee5616e"
          },
          "publicNetworkAccess": "Enabled",
          "managedResourceGroupName": "managed-rg-bsopqyn"
        },
        "id": "/subscriptions/db1ab6f0-4769-4b27-930e-01e2ef9c123c/resourceGroups/PurviewRG7622/providers/Microsoft.Purview/accounts/PurviewAccount22",
        "name": "PurviewAccount22",
        "type": "Microsoft.Purview/accounts",
        "location": "eastus",
        "identity": {
          "type": "SystemAssigned",
          "principalId": "c7eda3ea-e594-4458-a508-6e9a1987b3e3",
          "tenantId": "72f988bf-86f1-41af-91ab-2d7cd011db47"
        },
        "tags": {},
        "systemData": {
          "createdBy": "8e6d47e0-7969-4fde-a62c-4fea4f165e98",
          "createdByType": "Application",
          "createdAt": "2023-03-14T01:54:06.7001425Z",
          "lastModifiedBy": "8e6d47e0-7969-4fde-a62c-4fea4f165e98",
          "lastModifiedByType": "Application",
          "lastModifiedAt": "2023-03-14T01:54:06.7001425Z"
        }
      }
    }
  ],
  "Variables": {
    "AZURE_AUTHORITY_HOST": "https://login.microsoftonline.com",
    "RandomSeed": "338453370",
    "RESOURCE_MANAGER_URL": null,
    "SUBSCRIPTION_ID": "db1ab6f0-4769-4b27-930e-01e2ef9c123c"
  }
}
