{
  "Entries": [
    {
      "RequestUri": "https://seandevtest.queue.core.windows.net/test-queue-e8cc7d58-5f62-0d40-d1e0-f5bf18c52066",
      "RequestMethod": "PUT",
      "RequestHeaders": {
        "Accept": "application/xml",
        "Authorization": "Sanitized",
        "traceparent": "00-a23ff3ecdcecf449a351d79b77cd9719-d3770e903b2b254a-00",
        "User-Agent": [
          "azsdk-net-Storage.Queues/12.6.0-alpha.20210105.1",
          "(.NET 5.0.1-servicing.20575.16; Microsoft Windows 10.0.19042)"
        ],
        "x-ms-client-request-id": "b9be8731-606a-c752-8967-817e0b7de4d3",
        "x-ms-date": "Wed, 06 Jan 2021 02:03:53 GMT",
        "x-ms-return-client-request-id": "true",
        "x-ms-version": "2018-11-09"
      },
      "RequestBody": null,
      "StatusCode": 201,
      "ResponseHeaders": {
        "Content-Length": "0",
        "Date": "Wed, 06 Jan 2021 02:03:54 GMT",
        "Server": [
          "Windows-Azure-Queue/1.0",
          "Microsoft-HTTPAPI/2.0"
        ],
        "x-ms-request-id": "6cc07311-1003-003d-25d0-e3bf2c000000",
        "x-ms-version": "2018-11-09"
      },
      "ResponseBody": []
    },
    {
      "RequestUri": "https://seandevtest.queue.core.windows.net/test-queue-e8cc7d58-5f62-0d40-d1e0-f5bf18c52066/messages",
      "RequestMethod": "POST",
      "RequestHeaders": {
        "Accept": "application/xml",
        "Authorization": "Sanitized",
        "Content-Length": "63",
        "Content-Type": "application/xml",
        "traceparent": "00-1b4e4f3ac72b4f47a817a1589d21664d-f9c0ce59a939f248-00",
        "User-Agent": [
          "azsdk-net-Storage.Queues/12.6.0-alpha.20210105.1",
          "(.NET 5.0.1-servicing.20575.16; Microsoft Windows 10.0.19042)"
        ],
        "x-ms-client-request-id": "918d8673-6606-96fc-fcc5-418f69b9d59f",
        "x-ms-date": "Wed, 06 Jan 2021 02:03:54 GMT",
        "x-ms-return-client-request-id": "true",
        "x-ms-version": "2018-11-09"
      },
      "RequestBody": "\uFEFF\u003CQueueMessage\u003E\u003CMessageText\u003E/wA=\u003C/MessageText\u003E\u003C/QueueMessage\u003E",
      "StatusCode": 201,
      "ResponseHeaders": {
        "Content-Type": "application/xml",
        "Date": "Wed, 06 Jan 2021 02:03:54 GMT",
        "Server": [
          "Windows-Azure-Queue/1.0",
          "Microsoft-HTTPAPI/2.0"
        ],
        "Transfer-Encoding": "chunked",
        "x-ms-request-id": "3a3d1c16-7003-0040-6ed0-e323e4000000",
        "x-ms-version": "2018-11-09"
      },
      "ResponseBody": "\uFEFF\u003C?xml version=\u00221.0\u0022 encoding=\u0022utf-8\u0022?\u003E\u003CQueueMessagesList\u003E\u003CQueueMessage\u003E\u003CMessageId\u003Ef66de1dd-0eb0-4247-9911-64bd7c1027c2\u003C/MessageId\u003E\u003CInsertionTime\u003EWed, 06 Jan 2021 02:03:55 GMT\u003C/InsertionTime\u003E\u003CExpirationTime\u003EWed, 13 Jan 2021 02:03:55 GMT\u003C/ExpirationTime\u003E\u003CPopReceipt\u003EAgAAAAMAAAAAAAAA4NL9L9Dj1gE=\u003C/PopReceipt\u003E\u003CTimeNextVisible\u003EWed, 06 Jan 2021 02:03:55 GMT\u003C/TimeNextVisible\u003E\u003C/QueueMessage\u003E\u003C/QueueMessagesList\u003E"
    },
    {
      "RequestUri": "https://seandevtest.queue.core.windows.net/test-queue-e8cc7d58-5f62-0d40-d1e0-f5bf18c52066/messages",
      "RequestMethod": "GET",
      "RequestHeaders": {
        "Accept": "application/xml",
        "Authorization": "Sanitized",
        "traceparent": "00-d29a6c867461d342a6d895e884d577c3-790a0143d88a1840-00",
        "User-Agent": [
          "azsdk-net-Storage.Queues/12.6.0-alpha.20210105.1",
          "(.NET 5.0.1-servicing.20575.16; Microsoft Windows 10.0.19042)"
        ],
        "x-ms-client-request-id": "840aded4-53ef-4acc-0642-63f4605c038b",
        "x-ms-date": "Wed, 06 Jan 2021 02:03:54 GMT",
        "x-ms-return-client-request-id": "true",
        "x-ms-version": "2018-11-09"
      },
      "RequestBody": null,
      "StatusCode": 200,
      "ResponseHeaders": {
        "Cache-Control": "no-cache",
        "Content-Type": "application/xml",
        "Date": "Wed, 06 Jan 2021 02:03:54 GMT",
        "Server": [
          "Windows-Azure-Queue/1.0",
          "Microsoft-HTTPAPI/2.0"
        ],
        "Transfer-Encoding": "chunked",
        "Vary": "Origin",
        "x-ms-request-id": "3a3d1c29-7003-0040-7dd0-e323e4000000",
        "x-ms-version": "2018-11-09"
      },
      "ResponseBody": "\uFEFF\u003C?xml version=\u00221.0\u0022 encoding=\u0022utf-8\u0022?\u003E\u003CQueueMessagesList\u003E\u003CQueueMessage\u003E\u003CMessageId\u003Ef66de1dd-0eb0-4247-9911-64bd7c1027c2\u003C/MessageId\u003E\u003CInsertionTime\u003EWed, 06 Jan 2021 02:03:55 GMT\u003C/InsertionTime\u003E\u003CExpirationTime\u003EWed, 13 Jan 2021 02:03:55 GMT\u003C/ExpirationTime\u003E\u003CPopReceipt\u003EAgAAAAMAAAAAAAAAob7sQdDj1gE=\u003C/PopReceipt\u003E\u003CTimeNextVisible\u003EWed, 06 Jan 2021 02:04:25 GMT\u003C/TimeNextVisible\u003E\u003CDequeueCount\u003E1\u003C/DequeueCount\u003E\u003CMessageText\u003E/wA=\u003C/MessageText\u003E\u003C/QueueMessage\u003E\u003C/QueueMessagesList\u003E"
    },
    {
      "RequestUri": "https://seandevtest.queue.core.windows.net/test-queue-e8cc7d58-5f62-0d40-d1e0-f5bf18c52066",
      "RequestMethod": "DELETE",
      "RequestHeaders": {
        "Accept": "application/xml",
        "Authorization": "Sanitized",
        "traceparent": "00-48e429ba13513d4f8b0cb88d1224d462-16b4afd81569fd47-00",
        "User-Agent": [
          "azsdk-net-Storage.Queues/12.6.0-alpha.20210105.1",
          "(.NET 5.0.1-servicing.20575.16; Microsoft Windows 10.0.19042)"
        ],
        "x-ms-client-request-id": "8bbb2823-50af-deaf-9bd6-7114a9c02e3d",
        "x-ms-date": "Wed, 06 Jan 2021 02:03:54 GMT",
        "x-ms-return-client-request-id": "true",
        "x-ms-version": "2018-11-09"
      },
      "RequestBody": null,
      "StatusCode": 204,
      "ResponseHeaders": {
        "Content-Length": "0",
        "Date": "Wed, 06 Jan 2021 02:03:54 GMT",
        "Server": [
          "Windows-Azure-Queue/1.0",
          "Microsoft-HTTPAPI/2.0"
        ],
        "x-ms-request-id": "3a3d1c33-7003-0040-06d0-e323e4000000",
        "x-ms-version": "2018-11-09"
      },
      "ResponseBody": []
    }
  ],
  "Variables": {
    "RandomSeed": "511470339",
    "Storage_TestConfigDefault": "ProductionTenant\nseandevtest\nU2FuaXRpemVk\nhttps://seandevtest.blob.core.windows.net\nhttps://seandevtest.file.core.windows.net\nhttps://seandevtest.queue.core.windows.net\nhttps://seandevtest.table.core.windows.net\n\n\n\n\nhttps://seandevtest-secondary.blob.core.windows.net\nhttps://seandevtest-secondary.file.core.windows.net\nhttps://seandevtest-secondary.queue.core.windows.net\nhttps://seandevtest-secondary.table.core.windows.net\n\nSanitized\n\n\nCloud\nBlobEndpoint=https://seandevtest.blob.core.windows.net/;QueueEndpoint=https://seandevtest.queue.core.windows.net/;FileEndpoint=https://seandevtest.file.core.windows.net/;BlobSecondaryEndpoint=https://seandevtest-secondary.blob.core.windows.net/;QueueSecondaryEndpoint=https://seandevtest-secondary.queue.core.windows.net/;FileSecondaryEndpoint=https://seandevtest-secondary.file.core.windows.net/;AccountName=seandevtest;AccountKey=Kg==;\nseanscope1"
  }
}