{
  "Entries": [
    {
      "RequestUri": "https://seandevtest.queue.core.windows.net/test-queue-1645a443-ccae-9dea-1faf-1b2f37b934e3",
      "RequestMethod": "PUT",
      "RequestHeaders": {
        "Accept": "application/xml",
        "Authorization": "Sanitized",
        "traceparent": "00-3897cd453c57f64a9529eb1ae4d6afb6-d53076943112904e-00",
        "User-Agent": [
          "azsdk-net-Storage.Queues/12.6.0-alpha.20210105.1",
          "(.NET 5.0.1-servicing.20575.16; Microsoft Windows 10.0.19042)"
        ],
        "x-ms-client-request-id": "3287851e-9c80-8ceb-b4a2-528fdb1ff65f",
        "x-ms-date": "Wed, 06 Jan 2021 02:03:07 GMT",
        "x-ms-return-client-request-id": "true",
        "x-ms-version": "2018-11-09"
      },
      "RequestBody": null,
      "StatusCode": 201,
      "ResponseHeaders": {
        "Content-Length": "0",
        "Date": "Wed, 06 Jan 2021 02:03:07 GMT",
        "Server": [
          "Windows-Azure-Queue/1.0",
          "Microsoft-HTTPAPI/2.0"
        ],
        "x-ms-request-id": "b255a9a3-e003-0045-07d0-e3d79b000000",
        "x-ms-version": "2018-11-09"
      },
      "ResponseBody": []
    },
    {
      "RequestUri": "https://seandevtest.queue.core.windows.net/test-queue-1645a443-ccae-9dea-1faf-1b2f37b934e3",
      "RequestMethod": "PUT",
      "RequestHeaders": {
        "Accept": "application/xml",
        "Authorization": "Sanitized",
        "traceparent": "00-ac3a204cdb8e354b996ef448376c8c45-20a34c7a79f82c46-00",
        "User-Agent": [
          "azsdk-net-Storage.Queues/12.6.0-alpha.20210105.1",
          "(.NET 5.0.1-servicing.20575.16; Microsoft Windows 10.0.19042)"
        ],
        "x-ms-client-request-id": "b11175d4-0131-bd63-c0e3-424cb48e46e6",
        "x-ms-date": "Wed, 06 Jan 2021 02:03:07 GMT",
        "x-ms-return-client-request-id": "true",
        "x-ms-version": "2018-11-09"
      },
      "RequestBody": null,
      "StatusCode": 204,
      "ResponseHeaders": {
        "Content-Length": "0",
        "Date": "Wed, 06 Jan 2021 02:03:07 GMT",
        "Server": [
          "Windows-Azure-Queue/1.0",
          "Microsoft-HTTPAPI/2.0"
        ],
        "x-ms-request-id": "b255a9ac-e003-0045-0ed0-e3d79b000000",
        "x-ms-version": "2018-11-09"
      },
      "ResponseBody": []
    },
    {
      "RequestUri": "https://seandevtest.queue.core.windows.net/test-queue-1645a443-ccae-9dea-1faf-1b2f37b934e3",
      "RequestMethod": "DELETE",
      "RequestHeaders": {
        "Accept": "application/xml",
        "Authorization": "Sanitized",
        "traceparent": "00-1c60fc99944af64d9cabe57f32154247-731955f9a4e6f74f-00",
        "User-Agent": [
          "azsdk-net-Storage.Queues/12.6.0-alpha.20210105.1",
          "(.NET 5.0.1-servicing.20575.16; Microsoft Windows 10.0.19042)"
        ],
        "x-ms-client-request-id": "66badddf-440e-d12d-73ae-efe6d75187f7",
        "x-ms-date": "Wed, 06 Jan 2021 02:03:07 GMT",
        "x-ms-return-client-request-id": "true",
        "x-ms-version": "2018-11-09"
      },
      "RequestBody": null,
      "StatusCode": 204,
      "ResponseHeaders": {
        "Content-Length": "0",
        "Date": "Wed, 06 Jan 2021 02:03:07 GMT",
        "Server": [
          "Windows-Azure-Queue/1.0",
          "Microsoft-HTTPAPI/2.0"
        ],
        "x-ms-request-id": "b255a9b1-e003-0045-12d0-e3d79b000000",
        "x-ms-version": "2018-11-09"
      },
      "ResponseBody": []
    }
  ],
  "Variables": {
    "RandomSeed": "1981242330",
    "Storage_TestConfigDefault": "ProductionTenant\nseandevtest\nU2FuaXRpemVk\nhttps://seandevtest.blob.core.windows.net\nhttps://seandevtest.file.core.windows.net\nhttps://seandevtest.queue.core.windows.net\nhttps://seandevtest.table.core.windows.net\n\n\n\n\nhttps://seandevtest-secondary.blob.core.windows.net\nhttps://seandevtest-secondary.file.core.windows.net\nhttps://seandevtest-secondary.queue.core.windows.net\nhttps://seandevtest-secondary.table.core.windows.net\n\nSanitized\n\n\nCloud\nBlobEndpoint=https://seandevtest.blob.core.windows.net/;QueueEndpoint=https://seandevtest.queue.core.windows.net/;FileEndpoint=https://seandevtest.file.core.windows.net/;BlobSecondaryEndpoint=https://seandevtest-secondary.blob.core.windows.net/;QueueSecondaryEndpoint=https://seandevtest-secondary.queue.core.windows.net/;FileSecondaryEndpoint=https://seandevtest-secondary.file.core.windows.net/;AccountName=seandevtest;AccountKey=Kg==;\nseanscope1"
  }
}