{
  "Entries": [
    {
      "RequestUri": "https://seanmcccanary3.queue.core.windows.net/test-queue-af469c94-3d22-f597-990f-225e30cb6fda?sv=2020-10-02&ss=bfqt&srt=sco&spr=https&se=2021-05-14T17%3A50%3A20Z&sp=rwdxlacuptfi&sig=Sanitized",
      "RequestMethod": "PUT",
      "RequestHeaders": {
        "Accept": "application/xml",
        "traceparent": "00-4221409cc2d4fb4599d881b1eb034fd7-d17529b12540f442-00",
        "User-Agent": [
          "azsdk-net-Storage.Queues/12.7.0-alpha.20210514.1",
          "(.NET 5.0.6; Microsoft Windows 10.0.19043)"
        ],
        "x-ms-client-request-id": "b6bf66c8-c8b1-5024-15f9-2c0f16b97803",
        "x-ms-return-client-request-id": "true",
        "x-ms-version": "2018-11-09"
      },
      "RequestBody": null,
      "StatusCode": 201,
      "ResponseHeaders": {
        "Content-Length": "0",
        "Date": "Fri, 14 May 2021 16:50:19 GMT",
        "Server": [
          "Windows-Azure-Queue/1.0",
          "Microsoft-HTTPAPI/2.0"
        ],
        "x-ms-request-id": "d7503dc3-4003-0078-52e1-48793a000000",
        "x-ms-version": "2018-11-09"
      },
      "ResponseBody": []
    },
    {
      "RequestUri": "https://seanmcccanary3.queue.core.windows.net/test-queue-416f4d1a-4342-4c86-8313-27dd7c962a2c?sv=2020-10-02&ss=bfqt&srt=sco&spr=https&se=2021-05-14T17%3A50%3A20Z&sp=rwdxlacuptfi&sig=Sanitized",
      "RequestMethod": "PUT",
      "RequestHeaders": {
        "Accept": "application/xml",
        "traceparent": "00-9bb2b070e2d30e448e6da848b9237b5f-571d2f4f2f77e547-00",
        "User-Agent": [
          "azsdk-net-Storage.Queues/12.7.0-alpha.20210514.1",
          "(.NET 5.0.6; Microsoft Windows 10.0.19043)"
        ],
        "x-ms-client-request-id": "1614de1f-74d6-487b-9582-3d12ee76083e",
        "x-ms-return-client-request-id": "true",
        "x-ms-version": "2018-11-09"
      },
      "RequestBody": null,
      "StatusCode": 201,
      "ResponseHeaders": {
        "Content-Length": "0",
        "Date": "Fri, 14 May 2021 16:50:19 GMT",
        "Server": [
          "Windows-Azure-Queue/1.0",
          "Microsoft-HTTPAPI/2.0"
        ],
        "x-ms-request-id": "d7503dd8-4003-0078-65e1-48793a000000",
        "x-ms-version": "2018-11-09"
      },
      "ResponseBody": []
    },
    {
      "RequestUri": "https://seanmcccanary3.queue.core.windows.net/test-queue-af469c94-3d22-f597-990f-225e30cb6fda?sv=2020-10-02&ss=bfqt&srt=sco&spr=https&se=2021-05-14T17%3A50%3A20Z&sp=rwdxlacuptfi&sig=Sanitized&comp=metadata",
      "RequestMethod": "GET",
      "RequestHeaders": {
        "Accept": "application/xml",
        "traceparent": "00-2fe625615d85af4e9577df4d68c04616-08e3f4c665460e4b-00",
        "User-Agent": [
          "azsdk-net-Storage.Queues/12.7.0-alpha.20210514.1",
          "(.NET 5.0.6; Microsoft Windows 10.0.19043)"
        ],
        "x-ms-client-request-id": "ff728436-a227-4a49-d443-381aad45922a",
        "x-ms-return-client-request-id": "true",
        "x-ms-version": "2018-11-09"
      },
      "RequestBody": null,
      "StatusCode": 200,
      "ResponseHeaders": {
        "Cache-Control": "no-cache",
        "Content-Length": "0",
        "Date": "Fri, 14 May 2021 16:50:19 GMT",
        "Server": [
          "Windows-Azure-Queue/1.0",
          "Microsoft-HTTPAPI/2.0"
        ],
        "x-ms-approximate-messages-count": "0",
        "x-ms-request-id": "d7503de3-4003-0078-6fe1-48793a000000",
        "x-ms-version": "2018-11-09"
      },
      "ResponseBody": []
    },
    {
      "RequestUri": "https://seanmcccanary3.queue.core.windows.net/test-queue-416f4d1a-4342-4c86-8313-27dd7c962a2c?sv=2020-10-02&ss=bfqt&srt=sco&spr=https&se=2021-05-14T17%3A50%3A20Z&sp=rwdxlacuptfi&sig=Sanitized&comp=metadata",
      "RequestMethod": "GET",
      "RequestHeaders": {
        "Accept": "application/xml",
        "traceparent": "00-09db9ffea35f1b418b259454f7146083-d4e00e8b2496064d-00",
        "User-Agent": [
          "azsdk-net-Storage.Queues/12.7.0-alpha.20210514.1",
          "(.NET 5.0.6; Microsoft Windows 10.0.19043)"
        ],
        "x-ms-client-request-id": "025a141f-c0e5-536c-07cc-93e0cd8edbf1",
        "x-ms-return-client-request-id": "true",
        "x-ms-version": "2018-11-09"
      },
      "RequestBody": null,
      "StatusCode": 200,
      "ResponseHeaders": {
        "Cache-Control": "no-cache",
        "Content-Length": "0",
        "Date": "Fri, 14 May 2021 16:50:19 GMT",
        "Server": [
          "Windows-Azure-Queue/1.0",
          "Microsoft-HTTPAPI/2.0"
        ],
        "x-ms-approximate-messages-count": "0",
        "x-ms-request-id": "d7503df1-4003-0078-7be1-48793a000000",
        "x-ms-version": "2018-11-09"
      },
      "ResponseBody": []
    },
    {
      "RequestUri": "https://seanmcccanary3.queue.core.windows.net/test-queue-af469c94-3d22-f597-990f-225e30cb6fda?sv=2020-10-02&ss=bfqt&srt=sco&spr=https&se=2021-05-14T17%3A50%3A20Z&sp=rwdxlacuptfi&sig=Sanitized",
      "RequestMethod": "DELETE",
      "RequestHeaders": {
        "Accept": "application/xml",
        "traceparent": "00-2307f7c35c6c3f4c925c62f8d2d3167c-b2b6dd5116655446-00",
        "User-Agent": [
          "azsdk-net-Storage.Queues/12.7.0-alpha.20210514.1",
          "(.NET 5.0.6; Microsoft Windows 10.0.19043)"
        ],
        "x-ms-client-request-id": "99fad183-8fea-3e44-e4f1-c74c438f6765",
        "x-ms-return-client-request-id": "true",
        "x-ms-version": "2018-11-09"
      },
      "RequestBody": null,
      "StatusCode": 204,
      "ResponseHeaders": {
        "Content-Length": "0",
        "Date": "Fri, 14 May 2021 16:50:19 GMT",
        "Server": [
          "Windows-Azure-Queue/1.0",
          "Microsoft-HTTPAPI/2.0"
        ],
        "x-ms-request-id": "d7503e00-4003-0078-08e1-48793a000000",
        "x-ms-version": "2018-11-09"
      },
      "ResponseBody": []
    },
    {
      "RequestUri": "https://seanmcccanary3.queue.core.windows.net/test-queue-416f4d1a-4342-4c86-8313-27dd7c962a2c?sv=2020-10-02&ss=bfqt&srt=sco&spr=https&se=2021-05-14T17%3A50%3A20Z&sp=rwdxlacuptfi&sig=Sanitized",
      "RequestMethod": "DELETE",
      "RequestHeaders": {
        "Accept": "application/xml",
        "traceparent": "00-acb899a5a6ec42418477ccf329ed4dfa-877d98107eb3064d-00",
        "User-Agent": [
          "azsdk-net-Storage.Queues/12.7.0-alpha.20210514.1",
          "(.NET 5.0.6; Microsoft Windows 10.0.19043)"
        ],
        "x-ms-client-request-id": "fc5d5aa3-4294-fa07-ac17-8276c60f1b84",
        "x-ms-return-client-request-id": "true",
        "x-ms-version": "2018-11-09"
      },
      "RequestBody": null,
      "StatusCode": 204,
      "ResponseHeaders": {
        "Content-Length": "0",
        "Date": "Fri, 14 May 2021 16:50:19 GMT",
        "Server": [
          "Windows-Azure-Queue/1.0",
          "Microsoft-HTTPAPI/2.0"
        ],
        "x-ms-request-id": "d7503e11-4003-0078-18e1-48793a000000",
        "x-ms-version": "2018-11-09"
      },
      "ResponseBody": []
    }
  ],
  "Variables": {
    "DateTimeOffsetNow": "2021-05-14T11:50:20.848687-05:00",
    "RandomSeed": "69753392",
    "Storage_TestConfigDefault": "ProductionTenant\nseanmcccanary3\nU2FuaXRpemVk\nhttps://seanmcccanary3.blob.core.windows.net\nhttps://seanmcccanary3.file.core.windows.net\nhttps://seanmcccanary3.queue.core.windows.net\nhttps://seanmcccanary3.table.core.windows.net\n\n\n\n\nhttps://seanmcccanary3-secondary.blob.core.windows.net\nhttps://seanmcccanary3-secondary.file.core.windows.net\nhttps://seanmcccanary3-secondary.queue.core.windows.net\nhttps://seanmcccanary3-secondary.table.core.windows.net\n\nSanitized\n\n\nCloud\nBlobEndpoint=https://seanmcccanary3.blob.core.windows.net/;QueueEndpoint=https://seanmcccanary3.queue.core.windows.net/;FileEndpoint=https://seanmcccanary3.file.core.windows.net/;BlobSecondaryEndpoint=https://seanmcccanary3-secondary.blob.core.windows.net/;QueueSecondaryEndpoint=https://seanmcccanary3-secondary.queue.core.windows.net/;FileSecondaryEndpoint=https://seanmcccanary3-secondary.file.core.windows.net/;AccountName=seanmcccanary3;AccountKey=Kg==;\nseanscope1\n\n"
  }
}