{
  "Entries": [
    {
      "RequestUri": "https://seandevtest.queue.core.windows.net/test-queue-ec15c778-146d-18d0-f5f7-3289596d7e38",
      "RequestMethod": "PUT",
      "RequestHeaders": {
        "Accept": "application/xml",
        "Authorization": "Sanitized",
        "traceparent": "00-47ff7d8cda633d41a9a6bb352a1aede3-ce74046cd8181945-00",
        "User-Agent": [
          "azsdk-net-Storage.Queues/12.6.0-alpha.20210105.1",
          "(.NET 5.0.1-servicing.20575.16; Microsoft Windows 10.0.19042)"
        ],
        "x-ms-client-request-id": "4f830868-fabc-63f8-225f-1a13c5cfb336",
        "x-ms-date": "Wed, 06 Jan 2021 02:03:14 GMT",
        "x-ms-return-client-request-id": "true",
        "x-ms-version": "2018-11-09"
      },
      "RequestBody": null,
      "StatusCode": 201,
      "ResponseHeaders": {
        "Content-Length": "0",
        "Date": "Wed, 06 Jan 2021 02:03:14 GMT",
        "Server": [
          "Windows-Azure-Queue/1.0",
          "Microsoft-HTTPAPI/2.0"
        ],
        "x-ms-request-id": "34ff47db-a003-0024-27d0-e39344000000",
        "x-ms-version": "2018-11-09"
      },
      "ResponseBody": []
    },
    {
      "RequestUri": "https://seandevtest.queue.core.windows.net/test-queue-ec15c778-146d-18d0-f5f7-3289596d7e38/messages",
      "RequestMethod": "POST",
      "RequestHeaders": {
        "Accept": "application/xml",
        "Authorization": "Sanitized",
        "Content-Length": "87",
        "Content-Type": "application/xml",
        "traceparent": "00-cceea18752335648a223b8f9eeb6a04a-207f55d78dfbb948-00",
        "User-Agent": [
          "azsdk-net-Storage.Queues/12.6.0-alpha.20210105.1",
          "(.NET 5.0.1-servicing.20575.16; Microsoft Windows 10.0.19042)"
        ],
        "x-ms-client-request-id": "3c3e01d4-e240-f900-7399-f49f16ce212d",
        "x-ms-date": "Wed, 06 Jan 2021 02:03:15 GMT",
        "x-ms-return-client-request-id": "true",
        "x-ms-version": "2018-11-09"
      },
      "RequestBody": "\uFEFF\u003CQueueMessage\u003E\u003CMessageText\u003EaXNlcmRseWtpam5vZHlkamxoc2o=\u003C/MessageText\u003E\u003C/QueueMessage\u003E",
      "StatusCode": 201,
      "ResponseHeaders": {
        "Content-Type": "application/xml",
        "Date": "Wed, 06 Jan 2021 02:03:15 GMT",
        "Server": [
          "Windows-Azure-Queue/1.0",
          "Microsoft-HTTPAPI/2.0"
        ],
        "Transfer-Encoding": "chunked",
        "x-ms-request-id": "ff109a77-a003-002f-07d0-e38b30000000",
        "x-ms-version": "2018-11-09"
      },
      "ResponseBody": "\uFEFF\u003C?xml version=\u00221.0\u0022 encoding=\u0022utf-8\u0022?\u003E\u003CQueueMessagesList\u003E\u003CQueueMessage\u003E\u003CMessageId\u003E1af19513-9de9-4dec-a5ce-40d306dbf2a8\u003C/MessageId\u003E\u003CInsertionTime\u003EWed, 06 Jan 2021 02:03:16 GMT\u003C/InsertionTime\u003E\u003CExpirationTime\u003EWed, 13 Jan 2021 02:03:16 GMT\u003C/ExpirationTime\u003E\u003CPopReceipt\u003EAgAAAAMAAAAAAAAA0fCjGNDj1gE=\u003C/PopReceipt\u003E\u003CTimeNextVisible\u003EWed, 06 Jan 2021 02:03:16 GMT\u003C/TimeNextVisible\u003E\u003C/QueueMessage\u003E\u003C/QueueMessagesList\u003E"
    },
    {
      "RequestUri": "https://seandevtest.queue.core.windows.net/test-queue-ec15c778-146d-18d0-f5f7-3289596d7e38/messages",
      "RequestMethod": "GET",
      "RequestHeaders": {
        "Accept": "application/xml",
        "Authorization": "Sanitized",
        "traceparent": "00-78ad44d0e4e2f1408a83a6f33afbc1ce-1dc899f55403c742-00",
        "User-Agent": [
          "azsdk-net-Storage.Queues/12.6.0-alpha.20210105.1",
          "(.NET 5.0.1-servicing.20575.16; Microsoft Windows 10.0.19042)"
        ],
        "x-ms-client-request-id": "f0765e3f-e559-0711-2e83-ca615b892fef",
        "x-ms-date": "Wed, 06 Jan 2021 02:03:15 GMT",
        "x-ms-return-client-request-id": "true",
        "x-ms-version": "2018-11-09"
      },
      "RequestBody": null,
      "StatusCode": 200,
      "ResponseHeaders": {
        "Cache-Control": "no-cache",
        "Content-Type": "application/xml",
        "Date": "Wed, 06 Jan 2021 02:03:15 GMT",
        "Server": [
          "Windows-Azure-Queue/1.0",
          "Microsoft-HTTPAPI/2.0"
        ],
        "Transfer-Encoding": "chunked",
        "Vary": "Origin",
        "x-ms-request-id": "ff109a7f-a003-002f-0cd0-e38b30000000",
        "x-ms-version": "2018-11-09"
      },
      "ResponseBody": "\uFEFF\u003C?xml version=\u00221.0\u0022 encoding=\u0022utf-8\u0022?\u003E\u003CQueueMessagesList\u003E\u003CQueueMessage\u003E\u003CMessageId\u003E1af19513-9de9-4dec-a5ce-40d306dbf2a8\u003C/MessageId\u003E\u003CInsertionTime\u003EWed, 06 Jan 2021 02:03:16 GMT\u003C/InsertionTime\u003E\u003CExpirationTime\u003EWed, 13 Jan 2021 02:03:16 GMT\u003C/ExpirationTime\u003E\u003CPopReceipt\u003EAgAAAAMAAAAAAAAA8KORKtDj1gE=\u003C/PopReceipt\u003E\u003CTimeNextVisible\u003EWed, 06 Jan 2021 02:03:46 GMT\u003C/TimeNextVisible\u003E\u003CDequeueCount\u003E1\u003C/DequeueCount\u003E\u003CMessageText\u003EaXNlcmRseWtpam5vZHlkamxoc2o=\u003C/MessageText\u003E\u003C/QueueMessage\u003E\u003C/QueueMessagesList\u003E"
    },
    {
      "RequestUri": "https://seandevtest.queue.core.windows.net/test-queue-ec15c778-146d-18d0-f5f7-3289596d7e38",
      "RequestMethod": "DELETE",
      "RequestHeaders": {
        "Accept": "application/xml",
        "Authorization": "Sanitized",
        "traceparent": "00-99c5b2dd9a3c804faafbdca88f2700e4-6f7b8152644dbb4b-00",
        "User-Agent": [
          "azsdk-net-Storage.Queues/12.6.0-alpha.20210105.1",
          "(.NET 5.0.1-servicing.20575.16; Microsoft Windows 10.0.19042)"
        ],
        "x-ms-client-request-id": "b860f496-3157-c9d4-5143-abe4cda7b079",
        "x-ms-date": "Wed, 06 Jan 2021 02:03:15 GMT",
        "x-ms-return-client-request-id": "true",
        "x-ms-version": "2018-11-09"
      },
      "RequestBody": null,
      "StatusCode": 204,
      "ResponseHeaders": {
        "Content-Length": "0",
        "Date": "Wed, 06 Jan 2021 02:03:15 GMT",
        "Server": [
          "Windows-Azure-Queue/1.0",
          "Microsoft-HTTPAPI/2.0"
        ],
        "x-ms-request-id": "ff109a86-a003-002f-13d0-e38b30000000",
        "x-ms-version": "2018-11-09"
      },
      "ResponseBody": []
    }
  ],
  "Variables": {
    "RandomSeed": "636028263",
    "Storage_TestConfigDefault": "ProductionTenant\nseandevtest\nU2FuaXRpemVk\nhttps://seandevtest.blob.core.windows.net\nhttps://seandevtest.file.core.windows.net\nhttps://seandevtest.queue.core.windows.net\nhttps://seandevtest.table.core.windows.net\n\n\n\n\nhttps://seandevtest-secondary.blob.core.windows.net\nhttps://seandevtest-secondary.file.core.windows.net\nhttps://seandevtest-secondary.queue.core.windows.net\nhttps://seandevtest-secondary.table.core.windows.net\n\nSanitized\n\n\nCloud\nBlobEndpoint=https://seandevtest.blob.core.windows.net/;QueueEndpoint=https://seandevtest.queue.core.windows.net/;FileEndpoint=https://seandevtest.file.core.windows.net/;BlobSecondaryEndpoint=https://seandevtest-secondary.blob.core.windows.net/;QueueSecondaryEndpoint=https://seandevtest-secondary.queue.core.windows.net/;FileSecondaryEndpoint=https://seandevtest-secondary.file.core.windows.net/;AccountName=seandevtest;AccountKey=Kg==;\nseanscope1"
  }
}