{
  "Entries": [
    {
      "RequestUri": "http://seanstagetest.queue.core.windows.net/test-queue-b613728a-b7a1-a834-bbea-edc07fde3ccc",
      "RequestMethod": "PUT",
      "RequestHeaders": {
        "Authorization": "Sanitized",
        "traceparent": "00-a408d36aae935947a8ae6128f10ae73d-ef0dafbeca127746-00",
        "User-Agent": [
          "azsdk-net-Storage.Queues/12.1.1-dev.20200114.1\u002B9efc30efad3c33f4dbc8a70a64b27e5b928a4928",
          "(.NET Core 4.6.28207.04; Microsoft Windows 10.0.18363 )"
        ],
        "x-ms-client-request-id": "b181db8d-57c2-aa4e-8a10-d643737b9914",
        "x-ms-date": "Tue, 14 Jan 2020 19:40:06 GMT",
        "x-ms-return-client-request-id": "true",
        "x-ms-version": "2018-11-09"
      },
      "RequestBody": null,
      "StatusCode": 201,
      "ResponseHeaders": {
        "Content-Length": "0",
        "Date": "Tue, 14 Jan 2020 19:40:06 GMT",
        "Server": [
          "Windows-Azure-Queue/1.0",
          "Microsoft-HTTPAPI/2.0"
        ],
        "x-ms-request-id": "59c960cc-9003-003b-2f12-cbd79f000000",
        "x-ms-version": "2018-11-09"
      },
      "ResponseBody": []
    },
    {
      "RequestUri": "http://seanstagetest.queue.core.windows.net/test-queue-b613728a-b7a1-a834-bbea-edc07fde3ccc/messages",
      "RequestMethod": "POST",
      "RequestHeaders": {
        "Authorization": "Sanitized",
        "Content-Length": "76",
        "Content-Type": "application/xml",
        "traceparent": "00-dc0498d9c9de5742bb74f3d0240723de-d8385c768d65c446-00",
        "User-Agent": [
          "azsdk-net-Storage.Queues/12.1.1-dev.20200114.1\u002B9efc30efad3c33f4dbc8a70a64b27e5b928a4928",
          "(.NET Core 4.6.28207.04; Microsoft Windows 10.0.18363 )"
        ],
        "x-ms-client-request-id": "65c145e0-9589-3f43-887d-622d8716e541",
        "x-ms-date": "Tue, 14 Jan 2020 19:40:06 GMT",
        "x-ms-return-client-request-id": "true",
        "x-ms-version": "2018-11-09"
      },
      "RequestBody": "\u003CQueueMessage\u003E\u003CMessageText\u003Ewxxvriksprmcawfefiil\u003C/MessageText\u003E\u003C/QueueMessage\u003E",
      "StatusCode": 201,
      "ResponseHeaders": {
        "Content-Type": "application/xml",
        "Date": "Tue, 14 Jan 2020 19:40:06 GMT",
        "Server": [
          "Windows-Azure-Queue/1.0",
          "Microsoft-HTTPAPI/2.0"
        ],
        "Transfer-Encoding": "chunked",
        "x-ms-request-id": "59c960cf-9003-003b-3012-cbd79f000000",
        "x-ms-version": "2018-11-09"
      },
      "ResponseBody": "\uFEFF\u003C?xml version=\u00221.0\u0022 encoding=\u0022utf-8\u0022?\u003E\u003CQueueMessagesList\u003E\u003CQueueMessage\u003E\u003CMessageId\u003E0aab7775-d120-436f-93eb-d3082aa76f34\u003C/MessageId\u003E\u003CInsertionTime\u003ETue, 14 Jan 2020 19:40:06 GMT\u003C/InsertionTime\u003E\u003CExpirationTime\u003ETue, 21 Jan 2020 19:40:06 GMT\u003C/ExpirationTime\u003E\u003CPopReceipt\u003EAgAAAAMAAAAAAAAAZHSUbBLL1QE=\u003C/PopReceipt\u003E\u003CTimeNextVisible\u003ETue, 14 Jan 2020 19:40:06 GMT\u003C/TimeNextVisible\u003E\u003C/QueueMessage\u003E\u003C/QueueMessagesList\u003E"
    },
    {
      "RequestUri": "http://seanstagetest.queue.core.windows.net/test-queue-b613728a-b7a1-a834-bbea-edc07fde3ccc/messages",
      "RequestMethod": "POST",
      "RequestHeaders": {
        "Authorization": "Sanitized",
        "Content-Length": "76",
        "Content-Type": "application/xml",
        "traceparent": "00-fd7d70b48b28fa49b4c051d35aadd03e-5da8cd58fd696245-00",
        "User-Agent": [
          "azsdk-net-Storage.Queues/12.1.1-dev.20200114.1\u002B9efc30efad3c33f4dbc8a70a64b27e5b928a4928",
          "(.NET Core 4.6.28207.04; Microsoft Windows 10.0.18363 )"
        ],
        "x-ms-client-request-id": "4bc391a4-387b-90e2-7296-d725e376bf6a",
        "x-ms-date": "Tue, 14 Jan 2020 19:40:06 GMT",
        "x-ms-return-client-request-id": "true",
        "x-ms-version": "2018-11-09"
      },
      "RequestBody": "\u003CQueueMessage\u003E\u003CMessageText\u003Eipamxjquohgkjsficxwy\u003C/MessageText\u003E\u003C/QueueMessage\u003E",
      "StatusCode": 201,
      "ResponseHeaders": {
        "Content-Type": "application/xml",
        "Date": "Tue, 14 Jan 2020 19:40:06 GMT",
        "Server": [
          "Windows-Azure-Queue/1.0",
          "Microsoft-HTTPAPI/2.0"
        ],
        "Transfer-Encoding": "chunked",
        "x-ms-request-id": "59c960d0-9003-003b-3112-cbd79f000000",
        "x-ms-version": "2018-11-09"
      },
      "ResponseBody": "\uFEFF\u003C?xml version=\u00221.0\u0022 encoding=\u0022utf-8\u0022?\u003E\u003CQueueMessagesList\u003E\u003CQueueMessage\u003E\u003CMessageId\u003E5feef432-8420-4c67-a244-ac192d1e97cb\u003C/MessageId\u003E\u003CInsertionTime\u003ETue, 14 Jan 2020 19:40:06 GMT\u003C/InsertionTime\u003E\u003CExpirationTime\u003ETue, 21 Jan 2020 19:40:06 GMT\u003C/ExpirationTime\u003E\u003CPopReceipt\u003EAgAAAAMAAAAAAAAAl7ajbBLL1QE=\u003C/PopReceipt\u003E\u003CTimeNextVisible\u003ETue, 14 Jan 2020 19:40:06 GMT\u003C/TimeNextVisible\u003E\u003C/QueueMessage\u003E\u003C/QueueMessagesList\u003E"
    },
    {
      "RequestUri": "http://seanstagetest.queue.core.windows.net/test-queue-b613728a-b7a1-a834-bbea-edc07fde3ccc/messages",
      "RequestMethod": "POST",
      "RequestHeaders": {
        "Authorization": "Sanitized",
        "Content-Length": "76",
        "Content-Type": "application/xml",
        "traceparent": "00-36bbddb2cb248b4faf796e46df29aad9-46f34db7bc02e540-00",
        "User-Agent": [
          "azsdk-net-Storage.Queues/12.1.1-dev.20200114.1\u002B9efc30efad3c33f4dbc8a70a64b27e5b928a4928",
          "(.NET Core 4.6.28207.04; Microsoft Windows 10.0.18363 )"
        ],
        "x-ms-client-request-id": "b568a508-e57b-b1b5-bcd8-6701c64be58b",
        "x-ms-date": "Tue, 14 Jan 2020 19:40:07 GMT",
        "x-ms-return-client-request-id": "true",
        "x-ms-version": "2018-11-09"
      },
      "RequestBody": "\u003CQueueMessage\u003E\u003CMessageText\u003Eggilbomdkunctxlshxrv\u003C/MessageText\u003E\u003C/QueueMessage\u003E",
      "StatusCode": 201,
      "ResponseHeaders": {
        "Content-Type": "application/xml",
        "Date": "Tue, 14 Jan 2020 19:40:06 GMT",
        "Server": [
          "Windows-Azure-Queue/1.0",
          "Microsoft-HTTPAPI/2.0"
        ],
        "Transfer-Encoding": "chunked",
        "x-ms-request-id": "59c960d1-9003-003b-3212-cbd79f000000",
        "x-ms-version": "2018-11-09"
      },
      "ResponseBody": "\uFEFF\u003C?xml version=\u00221.0\u0022 encoding=\u0022utf-8\u0022?\u003E\u003CQueueMessagesList\u003E\u003CQueueMessage\u003E\u003CMessageId\u003Ef4dd3d4b-75a0-4cc9-a90a-f215ca4046a2\u003C/MessageId\u003E\u003CInsertionTime\u003ETue, 14 Jan 2020 19:40:07 GMT\u003C/InsertionTime\u003E\u003CExpirationTime\u003ETue, 21 Jan 2020 19:40:07 GMT\u003C/ExpirationTime\u003E\u003CPopReceipt\u003EAgAAAAMAAAAAAAAACWOwbBLL1QE=\u003C/PopReceipt\u003E\u003CTimeNextVisible\u003ETue, 14 Jan 2020 19:40:07 GMT\u003C/TimeNextVisible\u003E\u003C/QueueMessage\u003E\u003C/QueueMessagesList\u003E"
    },
    {
      "RequestUri": "http://seanstagetest.queue.core.windows.net/test-queue-b613728a-b7a1-a834-bbea-edc07fde3ccc/messages?peekonly=true",
      "RequestMethod": "GET",
      "RequestHeaders": {
        "Authorization": "Sanitized",
        "traceparent": "00-694236b10c2d3f4693b2051d36d76047-11e41355b8bcd14b-00",
        "User-Agent": [
          "azsdk-net-Storage.Queues/12.1.1-dev.20200114.1\u002B9efc30efad3c33f4dbc8a70a64b27e5b928a4928",
          "(.NET Core 4.6.28207.04; Microsoft Windows 10.0.18363 )"
        ],
        "x-ms-client-request-id": "9a84c0f4-92ef-7461-deeb-7a112253eaa7",
        "x-ms-date": "Tue, 14 Jan 2020 19:40:07 GMT",
        "x-ms-return-client-request-id": "true",
        "x-ms-version": "2018-11-09"
      },
      "RequestBody": null,
      "StatusCode": 200,
      "ResponseHeaders": {
        "Cache-Control": "no-cache",
        "Content-Type": "application/xml",
        "Date": "Tue, 14 Jan 2020 19:40:06 GMT",
        "Server": [
          "Windows-Azure-Queue/1.0",
          "Microsoft-HTTPAPI/2.0"
        ],
        "Transfer-Encoding": "chunked",
        "x-ms-request-id": "59c960d2-9003-003b-3312-cbd79f000000",
        "x-ms-version": "2018-11-09"
      },
      "ResponseBody": "\uFEFF\u003C?xml version=\u00221.0\u0022 encoding=\u0022utf-8\u0022?\u003E\u003CQueueMessagesList\u003E\u003CQueueMessage\u003E\u003CMessageId\u003E0aab7775-d120-436f-93eb-d3082aa76f34\u003C/MessageId\u003E\u003CInsertionTime\u003ETue, 14 Jan 2020 19:40:06 GMT\u003C/InsertionTime\u003E\u003CExpirationTime\u003ETue, 21 Jan 2020 19:40:06 GMT\u003C/ExpirationTime\u003E\u003CDequeueCount\u003E0\u003C/DequeueCount\u003E\u003CMessageText\u003Ewxxvriksprmcawfefiil\u003C/MessageText\u003E\u003C/QueueMessage\u003E\u003C/QueueMessagesList\u003E"
    },
    {
      "RequestUri": "http://seanstagetest.queue.core.windows.net/test-queue-b613728a-b7a1-a834-bbea-edc07fde3ccc",
      "RequestMethod": "DELETE",
      "RequestHeaders": {
        "Authorization": "Sanitized",
        "traceparent": "00-31460a2d8ab4964cba150d93a4e377db-58759f43c43edb44-00",
        "User-Agent": [
          "azsdk-net-Storage.Queues/12.1.1-dev.20200114.1\u002B9efc30efad3c33f4dbc8a70a64b27e5b928a4928",
          "(.NET Core 4.6.28207.04; Microsoft Windows 10.0.18363 )"
        ],
        "x-ms-client-request-id": "050ca487-4bc6-9b9b-819c-c34320812e47",
        "x-ms-date": "Tue, 14 Jan 2020 19:40:07 GMT",
        "x-ms-return-client-request-id": "true",
        "x-ms-version": "2018-11-09"
      },
      "RequestBody": null,
      "StatusCode": 204,
      "ResponseHeaders": {
        "Content-Length": "0",
        "Date": "Tue, 14 Jan 2020 19:40:06 GMT",
        "Server": [
          "Windows-Azure-Queue/1.0",
          "Microsoft-HTTPAPI/2.0"
        ],
        "x-ms-request-id": "59c960d3-9003-003b-3412-cbd79f000000",
        "x-ms-version": "2018-11-09"
      },
      "ResponseBody": []
    }
  ],
  "Variables": {
    "RandomSeed": "1611385308",
    "Storage_TestConfigDefault": "ProductionTenant\nseanstagetest\nU2FuaXRpemVk\nhttp://seanstagetest.blob.core.windows.net\nhttp://seanstagetest.file.core.windows.net\nhttp://seanstagetest.queue.core.windows.net\nhttp://seanstagetest.table.core.windows.net\n\n\n\n\nhttp://seanstagetest-secondary.blob.core.windows.net\nhttp://seanstagetest-secondary.file.core.windows.net\nhttp://seanstagetest-secondary.queue.core.windows.net\nhttp://seanstagetest-secondary.table.core.windows.net\n\nSanitized\n\n\nCloud\nBlobEndpoint=http://seanstagetest.blob.core.windows.net/;QueueEndpoint=http://seanstagetest.queue.core.windows.net/;FileEndpoint=http://seanstagetest.file.core.windows.net/;BlobSecondaryEndpoint=http://seanstagetest-secondary.blob.core.windows.net/;QueueSecondaryEndpoint=http://seanstagetest-secondary.queue.core.windows.net/;FileSecondaryEndpoint=http://seanstagetest-secondary.file.core.windows.net/;AccountName=seanstagetest;AccountKey=Sanitized\nseanscope1"
  }
}