{
  "Entries": [
    {
      "RequestUri": "http://seanstagetest.queue.core.windows.net/test-queue-6f831c4e-6a7d-1be5-668c-629ecb5ca306",
      "RequestMethod": "PUT",
      "RequestHeaders": {
        "Authorization": "Sanitized",
        "traceparent": "00-51d0beb7cfd3d6449d6d8c36ce35365d-b0ae29a226ff074e-00",
        "User-Agent": [
          "azsdk-net-Storage.Queues/12.1.1-dev.20200114.1\u002B9efc30efad3c33f4dbc8a70a64b27e5b928a4928",
          "(.NET Core 4.6.28207.04; Microsoft Windows 10.0.18363 )"
        ],
        "x-ms-client-request-id": "ed313369-69cc-7cde-9d94-d4f28607ab18",
        "x-ms-date": "Tue, 14 Jan 2020 19:40:07 GMT",
        "x-ms-return-client-request-id": "true",
        "x-ms-version": "2018-11-09"
      },
      "RequestBody": null,
      "StatusCode": 201,
      "ResponseHeaders": {
        "Content-Length": "0",
        "Date": "Tue, 14 Jan 2020 19:40:06 GMT",
        "Server": [
          "Windows-Azure-Queue/1.0",
          "Microsoft-HTTPAPI/2.0"
        ],
        "x-ms-request-id": "420f1f2c-3003-000d-7412-cb5aef000000",
        "x-ms-version": "2018-11-09"
      },
      "ResponseBody": []
    },
    {
      "RequestUri": "http://seanstagetest.queue.core.windows.net/test-queue-6f831c4e-6a7d-1be5-668c-629ecb5ca306/messages",
      "RequestMethod": "POST",
      "RequestHeaders": {
        "Authorization": "Sanitized",
        "Content-Length": "76",
        "Content-Type": "application/xml",
        "traceparent": "00-776701a39e5f7044be4ac75907bcfdde-60734f80c9d9f74f-00",
        "User-Agent": [
          "azsdk-net-Storage.Queues/12.1.1-dev.20200114.1\u002B9efc30efad3c33f4dbc8a70a64b27e5b928a4928",
          "(.NET Core 4.6.28207.04; Microsoft Windows 10.0.18363 )"
        ],
        "x-ms-client-request-id": "8f6922ea-a52a-4e19-7c4f-7660cc989ba6",
        "x-ms-date": "Tue, 14 Jan 2020 19:40:07 GMT",
        "x-ms-return-client-request-id": "true",
        "x-ms-version": "2018-11-09"
      },
      "RequestBody": "\u003CQueueMessage\u003E\u003CMessageText\u003Elcarsighfskcphptquuf\u003C/MessageText\u003E\u003C/QueueMessage\u003E",
      "StatusCode": 201,
      "ResponseHeaders": {
        "Content-Type": "application/xml",
        "Date": "Tue, 14 Jan 2020 19:40:06 GMT",
        "Server": [
          "Windows-Azure-Queue/1.0",
          "Microsoft-HTTPAPI/2.0"
        ],
        "Transfer-Encoding": "chunked",
        "x-ms-request-id": "420f1f2f-3003-000d-7512-cb5aef000000",
        "x-ms-version": "2018-11-09"
      },
      "ResponseBody": "\uFEFF\u003C?xml version=\u00221.0\u0022 encoding=\u0022utf-8\u0022?\u003E\u003CQueueMessagesList\u003E\u003CQueueMessage\u003E\u003CMessageId\u003Ec09fb694-9f24-4d2c-8af0-19f4041b8731\u003C/MessageId\u003E\u003CInsertionTime\u003ETue, 14 Jan 2020 19:40:07 GMT\u003C/InsertionTime\u003E\u003CExpirationTime\u003ETue, 21 Jan 2020 19:40:07 GMT\u003C/ExpirationTime\u003E\u003CPopReceipt\u003EAgAAAAMAAAAAAAAAfKICbRLL1QE=\u003C/PopReceipt\u003E\u003CTimeNextVisible\u003ETue, 14 Jan 2020 19:40:07 GMT\u003C/TimeNextVisible\u003E\u003C/QueueMessage\u003E\u003C/QueueMessagesList\u003E"
    },
    {
      "RequestUri": "http://seanstagetest.queue.core.windows.net/test-queue-6f831c4e-6a7d-1be5-668c-629ecb5ca306/messages",
      "RequestMethod": "POST",
      "RequestHeaders": {
        "Authorization": "Sanitized",
        "Content-Length": "76",
        "Content-Type": "application/xml",
        "traceparent": "00-6da01a8af37b44439d52b539e5a162b0-b1c5168a504beb47-00",
        "User-Agent": [
          "azsdk-net-Storage.Queues/12.1.1-dev.20200114.1\u002B9efc30efad3c33f4dbc8a70a64b27e5b928a4928",
          "(.NET Core 4.6.28207.04; Microsoft Windows 10.0.18363 )"
        ],
        "x-ms-client-request-id": "7bdbe160-052f-9009-099d-4f0c05be8dfd",
        "x-ms-date": "Tue, 14 Jan 2020 19:40:07 GMT",
        "x-ms-return-client-request-id": "true",
        "x-ms-version": "2018-11-09"
      },
      "RequestBody": "\u003CQueueMessage\u003E\u003CMessageText\u003Eblkhymqovjsiutkpenuj\u003C/MessageText\u003E\u003C/QueueMessage\u003E",
      "StatusCode": 201,
      "ResponseHeaders": {
        "Content-Type": "application/xml",
        "Date": "Tue, 14 Jan 2020 19:40:06 GMT",
        "Server": [
          "Windows-Azure-Queue/1.0",
          "Microsoft-HTTPAPI/2.0"
        ],
        "Transfer-Encoding": "chunked",
        "x-ms-request-id": "420f1f30-3003-000d-7612-cb5aef000000",
        "x-ms-version": "2018-11-09"
      },
      "ResponseBody": "\uFEFF\u003C?xml version=\u00221.0\u0022 encoding=\u0022utf-8\u0022?\u003E\u003CQueueMessagesList\u003E\u003CQueueMessage\u003E\u003CMessageId\u003Eba38e59f-4453-4ff2-8585-a98337a8401b\u003C/MessageId\u003E\u003CInsertionTime\u003ETue, 14 Jan 2020 19:40:07 GMT\u003C/InsertionTime\u003E\u003CExpirationTime\u003ETue, 21 Jan 2020 19:40:07 GMT\u003C/ExpirationTime\u003E\u003CPopReceipt\u003EAgAAAAMAAAAAAAAA3V0QbRLL1QE=\u003C/PopReceipt\u003E\u003CTimeNextVisible\u003ETue, 14 Jan 2020 19:40:07 GMT\u003C/TimeNextVisible\u003E\u003C/QueueMessage\u003E\u003C/QueueMessagesList\u003E"
    },
    {
      "RequestUri": "http://seanstagetest.queue.core.windows.net/test-queue-6f831c4e-6a7d-1be5-668c-629ecb5ca306/messages",
      "RequestMethod": "POST",
      "RequestHeaders": {
        "Authorization": "Sanitized",
        "Content-Length": "76",
        "Content-Type": "application/xml",
        "traceparent": "00-7219b59e9f65b344bc40858bbdafaab4-8e1fb724a52b1e43-00",
        "User-Agent": [
          "azsdk-net-Storage.Queues/12.1.1-dev.20200114.1\u002B9efc30efad3c33f4dbc8a70a64b27e5b928a4928",
          "(.NET Core 4.6.28207.04; Microsoft Windows 10.0.18363 )"
        ],
        "x-ms-client-request-id": "fa8a7ba7-a8f5-0e5f-dd77-98c1dc2843eb",
        "x-ms-date": "Tue, 14 Jan 2020 19:40:07 GMT",
        "x-ms-return-client-request-id": "true",
        "x-ms-version": "2018-11-09"
      },
      "RequestBody": "\u003CQueueMessage\u003E\u003CMessageText\u003Ecdpgsmactpcopdargeai\u003C/MessageText\u003E\u003C/QueueMessage\u003E",
      "StatusCode": 201,
      "ResponseHeaders": {
        "Content-Type": "application/xml",
        "Date": "Tue, 14 Jan 2020 19:40:06 GMT",
        "Server": [
          "Windows-Azure-Queue/1.0",
          "Microsoft-HTTPAPI/2.0"
        ],
        "Transfer-Encoding": "chunked",
        "x-ms-request-id": "420f1f31-3003-000d-7712-cb5aef000000",
        "x-ms-version": "2018-11-09"
      },
      "ResponseBody": "\uFEFF\u003C?xml version=\u00221.0\u0022 encoding=\u0022utf-8\u0022?\u003E\u003CQueueMessagesList\u003E\u003CQueueMessage\u003E\u003CMessageId\u003Ed0e47d50-2eae-474d-8c49-3af11c28b18d\u003C/MessageId\u003E\u003CInsertionTime\u003ETue, 14 Jan 2020 19:40:07 GMT\u003C/InsertionTime\u003E\u003CExpirationTime\u003ETue, 21 Jan 2020 19:40:07 GMT\u003C/ExpirationTime\u003E\u003CPopReceipt\u003EAgAAAAMAAAAAAAAAwfEdbRLL1QE=\u003C/PopReceipt\u003E\u003CTimeNextVisible\u003ETue, 14 Jan 2020 19:40:07 GMT\u003C/TimeNextVisible\u003E\u003C/QueueMessage\u003E\u003C/QueueMessagesList\u003E"
    },
    {
      "RequestUri": "http://seanstagetest.queue.core.windows.net/test-queue-6f831c4e-6a7d-1be5-668c-629ecb5ca306/messages?numofmessages=2\u0026visibilitytimeout=3600",
      "RequestMethod": "GET",
      "RequestHeaders": {
        "Authorization": "Sanitized",
        "traceparent": "00-7bb39605a5450744b95e3beefb4831ce-3351c8bc20d25a42-00",
        "User-Agent": [
          "azsdk-net-Storage.Queues/12.1.1-dev.20200114.1\u002B9efc30efad3c33f4dbc8a70a64b27e5b928a4928",
          "(.NET Core 4.6.28207.04; Microsoft Windows 10.0.18363 )"
        ],
        "x-ms-client-request-id": "4c7f6c39-5d8f-4bfb-75f6-932545ba2273",
        "x-ms-date": "Tue, 14 Jan 2020 19:40:07 GMT",
        "x-ms-return-client-request-id": "true",
        "x-ms-version": "2018-11-09"
      },
      "RequestBody": null,
      "StatusCode": 200,
      "ResponseHeaders": {
        "Cache-Control": "no-cache",
        "Content-Type": "application/xml",
        "Date": "Tue, 14 Jan 2020 19:40:07 GMT",
        "Server": [
          "Windows-Azure-Queue/1.0",
          "Microsoft-HTTPAPI/2.0"
        ],
        "Transfer-Encoding": "chunked",
        "x-ms-request-id": "420f1f32-3003-000d-7812-cb5aef000000",
        "x-ms-version": "2018-11-09"
      },
      "ResponseBody": "\uFEFF\u003C?xml version=\u00221.0\u0022 encoding=\u0022utf-8\u0022?\u003E\u003CQueueMessagesList\u003E\u003CQueueMessage\u003E\u003CMessageId\u003Ec09fb694-9f24-4d2c-8af0-19f4041b8731\u003C/MessageId\u003E\u003CInsertionTime\u003ETue, 14 Jan 2020 19:40:07 GMT\u003C/InsertionTime\u003E\u003CExpirationTime\u003ETue, 21 Jan 2020 19:40:07 GMT\u003C/ExpirationTime\u003E\u003CPopReceipt\u003EAgAAAAMAAAAAAAAAyl3yzhrL1QE=\u003C/PopReceipt\u003E\u003CTimeNextVisible\u003ETue, 14 Jan 2020 20:40:07 GMT\u003C/TimeNextVisible\u003E\u003CDequeueCount\u003E1\u003C/DequeueCount\u003E\u003CMessageText\u003Elcarsighfskcphptquuf\u003C/MessageText\u003E\u003C/QueueMessage\u003E\u003CQueueMessage\u003E\u003CMessageId\u003Eba38e59f-4453-4ff2-8585-a98337a8401b\u003C/MessageId\u003E\u003CInsertionTime\u003ETue, 14 Jan 2020 19:40:07 GMT\u003C/InsertionTime\u003E\u003CExpirationTime\u003ETue, 21 Jan 2020 19:40:07 GMT\u003C/ExpirationTime\u003E\u003CPopReceipt\u003EAgAAAAMAAAAAAAAAyl3yzhrL1QE=\u003C/PopReceipt\u003E\u003CTimeNextVisible\u003ETue, 14 Jan 2020 20:40:07 GMT\u003C/TimeNextVisible\u003E\u003CDequeueCount\u003E1\u003C/DequeueCount\u003E\u003CMessageText\u003Eblkhymqovjsiutkpenuj\u003C/MessageText\u003E\u003C/QueueMessage\u003E\u003C/QueueMessagesList\u003E"
    },
    {
      "RequestUri": "http://seanstagetest.queue.core.windows.net/test-queue-6f831c4e-6a7d-1be5-668c-629ecb5ca306",
      "RequestMethod": "DELETE",
      "RequestHeaders": {
        "Authorization": "Sanitized",
        "traceparent": "00-fc1dbd453f7d16488e841681d7a8c18d-e8287ff14eca9849-00",
        "User-Agent": [
          "azsdk-net-Storage.Queues/12.1.1-dev.20200114.1\u002B9efc30efad3c33f4dbc8a70a64b27e5b928a4928",
          "(.NET Core 4.6.28207.04; Microsoft Windows 10.0.18363 )"
        ],
        "x-ms-client-request-id": "6f88464d-f6a9-085b-a0be-fc6b2c6b832e",
        "x-ms-date": "Tue, 14 Jan 2020 19:40:07 GMT",
        "x-ms-return-client-request-id": "true",
        "x-ms-version": "2018-11-09"
      },
      "RequestBody": null,
      "StatusCode": 204,
      "ResponseHeaders": {
        "Content-Length": "0",
        "Date": "Tue, 14 Jan 2020 19:40:07 GMT",
        "Server": [
          "Windows-Azure-Queue/1.0",
          "Microsoft-HTTPAPI/2.0"
        ],
        "x-ms-request-id": "420f1f33-3003-000d-7912-cb5aef000000",
        "x-ms-version": "2018-11-09"
      },
      "ResponseBody": []
    }
  ],
  "Variables": {
    "RandomSeed": "1119925348",
    "Storage_TestConfigDefault": "ProductionTenant\nseanstagetest\nU2FuaXRpemVk\nhttp://seanstagetest.blob.core.windows.net\nhttp://seanstagetest.file.core.windows.net\nhttp://seanstagetest.queue.core.windows.net\nhttp://seanstagetest.table.core.windows.net\n\n\n\n\nhttp://seanstagetest-secondary.blob.core.windows.net\nhttp://seanstagetest-secondary.file.core.windows.net\nhttp://seanstagetest-secondary.queue.core.windows.net\nhttp://seanstagetest-secondary.table.core.windows.net\n\nSanitized\n\n\nCloud\nBlobEndpoint=http://seanstagetest.blob.core.windows.net/;QueueEndpoint=http://seanstagetest.queue.core.windows.net/;FileEndpoint=http://seanstagetest.file.core.windows.net/;BlobSecondaryEndpoint=http://seanstagetest-secondary.blob.core.windows.net/;QueueSecondaryEndpoint=http://seanstagetest-secondary.queue.core.windows.net/;FileSecondaryEndpoint=http://seanstagetest-secondary.file.core.windows.net/;AccountName=seanstagetest;AccountKey=Sanitized\nseanscope1"
  }
}