{
  "Entries": [
    {
      "RequestUri": "https://chrisstablesprim.table.core.windows.net/Tables?$format=application%2Fjson%3Bodata%3Dminimalmetadata",
      "RequestMethod": "POST",
      "RequestHeaders": {
        "Accept": "application/json; odata=minimalmetadata",
        "Authorization": "Sanitized",
        "Content-Length": "33",
        "Content-Type": "application/json; odata=nometadata",
        "DataServiceVersion": "3.0",
        "traceparent": "00-e748be7a62aa174c8edc9c4498aafaab-969a2368011d3e44-00",
        "User-Agent": [
          "azsdk-net-Data.Tables/12.3.0-alpha.20211018.1",
          "(.NET 5.0.11; Microsoft Windows 10.0.22000)"
        ],
        "x-ms-client-request-id": "573bc71eb507c46657939b85438f1f70",
        "x-ms-return-client-request-id": "true",
        "x-ms-version": "2019-02-02"
      },
      "RequestBody": {
        "TableName": "testtablevugcwsm0"
      },
      "StatusCode": 201,
      "ResponseHeaders": {
        "Cache-Control": "no-cache",
        "Content-Type": "application/json; odata=minimalmetadata; streaming=true; charset=utf-8",
        "Date": "Mon, 18 Oct 2021 17:15:35 GMT",
        "Location": "https://chrisstablesprim.table.core.windows.net/Tables(\u0027testtablevugcwsm0\u0027)",
        "Server": [
          "Windows-Azure-Table/1.0",
          "Microsoft-HTTPAPI/2.0"
        ],
        "Transfer-Encoding": "chunked",
        "X-Content-Type-Options": "nosniff",
        "x-ms-client-request-id": "573bc71eb507c46657939b85438f1f70",
        "x-ms-request-id": "930abf0a-4002-008b-6843-c4a774000000",
        "x-ms-version": "2019-02-02"
      },
      "ResponseBody": {
        "odata.metadata": "https://chrisstablesprim.table.core.windows.net/$metadata#Tables/@Element",
        "TableName": "testtablevugcwsm0"
      }
    },
    {
      "RequestUri": "https://chrisstablesprim.table.core.windows.net/testtablevugcwsm0?$format=application%2Fjson%3Bodata%3Dminimalmetadata",
      "RequestMethod": "POST",
      "RequestHeaders": {
        "Accept": "application/json; odata=minimalmetadata",
        "Authorization": "Sanitized",
        "Content-Length": "717",
        "Content-Type": "application/json; odata=nometadata",
        "DataServiceVersion": "3.0",
        "Prefer": "return-no-content",
        "traceparent": "00-ce832e28b43bc14d8352899a7559a52c-2ffa1d2c1eea0a4c-00",
        "User-Agent": [
          "azsdk-net-Data.Tables/12.3.0-alpha.20211018.1",
          "(.NET 5.0.11; Microsoft Windows 10.0.22000)"
        ],
        "x-ms-client-request-id": "90e21e3183c0a5feeaef085b3df7b859",
        "x-ms-return-client-request-id": "true",
        "x-ms-version": "2019-02-02"
      },
      "RequestBody": {
        "StringTypeProperty": "This is table entity number 01",
        "DatetimeTypeProperty": "2020-01-01T01:02:00.0000000Z",
        "DatetimeTypeProperty@odata.type": "Edm.DateTime",
        "DatetimeOffsetTypeProperty": "2020-01-01T01:02:00.0000000Z",
        "DatetimeOffsetTypeProperty@odata.type": "Edm.DateTime",
        "GuidTypeProperty": "0d391d16-97f1-4b9a-be68-4cc871f90001",
        "GuidTypeProperty@odata.type": "Edm.Guid",
        "BinaryTypeProperty": "AQIDBAU=",
        "BinaryTypeProperty@odata.type": "Edm.Binary",
        "Int64TypeProperty": "1",
        "Int64TypeProperty@odata.type": "Edm.Int64",
        "UInt64TypeProperty": "1",
        "UInt64TypeProperty@odata.type": "Edm.Int64",
        "DoubleTypeProperty": 1,
        "DoubleTypeProperty@odata.type": "Edm.Double",
        "IntTypeProperty": 1,
        "PartitionKey": "somPartition",
        "RowKey": "01"
      },
      "StatusCode": 204,
      "ResponseHeaders": {
        "Cache-Control": "no-cache",
        "Content-Length": "0",
        "DataServiceId": "https://chrisstablesprim.table.core.windows.net/testtablevugcwsm0(PartitionKey=\u0027somPartition\u0027,RowKey=\u002701\u0027)",
        "Date": "Mon, 18 Oct 2021 17:15:35 GMT",
        "ETag": "W/\u0022datetime\u00272021-10-18T17%3A15%3A35.3174278Z\u0027\u0022",
        "Location": "https://chrisstablesprim.table.core.windows.net/testtablevugcwsm0(PartitionKey=\u0027somPartition\u0027,RowKey=\u002701\u0027)",
        "Preference-Applied": "return-no-content",
        "Server": [
          "Windows-Azure-Table/1.0",
          "Microsoft-HTTPAPI/2.0"
        ],
        "X-Content-Type-Options": "nosniff",
        "x-ms-client-request-id": "90e21e3183c0a5feeaef085b3df7b859",
        "x-ms-request-id": "930abf19-4002-008b-7343-c4a774000000",
        "x-ms-version": "2019-02-02"
      },
      "ResponseBody": []
    },
    {
      "RequestUri": "https://chrisstablesprim.table.core.windows.net/testtablevugcwsm0?$format=application%2Fjson%3Bodata%3Dminimalmetadata",
      "RequestMethod": "POST",
      "RequestHeaders": {
        "Accept": "application/json; odata=minimalmetadata",
        "Authorization": "Sanitized",
        "Content-Length": "717",
        "Content-Type": "application/json; odata=nometadata",
        "DataServiceVersion": "3.0",
        "Prefer": "return-no-content",
        "traceparent": "00-7af10fdf8a256041b8e7a2ec7bf96772-22b1ea7121b49b4d-00",
        "User-Agent": [
          "azsdk-net-Data.Tables/12.3.0-alpha.20211018.1",
          "(.NET 5.0.11; Microsoft Windows 10.0.22000)"
        ],
        "x-ms-client-request-id": "b2e1afb540cb23ecdd79013bd1af253e",
        "x-ms-return-client-request-id": "true",
        "x-ms-version": "2019-02-02"
      },
      "RequestBody": {
        "StringTypeProperty": "This is table entity number 02",
        "DatetimeTypeProperty": "2020-01-01T01:03:00.0000000Z",
        "DatetimeTypeProperty@odata.type": "Edm.DateTime",
        "DatetimeOffsetTypeProperty": "2020-01-01T01:03:00.0000000Z",
        "DatetimeOffsetTypeProperty@odata.type": "Edm.DateTime",
        "GuidTypeProperty": "0d391d16-97f1-4b9a-be68-4cc871f90002",
        "GuidTypeProperty@odata.type": "Edm.Guid",
        "BinaryTypeProperty": "AQIDBAU=",
        "BinaryTypeProperty@odata.type": "Edm.Binary",
        "Int64TypeProperty": "2",
        "Int64TypeProperty@odata.type": "Edm.Int64",
        "UInt64TypeProperty": "2",
        "UInt64TypeProperty@odata.type": "Edm.Int64",
        "DoubleTypeProperty": 2,
        "DoubleTypeProperty@odata.type": "Edm.Double",
        "IntTypeProperty": 2,
        "PartitionKey": "somPartition",
        "RowKey": "02"
      },
      "StatusCode": 204,
      "ResponseHeaders": {
        "Cache-Control": "no-cache",
        "Content-Length": "0",
        "DataServiceId": "https://chrisstablesprim.table.core.windows.net/testtablevugcwsm0(PartitionKey=\u0027somPartition\u0027,RowKey=\u002702\u0027)",
        "Date": "Mon, 18 Oct 2021 17:15:35 GMT",
        "ETag": "W/\u0022datetime\u00272021-10-18T17%3A15%3A35.4104933Z\u0027\u0022",
        "Location": "https://chrisstablesprim.table.core.windows.net/testtablevugcwsm0(PartitionKey=\u0027somPartition\u0027,RowKey=\u002702\u0027)",
        "Preference-Applied": "return-no-content",
        "Server": [
          "Windows-Azure-Table/1.0",
          "Microsoft-HTTPAPI/2.0"
        ],
        "X-Content-Type-Options": "nosniff",
        "x-ms-client-request-id": "b2e1afb540cb23ecdd79013bd1af253e",
        "x-ms-request-id": "930abf1e-4002-008b-7843-c4a774000000",
        "x-ms-version": "2019-02-02"
      },
      "ResponseBody": []
    },
    {
      "RequestUri": "https://chrisstablesprim.table.core.windows.net/testtablevugcwsm0?$format=application%2Fjson%3Bodata%3Dminimalmetadata",
      "RequestMethod": "POST",
      "RequestHeaders": {
        "Accept": "application/json; odata=minimalmetadata",
        "Authorization": "Sanitized",
        "Content-Length": "717",
        "Content-Type": "application/json; odata=nometadata",
        "DataServiceVersion": "3.0",
        "Prefer": "return-no-content",
        "traceparent": "00-dc4b6ba622d66745ad9326a545db896f-a2e6e8da3f009541-00",
        "User-Agent": [
          "azsdk-net-Data.Tables/12.3.0-alpha.20211018.1",
          "(.NET 5.0.11; Microsoft Windows 10.0.22000)"
        ],
        "x-ms-client-request-id": "373c7840ce329bc1c8966d18ad0a8660",
        "x-ms-return-client-request-id": "true",
        "x-ms-version": "2019-02-02"
      },
      "RequestBody": {
        "StringTypeProperty": "This is table entity number 03",
        "DatetimeTypeProperty": "2020-01-01T01:04:00.0000000Z",
        "DatetimeTypeProperty@odata.type": "Edm.DateTime",
        "DatetimeOffsetTypeProperty": "2020-01-01T01:04:00.0000000Z",
        "DatetimeOffsetTypeProperty@odata.type": "Edm.DateTime",
        "GuidTypeProperty": "0d391d16-97f1-4b9a-be68-4cc871f90003",
        "GuidTypeProperty@odata.type": "Edm.Guid",
        "BinaryTypeProperty": "AQIDBAU=",
        "BinaryTypeProperty@odata.type": "Edm.Binary",
        "Int64TypeProperty": "3",
        "Int64TypeProperty@odata.type": "Edm.Int64",
        "UInt64TypeProperty": "3",
        "UInt64TypeProperty@odata.type": "Edm.Int64",
        "DoubleTypeProperty": 3,
        "DoubleTypeProperty@odata.type": "Edm.Double",
        "IntTypeProperty": 3,
        "PartitionKey": "somPartition",
        "RowKey": "03"
      },
      "StatusCode": 204,
      "ResponseHeaders": {
        "Cache-Control": "no-cache",
        "Content-Length": "0",
        "DataServiceId": "https://chrisstablesprim.table.core.windows.net/testtablevugcwsm0(PartitionKey=\u0027somPartition\u0027,RowKey=\u002703\u0027)",
        "Date": "Mon, 18 Oct 2021 17:15:35 GMT",
        "ETag": "W/\u0022datetime\u00272021-10-18T17%3A15%3A35.4945548Z\u0027\u0022",
        "Location": "https://chrisstablesprim.table.core.windows.net/testtablevugcwsm0(PartitionKey=\u0027somPartition\u0027,RowKey=\u002703\u0027)",
        "Preference-Applied": "return-no-content",
        "Server": [
          "Windows-Azure-Table/1.0",
          "Microsoft-HTTPAPI/2.0"
        ],
        "X-Content-Type-Options": "nosniff",
        "x-ms-client-request-id": "373c7840ce329bc1c8966d18ad0a8660",
        "x-ms-request-id": "930abf23-4002-008b-7d43-c4a774000000",
        "x-ms-version": "2019-02-02"
      },
      "ResponseBody": []
    },
    {
      "RequestUri": "https://chrisstablesprim.table.core.windows.net/testtablevugcwsm0?$format=application%2Fjson%3Bodata%3Dminimalmetadata",
      "RequestMethod": "POST",
      "RequestHeaders": {
        "Accept": "application/json; odata=minimalmetadata",
        "Authorization": "Sanitized",
        "Content-Length": "717",
        "Content-Type": "application/json; odata=nometadata",
        "DataServiceVersion": "3.0",
        "Prefer": "return-no-content",
        "traceparent": "00-3ab41b6c7b0b3d4f9acb756f836e9942-d446bd4209c6c843-00",
        "User-Agent": [
          "azsdk-net-Data.Tables/12.3.0-alpha.20211018.1",
          "(.NET 5.0.11; Microsoft Windows 10.0.22000)"
        ],
        "x-ms-client-request-id": "94cf41db6daef1a431bfb34681c3d43b",
        "x-ms-return-client-request-id": "true",
        "x-ms-version": "2019-02-02"
      },
      "RequestBody": {
        "StringTypeProperty": "This is table entity number 04",
        "DatetimeTypeProperty": "2020-01-01T01:05:00.0000000Z",
        "DatetimeTypeProperty@odata.type": "Edm.DateTime",
        "DatetimeOffsetTypeProperty": "2020-01-01T01:05:00.0000000Z",
        "DatetimeOffsetTypeProperty@odata.type": "Edm.DateTime",
        "GuidTypeProperty": "0d391d16-97f1-4b9a-be68-4cc871f90004",
        "GuidTypeProperty@odata.type": "Edm.Guid",
        "BinaryTypeProperty": "AQIDBAU=",
        "BinaryTypeProperty@odata.type": "Edm.Binary",
        "Int64TypeProperty": "4",
        "Int64TypeProperty@odata.type": "Edm.Int64",
        "UInt64TypeProperty": "4",
        "UInt64TypeProperty@odata.type": "Edm.Int64",
        "DoubleTypeProperty": 4,
        "DoubleTypeProperty@odata.type": "Edm.Double",
        "IntTypeProperty": 4,
        "PartitionKey": "somPartition",
        "RowKey": "04"
      },
      "StatusCode": 204,
      "ResponseHeaders": {
        "Cache-Control": "no-cache",
        "Content-Length": "0",
        "DataServiceId": "https://chrisstablesprim.table.core.windows.net/testtablevugcwsm0(PartitionKey=\u0027somPartition\u0027,RowKey=\u002704\u0027)",
        "Date": "Mon, 18 Oct 2021 17:15:35 GMT",
        "ETag": "W/\u0022datetime\u00272021-10-18T17%3A15%3A35.5876203Z\u0027\u0022",
        "Location": "https://chrisstablesprim.table.core.windows.net/testtablevugcwsm0(PartitionKey=\u0027somPartition\u0027,RowKey=\u002704\u0027)",
        "Preference-Applied": "return-no-content",
        "Server": [
          "Windows-Azure-Table/1.0",
          "Microsoft-HTTPAPI/2.0"
        ],
        "X-Content-Type-Options": "nosniff",
        "x-ms-client-request-id": "94cf41db6daef1a431bfb34681c3d43b",
        "x-ms-request-id": "930abf29-4002-008b-0143-c4a774000000",
        "x-ms-version": "2019-02-02"
      },
      "ResponseBody": []
    },
    {
      "RequestUri": "https://chrisstablesprim.table.core.windows.net/testtablevugcwsm0?$format=application%2Fjson%3Bodata%3Dminimalmetadata",
      "RequestMethod": "POST",
      "RequestHeaders": {
        "Accept": "application/json; odata=minimalmetadata",
        "Authorization": "Sanitized",
        "Content-Length": "717",
        "Content-Type": "application/json; odata=nometadata",
        "DataServiceVersion": "3.0",
        "Prefer": "return-no-content",
        "traceparent": "00-f01b444c3112914781f5b699f584fa82-3a34e5184136d047-00",
        "User-Agent": [
          "azsdk-net-Data.Tables/12.3.0-alpha.20211018.1",
          "(.NET 5.0.11; Microsoft Windows 10.0.22000)"
        ],
        "x-ms-client-request-id": "c41bc9c980bbe727ed46e935d2d475d2",
        "x-ms-return-client-request-id": "true",
        "x-ms-version": "2019-02-02"
      },
      "RequestBody": {
        "StringTypeProperty": "This is table entity number 05",
        "DatetimeTypeProperty": "2020-01-01T01:06:00.0000000Z",
        "DatetimeTypeProperty@odata.type": "Edm.DateTime",
        "DatetimeOffsetTypeProperty": "2020-01-01T01:06:00.0000000Z",
        "DatetimeOffsetTypeProperty@odata.type": "Edm.DateTime",
        "GuidTypeProperty": "0d391d16-97f1-4b9a-be68-4cc871f90005",
        "GuidTypeProperty@odata.type": "Edm.Guid",
        "BinaryTypeProperty": "AQIDBAU=",
        "BinaryTypeProperty@odata.type": "Edm.Binary",
        "Int64TypeProperty": "5",
        "Int64TypeProperty@odata.type": "Edm.Int64",
        "UInt64TypeProperty": "5",
        "UInt64TypeProperty@odata.type": "Edm.Int64",
        "DoubleTypeProperty": 5,
        "DoubleTypeProperty@odata.type": "Edm.Double",
        "IntTypeProperty": 5,
        "PartitionKey": "somPartition",
        "RowKey": "05"
      },
      "StatusCode": 204,
      "ResponseHeaders": {
        "Cache-Control": "no-cache",
        "Content-Length": "0",
        "DataServiceId": "https://chrisstablesprim.table.core.windows.net/testtablevugcwsm0(PartitionKey=\u0027somPartition\u0027,RowKey=\u002705\u0027)",
        "Date": "Mon, 18 Oct 2021 17:15:35 GMT",
        "ETag": "W/\u0022datetime\u00272021-10-18T17%3A15%3A35.6776834Z\u0027\u0022",
        "Location": "https://chrisstablesprim.table.core.windows.net/testtablevugcwsm0(PartitionKey=\u0027somPartition\u0027,RowKey=\u002705\u0027)",
        "Preference-Applied": "return-no-content",
        "Server": [
          "Windows-Azure-Table/1.0",
          "Microsoft-HTTPAPI/2.0"
        ],
        "X-Content-Type-Options": "nosniff",
        "x-ms-client-request-id": "c41bc9c980bbe727ed46e935d2d475d2",
        "x-ms-request-id": "930abf2f-4002-008b-0743-c4a774000000",
        "x-ms-version": "2019-02-02"
      },
      "ResponseBody": []
    },
    {
      "RequestUri": "https://chrisstablesprim.table.core.windows.net/testtablevugcwsm0?$format=application%2Fjson%3Bodata%3Dminimalmetadata",
      "RequestMethod": "POST",
      "RequestHeaders": {
        "Accept": "application/json; odata=minimalmetadata",
        "Authorization": "Sanitized",
        "Content-Length": "717",
        "Content-Type": "application/json; odata=nometadata",
        "DataServiceVersion": "3.0",
        "Prefer": "return-no-content",
        "traceparent": "00-133dc8c3ea257741a3a10df5ae045811-591c915d69952646-00",
        "User-Agent": [
          "azsdk-net-Data.Tables/12.3.0-alpha.20211018.1",
          "(.NET 5.0.11; Microsoft Windows 10.0.22000)"
        ],
        "x-ms-client-request-id": "8f60a1f291dfd290d34b06721a7a1a05",
        "x-ms-return-client-request-id": "true",
        "x-ms-version": "2019-02-02"
      },
      "RequestBody": {
        "StringTypeProperty": "This is table entity number 06",
        "DatetimeTypeProperty": "2020-01-01T01:07:00.0000000Z",
        "DatetimeTypeProperty@odata.type": "Edm.DateTime",
        "DatetimeOffsetTypeProperty": "2020-01-01T01:07:00.0000000Z",
        "DatetimeOffsetTypeProperty@odata.type": "Edm.DateTime",
        "GuidTypeProperty": "0d391d16-97f1-4b9a-be68-4cc871f90006",
        "GuidTypeProperty@odata.type": "Edm.Guid",
        "BinaryTypeProperty": "AQIDBAU=",
        "BinaryTypeProperty@odata.type": "Edm.Binary",
        "Int64TypeProperty": "6",
        "Int64TypeProperty@odata.type": "Edm.Int64",
        "UInt64TypeProperty": "6",
        "UInt64TypeProperty@odata.type": "Edm.Int64",
        "DoubleTypeProperty": 6,
        "DoubleTypeProperty@odata.type": "Edm.Double",
        "IntTypeProperty": 6,
        "PartitionKey": "somPartition",
        "RowKey": "06"
      },
      "StatusCode": 204,
      "ResponseHeaders": {
        "Cache-Control": "no-cache",
        "Content-Length": "0",
        "DataServiceId": "https://chrisstablesprim.table.core.windows.net/testtablevugcwsm0(PartitionKey=\u0027somPartition\u0027,RowKey=\u002706\u0027)",
        "Date": "Mon, 18 Oct 2021 17:15:35 GMT",
        "ETag": "W/\u0022datetime\u00272021-10-18T17%3A15%3A35.7647451Z\u0027\u0022",
        "Location": "https://chrisstablesprim.table.core.windows.net/testtablevugcwsm0(PartitionKey=\u0027somPartition\u0027,RowKey=\u002706\u0027)",
        "Preference-Applied": "return-no-content",
        "Server": [
          "Windows-Azure-Table/1.0",
          "Microsoft-HTTPAPI/2.0"
        ],
        "X-Content-Type-Options": "nosniff",
        "x-ms-client-request-id": "8f60a1f291dfd290d34b06721a7a1a05",
        "x-ms-request-id": "930abf35-4002-008b-0d43-c4a774000000",
        "x-ms-version": "2019-02-02"
      },
      "ResponseBody": []
    },
    {
      "RequestUri": "https://chrisstablesprim.table.core.windows.net/testtablevugcwsm0?$format=application%2Fjson%3Bodata%3Dminimalmetadata",
      "RequestMethod": "POST",
      "RequestHeaders": {
        "Accept": "application/json; odata=minimalmetadata",
        "Authorization": "Sanitized",
        "Content-Length": "717",
        "Content-Type": "application/json; odata=nometadata",
        "DataServiceVersion": "3.0",
        "Prefer": "return-no-content",
        "traceparent": "00-fb48b274ccbf6943b48e36927f36710f-62bf0d57a0d4be4d-00",
        "User-Agent": [
          "azsdk-net-Data.Tables/12.3.0-alpha.20211018.1",
          "(.NET 5.0.11; Microsoft Windows 10.0.22000)"
        ],
        "x-ms-client-request-id": "e44e31c1c2ef5aa41ae8a667846f1e5d",
        "x-ms-return-client-request-id": "true",
        "x-ms-version": "2019-02-02"
      },
      "RequestBody": {
        "StringTypeProperty": "This is table entity number 07",
        "DatetimeTypeProperty": "2020-01-01T01:08:00.0000000Z",
        "DatetimeTypeProperty@odata.type": "Edm.DateTime",
        "DatetimeOffsetTypeProperty": "2020-01-01T01:08:00.0000000Z",
        "DatetimeOffsetTypeProperty@odata.type": "Edm.DateTime",
        "GuidTypeProperty": "0d391d16-97f1-4b9a-be68-4cc871f90007",
        "GuidTypeProperty@odata.type": "Edm.Guid",
        "BinaryTypeProperty": "AQIDBAU=",
        "BinaryTypeProperty@odata.type": "Edm.Binary",
        "Int64TypeProperty": "7",
        "Int64TypeProperty@odata.type": "Edm.Int64",
        "UInt64TypeProperty": "7",
        "UInt64TypeProperty@odata.type": "Edm.Int64",
        "DoubleTypeProperty": 7,
        "DoubleTypeProperty@odata.type": "Edm.Double",
        "IntTypeProperty": 7,
        "PartitionKey": "somPartition",
        "RowKey": "07"
      },
      "StatusCode": 204,
      "ResponseHeaders": {
        "Cache-Control": "no-cache",
        "Content-Length": "0",
        "DataServiceId": "https://chrisstablesprim.table.core.windows.net/testtablevugcwsm0(PartitionKey=\u0027somPartition\u0027,RowKey=\u002707\u0027)",
        "Date": "Mon, 18 Oct 2021 17:15:35 GMT",
        "ETag": "W/\u0022datetime\u00272021-10-18T17%3A15%3A35.8528081Z\u0027\u0022",
        "Location": "https://chrisstablesprim.table.core.windows.net/testtablevugcwsm0(PartitionKey=\u0027somPartition\u0027,RowKey=\u002707\u0027)",
        "Preference-Applied": "return-no-content",
        "Server": [
          "Windows-Azure-Table/1.0",
          "Microsoft-HTTPAPI/2.0"
        ],
        "X-Content-Type-Options": "nosniff",
        "x-ms-client-request-id": "e44e31c1c2ef5aa41ae8a667846f1e5d",
        "x-ms-request-id": "930abf3c-4002-008b-1443-c4a774000000",
        "x-ms-version": "2019-02-02"
      },
      "ResponseBody": []
    },
    {
      "RequestUri": "https://chrisstablesprim.table.core.windows.net/testtablevugcwsm0?$format=application%2Fjson%3Bodata%3Dminimalmetadata",
      "RequestMethod": "POST",
      "RequestHeaders": {
        "Accept": "application/json; odata=minimalmetadata",
        "Authorization": "Sanitized",
        "Content-Length": "717",
        "Content-Type": "application/json; odata=nometadata",
        "DataServiceVersion": "3.0",
        "Prefer": "return-no-content",
        "traceparent": "00-c15fe6c60707fc409c895450f89d0361-3e350acdcb8cc147-00",
        "User-Agent": [
          "azsdk-net-Data.Tables/12.3.0-alpha.20211018.1",
          "(.NET 5.0.11; Microsoft Windows 10.0.22000)"
        ],
        "x-ms-client-request-id": "e054e1494562385c3848f0707ab4cc73",
        "x-ms-return-client-request-id": "true",
        "x-ms-version": "2019-02-02"
      },
      "RequestBody": {
        "StringTypeProperty": "This is table entity number 08",
        "DatetimeTypeProperty": "2020-01-01T01:09:00.0000000Z",
        "DatetimeTypeProperty@odata.type": "Edm.DateTime",
        "DatetimeOffsetTypeProperty": "2020-01-01T01:09:00.0000000Z",
        "DatetimeOffsetTypeProperty@odata.type": "Edm.DateTime",
        "GuidTypeProperty": "0d391d16-97f1-4b9a-be68-4cc871f90008",
        "GuidTypeProperty@odata.type": "Edm.Guid",
        "BinaryTypeProperty": "AQIDBAU=",
        "BinaryTypeProperty@odata.type": "Edm.Binary",
        "Int64TypeProperty": "8",
        "Int64TypeProperty@odata.type": "Edm.Int64",
        "UInt64TypeProperty": "8",
        "UInt64TypeProperty@odata.type": "Edm.Int64",
        "DoubleTypeProperty": 8,
        "DoubleTypeProperty@odata.type": "Edm.Double",
        "IntTypeProperty": 8,
        "PartitionKey": "somPartition",
        "RowKey": "08"
      },
      "StatusCode": 204,
      "ResponseHeaders": {
        "Cache-Control": "no-cache",
        "Content-Length": "0",
        "DataServiceId": "https://chrisstablesprim.table.core.windows.net/testtablevugcwsm0(PartitionKey=\u0027somPartition\u0027,RowKey=\u002708\u0027)",
        "Date": "Mon, 18 Oct 2021 17:15:35 GMT",
        "ETag": "W/\u0022datetime\u00272021-10-18T17%3A15%3A35.9388688Z\u0027\u0022",
        "Location": "https://chrisstablesprim.table.core.windows.net/testtablevugcwsm0(PartitionKey=\u0027somPartition\u0027,RowKey=\u002708\u0027)",
        "Preference-Applied": "return-no-content",
        "Server": [
          "Windows-Azure-Table/1.0",
          "Microsoft-HTTPAPI/2.0"
        ],
        "X-Content-Type-Options": "nosniff",
        "x-ms-client-request-id": "e054e1494562385c3848f0707ab4cc73",
        "x-ms-request-id": "930abf42-4002-008b-1943-c4a774000000",
        "x-ms-version": "2019-02-02"
      },
      "ResponseBody": []
    },
    {
      "RequestUri": "https://chrisstablesprim.table.core.windows.net/testtablevugcwsm0?$format=application%2Fjson%3Bodata%3Dminimalmetadata",
      "RequestMethod": "POST",
      "RequestHeaders": {
        "Accept": "application/json; odata=minimalmetadata",
        "Authorization": "Sanitized",
        "Content-Length": "717",
        "Content-Type": "application/json; odata=nometadata",
        "DataServiceVersion": "3.0",
        "Prefer": "return-no-content",
        "traceparent": "00-0ee3e0545f9fb64e831628a9ced47e00-b105fb52217e384a-00",
        "User-Agent": [
          "azsdk-net-Data.Tables/12.3.0-alpha.20211018.1",
          "(.NET 5.0.11; Microsoft Windows 10.0.22000)"
        ],
        "x-ms-client-request-id": "a074e32c918630e2fc0575f6ea284e64",
        "x-ms-return-client-request-id": "true",
        "x-ms-version": "2019-02-02"
      },
      "RequestBody": {
        "StringTypeProperty": "This is table entity number 09",
        "DatetimeTypeProperty": "2020-01-01T01:10:00.0000000Z",
        "DatetimeTypeProperty@odata.type": "Edm.DateTime",
        "DatetimeOffsetTypeProperty": "2020-01-01T01:10:00.0000000Z",
        "DatetimeOffsetTypeProperty@odata.type": "Edm.DateTime",
        "GuidTypeProperty": "0d391d16-97f1-4b9a-be68-4cc871f90009",
        "GuidTypeProperty@odata.type": "Edm.Guid",
        "BinaryTypeProperty": "AQIDBAU=",
        "BinaryTypeProperty@odata.type": "Edm.Binary",
        "Int64TypeProperty": "9",
        "Int64TypeProperty@odata.type": "Edm.Int64",
        "UInt64TypeProperty": "9",
        "UInt64TypeProperty@odata.type": "Edm.Int64",
        "DoubleTypeProperty": 9,
        "DoubleTypeProperty@odata.type": "Edm.Double",
        "IntTypeProperty": 9,
        "PartitionKey": "somPartition",
        "RowKey": "09"
      },
      "StatusCode": 204,
      "ResponseHeaders": {
        "Cache-Control": "no-cache",
        "Content-Length": "0",
        "DataServiceId": "https://chrisstablesprim.table.core.windows.net/testtablevugcwsm0(PartitionKey=\u0027somPartition\u0027,RowKey=\u002709\u0027)",
        "Date": "Mon, 18 Oct 2021 17:15:35 GMT",
        "ETag": "W/\u0022datetime\u00272021-10-18T17%3A15%3A36.0199262Z\u0027\u0022",
        "Location": "https://chrisstablesprim.table.core.windows.net/testtablevugcwsm0(PartitionKey=\u0027somPartition\u0027,RowKey=\u002709\u0027)",
        "Preference-Applied": "return-no-content",
        "Server": [
          "Windows-Azure-Table/1.0",
          "Microsoft-HTTPAPI/2.0"
        ],
        "X-Content-Type-Options": "nosniff",
        "x-ms-client-request-id": "a074e32c918630e2fc0575f6ea284e64",
        "x-ms-request-id": "930abf4a-4002-008b-2143-c4a774000000",
        "x-ms-version": "2019-02-02"
      },
      "ResponseBody": []
    },
    {
      "RequestUri": "https://chrisstablesprim.table.core.windows.net/testtablevugcwsm0?$format=application%2Fjson%3Bodata%3Dminimalmetadata",
      "RequestMethod": "POST",
      "RequestHeaders": {
        "Accept": "application/json; odata=minimalmetadata",
        "Authorization": "Sanitized",
        "Content-Length": "721",
        "Content-Type": "application/json; odata=nometadata",
        "DataServiceVersion": "3.0",
        "Prefer": "return-no-content",
        "traceparent": "00-f654390402c01c42b5f60cd85fba387e-6a7b695909968e49-00",
        "User-Agent": [
          "azsdk-net-Data.Tables/12.3.0-alpha.20211018.1",
          "(.NET 5.0.11; Microsoft Windows 10.0.22000)"
        ],
        "x-ms-client-request-id": "3929a82c39267ca2d516aba6d134df65",
        "x-ms-return-client-request-id": "true",
        "x-ms-version": "2019-02-02"
      },
      "RequestBody": {
        "StringTypeProperty": "This is table entity number 10",
        "DatetimeTypeProperty": "2020-01-01T01:11:00.0000000Z",
        "DatetimeTypeProperty@odata.type": "Edm.DateTime",
        "DatetimeOffsetTypeProperty": "2020-01-01T01:11:00.0000000Z",
        "DatetimeOffsetTypeProperty@odata.type": "Edm.DateTime",
        "GuidTypeProperty": "0d391d16-97f1-4b9a-be68-4cc871f90010",
        "GuidTypeProperty@odata.type": "Edm.Guid",
        "BinaryTypeProperty": "AQIDBAU=",
        "BinaryTypeProperty@odata.type": "Edm.Binary",
        "Int64TypeProperty": "10",
        "Int64TypeProperty@odata.type": "Edm.Int64",
        "UInt64TypeProperty": "10",
        "UInt64TypeProperty@odata.type": "Edm.Int64",
        "DoubleTypeProperty": 10,
        "DoubleTypeProperty@odata.type": "Edm.Double",
        "IntTypeProperty": 10,
        "PartitionKey": "somPartition",
        "RowKey": "10"
      },
      "StatusCode": 204,
      "ResponseHeaders": {
        "Cache-Control": "no-cache",
        "Content-Length": "0",
        "DataServiceId": "https://chrisstablesprim.table.core.windows.net/testtablevugcwsm0(PartitionKey=\u0027somPartition\u0027,RowKey=\u002710\u0027)",
        "Date": "Mon, 18 Oct 2021 17:15:35 GMT",
        "ETag": "W/\u0022datetime\u00272021-10-18T17%3A15%3A36.1159954Z\u0027\u0022",
        "Location": "https://chrisstablesprim.table.core.windows.net/testtablevugcwsm0(PartitionKey=\u0027somPartition\u0027,RowKey=\u002710\u0027)",
        "Preference-Applied": "return-no-content",
        "Server": [
          "Windows-Azure-Table/1.0",
          "Microsoft-HTTPAPI/2.0"
        ],
        "X-Content-Type-Options": "nosniff",
        "x-ms-client-request-id": "3929a82c39267ca2d516aba6d134df65",
        "x-ms-request-id": "930abf53-4002-008b-2943-c4a774000000",
        "x-ms-version": "2019-02-02"
      },
      "ResponseBody": []
    },
    {
      "RequestUri": "https://chrisstablesprim.table.core.windows.net/testtablevugcwsm0?$format=application%2Fjson%3Bodata%3Dminimalmetadata",
      "RequestMethod": "POST",
      "RequestHeaders": {
        "Accept": "application/json; odata=minimalmetadata",
        "Authorization": "Sanitized",
        "Content-Length": "721",
        "Content-Type": "application/json; odata=nometadata",
        "DataServiceVersion": "3.0",
        "Prefer": "return-no-content",
        "traceparent": "00-1f2529efad26784faa25378e7e1c3760-3d13cdeba748bb4c-00",
        "User-Agent": [
          "azsdk-net-Data.Tables/12.3.0-alpha.20211018.1",
          "(.NET 5.0.11; Microsoft Windows 10.0.22000)"
        ],
        "x-ms-client-request-id": "a03b331c7dfbb8d6fe23e35dcf654e0f",
        "x-ms-return-client-request-id": "true",
        "x-ms-version": "2019-02-02"
      },
      "RequestBody": {
        "StringTypeProperty": "This is table entity number 11",
        "DatetimeTypeProperty": "2020-01-01T01:12:00.0000000Z",
        "DatetimeTypeProperty@odata.type": "Edm.DateTime",
        "DatetimeOffsetTypeProperty": "2020-01-01T01:12:00.0000000Z",
        "DatetimeOffsetTypeProperty@odata.type": "Edm.DateTime",
        "GuidTypeProperty": "0d391d16-97f1-4b9a-be68-4cc871f90011",
        "GuidTypeProperty@odata.type": "Edm.Guid",
        "BinaryTypeProperty": "AQIDBAU=",
        "BinaryTypeProperty@odata.type": "Edm.Binary",
        "Int64TypeProperty": "11",
        "Int64TypeProperty@odata.type": "Edm.Int64",
        "UInt64TypeProperty": "11",
        "UInt64TypeProperty@odata.type": "Edm.Int64",
        "DoubleTypeProperty": 11,
        "DoubleTypeProperty@odata.type": "Edm.Double",
        "IntTypeProperty": 11,
        "PartitionKey": "somPartition",
        "RowKey": "11"
      },
      "StatusCode": 204,
      "ResponseHeaders": {
        "Cache-Control": "no-cache",
        "Content-Length": "0",
        "DataServiceId": "https://chrisstablesprim.table.core.windows.net/testtablevugcwsm0(PartitionKey=\u0027somPartition\u0027,RowKey=\u002711\u0027)",
        "Date": "Mon, 18 Oct 2021 17:15:36 GMT",
        "ETag": "W/\u0022datetime\u00272021-10-18T17%3A15%3A36.2050585Z\u0027\u0022",
        "Location": "https://chrisstablesprim.table.core.windows.net/testtablevugcwsm0(PartitionKey=\u0027somPartition\u0027,RowKey=\u002711\u0027)",
        "Preference-Applied": "return-no-content",
        "Server": [
          "Windows-Azure-Table/1.0",
          "Microsoft-HTTPAPI/2.0"
        ],
        "X-Content-Type-Options": "nosniff",
        "x-ms-client-request-id": "a03b331c7dfbb8d6fe23e35dcf654e0f",
        "x-ms-request-id": "930abf60-4002-008b-3643-c4a774000000",
        "x-ms-version": "2019-02-02"
      },
      "ResponseBody": []
    },
    {
      "RequestUri": "https://chrisstablesprim.table.core.windows.net/testtablevugcwsm0?$format=application%2Fjson%3Bodata%3Dminimalmetadata",
      "RequestMethod": "POST",
      "RequestHeaders": {
        "Accept": "application/json; odata=minimalmetadata",
        "Authorization": "Sanitized",
        "Content-Length": "721",
        "Content-Type": "application/json; odata=nometadata",
        "DataServiceVersion": "3.0",
        "Prefer": "return-no-content",
        "traceparent": "00-f8fcaf691c844f41aedcb7188c7f1c4b-761991da88d9d349-00",
        "User-Agent": [
          "azsdk-net-Data.Tables/12.3.0-alpha.20211018.1",
          "(.NET 5.0.11; Microsoft Windows 10.0.22000)"
        ],
        "x-ms-client-request-id": "d1438cfa928bf24d40f7cb70e53b5fc8",
        "x-ms-return-client-request-id": "true",
        "x-ms-version": "2019-02-02"
      },
      "RequestBody": {
        "StringTypeProperty": "This is table entity number 12",
        "DatetimeTypeProperty": "2020-01-01T01:13:00.0000000Z",
        "DatetimeTypeProperty@odata.type": "Edm.DateTime",
        "DatetimeOffsetTypeProperty": "2020-01-01T01:13:00.0000000Z",
        "DatetimeOffsetTypeProperty@odata.type": "Edm.DateTime",
        "GuidTypeProperty": "0d391d16-97f1-4b9a-be68-4cc871f90012",
        "GuidTypeProperty@odata.type": "Edm.Guid",
        "BinaryTypeProperty": "AQIDBAU=",
        "BinaryTypeProperty@odata.type": "Edm.Binary",
        "Int64TypeProperty": "12",
        "Int64TypeProperty@odata.type": "Edm.Int64",
        "UInt64TypeProperty": "12",
        "UInt64TypeProperty@odata.type": "Edm.Int64",
        "DoubleTypeProperty": 12,
        "DoubleTypeProperty@odata.type": "Edm.Double",
        "IntTypeProperty": 12,
        "PartitionKey": "somPartition",
        "RowKey": "12"
      },
      "StatusCode": 204,
      "ResponseHeaders": {
        "Cache-Control": "no-cache",
        "Content-Length": "0",
        "DataServiceId": "https://chrisstablesprim.table.core.windows.net/testtablevugcwsm0(PartitionKey=\u0027somPartition\u0027,RowKey=\u002712\u0027)",
        "Date": "Mon, 18 Oct 2021 17:15:36 GMT",
        "ETag": "W/\u0022datetime\u00272021-10-18T17%3A15%3A36.2891182Z\u0027\u0022",
        "Location": "https://chrisstablesprim.table.core.windows.net/testtablevugcwsm0(PartitionKey=\u0027somPartition\u0027,RowKey=\u002712\u0027)",
        "Preference-Applied": "return-no-content",
        "Server": [
          "Windows-Azure-Table/1.0",
          "Microsoft-HTTPAPI/2.0"
        ],
        "X-Content-Type-Options": "nosniff",
        "x-ms-client-request-id": "d1438cfa928bf24d40f7cb70e53b5fc8",
        "x-ms-request-id": "930abf6b-4002-008b-3d43-c4a774000000",
        "x-ms-version": "2019-02-02"
      },
      "ResponseBody": []
    },
    {
      "RequestUri": "https://chrisstablesprim.table.core.windows.net/testtablevugcwsm0?$format=application%2Fjson%3Bodata%3Dminimalmetadata",
      "RequestMethod": "POST",
      "RequestHeaders": {
        "Accept": "application/json; odata=minimalmetadata",
        "Authorization": "Sanitized",
        "Content-Length": "721",
        "Content-Type": "application/json; odata=nometadata",
        "DataServiceVersion": "3.0",
        "Prefer": "return-no-content",
        "traceparent": "00-74c6b0fb8281a74b84ad4b62a2449b72-4afd15ddd87ce246-00",
        "User-Agent": [
          "azsdk-net-Data.Tables/12.3.0-alpha.20211018.1",
          "(.NET 5.0.11; Microsoft Windows 10.0.22000)"
        ],
        "x-ms-client-request-id": "b7da0f26aeecaf69d2703b025645ac70",
        "x-ms-return-client-request-id": "true",
        "x-ms-version": "2019-02-02"
      },
      "RequestBody": {
        "StringTypeProperty": "This is table entity number 13",
        "DatetimeTypeProperty": "2020-01-01T01:14:00.0000000Z",
        "DatetimeTypeProperty@odata.type": "Edm.DateTime",
        "DatetimeOffsetTypeProperty": "2020-01-01T01:14:00.0000000Z",
        "DatetimeOffsetTypeProperty@odata.type": "Edm.DateTime",
        "GuidTypeProperty": "0d391d16-97f1-4b9a-be68-4cc871f90013",
        "GuidTypeProperty@odata.type": "Edm.Guid",
        "BinaryTypeProperty": "AQIDBAU=",
        "BinaryTypeProperty@odata.type": "Edm.Binary",
        "Int64TypeProperty": "13",
        "Int64TypeProperty@odata.type": "Edm.Int64",
        "UInt64TypeProperty": "13",
        "UInt64TypeProperty@odata.type": "Edm.Int64",
        "DoubleTypeProperty": 13,
        "DoubleTypeProperty@odata.type": "Edm.Double",
        "IntTypeProperty": 13,
        "PartitionKey": "somPartition",
        "RowKey": "13"
      },
      "StatusCode": 204,
      "ResponseHeaders": {
        "Cache-Control": "no-cache",
        "Content-Length": "0",
        "DataServiceId": "https://chrisstablesprim.table.core.windows.net/testtablevugcwsm0(PartitionKey=\u0027somPartition\u0027,RowKey=\u002713\u0027)",
        "Date": "Mon, 18 Oct 2021 17:15:36 GMT",
        "ETag": "W/\u0022datetime\u00272021-10-18T17%3A15%3A36.3791818Z\u0027\u0022",
        "Location": "https://chrisstablesprim.table.core.windows.net/testtablevugcwsm0(PartitionKey=\u0027somPartition\u0027,RowKey=\u002713\u0027)",
        "Preference-Applied": "return-no-content",
        "Server": [
          "Windows-Azure-Table/1.0",
          "Microsoft-HTTPAPI/2.0"
        ],
        "X-Content-Type-Options": "nosniff",
        "x-ms-client-request-id": "b7da0f26aeecaf69d2703b025645ac70",
        "x-ms-request-id": "930abf71-4002-008b-4343-c4a774000000",
        "x-ms-version": "2019-02-02"
      },
      "ResponseBody": []
    },
    {
      "RequestUri": "https://chrisstablesprim.table.core.windows.net/testtablevugcwsm0?$format=application%2Fjson%3Bodata%3Dminimalmetadata",
      "RequestMethod": "POST",
      "RequestHeaders": {
        "Accept": "application/json; odata=minimalmetadata",
        "Authorization": "Sanitized",
        "Content-Length": "721",
        "Content-Type": "application/json; odata=nometadata",
        "DataServiceVersion": "3.0",
        "Prefer": "return-no-content",
        "traceparent": "00-c40d4b8566fa35478b9238fb46a683bd-2ec84a080c64c442-00",
        "User-Agent": [
          "azsdk-net-Data.Tables/12.3.0-alpha.20211018.1",
          "(.NET 5.0.11; Microsoft Windows 10.0.22000)"
        ],
        "x-ms-client-request-id": "44ac9bc80df089dae5495f03b266d3c2",
        "x-ms-return-client-request-id": "true",
        "x-ms-version": "2019-02-02"
      },
      "RequestBody": {
        "StringTypeProperty": "This is table entity number 14",
        "DatetimeTypeProperty": "2020-01-01T01:15:00.0000000Z",
        "DatetimeTypeProperty@odata.type": "Edm.DateTime",
        "DatetimeOffsetTypeProperty": "2020-01-01T01:15:00.0000000Z",
        "DatetimeOffsetTypeProperty@odata.type": "Edm.DateTime",
        "GuidTypeProperty": "0d391d16-97f1-4b9a-be68-4cc871f90014",
        "GuidTypeProperty@odata.type": "Edm.Guid",
        "BinaryTypeProperty": "AQIDBAU=",
        "BinaryTypeProperty@odata.type": "Edm.Binary",
        "Int64TypeProperty": "14",
        "Int64TypeProperty@odata.type": "Edm.Int64",
        "UInt64TypeProperty": "14",
        "UInt64TypeProperty@odata.type": "Edm.Int64",
        "DoubleTypeProperty": 14,
        "DoubleTypeProperty@odata.type": "Edm.Double",
        "IntTypeProperty": 14,
        "PartitionKey": "somPartition",
        "RowKey": "14"
      },
      "StatusCode": 204,
      "ResponseHeaders": {
        "Cache-Control": "no-cache",
        "Content-Length": "0",
        "DataServiceId": "https://chrisstablesprim.table.core.windows.net/testtablevugcwsm0(PartitionKey=\u0027somPartition\u0027,RowKey=\u002714\u0027)",
        "Date": "Mon, 18 Oct 2021 17:15:36 GMT",
        "ETag": "W/\u0022datetime\u00272021-10-18T17%3A15%3A36.4612397Z\u0027\u0022",
        "Location": "https://chrisstablesprim.table.core.windows.net/testtablevugcwsm0(PartitionKey=\u0027somPartition\u0027,RowKey=\u002714\u0027)",
        "Preference-Applied": "return-no-content",
        "Server": [
          "Windows-Azure-Table/1.0",
          "Microsoft-HTTPAPI/2.0"
        ],
        "X-Content-Type-Options": "nosniff",
        "x-ms-client-request-id": "44ac9bc80df089dae5495f03b266d3c2",
        "x-ms-request-id": "930abf79-4002-008b-4b43-c4a774000000",
        "x-ms-version": "2019-02-02"
      },
      "ResponseBody": []
    },
    {
      "RequestUri": "https://chrisstablesprim.table.core.windows.net/testtablevugcwsm0?$format=application%2Fjson%3Bodata%3Dminimalmetadata",
      "RequestMethod": "POST",
      "RequestHeaders": {
        "Accept": "application/json; odata=minimalmetadata",
        "Authorization": "Sanitized",
        "Content-Length": "721",
        "Content-Type": "application/json; odata=nometadata",
        "DataServiceVersion": "3.0",
        "Prefer": "return-no-content",
        "traceparent": "00-5ac3d4b4b45c174988bf62b1e413a0a1-d32b243a4dc62e4c-00",
        "User-Agent": [
          "azsdk-net-Data.Tables/12.3.0-alpha.20211018.1",
          "(.NET 5.0.11; Microsoft Windows 10.0.22000)"
        ],
        "x-ms-client-request-id": "c0371ac3968b4c222294ff1a564a9bfa",
        "x-ms-return-client-request-id": "true",
        "x-ms-version": "2019-02-02"
      },
      "RequestBody": {
        "StringTypeProperty": "This is table entity number 15",
        "DatetimeTypeProperty": "2020-01-01T01:16:00.0000000Z",
        "DatetimeTypeProperty@odata.type": "Edm.DateTime",
        "DatetimeOffsetTypeProperty": "2020-01-01T01:16:00.0000000Z",
        "DatetimeOffsetTypeProperty@odata.type": "Edm.DateTime",
        "GuidTypeProperty": "0d391d16-97f1-4b9a-be68-4cc871f90015",
        "GuidTypeProperty@odata.type": "Edm.Guid",
        "BinaryTypeProperty": "AQIDBAU=",
        "BinaryTypeProperty@odata.type": "Edm.Binary",
        "Int64TypeProperty": "15",
        "Int64TypeProperty@odata.type": "Edm.Int64",
        "UInt64TypeProperty": "15",
        "UInt64TypeProperty@odata.type": "Edm.Int64",
        "DoubleTypeProperty": 15,
        "DoubleTypeProperty@odata.type": "Edm.Double",
        "IntTypeProperty": 15,
        "PartitionKey": "somPartition",
        "RowKey": "15"
      },
      "StatusCode": 204,
      "ResponseHeaders": {
        "Cache-Control": "no-cache",
        "Content-Length": "0",
        "DataServiceId": "https://chrisstablesprim.table.core.windows.net/testtablevugcwsm0(PartitionKey=\u0027somPartition\u0027,RowKey=\u002715\u0027)",
        "Date": "Mon, 18 Oct 2021 17:15:36 GMT",
        "ETag": "W/\u0022datetime\u00272021-10-18T17%3A15%3A36.5473013Z\u0027\u0022",
        "Location": "https://chrisstablesprim.table.core.windows.net/testtablevugcwsm0(PartitionKey=\u0027somPartition\u0027,RowKey=\u002715\u0027)",
        "Preference-Applied": "return-no-content",
        "Server": [
          "Windows-Azure-Table/1.0",
          "Microsoft-HTTPAPI/2.0"
        ],
        "X-Content-Type-Options": "nosniff",
        "x-ms-client-request-id": "c0371ac3968b4c222294ff1a564a9bfa",
        "x-ms-request-id": "930abf82-4002-008b-5243-c4a774000000",
        "x-ms-version": "2019-02-02"
      },
      "ResponseBody": []
    },
    {
      "RequestUri": "https://chrisstablesprim.table.core.windows.net/testtablevugcwsm0?$format=application%2Fjson%3Bodata%3Dminimalmetadata",
      "RequestMethod": "POST",
      "RequestHeaders": {
        "Accept": "application/json; odata=minimalmetadata",
        "Authorization": "Sanitized",
        "Content-Length": "721",
        "Content-Type": "application/json; odata=nometadata",
        "DataServiceVersion": "3.0",
        "Prefer": "return-no-content",
        "traceparent": "00-775e4629d12ad34d91cbbab286da22a9-4af48fd74dc9c24e-00",
        "User-Agent": [
          "azsdk-net-Data.Tables/12.3.0-alpha.20211018.1",
          "(.NET 5.0.11; Microsoft Windows 10.0.22000)"
        ],
        "x-ms-client-request-id": "49a75a4b1a8f18d83550d1a34e66fc6b",
        "x-ms-return-client-request-id": "true",
        "x-ms-version": "2019-02-02"
      },
      "RequestBody": {
        "StringTypeProperty": "This is table entity number 16",
        "DatetimeTypeProperty": "2020-01-01T01:17:00.0000000Z",
        "DatetimeTypeProperty@odata.type": "Edm.DateTime",
        "DatetimeOffsetTypeProperty": "2020-01-01T01:17:00.0000000Z",
        "DatetimeOffsetTypeProperty@odata.type": "Edm.DateTime",
        "GuidTypeProperty": "0d391d16-97f1-4b9a-be68-4cc871f90016",
        "GuidTypeProperty@odata.type": "Edm.Guid",
        "BinaryTypeProperty": "AQIDBAU=",
        "BinaryTypeProperty@odata.type": "Edm.Binary",
        "Int64TypeProperty": "16",
        "Int64TypeProperty@odata.type": "Edm.Int64",
        "UInt64TypeProperty": "16",
        "UInt64TypeProperty@odata.type": "Edm.Int64",
        "DoubleTypeProperty": 16,
        "DoubleTypeProperty@odata.type": "Edm.Double",
        "IntTypeProperty": 16,
        "PartitionKey": "somPartition",
        "RowKey": "16"
      },
      "StatusCode": 204,
      "ResponseHeaders": {
        "Cache-Control": "no-cache",
        "Content-Length": "0",
        "DataServiceId": "https://chrisstablesprim.table.core.windows.net/testtablevugcwsm0(PartitionKey=\u0027somPartition\u0027,RowKey=\u002716\u0027)",
        "Date": "Mon, 18 Oct 2021 17:15:36 GMT",
        "ETag": "W/\u0022datetime\u00272021-10-18T17%3A15%3A36.6373662Z\u0027\u0022",
        "Location": "https://chrisstablesprim.table.core.windows.net/testtablevugcwsm0(PartitionKey=\u0027somPartition\u0027,RowKey=\u002716\u0027)",
        "Preference-Applied": "return-no-content",
        "Server": [
          "Windows-Azure-Table/1.0",
          "Microsoft-HTTPAPI/2.0"
        ],
        "X-Content-Type-Options": "nosniff",
        "x-ms-client-request-id": "49a75a4b1a8f18d83550d1a34e66fc6b",
        "x-ms-request-id": "930abf89-4002-008b-5943-c4a774000000",
        "x-ms-version": "2019-02-02"
      },
      "ResponseBody": []
    },
    {
      "RequestUri": "https://chrisstablesprim.table.core.windows.net/testtablevugcwsm0?$format=application%2Fjson%3Bodata%3Dminimalmetadata",
      "RequestMethod": "POST",
      "RequestHeaders": {
        "Accept": "application/json; odata=minimalmetadata",
        "Authorization": "Sanitized",
        "Content-Length": "721",
        "Content-Type": "application/json; odata=nometadata",
        "DataServiceVersion": "3.0",
        "Prefer": "return-no-content",
        "traceparent": "00-a57c0db939380946838a3808087e1f1c-a2b862c3d737384a-00",
        "User-Agent": [
          "azsdk-net-Data.Tables/12.3.0-alpha.20211018.1",
          "(.NET 5.0.11; Microsoft Windows 10.0.22000)"
        ],
        "x-ms-client-request-id": "3c3f799dec0e31e57960225b0ebf339a",
        "x-ms-return-client-request-id": "true",
        "x-ms-version": "2019-02-02"
      },
      "RequestBody": {
        "StringTypeProperty": "This is table entity number 17",
        "DatetimeTypeProperty": "2020-01-01T01:18:00.0000000Z",
        "DatetimeTypeProperty@odata.type": "Edm.DateTime",
        "DatetimeOffsetTypeProperty": "2020-01-01T01:18:00.0000000Z",
        "DatetimeOffsetTypeProperty@odata.type": "Edm.DateTime",
        "GuidTypeProperty": "0d391d16-97f1-4b9a-be68-4cc871f90017",
        "GuidTypeProperty@odata.type": "Edm.Guid",
        "BinaryTypeProperty": "AQIDBAU=",
        "BinaryTypeProperty@odata.type": "Edm.Binary",
        "Int64TypeProperty": "17",
        "Int64TypeProperty@odata.type": "Edm.Int64",
        "UInt64TypeProperty": "17",
        "UInt64TypeProperty@odata.type": "Edm.Int64",
        "DoubleTypeProperty": 17,
        "DoubleTypeProperty@odata.type": "Edm.Double",
        "IntTypeProperty": 17,
        "PartitionKey": "somPartition",
        "RowKey": "17"
      },
      "StatusCode": 204,
      "ResponseHeaders": {
        "Cache-Control": "no-cache",
        "Content-Length": "0",
        "DataServiceId": "https://chrisstablesprim.table.core.windows.net/testtablevugcwsm0(PartitionKey=\u0027somPartition\u0027,RowKey=\u002717\u0027)",
        "Date": "Mon, 18 Oct 2021 17:15:36 GMT",
        "ETag": "W/\u0022datetime\u00272021-10-18T17%3A15%3A36.7254284Z\u0027\u0022",
        "Location": "https://chrisstablesprim.table.core.windows.net/testtablevugcwsm0(PartitionKey=\u0027somPartition\u0027,RowKey=\u002717\u0027)",
        "Preference-Applied": "return-no-content",
        "Server": [
          "Windows-Azure-Table/1.0",
          "Microsoft-HTTPAPI/2.0"
        ],
        "X-Content-Type-Options": "nosniff",
        "x-ms-client-request-id": "3c3f799dec0e31e57960225b0ebf339a",
        "x-ms-request-id": "930abf94-4002-008b-6243-c4a774000000",
        "x-ms-version": "2019-02-02"
      },
      "ResponseBody": []
    },
    {
      "RequestUri": "https://chrisstablesprim.table.core.windows.net/testtablevugcwsm0?$format=application%2Fjson%3Bodata%3Dminimalmetadata",
      "RequestMethod": "POST",
      "RequestHeaders": {
        "Accept": "application/json; odata=minimalmetadata",
        "Authorization": "Sanitized",
        "Content-Length": "721",
        "Content-Type": "application/json; odata=nometadata",
        "DataServiceVersion": "3.0",
        "Prefer": "return-no-content",
        "traceparent": "00-857a76beaf7ed5449d91cb65f1ce319a-95c079164459c847-00",
        "User-Agent": [
          "azsdk-net-Data.Tables/12.3.0-alpha.20211018.1",
          "(.NET 5.0.11; Microsoft Windows 10.0.22000)"
        ],
        "x-ms-client-request-id": "57b865ae8abea833421e8b3ac47ffdbc",
        "x-ms-return-client-request-id": "true",
        "x-ms-version": "2019-02-02"
      },
      "RequestBody": {
        "StringTypeProperty": "This is table entity number 18",
        "DatetimeTypeProperty": "2020-01-01T01:19:00.0000000Z",
        "DatetimeTypeProperty@odata.type": "Edm.DateTime",
        "DatetimeOffsetTypeProperty": "2020-01-01T01:19:00.0000000Z",
        "DatetimeOffsetTypeProperty@odata.type": "Edm.DateTime",
        "GuidTypeProperty": "0d391d16-97f1-4b9a-be68-4cc871f90018",
        "GuidTypeProperty@odata.type": "Edm.Guid",
        "BinaryTypeProperty": "AQIDBAU=",
        "BinaryTypeProperty@odata.type": "Edm.Binary",
        "Int64TypeProperty": "18",
        "Int64TypeProperty@odata.type": "Edm.Int64",
        "UInt64TypeProperty": "18",
        "UInt64TypeProperty@odata.type": "Edm.Int64",
        "DoubleTypeProperty": 18,
        "DoubleTypeProperty@odata.type": "Edm.Double",
        "IntTypeProperty": 18,
        "PartitionKey": "somPartition",
        "RowKey": "18"
      },
      "StatusCode": 204,
      "ResponseHeaders": {
        "Cache-Control": "no-cache",
        "Content-Length": "0",
        "DataServiceId": "https://chrisstablesprim.table.core.windows.net/testtablevugcwsm0(PartitionKey=\u0027somPartition\u0027,RowKey=\u002718\u0027)",
        "Date": "Mon, 18 Oct 2021 17:15:36 GMT",
        "ETag": "W/\u0022datetime\u00272021-10-18T17%3A15%3A36.8154924Z\u0027\u0022",
        "Location": "https://chrisstablesprim.table.core.windows.net/testtablevugcwsm0(PartitionKey=\u0027somPartition\u0027,RowKey=\u002718\u0027)",
        "Preference-Applied": "return-no-content",
        "Server": [
          "Windows-Azure-Table/1.0",
          "Microsoft-HTTPAPI/2.0"
        ],
        "X-Content-Type-Options": "nosniff",
        "x-ms-client-request-id": "57b865ae8abea833421e8b3ac47ffdbc",
        "x-ms-request-id": "930abf9a-4002-008b-6843-c4a774000000",
        "x-ms-version": "2019-02-02"
      },
      "ResponseBody": []
    },
    {
      "RequestUri": "https://chrisstablesprim.table.core.windows.net/testtablevugcwsm0?$format=application%2Fjson%3Bodata%3Dminimalmetadata",
      "RequestMethod": "POST",
      "RequestHeaders": {
        "Accept": "application/json; odata=minimalmetadata",
        "Authorization": "Sanitized",
        "Content-Length": "721",
        "Content-Type": "application/json; odata=nometadata",
        "DataServiceVersion": "3.0",
        "Prefer": "return-no-content",
        "traceparent": "00-f35b9844c9585b47a985cd90f60c06cb-c43aca2b3acdb44b-00",
        "User-Agent": [
          "azsdk-net-Data.Tables/12.3.0-alpha.20211018.1",
          "(.NET 5.0.11; Microsoft Windows 10.0.22000)"
        ],
        "x-ms-client-request-id": "dd7d94985f0b5eec7576d02ef87c0975",
        "x-ms-return-client-request-id": "true",
        "x-ms-version": "2019-02-02"
      },
      "RequestBody": {
        "StringTypeProperty": "This is table entity number 19",
        "DatetimeTypeProperty": "2020-01-01T01:20:00.0000000Z",
        "DatetimeTypeProperty@odata.type": "Edm.DateTime",
        "DatetimeOffsetTypeProperty": "2020-01-01T01:20:00.0000000Z",
        "DatetimeOffsetTypeProperty@odata.type": "Edm.DateTime",
        "GuidTypeProperty": "0d391d16-97f1-4b9a-be68-4cc871f90019",
        "GuidTypeProperty@odata.type": "Edm.Guid",
        "BinaryTypeProperty": "AQIDBAU=",
        "BinaryTypeProperty@odata.type": "Edm.Binary",
        "Int64TypeProperty": "19",
        "Int64TypeProperty@odata.type": "Edm.Int64",
        "UInt64TypeProperty": "19",
        "UInt64TypeProperty@odata.type": "Edm.Int64",
        "DoubleTypeProperty": 19,
        "DoubleTypeProperty@odata.type": "Edm.Double",
        "IntTypeProperty": 19,
        "PartitionKey": "somPartition",
        "RowKey": "19"
      },
      "StatusCode": 204,
      "ResponseHeaders": {
        "Cache-Control": "no-cache",
        "Content-Length": "0",
        "DataServiceId": "https://chrisstablesprim.table.core.windows.net/testtablevugcwsm0(PartitionKey=\u0027somPartition\u0027,RowKey=\u002719\u0027)",
        "Date": "Mon, 18 Oct 2021 17:15:36 GMT",
        "ETag": "W/\u0022datetime\u00272021-10-18T17%3A15%3A36.9015531Z\u0027\u0022",
        "Location": "https://chrisstablesprim.table.core.windows.net/testtablevugcwsm0(PartitionKey=\u0027somPartition\u0027,RowKey=\u002719\u0027)",
        "Preference-Applied": "return-no-content",
        "Server": [
          "Windows-Azure-Table/1.0",
          "Microsoft-HTTPAPI/2.0"
        ],
        "X-Content-Type-Options": "nosniff",
        "x-ms-client-request-id": "dd7d94985f0b5eec7576d02ef87c0975",
        "x-ms-request-id": "930abfa2-4002-008b-6e43-c4a774000000",
        "x-ms-version": "2019-02-02"
      },
      "ResponseBody": []
    },
    {
      "RequestUri": "https://chrisstablesprim.table.core.windows.net/testtablevugcwsm0?$format=application%2Fjson%3Bodata%3Dminimalmetadata",
      "RequestMethod": "POST",
      "RequestHeaders": {
        "Accept": "application/json; odata=minimalmetadata",
        "Authorization": "Sanitized",
        "Content-Length": "721",
        "Content-Type": "application/json; odata=nometadata",
        "DataServiceVersion": "3.0",
        "Prefer": "return-no-content",
        "traceparent": "00-149ad56cb348be4ea39aa17580b12b68-eec0ad8877fee54e-00",
        "User-Agent": [
          "azsdk-net-Data.Tables/12.3.0-alpha.20211018.1",
          "(.NET 5.0.11; Microsoft Windows 10.0.22000)"
        ],
        "x-ms-client-request-id": "e8f4361da4ad13ac4596faef60aa6cf9",
        "x-ms-return-client-request-id": "true",
        "x-ms-version": "2019-02-02"
      },
      "RequestBody": {
        "StringTypeProperty": "This is table entity number 20",
        "DatetimeTypeProperty": "2020-01-01T01:21:00.0000000Z",
        "DatetimeTypeProperty@odata.type": "Edm.DateTime",
        "DatetimeOffsetTypeProperty": "2020-01-01T01:21:00.0000000Z",
        "DatetimeOffsetTypeProperty@odata.type": "Edm.DateTime",
        "GuidTypeProperty": "0d391d16-97f1-4b9a-be68-4cc871f90020",
        "GuidTypeProperty@odata.type": "Edm.Guid",
        "BinaryTypeProperty": "AQIDBAU=",
        "BinaryTypeProperty@odata.type": "Edm.Binary",
        "Int64TypeProperty": "20",
        "Int64TypeProperty@odata.type": "Edm.Int64",
        "UInt64TypeProperty": "20",
        "UInt64TypeProperty@odata.type": "Edm.Int64",
        "DoubleTypeProperty": 20,
        "DoubleTypeProperty@odata.type": "Edm.Double",
        "IntTypeProperty": 20,
        "PartitionKey": "somPartition",
        "RowKey": "20"
      },
      "StatusCode": 204,
      "ResponseHeaders": {
        "Cache-Control": "no-cache",
        "Content-Length": "0",
        "DataServiceId": "https://chrisstablesprim.table.core.windows.net/testtablevugcwsm0(PartitionKey=\u0027somPartition\u0027,RowKey=\u002720\u0027)",
        "Date": "Mon, 18 Oct 2021 17:15:36 GMT",
        "ETag": "W/\u0022datetime\u00272021-10-18T17%3A15%3A36.9896157Z\u0027\u0022",
        "Location": "https://chrisstablesprim.table.core.windows.net/testtablevugcwsm0(PartitionKey=\u0027somPartition\u0027,RowKey=\u002720\u0027)",
        "Preference-Applied": "return-no-content",
        "Server": [
          "Windows-Azure-Table/1.0",
          "Microsoft-HTTPAPI/2.0"
        ],
        "X-Content-Type-Options": "nosniff",
        "x-ms-client-request-id": "e8f4361da4ad13ac4596faef60aa6cf9",
        "x-ms-request-id": "930abfa8-4002-008b-7443-c4a774000000",
        "x-ms-version": "2019-02-02"
      },
      "ResponseBody": []
    },
    {
      "RequestUri": "https://chrisstablesprim.table.core.windows.net/testtablevugcwsm0()?$format=application%2Fjson%3Bodata%3Dminimalmetadata",
      "RequestMethod": "GET",
      "RequestHeaders": {
        "Accept": "application/json; odata=minimalmetadata",
        "Authorization": "Sanitized",
        "DataServiceVersion": "3.0",
        "traceparent": "00-0ac5dc1ef059ea498d12dc289fe8ae46-24ed54e36af90141-00",
        "User-Agent": [
          "azsdk-net-Data.Tables/12.3.0-alpha.20211018.1",
          "(.NET 5.0.11; Microsoft Windows 10.0.22000)"
        ],
        "x-ms-client-request-id": "79c3656255424f8f7859e248b905afc5",
        "x-ms-return-client-request-id": "true",
        "x-ms-version": "2019-02-02"
      },
      "RequestBody": null,
      "StatusCode": 200,
      "ResponseHeaders": {
        "Cache-Control": "no-cache",
        "Content-Type": "application/json; odata=minimalmetadata; streaming=true; charset=utf-8",
        "Date": "Mon, 18 Oct 2021 17:15:36 GMT",
        "Server": [
          "Windows-Azure-Table/1.0",
          "Microsoft-HTTPAPI/2.0"
        ],
        "Transfer-Encoding": "chunked",
        "X-Content-Type-Options": "nosniff",
        "x-ms-client-request-id": "79c3656255424f8f7859e248b905afc5",
        "x-ms-request-id": "930abfb6-4002-008b-8043-c4a774000000",
        "x-ms-version": "2019-02-02"
      },
      "ResponseBody": {
        "odata.metadata": "https://chrisstablesprim.table.core.windows.net/$metadata#testtablevugcwsm0",
        "value": [
          {
            "odata.etag": "W/\u0022datetime\u00272021-10-18T17%3A15%3A35.3174278Z\u0027\u0022",
            "PartitionKey": "somPartition",
            "RowKey": "01",
            "Timestamp": "2021-10-18T17:15:35.3174278Z",
            "StringTypeProperty": "This is table entity number 01",
            "DatetimeTypeProperty@odata.type": "Edm.DateTime",
            "DatetimeTypeProperty": "2020-01-01T01:02:00Z",
            "DatetimeOffsetTypeProperty@odata.type": "Edm.DateTime",
            "DatetimeOffsetTypeProperty": "2020-01-01T01:02:00Z",
            "GuidTypeProperty@odata.type": "Edm.Guid",
            "GuidTypeProperty": "0d391d16-97f1-4b9a-be68-4cc871f90001",
            "BinaryTypeProperty@odata.type": "Edm.Binary",
            "BinaryTypeProperty": "AQIDBAU=",
            "Int64TypeProperty@odata.type": "Edm.Int64",
            "Int64TypeProperty": "1",
            "UInt64TypeProperty@odata.type": "Edm.Int64",
            "UInt64TypeProperty": "1",
            "DoubleTypeProperty": 1.0,
            "IntTypeProperty": 1
          },
          {
            "odata.etag": "W/\u0022datetime\u00272021-10-18T17%3A15%3A35.4104933Z\u0027\u0022",
            "PartitionKey": "somPartition",
            "RowKey": "02",
            "Timestamp": "2021-10-18T17:15:35.4104933Z",
            "StringTypeProperty": "This is table entity number 02",
            "DatetimeTypeProperty@odata.type": "Edm.DateTime",
            "DatetimeTypeProperty": "2020-01-01T01:03:00Z",
            "DatetimeOffsetTypeProperty@odata.type": "Edm.DateTime",
            "DatetimeOffsetTypeProperty": "2020-01-01T01:03:00Z",
            "GuidTypeProperty@odata.type": "Edm.Guid",
            "GuidTypeProperty": "0d391d16-97f1-4b9a-be68-4cc871f90002",
            "BinaryTypeProperty@odata.type": "Edm.Binary",
            "BinaryTypeProperty": "AQIDBAU=",
            "Int64TypeProperty@odata.type": "Edm.Int64",
            "Int64TypeProperty": "2",
            "UInt64TypeProperty@odata.type": "Edm.Int64",
            "UInt64TypeProperty": "2",
            "DoubleTypeProperty": 2.0,
            "IntTypeProperty": 2
          },
          {
            "odata.etag": "W/\u0022datetime\u00272021-10-18T17%3A15%3A35.4945548Z\u0027\u0022",
            "PartitionKey": "somPartition",
            "RowKey": "03",
            "Timestamp": "2021-10-18T17:15:35.4945548Z",
            "StringTypeProperty": "This is table entity number 03",
            "DatetimeTypeProperty@odata.type": "Edm.DateTime",
            "DatetimeTypeProperty": "2020-01-01T01:04:00Z",
            "DatetimeOffsetTypeProperty@odata.type": "Edm.DateTime",
            "DatetimeOffsetTypeProperty": "2020-01-01T01:04:00Z",
            "GuidTypeProperty@odata.type": "Edm.Guid",
            "GuidTypeProperty": "0d391d16-97f1-4b9a-be68-4cc871f90003",
            "BinaryTypeProperty@odata.type": "Edm.Binary",
            "BinaryTypeProperty": "AQIDBAU=",
            "Int64TypeProperty@odata.type": "Edm.Int64",
            "Int64TypeProperty": "3",
            "UInt64TypeProperty@odata.type": "Edm.Int64",
            "UInt64TypeProperty": "3",
            "DoubleTypeProperty": 3.0,
            "IntTypeProperty": 3
          },
          {
            "odata.etag": "W/\u0022datetime\u00272021-10-18T17%3A15%3A35.5876203Z\u0027\u0022",
            "PartitionKey": "somPartition",
            "RowKey": "04",
            "Timestamp": "2021-10-18T17:15:35.5876203Z",
            "StringTypeProperty": "This is table entity number 04",
            "DatetimeTypeProperty@odata.type": "Edm.DateTime",
            "DatetimeTypeProperty": "2020-01-01T01:05:00Z",
            "DatetimeOffsetTypeProperty@odata.type": "Edm.DateTime",
            "DatetimeOffsetTypeProperty": "2020-01-01T01:05:00Z",
            "GuidTypeProperty@odata.type": "Edm.Guid",
            "GuidTypeProperty": "0d391d16-97f1-4b9a-be68-4cc871f90004",
            "BinaryTypeProperty@odata.type": "Edm.Binary",
            "BinaryTypeProperty": "AQIDBAU=",
            "Int64TypeProperty@odata.type": "Edm.Int64",
            "Int64TypeProperty": "4",
            "UInt64TypeProperty@odata.type": "Edm.Int64",
            "UInt64TypeProperty": "4",
            "DoubleTypeProperty": 4.0,
            "IntTypeProperty": 4
          },
          {
            "odata.etag": "W/\u0022datetime\u00272021-10-18T17%3A15%3A35.6776834Z\u0027\u0022",
            "PartitionKey": "somPartition",
            "RowKey": "05",
            "Timestamp": "2021-10-18T17:15:35.6776834Z",
            "StringTypeProperty": "This is table entity number 05",
            "DatetimeTypeProperty@odata.type": "Edm.DateTime",
            "DatetimeTypeProperty": "2020-01-01T01:06:00Z",
            "DatetimeOffsetTypeProperty@odata.type": "Edm.DateTime",
            "DatetimeOffsetTypeProperty": "2020-01-01T01:06:00Z",
            "GuidTypeProperty@odata.type": "Edm.Guid",
            "GuidTypeProperty": "0d391d16-97f1-4b9a-be68-4cc871f90005",
            "BinaryTypeProperty@odata.type": "Edm.Binary",
            "BinaryTypeProperty": "AQIDBAU=",
            "Int64TypeProperty@odata.type": "Edm.Int64",
            "Int64TypeProperty": "5",
            "UInt64TypeProperty@odata.type": "Edm.Int64",
            "UInt64TypeProperty": "5",
            "DoubleTypeProperty": 5.0,
            "IntTypeProperty": 5
          },
          {
            "odata.etag": "W/\u0022datetime\u00272021-10-18T17%3A15%3A35.7647451Z\u0027\u0022",
            "PartitionKey": "somPartition",
            "RowKey": "06",
            "Timestamp": "2021-10-18T17:15:35.7647451Z",
            "StringTypeProperty": "This is table entity number 06",
            "DatetimeTypeProperty@odata.type": "Edm.DateTime",
            "DatetimeTypeProperty": "2020-01-01T01:07:00Z",
            "DatetimeOffsetTypeProperty@odata.type": "Edm.DateTime",
            "DatetimeOffsetTypeProperty": "2020-01-01T01:07:00Z",
            "GuidTypeProperty@odata.type": "Edm.Guid",
            "GuidTypeProperty": "0d391d16-97f1-4b9a-be68-4cc871f90006",
            "BinaryTypeProperty@odata.type": "Edm.Binary",
            "BinaryTypeProperty": "AQIDBAU=",
            "Int64TypeProperty@odata.type": "Edm.Int64",
            "Int64TypeProperty": "6",
            "UInt64TypeProperty@odata.type": "Edm.Int64",
            "UInt64TypeProperty": "6",
            "DoubleTypeProperty": 6.0,
            "IntTypeProperty": 6
          },
          {
            "odata.etag": "W/\u0022datetime\u00272021-10-18T17%3A15%3A35.8528081Z\u0027\u0022",
            "PartitionKey": "somPartition",
            "RowKey": "07",
            "Timestamp": "2021-10-18T17:15:35.8528081Z",
            "StringTypeProperty": "This is table entity number 07",
            "DatetimeTypeProperty@odata.type": "Edm.DateTime",
            "DatetimeTypeProperty": "2020-01-01T01:08:00Z",
            "DatetimeOffsetTypeProperty@odata.type": "Edm.DateTime",
            "DatetimeOffsetTypeProperty": "2020-01-01T01:08:00Z",
            "GuidTypeProperty@odata.type": "Edm.Guid",
            "GuidTypeProperty": "0d391d16-97f1-4b9a-be68-4cc871f90007",
            "BinaryTypeProperty@odata.type": "Edm.Binary",
            "BinaryTypeProperty": "AQIDBAU=",
            "Int64TypeProperty@odata.type": "Edm.Int64",
            "Int64TypeProperty": "7",
            "UInt64TypeProperty@odata.type": "Edm.Int64",
            "UInt64TypeProperty": "7",
            "DoubleTypeProperty": 7.0,
            "IntTypeProperty": 7
          },
          {
            "odata.etag": "W/\u0022datetime\u00272021-10-18T17%3A15%3A35.9388688Z\u0027\u0022",
            "PartitionKey": "somPartition",
            "RowKey": "08",
            "Timestamp": "2021-10-18T17:15:35.9388688Z",
            "StringTypeProperty": "This is table entity number 08",
            "DatetimeTypeProperty@odata.type": "Edm.DateTime",
            "DatetimeTypeProperty": "2020-01-01T01:09:00Z",
            "DatetimeOffsetTypeProperty@odata.type": "Edm.DateTime",
            "DatetimeOffsetTypeProperty": "2020-01-01T01:09:00Z",
            "GuidTypeProperty@odata.type": "Edm.Guid",
            "GuidTypeProperty": "0d391d16-97f1-4b9a-be68-4cc871f90008",
            "BinaryTypeProperty@odata.type": "Edm.Binary",
            "BinaryTypeProperty": "AQIDBAU=",
            "Int64TypeProperty@odata.type": "Edm.Int64",
            "Int64TypeProperty": "8",
            "UInt64TypeProperty@odata.type": "Edm.Int64",
            "UInt64TypeProperty": "8",
            "DoubleTypeProperty": 8.0,
            "IntTypeProperty": 8
          },
          {
            "odata.etag": "W/\u0022datetime\u00272021-10-18T17%3A15%3A36.0199262Z\u0027\u0022",
            "PartitionKey": "somPartition",
            "RowKey": "09",
            "Timestamp": "2021-10-18T17:15:36.0199262Z",
            "StringTypeProperty": "This is table entity number 09",
            "DatetimeTypeProperty@odata.type": "Edm.DateTime",
            "DatetimeTypeProperty": "2020-01-01T01:10:00Z",
            "DatetimeOffsetTypeProperty@odata.type": "Edm.DateTime",
            "DatetimeOffsetTypeProperty": "2020-01-01T01:10:00Z",
            "GuidTypeProperty@odata.type": "Edm.Guid",
            "GuidTypeProperty": "0d391d16-97f1-4b9a-be68-4cc871f90009",
            "BinaryTypeProperty@odata.type": "Edm.Binary",
            "BinaryTypeProperty": "AQIDBAU=",
            "Int64TypeProperty@odata.type": "Edm.Int64",
            "Int64TypeProperty": "9",
            "UInt64TypeProperty@odata.type": "Edm.Int64",
            "UInt64TypeProperty": "9",
            "DoubleTypeProperty": 9.0,
            "IntTypeProperty": 9
          },
          {
            "odata.etag": "W/\u0022datetime\u00272021-10-18T17%3A15%3A36.1159954Z\u0027\u0022",
            "PartitionKey": "somPartition",
            "RowKey": "10",
            "Timestamp": "2021-10-18T17:15:36.1159954Z",
            "StringTypeProperty": "This is table entity number 10",
            "DatetimeTypeProperty@odata.type": "Edm.DateTime",
            "DatetimeTypeProperty": "2020-01-01T01:11:00Z",
            "DatetimeOffsetTypeProperty@odata.type": "Edm.DateTime",
            "DatetimeOffsetTypeProperty": "2020-01-01T01:11:00Z",
            "GuidTypeProperty@odata.type": "Edm.Guid",
            "GuidTypeProperty": "0d391d16-97f1-4b9a-be68-4cc871f90010",
            "BinaryTypeProperty@odata.type": "Edm.Binary",
            "BinaryTypeProperty": "AQIDBAU=",
            "Int64TypeProperty@odata.type": "Edm.Int64",
            "Int64TypeProperty": "10",
            "UInt64TypeProperty@odata.type": "Edm.Int64",
            "UInt64TypeProperty": "10",
            "DoubleTypeProperty": 10.0,
            "IntTypeProperty": 10
          },
          {
            "odata.etag": "W/\u0022datetime\u00272021-10-18T17%3A15%3A36.2050585Z\u0027\u0022",
            "PartitionKey": "somPartition",
            "RowKey": "11",
            "Timestamp": "2021-10-18T17:15:36.2050585Z",
            "StringTypeProperty": "This is table entity number 11",
            "DatetimeTypeProperty@odata.type": "Edm.DateTime",
            "DatetimeTypeProperty": "2020-01-01T01:12:00Z",
            "DatetimeOffsetTypeProperty@odata.type": "Edm.DateTime",
            "DatetimeOffsetTypeProperty": "2020-01-01T01:12:00Z",
            "GuidTypeProperty@odata.type": "Edm.Guid",
            "GuidTypeProperty": "0d391d16-97f1-4b9a-be68-4cc871f90011",
            "BinaryTypeProperty@odata.type": "Edm.Binary",
            "BinaryTypeProperty": "AQIDBAU=",
            "Int64TypeProperty@odata.type": "Edm.Int64",
            "Int64TypeProperty": "11",
            "UInt64TypeProperty@odata.type": "Edm.Int64",
            "UInt64TypeProperty": "11",
            "DoubleTypeProperty": 11.0,
            "IntTypeProperty": 11
          },
          {
            "odata.etag": "W/\u0022datetime\u00272021-10-18T17%3A15%3A36.2891182Z\u0027\u0022",
            "PartitionKey": "somPartition",
            "RowKey": "12",
            "Timestamp": "2021-10-18T17:15:36.2891182Z",
            "StringTypeProperty": "This is table entity number 12",
            "DatetimeTypeProperty@odata.type": "Edm.DateTime",
            "DatetimeTypeProperty": "2020-01-01T01:13:00Z",
            "DatetimeOffsetTypeProperty@odata.type": "Edm.DateTime",
            "DatetimeOffsetTypeProperty": "2020-01-01T01:13:00Z",
            "GuidTypeProperty@odata.type": "Edm.Guid",
            "GuidTypeProperty": "0d391d16-97f1-4b9a-be68-4cc871f90012",
            "BinaryTypeProperty@odata.type": "Edm.Binary",
            "BinaryTypeProperty": "AQIDBAU=",
            "Int64TypeProperty@odata.type": "Edm.Int64",
            "Int64TypeProperty": "12",
            "UInt64TypeProperty@odata.type": "Edm.Int64",
            "UInt64TypeProperty": "12",
            "DoubleTypeProperty": 12.0,
            "IntTypeProperty": 12
          },
          {
            "odata.etag": "W/\u0022datetime\u00272021-10-18T17%3A15%3A36.3791818Z\u0027\u0022",
            "PartitionKey": "somPartition",
            "RowKey": "13",
            "Timestamp": "2021-10-18T17:15:36.3791818Z",
            "StringTypeProperty": "This is table entity number 13",
            "DatetimeTypeProperty@odata.type": "Edm.DateTime",
            "DatetimeTypeProperty": "2020-01-01T01:14:00Z",
            "DatetimeOffsetTypeProperty@odata.type": "Edm.DateTime",
            "DatetimeOffsetTypeProperty": "2020-01-01T01:14:00Z",
            "GuidTypeProperty@odata.type": "Edm.Guid",
            "GuidTypeProperty": "0d391d16-97f1-4b9a-be68-4cc871f90013",
            "BinaryTypeProperty@odata.type": "Edm.Binary",
            "BinaryTypeProperty": "AQIDBAU=",
            "Int64TypeProperty@odata.type": "Edm.Int64",
            "Int64TypeProperty": "13",
            "UInt64TypeProperty@odata.type": "Edm.Int64",
            "UInt64TypeProperty": "13",
            "DoubleTypeProperty": 13.0,
            "IntTypeProperty": 13
          },
          {
            "odata.etag": "W/\u0022datetime\u00272021-10-18T17%3A15%3A36.4612397Z\u0027\u0022",
            "PartitionKey": "somPartition",
            "RowKey": "14",
            "Timestamp": "2021-10-18T17:15:36.4612397Z",
            "StringTypeProperty": "This is table entity number 14",
            "DatetimeTypeProperty@odata.type": "Edm.DateTime",
            "DatetimeTypeProperty": "2020-01-01T01:15:00Z",
            "DatetimeOffsetTypeProperty@odata.type": "Edm.DateTime",
            "DatetimeOffsetTypeProperty": "2020-01-01T01:15:00Z",
            "GuidTypeProperty@odata.type": "Edm.Guid",
            "GuidTypeProperty": "0d391d16-97f1-4b9a-be68-4cc871f90014",
            "BinaryTypeProperty@odata.type": "Edm.Binary",
            "BinaryTypeProperty": "AQIDBAU=",
            "Int64TypeProperty@odata.type": "Edm.Int64",
            "Int64TypeProperty": "14",
            "UInt64TypeProperty@odata.type": "Edm.Int64",
            "UInt64TypeProperty": "14",
            "DoubleTypeProperty": 14.0,
            "IntTypeProperty": 14
          },
          {
            "odata.etag": "W/\u0022datetime\u00272021-10-18T17%3A15%3A36.5473013Z\u0027\u0022",
            "PartitionKey": "somPartition",
            "RowKey": "15",
            "Timestamp": "2021-10-18T17:15:36.5473013Z",
            "StringTypeProperty": "This is table entity number 15",
            "DatetimeTypeProperty@odata.type": "Edm.DateTime",
            "DatetimeTypeProperty": "2020-01-01T01:16:00Z",
            "DatetimeOffsetTypeProperty@odata.type": "Edm.DateTime",
            "DatetimeOffsetTypeProperty": "2020-01-01T01:16:00Z",
            "GuidTypeProperty@odata.type": "Edm.Guid",
            "GuidTypeProperty": "0d391d16-97f1-4b9a-be68-4cc871f90015",
            "BinaryTypeProperty@odata.type": "Edm.Binary",
            "BinaryTypeProperty": "AQIDBAU=",
            "Int64TypeProperty@odata.type": "Edm.Int64",
            "Int64TypeProperty": "15",
            "UInt64TypeProperty@odata.type": "Edm.Int64",
            "UInt64TypeProperty": "15",
            "DoubleTypeProperty": 15.0,
            "IntTypeProperty": 15
          },
          {
            "odata.etag": "W/\u0022datetime\u00272021-10-18T17%3A15%3A36.6373662Z\u0027\u0022",
            "PartitionKey": "somPartition",
            "RowKey": "16",
            "Timestamp": "2021-10-18T17:15:36.6373662Z",
            "StringTypeProperty": "This is table entity number 16",
            "DatetimeTypeProperty@odata.type": "Edm.DateTime",
            "DatetimeTypeProperty": "2020-01-01T01:17:00Z",
            "DatetimeOffsetTypeProperty@odata.type": "Edm.DateTime",
            "DatetimeOffsetTypeProperty": "2020-01-01T01:17:00Z",
            "GuidTypeProperty@odata.type": "Edm.Guid",
            "GuidTypeProperty": "0d391d16-97f1-4b9a-be68-4cc871f90016",
            "BinaryTypeProperty@odata.type": "Edm.Binary",
            "BinaryTypeProperty": "AQIDBAU=",
            "Int64TypeProperty@odata.type": "Edm.Int64",
            "Int64TypeProperty": "16",
            "UInt64TypeProperty@odata.type": "Edm.Int64",
            "UInt64TypeProperty": "16",
            "DoubleTypeProperty": 16.0,
            "IntTypeProperty": 16
          },
          {
            "odata.etag": "W/\u0022datetime\u00272021-10-18T17%3A15%3A36.7254284Z\u0027\u0022",
            "PartitionKey": "somPartition",
            "RowKey": "17",
            "Timestamp": "2021-10-18T17:15:36.7254284Z",
            "StringTypeProperty": "This is table entity number 17",
            "DatetimeTypeProperty@odata.type": "Edm.DateTime",
            "DatetimeTypeProperty": "2020-01-01T01:18:00Z",
            "DatetimeOffsetTypeProperty@odata.type": "Edm.DateTime",
            "DatetimeOffsetTypeProperty": "2020-01-01T01:18:00Z",
            "GuidTypeProperty@odata.type": "Edm.Guid",
            "GuidTypeProperty": "0d391d16-97f1-4b9a-be68-4cc871f90017",
            "BinaryTypeProperty@odata.type": "Edm.Binary",
            "BinaryTypeProperty": "AQIDBAU=",
            "Int64TypeProperty@odata.type": "Edm.Int64",
            "Int64TypeProperty": "17",
            "UInt64TypeProperty@odata.type": "Edm.Int64",
            "UInt64TypeProperty": "17",
            "DoubleTypeProperty": 17.0,
            "IntTypeProperty": 17
          },
          {
            "odata.etag": "W/\u0022datetime\u00272021-10-18T17%3A15%3A36.8154924Z\u0027\u0022",
            "PartitionKey": "somPartition",
            "RowKey": "18",
            "Timestamp": "2021-10-18T17:15:36.8154924Z",
            "StringTypeProperty": "This is table entity number 18",
            "DatetimeTypeProperty@odata.type": "Edm.DateTime",
            "DatetimeTypeProperty": "2020-01-01T01:19:00Z",
            "DatetimeOffsetTypeProperty@odata.type": "Edm.DateTime",
            "DatetimeOffsetTypeProperty": "2020-01-01T01:19:00Z",
            "GuidTypeProperty@odata.type": "Edm.Guid",
            "GuidTypeProperty": "0d391d16-97f1-4b9a-be68-4cc871f90018",
            "BinaryTypeProperty@odata.type": "Edm.Binary",
            "BinaryTypeProperty": "AQIDBAU=",
            "Int64TypeProperty@odata.type": "Edm.Int64",
            "Int64TypeProperty": "18",
            "UInt64TypeProperty@odata.type": "Edm.Int64",
            "UInt64TypeProperty": "18",
            "DoubleTypeProperty": 18.0,
            "IntTypeProperty": 18
          },
          {
            "odata.etag": "W/\u0022datetime\u00272021-10-18T17%3A15%3A36.9015531Z\u0027\u0022",
            "PartitionKey": "somPartition",
            "RowKey": "19",
            "Timestamp": "2021-10-18T17:15:36.9015531Z",
            "StringTypeProperty": "This is table entity number 19",
            "DatetimeTypeProperty@odata.type": "Edm.DateTime",
            "DatetimeTypeProperty": "2020-01-01T01:20:00Z",
            "DatetimeOffsetTypeProperty@odata.type": "Edm.DateTime",
            "DatetimeOffsetTypeProperty": "2020-01-01T01:20:00Z",
            "GuidTypeProperty@odata.type": "Edm.Guid",
            "GuidTypeProperty": "0d391d16-97f1-4b9a-be68-4cc871f90019",
            "BinaryTypeProperty@odata.type": "Edm.Binary",
            "BinaryTypeProperty": "AQIDBAU=",
            "Int64TypeProperty@odata.type": "Edm.Int64",
            "Int64TypeProperty": "19",
            "UInt64TypeProperty@odata.type": "Edm.Int64",
            "UInt64TypeProperty": "19",
            "DoubleTypeProperty": 19.0,
            "IntTypeProperty": 19
          },
          {
            "odata.etag": "W/\u0022datetime\u00272021-10-18T17%3A15%3A36.9896157Z\u0027\u0022",
            "PartitionKey": "somPartition",
            "RowKey": "20",
            "Timestamp": "2021-10-18T17:15:36.9896157Z",
            "StringTypeProperty": "This is table entity number 20",
            "DatetimeTypeProperty@odata.type": "Edm.DateTime",
            "DatetimeTypeProperty": "2020-01-01T01:21:00Z",
            "DatetimeOffsetTypeProperty@odata.type": "Edm.DateTime",
            "DatetimeOffsetTypeProperty": "2020-01-01T01:21:00Z",
            "GuidTypeProperty@odata.type": "Edm.Guid",
            "GuidTypeProperty": "0d391d16-97f1-4b9a-be68-4cc871f90020",
            "BinaryTypeProperty@odata.type": "Edm.Binary",
            "BinaryTypeProperty": "AQIDBAU=",
            "Int64TypeProperty@odata.type": "Edm.Int64",
            "Int64TypeProperty": "20",
            "UInt64TypeProperty@odata.type": "Edm.Int64",
            "UInt64TypeProperty": "20",
            "DoubleTypeProperty": 20.0,
            "IntTypeProperty": 20
          }
        ]
      }
    },
    {
      "RequestUri": "https://chrisstablesprim.table.core.windows.net/Tables(\u0027testtablevugcwsm0\u0027)",
      "RequestMethod": "DELETE",
      "RequestHeaders": {
        "Accept": "application/json",
        "Authorization": "Sanitized",
        "traceparent": "00-77e22b4d2057e0458acbb404393ed7cf-0890de1cbc6e184a-00",
        "User-Agent": [
          "azsdk-net-Data.Tables/12.3.0-alpha.20211018.1",
          "(.NET 5.0.11; Microsoft Windows 10.0.22000)"
        ],
        "x-ms-client-request-id": "8d1d1514158af30fe86a977564fcfecb",
        "x-ms-return-client-request-id": "true",
        "x-ms-version": "2019-02-02"
      },
      "RequestBody": null,
      "StatusCode": 204,
      "ResponseHeaders": {
        "Cache-Control": "no-cache",
        "Content-Length": "0",
        "Date": "Mon, 18 Oct 2021 17:15:37 GMT",
        "Server": [
          "Windows-Azure-Table/1.0",
          "Microsoft-HTTPAPI/2.0"
        ],
        "X-Content-Type-Options": "nosniff",
        "x-ms-client-request-id": "8d1d1514158af30fe86a977564fcfecb",
        "x-ms-request-id": "930abfc5-4002-008b-0e43-c4a774000000",
        "x-ms-version": "2019-02-02"
      },
      "ResponseBody": []
    }
  ],
  "Variables": {
    "RandomSeed": "1655762660",
    "STORAGE_ENDPOINT_SUFFIX": "core.windows.net",
    "TABLES_PRIMARY_STORAGE_ACCOUNT_KEY": "Kg==",
    "TABLES_STORAGE_ACCOUNT_NAME": "chrisstablesprim"
  }
}