{
  "Entries": [
    {
      "RequestUri": "https://chrisstablesprim.table.core.windows.net/Tables?$format=application%2Fjson%3Bodata%3Dminimalmetadata",
      "RequestMethod": "POST",
      "RequestHeaders": {
        "Accept": "application/json; odata=minimalmetadata",
        "Authorization": "Sanitized",
        "Content-Length": "33",
        "Content-Type": "application/json; odata=nometadata",
        "DataServiceVersion": "3.0",
        "traceparent": "00-d69210c27f17cc4b8fb6faee8be56331-afe33140a9692942-00",
        "User-Agent": [
          "azsdk-net-Data.Tables/12.3.0-alpha.20210915.1",
          "(.NET 5.0.10; Microsoft Windows 10.0.19043)"
        ],
        "x-ms-client-request-id": "dd2dc817c484eb6edb5e2b2cf670f3bd",
        "x-ms-return-client-request-id": "true",
        "x-ms-version": "2019-02-02"
      },
      "RequestBody": {
        "TableName": "testtablerhn8ky1y"
      },
      "StatusCode": 201,
      "ResponseHeaders": {
        "Cache-Control": "no-cache",
        "Content-Type": "application/json; odata=minimalmetadata; streaming=true; charset=utf-8",
        "Date": "Wed, 15 Sep 2021 16:39:05 GMT",
        "Location": "https://chrisstablesprim.table.core.windows.net/Tables(\u0027testtablerhn8ky1y\u0027)",
        "Server": [
          "Windows-Azure-Table/1.0",
          "Microsoft-HTTPAPI/2.0"
        ],
        "Transfer-Encoding": "chunked",
        "X-Content-Type-Options": "nosniff",
        "x-ms-client-request-id": "dd2dc817c484eb6edb5e2b2cf670f3bd",
        "x-ms-request-id": "a74c05f8-d002-0014-0350-aaa03d000000",
        "x-ms-version": "2019-02-02"
      },
      "ResponseBody": {
        "odata.metadata": "https://chrisstablesprim.table.core.windows.net/$metadata#Tables/@Element",
        "TableName": "testtablerhn8ky1y"
      }
    },
    {
      "RequestUri": "https://chrisstablesprim.table.core.windows.net/testtablerhn8ky1y(PartitionKey=\u0027somPartition\u0027,RowKey=\u002701\u0027)?$format=application%2Fjson%3Bodata%3Dminimalmetadata",
      "RequestMethod": "PUT",
      "RequestHeaders": {
        "Accept": "application/json",
        "Authorization": "Sanitized",
        "Content-Length": "603",
        "Content-Type": "application/json",
        "DataServiceVersion": "3.0",
        "traceparent": "00-f4c6555a6ba1e148bf59f5df5b72ab9b-9a66082a83c8694c-00",
        "User-Agent": [
          "azsdk-net-Data.Tables/12.3.0-alpha.20210915.1",
          "(.NET 5.0.10; Microsoft Windows 10.0.19043)"
        ],
        "x-ms-client-request-id": "1a6b5fe611aa5b32e10af6c63870edb8",
        "x-ms-return-client-request-id": "true",
        "x-ms-version": "2019-02-02"
      },
      "RequestBody": {
        "PartitionKey": "somPartition",
        "RowKey": "01",
        "SomeStringProperty": "This is table entity number 01",
        "SomeDateProperty": "2020-01-01T01:02:00.0000000Z",
        "SomeDateProperty@odata.type": "Edm.DateTime",
        "SomeGuidProperty": "0d391d16-97f1-4b9a-be68-4cc871f90001",
        "SomeGuidProperty@odata.type": "Edm.Guid",
        "SomeBinaryProperty": "AQIDBAU=",
        "SomeBinaryProperty@odata.type": "Edm.Binary",
        "SomeInt64Property": "1",
        "SomeInt64Property@odata.type": "Edm.Int64",
        "SomeDoubleProperty0": "NaN",
        "SomeDoubleProperty0@odata.type": "Edm.Double",
        "SomeDoubleProperty1": 1.5,
        "SomeDoubleProperty1@odata.type": "Edm.Double",
        "SomeIntProperty": 1
      },
      "StatusCode": 204,
      "ResponseHeaders": {
        "Cache-Control": "no-cache",
        "Content-Length": "0",
        "Date": "Wed, 15 Sep 2021 16:39:05 GMT",
        "ETag": "W/\u0022datetime\u00272021-09-15T16%3A39%3A05.9720242Z\u0027\u0022",
        "Server": [
          "Windows-Azure-Table/1.0",
          "Microsoft-HTTPAPI/2.0"
        ],
        "X-Content-Type-Options": "nosniff",
        "x-ms-client-request-id": "1a6b5fe611aa5b32e10af6c63870edb8",
        "x-ms-request-id": "a74c0612-d002-0014-0f50-aaa03d000000",
        "x-ms-version": "2019-02-02"
      },
      "ResponseBody": []
    },
    {
      "RequestUri": "https://chrisstablesprim.table.core.windows.net/testtablerhn8ky1y(PartitionKey=\u0027somPartition\u0027,RowKey=\u002701\u0027)?$format=application%2Fjson%3Bodata%3Dminimalmetadata",
      "RequestMethod": "GET",
      "RequestHeaders": {
        "Accept": "application/json; odata=minimalmetadata",
        "Authorization": "Sanitized",
        "DataServiceVersion": "3.0",
        "traceparent": "00-b2b9d2d08c8e114488d38d15db8365f1-9906011a4b3d114c-00",
        "User-Agent": [
          "azsdk-net-Data.Tables/12.3.0-alpha.20210915.1",
          "(.NET 5.0.10; Microsoft Windows 10.0.19043)"
        ],
        "x-ms-client-request-id": "f6d3fcff7a49d6ee54e927e012bb4160",
        "x-ms-return-client-request-id": "true",
        "x-ms-version": "2019-02-02"
      },
      "RequestBody": null,
      "StatusCode": 200,
      "ResponseHeaders": {
        "Cache-Control": "no-cache",
        "Content-Type": "application/json; odata=minimalmetadata; streaming=true; charset=utf-8",
        "Date": "Wed, 15 Sep 2021 16:39:05 GMT",
        "ETag": "W/\u0022datetime\u00272021-09-15T16%3A39%3A05.9720242Z\u0027\u0022",
        "Server": [
          "Windows-Azure-Table/1.0",
          "Microsoft-HTTPAPI/2.0"
        ],
        "Transfer-Encoding": "chunked",
        "X-Content-Type-Options": "nosniff",
        "x-ms-client-request-id": "f6d3fcff7a49d6ee54e927e012bb4160",
        "x-ms-request-id": "a74c0624-d002-0014-1a50-aaa03d000000",
        "x-ms-version": "2019-02-02"
      },
      "ResponseBody": {
        "odata.metadata": "https://chrisstablesprim.table.core.windows.net/$metadata#testtablerhn8ky1y/@Element",
        "odata.etag": "W/\u0022datetime\u00272021-09-15T16%3A39%3A05.9720242Z\u0027\u0022",
        "PartitionKey": "somPartition",
        "RowKey": "01",
        "Timestamp": "2021-09-15T16:39:05.9720242Z",
        "SomeBinaryProperty@odata.type": "Edm.Binary",
        "SomeBinaryProperty": "AQIDBAU=",
        "SomeDateProperty@odata.type": "Edm.DateTime",
        "SomeDateProperty": "2020-01-01T01:02:00Z",
        "SomeDoubleProperty0@odata.type": "Edm.Double",
        "SomeDoubleProperty0": "NaN",
        "SomeDoubleProperty1": 1.5,
        "SomeGuidProperty@odata.type": "Edm.Guid",
        "SomeGuidProperty": "0d391d16-97f1-4b9a-be68-4cc871f90001",
        "SomeInt64Property@odata.type": "Edm.Int64",
        "SomeInt64Property": "1",
        "SomeIntProperty": 1,
        "SomeStringProperty": "This is table entity number 01"
      }
    },
    {
      "RequestUri": "https://chrisstablesprim.table.core.windows.net/Tables(\u0027testtablerhn8ky1y\u0027)",
      "RequestMethod": "DELETE",
      "RequestHeaders": {
        "Accept": "application/json",
        "Authorization": "Sanitized",
        "traceparent": "00-c59f1939f8571147bf8ad57ab95aae22-aacf62249e68c748-00",
        "User-Agent": [
          "azsdk-net-Data.Tables/12.3.0-alpha.20210915.1",
          "(.NET 5.0.10; Microsoft Windows 10.0.19043)"
        ],
        "x-ms-client-request-id": "1dd1deccddbf050a95d2fc79cea8b26b",
        "x-ms-return-client-request-id": "true",
        "x-ms-version": "2019-02-02"
      },
      "RequestBody": null,
      "StatusCode": 204,
      "ResponseHeaders": {
        "Cache-Control": "no-cache",
        "Content-Length": "0",
        "Date": "Wed, 15 Sep 2021 16:39:05 GMT",
        "Server": [
          "Windows-Azure-Table/1.0",
          "Microsoft-HTTPAPI/2.0"
        ],
        "X-Content-Type-Options": "nosniff",
        "x-ms-client-request-id": "1dd1deccddbf050a95d2fc79cea8b26b",
        "x-ms-request-id": "a74c0648-d002-0014-3050-aaa03d000000",
        "x-ms-version": "2019-02-02"
      },
      "ResponseBody": []
    }
  ],
  "Variables": {
    "RandomSeed": "1881112831",
    "STORAGE_ENDPOINT_SUFFIX": "core.windows.net",
    "TABLES_PRIMARY_STORAGE_ACCOUNT_KEY": "Kg==",
    "TABLES_STORAGE_ACCOUNT_NAME": "chrisstablesprim"
  }
}