{
  "Entries": [
    {
      "RequestUri": "https://chrisstablesprim.table.core.windows.net/Tables?$format=application%2Fjson%3Bodata%3Dminimalmetadata",
      "RequestMethod": "POST",
      "RequestHeaders": {
        "Accept": "application/json; odata=minimalmetadata",
        "Authorization": "Sanitized",
        "Content-Length": "33",
        "Content-Type": "application/json; odata=nometadata",
        "DataServiceVersion": "3.0",
        "traceparent": "00-bfff1060682f36489a896318ba953236-9032dacf1326344a-00",
        "User-Agent": [
          "azsdk-net-Data.Tables/12.1.0-alpha.20210616.1",
          "(.NET 5.0.7; Microsoft Windows 10.0.19043)"
        ],
        "x-ms-client-request-id": "b4e0ee853ecdaa666652b4af1e1e5ece",
        "x-ms-return-client-request-id": "true",
        "x-ms-version": "2019-02-02"
      },
      "RequestBody": {
        "TableName": "testtablei4z7og84"
      },
      "StatusCode": 201,
      "ResponseHeaders": {
        "Cache-Control": "no-cache",
        "Content-Type": "application/json; odata=minimalmetadata; streaming=true; charset=utf-8",
        "Date": "Wed, 16 Jun 2021 17:37:35 GMT",
        "Location": "https://chrisstablesprim.table.core.windows.net/Tables(\u0027testtablei4z7og84\u0027)",
        "Server": [
          "Windows-Azure-Table/1.0",
          "Microsoft-HTTPAPI/2.0"
        ],
        "Transfer-Encoding": "chunked",
        "X-Content-Type-Options": "nosniff",
        "x-ms-client-request-id": "b4e0ee853ecdaa666652b4af1e1e5ece",
        "x-ms-request-id": "61fd982a-4002-005d-08d6-623e90000000",
        "x-ms-version": "2019-02-02"
      },
      "ResponseBody": {
        "odata.metadata": "https://chrisstablesprim.table.core.windows.net/$metadata#Tables/@Element",
        "TableName": "testtablei4z7og84"
      }
    },
    {
      "RequestUri": "https://chrisstablesprim.table.core.windows.net/testtablei4z7og84()?$format=application%2Fjson%3Bodata%3Dminimalmetadata\u0026tn=testtablei4z7og84\u0026sv=2019-02-02\u0026se=2040-01-01T01%3A01%3A00Z\u0026sp=r\u0026sig=Sanitized",
      "RequestMethod": "GET",
      "RequestHeaders": {
        "Accept": "application/json; odata=minimalmetadata",
        "DataServiceVersion": "3.0",
        "traceparent": "00-5d683219f875864bb4b24bfc19459280-a25041554bea3f4a-00",
        "User-Agent": [
          "azsdk-net-Data.Tables/12.1.0-alpha.20210616.1",
          "(.NET 5.0.7; Microsoft Windows 10.0.19043)"
        ],
        "x-ms-client-request-id": "9c662876ccaef6a7109e5164d4ed4e82",
        "x-ms-return-client-request-id": "true",
        "x-ms-version": "2019-02-02"
      },
      "RequestBody": null,
      "StatusCode": 200,
      "ResponseHeaders": {
        "Cache-Control": "no-cache",
        "Content-Type": "application/json; odata=minimalmetadata; streaming=true; charset=utf-8",
        "Date": "Wed, 16 Jun 2021 17:37:35 GMT",
        "Server": [
          "Windows-Azure-Table/1.0",
          "Microsoft-HTTPAPI/2.0"
        ],
        "Transfer-Encoding": "chunked",
        "X-Content-Type-Options": "nosniff",
        "x-ms-client-request-id": "9c662876ccaef6a7109e5164d4ed4e82",
        "x-ms-request-id": "61fd9830-4002-005d-0dd6-623e90000000",
        "x-ms-version": "2019-02-02"
      },
      "ResponseBody": {
        "odata.metadata": "https://chrisstablesprim.table.core.windows.net/$metadata#testtablei4z7og84",
        "value": []
      }
    },
    {
      "RequestUri": "https://chrisstablesprim.table.core.windows.net/testtablei4z7og84(PartitionKey=\u0027partition\u0027,RowKey=\u002701\u0027)?$format=application%2Fjson%3Bodata%3Dminimalmetadata\u0026tn=testtablei4z7og84\u0026sv=2019-02-02\u0026se=2040-01-01T01%3A01%3A00Z\u0026sp=r\u0026sig=Sanitized",
      "RequestMethod": "PUT",
      "RequestHeaders": {
        "Accept": "application/json",
        "Content-Length": "596",
        "Content-Type": "application/json",
        "DataServiceVersion": "3.0",
        "traceparent": "00-66ff1072bc4ef04bba50603448c0076f-4b28afb2c32f5546-00",
        "User-Agent": [
          "azsdk-net-Data.Tables/12.1.0-alpha.20210616.1",
          "(.NET 5.0.7; Microsoft Windows 10.0.19043)"
        ],
        "x-ms-client-request-id": "bf69e3ec525fb824ebd99cebe3375322",
        "x-ms-return-client-request-id": "true",
        "x-ms-version": "2019-02-02"
      },
      "RequestBody": {
        "PartitionKey": "partition",
        "RowKey": "01",
        "SomeStringProperty": "This is table entity number 01",
        "SomeDateProperty": "2020-01-01T01:02:00.0000000Z",
        "SomeDateProperty@odata.type": "Edm.DateTime",
        "SomeGuidProperty": "0d391d16-97f1-4b9a-be68-4cc871f90001",
        "SomeGuidProperty@odata.type": "Edm.Guid",
        "SomeBinaryProperty": "AQIDBAU=",
        "SomeBinaryProperty@odata.type": "Edm.Binary",
        "SomeInt64Property": "1",
        "SomeInt64Property@odata.type": "Edm.Int64",
        "SomeDoubleProperty0": 1,
        "SomeDoubleProperty0@odata.type": "Edm.Double",
        "SomeDoubleProperty1": 1.5,
        "SomeDoubleProperty1@odata.type": "Edm.Double",
        "SomeIntProperty": 1
      },
      "StatusCode": 403,
      "ResponseHeaders": {
        "Cache-Control": "no-cache",
        "Content-Type": "application/json; odata=minimalmetadata; streaming=true; charset=utf-8",
        "Date": "Wed, 16 Jun 2021 17:37:35 GMT",
        "Server": [
          "Windows-Azure-Table/1.0",
          "Microsoft-HTTPAPI/2.0"
        ],
        "Transfer-Encoding": "chunked",
        "X-Content-Type-Options": "nosniff",
        "x-ms-client-request-id": "bf69e3ec525fb824ebd99cebe3375322",
        "x-ms-request-id": "61fd9834-4002-005d-11d6-623e90000000",
        "x-ms-version": "2019-02-02"
      },
      "ResponseBody": {
        "odata.error": {
          "code": "AuthorizationPermissionMismatch",
          "message": {
            "lang": "en-US",
            "value": "This request is not authorized to perform this operation using this permission.\nRequestId:61fd9834-4002-005d-11d6-623e90000000\nTime:2021-06-16T17:37:35.4274307Z"
          }
        }
      }
    },
    {
      "RequestUri": "https://chrisstablesprim.table.core.windows.net/Tables(\u0027testtablei4z7og84\u0027)",
      "RequestMethod": "DELETE",
      "RequestHeaders": {
        "Accept": "application/json",
        "Authorization": "Sanitized",
        "traceparent": "00-b953851b09c9a240986b1e0274350933-0df77d906863884f-00",
        "User-Agent": [
          "azsdk-net-Data.Tables/12.1.0-alpha.20210616.1",
          "(.NET 5.0.7; Microsoft Windows 10.0.19043)"
        ],
        "x-ms-client-request-id": "4ccdda9f8c1cb8b447e9a32eec01d579",
        "x-ms-return-client-request-id": "true",
        "x-ms-version": "2019-02-02"
      },
      "RequestBody": null,
      "StatusCode": 204,
      "ResponseHeaders": {
        "Cache-Control": "no-cache",
        "Content-Length": "0",
        "Date": "Wed, 16 Jun 2021 17:37:35 GMT",
        "Server": [
          "Windows-Azure-Table/1.0",
          "Microsoft-HTTPAPI/2.0"
        ],
        "X-Content-Type-Options": "nosniff",
        "x-ms-client-request-id": "4ccdda9f8c1cb8b447e9a32eec01d579",
        "x-ms-request-id": "61fd983c-4002-005d-19d6-623e90000000",
        "x-ms-version": "2019-02-02"
      },
      "ResponseBody": []
    }
  ],
  "Variables": {
    "RandomSeed": "680207482",
    "STORAGE_ENDPOINT_SUFFIX": "core.windows.net",
    "TABLES_PRIMARY_STORAGE_ACCOUNT_KEY": "Kg==",
    "TABLES_STORAGE_ACCOUNT_NAME": "chrisstablesprim"
  }
}