{
  "Entries": [
    {
      "RequestUri": "https://sanitized.communication.azure.com/emails:send?api-version=2023-01-15-preview",
      "RequestMethod": "POST",
      "RequestHeaders": {
        "Accept": "application/json",
        "Authorization": "Sanitized",
        "Content-Length": "233",
        "Content-Type": "application/json",
        "Operation-Id": "Sanitized",
        "User-Agent": "azsdk-net-Communication.Email/1.0.0-alpha.20230223.1 (.NET 6.0.14; Microsoft Windows 10.0.19045)",
        "x-ms-client-request-id": "1ed80db8c98107992982ce561b7b796c",
        "x-ms-content-sha256": "Sanitized",
        "x-ms-date": "Thu, 23 Feb 2023 23:48:33 GMT",
        "x-ms-return-client-request-id": "true"
      },
      "RequestBody": {
        "senderAddress": "donotreply@3773742c-28d1-4e0a-89b2-1678f84745e6.azurecomm-dev.net",
        "content": {
          "subject": "subject",
          "plainText": "Test"
        },
        "recipients": {
          "to": [],
          "bcc": [
            {
              "address": "acseaastesting@gmail.com",
              "displayName": "BccAddress"
            }
          ]
        }
      },
      "StatusCode": 202,
      "ResponseHeaders": {
        "api-supported-versions": "2021-10-01-preview, 2023-01-15-preview",
        "Content-Length": "77",
        "Content-Type": "application/json; charset=utf-8",
        "Date": "Thu, 23 Feb 2023 23:48:32 GMT",
        "mise-correlation-id": "9447d343-d0d2-4494-8061-c44c83f75ea3",
        "Operation-Location": "https://sanitized.communication.azure.com/emails/operations/sanitizedId?api-version=2023-01-15-preview",
        "Retry-After": "30",
        "X-Azure-Ref": "0Ufv3YwAAAADLcNBHko\u002B\u002BSqawlI3jkawSUERYMzFFREdFMDIxMABjYzkyNzU4ZC0wNWY3LTRhZDYtYWE1ZS0wZmE5NzE4ZDg5ODU=",
        "X-Cache": "CONFIG_NOCACHE"
      },
      "ResponseBody": {
        "id": "2047dfa7-2040-4313-90ab-32f4c5df7942",
        "status": "Running",
        "error": null
      }
    },
    {
      "RequestUri": "https://sanitized.communication.azure.com/emails/operations/sanitizedId?api-version=2023-01-15-preview",
      "RequestMethod": "GET",
      "RequestHeaders": {
        "Accept": "application/json",
        "Authorization": "Sanitized",
        "User-Agent": "azsdk-net-Communication.Email/1.0.0-alpha.20230223.1 (.NET 6.0.14; Microsoft Windows 10.0.19045)",
        "x-ms-client-request-id": "864f0fbb1fab6edf1ef614349a151ae0",
        "x-ms-content-sha256": "Sanitized",
        "x-ms-date": "Thu, 23 Feb 2023 23:48:33 GMT",
        "x-ms-return-client-request-id": "true"
      },
      "RequestBody": null,
      "StatusCode": 200,
      "ResponseHeaders": {
        "api-supported-versions": "2021-10-01-preview, 2023-01-15-preview",
        "Content-Length": "77",
        "Content-Type": "application/json; charset=utf-8",
        "Date": "Thu, 23 Feb 2023 23:48:32 GMT",
        "mise-correlation-id": "fa989b99-37f8-4a07-92ca-45787bf5f384",
        "Retry-After": "30",
        "X-Azure-Ref": "0Ufv3YwAAAADaigDo\u002BX\u002BaRaedERyIbv0HUERYMzFFREdFMDIxMABjYzkyNzU4ZC0wNWY3LTRhZDYtYWE1ZS0wZmE5NzE4ZDg5ODU=",
        "X-Cache": "CONFIG_NOCACHE"
      },
      "ResponseBody": {
        "id": "2047dfa7-2040-4313-90ab-32f4c5df7942",
        "status": "Running",
        "error": null
      }
    },
    {
      "RequestUri": "https://sanitized.communication.azure.com/emails/operations/sanitizedId?api-version=2023-01-15-preview",
      "RequestMethod": "GET",
      "RequestHeaders": {
        "Accept": "application/json",
        "Authorization": "Sanitized",
        "User-Agent": "azsdk-net-Communication.Email/1.0.0-alpha.20230223.1 (.NET 6.0.14; Microsoft Windows 10.0.19045)",
        "x-ms-client-request-id": "c2fae901396f6320ccc60c97e9f29a89",
        "x-ms-content-sha256": "Sanitized",
        "x-ms-date": "Thu, 23 Feb 2023 23:49:03 GMT",
        "x-ms-return-client-request-id": "true"
      },
      "RequestBody": null,
      "StatusCode": 200,
      "ResponseHeaders": {
        "api-supported-versions": "2021-10-01-preview, 2023-01-15-preview",
        "Content-Length": "79",
        "Content-Type": "application/json; charset=utf-8",
        "Date": "Thu, 23 Feb 2023 23:49:02 GMT",
        "mise-correlation-id": "21214663-45dc-438d-8d7f-2384ae51cc1a",
        "X-Azure-Ref": "0b/v3YwAAAADKnPrJGGw6SrndZJAxejrGUERYMzFFREdFMDIxMABjYzkyNzU4ZC0wNWY3LTRhZDYtYWE1ZS0wZmE5NzE4ZDg5ODU=",
        "X-Cache": "CONFIG_NOCACHE"
      },
      "ResponseBody": {
        "id": "2047dfa7-2040-4313-90ab-32f4c5df7942",
        "status": "Succeeded",
        "error": null
      }
    }
  ],
  "Variables": {
    "COMMUNICATION_CONNECTION_STRING_EMAIL": "endpoint=https://acs-email-functional-test-acs-resource.int.communication.azure.net/;accesskey=Kg==",
    "RandomSeed": "1780381497",
    "RECIPIENT_ADDRESS": "acseaastesting@gmail.com",
    "SENDER_ADDRESS": "donotreply@3773742c-28d1-4e0a-89b2-1678f84745e6.azurecomm-dev.net"
  }
}
