{
  "Entries": [
    {
      "RequestUri": "/subscriptions/1c638cf4-608f-4ee6-b680-c329e824c3a8/resourcegroups/javasbmrg6446?api-version=2016-02-01",
      "EncodedRequestUri": "L3N1YnNjcmlwdGlvbnMvMWM2MzhjZjQtNjA4Zi00ZWU2LWI2ODAtYzMyOWU4MjRjM2E4L3Jlc291cmNlZ3JvdXBzL2phdmFzYm1yZzY0NDY/YXBpLXZlcnNpb249MjAxNi0wMi0wMQ==",
      "RequestMethod": "PUT",
      "RequestBody": "{\r\n  \"location\": \"eastus\"\r\n}",
      "RequestHeaders": {
        "Content-Type": [
          "application/json; charset=utf-8"
        ],
        "Content-Length": [
          "28"
        ],
        "x-ms-client-request-id": [
          "0bc7e24d-03eb-44ca-9b24-5e82e81ba6b5"
        ],
        "accept-language": [
          "en-US"
        ],
        "User-Agent": [
          "FxVersion/4.6.25009.01",
          "Microsoft.Azure.Management.ResourceManager.Fluent.ResourceManagementClient/1.0.0-beta51"
        ]
      },
      "ResponseBody": "{\r\n  \"id\": \"/subscriptions/1c638cf4-608f-4ee6-b680-c329e824c3a8/resourceGroups/javasbmrg6446\",\r\n  \"name\": \"javasbmrg6446\",\r\n  \"location\": \"eastus\",\r\n  \"properties\": {\r\n    \"provisioningState\": \"Succeeded\"\r\n  }\r\n}",
      "ResponseHeaders": {
        "Content-Length": [
          "179"
        ],
        "Content-Type": [
          "application/json; charset=utf-8"
        ],
        "Expires": [
          "-1"
        ],
        "Cache-Control": [
          "no-cache"
        ],
        "Date": [
          "Sun, 26 Mar 2017 20:33:41 GMT"
        ],
        "Pragma": [
          "no-cache"
        ],
        "x-ms-ratelimit-remaining-subscription-writes": [
          "1198"
        ],
        "x-ms-request-id": [
          "d1216fa8-bb76-4172-8adb-3b8019ca023a"
        ],
        "x-ms-correlation-request-id": [
          "d1216fa8-bb76-4172-8adb-3b8019ca023a"
        ],
        "x-ms-routing-request-id": [
          "WESTUS:20170326T203341Z:d1216fa8-bb76-4172-8adb-3b8019ca023a"
        ],
        "Strict-Transport-Security": [
          "max-age=31536000; includeSubDomains"
        ]
      },
      "StatusCode": 201
    },
    {
      "RequestUri": "/subscriptions/1c638cf4-608f-4ee6-b680-c329e824c3a8/resourceGroups/javasbmrg6446/providers/Microsoft.ServiceBus/namespaces/jvsbns5916?api-version=2015-08-01",
      "EncodedRequestUri": "L3N1YnNjcmlwdGlvbnMvMWM2MzhjZjQtNjA4Zi00ZWU2LWI2ODAtYzMyOWU4MjRjM2E4L3Jlc291cmNlR3JvdXBzL2phdmFzYm1yZzY0NDYvcHJvdmlkZXJzL01pY3Jvc29mdC5TZXJ2aWNlQnVzL25hbWVzcGFjZXMvanZzYm5zNTkxNj9hcGktdmVyc2lvbj0yMDE1LTA4LTAx",
      "RequestMethod": "PUT",
      "RequestBody": "{\r\n  \"sku\": {\r\n    \"name\": \"Premium\",\r\n    \"tier\": \"Premium\",\r\n    \"capacity\": 1\r\n  },\r\n  \"location\": \"eastus\",\r\n  \"tags\": {}\r\n}",
      "RequestHeaders": {
        "Content-Type": [
          "application/json; charset=utf-8"
        ],
        "Content-Length": [
          "128"
        ],
        "x-ms-client-request-id": [
          "1b828c0d-a695-44d0-8bac-31b0b153ac75"
        ],
        "accept-language": [
          "en-US"
        ],
        "User-Agent": [
          "FxVersion/4.6.25009.01",
          "Microsoft.Azure.Management.Fluent.ServiceBus.ServiceBusManagementClient/1.0.0-beta51"
        ]
      },
      "ResponseBody": "{\r\n  \"id\": \"/subscriptions/1c638cf4-608f-4ee6-b680-c329e824c3a8/resourceGroups/javasbmrg6446/providers/Microsoft.ServiceBus/namespaces/jvsbns5916\",\r\n  \"name\": \"jvsbns5916\",\r\n  \"type\": \"Microsoft.ServiceBus/namespaces\",\r\n  \"location\": \"East US\",\r\n  \"kind\": \"Messaging\",\r\n  \"sku\": {\r\n    \"name\": \"Premium\",\r\n    \"tier\": \"Premium\",\r\n    \"capacity\": 1\r\n  },\r\n  \"tags\": {},\r\n  \"properties\": {\r\n    \"provisioningState\": \"Unknown\",\r\n    \"metricId\": \"1c638cf4-608f-4ee6-b680-c329e824c3a8:jvsbns5916\",\r\n    \"enabled\": false,\r\n    \"namespaceType\": \"Messaging\",\r\n    \"messagingSku\": 3\r\n  }\r\n}",
      "ResponseHeaders": {
        "Content-Type": [
          "application/json; charset=utf-8"
        ],
        "Expires": [
          "-1"
        ],
        "Cache-Control": [
          "no-cache"
        ],
        "Date": [
          "Sun, 26 Mar 2017 20:33:43 GMT"
        ],
        "Pragma": [
          "no-cache"
        ],
        "Transfer-Encoding": [
          "chunked"
        ],
        "Server": [
          "Service-Bus-Resource-Provider/SN1",
          "Microsoft-HTTPAPI/2.0"
        ],
        "Vary": [
          "Accept-Encoding"
        ],
        "x-ms-request-id": [
          "89df026f-73b0-4288-af5e-c87bfa8e05cc_M3_M3"
        ],
        "Server-SB": [
          "Service-Bus-Resource-Provider/SN1"
        ],
        "x-ms-ratelimit-remaining-subscription-writes": [
          "1199"
        ],
        "x-ms-correlation-request-id": [
          "81e1d3d2-d298-4794-ad66-8fdf1f2d0505"
        ],
        "x-ms-routing-request-id": [
          "WESTUS:20170326T203343Z:81e1d3d2-d298-4794-ad66-8fdf1f2d0505"
        ],
        "Strict-Transport-Security": [
          "max-age=31536000; includeSubDomains"
        ]
      },
      "StatusCode": 200
    },
    {
      "RequestUri": "/subscriptions/1c638cf4-608f-4ee6-b680-c329e824c3a8/resourceGroups/javasbmrg6446/providers/Microsoft.ServiceBus/namespaces/jvsbns5916?api-version=2015-08-01",
      "EncodedRequestUri": "L3N1YnNjcmlwdGlvbnMvMWM2MzhjZjQtNjA4Zi00ZWU2LWI2ODAtYzMyOWU4MjRjM2E4L3Jlc291cmNlR3JvdXBzL2phdmFzYm1yZzY0NDYvcHJvdmlkZXJzL01pY3Jvc29mdC5TZXJ2aWNlQnVzL25hbWVzcGFjZXMvanZzYm5zNTkxNj9hcGktdmVyc2lvbj0yMDE1LTA4LTAx",
      "RequestMethod": "GET",
      "RequestBody": "",
      "RequestHeaders": {
        "User-Agent": [
          "FxVersion/4.6.25009.01",
          "Microsoft.Azure.Management.Fluent.ServiceBus.ServiceBusManagementClient/1.0.0-beta51"
        ]
      },
      "ResponseBody": "{\r\n  \"id\": \"/subscriptions/1c638cf4-608f-4ee6-b680-c329e824c3a8/resourceGroups/javasbmrg6446/providers/Microsoft.ServiceBus/namespaces/jvsbns5916\",\r\n  \"name\": \"jvsbns5916\",\r\n  \"type\": \"Microsoft.ServiceBus/namespaces\",\r\n  \"location\": \"East US\",\r\n  \"kind\": \"Messaging\",\r\n  \"sku\": {\r\n    \"name\": \"Premium\",\r\n    \"tier\": \"Premium\",\r\n    \"capacity\": 1\r\n  },\r\n  \"tags\": {},\r\n  \"properties\": {\r\n    \"provisioningState\": \"Created\",\r\n    \"metricId\": \"1c638cf4-608f-4ee6-b680-c329e824c3a8:jvsbns5916\",\r\n    \"status\": \"Created\",\r\n    \"createdAt\": \"2017-03-26T20:33:44.103Z\",\r\n    \"serviceBusEndpoint\": \"https://jvsbns5916.servicebus.windows.net:443/\",\r\n    \"enabled\": true,\r\n    \"critical\": false,\r\n    \"updatedAt\": \"2017-03-26T20:33:44.103Z\",\r\n    \"namespaceType\": \"Messaging\",\r\n    \"messagingSku\": 3\r\n  }\r\n}",
      "ResponseHeaders": {
        "Content-Type": [
          "application/json; charset=utf-8"
        ],
        "Expires": [
          "-1"
        ],
        "Cache-Control": [
          "no-cache"
        ],
        "Date": [
          "Sun, 26 Mar 2017 20:34:13 GMT"
        ],
        "Pragma": [
          "no-cache"
        ],
        "Transfer-Encoding": [
          "chunked"
        ],
        "Server": [
          "Service-Bus-Resource-Provider/SN1",
          "Microsoft-HTTPAPI/2.0"
        ],
        "Vary": [
          "Accept-Encoding"
        ],
        "x-ms-request-id": [
          "772bd382-0d1a-49ca-b7ca-98df098c5e98_M3_M3"
        ],
        "Server-SB": [
          "Service-Bus-Resource-Provider/SN1"
        ],
        "x-ms-ratelimit-remaining-subscription-reads": [
          "14999"
        ],
        "x-ms-correlation-request-id": [
          "9690f9b0-5e93-428a-bd28-1b446ead9957"
        ],
        "x-ms-routing-request-id": [
          "WESTUS:20170326T203413Z:9690f9b0-5e93-428a-bd28-1b446ead9957"
        ],
        "Strict-Transport-Security": [
          "max-age=31536000; includeSubDomains"
        ]
      },
      "StatusCode": 200
    },
    {
      "RequestUri": "/subscriptions/1c638cf4-608f-4ee6-b680-c329e824c3a8/resourceGroups/javasbmrg6446/providers/Microsoft.ServiceBus/namespaces/jvsbns5916?api-version=2015-08-01",
      "EncodedRequestUri": "L3N1YnNjcmlwdGlvbnMvMWM2MzhjZjQtNjA4Zi00ZWU2LWI2ODAtYzMyOWU4MjRjM2E4L3Jlc291cmNlR3JvdXBzL2phdmFzYm1yZzY0NDYvcHJvdmlkZXJzL01pY3Jvc29mdC5TZXJ2aWNlQnVzL25hbWVzcGFjZXMvanZzYm5zNTkxNj9hcGktdmVyc2lvbj0yMDE1LTA4LTAx",
      "RequestMethod": "GET",
      "RequestBody": "",
      "RequestHeaders": {
        "User-Agent": [
          "FxVersion/4.6.25009.01",
          "Microsoft.Azure.Management.Fluent.ServiceBus.ServiceBusManagementClient/1.0.0-beta51"
        ]
      },
      "ResponseBody": "{\r\n  \"id\": \"/subscriptions/1c638cf4-608f-4ee6-b680-c329e824c3a8/resourceGroups/javasbmrg6446/providers/Microsoft.ServiceBus/namespaces/jvsbns5916\",\r\n  \"name\": \"jvsbns5916\",\r\n  \"type\": \"Microsoft.ServiceBus/namespaces\",\r\n  \"location\": \"East US\",\r\n  \"kind\": \"Messaging\",\r\n  \"sku\": {\r\n    \"name\": \"Premium\",\r\n    \"tier\": \"Premium\",\r\n    \"capacity\": 1\r\n  },\r\n  \"tags\": {},\r\n  \"properties\": {\r\n    \"provisioningState\": \"Created\",\r\n    \"metricId\": \"1c638cf4-608f-4ee6-b680-c329e824c3a8:jvsbns5916\",\r\n    \"status\": \"Created\",\r\n    \"createdAt\": \"2017-03-26T20:33:44.103Z\",\r\n    \"serviceBusEndpoint\": \"https://jvsbns5916.servicebus.windows.net:443/\",\r\n    \"enabled\": true,\r\n    \"critical\": false,\r\n    \"updatedAt\": \"2017-03-26T20:33:44.103Z\",\r\n    \"namespaceType\": \"Messaging\",\r\n    \"messagingSku\": 3\r\n  }\r\n}",
      "ResponseHeaders": {
        "Content-Type": [
          "application/json; charset=utf-8"
        ],
        "Expires": [
          "-1"
        ],
        "Cache-Control": [
          "no-cache"
        ],
        "Date": [
          "Sun, 26 Mar 2017 20:34:44 GMT"
        ],
        "Pragma": [
          "no-cache"
        ],
        "Transfer-Encoding": [
          "chunked"
        ],
        "Server": [
          "Service-Bus-Resource-Provider/SN1",
          "Microsoft-HTTPAPI/2.0"
        ],
        "Vary": [
          "Accept-Encoding"
        ],
        "x-ms-request-id": [
          "7459366e-b16c-4e86-a024-87888c43148f_M3_M3"
        ],
        "Server-SB": [
          "Service-Bus-Resource-Provider/SN1"
        ],
        "x-ms-ratelimit-remaining-subscription-reads": [
          "14998"
        ],
        "x-ms-correlation-request-id": [
          "c5431754-1dc2-4231-9bac-21f2a891b6bd"
        ],
        "x-ms-routing-request-id": [
          "WESTUS:20170326T203444Z:c5431754-1dc2-4231-9bac-21f2a891b6bd"
        ],
        "Strict-Transport-Security": [
          "max-age=31536000; includeSubDomains"
        ]
      },
      "StatusCode": 200
    },
    {
      "RequestUri": "/subscriptions/1c638cf4-608f-4ee6-b680-c329e824c3a8/resourceGroups/javasbmrg6446/providers/Microsoft.ServiceBus/namespaces/jvsbns5916?api-version=2015-08-01",
      "EncodedRequestUri": "L3N1YnNjcmlwdGlvbnMvMWM2MzhjZjQtNjA4Zi00ZWU2LWI2ODAtYzMyOWU4MjRjM2E4L3Jlc291cmNlR3JvdXBzL2phdmFzYm1yZzY0NDYvcHJvdmlkZXJzL01pY3Jvc29mdC5TZXJ2aWNlQnVzL25hbWVzcGFjZXMvanZzYm5zNTkxNj9hcGktdmVyc2lvbj0yMDE1LTA4LTAx",
      "RequestMethod": "GET",
      "RequestBody": "",
      "RequestHeaders": {
        "User-Agent": [
          "FxVersion/4.6.25009.01",
          "Microsoft.Azure.Management.Fluent.ServiceBus.ServiceBusManagementClient/1.0.0-beta51"
        ]
      },
      "ResponseBody": "{\r\n  \"id\": \"/subscriptions/1c638cf4-608f-4ee6-b680-c329e824c3a8/resourceGroups/javasbmrg6446/providers/Microsoft.ServiceBus/namespaces/jvsbns5916\",\r\n  \"name\": \"jvsbns5916\",\r\n  \"type\": \"Microsoft.ServiceBus/namespaces\",\r\n  \"location\": \"East US\",\r\n  \"kind\": \"Messaging\",\r\n  \"sku\": {\r\n    \"name\": \"Premium\",\r\n    \"tier\": \"Premium\",\r\n    \"capacity\": 1\r\n  },\r\n  \"tags\": {},\r\n  \"properties\": {\r\n    \"provisioningState\": \"Succeeded\",\r\n    \"metricId\": \"1c638cf4-608f-4ee6-b680-c329e824c3a8:jvsbns5916\",\r\n    \"status\": \"Active\",\r\n    \"createdAt\": \"2017-03-26T20:33:44.103Z\",\r\n    \"serviceBusEndpoint\": \"https://jvsbns5916.servicebus.windows.net:443/\",\r\n    \"enabled\": true,\r\n    \"critical\": false,\r\n    \"updatedAt\": \"2017-03-26T20:35:05.54Z\",\r\n    \"namespaceType\": \"Messaging\",\r\n    \"messagingSku\": 3\r\n  }\r\n}",
      "ResponseHeaders": {
        "Content-Type": [
          "application/json; charset=utf-8"
        ],
        "Expires": [
          "-1"
        ],
        "Cache-Control": [
          "no-cache"
        ],
        "Date": [
          "Sun, 26 Mar 2017 20:35:13 GMT"
        ],
        "Pragma": [
          "no-cache"
        ],
        "Transfer-Encoding": [
          "chunked"
        ],
        "Server": [
          "Service-Bus-Resource-Provider/SN1",
          "Microsoft-HTTPAPI/2.0"
        ],
        "Vary": [
          "Accept-Encoding"
        ],
        "x-ms-request-id": [
          "38354549-a577-4a3a-8882-0483c39ab5c6_M3_M3"
        ],
        "Server-SB": [
          "Service-Bus-Resource-Provider/SN1"
        ],
        "x-ms-ratelimit-remaining-subscription-reads": [
          "14997"
        ],
        "x-ms-correlation-request-id": [
          "69077ff1-d707-4017-bbe7-48f98ca4235c"
        ],
        "x-ms-routing-request-id": [
          "WESTUS:20170326T203514Z:69077ff1-d707-4017-bbe7-48f98ca4235c"
        ],
        "Strict-Transport-Security": [
          "max-age=31536000; includeSubDomains"
        ]
      },
      "StatusCode": 200
    },
    {
      "RequestUri": "/subscriptions/1c638cf4-608f-4ee6-b680-c329e824c3a8/resourceGroups/javasbmrg6446/providers/Microsoft.ServiceBus/namespaces/jvsbns5916/topics/topic1-4844?api-version=2015-08-01",
      "EncodedRequestUri": "L3N1YnNjcmlwdGlvbnMvMWM2MzhjZjQtNjA4Zi00ZWU2LWI2ODAtYzMyOWU4MjRjM2E4L3Jlc291cmNlR3JvdXBzL2phdmFzYm1yZzY0NDYvcHJvdmlkZXJzL01pY3Jvc29mdC5TZXJ2aWNlQnVzL25hbWVzcGFjZXMvanZzYm5zNTkxNi90b3BpY3MvdG9waWMxLTQ4NDQ/YXBpLXZlcnNpb249MjAxNS0wOC0wMQ==",
      "RequestMethod": "PUT",
      "RequestBody": "{\r\n  \"properties\": {\r\n    \"maxSizeInMegabytes\": 1024\r\n  },\r\n  \"location\": \"eastus\",\r\n  \"tags\": {}\r\n}",
      "RequestHeaders": {
        "Content-Type": [
          "application/json; charset=utf-8"
        ],
        "Content-Length": [
          "100"
        ],
        "x-ms-client-request-id": [
          "1058f3b9-4dca-411a-8c55-a63934876b87"
        ],
        "accept-language": [
          "en-US"
        ],
        "User-Agent": [
          "FxVersion/4.6.25009.01",
          "Microsoft.Azure.Management.Fluent.ServiceBus.ServiceBusManagementClient/1.0.0-beta51"
        ]
      },
      "ResponseBody": "{\r\n  \"id\": \"/subscriptions/1c638cf4-608f-4ee6-b680-c329e824c3a8/resourceGroups/javasbmrg6446/providers/Microsoft.ServiceBus/namespaces/jvsbns5916/topics/topic1-4844\",\r\n  \"name\": \"topic1-4844\",\r\n  \"type\": \"Microsoft.ServiceBus/Topic\",\r\n  \"location\": \"East US\",\r\n  \"tags\": null,\r\n  \"properties\": {\r\n    \"defaultMessageTimeToLive\": \"10675199.02:48:05.4775807\",\r\n    \"maxSizeInMegabytes\": 1024,\r\n    \"requiresDuplicateDetection\": false,\r\n    \"duplicateDetectionHistoryTimeWindow\": \"00:10:00\",\r\n    \"enableBatchedOperations\": true,\r\n    \"sizeInBytes\": 0,\r\n    \"filteringMessagesBeforePublishing\": false,\r\n    \"isAnonymousAccessible\": false,\r\n    \"status\": \"Active\",\r\n    \"createdAt\": \"2017-03-26T20:35:18.44Z\",\r\n    \"updatedAt\": \"2017-03-26T20:35:35.63Z\",\r\n    \"supportOrdering\": false,\r\n    \"autoDeleteOnIdle\": \"10675199.02:48:05.4775807\",\r\n    \"enablePartitioning\": true,\r\n    \"isExpress\": false,\r\n    \"entityAvailabilityStatus\": \"Available\",\r\n    \"enableSubscriptionPartitioning\": false,\r\n    \"enableExpress\": false\r\n  }\r\n}",
      "ResponseHeaders": {
        "Content-Type": [
          "application/json; charset=utf-8"
        ],
        "Expires": [
          "-1"
        ],
        "Cache-Control": [
          "no-cache"
        ],
        "Date": [
          "Sun, 26 Mar 2017 20:35:33 GMT"
        ],
        "Pragma": [
          "no-cache"
        ],
        "Transfer-Encoding": [
          "chunked"
        ],
        "Server": [
          "Service-Bus-Resource-Provider/SN1",
          "Microsoft-HTTPAPI/2.0"
        ],
        "Vary": [
          "Accept-Encoding"
        ],
        "x-ms-request-id": [
          "130b691b-c57d-49dd-aae2-c5fbb0905bc9_M3_M3"
        ],
        "Server-SB": [
          "Service-Bus-Resource-Provider/SN1"
        ],
        "x-ms-ratelimit-remaining-subscription-writes": [
          "1198"
        ],
        "x-ms-correlation-request-id": [
          "2327ad93-9baf-4e8e-bff4-d0eca44bfd78"
        ],
        "x-ms-routing-request-id": [
          "WESTUS:20170326T203533Z:2327ad93-9baf-4e8e-bff4-d0eca44bfd78"
        ],
        "Strict-Transport-Security": [
          "max-age=31536000; includeSubDomains"
        ]
      },
      "StatusCode": 200
    },
    {
      "RequestUri": "/subscriptions/1c638cf4-608f-4ee6-b680-c329e824c3a8/resourceGroups/javasbmrg6446/providers/Microsoft.ServiceBus/namespaces/jvsbns5916/topics/topic1-4844?api-version=2015-08-01",
      "EncodedRequestUri": "L3N1YnNjcmlwdGlvbnMvMWM2MzhjZjQtNjA4Zi00ZWU2LWI2ODAtYzMyOWU4MjRjM2E4L3Jlc291cmNlR3JvdXBzL2phdmFzYm1yZzY0NDYvcHJvdmlkZXJzL01pY3Jvc29mdC5TZXJ2aWNlQnVzL25hbWVzcGFjZXMvanZzYm5zNTkxNi90b3BpY3MvdG9waWMxLTQ4NDQ/YXBpLXZlcnNpb249MjAxNS0wOC0wMQ==",
      "RequestMethod": "GET",
      "RequestBody": "",
      "RequestHeaders": {
        "x-ms-client-request-id": [
          "bc5c609a-0d5d-442d-bc2d-e226e70c972e"
        ],
        "accept-language": [
          "en-US"
        ],
        "User-Agent": [
          "FxVersion/4.6.25009.01",
          "Microsoft.Azure.Management.Fluent.ServiceBus.ServiceBusManagementClient/1.0.0-beta51"
        ]
      },
      "ResponseBody": "{\r\n  \"id\": \"/subscriptions/1c638cf4-608f-4ee6-b680-c329e824c3a8/resourceGroups/javasbmrg6446/providers/Microsoft.ServiceBus/namespaces/jvsbns5916/topics/topic1-4844\",\r\n  \"name\": \"topic1-4844\",\r\n  \"type\": \"Microsoft.ServiceBus/Topic\",\r\n  \"location\": \"East US\",\r\n  \"tags\": null,\r\n  \"properties\": {\r\n    \"defaultMessageTimeToLive\": \"10675199.02:48:05.4775807\",\r\n    \"maxSizeInMegabytes\": 1024,\r\n    \"requiresDuplicateDetection\": false,\r\n    \"duplicateDetectionHistoryTimeWindow\": \"00:10:00\",\r\n    \"enableBatchedOperations\": true,\r\n    \"sizeInBytes\": 0,\r\n    \"filteringMessagesBeforePublishing\": false,\r\n    \"isAnonymousAccessible\": false,\r\n    \"status\": \"Active\",\r\n    \"createdAt\": \"2017-03-26T20:35:18.44Z\",\r\n    \"updatedAt\": \"2017-03-26T20:35:35.63Z\",\r\n    \"accessedAt\": \"0001-01-01T00:00:00Z\",\r\n    \"supportOrdering\": false,\r\n    \"countDetails\": {\r\n      \"activeMessageCount\": 0,\r\n      \"deadLetterMessageCount\": 0,\r\n      \"scheduledMessageCount\": 0,\r\n      \"transferMessageCount\": 0,\r\n      \"transferDeadLetterMessageCount\": 0\r\n    },\r\n    \"subscriptionCount\": 0,\r\n    \"autoDeleteOnIdle\": \"10675199.02:48:05.4775807\",\r\n    \"enablePartitioning\": true,\r\n    \"isExpress\": false,\r\n    \"entityAvailabilityStatus\": \"Available\",\r\n    \"enableSubscriptionPartitioning\": false,\r\n    \"enableExpress\": false\r\n  }\r\n}",
      "ResponseHeaders": {
        "Content-Type": [
          "application/json; charset=utf-8"
        ],
        "Expires": [
          "-1"
        ],
        "Cache-Control": [
          "no-cache"
        ],
        "Date": [
          "Sun, 26 Mar 2017 20:35:33 GMT"
        ],
        "Pragma": [
          "no-cache"
        ],
        "Transfer-Encoding": [
          "chunked"
        ],
        "Server": [
          "Service-Bus-Resource-Provider/SN1",
          "Microsoft-HTTPAPI/2.0"
        ],
        "Vary": [
          "Accept-Encoding"
        ],
        "x-ms-request-id": [
          "a38baf13-ba68-4399-a071-4e186c750233_M3_M3"
        ],
        "Server-SB": [
          "Service-Bus-Resource-Provider/SN1"
        ],
        "x-ms-ratelimit-remaining-subscription-reads": [
          "14996"
        ],
        "x-ms-correlation-request-id": [
          "c3dfdb47-b903-40ce-8f5b-e16f08140d39"
        ],
        "x-ms-routing-request-id": [
          "WESTUS:20170326T203534Z:c3dfdb47-b903-40ce-8f5b-e16f08140d39"
        ],
        "Strict-Transport-Security": [
          "max-age=31536000; includeSubDomains"
        ]
      },
      "StatusCode": 200
    },
    {
      "RequestUri": "/subscriptions/1c638cf4-608f-4ee6-b680-c329e824c3a8/resourceGroups/javasbmrg6446/providers/Microsoft.ServiceBus/namespaces/jvsbns5916/topics/topic1-4844/subscriptions/sub1-7553?api-version=2015-08-01",
      "EncodedRequestUri": "L3N1YnNjcmlwdGlvbnMvMWM2MzhjZjQtNjA4Zi00ZWU2LWI2ODAtYzMyOWU4MjRjM2E4L3Jlc291cmNlR3JvdXBzL2phdmFzYm1yZzY0NDYvcHJvdmlkZXJzL01pY3Jvc29mdC5TZXJ2aWNlQnVzL25hbWVzcGFjZXMvanZzYm5zNTkxNi90b3BpY3MvdG9waWMxLTQ4NDQvc3Vic2NyaXB0aW9ucy9zdWIxLTc1NTM/YXBpLXZlcnNpb249MjAxNS0wOC0wMQ==",
      "RequestMethod": "PUT",
      "RequestBody": "{\r\n  \"properties\": {\r\n    \"defaultMessageTimeToLive\": \"00:20:00\"\r\n  },\r\n  \"location\": \"eastus\",\r\n  \"tags\": {}\r\n}",
      "RequestHeaders": {
        "Content-Type": [
          "application/json; charset=utf-8"
        ],
        "Content-Length": [
          "112"
        ],
        "x-ms-client-request-id": [
          "47a40cc7-536c-4a83-b373-d5cd956a0535"
        ],
        "accept-language": [
          "en-US"
        ],
        "User-Agent": [
          "FxVersion/4.6.25009.01",
          "Microsoft.Azure.Management.Fluent.ServiceBus.ServiceBusManagementClient/1.0.0-beta51"
        ]
      },
      "ResponseBody": "{\r\n  \"id\": \"/subscriptions/1c638cf4-608f-4ee6-b680-c329e824c3a8/resourceGroups/javasbmrg6446/providers/Microsoft.ServiceBus/namespaces/jvsbns5916/topics/topic1-4844/subscriptions/sub1-7553\",\r\n  \"name\": \"sub1-7553\",\r\n  \"type\": \"Microsoft.ServiceBus/TopicSubscriptions\",\r\n  \"location\": \"East US\",\r\n  \"tags\": null,\r\n  \"properties\": {\r\n    \"lockDuration\": \"00:01:00\",\r\n    \"requiresSession\": false,\r\n    \"defaultMessageTimeToLive\": \"00:20:00\",\r\n    \"deadLetteringOnMessageExpiration\": false,\r\n    \"deadLetteringOnFilterEvaluationExceptions\": true,\r\n    \"messageCount\": 0,\r\n    \"maxDeliveryCount\": 10,\r\n    \"enableBatchedOperations\": true,\r\n    \"status\": \"Active\",\r\n    \"createdAt\": \"2017-03-26T20:35:37.2055926Z\",\r\n    \"updatedAt\": \"2017-03-26T20:35:37.2055926Z\",\r\n    \"accessedAt\": \"0001-01-01T00:00:00\",\r\n    \"autoDeleteOnIdle\": \"10675199.02:48:05.4775807\",\r\n    \"entityAvailabilityStatus\": \"Available\"\r\n  }\r\n}",
      "ResponseHeaders": {
        "Content-Type": [
          "application/json; charset=utf-8"
        ],
        "Expires": [
          "-1"
        ],
        "Cache-Control": [
          "no-cache"
        ],
        "Date": [
          "Sun, 26 Mar 2017 20:35:44 GMT"
        ],
        "Pragma": [
          "no-cache"
        ],
        "Transfer-Encoding": [
          "chunked"
        ],
        "Server": [
          "Service-Bus-Resource-Provider/SN1",
          "Microsoft-HTTPAPI/2.0"
        ],
        "Vary": [
          "Accept-Encoding"
        ],
        "x-ms-request-id": [
          "5449e5a1-0860-4104-a5db-62c701cb25da_M3_M3"
        ],
        "Server-SB": [
          "Service-Bus-Resource-Provider/SN1"
        ],
        "x-ms-ratelimit-remaining-subscription-writes": [
          "1197"
        ],
        "x-ms-correlation-request-id": [
          "c01d17b0-d627-4267-9ae7-341ec8f35a24"
        ],
        "x-ms-routing-request-id": [
          "WESTUS:20170326T203545Z:c01d17b0-d627-4267-9ae7-341ec8f35a24"
        ],
        "Strict-Transport-Security": [
          "max-age=31536000; includeSubDomains"
        ]
      },
      "StatusCode": 200
    },
    {
      "RequestUri": "/subscriptions/1c638cf4-608f-4ee6-b680-c329e824c3a8/resourceGroups/javasbmrg6446/providers/Microsoft.ServiceBus/namespaces/jvsbns5916/topics/topic1-4844/subscriptions/sub1-7553?api-version=2015-08-01",
      "EncodedRequestUri": "L3N1YnNjcmlwdGlvbnMvMWM2MzhjZjQtNjA4Zi00ZWU2LWI2ODAtYzMyOWU4MjRjM2E4L3Jlc291cmNlR3JvdXBzL2phdmFzYm1yZzY0NDYvcHJvdmlkZXJzL01pY3Jvc29mdC5TZXJ2aWNlQnVzL25hbWVzcGFjZXMvanZzYm5zNTkxNi90b3BpY3MvdG9waWMxLTQ4NDQvc3Vic2NyaXB0aW9ucy9zdWIxLTc1NTM/YXBpLXZlcnNpb249MjAxNS0wOC0wMQ==",
      "RequestMethod": "GET",
      "RequestBody": "",
      "RequestHeaders": {
        "x-ms-client-request-id": [
          "46d3e7dd-5171-4723-86ea-ea8eb30201b1"
        ],
        "accept-language": [
          "en-US"
        ],
        "User-Agent": [
          "FxVersion/4.6.25009.01",
          "Microsoft.Azure.Management.Fluent.ServiceBus.ServiceBusManagementClient/1.0.0-beta51"
        ]
      },
      "ResponseBody": "{\r\n  \"id\": \"/subscriptions/1c638cf4-608f-4ee6-b680-c329e824c3a8/resourceGroups/javasbmrg6446/providers/Microsoft.ServiceBus/namespaces/jvsbns5916/topics/topic1-4844/subscriptions/sub1-7553\",\r\n  \"name\": \"sub1-7553\",\r\n  \"type\": \"Microsoft.ServiceBus/TopicSubscriptions\",\r\n  \"location\": \"East US\",\r\n  \"tags\": null,\r\n  \"properties\": {\r\n    \"lockDuration\": \"00:01:00\",\r\n    \"requiresSession\": false,\r\n    \"defaultMessageTimeToLive\": \"00:20:00\",\r\n    \"deadLetteringOnMessageExpiration\": false,\r\n    \"deadLetteringOnFilterEvaluationExceptions\": true,\r\n    \"messageCount\": 0,\r\n    \"maxDeliveryCount\": 10,\r\n    \"enableBatchedOperations\": true,\r\n    \"status\": \"Active\",\r\n    \"createdAt\": \"2017-03-26T20:35:38.491216Z\",\r\n    \"updatedAt\": \"2017-03-26T20:35:38.491216Z\",\r\n    \"accessedAt\": \"2017-03-26T20:35:38.491\",\r\n    \"countDetails\": {\r\n      \"activeMessageCount\": 0,\r\n      \"deadLetterMessageCount\": 0,\r\n      \"scheduledMessageCount\": 0,\r\n      \"transferMessageCount\": 0,\r\n      \"transferDeadLetterMessageCount\": 0\r\n    },\r\n    \"autoDeleteOnIdle\": \"10675199.02:48:05.4775807\",\r\n    \"entityAvailabilityStatus\": \"Available\"\r\n  }\r\n}",
      "ResponseHeaders": {
        "Content-Type": [
          "application/json; charset=utf-8"
        ],
        "Expires": [
          "-1"
        ],
        "Cache-Control": [
          "no-cache"
        ],
        "Date": [
          "Sun, 26 Mar 2017 20:35:45 GMT"
        ],
        "Pragma": [
          "no-cache"
        ],
        "Transfer-Encoding": [
          "chunked"
        ],
        "Server": [
          "Service-Bus-Resource-Provider/SN1",
          "Microsoft-HTTPAPI/2.0"
        ],
        "Vary": [
          "Accept-Encoding"
        ],
        "x-ms-request-id": [
          "e21ff5ae-6099-492d-9fc2-83e46e3566f9_M3_M3"
        ],
        "Server-SB": [
          "Service-Bus-Resource-Provider/SN1"
        ],
        "x-ms-ratelimit-remaining-subscription-reads": [
          "14995"
        ],
        "x-ms-correlation-request-id": [
          "7104edfb-e2e6-4b94-b40c-a9ac2552d267"
        ],
        "x-ms-routing-request-id": [
          "WESTUS:20170326T203545Z:7104edfb-e2e6-4b94-b40c-a9ac2552d267"
        ],
        "Strict-Transport-Security": [
          "max-age=31536000; includeSubDomains"
        ]
      },
      "StatusCode": 200
    },
    {
      "RequestUri": "/subscriptions/1c638cf4-608f-4ee6-b680-c329e824c3a8/resourceGroups/javasbmrg6446/providers/Microsoft.ServiceBus/namespaces/jvsbns5916/topics/topic1-4844/subscriptions?api-version=2015-08-01",
      "EncodedRequestUri": "L3N1YnNjcmlwdGlvbnMvMWM2MzhjZjQtNjA4Zi00ZWU2LWI2ODAtYzMyOWU4MjRjM2E4L3Jlc291cmNlR3JvdXBzL2phdmFzYm1yZzY0NDYvcHJvdmlkZXJzL01pY3Jvc29mdC5TZXJ2aWNlQnVzL25hbWVzcGFjZXMvanZzYm5zNTkxNi90b3BpY3MvdG9waWMxLTQ4NDQvc3Vic2NyaXB0aW9ucz9hcGktdmVyc2lvbj0yMDE1LTA4LTAx",
      "RequestMethod": "GET",
      "RequestBody": "",
      "RequestHeaders": {
        "x-ms-client-request-id": [
          "0d357e00-8946-4220-8548-3ea1f31cfa45"
        ],
        "accept-language": [
          "en-US"
        ],
        "User-Agent": [
          "FxVersion/4.6.25009.01",
          "Microsoft.Azure.Management.Fluent.ServiceBus.ServiceBusManagementClient/1.0.0-beta51"
        ]
      },
      "ResponseBody": "{\r\n  \"value\": [\r\n    {\r\n      \"id\": \"/subscriptions/1c638cf4-608f-4ee6-b680-c329e824c3a8/resourceGroups/javasbmrg6446/providers/Microsoft.ServiceBus/namespaces/jvsbns5916/topics/topic1-4844/subscriptions/sub1-7553\",\r\n      \"name\": \"sub1-7553\",\r\n      \"type\": \"Microsoft.ServiceBus/TopicSubscriptions\",\r\n      \"location\": \"East US\",\r\n      \"tags\": null,\r\n      \"properties\": {\r\n        \"lockDuration\": \"00:01:00\",\r\n        \"requiresSession\": false,\r\n        \"defaultMessageTimeToLive\": \"00:20:00\",\r\n        \"deadLetteringOnMessageExpiration\": false,\r\n        \"deadLetteringOnFilterEvaluationExceptions\": true,\r\n        \"messageCount\": 0,\r\n        \"maxDeliveryCount\": 10,\r\n        \"enableBatchedOperations\": true,\r\n        \"status\": \"Active\",\r\n        \"createdAt\": \"2017-03-26T20:35:38.491216Z\",\r\n        \"updatedAt\": \"2017-03-26T20:35:38.491216Z\",\r\n        \"accessedAt\": \"2017-03-26T20:35:38.491\",\r\n        \"countDetails\": {\r\n          \"activeMessageCount\": 0,\r\n          \"deadLetterMessageCount\": 0,\r\n          \"scheduledMessageCount\": 0,\r\n          \"transferMessageCount\": 0,\r\n          \"transferDeadLetterMessageCount\": 0\r\n        },\r\n        \"autoDeleteOnIdle\": \"10675199.02:48:05.4775807\",\r\n        \"entityAvailabilityStatus\": \"Available\"\r\n      }\r\n    }\r\n  ],\r\n  \"nextLink\": null\r\n}",
      "ResponseHeaders": {
        "Content-Type": [
          "application/json; charset=utf-8"
        ],
        "Expires": [
          "-1"
        ],
        "Cache-Control": [
          "no-cache"
        ],
        "Date": [
          "Sun, 26 Mar 2017 20:35:45 GMT"
        ],
        "Pragma": [
          "no-cache"
        ],
        "Transfer-Encoding": [
          "chunked"
        ],
        "Server": [
          "Service-Bus-Resource-Provider/SN1",
          "Microsoft-HTTPAPI/2.0"
        ],
        "Vary": [
          "Accept-Encoding"
        ],
        "x-ms-request-id": [
          "e4cdb533-4d60-442b-b3c7-9eb8387e69ac_M3_M3"
        ],
        "Server-SB": [
          "Service-Bus-Resource-Provider/SN1"
        ],
        "x-ms-ratelimit-remaining-subscription-reads": [
          "14994"
        ],
        "x-ms-correlation-request-id": [
          "907fa05a-a0a0-4d2c-8d3b-5d397b7e1d46"
        ],
        "x-ms-routing-request-id": [
          "WESTUS:20170326T203545Z:907fa05a-a0a0-4d2c-8d3b-5d397b7e1d46"
        ],
        "Strict-Transport-Security": [
          "max-age=31536000; includeSubDomains"
        ]
      },
      "StatusCode": 200
    },
    {
      "RequestUri": "/subscriptions/1c638cf4-608f-4ee6-b680-c329e824c3a8/resourceGroups/javasbmrg6446/providers/Microsoft.ServiceBus/namespaces/jvsbns5916/topics/topic1-4844/subscriptions?api-version=2015-08-01",
      "EncodedRequestUri": "L3N1YnNjcmlwdGlvbnMvMWM2MzhjZjQtNjA4Zi00ZWU2LWI2ODAtYzMyOWU4MjRjM2E4L3Jlc291cmNlR3JvdXBzL2phdmFzYm1yZzY0NDYvcHJvdmlkZXJzL01pY3Jvc29mdC5TZXJ2aWNlQnVzL25hbWVzcGFjZXMvanZzYm5zNTkxNi90b3BpY3MvdG9waWMxLTQ4NDQvc3Vic2NyaXB0aW9ucz9hcGktdmVyc2lvbj0yMDE1LTA4LTAx",
      "RequestMethod": "GET",
      "RequestBody": "",
      "RequestHeaders": {
        "x-ms-client-request-id": [
          "a60ce7d0-5bd9-44b8-8774-56302ed7581a"
        ],
        "accept-language": [
          "en-US"
        ],
        "User-Agent": [
          "FxVersion/4.6.25009.01",
          "Microsoft.Azure.Management.Fluent.ServiceBus.ServiceBusManagementClient/1.0.0-beta51"
        ]
      },
      "ResponseBody": "{\r\n  \"value\": [],\r\n  \"nextLink\": null\r\n}",
      "ResponseHeaders": {
        "Content-Type": [
          "application/json; charset=utf-8"
        ],
        "Expires": [
          "-1"
        ],
        "Cache-Control": [
          "no-cache"
        ],
        "Date": [
          "Sun, 26 Mar 2017 20:35:47 GMT"
        ],
        "Pragma": [
          "no-cache"
        ],
        "Transfer-Encoding": [
          "chunked"
        ],
        "Server": [
          "Service-Bus-Resource-Provider/SN1",
          "Microsoft-HTTPAPI/2.0"
        ],
        "Vary": [
          "Accept-Encoding"
        ],
        "x-ms-request-id": [
          "878686d8-0fe6-440e-aea1-51819a77a1f8_M3_M3"
        ],
        "Server-SB": [
          "Service-Bus-Resource-Provider/SN1"
        ],
        "x-ms-ratelimit-remaining-subscription-reads": [
          "14993"
        ],
        "x-ms-correlation-request-id": [
          "cf88966c-16b9-438a-8bc1-0165396b1203"
        ],
        "x-ms-routing-request-id": [
          "WESTUS:20170326T203548Z:cf88966c-16b9-438a-8bc1-0165396b1203"
        ],
        "Strict-Transport-Security": [
          "max-age=31536000; includeSubDomains"
        ]
      },
      "StatusCode": 200
    },
    {
      "RequestUri": "/subscriptions/1c638cf4-608f-4ee6-b680-c329e824c3a8/resourceGroups/javasbmrg6446/providers/Microsoft.ServiceBus/namespaces/jvsbns5916/topics/topic1-4844/subscriptions/sub1-7553?api-version=2015-08-01",
      "EncodedRequestUri": "L3N1YnNjcmlwdGlvbnMvMWM2MzhjZjQtNjA4Zi00ZWU2LWI2ODAtYzMyOWU4MjRjM2E4L3Jlc291cmNlR3JvdXBzL2phdmFzYm1yZzY0NDYvcHJvdmlkZXJzL01pY3Jvc29mdC5TZXJ2aWNlQnVzL25hbWVzcGFjZXMvanZzYm5zNTkxNi90b3BpY3MvdG9waWMxLTQ4NDQvc3Vic2NyaXB0aW9ucy9zdWIxLTc1NTM/YXBpLXZlcnNpb249MjAxNS0wOC0wMQ==",
      "RequestMethod": "DELETE",
      "RequestBody": "",
      "RequestHeaders": {
        "x-ms-client-request-id": [
          "f17f892c-1f69-47da-9f5b-d5adfe4fcec2"
        ],
        "accept-language": [
          "en-US"
        ],
        "User-Agent": [
          "FxVersion/4.6.25009.01",
          "Microsoft.Azure.Management.Fluent.ServiceBus.ServiceBusManagementClient/1.0.0-beta51"
        ]
      },
      "ResponseBody": "",
      "ResponseHeaders": {
        "Content-Length": [
          "0"
        ],
        "Expires": [
          "-1"
        ],
        "Cache-Control": [
          "no-cache"
        ],
        "Date": [
          "Sun, 26 Mar 2017 20:35:47 GMT"
        ],
        "Pragma": [
          "no-cache"
        ],
        "Server": [
          "Service-Bus-Resource-Provider/SN1",
          "Microsoft-HTTPAPI/2.0"
        ],
        "Strict-Transport-Security": [
          "max-age=31536000; includeSubDomains"
        ],
        "Server-SB": [
          "Service-Bus-Resource-Provider/SN1"
        ],
        "x-ms-ratelimit-remaining-subscription-writes": [
          "1196"
        ],
        "x-ms-request-id": [
          "3aadd91e-e526-4deb-9108-d4983d841f12"
        ],
        "x-ms-correlation-request-id": [
          "3aadd91e-e526-4deb-9108-d4983d841f12"
        ],
        "x-ms-routing-request-id": [
          "WESTUS:20170326T203548Z:3aadd91e-e526-4deb-9108-d4983d841f12"
        ]
      },
      "StatusCode": 200
    },
    {
      "RequestUri": "/subscriptions/1c638cf4-608f-4ee6-b680-c329e824c3a8/resourcegroups/javasbmrg6446?api-version=2016-02-01",
      "EncodedRequestUri": "L3N1YnNjcmlwdGlvbnMvMWM2MzhjZjQtNjA4Zi00ZWU2LWI2ODAtYzMyOWU4MjRjM2E4L3Jlc291cmNlZ3JvdXBzL2phdmFzYm1yZzY0NDY/YXBpLXZlcnNpb249MjAxNi0wMi0wMQ==",
      "RequestMethod": "DELETE",
      "RequestBody": "",
      "RequestHeaders": {
        "x-ms-client-request-id": [
          "e6dc40dd-5424-4751-b08e-eec8f55ddada"
        ],
        "accept-language": [
          "en-US"
        ],
        "User-Agent": [
          "FxVersion/4.6.25009.01",
          "Microsoft.Azure.Management.ResourceManager.Fluent.ResourceManagementClient/1.0.0-beta51"
        ]
      },
      "ResponseBody": "",
      "ResponseHeaders": {
        "Content-Length": [
          "0"
        ],
        "Expires": [
          "-1"
        ],
        "Cache-Control": [
          "no-cache"
        ],
        "Date": [
          "Sun, 26 Mar 2017 20:35:50 GMT"
        ],
        "Pragma": [
          "no-cache"
        ],
        "Location": [
          "https://management.azure.com/subscriptions/1c638cf4-608f-4ee6-b680-c329e824c3a8/operationresults/eyJqb2JJZCI6IlJFU09VUkNFR1JPVVBERUxFVElPTkpPQi1KQVZBU0JNUkc2NDQ2LUVBU1RVUyIsImpvYkxvY2F0aW9uIjoiZWFzdHVzIn0?api-version=2016-02-01"
        ],
        "Retry-After": [
          "15"
        ],
        "x-ms-ratelimit-remaining-subscription-writes": [
          "1199"
        ],
        "x-ms-request-id": [
          "8c5f02f2-fac1-401b-82cf-db14aa883f88"
        ],
        "x-ms-correlation-request-id": [
          "8c5f02f2-fac1-401b-82cf-db14aa883f88"
        ],
        "x-ms-routing-request-id": [
          "CANADAEAST:20170326T203550Z:8c5f02f2-fac1-401b-82cf-db14aa883f88"
        ],
        "Strict-Transport-Security": [
          "max-age=31536000; includeSubDomains"
        ]
      },
      "StatusCode": 202
    },
    {
      "RequestUri": "/subscriptions/1c638cf4-608f-4ee6-b680-c329e824c3a8/operationresults/eyJqb2JJZCI6IlJFU09VUkNFR1JPVVBERUxFVElPTkpPQi1KQVZBU0JNUkc2NDQ2LUVBU1RVUyIsImpvYkxvY2F0aW9uIjoiZWFzdHVzIn0?api-version=2016-02-01",
      "EncodedRequestUri": "L3N1YnNjcmlwdGlvbnMvMWM2MzhjZjQtNjA4Zi00ZWU2LWI2ODAtYzMyOWU4MjRjM2E4L29wZXJhdGlvbnJlc3VsdHMvZXlKcWIySkpaQ0k2SWxKRlUwOVZVa05GUjFKUFZWQkVSVXhGVkVsUFRrcFBRaTFLUVZaQlUwSk5Va2MyTkRRMkxVVkJVMVJWVXlJc0ltcHZZa3h2WTJGMGFXOXVJam9pWldGemRIVnpJbjA/YXBpLXZlcnNpb249MjAxNi0wMi0wMQ==",
      "RequestMethod": "GET",
      "RequestBody": "",
      "RequestHeaders": {
        "User-Agent": [
          "FxVersion/4.6.25009.01",
          "Microsoft.Azure.Management.ResourceManager.Fluent.ResourceManagementClient/1.0.0-beta51"
        ]
      },
      "ResponseBody": "",
      "ResponseHeaders": {
        "Content-Length": [
          "0"
        ],
        "Expires": [
          "-1"
        ],
        "Cache-Control": [
          "no-cache"
        ],
        "Date": [
          "Sun, 26 Mar 2017 20:36:20 GMT"
        ],
        "Pragma": [
          "no-cache"
        ],
        "Location": [
          "https://management.azure.com/subscriptions/1c638cf4-608f-4ee6-b680-c329e824c3a8/operationresults/eyJqb2JJZCI6IlJFU09VUkNFR1JPVVBERUxFVElPTkpPQi1KQVZBU0JNUkc2NDQ2LUVBU1RVUyIsImpvYkxvY2F0aW9uIjoiZWFzdHVzIn0?api-version=2016-02-01"
        ],
        "Retry-After": [
          "15"
        ],
        "x-ms-ratelimit-remaining-subscription-reads": [
          "14999"
        ],
        "x-ms-request-id": [
          "482e1547-5c1d-4584-a898-4985e4c96f56"
        ],
        "x-ms-correlation-request-id": [
          "482e1547-5c1d-4584-a898-4985e4c96f56"
        ],
        "x-ms-routing-request-id": [
          "CANADAEAST:20170326T203621Z:482e1547-5c1d-4584-a898-4985e4c96f56"
        ],
        "Strict-Transport-Security": [
          "max-age=31536000; includeSubDomains"
        ]
      },
      "StatusCode": 202
    },
    {
      "RequestUri": "/subscriptions/1c638cf4-608f-4ee6-b680-c329e824c3a8/operationresults/eyJqb2JJZCI6IlJFU09VUkNFR1JPVVBERUxFVElPTkpPQi1KQVZBU0JNUkc2NDQ2LUVBU1RVUyIsImpvYkxvY2F0aW9uIjoiZWFzdHVzIn0?api-version=2016-02-01",
      "EncodedRequestUri": "L3N1YnNjcmlwdGlvbnMvMWM2MzhjZjQtNjA4Zi00ZWU2LWI2ODAtYzMyOWU4MjRjM2E4L29wZXJhdGlvbnJlc3VsdHMvZXlKcWIySkpaQ0k2SWxKRlUwOVZVa05GUjFKUFZWQkVSVXhGVkVsUFRrcFBRaTFLUVZaQlUwSk5Va2MyTkRRMkxVVkJVMVJWVXlJc0ltcHZZa3h2WTJGMGFXOXVJam9pWldGemRIVnpJbjA/YXBpLXZlcnNpb249MjAxNi0wMi0wMQ==",
      "RequestMethod": "GET",
      "RequestBody": "",
      "RequestHeaders": {
        "User-Agent": [
          "FxVersion/4.6.25009.01",
          "Microsoft.Azure.Management.ResourceManager.Fluent.ResourceManagementClient/1.0.0-beta51"
        ]
      },
      "ResponseBody": "",
      "ResponseHeaders": {
        "Content-Length": [
          "0"
        ],
        "Expires": [
          "-1"
        ],
        "Cache-Control": [
          "no-cache"
        ],
        "Date": [
          "Sun, 26 Mar 2017 20:36:50 GMT"
        ],
        "Pragma": [
          "no-cache"
        ],
        "Location": [
          "https://management.azure.com/subscriptions/1c638cf4-608f-4ee6-b680-c329e824c3a8/operationresults/eyJqb2JJZCI6IlJFU09VUkNFR1JPVVBERUxFVElPTkpPQi1KQVZBU0JNUkc2NDQ2LUVBU1RVUyIsImpvYkxvY2F0aW9uIjoiZWFzdHVzIn0?api-version=2016-02-01"
        ],
        "Retry-After": [
          "15"
        ],
        "x-ms-ratelimit-remaining-subscription-reads": [
          "14998"
        ],
        "x-ms-request-id": [
          "0408caaa-7fe4-4beb-b90f-6fa90dd235c6"
        ],
        "x-ms-correlation-request-id": [
          "0408caaa-7fe4-4beb-b90f-6fa90dd235c6"
        ],
        "x-ms-routing-request-id": [
          "CANADAEAST:20170326T203651Z:0408caaa-7fe4-4beb-b90f-6fa90dd235c6"
        ],
        "Strict-Transport-Security": [
          "max-age=31536000; includeSubDomains"
        ]
      },
      "StatusCode": 202
    },
    {
      "RequestUri": "/subscriptions/1c638cf4-608f-4ee6-b680-c329e824c3a8/operationresults/eyJqb2JJZCI6IlJFU09VUkNFR1JPVVBERUxFVElPTkpPQi1KQVZBU0JNUkc2NDQ2LUVBU1RVUyIsImpvYkxvY2F0aW9uIjoiZWFzdHVzIn0?api-version=2016-02-01",
      "EncodedRequestUri": "L3N1YnNjcmlwdGlvbnMvMWM2MzhjZjQtNjA4Zi00ZWU2LWI2ODAtYzMyOWU4MjRjM2E4L29wZXJhdGlvbnJlc3VsdHMvZXlKcWIySkpaQ0k2SWxKRlUwOVZVa05GUjFKUFZWQkVSVXhGVkVsUFRrcFBRaTFLUVZaQlUwSk5Va2MyTkRRMkxVVkJVMVJWVXlJc0ltcHZZa3h2WTJGMGFXOXVJam9pWldGemRIVnpJbjA/YXBpLXZlcnNpb249MjAxNi0wMi0wMQ==",
      "RequestMethod": "GET",
      "RequestBody": "",
      "RequestHeaders": {
        "User-Agent": [
          "FxVersion/4.6.25009.01",
          "Microsoft.Azure.Management.ResourceManager.Fluent.ResourceManagementClient/1.0.0-beta51"
        ]
      },
      "ResponseBody": "",
      "ResponseHeaders": {
        "Content-Length": [
          "0"
        ],
        "Expires": [
          "-1"
        ],
        "Cache-Control": [
          "no-cache"
        ],
        "Date": [
          "Sun, 26 Mar 2017 20:37:20 GMT"
        ],
        "Pragma": [
          "no-cache"
        ],
        "Location": [
          "https://management.azure.com/subscriptions/1c638cf4-608f-4ee6-b680-c329e824c3a8/operationresults/eyJqb2JJZCI6IlJFU09VUkNFR1JPVVBERUxFVElPTkpPQi1KQVZBU0JNUkc2NDQ2LUVBU1RVUyIsImpvYkxvY2F0aW9uIjoiZWFzdHVzIn0?api-version=2016-02-01"
        ],
        "Retry-After": [
          "15"
        ],
        "x-ms-ratelimit-remaining-subscription-reads": [
          "14997"
        ],
        "x-ms-request-id": [
          "66bf26ac-9f7e-455a-b757-30750040afa7"
        ],
        "x-ms-correlation-request-id": [
          "66bf26ac-9f7e-455a-b757-30750040afa7"
        ],
        "x-ms-routing-request-id": [
          "CANADAEAST:20170326T203721Z:66bf26ac-9f7e-455a-b757-30750040afa7"
        ],
        "Strict-Transport-Security": [
          "max-age=31536000; includeSubDomains"
        ]
      },
      "StatusCode": 202
    },
    {
      "RequestUri": "/subscriptions/1c638cf4-608f-4ee6-b680-c329e824c3a8/operationresults/eyJqb2JJZCI6IlJFU09VUkNFR1JPVVBERUxFVElPTkpPQi1KQVZBU0JNUkc2NDQ2LUVBU1RVUyIsImpvYkxvY2F0aW9uIjoiZWFzdHVzIn0?api-version=2016-02-01",
      "EncodedRequestUri": "L3N1YnNjcmlwdGlvbnMvMWM2MzhjZjQtNjA4Zi00ZWU2LWI2ODAtYzMyOWU4MjRjM2E4L29wZXJhdGlvbnJlc3VsdHMvZXlKcWIySkpaQ0k2SWxKRlUwOVZVa05GUjFKUFZWQkVSVXhGVkVsUFRrcFBRaTFLUVZaQlUwSk5Va2MyTkRRMkxVVkJVMVJWVXlJc0ltcHZZa3h2WTJGMGFXOXVJam9pWldGemRIVnpJbjA/YXBpLXZlcnNpb249MjAxNi0wMi0wMQ==",
      "RequestMethod": "GET",
      "RequestBody": "",
      "RequestHeaders": {
        "User-Agent": [
          "FxVersion/4.6.25009.01",
          "Microsoft.Azure.Management.ResourceManager.Fluent.ResourceManagementClient/1.0.0-beta51"
        ]
      },
      "ResponseBody": "",
      "ResponseHeaders": {
        "Content-Length": [
          "0"
        ],
        "Expires": [
          "-1"
        ],
        "Cache-Control": [
          "no-cache"
        ],
        "Date": [
          "Sun, 26 Mar 2017 20:37:50 GMT"
        ],
        "Pragma": [
          "no-cache"
        ],
        "Location": [
          "https://management.azure.com/subscriptions/1c638cf4-608f-4ee6-b680-c329e824c3a8/operationresults/eyJqb2JJZCI6IlJFU09VUkNFR1JPVVBERUxFVElPTkpPQi1KQVZBU0JNUkc2NDQ2LUVBU1RVUyIsImpvYkxvY2F0aW9uIjoiZWFzdHVzIn0?api-version=2016-02-01"
        ],
        "Retry-After": [
          "15"
        ],
        "x-ms-ratelimit-remaining-subscription-reads": [
          "14996"
        ],
        "x-ms-request-id": [
          "dfe7640b-31ba-44f4-8512-67dd0e464093"
        ],
        "x-ms-correlation-request-id": [
          "dfe7640b-31ba-44f4-8512-67dd0e464093"
        ],
        "x-ms-routing-request-id": [
          "CANADAEAST:20170326T203751Z:dfe7640b-31ba-44f4-8512-67dd0e464093"
        ],
        "Strict-Transport-Security": [
          "max-age=31536000; includeSubDomains"
        ]
      },
      "StatusCode": 202
    },
    {
      "RequestUri": "/subscriptions/1c638cf4-608f-4ee6-b680-c329e824c3a8/operationresults/eyJqb2JJZCI6IlJFU09VUkNFR1JPVVBERUxFVElPTkpPQi1KQVZBU0JNUkc2NDQ2LUVBU1RVUyIsImpvYkxvY2F0aW9uIjoiZWFzdHVzIn0?api-version=2016-02-01",
      "EncodedRequestUri": "L3N1YnNjcmlwdGlvbnMvMWM2MzhjZjQtNjA4Zi00ZWU2LWI2ODAtYzMyOWU4MjRjM2E4L29wZXJhdGlvbnJlc3VsdHMvZXlKcWIySkpaQ0k2SWxKRlUwOVZVa05GUjFKUFZWQkVSVXhGVkVsUFRrcFBRaTFLUVZaQlUwSk5Va2MyTkRRMkxVVkJVMVJWVXlJc0ltcHZZa3h2WTJGMGFXOXVJam9pWldGemRIVnpJbjA/YXBpLXZlcnNpb249MjAxNi0wMi0wMQ==",
      "RequestMethod": "GET",
      "RequestBody": "",
      "RequestHeaders": {
        "User-Agent": [
          "FxVersion/4.6.25009.01",
          "Microsoft.Azure.Management.ResourceManager.Fluent.ResourceManagementClient/1.0.0-beta51"
        ]
      },
      "ResponseBody": "",
      "ResponseHeaders": {
        "Content-Length": [
          "0"
        ],
        "Expires": [
          "-1"
        ],
        "Cache-Control": [
          "no-cache"
        ],
        "Date": [
          "Sun, 26 Mar 2017 20:38:21 GMT"
        ],
        "Pragma": [
          "no-cache"
        ],
        "Location": [
          "https://management.azure.com/subscriptions/1c638cf4-608f-4ee6-b680-c329e824c3a8/operationresults/eyJqb2JJZCI6IlJFU09VUkNFR1JPVVBERUxFVElPTkpPQi1KQVZBU0JNUkc2NDQ2LUVBU1RVUyIsImpvYkxvY2F0aW9uIjoiZWFzdHVzIn0?api-version=2016-02-01"
        ],
        "Retry-After": [
          "15"
        ],
        "x-ms-ratelimit-remaining-subscription-reads": [
          "14995"
        ],
        "x-ms-request-id": [
          "f220a2c8-41b9-463b-a018-64d5a4748b6f"
        ],
        "x-ms-correlation-request-id": [
          "f220a2c8-41b9-463b-a018-64d5a4748b6f"
        ],
        "x-ms-routing-request-id": [
          "CANADAEAST:20170326T203821Z:f220a2c8-41b9-463b-a018-64d5a4748b6f"
        ],
        "Strict-Transport-Security": [
          "max-age=31536000; includeSubDomains"
        ]
      },
      "StatusCode": 202
    },
    {
      "RequestUri": "/subscriptions/1c638cf4-608f-4ee6-b680-c329e824c3a8/operationresults/eyJqb2JJZCI6IlJFU09VUkNFR1JPVVBERUxFVElPTkpPQi1KQVZBU0JNUkc2NDQ2LUVBU1RVUyIsImpvYkxvY2F0aW9uIjoiZWFzdHVzIn0?api-version=2016-02-01",
      "EncodedRequestUri": "L3N1YnNjcmlwdGlvbnMvMWM2MzhjZjQtNjA4Zi00ZWU2LWI2ODAtYzMyOWU4MjRjM2E4L29wZXJhdGlvbnJlc3VsdHMvZXlKcWIySkpaQ0k2SWxKRlUwOVZVa05GUjFKUFZWQkVSVXhGVkVsUFRrcFBRaTFLUVZaQlUwSk5Va2MyTkRRMkxVVkJVMVJWVXlJc0ltcHZZa3h2WTJGMGFXOXVJam9pWldGemRIVnpJbjA/YXBpLXZlcnNpb249MjAxNi0wMi0wMQ==",
      "RequestMethod": "GET",
      "RequestBody": "",
      "RequestHeaders": {
        "User-Agent": [
          "FxVersion/4.6.25009.01",
          "Microsoft.Azure.Management.ResourceManager.Fluent.ResourceManagementClient/1.0.0-beta51"
        ]
      },
      "ResponseBody": "",
      "ResponseHeaders": {
        "Content-Length": [
          "0"
        ],
        "Expires": [
          "-1"
        ],
        "Cache-Control": [
          "no-cache"
        ],
        "Date": [
          "Sun, 26 Mar 2017 20:38:50 GMT"
        ],
        "Pragma": [
          "no-cache"
        ],
        "Location": [
          "https://management.azure.com/subscriptions/1c638cf4-608f-4ee6-b680-c329e824c3a8/operationresults/eyJqb2JJZCI6IlJFU09VUkNFR1JPVVBERUxFVElPTkpPQi1KQVZBU0JNUkc2NDQ2LUVBU1RVUyIsImpvYkxvY2F0aW9uIjoiZWFzdHVzIn0?api-version=2016-02-01"
        ],
        "Retry-After": [
          "15"
        ],
        "x-ms-ratelimit-remaining-subscription-reads": [
          "14994"
        ],
        "x-ms-request-id": [
          "05d6c0ff-95b9-42a8-9c7a-231a78aff139"
        ],
        "x-ms-correlation-request-id": [
          "05d6c0ff-95b9-42a8-9c7a-231a78aff139"
        ],
        "x-ms-routing-request-id": [
          "CANADAEAST:20170326T203851Z:05d6c0ff-95b9-42a8-9c7a-231a78aff139"
        ],
        "Strict-Transport-Security": [
          "max-age=31536000; includeSubDomains"
        ]
      },
      "StatusCode": 202
    },
    {
      "RequestUri": "/subscriptions/1c638cf4-608f-4ee6-b680-c329e824c3a8/operationresults/eyJqb2JJZCI6IlJFU09VUkNFR1JPVVBERUxFVElPTkpPQi1KQVZBU0JNUkc2NDQ2LUVBU1RVUyIsImpvYkxvY2F0aW9uIjoiZWFzdHVzIn0?api-version=2016-02-01",
      "EncodedRequestUri": "L3N1YnNjcmlwdGlvbnMvMWM2MzhjZjQtNjA4Zi00ZWU2LWI2ODAtYzMyOWU4MjRjM2E4L29wZXJhdGlvbnJlc3VsdHMvZXlKcWIySkpaQ0k2SWxKRlUwOVZVa05GUjFKUFZWQkVSVXhGVkVsUFRrcFBRaTFLUVZaQlUwSk5Va2MyTkRRMkxVVkJVMVJWVXlJc0ltcHZZa3h2WTJGMGFXOXVJam9pWldGemRIVnpJbjA/YXBpLXZlcnNpb249MjAxNi0wMi0wMQ==",
      "RequestMethod": "GET",
      "RequestBody": "",
      "RequestHeaders": {
        "User-Agent": [
          "FxVersion/4.6.25009.01",
          "Microsoft.Azure.Management.ResourceManager.Fluent.ResourceManagementClient/1.0.0-beta51"
        ]
      },
      "ResponseBody": "",
      "ResponseHeaders": {
        "Content-Length": [
          "0"
        ],
        "Expires": [
          "-1"
        ],
        "Cache-Control": [
          "no-cache"
        ],
        "Date": [
          "Sun, 26 Mar 2017 20:39:21 GMT"
        ],
        "Pragma": [
          "no-cache"
        ],
        "Location": [
          "https://management.azure.com/subscriptions/1c638cf4-608f-4ee6-b680-c329e824c3a8/operationresults/eyJqb2JJZCI6IlJFU09VUkNFR1JPVVBERUxFVElPTkpPQi1KQVZBU0JNUkc2NDQ2LUVBU1RVUyIsImpvYkxvY2F0aW9uIjoiZWFzdHVzIn0?api-version=2016-02-01"
        ],
        "Retry-After": [
          "15"
        ],
        "x-ms-ratelimit-remaining-subscription-reads": [
          "14993"
        ],
        "x-ms-request-id": [
          "81df4e81-26e4-46a8-94cb-44de5506f97f"
        ],
        "x-ms-correlation-request-id": [
          "81df4e81-26e4-46a8-94cb-44de5506f97f"
        ],
        "x-ms-routing-request-id": [
          "CANADAEAST:20170326T203922Z:81df4e81-26e4-46a8-94cb-44de5506f97f"
        ],
        "Strict-Transport-Security": [
          "max-age=31536000; includeSubDomains"
        ]
      },
      "StatusCode": 202
    },
    {
      "RequestUri": "/subscriptions/1c638cf4-608f-4ee6-b680-c329e824c3a8/operationresults/eyJqb2JJZCI6IlJFU09VUkNFR1JPVVBERUxFVElPTkpPQi1KQVZBU0JNUkc2NDQ2LUVBU1RVUyIsImpvYkxvY2F0aW9uIjoiZWFzdHVzIn0?api-version=2016-02-01",
      "EncodedRequestUri": "L3N1YnNjcmlwdGlvbnMvMWM2MzhjZjQtNjA4Zi00ZWU2LWI2ODAtYzMyOWU4MjRjM2E4L29wZXJhdGlvbnJlc3VsdHMvZXlKcWIySkpaQ0k2SWxKRlUwOVZVa05GUjFKUFZWQkVSVXhGVkVsUFRrcFBRaTFLUVZaQlUwSk5Va2MyTkRRMkxVVkJVMVJWVXlJc0ltcHZZa3h2WTJGMGFXOXVJam9pWldGemRIVnpJbjA/YXBpLXZlcnNpb249MjAxNi0wMi0wMQ==",
      "RequestMethod": "GET",
      "RequestBody": "",
      "RequestHeaders": {
        "User-Agent": [
          "FxVersion/4.6.25009.01",
          "Microsoft.Azure.Management.ResourceManager.Fluent.ResourceManagementClient/1.0.0-beta51"
        ]
      },
      "ResponseBody": "",
      "ResponseHeaders": {
        "Content-Length": [
          "0"
        ],
        "Expires": [
          "-1"
        ],
        "Cache-Control": [
          "no-cache"
        ],
        "Date": [
          "Sun, 26 Mar 2017 20:39:51 GMT"
        ],
        "Pragma": [
          "no-cache"
        ],
        "Location": [
          "https://management.azure.com/subscriptions/1c638cf4-608f-4ee6-b680-c329e824c3a8/operationresults/eyJqb2JJZCI6IlJFU09VUkNFR1JPVVBERUxFVElPTkpPQi1KQVZBU0JNUkc2NDQ2LUVBU1RVUyIsImpvYkxvY2F0aW9uIjoiZWFzdHVzIn0?api-version=2016-02-01"
        ],
        "Retry-After": [
          "15"
        ],
        "x-ms-ratelimit-remaining-subscription-reads": [
          "14992"
        ],
        "x-ms-request-id": [
          "b1d7e46e-2955-4fcd-9a97-ce56b770e8d0"
        ],
        "x-ms-correlation-request-id": [
          "b1d7e46e-2955-4fcd-9a97-ce56b770e8d0"
        ],
        "x-ms-routing-request-id": [
          "CANADAEAST:20170326T203952Z:b1d7e46e-2955-4fcd-9a97-ce56b770e8d0"
        ],
        "Strict-Transport-Security": [
          "max-age=31536000; includeSubDomains"
        ]
      },
      "StatusCode": 202
    },
    {
      "RequestUri": "/subscriptions/1c638cf4-608f-4ee6-b680-c329e824c3a8/operationresults/eyJqb2JJZCI6IlJFU09VUkNFR1JPVVBERUxFVElPTkpPQi1KQVZBU0JNUkc2NDQ2LUVBU1RVUyIsImpvYkxvY2F0aW9uIjoiZWFzdHVzIn0?api-version=2016-02-01",
      "EncodedRequestUri": "L3N1YnNjcmlwdGlvbnMvMWM2MzhjZjQtNjA4Zi00ZWU2LWI2ODAtYzMyOWU4MjRjM2E4L29wZXJhdGlvbnJlc3VsdHMvZXlKcWIySkpaQ0k2SWxKRlUwOVZVa05GUjFKUFZWQkVSVXhGVkVsUFRrcFBRaTFLUVZaQlUwSk5Va2MyTkRRMkxVVkJVMVJWVXlJc0ltcHZZa3h2WTJGMGFXOXVJam9pWldGemRIVnpJbjA/YXBpLXZlcnNpb249MjAxNi0wMi0wMQ==",
      "RequestMethod": "GET",
      "RequestBody": "",
      "RequestHeaders": {
        "User-Agent": [
          "FxVersion/4.6.25009.01",
          "Microsoft.Azure.Management.ResourceManager.Fluent.ResourceManagementClient/1.0.0-beta51"
        ]
      },
      "ResponseBody": "",
      "ResponseHeaders": {
        "Content-Length": [
          "0"
        ],
        "Expires": [
          "-1"
        ],
        "Cache-Control": [
          "no-cache"
        ],
        "Date": [
          "Sun, 26 Mar 2017 20:40:21 GMT"
        ],
        "Pragma": [
          "no-cache"
        ],
        "Location": [
          "https://management.azure.com/subscriptions/1c638cf4-608f-4ee6-b680-c329e824c3a8/operationresults/eyJqb2JJZCI6IlJFU09VUkNFR1JPVVBERUxFVElPTkpPQi1KQVZBU0JNUkc2NDQ2LUVBU1RVUyIsImpvYkxvY2F0aW9uIjoiZWFzdHVzIn0?api-version=2016-02-01"
        ],
        "Retry-After": [
          "15"
        ],
        "x-ms-ratelimit-remaining-subscription-reads": [
          "14990"
        ],
        "x-ms-request-id": [
          "3492765b-e3e7-4a42-8964-d94f688181c0"
        ],
        "x-ms-correlation-request-id": [
          "3492765b-e3e7-4a42-8964-d94f688181c0"
        ],
        "x-ms-routing-request-id": [
          "CANADAEAST:20170326T204022Z:3492765b-e3e7-4a42-8964-d94f688181c0"
        ],
        "Strict-Transport-Security": [
          "max-age=31536000; includeSubDomains"
        ]
      },
      "StatusCode": 202
    },
    {
      "RequestUri": "/subscriptions/1c638cf4-608f-4ee6-b680-c329e824c3a8/operationresults/eyJqb2JJZCI6IlJFU09VUkNFR1JPVVBERUxFVElPTkpPQi1KQVZBU0JNUkc2NDQ2LUVBU1RVUyIsImpvYkxvY2F0aW9uIjoiZWFzdHVzIn0?api-version=2016-02-01",
      "EncodedRequestUri": "L3N1YnNjcmlwdGlvbnMvMWM2MzhjZjQtNjA4Zi00ZWU2LWI2ODAtYzMyOWU4MjRjM2E4L29wZXJhdGlvbnJlc3VsdHMvZXlKcWIySkpaQ0k2SWxKRlUwOVZVa05GUjFKUFZWQkVSVXhGVkVsUFRrcFBRaTFLUVZaQlUwSk5Va2MyTkRRMkxVVkJVMVJWVXlJc0ltcHZZa3h2WTJGMGFXOXVJam9pWldGemRIVnpJbjA/YXBpLXZlcnNpb249MjAxNi0wMi0wMQ==",
      "RequestMethod": "GET",
      "RequestBody": "",
      "RequestHeaders": {
        "User-Agent": [
          "FxVersion/4.6.25009.01",
          "Microsoft.Azure.Management.ResourceManager.Fluent.ResourceManagementClient/1.0.0-beta51"
        ]
      },
      "ResponseBody": "",
      "ResponseHeaders": {
        "Content-Length": [
          "0"
        ],
        "Expires": [
          "-1"
        ],
        "Cache-Control": [
          "no-cache"
        ],
        "Date": [
          "Sun, 26 Mar 2017 20:40:52 GMT"
        ],
        "Pragma": [
          "no-cache"
        ],
        "x-ms-ratelimit-remaining-subscription-reads": [
          "14989"
        ],
        "x-ms-request-id": [
          "4e0fe7ba-9eb6-41a6-8b46-6fef6bcfd121"
        ],
        "x-ms-correlation-request-id": [
          "4e0fe7ba-9eb6-41a6-8b46-6fef6bcfd121"
        ],
        "x-ms-routing-request-id": [
          "CANADAEAST:20170326T204052Z:4e0fe7ba-9eb6-41a6-8b46-6fef6bcfd121"
        ],
        "Strict-Transport-Security": [
          "max-age=31536000; includeSubDomains"
        ]
      },
      "StatusCode": 200
    }
  ],
  "Names": {
    "CanPerformCRUDOnSubscriptions": [
      "javasbmrg6446",
      "jvsbns5916",
      "topic1-4844",
      "sub1-7553"
    ]
  },
  "Variables": {
    "ServicePrincipal": "057183f4-9902-4697-9d58-4a2b42711ccd",
    "AADTenant": "72f988bf-86f1-41af-91ab-2d7cd011db47",
    "SubscriptionId": "1c638cf4-608f-4ee6-b680-c329e824c3a8"
  }
}