{
  "Entries": [
    {
      "RequestUri": "https://mohitcontainerregistryanon.azurecr.io/acr/v1/library%2Fhello-world?api-version=2021-07-01",
      "RequestMethod": "DELETE",
      "RequestHeaders": {
        "Accept": "application/json",
        "traceparent": "00-e0de3b7e03b45345ab5514b219e5b336-926d145dcf9af147-00",
        "User-Agent": [
          "azsdk-net-Containers.ContainerRegistry/1.0.0-alpha.20211116.1",
          "(.NET 5.0.12; Microsoft Windows 10.0.22000)"
        ],
        "x-ms-client-request-id": "154df0ed6f0392f8c6d280fbfc4ec415",
        "x-ms-return-client-request-id": "true"
      },
      "RequestBody": null,
      "StatusCode": 401,
      "ResponseHeaders": {
        "Access-Control-Expose-Headers": [
          "Docker-Content-Digest",
          "WWW-Authenticate",
          "Link",
          "X-Ms-Correlation-Request-Id"
        ],
        "Connection": "keep-alive",
        "Content-Length": "215",
        "Content-Type": "application/json; charset=utf-8",
        "Date": "Tue, 16 Nov 2021 20:56:18 GMT",
        "Docker-Distribution-Api-Version": "registry/2.0",
        "Server": "openresty",
        "Strict-Transport-Security": [
          "max-age=31536000; includeSubDomains",
          "max-age=31536000; includeSubDomains"
        ],
        "WWW-Authenticate": "Bearer realm=\u0022https://mohitcontainerregistryanon.azurecr.io/oauth2/token\u0022,service=\u0022mohitcontainerregistryanon.azurecr.io\u0022,scope=\u0022repository:library/hello-world:delete\u0022",
        "X-Content-Type-Options": "nosniff",
        "X-Ms-Correlation-Request-Id": "77d488e0-e3d3-46c3-9c7e-68b649da1724"
      },
      "ResponseBody": [
        "{\u0022errors\u0022:[{\u0022code\u0022:\u0022UNAUTHORIZED\u0022,\u0022message\u0022:\u0022authentication required, visit https://aka.ms/acr/authorization for more information.\u0022,\u0022detail\u0022:[{\u0022Type\u0022:\u0022repository\u0022,\u0022Name\u0022:\u0022library/hello-world\u0022,\u0022Action\u0022:\u0022delete\u0022}]}]}\n"
      ]
    },
    {
      "RequestUri": "https://mohitcontainerregistryanon.azurecr.io/oauth2/token?api-version=2021-07-01",
      "RequestMethod": "POST",
      "RequestHeaders": {
        "Accept": "application/json",
        "Content-Length": "139",
        "Content-Type": "application/x-www-form-urlencoded",
        "traceparent": "00-e0de3b7e03b45345ab5514b219e5b336-7a9a7c0e54db3d43-00",
        "User-Agent": [
          "azsdk-net-Containers.ContainerRegistry/1.0.0-alpha.20211116.1",
          "(.NET 5.0.12; Microsoft Windows 10.0.22000)"
        ],
        "x-ms-client-request-id": "3b9839369fafc741387d3c53a7021eda",
        "x-ms-return-client-request-id": "true"
      },
      "RequestBody": "service=mohitcontainerregistryanon.azurecr.io\u0026scope=repository%3Alibrary%2Fhello-world%3Adelete\u0026refresh_token=Sanitized\u0026grant_type=password",
      "StatusCode": 200,
      "ResponseHeaders": {
        "Connection": "keep-alive",
        "Content-Type": "application/json; charset=utf-8",
        "Date": "Tue, 16 Nov 2021 20:56:18 GMT",
        "Server": "openresty",
        "Strict-Transport-Security": "max-age=31536000; includeSubDomains",
        "Transfer-Encoding": "chunked",
        "X-Ms-Correlation-Request-Id": "c5e114ae-cf7b-4428-b1ef-d24e20d32df7",
        "x-ms-ratelimit-remaining-calls-per-second": "166.55"
      },
      "ResponseBody": {
        "access_token": "eyJhbGciOiJSUzI1NiIsInR5cCI6IkpXVCIsImtpZCI6IkVERFE6SFVYWDpMQzQ3OlpCUk06T0k0WTpPUjY2OkFVWko6Qlk3RTo3N0pWOjU0UlI6UU1BSzpOTDI1In0.eyJqdGkiOiI2Yzk3NThiNi0yZGIwLTQ0MGQtYWEzNi00MGJlZjQ4Y2MzNjMiLCJzdWIiOiJhY3JfYW5vbl9wdWxsIiwibmJmIjoxNjM3MDk1MjUxLCJleHAiOjE2MzcwOTY0NTEsImlhdCI6MTYzNzA5NTI1MSwiaXNzIjoiQXp1cmUgQ29udGFpbmVyIFJlZ2lzdHJ5IiwiYXVkIjoibW9oaXRjb250YWluZXJyZWdpc3RyeWFub24uYXp1cmVjci5pbyIsInZlcnNpb24iOiIxLjAiLCJyaWQiOiI4M2RkZjViZjQzMzc0NDMzOWNhMGIxZTQ1MTVkODExMiIsImFjY2VzcyI6W3siVHlwZSI6InJlcG9zaXRvcnkiLCJOYW1lIjoiKiIsIkFjdGlvbnMiOlsicHVsbCJdfV0sInJvbGVzIjpbXSwiZ3JhbnRfdHlwZSI6ImFjY2Vzc190b2tlbiJ9.jIGWEpUVv_cxPUEh7dkxbey6R6CbXDd2ZGemlia2-1Wcdr_YqHx4gIAGsqUxTIMd7RL4JcoZmGIESMUYJAz95T83uC7Jvn4nFTOTnKGJoqbXyvAKvrjSbK-PNALB7Y0gd-nj0-i3gYlGDc4_iUo_wrnNbGpaW-ImtWN8kVQaGXI0Bi0veo958WkQMrz3NJF9GOsTWNgFezGkUs0sSzMPHjtVe1NXeWQA-8p3xTJNEd5GmuUr0bhgzHc41DffuuLLM1JKGUQ4-QK5IkU-ymI-IyQN_P1hcyciQ3RyqCQ8xal0vZbagODxWXTs_A5sGLs0HEB8EQuLDjQLtKXXjY1Gwg"
      }
    },
    {
      "RequestUri": "https://mohitcontainerregistryanon.azurecr.io/acr/v1/library%2Fhello-world?api-version=2021-07-01",
      "RequestMethod": "DELETE",
      "RequestHeaders": {
        "Accept": "application/json",
        "Authorization": "Sanitized",
        "traceparent": "00-e0de3b7e03b45345ab5514b219e5b336-926d145dcf9af147-00",
        "User-Agent": [
          "azsdk-net-Containers.ContainerRegistry/1.0.0-alpha.20211116.1",
          "(.NET 5.0.12; Microsoft Windows 10.0.22000)"
        ],
        "x-ms-client-request-id": "154df0ed6f0392f8c6d280fbfc4ec415",
        "x-ms-return-client-request-id": "true"
      },
      "RequestBody": null,
      "StatusCode": 401,
      "ResponseHeaders": {
        "Access-Control-Expose-Headers": [
          "Docker-Content-Digest",
          "WWW-Authenticate",
          "Link",
          "X-Ms-Correlation-Request-Id"
        ],
        "Connection": "keep-alive",
        "Content-Length": "215",
        "Content-Type": "application/json; charset=utf-8",
        "Date": "Tue, 16 Nov 2021 20:56:18 GMT",
        "Docker-Distribution-Api-Version": "registry/2.0",
        "Server": "openresty",
        "Strict-Transport-Security": [
          "max-age=31536000; includeSubDomains",
          "max-age=31536000; includeSubDomains"
        ],
        "WWW-Authenticate": "Bearer realm=\u0022https://mohitcontainerregistryanon.azurecr.io/oauth2/token\u0022,service=\u0022mohitcontainerregistryanon.azurecr.io\u0022,scope=\u0022repository:library/hello-world:delete\u0022,error=\u0022insufficient_scope\u0022",
        "X-Content-Type-Options": "nosniff",
        "X-Ms-Correlation-Request-Id": "5c4b1425-25ba-4696-baa5-8696709cb2f5"
      },
      "ResponseBody": [
        "{\u0022errors\u0022:[{\u0022code\u0022:\u0022UNAUTHORIZED\u0022,\u0022message\u0022:\u0022authentication required, visit https://aka.ms/acr/authorization for more information.\u0022,\u0022detail\u0022:[{\u0022Type\u0022:\u0022repository\u0022,\u0022Name\u0022:\u0022library/hello-world\u0022,\u0022Action\u0022:\u0022delete\u0022}]}]}\n"
      ]
    }
  ],
  "Variables": {
    "CONTAINERREGISTRY_ANONREGISTRY_ENDPOINT": "https://mohitcontainerregistryanon.azurecr.io",
    "CONTAINERREGISTRY_ENDPOINT": "https://mohitcontainerregistry.azurecr.io",
    "RandomSeed": "2077069423"
  }
}