{
  "Entries": [
    {
      "RequestUri": "https://annelocontainerregistry.azurecr.io/acr/v1/_catalog?api-version=2021-07-01",
      "RequestMethod": "GET",
      "RequestHeaders": {
        "Accept": "application/json",
        "traceparent": "00-f10c9dad89b12d5aec361b8a69ff958c-c84c23a0ee809f3b-00",
        "User-Agent": "azsdk-net-Containers.ContainerRegistry/1.1.0-alpha.20221215.1 (.NET 6.0.12; Microsoft Windows 10.0.22621)",
        "x-ms-client-request-id": "a02264f09daa8a87e9800e050f50df5e",
        "x-ms-return-client-request-id": "true"
      },
      "RequestBody": null,
      "StatusCode": 401,
      "ResponseHeaders": {
        "Access-Control-Expose-Headers": [
          "Docker-Content-Digest",
          "WWW-Authenticate",
          "Link",
          "X-Ms-Correlation-Request-Id"
        ],
        "Connection": "keep-alive",
        "Content-Length": "196",
        "Content-Type": "application/json; charset=utf-8",
        "Date": "Thu, 15 Dec 2022 17:04:56 GMT",
        "Docker-Distribution-Api-Version": "registry/2.0",
        "Server": "openresty",
        "Strict-Transport-Security": [
          "max-age=31536000; includeSubDomains",
          "max-age=31536000; includeSubDomains"
        ],
        "WWW-Authenticate": "Bearer realm=\u0022https://annelocontainerregistry.azurecr.io/oauth2/token\u0022,service=\u0022annelocontainerregistry.azurecr.io\u0022,scope=\u0022registry:catalog:*\u0022",
        "X-Content-Type-Options": "nosniff",
        "X-Ms-Correlation-Request-Id": "fee1d080-fc59-47e0-8a28-428016662bf3"
      },
      "ResponseBody": {
        "errors": [
          {
            "code": "UNAUTHORIZED",
            "message": "authentication required, visit https://aka.ms/acr/authorization for more information.",
            "detail": [
              {
                "Type": "registry",
                "Name": "catalog",
                "Action": "*"
              }
            ]
          }
        ]
      }
    },
    {
      "RequestUri": "https://annelocontainerregistry.azurecr.io/oauth2/exchange?api-version=2021-07-01",
      "RequestMethod": "POST",
      "RequestHeaders": {
        "Accept": "application/json",
        "Content-Length": "89",
        "Content-Type": "application/x-www-form-urlencoded",
        "traceparent": "00-f10c9dad89b12d5aec361b8a69ff958c-c7c66c9128a716ac-00",
        "User-Agent": "azsdk-net-Containers.ContainerRegistry/1.1.0-alpha.20221215.1 (.NET 6.0.12; Microsoft Windows 10.0.22621)",
        "x-ms-client-request-id": "059437d2be54da00c71dd2aec05038ed",
        "x-ms-return-client-request-id": "true"
      },
      "RequestBody": "grant_type=access_token\u0026service=annelocontainerregistry.azurecr.io\u0026access_token=Sanitized",
      "StatusCode": 200,
      "ResponseHeaders": {
        "Connection": "keep-alive",
        "Content-Type": "application/json; charset=utf-8",
        "Date": "Thu, 15 Dec 2022 17:04:56 GMT",
        "Server": "openresty",
        "Strict-Transport-Security": "max-age=31536000; includeSubDomains",
        "Transfer-Encoding": "chunked",
        "X-Ms-Correlation-Request-Id": "aa268771-8842-46cb-acbd-141ac48c4509",
        "x-ms-ratelimit-remaining-calls-per-second": "166.65"
      },
      "ResponseBody": {
        "refresh_token": "Sanitized.eyJleHAiOjI2MTcyMDM4OTB9.Sanitized"
      }
    },
    {
      "RequestUri": "https://annelocontainerregistry.azurecr.io/oauth2/token?api-version=2021-07-01",
      "RequestMethod": "POST",
      "RequestHeaders": {
        "Accept": "application/json",
        "Content-Length": "122",
        "Content-Type": "application/x-www-form-urlencoded",
        "traceparent": "00-f10c9dad89b12d5aec361b8a69ff958c-27a57f03a0a7be93-00",
        "User-Agent": "azsdk-net-Containers.ContainerRegistry/1.1.0-alpha.20221215.1 (.NET 6.0.12; Microsoft Windows 10.0.22621)",
        "x-ms-client-request-id": "ae682e9010197b644be2d9597146ff69",
        "x-ms-return-client-request-id": "true"
      },
      "RequestBody": "service=annelocontainerregistry.azurecr.io\u0026scope=registry%3Acatalog%3A%2A\u0026refresh_token=Sanitized\u0026grant_type=refresh_token",
      "StatusCode": 200,
      "ResponseHeaders": {
        "Connection": "keep-alive",
        "Content-Type": "application/json; charset=utf-8",
        "Date": "Thu, 15 Dec 2022 17:04:56 GMT",
        "Server": "openresty",
        "Strict-Transport-Security": "max-age=31536000; includeSubDomains",
        "Transfer-Encoding": "chunked",
        "X-Ms-Correlation-Request-Id": "09175b8f-6111-430a-9e36-f5e6cb2f0193",
        "x-ms-ratelimit-remaining-calls-per-second": "166.633333"
      },
      "ResponseBody": {
        "access_token": "Sanitized"
      }
    },
    {
      "RequestUri": "https://annelocontainerregistry.azurecr.io/acr/v1/_catalog?api-version=2021-07-01",
      "RequestMethod": "GET",
      "RequestHeaders": {
        "Accept": "application/json",
        "Authorization": "Sanitized",
        "traceparent": "00-f10c9dad89b12d5aec361b8a69ff958c-c84c23a0ee809f3b-00",
        "User-Agent": "azsdk-net-Containers.ContainerRegistry/1.1.0-alpha.20221215.1 (.NET 6.0.12; Microsoft Windows 10.0.22621)",
        "x-ms-client-request-id": "a02264f09daa8a87e9800e050f50df5e",
        "x-ms-return-client-request-id": "true"
      },
      "RequestBody": null,
      "StatusCode": 200,
      "ResponseHeaders": {
        "Access-Control-Expose-Headers": [
          "Docker-Content-Digest",
          "WWW-Authenticate",
          "Link",
          "X-Ms-Correlation-Request-Id"
        ],
        "Connection": "keep-alive",
        "Content-Length": "115",
        "Content-Type": "application/json; charset=utf-8",
        "Date": "Thu, 15 Dec 2022 17:04:56 GMT",
        "Docker-Distribution-Api-Version": "registry/2.0",
        "Server": "openresty",
        "Strict-Transport-Security": [
          "max-age=31536000; includeSubDomains",
          "max-age=31536000; includeSubDomains"
        ],
        "X-Content-Type-Options": "nosniff",
        "X-Ms-Correlation-Request-Id": "f502dbea-98e7-43d3-8b00-a6f536c2673b"
      },
      "ResponseBody": {
        "repositories": [
          "c36dd318-7fda-0f4b-ba0d-846224a5abfb",
          "library/alpine",
          "library/busybox",
          "library/hello-world"
        ]
      }
    },
    {
      "RequestUri": "https://annelocontainerregistry.azurecr.io/acr/v1/c36dd318-7fda-0f4b-ba0d-846224a5abfb?api-version=2021-07-01",
      "RequestMethod": "DELETE",
      "RequestHeaders": {
        "Accept": "application/json",
        "traceparent": "00-999aa35e35e302f4cba7f32cfe3db3c7-1c61b4737a600c5b-00",
        "User-Agent": "azsdk-net-Containers.ContainerRegistry/1.1.0-alpha.20221215.1 (.NET 6.0.12; Microsoft Windows 10.0.22621)",
        "x-ms-client-request-id": "ec90262da61031a76348d88dcad8ca98",
        "x-ms-return-client-request-id": "true"
      },
      "RequestBody": null,
      "StatusCode": 401,
      "ResponseHeaders": {
        "Access-Control-Expose-Headers": [
          "Docker-Content-Digest",
          "WWW-Authenticate",
          "Link",
          "X-Ms-Correlation-Request-Id"
        ],
        "Connection": "keep-alive",
        "Content-Length": "232",
        "Content-Type": "application/json; charset=utf-8",
        "Date": "Thu, 15 Dec 2022 17:04:56 GMT",
        "Docker-Distribution-Api-Version": "registry/2.0",
        "Server": "openresty",
        "Strict-Transport-Security": [
          "max-age=31536000; includeSubDomains",
          "max-age=31536000; includeSubDomains"
        ],
        "WWW-Authenticate": "Bearer realm=\u0022https://annelocontainerregistry.azurecr.io/oauth2/token\u0022,service=\u0022annelocontainerregistry.azurecr.io\u0022,scope=\u0022repository:c36dd318-7fda-0f4b-ba0d-846224a5abfb:delete\u0022",
        "X-Content-Type-Options": "nosniff",
        "X-Ms-Correlation-Request-Id": "f9676f8e-84be-47be-b344-a7e8c5ef4a4d"
      },
      "ResponseBody": {
        "errors": [
          {
            "code": "UNAUTHORIZED",
            "message": "authentication required, visit https://aka.ms/acr/authorization for more information.",
            "detail": [
              {
                "Type": "repository",
                "Name": "c36dd318-7fda-0f4b-ba0d-846224a5abfb",
                "Action": "delete"
              }
            ]
          }
        ]
      }
    },
    {
      "RequestUri": "https://annelocontainerregistry.azurecr.io/oauth2/token?api-version=2021-07-01",
      "RequestMethod": "POST",
      "RequestHeaders": {
        "Accept": "application/json",
        "Content-Length": "156",
        "Content-Type": "application/x-www-form-urlencoded",
        "traceparent": "00-999aa35e35e302f4cba7f32cfe3db3c7-85a336c3e42dfb3d-00",
        "User-Agent": "azsdk-net-Containers.ContainerRegistry/1.1.0-alpha.20221215.1 (.NET 6.0.12; Microsoft Windows 10.0.22621)",
        "x-ms-client-request-id": "e074204830e7c144d219b971e5a76880",
        "x-ms-return-client-request-id": "true"
      },
      "RequestBody": "service=annelocontainerregistry.azurecr.io\u0026scope=repository%3Ac36dd318-7fda-0f4b-ba0d-846224a5abfb%3Adelete\u0026refresh_token=Sanitized\u0026grant_type=refresh_token",
      "StatusCode": 200,
      "ResponseHeaders": {
        "Connection": "keep-alive",
        "Content-Type": "application/json; charset=utf-8",
        "Date": "Thu, 15 Dec 2022 17:04:56 GMT",
        "Server": "openresty",
        "Strict-Transport-Security": "max-age=31536000; includeSubDomains",
        "Transfer-Encoding": "chunked",
        "X-Ms-Correlation-Request-Id": "0ed04d3d-3c5b-45d0-b773-9d459cb3ef8c",
        "x-ms-ratelimit-remaining-calls-per-second": "166.616667"
      },
      "ResponseBody": {
        "access_token": "Sanitized"
      }
    },
    {
      "RequestUri": "https://annelocontainerregistry.azurecr.io/acr/v1/c36dd318-7fda-0f4b-ba0d-846224a5abfb?api-version=2021-07-01",
      "RequestMethod": "DELETE",
      "RequestHeaders": {
        "Accept": "application/json",
        "Authorization": "Sanitized",
        "traceparent": "00-999aa35e35e302f4cba7f32cfe3db3c7-1c61b4737a600c5b-00",
        "User-Agent": "azsdk-net-Containers.ContainerRegistry/1.1.0-alpha.20221215.1 (.NET 6.0.12; Microsoft Windows 10.0.22621)",
        "x-ms-client-request-id": "ec90262da61031a76348d88dcad8ca98",
        "x-ms-return-client-request-id": "true"
      },
      "RequestBody": null,
      "StatusCode": 202,
      "ResponseHeaders": {
        "Access-Control-Expose-Headers": [
          "Docker-Content-Digest",
          "WWW-Authenticate",
          "Link",
          "X-Ms-Correlation-Request-Id"
        ],
        "Connection": "keep-alive",
        "Content-Length": "116",
        "Content-Type": "application/json; charset=utf-8",
        "Date": "Thu, 15 Dec 2022 17:04:57 GMT",
        "Docker-Distribution-Api-Version": "registry/2.0",
        "Server": "openresty",
        "Strict-Transport-Security": [
          "max-age=31536000; includeSubDomains",
          "max-age=31536000; includeSubDomains"
        ],
        "X-Content-Type-Options": "nosniff",
        "X-Ms-Client-Request-Id": "ec90262da61031a76348d88dcad8ca98",
        "X-Ms-Correlation-Request-Id": "1780cc74-165e-436d-9d9b-b8e42db27e5b",
        "X-Ms-Ratelimit-Remaining-Calls-Per-Second": "8.000000",
        "X-Ms-Request-Id": "1c549fee-a214-4aba-a263-001ec9add9cd"
      },
      "ResponseBody": {
        "manifestsDeleted": [
          "sha256:95739e93e45a74f41f2230d4d9e4b95777b5d2599ef9d4809fb7bd41d3ffb545"
        ],
        "tagsDeleted": null
      }
    },
    {
      "RequestUri": "https://annelocontainerregistry.azurecr.io/acr/v1/_catalog?api-version=2021-07-01",
      "RequestMethod": "GET",
      "RequestHeaders": {
        "Accept": "application/json",
        "traceparent": "00-2aa5486f394fdaffa334a1982abce702-aca913e120298ebf-00",
        "User-Agent": "azsdk-net-Containers.ContainerRegistry/1.1.0-alpha.20221215.1 (.NET 6.0.12; Microsoft Windows 10.0.22621)",
        "x-ms-client-request-id": "9a81681d4bc0eadc87364ad137d6b073",
        "x-ms-return-client-request-id": "true"
      },
      "RequestBody": null,
      "StatusCode": 401,
      "ResponseHeaders": {
        "Access-Control-Expose-Headers": [
          "Docker-Content-Digest",
          "WWW-Authenticate",
          "Link",
          "X-Ms-Correlation-Request-Id"
        ],
        "Connection": "keep-alive",
        "Content-Length": "196",
        "Content-Type": "application/json; charset=utf-8",
        "Date": "Thu, 15 Dec 2022 17:04:57 GMT",
        "Docker-Distribution-Api-Version": "registry/2.0",
        "Server": "openresty",
        "Strict-Transport-Security": [
          "max-age=31536000; includeSubDomains",
          "max-age=31536000; includeSubDomains"
        ],
        "WWW-Authenticate": "Bearer realm=\u0022https://annelocontainerregistry.azurecr.io/oauth2/token\u0022,service=\u0022annelocontainerregistry.azurecr.io\u0022,scope=\u0022registry:catalog:*\u0022",
        "X-Content-Type-Options": "nosniff",
        "X-Ms-Correlation-Request-Id": "5ae0d84e-7d8d-4aac-b3dc-ee5a57cc1216"
      },
      "ResponseBody": {
        "errors": [
          {
            "code": "UNAUTHORIZED",
            "message": "authentication required, visit https://aka.ms/acr/authorization for more information.",
            "detail": [
              {
                "Type": "registry",
                "Name": "catalog",
                "Action": "*"
              }
            ]
          }
        ]
      }
    },
    {
      "RequestUri": "https://annelocontainerregistry.azurecr.io/oauth2/token?api-version=2021-07-01",
      "RequestMethod": "POST",
      "RequestHeaders": {
        "Accept": "application/json",
        "Content-Length": "122",
        "Content-Type": "application/x-www-form-urlencoded",
        "traceparent": "00-2aa5486f394fdaffa334a1982abce702-f35037cfa44cff02-00",
        "User-Agent": "azsdk-net-Containers.ContainerRegistry/1.1.0-alpha.20221215.1 (.NET 6.0.12; Microsoft Windows 10.0.22621)",
        "x-ms-client-request-id": "501141181fd2fc82e2cf1af7ec354cbc",
        "x-ms-return-client-request-id": "true"
      },
      "RequestBody": "service=annelocontainerregistry.azurecr.io\u0026scope=registry%3Acatalog%3A%2A\u0026refresh_token=Sanitized\u0026grant_type=refresh_token",
      "StatusCode": 200,
      "ResponseHeaders": {
        "Connection": "keep-alive",
        "Content-Type": "application/json; charset=utf-8",
        "Date": "Thu, 15 Dec 2022 17:04:57 GMT",
        "Server": "openresty",
        "Strict-Transport-Security": "max-age=31536000; includeSubDomains",
        "Transfer-Encoding": "chunked",
        "X-Ms-Correlation-Request-Id": "d9e5ebfb-fe75-4cbf-aa52-977e9be19cd5",
        "x-ms-ratelimit-remaining-calls-per-second": "166.6"
      },
      "ResponseBody": {
        "access_token": "Sanitized"
      }
    },
    {
      "RequestUri": "https://annelocontainerregistry.azurecr.io/acr/v1/_catalog?api-version=2021-07-01",
      "RequestMethod": "GET",
      "RequestHeaders": {
        "Accept": "application/json",
        "Authorization": "Sanitized",
        "traceparent": "00-2aa5486f394fdaffa334a1982abce702-aca913e120298ebf-00",
        "User-Agent": "azsdk-net-Containers.ContainerRegistry/1.1.0-alpha.20221215.1 (.NET 6.0.12; Microsoft Windows 10.0.22621)",
        "x-ms-client-request-id": "9a81681d4bc0eadc87364ad137d6b073",
        "x-ms-return-client-request-id": "true"
      },
      "RequestBody": null,
      "StatusCode": 200,
      "ResponseHeaders": {
        "Access-Control-Expose-Headers": [
          "Docker-Content-Digest",
          "WWW-Authenticate",
          "Link",
          "X-Ms-Correlation-Request-Id"
        ],
        "Connection": "keep-alive",
        "Content-Length": "76",
        "Content-Type": "application/json; charset=utf-8",
        "Date": "Thu, 15 Dec 2022 17:04:57 GMT",
        "Docker-Distribution-Api-Version": "registry/2.0",
        "Server": "openresty",
        "Strict-Transport-Security": [
          "max-age=31536000; includeSubDomains",
          "max-age=31536000; includeSubDomains"
        ],
        "X-Content-Type-Options": "nosniff",
        "X-Ms-Correlation-Request-Id": "b88eec48-437c-42ab-862b-4268a4aac397"
      },
      "ResponseBody": {
        "repositories": [
          "library/alpine",
          "library/busybox",
          "library/hello-world"
        ]
      }
    }
  ],
  "Variables": {
    "AZURE_AUTHORITY_HOST": "https://login.microsoftonline.com/",
    "CONTAINERREGISTRY_ENDPOINT": "https://annelocontainerregistry.azurecr.io",
    "RandomSeed": "1317216152"
  }
}
