{
  "Entries": [
    {
      "RequestUri": "https://mohitcontainerregistryanon.azurecr.io/acr/v1/_catalog?n=2\u0026api-version=2021-07-01",
      "RequestMethod": "GET",
      "RequestHeaders": {
        "Accept": "application/json",
        "traceparent": "00-78ed27fa91592d4ca81efba5b0bb4036-3927c920dfb86546-00",
        "User-Agent": [
          "azsdk-net-Containers.ContainerRegistry/1.0.0-alpha.20211104.1",
          "(.NET 5.0.11; Microsoft Windows 10.0.22000)"
        ],
        "x-ms-client-request-id": "01d407c8af23d58ee0a348aaf250f646",
        "x-ms-return-client-request-id": "true"
      },
      "RequestBody": null,
      "StatusCode": 401,
      "ResponseHeaders": {
        "Access-Control-Expose-Headers": [
          "Docker-Content-Digest",
          "WWW-Authenticate",
          "Link",
          "X-Ms-Correlation-Request-Id"
        ],
        "Connection": "keep-alive",
        "Content-Length": "196",
        "Content-Type": "application/json; charset=utf-8",
        "Date": "Thu, 04 Nov 2021 21:22:05 GMT",
        "Docker-Distribution-Api-Version": "registry/2.0",
        "Server": "openresty",
        "Strict-Transport-Security": [
          "max-age=31536000; includeSubDomains",
          "max-age=31536000; includeSubDomains"
        ],
        "WWW-Authenticate": "Bearer realm=\u0022https://mohitcontainerregistryanon.azurecr.io/oauth2/token\u0022,service=\u0022mohitcontainerregistryanon.azurecr.io\u0022,scope=\u0022registry:catalog:*\u0022",
        "X-Content-Type-Options": "nosniff",
        "X-Ms-Correlation-Request-Id": "8a429f97-4143-4364-8597-c19a757cfbea"
      },
      "ResponseBody": [
        "{\u0022errors\u0022:[{\u0022code\u0022:\u0022UNAUTHORIZED\u0022,\u0022message\u0022:\u0022authentication required, visit https://aka.ms/acr/authorization for more information.\u0022,\u0022detail\u0022:[{\u0022Type\u0022:\u0022registry\u0022,\u0022Name\u0022:\u0022catalog\u0022,\u0022Action\u0022:\u0022*\u0022}]}]}\n"
      ]
    },
    {
      "RequestUri": "https://mohitcontainerregistryanon.azurecr.io/oauth2/token?api-version=2021-07-01",
      "RequestMethod": "POST",
      "RequestHeaders": {
        "Accept": "application/json",
        "Content-Length": "118",
        "Content-Type": "application/x-www-form-urlencoded",
        "traceparent": "00-78ed27fa91592d4ca81efba5b0bb4036-7db38734d7aa044d-00",
        "User-Agent": [
          "azsdk-net-Containers.ContainerRegistry/1.0.0-alpha.20211104.1",
          "(.NET 5.0.11; Microsoft Windows 10.0.22000)"
        ],
        "x-ms-client-request-id": "488495efc096ce4cc8504c9b0640cd2a",
        "x-ms-return-client-request-id": "true"
      },
      "RequestBody": "service=mohitcontainerregistryanon.azurecr.io\u0026scope=registry%3acatalog%3a*\u0026refresh_token=Sanitized\u0026grant_type=password",
      "StatusCode": 200,
      "ResponseHeaders": {
        "Connection": "keep-alive",
        "Content-Type": "application/json; charset=utf-8",
        "Date": "Thu, 04 Nov 2021 21:22:05 GMT",
        "Server": "openresty",
        "Strict-Transport-Security": "max-age=31536000; includeSubDomains",
        "Transfer-Encoding": "chunked",
        "X-Ms-Correlation-Request-Id": "24f15bf5-b90e-4ed8-868d-c5745b983fc5",
        "x-ms-ratelimit-remaining-calls-per-second": "166.533333"
      },
      "ResponseBody": {
        "access_token": "eyJhbGciOiJSUzI1NiIsInR5cCI6IkpXVCIsImtpZCI6IkVERFE6SFVYWDpMQzQ3OlpCUk06T0k0WTpPUjY2OkFVWko6Qlk3RTo3N0pWOjU0UlI6UU1BSzpOTDI1In0.eyJqdGkiOiJlMGIyZjZlMi02M2Y2LTRmYmItOGQwZC1kMjM0NzU4Yjg5NDUiLCJzdWIiOiJhY3JfYW5vbl9wdWxsIiwibmJmIjoxNjM2MDYwMDIxLCJleHAiOjE2MzYwNjEyMjEsImlhdCI6MTYzNjA2MDAyMSwiaXNzIjoiQXp1cmUgQ29udGFpbmVyIFJlZ2lzdHJ5IiwiYXVkIjoibW9oaXRjb250YWluZXJyZWdpc3RyeWFub24uYXp1cmVjci5pbyIsInZlcnNpb24iOiIxLjAiLCJyaWQiOiI5OGU3YmIxZWU2OWQ0OWU4YjFkZDg5OGRlOTZhNmYxZSIsImFjY2VzcyI6W3siVHlwZSI6InJlZ2lzdHJ5IiwiTmFtZSI6ImNhdGFsb2ciLCJBY3Rpb25zIjpbIioiXX1dLCJyb2xlcyI6W10sImdyYW50X3R5cGUiOiJhY2Nlc3NfdG9rZW4ifQ.eSbxdWaMFwvlfvWwOsTsVCjA2GrzjJL91ZyQka0Cd4Myu1lWPLKwqT-TTJNqiCZCqCd87oBo0YrE3zO1-QA1hTpC_4K2ebNLm2s039Ziuz-TJpo6-auPv1Z7a7404VmmxS0CcuZLe0gMg4hCdz6zCik770dZ5RpifFiAHJJNPJJqRUt_rs9Rg4_PCAFiPNLdaeXYpCH_OrxGKRI-BK8wKXEIk6BFFJ7-D1Kabd3V2eTeEFcu4mQwdyTByPflaAqvnIv_j9vFYp-Ad4QCXk9y00ST2kZHJn_UJdVsZ_Mm6bfyob1USWUtgD0EKIF5rZYsUc6_89lj8kSXAgrh1ybD6A"
      }
    },
    {
      "RequestUri": "https://mohitcontainerregistryanon.azurecr.io/acr/v1/_catalog?n=2\u0026api-version=2021-07-01",
      "RequestMethod": "GET",
      "RequestHeaders": {
        "Accept": "application/json",
        "Authorization": "Sanitized",
        "traceparent": "00-78ed27fa91592d4ca81efba5b0bb4036-3927c920dfb86546-00",
        "User-Agent": [
          "azsdk-net-Containers.ContainerRegistry/1.0.0-alpha.20211104.1",
          "(.NET 5.0.11; Microsoft Windows 10.0.22000)"
        ],
        "x-ms-client-request-id": "01d407c8af23d58ee0a348aaf250f646",
        "x-ms-return-client-request-id": "true"
      },
      "RequestBody": null,
      "StatusCode": 200,
      "ResponseHeaders": {
        "Access-Control-Expose-Headers": [
          "Docker-Content-Digest",
          "WWW-Authenticate",
          "Link",
          "X-Ms-Correlation-Request-Id"
        ],
        "Connection": "keep-alive",
        "Content-Length": "54",
        "Content-Type": "application/json; charset=utf-8",
        "Date": "Thu, 04 Nov 2021 21:22:05 GMT",
        "Docker-Distribution-Api-Version": "registry/2.0",
        "Link": "\u003C/acr/v1/_catalog?last=library%2Fbusybox\u0026n=2\u0026orderby=\u003E; rel=\u0022next\u0022",
        "Server": "openresty",
        "Strict-Transport-Security": [
          "max-age=31536000; includeSubDomains",
          "max-age=31536000; includeSubDomains"
        ],
        "X-Content-Type-Options": "nosniff",
        "X-Ms-Correlation-Request-Id": "bdd6d465-8d3d-498c-9fda-c2763667abe9"
      },
      "ResponseBody": [
        "{\u0022repositories\u0022:[\u0022library/alpine\u0022,\u0022library/busybox\u0022]}\n"
      ]
    },
    {
      "RequestUri": "https://mohitcontainerregistryanon.azurecr.io/acr/v1/_catalog?last=library%2Fbusybox\u0026n=2\u0026orderby=",
      "RequestMethod": "GET",
      "RequestHeaders": {
        "Accept": "application/json",
        "traceparent": "00-e2b49414991b344bbc633492cbce0d2a-f3c3a4ecf470f545-00",
        "User-Agent": [
          "azsdk-net-Containers.ContainerRegistry/1.0.0-alpha.20211104.1",
          "(.NET 5.0.11; Microsoft Windows 10.0.22000)"
        ],
        "x-ms-client-request-id": "7eabe78767b843c1424a025f5432f32a",
        "x-ms-return-client-request-id": "true"
      },
      "RequestBody": null,
      "StatusCode": 401,
      "ResponseHeaders": {
        "Access-Control-Expose-Headers": [
          "Docker-Content-Digest",
          "WWW-Authenticate",
          "Link",
          "X-Ms-Correlation-Request-Id"
        ],
        "Connection": "keep-alive",
        "Content-Length": "196",
        "Content-Type": "application/json; charset=utf-8",
        "Date": "Thu, 04 Nov 2021 21:22:05 GMT",
        "Docker-Distribution-Api-Version": "registry/2.0",
        "Server": "openresty",
        "Strict-Transport-Security": [
          "max-age=31536000; includeSubDomains",
          "max-age=31536000; includeSubDomains"
        ],
        "WWW-Authenticate": "Bearer realm=\u0022https://mohitcontainerregistryanon.azurecr.io/oauth2/token\u0022,service=\u0022mohitcontainerregistryanon.azurecr.io\u0022,scope=\u0022registry:catalog:*\u0022",
        "X-Content-Type-Options": "nosniff",
        "X-Ms-Correlation-Request-Id": "794eebc9-7a4b-4930-9fb9-695f62fce4ef"
      },
      "ResponseBody": [
        "{\u0022errors\u0022:[{\u0022code\u0022:\u0022UNAUTHORIZED\u0022,\u0022message\u0022:\u0022authentication required, visit https://aka.ms/acr/authorization for more information.\u0022,\u0022detail\u0022:[{\u0022Type\u0022:\u0022registry\u0022,\u0022Name\u0022:\u0022catalog\u0022,\u0022Action\u0022:\u0022*\u0022}]}]}\n"
      ]
    },
    {
      "RequestUri": "https://mohitcontainerregistryanon.azurecr.io/oauth2/token?api-version=2021-07-01",
      "RequestMethod": "POST",
      "RequestHeaders": {
        "Accept": "application/json",
        "Content-Length": "118",
        "Content-Type": "application/x-www-form-urlencoded",
        "traceparent": "00-e2b49414991b344bbc633492cbce0d2a-58585d17006c7a4d-00",
        "User-Agent": [
          "azsdk-net-Containers.ContainerRegistry/1.0.0-alpha.20211104.1",
          "(.NET 5.0.11; Microsoft Windows 10.0.22000)"
        ],
        "x-ms-client-request-id": "5673f049567a0890bb0639d263f2cfa0",
        "x-ms-return-client-request-id": "true"
      },
      "RequestBody": "service=mohitcontainerregistryanon.azurecr.io\u0026scope=registry%3acatalog%3a*\u0026refresh_token=Sanitized\u0026grant_type=password",
      "StatusCode": 200,
      "ResponseHeaders": {
        "Connection": "keep-alive",
        "Content-Type": "application/json; charset=utf-8",
        "Date": "Thu, 04 Nov 2021 21:22:05 GMT",
        "Server": "openresty",
        "Strict-Transport-Security": "max-age=31536000; includeSubDomains",
        "Transfer-Encoding": "chunked",
        "X-Ms-Correlation-Request-Id": "9f82c1ef-2ef2-482c-8b32-702e65102810",
        "x-ms-ratelimit-remaining-calls-per-second": "166.516667"
      },
      "ResponseBody": {
        "access_token": "eyJhbGciOiJSUzI1NiIsInR5cCI6IkpXVCIsImtpZCI6IkVERFE6SFVYWDpMQzQ3OlpCUk06T0k0WTpPUjY2OkFVWko6Qlk3RTo3N0pWOjU0UlI6UU1BSzpOTDI1In0.eyJqdGkiOiJlMGIyZjZlMi02M2Y2LTRmYmItOGQwZC1kMjM0NzU4Yjg5NDUiLCJzdWIiOiJhY3JfYW5vbl9wdWxsIiwibmJmIjoxNjM2MDYwMDIxLCJleHAiOjE2MzYwNjEyMjEsImlhdCI6MTYzNjA2MDAyMSwiaXNzIjoiQXp1cmUgQ29udGFpbmVyIFJlZ2lzdHJ5IiwiYXVkIjoibW9oaXRjb250YWluZXJyZWdpc3RyeWFub24uYXp1cmVjci5pbyIsInZlcnNpb24iOiIxLjAiLCJyaWQiOiI5OGU3YmIxZWU2OWQ0OWU4YjFkZDg5OGRlOTZhNmYxZSIsImFjY2VzcyI6W3siVHlwZSI6InJlZ2lzdHJ5IiwiTmFtZSI6ImNhdGFsb2ciLCJBY3Rpb25zIjpbIioiXX1dLCJyb2xlcyI6W10sImdyYW50X3R5cGUiOiJhY2Nlc3NfdG9rZW4ifQ.eSbxdWaMFwvlfvWwOsTsVCjA2GrzjJL91ZyQka0Cd4Myu1lWPLKwqT-TTJNqiCZCqCd87oBo0YrE3zO1-QA1hTpC_4K2ebNLm2s039Ziuz-TJpo6-auPv1Z7a7404VmmxS0CcuZLe0gMg4hCdz6zCik770dZ5RpifFiAHJJNPJJqRUt_rs9Rg4_PCAFiPNLdaeXYpCH_OrxGKRI-BK8wKXEIk6BFFJ7-D1Kabd3V2eTeEFcu4mQwdyTByPflaAqvnIv_j9vFYp-Ad4QCXk9y00ST2kZHJn_UJdVsZ_Mm6bfyob1USWUtgD0EKIF5rZYsUc6_89lj8kSXAgrh1ybD6A"
      }
    },
    {
      "RequestUri": "https://mohitcontainerregistryanon.azurecr.io/acr/v1/_catalog?last=library%2Fbusybox\u0026n=2\u0026orderby=",
      "RequestMethod": "GET",
      "RequestHeaders": {
        "Accept": "application/json",
        "Authorization": "Sanitized",
        "traceparent": "00-e2b49414991b344bbc633492cbce0d2a-f3c3a4ecf470f545-00",
        "User-Agent": [
          "azsdk-net-Containers.ContainerRegistry/1.0.0-alpha.20211104.1",
          "(.NET 5.0.11; Microsoft Windows 10.0.22000)"
        ],
        "x-ms-client-request-id": "7eabe78767b843c1424a025f5432f32a",
        "x-ms-return-client-request-id": "true"
      },
      "RequestBody": null,
      "StatusCode": 200,
      "ResponseHeaders": {
        "Access-Control-Expose-Headers": [
          "Docker-Content-Digest",
          "WWW-Authenticate",
          "Link",
          "X-Ms-Correlation-Request-Id"
        ],
        "Connection": "keep-alive",
        "Content-Length": "41",
        "Content-Type": "application/json; charset=utf-8",
        "Date": "Thu, 04 Nov 2021 21:22:05 GMT",
        "Docker-Distribution-Api-Version": "registry/2.0",
        "Server": "openresty",
        "Strict-Transport-Security": [
          "max-age=31536000; includeSubDomains",
          "max-age=31536000; includeSubDomains"
        ],
        "X-Content-Type-Options": "nosniff",
        "X-Ms-Correlation-Request-Id": "5b9ffc58-c662-40fa-9e82-173728fc5346"
      },
      "ResponseBody": [
        "{\u0022repositories\u0022:[\u0022library/hello-world\u0022]}\n"
      ]
    }
  ],
  "Variables": {
    "CONTAINERREGISTRY_ANONREGISTRY_ENDPOINT": "https://mohitcontainerregistryanon.azurecr.io",
    "CONTAINERREGISTRY_ENDPOINT": "https://mohitcontainerregistry.azurecr.io",
    "RandomSeed": "1584335411"
  }
}