{
  "Entries": [
    {
      "RequestUri": "https://localtestacr04.azurecr.io/acr/v1/_catalog?last=library/alpine\u0026n=1",
      "RequestMethod": "GET",
      "RequestHeaders": {
        "Accept": "application/json",
        "traceparent": "00-dc404c53a0ca9742b42aa1998b1a2feb-51a1f7f7a4950e47-00",
        "User-Agent": "azsdk-net-Containers.ContainerRegistry/1.0.0-alpha.20210510.1 (.NET Framework 4.8.4300.0; Microsoft Windows 10.0.19042 )",
        "x-ms-client-request-id": "5e8a2ae34dc4b99c493db4de2268b830",
        "x-ms-return-client-request-id": "true"
      },
      "RequestBody": null,
      "StatusCode": 401,
      "ResponseHeaders": {
        "Access-Control-Expose-Headers": [
          "Docker-Content-Digest",
          "WWW-Authenticate",
          "Link",
          "X-Ms-Correlation-Request-Id"
        ],
        "Connection": "keep-alive",
        "Content-Length": "195",
        "Content-Type": "application/json; charset=utf-8",
        "Date": "Mon, 10 May 2021 15:37:21 GMT",
        "Docker-Distribution-Api-Version": "registry/2.0",
        "Server": "openresty",
        "Strict-Transport-Security": [
          "max-age=31536000; includeSubDomains",
          "max-age=31536000; includeSubDomains"
        ],
        "WWW-Authenticate": "Bearer realm=\u0022https://localtestacr04.azurecr.io/oauth2/token\u0022,service=\u0022localtestacr04.azurecr.io\u0022,scope=\u0022registry:catalog:*\u0022",
        "X-Content-Type-Options": "nosniff",
        "X-Ms-Correlation-Request-Id": "820f2464-ddc9-4853-9bcf-eada9e6d1cd2"
      },
      "ResponseBody": {
        "errors": [
          {
            "code": "UNAUTHORIZED",
            "message": "authentication required, visit https://aka.ms/acr/authorization for more information.",
            "detail": [
              {
                "Type": "registry",
                "Name": "catalog",
                "Action": "*"
              }
            ]
          }
        ]
      }
    },
    {
      "RequestUri": "https://localtestacr04.azurecr.io/oauth2/exchange",
      "RequestMethod": "POST",
      "RequestHeaders": {
        "Accept": "application/json",
        "Content-Length": "80",
        "Content-Type": "application/x-www-form-urlencoded",
        "traceparent": "00-dc404c53a0ca9742b42aa1998b1a2feb-b1f5fdd0b5f36443-00",
        "User-Agent": "azsdk-net-Containers.ContainerRegistry/1.0.0-alpha.20210510.1 (.NET Framework 4.8.4300.0; Microsoft Windows 10.0.19042 )",
        "x-ms-client-request-id": "3606ff2f1ee42ce90c100b2f88fae002",
        "x-ms-return-client-request-id": "true"
      },
      "RequestBody": "grant_type=access_token\u0026service=localtestacr04.azurecr.io\u0026access_token=Sanitized",
      "StatusCode": 200,
      "ResponseHeaders": {
        "Connection": "keep-alive",
        "Content-Type": "application/json; charset=utf-8",
        "Date": "Mon, 10 May 2021 15:37:21 GMT",
        "Server": "openresty",
        "Strict-Transport-Security": "max-age=31536000; includeSubDomains",
        "Transfer-Encoding": "chunked",
        "X-Ms-Correlation-Request-Id": "f7ac272f-bdf2-4f7d-9835-2844b51bd43e",
        "x-ms-ratelimit-remaining-calls-per-second": "166.133333"
      },
      "ResponseBody": {
        "refresh_token": "Sanitized.eyJleHAiOjI1NjY3NDEwMzl9.Sanitized"
      }
    },
    {
      "RequestUri": "https://localtestacr04.azurecr.io/oauth2/token",
      "RequestMethod": "POST",
      "RequestHeaders": {
        "Accept": "application/json",
        "Content-Length": "111",
        "Content-Type": "application/x-www-form-urlencoded",
        "traceparent": "00-dc404c53a0ca9742b42aa1998b1a2feb-6e497120089d3a4c-00",
        "User-Agent": "azsdk-net-Containers.ContainerRegistry/1.0.0-alpha.20210510.1 (.NET Framework 4.8.4300.0; Microsoft Windows 10.0.19042 )",
        "x-ms-client-request-id": "db1159747a6dfbbff25bb115bbb56552",
        "x-ms-return-client-request-id": "true"
      },
      "RequestBody": "service=localtestacr04.azurecr.io\u0026scope=registry%3acatalog%3a*\u0026refresh_token=Sanitized\u0026grant_type=refresh_token",
      "StatusCode": 200,
      "ResponseHeaders": {
        "Connection": "keep-alive",
        "Content-Type": "application/json; charset=utf-8",
        "Date": "Mon, 10 May 2021 15:37:21 GMT",
        "Server": "openresty",
        "Strict-Transport-Security": "max-age=31536000; includeSubDomains",
        "Transfer-Encoding": "chunked",
        "X-Ms-Correlation-Request-Id": "1cc979c1-3cfe-43e1-ab0c-769a4697109e",
        "x-ms-ratelimit-remaining-calls-per-second": "166.116667"
      },
      "ResponseBody": {
        "access_token": "eyJhbGciOiJSUzI1NiIsInR5cCI6IkpXVCIsImtpZCI6IjQ1NlA6WjNCRjpCQ0tPOkpUN0w6MlNLSTpVQUpZOkRCSU46VU5KWTpHWUZHOjdMQTI6WUpNSzpWUkVaIn0.eyJqdGkiOiIyMjE1MjYwYi1lOGRjLTQ4Y2QtOWI4MS04MGMwNDhjZTQ0MmMiLCJzdWIiOiI2NmZjYTY2Yy1iOTkwLTQzODEtYjM3Yi01ODhhMTc5OGNlNjUiLCJuYmYiOjE2MjA2NjAxNDEsImV4cCI6MTYyMDY2NDY0MSwiaWF0IjoxNjIwNjYwMTQxLCJpc3MiOiJBenVyZSBDb250YWluZXIgUmVnaXN0cnkiLCJhdWQiOiJsb2NhbHRlc3RhY3IwNC5henVyZWNyLmlvIiwidmVyc2lvbiI6IjEuMCIsInJpZCI6ImJmNmNlNzhlYzM2MjQ1OWQ4ODRmN2NlNjMxNGY1YWJmIiwiYWNjZXNzIjpbeyJ0eXBlIjoicmVnaXN0cnkiLCJuYW1lIjoiY2F0YWxvZyIsImFjdGlvbnMiOlsiKiJdfV0sInJvbGVzIjpbXSwiZ3JhbnRfdHlwZSI6ImFjY2Vzc190b2tlbiJ9.2RcX0Z4AuCyyOfv_vfLUOBqhnKeL-8pl_snKjbGLTNT89wRjoYkvDIGyq1HHSvMQiN9pXrYRRjV1IZJUXNfkX0HJgiV9z9BeEYqHMkPVv19RUyKhkmm6XNLpa8B2Kvc75N2rxFOvp_SWBk9M5kEO7OeU2F_tkoJ8sb07pkZM4jjR2gpScZgxkKfi5iz_bEFnbpolSde5cY01yecMOeKuA2YZYUv0plKE7-ndbfI_14iMxO3QBLUiQhiQMhhw2l4J9txOKWq6l-v9uXkUWQGg-nu2Lkd_R87PzrkDhAHDq4WX9HXWaPMjaC7J3V1ZFWeGFVBrcihrM_kau5TWCLx3sQ"
      }
    },
    {
      "RequestUri": "https://localtestacr04.azurecr.io/acr/v1/_catalog?last=library/alpine\u0026n=1",
      "RequestMethod": "GET",
      "RequestHeaders": {
        "Accept": "application/json",
        "Authorization": "Sanitized",
        "traceparent": "00-dc404c53a0ca9742b42aa1998b1a2feb-51a1f7f7a4950e47-00",
        "User-Agent": "azsdk-net-Containers.ContainerRegistry/1.0.0-alpha.20210510.1 (.NET Framework 4.8.4300.0; Microsoft Windows 10.0.19042 )",
        "x-ms-client-request-id": "5e8a2ae34dc4b99c493db4de2268b830",
        "x-ms-return-client-request-id": "true"
      },
      "RequestBody": null,
      "StatusCode": 200,
      "ResponseHeaders": {
        "Access-Control-Expose-Headers": [
          "Docker-Content-Digest",
          "WWW-Authenticate",
          "Link",
          "X-Ms-Correlation-Request-Id"
        ],
        "Connection": "keep-alive",
        "Content-Length": "36",
        "Content-Type": "application/json; charset=utf-8",
        "Date": "Mon, 10 May 2021 15:37:21 GMT",
        "Docker-Distribution-Api-Version": "registry/2.0",
        "Link": "\u003C/acr/v1/_catalog?last=library%2Fbusybox\u0026n=1\u0026orderby=\u003E; rel=\u0022next\u0022",
        "Server": "openresty",
        "Strict-Transport-Security": [
          "max-age=31536000; includeSubDomains",
          "max-age=31536000; includeSubDomains"
        ],
        "X-Content-Type-Options": "nosniff",
        "X-Ms-Correlation-Request-Id": "fc08ef48-17de-4bb4-b2ce-bcb767908a81"
      },
      "ResponseBody": {
        "repositories": [
          "library/busybox"
        ]
      }
    },
    {
      "RequestUri": "https://localtestacr04.azurecr.io/acr/v1/_catalog?last=library%2Fbusybox\u0026n=1\u0026orderby=",
      "RequestMethod": "GET",
      "RequestHeaders": {
        "Accept": "application/json",
        "traceparent": "00-f3456a866799f6418cf7749f75a68a6d-5b95b9f86b71514c-00",
        "User-Agent": "azsdk-net-Containers.ContainerRegistry/1.0.0-alpha.20210510.1 (.NET Framework 4.8.4300.0; Microsoft Windows 10.0.19042 )",
        "x-ms-client-request-id": "1b19c9876d65c5d3405e51b4416c304e",
        "x-ms-return-client-request-id": "true"
      },
      "RequestBody": null,
      "StatusCode": 401,
      "ResponseHeaders": {
        "Access-Control-Expose-Headers": [
          "Docker-Content-Digest",
          "WWW-Authenticate",
          "Link",
          "X-Ms-Correlation-Request-Id"
        ],
        "Connection": "keep-alive",
        "Content-Length": "195",
        "Content-Type": "application/json; charset=utf-8",
        "Date": "Mon, 10 May 2021 15:37:21 GMT",
        "Docker-Distribution-Api-Version": "registry/2.0",
        "Server": "openresty",
        "Strict-Transport-Security": [
          "max-age=31536000; includeSubDomains",
          "max-age=31536000; includeSubDomains"
        ],
        "WWW-Authenticate": "Bearer realm=\u0022https://localtestacr04.azurecr.io/oauth2/token\u0022,service=\u0022localtestacr04.azurecr.io\u0022,scope=\u0022registry:catalog:*\u0022",
        "X-Content-Type-Options": "nosniff",
        "X-Ms-Correlation-Request-Id": "687922b2-17ce-44be-9ae0-5009974cf0ea"
      },
      "ResponseBody": {
        "errors": [
          {
            "code": "UNAUTHORIZED",
            "message": "authentication required, visit https://aka.ms/acr/authorization for more information.",
            "detail": [
              {
                "Type": "registry",
                "Name": "catalog",
                "Action": "*"
              }
            ]
          }
        ]
      }
    },
    {
      "RequestUri": "https://localtestacr04.azurecr.io/oauth2/token",
      "RequestMethod": "POST",
      "RequestHeaders": {
        "Accept": "application/json",
        "Content-Length": "111",
        "Content-Type": "application/x-www-form-urlencoded",
        "traceparent": "00-f3456a866799f6418cf7749f75a68a6d-4dfbb9e944832d41-00",
        "User-Agent": "azsdk-net-Containers.ContainerRegistry/1.0.0-alpha.20210510.1 (.NET Framework 4.8.4300.0; Microsoft Windows 10.0.19042 )",
        "x-ms-client-request-id": "c969b25ddd57b5c33f0a43896cd47156",
        "x-ms-return-client-request-id": "true"
      },
      "RequestBody": "service=localtestacr04.azurecr.io\u0026scope=registry%3acatalog%3a*\u0026refresh_token=Sanitized\u0026grant_type=refresh_token",
      "StatusCode": 200,
      "ResponseHeaders": {
        "Connection": "keep-alive",
        "Content-Type": "application/json; charset=utf-8",
        "Date": "Mon, 10 May 2021 15:37:22 GMT",
        "Server": "openresty",
        "Strict-Transport-Security": "max-age=31536000; includeSubDomains",
        "Transfer-Encoding": "chunked",
        "X-Ms-Correlation-Request-Id": "d4c45fcf-8565-495d-bc41-4bb341b3f987",
        "x-ms-ratelimit-remaining-calls-per-second": "166.1"
      },
      "ResponseBody": {
        "access_token": "eyJhbGciOiJSUzI1NiIsInR5cCI6IkpXVCIsImtpZCI6IjQ1NlA6WjNCRjpCQ0tPOkpUN0w6MlNLSTpVQUpZOkRCSU46VU5KWTpHWUZHOjdMQTI6WUpNSzpWUkVaIn0.eyJqdGkiOiI3OGE0NTQzMi0wZTYyLTRkZTEtOGRkNy1hOGQ1NGQwOWJlYzUiLCJzdWIiOiI2NmZjYTY2Yy1iOTkwLTQzODEtYjM3Yi01ODhhMTc5OGNlNjUiLCJuYmYiOjE2MjA2NjAxNDIsImV4cCI6MTYyMDY2NDY0MiwiaWF0IjoxNjIwNjYwMTQyLCJpc3MiOiJBenVyZSBDb250YWluZXIgUmVnaXN0cnkiLCJhdWQiOiJsb2NhbHRlc3RhY3IwNC5henVyZWNyLmlvIiwidmVyc2lvbiI6IjEuMCIsInJpZCI6ImJmNmNlNzhlYzM2MjQ1OWQ4ODRmN2NlNjMxNGY1YWJmIiwiYWNjZXNzIjpbeyJ0eXBlIjoicmVnaXN0cnkiLCJuYW1lIjoiY2F0YWxvZyIsImFjdGlvbnMiOlsiKiJdfV0sInJvbGVzIjpbXSwiZ3JhbnRfdHlwZSI6ImFjY2Vzc190b2tlbiJ9.s8cdroVpxqW_NYS9lb1TXAaJ2pEIYjMc4xNJhMLOz_NHYCC2RKe3KkJWxYczJH8CyrF_MscseVqqONiuLmMJdeMCIewO5n54b1tAZaCm54KX5HVKihSpqMsyITqgOxJEl1vGMMYn06c-jW50Fu9qr4Ez9RpPdWr8zN-b_dzET9tRxaLttq2plAHwPWQeXPDtWwh44O_e2U990W09gy9rFP_TCOhd22O3u7H5tG811nWBfCOtjqbZsZ9c8o7t6rJLuLotBdD1qE1qMWhL8UGcRxG5lsWUNB-FNkIDWxYTXVETj1IML8znM6rIa_L0JpcKjKKUJrGfP8NaeNIOGbbPAQ"
      }
    },
    {
      "RequestUri": "https://localtestacr04.azurecr.io/acr/v1/_catalog?last=library%2Fbusybox\u0026n=1\u0026orderby=",
      "RequestMethod": "GET",
      "RequestHeaders": {
        "Accept": "application/json",
        "Authorization": "Sanitized",
        "traceparent": "00-f3456a866799f6418cf7749f75a68a6d-5b95b9f86b71514c-00",
        "User-Agent": "azsdk-net-Containers.ContainerRegistry/1.0.0-alpha.20210510.1 (.NET Framework 4.8.4300.0; Microsoft Windows 10.0.19042 )",
        "x-ms-client-request-id": "1b19c9876d65c5d3405e51b4416c304e",
        "x-ms-return-client-request-id": "true"
      },
      "RequestBody": null,
      "StatusCode": 200,
      "ResponseHeaders": {
        "Access-Control-Expose-Headers": [
          "Docker-Content-Digest",
          "WWW-Authenticate",
          "Link",
          "X-Ms-Correlation-Request-Id"
        ],
        "Connection": "keep-alive",
        "Content-Length": "40",
        "Content-Type": "application/json; charset=utf-8",
        "Date": "Mon, 10 May 2021 15:37:22 GMT",
        "Docker-Distribution-Api-Version": "registry/2.0",
        "Link": "\u003C/acr/v1/_catalog?last=library%2Fhello-world\u0026n=1\u0026orderby=\u003E; rel=\u0022next\u0022",
        "Server": "openresty",
        "Strict-Transport-Security": [
          "max-age=31536000; includeSubDomains",
          "max-age=31536000; includeSubDomains"
        ],
        "X-Content-Type-Options": "nosniff",
        "X-Ms-Correlation-Request-Id": "cc63e74d-ac98-4972-ab77-ddc40d3a2227"
      },
      "ResponseBody": {
        "repositories": [
          "library/hello-world"
        ]
      }
    },
    {
      "RequestUri": "https://localtestacr04.azurecr.io/acr/v1/_catalog?last=library%2Fhello-world\u0026n=1\u0026orderby=",
      "RequestMethod": "GET",
      "RequestHeaders": {
        "Accept": "application/json",
        "traceparent": "00-c7c113dff6b68747ab0ac342fa14b9af-46426f86aab6d649-00",
        "User-Agent": "azsdk-net-Containers.ContainerRegistry/1.0.0-alpha.20210510.1 (.NET Framework 4.8.4300.0; Microsoft Windows 10.0.19042 )",
        "x-ms-client-request-id": "bea8b9aac4e0079c864c9a0e280aba86",
        "x-ms-return-client-request-id": "true"
      },
      "RequestBody": null,
      "StatusCode": 401,
      "ResponseHeaders": {
        "Access-Control-Expose-Headers": [
          "Docker-Content-Digest",
          "WWW-Authenticate",
          "Link",
          "X-Ms-Correlation-Request-Id"
        ],
        "Connection": "keep-alive",
        "Content-Length": "195",
        "Content-Type": "application/json; charset=utf-8",
        "Date": "Mon, 10 May 2021 15:37:22 GMT",
        "Docker-Distribution-Api-Version": "registry/2.0",
        "Server": "openresty",
        "Strict-Transport-Security": [
          "max-age=31536000; includeSubDomains",
          "max-age=31536000; includeSubDomains"
        ],
        "WWW-Authenticate": "Bearer realm=\u0022https://localtestacr04.azurecr.io/oauth2/token\u0022,service=\u0022localtestacr04.azurecr.io\u0022,scope=\u0022registry:catalog:*\u0022",
        "X-Content-Type-Options": "nosniff",
        "X-Ms-Correlation-Request-Id": "887d1573-cfeb-4453-9ab1-2d0c85d1ee56"
      },
      "ResponseBody": {
        "errors": [
          {
            "code": "UNAUTHORIZED",
            "message": "authentication required, visit https://aka.ms/acr/authorization for more information.",
            "detail": [
              {
                "Type": "registry",
                "Name": "catalog",
                "Action": "*"
              }
            ]
          }
        ]
      }
    },
    {
      "RequestUri": "https://localtestacr04.azurecr.io/oauth2/token",
      "RequestMethod": "POST",
      "RequestHeaders": {
        "Accept": "application/json",
        "Content-Length": "111",
        "Content-Type": "application/x-www-form-urlencoded",
        "traceparent": "00-c7c113dff6b68747ab0ac342fa14b9af-525e3b5fef88744b-00",
        "User-Agent": "azsdk-net-Containers.ContainerRegistry/1.0.0-alpha.20210510.1 (.NET Framework 4.8.4300.0; Microsoft Windows 10.0.19042 )",
        "x-ms-client-request-id": "08b7622a9b4ca9fb0664dc5b2a49586b",
        "x-ms-return-client-request-id": "true"
      },
      "RequestBody": "service=localtestacr04.azurecr.io\u0026scope=registry%3acatalog%3a*\u0026refresh_token=Sanitized\u0026grant_type=refresh_token",
      "StatusCode": 200,
      "ResponseHeaders": {
        "Connection": "keep-alive",
        "Content-Type": "application/json; charset=utf-8",
        "Date": "Mon, 10 May 2021 15:37:22 GMT",
        "Server": "openresty",
        "Strict-Transport-Security": "max-age=31536000; includeSubDomains",
        "Transfer-Encoding": "chunked",
        "X-Ms-Correlation-Request-Id": "14b38132-7944-4071-b3a0-5976cdea4665",
        "x-ms-ratelimit-remaining-calls-per-second": "166.083333"
      },
      "ResponseBody": {
        "access_token": "eyJhbGciOiJSUzI1NiIsInR5cCI6IkpXVCIsImtpZCI6IjQ1NlA6WjNCRjpCQ0tPOkpUN0w6MlNLSTpVQUpZOkRCSU46VU5KWTpHWUZHOjdMQTI6WUpNSzpWUkVaIn0.eyJqdGkiOiI2MGI2ZTg2Ni01M2RlLTRlZjYtYmVjZC1kNTkyNWMyM2U4ZTYiLCJzdWIiOiI2NmZjYTY2Yy1iOTkwLTQzODEtYjM3Yi01ODhhMTc5OGNlNjUiLCJuYmYiOjE2MjA2NjAxNDIsImV4cCI6MTYyMDY2NDY0MiwiaWF0IjoxNjIwNjYwMTQyLCJpc3MiOiJBenVyZSBDb250YWluZXIgUmVnaXN0cnkiLCJhdWQiOiJsb2NhbHRlc3RhY3IwNC5henVyZWNyLmlvIiwidmVyc2lvbiI6IjEuMCIsInJpZCI6ImJmNmNlNzhlYzM2MjQ1OWQ4ODRmN2NlNjMxNGY1YWJmIiwiYWNjZXNzIjpbeyJ0eXBlIjoicmVnaXN0cnkiLCJuYW1lIjoiY2F0YWxvZyIsImFjdGlvbnMiOlsiKiJdfV0sInJvbGVzIjpbXSwiZ3JhbnRfdHlwZSI6ImFjY2Vzc190b2tlbiJ9.GFIMVwdIlZo0QKNEJVFoZZcNTax92mbBHPIofr0rSHgorpeWkjDajXqp89E3Y-bzep8tZKcRWQoR-l2Uxb_uwkjgKJQq7UsdTzA4niL6CbVOi1e_EyMonmVILVo6BrTHlrHToDUjyOVHNOm_EB3Dww6VTqVHktdZOVUpa1Nhil-BYST3GvlD2kpcYf97sxoxMIzefSpMRoI2lTAbPwV25ZpCSfmef48tLa0TyWZOYOuaLDlgaP4qXHZ6BdnGusltPPU5C853HkrrrDX7Ok0v78PxdEENFX4BS7ulXVuCHd6ObVwwIfhCTnuo8ccnKAy8lJ2wJSXbgfEu-utx7eOq3g"
      }
    },
    {
      "RequestUri": "https://localtestacr04.azurecr.io/acr/v1/_catalog?last=library%2Fhello-world\u0026n=1\u0026orderby=",
      "RequestMethod": "GET",
      "RequestHeaders": {
        "Accept": "application/json",
        "Authorization": "Sanitized",
        "traceparent": "00-c7c113dff6b68747ab0ac342fa14b9af-46426f86aab6d649-00",
        "User-Agent": "azsdk-net-Containers.ContainerRegistry/1.0.0-alpha.20210510.1 (.NET Framework 4.8.4300.0; Microsoft Windows 10.0.19042 )",
        "x-ms-client-request-id": "bea8b9aac4e0079c864c9a0e280aba86",
        "x-ms-return-client-request-id": "true"
      },
      "RequestBody": null,
      "StatusCode": 200,
      "ResponseHeaders": {
        "Access-Control-Expose-Headers": [
          "Docker-Content-Digest",
          "WWW-Authenticate",
          "Link",
          "X-Ms-Correlation-Request-Id"
        ],
        "Connection": "keep-alive",
        "Content-Length": "33",
        "Content-Type": "application/json; charset=utf-8",
        "Date": "Mon, 10 May 2021 15:37:22 GMT",
        "Docker-Distribution-Api-Version": "registry/2.0",
        "Server": "openresty",
        "Strict-Transport-Security": [
          "max-age=31536000; includeSubDomains",
          "max-age=31536000; includeSubDomains"
        ],
        "X-Content-Type-Options": "nosniff",
        "X-Ms-Correlation-Request-Id": "f2f7ca27-10e1-459c-8dd9-8f9494a6550e"
      },
      "ResponseBody": {
        "repositories": [
          "library/node"
        ]
      }
    }
  ],
  "Variables": {
    "CONTAINERREGISTRY_ENDPOINT": "https://localtestacr04.azurecr.io",
    "RandomSeed": "1113644025"
  }
}