{
  "Entries": [
    {
      "RequestUri": "https://localtestacr01.azurecr.io/acr/v1/_catalog?last=library/alpine\u0026n=1",
      "RequestMethod": "GET",
      "RequestHeaders": {
        "Accept": "application/json",
        "traceparent": "00-c382825441f3d846b40c99b9f30af32e-1521529fd3f17441-00",
        "User-Agent": "azsdk-net-Containers.ContainerRegistry/1.0.0-alpha.20210505.1 (.NET Framework 4.8.4300.0; Microsoft Windows 10.0.19042 )",
        "x-ms-client-request-id": "471d83abb1fa3b91f7ef1ad15ff29b29",
        "x-ms-return-client-request-id": "true"
      },
      "RequestBody": null,
      "StatusCode": 401,
      "ResponseHeaders": {
        "Access-Control-Expose-Headers": [
          "Docker-Content-Digest",
          "WWW-Authenticate",
          "Link",
          "X-Ms-Correlation-Request-Id"
        ],
        "Connection": "keep-alive",
        "Content-Length": "195",
        "Content-Type": "application/json; charset=utf-8",
        "Date": "Thu, 06 May 2021 00:50:29 GMT",
        "Docker-Distribution-Api-Version": "registry/2.0",
        "Server": "openresty",
        "Strict-Transport-Security": [
          "max-age=31536000; includeSubDomains",
          "max-age=31536000; includeSubDomains"
        ],
        "WWW-Authenticate": "Bearer realm=\u0022https://localtestacr01.azurecr.io/oauth2/token\u0022,service=\u0022localtestacr01.azurecr.io\u0022,scope=\u0022registry:catalog:*\u0022",
        "X-Content-Type-Options": "nosniff",
        "X-Ms-Correlation-Request-Id": "2945eaa0-1acf-4012-b21c-7c85bcff436a"
      },
      "ResponseBody": {
        "errors": [
          {
            "code": "UNAUTHORIZED",
            "message": "authentication required, visit https://aka.ms/acr/authorization for more information.",
            "detail": [
              {
                "Type": "registry",
                "Name": "catalog",
                "Action": "*"
              }
            ]
          }
        ]
      }
    },
    {
      "RequestUri": "https://localtestacr01.azurecr.io/oauth2/exchange",
      "RequestMethod": "POST",
      "RequestHeaders": {
        "Accept": "application/json",
        "Content-Length": "80",
        "Content-Type": "application/x-www-form-urlencoded",
        "traceparent": "00-c382825441f3d846b40c99b9f30af32e-bf14f4a7c19a1942-00",
        "User-Agent": "azsdk-net-Containers.ContainerRegistry/1.0.0-alpha.20210505.1 (.NET Framework 4.8.4300.0; Microsoft Windows 10.0.19042 )",
        "x-ms-client-request-id": "36f9479b2ea866addfbe6ad22d6046e0",
        "x-ms-return-client-request-id": "true"
      },
      "RequestBody": "grant_type=access_token\u0026service=localtestacr01.azurecr.io\u0026access_token=Sanitized",
      "StatusCode": 200,
      "ResponseHeaders": {
        "Connection": "keep-alive",
        "Content-Type": "application/json; charset=utf-8",
        "Date": "Thu, 06 May 2021 00:50:30 GMT",
        "Server": "openresty",
        "Strict-Transport-Security": "max-age=31536000; includeSubDomains",
        "Transfer-Encoding": "chunked",
        "X-Ms-Correlation-Request-Id": "18b01433-0401-4e5b-9c50-eb42743c1f28",
        "x-ms-ratelimit-remaining-calls-per-second": "166.566667"
      },
      "ResponseBody": {
        "refresh_token": "Sanitized.eyJleHAiOjI1NjYzNDIyMjl9.Sanitized"
      }
    },
    {
      "RequestUri": "https://localtestacr01.azurecr.io/oauth2/token",
      "RequestMethod": "POST",
      "RequestHeaders": {
        "Accept": "application/json",
        "Content-Length": "111",
        "Content-Type": "application/x-www-form-urlencoded",
        "traceparent": "00-c382825441f3d846b40c99b9f30af32e-f4fa846ba5b35b46-00",
        "User-Agent": "azsdk-net-Containers.ContainerRegistry/1.0.0-alpha.20210505.1 (.NET Framework 4.8.4300.0; Microsoft Windows 10.0.19042 )",
        "x-ms-client-request-id": "1cd950334a0f4a41c824ea0ee8c1d1f8",
        "x-ms-return-client-request-id": "true"
      },
      "RequestBody": "grant_type=refresh_token\u0026service=localtestacr01.azurecr.io\u0026scope=registry%3acatalog%3a*\u0026refresh_token=Sanitized",
      "StatusCode": 200,
      "ResponseHeaders": {
        "Connection": "keep-alive",
        "Content-Type": "application/json; charset=utf-8",
        "Date": "Thu, 06 May 2021 00:50:30 GMT",
        "Server": "openresty",
        "Strict-Transport-Security": "max-age=31536000; includeSubDomains",
        "Transfer-Encoding": "chunked",
        "X-Ms-Correlation-Request-Id": "d2d551d6-1130-434f-a4d6-6572dc146ecb",
        "x-ms-ratelimit-remaining-calls-per-second": "166.55"
      },
      "ResponseBody": {
        "access_token": "Sanitized"
      }
    },
    {
      "RequestUri": "https://localtestacr01.azurecr.io/acr/v1/_catalog?last=library/alpine\u0026n=1",
      "RequestMethod": "GET",
      "RequestHeaders": {
        "Accept": "application/json",
        "Authorization": "Sanitized",
        "traceparent": "00-c382825441f3d846b40c99b9f30af32e-1521529fd3f17441-00",
        "User-Agent": "azsdk-net-Containers.ContainerRegistry/1.0.0-alpha.20210505.1 (.NET Framework 4.8.4300.0; Microsoft Windows 10.0.19042 )",
        "x-ms-client-request-id": "471d83abb1fa3b91f7ef1ad15ff29b29",
        "x-ms-return-client-request-id": "true"
      },
      "RequestBody": null,
      "StatusCode": 200,
      "ResponseHeaders": {
        "Access-Control-Expose-Headers": [
          "Docker-Content-Digest",
          "WWW-Authenticate",
          "Link",
          "X-Ms-Correlation-Request-Id"
        ],
        "Connection": "keep-alive",
        "Content-Length": "36",
        "Content-Type": "application/json; charset=utf-8",
        "Date": "Thu, 06 May 2021 00:50:30 GMT",
        "Docker-Distribution-Api-Version": "registry/2.0",
        "Link": "\u003C/acr/v1/_catalog?last=library%2Fbusybox\u0026n=1\u0026orderby=\u003E; rel=\u0022next\u0022",
        "Server": "openresty",
        "Strict-Transport-Security": [
          "max-age=31536000; includeSubDomains",
          "max-age=31536000; includeSubDomains"
        ],
        "X-Content-Type-Options": "nosniff",
        "X-Ms-Correlation-Request-Id": "eaf17cc3-c527-41fc-95d0-23f9225309c4"
      },
      "ResponseBody": {
        "repositories": [
          "library/busybox"
        ]
      }
    },
    {
      "RequestUri": "https://localtestacr01.azurecr.io/acr/v1/_catalog?last=library%2Fbusybox\u0026n=1\u0026orderby=",
      "RequestMethod": "GET",
      "RequestHeaders": {
        "Accept": "application/json",
        "traceparent": "00-1b3dfa7ce8084c4095ed713344cedbdd-f5d23525ce68b643-00",
        "User-Agent": "azsdk-net-Containers.ContainerRegistry/1.0.0-alpha.20210505.1 (.NET Framework 4.8.4300.0; Microsoft Windows 10.0.19042 )",
        "x-ms-client-request-id": "dd022a81ec977c6bd5b7683c46be0e96",
        "x-ms-return-client-request-id": "true"
      },
      "RequestBody": null,
      "StatusCode": 401,
      "ResponseHeaders": {
        "Access-Control-Expose-Headers": [
          "Docker-Content-Digest",
          "WWW-Authenticate",
          "Link",
          "X-Ms-Correlation-Request-Id"
        ],
        "Connection": "keep-alive",
        "Content-Length": "195",
        "Content-Type": "application/json; charset=utf-8",
        "Date": "Thu, 06 May 2021 00:50:30 GMT",
        "Docker-Distribution-Api-Version": "registry/2.0",
        "Server": "openresty",
        "Strict-Transport-Security": [
          "max-age=31536000; includeSubDomains",
          "max-age=31536000; includeSubDomains"
        ],
        "WWW-Authenticate": "Bearer realm=\u0022https://localtestacr01.azurecr.io/oauth2/token\u0022,service=\u0022localtestacr01.azurecr.io\u0022,scope=\u0022registry:catalog:*\u0022",
        "X-Content-Type-Options": "nosniff",
        "X-Ms-Correlation-Request-Id": "d986a029-da95-42a0-b8bf-035a279301a1"
      },
      "ResponseBody": {
        "errors": [
          {
            "code": "UNAUTHORIZED",
            "message": "authentication required, visit https://aka.ms/acr/authorization for more information.",
            "detail": [
              {
                "Type": "registry",
                "Name": "catalog",
                "Action": "*"
              }
            ]
          }
        ]
      }
    },
    {
      "RequestUri": "https://localtestacr01.azurecr.io/oauth2/token",
      "RequestMethod": "POST",
      "RequestHeaders": {
        "Accept": "application/json",
        "Content-Length": "111",
        "Content-Type": "application/x-www-form-urlencoded",
        "traceparent": "00-1b3dfa7ce8084c4095ed713344cedbdd-3548165515670542-00",
        "User-Agent": "azsdk-net-Containers.ContainerRegistry/1.0.0-alpha.20210505.1 (.NET Framework 4.8.4300.0; Microsoft Windows 10.0.19042 )",
        "x-ms-client-request-id": "0e9d39a97e19501905ae6e83449f7d1e",
        "x-ms-return-client-request-id": "true"
      },
      "RequestBody": "grant_type=refresh_token\u0026service=localtestacr01.azurecr.io\u0026scope=registry%3acatalog%3a*\u0026refresh_token=Sanitized",
      "StatusCode": 200,
      "ResponseHeaders": {
        "Connection": "keep-alive",
        "Content-Type": "application/json; charset=utf-8",
        "Date": "Thu, 06 May 2021 00:50:30 GMT",
        "Server": "openresty",
        "Strict-Transport-Security": "max-age=31536000; includeSubDomains",
        "Transfer-Encoding": "chunked",
        "X-Ms-Correlation-Request-Id": "a4d7b095-4bf6-4b62-919e-ed17f4e95ef3",
        "x-ms-ratelimit-remaining-calls-per-second": "166.533333"
      },
      "ResponseBody": {
        "access_token": "Sanitized"
      }
    },
    {
      "RequestUri": "https://localtestacr01.azurecr.io/acr/v1/_catalog?last=library%2Fbusybox\u0026n=1\u0026orderby=",
      "RequestMethod": "GET",
      "RequestHeaders": {
        "Accept": "application/json",
        "Authorization": "Sanitized",
        "traceparent": "00-1b3dfa7ce8084c4095ed713344cedbdd-f5d23525ce68b643-00",
        "User-Agent": "azsdk-net-Containers.ContainerRegistry/1.0.0-alpha.20210505.1 (.NET Framework 4.8.4300.0; Microsoft Windows 10.0.19042 )",
        "x-ms-client-request-id": "dd022a81ec977c6bd5b7683c46be0e96",
        "x-ms-return-client-request-id": "true"
      },
      "RequestBody": null,
      "StatusCode": 200,
      "ResponseHeaders": {
        "Access-Control-Expose-Headers": [
          "Docker-Content-Digest",
          "WWW-Authenticate",
          "Link",
          "X-Ms-Correlation-Request-Id"
        ],
        "Connection": "keep-alive",
        "Content-Length": "40",
        "Content-Type": "application/json; charset=utf-8",
        "Date": "Thu, 06 May 2021 00:50:30 GMT",
        "Docker-Distribution-Api-Version": "registry/2.0",
        "Link": "\u003C/acr/v1/_catalog?last=library%2Fhello-world\u0026n=1\u0026orderby=\u003E; rel=\u0022next\u0022",
        "Server": "openresty",
        "Strict-Transport-Security": [
          "max-age=31536000; includeSubDomains",
          "max-age=31536000; includeSubDomains"
        ],
        "X-Content-Type-Options": "nosniff",
        "X-Ms-Correlation-Request-Id": "7862af2e-dda8-436a-90e9-dfb05e77ab8f"
      },
      "ResponseBody": {
        "repositories": [
          "library/hello-world"
        ]
      }
    },
    {
      "RequestUri": "https://localtestacr01.azurecr.io/acr/v1/_catalog?last=library%2Fhello-world\u0026n=1\u0026orderby=",
      "RequestMethod": "GET",
      "RequestHeaders": {
        "Accept": "application/json",
        "traceparent": "00-641c010a44554c44a8a5a2fe27f58a46-b476957034865440-00",
        "User-Agent": "azsdk-net-Containers.ContainerRegistry/1.0.0-alpha.20210505.1 (.NET Framework 4.8.4300.0; Microsoft Windows 10.0.19042 )",
        "x-ms-client-request-id": "025172ec695e4749e45c4758e2050309",
        "x-ms-return-client-request-id": "true"
      },
      "RequestBody": null,
      "StatusCode": 401,
      "ResponseHeaders": {
        "Access-Control-Expose-Headers": [
          "Docker-Content-Digest",
          "WWW-Authenticate",
          "Link",
          "X-Ms-Correlation-Request-Id"
        ],
        "Connection": "keep-alive",
        "Content-Length": "195",
        "Content-Type": "application/json; charset=utf-8",
        "Date": "Thu, 06 May 2021 00:50:30 GMT",
        "Docker-Distribution-Api-Version": "registry/2.0",
        "Server": "openresty",
        "Strict-Transport-Security": [
          "max-age=31536000; includeSubDomains",
          "max-age=31536000; includeSubDomains"
        ],
        "WWW-Authenticate": "Bearer realm=\u0022https://localtestacr01.azurecr.io/oauth2/token\u0022,service=\u0022localtestacr01.azurecr.io\u0022,scope=\u0022registry:catalog:*\u0022",
        "X-Content-Type-Options": "nosniff",
        "X-Ms-Correlation-Request-Id": "ad3183de-a977-47b4-a8ff-7f04d9d3313b"
      },
      "ResponseBody": {
        "errors": [
          {
            "code": "UNAUTHORIZED",
            "message": "authentication required, visit https://aka.ms/acr/authorization for more information.",
            "detail": [
              {
                "Type": "registry",
                "Name": "catalog",
                "Action": "*"
              }
            ]
          }
        ]
      }
    },
    {
      "RequestUri": "https://localtestacr01.azurecr.io/oauth2/token",
      "RequestMethod": "POST",
      "RequestHeaders": {
        "Accept": "application/json",
        "Content-Length": "111",
        "Content-Type": "application/x-www-form-urlencoded",
        "traceparent": "00-641c010a44554c44a8a5a2fe27f58a46-b5d142688e04d64d-00",
        "User-Agent": "azsdk-net-Containers.ContainerRegistry/1.0.0-alpha.20210505.1 (.NET Framework 4.8.4300.0; Microsoft Windows 10.0.19042 )",
        "x-ms-client-request-id": "af655316c32302de11b2d7e87de83836",
        "x-ms-return-client-request-id": "true"
      },
      "RequestBody": "grant_type=refresh_token\u0026service=localtestacr01.azurecr.io\u0026scope=registry%3acatalog%3a*\u0026refresh_token=Sanitized",
      "StatusCode": 200,
      "ResponseHeaders": {
        "Connection": "keep-alive",
        "Content-Type": "application/json; charset=utf-8",
        "Date": "Thu, 06 May 2021 00:50:30 GMT",
        "Server": "openresty",
        "Strict-Transport-Security": "max-age=31536000; includeSubDomains",
        "Transfer-Encoding": "chunked",
        "X-Ms-Correlation-Request-Id": "a092b795-1968-4c96-947f-fcb058b985ec",
        "x-ms-ratelimit-remaining-calls-per-second": "166.516667"
      },
      "ResponseBody": {
        "access_token": "Sanitized"
      }
    },
    {
      "RequestUri": "https://localtestacr01.azurecr.io/acr/v1/_catalog?last=library%2Fhello-world\u0026n=1\u0026orderby=",
      "RequestMethod": "GET",
      "RequestHeaders": {
        "Accept": "application/json",
        "Authorization": "Sanitized",
        "traceparent": "00-641c010a44554c44a8a5a2fe27f58a46-b476957034865440-00",
        "User-Agent": "azsdk-net-Containers.ContainerRegistry/1.0.0-alpha.20210505.1 (.NET Framework 4.8.4300.0; Microsoft Windows 10.0.19042 )",
        "x-ms-client-request-id": "025172ec695e4749e45c4758e2050309",
        "x-ms-return-client-request-id": "true"
      },
      "RequestBody": null,
      "StatusCode": 200,
      "ResponseHeaders": {
        "Access-Control-Expose-Headers": [
          "Docker-Content-Digest",
          "WWW-Authenticate",
          "Link",
          "X-Ms-Correlation-Request-Id"
        ],
        "Connection": "keep-alive",
        "Content-Length": "33",
        "Content-Type": "application/json; charset=utf-8",
        "Date": "Thu, 06 May 2021 00:50:30 GMT",
        "Docker-Distribution-Api-Version": "registry/2.0",
        "Server": "openresty",
        "Strict-Transport-Security": [
          "max-age=31536000; includeSubDomains",
          "max-age=31536000; includeSubDomains"
        ],
        "X-Content-Type-Options": "nosniff",
        "X-Ms-Correlation-Request-Id": "bd84fa6a-f708-4a3d-914d-364cbb6f8caf"
      },
      "ResponseBody": {
        "repositories": [
          "library/node"
        ]
      }
    }
  ],
  "Variables": {
    "CONTAINERREGISTRY_ENDPOINT": "https://localtestacr01.azurecr.io",
    "RandomSeed": "2136659730"
  }
}