{
  "Entries": [
    {
      "RequestUri": "/subscriptions/bab08e11-7b12-4354-9fd1-4b5d64d40b68/resourceGroups/Api-Default-CentralUS/providers/Microsoft.ApiManagement/service/sdktestservice?api-version=2018-01-01",
      "EncodedRequestUri": "L3N1YnNjcmlwdGlvbnMvYmFiMDhlMTEtN2IxMi00MzU0LTlmZDEtNGI1ZDY0ZDQwYjY4L3Jlc291cmNlR3JvdXBzL0FwaS1EZWZhdWx0LUNlbnRyYWxVUy9wcm92aWRlcnMvTWljcm9zb2Z0LkFwaU1hbmFnZW1lbnQvc2VydmljZS9zZGt0ZXN0c2VydmljZT9hcGktdmVyc2lvbj0yMDE4LTAxLTAx",
      "RequestMethod": "PUT",
      "RequestBody": "{\r\n  \"properties\": {\r\n    \"publisherEmail\": \"apim@autorestsdk.com\",\r\n    \"publisherName\": \"autorestsdk\"\r\n  },\r\n  \"sku\": {\r\n    \"name\": \"Developer\",\r\n    \"capacity\": 1\r\n  },\r\n  \"location\": \"CentralUS\",\r\n  \"tags\": {\r\n    \"tag1\": \"value1\",\r\n    \"tag2\": \"value2\",\r\n    \"tag3\": \"value3\"\r\n  }\r\n}",
      "RequestHeaders": {
        "x-ms-client-request-id": [
          "692f0ba1-7216-4688-aedf-19e1162d6588"
        ],
        "accept-language": [
          "en-US"
        ],
        "User-Agent": [
          "FxVersion/4.6.26614.01",
          "OSName/Windows",
          "OSVersion/Microsoft.Windows.10.0.17763.",
          "Microsoft.Azure.Management.ApiManagement.ApiManagementClient/4.0.5.0"
        ],
        "Content-Type": [
          "application/json; charset=utf-8"
        ],
        "Content-Length": [
          "289"
        ]
      },
      "ResponseHeaders": {
        "Cache-Control": [
          "no-cache"
        ],
        "Date": [
          "Wed, 21 Nov 2018 18:44:46 GMT"
        ],
        "Pragma": [
          "no-cache"
        ],
        "ETag": [
          "\"AAAAAAE5C/M=\""
        ],
        "Server": [
          "Microsoft-HTTPAPI/2.0"
        ],
        "Strict-Transport-Security": [
          "max-age=31536000; includeSubDomains"
        ],
        "x-ms-request-id": [
          "aa4754fe-98d0-4289-b01e-1742351336b2",
          "c4abf40e-f3b6-46de-9e45-966decf8da76"
        ],
        "x-ms-ratelimit-remaining-subscription-writes": [
          "1187"
        ],
        "x-ms-correlation-request-id": [
          "183ce59e-2a5a-4925-b496-d229cc2e60e2"
        ],
        "x-ms-routing-request-id": [
          "WESTUS2:20181121T184447Z:183ce59e-2a5a-4925-b496-d229cc2e60e2"
        ],
        "X-Content-Type-Options": [
          "nosniff"
        ],
        "Content-Length": [
          "1755"
        ],
        "Content-Type": [
          "application/json; charset=utf-8"
        ],
        "Expires": [
          "-1"
        ]
      },
      "ResponseBody": "{\r\n  \"id\": \"/subscriptions/bab08e11-7b12-4354-9fd1-4b5d64d40b68/resourceGroups/Api-Default-CentralUS/providers/Microsoft.ApiManagement/service/sdktestservice\",\r\n  \"name\": \"sdktestservice\",\r\n  \"type\": \"Microsoft.ApiManagement/service\",\r\n  \"tags\": {\r\n    \"tag1\": \"value1\",\r\n    \"tag2\": \"value2\",\r\n    \"tag3\": \"value3\"\r\n  },\r\n  \"location\": \"Central US\",\r\n  \"etag\": \"AAAAAAE5C/M=\",\r\n  \"properties\": {\r\n    \"publisherEmail\": \"apim@autorestsdk.com\",\r\n    \"publisherName\": \"autorestsdk\",\r\n    \"notificationSenderEmail\": \"apimgmt-noreply@mail.windowsazure.com\",\r\n    \"provisioningState\": \"Succeeded\",\r\n    \"targetProvisioningState\": \"\",\r\n    \"createdAtUtc\": \"2017-06-16T19:08:53.4371217Z\",\r\n    \"gatewayUrl\": \"https://sdktestservice.azure-api.net\",\r\n    \"gatewayRegionalUrl\": \"https://sdktestservice-centralus-01.regional.azure-api.net\",\r\n    \"portalUrl\": \"https://sdktestservice.portal.azure-api.net\",\r\n    \"managementApiUrl\": \"https://sdktestservice.management.azure-api.net\",\r\n    \"scmUrl\": \"https://sdktestservice.scm.azure-api.net\",\r\n    \"hostnameConfigurations\": [],\r\n    \"publicIPAddresses\": [\r\n      \"52.173.33.36\"\r\n    ],\r\n    \"privateIPAddresses\": null,\r\n    \"additionalLocations\": null,\r\n    \"virtualNetworkConfiguration\": null,\r\n    \"customProperties\": {\r\n      \"Microsoft.WindowsAzure.ApiManagement.Gateway.Security.Protocols.Tls10\": \"True\",\r\n      \"Microsoft.WindowsAzure.ApiManagement.Gateway.Security.Protocols.Tls11\": \"True\",\r\n      \"Microsoft.WindowsAzure.ApiManagement.Gateway.Security.Protocols.Ssl30\": \"False\",\r\n      \"Microsoft.WindowsAzure.ApiManagement.Gateway.Security.Ciphers.TripleDes168\": \"True\",\r\n      \"Microsoft.WindowsAzure.ApiManagement.Gateway.Security.Backend.Protocols.Tls10\": \"True\",\r\n      \"Microsoft.WindowsAzure.ApiManagement.Gateway.Security.Backend.Protocols.Tls11\": \"True\",\r\n      \"Microsoft.WindowsAzure.ApiManagement.Gateway.Security.Backend.Protocols.Ssl30\": \"False\"\r\n    },\r\n    \"virtualNetworkType\": \"None\",\r\n    \"certificates\": null\r\n  },\r\n  \"sku\": {\r\n    \"name\": \"Developer\",\r\n    \"capacity\": 1\r\n  },\r\n  \"identity\": null\r\n}",
      "StatusCode": 200
    },
    {
      "RequestUri": "/subscriptions/bab08e11-7b12-4354-9fd1-4b5d64d40b68/resourceGroups/Api-Default-CentralUS/providers/Microsoft.ApiManagement/service/sdktestservice?api-version=2018-01-01",
      "EncodedRequestUri": "L3N1YnNjcmlwdGlvbnMvYmFiMDhlMTEtN2IxMi00MzU0LTlmZDEtNGI1ZDY0ZDQwYjY4L3Jlc291cmNlR3JvdXBzL0FwaS1EZWZhdWx0LUNlbnRyYWxVUy9wcm92aWRlcnMvTWljcm9zb2Z0LkFwaU1hbmFnZW1lbnQvc2VydmljZS9zZGt0ZXN0c2VydmljZT9hcGktdmVyc2lvbj0yMDE4LTAxLTAx",
      "RequestMethod": "GET",
      "RequestBody": "",
      "RequestHeaders": {
        "x-ms-client-request-id": [
          "a0fbfcb1-9814-4146-9671-6c75e4c82dd4"
        ],
        "accept-language": [
          "en-US"
        ],
        "User-Agent": [
          "FxVersion/4.6.26614.01",
          "OSName/Windows",
          "OSVersion/Microsoft.Windows.10.0.17763.",
          "Microsoft.Azure.Management.ApiManagement.ApiManagementClient/4.0.5.0"
        ]
      },
      "ResponseHeaders": {
        "Cache-Control": [
          "no-cache"
        ],
        "Date": [
          "Wed, 21 Nov 2018 18:44:46 GMT"
        ],
        "Pragma": [
          "no-cache"
        ],
        "ETag": [
          "\"AAAAAAE5C/M=\""
        ],
        "Server": [
          "Microsoft-HTTPAPI/2.0"
        ],
        "Strict-Transport-Security": [
          "max-age=31536000; includeSubDomains"
        ],
        "x-ms-request-id": [
          "e88b0d59-1b02-4ece-a9f1-bdd2dd981811"
        ],
        "x-ms-ratelimit-remaining-subscription-reads": [
          "11969"
        ],
        "x-ms-correlation-request-id": [
          "3d22471f-bd3d-4a0c-b3e1-ebe1a41fd8d8"
        ],
        "x-ms-routing-request-id": [
          "WESTUS2:20181121T184447Z:3d22471f-bd3d-4a0c-b3e1-ebe1a41fd8d8"
        ],
        "X-Content-Type-Options": [
          "nosniff"
        ],
        "Content-Length": [
          "1755"
        ],
        "Content-Type": [
          "application/json; charset=utf-8"
        ],
        "Expires": [
          "-1"
        ]
      },
      "ResponseBody": "{\r\n  \"id\": \"/subscriptions/bab08e11-7b12-4354-9fd1-4b5d64d40b68/resourceGroups/Api-Default-CentralUS/providers/Microsoft.ApiManagement/service/sdktestservice\",\r\n  \"name\": \"sdktestservice\",\r\n  \"type\": \"Microsoft.ApiManagement/service\",\r\n  \"tags\": {\r\n    \"tag1\": \"value1\",\r\n    \"tag2\": \"value2\",\r\n    \"tag3\": \"value3\"\r\n  },\r\n  \"location\": \"Central US\",\r\n  \"etag\": \"AAAAAAE5C/M=\",\r\n  \"properties\": {\r\n    \"publisherEmail\": \"apim@autorestsdk.com\",\r\n    \"publisherName\": \"autorestsdk\",\r\n    \"notificationSenderEmail\": \"apimgmt-noreply@mail.windowsazure.com\",\r\n    \"provisioningState\": \"Succeeded\",\r\n    \"targetProvisioningState\": \"\",\r\n    \"createdAtUtc\": \"2017-06-16T19:08:53.4371217Z\",\r\n    \"gatewayUrl\": \"https://sdktestservice.azure-api.net\",\r\n    \"gatewayRegionalUrl\": \"https://sdktestservice-centralus-01.regional.azure-api.net\",\r\n    \"portalUrl\": \"https://sdktestservice.portal.azure-api.net\",\r\n    \"managementApiUrl\": \"https://sdktestservice.management.azure-api.net\",\r\n    \"scmUrl\": \"https://sdktestservice.scm.azure-api.net\",\r\n    \"hostnameConfigurations\": [],\r\n    \"publicIPAddresses\": [\r\n      \"52.173.33.36\"\r\n    ],\r\n    \"privateIPAddresses\": null,\r\n    \"additionalLocations\": null,\r\n    \"virtualNetworkConfiguration\": null,\r\n    \"customProperties\": {\r\n      \"Microsoft.WindowsAzure.ApiManagement.Gateway.Security.Protocols.Tls10\": \"True\",\r\n      \"Microsoft.WindowsAzure.ApiManagement.Gateway.Security.Protocols.Tls11\": \"True\",\r\n      \"Microsoft.WindowsAzure.ApiManagement.Gateway.Security.Protocols.Ssl30\": \"False\",\r\n      \"Microsoft.WindowsAzure.ApiManagement.Gateway.Security.Ciphers.TripleDes168\": \"True\",\r\n      \"Microsoft.WindowsAzure.ApiManagement.Gateway.Security.Backend.Protocols.Tls10\": \"True\",\r\n      \"Microsoft.WindowsAzure.ApiManagement.Gateway.Security.Backend.Protocols.Tls11\": \"True\",\r\n      \"Microsoft.WindowsAzure.ApiManagement.Gateway.Security.Backend.Protocols.Ssl30\": \"False\"\r\n    },\r\n    \"virtualNetworkType\": \"None\",\r\n    \"certificates\": null\r\n  },\r\n  \"sku\": {\r\n    \"name\": \"Developer\",\r\n    \"capacity\": 1\r\n  },\r\n  \"identity\": null\r\n}",
      "StatusCode": 200
    },
    {
      "RequestUri": "/subscriptions/bab08e11-7b12-4354-9fd1-4b5d64d40b68/resourceGroups/Api-Default-CentralUS/providers/Microsoft.ApiManagement/service/sdktestservice/apis/apiid7050?api-version=2018-01-01",
      "EncodedRequestUri": "L3N1YnNjcmlwdGlvbnMvYmFiMDhlMTEtN2IxMi00MzU0LTlmZDEtNGI1ZDY0ZDQwYjY4L3Jlc291cmNlR3JvdXBzL0FwaS1EZWZhdWx0LUNlbnRyYWxVUy9wcm92aWRlcnMvTWljcm9zb2Z0LkFwaU1hbmFnZW1lbnQvc2VydmljZS9zZGt0ZXN0c2VydmljZS9hcGlzL2FwaWlkNzA1MD9hcGktdmVyc2lvbj0yMDE4LTAxLTAx",
      "RequestMethod": "PUT",
      "RequestBody": "{\r\n  \"properties\": {\r\n    \"path\": \"swaggerApi\",\r\n    \"contentValue\": \"{\\r\\n    \\\"x-comment\\\": \\\"This file was extended from /github.com/swagger-api/swagger-spec/blob/master/examples/v2.0/json/petstore-with-external-docs.json\\\",\\r\\n    \\\"swagger\\\": \\\"2.0\\\",\\r\\n    \\\"info\\\": {\\r\\n        \\\"version\\\": \\\"1.0.0\\\",\\r\\n        \\\"title\\\": \\\"Swagger Petstore Extensive\\\",\\r\\n        \\\"description\\\": \\\"A sample API that uses a petstore as an example to demonstrate features in the swagger-2.0 specification\\\",\\r\\n        \\\"termsOfService\\\": \\\"http://helloreverb.com/terms/\\\",\\r\\n        \\\"contact\\\": {\\r\\n            \\\"name\\\": \\\"Wordnik API Team\\\",\\r\\n            \\\"email\\\": \\\"foo@example.com\\\",\\r\\n            \\\"url\\\": \\\"http://madskristensen.net\\\"\\r\\n        },\\r\\n        \\\"license\\\": {\\r\\n            \\\"name\\\": \\\"MIT\\\",\\r\\n            \\\"url\\\": \\\"http://github.com/gruntjs/grunt/blob/master/LICENSE-MIT\\\"\\r\\n        }\\r\\n    },\\r\\n    \\\"externalDocs\\\": {\\r\\n        \\\"description\\\": \\\"find more info here\\\",\\r\\n        \\\"url\\\": \\\"https://helloreverb.com/about\\\"\\r\\n    },\\r\\n    \\\"host\\\": \\\"petstore.swagger.wordnik.com\\\",\\r\\n    \\\"basePath\\\": \\\"/api\\\",\\r\\n    \\\"schemes\\\": [\\r\\n        \\\"http\\\"\\r\\n    ],\\r\\n    \\\"consumes\\\": [\\r\\n        \\\"application/json\\\"\\r\\n    ],\\r\\n    \\\"produces\\\": [\\r\\n        \\\"application/json\\\"\\r\\n    ],\\r\\n    \\\"paths\\\": {\\r\\n        \\\"/mySamplePath?willbeignored={willbeignored}\\\": {\\r\\n            \\\"post\\\": {\\r\\n                \\\"description\\\": \\\"Dummy desc\\\",\\r\\n                \\\"operationId\\\": \\\"dummyid1\\\",\\r\\n                \\\"parameters\\\": [\\r\\n                    {\\r\\n                        \\\"name\\\": \\\"dummyDateHeaderParam\\\",\\r\\n                        \\\"in\\\": \\\"header\\\",\\r\\n                        \\\"description\\\": \\\"dummyDateHeaderParam description\\\",\\r\\n                        \\\"required\\\": true,\\r\\n                        \\\"type\\\": \\\"string\\\",\\r\\n                        \\\"format\\\": \\\"date\\\"\\r\\n                    },\\r\\n                    {\\r\\n                        \\\"name\\\": \\\"dummyReqQueryParam\\\",\\r\\n                        \\\"in\\\": \\\"query\\\",\\r\\n                        \\\"description\\\": \\\"dummyReqQueryParam description\\\",\\r\\n                        \\\"required\\\": true,\\r\\n                        \\\"type\\\": \\\"string\\\"\\r\\n                    },\\r\\n                    {\\r\\n                        \\\"name\\\": \\\"dummyNotReqQueryParam\\\",\\r\\n                        \\\"in\\\": \\\"query\\\",\\r\\n                        \\\"description\\\": \\\"dummyNotReqQueryParam description\\\",\\r\\n                        \\\"required\\\": false,\\r\\n                        \\\"type\\\": \\\"string\\\"\\r\\n                    },\\r\\n                    {\\r\\n                        \\\"name\\\": \\\"dummyBodyParam\\\",\\r\\n                        \\\"in\\\": \\\"body\\\",\\r\\n                        \\\"description\\\": \\\"dummyBodyParam description\\\",\\r\\n                        \\\"required\\\": false,\\r\\n                        \\\"schema\\\": {\\r\\n                            \\\"$ref\\\": \\\"#/definitions/pet\\\",\\r\\n                            \\\"example\\\": {\\r\\n                                \\\"id\\\": 2,\\r\\n                                \\\"name\\\": \\\"myreqpet\\\"\\r\\n                            }\\r\\n                        }\\r\\n                    }\\r\\n                ],\\r\\n                \\\"responses\\\": {\\r\\n                    \\\"200\\\": {\\r\\n                        \\\"description\\\": \\\"pet response\\\",\\r\\n                        \\\"schema\\\": {\\r\\n                            \\\"type\\\": \\\"array\\\",\\r\\n                            \\\"items\\\": {\\r\\n                                \\\"$ref\\\": \\\"#/definitions/pet\\\"\\r\\n                            }\\r\\n                        },\\r\\n                        \\\"headers\\\": {\\r\\n                            \\\"header1\\\": {\\r\\n                                \\\"description\\\": \\\"sampleheader\\\",\\r\\n                                \\\"type\\\": \\\"integer\\\",\\r\\n                                \\\"format\\\": \\\"int64\\\"\\r\\n                            }\\r\\n                        },\\r\\n                        \\\"examples\\\": {\\r\\n                            \\\"application/json\\\": {\\r\\n                                \\\"id\\\": 3,\\r\\n                                \\\"name\\\": \\\"myresppet\\\" \\r\\n                            }\\r\\n                        }\\r\\n                    },\\r\\n                    \\\"default\\\": {\\r\\n                        \\\"description\\\": \\\"unexpected error\\\",\\r\\n                        \\\"schema\\\": {\\r\\n                            \\\"$ref\\\": \\\"#/definitions/errorModel\\\"\\r\\n                        }\\r\\n                    }\\r\\n                }\\r\\n            }\\r\\n        },\\r\\n        \\\"/resourceWithFormData\\\": {\\r\\n            \\\"post\\\": {\\r\\n                \\\"description\\\": \\\"resourceWithFormData desc\\\",\\r\\n                \\\"operationId\\\": \\\"resourceWithFormDataPOST\\\",\\r\\n                \\\"consumes\\\": [ \\\"multipart/form-data\\\" ],\\r\\n                \\\"parameters\\\": [\\r\\n                    {\\r\\n                        \\\"name\\\": \\\"dummyFormDataParam\\\",\\r\\n                        \\\"in\\\": \\\"formData\\\",\\r\\n                        \\\"description\\\": \\\"dummyFormDataParam description\\\",\\r\\n                        \\\"required\\\": true,\\r\\n                        \\\"type\\\": \\\"string\\\"\\r\\n                    },\\r\\n                    {\\r\\n                        \\\"name\\\": \\\"dummyReqQueryParam\\\",\\r\\n                        \\\"in\\\": \\\"query\\\",\\r\\n                        \\\"description\\\": \\\"dummyReqQueryParam description\\\",\\r\\n                        \\\"required\\\": true,\\r\\n                        \\\"type\\\": \\\"string\\\"\\r\\n                    }\\r\\n                ],\\r\\n                \\\"responses\\\": {\\r\\n                    \\\"200\\\": {\\r\\n                        \\\"description\\\": \\\"sample response\\\"\\r\\n                    }\\r\\n                }\\r\\n            }\\r\\n        },\\r\\n        \\\"/mySamplePath2?definedQueryParam={definedQueryParam}\\\": {\\r\\n            \\\"post\\\": {\\r\\n                \\\"produces\\\": [\\r\\n                    \\\"contenttype1\\\",\\r\\n                    \\\"application/xml\\\"\\r\\n                ],\\r\\n                \\\"description\\\": \\\"Dummy desc\\\",\\r\\n                \\\"operationId\\\": \\\"dummyid2\\\",\\r\\n                \\\"parameters\\\": [\\r\\n                    {\\r\\n                        \\\"$ref\\\": \\\"#/parameters/dummyQueryParameterDef\\\"\\r\\n                    },\\r\\n                    {\\r\\n                        \\\"$ref\\\": \\\"#/parameters/dummyBodyParameterDef\\\"\\r\\n                    }\\r\\n                ],\\r\\n                \\\"responses\\\": {\\r\\n                    \\\"204\\\": {\\r\\n                        \\\"$ref\\\": \\\"#/responses/dummyResponseDef\\\"\\r\\n                    }\\r\\n                }\\r\\n            }\\r\\n        },\\r\\n        \\\"/pets2?dummyParam={dummyParam}\\\": {\\r\\n            \\\"get\\\": {\\r\\n                \\\"description\\\": \\\"Dummy description\\\",\\r\\n                \\\"operationId\\\": \\\"dummyOperationId\\\",\\r\\n                \\\"parameters\\\": [\\r\\n                    {\\r\\n                        \\\"name\\\": \\\"dummyParam\\\",\\r\\n                        \\\"in\\\": \\\"query\\\",\\r\\n                        \\\"description\\\": \\\"dummyParam desc\\\",\\r\\n                        \\\"required\\\": true,\\r\\n                        \\\"type\\\": \\\"string\\\",\\r\\n                        \\\"collectionFormat\\\": \\\"csv\\\"\\r\\n                    },\\r\\n                    {\\r\\n                        \\\"name\\\": \\\"limit\\\",\\r\\n                        \\\"in\\\": \\\"query\\\",\\r\\n                        \\\"description\\\": \\\"maximum number of results to return\\\",\\r\\n                        \\\"required\\\": false,\\r\\n                        \\\"type\\\": \\\"integer\\\",\\r\\n                        \\\"format\\\": \\\"int32\\\"\\r\\n                    }\\r\\n                ],\\r\\n                \\\"responses\\\": {\\r\\n                    \\\"200\\\": {\\r\\n                        \\\"description\\\": \\\"pet response\\\",\\r\\n                        \\\"schema\\\": {\\r\\n                            \\\"type\\\": \\\"array\\\",\\r\\n                            \\\"items\\\": {\\r\\n                                \\\"type\\\": \\\"string\\\"\\r\\n                            }\\r\\n                        }\\r\\n                    },\\r\\n                    \\\"default\\\": {\\r\\n                        \\\"description\\\": \\\"unexpected error\\\",\\r\\n                        \\\"schema\\\": {\\r\\n                            \\\"$ref\\\": \\\"#/definitions/errorModel\\\"\\r\\n                        }\\r\\n                    }\\r\\n                }\\r\\n            }\\r\\n        },\\r\\n        \\\"/pets\\\": {\\r\\n            \\\"get\\\": {\\r\\n                \\\"description\\\": \\\"Returns all pets from the system that the user has access to\\\",\\r\\n                \\\"operationId\\\": \\\"findPets\\\",\\r\\n                \\\"externalDocs\\\": {\\r\\n                    \\\"description\\\": \\\"find more info here\\\",\\r\\n                    \\\"url\\\": \\\"https://helloreverb.com/about\\\"\\r\\n                },\\r\\n                \\\"produces\\\": [\\r\\n                    \\\"application/json\\\",\\r\\n                    \\\"application/xml\\\"\\r\\n                ],\\r\\n                \\\"consumes\\\": [\\r\\n                    \\\"text/xml\\\",\\r\\n                    \\\"text/html\\\"\\r\\n                ],\\r\\n                \\\"parameters\\\": [\\r\\n                    {\\r\\n                        \\\"name\\\": \\\"tags\\\",\\r\\n                        \\\"in\\\": \\\"query\\\",\\r\\n                        \\\"description\\\": \\\"tags to filter by\\\",\\r\\n                        \\\"required\\\": false,\\r\\n                        \\\"type\\\": \\\"string\\\",\\r\\n                        \\\"collectionFormat\\\": \\\"csv\\\"\\r\\n                    },\\r\\n                    {\\r\\n                        \\\"name\\\": \\\"limit\\\",\\r\\n                        \\\"in\\\": \\\"query\\\",\\r\\n                        \\\"description\\\": \\\"maximum number of results to return\\\",\\r\\n                        \\\"required\\\": false,\\r\\n                        \\\"type\\\": \\\"integer\\\",\\r\\n                        \\\"format\\\": \\\"int32\\\"\\r\\n                    }\\r\\n                ],\\r\\n                \\\"responses\\\": {\\r\\n                    \\\"200\\\": {\\r\\n                        \\\"description\\\": \\\"pet response\\\",\\r\\n                        \\\"schema\\\": {\\r\\n                            \\\"type\\\": \\\"array\\\",\\r\\n                            \\\"items\\\": {\\r\\n                                \\\"$ref\\\": \\\"#/definitions/pet\\\"\\r\\n                            }\\r\\n                        }\\r\\n                    },\\r\\n                    \\\"default\\\": {\\r\\n                        \\\"description\\\": \\\"unexpected error\\\",\\r\\n                        \\\"schema\\\": {\\r\\n                            \\\"$ref\\\": \\\"#/definitions/errorModel\\\"\\r\\n                        }\\r\\n                    }\\r\\n                }\\r\\n            },\\r\\n            \\\"post\\\": {\\r\\n                \\\"description\\\": \\\"Creates a new pet in the store.  Duplicates are allowed\\\",\\r\\n                \\\"operationId\\\": \\\"addPet\\\",\\r\\n                \\\"produces\\\": [\\r\\n                    \\\"application/json\\\"\\r\\n                ],\\r\\n                \\\"parameters\\\": [\\r\\n                    {\\r\\n                        \\\"name\\\": \\\"pet\\\",\\r\\n                        \\\"in\\\": \\\"body\\\",\\r\\n                        \\\"description\\\": \\\"Pet to add to the store\\\",\\r\\n                        \\\"required\\\": true,\\r\\n                        \\\"schema\\\": {\\r\\n                            \\\"$ref\\\": \\\"#/definitions/newPet\\\"\\r\\n                        }\\r\\n                    }\\r\\n                ],\\r\\n                \\\"responses\\\": {\\r\\n                    \\\"200\\\": {\\r\\n                        \\\"description\\\": \\\"pet response\\\",\\r\\n                        \\\"schema\\\": {\\r\\n                            \\\"$ref\\\": \\\"#/definitions/pet\\\"\\r\\n                        }\\r\\n                    },\\r\\n                    \\\"default\\\": {\\r\\n                        \\\"description\\\": \\\"unexpected error\\\",\\r\\n                        \\\"schema\\\": {\\r\\n                            \\\"$ref\\\": \\\"#/definitions/errorModel\\\"\\r\\n                        }\\r\\n                    }\\r\\n                }\\r\\n            }\\r\\n        },\\r\\n        \\\"/pets/{id}\\\": {\\r\\n            \\\"get\\\": {\\r\\n                \\\"description\\\": \\\"Returns a user based on a single ID, if the user does not have access to the pet\\\",\\r\\n                \\\"operationId\\\": \\\"findPetById\\\",\\r\\n                \\\"produces\\\": [\\r\\n                    \\\"application/json\\\",\\r\\n                    \\\"application/xml\\\",\\r\\n                    \\\"text/xml\\\",\\r\\n                    \\\"text/html\\\"\\r\\n                ],\\r\\n                \\\"parameters\\\": [\\r\\n                    {\\r\\n                        \\\"name\\\": \\\"id\\\",\\r\\n                        \\\"in\\\": \\\"path\\\",\\r\\n                        \\\"description\\\": \\\"ID of pet to fetch\\\",\\r\\n                        \\\"required\\\": true,\\r\\n                        \\\"type\\\": \\\"integer\\\",\\r\\n                        \\\"format\\\": \\\"int64\\\"\\r\\n                    }\\r\\n                ],\\r\\n                \\\"responses\\\": {\\r\\n                    \\\"200\\\": {\\r\\n                        \\\"description\\\": \\\"pet response\\\",\\r\\n                        \\\"schema\\\": {\\r\\n                            \\\"$ref\\\": \\\"#/definitions/pet\\\"\\r\\n                        }\\r\\n                    },\\r\\n                    \\\"default\\\": {\\r\\n                        \\\"description\\\": \\\"unexpected error\\\",\\r\\n                        \\\"schema\\\": {\\r\\n                            \\\"$ref\\\": \\\"#/definitions/errorModel\\\"\\r\\n                        }\\r\\n                    }\\r\\n                }\\r\\n            },\\r\\n            \\\"delete\\\": {\\r\\n                \\\"description\\\": \\\"deletes a single pet based on the ID supplied\\\",\\r\\n                \\\"operationId\\\": \\\"deletePet\\\",\\r\\n                \\\"parameters\\\": [\\r\\n                    {\\r\\n                        \\\"name\\\": \\\"id\\\",\\r\\n                        \\\"in\\\": \\\"path\\\",\\r\\n                        \\\"description\\\": \\\"ID of pet to delete\\\",\\r\\n                        \\\"required\\\": true,\\r\\n                        \\\"type\\\": \\\"integer\\\",\\r\\n                        \\\"format\\\": \\\"int64\\\"\\r\\n                    }\\r\\n                ],\\r\\n                \\\"responses\\\": {\\r\\n                    \\\"204\\\": {\\r\\n                        \\\"description\\\": \\\"pet deleted\\\"\\r\\n                    },\\r\\n                    \\\"default\\\": {\\r\\n                        \\\"description\\\": \\\"unexpected error\\\",\\r\\n                        \\\"schema\\\": {\\r\\n                            \\\"$ref\\\": \\\"#/definitions/errorModel\\\"\\r\\n                        }\\r\\n                    }\\r\\n                }\\r\\n            }\\r\\n        }\\r\\n    },\\r\\n    \\\"definitions\\\": {\\r\\n        \\\"pet\\\": {\\r\\n            \\\"required\\\": [\\r\\n                \\\"id\\\",\\r\\n                \\\"name\\\"\\r\\n            ],\\r\\n            \\\"externalDocs\\\": {\\r\\n                \\\"description\\\": \\\"find more info here\\\",\\r\\n                \\\"url\\\": \\\"https://helloreverb.com/about\\\"\\r\\n            },\\r\\n            \\\"properties\\\": {\\r\\n                \\\"id\\\": {\\r\\n                    \\\"type\\\": \\\"integer\\\",\\r\\n                    \\\"format\\\": \\\"int64\\\"\\r\\n                },\\r\\n                \\\"name\\\": {\\r\\n                    \\\"type\\\": \\\"string\\\"\\r\\n                },\\r\\n                \\\"tag\\\": {\\r\\n                    \\\"type\\\": \\\"string\\\"\\r\\n                }\\r\\n            }\\r\\n        },\\r\\n        \\\"newPet\\\": {\\r\\n            \\\"allOf\\\": [\\r\\n                {\\r\\n                    \\\"$ref\\\": \\\"#/definitions/pet\\\"\\r\\n                },\\r\\n                {\\r\\n                    \\\"required\\\": [\\r\\n                        \\\"name\\\"\\r\\n                    ],\\r\\n                    \\\"properties\\\": {\\r\\n                        \\\"id\\\": {\\r\\n                            \\\"type\\\": \\\"integer\\\",\\r\\n                            \\\"format\\\": \\\"int64\\\"\\r\\n                        }\\r\\n                    }\\r\\n                }\\r\\n            ]\\r\\n        },\\r\\n        \\\"errorModel\\\": {\\r\\n            \\\"required\\\": [\\r\\n                \\\"code\\\",\\r\\n                \\\"message\\\"\\r\\n            ],\\r\\n            \\\"properties\\\": {\\r\\n                \\\"code\\\": {\\r\\n                    \\\"type\\\": \\\"integer\\\",\\r\\n                    \\\"format\\\": \\\"int32\\\"\\r\\n                },\\r\\n                \\\"message\\\": {\\r\\n                    \\\"type\\\": \\\"string\\\"\\r\\n                }\\r\\n            }\\r\\n        }\\r\\n    },\\r\\n    \\\"parameters\\\": {\\r\\n        \\\"dummyBodyParameterDef\\\": {\\r\\n            \\\"name\\\": \\\"definedBodyParam\\\",\\r\\n            \\\"in\\\": \\\"body\\\",\\r\\n            \\\"description\\\": \\\"definedBodyParam description\\\",\\r\\n            \\\"required\\\": true,\\r\\n            \\\"schema\\\": {\\r\\n                \\\"title\\\": \\\"Example Schema\\\",\\r\\n                \\\"type\\\": \\\"object\\\",\\r\\n                \\\"properties\\\": {\\r\\n                    \\\"firstName\\\": {\\r\\n                        \\\"type\\\": \\\"string\\\"\\r\\n                    },\\r\\n                    \\\"lastName\\\": {\\r\\n                        \\\"type\\\": \\\"string\\\"\\r\\n                    },\\r\\n                    \\\"age\\\": {\\r\\n                        \\\"description\\\": \\\"Age in years\\\",\\r\\n                        \\\"type\\\": \\\"integer\\\",\\r\\n                        \\\"minimum\\\": 0\\r\\n                    }\\r\\n                },\\r\\n                \\\"required\\\": [ \\\"firstName\\\", \\\"lastName\\\" ]\\r\\n            }\\r\\n        },\\r\\n        \\\"dummyQueryParameterDef\\\": {\\r\\n            \\\"name\\\": \\\"definedQueryParam\\\",\\r\\n            \\\"in\\\": \\\"query\\\",\\r\\n            \\\"description\\\": \\\"definedQueryParam description\\\",\\r\\n            \\\"required\\\": true,\\r\\n            \\\"type\\\": \\\"string\\\",\\r\\n            \\\"format\\\": \\\"whateverformat\\\"\\r\\n        }\\r\\n    },\\r\\n    \\\"responses\\\": {\\r\\n        \\\"dummyResponseDef\\\": {\\r\\n            \\\"description\\\": \\\"dummyResponseDef description\\\",\\r\\n            \\\"schema\\\": {\\r\\n                \\\"$ref\\\":  \\\"#/definitions/pet\\\"\\r\\n            },\\r\\n            \\\"headers\\\": {\\r\\n                \\\"header1\\\": {\\r\\n                    \\\"type\\\": \\\"integer\\\"\\r\\n                },\\r\\n                \\\"header2\\\": {\\r\\n                    \\\"type\\\": \\\"integer\\\"\\r\\n                }\\r\\n            },\\r\\n            \\\"examples\\\": {\\r\\n                \\\"contenttype1\\\": \\\"contenttype1 example\\\",\\r\\n                \\\"contenttype2\\\": \\\"contenttype2 example\\\"\\r\\n            }\\r\\n        }\\r\\n    }\\r\\n}\\r\\n\\r\\n\",\r\n    \"contentFormat\": \"swagger-json\"\r\n  }\r\n}",
      "RequestHeaders": {
        "x-ms-client-request-id": [
          "83afefe8-5cc9-4a5b-843e-e1e0ad7123d3"
        ],
        "accept-language": [
          "en-US"
        ],
        "User-Agent": [
          "FxVersion/4.6.26614.01",
          "OSName/Windows",
          "OSVersion/Microsoft.Windows.10.0.17763.",
          "Microsoft.Azure.Management.ApiManagement.ApiManagementClient/4.0.5.0"
        ],
        "Content-Type": [
          "application/json; charset=utf-8"
        ],
        "Content-Length": [
          "18238"
        ]
      },
      "ResponseHeaders": {
        "Cache-Control": [
          "no-cache"
        ],
        "Date": [
          "Wed, 21 Nov 2018 18:44:47 GMT"
        ],
        "Pragma": [
          "no-cache"
        ],
        "ETag": [
          "\"AAAAAAAAN30=\""
        ],
        "Server": [
          "Microsoft-HTTPAPI/2.0"
        ],
        "Strict-Transport-Security": [
          "max-age=31536000; includeSubDomains"
        ],
        "x-ms-request-id": [
          "d96c2a23-d792-4283-8489-84ae68526100"
        ],
        "x-ms-ratelimit-remaining-subscription-writes": [
          "1186"
        ],
        "x-ms-correlation-request-id": [
          "c12856d0-3557-450d-b414-789cfcaf505b"
        ],
        "x-ms-routing-request-id": [
          "WESTUS2:20181121T184448Z:c12856d0-3557-450d-b414-789cfcaf505b"
        ],
        "X-Content-Type-Options": [
          "nosniff"
        ],
        "Content-Length": [
          "848"
        ],
        "Content-Type": [
          "application/json; charset=utf-8"
        ],
        "Expires": [
          "-1"
        ]
      },
      "ResponseBody": "{\r\n  \"id\": \"/subscriptions/bab08e11-7b12-4354-9fd1-4b5d64d40b68/resourceGroups/Api-Default-CentralUS/providers/Microsoft.ApiManagement/service/sdktestservice/apis/apiid7050\",\r\n  \"type\": \"Microsoft.ApiManagement/service/apis\",\r\n  \"name\": \"apiid7050\",\r\n  \"properties\": {\r\n    \"displayName\": \"Swagger Petstore Extensive\",\r\n    \"apiRevision\": \"1\",\r\n    \"description\": \"A sample API that uses a petstore as an example to demonstrate features in the swagger-2.0 specification\",\r\n    \"serviceUrl\": \"http://petstore.swagger.wordnik.com/api\",\r\n    \"path\": \"swaggerApi\",\r\n    \"protocols\": [\r\n      \"http\"\r\n    ],\r\n    \"authenticationSettings\": {\r\n      \"oAuth2\": null,\r\n      \"openid\": null\r\n    },\r\n    \"subscriptionKeyParameterNames\": {\r\n      \"header\": \"Ocp-Apim-Subscription-Key\",\r\n      \"query\": \"subscription-key\"\r\n    },\r\n    \"isCurrent\": true\r\n  }\r\n}",
      "StatusCode": 201
    },
    {
      "RequestUri": "/subscriptions/bab08e11-7b12-4354-9fd1-4b5d64d40b68/resourceGroups/Api-Default-CentralUS/providers/Microsoft.ApiManagement/service/sdktestservice/apis/apiid7050?api-version=2018-01-01",
      "EncodedRequestUri": "L3N1YnNjcmlwdGlvbnMvYmFiMDhlMTEtN2IxMi00MzU0LTlmZDEtNGI1ZDY0ZDQwYjY4L3Jlc291cmNlR3JvdXBzL0FwaS1EZWZhdWx0LUNlbnRyYWxVUy9wcm92aWRlcnMvTWljcm9zb2Z0LkFwaU1hbmFnZW1lbnQvc2VydmljZS9zZGt0ZXN0c2VydmljZS9hcGlzL2FwaWlkNzA1MD9hcGktdmVyc2lvbj0yMDE4LTAxLTAx",
      "RequestMethod": "GET",
      "RequestBody": "",
      "RequestHeaders": {
        "x-ms-client-request-id": [
          "78917c06-5aa0-4299-be78-49a726033d84"
        ],
        "accept-language": [
          "en-US"
        ],
        "User-Agent": [
          "FxVersion/4.6.26614.01",
          "OSName/Windows",
          "OSVersion/Microsoft.Windows.10.0.17763.",
          "Microsoft.Azure.Management.ApiManagement.ApiManagementClient/4.0.5.0"
        ]
      },
      "ResponseHeaders": {
        "Cache-Control": [
          "no-cache"
        ],
        "Date": [
          "Wed, 21 Nov 2018 18:44:47 GMT"
        ],
        "Pragma": [
          "no-cache"
        ],
        "ETag": [
          "\"AAAAAAAAN30=\""
        ],
        "Server": [
          "Microsoft-HTTPAPI/2.0"
        ],
        "Strict-Transport-Security": [
          "max-age=31536000; includeSubDomains"
        ],
        "x-ms-request-id": [
          "599fd69e-6d7f-4ab1-a725-5bd30c148ae0"
        ],
        "x-ms-ratelimit-remaining-subscription-reads": [
          "11968"
        ],
        "x-ms-correlation-request-id": [
          "e76ba1eb-eb74-446d-9ce8-0f596f73a0f2"
        ],
        "x-ms-routing-request-id": [
          "WESTUS2:20181121T184448Z:e76ba1eb-eb74-446d-9ce8-0f596f73a0f2"
        ],
        "X-Content-Type-Options": [
          "nosniff"
        ],
        "Content-Length": [
          "848"
        ],
        "Content-Type": [
          "application/json; charset=utf-8"
        ],
        "Expires": [
          "-1"
        ]
      },
      "ResponseBody": "{\r\n  \"id\": \"/subscriptions/bab08e11-7b12-4354-9fd1-4b5d64d40b68/resourceGroups/Api-Default-CentralUS/providers/Microsoft.ApiManagement/service/sdktestservice/apis/apiid7050\",\r\n  \"type\": \"Microsoft.ApiManagement/service/apis\",\r\n  \"name\": \"apiid7050\",\r\n  \"properties\": {\r\n    \"displayName\": \"Swagger Petstore Extensive\",\r\n    \"apiRevision\": \"1\",\r\n    \"description\": \"A sample API that uses a petstore as an example to demonstrate features in the swagger-2.0 specification\",\r\n    \"serviceUrl\": \"http://petstore.swagger.wordnik.com/api\",\r\n    \"path\": \"swaggerApi\",\r\n    \"protocols\": [\r\n      \"http\"\r\n    ],\r\n    \"authenticationSettings\": {\r\n      \"oAuth2\": null,\r\n      \"openid\": null\r\n    },\r\n    \"subscriptionKeyParameterNames\": {\r\n      \"header\": \"Ocp-Apim-Subscription-Key\",\r\n      \"query\": \"subscription-key\"\r\n    },\r\n    \"isCurrent\": true\r\n  }\r\n}",
      "StatusCode": 200
    },
    {
      "RequestUri": "/subscriptions/bab08e11-7b12-4354-9fd1-4b5d64d40b68/resourceGroups/Api-Default-CentralUS/providers/Microsoft.ApiManagement/service/sdktestservice/apis/apiid7050?api-version=2018-01-01",
      "EncodedRequestUri": "L3N1YnNjcmlwdGlvbnMvYmFiMDhlMTEtN2IxMi00MzU0LTlmZDEtNGI1ZDY0ZDQwYjY4L3Jlc291cmNlR3JvdXBzL0FwaS1EZWZhdWx0LUNlbnRyYWxVUy9wcm92aWRlcnMvTWljcm9zb2Z0LkFwaU1hbmFnZW1lbnQvc2VydmljZS9zZGt0ZXN0c2VydmljZS9hcGlzL2FwaWlkNzA1MD9hcGktdmVyc2lvbj0yMDE4LTAxLTAx",
      "RequestMethod": "GET",
      "RequestBody": "",
      "RequestHeaders": {
        "x-ms-client-request-id": [
          "ebdb8fb0-15ec-4c3b-8cc3-95e846addb14"
        ],
        "accept-language": [
          "en-US"
        ],
        "User-Agent": [
          "FxVersion/4.6.26614.01",
          "OSName/Windows",
          "OSVersion/Microsoft.Windows.10.0.17763.",
          "Microsoft.Azure.Management.ApiManagement.ApiManagementClient/4.0.5.0"
        ]
      },
      "ResponseHeaders": {
        "Cache-Control": [
          "no-cache"
        ],
        "Date": [
          "Wed, 21 Nov 2018 18:44:51 GMT"
        ],
        "Pragma": [
          "no-cache"
        ],
        "Server": [
          "Microsoft-HTTPAPI/2.0"
        ],
        "Strict-Transport-Security": [
          "max-age=31536000; includeSubDomains"
        ],
        "x-ms-request-id": [
          "b974b359-ae76-479a-b30f-7a360f29185a"
        ],
        "x-ms-ratelimit-remaining-subscription-reads": [
          "11956"
        ],
        "x-ms-correlation-request-id": [
          "6987cb22-418a-4cb3-b84b-d5fb6967ddf4"
        ],
        "x-ms-routing-request-id": [
          "WESTUS2:20181121T184452Z:6987cb22-418a-4cb3-b84b-d5fb6967ddf4"
        ],
        "X-Content-Type-Options": [
          "nosniff"
        ],
        "Content-Length": [
          "79"
        ],
        "Content-Type": [
          "application/json; charset=utf-8"
        ],
        "Expires": [
          "-1"
        ]
      },
      "ResponseBody": "{\r\n  \"error\": {\r\n    \"code\": \"ResourceNotFound\",\r\n    \"message\": \"Api not found.\",\r\n    \"details\": null\r\n  }\r\n}",
      "StatusCode": 404
    },
    {
      "RequestUri": "/subscriptions/bab08e11-7b12-4354-9fd1-4b5d64d40b68/resourceGroups/Api-Default-CentralUS/providers/Microsoft.ApiManagement/service/sdktestservice/apis/apiid7050/operations?api-version=2018-01-01",
      "EncodedRequestUri": "L3N1YnNjcmlwdGlvbnMvYmFiMDhlMTEtN2IxMi00MzU0LTlmZDEtNGI1ZDY0ZDQwYjY4L3Jlc291cmNlR3JvdXBzL0FwaS1EZWZhdWx0LUNlbnRyYWxVUy9wcm92aWRlcnMvTWljcm9zb2Z0LkFwaU1hbmFnZW1lbnQvc2VydmljZS9zZGt0ZXN0c2VydmljZS9hcGlzL2FwaWlkNzA1MC9vcGVyYXRpb25zP2FwaS12ZXJzaW9uPTIwMTgtMDEtMDE=",
      "RequestMethod": "GET",
      "RequestBody": "",
      "RequestHeaders": {
        "x-ms-client-request-id": [
          "ddda40e4-58ca-44e4-a62c-0d16196bb6e9"
        ],
        "accept-language": [
          "en-US"
        ],
        "User-Agent": [
          "FxVersion/4.6.26614.01",
          "OSName/Windows",
          "OSVersion/Microsoft.Windows.10.0.17763.",
          "Microsoft.Azure.Management.ApiManagement.ApiManagementClient/4.0.5.0"
        ]
      },
      "ResponseHeaders": {
        "Cache-Control": [
          "no-cache"
        ],
        "Date": [
          "Wed, 21 Nov 2018 18:44:47 GMT"
        ],
        "Pragma": [
          "no-cache"
        ],
        "Server": [
          "Microsoft-HTTPAPI/2.0"
        ],
        "Strict-Transport-Security": [
          "max-age=31536000; includeSubDomains"
        ],
        "x-ms-request-id": [
          "0efe8c86-bab2-4b78-8d88-3731b9725b0f"
        ],
        "x-ms-ratelimit-remaining-subscription-reads": [
          "11967"
        ],
        "x-ms-correlation-request-id": [
          "e765b883-6fef-4b3d-9764-ec667c728c85"
        ],
        "x-ms-routing-request-id": [
          "WESTUS2:20181121T184448Z:e765b883-6fef-4b3d-9764-ec667c728c85"
        ],
        "X-Content-Type-Options": [
          "nosniff"
        ],
        "Content-Length": [
          "18978"
        ],
        "Content-Type": [
          "application/json; charset=utf-8"
        ],
        "Expires": [
          "-1"
        ]
      },
      "ResponseBody": "{\r\n  \"value\": [\r\n    {\r\n      \"id\": \"/subscriptions/bab08e11-7b12-4354-9fd1-4b5d64d40b68/resourceGroups/Api-Default-CentralUS/providers/Microsoft.ApiManagement/service/sdktestservice/apis/apiid7050/operations/addPet\",\r\n      \"type\": \"Microsoft.ApiManagement/service/apis/operations\",\r\n      \"name\": \"addPet\",\r\n      \"properties\": {\r\n        \"displayName\": \"addPet\",\r\n        \"method\": \"POST\",\r\n        \"urlTemplate\": \"/pets\",\r\n        \"templateParameters\": [],\r\n        \"description\": \"Creates a new pet in the store.  Duplicates are allowed\",\r\n        \"request\": {\r\n          \"description\": \"Pet to add to the store\",\r\n          \"queryParameters\": [],\r\n          \"headers\": [],\r\n          \"representations\": [\r\n            {\r\n              \"contentType\": \"application/json\",\r\n              \"schemaId\": \"5bf5a7a0fb4a4015801c5875\",\r\n              \"typeName\": \"newPet\"\r\n            }\r\n          ]\r\n        },\r\n        \"responses\": [\r\n          {\r\n            \"statusCode\": 200,\r\n            \"description\": \"pet response\",\r\n            \"representations\": [\r\n              {\r\n                \"contentType\": \"application/json\",\r\n                \"schemaId\": \"5bf5a7a0fb4a4015801c5875\",\r\n                \"typeName\": \"pet\",\r\n                \"generatedSample\": \"{\\r\\n  \\\"id\\\": 0,\\r\\n  \\\"name\\\": \\\"string\\\",\\r\\n  \\\"tag\\\": \\\"string\\\"\\r\\n}\"\r\n              }\r\n            ],\r\n            \"headers\": []\r\n          },\r\n          {\r\n            \"statusCode\": 500,\r\n            \"description\": \"unexpected error\",\r\n            \"representations\": [\r\n              {\r\n                \"contentType\": \"application/json\",\r\n                \"schemaId\": \"5bf5a7a0fb4a4015801c5875\",\r\n                \"typeName\": \"errorModel\",\r\n                \"generatedSample\": \"{\\r\\n  \\\"code\\\": 0,\\r\\n  \\\"message\\\": \\\"string\\\"\\r\\n}\"\r\n              }\r\n            ],\r\n            \"headers\": []\r\n          }\r\n        ],\r\n        \"policies\": null\r\n      }\r\n    },\r\n    {\r\n      \"id\": \"/subscriptions/bab08e11-7b12-4354-9fd1-4b5d64d40b68/resourceGroups/Api-Default-CentralUS/providers/Microsoft.ApiManagement/service/sdktestservice/apis/apiid7050/operations/deletePet\",\r\n      \"type\": \"Microsoft.ApiManagement/service/apis/operations\",\r\n      \"name\": \"deletePet\",\r\n      \"properties\": {\r\n        \"displayName\": \"deletePet\",\r\n        \"method\": \"DELETE\",\r\n        \"urlTemplate\": \"/pets/{id}\",\r\n        \"templateParameters\": [\r\n          {\r\n            \"name\": \"id\",\r\n            \"description\": \"Format - int64. ID of pet to delete\",\r\n            \"type\": \"integer\",\r\n            \"required\": true,\r\n            \"values\": []\r\n          }\r\n        ],\r\n        \"description\": \"deletes a single pet based on the ID supplied\",\r\n        \"responses\": [\r\n          {\r\n            \"statusCode\": 204,\r\n            \"description\": \"pet deleted\",\r\n            \"representations\": [\r\n              {\r\n                \"contentType\": \"application/json\"\r\n              }\r\n            ],\r\n            \"headers\": []\r\n          },\r\n          {\r\n            \"statusCode\": 500,\r\n            \"description\": \"unexpected error\",\r\n            \"representations\": [\r\n              {\r\n                \"contentType\": \"application/json\",\r\n                \"schemaId\": \"5bf5a7a0fb4a4015801c5875\",\r\n                \"typeName\": \"errorModel\",\r\n                \"generatedSample\": \"{\\r\\n  \\\"code\\\": 0,\\r\\n  \\\"message\\\": \\\"string\\\"\\r\\n}\"\r\n              }\r\n            ],\r\n            \"headers\": []\r\n          }\r\n        ],\r\n        \"policies\": null\r\n      }\r\n    },\r\n    {\r\n      \"id\": \"/subscriptions/bab08e11-7b12-4354-9fd1-4b5d64d40b68/resourceGroups/Api-Default-CentralUS/providers/Microsoft.ApiManagement/service/sdktestservice/apis/apiid7050/operations/dummyid1\",\r\n      \"type\": \"Microsoft.ApiManagement/service/apis/operations\",\r\n      \"name\": \"dummyid1\",\r\n      \"properties\": {\r\n        \"displayName\": \"dummyid1\",\r\n        \"method\": \"POST\",\r\n        \"urlTemplate\": \"/mySamplePath?dummyReqQueryParam={dummyReqQueryParam}\",\r\n        \"templateParameters\": [\r\n          {\r\n            \"name\": \"dummyReqQueryParam\",\r\n            \"description\": \"dummyReqQueryParam description\",\r\n            \"type\": \"string\",\r\n            \"required\": true,\r\n            \"values\": []\r\n          }\r\n        ],\r\n        \"description\": \"Dummy desc\",\r\n        \"request\": {\r\n          \"description\": \"dummyBodyParam description\",\r\n          \"queryParameters\": [\r\n            {\r\n              \"name\": \"dummyNotReqQueryParam\",\r\n              \"description\": \"dummyNotReqQueryParam description\",\r\n              \"type\": \"string\",\r\n              \"values\": []\r\n            }\r\n          ],\r\n          \"headers\": [\r\n            {\r\n              \"name\": \"dummyDateHeaderParam\",\r\n              \"description\": \"Format - date (as full-date in RFC3339). dummyDateHeaderParam description\",\r\n              \"type\": \"string\",\r\n              \"required\": true,\r\n              \"values\": []\r\n            }\r\n          ],\r\n          \"representations\": [\r\n            {\r\n              \"contentType\": \"application/json\",\r\n              \"sample\": \"{\\r\\n  \\\"id\\\": 2,\\r\\n  \\\"name\\\": \\\"myreqpet\\\"\\r\\n}\",\r\n              \"schemaId\": \"5bf5a7a0fb4a4015801c5875\",\r\n              \"typeName\": \"pet\"\r\n            }\r\n          ]\r\n        },\r\n        \"responses\": [\r\n          {\r\n            \"statusCode\": 200,\r\n            \"description\": \"pet response\",\r\n            \"representations\": [\r\n              {\r\n                \"contentType\": \"application/json\",\r\n                \"sample\": \"{\\r\\n  \\\"id\\\": 3,\\r\\n  \\\"name\\\": \\\"myresppet\\\"\\r\\n}\",\r\n                \"schemaId\": \"5bf5a7a0fb4a4015801c5875\",\r\n                \"typeName\": \"petArray\"\r\n              }\r\n            ],\r\n            \"headers\": [\r\n              {\r\n                \"name\": \"header1\",\r\n                \"description\": \"sampleheader\",\r\n                \"type\": \"integer\",\r\n                \"values\": []\r\n              }\r\n            ]\r\n          },\r\n          {\r\n            \"statusCode\": 500,\r\n            \"description\": \"unexpected error\",\r\n            \"representations\": [\r\n              {\r\n                \"contentType\": \"application/json\",\r\n                \"schemaId\": \"5bf5a7a0fb4a4015801c5875\",\r\n                \"typeName\": \"errorModel\",\r\n                \"generatedSample\": \"{\\r\\n  \\\"code\\\": 0,\\r\\n  \\\"message\\\": \\\"string\\\"\\r\\n}\"\r\n              }\r\n            ],\r\n            \"headers\": []\r\n          }\r\n        ],\r\n        \"policies\": null\r\n      }\r\n    },\r\n    {\r\n      \"id\": \"/subscriptions/bab08e11-7b12-4354-9fd1-4b5d64d40b68/resourceGroups/Api-Default-CentralUS/providers/Microsoft.ApiManagement/service/sdktestservice/apis/apiid7050/operations/dummyid2\",\r\n      \"type\": \"Microsoft.ApiManagement/service/apis/operations\",\r\n      \"name\": \"dummyid2\",\r\n      \"properties\": {\r\n        \"displayName\": \"dummyid2\",\r\n        \"method\": \"POST\",\r\n        \"urlTemplate\": \"/mySamplePath2?definedQueryParam={definedQueryParam}\",\r\n        \"templateParameters\": [\r\n          {\r\n            \"name\": \"definedQueryParam\",\r\n            \"description\": \"Format - whateverformat. definedQueryParam description\",\r\n            \"type\": \"string\",\r\n            \"required\": true,\r\n            \"values\": []\r\n          }\r\n        ],\r\n        \"description\": \"Dummy desc\",\r\n        \"request\": {\r\n          \"description\": \"definedBodyParam description\",\r\n          \"queryParameters\": [],\r\n          \"headers\": [],\r\n          \"representations\": [\r\n            {\r\n              \"contentType\": \"application/json\",\r\n              \"schemaId\": \"5bf5a7a0fb4a4015801c5875\",\r\n              \"typeName\": \"DefinedBodyParam\"\r\n            }\r\n          ]\r\n        },\r\n        \"responses\": [\r\n          {\r\n            \"statusCode\": 204,\r\n            \"description\": \"dummyResponseDef description\",\r\n            \"representations\": [\r\n              {\r\n                \"contentType\": \"contenttype1\",\r\n                \"sample\": \"contenttype1 example\",\r\n                \"schemaId\": \"5bf5a7a0fb4a4015801c5875\",\r\n                \"typeName\": \"pet\"\r\n              },\r\n              {\r\n                \"contentType\": \"contenttype2\",\r\n                \"sample\": \"contenttype2 example\",\r\n                \"schemaId\": \"5bf5a7a0fb4a4015801c5875\",\r\n                \"typeName\": \"pet\"\r\n              },\r\n              {\r\n                \"contentType\": \"application/xml\",\r\n                \"schemaId\": \"5bf5a7a0fb4a4015801c5875\",\r\n                \"typeName\": \"pet\",\r\n                \"generatedSample\": \"<pet>\\r\\n  <id>0</id>\\r\\n  <name>string</name>\\r\\n  <tag>string</tag>\\r\\n</pet>\"\r\n              }\r\n            ],\r\n            \"headers\": [\r\n              {\r\n                \"name\": \"header1\",\r\n                \"type\": \"integer\",\r\n                \"values\": []\r\n              },\r\n              {\r\n                \"name\": \"header2\",\r\n                \"type\": \"integer\",\r\n                \"values\": []\r\n              }\r\n            ]\r\n          }\r\n        ],\r\n        \"policies\": null\r\n      }\r\n    },\r\n    {\r\n      \"id\": \"/subscriptions/bab08e11-7b12-4354-9fd1-4b5d64d40b68/resourceGroups/Api-Default-CentralUS/providers/Microsoft.ApiManagement/service/sdktestservice/apis/apiid7050/operations/dummyOperationId\",\r\n      \"type\": \"Microsoft.ApiManagement/service/apis/operations\",\r\n      \"name\": \"dummyOperationId\",\r\n      \"properties\": {\r\n        \"displayName\": \"dummyOperationId\",\r\n        \"method\": \"GET\",\r\n        \"urlTemplate\": \"/pets2?dummyParam={dummyParam}\",\r\n        \"templateParameters\": [\r\n          {\r\n            \"name\": \"dummyParam\",\r\n            \"description\": \"dummyParam desc\",\r\n            \"type\": \"string\",\r\n            \"required\": true,\r\n            \"values\": []\r\n          }\r\n        ],\r\n        \"description\": \"Dummy description\",\r\n        \"request\": {\r\n          \"queryParameters\": [\r\n            {\r\n              \"name\": \"limit\",\r\n              \"description\": \"Format - int32. maximum number of results to return\",\r\n              \"type\": \"integer\",\r\n              \"values\": []\r\n            }\r\n          ],\r\n          \"headers\": [],\r\n          \"representations\": []\r\n        },\r\n        \"responses\": [\r\n          {\r\n            \"statusCode\": 200,\r\n            \"description\": \"pet response\",\r\n            \"representations\": [\r\n              {\r\n                \"contentType\": \"application/json\",\r\n                \"schemaId\": \"5bf5a7a0fb4a4015801c5875\",\r\n                \"typeName\": \"Pets2Get200ApplicationJsonResponse\",\r\n                \"generatedSample\": \"[\\r\\n  \\\"string\\\"\\r\\n]\"\r\n              }\r\n            ],\r\n            \"headers\": []\r\n          },\r\n          {\r\n            \"statusCode\": 500,\r\n            \"description\": \"unexpected error\",\r\n            \"representations\": [\r\n              {\r\n                \"contentType\": \"application/json\",\r\n                \"schemaId\": \"5bf5a7a0fb4a4015801c5875\",\r\n                \"typeName\": \"errorModel\",\r\n                \"generatedSample\": \"{\\r\\n  \\\"code\\\": 0,\\r\\n  \\\"message\\\": \\\"string\\\"\\r\\n}\"\r\n              }\r\n            ],\r\n            \"headers\": []\r\n          }\r\n        ],\r\n        \"policies\": null\r\n      }\r\n    },\r\n    {\r\n      \"id\": \"/subscriptions/bab08e11-7b12-4354-9fd1-4b5d64d40b68/resourceGroups/Api-Default-CentralUS/providers/Microsoft.ApiManagement/service/sdktestservice/apis/apiid7050/operations/findPetById\",\r\n      \"type\": \"Microsoft.ApiManagement/service/apis/operations\",\r\n      \"name\": \"findPetById\",\r\n      \"properties\": {\r\n        \"displayName\": \"findPetById\",\r\n        \"method\": \"GET\",\r\n        \"urlTemplate\": \"/pets/{id}\",\r\n        \"templateParameters\": [\r\n          {\r\n            \"name\": \"id\",\r\n            \"description\": \"Format - int64. ID of pet to fetch\",\r\n            \"type\": \"integer\",\r\n            \"required\": true,\r\n            \"values\": []\r\n          }\r\n        ],\r\n        \"description\": \"Returns a user based on a single ID, if the user does not have access to the pet\",\r\n        \"responses\": [\r\n          {\r\n            \"statusCode\": 200,\r\n            \"description\": \"pet response\",\r\n            \"representations\": [\r\n              {\r\n                \"contentType\": \"application/json\",\r\n                \"schemaId\": \"5bf5a7a0fb4a4015801c5875\",\r\n                \"typeName\": \"pet\",\r\n                \"generatedSample\": \"{\\r\\n  \\\"id\\\": 0,\\r\\n  \\\"name\\\": \\\"string\\\",\\r\\n  \\\"tag\\\": \\\"string\\\"\\r\\n}\"\r\n              },\r\n              {\r\n                \"contentType\": \"application/xml\",\r\n                \"schemaId\": \"5bf5a7a0fb4a4015801c5875\",\r\n                \"typeName\": \"pet\",\r\n                \"generatedSample\": \"<pet>\\r\\n  <id>0</id>\\r\\n  <name>string</name>\\r\\n  <tag>string</tag>\\r\\n</pet>\"\r\n              },\r\n              {\r\n                \"contentType\": \"text/xml\",\r\n                \"schemaId\": \"5bf5a7a0fb4a4015801c5875\",\r\n                \"typeName\": \"pet\",\r\n                \"generatedSample\": \"<pet>\\r\\n  <id>0</id>\\r\\n  <name>string</name>\\r\\n  <tag>string</tag>\\r\\n</pet>\"\r\n              },\r\n              {\r\n                \"contentType\": \"text/html\",\r\n                \"schemaId\": \"5bf5a7a0fb4a4015801c5875\",\r\n                \"typeName\": \"pet\",\r\n                \"generatedSample\": \"<pet>\\r\\n  <id>0</id>\\r\\n  <name>string</name>\\r\\n  <tag>string</tag>\\r\\n</pet>\"\r\n              }\r\n            ],\r\n            \"headers\": []\r\n          },\r\n          {\r\n            \"statusCode\": 500,\r\n            \"description\": \"unexpected error\",\r\n            \"representations\": [\r\n              {\r\n                \"contentType\": \"application/json\",\r\n                \"schemaId\": \"5bf5a7a0fb4a4015801c5875\",\r\n                \"typeName\": \"errorModel\",\r\n                \"generatedSample\": \"{\\r\\n  \\\"code\\\": 0,\\r\\n  \\\"message\\\": \\\"string\\\"\\r\\n}\"\r\n              },\r\n              {\r\n                \"contentType\": \"application/xml\",\r\n                \"schemaId\": \"5bf5a7a0fb4a4015801c5875\",\r\n                \"typeName\": \"errorModel\",\r\n                \"generatedSample\": \"<errorModel>\\r\\n  <code>0</code>\\r\\n  <message>string</message>\\r\\n</errorModel>\"\r\n              },\r\n              {\r\n                \"contentType\": \"text/xml\",\r\n                \"schemaId\": \"5bf5a7a0fb4a4015801c5875\",\r\n                \"typeName\": \"errorModel\",\r\n                \"generatedSample\": \"<errorModel>\\r\\n  <code>0</code>\\r\\n  <message>string</message>\\r\\n</errorModel>\"\r\n              },\r\n              {\r\n                \"contentType\": \"text/html\",\r\n                \"schemaId\": \"5bf5a7a0fb4a4015801c5875\",\r\n                \"typeName\": \"errorModel\",\r\n                \"generatedSample\": \"<errorModel>\\r\\n  <code>0</code>\\r\\n  <message>string</message>\\r\\n</errorModel>\"\r\n              }\r\n            ],\r\n            \"headers\": []\r\n          }\r\n        ],\r\n        \"policies\": null\r\n      }\r\n    },\r\n    {\r\n      \"id\": \"/subscriptions/bab08e11-7b12-4354-9fd1-4b5d64d40b68/resourceGroups/Api-Default-CentralUS/providers/Microsoft.ApiManagement/service/sdktestservice/apis/apiid7050/operations/findPets\",\r\n      \"type\": \"Microsoft.ApiManagement/service/apis/operations\",\r\n      \"name\": \"findPets\",\r\n      \"properties\": {\r\n        \"displayName\": \"findPets\",\r\n        \"method\": \"GET\",\r\n        \"urlTemplate\": \"/pets\",\r\n        \"templateParameters\": [],\r\n        \"description\": \"Returns all pets from the system that the user has access to\",\r\n        \"request\": {\r\n          \"queryParameters\": [\r\n            {\r\n              \"name\": \"tags\",\r\n              \"description\": \"tags to filter by\",\r\n              \"type\": \"string\",\r\n              \"values\": []\r\n            },\r\n            {\r\n              \"name\": \"limit\",\r\n              \"description\": \"Format - int32. maximum number of results to return\",\r\n              \"type\": \"integer\",\r\n              \"values\": []\r\n            }\r\n          ],\r\n          \"headers\": [],\r\n          \"representations\": []\r\n        },\r\n        \"responses\": [\r\n          {\r\n            \"statusCode\": 200,\r\n            \"description\": \"pet response\",\r\n            \"representations\": [\r\n              {\r\n                \"contentType\": \"application/json\",\r\n                \"schemaId\": \"5bf5a7a0fb4a4015801c5875\",\r\n                \"typeName\": \"petArray\",\r\n                \"generatedSample\": \"[\\r\\n  {\\r\\n    \\\"id\\\": 0,\\r\\n    \\\"name\\\": \\\"string\\\",\\r\\n    \\\"tag\\\": \\\"string\\\"\\r\\n  }\\r\\n]\"\r\n              },\r\n              {\r\n                \"contentType\": \"application/xml\",\r\n                \"schemaId\": \"5bf5a7a0fb4a4015801c5875\",\r\n                \"typeName\": \"petArray\",\r\n                \"generatedSample\": \"<petArray>\\r\\n  <id>0</id>\\r\\n  <name>string</name>\\r\\n  <tag>string</tag>\\r\\n</petArray>\"\r\n              }\r\n            ],\r\n            \"headers\": []\r\n          },\r\n          {\r\n            \"statusCode\": 500,\r\n            \"description\": \"unexpected error\",\r\n            \"representations\": [\r\n              {\r\n                \"contentType\": \"application/json\",\r\n                \"schemaId\": \"5bf5a7a0fb4a4015801c5875\",\r\n                \"typeName\": \"errorModel\",\r\n                \"generatedSample\": \"{\\r\\n  \\\"code\\\": 0,\\r\\n  \\\"message\\\": \\\"string\\\"\\r\\n}\"\r\n              },\r\n              {\r\n                \"contentType\": \"application/xml\",\r\n                \"schemaId\": \"5bf5a7a0fb4a4015801c5875\",\r\n                \"typeName\": \"errorModel\",\r\n                \"generatedSample\": \"<errorModel>\\r\\n  <code>0</code>\\r\\n  <message>string</message>\\r\\n</errorModel>\"\r\n              }\r\n            ],\r\n            \"headers\": []\r\n          }\r\n        ],\r\n        \"policies\": null\r\n      }\r\n    },\r\n    {\r\n      \"id\": \"/subscriptions/bab08e11-7b12-4354-9fd1-4b5d64d40b68/resourceGroups/Api-Default-CentralUS/providers/Microsoft.ApiManagement/service/sdktestservice/apis/apiid7050/operations/resourceWithFormDataPOST\",\r\n      \"type\": \"Microsoft.ApiManagement/service/apis/operations\",\r\n      \"name\": \"resourceWithFormDataPOST\",\r\n      \"properties\": {\r\n        \"displayName\": \"resourceWithFormDataPOST\",\r\n        \"method\": \"POST\",\r\n        \"urlTemplate\": \"/resourceWithFormData?dummyReqQueryParam={dummyReqQueryParam}\",\r\n        \"templateParameters\": [\r\n          {\r\n            \"name\": \"dummyReqQueryParam\",\r\n            \"description\": \"dummyReqQueryParam description\",\r\n            \"type\": \"string\",\r\n            \"required\": true,\r\n            \"values\": []\r\n          }\r\n        ],\r\n        \"description\": \"resourceWithFormData desc\",\r\n        \"request\": {\r\n          \"queryParameters\": [],\r\n          \"headers\": [],\r\n          \"representations\": [\r\n            {\r\n              \"contentType\": \"multipart/form-data\",\r\n              \"formParameters\": [\r\n                {\r\n                  \"name\": \"dummyFormDataParam\",\r\n                  \"description\": \"dummyFormDataParam description\",\r\n                  \"type\": \"string\",\r\n                  \"required\": true,\r\n                  \"values\": []\r\n                }\r\n              ]\r\n            }\r\n          ]\r\n        },\r\n        \"responses\": [\r\n          {\r\n            \"statusCode\": 200,\r\n            \"description\": \"sample response\",\r\n            \"representations\": [\r\n              {\r\n                \"contentType\": \"application/json\"\r\n              }\r\n            ],\r\n            \"headers\": []\r\n          }\r\n        ],\r\n        \"policies\": null\r\n      }\r\n    }\r\n  ],\r\n  \"nextLink\": \"\"\r\n}",
      "StatusCode": 200
    },
    {
      "RequestUri": "/subscriptions/bab08e11-7b12-4354-9fd1-4b5d64d40b68/resourceGroups/Api-Default-CentralUS/providers/Microsoft.ApiManagement/service/sdktestservice/apis/apiid7050?api-version=2018-01-01",
      "EncodedRequestUri": "L3N1YnNjcmlwdGlvbnMvYmFiMDhlMTEtN2IxMi00MzU0LTlmZDEtNGI1ZDY0ZDQwYjY4L3Jlc291cmNlR3JvdXBzL0FwaS1EZWZhdWx0LUNlbnRyYWxVUy9wcm92aWRlcnMvTWljcm9zb2Z0LkFwaU1hbmFnZW1lbnQvc2VydmljZS9zZGt0ZXN0c2VydmljZS9hcGlzL2FwaWlkNzA1MD9hcGktdmVyc2lvbj0yMDE4LTAxLTAx",
      "RequestMethod": "HEAD",
      "RequestBody": "",
      "RequestHeaders": {
        "x-ms-client-request-id": [
          "00fb551a-df6c-4ec3-af08-137b7958f9b9"
        ],
        "accept-language": [
          "en-US"
        ],
        "User-Agent": [
          "FxVersion/4.6.26614.01",
          "OSName/Windows",
          "OSVersion/Microsoft.Windows.10.0.17763.",
          "Microsoft.Azure.Management.ApiManagement.ApiManagementClient/4.0.5.0"
        ]
      },
      "ResponseHeaders": {
        "Cache-Control": [
          "no-cache"
        ],
        "Date": [
          "Wed, 21 Nov 2018 18:44:47 GMT"
        ],
        "Pragma": [
          "no-cache"
        ],
        "ETag": [
          "\"AAAAAAAAN30=\""
        ],
        "Server": [
          "Microsoft-HTTPAPI/2.0"
        ],
        "Strict-Transport-Security": [
          "max-age=31536000; includeSubDomains"
        ],
        "x-ms-request-id": [
          "718853de-18f6-4694-a4e8-80c54f874ac7"
        ],
        "x-ms-ratelimit-remaining-subscription-reads": [
          "11966"
        ],
        "x-ms-correlation-request-id": [
          "e0adc4a0-a103-4a64-93e5-7a4111c86d46"
        ],
        "x-ms-routing-request-id": [
          "WESTUS2:20181121T184448Z:e0adc4a0-a103-4a64-93e5-7a4111c86d46"
        ],
        "X-Content-Type-Options": [
          "nosniff"
        ],
        "Content-Length": [
          "0"
        ],
        "Expires": [
          "-1"
        ]
      },
      "ResponseBody": "",
      "StatusCode": 200
    },
    {
      "RequestUri": "/subscriptions/bab08e11-7b12-4354-9fd1-4b5d64d40b68/resourceGroups/Api-Default-CentralUS/providers/Microsoft.ApiManagement/service/sdktestservice/apis/apiid7050?api-version=2018-01-01",
      "EncodedRequestUri": "L3N1YnNjcmlwdGlvbnMvYmFiMDhlMTEtN2IxMi00MzU0LTlmZDEtNGI1ZDY0ZDQwYjY4L3Jlc291cmNlR3JvdXBzL0FwaS1EZWZhdWx0LUNlbnRyYWxVUy9wcm92aWRlcnMvTWljcm9zb2Z0LkFwaU1hbmFnZW1lbnQvc2VydmljZS9zZGt0ZXN0c2VydmljZS9hcGlzL2FwaWlkNzA1MD9hcGktdmVyc2lvbj0yMDE4LTAxLTAx",
      "RequestMethod": "HEAD",
      "RequestBody": "",
      "RequestHeaders": {
        "x-ms-client-request-id": [
          "cefd264a-0bb1-45fd-8349-0f0d2c062b35"
        ],
        "accept-language": [
          "en-US"
        ],
        "User-Agent": [
          "FxVersion/4.6.26614.01",
          "OSName/Windows",
          "OSVersion/Microsoft.Windows.10.0.17763.",
          "Microsoft.Azure.Management.ApiManagement.ApiManagementClient/4.0.5.0"
        ]
      },
      "ResponseHeaders": {
        "Cache-Control": [
          "no-cache"
        ],
        "Date": [
          "Wed, 21 Nov 2018 18:44:49 GMT"
        ],
        "Pragma": [
          "no-cache"
        ],
        "ETag": [
          "\"AAAAAAAAN30=\""
        ],
        "Server": [
          "Microsoft-HTTPAPI/2.0"
        ],
        "Strict-Transport-Security": [
          "max-age=31536000; includeSubDomains"
        ],
        "x-ms-request-id": [
          "62e6f4ed-60d3-4abc-8352-9bfed7ab275b"
        ],
        "x-ms-ratelimit-remaining-subscription-reads": [
          "11961"
        ],
        "x-ms-correlation-request-id": [
          "512a40f2-ccbc-4edd-929b-05d0a3785d41"
        ],
        "x-ms-routing-request-id": [
          "WESTUS2:20181121T184450Z:512a40f2-ccbc-4edd-929b-05d0a3785d41"
        ],
        "X-Content-Type-Options": [
          "nosniff"
        ],
        "Content-Length": [
          "0"
        ],
        "Expires": [
          "-1"
        ]
      },
      "ResponseBody": "",
      "StatusCode": 200
    },
    {
      "RequestUri": "/subscriptions/bab08e11-7b12-4354-9fd1-4b5d64d40b68/resourceGroups/Api-Default-CentralUS/providers/Microsoft.ApiManagement/service/sdktestservice/apis/apiid7050%3Brev%3D2?api-version=2018-01-01",
      "EncodedRequestUri": "L3N1YnNjcmlwdGlvbnMvYmFiMDhlMTEtN2IxMi00MzU0LTlmZDEtNGI1ZDY0ZDQwYjY4L3Jlc291cmNlR3JvdXBzL0FwaS1EZWZhdWx0LUNlbnRyYWxVUy9wcm92aWRlcnMvTWljcm9zb2Z0LkFwaU1hbmFnZW1lbnQvc2VydmljZS9zZGt0ZXN0c2VydmljZS9hcGlzL2FwaWlkNzA1MCUzQnJldiUzRDI/YXBpLXZlcnNpb249MjAxOC0wMS0wMQ==",
      "RequestMethod": "PUT",
      "RequestBody": "{\r\n  \"properties\": {\r\n    \"description\": \"A sample API that uses a petstore as an example to demonstrate features in the swagger-2.0 specification\",\r\n    \"authenticationSettings\": {},\r\n    \"subscriptionKeyParameterNames\": {\r\n      \"header\": \"Ocp-Apim-Subscription-Key\",\r\n      \"query\": \"subscription-key\"\r\n    },\r\n    \"apiRevisionDescription\": \"Petstore second revision\",\r\n    \"displayName\": \"Swagger Petstore Extensive2\",\r\n    \"serviceUrl\": \"http://petstore.swagger.wordnik.com/api2\",\r\n    \"path\": \"swaggerApi2\",\r\n    \"protocols\": [\r\n      \"http\"\r\n    ]\r\n  }\r\n}",
      "RequestHeaders": {
        "x-ms-client-request-id": [
          "866e5d12-e6d5-4727-bf95-022de6345dc6"
        ],
        "accept-language": [
          "en-US"
        ],
        "User-Agent": [
          "FxVersion/4.6.26614.01",
          "OSName/Windows",
          "OSVersion/Microsoft.Windows.10.0.17763.",
          "Microsoft.Azure.Management.ApiManagement.ApiManagementClient/4.0.5.0"
        ],
        "Content-Type": [
          "application/json; charset=utf-8"
        ],
        "Content-Length": [
          "562"
        ]
      },
      "ResponseHeaders": {
        "Cache-Control": [
          "no-cache"
        ],
        "Date": [
          "Wed, 21 Nov 2018 18:44:48 GMT"
        ],
        "Pragma": [
          "no-cache"
        ],
        "ETag": [
          "\"AAAAAAAAN5o=\""
        ],
        "Server": [
          "Microsoft-HTTPAPI/2.0"
        ],
        "Strict-Transport-Security": [
          "max-age=31536000; includeSubDomains"
        ],
        "x-ms-request-id": [
          "d6c4f909-df6b-4257-9184-93967a63a16f"
        ],
        "x-ms-ratelimit-remaining-subscription-writes": [
          "1185"
        ],
        "x-ms-correlation-request-id": [
          "cbe4a7a8-da31-4015-97db-dc8dc342890d"
        ],
        "x-ms-routing-request-id": [
          "WESTUS2:20181121T184448Z:cbe4a7a8-da31-4015-97db-dc8dc342890d"
        ],
        "X-Content-Type-Options": [
          "nosniff"
        ],
        "Content-Length": [
          "898"
        ],
        "Content-Type": [
          "application/json; charset=utf-8"
        ],
        "Expires": [
          "-1"
        ]
      },
      "ResponseBody": "{\r\n  \"id\": \"/subscriptions/bab08e11-7b12-4354-9fd1-4b5d64d40b68/resourceGroups/Api-Default-CentralUS/providers/Microsoft.ApiManagement/service/sdktestservice/apis/apiid7050;rev=2\",\r\n  \"type\": \"Microsoft.ApiManagement/service/apis\",\r\n  \"name\": \"apiid7050;rev=2\",\r\n  \"properties\": {\r\n    \"displayName\": \"Swagger Petstore Extensive2\",\r\n    \"apiRevision\": \"2\",\r\n    \"description\": \"A sample API that uses a petstore as an example to demonstrate features in the swagger-2.0 specification\",\r\n    \"serviceUrl\": \"http://petstore.swagger.wordnik.com/api2\",\r\n    \"path\": \"swaggerApi2\",\r\n    \"protocols\": [\r\n      \"http\"\r\n    ],\r\n    \"authenticationSettings\": {\r\n      \"oAuth2\": null,\r\n      \"openid\": null\r\n    },\r\n    \"subscriptionKeyParameterNames\": {\r\n      \"header\": \"Ocp-Apim-Subscription-Key\",\r\n      \"query\": \"subscription-key\"\r\n    },\r\n    \"apiRevisionDescription\": \"Petstore second revision\"\r\n  }\r\n}",
      "StatusCode": 201
    },
    {
      "RequestUri": "/subscriptions/bab08e11-7b12-4354-9fd1-4b5d64d40b68/resourceGroups/Api-Default-CentralUS/providers/Microsoft.ApiManagement/service/sdktestservice/apis/apiid7050%3Brev%3D2/operations/firstOpRev1174?api-version=2018-01-01",
      "EncodedRequestUri": "L3N1YnNjcmlwdGlvbnMvYmFiMDhlMTEtN2IxMi00MzU0LTlmZDEtNGI1ZDY0ZDQwYjY4L3Jlc291cmNlR3JvdXBzL0FwaS1EZWZhdWx0LUNlbnRyYWxVUy9wcm92aWRlcnMvTWljcm9zb2Z0LkFwaU1hbmFnZW1lbnQvc2VydmljZS9zZGt0ZXN0c2VydmljZS9hcGlzL2FwaWlkNzA1MCUzQnJldiUzRDIvb3BlcmF0aW9ucy9maXJzdE9wUmV2MTE3ND9hcGktdmVyc2lvbj0yMDE4LTAxLTAx",
      "RequestMethod": "PUT",
      "RequestBody": "{\r\n  \"properties\": {\r\n    \"description\": \"description_azsmnet6492\",\r\n    \"request\": {\r\n      \"description\": \"description_azsmnet7398\",\r\n      \"headers\": [\r\n        {\r\n          \"name\": \"param_azsmnet6351\",\r\n          \"description\": \"description_azsmnet5665\",\r\n          \"type\": \"int\",\r\n          \"defaultValue\": \"b\",\r\n          \"required\": true,\r\n          \"values\": [\r\n            \"a\",\r\n            \"b\",\r\n            \"c\"\r\n          ]\r\n        },\r\n        {\r\n          \"name\": \"param_azsmnet3267\",\r\n          \"description\": \"description_azsmnet1389\",\r\n          \"type\": \"bool\",\r\n          \"defaultValue\": \"e\",\r\n          \"required\": false,\r\n          \"values\": [\r\n            \"d\",\r\n            \"e\",\r\n            \"f\"\r\n          ]\r\n        }\r\n      ],\r\n      \"representations\": [\r\n        {\r\n          \"contentType\": \"text/plain\",\r\n          \"sample\": \"sample_azsmnet1181\"\r\n        },\r\n        {\r\n          \"contentType\": \"application/xml\",\r\n          \"sample\": \"sample_azsmnet2009\"\r\n        }\r\n      ]\r\n    },\r\n    \"responses\": [\r\n      {\r\n        \"statusCode\": 200,\r\n        \"description\": \"description_azsmnet9222\",\r\n        \"representations\": [\r\n          {\r\n            \"contentType\": \"application/json\",\r\n            \"sample\": \"sample_azsmnet5197\"\r\n          },\r\n          {\r\n            \"contentType\": \"application/xml\",\r\n            \"sample\": \"sample_azsmnet8218\"\r\n          }\r\n        ]\r\n      }\r\n    ],\r\n    \"displayName\": \"operation_azsmnet713\",\r\n    \"method\": \"POST\",\r\n    \"urlTemplate\": \"template_azsmnet9624\"\r\n  }\r\n}",
      "RequestHeaders": {
        "x-ms-client-request-id": [
          "6e903b26-8388-4d0e-824c-4bbea25d94cb"
        ],
        "accept-language": [
          "en-US"
        ],
        "User-Agent": [
          "FxVersion/4.6.26614.01",
          "OSName/Windows",
          "OSVersion/Microsoft.Windows.10.0.17763.",
          "Microsoft.Azure.Management.ApiManagement.ApiManagementClient/4.0.5.0"
        ],
        "Content-Type": [
          "application/json; charset=utf-8"
        ],
        "Content-Length": [
          "1528"
        ]
      },
      "ResponseHeaders": {
        "Cache-Control": [
          "no-cache"
        ],
        "Date": [
          "Wed, 21 Nov 2018 18:44:48 GMT"
        ],
        "Pragma": [
          "no-cache"
        ],
        "ETag": [
          "\"AAAAAAAAN54=\""
        ],
        "Server": [
          "Microsoft-HTTPAPI/2.0"
        ],
        "Strict-Transport-Security": [
          "max-age=31536000; includeSubDomains"
        ],
        "x-ms-request-id": [
          "29827874-2f7a-4fe6-9292-dc307f4bacf3"
        ],
        "x-ms-ratelimit-remaining-subscription-writes": [
          "1184"
        ],
        "x-ms-correlation-request-id": [
          "9f8c80cd-7ae1-4671-aa9c-7a5f2302a923"
        ],
        "x-ms-routing-request-id": [
          "WESTUS2:20181121T184449Z:9f8c80cd-7ae1-4671-aa9c-7a5f2302a923"
        ],
        "X-Content-Type-Options": [
          "nosniff"
        ],
        "Content-Length": [
          "1903"
        ],
        "Content-Type": [
          "application/json; charset=utf-8"
        ],
        "Expires": [
          "-1"
        ]
      },
      "ResponseBody": "{\r\n  \"id\": \"/subscriptions/bab08e11-7b12-4354-9fd1-4b5d64d40b68/resourceGroups/Api-Default-CentralUS/providers/Microsoft.ApiManagement/service/sdktestservice/apis/apiid7050;rev=2/operations/firstOpRev1174\",\r\n  \"type\": \"Microsoft.ApiManagement/service/apis/operations\",\r\n  \"name\": \"firstOpRev1174\",\r\n  \"properties\": {\r\n    \"displayName\": \"operation_azsmnet713\",\r\n    \"method\": \"POST\",\r\n    \"urlTemplate\": \"/template_azsmnet9624\",\r\n    \"templateParameters\": [],\r\n    \"description\": \"description_azsmnet6492\",\r\n    \"request\": {\r\n      \"description\": \"description_azsmnet7398\",\r\n      \"queryParameters\": [],\r\n      \"headers\": [\r\n        {\r\n          \"name\": \"param_azsmnet6351\",\r\n          \"description\": \"description_azsmnet5665\",\r\n          \"type\": \"int\",\r\n          \"defaultValue\": \"b\",\r\n          \"required\": true,\r\n          \"values\": [\r\n            \"a\",\r\n            \"b\",\r\n            \"c\"\r\n          ]\r\n        },\r\n        {\r\n          \"name\": \"param_azsmnet3267\",\r\n          \"description\": \"description_azsmnet1389\",\r\n          \"type\": \"bool\",\r\n          \"defaultValue\": \"e\",\r\n          \"values\": [\r\n            \"d\",\r\n            \"e\",\r\n            \"f\"\r\n          ]\r\n        }\r\n      ],\r\n      \"representations\": [\r\n        {\r\n          \"contentType\": \"text/plain\",\r\n          \"sample\": \"sample_azsmnet1181\"\r\n        },\r\n        {\r\n          \"contentType\": \"application/xml\",\r\n          \"sample\": \"sample_azsmnet2009\"\r\n        }\r\n      ]\r\n    },\r\n    \"responses\": [\r\n      {\r\n        \"statusCode\": 200,\r\n        \"description\": \"description_azsmnet9222\",\r\n        \"representations\": [\r\n          {\r\n            \"contentType\": \"application/json\",\r\n            \"sample\": \"sample_azsmnet5197\"\r\n          },\r\n          {\r\n            \"contentType\": \"application/xml\",\r\n            \"sample\": \"sample_azsmnet8218\"\r\n          }\r\n        ],\r\n        \"headers\": []\r\n      }\r\n    ],\r\n    \"policies\": null\r\n  }\r\n}",
      "StatusCode": 201
    },
    {
      "RequestUri": "/subscriptions/bab08e11-7b12-4354-9fd1-4b5d64d40b68/resourceGroups/Api-Default-CentralUS/providers/Microsoft.ApiManagement/service/sdktestservice/apis/apiid7050%3Brev%3D2/operations/secondOpName728?api-version=2018-01-01",
      "EncodedRequestUri": "L3N1YnNjcmlwdGlvbnMvYmFiMDhlMTEtN2IxMi00MzU0LTlmZDEtNGI1ZDY0ZDQwYjY4L3Jlc291cmNlR3JvdXBzL0FwaS1EZWZhdWx0LUNlbnRyYWxVUy9wcm92aWRlcnMvTWljcm9zb2Z0LkFwaU1hbmFnZW1lbnQvc2VydmljZS9zZGt0ZXN0c2VydmljZS9hcGlzL2FwaWlkNzA1MCUzQnJldiUzRDIvb3BlcmF0aW9ucy9zZWNvbmRPcE5hbWU3Mjg/YXBpLXZlcnNpb249MjAxOC0wMS0wMQ==",
      "RequestMethod": "PUT",
      "RequestBody": "{\r\n  \"properties\": {\r\n    \"description\": \"description_azsmnet8717\",\r\n    \"request\": {\r\n      \"description\": \"description_azsmnet8392\",\r\n      \"headers\": [\r\n        {\r\n          \"name\": \"param_azsmnet805\",\r\n          \"description\": \"description_azsmnet145\",\r\n          \"type\": \"int\",\r\n          \"defaultValue\": \"b\",\r\n          \"required\": true,\r\n          \"values\": [\r\n            \"a\",\r\n            \"b\",\r\n            \"c\"\r\n          ]\r\n        },\r\n        {\r\n          \"name\": \"param_azsmnet6057\",\r\n          \"description\": \"description_azsmnet5084\",\r\n          \"type\": \"bool\",\r\n          \"defaultValue\": \"e\",\r\n          \"required\": false,\r\n          \"values\": [\r\n            \"d\",\r\n            \"e\",\r\n            \"f\"\r\n          ]\r\n        }\r\n      ],\r\n      \"representations\": [\r\n        {\r\n          \"contentType\": \"text/plain\",\r\n          \"sample\": \"sample_azsmnet3008\"\r\n        },\r\n        {\r\n          \"contentType\": \"application/xml\",\r\n          \"sample\": \"sample_azsmnet545\"\r\n        }\r\n      ]\r\n    },\r\n    \"responses\": [\r\n      {\r\n        \"statusCode\": 200,\r\n        \"description\": \"description_azsmnet8798\",\r\n        \"representations\": [\r\n          {\r\n            \"contentType\": \"application/json\",\r\n            \"sample\": \"sample_azsmnet7865\"\r\n          },\r\n          {\r\n            \"contentType\": \"application/xml\",\r\n            \"sample\": \"sample_azsmnet5063\"\r\n          }\r\n        ]\r\n      }\r\n    ],\r\n    \"displayName\": \"operation_azsmnet2803\",\r\n    \"method\": \"GET\",\r\n    \"urlTemplate\": \"template_azsmnet1327\"\r\n  }\r\n}",
      "RequestHeaders": {
        "x-ms-client-request-id": [
          "c36de8d9-4872-4f27-b804-33b7c80d8152"
        ],
        "accept-language": [
          "en-US"
        ],
        "User-Agent": [
          "FxVersion/4.6.26614.01",
          "OSName/Windows",
          "OSVersion/Microsoft.Windows.10.0.17763.",
          "Microsoft.Azure.Management.ApiManagement.ApiManagementClient/4.0.5.0"
        ],
        "Content-Type": [
          "application/json; charset=utf-8"
        ],
        "Content-Length": [
          "1525"
        ]
      },
      "ResponseHeaders": {
        "Cache-Control": [
          "no-cache"
        ],
        "Date": [
          "Wed, 21 Nov 2018 18:44:48 GMT"
        ],
        "Pragma": [
          "no-cache"
        ],
        "ETag": [
          "\"AAAAAAAAN6E=\""
        ],
        "Server": [
          "Microsoft-HTTPAPI/2.0"
        ],
        "Strict-Transport-Security": [
          "max-age=31536000; includeSubDomains"
        ],
        "x-ms-request-id": [
          "40fef30f-c48c-4e79-9041-f564e1d35b49"
        ],
        "x-ms-ratelimit-remaining-subscription-writes": [
          "1183"
        ],
        "x-ms-correlation-request-id": [
          "39105ebb-716e-4b34-b259-70a7163a008a"
        ],
        "x-ms-routing-request-id": [
          "WESTUS2:20181121T184449Z:39105ebb-716e-4b34-b259-70a7163a008a"
        ],
        "X-Content-Type-Options": [
          "nosniff"
        ],
        "Content-Length": [
          "1902"
        ],
        "Content-Type": [
          "application/json; charset=utf-8"
        ],
        "Expires": [
          "-1"
        ]
      },
      "ResponseBody": "{\r\n  \"id\": \"/subscriptions/bab08e11-7b12-4354-9fd1-4b5d64d40b68/resourceGroups/Api-Default-CentralUS/providers/Microsoft.ApiManagement/service/sdktestservice/apis/apiid7050;rev=2/operations/secondOpName728\",\r\n  \"type\": \"Microsoft.ApiManagement/service/apis/operations\",\r\n  \"name\": \"secondOpName728\",\r\n  \"properties\": {\r\n    \"displayName\": \"operation_azsmnet2803\",\r\n    \"method\": \"GET\",\r\n    \"urlTemplate\": \"/template_azsmnet1327\",\r\n    \"templateParameters\": [],\r\n    \"description\": \"description_azsmnet8717\",\r\n    \"request\": {\r\n      \"description\": \"description_azsmnet8392\",\r\n      \"queryParameters\": [],\r\n      \"headers\": [\r\n        {\r\n          \"name\": \"param_azsmnet805\",\r\n          \"description\": \"description_azsmnet145\",\r\n          \"type\": \"int\",\r\n          \"defaultValue\": \"b\",\r\n          \"required\": true,\r\n          \"values\": [\r\n            \"a\",\r\n            \"b\",\r\n            \"c\"\r\n          ]\r\n        },\r\n        {\r\n          \"name\": \"param_azsmnet6057\",\r\n          \"description\": \"description_azsmnet5084\",\r\n          \"type\": \"bool\",\r\n          \"defaultValue\": \"e\",\r\n          \"values\": [\r\n            \"d\",\r\n            \"e\",\r\n            \"f\"\r\n          ]\r\n        }\r\n      ],\r\n      \"representations\": [\r\n        {\r\n          \"contentType\": \"text/plain\",\r\n          \"sample\": \"sample_azsmnet3008\"\r\n        },\r\n        {\r\n          \"contentType\": \"application/xml\",\r\n          \"sample\": \"sample_azsmnet545\"\r\n        }\r\n      ]\r\n    },\r\n    \"responses\": [\r\n      {\r\n        \"statusCode\": 200,\r\n        \"description\": \"description_azsmnet8798\",\r\n        \"representations\": [\r\n          {\r\n            \"contentType\": \"application/json\",\r\n            \"sample\": \"sample_azsmnet7865\"\r\n          },\r\n          {\r\n            \"contentType\": \"application/xml\",\r\n            \"sample\": \"sample_azsmnet5063\"\r\n          }\r\n        ],\r\n        \"headers\": []\r\n      }\r\n    ],\r\n    \"policies\": null\r\n  }\r\n}",
      "StatusCode": 201
    },
    {
      "RequestUri": "/subscriptions/bab08e11-7b12-4354-9fd1-4b5d64d40b68/resourceGroups/Api-Default-CentralUS/providers/Microsoft.ApiManagement/service/sdktestservice/apis/apiid7050%3Brev%3D2/operations?$top=1&api-version=2018-01-01",
      "EncodedRequestUri": "L3N1YnNjcmlwdGlvbnMvYmFiMDhlMTEtN2IxMi00MzU0LTlmZDEtNGI1ZDY0ZDQwYjY4L3Jlc291cmNlR3JvdXBzL0FwaS1EZWZhdWx0LUNlbnRyYWxVUy9wcm92aWRlcnMvTWljcm9zb2Z0LkFwaU1hbmFnZW1lbnQvc2VydmljZS9zZGt0ZXN0c2VydmljZS9hcGlzL2FwaWlkNzA1MCUzQnJldiUzRDIvb3BlcmF0aW9ucz8kdG9wPTEmYXBpLXZlcnNpb249MjAxOC0wMS0wMQ==",
      "RequestMethod": "GET",
      "RequestBody": "",
      "RequestHeaders": {
        "x-ms-client-request-id": [
          "99a0751e-68d7-40fa-8cbd-11a3c729f1a1"
        ],
        "accept-language": [
          "en-US"
        ],
        "User-Agent": [
          "FxVersion/4.6.26614.01",
          "OSName/Windows",
          "OSVersion/Microsoft.Windows.10.0.17763.",
          "Microsoft.Azure.Management.ApiManagement.ApiManagementClient/4.0.5.0"
        ]
      },
      "ResponseHeaders": {
        "Cache-Control": [
          "no-cache"
        ],
        "Date": [
          "Wed, 21 Nov 2018 18:44:48 GMT"
        ],
        "Pragma": [
          "no-cache"
        ],
        "Server": [
          "Microsoft-HTTPAPI/2.0"
        ],
        "Strict-Transport-Security": [
          "max-age=31536000; includeSubDomains"
        ],
        "x-ms-request-id": [
          "5b8f466d-d7f2-451d-a8aa-1ee8871ef404"
        ],
        "x-ms-ratelimit-remaining-subscription-reads": [
          "11965"
        ],
        "x-ms-correlation-request-id": [
          "90f88ef4-95a7-41f0-b6d3-4eb43e5e53f1"
        ],
        "x-ms-routing-request-id": [
          "WESTUS2:20181121T184449Z:90f88ef4-95a7-41f0-b6d3-4eb43e5e53f1"
        ],
        "X-Content-Type-Options": [
          "nosniff"
        ],
        "Content-Length": [
          "2473"
        ],
        "Content-Type": [
          "application/json; charset=utf-8"
        ],
        "Expires": [
          "-1"
        ]
      },
      "ResponseBody": "{\r\n  \"value\": [\r\n    {\r\n      \"id\": \"/subscriptions/bab08e11-7b12-4354-9fd1-4b5d64d40b68/resourceGroups/Api-Default-CentralUS/providers/Microsoft.ApiManagement/service/sdktestservice/apis/apiid7050;rev=2/operations/secondOpName728\",\r\n      \"type\": \"Microsoft.ApiManagement/service/apis/operations\",\r\n      \"name\": \"secondOpName728\",\r\n      \"properties\": {\r\n        \"displayName\": \"operation_azsmnet2803\",\r\n        \"method\": \"GET\",\r\n        \"urlTemplate\": \"/template_azsmnet1327\",\r\n        \"templateParameters\": [],\r\n        \"description\": \"description_azsmnet8717\",\r\n        \"request\": {\r\n          \"description\": \"description_azsmnet8392\",\r\n          \"queryParameters\": [],\r\n          \"headers\": [\r\n            {\r\n              \"name\": \"param_azsmnet805\",\r\n              \"description\": \"description_azsmnet145\",\r\n              \"type\": \"int\",\r\n              \"defaultValue\": \"b\",\r\n              \"required\": true,\r\n              \"values\": [\r\n                \"a\",\r\n                \"b\",\r\n                \"c\"\r\n              ]\r\n            },\r\n            {\r\n              \"name\": \"param_azsmnet6057\",\r\n              \"description\": \"description_azsmnet5084\",\r\n              \"type\": \"bool\",\r\n              \"defaultValue\": \"e\",\r\n              \"values\": [\r\n                \"d\",\r\n                \"e\",\r\n                \"f\"\r\n              ]\r\n            }\r\n          ],\r\n          \"representations\": [\r\n            {\r\n              \"contentType\": \"text/plain\",\r\n              \"sample\": \"sample_azsmnet3008\"\r\n            },\r\n            {\r\n              \"contentType\": \"application/xml\",\r\n              \"sample\": \"sample_azsmnet545\"\r\n            }\r\n          ]\r\n        },\r\n        \"responses\": [\r\n          {\r\n            \"statusCode\": 200,\r\n            \"description\": \"description_azsmnet8798\",\r\n            \"representations\": [\r\n              {\r\n                \"contentType\": \"application/json\",\r\n                \"sample\": \"sample_azsmnet7865\"\r\n              },\r\n              {\r\n                \"contentType\": \"application/xml\",\r\n                \"sample\": \"sample_azsmnet5063\"\r\n              }\r\n            ],\r\n            \"headers\": []\r\n          }\r\n        ],\r\n        \"policies\": null\r\n      }\r\n    }\r\n  ],\r\n  \"nextLink\": \"https://management.azure.com:443/subscriptions/bab08e11-7b12-4354-9fd1-4b5d64d40b68/resourceGroups/Api-Default-CentralUS/providers/Microsoft.ApiManagement/service/sdktestservice/apis/apiid7050;rev=2/operations?%24top=1&api-version=2018-01-01&%24skip=1\"\r\n}",
      "StatusCode": 200
    },
    {
      "RequestUri": "/subscriptions/bab08e11-7b12-4354-9fd1-4b5d64d40b68/resourceGroups/Api-Default-CentralUS/providers/Microsoft.ApiManagement/service/sdktestservice/apis/apiid7050;rev=2/operations?%24top=1&api-version=2018-01-01&%24skip=1",
      "EncodedRequestUri": "L3N1YnNjcmlwdGlvbnMvYmFiMDhlMTEtN2IxMi00MzU0LTlmZDEtNGI1ZDY0ZDQwYjY4L3Jlc291cmNlR3JvdXBzL0FwaS1EZWZhdWx0LUNlbnRyYWxVUy9wcm92aWRlcnMvTWljcm9zb2Z0LkFwaU1hbmFnZW1lbnQvc2VydmljZS9zZGt0ZXN0c2VydmljZS9hcGlzL2FwaWlkNzA1MDtyZXY9Mi9vcGVyYXRpb25zPyUyNHRvcD0xJmFwaS12ZXJzaW9uPTIwMTgtMDEtMDEmJTI0c2tpcD0x",
      "RequestMethod": "GET",
      "RequestBody": "",
      "RequestHeaders": {
        "x-ms-client-request-id": [
          "7b5ba34d-7094-45cd-b499-964b212f47e8"
        ],
        "accept-language": [
          "en-US"
        ],
        "User-Agent": [
          "FxVersion/4.6.26614.01",
          "OSName/Windows",
          "OSVersion/Microsoft.Windows.10.0.17763.",
          "Microsoft.Azure.Management.ApiManagement.ApiManagementClient/4.0.5.0"
        ]
      },
      "ResponseHeaders": {
        "Cache-Control": [
          "no-cache"
        ],
        "Date": [
          "Wed, 21 Nov 2018 18:44:49 GMT"
        ],
        "Pragma": [
          "no-cache"
        ],
        "Server": [
          "Microsoft-HTTPAPI/2.0"
        ],
        "Strict-Transport-Security": [
          "max-age=31536000; includeSubDomains"
        ],
        "x-ms-request-id": [
          "e59e30a2-9228-4747-af7f-6e8de279719a"
        ],
        "x-ms-ratelimit-remaining-subscription-reads": [
          "11964"
        ],
        "x-ms-correlation-request-id": [
          "63104e18-98fb-4c15-94df-c4b42499da15"
        ],
        "x-ms-routing-request-id": [
          "WESTUS2:20181121T184449Z:63104e18-98fb-4c15-94df-c4b42499da15"
        ],
        "X-Content-Type-Options": [
          "nosniff"
        ],
        "Content-Length": [
          "2223"
        ],
        "Content-Type": [
          "application/json; charset=utf-8"
        ],
        "Expires": [
          "-1"
        ]
      },
      "ResponseBody": "{\r\n  \"value\": [\r\n    {\r\n      \"id\": \"/subscriptions/bab08e11-7b12-4354-9fd1-4b5d64d40b68/resourceGroups/Api-Default-CentralUS/providers/Microsoft.ApiManagement/service/sdktestservice/apis/apiid7050;rev=2/operations/firstOpRev1174\",\r\n      \"type\": \"Microsoft.ApiManagement/service/apis/operations\",\r\n      \"name\": \"firstOpRev1174\",\r\n      \"properties\": {\r\n        \"displayName\": \"operation_azsmnet713\",\r\n        \"method\": \"POST\",\r\n        \"urlTemplate\": \"/template_azsmnet9624\",\r\n        \"templateParameters\": [],\r\n        \"description\": \"description_azsmnet6492\",\r\n        \"request\": {\r\n          \"description\": \"description_azsmnet7398\",\r\n          \"queryParameters\": [],\r\n          \"headers\": [\r\n            {\r\n              \"name\": \"param_azsmnet6351\",\r\n              \"description\": \"description_azsmnet5665\",\r\n              \"type\": \"int\",\r\n              \"defaultValue\": \"b\",\r\n              \"required\": true,\r\n              \"values\": [\r\n                \"a\",\r\n                \"b\",\r\n                \"c\"\r\n              ]\r\n            },\r\n            {\r\n              \"name\": \"param_azsmnet3267\",\r\n              \"description\": \"description_azsmnet1389\",\r\n              \"type\": \"bool\",\r\n              \"defaultValue\": \"e\",\r\n              \"values\": [\r\n                \"d\",\r\n                \"e\",\r\n                \"f\"\r\n              ]\r\n            }\r\n          ],\r\n          \"representations\": [\r\n            {\r\n              \"contentType\": \"text/plain\",\r\n              \"sample\": \"sample_azsmnet1181\"\r\n            },\r\n            {\r\n              \"contentType\": \"application/xml\",\r\n              \"sample\": \"sample_azsmnet2009\"\r\n            }\r\n          ]\r\n        },\r\n        \"responses\": [\r\n          {\r\n            \"statusCode\": 200,\r\n            \"description\": \"description_azsmnet9222\",\r\n            \"representations\": [\r\n              {\r\n                \"contentType\": \"application/json\",\r\n                \"sample\": \"sample_azsmnet5197\"\r\n              },\r\n              {\r\n                \"contentType\": \"application/xml\",\r\n                \"sample\": \"sample_azsmnet8218\"\r\n              }\r\n            ],\r\n            \"headers\": []\r\n          }\r\n        ],\r\n        \"policies\": null\r\n      }\r\n    }\r\n  ],\r\n  \"nextLink\": \"\"\r\n}",
      "StatusCode": 200
    },
    {
      "RequestUri": "/subscriptions/bab08e11-7b12-4354-9fd1-4b5d64d40b68/resourceGroups/Api-Default-CentralUS/providers/Microsoft.ApiManagement/service/sdktestservice/apis/apiid7050/revisions?api-version=2018-01-01",
      "EncodedRequestUri": "L3N1YnNjcmlwdGlvbnMvYmFiMDhlMTEtN2IxMi00MzU0LTlmZDEtNGI1ZDY0ZDQwYjY4L3Jlc291cmNlR3JvdXBzL0FwaS1EZWZhdWx0LUNlbnRyYWxVUy9wcm92aWRlcnMvTWljcm9zb2Z0LkFwaU1hbmFnZW1lbnQvc2VydmljZS9zZGt0ZXN0c2VydmljZS9hcGlzL2FwaWlkNzA1MC9yZXZpc2lvbnM/YXBpLXZlcnNpb249MjAxOC0wMS0wMQ==",
      "RequestMethod": "GET",
      "RequestBody": "",
      "RequestHeaders": {
        "x-ms-client-request-id": [
          "f7762cd1-c0e4-40a5-80c7-036589aed7bd"
        ],
        "accept-language": [
          "en-US"
        ],
        "User-Agent": [
          "FxVersion/4.6.26614.01",
          "OSName/Windows",
          "OSVersion/Microsoft.Windows.10.0.17763.",
          "Microsoft.Azure.Management.ApiManagement.ApiManagementClient/4.0.5.0"
        ]
      },
      "ResponseHeaders": {
        "Cache-Control": [
          "no-cache"
        ],
        "Date": [
          "Wed, 21 Nov 2018 18:44:49 GMT"
        ],
        "Pragma": [
          "no-cache"
        ],
        "Server": [
          "Microsoft-HTTPAPI/2.0"
        ],
        "Strict-Transport-Security": [
          "max-age=31536000; includeSubDomains"
        ],
        "x-ms-request-id": [
          "9e8daa50-a985-4218-a118-9bfe50f3f108"
        ],
        "x-ms-ratelimit-remaining-subscription-reads": [
          "11963"
        ],
        "x-ms-correlation-request-id": [
          "cd6211c6-445e-44dd-8150-47be50d169ed"
        ],
        "x-ms-routing-request-id": [
          "WESTUS2:20181121T184449Z:cd6211c6-445e-44dd-8150-47be50d169ed"
        ],
        "X-Content-Type-Options": [
          "nosniff"
        ],
        "Content-Length": [
          "504"
        ],
        "Content-Type": [
          "application/json; charset=utf-8"
        ],
        "Expires": [
          "-1"
        ]
      },
      "ResponseBody": "{\r\n  \"value\": [\r\n    {\r\n      \"apiId\": \"/apis/apiid7050;rev=2\",\r\n      \"apiRevision\": \"2\",\r\n      \"createdDateTime\": \"2018-11-21T18:44:48.737Z\",\r\n      \"updatedDateTime\": \"2018-11-21T18:44:48.77Z\",\r\n      \"description\": \"Petstore second revision\",\r\n      \"privateUrl\": \"/swaggerApi2;rev=2\",\r\n      \"isOnline\": true,\r\n      \"isCurrent\": false\r\n    },\r\n    {\r\n      \"apiId\": \"/apis/apiid7050;rev=1\",\r\n      \"apiRevision\": \"1\",\r\n      \"createdDateTime\": \"2018-11-21T18:44:48Z\",\r\n      \"updatedDateTime\": \"2018-11-21T18:44:48.047Z\",\r\n      \"description\": null,\r\n      \"privateUrl\": \"/swaggerApi\",\r\n      \"isOnline\": true,\r\n      \"isCurrent\": true\r\n    }\r\n  ],\r\n  \"count\": 2,\r\n  \"nextLink\": null\r\n}",
      "StatusCode": 200
    },
    {
      "RequestUri": "/subscriptions/bab08e11-7b12-4354-9fd1-4b5d64d40b68/resourceGroups/Api-Default-CentralUS/providers/Microsoft.ApiManagement/service/sdktestservice/apis/apiid7050%3Brev%3D2?api-version=2018-01-01",
      "EncodedRequestUri": "L3N1YnNjcmlwdGlvbnMvYmFiMDhlMTEtN2IxMi00MzU0LTlmZDEtNGI1ZDY0ZDQwYjY4L3Jlc291cmNlR3JvdXBzL0FwaS1EZWZhdWx0LUNlbnRyYWxVUy9wcm92aWRlcnMvTWljcm9zb2Z0LkFwaU1hbmFnZW1lbnQvc2VydmljZS9zZGt0ZXN0c2VydmljZS9hcGlzL2FwaWlkNzA1MCUzQnJldiUzRDI/YXBpLXZlcnNpb249MjAxOC0wMS0wMQ==",
      "RequestMethod": "HEAD",
      "RequestBody": "",
      "RequestHeaders": {
        "x-ms-client-request-id": [
          "feb7dae6-5096-4be2-ab7f-55e45ad20f23"
        ],
        "accept-language": [
          "en-US"
        ],
        "User-Agent": [
          "FxVersion/4.6.26614.01",
          "OSName/Windows",
          "OSVersion/Microsoft.Windows.10.0.17763.",
          "Microsoft.Azure.Management.ApiManagement.ApiManagementClient/4.0.5.0"
        ]
      },
      "ResponseHeaders": {
        "Cache-Control": [
          "no-cache"
        ],
        "Date": [
          "Wed, 21 Nov 2018 18:44:49 GMT"
        ],
        "Pragma": [
          "no-cache"
        ],
        "ETag": [
          "\"AAAAAAAAN5o=\""
        ],
        "Server": [
          "Microsoft-HTTPAPI/2.0"
        ],
        "Strict-Transport-Security": [
          "max-age=31536000; includeSubDomains"
        ],
        "x-ms-request-id": [
          "88051135-3b3d-4389-b265-315c2c1ab7b7"
        ],
        "x-ms-ratelimit-remaining-subscription-reads": [
          "11962"
        ],
        "x-ms-correlation-request-id": [
          "f2334583-371a-4aa4-8611-4f8e2982be69"
        ],
        "x-ms-routing-request-id": [
          "WESTUS2:20181121T184450Z:f2334583-371a-4aa4-8611-4f8e2982be69"
        ],
        "X-Content-Type-Options": [
          "nosniff"
        ],
        "Content-Length": [
          "0"
        ],
        "Expires": [
          "-1"
        ]
      },
      "ResponseBody": "",
      "StatusCode": 200
    },
    {
      "RequestUri": "/subscriptions/bab08e11-7b12-4354-9fd1-4b5d64d40b68/resourceGroups/Api-Default-CentralUS/providers/Microsoft.ApiManagement/service/sdktestservice/apis/apiid7050/releases?api-version=2018-01-01",
      "EncodedRequestUri": "L3N1YnNjcmlwdGlvbnMvYmFiMDhlMTEtN2IxMi00MzU0LTlmZDEtNGI1ZDY0ZDQwYjY4L3Jlc291cmNlR3JvdXBzL0FwaS1EZWZhdWx0LUNlbnRyYWxVUy9wcm92aWRlcnMvTWljcm9zb2Z0LkFwaU1hbmFnZW1lbnQvc2VydmljZS9zZGt0ZXN0c2VydmljZS9hcGlzL2FwaWlkNzA1MC9yZWxlYXNlcz9hcGktdmVyc2lvbj0yMDE4LTAxLTAx",
      "RequestMethod": "GET",
      "RequestBody": "",
      "RequestHeaders": {
        "x-ms-client-request-id": [
          "0a0e228c-f075-494f-bc3f-528fec7e33f8"
        ],
        "accept-language": [
          "en-US"
        ],
        "User-Agent": [
          "FxVersion/4.6.26614.01",
          "OSName/Windows",
          "OSVersion/Microsoft.Windows.10.0.17763.",
          "Microsoft.Azure.Management.ApiManagement.ApiManagementClient/4.0.5.0"
        ]
      },
      "ResponseHeaders": {
        "Cache-Control": [
          "no-cache"
        ],
        "Date": [
          "Wed, 21 Nov 2018 18:44:49 GMT"
        ],
        "Pragma": [
          "no-cache"
        ],
        "Server": [
          "Microsoft-HTTPAPI/2.0"
        ],
        "Strict-Transport-Security": [
          "max-age=31536000; includeSubDomains"
        ],
        "x-ms-request-id": [
          "887aee1e-e234-40c5-8bed-142b784e6539"
        ],
        "x-ms-ratelimit-remaining-subscription-reads": [
          "11960"
        ],
        "x-ms-correlation-request-id": [
          "1df3b326-2760-4ce6-8205-6ea83d26c5b7"
        ],
        "x-ms-routing-request-id": [
          "WESTUS2:20181121T184450Z:1df3b326-2760-4ce6-8205-6ea83d26c5b7"
        ],
        "X-Content-Type-Options": [
          "nosniff"
        ],
        "Content-Length": [
          "38"
        ],
        "Content-Type": [
          "application/json; charset=utf-8"
        ],
        "Expires": [
          "-1"
        ]
      },
      "ResponseBody": "{\r\n  \"value\": [],\r\n  \"nextLink\": \"\"\r\n}",
      "StatusCode": 200
    },
    {
      "RequestUri": "/subscriptions/bab08e11-7b12-4354-9fd1-4b5d64d40b68/resourceGroups/Api-Default-CentralUS/providers/Microsoft.ApiManagement/service/sdktestservice/apis/apiid7050/releases?api-version=2018-01-01",
      "EncodedRequestUri": "L3N1YnNjcmlwdGlvbnMvYmFiMDhlMTEtN2IxMi00MzU0LTlmZDEtNGI1ZDY0ZDQwYjY4L3Jlc291cmNlR3JvdXBzL0FwaS1EZWZhdWx0LUNlbnRyYWxVUy9wcm92aWRlcnMvTWljcm9zb2Z0LkFwaU1hbmFnZW1lbnQvc2VydmljZS9zZGt0ZXN0c2VydmljZS9hcGlzL2FwaWlkNzA1MC9yZWxlYXNlcz9hcGktdmVyc2lvbj0yMDE4LTAxLTAx",
      "RequestMethod": "GET",
      "RequestBody": "",
      "RequestHeaders": {
        "x-ms-client-request-id": [
          "ff2bd535-dabf-4a1e-a48d-a065fcea71cb"
        ],
        "accept-language": [
          "en-US"
        ],
        "User-Agent": [
          "FxVersion/4.6.26614.01",
          "OSName/Windows",
          "OSVersion/Microsoft.Windows.10.0.17763.",
          "Microsoft.Azure.Management.ApiManagement.ApiManagementClient/4.0.5.0"
        ]
      },
      "ResponseHeaders": {
        "Cache-Control": [
          "no-cache"
        ],
        "Date": [
          "Wed, 21 Nov 2018 18:44:50 GMT"
        ],
        "Pragma": [
          "no-cache"
        ],
        "Server": [
          "Microsoft-HTTPAPI/2.0"
        ],
        "Strict-Transport-Security": [
          "max-age=31536000; includeSubDomains"
        ],
        "x-ms-request-id": [
          "88e0165d-c877-445a-9d54-0472bbd87c4d"
        ],
        "x-ms-ratelimit-remaining-subscription-reads": [
          "11957"
        ],
        "x-ms-correlation-request-id": [
          "c66bf00f-da1f-48f6-ac7d-f2244871f22b"
        ],
        "x-ms-routing-request-id": [
          "WESTUS2:20181121T184451Z:c66bf00f-da1f-48f6-ac7d-f2244871f22b"
        ],
        "X-Content-Type-Options": [
          "nosniff"
        ],
        "Content-Length": [
          "538"
        ],
        "Content-Type": [
          "application/json; charset=utf-8"
        ],
        "Expires": [
          "-1"
        ]
      },
      "ResponseBody": "{\r\n  \"value\": [\r\n    {\r\n      \"id\": \"/subscriptions/bab08e11-7b12-4354-9fd1-4b5d64d40b68/resourceGroups/Api-Default-CentralUS/providers/Microsoft.ApiManagement/service/sdktestservice/apis/apiid7050/releases/apireleaseid1546\",\r\n      \"type\": \"Microsoft.ApiManagement/service/apis/releases\",\r\n      \"name\": \"apireleaseid1546\",\r\n      \"properties\": {\r\n        \"createdDateTime\": \"2018-11-21T18:44:51.083Z\",\r\n        \"updatedDateTime\": \"2018-11-21T18:44:51.083Z\",\r\n        \"notes\": \"update_desc8809\"\r\n      }\r\n    }\r\n  ],\r\n  \"nextLink\": \"\"\r\n}",
      "StatusCode": 200
    },
    {
      "RequestUri": "/subscriptions/bab08e11-7b12-4354-9fd1-4b5d64d40b68/resourceGroups/Api-Default-CentralUS/providers/Microsoft.ApiManagement/service/sdktestservice/apis/apiid7050/releases/apireleaseid1546?api-version=2018-01-01",
      "EncodedRequestUri": "L3N1YnNjcmlwdGlvbnMvYmFiMDhlMTEtN2IxMi00MzU0LTlmZDEtNGI1ZDY0ZDQwYjY4L3Jlc291cmNlR3JvdXBzL0FwaS1EZWZhdWx0LUNlbnRyYWxVUy9wcm92aWRlcnMvTWljcm9zb2Z0LkFwaU1hbmFnZW1lbnQvc2VydmljZS9zZGt0ZXN0c2VydmljZS9hcGlzL2FwaWlkNzA1MC9yZWxlYXNlcy9hcGlyZWxlYXNlaWQxNTQ2P2FwaS12ZXJzaW9uPTIwMTgtMDEtMDE=",
      "RequestMethod": "PUT",
      "RequestBody": "{\r\n  \"properties\": {\r\n    \"apiId\": \"/apis/apiid7050;rev=2\",\r\n    \"notes\": \"revision_description2897\"\r\n  }\r\n}",
      "RequestHeaders": {
        "x-ms-client-request-id": [
          "e6d26d69-7565-4c34-8f11-85e9ea812c37"
        ],
        "accept-language": [
          "en-US"
        ],
        "User-Agent": [
          "FxVersion/4.6.26614.01",
          "OSName/Windows",
          "OSVersion/Microsoft.Windows.10.0.17763.",
          "Microsoft.Azure.Management.ApiManagement.ApiManagementClient/4.0.5.0"
        ],
        "Content-Type": [
          "application/json; charset=utf-8"
        ],
        "Content-Length": [
          "108"
        ]
      },
      "ResponseHeaders": {
        "Cache-Control": [
          "no-cache"
        ],
        "Date": [
          "Wed, 21 Nov 2018 18:44:50 GMT"
        ],
        "Pragma": [
          "no-cache"
        ],
        "ETag": [
          "\"AAAAAAAAN6Y=\""
        ],
        "Server": [
          "Microsoft-HTTPAPI/2.0"
        ],
        "Strict-Transport-Security": [
          "max-age=31536000; includeSubDomains"
        ],
        "x-ms-request-id": [
          "242ccd14-5c9c-49e5-950c-9ef0478382ec"
        ],
        "x-ms-ratelimit-remaining-subscription-writes": [
          "1182"
        ],
        "x-ms-correlation-request-id": [
          "190cdabd-1d12-414a-8b7e-045ca4c75bc2"
        ],
        "x-ms-routing-request-id": [
          "WESTUS2:20181121T184451Z:190cdabd-1d12-414a-8b7e-045ca4c75bc2"
        ],
        "X-Content-Type-Options": [
          "nosniff"
        ],
        "Content-Length": [
          "649"
        ],
        "Content-Type": [
          "application/json; charset=utf-8"
        ],
        "Expires": [
          "-1"
        ]
      },
      "ResponseBody": "{\r\n  \"id\": \"/subscriptions/bab08e11-7b12-4354-9fd1-4b5d64d40b68/resourceGroups/Api-Default-CentralUS/providers/Microsoft.ApiManagement/service/sdktestservice/apis/apiid7050/releases/apireleaseid1546\",\r\n  \"type\": \"Microsoft.ApiManagement/service/apis/releases\",\r\n  \"name\": \"apireleaseid1546\",\r\n  \"properties\": {\r\n    \"apiId\": \"/subscriptions/bab08e11-7b12-4354-9fd1-4b5d64d40b68/resourceGroups/Api-Default-CentralUS/providers/Microsoft.ApiManagement/service/sdktestservice/apis/apiid7050\",\r\n    \"createdDateTime\": \"2018-11-21T18:44:51.0824191Z\",\r\n    \"updatedDateTime\": \"2018-11-21T18:44:51.0824191Z\",\r\n    \"notes\": \"revision_description2897\"\r\n  }\r\n}",
      "StatusCode": 201
    },
    {
      "RequestUri": "/subscriptions/bab08e11-7b12-4354-9fd1-4b5d64d40b68/resourceGroups/Api-Default-CentralUS/providers/Microsoft.ApiManagement/service/sdktestservice/apis/apiid7050/releases/apireleaseid1546?api-version=2018-01-01",
      "EncodedRequestUri": "L3N1YnNjcmlwdGlvbnMvYmFiMDhlMTEtN2IxMi00MzU0LTlmZDEtNGI1ZDY0ZDQwYjY4L3Jlc291cmNlR3JvdXBzL0FwaS1EZWZhdWx0LUNlbnRyYWxVUy9wcm92aWRlcnMvTWljcm9zb2Z0LkFwaU1hbmFnZW1lbnQvc2VydmljZS9zZGt0ZXN0c2VydmljZS9hcGlzL2FwaWlkNzA1MC9yZWxlYXNlcy9hcGlyZWxlYXNlaWQxNTQ2P2FwaS12ZXJzaW9uPTIwMTgtMDEtMDE=",
      "RequestMethod": "HEAD",
      "RequestBody": "",
      "RequestHeaders": {
        "x-ms-client-request-id": [
          "9e13aed6-0069-4356-a083-d9b024dd8ca1"
        ],
        "accept-language": [
          "en-US"
        ],
        "User-Agent": [
          "FxVersion/4.6.26614.01",
          "OSName/Windows",
          "OSVersion/Microsoft.Windows.10.0.17763.",
          "Microsoft.Azure.Management.ApiManagement.ApiManagementClient/4.0.5.0"
        ]
      },
      "ResponseHeaders": {
        "Cache-Control": [
          "no-cache"
        ],
        "Date": [
          "Wed, 21 Nov 2018 18:44:50 GMT"
        ],
        "Pragma": [
          "no-cache"
        ],
        "ETag": [
          "\"AAAAAAAAN6Y=\""
        ],
        "Server": [
          "Microsoft-HTTPAPI/2.0"
        ],
        "Strict-Transport-Security": [
          "max-age=31536000; includeSubDomains"
        ],
        "x-ms-request-id": [
          "fa953aa1-06bc-4277-82db-8d4f3bd859a3"
        ],
        "x-ms-ratelimit-remaining-subscription-reads": [
          "11959"
        ],
        "x-ms-correlation-request-id": [
          "39af5ae8-de7d-4740-bfb6-f1870eb6e427"
        ],
        "x-ms-routing-request-id": [
          "WESTUS2:20181121T184451Z:39af5ae8-de7d-4740-bfb6-f1870eb6e427"
        ],
        "X-Content-Type-Options": [
          "nosniff"
        ],
        "Content-Length": [
          "0"
        ],
        "Expires": [
          "-1"
        ]
      },
      "ResponseBody": "",
      "StatusCode": 200
    },
    {
      "RequestUri": "/subscriptions/bab08e11-7b12-4354-9fd1-4b5d64d40b68/resourceGroups/Api-Default-CentralUS/providers/Microsoft.ApiManagement/service/sdktestservice/apis/apiid7050/releases/apireleaseid1546?api-version=2018-01-01",
      "EncodedRequestUri": "L3N1YnNjcmlwdGlvbnMvYmFiMDhlMTEtN2IxMi00MzU0LTlmZDEtNGI1ZDY0ZDQwYjY4L3Jlc291cmNlR3JvdXBzL0FwaS1EZWZhdWx0LUNlbnRyYWxVUy9wcm92aWRlcnMvTWljcm9zb2Z0LkFwaU1hbmFnZW1lbnQvc2VydmljZS9zZGt0ZXN0c2VydmljZS9hcGlzL2FwaWlkNzA1MC9yZWxlYXNlcy9hcGlyZWxlYXNlaWQxNTQ2P2FwaS12ZXJzaW9uPTIwMTgtMDEtMDE=",
      "RequestMethod": "PATCH",
      "RequestBody": "{\r\n  \"properties\": {\r\n    \"apiId\": \"/apis/apiid7050;rev=2\",\r\n    \"notes\": \"update_desc8809\"\r\n  }\r\n}",
      "RequestHeaders": {
        "x-ms-client-request-id": [
          "dc16aa6a-b3a6-4531-9485-2ad69896b6f9"
        ],
        "If-Match": [
          "\"AAAAAAAAN6Y=\""
        ],
        "accept-language": [
          "en-US"
        ],
        "User-Agent": [
          "FxVersion/4.6.26614.01",
          "OSName/Windows",
          "OSVersion/Microsoft.Windows.10.0.17763.",
          "Microsoft.Azure.Management.ApiManagement.ApiManagementClient/4.0.5.0"
        ],
        "Content-Type": [
          "application/json; charset=utf-8"
        ],
        "Content-Length": [
          "99"
        ]
      },
      "ResponseHeaders": {
        "Cache-Control": [
          "no-cache"
        ],
        "Date": [
          "Wed, 21 Nov 2018 18:44:50 GMT"
        ],
        "Pragma": [
          "no-cache"
        ],
        "Server": [
          "Microsoft-HTTPAPI/2.0"
        ],
        "Strict-Transport-Security": [
          "max-age=31536000; includeSubDomains"
        ],
        "x-ms-request-id": [
          "d0bc5689-b03e-4cea-9100-cbeecacf07cc"
        ],
        "x-ms-ratelimit-remaining-subscription-writes": [
          "1181"
        ],
        "x-ms-correlation-request-id": [
          "b27c5f45-c9b8-4f9b-8b65-4d78890e2fa1"
        ],
        "x-ms-routing-request-id": [
          "WESTUS2:20181121T184451Z:b27c5f45-c9b8-4f9b-8b65-4d78890e2fa1"
        ],
        "X-Content-Type-Options": [
          "nosniff"
        ],
        "Expires": [
          "-1"
        ]
      },
      "ResponseBody": "",
      "StatusCode": 204
    },
    {
      "RequestUri": "/subscriptions/bab08e11-7b12-4354-9fd1-4b5d64d40b68/resourceGroups/Api-Default-CentralUS/providers/Microsoft.ApiManagement/service/sdktestservice/apis/apiid7050/releases/apireleaseid1546?api-version=2018-01-01",
      "EncodedRequestUri": "L3N1YnNjcmlwdGlvbnMvYmFiMDhlMTEtN2IxMi00MzU0LTlmZDEtNGI1ZDY0ZDQwYjY4L3Jlc291cmNlR3JvdXBzL0FwaS1EZWZhdWx0LUNlbnRyYWxVUy9wcm92aWRlcnMvTWljcm9zb2Z0LkFwaU1hbmFnZW1lbnQvc2VydmljZS9zZGt0ZXN0c2VydmljZS9hcGlzL2FwaWlkNzA1MC9yZWxlYXNlcy9hcGlyZWxlYXNlaWQxNTQ2P2FwaS12ZXJzaW9uPTIwMTgtMDEtMDE=",
      "RequestMethod": "GET",
      "RequestBody": "",
      "RequestHeaders": {
        "x-ms-client-request-id": [
          "700b589f-3829-424d-894f-736770eb2aac"
        ],
        "accept-language": [
          "en-US"
        ],
        "User-Agent": [
          "FxVersion/4.6.26614.01",
          "OSName/Windows",
          "OSVersion/Microsoft.Windows.10.0.17763.",
          "Microsoft.Azure.Management.ApiManagement.ApiManagementClient/4.0.5.0"
        ]
      },
      "ResponseHeaders": {
        "Cache-Control": [
          "no-cache"
        ],
        "Date": [
          "Wed, 21 Nov 2018 18:44:50 GMT"
        ],
        "Pragma": [
          "no-cache"
        ],
        "ETag": [
          "\"AAAAAAAAN6s=\""
        ],
        "Server": [
          "Microsoft-HTTPAPI/2.0"
        ],
        "Strict-Transport-Security": [
          "max-age=31536000; includeSubDomains"
        ],
        "x-ms-request-id": [
          "a6b88110-1d7d-405d-a80a-f37ee04fe9a1"
        ],
        "x-ms-ratelimit-remaining-subscription-reads": [
          "11958"
        ],
        "x-ms-correlation-request-id": [
          "c8918b17-3cb0-478f-8dfb-e43bc8b6647b"
        ],
        "x-ms-routing-request-id": [
          "WESTUS2:20181121T184451Z:c8918b17-3cb0-478f-8dfb-e43bc8b6647b"
        ],
        "X-Content-Type-Options": [
          "nosniff"
        ],
        "Content-Length": [
          "632"
        ],
        "Content-Type": [
          "application/json; charset=utf-8"
        ],
        "Expires": [
          "-1"
        ]
      },
      "ResponseBody": "{\r\n  \"id\": \"/subscriptions/bab08e11-7b12-4354-9fd1-4b5d64d40b68/resourceGroups/Api-Default-CentralUS/providers/Microsoft.ApiManagement/service/sdktestservice/apis/apiid7050/releases/apireleaseid1546\",\r\n  \"type\": \"Microsoft.ApiManagement/service/apis/releases\",\r\n  \"name\": \"apireleaseid1546\",\r\n  \"properties\": {\r\n    \"apiId\": \"/subscriptions/bab08e11-7b12-4354-9fd1-4b5d64d40b68/resourceGroups/Api-Default-CentralUS/providers/Microsoft.ApiManagement/service/sdktestservice/apis/apiid7050\",\r\n    \"createdDateTime\": \"2018-11-21T18:44:51.083Z\",\r\n    \"updatedDateTime\": \"2018-11-21T18:44:51.083Z\",\r\n    \"notes\": \"update_desc8809\"\r\n  }\r\n}",
      "StatusCode": 200
    },
    {
      "RequestUri": "/subscriptions/bab08e11-7b12-4354-9fd1-4b5d64d40b68/resourceGroups/Api-Default-CentralUS/providers/Microsoft.ApiManagement/service/sdktestservice/apis/apiid7050?deleteRevisions=true&api-version=2018-01-01",
      "EncodedRequestUri": "L3N1YnNjcmlwdGlvbnMvYmFiMDhlMTEtN2IxMi00MzU0LTlmZDEtNGI1ZDY0ZDQwYjY4L3Jlc291cmNlR3JvdXBzL0FwaS1EZWZhdWx0LUNlbnRyYWxVUy9wcm92aWRlcnMvTWljcm9zb2Z0LkFwaU1hbmFnZW1lbnQvc2VydmljZS9zZGt0ZXN0c2VydmljZS9hcGlzL2FwaWlkNzA1MD9kZWxldGVSZXZpc2lvbnM9dHJ1ZSZhcGktdmVyc2lvbj0yMDE4LTAxLTAx",
      "RequestMethod": "DELETE",
      "RequestBody": "",
      "RequestHeaders": {
        "x-ms-client-request-id": [
          "e7e1408a-9d26-443c-9769-c233f5e2dd84"
        ],
        "If-Match": [
          "*"
        ],
        "accept-language": [
          "en-US"
        ],
        "User-Agent": [
          "FxVersion/4.6.26614.01",
          "OSName/Windows",
          "OSVersion/Microsoft.Windows.10.0.17763.",
          "Microsoft.Azure.Management.ApiManagement.ApiManagementClient/4.0.5.0"
        ]
      },
      "ResponseHeaders": {
        "Cache-Control": [
          "no-cache"
        ],
        "Date": [
          "Wed, 21 Nov 2018 18:44:51 GMT"
        ],
        "Pragma": [
          "no-cache"
        ],
        "Server": [
          "Microsoft-HTTPAPI/2.0"
        ],
        "Strict-Transport-Security": [
          "max-age=31536000; includeSubDomains"
        ],
        "x-ms-request-id": [
          "72619885-9690-4f78-aae2-0008aebf094a"
        ],
        "x-ms-ratelimit-remaining-subscription-deletes": [
          "14993"
        ],
        "x-ms-correlation-request-id": [
          "900f1deb-a4b7-4aa8-8833-1a0e60a76e53"
        ],
        "x-ms-routing-request-id": [
          "WESTUS2:20181121T184452Z:900f1deb-a4b7-4aa8-8833-1a0e60a76e53"
        ],
        "X-Content-Type-Options": [
          "nosniff"
        ],
        "Content-Length": [
          "0"
        ],
        "Expires": [
          "-1"
        ]
      },
      "ResponseBody": "",
      "StatusCode": 200
    },
    {
      "RequestUri": "/subscriptions/bab08e11-7b12-4354-9fd1-4b5d64d40b68/resourceGroups/Api-Default-CentralUS/providers/Microsoft.ApiManagement/service/sdktestservice/apis/apiid7050?deleteRevisions=true&api-version=2018-01-01",
      "EncodedRequestUri": "L3N1YnNjcmlwdGlvbnMvYmFiMDhlMTEtN2IxMi00MzU0LTlmZDEtNGI1ZDY0ZDQwYjY4L3Jlc291cmNlR3JvdXBzL0FwaS1EZWZhdWx0LUNlbnRyYWxVUy9wcm92aWRlcnMvTWljcm9zb2Z0LkFwaU1hbmFnZW1lbnQvc2VydmljZS9zZGt0ZXN0c2VydmljZS9hcGlzL2FwaWlkNzA1MD9kZWxldGVSZXZpc2lvbnM9dHJ1ZSZhcGktdmVyc2lvbj0yMDE4LTAxLTAx",
      "RequestMethod": "DELETE",
      "RequestBody": "",
      "RequestHeaders": {
        "x-ms-client-request-id": [
          "470da896-2af4-4f59-8f59-7122fd7a16be"
        ],
        "If-Match": [
          "*"
        ],
        "accept-language": [
          "en-US"
        ],
        "User-Agent": [
          "FxVersion/4.6.26614.01",
          "OSName/Windows",
          "OSVersion/Microsoft.Windows.10.0.17763.",
          "Microsoft.Azure.Management.ApiManagement.ApiManagementClient/4.0.5.0"
        ]
      },
      "ResponseHeaders": {
        "Cache-Control": [
          "no-cache"
        ],
        "Date": [
          "Wed, 21 Nov 2018 18:44:51 GMT"
        ],
        "Pragma": [
          "no-cache"
        ],
        "Server": [
          "Microsoft-HTTPAPI/2.0"
        ],
        "Strict-Transport-Security": [
          "max-age=31536000; includeSubDomains"
        ],
        "x-ms-request-id": [
          "cac734a7-5d63-4e63-a3d1-706e658a95be"
        ],
        "x-ms-ratelimit-remaining-subscription-deletes": [
          "14992"
        ],
        "x-ms-correlation-request-id": [
          "fff57e12-a724-485c-9697-9635f1604b2d"
        ],
        "x-ms-routing-request-id": [
          "WESTUS2:20181121T184452Z:fff57e12-a724-485c-9697-9635f1604b2d"
        ],
        "X-Content-Type-Options": [
          "nosniff"
        ],
        "Expires": [
          "-1"
        ]
      },
      "ResponseBody": "",
      "StatusCode": 204
    }
  ],
  "Names": {
    "CreateListUpdateDelete": [
      "apiid7050",
      "apireleaseid1546",
      "firstOpRev1174",
      "secondOpName728",
      "revision_description2897",
      "update_desc8809"
    ],
    "CreateOperationContract": [
      "azsmnet713",
      "azsmnet6492",
      "azsmnet9624",
      "azsmnet7398",
      "azsmnet6351",
      "azsmnet5665",
      "azsmnet3267",
      "azsmnet1389",
      "azsmnet1181",
      "azsmnet2009",
      "azsmnet9222",
      "azsmnet5197",
      "azsmnet8218",
      "azsmnet2803",
      "azsmnet8717",
      "azsmnet1327",
      "azsmnet8392",
      "azsmnet805",
      "azsmnet145",
      "azsmnet6057",
      "azsmnet5084",
      "azsmnet3008",
      "azsmnet545",
      "azsmnet8798",
      "azsmnet7865",
      "azsmnet5063"
    ]
  },
  "Variables": {
    "SubscriptionId": "bab08e11-7b12-4354-9fd1-4b5d64d40b68",
    "TestCertificate": "MIIHEwIBAzCCBs8GCSqGSIb3DQEHAaCCBsAEgga8MIIGuDCCA9EGCSqGSIb3DQEHAaCCA8IEggO+MIIDujCCA7YGCyqGSIb3DQEMCgECoIICtjCCArIwHAYKKoZIhvcNAQwBAzAOBAidzys9WFRXCgICB9AEggKQRcdJYUKe+Yaf12UyefArSDv4PBBGqR0mh2wdLtPW3TCs6RIGjP4Nr3/KA4o8V8MF3EVQ8LWd/zJRdo7YP2Rkt/TPdxFMDH9zVBvt2/4fuVvslqV8tpphzdzfHAMQvO34ULdB6lJVtpRUx3WNUSbC3h5D1t5noLb0u0GFXzTUAsIw5CYnFCEyCTatuZdAx2V/7xfc0yF2kw/XfPQh0YVRy7dAT/rMHyaGfz1MN2iNIS048A1ExKgEAjBdXBxZLbjIL6rPxB9pHgH5AofJ50k1dShfSSzSzza/xUon+RlvD+oGi5yUPu6oMEfNB21CLiTJnIEoeZ0Te1EDi5D9SrOjXGmcZjCjcmtITnEXDAkI0IhY1zSjABIKyt1rY8qyh8mGT/RhibxxlSeSOIPsxTmXvcnFP3J+oRoHyWzrp6DDw2ZjRGBenUdExg1tjMqThaE7luNB6Yko8NIObwz3s7tpj6u8n11kB5RzV8zJUZkrHnYzrRFIQF8ZFjI9grDFPlccuYFPYUzSsEQU3l4mAoc0cAkaxCtZg9oi2bcVNTLQuj9XbPK2FwPXaF+owBEgJ0TnZ7kvUFAvN1dECVpBPO5ZVT/yaxJj3n380QTcXoHsav//Op3Kg+cmmVoAPOuBOnC6vKrcKsgDgf+gdASvQ+oBjDhTGOVk22jCDQpyNC/gCAiZfRdlpV98Abgi93VYFZpi9UlcGxxzgfNzbNGc06jWkw8g6RJvQWNpCyJasGzHKQOSCBVhfEUidfB2KEkMy0yCWkhbL78GadPIZG++FfM4X5Ov6wUmtzypr60/yJLduqZDhqTskGQlaDEOLbUtjdlhprYhHagYQ2tPD+zmLN7sOaYA6Y+ZZDg7BYq5KuOQZ2QxgewwDQYJKwYBBAGCNxECMQAwEwYJKoZIhvcNAQkVMQYEBAEAAAAwWwYJKoZIhvcNAQkUMU4eTAB7ADYANwBCADcAQQA1AEMAOQAtAEMAQQAzADIALQA0ADAAQwA0AC0AQQAxADUAMwAtAEEAQgAyADIANwA5ADUARQBGADcAOABBAH0waQYJKwYBBAGCNxEBMVweWgBNAGkAYwByAG8AcwBvAGYAdAAgAFIAUwBBACAAUwBDAGgAYQBuAG4AZQBsACAAQwByAHkAcAB0AG8AZwByAGEAcABoAGkAYwAgAFAAcgBvAHYAaQBkAGUAcjCCAt8GCSqGSIb3DQEHBqCCAtAwggLMAgEAMIICxQYJKoZIhvcNAQcBMBwGCiqGSIb3DQEMAQMwDgQIGa3JOIHoBmsCAgfQgIICmF5H0WCdmEFOmpqKhkX6ipBiTk0Rb+vmnDU6nl2L09t4WBjpT1gIddDHMpzObv3ktWts/wA6652h2wNKrgXEFU12zqhaGZWkTFLBrdplMnx/hr804NxiQa4A+BBIsLccczN21776JjU7PBCIvvmuudsKi8V+PmF2K6Lf/WakcZEq4Iq6gmNxTvjSiXMWZe7Wj4+Izt2aoooDYwfQs4KBlI03HzMSU3omA0rXLtARDXwHAJXW2uFwqihlPdC4gwDd/YFwUvnKn92UmyAvENKUV/uKyH3AF1ZqlUgBzYNXyd8YX9H8rtfho2f6qaJZQC93YU3fs9L1xmWIH5saow8r3K85dGCJsisddNsgwtH/o4imOSs8WJw1EjjdpYhyCjs9gE/7ovZzcvrdXBZditLFN8nRIX5HFGz93PksHAQwZbVnbCwVgTGf0Sy5WstPb340ODE5CrakMPUIiVPQgkujpIkW7r4cIwwyyGKza9ZVEXcnoSWZiFSB7yaEf0SYZEoECZwN52wiMxeosJjaAPpWXFe8x5mHbDZ7/DE+pv+Qlyo7rQIzu4SZ9GCvs33dMC/7+RPy6u32ca87kKBQHR1JeCHeBdklMw+pSFRdHxIxq1l5ktycan943OluTdqND5Vf2RwXdSFv2P53334XNKG82wsfm68w7+EgEClDFLz7FymmIfoFO2z0H0adQvkq/7GcIFBSr1K0KEfT2l6csrMc3NSwzDOFiYJDDf++OYUN4nVKlkVE5j+c9Zo8ZkAlz8I4m756wL7e++xXWgwovlsxkBE5TdwWDZDOE8id6yJf54/o4JwS5SEnnNlvt3gRNdo6yCSUrTHfIr9YhvAdJUXbdSrNm5GZu+2fhgg/UJ7EY8pf5BczhNSDkcAwOzAfMAcGBSsOAwIaBBRzf6NV4Bxf3KRT41VV4sQZ348BtgQU7+VeN+vrmbRv0zCvk7r1ORhJ7YkCAgfQ",
    "TestCertificatePassword": "Password",
    "SubId": "bab08e11-7b12-4354-9fd1-4b5d64d40b68",
    "ServiceName": "sdktestservice",
    "Location": "CentralUS",
    "ResourceGroup": "Api-Default-CentralUS"
  }
}