{
  "Entries": [
    {
      "RequestUri": "https://seandevtest.queue.core.windows.net/test-queue-71351bbe-0cdb-d3d6-f68d-2e147b8f45f9",
      "RequestMethod": "PUT",
      "RequestHeaders": {
        "Authorization": "Sanitized",
        "traceparent": "00-55b43c6d68917f4094af9447b49c3e44-3a6f1d15a0eb754b-00",
        "User-Agent": [
          "azsdk-net-Storage.Queues/12.4.0-dev.20200713.1",
          "(.NET Core 4.6.28801.04; Microsoft Windows 10.0.18362 )"
        ],
        "x-ms-client-request-id": "735fce30-85a7-b34d-7e02-c26952472bf3",
        "x-ms-date": "Tue, 14 Jul 2020 01:26:02 GMT",
        "x-ms-return-client-request-id": "true",
        "x-ms-version": "2018-11-09"
      },
      "RequestBody": null,
      "StatusCode": 201,
      "ResponseHeaders": {
        "Content-Length": "0",
        "Date": "Tue, 14 Jul 2020 01:26:03 GMT",
        "Server": [
          "Windows-Azure-Queue/1.0",
          "Microsoft-HTTPAPI/2.0"
        ],
        "x-ms-request-id": "0357a52b-3003-0003-307d-59090d000000",
        "x-ms-version": "2018-11-09"
      },
      "ResponseBody": []
    },
    {
      "RequestUri": "https://seandevtest.queue.core.windows.net/test-queue-71351bbe-0cdb-d3d6-f68d-2e147b8f45f9?sv=2020-04-08\u0026ss=q\u0026srt=sco\u0026st=2020-07-14T00%3A26%3A02Z\u0026se=2020-07-14T02%3A26%3A02Z\u0026sp=rwdxlacuptf\u0026sig=Sanitized\u0026comp=metadata",
      "RequestMethod": "GET",
      "RequestHeaders": {
        "User-Agent": [
          "azsdk-net-Storage.Queues/12.4.0-dev.20200713.1",
          "(.NET Core 4.6.28801.04; Microsoft Windows 10.0.18362 )"
        ],
        "x-ms-client-request-id": "ace45afa-d130-0652-079a-de3fc5124356",
        "x-ms-return-client-request-id": "true",
        "x-ms-version": "2018-11-09"
      },
      "RequestBody": null,
      "StatusCode": 200,
      "ResponseHeaders": {
        "Cache-Control": "no-cache",
        "Content-Length": "0",
        "Date": "Tue, 14 Jul 2020 01:26:03 GMT",
        "Server": [
          "Windows-Azure-Queue/1.0",
          "Microsoft-HTTPAPI/2.0"
        ],
        "Vary": "Origin",
        "x-ms-approximate-messages-count": "0",
        "x-ms-request-id": "0889377a-1003-005b-3b7d-590d76000000",
        "x-ms-version": "2018-11-09"
      },
      "ResponseBody": []
    },
    {
      "RequestUri": "https://seandevtest.queue.core.windows.net/test-queue-71351bbe-0cdb-d3d6-f68d-2e147b8f45f9",
      "RequestMethod": "DELETE",
      "RequestHeaders": {
        "Authorization": "Sanitized",
        "traceparent": "00-4bdddba59335374daa4127b7c96e8b73-bc9dd67396271143-00",
        "User-Agent": [
          "azsdk-net-Storage.Queues/12.4.0-dev.20200713.1",
          "(.NET Core 4.6.28801.04; Microsoft Windows 10.0.18362 )"
        ],
        "x-ms-client-request-id": "f86e5366-7e63-95c2-51cb-cc5395a9708d",
        "x-ms-date": "Tue, 14 Jul 2020 01:26:03 GMT",
        "x-ms-return-client-request-id": "true",
        "x-ms-version": "2018-11-09"
      },
      "RequestBody": null,
      "StatusCode": 204,
      "ResponseHeaders": {
        "Content-Length": "0",
        "Date": "Tue, 14 Jul 2020 01:26:03 GMT",
        "Server": [
          "Windows-Azure-Queue/1.0",
          "Microsoft-HTTPAPI/2.0"
        ],
        "x-ms-request-id": "08893788-1003-005b-457d-590d76000000",
        "x-ms-version": "2018-11-09"
      },
      "ResponseBody": []
    }
  ],
  "Variables": {
    "DateTimeOffsetNow": "2020-07-13T20:26:02.9512178-05:00",
    "RandomSeed": "671321386",
    "Storage_TestConfigDefault": "ProductionTenant\nseandevtest\nU2FuaXRpemVk\nhttps://seandevtest.blob.core.windows.net\nhttps://seandevtest.file.core.windows.net\nhttps://seandevtest.queue.core.windows.net\nhttps://seandevtest.table.core.windows.net\n\n\n\n\nhttps://seandevtest-secondary.blob.core.windows.net\nhttps://seandevtest-secondary.file.core.windows.net\nhttps://seandevtest-secondary.queue.core.windows.net\nhttps://seandevtest-secondary.table.core.windows.net\n\nSanitized\n\n\nCloud\nBlobEndpoint=https://seandevtest.blob.core.windows.net/;QueueEndpoint=https://seandevtest.queue.core.windows.net/;FileEndpoint=https://seandevtest.file.core.windows.net/;BlobSecondaryEndpoint=https://seandevtest-secondary.blob.core.windows.net/;QueueSecondaryEndpoint=https://seandevtest-secondary.queue.core.windows.net/;FileSecondaryEndpoint=https://seandevtest-secondary.file.core.windows.net/;AccountName=seandevtest;AccountKey=Kg==;\nseanscope1"
  }
}