{
  "Entries": [
    {
      "RequestUri": "https://management.azure.com/subscriptions/db1ab6f0-4769-4b27-930e-01e2ef9c123c?api-version=2019-11-01",
      "RequestMethod": "GET",
      "RequestHeaders": {
        "Accept": "application/json",
        "Authorization": "Sanitized",
        "User-Agent": [
          "azsdk-net-ResourceManager/1.0.0-beta.3",
          "(.NET Core 3.1.19; Microsoft Windows 10.0.19043)"
        ],
        "x-ms-client-request-id": "8a94d53b35ea2302d0ff4c942bcc00d3",
        "x-ms-return-client-request-id": "true"
      },
      "RequestBody": null,
      "StatusCode": 200,
      "ResponseHeaders": {
        "Cache-Control": "no-cache",
        "Content-Length": "468",
        "Content-Type": "application/json; charset=utf-8",
        "Date": "Fri, 08 Oct 2021 02:37:13 GMT",
        "Expires": "-1",
        "Pragma": "no-cache",
        "Strict-Transport-Security": "max-age=31536000; includeSubDomains",
        "X-Content-Type-Options": "nosniff",
        "x-ms-correlation-request-id": "ecf6a22c-e5b0-4827-b743-3fbbb779239a",
        "x-ms-ratelimit-remaining-subscription-reads": "11918",
        "x-ms-request-id": "ecf6a22c-e5b0-4827-b743-3fbbb779239a",
        "x-ms-routing-request-id": "SOUTHEASTASIA:20211008T023713Z:ecf6a22c-e5b0-4827-b743-3fbbb779239a"
      },
      "ResponseBody": {
        "id": "/subscriptions/db1ab6f0-4769-4b27-930e-01e2ef9c123c",
        "authorizationSource": "RoleBased",
        "managedByTenants": [],
        "tags": {
          "tagKey1": "tagValue1",
          "tagKey2": "tagValue2"
        },
        "subscriptionId": "db1ab6f0-4769-4b27-930e-01e2ef9c123c",
        "tenantId": "72f988bf-86f1-41af-91ab-2d7cd011db47",
        "displayName": ".NET Mgmt SDK Test with TTL = 1 Day",
        "state": "Enabled",
        "subscriptionPolicies": {
          "locationPlacementId": "Internal_2014-09-01",
          "quotaId": "Internal_2014-09-01",
          "spendingLimit": "Off"
        }
      }
    },
    {
      "RequestUri": "https://management.azure.com/subscriptions/db1ab6f0-4769-4b27-930e-01e2ef9c123c/resourcegroups/WebPubSubRG-129?api-version=2019-10-01",
      "RequestMethod": "GET",
      "RequestHeaders": {
        "Accept": "application/json",
        "Authorization": "Sanitized",
        "traceparent": "00-39b07523a5e04f4b99b40772c6443317-d286d1fc9f72804a-00",
        "User-Agent": [
          "azsdk-net-ResourceManager/1.0.0-beta.3",
          "(.NET Core 3.1.19; Microsoft Windows 10.0.19043)"
        ],
        "x-ms-client-request-id": "ef60add897a4cb5ab06c15f56bad0d38",
        "x-ms-return-client-request-id": "true"
      },
      "RequestBody": null,
      "StatusCode": 200,
      "ResponseHeaders": {
        "Cache-Control": "no-cache",
        "Content-Length": "228",
        "Content-Type": "application/json; charset=utf-8",
        "Date": "Fri, 08 Oct 2021 02:37:13 GMT",
        "Expires": "-1",
        "Pragma": "no-cache",
        "Strict-Transport-Security": "max-age=31536000; includeSubDomains",
        "X-Content-Type-Options": "nosniff",
        "x-ms-correlation-request-id": "dcc239d8-31ba-4468-8edc-1d6ef1e160f3",
        "x-ms-ratelimit-remaining-subscription-reads": "11917",
        "x-ms-request-id": "dcc239d8-31ba-4468-8edc-1d6ef1e160f3",
        "x-ms-routing-request-id": "SOUTHEASTASIA:20211008T023713Z:dcc239d8-31ba-4468-8edc-1d6ef1e160f3"
      },
      "ResponseBody": {
        "id": "/subscriptions/db1ab6f0-4769-4b27-930e-01e2ef9c123c/resourceGroups/WebPubSubRG-129",
        "name": "WebPubSubRG-129",
        "type": "Microsoft.Resources/resourceGroups",
        "location": "westus2",
        "properties": {
          "provisioningState": "Succeeded"
        }
      }
    },
    {
      "RequestUri": "https://management.azure.com/subscriptions/db1ab6f0-4769-4b27-930e-01e2ef9c123c/resourceGroups/WebPubSubRG-129/providers/Microsoft.Network/virtualNetworks/vnet-7442?api-version=2021-02-01",
      "RequestMethod": "PUT",
      "RequestHeaders": {
        "Accept": "application/json",
        "Authorization": "Sanitized",
        "Content-Length": "307",
        "Content-Type": "application/json",
        "User-Agent": [
          "azsdk-net-ResourceManager.Network/1.0.0-alpha.20211008.1",
          "(.NET Core 3.1.19; Microsoft Windows 10.0.19043)"
        ],
        "x-ms-client-request-id": "178080c3f396fc087155db2382940b21",
        "x-ms-return-client-request-id": "true"
      },
      "RequestBody": {
        "location": "westus2",
        "id": null,
        "properties": {
          "addressSpace": {
            "addressPrefixes": [
              "10.10.0.0/16"
            ]
          },
          "subnets": [
            {
              "name": "subnet01",
              "id": null,
              "properties": {
                "addressPrefix": "10.10.1.0/24"
              }
            },
            {
              "name": "subnet02",
              "id": null,
              "properties": {
                "addressPrefix": "10.10.2.0/24",
                "privateEndpointNetworkPolicies": "Disabled"
              }
            }
          ]
        }
      },
      "StatusCode": 201,
      "ResponseHeaders": {
        "Azure-AsyncNotification": "Enabled",
        "Azure-AsyncOperation": "https://management.azure.com/subscriptions/db1ab6f0-4769-4b27-930e-01e2ef9c123c/providers/Microsoft.Network/locations/westus2/operations/4a289f61-b3b1-4425-8874-f492eb557f7d?api-version=2021-02-01",
        "Cache-Control": "no-cache",
        "Content-Length": "1845",
        "Content-Type": "application/json; charset=utf-8",
        "Date": "Fri, 08 Oct 2021 02:37:17 GMT",
        "Expires": "-1",
        "Pragma": "no-cache",
        "Retry-After": "3",
        "Server": [
          "Microsoft-HTTPAPI/2.0",
          "Microsoft-HTTPAPI/2.0"
        ],
        "Strict-Transport-Security": "max-age=31536000; includeSubDomains",
        "X-Content-Type-Options": "nosniff",
        "x-ms-arm-service-request-id": "d5987bce-5b51-4ddf-a260-ee9cec7ddf98",
        "x-ms-client-request-id": "178080c3f396fc087155db2382940b21",
        "x-ms-correlation-request-id": "93ee548a-7248-4efa-9085-9d1196b6df3f",
        "x-ms-ratelimit-remaining-subscription-writes": "1197",
        "x-ms-request-id": "4a289f61-b3b1-4425-8874-f492eb557f7d",
        "x-ms-routing-request-id": "SOUTHEASTASIA:20211008T023717Z:93ee548a-7248-4efa-9085-9d1196b6df3f"
      },
      "ResponseBody": [
        "{\r\n",
        "  \u0022name\u0022: \u0022vnet-7442\u0022,\r\n",
        "  \u0022id\u0022: \u0022/subscriptions/db1ab6f0-4769-4b27-930e-01e2ef9c123c/resourceGroups/WebPubSubRG-129/providers/Microsoft.Network/virtualNetworks/vnet-7442\u0022,\r\n",
        "  \u0022etag\u0022: \u0022W/\\\u0022885c5ce1-9e6a-4204-835d-f394e6d76761\\\u0022\u0022,\r\n",
        "  \u0022type\u0022: \u0022Microsoft.Network/virtualNetworks\u0022,\r\n",
        "  \u0022location\u0022: \u0022westus2\u0022,\r\n",
        "  \u0022properties\u0022: {\r\n",
        "    \u0022provisioningState\u0022: \u0022Updating\u0022,\r\n",
        "    \u0022resourceGuid\u0022: \u002254660221-deb8-4a25-9b61-288ebd31a763\u0022,\r\n",
        "    \u0022addressSpace\u0022: {\r\n",
        "      \u0022addressPrefixes\u0022: [\r\n",
        "        \u002210.10.0.0/16\u0022\r\n",
        "      ]\r\n",
        "    },\r\n",
        "    \u0022subnets\u0022: [\r\n",
        "      {\r\n",
        "        \u0022name\u0022: \u0022subnet01\u0022,\r\n",
        "        \u0022id\u0022: \u0022/subscriptions/db1ab6f0-4769-4b27-930e-01e2ef9c123c/resourceGroups/WebPubSubRG-129/providers/Microsoft.Network/virtualNetworks/vnet-7442/subnets/subnet01\u0022,\r\n",
        "        \u0022etag\u0022: \u0022W/\\\u0022885c5ce1-9e6a-4204-835d-f394e6d76761\\\u0022\u0022,\r\n",
        "        \u0022properties\u0022: {\r\n",
        "          \u0022provisioningState\u0022: \u0022Updating\u0022,\r\n",
        "          \u0022addressPrefix\u0022: \u002210.10.1.0/24\u0022,\r\n",
        "          \u0022delegations\u0022: [],\r\n",
        "          \u0022privateEndpointNetworkPolicies\u0022: \u0022Enabled\u0022,\r\n",
        "          \u0022privateLinkServiceNetworkPolicies\u0022: \u0022Enabled\u0022\r\n",
        "        },\r\n",
        "        \u0022type\u0022: \u0022Microsoft.Network/virtualNetworks/subnets\u0022\r\n",
        "      },\r\n",
        "      {\r\n",
        "        \u0022name\u0022: \u0022subnet02\u0022,\r\n",
        "        \u0022id\u0022: \u0022/subscriptions/db1ab6f0-4769-4b27-930e-01e2ef9c123c/resourceGroups/WebPubSubRG-129/providers/Microsoft.Network/virtualNetworks/vnet-7442/subnets/subnet02\u0022,\r\n",
        "        \u0022etag\u0022: \u0022W/\\\u0022885c5ce1-9e6a-4204-835d-f394e6d76761\\\u0022\u0022,\r\n",
        "        \u0022properties\u0022: {\r\n",
        "          \u0022provisioningState\u0022: \u0022Updating\u0022,\r\n",
        "          \u0022addressPrefix\u0022: \u002210.10.2.0/24\u0022,\r\n",
        "          \u0022delegations\u0022: [],\r\n",
        "          \u0022privateEndpointNetworkPolicies\u0022: \u0022Disabled\u0022,\r\n",
        "          \u0022privateLinkServiceNetworkPolicies\u0022: \u0022Enabled\u0022\r\n",
        "        },\r\n",
        "        \u0022type\u0022: \u0022Microsoft.Network/virtualNetworks/subnets\u0022\r\n",
        "      }\r\n",
        "    ],\r\n",
        "    \u0022virtualNetworkPeerings\u0022: [],\r\n",
        "    \u0022enableDdosProtection\u0022: false\r\n",
        "  }\r\n",
        "}"
      ]
    },
    {
      "RequestUri": "https://management.azure.com/subscriptions/db1ab6f0-4769-4b27-930e-01e2ef9c123c/providers/Microsoft.Network/locations/westus2/operations/4a289f61-b3b1-4425-8874-f492eb557f7d?api-version=2021-02-01",
      "RequestMethod": "GET",
      "RequestHeaders": {
        "Authorization": "Sanitized",
        "User-Agent": [
          "azsdk-net-ResourceManager/1.0.0-beta.3",
          "(.NET Core 3.1.19; Microsoft Windows 10.0.19043)"
        ],
        "x-ms-client-request-id": "abd113f1e94be53ca4647d4fbb36481c",
        "x-ms-return-client-request-id": "true"
      },
      "RequestBody": null,
      "StatusCode": 200,
      "ResponseHeaders": {
        "Cache-Control": "no-cache",
        "Content-Length": "30",
        "Content-Type": "application/json; charset=utf-8",
        "Date": "Fri, 08 Oct 2021 02:37:18 GMT",
        "Expires": "-1",
        "Pragma": "no-cache",
        "Retry-After": "10",
        "Server": [
          "Microsoft-HTTPAPI/2.0",
          "Microsoft-HTTPAPI/2.0"
        ],
        "Strict-Transport-Security": "max-age=31536000; includeSubDomains",
        "X-Content-Type-Options": "nosniff",
        "x-ms-arm-service-request-id": "e258059c-2d0d-4641-98af-05a4dc9e22eb",
        "x-ms-client-request-id": "abd113f1e94be53ca4647d4fbb36481c",
        "x-ms-correlation-request-id": "d35de34d-c759-400b-af5e-b2c5ddc58a3e",
        "x-ms-ratelimit-remaining-subscription-reads": "11915",
        "x-ms-request-id": "bc0fe201-7ace-45d0-9e79-b028be7d9fa1",
        "x-ms-routing-request-id": "SOUTHEASTASIA:20211008T023718Z:d35de34d-c759-400b-af5e-b2c5ddc58a3e"
      },
      "ResponseBody": [
        "{\r\n",
        "  \u0022status\u0022: \u0022InProgress\u0022\r\n",
        "}"
      ]
    },
    {
      "RequestUri": "https://management.azure.com/subscriptions/db1ab6f0-4769-4b27-930e-01e2ef9c123c/providers/Microsoft.Network/locations/westus2/operations/4a289f61-b3b1-4425-8874-f492eb557f7d?api-version=2021-02-01",
      "RequestMethod": "GET",
      "RequestHeaders": {
        "Authorization": "Sanitized",
        "User-Agent": [
          "azsdk-net-ResourceManager/1.0.0-beta.3",
          "(.NET Core 3.1.19; Microsoft Windows 10.0.19043)"
        ],
        "x-ms-client-request-id": "6debf461c37b3bbb32dc9ccd1a8add65",
        "x-ms-return-client-request-id": "true"
      },
      "RequestBody": null,
      "StatusCode": 200,
      "ResponseHeaders": {
        "Cache-Control": "no-cache",
        "Content-Length": "29",
        "Content-Type": "application/json; charset=utf-8",
        "Date": "Fri, 08 Oct 2021 02:37:20 GMT",
        "Expires": "-1",
        "Pragma": "no-cache",
        "Server": [
          "Microsoft-HTTPAPI/2.0",
          "Microsoft-HTTPAPI/2.0"
        ],
        "Strict-Transport-Security": "max-age=31536000; includeSubDomains",
        "X-Content-Type-Options": "nosniff",
        "x-ms-arm-service-request-id": "e93ac8a2-aa53-4087-991f-491b46fd991b",
        "x-ms-client-request-id": "6debf461c37b3bbb32dc9ccd1a8add65",
        "x-ms-correlation-request-id": "f8929898-37e0-4f71-914e-5de69bae96b4",
        "x-ms-ratelimit-remaining-subscription-reads": "11914",
        "x-ms-request-id": "9d105eb3-76a3-4905-bbe1-4098dfb1b950",
        "x-ms-routing-request-id": "SOUTHEASTASIA:20211008T023720Z:f8929898-37e0-4f71-914e-5de69bae96b4"
      },
      "ResponseBody": [
        "{\r\n",
        "  \u0022status\u0022: \u0022Succeeded\u0022\r\n",
        "}"
      ]
    },
    {
      "RequestUri": "https://management.azure.com/subscriptions/db1ab6f0-4769-4b27-930e-01e2ef9c123c/resourceGroups/WebPubSubRG-129/providers/Microsoft.Network/virtualNetworks/vnet-7442?api-version=2021-02-01",
      "RequestMethod": "GET",
      "RequestHeaders": {
        "Authorization": "Sanitized",
        "User-Agent": [
          "azsdk-net-ResourceManager/1.0.0-beta.3",
          "(.NET Core 3.1.19; Microsoft Windows 10.0.19043)"
        ],
        "x-ms-client-request-id": "6e31b89c60c220d6c04ca51809fee844",
        "x-ms-return-client-request-id": "true"
      },
      "RequestBody": null,
      "StatusCode": 200,
      "ResponseHeaders": {
        "Cache-Control": "no-cache",
        "Content-Length": "1848",
        "Content-Type": "application/json; charset=utf-8",
        "Date": "Fri, 08 Oct 2021 02:37:20 GMT",
        "ETag": "W/\u0022c50b55cd-9b7c-4897-b5fc-e668b6302ad9\u0022",
        "Expires": "-1",
        "Pragma": "no-cache",
        "Server": [
          "Microsoft-HTTPAPI/2.0",
          "Microsoft-HTTPAPI/2.0"
        ],
        "Strict-Transport-Security": "max-age=31536000; includeSubDomains",
        "X-Content-Type-Options": "nosniff",
        "x-ms-arm-service-request-id": "ebe9e8bc-f840-44fe-838e-bbdb0f2556ca",
        "x-ms-client-request-id": "6e31b89c60c220d6c04ca51809fee844",
        "x-ms-correlation-request-id": "b5b4557a-a94e-4d42-b50b-75c29ad5c315",
        "x-ms-ratelimit-remaining-subscription-reads": "11913",
        "x-ms-request-id": "1005349a-39d4-4615-9095-0d6da8f93fe0",
        "x-ms-routing-request-id": "SOUTHEASTASIA:20211008T023720Z:b5b4557a-a94e-4d42-b50b-75c29ad5c315"
      },
      "ResponseBody": [
        "{\r\n",
        "  \u0022name\u0022: \u0022vnet-7442\u0022,\r\n",
        "  \u0022id\u0022: \u0022/subscriptions/db1ab6f0-4769-4b27-930e-01e2ef9c123c/resourceGroups/WebPubSubRG-129/providers/Microsoft.Network/virtualNetworks/vnet-7442\u0022,\r\n",
        "  \u0022etag\u0022: \u0022W/\\\u0022c50b55cd-9b7c-4897-b5fc-e668b6302ad9\\\u0022\u0022,\r\n",
        "  \u0022type\u0022: \u0022Microsoft.Network/virtualNetworks\u0022,\r\n",
        "  \u0022location\u0022: \u0022westus2\u0022,\r\n",
        "  \u0022properties\u0022: {\r\n",
        "    \u0022provisioningState\u0022: \u0022Succeeded\u0022,\r\n",
        "    \u0022resourceGuid\u0022: \u002254660221-deb8-4a25-9b61-288ebd31a763\u0022,\r\n",
        "    \u0022addressSpace\u0022: {\r\n",
        "      \u0022addressPrefixes\u0022: [\r\n",
        "        \u002210.10.0.0/16\u0022\r\n",
        "      ]\r\n",
        "    },\r\n",
        "    \u0022subnets\u0022: [\r\n",
        "      {\r\n",
        "        \u0022name\u0022: \u0022subnet01\u0022,\r\n",
        "        \u0022id\u0022: \u0022/subscriptions/db1ab6f0-4769-4b27-930e-01e2ef9c123c/resourceGroups/WebPubSubRG-129/providers/Microsoft.Network/virtualNetworks/vnet-7442/subnets/subnet01\u0022,\r\n",
        "        \u0022etag\u0022: \u0022W/\\\u0022c50b55cd-9b7c-4897-b5fc-e668b6302ad9\\\u0022\u0022,\r\n",
        "        \u0022properties\u0022: {\r\n",
        "          \u0022provisioningState\u0022: \u0022Succeeded\u0022,\r\n",
        "          \u0022addressPrefix\u0022: \u002210.10.1.0/24\u0022,\r\n",
        "          \u0022delegations\u0022: [],\r\n",
        "          \u0022privateEndpointNetworkPolicies\u0022: \u0022Enabled\u0022,\r\n",
        "          \u0022privateLinkServiceNetworkPolicies\u0022: \u0022Enabled\u0022\r\n",
        "        },\r\n",
        "        \u0022type\u0022: \u0022Microsoft.Network/virtualNetworks/subnets\u0022\r\n",
        "      },\r\n",
        "      {\r\n",
        "        \u0022name\u0022: \u0022subnet02\u0022,\r\n",
        "        \u0022id\u0022: \u0022/subscriptions/db1ab6f0-4769-4b27-930e-01e2ef9c123c/resourceGroups/WebPubSubRG-129/providers/Microsoft.Network/virtualNetworks/vnet-7442/subnets/subnet02\u0022,\r\n",
        "        \u0022etag\u0022: \u0022W/\\\u0022c50b55cd-9b7c-4897-b5fc-e668b6302ad9\\\u0022\u0022,\r\n",
        "        \u0022properties\u0022: {\r\n",
        "          \u0022provisioningState\u0022: \u0022Succeeded\u0022,\r\n",
        "          \u0022addressPrefix\u0022: \u002210.10.2.0/24\u0022,\r\n",
        "          \u0022delegations\u0022: [],\r\n",
        "          \u0022privateEndpointNetworkPolicies\u0022: \u0022Disabled\u0022,\r\n",
        "          \u0022privateLinkServiceNetworkPolicies\u0022: \u0022Enabled\u0022\r\n",
        "        },\r\n",
        "        \u0022type\u0022: \u0022Microsoft.Network/virtualNetworks/subnets\u0022\r\n",
        "      }\r\n",
        "    ],\r\n",
        "    \u0022virtualNetworkPeerings\u0022: [],\r\n",
        "    \u0022enableDdosProtection\u0022: false\r\n",
        "  }\r\n",
        "}"
      ]
    },
    {
      "RequestUri": "https://management.azure.com/subscriptions/db1ab6f0-4769-4b27-930e-01e2ef9c123c/resourceGroups/WebPubSubRG-129/providers/Microsoft.Network/privateEndpoints/privateEndPoint-2289?api-version=2021-02-01",
      "RequestMethod": "PUT",
      "RequestHeaders": {
        "Accept": "application/json",
        "Authorization": "Sanitized",
        "Content-Length": "519",
        "Content-Type": "application/json",
        "User-Agent": [
          "azsdk-net-ResourceManager.Network/1.0.0-alpha.20211008.1",
          "(.NET Core 3.1.19; Microsoft Windows 10.0.19043)"
        ],
        "x-ms-client-request-id": "2a1cbc804b202da75895786e4c6ecb19",
        "x-ms-return-client-request-id": "true"
      },
      "RequestBody": {
        "location": "westus2",
        "id": null,
        "properties": {
          "subnet": {
            "id": "/subscriptions/db1ab6f0-4769-4b27-930e-01e2ef9c123c/resourceGroups/WebPubSubRG-129/providers/Microsoft.Network/virtualNetworks/vnet-7442/subnets/subnet02",
            "properties": {}
          },
          "privateLinkServiceConnections": [
            {
              "name": "privateEndPoint-2289",
              "id": null,
              "properties": {
                "privateLinkServiceId": "/subscriptions/db1ab6f0-4769-4b27-930e-01e2ef9c123c/resourceGroups/WebPubSubRG-129/providers/Microsoft.SignalRService/WebPubSub/WebPubSub-5546",
                "groupIds": [
                  "webpubsub"
                ]
              }
            }
          ]
        }
      },
      "StatusCode": 201,
      "ResponseHeaders": {
        "Azure-AsyncNotification": "Enabled",
        "Azure-AsyncOperation": "https://management.azure.com/subscriptions/db1ab6f0-4769-4b27-930e-01e2ef9c123c/providers/Microsoft.Network/locations/westus2/operations/d11ebde5-f63c-42f8-a0c4-6178e566668a?api-version=2021-02-01",
        "Cache-Control": "no-cache",
        "Content-Length": "1955",
        "Content-Type": "application/json; charset=utf-8",
        "Date": "Fri, 08 Oct 2021 02:37:24 GMT",
        "Expires": "-1",
        "Pragma": "no-cache",
        "Retry-After": "10",
        "Server": [
          "Microsoft-HTTPAPI/2.0",
          "Microsoft-HTTPAPI/2.0"
        ],
        "Strict-Transport-Security": "max-age=31536000; includeSubDomains",
        "X-Content-Type-Options": "nosniff",
        "x-ms-arm-service-request-id": "e3fa9487-b53e-44e2-a163-e7cd57c033cd",
        "x-ms-client-request-id": "2a1cbc804b202da75895786e4c6ecb19",
        "x-ms-correlation-request-id": "6069f6e1-c448-485b-a8de-f004329bdf29",
        "x-ms-ratelimit-remaining-subscription-writes": "1196",
        "x-ms-request-id": "d11ebde5-f63c-42f8-a0c4-6178e566668a",
        "x-ms-routing-request-id": "SOUTHEASTASIA:20211008T023724Z:6069f6e1-c448-485b-a8de-f004329bdf29"
      },
      "ResponseBody": [
        "{\r\n",
        "  \u0022name\u0022: \u0022privateEndPoint-2289\u0022,\r\n",
        "  \u0022id\u0022: \u0022/subscriptions/db1ab6f0-4769-4b27-930e-01e2ef9c123c/resourceGroups/WebPubSubRG-129/providers/Microsoft.Network/privateEndpoints/privateEndPoint-2289\u0022,\r\n",
        "  \u0022etag\u0022: \u0022W/\\\u00220fe83693-4e1f-489f-922b-553346156459\\\u0022\u0022,\r\n",
        "  \u0022type\u0022: \u0022Microsoft.Network/privateEndpoints\u0022,\r\n",
        "  \u0022location\u0022: \u0022westus2\u0022,\r\n",
        "  \u0022properties\u0022: {\r\n",
        "    \u0022provisioningState\u0022: \u0022Updating\u0022,\r\n",
        "    \u0022resourceGuid\u0022: \u002242e98c7e-34f0-4c27-8ac2-e7164c19343d\u0022,\r\n",
        "    \u0022privateLinkServiceConnections\u0022: [\r\n",
        "      {\r\n",
        "        \u0022name\u0022: \u0022privateEndPoint-2289\u0022,\r\n",
        "        \u0022id\u0022: \u0022/subscriptions/db1ab6f0-4769-4b27-930e-01e2ef9c123c/resourceGroups/WebPubSubRG-129/providers/Microsoft.Network/privateEndpoints/privateEndPoint-2289/privateLinkServiceConnections/privateEndPoint-2289\u0022,\r\n",
        "        \u0022etag\u0022: \u0022W/\\\u00220fe83693-4e1f-489f-922b-553346156459\\\u0022\u0022,\r\n",
        "        \u0022properties\u0022: {\r\n",
        "          \u0022provisioningState\u0022: \u0022Succeeded\u0022,\r\n",
        "          \u0022privateLinkServiceId\u0022: \u0022/subscriptions/db1ab6f0-4769-4b27-930e-01e2ef9c123c/resourceGroups/WebPubSubRG-129/providers/Microsoft.SignalRService/WebPubSub/WebPubSub-5546\u0022,\r\n",
        "          \u0022groupIds\u0022: [\r\n",
        "            \u0022webpubsub\u0022\r\n",
        "          ],\r\n",
        "          \u0022privateLinkServiceConnectionState\u0022: {\r\n",
        "            \u0022status\u0022: \u0022Approved\u0022,\r\n",
        "            \u0022description\u0022: \u0022\u0022,\r\n",
        "            \u0022actionsRequired\u0022: \u0022None\u0022\r\n",
        "          }\r\n",
        "        },\r\n",
        "        \u0022type\u0022: \u0022Microsoft.Network/privateEndpoints/privateLinkServiceConnections\u0022\r\n",
        "      }\r\n",
        "    ],\r\n",
        "    \u0022manualPrivateLinkServiceConnections\u0022: [],\r\n",
        "    \u0022subnet\u0022: {\r\n",
        "      \u0022id\u0022: \u0022/subscriptions/db1ab6f0-4769-4b27-930e-01e2ef9c123c/resourceGroups/WebPubSubRG-129/providers/Microsoft.Network/virtualNetworks/vnet-7442/subnets/subnet02\u0022\r\n",
        "    },\r\n",
        "    \u0022networkInterfaces\u0022: [\r\n",
        "      {\r\n",
        "        \u0022id\u0022: \u0022/subscriptions/db1ab6f0-4769-4b27-930e-01e2ef9c123c/resourceGroups/WebPubSubRG-129/providers/Microsoft.Network/networkInterfaces/privateEndPoint-2289.nic.ec3897f5-8e6e-46e5-af35-2a93b1ae1fd7\u0022\r\n",
        "      }\r\n",
        "    ],\r\n",
        "    \u0022customDnsConfigs\u0022: []\r\n",
        "  }\r\n",
        "}"
      ]
    },
    {
      "RequestUri": "https://management.azure.com/subscriptions/db1ab6f0-4769-4b27-930e-01e2ef9c123c/providers/Microsoft.Network/locations/westus2/operations/d11ebde5-f63c-42f8-a0c4-6178e566668a?api-version=2021-02-01",
      "RequestMethod": "GET",
      "RequestHeaders": {
        "Authorization": "Sanitized",
        "User-Agent": [
          "azsdk-net-ResourceManager/1.0.0-beta.3",
          "(.NET Core 3.1.19; Microsoft Windows 10.0.19043)"
        ],
        "x-ms-client-request-id": "5d4c58f3b26e51441104162ce767d451",
        "x-ms-return-client-request-id": "true"
      },
      "RequestBody": null,
      "StatusCode": 200,
      "ResponseHeaders": {
        "Cache-Control": "no-cache",
        "Content-Length": "30",
        "Content-Type": "application/json; charset=utf-8",
        "Date": "Fri, 08 Oct 2021 02:37:24 GMT",
        "Expires": "-1",
        "Pragma": "no-cache",
        "Retry-After": "10",
        "Server": [
          "Microsoft-HTTPAPI/2.0",
          "Microsoft-HTTPAPI/2.0"
        ],
        "Strict-Transport-Security": "max-age=31536000; includeSubDomains",
        "X-Content-Type-Options": "nosniff",
        "x-ms-arm-service-request-id": "3abdb6d6-6d40-4104-a32f-d6c8e0b835a0",
        "x-ms-client-request-id": "5d4c58f3b26e51441104162ce767d451",
        "x-ms-correlation-request-id": "24aebba3-8d68-4b72-8a0b-f2f4528af5ee",
        "x-ms-ratelimit-remaining-subscription-reads": "11912",
        "x-ms-request-id": "9fc9c00e-227b-4706-a945-8d390057497c",
        "x-ms-routing-request-id": "SOUTHEASTASIA:20211008T023724Z:24aebba3-8d68-4b72-8a0b-f2f4528af5ee"
      },
      "ResponseBody": [
        "{\r\n",
        "  \u0022status\u0022: \u0022InProgress\u0022\r\n",
        "}"
      ]
    },
    {
      "RequestUri": "https://management.azure.com/subscriptions/db1ab6f0-4769-4b27-930e-01e2ef9c123c/providers/Microsoft.Network/locations/westus2/operations/d11ebde5-f63c-42f8-a0c4-6178e566668a?api-version=2021-02-01",
      "RequestMethod": "GET",
      "RequestHeaders": {
        "Authorization": "Sanitized",
        "User-Agent": [
          "azsdk-net-ResourceManager/1.0.0-beta.3",
          "(.NET Core 3.1.19; Microsoft Windows 10.0.19043)"
        ],
        "x-ms-client-request-id": "f0918c81e54ba63f631b0c559d780fb5",
        "x-ms-return-client-request-id": "true"
      },
      "RequestBody": null,
      "StatusCode": 200,
      "ResponseHeaders": {
        "Cache-Control": "no-cache",
        "Content-Length": "30",
        "Content-Type": "application/json; charset=utf-8",
        "Date": "Fri, 08 Oct 2021 02:37:26 GMT",
        "Expires": "-1",
        "Pragma": "no-cache",
        "Retry-After": "20",
        "Server": [
          "Microsoft-HTTPAPI/2.0",
          "Microsoft-HTTPAPI/2.0"
        ],
        "Strict-Transport-Security": "max-age=31536000; includeSubDomains",
        "X-Content-Type-Options": "nosniff",
        "x-ms-arm-service-request-id": "e7e19936-043a-45a1-9946-79bb77d33c98",
        "x-ms-client-request-id": "f0918c81e54ba63f631b0c559d780fb5",
        "x-ms-correlation-request-id": "f47c7ce1-9068-4d6d-b6cc-b7cbbe6a680b",
        "x-ms-ratelimit-remaining-subscription-reads": "11911",
        "x-ms-request-id": "cb9faa03-def5-47f6-8c43-08b472eadca3",
        "x-ms-routing-request-id": "SOUTHEASTASIA:20211008T023726Z:f47c7ce1-9068-4d6d-b6cc-b7cbbe6a680b"
      },
      "ResponseBody": [
        "{\r\n",
        "  \u0022status\u0022: \u0022InProgress\u0022\r\n",
        "}"
      ]
    },
    {
      "RequestUri": "https://management.azure.com/subscriptions/db1ab6f0-4769-4b27-930e-01e2ef9c123c/providers/Microsoft.Network/locations/westus2/operations/d11ebde5-f63c-42f8-a0c4-6178e566668a?api-version=2021-02-01",
      "RequestMethod": "GET",
      "RequestHeaders": {
        "Authorization": "Sanitized",
        "User-Agent": [
          "azsdk-net-ResourceManager/1.0.0-beta.3",
          "(.NET Core 3.1.19; Microsoft Windows 10.0.19043)"
        ],
        "x-ms-client-request-id": "f47b44646e21d4abd361f101c22d1ab6",
        "x-ms-return-client-request-id": "true"
      },
      "RequestBody": null,
      "StatusCode": 200,
      "ResponseHeaders": {
        "Cache-Control": "no-cache",
        "Content-Length": "30",
        "Content-Type": "application/json; charset=utf-8",
        "Date": "Fri, 08 Oct 2021 02:37:27 GMT",
        "Expires": "-1",
        "Pragma": "no-cache",
        "Retry-After": "20",
        "Server": [
          "Microsoft-HTTPAPI/2.0",
          "Microsoft-HTTPAPI/2.0"
        ],
        "Strict-Transport-Security": "max-age=31536000; includeSubDomains",
        "X-Content-Type-Options": "nosniff",
        "x-ms-arm-service-request-id": "25dc8991-b428-42f1-a7e5-c194ec6ef3a6",
        "x-ms-client-request-id": "f47b44646e21d4abd361f101c22d1ab6",
        "x-ms-correlation-request-id": "2f950412-8ccc-45f8-bfab-bdf7bedad37d",
        "x-ms-ratelimit-remaining-subscription-reads": "11910",
        "x-ms-request-id": "2869ae1a-d955-42d2-b2ee-9ddcad19fcf9",
        "x-ms-routing-request-id": "SOUTHEASTASIA:20211008T023727Z:2f950412-8ccc-45f8-bfab-bdf7bedad37d"
      },
      "ResponseBody": [
        "{\r\n",
        "  \u0022status\u0022: \u0022InProgress\u0022\r\n",
        "}"
      ]
    },
    {
      "RequestUri": "https://management.azure.com/subscriptions/db1ab6f0-4769-4b27-930e-01e2ef9c123c/providers/Microsoft.Network/locations/westus2/operations/d11ebde5-f63c-42f8-a0c4-6178e566668a?api-version=2021-02-01",
      "RequestMethod": "GET",
      "RequestHeaders": {
        "Authorization": "Sanitized",
        "User-Agent": [
          "azsdk-net-ResourceManager/1.0.0-beta.3",
          "(.NET Core 3.1.19; Microsoft Windows 10.0.19043)"
        ],
        "x-ms-client-request-id": "92ac5bf641100de919a6f953a6efb398",
        "x-ms-return-client-request-id": "true"
      },
      "RequestBody": null,
      "StatusCode": 200,
      "ResponseHeaders": {
        "Cache-Control": "no-cache",
        "Content-Length": "30",
        "Content-Type": "application/json; charset=utf-8",
        "Date": "Fri, 08 Oct 2021 02:37:29 GMT",
        "Expires": "-1",
        "Pragma": "no-cache",
        "Retry-After": "40",
        "Server": [
          "Microsoft-HTTPAPI/2.0",
          "Microsoft-HTTPAPI/2.0"
        ],
        "Strict-Transport-Security": "max-age=31536000; includeSubDomains",
        "X-Content-Type-Options": "nosniff",
        "x-ms-arm-service-request-id": "51157f74-0d76-4c57-b5f9-82020b5c31ed",
        "x-ms-client-request-id": "92ac5bf641100de919a6f953a6efb398",
        "x-ms-correlation-request-id": "3ea4003e-35e0-41ee-813f-2512b11fbf6f",
        "x-ms-ratelimit-remaining-subscription-reads": "11909",
        "x-ms-request-id": "da5c5468-642a-4f01-93ae-04eea9a4438f",
        "x-ms-routing-request-id": "SOUTHEASTASIA:20211008T023729Z:3ea4003e-35e0-41ee-813f-2512b11fbf6f"
      },
      "ResponseBody": [
        "{\r\n",
        "  \u0022status\u0022: \u0022InProgress\u0022\r\n",
        "}"
      ]
    },
    {
      "RequestUri": "https://management.azure.com/subscriptions/db1ab6f0-4769-4b27-930e-01e2ef9c123c/providers/Microsoft.Network/locations/westus2/operations/d11ebde5-f63c-42f8-a0c4-6178e566668a?api-version=2021-02-01",
      "RequestMethod": "GET",
      "RequestHeaders": {
        "Authorization": "Sanitized",
        "User-Agent": [
          "azsdk-net-ResourceManager/1.0.0-beta.3",
          "(.NET Core 3.1.19; Microsoft Windows 10.0.19043)"
        ],
        "x-ms-client-request-id": "a2c861f4e0ec1330e0bd1ce9f43de335",
        "x-ms-return-client-request-id": "true"
      },
      "RequestBody": null,
      "StatusCode": 200,
      "ResponseHeaders": {
        "Cache-Control": "no-cache",
        "Content-Length": "30",
        "Content-Type": "application/json; charset=utf-8",
        "Date": "Fri, 08 Oct 2021 02:37:30 GMT",
        "Expires": "-1",
        "Pragma": "no-cache",
        "Retry-After": "40",
        "Server": [
          "Microsoft-HTTPAPI/2.0",
          "Microsoft-HTTPAPI/2.0"
        ],
        "Strict-Transport-Security": "max-age=31536000; includeSubDomains",
        "X-Content-Type-Options": "nosniff",
        "x-ms-arm-service-request-id": "777f73a6-2d25-4c80-b867-bfa42757b07d",
        "x-ms-client-request-id": "a2c861f4e0ec1330e0bd1ce9f43de335",
        "x-ms-correlation-request-id": "184c0225-1409-40cc-8555-aa66d28ab913",
        "x-ms-ratelimit-remaining-subscription-reads": "11908",
        "x-ms-request-id": "963f2b79-c34c-4f8b-92d5-5fff340fda69",
        "x-ms-routing-request-id": "SOUTHEASTASIA:20211008T023731Z:184c0225-1409-40cc-8555-aa66d28ab913"
      },
      "ResponseBody": [
        "{\r\n",
        "  \u0022status\u0022: \u0022InProgress\u0022\r\n",
        "}"
      ]
    },
    {
      "RequestUri": "https://management.azure.com/subscriptions/db1ab6f0-4769-4b27-930e-01e2ef9c123c/providers/Microsoft.Network/locations/westus2/operations/d11ebde5-f63c-42f8-a0c4-6178e566668a?api-version=2021-02-01",
      "RequestMethod": "GET",
      "RequestHeaders": {
        "Authorization": "Sanitized",
        "User-Agent": [
          "azsdk-net-ResourceManager/1.0.0-beta.3",
          "(.NET Core 3.1.19; Microsoft Windows 10.0.19043)"
        ],
        "x-ms-client-request-id": "425e55007dcb22a45b6dda7b74582ee4",
        "x-ms-return-client-request-id": "true"
      },
      "RequestBody": null,
      "StatusCode": 200,
      "ResponseHeaders": {
        "Cache-Control": "no-cache",
        "Content-Length": "30",
        "Content-Type": "application/json; charset=utf-8",
        "Date": "Fri, 08 Oct 2021 02:37:32 GMT",
        "Expires": "-1",
        "Pragma": "no-cache",
        "Retry-After": "80",
        "Server": [
          "Microsoft-HTTPAPI/2.0",
          "Microsoft-HTTPAPI/2.0"
        ],
        "Strict-Transport-Security": "max-age=31536000; includeSubDomains",
        "X-Content-Type-Options": "nosniff",
        "x-ms-arm-service-request-id": "c795c1b9-e243-4d0e-8ef1-55a922564fff",
        "x-ms-client-request-id": "425e55007dcb22a45b6dda7b74582ee4",
        "x-ms-correlation-request-id": "e41e54f1-9f5f-4add-8e9d-1a848bf39138",
        "x-ms-ratelimit-remaining-subscription-reads": "11907",
        "x-ms-request-id": "578fc21a-5105-4f47-85a3-bd2f3fef388b",
        "x-ms-routing-request-id": "SOUTHEASTASIA:20211008T023732Z:e41e54f1-9f5f-4add-8e9d-1a848bf39138"
      },
      "ResponseBody": [
        "{\r\n",
        "  \u0022status\u0022: \u0022InProgress\u0022\r\n",
        "}"
      ]
    },
    {
      "RequestUri": "https://management.azure.com/subscriptions/db1ab6f0-4769-4b27-930e-01e2ef9c123c/providers/Microsoft.Network/locations/westus2/operations/d11ebde5-f63c-42f8-a0c4-6178e566668a?api-version=2021-02-01",
      "RequestMethod": "GET",
      "RequestHeaders": {
        "Authorization": "Sanitized",
        "User-Agent": [
          "azsdk-net-ResourceManager/1.0.0-beta.3",
          "(.NET Core 3.1.19; Microsoft Windows 10.0.19043)"
        ],
        "x-ms-client-request-id": "610c58ae776416ca2b99b15324ff19db",
        "x-ms-return-client-request-id": "true"
      },
      "RequestBody": null,
      "StatusCode": 200,
      "ResponseHeaders": {
        "Cache-Control": "no-cache",
        "Content-Length": "30",
        "Content-Type": "application/json; charset=utf-8",
        "Date": "Fri, 08 Oct 2021 02:37:33 GMT",
        "Expires": "-1",
        "Pragma": "no-cache",
        "Retry-After": "80",
        "Server": [
          "Microsoft-HTTPAPI/2.0",
          "Microsoft-HTTPAPI/2.0"
        ],
        "Strict-Transport-Security": "max-age=31536000; includeSubDomains",
        "X-Content-Type-Options": "nosniff",
        "x-ms-arm-service-request-id": "e7620e55-5cf1-4ba7-a5d8-6aafd744d174",
        "x-ms-client-request-id": "610c58ae776416ca2b99b15324ff19db",
        "x-ms-correlation-request-id": "bff57b92-ec81-4e3b-ac1f-ac4496b02ce0",
        "x-ms-ratelimit-remaining-subscription-reads": "11906",
        "x-ms-request-id": "f025a4a0-bbef-4cfd-81f7-9af75ed3e64d",
        "x-ms-routing-request-id": "SOUTHEASTASIA:20211008T023733Z:bff57b92-ec81-4e3b-ac1f-ac4496b02ce0"
      },
      "ResponseBody": [
        "{\r\n",
        "  \u0022status\u0022: \u0022InProgress\u0022\r\n",
        "}"
      ]
    },
    {
      "RequestUri": "https://management.azure.com/subscriptions/db1ab6f0-4769-4b27-930e-01e2ef9c123c/providers/Microsoft.Network/locations/westus2/operations/d11ebde5-f63c-42f8-a0c4-6178e566668a?api-version=2021-02-01",
      "RequestMethod": "GET",
      "RequestHeaders": {
        "Authorization": "Sanitized",
        "User-Agent": [
          "azsdk-net-ResourceManager/1.0.0-beta.3",
          "(.NET Core 3.1.19; Microsoft Windows 10.0.19043)"
        ],
        "x-ms-client-request-id": "5052c3c2709077cdbda5467e05b49f88",
        "x-ms-return-client-request-id": "true"
      },
      "RequestBody": null,
      "StatusCode": 200,
      "ResponseHeaders": {
        "Cache-Control": "no-cache",
        "Content-Length": "30",
        "Content-Type": "application/json; charset=utf-8",
        "Date": "Fri, 08 Oct 2021 02:37:34 GMT",
        "Expires": "-1",
        "Pragma": "no-cache",
        "Retry-After": "160",
        "Server": [
          "Microsoft-HTTPAPI/2.0",
          "Microsoft-HTTPAPI/2.0"
        ],
        "Strict-Transport-Security": "max-age=31536000; includeSubDomains",
        "X-Content-Type-Options": "nosniff",
        "x-ms-arm-service-request-id": "bca6ca5a-24b6-4eb4-9347-bcd4c94dd8fb",
        "x-ms-client-request-id": "5052c3c2709077cdbda5467e05b49f88",
        "x-ms-correlation-request-id": "6e8c8761-ba47-42e1-bccd-63c9c07cdf2f",
        "x-ms-ratelimit-remaining-subscription-reads": "11905",
        "x-ms-request-id": "c390cdc3-0da6-4745-9ddc-83e889f89a77",
        "x-ms-routing-request-id": "SOUTHEASTASIA:20211008T023734Z:6e8c8761-ba47-42e1-bccd-63c9c07cdf2f"
      },
      "ResponseBody": [
        "{\r\n",
        "  \u0022status\u0022: \u0022InProgress\u0022\r\n",
        "}"
      ]
    },
    {
      "RequestUri": "https://management.azure.com/subscriptions/db1ab6f0-4769-4b27-930e-01e2ef9c123c/providers/Microsoft.Network/locations/westus2/operations/d11ebde5-f63c-42f8-a0c4-6178e566668a?api-version=2021-02-01",
      "RequestMethod": "GET",
      "RequestHeaders": {
        "Authorization": "Sanitized",
        "User-Agent": [
          "azsdk-net-ResourceManager/1.0.0-beta.3",
          "(.NET Core 3.1.19; Microsoft Windows 10.0.19043)"
        ],
        "x-ms-client-request-id": "9b3a388e823189d18b481732cc50fe5b",
        "x-ms-return-client-request-id": "true"
      },
      "RequestBody": null,
      "StatusCode": 200,
      "ResponseHeaders": {
        "Cache-Control": "no-cache",
        "Content-Length": "30",
        "Content-Type": "application/json; charset=utf-8",
        "Date": "Fri, 08 Oct 2021 02:37:35 GMT",
        "Expires": "-1",
        "Pragma": "no-cache",
        "Retry-After": "160",
        "Server": [
          "Microsoft-HTTPAPI/2.0",
          "Microsoft-HTTPAPI/2.0"
        ],
        "Strict-Transport-Security": "max-age=31536000; includeSubDomains",
        "X-Content-Type-Options": "nosniff",
        "x-ms-arm-service-request-id": "7e259122-48f4-401d-908f-0aa65309b4ed",
        "x-ms-client-request-id": "9b3a388e823189d18b481732cc50fe5b",
        "x-ms-correlation-request-id": "77f27244-0d02-4944-ac32-ba61c2246eac",
        "x-ms-ratelimit-remaining-subscription-reads": "11904",
        "x-ms-request-id": "e994e9c6-30de-467f-8bd1-729451fe03f0",
        "x-ms-routing-request-id": "SOUTHEASTASIA:20211008T023736Z:77f27244-0d02-4944-ac32-ba61c2246eac"
      },
      "ResponseBody": [
        "{\r\n",
        "  \u0022status\u0022: \u0022InProgress\u0022\r\n",
        "}"
      ]
    },
    {
      "RequestUri": "https://management.azure.com/subscriptions/db1ab6f0-4769-4b27-930e-01e2ef9c123c/providers/Microsoft.Network/locations/westus2/operations/d11ebde5-f63c-42f8-a0c4-6178e566668a?api-version=2021-02-01",
      "RequestMethod": "GET",
      "RequestHeaders": {
        "Authorization": "Sanitized",
        "User-Agent": [
          "azsdk-net-ResourceManager/1.0.0-beta.3",
          "(.NET Core 3.1.19; Microsoft Windows 10.0.19043)"
        ],
        "x-ms-client-request-id": "b0b9ff54dd053d538b95a4be304c1076",
        "x-ms-return-client-request-id": "true"
      },
      "RequestBody": null,
      "StatusCode": 200,
      "ResponseHeaders": {
        "Cache-Control": "no-cache",
        "Content-Length": "30",
        "Content-Type": "application/json; charset=utf-8",
        "Date": "Fri, 08 Oct 2021 02:37:37 GMT",
        "Expires": "-1",
        "Pragma": "no-cache",
        "Retry-After": "100",
        "Server": [
          "Microsoft-HTTPAPI/2.0",
          "Microsoft-HTTPAPI/2.0"
        ],
        "Strict-Transport-Security": "max-age=31536000; includeSubDomains",
        "X-Content-Type-Options": "nosniff",
        "x-ms-arm-service-request-id": "44543eda-8e25-4f96-9827-ffcd9512536f",
        "x-ms-client-request-id": "b0b9ff54dd053d538b95a4be304c1076",
        "x-ms-correlation-request-id": "0094f410-6b69-48bf-8c2a-75c39913c392",
        "x-ms-ratelimit-remaining-subscription-reads": "11903",
        "x-ms-request-id": "f1cb5d3e-68ea-4d5c-8e12-cdc059870788",
        "x-ms-routing-request-id": "SOUTHEASTASIA:20211008T023737Z:0094f410-6b69-48bf-8c2a-75c39913c392"
      },
      "ResponseBody": [
        "{\r\n",
        "  \u0022status\u0022: \u0022InProgress\u0022\r\n",
        "}"
      ]
    },
    {
      "RequestUri": "https://management.azure.com/subscriptions/db1ab6f0-4769-4b27-930e-01e2ef9c123c/providers/Microsoft.Network/locations/westus2/operations/d11ebde5-f63c-42f8-a0c4-6178e566668a?api-version=2021-02-01",
      "RequestMethod": "GET",
      "RequestHeaders": {
        "Authorization": "Sanitized",
        "User-Agent": [
          "azsdk-net-ResourceManager/1.0.0-beta.3",
          "(.NET Core 3.1.19; Microsoft Windows 10.0.19043)"
        ],
        "x-ms-client-request-id": "ebc428f97dc43faaf2c8c547599aaa6c",
        "x-ms-return-client-request-id": "true"
      },
      "RequestBody": null,
      "StatusCode": 200,
      "ResponseHeaders": {
        "Cache-Control": "no-cache",
        "Content-Length": "30",
        "Content-Type": "application/json; charset=utf-8",
        "Date": "Fri, 08 Oct 2021 02:37:38 GMT",
        "Expires": "-1",
        "Pragma": "no-cache",
        "Retry-After": "100",
        "Server": [
          "Microsoft-HTTPAPI/2.0",
          "Microsoft-HTTPAPI/2.0"
        ],
        "Strict-Transport-Security": "max-age=31536000; includeSubDomains",
        "X-Content-Type-Options": "nosniff",
        "x-ms-arm-service-request-id": "d15834d1-e724-4fb1-8c72-90d1a165a653",
        "x-ms-client-request-id": "ebc428f97dc43faaf2c8c547599aaa6c",
        "x-ms-correlation-request-id": "6fb792eb-9a4c-478f-900d-691a77cc7267",
        "x-ms-ratelimit-remaining-subscription-reads": "11902",
        "x-ms-request-id": "9d3b9c0c-b62f-409c-9033-abd6ec80b054",
        "x-ms-routing-request-id": "SOUTHEASTASIA:20211008T023738Z:6fb792eb-9a4c-478f-900d-691a77cc7267"
      },
      "ResponseBody": [
        "{\r\n",
        "  \u0022status\u0022: \u0022InProgress\u0022\r\n",
        "}"
      ]
    },
    {
      "RequestUri": "https://management.azure.com/subscriptions/db1ab6f0-4769-4b27-930e-01e2ef9c123c/providers/Microsoft.Network/locations/westus2/operations/d11ebde5-f63c-42f8-a0c4-6178e566668a?api-version=2021-02-01",
      "RequestMethod": "GET",
      "RequestHeaders": {
        "Authorization": "Sanitized",
        "User-Agent": [
          "azsdk-net-ResourceManager/1.0.0-beta.3",
          "(.NET Core 3.1.19; Microsoft Windows 10.0.19043)"
        ],
        "x-ms-client-request-id": "0529eaa7effab183e4fd0f9bde12583f",
        "x-ms-return-client-request-id": "true"
      },
      "RequestBody": null,
      "StatusCode": 200,
      "ResponseHeaders": {
        "Cache-Control": "no-cache",
        "Content-Length": "30",
        "Content-Type": "application/json; charset=utf-8",
        "Date": "Fri, 08 Oct 2021 02:37:39 GMT",
        "Expires": "-1",
        "Pragma": "no-cache",
        "Retry-After": "100",
        "Server": [
          "Microsoft-HTTPAPI/2.0",
          "Microsoft-HTTPAPI/2.0"
        ],
        "Strict-Transport-Security": "max-age=31536000; includeSubDomains",
        "X-Content-Type-Options": "nosniff",
        "x-ms-arm-service-request-id": "a5dc8597-15ff-496c-9970-8b934d54e46c",
        "x-ms-client-request-id": "0529eaa7effab183e4fd0f9bde12583f",
        "x-ms-correlation-request-id": "4c834f90-3201-4ae1-a861-0a4b019e20b2",
        "x-ms-ratelimit-remaining-subscription-reads": "11901",
        "x-ms-request-id": "4cdbb9d1-a753-4974-ab68-9b8aef5c1a72",
        "x-ms-routing-request-id": "SOUTHEASTASIA:20211008T023740Z:4c834f90-3201-4ae1-a861-0a4b019e20b2"
      },
      "ResponseBody": [
        "{\r\n",
        "  \u0022status\u0022: \u0022InProgress\u0022\r\n",
        "}"
      ]
    },
    {
      "RequestUri": "https://management.azure.com/subscriptions/db1ab6f0-4769-4b27-930e-01e2ef9c123c/providers/Microsoft.Network/locations/westus2/operations/d11ebde5-f63c-42f8-a0c4-6178e566668a?api-version=2021-02-01",
      "RequestMethod": "GET",
      "RequestHeaders": {
        "Authorization": "Sanitized",
        "User-Agent": [
          "azsdk-net-ResourceManager/1.0.0-beta.3",
          "(.NET Core 3.1.19; Microsoft Windows 10.0.19043)"
        ],
        "x-ms-client-request-id": "a339a038128cd6965579bd3c180ce4f0",
        "x-ms-return-client-request-id": "true"
      },
      "RequestBody": null,
      "StatusCode": 200,
      "ResponseHeaders": {
        "Cache-Control": "no-cache",
        "Content-Length": "30",
        "Content-Type": "application/json; charset=utf-8",
        "Date": "Fri, 08 Oct 2021 02:37:41 GMT",
        "Expires": "-1",
        "Pragma": "no-cache",
        "Retry-After": "100",
        "Server": [
          "Microsoft-HTTPAPI/2.0",
          "Microsoft-HTTPAPI/2.0"
        ],
        "Strict-Transport-Security": "max-age=31536000; includeSubDomains",
        "X-Content-Type-Options": "nosniff",
        "x-ms-arm-service-request-id": "de2ffe7f-f429-4411-9689-ef396b0f162a",
        "x-ms-client-request-id": "a339a038128cd6965579bd3c180ce4f0",
        "x-ms-correlation-request-id": "797aa1f0-806e-4666-b4fa-007eee3c601f",
        "x-ms-ratelimit-remaining-subscription-reads": "11900",
        "x-ms-request-id": "c909fecd-334c-4cf8-8876-189b8e1a285b",
        "x-ms-routing-request-id": "SOUTHEASTASIA:20211008T023741Z:797aa1f0-806e-4666-b4fa-007eee3c601f"
      },
      "ResponseBody": [
        "{\r\n",
        "  \u0022status\u0022: \u0022InProgress\u0022\r\n",
        "}"
      ]
    },
    {
      "RequestUri": "https://management.azure.com/subscriptions/db1ab6f0-4769-4b27-930e-01e2ef9c123c/providers/Microsoft.Network/locations/westus2/operations/d11ebde5-f63c-42f8-a0c4-6178e566668a?api-version=2021-02-01",
      "RequestMethod": "GET",
      "RequestHeaders": {
        "Authorization": "Sanitized",
        "User-Agent": [
          "azsdk-net-ResourceManager/1.0.0-beta.3",
          "(.NET Core 3.1.19; Microsoft Windows 10.0.19043)"
        ],
        "x-ms-client-request-id": "451737ea0a22097ca51307c76d0e61df",
        "x-ms-return-client-request-id": "true"
      },
      "RequestBody": null,
      "StatusCode": 200,
      "ResponseHeaders": {
        "Cache-Control": "no-cache",
        "Content-Length": "30",
        "Content-Type": "application/json; charset=utf-8",
        "Date": "Fri, 08 Oct 2021 02:37:42 GMT",
        "Expires": "-1",
        "Pragma": "no-cache",
        "Retry-After": "100",
        "Server": [
          "Microsoft-HTTPAPI/2.0",
          "Microsoft-HTTPAPI/2.0"
        ],
        "Strict-Transport-Security": "max-age=31536000; includeSubDomains",
        "X-Content-Type-Options": "nosniff",
        "x-ms-arm-service-request-id": "85dbcae1-0808-4ba0-a28e-d570a9536be4",
        "x-ms-client-request-id": "451737ea0a22097ca51307c76d0e61df",
        "x-ms-correlation-request-id": "039ee0fc-e47b-41a3-91ca-c575e3d6cd9c",
        "x-ms-ratelimit-remaining-subscription-reads": "11899",
        "x-ms-request-id": "b60d45aa-c580-466f-92f0-efa98852a885",
        "x-ms-routing-request-id": "SOUTHEASTASIA:20211008T023742Z:039ee0fc-e47b-41a3-91ca-c575e3d6cd9c"
      },
      "ResponseBody": [
        "{\r\n",
        "  \u0022status\u0022: \u0022InProgress\u0022\r\n",
        "}"
      ]
    },
    {
      "RequestUri": "https://management.azure.com/subscriptions/db1ab6f0-4769-4b27-930e-01e2ef9c123c/providers/Microsoft.Network/locations/westus2/operations/d11ebde5-f63c-42f8-a0c4-6178e566668a?api-version=2021-02-01",
      "RequestMethod": "GET",
      "RequestHeaders": {
        "Authorization": "Sanitized",
        "User-Agent": [
          "azsdk-net-ResourceManager/1.0.0-beta.3",
          "(.NET Core 3.1.19; Microsoft Windows 10.0.19043)"
        ],
        "x-ms-client-request-id": "b80f8670066194e05353b080324698d8",
        "x-ms-return-client-request-id": "true"
      },
      "RequestBody": null,
      "StatusCode": 200,
      "ResponseHeaders": {
        "Cache-Control": "no-cache",
        "Content-Length": "30",
        "Content-Type": "application/json; charset=utf-8",
        "Date": "Fri, 08 Oct 2021 02:37:43 GMT",
        "Expires": "-1",
        "Pragma": "no-cache",
        "Retry-After": "100",
        "Server": [
          "Microsoft-HTTPAPI/2.0",
          "Microsoft-HTTPAPI/2.0"
        ],
        "Strict-Transport-Security": "max-age=31536000; includeSubDomains",
        "X-Content-Type-Options": "nosniff",
        "x-ms-arm-service-request-id": "35824561-15c9-4928-80c1-5449ed3062dd",
        "x-ms-client-request-id": "b80f8670066194e05353b080324698d8",
        "x-ms-correlation-request-id": "41eb0e8a-0717-48df-bdf0-e1489dfe4165",
        "x-ms-ratelimit-remaining-subscription-reads": "11898",
        "x-ms-request-id": "7daea5c5-f812-4549-a12c-e42be8376e31",
        "x-ms-routing-request-id": "SOUTHEASTASIA:20211008T023744Z:41eb0e8a-0717-48df-bdf0-e1489dfe4165"
      },
      "ResponseBody": [
        "{\r\n",
        "  \u0022status\u0022: \u0022InProgress\u0022\r\n",
        "}"
      ]
    },
    {
      "RequestUri": "https://management.azure.com/subscriptions/db1ab6f0-4769-4b27-930e-01e2ef9c123c/providers/Microsoft.Network/locations/westus2/operations/d11ebde5-f63c-42f8-a0c4-6178e566668a?api-version=2021-02-01",
      "RequestMethod": "GET",
      "RequestHeaders": {
        "Authorization": "Sanitized",
        "User-Agent": [
          "azsdk-net-ResourceManager/1.0.0-beta.3",
          "(.NET Core 3.1.19; Microsoft Windows 10.0.19043)"
        ],
        "x-ms-client-request-id": "a6b01f1912fb2d1c242ffe780bcf6846",
        "x-ms-return-client-request-id": "true"
      },
      "RequestBody": null,
      "StatusCode": 200,
      "ResponseHeaders": {
        "Cache-Control": "no-cache",
        "Content-Length": "30",
        "Content-Type": "application/json; charset=utf-8",
        "Date": "Fri, 08 Oct 2021 02:37:45 GMT",
        "Expires": "-1",
        "Pragma": "no-cache",
        "Retry-After": "100",
        "Server": [
          "Microsoft-HTTPAPI/2.0",
          "Microsoft-HTTPAPI/2.0"
        ],
        "Strict-Transport-Security": "max-age=31536000; includeSubDomains",
        "X-Content-Type-Options": "nosniff",
        "x-ms-arm-service-request-id": "5c5864a6-d50f-4763-a6bb-81906b45a6ce",
        "x-ms-client-request-id": "a6b01f1912fb2d1c242ffe780bcf6846",
        "x-ms-correlation-request-id": "5c9df01c-380b-4f42-91bf-1e3532be6722",
        "x-ms-ratelimit-remaining-subscription-reads": "11897",
        "x-ms-request-id": "b028c21a-367e-4f0b-be1c-5e84eb108b6a",
        "x-ms-routing-request-id": "SOUTHEASTASIA:20211008T023745Z:5c9df01c-380b-4f42-91bf-1e3532be6722"
      },
      "ResponseBody": [
        "{\r\n",
        "  \u0022status\u0022: \u0022InProgress\u0022\r\n",
        "}"
      ]
    },
    {
      "RequestUri": "https://management.azure.com/subscriptions/db1ab6f0-4769-4b27-930e-01e2ef9c123c/providers/Microsoft.Network/locations/westus2/operations/d11ebde5-f63c-42f8-a0c4-6178e566668a?api-version=2021-02-01",
      "RequestMethod": "GET",
      "RequestHeaders": {
        "Authorization": "Sanitized",
        "User-Agent": [
          "azsdk-net-ResourceManager/1.0.0-beta.3",
          "(.NET Core 3.1.19; Microsoft Windows 10.0.19043)"
        ],
        "x-ms-client-request-id": "92ccdd182bfce38f5782f1ce5afbd75f",
        "x-ms-return-client-request-id": "true"
      },
      "RequestBody": null,
      "StatusCode": 200,
      "ResponseHeaders": {
        "Cache-Control": "no-cache",
        "Content-Length": "30",
        "Content-Type": "application/json; charset=utf-8",
        "Date": "Fri, 08 Oct 2021 02:37:46 GMT",
        "Expires": "-1",
        "Pragma": "no-cache",
        "Retry-After": "100",
        "Server": [
          "Microsoft-HTTPAPI/2.0",
          "Microsoft-HTTPAPI/2.0"
        ],
        "Strict-Transport-Security": "max-age=31536000; includeSubDomains",
        "X-Content-Type-Options": "nosniff",
        "x-ms-arm-service-request-id": "543e77a6-3b73-4692-8791-3e30d991032f",
        "x-ms-client-request-id": "92ccdd182bfce38f5782f1ce5afbd75f",
        "x-ms-correlation-request-id": "8124e274-9563-40af-9161-3c13cb8022ca",
        "x-ms-ratelimit-remaining-subscription-reads": "11896",
        "x-ms-request-id": "df9e42e0-a53d-4110-b554-737af364b0aa",
        "x-ms-routing-request-id": "SOUTHEASTASIA:20211008T023746Z:8124e274-9563-40af-9161-3c13cb8022ca"
      },
      "ResponseBody": [
        "{\r\n",
        "  \u0022status\u0022: \u0022InProgress\u0022\r\n",
        "}"
      ]
    },
    {
      "RequestUri": "https://management.azure.com/subscriptions/db1ab6f0-4769-4b27-930e-01e2ef9c123c/providers/Microsoft.Network/locations/westus2/operations/d11ebde5-f63c-42f8-a0c4-6178e566668a?api-version=2021-02-01",
      "RequestMethod": "GET",
      "RequestHeaders": {
        "Authorization": "Sanitized",
        "User-Agent": [
          "azsdk-net-ResourceManager/1.0.0-beta.3",
          "(.NET Core 3.1.19; Microsoft Windows 10.0.19043)"
        ],
        "x-ms-client-request-id": "4eae2e7bba5d5de469e2943208678984",
        "x-ms-return-client-request-id": "true"
      },
      "RequestBody": null,
      "StatusCode": 200,
      "ResponseHeaders": {
        "Cache-Control": "no-cache",
        "Content-Length": "30",
        "Content-Type": "application/json; charset=utf-8",
        "Date": "Fri, 08 Oct 2021 02:37:47 GMT",
        "Expires": "-1",
        "Pragma": "no-cache",
        "Retry-After": "100",
        "Server": [
          "Microsoft-HTTPAPI/2.0",
          "Microsoft-HTTPAPI/2.0"
        ],
        "Strict-Transport-Security": "max-age=31536000; includeSubDomains",
        "X-Content-Type-Options": "nosniff",
        "x-ms-arm-service-request-id": "a2861331-54a9-4ebd-90ef-e60b5f320cd2",
        "x-ms-client-request-id": "4eae2e7bba5d5de469e2943208678984",
        "x-ms-correlation-request-id": "1bf07a0a-ede8-4422-8b19-1e9570c46057",
        "x-ms-ratelimit-remaining-subscription-reads": "11895",
        "x-ms-request-id": "c78ce569-64b7-41aa-853e-a692cd9c7290",
        "x-ms-routing-request-id": "SOUTHEASTASIA:20211008T023747Z:1bf07a0a-ede8-4422-8b19-1e9570c46057"
      },
      "ResponseBody": [
        "{\r\n",
        "  \u0022status\u0022: \u0022InProgress\u0022\r\n",
        "}"
      ]
    },
    {
      "RequestUri": "https://management.azure.com/subscriptions/db1ab6f0-4769-4b27-930e-01e2ef9c123c/providers/Microsoft.Network/locations/westus2/operations/d11ebde5-f63c-42f8-a0c4-6178e566668a?api-version=2021-02-01",
      "RequestMethod": "GET",
      "RequestHeaders": {
        "Authorization": "Sanitized",
        "User-Agent": [
          "azsdk-net-ResourceManager/1.0.0-beta.3",
          "(.NET Core 3.1.19; Microsoft Windows 10.0.19043)"
        ],
        "x-ms-client-request-id": "546869ea0579eedb90cd4f78204dd329",
        "x-ms-return-client-request-id": "true"
      },
      "RequestBody": null,
      "StatusCode": 200,
      "ResponseHeaders": {
        "Cache-Control": "no-cache",
        "Content-Length": "30",
        "Content-Type": "application/json; charset=utf-8",
        "Date": "Fri, 08 Oct 2021 02:37:48 GMT",
        "Expires": "-1",
        "Pragma": "no-cache",
        "Retry-After": "100",
        "Server": [
          "Microsoft-HTTPAPI/2.0",
          "Microsoft-HTTPAPI/2.0"
        ],
        "Strict-Transport-Security": "max-age=31536000; includeSubDomains",
        "X-Content-Type-Options": "nosniff",
        "x-ms-arm-service-request-id": "6b81a8eb-d7d0-4546-8726-d488c8711e7f",
        "x-ms-client-request-id": "546869ea0579eedb90cd4f78204dd329",
        "x-ms-correlation-request-id": "76dc562a-1c61-4ce4-a36e-11bbf29408b3",
        "x-ms-ratelimit-remaining-subscription-reads": "11894",
        "x-ms-request-id": "fdca7e0c-532f-4852-9ee1-d16b0d2fd124",
        "x-ms-routing-request-id": "SOUTHEASTASIA:20211008T023749Z:76dc562a-1c61-4ce4-a36e-11bbf29408b3"
      },
      "ResponseBody": [
        "{\r\n",
        "  \u0022status\u0022: \u0022InProgress\u0022\r\n",
        "}"
      ]
    },
    {
      "RequestUri": "https://management.azure.com/subscriptions/db1ab6f0-4769-4b27-930e-01e2ef9c123c/providers/Microsoft.Network/locations/westus2/operations/d11ebde5-f63c-42f8-a0c4-6178e566668a?api-version=2021-02-01",
      "RequestMethod": "GET",
      "RequestHeaders": {
        "Authorization": "Sanitized",
        "User-Agent": [
          "azsdk-net-ResourceManager/1.0.0-beta.3",
          "(.NET Core 3.1.19; Microsoft Windows 10.0.19043)"
        ],
        "x-ms-client-request-id": "dcfd9f5719205ee9f96e291a965cdbf0",
        "x-ms-return-client-request-id": "true"
      },
      "RequestBody": null,
      "StatusCode": 200,
      "ResponseHeaders": {
        "Cache-Control": "no-cache",
        "Content-Length": "30",
        "Content-Type": "application/json; charset=utf-8",
        "Date": "Fri, 08 Oct 2021 02:37:50 GMT",
        "Expires": "-1",
        "Pragma": "no-cache",
        "Retry-After": "100",
        "Server": [
          "Microsoft-HTTPAPI/2.0",
          "Microsoft-HTTPAPI/2.0"
        ],
        "Strict-Transport-Security": "max-age=31536000; includeSubDomains",
        "X-Content-Type-Options": "nosniff",
        "x-ms-arm-service-request-id": "e07099bd-c814-4860-9b8a-3af4e06d02e3",
        "x-ms-client-request-id": "dcfd9f5719205ee9f96e291a965cdbf0",
        "x-ms-correlation-request-id": "bdae462d-b274-4b80-9134-a3f7937bd725",
        "x-ms-ratelimit-remaining-subscription-reads": "11893",
        "x-ms-request-id": "c6ea7b7c-9f72-4a38-99d4-93389e7feecb",
        "x-ms-routing-request-id": "SOUTHEASTASIA:20211008T023750Z:bdae462d-b274-4b80-9134-a3f7937bd725"
      },
      "ResponseBody": [
        "{\r\n",
        "  \u0022status\u0022: \u0022InProgress\u0022\r\n",
        "}"
      ]
    },
    {
      "RequestUri": "https://management.azure.com/subscriptions/db1ab6f0-4769-4b27-930e-01e2ef9c123c/providers/Microsoft.Network/locations/westus2/operations/d11ebde5-f63c-42f8-a0c4-6178e566668a?api-version=2021-02-01",
      "RequestMethod": "GET",
      "RequestHeaders": {
        "Authorization": "Sanitized",
        "User-Agent": [
          "azsdk-net-ResourceManager/1.0.0-beta.3",
          "(.NET Core 3.1.19; Microsoft Windows 10.0.19043)"
        ],
        "x-ms-client-request-id": "f0e46df9839375e552c0be906a6b3c1b",
        "x-ms-return-client-request-id": "true"
      },
      "RequestBody": null,
      "StatusCode": 200,
      "ResponseHeaders": {
        "Cache-Control": "no-cache",
        "Content-Length": "30",
        "Content-Type": "application/json; charset=utf-8",
        "Date": "Fri, 08 Oct 2021 02:37:51 GMT",
        "Expires": "-1",
        "Pragma": "no-cache",
        "Retry-After": "100",
        "Server": [
          "Microsoft-HTTPAPI/2.0",
          "Microsoft-HTTPAPI/2.0"
        ],
        "Strict-Transport-Security": "max-age=31536000; includeSubDomains",
        "X-Content-Type-Options": "nosniff",
        "x-ms-arm-service-request-id": "ad1608f1-16e5-4186-a68a-12520c5dd372",
        "x-ms-client-request-id": "f0e46df9839375e552c0be906a6b3c1b",
        "x-ms-correlation-request-id": "e0fffc38-cdfd-42b2-a93c-551c9bd4e382",
        "x-ms-ratelimit-remaining-subscription-reads": "11892",
        "x-ms-request-id": "6fa942cc-7f66-4249-a399-ad1bbc42172b",
        "x-ms-routing-request-id": "SOUTHEASTASIA:20211008T023751Z:e0fffc38-cdfd-42b2-a93c-551c9bd4e382"
      },
      "ResponseBody": [
        "{\r\n",
        "  \u0022status\u0022: \u0022InProgress\u0022\r\n",
        "}"
      ]
    },
    {
      "RequestUri": "https://management.azure.com/subscriptions/db1ab6f0-4769-4b27-930e-01e2ef9c123c/providers/Microsoft.Network/locations/westus2/operations/d11ebde5-f63c-42f8-a0c4-6178e566668a?api-version=2021-02-01",
      "RequestMethod": "GET",
      "RequestHeaders": {
        "Authorization": "Sanitized",
        "User-Agent": [
          "azsdk-net-ResourceManager/1.0.0-beta.3",
          "(.NET Core 3.1.19; Microsoft Windows 10.0.19043)"
        ],
        "x-ms-client-request-id": "68da6a0eac69d06380095a0bdcc15733",
        "x-ms-return-client-request-id": "true"
      },
      "RequestBody": null,
      "StatusCode": 200,
      "ResponseHeaders": {
        "Cache-Control": "no-cache",
        "Content-Length": "30",
        "Content-Type": "application/json; charset=utf-8",
        "Date": "Fri, 08 Oct 2021 02:37:52 GMT",
        "Expires": "-1",
        "Pragma": "no-cache",
        "Retry-After": "100",
        "Server": [
          "Microsoft-HTTPAPI/2.0",
          "Microsoft-HTTPAPI/2.0"
        ],
        "Strict-Transport-Security": "max-age=31536000; includeSubDomains",
        "X-Content-Type-Options": "nosniff",
        "x-ms-arm-service-request-id": "76cf3cfe-a682-4dff-827b-e48e8dae8568",
        "x-ms-client-request-id": "68da6a0eac69d06380095a0bdcc15733",
        "x-ms-correlation-request-id": "27a87dea-9757-4c53-86b7-03adf4d513d0",
        "x-ms-ratelimit-remaining-subscription-reads": "11891",
        "x-ms-request-id": "f88b0f2d-175c-4ad6-b07d-cd345ca56bfa",
        "x-ms-routing-request-id": "SOUTHEASTASIA:20211008T023752Z:27a87dea-9757-4c53-86b7-03adf4d513d0"
      },
      "ResponseBody": [
        "{\r\n",
        "  \u0022status\u0022: \u0022InProgress\u0022\r\n",
        "}"
      ]
    },
    {
      "RequestUri": "https://management.azure.com/subscriptions/db1ab6f0-4769-4b27-930e-01e2ef9c123c/providers/Microsoft.Network/locations/westus2/operations/d11ebde5-f63c-42f8-a0c4-6178e566668a?api-version=2021-02-01",
      "RequestMethod": "GET",
      "RequestHeaders": {
        "Authorization": "Sanitized",
        "User-Agent": [
          "azsdk-net-ResourceManager/1.0.0-beta.3",
          "(.NET Core 3.1.19; Microsoft Windows 10.0.19043)"
        ],
        "x-ms-client-request-id": "b37e5ff1e369d496ba8889605b59f48d",
        "x-ms-return-client-request-id": "true"
      },
      "RequestBody": null,
      "StatusCode": 200,
      "ResponseHeaders": {
        "Cache-Control": "no-cache",
        "Content-Length": "30",
        "Content-Type": "application/json; charset=utf-8",
        "Date": "Fri, 08 Oct 2021 02:37:53 GMT",
        "Expires": "-1",
        "Pragma": "no-cache",
        "Retry-After": "100",
        "Server": [
          "Microsoft-HTTPAPI/2.0",
          "Microsoft-HTTPAPI/2.0"
        ],
        "Strict-Transport-Security": "max-age=31536000; includeSubDomains",
        "X-Content-Type-Options": "nosniff",
        "x-ms-arm-service-request-id": "dd370a02-9a00-40bb-93dc-29a2ad404a80",
        "x-ms-client-request-id": "b37e5ff1e369d496ba8889605b59f48d",
        "x-ms-correlation-request-id": "76f393b9-ed8c-4723-b774-cbf30bc05920",
        "x-ms-ratelimit-remaining-subscription-reads": "11890",
        "x-ms-request-id": "bf97eda6-2eaa-41bb-9bf7-5d1ef0fc6c1f",
        "x-ms-routing-request-id": "SOUTHEASTASIA:20211008T023754Z:76f393b9-ed8c-4723-b774-cbf30bc05920"
      },
      "ResponseBody": [
        "{\r\n",
        "  \u0022status\u0022: \u0022InProgress\u0022\r\n",
        "}"
      ]
    },
    {
      "RequestUri": "https://management.azure.com/subscriptions/db1ab6f0-4769-4b27-930e-01e2ef9c123c/providers/Microsoft.Network/locations/westus2/operations/d11ebde5-f63c-42f8-a0c4-6178e566668a?api-version=2021-02-01",
      "RequestMethod": "GET",
      "RequestHeaders": {
        "Authorization": "Sanitized",
        "User-Agent": [
          "azsdk-net-ResourceManager/1.0.0-beta.3",
          "(.NET Core 3.1.19; Microsoft Windows 10.0.19043)"
        ],
        "x-ms-client-request-id": "2b0b0e3172824d8609136f8928da9991",
        "x-ms-return-client-request-id": "true"
      },
      "RequestBody": null,
      "StatusCode": 200,
      "ResponseHeaders": {
        "Cache-Control": "no-cache",
        "Content-Length": "30",
        "Content-Type": "application/json; charset=utf-8",
        "Date": "Fri, 08 Oct 2021 02:37:55 GMT",
        "Expires": "-1",
        "Pragma": "no-cache",
        "Retry-After": "100",
        "Server": [
          "Microsoft-HTTPAPI/2.0",
          "Microsoft-HTTPAPI/2.0"
        ],
        "Strict-Transport-Security": "max-age=31536000; includeSubDomains",
        "X-Content-Type-Options": "nosniff",
        "x-ms-arm-service-request-id": "276d23ba-f6da-4d77-ad6f-15ee38428f42",
        "x-ms-client-request-id": "2b0b0e3172824d8609136f8928da9991",
        "x-ms-correlation-request-id": "c43b4c69-9b2b-495a-8f14-f7e8d1a73c0a",
        "x-ms-ratelimit-remaining-subscription-reads": "11889",
        "x-ms-request-id": "f5b2223b-1a48-4347-9c22-250e1881c133",
        "x-ms-routing-request-id": "SOUTHEASTASIA:20211008T023755Z:c43b4c69-9b2b-495a-8f14-f7e8d1a73c0a"
      },
      "ResponseBody": [
        "{\r\n",
        "  \u0022status\u0022: \u0022InProgress\u0022\r\n",
        "}"
      ]
    },
    {
      "RequestUri": "https://management.azure.com/subscriptions/db1ab6f0-4769-4b27-930e-01e2ef9c123c/providers/Microsoft.Network/locations/westus2/operations/d11ebde5-f63c-42f8-a0c4-6178e566668a?api-version=2021-02-01",
      "RequestMethod": "GET",
      "RequestHeaders": {
        "Authorization": "Sanitized",
        "User-Agent": [
          "azsdk-net-ResourceManager/1.0.0-beta.3",
          "(.NET Core 3.1.19; Microsoft Windows 10.0.19043)"
        ],
        "x-ms-client-request-id": "0b9e8b6989ec2bb1d406aee122037527",
        "x-ms-return-client-request-id": "true"
      },
      "RequestBody": null,
      "StatusCode": 200,
      "ResponseHeaders": {
        "Cache-Control": "no-cache",
        "Content-Length": "30",
        "Content-Type": "application/json; charset=utf-8",
        "Date": "Fri, 08 Oct 2021 02:37:56 GMT",
        "Expires": "-1",
        "Pragma": "no-cache",
        "Retry-After": "100",
        "Server": [
          "Microsoft-HTTPAPI/2.0",
          "Microsoft-HTTPAPI/2.0"
        ],
        "Strict-Transport-Security": "max-age=31536000; includeSubDomains",
        "X-Content-Type-Options": "nosniff",
        "x-ms-arm-service-request-id": "71ba9be6-6058-49c5-808e-fb1e5372c23c",
        "x-ms-client-request-id": "0b9e8b6989ec2bb1d406aee122037527",
        "x-ms-correlation-request-id": "46f32a73-95ee-43b2-9e8c-8d5079091a18",
        "x-ms-ratelimit-remaining-subscription-reads": "11888",
        "x-ms-request-id": "08938c76-e080-4176-bff7-7f9c60f4e912",
        "x-ms-routing-request-id": "SOUTHEASTASIA:20211008T023756Z:46f32a73-95ee-43b2-9e8c-8d5079091a18"
      },
      "ResponseBody": [
        "{\r\n",
        "  \u0022status\u0022: \u0022InProgress\u0022\r\n",
        "}"
      ]
    },
    {
      "RequestUri": "https://management.azure.com/subscriptions/db1ab6f0-4769-4b27-930e-01e2ef9c123c/providers/Microsoft.Network/locations/westus2/operations/d11ebde5-f63c-42f8-a0c4-6178e566668a?api-version=2021-02-01",
      "RequestMethod": "GET",
      "RequestHeaders": {
        "Authorization": "Sanitized",
        "User-Agent": [
          "azsdk-net-ResourceManager/1.0.0-beta.3",
          "(.NET Core 3.1.19; Microsoft Windows 10.0.19043)"
        ],
        "x-ms-client-request-id": "cdd9cd142bb67fb1d831aa55730cabe0",
        "x-ms-return-client-request-id": "true"
      },
      "RequestBody": null,
      "StatusCode": 200,
      "ResponseHeaders": {
        "Cache-Control": "no-cache",
        "Content-Length": "30",
        "Content-Type": "application/json; charset=utf-8",
        "Date": "Fri, 08 Oct 2021 02:37:57 GMT",
        "Expires": "-1",
        "Pragma": "no-cache",
        "Retry-After": "100",
        "Server": [
          "Microsoft-HTTPAPI/2.0",
          "Microsoft-HTTPAPI/2.0"
        ],
        "Strict-Transport-Security": "max-age=31536000; includeSubDomains",
        "X-Content-Type-Options": "nosniff",
        "x-ms-arm-service-request-id": "811c4db7-92de-4e5e-b857-57ded58ac4e7",
        "x-ms-client-request-id": "cdd9cd142bb67fb1d831aa55730cabe0",
        "x-ms-correlation-request-id": "f83c9964-5ef0-4b67-abc6-7d0b831f7718",
        "x-ms-ratelimit-remaining-subscription-reads": "11887",
        "x-ms-request-id": "e9d78f66-fb52-4304-bf72-46629107f81c",
        "x-ms-routing-request-id": "SOUTHEASTASIA:20211008T023758Z:f83c9964-5ef0-4b67-abc6-7d0b831f7718"
      },
      "ResponseBody": [
        "{\r\n",
        "  \u0022status\u0022: \u0022InProgress\u0022\r\n",
        "}"
      ]
    },
    {
      "RequestUri": "https://management.azure.com/subscriptions/db1ab6f0-4769-4b27-930e-01e2ef9c123c/providers/Microsoft.Network/locations/westus2/operations/d11ebde5-f63c-42f8-a0c4-6178e566668a?api-version=2021-02-01",
      "RequestMethod": "GET",
      "RequestHeaders": {
        "Authorization": "Sanitized",
        "User-Agent": [
          "azsdk-net-ResourceManager/1.0.0-beta.3",
          "(.NET Core 3.1.19; Microsoft Windows 10.0.19043)"
        ],
        "x-ms-client-request-id": "cff7f8eee8baa8a05cdf577cc4a52a05",
        "x-ms-return-client-request-id": "true"
      },
      "RequestBody": null,
      "StatusCode": 200,
      "ResponseHeaders": {
        "Cache-Control": "no-cache",
        "Content-Length": "30",
        "Content-Type": "application/json; charset=utf-8",
        "Date": "Fri, 08 Oct 2021 02:37:58 GMT",
        "Expires": "-1",
        "Pragma": "no-cache",
        "Retry-After": "100",
        "Server": [
          "Microsoft-HTTPAPI/2.0",
          "Microsoft-HTTPAPI/2.0"
        ],
        "Strict-Transport-Security": "max-age=31536000; includeSubDomains",
        "X-Content-Type-Options": "nosniff",
        "x-ms-arm-service-request-id": "707d8d51-b386-4b95-9e98-c233f0275674",
        "x-ms-client-request-id": "cff7f8eee8baa8a05cdf577cc4a52a05",
        "x-ms-correlation-request-id": "b9eaf189-5f79-4052-a65a-c00907742c2a",
        "x-ms-ratelimit-remaining-subscription-reads": "11886",
        "x-ms-request-id": "9b8c6887-389d-430c-b294-f9ece4d91220",
        "x-ms-routing-request-id": "SOUTHEASTASIA:20211008T023759Z:b9eaf189-5f79-4052-a65a-c00907742c2a"
      },
      "ResponseBody": [
        "{\r\n",
        "  \u0022status\u0022: \u0022InProgress\u0022\r\n",
        "}"
      ]
    },
    {
      "RequestUri": "https://management.azure.com/subscriptions/db1ab6f0-4769-4b27-930e-01e2ef9c123c/providers/Microsoft.Network/locations/westus2/operations/d11ebde5-f63c-42f8-a0c4-6178e566668a?api-version=2021-02-01",
      "RequestMethod": "GET",
      "RequestHeaders": {
        "Authorization": "Sanitized",
        "User-Agent": [
          "azsdk-net-ResourceManager/1.0.0-beta.3",
          "(.NET Core 3.1.19; Microsoft Windows 10.0.19043)"
        ],
        "x-ms-client-request-id": "5b74489ecb003ddbda1f32bbde5cb8c7",
        "x-ms-return-client-request-id": "true"
      },
      "RequestBody": null,
      "StatusCode": 200,
      "ResponseHeaders": {
        "Cache-Control": "no-cache",
        "Content-Length": "30",
        "Content-Type": "application/json; charset=utf-8",
        "Date": "Fri, 08 Oct 2021 02:38:00 GMT",
        "Expires": "-1",
        "Pragma": "no-cache",
        "Retry-After": "100",
        "Server": [
          "Microsoft-HTTPAPI/2.0",
          "Microsoft-HTTPAPI/2.0"
        ],
        "Strict-Transport-Security": "max-age=31536000; includeSubDomains",
        "X-Content-Type-Options": "nosniff",
        "x-ms-arm-service-request-id": "61de64f9-5e5a-44fd-8db6-d55189a8d23e",
        "x-ms-client-request-id": "5b74489ecb003ddbda1f32bbde5cb8c7",
        "x-ms-correlation-request-id": "565c6e3e-f245-4f2e-8612-12076626510a",
        "x-ms-ratelimit-remaining-subscription-reads": "11885",
        "x-ms-request-id": "7bb1ab00-ce02-42d5-9f27-f920b2342870",
        "x-ms-routing-request-id": "SOUTHEASTASIA:20211008T023800Z:565c6e3e-f245-4f2e-8612-12076626510a"
      },
      "ResponseBody": [
        "{\r\n",
        "  \u0022status\u0022: \u0022InProgress\u0022\r\n",
        "}"
      ]
    },
    {
      "RequestUri": "https://management.azure.com/subscriptions/db1ab6f0-4769-4b27-930e-01e2ef9c123c/providers/Microsoft.Network/locations/westus2/operations/d11ebde5-f63c-42f8-a0c4-6178e566668a?api-version=2021-02-01",
      "RequestMethod": "GET",
      "RequestHeaders": {
        "Authorization": "Sanitized",
        "User-Agent": [
          "azsdk-net-ResourceManager/1.0.0-beta.3",
          "(.NET Core 3.1.19; Microsoft Windows 10.0.19043)"
        ],
        "x-ms-client-request-id": "2af2ce5aa50c2c6c2c3071d6d334bb33",
        "x-ms-return-client-request-id": "true"
      },
      "RequestBody": null,
      "StatusCode": 200,
      "ResponseHeaders": {
        "Cache-Control": "no-cache",
        "Content-Length": "30",
        "Content-Type": "application/json; charset=utf-8",
        "Date": "Fri, 08 Oct 2021 02:38:01 GMT",
        "Expires": "-1",
        "Pragma": "no-cache",
        "Retry-After": "100",
        "Server": [
          "Microsoft-HTTPAPI/2.0",
          "Microsoft-HTTPAPI/2.0"
        ],
        "Strict-Transport-Security": "max-age=31536000; includeSubDomains",
        "X-Content-Type-Options": "nosniff",
        "x-ms-arm-service-request-id": "664dc925-d709-4b4f-9988-f26bbc859a75",
        "x-ms-client-request-id": "2af2ce5aa50c2c6c2c3071d6d334bb33",
        "x-ms-correlation-request-id": "00f4e631-46a0-4da2-af16-e6035631231d",
        "x-ms-ratelimit-remaining-subscription-reads": "11884",
        "x-ms-request-id": "dcb8a669-cdac-42c0-811e-d20e67c0a0eb",
        "x-ms-routing-request-id": "SOUTHEASTASIA:20211008T023801Z:00f4e631-46a0-4da2-af16-e6035631231d"
      },
      "ResponseBody": [
        "{\r\n",
        "  \u0022status\u0022: \u0022InProgress\u0022\r\n",
        "}"
      ]
    },
    {
      "RequestUri": "https://management.azure.com/subscriptions/db1ab6f0-4769-4b27-930e-01e2ef9c123c/providers/Microsoft.Network/locations/westus2/operations/d11ebde5-f63c-42f8-a0c4-6178e566668a?api-version=2021-02-01",
      "RequestMethod": "GET",
      "RequestHeaders": {
        "Authorization": "Sanitized",
        "User-Agent": [
          "azsdk-net-ResourceManager/1.0.0-beta.3",
          "(.NET Core 3.1.19; Microsoft Windows 10.0.19043)"
        ],
        "x-ms-client-request-id": "2bb7a507509723df1db9f59bb5e5c900",
        "x-ms-return-client-request-id": "true"
      },
      "RequestBody": null,
      "StatusCode": 200,
      "ResponseHeaders": {
        "Cache-Control": "no-cache",
        "Content-Length": "30",
        "Content-Type": "application/json; charset=utf-8",
        "Date": "Fri, 08 Oct 2021 02:38:02 GMT",
        "Expires": "-1",
        "Pragma": "no-cache",
        "Retry-After": "100",
        "Server": [
          "Microsoft-HTTPAPI/2.0",
          "Microsoft-HTTPAPI/2.0"
        ],
        "Strict-Transport-Security": "max-age=31536000; includeSubDomains",
        "X-Content-Type-Options": "nosniff",
        "x-ms-arm-service-request-id": "0f6d9a6c-edb3-4ea9-b85d-7d0dc6000f03",
        "x-ms-client-request-id": "2bb7a507509723df1db9f59bb5e5c900",
        "x-ms-correlation-request-id": "b21b4e9d-2751-4dd3-b8e3-a7f1d368775f",
        "x-ms-ratelimit-remaining-subscription-reads": "11883",
        "x-ms-request-id": "0005ea3d-855a-40c2-a919-73d05efb0167",
        "x-ms-routing-request-id": "SOUTHEASTASIA:20211008T023803Z:b21b4e9d-2751-4dd3-b8e3-a7f1d368775f"
      },
      "ResponseBody": [
        "{\r\n",
        "  \u0022status\u0022: \u0022InProgress\u0022\r\n",
        "}"
      ]
    },
    {
      "RequestUri": "https://management.azure.com/subscriptions/db1ab6f0-4769-4b27-930e-01e2ef9c123c/providers/Microsoft.Network/locations/westus2/operations/d11ebde5-f63c-42f8-a0c4-6178e566668a?api-version=2021-02-01",
      "RequestMethod": "GET",
      "RequestHeaders": {
        "Authorization": "Sanitized",
        "User-Agent": [
          "azsdk-net-ResourceManager/1.0.0-beta.3",
          "(.NET Core 3.1.19; Microsoft Windows 10.0.19043)"
        ],
        "x-ms-client-request-id": "f5218f2700b2f8f8db482fcf5a0469a5",
        "x-ms-return-client-request-id": "true"
      },
      "RequestBody": null,
      "StatusCode": 200,
      "ResponseHeaders": {
        "Cache-Control": "no-cache",
        "Content-Length": "30",
        "Content-Type": "application/json; charset=utf-8",
        "Date": "Fri, 08 Oct 2021 02:38:03 GMT",
        "Expires": "-1",
        "Pragma": "no-cache",
        "Retry-After": "100",
        "Server": [
          "Microsoft-HTTPAPI/2.0",
          "Microsoft-HTTPAPI/2.0"
        ],
        "Strict-Transport-Security": "max-age=31536000; includeSubDomains",
        "X-Content-Type-Options": "nosniff",
        "x-ms-arm-service-request-id": "82605334-af01-49ca-8acb-d5be6770f736",
        "x-ms-client-request-id": "f5218f2700b2f8f8db482fcf5a0469a5",
        "x-ms-correlation-request-id": "f65a52a4-be6c-414b-8887-e608b7268bce",
        "x-ms-ratelimit-remaining-subscription-reads": "11882",
        "x-ms-request-id": "0e3a6c65-fb27-4b0f-81ce-32cb993a46fd",
        "x-ms-routing-request-id": "SOUTHEASTASIA:20211008T023804Z:f65a52a4-be6c-414b-8887-e608b7268bce"
      },
      "ResponseBody": [
        "{\r\n",
        "  \u0022status\u0022: \u0022InProgress\u0022\r\n",
        "}"
      ]
    },
    {
      "RequestUri": "https://management.azure.com/subscriptions/db1ab6f0-4769-4b27-930e-01e2ef9c123c/providers/Microsoft.Network/locations/westus2/operations/d11ebde5-f63c-42f8-a0c4-6178e566668a?api-version=2021-02-01",
      "RequestMethod": "GET",
      "RequestHeaders": {
        "Authorization": "Sanitized",
        "User-Agent": [
          "azsdk-net-ResourceManager/1.0.0-beta.3",
          "(.NET Core 3.1.19; Microsoft Windows 10.0.19043)"
        ],
        "x-ms-client-request-id": "39b4ff638da5092feecf0c53b0d17646",
        "x-ms-return-client-request-id": "true"
      },
      "RequestBody": null,
      "StatusCode": 200,
      "ResponseHeaders": {
        "Cache-Control": "no-cache",
        "Content-Length": "30",
        "Content-Type": "application/json; charset=utf-8",
        "Date": "Fri, 08 Oct 2021 02:38:05 GMT",
        "Expires": "-1",
        "Pragma": "no-cache",
        "Retry-After": "100",
        "Server": [
          "Microsoft-HTTPAPI/2.0",
          "Microsoft-HTTPAPI/2.0"
        ],
        "Strict-Transport-Security": "max-age=31536000; includeSubDomains",
        "X-Content-Type-Options": "nosniff",
        "x-ms-arm-service-request-id": "eaf3b2f5-2023-4189-be96-b984f65b2f59",
        "x-ms-client-request-id": "39b4ff638da5092feecf0c53b0d17646",
        "x-ms-correlation-request-id": "96c84a17-a595-4187-a19d-7a1201dd133a",
        "x-ms-ratelimit-remaining-subscription-reads": "11881",
        "x-ms-request-id": "74f323f4-fe91-4651-85ed-a93e270c1488",
        "x-ms-routing-request-id": "SOUTHEASTASIA:20211008T023805Z:96c84a17-a595-4187-a19d-7a1201dd133a"
      },
      "ResponseBody": [
        "{\r\n",
        "  \u0022status\u0022: \u0022InProgress\u0022\r\n",
        "}"
      ]
    },
    {
      "RequestUri": "https://management.azure.com/subscriptions/db1ab6f0-4769-4b27-930e-01e2ef9c123c/providers/Microsoft.Network/locations/westus2/operations/d11ebde5-f63c-42f8-a0c4-6178e566668a?api-version=2021-02-01",
      "RequestMethod": "GET",
      "RequestHeaders": {
        "Authorization": "Sanitized",
        "User-Agent": [
          "azsdk-net-ResourceManager/1.0.0-beta.3",
          "(.NET Core 3.1.19; Microsoft Windows 10.0.19043)"
        ],
        "x-ms-client-request-id": "44af7167c5120681acbe4f4f210fc818",
        "x-ms-return-client-request-id": "true"
      },
      "RequestBody": null,
      "StatusCode": 200,
      "ResponseHeaders": {
        "Cache-Control": "no-cache",
        "Content-Length": "30",
        "Content-Type": "application/json; charset=utf-8",
        "Date": "Fri, 08 Oct 2021 02:38:06 GMT",
        "Expires": "-1",
        "Pragma": "no-cache",
        "Retry-After": "100",
        "Server": [
          "Microsoft-HTTPAPI/2.0",
          "Microsoft-HTTPAPI/2.0"
        ],
        "Strict-Transport-Security": "max-age=31536000; includeSubDomains",
        "X-Content-Type-Options": "nosniff",
        "x-ms-arm-service-request-id": "7f88d712-4de8-4edc-8c74-9dcca87b55d0",
        "x-ms-client-request-id": "44af7167c5120681acbe4f4f210fc818",
        "x-ms-correlation-request-id": "275851bd-83b8-4079-b641-0304820e0ad6",
        "x-ms-ratelimit-remaining-subscription-reads": "11880",
        "x-ms-request-id": "8c86e2e8-2734-4e12-8347-e9d6bb3a216b",
        "x-ms-routing-request-id": "SOUTHEASTASIA:20211008T023806Z:275851bd-83b8-4079-b641-0304820e0ad6"
      },
      "ResponseBody": [
        "{\r\n",
        "  \u0022status\u0022: \u0022InProgress\u0022\r\n",
        "}"
      ]
    },
    {
      "RequestUri": "https://management.azure.com/subscriptions/db1ab6f0-4769-4b27-930e-01e2ef9c123c/providers/Microsoft.Network/locations/westus2/operations/d11ebde5-f63c-42f8-a0c4-6178e566668a?api-version=2021-02-01",
      "RequestMethod": "GET",
      "RequestHeaders": {
        "Authorization": "Sanitized",
        "User-Agent": [
          "azsdk-net-ResourceManager/1.0.0-beta.3",
          "(.NET Core 3.1.19; Microsoft Windows 10.0.19043)"
        ],
        "x-ms-client-request-id": "b6374f4f8f31995b5f1806e2f3a54809",
        "x-ms-return-client-request-id": "true"
      },
      "RequestBody": null,
      "StatusCode": 200,
      "ResponseHeaders": {
        "Cache-Control": "no-cache",
        "Content-Length": "30",
        "Content-Type": "application/json; charset=utf-8",
        "Date": "Fri, 08 Oct 2021 02:38:07 GMT",
        "Expires": "-1",
        "Pragma": "no-cache",
        "Retry-After": "100",
        "Server": [
          "Microsoft-HTTPAPI/2.0",
          "Microsoft-HTTPAPI/2.0"
        ],
        "Strict-Transport-Security": "max-age=31536000; includeSubDomains",
        "X-Content-Type-Options": "nosniff",
        "x-ms-arm-service-request-id": "47383f02-670b-4a59-a840-76e06ce87e88",
        "x-ms-client-request-id": "b6374f4f8f31995b5f1806e2f3a54809",
        "x-ms-correlation-request-id": "e711da00-c15e-494f-a843-25245f03b220",
        "x-ms-ratelimit-remaining-subscription-reads": "11879",
        "x-ms-request-id": "48981d79-b61b-4b46-971b-3937cb39feed",
        "x-ms-routing-request-id": "SOUTHEASTASIA:20211008T023808Z:e711da00-c15e-494f-a843-25245f03b220"
      },
      "ResponseBody": [
        "{\r\n",
        "  \u0022status\u0022: \u0022InProgress\u0022\r\n",
        "}"
      ]
    },
    {
      "RequestUri": "https://management.azure.com/subscriptions/db1ab6f0-4769-4b27-930e-01e2ef9c123c/providers/Microsoft.Network/locations/westus2/operations/d11ebde5-f63c-42f8-a0c4-6178e566668a?api-version=2021-02-01",
      "RequestMethod": "GET",
      "RequestHeaders": {
        "Authorization": "Sanitized",
        "User-Agent": [
          "azsdk-net-ResourceManager/1.0.0-beta.3",
          "(.NET Core 3.1.19; Microsoft Windows 10.0.19043)"
        ],
        "x-ms-client-request-id": "e968e8d225549e927dad8de73de0e8df",
        "x-ms-return-client-request-id": "true"
      },
      "RequestBody": null,
      "StatusCode": 200,
      "ResponseHeaders": {
        "Cache-Control": "no-cache",
        "Content-Length": "30",
        "Content-Type": "application/json; charset=utf-8",
        "Date": "Fri, 08 Oct 2021 02:38:09 GMT",
        "Expires": "-1",
        "Pragma": "no-cache",
        "Retry-After": "100",
        "Server": [
          "Microsoft-HTTPAPI/2.0",
          "Microsoft-HTTPAPI/2.0"
        ],
        "Strict-Transport-Security": "max-age=31536000; includeSubDomains",
        "X-Content-Type-Options": "nosniff",
        "x-ms-arm-service-request-id": "7ccb3d0f-2039-4e15-b9bd-d14acb50d98d",
        "x-ms-client-request-id": "e968e8d225549e927dad8de73de0e8df",
        "x-ms-correlation-request-id": "5ae97a1b-4adf-425b-bda9-935aa95292b6",
        "x-ms-ratelimit-remaining-subscription-reads": "11878",
        "x-ms-request-id": "2b9f1fbc-1b7d-4862-8d2a-0b8992ad3001",
        "x-ms-routing-request-id": "SOUTHEASTASIA:20211008T023809Z:5ae97a1b-4adf-425b-bda9-935aa95292b6"
      },
      "ResponseBody": [
        "{\r\n",
        "  \u0022status\u0022: \u0022InProgress\u0022\r\n",
        "}"
      ]
    },
    {
      "RequestUri": "https://management.azure.com/subscriptions/db1ab6f0-4769-4b27-930e-01e2ef9c123c/providers/Microsoft.Network/locations/westus2/operations/d11ebde5-f63c-42f8-a0c4-6178e566668a?api-version=2021-02-01",
      "RequestMethod": "GET",
      "RequestHeaders": {
        "Authorization": "Sanitized",
        "User-Agent": [
          "azsdk-net-ResourceManager/1.0.0-beta.3",
          "(.NET Core 3.1.19; Microsoft Windows 10.0.19043)"
        ],
        "x-ms-client-request-id": "6004f306bf9ad7151515e4fabe9f1206",
        "x-ms-return-client-request-id": "true"
      },
      "RequestBody": null,
      "StatusCode": 200,
      "ResponseHeaders": {
        "Cache-Control": "no-cache",
        "Content-Length": "30",
        "Content-Type": "application/json; charset=utf-8",
        "Date": "Fri, 08 Oct 2021 02:38:10 GMT",
        "Expires": "-1",
        "Pragma": "no-cache",
        "Retry-After": "100",
        "Server": [
          "Microsoft-HTTPAPI/2.0",
          "Microsoft-HTTPAPI/2.0"
        ],
        "Strict-Transport-Security": "max-age=31536000; includeSubDomains",
        "X-Content-Type-Options": "nosniff",
        "x-ms-arm-service-request-id": "77a70ede-61af-4c72-9adf-f88045b4afb5",
        "x-ms-client-request-id": "6004f306bf9ad7151515e4fabe9f1206",
        "x-ms-correlation-request-id": "a547b276-08c3-41e7-b3da-2168378fb805",
        "x-ms-ratelimit-remaining-subscription-reads": "11877",
        "x-ms-request-id": "1b033932-cf81-4620-92b7-5bfb002b82b6",
        "x-ms-routing-request-id": "SOUTHEASTASIA:20211008T023810Z:a547b276-08c3-41e7-b3da-2168378fb805"
      },
      "ResponseBody": [
        "{\r\n",
        "  \u0022status\u0022: \u0022InProgress\u0022\r\n",
        "}"
      ]
    },
    {
      "RequestUri": "https://management.azure.com/subscriptions/db1ab6f0-4769-4b27-930e-01e2ef9c123c/providers/Microsoft.Network/locations/westus2/operations/d11ebde5-f63c-42f8-a0c4-6178e566668a?api-version=2021-02-01",
      "RequestMethod": "GET",
      "RequestHeaders": {
        "Authorization": "Sanitized",
        "User-Agent": [
          "azsdk-net-ResourceManager/1.0.0-beta.3",
          "(.NET Core 3.1.19; Microsoft Windows 10.0.19043)"
        ],
        "x-ms-client-request-id": "387c4675dfa629c3bc98388302745c7e",
        "x-ms-return-client-request-id": "true"
      },
      "RequestBody": null,
      "StatusCode": 200,
      "ResponseHeaders": {
        "Cache-Control": "no-cache",
        "Content-Length": "30",
        "Content-Type": "application/json; charset=utf-8",
        "Date": "Fri, 08 Oct 2021 02:38:11 GMT",
        "Expires": "-1",
        "Pragma": "no-cache",
        "Retry-After": "100",
        "Server": [
          "Microsoft-HTTPAPI/2.0",
          "Microsoft-HTTPAPI/2.0"
        ],
        "Strict-Transport-Security": "max-age=31536000; includeSubDomains",
        "X-Content-Type-Options": "nosniff",
        "x-ms-arm-service-request-id": "eb9f3699-af25-46aa-9756-a7a60326108e",
        "x-ms-client-request-id": "387c4675dfa629c3bc98388302745c7e",
        "x-ms-correlation-request-id": "fea41eea-adb9-4a7d-8244-5065af5a89da",
        "x-ms-ratelimit-remaining-subscription-reads": "11876",
        "x-ms-request-id": "53c05b31-8eb7-4150-9fa9-6b4a63a78d2d",
        "x-ms-routing-request-id": "SOUTHEASTASIA:20211008T023812Z:fea41eea-adb9-4a7d-8244-5065af5a89da"
      },
      "ResponseBody": [
        "{\r\n",
        "  \u0022status\u0022: \u0022InProgress\u0022\r\n",
        "}"
      ]
    },
    {
      "RequestUri": "https://management.azure.com/subscriptions/db1ab6f0-4769-4b27-930e-01e2ef9c123c/providers/Microsoft.Network/locations/westus2/operations/d11ebde5-f63c-42f8-a0c4-6178e566668a?api-version=2021-02-01",
      "RequestMethod": "GET",
      "RequestHeaders": {
        "Authorization": "Sanitized",
        "User-Agent": [
          "azsdk-net-ResourceManager/1.0.0-beta.3",
          "(.NET Core 3.1.19; Microsoft Windows 10.0.19043)"
        ],
        "x-ms-client-request-id": "ffdb272fe8a1136fd291d33f4198dfde",
        "x-ms-return-client-request-id": "true"
      },
      "RequestBody": null,
      "StatusCode": 200,
      "ResponseHeaders": {
        "Cache-Control": "no-cache",
        "Content-Length": "30",
        "Content-Type": "application/json; charset=utf-8",
        "Date": "Fri, 08 Oct 2021 02:38:12 GMT",
        "Expires": "-1",
        "Pragma": "no-cache",
        "Retry-After": "100",
        "Server": [
          "Microsoft-HTTPAPI/2.0",
          "Microsoft-HTTPAPI/2.0"
        ],
        "Strict-Transport-Security": "max-age=31536000; includeSubDomains",
        "X-Content-Type-Options": "nosniff",
        "x-ms-arm-service-request-id": "7bf1b954-65ec-4998-ad35-9b5fa6ccef54",
        "x-ms-client-request-id": "ffdb272fe8a1136fd291d33f4198dfde",
        "x-ms-correlation-request-id": "915ac8bb-6cb2-4512-9e06-23f406b3b668",
        "x-ms-ratelimit-remaining-subscription-reads": "11875",
        "x-ms-request-id": "a7a4ca28-8c0c-41b6-8042-d666017862b8",
        "x-ms-routing-request-id": "SOUTHEASTASIA:20211008T023813Z:915ac8bb-6cb2-4512-9e06-23f406b3b668"
      },
      "ResponseBody": [
        "{\r\n",
        "  \u0022status\u0022: \u0022InProgress\u0022\r\n",
        "}"
      ]
    },
    {
      "RequestUri": "https://management.azure.com/subscriptions/db1ab6f0-4769-4b27-930e-01e2ef9c123c/providers/Microsoft.Network/locations/westus2/operations/d11ebde5-f63c-42f8-a0c4-6178e566668a?api-version=2021-02-01",
      "RequestMethod": "GET",
      "RequestHeaders": {
        "Authorization": "Sanitized",
        "User-Agent": [
          "azsdk-net-ResourceManager/1.0.0-beta.3",
          "(.NET Core 3.1.19; Microsoft Windows 10.0.19043)"
        ],
        "x-ms-client-request-id": "f771879aaf6426382fdaa3018692d5a1",
        "x-ms-return-client-request-id": "true"
      },
      "RequestBody": null,
      "StatusCode": 200,
      "ResponseHeaders": {
        "Cache-Control": "no-cache",
        "Content-Length": "29",
        "Content-Type": "application/json; charset=utf-8",
        "Date": "Fri, 08 Oct 2021 02:38:14 GMT",
        "Expires": "-1",
        "Pragma": "no-cache",
        "Server": [
          "Microsoft-HTTPAPI/2.0",
          "Microsoft-HTTPAPI/2.0"
        ],
        "Strict-Transport-Security": "max-age=31536000; includeSubDomains",
        "X-Content-Type-Options": "nosniff",
        "x-ms-arm-service-request-id": "595909ec-2043-4136-9c6d-278ecbf14aee",
        "x-ms-client-request-id": "f771879aaf6426382fdaa3018692d5a1",
        "x-ms-correlation-request-id": "30a372c1-1cee-4af2-a6bc-aefac7fc7f54",
        "x-ms-ratelimit-remaining-subscription-reads": "11874",
        "x-ms-request-id": "11dbea84-0ff2-47e9-b038-5db1090526e8",
        "x-ms-routing-request-id": "SOUTHEASTASIA:20211008T023814Z:30a372c1-1cee-4af2-a6bc-aefac7fc7f54"
      },
      "ResponseBody": [
        "{\r\n",
        "  \u0022status\u0022: \u0022Succeeded\u0022\r\n",
        "}"
      ]
    },
    {
      "RequestUri": "https://management.azure.com/subscriptions/db1ab6f0-4769-4b27-930e-01e2ef9c123c/resourceGroups/WebPubSubRG-129/providers/Microsoft.Network/privateEndpoints/privateEndPoint-2289?api-version=2021-02-01",
      "RequestMethod": "GET",
      "RequestHeaders": {
        "Authorization": "Sanitized",
        "User-Agent": [
          "azsdk-net-ResourceManager/1.0.0-beta.3",
          "(.NET Core 3.1.19; Microsoft Windows 10.0.19043)"
        ],
        "x-ms-client-request-id": "96cb65b912c48d64d66966150c84e824",
        "x-ms-return-client-request-id": "true"
      },
      "RequestBody": null,
      "StatusCode": 200,
      "ResponseHeaders": {
        "Cache-Control": "no-cache",
        "Content-Length": "2108",
        "Content-Type": "application/json; charset=utf-8",
        "Date": "Fri, 08 Oct 2021 02:38:14 GMT",
        "ETag": "W/\u0022b0fb9e33-d643-4ab0-81ff-975afe8b7e73\u0022",
        "Expires": "-1",
        "Pragma": "no-cache",
        "Server": [
          "Microsoft-HTTPAPI/2.0",
          "Microsoft-HTTPAPI/2.0"
        ],
        "Strict-Transport-Security": "max-age=31536000; includeSubDomains",
        "X-Content-Type-Options": "nosniff",
        "x-ms-arm-service-request-id": "7922f0eb-c8b7-4de0-8b8d-c04c66dff073",
        "x-ms-client-request-id": "96cb65b912c48d64d66966150c84e824",
        "x-ms-correlation-request-id": "7cc6578f-b317-4d5e-865c-c153034955fa",
        "x-ms-ratelimit-remaining-subscription-reads": "11873",
        "x-ms-request-id": "4d9db2a2-48f4-4cab-aef5-15df71bef9bc",
        "x-ms-routing-request-id": "SOUTHEASTASIA:20211008T023815Z:7cc6578f-b317-4d5e-865c-c153034955fa"
      },
      "ResponseBody": [
        "{\r\n",
        "  \u0022name\u0022: \u0022privateEndPoint-2289\u0022,\r\n",
        "  \u0022id\u0022: \u0022/subscriptions/db1ab6f0-4769-4b27-930e-01e2ef9c123c/resourceGroups/WebPubSubRG-129/providers/Microsoft.Network/privateEndpoints/privateEndPoint-2289\u0022,\r\n",
        "  \u0022etag\u0022: \u0022W/\\\u0022b0fb9e33-d643-4ab0-81ff-975afe8b7e73\\\u0022\u0022,\r\n",
        "  \u0022type\u0022: \u0022Microsoft.Network/privateEndpoints\u0022,\r\n",
        "  \u0022location\u0022: \u0022westus2\u0022,\r\n",
        "  \u0022properties\u0022: {\r\n",
        "    \u0022provisioningState\u0022: \u0022Succeeded\u0022,\r\n",
        "    \u0022resourceGuid\u0022: \u002242e98c7e-34f0-4c27-8ac2-e7164c19343d\u0022,\r\n",
        "    \u0022privateLinkServiceConnections\u0022: [\r\n",
        "      {\r\n",
        "        \u0022name\u0022: \u0022privateEndPoint-2289\u0022,\r\n",
        "        \u0022id\u0022: \u0022/subscriptions/db1ab6f0-4769-4b27-930e-01e2ef9c123c/resourceGroups/WebPubSubRG-129/providers/Microsoft.Network/privateEndpoints/privateEndPoint-2289/privateLinkServiceConnections/privateEndPoint-2289\u0022,\r\n",
        "        \u0022etag\u0022: \u0022W/\\\u0022b0fb9e33-d643-4ab0-81ff-975afe8b7e73\\\u0022\u0022,\r\n",
        "        \u0022properties\u0022: {\r\n",
        "          \u0022provisioningState\u0022: \u0022Succeeded\u0022,\r\n",
        "          \u0022privateLinkServiceId\u0022: \u0022/subscriptions/db1ab6f0-4769-4b27-930e-01e2ef9c123c/resourceGroups/WebPubSubRG-129/providers/Microsoft.SignalRService/WebPubSub/WebPubSub-5546\u0022,\r\n",
        "          \u0022groupIds\u0022: [\r\n",
        "            \u0022webpubsub\u0022\r\n",
        "          ],\r\n",
        "          \u0022privateLinkServiceConnectionState\u0022: {\r\n",
        "            \u0022status\u0022: \u0022Approved\u0022,\r\n",
        "            \u0022description\u0022: \u0022Auto-Approved\u0022,\r\n",
        "            \u0022actionsRequired\u0022: \u0022None\u0022\r\n",
        "          }\r\n",
        "        },\r\n",
        "        \u0022type\u0022: \u0022Microsoft.Network/privateEndpoints/privateLinkServiceConnections\u0022\r\n",
        "      }\r\n",
        "    ],\r\n",
        "    \u0022manualPrivateLinkServiceConnections\u0022: [],\r\n",
        "    \u0022subnet\u0022: {\r\n",
        "      \u0022id\u0022: \u0022/subscriptions/db1ab6f0-4769-4b27-930e-01e2ef9c123c/resourceGroups/WebPubSubRG-129/providers/Microsoft.Network/virtualNetworks/vnet-7442/subnets/subnet02\u0022\r\n",
        "    },\r\n",
        "    \u0022networkInterfaces\u0022: [\r\n",
        "      {\r\n",
        "        \u0022id\u0022: \u0022/subscriptions/db1ab6f0-4769-4b27-930e-01e2ef9c123c/resourceGroups/WebPubSubRG-129/providers/Microsoft.Network/networkInterfaces/privateEndPoint-2289.nic.ec3897f5-8e6e-46e5-af35-2a93b1ae1fd7\u0022\r\n",
        "      }\r\n",
        "    ],\r\n",
        "    \u0022customDnsConfigs\u0022: [\r\n",
        "      {\r\n",
        "        \u0022fqdn\u0022: \u0022webpubsub-5546.webpubsub.azure.com\u0022,\r\n",
        "        \u0022ipAddresses\u0022: [\r\n",
        "          \u002210.10.2.4\u0022\r\n",
        "        ]\r\n",
        "      }\r\n",
        "    ]\r\n",
        "  }\r\n",
        "}"
      ]
    }
  ],
  "Variables": {
    "RandomSeed": "1144827101",
    "RESOURCE_MANAGER_URL": null,
    "SUBSCRIPTION_ID": "db1ab6f0-4769-4b27-930e-01e2ef9c123c"
  }
}