{
  "Entries": [
    {
      "RequestUri": "https://management.azure.com/subscriptions/db1ab6f0-4769-4b27-930e-01e2ef9c123c?api-version=2019-11-01",
      "RequestMethod": "GET",
      "RequestHeaders": {
        "Accept": "application/json",
        "Authorization": "Sanitized",
        "User-Agent": [
          "azsdk-net-ResourceManager/1.0.0-beta.4",
          "(.NET Core 3.1.19; Microsoft Windows 10.0.19043)"
        ],
        "x-ms-client-request-id": "e72c0905e6b6be5fadf89b0c60196095",
        "x-ms-return-client-request-id": "true"
      },
      "RequestBody": null,
      "StatusCode": 200,
      "ResponseHeaders": {
        "Cache-Control": "no-cache",
        "Content-Length": "468",
        "Content-Type": "application/json; charset=utf-8",
        "Date": "Tue, 19 Oct 2021 02:05:21 GMT",
        "Expires": "-1",
        "Pragma": "no-cache",
        "Strict-Transport-Security": "max-age=31536000; includeSubDomains",
        "X-Content-Type-Options": "nosniff",
        "x-ms-correlation-request-id": "e1a42a84-a5a5-488f-a0e4-bb5df2e51453",
        "x-ms-ratelimit-remaining-subscription-reads": "11999",
        "x-ms-request-id": "e1a42a84-a5a5-488f-a0e4-bb5df2e51453",
        "x-ms-routing-request-id": "SOUTHEASTASIA:20211019T020522Z:e1a42a84-a5a5-488f-a0e4-bb5df2e51453"
      },
      "ResponseBody": {
        "id": "/subscriptions/db1ab6f0-4769-4b27-930e-01e2ef9c123c",
        "authorizationSource": "RoleBased",
        "managedByTenants": [],
        "tags": {
          "tagKey1": "tagValue1",
          "tagKey2": "tagValue2"
        },
        "subscriptionId": "db1ab6f0-4769-4b27-930e-01e2ef9c123c",
        "tenantId": "72f988bf-86f1-41af-91ab-2d7cd011db47",
        "displayName": ".NET Mgmt SDK Test with TTL = 1 Day",
        "state": "Enabled",
        "subscriptionPolicies": {
          "locationPlacementId": "Internal_2014-09-01",
          "quotaId": "Internal_2014-09-01",
          "spendingLimit": "Off"
        }
      }
    },
    {
      "RequestUri": "https://management.azure.com/subscriptions/db1ab6f0-4769-4b27-930e-01e2ef9c123c/resourcegroups/WebPubSubRG-6848?api-version=2019-10-01",
      "RequestMethod": "PUT",
      "RequestHeaders": {
        "Accept": "application/json",
        "Authorization": "Sanitized",
        "Content-Length": "22",
        "Content-Type": "application/json",
        "traceparent": "00-7c43204ab47571488c2709778873ca7c-bf5be530c9fcdb4d-00",
        "User-Agent": [
          "azsdk-net-ResourceManager/1.0.0-beta.4",
          "(.NET Core 3.1.19; Microsoft Windows 10.0.19043)"
        ],
        "x-ms-client-request-id": "bc699a1252ef490e85bfa0303f75d703",
        "x-ms-return-client-request-id": "true"
      },
      "RequestBody": {
        "location": "westus2"
      },
      "StatusCode": 201,
      "ResponseHeaders": {
        "Cache-Control": "no-cache",
        "Content-Length": "230",
        "Content-Type": "application/json; charset=utf-8",
        "Date": "Tue, 19 Oct 2021 02:05:24 GMT",
        "Expires": "-1",
        "Pragma": "no-cache",
        "Strict-Transport-Security": "max-age=31536000; includeSubDomains",
        "X-Content-Type-Options": "nosniff",
        "x-ms-correlation-request-id": "daf0caf6-d7b7-4bea-b882-f1a4b561e8ad",
        "x-ms-ratelimit-remaining-subscription-writes": "1199",
        "x-ms-request-id": "daf0caf6-d7b7-4bea-b882-f1a4b561e8ad",
        "x-ms-routing-request-id": "SOUTHEASTASIA:20211019T020525Z:daf0caf6-d7b7-4bea-b882-f1a4b561e8ad"
      },
      "ResponseBody": {
        "id": "/subscriptions/db1ab6f0-4769-4b27-930e-01e2ef9c123c/resourceGroups/WebPubSubRG-6848",
        "name": "WebPubSubRG-6848",
        "type": "Microsoft.Resources/resourceGroups",
        "location": "westus2",
        "properties": {
          "provisioningState": "Succeeded"
        }
      }
    },
    {
      "RequestUri": "https://management.azure.com/subscriptions/db1ab6f0-4769-4b27-930e-01e2ef9c123c/resourceGroups/WebPubSubRG-6848/providers/Microsoft.Network/virtualNetworks/Vnet-6231?api-version=2021-02-01",
      "RequestMethod": "PUT",
      "RequestHeaders": {
        "Accept": "application/json",
        "Authorization": "Sanitized",
        "Content-Length": "307",
        "Content-Type": "application/json",
        "User-Agent": [
          "azsdk-net-ResourceManager.Network/1.0.0-beta.1",
          "(.NET Core 3.1.19; Microsoft Windows 10.0.19043)"
        ],
        "x-ms-client-request-id": "f52a3e0bcb47ce147cc024081decc228",
        "x-ms-return-client-request-id": "true"
      },
      "RequestBody": {
        "location": "westus2",
        "id": null,
        "properties": {
          "addressSpace": {
            "addressPrefixes": [
              "10.10.0.0/16"
            ]
          },
          "subnets": [
            {
              "name": "subnet01",
              "id": null,
              "properties": {
                "addressPrefix": "10.10.1.0/24"
              }
            },
            {
              "name": "subnet02",
              "id": null,
              "properties": {
                "addressPrefix": "10.10.2.0/24",
                "privateEndpointNetworkPolicies": "Disabled"
              }
            }
          ]
        }
      },
      "StatusCode": 201,
      "ResponseHeaders": {
        "Azure-AsyncNotification": "Enabled",
        "Azure-AsyncOperation": "https://management.azure.com/subscriptions/db1ab6f0-4769-4b27-930e-01e2ef9c123c/providers/Microsoft.Network/locations/westus2/operations/8939bcea-0d79-4e07-80b1-eeaae2d74b41?api-version=2021-02-01",
        "Cache-Control": "no-cache",
        "Content-Length": "1848",
        "Content-Type": "application/json; charset=utf-8",
        "Date": "Tue, 19 Oct 2021 02:05:32 GMT",
        "Expires": "-1",
        "Pragma": "no-cache",
        "Retry-After": "3",
        "Server": [
          "Microsoft-HTTPAPI/2.0",
          "Microsoft-HTTPAPI/2.0"
        ],
        "Strict-Transport-Security": "max-age=31536000; includeSubDomains",
        "X-Content-Type-Options": "nosniff",
        "x-ms-arm-service-request-id": "a4dc5834-3cc5-48b7-92b5-e9e60a7ade1a",
        "x-ms-client-request-id": "f52a3e0bcb47ce147cc024081decc228",
        "x-ms-correlation-request-id": "b22cf6b3-748f-4d65-abe9-26223c910bbb",
        "x-ms-ratelimit-remaining-subscription-writes": "1198",
        "x-ms-request-id": "8939bcea-0d79-4e07-80b1-eeaae2d74b41",
        "x-ms-routing-request-id": "SOUTHEASTASIA:20211019T020533Z:b22cf6b3-748f-4d65-abe9-26223c910bbb"
      },
      "ResponseBody": [
        "{\r\n",
        "  \u0022name\u0022: \u0022Vnet-6231\u0022,\r\n",
        "  \u0022id\u0022: \u0022/subscriptions/db1ab6f0-4769-4b27-930e-01e2ef9c123c/resourceGroups/WebPubSubRG-6848/providers/Microsoft.Network/virtualNetworks/Vnet-6231\u0022,\r\n",
        "  \u0022etag\u0022: \u0022W/\\\u0022eb280d17-ccc2-4066-b6d2-a431465d06af\\\u0022\u0022,\r\n",
        "  \u0022type\u0022: \u0022Microsoft.Network/virtualNetworks\u0022,\r\n",
        "  \u0022location\u0022: \u0022westus2\u0022,\r\n",
        "  \u0022properties\u0022: {\r\n",
        "    \u0022provisioningState\u0022: \u0022Updating\u0022,\r\n",
        "    \u0022resourceGuid\u0022: \u002252c7df81-b86f-40f1-a2f1-5b26c25e8628\u0022,\r\n",
        "    \u0022addressSpace\u0022: {\r\n",
        "      \u0022addressPrefixes\u0022: [\r\n",
        "        \u002210.10.0.0/16\u0022\r\n",
        "      ]\r\n",
        "    },\r\n",
        "    \u0022subnets\u0022: [\r\n",
        "      {\r\n",
        "        \u0022name\u0022: \u0022subnet01\u0022,\r\n",
        "        \u0022id\u0022: \u0022/subscriptions/db1ab6f0-4769-4b27-930e-01e2ef9c123c/resourceGroups/WebPubSubRG-6848/providers/Microsoft.Network/virtualNetworks/Vnet-6231/subnets/subnet01\u0022,\r\n",
        "        \u0022etag\u0022: \u0022W/\\\u0022eb280d17-ccc2-4066-b6d2-a431465d06af\\\u0022\u0022,\r\n",
        "        \u0022properties\u0022: {\r\n",
        "          \u0022provisioningState\u0022: \u0022Updating\u0022,\r\n",
        "          \u0022addressPrefix\u0022: \u002210.10.1.0/24\u0022,\r\n",
        "          \u0022delegations\u0022: [],\r\n",
        "          \u0022privateEndpointNetworkPolicies\u0022: \u0022Enabled\u0022,\r\n",
        "          \u0022privateLinkServiceNetworkPolicies\u0022: \u0022Enabled\u0022\r\n",
        "        },\r\n",
        "        \u0022type\u0022: \u0022Microsoft.Network/virtualNetworks/subnets\u0022\r\n",
        "      },\r\n",
        "      {\r\n",
        "        \u0022name\u0022: \u0022subnet02\u0022,\r\n",
        "        \u0022id\u0022: \u0022/subscriptions/db1ab6f0-4769-4b27-930e-01e2ef9c123c/resourceGroups/WebPubSubRG-6848/providers/Microsoft.Network/virtualNetworks/Vnet-6231/subnets/subnet02\u0022,\r\n",
        "        \u0022etag\u0022: \u0022W/\\\u0022eb280d17-ccc2-4066-b6d2-a431465d06af\\\u0022\u0022,\r\n",
        "        \u0022properties\u0022: {\r\n",
        "          \u0022provisioningState\u0022: \u0022Updating\u0022,\r\n",
        "          \u0022addressPrefix\u0022: \u002210.10.2.0/24\u0022,\r\n",
        "          \u0022delegations\u0022: [],\r\n",
        "          \u0022privateEndpointNetworkPolicies\u0022: \u0022Disabled\u0022,\r\n",
        "          \u0022privateLinkServiceNetworkPolicies\u0022: \u0022Enabled\u0022\r\n",
        "        },\r\n",
        "        \u0022type\u0022: \u0022Microsoft.Network/virtualNetworks/subnets\u0022\r\n",
        "      }\r\n",
        "    ],\r\n",
        "    \u0022virtualNetworkPeerings\u0022: [],\r\n",
        "    \u0022enableDdosProtection\u0022: false\r\n",
        "  }\r\n",
        "}"
      ]
    },
    {
      "RequestUri": "https://management.azure.com/subscriptions/db1ab6f0-4769-4b27-930e-01e2ef9c123c/providers/Microsoft.Network/locations/westus2/operations/8939bcea-0d79-4e07-80b1-eeaae2d74b41?api-version=2021-02-01",
      "RequestMethod": "GET",
      "RequestHeaders": {
        "Authorization": "Sanitized",
        "User-Agent": [
          "azsdk-net-ResourceManager/1.0.0-beta.4",
          "(.NET Core 3.1.19; Microsoft Windows 10.0.19043)"
        ],
        "x-ms-client-request-id": "ed8a3c51a4e8f021db84928961b68244",
        "x-ms-return-client-request-id": "true"
      },
      "RequestBody": null,
      "StatusCode": 200,
      "ResponseHeaders": {
        "Cache-Control": "no-cache",
        "Content-Length": "29",
        "Content-Type": "application/json; charset=utf-8",
        "Date": "Tue, 19 Oct 2021 02:05:33 GMT",
        "Expires": "-1",
        "Pragma": "no-cache",
        "Server": [
          "Microsoft-HTTPAPI/2.0",
          "Microsoft-HTTPAPI/2.0"
        ],
        "Strict-Transport-Security": "max-age=31536000; includeSubDomains",
        "X-Content-Type-Options": "nosniff",
        "x-ms-arm-service-request-id": "eb2a1c86-29e0-4119-9ea1-9a4673795753",
        "x-ms-client-request-id": "ed8a3c51a4e8f021db84928961b68244",
        "x-ms-correlation-request-id": "d33d2739-d413-4aa8-950f-88077af37cce",
        "x-ms-ratelimit-remaining-subscription-reads": "11998",
        "x-ms-request-id": "b779737d-73e7-49fe-9337-fc4eb5772739",
        "x-ms-routing-request-id": "SOUTHEASTASIA:20211019T020533Z:d33d2739-d413-4aa8-950f-88077af37cce"
      },
      "ResponseBody": [
        "{\r\n",
        "  \u0022status\u0022: \u0022Succeeded\u0022\r\n",
        "}"
      ]
    },
    {
      "RequestUri": "https://management.azure.com/subscriptions/db1ab6f0-4769-4b27-930e-01e2ef9c123c/resourceGroups/WebPubSubRG-6848/providers/Microsoft.Network/virtualNetworks/Vnet-6231?api-version=2021-02-01",
      "RequestMethod": "GET",
      "RequestHeaders": {
        "Authorization": "Sanitized",
        "User-Agent": [
          "azsdk-net-ResourceManager/1.0.0-beta.4",
          "(.NET Core 3.1.19; Microsoft Windows 10.0.19043)"
        ],
        "x-ms-client-request-id": "c7884d7cb19dec6da1f9ce883ea64bb8",
        "x-ms-return-client-request-id": "true"
      },
      "RequestBody": null,
      "StatusCode": 200,
      "ResponseHeaders": {
        "Cache-Control": "no-cache",
        "Content-Length": "1851",
        "Content-Type": "application/json; charset=utf-8",
        "Date": "Tue, 19 Oct 2021 02:05:33 GMT",
        "ETag": "W/\u0022ca498001-3c81-4fdd-8ba1-09fdfbc6e393\u0022",
        "Expires": "-1",
        "Pragma": "no-cache",
        "Server": [
          "Microsoft-HTTPAPI/2.0",
          "Microsoft-HTTPAPI/2.0"
        ],
        "Strict-Transport-Security": "max-age=31536000; includeSubDomains",
        "X-Content-Type-Options": "nosniff",
        "x-ms-arm-service-request-id": "159047ab-50e9-4ae6-b16a-2ced76aff65b",
        "x-ms-client-request-id": "c7884d7cb19dec6da1f9ce883ea64bb8",
        "x-ms-correlation-request-id": "6affa6d0-5fc5-405b-84f5-b0b02fbf2740",
        "x-ms-ratelimit-remaining-subscription-reads": "11997",
        "x-ms-request-id": "e233371b-c1e8-4311-9d84-15ff763ab956",
        "x-ms-routing-request-id": "SOUTHEASTASIA:20211019T020534Z:6affa6d0-5fc5-405b-84f5-b0b02fbf2740"
      },
      "ResponseBody": [
        "{\r\n",
        "  \u0022name\u0022: \u0022Vnet-6231\u0022,\r\n",
        "  \u0022id\u0022: \u0022/subscriptions/db1ab6f0-4769-4b27-930e-01e2ef9c123c/resourceGroups/WebPubSubRG-6848/providers/Microsoft.Network/virtualNetworks/Vnet-6231\u0022,\r\n",
        "  \u0022etag\u0022: \u0022W/\\\u0022ca498001-3c81-4fdd-8ba1-09fdfbc6e393\\\u0022\u0022,\r\n",
        "  \u0022type\u0022: \u0022Microsoft.Network/virtualNetworks\u0022,\r\n",
        "  \u0022location\u0022: \u0022westus2\u0022,\r\n",
        "  \u0022properties\u0022: {\r\n",
        "    \u0022provisioningState\u0022: \u0022Succeeded\u0022,\r\n",
        "    \u0022resourceGuid\u0022: \u002252c7df81-b86f-40f1-a2f1-5b26c25e8628\u0022,\r\n",
        "    \u0022addressSpace\u0022: {\r\n",
        "      \u0022addressPrefixes\u0022: [\r\n",
        "        \u002210.10.0.0/16\u0022\r\n",
        "      ]\r\n",
        "    },\r\n",
        "    \u0022subnets\u0022: [\r\n",
        "      {\r\n",
        "        \u0022name\u0022: \u0022subnet01\u0022,\r\n",
        "        \u0022id\u0022: \u0022/subscriptions/db1ab6f0-4769-4b27-930e-01e2ef9c123c/resourceGroups/WebPubSubRG-6848/providers/Microsoft.Network/virtualNetworks/Vnet-6231/subnets/subnet01\u0022,\r\n",
        "        \u0022etag\u0022: \u0022W/\\\u0022ca498001-3c81-4fdd-8ba1-09fdfbc6e393\\\u0022\u0022,\r\n",
        "        \u0022properties\u0022: {\r\n",
        "          \u0022provisioningState\u0022: \u0022Succeeded\u0022,\r\n",
        "          \u0022addressPrefix\u0022: \u002210.10.1.0/24\u0022,\r\n",
        "          \u0022delegations\u0022: [],\r\n",
        "          \u0022privateEndpointNetworkPolicies\u0022: \u0022Enabled\u0022,\r\n",
        "          \u0022privateLinkServiceNetworkPolicies\u0022: \u0022Enabled\u0022\r\n",
        "        },\r\n",
        "        \u0022type\u0022: \u0022Microsoft.Network/virtualNetworks/subnets\u0022\r\n",
        "      },\r\n",
        "      {\r\n",
        "        \u0022name\u0022: \u0022subnet02\u0022,\r\n",
        "        \u0022id\u0022: \u0022/subscriptions/db1ab6f0-4769-4b27-930e-01e2ef9c123c/resourceGroups/WebPubSubRG-6848/providers/Microsoft.Network/virtualNetworks/Vnet-6231/subnets/subnet02\u0022,\r\n",
        "        \u0022etag\u0022: \u0022W/\\\u0022ca498001-3c81-4fdd-8ba1-09fdfbc6e393\\\u0022\u0022,\r\n",
        "        \u0022properties\u0022: {\r\n",
        "          \u0022provisioningState\u0022: \u0022Succeeded\u0022,\r\n",
        "          \u0022addressPrefix\u0022: \u002210.10.2.0/24\u0022,\r\n",
        "          \u0022delegations\u0022: [],\r\n",
        "          \u0022privateEndpointNetworkPolicies\u0022: \u0022Disabled\u0022,\r\n",
        "          \u0022privateLinkServiceNetworkPolicies\u0022: \u0022Enabled\u0022\r\n",
        "        },\r\n",
        "        \u0022type\u0022: \u0022Microsoft.Network/virtualNetworks/subnets\u0022\r\n",
        "      }\r\n",
        "    ],\r\n",
        "    \u0022virtualNetworkPeerings\u0022: [],\r\n",
        "    \u0022enableDdosProtection\u0022: false\r\n",
        "  }\r\n",
        "}"
      ]
    }
  ],
  "Variables": {
    "RandomSeed": "1721067916",
    "RESOURCE_MANAGER_URL": null,
    "SUBSCRIPTION_ID": "db1ab6f0-4769-4b27-930e-01e2ef9c123c"
  }
}