{
  "Entries": [
    {
      "RequestUri": "https://management.azure.com/subscriptions/db1ab6f0-4769-4b27-930e-01e2ef9c123c?api-version=2019-11-01",
      "RequestMethod": "GET",
      "RequestHeaders": {
        "Accept": "application/json",
        "Authorization": "Sanitized",
        "traceparent": "00-bbb321e5138da44b8ac5d037b1d2529d-1234c2d905305046-00",
        "User-Agent": [
          "azsdk-net-ResourceManager/1.0.0-beta.5",
          "(.NET Core 3.1.21; Microsoft Windows 10.0.22000)"
        ],
        "x-ms-client-request-id": "e72c0905e6b6be5fadf89b0c60196095",
        "x-ms-return-client-request-id": "true"
      },
      "RequestBody": null,
      "StatusCode": 200,
      "ResponseHeaders": {
        "Cache-Control": "no-cache",
        "Content-Length": "468",
        "Content-Type": "application/json; charset=utf-8",
        "Date": "Thu, 18 Nov 2021 05:49:19 GMT",
        "Expires": "-1",
        "Pragma": "no-cache",
        "Strict-Transport-Security": "max-age=31536000; includeSubDomains",
        "X-Content-Type-Options": "nosniff",
        "x-ms-correlation-request-id": "78e66a5d-0534-4c42-92a2-6407f9d7d819",
        "x-ms-ratelimit-remaining-subscription-reads": "11771",
        "x-ms-request-id": "78e66a5d-0534-4c42-92a2-6407f9d7d819",
        "x-ms-routing-request-id": "SOUTHEASTASIA:20211118T054920Z:78e66a5d-0534-4c42-92a2-6407f9d7d819"
      },
      "ResponseBody": {
        "id": "/subscriptions/db1ab6f0-4769-4b27-930e-01e2ef9c123c",
        "authorizationSource": "RoleBased",
        "managedByTenants": [],
        "tags": {
          "tagKey1": "tagValue1",
          "tagKey2": "tagValue2"
        },
        "subscriptionId": "db1ab6f0-4769-4b27-930e-01e2ef9c123c",
        "tenantId": "72f988bf-86f1-41af-91ab-2d7cd011db47",
        "displayName": ".NET Mgmt SDK Test with TTL = 1 Day",
        "state": "Enabled",
        "subscriptionPolicies": {
          "locationPlacementId": "Internal_2014-09-01",
          "quotaId": "Internal_2014-09-01",
          "spendingLimit": "Off"
        }
      }
    },
    {
      "RequestUri": "https://management.azure.com/subscriptions/db1ab6f0-4769-4b27-930e-01e2ef9c123c/resourcegroups/WebPubSubRG-6848?api-version=2019-10-01",
      "RequestMethod": "PUT",
      "RequestHeaders": {
        "Accept": "application/json",
        "Authorization": "Sanitized",
        "Content-Length": "22",
        "Content-Type": "application/json",
        "User-Agent": [
          "azsdk-net-ResourceManager/1.0.0-beta.5",
          "(.NET Core 3.1.21; Microsoft Windows 10.0.22000)"
        ],
        "x-ms-client-request-id": "bc699a1252ef490e85bfa0303f75d703",
        "x-ms-return-client-request-id": "true"
      },
      "RequestBody": {
        "location": "westus2"
      },
      "StatusCode": 200,
      "ResponseHeaders": {
        "Cache-Control": "no-cache",
        "Content-Length": "230",
        "Content-Type": "application/json; charset=utf-8",
        "Date": "Thu, 18 Nov 2021 05:49:21 GMT",
        "Expires": "-1",
        "Pragma": "no-cache",
        "Strict-Transport-Security": "max-age=31536000; includeSubDomains",
        "X-Content-Type-Options": "nosniff",
        "x-ms-correlation-request-id": "b10dd6cc-9902-4bb6-b419-dd967aa04af1",
        "x-ms-ratelimit-remaining-subscription-writes": "1199",
        "x-ms-request-id": "b10dd6cc-9902-4bb6-b419-dd967aa04af1",
        "x-ms-routing-request-id": "SOUTHEASTASIA:20211118T054922Z:b10dd6cc-9902-4bb6-b419-dd967aa04af1"
      },
      "ResponseBody": {
        "id": "/subscriptions/db1ab6f0-4769-4b27-930e-01e2ef9c123c/resourceGroups/WebPubSubRG-6848",
        "name": "WebPubSubRG-6848",
        "type": "Microsoft.Resources/resourceGroups",
        "location": "westus2",
        "properties": {
          "provisioningState": "Succeeded"
        }
      }
    },
    {
      "RequestUri": "https://management.azure.com/subscriptions/db1ab6f0-4769-4b27-930e-01e2ef9c123c/resourceGroups/WebPubSubRG-6848/providers/Microsoft.Network/virtualNetworks/Vnet-7393?api-version=2021-02-01",
      "RequestMethod": "PUT",
      "RequestHeaders": {
        "Accept": "application/json",
        "Authorization": "Sanitized",
        "Content-Length": "277",
        "Content-Type": "application/json",
        "User-Agent": [
          "azsdk-net-ResourceManager.Network/1.0.0-beta.3",
          "(.NET Core 3.1.21; Microsoft Windows 10.0.22000)"
        ],
        "x-ms-client-request-id": "2a3e0b2347f514cbce7cc024081decc2",
        "x-ms-return-client-request-id": "true"
      },
      "RequestBody": {
        "location": "westus2",
        "properties": {
          "addressSpace": {
            "addressPrefixes": [
              "10.10.0.0/16"
            ]
          },
          "subnets": [
            {
              "name": "subnet01",
              "properties": {
                "addressPrefix": "10.10.1.0/24"
              }
            },
            {
              "name": "subnet02",
              "properties": {
                "addressPrefix": "10.10.2.0/24",
                "privateEndpointNetworkPolicies": "Disabled"
              }
            }
          ]
        }
      },
      "StatusCode": 201,
      "ResponseHeaders": {
        "Azure-AsyncNotification": "Enabled",
        "Azure-AsyncOperation": "https://management.azure.com/subscriptions/db1ab6f0-4769-4b27-930e-01e2ef9c123c/providers/Microsoft.Network/locations/westus2/operations/c786aa69-556a-4b77-9efd-40d17acf3970?api-version=2021-02-01",
        "Cache-Control": "no-cache",
        "Content-Length": "1848",
        "Content-Type": "application/json; charset=utf-8",
        "Date": "Thu, 18 Nov 2021 05:49:26 GMT",
        "Expires": "-1",
        "Pragma": "no-cache",
        "Retry-After": "3",
        "Server": [
          "Microsoft-HTTPAPI/2.0",
          "Microsoft-HTTPAPI/2.0"
        ],
        "Strict-Transport-Security": "max-age=31536000; includeSubDomains",
        "X-Content-Type-Options": "nosniff",
        "x-ms-arm-service-request-id": "38853047-e0a5-4dd9-9ec2-606c7a78b624",
        "x-ms-client-request-id": "2a3e0b2347f514cbce7cc024081decc2",
        "x-ms-correlation-request-id": "a3c49b87-833c-4953-a43b-cd5a10133013",
        "x-ms-ratelimit-remaining-subscription-writes": "1198",
        "x-ms-request-id": "c786aa69-556a-4b77-9efd-40d17acf3970",
        "x-ms-routing-request-id": "SOUTHEASTASIA:20211118T054927Z:a3c49b87-833c-4953-a43b-cd5a10133013"
      },
      "ResponseBody": [
        "{\r\n",
        "  \u0022name\u0022: \u0022Vnet-7393\u0022,\r\n",
        "  \u0022id\u0022: \u0022/subscriptions/db1ab6f0-4769-4b27-930e-01e2ef9c123c/resourceGroups/WebPubSubRG-6848/providers/Microsoft.Network/virtualNetworks/Vnet-7393\u0022,\r\n",
        "  \u0022etag\u0022: \u0022W/\\\u0022c64956c7-1c09-4eee-aee9-071dfdf2f394\\\u0022\u0022,\r\n",
        "  \u0022type\u0022: \u0022Microsoft.Network/virtualNetworks\u0022,\r\n",
        "  \u0022location\u0022: \u0022westus2\u0022,\r\n",
        "  \u0022properties\u0022: {\r\n",
        "    \u0022provisioningState\u0022: \u0022Updating\u0022,\r\n",
        "    \u0022resourceGuid\u0022: \u00222935e2bb-e9c6-42a8-8cd7-70020e6a6038\u0022,\r\n",
        "    \u0022addressSpace\u0022: {\r\n",
        "      \u0022addressPrefixes\u0022: [\r\n",
        "        \u002210.10.0.0/16\u0022\r\n",
        "      ]\r\n",
        "    },\r\n",
        "    \u0022subnets\u0022: [\r\n",
        "      {\r\n",
        "        \u0022name\u0022: \u0022subnet01\u0022,\r\n",
        "        \u0022id\u0022: \u0022/subscriptions/db1ab6f0-4769-4b27-930e-01e2ef9c123c/resourceGroups/WebPubSubRG-6848/providers/Microsoft.Network/virtualNetworks/Vnet-7393/subnets/subnet01\u0022,\r\n",
        "        \u0022etag\u0022: \u0022W/\\\u0022c64956c7-1c09-4eee-aee9-071dfdf2f394\\\u0022\u0022,\r\n",
        "        \u0022properties\u0022: {\r\n",
        "          \u0022provisioningState\u0022: \u0022Updating\u0022,\r\n",
        "          \u0022addressPrefix\u0022: \u002210.10.1.0/24\u0022,\r\n",
        "          \u0022delegations\u0022: [],\r\n",
        "          \u0022privateEndpointNetworkPolicies\u0022: \u0022Enabled\u0022,\r\n",
        "          \u0022privateLinkServiceNetworkPolicies\u0022: \u0022Enabled\u0022\r\n",
        "        },\r\n",
        "        \u0022type\u0022: \u0022Microsoft.Network/virtualNetworks/subnets\u0022\r\n",
        "      },\r\n",
        "      {\r\n",
        "        \u0022name\u0022: \u0022subnet02\u0022,\r\n",
        "        \u0022id\u0022: \u0022/subscriptions/db1ab6f0-4769-4b27-930e-01e2ef9c123c/resourceGroups/WebPubSubRG-6848/providers/Microsoft.Network/virtualNetworks/Vnet-7393/subnets/subnet02\u0022,\r\n",
        "        \u0022etag\u0022: \u0022W/\\\u0022c64956c7-1c09-4eee-aee9-071dfdf2f394\\\u0022\u0022,\r\n",
        "        \u0022properties\u0022: {\r\n",
        "          \u0022provisioningState\u0022: \u0022Updating\u0022,\r\n",
        "          \u0022addressPrefix\u0022: \u002210.10.2.0/24\u0022,\r\n",
        "          \u0022delegations\u0022: [],\r\n",
        "          \u0022privateEndpointNetworkPolicies\u0022: \u0022Disabled\u0022,\r\n",
        "          \u0022privateLinkServiceNetworkPolicies\u0022: \u0022Enabled\u0022\r\n",
        "        },\r\n",
        "        \u0022type\u0022: \u0022Microsoft.Network/virtualNetworks/subnets\u0022\r\n",
        "      }\r\n",
        "    ],\r\n",
        "    \u0022virtualNetworkPeerings\u0022: [],\r\n",
        "    \u0022enableDdosProtection\u0022: false\r\n",
        "  }\r\n",
        "}"
      ]
    },
    {
      "RequestUri": "https://management.azure.com/subscriptions/db1ab6f0-4769-4b27-930e-01e2ef9c123c/providers/Microsoft.Network/locations/westus2/operations/c786aa69-556a-4b77-9efd-40d17acf3970?api-version=2021-02-01",
      "RequestMethod": "GET",
      "RequestHeaders": {
        "Authorization": "Sanitized",
        "User-Agent": [
          "azsdk-net-ResourceManager/1.0.0-beta.5",
          "(.NET Core 3.1.21; Microsoft Windows 10.0.22000)"
        ],
        "x-ms-client-request-id": "8a3c51b2e8ed21a4f0db84928961b682",
        "x-ms-return-client-request-id": "true"
      },
      "RequestBody": null,
      "StatusCode": 200,
      "ResponseHeaders": {
        "Cache-Control": "no-cache",
        "Content-Length": "30",
        "Content-Type": "application/json; charset=utf-8",
        "Date": "Thu, 18 Nov 2021 05:49:27 GMT",
        "Expires": "-1",
        "Pragma": "no-cache",
        "Retry-After": "10",
        "Server": [
          "Microsoft-HTTPAPI/2.0",
          "Microsoft-HTTPAPI/2.0"
        ],
        "Strict-Transport-Security": "max-age=31536000; includeSubDomains",
        "X-Content-Type-Options": "nosniff",
        "x-ms-arm-service-request-id": "94e3d3b2-6e06-4553-9254-ad1ee033aeaa",
        "x-ms-client-request-id": "8a3c51b2e8ed21a4f0db84928961b682",
        "x-ms-correlation-request-id": "71497346-8013-4ef1-9d2a-0d0b8d6d134d",
        "x-ms-ratelimit-remaining-subscription-reads": "11770",
        "x-ms-request-id": "320fab06-3a99-4a36-afff-5b455b77c645",
        "x-ms-routing-request-id": "SOUTHEASTASIA:20211118T054928Z:71497346-8013-4ef1-9d2a-0d0b8d6d134d"
      },
      "ResponseBody": [
        "{\r\n",
        "  \u0022status\u0022: \u0022InProgress\u0022\r\n",
        "}"
      ]
    },
    {
      "RequestUri": "https://management.azure.com/subscriptions/db1ab6f0-4769-4b27-930e-01e2ef9c123c/providers/Microsoft.Network/locations/westus2/operations/c786aa69-556a-4b77-9efd-40d17acf3970?api-version=2021-02-01",
      "RequestMethod": "GET",
      "RequestHeaders": {
        "Authorization": "Sanitized",
        "User-Agent": [
          "azsdk-net-ResourceManager/1.0.0-beta.5",
          "(.NET Core 3.1.21; Microsoft Windows 10.0.22000)"
        ],
        "x-ms-client-request-id": "884d7c449dc76db1eca1f9ce883ea64b",
        "x-ms-return-client-request-id": "true"
      },
      "RequestBody": null,
      "StatusCode": 200,
      "ResponseHeaders": {
        "Cache-Control": "no-cache",
        "Content-Length": "29",
        "Content-Type": "application/json; charset=utf-8",
        "Date": "Thu, 18 Nov 2021 05:49:29 GMT",
        "Expires": "-1",
        "Pragma": "no-cache",
        "Server": [
          "Microsoft-HTTPAPI/2.0",
          "Microsoft-HTTPAPI/2.0"
        ],
        "Strict-Transport-Security": "max-age=31536000; includeSubDomains",
        "X-Content-Type-Options": "nosniff",
        "x-ms-arm-service-request-id": "ab5baa8a-a094-4063-a7f7-cbc36916ff6a",
        "x-ms-client-request-id": "884d7c449dc76db1eca1f9ce883ea64b",
        "x-ms-correlation-request-id": "cb4a6af6-f8bb-4456-b037-fc5ebdfa7cdf",
        "x-ms-ratelimit-remaining-subscription-reads": "11769",
        "x-ms-request-id": "501ff422-de19-4749-b6d1-adfc9641e8d3",
        "x-ms-routing-request-id": "SOUTHEASTASIA:20211118T054929Z:cb4a6af6-f8bb-4456-b037-fc5ebdfa7cdf"
      },
      "ResponseBody": [
        "{\r\n",
        "  \u0022status\u0022: \u0022Succeeded\u0022\r\n",
        "}"
      ]
    },
    {
      "RequestUri": "https://management.azure.com/subscriptions/db1ab6f0-4769-4b27-930e-01e2ef9c123c/resourceGroups/WebPubSubRG-6848/providers/Microsoft.Network/virtualNetworks/Vnet-7393?api-version=2021-02-01",
      "RequestMethod": "GET",
      "RequestHeaders": {
        "Authorization": "Sanitized",
        "User-Agent": [
          "azsdk-net-ResourceManager/1.0.0-beta.5",
          "(.NET Core 3.1.21; Microsoft Windows 10.0.22000)"
        ],
        "x-ms-client-request-id": "b672b7b861e13fd4aa19203a318b14ce",
        "x-ms-return-client-request-id": "true"
      },
      "RequestBody": null,
      "StatusCode": 200,
      "ResponseHeaders": {
        "Cache-Control": "no-cache",
        "Content-Length": "1851",
        "Content-Type": "application/json; charset=utf-8",
        "Date": "Thu, 18 Nov 2021 05:49:30 GMT",
        "ETag": "W/\u00229753785c-9485-4e0f-aca4-d772b00cfc34\u0022",
        "Expires": "-1",
        "Pragma": "no-cache",
        "Server": [
          "Microsoft-HTTPAPI/2.0",
          "Microsoft-HTTPAPI/2.0"
        ],
        "Strict-Transport-Security": "max-age=31536000; includeSubDomains",
        "X-Content-Type-Options": "nosniff",
        "x-ms-arm-service-request-id": "10657230-5c09-4ddc-a2d1-0488d6e080ce",
        "x-ms-client-request-id": "b672b7b861e13fd4aa19203a318b14ce",
        "x-ms-correlation-request-id": "6b372951-d5ee-4126-8c55-0dc5b724d1d1",
        "x-ms-ratelimit-remaining-subscription-reads": "11768",
        "x-ms-request-id": "67d76cdb-0443-430c-9540-209d5bf0b643",
        "x-ms-routing-request-id": "SOUTHEASTASIA:20211118T054930Z:6b372951-d5ee-4126-8c55-0dc5b724d1d1"
      },
      "ResponseBody": [
        "{\r\n",
        "  \u0022name\u0022: \u0022Vnet-7393\u0022,\r\n",
        "  \u0022id\u0022: \u0022/subscriptions/db1ab6f0-4769-4b27-930e-01e2ef9c123c/resourceGroups/WebPubSubRG-6848/providers/Microsoft.Network/virtualNetworks/Vnet-7393\u0022,\r\n",
        "  \u0022etag\u0022: \u0022W/\\\u00229753785c-9485-4e0f-aca4-d772b00cfc34\\\u0022\u0022,\r\n",
        "  \u0022type\u0022: \u0022Microsoft.Network/virtualNetworks\u0022,\r\n",
        "  \u0022location\u0022: \u0022westus2\u0022,\r\n",
        "  \u0022properties\u0022: {\r\n",
        "    \u0022provisioningState\u0022: \u0022Succeeded\u0022,\r\n",
        "    \u0022resourceGuid\u0022: \u00222935e2bb-e9c6-42a8-8cd7-70020e6a6038\u0022,\r\n",
        "    \u0022addressSpace\u0022: {\r\n",
        "      \u0022addressPrefixes\u0022: [\r\n",
        "        \u002210.10.0.0/16\u0022\r\n",
        "      ]\r\n",
        "    },\r\n",
        "    \u0022subnets\u0022: [\r\n",
        "      {\r\n",
        "        \u0022name\u0022: \u0022subnet01\u0022,\r\n",
        "        \u0022id\u0022: \u0022/subscriptions/db1ab6f0-4769-4b27-930e-01e2ef9c123c/resourceGroups/WebPubSubRG-6848/providers/Microsoft.Network/virtualNetworks/Vnet-7393/subnets/subnet01\u0022,\r\n",
        "        \u0022etag\u0022: \u0022W/\\\u00229753785c-9485-4e0f-aca4-d772b00cfc34\\\u0022\u0022,\r\n",
        "        \u0022properties\u0022: {\r\n",
        "          \u0022provisioningState\u0022: \u0022Succeeded\u0022,\r\n",
        "          \u0022addressPrefix\u0022: \u002210.10.1.0/24\u0022,\r\n",
        "          \u0022delegations\u0022: [],\r\n",
        "          \u0022privateEndpointNetworkPolicies\u0022: \u0022Enabled\u0022,\r\n",
        "          \u0022privateLinkServiceNetworkPolicies\u0022: \u0022Enabled\u0022\r\n",
        "        },\r\n",
        "        \u0022type\u0022: \u0022Microsoft.Network/virtualNetworks/subnets\u0022\r\n",
        "      },\r\n",
        "      {\r\n",
        "        \u0022name\u0022: \u0022subnet02\u0022,\r\n",
        "        \u0022id\u0022: \u0022/subscriptions/db1ab6f0-4769-4b27-930e-01e2ef9c123c/resourceGroups/WebPubSubRG-6848/providers/Microsoft.Network/virtualNetworks/Vnet-7393/subnets/subnet02\u0022,\r\n",
        "        \u0022etag\u0022: \u0022W/\\\u00229753785c-9485-4e0f-aca4-d772b00cfc34\\\u0022\u0022,\r\n",
        "        \u0022properties\u0022: {\r\n",
        "          \u0022provisioningState\u0022: \u0022Succeeded\u0022,\r\n",
        "          \u0022addressPrefix\u0022: \u002210.10.2.0/24\u0022,\r\n",
        "          \u0022delegations\u0022: [],\r\n",
        "          \u0022privateEndpointNetworkPolicies\u0022: \u0022Disabled\u0022,\r\n",
        "          \u0022privateLinkServiceNetworkPolicies\u0022: \u0022Enabled\u0022\r\n",
        "        },\r\n",
        "        \u0022type\u0022: \u0022Microsoft.Network/virtualNetworks/subnets\u0022\r\n",
        "      }\r\n",
        "    ],\r\n",
        "    \u0022virtualNetworkPeerings\u0022: [],\r\n",
        "    \u0022enableDdosProtection\u0022: false\r\n",
        "  }\r\n",
        "}"
      ]
    }
  ],
  "Variables": {
    "RandomSeed": "1721067916",
    "RESOURCE_MANAGER_URL": null,
    "SUBSCRIPTION_ID": "db1ab6f0-4769-4b27-930e-01e2ef9c123c"
  }
}