{
  "Entries": [
    {
      "RequestUri": "https://camaiaor-formrec-westcentralus.cognitiveservices.azure.com/formrecognizer/v2.0-preview/custom/models",
      "RequestMethod": "POST",
      "RequestHeaders": {
        "Content-Length": "43",
        "Content-Type": "application/json",
        "Ocp-Apim-Subscription-Key": "Sanitized",
        "Request-Id": "|d3b56c2a-4b8fa537f4924b3d.",
        "User-Agent": [
          "azsdk-net-AI.FormRecognizer/1.0.0-dev.20200617.1",
          "(.NET Core 4.6.28516.03; Microsoft Windows 10.0.18363 )"
        ],
        "x-ms-client-request-id": "eb7cacb7790a03f503fc8f5623f330a3",
        "x-ms-return-client-request-id": "true"
      },
      "RequestBody": {
        "source": "Sanitized",
        "useLabelFile": false
      },
      "StatusCode": 201,
      "ResponseHeaders": {
        "apim-request-id": "189fcf02-044f-49f2-a5cf-055b4d576db0",
        "Content-Length": "0",
        "Date": "Wed, 17 Jun 2020 17:54:23 GMT",
        "Location": "https://camaiaor-formrec-westcentralus.cognitiveservices.azure.com/formrecognizer/v2.0-preview/custom/models/3d2357f5-da4c-45a2-b75a-4f4c3281ba0a",
        "Strict-Transport-Security": "max-age=31536000; includeSubDomains; preload",
        "X-Content-Type-Options": "nosniff",
        "x-envoy-upstream-service-time": "52"
      },
      "ResponseBody": []
    },
    {
      "RequestUri": "https://camaiaor-formrec-westcentralus.cognitiveservices.azure.com/formrecognizer/v2.0-preview/custom/models/3d2357f5-da4c-45a2-b75a-4f4c3281ba0a?includeKeys=true",
      "RequestMethod": "GET",
      "RequestHeaders": {
        "Ocp-Apim-Subscription-Key": "Sanitized",
        "User-Agent": [
          "azsdk-net-AI.FormRecognizer/1.0.0-dev.20200617.1",
          "(.NET Core 4.6.28516.03; Microsoft Windows 10.0.18363 )"
        ],
        "x-ms-client-request-id": "35c301037dccd5a53bd6a1a539c82037",
        "x-ms-return-client-request-id": "true"
      },
      "RequestBody": null,
      "StatusCode": 200,
      "ResponseHeaders": {
        "apim-request-id": "911bf2d5-374b-4d6a-8e0c-a2fa71b9a79d",
        "Content-Type": "application/json; charset=utf-8",
        "Date": "Wed, 17 Jun 2020 17:54:24 GMT",
        "Strict-Transport-Security": "max-age=31536000; includeSubDomains; preload",
        "Transfer-Encoding": "chunked",
        "X-Content-Type-Options": "nosniff",
        "x-envoy-upstream-service-time": "22"
      },
      "ResponseBody": {
        "modelInfo": {
          "modelId": "3d2357f5-da4c-45a2-b75a-4f4c3281ba0a",
          "status": "creating",
          "createdDateTime": "2020-06-17T17:54:24Z",
          "lastUpdatedDateTime": "2020-06-17T17:54:24Z"
        }
      }
    },
    {
      "RequestUri": "https://camaiaor-formrec-westcentralus.cognitiveservices.azure.com/formrecognizer/v2.0-preview/custom/models/3d2357f5-da4c-45a2-b75a-4f4c3281ba0a?includeKeys=true",
      "RequestMethod": "GET",
      "RequestHeaders": {
        "Ocp-Apim-Subscription-Key": "Sanitized",
        "User-Agent": [
          "azsdk-net-AI.FormRecognizer/1.0.0-dev.20200617.1",
          "(.NET Core 4.6.28516.03; Microsoft Windows 10.0.18363 )"
        ],
        "x-ms-client-request-id": "7a22e44544cd5fe724f6b6410e571052",
        "x-ms-return-client-request-id": "true"
      },
      "RequestBody": null,
      "StatusCode": 200,
      "ResponseHeaders": {
        "apim-request-id": "3de65265-9b89-4b0a-b305-b18c2d32abd8",
        "Content-Type": "application/json; charset=utf-8",
        "Date": "Wed, 17 Jun 2020 17:54:25 GMT",
        "Strict-Transport-Security": "max-age=31536000; includeSubDomains; preload",
        "Transfer-Encoding": "chunked",
        "X-Content-Type-Options": "nosniff",
        "x-envoy-upstream-service-time": "24",
        "x-ms-cs-error-code": "2001"
      },
      "ResponseBody": {
        "modelInfo": {
          "modelId": "3d2357f5-da4c-45a2-b75a-4f4c3281ba0a",
          "status": "invalid",
          "createdDateTime": "2020-06-17T17:54:24Z",
          "lastUpdatedDateTime": "2020-06-17T17:54:24Z"
        },
        "keys": {
          "clusters": {}
        },
        "trainResult": {
          "trainingDocuments": [],
          "errors": [
            {
              "code": "2001",
              "message": "Invalid path."
            }
          ]
        }
      }
    }
  ],
  "Variables": {
    "FORM_RECOGNIZER_API_KEY": "Sanitized",
    "FORM_RECOGNIZER_ENDPOINT": "https://camaiaor-formrec-westcentralus.cognitiveservices.azure.com/",
    "RandomSeed": "199341024"
  }
}