{
  "Entries": [
    {
      "RequestUri": "https://camaiaor-formrec-westcentralus.cognitiveservices.azure.com/formrecognizer/v2.1-preview.2/custom/models",
      "RequestMethod": "POST",
      "RequestHeaders": {
        "Accept": "application/json",
        "Content-Length": "42",
        "Content-Type": "application/json",
        "Ocp-Apim-Subscription-Key": "Sanitized",
        "traceparent": "00-e6320115dd96e842bfa07deb4059c693-5c9edeffda44a04f-00",
        "User-Agent": [
          "azsdk-net-AI.FormRecognizer/3.1.0-alpha.20201030.1",
          "(.NET Core 4.6.29130.01; Microsoft Windows 10.0.19042 )"
        ],
        "x-ms-client-request-id": "3d5f803a833180d586376a495109ab9b",
        "x-ms-return-client-request-id": "true"
      },
      "RequestBody": {
        "source": "Sanitized",
        "useLabelFile": true
      },
      "StatusCode": 201,
      "ResponseHeaders": {
        "apim-request-id": "fea6145a-9c13-4b97-8321-8b07557c3f90",
        "Content-Length": "0",
        "Date": "Fri, 30 Oct 2020 13:21:52 GMT",
        "Location": "https://camaiaor-formrec-westcentralus.cognitiveservices.azure.com/formrecognizer/v2.1-preview.2/custom/models/97be7970-9a98-4b3f-980c-77bf06f29131",
        "Strict-Transport-Security": "max-age=31536000; includeSubDomains; preload",
        "X-Content-Type-Options": "nosniff",
        "x-envoy-upstream-service-time": "75"
      },
      "ResponseBody": []
    },
    {
      "RequestUri": "https://camaiaor-formrec-westcentralus.cognitiveservices.azure.com/formrecognizer/v2.1-preview.2/custom/models/97be7970-9a98-4b3f-980c-77bf06f29131?includeKeys=true",
      "RequestMethod": "GET",
      "RequestHeaders": {
        "Accept": "application/json",
        "Ocp-Apim-Subscription-Key": "Sanitized",
        "User-Agent": [
          "azsdk-net-AI.FormRecognizer/3.1.0-alpha.20201030.1",
          "(.NET Core 4.6.29130.01; Microsoft Windows 10.0.19042 )"
        ],
        "x-ms-client-request-id": "4f2036bcf076346c2f0bd896a49c3196",
        "x-ms-return-client-request-id": "true"
      },
      "RequestBody": null,
      "StatusCode": 200,
      "ResponseHeaders": {
        "apim-request-id": "82503e71-0269-487b-ba19-e0a2b6570dfd",
        "Content-Type": "application/json; charset=utf-8",
        "Date": "Fri, 30 Oct 2020 13:21:52 GMT",
        "Strict-Transport-Security": "max-age=31536000; includeSubDomains; preload",
        "Transfer-Encoding": "chunked",
        "X-Content-Type-Options": "nosniff",
        "x-envoy-upstream-service-time": "22"
      },
      "ResponseBody": {
        "modelInfo": {
          "modelId": "97be7970-9a98-4b3f-980c-77bf06f29131",
          "status": "creating",
          "createdDateTime": "2020-10-30T13:21:52Z",
          "lastUpdatedDateTime": "2020-10-30T13:21:52Z"
        }
      }
    },
    {
      "RequestUri": "https://camaiaor-formrec-westcentralus.cognitiveservices.azure.com/formrecognizer/v2.1-preview.2/custom/models/97be7970-9a98-4b3f-980c-77bf06f29131?includeKeys=true",
      "RequestMethod": "GET",
      "RequestHeaders": {
        "Accept": "application/json",
        "Ocp-Apim-Subscription-Key": "Sanitized",
        "User-Agent": [
          "azsdk-net-AI.FormRecognizer/3.1.0-alpha.20201030.1",
          "(.NET Core 4.6.29130.01; Microsoft Windows 10.0.19042 )"
        ],
        "x-ms-client-request-id": "77e02286265e85aaaba2e27cde4e6c36",
        "x-ms-return-client-request-id": "true"
      },
      "RequestBody": null,
      "StatusCode": 200,
      "ResponseHeaders": {
        "apim-request-id": "d311f5ae-eae3-42c6-ae2e-c0143fd1555f",
        "Content-Type": "application/json; charset=utf-8",
        "Date": "Fri, 30 Oct 2020 13:21:54 GMT",
        "Strict-Transport-Security": "max-age=31536000; includeSubDomains; preload",
        "Transfer-Encoding": "chunked",
        "X-Content-Type-Options": "nosniff",
        "x-envoy-upstream-service-time": "22"
      },
      "ResponseBody": {
        "modelInfo": {
          "modelId": "97be7970-9a98-4b3f-980c-77bf06f29131",
          "attributes": {
            "isComposed": false
          },
          "status": "ready",
          "createdDateTime": "2020-10-30T13:21:52Z",
          "lastUpdatedDateTime": "2020-10-30T13:21:54Z"
        },
        "trainResult": {
          "averageModelAccuracy": 0.971,
          "trainingDocuments": [
            {
              "documentName": "multi1.pdf",
              "pages": 2,
              "status": "succeeded"
            },
            {
              "documentName": "multi2.pdf",
              "pages": 2,
              "status": "succeeded"
            },
            {
              "documentName": "multi3.pdf",
              "pages": 2,
              "status": "succeeded"
            },
            {
              "documentName": "multi4.pdf",
              "pages": 2,
              "status": "succeeded"
            },
            {
              "documentName": "multi5.pdf",
              "pages": 2,
              "status": "succeeded"
            }
          ],
          "fields": [
            {
              "fieldName": "Bronze",
              "accuracy": 1.0
            },
            {
              "fieldName": "CompanyName",
              "accuracy": 0.8
            },
            {
              "fieldName": "Contact",
              "accuracy": 1.0
            },
            {
              "fieldName": "Full",
              "accuracy": 1.0
            },
            {
              "fieldName": "Gold",
              "accuracy": 1.0
            },
            {
              "fieldName": "Half",
              "accuracy": 1.0
            },
            {
              "fieldName": "Silver",
              "accuracy": 1.0
            }
          ],
          "errors": []
        }
      }
    }
  ],
  "Variables": {
    "FORM_RECOGNIZER_API_KEY": "Sanitized",
    "FORM_RECOGNIZER_ENDPOINT": "https://camaiaor-formrec-westcentralus.cognitiveservices.azure.com/",
    "FORM_RECOGNIZER_MULTIPAGE_BLOB_CONTAINER_SAS_URL": "https://azuresdktrainingdata.blob.core.windows.net/multipage-vendor-forms?sp=rl\u0026st=2020-06-25T04:55:22Z\u0026se=2021-06-26T04:55:00Z\u0026sv=2019-10-10\u0026sr=c\u0026sig=Z25JFTIsP3tbxDjHP2CK05HxIS9uz1E%2FDaRfjeEUyaU%3D",
    "RandomSeed": "427345950"
  }
}