{
  "Entries": [
    {
      "RequestUri": "https://mariari-fr-westcentralus.cognitiveservices.azure.com/formrecognizer/v2.0-preview/custom/models",
      "RequestMethod": "POST",
      "RequestHeaders": {
        "Content-Length": "43",
        "Content-Type": "application/json",
        "Ocp-Apim-Subscription-Key": "Sanitized",
        "Request-Id": "|d6e910d6-4097d65428a87043.",
        "User-Agent": [
          "azsdk-net-AI.FormRecognizer/1.0.0-dev.20200617.1",
          "(.NET Core 4.6.28516.03; Microsoft Windows 10.0.18363 )"
        ],
        "x-ms-client-request-id": "d4c80638f4b1ebfe01a46453d8f75f77",
        "x-ms-return-client-request-id": "true"
      },
      "RequestBody": {
        "source": "Sanitized",
        "useLabelFile": false
      },
      "StatusCode": 201,
      "ResponseHeaders": {
        "apim-request-id": "d701a8a7-5647-4f07-8bc5-8ea712f37761",
        "Content-Length": "0",
        "Date": "Wed, 17 Jun 2020 22:10:44 GMT",
        "Location": "https://mariari-fr-westcentralus.cognitiveservices.azure.com/formrecognizer/v2.0-preview/custom/models/3898f727-5574-4892-a6ed-e4f493fa9652",
        "Strict-Transport-Security": "max-age=31536000; includeSubDomains; preload",
        "X-Content-Type-Options": "nosniff",
        "x-envoy-upstream-service-time": "104"
      },
      "ResponseBody": []
    },
    {
      "RequestUri": "https://mariari-fr-westcentralus.cognitiveservices.azure.com/formrecognizer/v2.0-preview/custom/models/3898f727-5574-4892-a6ed-e4f493fa9652?includeKeys=true",
      "RequestMethod": "GET",
      "RequestHeaders": {
        "Ocp-Apim-Subscription-Key": "Sanitized",
        "User-Agent": [
          "azsdk-net-AI.FormRecognizer/1.0.0-dev.20200617.1",
          "(.NET Core 4.6.28516.03; Microsoft Windows 10.0.18363 )"
        ],
        "x-ms-client-request-id": "d75ec970998c57a5ab95cd3411500208",
        "x-ms-return-client-request-id": "true"
      },
      "RequestBody": null,
      "StatusCode": 200,
      "ResponseHeaders": {
        "apim-request-id": "6d167051-d087-423d-ba13-6db7180178a8",
        "Content-Type": "application/json; charset=utf-8",
        "Date": "Wed, 17 Jun 2020 22:10:49 GMT",
        "Strict-Transport-Security": "max-age=31536000; includeSubDomains; preload",
        "Transfer-Encoding": "chunked",
        "X-Content-Type-Options": "nosniff",
        "x-envoy-upstream-service-time": "5057"
      },
      "ResponseBody": {
        "modelInfo": {
          "modelId": "3898f727-5574-4892-a6ed-e4f493fa9652",
          "status": "creating",
          "createdDateTime": "2020-06-17T22:10:44Z",
          "lastUpdatedDateTime": "2020-06-17T22:10:44Z"
        }
      }
    },
    {
      "RequestUri": "https://mariari-fr-westcentralus.cognitiveservices.azure.com/formrecognizer/v2.0-preview/custom/models/3898f727-5574-4892-a6ed-e4f493fa9652?includeKeys=true",
      "RequestMethod": "GET",
      "RequestHeaders": {
        "Ocp-Apim-Subscription-Key": "Sanitized",
        "User-Agent": [
          "azsdk-net-AI.FormRecognizer/1.0.0-dev.20200617.1",
          "(.NET Core 4.6.28516.03; Microsoft Windows 10.0.18363 )"
        ],
        "x-ms-client-request-id": "cfc3c32d3e50b649fe263d95d3181211",
        "x-ms-return-client-request-id": "true"
      },
      "RequestBody": null,
      "StatusCode": 429,
      "ResponseHeaders": {
        "apim-request-id": "9d002aa3-f528-4c52-97b3-e054706bd8f4",
        "Content-Length": "259",
        "Content-Type": "application/json",
        "Date": "Wed, 17 Jun 2020 22:10:50 GMT",
        "Retry-After": "8",
        "Strict-Transport-Security": "max-age=31536000; includeSubDomains; preload",
        "X-Content-Type-Options": "nosniff"
      },
      "ResponseBody": {
        "error": {
          "code": "429",
          "message": "Requests to the Get Custom Model Operation under Form Recognizer API have exceeded rate limit of your current FormRecognizer F0 pricing tier. Please retry after 8 seconds. To increase your rate limit switch to a paid tier."
        }
      }
    },
    {
      "RequestUri": "https://mariari-fr-westcentralus.cognitiveservices.azure.com/formrecognizer/v2.0-preview/custom/models/3898f727-5574-4892-a6ed-e4f493fa9652?includeKeys=true",
      "RequestMethod": "GET",
      "RequestHeaders": {
        "Ocp-Apim-Subscription-Key": "Sanitized",
        "User-Agent": [
          "azsdk-net-AI.FormRecognizer/1.0.0-dev.20200617.1",
          "(.NET Core 4.6.28516.03; Microsoft Windows 10.0.18363 )"
        ],
        "x-ms-client-request-id": "cfc3c32d3e50b649fe263d95d3181211",
        "x-ms-return-client-request-id": "true"
      },
      "RequestBody": null,
      "StatusCode": 200,
      "ResponseHeaders": {
        "apim-request-id": "5f8d32fe-dfab-4564-98ef-5ae40845e0c3",
        "Content-Type": "application/json; charset=utf-8",
        "Date": "Wed, 17 Jun 2020 22:10:59 GMT",
        "Strict-Transport-Security": "max-age=31536000; includeSubDomains; preload",
        "Transfer-Encoding": "chunked",
        "X-Content-Type-Options": "nosniff",
        "x-envoy-upstream-service-time": "98"
      },
      "ResponseBody": {
        "modelInfo": {
          "modelId": "3898f727-5574-4892-a6ed-e4f493fa9652",
          "status": "ready",
          "createdDateTime": "2020-06-17T22:10:44Z",
          "lastUpdatedDateTime": "2020-06-17T22:10:52Z"
        },
        "keys": {
          "clusters": {
            "0": [
              "Additional Notes:",
              "Address:",
              "Company Name:",
              "Company Phone:",
              "Dated As:",
              "Details",
              "Email:",
              "Hero Limited",
              "Name:",
              "Phone:",
              "Purchase Order",
              "Purchase Order #:",
              "Quantity",
              "SUBTOTAL",
              "Seattle, WA 93849 Phone:",
              "Shipped From",
              "Shipped To",
              "TAX",
              "TOTAL",
              "Total",
              "Unit Price",
              "Vendor Name:",
              "Website:"
            ]
          }
        },
        "trainResult": {
          "trainingDocuments": [
            {
              "documentName": "Form_1.jpg",
              "pages": 1,
              "errors": [],
              "status": "succeeded"
            },
            {
              "documentName": "Form_2.jpg",
              "pages": 1,
              "errors": [],
              "status": "succeeded"
            },
            {
              "documentName": "Form_3.jpg",
              "pages": 1,
              "errors": [],
              "status": "succeeded"
            },
            {
              "documentName": "Form_4.jpg",
              "pages": 1,
              "errors": [],
              "status": "succeeded"
            },
            {
              "documentName": "Form_5.jpg",
              "pages": 1,
              "errors": [],
              "status": "succeeded"
            }
          ],
          "errors": []
        }
      }
    },
    {
      "RequestUri": "https://mariari-fr-westcentralus.cognitiveservices.azure.com/formrecognizer/v2.0-preview/custom/models/3898f727-5574-4892-a6ed-e4f493fa9652?includeKeys=true",
      "RequestMethod": "GET",
      "RequestHeaders": {
        "Ocp-Apim-Subscription-Key": "Sanitized",
        "Request-Id": "|d6e910d7-4097d65428a87043.",
        "User-Agent": [
          "azsdk-net-AI.FormRecognizer/1.0.0-dev.20200617.1",
          "(.NET Core 4.6.28516.03; Microsoft Windows 10.0.18363 )"
        ],
        "x-ms-client-request-id": "862317feb2999e096071291c27c9d9b0",
        "x-ms-return-client-request-id": "true"
      },
      "RequestBody": null,
      "StatusCode": 200,
      "ResponseHeaders": {
        "apim-request-id": "aaa16d24-6f03-496b-9810-325d1b0a289c",
        "Content-Type": "application/json; charset=utf-8",
        "Date": "Wed, 17 Jun 2020 22:10:59 GMT",
        "Strict-Transport-Security": "max-age=31536000; includeSubDomains; preload",
        "Transfer-Encoding": "chunked",
        "X-Content-Type-Options": "nosniff",
        "x-envoy-upstream-service-time": "50"
      },
      "ResponseBody": {
        "modelInfo": {
          "modelId": "3898f727-5574-4892-a6ed-e4f493fa9652",
          "status": "ready",
          "createdDateTime": "2020-06-17T22:10:44Z",
          "lastUpdatedDateTime": "2020-06-17T22:10:52Z"
        },
        "keys": {
          "clusters": {
            "0": [
              "Additional Notes:",
              "Address:",
              "Company Name:",
              "Company Phone:",
              "Dated As:",
              "Details",
              "Email:",
              "Hero Limited",
              "Name:",
              "Phone:",
              "Purchase Order",
              "Purchase Order #:",
              "Quantity",
              "SUBTOTAL",
              "Seattle, WA 93849 Phone:",
              "Shipped From",
              "Shipped To",
              "TAX",
              "TOTAL",
              "Total",
              "Unit Price",
              "Vendor Name:",
              "Website:"
            ]
          }
        },
        "trainResult": {
          "trainingDocuments": [
            {
              "documentName": "Form_1.jpg",
              "pages": 1,
              "errors": [],
              "status": "succeeded"
            },
            {
              "documentName": "Form_2.jpg",
              "pages": 1,
              "errors": [],
              "status": "succeeded"
            },
            {
              "documentName": "Form_3.jpg",
              "pages": 1,
              "errors": [],
              "status": "succeeded"
            },
            {
              "documentName": "Form_4.jpg",
              "pages": 1,
              "errors": [],
              "status": "succeeded"
            },
            {
              "documentName": "Form_5.jpg",
              "pages": 1,
              "errors": [],
              "status": "succeeded"
            }
          ],
          "errors": []
        }
      }
    },
    {
      "RequestUri": "https://mariari-fr-westcentralus.cognitiveservices.azure.com/formrecognizer/v2.0-preview/custom/models?op=full",
      "RequestMethod": "GET",
      "RequestHeaders": {
        "Ocp-Apim-Subscription-Key": "Sanitized",
        "User-Agent": [
          "azsdk-net-AI.FormRecognizer/1.0.0-dev.20200617.1",
          "(.NET Core 4.6.28516.03; Microsoft Windows 10.0.18363 )"
        ],
        "x-ms-client-request-id": "15255ba19033322680a8d8655b108392",
        "x-ms-return-client-request-id": "true"
      },
      "RequestBody": null,
      "StatusCode": 200,
      "ResponseHeaders": {
        "apim-request-id": "d28af50a-8f2e-4f55-a8fe-4b36b7ecc464",
        "Content-Type": "application/json; charset=utf-8",
        "Date": "Wed, 17 Jun 2020 22:11:04 GMT",
        "Strict-Transport-Security": "max-age=31536000; includeSubDomains; preload",
        "Transfer-Encoding": "chunked",
        "X-Content-Type-Options": "nosniff",
        "x-envoy-upstream-service-time": "5188"
      },
      "ResponseBody": {
        "modelList": [
          {
            "modelId": "3898f727-5574-4892-a6ed-e4f493fa9652",
            "status": "ready",
            "createdDateTime": "2020-06-17T22:10:44Z",
            "lastUpdatedDateTime": "2020-06-17T22:10:52Z"
          }
        ],
        "nextLink": ""
      }
    },
    {
      "RequestUri": "https://mariari-fr-westcentralus.cognitiveservices.azure.com/formrecognizer/v2.0-preview/custom/models?op=summary",
      "RequestMethod": "GET",
      "RequestHeaders": {
        "Ocp-Apim-Subscription-Key": "Sanitized",
        "Request-Id": "|d6e910d8-4097d65428a87043.",
        "User-Agent": [
          "azsdk-net-AI.FormRecognizer/1.0.0-dev.20200617.1",
          "(.NET Core 4.6.28516.03; Microsoft Windows 10.0.18363 )"
        ],
        "x-ms-client-request-id": "fa36bc827b2c7b6fba256edf152c8f34",
        "x-ms-return-client-request-id": "true"
      },
      "RequestBody": null,
      "StatusCode": 200,
      "ResponseHeaders": {
        "apim-request-id": "8a4ed880-0eca-4657-8472-5453134a5d6b",
        "Content-Type": "application/json; charset=utf-8",
        "Date": "Wed, 17 Jun 2020 22:11:04 GMT",
        "Strict-Transport-Security": "max-age=31536000; includeSubDomains; preload",
        "Transfer-Encoding": "chunked",
        "X-Content-Type-Options": "nosniff",
        "x-envoy-upstream-service-time": "15"
      },
      "ResponseBody": {
        "summary": {
          "count": 1,
          "limit": 250,
          "lastUpdatedDateTime": "2020-06-17T22:11:04Z"
        }
      }
    },
    {
      "RequestUri": "https://mariari-fr-westcentralus.cognitiveservices.azure.com/formrecognizer/v2.0-preview/custom/models/3898f727-5574-4892-a6ed-e4f493fa9652",
      "RequestMethod": "DELETE",
      "RequestHeaders": {
        "Ocp-Apim-Subscription-Key": "Sanitized",
        "Request-Id": "|d6e910d9-4097d65428a87043.",
        "User-Agent": [
          "azsdk-net-AI.FormRecognizer/1.0.0-dev.20200617.1",
          "(.NET Core 4.6.28516.03; Microsoft Windows 10.0.18363 )"
        ],
        "x-ms-client-request-id": "77f38c4cfcf36eddf1f006f1d9a3424f",
        "x-ms-return-client-request-id": "true"
      },
      "RequestBody": null,
      "StatusCode": 429,
      "ResponseHeaders": {
        "apim-request-id": "92cce184-3cf5-4082-a2be-ee21a069fdff",
        "Content-Length": "262",
        "Content-Type": "application/json",
        "Date": "Wed, 17 Jun 2020 22:11:04 GMT",
        "Retry-After": "5",
        "Strict-Transport-Security": "max-age=31536000; includeSubDomains; preload",
        "X-Content-Type-Options": "nosniff"
      },
      "ResponseBody": {
        "error": {
          "code": "429",
          "message": "Requests to the Delete Custom Model Operation under Form Recognizer API have exceeded rate limit of your current FormRecognizer F0 pricing tier. Please retry after 5 seconds. To increase your rate limit switch to a paid tier."
        }
      }
    },
    {
      "RequestUri": "https://mariari-fr-westcentralus.cognitiveservices.azure.com/formrecognizer/v2.0-preview/custom/models/3898f727-5574-4892-a6ed-e4f493fa9652",
      "RequestMethod": "DELETE",
      "RequestHeaders": {
        "Ocp-Apim-Subscription-Key": "Sanitized",
        "Request-Id": "|d6e910d9-4097d65428a87043.",
        "User-Agent": [
          "azsdk-net-AI.FormRecognizer/1.0.0-dev.20200617.1",
          "(.NET Core 4.6.28516.03; Microsoft Windows 10.0.18363 )"
        ],
        "x-ms-client-request-id": "77f38c4cfcf36eddf1f006f1d9a3424f",
        "x-ms-return-client-request-id": "true"
      },
      "RequestBody": null,
      "StatusCode": 204,
      "ResponseHeaders": {
        "apim-request-id": "2eae6ff1-52e3-4870-b6f0-6036cd7c9b48",
        "Content-Length": "0",
        "Date": "Wed, 17 Jun 2020 22:11:09 GMT",
        "Strict-Transport-Security": "max-age=31536000; includeSubDomains; preload",
        "X-Content-Type-Options": "nosniff",
        "x-envoy-upstream-service-time": "230"
      },
      "ResponseBody": []
    },
    {
      "RequestUri": "https://mariari-fr-westcentralus.cognitiveservices.azure.com/formrecognizer/v2.0-preview/custom/models/3898f727-5574-4892-a6ed-e4f493fa9652?includeKeys=true",
      "RequestMethod": "GET",
      "RequestHeaders": {
        "Ocp-Apim-Subscription-Key": "Sanitized",
        "Request-Id": "|d6e910db-4097d65428a87043.",
        "User-Agent": [
          "azsdk-net-AI.FormRecognizer/1.0.0-dev.20200617.1",
          "(.NET Core 4.6.28516.03; Microsoft Windows 10.0.18363 )"
        ],
        "x-ms-client-request-id": "6a9a96eddf932684ecaa5b0e21471d53",
        "x-ms-return-client-request-id": "true"
      },
      "RequestBody": null,
      "StatusCode": 429,
      "ResponseHeaders": {
        "apim-request-id": "7adc9a1c-176a-410d-9a2c-65069095a162",
        "Content-Length": "260",
        "Content-Type": "application/json",
        "Date": "Wed, 17 Jun 2020 22:11:09 GMT",
        "Retry-After": "11",
        "Strict-Transport-Security": "max-age=31536000; includeSubDomains; preload",
        "X-Content-Type-Options": "nosniff"
      },
      "ResponseBody": {
        "error": {
          "code": "429",
          "message": "Requests to the Get Custom Model Operation under Form Recognizer API have exceeded rate limit of your current FormRecognizer F0 pricing tier. Please retry after 11 seconds. To increase your rate limit switch to a paid tier."
        }
      }
    },
    {
      "RequestUri": "https://mariari-fr-westcentralus.cognitiveservices.azure.com/formrecognizer/v2.0-preview/custom/models/3898f727-5574-4892-a6ed-e4f493fa9652?includeKeys=true",
      "RequestMethod": "GET",
      "RequestHeaders": {
        "Ocp-Apim-Subscription-Key": "Sanitized",
        "Request-Id": "|d6e910db-4097d65428a87043.",
        "User-Agent": [
          "azsdk-net-AI.FormRecognizer/1.0.0-dev.20200617.1",
          "(.NET Core 4.6.28516.03; Microsoft Windows 10.0.18363 )"
        ],
        "x-ms-client-request-id": "6a9a96eddf932684ecaa5b0e21471d53",
        "x-ms-return-client-request-id": "true"
      },
      "RequestBody": null,
      "StatusCode": 404,
      "ResponseHeaders": {
        "apim-request-id": "b8e7430f-bba6-454a-8e70-89ac68e53d29",
        "Content-Type": "application/json; charset=utf-8",
        "Date": "Wed, 17 Jun 2020 22:11:20 GMT",
        "Strict-Transport-Security": "max-age=31536000; includeSubDomains; preload",
        "Transfer-Encoding": "chunked",
        "X-Content-Type-Options": "nosniff",
        "x-envoy-upstream-service-time": "56"
      },
      "ResponseBody": {
        "error": {
          "code": "1022",
          "message": "Model with \u0027id=3898f727-5574-4892-a6ed-e4f493fa9652\u0027 not found."
        }
      }
    }
  ],
  "Variables": {
    "FORM_RECOGNIZER_API_KEY": "Sanitized",
    "FORM_RECOGNIZER_BLOB_CONTAINER_SAS_URL": "https://sanitized.blob.core.windows.net",
    "FORM_RECOGNIZER_ENDPOINT": "https://mariari-fr-westcentralus.cognitiveservices.azure.com/",
    "RandomSeed": "864468572"
  }
}