{
  "Entries": [
    {
      "RequestUri": "/subscriptions/4d368445-cbb1-42a7-97a6-6850ab99f48e/resourcegroups/pslibtest4316?api-version=2014-04-01-preview",
      "EncodedRequestUri": "L3N1YnNjcmlwdGlvbnMvNGQzNjg0NDUtY2JiMS00MmE3LTk3YTYtNjg1MGFiOTlmNDhlL3Jlc291cmNlZ3JvdXBzL3BzbGlidGVzdDQzMTY/YXBpLXZlcnNpb249MjAxNC0wNC0wMS1wcmV2aWV3",
      "RequestMethod": "PUT",
      "RequestBody": "{\r\n  \"location\": \"EastAsia\"\r\n}",
      "RequestHeaders": {
        "Content-Type": [
          "application/json; charset=utf-8"
        ],
        "Content-Length": [
          "30"
        ],
        "User-Agent": [
          "Microsoft.Azure.Management.Resources.ResourceManagementClient/1.0.0.0"
        ]
      },
      "ResponseBody": "{\r\n  \"id\": \"/subscriptions/4d368445-cbb1-42a7-97a6-6850ab99f48e/resourceGroups/pslibtest4316\",\r\n  \"name\": \"pslibtest4316\",\r\n  \"location\": \"eastasia\",\r\n  \"properties\": {\r\n    \"provisioningState\": \"Succeeded\"\r\n  }\r\n}",
      "ResponseHeaders": {
        "Content-Length": [
          "181"
        ],
        "Content-Type": [
          "application/json; charset=utf-8"
        ],
        "Expires": [
          "-1"
        ],
        "Pragma": [
          "no-cache"
        ],
        "x-ms-ratelimit-remaining-subscription-writes": [
          "1197"
        ],
        "x-ms-request-id": [
          "19891212-7a9a-47f7-bfdb-e92e845db774"
        ],
        "x-ms-correlation-request-id": [
          "19891212-7a9a-47f7-bfdb-e92e845db774"
        ],
        "x-ms-routing-request-id": [
          "NORTHCENTRALUS:20150425T032620Z:19891212-7a9a-47f7-bfdb-e92e845db774"
        ],
        "Strict-Transport-Security": [
          "max-age=31536000; includeSubDomains"
        ],
        "Cache-Control": [
          "no-cache"
        ],
        "Date": [
          "Sat, 25 Apr 2015 03:26:19 GMT"
        ]
      },
      "StatusCode": 201
    },
    {
      "RequestUri": "/subscriptions/4d368445-cbb1-42a7-97a6-6850ab99f48e/resourceGroups/pslibtest4316/providers/Microsoft.Compute/availabilitySets/invalidfdud4698?api-version=2015-05-01-preview",
      "EncodedRequestUri": "L3N1YnNjcmlwdGlvbnMvNGQzNjg0NDUtY2JiMS00MmE3LTk3YTYtNjg1MGFiOTlmNDhlL3Jlc291cmNlR3JvdXBzL3BzbGlidGVzdDQzMTYvcHJvdmlkZXJzL01pY3Jvc29mdC5Db21wdXRlL2F2YWlsYWJpbGl0eVNldHMvaW52YWxpZGZkdWQ0Njk4P2FwaS12ZXJzaW9uPTIwMTUtMDUtMDEtcHJldmlldw==",
      "RequestMethod": "PUT",
      "RequestBody": "{\r\n  \"properties\": {\r\n    \"platformFaultDomainCount\": 1\r\n  },\r\n  \"name\": \"invalidfdud4698\",\r\n  \"location\": \"EastAsia\",\r\n  \"tags\": {\r\n    \"RG\": \"rg\",\r\n    \"testTag\": \"1\"\r\n  }\r\n}",
      "RequestHeaders": {
        "Content-Type": [
          "application/json"
        ],
        "Content-Length": [
          "176"
        ],
        "User-Agent": [
          "Microsoft.Azure.Management.Compute.ComputeManagementClient/1.0.0.0"
        ]
      },
      "ResponseBody": "{\r\n  \"error\": {\r\n    \"code\": \"InvalidParameter\",\r\n    \"target\": \"platformFaultDomainCount\",\r\n    \"message\": \"The specified fault domain count 1 must fall in the range 2 to 3.\"\r\n  }\r\n}",
      "ResponseHeaders": {
        "Content-Length": [
          "183"
        ],
        "Content-Type": [
          "application/json; charset=utf-8"
        ],
        "Expires": [
          "-1"
        ],
        "Pragma": [
          "no-cache"
        ],
        "Strict-Transport-Security": [
          "max-age=31536000; includeSubDomains"
        ],
        "x-ms-request-id": [
          "764f0082-ffbc-4359-b6f7-c27c2c9bbdf6"
        ],
        "Cache-Control": [
          "no-cache"
        ],
        "Server": [
          "Microsoft-HTTPAPI/2.0",
          "Microsoft-HTTPAPI/2.0"
        ],
        "x-ms-ratelimit-remaining-subscription-writes": [
          "1196"
        ],
        "x-ms-correlation-request-id": [
          "da275c36-6faa-4ca0-a824-c6bdef96ac77"
        ],
        "x-ms-routing-request-id": [
          "NORTHCENTRALUS:20150425T032627Z:da275c36-6faa-4ca0-a824-c6bdef96ac77"
        ],
        "Date": [
          "Sat, 25 Apr 2015 03:26:26 GMT"
        ]
      },
      "StatusCode": 400
    },
    {
      "RequestUri": "/subscriptions/4d368445-cbb1-42a7-97a6-6850ab99f48e/resourceGroups/pslibtest4316/providers/Microsoft.Compute/availabilitySets/invalidfdud4698?api-version=2015-05-01-preview",
      "EncodedRequestUri": "L3N1YnNjcmlwdGlvbnMvNGQzNjg0NDUtY2JiMS00MmE3LTk3YTYtNjg1MGFiOTlmNDhlL3Jlc291cmNlR3JvdXBzL3BzbGlidGVzdDQzMTYvcHJvdmlkZXJzL01pY3Jvc29mdC5Db21wdXRlL2F2YWlsYWJpbGl0eVNldHMvaW52YWxpZGZkdWQ0Njk4P2FwaS12ZXJzaW9uPTIwMTUtMDUtMDEtcHJldmlldw==",
      "RequestMethod": "PUT",
      "RequestBody": "{\r\n  \"properties\": {\r\n    \"platformFaultDomainCount\": 4\r\n  },\r\n  \"name\": \"invalidfdud4698\",\r\n  \"location\": \"EastAsia\",\r\n  \"tags\": {\r\n    \"RG\": \"rg\",\r\n    \"testTag\": \"1\"\r\n  }\r\n}",
      "RequestHeaders": {
        "Content-Type": [
          "application/json"
        ],
        "Content-Length": [
          "176"
        ],
        "User-Agent": [
          "Microsoft.Azure.Management.Compute.ComputeManagementClient/1.0.0.0"
        ]
      },
      "ResponseBody": "{\r\n  \"error\": {\r\n    \"code\": \"InvalidParameter\",\r\n    \"target\": \"platformFaultDomainCount\",\r\n    \"message\": \"The specified fault domain count 4 must fall in the range 2 to 3.\"\r\n  }\r\n}",
      "ResponseHeaders": {
        "Content-Length": [
          "183"
        ],
        "Content-Type": [
          "application/json; charset=utf-8"
        ],
        "Expires": [
          "-1"
        ],
        "Pragma": [
          "no-cache"
        ],
        "Strict-Transport-Security": [
          "max-age=31536000; includeSubDomains"
        ],
        "x-ms-request-id": [
          "b4119c5f-bf01-4260-ab7b-480f7096fd6e"
        ],
        "Cache-Control": [
          "no-cache"
        ],
        "Server": [
          "Microsoft-HTTPAPI/2.0",
          "Microsoft-HTTPAPI/2.0"
        ],
        "x-ms-ratelimit-remaining-subscription-writes": [
          "1195"
        ],
        "x-ms-correlation-request-id": [
          "517b8705-ee7f-4e3a-8992-f5d44a7906e2"
        ],
        "x-ms-routing-request-id": [
          "NORTHCENTRALUS:20150425T032634Z:517b8705-ee7f-4e3a-8992-f5d44a7906e2"
        ],
        "Date": [
          "Sat, 25 Apr 2015 03:26:33 GMT"
        ]
      },
      "StatusCode": 400
    },
    {
      "RequestUri": "/subscriptions/4d368445-cbb1-42a7-97a6-6850ab99f48e/resourceGroups/pslibtest4316/providers/Microsoft.Compute/availabilitySets/invalidfdud4698?api-version=2015-05-01-preview",
      "EncodedRequestUri": "L3N1YnNjcmlwdGlvbnMvNGQzNjg0NDUtY2JiMS00MmE3LTk3YTYtNjg1MGFiOTlmNDhlL3Jlc291cmNlR3JvdXBzL3BzbGlidGVzdDQzMTYvcHJvdmlkZXJzL01pY3Jvc29mdC5Db21wdXRlL2F2YWlsYWJpbGl0eVNldHMvaW52YWxpZGZkdWQ0Njk4P2FwaS12ZXJzaW9uPTIwMTUtMDUtMDEtcHJldmlldw==",
      "RequestMethod": "PUT",
      "RequestBody": "{\r\n  \"properties\": {\r\n    \"platformUpdateDomainCount\": 0,\r\n    \"platformFaultDomainCount\": 4\r\n  },\r\n  \"name\": \"invalidfdud4698\",\r\n  \"location\": \"EastAsia\",\r\n  \"tags\": {\r\n    \"RG\": \"rg\",\r\n    \"testTag\": \"1\"\r\n  }\r\n}",
      "RequestHeaders": {
        "Content-Type": [
          "application/json"
        ],
        "Content-Length": [
          "213"
        ],
        "User-Agent": [
          "Microsoft.Azure.Management.Compute.ComputeManagementClient/1.0.0.0"
        ]
      },
      "ResponseBody": "{\r\n  \"error\": {\r\n    \"code\": \"InvalidParameter\",\r\n    \"target\": \"platformFaultDomainCount\",\r\n    \"message\": \"The specified fault domain count 4 must fall in the range 2 to 3.\"\r\n  }\r\n}",
      "ResponseHeaders": {
        "Content-Length": [
          "183"
        ],
        "Content-Type": [
          "application/json; charset=utf-8"
        ],
        "Expires": [
          "-1"
        ],
        "Pragma": [
          "no-cache"
        ],
        "Strict-Transport-Security": [
          "max-age=31536000; includeSubDomains"
        ],
        "x-ms-request-id": [
          "27cb6020-778a-40b9-9daa-911244c38c3b"
        ],
        "Cache-Control": [
          "no-cache"
        ],
        "Server": [
          "Microsoft-HTTPAPI/2.0",
          "Microsoft-HTTPAPI/2.0"
        ],
        "x-ms-ratelimit-remaining-subscription-writes": [
          "1194"
        ],
        "x-ms-correlation-request-id": [
          "1f80cb7a-8fd9-4bf6-8315-342d2ea01455"
        ],
        "x-ms-routing-request-id": [
          "NORTHCENTRALUS:20150425T032639Z:1f80cb7a-8fd9-4bf6-8315-342d2ea01455"
        ],
        "Date": [
          "Sat, 25 Apr 2015 03:26:39 GMT"
        ]
      },
      "StatusCode": 400
    },
    {
      "RequestUri": "/subscriptions/4d368445-cbb1-42a7-97a6-6850ab99f48e/resourceGroups/pslibtest4316/providers/Microsoft.Compute/availabilitySets/invalidfdud4698?api-version=2015-05-01-preview",
      "EncodedRequestUri": "L3N1YnNjcmlwdGlvbnMvNGQzNjg0NDUtY2JiMS00MmE3LTk3YTYtNjg1MGFiOTlmNDhlL3Jlc291cmNlR3JvdXBzL3BzbGlidGVzdDQzMTYvcHJvdmlkZXJzL01pY3Jvc29mdC5Db21wdXRlL2F2YWlsYWJpbGl0eVNldHMvaW52YWxpZGZkdWQ0Njk4P2FwaS12ZXJzaW9uPTIwMTUtMDUtMDEtcHJldmlldw==",
      "RequestMethod": "PUT",
      "RequestBody": "{\r\n  \"properties\": {\r\n    \"platformUpdateDomainCount\": 21,\r\n    \"platformFaultDomainCount\": 4\r\n  },\r\n  \"name\": \"invalidfdud4698\",\r\n  \"location\": \"EastAsia\",\r\n  \"tags\": {\r\n    \"RG\": \"rg\",\r\n    \"testTag\": \"1\"\r\n  }\r\n}",
      "RequestHeaders": {
        "Content-Type": [
          "application/json"
        ],
        "Content-Length": [
          "214"
        ],
        "User-Agent": [
          "Microsoft.Azure.Management.Compute.ComputeManagementClient/1.0.0.0"
        ]
      },
      "ResponseBody": "{\r\n  \"error\": {\r\n    \"code\": \"InvalidParameter\",\r\n    \"target\": \"platformFaultDomainCount\",\r\n    \"message\": \"The specified fault domain count 4 must fall in the range 2 to 3.\"\r\n  }\r\n}",
      "ResponseHeaders": {
        "Content-Length": [
          "183"
        ],
        "Content-Type": [
          "application/json; charset=utf-8"
        ],
        "Expires": [
          "-1"
        ],
        "Pragma": [
          "no-cache"
        ],
        "Strict-Transport-Security": [
          "max-age=31536000; includeSubDomains"
        ],
        "x-ms-request-id": [
          "cb1bffc6-7099-4f45-b050-fa433fdb9660"
        ],
        "Cache-Control": [
          "no-cache"
        ],
        "Server": [
          "Microsoft-HTTPAPI/2.0",
          "Microsoft-HTTPAPI/2.0"
        ],
        "x-ms-ratelimit-remaining-subscription-writes": [
          "1193"
        ],
        "x-ms-correlation-request-id": [
          "77ff1fb9-1b82-4046-b478-72fa4ec66bd1"
        ],
        "x-ms-routing-request-id": [
          "NORTHCENTRALUS:20150425T032646Z:77ff1fb9-1b82-4046-b478-72fa4ec66bd1"
        ],
        "Date": [
          "Sat, 25 Apr 2015 03:26:46 GMT"
        ]
      },
      "StatusCode": 400
    },
    {
      "RequestUri": "/subscriptions/4d368445-cbb1-42a7-97a6-6850ab99f48e/resourceGroups/pslibtest4316/providers/Microsoft.Compute/availabilitySets/asdefaultvalues9393?api-version=2015-05-01-preview",
      "EncodedRequestUri": "L3N1YnNjcmlwdGlvbnMvNGQzNjg0NDUtY2JiMS00MmE3LTk3YTYtNjg1MGFiOTlmNDhlL3Jlc291cmNlR3JvdXBzL3BzbGlidGVzdDQzMTYvcHJvdmlkZXJzL01pY3Jvc29mdC5Db21wdXRlL2F2YWlsYWJpbGl0eVNldHMvYXNkZWZhdWx0dmFsdWVzOTM5Mz9hcGktdmVyc2lvbj0yMDE1LTA1LTAxLXByZXZpZXc=",
      "RequestMethod": "PUT",
      "RequestBody": "{\r\n  \"properties\": {},\r\n  \"name\": \"asdefaultvalues9393\",\r\n  \"location\": \"EastAsia\",\r\n  \"tags\": {\r\n    \"RG\": \"rg\",\r\n    \"testTag\": \"1\"\r\n  }\r\n}",
      "RequestHeaders": {
        "Content-Type": [
          "application/json"
        ],
        "Content-Length": [
          "141"
        ],
        "User-Agent": [
          "Microsoft.Azure.Management.Compute.ComputeManagementClient/1.0.0.0"
        ]
      },
      "ResponseBody": "{\r\n  \"properties\": {\r\n    \"platformUpdateDomainCount\": 5,\r\n    \"platformFaultDomainCount\": 3\r\n  },\r\n  \"id\": \"/subscriptions/4d368445-cbb1-42a7-97a6-6850ab99f48e/resourceGroups/pslibtest4316/providers/Microsoft.Compute/availabilitySets/asdefaultvalues9393\",\r\n  \"name\": \"asdefaultvalues9393\",\r\n  \"type\": \"Microsoft.Compute/availabilitySets\",\r\n  \"location\": \"eastasia\",\r\n  \"tags\": {\r\n    \"RG\": \"rg\",\r\n    \"testTag\": \"1\"\r\n  }\r\n}",
      "ResponseHeaders": {
        "Content-Length": [
          "424"
        ],
        "Content-Type": [
          "application/json; charset=utf-8"
        ],
        "Expires": [
          "-1"
        ],
        "Pragma": [
          "no-cache"
        ],
        "Strict-Transport-Security": [
          "max-age=31536000; includeSubDomains"
        ],
        "x-ms-request-id": [
          "c86fb1a7-6277-4b27-9d0c-3c1fe52af30b"
        ],
        "Cache-Control": [
          "no-cache"
        ],
        "Server": [
          "Microsoft-HTTPAPI/2.0",
          "Microsoft-HTTPAPI/2.0"
        ],
        "x-ms-ratelimit-remaining-subscription-writes": [
          "1192"
        ],
        "x-ms-correlation-request-id": [
          "a666c634-312c-4092-8e71-c0b5ca4ccf01"
        ],
        "x-ms-routing-request-id": [
          "NORTHCENTRALUS:20150425T032652Z:a666c634-312c-4092-8e71-c0b5ca4ccf01"
        ],
        "Date": [
          "Sat, 25 Apr 2015 03:26:51 GMT"
        ]
      },
      "StatusCode": 200
    },
    {
      "RequestUri": "/subscriptions/4d368445-cbb1-42a7-97a6-6850ab99f48e/resourceGroups/pslibtest4316/providers/Microsoft.Compute/availabilitySets/asdefaultvalues9393?api-version=2015-05-01-preview",
      "EncodedRequestUri": "L3N1YnNjcmlwdGlvbnMvNGQzNjg0NDUtY2JiMS00MmE3LTk3YTYtNjg1MGFiOTlmNDhlL3Jlc291cmNlR3JvdXBzL3BzbGlidGVzdDQzMTYvcHJvdmlkZXJzL01pY3Jvc29mdC5Db21wdXRlL2F2YWlsYWJpbGl0eVNldHMvYXNkZWZhdWx0dmFsdWVzOTM5Mz9hcGktdmVyc2lvbj0yMDE1LTA1LTAxLXByZXZpZXc=",
      "RequestMethod": "GET",
      "RequestBody": "",
      "RequestHeaders": {
        "User-Agent": [
          "Microsoft.Azure.Management.Compute.ComputeManagementClient/1.0.0.0"
        ]
      },
      "ResponseBody": "{\r\n  \"properties\": {\r\n    \"platformUpdateDomainCount\": 5,\r\n    \"platformFaultDomainCount\": 3,\r\n    \"virtualMachines\": []\r\n  },\r\n  \"id\": \"/subscriptions/4d368445-cbb1-42a7-97a6-6850ab99f48e/resourceGroups/pslibtest4316/providers/Microsoft.Compute/availabilitySets/asdefaultvalues9393\",\r\n  \"name\": \"asdefaultvalues9393\",\r\n  \"type\": \"Microsoft.Compute/availabilitySets\",\r\n  \"location\": \"eastasia\",\r\n  \"tags\": {\r\n    \"RG\": \"rg\",\r\n    \"testTag\": \"1\"\r\n  }\r\n}",
      "ResponseHeaders": {
        "Content-Length": [
          "452"
        ],
        "Content-Type": [
          "application/json; charset=utf-8"
        ],
        "Expires": [
          "-1"
        ],
        "Pragma": [
          "no-cache"
        ],
        "Strict-Transport-Security": [
          "max-age=31536000; includeSubDomains"
        ],
        "x-ms-request-id": [
          "6aae60d7-c943-49a1-b1f7-279c543739fb"
        ],
        "Cache-Control": [
          "no-cache"
        ],
        "Server": [
          "Microsoft-HTTPAPI/2.0",
          "Microsoft-HTTPAPI/2.0"
        ],
        "x-ms-ratelimit-remaining-subscription-reads": [
          "31998"
        ],
        "x-ms-correlation-request-id": [
          "7d62c095-9a6e-4357-be96-6ea6a4f53184"
        ],
        "x-ms-routing-request-id": [
          "NORTHCENTRALUS:20150425T032652Z:7d62c095-9a6e-4357-be96-6ea6a4f53184"
        ],
        "Date": [
          "Sat, 25 Apr 2015 03:26:52 GMT"
        ]
      },
      "StatusCode": 200
    },
    {
      "RequestUri": "/subscriptions/4d368445-cbb1-42a7-97a6-6850ab99f48e/resourceGroups/pslibtest4316/providers/Microsoft.Compute/availabilitySets?api-version=2015-05-01-preview",
      "EncodedRequestUri": "L3N1YnNjcmlwdGlvbnMvNGQzNjg0NDUtY2JiMS00MmE3LTk3YTYtNjg1MGFiOTlmNDhlL3Jlc291cmNlR3JvdXBzL3BzbGlidGVzdDQzMTYvcHJvdmlkZXJzL01pY3Jvc29mdC5Db21wdXRlL2F2YWlsYWJpbGl0eVNldHM/YXBpLXZlcnNpb249MjAxNS0wNS0wMS1wcmV2aWV3",
      "RequestMethod": "GET",
      "RequestBody": "",
      "RequestHeaders": {
        "User-Agent": [
          "Microsoft.Azure.Management.Compute.ComputeManagementClient/1.0.0.0"
        ]
      },
      "ResponseBody": "{\r\n  \"value\": [\r\n    {\r\n      \"properties\": {\r\n        \"platformUpdateDomainCount\": 5,\r\n        \"platformFaultDomainCount\": 3,\r\n        \"virtualMachines\": []\r\n      },\r\n      \"id\": \"/subscriptions/4d368445-cbb1-42a7-97a6-6850ab99f48e/resourceGroups/pslibtest4316/providers/Microsoft.Compute/availabilitySets/asdefaultvalues9393\",\r\n      \"name\": \"asdefaultvalues9393\",\r\n      \"type\": \"Microsoft.Compute/availabilitySets\",\r\n      \"location\": \"eastasia\",\r\n      \"tags\": {\r\n        \"RG\": \"rg\",\r\n        \"testTag\": \"1\"\r\n      }\r\n    }\r\n  ]\r\n}",
      "ResponseHeaders": {
        "Content-Length": [
          "537"
        ],
        "Content-Type": [
          "application/json; charset=utf-8"
        ],
        "Expires": [
          "-1"
        ],
        "Pragma": [
          "no-cache"
        ],
        "Strict-Transport-Security": [
          "max-age=31536000; includeSubDomains"
        ],
        "x-ms-request-id": [
          "5cfbce0c-a652-455c-930e-ad54f650cd85"
        ],
        "Cache-Control": [
          "no-cache"
        ],
        "Server": [
          "Microsoft-HTTPAPI/2.0",
          "Microsoft-HTTPAPI/2.0"
        ],
        "x-ms-ratelimit-remaining-subscription-reads": [
          "31997"
        ],
        "x-ms-correlation-request-id": [
          "611eaef6-fc8a-4e6d-ae35-d4a6e928caaf"
        ],
        "x-ms-routing-request-id": [
          "NORTHCENTRALUS:20150425T032652Z:611eaef6-fc8a-4e6d-ae35-d4a6e928caaf"
        ],
        "Date": [
          "Sat, 25 Apr 2015 03:26:52 GMT"
        ]
      },
      "StatusCode": 200
    },
    {
      "RequestUri": "/subscriptions/4d368445-cbb1-42a7-97a6-6850ab99f48e/resourceGroups/pslibtest4316/providers/Microsoft.Compute/availabilitySets?api-version=2015-05-01-preview",
      "EncodedRequestUri": "L3N1YnNjcmlwdGlvbnMvNGQzNjg0NDUtY2JiMS00MmE3LTk3YTYtNjg1MGFiOTlmNDhlL3Jlc291cmNlR3JvdXBzL3BzbGlidGVzdDQzMTYvcHJvdmlkZXJzL01pY3Jvc29mdC5Db21wdXRlL2F2YWlsYWJpbGl0eVNldHM/YXBpLXZlcnNpb249MjAxNS0wNS0wMS1wcmV2aWV3",
      "RequestMethod": "GET",
      "RequestBody": "",
      "RequestHeaders": {
        "User-Agent": [
          "Microsoft.Azure.Management.Compute.ComputeManagementClient/1.0.0.0"
        ]
      },
      "ResponseBody": "{\r\n  \"value\": [\r\n    {\r\n      \"properties\": {\r\n        \"platformUpdateDomainCount\": 4,\r\n        \"platformFaultDomainCount\": 2,\r\n        \"virtualMachines\": []\r\n      },\r\n      \"id\": \"/subscriptions/4d368445-cbb1-42a7-97a6-6850ab99f48e/resourceGroups/pslibtest4316/providers/Microsoft.Compute/availabilitySets/asnondefault1822\",\r\n      \"name\": \"asnondefault1822\",\r\n      \"type\": \"Microsoft.Compute/availabilitySets\",\r\n      \"location\": \"eastasia\",\r\n      \"tags\": {\r\n        \"RG\": \"rg\",\r\n        \"testTag\": \"1\"\r\n      }\r\n    }\r\n  ]\r\n}",
      "ResponseHeaders": {
        "Content-Length": [
          "531"
        ],
        "Content-Type": [
          "application/json; charset=utf-8"
        ],
        "Expires": [
          "-1"
        ],
        "Pragma": [
          "no-cache"
        ],
        "Strict-Transport-Security": [
          "max-age=31536000; includeSubDomains"
        ],
        "x-ms-request-id": [
          "0342d554-6c98-4ebc-a6d8-5f3693621282"
        ],
        "Cache-Control": [
          "no-cache"
        ],
        "Server": [
          "Microsoft-HTTPAPI/2.0",
          "Microsoft-HTTPAPI/2.0"
        ],
        "x-ms-ratelimit-remaining-subscription-reads": [
          "31994"
        ],
        "x-ms-correlation-request-id": [
          "d6317273-f47e-4283-9852-6e1c94c52720"
        ],
        "x-ms-routing-request-id": [
          "NORTHCENTRALUS:20150425T032703Z:d6317273-f47e-4283-9852-6e1c94c52720"
        ],
        "Date": [
          "Sat, 25 Apr 2015 03:27:02 GMT"
        ]
      },
      "StatusCode": 200
    },
    {
      "RequestUri": "/subscriptions/4d368445-cbb1-42a7-97a6-6850ab99f48e/resourceGroups/pslibtest4316/providers/Microsoft.Compute/availabilitySets/asdefaultvalues9393/vmSizes?api-version=2015-05-01-preview",
      "EncodedRequestUri": "L3N1YnNjcmlwdGlvbnMvNGQzNjg0NDUtY2JiMS00MmE3LTk3YTYtNjg1MGFiOTlmNDhlL3Jlc291cmNlR3JvdXBzL3BzbGlidGVzdDQzMTYvcHJvdmlkZXJzL01pY3Jvc29mdC5Db21wdXRlL2F2YWlsYWJpbGl0eVNldHMvYXNkZWZhdWx0dmFsdWVzOTM5My92bVNpemVzP2FwaS12ZXJzaW9uPTIwMTUtMDUtMDEtcHJldmlldw==",
      "RequestMethod": "GET",
      "RequestBody": "",
      "RequestHeaders": {
        "User-Agent": [
          "Microsoft.Azure.Management.Compute.ComputeManagementClient/1.0.0.0"
        ]
      },
      "ResponseBody": "{\r\n  \"value\": [\r\n    {\r\n      \"name\": \"Standard_A0\",\r\n      \"numberOfCores\": 1,\r\n      \"osDiskSizeInMB\": 130048,\r\n      \"resourceDiskSizeInMB\": 20480,\r\n      \"memoryInMB\": 768,\r\n      \"maxDataDiskCount\": 1\r\n    },\r\n    {\r\n      \"name\": \"Standard_A1\",\r\n      \"numberOfCores\": 1,\r\n      \"osDiskSizeInMB\": 130048,\r\n      \"resourceDiskSizeInMB\": 71680,\r\n      \"memoryInMB\": 1792,\r\n      \"maxDataDiskCount\": 2\r\n    },\r\n    {\r\n      \"name\": \"Standard_A2\",\r\n      \"numberOfCores\": 2,\r\n      \"osDiskSizeInMB\": 130048,\r\n      \"resourceDiskSizeInMB\": 138240,\r\n      \"memoryInMB\": 3584,\r\n      \"maxDataDiskCount\": 4\r\n    },\r\n    {\r\n      \"name\": \"Standard_A3\",\r\n      \"numberOfCores\": 4,\r\n      \"osDiskSizeInMB\": 130048,\r\n      \"resourceDiskSizeInMB\": 291840,\r\n      \"memoryInMB\": 7168,\r\n      \"maxDataDiskCount\": 8\r\n    },\r\n    {\r\n      \"name\": \"Standard_A4\",\r\n      \"numberOfCores\": 8,\r\n      \"osDiskSizeInMB\": 130048,\r\n      \"resourceDiskSizeInMB\": 619520,\r\n      \"memoryInMB\": 14336,\r\n      \"maxDataDiskCount\": 16\r\n    },\r\n    {\r\n      \"name\": \"Basic_A0\",\r\n      \"numberOfCores\": 1,\r\n      \"osDiskSizeInMB\": 130048,\r\n      \"resourceDiskSizeInMB\": 20480,\r\n      \"memoryInMB\": 768,\r\n      \"maxDataDiskCount\": 1\r\n    },\r\n    {\r\n      \"name\": \"Basic_A1\",\r\n      \"numberOfCores\": 1,\r\n      \"osDiskSizeInMB\": 130048,\r\n      \"resourceDiskSizeInMB\": 40960,\r\n      \"memoryInMB\": 1792,\r\n      \"maxDataDiskCount\": 2\r\n    },\r\n    {\r\n      \"name\": \"Basic_A2\",\r\n      \"numberOfCores\": 2,\r\n      \"osDiskSizeInMB\": 130048,\r\n      \"resourceDiskSizeInMB\": 61440,\r\n      \"memoryInMB\": 3584,\r\n      \"maxDataDiskCount\": 4\r\n    },\r\n    {\r\n      \"name\": \"Basic_A3\",\r\n      \"numberOfCores\": 4,\r\n      \"osDiskSizeInMB\": 130048,\r\n      \"resourceDiskSizeInMB\": 122880,\r\n      \"memoryInMB\": 7168,\r\n      \"maxDataDiskCount\": 8\r\n    },\r\n    {\r\n      \"name\": \"Basic_A4\",\r\n      \"numberOfCores\": 8,\r\n      \"osDiskSizeInMB\": 130048,\r\n      \"resourceDiskSizeInMB\": 245760,\r\n      \"memoryInMB\": 14336,\r\n      \"maxDataDiskCount\": 16\r\n    },\r\n    {\r\n      \"name\": \"Standard_A5\",\r\n      \"numberOfCores\": 2,\r\n      \"osDiskSizeInMB\": 130048,\r\n      \"resourceDiskSizeInMB\": 138240,\r\n      \"memoryInMB\": 14336,\r\n      \"maxDataDiskCount\": 4\r\n    },\r\n    {\r\n      \"name\": \"Standard_A6\",\r\n      \"numberOfCores\": 4,\r\n      \"osDiskSizeInMB\": 130048,\r\n      \"resourceDiskSizeInMB\": 291840,\r\n      \"memoryInMB\": 28672,\r\n      \"maxDataDiskCount\": 8\r\n    },\r\n    {\r\n      \"name\": \"Standard_A7\",\r\n      \"numberOfCores\": 8,\r\n      \"osDiskSizeInMB\": 130048,\r\n      \"resourceDiskSizeInMB\": 619520,\r\n      \"memoryInMB\": 57344,\r\n      \"maxDataDiskCount\": 16\r\n    },\r\n    {\r\n      \"name\": \"Standard_D1\",\r\n      \"numberOfCores\": 1,\r\n      \"osDiskSizeInMB\": 130048,\r\n      \"resourceDiskSizeInMB\": 51200,\r\n      \"memoryInMB\": 3584,\r\n      \"maxDataDiskCount\": 2\r\n    },\r\n    {\r\n      \"name\": \"Standard_D2\",\r\n      \"numberOfCores\": 2,\r\n      \"osDiskSizeInMB\": 130048,\r\n      \"resourceDiskSizeInMB\": 102400,\r\n      \"memoryInMB\": 7168,\r\n      \"maxDataDiskCount\": 4\r\n    },\r\n    {\r\n      \"name\": \"Standard_D3\",\r\n      \"numberOfCores\": 4,\r\n      \"osDiskSizeInMB\": 130048,\r\n      \"resourceDiskSizeInMB\": 204800,\r\n      \"memoryInMB\": 14336,\r\n      \"maxDataDiskCount\": 8\r\n    },\r\n    {\r\n      \"name\": \"Standard_D4\",\r\n      \"numberOfCores\": 8,\r\n      \"osDiskSizeInMB\": 130048,\r\n      \"resourceDiskSizeInMB\": 409600,\r\n      \"memoryInMB\": 28672,\r\n      \"maxDataDiskCount\": 16\r\n    },\r\n    {\r\n      \"name\": \"Standard_D11\",\r\n      \"numberOfCores\": 2,\r\n      \"osDiskSizeInMB\": 130048,\r\n      \"resourceDiskSizeInMB\": 102400,\r\n      \"memoryInMB\": 14336,\r\n      \"maxDataDiskCount\": 4\r\n    },\r\n    {\r\n      \"name\": \"Standard_D12\",\r\n      \"numberOfCores\": 4,\r\n      \"osDiskSizeInMB\": 130048,\r\n      \"resourceDiskSizeInMB\": 204800,\r\n      \"memoryInMB\": 28672,\r\n      \"maxDataDiskCount\": 8\r\n    },\r\n    {\r\n      \"name\": \"Standard_D13\",\r\n      \"numberOfCores\": 8,\r\n      \"osDiskSizeInMB\": 130048,\r\n      \"resourceDiskSizeInMB\": 409600,\r\n      \"memoryInMB\": 57344,\r\n      \"maxDataDiskCount\": 16\r\n    },\r\n    {\r\n      \"name\": \"Standard_D14\",\r\n      \"numberOfCores\": 16,\r\n      \"osDiskSizeInMB\": 130048,\r\n      \"resourceDiskSizeInMB\": 819200,\r\n      \"memoryInMB\": 114688,\r\n      \"maxDataDiskCount\": 32\r\n    }\r\n  ]\r\n}",
      "ResponseHeaders": {
        "Content-Length": [
          "4222"
        ],
        "Content-Type": [
          "application/json; charset=utf-8"
        ],
        "Expires": [
          "-1"
        ],
        "Pragma": [
          "no-cache"
        ],
        "Strict-Transport-Security": [
          "max-age=31536000; includeSubDomains"
        ],
        "x-ms-request-id": [
          "f0d742dc-1b91-45eb-9aa4-d3521f54c3c3"
        ],
        "Cache-Control": [
          "no-cache"
        ],
        "Server": [
          "Microsoft-HTTPAPI/2.0",
          "Microsoft-HTTPAPI/2.0"
        ],
        "x-ms-ratelimit-remaining-subscription-reads": [
          "31996"
        ],
        "x-ms-correlation-request-id": [
          "2837cf8f-5381-4954-8a11-62539ecb7e24"
        ],
        "x-ms-routing-request-id": [
          "NORTHCENTRALUS:20150425T032652Z:2837cf8f-5381-4954-8a11-62539ecb7e24"
        ],
        "Date": [
          "Sat, 25 Apr 2015 03:26:52 GMT"
        ]
      },
      "StatusCode": 200
    },
    {
      "RequestUri": "/subscriptions/4d368445-cbb1-42a7-97a6-6850ab99f48e/resourceGroups/pslibtest4316/providers/Microsoft.Compute/availabilitySets/asdefaultvalues9393?api-version=2015-05-01-preview",
      "EncodedRequestUri": "L3N1YnNjcmlwdGlvbnMvNGQzNjg0NDUtY2JiMS00MmE3LTk3YTYtNjg1MGFiOTlmNDhlL3Jlc291cmNlR3JvdXBzL3BzbGlidGVzdDQzMTYvcHJvdmlkZXJzL01pY3Jvc29mdC5Db21wdXRlL2F2YWlsYWJpbGl0eVNldHMvYXNkZWZhdWx0dmFsdWVzOTM5Mz9hcGktdmVyc2lvbj0yMDE1LTA1LTAxLXByZXZpZXc=",
      "RequestMethod": "DELETE",
      "RequestBody": "",
      "RequestHeaders": {
        "User-Agent": [
          "Microsoft.Azure.Management.Compute.ComputeManagementClient/1.0.0.0"
        ]
      },
      "ResponseBody": "",
      "ResponseHeaders": {
        "Content-Length": [
          "0"
        ],
        "Expires": [
          "-1"
        ],
        "Pragma": [
          "no-cache"
        ],
        "Strict-Transport-Security": [
          "max-age=31536000; includeSubDomains"
        ],
        "x-ms-request-id": [
          "a0635faf-8c91-4be0-9497-f2d3400aaa5f"
        ],
        "Cache-Control": [
          "no-cache"
        ],
        "Server": [
          "Microsoft-HTTPAPI/2.0",
          "Microsoft-HTTPAPI/2.0"
        ],
        "x-ms-ratelimit-remaining-subscription-writes": [
          "1191"
        ],
        "x-ms-correlation-request-id": [
          "fca54359-8ae8-42d3-9496-28ca3291455a"
        ],
        "x-ms-routing-request-id": [
          "NORTHCENTRALUS:20150425T032657Z:fca54359-8ae8-42d3-9496-28ca3291455a"
        ],
        "Date": [
          "Sat, 25 Apr 2015 03:26:56 GMT"
        ]
      },
      "StatusCode": 200
    },
    {
      "RequestUri": "/subscriptions/4d368445-cbb1-42a7-97a6-6850ab99f48e/resourceGroups/pslibtest4316/providers/Microsoft.Compute/availabilitySets/asnondefault1822?api-version=2015-05-01-preview",
      "EncodedRequestUri": "L3N1YnNjcmlwdGlvbnMvNGQzNjg0NDUtY2JiMS00MmE3LTk3YTYtNjg1MGFiOTlmNDhlL3Jlc291cmNlR3JvdXBzL3BzbGlidGVzdDQzMTYvcHJvdmlkZXJzL01pY3Jvc29mdC5Db21wdXRlL2F2YWlsYWJpbGl0eVNldHMvYXNub25kZWZhdWx0MTgyMj9hcGktdmVyc2lvbj0yMDE1LTA1LTAxLXByZXZpZXc=",
      "RequestMethod": "PUT",
      "RequestBody": "{\r\n  \"properties\": {\r\n    \"platformUpdateDomainCount\": 4,\r\n    \"platformFaultDomainCount\": 2,\r\n    \"statuses\": [\r\n      {\r\n        \"code\": \"test\",\r\n        \"displayStatus\": \"test\",\r\n        \"message\": \"test\"\r\n      }\r\n    ]\r\n  },\r\n  \"name\": \"asnondefault1822\",\r\n  \"location\": \"EastAsia\",\r\n  \"tags\": {\r\n    \"RG\": \"rg\",\r\n    \"testTag\": \"1\"\r\n  }\r\n}",
      "RequestHeaders": {
        "Content-Type": [
          "application/json"
        ],
        "Content-Length": [
          "345"
        ],
        "User-Agent": [
          "Microsoft.Azure.Management.Compute.ComputeManagementClient/1.0.0.0"
        ]
      },
      "ResponseBody": "{\r\n  \"properties\": {\r\n    \"platformUpdateDomainCount\": 4,\r\n    \"platformFaultDomainCount\": 2\r\n  },\r\n  \"id\": \"/subscriptions/4d368445-cbb1-42a7-97a6-6850ab99f48e/resourceGroups/pslibtest4316/providers/Microsoft.Compute/availabilitySets/asnondefault1822\",\r\n  \"name\": \"asnondefault1822\",\r\n  \"type\": \"Microsoft.Compute/availabilitySets\",\r\n  \"location\": \"eastasia\",\r\n  \"tags\": {\r\n    \"RG\": \"rg\",\r\n    \"testTag\": \"1\"\r\n  }\r\n}",
      "ResponseHeaders": {
        "Content-Length": [
          "418"
        ],
        "Content-Type": [
          "application/json; charset=utf-8"
        ],
        "Expires": [
          "-1"
        ],
        "Pragma": [
          "no-cache"
        ],
        "Strict-Transport-Security": [
          "max-age=31536000; includeSubDomains"
        ],
        "x-ms-request-id": [
          "5c0cd8c7-65a1-45f6-909e-d8bf286c3bc1"
        ],
        "Cache-Control": [
          "no-cache"
        ],
        "Server": [
          "Microsoft-HTTPAPI/2.0",
          "Microsoft-HTTPAPI/2.0"
        ],
        "x-ms-ratelimit-remaining-subscription-writes": [
          "1190"
        ],
        "x-ms-correlation-request-id": [
          "3db44346-3cd0-4518-80e0-3c79be189355"
        ],
        "x-ms-routing-request-id": [
          "NORTHCENTRALUS:20150425T032703Z:3db44346-3cd0-4518-80e0-3c79be189355"
        ],
        "Date": [
          "Sat, 25 Apr 2015 03:27:02 GMT"
        ]
      },
      "StatusCode": 200
    },
    {
      "RequestUri": "/subscriptions/4d368445-cbb1-42a7-97a6-6850ab99f48e/resourceGroups/pslibtest4316/providers/Microsoft.Compute/availabilitySets/asnondefault1822?api-version=2015-05-01-preview",
      "EncodedRequestUri": "L3N1YnNjcmlwdGlvbnMvNGQzNjg0NDUtY2JiMS00MmE3LTk3YTYtNjg1MGFiOTlmNDhlL3Jlc291cmNlR3JvdXBzL3BzbGlidGVzdDQzMTYvcHJvdmlkZXJzL01pY3Jvc29mdC5Db21wdXRlL2F2YWlsYWJpbGl0eVNldHMvYXNub25kZWZhdWx0MTgyMj9hcGktdmVyc2lvbj0yMDE1LTA1LTAxLXByZXZpZXc=",
      "RequestMethod": "GET",
      "RequestBody": "",
      "RequestHeaders": {
        "User-Agent": [
          "Microsoft.Azure.Management.Compute.ComputeManagementClient/1.0.0.0"
        ]
      },
      "ResponseBody": "{\r\n  \"properties\": {\r\n    \"platformUpdateDomainCount\": 4,\r\n    \"platformFaultDomainCount\": 2,\r\n    \"virtualMachines\": []\r\n  },\r\n  \"id\": \"/subscriptions/4d368445-cbb1-42a7-97a6-6850ab99f48e/resourceGroups/pslibtest4316/providers/Microsoft.Compute/availabilitySets/asnondefault1822\",\r\n  \"name\": \"asnondefault1822\",\r\n  \"type\": \"Microsoft.Compute/availabilitySets\",\r\n  \"location\": \"eastasia\",\r\n  \"tags\": {\r\n    \"RG\": \"rg\",\r\n    \"testTag\": \"1\"\r\n  }\r\n}",
      "ResponseHeaders": {
        "Content-Length": [
          "446"
        ],
        "Content-Type": [
          "application/json; charset=utf-8"
        ],
        "Expires": [
          "-1"
        ],
        "Pragma": [
          "no-cache"
        ],
        "Strict-Transport-Security": [
          "max-age=31536000; includeSubDomains"
        ],
        "x-ms-request-id": [
          "dc1717b7-dd38-457a-b273-52c97e92c036"
        ],
        "Cache-Control": [
          "no-cache"
        ],
        "Server": [
          "Microsoft-HTTPAPI/2.0",
          "Microsoft-HTTPAPI/2.0"
        ],
        "x-ms-ratelimit-remaining-subscription-reads": [
          "31995"
        ],
        "x-ms-correlation-request-id": [
          "77f0e647-f44c-43f5-9934-1e9bebec97ce"
        ],
        "x-ms-routing-request-id": [
          "NORTHCENTRALUS:20150425T032703Z:77f0e647-f44c-43f5-9934-1e9bebec97ce"
        ],
        "Date": [
          "Sat, 25 Apr 2015 03:27:02 GMT"
        ]
      },
      "StatusCode": 200
    },
    {
      "RequestUri": "/subscriptions/4d368445-cbb1-42a7-97a6-6850ab99f48e/resourceGroups/pslibtest4316/providers/Microsoft.Compute/availabilitySets/asnondefault1822/vmSizes?api-version=2015-05-01-preview",
      "EncodedRequestUri": "L3N1YnNjcmlwdGlvbnMvNGQzNjg0NDUtY2JiMS00MmE3LTk3YTYtNjg1MGFiOTlmNDhlL3Jlc291cmNlR3JvdXBzL3BzbGlidGVzdDQzMTYvcHJvdmlkZXJzL01pY3Jvc29mdC5Db21wdXRlL2F2YWlsYWJpbGl0eVNldHMvYXNub25kZWZhdWx0MTgyMi92bVNpemVzP2FwaS12ZXJzaW9uPTIwMTUtMDUtMDEtcHJldmlldw==",
      "RequestMethod": "GET",
      "RequestBody": "",
      "RequestHeaders": {
        "User-Agent": [
          "Microsoft.Azure.Management.Compute.ComputeManagementClient/1.0.0.0"
        ]
      },
      "ResponseBody": "{\r\n  \"value\": [\r\n    {\r\n      \"name\": \"Standard_A0\",\r\n      \"numberOfCores\": 1,\r\n      \"osDiskSizeInMB\": 130048,\r\n      \"resourceDiskSizeInMB\": 20480,\r\n      \"memoryInMB\": 768,\r\n      \"maxDataDiskCount\": 1\r\n    },\r\n    {\r\n      \"name\": \"Standard_A1\",\r\n      \"numberOfCores\": 1,\r\n      \"osDiskSizeInMB\": 130048,\r\n      \"resourceDiskSizeInMB\": 71680,\r\n      \"memoryInMB\": 1792,\r\n      \"maxDataDiskCount\": 2\r\n    },\r\n    {\r\n      \"name\": \"Standard_A2\",\r\n      \"numberOfCores\": 2,\r\n      \"osDiskSizeInMB\": 130048,\r\n      \"resourceDiskSizeInMB\": 138240,\r\n      \"memoryInMB\": 3584,\r\n      \"maxDataDiskCount\": 4\r\n    },\r\n    {\r\n      \"name\": \"Standard_A3\",\r\n      \"numberOfCores\": 4,\r\n      \"osDiskSizeInMB\": 130048,\r\n      \"resourceDiskSizeInMB\": 291840,\r\n      \"memoryInMB\": 7168,\r\n      \"maxDataDiskCount\": 8\r\n    },\r\n    {\r\n      \"name\": \"Standard_A4\",\r\n      \"numberOfCores\": 8,\r\n      \"osDiskSizeInMB\": 130048,\r\n      \"resourceDiskSizeInMB\": 619520,\r\n      \"memoryInMB\": 14336,\r\n      \"maxDataDiskCount\": 16\r\n    },\r\n    {\r\n      \"name\": \"Basic_A0\",\r\n      \"numberOfCores\": 1,\r\n      \"osDiskSizeInMB\": 130048,\r\n      \"resourceDiskSizeInMB\": 20480,\r\n      \"memoryInMB\": 768,\r\n      \"maxDataDiskCount\": 1\r\n    },\r\n    {\r\n      \"name\": \"Basic_A1\",\r\n      \"numberOfCores\": 1,\r\n      \"osDiskSizeInMB\": 130048,\r\n      \"resourceDiskSizeInMB\": 40960,\r\n      \"memoryInMB\": 1792,\r\n      \"maxDataDiskCount\": 2\r\n    },\r\n    {\r\n      \"name\": \"Basic_A2\",\r\n      \"numberOfCores\": 2,\r\n      \"osDiskSizeInMB\": 130048,\r\n      \"resourceDiskSizeInMB\": 61440,\r\n      \"memoryInMB\": 3584,\r\n      \"maxDataDiskCount\": 4\r\n    },\r\n    {\r\n      \"name\": \"Basic_A3\",\r\n      \"numberOfCores\": 4,\r\n      \"osDiskSizeInMB\": 130048,\r\n      \"resourceDiskSizeInMB\": 122880,\r\n      \"memoryInMB\": 7168,\r\n      \"maxDataDiskCount\": 8\r\n    },\r\n    {\r\n      \"name\": \"Basic_A4\",\r\n      \"numberOfCores\": 8,\r\n      \"osDiskSizeInMB\": 130048,\r\n      \"resourceDiskSizeInMB\": 245760,\r\n      \"memoryInMB\": 14336,\r\n      \"maxDataDiskCount\": 16\r\n    },\r\n    {\r\n      \"name\": \"Standard_A5\",\r\n      \"numberOfCores\": 2,\r\n      \"osDiskSizeInMB\": 130048,\r\n      \"resourceDiskSizeInMB\": 138240,\r\n      \"memoryInMB\": 14336,\r\n      \"maxDataDiskCount\": 4\r\n    },\r\n    {\r\n      \"name\": \"Standard_A6\",\r\n      \"numberOfCores\": 4,\r\n      \"osDiskSizeInMB\": 130048,\r\n      \"resourceDiskSizeInMB\": 291840,\r\n      \"memoryInMB\": 28672,\r\n      \"maxDataDiskCount\": 8\r\n    },\r\n    {\r\n      \"name\": \"Standard_A7\",\r\n      \"numberOfCores\": 8,\r\n      \"osDiskSizeInMB\": 130048,\r\n      \"resourceDiskSizeInMB\": 619520,\r\n      \"memoryInMB\": 57344,\r\n      \"maxDataDiskCount\": 16\r\n    },\r\n    {\r\n      \"name\": \"Standard_D1\",\r\n      \"numberOfCores\": 1,\r\n      \"osDiskSizeInMB\": 130048,\r\n      \"resourceDiskSizeInMB\": 51200,\r\n      \"memoryInMB\": 3584,\r\n      \"maxDataDiskCount\": 2\r\n    },\r\n    {\r\n      \"name\": \"Standard_D2\",\r\n      \"numberOfCores\": 2,\r\n      \"osDiskSizeInMB\": 130048,\r\n      \"resourceDiskSizeInMB\": 102400,\r\n      \"memoryInMB\": 7168,\r\n      \"maxDataDiskCount\": 4\r\n    },\r\n    {\r\n      \"name\": \"Standard_D3\",\r\n      \"numberOfCores\": 4,\r\n      \"osDiskSizeInMB\": 130048,\r\n      \"resourceDiskSizeInMB\": 204800,\r\n      \"memoryInMB\": 14336,\r\n      \"maxDataDiskCount\": 8\r\n    },\r\n    {\r\n      \"name\": \"Standard_D4\",\r\n      \"numberOfCores\": 8,\r\n      \"osDiskSizeInMB\": 130048,\r\n      \"resourceDiskSizeInMB\": 409600,\r\n      \"memoryInMB\": 28672,\r\n      \"maxDataDiskCount\": 16\r\n    },\r\n    {\r\n      \"name\": \"Standard_D11\",\r\n      \"numberOfCores\": 2,\r\n      \"osDiskSizeInMB\": 130048,\r\n      \"resourceDiskSizeInMB\": 102400,\r\n      \"memoryInMB\": 14336,\r\n      \"maxDataDiskCount\": 4\r\n    },\r\n    {\r\n      \"name\": \"Standard_D12\",\r\n      \"numberOfCores\": 4,\r\n      \"osDiskSizeInMB\": 130048,\r\n      \"resourceDiskSizeInMB\": 204800,\r\n      \"memoryInMB\": 28672,\r\n      \"maxDataDiskCount\": 8\r\n    },\r\n    {\r\n      \"name\": \"Standard_D13\",\r\n      \"numberOfCores\": 8,\r\n      \"osDiskSizeInMB\": 130048,\r\n      \"resourceDiskSizeInMB\": 409600,\r\n      \"memoryInMB\": 57344,\r\n      \"maxDataDiskCount\": 16\r\n    },\r\n    {\r\n      \"name\": \"Standard_D14\",\r\n      \"numberOfCores\": 16,\r\n      \"osDiskSizeInMB\": 130048,\r\n      \"resourceDiskSizeInMB\": 819200,\r\n      \"memoryInMB\": 114688,\r\n      \"maxDataDiskCount\": 32\r\n    }\r\n  ]\r\n}",
      "ResponseHeaders": {
        "Content-Length": [
          "4222"
        ],
        "Content-Type": [
          "application/json; charset=utf-8"
        ],
        "Expires": [
          "-1"
        ],
        "Pragma": [
          "no-cache"
        ],
        "Strict-Transport-Security": [
          "max-age=31536000; includeSubDomains"
        ],
        "x-ms-request-id": [
          "97143f0b-84a1-4e41-b7b1-4c47e522e4e4"
        ],
        "Cache-Control": [
          "no-cache"
        ],
        "Server": [
          "Microsoft-HTTPAPI/2.0",
          "Microsoft-HTTPAPI/2.0"
        ],
        "x-ms-ratelimit-remaining-subscription-reads": [
          "31993"
        ],
        "x-ms-correlation-request-id": [
          "3583241e-55eb-468d-bdca-98a92b280d9d"
        ],
        "x-ms-routing-request-id": [
          "NORTHCENTRALUS:20150425T032704Z:3583241e-55eb-468d-bdca-98a92b280d9d"
        ],
        "Date": [
          "Sat, 25 Apr 2015 03:27:03 GMT"
        ]
      },
      "StatusCode": 200
    },
    {
      "RequestUri": "/subscriptions/4d368445-cbb1-42a7-97a6-6850ab99f48e/resourceGroups/pslibtest4316/providers/Microsoft.Compute/availabilitySets/asnondefault1822?api-version=2015-05-01-preview",
      "EncodedRequestUri": "L3N1YnNjcmlwdGlvbnMvNGQzNjg0NDUtY2JiMS00MmE3LTk3YTYtNjg1MGFiOTlmNDhlL3Jlc291cmNlR3JvdXBzL3BzbGlidGVzdDQzMTYvcHJvdmlkZXJzL01pY3Jvc29mdC5Db21wdXRlL2F2YWlsYWJpbGl0eVNldHMvYXNub25kZWZhdWx0MTgyMj9hcGktdmVyc2lvbj0yMDE1LTA1LTAxLXByZXZpZXc=",
      "RequestMethod": "DELETE",
      "RequestBody": "",
      "RequestHeaders": {
        "User-Agent": [
          "Microsoft.Azure.Management.Compute.ComputeManagementClient/1.0.0.0"
        ]
      },
      "ResponseBody": "",
      "ResponseHeaders": {
        "Content-Length": [
          "0"
        ],
        "Expires": [
          "-1"
        ],
        "Pragma": [
          "no-cache"
        ],
        "Strict-Transport-Security": [
          "max-age=31536000; includeSubDomains"
        ],
        "x-ms-request-id": [
          "a1e5905b-c576-4cf4-8639-bd17683efc8a"
        ],
        "Cache-Control": [
          "no-cache"
        ],
        "Server": [
          "Microsoft-HTTPAPI/2.0",
          "Microsoft-HTTPAPI/2.0"
        ],
        "x-ms-ratelimit-remaining-subscription-writes": [
          "1189"
        ],
        "x-ms-correlation-request-id": [
          "c9dbfeb4-602f-45ae-83ea-667ddad49d59"
        ],
        "x-ms-routing-request-id": [
          "NORTHCENTRALUS:20150425T032708Z:c9dbfeb4-602f-45ae-83ea-667ddad49d59"
        ],
        "Date": [
          "Sat, 25 Apr 2015 03:27:07 GMT"
        ]
      },
      "StatusCode": 200
    },
    {
      "RequestUri": "/subscriptions/4d368445-cbb1-42a7-97a6-6850ab99f48e/resourceGroups/pslibtest4316/providers/Microsoft.Compute/availabilitySets/asupdateFails6095?api-version=2015-05-01-preview",
      "EncodedRequestUri": "L3N1YnNjcmlwdGlvbnMvNGQzNjg0NDUtY2JiMS00MmE3LTk3YTYtNjg1MGFiOTlmNDhlL3Jlc291cmNlR3JvdXBzL3BzbGlidGVzdDQzMTYvcHJvdmlkZXJzL01pY3Jvc29mdC5Db21wdXRlL2F2YWlsYWJpbGl0eVNldHMvYXN1cGRhdGVGYWlsczYwOTU/YXBpLXZlcnNpb249MjAxNS0wNS0wMS1wcmV2aWV3",
      "RequestMethod": "PUT",
      "RequestBody": "{\r\n  \"properties\": {},\r\n  \"name\": \"asupdateFails6095\",\r\n  \"location\": \"EastAsia\",\r\n  \"tags\": {\r\n    \"RG\": \"rg\",\r\n    \"testTag\": \"1\"\r\n  }\r\n}",
      "RequestHeaders": {
        "Content-Type": [
          "application/json"
        ],
        "Content-Length": [
          "139"
        ],
        "User-Agent": [
          "Microsoft.Azure.Management.Compute.ComputeManagementClient/1.0.0.0"
        ]
      },
      "ResponseBody": "{\r\n  \"properties\": {\r\n    \"platformUpdateDomainCount\": 5,\r\n    \"platformFaultDomainCount\": 3\r\n  },\r\n  \"id\": \"/subscriptions/4d368445-cbb1-42a7-97a6-6850ab99f48e/resourceGroups/pslibtest4316/providers/Microsoft.Compute/availabilitySets/asupdateFails6095\",\r\n  \"name\": \"asupdateFails6095\",\r\n  \"type\": \"Microsoft.Compute/availabilitySets\",\r\n  \"location\": \"eastasia\",\r\n  \"tags\": {\r\n    \"RG\": \"rg\",\r\n    \"testTag\": \"1\"\r\n  }\r\n}",
      "ResponseHeaders": {
        "Content-Length": [
          "420"
        ],
        "Content-Type": [
          "application/json; charset=utf-8"
        ],
        "Expires": [
          "-1"
        ],
        "Pragma": [
          "no-cache"
        ],
        "Strict-Transport-Security": [
          "max-age=31536000; includeSubDomains"
        ],
        "x-ms-request-id": [
          "11a04832-f3fb-40a8-9c5f-8c9a960832de"
        ],
        "Cache-Control": [
          "no-cache"
        ],
        "Server": [
          "Microsoft-HTTPAPI/2.0",
          "Microsoft-HTTPAPI/2.0"
        ],
        "x-ms-ratelimit-remaining-subscription-writes": [
          "1188"
        ],
        "x-ms-correlation-request-id": [
          "4524e02f-248d-4461-8013-2dccb06bae50"
        ],
        "x-ms-routing-request-id": [
          "NORTHCENTRALUS:20150425T032714Z:4524e02f-248d-4461-8013-2dccb06bae50"
        ],
        "Date": [
          "Sat, 25 Apr 2015 03:27:14 GMT"
        ]
      },
      "StatusCode": 200
    },
    {
      "RequestUri": "/subscriptions/4d368445-cbb1-42a7-97a6-6850ab99f48e/resourceGroups/pslibtest4316/providers/Microsoft.Compute/availabilitySets/asupdateFails6095?api-version=2015-05-01-preview",
      "EncodedRequestUri": "L3N1YnNjcmlwdGlvbnMvNGQzNjg0NDUtY2JiMS00MmE3LTk3YTYtNjg1MGFiOTlmNDhlL3Jlc291cmNlR3JvdXBzL3BzbGlidGVzdDQzMTYvcHJvdmlkZXJzL01pY3Jvc29mdC5Db21wdXRlL2F2YWlsYWJpbGl0eVNldHMvYXN1cGRhdGVGYWlsczYwOTU/YXBpLXZlcnNpb249MjAxNS0wNS0wMS1wcmV2aWV3",
      "RequestMethod": "PUT",
      "RequestBody": "{\r\n  \"properties\": {\r\n    \"platformFaultDomainCount\": 2\r\n  },\r\n  \"name\": \"asupdateFails6095\",\r\n  \"location\": \"EastAsia\",\r\n  \"tags\": {\r\n    \"RG\": \"rg\",\r\n    \"testTag\": \"1\"\r\n  }\r\n}",
      "RequestHeaders": {
        "Content-Type": [
          "application/json"
        ],
        "Content-Length": [
          "178"
        ],
        "User-Agent": [
          "Microsoft.Azure.Management.Compute.ComputeManagementClient/1.0.0.0"
        ]
      },
      "ResponseBody": "{\r\n  \"error\": {\r\n    \"code\": \"PropertyChangeNotAllowed\",\r\n    \"target\": \"platformFaultDomainCount\",\r\n    \"message\": \"Changing property 'platformFaultDomainCount' is not allowed.\"\r\n  }\r\n}",
      "ResponseHeaders": {
        "Content-Length": [
          "186"
        ],
        "Content-Type": [
          "application/json; charset=utf-8"
        ],
        "Expires": [
          "-1"
        ],
        "Pragma": [
          "no-cache"
        ],
        "Strict-Transport-Security": [
          "max-age=31536000; includeSubDomains"
        ],
        "x-ms-request-id": [
          "4f8613a6-49eb-4354-923f-ebb505b32294"
        ],
        "Cache-Control": [
          "no-cache"
        ],
        "Server": [
          "Microsoft-HTTPAPI/2.0",
          "Microsoft-HTTPAPI/2.0"
        ],
        "x-ms-ratelimit-remaining-subscription-writes": [
          "1187"
        ],
        "x-ms-correlation-request-id": [
          "4616cf7e-b5d4-49cc-92cb-7e4094e5c940"
        ],
        "x-ms-routing-request-id": [
          "NORTHCENTRALUS:20150425T032714Z:4616cf7e-b5d4-49cc-92cb-7e4094e5c940"
        ],
        "Date": [
          "Sat, 25 Apr 2015 03:27:14 GMT"
        ],
        "Connection": [
          "close"
        ]
      },
      "StatusCode": 403
    },
    {
      "RequestUri": "/subscriptions/4d368445-cbb1-42a7-97a6-6850ab99f48e/resourceGroups/pslibtest4316/providers/Microsoft.Compute/availabilitySets/asupdateFails6095?api-version=2015-05-01-preview",
      "EncodedRequestUri": "L3N1YnNjcmlwdGlvbnMvNGQzNjg0NDUtY2JiMS00MmE3LTk3YTYtNjg1MGFiOTlmNDhlL3Jlc291cmNlR3JvdXBzL3BzbGlidGVzdDQzMTYvcHJvdmlkZXJzL01pY3Jvc29mdC5Db21wdXRlL2F2YWlsYWJpbGl0eVNldHMvYXN1cGRhdGVGYWlsczYwOTU/YXBpLXZlcnNpb249MjAxNS0wNS0wMS1wcmV2aWV3",
      "RequestMethod": "PUT",
      "RequestBody": "{\r\n  \"properties\": {\r\n    \"platformUpdateDomainCount\": 4\r\n  },\r\n  \"name\": \"asupdateFails6095\",\r\n  \"location\": \"EastAsia\",\r\n  \"tags\": {\r\n    \"RG\": \"rg\",\r\n    \"testTag\": \"1\"\r\n  }\r\n}",
      "RequestHeaders": {
        "Content-Type": [
          "application/json"
        ],
        "Content-Length": [
          "179"
        ],
        "User-Agent": [
          "Microsoft.Azure.Management.Compute.ComputeManagementClient/1.0.0.0"
        ]
      },
      "ResponseBody": "{\r\n  \"error\": {\r\n    \"code\": \"PropertyChangeNotAllowed\",\r\n    \"target\": \"platformUpdateDomainCount\",\r\n    \"message\": \"Changing property 'platformUpdateDomainCount' is not allowed.\"\r\n  }\r\n}",
      "ResponseHeaders": {
        "Content-Length": [
          "188"
        ],
        "Content-Type": [
          "application/json; charset=utf-8"
        ],
        "Expires": [
          "-1"
        ],
        "Pragma": [
          "no-cache"
        ],
        "Strict-Transport-Security": [
          "max-age=31536000; includeSubDomains"
        ],
        "x-ms-request-id": [
          "cace405b-6dd1-4898-8096-3d8b9f6c2b5d"
        ],
        "Cache-Control": [
          "no-cache"
        ],
        "Server": [
          "Microsoft-HTTPAPI/2.0",
          "Microsoft-HTTPAPI/2.0"
        ],
        "x-ms-ratelimit-remaining-subscription-writes": [
          "1187"
        ],
        "x-ms-correlation-request-id": [
          "43573b46-914d-4fad-9ccd-ff94b8007ee8"
        ],
        "x-ms-routing-request-id": [
          "NORTHCENTRALUS:20150425T032716Z:43573b46-914d-4fad-9ccd-ff94b8007ee8"
        ],
        "Date": [
          "Sat, 25 Apr 2015 03:27:15 GMT"
        ],
        "Connection": [
          "close"
        ]
      },
      "StatusCode": 403
    },
    {
      "RequestUri": "/subscriptions/4d368445-cbb1-42a7-97a6-6850ab99f48e/resourceGroups/pslibtest4316/providers/Microsoft.Compute/availabilitySets/asupdateFails6095?api-version=2015-05-01-preview",
      "EncodedRequestUri": "L3N1YnNjcmlwdGlvbnMvNGQzNjg0NDUtY2JiMS00MmE3LTk3YTYtNjg1MGFiOTlmNDhlL3Jlc291cmNlR3JvdXBzL3BzbGlidGVzdDQzMTYvcHJvdmlkZXJzL01pY3Jvc29mdC5Db21wdXRlL2F2YWlsYWJpbGl0eVNldHMvYXN1cGRhdGVGYWlsczYwOTU/YXBpLXZlcnNpb249MjAxNS0wNS0wMS1wcmV2aWV3",
      "RequestMethod": "DELETE",
      "RequestBody": "",
      "RequestHeaders": {
        "User-Agent": [
          "Microsoft.Azure.Management.Compute.ComputeManagementClient/1.0.0.0"
        ]
      },
      "ResponseBody": "",
      "ResponseHeaders": {
        "Content-Length": [
          "0"
        ],
        "Expires": [
          "-1"
        ],
        "Pragma": [
          "no-cache"
        ],
        "Strict-Transport-Security": [
          "max-age=31536000; includeSubDomains"
        ],
        "x-ms-request-id": [
          "c514ddd9-21a6-400f-bc6c-1ca7a0ebdd52"
        ],
        "Cache-Control": [
          "no-cache"
        ],
        "Server": [
          "Microsoft-HTTPAPI/2.0",
          "Microsoft-HTTPAPI/2.0"
        ],
        "x-ms-ratelimit-remaining-subscription-writes": [
          "1186"
        ],
        "x-ms-correlation-request-id": [
          "006b3447-a950-4804-ab0f-3c63208a0948"
        ],
        "x-ms-routing-request-id": [
          "NORTHCENTRALUS:20150425T032721Z:006b3447-a950-4804-ab0f-3c63208a0948"
        ],
        "Date": [
          "Sat, 25 Apr 2015 03:27:21 GMT"
        ]
      },
      "StatusCode": 200
    },
    {
      "RequestUri": "/subscriptions/4d368445-cbb1-42a7-97a6-6850ab99f48e/resourcegroups/pslibtest4316?api-version=2014-04-01-preview",
      "EncodedRequestUri": "L3N1YnNjcmlwdGlvbnMvNGQzNjg0NDUtY2JiMS00MmE3LTk3YTYtNjg1MGFiOTlmNDhlL3Jlc291cmNlZ3JvdXBzL3BzbGlidGVzdDQzMTY/YXBpLXZlcnNpb249MjAxNC0wNC0wMS1wcmV2aWV3",
      "RequestMethod": "DELETE",
      "RequestBody": "",
      "RequestHeaders": {
        "User-Agent": [
          "Microsoft.Azure.Management.Resources.ResourceManagementClient/1.0.0.0"
        ]
      },
      "ResponseBody": "",
      "ResponseHeaders": {
        "Content-Length": [
          "0"
        ],
        "Expires": [
          "-1"
        ],
        "Pragma": [
          "no-cache"
        ],
        "Retry-After": [
          "15"
        ],
        "x-ms-ratelimit-remaining-subscription-writes": [
          "1185"
        ],
        "x-ms-request-id": [
          "80a0fa1d-eec2-471c-9f08-384c6fc797c8"
        ],
        "x-ms-correlation-request-id": [
          "80a0fa1d-eec2-471c-9f08-384c6fc797c8"
        ],
        "x-ms-routing-request-id": [
          "NORTHCENTRALUS:20150425T032723Z:80a0fa1d-eec2-471c-9f08-384c6fc797c8"
        ],
        "Strict-Transport-Security": [
          "max-age=31536000; includeSubDomains"
        ],
        "Cache-Control": [
          "no-cache"
        ],
        "Date": [
          "Sat, 25 Apr 2015 03:27:23 GMT"
        ],
        "Location": [
          "https://management.azure.com/subscriptions/4d368445-cbb1-42a7-97a6-6850ab99f48e/operationresults/eyJqb2JJZCI6IlJFU09VUkNFR1JPVVBERUxFVElPTkpPQi1QU0xJQlRFU1Q0MzE2LUVBU1RBU0lBIiwiam9iTG9jYXRpb24iOiJlYXN0YXNpYSJ9?api-version=2014-04-01-preview"
        ]
      },
      "StatusCode": 202
    }
  ],
  "Names": {
    "Initialize": [
      "pslibtest4316"
    ],
    "VerifyInvalidFDUDValuesFail": [
      "invalidfdud4698"
    ],
    "VerifyDefaultValuesSucceed": [
      "asdefaultvalues9393"
    ],
    "VerifyNonDefaultValuesSucceed": [
      "asnondefault1822"
    ],
    "VerifyUpdateFails": [
      "asupdateFails6095"
    ]
  },
  "Variables": {
    "SubscriptionId": "4d368445-cbb1-42a7-97a6-6850ab99f48e"
  }
}