{
  "Entries": [
    {
      "RequestUri": "https://sanitized.comminication.azure.com/routing/distributionPolicies/23AA710D0A47CDA7C13CB01F9973F1C1AA80DEF38085C45DAF?api-version=2022-07-18-preview",
      "RequestMethod": "PATCH",
      "RequestHeaders": {
        "Accept": "application/json",
        "Authorization": "Sanitized",
        "Content-Length": "199",
        "Content-Type": "application/merge-patch\u002Bjson",
        "traceparent": "00-7e22c0b3c1139345411ec519c81b5632-9c06f7f0a50b0e37-00",
        "User-Agent": "azsdk-net-Communication.JobRouter/1.0.0-alpha.20230725.1 (.NET 7.0.9; Microsoft Windows 10.0.22621)",
        "x-ms-client-request-id": "f937b8f8a587bff8a9636b579566a8b7",
        "x-ms-content-sha256": "Sanitized",
        "x-ms-date": "Tue, 25 Jul 2023 15:15:48 GMT",
        "x-ms-return-client-request-id": "true"
      },
      "RequestBody": {
        "name": "LongestIdleDistributionPolicy23AA710D0A47CDA7C13CB01F9973F1C1AA80DEF38085C45DAF",
        "offerExpiresAfterSeconds": 30,
        "mode": {
          "kind": "longest-idle",
          "minConcurrentOffers": 1,
          "maxConcurrentOffers": 1
        }
      },
      "StatusCode": 201,
      "ResponseHeaders": {
        "api-supported-versions": "2021-04-07-preview1, 2022-07-18-preview",
        "Content-Type": "application/json; charset=utf-8",
        "Date": "Tue, 25 Jul 2023 15:15:47 GMT",
        "ETag": "\u00220200f9fb-0000-0700-0000-64bfe7240000\u0022",
        "Last-Modified": "Tue, 25 Jul 2023 15:15:48 GMT",
        "trace-id": "7e22c0b3-c113-9345-411e-c519c81b5632",
        "Transfer-Encoding": "chunked",
        "X-Azure-Ref": "0I\u002Be/ZAAAAADOhbVn0oT2Q7Rcd/U/NJPEWVRPMjIxMDkwODE4MDM3AGNjOTI3NThkLTA1ZjctNGFkNi1hYTVlLTBmYTk3MThkODk4NQ==",
        "X-Cache": "CONFIG_NOCACHE"
      },
      "ResponseBody": {
        "id": "23AA710D0A47CDA7C13CB01F9973F1C1AA80DEF38085C45DAF",
        "name": "LongestIdleDistributionPolicy23AA710D0A47CDA7C13CB01F9973F1C1AA80DEF38085C45DAF",
        "offerExpiresAfterSeconds": 30,
        "mode": {
          "kind": "longest-idle",
          "minConcurrentOffers": 1,
          "maxConcurrentOffers": 1,
          "bypassSelectors": false
        }
      }
    },
    {
      "RequestUri": "https://sanitized.comminication.azure.com/routing/queues/23AA710D0A47CDA7C13CB01F9973F1C1AA80DEF38085C45DAF?api-version=2022-07-18-preview",
      "RequestMethod": "PATCH",
      "RequestHeaders": {
        "Accept": "application/json",
        "Authorization": "Sanitized",
        "Content-Length": "217",
        "Content-Type": "application/merge-patch\u002Bjson",
        "traceparent": "00-364975cb8b70c68bfbf2147a5d380e81-686f8a3a7f04f927-00",
        "User-Agent": "azsdk-net-Communication.JobRouter/1.0.0-alpha.20230725.1 (.NET 7.0.9; Microsoft Windows 10.0.22621)",
        "x-ms-client-request-id": "664c38a16c7b61bb64666ef7971370a7",
        "x-ms-content-sha256": "Sanitized",
        "x-ms-date": "Tue, 25 Jul 2023 15:15:48 GMT",
        "x-ms-return-client-request-id": "true"
      },
      "RequestBody": {
        "name": "DefaultQueueWithLabels23AA710D0A47CDA7C13CB01F9973F1C1AA80DEF38085C45DAF",
        "distributionPolicyId": "23AA710D0A47CDA7C13CB01F9973F1C1AA80DEF38085C45DAF",
        "labels": {
          "Label_1": "Value_1",
          "Label_2": 2,
          "Label_3": true
        }
      },
      "StatusCode": 200,
      "ResponseHeaders": {
        "api-supported-versions": "2021-04-07-preview1, 2022-07-18-preview",
        "Content-Type": "application/json; charset=utf-8",
        "Date": "Tue, 25 Jul 2023 15:15:47 GMT",
        "ETag": "\u00220200862f-0000-0700-0000-64bfe7240000\u0022",
        "Last-Modified": "Tue, 25 Jul 2023 15:15:48 GMT",
        "trace-id": "364975cb-8b70-c68b-fbf2-147a5d380e81",
        "Transfer-Encoding": "chunked",
        "X-Azure-Ref": "0JOe/ZAAAAAD3toVPqLN9RpYnnEaX1G8iWVRPMjIxMDkwODE4MDM3AGNjOTI3NThkLTA1ZjctNGFkNi1hYTVlLTBmYTk3MThkODk4NQ==",
        "X-Cache": "CONFIG_NOCACHE"
      },
      "ResponseBody": {
        "id": "23AA710D0A47CDA7C13CB01F9973F1C1AA80DEF38085C45DAF",
        "name": "DefaultQueueWithLabels23AA710D0A47CDA7C13CB01F9973F1C1AA80DEF38085C45DAF",
        "distributionPolicyId": "23AA710D0A47CDA7C13CB01F9973F1C1AA80DEF38085C45DAF",
        "labels": {
          "Label_1": "Value_1",
          "Label_2": 2,
          "Label_3": true,
          "Id": "23AA710D0A47CDA7C13CB01F9973F1C1AA80DEF38085C45DAF"
        }
      }
    },
    {
      "RequestUri": "https://sanitized.comminication.azure.com/routing/queues/23AA710D0A47CDA7C13CB01F9973F1C1AA80DEF38085C45DAF?api-version=2022-07-18-preview",
      "RequestMethod": "PATCH",
      "RequestHeaders": {
        "Accept": "application/json",
        "Authorization": "Sanitized",
        "Content-Length": "148",
        "Content-Type": "application/merge-patch\u002Bjson",
        "traceparent": "00-5081a4cddeafa25a49eb3ff2478d9bb9-5e8974b529274008-00",
        "User-Agent": "azsdk-net-Communication.JobRouter/1.0.0-alpha.20230725.1 (.NET 7.0.9; Microsoft Windows 10.0.22621)",
        "x-ms-client-request-id": "9c63500274d196a81a130efdaf1cd966",
        "x-ms-content-sha256": "Sanitized",
        "x-ms-date": "Tue, 25 Jul 2023 15:15:48 GMT",
        "x-ms-return-client-request-id": "true"
      },
      "RequestBody": {
        "labels": {
          "Label_1": null,
          "Label_2": null,
          "Label_3": "Value_Updated_3",
          "Id": "23AA710D0A47CDA7C13CB01F9973F1C1AA80DEF38085C45DAF",
          "Label_4": "Value_4"
        }
      },
      "StatusCode": 201,
      "ResponseHeaders": {
        "api-supported-versions": "2021-04-07-preview1, 2022-07-18-preview",
        "Content-Type": "application/json; charset=utf-8",
        "Date": "Tue, 25 Jul 2023 15:15:48 GMT",
        "ETag": "\u00220200872f-0000-0700-0000-64bfe7240000\u0022",
        "Last-Modified": "Tue, 25 Jul 2023 15:15:48 GMT",
        "trace-id": "5081a4cd-deaf-a25a-49eb-3ff2478d9bb9",
        "Transfer-Encoding": "chunked",
        "X-Azure-Ref": "0JOe/ZAAAAADt40gYT6nPSanAvy1mw1DeWVRPMjIxMDkwODE4MDM3AGNjOTI3NThkLTA1ZjctNGFkNi1hYTVlLTBmYTk3MThkODk4NQ==",
        "X-Cache": "CONFIG_NOCACHE"
      },
      "ResponseBody": {
        "id": "23AA710D0A47CDA7C13CB01F9973F1C1AA80DEF38085C45DAF",
        "name": "DefaultQueueWithLabels23AA710D0A47CDA7C13CB01F9973F1C1AA80DEF38085C45DAF",
        "distributionPolicyId": "23AA710D0A47CDA7C13CB01F9973F1C1AA80DEF38085C45DAF",
        "labels": {
          "Label_3": "Value_Updated_3",
          "Id": "23AA710D0A47CDA7C13CB01F9973F1C1AA80DEF38085C45DAF",
          "Label_4": "Value_4"
        }
      }
    }
  ],
  "Variables": {
    "COMMUNICATION_LIVETEST_DYNAMIC_CONNECTION_STRING": "endpoint=https://sanitized.communication.azure.com/;accesskey=Kg==",
    "id-prefix": "sdk-2yJoDbTIbk6z0EOR63kqOg-",
    "RandomSeed": "898735755"
  }
}
