{
  "Entries": [
    {
      "RequestUri": "https://management.azure.com/subscriptions/326100e2-f69d-4268-8503-075374f62b6e?api-version=2021-01-01",
      "RequestMethod": "GET",
      "RequestHeaders": {
        "Accept": "application/json",
        "Authorization": "Sanitized",
        "traceparent": "00-e9008d72c6ec46478a79c7f4e6666d84-3bdba75aeb1f9749-00",
        "User-Agent": "azsdk-net-ResourceManager/1.3.1 (.NET Framework 4.8.9105.0; Microsoft Windows 10.0.19044 )",
        "x-ms-client-request-id": "0a06a78d0dab21d97514c164a193f2e6",
        "x-ms-return-client-request-id": "true"
      },
      "RequestBody": null,
      "StatusCode": 200,
      "ResponseHeaders": {
        "Cache-Control": "no-cache",
        "Content-Length": "460",
        "Content-Type": "application/json; charset=utf-8",
        "Date": "Fri, 09 Dec 2022 09:20:52 GMT",
        "Expires": "-1",
        "Pragma": "no-cache",
        "Strict-Transport-Security": "max-age=31536000; includeSubDomains",
        "X-Content-Type-Options": "nosniff",
        "x-ms-correlation-request-id": "eb33453b-9f2b-416c-9f37-91e3b28f0cf0",
        "x-ms-ratelimit-remaining-subscription-reads": "11894",
        "x-ms-request-id": "eb33453b-9f2b-416c-9f37-91e3b28f0cf0",
        "x-ms-routing-request-id": "SOUTHCENTRALUS:20221209T092052Z:eb33453b-9f2b-416c-9f37-91e3b28f0cf0"
      },
      "ResponseBody": {
        "id": "/subscriptions/326100e2-f69d-4268-8503-075374f62b6e",
        "authorizationSource": "RoleBased",
        "managedByTenants": [
          {
            "tenantId": "2f4a9838-26b7-47ee-be60-ccc1fdec5953"
          }
        ],
        "subscriptionId": "326100e2-f69d-4268-8503-075374f62b6e",
        "tenantId": "72f988bf-86f1-41af-91ab-2d7cd011db47",
        "displayName": "Azure Messaging PM Playground",
        "state": "Enabled",
        "subscriptionPolicies": {
          "locationPlacementId": "Internal_2014-09-01",
          "quotaId": "Internal_2014-09-01",
          "spendingLimit": "Off"
        }
      }
    },
    {
      "RequestUri": "https://management.azure.com/subscriptions/326100e2-f69d-4268-8503-075374f62b6e/resourcegroups/testeventhubRG-5778?api-version=2021-04-01",
      "RequestMethod": "PUT",
      "RequestHeaders": {
        "Accept": "application/json",
        "Authorization": "Sanitized",
        "Content-Length": "44",
        "Content-Type": "application/json",
        "traceparent": "00-bcdcc7c1904e6b45961cc69a9d0b3869-b655221d20761f4b-00",
        "User-Agent": "azsdk-net-ResourceManager/1.3.1 (.NET Framework 4.8.9105.0; Microsoft Windows 10.0.19044 )",
        "x-ms-client-request-id": "d0c48b1a1c2b74c90274f14bbd8030f0",
        "x-ms-return-client-request-id": "true"
      },
      "RequestBody": {
        "tags": {
          "test": "env"
        },
        "location": "eastus2"
      },
      "StatusCode": 201,
      "ResponseHeaders": {
        "Cache-Control": "no-cache",
        "Content-Length": "258",
        "Content-Type": "application/json; charset=utf-8",
        "Date": "Fri, 09 Dec 2022 09:20:56 GMT",
        "Expires": "-1",
        "Pragma": "no-cache",
        "Strict-Transport-Security": "max-age=31536000; includeSubDomains",
        "X-Content-Type-Options": "nosniff",
        "x-ms-correlation-request-id": "80bc19f3-3c45-4522-b7dd-4a4e196a5783",
        "x-ms-ratelimit-remaining-subscription-writes": "1184",
        "x-ms-request-id": "80bc19f3-3c45-4522-b7dd-4a4e196a5783",
        "x-ms-routing-request-id": "SOUTHCENTRALUS:20221209T092057Z:80bc19f3-3c45-4522-b7dd-4a4e196a5783"
      },
      "ResponseBody": {
        "id": "/subscriptions/326100e2-f69d-4268-8503-075374f62b6e/resourceGroups/testeventhubRG-5778",
        "name": "testeventhubRG-5778",
        "type": "Microsoft.Resources/resourceGroups",
        "location": "eastus2",
        "tags": {
          "test": "env"
        },
        "properties": {
          "provisioningState": "Succeeded"
        }
      }
    },
    {
      "RequestUri": "https://management.azure.com/subscriptions/326100e2-f69d-4268-8503-075374f62b6e/providers/Microsoft.EventHub/checkNameAvailability?api-version=2022-01-01-preview",
      "RequestMethod": "POST",
      "RequestHeaders": {
        "Accept": "application/json",
        "Authorization": "Sanitized",
        "Content-Length": "32",
        "Content-Type": "application/json",
        "traceparent": "00-7eeba9e5cb3dc7489f453a7c46249532-1b25dc01ac846d4c-00",
        "User-Agent": "azsdk-net-ResourceManager.EventHubs/1.1.0-alpha.20221209.1 (.NET Framework 4.8.9105.0; Microsoft Windows 10.0.19044 )",
        "x-ms-client-request-id": "0ed2d9abf01e6a2f0dfa41dea579d752",
        "x-ms-return-client-request-id": "true"
      },
      "RequestBody": {
        "name": "testnamespacemgmt6063"
      },
      "StatusCode": 200,
      "ResponseHeaders": {
        "Cache-Control": "no-cache",
        "Content-Length": "53",
        "Content-Type": "application/json; charset=utf-8",
        "Date": "Fri, 09 Dec 2022 09:20:57 GMT",
        "Expires": "-1",
        "Pragma": "no-cache",
        "Server": [
          "Service-Bus-Resource-Provider/SN1",
          "Microsoft-HTTPAPI/2.0"
        ],
        "Server-SB": "Service-Bus-Resource-Provider/SN1",
        "Strict-Transport-Security": "max-age=31536000; includeSubDomains",
        "X-Content-Type-Options": "nosniff",
        "x-ms-client-request-id": "0ed2d9abf01e6a2f0dfa41dea579d752",
        "x-ms-correlation-request-id": "b75a7c4d-05ff-4ffb-9f4a-e6b801a5a0b7",
        "x-ms-ratelimit-remaining-subscription-writes": "1188",
        "x-ms-request-id": "19e82466-280f-4748-a10d-89257981d5a0_M11SN1_M11SN1",
        "x-ms-routing-request-id": "SOUTHCENTRALUS:20221209T092058Z:b75a7c4d-05ff-4ffb-9f4a-e6b801a5a0b7"
      },
      "ResponseBody": {
        "nameAvailable": true,
        "reason": "None",
        "message": null
      }
    },
    {
      "RequestUri": "https://management.azure.com/subscriptions/326100e2-f69d-4268-8503-075374f62b6e/resourceGroups/testeventhubRG-5778/providers/Microsoft.EventHub/namespaces/testnamespacemgmt6063?api-version=2022-01-01-preview",
      "RequestMethod": "PUT",
      "RequestHeaders": {
        "Accept": "application/json",
        "Authorization": "Sanitized",
        "Content-Length": "48",
        "Content-Type": "application/json",
        "traceparent": "00-1801fcaa736c114eb5e5dd80e15d818a-c2bf381fb41ac048-00",
        "User-Agent": "azsdk-net-ResourceManager.EventHubs/1.1.0-alpha.20221209.1 (.NET Framework 4.8.9105.0; Microsoft Windows 10.0.19044 )",
        "x-ms-client-request-id": "a2eb518e61b53d8b96a999e7d5b79490",
        "x-ms-return-client-request-id": "true"
      },
      "RequestBody": {
        "tags": {},
        "location": "eastus2",
        "properties": {}
      },
      "StatusCode": 200,
      "ResponseHeaders": {
        "Cache-Control": "no-cache",
        "Content-Length": "796",
        "Content-Type": "application/json; charset=utf-8",
        "Date": "Fri, 09 Dec 2022 09:21:00 GMT",
        "Expires": "-1",
        "Pragma": "no-cache",
        "Server": [
          "Service-Bus-Resource-Provider/SN1",
          "Microsoft-HTTPAPI/2.0"
        ],
        "Server-SB": "Service-Bus-Resource-Provider/SN1",
        "Strict-Transport-Security": "max-age=31536000; includeSubDomains",
        "X-Content-Type-Options": "nosniff",
        "x-ms-client-request-id": "a2eb518e61b53d8b96a999e7d5b79490",
        "x-ms-correlation-request-id": "39b9aaef-2d8c-4760-a53d-5cc676559f9a",
        "x-ms-ratelimit-remaining-subscription-resource-requests": "43",
        "x-ms-request-id": "130117de-1465-4f91-bf72-888b548c1ba6_M11SN1_M11SN1",
        "x-ms-routing-request-id": "SOUTHCENTRALUS:20221209T092101Z:39b9aaef-2d8c-4760-a53d-5cc676559f9a"
      },
      "ResponseBody": {
        "sku": {
          "name": "Standard",
          "tier": "Standard",
          "capacity": 1
        },
        "id": "/subscriptions/326100e2-f69d-4268-8503-075374f62b6e/resourceGroups/testeventhubRG-5778/providers/Microsoft.EventHub/namespaces/testnamespacemgmt6063",
        "name": "testnamespacemgmt6063",
        "type": "Microsoft.EventHub/Namespaces",
        "location": "East US 2",
        "tags": {},
        "properties": {
          "minimumTlsVersion": "1.2",
          "publicNetworkAccess": "Enabled",
          "disableLocalAuth": false,
          "zoneRedundant": false,
          "isAutoInflateEnabled": false,
          "maximumThroughputUnits": 0,
          "kafkaEnabled": true,
          "provisioningState": "Created",
          "metricId": "326100e2-f69d-4268-8503-075374f62b6e:testnamespacemgmt6063",
          "createdAt": "2022-12-09T09:21:00.707Z",
          "updatedAt": "2022-12-09T09:21:00.707Z",
          "serviceBusEndpoint": "https://testnamespacemgmt6063.servicebus.windows.net:443/",
          "status": "Activating"
        }
      }
    },
    {
      "RequestUri": "https://management.azure.com/subscriptions/326100e2-f69d-4268-8503-075374f62b6e/resourceGroups/testeventhubRG-5778/providers/Microsoft.EventHub/namespaces/testnamespacemgmt6063?api-version=2022-01-01-preview",
      "RequestMethod": "GET",
      "RequestHeaders": {
        "Authorization": "Sanitized",
        "traceparent": "00-1801fcaa736c114eb5e5dd80e15d818a-bb281c7f2078b24b-00",
        "User-Agent": "azsdk-net-ResourceManager/1.3.1 (.NET Framework 4.8.9105.0; Microsoft Windows 10.0.19044 )",
        "x-ms-client-request-id": "2e2ff91a4d4549574e95787557479455",
        "x-ms-return-client-request-id": "true"
      },
      "RequestBody": null,
      "StatusCode": 200,
      "ResponseHeaders": {
        "Cache-Control": "no-cache",
        "Content-Length": "796",
        "Content-Type": "application/json; charset=utf-8",
        "Date": "Fri, 09 Dec 2022 09:21:00 GMT",
        "Expires": "-1",
        "Pragma": "no-cache",
        "Server": [
          "Service-Bus-Resource-Provider/SN1",
          "Microsoft-HTTPAPI/2.0"
        ],
        "Server-SB": "Service-Bus-Resource-Provider/SN1",
        "Strict-Transport-Security": "max-age=31536000; includeSubDomains",
        "X-Content-Type-Options": "nosniff",
        "x-ms-client-request-id": "2e2ff91a4d4549574e95787557479455",
        "x-ms-correlation-request-id": "8d75c9ef-e4a5-4636-872a-83e1260b6e66",
        "x-ms-ratelimit-remaining-subscription-reads": "11893",
        "x-ms-request-id": "8b941642-6ce3-4b56-bff2-3ef1c586c8fe_M11SN1_M11SN1",
        "x-ms-routing-request-id": "SOUTHCENTRALUS:20221209T092101Z:8d75c9ef-e4a5-4636-872a-83e1260b6e66"
      },
      "ResponseBody": {
        "sku": {
          "name": "Standard",
          "tier": "Standard",
          "capacity": 1
        },
        "id": "/subscriptions/326100e2-f69d-4268-8503-075374f62b6e/resourceGroups/testeventhubRG-5778/providers/Microsoft.EventHub/namespaces/testnamespacemgmt6063",
        "name": "testnamespacemgmt6063",
        "type": "Microsoft.EventHub/Namespaces",
        "location": "East US 2",
        "tags": {},
        "properties": {
          "minimumTlsVersion": "1.2",
          "publicNetworkAccess": "Enabled",
          "disableLocalAuth": false,
          "zoneRedundant": false,
          "isAutoInflateEnabled": false,
          "maximumThroughputUnits": 0,
          "kafkaEnabled": true,
          "provisioningState": "Created",
          "metricId": "326100e2-f69d-4268-8503-075374f62b6e:testnamespacemgmt6063",
          "createdAt": "2022-12-09T09:21:00.707Z",
          "updatedAt": "2022-12-09T09:21:00.707Z",
          "serviceBusEndpoint": "https://testnamespacemgmt6063.servicebus.windows.net:443/",
          "status": "Activating"
        }
      }
    },
    {
      "RequestUri": "https://management.azure.com/subscriptions/326100e2-f69d-4268-8503-075374f62b6e/resourceGroups/testeventhubRG-5778/providers/Microsoft.EventHub/namespaces/testnamespacemgmt6063?api-version=2022-01-01-preview",
      "RequestMethod": "GET",
      "RequestHeaders": {
        "Authorization": "Sanitized",
        "traceparent": "00-1801fcaa736c114eb5e5dd80e15d818a-52a8937af14d1145-00",
        "User-Agent": "azsdk-net-ResourceManager/1.3.1 (.NET Framework 4.8.9105.0; Microsoft Windows 10.0.19044 )",
        "x-ms-client-request-id": "1069b166bf918b3e564f0d4e4369b6ff",
        "x-ms-return-client-request-id": "true"
      },
      "RequestBody": null,
      "StatusCode": 200,
      "ResponseHeaders": {
        "Cache-Control": "no-cache",
        "Content-Length": "796",
        "Content-Type": "application/json; charset=utf-8",
        "Date": "Fri, 09 Dec 2022 09:21:02 GMT",
        "Expires": "-1",
        "Pragma": "no-cache",
        "Server": [
          "Service-Bus-Resource-Provider/SN1",
          "Microsoft-HTTPAPI/2.0"
        ],
        "Server-SB": "Service-Bus-Resource-Provider/SN1",
        "Strict-Transport-Security": "max-age=31536000; includeSubDomains",
        "X-Content-Type-Options": "nosniff",
        "x-ms-client-request-id": "1069b166bf918b3e564f0d4e4369b6ff",
        "x-ms-correlation-request-id": "64603c05-0021-4502-a9ae-311620971cfa",
        "x-ms-ratelimit-remaining-subscription-reads": "11892",
        "x-ms-request-id": "168b1398-abc2-4324-a6e2-b85d47d5b057_M11SN1_M11SN1",
        "x-ms-routing-request-id": "SOUTHCENTRALUS:20221209T092102Z:64603c05-0021-4502-a9ae-311620971cfa"
      },
      "ResponseBody": {
        "sku": {
          "name": "Standard",
          "tier": "Standard",
          "capacity": 1
        },
        "id": "/subscriptions/326100e2-f69d-4268-8503-075374f62b6e/resourceGroups/testeventhubRG-5778/providers/Microsoft.EventHub/namespaces/testnamespacemgmt6063",
        "name": "testnamespacemgmt6063",
        "type": "Microsoft.EventHub/Namespaces",
        "location": "East US 2",
        "tags": {},
        "properties": {
          "minimumTlsVersion": "1.2",
          "publicNetworkAccess": "Enabled",
          "disableLocalAuth": false,
          "zoneRedundant": false,
          "isAutoInflateEnabled": false,
          "maximumThroughputUnits": 0,
          "kafkaEnabled": true,
          "provisioningState": "Created",
          "metricId": "326100e2-f69d-4268-8503-075374f62b6e:testnamespacemgmt6063",
          "createdAt": "2022-12-09T09:21:00.707Z",
          "updatedAt": "2022-12-09T09:21:00.707Z",
          "serviceBusEndpoint": "https://testnamespacemgmt6063.servicebus.windows.net:443/",
          "status": "Activating"
        }
      }
    },
    {
      "RequestUri": "https://management.azure.com/subscriptions/326100e2-f69d-4268-8503-075374f62b6e/resourceGroups/testeventhubRG-5778/providers/Microsoft.EventHub/namespaces/testnamespacemgmt6063?api-version=2022-01-01-preview",
      "RequestMethod": "GET",
      "RequestHeaders": {
        "Authorization": "Sanitized",
        "traceparent": "00-1801fcaa736c114eb5e5dd80e15d818a-7e18e8c6af216948-00",
        "User-Agent": "azsdk-net-ResourceManager/1.3.1 (.NET Framework 4.8.9105.0; Microsoft Windows 10.0.19044 )",
        "x-ms-client-request-id": "dccd9e4c6688264b3d9ec97e8a85444d",
        "x-ms-return-client-request-id": "true"
      },
      "RequestBody": null,
      "StatusCode": 200,
      "ResponseHeaders": {
        "Cache-Control": "no-cache",
        "Content-Length": "796",
        "Content-Type": "application/json; charset=utf-8",
        "Date": "Fri, 09 Dec 2022 09:21:03 GMT",
        "Expires": "-1",
        "Pragma": "no-cache",
        "Server": [
          "Service-Bus-Resource-Provider/SN1",
          "Microsoft-HTTPAPI/2.0"
        ],
        "Server-SB": "Service-Bus-Resource-Provider/SN1",
        "Strict-Transport-Security": "max-age=31536000; includeSubDomains",
        "X-Content-Type-Options": "nosniff",
        "x-ms-client-request-id": "dccd9e4c6688264b3d9ec97e8a85444d",
        "x-ms-correlation-request-id": "1ae3317b-15ac-4510-8444-f0ccc0e1ecc0",
        "x-ms-ratelimit-remaining-subscription-reads": "11891",
        "x-ms-request-id": "759d0771-2da0-4dfa-8517-b0dbb4ebbc99_M11SN1_M11SN1",
        "x-ms-routing-request-id": "SOUTHCENTRALUS:20221209T092104Z:1ae3317b-15ac-4510-8444-f0ccc0e1ecc0"
      },
      "ResponseBody": {
        "sku": {
          "name": "Standard",
          "tier": "Standard",
          "capacity": 1
        },
        "id": "/subscriptions/326100e2-f69d-4268-8503-075374f62b6e/resourceGroups/testeventhubRG-5778/providers/Microsoft.EventHub/namespaces/testnamespacemgmt6063",
        "name": "testnamespacemgmt6063",
        "type": "Microsoft.EventHub/Namespaces",
        "location": "East US 2",
        "tags": {},
        "properties": {
          "minimumTlsVersion": "1.2",
          "publicNetworkAccess": "Enabled",
          "disableLocalAuth": false,
          "zoneRedundant": false,
          "isAutoInflateEnabled": false,
          "maximumThroughputUnits": 0,
          "kafkaEnabled": true,
          "provisioningState": "Created",
          "metricId": "326100e2-f69d-4268-8503-075374f62b6e:testnamespacemgmt6063",
          "createdAt": "2022-12-09T09:21:00.707Z",
          "updatedAt": "2022-12-09T09:21:00.707Z",
          "serviceBusEndpoint": "https://testnamespacemgmt6063.servicebus.windows.net:443/",
          "status": "Activating"
        }
      }
    },
    {
      "RequestUri": "https://management.azure.com/subscriptions/326100e2-f69d-4268-8503-075374f62b6e/resourceGroups/testeventhubRG-5778/providers/Microsoft.EventHub/namespaces/testnamespacemgmt6063?api-version=2022-01-01-preview",
      "RequestMethod": "GET",
      "RequestHeaders": {
        "Authorization": "Sanitized",
        "traceparent": "00-1801fcaa736c114eb5e5dd80e15d818a-1f9e88c2af95a949-00",
        "User-Agent": "azsdk-net-ResourceManager/1.3.1 (.NET Framework 4.8.9105.0; Microsoft Windows 10.0.19044 )",
        "x-ms-client-request-id": "d6bbc8d24d2c5a68baa3d7f5400806e5",
        "x-ms-return-client-request-id": "true"
      },
      "RequestBody": null,
      "StatusCode": 200,
      "ResponseHeaders": {
        "Cache-Control": "no-cache",
        "Content-Length": "796",
        "Content-Type": "application/json; charset=utf-8",
        "Date": "Fri, 09 Dec 2022 09:21:04 GMT",
        "Expires": "-1",
        "Pragma": "no-cache",
        "Server": [
          "Service-Bus-Resource-Provider/SN1",
          "Microsoft-HTTPAPI/2.0"
        ],
        "Server-SB": "Service-Bus-Resource-Provider/SN1",
        "Strict-Transport-Security": "max-age=31536000; includeSubDomains",
        "X-Content-Type-Options": "nosniff",
        "x-ms-client-request-id": "d6bbc8d24d2c5a68baa3d7f5400806e5",
        "x-ms-correlation-request-id": "89da562e-0c04-4ffa-a80b-13b5b067b8c8",
        "x-ms-ratelimit-remaining-subscription-reads": "11890",
        "x-ms-request-id": "da47991b-20b0-40cc-89b0-14d6b97685f3_M11SN1_M11SN1",
        "x-ms-routing-request-id": "SOUTHCENTRALUS:20221209T092105Z:89da562e-0c04-4ffa-a80b-13b5b067b8c8"
      },
      "ResponseBody": {
        "sku": {
          "name": "Standard",
          "tier": "Standard",
          "capacity": 1
        },
        "id": "/subscriptions/326100e2-f69d-4268-8503-075374f62b6e/resourceGroups/testeventhubRG-5778/providers/Microsoft.EventHub/namespaces/testnamespacemgmt6063",
        "name": "testnamespacemgmt6063",
        "type": "Microsoft.EventHub/Namespaces",
        "location": "East US 2",
        "tags": {},
        "properties": {
          "minimumTlsVersion": "1.2",
          "publicNetworkAccess": "Enabled",
          "disableLocalAuth": false,
          "zoneRedundant": false,
          "isAutoInflateEnabled": false,
          "maximumThroughputUnits": 0,
          "kafkaEnabled": true,
          "provisioningState": "Created",
          "metricId": "326100e2-f69d-4268-8503-075374f62b6e:testnamespacemgmt6063",
          "createdAt": "2022-12-09T09:21:00.707Z",
          "updatedAt": "2022-12-09T09:21:00.707Z",
          "serviceBusEndpoint": "https://testnamespacemgmt6063.servicebus.windows.net:443/",
          "status": "Activating"
        }
      }
    },
    {
      "RequestUri": "https://management.azure.com/subscriptions/326100e2-f69d-4268-8503-075374f62b6e/resourceGroups/testeventhubRG-5778/providers/Microsoft.EventHub/namespaces/testnamespacemgmt6063?api-version=2022-01-01-preview",
      "RequestMethod": "GET",
      "RequestHeaders": {
        "Authorization": "Sanitized",
        "traceparent": "00-1801fcaa736c114eb5e5dd80e15d818a-98d447e003e06546-00",
        "User-Agent": "azsdk-net-ResourceManager/1.3.1 (.NET Framework 4.8.9105.0; Microsoft Windows 10.0.19044 )",
        "x-ms-client-request-id": "b82878dfb779ffcd6643d2f3f5c001d0",
        "x-ms-return-client-request-id": "true"
      },
      "RequestBody": null,
      "StatusCode": 200,
      "ResponseHeaders": {
        "Cache-Control": "no-cache",
        "Content-Length": "796",
        "Content-Type": "application/json; charset=utf-8",
        "Date": "Fri, 09 Dec 2022 09:21:07 GMT",
        "Expires": "-1",
        "Pragma": "no-cache",
        "Server": [
          "Service-Bus-Resource-Provider/SN1",
          "Microsoft-HTTPAPI/2.0"
        ],
        "Server-SB": "Service-Bus-Resource-Provider/SN1",
        "Strict-Transport-Security": "max-age=31536000; includeSubDomains",
        "X-Content-Type-Options": "nosniff",
        "x-ms-client-request-id": "b82878dfb779ffcd6643d2f3f5c001d0",
        "x-ms-correlation-request-id": "6f6c30a0-61a7-4419-99a9-e9ac42aff82f",
        "x-ms-ratelimit-remaining-subscription-reads": "11889",
        "x-ms-request-id": "04e8ec7c-f233-4125-b819-d145926ae6b8_M11SN1_M11SN1",
        "x-ms-routing-request-id": "SOUTHCENTRALUS:20221209T092107Z:6f6c30a0-61a7-4419-99a9-e9ac42aff82f"
      },
      "ResponseBody": {
        "sku": {
          "name": "Standard",
          "tier": "Standard",
          "capacity": 1
        },
        "id": "/subscriptions/326100e2-f69d-4268-8503-075374f62b6e/resourceGroups/testeventhubRG-5778/providers/Microsoft.EventHub/namespaces/testnamespacemgmt6063",
        "name": "testnamespacemgmt6063",
        "type": "Microsoft.EventHub/Namespaces",
        "location": "East US 2",
        "tags": {},
        "properties": {
          "minimumTlsVersion": "1.2",
          "publicNetworkAccess": "Enabled",
          "disableLocalAuth": false,
          "zoneRedundant": false,
          "isAutoInflateEnabled": false,
          "maximumThroughputUnits": 0,
          "kafkaEnabled": true,
          "provisioningState": "Created",
          "metricId": "326100e2-f69d-4268-8503-075374f62b6e:testnamespacemgmt6063",
          "createdAt": "2022-12-09T09:21:00.707Z",
          "updatedAt": "2022-12-09T09:21:00.707Z",
          "serviceBusEndpoint": "https://testnamespacemgmt6063.servicebus.windows.net:443/",
          "status": "Activating"
        }
      }
    },
    {
      "RequestUri": "https://management.azure.com/subscriptions/326100e2-f69d-4268-8503-075374f62b6e/resourceGroups/testeventhubRG-5778/providers/Microsoft.EventHub/namespaces/testnamespacemgmt6063?api-version=2022-01-01-preview",
      "RequestMethod": "GET",
      "RequestHeaders": {
        "Authorization": "Sanitized",
        "traceparent": "00-1801fcaa736c114eb5e5dd80e15d818a-4ff8bd1a6876c542-00",
        "User-Agent": "azsdk-net-ResourceManager/1.3.1 (.NET Framework 4.8.9105.0; Microsoft Windows 10.0.19044 )",
        "x-ms-client-request-id": "7a7cbf0bdfaeffd3357221e48f55e535",
        "x-ms-return-client-request-id": "true"
      },
      "RequestBody": null,
      "StatusCode": 200,
      "ResponseHeaders": {
        "Cache-Control": "no-cache",
        "Content-Length": "796",
        "Content-Type": "application/json; charset=utf-8",
        "Date": "Fri, 09 Dec 2022 09:21:11 GMT",
        "Expires": "-1",
        "Pragma": "no-cache",
        "Server": [
          "Service-Bus-Resource-Provider/SN1",
          "Microsoft-HTTPAPI/2.0"
        ],
        "Server-SB": "Service-Bus-Resource-Provider/SN1",
        "Strict-Transport-Security": "max-age=31536000; includeSubDomains",
        "X-Content-Type-Options": "nosniff",
        "x-ms-client-request-id": "7a7cbf0bdfaeffd3357221e48f55e535",
        "x-ms-correlation-request-id": "d8ee3069-a830-4f4d-a6bb-92ab3a0a6a59",
        "x-ms-ratelimit-remaining-subscription-reads": "11888",
        "x-ms-request-id": "215139fc-9b4b-4ccc-81a3-6d96c8008d71_M11SN1_M11SN1",
        "x-ms-routing-request-id": "SOUTHCENTRALUS:20221209T092111Z:d8ee3069-a830-4f4d-a6bb-92ab3a0a6a59"
      },
      "ResponseBody": {
        "sku": {
          "name": "Standard",
          "tier": "Standard",
          "capacity": 1
        },
        "id": "/subscriptions/326100e2-f69d-4268-8503-075374f62b6e/resourceGroups/testeventhubRG-5778/providers/Microsoft.EventHub/namespaces/testnamespacemgmt6063",
        "name": "testnamespacemgmt6063",
        "type": "Microsoft.EventHub/Namespaces",
        "location": "East US 2",
        "tags": {},
        "properties": {
          "minimumTlsVersion": "1.2",
          "publicNetworkAccess": "Enabled",
          "disableLocalAuth": false,
          "zoneRedundant": false,
          "isAutoInflateEnabled": false,
          "maximumThroughputUnits": 0,
          "kafkaEnabled": true,
          "provisioningState": "Created",
          "metricId": "326100e2-f69d-4268-8503-075374f62b6e:testnamespacemgmt6063",
          "createdAt": "2022-12-09T09:21:00.707Z",
          "updatedAt": "2022-12-09T09:21:00.707Z",
          "serviceBusEndpoint": "https://testnamespacemgmt6063.servicebus.windows.net:443/",
          "status": "Activating"
        }
      }
    },
    {
      "RequestUri": "https://management.azure.com/subscriptions/326100e2-f69d-4268-8503-075374f62b6e/resourceGroups/testeventhubRG-5778/providers/Microsoft.EventHub/namespaces/testnamespacemgmt6063?api-version=2022-01-01-preview",
      "RequestMethod": "GET",
      "RequestHeaders": {
        "Authorization": "Sanitized",
        "traceparent": "00-1801fcaa736c114eb5e5dd80e15d818a-ed4d1f77994e584a-00",
        "User-Agent": "azsdk-net-ResourceManager/1.3.1 (.NET Framework 4.8.9105.0; Microsoft Windows 10.0.19044 )",
        "x-ms-client-request-id": "119fe4988b5d1ad4fbbc70e97a7565fa",
        "x-ms-return-client-request-id": "true"
      },
      "RequestBody": null,
      "StatusCode": 200,
      "ResponseHeaders": {
        "Cache-Control": "no-cache",
        "Content-Length": "796",
        "Content-Type": "application/json; charset=utf-8",
        "Date": "Fri, 09 Dec 2022 09:21:19 GMT",
        "Expires": "-1",
        "Pragma": "no-cache",
        "Server": [
          "Service-Bus-Resource-Provider/SN1",
          "Microsoft-HTTPAPI/2.0"
        ],
        "Server-SB": "Service-Bus-Resource-Provider/SN1",
        "Strict-Transport-Security": "max-age=31536000; includeSubDomains",
        "X-Content-Type-Options": "nosniff",
        "x-ms-client-request-id": "119fe4988b5d1ad4fbbc70e97a7565fa",
        "x-ms-correlation-request-id": "6c3bc1f6-df6b-4cd0-9f15-bef9945c52c7",
        "x-ms-ratelimit-remaining-subscription-reads": "11887",
        "x-ms-request-id": "66f70160-8368-48ce-b163-e3f151bb54ec_M11SN1_M11SN1",
        "x-ms-routing-request-id": "SOUTHCENTRALUS:20221209T092120Z:6c3bc1f6-df6b-4cd0-9f15-bef9945c52c7"
      },
      "ResponseBody": {
        "sku": {
          "name": "Standard",
          "tier": "Standard",
          "capacity": 1
        },
        "id": "/subscriptions/326100e2-f69d-4268-8503-075374f62b6e/resourceGroups/testeventhubRG-5778/providers/Microsoft.EventHub/namespaces/testnamespacemgmt6063",
        "name": "testnamespacemgmt6063",
        "type": "Microsoft.EventHub/Namespaces",
        "location": "East US 2",
        "tags": {},
        "properties": {
          "minimumTlsVersion": "1.2",
          "publicNetworkAccess": "Enabled",
          "disableLocalAuth": false,
          "zoneRedundant": false,
          "isAutoInflateEnabled": false,
          "maximumThroughputUnits": 0,
          "kafkaEnabled": true,
          "provisioningState": "Created",
          "metricId": "326100e2-f69d-4268-8503-075374f62b6e:testnamespacemgmt6063",
          "createdAt": "2022-12-09T09:21:00.707Z",
          "updatedAt": "2022-12-09T09:21:00.707Z",
          "serviceBusEndpoint": "https://testnamespacemgmt6063.servicebus.windows.net:443/",
          "status": "Activating"
        }
      }
    },
    {
      "RequestUri": "https://management.azure.com/subscriptions/326100e2-f69d-4268-8503-075374f62b6e/resourceGroups/testeventhubRG-5778/providers/Microsoft.EventHub/namespaces/testnamespacemgmt6063?api-version=2022-01-01-preview",
      "RequestMethod": "GET",
      "RequestHeaders": {
        "Authorization": "Sanitized",
        "traceparent": "00-1801fcaa736c114eb5e5dd80e15d818a-c8d015d5aee1f84b-00",
        "User-Agent": "azsdk-net-ResourceManager/1.3.1 (.NET Framework 4.8.9105.0; Microsoft Windows 10.0.19044 )",
        "x-ms-client-request-id": "81ea06a28b8cff37a529820696e86f10",
        "x-ms-return-client-request-id": "true"
      },
      "RequestBody": null,
      "StatusCode": 200,
      "ResponseHeaders": {
        "Cache-Control": "no-cache",
        "Content-Length": "796",
        "Content-Type": "application/json; charset=utf-8",
        "Date": "Fri, 09 Dec 2022 09:21:36 GMT",
        "Expires": "-1",
        "Pragma": "no-cache",
        "Server": [
          "Service-Bus-Resource-Provider/SN1",
          "Microsoft-HTTPAPI/2.0"
        ],
        "Server-SB": "Service-Bus-Resource-Provider/SN1",
        "Strict-Transport-Security": "max-age=31536000; includeSubDomains",
        "X-Content-Type-Options": "nosniff",
        "x-ms-client-request-id": "81ea06a28b8cff37a529820696e86f10",
        "x-ms-correlation-request-id": "4fcaf13f-ffb8-4731-a32d-8f45d029ff0a",
        "x-ms-ratelimit-remaining-subscription-reads": "11886",
        "x-ms-request-id": "fe10d3ef-e117-41cd-be08-7e553352be94_M11SN1_M11SN1",
        "x-ms-routing-request-id": "SOUTHCENTRALUS:20221209T092136Z:4fcaf13f-ffb8-4731-a32d-8f45d029ff0a"
      },
      "ResponseBody": {
        "sku": {
          "name": "Standard",
          "tier": "Standard",
          "capacity": 1
        },
        "id": "/subscriptions/326100e2-f69d-4268-8503-075374f62b6e/resourceGroups/testeventhubRG-5778/providers/Microsoft.EventHub/namespaces/testnamespacemgmt6063",
        "name": "testnamespacemgmt6063",
        "type": "Microsoft.EventHub/Namespaces",
        "location": "East US 2",
        "tags": {},
        "properties": {
          "minimumTlsVersion": "1.2",
          "publicNetworkAccess": "Enabled",
          "disableLocalAuth": false,
          "zoneRedundant": false,
          "isAutoInflateEnabled": false,
          "maximumThroughputUnits": 0,
          "kafkaEnabled": true,
          "provisioningState": "Created",
          "metricId": "326100e2-f69d-4268-8503-075374f62b6e:testnamespacemgmt6063",
          "createdAt": "2022-12-09T09:21:00.707Z",
          "updatedAt": "2022-12-09T09:21:00.707Z",
          "serviceBusEndpoint": "https://testnamespacemgmt6063.servicebus.windows.net:443/",
          "status": "Activating"
        }
      }
    },
    {
      "RequestUri": "https://management.azure.com/subscriptions/326100e2-f69d-4268-8503-075374f62b6e/resourceGroups/testeventhubRG-5778/providers/Microsoft.EventHub/namespaces/testnamespacemgmt6063?api-version=2022-01-01-preview",
      "RequestMethod": "GET",
      "RequestHeaders": {
        "Authorization": "Sanitized",
        "traceparent": "00-1801fcaa736c114eb5e5dd80e15d818a-66d3fcd4b51e1948-00",
        "User-Agent": "azsdk-net-ResourceManager/1.3.1 (.NET Framework 4.8.9105.0; Microsoft Windows 10.0.19044 )",
        "x-ms-client-request-id": "115a9d5def207f73ea617ff26fe984c0",
        "x-ms-return-client-request-id": "true"
      },
      "RequestBody": null,
      "StatusCode": 200,
      "ResponseHeaders": {
        "Cache-Control": "no-cache",
        "Content-Length": "794",
        "Content-Type": "application/json; charset=utf-8",
        "Date": "Fri, 09 Dec 2022 09:22:08 GMT",
        "Expires": "-1",
        "Pragma": "no-cache",
        "Server": [
          "Service-Bus-Resource-Provider/SN1",
          "Microsoft-HTTPAPI/2.0"
        ],
        "Server-SB": "Service-Bus-Resource-Provider/SN1",
        "Strict-Transport-Security": "max-age=31536000; includeSubDomains",
        "X-Content-Type-Options": "nosniff",
        "x-ms-client-request-id": "115a9d5def207f73ea617ff26fe984c0",
        "x-ms-correlation-request-id": "5cc1cc81-1bf3-4ad3-972e-ed1feae5a221",
        "x-ms-ratelimit-remaining-subscription-reads": "11885",
        "x-ms-request-id": "dd1fd759-670c-4ffc-b0d7-e9eb61e7f13c_M11SN1_M11SN1",
        "x-ms-routing-request-id": "SOUTHCENTRALUS:20221209T092208Z:5cc1cc81-1bf3-4ad3-972e-ed1feae5a221"
      },
      "ResponseBody": {
        "sku": {
          "name": "Standard",
          "tier": "Standard",
          "capacity": 1
        },
        "id": "/subscriptions/326100e2-f69d-4268-8503-075374f62b6e/resourceGroups/testeventhubRG-5778/providers/Microsoft.EventHub/namespaces/testnamespacemgmt6063",
        "name": "testnamespacemgmt6063",
        "type": "Microsoft.EventHub/Namespaces",
        "location": "East US 2",
        "tags": {},
        "properties": {
          "minimumTlsVersion": "1.2",
          "publicNetworkAccess": "Enabled",
          "disableLocalAuth": false,
          "zoneRedundant": false,
          "isAutoInflateEnabled": false,
          "maximumThroughputUnits": 0,
          "kafkaEnabled": true,
          "provisioningState": "Succeeded",
          "metricId": "326100e2-f69d-4268-8503-075374f62b6e:testnamespacemgmt6063",
          "createdAt": "2022-12-09T09:21:00.707Z",
          "updatedAt": "2022-12-09T09:21:49.813Z",
          "serviceBusEndpoint": "https://testnamespacemgmt6063.servicebus.windows.net:443/",
          "status": "Active"
        }
      }
    },
    {
      "RequestUri": "https://management.azure.com/subscriptions/326100e2-f69d-4268-8503-075374f62b6e/resourceGroups/testeventhubRG-5778/providers/Microsoft.EventHub/namespaces/testnamespacemgmt6063/eventhubs/eventhub4061?api-version=2022-01-01-preview",
      "RequestMethod": "PUT",
      "RequestHeaders": {
        "Accept": "application/json",
        "Authorization": "Sanitized",
        "Content-Length": "17",
        "Content-Type": "application/json",
        "traceparent": "00-52467861869fed47b6a4db8c3dc8b5eb-2717a92ce624e842-00",
        "User-Agent": "azsdk-net-ResourceManager.EventHubs/1.1.0-alpha.20221209.1 (.NET Framework 4.8.9105.0; Microsoft Windows 10.0.19044 )",
        "x-ms-client-request-id": "6a894126a963ad0da06c3309cd84134c",
        "x-ms-return-client-request-id": "true"
      },
      "RequestBody": {
        "properties": {}
      },
      "StatusCode": 200,
      "ResponseHeaders": {
        "Cache-Control": "no-cache",
        "Content-Length": "461",
        "Content-Type": "application/json; charset=utf-8",
        "Date": "Fri, 09 Dec 2022 09:22:10 GMT",
        "Expires": "-1",
        "Pragma": "no-cache",
        "Server": "Microsoft-HTTPAPI/2.0",
        "Strict-Transport-Security": "max-age=31536000; includeSubDomains",
        "X-Content-Type-Options": "nosniff",
        "x-ms-correlation-request-id": "753f8816-0d8a-48a9-aac1-d015eba34669",
        "x-ms-ratelimit-remaining-subscription-writes": "1183",
        "x-ms-request-id": "753f8816-0d8a-48a9-aac1-d015eba34669",
        "x-ms-routing-request-id": "SOUTHCENTRALUS:20221209T092210Z:753f8816-0d8a-48a9-aac1-d015eba34669"
      },
      "ResponseBody": {
        "id": "/subscriptions/326100e2-f69d-4268-8503-075374f62b6e/resourceGroups/testeventhubRG-5778/providers/Microsoft.EventHub/namespaces/testnamespacemgmt6063/eventhubs/eventhub4061",
        "name": "eventhub4061",
        "type": "Microsoft.EventHub/namespaces/eventhubs",
        "location": "eastus2",
        "properties": {
          "messageRetentionInDays": 7,
          "partitionCount": 4,
          "status": "Active",
          "createdAt": "2022-12-09T09:22:09.953Z",
          "updatedAt": "2022-12-09T09:22:10.11Z",
          "partitionIds": [
            "0",
            "1",
            "2",
            "3"
          ]
        }
      }
    },
    {
      "RequestUri": "https://management.azure.com/subscriptions/326100e2-f69d-4268-8503-075374f62b6e/resourceGroups/testeventhubRG-5778/providers/Microsoft.EventHub/namespaces/testnamespacemgmt6063/eventhubs/eventhub4061?api-version=2022-01-01-preview",
      "RequestMethod": "GET",
      "RequestHeaders": {
        "Accept": "application/json",
        "Authorization": "Sanitized",
        "traceparent": "00-1a1bf51741a6e34589db23c292a35b3e-7183698064ad774c-00",
        "User-Agent": "azsdk-net-ResourceManager.EventHubs/1.1.0-alpha.20221209.1 (.NET Framework 4.8.9105.0; Microsoft Windows 10.0.19044 )",
        "x-ms-client-request-id": "1bdd8c5fd95492b36b962a0c448fbca4",
        "x-ms-return-client-request-id": "true"
      },
      "RequestBody": null,
      "StatusCode": 200,
      "ResponseHeaders": {
        "Cache-Control": "no-cache",
        "Content-Length": "459",
        "Content-Type": "application/json; charset=utf-8",
        "Date": "Fri, 09 Dec 2022 09:22:10 GMT",
        "Expires": "-1",
        "Pragma": "no-cache",
        "Server": "Microsoft-HTTPAPI/2.0",
        "Strict-Transport-Security": "max-age=31536000; includeSubDomains",
        "X-Content-Type-Options": "nosniff",
        "x-ms-correlation-request-id": "db4b6d9b-a396-43ca-b6a4-dc1a57e35c4a",
        "x-ms-ratelimit-remaining-subscription-reads": "11884",
        "x-ms-request-id": "db4b6d9b-a396-43ca-b6a4-dc1a57e35c4a",
        "x-ms-routing-request-id": "SOUTHCENTRALUS:20221209T092210Z:db4b6d9b-a396-43ca-b6a4-dc1a57e35c4a"
      },
      "ResponseBody": {
        "id": "/subscriptions/326100e2-f69d-4268-8503-075374f62b6e/resourceGroups/testeventhubRG-5778/providers/Microsoft.EventHub/namespaces/testnamespacemgmt6063/eventhubs/eventhub4061",
        "name": "eventhub4061",
        "type": "Microsoft.EventHub/namespaces/eventhubs",
        "location": "eastus2",
        "properties": {
          "messageRetentionInDays": 7,
          "partitionCount": 4,
          "status": "Active",
          "createdAt": "2022-12-09T09:22:09.953",
          "updatedAt": "2022-12-09T09:22:10.11",
          "partitionIds": [
            "0",
            "1",
            "2",
            "3"
          ]
        }
      }
    },
    {
      "RequestUri": "https://management.azure.com/subscriptions/326100e2-f69d-4268-8503-075374f62b6e/resourceGroups/testeventhubRG-5778/providers/Microsoft.EventHub/namespaces/testnamespacemgmt6063/eventhubs/eventhub4061?api-version=2022-01-01-preview",
      "RequestMethod": "GET",
      "RequestHeaders": {
        "Accept": "application/json",
        "Authorization": "Sanitized",
        "traceparent": "00-7b0c219609a2964b87a0fd479f749a26-6387748cce77d14d-00",
        "User-Agent": "azsdk-net-ResourceManager.EventHubs/1.1.0-alpha.20221209.1 (.NET Framework 4.8.9105.0; Microsoft Windows 10.0.19044 )",
        "x-ms-client-request-id": "a66ff9c2a6e6f3f94d6380833f761ddd",
        "x-ms-return-client-request-id": "true"
      },
      "RequestBody": null,
      "StatusCode": 200,
      "ResponseHeaders": {
        "Cache-Control": "no-cache",
        "Content-Length": "459",
        "Content-Type": "application/json; charset=utf-8",
        "Date": "Fri, 09 Dec 2022 09:22:10 GMT",
        "Expires": "-1",
        "Pragma": "no-cache",
        "Server": "Microsoft-HTTPAPI/2.0",
        "Strict-Transport-Security": "max-age=31536000; includeSubDomains",
        "X-Content-Type-Options": "nosniff",
        "x-ms-correlation-request-id": "e8901670-ab8c-4e7f-bf65-c74866612a25",
        "x-ms-ratelimit-remaining-subscription-reads": "11883",
        "x-ms-request-id": "e8901670-ab8c-4e7f-bf65-c74866612a25",
        "x-ms-routing-request-id": "SOUTHCENTRALUS:20221209T092210Z:e8901670-ab8c-4e7f-bf65-c74866612a25"
      },
      "ResponseBody": {
        "id": "/subscriptions/326100e2-f69d-4268-8503-075374f62b6e/resourceGroups/testeventhubRG-5778/providers/Microsoft.EventHub/namespaces/testnamespacemgmt6063/eventhubs/eventhub4061",
        "name": "eventhub4061",
        "type": "Microsoft.EventHub/namespaces/eventhubs",
        "location": "eastus2",
        "properties": {
          "messageRetentionInDays": 7,
          "partitionCount": 4,
          "status": "Active",
          "createdAt": "2022-12-09T09:22:09.953",
          "updatedAt": "2022-12-09T09:22:10.11",
          "partitionIds": [
            "0",
            "1",
            "2",
            "3"
          ]
        }
      }
    },
    {
      "RequestUri": "https://management.azure.com/subscriptions/326100e2-f69d-4268-8503-075374f62b6e/resourceGroups/testeventhubRG-5778/providers/Microsoft.EventHub/namespaces/testnamespacemgmt6063/eventhubs/eventhub4061?api-version=2022-01-01-preview",
      "RequestMethod": "DELETE",
      "RequestHeaders": {
        "Accept": "application/json",
        "Authorization": "Sanitized",
        "traceparent": "00-673e1fc1aab1054c98db644d9de78f2c-2e258990b9be3545-00",
        "User-Agent": "azsdk-net-ResourceManager.EventHubs/1.1.0-alpha.20221209.1 (.NET Framework 4.8.9105.0; Microsoft Windows 10.0.19044 )",
        "x-ms-client-request-id": "5d10a56ca5a64cb98ef6ffcd7e016811",
        "x-ms-return-client-request-id": "true"
      },
      "RequestBody": null,
      "StatusCode": 200,
      "ResponseHeaders": {
        "Cache-Control": "no-cache",
        "Content-Length": "0",
        "Date": "Fri, 09 Dec 2022 09:22:12 GMT",
        "Expires": "-1",
        "Pragma": "no-cache",
        "Server": "Microsoft-HTTPAPI/2.0",
        "Strict-Transport-Security": "max-age=31536000; includeSubDomains",
        "X-Content-Type-Options": "nosniff",
        "x-ms-correlation-request-id": "12a0c3c8-4443-4623-9cff-1c1093e78a0b",
        "x-ms-ratelimit-remaining-subscription-deletes": "14990",
        "x-ms-request-id": "12a0c3c8-4443-4623-9cff-1c1093e78a0b",
        "x-ms-routing-request-id": "SOUTHCENTRALUS:20221209T092212Z:12a0c3c8-4443-4623-9cff-1c1093e78a0b"
      },
      "ResponseBody": null
    },
    {
      "RequestUri": "https://management.azure.com/subscriptions/326100e2-f69d-4268-8503-075374f62b6e/resourceGroups/testeventhubRG-5778/providers/Microsoft.EventHub/namespaces/testnamespacemgmt6063/eventhubs/eventhub4061?api-version=2022-01-01-preview",
      "RequestMethod": "GET",
      "RequestHeaders": {
        "Accept": "application/json",
        "Authorization": "Sanitized",
        "traceparent": "00-854a537f7a50ca4ca381cad93e923104-213cf7635bc9dc49-00",
        "User-Agent": "azsdk-net-ResourceManager.EventHubs/1.1.0-alpha.20221209.1 (.NET Framework 4.8.9105.0; Microsoft Windows 10.0.19044 )",
        "x-ms-client-request-id": "d3468eb06c15b86592e9cdf0592f52f4",
        "x-ms-return-client-request-id": "true"
      },
      "RequestBody": null,
      "StatusCode": 404,
      "ResponseHeaders": {
        "Cache-Control": "no-cache",
        "Content-Length": "78",
        "Content-Type": "application/json",
        "Date": "Fri, 09 Dec 2022 09:22:13 GMT",
        "Expires": "-1",
        "Pragma": "no-cache",
        "Server": "Microsoft-HTTPAPI/2.0",
        "Strict-Transport-Security": "max-age=31536000; includeSubDomains",
        "X-Content-Type-Options": "nosniff",
        "x-ms-correlation-request-id": "aa3654cf-7bca-40d7-aadb-23432a650dc6",
        "x-ms-ratelimit-remaining-subscription-reads": "11882",
        "x-ms-request-id": "aa3654cf-7bca-40d7-aadb-23432a650dc6",
        "x-ms-routing-request-id": "SOUTHCENTRALUS:20221209T092213Z:aa3654cf-7bca-40d7-aadb-23432a650dc6"
      },
      "ResponseBody": {
        "error": {
          "code": "EntityNotFound",
          "message": "EventHub entity does not exist"
        }
      }
    },
    {
      "RequestUri": "https://management.azure.com/subscriptions/326100e2-f69d-4268-8503-075374f62b6e/resourceGroups/testeventhubRG-5778/providers/Microsoft.EventHub/namespaces/testnamespacemgmt6063/eventhubs/eventhub4061?api-version=2022-01-01-preview",
      "RequestMethod": "GET",
      "RequestHeaders": {
        "Accept": "application/json",
        "Authorization": "Sanitized",
        "traceparent": "00-4e3363653cedc84aa928a4f1f51b183d-7cb940a634894f4e-00",
        "User-Agent": "azsdk-net-ResourceManager.EventHubs/1.1.0-alpha.20221209.1 (.NET Framework 4.8.9105.0; Microsoft Windows 10.0.19044 )",
        "x-ms-client-request-id": "9f9f4d785e7e1dfd402218f0a62c744c",
        "x-ms-return-client-request-id": "true"
      },
      "RequestBody": null,
      "StatusCode": 404,
      "ResponseHeaders": {
        "Cache-Control": "no-cache",
        "Content-Length": "78",
        "Content-Type": "application/json",
        "Date": "Fri, 09 Dec 2022 09:22:14 GMT",
        "Expires": "-1",
        "Pragma": "no-cache",
        "Server": "Microsoft-HTTPAPI/2.0",
        "Strict-Transport-Security": "max-age=31536000; includeSubDomains",
        "X-Content-Type-Options": "nosniff",
        "x-ms-correlation-request-id": "46266e2e-58e0-4521-8093-fa3fdd69ef52",
        "x-ms-ratelimit-remaining-subscription-reads": "11881",
        "x-ms-request-id": "46266e2e-58e0-4521-8093-fa3fdd69ef52",
        "x-ms-routing-request-id": "SOUTHCENTRALUS:20221209T092214Z:46266e2e-58e0-4521-8093-fa3fdd69ef52"
      },
      "ResponseBody": {
        "error": {
          "code": "EntityNotFound",
          "message": "EventHub entity does not exist"
        }
      }
    }
  ],
  "Variables": {
    "AZURE_AUTHORITY_HOST": "https://login.microsoftonline.com",
    "RandomSeed": "492882182",
    "RESOURCE_MANAGER_URL": null,
    "SUBSCRIPTION_ID": "326100e2-f69d-4268-8503-075374f62b6e"
  }
}
