{
  "Entries": [
    {
      "RequestUri": "https://management.azure.com/subscriptions/326100e2-f69d-4268-8503-075374f62b6e?api-version=2021-01-01",
      "RequestMethod": "GET",
      "RequestHeaders": {
        "Accept": "application/json",
        "Authorization": "Sanitized",
        "Connection": "keep-alive",
        "traceparent": "00-560f465bb688294cab07eb31542ce8a3-560800de6301b240-00",
        "User-Agent": "azsdk-net-ResourceManager/1.3.0 (.NET Framework 4.8.9037.0; Microsoft Windows 10.0.19044 )",
        "x-ms-client-request-id": "88a6247d67c9a098c5aa259b59591560",
        "x-ms-return-client-request-id": "true"
      },
      "RequestBody": null,
      "StatusCode": 200,
      "ResponseHeaders": {
        "Cache-Control": "no-cache",
        "Content-Length": "460",
        "Content-Type": "application/json; charset=utf-8",
        "Date": "Mon, 12 Sep 2022 09:24:20 GMT",
        "Expires": "-1",
        "Pragma": "no-cache",
        "Strict-Transport-Security": "max-age=31536000; includeSubDomains",
        "X-Content-Type-Options": "nosniff",
        "x-ms-correlation-request-id": "dd63565c-c359-4c52-b9a7-f88e54fbfb6c",
        "x-ms-ratelimit-remaining-subscription-reads": "11961",
        "x-ms-request-id": "dd63565c-c359-4c52-b9a7-f88e54fbfb6c",
        "x-ms-routing-request-id": "SOUTHCENTRALUS:20220912T092421Z:dd63565c-c359-4c52-b9a7-f88e54fbfb6c"
      },
      "ResponseBody": {
        "id": "/subscriptions/326100e2-f69d-4268-8503-075374f62b6e",
        "authorizationSource": "RoleBased",
        "managedByTenants": [
          {
            "tenantId": "2f4a9838-26b7-47ee-be60-ccc1fdec5953"
          }
        ],
        "subscriptionId": "326100e2-f69d-4268-8503-075374f62b6e",
        "tenantId": "72f988bf-86f1-41af-91ab-2d7cd011db47",
        "displayName": "Azure Messaging PM Playground",
        "state": "Enabled",
        "subscriptionPolicies": {
          "locationPlacementId": "Internal_2014-09-01",
          "quotaId": "Internal_2014-09-01",
          "spendingLimit": "Off"
        }
      }
    },
    {
      "RequestUri": "https://management.azure.com/subscriptions/326100e2-f69d-4268-8503-075374f62b6e/resourcegroups/testeventhubRG-6298?api-version=2021-04-01",
      "RequestMethod": "PUT",
      "RequestHeaders": {
        "Accept": "application/json",
        "Authorization": "Sanitized",
        "Content-Length": "44",
        "Content-Type": "application/json",
        "traceparent": "00-2e03163cc88f9842a384a100103b7810-6ea2a56c33e4d643-00",
        "User-Agent": "azsdk-net-ResourceManager/1.3.0 (.NET Framework 4.8.9037.0; Microsoft Windows 10.0.19044 )",
        "x-ms-client-request-id": "35231cb82ec0e0d4a8c3ea793000ef68",
        "x-ms-return-client-request-id": "true"
      },
      "RequestBody": {
        "tags": {
          "test": "env"
        },
        "location": "eastus2"
      },
      "StatusCode": 201,
      "ResponseHeaders": {
        "Cache-Control": "no-cache",
        "Content-Length": "258",
        "Content-Type": "application/json; charset=utf-8",
        "Date": "Mon, 12 Sep 2022 09:24:21 GMT",
        "Expires": "-1",
        "Pragma": "no-cache",
        "Strict-Transport-Security": "max-age=31536000; includeSubDomains",
        "X-Content-Type-Options": "nosniff",
        "x-ms-correlation-request-id": "711adb27-7c93-413d-a614-15813ffe0f62",
        "x-ms-ratelimit-remaining-subscription-writes": "1181",
        "x-ms-request-id": "711adb27-7c93-413d-a614-15813ffe0f62",
        "x-ms-routing-request-id": "SOUTHCENTRALUS:20220912T092422Z:711adb27-7c93-413d-a614-15813ffe0f62"
      },
      "ResponseBody": {
        "id": "/subscriptions/326100e2-f69d-4268-8503-075374f62b6e/resourceGroups/testeventhubRG-6298",
        "name": "testeventhubRG-6298",
        "type": "Microsoft.Resources/resourceGroups",
        "location": "eastus2",
        "tags": {
          "test": "env"
        },
        "properties": {
          "provisioningState": "Succeeded"
        }
      }
    },
    {
      "RequestUri": "https://management.azure.com/subscriptions/326100e2-f69d-4268-8503-075374f62b6e/providers/Microsoft.EventHub/checkNameAvailability?api-version=2022-01-01-preview",
      "RequestMethod": "POST",
      "RequestHeaders": {
        "Accept": "application/json",
        "Authorization": "Sanitized",
        "Content-Length": "32",
        "Content-Type": "application/json",
        "traceparent": "00-882491179845ff4eb93d7cfcee6f834e-cf975f92db86f449-00",
        "User-Agent": "azsdk-net-ResourceManager.EventHubs/1.1.0-alpha.20220912.1 (.NET Framework 4.8.9037.0; Microsoft Windows 10.0.19044 )",
        "x-ms-client-request-id": "81f260a285f48b292ed4a0e0e7f0af84",
        "x-ms-return-client-request-id": "true"
      },
      "RequestBody": {
        "name": "testnamespacemgmt4086"
      },
      "StatusCode": 200,
      "ResponseHeaders": {
        "Cache-Control": "no-cache",
        "Content-Length": "53",
        "Content-Type": "application/json; charset=utf-8",
        "Date": "Mon, 12 Sep 2022 09:24:21 GMT",
        "Expires": "-1",
        "Pragma": "no-cache",
        "Server": [
          "Service-Bus-Resource-Provider/SN1",
          "Microsoft-HTTPAPI/2.0"
        ],
        "Server-SB": "Service-Bus-Resource-Provider/SN1",
        "Strict-Transport-Security": "max-age=31536000; includeSubDomains",
        "X-Content-Type-Options": "nosniff",
        "x-ms-client-request-id": "81f260a285f48b292ed4a0e0e7f0af84",
        "x-ms-correlation-request-id": "54239a37-cac2-4a84-b561-6ccbb750954f",
        "x-ms-ratelimit-remaining-subscription-writes": "1194",
        "x-ms-request-id": "15e4bdb1-3317-4783-801a-2a4993bf56fe_M9SN1_M9SN1",
        "x-ms-routing-request-id": "SOUTHCENTRALUS:20220912T092422Z:54239a37-cac2-4a84-b561-6ccbb750954f"
      },
      "ResponseBody": {
        "nameAvailable": true,
        "reason": "None",
        "message": null
      }
    },
    {
      "RequestUri": "https://management.azure.com/subscriptions/326100e2-f69d-4268-8503-075374f62b6e/resourceGroups/testeventhubRG-6298/providers/Microsoft.EventHub/namespaces/testnamespacemgmt4086?api-version=2022-01-01-preview",
      "RequestMethod": "PUT",
      "RequestHeaders": {
        "Accept": "application/json",
        "Authorization": "Sanitized",
        "Content-Length": "48",
        "Content-Type": "application/json",
        "traceparent": "00-2792ae600ae52a42b3c9c97d663c1230-08dd66904b270b4f-00",
        "User-Agent": "azsdk-net-ResourceManager.EventHubs/1.1.0-alpha.20220912.1 (.NET Framework 4.8.9037.0; Microsoft Windows 10.0.19044 )",
        "x-ms-client-request-id": "8008923cbd93d2f6a821a4ad2795a936",
        "x-ms-return-client-request-id": "true"
      },
      "RequestBody": {
        "tags": {},
        "location": "eastus2",
        "properties": {}
      },
      "StatusCode": 200,
      "ResponseHeaders": {
        "Cache-Control": "no-cache",
        "Content-Length": "796",
        "Content-Type": "application/json; charset=utf-8",
        "Date": "Mon, 12 Sep 2022 09:24:24 GMT",
        "Expires": "-1",
        "Pragma": "no-cache",
        "Server": [
          "Service-Bus-Resource-Provider/SN1",
          "Microsoft-HTTPAPI/2.0"
        ],
        "Server-SB": "Service-Bus-Resource-Provider/SN1",
        "Strict-Transport-Security": "max-age=31536000; includeSubDomains",
        "X-Content-Type-Options": "nosniff",
        "x-ms-client-request-id": "8008923cbd93d2f6a821a4ad2795a936",
        "x-ms-correlation-request-id": "78c6012d-1e44-4867-adbf-46317987bf32",
        "x-ms-ratelimit-remaining-subscription-resource-requests": "44",
        "x-ms-request-id": "a0ca43a0-5eab-464a-859a-d8fc35b59d61_M9SN1_M9SN1",
        "x-ms-routing-request-id": "SOUTHCENTRALUS:20220912T092424Z:78c6012d-1e44-4867-adbf-46317987bf32"
      },
      "ResponseBody": {
        "sku": {
          "name": "Standard",
          "tier": "Standard",
          "capacity": 1
        },
        "id": "/subscriptions/326100e2-f69d-4268-8503-075374f62b6e/resourceGroups/testeventhubRG-6298/providers/Microsoft.EventHub/namespaces/testnamespacemgmt4086",
        "name": "testnamespacemgmt4086",
        "type": "Microsoft.EventHub/Namespaces",
        "location": "East US 2",
        "tags": {},
        "properties": {
          "minimumTlsVersion": "1.2",
          "publicNetworkAccess": "Enabled",
          "disableLocalAuth": false,
          "zoneRedundant": false,
          "isAutoInflateEnabled": false,
          "maximumThroughputUnits": 0,
          "kafkaEnabled": true,
          "provisioningState": "Created",
          "metricId": "326100e2-f69d-4268-8503-075374f62b6e:testnamespacemgmt4086",
          "createdAt": "2022-09-12T09:24:23.327Z",
          "updatedAt": "2022-09-12T09:24:23.327Z",
          "serviceBusEndpoint": "https://testnamespacemgmt4086.servicebus.windows.net:443/",
          "status": "Activating"
        }
      }
    },
    {
      "RequestUri": "https://management.azure.com/subscriptions/326100e2-f69d-4268-8503-075374f62b6e/resourceGroups/testeventhubRG-6298/providers/Microsoft.EventHub/namespaces/testnamespacemgmt4086?api-version=2022-01-01-preview",
      "RequestMethod": "GET",
      "RequestHeaders": {
        "Authorization": "Sanitized",
        "traceparent": "00-2792ae600ae52a42b3c9c97d663c1230-e3032c0de2f62d41-00",
        "User-Agent": "azsdk-net-ResourceManager/1.3.0 (.NET Framework 4.8.9037.0; Microsoft Windows 10.0.19044 )",
        "x-ms-client-request-id": "6ef3f43be7e6e5ef6920d9d3e17b6499",
        "x-ms-return-client-request-id": "true"
      },
      "RequestBody": null,
      "StatusCode": 200,
      "ResponseHeaders": {
        "Cache-Control": "no-cache",
        "Content-Length": "796",
        "Content-Type": "application/json; charset=utf-8",
        "Date": "Mon, 12 Sep 2022 09:24:24 GMT",
        "Expires": "-1",
        "Pragma": "no-cache",
        "Server": [
          "Service-Bus-Resource-Provider/SN1",
          "Microsoft-HTTPAPI/2.0"
        ],
        "Server-SB": "Service-Bus-Resource-Provider/SN1",
        "Strict-Transport-Security": "max-age=31536000; includeSubDomains",
        "X-Content-Type-Options": "nosniff",
        "x-ms-client-request-id": "6ef3f43be7e6e5ef6920d9d3e17b6499",
        "x-ms-correlation-request-id": "5b640aa6-db25-48ba-be16-149a3a47e4ac",
        "x-ms-ratelimit-remaining-subscription-reads": "11960",
        "x-ms-request-id": "bbf4b914-235f-47b4-a6b5-07895ff515d7_M9SN1_M9SN1",
        "x-ms-routing-request-id": "SOUTHCENTRALUS:20220912T092424Z:5b640aa6-db25-48ba-be16-149a3a47e4ac"
      },
      "ResponseBody": {
        "sku": {
          "name": "Standard",
          "tier": "Standard",
          "capacity": 1
        },
        "id": "/subscriptions/326100e2-f69d-4268-8503-075374f62b6e/resourceGroups/testeventhubRG-6298/providers/Microsoft.EventHub/namespaces/testnamespacemgmt4086",
        "name": "testnamespacemgmt4086",
        "type": "Microsoft.EventHub/Namespaces",
        "location": "East US 2",
        "tags": {},
        "properties": {
          "minimumTlsVersion": "1.2",
          "publicNetworkAccess": "Enabled",
          "disableLocalAuth": false,
          "zoneRedundant": false,
          "isAutoInflateEnabled": false,
          "maximumThroughputUnits": 0,
          "kafkaEnabled": true,
          "provisioningState": "Created",
          "metricId": "326100e2-f69d-4268-8503-075374f62b6e:testnamespacemgmt4086",
          "createdAt": "2022-09-12T09:24:23.327Z",
          "updatedAt": "2022-09-12T09:24:23.327Z",
          "serviceBusEndpoint": "https://testnamespacemgmt4086.servicebus.windows.net:443/",
          "status": "Activating"
        }
      }
    },
    {
      "RequestUri": "https://management.azure.com/subscriptions/326100e2-f69d-4268-8503-075374f62b6e/resourceGroups/testeventhubRG-6298/providers/Microsoft.EventHub/namespaces/testnamespacemgmt4086?api-version=2022-01-01-preview",
      "RequestMethod": "GET",
      "RequestHeaders": {
        "Authorization": "Sanitized",
        "traceparent": "00-2792ae600ae52a42b3c9c97d663c1230-7055d4113b173243-00",
        "User-Agent": "azsdk-net-ResourceManager/1.3.0 (.NET Framework 4.8.9037.0; Microsoft Windows 10.0.19044 )",
        "x-ms-client-request-id": "10ad6a2bfa3adc17ce7186e92b9d9ea8",
        "x-ms-return-client-request-id": "true"
      },
      "RequestBody": null,
      "StatusCode": 200,
      "ResponseHeaders": {
        "Cache-Control": "no-cache",
        "Content-Length": "796",
        "Content-Type": "application/json; charset=utf-8",
        "Date": "Mon, 12 Sep 2022 09:24:25 GMT",
        "Expires": "-1",
        "Pragma": "no-cache",
        "Server": [
          "Service-Bus-Resource-Provider/SN1",
          "Microsoft-HTTPAPI/2.0"
        ],
        "Server-SB": "Service-Bus-Resource-Provider/SN1",
        "Strict-Transport-Security": "max-age=31536000; includeSubDomains",
        "X-Content-Type-Options": "nosniff",
        "x-ms-client-request-id": "10ad6a2bfa3adc17ce7186e92b9d9ea8",
        "x-ms-correlation-request-id": "d6e508da-d69a-460e-b71c-9b0fc6cfe553",
        "x-ms-ratelimit-remaining-subscription-reads": "11959",
        "x-ms-request-id": "e85fa82e-691a-47f4-b8bf-7c0498568d88_M9SN1_M9SN1",
        "x-ms-routing-request-id": "SOUTHCENTRALUS:20220912T092425Z:d6e508da-d69a-460e-b71c-9b0fc6cfe553"
      },
      "ResponseBody": {
        "sku": {
          "name": "Standard",
          "tier": "Standard",
          "capacity": 1
        },
        "id": "/subscriptions/326100e2-f69d-4268-8503-075374f62b6e/resourceGroups/testeventhubRG-6298/providers/Microsoft.EventHub/namespaces/testnamespacemgmt4086",
        "name": "testnamespacemgmt4086",
        "type": "Microsoft.EventHub/Namespaces",
        "location": "East US 2",
        "tags": {},
        "properties": {
          "minimumTlsVersion": "1.2",
          "publicNetworkAccess": "Enabled",
          "disableLocalAuth": false,
          "zoneRedundant": false,
          "isAutoInflateEnabled": false,
          "maximumThroughputUnits": 0,
          "kafkaEnabled": true,
          "provisioningState": "Created",
          "metricId": "326100e2-f69d-4268-8503-075374f62b6e:testnamespacemgmt4086",
          "createdAt": "2022-09-12T09:24:23.327Z",
          "updatedAt": "2022-09-12T09:24:23.327Z",
          "serviceBusEndpoint": "https://testnamespacemgmt4086.servicebus.windows.net:443/",
          "status": "Activating"
        }
      }
    },
    {
      "RequestUri": "https://management.azure.com/subscriptions/326100e2-f69d-4268-8503-075374f62b6e/resourceGroups/testeventhubRG-6298/providers/Microsoft.EventHub/namespaces/testnamespacemgmt4086?api-version=2022-01-01-preview",
      "RequestMethod": "GET",
      "RequestHeaders": {
        "Authorization": "Sanitized",
        "traceparent": "00-2792ae600ae52a42b3c9c97d663c1230-d4cd7fced94dc840-00",
        "User-Agent": "azsdk-net-ResourceManager/1.3.0 (.NET Framework 4.8.9037.0; Microsoft Windows 10.0.19044 )",
        "x-ms-client-request-id": "3271d2603aa24b50e7d14b4c86f0b57d",
        "x-ms-return-client-request-id": "true"
      },
      "RequestBody": null,
      "StatusCode": 200,
      "ResponseHeaders": {
        "Cache-Control": "no-cache",
        "Content-Length": "796",
        "Content-Type": "application/json; charset=utf-8",
        "Date": "Mon, 12 Sep 2022 09:24:27 GMT",
        "Expires": "-1",
        "Pragma": "no-cache",
        "Server": [
          "Service-Bus-Resource-Provider/SN1",
          "Microsoft-HTTPAPI/2.0"
        ],
        "Server-SB": "Service-Bus-Resource-Provider/SN1",
        "Strict-Transport-Security": "max-age=31536000; includeSubDomains",
        "X-Content-Type-Options": "nosniff",
        "x-ms-client-request-id": "3271d2603aa24b50e7d14b4c86f0b57d",
        "x-ms-correlation-request-id": "304335d9-cb95-47f9-b832-644e321be20a",
        "x-ms-ratelimit-remaining-subscription-reads": "11958",
        "x-ms-request-id": "c4ae15e4-901e-43c8-ae69-1e49cf04e03c_M3SN1_M3SN1",
        "x-ms-routing-request-id": "SOUTHCENTRALUS:20220912T092427Z:304335d9-cb95-47f9-b832-644e321be20a"
      },
      "ResponseBody": {
        "sku": {
          "name": "Standard",
          "tier": "Standard",
          "capacity": 1
        },
        "id": "/subscriptions/326100e2-f69d-4268-8503-075374f62b6e/resourceGroups/testeventhubRG-6298/providers/Microsoft.EventHub/namespaces/testnamespacemgmt4086",
        "name": "testnamespacemgmt4086",
        "type": "Microsoft.EventHub/Namespaces",
        "location": "East US 2",
        "tags": {},
        "properties": {
          "minimumTlsVersion": "1.2",
          "publicNetworkAccess": "Enabled",
          "disableLocalAuth": false,
          "zoneRedundant": false,
          "isAutoInflateEnabled": false,
          "maximumThroughputUnits": 0,
          "kafkaEnabled": true,
          "provisioningState": "Created",
          "metricId": "326100e2-f69d-4268-8503-075374f62b6e:testnamespacemgmt4086",
          "createdAt": "2022-09-12T09:24:23.327Z",
          "updatedAt": "2022-09-12T09:24:23.327Z",
          "serviceBusEndpoint": "https://testnamespacemgmt4086.servicebus.windows.net:443/",
          "status": "Activating"
        }
      }
    },
    {
      "RequestUri": "https://management.azure.com/subscriptions/326100e2-f69d-4268-8503-075374f62b6e/resourceGroups/testeventhubRG-6298/providers/Microsoft.EventHub/namespaces/testnamespacemgmt4086?api-version=2022-01-01-preview",
      "RequestMethod": "GET",
      "RequestHeaders": {
        "Authorization": "Sanitized",
        "traceparent": "00-2792ae600ae52a42b3c9c97d663c1230-5a99b92b9f4c2f4e-00",
        "User-Agent": "azsdk-net-ResourceManager/1.3.0 (.NET Framework 4.8.9037.0; Microsoft Windows 10.0.19044 )",
        "x-ms-client-request-id": "c92df845b0524098dd16a0756105bacb",
        "x-ms-return-client-request-id": "true"
      },
      "RequestBody": null,
      "StatusCode": 200,
      "ResponseHeaders": {
        "Cache-Control": "no-cache",
        "Content-Length": "796",
        "Content-Type": "application/json; charset=utf-8",
        "Date": "Mon, 12 Sep 2022 09:24:28 GMT",
        "Expires": "-1",
        "Pragma": "no-cache",
        "Server": [
          "Service-Bus-Resource-Provider/SN1",
          "Microsoft-HTTPAPI/2.0"
        ],
        "Server-SB": "Service-Bus-Resource-Provider/SN1",
        "Strict-Transport-Security": "max-age=31536000; includeSubDomains",
        "X-Content-Type-Options": "nosniff",
        "x-ms-client-request-id": "c92df845b0524098dd16a0756105bacb",
        "x-ms-correlation-request-id": "5228a7f6-144b-45c1-a860-003e83318188",
        "x-ms-ratelimit-remaining-subscription-reads": "11957",
        "x-ms-request-id": "fdd22cb6-ccdc-4974-90fd-a44450735461_M3SN1_M3SN1",
        "x-ms-routing-request-id": "SOUTHCENTRALUS:20220912T092428Z:5228a7f6-144b-45c1-a860-003e83318188"
      },
      "ResponseBody": {
        "sku": {
          "name": "Standard",
          "tier": "Standard",
          "capacity": 1
        },
        "id": "/subscriptions/326100e2-f69d-4268-8503-075374f62b6e/resourceGroups/testeventhubRG-6298/providers/Microsoft.EventHub/namespaces/testnamespacemgmt4086",
        "name": "testnamespacemgmt4086",
        "type": "Microsoft.EventHub/Namespaces",
        "location": "East US 2",
        "tags": {},
        "properties": {
          "minimumTlsVersion": "1.2",
          "publicNetworkAccess": "Enabled",
          "disableLocalAuth": false,
          "zoneRedundant": false,
          "isAutoInflateEnabled": false,
          "maximumThroughputUnits": 0,
          "kafkaEnabled": true,
          "provisioningState": "Created",
          "metricId": "326100e2-f69d-4268-8503-075374f62b6e:testnamespacemgmt4086",
          "createdAt": "2022-09-12T09:24:23.327Z",
          "updatedAt": "2022-09-12T09:24:23.327Z",
          "serviceBusEndpoint": "https://testnamespacemgmt4086.servicebus.windows.net:443/",
          "status": "Activating"
        }
      }
    },
    {
      "RequestUri": "https://management.azure.com/subscriptions/326100e2-f69d-4268-8503-075374f62b6e/resourceGroups/testeventhubRG-6298/providers/Microsoft.EventHub/namespaces/testnamespacemgmt4086?api-version=2022-01-01-preview",
      "RequestMethod": "GET",
      "RequestHeaders": {
        "Authorization": "Sanitized",
        "traceparent": "00-2792ae600ae52a42b3c9c97d663c1230-9ad037fadd63f146-00",
        "User-Agent": "azsdk-net-ResourceManager/1.3.0 (.NET Framework 4.8.9037.0; Microsoft Windows 10.0.19044 )",
        "x-ms-client-request-id": "0f7331823109f1f719622869aeca56de",
        "x-ms-return-client-request-id": "true"
      },
      "RequestBody": null,
      "StatusCode": 200,
      "ResponseHeaders": {
        "Cache-Control": "no-cache",
        "Content-Length": "796",
        "Content-Type": "application/json; charset=utf-8",
        "Date": "Mon, 12 Sep 2022 09:24:30 GMT",
        "Expires": "-1",
        "Pragma": "no-cache",
        "Server": [
          "Service-Bus-Resource-Provider/SN1",
          "Microsoft-HTTPAPI/2.0"
        ],
        "Server-SB": "Service-Bus-Resource-Provider/SN1",
        "Strict-Transport-Security": "max-age=31536000; includeSubDomains",
        "X-Content-Type-Options": "nosniff",
        "x-ms-client-request-id": "0f7331823109f1f719622869aeca56de",
        "x-ms-correlation-request-id": "2b7194ff-5173-4c12-91f6-be1ca680702f",
        "x-ms-ratelimit-remaining-subscription-reads": "11956",
        "x-ms-request-id": "e90d32d0-761b-4b05-b9be-73ade884ab33_M3SN1_M3SN1",
        "x-ms-routing-request-id": "SOUTHCENTRALUS:20220912T092430Z:2b7194ff-5173-4c12-91f6-be1ca680702f"
      },
      "ResponseBody": {
        "sku": {
          "name": "Standard",
          "tier": "Standard",
          "capacity": 1
        },
        "id": "/subscriptions/326100e2-f69d-4268-8503-075374f62b6e/resourceGroups/testeventhubRG-6298/providers/Microsoft.EventHub/namespaces/testnamespacemgmt4086",
        "name": "testnamespacemgmt4086",
        "type": "Microsoft.EventHub/Namespaces",
        "location": "East US 2",
        "tags": {},
        "properties": {
          "minimumTlsVersion": "1.2",
          "publicNetworkAccess": "Enabled",
          "disableLocalAuth": false,
          "zoneRedundant": false,
          "isAutoInflateEnabled": false,
          "maximumThroughputUnits": 0,
          "kafkaEnabled": true,
          "provisioningState": "Created",
          "metricId": "326100e2-f69d-4268-8503-075374f62b6e:testnamespacemgmt4086",
          "createdAt": "2022-09-12T09:24:23.327Z",
          "updatedAt": "2022-09-12T09:24:23.327Z",
          "serviceBusEndpoint": "https://testnamespacemgmt4086.servicebus.windows.net:443/",
          "status": "Activating"
        }
      }
    },
    {
      "RequestUri": "https://management.azure.com/subscriptions/326100e2-f69d-4268-8503-075374f62b6e/resourceGroups/testeventhubRG-6298/providers/Microsoft.EventHub/namespaces/testnamespacemgmt4086?api-version=2022-01-01-preview",
      "RequestMethod": "GET",
      "RequestHeaders": {
        "Authorization": "Sanitized",
        "traceparent": "00-2792ae600ae52a42b3c9c97d663c1230-7531c170de6fed40-00",
        "User-Agent": "azsdk-net-ResourceManager/1.3.0 (.NET Framework 4.8.9037.0; Microsoft Windows 10.0.19044 )",
        "x-ms-client-request-id": "32a408bcd470af553931548b99dae9e2",
        "x-ms-return-client-request-id": "true"
      },
      "RequestBody": null,
      "StatusCode": 200,
      "ResponseHeaders": {
        "Cache-Control": "no-cache",
        "Content-Length": "796",
        "Content-Type": "application/json; charset=utf-8",
        "Date": "Mon, 12 Sep 2022 09:24:34 GMT",
        "Expires": "-1",
        "Pragma": "no-cache",
        "Server": [
          "Service-Bus-Resource-Provider/SN1",
          "Microsoft-HTTPAPI/2.0"
        ],
        "Server-SB": "Service-Bus-Resource-Provider/SN1",
        "Strict-Transport-Security": "max-age=31536000; includeSubDomains",
        "X-Content-Type-Options": "nosniff",
        "x-ms-client-request-id": "32a408bcd470af553931548b99dae9e2",
        "x-ms-correlation-request-id": "752f780b-f93e-4b68-86a4-36b64dda98eb",
        "x-ms-ratelimit-remaining-subscription-reads": "11955",
        "x-ms-request-id": "7411434b-161f-4b24-be76-755c9b987faa_M9SN1_M9SN1",
        "x-ms-routing-request-id": "SOUTHCENTRALUS:20220912T092434Z:752f780b-f93e-4b68-86a4-36b64dda98eb"
      },
      "ResponseBody": {
        "sku": {
          "name": "Standard",
          "tier": "Standard",
          "capacity": 1
        },
        "id": "/subscriptions/326100e2-f69d-4268-8503-075374f62b6e/resourceGroups/testeventhubRG-6298/providers/Microsoft.EventHub/namespaces/testnamespacemgmt4086",
        "name": "testnamespacemgmt4086",
        "type": "Microsoft.EventHub/Namespaces",
        "location": "East US 2",
        "tags": {},
        "properties": {
          "minimumTlsVersion": "1.2",
          "publicNetworkAccess": "Enabled",
          "disableLocalAuth": false,
          "zoneRedundant": false,
          "isAutoInflateEnabled": false,
          "maximumThroughputUnits": 0,
          "kafkaEnabled": true,
          "provisioningState": "Created",
          "metricId": "326100e2-f69d-4268-8503-075374f62b6e:testnamespacemgmt4086",
          "createdAt": "2022-09-12T09:24:23.327Z",
          "updatedAt": "2022-09-12T09:24:23.327Z",
          "serviceBusEndpoint": "https://testnamespacemgmt4086.servicebus.windows.net:443/",
          "status": "Activating"
        }
      }
    },
    {
      "RequestUri": "https://management.azure.com/subscriptions/326100e2-f69d-4268-8503-075374f62b6e/resourceGroups/testeventhubRG-6298/providers/Microsoft.EventHub/namespaces/testnamespacemgmt4086?api-version=2022-01-01-preview",
      "RequestMethod": "GET",
      "RequestHeaders": {
        "Authorization": "Sanitized",
        "traceparent": "00-2792ae600ae52a42b3c9c97d663c1230-d4d5712dc4730749-00",
        "User-Agent": "azsdk-net-ResourceManager/1.3.0 (.NET Framework 4.8.9037.0; Microsoft Windows 10.0.19044 )",
        "x-ms-client-request-id": "55ca7f17a67c1373013baff0872f9113",
        "x-ms-return-client-request-id": "true"
      },
      "RequestBody": null,
      "StatusCode": 200,
      "ResponseHeaders": {
        "Cache-Control": "no-cache",
        "Content-Length": "796",
        "Content-Type": "application/json; charset=utf-8",
        "Date": "Mon, 12 Sep 2022 09:24:42 GMT",
        "Expires": "-1",
        "Pragma": "no-cache",
        "Server": [
          "Service-Bus-Resource-Provider/SN1",
          "Microsoft-HTTPAPI/2.0"
        ],
        "Server-SB": "Service-Bus-Resource-Provider/SN1",
        "Strict-Transport-Security": "max-age=31536000; includeSubDomains",
        "X-Content-Type-Options": "nosniff",
        "x-ms-client-request-id": "55ca7f17a67c1373013baff0872f9113",
        "x-ms-correlation-request-id": "4dbba285-a7a9-4f30-b5ae-dba7fb08d677",
        "x-ms-ratelimit-remaining-subscription-reads": "11954",
        "x-ms-request-id": "09026cc5-ce97-4226-8f7a-2417723448bb_M3SN1_M3SN1",
        "x-ms-routing-request-id": "SOUTHCENTRALUS:20220912T092442Z:4dbba285-a7a9-4f30-b5ae-dba7fb08d677"
      },
      "ResponseBody": {
        "sku": {
          "name": "Standard",
          "tier": "Standard",
          "capacity": 1
        },
        "id": "/subscriptions/326100e2-f69d-4268-8503-075374f62b6e/resourceGroups/testeventhubRG-6298/providers/Microsoft.EventHub/namespaces/testnamespacemgmt4086",
        "name": "testnamespacemgmt4086",
        "type": "Microsoft.EventHub/Namespaces",
        "location": "East US 2",
        "tags": {},
        "properties": {
          "minimumTlsVersion": "1.2",
          "publicNetworkAccess": "Enabled",
          "disableLocalAuth": false,
          "zoneRedundant": false,
          "isAutoInflateEnabled": false,
          "maximumThroughputUnits": 0,
          "kafkaEnabled": true,
          "provisioningState": "Created",
          "metricId": "326100e2-f69d-4268-8503-075374f62b6e:testnamespacemgmt4086",
          "createdAt": "2022-09-12T09:24:23.327Z",
          "updatedAt": "2022-09-12T09:24:23.327Z",
          "serviceBusEndpoint": "https://testnamespacemgmt4086.servicebus.windows.net:443/",
          "status": "Activating"
        }
      }
    },
    {
      "RequestUri": "https://management.azure.com/subscriptions/326100e2-f69d-4268-8503-075374f62b6e/resourceGroups/testeventhubRG-6298/providers/Microsoft.EventHub/namespaces/testnamespacemgmt4086?api-version=2022-01-01-preview",
      "RequestMethod": "GET",
      "RequestHeaders": {
        "Authorization": "Sanitized",
        "traceparent": "00-2792ae600ae52a42b3c9c97d663c1230-728db0a9a9fd3247-00",
        "User-Agent": "azsdk-net-ResourceManager/1.3.0 (.NET Framework 4.8.9037.0; Microsoft Windows 10.0.19044 )",
        "x-ms-client-request-id": "58b9c1bf8761ae5bdbc3d5d8dd6b573f",
        "x-ms-return-client-request-id": "true"
      },
      "RequestBody": null,
      "StatusCode": 200,
      "ResponseHeaders": {
        "Cache-Control": "no-cache",
        "Content-Length": "796",
        "Content-Type": "application/json; charset=utf-8",
        "Date": "Mon, 12 Sep 2022 09:24:58 GMT",
        "Expires": "-1",
        "Pragma": "no-cache",
        "Server": [
          "Service-Bus-Resource-Provider/SN1",
          "Microsoft-HTTPAPI/2.0"
        ],
        "Server-SB": "Service-Bus-Resource-Provider/SN1",
        "Strict-Transport-Security": "max-age=31536000; includeSubDomains",
        "X-Content-Type-Options": "nosniff",
        "x-ms-client-request-id": "58b9c1bf8761ae5bdbc3d5d8dd6b573f",
        "x-ms-correlation-request-id": "9ff947a0-11e0-4335-b514-61cbf598aeb5",
        "x-ms-ratelimit-remaining-subscription-reads": "11953",
        "x-ms-request-id": "af979a84-5dd7-4ca6-a691-7a520a495e11_M9SN1_M9SN1",
        "x-ms-routing-request-id": "SOUTHCENTRALUS:20220912T092459Z:9ff947a0-11e0-4335-b514-61cbf598aeb5"
      },
      "ResponseBody": {
        "sku": {
          "name": "Standard",
          "tier": "Standard",
          "capacity": 1
        },
        "id": "/subscriptions/326100e2-f69d-4268-8503-075374f62b6e/resourceGroups/testeventhubRG-6298/providers/Microsoft.EventHub/namespaces/testnamespacemgmt4086",
        "name": "testnamespacemgmt4086",
        "type": "Microsoft.EventHub/Namespaces",
        "location": "East US 2",
        "tags": {},
        "properties": {
          "minimumTlsVersion": "1.2",
          "publicNetworkAccess": "Enabled",
          "disableLocalAuth": false,
          "zoneRedundant": false,
          "isAutoInflateEnabled": false,
          "maximumThroughputUnits": 0,
          "kafkaEnabled": true,
          "provisioningState": "Created",
          "metricId": "326100e2-f69d-4268-8503-075374f62b6e:testnamespacemgmt4086",
          "createdAt": "2022-09-12T09:24:23.327Z",
          "updatedAt": "2022-09-12T09:24:23.327Z",
          "serviceBusEndpoint": "https://testnamespacemgmt4086.servicebus.windows.net:443/",
          "status": "Activating"
        }
      }
    },
    {
      "RequestUri": "https://management.azure.com/subscriptions/326100e2-f69d-4268-8503-075374f62b6e/resourceGroups/testeventhubRG-6298/providers/Microsoft.EventHub/namespaces/testnamespacemgmt4086?api-version=2022-01-01-preview",
      "RequestMethod": "GET",
      "RequestHeaders": {
        "Authorization": "Sanitized",
        "traceparent": "00-2792ae600ae52a42b3c9c97d663c1230-6343813fc6678948-00",
        "User-Agent": "azsdk-net-ResourceManager/1.3.0 (.NET Framework 4.8.9037.0; Microsoft Windows 10.0.19044 )",
        "x-ms-client-request-id": "2f52467801ff1661949031342464270a",
        "x-ms-return-client-request-id": "true"
      },
      "RequestBody": null,
      "StatusCode": 200,
      "ResponseHeaders": {
        "Cache-Control": "no-cache",
        "Content-Length": "793",
        "Content-Type": "application/json; charset=utf-8",
        "Date": "Mon, 12 Sep 2022 09:25:30 GMT",
        "Expires": "-1",
        "Pragma": "no-cache",
        "Server": [
          "Service-Bus-Resource-Provider/SN1",
          "Microsoft-HTTPAPI/2.0"
        ],
        "Server-SB": "Service-Bus-Resource-Provider/SN1",
        "Strict-Transport-Security": "max-age=31536000; includeSubDomains",
        "X-Content-Type-Options": "nosniff",
        "x-ms-client-request-id": "2f52467801ff1661949031342464270a",
        "x-ms-correlation-request-id": "3cd06c5c-7051-46b8-9658-8c2a96add2eb",
        "x-ms-ratelimit-remaining-subscription-reads": "11952",
        "x-ms-request-id": "428d7332-6da4-47ba-828a-9fc2c62410b6_M6SN1_M6SN1",
        "x-ms-routing-request-id": "SOUTHCENTRALUS:20220912T092531Z:3cd06c5c-7051-46b8-9658-8c2a96add2eb"
      },
      "ResponseBody": {
        "sku": {
          "name": "Standard",
          "tier": "Standard",
          "capacity": 1
        },
        "id": "/subscriptions/326100e2-f69d-4268-8503-075374f62b6e/resourceGroups/testeventhubRG-6298/providers/Microsoft.EventHub/namespaces/testnamespacemgmt4086",
        "name": "testnamespacemgmt4086",
        "type": "Microsoft.EventHub/Namespaces",
        "location": "East US 2",
        "tags": {},
        "properties": {
          "minimumTlsVersion": "1.2",
          "publicNetworkAccess": "Enabled",
          "disableLocalAuth": false,
          "zoneRedundant": false,
          "isAutoInflateEnabled": false,
          "maximumThroughputUnits": 0,
          "kafkaEnabled": true,
          "provisioningState": "Succeeded",
          "metricId": "326100e2-f69d-4268-8503-075374f62b6e:testnamespacemgmt4086",
          "createdAt": "2022-09-12T09:24:23.327Z",
          "updatedAt": "2022-09-12T09:25:14.52Z",
          "serviceBusEndpoint": "https://testnamespacemgmt4086.servicebus.windows.net:443/",
          "status": "Active"
        }
      }
    },
    {
      "RequestUri": "https://management.azure.com/subscriptions/326100e2-f69d-4268-8503-075374f62b6e/resourceGroups/testeventhubRG-6298/providers/Microsoft.EventHub/namespaces/testnamespacemgmt4086/eventhubs/eventhub1311?api-version=2022-01-01-preview",
      "RequestMethod": "PUT",
      "RequestHeaders": {
        "Accept": "application/json",
        "Authorization": "Sanitized",
        "Content-Length": "17",
        "Content-Type": "application/json",
        "traceparent": "00-36d34492f22927458241194eb0c474db-a9966a7954e8fe49-00",
        "User-Agent": "azsdk-net-ResourceManager.EventHubs/1.1.0-alpha.20220912.1 (.NET Framework 4.8.9037.0; Microsoft Windows 10.0.19044 )",
        "x-ms-client-request-id": "21d7cc41809124901c79b8d09b3696e4",
        "x-ms-return-client-request-id": "true"
      },
      "RequestBody": {
        "properties": {}
      },
      "StatusCode": 200,
      "ResponseHeaders": {
        "Cache-Control": "no-cache",
        "Content-Length": "462",
        "Content-Type": "application/json; charset=utf-8",
        "Date": "Mon, 12 Sep 2022 09:25:32 GMT",
        "Expires": "-1",
        "Pragma": "no-cache",
        "Server": "Microsoft-HTTPAPI/2.0",
        "Strict-Transport-Security": "max-age=31536000; includeSubDomains",
        "X-Content-Type-Options": "nosniff",
        "x-ms-correlation-request-id": "a3a937dd-2fae-4b62-bd89-b59b9a40847c",
        "x-ms-ratelimit-remaining-subscription-writes": "1180",
        "x-ms-request-id": "a3a937dd-2fae-4b62-bd89-b59b9a40847c",
        "x-ms-routing-request-id": "SOUTHCENTRALUS:20220912T092533Z:a3a937dd-2fae-4b62-bd89-b59b9a40847c"
      },
      "ResponseBody": {
        "id": "/subscriptions/326100e2-f69d-4268-8503-075374f62b6e/resourceGroups/testeventhubRG-6298/providers/Microsoft.EventHub/namespaces/testnamespacemgmt4086/eventhubs/eventhub1311",
        "name": "eventhub1311",
        "type": "Microsoft.EventHub/Namespaces/EventHubs",
        "location": "eastus2",
        "properties": {
          "messageRetentionInDays": 7,
          "partitionCount": 4,
          "status": "Active",
          "createdAt": "2022-09-12T09:25:32.793Z",
          "updatedAt": "2022-09-12T09:25:32.977Z",
          "partitionIds": [
            "0",
            "1",
            "2",
            "3"
          ]
        }
      }
    },
    {
      "RequestUri": "https://management.azure.com/subscriptions/326100e2-f69d-4268-8503-075374f62b6e/resourceGroups/testeventhubRG-6298/providers/Microsoft.EventHub/namespaces/testnamespacemgmt4086/eventhubs/eventhub1311?api-version=2022-01-01-preview",
      "RequestMethod": "GET",
      "RequestHeaders": {
        "Accept": "application/json",
        "Authorization": "Sanitized",
        "traceparent": "00-dd399da459dd584e937e9e6860c2849e-ab9513320458ed45-00",
        "User-Agent": "azsdk-net-ResourceManager.EventHubs/1.1.0-alpha.20220912.1 (.NET Framework 4.8.9037.0; Microsoft Windows 10.0.19044 )",
        "x-ms-client-request-id": "dc417870136260bea3c3d1552789779c",
        "x-ms-return-client-request-id": "true"
      },
      "RequestBody": null,
      "StatusCode": 200,
      "ResponseHeaders": {
        "Cache-Control": "no-cache",
        "Content-Length": "460",
        "Content-Type": "application/json; charset=utf-8",
        "Date": "Mon, 12 Sep 2022 09:25:33 GMT",
        "Expires": "-1",
        "Pragma": "no-cache",
        "Server": "Microsoft-HTTPAPI/2.0",
        "Strict-Transport-Security": "max-age=31536000; includeSubDomains",
        "X-Content-Type-Options": "nosniff",
        "x-ms-correlation-request-id": "68d110af-f1ff-48d4-ab46-d64efb210b31",
        "x-ms-ratelimit-remaining-subscription-reads": "11951",
        "x-ms-request-id": "68d110af-f1ff-48d4-ab46-d64efb210b31",
        "x-ms-routing-request-id": "SOUTHCENTRALUS:20220912T092533Z:68d110af-f1ff-48d4-ab46-d64efb210b31"
      },
      "ResponseBody": {
        "id": "/subscriptions/326100e2-f69d-4268-8503-075374f62b6e/resourceGroups/testeventhubRG-6298/providers/Microsoft.EventHub/namespaces/testnamespacemgmt4086/eventhubs/eventhub1311",
        "name": "eventhub1311",
        "type": "Microsoft.EventHub/Namespaces/EventHubs",
        "location": "eastus2",
        "properties": {
          "messageRetentionInDays": 7,
          "partitionCount": 4,
          "status": "Active",
          "createdAt": "2022-09-12T09:25:32.793",
          "updatedAt": "2022-09-12T09:25:32.977",
          "partitionIds": [
            "0",
            "1",
            "2",
            "3"
          ]
        }
      }
    },
    {
      "RequestUri": "https://management.azure.com/subscriptions/326100e2-f69d-4268-8503-075374f62b6e/resourceGroups/testeventhubRG-6298/providers/Microsoft.EventHub/namespaces/testnamespacemgmt4086/eventhubs/eventhub1311?api-version=2022-01-01-preview",
      "RequestMethod": "GET",
      "RequestHeaders": {
        "Accept": "application/json",
        "Authorization": "Sanitized",
        "traceparent": "00-4a999a54ff801f4a81ebc6035a7ebbe2-5588d93ea660b74e-00",
        "User-Agent": "azsdk-net-ResourceManager.EventHubs/1.1.0-alpha.20220912.1 (.NET Framework 4.8.9037.0; Microsoft Windows 10.0.19044 )",
        "x-ms-client-request-id": "9e9b39cb1e7fc6e6c20be388a945f95a",
        "x-ms-return-client-request-id": "true"
      },
      "RequestBody": null,
      "StatusCode": 200,
      "ResponseHeaders": {
        "Cache-Control": "no-cache",
        "Content-Length": "460",
        "Content-Type": "application/json; charset=utf-8",
        "Date": "Mon, 12 Sep 2022 09:25:33 GMT",
        "Expires": "-1",
        "Pragma": "no-cache",
        "Server": "Microsoft-HTTPAPI/2.0",
        "Strict-Transport-Security": "max-age=31536000; includeSubDomains",
        "X-Content-Type-Options": "nosniff",
        "x-ms-correlation-request-id": "ee7f9a4b-ff6b-46d8-a8a4-77d8abd51453",
        "x-ms-ratelimit-remaining-subscription-reads": "11950",
        "x-ms-request-id": "ee7f9a4b-ff6b-46d8-a8a4-77d8abd51453",
        "x-ms-routing-request-id": "SOUTHCENTRALUS:20220912T092533Z:ee7f9a4b-ff6b-46d8-a8a4-77d8abd51453"
      },
      "ResponseBody": {
        "id": "/subscriptions/326100e2-f69d-4268-8503-075374f62b6e/resourceGroups/testeventhubRG-6298/providers/Microsoft.EventHub/namespaces/testnamespacemgmt4086/eventhubs/eventhub1311",
        "name": "eventhub1311",
        "type": "Microsoft.EventHub/Namespaces/EventHubs",
        "location": "eastus2",
        "properties": {
          "messageRetentionInDays": 7,
          "partitionCount": 4,
          "status": "Active",
          "createdAt": "2022-09-12T09:25:32.793",
          "updatedAt": "2022-09-12T09:25:32.977",
          "partitionIds": [
            "0",
            "1",
            "2",
            "3"
          ]
        }
      }
    },
    {
      "RequestUri": "https://management.azure.com/subscriptions/326100e2-f69d-4268-8503-075374f62b6e/resourceGroups/testeventhubRG-6298/providers/Microsoft.EventHub/namespaces/testnamespacemgmt4086/eventhubs/eventhub1311?api-version=2022-01-01-preview",
      "RequestMethod": "DELETE",
      "RequestHeaders": {
        "Accept": "application/json",
        "Authorization": "Sanitized",
        "traceparent": "00-b253f3f1a11b8c41ae8dcc883812188c-0807668c4775af46-00",
        "User-Agent": "azsdk-net-ResourceManager.EventHubs/1.1.0-alpha.20220912.1 (.NET Framework 4.8.9037.0; Microsoft Windows 10.0.19044 )",
        "x-ms-client-request-id": "ebb4509b2de62d3c0e777eceaf3afc93",
        "x-ms-return-client-request-id": "true"
      },
      "RequestBody": null,
      "StatusCode": 200,
      "ResponseHeaders": {
        "Cache-Control": "no-cache",
        "Content-Length": "0",
        "Date": "Mon, 12 Sep 2022 09:25:35 GMT",
        "Expires": "-1",
        "Pragma": "no-cache",
        "Server": "Microsoft-HTTPAPI/2.0",
        "Strict-Transport-Security": "max-age=31536000; includeSubDomains",
        "X-Content-Type-Options": "nosniff",
        "x-ms-correlation-request-id": "70aa34af-48e8-4d5d-bd39-749013c7347b",
        "x-ms-ratelimit-remaining-subscription-deletes": "14998",
        "x-ms-request-id": "70aa34af-48e8-4d5d-bd39-749013c7347b",
        "x-ms-routing-request-id": "SOUTHCENTRALUS:20220912T092536Z:70aa34af-48e8-4d5d-bd39-749013c7347b"
      },
      "ResponseBody": null
    },
    {
      "RequestUri": "https://management.azure.com/subscriptions/326100e2-f69d-4268-8503-075374f62b6e/resourceGroups/testeventhubRG-6298/providers/Microsoft.EventHub/namespaces/testnamespacemgmt4086/eventhubs/eventhub1311?api-version=2022-01-01-preview",
      "RequestMethod": "GET",
      "RequestHeaders": {
        "Accept": "application/json",
        "Authorization": "Sanitized",
        "traceparent": "00-c610a0c31c49de49a525922206623f28-8b926523a4c8974c-00",
        "User-Agent": "azsdk-net-ResourceManager.EventHubs/1.1.0-alpha.20220912.1 (.NET Framework 4.8.9037.0; Microsoft Windows 10.0.19044 )",
        "x-ms-client-request-id": "61051c02f79a5264927b1a573035b65d",
        "x-ms-return-client-request-id": "true"
      },
      "RequestBody": null,
      "StatusCode": 404,
      "ResponseHeaders": {
        "Cache-Control": "no-cache",
        "Content-Length": "78",
        "Content-Type": "application/json",
        "Date": "Mon, 12 Sep 2022 09:25:36 GMT",
        "Expires": "-1",
        "Pragma": "no-cache",
        "Server": "Microsoft-HTTPAPI/2.0",
        "Strict-Transport-Security": "max-age=31536000; includeSubDomains",
        "X-Content-Type-Options": "nosniff",
        "x-ms-correlation-request-id": "be554f3b-d629-43d8-9e61-458ce5c241ea",
        "x-ms-ratelimit-remaining-subscription-reads": "11949",
        "x-ms-request-id": "be554f3b-d629-43d8-9e61-458ce5c241ea",
        "x-ms-routing-request-id": "SOUTHCENTRALUS:20220912T092537Z:be554f3b-d629-43d8-9e61-458ce5c241ea"
      },
      "ResponseBody": {
        "error": {
          "code": "EntityNotFound",
          "message": "EventHub entity does not exist"
        }
      }
    },
    {
      "RequestUri": "https://management.azure.com/subscriptions/326100e2-f69d-4268-8503-075374f62b6e/resourceGroups/testeventhubRG-6298/providers/Microsoft.EventHub/namespaces/testnamespacemgmt4086/eventhubs/eventhub1311?api-version=2022-01-01-preview",
      "RequestMethod": "GET",
      "RequestHeaders": {
        "Accept": "application/json",
        "Authorization": "Sanitized",
        "traceparent": "00-d48b5942e88b6442a537881ec949d9af-4d1e5ed9e2401c4c-00",
        "User-Agent": "azsdk-net-ResourceManager.EventHubs/1.1.0-alpha.20220912.1 (.NET Framework 4.8.9037.0; Microsoft Windows 10.0.19044 )",
        "x-ms-client-request-id": "d6ba76c98bd59db5fd6e9007a0181787",
        "x-ms-return-client-request-id": "true"
      },
      "RequestBody": null,
      "StatusCode": 404,
      "ResponseHeaders": {
        "Cache-Control": "no-cache",
        "Content-Length": "78",
        "Content-Type": "application/json",
        "Date": "Mon, 12 Sep 2022 09:25:37 GMT",
        "Expires": "-1",
        "Pragma": "no-cache",
        "Server": "Microsoft-HTTPAPI/2.0",
        "Strict-Transport-Security": "max-age=31536000; includeSubDomains",
        "X-Content-Type-Options": "nosniff",
        "x-ms-correlation-request-id": "3f85e0dc-aab8-48f8-9fc6-5eff3063ea1e",
        "x-ms-ratelimit-remaining-subscription-reads": "11948",
        "x-ms-request-id": "3f85e0dc-aab8-48f8-9fc6-5eff3063ea1e",
        "x-ms-routing-request-id": "SOUTHCENTRALUS:20220912T092537Z:3f85e0dc-aab8-48f8-9fc6-5eff3063ea1e"
      },
      "ResponseBody": {
        "error": {
          "code": "EntityNotFound",
          "message": "EventHub entity does not exist"
        }
      }
    }
  ],
  "Variables": {
    "AZURE_AUTHORITY_HOST": "https://login.microsoftonline.com",
    "RandomSeed": "1981413163",
    "RESOURCE_MANAGER_URL": null,
    "SUBSCRIPTION_ID": "326100e2-f69d-4268-8503-075374f62b6e"
  }
}
