{
  "Entries": [
    {
      "RequestUri": "https://management.azure.com/subscriptions/326100e2-f69d-4268-8503-075374f62b6e?api-version=2021-01-01",
      "RequestMethod": "GET",
      "RequestHeaders": {
        "Accept": "application/json",
        "Authorization": "Sanitized",
        "traceparent": "00-3c55ffbbce8b957f6a4736933a5091f3-acf3d6a3fb8231b7-00",
        "User-Agent": "azsdk-net-ResourceManager/1.4.0 (.NET 6.0.15; Microsoft Windows 10.0.19044)",
        "x-ms-client-request-id": "671fb1b2ddf44e1720511b80d91f8093",
        "x-ms-return-client-request-id": "true"
      },
      "RequestBody": null,
      "StatusCode": 200,
      "ResponseHeaders": {
        "Cache-Control": "no-cache",
        "Content-Length": "460",
        "Content-Type": "application/json; charset=utf-8",
        "Date": "Tue, 04 Apr 2023 20:42:28 GMT",
        "Expires": "-1",
        "Pragma": "no-cache",
        "Strict-Transport-Security": "max-age=31536000; includeSubDomains",
        "X-Content-Type-Options": "nosniff",
        "x-ms-correlation-request-id": "455c2381-233b-4851-a689-b21de8657666",
        "x-ms-ratelimit-remaining-subscription-reads": "11716",
        "x-ms-request-id": "455c2381-233b-4851-a689-b21de8657666",
        "x-ms-routing-request-id": "SOUTHCENTRALUS:20230404T204229Z:455c2381-233b-4851-a689-b21de8657666"
      },
      "ResponseBody": {
        "id": "/subscriptions/326100e2-f69d-4268-8503-075374f62b6e",
        "authorizationSource": "RoleBased",
        "managedByTenants": [
          {
            "tenantId": "2f4a9838-26b7-47ee-be60-ccc1fdec5953"
          }
        ],
        "subscriptionId": "326100e2-f69d-4268-8503-075374f62b6e",
        "tenantId": "72f988bf-86f1-41af-91ab-2d7cd011db47",
        "displayName": "Azure Messaging PM Playground",
        "state": "Enabled",
        "subscriptionPolicies": {
          "locationPlacementId": "Internal_2014-09-01",
          "quotaId": "Internal_2014-09-01",
          "spendingLimit": "Off"
        }
      }
    },
    {
      "RequestUri": "https://management.azure.com/subscriptions/326100e2-f69d-4268-8503-075374f62b6e/resourcegroups/testeventhubRG-4849?api-version=**",
      "RequestMethod": "PUT",
      "RequestHeaders": {
        "Accept": "application/json",
        "Authorization": "Sanitized",
        "Content-Length": "44",
        "Content-Type": "application/json",
        "traceparent": "00-8b534b9315da43cc2d8b32b1dd589792-c69638ad8f49f224-00",
        "User-Agent": "azsdk-net-ResourceManager/1.4.0 (.NET 6.0.15; Microsoft Windows 10.0.19044)",
        "x-ms-client-request-id": "1305208a95b4dc740cf237b3e553994b",
        "x-ms-return-client-request-id": "true"
      },
      "RequestBody": {
        "tags": {
          "test": "env"
        },
        "location": "eastus2"
      },
      "StatusCode": 201,
      "ResponseHeaders": {
        "Cache-Control": "no-cache",
        "Content-Length": "258",
        "Content-Type": "application/json; charset=utf-8",
        "Date": "Tue, 04 Apr 2023 20:42:28 GMT",
        "Expires": "-1",
        "Pragma": "no-cache",
        "Strict-Transport-Security": "max-age=31536000; includeSubDomains",
        "X-Content-Type-Options": "nosniff",
        "x-ms-correlation-request-id": "c15600a5-19f8-46b2-b9ef-e0b11974162c",
        "x-ms-ratelimit-remaining-subscription-writes": "1168",
        "x-ms-request-id": "c15600a5-19f8-46b2-b9ef-e0b11974162c",
        "x-ms-routing-request-id": "SOUTHCENTRALUS:20230404T204229Z:c15600a5-19f8-46b2-b9ef-e0b11974162c"
      },
      "ResponseBody": {
        "id": "/subscriptions/326100e2-f69d-4268-8503-075374f62b6e/resourceGroups/testeventhubRG-4849",
        "name": "testeventhubRG-4849",
        "type": "Microsoft.Resources/resourceGroups",
        "location": "eastus2",
        "tags": {
          "test": "env"
        },
        "properties": {
          "provisioningState": "Succeeded"
        }
      }
    },
    {
      "RequestUri": "https://management.azure.com/subscriptions/326100e2-f69d-4268-8503-075374f62b6e/providers/Microsoft.EventHub/checkNameAvailability?api-version=2022-10-01-preview",
      "RequestMethod": "POST",
      "RequestHeaders": {
        "Accept": "application/json",
        "Authorization": "Sanitized",
        "Content-Length": "32",
        "Content-Type": "application/json",
        "traceparent": "00-9c76a9faae2bada1f3b38c299100297b-1a800984148d91b2-00",
        "User-Agent": "azsdk-net-ResourceManager.EventHubs/1.1.0-alpha.20230404.1 (.NET 6.0.15; Microsoft Windows 10.0.19044)",
        "x-ms-client-request-id": "cc45dab43277dd41075ee06634a0b4c4",
        "x-ms-return-client-request-id": "true"
      },
      "RequestBody": {
        "name": "testnamespacemgmt7520"
      },
      "StatusCode": 200,
      "ResponseHeaders": {
        "Cache-Control": "no-cache",
        "Content-Length": "53",
        "Content-Type": "application/json; charset=utf-8",
        "Date": "Tue, 04 Apr 2023 20:42:29 GMT",
        "Expires": "-1",
        "Pragma": "no-cache",
        "Server": [
          "Service-Bus-Resource-Provider/SN1",
          "Microsoft-HTTPAPI/2.0"
        ],
        "Server-SB": "Service-Bus-Resource-Provider/SN1",
        "Strict-Transport-Security": "max-age=31536000; includeSubDomains",
        "X-Content-Type-Options": "nosniff",
        "x-ms-client-request-id": "cc45dab43277dd41075ee06634a0b4c4",
        "x-ms-correlation-request-id": "df285a6e-dfec-407c-a2c7-e47b4783ee74",
        "x-ms-ratelimit-remaining-subscription-writes": "1182",
        "x-ms-request-id": "0c85072c-7b88-4b05-8f78-b99931002a20_M6SN1_M6SN1",
        "x-ms-routing-request-id": "SOUTHCENTRALUS:20230404T204230Z:df285a6e-dfec-407c-a2c7-e47b4783ee74"
      },
      "ResponseBody": {
        "nameAvailable": true,
        "reason": "None",
        "message": null
      }
    },
    {
      "RequestUri": "https://management.azure.com/subscriptions/326100e2-f69d-4268-8503-075374f62b6e/resourceGroups/testeventhubRG-4849/providers/Microsoft.EventHub/namespaces/testnamespacemgmt7520?api-version=2022-10-01-preview",
      "RequestMethod": "PUT",
      "RequestHeaders": {
        "Accept": "application/json",
        "Authorization": "Sanitized",
        "Content-Length": "73",
        "Content-Type": "application/json",
        "traceparent": "00-64c47952fa4be796cc88c6a5bdf6007a-f9939a688a68d24e-00",
        "User-Agent": "azsdk-net-ResourceManager.EventHubs/1.1.0-alpha.20230404.1 (.NET 6.0.15; Microsoft Windows 10.0.19044)",
        "x-ms-client-request-id": "9bcea9dcfd9daa1c8be8ebdf9a3afe81",
        "x-ms-return-client-request-id": "true"
      },
      "RequestBody": {
        "sku": {
          "name": "Premium"
        },
        "tags": {},
        "location": "eastus2",
        "properties": {}
      },
      "StatusCode": 200,
      "ResponseHeaders": {
        "Cache-Control": "no-cache",
        "Content-Length": "793",
        "Content-Type": "application/json; charset=utf-8",
        "Date": "Tue, 04 Apr 2023 20:42:31 GMT",
        "Expires": "-1",
        "Pragma": "no-cache",
        "Server": [
          "Service-Bus-Resource-Provider/SN1",
          "Microsoft-HTTPAPI/2.0"
        ],
        "Server-SB": "Service-Bus-Resource-Provider/SN1",
        "Strict-Transport-Security": "max-age=31536000; includeSubDomains",
        "X-Content-Type-Options": "nosniff",
        "x-ms-client-request-id": "9bcea9dcfd9daa1c8be8ebdf9a3afe81",
        "x-ms-correlation-request-id": "96ea496f-b49a-4406-b06b-973fe8010850",
        "x-ms-ratelimit-remaining-subscription-resource-requests": "46",
        "x-ms-request-id": "41241a79-749c-4fb0-84bf-c3b401eae1cb_M6SN1_M6SN1",
        "x-ms-routing-request-id": "SOUTHCENTRALUS:20230404T204232Z:96ea496f-b49a-4406-b06b-973fe8010850"
      },
      "ResponseBody": {
        "sku": {
          "name": "Premium",
          "tier": "Premium",
          "capacity": 1
        },
        "id": "/subscriptions/326100e2-f69d-4268-8503-075374f62b6e/resourceGroups/testeventhubRG-4849/providers/Microsoft.EventHub/namespaces/testnamespacemgmt7520",
        "name": "testnamespacemgmt7520",
        "type": "Microsoft.EventHub/Namespaces",
        "location": "East US 2",
        "tags": {},
        "properties": {
          "minimumTlsVersion": "1.2",
          "publicNetworkAccess": "Enabled",
          "disableLocalAuth": false,
          "zoneRedundant": true,
          "isAutoInflateEnabled": false,
          "maximumThroughputUnits": 0,
          "kafkaEnabled": true,
          "provisioningState": "Created",
          "metricId": "326100e2-f69d-4268-8503-075374f62b6e:testnamespacemgmt7520",
          "createdAt": "2023-04-04T20:42:31.597Z",
          "updatedAt": "2023-04-04T20:42:31.597Z",
          "serviceBusEndpoint": "https://testnamespacemgmt7520.servicebus.windows.net:443/",
          "status": "Activating"
        }
      }
    },
    {
      "RequestUri": "https://management.azure.com/subscriptions/326100e2-f69d-4268-8503-075374f62b6e/resourceGroups/testeventhubRG-4849/providers/Microsoft.EventHub/namespaces/testnamespacemgmt7520?api-version=2022-10-01-preview",
      "RequestMethod": "GET",
      "RequestHeaders": {
        "Authorization": "Sanitized",
        "traceparent": "00-64c47952fa4be796cc88c6a5bdf6007a-073c333769649df4-00",
        "User-Agent": "azsdk-net-ResourceManager/1.4.0 (.NET 6.0.15; Microsoft Windows 10.0.19044)",
        "x-ms-client-request-id": "a908ef83afcab77cbe9a418e476243cc",
        "x-ms-return-client-request-id": "true"
      },
      "RequestBody": null,
      "StatusCode": 200,
      "ResponseHeaders": {
        "Cache-Control": "no-cache",
        "Content-Length": "793",
        "Content-Type": "application/json; charset=utf-8",
        "Date": "Tue, 04 Apr 2023 20:42:31 GMT",
        "Expires": "-1",
        "Pragma": "no-cache",
        "Server": [
          "Service-Bus-Resource-Provider/SN1",
          "Microsoft-HTTPAPI/2.0"
        ],
        "Server-SB": "Service-Bus-Resource-Provider/SN1",
        "Strict-Transport-Security": "max-age=31536000; includeSubDomains",
        "X-Content-Type-Options": "nosniff",
        "x-ms-client-request-id": "a908ef83afcab77cbe9a418e476243cc",
        "x-ms-correlation-request-id": "2af44d2a-8e54-4c2d-a39a-3492862e7ea7",
        "x-ms-ratelimit-remaining-subscription-reads": "11715",
        "x-ms-request-id": "429ecbc4-0e88-4b70-a45e-0d08e1d632ec_M6SN1_M6SN1",
        "x-ms-routing-request-id": "SOUTHCENTRALUS:20230404T204232Z:2af44d2a-8e54-4c2d-a39a-3492862e7ea7"
      },
      "ResponseBody": {
        "sku": {
          "name": "Premium",
          "tier": "Premium",
          "capacity": 1
        },
        "id": "/subscriptions/326100e2-f69d-4268-8503-075374f62b6e/resourceGroups/testeventhubRG-4849/providers/Microsoft.EventHub/namespaces/testnamespacemgmt7520",
        "name": "testnamespacemgmt7520",
        "type": "Microsoft.EventHub/Namespaces",
        "location": "East US 2",
        "tags": {},
        "properties": {
          "minimumTlsVersion": "1.2",
          "publicNetworkAccess": "Enabled",
          "disableLocalAuth": false,
          "zoneRedundant": true,
          "isAutoInflateEnabled": false,
          "maximumThroughputUnits": 0,
          "kafkaEnabled": true,
          "provisioningState": "Created",
          "metricId": "326100e2-f69d-4268-8503-075374f62b6e:testnamespacemgmt7520",
          "createdAt": "2023-04-04T20:42:31.597Z",
          "updatedAt": "2023-04-04T20:42:31.597Z",
          "serviceBusEndpoint": "https://testnamespacemgmt7520.servicebus.windows.net:443/",
          "status": "Activating"
        }
      }
    },
    {
      "RequestUri": "https://management.azure.com/subscriptions/326100e2-f69d-4268-8503-075374f62b6e/resourceGroups/testeventhubRG-4849/providers/Microsoft.EventHub/namespaces/testnamespacemgmt7520?api-version=2022-10-01-preview",
      "RequestMethod": "GET",
      "RequestHeaders": {
        "Authorization": "Sanitized",
        "traceparent": "00-64c47952fa4be796cc88c6a5bdf6007a-d04143c6cb48c996-00",
        "User-Agent": "azsdk-net-ResourceManager/1.4.0 (.NET 6.0.15; Microsoft Windows 10.0.19044)",
        "x-ms-client-request-id": "74315e600d36ef7696e0d76750e51615",
        "x-ms-return-client-request-id": "true"
      },
      "RequestBody": null,
      "StatusCode": 200,
      "ResponseHeaders": {
        "Cache-Control": "no-cache",
        "Content-Length": "793",
        "Content-Type": "application/json; charset=utf-8",
        "Date": "Tue, 04 Apr 2023 20:42:32 GMT",
        "Expires": "-1",
        "Pragma": "no-cache",
        "Server": [
          "Service-Bus-Resource-Provider/SN1",
          "Microsoft-HTTPAPI/2.0"
        ],
        "Server-SB": "Service-Bus-Resource-Provider/SN1",
        "Strict-Transport-Security": "max-age=31536000; includeSubDomains",
        "X-Content-Type-Options": "nosniff",
        "x-ms-client-request-id": "74315e600d36ef7696e0d76750e51615",
        "x-ms-correlation-request-id": "4e31535c-0337-45a7-ab32-46bfecee0ca2",
        "x-ms-ratelimit-remaining-subscription-reads": "11714",
        "x-ms-request-id": "e67b77f1-a95f-4b89-9b73-c6eb94fec33d_M6SN1_M6SN1",
        "x-ms-routing-request-id": "SOUTHCENTRALUS:20230404T204233Z:4e31535c-0337-45a7-ab32-46bfecee0ca2"
      },
      "ResponseBody": {
        "sku": {
          "name": "Premium",
          "tier": "Premium",
          "capacity": 1
        },
        "id": "/subscriptions/326100e2-f69d-4268-8503-075374f62b6e/resourceGroups/testeventhubRG-4849/providers/Microsoft.EventHub/namespaces/testnamespacemgmt7520",
        "name": "testnamespacemgmt7520",
        "type": "Microsoft.EventHub/Namespaces",
        "location": "East US 2",
        "tags": {},
        "properties": {
          "minimumTlsVersion": "1.2",
          "publicNetworkAccess": "Enabled",
          "disableLocalAuth": false,
          "zoneRedundant": true,
          "isAutoInflateEnabled": false,
          "maximumThroughputUnits": 0,
          "kafkaEnabled": true,
          "provisioningState": "Created",
          "metricId": "326100e2-f69d-4268-8503-075374f62b6e:testnamespacemgmt7520",
          "createdAt": "2023-04-04T20:42:31.597Z",
          "updatedAt": "2023-04-04T20:42:31.597Z",
          "serviceBusEndpoint": "https://testnamespacemgmt7520.servicebus.windows.net:443/",
          "status": "Activating"
        }
      }
    },
    {
      "RequestUri": "https://management.azure.com/subscriptions/326100e2-f69d-4268-8503-075374f62b6e/resourceGroups/testeventhubRG-4849/providers/Microsoft.EventHub/namespaces/testnamespacemgmt7520?api-version=2022-10-01-preview",
      "RequestMethod": "GET",
      "RequestHeaders": {
        "Authorization": "Sanitized",
        "traceparent": "00-64c47952fa4be796cc88c6a5bdf6007a-86c6b87c54466fa1-00",
        "User-Agent": "azsdk-net-ResourceManager/1.4.0 (.NET 6.0.15; Microsoft Windows 10.0.19044)",
        "x-ms-client-request-id": "aa5b9911543285b743b3e8b3ab83a661",
        "x-ms-return-client-request-id": "true"
      },
      "RequestBody": null,
      "StatusCode": 200,
      "ResponseHeaders": {
        "Cache-Control": "no-cache",
        "Content-Length": "793",
        "Content-Type": "application/json; charset=utf-8",
        "Date": "Tue, 04 Apr 2023 20:42:33 GMT",
        "Expires": "-1",
        "Pragma": "no-cache",
        "Server": [
          "Service-Bus-Resource-Provider/SN1",
          "Microsoft-HTTPAPI/2.0"
        ],
        "Server-SB": "Service-Bus-Resource-Provider/SN1",
        "Strict-Transport-Security": "max-age=31536000; includeSubDomains",
        "X-Content-Type-Options": "nosniff",
        "x-ms-client-request-id": "aa5b9911543285b743b3e8b3ab83a661",
        "x-ms-correlation-request-id": "ac6560e1-e446-4b0c-b6af-9cc378a49f08",
        "x-ms-ratelimit-remaining-subscription-reads": "11713",
        "x-ms-request-id": "1193c7eb-f8dc-4634-bb04-865fcf13a978_M6SN1_M6SN1",
        "x-ms-routing-request-id": "SOUTHCENTRALUS:20230404T204234Z:ac6560e1-e446-4b0c-b6af-9cc378a49f08"
      },
      "ResponseBody": {
        "sku": {
          "name": "Premium",
          "tier": "Premium",
          "capacity": 1
        },
        "id": "/subscriptions/326100e2-f69d-4268-8503-075374f62b6e/resourceGroups/testeventhubRG-4849/providers/Microsoft.EventHub/namespaces/testnamespacemgmt7520",
        "name": "testnamespacemgmt7520",
        "type": "Microsoft.EventHub/Namespaces",
        "location": "East US 2",
        "tags": {},
        "properties": {
          "minimumTlsVersion": "1.2",
          "publicNetworkAccess": "Enabled",
          "disableLocalAuth": false,
          "zoneRedundant": true,
          "isAutoInflateEnabled": false,
          "maximumThroughputUnits": 0,
          "kafkaEnabled": true,
          "provisioningState": "Created",
          "metricId": "326100e2-f69d-4268-8503-075374f62b6e:testnamespacemgmt7520",
          "createdAt": "2023-04-04T20:42:31.597Z",
          "updatedAt": "2023-04-04T20:42:31.597Z",
          "serviceBusEndpoint": "https://testnamespacemgmt7520.servicebus.windows.net:443/",
          "status": "Activating"
        }
      }
    },
    {
      "RequestUri": "https://management.azure.com/subscriptions/326100e2-f69d-4268-8503-075374f62b6e/resourceGroups/testeventhubRG-4849/providers/Microsoft.EventHub/namespaces/testnamespacemgmt7520?api-version=2022-10-01-preview",
      "RequestMethod": "GET",
      "RequestHeaders": {
        "Authorization": "Sanitized",
        "traceparent": "00-64c47952fa4be796cc88c6a5bdf6007a-e7474a56451a7c68-00",
        "User-Agent": "azsdk-net-ResourceManager/1.4.0 (.NET 6.0.15; Microsoft Windows 10.0.19044)",
        "x-ms-client-request-id": "35d6e0f26244751b791913ead81466d8",
        "x-ms-return-client-request-id": "true"
      },
      "RequestBody": null,
      "StatusCode": 200,
      "ResponseHeaders": {
        "Cache-Control": "no-cache",
        "Content-Length": "793",
        "Content-Type": "application/json; charset=utf-8",
        "Date": "Tue, 04 Apr 2023 20:42:35 GMT",
        "Expires": "-1",
        "Pragma": "no-cache",
        "Server": [
          "Service-Bus-Resource-Provider/SN1",
          "Microsoft-HTTPAPI/2.0"
        ],
        "Server-SB": "Service-Bus-Resource-Provider/SN1",
        "Strict-Transport-Security": "max-age=31536000; includeSubDomains",
        "X-Content-Type-Options": "nosniff",
        "x-ms-client-request-id": "35d6e0f26244751b791913ead81466d8",
        "x-ms-correlation-request-id": "e7df4259-6b96-4923-9f79-3b0513f2dc9b",
        "x-ms-ratelimit-remaining-subscription-reads": "11712",
        "x-ms-request-id": "84f8b38f-e104-467e-ab7f-b5c7062449b1_M6SN1_M6SN1",
        "x-ms-routing-request-id": "SOUTHCENTRALUS:20230404T204236Z:e7df4259-6b96-4923-9f79-3b0513f2dc9b"
      },
      "ResponseBody": {
        "sku": {
          "name": "Premium",
          "tier": "Premium",
          "capacity": 1
        },
        "id": "/subscriptions/326100e2-f69d-4268-8503-075374f62b6e/resourceGroups/testeventhubRG-4849/providers/Microsoft.EventHub/namespaces/testnamespacemgmt7520",
        "name": "testnamespacemgmt7520",
        "type": "Microsoft.EventHub/Namespaces",
        "location": "East US 2",
        "tags": {},
        "properties": {
          "minimumTlsVersion": "1.2",
          "publicNetworkAccess": "Enabled",
          "disableLocalAuth": false,
          "zoneRedundant": true,
          "isAutoInflateEnabled": false,
          "maximumThroughputUnits": 0,
          "kafkaEnabled": true,
          "provisioningState": "Created",
          "metricId": "326100e2-f69d-4268-8503-075374f62b6e:testnamespacemgmt7520",
          "createdAt": "2023-04-04T20:42:31.597Z",
          "updatedAt": "2023-04-04T20:42:31.597Z",
          "serviceBusEndpoint": "https://testnamespacemgmt7520.servicebus.windows.net:443/",
          "status": "Activating"
        }
      }
    },
    {
      "RequestUri": "https://management.azure.com/subscriptions/326100e2-f69d-4268-8503-075374f62b6e/resourceGroups/testeventhubRG-4849/providers/Microsoft.EventHub/namespaces/testnamespacemgmt7520?api-version=2022-10-01-preview",
      "RequestMethod": "GET",
      "RequestHeaders": {
        "Authorization": "Sanitized",
        "traceparent": "00-64c47952fa4be796cc88c6a5bdf6007a-7c9e9eac086a5e44-00",
        "User-Agent": "azsdk-net-ResourceManager/1.4.0 (.NET 6.0.15; Microsoft Windows 10.0.19044)",
        "x-ms-client-request-id": "ad7d2c8498060b9aa7ab318325c34312",
        "x-ms-return-client-request-id": "true"
      },
      "RequestBody": null,
      "StatusCode": 200,
      "ResponseHeaders": {
        "Cache-Control": "no-cache",
        "Content-Length": "793",
        "Content-Type": "application/json; charset=utf-8",
        "Date": "Tue, 04 Apr 2023 20:42:37 GMT",
        "Expires": "-1",
        "Pragma": "no-cache",
        "Server": [
          "Service-Bus-Resource-Provider/SN1",
          "Microsoft-HTTPAPI/2.0"
        ],
        "Server-SB": "Service-Bus-Resource-Provider/SN1",
        "Strict-Transport-Security": "max-age=31536000; includeSubDomains",
        "X-Content-Type-Options": "nosniff",
        "x-ms-client-request-id": "ad7d2c8498060b9aa7ab318325c34312",
        "x-ms-correlation-request-id": "52f126dd-29a1-4c27-b325-0121bc91ebc9",
        "x-ms-ratelimit-remaining-subscription-reads": "11711",
        "x-ms-request-id": "56188503-b094-4736-8a1c-565858124154_M6SN1_M6SN1",
        "x-ms-routing-request-id": "SOUTHCENTRALUS:20230404T204238Z:52f126dd-29a1-4c27-b325-0121bc91ebc9"
      },
      "ResponseBody": {
        "sku": {
          "name": "Premium",
          "tier": "Premium",
          "capacity": 1
        },
        "id": "/subscriptions/326100e2-f69d-4268-8503-075374f62b6e/resourceGroups/testeventhubRG-4849/providers/Microsoft.EventHub/namespaces/testnamespacemgmt7520",
        "name": "testnamespacemgmt7520",
        "type": "Microsoft.EventHub/Namespaces",
        "location": "East US 2",
        "tags": {},
        "properties": {
          "minimumTlsVersion": "1.2",
          "publicNetworkAccess": "Enabled",
          "disableLocalAuth": false,
          "zoneRedundant": true,
          "isAutoInflateEnabled": false,
          "maximumThroughputUnits": 0,
          "kafkaEnabled": true,
          "provisioningState": "Created",
          "metricId": "326100e2-f69d-4268-8503-075374f62b6e:testnamespacemgmt7520",
          "createdAt": "2023-04-04T20:42:31.597Z",
          "updatedAt": "2023-04-04T20:42:31.597Z",
          "serviceBusEndpoint": "https://testnamespacemgmt7520.servicebus.windows.net:443/",
          "status": "Activating"
        }
      }
    },
    {
      "RequestUri": "https://management.azure.com/subscriptions/326100e2-f69d-4268-8503-075374f62b6e/resourceGroups/testeventhubRG-4849/providers/Microsoft.EventHub/namespaces/testnamespacemgmt7520?api-version=2022-10-01-preview",
      "RequestMethod": "GET",
      "RequestHeaders": {
        "Authorization": "Sanitized",
        "traceparent": "00-64c47952fa4be796cc88c6a5bdf6007a-02e7ac18d1be9249-00",
        "User-Agent": "azsdk-net-ResourceManager/1.4.0 (.NET 6.0.15; Microsoft Windows 10.0.19044)",
        "x-ms-client-request-id": "6f757539e00faed07ee6311841cdad2e",
        "x-ms-return-client-request-id": "true"
      },
      "RequestBody": null,
      "StatusCode": 200,
      "ResponseHeaders": {
        "Cache-Control": "no-cache",
        "Content-Length": "793",
        "Content-Type": "application/json; charset=utf-8",
        "Date": "Tue, 04 Apr 2023 20:42:41 GMT",
        "Expires": "-1",
        "Pragma": "no-cache",
        "Server": [
          "Service-Bus-Resource-Provider/SN1",
          "Microsoft-HTTPAPI/2.0"
        ],
        "Server-SB": "Service-Bus-Resource-Provider/SN1",
        "Strict-Transport-Security": "max-age=31536000; includeSubDomains",
        "X-Content-Type-Options": "nosniff",
        "x-ms-client-request-id": "6f757539e00faed07ee6311841cdad2e",
        "x-ms-correlation-request-id": "eab9721a-6304-4f46-b0ed-1ed8ef3e95bd",
        "x-ms-ratelimit-remaining-subscription-reads": "11710",
        "x-ms-request-id": "a5f018eb-01ed-4da5-b791-cf052cbc8264_M6SN1_M6SN1",
        "x-ms-routing-request-id": "SOUTHCENTRALUS:20230404T204242Z:eab9721a-6304-4f46-b0ed-1ed8ef3e95bd"
      },
      "ResponseBody": {
        "sku": {
          "name": "Premium",
          "tier": "Premium",
          "capacity": 1
        },
        "id": "/subscriptions/326100e2-f69d-4268-8503-075374f62b6e/resourceGroups/testeventhubRG-4849/providers/Microsoft.EventHub/namespaces/testnamespacemgmt7520",
        "name": "testnamespacemgmt7520",
        "type": "Microsoft.EventHub/Namespaces",
        "location": "East US 2",
        "tags": {},
        "properties": {
          "minimumTlsVersion": "1.2",
          "publicNetworkAccess": "Enabled",
          "disableLocalAuth": false,
          "zoneRedundant": true,
          "isAutoInflateEnabled": false,
          "maximumThroughputUnits": 0,
          "kafkaEnabled": true,
          "provisioningState": "Created",
          "metricId": "326100e2-f69d-4268-8503-075374f62b6e:testnamespacemgmt7520",
          "createdAt": "2023-04-04T20:42:31.597Z",
          "updatedAt": "2023-04-04T20:42:31.597Z",
          "serviceBusEndpoint": "https://testnamespacemgmt7520.servicebus.windows.net:443/",
          "status": "Activating"
        }
      }
    },
    {
      "RequestUri": "https://management.azure.com/subscriptions/326100e2-f69d-4268-8503-075374f62b6e/resourceGroups/testeventhubRG-4849/providers/Microsoft.EventHub/namespaces/testnamespacemgmt7520?api-version=2022-10-01-preview",
      "RequestMethod": "GET",
      "RequestHeaders": {
        "Authorization": "Sanitized",
        "traceparent": "00-64c47952fa4be796cc88c6a5bdf6007a-c1b7dcbbfaa37bbe-00",
        "User-Agent": "azsdk-net-ResourceManager/1.4.0 (.NET 6.0.15; Microsoft Windows 10.0.19044)",
        "x-ms-client-request-id": "7f2e0f4cf906595b46ca8e9930984fb6",
        "x-ms-return-client-request-id": "true"
      },
      "RequestBody": null,
      "StatusCode": 200,
      "ResponseHeaders": {
        "Cache-Control": "no-cache",
        "Content-Length": "793",
        "Content-Type": "application/json; charset=utf-8",
        "Date": "Tue, 04 Apr 2023 20:42:50 GMT",
        "Expires": "-1",
        "Pragma": "no-cache",
        "Server": [
          "Service-Bus-Resource-Provider/SN1",
          "Microsoft-HTTPAPI/2.0"
        ],
        "Server-SB": "Service-Bus-Resource-Provider/SN1",
        "Strict-Transport-Security": "max-age=31536000; includeSubDomains",
        "X-Content-Type-Options": "nosniff",
        "x-ms-client-request-id": "7f2e0f4cf906595b46ca8e9930984fb6",
        "x-ms-correlation-request-id": "79f2a2ec-67ac-4c6a-ae24-ff14dba7a637",
        "x-ms-ratelimit-remaining-subscription-reads": "11709",
        "x-ms-request-id": "beb2434f-a38f-4a37-a323-00af347767d6_M6SN1_M6SN1",
        "x-ms-routing-request-id": "SOUTHCENTRALUS:20230404T204250Z:79f2a2ec-67ac-4c6a-ae24-ff14dba7a637"
      },
      "ResponseBody": {
        "sku": {
          "name": "Premium",
          "tier": "Premium",
          "capacity": 1
        },
        "id": "/subscriptions/326100e2-f69d-4268-8503-075374f62b6e/resourceGroups/testeventhubRG-4849/providers/Microsoft.EventHub/namespaces/testnamespacemgmt7520",
        "name": "testnamespacemgmt7520",
        "type": "Microsoft.EventHub/Namespaces",
        "location": "East US 2",
        "tags": {},
        "properties": {
          "minimumTlsVersion": "1.2",
          "publicNetworkAccess": "Enabled",
          "disableLocalAuth": false,
          "zoneRedundant": true,
          "isAutoInflateEnabled": false,
          "maximumThroughputUnits": 0,
          "kafkaEnabled": true,
          "provisioningState": "Created",
          "metricId": "326100e2-f69d-4268-8503-075374f62b6e:testnamespacemgmt7520",
          "createdAt": "2023-04-04T20:42:31.597Z",
          "updatedAt": "2023-04-04T20:42:31.597Z",
          "serviceBusEndpoint": "https://testnamespacemgmt7520.servicebus.windows.net:443/",
          "status": "Activating"
        }
      }
    },
    {
      "RequestUri": "https://management.azure.com/subscriptions/326100e2-f69d-4268-8503-075374f62b6e/resourceGroups/testeventhubRG-4849/providers/Microsoft.EventHub/namespaces/testnamespacemgmt7520?api-version=2022-10-01-preview",
      "RequestMethod": "GET",
      "RequestHeaders": {
        "Authorization": "Sanitized",
        "traceparent": "00-64c47952fa4be796cc88c6a5bdf6007a-7904ac8a2d91f9d7-00",
        "User-Agent": "azsdk-net-ResourceManager/1.4.0 (.NET 6.0.15; Microsoft Windows 10.0.19044)",
        "x-ms-client-request-id": "62b000d5f79fa4c85ccf2f1f6781cad9",
        "x-ms-return-client-request-id": "true"
      },
      "RequestBody": null,
      "StatusCode": 200,
      "ResponseHeaders": {
        "Cache-Control": "no-cache",
        "Content-Length": "793",
        "Content-Type": "application/json; charset=utf-8",
        "Date": "Tue, 04 Apr 2023 20:43:06 GMT",
        "Expires": "-1",
        "Pragma": "no-cache",
        "Server": [
          "Service-Bus-Resource-Provider/SN1",
          "Microsoft-HTTPAPI/2.0"
        ],
        "Server-SB": "Service-Bus-Resource-Provider/SN1",
        "Strict-Transport-Security": "max-age=31536000; includeSubDomains",
        "X-Content-Type-Options": "nosniff",
        "x-ms-client-request-id": "62b000d5f79fa4c85ccf2f1f6781cad9",
        "x-ms-correlation-request-id": "a7d860cf-1c4f-42be-886a-0c2196248571",
        "x-ms-ratelimit-remaining-subscription-reads": "11708",
        "x-ms-request-id": "1ccb456f-5856-4900-b97d-ab084181d81d_M6SN1_M6SN1",
        "x-ms-routing-request-id": "SOUTHCENTRALUS:20230404T204307Z:a7d860cf-1c4f-42be-886a-0c2196248571"
      },
      "ResponseBody": {
        "sku": {
          "name": "Premium",
          "tier": "Premium",
          "capacity": 1
        },
        "id": "/subscriptions/326100e2-f69d-4268-8503-075374f62b6e/resourceGroups/testeventhubRG-4849/providers/Microsoft.EventHub/namespaces/testnamespacemgmt7520",
        "name": "testnamespacemgmt7520",
        "type": "Microsoft.EventHub/Namespaces",
        "location": "East US 2",
        "tags": {},
        "properties": {
          "minimumTlsVersion": "1.2",
          "publicNetworkAccess": "Enabled",
          "disableLocalAuth": false,
          "zoneRedundant": true,
          "isAutoInflateEnabled": false,
          "maximumThroughputUnits": 0,
          "kafkaEnabled": true,
          "provisioningState": "Created",
          "metricId": "326100e2-f69d-4268-8503-075374f62b6e:testnamespacemgmt7520",
          "createdAt": "2023-04-04T20:42:31.597Z",
          "updatedAt": "2023-04-04T20:42:31.597Z",
          "serviceBusEndpoint": "https://testnamespacemgmt7520.servicebus.windows.net:443/",
          "status": "Activating"
        }
      }
    },
    {
      "RequestUri": "https://management.azure.com/subscriptions/326100e2-f69d-4268-8503-075374f62b6e/resourceGroups/testeventhubRG-4849/providers/Microsoft.EventHub/namespaces/testnamespacemgmt7520?api-version=2022-10-01-preview",
      "RequestMethod": "GET",
      "RequestHeaders": {
        "Authorization": "Sanitized",
        "traceparent": "00-64c47952fa4be796cc88c6a5bdf6007a-5dad7b259261df1d-00",
        "User-Agent": "azsdk-net-ResourceManager/1.4.0 (.NET 6.0.15; Microsoft Windows 10.0.19044)",
        "x-ms-client-request-id": "153603fec395400c191b284551367de6",
        "x-ms-return-client-request-id": "true"
      },
      "RequestBody": null,
      "StatusCode": 200,
      "ResponseHeaders": {
        "Cache-Control": "no-cache",
        "Content-Length": "793",
        "Content-Type": "application/json; charset=utf-8",
        "Date": "Tue, 04 Apr 2023 20:43:38 GMT",
        "Expires": "-1",
        "Pragma": "no-cache",
        "Server": [
          "Service-Bus-Resource-Provider/SN1",
          "Microsoft-HTTPAPI/2.0"
        ],
        "Server-SB": "Service-Bus-Resource-Provider/SN1",
        "Strict-Transport-Security": "max-age=31536000; includeSubDomains",
        "X-Content-Type-Options": "nosniff",
        "x-ms-client-request-id": "153603fec395400c191b284551367de6",
        "x-ms-correlation-request-id": "d4d5df93-793b-40d6-b9cb-d4bebd4e4099",
        "x-ms-ratelimit-remaining-subscription-reads": "11707",
        "x-ms-request-id": "bedc49e6-728e-4e00-8c29-1cc827835232_M6SN1_M6SN1",
        "x-ms-routing-request-id": "SOUTHCENTRALUS:20230404T204339Z:d4d5df93-793b-40d6-b9cb-d4bebd4e4099"
      },
      "ResponseBody": {
        "sku": {
          "name": "Premium",
          "tier": "Premium",
          "capacity": 1
        },
        "id": "/subscriptions/326100e2-f69d-4268-8503-075374f62b6e/resourceGroups/testeventhubRG-4849/providers/Microsoft.EventHub/namespaces/testnamespacemgmt7520",
        "name": "testnamespacemgmt7520",
        "type": "Microsoft.EventHub/Namespaces",
        "location": "East US 2",
        "tags": {},
        "properties": {
          "minimumTlsVersion": "1.2",
          "publicNetworkAccess": "Enabled",
          "disableLocalAuth": false,
          "zoneRedundant": true,
          "isAutoInflateEnabled": false,
          "maximumThroughputUnits": 0,
          "kafkaEnabled": true,
          "provisioningState": "Created",
          "metricId": "326100e2-f69d-4268-8503-075374f62b6e:testnamespacemgmt7520",
          "createdAt": "2023-04-04T20:42:31.597Z",
          "updatedAt": "2023-04-04T20:42:31.597Z",
          "serviceBusEndpoint": "https://testnamespacemgmt7520.servicebus.windows.net:443/",
          "status": "Activating"
        }
      }
    },
    {
      "RequestUri": "https://management.azure.com/subscriptions/326100e2-f69d-4268-8503-075374f62b6e/resourceGroups/testeventhubRG-4849/providers/Microsoft.EventHub/namespaces/testnamespacemgmt7520?api-version=2022-10-01-preview",
      "RequestMethod": "GET",
      "RequestHeaders": {
        "Authorization": "Sanitized",
        "traceparent": "00-64c47952fa4be796cc88c6a5bdf6007a-67025ea7f1718719-00",
        "User-Agent": "azsdk-net-ResourceManager/1.4.0 (.NET 6.0.15; Microsoft Windows 10.0.19044)",
        "x-ms-client-request-id": "40427b964a1d548f47892336c93cf2c4",
        "x-ms-return-client-request-id": "true"
      },
      "RequestBody": null,
      "StatusCode": 200,
      "ResponseHeaders": {
        "Cache-Control": "no-cache",
        "Content-Length": "793",
        "Content-Type": "application/json; charset=utf-8",
        "Date": "Tue, 04 Apr 2023 20:44:10 GMT",
        "Expires": "-1",
        "Pragma": "no-cache",
        "Server": [
          "Service-Bus-Resource-Provider/SN1",
          "Microsoft-HTTPAPI/2.0"
        ],
        "Server-SB": "Service-Bus-Resource-Provider/SN1",
        "Strict-Transport-Security": "max-age=31536000; includeSubDomains",
        "X-Content-Type-Options": "nosniff",
        "x-ms-client-request-id": "40427b964a1d548f47892336c93cf2c4",
        "x-ms-correlation-request-id": "96ec8956-95b4-4a6e-93aa-bfb408d86e55",
        "x-ms-ratelimit-remaining-subscription-reads": "11706",
        "x-ms-request-id": "2f672375-7050-4607-a8e6-f9a4823393e7_M6SN1_M6SN1",
        "x-ms-routing-request-id": "SOUTHCENTRALUS:20230404T204411Z:96ec8956-95b4-4a6e-93aa-bfb408d86e55"
      },
      "ResponseBody": {
        "sku": {
          "name": "Premium",
          "tier": "Premium",
          "capacity": 1
        },
        "id": "/subscriptions/326100e2-f69d-4268-8503-075374f62b6e/resourceGroups/testeventhubRG-4849/providers/Microsoft.EventHub/namespaces/testnamespacemgmt7520",
        "name": "testnamespacemgmt7520",
        "type": "Microsoft.EventHub/Namespaces",
        "location": "East US 2",
        "tags": {},
        "properties": {
          "minimumTlsVersion": "1.2",
          "publicNetworkAccess": "Enabled",
          "disableLocalAuth": false,
          "zoneRedundant": true,
          "isAutoInflateEnabled": false,
          "maximumThroughputUnits": 0,
          "kafkaEnabled": true,
          "provisioningState": "Created",
          "metricId": "326100e2-f69d-4268-8503-075374f62b6e:testnamespacemgmt7520",
          "createdAt": "2023-04-04T20:42:31.597Z",
          "updatedAt": "2023-04-04T20:42:31.597Z",
          "serviceBusEndpoint": "https://testnamespacemgmt7520.servicebus.windows.net:443/",
          "status": "Activating"
        }
      }
    },
    {
      "RequestUri": "https://management.azure.com/subscriptions/326100e2-f69d-4268-8503-075374f62b6e/resourceGroups/testeventhubRG-4849/providers/Microsoft.EventHub/namespaces/testnamespacemgmt7520?api-version=2022-10-01-preview",
      "RequestMethod": "GET",
      "RequestHeaders": {
        "Authorization": "Sanitized",
        "traceparent": "00-64c47952fa4be796cc88c6a5bdf6007a-cf0b2e264ad1848d-00",
        "User-Agent": "azsdk-net-ResourceManager/1.4.0 (.NET 6.0.15; Microsoft Windows 10.0.19044)",
        "x-ms-client-request-id": "2d9bb40039611221f46f4884ce835225",
        "x-ms-return-client-request-id": "true"
      },
      "RequestBody": null,
      "StatusCode": 200,
      "ResponseHeaders": {
        "Cache-Control": "no-cache",
        "Content-Length": "793",
        "Content-Type": "application/json; charset=utf-8",
        "Date": "Tue, 04 Apr 2023 20:44:43 GMT",
        "Expires": "-1",
        "Pragma": "no-cache",
        "Server": [
          "Service-Bus-Resource-Provider/SN1",
          "Microsoft-HTTPAPI/2.0"
        ],
        "Server-SB": "Service-Bus-Resource-Provider/SN1",
        "Strict-Transport-Security": "max-age=31536000; includeSubDomains",
        "X-Content-Type-Options": "nosniff",
        "x-ms-client-request-id": "2d9bb40039611221f46f4884ce835225",
        "x-ms-correlation-request-id": "5db991ff-d0bf-4aba-81a6-12e45a9886de",
        "x-ms-ratelimit-remaining-subscription-reads": "11705",
        "x-ms-request-id": "0741f25d-6d84-4e46-9098-4cecfda69d0e_M6SN1_M6SN1",
        "x-ms-routing-request-id": "SOUTHCENTRALUS:20230404T204443Z:5db991ff-d0bf-4aba-81a6-12e45a9886de"
      },
      "ResponseBody": {
        "sku": {
          "name": "Premium",
          "tier": "Premium",
          "capacity": 1
        },
        "id": "/subscriptions/326100e2-f69d-4268-8503-075374f62b6e/resourceGroups/testeventhubRG-4849/providers/Microsoft.EventHub/namespaces/testnamespacemgmt7520",
        "name": "testnamespacemgmt7520",
        "type": "Microsoft.EventHub/Namespaces",
        "location": "East US 2",
        "tags": {},
        "properties": {
          "minimumTlsVersion": "1.2",
          "publicNetworkAccess": "Enabled",
          "disableLocalAuth": false,
          "zoneRedundant": true,
          "isAutoInflateEnabled": false,
          "maximumThroughputUnits": 0,
          "kafkaEnabled": true,
          "provisioningState": "Created",
          "metricId": "326100e2-f69d-4268-8503-075374f62b6e:testnamespacemgmt7520",
          "createdAt": "2023-04-04T20:42:31.597Z",
          "updatedAt": "2023-04-04T20:42:31.597Z",
          "serviceBusEndpoint": "https://testnamespacemgmt7520.servicebus.windows.net:443/",
          "status": "Activating"
        }
      }
    },
    {
      "RequestUri": "https://management.azure.com/subscriptions/326100e2-f69d-4268-8503-075374f62b6e/resourceGroups/testeventhubRG-4849/providers/Microsoft.EventHub/namespaces/testnamespacemgmt7520?api-version=2022-10-01-preview",
      "RequestMethod": "GET",
      "RequestHeaders": {
        "Authorization": "Sanitized",
        "traceparent": "00-64c47952fa4be796cc88c6a5bdf6007a-de6fae4ed8231673-00",
        "User-Agent": "azsdk-net-ResourceManager/1.4.0 (.NET 6.0.15; Microsoft Windows 10.0.19044)",
        "x-ms-client-request-id": "eb8849518a3fb3bc73e1ce0ba0d577dd",
        "x-ms-return-client-request-id": "true"
      },
      "RequestBody": null,
      "StatusCode": 200,
      "ResponseHeaders": {
        "Cache-Control": "no-cache",
        "Content-Length": "793",
        "Content-Type": "application/json; charset=utf-8",
        "Date": "Tue, 04 Apr 2023 20:45:20 GMT",
        "Expires": "-1",
        "Pragma": "no-cache",
        "Server": [
          "Service-Bus-Resource-Provider/SN1",
          "Microsoft-HTTPAPI/2.0"
        ],
        "Server-SB": "Service-Bus-Resource-Provider/SN1",
        "Strict-Transport-Security": "max-age=31536000; includeSubDomains",
        "X-Content-Type-Options": "nosniff",
        "x-ms-client-request-id": "eb8849518a3fb3bc73e1ce0ba0d577dd",
        "x-ms-correlation-request-id": "c92b3149-ef85-4e97-a721-ba9af2a13c9e",
        "x-ms-ratelimit-remaining-subscription-reads": "11732",
        "x-ms-request-id": "9f70bd5d-d2d0-4f39-b96a-f06c0f91c6aa_M1SN1_M1SN1",
        "x-ms-routing-request-id": "SOUTHCENTRALUS:20230404T204520Z:c92b3149-ef85-4e97-a721-ba9af2a13c9e"
      },
      "ResponseBody": {
        "sku": {
          "name": "Premium",
          "tier": "Premium",
          "capacity": 1
        },
        "id": "/subscriptions/326100e2-f69d-4268-8503-075374f62b6e/resourceGroups/testeventhubRG-4849/providers/Microsoft.EventHub/namespaces/testnamespacemgmt7520",
        "name": "testnamespacemgmt7520",
        "type": "Microsoft.EventHub/Namespaces",
        "location": "East US 2",
        "tags": {},
        "properties": {
          "minimumTlsVersion": "1.2",
          "publicNetworkAccess": "Enabled",
          "disableLocalAuth": false,
          "zoneRedundant": true,
          "isAutoInflateEnabled": false,
          "maximumThroughputUnits": 0,
          "kafkaEnabled": true,
          "provisioningState": "Created",
          "metricId": "326100e2-f69d-4268-8503-075374f62b6e:testnamespacemgmt7520",
          "createdAt": "2023-04-04T20:42:31.597Z",
          "updatedAt": "2023-04-04T20:42:31.597Z",
          "serviceBusEndpoint": "https://testnamespacemgmt7520.servicebus.windows.net:443/",
          "status": "Activating"
        }
      }
    },
    {
      "RequestUri": "https://management.azure.com/subscriptions/326100e2-f69d-4268-8503-075374f62b6e/resourceGroups/testeventhubRG-4849/providers/Microsoft.EventHub/namespaces/testnamespacemgmt7520?api-version=2022-10-01-preview",
      "RequestMethod": "GET",
      "RequestHeaders": {
        "Authorization": "Sanitized",
        "traceparent": "00-64c47952fa4be796cc88c6a5bdf6007a-7997d9c87c570c66-00",
        "User-Agent": "azsdk-net-ResourceManager/1.4.0 (.NET 6.0.15; Microsoft Windows 10.0.19044)",
        "x-ms-client-request-id": "9d4464284f9b5c845a304bad010b86c3",
        "x-ms-return-client-request-id": "true"
      },
      "RequestBody": null,
      "StatusCode": 200,
      "ResponseHeaders": {
        "Cache-Control": "no-cache",
        "Content-Length": "793",
        "Content-Type": "application/json; charset=utf-8",
        "Date": "Tue, 04 Apr 2023 20:45:52 GMT",
        "Expires": "-1",
        "Pragma": "no-cache",
        "Server": [
          "Service-Bus-Resource-Provider/SN1",
          "Microsoft-HTTPAPI/2.0"
        ],
        "Server-SB": "Service-Bus-Resource-Provider/SN1",
        "Strict-Transport-Security": "max-age=31536000; includeSubDomains",
        "X-Content-Type-Options": "nosniff",
        "x-ms-client-request-id": "9d4464284f9b5c845a304bad010b86c3",
        "x-ms-correlation-request-id": "498cabb8-a44d-4576-ac6a-6eda8f9f2b91",
        "x-ms-ratelimit-remaining-subscription-reads": "11731",
        "x-ms-request-id": "adf1a5f1-4191-4bc5-9258-426c265af782_M1SN1_M1SN1",
        "x-ms-routing-request-id": "SOUTHCENTRALUS:20230404T204553Z:498cabb8-a44d-4576-ac6a-6eda8f9f2b91"
      },
      "ResponseBody": {
        "sku": {
          "name": "Premium",
          "tier": "Premium",
          "capacity": 1
        },
        "id": "/subscriptions/326100e2-f69d-4268-8503-075374f62b6e/resourceGroups/testeventhubRG-4849/providers/Microsoft.EventHub/namespaces/testnamespacemgmt7520",
        "name": "testnamespacemgmt7520",
        "type": "Microsoft.EventHub/Namespaces",
        "location": "East US 2",
        "tags": {},
        "properties": {
          "minimumTlsVersion": "1.2",
          "publicNetworkAccess": "Enabled",
          "disableLocalAuth": false,
          "zoneRedundant": true,
          "isAutoInflateEnabled": false,
          "maximumThroughputUnits": 0,
          "kafkaEnabled": true,
          "provisioningState": "Created",
          "metricId": "326100e2-f69d-4268-8503-075374f62b6e:testnamespacemgmt7520",
          "createdAt": "2023-04-04T20:42:31.597Z",
          "updatedAt": "2023-04-04T20:42:31.597Z",
          "serviceBusEndpoint": "https://testnamespacemgmt7520.servicebus.windows.net:443/",
          "status": "Activating"
        }
      }
    },
    {
      "RequestUri": "https://management.azure.com/subscriptions/326100e2-f69d-4268-8503-075374f62b6e/resourceGroups/testeventhubRG-4849/providers/Microsoft.EventHub/namespaces/testnamespacemgmt7520?api-version=2022-10-01-preview",
      "RequestMethod": "GET",
      "RequestHeaders": {
        "Authorization": "Sanitized",
        "traceparent": "00-64c47952fa4be796cc88c6a5bdf6007a-b6defb7323c7e203-00",
        "User-Agent": "azsdk-net-ResourceManager/1.4.0 (.NET 6.0.15; Microsoft Windows 10.0.19044)",
        "x-ms-client-request-id": "80e5fd3706b37685f7e7ba7f6b15711f",
        "x-ms-return-client-request-id": "true"
      },
      "RequestBody": null,
      "StatusCode": 200,
      "ResponseHeaders": {
        "Cache-Control": "no-cache",
        "Content-Length": "793",
        "Content-Type": "application/json; charset=utf-8",
        "Date": "Tue, 04 Apr 2023 20:46:25 GMT",
        "Expires": "-1",
        "Pragma": "no-cache",
        "Server": [
          "Service-Bus-Resource-Provider/SN1",
          "Microsoft-HTTPAPI/2.0"
        ],
        "Server-SB": "Service-Bus-Resource-Provider/SN1",
        "Strict-Transport-Security": "max-age=31536000; includeSubDomains",
        "X-Content-Type-Options": "nosniff",
        "x-ms-client-request-id": "80e5fd3706b37685f7e7ba7f6b15711f",
        "x-ms-correlation-request-id": "021779e0-40ca-4873-adb5-db97a6409d8d",
        "x-ms-ratelimit-remaining-subscription-reads": "11730",
        "x-ms-request-id": "31f5ddbb-4cd8-4b10-ac59-579940755457_M1SN1_M1SN1",
        "x-ms-routing-request-id": "SOUTHCENTRALUS:20230404T204625Z:021779e0-40ca-4873-adb5-db97a6409d8d"
      },
      "ResponseBody": {
        "sku": {
          "name": "Premium",
          "tier": "Premium",
          "capacity": 1
        },
        "id": "/subscriptions/326100e2-f69d-4268-8503-075374f62b6e/resourceGroups/testeventhubRG-4849/providers/Microsoft.EventHub/namespaces/testnamespacemgmt7520",
        "name": "testnamespacemgmt7520",
        "type": "Microsoft.EventHub/Namespaces",
        "location": "East US 2",
        "tags": {},
        "properties": {
          "minimumTlsVersion": "1.2",
          "publicNetworkAccess": "Enabled",
          "disableLocalAuth": false,
          "zoneRedundant": true,
          "isAutoInflateEnabled": false,
          "maximumThroughputUnits": 0,
          "kafkaEnabled": true,
          "provisioningState": "Created",
          "metricId": "326100e2-f69d-4268-8503-075374f62b6e:testnamespacemgmt7520",
          "createdAt": "2023-04-04T20:42:31.597Z",
          "updatedAt": "2023-04-04T20:42:31.597Z",
          "serviceBusEndpoint": "https://testnamespacemgmt7520.servicebus.windows.net:443/",
          "status": "Activating"
        }
      }
    },
    {
      "RequestUri": "https://management.azure.com/subscriptions/326100e2-f69d-4268-8503-075374f62b6e/resourceGroups/testeventhubRG-4849/providers/Microsoft.EventHub/namespaces/testnamespacemgmt7520?api-version=2022-10-01-preview",
      "RequestMethod": "GET",
      "RequestHeaders": {
        "Authorization": "Sanitized",
        "traceparent": "00-64c47952fa4be796cc88c6a5bdf6007a-70751593e427b0f4-00",
        "User-Agent": "azsdk-net-ResourceManager/1.4.0 (.NET 6.0.15; Microsoft Windows 10.0.19044)",
        "x-ms-client-request-id": "6a5b6af8b53e028ac42c910e3e0fb168",
        "x-ms-return-client-request-id": "true"
      },
      "RequestBody": null,
      "StatusCode": 200,
      "ResponseHeaders": {
        "Cache-Control": "no-cache",
        "Content-Length": "790",
        "Content-Type": "application/json; charset=utf-8",
        "Date": "Tue, 04 Apr 2023 20:46:57 GMT",
        "Expires": "-1",
        "Pragma": "no-cache",
        "Server": [
          "Service-Bus-Resource-Provider/SN1",
          "Microsoft-HTTPAPI/2.0"
        ],
        "Server-SB": "Service-Bus-Resource-Provider/SN1",
        "Strict-Transport-Security": "max-age=31536000; includeSubDomains",
        "X-Content-Type-Options": "nosniff",
        "x-ms-client-request-id": "6a5b6af8b53e028ac42c910e3e0fb168",
        "x-ms-correlation-request-id": "ccdead9b-b1d1-4c3f-bc1c-80f6cb81b65e",
        "x-ms-ratelimit-remaining-subscription-reads": "11729",
        "x-ms-request-id": "b4448882-f688-4c65-b73c-63d26bd9caca_M1SN1_M1SN1",
        "x-ms-routing-request-id": "SOUTHCENTRALUS:20230404T204657Z:ccdead9b-b1d1-4c3f-bc1c-80f6cb81b65e"
      },
      "ResponseBody": {
        "sku": {
          "name": "Premium",
          "tier": "Premium",
          "capacity": 1
        },
        "id": "/subscriptions/326100e2-f69d-4268-8503-075374f62b6e/resourceGroups/testeventhubRG-4849/providers/Microsoft.EventHub/namespaces/testnamespacemgmt7520",
        "name": "testnamespacemgmt7520",
        "type": "Microsoft.EventHub/Namespaces",
        "location": "East US 2",
        "tags": {},
        "properties": {
          "minimumTlsVersion": "1.2",
          "publicNetworkAccess": "Enabled",
          "disableLocalAuth": false,
          "zoneRedundant": true,
          "isAutoInflateEnabled": false,
          "maximumThroughputUnits": 0,
          "kafkaEnabled": true,
          "provisioningState": "Succeeded",
          "metricId": "326100e2-f69d-4268-8503-075374f62b6e:testnamespacemgmt7520",
          "createdAt": "2023-04-04T20:42:31.597Z",
          "updatedAt": "2023-04-04T20:46:30.31Z",
          "serviceBusEndpoint": "https://testnamespacemgmt7520.servicebus.windows.net:443/",
          "status": "Active"
        }
      }
    },
    {
      "RequestUri": "https://management.azure.com/subscriptions/326100e2-f69d-4268-8503-075374f62b6e/providers/Microsoft.Storage?api-version=**",
      "RequestMethod": "GET",
      "RequestHeaders": {
        "Accept": "application/json",
        "Authorization": "Sanitized",
        "traceparent": "00-dcb6f970032ab502ea576d8c022acf21-f9499b702ae711ff-00",
        "User-Agent": "azsdk-net-ResourceManager/1.4.0 (.NET 6.0.15; Microsoft Windows 10.0.19044)",
        "x-ms-client-request-id": "f0a2d30a2af7de22cea5b49504f144bf",
        "x-ms-return-client-request-id": "true"
      },
      "RequestBody": null,
      "StatusCode": 200,
      "ResponseHeaders": {
        "Cache-Control": "no-cache",
        "Content-Length": "25925",
        "Content-Type": "application/json; charset=utf-8",
        "Date": "Tue, 04 Apr 2023 20:46:57 GMT",
        "Expires": "-1",
        "Pragma": "no-cache",
        "Strict-Transport-Security": "max-age=31536000; includeSubDomains",
        "X-Content-Type-Options": "nosniff",
        "x-ms-correlation-request-id": "86dd3009-f1d2-4fc1-a821-5fe74e955e91",
        "x-ms-ratelimit-remaining-subscription-reads": "11728",
        "x-ms-request-id": "86dd3009-f1d2-4fc1-a821-5fe74e955e91",
        "x-ms-routing-request-id": "SOUTHCENTRALUS:20230404T204657Z:86dd3009-f1d2-4fc1-a821-5fe74e955e91"
      },
      "ResponseBody": {
        "id": "/subscriptions/326100e2-f69d-4268-8503-075374f62b6e/providers/Microsoft.Storage",
        "namespace": "Microsoft.Storage",
        "authorizations": [
          {
            "applicationId": "a6aa9161-5291-40bb-8c5c-923b567bee3b",
            "roleDefinitionId": "070ab87f-0efc-4423-b18b-756f3bdb0236"
          },
          {
            "applicationId": "e406a681-f3d4-42a8-90b6-c2b029497af1"
          },
          {
            "applicationId": "1609d3a1-0db2-4818-b854-fe1614f0718a"
          },
          {
            "applicationId": "05d97c70-cb7c-4e66-8138-d5ca7c59d206",
            "roleDefinitionId": "3185b772-d635-455a-8d37-0a41169c8cf9"
          }
        ],
        "resourceTypes": [
          {
            "resourceType": "storageAccounts/storageTaskAssignments",
            "locations": [
              "East US",
              "East US 2",
              "West US",
              "West Europe",
              "East Asia",
              "Southeast Asia",
              "Japan East",
              "Japan West",
              "North Central US",
              "South Central US",
              "Central US",
              "North Europe",
              "Brazil South",
              "Australia East",
              "Australia Southeast",
              "South India",
              "Central India",
              "West India",
              "Canada East",
              "Canada Central",
              "West US 2",
              "West Central US",
              "UK South",
              "UK West",
              "Korea Central",
              "Korea South",
              "France Central",
              "Australia Central",
              "South Africa North",
              "UAE North",
              "Switzerland North",
              "Germany West Central",
              "Norway East",
              "West US 3",
              "Jio India West",
              "Sweden Central",
              "Qatar Central",
              "Poland Central",
              "East US 2 EUAP",
              "Central US EUAP",
              "UAE Central",
              "Norway West"
            ],
            "apiVersions": [
              "2023-01-01",
              "2022-09-01",
              "2022-05-01",
              "2021-09-01"
            ],
            "defaultApiVersion": "2021-09-01",
            "capabilities": "None"
          },
          {
            "resourceType": "storageAccounts/encryptionScopes",
            "locations": [
              "East US",
              "East US 2",
              "West US",
              "West Europe",
              "East Asia",
              "Southeast Asia",
              "Japan East",
              "Japan West",
              "North Central US",
              "South Central US",
              "Central US",
              "North Europe",
              "Brazil South",
              "Australia East",
              "Australia Southeast",
              "South India",
              "Central India",
              "West India",
              "Canada East",
              "Canada Central",
              "West US 2",
              "West Central US",
              "UK South",
              "UK West",
              "Korea Central",
              "Korea South",
              "France Central",
              "Australia Central",
              "South Africa North",
              "UAE North",
              "Switzerland North",
              "Germany West Central",
              "Norway East",
              "West US 3",
              "Jio India West",
              "Sweden Central",
              "Qatar Central",
              "Poland Central",
              "East US 2 EUAP",
              "Central US EUAP",
              "UAE Central",
              "Norway West"
            ],
            "apiVersions": [
              "2023-01-01",
              "2022-09-01",
              "2022-05-01",
              "2021-09-01",
              "2021-08-01",
              "2021-06-01",
              "2021-05-01",
              "2021-04-01",
              "2021-02-01",
              "2021-01-01",
              "2020-08-01-preview",
              "2019-06-01"
            ],
            "defaultApiVersion": "2019-06-01",
            "capabilities": "None"
          },
          {
            "resourceType": "deletedAccounts",
            "locations": [
              "East US",
              "East US 2",
              "West US",
              "West Europe",
              "East Asia",
              "Southeast Asia",
              "Japan East",
              "Japan West",
              "North Central US",
              "South Central US",
              "Central US",
              "North Europe",
              "Brazil South",
              "Australia East",
              "Australia Southeast",
              "South India",
              "Central India",
              "West India",
              "Canada East",
              "Canada Central",
              "West US 2",
              "West Central US",
              "UK South",
              "UK West",
              "Korea Central",
              "Korea South",
              "France Central",
              "Australia Central",
              "South Africa North",
              "UAE North",
              "Switzerland North",
              "Germany West Central",
              "Norway East",
              "West US 3",
              "Jio India West",
              "Sweden Central",
              "Qatar Central",
              "Poland Central",
              "East US 2 EUAP",
              "Central US EUAP",
              "UAE Central",
              "Norway West"
            ],
            "apiVersions": [
              "2023-01-01",
              "2022-09-01",
              "2022-05-01",
              "2021-09-01",
              "2021-08-01",
              "2021-06-01",
              "2021-05-01",
              "2021-04-01",
              "2021-02-01",
              "2021-01-01",
              "2020-08-01-preview",
              "2019-06-01"
            ],
            "defaultApiVersion": "2019-06-01",
            "capabilities": "None"
          },
          {
            "resourceType": "locations/deletedAccounts",
            "locations": [
              "East US",
              "East US 2",
              "West US",
              "West Europe",
              "East Asia",
              "Southeast Asia",
              "Japan East",
              "Japan West",
              "North Central US",
              "South Central US",
              "Central US",
              "North Europe",
              "Brazil South",
              "Australia East",
              "Australia Southeast",
              "South India",
              "Central India",
              "West India",
              "Canada East",
              "Canada Central",
              "West US 2",
              "West Central US",
              "UK South",
              "UK West",
              "Korea Central",
              "Korea South",
              "France Central",
              "Australia Central",
              "South Africa North",
              "UAE North",
              "Switzerland North",
              "Germany West Central",
              "Norway East",
              "West US 3",
              "Jio India West",
              "Sweden Central",
              "Qatar Central",
              "Poland Central",
              "East US 2 EUAP",
              "Central US EUAP",
              "UAE Central",
              "Norway West"
            ],
            "apiVersions": [
              "2023-01-01",
              "2022-09-01",
              "2022-05-01",
              "2021-09-01",
              "2021-08-01",
              "2021-06-01",
              "2021-05-01",
              "2021-04-01",
              "2021-02-01",
              "2021-01-01",
              "2020-08-01-preview",
              "2019-06-01"
            ],
            "defaultApiVersion": "2019-06-01",
            "capabilities": "None"
          },
          {
            "resourceType": "storageAccounts",
            "locations": [
              "East US",
              "East US 2",
              "West US",
              "West Europe",
              "East Asia",
              "Southeast Asia",
              "Japan East",
              "Japan West",
              "North Central US",
              "South Central US",
              "Central US",
              "North Europe",
              "Brazil South",
              "Australia East",
              "Australia Southeast",
              "South India",
              "Central India",
              "West India",
              "Canada East",
              "Canada Central",
              "West US 2",
              "West Central US",
              "UK South",
              "UK West",
              "Korea Central",
              "Korea South",
              "France Central",
              "Australia Central",
              "South Africa North",
              "UAE North",
              "Switzerland North",
              "Germany West Central",
              "Norway East",
              "West US 3",
              "Jio India West",
              "Sweden Central",
              "Qatar Central",
              "Poland Central",
              "East US 2 EUAP",
              "Central US EUAP",
              "UAE Central",
              "Norway West"
            ],
            "apiVersions": [
              "2023-01-01",
              "2022-09-01",
              "2022-05-01",
              "2021-09-01",
              "2021-08-01",
              "2021-06-01",
              "2021-05-01",
              "2021-04-01",
              "2021-02-01",
              "2021-01-01",
              "2020-08-01-preview",
              "2019-06-01",
              "2019-04-01",
              "2018-11-01",
              "2018-07-01",
              "2018-03-01-preview",
              "2018-02-01",
              "2017-10-01",
              "2017-06-01",
              "2016-12-01",
              "2016-05-01",
              "2016-01-01",
              "2015-06-15",
              "2015-05-01-preview"
            ],
            "defaultApiVersion": "2019-06-01",
            "apiProfiles": [
              {
                "profileVersion": "2019-03-01-hybrid",
                "apiVersion": "2017-10-01"
              },
              {
                "profileVersion": "2017-03-09-profile",
                "apiVersion": "2016-01-01"
              },
              {
                "profileVersion": "2018-03-01-hybrid",
                "apiVersion": "2016-01-01"
              },
              {
                "profileVersion": "2018-06-01-profile",
                "apiVersion": "2017-10-01"
              }
            ],
            "zoneMappings": [
              {
                "location": "Australia East",
                "zones": [
                  "2",
                  "3",
                  "1"
                ]
              },
              {
                "location": "Brazil South",
                "zones": [
                  "2",
                  "3",
                  "1"
                ]
              },
              {
                "location": "Canada Central",
                "zones": [
                  "2",
                  "3",
                  "1"
                ]
              },
              {
                "location": "Central India",
                "zones": [
                  "2",
                  "3",
                  "1"
                ]
              },
              {
                "location": "Central US",
                "zones": [
                  "2",
                  "3",
                  "1"
                ]
              },
              {
                "location": "Central US EUAP",
                "zones": [
                  "1",
                  "2"
                ]
              },
              {
                "location": "East Asia",
                "zones": [
                  "2",
                  "3",
                  "1"
                ]
              },
              {
                "location": "East US",
                "zones": [
                  "2",
                  "3",
                  "1"
                ]
              },
              {
                "location": "East US 2",
                "zones": [
                  "2",
                  "3",
                  "1"
                ]
              },
              {
                "location": "East US 2 EUAP",
                "zones": [
                  "2",
                  "3",
                  "1"
                ]
              },
              {
                "location": "France Central",
                "zones": [
                  "2",
                  "3",
                  "1"
                ]
              },
              {
                "location": "Germany West Central",
                "zones": [
                  "2",
                  "3",
                  "1"
                ]
              },
              {
                "location": "Japan East",
                "zones": [
                  "2",
                  "3",
                  "1"
                ]
              },
              {
                "location": "Korea Central",
                "zones": [
                  "2",
                  "3",
                  "1"
                ]
              },
              {
                "location": "North Central US",
                "zones": []
              },
              {
                "location": "North Europe",
                "zones": [
                  "2",
                  "3",
                  "1"
                ]
              },
              {
                "location": "Norway East",
                "zones": [
                  "2",
                  "3",
                  "1"
                ]
              },
              {
                "location": "Qatar Central",
                "zones": [
                  "2",
                  "3",
                  "1"
                ]
              },
              {
                "location": "South Africa North",
                "zones": [
                  "2",
                  "3",
                  "1"
                ]
              },
              {
                "location": "South Central US",
                "zones": [
                  "2",
                  "3",
                  "1"
                ]
              },
              {
                "location": "Southeast Asia",
                "zones": [
                  "2",
                  "3",
                  "1"
                ]
              },
              {
                "location": "Sweden Central",
                "zones": [
                  "2",
                  "3",
                  "1"
                ]
              },
              {
                "location": "Switzerland North",
                "zones": [
                  "2",
                  "3",
                  "1"
                ]
              },
              {
                "location": "UAE North",
                "zones": [
                  "2",
                  "3",
                  "1"
                ]
              },
              {
                "location": "UK South",
                "zones": [
                  "2",
                  "3",
                  "1"
                ]
              },
              {
                "location": "West Europe",
                "zones": [
                  "2",
                  "3",
                  "1"
                ]
              },
              {
                "location": "West US",
                "zones": []
              },
              {
                "location": "West US 2",
                "zones": [
                  "2",
                  "3",
                  "1"
                ]
              },
              {
                "location": "West US 3",
                "zones": [
                  "2",
                  "3",
                  "1"
                ]
              },
              {
                "location": "Poland Central",
                "zones": [
                  "2",
                  "3",
                  "1"
                ]
              }
            ],
            "capabilities": "CrossResourceGroupResourceMove, CrossSubscriptionResourceMove, SystemAssignedResourceIdentity, SupportsTags, SupportsLocation"
          },
          {
            "resourceType": "storageTasks",
            "locations": [
              "East US",
              "East US 2",
              "West US",
              "West Europe",
              "East Asia",
              "Southeast Asia",
              "Japan East",
              "Japan West",
              "North Central US",
              "South Central US",
              "Central US",
              "North Europe",
              "Brazil South",
              "Australia East",
              "Australia Southeast",
              "South India",
              "Central India",
              "West India",
              "Canada East",
              "Canada Central",
              "West US 2",
              "West Central US",
              "UK South",
              "UK West",
              "Korea Central",
              "Korea South",
              "France Central",
              "Australia Central",
              "South Africa North",
              "UAE North",
              "Switzerland North",
              "Germany West Central",
              "Norway East",
              "West US 3",
              "Jio India West",
              "Sweden Central",
              "Qatar Central",
              "Poland Central",
              "East US 2 EUAP",
              "Central US EUAP",
              "UAE Central",
              "Norway West"
            ],
            "apiVersions": [
              "2023-01-01",
              "2022-09-01",
              "2022-05-01",
              "2021-09-01"
            ],
            "defaultApiVersion": "2021-09-01",
            "capabilities": "SystemAssignedResourceIdentity, SupportsTags, SupportsLocation"
          },
          {
            "resourceType": "operations",
            "locations": [
              "East US",
              "East US 2",
              "West US",
              "West Europe",
              "East Asia",
              "Southeast Asia",
              "Japan East",
              "Japan West",
              "North Central US",
              "South Central US",
              "Central US",
              "North Europe",
              "Brazil South",
              "Australia East",
              "Australia Southeast",
              "South India",
              "Central India",
              "West India",
              "Canada East",
              "Canada Central",
              "West US 2",
              "West Central US",
              "UK South",
              "UK West",
              "Korea Central",
              "Korea South",
              "France Central",
              "Australia Central",
              "South Africa North",
              "UAE North",
              "Switzerland North",
              "Germany West Central",
              "West US 3",
              "Jio India West",
              "Sweden Central",
              "Qatar Central",
              "Poland Central",
              "East US 2 EUAP",
              "Central US EUAP",
              "UAE Central"
            ],
            "apiVersions": [
              "2023-01-01",
              "2022-09-01",
              "2022-05-01",
              "2021-09-01",
              "2021-08-01",
              "2021-06-01",
              "2021-05-01",
              "2021-04-01",
              "2021-02-01",
              "2021-01-01",
              "2020-08-01-preview",
              "2019-06-01",
              "2019-04-01",
              "2018-11-01",
              "2018-07-01",
              "2018-03-01-preview",
              "2018-02-01",
              "2017-10-01",
              "2017-06-01",
              "2016-12-01",
              "2016-05-01",
              "2016-01-01",
              "2015-06-15",
              "2015-05-01-preview"
            ],
            "defaultApiVersion": "2019-06-01",
            "apiProfiles": [
              {
                "profileVersion": "2019-03-01-hybrid",
                "apiVersion": "2017-10-01"
              },
              {
                "profileVersion": "2017-03-09-profile",
                "apiVersion": "2016-01-01"
              },
              {
                "profileVersion": "2018-03-01-hybrid",
                "apiVersion": "2016-01-01"
              },
              {
                "profileVersion": "2018-06-01-profile",
                "apiVersion": "2017-10-01"
              }
            ],
            "capabilities": "None"
          },
          {
            "resourceType": "locations/asyncoperations",
            "locations": [
              "East US",
              "East US 2",
              "West US",
              "West Europe",
              "East Asia",
              "Southeast Asia",
              "Japan East",
              "Japan West",
              "North Central US",
              "South Central US",
              "Central US",
              "North Europe",
              "Brazil South",
              "Australia East",
              "Australia Southeast",
              "South India",
              "Central India",
              "West India",
              "Canada East",
              "Canada Central",
              "West US 2",
              "West Central US",
              "UK South",
              "UK West",
              "Korea Central",
              "Korea South",
              "France Central",
              "Australia Central",
              "South Africa North",
              "UAE North",
              "Switzerland North",
              "Germany West Central",
              "Norway East",
              "West US 3",
              "Jio India West",
              "Sweden Central",
              "Qatar Central",
              "Poland Central",
              "East US 2 EUAP",
              "Central US EUAP",
              "UAE Central",
              "Norway West"
            ],
            "apiVersions": [
              "2023-01-01",
              "2022-09-01",
              "2022-05-01",
              "2021-09-01",
              "2021-08-01",
              "2021-06-01",
              "2021-05-01",
              "2021-04-01",
              "2021-02-01",
              "2021-01-01",
              "2020-08-01-preview",
              "2019-06-01",
              "2019-04-01",
              "2018-11-01",
              "2018-07-01",
              "2018-03-01-preview",
              "2018-02-01",
              "2017-10-01",
              "2017-06-01",
              "2016-12-01",
              "2016-05-01",
              "2016-01-01",
              "2015-06-15",
              "2015-05-01-preview"
            ],
            "defaultApiVersion": "2019-06-01",
            "apiProfiles": [
              {
                "profileVersion": "2017-03-09-profile",
                "apiVersion": "2016-01-01"
              },
              {
                "profileVersion": "2018-03-01-hybrid",
                "apiVersion": "2016-01-01"
              }
            ],
            "capabilities": "None"
          },
          {
            "resourceType": "storageAccounts/listAccountSas",
            "locations": [
              "East US",
              "East US 2",
              "West US",
              "West Europe",
              "East Asia",
              "Southeast Asia",
              "Japan East",
              "Japan West",
              "North Central US",
              "South Central US",
              "Central US",
              "North Europe",
              "Brazil South",
              "Australia East",
              "Australia Southeast",
              "South India",
              "Central India",
              "West India",
              "Canada East",
              "Canada Central",
              "West US 2",
              "West Central US",
              "UK South",
              "UK West",
              "Korea Central",
              "Korea South",
              "France Central",
              "Australia Central",
              "South Africa North",
              "UAE North",
              "Switzerland North",
              "Germany West Central",
              "Norway East",
              "West US 3",
              "Jio India West",
              "Sweden Central",
              "Qatar Central",
              "Poland Central",
              "East US 2 EUAP",
              "Central US EUAP",
              "UAE Central",
              "Norway West"
            ],
            "apiVersions": [
              "2023-01-01",
              "2022-09-01",
              "2022-05-01",
              "2021-09-01",
              "2021-08-01",
              "2021-06-01",
              "2021-05-01",
              "2021-04-01",
              "2021-02-01",
              "2021-01-01",
              "2020-08-01-preview",
              "2019-06-01",
              "2019-04-01",
              "2018-11-01",
              "2018-07-01",
              "2018-03-01-preview",
              "2018-02-01",
              "2017-10-01",
              "2017-06-01",
              "2016-12-01",
              "2016-05-01"
            ],
            "defaultApiVersion": "2019-06-01",
            "apiProfiles": [
              {
                "profileVersion": "2018-06-01-profile",
                "apiVersion": "2017-10-01"
              }
            ],
            "capabilities": "None"
          },
          {
            "resourceType": "storageAccounts/listServiceSas",
            "locations": [
              "East US",
              "East US 2",
              "West US",
              "West Europe",
              "East Asia",
              "Southeast Asia",
              "Japan East",
              "Japan West",
              "North Central US",
              "South Central US",
              "Central US",
              "North Europe",
              "Brazil South",
              "Australia East",
              "Australia Southeast",
              "South India",
              "Central India",
              "West India",
              "Canada East",
              "Canada Central",
              "West US 2",
              "West Central US",
              "UK South",
              "UK West",
              "Korea Central",
              "Korea South",
              "France Central",
              "Australia Central",
              "South Africa North",
              "UAE North",
              "Switzerland North",
              "Germany West Central",
              "Norway East",
              "West US 3",
              "Jio India West",
              "Sweden Central",
              "Qatar Central",
              "Poland Central",
              "East US 2 EUAP",
              "Central US EUAP",
              "UAE Central",
              "Norway West"
            ],
            "apiVersions": [
              "2023-01-01",
              "2022-09-01",
              "2022-05-01",
              "2021-09-01",
              "2021-08-01",
              "2021-06-01",
              "2021-05-01",
              "2021-04-01",
              "2021-02-01",
              "2021-01-01",
              "2020-08-01-preview",
              "2019-06-01",
              "2019-04-01",
              "2018-11-01",
              "2018-07-01",
              "2018-03-01-preview",
              "2018-02-01",
              "2017-10-01",
              "2017-06-01",
              "2016-12-01",
              "2016-05-01"
            ],
            "defaultApiVersion": "2019-06-01",
            "apiProfiles": [
              {
                "profileVersion": "2018-06-01-profile",
                "apiVersion": "2017-10-01"
              }
            ],
            "capabilities": "None"
          },
          {
            "resourceType": "storageAccounts/blobServices",
            "locations": [
              "East US",
              "East US 2",
              "West US",
              "West Europe",
              "East Asia",
              "Southeast Asia",
              "Japan East",
              "Japan West",
              "North Central US",
              "South Central US",
              "Central US",
              "North Europe",
              "Brazil South",
              "Australia East",
              "Australia Southeast",
              "South India",
              "Central India",
              "West India",
              "Canada East",
              "Canada Central",
              "West US 2",
              "West Central US",
              "UK South",
              "UK West",
              "Korea Central",
              "Korea South",
              "France Central",
              "Australia Central",
              "South Africa North",
              "UAE North",
              "Switzerland North",
              "Germany West Central",
              "Norway East",
              "West US 3",
              "Jio India West",
              "Sweden Central",
              "Qatar Central",
              "Poland Central",
              "East US 2 EUAP",
              "Central US EUAP",
              "UAE Central",
              "Norway West"
            ],
            "apiVersions": [
              "2023-01-01",
              "2022-09-01",
              "2022-05-01",
              "2021-09-01",
              "2021-08-01",
              "2021-06-01",
              "2021-05-01",
              "2021-04-01",
              "2021-02-01",
              "2021-01-01",
              "2020-08-01-preview",
              "2019-06-01",
              "2019-04-01",
              "2018-11-01",
              "2018-07-01",
              "2018-03-01-preview",
              "2018-02-01",
              "2017-10-01",
              "2017-06-01",
              "2016-12-01",
              "2016-05-01"
            ],
            "defaultApiVersion": "2019-06-01",
            "apiProfiles": [
              {
                "profileVersion": "2019-03-01-hybrid",
                "apiVersion": "2017-10-01"
              }
            ],
            "capabilities": "None"
          },
          {
            "resourceType": "storageAccounts/tableServices",
            "locations": [
              "East US",
              "East US 2",
              "West US",
              "West Europe",
              "East Asia",
              "Southeast Asia",
              "Japan East",
              "Japan West",
              "North Central US",
              "South Central US",
              "Central US",
              "North Europe",
              "Brazil South",
              "Australia East",
              "Australia Southeast",
              "South India",
              "Central India",
              "West India",
              "Canada East",
              "Canada Central",
              "West US 2",
              "West Central US",
              "UK South",
              "UK West",
              "Korea Central",
              "Korea South",
              "France Central",
              "Australia Central",
              "South Africa North",
              "UAE North",
              "Switzerland North",
              "Germany West Central",
              "Norway East",
              "West US 3",
              "Jio India West",
              "Sweden Central",
              "Qatar Central",
              "Poland Central",
              "East US 2 EUAP",
              "Central US EUAP",
              "UAE Central",
              "Norway West"
            ],
            "apiVersions": [
              "2023-01-01",
              "2022-09-01",
              "2022-05-01",
              "2021-09-01",
              "2021-08-01",
              "2021-06-01",
              "2021-05-01",
              "2021-04-01",
              "2021-02-01",
              "2021-01-01",
              "2020-08-01-preview",
              "2019-06-01",
              "2019-04-01",
              "2018-11-01",
              "2018-07-01",
              "2018-03-01-preview",
              "2018-02-01",
              "2017-10-01",
              "2017-06-01",
              "2016-12-01",
              "2016-05-01"
            ],
            "defaultApiVersion": "2019-06-01",
            "apiProfiles": [
              {
                "profileVersion": "2019-03-01-hybrid",
                "apiVersion": "2017-10-01"
              }
            ],
            "capabilities": "None"
          },
          {
            "resourceType": "storageAccounts/queueServices",
            "locations": [
              "East US",
              "East US 2",
              "West US",
              "West Europe",
              "East Asia",
              "Southeast Asia",
              "Japan East",
              "Japan West",
              "North Central US",
              "South Central US",
              "Central US",
              "North Europe",
              "Brazil South",
              "Australia East",
              "Australia Southeast",
              "South India",
              "Central India",
              "West India",
              "Canada East",
              "Canada Central",
              "West US 2",
              "West Central US",
              "UK South",
              "UK West",
              "Korea Central",
              "Korea South",
              "France Central",
              "Australia Central",
              "South Africa North",
              "UAE North",
              "Switzerland North",
              "Germany West Central",
              "Norway East",
              "West US 3",
              "Jio India West",
              "Sweden Central",
              "Qatar Central",
              "Poland Central",
              "East US 2 EUAP",
              "Central US EUAP",
              "UAE Central",
              "Norway West"
            ],
            "apiVersions": [
              "2023-01-01",
              "2022-09-01",
              "2022-05-01",
              "2021-09-01",
              "2021-08-01",
              "2021-06-01",
              "2021-05-01",
              "2021-04-01",
              "2021-02-01",
              "2021-01-01",
              "2020-08-01-preview",
              "2019-06-01",
              "2019-04-01",
              "2018-11-01",
              "2018-07-01",
              "2018-03-01-preview",
              "2018-02-01",
              "2017-10-01",
              "2017-06-01",
              "2016-12-01",
              "2016-05-01"
            ],
            "defaultApiVersion": "2019-06-01",
            "apiProfiles": [
              {
                "profileVersion": "2019-03-01-hybrid",
                "apiVersion": "2017-10-01"
              }
            ],
            "capabilities": "None"
          },
          {
            "resourceType": "storageAccounts/fileServices",
            "locations": [
              "East US",
              "East US 2",
              "West US",
              "West Europe",
              "East Asia",
              "Southeast Asia",
              "Japan East",
              "Japan West",
              "North Central US",
              "South Central US",
              "Central US",
              "North Europe",
              "Brazil South",
              "Australia East",
              "Australia Southeast",
              "South India",
              "Central India",
              "West India",
              "Canada East",
              "Canada Central",
              "West US 2",
              "West Central US",
              "UK South",
              "UK West",
              "Korea Central",
              "Korea South",
              "France Central",
              "Australia Central",
              "South Africa North",
              "UAE North",
              "Switzerland North",
              "Germany West Central",
              "Norway East",
              "West US 3",
              "Jio India West",
              "Sweden Central",
              "Qatar Central",
              "Poland Central",
              "East US 2 EUAP",
              "Central US EUAP",
              "UAE Central",
              "Norway West"
            ],
            "apiVersions": [
              "2023-01-01",
              "2022-09-01",
              "2022-05-01",
              "2021-09-01",
              "2021-08-01",
              "2021-06-01",
              "2021-05-01",
              "2021-04-01",
              "2021-02-01",
              "2021-01-01",
              "2020-08-01-preview",
              "2019-06-01",
              "2019-04-01",
              "2018-11-01",
              "2018-07-01",
              "2018-03-01-preview",
              "2018-02-01",
              "2017-10-01",
              "2017-06-01",
              "2016-12-01",
              "2016-05-01"
            ],
            "defaultApiVersion": "2019-06-01",
            "capabilities": "None"
          },
          {
            "resourceType": "locations",
            "locations": [],
            "apiVersions": [
              "2023-01-01",
              "2022-09-01",
              "2022-05-01",
              "2021-09-01",
              "2021-08-01",
              "2021-06-01",
              "2021-05-01",
              "2021-04-01",
              "2021-02-01",
              "2021-01-01",
              "2020-08-01-preview",
              "2019-06-01",
              "2019-04-01",
              "2018-11-01",
              "2018-07-01",
              "2018-03-01-preview",
              "2018-02-01",
              "2017-10-01",
              "2017-06-01",
              "2016-12-01",
              "2016-07-01",
              "2016-01-01"
            ],
            "defaultApiVersion": "2019-06-01",
            "apiProfiles": [
              {
                "profileVersion": "2019-03-01-hybrid",
                "apiVersion": "2017-10-01"
              },
              {
                "profileVersion": "2017-03-09-profile",
                "apiVersion": "2016-01-01"
              },
              {
                "profileVersion": "2018-03-01-hybrid",
                "apiVersion": "2016-01-01"
              }
            ],
            "capabilities": "None"
          },
          {
            "resourceType": "locations/usages",
            "locations": [
              "East US",
              "East US 2",
              "West US",
              "West Europe",
              "East Asia",
              "Southeast Asia",
              "Japan East",
              "Japan West",
              "North Central US",
              "South Central US",
              "Central US",
              "North Europe",
              "Brazil South",
              "Australia East",
              "Australia Southeast",
              "South India",
              "Central India",
              "West India",
              "Canada East",
              "Canada Central",
              "West US 2",
              "West Central US",
              "UK South",
              "UK West",
              "Korea Central",
              "Korea South",
              "France Central",
              "Australia Central",
              "South Africa North",
              "UAE North",
              "Switzerland North",
              "Germany West Central",
              "Norway East",
              "West US 3",
              "Jio India West",
              "Sweden Central",
              "Qatar Central",
              "Poland Central",
              "East US 2 EUAP",
              "Central US EUAP",
              "UAE Central",
              "Norway West"
            ],
            "apiVersions": [
              "2023-01-01",
              "2022-09-01",
              "2022-05-01",
              "2021-09-01",
              "2021-08-01",
              "2021-06-01",
              "2021-05-01",
              "2021-04-01",
              "2021-02-01",
              "2021-01-01",
              "2020-08-01-preview",
              "2019-06-01",
              "2019-04-01",
              "2018-11-01",
              "2018-07-01",
              "2018-03-01-preview",
              "2018-02-01",
              "2017-10-01",
              "2017-06-01",
              "2016-12-01"
            ],
            "defaultApiVersion": "2019-06-01",
            "apiProfiles": [
              {
                "profileVersion": "2017-03-09-profile",
                "apiVersion": "2016-01-01"
              },
              {
                "profileVersion": "2018-03-01-hybrid",
                "apiVersion": "2016-01-01"
              }
            ],
            "capabilities": "None"
          },
          {
            "resourceType": "locations/deleteVirtualNetworkOrSubnets",
            "locations": [
              "East US",
              "East US 2",
              "West US",
              "West Europe",
              "East Asia",
              "Southeast Asia",
              "Japan East",
              "Japan West",
              "North Central US",
              "South Central US",
              "Central US",
              "North Europe",
              "Brazil South",
              "Australia East",
              "Australia Southeast",
              "South India",
              "Central India",
              "West India",
              "Canada East",
              "Canada Central",
              "West US 2",
              "West Central US",
              "UK South",
              "UK West",
              "Korea Central",
              "Korea South",
              "France Central",
              "Australia Central",
              "South Africa North",
              "UAE North",
              "Switzerland North",
              "Germany West Central",
              "Norway East",
              "West US 3",
              "Jio India West",
              "Sweden Central",
              "Qatar Central",
              "Poland Central",
              "East US 2 EUAP",
              "Central US EUAP",
              "UAE Central",
              "Norway West"
            ],
            "apiVersions": [
              "2023-01-01",
              "2022-09-01",
              "2022-05-01",
              "2021-09-01",
              "2021-08-01",
              "2021-06-01",
              "2021-05-01",
              "2021-04-01",
              "2021-02-01",
              "2021-01-01",
              "2020-08-01-preview",
              "2019-06-01",
              "2019-04-01",
              "2018-11-01",
              "2018-07-01",
              "2018-03-01-preview",
              "2018-02-01",
              "2017-10-01",
              "2017-06-01",
              "2016-12-01",
              "2016-07-01"
            ],
            "defaultApiVersion": "2019-06-01",
            "capabilities": "None"
          },
          {
            "resourceType": "usages",
            "locations": [],
            "apiVersions": [
              "2023-01-01",
              "2022-09-01",
              "2022-05-01",
              "2021-09-01",
              "2021-08-01",
              "2021-06-01",
              "2021-05-01",
              "2021-04-01",
              "2021-02-01",
              "2021-01-01",
              "2020-08-01-preview",
              "2019-06-01",
              "2019-04-01",
              "2018-11-01",
              "2018-07-01",
              "2018-03-01-preview",
              "2018-02-01",
              "2017-10-01",
              "2017-06-01",
              "2016-12-01",
              "2016-05-01",
              "2016-01-01",
              "2015-06-15",
              "2015-05-01-preview"
            ],
            "defaultApiVersion": "2019-06-01",
            "apiProfiles": [
              {
                "profileVersion": "2019-03-01-hybrid",
                "apiVersion": "2017-10-01"
              },
              {
                "profileVersion": "2017-03-09-profile",
                "apiVersion": "2016-01-01"
              },
              {
                "profileVersion": "2018-03-01-hybrid",
                "apiVersion": "2016-01-01"
              },
              {
                "profileVersion": "2018-06-01-profile",
                "apiVersion": "2017-10-01"
              }
            ],
            "capabilities": "None"
          },
          {
            "resourceType": "checkNameAvailability",
            "locations": [
              "East US",
              "East US 2",
              "West US",
              "West Europe",
              "East Asia",
              "Southeast Asia",
              "Japan East",
              "Japan West",
              "North Central US",
              "South Central US",
              "Central US",
              "North Europe",
              "Brazil South",
              "Australia East",
              "Australia Southeast",
              "South India",
              "Central India",
              "West India",
              "Canada East",
              "Canada Central",
              "West US 2",
              "West Central US",
              "UK South",
              "UK West",
              "Korea Central",
              "Korea South",
              "France Central",
              "Australia Central",
              "South Africa North",
              "UAE North",
              "Switzerland North",
              "Germany West Central",
              "West US 3",
              "Jio India West",
              "Sweden Central",
              "Qatar Central",
              "Poland Central",
              "East US 2 EUAP",
              "Central US EUAP",
              "UAE Central"
            ],
            "apiVersions": [
              "2023-01-01",
              "2022-09-01",
              "2022-05-01",
              "2021-09-01",
              "2021-08-01",
              "2021-06-01",
              "2021-05-01",
              "2021-04-01",
              "2021-02-01",
              "2021-01-01",
              "2020-08-01-preview",
              "2019-06-01",
              "2019-04-01",
              "2018-11-01",
              "2018-07-01",
              "2018-03-01-preview",
              "2018-02-01",
              "2017-10-01",
              "2017-06-01",
              "2016-12-01",
              "2016-05-01",
              "2016-01-01",
              "2015-06-15",
              "2015-05-01-preview"
            ],
            "defaultApiVersion": "2019-06-01",
            "apiProfiles": [
              {
                "profileVersion": "2019-03-01-hybrid",
                "apiVersion": "2017-10-01"
              },
              {
                "profileVersion": "2017-03-09-profile",
                "apiVersion": "2016-01-01"
              },
              {
                "profileVersion": "2018-03-01-hybrid",
                "apiVersion": "2016-01-01"
              },
              {
                "profileVersion": "2018-06-01-profile",
                "apiVersion": "2017-10-01"
              }
            ],
            "capabilities": "None"
          },
          {
            "resourceType": "locations/checkNameAvailability",
            "locations": [
              "East US",
              "East US 2",
              "West US",
              "West Europe",
              "East Asia",
              "Southeast Asia",
              "Japan East",
              "Japan West",
              "North Central US",
              "South Central US",
              "Central US",
              "North Europe",
              "Brazil South",
              "Australia East",
              "Australia Southeast",
              "South India",
              "Central India",
              "West India",
              "Canada East",
              "Canada Central",
              "West US 2",
              "West Central US",
              "UK South",
              "UK West",
              "Korea Central",
              "Korea South",
              "France Central",
              "Australia Central",
              "South Africa North",
              "UAE North",
              "Switzerland North",
              "Germany West Central",
              "Norway East",
              "West US 3",
              "Jio India West",
              "Sweden Central",
              "Qatar Central",
              "Poland Central",
              "East US 2 EUAP",
              "Central US EUAP",
              "UAE Central",
              "Norway West"
            ],
            "apiVersions": [
              "2023-01-01",
              "2022-09-01",
              "2022-05-01",
              "2021-09-01",
              "2021-08-01",
              "2021-06-01",
              "2021-05-01",
              "2021-04-01",
              "2021-02-01",
              "2021-01-01",
              "2020-08-01-preview",
              "2019-06-01",
              "2019-04-01",
              "2018-11-01",
              "2018-07-01",
              "2018-02-01",
              "2017-10-01",
              "2017-06-01",
              "2016-12-01"
            ],
            "defaultApiVersion": "2019-06-01",
            "capabilities": "None"
          },
          {
            "resourceType": "storageAccounts/services",
            "locations": [
              "East US",
              "West US",
              "East US 2 (Stage)",
              "West Europe",
              "North Europe",
              "East Asia",
              "Southeast Asia",
              "Japan East",
              "Japan West",
              "North Central US",
              "South Central US",
              "East US 2",
              "Central US",
              "Australia East",
              "Australia Southeast",
              "Brazil South",
              "South India",
              "Central India",
              "West India",
              "Canada East",
              "Canada Central",
              "West US 2",
              "West Central US",
              "UK South",
              "UK West",
              "Korea Central",
              "Korea South",
              "France Central",
              "South Africa North",
              "UAE North",
              "Switzerland North",
              "Germany West Central",
              "Norway East",
              "West US 3",
              "Jio India West",
              "Sweden Central",
              "Qatar Central",
              "Poland Central",
              "East US 2 EUAP",
              "Central US EUAP",
              "UAE Central",
              "Norway West"
            ],
            "apiVersions": [
              "2014-04-01"
            ],
            "capabilities": "None"
          },
          {
            "resourceType": "storageAccounts/services/metricDefinitions",
            "locations": [
              "East US",
              "West US",
              "East US 2 (Stage)",
              "West Europe",
              "North Europe",
              "East Asia",
              "Southeast Asia",
              "Japan East",
              "Japan West",
              "North Central US",
              "South Central US",
              "East US 2",
              "Central US",
              "Australia East",
              "Australia Southeast",
              "Brazil South",
              "South India",
              "Central India",
              "West India",
              "Canada East",
              "Canada Central",
              "West US 2",
              "West Central US",
              "UK South",
              "UK West",
              "Korea Central",
              "Korea South",
              "France Central",
              "South Africa North",
              "UAE North",
              "Switzerland North",
              "Germany West Central",
              "Norway East",
              "West US 3",
              "Jio India West",
              "Sweden Central",
              "Qatar Central",
              "Poland Central",
              "East US 2 EUAP",
              "Central US EUAP",
              "UAE Central",
              "Norway West"
            ],
            "apiVersions": [
              "2014-04-01"
            ],
            "capabilities": "None"
          },
          {
            "resourceType": "locations/notifyNetworkSecurityPerimeterUpdatesAvailable",
            "locations": [
              "East US",
              "East US 2",
              "West US",
              "West Europe",
              "East Asia",
              "Southeast Asia",
              "Japan East",
              "Japan West",
              "North Central US",
              "South Central US",
              "Central US",
              "North Europe",
              "Brazil South",
              "Australia East",
              "Australia Southeast",
              "South India",
              "Central India",
              "West India",
              "Canada East",
              "Canada Central",
              "West US 2",
              "West Central US",
              "UK South",
              "UK West",
              "Korea Central",
              "Korea South",
              "France Central",
              "Australia Central",
              "South Africa North",
              "UAE North",
              "Switzerland North",
              "Germany West Central",
              "Norway East",
              "West US 3",
              "Jio India West",
              "Sweden Central",
              "Qatar Central",
              "Poland Central",
              "East US 2 EUAP",
              "Central US EUAP",
              "UAE Central",
              "Norway West"
            ],
            "apiVersions": [
              "2023-01-01",
              "2022-09-01",
              "2022-05-01",
              "2021-09-01"
            ],
            "defaultApiVersion": "2021-09-01",
            "capabilities": "None"
          }
        ],
        "registrationState": "Registered",
        "registrationPolicy": "RegistrationRequired"
      }
    },
    {
      "RequestUri": "https://management.azure.com/subscriptions/326100e2-f69d-4268-8503-075374f62b6e/resourceGroups/testeventhubRG-4849/providers/Microsoft.Storage/storageAccounts/eventhubstorage4074?api-version=2023-01-01",
      "RequestMethod": "PUT",
      "RequestHeaders": {
        "Accept": "application/json",
        "Authorization": "Sanitized",
        "Content-Length": "105",
        "Content-Type": "application/json",
        "traceparent": "00-dcb6f970032ab502ea576d8c022acf21-08d5b9b79aba730f-00",
        "User-Agent": "azsdk-net-ResourceManager/1.4.0 (.NET 6.0.15; Microsoft Windows 10.0.19044)",
        "x-ms-client-request-id": "af97b52c851c7381e3bb87747737e835",
        "x-ms-return-client-request-id": "true"
      },
      "RequestBody": {
        "properties": {
          "accessTier": "Hot"
        },
        "kind": "StorageV2",
        "sku": {
          "name": "Standard_LRS"
        },
        "location": "eastus2"
      },
      "StatusCode": 202,
      "ResponseHeaders": {
        "Cache-Control": "no-cache",
        "Content-Length": "0",
        "Content-Type": "text/plain; charset=utf-8",
        "Date": "Tue, 04 Apr 2023 20:47:00 GMT",
        "Expires": "-1",
        "Location": "https://management.azure.com/subscriptions/326100e2-f69d-4268-8503-075374f62b6e/providers/Microsoft.Storage/locations/eastus2/asyncoperations/7b0ae235-f3d1-410f-950a-bb4e18055622?monitor=true\u0026api-version=2023-01-01",
        "Pragma": "no-cache",
        "Retry-After": "17",
        "Server": "Microsoft-Azure-Storage-Resource-Provider/1.0,Microsoft-HTTPAPI/2.0 Microsoft-HTTPAPI/2.0",
        "Strict-Transport-Security": "max-age=31536000; includeSubDomains",
        "X-Content-Type-Options": "nosniff",
        "x-ms-client-request-id": "af97b52c851c7381e3bb87747737e835",
        "x-ms-correlation-request-id": "b2ef9bf3-0879-49b7-a193-402a979ff884",
        "x-ms-ratelimit-remaining-subscription-writes": "1170",
        "x-ms-request-id": "7b0ae235-f3d1-410f-950a-bb4e18055622",
        "x-ms-routing-request-id": "SOUTHCENTRALUS:20230404T204700Z:b2ef9bf3-0879-49b7-a193-402a979ff884"
      },
      "ResponseBody": null
    },
    {
      "RequestUri": "https://management.azure.com/subscriptions/326100e2-f69d-4268-8503-075374f62b6e/providers/Microsoft.Storage/locations/eastus2/asyncoperations/7b0ae235-f3d1-410f-950a-bb4e18055622?monitor=true\u0026api-version=2023-01-01",
      "RequestMethod": "GET",
      "RequestHeaders": {
        "Authorization": "Sanitized",
        "traceparent": "00-dcb6f970032ab502ea576d8c022acf21-dfd9291e4d1dfccd-00",
        "User-Agent": "azsdk-net-ResourceManager/1.4.0 (.NET 6.0.15; Microsoft Windows 10.0.19044)",
        "x-ms-client-request-id": "59114f4db91a853f522e0d3ba3ad6796",
        "x-ms-return-client-request-id": "true"
      },
      "RequestBody": null,
      "StatusCode": 202,
      "ResponseHeaders": {
        "Cache-Control": "no-cache",
        "Content-Length": "0",
        "Content-Type": "text/plain; charset=utf-8",
        "Date": "Tue, 04 Apr 2023 20:47:00 GMT",
        "Expires": "-1",
        "Location": "https://management.azure.com/subscriptions/326100e2-f69d-4268-8503-075374f62b6e/providers/Microsoft.Storage/locations/eastus2/asyncoperations/7b0ae235-f3d1-410f-950a-bb4e18055622?monitor=true\u0026api-version=2023-01-01",
        "Pragma": "no-cache",
        "Retry-After": "17",
        "Server": "Microsoft-Azure-Storage-Resource-Provider/1.0,Microsoft-HTTPAPI/2.0 Microsoft-HTTPAPI/2.0",
        "Strict-Transport-Security": "max-age=31536000; includeSubDomains",
        "X-Content-Type-Options": "nosniff",
        "x-ms-client-request-id": "59114f4db91a853f522e0d3ba3ad6796",
        "x-ms-correlation-request-id": "7b554a25-0814-41f8-872b-e121b673d265",
        "x-ms-ratelimit-remaining-subscription-reads": "11727",
        "x-ms-request-id": "3fba9ccf-ad4c-49e4-a518-e2d26e192b22",
        "x-ms-routing-request-id": "SOUTHCENTRALUS:20230404T204700Z:7b554a25-0814-41f8-872b-e121b673d265"
      },
      "ResponseBody": null
    },
    {
      "RequestUri": "https://management.azure.com/subscriptions/326100e2-f69d-4268-8503-075374f62b6e/providers/Microsoft.Storage/locations/eastus2/asyncoperations/7b0ae235-f3d1-410f-950a-bb4e18055622?monitor=true\u0026api-version=2023-01-01",
      "RequestMethod": "GET",
      "RequestHeaders": {
        "Authorization": "Sanitized",
        "traceparent": "00-dcb6f970032ab502ea576d8c022acf21-1ee682131a411cbd-00",
        "User-Agent": "azsdk-net-ResourceManager/1.4.0 (.NET 6.0.15; Microsoft Windows 10.0.19044)",
        "x-ms-client-request-id": "e0447ebc0290fdf0b457769015709d76",
        "x-ms-return-client-request-id": "true"
      },
      "RequestBody": null,
      "StatusCode": 202,
      "ResponseHeaders": {
        "Cache-Control": "no-cache",
        "Content-Length": "0",
        "Content-Type": "text/plain; charset=utf-8",
        "Date": "Tue, 04 Apr 2023 20:47:17 GMT",
        "Expires": "-1",
        "Location": "https://management.azure.com/subscriptions/326100e2-f69d-4268-8503-075374f62b6e/providers/Microsoft.Storage/locations/eastus2/asyncoperations/7b0ae235-f3d1-410f-950a-bb4e18055622?monitor=true\u0026api-version=2023-01-01",
        "Pragma": "no-cache",
        "Retry-After": "3",
        "Server": "Microsoft-Azure-Storage-Resource-Provider/1.0,Microsoft-HTTPAPI/2.0 Microsoft-HTTPAPI/2.0",
        "Strict-Transport-Security": "max-age=31536000; includeSubDomains",
        "X-Content-Type-Options": "nosniff",
        "x-ms-client-request-id": "e0447ebc0290fdf0b457769015709d76",
        "x-ms-correlation-request-id": "066a1a96-17c5-4f9c-a014-44124e3694e1",
        "x-ms-ratelimit-remaining-subscription-reads": "11726",
        "x-ms-request-id": "f34971ab-d650-45d6-b3a9-7170d427f687",
        "x-ms-routing-request-id": "SOUTHCENTRALUS:20230404T204717Z:066a1a96-17c5-4f9c-a014-44124e3694e1"
      },
      "ResponseBody": null
    },
    {
      "RequestUri": "https://management.azure.com/subscriptions/326100e2-f69d-4268-8503-075374f62b6e/providers/Microsoft.Storage/locations/eastus2/asyncoperations/7b0ae235-f3d1-410f-950a-bb4e18055622?monitor=true\u0026api-version=2023-01-01",
      "RequestMethod": "GET",
      "RequestHeaders": {
        "Authorization": "Sanitized",
        "traceparent": "00-dcb6f970032ab502ea576d8c022acf21-019b618b8ea480f7-00",
        "User-Agent": "azsdk-net-ResourceManager/1.4.0 (.NET 6.0.15; Microsoft Windows 10.0.19044)",
        "x-ms-client-request-id": "27274cfb8f26971ae5dbef9f21c59c8c",
        "x-ms-return-client-request-id": "true"
      },
      "RequestBody": null,
      "StatusCode": 200,
      "ResponseHeaders": {
        "Cache-Control": "no-cache",
        "Content-Length": "1466",
        "Content-Type": "application/json",
        "Date": "Tue, 04 Apr 2023 20:47:20 GMT",
        "Expires": "-1",
        "Pragma": "no-cache",
        "Server": "Microsoft-Azure-Storage-Resource-Provider/1.0,Microsoft-HTTPAPI/2.0 Microsoft-HTTPAPI/2.0",
        "Strict-Transport-Security": "max-age=31536000; includeSubDomains",
        "X-Content-Type-Options": "nosniff",
        "x-ms-client-request-id": "27274cfb8f26971ae5dbef9f21c59c8c",
        "x-ms-correlation-request-id": "c6dedf0b-3ce3-4a42-bbcd-457054a94dee",
        "x-ms-ratelimit-remaining-subscription-reads": "11725",
        "x-ms-request-id": "e57be724-e72a-4023-8611-8b247f8ab1c1",
        "x-ms-routing-request-id": "SOUTHCENTRALUS:20230404T204720Z:c6dedf0b-3ce3-4a42-bbcd-457054a94dee"
      },
      "ResponseBody": {
        "sku": {
          "name": "Standard_LRS",
          "tier": "Standard"
        },
        "kind": "StorageV2",
        "id": "/subscriptions/326100e2-f69d-4268-8503-075374f62b6e/resourceGroups/testeventhubRG-4849/providers/Microsoft.Storage/storageAccounts/eventhubstorage4074",
        "name": "eventhubstorage4074",
        "type": "Microsoft.Storage/storageAccounts",
        "location": "eastus2",
        "tags": {},
        "properties": {
          "keyCreationTime": {
            "key1": "2023-04-04T20:46:58.7419885Z",
            "key2": "2023-04-04T20:46:58.7419885Z"
          },
          "privateEndpointConnections": [],
          "minimumTlsVersion": "TLS1_0",
          "allowBlobPublicAccess": true,
          "networkAcls": {
            "bypass": "AzureServices",
            "virtualNetworkRules": [],
            "ipRules": [],
            "defaultAction": "Allow",
            "ipv6Rules": []
          },
          "supportsHttpsTrafficOnly": true,
          "encryption": {
            "services": {
              "file": {
                "keyType": "Account",
                "enabled": true,
                "lastEnabledTime": "2023-04-04T20:46:58.9295169Z"
              },
              "blob": {
                "keyType": "Account",
                "enabled": true,
                "lastEnabledTime": "2023-04-04T20:46:58.9295169Z"
              }
            },
            "keySource": "Microsoft.Storage"
          },
          "accessTier": "Hot",
          "provisioningState": "Succeeded",
          "creationTime": "2023-04-04T20:46:58.6170094Z",
          "primaryEndpoints": {
            "dfs": "https://eventhubstorage4074.dfs.core.windows.net/",
            "web": "https://eventhubstorage4074.z20.web.core.windows.net/",
            "blob": "https://eventhubstorage4074.blob.core.windows.net/",
            "queue": "https://eventhubstorage4074.queue.core.windows.net/",
            "table": "https://eventhubstorage4074.table.core.windows.net/",
            "file": "https://eventhubstorage4074.file.core.windows.net/"
          },
          "primaryLocation": "eastus2",
          "statusOfPrimary": "available"
        }
      }
    },
    {
      "RequestUri": "https://management.azure.com/subscriptions/326100e2-f69d-4268-8503-075374f62b6e/resourceGroups/testeventhubRG-4849/providers/Microsoft.EventHub/namespaces/testnamespacemgmt7520/eventhubs/eventhub5918?api-version=2022-10-01-preview",
      "RequestMethod": "PUT",
      "RequestHeaders": {
        "Accept": "application/json",
        "Authorization": "Sanitized",
        "Content-Length": "545",
        "Content-Type": "application/json",
        "traceparent": "00-2a5ded6aaebee1686d6d2b35934ee0af-599d59d0f71bebdc-00",
        "User-Agent": "azsdk-net-ResourceManager.EventHubs/1.1.0-alpha.20230404.1 (.NET 6.0.15; Microsoft Windows 10.0.19044)",
        "x-ms-client-request-id": "285654d9a9df5f4b13a5c342ae6fe191",
        "x-ms-return-client-request-id": "true"
      },
      "RequestBody": {
        "properties": {
          "partitionCount": 4,
          "status": "Active",
          "captureDescription": {
            "enabled": true,
            "encoding": "Avro",
            "intervalInSeconds": 120,
            "sizeLimitInBytes": 10485763,
            "destination": {
              "name": "EventHubArchive.AzureBlockBlob",
              "properties": {
                "storageAccountResourceId": "/subscriptions/326100e2-f69d-4268-8503-075374f62b6e/resourceGroups/testeventhubRG-4849/providers/Microsoft.Storage/storageAccounts/eventhubstorage4074",
                "blobContainer": "container",
                "archiveNameFormat": "{Namespace}/{EventHub}/{PartitionId}/{Year}/{Month}/{Day}/{Hour}/{Minute}/{Second}"
              }
            }
          }
        }
      },
      "StatusCode": 200,
      "ResponseHeaders": {
        "Cache-Control": "no-cache",
        "Content-Length": "1030",
        "Content-Type": "application/json; charset=utf-8",
        "Date": "Tue, 04 Apr 2023 20:47:28 GMT",
        "Expires": "-1",
        "Pragma": "no-cache",
        "Server": "Microsoft-HTTPAPI/2.0",
        "Strict-Transport-Security": "max-age=31536000; includeSubDomains",
        "X-Content-Type-Options": "nosniff",
        "x-ms-correlation-request-id": "17248d20-0435-4c90-92a9-4a355594cf8d",
        "x-ms-ratelimit-remaining-subscription-writes": "1169",
        "x-ms-request-id": "17248d20-0435-4c90-92a9-4a355594cf8d",
        "x-ms-routing-request-id": "SOUTHCENTRALUS:20230404T204728Z:17248d20-0435-4c90-92a9-4a355594cf8d"
      },
      "ResponseBody": {
        "id": "/subscriptions/326100e2-f69d-4268-8503-075374f62b6e/resourceGroups/testeventhubRG-4849/providers/Microsoft.EventHub/namespaces/testnamespacemgmt7520/eventhubs/eventhub5918",
        "name": "eventhub5918",
        "type": "Microsoft.EventHub/namespaces/eventhubs",
        "location": "eastus2",
        "properties": {
          "retentionDescription": {
            "cleanupPolicy": "Delete",
            "retentionTimeInHours": 168
          },
          "messageRetentionInDays": 7,
          "partitionCount": 4,
          "status": "Active",
          "createdAt": "2023-04-04T20:47:24.32Z",
          "updatedAt": "2023-04-04T20:47:27.827Z",
          "partitionIds": [
            "0",
            "1",
            "2",
            "3"
          ],
          "captureDescription": {
            "enabled": true,
            "encoding": "Avro",
            "destination": {
              "name": "EventHubArchive.AzureBlockBlob",
              "properties": {
                "storageAccountResourceId": "/subscriptions/326100e2-f69d-4268-8503-075374f62b6e/resourceGroups/testeventhubRG-4849/providers/Microsoft.Storage/storageAccounts/eventhubstorage4074",
                "blobContainer": "container",
                "archiveNameFormat": "{Namespace}/{EventHub}/{PartitionId}/{Year}/{Month}/{Day}/{Hour}/{Minute}/{Second}"
              }
            },
            "intervalInSeconds": 120,
            "sizeLimitInBytes": 10485763
          }
        }
      }
    },
    {
      "RequestUri": "https://management.azure.com/subscriptions/326100e2-f69d-4268-8503-075374f62b6e/resourceGroups/testeventhubRG-4849/providers/Microsoft.EventHub/namespaces/testnamespacemgmt7520/eventhubs/eventhub5108?api-version=2022-10-01-preview",
      "RequestMethod": "PUT",
      "RequestHeaders": {
        "Accept": "application/json",
        "Authorization": "Sanitized",
        "Content-Length": "128",
        "Content-Type": "application/json",
        "traceparent": "00-9530f23f0b4c6b9850f2684a3b3b7165-2ca2ac5e2d4b0a51-00",
        "User-Agent": "azsdk-net-ResourceManager.EventHubs/1.1.0-alpha.20230404.1 (.NET 6.0.15; Microsoft Windows 10.0.19044)",
        "x-ms-client-request-id": "4085573f2d70ac63fbb51250dceebbea",
        "x-ms-return-client-request-id": "true"
      },
      "RequestBody": {
        "properties": {
          "partitionCount": 2,
          "status": "Active",
          "retentionDescription": {
            "cleanupPolicy": "Delete",
            "retentionTimeInHours": 2
          }
        }
      },
      "StatusCode": 200,
      "ResponseHeaders": {
        "Cache-Control": "no-cache",
        "Content-Length": "528",
        "Content-Type": "application/json; charset=utf-8",
        "Date": "Tue, 04 Apr 2023 20:47:32 GMT",
        "Expires": "-1",
        "Pragma": "no-cache",
        "Server": "Microsoft-HTTPAPI/2.0",
        "Strict-Transport-Security": "max-age=31536000; includeSubDomains",
        "X-Content-Type-Options": "nosniff",
        "x-ms-correlation-request-id": "11760807-06ab-4857-8bff-ffa27d800fc4",
        "x-ms-ratelimit-remaining-subscription-writes": "1168",
        "x-ms-request-id": "11760807-06ab-4857-8bff-ffa27d800fc4",
        "x-ms-routing-request-id": "SOUTHCENTRALUS:20230404T204733Z:11760807-06ab-4857-8bff-ffa27d800fc4"
      },
      "ResponseBody": {
        "id": "/subscriptions/326100e2-f69d-4268-8503-075374f62b6e/resourceGroups/testeventhubRG-4849/providers/Microsoft.EventHub/namespaces/testnamespacemgmt7520/eventhubs/eventhub5108",
        "name": "eventhub5108",
        "type": "Microsoft.EventHub/namespaces/eventhubs",
        "location": "eastus2",
        "properties": {
          "retentionDescription": {
            "cleanupPolicy": "Delete",
            "retentionTimeInHours": 2
          },
          "messageRetentionInDays": 1,
          "partitionCount": 2,
          "status": "Active",
          "createdAt": "2023-04-04T20:47:31.227Z",
          "updatedAt": "2023-04-04T20:47:32.14Z",
          "partitionIds": [
            "0",
            "1"
          ]
        }
      }
    },
    {
      "RequestUri": "https://management.azure.com/subscriptions/326100e2-f69d-4268-8503-075374f62b6e/resourceGroups/testeventhubRG-4849/providers/Microsoft.EventHub/namespaces/testnamespacemgmt7520/eventhubs/eventhub2563?api-version=2022-10-01-preview",
      "RequestMethod": "PUT",
      "RequestHeaders": {
        "Accept": "application/json",
        "Authorization": "Sanitized",
        "Content-Length": "163",
        "Content-Type": "application/json",
        "traceparent": "00-e8a7e9b7c44df3fa8fbbf03099e4a1f4-a9c7eb48372405ca-00",
        "User-Agent": "azsdk-net-ResourceManager.EventHubs/1.1.0-alpha.20230404.1 (.NET 6.0.15; Microsoft Windows 10.0.19044)",
        "x-ms-client-request-id": "4e471c3ca31cc8dc12ea5755366c0d0e",
        "x-ms-return-client-request-id": "true"
      },
      "RequestBody": {
        "properties": {
          "partitionCount": 2,
          "status": "Active",
          "retentionDescription": {
            "cleanupPolicy": "Compact",
            "retentionTimeInHours": 2,
            "tombstoneRetentionTimeInHours": 4
          }
        }
      },
      "StatusCode": 200,
      "ResponseHeaders": {
        "Cache-Control": "no-cache",
        "Content-Length": "582",
        "Content-Type": "application/json; charset=utf-8",
        "Date": "Tue, 04 Apr 2023 20:47:37 GMT",
        "Expires": "-1",
        "Pragma": "no-cache",
        "Server": "Microsoft-HTTPAPI/2.0",
        "Strict-Transport-Security": "max-age=31536000; includeSubDomains",
        "X-Content-Type-Options": "nosniff",
        "x-ms-correlation-request-id": "ecf8146c-ab4b-420c-8631-0ef953065375",
        "x-ms-ratelimit-remaining-subscription-writes": "1167",
        "x-ms-request-id": "ecf8146c-ab4b-420c-8631-0ef953065375",
        "x-ms-routing-request-id": "SOUTHCENTRALUS:20230404T204737Z:ecf8146c-ab4b-420c-8631-0ef953065375"
      },
      "ResponseBody": {
        "id": "/subscriptions/326100e2-f69d-4268-8503-075374f62b6e/resourceGroups/testeventhubRG-4849/providers/Microsoft.EventHub/namespaces/testnamespacemgmt7520/eventhubs/eventhub2563",
        "name": "eventhub2563",
        "type": "Microsoft.EventHub/namespaces/eventhubs",
        "location": "eastus2",
        "properties": {
          "retentionDescription": {
            "cleanupPolicy": "Compact",
            "retentionTimeInHours": 2,
            "tombstoneRetentionTimeInHours": 4
          },
          "messageRetentionInDays": 9223372036854775807,
          "partitionCount": 2,
          "status": "Active",
          "createdAt": "2023-04-04T20:47:35.413Z",
          "updatedAt": "2023-04-04T20:47:36.583Z",
          "partitionIds": [
            "0",
            "1"
          ]
        }
      }
    },
    {
      "RequestUri": "https://management.azure.com/subscriptions/326100e2-f69d-4268-8503-075374f62b6e/resourceGroups/testeventhubRG-4849/providers/Microsoft.EventHub/namespaces/testnamespacemgmt7520/eventhubs/eventhub5108?api-version=2022-10-01-preview",
      "RequestMethod": "DELETE",
      "RequestHeaders": {
        "Accept": "application/json",
        "Authorization": "Sanitized",
        "traceparent": "00-c5600b12de1714ff7b30c1264c740e9c-bb809a0f22ab56f6-00",
        "User-Agent": "azsdk-net-ResourceManager.EventHubs/1.1.0-alpha.20230404.1 (.NET 6.0.15; Microsoft Windows 10.0.19044)",
        "x-ms-client-request-id": "0645858b68e3f2277be4f4380e37b607",
        "x-ms-return-client-request-id": "true"
      },
      "RequestBody": null,
      "StatusCode": 200,
      "ResponseHeaders": {
        "Cache-Control": "no-cache",
        "Content-Length": "0",
        "Date": "Tue, 04 Apr 2023 20:47:42 GMT",
        "Expires": "-1",
        "Pragma": "no-cache",
        "Server": "Microsoft-HTTPAPI/2.0",
        "Strict-Transport-Security": "max-age=31536000; includeSubDomains",
        "X-Content-Type-Options": "nosniff",
        "x-ms-correlation-request-id": "45ac958c-e97a-49f8-a0e4-c08f1cce5cd9",
        "x-ms-ratelimit-remaining-subscription-deletes": "14987",
        "x-ms-request-id": "45ac958c-e97a-49f8-a0e4-c08f1cce5cd9",
        "x-ms-routing-request-id": "SOUTHCENTRALUS:20230404T204742Z:45ac958c-e97a-49f8-a0e4-c08f1cce5cd9"
      },
      "ResponseBody": null
    },
    {
      "RequestUri": "https://management.azure.com/subscriptions/326100e2-f69d-4268-8503-075374f62b6e/resourceGroups/testeventhubRG-4849/providers/Microsoft.EventHub/namespaces/testnamespacemgmt7520/eventhubs/eventhub5918?api-version=2022-10-01-preview",
      "RequestMethod": "DELETE",
      "RequestHeaders": {
        "Accept": "application/json",
        "Authorization": "Sanitized",
        "traceparent": "00-b6f820f412c4ac2dace3de7ebbc9f83f-cd252a02e42dffdd-00",
        "User-Agent": "azsdk-net-ResourceManager.EventHubs/1.1.0-alpha.20230404.1 (.NET 6.0.15; Microsoft Windows 10.0.19044)",
        "x-ms-client-request-id": "c53241584749b423a9775d430c57c448",
        "x-ms-return-client-request-id": "true"
      },
      "RequestBody": null,
      "StatusCode": 200,
      "ResponseHeaders": {
        "Cache-Control": "no-cache",
        "Content-Length": "0",
        "Date": "Tue, 04 Apr 2023 20:47:49 GMT",
        "Expires": "-1",
        "Pragma": "no-cache",
        "Server": "Microsoft-HTTPAPI/2.0",
        "Strict-Transport-Security": "max-age=31536000; includeSubDomains",
        "X-Content-Type-Options": "nosniff",
        "x-ms-correlation-request-id": "621f8be4-a6ff-442d-9ba6-a13945e047b3",
        "x-ms-ratelimit-remaining-subscription-deletes": "14986",
        "x-ms-request-id": "621f8be4-a6ff-442d-9ba6-a13945e047b3",
        "x-ms-routing-request-id": "SOUTHCENTRALUS:20230404T204750Z:621f8be4-a6ff-442d-9ba6-a13945e047b3"
      },
      "ResponseBody": null
    },
    {
      "RequestUri": "https://management.azure.com/subscriptions/326100e2-f69d-4268-8503-075374f62b6e/resourceGroups/testeventhubRG-4849/providers/Microsoft.EventHub/namespaces/testnamespacemgmt7520/eventhubs/eventhub2563?api-version=2022-10-01-preview",
      "RequestMethod": "DELETE",
      "RequestHeaders": {
        "Accept": "application/json",
        "Authorization": "Sanitized",
        "traceparent": "00-cb8cb40513f2ae23cda301e80344be39-9395b2c4d2f9ff22-00",
        "User-Agent": "azsdk-net-ResourceManager.EventHubs/1.1.0-alpha.20230404.1 (.NET 6.0.15; Microsoft Windows 10.0.19044)",
        "x-ms-client-request-id": "68514105e376d389f554d238aea4b9db",
        "x-ms-return-client-request-id": "true"
      },
      "RequestBody": null,
      "StatusCode": 200,
      "ResponseHeaders": {
        "Cache-Control": "no-cache",
        "Content-Length": "0",
        "Date": "Tue, 04 Apr 2023 20:47:52 GMT",
        "Expires": "-1",
        "Pragma": "no-cache",
        "Server": "Microsoft-HTTPAPI/2.0",
        "Strict-Transport-Security": "max-age=31536000; includeSubDomains",
        "X-Content-Type-Options": "nosniff",
        "x-ms-correlation-request-id": "50a4fe39-bd5b-4f87-a415-474e01ae55f0",
        "x-ms-ratelimit-remaining-subscription-deletes": "14985",
        "x-ms-request-id": "50a4fe39-bd5b-4f87-a415-474e01ae55f0",
        "x-ms-routing-request-id": "SOUTHCENTRALUS:20230404T204753Z:50a4fe39-bd5b-4f87-a415-474e01ae55f0"
      },
      "ResponseBody": null
    },
    {
      "RequestUri": "https://management.azure.com/subscriptions/326100e2-f69d-4268-8503-075374f62b6e/resourceGroups/testeventhubRG-4849/providers/Microsoft.Storage/storageAccounts/eventhubstorage4074?api-version=2023-01-01",
      "RequestMethod": "DELETE",
      "RequestHeaders": {
        "Accept": "application/json",
        "Authorization": "Sanitized",
        "traceparent": "00-6472182c828263cb92d7963e7d73e403-0f5f6dbf3959ed9f-00",
        "User-Agent": "azsdk-net-ResourceManager/1.4.0 (.NET 6.0.15; Microsoft Windows 10.0.19044)",
        "x-ms-client-request-id": "f5fc5033483943c462915d6b0be4e624",
        "x-ms-return-client-request-id": "true"
      },
      "RequestBody": null,
      "StatusCode": 200,
      "ResponseHeaders": {
        "Cache-Control": "no-cache",
        "Content-Length": "0",
        "Content-Type": "text/plain; charset=utf-8",
        "Date": "Tue, 04 Apr 2023 20:47:56 GMT",
        "Expires": "-1",
        "Pragma": "no-cache",
        "Server": "Microsoft-Azure-Storage-Resource-Provider/1.0,Microsoft-HTTPAPI/2.0 Microsoft-HTTPAPI/2.0",
        "Strict-Transport-Security": "max-age=31536000; includeSubDomains",
        "X-Content-Type-Options": "nosniff",
        "x-ms-client-request-id": "f5fc5033483943c462915d6b0be4e624",
        "x-ms-correlation-request-id": "b111874e-640b-4e75-8ccf-9cce881f0c95",
        "x-ms-ratelimit-remaining-subscription-deletes": "14984",
        "x-ms-request-id": "ef8e6781-108e-48f3-8798-8a5829d9b0f0",
        "x-ms-routing-request-id": "SOUTHCENTRALUS:20230404T204757Z:b111874e-640b-4e75-8ccf-9cce881f0c95"
      },
      "ResponseBody": null
    }
  ],
  "Variables": {
    "AZURE_AUTHORITY_HOST": "https://login.microsoftonline.com",
    "RandomSeed": "1855873778",
    "RESOURCE_MANAGER_URL": null,
    "SUBSCRIPTION_ID": "326100e2-f69d-4268-8503-075374f62b6e"
  }
}
